D/dalvikvm( 1326): GC_CONCURRENT freed 475K, 78% free 1310K/5955K, paused 1ms+1ms
D/dalvikvm( 1326): GC_CONCURRENT freed 390K, 78% free 1342K/5955K, paused 1ms+1ms
D/dalvikvm( 1326): GC_CONCURRENT freed 428K, 79% free 1309K/5955K, paused 1ms+1ms
D/dalvikvm( 1326): GC_CONCURRENT freed 398K, 79% free 1306K/5955K, paused 1ms+1ms
D/dalvikvm( 1326): GC_CONCURRENT freed 394K, 76% free 1455K/5955K, paused 1ms+1ms
D/dalvikvm( 1326): GC_CONCURRENT freed 528K, 78% free 1321K/5955K, paused 1ms+1ms
D/PushMsgCenter( 1634): mDownUpRun run while (true)
D/PushMsgCenter( 1634): down  
D/PushMsgCenter( 1634): down conn.getResponseCode() status = 404
D/CheckNetWork( 1665): isOk true
D/CheckNetWork( 1665): ActInfoNetworkInfo: type: ETH[], state: CONNECTED/CONNECTED, reason: (unspecified), extra: (none), roaming: false, failover: false, isAvailable: true
D/CheckNetWork( 1665): infoNetworkInfo: type: ETH[], state: CONNECTED/CONNECTED, reason: (unspecified), extra: (none), roaming: false, failover: false, isAvailable: true
D/dalvikvm( 1326): GC_CONCURRENT freed 412K, 79% free 1304K/5955K, paused 0ms+1ms
D/dalvikvm( 1326): GC_CONCURRENT freed 377K, 78% free 1319K/5955K, paused 0ms+1ms
D/dalvikvm( 1326): GC_CONCURRENT freed 396K, 78% free 1318K/5955K, paused 1ms+1ms
D/dalvikvm( 1326): GC_CONCURRENT freed 394K, 77% free 1425K/5955K, paused 1ms+1ms
D/dalvikvm( 1326): GC_CONCURRENT freed 501K, 77% free 1380K/5955K, paused 1ms+1ms
D/dalvikvm( 1326): GC_CONCURRENT freed 457K, 79% free 1309K/5955K, paused 1ms+1ms
D/dalvikvm( 1326): GC_CONCURRENT freed 395K, 79% free 1306K/5955K, paused 0ms+1ms
D/dalvikvm( 1326): GC_CONCURRENT freed 394K, 78% free 1315K/5955K, paused 1ms+1ms
D/dalvikvm( 1326): GC_CONCURRENT freed 393K, 79% free 1307K/5955K, paused 1ms+1ms
D/dalvikvm( 1326): GC_CONCURRENT freed 391K, 79% free 1306K/5955K, paused 0ms+2ms
D/dalvikvm( 1326): GC_CONCURRENT freed 392K, 77% free 1420K/5955K, paused 1ms+1ms
D/dalvikvm( 1326): GC_CONCURRENT freed 496K, 77% free 1420K/5955K, paused 1ms+1ms
D/dalvikvm( 1326): GC_CONCURRENT freed 491K, 77% free 1426K/5955K, paused 0ms+1ms
D/dalvikvm( 1326): GC_CONCURRENT freed 502K, 78% free 1317K/5955K, paused 1ms+1ms
D/dalvikvm( 1326): GC_CONCURRENT freed 406K, 79% free 1296K/5955K, paused 0ms+1ms
D/dalvikvm( 1326): GC_CONCURRENT freed 387K, 79% free 1305K/5955K, paused 1ms+1ms
D/HomePlayerLib( 1326): hostaddress count is 2
D/dalvikvm( 1326): GC_CONCURRENT freed 389K, 79% free 1304K/5955K, paused 1ms+1ms
D/dalvikvm( 1326): GC_CONCURRENT freed 382K, 78% free 1329K/5955K, paused 1ms+1ms
D/dalvikvm( 1326): GC_CONCURRENT freed 393K, 77% free 1376K/5955K, paused 1ms+2ms
D/dalvikvm( 1326): GC_CONCURRENT freed 449K, 78% free 1319K/5955K, paused 0ms+1ms
D/dalvikvm( 1326): GC_CONCURRENT freed 409K, 76% free 1485K/5955K, paused 1ms+1ms
D/dalvikvm( 1326): GC_CONCURRENT freed 545K, 77% free 1399K/5955K, paused 0ms+1ms
D/dalvikvm( 1326): GC_CONCURRENT freed 464K, 78% free 1323K/5955K, paused 1ms+1ms
D/dalvikvm( 1326): GC_CONCURRENT freed 401K, 78% free 1321K/5955K, paused 1ms+1ms
D/dalvikvm( 1326): GC_CONCURRENT freed 408K, 79% free 1300K/5955K, paused 1ms+1ms
D/dalvikvm( 1326): GC_CONCURRENT freed 374K, 76% free 1438K/5955K, paused 1ms+1ms
D/dalvikvm( 1326): GC_CONCURRENT freed 520K, 77% free 1384K/5955K, paused 1ms+1ms
D/dalvikvm( 1326): GC_CONCURRENT freed 459K, 76% free 1453K/5955K, paused 1ms+1ms
D/dalvikvm( 1326): GC_CONCURRENT freed 521K, 76% free 1444K/5955K, paused 1ms+1ms
D/dalvikvm( 1326): GC_CONCURRENT freed 545K, 77% free 1406K/5955K, paused 0ms+1ms
D/dalvikvm( 1326): GC_CONCURRENT freed 491K, 78% free 1322K/5955K, paused 1ms+1ms
D/dalvikvm( 1326): GC_CONCURRENT freed 391K, 76% free 1430K/5955K, paused 0ms+1ms
D/dalvikvm( 1326): GC_CONCURRENT freed 512K, 79% free 1308K/5955K, paused 1ms+1ms
D/dalvikvm( 1326): GC_CONCURRENT freed 347K, 76% free 1472K/5955K, paused 0ms+1ms
D/dalvikvm( 1326): GC_CONCURRENT freed 546K, 77% free 1407K/5955K, paused 1ms+1ms
D/dalvikvm( 1326): GC_CONCURRENT freed 488K, 78% free 1327K/5955K, paused 1ms+1ms
D/dalvikvm( 1326): GC_CONCURRENT freed 406K, 79% free 1307K/5955K, paused 0ms+1ms
D/dalvikvm( 1326): GC_CONCURRENT freed 395K, 79% free 1306K/5955K, paused 1ms+1ms
D/dalvikvm( 1326): GC_CONCURRENT freed 394K, 77% free 1414K/5955K, paused 1ms+1ms
D/dalvikvm( 1326): GC_CONCURRENT freed 487K, 78% free 1320K/5955K, paused 1ms+1ms
D/dalvikvm( 1326): GC_CONCURRENT freed 394K, 78% free 1320K/5955K, paused 1ms+0ms
D/dalvikvm( 1326): GC_CONCURRENT freed 393K, 78% free 1320K/5955K, paused 0ms+1ms
D/dalvikvm( 1326): GC_CONCURRENT freed 401K, 79% free 1308K/5955K, paused 1ms+1ms
D/dalvikvm( 1326): GC_CONCURRENT freed 396K, 79% free 1306K/5955K, paused 1ms+1ms
D/dalvikvm( 1326): GC_CONCURRENT freed 394K, 79% free 1306K/5955K, paused 1ms+1ms
D/dalvikvm( 1326): GC_CONCURRENT freed 394K, 79% free 1306K/5955K, paused 0ms+1ms
D/dalvikvm( 1326): GC_CONCURRENT freed 394K, 79% free 1307K/5955K, paused 1ms+0ms
D/ImplicitAppManagerTimerTask( 1939):  ------:: ImplicitAppManagerTimerTask execute...1366782536350
D/ImplicitAppManagerTimerTask( 1939):  ------:: retObj = {"resultObject":{"pageSize":10,"resultList":[{"packageName":"com.coship.cibn","executeAction":2,"versionCode":21,"downloadUrl":"http:\/\/app.longvisionmedia.com:80\/upload\/signedapp\/328d3ec8-997d-49b9-a3b4-62750378f081.apk"},{"packageName":"com.aidufei.movieonline","executeAction":2,"versionCode":35,"downloadUrl":"http:\/\/app.longvisionmedia.com:80\/upload\/signedapp\/137aa728-47c2-4fe9-918b-cad6c79e4d28.apk"}],"hasNextPage":false,"currentPage":1,"totalPage":0,"totalCount":2,"hasPrePage":false},"respseStatus":"0","respseDesc":"Success"}
D/ImplicitAppManagerTimerTask( 1939):  ------:: downUpgradeClient  downloadUrl= http://app.longvisionmedia.com:80/upload/signedapp/328d3ec8-997d-49b9-a3b4-62750378f081.apk
D/ImplicitAppManagerTimerTask( 1939):  ------:: Server:Apache-Coyote/1.1
D/ImplicitAppManagerTimerTask( 1939):  ------:: Accept-Ranges:bytes
D/ImplicitAppManagerTimerTask( 1939):  ------:: ETag:W/"7412818-1366722432000"
D/ImplicitAppManagerTimerTask( 1939):  ------:: Last-Modified:Tue, 23 Apr 2013 13:07:12 GMT
D/ImplicitAppManagerTimerTask( 1939):  ------:: Content-Type:application/vnd.android.package-archive
D/ImplicitAppManagerTimerTask( 1939):  ------:: Content-Length:7412818
D/ImplicitAppManagerTimerTask( 1939):  ------:: mTotalSize:7412818
D/ImplicitAppManagerTimerTask( 1939):  ------:: storage ret:true
D/HomePlayerLib( 1326): hostaddress count is 2
D/dalvikvm( 1326): GC_CONCURRENT freed 389K, 77% free 1419K/5955K, paused 2ms+1ms
D/dalvikvm( 1326): GC_CONCURRENT freed 502K, 77% free 1399K/5955K, paused 0ms+1ms
D/dalvikvm( 1326): GC_CONCURRENT freed 485K, 77% free 1421K/5955K, paused 1ms+1ms
D/ImplicitAppManagerTimerTask( 1939):  ------:: download length: 5528
D/dalvikvm( 1326): GC_CONCURRENT freed 507K, 77% free 1425K/5955K, paused 0ms+1ms
D/ImplicitAppManagerTimerTask( 1939):  ------:: download length: 75656
D/dalvikvm( 1326): GC_CONCURRENT freed 490K, 76% free 1439K/5955K, paused 1ms+1ms
D/dalvikvm( 1326): GC_CONCURRENT freed 514K, 78% free 1324K/5955K, paused 0ms+1ms
D/ImplicitAppManagerTimerTask( 1939):  ------:: download length: 145160
D/dalvikvm( 1326): GC_CONCURRENT freed 403K, 76% free 1444K/5955K, paused 1ms+1ms
D/dalvikvm( 1326): GC_CONCURRENT freed 526K, 78% free 1328K/5955K, paused 1ms+1ms
D/ImplicitAppManagerTimerTask( 1939):  ------:: download length: 232040
D/dalvikvm( 1326): GC_CONCURRENT freed 398K, 77% free 1410K/5955K, paused 1ms+1ms
D/dalvikvm( 1326): GC_CONCURRENT freed 495K, 78% free 1310K/5955K, paused 1ms+1ms
D/ImplicitAppManagerTimerTask( 1939):  ------:: download length: 320368
D/dalvikvm( 1326): GC_CONCURRENT freed 395K, 78% free 1310K/5955K, paused 1ms+1ms
D/dalvikvm( 1326): GC_CONCURRENT freed 393K, 77% free 1423K/5955K, paused 0ms+1ms
D/ImplicitAppManagerTimerTask( 1939):  ------:: download length: 408696
D/dalvikvm( 1326): GC_CONCURRENT freed 484K, 77% free 1400K/5955K, paused 1ms+0ms
D/dalvikvm( 1326): GC_CONCURRENT freed 494K, 77% free 1393K/5955K, paused 2ms+1ms
D/ImplicitAppManagerTimerTask( 1939):  ------:: download length: 498472
D/dalvikvm( 1326): GC_CONCURRENT freed 480K, 77% free 1422K/5955K, paused 1ms+1ms
D/ImplicitAppManagerTimerTask( 1939):  ------:: download length: 586800
D/dalvikvm( 1326): GC_CONCURRENT freed 488K, 78% free 1362K/5955K, paused 1ms+1ms
D/ImplicitAppManagerTimerTask( 1939):  ------:: download length: 675128
D/dalvikvm( 1326): GC_CONCURRENT freed 446K, 79% free 1308K/5955K, paused 1ms+1ms
D/dalvikvm( 1326): GC_CONCURRENT freed 392K, 78% free 1317K/5955K, paused 1ms+1ms
D/ImplicitAppManagerTimerTask( 1939):  ------:: download length: 762008
D/ImplicitAppManagerTimerTask( 1939):  ------:: download length: 854680
D/ImplicitAppManagerTimerTask( 1939):  ------:: download length: 944456
D/ImplicitAppManagerTimerTask( 1939):  ------:: download length: 1035680
D/ImplicitAppManagerTimerTask( 1939):  ------:: download length: 1126904
D/ImplicitAppManagerTimerTask( 1939):  ------:: download length: 1218128
D/ImplicitAppManagerTimerTask( 1939):  ------:: download length: 1307904
D/ImplicitAppManagerTimerTask( 1939):  ------:: download length: 1399128
D/ImplicitAppManagerTimerTask( 1939):  ------:: download length: 1490352
D/ImplicitAppManagerTimerTask( 1939):  ------:: download length: 1581576
D/ImplicitAppManagerTimerTask( 1939):  ------:: download length: 1671352
D/ImplicitAppManagerTimerTask( 1939):  ------:: download length: 1762576
D/ImplicitAppManagerTimerTask( 1939):  ------:: download length: 1853800
D/ImplicitAppManagerTimerTask( 1939):  ------:: download length: 1945024
D/ImplicitAppManagerTimerTask( 1939):  ------:: download length: 2034800
D/ImplicitAppManagerTimerTask( 1939):  ------:: download length: 2126024
D/ImplicitAppManagerTimerTask( 1939):  ------:: download length: 2214352
D/ImplicitAppManagerTimerTask( 1939):  ------:: download length: 2302680
D/ImplicitAppManagerTimerTask( 1939):  ------:: download length: 2393904
D/ImplicitAppManagerTimerTask( 1939):  ------:: download length: 2483680
D/dalvikvm( 1326): GC_CONCURRENT freed 390K, 78% free 1319K/5955K, paused 1ms+1ms
D/ImplicitAppManagerTimerTask( 1939):  ------:: download length: 2574904
D/dalvikvm( 1326): GC_CONCURRENT freed 392K, 78% free 1319K/5955K, paused 1ms+1ms
D/ImplicitAppManagerTimerTask( 1939):  ------:: download length: 2666128
D/dalvikvm( 1326): GC_CONCURRENT freed 393K, 78% free 1320K/5955K, paused 2ms+1ms
D/ImplicitAppManagerTimerTask( 1939):  ------:: download length: 2757352
D/dalvikvm( 1326): GC_CONCURRENT freed 393K, 78% free 1319K/5955K, paused 1ms+1ms
D/dalvikvm( 1326): GC_CONCURRENT freed 391K, 78% free 1320K/5955K, paused 1ms+1ms
D/ImplicitAppManagerTimerTask( 1939):  ------:: download length: 2847128
D/dalvikvm( 1326): GC_CONCURRENT freed 392K, 78% free 1320K/5955K, paused 1ms+1ms
D/ImplicitAppManagerTimerTask( 1939):  ------:: download length: 2936904
D/dalvikvm( 1326): GC_CONCURRENT freed 404K, 78% free 1316K/5955K, paused 1ms+1ms
D/ImplicitAppManagerTimerTask( 1939):  ------:: download length: 3028128
D/dalvikvm( 1326): GC_CONCURRENT freed 407K, 78% free 1320K/5955K, paused 1ms+2ms
D/ImplicitAppManagerTimerTask( 1939):  ------:: download length: 3119352
D/dalvikvm( 1326): GC_CONCURRENT freed 393K, 78% free 1319K/5955K, paused 1ms+1ms
D/dalvikvm( 1326): GC_CONCURRENT freed 393K, 78% free 1319K/5955K, paused 1ms+1ms
D/ImplicitAppManagerTimerTask( 1939):  ------:: download length: 3212024
D/dalvikvm( 1326): GC_CONCURRENT freed 392K, 78% free 1320K/5955K, paused 1ms+1ms
D/ImplicitAppManagerTimerTask( 1939):  ------:: download length: 3301800
D/dalvikvm( 1326): GC_CONCURRENT freed 393K, 78% free 1319K/5955K, paused 1ms+2ms
D/dalvikvm( 1326): GC_CONCURRENT freed 393K, 78% free 1320K/5955K, paused 1ms+1ms
D/ImplicitAppManagerTimerTask( 1939):  ------:: download length: 3393024
D/dalvikvm( 1326): GC_CONCURRENT freed 393K, 78% free 1321K/5955K, paused 1ms+1ms
D/ImplicitAppManagerTimerTask( 1939):  ------:: download length: 3484248
D/ImplicitAppManagerTimerTask( 1939):  ------:: download length: 3574024
D/ImplicitAppManagerTimerTask( 1939):  ------:: download length: 3666696
D/ImplicitAppManagerTimerTask( 1939):  ------:: download length: 3755024
D/ImplicitAppManagerTimerTask( 1939):  ------:: download length: 3843352
D/ImplicitAppManagerTimerTask( 1939):  ------:: download length: 3934576
D/ImplicitAppManagerTimerTask( 1939):  ------:: download length: 4025800
D/ImplicitAppManagerTimerTask( 1939):  ------:: download length: 4114128
D/dalvikvm( 1326): GC_CONCURRENT freed 403K, 78% free 1316K/5955K, paused 1ms+1ms
D/ImplicitAppManagerTimerTask( 1939):  ------:: download length: 4206800
D/dalvikvm( 1326): GC_CONCURRENT freed 395K, 78% free 1315K/5955K, paused 1ms+1ms
D/dalvikvm( 1326): GC_CONCURRENT freed 394K, 76% free 1430K/5955K, paused 0ms+1ms
D/ImplicitAppManagerTimerTask( 1939):  ------:: download length: 4298024
D/dalvikvm( 1326): GC_CONCURRENT freed 514K, 77% free 1380K/5955K, paused 1ms+1ms
D/ImplicitAppManagerTimerTask( 1939):  ------:: download length: 4389248
D/dalvikvm( 1326): GC_CONCURRENT freed 459K, 77% free 1391K/5955K, paused 1ms+1ms
D/ImplicitAppManagerTimerTask( 1939):  ------:: download length: 4477576
D/ImplicitAppManagerTimerTask( 1939):  ------:: download length: 4568800
D/ImplicitAppManagerTimerTask( 1939):  ------:: download length: 4660024
D/ImplicitAppManagerTimerTask( 1939):  ------:: download length: 4752696
D/ImplicitAppManagerTimerTask( 1939):  ------:: download length: 4842472
D/ImplicitAppManagerTimerTask( 1939):  ------:: download length: 4933696
D/dalvikvm( 1326): GC_CONCURRENT freed 474K, 78% free 1317K/5955K, paused 1ms+0ms
D/HomePlayerLib( 1326): hostaddress count is 2
D/dalvikvm( 1326): GC_CONCURRENT freed 402K, 79% free 1305K/5955K, paused 0ms+1ms
D/ImplicitAppManagerTimerTask( 1939):  ------:: download length: 5024920
D/dalvikvm( 1326): GC_CONCURRENT freed 387K, 77% free 1409K/5955K, paused 1ms+1ms
D/dalvikvm( 1326): GC_CONCURRENT freed 495K, 78% free 1322K/5955K, paused 1ms+1ms
D/dalvikvm( 1326): GC_CONCURRENT freed 391K, 78% free 1323K/5955K, paused 1ms+1ms
D/ImplicitAppManagerTimerTask( 1939):  ------:: download length: 5114696
D/dalvikvm( 1326): GC_CONCURRENT freed 392K, 78% free 1323K/5955K, paused 1ms+1ms
D/dalvikvm( 1326): GC_CONCURRENT freed 393K, 77% free 1428K/5955K, paused 1ms+1ms
D/ImplicitAppManagerTimerTask( 1939):  ------:: download length: 5205920
D/dalvikvm( 1326): GC_CONCURRENT freed 489K, 78% free 1342K/5955K, paused 0ms+1ms
D/dalvikvm( 1326): GC_CONCURRENT freed 426K, 79% free 1306K/5955K, paused 1ms+1ms
D/dalvikvm( 1326): GC_CONCURRENT freed 380K, 78% free 1320K/5955K, paused 1ms+1ms
D/dalvikvm( 1326): GC_CONCURRENT freed 412K, 77% free 1420K/5955K, paused 1ms+1ms
D/ImplicitAppManagerTimerTask( 1939):  ------:: download length: 5297144
D/dalvikvm( 1326): GC_CONCURRENT freed 495K, 77% free 1371K/5955K, paused 1ms+1ms
D/ImplicitAppManagerTimerTask( 1939):  ------:: download length: 5388368
D/dalvikvm( 1326): GC_CONCURRENT freed 445K, 76% free 1436K/5955K, paused 1ms+1ms
D/dalvikvm( 1326): GC_CONCURRENT freed 515K, 77% free 1426K/5955K, paused 1ms+1ms
D/ImplicitAppManagerTimerTask( 1939):  ------:: download length: 5479592
D/dalvikvm( 1326): GC_CONCURRENT freed 487K, 78% free 1325K/5955K, paused 1ms+1ms
D/ImplicitAppManagerTimerTask( 1939):  ------:: download length: 5570816
D/dalvikvm( 1326): GC_CONCURRENT freed 414K, 77% free 1421K/5955K, paused 1ms+1ms
D/ImplicitAppManagerTimerTask( 1939):  ------:: download length: 5659144
D/dalvikvm( 1326): GC_CONCURRENT freed 492K, 76% free 1443K/5955K, paused 1ms+1ms
D/dalvikvm( 1326): GC_CONCURRENT freed 515K, 78% free 1321K/5955K, paused 1ms+1ms
D/ImplicitAppManagerTimerTask( 1939):  ------:: download length: 5748920
D/ImplicitAppManagerTimerTask( 1939):  ------:: download length: 5840144
D/ImplicitAppManagerTimerTask( 1939):  ------:: download length: 5929920
D/ImplicitAppManagerTimerTask( 1939):  ------:: download length: 6021144
D/ImplicitAppManagerTimerTask( 1939):  ------:: download length: 6112368
D/ImplicitAppManagerTimerTask( 1939):  ------:: download length: 6203592
D/ImplicitAppManagerTimerTask( 1939):  ------:: download length: 6293368
D/ImplicitAppManagerTimerTask( 1939):  ------:: download length: 6384592
D/ImplicitAppManagerTimerTask( 1939):  ------:: download length: 6475816
D/ImplicitAppManagerTimerTask( 1939):  ------:: download length: 6567040
D/ImplicitAppManagerTimerTask( 1939):  ------:: download length: 6659712
D/ImplicitAppManagerTimerTask( 1939):  ------:: download length: 6748040
D/ImplicitAppManagerTimerTask( 1939):  ------:: download length: 6839264
D/ImplicitAppManagerTimerTask( 1939):  ------:: download length: 6930488
D/ImplicitAppManagerTimerTask( 1939):  ------:: download length: 7023160
D/ImplicitAppManagerTimerTask( 1939):  ------:: download length: 7112936
D/ImplicitAppManagerTimerTask( 1939):  ------:: download length: 7204160
D/ImplicitAppManagerTimerTask( 1939):  ------:: download length: 7295384
D/ImplicitAppManagerTimerTask( 1939):  ------:: download length: 7385160
D/dalvikvm( 1326): GC_CONCURRENT freed 404K, 78% free 1316K/5955K, paused 1ms+1ms
D/ImplicitAppManagerTimerTask( 1939):  ------:: download length: 7412818
D/dalvikvm( 1326): GC_CONCURRENT freed 395K, 78% free 1315K/5955K, paused 1ms+1ms
D/dalvikvm( 1326): GC_CONCURRENT freed 394K, 78% free 1315K/5955K, paused 1ms+1ms
D/dalvikvm( 1326): GC_CONCURRENT freed 393K, 79% free 1307K/5955K, paused 1ms+1ms
D/dalvikvm( 1326): GC_CONCURRENT freed 394K, 78% free 1316K/5955K, paused 1ms+1ms
D/dalvikvm( 1326): GC_CONCURRENT freed 393K, 79% free 1308K/5955K, paused 1ms+1ms
D/dalvikvm( 1326): GC_CONCURRENT freed 391K, 77% free 1379K/5955K, paused 1ms+1ms
D/dalvikvm( 1326): GC_CONCURRENT freed 456K, 78% free 1317K/5955K, paused 1ms+1ms
D/dalvikvm( 1326): GC_CONCURRENT freed 397K, 79% free 1306K/5955K, paused 1ms+1ms
D/dalvikvm( 1326): GC_CONCURRENT freed 394K, 79% free 1307K/5955K, paused 1ms+1ms
D/dalvikvm( 1326): GC_CONCURRENT freed 394K, 79% free 1306K/5955K, paused 0ms+1ms
D/dalvikvm( 1326): GC_CONCURRENT freed 389K, 78% free 1317K/5955K, paused 1ms+1ms
D/HomePlayerLib( 1326): hostaddress count is 2
D/dalvikvm( 1326): GC_CONCURRENT freed 401K, 77% free 1421K/5955K, paused 1ms+1ms
D/dalvikvm( 1326): GC_CONCURRENT freed 503K, 77% free 1429K/5955K, paused 1ms+1ms
D/dalvikvm( 1326): GC_CONCURRENT freed 511K, 77% free 1374K/5955K, paused 1ms+1ms
D/dalvikvm( 1326): GC_CONCURRENT freed 455K, 78% free 1311K/5955K, paused 0ms+1ms
D/ApkDeploy( 1939):  ------:: install apk
D/ApkDeploy( 1939):  ------:: uri = /data/data/com.coship.sdp.sce.tvappstore/app_implict/com.coship.cibn.apkflags = 1
D/ApkDeploy( 1939):  ------:: PM.INSTALL_REPLACE_EXISTING2
D/dalvikvm( 1326): GC_CONCURRENT freed 394K, 77% free 1424K/5955K, paused 1ms+1ms
D/dalvikvm( 1326): GC_CONCURRENT freed 485K, 77% free 1407K/5955K, paused 1ms+1ms
D/dalvikvm( 1326): GC_CONCURRENT freed 475K, 78% free 1330K/5955K, paused 1ms+1ms
D/dalvikvm( 1326): GC_CONCURRENT freed 404K, 78% free 1311K/5955K, paused 1ms+1ms
D/dalvikvm( 1326): GC_CONCURRENT freed 422K, 77% free 1400K/5955K, paused 1ms+1ms
D/dalvikvm( 1326): GC_CONCURRENT freed 471K, 77% free 1419K/5955K, paused 1ms+1ms
D/dalvikvm( 1326): GC_CONCURRENT freed 577K, 78% free 1350K/5955K, paused 1ms+1ms
D/dalvikvm( 1326): GC_CONCURRENT freed 424K, 77% free 1425K/5955K, paused 1ms+1ms
D/dalvikvm( 1326): GC_CONCURRENT freed 487K, 78% free 1369K/5955K, paused 1ms+0ms
D/dalvikvm( 1326): GC_CONCURRENT freed 453K, 79% free 1309K/5955K, paused 1ms+1ms
D/dalvikvm( 1326): GC_CONCURRENT freed 398K, 77% free 1388K/5955K, paused 1ms+1ms
D/dalvikvm( 1326): GC_CONCURRENT freed 474K, 77% free 1422K/5955K, paused 1ms+1ms
D/dalvikvm( 1326): GC_CONCURRENT freed 488K, 78% free 1326K/5955K, paused 1ms+1ms
D/dalvikvm( 1326): GC_CONCURRENT freed 403K, 79% free 1308K/5955K, paused 1ms+1ms
D/dalvikvm( 1326): GC_CONCURRENT freed 394K, 77% free 1414K/5955K, paused 0ms+1ms
D/dalvikvm( 1326): GC_CONCURRENT freed 487K, 78% free 1320K/5955K, paused 1ms+1ms
D/dalvikvm( 1326): GC_CONCURRENT freed 394K, 77% free 1403K/5955K, paused 1ms+1ms
D/dalvikvm( 1326): GC_CONCURRENT freed 481K, 79% free 1309K/5955K, paused 1ms+1ms
D/dalvikvm( 1326): GC_CONCURRENT freed 397K, 77% free 1421K/5955K, paused 1ms+1ms
D/dalvikvm( 1326): GC_CONCURRENT freed 486K, 78% free 1320K/5955K, paused 1ms+1ms
D/dalvikvm( 1326): GC_CONCURRENT freed 394K, 78% free 1322K/5955K, paused 1ms+1ms
D/dalvikvm( 1326): GC_CONCURRENT freed 393K, 78% free 1320K/5955K, paused 1ms+1ms
D/dalvikvm( 1326): GC_CONCURRENT freed 392K, 78% free 1320K/5955K, paused 1ms+1ms
D/dalvikvm( 1326): GC_CONCURRENT freed 403K, 77% free 1417K/5955K, paused 1ms+1ms
I/ActivityManager(  939): Start proc com.android.defcontainer for service com.android.defcontainer/.DefaultContainerService: pid=2037 uid=10010 gids={1015, 2001}
D/ApkDeploy( 1939):  ------:: mPackageManager invoke..
D/dalvikvm( 1326): GC_CONCURRENT freed 490K, 77% free 1403K/5955K, paused 1ms+1ms
W/ActivityManager(  939): No content provider found for permission revoke: file:///data/data/com.coship.sdp.sce.tvappstore/app_implict/com.coship.cibn.apk
D/dalvikvm( 1326): GC_CONCURRENT freed 475K, 78% free 1366K/5955K, paused 1ms+1ms
W/ActivityManager(  939): No content provider found for permission revoke: file:///data/data/com.coship.sdp.sce.tvappstore/app_implict/com.coship.cibn.apk
D/dalvikvm(  939): GC_CONCURRENT freed 608K, 63% free 3570K/9539K, paused 2ms+4ms
D/dalvikvm(  939): GC_CONCURRENT freed 421K, 60% free 3844K/9539K, paused 6ms+4ms
I/dalvikvm(  939): Jit: resizing JitTable from 4096 to 8192
D/dalvikvm(  939): GC_CONCURRENT freed 338K, 56% free 4240K/9539K, paused 2ms+5ms
D/dalvikvm(  939): GC_CONCURRENT freed 756K, 55% free 4354K/9539K, paused 2ms+5ms
D/dalvikvm(  939): GC_CONCURRENT freed 881K, 55% free 4334K/9539K, paused 2ms+4ms
D/dalvikvm(  939): GC_CONCURRENT freed 858K, 55% free 4337K/9539K, paused 2ms+4ms
D/dalvikvm(  939): GC_CONCURRENT freed 855K, 55% free 4340K/9539K, paused 1ms+4ms
D/dalvikvm(  939): GC_CONCURRENT freed 856K, 55% free 4347K/9539K, paused 2ms+4ms
D/dalvikvm(  939): GC_EXPLICIT freed 845K, 55% free 4328K/9539K, paused 2ms+10ms
D/ApkDeploy( 1939):  ------:: packageName is com.coship.cibn
D/ApkDeploy( 1939):  ------:: returnCode is -104
D/ApkDeploy( 1939):  ------:: mFailedCode =-104
D/ImplicitAppManagerTimerTask( 1939):  ------:: apkDeploy.intsall resCode= -104
D/dalvikvm( 1326): GC_CONCURRENT freed 444K, 79% free 1308K/5955K, paused 1ms+1ms
D/dalvikvm( 1326): GC_CONCURRENT freed 395K, 77% free 1415K/5955K, paused 1ms+1ms
D/dalvikvm( 1326): GC_CONCURRENT freed 487K, 77% free 1426K/5955K, paused 1ms+1ms
D/dalvikvm( 1326): GC_CONCURRENT freed 513K, 79% free 1296K/5955K, paused 1ms+1ms
D/dalvikvm( 1326): GC_CONCURRENT freed 380K, 77% free 1427K/5955K, paused 1ms+1ms
D/dalvikvm( 1326): GC_CONCURRENT freed 500K, 78% free 1318K/5955K, paused 1ms+1ms
D/HomePlayerLib( 1326): hostaddress count is 2
D/dalvikvm( 1326): GC_CONCURRENT freed 402K, 77% free 1425K/5955K, paused 1ms+1ms
D/dalvikvm( 1326): GC_CONCURRENT freed 504K, 76% free 1430K/5955K, paused 0ms+1ms
D/dalvikvm( 1326): GC_CONCURRENT freed 500K, 77% free 1410K/5955K, paused 1ms+1ms
D/dalvikvm( 1326): GC_CONCURRENT freed 463K, 77% free 1395K/5955K, paused 1ms+2ms
D/dalvikvm( 1326): GC_CONCURRENT freed 466K, 78% free 1325K/5955K, paused 1ms+1ms
D/dalvikvm( 1326): GC_CONCURRENT freed 401K, 77% free 1374K/5955K, paused 1ms+1ms
D/dalvikvm( 1326): GC_CONCURRENT freed 453K, 77% free 1383K/5955K, paused 1ms+1ms
D/dalvikvm( 1326): GC_CONCURRENT freed 467K, 77% free 1421K/5955K, paused 1ms+1ms
D/dalvikvm( 1326): GC_CONCURRENT freed 492K, 77% free 1405K/5955K, paused 1ms+1ms
D/dalvikvm( 1326): GC_CONCURRENT freed 474K, 78% free 1324K/5955K, paused 1ms+1ms
D/dalvikvm( 1326): GC_CONCURRENT freed 394K, 78% free 1329K/5955K, paused 1ms+1ms
D/dalvikvm( 1326): GC_CONCURRENT freed 415K, 77% free 1422K/5955K, paused 0ms+1ms
D/dalvikvm( 1326): GC_CONCURRENT freed 491K, 76% free 1438K/5955K, paused 1ms+1ms
D/dalvikvm( 1326): GC_CONCURRENT freed 499K, 78% free 1327K/5955K, paused 1ms+1ms
D/dalvikvm( 1326): GC_CONCURRENT freed 402K, 77% free 1421K/5955K, paused 1ms+1ms
D/dalvikvm( 1326): GC_CONCURRENT freed 503K, 78% free 1322K/5955K, paused 1ms+1ms
D/dalvikvm( 1326): GC_CONCURRENT freed 396K, 78% free 1320K/5955K, paused 1ms+1ms
D/dalvikvm( 1326): GC_CONCURRENT freed 392K, 78% free 1320K/5955K, paused 1ms+1ms
D/dalvikvm( 1326): GC_CONCURRENT freed 458K, 79% free 1300K/5955K, paused 1ms+1ms
D/dalvikvm( 1326): GC_CONCURRENT freed 379K, 77% free 1418K/5955K, paused 0ms+1ms
D/dalvikvm( 1326): GC_CONCURRENT freed 490K, 78% free 1319K/5955K, paused 0ms+1ms
D/dalvikvm( 1326): GC_CONCURRENT freed 394K, 76% free 1447K/5955K, paused 1ms+1ms
D/CheckNetWork( 1665): isOk true
D/CheckNetWork( 1665): ActInfoNetworkInfo: type: ETH[], state: CONNECTED/CONNECTED, reason: (unspecified), extra: (none), roaming: false, failover: false, isAvailable: true
D/CheckNetWork( 1665): infoNetworkInfo: type: ETH[], state: CONNECTED/CONNECTED, reason: (unspecified), extra: (none), roaming: false, failover: false, isAvailable: true
D/dalvikvm( 1326): GC_CONCURRENT freed 519K, 78% free 1319K/5955K, paused 1ms+1ms
D/dalvikvm( 1326): GC_CONCURRENT freed 394K, 77% free 1425K/5955K, paused 1ms+1ms
D/dalvikvm( 1326): GC_CONCURRENT freed 501K, 79% free 1308K/5955K, paused 1ms+1ms
D/dalvikvm( 1326): GC_CONCURRENT freed 394K, 79% free 1299K/5955K, paused 1ms+1ms
D/dalvikvm( 1326): GC_CONCURRENT freed 366K, 78% free 1365K/5955K, paused 0ms+1ms
D/dalvikvm( 1326): GC_FOR_ALLOC freed 562K, 79% free 1304K/5955K, paused 10ms
D/dalvikvm( 1326): GC_CONCURRENT freed 7K, 78% free 1313K/5955K, paused 1ms+1ms
D/HomePlayerLib( 1326): hostaddress count is 2
D/dalvikvm( 1326): GC_CONCURRENT freed 398K, 77% free 1419K/5955K, paused 1ms+1ms
D/dalvikvm( 1326): GC_CONCURRENT freed 503K, 77% free 1421K/5955K, paused 1ms+1ms
D/dalvikvm( 1326): GC_CONCURRENT freed 500K, 77% free 1429K/5955K, paused 1ms+1ms
D/dalvikvm( 1326): GC_CONCURRENT freed 512K, 77% free 1413K/5955K, paused 0ms+1ms
D/dalvikvm( 1326): GC_CONCURRENT freed 498K, 79% free 1308K/5955K, paused 0ms+1ms
D/dalvikvm( 1326): GC_CONCURRENT freed 394K, 76% free 1438K/5955K, paused 1ms+1ms
D/dalvikvm( 1326): GC_CONCURRENT freed 596K, 79% free 1305K/5955K, paused 0ms+1ms
D/dalvikvm( 1326): GC_FOR_ALLOC freed 521K, 79% free 1296K/5955K, paused 10ms
D/dalvikvm( 1326): GC_CONCURRENT freed <1K, 79% free 1295K/5955K, paused 1ms+1ms
D/dalvikvm( 1326): GC_CONCURRENT freed 389K, 77% free 1418K/5955K, paused 1ms+1ms
D/dalvikvm( 1326): GC_FOR_ALLOC freed 614K, 79% free 1306K/5955K, paused 10ms
D/dalvikvm( 1326): GC_CONCURRENT freed 383K, 76% free 1434K/5955K, paused 1ms+1ms
D/dalvikvm( 1326): GC_CONCURRENT freed 584K, 78% free 1355K/5955K, paused 1ms+1ms
D/dalvikvm( 1326): GC_CONCURRENT freed 439K, 77% free 1426K/5955K, paused 1ms+1ms
D/dalvikvm( 1326): GC_CONCURRENT freed 492K, 73% free 1663K/5955K, paused 1ms+1ms
D/dalvikvm( 1326): GC_CONCURRENT freed 743K, 77% free 1428K/5955K, paused 1ms+1ms
D/dalvikvm( 1326): GC_CONCURRENT freed 494K, 76% free 1446K/5955K, paused 1ms+1ms
D/dalvikvm( 1326): GC_CONCURRENT freed 514K, 78% free 1321K/5955K, paused 1ms+1ms
D/dalvikvm( 1326): GC_CONCURRENT freed 405K, 75% free 1505K/5955K, paused 1ms+1ms
D/dalvikvm( 1326): GC_CONCURRENT freed 569K, 77% free 1403K/5955K, paused 0ms+1ms
D/dalvikvm( 1326): GC_CONCURRENT freed 485K, 79% free 1308K/5955K, paused 1ms+1ms
D/dalvikvm( 1326): GC_CONCURRENT freed 397K, 77% free 1421K/5955K, paused 1ms+1ms
D/dalvikvm( 1326): GC_CONCURRENT freed 487K, 76% free 1445K/5955K, paused 0ms+1ms
D/dalvikvm( 1326): GC_CONCURRENT freed 525K, 76% free 1433K/5955K, paused 0ms+1ms
D/dalvikvm( 1326): GC_CONCURRENT freed 517K, 77% free 1422K/5955K, paused 0ms+1ms
D/dalvikvm( 1326): GC_CONCURRENT freed 488K, 78% free 1326K/5955K, paused 1ms+1ms
D/dalvikvm( 1326): GC_CONCURRENT freed 405K, 79% free 1307K/5955K, paused 0ms+1ms
D/dalvikvm( 1326): GC_CONCURRENT freed 396K, 77% free 1421K/5955K, paused 0ms+1ms
D/dalvikvm( 1326): GC_CONCURRENT freed 486K, 78% free 1320K/5955K, paused 1ms+1ms
D/dalvikvm( 1326): GC_CONCURRENT freed 393K, 78% free 1319K/5955K, paused 1ms+1ms
D/dalvikvm( 1326): GC_CONCURRENT freed 393K, 78% free 1320K/5955K, paused 1ms+1ms
D/dalvikvm( 1326): GC_CONCURRENT freed 393K, 78% free 1325K/5955K, paused 1ms+1ms
D/dalvikvm( 1326): GC_CONCURRENT freed 404K, 77% free 1377K/5955K, paused 1ms+1ms
D/dalvikvm( 1326): GC_CONCURRENT freed 460K, 78% free 1314K/5955K, paused 0ms+1ms
D/HomePlayerLib( 1326): hostaddress count is 2
D/dalvikvm( 1326): GC_CONCURRENT freed 388K, 78% free 1317K/5955K, paused 1ms+1ms
D/dalvikvm( 1326): GC_CONCURRENT freed 401K, 78% free 1314K/5955K, paused 1ms+1ms
D/dalvikvm( 1326): GC_CONCURRENT freed 389K, 78% free 1333K/5955K, paused 0ms+1ms
D/dalvikvm( 1326): GC_FOR_ALLOC freed 535K, 79% free 1305K/5955K, paused 10ms
D/dalvikvm( 1326): GC_CONCURRENT freed 7K, 79% free 1305K/5955K, paused 1ms+1ms
D/dalvikvm( 1326): GC_CONCURRENT freed 387K, 79% free 1309K/5955K, paused 1ms+1ms
D/dalvikvm( 1326): GC_CONCURRENT freed 391K, 77% free 1424K/5955K, paused 0ms+1ms
D/dalvikvm( 1326): GC_CONCURRENT freed 496K, 76% free 1437K/5955K, paused 1ms+1ms
D/dalvikvm( 1326): GC_CONCURRENT freed 517K, 77% free 1427K/5955K, paused 1ms+1ms
D/dalvikvm( 1326): GC_CONCURRENT freed 504K, 76% free 1431K/5955K, paused 1ms+1ms
D/dalvikvm( 1326): GC_CONCURRENT freed 497K, 76% free 1445K/5955K, paused 1ms+1ms
D/dalvikvm( 1326): GC_CONCURRENT freed 513K, 77% free 1371K/5955K, paused 1ms+1ms
D/dalvikvm( 1326): GC_CONCURRENT freed 456K, 77% free 1426K/5955K, paused 1ms+1ms
D/dalvikvm( 1326): GC_CONCURRENT freed 502K, 76% free 1435K/5955K, paused 1ms+1ms
D/dalvikvm( 1326): GC_CONCURRENT freed 522K, 78% free 1321K/5955K, paused 1ms+0ms
D/dalvikvm( 1326): GC_CONCURRENT freed 394K, 78% free 1321K/5955K, paused 1ms+1ms
D/dalvikvm( 1326): GC_CONCURRENT freed 398K, 77% free 1425K/5955K, paused 1ms+1ms
D/dalvikvm( 1326): GC_CONCURRENT freed 502K, 77% free 1420K/5955K, paused 1ms+1ms
D/dalvikvm( 1326): GC_CONCURRENT freed 496K, 79% free 1308K/5955K, paused 1ms+1ms
D/dalvikvm( 1326): GC_CONCURRENT freed 397K, 76% free 1470K/5955K, paused 1ms+1ms
D/dalvikvm( 1326): GC_CONCURRENT freed 555K, 77% free 1380K/5955K, paused 1ms+1ms
D/dalvikvm( 1326): GC_CONCURRENT freed 459K, 76% free 1432K/5955K, paused 1ms+1ms
D/dalvikvm( 1326): GC_CONCURRENT freed 514K, 78% free 1318K/5955K, paused 1ms+1ms
D/dalvikvm( 1326): GC_CONCURRENT freed 493K, 79% free 1304K/5955K, paused 1ms+2ms
D/dalvikvm( 1326): GC_CONCURRENT freed 382K, 77% free 1419K/5955K, paused 1ms+1ms
D/dalvikvm( 1326): GC_CONCURRENT freed 490K, 78% free 1321K/5955K, paused 1ms+1ms
D/dalvikvm( 1326): GC_CONCURRENT freed 394K, 78% free 1319K/5955K, paused 0ms+1ms
D/dalvikvm( 1326): GC_CONCURRENT freed 393K, 77% free 1406K/5955K, paused 1ms+1ms
D/dalvikvm( 1326): GC_CONCURRENT freed 494K, 75% free 1490K/5955K, paused 1ms+1ms
D/dalvikvm( 1326): GC_CONCURRENT freed 559K, 78% free 1320K/5955K, paused 0ms+1ms
D/dalvikvm( 1326): GC_CONCURRENT freed 394K, 78% free 1320K/5955K, paused 1ms+1ms
D/dalvikvm( 1326): GC_CONCURRENT freed 391K, 78% free 1320K/5955K, paused 1ms+1ms
D/dalvikvm( 1326): GC_CONCURRENT freed 403K, 78% free 1316K/5955K, paused 0ms+1ms
D/dalvikvm( 1326): GC_CONCURRENT freed 407K, 79% free 1303K/5955K, paused 1ms+1ms
D/dalvikvm( 1326): GC_CONCURRENT freed 381K, 79% free 1307K/5955K, paused 1ms+1ms
D/dalvikvm( 1326): GC_CONCURRENT freed 393K, 79% free 1307K/5955K, paused 1ms+1ms
D/dalvikvm( 1326): GC_CONCURRENT freed 389K, 78% free 1317K/5955K, paused 1ms+1ms
D/HomePlayerLib( 1326): hostaddress count is 2
D/dalvikvm( 1326): GC_CONCURRENT freed 401K, 79% free 1305K/5955K, paused 1ms+1ms
D/dalvikvm( 1326): GC_CONCURRENT freed 387K, 78% free 1317K/5955K, paused 0ms+1ms
D/dalvikvm( 1326): GC_CONCURRENT freed 400K, 77% free 1418K/5955K, paused 1ms+1ms
D/dalvikvm( 1326): GC_CONCURRENT freed 485K, 78% free 1324K/5955K, paused 1ms+1ms
D/dalvikvm( 1326): GC_CONCURRENT freed 394K, 77% free 1428K/5955K, paused 0ms+0ms
D/dalvikvm( 1326): GC_CONCURRENT freed 561K, 78% free 1364K/5955K, paused 1ms+1ms
D/dalvikvm( 1326): GC_CONCURRENT freed 450K, 77% free 1422K/5955K, paused 1ms+1ms
D/dalvikvm( 1326): GC_CONCURRENT freed 498K, 78% free 1357K/5955K, paused 1ms+1ms
D/dalvikvm( 1326): GC_CONCURRENT freed 414K, 76% free 1451K/5955K, paused 1ms+1ms
D/dalvikvm( 1326): GC_CONCURRENT freed 533K, 77% free 1425K/5955K, paused 1ms+1ms
D/dalvikvm( 1326): GC_CONCURRENT freed 487K, 76% free 1449K/5955K, paused 1ms+1ms
D/dalvikvm( 1326): GC_CONCURRENT freed 511K, 76% free 1448K/5955K, paused 1ms+1ms
D/dalvikvm( 1326): GC_CONCURRENT freed 517K, 78% free 1367K/5955K, paused 1ms+1ms
D/dalvikvm( 1326): GC_CONCURRENT freed 444K, 76% free 1433K/5955K, paused 0ms+1ms
D/dalvikvm( 1326): GC_CONCURRENT freed 518K, 77% free 1422K/5955K, paused 1ms+1ms
D/dalvikvm( 1326): GC_CONCURRENT freed 488K, 78% free 1326K/5955K, paused 0ms+0ms
D/dalvikvm( 1326): GC_CONCURRENT freed 404K, 79% free 1308K/5955K, paused 1ms+1ms
D/dalvikvm( 1326): GC_CONCURRENT freed 395K, 79% free 1306K/5955K, paused 1ms+1ms
D/dalvikvm( 1326): GC_CONCURRENT freed 394K, 75% free 1498K/5955K, paused 0ms+1ms
D/dalvikvm( 1326): GC_CONCURRENT freed 567K, 78% free 1327K/5955K, paused 1ms+1ms
D/dalvikvm( 1326): GC_CONCURRENT freed 406K, 76% free 1432K/5955K, paused 0ms+1ms
D/dalvikvm( 1326): GC_CONCURRENT freed 516K, 79% free 1307K/5955K, paused 0ms+1ms
D/dalvikvm( 1326): GC_CONCURRENT freed 393K, 77% free 1420K/5955K, paused 1ms+1ms
D/dalvikvm( 1326): GC_CONCURRENT freed 498K, 76% free 1433K/5955K, paused 1ms+1ms
D/dalvikvm( 1326): GC_CONCURRENT freed 518K, 77% free 1422K/5955K, paused 1ms+1ms
D/dalvikvm( 1326): GC_CONCURRENT freed 488K, 78% free 1326K/5955K, paused 1ms+1ms
D/dalvikvm( 1326): GC_CONCURRENT freed 403K, 79% free 1307K/5955K, paused 0ms+1ms
D/dalvikvm( 1326): GC_CONCURRENT freed 396K, 77% free 1421K/5955K, paused 1ms+1ms
D/dalvikvm( 1326): GC_CONCURRENT freed 487K, 76% free 1445K/5955K, paused 0ms+1ms
D/dalvikvm( 1326): GC_CONCURRENT freed 526K, 77% free 1424K/5955K, paused 0ms+1ms
D/dalvikvm( 1326): GC_CONCURRENT freed 514K, 78% free 1318K/5955K, paused 1ms+1ms
D/HomePlayerLib( 1326): hostaddress count is 2
D/dalvikvm( 1326): GC_CONCURRENT freed 403K, 79% free 1306K/5955K, paused 1ms+1ms
D/dalvikvm( 1326): GC_CONCURRENT freed 387K, 78% free 1318K/5955K, paused 1ms+1ms
D/dalvikvm( 1326): GC_CONCURRENT freed 401K, 78% free 1317K/5955K, paused 0ms+1ms
D/dalvikvm( 1326): GC_CONCURRENT freed 403K, 78% free 1324K/5955K, paused 0ms+1ms
D/dalvikvm( 1326): GC_CONCURRENT freed 393K, 78% free 1322K/5955K, paused 0ms+1ms
D/dalvikvm( 1326): GC_CONCURRENT freed 391K, 78% free 1324K/5955K, paused 1ms+1ms
D/dalvikvm( 1326): GC_CONCURRENT freed 393K, 77% free 1372K/5955K, paused 1ms+2ms
D/dalvikvm( 1326): GC_CONCURRENT freed 432K, 78% free 1324K/5955K, paused 1ms+1ms
D/dalvikvm( 1326): GC_CONCURRENT freed 393K, 78% free 1324K/5955K, paused 1ms+1ms
D/dalvikvm( 1326): GC_CONCURRENT freed 412K, 79% free 1297K/5955K, paused 0ms+1ms
D/dalvikvm( 1326): GC_CONCURRENT freed 363K, 78% free 1324K/5955K, paused 1ms+1ms
D/dalvikvm( 1326): GC_CONCURRENT freed 400K, 74% free 1573K/5955K, paused 1ms+1ms
D/dalvikvm( 1326): GC_CONCURRENT freed 656K, 75% free 1493K/5955K, paused 1ms+1ms
D/dalvikvm( 1326): GC_CONCURRENT freed 558K, 78% free 1325K/5955K, paused 1ms+1ms
D/dalvikvm( 1326): GC_CONCURRENT freed 394K, 78% free 1322K/5955K, paused 0ms+1ms
D/dalvikvm( 1326): GC_CONCURRENT freed 391K, 78% free 1329K/5955K, paused 1ms+1ms
D/dalvikvm( 1326): GC_CONCURRENT freed 416K, 77% free 1422K/5955K, paused 1ms+1ms
D/dalvikvm( 1326): GC_CONCURRENT freed 493K, 77% free 1426K/5955K, paused 1ms+1ms
D/dalvikvm( 1326): GC_CONCURRENT freed 498K, 78% free 1318K/5955K, paused 1ms+1ms
D/dalvikvm( 1326): GC_CONCURRENT freed 400K, 79% free 1307K/5955K, paused 1ms+1ms
D/dalvikvm( 1326): GC_CONCURRENT freed 396K, 77% free 1421K/5955K, paused 1ms+1ms
D/dalvikvm( 1326): GC_CONCURRENT freed 488K, 78% free 1320K/5955K, paused 1ms+1ms
D/dalvikvm( 1326): GC_CONCURRENT freed 394K, 77% free 1402K/5955K, paused 1ms+1ms
D/dalvikvm( 1326): GC_CONCURRENT freed 483K, 77% free 1417K/5955K, paused 1ms+1ms
D/dalvikvm( 1326): GC_CONCURRENT freed 490K, 77% free 1404K/5955K, paused 1ms+1ms
D/dalvikvm( 1326): GC_CONCURRENT freed 475K, 78% free 1320K/5955K, paused 1ms+1ms
D/dalvikvm( 1326): GC_CONCURRENT freed 394K, 78% free 1320K/5955K, paused 1ms+1ms
D/dalvikvm( 1326): GC_CONCURRENT freed 402K, 77% free 1423K/5955K, paused 1ms+1ms
D/dalvikvm( 1326): GC_CONCURRENT freed 489K, 78% free 1320K/5955K, paused 1ms+1ms
D/dalvikvm( 1326): GC_CONCURRENT freed 394K, 77% free 1425K/5955K, paused 1ms+1ms
D/dalvikvm( 1326): GC_CONCURRENT freed 512K, 79% free 1303K/5955K, paused 1ms+1ms
D/dalvikvm( 1326): GC_CONCURRENT freed 378K, 77% free 1427K/5955K, paused 1ms+1ms
D/dalvikvm( 1326): GC_CONCURRENT freed 515K, 79% free 1295K/5955K, paused 1ms+1ms
D/dalvikvm( 1326): GC_CONCURRENT freed 381K, 77% free 1419K/5955K, paused 1ms+1ms
D/dalvikvm( 1326): GC_CONCURRENT freed 496K, 79% free 1308K/5955K, paused 1ms+1ms
D/dalvikvm( 1326): GC_CONCURRENT freed 397K, 77% free 1421K/5955K, paused 0ms+1ms
W/ThrottleService(  939): unable to find stats for iface rmnet0
D/dalvikvm( 1326): GC_CONCURRENT freed 511K, 78% free 1318K/5955K, paused 1ms+1ms
D/HomePlayerLib( 1326): hostaddress count is 2
D/dalvikvm( 1326): GC_CONCURRENT freed 402K, 74% free 1582K/5955K, paused 1ms+1ms
D/dalvikvm( 1326): GC_CONCURRENT freed 666K, 78% free 1347K/5955K, paused 1ms+1ms
D/dalvikvm( 1326): GC_CONCURRENT freed 430K, 78% free 1336K/5955K, paused 1ms+1ms
D/dalvikvm( 1326): GC_CONCURRENT freed 406K, 78% free 1324K/5955K, paused 1ms+1ms
D/dalvikvm( 1326): GC_CONCURRENT freed 393K, 78% free 1322K/5955K, paused 1ms+1ms
D/dalvikvm( 1326): GC_CONCURRENT freed 392K, 78% free 1324K/5955K, paused 1ms+1ms
D/dalvikvm( 1326): GC_CONCURRENT freed 393K, 78% free 1324K/5955K, paused 1ms+1ms
D/dalvikvm( 1326): GC_CONCURRENT freed 393K, 78% free 1337K/5955K, paused 1ms+2ms
D/dalvikvm( 1326): GC_FOR_ALLOC freed 501K, 78% free 1333K/5955K, paused 10ms
D/dalvikvm( 1326): GC_CONCURRENT freed <1K, 74% free 1576K/5955K, paused 1ms+0ms
D/dalvikvm( 1326): GC_CONCURRENT freed 644K, 78% free 1325K/5955K, paused 0ms+1ms
D/dalvikvm( 1326): GC_CONCURRENT freed 403K, 78% free 1312K/5955K, paused 1ms+1ms
D/dalvikvm( 1326): GC_CONCURRENT freed 395K, 77% free 1424K/5955K, paused 0ms+1ms
D/dalvikvm( 1326): GC_CONCURRENT freed 485K, 77% free 1407K/5955K, paused 1ms+1ms
D/dalvikvm( 1326): GC_CONCURRENT freed 475K, 77% free 1403K/5955K, paused 1ms+1ms
D/dalvikvm( 1326): GC_CONCURRENT freed 485K, 78% free 1337K/5955K, paused 1ms+1ms
D/dalvikvm( 1326): GC_CONCURRENT freed 421K, 78% free 1320K/5955K, paused 1ms+1ms
D/dalvikvm( 1326): GC_CONCURRENT freed 418K, 77% free 1423K/5955K, paused 1ms+1ms
D/dalvikvm( 1326): GC_CONCURRENT freed 541K, 79% free 1295K/5955K, paused 1ms+1ms
D/dalvikvm( 1326): GC_CONCURRENT freed 369K, 78% free 1318K/5955K, paused 0ms+1ms
D/dalvikvm( 1326): GC_CONCURRENT freed 393K, 78% free 1319K/5955K, paused 1ms+1ms
D/dalvikvm( 1326): GC_CONCURRENT freed 394K, 78% free 1319K/5955K, paused 0ms+1ms
D/dalvikvm( 1326): GC_CONCURRENT freed 393K, 76% free 1447K/5955K, paused 1ms+1ms
D/dalvikvm( 1326): GC_CONCURRENT freed 522K, 75% free 1514K/5955K, paused 1ms+1ms
D/dalvikvm( 1326): GC_CONCURRENT freed 599K, 79% free 1309K/5955K, paused 1ms+1ms
D/dalvikvm( 1326): GC_CONCURRENT freed 395K, 78% free 1338K/5955K, paused 1ms+1ms
D/dalvikvm( 1326): GC_CONCURRENT freed 418K, 79% free 1308K/5955K, paused 0ms+1ms
D/CheckNetWork( 1665): isOk true
D/CheckNetWork( 1665): ActInfoNetworkInfo: type: ETH[], state: CONNECTED/CONNECTED, reason: (unspecified), extra: (none), roaming: false, failover: false, isAvailable: true
D/CheckNetWork( 1665): infoNetworkInfo: type: ETH[], state: CONNECTED/CONNECTED, reason: (unspecified), extra: (none), roaming: false, failover: false, isAvailable: true
D/dalvikvm( 1326): GC_CONCURRENT freed 392K, 77% free 1423K/5955K, paused 1ms+1ms
D/dalvikvm( 1326): GC_CONCURRENT freed 495K, 78% free 1318K/5955K, paused 1ms+1ms
D/HomePlayerLib( 1326): hostaddress count is 2
D/dalvikvm( 1326): GC_CONCURRENT freed 403K, 79% free 1305K/5955K, paused 0ms+0ms
D/dalvikvm( 1326): GC_CONCURRENT freed 395K, 79% free 1300K/5955K, paused 0ms+1ms
D/dalvikvm( 1326): GC_CONCURRENT freed 365K, 76% free 1446K/5955K, paused 1ms+1ms
D/dalvikvm( 1326): GC_CONCURRENT freed 511K, 78% free 1324K/5955K, paused 1ms+1ms
D/dalvikvm( 1326): GC_CONCURRENT freed 393K, 78% free 1323K/5955K, paused 1ms+1ms
D/dalvikvm( 1326): GC_CONCURRENT freed 394K, 78% free 1368K/5955K, paused 1ms+1ms
D/dalvikvm( 1326): GC_CONCURRENT freed 443K, 78% free 1312K/5955K, paused 1ms+1ms
D/dalvikvm( 1326): GC_CONCURRENT freed 396K, 77% free 1417K/5955K, paused 1ms+1ms
D/dalvikvm( 1326): GC_CONCURRENT freed 487K, 76% free 1431K/5955K, paused 1ms+0ms
D/dalvikvm( 1326): GC_CONCURRENT freed 515K, 77% free 1425K/5955K, paused 1ms+1ms
D/dalvikvm( 1326): GC_CONCURRENT freed 509K, 77% free 1423K/5955K, paused 1ms+1ms
D/dalvikvm( 1326): GC_CONCURRENT freed 503K, 78% free 1343K/5955K, paused 0ms+1ms
D/dalvikvm( 1326): GC_CONCURRENT freed 415K, 75% free 1495K/5955K, paused 0ms+1ms
D/dalvikvm( 1326): GC_CONCURRENT freed 567K, 77% free 1422K/5955K, paused 1ms+2ms
D/dalvikvm( 1326): GC_CONCURRENT freed 500K, 78% free 1326K/5955K, paused 1ms+1ms
D/dalvikvm( 1326): GC_CONCURRENT freed 412K, 77% free 1426K/5955K, paused 1ms+2ms
D/dalvikvm( 1326): GC_CONCURRENT freed 500K, 78% free 1323K/5955K, paused 1ms+1ms
D/dalvikvm( 1326): GC_CONCURRENT freed 393K, 77% free 1370K/5955K, paused 1ms+1ms
D/dalvikvm( 1326): GC_CONCURRENT freed 456K, 77% free 1422K/5955K, paused 1ms+1ms
D/dalvikvm( 1326): GC_CONCURRENT freed 493K, 77% free 1426K/5955K, paused 1ms+1ms
D/dalvikvm( 1326): GC_CONCURRENT freed 502K, 78% free 1339K/5955K, paused 1ms+1ms
D/dalvikvm( 1326): GC_CONCURRENT freed 416K, 76% free 1433K/5955K, paused 1ms+1ms
D/dalvikvm( 1326): GC_CONCURRENT freed 516K, 77% free 1422K/5955K, paused 1ms+1ms
D/dalvikvm( 1326): GC_CONCURRENT freed 488K, 78% free 1326K/5955K, paused 0ms+1ms
D/dalvikvm( 1326): GC_CONCURRENT freed 402K, 76% free 1433K/5955K, paused 1ms+1ms
D/dalvikvm( 1326): GC_CONCURRENT freed 516K, 79% free 1308K/5955K, paused 1ms+1ms
D/dalvikvm( 1326): GC_CONCURRENT freed 394K, 77% free 1420K/5955K, paused 0ms+1ms
D/dalvikvm( 1326): GC_CONCURRENT freed 496K, 79% free 1308K/5955K, paused 0ms+1ms
D/dalvikvm( 1326): GC_CONCURRENT freed 396K, 77% free 1421K/5955K, paused 1ms+1ms
D/dalvikvm( 1326): GC_CONCURRENT freed 486K, 76% free 1446K/5955K, paused 0ms+1ms
D/dalvikvm( 1326): GC_CONCURRENT freed 524K, 76% free 1434K/5955K, paused 1ms+1ms
D/dalvikvm( 1326): GC_CONCURRENT freed 518K, 77% free 1422K/5955K, paused 1ms+1ms
D/dalvikvm( 1326): GC_CONCURRENT freed 489K, 78% free 1321K/5955K, paused 1ms+1ms
D/dalvikvm( 1326): GC_FOR_ALLOC freed 523K, 79% free 1304K/5955K, paused 10ms
D/dalvikvm( 1326): GC_CONCURRENT freed 6K, 76% free 1436K/5955K, paused 1ms+1ms
D/HomePlayerLib( 1326): hostaddress count is 2
D/dalvikvm( 1326): GC_CONCURRENT freed 525K, 77% free 1420K/5955K, paused 0ms+1ms
D/dalvikvm( 1326): GC_CONCURRENT freed 499K, 79% free 1306K/5955K, paused 0ms+0ms
D/dalvikvm( 1326): GC_CONCURRENT freed 379K, 77% free 1428K/5955K, paused 1ms+1ms
D/dalvikvm( 1326): GC_CONCURRENT freed 510K, 79% free 1301K/5955K, paused 1ms+1ms
D/dalvikvm( 1326): GC_CONCURRENT freed 376K, 78% free 1323K/5955K, paused 1ms+1ms
D/dalvikvm( 1326): GC_CONCURRENT freed 420K, 76% free 1485K/5955K, paused 1ms+1ms
D/dalvikvm( 1326): GC_CONCURRENT freed 568K, 78% free 1347K/5955K, paused 1ms+1ms
D/dalvikvm( 1326): GC_CONCURRENT freed 417K, 78% free 1325K/5955K, paused 1ms+1ms
D/dalvikvm( 1326): GC_CONCURRENT freed 403K, 76% free 1432K/5955K, paused 0ms+1ms
D/dalvikvm( 1326): GC_CONCURRENT freed 506K, 77% free 1412K/5955K, paused 1ms+1ms
D/dalvikvm( 1326): GC_CONCURRENT freed 486K, 76% free 1437K/5955K, paused 1ms+1ms
D/dalvikvm( 1326): GC_CONCURRENT freed 518K, 77% free 1427K/5955K, paused 0ms+1ms
D/dalvikvm( 1326): GC_CONCURRENT freed 514K, 78% free 1324K/5955K, paused 1ms+1ms
D/dalvikvm( 1326): GC_CONCURRENT freed 403K, 76% free 1430K/5955K, paused 1ms+1ms
D/dalvikvm( 1326): GC_CONCURRENT freed 503K, 76% free 1439K/5955K, paused 1ms+1ms
D/dalvikvm( 1326): GC_CONCURRENT freed 535K, 76% free 1463K/5955K, paused 1ms+1ms
D/dalvikvm( 1326): GC_CONCURRENT freed 532K, 77% free 1406K/5955K, paused 0ms+1ms
D/dalvikvm( 1326): GC_CONCURRENT freed 472K, 78% free 1330K/5955K, paused 0ms+1ms
D/dalvikvm( 1326): GC_CONCURRENT freed 416K, 79% free 1297K/5955K, paused 0ms+1ms
D/dalvikvm( 1326): GC_CONCURRENT freed 371K, 78% free 1317K/5955K, paused 1ms+1ms
D/dalvikvm( 1326): GC_CONCURRENT freed 394K, 78% free 1318K/5955K, paused 1ms+1ms
D/dalvikvm( 1326): GC_CONCURRENT freed 392K, 78% free 1318K/5955K, paused 1ms+1ms
D/dalvikvm( 1326): GC_CONCURRENT freed 392K, 78% free 1319K/5955K, paused 1ms+1ms
D/dalvikvm( 1326): GC_CONCURRENT freed 393K, 78% free 1319K/5955K, paused 0ms+1ms
D/dalvikvm( 1326): GC_CONCURRENT freed 393K, 78% free 1319K/5955K, paused 1ms+1ms
D/dalvikvm( 1326): GC_CONCURRENT freed 394K, 78% free 1366K/5955K, paused 1ms+1ms
D/dalvikvm( 1326): GC_CONCURRENT freed 549K, 79% free 1295K/5955K, paused 0ms+1ms
D/dalvikvm( 1326): GC_CONCURRENT freed 366K, 78% free 1319K/5955K, paused 1ms+1ms
D/dalvikvm( 1326): GC_CONCURRENT freed 392K, 78% free 1319K/5955K, paused 1ms+1ms
D/dalvikvm( 1326): GC_CONCURRENT freed 393K, 78% free 1319K/5955K, paused 1ms+1ms
D/dalvikvm( 1326): GC_CONCURRENT freed 393K, 78% free 1320K/5955K, paused 1ms+1ms
D/dalvikvm( 1326): GC_CONCURRENT freed 393K, 78% free 1320K/5955K, paused 1ms+1ms
D/HomePlayerLib( 1326): hostaddress count is 2
D/dalvikvm( 1326): GC_CONCURRENT freed 411K, 79% free 1305K/5955K, paused 1ms+1ms
D/dalvikvm( 1326): GC_CONCURRENT freed 387K, 77% free 1418K/5955K, paused 1ms+1ms
D/dalvikvm( 1326): GC_CONCURRENT freed 488K, 76% free 1438K/5955K, paused 1ms+1ms
D/dalvikvm( 1326): GC_CONCURRENT freed 522K, 77% free 1421K/5955K, paused 1ms+1ms
D/dalvikvm( 1326): GC_CONCURRENT freed 502K, 76% free 1438K/5955K, paused 1ms+1ms
D/dalvikvm( 1326): GC_CONCURRENT freed 506K, 76% free 1444K/5955K, paused 1ms+1ms
D/dalvikvm( 1326): GC_CONCURRENT freed 517K, 78% free 1325K/5955K, paused 1ms+1ms
D/dalvikvm( 1326): GC_CONCURRENT freed 394K, 78% free 1322K/5955K, paused 1ms+1ms
D/dalvikvm( 1326): GC_CONCURRENT freed 391K, 78% free 1324K/5955K, paused 1ms+1ms
D/dalvikvm( 1326): GC_CONCURRENT freed 371K, 78% free 1337K/5955K, paused 1ms+1ms
D/dalvikvm( 1326): GC_CONCURRENT freed 438K, 77% free 1413K/5955K, paused 1ms+1ms
D/dalvikvm( 1326): GC_CONCURRENT freed 475K, 77% free 1408K/5955K, paused 1ms+1ms
D/dalvikvm( 1326): GC_CONCURRENT freed 476K, 76% free 1439K/5955K, paused 1ms+1ms
D/dalvikvm( 1326): GC_CONCURRENT freed 525K, 77% free 1426K/5955K, paused 0ms+1ms
D/dalvikvm( 1326): GC_CONCURRENT freed 468K, 76% free 1441K/5955K, paused 1ms+1ms
D/dalvikvm( 1326): GC_CONCURRENT freed 514K, 76% free 1463K/5955K, paused 1ms+1ms
D/dalvikvm( 1326): GC_CONCURRENT freed 547K, 77% free 1427K/5955K, paused 0ms+1ms
D/dalvikvm( 1326): GC_CONCURRENT freed 509K, 77% free 1395K/5955K, paused 1ms+1ms
D/dalvikvm( 1326): GC_CONCURRENT freed 455K, 78% free 1325K/5955K, paused 1ms+1ms
D/dalvikvm( 1326): GC_CONCURRENT freed 410K, 78% free 1312K/5955K, paused 0ms+1ms
D/dalvikvm( 1326): GC_CONCURRENT freed 393K, 78% free 1312K/5955K, paused 1ms+1ms
D/dalvikvm( 1326): GC_CONCURRENT freed 393K, 78% free 1311K/5955K, paused 1ms+1ms
D/dalvikvm( 1326): GC_CONCURRENT freed 378K, 78% free 1321K/5955K, paused 1ms+1ms
D/dalvikvm( 1326): GC_CONCURRENT freed 394K, 78% free 1320K/5955K, paused 1ms+1ms
D/dalvikvm( 1326): GC_CONCURRENT freed 404K, 78% free 1316K/5955K, paused 1ms+1ms
D/dalvikvm( 1326): GC_CONCURRENT freed 396K, 79% free 1306K/5955K, paused 1ms+1ms
D/dalvikvm( 1326): GC_CONCURRENT freed 392K, 79% free 1306K/5955K, paused 0ms+1ms
D/dalvikvm( 1326): GC_CONCURRENT freed 392K, 77% free 1416K/5955K, paused 1ms+1ms
D/dalvikvm( 1326): GC_CONCURRENT freed 487K, 78% free 1321K/5955K, paused 1ms+1ms
D/dalvikvm( 1326): GC_CONCURRENT freed 394K, 78% free 1320K/5955K, paused 1ms+1ms
D/dalvikvm( 1326): GC_CONCURRENT freed 405K, 78% free 1317K/5955K, paused 1ms+1ms
D/dalvikvm( 1326): GC_CONCURRENT freed 407K, 79% free 1303K/5955K, paused 1ms+2ms
D/dalvikvm( 1326): GC_CONCURRENT freed 381K, 78% free 1315K/5955K, paused 1ms+1ms
D/dalvikvm( 1326): GC_CONCURRENT freed 393K, 78% free 1315K/5955K, paused 1ms+1ms
D/dalvikvm( 1326): GC_CONCURRENT freed 393K, 78% free 1316K/5955K, paused 1ms+1ms
D/dalvikvm( 1326): GC_CONCURRENT freed 393K, 78% free 1316K/5955K, paused 0ms+1ms
D/dalvikvm( 1326): GC_CONCURRENT freed 393K, 78% free 1333K/5955K, paused 1ms+1ms
D/HomePlayerLib( 1326): hostaddress count is 2
D/dalvikvm( 1326): GC_CONCURRENT freed 423K, 78% free 1313K/5955K, paused 1ms+1ms
D/dalvikvm( 1326): GC_CONCURRENT freed 388K, 78% free 1317K/5955K, paused 1ms+1ms
D/dalvikvm( 1326): GC_CONCURRENT freed 404K, 78% free 1314K/5955K, paused 1ms+1ms
D/dalvikvm( 1326): GC_CONCURRENT freed 378K, 78% free 1322K/5955K, paused 1ms+1ms
D/dalvikvm( 1326): GC_CONCURRENT freed 390K, 78% free 1324K/5955K, paused 1ms+1ms
D/dalvikvm( 1326): GC_CONCURRENT freed 392K, 77% free 1404K/5955K, paused 1ms+1ms
D/dalvikvm( 1326): GC_CONCURRENT freed 482K, 78% free 1322K/5955K, paused 1ms+2ms
D/dalvikvm( 1326): GC_CONCURRENT freed 409K, 78% free 1322K/5955K, paused 1ms+1ms
D/dalvikvm( 1326): GC_CONCURRENT freed 393K, 78% free 1324K/5955K, paused 1ms+2ms
D/dalvikvm( 1326): GC_CONCURRENT freed 390K, 78% free 1320K/5955K, paused 1ms+1ms
D/dalvikvm( 1326): GC_CONCURRENT freed 406K, 76% free 1450K/5955K, paused 1ms+1ms
D/dalvikvm( 1326): GC_CONCURRENT freed 531K, 76% free 1430K/5955K, paused 1ms+1ms
D/dalvikvm( 1326): GC_CONCURRENT freed 509K, 77% free 1426K/5955K, paused 1ms+1ms
D/dalvikvm( 1326): GC_CONCURRENT freed 487K, 78% free 1328K/5955K, paused 1ms+1ms
D/dalvikvm( 1326): GC_CONCURRENT freed 401K, 78% free 1312K/5955K, paused 1ms+1ms
D/dalvikvm( 1326): GC_CONCURRENT freed 381K, 77% free 1427K/5955K, paused 0ms+1ms
D/dalvikvm( 1326): GC_CONCURRENT freed 503K, 76% free 1432K/5955K, paused 1ms+1ms
D/dalvikvm( 1326): GC_CONCURRENT freed 521K, 79% free 1296K/5955K, paused 0ms+1ms
D/dalvikvm( 1326): GC_CONCURRENT freed 384K, 78% free 1320K/5955K, paused 1ms+1ms
D/dalvikvm( 1326): GC_CONCURRENT freed 395K, 78% free 1319K/5955K, paused 1ms+1ms
D/dalvikvm( 1326): GC_CONCURRENT freed 394K, 78% free 1319K/5955K, paused 0ms+1ms
D/dalvikvm( 1326): GC_CONCURRENT freed 393K, 78% free 1319K/5955K, paused 1ms+1ms
D/dalvikvm( 1326): GC_CONCURRENT freed 393K, 78% free 1319K/5955K, paused 1ms+1ms
D/dalvikvm( 1326): GC_CONCURRENT freed 393K, 78% free 1319K/5955K, paused 1ms+1ms
D/dalvikvm( 1326): GC_CONCURRENT freed 403K, 79% free 1305K/5955K, paused 1ms+1ms
D/dalvikvm( 1326): GC_CONCURRENT freed 396K, 79% free 1293K/5955K, paused 1ms+1ms
D/dalvikvm( 1326): GC_CONCURRENT freed 382K, 79% free 1303K/5955K, paused 0ms+1ms
D/dalvikvm( 1326): GC_CONCURRENT freed 383K, 79% free 1305K/5955K, paused 1ms+1ms
D/dalvikvm( 1326): GC_CONCURRENT freed 391K, 76% free 1429K/5955K, paused 1ms+1ms
D/dalvikvm( 1326): GC_CONCURRENT freed 513K, 79% free 1300K/5955K, paused 1ms+1ms
D/dalvikvm( 1326): GC_CONCURRENT freed 367K, 78% free 1319K/5955K, paused 0ms+0ms
D/dalvikvm( 1326): GC_CONCURRENT freed 391K, 78% free 1320K/5955K, paused 0ms+1ms
D/dalvikvm( 1326): GC_CONCURRENT freed 403K, 79% free 1308K/5955K, paused 1ms+1ms
D/dalvikvm( 1326): GC_CONCURRENT freed 395K, 77% free 1421K/5955K, paused 1ms+1ms
D/dalvikvm( 1326): GC_CONCURRENT freed 486K, 78% free 1320K/5955K, paused 1ms+0ms
D/dalvikvm( 1326): GC_CONCURRENT freed 394K, 77% free 1406K/5955K, paused 1ms+1ms
D/dalvikvm( 1326): GC_CONCURRENT freed 485K, 79% free 1309K/5955K, paused 1ms+1ms
D/dalvikvm( 1326): GC_CONCURRENT freed 397K, 79% free 1298K/5955K, paused 1ms+1ms
D/dalvikvm( 1326): GC_CONCURRENT freed 390K, 77% free 1415K/5955K, paused 1ms+1ms
D/HomePlayerLib( 1326): hostaddress count is 2
D/dalvikvm( 1326): GC_CONCURRENT freed 496K, 77% free 1405K/5955K, paused 0ms+1ms
D/dalvikvm( 1326): GC_CONCURRENT freed 492K, 77% free 1420K/5955K, paused 1ms+1ms
D/dalvikvm( 1326): GC_CONCURRENT freed 500K, 77% free 1405K/5955K, paused 0ms+1ms
D/dalvikvm( 1326): GC_CONCURRENT freed 481K, 78% free 1313K/5955K, paused 1ms+1ms
D/dalvikvm( 1326): GC_CONCURRENT freed 396K, 77% free 1428K/5955K, paused 1ms+1ms
D/dalvikvm( 1326): GC_CONCURRENT freed 512K, 77% free 1426K/5955K, paused 1ms+1ms
D/dalvikvm( 1326): GC_CONCURRENT freed 499K, 77% free 1422K/5955K, paused 1ms+1ms
D/dalvikvm( 1326): GC_CONCURRENT freed 487K, 77% free 1403K/5955K, paused 1ms+1ms
D/dalvikvm( 1326): GC_CONCURRENT freed 480K, 76% free 1434K/5955K, paused 1ms+2ms
D/dalvikvm( 1326): GC_CONCURRENT freed 508K, 78% free 1325K/5955K, paused 1ms+1ms
D/dalvikvm( 1326): GC_CONCURRENT freed 393K, 77% free 1374K/5955K, paused 1ms+1ms
D/dalvikvm( 1326): GC_CONCURRENT freed 460K, 78% free 1310K/5955K, paused 1ms+1ms
D/dalvikvm( 1326): GC_CONCURRENT freed 392K, 78% free 1320K/5955K, paused 1ms+1ms
D/dalvikvm( 1326): GC_CONCURRENT freed 405K, 78% free 1331K/5955K, paused 0ms+1ms
D/dalvikvm( 1326): GC_CONCURRENT freed 415K, 79% free 1300K/5955K, paused 1ms+1ms
D/dalvikvm( 1326): GC_CONCURRENT freed 368K, 78% free 1319K/5955K, paused 0ms+0ms
D/dalvikvm( 1326): GC_CONCURRENT freed 396K, 78% free 1318K/5955K, paused 1ms+1ms
D/dalvikvm( 1326): GC_CONCURRENT freed 392K, 78% free 1319K/5955K, paused 0ms+1ms
D/dalvikvm( 1326): GC_CONCURRENT freed 392K, 78% free 1319K/5955K, paused 1ms+1ms
D/dalvikvm( 1326): GC_CONCURRENT freed 393K, 77% free 1425K/5955K, paused 1ms+1ms
D/dalvikvm( 1326): GC_CONCURRENT freed 512K, 79% free 1297K/5955K, paused 0ms+1ms
D/dalvikvm( 1326): GC_CONCURRENT freed 381K, 78% free 1319K/5955K, paused 1ms+1ms
D/dalvikvm( 1326): GC_CONCURRENT freed 394K, 78% free 1319K/5955K, paused 0ms+1ms
D/dalvikvm( 1326): GC_CONCURRENT freed 393K, 77% free 1425K/5955K, paused 1ms+1ms
D/dalvikvm( 1326): GC_CONCURRENT freed 501K, 79% free 1308K/5955K, paused 1ms+1ms
D/dalvikvm( 1326): GC_CONCURRENT freed 394K, 78% free 1338K/5955K, paused 1ms+1ms
D/dalvikvm( 1326): GC_CONCURRENT freed 418K, 79% free 1307K/5955K, paused 1ms+1ms
D/PushMsgCenter( 1634): mDownUpRun run while (true)
D/PushMsgCenter( 1634): down  
D/PushMsgCenter( 1634): down conn.getResponseCode() status = 404
D/CheckNetWork( 1665): isOk true
D/CheckNetWork( 1665): ActInfoNetworkInfo: type: ETH[], state: CONNECTED/CONNECTED, reason: (unspecified), extra: (none), roaming: false, failover: false, isAvailable: true
D/CheckNetWork( 1665): infoNetworkInfo: type: ETH[], state: CONNECTED/CONNECTED, reason: (unspecified), extra: (none), roaming: false, failover: false, isAvailable: true
D/dalvikvm( 1326): GC_CONCURRENT freed 392K, 78% free 1317K/5955K, paused 1ms+1ms
D/HomePlayerLib( 1326): hostaddress count is 2
D/dalvikvm( 1326): GC_CONCURRENT freed 402K, 78% free 1313K/5955K, paused 1ms+1ms
D/dalvikvm( 1326): GC_CONCURRENT freed 387K, 78% free 1317K/5955K, paused 1ms+1ms
D/dalvikvm( 1326): GC_CONCURRENT freed 403K, 78% free 1315K/5955K, paused 1ms+1ms
D/dalvikvm( 1326): GC_CONCURRENT freed 378K, 78% free 1322K/5955K, paused 0ms+1ms
D/dalvikvm( 1326): GC_CONCURRENT freed 390K, 78% free 1323K/5955K, paused 1ms+1ms
D/dalvikvm( 1326): GC_CONCURRENT freed 400K, 78% free 1321K/5955K, paused 1ms+1ms
D/dalvikvm( 1326): GC_CONCURRENT freed 408K, 75% free 1507K/5955K, paused 1ms+1ms
D/dalvikvm( 1326): GC_CONCURRENT freed 581K, 78% free 1322K/5955K, paused 1ms+2ms
D/dalvikvm( 1326): GC_CONCURRENT freed 411K, 79% free 1296K/5955K, paused 1ms+1ms
D/dalvikvm( 1326): GC_CONCURRENT freed 371K, 76% free 1435K/5955K, paused 0ms+1ms
D/dalvikvm( 1326): GC_CONCURRENT freed 493K, 76% free 1441K/5955K, paused 1ms+1ms
D/dalvikvm( 1326): GC_CONCURRENT freed 508K, 78% free 1324K/5955K, paused 0ms+1ms
D/dalvikvm( 1326): GC_CONCURRENT freed 404K, 77% free 1378K/5955K, paused 1ms+1ms
D/dalvikvm( 1326): GC_CONCURRENT freed 529K, 78% free 1325K/5955K, paused 1ms+1ms
D/dalvikvm( 1326): GC_CONCURRENT freed 406K, 75% free 1534K/5955K, paused 1ms+1ms
D/dalvikvm( 1326): GC_CONCURRENT freed 603K, 78% free 1321K/5955K, paused 1ms+1ms
D/dalvikvm( 1326): GC_CONCURRENT freed 395K, 77% free 1425K/5955K, paused 0ms+1ms
D/dalvikvm( 1326): GC_CONCURRENT freed 513K, 79% free 1297K/5955K, paused 1ms+1ms
D/dalvikvm( 1326): GC_CONCURRENT freed 379K, 77% free 1427K/5955K, paused 1ms+1ms
D/dalvikvm( 1326): GC_CONCURRENT freed 515K, 78% free 1320K/5955K, paused 0ms+1ms
D/dalvikvm( 1326): GC_CONCURRENT freed 395K, 77% free 1406K/5955K, paused 1ms+1ms
D/dalvikvm( 1326): GC_CONCURRENT freed 485K, 76% free 1433K/5955K, paused 1ms+1ms
D/dalvikvm( 1326): GC_CONCURRENT freed 518K, 77% free 1422K/5955K, paused 1ms+1ms
D/dalvikvm( 1326): GC_CONCURRENT freed 486K, 78% free 1326K/5955K, paused 1ms+1ms
D/dalvikvm( 1326): GC_CONCURRENT freed 403K, 76% free 1433K/5955K, paused 1ms+2ms
D/dalvikvm( 1326): GC_CONCURRENT freed 517K, 79% free 1300K/5955K, paused 1ms+1ms
D/dalvikvm( 1326): GC_CONCURRENT freed 365K, 76% free 1442K/5955K, paused 0ms+1ms
D/dalvikvm( 1326): GC_CONCURRENT freed 523K, 77% free 1425K/5955K, paused 1ms+1ms
D/dalvikvm( 1326): GC_CONCURRENT freed 490K, 78% free 1320K/5955K, paused 1ms+1ms
D/dalvikvm( 1326): GC_CONCURRENT freed 394K, 78% free 1319K/5955K, paused 0ms+1ms
D/dalvikvm( 1326): GC_CONCURRENT freed 393K, 77% free 1406K/5955K, paused 1ms+1ms
D/dalvikvm( 1326): GC_CONCURRENT freed 482K, 76% free 1434K/5955K, paused 1ms+1ms
D/dalvikvm( 1326): GC_CONCURRENT freed 518K, 77% free 1422K/5955K, paused 0ms+1ms
D/dalvikvm( 1326): GC_CONCURRENT freed 488K, 78% free 1321K/5955K, paused 0ms+1ms
D/dalvikvm( 1326): GC_CONCURRENT freed 405K, 79% free 1308K/5955K, paused 1ms+2ms
D/dalvikvm( 1326): GC_CONCURRENT freed 392K, 78% free 1317K/5955K, paused 1ms+1ms
D/HomePlayerLib( 1326): hostaddress count is 2
D/dalvikvm( 1326): GC_CONCURRENT freed 402K, 79% free 1304K/5955K, paused 1ms+0ms
D/dalvikvm( 1326): GC_CONCURRENT freed 387K, 78% free 1317K/5955K, paused 1ms+1ms
D/dalvikvm( 1326): GC_CONCURRENT freed 403K, 79% free 1306K/5955K, paused 1ms+1ms
D/dalvikvm( 1326): GC_CONCURRENT freed 378K, 78% free 1322K/5955K, paused 1ms+1ms
D/dalvikvm( 1326): GC_CONCURRENT freed 390K, 78% free 1323K/5955K, paused 1ms+1ms
D/dalvikvm( 1326): GC_CONCURRENT freed 415K, 78% free 1341K/5955K, paused 1ms+1ms
D/dalvikvm( 1326): GC_CONCURRENT freed 401K, 77% free 1396K/5955K, paused 1ms+1ms
D/dalvikvm( 1326): GC_CONCURRENT freed 462K, 78% free 1320K/5955K, paused 1ms+1ms
D/dalvikvm( 1326): GC_CONCURRENT freed 407K, 77% free 1373K/5955K, paused 1ms+1ms
D/dalvikvm( 1326): GC_CONCURRENT freed 433K, 78% free 1329K/5955K, paused 1ms+1ms
D/dalvikvm( 1326): GC_CONCURRENT freed 403K, 77% free 1420K/5955K, paused 1ms+1ms
D/dalvikvm( 1326): GC_CONCURRENT freed 489K, 78% free 1324K/5955K, paused 1ms+1ms
D/dalvikvm( 1326): GC_CONCURRENT freed 394K, 78% free 1322K/5955K, paused 1ms+1ms
D/dalvikvm( 1326): GC_CONCURRENT freed 400K, 78% free 1325K/5955K, paused 0ms+1ms
D/dalvikvm( 1326): GC_CONCURRENT freed 397K, 78% free 1367K/5955K, paused 1ms+2ms
D/dalvikvm( 1326): GC_CONCURRENT freed 445K, 79% free 1308K/5955K, paused 1ms+1ms
D/dalvikvm( 1326): GC_CONCURRENT freed 396K, 77% free 1421K/5955K, paused 1ms+1ms
D/dalvikvm( 1326): GC_CONCURRENT freed 488K, 76% free 1445K/5955K, paused 1ms+1ms
D/dalvikvm( 1326): GC_CONCURRENT freed 524K, 77% free 1425K/5955K, paused 0ms+1ms
D/dalvikvm( 1326): GC_CONCURRENT freed 490K, 78% free 1320K/5955K, paused 1ms+1ms
D/dalvikvm( 1326): GC_CONCURRENT freed 394K, 78% free 1319K/5955K, paused 0ms+1ms
D/dalvikvm( 1326): GC_CONCURRENT freed 393K, 78% free 1319K/5955K, paused 1ms+1ms
D/dalvikvm( 1326): GC_CONCURRENT freed 393K, 78% free 1319K/5955K, paused 0ms+1ms
D/dalvikvm( 1326): GC_CONCURRENT freed 393K, 78% free 1319K/5955K, paused 1ms+1ms
D/dalvikvm( 1326): GC_CONCURRENT freed 401K, 77% free 1423K/5955K, paused 0ms+1ms
D/dalvikvm( 1326): GC_CONCURRENT freed 490K, 76% free 1445K/5955K, paused 0ms+1ms
D/dalvikvm( 1326): GC_CONCURRENT freed 515K, 78% free 1326K/5955K, paused 1ms+1ms
D/dalvikvm( 1326): GC_CONCURRENT freed 406K, 79% free 1308K/5955K, paused 1ms+1ms
D/dalvikvm( 1326): GC_CONCURRENT freed 392K, 77% free 1382K/5955K, paused 1ms+2ms
D/dalvikvm( 1326): GC_CONCURRENT freed 455K, 78% free 1318K/5955K, paused 0ms+1ms
D/HomePlayerLib( 1326): hostaddress count is 2
D/dalvikvm( 1326): GC_CONCURRENT freed 402K, 78% free 1330K/5955K, paused 1ms+1ms
D/dalvikvm( 1326): GC_CONCURRENT freed 422K, 78% free 1314K/5955K, paused 1ms+1ms
D/dalvikvm( 1326): GC_CONCURRENT freed 378K, 78% free 1321K/5955K, paused 1ms+1ms
D/dalvikvm( 1326): GC_CONCURRENT freed 391K, 77% free 1406K/5955K, paused 1ms+1ms
D/dalvikvm( 1326): GC_CONCURRENT freed 473K, 76% free 1431K/5955K, paused 1ms+1ms
D/dalvikvm( 1326): GC_CONCURRENT freed 514K, 79% free 1306K/5955K, paused 0ms+1ms
D/dalvikvm( 1326): GC_CONCURRENT freed 377K, 76% free 1447K/5955K, paused 0ms+1ms
D/dalvikvm( 1326): GC_CONCURRENT freed 515K, 76% free 1429K/5955K, paused 0ms+1ms
D/dalvikvm( 1326): GC_CONCURRENT freed 517K, 78% free 1329K/5955K, paused 0ms+1ms
D/dalvikvm( 1326): GC_CONCURRENT freed 413K, 77% free 1421K/5955K, paused 1ms+1ms
D/dalvikvm( 1326): GC_CONCURRENT freed 488K, 78% free 1324K/5955K, paused 0ms+1ms
D/dalvikvm( 1326): GC_CONCURRENT freed 393K, 77% free 1409K/5955K, paused 1ms+1ms
D/dalvikvm( 1326): GC_CONCURRENT freed 480K, 77% free 1423K/5955K, paused 1ms+1ms
D/dalvikvm( 1326): GC_CONCURRENT freed 490K, 78% free 1323K/5955K, paused 0ms+1ms
D/dalvikvm( 1326): GC_CONCURRENT freed 395K, 78% free 1314K/5955K, paused 1ms+1ms
D/dalvikvm( 1326): GC_CONCURRENT freed 392K, 78% free 1322K/5955K, paused 1ms+1ms
D/dalvikvm( 1326): GC_CONCURRENT freed 390K, 78% free 1324K/5955K, paused 0ms+1ms
D/dalvikvm( 1326): GC_CONCURRENT freed 393K, 78% free 1325K/5955K, paused 1ms+1ms
D/dalvikvm( 1326): GC_CONCURRENT freed 415K, 77% free 1421K/5955K, paused 0ms+1ms
D/dalvikvm( 1326): GC_CONCURRENT freed 494K, 76% free 1445K/5955K, paused 0ms+1ms
D/dalvikvm( 1326): GC_CONCURRENT freed 515K, 78% free 1322K/5955K, paused 1ms+1ms
D/dalvikvm( 1326): GC_CONCURRENT freed 406K, 78% free 1333K/5955K, paused 1ms+1ms
D/dalvikvm( 1326): GC_CONCURRENT freed 407K, 78% free 1319K/5955K, paused 1ms+1ms
D/dalvikvm( 1326): GC_CONCURRENT freed 392K, 78% free 1319K/5955K, paused 1ms+1ms
D/dalvikvm( 1326): GC_CONCURRENT freed 393K, 78% free 1319K/5955K, paused 1ms+1ms
D/dalvikvm( 1326): GC_CONCURRENT freed 393K, 78% free 1319K/5955K, paused 1ms+1ms
D/dalvikvm( 1326): GC_CONCURRENT freed 431K, 78% free 1320K/5955K, paused 1ms+1ms
D/dalvikvm( 1326): GC_CONCURRENT freed 392K, 78% free 1320K/5955K, paused 2ms+1ms
D/dalvikvm( 1326): GC_CONCURRENT freed 402K, 78% free 1317K/5955K, paused 1ms+1ms
D/dalvikvm( 1326): GC_CONCURRENT freed 396K, 79% free 1306K/5955K, paused 1ms+1ms
D/dalvikvm( 1326): GC_CONCURRENT freed 393K, 78% free 1315K/5955K, paused 0ms+1ms
D/dalvikvm( 1326): GC_CONCURRENT freed 404K, 77% free 1417K/5955K, paused 1ms+1ms
D/dalvikvm( 1326): GC_CONCURRENT freed 500K, 78% free 1339K/5955K, paused 1ms+1ms
D/dalvikvm( 1326): GC_CONCURRENT freed 418K, 79% free 1308K/5955K, paused 1ms+2ms
D/dalvikvm( 1326): GC_CONCURRENT freed 396K, 77% free 1421K/5955K, paused 1ms+1ms
D/dalvikvm( 1326): GC_CONCURRENT freed 488K, 78% free 1320K/5955K, paused 1ms+1ms
D/dalvikvm( 1326): GC_CONCURRENT freed 404K, 79% free 1305K/5955K, paused 1ms+1ms
D/HomePlayerLib( 1326): hostaddress count is 2
D/dalvikvm( 1326): GC_CONCURRENT freed 387K, 78% free 1318K/5955K, paused 1ms+1ms
D/dalvikvm( 1326): GC_CONCURRENT freed 409K, 79% free 1305K/5955K, paused 0ms+1ms
D/dalvikvm( 1326): GC_CONCURRENT freed 379K, 78% free 1321K/5955K, paused 1ms+1ms
D/dalvikvm( 1326): GC_CONCURRENT freed 395K, 78% free 1312K/5955K, paused 1ms+1ms
D/dalvikvm( 1326): GC_CONCURRENT freed 382K, 78% free 1323K/5955K, paused 1ms+1ms
D/dalvikvm( 1326): GC_CONCURRENT freed 397K, 78% free 1323K/5955K, paused 1ms+1ms
D/dalvikvm( 1326): GC_CONCURRENT freed 393K, 77% free 1409K/5955K, paused 1ms+1ms
D/dalvikvm( 1326): GC_CONCURRENT freed 481K, 76% free 1439K/5955K, paused 1ms+1ms
D/dalvikvm( 1326): GC_CONCURRENT freed 578K, 77% free 1372K/5955K, paused 1ms+2ms
D/dalvikvm( 1326): GC_CONCURRENT freed 484K, 77% free 1400K/5955K, paused 1ms+1ms
D/dalvikvm( 1326): GC_CONCURRENT freed 481K, 79% free 1303K/5955K, paused 1ms+1ms
D/dalvikvm( 1326): GC_CONCURRENT freed 381K, 76% free 1433K/5955K, paused 1ms+1ms
D/dalvikvm( 1326): GC_CONCURRENT freed 500K, 78% free 1328K/5955K, paused 1ms+1ms
D/dalvikvm( 1326): GC_CONCURRENT freed 398K, 73% free 1633K/5955K, paused 0ms+1ms
D/dalvikvm( 1326): GC_CONCURRENT freed 705K, 78% free 1314K/5955K, paused 1ms+1ms
D/dalvikvm( 1326): GC_CONCURRENT freed 397K, 77% free 1429K/5955K, paused 1ms+1ms
D/dalvikvm( 1326): GC_CONCURRENT freed 500K, 77% free 1419K/5955K, paused 1ms+1ms
D/dalvikvm( 1326): GC_CONCURRENT freed 517K, 78% free 1321K/5955K, paused 0ms+1ms
D/dalvikvm( 1326): GC_CONCURRENT freed 387K, 78% free 1348K/5955K, paused 1ms+1ms
D/dalvikvm( 1326): GC_CONCURRENT freed 427K, 75% free 1507K/5955K, paused 0ms+1ms
D/dalvikvm( 1326): GC_CONCURRENT freed 594K, 79% free 1306K/5955K, paused 1ms+1ms
D/dalvikvm( 1326): GC_CONCURRENT freed 380K, 78% free 1319K/5955K, paused 1ms+1ms
D/dalvikvm( 1326): GC_CONCURRENT freed 444K, 77% free 1380K/5955K, paused 1ms+1ms
D/dalvikvm( 1326): GC_CONCURRENT freed 445K, 77% free 1407K/5955K, paused 1ms+1ms
D/dalvikvm( 1326): GC_CONCURRENT freed 485K, 79% free 1308K/5955K, paused 0ms+1ms
D/dalvikvm( 1326): GC_CONCURRENT freed 397K, 79% free 1298K/5955K, paused 1ms+1ms
D/dalvikvm( 1326): GC_CONCURRENT freed 377K, 76% free 1432K/5955K, paused 1ms+1ms
D/HomePlayerLib( 1326): hostaddress count is 2
D/dalvikvm( 1326): GC_CONCURRENT freed 500K, 75% free 1513K/5955K, paused 0ms+1ms
D/dalvikvm( 1326): GC_CONCURRENT freed 599K, 76% free 1431K/5955K, paused 1ms+1ms
D/dalvikvm( 1326): GC_CONCURRENT freed 520K, 77% free 1396K/5955K, paused 1ms+1ms
D/dalvikvm( 1326): GC_CONCURRENT freed 462K, 76% free 1448K/5955K, paused 0ms+1ms
D/dalvikvm( 1326): GC_CONCURRENT freed 515K, 77% free 1370K/5955K, paused 1ms+1ms
D/dalvikvm( 1326): GC_CONCURRENT freed 496K, 78% free 1325K/5955K, paused 0ms+1ms
D/dalvikvm( 1326): GC_CONCURRENT freed 396K, 78% free 1324K/5955K, paused 1ms+1ms
D/dalvikvm( 1326): GC_CONCURRENT freed 393K, 78% free 1324K/5955K, paused 0ms+1ms
D/dalvikvm( 1326): GC_CONCURRENT freed 390K, 78% free 1322K/5955K, paused 1ms+1ms
D/dalvikvm( 1326): GC_CONCURRENT freed 404K, 78% free 1311K/5955K, paused 1ms+1ms
D/dalvikvm( 1326): GC_CONCURRENT freed 397K, 78% free 1322K/5955K, paused 1ms+1ms
D/dalvikvm( 1326): GC_CONCURRENT freed 391K, 78% free 1324K/5955K, paused 0ms+1ms
D/dalvikvm( 1326): GC_CONCURRENT freed 402K, 78% free 1311K/5955K, paused 1ms+1ms
D/dalvikvm( 1326): GC_CONCURRENT freed 408K, 77% free 1411K/5955K, paused 1ms+1ms
D/dalvikvm( 1326): GC_CONCURRENT freed 473K, 78% free 1324K/5955K, paused 0ms+1ms
D/dalvikvm( 1326): GC_CONCURRENT freed 393K, 78% free 1322K/5955K, paused 1ms+1ms
D/dalvikvm( 1326): GC_CONCURRENT freed 464K, 79% free 1297K/5955K, paused 1ms+1ms
D/dalvikvm( 1326): GC_CONCURRENT freed 384K, 79% free 1297K/5955K, paused 1ms+1ms
D/dalvikvm( 1326): GC_CONCURRENT freed 369K, 78% free 1317K/5955K, paused 1ms+1ms
D/dalvikvm( 1326): GC_CONCURRENT freed 484K, 78% free 1345K/5955K, paused 0ms+1ms
D/HomePlayerLib( 1326): hostaddress count is 2
D/dalvikvm( 1326): GC_CONCURRENT freed 407K, 78% free 1360K/5955K, paused 1ms+1ms
D/dalvikvm( 1326): GC_CONCURRENT freed 449K, 79% free 1304K/5955K, paused 0ms+1ms
D/dalvikvm( 1326): GC_CONCURRENT freed 389K, 76% free 1483K/5955K, paused 1ms+1ms
D/dalvikvm( 1326): GC_CONCURRENT freed 558K, 77% free 1396K/5955K, paused 0ms+1ms
D/dalvikvm( 1326): GC_CONCURRENT freed 464K, 77% free 1426K/5955K, paused 1ms+1ms
D/dalvikvm( 1326): GC_CONCURRENT freed 498K, 76% free 1438K/5955K, paused 1ms+1ms
D/dalvikvm( 1326): GC_CONCURRENT freed 521K, 79% free 1302K/5955K, paused 1ms+2ms
D/dalvikvm( 1326): GC_CONCURRENT freed 386K, 77% free 1392K/5955K, paused 1ms+1ms
D/dalvikvm( 1326): GC_CONCURRENT freed 464K, 76% free 1439K/5955K, paused 0ms+1ms
D/dalvikvm( 1326): GC_CONCURRENT freed 515K, 78% free 1359K/5955K, paused 1ms+1ms
D/dalvikvm( 1326): GC_CONCURRENT freed 425K, 76% free 1445K/5955K, paused 1ms+1ms
D/dalvikvm( 1326): GC_CONCURRENT freed 525K, 77% free 1426K/5955K, paused 1ms+1ms
D/dalvikvm( 1326): GC_CONCURRENT freed 500K, 76% free 1438K/5955K, paused 0ms+1ms
D/dalvikvm( 1326): GC_CONCURRENT freed 521K, 77% free 1423K/5955K, paused 1ms+1ms
D/dalvikvm( 1326): GC_CONCURRENT freed 501K, 78% free 1343K/5955K, paused 1ms+0ms
D/dalvikvm( 1326): GC_CONCURRENT freed 417K, 78% free 1311K/5955K, paused 1ms+1ms
D/dalvikvm( 1326): GC_CONCURRENT freed 408K, 77% free 1412K/5955K, paused 1ms+1ms
D/dalvikvm( 1326): GC_CONCURRENT freed 473K, 78% free 1324K/5955K, paused 1ms+1ms
D/dalvikvm( 1326): GC_CONCURRENT freed 394K, 77% free 1411K/5955K, paused 1ms+1ms
D/dalvikvm( 1326): GC_CONCURRENT freed 495K, 78% free 1368K/5955K, paused 1ms+0ms
D/dalvikvm( 1326): GC_CONCURRENT freed 435K, 78% free 1324K/5955K, paused 1ms+1ms
D/dalvikvm( 1326): GC_CONCURRENT freed 394K, 78% free 1324K/5955K, paused 0ms+1ms
D/dalvikvm( 1326): GC_CONCURRENT freed 392K, 78% free 1324K/5955K, paused 0ms+1ms
D/dalvikvm( 1326): GC_CONCURRENT freed 405K, 78% free 1321K/5955K, paused 1ms+1ms
D/dalvikvm( 1326): GC_CONCURRENT freed 395K, 78% free 1320K/5955K, paused 1ms+1ms
D/dalvikvm( 1326): GC_CONCURRENT freed 393K, 78% free 1343K/5955K, paused 1ms+1ms
D/dalvikvm( 1326): GC_CONCURRENT freed 417K, 75% free 1506K/5955K, paused 1ms+1ms
D/dalvikvm( 1326): GC_CONCURRENT freed 585K, 79% free 1309K/5955K, paused 1ms+1ms
D/dalvikvm( 1326): GC_CONCURRENT freed 395K, 79% free 1299K/5955K, paused 1ms+1ms
D/dalvikvm( 1326): GC_CONCURRENT freed 365K, 78% free 1319K/5955K, paused 1ms+1ms
D/dalvikvm( 1326): GC_CONCURRENT freed 402K, 79% free 1308K/5955K, paused 1ms+1ms
D/dalvikvm( 1326): GC_CONCURRENT freed 396K, 79% free 1306K/5955K, paused 1ms+1ms
D/dalvikvm( 1326): GC_CONCURRENT freed 394K, 77% free 1416K/5955K, paused 1ms+1ms
D/dalvikvm( 1326): GC_CONCURRENT freed 487K, 77% free 1402K/5955K, paused 1ms+1ms
D/dalvikvm( 1326): GC_CONCURRENT freed 483K, 79% free 1309K/5955K, paused 1ms+1ms
D/dalvikvm( 1326): GC_FOR_ALLOC freed 514K, 79% free 1302K/5955K, paused 10ms
D/dalvikvm( 1326): GC_CONCURRENT freed 4K, 77% free 1420K/5955K, paused 1ms+1ms
D/HomePlayerLib( 1326): hostaddress count is 2
D/dalvikvm( 1326): GC_CONCURRENT freed 498K, 77% free 1370K/5955K, paused 1ms+1ms
D/dalvikvm( 1326): GC_CONCURRENT freed 440K, 76% free 1438K/5955K, paused 1ms+1ms
D/dalvikvm( 1326): GC_CONCURRENT freed 519K, 78% free 1355K/5955K, paused 0ms+1ms
D/dalvikvm( 1326): GC_CONCURRENT freed 429K, 77% free 1420K/5955K, paused 0ms+1ms
D/dalvikvm( 1326): GC_CONCURRENT freed 487K, 78% free 1325K/5955K, paused 1ms+1ms
D/dalvikvm( 1326): GC_CONCURRENT freed 394K, 78% free 1324K/5955K, paused 1ms+1ms
D/dalvikvm( 1326): GC_CONCURRENT freed 392K, 78% free 1324K/5955K, paused 1ms+1ms
D/dalvikvm( 1326): GC_CONCURRENT freed 392K, 78% free 1323K/5955K, paused 1ms+1ms
D/dalvikvm( 1326): GC_CONCURRENT freed 391K, 78% free 1336K/5955K, paused 1ms+1ms
D/dalvikvm( 1326): GC_CONCURRENT freed 384K, 76% free 1464K/5955K, paused 0ms+1ms
D/dalvikvm( 1326): GC_CONCURRENT freed 536K, 76% free 1438K/5955K, paused 1ms+1ms
D/dalvikvm( 1326): GC_CONCURRENT freed 526K, 77% free 1418K/5955K, paused 1ms+1ms
D/dalvikvm( 1326): GC_CONCURRENT freed 499K, 77% free 1420K/5955K, paused 1ms+1ms
D/dalvikvm( 1326): GC_CONCURRENT freed 487K, 77% free 1371K/5955K, paused 1ms+1ms
D/dalvikvm( 1326): GC_CONCURRENT freed 444K, 78% free 1311K/5955K, paused 1ms+1ms
D/dalvikvm( 1326): GC_CONCURRENT freed 394K, 78% free 1319K/5955K, paused 0ms+1ms
D/dalvikvm( 1326): GC_CONCURRENT freed 405K, 78% free 1333K/5955K, paused 1ms+1ms
D/dalvikvm( 1326): GC_CONCURRENT freed 408K, 78% free 1320K/5955K, paused 1ms+1ms
D/dalvikvm( 1326): GC_CONCURRENT freed 393K, 78% free 1320K/5955K, paused 1ms+1ms
D/dalvikvm( 1326): GC_CONCURRENT freed 393K, 78% free 1320K/5955K, paused 1ms+1ms
D/CheckNetWork( 1665): isOk true
D/CheckNetWork( 1665): ActInfoNetworkInfo: type: ETH[], state: CONNECTED/CONNECTED, reason: (unspecified), extra: (none), roaming: false, failover: false, isAvailable: true
D/CheckNetWork( 1665): infoNetworkInfo: type: ETH[], state: CONNECTED/CONNECTED, reason: (unspecified), extra: (none), roaming: false, failover: false, isAvailable: true
D/dalvikvm( 1326): GC_CONCURRENT freed 393K, 78% free 1366K/5955K, paused 1ms+1ms
D/dalvikvm( 1326): GC_CONCURRENT freed 438K, 77% free 1426K/5955K, paused 1ms+1ms
D/dalvikvm( 1326): GC_CONCURRENT freed 514K, 77% free 1427K/5955K, paused 1ms+1ms
D/dalvikvm( 1326): GC_CONCURRENT freed 514K, 79% free 1297K/5955K, paused 1ms+1ms
D/dalvikvm( 1326): GC_CONCURRENT freed 380K, 78% free 1320K/5955K, paused 1ms+1ms
D/dalvikvm( 1326): GC_CONCURRENT freed 395K, 75% free 1526K/5955K, paused 1ms+1ms
D/dalvikvm( 1326): GC_CONCURRENT freed 593K, 78% free 1327K/5955K, paused 1ms+2ms
D/dalvikvm( 1326): GC_CONCURRENT freed 404K, 76% free 1433K/5955K, paused 1ms+1ms
D/dalvikvm( 1326): GC_CONCURRENT freed 517K, 79% free 1300K/5955K, paused 1ms+1ms
D/dalvikvm( 1326): GC_CONCURRENT freed 365K, 78% free 1319K/5955K, paused 1ms+1ms
D/dalvikvm( 1326): GC_CONCURRENT freed 392K, 77% free 1406K/5955K, paused 1ms+1ms
D/dalvikvm( 1326): GC_CONCURRENT freed 483K, 79% free 1308K/5955K, paused 1ms+1ms
D/dalvikvm( 1326): GC_CONCURRENT freed 396K, 79% free 1298K/5955K, paused 1ms+1ms
D/dalvikvm( 1326): GC_CONCURRENT freed 366K, 76% free 1443K/5955K, paused 1ms+1ms
D/dalvikvm( 1326): GC_CONCURRENT freed 513K, 78% free 1320K/5955K, paused 1ms+1ms
D/dalvikvm( 1326): GC_CONCURRENT freed 393K, 78% free 1320K/5955K, paused 1ms+1ms
D/dalvikvm( 1326): GC_CONCURRENT freed 393K, 78% free 1320K/5955K, paused 1ms+1ms
D/dalvikvm( 1326): GC_CONCURRENT freed 404K, 78% free 1317K/5955K, paused 1ms+1ms
D/dalvikvm( 1326): GC_CONCURRENT freed 396K, 78% free 1315K/5955K, paused 0ms+1ms
D/dalvikvm( 1326): GC_CONCURRENT freed 390K, 78% free 1318K/5955K, paused 1ms+1ms
D/HomePlayerLib( 1326): hostaddress count is 2
D/dalvikvm( 1326): GC_CONCURRENT freed 402K, 79% free 1305K/5955K, paused 1ms+1ms
D/dalvikvm( 1326): GC_CONCURRENT freed 412K, 79% free 1295K/5955K, paused 1ms+1ms
D/dalvikvm( 1326): GC_CONCURRENT freed 378K, 78% free 1315K/5955K, paused 1ms+1ms
D/dalvikvm( 1326): GC_CONCURRENT freed 409K, 79% free 1295K/5955K, paused 1ms+1ms
D/dalvikvm( 1326): GC_CONCURRENT freed 367K, 78% free 1312K/5955K, paused 1ms+1ms
D/dalvikvm( 1326): GC_CONCURRENT freed 395K, 77% free 1424K/5955K, paused 1ms+1ms
D/dalvikvm( 1326): GC_CONCURRENT freed 486K, 76% free 1449K/5955K, paused 1ms+2ms
D/dalvikvm( 1326): GC_CONCURRENT freed 525K, 77% free 1423K/5955K, paused 1ms+1ms
D/dalvikvm( 1326): GC_CONCURRENT freed 490K, 78% free 1324K/5955K, paused 1ms+1ms
D/dalvikvm( 1326): GC_CONCURRENT freed 391K, 76% free 1445K/5955K, paused 1ms+1ms
D/dalvikvm( 1326): GC_CONCURRENT freed 528K, 79% free 1301K/5955K, paused 1ms+1ms
D/dalvikvm( 1326): GC_CONCURRENT freed 416K, 77% free 1389K/5955K, paused 1ms+1ms
D/dalvikvm( 1326): GC_CONCURRENT freed 473K, 79% free 1308K/5955K, paused 1ms+1ms
D/dalvikvm( 1326): GC_CONCURRENT freed 394K, 77% free 1409K/5955K, paused 1ms+1ms
D/dalvikvm( 1326): GC_CONCURRENT freed 494K, 78% free 1310K/5955K, paused 1ms+1ms
D/dalvikvm( 1326): GC_CONCURRENT freed 399K, 77% free 1421K/5955K, paused 0ms+1ms
D/dalvikvm( 1326): GC_CONCURRENT freed 488K, 78% free 1320K/5955K, paused 0ms+1ms
D/dalvikvm( 1326): GC_CONCURRENT freed 394K, 77% free 1406K/5955K, paused 0ms+1ms
D/dalvikvm( 1326): GC_CONCURRENT freed 482K, 79% free 1308K/5955K, paused 1ms+1ms
D/dalvikvm( 1326): GC_CONCURRENT freed 396K, 77% free 1421K/5955K, paused 1ms+1ms
D/dalvikvm( 1326): GC_CONCURRENT freed 487K, 78% free 1320K/5955K, paused 1ms+1ms
D/dalvikvm( 1326): GC_CONCURRENT freed 394K, 78% free 1320K/5955K, paused 1ms+1ms
D/dalvikvm( 1326): GC_CONCURRENT freed 393K, 78% free 1366K/5955K, paused 1ms+1ms
D/dalvikvm( 1326): GC_CONCURRENT freed 441K, 77% free 1392K/5955K, paused 1ms+1ms
D/dalvikvm( 1326): GC_CONCURRENT freed 477K, 77% free 1422K/5955K, paused 1ms+1ms
D/dalvikvm( 1326): GC_CONCURRENT freed 488K, 78% free 1320K/5955K, paused 1ms+1ms
D/dalvikvm( 1326): GC_CONCURRENT freed 394K, 78% free 1320K/5955K, paused 1ms+1ms
D/dalvikvm( 1326): GC_CONCURRENT freed 400K, 77% free 1426K/5955K, paused 1ms+1ms
D/HomePlayerLib( 1326): hostaddress count is 2
D/dalvikvm( 1326): GC_CONCURRENT freed 498K, 77% free 1424K/5955K, paused 2ms+1ms
D/dalvikvm( 1326): GC_CONCURRENT freed 504K, 78% free 1317K/5955K, paused 1ms+1ms
D/dalvikvm( 1326): GC_CONCURRENT freed 394K, 76% free 1432K/5955K, paused 1ms+1ms
D/dalvikvm( 1326): GC_CONCURRENT freed 491K, 77% free 1376K/5955K, paused 1ms+1ms
D/dalvikvm( 1326): GC_CONCURRENT freed 454K, 78% free 1341K/5955K, paused 1ms+1ms
D/dalvikvm( 1326): GC_CONCURRENT freed 426K, 77% free 1424K/5955K, paused 1ms+1ms
D/dalvikvm( 1326): GC_CONCURRENT freed 501K, 76% free 1432K/5955K, paused 0ms+1ms
D/dalvikvm( 1326): GC_CONCURRENT freed 512K, 78% free 1336K/5955K, paused 0ms+1ms
D/dalvikvm( 1326): GC_CONCURRENT freed 407K, 77% free 1429K/5955K, paused 1ms+1ms
D/dalvikvm( 1326): GC_CONCURRENT freed 501K, 76% free 1436K/5955K, paused 1ms+1ms
D/dalvikvm( 1326): GC_CONCURRENT freed 529K, 77% free 1419K/5955K, paused 1ms+1ms
D/dalvikvm( 1326): GC_CONCURRENT freed 467K, 76% free 1463K/5955K, paused 1ms+1ms
D/dalvikvm( 1326): GC_CONCURRENT freed 546K, 78% free 1341K/5955K, paused 1ms+1ms
D/dalvikvm( 1326): GC_CONCURRENT freed 419K, 76% free 1433K/5955K, paused 0ms+1ms
D/dalvikvm( 1326): GC_CONCURRENT freed 513K, 77% free 1424K/5955K, paused 1ms+1ms
D/dalvikvm( 1326): GC_CONCURRENT freed 511K, 79% free 1305K/5955K, paused 0ms+1ms
D/dalvikvm( 1326): GC_CONCURRENT freed 380K, 78% free 1320K/5955K, paused 1ms+1ms
D/dalvikvm( 1326): GC_CONCURRENT freed 515K, 79% free 1304K/5955K, paused 1ms+1ms
D/dalvikvm( 1326): GC_CONCURRENT freed 393K, 77% free 1406K/5955K, paused 1ms+1ms
D/dalvikvm( 1326): GC_CONCURRENT freed 484K, 77% free 1401K/5955K, paused 1ms+1ms
D/dalvikvm( 1326): GC_CONCURRENT freed 489K, 77% free 1418K/5955K, paused 0ms+1ms
D/dalvikvm( 1326): GC_CONCURRENT freed 501K, 78% free 1339K/5955K, paused 1ms+1ms
D/dalvikvm( 1326): GC_CONCURRENT freed 416K, 77% free 1418K/5955K, paused 1ms+1ms
D/dalvikvm( 1326): GC_CONCURRENT freed 490K, 77% free 1417K/5955K, paused 0ms+1ms
D/dalvikvm( 1326): GC_CONCURRENT freed 501K, 78% free 1339K/5955K, paused 1ms+1ms
D/dalvikvm( 1326): GC_CONCURRENT freed 415K, 75% free 1523K/5955K, paused 1ms+1ms
D/dalvikvm( 1326): GC_CONCURRENT freed 598K, 77% free 1381K/5955K, paused 1ms+1ms
D/dalvikvm( 1326): GC_CONCURRENT freed 460K, 78% free 1317K/5955K, paused 1ms+2ms
D/dalvikvm( 1326): GC_CONCURRENT freed 397K, 78% free 1315K/5955K, paused 1ms+1ms
D/dalvikvm( 1326): GC_CONCURRENT freed 392K, 78% free 1332K/5955K, paused 1ms+1ms
D/dalvikvm( 1326): GC_CONCURRENT freed 405K, 78% free 1320K/5955K, paused 1ms+1ms
D/dalvikvm( 1326): GC_CONCURRENT freed 393K, 78% free 1320K/5955K, paused 1ms+1ms
D/dalvikvm( 1326): GC_CONCURRENT freed 465K, 78% free 1334K/5955K, paused 1ms+1ms
D/dalvikvm( 1326): GC_CONCURRENT freed 413K, 76% free 1432K/5955K, paused 1ms+1ms
D/dalvikvm( 1326): GC_CONCURRENT freed 514K, 78% free 1318K/5955K, paused 1ms+0ms
D/HomePlayerLib( 1326): hostaddress count is 2
D/dalvikvm( 1326): GC_CONCURRENT freed 402K, 77% free 1425K/5955K, paused 1ms+1ms
D/dalvikvm( 1326): GC_CONCURRENT freed 504K, 76% free 1430K/5955K, paused 1ms+1ms
D/dalvikvm( 1326): GC_CONCURRENT freed 500K, 77% free 1410K/5955K, paused 1ms+1ms
D/dalvikvm( 1326): GC_CONCURRENT freed 494K, 78% free 1325K/5955K, paused 1ms+1ms
D/dalvikvm( 1326): GC_CONCURRENT freed 395K, 78% free 1323K/5955K, paused 0ms+1ms
D/dalvikvm( 1326): GC_CONCURRENT freed 394K, 76% free 1440K/5955K, paused 1ms+1ms
D/dalvikvm( 1326): GC_CONCURRENT freed 514K, 77% free 1369K/5955K, paused 1ms+1ms
D/dalvikvm( 1326): GC_CONCURRENT freed 444K, 78% free 1312K/5955K, paused 1ms+1ms
D/dalvikvm( 1326): GC_CONCURRENT freed 448K, 77% free 1376K/5955K, paused 1ms+1ms
D/dalvikvm( 1326): GC_CONCURRENT freed 447K, 78% free 1322K/5955K, paused 1ms+1ms
D/dalvikvm( 1326): GC_CONCURRENT freed 392K, 77% free 1411K/5955K, paused 1ms+1ms
D/dalvikvm( 1326): GC_CONCURRENT freed 477K, 76% free 1443K/5955K, paused 1ms+1ms
D/dalvikvm( 1326): GC_CONCURRENT freed 521K, 77% free 1420K/5955K, paused 1ms+1ms
D/dalvikvm( 1326): GC_CONCURRENT freed 487K, 78% free 1328K/5955K, paused 1ms+1ms
D/dalvikvm( 1326): GC_CONCURRENT freed 403K, 77% free 1382K/5955K, paused 0ms+1ms
D/dalvikvm( 1326): GC_CONCURRENT freed 463K, 78% free 1321K/5955K, paused 1ms+1ms
D/dalvikvm( 1326): GC_CONCURRENT freed 396K, 78% free 1320K/5955K, paused 1ms+1ms
D/dalvikvm( 1326): GC_CONCURRENT freed 392K, 78% free 1320K/5955K, paused 1ms+1ms
D/dalvikvm( 1326): GC_CONCURRENT freed 392K, 78% free 1320K/5955K, paused 1ms+1ms
D/dalvikvm( 1326): GC_CONCURRENT freed 393K, 78% free 1320K/5955K, paused 1ms+1ms
D/dalvikvm( 1326): GC_CONCURRENT freed 393K, 78% free 1320K/5955K, paused 1ms+1ms
D/dalvikvm( 1326): GC_CONCURRENT freed 404K, 78% free 1317K/5955K, paused 1ms+1ms
D/dalvikvm( 1326): GC_CONCURRENT freed 407K, 79% free 1303K/5955K, paused 1ms+1ms
D/dalvikvm( 1326): GC_CONCURRENT freed 380K, 78% free 1315K/5955K, paused 1ms+1ms
D/dalvikvm( 1326): GC_CONCURRENT freed 393K, 78% free 1316K/5955K, paused 0ms+1ms
D/dalvikvm( 1326): GC_CONCURRENT freed 393K, 78% free 1316K/5955K, paused 1ms+1ms
D/dalvikvm( 1326): GC_CONCURRENT freed 393K, 78% free 1316K/5955K, paused 1ms+2ms
D/dalvikvm( 1326): GC_CONCURRENT freed 393K, 78% free 1316K/5955K, paused 1ms+1ms
D/dalvikvm( 1326): GC_CONCURRENT freed 389K, 78% free 1318K/5955K, paused 1ms+1ms
D/HomePlayerLib( 1326): hostaddress count is 2
D/dalvikvm( 1326): GC_CONCURRENT freed 409K, 78% free 1313K/5955K, paused 1ms+1ms
D/dalvikvm( 1326): GC_CONCURRENT freed 387K, 78% free 1317K/5955K, paused 1ms+1ms
D/dalvikvm( 1326): GC_CONCURRENT freed 403K, 79% free 1306K/5955K, paused 0ms+1ms
D/dalvikvm( 1326): GC_CONCURRENT freed 378K, 78% free 1322K/5955K, paused 1ms+1ms
D/dalvikvm( 1326): GC_CONCURRENT freed 390K, 78% free 1324K/5955K, paused 1ms+1ms
D/dalvikvm( 1326): GC_CONCURRENT freed 390K, 78% free 1325K/5955K, paused 1ms+2ms
D/dalvikvm( 1326): GC_CONCURRENT freed 393K, 78% free 1345K/5955K, paused 1ms+1ms
D/dalvikvm( 1326): GC_CONCURRENT freed 411K, 76% free 1463K/5955K, paused 1ms+1ms
D/dalvikvm( 1326): GC_CONCURRENT freed 558K, 77% free 1416K/5955K, paused 1ms+1ms
D/dalvikvm( 1326): GC_CONCURRENT freed 499K, 79% free 1303K/5955K, paused 1ms+1ms
D/dalvikvm( 1326): GC_CONCURRENT freed 434K, 77% free 1380K/5955K, paused 0ms+1ms
D/dalvikvm( 1326): GC_CONCURRENT freed 447K, 76% free 1430K/5955K, paused 1ms+1ms
D/dalvikvm( 1326): GC_CONCURRENT freed 491K, 76% free 1438K/5955K, paused 1ms+1ms
D/dalvikvm( 1326): GC_CONCURRENT freed 522K, 79% free 1300K/5955K, paused 1ms+1ms
D/dalvikvm( 1326): GC_CONCURRENT freed 365K, 77% free 1402K/5955K, paused 1ms+1ms
D/dalvikvm( 1326): GC_CONCURRENT freed 475K, 78% free 1321K/5955K, paused 0ms+1ms
D/dalvikvm( 1326): GC_CONCURRENT freed 394K, 78% free 1320K/5955K, paused 1ms+1ms
D/dalvikvm( 1326): GC_CONCURRENT freed 404K, 79% free 1308K/5955K, paused 1ms+1ms
D/dalvikvm( 1326): GC_CONCURRENT freed 394K, 76% free 1455K/5955K, paused 1ms+1ms
D/dalvikvm( 1326): GC_CONCURRENT freed 526K, 78% free 1320K/5955K, paused 1ms+1ms
D/dalvikvm( 1326): GC_CONCURRENT freed 394K, 78% free 1319K/5955K, paused 1ms+1ms
D/dalvikvm( 1326): GC_CONCURRENT freed 393K, 78% free 1325K/5955K, paused 1ms+1ms
D/dalvikvm( 1326): GC_CONCURRENT freed 413K, 79% free 1295K/5955K, paused 0ms+1ms
D/dalvikvm( 1326): GC_CONCURRENT freed 383K, 77% free 1389K/5955K, paused 1ms+1ms
D/dalvikvm( 1326): GC_CONCURRENT freed 473K, 79% free 1308K/5955K, paused 1ms+1ms
D/dalvikvm( 1326): GC_CONCURRENT freed 394K, 79% free 1307K/5955K, paused 1ms+1ms
D/dalvikvm( 1326): GC_CONCURRENT freed 392K, 77% free 1379K/5955K, paused 0ms+1ms
D/dalvikvm( 1326): GC_CONCURRENT freed 455K, 79% free 1309K/5955K, paused 0ms+1ms
D/dalvikvm( 1326): GC_CONCURRENT freed 397K, 75% free 1496K/5955K, paused 1ms+1ms
D/dalvikvm( 1326): GC_CONCURRENT freed 568K, 78% free 1321K/5955K, paused 1ms+1ms
D/dalvikvm( 1326): GC_CONCURRENT freed 395K, 78% free 1325K/5955K, paused 1ms+1ms
D/dalvikvm( 1326): GC_CONCURRENT freed 467K, 79% free 1294K/5955K, paused 0ms+1ms
D/HomePlayerLib( 1326): hostaddress count is 2
D/dalvikvm( 1326): GC_CONCURRENT freed 379K, 79% free 1304K/5955K, paused 1ms+1ms
D/dalvikvm( 1326): GC_CONCURRENT freed 387K, 77% free 1423K/5955K, paused 1ms+1ms
D/dalvikvm( 1326): GC_CONCURRENT freed 512K, 77% free 1411K/5955K, paused 1ms+1ms
D/dalvikvm( 1326): GC_CONCURRENT freed 494K, 77% free 1407K/5955K, paused 1ms+1ms
D/dalvikvm( 1326): GC_CONCURRENT freed 474K, 78% free 1369K/5955K, paused 1ms+1ms
D/dalvikvm( 1326): GC_CONCURRENT freed 454K, 77% free 1427K/5955K, paused 1ms+2ms
D/dalvikvm( 1326): GC_CONCURRENT freed 504K, 77% free 1427K/5955K, paused 1ms+1ms
D/dalvikvm( 1326): GC_CONCURRENT freed 488K, 76% free 1450K/5955K, paused 1ms+1ms
D/dalvikvm( 1326): GC_CONCURRENT freed 510K, 77% free 1408K/5955K, paused 1ms+1ms
D/dalvikvm( 1326): GC_CONCURRENT freed 475K, 77% free 1411K/5955K, paused 0ms+1ms
D/dalvikvm( 1326): GC_CONCURRENT freed 485K, 78% free 1312K/5955K, paused 1ms+1ms
D/dalvikvm( 1326): GC_CONCURRENT freed 394K, 78% free 1310K/5955K, paused 0ms+1ms
D/dalvikvm( 1326): GC_CONCURRENT freed 393K, 78% free 1329K/5955K, paused 0ms+1ms
D/dalvikvm( 1326): GC_CONCURRENT freed 405K, 78% free 1322K/5955K, paused 1ms+1ms
D/dalvikvm( 1326): GC_CONCURRENT freed 404K, 77% free 1427K/5955K, paused 1ms+1ms
D/dalvikvm( 1326): GC_CONCURRENT freed 514K, 79% free 1305K/5955K, paused 0ms+1ms
D/dalvikvm( 1326): GC_CONCURRENT freed 381K, 77% free 1404K/5955K, paused 1ms+1ms
D/CheckNetWork( 1665): isOk true
D/CheckNetWork( 1665): ActInfoNetworkInfo: type: ETH[], state: CONNECTED/CONNECTED, reason: (unspecified), extra: (none), roaming: false, failover: false, isAvailable: true
D/CheckNetWork( 1665): infoNetworkInfo: type: ETH[], state: CONNECTED/CONNECTED, reason: (unspecified), extra: (none), roaming: false, failover: false, isAvailable: true
D/dalvikvm( 1326): GC_CONCURRENT freed 486K, 79% free 1305K/5955K, paused 1ms+1ms
D/dalvikvm( 1326): GC_CONCURRENT freed 390K, 78% free 1333K/5955K, paused 1ms+1ms
D/dalvikvm( 1326): GC_CONCURRENT freed 405K, 78% free 1366K/5955K, paused 1ms+0ms
D/dalvikvm( 1326): GC_CONCURRENT freed 444K, 76% free 1433K/5955K, paused 0ms+1ms
D/dalvikvm( 1326): GC_CONCURRENT freed 518K, 79% free 1308K/5955K, paused 1ms+1ms
D/dalvikvm( 1326): GC_CONCURRENT freed 395K, 77% free 1420K/5955K, paused 1ms+1ms
W/NetworkStats(  939): dropping UID delta from unknown iface: iface=uap0 uid=0 set=DEFAULT tag=0x0 rxBytes=13345 rxPackets=24 txBytes=14025 txPackets=41 operations=0
W/NetworkStats(  939): dropping UID delta from unknown iface: iface=uap0 uid=1000 set=FOREGROUND tag=0x0 rxBytes=169977 rxPackets=476 txBytes=169977 txPackets=476 operations=0
D/dalvikvm( 1326): GC_CONCURRENT freed 507K, 79% free 1296K/5955K, paused 0ms+1ms
D/dalvikvm( 1326): GC_CONCURRENT freed 384K, 79% free 1298K/5955K, paused 1ms+1ms
D/dalvikvm( 1326): GC_CONCURRENT freed 366K, 78% free 1318K/5955K, paused 1ms+1ms
D/dalvikvm( 1326): GC_CONCURRENT freed 367K, 77% free 1411K/5955K, paused 1ms+1ms
D/dalvikvm( 1326): GC_CONCURRENT freed 450K, 77% free 1412K/5955K, paused 1ms+1ms
D/HomePlayerLib( 1326): hostaddress count is 2
D/dalvikvm( 1326): GC_CONCURRENT freed 494K, 78% free 1318K/5955K, paused 1ms+1ms
D/dalvikvm( 1326): GC_CONCURRENT freed 405K, 79% free 1306K/5955K, paused 1ms+1ms
D/dalvikvm( 1326): GC_CONCURRENT freed 382K, 79% free 1308K/5955K, paused 1ms+1ms
D/dalvikvm( 1326): GC_CONCURRENT freed 381K, 78% free 1338K/5955K, paused 0ms+1ms
D/dalvikvm( 1326): GC_CONCURRENT freed 402K, 76% free 1465K/5955K, paused 1ms+1ms
D/dalvikvm( 1326): GC_CONCURRENT freed 642K, 78% free 1334K/5955K, paused 0ms+1ms
D/dalvikvm( 1326): GC_CONCURRENT freed 400K, 76% free 1436K/5955K, paused 1ms+1ms
D/dalvikvm( 1326): GC_CONCURRENT freed 518K, 79% free 1307K/5955K, paused 1ms+1ms
D/dalvikvm( 1326): GC_CONCURRENT freed 387K, 78% free 1351K/5955K, paused 0ms+1ms
D/dalvikvm( 1326): GC_CONCURRENT freed 492K, 78% free 1358K/5955K, paused 0ms+1ms
D/dalvikvm( 1326): GC_CONCURRENT freed 415K, 76% free 1454K/5955K, paused 1ms+1ms
D/dalvikvm( 1326): GC_FOR_ALLOC freed 629K, 78% free 1337K/5955K, paused 11ms
D/dalvikvm( 1326): GC_CONCURRENT freed 418K, 77% free 1422K/5955K, paused 1ms+1ms
D/dalvikvm( 1326): GC_CONCURRENT freed 428K, 75% free 1506K/5955K, paused 1ms+2ms
D/dalvikvm( 1326): GC_CONCURRENT freed 620K, 77% free 1398K/5955K, paused 0ms+1ms
D/dalvikvm( 1326): GC_CONCURRENT freed 481K, 79% free 1300K/5955K, paused 1ms+1ms
D/dalvikvm( 1326): GC_CONCURRENT freed 386K, 79% free 1301K/5955K, paused 1ms+1ms
D/dalvikvm( 1326): GC_CONCURRENT freed 370K, 78% free 1317K/5955K, paused 1ms+1ms
D/dalvikvm( 1326): GC_CONCURRENT freed 394K, 77% free 1425K/5955K, paused 1ms+1ms
D/dalvikvm( 1326): GC_CONCURRENT freed 502K, 79% free 1308K/5955K, paused 1ms+1ms
D/dalvikvm( 1326): GC_CONCURRENT freed 394K, 79% free 1299K/5955K, paused 1ms+1ms
D/dalvikvm( 1326): GC_CONCURRENT freed 364K, 78% free 1319K/5955K, paused 0ms+1ms
D/dalvikvm( 1326): GC_CONCURRENT freed 392K, 78% free 1320K/5955K, paused 1ms+1ms
D/dalvikvm( 1326): GC_CONCURRENT freed 404K, 77% free 1424K/5955K, paused 1ms+1ms
D/dalvikvm( 1326): GC_CONCURRENT freed 490K, 78% free 1320K/5955K, paused 1ms+1ms
D/dalvikvm( 1326): GC_CONCURRENT freed 394K, 77% free 1426K/5955K, paused 1ms+1ms
D/HomePlayerLib( 1326): hostaddress count is 2
D/dalvikvm( 1326): GC_CONCURRENT freed 504K, 78% free 1318K/5955K, paused 1ms+1ms
D/dalvikvm( 1326): GC_CONCURRENT freed 403K, 79% free 1304K/5955K, paused 1ms+1ms
D/dalvikvm( 1326): GC_CONCURRENT freed 389K, 78% free 1318K/5955K, paused 1ms+1ms
D/dalvikvm( 1326): GC_CONCURRENT freed 405K, 78% free 1322K/5955K, paused 0ms+1ms
D/dalvikvm( 1326): GC_CONCURRENT freed 390K, 78% free 1324K/5955K, paused 1ms+1ms
D/dalvikvm( 1326): GC_CONCURRENT freed 393K, 78% free 1323K/5955K, paused 1ms+1ms
D/dalvikvm( 1326): GC_CONCURRENT freed 390K, 78% free 1325K/5955K, paused 1ms+1ms
D/dalvikvm( 1326): GC_CONCURRENT freed 397K, 78% free 1314K/5955K, paused 1ms+1ms
D/dalvikvm( 1326): GC_CONCURRENT freed 397K, 78% free 1315K/5955K, paused 1ms+2ms
D/dalvikvm( 1326): GC_CONCURRENT freed 399K, 79% free 1306K/5955K, paused 1ms+1ms
D/dalvikvm( 1326): GC_CONCURRENT freed 374K, 78% free 1322K/5955K, paused 1ms+1ms
D/dalvikvm( 1326): GC_CONCURRENT freed 391K, 78% free 1324K/5955K, paused 1ms+1ms
D/dalvikvm( 1326): GC_CONCURRENT freed 392K, 77% free 1421K/5955K, paused 1ms+1ms
D/dalvikvm( 1326): GC_CONCURRENT freed 513K, 78% free 1363K/5955K, paused 1ms+1ms
D/dalvikvm( 1326): GC_CONCURRENT freed 444K, 78% free 1321K/5955K, paused 1ms+1ms
D/dalvikvm( 1326): GC_CONCURRENT freed 406K, 78% free 1324K/5955K, paused 1ms+1ms
D/dalvikvm( 1326): GC_CONCURRENT freed 406K, 78% free 1321K/5955K, paused 1ms+1ms
D/dalvikvm( 1326): GC_CONCURRENT freed 395K, 78% free 1320K/5955K, paused 1ms+1ms
D/dalvikvm( 1326): GC_CONCURRENT freed 393K, 78% free 1320K/5955K, paused 1ms+1ms
D/dalvikvm( 1326): GC_CONCURRENT freed 393K, 78% free 1320K/5955K, paused 1ms+1ms
D/dalvikvm( 1326): GC_CONCURRENT freed 398K, 78% free 1319K/5955K, paused 1ms+1ms
D/dalvikvm( 1326): GC_CONCURRENT freed 393K, 78% free 1319K/5955K, paused 1ms+1ms
D/dalvikvm( 1326): GC_CONCURRENT freed 394K, 78% free 1319K/5955K, paused 1ms+1ms
D/dalvikvm( 1326): GC_CONCURRENT freed 393K, 78% free 1320K/5955K, paused 1ms+1ms
D/dalvikvm( 1326): GC_CONCURRENT freed 394K, 78% free 1320K/5955K, paused 1ms+1ms
D/dalvikvm( 1326): GC_CONCURRENT freed 393K, 78% free 1320K/5955K, paused 1ms+1ms
D/dalvikvm( 1326): GC_CONCURRENT freed 391K, 78% free 1320K/5955K, paused 1ms+1ms
D/dalvikvm( 1326): GC_CONCURRENT freed 392K, 78% free 1320K/5955K, paused 1ms+1ms
D/dalvikvm( 1326): GC_CONCURRENT freed 404K, 78% free 1317K/5955K, paused 2ms+2ms
D/dalvikvm( 1326): GC_CONCURRENT freed 407K, 78% free 1319K/5955K, paused 1ms+1ms
D/dalvikvm( 1326): GC_CONCURRENT freed 393K, 78% free 1319K/5955K, paused 1ms+1ms
D/dalvikvm( 1326): GC_CONCURRENT freed 393K, 78% free 1320K/5955K, paused 1ms+1ms
D/dalvikvm( 1326): GC_CONCURRENT freed 392K, 78% free 1320K/5955K, paused 1ms+1ms
D/dalvikvm( 1326): GC_CONCURRENT freed 393K, 78% free 1320K/5955K, paused 1ms+2ms
D/dalvikvm( 1326): GC_CONCURRENT freed 418K, 78% free 1340K/5955K, paused 0ms+1ms
D/HomePlayerLib( 1326): hostaddress count is 2
D/dalvikvm( 1326): GC_CONCURRENT freed 426K, 77% free 1419K/5955K, paused 1ms+1ms
D/dalvikvm( 1326): GC_CONCURRENT freed 508K, 79% free 1302K/5955K, paused 1ms+1ms
D/dalvikvm( 1326): GC_CONCURRENT freed 377K, 78% free 1365K/5955K, paused 0ms+1ms
D/dalvikvm( 1326): GC_CONCURRENT freed 452K, 79% free 1299K/5955K, paused 1ms+1ms
D/dalvikvm( 1326): GC_CONCURRENT freed 368K, 78% free 1322K/5955K, paused 1ms+1ms
D/dalvikvm( 1326): GC_CONCURRENT freed 391K, 78% free 1324K/5955K, paused 1ms+2ms
D/dalvikvm( 1326): GC_CONCURRENT freed 393K, 78% free 1322K/5955K, paused 1ms+1ms
D/dalvikvm( 1326): GC_CONCURRENT freed 392K, 76% free 1430K/5955K, paused 1ms+1ms
D/dalvikvm( 1326): GC_CONCURRENT freed 513K, 76% free 1436K/5955K, paused 1ms+1ms
D/dalvikvm( 1326): GC_CONCURRENT freed 513K, 78% free 1323K/5955K, paused 1ms+1ms
D/dalvikvm( 1326): GC_CONCURRENT freed 393K, 78% free 1324K/5955K, paused 1ms+1ms
D/dalvikvm( 1326): GC_CONCURRENT freed 393K, 78% free 1322K/5955K, paused 1ms+1ms
D/dalvikvm( 1326): GC_CONCURRENT freed 392K, 78% free 1324K/5955K, paused 1ms+1ms
D/dalvikvm( 1326): GC_CONCURRENT freed 393K, 78% free 1368K/5955K, paused 1ms+1ms
D/dalvikvm( 1326): GC_CONCURRENT freed 452K, 77% free 1426K/5955K, paused 0ms+1ms
D/dalvikvm( 1326): GC_CONCURRENT freed 493K, 78% free 1320K/5955K, paused 1ms+1ms
D/dalvikvm( 1326): GC_CONCURRENT freed 394K, 78% free 1319K/5955K, paused 1ms+1ms
D/dalvikvm( 1326): GC_CONCURRENT freed 393K, 78% free 1320K/5955K, paused 1ms+1ms
D/dalvikvm( 1326): GC_CONCURRENT freed 393K, 78% free 1320K/5955K, paused 0ms+1ms
D/dalvikvm( 1326): GC_CONCURRENT freed 391K, 78% free 1325K/5955K, paused 1ms+1ms
D/dalvikvm( 1326): GC_CONCURRENT freed 403K, 79% free 1307K/5955K, paused 1ms+2ms
D/dalvikvm( 1326): GC_CONCURRENT freed 396K, 77% free 1417K/5955K, paused 1ms+1ms
D/dalvikvm( 1326): GC_CONCURRENT freed 488K, 77% free 1426K/5955K, paused 0ms+1ms
D/dalvikvm( 1326): GC_CONCURRENT freed 523K, 77% free 1402K/5955K, paused 1ms+1ms
D/HomePlayerLib( 1326): hostaddress count is 2
D/dalvikvm( 1326): GC_CONCURRENT freed 485K, 78% free 1314K/5955K, paused 1ms+1ms
D/dalvikvm( 1326): GC_CONCURRENT freed 387K, 78% free 1318K/5955K, paused 1ms+1ms
D/dalvikvm( 1326): GC_CONCURRENT freed 403K, 78% free 1315K/5955K, paused 1ms+1ms
D/dalvikvm( 1326): GC_CONCURRENT freed 378K, 78% free 1323K/5955K, paused 1ms+1ms
D/dalvikvm( 1326): GC_CONCURRENT freed 399K, 76% free 1457K/5955K, paused 1ms+1ms
D/dalvikvm( 1326): GC_CONCURRENT freed 562K, 77% free 1396K/5955K, paused 1ms+1ms
D/dalvikvm( 1326): GC_CONCURRENT freed 481K, 79% free 1301K/5955K, paused 1ms+1ms
D/dalvikvm( 1326): GC_CONCURRENT freed 417K, 77% free 1391K/5955K, paused 1ms+1ms
D/dalvikvm( 1326): GC_CONCURRENT freed 463K, 76% free 1444K/5955K, paused 1ms+1ms
D/dalvikvm( 1326): GC_CONCURRENT freed 531K, 79% free 1297K/5955K, paused 1ms+1ms
D/dalvikvm( 1326): GC_CONCURRENT freed 412K, 77% free 1396K/5955K, paused 0ms+1ms
D/dalvikvm( 1326): GC_CONCURRENT freed 476K, 76% free 1464K/5955K, paused 1ms+1ms
D/dalvikvm( 1326): GC_CONCURRENT freed 534K, 76% free 1441K/5955K, paused 0ms+1ms
D/dalvikvm( 1326): GC_CONCURRENT freed 580K, 77% free 1373K/5955K, paused 1ms+1ms
D/dalvikvm( 1326): GC_CONCURRENT freed 470K, 77% free 1402K/5955K, paused 1ms+1ms
D/dalvikvm( 1326): GC_CONCURRENT freed 479K, 76% free 1431K/5955K, paused 1ms+1ms
D/dalvikvm( 1326): GC_CONCURRENT freed 515K, 79% free 1300K/5955K, paused 0ms+1ms
D/dalvikvm( 1326): GC_CONCURRENT freed 367K, 78% free 1325K/5955K, paused 1ms+1ms
D/dalvikvm( 1326): GC_CONCURRENT freed 413K, 77% free 1420K/5955K, paused 0ms+1ms
D/dalvikvm( 1326): GC_CONCURRENT freed 505K, 79% free 1308K/5955K, paused 1ms+1ms
D/dalvikvm( 1326): GC_CONCURRENT freed 394K, 77% free 1420K/5955K, paused 1ms+1ms
D/dalvikvm( 1326): GC_CONCURRENT freed 507K, 77% free 1406K/5955K, paused 0ms+1ms
D/dalvikvm( 1326): GC_CONCURRENT freed 478K, 78% free 1320K/5955K, paused 1ms+1ms
D/dalvikvm( 1326): GC_CONCURRENT freed 392K, 78% free 1320K/5955K, paused 1ms+1ms
D/dalvikvm( 1326): GC_CONCURRENT freed 393K, 78% free 1320K/5955K, paused 1ms+1ms
D/dalvikvm( 1326): GC_CONCURRENT freed 393K, 78% free 1320K/5955K, paused 1ms+1ms
D/dalvikvm( 1326): GC_CONCURRENT freed 391K, 78% free 1320K/5955K, paused 1ms+1ms
D/dalvikvm( 1326): GC_CONCURRENT freed 403K, 78% free 1317K/5955K, paused 1ms+1ms
D/dalvikvm( 1326): GC_CONCURRENT freed 396K, 79% free 1306K/5955K, paused 1ms+1ms
D/dalvikvm( 1326): GC_CONCURRENT freed 394K, 79% free 1307K/5955K, paused 1ms+1ms
D/dalvikvm( 1326): GC_CONCURRENT freed 394K, 79% free 1306K/5955K, paused 1ms+0ms
D/HomePlayerLib( 1326): hostaddress count is 2
D/dalvikvm( 1326): GC_CONCURRENT freed 389K, 76% free 1445K/5955K, paused 1ms+1ms
D/dalvikvm( 1326): GC_CONCURRENT freed 530K, 77% free 1414K/5955K, paused 1ms+1ms
D/dalvikvm( 1326): GC_CONCURRENT freed 498K, 77% free 1427K/5955K, paused 1ms+1ms
D/dalvikvm( 1326): GC_CONCURRENT freed 508K, 77% free 1428K/5955K, paused 1ms+1ms
D/dalvikvm( 1326): GC_CONCURRENT freed 488K, 76% free 1450K/5955K, paused 1ms+1ms
D/dalvikvm( 1326): GC_CONCURRENT freed 514K, 78% free 1323K/5955K, paused 1ms+1ms
D/dalvikvm( 1326): GC_CONCURRENT freed 402K, 76% free 1432K/5955K, paused 1ms+1ms
D/dalvikvm( 1326): GC_CONCURRENT freed 493K, 76% free 1450K/5955K, paused 1ms+1ms
D/dalvikvm( 1326): GC_CONCURRENT freed 522K, 78% free 1328K/5955K, paused 1ms+1ms
D/dalvikvm( 1326): GC_CONCURRENT freed 402K, 76% free 1438K/5955K, paused 1ms+1ms
D/dalvikvm( 1326): GC_CONCURRENT freed 510K, 76% free 1433K/5955K, paused 1ms+1ms
D/dalvikvm( 1326): GC_CONCURRENT freed 495K, 78% free 1330K/5955K, paused 1ms+1ms
D/dalvikvm( 1326): GC_CONCURRENT freed 415K, 77% free 1423K/5955K, paused 1ms+1ms
D/dalvikvm( 1326): GC_CONCURRENT freed 502K, 77% free 1420K/5955K, paused 1ms+1ms
D/dalvikvm( 1326): GC_CONCURRENT freed 500K, 78% free 1328K/5955K, paused 1ms+1ms
D/dalvikvm( 1326): GC_CONCURRENT freed 407K, 76% free 1432K/5955K, paused 1ms+1ms
D/dalvikvm( 1326): GC_CONCURRENT freed 518K, 76% free 1462K/5955K, paused 1ms+1ms
D/dalvikvm( 1326): GC_CONCURRENT freed 537K, 77% free 1418K/5955K, paused 1ms+1ms
D/dalvikvm( 1326): GC_CONCURRENT freed 491K, 77% free 1402K/5955K, paused 1ms+1ms
D/dalvikvm( 1326): GC_CONCURRENT freed 475K, 78% free 1367K/5955K, paused 1ms+0ms
D/dalvikvm( 1326): GC_CONCURRENT freed 445K, 79% free 1308K/5955K, paused 1ms+1ms
D/PushMsgCenter( 1634): mDownUpRun run while (true)
D/PushMsgCenter( 1634): down  
D/PushMsgCenter( 1634): down conn.getResponseCode() status = 503
D/CheckNetWork( 1665): isOk true
D/CheckNetWork( 1665): ActInfoNetworkInfo: type: ETH[], state: CONNECTED/CONNECTED, reason: (unspecified), extra: (none), roaming: false, failover: false, isAvailable: true
D/CheckNetWork( 1665): infoNetworkInfo: type: ETH[], state: CONNECTED/CONNECTED, reason: (unspecified), extra: (none), roaming: false, failover: false, isAvailable: true
D/dalvikvm( 1326): GC_CONCURRENT freed 393K, 77% free 1423K/5955K, paused 1ms+1ms
D/HomePlayerLib( 1326): hostaddress count is 2
D/dalvikvm( 1326): GC_CONCURRENT freed 495K, 77% free 1405K/5955K, paused 1ms+1ms
D/dalvikvm( 1326): GC_CONCURRENT freed 490K, 77% free 1420K/5955K, paused 1ms+1ms
D/dalvikvm( 1326): GC_CONCURRENT freed 498K, 77% free 1419K/5955K, paused 0ms+1ms
D/dalvikvm( 1326): GC_CONCURRENT freed 503K, 79% free 1301K/5955K, paused 1ms+1ms
D/dalvikvm( 1326): GC_CONCURRENT freed 341K, 76% free 1472K/5955K, paused 0ms+1ms
D/dalvikvm( 1326): GC_CONCURRENT freed 544K, 78% free 1325K/5955K, paused 1ms+1ms
D/dalvikvm( 1326): GC_CONCURRENT freed 395K, 76% free 1439K/5955K, paused 1ms+1ms
D/dalvikvm( 1326): GC_CONCURRENT freed 522K, 77% free 1422K/5955K, paused 1ms+1ms
D/dalvikvm( 1326): GC_CONCURRENT freed 492K, 76% free 1439K/5955K, paused 1ms+1ms
D/dalvikvm( 1326): GC_CONCURRENT freed 526K, 78% free 1350K/5955K, paused 1ms+1ms
D/dalvikvm( 1326): GC_CONCURRENT freed 418K, 76% free 1439K/5955K, paused 0ms+1ms
D/dalvikvm( 1326): GC_CONCURRENT freed 514K, 77% free 1412K/5955K, paused 0ms+1ms
D/dalvikvm( 1326): GC_CONCURRENT freed 483K, 76% free 1440K/5955K, paused 1ms+1ms
D/dalvikvm( 1326): GC_CONCURRENT freed 523K, 76% free 1429K/5955K, paused 0ms+1ms
D/dalvikvm( 1326): GC_CONCURRENT freed 494K, 78% free 1327K/5955K, paused 1ms+1ms
D/dalvikvm( 1326): GC_CONCURRENT freed 407K, 79% free 1307K/5955K, paused 1ms+1ms
D/dalvikvm( 1326): GC_CONCURRENT freed 396K, 77% free 1421K/5955K, paused 0ms+1ms
D/dalvikvm( 1326): GC_CONCURRENT freed 485K, 76% free 1447K/5955K, paused 1ms+1ms
D/dalvikvm( 1326): GC_CONCURRENT freed 524K, 77% free 1418K/5955K, paused 1ms+1ms
D/dalvikvm( 1326): GC_CONCURRENT freed 491K, 78% free 1320K/5955K, paused 1ms+1ms
D/dalvikvm( 1326): GC_CONCURRENT freed 392K, 77% free 1426K/5955K, paused 0ms+1ms
D/dalvikvm( 1326): GC_CONCURRENT freed 512K, 79% free 1303K/5955K, paused 0ms+1ms
D/dalvikvm( 1326): GC_CONCURRENT freed 378K, 78% free 1320K/5955K, paused 1ms+1ms
D/dalvikvm( 1326): GC_CONCURRENT freed 395K, 78% free 1320K/5955K, paused 1ms+1ms
D/dalvikvm( 1326): GC_CONCURRENT freed 393K, 78% free 1319K/5955K, paused 1ms+2ms
D/dalvikvm( 1326): GC_CONCURRENT freed 392K, 78% free 1320K/5955K, paused 1ms+1ms
D/dalvikvm( 1326): GC_CONCURRENT freed 392K, 78% free 1320K/5955K, paused 1ms+1ms
D/dalvikvm( 1326): GC_CONCURRENT freed 393K, 78% free 1320K/5955K, paused 1ms+1ms
D/dalvikvm( 1326): GC_CONCURRENT freed 393K, 78% free 1320K/5955K, paused 1ms+1ms
D/dalvikvm( 1326): GC_CONCURRENT freed 393K, 78% free 1320K/5955K, paused 1ms+1ms
D/dalvikvm( 1326): GC_CONCURRENT freed 400K, 78% free 1319K/5955K, paused 1ms+1ms
D/HomePlayerLib( 1326): hostaddress count is 2
D/dalvikvm( 1326): GC_CONCURRENT freed 405K, 79% free 1305K/5955K, paused 1ms+1ms
D/dalvikvm( 1326): GC_CONCURRENT freed 387K, 77% free 1423K/5955K, paused 1ms+1ms
D/dalvikvm( 1326): GC_CONCURRENT freed 497K, 78% free 1342K/5955K, paused 1ms+1ms
D/dalvikvm( 1326): GC_CONCURRENT freed 427K, 79% free 1299K/5955K, paused 1ms+1ms
D/dalvikvm( 1326): GC_CONCURRENT freed 381K, 77% free 1418K/5955K, paused 1ms+1ms
D/dalvikvm( 1326): GC_CONCURRENT freed 485K, 78% free 1325K/5955K, paused 1ms+1ms
D/dalvikvm( 1326): GC_CONCURRENT freed 394K, 78% free 1330K/5955K, paused 1ms+1ms
D/dalvikvm( 1326): GC_CONCURRENT freed 392K, 77% free 1370K/5955K, paused 1ms+1ms
D/dalvikvm( 1326): GC_CONCURRENT freed 454K, 77% free 1421K/5955K, paused 1ms+1ms
D/dalvikvm( 1326): GC_CONCURRENT freed 491K, 78% free 1322K/5955K, paused 1ms+1ms
D/dalvikvm( 1326): GC_CONCURRENT freed 393K, 76% free 1430K/5955K, paused 1ms+1ms
D/dalvikvm( 1326): GC_CONCURRENT freed 504K, 77% free 1424K/5955K, paused 1ms+1ms
D/dalvikvm( 1326): GC_CONCURRENT freed 509K, 79% free 1306K/5955K, paused 1ms+1ms
D/dalvikvm( 1326): GC_CONCURRENT freed 391K, 78% free 1366K/5955K, paused 0ms+1ms
D/dalvikvm( 1326): GC_CONCURRENT freed 432K, 78% free 1324K/5955K, paused 1ms+1ms
D/dalvikvm( 1326): GC_CONCURRENT freed 406K, 78% free 1322K/5955K, paused 1ms+1ms
D/dalvikvm( 1326): GC_CONCURRENT freed 406K, 78% free 1317K/5955K, paused 0ms+1ms
D/dalvikvm( 1326): GC_CONCURRENT freed 396K, 78% free 1315K/5955K, paused 1ms+1ms
D/dalvikvm( 1326): GC_CONCURRENT freed 400K, 79% free 1298K/5955K, paused 1ms+1ms
D/dalvikvm( 1326): GC_CONCURRENT freed 384K, 77% free 1414K/5955K, paused 0ms+1ms
D/dalvikvm( 1326): GC_CONCURRENT freed 487K, 78% free 1321K/5955K, paused 0ms+1ms
D/dalvikvm( 1326): GC_CONCURRENT freed 394K, 78% free 1320K/5955K, paused 1ms+1ms
D/dalvikvm( 1326): GC_CONCURRENT freed 404K, 79% free 1308K/5955K, paused 0ms+1ms
D/dalvikvm( 1326): GC_CONCURRENT freed 392K, 77% free 1373K/5955K, paused 1ms+1ms
D/dalvikvm( 1326): GC_CONCURRENT freed 458K, 79% free 1307K/5955K, paused 1ms+1ms
D/dalvikvm( 1326): GC_CONCURRENT freed 392K, 77% free 1420K/5955K, paused 1ms+1ms
D/dalvikvm( 1326): GC_CONCURRENT freed 497K, 77% free 1418K/5955K, paused 1ms+1ms
D/dalvikvm( 1326): GC_CONCURRENT freed 491K, 78% free 1320K/5955K, paused 1ms+0ms
D/dalvikvm( 1326): GC_CONCURRENT freed 394K, 78% free 1320K/5955K, paused 1ms+1ms
D/dalvikvm( 1326): GC_CONCURRENT freed 391K, 78% free 1320K/5955K, paused 1ms+1ms
D/dalvikvm( 1326): GC_CONCURRENT freed 392K, 78% free 1320K/5955K, paused 1ms+1ms
D/dalvikvm( 1326): GC_CONCURRENT freed 393K, 78% free 1320K/5955K, paused 1ms+1ms
D/dalvikvm( 1326): GC_CONCURRENT freed 402K, 78% free 1317K/5955K, paused 1ms+1ms
D/dalvikvm( 1326): GC_CONCURRENT freed 395K, 78% free 1315K/5955K, paused 1ms+1ms
D/dalvikvm( 1326): GC_CONCURRENT freed 391K, 77% free 1422K/5955K, paused 1ms+1ms
D/HomePlayerLib( 1326): hostaddress count is 2
D/dalvikvm( 1326): GC_CONCURRENT freed 494K, 77% free 1423K/5955K, paused 1ms+1ms
D/dalvikvm( 1326): GC_CONCURRENT freed 488K, 76% free 1439K/5955K, paused 1ms+1ms
D/dalvikvm( 1326): GC_CONCURRENT freed 519K, 77% free 1388K/5955K, paused 1ms+1ms
D/dalvikvm( 1326): GC_CONCURRENT freed 469K, 77% free 1420K/5955K, paused 1ms+1ms
D/dalvikvm( 1326): GC_CONCURRENT freed 527K, 77% free 1405K/5955K, paused 1ms+1ms
D/dalvikvm( 1326): GC_CONCURRENT freed 477K, 78% free 1323K/5955K, paused 1ms+1ms
D/dalvikvm( 1326): GC_CONCURRENT freed 401K, 78% free 1321K/5955K, paused 1ms+1ms
D/dalvikvm( 1326): GC_CONCURRENT freed 377K, 78% free 1349K/5955K, paused 1ms+1ms
D/dalvikvm( 1326): GC_CONCURRENT freed 424K, 77% free 1425K/5955K, paused 1ms+1ms
D/dalvikvm( 1326): GC_CONCURRENT freed 511K, 78% free 1321K/5955K, paused 1ms+1ms
D/dalvikvm( 1326): GC_CONCURRENT freed 400K, 76% free 1433K/5955K, paused 1ms+1ms
D/dalvikvm( 1326): GC_CONCURRENT freed 507K, 77% free 1429K/5955K, paused 1ms+1ms
D/dalvikvm( 1326): GC_CONCURRENT freed 501K, 77% free 1384K/5955K, paused 1ms+1ms
D/dalvikvm( 1326): GC_CONCURRENT freed 459K, 76% free 1436K/5955K, paused 1ms+1ms
D/dalvikvm( 1326): GC_CONCURRENT freed 516K, 77% free 1419K/5955K, paused 1ms+0ms
D/dalvikvm( 1326): GC_CONCURRENT freed 499K, 78% free 1323K/5955K, paused 1ms+1ms
D/dalvikvm( 1326): GC_CONCURRENT freed 407K, 78% free 1317K/5955K, paused 1ms+1ms
D/dalvikvm( 1326): GC_CONCURRENT freed 396K, 78% free 1315K/5955K, paused 1ms+1ms
D/dalvikvm( 1326): GC_CONCURRENT freed 394K, 78% free 1315K/5955K, paused 1ms+2ms
D/dalvikvm( 1326): GC_CONCURRENT freed 394K, 78% free 1316K/5955K, paused 1ms+1ms
D/dalvikvm( 1326): GC_CONCURRENT freed 405K, 78% free 1320K/5955K, paused 1ms+1ms
D/dalvikvm( 1326): GC_CONCURRENT freed 392K, 78% free 1320K/5955K, paused 1ms+1ms
D/dalvikvm( 1326): GC_CONCURRENT freed 393K, 78% free 1320K/5955K, paused 1ms+2ms
D/dalvikvm( 1326): GC_CONCURRENT freed 393K, 78% free 1325K/5955K, paused 1ms+1ms
D/dalvikvm( 1326): GC_CONCURRENT freed 405K, 78% free 1317K/5955K, paused 1ms+1ms
D/dalvikvm( 1326): GC_CONCURRENT freed 433K, 78% free 1317K/5955K, paused 1ms+1ms
D/HomePlayerLib( 1326): hostaddress count is 2
D/dalvikvm( 1326): GC_CONCURRENT freed 402K, 77% free 1412K/5955K, paused 1ms+2ms
D/dalvikvm( 1326): GC_CONCURRENT freed 503K, 77% free 1416K/5955K, paused 1ms+2ms
D/dalvikvm( 1326): GC_CONCURRENT freed 501K, 77% free 1421K/5955K, paused 1ms+1ms
D/dalvikvm( 1326): GC_CONCURRENT freed 499K, 78% free 1313K/5955K, paused 1ms+1ms
D/dalvikvm( 1326): GC_CONCURRENT freed 400K, 79% free 1300K/5955K, paused 1ms+1ms
D/dalvikvm( 1326): GC_CONCURRENT freed 381K, 77% free 1382K/5955K, paused 1ms+1ms
D/dalvikvm( 1326): GC_CONCURRENT freed 443K, 76% free 1444K/5955K, paused 1ms+1ms
D/dalvikvm( 1326): GC_CONCURRENT freed 530K, 78% free 1350K/5955K, paused 1ms+1ms
D/dalvikvm( 1326): GC_FOR_ALLOC freed 553K, 79% free 1305K/5955K, paused 11ms
D/dalvikvm( 1326): GC_CONCURRENT freed 7K, 79% free 1305K/5955K, paused 1ms+1ms
D/dalvikvm( 1326): GC_CONCURRENT freed 387K, 79% free 1309K/5955K, paused 1ms+1ms
D/dalvikvm( 1326): GC_CONCURRENT freed 391K, 79% free 1309K/5955K, paused 1ms+1ms
D/dalvikvm( 1326): GC_CONCURRENT freed 392K, 78% free 1311K/5955K, paused 1ms+1ms
D/dalvikvm( 1326): GC_CONCURRENT freed 378K, 78% free 1321K/5955K, paused 0ms+1ms
D/dalvikvm( 1326): GC_CONCURRENT freed 393K, 78% free 1320K/5955K, paused 1ms+1ms
D/dalvikvm( 1326): GC_CONCURRENT freed 403K, 79% free 1308K/5955K, paused 1ms+1ms
D/dalvikvm( 1326): GC_CONCURRENT freed 396K, 77% free 1421K/5955K, paused 1ms+1ms
D/dalvikvm( 1326): GC_CONCURRENT freed 488K, 78% free 1320K/5955K, paused 0ms+1ms
D/dalvikvm( 1326): GC_CONCURRENT freed 394K, 78% free 1320K/5955K, paused 1ms+1ms
D/dalvikvm( 1326): GC_CONCURRENT freed 392K, 78% free 1366K/5955K, paused 1ms+1ms
D/dalvikvm( 1326): GC_CONCURRENT freed 443K, 76% free 1442K/5955K, paused 1ms+1ms
D/dalvikvm( 1326): GC_CONCURRENT freed 518K, 76% free 1432K/5955K, paused 0ms+1ms
D/dalvikvm( 1326): GC_CONCURRENT freed 521K, 78% free 1312K/5955K, paused 1ms+1ms
D/dalvikvm( 1326): GC_CONCURRENT freed 397K, 74% free 1578K/5955K, paused 1ms+1ms
D/dalvikvm( 1326): GC_CONCURRENT freed 655K, 76% free 1435K/5955K, paused 0ms+1ms
D/dalvikvm( 1326): GC_CONCURRENT freed 520K, 79% free 1308K/5955K, paused 0ms+1ms
D/dalvikvm( 1326): GC_CONCURRENT freed 394K, 79% free 1307K/5955K, paused 1ms+1ms
D/dalvikvm( 1326): GC_CONCURRENT freed 391K, 77% free 1379K/5955K, paused 1ms+1ms
D/dalvikvm( 1326): GC_CONCURRENT freed 456K, 76% free 1459K/5955K, paused 1ms+1ms
D/dalvikvm( 1326): GC_CONCURRENT freed 530K, 77% free 1427K/5955K, paused 1ms+1ms
D/dalvikvm( 1326): GC_CONCURRENT freed 514K, 79% free 1304K/5955K, paused 1ms+1ms
D/dalvikvm( 1326): GC_CONCURRENT freed 391K, 78% free 1314K/5955K, paused 1ms+1ms
D/HomePlayerLib( 1326): hostaddress count is 2
D/dalvikvm( 1326): GC_CONCURRENT freed 389K, 78% free 1317K/5955K, paused 1ms+1ms
D/dalvikvm( 1326): GC_CONCURRENT freed 401K, 78% free 1314K/5955K, paused 0ms+1ms
D/dalvikvm( 1326): GC_CONCURRENT freed 389K, 78% free 1318K/5955K, paused 1ms+1ms
D/dalvikvm( 1326): GC_CONCURRENT freed 405K, 78% free 1322K/5955K, paused 1ms+1ms
D/dalvikvm( 1326): GC_CONCURRENT freed 390K, 78% free 1325K/5955K, paused 1ms+1ms
D/dalvikvm( 1326): GC_CONCURRENT freed 402K, 78% free 1320K/5955K, paused 1ms+1ms
D/dalvikvm( 1326): GC_CONCURRENT freed 395K, 78% free 1310K/5955K, paused 1ms+2ms
D/dalvikvm( 1326): GC_CONCURRENT freed 386K, 78% free 1312K/5955K, paused 1ms+1ms
D/dalvikvm( 1326): GC_CONCURRENT freed 396K, 78% free 1316K/5955K, paused 1ms+2ms
D/dalvikvm( 1326): GC_CONCURRENT freed 380K, 78% free 1322K/5955K, paused 1ms+0ms
D/dalvikvm( 1326): GC_CONCURRENT freed 391K, 78% free 1324K/5955K, paused 1ms+1ms
D/dalvikvm( 1326): GC_CONCURRENT freed 393K, 78% free 1322K/5955K, paused 1ms+1ms
D/dalvikvm( 1326): GC_CONCURRENT freed 392K, 78% free 1324K/5955K, paused 1ms+1ms
D/dalvikvm( 1326): GC_CONCURRENT freed 392K, 78% free 1323K/5955K, paused 1ms+1ms
D/dalvikvm( 1326): GC_CONCURRENT freed 412K, 79% free 1297K/5955K, paused 1ms+1ms
D/dalvikvm( 1326): GC_CONCURRENT freed 371K, 78% free 1318K/5955K, paused 1ms+1ms
D/dalvikvm( 1326): GC_CONCURRENT freed 394K, 78% free 1319K/5955K, paused 1ms+1ms
D/dalvikvm( 1326): GC_CONCURRENT freed 394K, 78% free 1319K/5955K, paused 0ms+1ms
D/dalvikvm( 1326): GC_CONCURRENT freed 394K, 78% free 1319K/5955K, paused 1ms+1ms
D/dalvikvm( 1326): GC_CONCURRENT freed 393K, 78% free 1320K/5955K, paused 1ms+1ms
D/dalvikvm( 1326): GC_CONCURRENT freed 392K, 77% free 1406K/5955K, paused 1ms+1ms
D/dalvikvm( 1326): GC_CONCURRENT freed 483K, 79% free 1309K/5955K, paused 1ms+1ms
D/dalvikvm( 1326): GC_CONCURRENT freed 397K, 78% free 1315K/5955K, paused 1ms+1ms
D/dalvikvm( 1326): GC_CONCURRENT freed 394K, 78% free 1315K/5955K, paused 1ms+1ms
D/dalvikvm( 1326): GC_CONCURRENT freed 394K, 79% free 1307K/5955K, paused 1ms+1ms
D/CheckNetWork( 1665): isOk true
D/CheckNetWork( 1665): ActInfoNetworkInfo: type: ETH[], state: CONNECTED/CONNECTED, reason: (unspecified), extra: (none), roaming: false, failover: false, isAvailable: true
D/CheckNetWork( 1665): infoNetworkInfo: type: ETH[], state: CONNECTED/CONNECTED, reason: (unspecified), extra: (none), roaming: false, failover: false, isAvailable: true
D/dalvikvm( 1326): GC_CONCURRENT freed 389K, 78% free 1317K/5955K, paused 0ms+1ms
D/HomePlayerLib( 1326): hostaddress count is 2
D/dalvikvm( 1326): GC_CONCURRENT freed 402K, 79% free 1305K/5955K, paused 0ms+1ms
D/dalvikvm( 1326): GC_CONCURRENT freed 387K, 77% free 1425K/5955K, paused 1ms+1ms
D/dalvikvm( 1326): GC_CONCURRENT freed 495K, 77% free 1429K/5955K, paused 1ms+1ms
D/dalvikvm( 1326): GC_CONCURRENT freed 512K, 78% free 1325K/5955K, paused 1ms+1ms
D/dalvikvm( 1326): GC_CONCURRENT freed 394K, 78% free 1344K/5955K, paused 1ms+1ms
D/dalvikvm( 1326): GC_CONCURRENT freed 414K, 77% free 1409K/5955K, paused 1ms+1ms
D/dalvikvm( 1326): GC_CONCURRENT freed 477K, 76% free 1429K/5955K, paused 0ms+1ms
D/dalvikvm( 1326): GC_CONCURRENT freed 500K, 78% free 1312K/5955K, paused 1ms+1ms
D/dalvikvm( 1326): GC_CONCURRENT freed 402K, 78% free 1355K/5955K, paused 1ms+1ms
D/dalvikvm( 1326): GC_CONCURRENT freed 428K, 76% free 1438K/5955K, paused 1ms+1ms
D/dalvikvm( 1326): GC_CONCURRENT freed 521K, 77% free 1424K/5955K, paused 1ms+1ms
D/dalvikvm( 1326): GC_CONCURRENT freed 497K, 77% free 1422K/5955K, paused 1ms+1ms
D/dalvikvm( 1326): GC_CONCURRENT freed 495K, 78% free 1315K/5955K, paused 1ms+1ms
D/dalvikvm( 1326): GC_CONCURRENT freed 399K, 78% free 1337K/5955K, paused 1ms+2ms
D/dalvikvm( 1326): GC_CONCURRENT freed 419K, 78% free 1322K/5955K, paused 1ms+1ms
D/dalvikvm( 1326): GC_CONCURRENT freed 395K, 78% free 1320K/5955K, paused 1ms+1ms
D/dalvikvm( 1326): GC_CONCURRENT freed 403K, 76% free 1449K/5955K, paused 1ms+1ms
D/dalvikvm( 1326): GC_CONCURRENT freed 522K, 78% free 1323K/5955K, paused 0ms+1ms
D/dalvikvm( 1326): GC_CONCURRENT freed 412K, 77% free 1413K/5955K, paused 1ms+1ms
D/dalvikvm( 1326): GC_CONCURRENT freed 490K, 76% free 1430K/5955K, paused 1ms+1ms
D/dalvikvm( 1326): GC_CONCURRENT freed 497K, 78% free 1320K/5955K, paused 1ms+1ms
D/dalvikvm( 1326): GC_CONCURRENT freed 394K, 77% free 1401K/5955K, paused 1ms+1ms
D/dalvikvm( 1326): GC_CONCURRENT freed 482K, 76% free 1483K/5955K, paused 1ms+1ms
D/dalvikvm( 1326): GC_CONCURRENT freed 570K, 78% free 1321K/5955K, paused 0ms+1ms
D/dalvikvm( 1326): GC_CONCURRENT freed 395K, 78% free 1320K/5955K, paused 1ms+1ms
D/dalvikvm( 1326): GC_CONCURRENT freed 393K, 78% free 1325K/5955K, paused 1ms+1ms
D/dalvikvm( 1326): GC_CONCURRENT freed 413K, 77% free 1421K/5955K, paused 1ms+1ms
D/dalvikvm( 1326): GC_CONCURRENT freed 505K, 77% free 1415K/5955K, paused 1ms+1ms
D/dalvikvm( 1326): GC_CONCURRENT freed 486K, 78% free 1321K/5955K, paused 0ms+1ms
D/dalvikvm( 1326): GC_CONCURRENT freed 404K, 77% free 1423K/5955K, paused 0ms+1ms
D/dalvikvm( 1326): GC_CONCURRENT freed 513K, 77% free 1416K/5955K, paused 1ms+1ms
D/HomePlayerLib( 1326): hostaddress count is 2
D/dalvikvm( 1326): GC_CONCURRENT freed 503K, 78% free 1360K/5955K, paused 1ms+1ms
D/dalvikvm( 1326): GC_CONCURRENT freed 445K, 78% free 1315K/5955K, paused 1ms+1ms
D/dalvikvm( 1326): GC_CONCURRENT freed 378K, 78% free 1322K/5955K, paused 1ms+1ms
D/dalvikvm( 1326): GC_CONCURRENT freed 390K, 78% free 1323K/5955K, paused 1ms+1ms
D/dalvikvm( 1326): GC_CONCURRENT freed 390K, 78% free 1324K/5955K, paused 1ms+1ms
D/dalvikvm( 1326): GC_CONCURRENT freed 392K, 78% free 1324K/5955K, paused 1ms+1ms
D/dalvikvm( 1326): GC_CONCURRENT freed 393K, 78% free 1325K/5955K, paused 1ms+1ms
D/dalvikvm( 1326): GC_CONCURRENT freed 453K, 77% free 1370K/5955K, paused 1ms+1ms
D/dalvikvm( 1326): GC_CONCURRENT freed 466K, 77% free 1402K/5955K, paused 1ms+1ms
D/dalvikvm( 1326): GC_CONCURRENT freed 484K, 78% free 1326K/5955K, paused 1ms+1ms
D/dalvikvm( 1326): GC_CONCURRENT freed 410K, 78% free 1319K/5955K, paused 1ms+1ms
D/dalvikvm( 1326): GC_CONCURRENT freed 381K, 76% free 1449K/5955K, paused 0ms+1ms
D/dalvikvm( 1326): GC_CONCURRENT freed 515K, 76% free 1445K/5955K, paused 1ms+1ms
D/dalvikvm( 1326): GC_FOR_ALLOC freed 649K, 79% free 1301K/5955K, paused 11ms
D/dalvikvm( 1326): GC_CONCURRENT freed 6K, 75% free 1493K/5955K, paused 2ms+1ms
D/dalvikvm( 1326): GC_CONCURRENT freed 572K, 74% free 1608K/5955K, paused 0ms+1ms
D/dalvikvm( 1326): GC_CONCURRENT freed 689K, 77% free 1369K/5955K, paused 1ms+1ms
D/dalvikvm( 1326): GC_CONCURRENT freed 424K, 78% free 1336K/5955K, paused 1ms+1ms
D/dalvikvm( 1326): GC_CONCURRENT freed 401K, 77% free 1391K/5955K, paused 1ms+1ms
D/dalvikvm( 1326): GC_CONCURRENT freed 474K, 77% free 1407K/5955K, paused 1ms+1ms
D/dalvikvm( 1326): GC_CONCURRENT freed 485K, 76% free 1433K/5955K, paused 1ms+1ms
D/dalvikvm( 1326): GC_CONCURRENT freed 518K, 77% free 1423K/5955K, paused 1ms+1ms
D/dalvikvm( 1326): GC_CONCURRENT freed 512K, 79% free 1296K/5955K, paused 1ms+1ms
D/dalvikvm( 1326): GC_CONCURRENT freed 425K, 79% free 1293K/5955K, paused 1ms+1ms
D/HomePlayerLib( 1326): hostaddress count is 2
D/dalvikvm( 1326): GC_CONCURRENT freed 367K, 76% free 1432K/5955K, paused 1ms+1ms
D/dalvikvm( 1326): GC_CONCURRENT freed 522K, 77% free 1422K/5955K, paused 0ms+1ms
D/dalvikvm( 1326): GC_CONCURRENT freed 506K, 77% free 1415K/5955K, paused 1ms+1ms
D/dalvikvm( 1326): GC_CONCURRENT freed 476K, 76% free 1450K/5955K, paused 1ms+1ms
D/dalvikvm( 1326): GC_CONCURRENT freed 521K, 78% free 1325K/5955K, paused 1ms+1ms
D/dalvikvm( 1326): GC_CONCURRENT freed 395K, 76% free 1442K/5955K, paused 0ms+1ms
D/dalvikvm( 1326): GC_CONCURRENT freed 513K, 77% free 1372K/5955K, paused 0ms+1ms
D/dalvikvm( 1326): GC_CONCURRENT freed 455K, 77% free 1425K/5955K, paused 1ms+1ms
D/dalvikvm( 1326): GC_CONCURRENT freed 505K, 76% free 1436K/5955K, paused 1ms+1ms
D/dalvikvm( 1326): GC_CONCURRENT freed 530K, 77% free 1406K/5955K, paused 1ms+1ms
D/dalvikvm( 1326): GC_CONCURRENT freed 453K, 76% free 1458K/5955K, paused 1ms+1ms
D/dalvikvm( 1326): GC_CONCURRENT freed 520K, 77% free 1371K/5955K, paused 1ms+0ms
D/dalvikvm( 1326): GC_CONCURRENT freed 456K, 77% free 1426K/5955K, paused 1ms+1ms
D/dalvikvm( 1326): GC_CONCURRENT freed 489K, 76% free 1448K/5955K, paused 1ms+1ms
D/dalvikvm( 1326): GC_CONCURRENT freed 513K, 78% free 1330K/5955K, paused 1ms+1ms
D/dalvikvm( 1326): GC_CONCURRENT freed 416K, 78% free 1324K/5955K, paused 1ms+2ms
D/dalvikvm( 1326): GC_CONCURRENT freed 395K, 78% free 1324K/5955K, paused 1ms+1ms
D/dalvikvm( 1326): GC_CONCURRENT freed 393K, 78% free 1322K/5955K, paused 1ms+1ms
D/dalvikvm( 1326): GC_CONCURRENT freed 392K, 78% free 1324K/5955K, paused 1ms+1ms
D/dalvikvm( 1326): GC_CONCURRENT freed 406K, 78% free 1321K/5955K, paused 1ms+1ms
D/dalvikvm( 1326): GC_CONCURRENT freed 395K, 78% free 1320K/5955K, paused 1ms+1ms
D/dalvikvm( 1326): GC_CONCURRENT freed 391K, 78% free 1320K/5955K, paused 1ms+1ms
D/dalvikvm( 1326): GC_CONCURRENT freed 391K, 78% free 1320K/5955K, paused 1ms+1ms
D/dalvikvm( 1326): GC_CONCURRENT freed 404K, 78% free 1333K/5955K, paused 1ms+1ms
D/dalvikvm( 1326): GC_CONCURRENT freed 407K, 78% free 1320K/5955K, paused 1ms+1ms
D/dalvikvm( 1326): GC_CONCURRENT freed 393K, 78% free 1319K/5955K, paused 1ms+1ms
D/dalvikvm( 1326): GC_CONCURRENT freed 393K, 78% free 1319K/5955K, paused 1ms+2ms
D/dalvikvm( 1326): GC_CONCURRENT freed 392K, 78% free 1320K/5955K, paused 1ms+1ms
D/dalvikvm( 1326): GC_CONCURRENT freed 393K, 78% free 1320K/5955K, paused 1ms+1ms
D/dalvikvm( 1326): GC_CONCURRENT freed 393K, 78% free 1320K/5955K, paused 1ms+1ms
D/dalvikvm( 1326): GC_CONCURRENT freed 391K, 78% free 1320K/5955K, paused 1ms+1ms
D/dalvikvm( 1326): GC_CONCURRENT freed 403K, 77% free 1391K/5955K, paused 1ms+1ms
D/dalvikvm( 1326): GC_CONCURRENT freed 477K, 78% free 1316K/5955K, paused 1ms+1ms
D/dalvikvm( 1326): GC_CONCURRENT freed 394K, 79% free 1307K/5955K, paused 1ms+2ms
D/dalvikvm( 1326): GC_CONCURRENT freed 393K, 77% free 1420K/5955K, paused 0ms+1ms
D/HomePlayerLib( 1326): hostaddress count is 2
D/dalvikvm( 1326): GC_CONCURRENT freed 505K, 78% free 1314K/5955K, paused 1ms+1ms
D/dalvikvm( 1326): GC_CONCURRENT freed 388K, 78% free 1317K/5955K, paused 1ms+1ms
D/dalvikvm( 1326): GC_CONCURRENT freed 403K, 79% free 1306K/5955K, paused 1ms+1ms
D/dalvikvm( 1326): GC_CONCURRENT freed 378K, 78% free 1322K/5955K, paused 1ms+1ms
D/dalvikvm( 1326): GC_CONCURRENT freed 390K, 78% free 1324K/5955K, paused 1ms+1ms
D/dalvikvm( 1326): GC_CONCURRENT freed 454K, 79% free 1307K/5955K, paused 1ms+1ms
D/dalvikvm( 1326): GC_CONCURRENT freed 460K, 78% free 1356K/5955K, paused 0ms+1ms
D/dalvikvm( 1326): GC_CONCURRENT freed 437K, 78% free 1312K/5955K, paused 1ms+1ms
D/dalvikvm( 1326): GC_CONCURRENT freed 390K, 76% free 1429K/5955K, paused 1ms+1ms
D/dalvikvm( 1326): GC_CONCURRENT freed 511K, 77% free 1427K/5955K, paused 1ms+1ms
D/dalvikvm( 1326): GC_CONCURRENT freed 489K, 76% free 1448K/5955K, paused 1ms+1ms
D/dalvikvm( 1326): GC_CONCURRENT freed 514K, 78% free 1330K/5955K, paused 1ms+1ms
D/dalvikvm( 1326): GC_CONCURRENT freed 404K, 76% free 1436K/5955K, paused 0ms+1ms
D/dalvikvm( 1326): GC_CONCURRENT freed 515K, 77% free 1420K/5955K, paused 1ms+1ms
D/dalvikvm( 1326): GC_CONCURRENT freed 487K, 78% free 1330K/5955K, paused 1ms+1ms
D/dalvikvm( 1326): GC_CONCURRENT freed 417K, 79% free 1297K/5955K, paused 1ms+1ms
D/dalvikvm( 1326): GC_CONCURRENT freed 371K, 76% free 1483K/5955K, paused 0ms+0ms
D/dalvikvm( 1326): GC_CONCURRENT freed 555K, 77% free 1408K/5955K, paused 1ms+1ms
V/EthernetMonitor(  939): get event 
V/EthernetMonitor(  939): go poll events
D/dalvikvm( 1326): GC_CONCURRENT freed 480K, 78% free 1320K/5955K, paused 0ms+1ms
D/dalvikvm( 1326): GC_CONCURRENT freed 393K, 78% free 1319K/5955K, paused 1ms+1ms
D/dalvikvm( 1326): GC_CONCURRENT freed 394K, 78% free 1319K/5955K, paused 1ms+1ms
D/dalvikvm( 1326): GC_CONCURRENT freed 393K, 78% free 1320K/5955K, paused 1ms+1ms
D/dalvikvm( 1326): GC_CONCURRENT freed 394K, 78% free 1320K/5955K, paused 1ms+1ms
D/dalvikvm( 1326): GC_CONCURRENT freed 393K, 78% free 1320K/5955K, paused 1ms+1ms
D/dalvikvm( 1326): GC_CONCURRENT freed 391K, 78% free 1320K/5955K, paused 1ms+2ms
D/dalvikvm( 1326): GC_CONCURRENT freed 392K, 78% free 1320K/5955K, paused 1ms+1ms
D/dalvikvm( 1326): GC_CONCURRENT freed 404K, 79% free 1309K/5955K, paused 1ms+1ms
D/dalvikvm( 1326): GC_CONCURRENT freed 394K, 78% free 1315K/5955K, paused 1ms+1ms
D/dalvikvm( 1326): GC_CONCURRENT freed 393K, 78% free 1316K/5955K, paused 1ms+1ms
D/dalvikvm( 1326): GC_CONCURRENT freed 393K, 78% free 1316K/5955K, paused 1ms+1ms
D/dalvikvm( 1326): GC_CONCURRENT freed 389K, 78% free 1317K/5955K, paused 1ms+1ms
D/HomePlayerLib( 1326): hostaddress count is 2
D/dalvikvm( 1326): GC_CONCURRENT freed 402K, 76% free 1475K/5955K, paused 1ms+1ms
D/dalvikvm( 1326): GC_CONCURRENT freed 526K, 78% free 1335K/5955K, paused 1ms+2ms
D/dalvikvm( 1326): GC_CONCURRENT freed 425K, 78% free 1318K/5955K, paused 1ms+1ms
D/dalvikvm( 1326): GC_CONCURRENT freed 405K, 78% free 1322K/5955K, paused 1ms+1ms
D/dalvikvm( 1326): GC_CONCURRENT freed 391K, 78% free 1340K/5955K, paused 1ms+1ms
D/dalvikvm( 1326): GC_CONCURRENT freed 426K, 77% free 1415K/5955K, paused 1ms+1ms
D/dalvikvm( 1326): GC_CONCURRENT freed 484K, 76% free 1441K/5955K, paused 1ms+1ms
D/dalvikvm( 1326): GC_CONCURRENT freed 522K, 79% free 1303K/5955K, paused 1ms+1ms
D/dalvikvm( 1326): GC_CONCURRENT freed 366K, 76% free 1445K/5955K, paused 1ms+1ms
D/dalvikvm( 1326): GC_CONCURRENT freed 524K, 77% free 1428K/5955K, paused 1ms+1ms
D/dalvikvm( 1326): GC_CONCURRENT freed 513K, 78% free 1357K/5955K, paused 1ms+1ms
D/dalvikvm( 1326): GC_CONCURRENT freed 432K, 76% free 1436K/5955K, paused 1ms+1ms
D/dalvikvm( 1326): GC_CONCURRENT freed 507K, 77% free 1423K/5955K, paused 0ms+1ms
D/dalvikvm( 1326): GC_CONCURRENT freed 498K, 78% free 1323K/5955K, paused 1ms+1ms
D/dalvikvm( 1326): GC_CONCURRENT freed 400K, 77% free 1426K/5955K, paused 1ms+1ms
D/dalvikvm( 1326): GC_CONCURRENT freed 500K, 78% free 1321K/5955K, paused 1ms+1ms
D/dalvikvm( 1326): GC_CONCURRENT freed 396K, 78% free 1319K/5955K, paused 1ms+0ms
D/dalvikvm( 1326): GC_CONCURRENT freed 393K, 78% free 1320K/5955K, paused 1ms+1ms
D/dalvikvm( 1326): GC_CONCURRENT freed 393K, 78% free 1320K/5955K, paused 1ms+1ms
D/dalvikvm( 1326): GC_CONCURRENT freed 393K, 78% free 1325K/5955K, paused 0ms+1ms
D/dalvikvm( 1326): GC_CONCURRENT freed 401K, 76% free 1433K/5955K, paused 1ms+1ms
D/dalvikvm( 1326): GC_CONCURRENT freed 517K, 79% free 1300K/5955K, paused 1ms+1ms
D/dalvikvm( 1326): GC_CONCURRENT freed 367K, 76% free 1444K/5955K, paused 1ms+1ms
D/dalvikvm( 1326): GC_CONCURRENT freed 525K, 77% free 1377K/5955K, paused 1ms+1ms
D/dalvikvm( 1326): GC_CONCURRENT freed 461K, 78% free 1314K/5955K, paused 0ms+1ms
D/HomePlayerLib( 1326): hostaddress count is 2
D/dalvikvm( 1326): GC_CONCURRENT freed 388K, 78% free 1318K/5955K, paused 1ms+1ms
D/dalvikvm( 1326): GC_CONCURRENT freed 401K, 77% free 1380K/5955K, paused 0ms+1ms
D/dalvikvm( 1326): GC_CONCURRENT freed 467K, 78% free 1322K/5955K, paused 1ms+1ms
D/dalvikvm( 1326): GC_CONCURRENT freed 391K, 78% free 1324K/5955K, paused 1ms+1ms
D/dalvikvm( 1326): GC_CONCURRENT freed 393K, 78% free 1325K/5955K, paused 2ms+1ms
D/dalvikvm( 1326): GC_CONCURRENT freed 399K, 77% free 1381K/5955K, paused 1ms+1ms
D/dalvikvm( 1326): GC_CONCURRENT freed 465K, 78% free 1323K/5955K, paused 1ms+1ms
D/dalvikvm( 1326): GC_CONCURRENT freed 392K, 78% free 1325K/5955K, paused 0ms+1ms
D/dalvikvm( 1326): GC_CONCURRENT freed 409K, 75% free 1527K/5955K, paused 0ms+1ms
D/dalvikvm( 1326): GC_CONCURRENT freed 687K, 79% free 1300K/5955K, paused 1ms+1ms
D/dalvikvm( 1326): GC_CONCURRENT freed 375K, 78% free 1312K/5955K, paused 1ms+1ms
D/dalvikvm( 1326): GC_CONCURRENT freed 376K, 76% free 1447K/5955K, paused 0ms+1ms
D/dalvikvm( 1326): GC_CONCURRENT freed 531K, 77% free 1425K/5955K, paused 1ms+1ms
D/dalvikvm( 1326): GC_CONCURRENT freed 509K, 77% free 1425K/5955K, paused 1ms+1ms
D/dalvikvm( 1326): GC_CONCURRENT freed 492K, 78% free 1320K/5955K, paused 0ms+1ms
D/dalvikvm( 1326): GC_CONCURRENT freed 394K, 78% free 1320K/5955K, paused 1ms+2ms
D/CheckNetWork( 1665): isOk true
D/CheckNetWork( 1665): ActInfoNetworkInfo: type: ETH[], state: CONNECTED/CONNECTED, reason: (unspecified), extra: (none), roaming: false, failover: false, isAvailable: true
D/CheckNetWork( 1665): infoNetworkInfo: type: ETH[], state: CONNECTED/CONNECTED, reason: (unspecified), extra: (none), roaming: false, failover: false, isAvailable: true
D/dalvikvm( 1326): GC_CONCURRENT freed 393K, 78% free 1320K/5955K, paused 1ms+1ms
D/dalvikvm( 1326): GC_CONCURRENT freed 393K, 78% free 1320K/5955K, paused 1ms+1ms
D/dalvikvm( 1326): GC_CONCURRENT freed 412K, 79% free 1293K/5955K, paused 1ms+1ms
D/dalvikvm( 1326): GC_CONCURRENT freed 376K, 77% free 1428K/5955K, paused 1ms+1ms
D/dalvikvm( 1326): GC_CONCURRENT freed 504K, 77% free 1374K/5955K, paused 0ms+1ms
D/dalvikvm( 1326): GC_CONCURRENT freed 447K, 78% free 1366K/5955K, paused 1ms+1ms
D/dalvikvm( 1326): GC_CONCURRENT freed 454K, 79% free 1305K/5955K, paused 1ms+1ms
D/dalvikvm( 1326): GC_CONCURRENT freed 384K, 77% free 1429K/5955K, paused 1ms+1ms
D/dalvikvm( 1326): GC_CONCURRENT freed 513K, 79% free 1308K/5955K, paused 1ms+1ms
D/dalvikvm( 1326): GC_CONCURRENT freed 394K, 79% free 1307K/5955K, paused 1ms+1ms
D/dalvikvm( 1326): GC_CONCURRENT freed 393K, 79% free 1307K/5955K, paused 1ms+1ms
D/dalvikvm( 1326): GC_CONCURRENT freed 397K, 79% free 1308K/5955K, paused 1ms+1ms
D/dalvikvm( 1326): GC_CONCURRENT freed 383K, 78% free 1320K/5955K, paused 1ms+1ms
D/dalvikvm( 1326): GC_CONCURRENT freed 396K, 78% free 1319K/5955K, paused 1ms+1ms
D/dalvikvm( 1326): GC_CONCURRENT freed 394K, 78% free 1319K/5955K, paused 1ms+1ms
D/dalvikvm( 1326): GC_CONCURRENT freed 394K, 78% free 1319K/5955K, paused 1ms+1ms
D/dalvikvm( 1326): GC_CONCURRENT freed 404K, 78% free 1314K/5955K, paused 1ms+1ms
D/HomePlayerLib( 1326): hostaddress count is 2
D/dalvikvm( 1326): GC_CONCURRENT freed 387K, 78% free 1318K/5955K, paused 1ms+1ms
D/dalvikvm( 1326): GC_CONCURRENT freed 410K, 78% free 1313K/5955K, paused 1ms+1ms
D/dalvikvm( 1326): GC_CONCURRENT freed 378K, 78% free 1321K/5955K, paused 1ms+2ms
D/dalvikvm( 1326): GC_CONCURRENT freed 390K, 78% free 1324K/5955K, paused 1ms+1ms
D/dalvikvm( 1326): GC_CONCURRENT freed 420K, 78% free 1353K/5955K, paused 1ms+1ms
D/dalvikvm( 1326): GC_CONCURRENT freed 431K, 78% free 1313K/5955K, paused 1ms+1ms
D/dalvikvm( 1326): GC_CONCURRENT freed 395K, 78% free 1320K/5955K, paused 0ms+1ms
D/dalvikvm( 1326): GC_CONCURRENT freed 393K, 78% free 1321K/5955K, paused 1ms+1ms
D/dalvikvm( 1326): GC_CONCURRENT freed 405K, 79% free 1300K/5955K, paused 1ms+1ms
D/dalvikvm( 1326): GC_CONCURRENT freed 342K, 78% free 1353K/5955K, paused 1ms+1ms
D/dalvikvm( 1326): GC_CONCURRENT freed 440K, 78% free 1321K/5955K, paused 1ms+1ms
D/dalvikvm( 1326): GC_CONCURRENT freed 392K, 76% free 1440K/5955K, paused 1ms+1ms
D/dalvikvm( 1326): GC_CONCURRENT freed 514K, 78% free 1369K/5955K, paused 1ms+1ms
D/dalvikvm( 1326): GC_CONCURRENT freed 454K, 77% free 1423K/5955K, paused 0ms+1ms
D/dalvikvm( 1326): GC_CONCURRENT freed 502K, 76% free 1432K/5955K, paused 0ms+1ms
D/dalvikvm( 1326): GC_CONCURRENT freed 500K, 78% free 1322K/5955K, paused 1ms+1ms
D/dalvikvm( 1326): GC_CONCURRENT freed 407K, 77% free 1424K/5955K, paused 1ms+2ms
D/dalvikvm( 1326): GC_CONCURRENT freed 490K, 76% free 1445K/5955K, paused 1ms+1ms
D/dalvikvm( 1326): GC_CONCURRENT freed 514K, 78% free 1326K/5955K, paused 1ms+0ms
D/dalvikvm( 1326): GC_CONCURRENT freed 404K, 76% free 1433K/5955K, paused 1ms+1ms
D/dalvikvm( 1326): GC_CONCURRENT freed 517K, 77% free 1415K/5955K, paused 1ms+2ms
D/dalvikvm( 1326): GC_CONCURRENT freed 488K, 78% free 1321K/5955K, paused 1ms+1ms
D/dalvikvm( 1326): GC_CONCURRENT freed 401K, 78% free 1319K/5955K, paused 1ms+1ms
D/HomePlayerLib( 1326): hostaddress count is 2
D/dalvikvm( 1326): GC_CONCURRENT freed 405K, 79% free 1304K/5955K, paused 1ms+1ms
D/dalvikvm( 1326): GC_CONCURRENT freed 387K, 77% free 1423K/5955K, paused 0ms+1ms
D/dalvikvm( 1326): GC_CONCURRENT freed 497K, 78% free 1320K/5955K, paused 1ms+1ms
D/dalvikvm( 1326): GC_CONCURRENT freed 413K, 77% free 1405K/5955K, paused 0ms+1ms
D/dalvikvm( 1326): GC_CONCURRENT freed 489K, 77% free 1382K/5955K, paused 0ms+1ms
D/dalvikvm( 1326): GC_CONCURRENT freed 459K, 77% free 1384K/5955K, paused 1ms+1ms
D/dalvikvm( 1326): GC_CONCURRENT freed 457K, 76% free 1461K/5955K, paused 1ms+1ms
D/dalvikvm( 1326): GC_CONCURRENT freed 545K, 76% free 1470K/5955K, paused 1ms+1ms
D/dalvikvm( 1326): GC_CONCURRENT freed 537K, 77% free 1420K/5955K, paused 1ms+0ms
D/dalvikvm( 1326): GC_CONCURRENT freed 502K, 77% free 1426K/5955K, paused 1ms+1ms
D/dalvikvm( 1326): GC_CONCURRENT freed 488K, 78% free 1325K/5955K, paused 1ms+1ms
D/dalvikvm( 1326): GC_CONCURRENT freed 402K, 78% free 1311K/5955K, paused 1ms+1ms
D/dalvikvm( 1326): GC_CONCURRENT freed 450K, 77% free 1378K/5955K, paused 1ms+1ms
D/dalvikvm( 1326): GC_CONCURRENT freed 448K, 78% free 1363K/5955K, paused 1ms+1ms
D/dalvikvm( 1326): GC_CONCURRENT freed 448K, 78% free 1327K/5955K, paused 0ms+1ms
D/dalvikvm( 1326): GC_CONCURRENT freed 406K, 78% free 1317K/5955K, paused 1ms+1ms
D/dalvikvm( 1326): GC_CONCURRENT freed 396K, 79% free 1307K/5955K, paused 1ms+2ms
D/dalvikvm( 1326): GC_CONCURRENT freed 394K, 78% free 1315K/5955K, paused 0ms+1ms
D/dalvikvm( 1326): GC_CONCURRENT freed 404K, 78% free 1320K/5955K, paused 1ms+1ms
D/dalvikvm( 1326): GC_CONCURRENT freed 392K, 78% free 1320K/5955K, paused 1ms+1ms
D/dalvikvm( 1326): GC_CONCURRENT freed 393K, 78% free 1320K/5955K, paused 1ms+1ms
D/dalvikvm( 1326): GC_CONCURRENT freed 393K, 78% free 1320K/5955K, paused 1ms+1ms
D/dalvikvm( 1326): GC_CONCURRENT freed 391K, 78% free 1321K/5955K, paused 1ms+1ms
D/dalvikvm( 1326): GC_CONCURRENT freed 403K, 78% free 1317K/5955K, paused 1ms+1ms
D/dalvikvm( 1326): GC_CONCURRENT freed 407K, 77% free 1418K/5955K, paused 0ms+1ms
D/dalvikvm( 1326): GC_CONCURRENT freed 502K, 77% free 1421K/5955K, paused 1ms+1ms
D/dalvikvm( 1326): GC_CONCURRENT freed 497K, 79% free 1309K/5955K, paused 1ms+1ms
D/dalvikvm( 1326): GC_CONCURRENT freed 396K, 77% free 1421K/5955K, paused 1ms+1ms
D/dalvikvm( 1326): GC_CONCURRENT freed 488K, 76% free 1445K/5955K, paused 1ms+1ms
D/dalvikvm( 1326): GC_CONCURRENT freed 526K, 78% free 1310K/5955K, paused 1ms+1ms
D/dalvikvm( 1326): GC_CONCURRENT freed 397K, 79% free 1298K/5955K, paused 1ms+1ms
D/dalvikvm( 1326): GC_CONCURRENT freed 390K, 79% free 1293K/5955K, paused 1ms+1ms
D/HomePlayerLib( 1326): hostaddress count is 2
D/dalvikvm( 1326): GC_CONCURRENT freed 375K, 76% free 1487K/5955K, paused 1ms+1ms
D/dalvikvm( 1326): GC_CONCURRENT freed 571K, 77% free 1422K/5955K, paused 1ms+1ms
D/dalvikvm( 1326): GC_CONCURRENT freed 501K, 78% free 1323K/5955K, paused 0ms+1ms
D/dalvikvm( 1326): GC_CONCURRENT freed 382K, 76% free 1452K/5955K, paused 1ms+1ms
D/dalvikvm( 1326): GC_CONCURRENT freed 533K, 77% free 1427K/5955K, paused 1ms+1ms
D/dalvikvm( 1326): GC_CONCURRENT freed 507K, 76% free 1430K/5955K, paused 1ms+1ms
D/dalvikvm( 1326): GC_CONCURRENT freed 508K, 77% free 1427K/5955K, paused 1ms+1ms
D/dalvikvm( 1326): GC_CONCURRENT freed 489K, 76% free 1449K/5955K, paused 1ms+1ms
D/dalvikvm( 1326): GC_CONCURRENT freed 512K, 78% free 1353K/5955K, paused 1ms+1ms
D/dalvikvm( 1326): GC_CONCURRENT freed 432K, 78% free 1323K/5955K, paused 1ms+1ms
D/dalvikvm( 1326): GC_CONCURRENT freed 434K, 77% free 1387K/5955K, paused 0ms+1ms
D/dalvikvm( 1326): GC_CONCURRENT freed 422K, 77% free 1370K/5955K, paused 1ms+1ms
D/dalvikvm( 1326): GC_CONCURRENT freed 444K, 78% free 1322K/5955K, paused 1ms+1ms
D/dalvikvm( 1326): GC_CONCURRENT freed 390K, 78% free 1329K/5955K, paused 1ms+1ms
D/dalvikvm( 1326): GC_CONCURRENT freed 416K, 79% free 1310K/5955K, paused 1ms+1ms
D/dalvikvm( 1326): GC_CONCURRENT freed 398K, 76% free 1429K/5955K, paused 0ms+0ms
D/dalvikvm( 1326): GC_CONCURRENT freed 515K, 78% free 1317K/5955K, paused 1ms+1ms
D/dalvikvm( 1326): GC_CONCURRENT freed 405K, 78% free 1320K/5955K, paused 1ms+1ms
D/dalvikvm( 1326): GC_CONCURRENT freed 392K, 78% free 1325K/5955K, paused 0ms+1ms
D/dalvikvm( 1326): GC_CONCURRENT freed 404K, 78% free 1333K/5955K, paused 1ms+1ms
D/dalvikvm( 1326): GC_CONCURRENT freed 409K, 78% free 1320K/5955K, paused 1ms+1ms
D/dalvikvm( 1326): GC_CONCURRENT freed 394K, 78% free 1320K/5955K, paused 0ms+1ms
D/dalvikvm( 1326): GC_CONCURRENT freed 416K, 79% free 1301K/5955K, paused 1ms+1ms
D/dalvikvm( 1326): GC_CONCURRENT freed 374K, 78% free 1317K/5955K, paused 1ms+0ms
D/HomePlayerLib( 1326): hostaddress count is 2
D/dalvikvm( 1326): GC_CONCURRENT freed 401K, 77% free 1426K/5955K, paused 1ms+1ms
D/dalvikvm( 1326): GC_CONCURRENT freed 504K, 76% free 1430K/5955K, paused 1ms+1ms
D/dalvikvm( 1326): GC_CONCURRENT freed 500K, 78% free 1323K/5955K, paused 0ms+1ms
D/dalvikvm( 1326): GC_CONCURRENT freed 390K, 78% free 1324K/5955K, paused 1ms+1ms
D/dalvikvm( 1326): GC_CONCURRENT freed 401K, 76% free 1434K/5955K, paused 1ms+1ms
D/dalvikvm( 1326): GC_CONCURRENT freed 595K, 78% free 1346K/5955K, paused 1ms+1ms
D/dalvikvm( 1326): GC_CONCURRENT freed 408K, 78% free 1330K/5955K, paused 1ms+1ms
D/dalvikvm( 1326): GC_CONCURRENT freed 414K, 77% free 1405K/5955K, paused 1ms+1ms
D/dalvikvm( 1326): GC_CONCURRENT freed 467K, 76% free 1448K/5955K, paused 1ms+1ms
D/dalvikvm( 1326): GC_CONCURRENT freed 526K, 78% free 1311K/5955K, paused 1ms+1ms
D/dalvikvm( 1326): GC_CONCURRENT freed 424K, 77% free 1403K/5955K, paused 1ms+1ms
D/dalvikvm( 1326): GC_CONCURRENT freed 473K, 76% free 1435K/5955K, paused 1ms+1ms
D/dalvikvm( 1326): GC_CONCURRENT freed 518K, 78% free 1330K/5955K, paused 1ms+1ms
D/dalvikvm( 1326): GC_CONCURRENT freed 416K, 77% free 1425K/5955K, paused 1ms+1ms
D/dalvikvm( 1326): GC_CONCURRENT freed 492K, 76% free 1445K/5955K, paused 1ms+1ms
D/dalvikvm( 1326): GC_CONCURRENT freed 515K, 78% free 1326K/5955K, paused 0ms+1ms
D/dalvikvm( 1326): GC_CONCURRENT freed 385K, 76% free 1431K/5955K, paused 1ms+1ms
D/dalvikvm( 1326): GC_CONCURRENT freed 507K, 77% free 1403K/5955K, paused 0ms+1ms
D/dalvikvm( 1326): GC_CONCURRENT freed 475K, 78% free 1366K/5955K, paused 0ms+1ms
D/dalvikvm( 1326): GC_CONCURRENT freed 442K, 77% free 1417K/5955K, paused 1ms+1ms
D/dalvikvm( 1326): GC_CONCURRENT freed 490K, 75% free 1489K/5955K, paused 1ms+1ms
D/dalvikvm( 1326): GC_CONCURRENT freed 564K, 76% free 1435K/5955K, paused 1ms+1ms
D/dalvikvm( 1326): GC_CONCURRENT freed 519K, 79% free 1300K/5955K, paused 1ms+1ms
D/dalvikvm( 1326): GC_CONCURRENT freed 367K, 77% free 1402K/5955K, paused 1ms+1ms
D/dalvikvm( 1326): GC_CONCURRENT freed 472K, 78% free 1321K/5955K, paused 0ms+1ms
D/dalvikvm( 1326): GC_CONCURRENT freed 404K, 79% free 1308K/5955K, paused 1ms+1ms
D/dalvikvm( 1326): GC_CONCURRENT freed 396K, 79% free 1306K/5955K, paused 1ms+1ms
D/dalvikvm( 1326): GC_CONCURRENT freed 394K, 77% free 1415K/5955K, paused 1ms+1ms
D/dalvikvm( 1326): GC_CONCURRENT freed 487K, 77% free 1407K/5955K, paused 1ms+1ms
D/HomePlayerLib( 1326): hostaddress count is 2
D/dalvikvm( 1326): GC_CONCURRENT freed 493K, 78% free 1330K/5955K, paused 1ms+1ms
D/dalvikvm( 1326): GC_CONCURRENT freed 416K, 79% free 1306K/5955K, paused 1ms+1ms
D/dalvikvm( 1326): GC_CONCURRENT freed 389K, 78% free 1318K/5955K, paused 1ms+1ms
D/dalvikvm( 1326): GC_CONCURRENT freed 405K, 78% free 1322K/5955K, paused 1ms+1ms
D/dalvikvm( 1326): GC_CONCURRENT freed 390K, 78% free 1324K/5955K, paused 1ms+1ms
D/dalvikvm( 1326): GC_CONCURRENT freed 392K, 78% free 1339K/5955K, paused 1ms+1ms
D/dalvikvm( 1326): GC_CONCURRENT freed 416K, 78% free 1326K/5955K, paused 1ms+1ms
D/dalvikvm( 1326): GC_CONCURRENT freed 395K, 78% free 1324K/5955K, paused 1ms+1ms
D/dalvikvm( 1326): GC_CONCURRENT freed 386K, 78% free 1340K/5955K, paused 1ms+1ms
D/dalvikvm( 1326): GC_CONCURRENT freed 425K, 79% free 1299K/5955K, paused 1ms+1ms
D/dalvikvm( 1326): GC_CONCURRENT freed 364K, 78% free 1320K/5955K, paused 1ms+1ms
D/dalvikvm( 1326): GC_CONCURRENT freed 406K, 78% free 1322K/5955K, paused 1ms+1ms
D/dalvikvm( 1326): GC_CONCURRENT freed 392K, 78% free 1324K/5955K, paused 1ms+1ms
D/dalvikvm( 1326): GC_CONCURRENT freed 392K, 78% free 1337K/5955K, paused 1ms+1ms
D/dalvikvm( 1326): GC_CONCURRENT freed 415K, 78% free 1322K/5955K, paused 0ms+1ms
D/dalvikvm( 1326): GC_CONCURRENT freed 361K, 78% free 1350K/5955K, paused 1ms+1ms
D/dalvikvm( 1326): GC_CONCURRENT freed 437K, 78% free 1321K/5955K, paused 1ms+1ms
D/dalvikvm( 1326): GC_CONCURRENT freed 395K, 77% free 1425K/5955K, paused 1ms+1ms
D/dalvikvm( 1326): GC_CONCURRENT freed 501K, 78% free 1339K/5955K, paused 0ms+1ms
D/PushMsgCenter( 1634): mDownUpRun run while (true)
D/PushMsgCenter( 1634): down  
D/PushMsgCenter( 1634): down conn.getResponseCode() status = 404
D/CheckNetWork( 1665): isOk true
D/CheckNetWork( 1665): ActInfoNetworkInfo: type: ETH[], state: CONNECTED/CONNECTED, reason: (unspecified), extra: (none), roaming: false, failover: false, isAvailable: true
D/CheckNetWork( 1665): infoNetworkInfo: type: ETH[], state: CONNECTED/CONNECTED, reason: (unspecified), extra: (none), roaming: false, failover: false, isAvailable: true
D/dalvikvm( 1665): GC_CONCURRENT freed 325K, 70% free 1752K/5827K, paused 2ms+2ms
E/StrictMode( 1665): A resource was acquired at attached stack trace but never released. See java.io.Closeable for information on avoiding resource leaks.
E/StrictMode( 1665): java.lang.Throwable: Explicit termination method 'close' not called
E/StrictMode( 1665):    at dalvik.system.CloseGuard.open(CloseGuard.java:184)
E/StrictMode( 1665):    at android.content.ContentResolver$CursorWrapperInner.<init>(ContentResolver.java:1582)
E/StrictMode( 1665):    at android.content.ContentResolver.query(ContentResolver.java:321)
E/StrictMode( 1665):    at com.iflytek.msc.a.a.c(Unknown Source)
E/StrictMode( 1665):    at com.iflytek.msc.a.a.a(Unknown Source)
E/StrictMode( 1665):    at com.iflytek.b.c.a(Unknown Source)
E/StrictMode( 1665):    at com.iflytek.b.c.c(Unknown Source)
E/StrictMode( 1665):    at com.iflytek.b.c.a(Unknown Source)
E/StrictMode( 1665):    at com.iflytek.msc.b.b.a(Unknown Source)
E/StrictMode( 1665):    at com.iflytek.speech.SpeechRecognizer.b(Unknown Source)
E/StrictMode( 1665):    at com.iflytek.msc.c.d.run(Unknown Source)
W/CursorWrapperInner( 1665): Cursor finalized without prior close()
E/StrictMode( 1665): A resource was acquired at attached stack trace but never released. See java.io.Closeable for information on avoiding resource leaks.
E/StrictMode( 1665): java.lang.Throwable: Explicit termination method 'close' not called
E/StrictMode( 1665):    at dalvik.system.CloseGuard.open(CloseGuard.java:184)
E/StrictMode( 1665):    at android.content.ContentResolver$CursorWrapperInner.<init>(ContentResolver.java:1582)
E/StrictMode( 1665):    at android.content.ContentResolver.query(ContentResolver.java:321)
E/StrictMode( 1665):    at com.iflytek.msc.a.a.c(Unknown Source)
E/StrictMode( 1665):    at com.iflytek.msc.a.a.a(Unknown Source)
E/StrictMode( 1665):    at com.iflytek.b.c.a(Unknown Source)
E/StrictMode( 1665):    at com.iflytek.b.c.c(Unknown Source)
E/StrictMode( 1665):    at com.iflytek.b.c.a(Unknown Source)
E/StrictMode( 1665):    at com.iflytek.msc.e.a.a(Unknown Source)
E/StrictMode( 1665):    at com.iflytek.speech.c.b(Unknown Source)
E/StrictMode( 1665):    at com.iflytek.msc.c.d.run(Unknown Source)
W/CursorWrapperInner( 1665): Cursor finalized without prior close()
D/dalvikvm( 1326): GC_CONCURRENT freed 417K, 76% free 1433K/5955K, paused 1ms+1ms
D/dalvikvm( 1326): GC_CONCURRENT freed 516K, 77% free 1423K/5955K, paused 1ms+1ms
D/dalvikvm( 1326): GC_CONCURRENT freed 488K, 78% free 1326K/5955K, paused 1ms+1ms
D/dalvikvm( 1326): GC_CONCURRENT freed 405K, 77% free 1400K/5955K, paused 0ms+1ms
D/dalvikvm( 1326): GC_CONCURRENT freed 477K, 77% free 1415K/5955K, paused 1ms+0ms
D/dalvikvm( 1326): GC_CONCURRENT freed 498K, 78% free 1315K/5955K, paused 1ms+1ms
D/dalvikvm( 1326): GC_CONCURRENT freed 403K, 79% free 1297K/5955K, paused 1ms+1ms
D/dalvikvm( 1326): GC_CONCURRENT freed 377K, 77% free 1402K/5955K, paused 1ms+1ms
D/dalvikvm( 1326): GC_CONCURRENT freed 475K, 78% free 1320K/5955K, paused 1ms+1ms
D/dalvikvm( 1326): GC_CONCURRENT freed 392K, 77% free 1417K/5955K, paused 0ms+1ms
D/dalvikvm( 1326): GC_CONCURRENT freed 506K, 79% free 1296K/5955K, paused 1ms+1ms
D/dalvikvm( 1326): GC_CONCURRENT freed 383K, 77% free 1406K/5955K, paused 1ms+1ms
D/dalvikvm( 1326): GC_CONCURRENT freed 491K, 76% free 1472K/5955K, paused 1ms+1ms
D/HomePlayerLib( 1326): hostaddress count is 2
D/dalvikvm( 1326): GC_CONCURRENT freed 559K, 78% free 1314K/5955K, paused 1ms+1ms
D/dalvikvm( 1326): GC_CONCURRENT freed 389K, 78% free 1317K/5955K, paused 1ms+1ms
D/dalvikvm( 1326): GC_CONCURRENT freed 403K, 77% free 1390K/5955K, paused 1ms+1ms
D/dalvikvm( 1326): GC_CONCURRENT freed 462K, 76% free 1439K/5955K, paused 1ms+1ms
D/dalvikvm( 1326): GC_CONCURRENT freed 523K, 77% free 1426K/5955K, paused 1ms+1ms
D/dalvikvm( 1326): GC_CONCURRENT freed 482K, 77% free 1409K/5955K, paused 1ms+1ms
D/dalvikvm( 1326): GC_CONCURRENT freed 485K, 78% free 1312K/5955K, paused 1ms+1ms
D/dalvikvm( 1326): GC_CONCURRENT freed 396K, 77% free 1417K/5955K, paused 1ms+1ms
D/dalvikvm( 1326): GC_CONCURRENT freed 532K, 77% free 1370K/5955K, paused 1ms+1ms
D/dalvikvm( 1326): GC_CONCURRENT freed 442K, 78% free 1328K/5955K, paused 1ms+1ms
D/dalvikvm( 1326): GC_CONCURRENT freed 403K, 77% free 1421K/5955K, paused 1ms+1ms
D/dalvikvm( 1326): GC_CONCURRENT freed 457K, 76% free 1461K/5955K, paused 0ms+1ms
D/dalvikvm( 1326): GC_CONCURRENT freed 532K, 78% free 1313K/5955K, paused 1ms+1ms
D/dalvikvm( 1326): GC_CONCURRENT freed 357K, 76% free 1463K/5955K, paused 1ms+1ms
D/dalvikvm( 1326): GC_CONCURRENT freed 545K, 77% free 1377K/5955K, paused 1ms+1ms
D/dalvikvm( 1326): GC_CONCURRENT freed 450K, 78% free 1321K/5955K, paused 1ms+1ms
D/dalvikvm( 1326): GC_CONCURRENT freed 394K, 78% free 1366K/5955K, paused 1ms+1ms
D/dalvikvm( 1326): GC_CONCURRENT freed 445K, 75% free 1514K/5955K, paused 1ms+1ms
D/dalvikvm( 1326): GC_CONCURRENT freed 597K, 79% free 1309K/5955K, paused 1ms+1ms
D/dalvikvm( 1326): GC_CONCURRENT freed 393K, 79% free 1307K/5955K, paused 1ms+1ms
D/dalvikvm( 1326): GC_CONCURRENT freed 399K, 78% free 1310K/5955K, paused 1ms+1ms
D/dalvikvm( 1326): GC_CONCURRENT freed 385K, 78% free 1320K/5955K, paused 1ms+1ms
D/dalvikvm( 1326): GC_CONCURRENT freed 396K, 75% free 1498K/5955K, paused 1ms+1ms
D/HomePlayerLib( 1326): hostaddress count is 2
D/dalvikvm( 1326): GC_CONCURRENT freed 578K, 77% free 1424K/5955K, paused 1ms+1ms
D/dalvikvm( 1326): GC_CONCURRENT freed 505K, 78% free 1318K/5955K, paused 1ms+1ms
D/dalvikvm( 1326): GC_CONCURRENT freed 404K, 79% free 1306K/5955K, paused 0ms+1ms
D/dalvikvm( 1326): GC_CONCURRENT freed 378K, 78% free 1321K/5955K, paused 0ms+1ms
D/dalvikvm( 1326): GC_CONCURRENT freed 390K, 78% free 1368K/5955K, paused 1ms+0ms
D/dalvikvm( 1326): GC_CONCURRENT freed 449K, 77% free 1403K/5955K, paused 1ms+1ms
D/dalvikvm( 1326): GC_CONCURRENT freed 463K, 76% free 1448K/5955K, paused 1ms+1ms
D/dalvikvm( 1326): GC_CONCURRENT freed 528K, 78% free 1344K/5955K, paused 1ms+1ms
D/dalvikvm( 1326): GC_CONCURRENT freed 400K, 76% free 1452K/5955K, paused 1ms+1ms
D/dalvikvm( 1326): GC_CONCURRENT freed 533K, 77% free 1425K/5955K, paused 1ms+1ms
D/dalvikvm( 1326): GC_CONCURRENT freed 487K, 78% free 1330K/5955K, paused 0ms+1ms
D/dalvikvm( 1326): GC_CONCURRENT freed 404K, 77% free 1379K/5955K, paused 1ms+1ms
D/dalvikvm( 1326): GC_CONCURRENT freed 461K, 78% free 1321K/5955K, paused 0ms+1ms
D/dalvikvm( 1326): GC_CONCURRENT freed 394K, 78% free 1320K/5955K, paused 0ms+1ms
D/dalvikvm( 1326): GC_CONCURRENT freed 392K, 78% free 1320K/5955K, paused 1ms+2ms
D/dalvikvm( 1326): GC_CONCURRENT freed 393K, 78% free 1320K/5955K, paused 1ms+1ms
D/dalvikvm( 1326): GC_CONCURRENT freed 393K, 78% free 1320K/5955K, paused 1ms+1ms
D/dalvikvm( 1326): GC_CONCURRENT freed 393K, 78% free 1321K/5955K, paused 1ms+2ms
D/dalvikvm( 1326): GC_CONCURRENT freed 400K, 78% free 1319K/5955K, paused 1ms+1ms
D/dalvikvm( 1326): GC_CONCURRENT freed 392K, 78% free 1319K/5955K, paused 1ms+2ms
D/dalvikvm( 1326): GC_CONCURRENT freed 392K, 78% free 1320K/5955K, paused 1ms+1ms
D/dalvikvm( 1326): GC_CONCURRENT freed 393K, 78% free 1320K/5955K, paused 1ms+1ms
D/dalvikvm( 1326): GC_CONCURRENT freed 393K, 78% free 1320K/5955K, paused 1ms+1ms
D/dalvikvm( 1326): GC_CONCURRENT freed 393K, 78% free 1320K/5955K, paused 1ms+1ms
D/dalvikvm( 1326): GC_CONCURRENT freed 393K, 78% free 1320K/5955K, paused 1ms+1ms
D/dalvikvm( 1326): GC_CONCURRENT freed 391K, 78% free 1320K/5955K, paused 1ms+1ms
D/dalvikvm( 1326): GC_CONCURRENT freed 402K, 78% free 1317K/5955K, paused 1ms+1ms
D/dalvikvm( 1326): GC_CONCURRENT freed 396K, 78% free 1315K/5955K, paused 1ms+2ms
D/dalvikvm( 1326): GC_CONCURRENT freed 404K, 78% free 1319K/5955K, paused 0ms+1ms
D/dalvikvm( 1326): GC_CONCURRENT freed 393K, 78% free 1320K/5955K, paused 2ms+1ms
D/dalvikvm( 1326): GC_CONCURRENT freed 393K, 78% free 1320K/5955K, paused 1ms+1ms
D/dalvikvm( 1326): GC_CONCURRENT freed 391K, 78% free 1320K/5955K, paused 1ms+2ms
D/dalvikvm( 1326): GC_CONCURRENT freed 393K, 78% free 1320K/5955K, paused 1ms+1ms
D/dalvikvm( 1326): GC_CONCURRENT freed 393K, 78% free 1320K/5955K, paused 1ms+1ms
D/HomePlayerLib( 1326): hostaddress count is 2
D/dalvikvm( 1326): GC_CONCURRENT freed 411K, 78% free 1313K/5955K, paused 1ms+1ms
D/dalvikvm( 1326): GC_CONCURRENT freed 387K, 78% free 1317K/5955K, paused 1ms+1ms
D/dalvikvm( 1326): GC_CONCURRENT freed 403K, 79% free 1305K/5955K, paused 1ms+1ms
D/dalvikvm( 1326): GC_CONCURRENT freed 378K, 78% free 1322K/5955K, paused 1ms+1ms
D/dalvikvm( 1326): GC_CONCURRENT freed 389K, 78% free 1324K/5955K, paused 1ms+1ms
D/dalvikvm( 1326): GC_CONCURRENT freed 392K, 78% free 1324K/5955K, paused 1ms+1ms
D/dalvikvm( 1326): GC_CONCURRENT freed 393K, 78% free 1323K/5955K, paused 1ms+1ms
D/dalvikvm( 1326): GC_CONCURRENT freed 402K, 78% free 1321K/5955K, paused 1ms+1ms
D/dalvikvm( 1326): GC_CONCURRENT freed 408K, 77% free 1404K/5955K, paused 1ms+1ms
D/dalvikvm( 1326): GC_CONCURRENT freed 473K, 76% free 1431K/5955K, paused 1ms+1ms
D/dalvikvm( 1326): GC_CONCURRENT freed 518K, 79% free 1297K/5955K, paused 1ms+1ms
D/dalvikvm( 1326): GC_CONCURRENT freed 373K, 79% free 1310K/5955K, paused 1ms+1ms
D/dalvikvm( 1326): GC_CONCURRENT freed 392K, 77% free 1424K/5955K, paused 1ms+1ms
D/dalvikvm( 1326): GC_CONCURRENT freed 485K, 78% free 1325K/5955K, paused 1ms+1ms
D/dalvikvm( 1326): GC_CONCURRENT freed 393K, 77% free 1411K/5955K, paused 1ms+0ms
D/dalvikvm( 1326): GC_CONCURRENT freed 483K, 76% free 1437K/5955K, paused 0ms+1ms
D/dalvikvm( 1326): GC_CONCURRENT freed 502K, 76% free 1446K/5955K, paused 1ms+1ms
D/dalvikvm( 1326): GC_CONCURRENT freed 517K, 78% free 1321K/5955K, paused 1ms+0ms
D/dalvikvm( 1326): GC_CONCURRENT freed 404K, 79% free 1308K/5955K, paused 1ms+1ms
D/dalvikvm( 1326): GC_CONCURRENT freed 394K, 79% free 1306K/5955K, paused 1ms+1ms
D/dalvikvm( 1326): GC_CONCURRENT freed 394K, 77% free 1421K/5955K, paused 0ms+1ms
D/dalvikvm( 1326): GC_CONCURRENT freed 487K, 77% free 1403K/5955K, paused 0ms+1ms
D/dalvikvm( 1326): GC_CONCURRENT freed 486K, 79% free 1308K/5955K, paused 0ms+1ms
D/dalvikvm( 1326): GC_CONCURRENT freed 393K, 77% free 1423K/5955K, paused 1ms+1ms
D/HomePlayerLib( 1326): hostaddress count is 2
D/dalvikvm( 1326): GC_CONCURRENT freed 496K, 78% free 1318K/5955K, paused 1ms+1ms
D/dalvikvm( 1326): GC_CONCURRENT freed 402K, 77% free 1424K/5955K, paused 0ms+1ms
D/dalvikvm( 1326): GC_CONCURRENT freed 508K, 77% free 1420K/5955K, paused 1ms+1ms
D/dalvikvm( 1326): GC_CONCURRENT freed 462K, 76% free 1465K/5955K, paused 1ms+1ms
D/dalvikvm( 1326): GC_CONCURRENT freed 548K, 77% free 1428K/5955K, paused 1ms+1ms
D/dalvikvm( 1326): GC_CONCURRENT freed 501K, 77% free 1425K/5955K, paused 1ms+1ms
D/dalvikvm( 1326): GC_CONCURRENT freed 509K, 77% free 1407K/5955K, paused 1ms+1ms
D/dalvikvm( 1326): GC_CONCURRENT freed 492K, 78% free 1323K/5955K, paused 1ms+1ms
D/dalvikvm( 1326): GC_CONCURRENT freed 392K, 78% free 1324K/5955K, paused 1ms+1ms
D/dalvikvm( 1326): GC_CONCURRENT freed 393K, 78% free 1324K/5955K, paused 1ms+2ms
D/dalvikvm( 1326): GC_CONCURRENT freed 393K, 78% free 1331K/5955K, paused 1ms+1ms
D/dalvikvm( 1326): GC_CONCURRENT freed 392K, 78% free 1329K/5955K, paused 0ms+1ms
D/dalvikvm( 1326): GC_CONCURRENT freed 398K, 78% free 1322K/5955K, paused 1ms+1ms
D/dalvikvm( 1326): GC_CONCURRENT freed 392K, 77% free 1390K/5955K, paused 1ms+1ms
D/dalvikvm( 1326): GC_CONCURRENT freed 467K, 78% free 1331K/5955K, paused 0ms+1ms
D/dalvikvm( 1326): GC_CONCURRENT freed 412K, 78% free 1321K/5955K, paused 1ms+1ms
D/dalvikvm( 1326): GC_CONCURRENT freed 395K, 78% free 1320K/5955K, paused 0ms+1ms
D/dalvikvm( 1326): GC_CONCURRENT freed 393K, 78% free 1320K/5955K, paused 1ms+1ms
D/dalvikvm( 1326): GC_CONCURRENT freed 403K, 79% free 1307K/5955K, paused 1ms+1ms
D/dalvikvm( 1326): GC_CONCURRENT freed 394K, 77% free 1414K/5955K, paused 0ms+1ms
D/dalvikvm( 1326): GC_CONCURRENT freed 487K, 78% free 1320K/5955K, paused 1ms+1ms
D/dalvikvm( 1326): GC_CONCURRENT freed 394K, 77% free 1406K/5955K, paused 1ms+1ms
D/dalvikvm( 1326): GC_CONCURRENT freed 485K, 79% free 1308K/5955K, paused 1ms+1ms
D/dalvikvm( 1326): GC_CONCURRENT freed 395K, 79% free 1306K/5955K, paused 1ms+1ms
D/dalvikvm( 1326): GC_CONCURRENT freed 392K, 75% free 1542K/5955K, paused 1ms+1ms
D/dalvikvm( 1326): GC_CONCURRENT freed 618K, 76% free 1435K/5955K, paused 1ms+1ms
D/dalvikvm( 1326): GC_CONCURRENT freed 517K, 77% free 1416K/5955K, paused 0ms+1ms
D/dalvikvm( 1326): GC_CONCURRENT freed 487K, 78% free 1321K/5955K, paused 0ms+1ms
D/dalvikvm( 1326): GC_CONCURRENT freed 403K, 78% free 1333K/5955K, paused 1ms+1ms
D/dalvikvm( 1326): GC_CONCURRENT freed 409K, 78% free 1320K/5955K, paused 1ms+1ms
D/dalvikvm( 1326): GC_CONCURRENT freed 394K, 78% free 1320K/5955K, paused 1ms+1ms
D/dalvikvm( 1326): GC_CONCURRENT freed 404K, 78% free 1314K/5955K, paused 1ms+1ms
D/HomePlayerLib( 1326): hostaddress count is 2
D/dalvikvm( 1326): GC_CONCURRENT freed 387K, 77% free 1374K/5955K, paused 1ms+1ms
D/dalvikvm( 1326): GC_CONCURRENT freed 463K, 77% free 1417K/5955K, paused 1ms+1ms
D/dalvikvm( 1326): GC_CONCURRENT freed 487K, 77% free 1420K/5955K, paused 1ms+1ms
D/dalvikvm( 1326): GC_CONCURRENT freed 502K, 76% free 1438K/5955K, paused 1ms+1ms
D/dalvikvm( 1326): GC_CONCURRENT freed 508K, 77% free 1407K/5955K, paused 1ms+1ms
D/dalvikvm( 1326): GC_CONCURRENT freed 478K, 78% free 1314K/5955K, paused 1ms+1ms
D/dalvikvm( 1326): GC_CONCURRENT freed 385K, 77% free 1373K/5955K, paused 1ms+1ms
D/dalvikvm( 1326): GC_CONCURRENT freed 458K, 77% free 1419K/5955K, paused 1ms+1ms
D/dalvikvm( 1326): GC_CONCURRENT freed 489K, 78% free 1324K/5955K, paused 1ms+1ms
D/dalvikvm( 1326): GC_CONCURRENT freed 393K, 77% free 1428K/5955K, paused 1ms+0ms
D/dalvikvm( 1326): GC_CONCURRENT freed 513K, 76% free 1447K/5955K, paused 1ms+1ms
D/dalvikvm( 1326): GC_CONCURRENT freed 512K, 76% free 1447K/5955K, paused 1ms+1ms
D/dalvikvm( 1326): GC_CONCURRENT freed 517K, 78% free 1326K/5955K, paused 0ms+1ms
D/dalvikvm( 1326): GC_CONCURRENT freed 404K, 76% free 1433K/5955K, paused 1ms+1ms
D/dalvikvm( 1326): GC_CONCURRENT freed 517K, 77% free 1416K/5955K, paused 1ms+1ms
D/dalvikvm( 1326): GC_CONCURRENT freed 488K, 78% free 1326K/5955K, paused 1ms+1ms
D/dalvikvm( 1326): GC_CONCURRENT freed 404K, 78% free 1317K/5955K, paused 1ms+1ms
D/dalvikvm( 1326): GC_CONCURRENT freed 395K, 79% free 1306K/5955K, paused 0ms+0ms
D/dalvikvm( 1326): GC_CONCURRENT freed 394K, 79% free 1307K/5955K, paused 1ms+1ms
D/dalvikvm( 1326): GC_CONCURRENT freed 393K, 79% free 1307K/5955K, paused 1ms+1ms
D/dalvikvm( 1326): GC_CONCURRENT freed 394K, 79% free 1307K/5955K, paused 0ms+1ms
D/dalvikvm( 1326): GC_CONCURRENT freed 393K, 79% free 1307K/5955K, paused 1ms+1ms
D/CheckNetWork( 1665): isOk true
D/CheckNetWork( 1665): ActInfoNetworkInfo: type: ETH[], state: CONNECTED/CONNECTED, reason: (unspecified), extra: (none), roaming: false, failover: false, isAvailable: true
D/CheckNetWork( 1665): infoNetworkInfo: type: ETH[], state: CONNECTED/CONNECTED, reason: (unspecified), extra: (none), roaming: false, failover: false, isAvailable: true
D/dalvikvm( 1326): GC_CONCURRENT freed 389K, 78% free 1318K/5955K, paused 1ms+1ms
D/HomePlayerLib( 1326): hostaddress count is 2
D/dalvikvm( 1326): GC_CONCURRENT freed 408K, 79% free 1304K/5955K, paused 1ms+1ms
D/dalvikvm( 1326): GC_CONCURRENT freed 388K, 78% free 1317K/5955K, paused 1ms+1ms
D/dalvikvm( 1326): GC_CONCURRENT freed 404K, 78% free 1314K/5955K, paused 1ms+1ms
D/dalvikvm( 1326): GC_CONCURRENT freed 378K, 78% free 1322K/5955K, paused 1ms+1ms
D/dalvikvm( 1326): GC_CONCURRENT freed 390K, 78% free 1328K/5955K, paused 1ms+1ms
D/dalvikvm( 1326): GC_CONCURRENT freed 392K, 78% free 1323K/5955K, paused 1ms+1ms
D/dalvikvm( 1326): GC_CONCURRENT freed 390K, 74% free 1552K/5955K, paused 1ms+1ms
D/dalvikvm( 1326): GC_CONCURRENT freed 618K, 78% free 1327K/5955K, paused 1ms+1ms
D/dalvikvm( 1326): GC_CONCURRENT freed 393K, 78% free 1339K/5955K, paused 1ms+1ms
D/dalvikvm( 1326): GC_CONCURRENT freed 411K, 78% free 1321K/5955K, paused 1ms+1ms
D/dalvikvm( 1326): GC_CONCURRENT freed 390K, 78% free 1327K/5955K, paused 1ms+1ms
D/dalvikvm( 1326): GC_CONCURRENT freed 402K, 78% free 1337K/5955K, paused 1ms+1ms
D/dalvikvm( 1326): GC_CONCURRENT freed 408K, 78% free 1322K/5955K, paused 1ms+1ms
D/dalvikvm( 1326): GC_CONCURRENT freed 391K, 76% free 1429K/5955K, paused 1ms+1ms
D/dalvikvm( 1326): GC_CONCURRENT freed 514K, 77% free 1374K/5955K, paused 1ms+1ms
D/dalvikvm( 1326): GC_CONCURRENT freed 457K, 78% free 1326K/5955K, paused 1ms+1ms
D/dalvikvm( 1326): GC_CONCURRENT freed 475K, 78% free 1361K/5955K, paused 1ms+1ms
D/dalvikvm( 1326): GC_CONCURRENT freed 438K, 77% free 1420K/5955K, paused 1ms+1ms
D/dalvikvm( 1326): GC_CONCURRENT freed 496K, 76% free 1434K/5955K, paused 1ms+1ms
D/dalvikvm( 1326): GC_CONCURRENT freed 517K, 79% free 1309K/5955K, paused 1ms+1ms
D/dalvikvm( 1326): GC_CONCURRENT freed 395K, 77% free 1420K/5955K, paused 1ms+0ms
D/dalvikvm( 1326): GC_CONCURRENT freed 495K, 76% free 1434K/5955K, paused 1ms+1ms
D/dalvikvm( 1326): GC_CONCURRENT freed 517K, 79% free 1308K/5955K, paused 1ms+1ms
D/dalvikvm( 1326): GC_CONCURRENT freed 394K, 79% free 1307K/5955K, paused 1ms+1ms
D/dalvikvm( 1326): GC_CONCURRENT freed 392K, 79% free 1307K/5955K, paused 1ms+1ms
D/dalvikvm( 1326): GC_CONCURRENT freed 393K, 79% free 1308K/5955K, paused 1ms+1ms
D/dalvikvm( 1326): GC_CONCURRENT freed 398K, 79% free 1295K/5955K, paused 0ms+1ms
D/dalvikvm( 1326): GC_CONCURRENT freed 381K, 79% free 1304K/5955K, paused 1ms+1ms
D/dalvikvm( 1326): GC_CONCURRENT freed 383K, 75% free 1539K/5955K, paused 1ms+1ms
D/dalvikvm( 1326): GC_CONCURRENT freed 608K, 78% free 1327K/5955K, paused 1ms+1ms
D/dalvikvm( 1326): GC_CONCURRENT freed 407K, 75% free 1499K/5955K, paused 1ms+1ms
D/HomePlayerLib( 1326): hostaddress count is 2
D/dalvikvm( 1326): GC_CONCURRENT freed 581K, 77% free 1403K/5955K, paused 1ms+2ms
D/dalvikvm( 1326): GC_CONCURRENT freed 477K, 77% free 1400K/5955K, paused 1ms+1ms
D/dalvikvm( 1326): GC_CONCURRENT freed 485K, 77% free 1417K/5955K, paused 1ms+1ms
D/dalvikvm( 1326): GC_CONCURRENT freed 501K, 79% free 1301K/5955K, paused 1ms+1ms
D/dalvikvm( 1326): GC_CONCURRENT freed 374K, 78% free 1322K/5955K, paused 1ms+1ms
D/dalvikvm( 1326): GC_CONCURRENT freed 392K, 78% free 1366K/5955K, paused 1ms+1ms
D/dalvikvm( 1326): GC_CONCURRENT freed 433K, 78% free 1325K/5955K, paused 1ms+1ms
D/dalvikvm( 1326): GC_CONCURRENT freed 392K, 73% free 1663K/5955K, paused 0ms+1ms
D/dalvikvm( 1326): GC_CONCURRENT freed 738K, 77% free 1427K/5955K, paused 1ms+1ms
D/dalvikvm( 1326): GC_CONCURRENT freed 501K, 76% free 1438K/5955K, paused 0ms+1ms
D/dalvikvm( 1326): GC_CONCURRENT freed 518K, 77% free 1425K/5955K, paused 1ms+1ms
D/dalvikvm( 1326): GC_CONCURRENT freed 487K, 78% free 1330K/5955K, paused 1ms+2ms
D/dalvikvm( 1326): GC_CONCURRENT freed 402K, 76% free 1440K/5955K, paused 1ms+1ms
D/dalvikvm( 1326): GC_CONCURRENT freed 605K, 78% free 1346K/5955K, paused 1ms+2ms
D/dalvikvm( 1326): GC_CONCURRENT freed 434K, 78% free 1322K/5955K, paused 0ms+1ms
D/dalvikvm( 1326): GC_CONCURRENT freed 395K, 76% free 1430K/5955K, paused 1ms+1ms
D/dalvikvm( 1326): GC_CONCURRENT freed 506K, 76% free 1432K/5955K, paused 1ms+1ms
D/dalvikvm( 1326): GC_CONCURRENT freed 521K, 79% free 1309K/5955K, paused 1ms+1ms
D/dalvikvm( 1326): GC_CONCURRENT freed 383K, 77% free 1428K/5955K, paused 0ms+1ms
D/dalvikvm( 1326): GC_CONCURRENT freed 504K, 78% free 1334K/5955K, paused 1ms+1ms
D/dalvikvm( 1326): GC_CONCURRENT freed 408K, 77% free 1407K/5955K, paused 1ms+1ms
D/dalvikvm( 1326): GC_CONCURRENT freed 507K, 77% free 1400K/5955K, paused 1ms+1ms
D/dalvikvm( 1326): GC_CONCURRENT freed 488K, 78% free 1320K/5955K, paused 1ms+1ms
D/dalvikvm( 1326): GC_CONCURRENT freed 393K, 77% free 1403K/5955K, paused 1ms+1ms
D/dalvikvm( 1326): GC_CONCURRENT freed 484K, 77% free 1392K/5955K, paused 0ms+1ms
D/dalvikvm( 1326): GC_CONCURRENT freed 476K, 79% free 1307K/5955K, paused 0ms+1ms
D/dalvikvm( 1326): GC_CONCURRENT freed 393K, 78% free 1316K/5955K, paused 1ms+1ms
D/dalvikvm( 1326): GC_CONCURRENT freed 393K, 78% free 1316K/5955K, paused 0ms+1ms
D/dalvikvm( 1326): GC_CONCURRENT freed 404K, 78% free 1320K/5955K, paused 1ms+1ms
D/dalvikvm( 1326): GC_CONCURRENT freed 393K, 78% free 1320K/5955K, paused 0ms+1ms
D/dalvikvm( 1326): GC_CONCURRENT freed 481K, 78% free 1345K/5955K, paused 1ms+1ms
D/HomePlayerLib( 1326): hostaddress count is 2
D/dalvikvm( 1326): GC_CONCURRENT freed 418K, 77% free 1424K/5955K, paused 1ms+1ms
D/dalvikvm( 1326): GC_CONCURRENT freed 503K, 77% free 1425K/5955K, paused 1ms+1ms
D/dalvikvm( 1326): GC_CONCURRENT freed 488K, 78% free 1363K/5955K, paused 1ms+1ms
D/dalvikvm( 1326): GC_CONCURRENT freed 432K, 78% free 1323K/5955K, paused 0ms+1ms
D/dalvikvm( 1326): GC_CONCURRENT freed 391K, 78% free 1324K/5955K, paused 1ms+1ms
D/dalvikvm( 1326): GC_CONCURRENT freed 392K, 78% free 1333K/5955K, paused 1ms+1ms
D/dalvikvm( 1326): GC_CONCURRENT freed 414K, 77% free 1424K/5955K, paused 1ms+1ms
D/dalvikvm( 1326): GC_CONCURRENT freed 484K, 76% free 1451K/5955K, paused 1ms+1ms
D/dalvikvm( 1326): GC_CONCURRENT freed 567K, 77% free 1389K/5955K, paused 1ms+2ms
D/dalvikvm( 1326): GC_CONCURRENT freed 452K, 76% free 1448K/5955K, paused 0ms+1ms
D/dalvikvm( 1326): GC_CONCURRENT freed 514K, 78% free 1369K/5955K, paused 1ms+1ms
D/dalvikvm( 1326): GC_CONCURRENT freed 443K, 78% free 1329K/5955K, paused 1ms+1ms
D/dalvikvm( 1326): GC_CONCURRENT freed 401K, 78% free 1326K/5955K, paused 0ms+1ms
D/dalvikvm( 1326): GC_CONCURRENT freed 393K, 76% free 1435K/5955K, paused 1ms+1ms
D/dalvikvm( 1326): GC_CONCURRENT freed 518K, 77% free 1388K/5955K, paused 1ms+1ms
D/dalvikvm( 1326): GC_CONCURRENT freed 457K, 76% free 1442K/5955K, paused 1ms+1ms
D/dalvikvm( 1326): GC_CONCURRENT freed 523K, 77% free 1428K/5955K, paused 1ms+1ms
D/dalvikvm( 1326): GC_CONCURRENT freed 490K, 76% free 1448K/5955K, paused 1ms+1ms
D/dalvikvm( 1326): GC_CONCURRENT freed 512K, 76% free 1446K/5955K, paused 1ms+1ms
D/dalvikvm( 1326): GC_CONCURRENT freed 528K, 78% free 1337K/5955K, paused 1ms+0ms
D/dalvikvm( 1326): GC_CONCURRENT freed 416K, 77% free 1417K/5955K, paused 1ms+1ms
D/dalvikvm( 1326): GC_CONCURRENT freed 501K, 78% free 1331K/5955K, paused 1ms+1ms
D/HomePlayerLib( 1326): hostaddress count is 2
D/dalvikvm( 1326): GC_CONCURRENT freed 416K, 78% free 1314K/5955K, paused 1ms+2ms
D/dalvikvm( 1326): GC_CONCURRENT freed 387K, 78% free 1318K/5955K, paused 1ms+1ms
D/dalvikvm( 1326): GC_CONCURRENT freed 401K, 78% free 1317K/5955K, paused 1ms+1ms
D/dalvikvm( 1326): GC_CONCURRENT freed 390K, 78% free 1311K/5955K, paused 0ms+1ms
D/dalvikvm( 1326): GC_CONCURRENT freed 392K, 78% free 1312K/5955K, paused 1ms+1ms
D/dalvikvm( 1326): GC_CONCURRENT freed 393K, 78% free 1320K/5955K, paused 1ms+1ms
D/dalvikvm( 1326): GC_CONCURRENT freed 405K, 79% free 1309K/5955K, paused 1ms+1ms
D/dalvikvm( 1326): GC_CONCURRENT freed 391K, 78% free 1324K/5955K, paused 1ms+1ms
D/dalvikvm( 1326): GC_CONCURRENT freed 393K, 78% free 1324K/5955K, paused 1ms+1ms
D/dalvikvm( 1326): GC_CONCURRENT freed 393K, 78% free 1325K/5955K, paused 1ms+1ms
D/dalvikvm( 1326): GC_CONCURRENT freed 403K, 78% free 1320K/5955K, paused 1ms+1ms
D/dalvikvm( 1326): GC_CONCURRENT freed 395K, 78% free 1319K/5955K, paused 1ms+1ms
D/dalvikvm( 1326): GC_CONCURRENT freed 394K, 78% free 1336K/5955K, paused 1ms+1ms
D/dalvikvm( 1326): GC_CONCURRENT freed 406K, 78% free 1324K/5955K, paused 1ms+1ms
D/dalvikvm( 1326): GC_CONCURRENT freed 390K, 78% free 1327K/5955K, paused 1ms+1ms
D/dalvikvm( 1326): GC_CONCURRENT freed 411K, 78% free 1314K/5955K, paused 1ms+1ms
D/dalvikvm( 1326): GC_CONCURRENT freed 390K, 78% free 1324K/5955K, paused 1ms+1ms
D/dalvikvm( 1326): GC_CONCURRENT freed 391K, 78% free 1329K/5955K, paused 1ms+1ms
D/dalvikvm( 1326): GC_CONCURRENT freed 414K, 78% free 1323K/5955K, paused 1ms+1ms
D/dalvikvm( 1326): GC_CONCURRENT freed 394K, 76% free 1430K/5955K, paused 1ms+1ms
D/dalvikvm( 1326): GC_CONCURRENT freed 514K, 77% free 1410K/5955K, paused 1ms+1ms
D/dalvikvm( 1326): GC_CONCURRENT freed 496K, 77% free 1423K/5955K, paused 1ms+1ms
D/dalvikvm( 1326): GC_CONCURRENT freed 494K, 77% free 1426K/5955K, paused 1ms+1ms
D/dalvikvm( 1326): GC_CONCURRENT freed 502K, 78% free 1339K/5955K, paused 1ms+1ms
D/dalvikvm( 1326): GC_CONCURRENT freed 412K, 78% free 1318K/5955K, paused 1ms+1ms
D/dalvikvm( 1326): GC_CONCURRENT freed 392K, 77% free 1425K/5955K, paused 0ms+1ms
D/dalvikvm( 1326): GC_CONCURRENT freed 502K, 79% free 1308K/5955K, paused 1ms+1ms
D/dalvikvm( 1326): GC_CONCURRENT freed 394K, 79% free 1308K/5955K, paused 1ms+1ms
D/dalvikvm( 1326): GC_CONCURRENT freed 391K, 79% free 1308K/5955K, paused 0ms+1ms
D/dalvikvm( 1326): GC_CONCURRENT freed 399K, 79% free 1297K/5955K, paused 1ms+1ms
D/dalvikvm( 1326): GC_CONCURRENT freed 381K, 78% free 1320K/5955K, paused 1ms+1ms
D/dalvikvm( 1326): GC_CONCURRENT freed 396K, 78% free 1318K/5955K, paused 1ms+1ms
D/dalvikvm( 1326): GC_CONCURRENT freed 393K, 77% free 1425K/5955K, paused 1ms+1ms
D/dalvikvm( 1326): GC_CONCURRENT freed 513K, 78% free 1321K/5955K, paused 1ms+1ms
D/dalvikvm( 1326): GC_CONCURRENT freed 393K, 78% free 1320K/5955K, paused 0ms+1ms
D/dalvikvm( 1326): GC_CONCURRENT freed 404K, 79% free 1308K/5955K, paused 1ms+1ms
D/dalvikvm( 1326): GC_CONCURRENT freed 396K, 79% free 1306K/5955K, paused 1ms+1ms
D/dalvikvm( 1326): GC_CONCURRENT freed 394K, 77% free 1421K/5955K, paused 0ms+1ms
D/HomePlayerLib( 1326): hostaddress count is 2
D/dalvikvm( 1326): GC_CONCURRENT freed 510K, 77% free 1407K/5955K, paused 1ms+1ms
D/dalvikvm( 1326): GC_CONCURRENT freed 491K, 77% free 1428K/5955K, paused 1ms+1ms
D/dalvikvm( 1326): GC_CONCURRENT freed 510K, 78% free 1319K/5955K, paused 0ms+1ms
D/dalvikvm( 1326): GC_CONCURRENT freed 394K, 78% free 1340K/5955K, paused 0ms+1ms
D/dalvikvm( 1326): GC_CONCURRENT freed 412K, 77% free 1381K/5955K, paused 0ms+1ms
D/dalvikvm( 1326): GC_CONCURRENT freed 449K, 78% free 1323K/5955K, paused 1ms+1ms
D/dalvikvm( 1326): GC_CONCURRENT freed 396K, 78% free 1313K/5955K, paused 1ms+1ms
D/dalvikvm( 1326): GC_CONCURRENT freed 358K, 76% free 1433K/5955K, paused 1ms+1ms
D/dalvikvm( 1326): GC_CONCURRENT freed 503K, 78% free 1325K/5955K, paused 1ms+1ms
D/dalvikvm( 1326): GC_CONCURRENT freed 402K, 79% free 1308K/5955K, paused 1ms+1ms
D/dalvikvm( 1326): GC_CONCURRENT freed 382K, 77% free 1404K/5955K, paused 1ms+1ms
D/dalvikvm( 1326): GC_CONCURRENT freed 473K, 76% free 1430K/5955K, paused 0ms+1ms
D/dalvikvm( 1326): GC_CONCURRENT freed 513K, 78% free 1331K/5955K, paused 0ms+1ms
D/dalvikvm( 1326): GC_CONCURRENT freed 416K, 78% free 1324K/5955K, paused 1ms+1ms
D/dalvikvm( 1326): GC_CONCURRENT freed 395K, 78% free 1324K/5955K, paused 1ms+1ms
D/dalvikvm( 1326): GC_CONCURRENT freed 361K, 75% free 1516K/5955K, paused 1ms+1ms
D/dalvikvm( 1326): GC_CONCURRENT freed 585K, 78% free 1326K/5955K, paused 1ms+1ms
D/dalvikvm( 1326): GC_CONCURRENT freed 411K, 79% free 1301K/5955K, paused 1ms+1ms
D/CheckNetWork( 1665): isOk true
D/CheckNetWork( 1665): ActInfoNetworkInfo: type: ETH[], state: CONNECTED/CONNECTED, reason: (unspecified), extra: (none), roaming: false, failover: false, isAvailable: true
D/CheckNetWork( 1665): infoNetworkInfo: type: ETH[], state: CONNECTED/CONNECTED, reason: (unspecified), extra: (none), roaming: false, failover: false, isAvailable: true
D/dalvikvm( 1326): GC_CONCURRENT freed 376K, 78% free 1319K/5955K, paused 1ms+1ms
D/dalvikvm( 1326): GC_CONCURRENT freed 393K, 78% free 1319K/5955K, paused 1ms+1ms
D/dalvikvm( 1326): GC_CONCURRENT freed 396K, 78% free 1332K/5955K, paused 0ms+1ms
D/dalvikvm( 1326): GC_CONCURRENT freed 418K, 77% free 1421K/5955K, paused 1ms+1ms
D/dalvikvm( 1326): GC_CONCURRENT freed 487K, 78% free 1326K/5955K, paused 1ms+1ms
D/dalvikvm( 1326): GC_CONCURRENT freed 402K, 77% free 1385K/5955K, paused 0ms+1ms
D/dalvikvm( 1326): GC_CONCURRENT freed 458K, 78% free 1318K/5955K, paused 1ms+1ms
D/HomePlayerLib( 1326): hostaddress count is 2
D/dalvikvm( 1326): GC_CONCURRENT freed 402K, 79% free 1306K/5955K, paused 1ms+1ms
D/dalvikvm( 1326): GC_CONCURRENT freed 387K, 78% free 1318K/5955K, paused 1ms+1ms
D/dalvikvm( 1326): GC_CONCURRENT freed 409K, 79% free 1299K/5955K, paused 1ms+1ms
D/dalvikvm( 1326): GC_CONCURRENT freed 381K, 78% free 1318K/5955K, paused 1ms+1ms
D/dalvikvm( 1326): GC_FOR_ALLOC freed 526K, 79% free 1300K/5955K, paused 10ms
D/dalvikvm( 1326): GC_CONCURRENT freed 7K, 77% free 1399K/5955K, paused 1ms+1ms
D/dalvikvm( 1326): GC_CONCURRENT freed 467K, 78% free 1345K/5955K, paused 1ms+1ms
D/dalvikvm( 1326): GC_CONCURRENT freed 412K, 78% free 1322K/5955K, paused 1ms+1ms
D/dalvikvm( 1326): GC_CONCURRENT freed 410K, 76% free 1438K/5955K, paused 1ms+1ms
D/dalvikvm( 1326): GC_CONCURRENT freed 513K, 77% free 1412K/5955K, paused 1ms+1ms
D/dalvikvm( 1326): GC_CONCURRENT freed 485K, 76% free 1438K/5955K, paused 1ms+1ms
D/dalvikvm( 1326): GC_CONCURRENT freed 517K, 77% free 1426K/5955K, paused 0ms+1ms
D/dalvikvm( 1326): GC_CONCURRENT freed 488K, 76% free 1446K/5955K, paused 1ms+1ms
D/dalvikvm( 1326): GC_CONCURRENT freed 524K, 78% free 1313K/5955K, paused 1ms+1ms
D/dalvikvm( 1326): GC_CONCURRENT freed 394K, 78% free 1311K/5955K, paused 1ms+1ms
D/dalvikvm( 1326): GC_CONCURRENT freed 378K, 78% free 1320K/5955K, paused 1ms+1ms
D/dalvikvm( 1326): GC_CONCURRENT freed 395K, 77% free 1402K/5955K, paused 1ms+1ms
D/dalvikvm( 1326): GC_CONCURRENT freed 485K, 79% free 1309K/5955K, paused 1ms+1ms
D/dalvikvm( 1326): GC_CONCURRENT freed 434K, 77% free 1382K/5955K, paused 0ms+1ms
D/dalvikvm( 1326): GC_CONCURRENT freed 447K, 76% free 1446K/5955K, paused 1ms+1ms
D/dalvikvm( 1326): GC_CONCURRENT freed 525K, 76% free 1433K/5955K, paused 0ms+1ms
D/dalvikvm( 1326): GC_CONCURRENT freed 516K, 77% free 1418K/5955K, paused 1ms+1ms
D/dalvikvm( 1326): GC_CONCURRENT freed 487K, 78% free 1326K/5955K, paused 1ms+1ms
D/dalvikvm( 1326): GC_CONCURRENT freed 403K, 76% free 1433K/5955K, paused 1ms+1ms
D/dalvikvm( 1326): GC_CONCURRENT freed 517K, 79% free 1308K/5955K, paused 1ms+1ms
D/dalvikvm( 1326): GC_CONCURRENT freed 394K, 79% free 1307K/5955K, paused 1ms+1ms
D/dalvikvm( 1326): GC_CONCURRENT freed 391K, 77% free 1379K/5955K, paused 1ms+1ms
D/dalvikvm( 1326): GC_CONCURRENT freed 456K, 77% free 1418K/5955K, paused 1ms+1ms
D/dalvikvm( 1326): GC_CONCURRENT freed 491K, 78% free 1321K/5955K, paused 1ms+1ms
D/dalvikvm( 1326): GC_CONCURRENT freed 394K, 78% free 1320K/5955K, paused 0ms+1ms
D/dalvikvm( 1326): GC_CONCURRENT freed 393K, 77% free 1407K/5955K, paused 1ms+1ms
D/HomePlayerLib( 1326): hostaddress count is 2
D/dalvikvm( 1326): GC_CONCURRENT freed 492K, 77% free 1420K/5955K, paused 1ms+1ms
D/dalvikvm( 1326): GC_CONCURRENT freed 509K, 77% free 1414K/5955K, paused 1ms+1ms
D/dalvikvm( 1326): GC_CONCURRENT freed 495K, 76% free 1429K/5955K, paused 1ms+2ms
D/dalvikvm( 1326): GC_CONCURRENT freed 513K, 76% free 1453K/5955K, paused 1ms+1ms
D/dalvikvm( 1326): GC_CONCURRENT freed 537K, 77% free 1428K/5955K, paused 1ms+1ms
D/dalvikvm( 1326): GC_CONCURRENT freed 504K, 77% free 1427K/5955K, paused 0ms+1ms
D/dalvikvm( 1326): GC_CONCURRENT freed 506K, 76% free 1432K/5955K, paused 1ms+1ms
D/dalvikvm( 1326): GC_CONCURRENT freed 509K, 75% free 1502K/5955K, paused 1ms+1ms
D/dalvikvm( 1326): GC_CONCURRENT freed 588K, 79% free 1298K/5955K, paused 1ms+1ms
D/dalvikvm( 1326): GC_CONCURRENT freed 384K, 79% free 1307K/5955K, paused 1ms+1ms
D/dalvikvm( 1326): GC_CONCURRENT freed 388K, 78% free 1332K/5955K, paused 1ms+1ms
D/dalvikvm( 1326): GC_CONCURRENT freed 409K, 78% free 1320K/5955K, paused 1ms+1ms
D/dalvikvm( 1326): GC_CONCURRENT freed 406K, 78% free 1363K/5955K, paused 1ms+1ms
D/dalvikvm( 1326): GC_CONCURRENT freed 431K, 78% free 1324K/5955K, paused 1ms+1ms
D/dalvikvm( 1326): GC_CONCURRENT freed 393K, 78% free 1324K/5955K, paused 1ms+1ms
D/dalvikvm( 1326): GC_CONCURRENT freed 409K, 79% free 1301K/5955K, paused 1ms+1ms
D/dalvikvm( 1326): GC_CONCURRENT freed 377K, 77% free 1401K/5955K, paused 0ms+1ms
D/dalvikvm( 1326): GC_CONCURRENT freed 485K, 79% free 1305K/5955K, paused 1ms+1ms
D/dalvikvm( 1326): GC_CONCURRENT freed 390K, 79% free 1307K/5955K, paused 1ms+1ms
D/dalvikvm( 1326): GC_CONCURRENT freed 392K, 79% free 1307K/5955K, paused 1ms+1ms
D/dalvikvm( 1326): GC_CONCURRENT freed 393K, 78% free 1333K/5955K, paused 1ms+1ms
D/dalvikvm( 1326): GC_CONCURRENT freed 417K, 78% free 1317K/5955K, paused 1ms+1ms
D/dalvikvm( 1326): GC_CONCURRENT freed 397K, 78% free 1315K/5955K, paused 1ms+1ms
D/dalvikvm( 1326): GC_CONCURRENT freed 404K, 78% free 1319K/5955K, paused 1ms+1ms
D/dalvikvm( 1326): GC_CONCURRENT freed 392K, 77% free 1401K/5955K, paused 1ms+1ms
D/dalvikvm( 1326): GC_CONCURRENT freed 474K, 78% free 1362K/5955K, paused 1ms+1ms
D/HomePlayerLib( 1326): hostaddress count is 2
D/dalvikvm( 1326): GC_CONCURRENT freed 452K, 77% free 1413K/5955K, paused 1ms+1ms
D/dalvikvm( 1326): GC_CONCURRENT freed 500K, 78% free 1315K/5955K, paused 1ms+1ms
D/dalvikvm( 1326): GC_CONCURRENT freed 385K, 77% free 1420K/5955K, paused 1ms+1ms
D/dalvikvm( 1326): GC_CONCURRENT freed 499K, 77% free 1418K/5955K, paused 1ms+1ms
D/dalvikvm( 1326): GC_CONCURRENT freed 499K, 76% free 1471K/5955K, paused 1ms+2ms
D/dalvikvm( 1326): GC_CONCURRENT freed 546K, 78% free 1314K/5955K, paused 1ms+1ms
D/dalvikvm( 1326): GC_CONCURRENT freed 398K, 77% free 1426K/5955K, paused 1ms+1ms
D/dalvikvm( 1326): GC_CONCURRENT freed 486K, 77% free 1412K/5955K, paused 0ms+1ms
D/dalvikvm( 1326): GC_CONCURRENT freed 485K, 76% free 1458K/5955K, paused 0ms+1ms
D/dalvikvm( 1326): GC_CONCURRENT freed 550K, 77% free 1411K/5955K, paused 1ms+1ms
D/dalvikvm( 1326): GC_CONCURRENT freed 499K, 79% free 1296K/5955K, paused 1ms+1ms
D/dalvikvm( 1326): GC_CONCURRENT freed 385K, 78% free 1321K/5955K, paused 1ms+1ms
D/dalvikvm( 1326): GC_CONCURRENT freed 401K, 78% free 1356K/5955K, paused 1ms+1ms
D/dalvikvm( 1326): GC_CONCURRENT freed 418K, 78% free 1332K/5955K, paused 0ms+1ms
D/dalvikvm( 1326): GC_CONCURRENT freed 400K, 78% free 1322K/5955K, paused 1ms+0ms
D/dalvikvm( 1326): GC_CONCURRENT freed 392K, 78% free 1341K/5955K, paused 1ms+1ms
D/dalvikvm( 1326): GC_CONCURRENT freed 420K, 78% free 1343K/5955K, paused 1ms+1ms
D/dalvikvm( 1326): GC_CONCURRENT freed 417K, 76% free 1437K/5955K, paused 0ms+1ms
D/dalvikvm( 1326): GC_CONCURRENT freed 515K, 76% free 1436K/5955K, paused 1ms+1ms
D/dalvikvm( 1326): GC_CONCURRENT freed 499K, 78% free 1328K/5955K, paused 0ms+1ms
D/dalvikvm( 1326): GC_CONCURRENT freed 406K, 77% free 1417K/5955K, paused 1ms+1ms
D/dalvikvm( 1326): GC_CONCURRENT freed 491K, 77% free 1426K/5955K, paused 1ms+1ms
D/dalvikvm( 1326): GC_CONCURRENT freed 502K, 79% free 1309K/5955K, paused 1ms+1ms
D/dalvikvm( 1326): GC_CONCURRENT freed 399K, 79% free 1294K/5955K, paused 1ms+1ms
D/dalvikvm( 1326): GC_CONCURRENT freed 382K, 79% free 1295K/5955K, paused 0ms+1ms
D/dalvikvm( 1326): GC_CONCURRENT freed 383K, 77% free 1421K/5955K, paused 1ms+1ms
D/dalvikvm( 1326): GC_CONCURRENT freed 488K, 78% free 1320K/5955K, paused 0ms+1ms
D/dalvikvm( 1326): GC_CONCURRENT freed 394K, 78% free 1320K/5955K, paused 0ms+1ms
D/dalvikvm( 1326): GC_CONCURRENT freed 403K, 79% free 1306K/5955K, paused 1ms+1ms
D/HomePlayerLib( 1326): hostaddress count is 2
D/dalvikvm( 1326): GC_CONCURRENT freed 394K, 78% free 1316K/5955K, paused 0ms+1ms
D/dalvikvm( 1326): GC_CONCURRENT freed 404K, 79% free 1305K/5955K, paused 1ms+1ms
D/dalvikvm( 1326): GC_CONCURRENT freed 378K, 78% free 1321K/5955K, paused 1ms+1ms
D/dalvikvm( 1326): GC_CONCURRENT freed 390K, 78% free 1324K/5955K, paused 1ms+1ms
D/dalvikvm( 1326): GC_CONCURRENT freed 393K, 77% free 1405K/5955K, paused 1ms+1ms
D/dalvikvm( 1326): GC_CONCURRENT freed 471K, 78% free 1326K/5955K, paused 1ms+1ms
D/dalvikvm( 1326): GC_CONCURRENT freed 404K, 78% free 1320K/5955K, paused 1ms+1ms
D/dalvikvm( 1326): GC_CONCURRENT freed 395K, 78% free 1319K/5955K, paused 1ms+1ms
D/dalvikvm( 1326): GC_CONCURRENT freed 411K, 78% free 1363K/5955K, paused 1ms+1ms
D/dalvikvm( 1326): GC_CONCURRENT freed 440K, 77% free 1419K/5955K, paused 1ms+1ms
D/dalvikvm( 1326): GC_CONCURRENT freed 502K, 78% free 1311K/5955K, paused 1ms+1ms
D/dalvikvm( 1326): GC_CONCURRENT freed 386K, 77% free 1397K/5955K, paused 1ms+1ms
D/dalvikvm( 1326): GC_CONCURRENT freed 469K, 75% free 1499K/5955K, paused 1ms+1ms
D/dalvikvm( 1326): GC_CONCURRENT freed 581K, 76% free 1436K/5955K, paused 1ms+1ms
D/dalvikvm( 1326): GC_CONCURRENT freed 521K, 77% free 1422K/5955K, paused 0ms+1ms
D/dalvikvm( 1326): GC_CONCURRENT freed 488K, 78% free 1321K/5955K, paused 1ms+1ms
D/dalvikvm( 1326): GC_CONCURRENT freed 405K, 77% free 1424K/5955K, paused 1ms+1ms
D/dalvikvm( 1326): GC_CONCURRENT freed 513K, 78% free 1318K/5955K, paused 1ms+1ms
D/dalvikvm( 1326): GC_CONCURRENT freed 390K, 78% free 1320K/5955K, paused 1ms+1ms
D/dalvikvm( 1326): GC_CONCURRENT freed 392K, 78% free 1320K/5955K, paused 1ms+1ms
D/dalvikvm( 1326): GC_CONCURRENT freed 393K, 78% free 1320K/5955K, paused 1ms+1ms
D/dalvikvm( 1326): GC_CONCURRENT freed 404K, 77% free 1423K/5955K, paused 1ms+1ms
D/dalvikvm( 1326): GC_CONCURRENT freed 490K, 78% free 1320K/5955K, paused 1ms+1ms
D/dalvikvm( 1326): GC_CONCURRENT freed 392K, 78% free 1319K/5955K, paused 1ms+1ms
D/dalvikvm( 1326): GC_CONCURRENT freed 392K, 77% free 1406K/5955K, paused 0ms+1ms
D/dalvikvm( 1326): GC_CONCURRENT freed 484K, 76% free 1433K/5955K, paused 0ms+1ms
D/dalvikvm( 1326): GC_CONCURRENT freed 516K, 79% free 1308K/5955K, paused 1ms+1ms
D/dalvikvm( 1326): GC_CONCURRENT freed 393K, 79% free 1307K/5955K, paused 1ms+2ms
D/dalvikvm( 1326): GC_CONCURRENT freed 393K, 79% free 1307K/5955K, paused 1ms+1ms
D/dalvikvm( 1326): GC_CONCURRENT freed 391K, 79% free 1308K/5955K, paused 1ms+1ms
D/dalvikvm( 1326): GC_CONCURRENT freed 399K, 79% free 1295K/5955K, paused 0ms+1ms
D/dalvikvm( 1326): GC_CONCURRENT freed 394K, 77% free 1398K/5955K, paused 1ms+1ms
D/HomePlayerLib( 1326): hostaddress count is 2
D/dalvikvm( 1326): GC_CONCURRENT freed 471K, 77% free 1424K/5955K, paused 1ms+1ms
D/dalvikvm( 1326): GC_CONCURRENT freed 504K, 78% free 1318K/5955K, paused 1ms+1ms
D/dalvikvm( 1326): GC_CONCURRENT freed 393K, 77% free 1377K/5955K, paused 1ms+1ms
D/dalvikvm( 1326): GC_CONCURRENT freed 444K, 76% free 1430K/5955K, paused 0ms+1ms
D/dalvikvm( 1326): GC_CONCURRENT freed 514K, 78% free 1329K/5955K, paused 1ms+1ms
D/dalvikvm( 1326): GC_CONCURRENT freed 403K, 78% free 1312K/5955K, paused 1ms+1ms
D/dalvikvm( 1326): GC_CONCURRENT freed 395K, 78% free 1345K/5955K, paused 1ms+1ms
D/dalvikvm( 1326): GC_CONCURRENT freed 427K, 76% free 1431K/5955K, paused 1ms+1ms
D/dalvikvm( 1326): GC_CONCURRENT freed 507K, 76% free 1430K/5955K, paused 1ms+0ms
D/dalvikvm( 1326): GC_CONCURRENT freed 498K, 77% free 1406K/5955K, paused 1ms+1ms
D/dalvikvm( 1326): GC_CONCURRENT freed 474K, 77% free 1406K/5955K, paused 1ms+1ms
D/dalvikvm( 1326): GC_CONCURRENT freed 474K, 78% free 1328K/5955K, paused 1ms+1ms
D/dalvikvm( 1326): GC_CONCURRENT freed 410K, 77% free 1429K/5955K, paused 0ms+1ms
D/dalvikvm( 1326): GC_CONCURRENT freed 491K, 78% free 1322K/5955K, paused 0ms+1ms
W/ThrottleService(  939): unable to find stats for iface rmnet0
D/dalvikvm( 1326): GC_CONCURRENT freed 396K, 78% free 1320K/5955K, paused 1ms+1ms
D/dalvikvm( 1326): GC_CONCURRENT freed 393K, 78% free 1320K/5955K, paused 1ms+2ms
D/dalvikvm( 1326): GC_CONCURRENT freed 393K, 78% free 1320K/5955K, paused 1ms+1ms
D/dalvikvm( 1326): GC_CONCURRENT freed 393K, 78% free 1320K/5955K, paused 1ms+1ms
D/dalvikvm( 1326): GC_CONCURRENT freed 401K, 78% free 1333K/5955K, paused 1ms+1ms
D/dalvikvm( 1326): GC_CONCURRENT freed 409K, 78% free 1320K/5955K, paused 1ms+1ms
D/dalvikvm( 1326): GC_CONCURRENT freed 394K, 78% free 1319K/5955K, paused 1ms+1ms
D/dalvikvm( 1326): GC_CONCURRENT freed 394K, 77% free 1425K/5955K, paused 1ms+1ms
D/dalvikvm( 1326): GC_CONCURRENT freed 501K, 78% free 1339K/5955K, paused 0ms+1ms
D/PushMsgCenter( 1634): mDownUpRun run while (true)
D/PushMsgCenter( 1634): down  
D/PushMsgCenter( 1634): down conn.getResponseCode() status = 404
D/CheckNetWork( 1665): isOk true
D/CheckNetWork( 1665): ActInfoNetworkInfo: type: ETH[], state: CONNECTED/CONNECTED, reason: (unspecified), extra: (none), roaming: false, failover: false, isAvailable: true
D/CheckNetWork( 1665): infoNetworkInfo: type: ETH[], state: CONNECTED/CONNECTED, reason: (unspecified), extra: (none), roaming: false, failover: false, isAvailable: true
D/HomePlayerLib( 1326): hostaddress count is 2
D/dalvikvm( 1326): GC_CONCURRENT freed 425K, 78% free 1313K/5955K, paused 1ms+1ms
D/dalvikvm( 1326): GC_CONCURRENT freed 387K, 78% free 1317K/5955K, paused 1ms+1ms
D/dalvikvm( 1326): GC_CONCURRENT freed 403K, 79% free 1306K/5955K, paused 0ms+1ms
D/dalvikvm( 1326): GC_CONCURRENT freed 378K, 78% free 1322K/5955K, paused 1ms+1ms
D/dalvikvm( 1326): GC_CONCURRENT freed 390K, 78% free 1324K/5955K, paused 0ms+1ms
D/dalvikvm( 1326): GC_CONCURRENT freed 393K, 78% free 1323K/5955K, paused 1ms+1ms
D/dalvikvm( 1326): GC_CONCURRENT freed 395K, 78% free 1314K/5955K, paused 1ms+1ms
D/dalvikvm( 1326): GC_CONCURRENT freed 400K, 78% free 1335K/5955K, paused 1ms+1ms
D/dalvikvm( 1326): GC_CONCURRENT freed 407K, 78% free 1324K/5955K, paused 1ms+1ms
D/dalvikvm( 1326): GC_CONCURRENT freed 410K, 75% free 1501K/5955K, paused 0ms+1ms
D/dalvikvm( 1326): GC_CONCURRENT freed 586K, 78% free 1351K/5955K, paused 1ms+1ms
D/dalvikvm( 1326): GC_CONCURRENT freed 420K, 76% free 1431K/5955K, paused 1ms+0ms
D/dalvikvm( 1326): GC_CONCURRENT freed 503K, 78% free 1313K/5955K, paused 1ms+1ms
D/dalvikvm( 1326): GC_CONCURRENT freed 394K, 79% free 1310K/5955K, paused 1ms+1ms
D/dalvikvm( 1326): GC_CONCURRENT freed 390K, 78% free 1343K/5955K, paused 1ms+1ms
D/dalvikvm( 1326): GC_CONCURRENT freed 416K, 76% free 1433K/5955K, paused 1ms+1ms
D/dalvikvm( 1326): GC_CONCURRENT freed 503K, 77% free 1419K/5955K, paused 1ms+1ms
D/dalvikvm( 1326): GC_CONCURRENT freed 504K, 78% free 1339K/5955K, paused 1ms+1ms
D/dalvikvm( 1326): GC_CONCURRENT freed 415K, 78% free 1319K/5955K, paused 1ms+1ms
D/dalvikvm( 1326): GC_CONCURRENT freed 392K, 78% free 1318K/5955K, paused 1ms+1ms
D/dalvikvm( 1326): GC_CONCURRENT freed 392K, 77% free 1425K/5955K, paused 1ms+0ms
D/dalvikvm( 1326): GC_CONCURRENT freed 501K, 79% free 1308K/5955K, paused 1ms+1ms
D/dalvikvm( 1326): GC_CONCURRENT freed 394K, 78% free 1338K/5955K, paused 1ms+1ms
D/dalvikvm( 1326): GC_CONCURRENT freed 427K, 77% free 1421K/5955K, paused 0ms+1ms
D/dalvikvm( 1326): GC_CONCURRENT freed 505K, 77% free 1422K/5955K, paused 0ms+1ms
D/dalvikvm( 1326): GC_CONCURRENT freed 486K, 78% free 1326K/5955K, paused 1ms+0ms
D/dalvikvm( 1326): GC_CONCURRENT freed 404K, 79% free 1308K/5955K, paused 1ms+1ms
D/dalvikvm( 1326): GC_CONCURRENT freed 395K, 79% free 1306K/5955K, paused 0ms+1ms
D/dalvikvm( 1326): GC_CONCURRENT freed 392K, 79% free 1307K/5955K, paused 1ms+1ms
D/dalvikvm( 1326): GC_CONCURRENT freed 394K, 79% free 1306K/5955K, paused 0ms+0ms
D/dalvikvm( 1326): GC_CONCURRENT freed 393K, 77% free 1421K/5955K, paused 1ms+1ms
D/dalvikvm( 1326): GC_CONCURRENT freed 487K, 78% free 1321K/5955K, paused 1ms+1ms
D/dalvikvm( 1326): GC_CONCURRENT freed 510K, 78% free 1317K/5955K, paused 1ms+1ms
D/HomePlayerLib( 1326): hostaddress count is 2
D/dalvikvm( 1326): GC_CONCURRENT freed 390K, 77% free 1423K/5955K, paused 1ms+0ms
D/dalvikvm( 1326): GC_CONCURRENT freed 503K, 78% free 1317K/5955K, paused 0ms+1ms
D/dalvikvm( 1326): GC_CONCURRENT freed 393K, 79% free 1308K/5955K, paused 1ms+1ms
D/dalvikvm( 1326): GC_CONCURRENT freed 390K, 78% free 1311K/5955K, paused 0ms+1ms
D/dalvikvm( 1326): GC_CONCURRENT freed 392K, 77% free 1425K/5955K, paused 1ms+1ms
D/dalvikvm( 1326): GC_CONCURRENT freed 486K, 78% free 1369K/5955K, paused 1ms+1ms
D/dalvikvm( 1326): GC_CONCURRENT freed 443K, 76% free 1436K/5955K, paused 0ms+1ms
D/dalvikvm( 1326): GC_CONCURRENT freed 516K, 77% free 1427K/5955K, paused 1ms+1ms
D/dalvikvm( 1326): GC_CONCURRENT freed 488K, 78% free 1330K/5955K, paused 0ms+1ms
D/dalvikvm( 1326): GC_CONCURRENT freed 416K, 79% free 1309K/5955K, paused 0ms+1ms
D/dalvikvm( 1326): GC_CONCURRENT freed 394K, 77% free 1425K/5955K, paused 0ms+1ms
D/dalvikvm( 1326): GC_CONCURRENT freed 486K, 76% free 1452K/5955K, paused 1ms+1ms
D/dalvikvm( 1326): GC_CONCURRENT freed 536K, 78% free 1341K/5955K, paused 0ms+1ms
D/dalvikvm( 1326): GC_CONCURRENT freed 424K, 78% free 1311K/5955K, paused 1ms+1ms
D/dalvikvm( 1326): GC_CONCURRENT freed 393K, 77% free 1418K/5955K, paused 1ms+1ms
D/dalvikvm( 1326): GC_CONCURRENT freed 486K, 77% free 1371K/5955K, paused 1ms+1ms
D/dalvikvm( 1326): GC_CONCURRENT freed 457K, 77% free 1420K/5955K, paused 1ms+2ms
D/dalvikvm( 1326): GC_CONCURRENT freed 499K, 78% free 1321K/5955K, paused 1ms+1ms
D/dalvikvm( 1326): GC_CONCURRENT freed 408K, 76% free 1445K/5955K, paused 0ms+1ms
D/dalvikvm( 1326): GC_CONCURRENT freed 505K, 78% free 1329K/5955K, paused 1ms+1ms
D/dalvikvm( 1326): GC_CONCURRENT freed 415K, 79% free 1298K/5955K, paused 1ms+1ms
D/dalvikvm( 1326): GC_CONCURRENT freed 387K, 79% free 1295K/5955K, paused 1ms+1ms
D/dalvikvm( 1326): GC_CONCURRENT freed 384K, 79% free 1304K/5955K, paused 1ms+1ms
D/dalvikvm( 1326): GC_CONCURRENT freed 392K, 75% free 1540K/5955K, paused 1ms+1ms
D/dalvikvm( 1326): GC_CONCURRENT freed 622K, 78% free 1329K/5955K, paused 1ms+1ms
D/dalvikvm( 1326): GC_CONCURRENT freed 413K, 79% free 1305K/5955K, paused 1ms+1ms
D/dalvikvm( 1326): GC_CONCURRENT freed 391K, 77% free 1406K/5955K, paused 0ms+1ms
D/dalvikvm( 1326): GC_CONCURRENT freed 488K, 78% free 1322K/5955K, paused 1ms+1ms
D/dalvikvm( 1326): GC_CONCURRENT freed 406K, 78% free 1321K/5955K, paused 0ms+1ms
D/dalvikvm( 1326): GC_CONCURRENT freed 405K, 78% free 1321K/5955K, paused 1ms+2ms
D/dalvikvm( 1326): GC_CONCURRENT freed 400K, 78% free 1321K/5955K, paused 0ms+1ms
D/dalvikvm( 1326): GC_CONCURRENT freed 404K, 78% free 1322K/5955K, paused 1ms+1ms
D/dalvikvm( 1326): GC_CONCURRENT freed 408K, 79% free 1299K/5955K, paused 1ms+1ms
D/dalvikvm( 1326): GC_CONCURRENT freed 386K, 78% free 1335K/5955K, paused 2ms+1ms
D/dalvikvm( 1326): GC_CONCURRENT freed 421K, 79% free 1304K/5955K, paused 1ms+1ms
D/dalvikvm( 1326): GC_CONCURRENT freed 392K, 77% free 1420K/5955K, paused 0ms+1ms
D/dalvikvm( 1326): GC_CONCURRENT freed 501K, 77% free 1409K/5955K, paused 1ms+1ms
D/dalvikvm( 1326): GC_CONCURRENT freed 493K, 79% free 1304K/5955K, paused 1ms+1ms
D/dalvikvm( 1326): GC_CONCURRENT freed 391K, 76% free 1444K/5955K, paused 1ms+1ms
D/dalvikvm( 1326): GC_CONCURRENT freed 528K, 77% free 1420K/5955K, paused 1ms+1ms
D/dalvikvm( 1326): GC_CONCURRENT freed 487K, 78% free 1328K/5955K, paused 1ms+1ms
D/dalvikvm( 1326): GC_CONCURRENT freed 414K, 78% free 1311K/5955K, paused 1ms+1ms
D/dalvikvm( 1326): GC_CONCURRENT freed 389K, 78% free 1365K/5955K, paused 1ms+1ms
D/dalvikvm( 1326): GC_CONCURRENT freed 448K, 78% free 1320K/5955K, paused 1ms+1ms
D/dalvikvm( 1326): GC_CONCURRENT freed 396K, 78% free 1344K/5955K, paused 1ms+1ms
D/dalvikvm( 1326): GC_CONCURRENT freed 416K, 78% free 1329K/5955K, paused 0ms+1ms
D/dalvikvm( 1326): GC_CONCURRENT freed 394K, 78% free 1331K/5955K, paused 1ms+1ms
D/HomePlayerLib( 1326): hostaddress count is 2
D/dalvikvm( 1326): GC_CONCURRENT freed 405K, 78% free 1315K/5955K, paused 1ms+1ms
D/dalvikvm( 1326): GC_CONCURRENT freed 387K, 76% free 1442K/5955K, paused 1ms+1ms
D/dalvikvm( 1326): GC_CONCURRENT freed 495K, 76% free 1459K/5955K, paused 1ms+1ms
D/dalvikvm( 1326): GC_CONCURRENT freed 512K, 77% free 1423K/5955K, paused 1ms+1ms
D/dalvikvm( 1326): GC_CONCURRENT freed 496K, 76% free 1434K/5955K, paused 1ms+2ms
D/dalvikvm( 1326): GC_CONCURRENT freed 504K, 76% free 1437K/5955K, paused 1ms+1ms
D/dalvikvm( 1326): GC_CONCURRENT freed 487K, 78% free 1357K/5955K, paused 0ms+1ms
D/dalvikvm( 1326): GC_CONCURRENT freed 417K, 76% free 1443K/5955K, paused 0ms+1ms
D/dalvikvm( 1326): GC_CONCURRENT freed 514K, 78% free 1315K/5955K, paused 1ms+1ms
D/dalvikvm( 1326): GC_CONCURRENT freed 368K, 78% free 1332K/5955K, paused 1ms+1ms
D/dalvikvm( 1326): GC_CONCURRENT freed 391K, 77% free 1421K/5955K, paused 1ms+1ms
D/dalvikvm( 1326): GC_CONCURRENT freed 495K, 76% free 1434K/5955K, paused 1ms+1ms
D/dalvikvm( 1326): GC_CONCURRENT freed 503K, 76% free 1430K/5955K, paused 1ms+1ms
D/dalvikvm( 1326): GC_CONCURRENT freed 466K, 76% free 1476K/5955K, paused 0ms+1ms
D/dalvikvm( 1326): GC_CONCURRENT freed 533K, 77% free 1376K/5955K, paused 0ms+1ms
D/dalvikvm( 1326): GC_CONCURRENT freed 437K, 78% free 1331K/5955K, paused 1ms+1ms
D/dalvikvm( 1326): GC_CONCURRENT freed 394K, 78% free 1331K/5955K, paused 1ms+2ms
D/dalvikvm( 1326): GC_CONCURRENT freed 406K, 78% free 1334K/5955K, paused 1ms+1ms
D/dalvikvm( 1326): GC_CONCURRENT freed 404K, 78% free 1329K/5955K, paused 1ms+1ms
D/dalvikvm( 1326): GC_CONCURRENT freed 396K, 78% free 1327K/5955K, paused 1ms+2ms
D/dalvikvm( 1326): GC_CONCURRENT freed 406K, 78% free 1329K/5955K, paused 0ms+1ms
D/dalvikvm( 1326): GC_CONCURRENT freed 392K, 78% free 1329K/5955K, paused 1ms+2ms
D/dalvikvm( 1326): GC_CONCURRENT freed 393K, 78% free 1329K/5955K, paused 1ms+2ms
D/dalvikvm( 1326): GC_CONCURRENT freed 408K, 78% free 1319K/5955K, paused 1ms+2ms
D/dalvikvm( 1326): GC_CONCURRENT freed 398K, 76% free 1431K/5955K, paused 0ms+1ms
D/dalvikvm( 1326): GC_CONCURRENT freed 493K, 76% free 1436K/5955K, paused 1ms+1ms
D/dalvikvm( 1326): GC_CONCURRENT freed 515K, 79% free 1305K/5955K, paused 1ms+1ms
D/dalvikvm( 1326): GC_CONCURRENT freed 393K, 77% free 1423K/5955K, paused 1ms+1ms
D/dalvikvm( 1326): GC_CONCURRENT freed 497K, 77% free 1427K/5955K, paused 1ms+1ms
D/dalvikvm( 1326): GC_CONCURRENT freed 504K, 79% free 1307K/5955K, paused 1ms+1ms
D/dalvikvm( 1326): GC_CONCURRENT freed 372K, 78% free 1321K/5955K, paused 1ms+1ms
D/dalvikvm( 1326): GC_CONCURRENT freed 400K, 78% free 1326K/5955K, paused 1ms+1ms
D/dalvikvm( 1326): GC_CONCURRENT freed 411K, 79% free 1299K/5955K, paused 1ms+1ms
D/dalvikvm( 1326): GC_CONCURRENT freed 383K, 79% free 1299K/5955K, paused 1ms+1ms
D/dalvikvm( 1326): GC_CONCURRENT freed 381K, 78% free 1318K/5955K, paused 1ms+1ms
D/dalvikvm( 1326): GC_CONCURRENT freed 396K, 78% free 1317K/5955K, paused 1ms+1ms
D/dalvikvm( 1326): GC_CONCURRENT freed 397K, 78% free 1323K/5955K, paused 1ms+1ms
D/dalvikvm( 1326): GC_CONCURRENT freed 385K, 76% free 1446K/5955K, paused 1ms+1ms
D/dalvikvm( 1326): GC_CONCURRENT freed 531K, 77% free 1410K/5955K, paused 1ms+1ms
D/dalvikvm( 1326): GC_CONCURRENT freed 494K, 78% free 1314K/5955K, paused 1ms+1ms
D/dalvikvm( 1326): GC_CONCURRENT freed 390K, 76% free 1433K/5955K, paused 1ms+1ms
D/dalvikvm( 1326): GC_CONCURRENT freed 502K, 78% free 1322K/5955K, paused 1ms+1ms
D/dalvikvm( 1326): GC_CONCURRENT freed 400K, 78% free 1362K/5955K, paused 0ms+1ms
D/dalvikvm( 1326): GC_CONCURRENT freed 445K, 78% free 1322K/5955K, paused 1ms+1ms
D/dalvikvm( 1326): GC_CONCURRENT freed 399K, 78% free 1321K/5955K, paused 1ms+1ms
D/dalvikvm( 1326): GC_CONCURRENT freed 406K, 79% free 1299K/5955K, paused 1ms+1ms
D/dalvikvm( 1326): GC_CONCURRENT freed 426K, 77% free 1381K/5955K, paused 1ms+1ms
D/dalvikvm( 1326): GC_CONCURRENT freed 462K, 77% free 1428K/5955K, paused 0ms+1ms
D/dalvikvm( 1326): GC_CONCURRENT freed 513K, 78% free 1342K/5955K, paused 1ms+1ms
D/HomePlayerLib( 1326): hostaddress count is 2
D/dalvikvm( 1326): GC_CONCURRENT freed 428K, 79% free 1305K/5955K, paused 1ms+1ms
D/dalvikvm( 1326): GC_CONCURRENT freed 387K, 76% free 1429K/5955K, paused 0ms+1ms
D/dalvikvm( 1326): GC_CONCURRENT freed 486K, 76% free 1454K/5955K, paused 1ms+1ms
D/dalvikvm( 1326): GC_CONCURRENT freed 536K, 77% free 1420K/5955K, paused 1ms+1ms
D/dalvikvm( 1326): GC_CONCURRENT freed 474K, 75% free 1494K/5955K, paused 1ms+1ms
D/dalvikvm( 1326): GC_CONCURRENT freed 567K, 78% free 1340K/5955K, paused 1ms+1ms
D/dalvikvm( 1326): GC_CONCURRENT freed 407K, 76% free 1447K/5955K, paused 1ms+1ms
D/dalvikvm( 1326): GC_CONCURRENT freed 527K, 77% free 1382K/5955K, paused 1ms+1ms
D/dalvikvm( 1326): GC_CONCURRENT freed 520K, 77% free 1370K/5955K, paused 1ms+1ms
D/dalvikvm( 1326): GC_CONCURRENT freed 447K, 78% free 1332K/5955K, paused 1ms+1ms
D/dalvikvm( 1326): GC_CONCURRENT freed 417K, 78% free 1338K/5955K, paused 1ms+1ms
D/dalvikvm( 1326): GC_CONCURRENT freed 413K, 78% free 1368K/5955K, paused 1ms+1ms
D/dalvikvm( 1326): GC_CONCURRENT freed 451K, 79% free 1302K/5955K, paused 0ms+1ms
D/dalvikvm( 1326): GC_CONCURRENT freed 383K, 77% free 1423K/5955K, paused 1ms+1ms
D/dalvikvm( 1326): GC_CONCURRENT freed 493K, 76% free 1441K/5955K, paused 1ms+1ms
D/dalvikvm( 1326): GC_CONCURRENT freed 538K, 78% free 1316K/5955K, paused 1ms+1ms
D/dalvikvm( 1326): GC_CONCURRENT freed 390K, 78% free 1326K/5955K, paused 1ms+1ms
D/dalvikvm( 1326): GC_CONCURRENT freed 407K, 78% free 1327K/5955K, paused 1ms+1ms
D/dalvikvm( 1326): GC_CONCURRENT freed 363K, 77% free 1416K/5955K, paused 1ms+1ms
D/dalvikvm( 1326): GC_CONCURRENT freed 490K, 78% free 1312K/5955K, paused 1ms+1ms
D/dalvikvm( 1326): GC_CONCURRENT freed 389K, 78% free 1323K/5955K, paused 1ms+1ms
D/dalvikvm( 1326): GC_CONCURRENT freed 396K, 78% free 1320K/5955K, paused 1ms+2ms
D/dalvikvm( 1326): GC_CONCURRENT freed 404K, 78% free 1323K/5955K, paused 1ms+1ms
D/dalvikvm( 1326): GC_CONCURRENT freed 408K, 79% free 1301K/5955K, paused 1ms+1ms
D/dalvikvm( 1326): GC_CONCURRENT freed 384K, 78% free 1323K/5955K, paused 1ms+2ms
D/dalvikvm( 1326): GC_CONCURRENT freed 396K, 78% free 1321K/5955K, paused 1ms+1ms
D/dalvikvm( 1326): GC_CONCURRENT freed 405K, 78% free 1319K/5955K, paused 1ms+1ms
D/dalvikvm( 1326): GC_CONCURRENT freed 445K, 77% free 1378K/5955K, paused 1ms+1ms
D/dalvikvm( 1326): GC_CONCURRENT freed 449K, 78% free 1368K/5955K, paused 1ms+1ms
D/dalvikvm( 1326): GC_CONCURRENT freed 454K, 79% free 1303K/5955K, paused 1ms+1ms
D/dalvikvm( 1326): GC_CONCURRENT freed 390K, 79% free 1298K/5955K, paused 1ms+1ms
D/dalvikvm( 1326): GC_CONCURRENT freed 377K, 79% free 1307K/5955K, paused 0ms+1ms
D/dalvikvm( 1326): GC_CONCURRENT freed 373K, 76% free 1445K/5955K, paused 1ms+1ms
D/dalvikvm( 1326): GC_CONCURRENT freed 521K, 78% free 1321K/5955K, paused 1ms+1ms
D/dalvikvm( 1326): GC_CONCURRENT freed 401K, 77% free 1407K/5955K, paused 1ms+1ms
D/dalvikvm( 1326): GC_CONCURRENT freed 491K, 79% free 1310K/5955K, paused 0ms+1ms
D/dalvikvm( 1326): GC_CONCURRENT freed 387K, 78% free 1321K/5955K, paused 1ms+1ms
D/dalvikvm( 1326): GC_CONCURRENT freed 396K, 78% free 1322K/5955K, paused 1ms+1ms
D/dalvikvm( 1326): GC_CONCURRENT freed 406K, 78% free 1319K/5955K, paused 1ms+1ms
D/dalvikvm( 1326): GC_CONCURRENT freed 382K, 78% free 1323K/5955K, paused 1ms+1ms
D/dalvikvm( 1326): GC_CONCURRENT freed 410K, 78% free 1321K/5955K, paused 1ms+1ms
D/dalvikvm( 1326): GC_CONCURRENT freed 406K, 78% free 1321K/5955K, paused 1ms+2ms
D/dalvikvm( 1326): GC_CONCURRENT freed 389K, 78% free 1321K/5955K, paused 1ms+1ms
D/HomePlayerLib( 1326): hostaddress count is 2
D/dalvikvm( 1326): GC_CONCURRENT freed 372K, 78% free 1345K/5955K, paused 1ms+1ms
D/dalvikvm( 1326): GC_CONCURRENT freed 401K, 75% free 1511K/5955K, paused 1ms+1ms
D/dalvikvm( 1326): GC_CONCURRENT freed 584K, 77% free 1416K/5955K, paused 1ms+1ms
D/dalvikvm( 1326): GC_CONCURRENT freed 498K, 79% free 1307K/5955K, paused 0ms+1ms
D/dalvikvm( 1326): GC_CONCURRENT freed 407K, 77% free 1404K/5955K, paused 0ms+1ms
D/dalvikvm( 1326): GC_CONCURRENT freed 488K, 77% free 1421K/5955K, paused 1ms+1ms
D/dalvikvm( 1326): GC_CONCURRENT freed 484K, 78% free 1327K/5955K, paused 0ms+1ms
D/dalvikvm( 1326): GC_CONCURRENT freed 409K, 78% free 1331K/5955K, paused 1ms+1ms
D/dalvikvm( 1326): GC_CONCURRENT freed 412K, 76% free 1430K/5955K, paused 1ms+1ms
D/dalvikvm( 1326): GC_CONCURRENT freed 507K, 77% free 1423K/5955K, paused 1ms+1ms
D/dalvikvm( 1326): GC_CONCURRENT freed 477K, 76% free 1453K/5955K, paused 0ms+1ms
D/dalvikvm( 1326): GC_CONCURRENT freed 518K, 78% free 1350K/5955K, paused 1ms+1ms
D/dalvikvm( 1326): GC_CONCURRENT freed 417K, 78% free 1356K/5955K, paused 1ms+1ms
D/dalvikvm( 1326): GC_CONCURRENT freed 425K, 78% free 1324K/5955K, paused 1ms+1ms
D/dalvikvm( 1326): GC_CONCURRENT freed 404K, 78% free 1326K/5955K, paused 1ms+1ms
D/dalvikvm( 1326): GC_CONCURRENT freed 405K, 77% free 1388K/5955K, paused 1ms+1ms
D/dalvikvm( 1326): GC_CONCURRENT freed 428K, 76% free 1463K/5955K, paused 0ms+1ms
D/dalvikvm( 1326): GC_CONCURRENT freed 546K, 78% free 1325K/5955K, paused 0ms+1ms
D/dalvikvm( 1326): GC_CONCURRENT freed 394K, 78% free 1328K/5955K, paused 1ms+1ms
D/dalvikvm( 1326): GC_CONCURRENT freed 412K, 79% free 1307K/5955K, paused 1ms+1ms
D/dalvikvm( 1326): GC_CONCURRENT freed 392K, 77% free 1421K/5955K, paused 1ms+1ms
D/dalvikvm( 1326): GC_CONCURRENT freed 505K, 76% free 1432K/5955K, paused 1ms+1ms
D/dalvikvm( 1326): GC_CONCURRENT freed 499K, 78% free 1328K/5955K, paused 0ms+1ms
D/dalvikvm( 1326): GC_CONCURRENT freed 416K, 78% free 1339K/5955K, paused 0ms+1ms
D/dalvikvm( 1326): GC_CONCURRENT freed 407K, 76% free 1442K/5955K, paused 0ms+1ms
D/dalvikvm( 1326): GC_CONCURRENT freed 508K, 76% free 1438K/5955K, paused 1ms+1ms
D/dalvikvm( 1326): GC_CONCURRENT freed 523K, 77% free 1424K/5955K, paused 0ms+1ms
D/dalvikvm( 1326): GC_CONCURRENT freed 502K, 77% free 1428K/5955K, paused 1ms+1ms
D/dalvikvm( 1326): GC_CONCURRENT freed 514K, 78% free 1342K/5955K, paused 1ms+1ms
D/dalvikvm( 1326): GC_CONCURRENT freed 427K, 79% free 1307K/5955K, paused 1ms+1ms
D/dalvikvm( 1326): GC_CONCURRENT freed 383K, 78% free 1317K/5955K, paused 1ms+1ms
D/dalvikvm( 1326): GC_CONCURRENT freed 406K, 79% free 1309K/5955K, paused 1ms+1ms
D/dalvikvm( 1326): GC_CONCURRENT freed 379K, 78% free 1321K/5955K, paused 1ms+1ms
D/dalvikvm( 1326): GC_CONCURRENT freed 406K, 78% free 1321K/5955K, paused 1ms+1ms
D/dalvikvm( 1326): GC_CONCURRENT freed 398K, 79% free 1309K/5955K, paused 1ms+1ms
D/dalvikvm( 1326): GC_CONCURRENT freed 393K, 79% free 1307K/5955K, paused 1ms+1ms
D/dalvikvm( 1326): GC_CONCURRENT freed 392K, 78% free 1316K/5955K, paused 1ms+1ms
D/dalvikvm( 1326): GC_CONCURRENT freed 393K, 79% free 1307K/5955K, paused 1ms+1ms
D/dalvikvm( 1326): GC_CONCURRENT freed 392K, 79% free 1308K/5955K, paused 1ms+1ms
D/dalvikvm( 1326): GC_CONCURRENT freed 398K, 79% free 1297K/5955K, paused 1ms+1ms
D/dalvikvm( 1326): GC_CONCURRENT freed 382K, 78% free 1321K/5955K, paused 1ms+1ms
D/dalvikvm( 1326): GC_CONCURRENT freed 394K, 78% free 1320K/5955K, paused 1ms+2ms
D/dalvikvm( 1326): GC_CONCURRENT freed 394K, 78% free 1320K/5955K, paused 1ms+1ms
D/dalvikvm( 1326): GC_CONCURRENT freed 393K, 78% free 1320K/5955K, paused 1ms+1ms
D/dalvikvm( 1326): GC_CONCURRENT freed 395K, 78% free 1334K/5955K, paused 1ms+1ms
D/dalvikvm( 1326): GC_CONCURRENT freed 406K, 78% free 1320K/5955K, paused 1ms+1ms
D/dalvikvm( 1326): GC_CONCURRENT freed 392K, 78% free 1320K/5955K, paused 1ms+1ms
D/dalvikvm( 1326): GC_CONCURRENT freed 393K, 78% free 1320K/5955K, paused 1ms+1ms
D/dalvikvm( 1326): GC_CONCURRENT freed 404K, 79% free 1308K/5955K, paused 1ms+1ms
D/dalvikvm( 1326): GC_CONCURRENT freed 396K, 79% free 1307K/5955K, paused 1ms+1ms
D/dalvikvm( 1326): GC_CONCURRENT freed 381K, 78% free 1321K/5955K, paused 1ms+1ms
D/dalvikvm( 1326): GC_CONCURRENT freed 397K, 78% free 1317K/5955K, paused 1ms+1ms
D/dalvikvm( 1326): GC_CONCURRENT freed 406K, 78% free 1320K/5955K, paused 1ms+2ms
D/dalvikvm( 1326): GC_CONCURRENT freed 392K, 78% free 1320K/5955K, paused 1ms+1ms
D/dalvikvm( 1326): GC_CONCURRENT freed 393K, 78% free 1320K/5955K, paused 1ms+1ms
D/dalvikvm( 1326): GC_CONCURRENT freed 393K, 78% free 1320K/5955K, paused 1ms+1ms
D/dalvikvm( 1326): GC_CONCURRENT freed 393K, 78% free 1320K/5955K, paused 1ms+1ms
D/dalvikvm( 1326): GC_CONCURRENT freed 402K, 78% free 1317K/5955K, paused 1ms+1ms
D/dalvikvm( 1326): GC_CONCURRENT freed 395K, 78% free 1331K/5955K, paused 1ms+1ms
D/dalvikvm( 1326): GC_CONCURRENT freed 407K, 78% free 1320K/5955K, paused 1ms+2ms
D/dalvikvm( 1326): GC_CONCURRENT freed 393K, 78% free 1320K/5955K, paused 0ms+1ms
D/dalvikvm( 1326): GC_CONCURRENT freed 391K, 78% free 1320K/5955K, paused 1ms+1ms
D/dalvikvm( 1326): GC_CONCURRENT freed 392K, 78% free 1320K/5955K, paused 1ms+1ms
D/dalvikvm( 1326): GC_CONCURRENT freed 393K, 78% free 1320K/5955K, paused 1ms+1ms
D/dalvikvm( 1326): GC_CONCURRENT freed 391K, 78% free 1320K/5955K, paused 1ms+1ms
D/dalvikvm( 1326): GC_CONCURRENT freed 403K, 78% free 1317K/5955K, paused 1ms+1ms
D/dalvikvm( 1326): GC_CONCURRENT freed 403K, 79% free 1307K/5955K, paused 1ms+1ms
D/dalvikvm( 1326): GC_CONCURRENT freed 385K, 79% free 1307K/5955K, paused 0ms+1ms
D/dalvikvm( 1326): GC_CONCURRENT freed 393K, 79% free 1307K/5955K, paused 1ms+1ms
D/dalvikvm( 1326): GC_CONCURRENT freed 393K, 79% free 1307K/5955K, paused 1ms+1ms
D/dalvikvm( 1326): GC_CONCURRENT freed 394K, 78% free 1316K/5955K, paused 1ms+1ms
D/dalvikvm( 1326): GC_CONCURRENT freed 393K, 79% free 1308K/5955K, paused 1ms+1ms
D/dalvikvm( 1326): GC_CONCURRENT freed 389K, 78% free 1319K/5955K, paused 1ms+1ms
D/HomePlayerLib( 1326): hostaddress count is 2
D/dalvikvm( 1326): GC_CONCURRENT freed 409K, 78% free 1329K/5955K, paused 1ms+1ms
D/dalvikvm( 1326): GC_CONCURRENT freed 416K, 77% free 1413K/5955K, paused 1ms+1ms
D/dalvikvm( 1326): GC_CONCURRENT freed 487K, 77% free 1382K/5955K, paused 1ms+1ms
D/dalvikvm( 1326): GC_CONCURRENT freed 467K, 79% free 1308K/5955K, paused 1ms+1ms
D/dalvikvm( 1326): GC_CONCURRENT freed 435K, 77% free 1382K/5955K, paused 0ms+1ms
D/dalvikvm( 1326): GC_CONCURRENT freed 462K, 78% free 1310K/5955K, paused 1ms+1ms
D/dalvikvm( 1326): GC_CONCURRENT freed 392K, 77% free 1383K/5955K, paused 1ms+1ms
D/dalvikvm( 1326): GC_CONCURRENT freed 461K, 76% free 1433K/5955K, paused 1ms+1ms
D/dalvikvm( 1326): GC_CONCURRENT freed 498K, 78% free 1323K/5955K, paused 1ms+1ms
D/dalvikvm( 1326): GC_CONCURRENT freed 393K, 76% free 1430K/5955K, paused 1ms+1ms
D/dalvikvm( 1326): GC_CONCURRENT freed 514K, 78% free 1349K/5955K, paused 0ms+1ms
D/dalvikvm( 1326): GC_CONCURRENT freed 417K, 78% free 1325K/5955K, paused 1ms+1ms
D/dalvikvm( 1326): GC_CONCURRENT freed 395K, 78% free 1324K/5955K, paused 1ms+1ms
D/dalvikvm( 1326): GC_CONCURRENT freed 391K, 78% free 1324K/5955K, paused 1ms+1ms
D/dalvikvm( 1326): GC_CONCURRENT freed 393K, 78% free 1324K/5955K, paused 1ms+1ms
D/dalvikvm( 1326): GC_CONCURRENT freed 405K, 77% free 1408K/5955K, paused 1ms+1ms
D/CheckNetWork( 1665): isOk true
D/CheckNetWork( 1665): ActInfoNetworkInfo: type: ETH[], state: CONNECTED/CONNECTED, reason: (unspecified), extra: (none), roaming: false, failover: false, isAvailable: true
D/CheckNetWork( 1665): infoNetworkInfo: type: ETH[], state: CONNECTED/CONNECTED, reason: (unspecified), extra: (none), roaming: false, failover: false, isAvailable: true
D/dalvikvm( 1326): GC_CONCURRENT freed 487K, 77% free 1420K/5955K, paused 1ms+1ms
D/dalvikvm( 1326): GC_CONCURRENT freed 490K, 78% free 1320K/5955K, paused 1ms+1ms
D/dalvikvm( 1326): GC_CONCURRENT freed 393K, 77% free 1426K/5955K, paused 1ms+1ms
D/dalvikvm( 1326): GC_CONCURRENT freed 512K, 79% free 1298K/5955K, paused 1ms+1ms
D/dalvikvm( 1326): GC_CONCURRENT freed 380K, 79% free 1303K/5955K, paused 1ms+1ms
D/dalvikvm( 1326): GC_CONCURRENT freed 382K, 77% free 1416K/5955K, paused 1ms+1ms
D/dalvikvm( 1326): GC_CONCURRENT freed 498K, 78% free 1315K/5955K, paused 1ms+1ms
V/EthernetMonitor(  939): get event 
V/EthernetMonitor(  939): go poll events
D/dalvikvm( 1326): GC_CONCURRENT freed 403K, 78% free 1320K/5955K, paused 0ms+1ms
D/dalvikvm( 1326): GC_CONCURRENT freed 392K, 78% free 1320K/5955K, paused 1ms+1ms
D/dalvikvm( 1326): GC_CONCURRENT freed 404K, 78% free 1317K/5955K, paused 1ms+2ms
D/dalvikvm( 1326): GC_CONCURRENT freed 406K, 78% free 1319K/5955K, paused 1ms+2ms
D/dalvikvm( 1326): GC_CONCURRENT freed 393K, 77% free 1404K/5955K, paused 1ms+1ms
D/dalvikvm( 1326): GC_CONCURRENT freed 474K, 77% free 1407K/5955K, paused 1ms+1ms
D/dalvikvm( 1326): GC_CONCURRENT freed 484K, 76% free 1442K/5955K, paused 1ms+1ms
D/dalvikvm( 1326): GC_CONCURRENT freed 518K, 77% free 1415K/5955K, paused 1ms+1ms
D/HomePlayerLib( 1326): hostaddress count is 2
D/dalvikvm( 1326): GC_CONCURRENT freed 505K, 79% free 1304K/5955K, paused 1ms+1ms
D/dalvikvm( 1326): GC_CONCURRENT freed 388K, 77% free 1423K/5955K, paused 0ms+1ms
D/dalvikvm( 1326): GC_CONCURRENT freed 497K, 77% free 1415K/5955K, paused 1ms+1ms
D/dalvikvm( 1326): GC_CONCURRENT freed 496K, 77% free 1426K/5955K, paused 0ms+1ms
D/dalvikvm( 1326): GC_CONCURRENT freed 483K, 76% free 1454K/5955K, paused 0ms+1ms
D/dalvikvm( 1326): GC_CONCURRENT freed 518K, 76% free 1447K/5955K, paused 1ms+1ms
D/dalvikvm( 1326): GC_CONCURRENT freed 526K, 77% free 1428K/5955K, paused 0ms+1ms
D/dalvikvm( 1326): GC_CONCURRENT freed 489K, 78% free 1349K/5955K, paused 0ms+1ms
D/dalvikvm( 1326): GC_CONCURRENT freed 437K, 77% free 1421K/5955K, paused 1ms+1ms
D/dalvikvm( 1326): GC_CONCURRENT freed 494K, 78% free 1312K/5955K, paused 1ms+2ms
D/dalvikvm( 1326): GC_CONCURRENT freed 395K, 77% free 1426K/5955K, paused 1ms+1ms
D/dalvikvm( 1326): GC_CONCURRENT freed 486K, 78% free 1329K/5955K, paused 1ms+1ms
D/dalvikvm( 1326): GC_CONCURRENT freed 414K, 78% free 1323K/5955K, paused 0ms+1ms
D/dalvikvm( 1326): GC_CONCURRENT freed 403K, 78% free 1350K/5955K, paused 0ms+1ms
D/dalvikvm( 1326): GC_CONCURRENT freed 425K, 76% free 1431K/5955K, paused 1ms+1ms
D/dalvikvm( 1326): GC_CONCURRENT freed 513K, 78% free 1341K/5955K, paused 1ms+0ms
D/dalvikvm( 1326): GC_CONCURRENT freed 419K, 79% free 1308K/5955K, paused 1ms+1ms
D/dalvikvm( 1326): GC_CONCURRENT freed 396K, 77% free 1421K/5955K, paused 1ms+1ms
D/dalvikvm( 1326): GC_CONCURRENT freed 486K, 76% free 1447K/5955K, paused 1ms+1ms
D/dalvikvm( 1326): GC_CONCURRENT freed 526K, 77% free 1425K/5955K, paused 1ms+1ms
D/dalvikvm( 1326): GC_CONCURRENT freed 492K, 76% free 1445K/5955K, paused 0ms+1ms
D/dalvikvm( 1326): GC_CONCURRENT freed 515K, 78% free 1326K/5955K, paused 1ms+1ms
D/dalvikvm( 1326): GC_CONCURRENT freed 413K, 78% free 1318K/5955K, paused 1ms+1ms
D/dalvikvm( 1326): GC_CONCURRENT freed 394K, 76% free 1435K/5955K, paused 0ms+1ms
D/dalvikvm( 1326): GC_CONCURRENT freed 515K, 77% free 1415K/5955K, paused 1ms+1ms
D/HomePlayerLib( 1326): hostaddress count is 2
D/dalvikvm( 1326): GC_CONCURRENT freed 503K, 77% free 1417K/5955K, paused 0ms+1ms
D/dalvikvm( 1326): GC_CONCURRENT freed 498K, 77% free 1401K/5955K, paused 1ms+1ms
D/dalvikvm( 1326): GC_CONCURRENT freed 486K, 78% free 1329K/5955K, paused 1ms+1ms
D/dalvikvm( 1326): GC_CONCURRENT freed 405K, 76% free 1435K/5955K, paused 0ms+1ms
D/dalvikvm( 1326): GC_CONCURRENT freed 511K, 76% free 1436K/5955K, paused 1ms+1ms
D/dalvikvm( 1326): GC_CONCURRENT freed 480K, 76% free 1465K/5955K, paused 1ms+1ms
D/dalvikvm( 1326): GC_CONCURRENT freed 548K, 77% free 1428K/5955K, paused 1ms+1ms
D/dalvikvm( 1326): GC_CONCURRENT freed 512K, 78% free 1354K/5955K, paused 1ms+1ms
D/dalvikvm( 1326): GC_CONCURRENT freed 432K, 76% free 1431K/5955K, paused 1ms+1ms
D/dalvikvm( 1326): GC_CONCURRENT freed 491K, 77% free 1423K/5955K, paused 0ms+1ms
D/dalvikvm( 1326): GC_CONCURRENT freed 504K, 78% free 1344K/5955K, paused 1ms+1ms
D/dalvikvm( 1326): GC_CONCURRENT freed 429K, 78% free 1368K/5955K, paused 1ms+1ms
D/dalvikvm( 1326): GC_CONCURRENT freed 434K, 77% free 1397K/5955K, paused 1ms+1ms
D/dalvikvm( 1326): GC_CONCURRENT freed 473K, 77% free 1412K/5955K, paused 1ms+1ms
D/dalvikvm( 1326): GC_CONCURRENT freed 484K, 76% free 1446K/5955K, paused 1ms+1ms
D/dalvikvm( 1326): GC_CONCURRENT freed 522K, 74% free 1582K/5955K, paused 1ms+1ms
D/dalvikvm( 1326): GC_CONCURRENT freed 658K, 75% free 1503K/5955K, paused 1ms+1ms
D/dalvikvm( 1326): GC_CONCURRENT freed 589K, 78% free 1322K/5955K, paused 1ms+1ms
D/dalvikvm( 1326): GC_CONCURRENT freed 393K, 78% free 1317K/5955K, paused 0ms+1ms
D/dalvikvm( 1326): GC_CONCURRENT freed 403K, 77% free 1425K/5955K, paused 0ms+1ms
D/dalvikvm( 1326): GC_CONCURRENT freed 479K, 78% free 1346K/5955K, paused 1ms+1ms
D/dalvikvm( 1326): GC_CONCURRENT freed 425K, 78% free 1325K/5955K, paused 1ms+1ms
D/dalvikvm( 1326): GC_CONCURRENT freed 411K, 79% free 1300K/5955K, paused 0ms+1ms
D/dalvikvm( 1326): GC_CONCURRENT freed 375K, 78% free 1319K/5955K, paused 0ms+1ms
D/dalvikvm( 1326): GC_CONCURRENT freed 394K, 77% free 1426K/5955K, paused 1ms+1ms
D/dalvikvm( 1326): GC_CONCURRENT freed 501K, 77% free 1390K/5955K, paused 1ms+1ms
D/dalvikvm( 1326): GC_CONCURRENT freed 479K, 79% free 1298K/5955K, paused 1ms+1ms
D/dalvikvm( 1326): GC_CONCURRENT freed 383K, 78% free 1321K/5955K, paused 1ms+1ms
D/dalvikvm( 1326): GC_CONCURRENT freed 394K, 78% free 1320K/5955K, paused 1ms+1ms
D/dalvikvm( 1326): GC_CONCURRENT freed 394K, 78% free 1319K/5955K, paused 1ms+1ms
D/dalvikvm( 1326): GC_CONCURRENT freed 393K, 78% free 1320K/5955K, paused 1ms+1ms

[ 1402.157530] IR: [03932] scan key value is 0xf10ec936 
[ 1402.157534]  
[ 1402.210113] IR: [03932] scan key value is 0xf10ec936 
[ 1402.210118]  V/TabletStatusBar( 1141): setLightsOn(true)
D/dalvikvm( 1326): GC_CONCURRENT freed 396K, 78% free 1334K/5955K, paused 1ms+3ms
D/InputEventConsistencyVerifier( 1983): KeyEvent: ACTION_UP but key was not down.
D/InputEventConsistencyVerifier( 1983):   in Handler (android.view.ViewRootImpl) {416b6f10}
D/InputEventConsistencyVerifier( 1983):   0: sent at 1402376000000, KeyEvent { action=ACTION_UP, keyCode=KEYCODE_BACK, scanCode=158, metaState=0, flags=0x8, repeatCount=0, eventTime=1402376, downTime=1402163, deviceId=1, source=0x101 }
D/InputEventConsistencyVerifier( 1983):   -- recent events --
D/InputEventConsistencyVerifier( 1983):   1: sent at 451052000000, KeyEvent { action=ACTION_UP, keyCode=KEYCODE_ENTER, scanCode=28, metaState=0, flags=0x8, repeatCount=0, eventTime=451052, downTime=450841, deviceId=1, source=0x101 }
D/InputEventConsistencyVerifier( 1983):   2: sent at 450841000000, KeyEvent { action=ACTION_DOWN, keyCode=KEYCODE_ENTER, scanCode=28, metaState=0, flags=0x8, repeatCount=0, eventTime=450841, downTime=450841, deviceId=1, source=0x101 }
I/WifiDirectSetting( 1983): --------------UnregisterWifidisplayReceiver------------
I/WifiApSetting( 1983): ---------------UnregisterWifiApReceiver--------------
E/ActivityThread( 1983): Activity com.coship.dvbsetting.netsetting.netSet has leaked ServiceConnection android.bluetooth.BluetoothHeadset$1@41555ab0 that was originally bound here
E/ActivityThread( 1983): android.app.ServiceConnectionLeaked: Activity com.coship.dvbsetting.netsetting.netSet has leaked ServiceConnection android.bluetooth.BluetoothHeadset$1@41555ab0 that was originally bound here
E/ActivityThread( 1983):        at android.app.LoadedApk$ServiceDispatcher.<init>(LoadedApk.java:936)
E/ActivityThread( 1983):        at android.app.LoadedApk.getServiceDispatcher(LoadedApk.java:830)
E/ActivityThread( 1983):        at android.app.ContextImpl.bindService(ContextImpl.java:1142)
E/ActivityThread( 1983):        at android.content.ContextWrapper.bindService(ContextWrapper.java:370)
E/ActivityThread( 1983):        at android.bluetooth.BluetoothHeadset.<init>(BluetoothHeadset.java:231)
E/ActivityThread( 1983):        at android.bluetooth.BluetoothAdapter.getProfileProxy(BluetoothAdapter.java:1168)
E/ActivityThread( 1983):        at com.coship.dvbsetting.bluetooth.HeadsetProfile.<init>(HeadsetProfile.java:111)
E/ActivityThread( 1983):        at com.coship.dvbsetting.netsetting.BluetoothSet.init(BluetoothSet.java:160)
E/ActivityThread( 1983):        at com.coship.dvbsetting.netsetting.BluetoothSet.<init>(BluetoothSet.java:131)
E/ActivityThread( 1983):        at com.coship.dvbsetting.netsetting.BluetoothSet.getInstance(BluetoothSet.java:110)
E/ActivityThread( 1983):        at com.coship.dvbsetting.netsetting.netSet.onCreate(netSet.java:81)
E/ActivityThread( 1983):        at android.app.Activity.performCreate(Activity.java:4465)
E/ActivityThread( 1983):        at android.app.Instrumentation.callActivityOnCreate(Instrumentation.java:1049)
E/ActivityThread( 1983):        at android.app.ActivityThread.performLaunchActivity(ActivityThread.java:1920)
E/ActivityThread( 1983):        at android.app.ActivityThread.handleLaunchActivity(ActivityThread.java:1981)
E/ActivityThread( 1983):        at android.app.ActivityThread.access$600(ActivityThread.java:123)
E/ActivityThread( 1983):        at android.app.ActivityThread$H.handleMessage(ActivityThread.java:1147)
E/ActivityThread( 1983):        at android.os.Handler.dispatchMessage(Handler.java:99)
E/ActivityThread( 1983):        at android.os.Looper.loop(Looper.java:137)
E/ActivityThread( 1983):        at android.app.ActivityThread.main(ActivityThread.java:4424)
E/ActivityThread( 1983):        at java.lang.reflect.Method.invokeNative(Native Method)
E/ActivityThread( 1983):        at java.lang.reflect.Method.invoke(Method.java:511)
E/ActivityThread( 1983):        at com.android.internal.os.ZygoteInit$MethodAndArgsCaller.run(ZygoteInit.java:848)
E/ActivityThread( 1983):        at com.android.internal.os.ZygoteInit.main(ZygoteInit.java:575)
E/ActivityThread( 1983):        at dalvik.system.NativeStart.main(Native Method)
W/ActivityManager(  939): Unbind failed: could not find connection for android.os.BinderProxy@41658c40

[ 1403.443065] IR: [03932] scan key value is 0xf10ec936 
[ 1403.443070]  I/main_setcenter( 1983): BackDoorIndex:0
I/main_setcenter( 1983): BackDoorKey[BackDoorIndex]:21
I/main_setcenter( 1983): KeyCode:4

[ 1403.495635] IR: [03932] scan key value is 0xf10ec936 
[ 1403.495640]  W/InputManagerService(  939): Starting input on non-focused client com.android.internal.view.IInputMethodClient$Stub$Proxy@4162d6b0 (uid=1000 pid=1983)
D/InputEventConsistencyVerifier( 1238): KeyEvent: ACTION_UP but key was not down.
D/InputEventConsistencyVerifier( 1238):   in Handler (android.view.ViewRootImpl) {41933578}
D/InputEventConsistencyVerifier( 1238):   0: sent at 1403660000000, KeyEvent { action=ACTION_UP, keyCode=KEYCODE_BACK, scanCode=158, metaState=0, flags=0x8, repeatCount=0, eventTime=1403660, downTime=1403448, deviceId=1, source=0x101 }
D/InputEventConsistencyVerifier( 1238):   -- recent events --
D/InputEventConsistencyVerifier( 1238):   1: sent at 311108000000, KeyEvent { action=ACTION_UP, keyCode=KEYCODE_ENTER, scanCode=28, metaState=0, flags=0x8, repeatCount=0, eventTime=311108, downTime=310894, deviceId=1, source=0x101 }
D/InputEventConsistencyVerifier( 1238):   2: sent at 310894000000, KeyEvent { action=ACTION_DOWN, keyCode=KEYCODE_ENTER, scanCode=28, metaState=0, flags=0x8, repeatCount=0, eventTime=310894, downTime=310894, deviceId=1, source=0x101 }
D/InputEventConsistencyVerifier( 1238):   3: sent at 310676000000, KeyEvent { action=ACTION_UP, keyCode=KEYCODE_DPAD_DOWN, scanCode=108, metaState=0, flags=0x8, repeatCount=0, eventTime=310676, downTime=310463, deviceId=1, source=0x101 }
D/InputEventConsistencyVerifier( 1238):   4: sent at 310463000000, KeyEvent { action=ACTION_DOWN, keyCode=KEYCODE_DPAD_DOWN, scanCode=108, metaState=0, flags=0x8, repeatCount=0, eventTime=310463, downTime=310463, deviceId=1, source=0x101 }
D/InputEventConsistencyVerifier( 1238):   5: sent at 309848000000, KeyEvent { action=ACTION_UP, keyCode=KEYCODE_DPAD_RIGHT, scanCode=106, metaState=0, flags=0x8, repeatCount=0, eventTime=309848, downTime=309687, deviceId=1, source=0x101 }

[ 1404.212655] IR: [03932] scan key value is 0xed12c936 
[ 1404.212660]  
[ 1404.265218] IR: [03932] scan key value is 0xed12c936 
[ 1404.265223]  
[ 1404.373484] IR: [03932] scan key value is 0xed12c936 
[ 1404.373489]  D/InputEventConsistencyVerifier( 1238): KeyEvent: ACTION_UP but key was not down.
D/InputEventConsistencyVerifier( 1238):   in com.coship.cibn.view.ScaleViewPanel@41928be8
D/InputEventConsistencyVerifier( 1238):   0: sent at 1404540000000, KeyEvent { action=ACTION_UP, keyCode=KEYCODE_DPAD_LEFT, scanCode=105, metaState=0, flags=0x8, repeatCount=0, eventTime=1404540, downTime=1404218, deviceId=1, 
[ 1404.591641] IR: [03932] scan key value is 0xed12c936 
[ 1404.591646]  source=0x101 }
D/SlideManagerRootImpl( 1238): stop = 0
D/SlideManagerRootImpl( 1238): stop = 0
I/ViewFlow( 1238): h:9890 ,v:0 ,oldh:9920 ,oldv:0
I/ViewFlow( 1238
[ 1404.644210] IR: [03932] scan key value is 0xed12c936 
[ 1404.644215]  ): h:9746 ,v:0 ,oldh:9890 ,oldv:0
I/ViewFlow( 1238): h:9100 ,v:0 ,oldh:9746 ,oldv:0
I/ViewFlow( 1238): h:8858 ,v:0 ,oldh:9100 ,oldv:0
I/ViewFlow( 1238): h:8830 ,v:0 ,oldh:8858 ,oldv:0
I/ViewFlow( 1238): h:8533 ,v:0 ,oldh:8830 ,oldv:0
I/ViewFlow( 1238): h:8511 ,v:0 ,oldh:8533 ,oldv:0
I/ViewFlow( 1238): h:8249 ,v:0 ,oldh:8511 ,oldv:0
I/ViewFlow( 1238): h:7961 ,v:0 ,oldh:8249 ,oldv:0
I/ViewFlow( 1238): h:7950 ,v:0 ,oldh:7961 ,oldv:0
I/ViewFlow( 1238): h:7849 ,v:0 ,oldh:7950 ,oldv:0
I/ViewFlow( 1238): h:7749 ,v:0 ,
[ 1404.752470] IR: [03932] scan key value is 0xed12c936 
[ 1404.752474]  oldh:7849 ,oldv:0
I/ViewFlow( 1238): h:7743 ,v:0 ,oldh:7749 ,oldv:0
I/ViewFlow( 1238): h:7606 ,v:0 ,oldh:7743 ,oldv:0
I/ViewFlow( 1238): h:7565 ,v:0 ,oldh:7606 ,oldv:0
I/ViewFlow( 1238): h:7532 ,v:0 ,oldh:7565 ,oldv:0
I/ViewFlow( 1238): h:7530 ,v:0 ,oldh:7532 ,oldv:0
I/ViewFlow( 1238): h:7508 ,v:0 ,oldh:7530 ,oldv:0
I/ViewFlow( 1238): h:7489 ,v:0 ,oldh:7508 ,oldv:0
I/ViewFlow( 1238): h:7488 ,v:0 ,oldh:7489 ,oldv:0
I/ViewFlow( 1238): h:7475 ,v:0 ,oldh:7488 ,oldv:0
I/ViewFlow( 1238): h:7474 ,v:0 ,oldh:7475 ,oldv:0
I/ViewFlow( 1238): h:7459 ,v:0 ,oldh:7474 ,oldv:0
I/ViewFlow( 1238): h:7455 ,v:0 ,oldh:7459 ,oldv:0
I/ViewFlow( 1238): h:7446 ,v:0 ,oldh:7455 ,oldv:0
I/ViewFlow( 1238): h:7445 ,v:0 ,oldh:7446 ,oldv:0
D/InputEventConsistencyVerifier( 1238): KeyEvent: ACTION_UP but key was not down.
D/InputEventConsistencyVerifier( 1238):   in android.support.v4.widget.StaggeredGridView@41930b38
D/InputEventConsistencyVerifier( 1238):   0: sent at 1404920000000, KeyEvent { action=ACTION_UP, keyCode=KEYCODE_DPAD_LEFT, scanCode=105, metaState=0, flags=0x8, repeatCount=0, eventTime=1404920, downTime=1404598, deviceId=1, source=0x101 }
I/ViewFlow( 1238): h:7443 ,v:0 ,oldh:7445 ,oldv:0
I/ViewFlow( 1238): h:7442 ,v:0 ,oldh:7443 ,oldv:0
I/ViewFlow( 1238): h:7440 ,v:0 ,oldh:7442 ,oldv:0
D/MainActivity( 1238): position = 3

[ 1405.216058] IR: [03932] scan key value is 0xed12c936 
[ 1405.216063]  
[ 1405.268629] IR: [03932] scan key value is 0xed12c936 
[ 1405.268634]  D/InputEventConsistencyVerifier( 1238): KeyEvent: ACTION_UP but key was not down.
D/InputEventConsistencyVerifier( 1238):   in com.coship.cibn.view.ScaleViewPanel@41a98728
D/InputEventConsistencyVerifier( 1238):   0: sent at 1405432000000, KeyEvent { action=ACTION_UP, keyCode=KEYCODE_DPAD_LEFT, scanCode=105, metaState=0, flags=0x8, repeatCount=0, eventTime=1405432, downTime=1405221, deviceId=1, source=0x101 }

[ 1405.749428] IR: [03932] scan key value is 0xed12c936 
[ 1405.749433]  
[ 1405.801996] IR: [03932] scan key value is 0xed12c936 
[ 1405.802001]  D/InputEventConsistencyVerifier( 1238): KeyEvent: ACTION_UP but key was not down.
D/InputEventConsistencyVerifier( 1238):   in com.coship.cibn.view.ScaleViewPanel@41c03898
D/InputEventConsistencyVerifier( 1238):   0: sent at 1405968000000, KeyEvent { action=ACTION_UP, keyCode=KEYCODE_DPAD_LEFT, scanCode=105, metaState=0, flags=0x8, repeatCount=0, eventTime=1405968, downTime=1405755, deviceId=1, source=0x101 }

[ 1406.378878] IR: [03932] scan key value is 0xed12c936 
[ 1406.378883]  
[ 1406.431444] IR: [03932] scan key value is 0xed12c936 
[ 1406.431449]  D/InputEventConsistencyVerifier( 1238): KeyEvent: ACTION_UP but key was not down.
D/InputEventConsistencyVerifier( 1238):   in com.coship.cibn.view.ScaleViewPanel@41c03240
D/InputEventConsistencyVerifier( 1238):   0: sent at 1406596000000, KeyEvent { action=ACTION_UP, keyCode=KEYCODE_DPAD_LEFT, scanCode=105, metaState=0, flags=0x8, repeatCount=0, eventTime=1406596, downTime=1406384, deviceId=1, source=0x101 }

[ 1406.823692] IR: [03932] scan key value is 0xed12c936 
[ 1406.823698]  D/SlideManagerRootImpl( 1238): stop = 0
D/SlideManagerRootImpl( 1238): stop = 0
I/ViewFlow( 1238): h:7394 ,v:0 ,oldh:7440 ,oldv:0
I/ViewFlow( 1238): h:7384 ,v:0 ,oldh:7394 ,oldv:0
I/ViewFlow( 1238): h:7266 ,v:0 ,oldh:7384 ,oldv:0
I/ViewFlow( 1238): h:7249 ,v:0 ,oldh:7266 ,oldv:0
I/ViewFlow( 1
[ 1406.876261] IR: [03932] scan key value is 0xed12c936 
[ 1406.876266]  238): h:7093 ,v:0 ,oldh:7249 ,oldv:0
I/ViewFlow( 1238): h:7071 ,v:0 ,oldh:7093 ,oldv:0
I/ViewFlow( 1238): h:6496 ,v:0 ,oldh:7071 ,oldv:0
I/ViewFlow( 1238): h:6053 ,v:0 ,oldh:6496 ,oldv:0
I/ViewFlow( 1238): h:6031 ,v:0 ,oldh:6053 ,oldv:0
I/ViewFlow( 1238): h:5819 ,v:0 ,oldh:6031 ,oldv:0
I/ViewFlow( 1238): h:5802 ,v:0 ,oldh:5819 ,oldv:0
I/ViewFlow( 1238): h:5609 ,v:0 ,oldh:5802 ,oldv:0
I/ViewFlow( 1238): h:5378 ,v:0 ,oldh:5609 ,oldv:0
I/ViewFlow( 1238): h:5369 ,v:0 ,oldh:5378 ,oldv:0
I/ViewFlow( 1238): h:5269 ,v:0 ,oldh:5369 ,oldv:0
I/ViewFlow( 1238): h:5143 ,v:0 ,oldh:5269 ,oldv:0
I/ViewFlow( 1238): h:5098 ,v:0 ,oldh:5143 ,oldv:0
I/ViewFlow( 1238): h:5040 ,v:0 ,oldh:5098 ,oldv:0
I/ViewFlow( 1238): h:5038 ,v:0 ,oldh:5040 ,oldv:0
I/ViewFlow( 1238): h:5018 ,v:0 ,oldh:5038 ,oldv:0
D/InputEventConsistencyVerifier( 1238): KeyEvent: ACTION_UP but key was not down.
D/InputEventConsistencyVerifier( 1238):   in android.support.v4.widget.StaggeredGridView@4192f9c0
D/InputEventConsistencyVerifier( 1238):   0: sent at 1407044000000, KeyEvent { action=ACTION_UP, keyCode=KEYCODE_DPAD_LEFT, scanCode=105, metaState=0, flags=0x8, repeatCount=0, eventTime=1407044, downTime=1406829, deviceId=1, source=0x101 }
I/ViewFlow( 1238): h:5001 ,v:0 ,oldh:5018 ,oldv:0
I/ViewFlow( 1238): h:5000 ,v:0 ,oldh:5001 ,oldv:0
I/ViewFlow( 1238): h:4983 ,v:0 ,oldh:5000 ,oldv:0
I/ViewFlow( 1238): h:4982 ,v:0 ,oldh:4983 ,oldv:0
I/ViewFlow( 1238): h:4976 ,v:0 ,oldh:4982 ,oldv:0
I/ViewFlow( 1238): h:4971 ,v:0 ,oldh:4976 ,oldv:0
I/ViewFlow( 1238): h:4966 ,v:0 ,oldh:4971 ,oldv:0
I/ViewFlow( 1238): h:4964 ,v:0 ,oldh:4966 ,oldv:0
I/ViewFlow( 1238): h:4962 ,v:0 ,oldh:4964 ,oldv:0
D/HomePlayerLib( 1326): hostaddress count is 2
I/ViewFlow( 1238): h:4961 ,v:0 ,oldh:4962 ,oldv:0
D/dalvikvm( 1326): GC_CONCURRENT freed 418K, 76% free 1437K/5955K, paused 1ms+1ms
I/ViewFlow( 1238): h:4960 ,v:0 ,oldh:4961 ,oldv:0
D/MainActivity( 1238): position = 2
D/dalvikvm( 1326): GC_CONCURRENT freed 514K, 78% free 1324K/5955K, paused 1ms+1ms
D/dalvikvm( 1326): GC_CONCURRENT freed 396K, 78% free 1318K/5955K, paused 1ms+1ms
D/dalvikvm( 1326): GC_CONCURRENT freed 403K, 79% free 1306K/5955K, paused 0ms+1ms
D/dalvikvm( 1326): GC_CONCURRENT freed 382K, 78% free 1351K/5955K, paused 0ms+1ms
D/dalvikvm( 1326): GC_CONCURRENT freed 428K, 78% free 1323K/5955K, paused 1ms+1ms
D/dalvikvm( 1326): GC_CONCURRENT freed 406K, 79% free 1302K/5955K, paused 0ms+1ms
D/dalvikvm( 1326): GC_CONCURRENT freed 371K, 77% free 1391K/5955K, paused 1ms+1ms
D/dalvikvm( 1326): GC_CONCURRENT freed 447K, 78% free 1335K/5955K, paused 1ms+1ms
D/dalvikvm( 1326): GC_CONCURRENT freed 409K, 78% free 1338K/5955K, paused 1ms+1ms
D/dalvikvm( 1326): GC_CONCURRENT freed 410K, 77% free 1410K/5955K, paused 1ms+1ms
D/dalvikvm( 1326): GC_CONCURRENT freed 481K, 78% free 1324K/5955K, paused 1ms+1ms
D/dalvikvm( 1326): GC_CONCURRENT freed 389K, 78% free 1339K/5955K, paused 1ms+2ms
D/dalvikvm( 1326): GC_CONCURRENT freed 399K, 77% free 1396K/5955K, paused 1ms+1ms
D/dalvikvm( 1326): GC_CONCURRENT freed 521K, 77% free 1387K/5955K, paused 1ms+1ms
D/dalvikvm( 1326): GC_CONCURRENT freed 465K, 78% free 1321K/5955K, paused 1ms+1ms
D/dalvikvm( 1326): GC_CONCURRENT freed 393K, 76% free 1430K/5955K, paused 1ms+1ms
D/dalvikvm( 1326): GC_CONCURRENT freed 514K, 77% free 1410K/5955K, paused 1ms+1ms
D/dalvikvm( 1326): GC_CONCURRENT freed 481K, 77% free 1424K/5955K, paused 1ms+1ms
D/dalvikvm( 1326): GC_CONCURRENT freed 490K, 78% free 1322K/5955K, paused 1ms+1ms
D/dalvikvm( 1326): GC_CONCURRENT freed 393K, 78% free 1333K/5955K, paused 1ms+1ms
D/dalvikvm( 1326): GC_CONCURRENT freed 405K, 78% free 1321K/5955K, paused 1ms+1ms
D/dalvikvm( 1326): GC_CONCURRENT freed 395K, 78% free 1319K/5955K, paused 1ms+1ms
D/dalvikvm( 1326): GC_CONCURRENT freed 393K, 78% free 1320K/5955K, paused 1ms+1ms





^C
130|shell@android:/ $ 
130|shell@android:/ $ 
130|shell@android:/ $ 
130|shell@android:/ $ 
130|shell@android:/ $ su
shell@android:/ # 
shell@android:/ # cd data/data
shell@android:/data/data # ll
drwxr-x--x app_2    app_2             2007-01-02 04:12 com.aidufei.cibn.uploadchecker
drwxr-x--x app_0    app_0             2013-04-24 11:28 com.aidufei.movieonline
drwxr-x--x app_3    app_3             2007-01-02 04:11 com.android.backupconfirm
drwxr-x--x app_4    app_4             2007-01-02 04:11 com.android.bluetooth
drwxr-x--x app_5    app_5             2007-01-02 04:11 com.android.browser
drwxr-x--x app_8    app_8             2007-01-02 04:11 com.android.certinstaller
drwxr-x--x app_1    app_1             2007-01-02 04:11 com.android.contacts
drwxr-x--x app_10   app_10            2013-04-24 10:59 com.android.defcontainer
drwxr-x--x app_11   app_11            2007-01-02 04:11 com.android.development
drwxr-x--x app_15   app_15            2007-01-02 04:11 com.android.htmlviewer
drwxr-x--x app_22   app_22            2007-01-02 04:22 com.android.inputmethod.pinyin
drwxr-x--x system   system            2013-04-24 10:59 com.android.keychain
drwxr-x--x app_28   app_28            2007-01-02 04:11 com.android.musicvis
drwxr-x--x app_20   app_20            2007-01-02 04:11 com.android.packageinstaller
drwxr-x--x app_1    app_1             2007-01-02 04:11 com.android.providers.applications
drwxr-x--x app_7    app_7             2007-01-02 04:12 com.android.providers.calendar
drwxr-x--x app_1    app_1             2007-01-02 04:12 com.android.providers.contacts
drwxr-x--x app_12   app_12            2007-01-02 04:12 com.android.providers.downloads
drwxr-x--x app_12   app_12            2007-01-02 04:11 com.android.providers.downloads.ui
drwxr-x--x app_12   app_12            2007-01-02 04:11 com.android.providers.drm
drwxr-x--x app_12   app_12            2007-01-02 04:12 com.android.providers.media
drwxr-x--x system   system            2007-01-02 04:11 com.android.providers.settings
drwxr-x--x radio    radio             2007-01-02 04:12 com.android.providers.telephony
drwxr-x--x app_1    app_1             2007-01-02 04:11 com.android.providers.userdictionary
drwxr-x--x app_23   app_23            2007-01-02 04:12 com.android.provision
drwxr-x--x system   system            2007-01-02 04:11 com.android.settings
drwxr-x--x app_24   app_24            2007-01-02 04:11 com.android.sharedstoragebackup
drwxr-x--x app_25   app_25            2007-01-02 04:11 com.android.soundrecorder
drwxr-x--x app_26   app_26            2007-01-02 04:11 com.android.speechrecorder
drwxr-x--x system   system            2007-01-02 04:11 com.android.systemui
drwxr-x--x system   system            2007-01-02 04:11 com.android.vpndialogs
drwxr-x--x app_16   app_16            2007-01-02 04:11 com.android.wallpaper
drwxr-x--x app_17   app_17            2007-01-02 04:11 com.android.wallpaper.livepicker
drwxr-x--x app_29   app_29            2007-01-02 04:22 com.biaoqi.stbwidget.host
drwxr-x--x system   system            2007-01-02 04:11 com.coship.HS
drwxr-x--x system   system            2007-01-02 04:11 com.coship.Multimedia
drwxr-x--x system   system            2007-01-02 04:11 com.coship.NetworkNavigation
drwxr-x--x system   system            2007-01-02 04:11 com.coship.TestApp
drwxr-x--x system   system            2007-01-02 04:11 com.coship.adjustthevolume
drwxr-x--x app_9    app_9             2007-01-02 04:11 com.coship.app.vaf
drwxr-x--x app_34   app_34            2007-01-02 04:12 com.coship.changetheaudiooutput
drwxr-x--x app_6    app_6             2007-01-02 04:12 com.coship.cibn
drwxr-x--x system   system            2007-01-02 04:11 com.coship.cw880
drwxr-x--x app_35   app_35            2007-01-02 04:11 com.coship.dvbplayer
drwxr-x--x system   system            2007-01-02 04:12 com.coship.dvbsetting
drwxr-x--x app_13   app_13            2007-01-02 04:12 com.coship.easycontrolime
drwxr-x--x system   system            2013-04-24 13:45 com.coship.netfirmware
drwxr-x--x system   system            2013-04-24 12:26 com.coship.sdp.sce.tvappstore
drwxr-x--x system   system            2007-01-02 04:11 com.coship.startwizard
drwxr-x--x system   system            2007-01-02 04:11 com.coship.stpservice
drwxr-x--x app_36   app_36            2007-01-02 04:11 com.coship.trafficmonitor
drwxr-x--x app_14   app_14            2007-01-02 04:12 com.google.android.gsf
drwxr-x--x app_14   app_14            2007-01-02 04:12 com.google.android.location
drwxr-x--x app_27   app_27            2007-01-02 04:12 com.iflytek.speech
drwxr-x--x app_30   app_30            2007-01-02 04:12 com.iflytek.vaf
drwxr-x--x app_32   app_32            2007-01-02 04:12 com.iflytek.vaf.TouchKey
drwxr-x--x app_31   app_31            2007-01-02 04:12 com.iflytek.xiri.recorder.svc
drwxr-x--x app_33   app_33            2007-01-02 04:12 com.iflytek.xiri.remotecmd
drwxr-x--x app_18   app_18            2007-01-02 04:11 com.mstar.appwidget
drwxr-x--x app_19   app_19            2007-01-02 04:11 com.mstar.dbprovider
drwxr-x--x app_38   app_38            2007-01-02 04:11 com.mstar.miscsetting
drwxr-x--x app_21   app_21            2013-04-24 10:59 com.svox.pico
drwxr-x--x app_37   app_37            2007-01-02 04:11 mstar.factorymenu.ui
shell@android:/data/data # cd com.coship.cibn
shell@android:/data/data/com.coship.cibn # ll
drwxrwx--x app_6    app_6             2007-01-02 04:22 cache
drwxrwx--x app_6    app_6             2007-01-02 04:12 databases
drwxr-xr-x system   system            2007-01-02 04:11 lib
shell@android:/data/data/com.coship.cibn # cd cache
shell@android:/data/data/com.coship.cibn/cache # ll
drwx------ app_6    app_6             2007-01-01 20:00 cibn
drwx------ app_6    app_6             2007-01-02 04:22 conf
drwx------ app_6    app_6             2007-01-02 04:12 version
shell@android:/data/data/com.coship.cibn/cache # cat version
version: invalid length
1|shell@android:/data/data/com.coship.cibn/cache # 
1|shell@android:/data/data/com.coship.cibn/cache # ll
drwx------ app_6    app_6             2007-01-01 20:00 cibn
drwx------ app_6    app_6             2007-01-02 04:22 conf
drwx------ app_6    app_6             2007-01-02 04:12 version
shell@android:/data/data/com.coship.cibn/cache # cd version
shell@android:/data/data/com.coship.cibn/cache/version # ll
-rw------- app_6    app_6          25 2007-01-01 20:00 verinfo
at verinfo                                                                    <
verCode:17|verName:1.1.17shell@android:/data/data/com.coship.cibn/cache/version # 
[ 1650.165867] IR: [03932] scan key value is 0xeb14c936 
[ 1650.165872]  
[ 1650.218436] IR: [03932] scan key value is 0xeb14c936 
[ 1650.218441]  
[ 1650.740287] IR: [03932] scan key value is 0xed12c936 
[ 1650.740292]  
[ 1650.792864] IR: [03932] scan key value is 0xed12c936 
[ 1650.792869]  
[ 1651.135844] IR: [03932] scan key value is 0xed12c936 
[ 1651.135848]  
[ 1651.188414] IR: [03932] scan key value is 0xed12c936 
[ 1651.188419]  
[ 1651.487620] IR: [03932] scan key value is 0xed12c936 
[ 1651.487624]  
[ 1651.540189] IR: [03932] scan key value is 0xed12c936 
[ 1651.540194]  
[ 1651.938133] IR: [03932] scan key value is 0xed12c936 
[ 1651.938138]  
[ 1651.990712] IR: [03932] scan key value is 0xed12c936 
[ 1651.990717]  
[ 1653.889648] IR: [03932] scan key value is 0xec13c936 
[ 1653.889653]  
[ 1653.942219] IR: [03932] scan key value is 0xec13c936 
[ 1653.942224]  
[ 1728.057190] IR: [03932] scan key value is 0xeb14c936 
[ 1728.057195]  
[ 1728.109763] IR: [03932] scan key value is 0xeb14c936 
[ 1728.109768]  
[ 1728.659261] IR: [03932] scan key value is 0xec13c936 
[ 1728.659266]  
[ 1728.711842] IR: [03932] scan key value is 0xec13c936 
[ 1728.711847]  
[ 1733.018209] IR: [03932] scan key value is 0xf10ec936 
[ 1733.018213]  
[ 1733.070778] IR: [03932] scan key value is 0xf10ec936 
[ 1733.070783]  
[ 1734.117047] IR: [03932] scan key value is 0xf10ec936 
[ 1734.117051]  
[ 1734.169629] IR: [03932] scan key value is 0xf10ec936 
[ 1734.169634]  
[ 1735.384378] IR: [03932] scan key value is 0xed12c936 
[ 1735.384383]  
[ 1735.436959] IR: [03932] scan key value is 0xed12c936 
[ 1735.436964]  
[ 1736.430347] IR: [03932] scan key value is 0xed12c936 
[ 1736.430353]  
[ 1736.482922] IR: [03932] scan key value is 0xed12c936 
[ 1736.482927]  
[ 1737.395010] IR: [03932] scan key value is 0xea15c936 
[ 1737.395015]  
[ 1737.447557] IR: [03932] scan key value is 0xea15c936 
[ 1737.447562]  
shell@android:/data/data/com.coship.cibn/cache/version # 
shell@android:/data/data/com.coship.cibn/cache/version # 
shell@android:/data/data/com.coship.cibn/cache/version #                       
[ 1851.481615] IR: [03932] scan key value is 0xec13c936 
[ 1851.481620]  
[ 1851.534026] IR: [03932] scan key value is 0xec13c936 
[ 1851.534031]  
[ 1851.642100] IR: [03932] scan key value is 0xec13c936 
[ 1851.642103]  
[ 1876.159252] IR: [03932] scan key value is 0xeb14c936 
[ 1876.159257]  
[ 1876.211666] IR: [03932] scan key value is 0xeb14c936 
[ 1876.211671]  
[ 1877.610410] IR: [03932] scan key value is 0xf10ec936 
[ 1877.610416]  
[ 1877.662824] IR: [03932] scan key value is 0xf10ec936 
[ 1877.662828]  
[ 1878.857998] IR: [03932] scan key value is 0xec13c936 
[ 1878.858003]  
[ 1878.910409] IR: [03932] scan key value is 0xec13c936 
[ 1878.910413]  
[ 1880.640997] IR: [03932] scan key value is 0xeb14c936 
[ 1880.641001]  
[ 1880.693434] IR: [03932] scan key value is 0xeb14c936 
[ 1880.693439]  
[ 1880.801510] IR: [03932] scan key value is 0xeb14c936 
[ 1880.801514]  
[ 1881.510555] IR: [03932] scan key value is 0xed12c936 
[ 1881.510560]  
[ 1881.563018] IR: [03932] scan key value is 0xed12c936 
[ 1881.563022]  
[ 1884.230089] IR: [03932] scan key value is 0xeb14c936 
[ 1884.230094]  
[ 1884.282479] IR: [03932] scan key value is 0xeb14c936 
[ 1884.282483]  
[ 1884.390562] IR: [03932] scan key value is 0xeb14c936 
[ 1884.390566]  
[ 1885.814557] IR: [03932] scan key value is 0xee11c936 
[ 1885.814562]  
[ 1885.866973] IR: [03932] scan key value is 0xee11c936 
[ 1885.866978]  
[ 1886.558596] IR: [03932] scan key value is 0xed12c936 
[ 1886.558601]  
[ 1887.458732] IR: [03932] scan key value is 0xeb14c936 
[ 1887.458737]  
[ 1887.511174] IR: [03932] scan key value is 0xeb14c936 
[ 1887.511179]  
[ 1888.308121] IR: [03932] scan key value is 0xea15c936 
[ 1888.308126]  
[ 1888.360563] IR: [03932] scan key value is 0xea15c936 
[ 1888.360567]  
[ 1888.468640] IR: [03932] scan key value is 0xea15c936 
[ 1888.468644]  
[ 1889.066179] IR: [03932] scan key value is 0xea15c936 
[ 1889.066184]  
[ 1889.118636] IR: [03932] scan key value is 0xea15c936 
[ 1889.118641]  
[ 1889.583148] IR: [03932] scan key value is 0xed12c936 
[ 1889.583153]  
[ 1889.635612] IR: [03932] scan key value is 0xed12c936 
[ 1889.635617]  
[ 1890.068893] IR: [03932] scan key value is 0xec13c936 
[ 1890.068897]  
[ 1890.121334] IR: [03932] scan key value is 0xec13c936 
[ 1890.121338]  
[ 1892.859069] IR: [03932] scan key value is 0xeb14c936 
[ 1892.859074]  
[ 1892.911503] IR: [03932] scan key value is 0xeb14c936 
[ 1892.911508]  
[ 1893.822389] IR: [03932] scan key value is 0xeb14c936 
[ 1893.822394]  
[ 1893.874825] IR: [03932] scan key value is 0xeb14c936 
[ 1893.874830]  
[ 1900.555511] IR: [03932] scan key value is 0xec13c936 
[ 1900.555516]  
[ 1901.064562] IR: [03932] scan key value is 0xec13c936 
[ 1901.064566]  
[ 1901.117029] IR: [03932] scan key value is 0xec13c936 
[ 1901.117034]  
[ 1903.765460] IR: [03932] scan key value is 0xf10ec936 
[ 1903.765465]  
[ 1903.817880] IR: [03932] scan key value is 0xf10ec936 
[ 1903.817886]  
[ 1905.142043] IR: [03932] scan key value is 0xee11c936 
[ 1905.142048]  
[ 1905.194461] IR: [03932] scan key value is 0xee11c936 
[ 1905.194466]  
[ 1905.684958] IR: [03932] scan key value is 0xec13c936 
[ 1905.684963]  
[ 1905.737374] IR: [03932] scan key value is 0xec13c936 
[ 1905.737379]  
[ 2161.619865] IR: [03932] scan key value is 0xed12c936 
[ 2161.619869]  
[ 2161.672280] IR: [03932] scan key value is 0xed12c936 
[ 2161.672285]  
[ 2161.913237] IR: [03932] scan key value is 0xed12c936 
[ 2161.913241]  
[ 2162.099685] IR: [03932] scan key value is 0xec13c936 
[ 2162.099690]  
[ 2162.152070] IR: [03932] scan key value is 0xec13c936 
[ 2162.152075]  
[ 2166.595396] IR: [03932] scan key value is 0xe41bc936 
[ 2166.595401]  
[ 2166.647813] IR: [03932] scan key value is 0xe41bc936 
[ 2166.647818]  
[ 2168.075505] IR: [03932] scan key value is 0xeb14c936 
[ 2168.075509]  
[ 2168.285088] IR: [03932] scan key value is 0xeb14c936 
[ 2168.285093]  
[ 2168.534726] IR: [03932] scan key value is 0xeb14c936 
[ 2168.534732]  
[ 2168.762432] IR: [03932] scan key value is 0xeb14c936 
[ 2168.762437]  
[ 2169.107630] IR: [03932] scan key value is 0xed12c936 
[ 2169.107635]  
[ 2169.160044] IR: [03932] scan key value is 0xed12c936 
[ 2169.160049]  
[ 2169.268121] IR: [03932] scan key value is 0xed12c936 
[ 2169.268126]  
[ 2169.376199] IR: [03932] scan key value is 0xed12c936 
[ 2169.376203]  
[ 2170.172514] IR: [03932] scan key value is 0xea15c936 
[ 2170.172519]  
[ 2170.224951] IR: [03932] scan key value is 0xea15c936 
[ 2170.224956]  
[ 2170.333028] IR: [03932] scan key value is 0xea15c936 
[ 2170.333033]  
[ 2170.945483] IR: [03932] scan key value is 0xeb14c936 
[ 2170.945487]  
[ 2171.144836] IR: [03932] scan key value is 0xeb14c936 
[ 2171.144841]  
[ 2171.394780] IR: [03932] scan key value is 0xed12c936 
[ 2171.394785]  
[ 2171.447191] IR: [03932] scan key value is 0xed12c936 
[ 2171.447195]  
[ 2171.555245] IR: [03932] scan key value is 0xed12c936 
[ 2171.555250]  
[ 2171.663353] IR: [03932] scan key value is 0xed12c936 
[ 2171.663358]  
[ 2171.771407] IR: [03932] scan key value is 0xed12c936 
[ 2171.771412]  
[ 2172.304095] IR: [03932] scan key value is 0xeb14c936 
[ 2172.304100]  
[ 2172.756530] IR: [03932] scan key value is 0xed12c936 
[ 2172.756535]  
[ 2172.808935] IR: [03932] scan key value is 0xed12c936 
[ 2172.808940]  
[ 2173.284060] IR: [03932] scan key value is 0xeb14c936 
[ 2173.284064]  
[ 2173.506479] IR: [03932] scan key value is 0xeb14c936 
[ 2173.506484]  
[ 2173.705463] IR: [03932] scan key value is 0xeb14c936 
[ 2173.705468]  
[ 2173.913517] IR: [03932] scan key value is 0xeb14c936 
[ 2173.913522]  
[ 2174.174595] IR: [03932] scan key value is 0xed12c936 
[ 2174.174600]  
[ 2174.226949] IR: [03932] scan key value is 0xed12c936 
[ 2174.226955]  
[ 2174.411210] IR: [03932] scan key value is 0xed12c936 
[ 2174.411215]  
[ 2174.463576] IR: [03932] scan key value is 0xed12c936 
[ 2174.463582]  
[ 2174.571667] IR: [03932] scan key value is 0xed12c936 
[ 2174.571672]  
[ 2174.873611] IR: [03932] scan key value is 0xeb14c936 
[ 2174.873616]  
[ 2175.297008] IR: [03932] scan key value is 0xeb14c936 
[ 2175.297013]  
[ 2175.497408] IR: [03932] scan key value is 0xeb14c936 
[ 2175.497413]  
[ 2221.803013] IR: [03932] scan key value is 0xeb14c936 
[ 2221.803018]  
[ 2221.855556] IR: [03932] scan key value is 0xeb14c936 
[ 2221.855561]  
[ 2221.963881] IR: [03932] scan key value is 0xeb14c936 
[ 2221.963885]  
[ 2222.177762] IR: [03932] scan key value is 0xeb14c936 
[ 2222.177767]  
[ 2222.230307] IR: [03932] scan key value is 0xeb14c936 
[ 2222.230311]  
[ 2222.602511] IR: [03932] scan key value is 0xeb14c936 
[ 2222.602516]  
[ 2222.655063] IR: [03932] scan key value is 0xeb14c936 
[ 2222.655068]  
[ 2223.223029] IR: [03932] scan key value is 0xed12c936 
[ 2223.223034]  
[ 2223.275606] IR: [03932] scan key value is 0xed12c936 
[ 2223.275611]  
shell@android:/data/data/com.coship.cibn/cache/version # 
shell@android:/data/data/com.coship.cibn/cache/version # 
shell@android:/data/data/com.coship.cibn/cache/version # 
sist.sys.eth_mac "00:0e:09:a1:d7:87"                                          <
shell@android:/data/data/com.coship.cibn/cache/version # getprop persist.sys.e>
00:0e:09:a1:d7:87
shell@android:/data/data/com.coship.cibn/cache/version # 
[ 2271.375256] IR: [03932] scan key value is 0xed12c936 
[ 2271.375261]  
[ 2271.427831] IR: [03932] scan key value is 0xed12c936 
[ 2271.427836]  
[ 2271.721376] IR: [03932] scan key value is 0xec13c936 
[ 2271.721381]  
[ 2271.773950] IR: [03932] scan key value is 0xec13c936 
[ 2271.773955]  
[ 2273.506206] IR: [03932] scan key value is 0xec13c936 
[ 2273.506211]  
[ 2273.558770] IR: [03932] scan key value is 0xec13c936 
[ 2273.558775]  
[ 2291.033244] IR: [03932] scan key value is 0xea15c936 
[ 2291.033249]  
[ 2291.085788] IR: [03932] scan key value is 0xea15c936 
[ 2291.085793]  
[ 2292.309857] IR: [03932] scan key value is 0xeb14c936 
[ 2292.309862]  
[ 2292.362405] IR: [03932] scan key value is 0xeb14c936 
[ 2292.362410]  
[ 2292.675531] IR: [03932] scan key value is 0xec13c936 
[ 2292.675535]  
[ 2292.728073] IR: [03932] scan key value is 0xec13c936 
[ 2292.728078]  
[ 2293.600046] IR: [03932] scan key value is 0xeb14c936 
[ 2293.600052]  
[ 2293.652621] IR: [03932] scan key value is 0xeb14c936 
[ 2293.652626]  
[ 2293.992463] IR: [03932] scan key value is 0xec13c936 
[ 2293.992467]  
[ 2294.045004] IR: [03932] scan key value is 0xec13c936 
[ 2294.045009]  
[ 2295.310977] IR: [03932] scan key value is 0xf10ec936 
[ 2295.310982]  
[ 2295.363549] IR: [03932] scan key value is 0xf10ec936 
[ 2295.363555]  
[ 2296.059106] IR: [03932] scan key value is 0xf10ec936 
[ 2296.059111]  
[ 2296.111649] IR: [03932] scan key value is 0xf10ec936 
[ 2296.111654]  
[ 2296.695504] IR: [03932] scan key value is 0xed12c936 
[ 2296.695509]  
[ 2296.748081] IR: [03932] scan key value is 0xed12c936 
[ 2296.748087]  
[ 2297.180557] IR: [03932] scan key value is 0xee11c936 
[ 2297.180561]  
[ 2297.233099] IR: [03932] scan key value is 0xee11c936 
[ 2297.233104]  
[ 2297.341388] IR: [03932] scan key value is 0xee11c936 
[ 2297.341392]  
[ 2297.449669] IR: [03932] scan key value is 0xee11c936 
[ 2297.449674]  
[ 2297.557952] IR: [03932] scan key value is 0xee11c936 
[ 2297.557957]  
[ 2297.666232] IR: [03932] scan key value is 0xee11c936 
[ 2297.666237]  
[ 2298.190752] IR: [03932] scan key value is 0xeb14c936 
[ 2298.190757]  
[ 2298.243300] IR: [03932] scan key value is 0xeb14c936 
[ 2298.243306]  
[ 2298.351585] IR: [03932] scan key value is 0xeb14c936 
[ 2298.351589]  
[ 2298.459897] IR: [03932] scan key value is 0xeb14c936 
[ 2298.459902]  
[ 2298.568163] IR: [03932] scan key value is 0xeb14c936 
[ 2298.568168]  
[ 2298.676443] IR: [03932] scan key value is 0xeb14c936 
[ 2298.676448]  
[ 2298.784731] IR: [03932] scan key value is 0xeb14c936 
[ 2298.784736]  
[ 2298.893012] IR: [03932] scan key value is 0xeb14c936 
[ 2298.893016]  
[ 2299.001322] IR: [03932] scan key value is 0xeb14c936 
[ 2299.001326]  
[ 2299.109583] IR: [03932] scan key value is 0xeb14c936 
[ 2299.109588]  
[ 2299.629387] IR: [03932] scan key value is 0xea15c936 
[ 2299.629392]  
[ 2299.681934] IR: [03932] scan key value is 0xea15c936 
[ 2299.681939]  
[ 2300.247182] IR: [03932] scan key value is 0xea15c936 
[ 2300.247187]  
[ 2300.299726] IR: [03932] scan key value is 0xea15c936 
[ 2300.299730]  
[ 2300.408031] IR: [03932] scan key value is 0xea15c936 
[ 2300.408036]  
[ 2300.950559] IR: [03932] scan key value is 0xee11c936 
[ 2300.950563]  
[ 2301.003104] IR: [03932] scan key value is 0xee11c936 
[ 2301.003109]  
[ 2301.529226] IR: [03932] scan key value is 0xec13c936 
[ 2301.529230]  
[ 2301.581766] IR: [03932] scan key value is 0xec13c936 
[ 2301.581770]  
[ 2307.824978] IR: [03932] scan key value is 0xf10ec936 
[ 2307.824983]  
[ 2307.877550] IR: [03932] scan key value is 0xf10ec936 
[ 2307.877555]  
shell@android:/data/data/com.coship.cibn/cache/version # 
shell@android:/data/data/com.coship.cibn/cache/version # 
[ 2339.107065] IR: [03932] scan key value is 0xec13c936 
[ 2339.107070]  
[ 2339.159645] IR: [03932] scan key value is 0xec13c936 
[ 2339.159650]  
[ 2340.228735] IR: [03932] scan key value is 0xeb14c936 
[ 2340.228740]  
[ 2340.281321] IR: [03932] scan key value is 0xeb14c936 
[ 2340.281326]  
[ 2340.567528] IR: [03932] scan key value is 0xec13c936 
[ 2340.567532]  
[ 2340.620116] IR: [03932] scan key value is 0xec13c936 
[ 2340.620120]  
[ 2344.486866] IR: [03932] scan key value is 0xec13c936 
[ 2344.486871]  
[ 2344.539445] IR: [03932] scan key value is 0xec13c936 
[ 2344.539450]  
shell@android:/data/data/com.coship.cibn/cache/version # 
shell@android:/data/data/com.coship.cibn/cache/version # 
shell@android:/data/data/com.coship.cibn/cache/version # 
shell@android:/data/data/com.coship.cibn/cache/version # 
shell@android:/data/data/com.coship.cibn/cache/version # 
[ 3448.119354] IR: [03932] scan key value is 0xea158000 
[ 3448.119359]  
[ 3448.180186] IR: [03932] scan key value is 0xea158000 
[ 3448.180191]  
[ 3448.518679] IR: [03932] scan key value is 0xea158000 
[ 3448.518683]  
[ 3499.786479] IR: [03932] scan key value is 0xee118000 
[ 3499.786484]  
[ 3499.847281] IR: [03932] scan key value is 0xee118000 
[ 3499.847286]  
[ 3501.742738] IR: [03932] scan key value is 0xec138000 
[ 3501.742743]  
[ 3501.803552] IR: [03932] scan key value is 0xec138000 
[ 3501.803557]  
[ 5002.453298] IR: [03932] scan key value is 0xea15c936 
[ 5002.453303]  
[ 5002.505697] IR: [03932] scan key value is 0xea15c936 
[ 5002.505706]  
[ 5016.446583] IR: [03932] scan key value is 0xee11c936 
[ 5016.446587]  
[ 5016.499007] IR: [03932] scan key value is 0xee11c936 
[ 5016.499013]  
[ 5057.337526] IR: [03932] scan key value is 0xeb14c936 
[ 5057.337531]  
[ 5057.389918] IR: [03932] scan key value is 0xeb14c936 
[ 5057.389923]  
[ 5057.806456] IR: [03932] scan key value is 0xeb14c936 
[ 5057.806461]  
[ 5057.858877] IR: [03932] scan key value is 0xeb14c936 
[ 5057.858881]  
[ 5057.966956] IR: [03932] scan key value is 0xeb14c936 
[ 5057.966961]  
[ 5187.573374] IR: [03932] scan key value is 0xee11c936 
[ 5187.573378]  
[ 5187.625961] IR: [03932] scan key value is 0xee11c936 
[ 5187.625966]  
[ 5188.401061] IR: [03932] scan key value is 0xed12c936 
[ 5188.401065]  
[ 5188.453655] IR: [03932] scan key value is 0xed12c936 
[ 5188.453660]  
[ 5188.934301] IR: [03932] scan key value is 0xee11c936 
[ 5188.934306]  
[ 5188.986902] IR: [03932] scan key value is 0xee11c936 
[ 5188.986910]  
[ 5408.247712] IR: [03932] scan key value is 0xea15c936 
[ 5408.247717]  
[ 5408.300185] IR: [03932] scan key value is 0xea15c936 
[ 5408.300190]  
[ 5415.522104] IR: [03932] scan key value is 0xeb14c936 
[ 5415.522109]  
[ 5415.574523] IR: [03932] scan key value is 0xeb14c936 
[ 5415.574528]  
[ 5416.455036] IR: [03932] scan key value is 0xed12c936 
[ 5416.455041]  
[ 5416.507433] IR: [03932] scan key value is 0xed12c936 
[ 5416.507439]  
[ 5416.898517] IR: [03932] scan key value is 0xee11c936 
[ 5416.898522]  
[ 5416.950914] IR: [03932] scan key value is 0xee11c936 
[ 5416.950919]  
[ 5533.767833] app_process: unhandled page fault (11) at 0xdeadd00d, code 0x80d
[ 5533.775115] 
[ 5533.776620] --------------------------------------------------------------------------------------
[ 5533.785610] PC, LR MEMINFO
[ 5533.788328] --------------------------------------------------------------------------------------
[ 5533.797301] PC:40d89aa6, LR:40d89aa7
[ 5533.800894] --------------------------------------------------------------------------------------
[ 5533.809871] PC meminfo (0x40d89ea6 to 0x40d89ea6)
[ 5533.814588] 9ea0:                                                                                
[ 5533.823479] --------------------------------------------------------------------------------------
[ 5533.832462] LR meminfo (0x40d892a7 to 0x40d89ea7)
[ 5533.837184] 92a0:                   2200b510 681b447b 01acf8d3 ffbcf7ff bf00bd10 00062b2c
[ 5533.845386] 92c0: 46014b05 2200b510 681b447b 0178f8d3 ffaef7ff bf00bd10 00062b10 4905460a
[ 5533.853581] 92e0: b5104603 68094479 01c8f8d1 f7ff4619 bd10ff9f 00062af4 4606b5f0 f5ad4c0e
[ 5533.861774] 9300: 460f7d03 4613ad01 7100f44f 6824447c 6820463a 46289081 e91cf7ce 46302200
[ 5533.869968] 9320: f7ff4629 9a81fc39 429a6823 f7ced001 f50de87c bdf07d03 00062ae8 b503b40e
[ 5533.878161] 9340: f852aa03 92011b04 ffd6f7ff 400ce8bd 4770b003 4604b513 460b4806 44784906
[ 5533.886355] 9360: 92006800 f8d04622 447901ec ffe6f7ff bf00bd1c 00062a7a 0004511c 48064602
[ 5533.894548] 9380: 4906460b 4478b510 44796800 01ecf8d0 ffd4f7ff bf00bd10 00062a52 00045127
[ 5533.902740] 93a0: 46024b05 b5104905 681b447b f8d34479 f7ff01c4 bd10ffc3 00062a30 00043abd
[ 5533.910933] 93c0: 460db530 b08b4c17 a8034684 e058f8df f854447c 680a100e 1018f8dc f0099209
[ 5533.919125] 93e0: 4812ff41 58239a08 01b4f8d3 4b10b91d 461d447b 4b0fe001 490f447b 44799500
[ 5533.927318] 9400: ff9cf7ff f7fea803 f8dfff01 9809c01c 200cf854 42986813 f7ced001 b00be806
[ 5533.935510] 9420: bf00bd30 00062bbc fffffe68 fffffe4c 00043700 000450cd 000450ca 43f0e92d
[ 5533.943702] 9440: 4c144607 ad07b08f 46884699 447cae01 69916824 900d6820 f0094628 4630ff03
[ 5533.951895] 9460: 1018f8d9 fefef009 46419a0c 46389b06 ff64f7ff f7fe4630 4628fec9 fec6f7fe
[ 5533.960097] 9480: 68239a0d d001429a efcef7cd e8bdb00f bf0083f0 000629a6 48064602 4906460b
[ 5533.968294] 94a0: 4478b510 44796800 0174f8d0 ffc6f7ff bf00bd10 00062936 00045041 48064602
[ 5533.976489] 94c0: 4906460b 4478b510 44796800 0170f8d0 ffb4f7ff bf00bd10 00062912 00045035
[ 5533.984682] 94e0: 48064602 4906460b 4478b510 44796800 0170f8d0 ffa2f7ff bf00bd10 000628ee
[ 5533.992885] 9500: 00045038 41f0e92d 4c17b090 46074690 6989ae03 6824447c 950f6825 4628ad09
[ 5534.001084] 9520: fea0f009 f8d84630 f0091018 4b0ffe9b 9808463a 447b490e 9000681b f8d34479
[ 5534.009279] 9540: 9b0e0170 fefaf7ff f7fe4630 4628fe5f fe5cf7fe 68239a0f d001429a ef64f7cd
[ 5534.017472] 9560: e8bdb010 bf0081f0 000628e0 000628a2 00045015 4684b570 b0884c11 460ead01
[ 5534.025666] 9580: 1018f8dc 6824447c 90076820 f0094628 4a0cfe69 9b06490c 6812447a 0170f8d2
[ 5534.033859] 95a0: 46324479 fecaf7ff f7fe4628 9a07fe2f 429a6823 f7cdd001 b008ef38 bf00bd70
[ 5534.042060] 95c0: 00062870 00062840 00044ff8 48064602 4906460b 4478b510 44796800 016cf8d0
[ 5534.050258] 95e0: feacf7ff bf00bd10 00062802 00044ed7 00c0b510 f7cd2105 3001efb4 bf00bd10
[ 5534.058453] 9600: 47f0e92d 46042500 a00cf8d0 46a8462e 902cf8df eb0ae00c 68780705 d0034548
[ 5534.066646] 9620: 6923b120 4798b103 8004f8c7 35083601 429e6823 2000dbef 60a06060 87f0e8bd
[ 5534.074838] 9640: cbcacccd 6804b570 1e6568c3 eb034029 eb0301c1 e01106c4 d1094295 68434a0a
[ 5534.083031] 9660: 6882604a 60411e59 60831c53 e0092001 42b13108 2c01d102 4619d003 2d00684d
[ 5534.091223] 9680: 2000d1ea bf00bd70 cbcacccd 41f0e92d 46884604 4e112500 68e7e019 07c5eb07
[ 5534.099422] 96a0: 1e036878 2301bf18 bf0c42b0 f0032300 b15b0301 280147c0 6863d107 607e68a1
[ 5534.107624] 96c0: 1c481e5a 60a06062 b920e000 68203501 dbe24285 e8bd2000 bf0081f0 cbcacccd
[ 5534.115821] 96e0: 41f0e92d 460d4604 26004690 e0104f0c eb0068e0 684801c6 bf181e03 42b82301
[ 5534.124015] 9700: 2300bf0c 0301f003 4641b113 b92047a8 68223601 dbeb4296 e8bd2000 bf0081f0
[ 5534.132209] 9720: cbcacccd 4ff0e92d ae0db091 f04f900e f04f33ff 46040800 91094630 920a46c2
[ 5534.140403] 9740: 930f46c1 f7fc4d39 960bfcef 68d2e043 0cc3eb02 f8dc9b09 4658b004 68214798
[ 5534.148595] 9760: 68e04603 1e4e46c4 0706ea03 eb002600 eb0002c1 469007c7 469a4652 492ce015
[ 5534.156787] 9780: d04e4288 4553683b 9207d14b f8cd4659 9a0ac020 9a074790 c020f8dd e040b140
[ 5534.164980] 97a0: 28016820 68e7d004 68783601 d1e62800 46926879 f109980b 29000901 f04fbf08
[ 5534.173178] 97c0: 42b536ff 4635bfa8 bfb845b2 eb0c46b2 f7fc0806 9a0efca9 68109b0f dbb64283
[ 5534.181376] 97e0: 8a10ee00 9a90ee06 7ac0eeb8 eef82004 68237ae6 4a10490f 7a27eec7 447a4479
[ 5534.189572] 9800: 462b9303 a000f8cd 8004f8cd 9008f8cd 0ae7eef7 0b04edcd ed6af7cd e8bdb011
[ 5534.197765] 9820: 37088ff0 d1bf4547 bf00e7ba 7fff0000 cbcacccd 00043257 00044db8 4ff8e92d
[ 5534.205958] 9840: 68024615 4604469b 68c3460e f89d1e50 ea019028 f8df0700 eb0380ec eb0307c7
[ 5534.214150] 9860: e00c0ac2 d0694540 42b16839 4629d166 b13847d8 6822e062 d0032a01 687868e7
[ 5534.222345] 9880: d1ef2800 8004f8d7 0f00f1b8 f1b9d153 d0500f00 2005603e 68a26866 1c71607d
[ 5534.230546] 98a0: 188b6826 fb006061 ebbcfc06 da410fc3 21080076 f7cd4630 4607ed4c d0302800
[ 5534.238743] 98c0: c080f8df e0211e70 eb0368e3 f8de0ec8 1e112004 2101bf18 bf0c4562 f0012100
[ 5534.246938] 98e0: b1890101 e038f853 010eea00 1c4be002 0100ea03 03c1eb07 9004f8d3 0f00f1b9
[ 5534.255146] 9900: f8c3d1f5 605ae000 0801f108 45906822 68e0dbda ed04f7cd 60e72000 60a06026
[ 5534.263361] 9920: 4909e008 4a092006 447a4479 ece0f7cd f88cf000 464046a8 8ff8e8bd 45573708
[ 5534.271558] 9940: e798d19d cbcacccd 0004312b 00044cc0 4604b510 f7ffb138 68e0fe53 ece0f7cd
[ 5534.279770] 9960: f7cd4620 bd10ecde 4606b570 460d2018 ecdcf7cd b1e04604 f1002100 f7cd0014
[ 5534.287967] 9980: 4630ed30 f03d2600 6125fc65 00c06020 606660a6 eccaf7cd 60e04605 4620b920
[ 5534.296161] 99a0: f7cd462c e004ecbe 46316822 f7cd00d2 4620ecac bf00bd70 f1014b0d f111021e
[ 5534.304356] 99c0: bf5831ff 400b460a 2b001152 1e59da05 6cc1ea6f 63dcea6f 21013301 f303fa11
[ 5534.312549] 99e0: 1022f850 f840430b 20003022 bf004770 8000001f bf004770 4605b5f0 1a084e12
[ 5534.320743] 9a00: 461410c1 0c00f04f f601fb06 696be017 6163692f 42ab696b e895d108 1b7f000f
[ 5534.328937] 9a20: 612719e7 e8846164 e005000f 6163682a 60226127 c014f8c5 34183518 2e003e01
[ 5534.337132] 9a40: 4620dce5 bf00bdf0 aaaaaaab f5adb570 4c1f7d02 4630ae01 75fef506 c074f8df
[ 5534.345326] 9a60: 447c3503 200cf854 f44f6811 91817200 f7cd2100 4818ec4a 7100f44f 58234a17
[ 5534.353520] 9a80: 447a4630 34b4f8d3 ed70f7cd 26001e73 2f01f813 42abb152 d0074416 4798e7f8
[ 5534.361729] 9aa0: f7ff4c0a 7026ffa7 ed66f7cd 2006490c 44794a0c f7cd447a 2000ec1c ecdef7cd
[ 5534.369935] 9ac0: 58e54b05 2b006c6b e7e9d1e9 deadd00d 0006252a fffffe68 fffffe4c 00043417
[ 5534.378131] 9ae0: 00042fa1 00044b51 4b09b40e 447bb503 aa03681b f8526bdb 92011b04 4798b10b
[ 5534.386326] 9b00: f7cde001 e8bded40 b003400c bf004770 000622ea 41f0e92d f00f4c49 4849fdc7
[ 5534.394519] 9b20: 5823447c 03b4f8d3 f01fb108 4a45f95d 58a52600 f7cd6aa8 6d28ebf4 f7cd62ae
[ 5534.402713] 9b40: 6da8ebf0 f7cd652e 65aeebec fff0f00b f9a2f00c 1080f8d5 d1012903 fce6f02b
[ 5534.410906] 9b60: fd50f00e c0dcf8df 000cf854 b1337ec3 20034935 44794a35 f7cd447a f7feebba
[ 5534.419111] 9b80: f00bf995 f008fa79 f003f869 f00ff875 f026f951 f7fffacf f027ff2d f7e2fbd7
[ 5534.427305] 9ba0: f00fe822 f7f3fd7f f00afbd9 f020fa11 f018f929 4923f8dd 68285865 ebb0f7cd
[ 5534.435504] 9bc0: f7cd6868 f8d5ebae b1ed5088 682f686e 3e18e003 f7fe4630 42befb19 6828d1f9
[ 5534.443700] 9be0: 68aeb178 1a314b15 10ca2618 fe02fb03 f10efb06 d9022980 ec10f7cd f7cde001
[ 5534.451911] 9c00: 4628ec08 ec0af7cd 2500480e 5824462e 6fe2e005 59503601 f7cd350c 6fa3eb82
[ 5534.460107] 9c20: dbf6429e f7cd6fe0 4620eb7c f44f21cd f7cd6297 e8bdeb6a bf0081f0 aaaaaaab
[ 5534.468302] 9c40: 0006246c fffffe4c 00042edd 00044a99 4c13b570 6824447c b9236fe3 4a124911
[ 5534.476495] 9c60: 447a4479 6fa5e005 4910b13d 44794a10 2003447a eb3cf7cd 490ee011 4a0e2003
[ 5534.484690] 9c80: 447a4479 eb34f7cd 6fe6480c f7cd4478 6030ebd8 60752001 72307275 bd7067a0
[ 5534.492882] 9ca0: 00062184 00042df3 000449be 00042de5 000449e5 00042dd3 00044a11 00042e64
[ 5534.501075] 9cc0: 2500b537 2103ac02 5d04f844 f7ff4620 210afe73 f7ff4620 4628fe6f 462a4621
[ 5534.509268] 9ce0: ec56f7cd bf00bd3e b5704822 44784c22 ec54f7cd 4d21447c 4821b908 f7cd4478
[ 5534.517462] 9d00: 5963eba0 60584d1d 4478481e ec46f7cd 481db908 f7cd4478 5963eb94 200c6018
[ 5534.525654] 9d20: eb6af7cd c054f8df f44f2100 60011200 f8546041 f44f300c 60814480 0088f8c3
[ 5534.533847] 9d40: 0060f502 2201609a 200260d8 2403615c f8836119 771a2075 6618665c 1070f883
[ 5534.542050] 9d60: 2068f883 f8c366da f8834080 63582071 bf00bd70 000449be 00062298 fffffe4c
[ 5534.550251] 9d80: 000449ba 000449ae 000449a2 47f0e92d 0801f04f 46994f1f 4616460d 447f4604
[ 5534.558451] 9da0: f887683f f8878084 f7ff8085 f7ffff89 6838ff9b eab4f7cd f7cd4620 f3c9eb42
[ 5534.566646] 9dc0: 60381340 3068f887 0380f019 667e663d f019d105 bf180f40 3071f887 f887d101
[ 5534.574851] 9de0: f00f8071 b180fc6b f842f00f f7e1b168 b150ef04 fa94f00f f027b138 b120fab3
[ 5534.583047] 9e00: fa24f026 2000b108 f7ffe002 2001fe83 87f0e8bd 0006203a f009b510 f44ff941
[ 5534.591242] 9e20: 2300727a eacaf7cd bf00bd10 b094b570 49524c51 5860447c 93136803 ffecf7ff
[ 5534.599435] 9e40: fc38f00f f0002800 f7ff8089 f7ffffe5 f8dfffe3 f854c12c f893300c b9322054
[ 5534.607628] 9e60: 3055f893 f00bb91b 2800fe79 f8dfd076 f854e110 f891100e b118005c f83af00c
[ 5534.615821] 9e80: d06b2800 ffc8f7ff ffc6f7ff 58a34a3c 2d007f1d 7f58d03e d03b2800 b1c66a9e
[ 5534.624017] 9ea0: f7cd4630 283eeac8
[ 5534.627516] --------------------------------------------------------------------------------------
[ 5534.636487] 
[ 5534.637982] pgd = c6af4000
[ 5534.640697] [deadd00d] *pgd=ae01140e(bad)
[ 5534.644739] 
[ 5534.646234] Pid: 2374, comm:          app_process
[ 5534.650951] CPU: 1    Tainted: P             (2.6.35.13+ #11)
[ 5534.656724] PC is at 0x40d89aa6
[ 5534.659875] LR is at 0x40d89aa7
[ 5534.663026] pc : [<40d89aa6>]    lr : [<40d89aa7>]    psr: 60000030
[ 5534.663030] sp : bedbf370  ip : 00000000  fp : 40dcd3e8
[ 5534.674531] r10: 40dcd1c7  r9 : 40dcca57  r8 : 40dcd1bb
[ 5534.679768] r7 : bedbfc85  r6 : 0000020c  r5 : 40df0c58  r4 : deadd00d
[ 5534.686307] r3 : 00000000  r2 : 00000000  r1 : 000d0960  r0 : 00000000
[ 5534.692849] Flags: nZCv  IRQs on  FIQs on  Mode USER_32  ISA Thumb  Segment user
[ 5534.700257] Control: 18c53c7d  Table: 46cf404a  DAC: 00000015
[ 5534.706022] 
[ 5534.706024] R4: 0xdeadcf8d:
[ 5534.710315] cf8c  2a99dcd1 6ecfc87a 00d121f2 b002f699 fc47eea4 a1e20594 326f4ece 2387bf54
[ 5534.718641] cfac  fa54cafb 932e7c0a 412e939d 3ea9734b 6f7b1377 7cc5ce7e b2fd4687 e3ec52ae
[ 5534.726953] cfcc  75b8e175 797d55e9 388d4b9c 3e711aaf 5d3da37d 9c4e9b9a aa27849b f2487c87
[ 5534.735266] cfec  5a4b15be 937fa93b 518dede9 7ce23f22 19ae2a1c 8f991e87 00cbe103 4e0180ae
[ 5534.743581] d00c  7b207d67 f6055f11 9d86d9ca c4fe9e2a c50fd1de 1fb5bd11 7e2a470e 5cec51de
[ 5534.751892] d02c  5d126045 ac0a23f6 02b0bb5a d4334df3 19f8f5fe 9d5c3f5c 20fdaaf3 b66dcc35
[ 5534.760203] d04c  8f210a9e f44b3464 4012fcc9 872ba859 cd23d597 bd34be90 77ddbfc3 5d20282a
[ 5534.768512] d06c  c87eec58 f306d5f3 aa499b14 b3a6372e 50ef9e70 794a2ff0 4e368f35 a592d8a7
[ 5534.776826] d08c  f9f1cc3e 4b9f6682 8e6c8012 c409ff73 bb97ce1b fcfa77c3 f407b791 b60b27ce
[ 5534.785137] -----------------------------------------------------------
[ 5534.791763] * dump maps on pid (2374)
[ 5534.795431] -----------------------------------------------------------
[ 5534.802060] 00008000-0000a000 r-xp 00000000 b3:04 90 /system/bin/app_process
[ 5534.809154] 0000a000-0000b000 rw-p 00002000 b3:04 90 /system/bin/app_process
[ 5534.816248] 0000b000-00111000 rw-p 0000b000 b3:04 90 
[ 5534.821324] 10000000-10001000 ---p 10000000 b3:04 90 
[ 5534.826412] 10001000-10100000 rw-p 10001000 b3:04 90 
[ 5534.831490] 40000000-40003000 r-xp 00000000 b3:04 717 /system/lib/liblog.so
[ 5534.838498] 40003000-40004000 rw-p 00003000 b3:04 717 /system/lib/liblog.so
[ 5534.845501] 40004000-40046000 r-xp 00000000 b3:04 653 /system/lib/libc.so
[ 5534.852330] 40046000-40049000 rw-p 00042000 b3:04 653 /system/lib/libc.so
[ 5534.859162] 40049000-40054000 rw-p 40049000 b3:04 653 
[ 5534.864325] 40054000-4005c000 r--s 00000000 00:0c 596 /dev/__properties__ (deleted)
[ 5534.872028] 4005c000-4005d000 r-xp 00000000 b3:04 795 /system/lib/libstdc++.so
[ 5534.879302] 4005d000-4005e000 rw-p 00001000 b3:04 795 /system/lib/libstdc++.so
[ 5534.886582] 4005e000-40073000 r-xp 00000000 b3:04 719 /system/lib/libm.so
[ 5534.893418] 40073000-40074000 rw-p 00015000 b3:04 719 /system/lib/libm.so
[ 5534.900250] 40074000-40083000 r-xp 00000000 b3:04 668 /system/lib/libcutils.so
[ 5534.907519] 40083000-40084000 rw-p 0000f000 b3:04 668 /system/lib/libcutils.so
[ 5534.914784] 40084000-40093000 rw-p 40084000 b3:04 668 
[ 5534.919945] 40093000-400c0000 r-xp 00000000 b3:04 834 /system/lib/libutils.so
[ 5534.927124] 400c0000-400c2000 rw-p 0002d000 b3:04 834 /system/lib/libutils.so
[ 5534.934299] 400c2000-400d9000 r-xp 00000000 b3:04 850 /system/lib/libz.so
[ 5534.941127] 400d9000-400da000 rw-p 00017000 b3:04 850 /system/lib/libz.so
[ 5534.947958] 400da000-400db000 r--p 400da000 b3:04 850 
[ 5534.953121] 400db000-400fe000 r-xp 00000000 b3:04 641 /system/lib/libbinder.so
[ 5534.960386] 400fe000-40104000 rw-p 00023000 b3:04 641 /system/lib/libbinder.so
[ 5534.967651] 40104000-4019f000 r-xp 00000000 b3:04 632 /system/lib/libandroid_runtime.so
[ 5534.975700] 4019f000-401a9000 rw-p 0009b000 b3:04 632 /system/lib/libandroid_runtime.so
[ 5534.983747] 401a9000-401aa000 rw-p 401a9000 b3:04 632 
[ 5534.988909] 401aa000-401bc000 r-xp 00000000 b3:04 687 /system/lib/libexpat.so
[ 5534.996091] 401bc000-401be000 rw-p 00012000 b3:04 687 /system/lib/libexpat.so
[ 5535.003272] 401be000-401f1000 r-xp 00000000 b3:04 736 /system/lib/libnativehelper.so
[ 5535.011062] 401f1000-401f4000 rw-p 00033000 b3:04 736 /system/lib/libnativehelper.so
[ 5535.018863] 401f4000-402ae000 r-xp 00000000 b3:04 664 /system/lib/libcrypto.so
[ 5535.026125] 402ae000-402be000 rw-p 000ba000 b3:04 664 /system/lib/libcrypto.so
[ 5535.033387] 402be000-402c0000 rw-p 402be000 b3:04 664 
[ 5535.038550] 402c0000-403de000 r-xp 00000000 b3:04 703 /system/lib/libicui18n.so
[ 5535.045900] 403de000-403e4000 rw-p 0011e000 b3:04 703 /system/lib/libicui18n.so
[ 5535.053250] 403e4000-404d0000 r-xp 00000000 b3:04 704 /system/lib/libicuuc.so
[ 5535.060430] 404d0000-404da000 rw-p 000ec000 b3:04 704 /system/lib/libicuuc.so
[ 5535.067608] 404da000-404dc000 rw-p 404da000 b3:04 704 
[ 5535.072771] 404dc000-404df000 r-xp 00000000 b3:04 695 /system/lib/libgabi++.so
[ 5535.080037] 404df000-404e0000 rw-p 00003000 b3:04 695 /system/lib/libgabi++.so
[ 5535.087302] 404e0000-4050a000 r-xp 00000000 b3:04 777 /system/lib/libssl.so
[ 5535.094303] 4050a000-4050e000 rw-p 0002a000 b3:04 777 /system/lib/libssl.so
[ 5535.101305] 4050e000-40540000 r-xp 00000000 b3:04 796 /system/lib/libstlport.so
[ 5535.108658] 40540000-40542000 rw-p 00032000 b3:04 796 /system/lib/libstlport.so
[ 5535.116011] 40542000-40547000 r-xp 00000000 b3:04 738 /system/lib/libnetutils.so
[ 5535.123449] 40547000-40548000 rw-p 00005000 b3:04 738 /system/lib/libnetutils.so
[ 5535.130889] 40548000-4055f000 r-xp 00000000 b3:04 832 /system/lib/libui.so
[ 5535.137813] 4055f000-40561000 rw-p 00017000 b3:04 832 /system/lib/libui.so
[ 5535.144732] 40561000-40581000 r-xp 00000000 b3:04 591 /system/lib/libEGL.so
[ 5535.151739] 40581000-40585000 rw-p 00020000 b3:04 591 /system/lib/libEGL.so
[ 5535.158745] 40585000-40587000 rw-p 40585000 b3:04 591 
[ 5535.163906] 40587000-405a7000 r-xp 00000000 b3:04 596 /system/lib/libGLESv2_dbg.so
[ 5535.171520] 405a7000-405a9000 rw-p 00020000 b3:04 596 /system/lib/libGLESv2_dbg.so
[ 5535.179134] 405a9000-405c3000 r-xp 00000000 b3:04 744 /system/lib/libpixelflinger.so
[ 5535.186922] 405c3000-405c5000 rw-p 0001a000 b3:04 744 /system/lib/libpixelflinger.so
[ 5535.194710] 405c5000-405cb000 r-xp 00000000 b3:04 700 /system/lib/libhardware_legacy.so
[ 5535.202759] 405cb000-405cc000 rw-p 00006000 b3:04 700 /system/lib/libhardware_legacy.so
[ 5535.210806] 405cc000-405ce000 r-xp 00000000 b3:04 849 /system/lib/libwpa_client.so
[ 5535.218421] 405ce000-405cf000 rw-p 00002000 b3:04 849 /system/lib/libwpa_client.so
[ 5535.226031] 405cf000-405d1000 r-xp 00000000 b3:04 833 /system/lib/libusbhost.so
[ 5535.233382] 405d1000-405d2000 rw-p 00002000 b3:04 833 /system/lib/libusbhost.so
[ 5535.240734] 405d2000-405d3000 r-xp 00000000 b3:04 699 /system/lib/libhardware.so
[ 5535.248173] 405d3000-405d4000 rw-p 00001000 b3:04 699 /system/lib/libhardware.so
[ 5535.255613] 405d4000-406f4000 r-xp 00000000 b3:04 767 /system/lib/libskia.so
[ 5535.262705] 406f4000-406f9000 rw-p 00120000 b3:04 767 /system/lib/libskia.so
[ 5535.269792] 406f9000-406ff000 rw-p 406f9000 b3:04 767 
[ 5535.274956] 406ff000-40701000 r-xp 00000000 b3:04 684 /system/lib/libemoji.so
[ 5535.282132] 40701000-40702000 rw-p 00002000 b3:04 684 /system/lib/libemoji.so
[ 5535.289307] 40702000-40738000 r-xp 00000000 b3:04 715 /system/lib/libjpeg.so
[ 5535.296401] 40738000-40739000 rw-p 00036000 b3:04 715 /system/lib/libjpeg.so
[ 5535.303494] 40739000-409c0000 r-xp 00000000 b3:04 835 /system/lib/libutopia.so
[ 5535.310759] 409c0000-40bd9000 rw-p 00287000 b3:04 835 /system/lib/libutopia.so
[ 5535.318021] 40bd9000-40c9c000 rw-p 40bd9000 b3:04 835 
[ 5535.323184] 40c9c000-40cc0000 r-xp 00000000 b3:04 698 /system/lib/libgui.so
[ 5535.330186] 40cc0000-40cc6000 rw-p 00024000 b3:04 698 /system/lib/libgui.so
[ 5535.337188] 40cc6000-40cca000 r-xp 00000000 b3:04 595 /system/lib/libGLESv2.so
[ 5535.344456] 40cca000-40ccb000 rw-p 00004000 b3:04 595 /system/lib/libGLESv2.so
[ 5535.351721] 40ccb000-40ce3000 r-xp 00000000 b3:04 657 /system/lib/libcamera_client.so
[ 5535.359595] 40ce3000-40ce8000 rw-p 00018000 b3:04 657 /system/lib/libcamera_client.so
[ 5535.367470] 40ce8000-40d37000 r-xp 00000000 b3:04 774 /system/lib/libsqlite.so
[ 5535.374737] 40d37000-40d39000 rw-p 0004f000 b3:04 774 /system/lib/libsqlite.so
[ 5535.381998] 40d39000-40de9000 r-xp 00000000 b3:04 681 /system/lib/libdvm.so
[ 5535.388999] 40de9000-40df1000 rw-p 000b0000 b3:04 681 /system/lib/libdvm.so
[ 5535.396016] 40df1000-40df4000 rw-p 40df1000 b3:04 681 
[ 5535.401180] 40df4000-40df9000 r-xp 00000000 b3:04 594 /system/lib/libGLESv1_CM.so
[ 5535.408708] 40df9000-40dfa000 rw-p 00005000 b3:04 594 /system/lib/libGLESv1_CM.so
[ 5535.416235] 40dfa000-40dfc000 r-xp 00000000 b3:04 592 /system/lib/libETC1.so
[ 5535.423342] 40dfc000-40dfd000 rw-p 00002000 b3:04 592 /system/lib/libETC1.so
[ 5535.430436] 40dfd000-40e4b000 r-xp 00000000 b3:04 771 /system/lib/libsonivox.so
[ 5535.437785] 40e4b000-40e4c000 rw-p 0004e000 b3:04 771 /system/lib/libsonivox.so
[ 5535.445134] 40e4c000-40e51000 rw-p 40e4c000 b3:04 771 
[ 5535.450297] 40e51000-40eb5000 r-xp 00000000 b3:04 722 /system/lib/libmedia.so
[ 5535.457473] 40eb5000-40ec7000 rw-p 00064000 b3:04 722 /system/lib/libmedia.so
[ 5535.464650] 40ec7000-40ed1000 r-xp 00000000 b3:04 782 /system/lib/libstagefright_foundation.so
[ 5535.473307] 40ed1000-40ed2000 rw-p 0000a000 b3:04 782 /system/lib/libstagefright_foundation.so
[ 5535.481964] 40ed2000-40ed3000 r-xp 00000000 b3:04 739 /system/lib/libnfc_ndef.so
[ 5535.489401] 40ed3000-40ed4000 rw-p 00001000 b3:04 739 /system/lib/libnfc_ndef.so
[ 5535.496838] 40ed4000-40f13000 r-xp 00000000 b3:04 701 /system/lib/libharfbuzz.so
[ 5535.504279] 40f13000-40f14000 rw-p 0003f000 b3:04 701 /system/lib/libharfbuzz.so
[ 5535.511719] 40f14000-40f25000 r-xp 00000000 b3:04 812 /system/lib/libtvmanager.so
[ 5535.519248] 40f25000-40f29000 rw-p 00011000 b3:04 812 /system/lib/libtvmanager.so
[ 5535.526773] 40f29000-40f4b000 r-xp 00000000 b3:04 702 /system/lib/libhwui.so
[ 5535.533861] 40f4b000-40f4d000 rw-p 00022000 b3:04 702 /system/lib/libhwui.so
[ 5535.540951] 40f4d000-40f4e000 r-xp 00000000 b3:04 642 /system/lib/libbluedroid.so
[ 5535.548478] 40f4e000-40f4f000 rw-p 00001000 b3:04 642 /system/lib/libbluedroid.so
[ 5535.556005] 40f4f000-40f99000 r-xp 00000000 b3:04 671 /system/lib/libdbus.so
[ 5535.563098] 40f99000-40f9a000 rw-p 0004a000 b3:04 671 /system/lib/libdbus.so
[ 5535.570185] 40f9a000-4139b000 rw-p 00000000 00:04 112747 /dev/ashmem/dalvik-heap (deleted)
[ 5535.578496] 4139b000-50f9a000 ---p 00401000 00:04 112747 /dev/ashmem/dalvik-heap (deleted)
[ 5535.586805] 50f9a000-5139a000 rw-p 00000000 00:04 112748 /dev/ashmem/dalvik-bitmap-1 (deleted)
[ 5535.595463] 5139a000-5179a000 rw-p 00000000 00:04 112749 /dev/ashmem/dalvik-bitmap-2 (deleted)
[ 5535.604120] 5179a000-56cf0000 rw-p 00000000 00:04 112750 /dev/ashmem/dalvik-mark-stack (deleted)
[ 5535.612950] 56cf0000-56ef1000 rw-p 00000000 00:04 112751 /dev/ashmem/dalvik-card-table (deleted)
[ 5535.621781] 56ef1000-56ef5000 rw-p 56ef1000 00:04 112751 
[ 5535.627205] 56ef5000-56ef6000 ---p 00000000 00:04 112752 /dev/ashmem/dalvik-LinearAlloc (deleted)
[ 5535.636124] 56ef6000-56fc2000 rw-p 00001000 00:04 112752 /dev/ashmem/dalvik-LinearAlloc (deleted)
[ 5535.645041] 56fc2000-576f5000 ---p 000cd000 00:04 112752 /dev/ashmem/dalvik-LinearAlloc (deleted)
[ 5535.653967] 576f5000-576f6000 r--s 00002000 b3:04 540 /system/framework/core-junit.jar
[ 5535.661927] 576f6000-576fc000 r--p 00000000 b3:05 7733 /data/dalvik-cache/system@framework@core-junit.jar@classes.dex
[ 5535.672585] 576fc000-576fd000 r--s 00057000 b3:04 537 /system/framework/bouncycastle.jar
[ 5535.680723] 576fd000-576fe000 r--s 003ce000 b3:04 547 /system/framework/framework.jar
[ 5535.688598] 576fe000-576ff000 r--s 0003b000 b3:04 533 /system/framework/android.policy.jar
[ 5535.696908] 576ff000-57701000 r--s 000cb000 b3:04 554 /system/framework/services.jar
[ 5535.704687] 57701000-57703000 r--s 00085000 b3:04 535 /system/framework/apache-xml.jar
[ 5535.712648] 57703000-57704000 r--s 0001c000 b3:04 544 /system/framework/filterfw.jar
[ 5535.720436] 57704000-57705000 r--s 0010c000 b3:04 542 /system/framework/dtvmxlib.jar
[ 5535.728225] 57705000-57706000 r--s 00065000 b3:04 545 /system/framework/framework-ext.jar
[ 5535.736448] 57706000-57707000 r--s 00137000 b3:04 541 /system/framework/core.jar
[ 5535.743888] 57707000-57a3d000 r--p 00000000 b3:05 7732 /data/dalvik-cache/system@framework@core.jar@classes.dex
[ 5535.754021] 57a3d000-57a6b000 rw-p 57a3d000 b3:05 7732 
[ 5535.759271] 57a6b000-57b5a000 r--p 00000000 b3:05 7734 /data/dalvik-cache/system@framework@bouncycastle.jar@classes.dex
[ 5535.770101] 57b5a000-57b5b000 r--s 00003000 b3:04 552 /system/framework/pm.jar
[ 5535.777365] 57b5b000-57b63000 r--p 00000000 b3:05 7752 /data/dalvik-cache/system@framework@pm.jar@classes.dex
[ 5535.787326] 57b63000-57b6b000 rw-p 57b63000 b3:05 7752 
[ 5535.792576] 57b6b000-57b7b000 r--s 000e3000 b3:04 543 /system/framework/ext.jar
[ 5535.799930] 57b7b000-57ce8000 r--p 00000000 b3:05 7735 /data/dalvik-cache/system@framework@ext.jar@classes.dex
[ 5535.809977] 57ce8000-58703000 r--p 00000000 b3:05 7736 /data/dalvik-cache/system@framework@framework.jar@classes.dex
[ 5535.820546] 58703000-587c9000 rw-p 58703000 b3:05 7736 
[ 5535.825795] 587c9000-58879000 r--p 00000000 b3:05 7737 /data/dalvik-cache/system@framework@android.policy.jar@classes.dex
[ 5535.836799] 58879000-58a68000 r--p 00000000 b3:05 7738 /data/dalvik-cache/system@framework@services.jar@classes.dex
[ 5535.847284] 58a68000-58a7b000 rw-p 58a68000 b3:05 7738 
[ 5535.852533] 58a7b000-58bcc000 r--p 00000000 b3:05 7739 /data/dalvik-cache/system@framework@apache-xml.jar@classes.dex
[ 5535.863191] 58bcc000-58c1b000 r--p 00000000 b3:05 7740 /data/dalvik-cache/system@framework@filterfw.jar@classes.dex
[ 5535.873674] 58c1b000-58ed7000 r--p 00000000 b3:05 7741 /data/dalvik-cache/system@framework@dtvmxlib.jar@classes.dex
[ 5535.884156] 58ed7000-58ef0000 rw-p 58ed7000 b3:05 7741 
[ 5535.889406] 58ef0000-59000000 r--p 00000000 b3:05 7742 /data/dalvik-cache/system@framework@framework-ext.jar@classes.dex
[ 5535.900323] 59000000-596bc000 r--s 00000000 b3:04 1098 /system/usr/icu/icudt46l.dat
[ 5535.908035] 596bc000-596bd000 ---p 596bc000 b3:04 1098 
[ 5535.913285] 596bd000-597bc000 rw-p 596bd000 b3:04 1098 
[ 5535.918536] 597bc000-597c0000 rw-p 597bc000 b3:04 1098 
[ 5535.923784] 597c0000-597c1000 ---p 597c0000 b3:04 1098 
[ 5535.929033] 597c1000-598c0000 rw-p 597c1000 b3:04 1098 
[ 5535.934281] 598c0000-598c1000 ---p 598c0000 b3:04 1098 
[ 5535.939530] 598c1000-599c0000 rw-p 598c1000 b3:04 1098 
[ 5535.944778] 599c0000-599c4000 rw-p 599c0000 b3:04 1098 
[ 5535.950026] 599c4000-599c5000 ---p 599c4000 b3:04 1098 
[ 5535.955276] 599c5000-59ac4000 rw-p 599c5000 b3:04 1098 
[ 5535.960524] 59ac4000-59ac8000 rw-p 59ac4000 b3:04 1098 
[ 5535.965773] 59ac8000-59ac9000 ---p 59ac8000 b3:04 1098 
[ 5535.971022] 59ac9000-59bc8000 rw-p 59ac9000 b3:04 1098 
[ 5535.976271] 59bc8000-59bcc000 rw-p 59bc8000 b3:04 1098 
[ 5535.981520] 59bcc000-59bcd000 ---p 59bcc000 b3:04 1098 
[ 5535.986769] 59bcd000-59ccc000 rw-p 59bcd000 b3:04 1098 
[ 5535.992018] 59ccc000-59cd0000 rw-p 59ccc000 b3:04 1098 
[ 5535.997267] 59cd0000-59dd0000 r-xp 00000000 00:04 112756 /dev/ashmem/dalvik-jit-code-cache (deleted)
[ 5536.006450] 59dd0000-59ece000 r--p 00000000 00:0c 527 /dev/binder
[ 5536.012584] 59ece000-59ecf000 ---p 59ece000 00:0c 527 
[ 5536.017747] 59ecf000-59fce000 rw-p 59ecf000 00:0c 527 
[ 5536.022910] 59fce000-59fd2000 rw-p 59fce000 00:0c 527 
[ 5536.028072] 59fd2000-59fd3000 ---p 59fd2000 00:0c 527 
[ 5536.033235] 59fd3000-5a0d2000 rw-p 59fd3000 00:0c 527 
[ 5536.038399] 5a0d2000-5a0d6000 rw-p 5a0d2000 00:0c 527 
[ 5536.043562] b0001000-b0009000 r-xp 00001000 b3:04 160 /system/bin/linker
[ 5536.050303] b0009000-b000a000 rw-p 00009000 b3:04 160 /system/bin/linker
[ 5536.057043] b000a000-b0015000 rw-p b000a000 b3:04 160 
[ 5536.062205] bed9e000-bedc0000 rw-p befde000 b3:04 160 
[ 5536.067365] -----------------------------------------------------------
[ 5536.067369] 
[ 5536.075485] task stack info : pid(2374) stack area (0xbed9e000 ~ 0xbedc0000)
[ 5536.082545] -----------------------------------------------------------
[ 5536.089169] * dump user stack
[ 5536.092142] -----------------------------------------------------------
[ 5536.098769] pid(2374) stack vma (0xbed9e000 ~ 0xbedc0000)
[ 5536.104178] User Stack: (0xbedbf370 to 0xbedbfb40)
[ 5536.108981] f360:                                     ffffffff 6c756e28 0000296c 00000000
[ 5536.117174] f380: 00000000 00000000 00000000 00000000 00000000 00000000 00000000 00000000
[ 5536.125368] f3a0: 00000000 00000000 00000000 00000000 00000000 00000000 00000000 00000000
[ 5536.133560] f3c0: 00000000 00000000 00000000 00000000 00000000 00000000 00000000 00000000
[ 5536.141752] f3e0: 00000000 00000000 00000000 00000000 00000000 00000000 00000000 00000000
[ 5536.149943] f400: 00000000 00000000 00000000 00000000 00000000 00000000 00000000 00000000
[ 5536.158136] f420: 00000000 00000000 00000000 00000000 00000000 00000000 00000000 00000000
[ 5536.166339] f440: 00000000 00000000 00000000 00000000 00000000 00000000 00000000 00000000
[ 5536.174534] f460: 00000000 00000000 00000000 00000000 00000000 00000000 00000000 00000000
[ 5536.182727] f480: 00000000 00000000 00000000 00000000 00000000 00000000 00000000 00000000
[ 5536.190921] f4a0: 00000000 00000000 00000000 00000000 00000000 00000000 00000000 00000000
[ 5536.199113] f4c0: 00000000 00000000 00000000 00000000 00000000 00000000 00000000 00000000
[ 5536.207305] f4e0: 00000000 00000000 00000000 00000000 00000000 00000000 00000000 00000000
[ 5536.215497] f500: 00000000 00000000 00000000 00000000 00000000 00000000 00000000 00000000
[ 5536.223690] f520: 00000000 00000000 00000000 00000000 00000000 00000000 00000000 00000000
[ 5536.231882] f540: 00000000 00000000 00000000 00000000 00000000 00000000 00000000 00000000
[ 5536.240076] f560: 00000000 00000000 00000000 00000000 00000000 b419d9fb 00000000 40debf90
[ 5536.248269] f580: 40dcca57 40d7d64f bedbf674 40d7dfc3 000000a3 00000000 40dcd3b4 00000014
[ 5536.256464] f5a0: bedbf65c 40d6cbe4 00012cf4 41029960 40dcd3e6 40debf90 bedbf66c 00000002
[ 5536.264657] f5c0: 00000002 00000014 40debf90 40dad675 40df0c58 00000018 41029960 40d6cbe4
[ 5536.272851] f5e0: 00000003 0000001c 40debf90 b419d9fb 40debf90 00000000 00012988 40d993e7
[ 5536.281044] f600: 41029980 00000000 bedbf634 00000001 40debf90 410298fc 1d30002d b419d9fb
[ 5536.289237] f620: 410298f8 0000f2e0 bedbf664 1ea00025 40d8f841 b419d9fb 0000f2e0 0000f2e0
[ 5536.297430] f640: bedbf674 bedbfc85 bedbfb5c 1d2000aa 1ea00025 56f3dc28 00000003 40d7f5b9
[ 5536.305624] f660: 40dcd3e6 0000f2e0 bedbfc85 00000000 bedbf601 0000f2e0 40de43b2 00000020
[ 5536.313817] f680: 40d7f301 00000002 0000f2e0 40d7f591 00000002 40148f23 00000003 bedbf6cc
[ 5536.322010] f6a0: bedbfad4 00000000 56ef4fa8 bedbf6e8 56ef4fa0 00000008 bedbf6fc 00008d07
[ 5536.327357] IR: [03932] scan key value is 0xf10ec936 
[ 5536.327361]  f6c0: bedbfb50 56f47688 00012988 000f7eb8 40fb7f90 56f3e430 00012988 40148c77
[ 5536.343557] f6e0: 56f3e430 40d57c74 56ef4fa0 00000001 40fb7f90 00012998 00000010 40d92007
[ 5536.351753] f700: 56ef4fa0 583637ad 40148c69 00012998 00000000 00000000 20d0001d 00000000
[ 5536.359945] f720: 00000000 00000000 00000000 00000000 00000000 00000000 00000000 00000000
[ 5536.368141] f740: 00000000 00000000 00000000 00000000 41029600 577ad8ec 56ef4f58 56f3e3f8
[ 5536.376333] f760: 00056be8 00000000 00000000 bedbf8a0 00000000 bedbf914 00000000 00012988
[ 5536.379951] IR: [03932] scan key value is 0xf10ec936 
[ 5536.379955]  f780: 56f99e30 bedbf7f0 40f9a018 00000012 00000000 00000001 40f9a018 00000012
[ 5536.397867] f7a0: 41029820 41029820 00012cf4 41029820 00000003 00012988 00000012 41029820
[ 5536.406060] f7c0: fffffe4c 40d99421 41029820 00000000 40df0c58 00000012 41029820 40d6cbe4
[ 5536.414266] f7e0: 00012cf4 41029800 00000003 40debf90 40f9b928 00000001 bedbf878 56f3e444
[ 5536.422476] f800: 00000001 bedbf878 56f3e430 56f3e430 000001c0 583ab609 00000007 bedbf878
[ 5536.430672] f820: 00000001 40dc7a7d bedbf878 40dada69 40fb7f90 00000001 56f3e430 40db09cd
[ 5536.438866] f840: 583ab609 583ab609 40fb7f90 b419d9fb 00056be8 00000000 00000000 56f3e430
[ 5536.447059] f860: 00012998 00012988 40fb7f90 40d57e00 00000007 56ef4f8c 00000010 40d85989
[ 5536.455252] f880: 56ef4fa0 00012998 56f3e430 581a5002 56ef4fb4 00012988 40fb7f90 40d69ad0
[ 5536.463466] f8a0: 40debf90 00012988 40debf90 bedbf8d0 56f3e580 bedbf914 00000000 00000000
[ 5536.471702] f8c0: bedbf998 40d6d314 bedbf9c4 40debf90 00000000 00000000 00000000 00000000
[ 5536.479903] f8e0: 00000000 00000000 00000000 00000000 00000000 00000000 00000000 00000000
[ 5536.488123] f900: 00000000 00000000 00000000 00000000 40dcd406 00000000 56ef4fb4 00000000
[ 5536.496359] f920: 00000000 00000000 00000000 00000000 00000000 00000000 bedbf8f8 00012988
[ 5536.504586] f940: 56f3e580 bedbfa10 bedbfa10 00000001 58364b56 56ef4fc0 bedbf960 40da5ad5
[ 5536.512816] f960: 00012988 56f3e580 00000000 56f3e580 bedbfa0c 0000f2e0 40d8dfb1 40dcd3b4
[ 5536.521049] f980: 1d700019 bedbfa0c 00009062 40d8dfd3 bedbf998 bedbfa0c 56f3e580 40d8277d
[ 5536.529271] f9a0: bedbf9c4 00012988 bedbf9c4 bedbf9c4 56f3e580 40d82863 1d700019 56f3e580
[ 5536.537478] f9c0: 40dcd406 0000f2e0 40de4172 00000000 40186301 40d858f3 40d82805 000090c6
[ 5536.545679] f9e0: 1d700019 40d7fb7d 000f7f80 1ea0000d 0000904c 40148e8d 0000f2e0 bedbfa0c
[ 5536.553918] fa00: 401a0b38 401499f7 56f3e580 1ea0000d 00000000 00000000 000000bb 4004c474
[ 5536.562125] fa20: 00010500 00000000 ffffffec 4004c474 0000904c 40018a5f 00000015 b000a2a8
[ 5536.570334] fa40: 0000892c b0003b0f 00000000 00000000 00000000 000000a0 00000014 bedbfad8
[ 5536.578536] fa60: 40148ccd 00000000 00010510 400b5321 bedbfad8 00000014 00001000 00000014
[ 5536.586745] fa80: bedbfad4 0000f2e0 bedbfb48 0000a140 00000000 bedbfc5f bedbfb50 bedbfb48
[ 5536.594951] faa0: 0000903c 00008f0d b000a078 00000005 bedbfc53 00009070 bedbfb50 00000000
[ 5536.603156] fac0: 00000000 00000000 bedbfc47 000001d1 bedbfc47 0000a028 4019f780 00010510
[ 5536.611364] fae0: 00000010 00000000 00000008 bedbfc53 bedbfc5f 1d2000aa 00000003 bedbfb50
[ 5536.619576] fb00: 4002bb09 00008be4 bedbfb44 00000006 bedbfb60 00000000 00000000 00000000
[ 5536.627790] fb20: 00000000 4001a56b 00000000 00000000 00000000 00000000 00000000 ffffffc8
[ 5536.636012] -----------------------------------------------------------
[ 5536.636026] 
[ 5536.873028] app_process: unhandled page fault (11) at 0xdeadd00d, code 0x80d
[ 5537.644160] IR: [03932] scan key value is 0xf10ec936 
[ 5537.644167]  
[ 5537.696754] IR: [03932] scan key value is 0xf10ec936 
[ 5537.696759]  
[ 5538.241598] app_process: unhandled page fault (11) at 0xdeadd00d, code 0x80d
[ 5538.249160] [COREDUMP] SIGNR:11
[ 5538.249165] 
[ 5538.976422] IR: [03932] scan key value is 0xed12c936 
[ 5538.976428]  
[ 5539.028983] IR: [03932] scan key value is 0xed12c936 
[ 5539.028987]  
[ 5539.814983] IR: [03932] scan key value is 0xee11c936 
[ 5539.814988]  
[ 5539.867542] IR: [03932] scan key value is 0xee11c936 
[ 5539.867548]  
[ 5540.420070] IR: [03932] scan key value is 0xed12c936 
[ 5540.420074]  
[ 5540.472636] IR: [03932] scan key value is 0xed12c936 
[ 5540.472641]  
[ 5541.376045] IR: [03932] scan key value is 0xea15c936 
[ 5541.376050]  
[ 5541.428617] IR: [03932] scan key value is 0xea15c936 
[ 5541.428622]  
[ 5542.259199] IR: [03932] scan key value is 0xea15c936 
[ 5542.259204]  
[ 5542.311765] IR: [03932] scan key value is 0xea15c936 
[ 5542.311771]  
[ 5542.830568] IR: [03932] scan key value is 0xeb14c936 
[ 5542.830573]  
[ 5542.883122] IR: [03932] scan key value is 0xeb14c936 
[ 5542.883127]  
[ 5543.243356] IR: [03932] scan key value is 0xeb14c936 
[ 5543.243363]  
[ 5543.295906] IR: [03932] scan key value is 0xeb14c936 
[ 5543.295911]  
[ 5543.770889] IR: [03932] scan key value is 0xeb14c936 
[ 5543.770894]  
[ 5543.823468] IR: [03932] scan key value is 0xeb14c936 
[ 5543.823473]  
[ 5545.931319] IR: [03932] scan key value is 0xeb14c936 
[ 5545.931324]  
[ 5545.983905] IR: [03932] scan key value is 0xeb14c936 
[ 5545.983910]  
[ 5546.925103] IR: [03932] scan key value is 0xeb14c936 
[ 5546.925108]  
[ 5546.977695] IR: [03932] scan key value is 0xeb14c936 
[ 5546.977700]  
[ 5547.688797] IR: [03932] scan key value is 0xec13c936 
[ 5547.688802]  
[ 5547.741385] IR: [03932] scan key value is 0xec13c936 
[ 5547.741390]  
[ 5549.204000] IR: [03932] scan key value is 0xeb14c936 
[ 5549.204004]  
[ 5549.256563] IR: [03932] scan key value is 0xeb14c936 
[ 5549.256568]  
[ 5549.629874] IR: [03932] scan key value is 0xec13c936 
[ 5549.629879]  
[ 5549.682458] IR: [03932] scan key value is 0xec13c936 
[ 5549.682463]  
[ 5552.729562] app_process: unhandled page fault (11) at 0xdeadd00d, code 0x80d
[ 5553.039309] app_process: unhandled page fault (11) at 0xdeadd00d, code 0x80d
[ 5554.273649] app_process: unhandled page fault (11) at 0xdeadd00d, code 0x80d
[ 5554.280897] [COREDUMP] SIGNR:11
[ 5554.280900] 
[ 5581.866568] IR: [03932] scan key value is 0xea15c936 
[ 5581.866573]  
[ 5581.919156] IR: [03932] scan key value is 0xea15c936 
[ 5581.919161]  
[ 5582.845289] IR: [03932] scan key value is 0xee11c936 
[ 5582.845294]  
[ 5582.897889] IR: [03932] scan key value is 0xee11c936 
[ 5582.897894]  
[ 5587.241492] IR: [03932] scan key value is 0xea15c936 
[ 5587.241497]  
[ 5587.294056] IR: [03932] scan key value is 0xea15c936 
[ 5587.294060]  
[ 5588.406788] IR: [03932] scan key value is 0xee11c936 
[ 5588.406793]  
[ 5588.459350] IR: [03932] scan key value is 0xee11c936 
[ 5588.459355]  
[ 5590.878936] app_process: unhandled page fault (11) at 0xdeadd00d, code 0x80d
[ 5591.088626] app_process: unhandled page fault (11) at 0xdeadd00d, code 0x80d
[ 5592.318143] app_process: unhandled page fault (11) at 0xdeadd00d, code 0x80d
[ 5592.325439] [COREDUMP] SIGNR:11
[ 5592.325443] 
[ 5598.656303] app_process: unhandled page fault (11) at 0xdeadd00d, code 0x80d
[ 5598.964084] app_process: unhandled page fault (11) at 0xdeadd00d, code 0x80d
[ 5600.195171] app_process: unhandled page fault (11) at 0xdeadd00d, code 0x80d
[ 5600.202430] [COREDUMP] SIGNR:11
[ 5600.202433] 
[ 5762.613566] IR: [03932] scan key value is 0xf10ec936 
[ 5762.613571]  
[ 5762.666160] IR: [03932] scan key value is 0xf10ec936 
[ 5762.666165]  
[ 5763.550083] IR: [03932] scan key value is 0xf10ec936 
[ 5763.550088]  
[ 5763.602667] IR: [03932] scan key value is 0xf10ec936 
[ 5763.602671]  
[ 5764.004696] IR: [03932] scan key value is 0xed12c936 
[ 5764.004701]  
[ 5764.057282] IR: [03932] scan key value is 0xed12c936 
[ 5764.057286]  
[ 5765.423430] IR: [03932] scan key value is 0xeb14c936 
[ 5765.423435]  
[ 5765.476024] IR: [03932] scan key value is 0xeb14c936 
[ 5765.476029]  
[ 5765.837861] IR: [03932] scan key value is 0xec13c936 
[ 5765.837866]  
[ 5765.890456] IR: [03932] scan key value is 0xec13c936 
[ 5765.890461]  
[ 5767.209575] IR: [03932] scan key value is 0xeb14c936 
[ 5767.209579]  
[ 5767.262135] IR: [03932] scan key value is 0xeb14c936 
[ 5767.262140]  
[ 5767.566606] IR: [03932] scan key value is 0xec13c936 
[ 5767.566611]  
[ 5767.619172] IR: [03932] scan key value is 0xec13c936 
[ 5767.619177]  
[ 5772.546343] IR: [03932] scan key value is 0xed12c936 
[ 5772.546348]  
[ 5772.598939] IR: [03932] scan key value is 0xed12c936 
[ 5772.598944]  
[ 5773.500750] IR: [03932] scan key value is 0xea15c936 
[ 5773.500755]  
[ 5774.085191] IR: [03932] scan key value is 0xed12c936 
[ 5774.085196]  
[ 5774.137779] IR: [03932] scan key value is 0xed12c936 
[ 5774.137785]  
[ 5775.067844] IR: [03932] scan key value is 0xec13c936 
[ 5775.067849]  
[ 5775.120431] IR: [03932] scan key value is 0xec13c936 
[ 5775.120436]  
[ 5779.516148] IR: [03932] scan key value is 0xeb14c936 
[ 5779.516153]  
[ 5779.568749] IR: [03932] scan key value is 0xeb14c936 
[ 5779.568753]  
[ 5786.690635] IR: [03932] scan key value is 0xec13c936 
[ 5786.690640]  
[ 5786.743230] IR: [03932] scan key value is 0xec13c936 
[ 5786.743235]  
[ 5789.267176] IR: [03932] scan key value is 0xec13c936 
[ 5789.267181]  
[ 5789.319761] IR: [03932] scan key value is 0xec13c936 
[ 5789.319765]  
[ 5792.750134] IR: [03932] scan key value is 0xec13c936 
[ 5792.750140]  
[ 5792.802729] IR: [03932] scan key value is 0xec13c936 
[ 5792.802735]  
[ 5793.366667] IR: [03932] scan key value is 0xed12c936 
[ 5793.366672]  
[ 5793.419257] IR: [03932] scan key value is 0xed12c936 
[ 5793.419262]  
[ 5800.555851] IR: [03932] scan key value is 0xeb14c936 
[ 5800.555856]  
[ 5800.608444] IR: [03932] scan key value is 0xeb14c936 
[ 5800.608449]  
[ 5802.671961] IR: [03932] scan key value is 0xec13c936 
[ 5802.671966]  
[ 5802.724556] IR: [03932] scan key value is 0xec13c936 
[ 5802.724561]  
[ 5802.832874] IR: [03932] scan key value is 0xec13c936 
[ 5802.832879]  
[ 5805.820244] IR: [03932] scan key value is 0xec13c936 
[ 5805.820248]  
[ 5805.872835] IR: [03932] scan key value is 0xec13c936 
[ 5805.872840]  
[ 5805.981165] IR: [03932] scan key value is 0xec13c936 
[ 5805.981170]  
[ 5806.886782] IR: [03932] scan key value is 0xed12c936 
[ 5806.886787]  
[ 5806.939378] IR: [03932] scan key value is 0xed12c936 
[ 5806.939382]  
[ 5813.411414] IR: [03932] scan key value is 0xf10ec936 
[ 5813.411418]  
[ 5813.464011] IR: [03932] scan key value is 0xf10ec936 
[ 5813.464016]  
[ 5815.913334] IR: [03932] scan key value is 0xed12c936 
[ 5815.913338]  
[ 5815.965926] IR: [03932] scan key value is 0xed12c936 
[ 5815.965930]  
[ 5816.307595] IR: [03932] scan key value is 0xea15c936 
[ 5816.307602]  
[ 5816.360146] IR: [03932] scan key value is 0xea15c936 
[ 5816.360151]  
[ 5816.709795] IR: [03932] scan key value is 0xea15c936 
[ 5816.709800]  
[ 5816.762390] IR: [03932] scan key value is 0xea15c936 
[ 5816.762395]  
[ 5817.197367] IR: [03932] scan key value is 0xea15c936 
[ 5817.197375]  
[ 5817.249965] IR: [03932] scan key value is 0xea15c936 
[ 5817.249972]  
[ 5817.548156] IR: [03932] scan key value is 0xea15c936 
[ 5817.548160]  
[ 5817.600751] IR: [03932] scan key value is 0xea15c936 
[ 5817.600756]  
[ 5817.709068] IR: [03932] scan key value is 0xea15c936 
[ 5817.709073]  
[ 5817.950939] IR: [03932] scan key value is 0xeb14c936 
[ 5817.950943]  
[ 5818.003532] IR: [03932] scan key value is 0xeb14c936 
[ 5818.003536]  
[ 5818.507468] IR: [03932] scan key value is 0xea15c936 
[ 5818.507473]  
[ 5818.560099] IR: [03932] scan key value is 0xea15c936 
[ 5818.560108]  
[ 5818.801417] IR: [03932] scan key value is 0xea15c936 
[ 5818.801422]  
[ 5818.854050] IR: [03932] scan key value is 0xea15c936 
[ 5818.854058]  
[ 5819.099395] IR: [03932] scan key value is 0xea15c936 
[ 5819.099400]  
[ 5819.151988] IR: [03932] scan key value is 0xea15c936 
[ 5819.151993]  
[ 5819.434087] IR: [03932] scan key value is 0xea15c936 
[ 5819.434092]  
[ 5819.486681] IR: [03932] scan key value is 0xea15c936 
[ 5819.486686]  
[ 5819.766715] IR: [03932] scan key value is 0xea15c936 
[ 5819.766720]  
[ 5819.819315] IR: [03932] scan key value is 0xea15c936 
[ 5819.819323]  
[ 5820.229946] IR: [03932] scan key value is 0xea15c936 
[ 5820.229950]  
[ 5820.282540] IR: [03932] scan key value is 0xea15c936 
[ 5820.282545]  
[ 5820.751402] IR: [03932] scan key value is 0xea15c936 
[ 5820.751407]  
[ 5820.804006] IR: [03932] scan key value is 0xea15c936 
[ 5820.804011]  
[ 5821.152173] IR: [03932] scan key value is 0xea15c936 
[ 5821.152181]  
[ 5821.204729] IR: [03932] scan key value is 0xea15c936 
[ 5821.204734]  
[ 5821.554175] IR: [03932] scan key value is 0xea15c936 
[ 5821.554179]  
[ 5821.606759] IR: [03932] scan key value is 0xea15c936 
[ 5821.606763]  
[ 5821.905871] IR: [03932] scan key value is 0xea15c936 
[ 5821.905876]  
[ 5821.958467] IR: [03932] scan key value is 0xea15c936 
[ 5821.958472]  
[ 5822.293435] IR: [03932] scan key value is 0xea15c936 
[ 5822.293440]  
[ 5822.346029] IR: [03932] scan key value is 0xea15c936 
[ 5822.346033]  
[ 5822.798919] IR: [03932] scan key value is 0xea15c936 
[ 5822.798923]  
[ 5822.851513] IR: [03932] scan key value is 0xea15c936 
[ 5822.851519]  
[ 5823.174742] IR: [03932] scan key value is 0xea15c936 
[ 5823.174747]  
[ 5823.227334] IR: [03932] scan key value is 0xea15c936 
[ 5823.227339]  
[ 5823.464465] IR: [03932] scan key value is 0xea15c936 
[ 5823.464469]  
[ 5823.517075] IR: [03932] scan key value is 0xea15c936 
[ 5823.517082]  
[ 5823.726884] IR: [03932] scan key value is 0xea15c936 
[ 5823.726889]  
[ 5823.779477] IR: [03932] scan key value is 0xea15c936 
[ 5823.779482]  
[ 5824.067314] IR: [03932] scan key value is 0xea15c936 
[ 5824.067320]  
[ 5824.119905] IR: [03932] scan key value is 0xea15c936 
[ 5824.119909]  
[ 5824.367626] IR: [03932] scan key value is 0xea15c936 
[ 5824.367631]  
[ 5824.420225] IR: [03932] scan key value is 0xea15c936 
[ 5824.420230]  
[ 5825.011108] IR: [03932] scan key value is 0xea15c936 
[ 5825.011112]  
[ 5825.063701] IR: [03932] scan key value is 0xea15c936 
[ 5825.063706]  
[ 5825.611366] IR: [03932] scan key value is 0xed12c936 
[ 5825.611371]  
[ 5826.027696] IR: [03932] scan key value is 0xed12c936 
[ 5826.027701]  
[ 5826.080289] IR: [03932] scan key value is 0xed12c936 
[ 5826.080293]  
[ 5827.023150] IR: [03932] scan key value is 0xed12c936 
[ 5827.023155]  
[ 5827.075750] IR: [03932] scan key value is 0xed12c936 
[ 5827.075755]  
[ 5827.475935] IR: [03932] scan key value is 0xee11c936 
[ 5827.475940]  
[ 5827.528537] IR: [03932] scan key value is 0xee11c936 
[ 5827.528542]  
[ 5828.066653] IR: [03932] scan key value is 0xea15c936 
[ 5828.066658]  
[ 5828.119247] IR: [03932] scan key value is 0xea15c936 
[ 5828.119252]  
[ 5828.227573] IR: [03932] scan key value is 0xea15c936 
[ 5828.227579]  
[ 5828.335902] IR: [03932] scan key value is 0xea15c936 
[ 5828.335907]  
[ 5828.444213] IR: [03932] scan key value is 0xea15c936 
[ 5828.444221]  
[ 5828.552531] IR: [03932] scan key value is 0xea15c936 
[ 5828.552536]  
[ 5828.953127] IR: [03932] scan key value is 0xed12c936 
[ 5828.953132]  
[ 5829.005713] IR: [03932] scan key value is 0xed12c936 
[ 5829.005718]  
[ 5829.114036] IR: [03932] scan key value is 0xed12c936 
[ 5829.114042]  
[ 5829.222359] IR: [03932] scan key value is 0xed12c936 
[ 5829.222365]  
[ 5830.036968] IR: [03932] scan key value is 0xee11c936 
[ 5830.036973]  
[ 5830.089563] IR: [03932] scan key value is 0xee11c936 
[ 5830.089567]  
[ 5830.197883] IR: [03932] scan key value is 0xee11c936 
[ 5830.197888]  
[ 5830.306238] IR: [03932] scan key value is 0xee11c936 
[ 5830.306243]  
[ 5830.748266] IR: [03932] scan key value is 0xea15c936 
[ 5830.748274]  
[ 5830.800862] IR: [03932] scan key value is 0xea15c936 
[ 5830.800868]  
[ 5830.909190] IR: [03932] scan key value is 0xea15c936 
[ 5830.909196]  
[ 5831.017472] IR: [03932] scan key value is 0xea15c936 
[ 5831.017477]  
[ 5831.125831] IR: [03932] scan key value is 0xea15c936 
[ 5831.125839]  
[ 5831.234114] IR: [03932] scan key value is 0xea15c936 
[ 5831.234123]  
[ 5831.342437] IR: [03932] scan key value is 0xea15c936 
[ 5831.342442]  
[ 5833.693711] IR: [03932] scan key value is 0xec13c936 
[ 5833.693716]  
[ 5833.746309] IR: [03932] scan key value is 0xec13c936 
[ 5833.746314]  
[ 5835.055148] IR: [03932] scan key value is 0xec13c936 
[ 5835.055152]  
[ 5835.107741] IR: [03932] scan key value is 0xec13c936 
[ 5835.107745]  
[ 5835.216060] IR: [03932] scan key value is 0xec13c936 
[ 5835.216065]  
[ 5835.653105] IR: [03932] scan key value is 0xee11c936 
[ 5835.653109]  
[ 5835.705701] IR: [03932] scan key value is 0xee11c936 
[ 5835.705706]  
[ 5835.814027] IR: [03932] scan key value is 0xee11c936 
[ 5835.814031]  
[ 5836.184654] IR: [03932] scan key value is 0xed12c936 
[ 5836.184659]  
[ 5836.237247] IR: [03932] scan key value is 0xed12c936 
[ 5836.237251]  
[ 5836.770460] IR: [03932] scan key value is 0xed12c936 
[ 5836.770465]  
[ 5836.823055] IR: [03932] scan key value is 0xed12c936 
[ 5836.823060]  
[ 5837.165535] IR: [03932] scan key value is 0xee11c936 
[ 5837.165540]  
[ 5837.218140] IR: [03932] scan key value is 0xee11c936 
[ 5837.218145]  
[ 5837.615347] IR: [03932] scan key value is 0xee11c936 
[ 5837.615352]  
[ 5837.667946] IR: [03932] scan key value is 0xee11c936 
[ 5837.667952]  
[ 5837.776257] IR: [03932] scan key value is 0xee11c936 
[ 5837.776263]  
[ 5837.884576] IR: [03932] scan key value is 0xee11c936 
[ 5837.884581]  
[ 5838.141317] IR: [03932] scan key value is 0xee11c936 
[ 5838.141321]  
[ 5838.193904] IR: [03932] scan key value is 0xee11c936 
[ 5838.193912]  
[ 5838.302223] IR: [03932] scan key value is 0xee11c936 
[ 5838.302228]  
[ 5838.738142] IR: [03932] scan key value is 0xea15c936 
[ 5838.738147]  
[ 5838.790740] IR: [03932] scan key value is 0xea15c936 
[ 5838.790745]  
[ 5839.152233] IR: [03932] scan key value is 0xee11c936 
[ 5839.152238]  
[ 5839.204822] IR: [03932] scan key value is 0xee11c936 
[ 5839.204827]  
[ 5839.583423] IR: [03932] scan key value is 0xea15c936 
[ 5839.583428]  
[ 5839.636023] IR: [03932] scan key value is 0xea15c936 
[ 5839.636027]  
[ 5839.987165] IR: [03932] scan key value is 0xee11c936 
[ 5839.987170]  
[ 5840.039766] IR: [03932] scan key value is 0xee11c936 
[ 5840.039772]  
[ 5840.412809] IR: [03932] scan key value is 0xea15c936 
[ 5840.412814]  
[ 5840.465411] IR: [03932] scan key value is 0xea15c936 
[ 5840.465416]  
[ 5840.768865] IR: [03932] scan key value is 0xee11c936 
[ 5840.768870]  
[ 5840.821467] IR: [03932] scan key value is 0xee11c936 
[ 5840.821472]  
[ 5841.861294] IR: [03932] scan key value is 0xed12c936 
[ 5841.861298]  
[ 5841.913933] IR: [03932] scan key value is 0xed12c936 
[ 5841.913940]  
[ 5842.606509] IR: [03932] scan key value is 0xee11c936 
[ 5842.606515]  
[ 5842.659122] IR: [03932] scan key value is 0xee11c936 
[ 5842.659129]  
[ 5842.767414] IR: [03932] scan key value is 0xee11c936 
[ 5842.767419]  
[ 5842.875765] IR: [03932] scan key value is 0xee11c936 
[ 5842.875773]  
[ 5843.304539] IR: [03932] scan key value is 0xeb14c936 
[ 5843.304545]  
[ 5843.357178] IR: [03932] scan key value is 0xeb14c936 
[ 5843.357185]  
[ 5843.465458] IR: [03932] scan key value is 0xeb14c936 
[ 5843.465462]  
[ 5843.808934] IR: [03932] scan key value is 0xed12c936 
[ 5843.808940]  
[ 5843.861524] IR: [03932] scan key value is 0xed12c936 
[ 5843.861529]  
[ 5844.187812] IR: [03932] scan key value is 0xee11c936 
[ 5844.187817]  
[ 5844.240413] IR: [03932] scan key value is 0xee11c936 
[ 5844.240419]  
[ 5844.348726] IR: [03932] scan key value is 0xee11c936 
[ 5844.348731]  
[ 5845.400120] IR: [03932] scan key value is 0xed12c936 
[ 5845.400125]  
[ 5845.452707] IR: [03932] scan key value is 0xed12c936 
[ 5845.452712]  
[ 5845.561038] IR: [03932] scan key value is 0xed12c936 
[ 5845.561044]  
[ 5846.283257] IR: [03932] scan key value is 0xee11c936 
[ 5846.283265]  
[ 5846.335813] IR: [03932] scan key value is 0xee11c936 
[ 5846.335818]  
[ 5846.981999] IR: [03932] scan key value is 0xf10ec936 
[ 5846.982004]  
[ 5847.034594] IR: [03932] scan key value is 0xf10ec936 
[ 5847.034598]  
[ 5848.350654] IR: [03932] scan key value is 0xf10ec936 
[ 5848.350659]  
[ 5848.403246] IR: [03932] scan key value is 0xf10ec936 
[ 5848.403251]  
[ 5849.785310] IR: [03932] scan key value is 0xeb14c936 
[ 5849.785315]  
[ 5849.837909] IR: [03932] scan key value is 0xeb14c936 
[ 5849.837914]  
[ 5850.361849] IR: [03932] scan key value is 0xec13c936 
[ 5850.361855]  
[ 5850.414446] IR: [03932] scan key value is 0xec13c936 
[ 5850.414451]  
[ 5852.456760] IR: [03932] scan key value is 0xea15c936 
[ 5852.456765]  
[ 5852.509319] IR: [03932] scan key value is 0xea15c936 
[ 5852.509324]  
[ 5901.874699] irq_proc_write
[ 5934.826175] IR: [03932] scan key value is 0xee11c936 
[ 5934.826180]  
[ 5934.878773] IR: [03932] scan key value is 0xee11c936 
[ 5934.878778]  
[ 5935.103398] IR: [03932] scan key value is 0xee11c936 
[ 5935.103403]  
[ 5935.155995] IR: [03932] scan key value is 0xee11c936 
[ 5935.156001]  
[ 5935.459811] IR: [03932] scan key value is 0xee11c936 
[ 5935.459816]  
[ 5935.512414] IR: [03932] scan key value is 0xee11c936 
[ 5935.512419]  
[ 5935.969313] IR: [03932] scan key value is 0xeb14c936 
[ 5935.969318]  
[ 5936.021888] IR: [03932] scan key value is 0xeb14c936 
[ 5936.021893]  
[ 5936.378899] IR: [03932] scan key value is 0xec13c936 
[ 5936.378904]  
[ 5936.431492] IR: [03932] scan key value is 0xec13c936 
[ 5936.431497]  
[ 5952.882986] IR: [03932] scan key value is 0xed12c936 
[ 5952.882990]  
[ 5952.935579] IR: [03932] scan key value is 0xed12c936 
[ 5952.935583]  
[ 5953.694280] IR: [03932] scan key value is 0xeb14c936 
[ 5953.694285]  
[ 5953.746871] IR: [03932] scan key value is 0xeb14c936 
[ 5953.746877]  
[ 5953.855190] IR: [03932] scan key value is 0xeb14c936 
[ 5953.855195]  
[ 5954.322097] IR: [03932] scan key value is 0xea15c936 
[ 5954.322102]  
[ 5954.374691] IR: [03932] scan key value is 0xea15c936 
[ 5954.374696]  
[ 5954.969742] IR: [03932] scan key value is 0xeb14c936 
[ 5954.969747]  
[ 5955.022330] IR: [03932] scan key value is 0xeb14c936 
[ 5955.022335]  
[ 5955.580137] IR: [03932] scan key value is 0xed12c936 
[ 5955.580142]  
[ 5955.632727] IR: [03932] scan key value is 0xed12c936 
[ 5955.632732]  
[ 5956.016734] IR: [03932] scan key value is 0xea15c936 
[ 5956.016739]  
[ 5956.069327] IR: [03932] scan key value is 0xea15c936 
[ 5956.069332]  
[ 5956.380069] IR: [03932] scan key value is 0xeb14c936 
[ 5956.380076]  
[ 5956.432651] IR: [03932] scan key value is 0xeb14c936 
[ 5956.432656]  
[ 5956.540974] IR: [03932] scan key value is 0xeb14c936 
[ 5956.540979]  
[ 5956.649295] IR: [03932] scan key value is 0xeb14c936 
[ 5956.649299]  
[ 5956.757614] IR: [03932] scan key value is 0xeb14c936 
[ 5956.757619]  
[ 5957.357200] IR: [03932] scan key value is 0xed12c936 
[ 5957.357204]  
[ 5957.409793] IR: [03932] scan key value is 0xed12c936 
[ 5957.409797]  
[ 5957.518109] IR: [03932] scan key value is 0xed12c936 
[ 5957.518114]  
[ 5957.876690] IR: [03932] scan key value is 0xed12c936 
[ 5957.876696]  
[ 5957.929278] IR: [03932] scan key value is 0xed12c936 
[ 5957.929283]  
[ 5958.301034] IR: [03932] scan key value is 0xeb14c936 
[ 5958.301039]  
[ 5958.353594] IR: [03932] scan key value is 0xeb14c936 
[ 5958.353598]  
[ 5958.461915] IR: [03932] scan key value is 0xeb14c936 
[ 5958.461920]  Dest_ip=0xc0a80279,TS_port=1234
[ 7012.179840] [SD_CTL_TASK] send msg to IMAN: msgid=0x503.
[ 7012.197637] CW880 :rtsk=0x17, stsk=0x15,msgid=0x504,msglen=24
[ 7012.204204] [SD_CTL_TASK] send msg to IMAN: msgid=0x1503.
[ 7012.221662] CW880 :rtsk=0x17, stsk=0x15,msgid=0x1516,msglen=4
[ 7012.228290] [SD_CTL_TASK] send msg to IMAN: msgid=0x508.
[ 7012.245605] CW880 :rtsk=0x17, stsk=0x15,msgid=0x1505,msglen=4
[ 7012.252681] [cw880_cwq2sdio_srv, 2234] set communicate type: 1
[ 7012.280714] Dest_ip=0xc0a80279,TS_port=1234
[ 7012.285606] [SD_CTL_TASK] send msg to IMAN: msgid=0x503.
[ 7012.305581] CW880 :rtsk=0x17, stsk=0x15,msgid=0x504,msglen=24
[ 7012.311927] [SD_CTL_TASK] send msg to IMAN: msgid=0x1503.
[ 7012.329582] CW880 :rtsk=0x17, stsk=0x15,msgid=0x1516,msglen=4
[ 7012.337892] [SD_CTL_TASK] send msg to IMAN: msgid=0x508.
[ 7012.349650] CW880 :rtsk=0x17, stsk=0x15,msgid=0x1505,msglen=4
[ 7012.356628] [cw880_cwq2sdio_srv, 2234] set communicate type: 1
[ 7014.838336] init: untracked pid 1935 exited
[ 7014.843441] init: untracked pid 1936 exited
[ 7014.850253] init: untracked pid 1937 exited
[ 7014.855049] init: untracked pid 1938 exited
[ 7034.268820] [SD_CTL_TASK] send msg to IMAN: msgid=0x513.
[ 7034.274436] CW880 :rtsk=0x17, stsk=0x15,msgid=0x1509,msglen=4
[ 7038.134027] Dest_ip=0xc0a80279,TS_port=1234
[ 7038.138893] [SD_CTL_TASK] send msg to IMAN: msgid=0x503.
[ 7038.161588] CW880 :rtsk=0x17, stsk=0x15,msgid=0x504,msglen=24
[ 7038.167995] [SD_CTL_TASK] send msg to IMAN: msgid=0x1503.
[ 7038.185612] CW880 :rtsk=0x17, stsk=0x15,msgid=0x1516,msglen=4
[ 7038.192073] [SD_CTL_TASK] send msg to IMAN: msgid=0x508.
[ 7038.209616] CW880 :rtsk=0x17, stsk=0x15,msgid=0x1505,msglen=4
[ 7038.216499] [cw880_cwq2sdio_srv, 2234] set communicate type: 1
[ 7038.259398] Dest_ip=0xc0a80279,TS_port=1234
[ 7038.264184] [SD_CTL_TASK] send msg to IMAN: msgid=0x503.
[ 7038.281630] CW880 :rtsk=0x17, stsk=0x15,msgid=0x504,msglen=24
[ 7038.289516] [SD_CTL_TASK] send msg to IMAN: msgid=0x1503.
[ 7038.297606] CW880 :rtsk=0x17, stsk=0x15,msgid=0x1516,msglen=4
[ 7038.304068] [SD_CTL_TASK] send msg to IMAN: msgid=0x508.
[ 7038.317658] CW880 :rtsk=0x17, stsk=0x15,msgid=0x1505,msglen=4
[ 7038.327140] [cw880_cwq2sdio_srv, 2234] set communicate type: 1
[ 7055.980329] [SD_CTL_TASK] send msg to IMAN: msgid=0x513.
[ 7055.985993] CW880 :rtsk=0x17, stsk=0x15,msgid=0x1509,msglen=4
[ 7059.231487] Dest_ip=0xc0a80279,TS_port=1234
[ 7059.236700] [SD_CTL_TASK] send msg to IMAN: msgid=0x503.
[ 7059.253608] CW880 :rtsk=0x17, stsk=0x15,msgid=0x504,msglen=24
[ 7059.260178] [SD_CTL_TASK] send msg to IMAN: msgid=0x1503.
[ 7059.277680] CW880 :rtsk=0x17, stsk=0x15,msgid=0x1516,msglen=4
[ 7059.284085] [SD_CTL_TASK] send msg to IMAN: msgid=0x508.
[ 7059.301603] CW880 :rtsk=0x17, stsk=0x15,msgid=0x1505,msglen=4
[ 7059.308538] [cw880_cwq2sdio_srv, 2234] set communicate type: 1
[ 7059.362545] Dest_ip=0xc0a80279,TS_port=1234
[ 7059.367776] [SD_CTL_TASK] send msg to IMAN: msgid=0x503.
[ 7059.385654] CW880 :rtsk=0x17, stsk=0x15,msgid=0x504,msglen=24
[ 7059.393855] [SD_CTL_TASK] send msg to IMAN: msgid=0x1503.
[ 7059.401635] CW880 :rtsk=0x17, stsk=0x15,msgid=0x1516,msglen=4
[ 7059.408614] [SD_CTL_TASK] send msg to IMAN: msgid=0x508.
[ 7059.421644] CW880 :rtsk=0x17, stsk=0x15,msgid=0x1505,msglen=4
[ 7059.429232] [cw880_cwq2sdio_srv, 2234] set communicate type: 1
[ 7236.165191] IR: [03932] scan key value is 0xeb14c936 
[ 7236.165198]  
[ 7236.217750] IR: [03932] scan key value is 0xeb14c936 
[ 7236.217756]  
[ 7236.634477] IR: [03932] scan key value is 0xea15c936 
[ 7236.634484]  
[ 7236.687065] IR: [03932] scan key value is 0xea15c936 
[ 7236.687070]  
[ 7236.899437] IR: [03932] scan key value is 0xea15c936 
[ 7236.899445]  
[ 7236.951999] IR: [03932] scan key value is 0xea15c936 
[ 7236.952005]  
[ 7237.192952] IR: [03932] scan key value is 0xed12c936 
[ 7237.192959]  
[ 7237.245501] IR: [03932] scan key value is 0xed12c936 
[ 7237.245506]  
[ 7237.450513] IR: [03932] scan key value is 0xed12c936 
[ 7237.450518]  
[ 7237.503101] IR: [03932] scan key value is 0xed12c936 
[ 7237.503106]  
[ 7237.960808] IR: [03932] scan key value is 0xeb14c936 
[ 7237.960813]  
[ 7238.013403] IR: [03932] scan key value is 0xeb14c936 
[ 7238.013408]  
[ 7480.285464] [SD_CTL_TASK] send msg to IMAN: msgid=0x513.
[ 7480.291310] CW880 :rtsk=0x17, stsk=0x15,msgid=0x1509,msglen=4
[ 7481.752761] Dest_ip=0xc0a80279,TS_port=1234
[ 7481.770361] [SD_CTL_TASK] send msg to IMAN: msgid=0x503.
[ 7481.785692] CW880 :rtsk=0x17, stsk=0x15,msgid=0x504,msglen=24
[ 7481.800493] [SD_CTL_TASK] send msg to IMAN: msgid=0x1503.
[ 7481.809644] CW880 :rtsk=0x17, stsk=0x15,msgid=0x1516,msglen=4
[ 7481.816405] [SD_CTL_TASK] send msg to IMAN: msgid=0x508.
[ 7481.833759] CW880 :rtsk=0x17, stsk=0x15,msgid=0x1505,msglen=4
[ 7481.842521] [cw880_cwq2sdio_srv, 2234] set communicate type: 1
[ 7482.002691] Dest_ip=0xc0a80279,TS_port=1234
[ 7482.012174] [SD_CTL_TASK] send msg to IMAN: msgid=0x503.
[ 7482.029692] CW880 :rtsk=0x17, stsk=0x15,msgid=0x504,msglen=24
[ 7482.039542] [SD_CTL_TASK] send msg to IMAN: msgid=0x1503.
[ 7482.053654] CW880 :rtsk=0x17, stsk=0x15,msgid=0x1516,msglen=4
[ 7482.060836] [SD_CTL_TASK] send msg to IMAN: msgid=0x508.
[ 7482.077682] CW880 :rtsk=0x17, stsk=0x15,msgid=0x1505,msglen=4
[ 7482.087090] [cw880_cwq2sdio_srv, 2234] set communicate type: 1
[ 7781.683129] Dest_ip=0xc0a80279,TS_port=1234
[ 7781.687871] [SD_CTL_TASK] send msg to IMAN: msgid=0x503.
[ 7781.701617] CW880 :rtsk=0x17, stsk=0x15,msgid=0x504,msglen=24
[ 7781.709467] [SD_CTL_TASK] send msg to IMAN: msgid=0x1503.
[ 7781.721649] CW880 :rtsk=0x17, stsk=0x15,msgid=0x1516,msglen=4
[ 7781.728040] [SD_CTL_TASK] send msg to IMAN: msgid=0x508.
[ 7781.737588] CW880 :rtsk=0x17, stsk=0x15,msgid=0x1505,msglen=4
[ 7781.744466] [cw880_cwq2sdio_srv, 2234] set communicate type: 1
[ 7781.768865] Dest_ip=0xc0a80279,TS_port=1234
[ 7781.773704] [SD_CTL_TASK] send msg to IMAN: msgid=0x503.
[ 7781.793587] CW880 :rtsk=0x17, stsk=0x15,msgid=0x504,msglen=24
[ 7781.801753] [SD_CTL_TASK] send msg to IMAN: msgid=0x1503.
[ 7781.813604] CW880 :rtsk=0x17, stsk=0x15,msgid=0x1516,msglen=4
[ 7781.819953] [SD_CTL_TASK] send msg to IMAN: msgid=0x508.
[ 7781.837615] CW880 :rtsk=0x17, stsk=0x15,msgid=0x1505,msglen=4
[ 7781.845506] [cw880_cwq2sdio_srv, 2234] set communicate type: 1
[ 7845.940181] [SD_CTL_TASK] send msg to IMAN: msgid=0x513.
[ 7845.946023] CW880 :rtsk=0x17, stsk=0x15,msgid=0x1509,msglen=4
[ 7847.240191] Dest_ip=0xc0a80279,TS_port=1234
[ 7847.244934] [SD_CTL_TASK] send msg to IMAN: msgid=0x503.
[ 7847.261588] CW880 :rtsk=0x17, stsk=0x15,msgid=0x504,msglen=24
[ 7847.269139] [SD_CTL_TASK] send msg to IMAN: msgid=0x1503.
[ 7847.285610] CW880 :rtsk=0x17, stsk=0x15,msgid=0x1516,msglen=4
[ 7847.293770] [SD_CTL_TASK] send msg to IMAN: msgid=0x508.
[ 7847.309586] CW880 :rtsk=0x17, stsk=0x15,msgid=0x1505,msglen=4
[ 7847.319741] [cw880_cwq2sdio_srv, 2234] set communicate type: 1
[ 7847.350898] Dest_ip=0xc0a80279,TS_port=1234
[ 7847.355567] [SD_CTL_TASK] send msg to IMAN: msgid=0x503.
[ 7847.369641] CW880 :rtsk=0x17, stsk=0x15,msgid=0x504,msglen=24
[ 7847.377924] [SD_CTL_TASK] send msg to IMAN: msgid=0x1503.
[ 7847.385613] CW880 :rtsk=0x17, stsk=0x15,msgid=0x1516,msglen=4
[ 7847.393630] [SD_CTL_TASK] send msg to IMAN: msgid=0x508.
[ 7847.405608] CW880 :rtsk=0x17, stsk=0x15,msgid=0x1505,msglen=4
[ 7847.414172] [cw880_cwq2sdio_srv, 2234] set communicate type: 1
[ 8304.082889] *********** [Normal_MIU0] is still reclaimalbe !! *************
[ 8395.630647] *********** [Normal_MIU0] is still reclaimalbe !! *************
[ 8589.098649] binder: release proc 4490, transaction 905620, not freed
[ 8589.105051] binder: release proc 4490, transaction 905621, not freed
[ 8687.309141] IR: [03932] scan key value is 0xe41bc936 
[ 8687.309146]  
[ 8687.361725] IR: [03932] scan key value is 0xe41bc936 
[ 8687.361730]  
[ 8687.470015] IR: [03932] scan key value is 0xe41bc936 
[ 8687.470020]  
[ 8687.578326] IR: [03932] scan key value is 0xe41bc936 
[ 8687.578331]  
[ 8687.686640] IR: [03932] scan key value is 0xe41bc936 
[ 8687.686645]  
[ 8687.794969] IR: [03932] scan key value is 0xe41bc936 
[ 8687.794974]  
[ 8687.903247] IR: [03932] scan key value is 0xe41bc936 
[ 8687.903252]  
[ 8688.011575] IR: [03932] scan key value is 0xe41bc936 
[ 8688.011579]  
[ 8688.119890] IR: [03932] scan key value is 0xe41bc936 
[ 8688.119895]  
[ 8688.228199] IR: [03932] scan key value is 0xe41bc936 
[ 8688.228204]  
[ 8688.336495] IR: [03932] scan key value is 0xe41bc936 
[ 8688.336500]  
[ 8688.444793] IR: [03932] scan key value is 0xe41bc936 
[ 8688.444799]  
[ 8688.553085] IR: [03932] scan key value is 0xe41bc936 
[ 8688.553090]  
[ 8688.661378] IR: [03932] scan key value is 0xe41bc936 
[ 8688.661383]  
[ 8688.769674] IR: [03932] scan key value is 0xe41bc936 
[ 8688.769679]  
[ 8688.877974] IR: [03932] scan key value is 0xe41bc936 
[ 8688.877979]  
[ 8688.986277] IR: [03932] scan key value is 0xe41bc936 
[ 8688.986282]  
[ 8689.452980] IR: [03932] scan key value is 0xed12c936 
[ 8689.452985]  
[ 8689.505569] IR: [03932] scan key value is 0xed12c936 
[ 8689.505574]  
[ 8689.613871] IR: [03932] scan key value is 0xed12c936 
[ 8689.613876]  
[ 8689.722211] IR: [03932] scan key value is 0xed12c936 
[ 8689.722216]  
[ 8689.830484] IR: [03932] scan key value is 0xed12c936 
[ 8689.830489]  
[ 8689.938781] IR: [03932] scan key value is 0xed12c936 
[ 8689.938786]  
[ 8690.047079] IR: [03932] scan key value is 0xed12c936 
[ 8690.047084]  
[ 8690.155372] IR: [03932] scan key value is 0xed12c936 
[ 8690.155378]  
[ 8690.263672] IR: [03932] scan key value is 0xed12c936 
[ 8690.263677]  
[ 8690.371977] IR: [03932] scan key value is 0xed12c936 
[ 8690.371982]  
[ 8690.731520] IR: [03932] scan key value is 0xed12c936 
[ 8690.731525]  
[ 8690.784102] IR: [03932] scan key value is 0xed12c936 
[ 8690.784107]  
[ 8691.693369] IR: [03932] scan key value is 0xf10ec936 
[ 8691.693374]  
[ 8691.745952] IR: [03932] scan key value is 0xf10ec936 
[ 8691.745957]  
[ 8740.573828] binder: release 4933:4947 transaction 998409 out, still active
[ 8919.506347] binder: release proc 5310, transaction 1082093, not freed
[ 9039.730769] binder: 939:1309 transaction failed 29189, size 4-0
[ 9039.737082] binder: send failed reply for transaction 998409, target dead
[ 9087.757549] IR: [03932] scan key value is 0xeb14c936 
[ 9087.757554]  
[ 9087.810134] IR: [03932] scan key value is 0xeb14c936 
[ 9087.810139]  
[ 9087.918445] IR: [03932] scan key value is 0xeb14c936 
[ 9087.918450]  
[ 9088.787799] IR: [03932] scan key value is 0xed12c936 
[ 9088.787805]  
[ 9088.840378] IR: [03932] scan key value is 0xed12c936 
[ 9088.840383]  
[ 9089.995031] IR: [03932] scan key value is 0xea15c936 
[ 9089.995036]  
[ 9090.047624] IR: [03932] scan key value is 0xea15c936 
[ 9090.047629]  
[ 9090.363469] IR: [03932] scan key value is 0xea15c936 
[ 9090.363474]  
[ 9090.416055] IR: [03932] scan key value is 0xea15c936 
[ 9090.416060]  
[ 9090.690613] IR: [03932] scan key value is 0xea15c936 
[ 9090.690618]  
[ 9090.743198] IR: [03932] scan key value is 0xea15c936 
[ 9090.743203]  
[ 9091.461601] IR: [03932] scan key value is 0xed12c936 
[ 9091.461606]  
[ 9091.514181] IR: [03932] scan key value is 0xed12c936 
[ 9091.514186]  
[ 9091.777432] IR: [03932] scan key value is 0xed12c936 
[ 9091.777437]  
[ 9091.830024] IR: [03932] scan key value is 0xed12c936 
[ 9091.830029]  
[ 9092.071746] IR: [03932] scan key value is 0xed12c936 
[ 9092.071752]  
[ 9092.124330] IR: [03932] scan key value is 0xed12c936 
[ 9092.124335]  
[ 9092.743389] IR: [03932] scan key value is 0xeb14c936 
[ 9092.743394]  
[ 9092.795976] IR: [03932] scan key value is 0xeb14c936 
[ 9092.795981]  
[ 9092.904270] IR: [03932] scan key value is 0xeb14c936 
[ 9092.904275]  
[ 9093.012570] IR: [03932] scan key value is 0xeb14c936 
[ 9093.012575]  
[ 9093.120872] IR: [03932] scan key value is 0xeb14c936 
[ 9093.120877]  
[ 9093.229162] IR: [03932] scan key value is 0xeb14c936 
[ 9093.229167]  
[ 9093.600630] IR: [03932] scan key value is 0xeb14c936 
[ 9093.600636]  
[ 9093.653208] IR: [03932] scan key value is 0xeb14c936 
[ 9093.653213]  
[ 9094.131438] IR: [03932] scan key value is 0xed12c936 
[ 9094.131443]  
[ 9094.184026] IR: [03932] scan key value is 0xed12c936 
[ 9094.184030]  
[ 9094.683569] IR: [03932] scan key value is 0xed12c936 
[ 9094.683573]  
[ 9095.226317] IR: [03932] scan key value is 0xee11c936 
[ 9095.226322]  
[ 9095.278894] IR: [03932] scan key value is 0xee11c936 
[ 9095.278899]  
[ 9095.548204] IR: [03932] scan key value is 0xee11c936 
[ 9095.548208]  
[ 9095.600799] IR: [03932] scan key value is 0xee11c936 
[ 9095.600812]  
[ 9096.144368] IR: [03932] scan key value is 0xeb14c936 
[ 9096.144373]  
[ 9096.196960] IR: [03932] scan key value is 0xeb14c936 
[ 9096.196964]  
[ 9096.737726] IR: [03932] scan key value is 0xeb14c936 
[ 9096.737730]  
[ 9096.790320] IR: [03932] scan key value is 0xeb14c936 
[ 9096.790326]  
[ 9097.893527] IR: [03932] scan key value is 0xea15c936 
[ 9097.893532]  
[ 9097.946112] IR: [03932] scan key value is 0xea15c936 
[ 9097.946116]  
[ 9098.733270] IR: [03932] scan key value is 0xee11c936 
[ 9098.733275]  
[ 9098.785849] IR: [03932] scan key value is 0xee11c936 
[ 9098.785853]  
[ 9099.236743] IR: [03932] scan key value is 0xea15c936 
[ 9099.236748]  
[ 9099.289325] IR: [03932] scan key value is 0xea15c936 
[ 9099.289330]  
[ 9103.593692] *********** [Normal_MIU0] is still reclaimalbe !! *************
[ 9262.996888] 
[ 9262.996896] irq_proc_write
[ 9287.987040] *********** [Normal_MIU0] is still reclaimalbe !! *************
[ 9324.722204] *********** [Normal_MIU0] is still reclaimalbe !! *************
[ 9324.811701] *********** [Normal_MIU0] is still reclaimalbe !! *************
[ 9325.017995] *********** [Normal_MIU0] is still reclaimalbe !! *************
[ 9325.233068] *********** [Normal_MIU0] is still reclaimalbe !! *************
[ 9348.419159] Thread-225: unhandled page fault (11) at 0x1d400005, code 0x005
[ 9348.629885] Thread-225: unhandled page fault (11) at 0x1d400005, code 0x005
[ 9354.463331] Thread-225: unhandled page fault (11) at 0x1d400005, code 0x005
[ 9354.470427] [COREDUMP] SIGNR:11
[ 9354.470431] 
[ 9358.466202] *********** [Normal_MIU0] is still reclaimalbe !! *************
[ 9622.173416] [SD_CTL_TASK] send msg to IMAN: msgid=0x513.
[ 9622.189712] CW880 :rtsk=0x17, stsk=0x15,msgid=0x1509,msglen=4
[ 9673.869795] IR: [03932] scan key value is 0xea15c936 
[ 9673.869800]  
[ 9673.922378] IR: [03932] scan key value is 0xea15c936 
[ 9673.922383]  
[ 9674.302204] IR: [03932] scan key value is 0xec13c936 
[ 9674.302209]  
[ 9674.354781] IR: [03932] scan key value is 0xec13c936 
[ 9674.354785]  
[ 9724.624205] IR: [03932] scan key value is 0xec13c936 
[ 9724.624210]  
[ 9724.676755] IR: [03932] scan key value is 0xec13c936 
[ 9724.676760]  Dest_ip=0xc0a80279,TS_port=1234
[ 9732.448969] [SD_CTL_TASK] send msg to IMAN: msgid=0x503.
[ 9732.469713] CW880 :rtsk=0x17, stsk=0x15,msgid=0x504,msglen=24
[ 9732.476504] [SD_CTL_TASK] send msg to IMAN: msgid=0x1503.
[ 9732.493711] CW880 :rtsk=0x17, stsk=0x15,msgid=0x1516,msglen=4
[ 9732.500656] [SD_CTL_TASK] send msg to IMAN: msgid=0x508.
[ 9732.517748] CW880 :rtsk=0x17, stsk=0x15,msgid=0x1505,msglen=4
[ 9732.527183] [cw880_cwq2sdio_srv, 2234] set communicate type: 1
[ 9732.591783] Dest_ip=0xc0a80279,TS_port=1234
[ 9732.596796] [SD_CTL_TASK] send msg to IMAN: msgid=0x503.
[ 9732.613864] CW880 :rtsk=0x17, stsk=0x15,msgid=0x504,msglen=24
[ 9732.620666] [SD_CTL_TASK] send msg to IMAN: msgid=0x1503.
[ 9732.630249] CW880 :rtsk=0x17, stsk=0x15,msgid=0x1516,msglen=4
[ 9732.637876] [SD_CTL_TASK] send msg to IMAN: msgid=0x508.
[ 9732.649878] CW880 :rtsk=0x17, stsk=0x15,msgid=0x1505,msglen=4
[ 9732.658623] [cw880_cwq2sdio_srv, 2234] set communicate type: 1
[ 9732.677003] [SD_CTL_TASK] send msg to IMAN: msgid=0x513.
[ 9732.686597] CW880 :rtsk=0x17, stsk=0x15,msgid=0x1509,msglen=4
[ 9734.495277] Dest_ip=0xc0a80279,TS_port=1234
[ 9734.500131] [SD_CTL_TASK] send msg to IMAN: msgid=0x503.
[ 9734.513867] CW880 :rtsk=0x17, stsk=0x15,msgid=0x504,msglen=24
[ 9734.520315] [SD_CTL_TASK] send msg to IMAN: msgid=0x1503.
[ 9734.537878] CW880 :rtsk=0x17, stsk=0x15,msgid=0x1516,msglen=4
[ 9734.544876] [SD_CTL_TASK] send msg to IMAN: msgid=0x508.
[ 9734.562169] CW880 :rtsk=0x17, stsk=0x15,msgid=0x1505,msglen=4
[ 9734.569675] [cw880_cwq2sdio_srv, 2234] set communicate type: 1
[ 9734.610964] Dest_ip=0xc0a80279,TS_port=1234
[ 9734.616686] [SD_CTL_TASK] send msg to IMAN: msgid=0x503.
[ 9734.633700] CW880 :rtsk=0x17, stsk=0x15,msgid=0x504,msglen=24
[ 9734.643026] [SD_CTL_TASK] send msg to IMAN: msgid=0x1503.
[ 9734.657889] CW880 :rtsk=0x17, stsk=0x15,msgid=0x1516,msglen=4
[ 9734.664665] [SD_CTL_TASK] send msg to IMAN: msgid=0x508.
[ 9734.677710] CW880 :rtsk=0x17, stsk=0x15,msgid=0x1505,msglen=4
[ 9734.688202] [cw880_cwq2sdio_srv, 2234] set communicate type: 1
[10110.159918] [SD_CTL_TASK] send msg to IMAN: msgid=0x513.
[10110.169765] CW880 :rtsk=0x17, stsk=0x15,msgid=0x1509,msglen=4
[10112.048103] Dest_ip=0xc0a80279,TS_port=1234
[10112.053395] [SD_CTL_TASK] send msg to IMAN: msgid=0x503.
[10112.073754] CW880 :rtsk=0x17, stsk=0x15,msgid=0x504,msglen=24
[10112.080813] [SD_CTL_TASK] send msg to IMAN: msgid=0x1503.
[10112.097766] CW880 :rtsk=0x17, stsk=0x15,msgid=0x1516,msglen=4
[10112.105396] [SD_CTL_TASK] send msg to IMAN: msgid=0x508.
[10112.121752] CW880 :rtsk=0x17, stsk=0x15,msgid=0x1505,msglen=4
[10112.129948] [cw880_cwq2sdio_srv, 2234] set communicate type: 1
[10112.166430] Dest_ip=0xc0a80279,TS_port=1234
[10112.171344] [SD_CTL_TASK] send msg to IMAN: msgid=0x503.
[10112.193752] CW880 :rtsk=0x17, stsk=0x15,msgid=0x504,msglen=24
[10112.202367] [SD_CTL_TASK] send msg to IMAN: msgid=0x1503.
[10112.213703] CW880 :rtsk=0x17, stsk=0x15,msgid=0x1516,msglen=4
[10112.222219] [SD_CTL_TASK] send msg to IMAN: msgid=0x508.
[10112.229982] CW880 :rtsk=0x17, stsk=0x15,msgid=0x1505,msglen=4
[10112.237966] [cw880_cwq2sdio_srv, 2234] set communicate type: 1
[10252.955723] [SD_CTL_TASK] send msg to IMAN: msgid=0x513.
[10252.961306] CW880 :rtsk=0x17, stsk=0x15,msgid=0x1509,msglen=4
[10254.834685] Dest_ip=0xc0a80279,TS_port=1234
[10254.839516] [SD_CTL_TASK] send msg to IMAN: msgid=0x503.
[10254.857666] CW880 :rtsk=0x17, stsk=0x15,msgid=0x504,msglen=24
[10254.864007] [SD_CTL_TASK] send msg to IMAN: msgid=0x1503.
[10254.881672] CW880 :rtsk=0x17, stsk=0x15,msgid=0x1516,msglen=4
[10254.887932] [SD_CTL_TASK] send msg to IMAN: msgid=0x508.
[10254.905730] CW880 :rtsk=0x17, stsk=0x15,msgid=0x1505,msglen=4
[10254.912429] [cw880_cwq2sdio_srv, 2234] set communicate type: 1
[10254.936947] Dest_ip=0xc0a80279,TS_port=1234
[10254.941958] [SD_CTL_TASK] send msg to IMAN: msgid=0x503.
[10254.965677] CW880 :rtsk=0x17, stsk=0x15,msgid=0x504,msglen=24
[10254.972074] [SD_CTL_TASK] send msg to IMAN: msgid=0x1503.
[10254.989672] CW880 :rtsk=0x17, stsk=0x15,msgid=0x1516,msglen=4
[10254.999605] [SD_CTL_TASK] send msg to IMAN: msgid=0x508.
[10255.005795] CW880 :rtsk=0x17, stsk=0x15,msgid=0x1505,msglen=4
[10255.013350] [cw880_cwq2sdio_srv, 2234] set communicate type: 1
[10285.864995] binder: release proc 7650, transaction 1487964, not freed
[10285.871782] binder: release proc 7650, transaction 1487965, not freed
[10285.878562] binder: release proc 7650, transaction 1487972, not freed
[10291.185985] binder: release proc 7677, transaction 1488974, not freed
[10291.192539] binder: release proc 7677, transaction 1488975, not freed
[10291.199038] binder: release proc 7677, transaction 1488982, not freed
[10331.987176] [SD_CTL_TASK] send msg to IMAN: msgid=0x513.
[10335.086943] Dest_ip=0xc0a80279,TS_port=1234
[10335.093265] [SD_CTL_TASK] send msg to IMAN: msgid=0x503.
[10335.109670] CW880 :rtsk=0x17, stsk=0x15,msgid=0x504,msglen=24
[10335.115931] [SD_CTL_TASK] send msg to IMAN: msgid=0x1503.
[10335.133673] CW880 :rtsk=0x17, stsk=0x15,msgid=0x1516,msglen=4
[10335.140046] [SD_CTL_TASK] send msg to IMAN: msgid=0x508.
[10335.157658] CW880 :rtsk=0x17, stsk=0x15,msgid=0x1505,msglen=4
[10335.165016] [cw880_cwq2sdio_srv, 2234] set communicate type: 1
[10335.190852] Dest_ip=0xc0a80279,TS_port=1234
[10335.195699] [SD_CTL_TASK] send msg to IMAN: msgid=0x503.
[10335.217665] CW880 :rtsk=0x17, stsk=0x15,msgid=0x504,msglen=24
[10335.225849] [SD_CTL_TASK] send msg to IMAN: msgid=0x1503.
[10335.237743] CW880 :rtsk=0x17, stsk=0x15,msgid=0x1516,msglen=4
[10335.244011] [SD_CTL_TASK] send msg to IMAN: msgid=0x508.
[10335.261663] CW880 :rtsk=0x17, stsk=0x15,msgid=0x1505,msglen=4
[10335.269323] [cw880_cwq2sdio_srv, 2234] set communicate type: 1
[10351.461863] IR: [03932] scan key value is 0xf10ec936 
[10351.461867]  
[10351.514455] IR: [03932] scan key value is 0xf10ec936 
[10351.514459]  
[10351.622759] IR: [03932] scan key value is 0xf10ec936 
[10351.622763]  
[10352.139492] IR: [03932] scan key value is 0xf10ec936 
[10352.139496]  
[10352.192079] IR: [03932] scan key value is 0xf10ec936 
[10352.192083]  
[10352.300382] IR: [03932] scan key value is 0xf10ec936 
[10352.300386]  
[10352.527666] IR: [03932] scan key value is 0xf10ec936 
[10352.527671]  
[10352.580252] IR: [03932] scan key value is 0xf10ec936 
[10352.580257]  
[10352.906328] IR: [03932] scan key value is 0xf10ec936 
[10352.906333]  
[10352.958915] IR: [03932] scan key value is 0xf10ec936 
[10352.958920]  
[10353.183190] IR: [03932] scan key value is 0xf10ec936 
[10353.183195]  
[10353.235779] IR: [03932] scan key value is 0xf10ec936 
[10353.235784]  
[10353.492328] IR: [03932] scan key value is 0xf10ec936 
[10353.492332]  
[10353.544915] IR: [03932] scan key value is 0xf10ec936 
[10353.544920]  
[10353.773513] IR: [03932] scan key value is 0xf10ec936 
[10353.773518]  
[10353.826098] IR: [03932] scan key value is 0xf10ec936 
[10353.826103]  
[10354.065746] IR: [03932] scan key value is 0xf10ec936 
[10354.065751]  
[10354.118332] IR: [03932] scan key value is 0xf10ec936 
[10354.118337]  
[10354.374727] IR: [03932] scan key value is 0xf10ec936 
[10354.374732]  
[10354.427315] IR: [03932] scan key value is 0xf10ec936 
[10354.427319]  
[10354.679460] IR: [03932] scan key value is 0xf10ec936 
[10354.679465]  
[10354.732048] IR: [03932] scan key value is 0xf10ec936 
[10354.732053]  
[10354.840348] IR: [03932] scan key value is 0xf10ec936 
[10354.840353]  
[10354.948650] IR: [03932] scan key value is 0xf10ec936 
[10354.948655]  
[10355.177890] IR: [03932] scan key value is 0xf10ec936 
[10355.177895]  
[10355.230478] IR: [03932] scan key value is 0xf10ec936 
[10355.230483]  
[10355.431605] IR: [03932] scan key value is 0xf10ec936 
[10355.431610]  
[10355.484193] IR: [03932] scan key value is 0xf10ec936 
[10355.484198]  
[10355.685061] IR: [03932] scan key value is 0xf10ec936 
[10355.685066]  
[10355.737649] IR: [03932] scan key value is 0xf10ec936 
[10355.737655]  
[10355.922177] IR: [03932] scan key value is 0xf10ec936 
[10355.922182]  
[10355.974760] IR: [03932] scan key value is 0xf10ec936 
[10355.974764]  
[10356.283129] IR: [03932] scan key value is 0xf10ec936 
[10356.283134]  
[10356.335716] IR: [03932] scan key value is 0xf10ec936 
[10356.335721]  
[10356.598867] IR: [03932] scan key value is 0xf10ec936 
[10356.598872]  
[10356.651454] IR: [03932] scan key value is 0xf10ec936 
[10356.651459]  
[10356.860008] IR: [03932] scan key value is 0xf10ec936 
[10356.860013]  
[10356.912590] IR: [03932] scan key value is 0xf10ec936 
[10356.912595]  
[10357.559853] IR: [03932] scan key value is 0xed12c936 
[10357.559858]  
[10357.612421] IR: [03932] scan key value is 0xed12c936 
[10357.612426]  
[10358.079541] IR: [03932] scan key value is 0xea15c936 
[10358.079545]  
[10358.132116] IR: [03932] scan key value is 0xea15c936 
[10358.132121]  
[10358.700221] IR: [03932] scan key value is 0xea15c936 
[10358.700226]  
[10358.752801] IR: [03932] scan key value is 0xea15c936 
[10358.752805]  
[10359.023373] IR: [03932] scan key value is 0xea15c936 
[10359.023378]  
[10359.075956] IR: [03932] scan key value is 0xea15c936 
[10359.075961]  
[10359.184260] IR: [03932] scan key value is 0xea15c936 
[10359.184265]  
[10359.292553] IR: [03932] scan key value is 0xea15c936 
[10359.292557]  
[10359.400861] IR: [03932] scan key value is 0xea15c936 
[10359.400866]  
[10359.509152] IR: [03932] scan key value is 0xea15c936 
[10359.509157]  
[10359.617448] IR: [03932] scan key value is 0xea15c936 
[10359.617453]  
[10359.725742] IR: [03932] scan key value is 0xea15c936 
[10359.725747]  
[10360.389657] IR: [03932] scan key value is 0xee11c936 
[10360.389662]  
[10360.442247] IR: [03932] scan key value is 0xee11c936 
[10360.442252]  
[10360.550549] IR: [03932] scan key value is 0xee11c936 
[10360.550553]  
[10360.658845] IR: [03932] scan key value is 0xee11c936 
[10360.658849]  
[10361.361650] IR: [03932] scan key value is 0xee11c936 
[10361.361655]  
[10361.414237] IR: [03932] scan key value is 0xee11c936 
[10361.414242]  
[10361.522539] IR: [03932] scan key value is 0xee11c936 
[10361.522544]  
[10361.630842] IR: [03932] scan key value is 0xee11c936 
[10361.630847]  
[10362.610758] IR: [03932] scan key value is 0xec13c936 
[10362.610763]  
[10362.805731] IR: [03932] scan key value is 0xec13c936 
[10362.805736]  
[10362.858321] IR: [03932] scan key value is 0xec13c936 
[10362.858326]  
[10363.729842] IR: [03932] scan key value is 0xea15c936 
[10363.729847]  
[10363.782424] IR: [03932] scan key value is 0xea15c936 
[10363.782429]  
[10364.009524] IR: [03932] scan key value is 0xea15c936 
[10364.009528]  
[10364.062113] IR: [03932] scan key value is 0xea15c936 
[10364.062118]  
[10364.283403] IR: [03932] scan key value is 0xea15c936 
[10364.283408]  
[10364.335991] IR: [03932] scan key value is 0xea15c936 
[10364.335996]  
[10364.694359] IR: [03932] scan key value is 0xea15c936 
[10364.694368]  
[10364.746952] IR: [03932] scan key value is 0xea15c936 
[10364.746957]  
[10365.176451] IR: [03932] scan key value is 0xec13c936 
[10365.176456]  
[10365.229038] IR: [03932] scan key value is 0xec13c936 
[10365.229043]  
[10372.123397] IR: [03932] scan key value is 0xec13c936 
[10372.123402]  
[10372.175984] IR: [03932] scan key value is 0xec13c936 
[10372.175989]  
[10373.840343] IR: [03932] scan key value is 0xed12c936 
[10373.840347]  
[10373.892931] IR: [03932] scan key value is 0xed12c936 
[10373.892936]  
[10374.736333] IR: [03932] scan key value is 0xf10ec936 
[10374.736338]  
[10374.788886] IR: [03932] scan key value is 0xf10ec936 
[10374.788891]  
[10375.382835] IR: [03932] scan key value is 0xf10ec936 
[10375.382840]  
[10375.435425] IR: [03932] scan key value is 0xf10ec936 
[10375.435430]  
[10375.699057] IR: [03932] scan key value is 0xf10ec936 
[10375.699061]  
[10375.751641] IR: [03932] scan key value is 0xf10ec936 
[10375.751646]  
[10375.983614] IR: [03932] scan key value is 0xf10ec936 
[10375.983619]  
[10376.256166] IR: [03932] scan key value is 0xf10ec936 
[10376.256171]  
[10376.501326] IR: [03932] scan key value is 0xf10ec936 
[10376.501331]  
[10376.553912] IR: [03932] scan key value is 0xf10ec936 
[10376.553917]  
[10376.769535] IR: [03932] scan key value is 0xf10ec936 
[10376.769540]  
[10376.822100] IR: [03932] scan key value is 0xf10ec936 
[10376.822105]  
[10377.024086] IR: [03932] scan key value is 0xf10ec936 
[10377.024091]  
[10377.076648] IR: [03932] scan key value is 0xf10ec936 
[10377.076653]  
[10377.261206] IR: [03932] scan key value is 0xf10ec936 
[10377.261211]  
[10377.313790] IR: [03932] scan key value is 0xf10ec936 
[10377.313795]  
[10377.500405] IR: [03932] scan key value is 0xf10ec936 
[10377.500410]  
[10377.761920] IR: [03932] scan key value is 0xf10ec936 
[10377.761925]  
[10377.814505] IR: [03932] scan key value is 0xf10ec936 
[10377.814510]  
[10378.055311] IR: [03932] scan key value is 0xf10ec936 
[10378.055315]  
[10378.107896] IR: [03932] scan key value is 0xf10ec936 
[10378.107901]  
[10378.338329] IR: [03932] scan key value is 0xf10ec936 
[10378.338334]  
[10378.390914] IR: [03932] scan key value is 0xf10ec936 
[10378.390919]  
[10597.080364] *********** [Normal_MIU0] is still reclaimalbe !! *************
[10610.497469] binder: release proc 7789, transaction 1498831, not freed
[10610.977211] binder: 1211:1211 transaction failed 29189, size 88-0
[10677.200318] [SD_CTL_TASK] send msg to IMAN: msgid=0x513.
[10677.209705] CW880 :rtsk=0x17, stsk=0x15,msgid=0x1509,msglen=4
[10678.773121] Dest_ip=0xc0a80279,TS_port=1234
[10678.777824] [SD_CTL_TASK] send msg to IMAN: msgid=0x503.
[10678.793688] CW880 :rtsk=0x17, stsk=0x15,msgid=0x504,msglen=24
[10678.800036] [SD_CTL_TASK] send msg to IMAN: msgid=0x1503.
[10678.817704] CW880 :rtsk=0x17, stsk=0x15,msgid=0x1516,msglen=4
[10678.824741] [SD_CTL_TASK] send msg to IMAN: msgid=0x508.
[10678.841720] CW880 :rtsk=0x17, stsk=0x15,msgid=0x1505,msglen=4
[10678.848917] [cw880_cwq2sdio_srv, 2234] set communicate type: 1
[10678.873716] Dest_ip=0xc0a80279,TS_port=1234
[10678.878392] [SD_CTL_TASK] send msg to IMAN: msgid=0x503.
[10678.901738] CW880 :rtsk=0x17, stsk=0x15,msgid=0x504,msglen=24
[10678.908169] [SD_CTL_TASK] send msg to IMAN: msgid=0x1503.
[10678.925714] CW880 :rtsk=0x17, stsk=0x15,msgid=0x1516,msglen=4
[10678.935634] [SD_CTL_TASK] send msg to IMAN: msgid=0x508.
[10678.941765] CW880 :rtsk=0x17, stsk=0x15,msgid=0x1505,msglen=4
[10678.949164] [cw880_cwq2sdio_srv, 2234] set communicate type: 1
[10684.063101] IR: [03932] scan key value is 0xf10ec936 
[10684.063106]  
[10684.115696] IR: [03932] scan key value is 0xf10ec936 
[10684.115701]  
[10684.890189] IR: [03932] scan key value is 0xf10ec936 
[10684.890194]  
[10684.942776] IR: [03932] scan key value is 0xf10ec936 
[10684.942781]  
[10685.938695] IR: [03932] scan key value is 0xf10ec936 
[10685.938700]  
[10685.991282] IR: [03932] scan key value is 0xf10ec936 
[10685.991286]  
[10687.382619] IR: [03932] scan key value is 0xed12c936 
[10687.382624]  
[10687.435240] IR: [03932] scan key value is 0xed12c936 
[10687.435246]  
[10687.920360] IR: [03932] scan key value is 0xec13c936 
[10687.920365]  
[10687.972949] IR: [03932] scan key value is 0xec13c936 
[10687.972954]  
[10733.723347] [irq_proc_open][373] -16
[10735.454021] 
[10735.454031] irq_proc_write
[10763.733156] IR: [03932] scan key value is 0xf10ec936 
[10763.733160]  
[10763.785743] IR: [03932] scan key value is 0xf10ec936 
[10763.785748]  
[10763.894058] IR: [03932] scan key value is 0xf10ec936 
[10763.894063]  
[10764.002368] IR: [03932] scan key value is 0xf10ec936 
[10764.002373]  
[10764.110682] IR: [03932] scan key value is 0xf10ec936 
[10764.110686]  
[10764.218994] IR: [03932] scan key value is 0xf10ec936 
[10764.218999]  
[10764.327303] IR: [03932] scan key value is 0xf10ec936 
[10764.327308]  
[10764.435613] IR: [03932] scan key value is 0xf10ec936 
[10764.435618]  
[10764.543919] IR: [03932] scan key value is 0xf10ec936 
[10764.543924]  
[10764.652227] IR: [03932] scan key value is 0xf10ec936 
[10764.652231]  
[10767.241949] IR: [03932] scan key value is 0xee11c936 
[10767.241955]  
[10767.294542] IR: [03932] scan key value is 0xee11c936 
[10767.294547]  
[10767.698640] IR: [03932] scan key value is 0xed12c936 
[10767.698645]  
[10767.751230] IR: [03932] scan key value is 0xed12c936 
[10767.751235]  
[10768.178014] IR: [03932] scan key value is 0xea15c936 
[10768.178020]  
[10768.230610] IR: [03932] scan key value is 0xea15c936 
[10768.230615]  
[10768.568564] IR: [03932] scan key value is 0xeb14c936 
[10768.568569]  
[10768.621157] IR: [03932] scan key value is 0xeb14c936 
[10768.621162]  
[10769.039635] IR: [03932] scan key value is 0xea15c936 
[10769.039640]  
[10769.092222] IR: [03932] scan key value is 0xea15c936 
[10769.092227]  
[10769.340941] IR: [03932] scan key value is 0xea15c936 
[10769.340946]  
[10769.393531] IR: [03932] scan key value is 0xea15c936 
[10769.393536]  
[10770.195290] IR: [03932] scan key value is 0xee11c936 
[10770.195295]  
[10770.247881] IR: [03932] scan key value is 0xee11c936 
[10770.247885]  
[10770.694748] IR: [03932] scan key value is 0xed12c936 
[10770.694753]  
[10770.747335] IR: [03932] scan key value is 0xed12c936 
[10770.747340]  
[10771.443931] IR: [03932] scan key value is 0xeb14c936 
[10771.443936]  
[10771.496528] IR: [03932] scan key value is 0xeb14c936 
[10771.496534]  
[10771.604828] IR: [03932] scan key value is 0xeb14c936 
[10771.604834]  
[10772.222077] IR: [03932] scan key value is 0xed12c936 
[10772.222082]  
[10772.274663] IR: [03932] scan key value is 0xed12c936 
[10772.274668]  
[10772.382966] IR: [03932] scan key value is 0xed12c936 
[10772.382971]  
[10772.977573] IR: [03932] scan key value is 0xed12c936 
[10772.977578]  
[10773.030159] IR: [03932] scan key value is 0xed12c936 
[10773.030164]  
[10775.182751] IR: [03932] scan key value is 0xec13c936 
[10775.182756]  
[10775.235339] IR: [03932] scan key value is 0xec13c936 
[10775.235344]  
[10777.556140] IR: [03932] scan key value is 0xeb14c936 
[10777.556144]  
[10777.608730] IR: [03932] scan key value is 0xeb14c936 
[10777.608736]  
[10778.263246] IR: [03932] scan key value is 0xea15c936 
[10778.263251]  
[10778.315835] IR: [03932] scan key value is 0xea15c936 
[10778.315840]  
[10778.859873] IR: [03932] scan key value is 0xed12c936 
[10778.859878]  
[10778.912459] IR: [03932] scan key value is 0xed12c936 
[10778.912464]  
[10785.565000] [irq_proc_open][373] -16
[10787.427634] 
[10787.427643] irq_proc_write
[10792.491061] IR: [03932] scan key value is 0xeb14c936 
[10792.491066]  
[10792.543649] IR: [03932] scan key value is 0xeb14c936 
[10792.543653]  
[10792.977950] IR: [03932] scan key value is 0xeb14c936 
[10792.977955]  
[10793.030543] IR: [03932] scan key value is 0xeb14c936 
[10793.030549]  
[10793.475727] IR: [03932] scan key value is 0xed12c936 
[10793.475732]  
[10793.528314] IR: [03932] scan key value is 0xed12c936 
[10793.528319]  
[10794.743121] IR: [03932] scan key value is 0xed12c936 
[10794.743126]  
[10794.795729] IR: [03932] scan key value is 0xed12c936 
[10794.795734]  
[10795.386530] IR: [03932] scan key value is 0xea15c936 
[10795.386535]  
[10795.439114] IR: [03932] scan key value is 0xea15c936 
[10795.439119]  
[10796.349433] IR: [03932] scan key value is 0xed12c936 
[10796.349438]  
[10796.402027] IR: [03932] scan key value is 0xed12c936 
[10796.402032]  
[10797.488311] IR: [03932] scan key value is 0xed12c936 
[10797.488317]  
[10797.540898] IR: [03932] scan key value is 0xed12c936 
[10797.540903]  
[10798.070377] IR: [03932] scan key value is 0xea15c936 
[10798.070383]  
[10798.122965] IR: [03932] scan key value is 0xea15c936 
[10798.122970]  
[10799.112409] IR: [03932] scan key value is 0xeb14c936 
[10799.112413]  
[10799.165002] IR: [03932] scan key value is 0xeb14c936 
[10799.165007]  
[10799.273313] IR: [03932] scan key value is 0xeb14c936 
[10799.273318]  
[10799.938540] IR: [03932] scan key value is 0xed12c936 
[10799.938545]  
[10799.991132] IR: [03932] scan key value is 0xed12c936 
[10799.991138]  
[10800.769663] IR: [03932] scan key value is 0xed12c936 
[10800.769668]  
[10800.822253] IR: [03932] scan key value is 0xed12c936 
[10800.822258]  
[10801.367086] IR: [03932] scan key value is 0xea15c936 
[10801.367091]  
[10801.419678] IR: [03932] scan key value is 0xea15c936 
[10801.419684]  
[10803.022183] IR: [03932] scan key value is 0xeb14c936 
[10803.022188]  
[10803.074778] IR: [03932] scan key value is 0xeb14c936 
[10803.074782]  
[10803.696605] IR: [03932] scan key value is 0xed12c936 
[10803.696610]  
[10803.749193] IR: [03932] scan key value is 0xed12c936 
[10803.749198]  
[10804.418275] IR: [03932] scan key value is 0xea15c936 
[10804.418280]  
[10804.470870] IR: [03932] scan key value is 0xea15c936 
[10804.470875]  
[10805.050510] IR: [03932] scan key value is 0xed12c936 
[10805.050514]  
[10805.103098] IR: [03932] scan key value is 0xed12c936 
[10805.103102]  
[10806.442085] IR: [03932] scan key value is 0xea15c936 
[10806.442091]  
[10806.494680] IR: [03932] scan key value is 0xea15c936 
[10806.494684]  
[10910.986840] app_process: unhandled page fault (11) at 0xdeadd00d, code 0x80d
[10910.998118] app_process: unhandled page fault (11) at 0xdeadd00d, code 0x80d
[10912.534303] app_process: unhandled page fault (11) at 0xdeadd00d, code 0x80d
[10912.542194] [COREDUMP] SIGNR:11
[10912.542199] 
[10973.206112] app_process: unhandled page fault (11) at 0xdeadd00d, code 0x80d
[10973.514446] app_process: unhandled page fault (11) at 0xdeadd00d, code 0x80d
[10974.816357] app_process: unhandled page fault (11) at 0xdeadd00d, code 0x80d
[10974.823813] [COREDUMP] SIGNR:11
[10974.823817] 
[11058.978362] IR: [03932] scan key value is 0xea15c936 
[11058.978367]  
[11059.030958] IR: [03932] scan key value is 0xea15c936 
[11059.030963]  
[11061.920328] IR: [03932] scan key value is 0xed12c936 
[11061.920333]  
[11061.972920] IR: [03932] scan key value is 0xed12c936 
[11061.972926]  
[11062.796734] IR: [03932] scan key value is 0xea15c936 
[11062.796739]  
[11062.849329] IR: [03932] scan key value is 0xea15c936 
[11062.849334]  
[11063.496150] IR: [03932] scan key value is 0xea15c936 
[11063.496154]  
[11063.548739] IR: [03932] scan key value is 0xea15c936 
[11063.548744]  
[11064.103847] IR: [03932] scan key value is 0xee11c936 
[11064.103851]  
[11064.301208] IR: [03932] scan key value is 0xee11c936 
[11064.301213]  
[11064.353800] IR: [03932] scan key value is 0xee11c936 
[11064.353808]  
[11065.756729] IR: [03932] scan key value is 0xec13c936 
[11065.756734]  
[11065.809317] IR: [03932] scan key value is 0xec13c936 
[11065.809322]  
[11065.917628] IR: [03932] scan key value is 0xec13c936 
[11065.917632]  
[11068.336475] IR: [03932] scan key value is 0xed12c936 
[11068.336480]  
[11068.389061] IR: [03932] scan key value is 0xed12c936 
[11068.389067]  
[11068.860697] IR: [03932] scan key value is 0xeb14c936 
[11068.860702]  
[11068.913278] IR: [03932] scan key value is 0xeb14c936 
[11068.913282]  
[11069.579969] IR: [03932] scan key value is 0xed12c936 
[11069.579973]  
[11069.632553] IR: [03932] scan key value is 0xed12c936 
[11069.632558]  
[11070.853760] IR: [03932] scan key value is 0xec13c936 
[11070.853765]  
[11070.906346] IR: [03932] scan key value is 0xec13c936 
[11070.906351]  
[11073.998449] [irq_proc_open][373] -16
[11074.078745] 
[11074.078753] irq_proc_write
[11074.139304] 
[11074.139313] irq_proc_write
[11076.764718] IR: [03932] scan key value is 0xeb14c936 
[11076.764723]  
[11076.817298] IR: [03932] scan key value is 0xeb14c936 
[11076.817303]  
[11076.925604] IR: [03932] scan key value is 0xeb14c936 
[11076.925608]  
[11077.033918] IR: [03932] scan key value is 0xeb14c936 
[11077.033923]  
[11077.142227] IR: [03932] scan key value is 0xeb14c936 
[11077.142232]  
[11077.250539] IR: [03932] scan key value is 0xeb14c936 
[11077.250544]  
[11077.358853] IR: [03932] scan key value is 0xeb14c936 
[11077.358859]  
[11077.467161] IR: [03932] scan key value is 0xeb14c936 
[11077.467166]  
[11077.575469] IR: [03932] scan key value is 0xeb14c936 
[11077.575474]  
[11077.683783] IR: [03932] scan key value is 0xeb14c936 
[11077.683788]  
[11077.792081] IR: [03932] scan key value is 0xeb14c936 
[11077.792086]  
[11077.900390] IR: [03932] scan key value is 0xeb14c936 
[11077.900394]  
[11078.008716] IR: [03932] scan key value is 0xeb14c936 
[11078.008721]  
[11078.373655] IR: [03932] scan key value is 0xed12c936 
[11078.373660]  
[11078.426251] IR: [03932] scan key value is 0xed12c936 
[11078.426257]  
[11078.534561] IR: [03932] scan key value is 0xed12c936 
[11078.534566]  
[11078.557031] irq_proc_write
[11078.642865] IR: [03932] scan key value is 0xed12c936 
[11078.642870]  
[11078.751177] IR: [03932] scan key value is 0xed12c936 
[11078.751181]  
[11078.859481] IR: [03932] scan key value is 0xed12c936 
[11078.859486]  
[11078.967786] IR: [03932] scan key value is 0xed12c936 
[11078.967790]  
[11079.076090] IR: [03932] scan key value is 0xed12c936 
[11079.076094]  
[11079.184399] IR: [03932] scan key value is 0xed12c936 
[11079.184404]  
[11079.292705] IR: [03932] scan key value is 0xed12c936 
[11079.292709]  
[11080.363759] IR: [03932] scan key value is 0xeb14c936 
[11080.363764]  
[11080.416350] IR: [03932] scan key value is 0xeb14c936 
[11080.416359]  
[11080.524653] IR: [03932] scan key value is 0xeb14c936 
[11080.524658]  
[11080.632951] IR: [03932] scan key value is 0xeb14c936 
[11080.632956]  
[11080.741261] IR: [03932] scan key value is 0xeb14c936 
[11080.741266]  
[11080.849570] IR: [03932] scan key value is 0xeb14c936 
[11080.849575]  
[11080.866823] [irq_proc_open][373] -16
[11080.897551] 
[11080.897560] irq_proc_write
[11080.922761] 
[11080.922770] irq_proc_write
[11080.957872] IR: [03932] scan key value is 0xeb14c936 
[11080.957877]  
[11081.066179] IR: [03932] scan key value is 0xeb14c936 
[11081.066187]  
[11081.174434] IR: [03932] scan key value is 0xeb14c936 
[11081.174439]  
[11081.282739] IR: [03932] scan key value is 0xeb14c936 
[11081.282744]  
[11082.862375] [irq_proc_open][373] -16
[11082.890106] 
[11082.890114] irq_proc_write
[11082.930938] 
[11082.930946] irq_proc_write
[11089.695302] [irq_proc_open][373] -16
[11089.720423] 
[11089.720431] irq_proc_write
[11089.756883] 
[11089.756891] irq_proc_write
[11091.289868] 
[11091.289878] irq_proc_write
[11100.134457] IR: [03932] scan key value is 0xeb14c936 
[11100.134462]  
[11100.187059] IR: [03932] scan key value is 0xeb14c936 
[11100.187065]  
[11100.295365] IR: [03932] scan key value is 0xeb14c936 
[11100.295370]  
[11100.403677] IR: [03932] scan key value is 0xeb14c936 
[11100.403682]  
[11100.511988] IR: [03932] scan key value is 0xeb14c936 
[11100.511993]  
[11100.620295] IR: [03932] scan key value is 0xeb14c936 
[11100.620300]  
[11100.728608] IR: [03932] scan key value is 0xeb14c936 
[11100.728612]  
[11100.836916] IR: [03932] scan key value is 0xeb14c936 
[11100.836921]  
[11100.945217] IR: [03932] scan key value is 0xeb14c936 
[11100.945222]  
[11101.053530] IR: [03932] scan key value is 0xeb14c936 
[11101.053534]  
[11101.161819] IR: [03932] scan key value is 0xeb14c936 
[11101.161823]  
[11101.270123] IR: [03932] scan key value is 0xeb14c936 
[11101.270128]  
[11101.378425] IR: [03932] scan key value is 0xeb14c936 
[11101.378429]  
[11101.811807] IR: [03932] scan key value is 0xed12c936 
[11101.811812]  
[11101.864406] IR: [03932] scan key value is 0xed12c936 
[11101.864412]  
[11101.972707] IR: [03932] scan key value is 0xed12c936 
[11101.972712]  
[11102.081008] IR: [03932] scan key value is 0xed12c936 
[11102.081013]  
[11102.189315] IR: [03932] scan key value is 0xed12c936 
[11102.189320]  
[11102.297617] IR: [03932] scan key value is 0xed12c936 
[11102.297622]  
[11102.405925] IR: [03932] scan key value is 0xed12c936 
[11102.405930]  
[11102.514225] IR: [03932] scan key value is 0xed12c936 
[11102.514229]  
[11102.622524] IR: [03932] scan key value is 0xed12c936 
[11102.622529]  
[11102.730827] IR: [03932] scan key value is 0xed12c936 
[11102.730832]  
[11102.839127] IR: [03932] scan key value is 0xed12c936 
[11102.839132]  
[11103.354754] IR: [03932] scan key value is 0xeb14c936 
[11103.354759]  
[11103.407349] IR: [03932] scan key value is 0xeb14c936 
[11103.407354]  
[11103.515647] IR: [03932] scan key value is 0xeb14c936 
[11103.515652]  
[11103.623949] IR: [03932] scan key value is 0xeb14c936 
[11103.623954]  
[11103.732253] IR: [03932] scan key value is 0xeb14c936 
[11103.732258]  
[11103.840559] IR: [03932] scan key value is 0xeb14c936 
[11103.840564]  
[11103.948865] IR: [03932] scan key value is 0xeb14c936 
[11103.948870]  
[11104.057171] IR: [03932] scan key value is 0xeb14c936 
[11104.057176]  
[11104.165483] IR: [03932] scan key value is 0xeb14c936 
[11104.165488]  
[11104.273785] IR: [03932] scan key value is 0xeb14c936 
[11104.273790]  
[11104.382084] IR: [03932] scan key value is 0xeb14c936 
[11104.382089]  
[11104.490391] IR: [03932] scan key value is 0xeb14c936 
[11104.490397]  
[11104.598692] IR: [03932] scan key value is 0xeb14c936 
[11104.598697]  
[11104.706990] IR: [03932] scan key value is 0xeb14c936 
[11104.706995]  
[11104.815289] IR: [03932] scan key value is 0xeb14c936 
[11104.815294]  
[11106.139814] irq_proc_write
[11113.400219] IR: [03932] scan key value is 0xed12c936 
[11113.400224]  
[11113.452800] IR: [03932] scan key value is 0xed12c936 
[11113.452805]  
[11113.561087] IR: [03932] scan key value is 0xed12c936 
[11113.561092]  
[11113.669423] IR: [03932] scan key value is 0xed12c936 
[11113.669427]  
[11113.777712] IR: [03932] scan key value is 0xed12c936 
[11113.777716]  
[11113.886048] IR: [03932] scan key value is 0xed12c936 
[11113.886052]  
[11113.994336] IR: [03932] scan key value is 0xed12c936 
[11113.994341]  
[11114.102672] IR: [03932] scan key value is 0xed12c936 
[11114.102677]  
[11114.210960] IR: [03932] scan key value is 0xed12c936 
[11114.210966]  
[11114.319274] IR: [03932] scan key value is 0xed12c936 
[11114.319280]  
[11115.375579] IR: [03932] scan key value is 0xeb14c936 
[11115.375584]  
[11115.428138] IR: [03932] scan key value is 0xeb14c936 
[11115.428143]  
[11115.499568] irq_proc_write
[11115.536511] IR: [03932] scan key value is 0xeb14c936 
[11115.536519]  
[11115.644756] IR: [03932] scan key value is 0xeb14c936 
[11115.644761]  
[11115.753087] IR: [03932] scan key value is 0xeb14c936 
[11115.753092]  
[11115.861393] IR: [03932] scan key value is 0xeb14c936 
[11115.861398]  
[11115.969702] IR: [03932] scan key value is 0xeb14c936 
[11115.969706]  
[11116.077985] IR: [03932] scan key value is 0xeb14c936 
[11116.077991]  
[11116.186300] IR: [03932] scan key value is 0xeb14c936 
[11116.186305]  
[11116.294604] IR: [03932] scan key value is 0xeb14c936 
[11116.294609]  
[11116.402923] IR: [03932] scan key value is 0xeb14c936 
[11116.402930]  
[11116.511204] IR: [03932] scan key value is 0xeb14c936 
[11116.511212]  
[11116.619508] IR: [03932] scan key value is 0xeb14c936 
[11116.619514]  
[11116.727786] IR: [03932] scan key value is 0xeb14c936 
[11116.727792]  
[11116.836108] IR: [03932] scan key value is 0xeb14c936 
[11116.836114]  
[11116.944404] IR: [03932] scan key value is 0xeb14c936 
[11116.944409]  
[11117.052707] IR: [03932] scan key value is 0xeb14c936 
[11117.052713]  
[11117.160976] IR: [03932] scan key value is 0xeb14c936 
[11117.160982]  
[11117.269274] IR: [03932] scan key value is 0xeb14c936 
[11117.269279]  
[11117.377586] IR: [03932] scan key value is 0xeb14c936 
[11117.377592]  
[11117.485856] IR: [03932] scan key value is 0xeb14c936 
[11117.485861]  
[11117.594148] IR: [03932] scan key value is 0xeb14c936 
[11117.594153]  
[11117.702463] IR: [03932] scan key value is 0xeb14c936 
[11117.702468]  
[11119.026890] irq_proc_write
[11119.810066] IR: [03932] scan key value is 0xed12c936 
[11119.810071]  
[11119.862644] IR: [03932] scan key value is 0xed12c936 
[11119.862649]  
[11119.970951] IR: [03932] scan key value is 0xed12c936 
[11119.970956]  
[11120.079229] IR: [03932] scan key value is 0xed12c936 
[11120.079234]  
[11120.187559] IR: [03932] scan key value is 0xed12c936 
[11120.187564]  
[11120.295854] IR: [03932] scan key value is 0xed12c936 
[11120.295860]  
[11120.404170] IR: [03932] scan key value is 0xed12c936 
[11120.404175]  
[11120.512473] IR: [03932] scan key value is 0xed12c936 
[11120.512478]  
[11120.620784] IR: [03932] scan key value is 0xed12c936 
[11120.620789]  
[11120.729058] IR: [03932] scan key value is 0xed12c936 
[11120.729063]  
[11120.837364] IR: [03932] scan key value is 0xed12c936 
[11120.837369]  
[11120.945663] IR: [03932] scan key value is 0xed12c936 
[11120.945668]  
[11121.054014] IR: [03932] scan key value is 0xed12c936 
[11121.054019]  
[11121.162341] IR: [03932] scan key value is 0xed12c936 
[11121.162347]  
[11121.270601] IR: [03932] scan key value is 0xed12c936 
[11121.270606]  
[11121.378899] IR: [03932] scan key value is 0xed12c936 
[11121.378904]  
[11121.487202] IR: [03932] scan key value is 0xed12c936 
[11121.487207]  
[11121.595499] IR: [03932] scan key value is 0xed12c936 
[11121.595504]  
[11121.703771] IR: [03932] scan key value is 0xed12c936 
[11121.703776]  
[11121.812066] IR: [03932] scan key value is 0xed12c936 
[11121.812072]  
[11122.976840] irq_proc_write
[11248.875302] [irq_proc_open][373] -16
[11248.902833] 
[11248.902842] irq_proc_write
[11248.928852] 
[11248.928862] irq_proc_write
[11250.458972] 
[11250.458982] irq_proc_write
[11261.645885] IR: [03932] scan key value is 0xeb14c936 
[11261.645890]  
[11261.698456] IR: [03932] scan key value is 0xeb14c936 
[11261.698461]  
[11261.806769] IR: [03932] scan key value is 0xeb14c936 
[11261.806773]  
[11261.915082] IR: [03932] scan key value is 0xeb14c936 
[11261.915087]  
[11262.023396] IR: [03932] scan key value is 0xeb14c936 
[11262.023401]  
[11262.131712] IR: [03932] scan key value is 0xeb14c936 
[11262.131716]  
[11262.240025] IR: [03932] scan key value is 0xeb14c936 
[11262.240031]  
[11262.348330] IR: [03932] scan key value is 0xeb14c936 
[11262.348335]  
[11262.456637] IR: [03932] scan key value is 0xeb14c936 
[11262.456642]  
[11262.564961] IR: [03932] scan key value is 0xeb14c936 
[11262.564966]  
[11262.673264] IR: [03932] scan key value is 0xeb14c936 
[11262.673269]  
[11262.781573] IR: [03932] scan key value is 0xeb14c936 
[11262.781577]  
[11262.889876] IR: [03932] scan key value is 0xeb14c936 
[11262.889881]  
[11263.456617] IR: [03932] scan key value is 0xee11c936 
[11263.456622]  
[11263.509203] IR: [03932] scan key value is 0xee11c936 
[11263.509208]  
[11263.617488] IR: [03932] scan key value is 0xee11c936 
[11263.617494]  
[11263.725789] IR: [03932] scan key value is 0xee11c936 
[11263.725794]  
[11263.834094] IR: [03932] scan key value is 0xee11c936 
[11263.834099]  
[11263.942395] IR: [03932] scan key value is 0xee11c936 
[11263.942401]  
[11264.050708] IR: [03932] scan key value is 0xee11c936 
[11264.050713]  
[11264.159010] IR: [03932] scan key value is 0xee11c936 
[11264.159015]  
[11264.250869] irq_proc_write
[11264.267310] IR: [03932] scan key value is 0xee11c936 
[11264.267315]  
[11264.754954] IR: [03932] scan key value is 0xee11c936 
[11264.754959]  
[11264.807445] IR: [03932] scan key value is 0xee11c936 
[11264.807451]  
[11264.915739] IR: [03932] scan key value is 0xee11c936 
[11264.915744]  
[11265.024042] IR: [03932] scan key value is 0xee11c936 
[11265.024046]  
[11265.132347] IR: [03932] scan key value is 0xee11c936 
[11265.132352]  
[11265.240654] IR: [03932] scan key value is 0xee11c936 
[11265.240659]  
[11265.348979] IR: [03932] scan key value is 0xee11c936 
[11265.348985]  
[11265.457287] IR: [03932] scan key value is 0xee11c936 
[11265.457293]  
[11265.565586] IR: [03932] scan key value is 0xee11c936 
[11265.565591]  
[11265.673892] IR: [03932] scan key value is 0xee11c936 
[11265.673897]  
[11265.782186] IR: [03932] scan key value is 0xee11c936 
[11265.782190]  
[11265.890490] IR: [03932] scan key value is 0xee11c936 
[11265.890495]  
[11265.998800] IR: [03932] scan key value is 0xee11c936 
[11265.998806]  
[11266.107100] IR: [03932] scan key value is 0xee11c936 
[11266.107106]  
[11266.215400] IR: [03932] scan key value is 0xee11c936 
[11266.215409]  
[11266.323704] IR: [03932] scan key value is 0xee11c936 
[11266.323710]  
[11266.432056] IR: [03932] scan key value is 0xee11c936 
[11266.432062]  
[11266.540302] IR: [03932] scan key value is 0xee11c936 
[11266.540306]  
[11266.648610] IR: [03932] scan key value is 0xee11c936 
[11266.648616]  
[11266.756909] IR: [03932] scan key value is 0xee11c936 
[11266.756915]  
[11266.865226] IR: [03932] scan key value is 0xee11c936 
[11266.865231]  
[11266.973608] IR: [03932] scan key value is 0xee11c936 
[11266.973613]  
[11267.081842] IR: [03932] scan key value is 0xee11c936 
[11267.081848]  
[11267.190125] IR: [03932] scan key value is 0xee11c936 
[11267.190130]  
[11267.298435] IR: [03932] scan key value is 0xee11c936 
[11267.298440]  
[11268.008717] IR: [03932] scan key value is 0xea15c936 
[11268.008721]  
[11268.061309] IR: [03932] scan key value is 0xea15c936 
[11268.061314]  
[11268.169613] IR: [03932] scan key value is 0xea15c936 
[11268.169618]  
[11268.277930] IR: [03932] scan key value is 0xea15c936 
[11268.277935]  
[11268.386224] IR: [03932] scan key value is 0xea15c936 
[11268.386229]  
[11268.904800] IR: [03932] scan key value is 0xee11c936 
[11268.904806]  
[11268.957381] IR: [03932] scan key value is 0xee11c936 
[11268.957386]  
[11269.065680] IR: [03932] scan key value is 0xee11c936 
[11269.065685]  
[11269.173984] IR: [03932] scan key value is 0xee11c936 
[11269.173989]  
[11269.282299] IR: [03932] scan key value is 0xee11c936 
[11269.282306]  
[11269.390605] IR: [03932] scan key value is 0xee11c936 
[11269.390610]  
[11269.498916] IR: [03932] scan key value is 0xee11c936 
[11269.498921]  
[11269.607239] IR: [03932] scan key value is 0xee11c936 
[11269.607245]  
[11269.715539] IR: [03932] scan key value is 0xee11c936 
[11269.715545]  
[11269.823837] IR: [03932] scan key value is 0xee11c936 
[11269.823843]  
[11270.380900] IR: [03932] scan key value is 0xee11c936 
[11270.380906]  
[11271.129205] IR: [03932] scan key value is 0xea15c936 
[11271.129210]  
[11271.181802] IR: [03932] scan key value is 0xea15c936 
[11271.181807]  
[11272.450728] IR: [03932] scan key value is 0xee11c936 
[11272.450733]  
[11272.503297] IR: [03932] scan key value is 0xee11c936 
[11272.503303]  
[11273.528239] IR: [03932] scan key value is 0xee11c936 
[11273.528244]  
[11273.580809] IR: [03932] scan key value is 0xee11c936 
[11273.580814]  
[11274.114545] IR: [03932] scan key value is 0xee11c936 
[11274.114551]  
[11274.167104] IR: [03932] scan key value is 0xee11c936 
[11274.167110]  
[11274.723416] IR: [03932] scan key value is 0xee11c936 
[11274.723421]  
[11274.775980] IR: [03932] scan key value is 0xee11c936 
[11274.775984]  
[11274.884287] IR: [03932] scan key value is 0xee11c936 
[11274.884292]  
[11274.992601] IR: [03932] scan key value is 0xee11c936 
[11274.992606]  
[11275.100906] IR: [03932] scan key value is 0xee11c936 
[11275.100911]  
[11275.513259] IR: [03932] scan key value is 0xee11c936 
[11275.513264]  
[11275.565815] IR: [03932] scan key value is 0xee11c936 
[11275.565821]  
[11275.674137] IR: [03932] scan key value is 0xee11c936 
[11275.674143]  
[11276.026879] IR: [03932] scan key value is 0xee11c936 
[11276.026883]  
[11276.079468] IR: [03932] scan key value is 0xee11c936 
[11276.079473]  
[11276.936067] IR: [03932] scan key value is 0xea15c936 
[11276.936072]  
[11276.988639] IR: [03932] scan key value is 0xea15c936 
[11276.988644]  
[11278.037698] IR: [03932] scan key value is 0xee11c936 
[11278.037703]  
[11278.090265] IR: [03932] scan key value is 0xee11c936 
[11278.090270]  
[11279.878844] IR: [03932] scan key value is 0xeb14c936 
[11279.878849]  
[11279.931422] IR: [03932] scan key value is 0xeb14c936 
[11279.931427]  
[11280.039727] IR: [03932] scan key value is 0xeb14c936 
[11280.039732]  
[11280.148029] IR: [03932] scan key value is 0xeb14c936 
[11280.148034]  
[11280.256335] IR: [03932] scan key value is 0xeb14c936 
[11280.256340]  
[11280.669325] IR: [03932] scan key value is 0xed12c936 
[11280.669330]  
[11280.721891] IR: [03932] scan key value is 0xed12c936 
[11280.721896]  
[11280.830206] IR: [03932] scan key value is 0xed12c936 
[11280.830211]  
[11280.938501] IR: [03932] scan key value is 0xed12c936 
[11280.938507]  
[11281.046802] IR: [03932] scan key value is 0xed12c936 
[11281.046807]  
[11281.155110] IR: [03932] scan key value is 0xed12c936 
[11281.155114]  
[11281.828265] IR: [03932] scan key value is 0xeb14c936 
[11281.828270]  
[11281.880833] IR: [03932] scan key value is 0xeb14c936 
[11281.880838]  
[11281.989138] IR: [03932] scan key value is 0xeb14c936 
[11281.989142]  
[11282.097443] IR: [03932] scan key value is 0xeb14c936 
[11282.097447]  
[11282.205750] IR: [03932] scan key value is 0xeb14c936 
[11282.205755]  
[11282.314055] IR: [03932] scan key value is 0xeb14c936 
[11282.314059]  
[11282.422357] IR: [03932] scan key value is 0xeb14c936 
[11282.422362]  
[11283.749869] irq_proc_write
[11283.998855] IR: [03932] scan key value is 0xec13c936 
[11283.998860]  
[11284.051420] IR: [03932] scan key value is 0xec13c936 
[11284.051425]  
[11285.033482] IR: [03932] scan key value is 0xec13c936 
[11285.033487]  
[11285.086051] IR: [03932] scan key value is 0xec13c936 
[11285.086055]  
[11285.638605] IR: [03932] scan key value is 0xec13c936 
[11285.638609]  
[11285.691191] IR: [03932] scan key value is 0xec13c936 
[11285.691195]  
[11286.241677] IR: [03932] scan key value is 0xec13c936 
[11286.241682]  
[11286.294245] IR: [03932] scan key value is 0xec13c936 
[11286.294249]  
[11286.850775] IR: [03932] scan key value is 0xec13c936 
[11286.850780]  
[11286.903341] IR: [03932] scan key value is 0xec13c936 
[11286.903346]  
[11287.466581] IR: [03932] scan key value is 0xec13c936 
[11287.466586]  
[11287.519148] IR: [03932] scan key value is 0xec13c936 
[11287.519153]  
[11288.092814] IR: [03932] scan key value is 0xec13c936 
[11288.092818]  
[11288.145383] IR: [03932] scan key value is 0xec13c936 
[11288.145389]  
[11288.763021] IR: [03932] scan key value is 0xec13c936 
[11288.763025]  
[11288.815591] IR: [03932] scan key value is 0xec13c936 
[11288.815597]  
[11290.282438] IR: [03932] scan key value is 0xea15c936 
[11290.282444]  
[11290.335007] IR: [03932] scan key value is 0xea15c936 
[11290.335013]  
[11291.509408] IR: [03932] scan key value is 0xed12c936 
[11291.509412]  
[11291.561990] IR: [03932] scan key value is 0xed12c936 
[11291.561995]  
[11292.185081] IR: [03932] scan key value is 0xed12c936 
[11292.185086]  
[11292.237646] IR: [03932] scan key value is 0xed12c936 
[11292.237651]  
[11292.345959] IR: [03932] scan key value is 0xed12c936 
[11292.345964]  
[11292.737262] IR: [03932] scan key value is 0xeb14c936 
[11292.737267]  
[11292.789831] IR: [03932] scan key value is 0xeb14c936 
[11292.789836]  
[11293.279490] IR: [03932] scan key value is 0xed12c936 
[11293.279495]  
[11293.332085] IR: [03932] scan key value is 0xed12c936 
[11293.332090]  
[11293.440389] IR: [03932] scan key value is 0xed12c936 
[11293.440394]  
[11293.731353] IR: [03932] scan key value is 0xea15c936 
[11293.731359]  
[11293.783947] IR: [03932] scan key value is 0xea15c936 
[11293.783952]  
[11293.892255] IR: [03932] scan key value is 0xea15c936 
[11293.892260]  
[11294.649844] IR: [03932] scan key value is 0xee11c936 
[11294.649849]  
[11294.702412] IR: [03932] scan key value is 0xee11c936 
[11294.702417]  
[11295.530813] IR: [03932] scan key value is 0xea15c936 
[11295.530818]  
[11295.583406] IR: [03932] scan key value is 0xea15c936 
[11295.583411]  
[11296.512760] IR: [03932] scan key value is 0xed12c936 
[11296.512765]  
[11296.565320] IR: [03932] scan key value is 0xed12c936 
[11296.565325]  
[11297.063393] IR: [03932] scan key value is 0xeb14c936 
[11297.063397]  
[11297.115988] IR: [03932] scan key value is 0xeb14c936 
[11297.115998]  
[11297.224266] IR: [03932] scan key value is 0xeb14c936 
[11297.224271]  
[11297.601550] IR: [03932] scan key value is 0xed12c936 
[11297.601555]  
[11297.654120] IR: [03932] scan key value is 0xed12c936 
[11297.654129]  
[11298.285036] IR: [03932] scan key value is 0xea15c936 
[11298.285041]  
[11298.337623] IR: [03932] scan key value is 0xea15c936 
[11298.337628]  
[11298.947632] IR: [03932] scan key value is 0xee11c936 
[11298.947636]  
[11299.000222] IR: [03932] scan key value is 0xee11c936 
[11299.000227]  
[11300.454788] IR: [03932] scan key value is 0xea15c936 
[11300.454793]  
[11300.507375] IR: [03932] scan key value is 0xea15c936 
[11300.507381]  
[11301.393844] IR: [03932] scan key value is 0xed12c936 
[11301.393849]  
[11301.446422] IR: [03932] scan key value is 0xed12c936 
[11301.446427]  
[11301.554729] IR: [03932] scan key value is 0xed12c936 
[11301.554734]  
[11301.978774] IR: [03932] scan key value is 0xed12c936 
[11301.978778]  
[11302.031358] IR: [03932] scan key value is 0xed12c936 
[11302.031363]  
[11302.662193] IR: [03932] scan key value is 0xec13c936 
[11302.662199]  
[11302.714789] IR: [03932] scan key value is 0xec13c936 
[11302.714795]  
[11303.824644] IR: [03932] scan key value is 0xed12c936 
[11303.824649]  
[11303.877236] IR: [03932] scan key value is 0xed12c936 
[11303.877242]  
[11303.985540] IR: [03932] scan key value is 0xed12c936 
[11303.985545]  
[11304.468699] IR: [03932] scan key value is 0xeb14c936 
[11304.468704]  
[11304.521289] IR: [03932] scan key value is 0xeb14c936 
[11304.521294]  
[11305.340701] IR: [03932] scan key value is 0xeb14c936 
[11305.340705]  
[11305.393294] IR: [03932] scan key value is 0xeb14c936 
[11305.393299]  
[11305.672315] IR: [03932] scan key value is 0xed12c936 
[11305.672320]  
[11305.724907] IR: [03932] scan key value is 0xed12c936 
[11305.724911]  
[11306.025633] IR: [03932] scan key value is 0xea15c936 
[11306.025638]  
[11306.078226] IR: [03932] scan key value is 0xea15c936 
[11306.078231]  
[11306.446002] IR: [03932] scan key value is 0xee11c936 
[11306.446007]  
[11306.498589] IR: [03932] scan key value is 0xee11c936 
[11306.498594]  
[11306.606903] IR: [03932] scan key value is 0xee11c936 
[11306.606908]  
[11306.996880] IR: [03932] scan key value is 0xed12c936 
[11306.996885]  
[11307.049465] IR: [03932] scan key value is 0xed12c936 
[11307.049470]  
[11308.164514] IR: [03932] scan key value is 0xf10ec936 
[11308.164519]  
[11308.217102] IR: [03932] scan key value is 0xf10ec936 
[11308.217107]  
[11308.373933] irq_proc_write
[11309.626345] IR: [03932] scan key value is 0xeb14c936 
[11309.626350]  
[11309.678981] IR: [03932] scan key value is 0xeb14c936 
[11309.678988]  
[11310.730009] IR: [03932] scan key value is 0xed12c936 
[11310.730014]  
[11310.782595] IR: [03932] scan key value is 0xed12c936 
[11310.782600]  
[11311.215703] IR: [03932] scan key value is 0xec13c936 
[11311.215708]  
[11311.268267] IR: [03932] scan key value is 0xec13c936 
[11311.268272]  
[11314.485210] IR: [03932] scan key value is 0xf10ec936 
[11314.485215]  
[11316.121622] IR: [03932] scan key value is 0xec13c936 
[11316.121626]  
[11316.174213] IR: [03932] scan key value is 0xec13c936 
[11316.174217]  
[11318.155364] IR: [03932] scan key value is 0xec13c936 
[11318.155369]  
[11318.207933] IR: [03932] scan key value is 0xec13c936 
[11318.207938]  
[11320.877579] [irq_proc_open][373] -16
[11321.001021] 
[11321.001029] irq_proc_write
[11321.023817] 
[11321.023825] irq_proc_write
[11324.969886] IR: [03932] scan key value is 0xea15c936 
[11324.969891]  
[11325.022477] IR: [03932] scan key value is 0xea15c936 
[11325.022482]  
[11325.986715] IR: [03932] scan key value is 0xed12c936 
[11325.986720]  
[11326.039325] IR: [03932] scan key value is 0xed12c936 
[11326.039332]  
[11326.638937] IR: [03932] scan key value is 0xed12c936 
[11326.638941]  
[11326.691526] IR: [03932] scan key value is 0xed12c936 
[11326.691532]  
[11327.212512] IR: [03932] scan key value is 0xed12c936 
[11327.212517]  
[11327.265084] IR: [03932] scan key value is 0xed12c936 
[11327.265089]  
[11328.110962] IR: [03932] scan key value is 0xed12c936 
[11328.110967]  
[11328.163522] IR: [03932] scan key value is 0xed12c936 
[11328.163527]  
[11328.519646] IR: [03932] scan key value is 0xed12c936 
[11328.519651]  
[11328.572211] IR: [03932] scan key value is 0xed12c936 
[11328.572216]  
[11328.912071] IR: [03932] scan key value is 0xed12c936 
[11328.912076]  
[11328.964635] IR: [03932] scan key value is 0xed12c936 
[11328.964640]  
[11329.452211] IR: [03932] scan key value is 0xed12c936 
[11329.452216]  
[11329.504776] IR: [03932] scan key value is 0xed12c936 
[11329.504780]  
[11329.849859] IR: [03932] scan key value is 0xeb14c936 
[11329.849864]  
[11329.902440] IR: [03932] scan key value is 0xeb14c936 
[11329.902445]  
[11330.285978] IR: [03932] scan key value is 0xeb14c936 
[11330.285983]  
[11330.338572] IR: [03932] scan key value is 0xeb14c936 
[11330.338577]  
[11330.525820] IR: [03932] scan key value is 0xeb14c936 
[11330.525826]  
[11330.578406] IR: [03932] scan key value is 0xeb14c936 
[11330.578411]  
[11330.686709] IR: [03932] scan key value is 0xeb14c936 
[11330.686714]  
[11330.795009] IR: [03932] scan key value is 0xeb14c936 
[11330.795014]  
[11330.903316] IR: [03932] scan key value is 0xeb14c936 
[11330.903321]  
[11331.011620] IR: [03932] scan key value is 0xeb14c936 
[11331.011624]  
[11331.119932] IR: [03932] scan key value is 0xeb14c936 
[11331.119937]  
[11331.228239] IR: [03932] scan key value is 0xeb14c936 
[11331.228244]  
[11331.552608] IR: [03932] scan key value is 0xed12c936 
[11331.552613]  
[11331.605196] IR: [03932] scan key value is 0xed12c936 
[11331.605202]  
[11331.713512] IR: [03932] scan key value is 0xed12c936 
[11331.713517]  
[11331.821820] IR: [03932] scan key value is 0xed12c936 
[11331.821825]  
[11331.930133] IR: [03932] scan key value is 0xed12c936 
[11331.930138]  
[11332.038437] IR: [03932] scan key value is 0xed12c936 
[11332.038442]  
[11332.146744] IR: [03932] scan key value is 0xed12c936 
[11332.146749]  
[11332.255053] IR: [03932] scan key value is 0xed12c936 
[11332.255058]  
[11332.363365] IR: [03932] scan key value is 0xed12c936 
[11332.363370]  
[11332.471669] IR: [03932] scan key value is 0xed12c936 
[11332.471674]  
[11332.579974] IR: [03932] scan key value is 0xed12c936 
[11332.579978]  
[11332.688282] IR: [03932] scan key value is 0xed12c936 
[11332.688287]  
[11333.243410] IR: [03932] scan key value is 0xec13c936 
[11333.243414]  
[11333.295994] IR: [03932] scan key value is 0xec13c936 
[11333.295999]  
[11337.700229] [irq_proc_open][373] -16
[11337.723422] 
[11337.723430] irq_proc_write
[11337.756876] 
[11337.756885] irq_proc_write
[11341.409356] IR: [03932] scan key value is 0xec13c936 
[11341.409361]  
[11341.461942] IR: [03932] scan key value is 0xec13c936 
[11341.461948]  
[11341.570228] IR: [03932] scan key value is 0xec13c936 
[11341.570233]  
[11342.290606] IR: [03932] scan key value is 0xec13c936 
[11342.290612]  
[11342.343174] IR: [03932] scan key value is 0xec13c936 
[11342.343179]  
[11342.451481] IR: [03932] scan key value is 0xec13c936 
[11342.451485]  
[11342.955622] IR: [03932] scan key value is 0xeb14c936 
[11342.955627]  
[11343.008215] IR: [03932] scan key value is 0xeb14c936 
[11343.008219]  
[11343.116517] IR: [03932] scan key value is 0xeb14c936 
[11343.116522]  
[11343.224822] IR: [03932] scan key value is 0xeb14c936 
[11343.224826]  
[11343.333130] IR: [03932] scan key value is 0xeb14c936 
[11343.333134]  
[11343.441434] IR: [03932] scan key value is 0xeb14c936 
[11343.441439]  
[11343.549737] IR: [03932] scan key value is 0xeb14c936 
[11343.549742]  
[11343.658036] IR: [03932] scan key value is 0xeb14c936 
[11343.658041]  
[11343.766330] IR: [03932] scan key value is 0xeb14c936 
[11343.766335]  
[11343.874628] IR: [03932] scan key value is 0xeb14c936 
[11343.874633]  
[11343.982931] IR: [03932] scan key value is 0xeb14c936 
[11343.982936]  
[11344.091243] IR: [03932] scan key value is 0xeb14c936 
[11344.091248]  
[11344.199540] IR: [03932] scan key value is 0xeb14c936 
[11344.199546]  
[11344.307840] IR: [03932] scan key value is 0xeb14c936 
[11344.307844]  
[11344.416141] IR: [03932] scan key value is 0xeb14c936 
[11344.416145]  
[11344.524440] IR: [03932] scan key value is 0xeb14c936 
[11344.524444]  
[11344.632745] IR: [03932] scan key value is 0xeb14c936 
[11344.632750]  
[11344.741049] IR: [03932] scan key value is 0xeb14c936 
[11344.741054]  
[11345.049456] IR: [03932] scan key value is 0xec13c936 
[11345.049461]  
[11345.102050] IR: [03932] scan key value is 0xec13c936 
[11345.102055]  
[11346.080848] irq_proc_write
[11348.384187] IR: [03932] scan key value is 0xeb14c936 
[11348.384192]  
[11348.436754] IR: [03932] scan key value is 0xeb14c936 
[11348.436759]  
[11348.545067] IR: [03932] scan key value is 0xeb14c936 
[11348.545072]  
[11348.653401] IR: [03932] scan key value is 0xeb14c936 
[11348.653407]  
[11348.761714] IR: [03932] scan key value is 0xeb14c936 
[11348.761719]  
[11348.870023] IR: [03932] scan key value is 0xeb14c936 
[11348.870028]  
[11348.978332] IR: [03932] scan key value is 0xeb14c936 
[11348.978337]  
[11349.086638] IR: [03932] scan key value is 0xeb14c936 
[11349.086643]  
[11349.194942] IR: [03932] scan key value is 0xeb14c936 
[11349.194947]  
[11349.303236] IR: [03932] scan key value is 0xeb14c936 
[11349.303242]  
[11349.411533] IR: [03932] scan key value is 0xeb14c936 
[11349.411538]  
[11349.519835] IR: [03932] scan key value is 0xeb14c936 
[11349.519839]  
[11349.628145] IR: [03932] scan key value is 0xeb14c936 
[11349.628150]  
[11349.736442] IR: [03932] scan key value is 0xeb14c936 
[11349.736447]  
[11349.844742] IR: [03932] scan key value is 0xeb14c936 
[11349.844748]  
[11349.953043] IR: [03932] scan key value is 0xeb14c936 
[11349.953048]  
[11350.061388] IR: [03932] scan key value is 0xeb14c936 
[11350.061392]  
[11350.169670] IR: [03932] scan key value is 0xeb14c936 
[11350.169675]  
[11351.504184] irq_proc_write
[11353.599000] IR: [03932] scan key value is 0xeb14c936 
[11353.599005]  
[11353.651590] IR: [03932] scan key value is 0xeb14c936 
[11353.651595]  
[11353.759906] IR: [03932] scan key value is 0xeb14c936 
[11353.759912]  
[11353.868177] IR: [03932] scan key value is 0xeb14c936 
[11353.868182]  
[11353.976482] IR: [03932] scan key value is 0xeb14c936 
[11353.976486]  
[11354.084791] IR: [03932] scan key value is 0xeb14c936 
[11354.084796]  
[11354.193118] IR: [03932] scan key value is 0xeb14c936 
[11354.193123]  
[11354.301419] IR: [03932] scan key value is 0xeb14c936 
[11354.301424]  
[11354.409718] IR: [03932] scan key value is 0xeb14c936 
[11354.409723]  
[11354.518022] IR: [03932] scan key value is 0xeb14c936 
[11354.518028]  
[11354.626319] IR: [03932] scan key value is 0xeb14c936 
[11354.626324]  
[11354.734624] IR: [03932] scan key value is 0xeb14c936 
[11354.734630]  
[11354.842922] IR: [03932] scan key value is 0xeb14c936 
[11354.842927]  
[11354.951232] IR: [03932] scan key value is 0xeb14c936 
[11354.951237]  
[11356.311982] irq_proc_write
[11357.450669] IR: [03932] scan key value is 0xed12c936 
[11357.450675]  
[11357.503262] IR: [03932] scan key value is 0xed12c936 
[11357.503267]  
[11357.611566] IR: [03932] scan key value is 0xed12c936 
[11357.611571]  
[11357.719911] IR: [03932] scan key value is 0xed12c936 
[11357.719916]  
[11357.828185] IR: [03932] scan key value is 0xed12c936 
[11357.828190]  
[11357.936493] IR: [03932] scan key value is 0xed12c936 
[11357.936498]  
[11358.044799] IR: [03932] scan key value is 0xed12c936 
[11358.044804]  
[11358.153101] IR: [03932] scan key value is 0xed12c936 
[11358.153107]  
[11358.261409] IR: [03932] scan key value is 0xed12c936 
[11358.261414]  
[11358.369720] IR: [03932] scan key value is 0xed12c936 
[11358.369725]  
[11359.713030] irq_proc_write
[11374.656581] IR: [03932] scan key value is 0xea15c936 
[11374.656586]  
[11374.709177] IR: [03932] scan key value is 0xea15c936 
[11374.709182]  
[11376.662366] IR: [03932] scan key value is 0xeb14c936 
[11376.662371]  
[11376.714996] IR: [03932] scan key value is 0xeb14c936 
[11376.715002]  
[11377.359818] IR: [03932] scan key value is 0xf10ec936 
[11377.359822]  
[11377.412412] IR: [03932] scan key value is 0xf10ec936 
[11377.412417]  
[11378.600441] IR: [03932] scan key value is 0xeb14c936 
[11378.600446]  
[11378.653073] IR: [03932] scan key value is 0xeb14c936 
[11378.653080]  
[11379.035250] IR: [03932] scan key value is 0xec13c936 
[11379.035255]  
[11379.087839] IR: [03932] scan key value is 0xec13c936 
[11379.087844]  
[11380.147581] IR: [03932] scan key value is 0xf10ec936 
[11380.147586]  
[11380.200169] IR: [03932] scan key value is 0xf10ec936 
[11380.200174]  
[11381.205005] IR: [03932] scan key value is 0xec13c936 
[11381.205010]  
[11381.257593] IR: [03932] scan key value is 0xec13c936 
[11381.257598]  
[11383.177036] IR: [03932] scan key value is 0xea15c936 
[11383.177041]  
[11383.229671] IR: [03932] scan key value is 0xea15c936 
[11383.229679]  
[11383.814288] IR: [03932] scan key value is 0xeb14c936 
[11383.814293]  
[11383.866882] IR: [03932] scan key value is 0xeb14c936 
[11383.866887]  
[11384.279697] IR: [03932] scan key value is 0xec13c936 
[11384.279701]  
[11384.332287] IR: [03932] scan key value is 0xec13c936 
[11384.332292]  
[11385.868697] IR: [03932] scan key value is 0xeb14c936 
[11385.868702]  
[11385.921291] IR: [03932] scan key value is 0xeb14c936 
[11385.921296]  
[11386.593730] IR: [03932] scan key value is 0xeb14c936 
[11386.593734]  
[11386.646328] IR: [03932] scan key value is 0xeb14c936 
[11386.646332]  
[11388.337556] IR: [03932] scan key value is 0xec13c936 
[11388.337561]  
[11388.390151] IR: [03932] scan key value is 0xec13c936 
[11388.390156]  
[11390.937907] [irq_proc_open][373] -16
[11391.060264] 
[11391.060272] irq_proc_write
[11391.083814] 
[11391.083821] irq_proc_write
[11397.797214] IR: [03932] scan key value is 0xea15c936 
[11397.797219]  
[11397.849811] IR: [03932] scan key value is 0xea15c936 
[11397.849816]  
[11397.958118] IR: [03932] scan key value is 0xea15c936 
[11397.958122]  
[11398.066431] IR: [03932] scan key value is 0xea15c936 
[11398.066436]  
[11398.174747] IR: [03932] scan key value is 0xea15c936 
[11398.174752]  
[11398.283060] IR: [03932] scan key value is 0xea15c936 
[11398.283064]  
[11398.391388] IR: [03932] scan key value is 0xea15c936 
[11398.391393]  
[11398.499698] IR: [03932] scan key value is 0xea15c936 
[11398.499703]  
[11398.608013] IR: [03932] scan key value is 0xea15c936 
[11398.608018]  
[11398.716319] IR: [03932] scan key value is 0xea15c936 
[11398.716324]  
[11399.682428] IR: [03932] scan key value is 0xea15c936 
[11399.682433]  
[11399.735025] IR: [03932] scan key value is 0xea15c936 
[11399.735031]  
[11400.515478] IR: [03932] scan key value is 0xed12c936 
[11400.515483]  
[11400.568070] IR: [03932] scan key value is 0xed12c936 
[11400.568075]  
[11401.794953] IR: [03932] scan key value is 0xec13c936 
[11401.794958]  
[11401.847541] IR: [03932] scan key value is 0xec13c936 
[11401.847546]  
[11401.955854] IR: [03932] scan key value is 0xec13c936 
[11401.955859]  
[11402.064166] IR: [03932] scan key value is 0xec13c936 
[11402.064172]  
[11406.855704] [irq_proc_open][373] -16
[11406.877399] 
[11406.877407] irq_proc_write
[11406.902822] 
[11406.902829] irq_proc_write
[11412.223891] IR: [03932] scan key value is 0xf10ec936 
[11412.223896]  
[11412.276466] IR: [03932] scan key value is 0xf10ec936 
[11412.276472]  
[11412.384786] IR: [03932] scan key value is 0xf10ec936 
[11412.384791]  
[11412.493109] IR: [03932] scan key value is 0xf10ec936 
[11412.493114]  
[11412.601421] IR: [03932] scan key value is 0xf10ec936 
[11412.601426]  
[11412.709739] IR: [03932] scan key value is 0xf10ec936 
[11412.709743]  
[11412.818054] IR: [03932] scan key value is 0xf10ec936 
[11412.818059]  
[11412.926369] IR: [03932] scan key value is 0xf10ec936 
[11412.926374]  
[11413.034696] IR: [03932] scan key value is 0xf10ec936 
[11413.034700]  
[11413.650534] IR: [03932] scan key value is 0xeb14c936 
[11413.650538]  
[11413.703167] IR: [03932] scan key value is 0xeb14c936 
[11413.703175]  
[11414.173076] IR: [03932] scan key value is 0xec13c936 
[11414.173081]  
[11414.225663] IR: [03932] scan key value is 0xec13c936 
[11414.225668]  
[11414.936278] IR: [03932] scan key value is 0xe41bc936 
[11414.936284]  
[11414.988870] IR: [03932] scan key value is 0xe41bc936 
[11414.988875]  
[11415.097179] IR: [03932] scan key value is 0xe41bc936 
[11415.097183]  
[11415.205489] IR: [03932] scan key value is 0xe41bc936 
[11415.205495]  
[11415.313799] IR: [03932] scan key value is 0xe41bc936 
[11415.313805]  
[11415.422110] IR: [03932] scan key value is 0xe41bc936 
[11415.422114]  
[11415.530420] IR: [03932] scan key value is 0xe41bc936 
[11415.530426]  
[11415.638729] IR: [03932] scan key value is 0xe41bc936 
[11415.638733]  
[11415.747032] IR: [03932] scan key value is 0xe41bc936 
[11415.747037]  
[11415.855342] IR: [03932] scan key value is 0xe41bc936 
[11415.855347]  
[11415.963645] IR: [03932] scan key value is 0xe41bc936 
[11415.963650]  
[11416.071944] IR: [03932] scan key value is 0xe41bc936 
[11416.071949]  
[11416.711915] IR: [03932] scan key value is 0xed12c936 
[11416.711920]  
[11416.764506] IR: [03932] scan key value is 0xed12c936 
[11416.764512]  
[11416.872822] IR: [03932] scan key value is 0xed12c936 
[11416.872827]  
[11416.981127] IR: [03932] scan key value is 0xed12c936 
[11416.981132]  
[11417.089437] IR: [03932] scan key value is 0xed12c936 
[11417.089442]  
[11417.197741] IR: [03932] scan key value is 0xed12c936 
[11417.197746]  
[11417.306049] IR: [03932] scan key value is 0xed12c936 
[11417.306054]  
[11417.414350] IR: [03932] scan key value is 0xed12c936 
[11417.414354]  
[11417.522662] IR: [03932] scan key value is 0xed12c936 
[11417.522667]  
[11418.029140] IR: [03932] scan key value is 0xeb14c936 
[11418.029145]  
[11418.081729] IR: [03932] scan key value is 0xeb14c936 
[11418.081733]  
[11419.171374] IR: [03932] scan key value is 0xec13c936 
[11419.171379]  
[11419.223964] IR: [03932] scan key value is 0xec13c936 
[11419.223969]  
[11420.429814] IR: [03932] scan key value is 0xf10ec936 
[11420.429819]  
[11420.482376] IR: [03932] scan key value is 0xf10ec936 
[11420.482381]  
[11421.499058] IR: [03932] scan key value is 0xee11c936 
[11421.499062]  
[11421.551658] IR: [03932] scan key value is 0xee11c936 
[11421.551663]  
[11423.094116] IR: [03932] scan key value is 0xea15c936 
[11423.094121]  
[11423.146707] IR: [03932] scan key value is 0xea15c936 
[11423.146712]  
[11423.826798] IR: [03932] scan key value is 0xee11c936 
[11423.826804]  
[11423.879390] IR: [03932] scan key value is 0xee11c936 
[11423.879396]  
[11425.290003] IR: [03932] scan key value is 0xec13c936 
[11425.290008]  
[11425.342636] IR: [03932] scan key value is 0xec13c936 
[11425.342644]  
[11426.163915] IR: [03932] scan key value is 0xec13c936 
[11426.163920]  
[11426.216512] IR: [03932] scan key value is 0xec13c936 
[11426.216517]  
[11429.524974] IR: [03932] scan key value is 0xf10ec936 
[11429.524980]  
[11429.577557] IR: [03932] scan key value is 0xf10ec936 
[11429.577563]  
[11430.528211] IR: [03932] scan key value is 0xeb14c936 
[11430.528216]  
[11430.580800] IR: [03932] scan key value is 0xeb14c936 
[11430.580805]  
[11430.958605] IR: [03932] scan key value is 0xec13c936 
[11430.958609]  
[11431.011196] IR: [03932] scan key value is 0xec13c936 
[11431.011201]  
[11433.980211] IR: [03932] scan key value is 0xf10ec936 
[11433.980216]  
[11434.032808] IR: [03932] scan key value is 0xf10ec936 
[11434.032812]  
[11434.975211] IR: [03932] scan key value is 0xeb14c936 
[11434.975216]  
[11435.027814] IR: [03932] scan key value is 0xeb14c936 
[11435.027823]  
[11435.540967] IR: [03932] scan key value is 0xed12c936 
[11435.540972]  
[11435.593564] IR: [03932] scan key value is 0xed12c936 
[11435.593570]  
[11436.845972] IR: [03932] scan key value is 0xec13c936 
[11436.845977]  
[11436.898565] IR: [03932] scan key value is 0xec13c936 
[11436.898570]  
[11438.662992] IR: [03932] scan key value is 0xea15c936 
[11438.662996]  
[11438.715583] IR: [03932] scan key value is 0xea15c936 
[11438.715588]  
[11439.341903] IR: [03932] scan key value is 0xee11c936 
[11439.341908]  
[11439.394491] IR: [03932] scan key value is 0xee11c936 
[11439.394496]  
[11440.615358] IR: [03932] scan key value is 0xee11c936 
[11440.615363]  
[11440.667947] IR: [03932] scan key value is 0xee11c936 
[11440.667952]  
[11441.571804] IR: [03932] scan key value is 0xeb14c936 
[11441.571809]  
[11441.624444] IR: [03932] scan key value is 0xeb14c936 
[11441.624451]  
[11442.082284] IR: [03932] scan key value is 0xee11c936 
[11442.082288]  
[11442.134909] IR: [03932] scan key value is 0xee11c936 
[11442.134915]  
[11442.699648] IR: [03932] scan key value is 0xeb14c936 
[11442.699653]  
[11442.752241] IR: [03932] scan key value is 0xeb14c936 
[11442.752246]  
[11444.332732] IR: [03932] scan key value is 0xeb14c936 
[11444.332737]  
[11444.385319] IR: [03932] scan key value is 0xeb14c936 
[11444.385324]  
[11444.829476] IR: [03932] scan key value is 0xed12c936 
[11444.829481]  
[11444.882074] IR: [03932] scan key value is 0xed12c936 
[11444.882079]  
[11445.360242] IR: [03932] scan key value is 0xed12c936 
[11445.360247]  
[11445.412872] IR: [03932] scan key value is 0xed12c936 
[11445.412880]  
[11446.560414] IR: [03932] scan key value is 0xea15c936 
[11446.560419]  
[11446.613043] IR: [03932] scan key value is 0xea15c936 
[11446.613050]  
[11447.065075] IR: [03932] scan key value is 0xee11c936 
[11447.065080]  
[11447.117669] IR: [03932] scan key value is 0xee11c936 
[11447.117673]  
[11447.533607] IR: [03932] scan key value is 0xec13c936 
[11447.533612]  
[11447.586199] IR: [03932] scan key value is 0xec13c936 
[11447.586204]  
[11449.292642] IR: [03932] scan key value is 0xed12c936 
[11449.292647]  
[11449.345231] IR: [03932] scan key value is 0xed12c936 
[11449.345236]  
[11449.453545] IR: [03932] scan key value is 0xed12c936 
[11449.453550]  
[11449.807016] IR: [03932] scan key value is 0xec13c936 
[11449.807021]  
[11449.859605] IR: [03932] scan key value is 0xec13c936 
[11449.859610]  
[11452.339704] [irq_proc_open][373] -16
[11452.468065] 
[11452.468074] irq_proc_write
[11452.500977] 
[11452.500985] irq_proc_write
[11468.337673] IR: [03932] scan key value is 0xed12c936 
[11468.337678]  
[11468.390256] IR: [03932] scan key value is 0xed12c936 
[11468.390261]  
[11469.691857] irq_proc_write
[11469.794272] IR: [03932] scan key value is 0xeb14c936 
[11469.794277]  
[11469.846869] IR: [03932] scan key value is 0xeb14c936 
[11469.846874]  
[11469.955182] IR: [03932] scan key value is 0xeb14c936 
[11469.955187]  
[11470.063489] IR: [03932] scan key value is 0xeb14c936 
[11470.063494]  
[11470.171805] IR: [03932] scan key value is 0xeb14c936 
[11470.171809]  
[11470.280119] IR: [03932] scan key value is 0xeb14c936 
[11470.280124]  
[11470.388436] IR: [03932] scan key value is 0xeb14c936 
[11470.388441]  
[11470.496745] IR: [03932] scan key value is 0xeb14c936 
[11470.496750]  
[11470.605062] IR: [03932] scan key value is 0xeb14c936 
[11470.605067]  
[11470.713385] IR: [03932] scan key value is 0xeb14c936 
[11470.713390]  
[11470.821697] IR: [03932] scan key value is 0xeb14c936 
[11470.821702]  
[11470.930014] IR: [03932] scan key value is 0xeb14c936 
[11470.930020]  
[11471.038326] IR: [03932] scan key value is 0xeb14c936 
[11471.038330]  
[11471.146639] IR: [03932] scan key value is 0xeb14c936 
[11471.146644]  
[11471.254948] IR: [03932] scan key value is 0xeb14c936 
[11471.254953]  
[11471.363259] IR: [03932] scan key value is 0xeb14c936 
[11471.363265]  
[11471.471583] IR: [03932] scan key value is 0xeb14c936 
[11471.471588]  
[11471.933965] IR: [03932] scan key value is 0xea15c936 
[11471.933970]  
[11471.986558] IR: [03932] scan key value is 0xea15c936 
[11471.986564]  
[11472.094862] IR: [03932] scan key value is 0xea15c936 
[11472.094867]  
[11472.203175] IR: [03932] scan key value is 0xea15c936 
[11472.203179]  
[11472.311499] IR: [03932] scan key value is 0xea15c936 
[11472.311505]  
[11472.773853] irq_proc_write
[11472.929569] IR: [03932] scan key value is 0xed12c936 
[11472.929574]  
[11472.982166] IR: [03932] scan key value is 0xed12c936 
[11472.982172]  
[11473.505581] IR: [03932] scan key value is 0xee11c936 
[11473.505586]  
[11473.558167] IR: [03932] scan key value is 0xee11c936 
[11473.558172]  
[11474.133467] IR: [03932] scan key value is 0xea15c936 
[11474.133472]  
[11474.186065] IR: [03932] scan key value is 0xea15c936 
[11474.186070]  
[11474.393071] irq_proc_write
[11475.059419] IR: [03932] scan key value is 0xed12c936 
[11475.059424]  
[11475.112017] IR: [03932] scan key value is 0xed12c936 
[11475.112023]  
[11475.470077] IR: [03932] scan key value is 0xed12c936 
[11475.470083]  
[11475.522673] IR: [03932] scan key value is 0xed12c936 
[11475.522678]  
[11476.145882] IR: [03932] scan key value is 0xeb14c936 
[11476.145887]  
[11476.198472] IR: [03932] scan key value is 0xeb14c936 
[11476.198477]  
[11476.463762] IR: [03932] scan key value is 0xeb14c936 
[11476.463767]  
[11476.516352] IR: [03932] scan key value is 0xeb14c936 
[11476.516357]  
[11476.877139] IR: [03932] scan key value is 0xed12c936 
[11476.877143]  
[11476.929730] IR: [03932] scan key value is 0xed12c936 
[11476.929735]  
[11477.184687] IR: [03932] scan key value is 0xed12c936 
[11477.184692]  
[11477.237277] IR: [03932] scan key value is 0xed12c936 
[11477.237282]  
[11477.345582] IR: [03932] scan key value is 0xed12c936 
[11477.345587]  
[11477.453893] IR: [03932] scan key value is 0xed12c936 
[11477.453898]  
[11478.112049] IR: [03932] scan key value is 0xed12c936 
[11478.112054]  
[11478.164640] IR: [03932] scan key value is 0xed12c936 
[11478.164645]  
[11478.712774] IR: [03932] scan key value is 0xf10ec936 
[11478.712779]  
[11478.765341] IR: [03932] scan key value is 0xf10ec936 
[11478.765347]  
[11479.939912] IR: [03932] scan key value is 0xec13c936 
[11479.939917]  
[11479.992499] IR: [03932] scan key value is 0xec13c936 
[11479.992504]  
[11480.100811] IR: [03932] scan key value is 0xec13c936 
[11480.100816]  
[11481.295827] IR: [03932] scan key value is 0xed12c936 
[11481.295832]  
[11481.348392] IR: [03932] scan key value is 0xed12c936 
[11481.348397]  
[11481.456700] IR: [03932] scan key value is 0xed12c936 
[11481.456706]  
[11481.651009] IR: [03932] scan key value is 0xed12c936 
[11481.651014]  
[11481.703597] IR: [03932] scan key value is 0xed12c936 
[11481.703601]  
[11482.181486] IR: [03932] scan key value is 0xec13c936 
[11482.181491]  
[11482.234077] IR: [03932] scan key value is 0xec13c936 
[11482.234082]  
[11483.950325] IR: [03932] scan key value is 0xec13c936 
[11483.950330]  
[11484.002920] IR: [03932] scan key value is 0xec13c936 
[11484.002925]  
[11484.111231] IR: [03932] scan key value is 0xec13c936 
[11484.111236]  
[11486.600866] [irq_proc_open][373] -16
[11486.724658] 
[11486.724667] irq_proc_write
[11486.749034] 
[11486.749042] irq_proc_write
[11488.138858] 
[11488.138867] irq_proc_write
[11490.078103] IR: [03932] scan key value is 0xec13c936 
[11490.078108]  
[11490.130733] IR: [03932] scan key value is 0xec13c936 
[11490.130739]  
[11491.153638] IR: [03932] scan key value is 0x8f70c936 
[11491.153643]  
[11491.206226] IR: [03932] scan key value is 0x8f70c936 
[11491.206231]  
[11492.004272] IR: [03932] scan key value is 0xec13c936 
[11492.004277]  
[11495.850792] IR: [03932] scan key value is 0xea15c936 
[11495.850797]  
[11495.903381] IR: [03932] scan key value is 0xea15c936 
[11495.903385]  
[11496.598910] IR: [03932] scan key value is 0xea15c936 
[11496.598916]  
[11496.651501] IR: [03932] scan key value is 0xea15c936 
[11496.651506]  
[11497.050649] IR: [03932] scan key value is 0xeb14c936 
[11497.050654]  
[11497.103244] IR: [03932] scan key value is 0xeb14c936 
[11497.103249]  
[11497.376339] IR: [03932] scan key value is 0xeb14c936 
[11497.376345]  
[11497.428933] IR: [03932] scan key value is 0xeb14c936 
[11497.428939]  
[11497.777621] IR: [03932] scan key value is 0xec13c936 
[11497.777626]  
[11497.830214] IR: [03932] scan key value is 0xec13c936 
[11497.830219]  
[11499.287766] IR: [03932] scan key value is 0xeb14c936 
[11499.287772]  
[11499.340355] IR: [03932] scan key value is 0xeb14c936 
[11499.340360]  
[11499.675459] IR: [03932] scan key value is 0xec13c936 
[11499.675464]  
[11499.728051] IR: [03932] scan key value is 0xec13c936 
[11499.728056]  
[11501.126392] IR: [03932] scan key value is 0xeb14c936 
[11501.126397]  
[11501.179023] IR: [03932] scan key value is 0xeb14c936 
[11501.179029]  
[11501.637623] IR: [03932] scan key value is 0xed12c936 
[11501.637628]  
[11501.690212] IR: [03932] scan key value is 0xed12c936 
[11501.690217]  
[11502.112362] IR: [03932] scan key value is 0xec13c936 
[11502.112367]  
[11502.164952] IR: [03932] scan key value is 0xec13c936 
[11502.164957]  
[11504.799941] IR: [03932] scan key value is 0xec13c936 
[11504.799946]  
[11504.852536] IR: [03932] scan key value is 0xec13c936 
[11504.852541]  
[11508.554968] [irq_proc_open][373] -16
[11508.682600] 
[11508.682608] irq_proc_write
[11508.723206] 
[11508.723214] irq_proc_write
[11510.138878] 
[11510.138886] irq_proc_write
[11593.449615] IR: [03932] scan key value is 0xf10ec936 
[11593.449619]  
[11593.502187] IR: [03932] scan key value is 0xf10ec936 
[11593.502192]  
[11594.584314] IR: [03932] scan key value is 0xeb14c936 
[11594.584318]  
[11594.636940] IR: [03932] scan key value is 0xeb14c936 
[11594.636946]  
[11595.053319] IR: [03932] scan key value is 0xed12c936 
[11595.053323]  
[11595.105882] IR: [03932] scan key value is 0xed12c936 
[11595.105886]  
[11595.542373] IR: [03932] scan key value is 0xeb14c936 
[11595.542379]  
[11595.594942] IR: [03932] scan key value is 0xeb14c936 
[11595.594947]  
[11595.703276] IR: [03932] scan key value is 0xeb14c936 
[11595.703281]  
[11595.811587] IR: [03932] scan key value is 0xeb14c936 
[11595.811592]  
[11597.977753] IR: [03932] scan key value is 0xec13c936 
[11597.977758]  
[11598.030319] IR: [03932] scan key value is 0xec13c936 
[11598.030324]  
[11603.409267] IR: [03932] scan key value is 0xea15c936 
[11603.409271]  
[11603.461866] IR: [03932] scan key value is 0xea15c936 
[11603.461871]  
[11604.405187] IR: [03932] scan key value is 0xed12c936 
[11604.405192]  
[11604.457828] IR: [03932] scan key value is 0xed12c936 
[11604.457835]  
[11604.566089] IR: [03932] scan key value is 0xed12c936 
[11604.566094]  
[11605.198144] IR: [03932] scan key value is 0xeb14c936 
[11605.198149]  
[11605.250711] IR: [03932] scan key value is 0xeb14c936 
[11605.250716]  
[11605.643270] IR: [03932] scan key value is 0xed12c936 
[11605.643274]  
[11605.695830] IR: [03932] scan key value is 0xed12c936 
[11605.695835]  
[11606.694294] IR: [03932] scan key value is 0xeb14c936 
[11606.694299]  
[11606.746879] IR: [03932] scan key value is 0xeb14c936 
[11606.746883]  
[11607.634052] IR: [03932] scan key value is 0xee11c936 
[11607.634057]  
[11607.686644] IR: [03932] scan key value is 0xee11c936 
[11607.686649]  
[11608.823693] IR: [03932] scan key value is 0xea15c936 
[11608.823698]  
[11608.876292] IR: [03932] scan key value is 0xea15c936 
[11608.876297]  
[11610.033384] IR: [03932] scan key value is 0xeb14c936 
[11610.033388]  
[11610.085947] IR: [03932] scan key value is 0xeb14c936 
[11610.085952]  
[11610.999739] IR: [03932] scan key value is 0xed12c936 
[11610.999744]  
[11611.052328] IR: [03932] scan key value is 0xed12c936 
[11611.052334]  
[11611.789794] IR: [03932] scan key value is 0xeb14c936 
[11611.789799]  
[11611.842358] IR: [03932] scan key value is 0xeb14c936 
[11611.842363]  
[11612.185998] IR: [03932] scan key value is 0xed12c936 
[11612.186003]  
[11612.238581] IR: [03932] scan key value is 0xed12c936 
[11612.238586]  
[11612.638303] IR: [03932] scan key value is 0xec13c936 
[11612.638307]  
[11612.690869] IR: [03932] scan key value is 0xec13c936 
[11612.690874]  
[11615.945714] IR: [03932] scan key value is 0xf10ec936 
[11615.945719]  
[11615.998306] IR: [03932] scan key value is 0xf10ec936 
[11615.998311]  
[11619.662113] IR: [03932] scan key value is 0xeb14c936 
[11619.662118]  
[11619.714670] IR: [03932] scan key value is 0xeb14c936 
[11619.714675]  
[11620.305407] IR: [03932] scan key value is 0xea15c936 
[11620.305412]  
[11620.357996] IR: [03932] scan key value is 0xea15c936 
[11620.358001]  
[11621.070310] IR: [03932] scan key value is 0xee11c936 
[11621.070315]  
[11621.122865] IR: [03932] scan key value is 0xee11c936 
[11621.122870]  
[11670.543501] [irq_proc_open][373] -16
[11670.667201] 
[11670.667209] irq_proc_write
[11670.694937] 
[11670.694945] irq_proc_write
[11700.822164] [irq_proc_open][373] -16
[11700.851348] 
[11700.851356] irq_proc_write
[11700.910450] 
[11700.910460] irq_proc_write
[11742.342091] IR: [03932] scan key value is 0xec13c936 
[11742.342096]  
[11742.394670] IR: [03932] scan key value is 0xec13c936 
[11742.394675]  
[11743.377802] IR: [03932] scan key value is 0xeb14c936 
[11743.377807]  
[11743.430429] IR: [03932] scan key value is 0xeb14c936 
[11743.430436]  
[11743.538695] IR: [03932] scan key value is 0xeb14c936 
[11743.538701]  
[11743.646997] IR: [03932] scan key value is 0xeb14c936 
[11743.647002]  
[11743.755297] IR: [03932] scan key value is 0xeb14c936 
[11743.755302]  
[11743.863597] IR: [03932] scan key value is 0xeb14c936 
[11743.863602]  
[11743.971914] IR: [03932] scan key value is 0xeb14c936 
[11743.971919]  
[11744.080219] IR: [03932] scan key value is 0xeb14c936 
[11744.080223]  
[11744.188525] IR: [03932] scan key value is 0xeb14c936 
[11744.188530]  
[11744.296832] IR: [03932] scan key value is 0xeb14c936 
[11744.296836]  
[11744.405135] IR: [03932] scan key value is 0xeb14c936 
[11744.405140]  
[11745.740878] irq_proc_write
[11754.186847] IR: [03932] scan key value is 0xed12c936 
[11754.186852]  
[11754.239445] IR: [03932] scan key value is 0xed12c936 
[11754.239450]  
[11754.888274] IR: [03932] scan key value is 0xf10ec936 
[11754.888279]  
[11754.940873] IR: [03932] scan key value is 0xf10ec936 
[11754.940879]  
[11755.664873] irq_proc_write
[11755.893160] IR: [03932] scan key value is 0xeb14c936 
[11755.893165]  
[11755.949549] IR: [03932] scan key value is 0xeb14c936 
[11755.949554]  
[11756.187089] IR: [03932] scan key value is 0xec13c936 
[11756.187094]  
[11756.239674] IR: [03932] scan key value is 0xec13c936 
[11756.239679]  
[11759.064289] IR: [03932] scan key value is 0xf10ec936 
[11759.064294]  
[11759.116879] IR: [03932] scan key value is 0xf10ec936 
[11759.116884]  
[11759.919951] IR: [03932] scan key value is 0xec13c936 
[11759.919956]  
[11759.972537] IR: [03932] scan key value is 0xec13c936 
[11759.972542]  
[11761.364826] IR: [03932] scan key value is 0xeb14c936 
[11761.364831]  
[11761.417419] IR: [03932] scan key value is 0xeb14c936 
[11761.417424]  
[11761.775218] IR: [03932] scan key value is 0xeb14c936 
[11761.775223]  
[11761.827851] IR: [03932] scan key value is 0xeb14c936 
[11761.827858]  
[11763.000937] IR: [03932] scan key value is 0xeb14c936 
[11763.000942]  
[11763.053530] IR: [03932] scan key value is 0xeb14c936 
[11763.053535]  
[11764.031103] IR: [03932] scan key value is 0xea15c936 
[11764.031107]  
[11764.083694] IR: [03932] scan key value is 0xea15c936 
[11764.083698]  
[11764.524730] IR: [03932] scan key value is 0xed12c936 
[11764.524735]  
[11764.577319] IR: [03932] scan key value is 0xed12c936 
[11764.577324]  
[11764.770309] IR: [03932] scan key value is 0xed12c936 
[11764.770313]  
[11764.822897] IR: [03932] scan key value is 0xed12c936 
[11764.822906]  
[11765.554425] IR: [03932] scan key value is 0xee11c936 
[11765.554430]  
[11765.607061] IR: [03932] scan key value is 0xee11c936 
[11765.607068]  
[11766.403767] IR: [03932] scan key value is 0xea15c936 
[11766.403772]  
[11766.456355] IR: [03932] scan key value is 0xea15c936 
[11766.456360]  
[11766.821141] IR: [03932] scan key value is 0xed12c936 
[11766.821146]  
[11766.873729] IR: [03932] scan key value is 0xed12c936 
[11766.873734]  
[11767.346331] IR: [03932] scan key value is 0xee11c936 
[11767.346336]  
[11767.398917] IR: [03932] scan key value is 0xee11c936 
[11767.398922]  
[11768.032762] IR: [03932] scan key value is 0xeb14c936 
[11768.032766]  
[11768.085349] IR: [03932] scan key value is 0xeb14c936 
[11768.085353]  
[11768.869564] IR: [03932] scan key value is 0xeb14c936 
[11768.869569]  
[11768.922193] IR: [03932] scan key value is 0xeb14c936 
[11768.922202]  
[11769.885548] IR: [03932] scan key value is 0xea15c936 
[11769.885553]  
[11769.938174] IR: [03932] scan key value is 0xea15c936 
[11769.938180]  
[11770.393450] IR: [03932] scan key value is 0xee11c936 
[11770.393454]  
[11770.446035] IR: [03932] scan key value is 0xee11c936 
[11770.446040]  
[11773.269187] IR: [03932] scan key value is 0xea15c936 
[11773.269192]  
[11773.321776] IR: [03932] scan key value is 0xea15c936 
[11773.321782]  
[11773.724822] IR: [03932] scan key value is 0xeb14c936 
[11773.724827]  
[11773.777406] IR: [03932] scan key value is 0xeb14c936 
[11773.777412]  
[11773.885712] IR: [03932] scan key value is 0xeb14c936 
[11773.885717]  
[11773.994015] IR: [03932] scan key value is 0xeb14c936 
[11773.994020]  
[11774.239424] IR: [03932] scan key value is 0xeb14c936 
[11774.239428]  
[11774.292008] IR: [03932] scan key value is 0xeb14c936 
[11774.292013]  
[11774.918454] IR: [03932] scan key value is 0xed12c936 
[11774.918459]  
[11774.971045] IR: [03932] scan key value is 0xed12c936 
[11774.971053]  
[11775.079346] IR: [03932] scan key value is 0xed12c936 
[11775.079351]  
[11775.187650] IR: [03932] scan key value is 0xed12c936 
[11775.187655]  
[11775.295955] IR: [03932] scan key value is 0xed12c936 
[11775.295960]  
[11775.404264] IR: [03932] scan key value is 0xed12c936 
[11775.404268]  
[11775.512574] IR: [03932] scan key value is 0xed12c936 
[11775.512578]  
[11775.620878] IR: [03932] scan key value is 0xed12c936 
[11775.620883]  
[11775.729182] IR: [03932] scan key value is 0xed12c936 
[11775.729187]  
[11775.837493] IR: [03932] scan key value is 0xed12c936 
[11775.837498]  
[11775.945785] IR: [03932] scan key value is 0xed12c936 
[11775.945790]  
[11776.312037] IR: [03932] scan key value is 0xee11c936 
[11776.312042]  
[11776.364663] IR: [03932] scan key value is 0xee11c936 
[11776.364668]  
[11776.472928] IR: [03932] scan key value is 0xee11c936 
[11776.472932]  
[11776.581234] IR: [03932] scan key value is 0xee11c936 
[11776.581238]  
[11776.689547] IR: [03932] scan key value is 0xee11c936 
[11776.689552]  
[11776.797851] IR: [03932] scan key value is 0xee11c936 
[11776.797856]  
[11776.906165] IR: [03932] scan key value is 0xee11c936 
[11776.906170]  
[11777.014478] IR: [03932] scan key value is 0xee11c936 
[11777.014483]  
[11777.122787] IR: [03932] scan key value is 0xee11c936 
[11777.122791]  
[11777.231097] IR: [03932] scan key value is 0xee11c936 
[11777.231103]  
[11777.339401] IR: [03932] scan key value is 0xee11c936 
[11777.339406]  
[11777.729380] IR: [03932] scan key value is 0xea15c936 
[11777.729385]  
[11777.782010] IR: [03932] scan key value is 0xea15c936 
[11777.782016]  
[11777.890271] IR: [03932] scan key value is 0xea15c936 
[11777.890276]  
[11777.998573] IR: [03932] scan key value is 0xea15c936 
[11777.998578]  
[11778.106877] IR: [03932] scan key value is 0xea15c936 
[11778.106882]  
[11778.215185] IR: [03932] scan key value is 0xea15c936 
[11778.215189]  
[11778.323495] IR: [03932] scan key value is 0xea15c936 
[11778.323500]  
[11778.431818] IR: [03932] scan key value is 0xea15c936 
[11778.431824]  
[11778.540107] IR: [03932] scan key value is 0xea15c936 
[11778.540112]  
[11778.648413] IR: [03932] scan key value is 0xea15c936 
[11778.648418]  
[11778.756717] IR: [03932] scan key value is 0xea15c936 
[11778.756722]  
[11778.865028] IR: [03932] scan key value is 0xea15c936 
[11778.865033]  
[11778.973327] IR: [03932] scan key value is 0xea15c936 
[11778.973332]  
[11779.081629] IR: [03932] scan key value is 0xea15c936 
[11779.081634]  
[11780.000313] IR: [03932] scan key value is 0xeb14c936 
[11780.000317]  
[11780.052901] IR: [03932] scan key value is 0xeb14c936 
[11780.052906]  
[11781.274568] IR: [03932] scan key value is 0xee11c936 
[11781.274573]  
[11781.327149] IR: [03932] scan key value is 0xee11c936 
[11781.327154]  
[11781.872766] IR: [03932] scan key value is 0xed12c936 
[11781.872775]  
[11781.925390] IR: [03932] scan key value is 0xed12c936 
[11781.925397]  
[11782.704310] IR: [03932] scan key value is 0xea15c936 
[11782.704315]  
[11782.756897] IR: [03932] scan key value is 0xea15c936 
[11782.756901]  
[11783.092782] IR: [03932] scan key value is 0xea15c936 
[11783.092790]  
[11783.145368] IR: [03932] scan key value is 0xea15c936 
[11783.145373]  
[11783.253662] IR: [03932] scan key value is 0xea15c936 
[11783.253667]  
[11783.361966] IR: [03932] scan key value is 0xea15c936 
[11783.361972]  
[11783.470259] IR: [03932] scan key value is 0xea15c936 
[11783.470264]  
[11784.313288] IR: [03932] scan key value is 0xed12c936 
[11784.313293]  
[11784.365878] IR: [03932] scan key value is 0xed12c936 
[11784.365883]  
[11784.866075] IR: [03932] scan key value is 0xeb14c936 
[11784.866080]  
[11784.918706] IR: [03932] scan key value is 0xeb14c936 
[11784.918713]  
[11785.027000] IR: [03932] scan key value is 0xeb14c936 
[11785.027008]  
[11785.569690] IR: [03932] scan key value is 0xec13c936 
[11785.569694]  
[11785.622270] IR: [03932] scan key value is 0xec13c936 
[11785.622275]  
[11788.556537] IR: [03932] scan key value is 0xeb14c936 
[11788.556542]  
[11788.609130] IR: [03932] scan key value is 0xeb14c936 
[11788.609134]  
[11788.717436] IR: [03932] scan key value is 0xeb14c936 
[11788.717444]  
[11789.254040] IR: [03932] scan key value is 0xed12c936 
[11789.254044]  
[11789.306630] IR: [03932] scan key value is 0xed12c936 
[11789.306634]  
[11790.220464] IR: [03932] scan key value is 0xed12c936 
[11790.220469]  
[11790.273051] IR: [03932] scan key value is 0xed12c936 
[11790.273056]  
[11791.097280] IR: [03932] scan key value is 0xed12c936 
[11791.097285]  
[11791.149870] IR: [03932] scan key value is 0xed12c936 
[11791.149875]  
[11791.258169] IR: [03932] scan key value is 0xed12c936 
[11791.258173]  
[11792.197062] IR: [03932] scan key value is 0xea15c936 
[11792.197067]  
[11792.249652] IR: [03932] scan key value is 0xea15c936 
[11792.249657]  
[11792.832369] IR: [03932] scan key value is 0xea15c936 
[11792.832374]  
[11792.884955] IR: [03932] scan key value is 0xea15c936 
[11792.884961]  
[11794.354910] IR: [03932] scan key value is 0xee11c936 
[11794.354915]  
[11794.407498] IR: [03932] scan key value is 0xee11c936 
[11794.407503]  
[11796.129767] IR: [03932] scan key value is 0xee11c936 
[11796.129772]  
[11796.182347] IR: [03932] scan key value is 0xee11c936 
[11796.182352]  
[11797.218529] IR: [03932] scan key value is 0xec13c936 
[11797.218534]  
[11797.271088] IR: [03932] scan key value is 0xec13c936 
[11797.271093]  
[11799.582761] IR: [03932] scan key value is 0xea15c936 
[11799.582766]  
[11799.635346] IR: [03932] scan key value is 0xea15c936 
[11799.635351]  
[11800.261620] IR: [03932] scan key value is 0xee11c936 
[11800.261624]  
[11800.314196] IR: [03932] scan key value is 0xee11c936 
[11800.314200]  
[11801.139348] IR: [03932] scan key value is 0xed12c936 
[11801.139353]  
[11801.191925] IR: [03932] scan key value is 0xed12c936 
[11801.191930]  
[11801.594416] IR: [03932] scan key value is 0xea15c936 
[11801.594421]  
[11801.646998] IR: [03932] scan key value is 0xea15c936 
[11801.647003]  
[11802.623834] IR: [03932] scan key value is 0xeb14c936 
[11802.623838]  
[11802.676415] IR: [03932] scan key value is 0xeb14c936 
[11802.676420]  
[11803.162615] IR: [03932] scan key value is 0xed12c936 
[11803.162620]  
[11803.215198] IR: [03932] scan key value is 0xed12c936 
[11803.215203]  
[11803.594571] IR: [03932] scan key value is 0xee11c936 
[11803.594576]  
[11803.647130] IR: [03932] scan key value is 0xee11c936 
[11803.647135]  
[11804.437262] IR: [03932] scan key value is 0xec13c936 
[11804.437268]  
[11804.489841] IR: [03932] scan key value is 0xec13c936 
[11804.489846]  
[11812.541450] [irq_proc_open][373] -16
[11812.579805] 
[11812.579813] irq_proc_write
[11812.606868] 
[11812.606876] irq_proc_write
[12158.969506] Thread-34: unhandled page fault (11) at 0xdeadd00d, code 0x80d
[12159.181378] Thread-34: unhandled page fault (11) at 0xdeadd00d, code 0x80d
[12161.188940] Thread-34: unhandled page fault (11) at 0xdeadd00d, code 0x80d
[12161.196431] [COREDUMP] SIGNR:11
[12161.196435] 
[12173.720170] Dest_ip=0xc0a80279,TS_port=1234
[12173.725779] [SD_CTL_TASK] send msg to IMAN: msgid=0x503.
[12173.745762] CW880 :rtsk=0x17, stsk=0x15,msgid=0x504,msglen=24
[12173.753609] [SD_CTL_TASK] send msg to IMAN: msgid=0x1503.
[12173.761788] CW880 :rtsk=0x17, stsk=0x15,msgid=0x1516,msglen=4
[12173.769732] [SD_CTL_TASK] send msg to IMAN: msgid=0x508.
[12173.785739] CW880 :rtsk=0x17, stsk=0x15,msgid=0x1505,msglen=4
[12173.796421] [cw880_cwq2sdio_srv, 2234] set communicate type: 1
[12173.845968] Dest_ip=0xc0a80279,TS_port=1234
[12173.850907] [SD_CTL_TASK] send msg to IMAN: msgid=0x503.
[12173.873740] CW880 :rtsk=0x17, stsk=0x15,msgid=0x504,msglen=24
[12173.881598] [SD_CTL_TASK] send msg to IMAN: msgid=0x1503.
[12173.889743] CW880 :rtsk=0x17, stsk=0x15,msgid=0x1516,msglen=4
[12173.896315] [SD_CTL_TASK] send msg to IMAN: msgid=0x508.
[12173.909757] CW880 :rtsk=0x17, stsk=0x15,msgid=0x1505,msglen=4
[12173.919927] [cw880_cwq2sdio_srv, 2234] set communicate type: 1
[12179.352221] Dest_ip=0xc0a80279,TS_port=1234
[12179.356967] [SD_CTL_TASK] send msg to IMAN: msgid=0x503.
[12179.373759] CW880 :rtsk=0x17, stsk=0x15,msgid=0x504,msglen=24
[12179.381583] [SD_CTL_TASK] send msg to IMAN: msgid=0x1503.
[12179.389740] CW880 :rtsk=0x17, stsk=0x15,msgid=0x1516,msglen=4
[12179.396583] [SD_CTL_TASK] send msg to IMAN: msgid=0x508.
[12179.409806] CW880 :rtsk=0x17, stsk=0x15,msgid=0x1505,msglen=4
[12179.417209] [cw880_cwq2sdio_srv, 2234] set communicate type: 1
[12179.440534] Dest_ip=0xc0a80279,TS_port=1234
[12179.445496] [SD_CTL_TASK] send msg to IMAN: msgid=0x503.
[12179.465758] CW880 :rtsk=0x17, stsk=0x15,msgid=0x504,msglen=24
[12179.473971] [SD_CTL_TASK] send msg to IMAN: msgid=0x1503.
[12179.489756] CW880 :rtsk=0x17, stsk=0x15,msgid=0x1516,msglen=4
[12179.496606] [SD_CTL_TASK] send msg to IMAN: msgid=0x508.
[12179.509751] CW880 :rtsk=0x17, stsk=0x15,msgid=0x1505,msglen=4
[12179.520046] [cw880_cwq2sdio_srv, 2234] set communicate type: 1
[12254.432367] IR: [03932] scan key value is 0xea15c936 
[12254.432372]  
[12254.484958] IR: [03932] scan key value is 0xea15c936 
[12254.484963]  
[12255.121406] IR: [03932] scan key value is 0xea15c936 
[12255.121411]  
[12255.173996] IR: [03932] scan key value is 0xea15c936 
[12255.174000]  
[12255.841901] IR: [03932] scan key value is 0xeb14c936 
[12255.841906]  
[12255.894488] IR: [03932] scan key value is 0xeb14c936 
[12255.894494]  
[12256.688962] IR: [03932] scan key value is 0xeb14c936 
[12256.688967]  
[12256.741544] IR: [03932] scan key value is 0xeb14c936 
[12256.741548]  
[12257.491259] IR: [03932] scan key value is 0xeb14c936 
[12257.491264]  
[12257.543811] IR: [03932] scan key value is 0xeb14c936 
[12257.543816]  
[12258.226804] IR: [03932] scan key value is 0xec13c936 
[12258.226808]  
[12258.279357] IR: [03932] scan key value is 0xec13c936 
[12258.279362]  
[12259.380544] IR: [03932] scan key value is 0xee11c936 
[12259.380549]  
[12259.433133] IR: [03932] scan key value is 0xee11c936 
[12259.433138]  
[12259.541434] IR: [03932] scan key value is 0xee11c936 
[12259.541439]  
[12264.813204] IR: [03932] scan key value is 0xea15c936 
[12264.813208]  
[12264.865797] IR: [03932] scan key value is 0xea15c936 
[12264.865802]  
[12265.418836] IR: [03932] scan key value is 0xea15c936 
[12265.418841]  
[12265.471430] IR: [03932] scan key value is 0xea15c936 
[12265.471435]  
[12265.866797] IR: [03932] scan key value is 0xeb14c936 
[12265.866802]  
[12265.919387] IR: [03932] scan key value is 0xeb14c936 
[12265.919392]  
[12266.027697] IR: [03932] scan key value is 0xeb14c936 
[12266.027701]  
[12266.136009] IR: [03932] scan key value is 0xeb14c936 
[12266.136014]  
[12266.244323] IR: [03932] scan key value is 0xeb14c936 
[12266.244328]  
[12266.352632] IR: [03932] scan key value is 0xeb14c936 
[12266.352636]  
[12266.460947] IR: [03932] scan key value is 0xeb14c936 
[12266.460952]  
[12266.569256] IR: [03932] scan key value is 0xeb14c936 
[12266.569261]  
[12266.677564] IR: [03932] scan key value is 0xeb14c936 
[12266.677569]  
[12266.785851] IR: [03932] scan key value is 0xeb14c936 
[12266.785857]  
[12266.894179] IR: [03932] scan key value is 0xeb14c936 
[12266.894184]  
[12267.002470] IR: [03932] scan key value is 0xeb14c936 
[12267.002475]  
[12267.226649] IR: [03932] scan key value is 0xed12c936 
[12267.226654]  
[12267.279226] IR: [03932] scan key value is 0xed12c936 
[12267.279231]  
[12267.387507] IR: [03932] scan key value is 0xed12c936 
[12267.387512]  
[12267.495809] IR: [03932] scan key value is 0xed12c936 
[12267.495814]  
[12267.604138] IR: [03932] scan key value is 0xed12c936 
[12267.604143]  
[12267.712438] IR: [03932] scan key value is 0xed12c936 
[12267.712443]  
[12267.820723] IR: [03932] scan key value is 0xed12c936 
[12267.820728]  
[12267.929026] IR: [03932] scan key value is 0xed12c936 
[12267.929031]  
[12268.037330] IR: [03932] scan key value is 0xed12c936 
[12268.037334]  
[12268.145632] IR: [03932] scan key value is 0xed12c936 
[12268.145636]  
[12268.253953] IR: [03932] scan key value is 0xed12c936 
[12268.253958]  
[12268.362230] IR: [03932] scan key value is 0xed12c936 
[12268.362235]  
[12268.470552] IR: [03932] scan key value is 0xed12c936 
[12268.470557]  
[12268.578820] IR: [03932] scan key value is 0xed12c936 
[12268.578825]  
[12268.820945] IR: [03932] scan key value is 0xee11c936 
[12268.820950]  
[12268.873524] IR: [03932] scan key value is 0xee11c936 
[12268.873529]  
[12268.981825] IR: [03932] scan key value is 0xee11c936 
[12268.981829]  
[12278.276425] IR: [03932] scan key value is 0xee11c936 
[12278.276430]  
[12278.329017] IR: [03932] scan key value is 0xee11c936 
[12278.329022]  
[12278.934305] IR: [03932] scan key value is 0xee11c936 
[12278.934310]  
[12278.986898] IR: [03932] scan key value is 0xee11c936 
[12278.986903]  
[12279.524766] IR: [03932] scan key value is 0xea15c936 
[12279.524772]  
[12279.577360] IR: [03932] scan key value is 0xea15c936 
[12279.577365]  
[12279.949640] IR: [03932] scan key value is 0xee11c936 
[12279.949645]  
[12280.002228] IR: [03932] scan key value is 0xee11c936 
[12280.002232]  
[12280.110540] IR: [03932] scan key value is 0xee11c936 
[12280.110544]  
[12280.218838] IR: [03932] scan key value is 0xee11c936 
[12280.218843]  
[12280.327148] IR: [03932] scan key value is 0xee11c936 
[12280.327152]  
[12280.435452] IR: [03932] scan key value is 0xee11c936 
[12280.435456]  
[12280.543758] IR: [03932] scan key value is 0xee11c936 
[12280.543763]  
[12280.841219] IR: [03932] scan key value is 0xeb14c936 
[12280.841224]  
[12280.893801] IR: [03932] scan key value is 0xeb14c936 
[12280.893806]  
[12281.469298] IR: [03932] scan key value is 0xee11c936 
[12281.469303]  
[12281.521889] IR: [03932] scan key value is 0xee11c936 
[12281.521894]  
[12281.630198] IR: [03932] scan key value is 0xee11c936 
[12281.630203]  
[12282.191448] IR: [03932] scan key value is 0xea15c936 
[12282.191452]  
[12282.244040] IR: [03932] scan key value is 0xea15c936 
[12282.244045]  
[12282.638142] IR: [03932] scan key value is 0xed12c936 
[12282.638147]  
[12282.690746] IR: [03932] scan key value is 0xed12c936 
[12282.690751]  
[12283.524827] IR: [03932] scan key value is 0xeb14c936 
[12283.524831]  
[12283.577410] IR: [03932] scan key value is 0xeb14c936 
[12283.577415]  
[12284.140419] IR: [03932] scan key value is 0xee11c936 
[12284.140423]  
[12284.192980] IR: [03932] scan key value is 0xee11c936 
[12284.192986]  
[12284.731079] IR: [03932] scan key value is 0xee11c936 
[12284.731084]  
[12284.783631] IR: [03932] scan key value is 0xee11c936 
[12284.783636]  
[12285.260582] IR: [03932] scan key value is 0xed12c936 
[12285.260587]  
[12285.313168] IR: [03932] scan key value is 0xed12c936 
[12285.313173]  
[12285.586312] IR: [03932] scan key value is 0xed12c936 
[12285.586316]  
[12285.638893] IR: [03932] scan key value is 0xed12c936 
[12285.638898]  
[12286.109849] IR: [03932] scan key value is 0xea15c936 
[12286.109854]  
[12286.162413] IR: [03932] scan key value is 0xea15c936 
[12286.162418]  
[12286.619056] IR: [03932] scan key value is 0xed12c936 
[12286.619061]  
[12286.671617] IR: [03932] scan key value is 0xed12c936 
[12286.671621]  
[12286.916474] IR: [03932] scan key value is 0xed12c936 
[12286.916480]  
[12286.969056] IR: [03932] scan key value is 0xed12c936 
[12286.969061]  
[12287.221386] IR: [03932] scan key value is 0xed12c936 
[12287.221391]  
[12287.273964] IR: [03932] scan key value is 0xed12c936 
[12287.273969]  
[12287.673996] IR: [03932] scan key value is 0xeb14c936 
[12287.674001]  
[12287.726551] IR: [03932] scan key value is 0xeb14c936 
[12287.726557]  
[12287.834856] IR: [03932] scan key value is 0xeb14c936 
[12287.834861]  
[12287.943168] IR: [03932] scan key value is 0xeb14c936 
[12287.943173]  
[12288.051510] IR: [03932] scan key value is 0xeb14c936 
[12288.051515]  
[12288.159796] IR: [03932] scan key value is 0xeb14c936 
[12288.159800]  
[12288.268126] IR: [03932] scan key value is 0xeb14c936 
[12288.268131]  
[12288.376440] IR: [03932] scan key value is 0xeb14c936 
[12288.376445]  
[12289.086350] IR: [03932] scan key value is 0xed12c936 
[12289.086355]  
[12289.138934] IR: [03932] scan key value is 0xed12c936 
[12289.138939]  
[12289.385705] IR: [03932] scan key value is 0xed12c936 
[12289.385710]  
[12289.438287] IR: [03932] scan key value is 0xed12c936 
[12289.438291]  
[12289.702438] IR: [03932] scan key value is 0xed12c936 
[12289.702442]  
[12289.755002] IR: [03932] scan key value is 0xed12c936 
[12289.755007]  
[12290.372290] IR: [03932] scan key value is 0xed12c936 
[12290.372295]  
[12290.424873] IR: [03932] scan key value is 0xed12c936 
[12290.424878]  
[12290.914346] IR: [03932] scan key value is 0xf10ec936 
[12290.914351]  
[12290.966928] IR: [03932] scan key value is 0xf10ec936 
[12290.966933]  
[12292.522538] IR: [03932] scan key value is 0xea15c936 
[12292.522543]  
[12292.575122] IR: [03932] scan key value is 0xea15c936 
[12292.575127]  
[12292.864265] IR: [03932] scan key value is 0xea15c936 
[12292.864270]  
[12292.916823] IR: [03932] scan key value is 0xea15c936 
[12292.916828]  
[12294.392514] IR: [03932] scan key value is 0xeb14c936 
[12294.392519]  
[12294.445135] IR: [03932] scan key value is 0xeb14c936 
[12294.445142]  
[12294.917925] IR: [03932] scan key value is 0xeb14c936 
[12294.917930]  
[12294.970508] IR: [03932] scan key value is 0xeb14c936 
[12294.970517]  
[12295.699538] IR: [03932] scan key value is 0xed12c936 
[12295.699543]  
[12296.345091] IR: [03932] scan key value is 0xec13c936 
[12296.345096]  
[12296.397669] IR: [03932] scan key value is 0xec13c936 
[12296.397675]  
[12296.505950] IR: [03932] scan key value is 0xec13c936 
[12296.505954]  
[12302.356662] IR: [03932] scan key value is 0xeb14c936 
[12302.356667]  
[12302.409229] IR: [03932] scan key value is 0xeb14c936 
[12302.409234]  
[12302.986490] IR: [03932] scan key value is 0xec13c936 
[12302.986495]  
[12303.039048] IR: [03932] scan key value is 0xec13c936 
[12303.039053]  
[12305.613504] IR: [03932] scan key value is 0xeb14c936 
[12305.613509]  
[12305.666089] IR: [03932] scan key value is 0xeb14c936 
[12305.666094]  
[12305.774384] IR: [03932] scan key value is 0xeb14c936 
[12305.774388]  
[12306.143143] IR: [03932] scan key value is 0xea15c936 
[12306.143148]  
[12306.195733] IR: [03932] scan key value is 0xea15c936 
[12306.195738]  
[12306.304043] IR: [03932] scan key value is 0xea15c936 
[12306.304049]  
[12306.412358] IR: [03932] scan key value is 0xea15c936 
[12306.412362]  
[12306.520672] IR: [03932] scan key value is 0xea15c936 
[12306.520677]  
[12306.628987] IR: [03932] scan key value is 0xea15c936 
[12306.628992]  
[12306.737307] IR: [03932] scan key value is 0xea15c936 
[12306.737315]  
[12306.845610] IR: [03932] scan key value is 0xea15c936 
[12306.845615]  
[12306.953917] IR: [03932] scan key value is 0xea15c936 
[12306.953922]  
[12307.558543] IR: [03932] scan key value is 0xeb14c936 
[12307.558548]  
[12307.611166] IR: [03932] scan key value is 0xeb14c936 
[12307.611173]  
[12307.719408] IR: [03932] scan key value is 0xeb14c936 
[12307.719412]  
[12307.982879] IR: [03932] scan key value is 0xeb14c936 
[12307.982883]  
[12308.035436] IR: [03932] scan key value is 0xeb14c936 
[12308.035440]  
[12308.644139] IR: [03932] scan key value is 0xec13c936 
[12308.644144]  
[12308.696693] IR: [03932] scan key value is 0xec13c936 
[12308.696697]  
[12310.327617] IR: [03932] scan key value is 0xed12c936 
[12310.327622]  
[12310.380174] IR: [03932] scan key value is 0xed12c936 
[12310.380179]  
[12312.613860] IR: [03932] scan key value is 0xeb14c936 
[12312.613865]  
[12312.666419] IR: [03932] scan key value is 0xeb14c936 
[12312.666425]  
[12312.774729] IR: [03932] scan key value is 0xeb14c936 
[12312.774733]  
[12313.310377] IR: [03932] scan key value is 0xec13c936 
[12313.310381]  
[12313.362962] IR: [03932] scan key value is 0xec13c936 
[12313.362967]  
[12313.471278] IR: [03932] scan key value is 0xec13c936 
[12313.471283]  
[12316.102220] [irq_proc_open][373] -16
[12316.123466] 
[12316.123474] irq_proc_write
[12316.146878] 
[12316.146886] irq_proc_write
[12328.090356] IR: [03932] scan key value is 0xf10ec936 
[12328.090361]  
[12328.142957] IR: [03932] scan key value is 0xf10ec936 
[12328.142962]  
[12328.251278] IR: [03932] scan key value is 0xf10ec936 
[12328.251283]  
[12329.814285] IR: [03932] scan key value is 0xed12c936 
[12329.814290]  
[12329.866853] IR: [03932] scan key value is 0xed12c936 
[12329.866858]  
[12329.975182] IR: [03932] scan key value is 0xed12c936 
[12329.975187]  
[12331.036311] IR: [03932] scan key value is 0xea15c936 
[12331.036316]  
[12331.088867] IR: [03932] scan key value is 0xea15c936 
[12331.088872]  
[12331.685752] IR: [03932] scan key value is 0xec13c936 
[12331.685756]  
[12331.738339] IR: [03932] scan key value is 0xec13c936 
[12331.738343]  
[12331.846651] IR: [03932] scan key value is 0xec13c936 
[12331.846656]  
[12333.350274] IR: [03932] scan key value is 0xed12c936 
[12333.350279]  
[12333.402862] IR: [03932] scan key value is 0xed12c936 
[12333.402867]  
[12333.511172] IR: [03932] scan key value is 0xed12c936 
[12333.511177]  
[12336.991255] IR: [03932] scan key value is 0xf10ec936 
[12336.991260]  
[12337.043839] IR: [03932] scan key value is 0xf10ec936 
[12337.043844]  
[12338.253369] IR: [03932] scan key value is 0xeb14c936 
[12338.253374]  
[12338.305961] IR: [03932] scan key value is 0xeb14c936 
[12338.305965]  
[12338.414267] IR: [03932] scan key value is 0xeb14c936 
[12338.414271]  
[12338.522581] IR: [03932] scan key value is 0xeb14c936 
[12338.522586]  
[12338.630889] IR: [03932] scan key value is 0xeb14c936 
[12338.630894]  
[12338.739199] IR: [03932] scan key value is 0xeb14c936 
[12338.739204]  
[12339.410053] IR: [03932] scan key value is 0xed12c936 
[12339.410058]  
[12339.462637] IR: [03932] scan key value is 0xed12c936 
[12339.462642]  
[12339.743819] IR: [03932] scan key value is 0xed12c936 
[12339.743824]  
[12339.796376] IR: [03932] scan key value is 0xed12c936 
[12339.796382]  
[12340.363417] IR: [03932] scan key value is 0xed12c936 
[12340.363422]  
[12340.415971] IR: [03932] scan key value is 0xed12c936 
[12340.415976]  
[12340.910006] IR: [03932] scan key value is 0xec13c936 
[12340.910011]  
[12340.962586] IR: [03932] scan key value is 0xec13c936 
[12340.962591]  
[12342.805742] IR: [03932] scan key value is 0xea15c936 
[12342.805747]  
[12342.858337] IR: [03932] scan key value is 0xea15c936 
[12342.858342]  
[12343.103168] IR: [03932] scan key value is 0xea15c936 
[12343.103173]  
[12343.155802] IR: [03932] scan key value is 0xea15c936 
[12343.155809]  
[12343.264067] IR: [03932] scan key value is 0xea15c936 
[12343.264072]  
[12343.372375] IR: [03932] scan key value is 0xea15c936 
[12343.372380]  
[12343.480684] IR: [03932] scan key value is 0xea15c936 
[12343.480689]  
[12343.588998] IR: [03932] scan key value is 0xea15c936 
[12343.589002]  
[12343.697321] IR: [03932] scan key value is 0xea15c936 
[12343.697327]  
[12343.805635] IR: [03932] scan key value is 0xea15c936 
[12343.805640]  
[12343.913919] IR: [03932] scan key value is 0xea15c936 
[12343.913924]  
[12344.022246] IR: [03932] scan key value is 0xea15c936 
[12344.022251]  
[12344.130551] IR: [03932] scan key value is 0xea15c936 
[12344.130555]  
[12346.179053] IR: [03932] scan key value is 0xee11c936 
[12346.179058]  
[12346.231676] IR: [03932] scan key value is 0xee11c936 
[12346.231682]  
[12346.339925] IR: [03932] scan key value is 0xee11c936 
[12346.339930]  
[12346.544505] IR: [03932] scan key value is 0xee11c936 
[12346.544510]  
[12346.597129] IR: [03932] scan key value is 0xee11c936 
[12346.597136]  
[12346.705401] IR: [03932] scan key value is 0xee11c936 
[12346.705405]  
[12346.813685] IR: [03932] scan key value is 0xee11c936 
[12346.813689]  
[12346.921997] IR: [03932] scan key value is 0xee11c936 
[12346.922001]  
[12347.030332] IR: [03932] scan key value is 0xee11c936 
[12347.030337]  
[12347.138644] IR: [03932] scan key value is 0xee11c936 
[12347.138649]  
[12347.246953] IR: [03932] scan key value is 0xee11c936 
[12347.246961]  
[12347.355249] IR: [03932] scan key value is 0xee11c936 
[12347.355254]  
[12347.463554] IR: [03932] scan key value is 0xee11c936 
[12347.463560]  
[12347.571858] IR: [03932] scan key value is 0xee11c936 
[12347.571863]  
[12347.952028] IR: [03932] scan key value is 0xea15c936 
[12347.952033]  
[12348.004619] IR: [03932] scan key value is 0xea15c936 
[12348.004624]  
[12348.112917] IR: [03932] scan key value is 0xea15c936 
[12348.112922]  
[12348.221219] IR: [03932] scan key value is 0xea15c936 
[12348.221223]  
[12348.329522] IR: [03932] scan key value is 0xea15c936 
[12348.329527]  
[12348.437829] IR: [03932] scan key value is 0xea15c936 
[12348.437834]  
[12348.546146] IR: [03932] scan key value is 0xea15c936 
[12348.546151]  
[12348.654449] IR: [03932] scan key value is 0xea15c936 
[12348.654454]  
[12348.762749] IR: [03932] scan key value is 0xea15c936 
[12348.762754]  
[12348.871052] IR: [03932] scan key value is 0xea15c936 
[12348.871057]  
[12348.979357] IR: [03932] scan key value is 0xea15c936 
[12348.979362]  
[12349.590345] IR: [03932] scan key value is 0xec13c936 
[12349.590350]  
[12349.642928] IR: [03932] scan key value is 0xec13c936 
[12349.642933]  
[12351.880215] IR: [03932] scan key value is 0xed12c936 
[12351.880220]  
[12351.932804] IR: [03932] scan key value is 0xed12c936 
[12351.932809]  
[12352.408741] IR: [03932] scan key value is 0xeb14c936 
[12352.408746]  
[12352.461326] IR: [03932] scan key value is 0xeb14c936 
[12352.461331]  
[12352.900528] IR: [03932] scan key value is 0xec13c936 
[12352.900533]  
[12352.953115] IR: [03932] scan key value is 0xec13c936 
[12352.953120]  
[12355.453145] IR: [03932] scan key value is 0xf10ec936 
[12355.453150]  
[12355.505728] IR: [03932] scan key value is 0xf10ec936 
[12355.505733]  
[12355.574611] [irq_proc_open][373] -16
[12355.800374] 
[12355.800384] irq_proc_write
[12355.845049] 
[12355.845057] irq_proc_write
[12356.300711] IR: [03932] scan key value is 0xf10ec936 
[12356.300716]  
[12356.353302] IR: [03932] scan key value is 0xf10ec936 
[12356.353307]  
[12358.472493] IR: [03932] scan key value is 0xea15c936 
[12358.472497]  
[12358.525075] IR: [03932] scan key value is 0xea15c936 
[12358.525080]  
[12358.633389] IR: [03932] scan key value is 0xea15c936 
[12358.633393]  
[12358.741700] IR: [03932] scan key value is 0xea15c936 
[12358.741705]  
[12358.850005] IR: [03932] scan key value is 0xea15c936 
[12358.850009]  
[12358.958312] IR: [03932] scan key value is 0xea15c936 
[12358.958317]  
[12359.066631] IR: [03932] scan key value is 0xea15c936 
[12359.066636]  
[12359.174945] IR: [03932] scan key value is 0xea15c936 
[12359.174950]  
[12359.283246] IR: [03932] scan key value is 0xea15c936 
[12359.283251]  
[12359.391555] IR: [03932] scan key value is 0xea15c936 
[12359.391559]  
[12360.444387] IR: [03932] scan key value is 0xeb14c936 
[12360.444391]  
[12360.496973] IR: [03932] scan key value is 0xeb14c936 
[12360.496977]  
[12360.605291] IR: [03932] scan key value is 0xeb14c936 
[12360.605300]  
[12363.511465] IR: [03932] scan key value is 0xec13c936 
[12363.511470]  
[12363.564052] IR: [03932] scan key value is 0xec13c936 
[12363.564057]  
[12363.672365] IR: [03932] scan key value is 0xec13c936 
[12363.672370]  
[12363.780678] IR: [03932] scan key value is 0xec13c936 
[12363.780682]  
[12365.963439] IR: [03932] scan key value is 0xea15c936 
[12365.963444]  
[12366.016039] IR: [03932] scan key value is 0xea15c936 
[12366.016044]  
[12366.393705] IR: [03932] scan key value is 0xea15c936 
[12366.393710]  
[12366.446326] IR: [03932] scan key value is 0xea15c936 
[12366.446331]  
[12366.554621] IR: [03932] scan key value is 0xea15c936 
[12366.554625]  
[12366.662925] IR: [03932] scan key value is 0xea15c936 
[12366.662930]  
[12366.961023] IR: [03932] scan key value is 0xea15c936 
[12366.961028]  
[12367.013610] IR: [03932] scan key value is 0xea15c936 
[12367.013614]  
[12367.121913] IR: [03932] scan key value is 0xea15c936 
[12367.121918]  
[12367.230222] IR: [03932] scan key value is 0xea15c936 
[12367.230227]  
[12367.338528] IR: [03932] scan key value is 0xea15c936 
[12367.338534]  
[12367.446835] IR: [03932] scan key value is 0xea15c936 
[12367.446840]  
[12367.555137] IR: [03932] scan key value is 0xea15c936 
[12367.555143]  
[12367.663451] IR: [03932] scan key value is 0xea15c936 
[12367.663456]  
[12367.771755] IR: [03932] scan key value is 0xea15c936 
[12367.771760]  
[12367.880068] IR: [03932] scan key value is 0xea15c936 
[12367.880072]  
[12367.988368] IR: [03932] scan key value is 0xea15c936 
[12367.988372]  
[12369.110964] IR: [03932] scan key value is 0xeb14c936 
[12369.110969]  
[12369.163554] IR: [03932] scan key value is 0xeb14c936 
[12369.163559]  
[12369.271870] IR: [03932] scan key value is 0xeb14c936 
[12369.271875]  
[12370.033247] IR: [03932] scan key value is 0xeb14c936 
[12370.033251]  
[12370.085881] IR: [03932] scan key value is 0xeb14c936 
[12370.085888]  
[12370.194189] IR: [03932] scan key value is 0xeb14c936 
[12370.194197]  
[12371.481414] IR: [03932] scan key value is 0xec13c936 
[12371.481420]  
[12371.533996] IR: [03932] scan key value is 0xec13c936 
[12371.534001]  
[12371.642300] IR: [03932] scan key value is 0xec13c936 
[12371.642305]  
[12373.858403] [irq_proc_open][373] -16
[12374.183124] 
[12374.183134] irq_proc_write
[12374.207857] 
[12374.207865] irq_proc_write
[12378.560689] IR: [03932] scan key value is 0xeb14c936 
[12378.560694]  
[12378.613285] IR: [03932] scan key value is 0xeb14c936 
[12378.613291]  
[12378.721595] IR: [03932] scan key value is 0xeb14c936 
[12378.721601]  
[12378.829917] IR: [03932] scan key value is 0xeb14c936 
[12378.829923]  
[12380.468288] IR: [03932] scan key value is 0xeb14c936 
[12380.468293]  
[12380.520888] IR: [03932] scan key value is 0xeb14c936 
[12380.520893]  
[12380.629238] IR: [03932] scan key value is 0xeb14c936 
[12380.629244]  
[12380.737511] IR: [03932] scan key value is 0xeb14c936 
[12380.737516]  
[12380.845818] IR: [03932] scan key value is 0xeb14c936 
[12380.845823]  
[12384.894906] [irq_proc_open][373] -16
[12384.930448] 
[12384.930456] irq_proc_write
[12384.953901] 
[12384.953909] irq_proc_write
[12404.437201] [irq_proc_open][373] -16
[12404.565169] 
[12404.565177] irq_proc_write
[12404.588868] 
[12404.588876] irq_proc_write
[12415.409824] IR: [03932] scan key value is 0xec13c936 
[12415.409830]  
[12415.462408] IR: [03932] scan key value is 0xec13c936 
[12415.462414]  
[12457.955920] [irq_proc_open][373] -16
[12458.079185] 
[12458.079193] irq_proc_write
[12458.101885] 
[12458.101892] irq_proc_write
[12493.098847] [irq_proc_open][373] -16
[12493.224799] 
[12493.224808] irq_proc_write
[12493.258140] 
[12493.258149] irq_proc_write
[12627.383520] IR: [03932] scan key value is 0xeb14c936 
[12627.383525]  
[12627.436092] IR: [03932] scan key value is 0xeb14c936 
[12627.436097]  
[12627.544430] IR: [03932] scan key value is 0xeb14c936 
[12627.544435]  
[12628.178730] IR: [03932] scan key value is 0xeb14c936 
[12628.178734]  
[12628.231323] IR: [03932] scan key value is 0xeb14c936 
[12628.231328]  
[12629.512237] IR: [03932] scan key value is 0xea15c936 
[12629.512241]  
[12629.564820] IR: [03932] scan key value is 0xea15c936 
[12629.564825]  
[12630.353715] IR: [03932] scan key value is 0xeb14c936 
[12630.353721]  
[12630.406308] IR: [03932] scan key value is 0xeb14c936 
[12630.406316]  
[12631.075761] IR: [03932] scan key value is 0xea15c936 
[12631.075766]  
[12631.128353] IR: [03932] scan key value is 0xea15c936 
[12631.128359]  
[12631.568215] IR: [03932] scan key value is 0xee11c936 
[12631.568220]  
[12631.620809] IR: [03932] scan key value is 0xee11c936 
[12631.620815]  
[12631.923614] IR: [03932] scan key value is 0xee11c936 
[12631.923620]  
[12631.976201] IR: [03932] scan key value is 0xee11c936 
[12631.976211]  
[12632.704482] IR: [03932] scan key value is 0xea15c936 
[12632.704488]  
[12632.757122] IR: [03932] scan key value is 0xea15c936 
[12632.757130]  
[12633.633110] IR: [03932] scan key value is 0xeb14c936 
[12633.633115]  
[12633.685729] IR: [03932] scan key value is 0xeb14c936 
[12633.685733]  
[12633.794010] IR: [03932] scan key value is 0xeb14c936 
[12633.794015]  
[12633.902341] IR: [03932] scan key value is 0xeb14c936 
[12633.902347]  
[12634.556179] IR: [03932] scan key value is 0xeb14c936 
[12634.556184]  
[12634.608770] IR: [03932] scan key value is 0xeb14c936 
[12634.608776]  
[12634.717089] IR: [03932] scan key value is 0xeb14c936 
[12634.717094]  
[12635.170931] IR: [03932] scan key value is 0xeb14c936 
[12635.170936]  
[12635.223521] IR: [03932] scan key value is 0xeb14c936 
[12635.223527]  
[12635.641550] IR: [03932] scan key value is 0xeb14c936 
[12635.641558]  
[12635.694142] IR: [03932] scan key value is 0xeb14c936 
[12635.694148]  
[12635.802451] IR: [03932] scan key value is 0xeb14c936 
[12635.802457]  
[12636.235491] IR: [03932] scan key value is 0xea15c936 
[12636.235495]  
[12636.288080] IR: [03932] scan key value is 0xea15c936 
[12636.288086]  
[12636.773360] IR: [03932] scan key value is 0xeb14c936 
[12636.773365]  
[12636.825942] IR: [03932] scan key value is 0xeb14c936 
[12636.825947]  
[12638.032795] IR: [03932] scan key value is 0xed12c936 
[12638.032799]  
[12638.085391] IR: [03932] scan key value is 0xed12c936 
[12638.085395]  
[12639.087973] IR: [03932] scan key value is 0xec13c936 
[12639.087978]  
[12639.140570] IR: [03932] scan key value is 0xec13c936 
[12639.140575]  
[12639.703396] [irq_proc_open][373] -16
[12639.829381] 
[12639.829390] irq_proc_write
[12639.858993] 
[12639.859002] irq_proc_write
[12641.137754] [irq_proc_open][373] -16
[12641.359164] 
[12641.359173] irq_proc_write
[12641.383842] 
[12641.383850] irq_proc_write
[12641.481789] IR: [03932] scan key value is 0xeb14c936 
[12641.481794]  
[12641.534387] IR: [03932] scan key value is 0xeb14c936 
[12641.534393]  
[12641.863608] IR: [03932] scan key value is 0xeb14c936 
[12641.863616]  
[12641.916157] IR: [03932] scan key value is 0xeb14c936 
[12641.916162]  
[12642.024470] IR: [03932] scan key value is 0xeb14c936 
[12642.024474]  
[12642.132775] IR: [03932] scan key value is 0xeb14c936 
[12642.132780]  
[12642.241091] IR: [03932] scan key value is 0xeb14c936 
[12642.241097]  
[12642.472743] IR: [03932] scan key value is 0xeb14c936 
[12642.472748]  
[12642.525307] IR: [03932] scan key value is 0xeb14c936 
[12642.525312]  
[12642.633640] IR: [03932] scan key value is 0xeb14c936 
[12642.633645]  
[12642.741945] IR: [03932] scan key value is 0xeb14c936 
[12642.741950]  
[12642.850259] IR: [03932] scan key value is 0xeb14c936 
[12642.850268]  
[12642.958566] IR: [03932] scan key value is 0xeb14c936 
[12642.958571]  
[12643.295498] IR: [03932] scan key value is 0xeb14c936 
[12643.295503]  
[12643.348117] IR: [03932] scan key value is 0xeb14c936 
[12643.348124]  
[12643.456390] IR: [03932] scan key value is 0xeb14c936 
[12643.456394]  
[12643.564699] IR: [03932] scan key value is 0xeb14c936 
[12643.564703]  
[12643.673011] IR: [03932] scan key value is 0xeb14c936 
[12643.673016]  
[12643.781321] IR: [03932] scan key value is 0xeb14c936 
[12643.781330]  
[12643.889636] IR: [03932] scan key value is 0xeb14c936 
[12643.889641]  
[12643.997939] IR: [03932] scan key value is 0xeb14c936 
[12643.997944]  
[12644.106243] IR: [03932] scan key value is 0xeb14c936 
[12644.106249]  
[12644.214548] IR: [03932] scan key value is 0xeb14c936 
[12644.214553]  
[12644.322855] IR: [03932] scan key value is 0xeb14c936 
[12644.322860]  
[12644.431160] IR: [03932] scan key value is 0xeb14c936 
[12644.431164]  
[12645.082167] IR: [03932] scan key value is 0xed12c936 
[12645.082172]  
[12645.134759] IR: [03932] scan key value is 0xed12c936 
[12645.134764]  
[12645.571049] IR: [03932] scan key value is 0xed12c936 
[12645.571054]  
[12645.623641] IR: [03932] scan key value is 0xed12c936 
[12645.623646]  
[12646.145020] IR: [03932] scan key value is 0xed12c936 
[12646.145026]  
[12646.197615] IR: [03932] scan key value is 0xed12c936 
[12646.197620]  
[12648.017771] IR: [03932] scan key value is 0xed12c936 
[12648.017775]  
[12648.070350] IR: [03932] scan key value is 0xed12c936 
[12648.070355]  
[12648.653003] IR: [03932] scan key value is 0xec13c936 
[12648.653008]  
[12648.705586] IR: [03932] scan key value is 0xec13c936 
[12648.705590]  
[12648.876144] [irq_proc_open][373] -16
[12649.102959] 
[12649.102966] irq_proc_write
[12649.127846] 
[12649.127853] irq_proc_write
[12653.950464] IR: [03932] scan key value is 0xec13c936 
[12653.950469]  
[12654.003008] IR: [03932] scan key value is 0xec13c936 
[12654.003013]  
[12658.139535] IR: [03932] scan key value is 0xea15c936 
[12658.139540]  
[12658.192122] IR: [03932] scan key value is 0xea15c936 
[12658.192127]  
[12659.638901] IR: [03932] scan key value is 0xeb14c936 
[12659.638906]  
[12659.691473] IR: [03932] scan key value is 0xeb14c936 
[12659.691479]  
[12660.301030] IR: [03932] scan key value is 0xec13c936 
[12660.301035]  
[12660.353613] IR: [03932] scan key value is 0xec13c936 
[12660.353618]  
[12663.442571] IR: [03932] scan key value is 0xea15c936 
[12663.442576]  
[12663.495148] IR: [03932] scan key value is 0xea15c936 
[12663.495153]  
[12664.173458] IR: [03932] scan key value is 0xee11c936 
[12664.173463]  
[12664.226020] IR: [03932] scan key value is 0xee11c936 
[12664.226025]  
[12665.219315] IR: [03932] scan key value is 0xec13c936 
[12665.219320]  
[12665.271896] IR: [03932] scan key value is 0xec13c936 
[12665.271900]  
[12667.216388] IR: [03932] scan key value is 0xed12c936 
[12667.216393]  
[12667.268982] IR: [03932] scan key value is 0xed12c936 
[12667.268988]  
[12667.673579] IR: [03932] scan key value is 0xec13c936 
[12667.673583]  
[12667.726162] IR: [03932] scan key value is 0xec13c936 
[12667.726166]  
[12670.462089] [irq_proc_open][373] -16
[12670.506468] 
[12670.506474] irq_proc_write
[12670.542934] 
[12670.542944] irq_proc_write
[12677.334756] IR: [03932] scan key value is 0xeb14c936 
[12677.334761]  
[12677.387339] IR: [03932] scan key value is 0xeb14c936 
[12677.387345]  
[12677.495631] IR: [03932] scan key value is 0xeb14c936 
[12677.495637]  
[12677.603963] IR: [03932] scan key value is 0xeb14c936 
[12677.603968]  
[12677.712250] IR: [03932] scan key value is 0xeb14c936 
[12677.712255]  
[12677.820550] IR: [03932] scan key value is 0xeb14c936 
[12677.820555]  
[12677.928861] IR: [03932] scan key value is 0xeb14c936 
[12677.928866]  
[12678.037163] IR: [03932] scan key value is 0xeb14c936 
[12678.037168]  
[12678.145496] IR: [03932] scan key value is 0xeb14c936 
[12678.145501]  
[12678.253788] IR: [03932] scan key value is 0xeb14c936 
[12678.253793]  
[12679.553837] irq_proc_write
[12681.147431] IR: [03932] scan key value is 0xed12c936 
[12681.147436]  
[12681.200022] IR: [03932] scan key value is 0xed12c936 
[12681.200027]  
[12681.308313] IR: [03932] scan key value is 0xed12c936 
[12681.308318]  
[12681.416599] IR: [03932] scan key value is 0xed12c936 
[12681.416604]  
[12681.524906] IR: [03932] scan key value is 0xed12c936 
[12681.524911]  
[12682.631372] IR: [03932] scan key value is 0xf10ec936 
[12682.631376]  
[12682.683936] IR: [03932] scan key value is 0xf10ec936 
[12682.683941]  
[12682.706926] irq_proc_write
[12683.815331] IR: [03932] scan key value is 0xec13c936 
[12683.815336]  
[12683.867914] IR: [03932] scan key value is 0xec13c936 
[12683.867919]  
[12683.976222] IR: [03932] scan key value is 0xec13c936 
[12683.976227]  
[12685.508354] IR: [03932] scan key value is 0xea15c936 
[12685.508359]  
[12685.560951] IR: [03932] scan key value is 0xea15c936 
[12685.560956]  
[12685.669264] IR: [03932] scan key value is 0xea15c936 
[12685.669269]  
[12685.777577] IR: [03932] scan key value is 0xea15c936 
[12685.777581]  
[12685.885878] IR: [03932] scan key value is 0xea15c936 
[12685.885883]  
[12685.994190] IR: [03932] scan key value is 0xea15c936 
[12685.994194]  
[12686.102508] IR: [03932] scan key value is 0xea15c936 
[12686.102513]  
[12686.210817] IR: [03932] scan key value is 0xea15c936 
[12686.210822]  
[12686.319129] IR: [03932] scan key value is 0xea15c936 
[12686.319134]  
[12686.427443] IR: [03932] scan key value is 0xea15c936 
[12686.427448]  
[12686.535761] IR: [03932] scan key value is 0xea15c936 
[12686.535767]  
[12686.644074] IR: [03932] scan key value is 0xea15c936 
[12686.644079]  
[12686.752396] IR: [03932] scan key value is 0xea15c936 
[12686.752402]  
[12686.860732] IR: [03932] scan key value is 0xea15c936 
[12686.860740]  
[12686.968999] IR: [03932] scan key value is 0xea15c936 
[12686.969004]  
[12687.077306] IR: [03932] scan key value is 0xea15c936 
[12687.077311]  
[12687.579399] IR: [03932] scan key value is 0xeb14c936 
[12687.579404]  
[12687.631988] IR: [03932] scan key value is 0xeb14c936 
[12687.631993]  
[12687.740294] IR: [03932] scan key value is 0xeb14c936 
[12687.740303]  
[12688.362625] IR: [03932] scan key value is 0xec13c936 
[12688.362629]  
[12688.415210] IR: [03932] scan key value is 0xec13c936 
[12688.415215]  
[12691.483828] IR: [03932] scan key value is 0xec13c936 
[12691.483833]  
[12691.536428] IR: [03932] scan key value is 0xec13c936 
[12691.536434]  
[12691.644730] IR: [03932] scan key value is 0xec13c936 
[12691.644735]  
[12694.135950] IR: [03932] scan key value is 0xed12c936 
[12694.135956]  
[12694.188540] IR: [03932] scan key value is 0xed12c936 
[12694.188545]  
[12695.201371] IR: [03932] scan key value is 0xec13c936 
[12695.201376]  
[12695.253963] IR: [03932] scan key value is 0xec13c936 
[12695.253969]  
[12695.362269] IR: [03932] scan key value is 0xec13c936 
[12695.362274]  
[12696.293322] IR: [03932] scan key value is 0xed12c936 
[12696.293326]  
[12696.345916] IR: [03932] scan key value is 0xed12c936 
[12696.345921]  
[12696.778349] IR: [03932] scan key value is 0xec13c936 
[12696.778354]  
[12696.830941] IR: [03932] scan key value is 0xec13c936 
[12696.830946]  
[12697.562649] IR: [03932] scan key value is 0xed12c936 
[12697.562654]  
[12697.615239] IR: [03932] scan key value is 0xed12c936 
[12697.615244]  
[12697.923811] IR: [03932] scan key value is 0xec13c936 
[12697.923815]  
[12697.976396] IR: [03932] scan key value is 0xec13c936 
[12697.976401]  
[12698.546592] IR: [03932] scan key value is 0xec13c936 
[12698.546597]  
[12698.599177] IR: [03932] scan key value is 0xec13c936 
[12698.599182]  
[12698.880907] IR: [03932] scan key value is 0xed12c936 
[12698.880912]  
[12698.933490] IR: [03932] scan key value is 0xed12c936 
[12698.933494]  
[12699.390593] IR: [03932] scan key value is 0xec13c936 
[12699.390598]  
[12699.443184] IR: [03932] scan key value is 0xec13c936 
[12699.443189]  
[12700.663619] IR: [03932] scan key value is 0xed12c936 
[12700.663624]  
[12700.716199] IR: [03932] scan key value is 0xed12c936 
[12700.716204]  
[12701.116595] IR: [03932] scan key value is 0xec13c936 
[12701.116600]  
[12701.169167] IR: [03932] scan key value is 0xec13c936 
[12701.169171]  
[12701.277494] IR: [03932] scan key value is 0xec13c936 
[12701.277498]  
[12701.914864] IR: [03932] scan key value is 0xed12c936 
[12701.914869]  
[12701.967427] IR: [03932] scan key value is 0xed12c936 
[12701.967433]  
[12702.349629] IR: [03932] scan key value is 0xec13c936 
[12702.349634]  
[12702.402231] IR: [03932] scan key value is 0xec13c936 
[12702.402235]  
[12703.019035] IR: [03932] scan key value is 0xed12c936 
[12703.019039]  
[12703.071623] IR: [03932] scan key value is 0xed12c936 
[12703.071627]  
[12703.473220] IR: [03932] scan key value is 0xec13c936 
[12703.473225]  
[12703.525790] IR: [03932] scan key value is 0xec13c936 
[12703.525795]  
[12704.123491] IR: [03932] scan key value is 0xed12c936 
[12704.123496]  
[12704.176077] IR: [03932] scan key value is 0xed12c936 
[12704.176082]  
[12704.578370] IR: [03932] scan key value is 0xec13c936 
[12704.578375]  
[12704.630972] IR: [03932] scan key value is 0xec13c936 
[12704.630980]  
[12705.278743] IR: [03932] scan key value is 0xed12c936 
[12705.278748]  
[12705.331328] IR: [03932] scan key value is 0xed12c936 
[12705.331333]  
[12705.717384] IR: [03932] scan key value is 0xec13c936 
[12705.717389]  
[12705.769947] IR: [03932] scan key value is 0xec13c936 
[12705.769951]  
[12706.555768] IR: [03932] scan key value is 0xed12c936 
[12706.555773]  
[12706.608330] IR: [03932] scan key value is 0xed12c936 
[12706.608335]  
[12707.015331] IR: [03932] scan key value is 0xec13c936 
[12707.015336]  
[12707.067926] IR: [03932] scan key value is 0xec13c936 
[12707.067930]  
[12707.176224] IR: [03932] scan key value is 0xec13c936 
[12707.176229]  
[12707.864285] IR: [03932] scan key value is 0xed12c936 
[12707.864290]  
[12707.916874] IR: [03932] scan key value is 0xed12c936 
[12707.916879]  
[12708.278235] IR: [03932] scan key value is 0xec13c936 
[12708.278240]  
[12708.330819] IR: [03932] scan key value is 0xec13c936 
[12708.330824]  
[12713.538270] [SD_CTL_TASK] send msg to IMAN: msgid=0x513.
[12713.545789] CW880 :rtsk=0x17, stsk=0x15,msgid=0x1509,msglen=4
[12715.013064] Dest_ip=0xc0a80279,TS_port=1234
[12715.018009] [SD_CTL_TASK] send msg to IMAN: msgid=0x503.
[12715.037733] CW880 :rtsk=0x17, stsk=0x15,msgid=0x504,msglen=24
[12715.043976] [SD_CTL_TASK] send msg to IMAN: msgid=0x1503.
[12715.068588] CW880 :rtsk=0x17, stsk=0x15,msgid=0x1516,msglen=4
[12715.075317] [SD_CTL_TASK] send msg to IMAN: msgid=0x508.
[12715.081771] CW880 :rtsk=0x17, stsk=0x15,msgid=0x1505,msglen=4
[12715.088551] [cw880_cwq2sdio_srv, 2234] set communicate type: 1
[12715.110261] Dest_ip=0xc0a80279,TS_port=1234
[12715.115212] [SD_CTL_TASK] send msg to IMAN: msgid=0x503.
[12715.141752] CW880 :rtsk=0x17, stsk=0x15,msgid=0x504,msglen=24
[12715.148068] [SD_CTL_TASK] send msg to IMAN: msgid=0x1503.
[12715.165752] CW880 :rtsk=0x17, stsk=0x15,msgid=0x1516,msglen=4
[12715.173881] [SD_CTL_TASK] send msg to IMAN: msgid=0x508.
[12715.185739] CW880 :rtsk=0x17, stsk=0x15,msgid=0x1505,msglen=4
[12715.192795] [cw880_cwq2sdio_srv, 2234] set communicate type: 1
[12721.399658] IR: [03932] scan key value is 0xf10ec936 
[12721.399663]  
[12721.452249] IR: [03932] scan key value is 0xf10ec936 
[12721.452253]  
[12722.976744] IR: [03932] scan key value is 0xec13c936 
[12722.976749]  
[12723.029340] IR: [03932] scan key value is 0xec13c936 
[12723.029346]  
[12723.865744] IR: [03932] scan key value is 0xed12c936 
[12723.865749]  
[12723.918334] IR: [03932] scan key value is 0xed12c936 
[12723.918339]  
[12724.206630] IR: [03932] scan key value is 0xec13c936 
[12724.206635]  
[12724.259223] IR: [03932] scan key value is 0xec13c936 
[12724.259228]  
[12724.935355] IR: [03932] scan key value is 0xf10ec936 
[12724.935360]  
[12724.989638] IR: [03932] scan key value is 0xf10ec936 
[12724.989644]  
[12727.431666] IR: [03932] scan key value is 0xe41bc936 
[12727.431671]  
[12727.484252] IR: [03932] scan key value is 0xe41bc936 
[12727.484257]  
[12727.592560] IR: [03932] scan key value is 0xe41bc936 
[12727.592565]  
[12730.486807] IR: [03932] scan key value is 0xe41bc936 
[12730.486812]  
[12730.539405] IR: [03932] scan key value is 0xe41bc936 
[12730.539411]  
[12732.886781] IR: [03932] scan key value is 0xe41bc936 
[12732.886786]  
[12732.939381] IR: [03932] scan key value is 0xe41bc936 
[12732.939386]  
[12733.047680] IR: [03932] scan key value is 0xe41bc936 
[12733.047684]  
[12733.155987] IR: [03932] scan key value is 0xe41bc936 
[12733.155996]  
[12733.264295] IR: [03932] scan key value is 0xe41bc936 
[12733.264299]  
[12733.778329] IR: [03932] scan key value is 0xe41bc936 
[12733.778334]  
[12733.830915] IR: [03932] scan key value is 0xe41bc936 
[12733.830920]  
[12733.939222] IR: [03932] scan key value is 0xe41bc936 
[12733.939227]  
[12734.489860] IR: [03932] scan key value is 0xe41bc936 
[12734.489866]  
[12734.542370] IR: [03932] scan key value is 0xe41bc936 
[12734.542375]  
[12735.056184] IR: [03932] scan key value is 0xe41bc936 
[12735.056189]  
[12735.108730] IR: [03932] scan key value is 0xe41bc936 
[12735.108735]  
[12735.217036] IR: [03932] scan key value is 0xe41bc936 
[12735.217042]  
[12735.325366] IR: [03932] scan key value is 0xe41bc936 
[12735.325371]  
[12735.433678] IR: [03932] scan key value is 0xe41bc936 
[12735.433683]  
[12735.541982] IR: [03932] scan key value is 0xe41bc936 
[12735.541986]  
[12735.653356] IR: [03932] scan key value is 0xe41bc936 
[12735.653361]  
[12735.758624] IR: [03932] scan key value is 0xe41bc936 
[12735.758632]  
[12735.866926] IR: [03932] scan key value is 0xe41bc936 
[12735.866933]  
[12735.975192] IR: [03932] scan key value is 0xe41bc936 
[12735.975197]  
[12736.083488] IR: [03932] scan key value is 0xe41bc936 
[12736.083493]  
[12736.191787] IR: [03932] scan key value is 0xe41bc936 
[12736.191793]  
[12736.300087] IR: [03932] scan key value is 0xe41bc936 
[12736.300092]  
[12736.408387] IR: [03932] scan key value is 0xe41bc936 
[12736.408392]  
[12736.516689] IR: [03932] scan key value is 0xe41bc936 
[12736.516694]  
[12736.865072] IR: [03932] scan key value is 0xe41bc936 
[12736.865078]  
[12736.917629] IR: [03932] scan key value is 0xe41bc936 
[12736.917634]  
[12738.421189] IR: [03932] scan key value is 0xf10ec936 
[12738.421194]  
[12746.263207] IR: [03932] scan key value is 0xe41bc936 
[12746.263212]  
[12746.315802] IR: [03932] scan key value is 0xe41bc936 
[12746.315807]  
[12748.091892] IR: [03932] scan key value is 0xe41bc936 
[12748.091896]  
[12748.144485] IR: [03932] scan key value is 0xe41bc936 
[12748.144490]  
[12749.176080] IR: [03932] scan key value is 0xe41bc936 
[12749.176085]  
[12749.228645] IR: [03932] scan key value is 0xe41bc936 
[12749.228650]  
[12749.336992] IR: [03932] scan key value is 0xe41bc936 
[12749.336998]  
[12750.137557] IR: [03932] scan key value is 0xea15c936 
[12750.137562]  
[12750.190144] IR: [03932] scan key value is 0xea15c936 
[12750.190148]  
[12751.226569] IR: [03932] scan key value is 0xe41bc936 
[12751.226574]  
[12751.279165] IR: [03932] scan key value is 0xe41bc936 
[12751.279170]  
[12774.359934] IR: [03932] scan key value is 0xe41bc936 
[12774.359939]  
[12774.412526] IR: [03932] scan key value is 0xe41bc936 
[12774.412530]  
[12829.655729] IR: [03932] scan key value is 0x86798000 
[12829.655734]  
[12829.714954] IR: [03932] scan key value is 0x86798000 
[12829.714959]  
[12829.774165] IR: [03932] scan key value is 0x86798000 
[12829.774170]  
[12831.933983] IR: [03932] scan key value is 0xf10e8000 
[12831.933988]  
[12831.995220] IR: [03932] scan key value is 0xf10e8000 
[12831.995225]  
[12832.895332] IR: [03932] scan key value is 0x8f708000 
[12832.895337]  
[12832.956066] IR: [03932] scan key value is 0x8f708000 
[12832.956071]  
[12833.073229] IR: [03932] scan key value is 0x8f708000 
[12833.073234]  
[12838.923905] IR: [03932] scan key value is 0xec138000 
[12838.923909]  
[12840.540235] IR: [03932] scan key value is 0xf10e8000 
[12840.540240]  
[12840.601022] IR: [03932] scan key value is 0xf10e8000 
[12840.601027]  
[12841.187487] IR: [03932] scan key value is 0xeb148000 
[12841.187492]  
[12841.248430] IR: [03932] scan key value is 0xeb148000 
[12841.248435]  
[12842.193016] IR: [03932] scan key value is 0xea158000 
[12842.193021]  
[12842.253832] IR: [03932] scan key value is 0xea158000 
[12842.253836]  
[12843.159602] IR: [03932] scan key value is 0xea158000 
[12843.159606]  
[12843.221010] IR: [03932] scan key value is 0xea158000 
[12843.221015]  
[12843.817537] IR: [03932] scan key value is 0xee118000 
[12843.817542]  
[12843.878514] IR: [03932] scan key value is 0xee118000 
[12843.878519]  
[12844.282516] IR: [03932] scan key value is 0xeb148000 
[12844.282521]  
[12844.344170] IR: [03932] scan key value is 0xeb148000 
[12844.344175]  
[12844.643811] IR: [03932] scan key value is 0xec138000 
[12844.643816]  
[12844.705316] IR: [03932] scan key value is 0xec138000 
[12844.705321]  
[12845.743618] IR: [03932] scan key value is 0xeb148000 
[12845.743622]  
[12845.804511] IR: [03932] scan key value is 0xeb148000 
[12845.804516]  
[12846.130924] IR: [03932] scan key value is 0xec138000 
[12846.130930]  
[12847.998098] IR: [03932] scan key value is 0xeb148000 
[12847.998103]  
[12848.058841] IR: [03932] scan key value is 0xeb148000 
[12848.058845]  
[12848.383180] IR: [03932] scan key value is 0xec138000 
[12848.383185]  
[12850.260131] IR: [03932] scan key value is 0xea158000 
[12850.260136]  
[12850.320868] IR: [03932] scan key value is 0xea158000 
[12850.320873]  
[12851.063840] IR: [03932] scan key value is 0xeb148000 
[12851.063844]  
[12854.148027] IR: [03932] scan key value is 0xf10e8000 
[12854.148032]  
[12854.209527] IR: [03932] scan key value is 0xf10e8000 
[12854.209532]  
[12854.884800] IR: [03932] scan key value is 0xf10e8000 
[12854.884805]  
[12854.946057] IR: [03932] scan key value is 0xf10e8000 
[12854.946063]  
[12855.573085] IR: [03932] scan key value is 0xf10e8000 
[12855.573089]  
[12855.634083] IR: [03932] scan key value is 0xf10e8000 
[12855.634088]  
[12857.001832] IR: [03932] scan key value is 0xed128000 
[12857.001836]  
[12857.652140] IR: [03932] scan key value is 0xee118000 
[12857.652145]  
[12857.713419] IR: [03932] scan key value is 0xee118000 
[12857.713424]  
[12858.380753] IR: [03932] scan key value is 0xed128000 
[12858.380758]  
[12858.441497] IR: [03932] scan key value is 0xed128000 
[12858.441502]  
[12858.721283] IR: [03932] scan key value is 0xed128000 
[12858.721288]  
[12859.582674] IR: [03932] scan key value is 0xeb148000 
[12859.582678]  
[12859.644248] IR: [03932] scan key value is 0xeb148000 
[12859.644253]  
[12860.666031] IR: [03932] scan key value is 0xea158000 
[12860.666036]  
[12861.117229] IR: [03932] scan key value is 0xea158000 
[12861.117234]  
[12861.178318] IR: [03932] scan key value is 0xea158000 
[12861.178323]  
[12861.528039] IR: [03932] scan key value is 0xeb148000 
[12861.528044]  
[12861.588987] IR: [03932] scan key value is 0xeb148000 
[12861.588992]  
[12861.933453] IR: [03932] scan key value is 0xeb148000 
[12861.933459]  
[12861.994896] IR: [03932] scan key value is 0xeb148000 
[12861.994901]  
[12862.334558] IR: [03932] scan key value is 0xec138000 
[12862.334563]  
[12863.380297] IR: [03932] scan key value is 0xeb148000 
[12863.380302]  
[12863.441672] IR: [03932] scan key value is 0xeb148000 
[12863.441677]  
[12863.769830] IR: [03932] scan key value is 0xec138000 
[12863.769836]  
[12865.092976] IR: [03932] scan key value is 0xeb148000 
[12865.092980]  
[12865.154104] IR: [03932] scan key value is 0xeb148000 
[12865.154109]  
[12866.221767] IR: [03932] scan key value is 0xee118000 
[12866.221773]  
[12866.282735] IR: [03932] scan key value is 0xee118000 
[12866.282740]  
[12867.461640] IR: [03932] scan key value is 0xea158000 
[12867.461645]  
[12867.522456] IR: [03932] scan key value is 0xea158000 
[12867.522461]  
[12868.155275] IR: [03932] scan key value is 0xed128000 
[12868.155280]  
[12868.216089] IR: [03932] scan key value is 0xed128000 
[12868.216093]  
[12868.571442] IR: [03932] scan key value is 0xec138000 
[12868.571447]  
[12870.776325] IR: [03932] scan key value is 0xed128000 
[12870.776330]  
[12870.837444] IR: [03932] scan key value is 0xed128000 
[12870.837448]  
[12871.450070] IR: [03932] scan key value is 0xec138000 
[12871.450076]  
[12871.511183] IR: [03932] scan key value is 0xec138000 
[12871.511188]  
[12872.304392] IR: [03932] scan key value is 0xed128000 
[12872.304396]  
[12872.365432] IR: [03932] scan key value is 0xed128000 
[12872.365437]  
[12872.761183] IR: [03932] scan key value is 0xec138000 
[12872.761188]  
[12872.822661] IR: [03932] scan key value is 0xec138000 
[12872.822666]  
[12873.281177] IR: [03932] scan key value is 0xed128000 
[12873.281182]  
[12873.342512] IR: [03932] scan key value is 0xed128000 
[12873.342517]  
[12873.785550] IR: [03932] scan key value is 0xec138000 
[12873.785555]  
[12873.847096] IR: [03932] scan key value is 0xec138000 
[12873.847101]  
[12874.215154] IR: [03932] scan key value is 0xed128000 
[12874.215159]  
[12874.276772] IR: [03932] scan key value is 0xed128000 
[12874.276777]  
[12874.741295] IR: [03932] scan key value is 0xec138000 
[12874.741302]  
[12874.802160] IR: [03932] scan key value is 0xec138000 
[12874.802165]  
[12875.170302] IR: [03932] scan key value is 0xed128000 
[12875.170307]  
[12875.231284] IR: [03932] scan key value is 0xed128000 
[12875.231289]  
[12877.007757] IR: [03932] scan key value is 0xec138000 
[12877.007761]  
[12877.598933] IR: [03932] scan key value is 0xed128000 
[12877.598938]  
[12877.659797] IR: [03932] scan key value is 0xed128000 
[12877.659801]  
[12878.550317] IR: [03932] scan key value is 0xea158000 
[12878.550322]  
[12878.611371] IR: [03932] scan key value is 0xea158000 
[12878.611376]  
[12879.094948] IR: [03932] scan key value is 0xee118000 
[12879.094953]  
[12879.156579] IR: [03932] scan key value is 0xee118000 
[12879.156584]  
[12879.403067] IR: [03932] scan key value is 0xee118000 
[12879.403072]  
[12879.464025] IR: [03932] scan key value is 0xee118000 
[12879.464030]  
[12880.468801] IR: [03932] scan key value is 0xec138000 
[12880.468806]  
[12880.529509] IR: [03932] scan key value is 0xec138000 
[12880.529514]  
[12881.665305] IR: [03932] scan key value is 0xed128000 
[12881.665310]  
[12881.726260] IR: [03932] scan key value is 0xed128000 
[12881.726265]  
[12882.963582] IR: [03932] scan key value is 0xf10e8000 
[12882.963587]  
[12886.964649] IR: [03932] scan key value is 0x8f708000 
[12886.964653]  
[12888.406691] IR: [03932] scan key value is 0xec138000 
[12888.406696]  
[12888.467645] IR: [03932] scan key value is 0xec138000 
[12888.467650]  
[12889.963969] IR: [03932] scan key value is 0xf10e8000 
[12889.963973]  
[12890.024764] IR: [03932] scan key value is 0xf10e8000 
[12890.024769]  
[12891.677280] IR: [03932] scan key value is 0xec138000 
[12891.677284]  
[12891.738259] IR: [03932] scan key value is 0xec138000 
[12891.738264]  
[12892.543931] IR: [03932] scan key value is 0xeb148000 
[12892.543936]  
[12892.605041] IR: [03932] scan key value is 0xeb148000 
[12892.605045]  
[12892.927349] IR: [03932] scan key value is 0xec138000 
[12892.927356]  
[12894.406943] IR: [03932] scan key value is 0xec138000 
[12894.406948]  
[13032.588791] IR: [03932] scan key value is 0xee11c936 
[13032.588796]  
[13032.641384] IR: [03932] scan key value is 0xee11c936 
[13032.641388]  
[13033.716784] IR: [03932] scan key value is 0xec13c936 
[13033.716789]  
[13033.769375] IR: [03932] scan key value is 0xec13c936 
[13033.769380]  
[13033.877680] IR: [03932] scan key value is 0xec13c936 
[13033.877685]  
[13034.683382] IR: [03932] scan key value is 0xed12c936 
[13034.683387]  
[13034.735966] IR: [03932] scan key value is 0xed12c936 
[13034.735971]  
[13034.998871] IR: [03932] scan key value is 0xec13c936 
[13034.998875]  
[13035.051460] IR: [03932] scan key value is 0xec13c936 
[13035.051464]  
[13035.932844] IR: [03932] scan key value is 0xed12c936 
[13035.932849]  
[13035.985396] IR: [03932] scan key value is 0xed12c936 
[13035.985401]  
[13036.486625] IR: [03932] scan key value is 0xea15c936 
[13036.486630]  
[13036.539177] IR: [03932] scan key value is 0xea15c936 
[13036.539181]  
[13037.211710] IR: [03932] scan key value is 0xee11c936 
[13037.211715]  
[13037.264281] IR: [03932] scan key value is 0xee11c936 
[13037.264286]  
[13100.736779] [irq_proc_open][373] -16
[13100.861530] 
[13100.861538] irq_proc_write
[13100.898023] 
[13100.898030] irq_proc_write
[13177.288150] IR: [03932] scan key value is 0xec13c936 
[13177.288155]  
[13177.340727] IR: [03932] scan key value is 0xec13c936 
[13177.340732]  
[13178.581226] IR: [03932] scan key value is 0xec13c936 
[13178.581232]  
[13178.633856] IR: [03932] scan key value is 0xec13c936 
[13178.633863]  
[13352.928314] irq_proc_write
[13488.328045] IR: [03932] scan key value is 0xec13c936 
[13488.328050]  
[13488.380637] IR: [03932] scan key value is 0xec13c936 
[13488.380644]  
[13489.227621] [irq_proc_open][373] -16
[13489.352482] 
[13489.352491] irq_proc_write
[13489.378965] 
[13489.378975] irq_proc_write
[13493.081652] [irq_proc_open][373] -16
[13493.304394] 
[13493.304402] irq_proc_write
[13493.331863] 
[13493.331871] irq_proc_write
[13495.044603] 
[13495.044611] irq_proc_write
[13571.790447] IR: [03932] scan key value is 0xf10ec936 
[13571.790452]  
[13573.549460] IR: [03932] scan key value is 0xeb14c936 
[13573.549465]  
[13573.602050] IR: [03932] scan key value is 0xeb14c936 
[13573.602055]  
[13574.540140] IR: [03932] scan key value is 0xed12c936 
[13574.540145]  
[13574.592727] IR: [03932] scan key value is 0xed12c936 
[13574.592732]  
[13574.908863] IR: [03932] scan key value is 0xec13c936 
[13574.908867]  
[13574.961452] IR: [03932] scan key value is 0xec13c936 
[13574.961457]  
[13576.473426] IR: [03932] scan key value is 0xec13c936 
[13576.473431]  
[13576.526013] IR: [03932] scan key value is 0xec13c936 
[13576.526017]  
[13577.932697] IR: [03932] scan key value is 0xec13c936 
[13577.932702]  
[13577.985282] IR: [03932] scan key value is 0xec13c936 
[13577.985287]  
[13580.814126] [irq_proc_open][373] -16
[13581.037847] 
[13581.037855] irq_proc_write
[13581.064159] 
[13581.064168] irq_proc_write
[13582.724879] 
[13582.724888] irq_proc_write
[13663.323970] IR: [03932] scan key value is 0xed12c936 
[13663.323975]  
[13663.376554] IR: [03932] scan key value is 0xed12c936 
[13663.376559]  
[13663.484869] IR: [03932] scan key value is 0xed12c936 
[13663.484874]  
[13663.593175] IR: [03932] scan key value is 0xed12c936 
[13663.593180]  
[13663.701486] IR: [03932] scan key value is 0xed12c936 
[13663.701491]  
[13665.026910] irq_proc_write
[13697.363592] IR: [03932] scan key value is 0xec13c936 
[13697.363597]  
[13697.416187] IR: [03932] scan key value is 0xec13c936 
[13697.416192]  
[13698.952250] IR: [03932] scan key value is 0xec13c936 
[13698.952255]  
[13699.004813] IR: [03932] scan key value is 0xec13c936 
[13699.004818]  
[13757.244914] IR: [03932] scan key value is 0xe41bc936 
[13757.244919]  
[13757.297509] IR: [03932] scan key value is 0xe41bc936 
[13757.297513]  
[13757.405816] IR: [03932] scan key value is 0xe41bc936 
[13757.405821]  
[13757.514138] IR: [03932] scan key value is 0xe41bc936 
[13757.514145]  
[13757.622454] IR: [03932] scan key value is 0xe41bc936 
[13757.622459]  
[13757.730762] IR: [03932] scan key value is 0xe41bc936 
[13757.730768]  
[13757.839064] IR: [03932] scan key value is 0xe41bc936 
[13757.839069]  
[13757.947370] IR: [03932] scan key value is 0xe41bc936 
[13757.947375]  
[13758.055683] IR: [03932] scan key value is 0xe41bc936 
[13758.055688]  
[13758.163976] IR: [03932] scan key value is 0xe41bc936 
[13758.163981]  
[13758.272286] IR: [03932] scan key value is 0xe41bc936 
[13758.272291]  
[13758.380578] IR: [03932] scan key value is 0xe41bc936 
[13758.380583]  
[13758.488882] IR: [03932] scan key value is 0xe41bc936 
[13758.488887]  
[13758.863920] IR: [03932] scan key value is 0xeb14c936 
[13758.863926]  
[13758.916506] IR: [03932] scan key value is 0xeb14c936 
[13758.916510]  
[13759.024814] IR: [03932] scan key value is 0xeb14c936 
[13759.024818]  
[13759.133121] IR: [03932] scan key value is 0xeb14c936 
[13759.133126]  
[13759.241425] IR: [03932] scan key value is 0xeb14c936 
[13759.241429]  
[13759.349730] IR: [03932] scan key value is 0xeb14c936 
[13759.349735]  
[13759.458027] IR: [03932] scan key value is 0xeb14c936 
[13759.458032]  
[13759.566329] IR: [03932] scan key value is 0xeb14c936 
[13759.566335]  
[13759.674636] IR: [03932] scan key value is 0xeb14c936 
[13759.674641]  
[13759.782936] IR: [03932] scan key value is 0xeb14c936 
[13759.782941]  
[13759.891244] IR: [03932] scan key value is 0xeb14c936 
[13759.891249]  
[13759.999533] IR: [03932] scan key value is 0xeb14c936 
[13759.999537]  
[13760.437723] IR: [03932] scan key value is 0xed12c936 
[13760.437728]  
[13760.490310] IR: [03932] scan key value is 0xed12c936 
[13760.490314]  
[13761.280245] IR: [03932] scan key value is 0xed12c936 
[13761.280250]  
[13761.332832] IR: [03932] scan key value is 0xed12c936 
[13761.332837]  
[13761.566041] IR: [03932] scan key value is 0xed12c936 
[13761.566047]  
[13761.618627] IR: [03932] scan key value is 0xed12c936 
[13761.618632]  
[13761.848697] IR: [03932] scan key value is 0xed12c936 
[13761.848702]  
[13761.901281] IR: [03932] scan key value is 0xed12c936 
[13761.901287]  
[13762.118923] IR: [03932] scan key value is 0xed12c936 
[13762.118928]  
[13762.171510] IR: [03932] scan key value is 0xed12c936 
[13762.171515]  
[13762.489570] IR: [03932] scan key value is 0xed12c936 
[13762.489575]  
[13762.542161] IR: [03932] scan key value is 0xed12c936 
[13762.542166]  
[13765.727833] IR: [03932] scan key value is 0xf10ec936 
[13765.727838]  
[13765.780421] IR: [03932] scan key value is 0xf10ec936 
[13765.780426]  
[13801.866915] IR: [03932] scan key value is 0xe41bc936 
[13801.866920]  
[13801.919509] IR: [03932] scan key value is 0xe41bc936 
[13801.919514]  
[13802.027827] IR: [03932] scan key value is 0xe41bc936 
[13802.027831]  
[13802.136144] IR: [03932] scan key value is 0xe41bc936 
[13802.136149]  
[13802.244462] IR: [03932] scan key value is 0xe41bc936 
[13802.244466]  
[13802.352776] IR: [03932] scan key value is 0xe41bc936 
[13802.352781]  
[13802.461088] IR: [03932] scan key value is 0xe41bc936 
[13802.461094]  
[13802.569406] IR: [03932] scan key value is 0xe41bc936 
[13802.569412]  
[13802.677709] IR: [03932] scan key value is 0xe41bc936 
[13802.677713]  
[13802.786017] IR: [03932] scan key value is 0xe41bc936 
[13802.786022]  
[13802.894348] IR: [03932] scan key value is 0xe41bc936 
[13802.894354]  
[13803.002636] IR: [03932] scan key value is 0xe41bc936 
[13803.002641]  
[13803.110940] IR: [03932] scan key value is 0xe41bc936 
[13803.110945]  
[13803.937323] IR: [03932] scan key value is 0xed12c936 
[13803.937329]  
[13803.989902] IR: [03932] scan key value is 0xed12c936 
[13803.989907]  
[13804.098211] IR: [03932] scan key value is 0xed12c936 
[13804.098216]  
[13804.206517] IR: [03932] scan key value is 0xed12c936 
[13804.206523]  
[13804.314826] IR: [03932] scan key value is 0xed12c936 
[13804.314831]  
[13804.946384] IR: [03932] scan key value is 0xed12c936 
[13804.946389]  
[13804.998968] IR: [03932] scan key value is 0xed12c936 
[13804.998973]  
[13805.218520] IR: [03932] scan key value is 0xed12c936 
[13805.218524]  
[13805.271105] IR: [03932] scan key value is 0xed12c936 
[13805.271110]  
[13806.244238] IR: [03932] scan key value is 0xf10ec936 
[13806.244244]  
[14070.780873] IR: [03932] scan key value is 0xf10ec936 
[14070.780879]  
[14070.833455] IR: [03932] scan key value is 0xf10ec936 
[14070.833460]  
[14072.085620] IR: [03932] scan key value is 0xeb14c936 
[14072.085625]  
[14072.138216] IR: [03932] scan key value is 0xeb14c936 
[14072.138221]  
[14072.500398] IR: [03932] scan key value is 0xec13c936 
[14072.500403]  
[14072.552985] IR: [03932] scan key value is 0xec13c936 
[14072.552990]  
[14074.238143] IR: [03932] scan key value is 0xea15c936 
[14074.238147]  
[14074.290737] IR: [03932] scan key value is 0xea15c936 
[14074.290742]  
[14075.137548] IR: [03932] scan key value is 0xeb14c936 
[14075.137554]  
[14075.190139] IR: [03932] scan key value is 0xeb14c936 
[14075.190144]  
[14075.298448] IR: [03932] scan key value is 0xeb14c936 
[14075.298452]  
[14075.406759] IR: [03932] scan key value is 0xeb14c936 
[14075.406763]  
[14075.515064] IR: [03932] scan key value is 0xeb14c936 
[14075.515068]  
[14075.623375] IR: [03932] scan key value is 0xeb14c936 
[14075.623380]  
[14075.731688] IR: [03932] scan key value is 0xeb14c936 
[14075.731692]  
[14075.839994] IR: [03932] scan key value is 0xeb14c936 
[14075.839999]  
[14075.948300] IR: [03932] scan key value is 0xeb14c936 
[14075.948305]  
[14077.632173] IR: [03932] scan key value is 0xea15c936 
[14077.632177]  
[14077.684728] IR: [03932] scan key value is 0xea15c936 
[14077.684733]  
[14077.793064] IR: [03932] scan key value is 0xea15c936 
[14077.793069]  
[14077.901380] IR: [03932] scan key value is 0xea15c936 
[14077.901385]  
[14078.792535] IR: [03932] scan key value is 0xf10ec936 
[14078.792540]  
[14078.845119] IR: [03932] scan key value is 0xf10ec936 
[14078.845124]  
[14080.193960] IR: [03932] scan key value is 0xea15c936 
[14080.193965]  
[14080.246546] IR: [03932] scan key value is 0xea15c936 
[14080.246551]  
[14080.354860] IR: [03932] scan key value is 0xea15c936 
[14080.354865]  
[14080.463167] IR: [03932] scan key value is 0xea15c936 
[14080.463172]  
[14080.571481] IR: [03932] scan key value is 0xea15c936 
[14080.571486]  
[14081.128069] IR: [03932] scan key value is 0xee11c936 
[14081.128074]  
[14081.180652] IR: [03932] scan key value is 0xee11c936 
[14081.180657]  
[14081.418976] IR: [03932] scan key value is 0xee11c936 
[14081.418981]  
[14081.471556] IR: [03932] scan key value is 0xee11c936 
[14081.471561]  
[14081.961261] IR: [03932] scan key value is 0xee11c936 
[14081.961268]  
[14082.013801] IR: [03932] scan key value is 0xee11c936 
[14082.013806]  
[14083.298198] IR: [03932] scan key value is 0xea15c936 
[14083.298203]  
[14083.350788] IR: [03932] scan key value is 0xea15c936 
[14083.350792]  
[14083.797295] IR: [03932] scan key value is 0xee11c936 
[14083.797300]  
[14083.849881] IR: [03932] scan key value is 0xee11c936 
[14083.849886]  
[14085.001369] IR: [03932] scan key value is 0xee11c936 
[14085.001373]  
[14085.053951] IR: [03932] scan key value is 0xee11c936 
[14085.053956]  
[14085.588682] IR: [03932] scan key value is 0xec13c936 
[14085.588687]  
[14085.641311] IR: [03932] scan key value is 0xec13c936 
[14085.641317]  
[14085.749568] IR: [03932] scan key value is 0xec13c936 
[14085.749573]  
[14086.802025] IR: [03932] scan key value is 0xea15c936 
[14086.802030]  
[14086.854614] IR: [03932] scan key value is 0xea15c936 
[14086.854619]  
[14087.056522] IR: [03932] scan key value is 0xea15c936 
[14087.056527]  
[14087.109107] IR: [03932] scan key value is 0xea15c936 
[14087.109113]  
[14087.293649] IR: [03932] scan key value is 0xea15c936 
[14087.293654]  
[14087.346230] IR: [03932] scan key value is 0xea15c936 
[14087.346235]  
[14087.557155] IR: [03932] scan key value is 0xea15c936 
[14087.557160]  
[14087.753502] IR: [03932] scan key value is 0xea15c936 
[14087.753508]  
[14087.806121] IR: [03932] scan key value is 0xea15c936 
[14087.806128]  
[14087.914390] IR: [03932] scan key value is 0xea15c936 
[14087.914394]  
[14088.517139] IR: [03932] scan key value is 0xea15c936 
[14088.517143]  
[14088.569727] IR: [03932] scan key value is 0xea15c936 
[14088.569732]  
[14089.239281] IR: [03932] scan key value is 0xed12c936 
[14089.239286]  
[14089.291872] IR: [03932] scan key value is 0xed12c936 
[14089.291877]  
[14089.729123] IR: [03932] scan key value is 0xed12c936 
[14089.729128]  
[14089.781799] IR: [03932] scan key value is 0xed12c936 
[14089.781805]  
[14090.264926] IR: [03932] scan key value is 0xed12c936 
[14090.264931]  
[14090.317549] IR: [03932] scan key value is 0xed12c936 
[14090.317556]  
[14090.595660] IR: [03932] scan key value is 0xed12c936 
[14090.595666]  
[14090.648247] IR: [03932] scan key value is 0xed12c936 
[14090.648253]  
[14090.862868] IR: [03932] scan key value is 0xed12c936 
[14090.862873]  
[14090.915454] IR: [03932] scan key value is 0xed12c936 
[14090.915459]  
[14091.580976] IR: [03932] scan key value is 0xed12c936 
[14091.580981]  
[14091.633564] IR: [03932] scan key value is 0xed12c936 
[14091.633569]  
[14091.741873] IR: [03932] scan key value is 0xed12c936 
[14091.741878]  
[14091.850181] IR: [03932] scan key value is 0xed12c936 
[14091.850187]  
[14091.958486] IR: [03932] scan key value is 0xed12c936 
[14091.958491]  
[14092.066782] IR: [03932] scan key value is 0xed12c936 
[14092.066786]  
[14092.972370] IR: [03932] scan key value is 0xed12c936 
[14092.972375]  
[14093.024954] IR: [03932] scan key value is 0xed12c936 
[14093.024958]  
[14093.133256] IR: [03932] scan key value is 0xed12c936 
[14093.133261]  
[14093.739251] IR: [03932] scan key value is 0xeb14c936 
[14093.739256]  
[14093.791838] IR: [03932] scan key value is 0xeb14c936 
[14093.791846]  
[14093.900183] IR: [03932] scan key value is 0xeb14c936 
[14093.900190]  
[14094.008446] IR: [03932] scan key value is 0xeb14c936 
[14094.008451]  
[14094.116741] IR: [03932] scan key value is 0xeb14c936 
[14094.116746]  
[14094.225043] IR: [03932] scan key value is 0xeb14c936 
[14094.225047]  
[14094.333348] IR: [03932] scan key value is 0xeb14c936 
[14094.333353]  
[14094.441648] IR: [03932] scan key value is 0xeb14c936 
[14094.441653]  
[14094.549946] IR: [03932] scan key value is 0xeb14c936 
[14094.549951]  
[14094.658249] IR: [03932] scan key value is 0xeb14c936 
[14094.658254]  
[14095.079898] IR: [03932] scan key value is 0xed12c936 
[14095.079903]  
[14095.132526] IR: [03932] scan key value is 0xed12c936 
[14095.132532]  
[14095.424155] IR: [03932] scan key value is 0xed12c936 
[14095.424159]  
[14095.476784] IR: [03932] scan key value is 0xed12c936 
[14095.476791]  
[14095.951687] IR: [03932] scan key value is 0xeb14c936 
[14095.951692]  
[14096.004311] IR: [03932] scan key value is 0xeb14c936 
[14096.004318]  
[14096.112606] IR: [03932] scan key value is 0xeb14c936 
[14096.112613]  
[14096.220914] IR: [03932] scan key value is 0xeb14c936 
[14096.220919]  
[14096.329175] IR: [03932] scan key value is 0xeb14c936 
[14096.329180]  
[14096.912191] IR: [03932] scan key value is 0xed12c936 
[14096.912196]  
[14096.964787] IR: [03932] scan key value is 0xed12c936 
[14096.964793]  
[14098.075160] IR: [03932] scan key value is 0xec13c936 
[14098.075165]  
[14098.127743] IR: [03932] scan key value is 0xec13c936 
[14098.127748]  
[14100.986177] IR: [03932] scan key value is 0xea15c936 
[14100.986182]  
[14101.038729] IR: [03932] scan key value is 0xea15c936 
[14101.038734]  
[14101.147049] IR: [03932] scan key value is 0xea15c936 
[14101.147055]  
[14101.626749] IR: [03932] scan key value is 0xea15c936 
[14101.626754]  
[14101.679330] IR: [03932] scan key value is 0xea15c936 
[14101.679335]  
[14101.787658] IR: [03932] scan key value is 0xea15c936 
[14101.787663]  
[14102.287271] IR: [03932] scan key value is 0xea15c936 
[14102.287276]  
[14102.339852] IR: [03932] scan key value is 0xea15c936 
[14102.339857]  
[14103.022482] IR: [03932] scan key value is 0xee11c936 
[14103.022487]  
[14103.075070] IR: [03932] scan key value is 0xee11c936 
[14103.075074]  
[14104.518847] IR: [03932] scan key value is 0xeb14c936 
[14104.518852]  
[14104.571434] IR: [03932] scan key value is 0xeb14c936 
[14104.571440]  
[14105.102971] IR: [03932] scan key value is 0xee11c936 
[14105.102976]  
[14105.155568] IR: [03932] scan key value is 0xee11c936 
[14105.155574]  
[14106.092954] IR: [03932] scan key value is 0xed12c936 
[14106.092960]  
[14106.145537] IR: [03932] scan key value is 0xed12c936 
[14106.145542]  
[14106.551618] IR: [03932] scan key value is 0xed12c936 
[14106.551624]  
[14106.604200] IR: [03932] scan key value is 0xed12c936 
[14106.604205]  
[14107.195767] IR: [03932] scan key value is 0xea15c936 
[14107.195772]  
[14107.248358] IR: [03932] scan key value is 0xea15c936 
[14107.248363]  
[14107.815424] IR: [03932] scan key value is 0xee11c936 
[14107.815429]  
[14107.868012] IR: [03932] scan key value is 0xee11c936 
[14107.868018]  
[14108.433701] IR: [03932] scan key value is 0xeb14c936 
[14108.433706]  
[14108.486282] IR: [03932] scan key value is 0xeb14c936 
[14108.486287]  
[14108.594585] IR: [03932] scan key value is 0xeb14c936 
[14108.594589]  
[14109.230389] IR: [03932] scan key value is 0xea15c936 
[14109.230394]  
[14109.282979] IR: [03932] scan key value is 0xea15c936 
[14109.282984]  
[14109.828882] IR: [03932] scan key value is 0xeb14c936 
[14109.828887]  
[14109.881471] IR: [03932] scan key value is 0xeb14c936 
[14109.881476]  
[14110.127102] IR: [03932] scan key value is 0xeb14c936 
[14110.127107]  
[14110.179686] IR: [03932] scan key value is 0xeb14c936 
[14110.179692]  
[14110.390279] IR: [03932] scan key value is 0xeb14c936 
[14110.390284]  
[14110.442863] IR: [03932] scan key value is 0xeb14c936 
[14110.442869]  
[14110.878640] IR: [03932] scan key value is 0xeb14c936 
[14110.878645]  
[14110.931228] IR: [03932] scan key value is 0xeb14c936 
[14110.931234]  
[14112.685893] IR: [03932] scan key value is 0xeb14c936 
[14112.685898]  
[14112.738484] IR: [03932] scan key value is 0xeb14c936 
[14112.738489]  
[14113.578607] IR: [03932] scan key value is 0xeb14c936 
[14113.578612]  
[14113.631195] IR: [03932] scan key value is 0xeb14c936 
[14113.631201]  
[14113.739497] IR: [03932] scan key value is 0xeb14c936 
[14113.739501]  
[14114.212646] IR: [03932] scan key value is 0xeb14c936 
[14114.212651]  
[14114.265200] IR: [03932] scan key value is 0xeb14c936 
[14114.265205]  
[14115.694131] IR: [03932] scan key value is 0xed12c936 
[14115.694136]  
[14115.746722] IR: [03932] scan key value is 0xed12c936 
[14115.746727]  
[14116.451615] IR: [03932] scan key value is 0xed12c936 
[14116.451620]  
[14116.504210] IR: [03932] scan key value is 0xed12c936 
[14116.504215]  
[14116.788120] IR: [03932] scan key value is 0xed12c936 
[14116.788125]  
[14116.840708] IR: [03932] scan key value is 0xed12c936 
[14116.840713]  
[14118.230246] IR: [03932] scan key value is 0xeb14c936 
[14118.230251]  
[14118.282835] IR: [03932] scan key value is 0xeb14c936 
[14118.282840]  
[14118.583681] IR: [03932] scan key value is 0xeb14c936 
[14118.583686]  
[14118.636270] IR: [03932] scan key value is 0xeb14c936 
[14118.636275]  
[14118.930022] IR: [03932] scan key value is 0xeb14c936 
[14118.930028]  
[14118.982614] IR: [03932] scan key value is 0xeb14c936 
[14118.982619]  
[14119.190316] IR: [03932] scan key value is 0xeb14c936 
[14119.190321]  
[14119.242900] IR: [03932] scan key value is 0xeb14c936 
[14119.242905]  
[14119.838612] IR: [03932] scan key value is 0xed12c936 
[14119.838617]  
[14119.891201] IR: [03932] scan key value is 0xed12c936 
[14119.891206]  
[14135.455630] IR: [03932] scan key value is 0xed12c936 
[14135.455635]  
[14135.508220] IR: [03932] scan key value is 0xed12c936 
[14135.508224]  
[14136.181528] IR: [03932] scan key value is 0xea15c936 
[14136.181533]  
[14136.234094] IR: [03932] scan key value is 0xea15c936 
[14136.234099]  
[14136.760937] IR: [03932] scan key value is 0xeb14c936 
[14136.760941]  
[14136.813515] IR: [03932] scan key value is 0xeb14c936 
[14136.813520]  
[14136.921800] IR: [03932] scan key value is 0xeb14c936 
[14136.921805]  
[14138.257890] IR: [03932] scan key value is 0xed12c936 
[14138.257895]  
[14138.310473] IR: [03932] scan key value is 0xed12c936 
[14138.310478]  
[14138.723281] IR: [03932] scan key value is 0xed12c936 
[14138.723286]  
[14138.775870] IR: [03932] scan key value is 0xed12c936 
[14138.775875]  
[14139.167755] IR: [03932] scan key value is 0xed12c936 
[14139.167760]  
[14139.220344] IR: [03932] scan key value is 0xed12c936 
[14139.220349]  
[14139.643840] IR: [03932] scan key value is 0xed12c936 
[14139.643845]  
[14139.696402] IR: [03932] scan key value is 0xed12c936 
[14139.696407]  
[14139.944266] IR: [03932] scan key value is 0xed12c936 
[14139.944271]  
[14139.996845] IR: [03932] scan key value is 0xed12c936 
[14139.996850]  
[14140.217133] IR: [03932] scan key value is 0xed12c936 
[14140.217138]  
[14140.269757] IR: [03932] scan key value is 0xed12c936 
[14140.269763]  
[14140.488650] IR: [03932] scan key value is 0xed12c936 
[14140.488656]  
[14140.541199] IR: [03932] scan key value is 0xed12c936 
[14140.541204]  
[14140.759432] IR: [03932] scan key value is 0xed12c936 
[14140.759437]  
[14140.812022] IR: [03932] scan key value is 0xed12c936 
[14140.812029]  
[14141.447639] IR: [03932] scan key value is 0xed12c936 
[14141.447644]  
[14141.500193] IR: [03932] scan key value is 0xed12c936 
[14141.500198]  
[14141.799857] IR: [03932] scan key value is 0xed12c936 
[14141.799862]  
[14141.852434] IR: [03932] scan key value is 0xed12c936 
[14141.852440]  
[14142.221290] IR: [03932] scan key value is 0xed12c936 
[14142.221294]  
[14142.273866] IR: [03932] scan key value is 0xed12c936 
[14142.273870]  
[14143.499400] IR: [03932] scan key value is 0xec13c936 
[14143.499405]  
[14143.551951] IR: [03932] scan key value is 0xec13c936 
[14143.551955]  
[14143.660262] IR: [03932] scan key value is 0xec13c936 
[14143.660267]  
[14145.997233] IR: [03932] scan key value is 0xea15c936 
[14145.997238]  
[14146.049789] IR: [03932] scan key value is 0xea15c936 
[14146.049794]  
[14146.270359] IR: [03932] scan key value is 0xea15c936 
[14146.270364]  
[14146.322912] IR: [03932] scan key value is 0xea15c936 
[14146.322917]  
[14146.525140] IR: [03932] scan key value is 0xea15c936 
[14146.525145]  
[14146.577694] IR: [03932] scan key value is 0xea15c936 
[14146.577698]  
[14146.765435] IR: [03932] scan key value is 0xea15c936 
[14146.765440]  
[14146.817979] IR: [03932] scan key value is 0xea15c936 
[14146.817984]  
[14147.195192] IR: [03932] scan key value is 0xea15c936 
[14147.195197]  
[14147.247740] IR: [03932] scan key value is 0xea15c936 
[14147.247745]  
[14147.975488] IR: [03932] scan key value is 0xee11c936 
[14147.975493]  
[14148.028014] IR: [03932] scan key value is 0xee11c936 
[14148.028019]  
[14148.136322] IR: [03932] scan key value is 0xee11c936 
[14148.136326]  
[14148.320920] IR: [03932] scan key value is 0xee11c936 
[14148.320926]  
[14148.373437] IR: [03932] scan key value is 0xee11c936 
[14148.373443]  
[14149.413634] IR: [03932] scan key value is 0xea15c936 
[14149.413638]  
[14149.577019] IR: [03932] scan key value is 0xea15c936 
[14149.577024]  
[14149.629563] IR: [03932] scan key value is 0xea15c936 
[14149.629567]  
[14150.114766] IR: [03932] scan key value is 0xea15c936 
[14150.114770]  
[14150.167324] IR: [03932] scan key value is 0xea15c936 
[14150.167329]  
[14151.075819] IR: [03932] scan key value is 0xeb14c936 
[14151.075824]  
[14151.128371] IR: [03932] scan key value is 0xeb14c936 
[14151.128375]  
[14151.389597] IR: [03932] scan key value is 0xeb14c936 
[14151.389604]  
[14151.442116] IR: [03932] scan key value is 0xeb14c936 
[14151.442125]  
[14152.116416] IR: [03932] scan key value is 0xeb14c936 
[14152.116420]  
[14152.168981] IR: [03932] scan key value is 0xeb14c936 
[14152.168986]  
[14152.729018] IR: [03932] scan key value is 0xeb14c936 
[14152.729022]  
[14152.781573] IR: [03932] scan key value is 0xeb14c936 
[14152.781578]  
[14155.904678] IR: [03932] scan key value is 0xeb14c936 
[14155.904683]  
[14155.957270] IR: [03932] scan key value is 0xeb14c936 
[14155.957276]  
[14156.369128] IR: [03932] scan key value is 0xed12c936 
[14156.369133]  
[14156.421734] IR: [03932] scan key value is 0xed12c936 
[14156.421741]  
[14156.645838] IR: [03932] scan key value is 0xed12c936 
[14156.645847]  
[14156.698419] IR: [03932] scan key value is 0xed12c936 
[14156.698424]  
[14157.818248] IR: [03932] scan key value is 0xec13c936 
[14157.818252]  
[14157.870801] IR: [03932] scan key value is 0xec13c936 
[14157.870805]  
[14160.800290] IR: [03932] scan key value is 0xeb14c936 
[14160.800295]  
[14160.852806] IR: [03932] scan key value is 0xeb14c936 
[14160.852810]  
[14160.961110] IR: [03932] scan key value is 0xeb14c936 
[14160.961114]  
[14161.844714] IR: [03932] scan key value is 0xed12c936 
[14161.844719]  
[14161.897265] IR: [03932] scan key value is 0xed12c936 
[14161.897270]  
[14162.431637] IR: [03932] scan key value is 0xeb14c936 
[14162.431642]  
[14162.484193] IR: [03932] scan key value is 0xeb14c936 
[14162.484199]  
[14163.288400] IR: [03932] scan key value is 0xf10ec936 
[14163.288405]  
[14163.340987] IR: [03932] scan key value is 0xf10ec936 
[14163.340992]  
[14164.443314] IR: [03932] scan key value is 0xea15c936 
[14164.443318]  
[14164.495865] IR: [03932] scan key value is 0xea15c936 
[14164.495871]  
[14165.108593] IR: [03932] scan key value is 0xeb14c936 
[14165.108598]  
[14165.161177] IR: [03932] scan key value is 0xeb14c936 
[14165.161185]  
[14166.122376] IR: [03932] scan key value is 0xed12c936 
[14166.122381]  
[14166.174944] IR: [03932] scan key value is 0xed12c936 
[14166.174950]  
[14166.644474] IR: [03932] scan key value is 0xec13c936 
[14166.644479]  
[14166.697047] IR: [03932] scan key value is 0xec13c936 
[14166.697052]  
[14169.690067] IR: [03932] scan key value is 0xea15c936 
[14169.690073]  
[14169.742648] IR: [03932] scan key value is 0xea15c936 
[14169.742653]  
[14170.255947] IR: [03932] scan key value is 0xeb14c936 
[14170.255952]  
[14170.308531] IR: [03932] scan key value is 0xeb14c936 
[14170.308536]  
[14170.758157] IR: [03932] scan key value is 0xec13c936 
[14170.758162]  
[14170.810735] IR: [03932] scan key value is 0xec13c936 
[14170.810740]  
[14193.237521] [SD_CTL_TASK] send msg to IMAN: msgid=0x513.
[14193.245809] CW880 :rtsk=0x17, stsk=0x15,msgid=0x1509,msglen=4
[14196.062903] Dest_ip=0xc0a80279,TS_port=1234
[14196.075494] [SD_CTL_TASK] send msg to IMAN: msgid=0x503.
[14196.089817] CW880 :rtsk=0x17, stsk=0x15,msgid=0x504,msglen=24
[14196.096244] [SD_CTL_TASK] send msg to IMAN: msgid=0x1503.
[14196.113846] CW880 :rtsk=0x17, stsk=0x15,msgid=0x1516,msglen=4
[14196.120071] [SD_CTL_TASK] send msg to IMAN: msgid=0x508.
[14196.137778] CW880 :rtsk=0x17, stsk=0x15,msgid=0x1505,msglen=4
[14196.145199] [cw880_cwq2sdio_srv, 2234] set communicate type: 1
[14196.177027] Dest_ip=0xc0a80279,TS_port=1234
[14196.181831] [SD_CTL_TASK] send msg to IMAN: msgid=0x503.
[14196.197796] CW880 :rtsk=0x17, stsk=0x15,msgid=0x504,msglen=24
[14196.206024] [SD_CTL_TASK] send msg to IMAN: msgid=0x1503.
[14196.221779] CW880 :rtsk=0x17, stsk=0x15,msgid=0x1516,msglen=4
[14196.228106] [SD_CTL_TASK] send msg to IMAN: msgid=0x508.
[14196.241783] CW880 :rtsk=0x17, stsk=0x15,msgid=0x1505,msglen=4
[14196.248945] [cw880_cwq2sdio_srv, 2234] set communicate type: 1
[14244.095630] [irq_proc_open][373] -16
[14245.418508] 
[14245.418515] irq_proc_write
[14245.444931] 
[14245.444939] irq_proc_write
[14283.240232] [irq_proc_open][373] -16
[14283.265134] 
[14283.265142] irq_proc_write
[14283.295959] 
[14283.295970] irq_proc_write
[14404.475672] [irq_proc_open][373] -16
[14404.600343] 
[14404.600353] irq_proc_write
[14404.623939] 
[14404.623947] irq_proc_write
[14533.578497] [irq_proc_open][373] -16
[14533.604585] 
[14533.604593] irq_proc_write
[14533.650804] 
[14533.650813] irq_proc_write
[14651.121792] [SD_CTL_TASK] send msg to IMAN: msgid=0x513.
[14651.127409] CW880 :rtsk=0x17, stsk=0x15,msgid=0x1509,msglen=4
[14659.160609] [irq_proc_open][373] -16
[14659.285761] 
[14659.285769] irq_proc_write
[14659.309951] 
[14659.309959] irq_proc_write
[14778.301819] [irq_proc_open][373] -16
[14778.425069] 
[14778.425077] irq_proc_write
[14778.447996] 
[14778.448004] irq_proc_write
[14817.518839] *********** [Normal_MIU0] is still reclaimalbe !! *************
[14817.687359] *********** [Normal_MIU0] is still reclaimalbe !! *************
[14817.880252] *********** [Normal_MIU0] is still reclaimalbe !! *************
[14818.065811] *********** [Normal_MIU0] is still reclaimalbe !! *************
[14891.408401] IR: [03932] scan key value is 0xec13c936 
[14891.408407]  
[14891.460979] IR: [03932] scan key value is 0xec13c936 
[14891.460984]  
[14892.693502] IR: [03932] scan key value is 0xeb14c936 
[14892.693507]  
[14892.746090] IR: [03932] scan key value is 0xeb14c936 
[14892.746095]  
[14893.453672] IR: [03932] scan key value is 0xed12c936 
[14893.453676]  
[14893.506264] IR: [03932] scan key value is 0xed12c936 
[14893.506270]  
[14894.221257] IR: [03932] scan key value is 0xec13c936 
[14894.221262]  
[14894.273842] IR: [03932] scan key value is 0xec13c936 
[14894.273847]  
[14894.568905] IR: [03932] scan key value is 0xec13c936 
[14894.568911]  
[14894.621496] IR: [03932] scan key value is 0xec13c936 
[14894.621502]  
[14894.729785] IR: [03932] scan key value is 0xec13c936 
[14894.729790]  
[14895.881633] binder: 7702: binder_alloc_buf, no vma
[14895.886684] binder: 939:950 transaction failed 29201, size 92-4
[14895.899681] binder: 7702: binder_alloc_buf, no vma
[14895.904538] binder: 939:950 transaction failed 29201, size 92-4
[14895.916956] binder: 7702: binder_alloc_buf, no vma
[14895.921832] binder: 939:950 transaction failed 29201, size 92-4
[14895.934272] binder: 7702: binder_alloc_buf, no vma
[14895.939136] binder: 939:950 transaction failed 29201, size 92-4
[14896.184020] write to/dev/block/mmcblk1 14 bytes
[14896.189813] Restarting system with command 'reboot'.
[14896.195058] ================================================================================
[14896.203626]  SMP Send Stop Other CPU!
[14896.207319] ================================================================================
[*BIST OK
BIST OK
ALL BIST OK!!
[3456789A][456789ABC][3456789A][56789ABC] 5767
[0123456789ABCDEF][0123456789ABCDEF][3456789AB][56789ABCD] 5767
HAL_MIU_INIT2
Hello PM51...
MDrv_BDMA_Init OK..

bdma start .......

wait done.......

Bdma is done!

run code in dram
HAL_MB_Unmask_Cpu3_2_Cpu0
UART_115200[AutoTest][Mboot][start Sboot][0]__D[AutoTest][MBoot][start UBoot][367]

U-Boot 2011.06-svn7258 (Mar 06 2013 - 20:03:35)

CPU  : AMBER3
Board: BD_MST029B_BOX

Hello U-Boot
DRAM:  256 MiB
SPI:  Flash is detected (0x0914, 0x1C, 0x70, 0x15)
MDrv_SERFLASH_GetInfo()
        u32AccessWidth = 1
        u32TotalSize   = 2097152
        u32SecNum      = 32
        u32SecSize     = 65536
spi_init: cfg_env_offset: 0x1e0000, at 551
uboot held at [4f000000~50000000]
MMC:    [ eMMC_pads_switch() ] eMMC pads: BYPASS
eMMC 3775MB
Mstar-eMMC: 0, 7733240 blocks
In:    serial
Out:   serial
Err:   serial
Net:   No ethernet found.
[CSBLFlashReadFromSpi] cmd: spi rdc 0x4EDDDEB8 0x1c0000 0xA 
offset 0x1c0000, size 0xa
Flash is detected (0x0914, 0x1C, 0x70, 0x15)
initialization done!
0xf1,0xf2, 0xf3, 0xf4, nRet = 0
a0:a8:2f:ab:5:13
get Mac From Flash
Saving Environment to SPI Flash...
Flash is detected (0x0914, 0x1C, 0x70, 0x15)
Write addr=0x001e0000, size=0x00010000
Write addr=0x001f0000, size=0x00010000
 Get MAC from ethaddr env
MAC:  0xa0: 0xa8: 0x2f: 0xab:0x5: 0x13

  ===========================================================

  -------------------MstarDrvInit----------------------------

  ===========================================================
Flash is detected (0x0914, 0x1C, 0x70, 0x15)
initialization done!
MDrv_SERFLASH_GetInfo()
        u32AccessWidth = 1
        u32TotalSize   = 2097152
        u32SecNum      = 32
        u32SecSize     = 65536
offset 0x30070, size 0x4
mmc change mount : tvservice
Size of file "/config/sys.ini" from mmc device 0 partition tvservice: 986 bytes
Loading file "/config/sys.ini" at offset 0x0 from mmc device 0 partition tvservice
986 bytes read
sizeof( sys ini script ) --------> 986 bytes
Half model.ini path --> /config/model/Customer_1.ini
Full model.ini  path --> /config/model/Customer_1.ini
Full Customer.ini for keypad path --> /config/model/Customer_1.ini
Size of file "/config/model/Customer_1.ini" from mmc device 0 partition tvservice: 9011 bytes
Loading file "/config/model/Customer_1.ini" at offset 0x0 from mmc device 0 partition tvservice
9011 bytes read
sizeof( model ini script ) --------> 9011 bytes
Half panel.ini path --> /config/panel/FullHD_CMO216_H1L01_720P.ini
Full panel.ini  path --> /config/panel/FullHD_CMO216_H1L01_720P.ini
swing_level -> [250]
mmc change mount : tvcustomer
Size of file "/Customer/boot.ini" from mmc device 0 partition tvcustomer: 232 bytes
Loading file "/Customer/boot.ini" at offset 0x0 from mmc device 0 partition tvcustomer
232 bytes read
sizeof( boot ini script ) --------> 232 bytes
gMusicPath --> /Customer/boot0.mp3
gLogoPath --> /Customer/boot0.jpg
music_vol -> [0x30]
mmc change mount : tvcustomer
Size of file "/Customer/boot0.jpg" from mmc device 0 partition tvcustomer: 97067 bytes
Size of file "/Customer/boot0.mp3" from mmc device 0 partition tvcustomer: 161280 bytes
offset 0x120000, size 0x10000
offset 0x120000, size 0x10000
Erasing...
Writing...
Verifying...OK !!!
Size of file "/Customer/boot0.jpg" from mmc device 0 partition tvcustomer: 97067 bytes
Loading file "/Customer/boot0.jpg" at offset 0x0 from mmc device 0 partition tvcustomer
97067 bytes read
offset 0x120000, size 0x10000
offset 0x120000, size 0x10000
Erasing...
Writing...
Verifying...OK !!!
offset 0x130000, size 0x10000
offset 0x130000, size 0x10000
Erasing...
Writing...
Verifying...OK !!!
Size of file "/Customer/boot0.mp3" from mmc device 0 partition tvcustomer: 161280 bytes
Loading file "/Customer/boot0.mp3" at offset 0x0 from mmc device 0 partition tvcustomer
161280 bytes read
music_offset = 0x137b53 music_size = 0x27600
offset 0x130000, size 0x10000
offset 0x130000, size 0x10000
Erasing...
Writing...
Verifying...OK !!!
offset 0x140000, size 0x10000
offset 0x140000, size 0x10000
Erasing...
Writing...
Verifying...OK !!!
offset 0x150000, size 0x10000
offset 0x150000, size 0x10000
Erasing...
Writing...
Verifying...OK !!!
mmc change mount : tvservice
Size of file "/config/panel/FullHD_CMO216_H1L01_720P.ini" from mmc device 0 partition tvservice: 17094 bytes
Loading file "/config/panel/FullHD_CMO216_H1L01_720P.ini" at offset 0x0 from mmc device 0 partition tvservice
17094 bytes read
sizeof( panel ini script ) --------> 17094 bytes
u32PeriodPWM = 65535 
u32DutyPWM = 0x8000
mirrormode = 0
offset 0x150000, size 0x10000
offset 0x150000, size 0x10000
Erasing...
Writing...
Verifying...OK !!!
Flash is detected (0x0914, 0x1C, 0x70, 0x15)
Write addr=0x001e0000, size=0x00010000
Write addr=0x001f0000, size=0x00010000
Flash is detected (0x0914, 0x1C, 0x70, 0x15)
Write addr=0x001e0000, size=0x00010000
Write addr=0x001f0000, size=0x00010000
MDrv_PNL_Init u32PnlRiuBaseAddr = 1f200000
MDrv_PNL_Init u32PMRiuBaseAddr = 1f000000
[XC,Version] 
 ====================
First GOP driver instance, flush GWIN HW
====================

[GOP_ALL][Driver Version]: 0086, BuildNum: 0005, ChangeList: 00000370
--------------test------------VE_BUFFER_ADDR = 0x15ec0000
@@@@@@ u32CpuSpeedMHz= 1008 MHz
[QQL]>>>>lvds2hdmiThread!---Silicon Image!
[QQL]>>>>Sil9022A_TPI_Init()
[QQL]>>>>TxHW_Reset()
[QQL]>>Sil9022A_TXHAL_InitPostReset!
>>StartTPI()
0x9022
[QQL]>>>>T_Monitor!-----9
[QQL]>>>>T_Monitor!-----8
[QQL]>>>>T_Monitor!-----7
[QQL]>>>HPD  -> [QQL]>>HDMI Connected (
[QQL]>>GetDDC_Access()
[QQL]>>sysCtrl=10

[QQL]>>001 EDID DATA (Segment = 0 Block = 0 Offset = 0):
00 FF FF FF FF FF FF 00 53 4F 00 32 01 01 01 01 
00 16 01 03 80 46 27 78 0A D3 AD A3 58 4E A3 24 
11 47 4A A5 CF 00 81 80 01 01 01 01 01 01 01 01 
01 01 01 01 01 01 66 21 56 AA 51 00 1E 30 46 8F 
33 00 B9 88 21 00 00 1E 1A 36 80 A0 70 38 1F 40 
30 20 25 00 B9 88 21 00 00 1E 00 00 00 FC 00 53 
6D 61 72 74 20 54 56 0A 20 20 20 20 00 00 00 FD 
00 17 4C 0F 51 0F 00 0A 20 20 20 20 20 20 01 E5 


 [QQL]>>Parsing Established Timing:
===========================
[QQL]>>720 x 400 @ 70Hz
[QQL]>>640 x 480 @ 60Hz
[QQL]>>640 x 480 @ 75Hz
[QQL]>>800 x 400 @ 60Hz
[QQL]>>800 x 600 @ 72Hz
[QQL]>>800 x 600 @ 75Hz
[QQL]>>1024 x 768 @ 60Hz
[QQL]>>1024 x 768 @ 70Hz
[QQL]>>1024 x 768 @ 75Hz
[QQL]>>1280 x 1024 @ 75Hz
[QQL]>>Parsing Standard Timing:
========================
[QQL]>>Horizontal Active pixels: 1280
[QQL]>>Aspect Ratio: [QQL]>>5:4
[QQL]>>Standard Timing Undefined
[QQL]>>Standard Timing Undefined
[QQL]>>Standard Timing Undefined



[QQL]>>Parse Results, EDID Block #0, Detailed Descriptor Number 1:
===========================================================

[QQL]>>Pixel Clock (MHz * 100): 8550
[QQL]>>Horizontal Active Pixels: 1366
[QQL]>>Horizontal Blanking (Pixels): 426
[QQL]>>Vertical Active (Lines): 768
[QQL]>>Vertical Blanking (Lines): 30
[QQL]>>Horizontal Sync Offset (Pixels): 70
[QQL]>>Horizontal Sync Pulse Width (Pixels): 143
[QQL]>>Vertical Sync Offset (Lines): 3
[QQL]>>Vertical Sync Pulse Width (Lines): 3
[QQL]>>Horizontal Image Size (mm): 697
[QQL]>>Vertical Image Size (mm): 392
[QQL]>>Horizontal Border (Pixels): 0
[QQL]>>Vertical Border (Lines): 0
[QQL]>>Non-Interlaced
[QQL]>>Normal Display, No Stereo
[QQL]>>Digital Separate




[QQL]>>Parse Results, EDID Block #0, Detailed Descriptor Number 2:
===========================================================

[QQL]>>Pixel Clock (MHz * 100): 13850
[QQL]>>Horizontal Active Pixels: 1920
[QQL]>>Horizontal Blanking (Pixels): 160
[QQL]>>Vertical Active (Lines): 1080
[QQL]>>Vertical Blanking (Lines): 31
[QQL]>>Horizontal Sync Offset (Pixels): 48
[QQL]>>Horizontal Sync Pulse Width (Pixels): 32
[QQL]>>Vertical Sync Offset (Lines): 2
[QQL]>>Vertical Sync Pulse Width (Lines): 5
[QQL]>>Horizontal Image Size (mm): 697
[QQL]>>Vertical Image Size (mm): 392
[QQL]>>Horizontal Border (Pixels): 0
[QQL]>>Vertical Border (Lines): 0
[QQL]>>Non-Interlaced
[QQL]>>Normal Display, No Stereo
[QQL]>>Digital Separate

[QQL]>>Monitor Name: [QQL]>>S[QQL]>>m[QQL]>>a[QQL]>>r[QQL]>>t[QQL]>> [QQL]>>T[QQL]>>V[QQL]>>
[QQL]>> [QQL]>> [QQL]>> [QQL]>> 
[QQL]>>Monitor Range Limits:

[QQL]>>Min Vertical Rate in Hz: 23
Max Vertical Rate in Hz: 76
[QQL]>>Min Horizontal Rate in Hz: 15
[QQL]>>Max Horizontal Rate in Hz: 81
[QQL]>>Max Supported pixel clock rate in MHz/10: 15
[QQL]>>Tag for secondary timing formula (00h=not used): 0
[QQL]>>Min Vertical Rate in Hz 10

[QQL]>>EDID -> No 861 Extensions = 1

[QQL]>>EDID DATA (Segment = 0 Block = 1 Offset = 128):
[QQL]>>02 [QQL]>>03 [QQL]>>21 [QQL]>>F2 [QQL]>>4B [QQL]>>01 [QQL]>>03 [QQL]>>02 [QQL]>>10 [QQL]>>05 [QQL]>>20 [QQL]>>84 [QQL]>>07 [QQL]>>06 [QQL]>>09 [QQL]>>08 
[QQL]>>26 [QQL]>>09 [QQL]>>17 [QQL]>>07 [QQL]>>11 [QQL]>>17 [QQL]>>50 [QQL]>>83 [QQL]>>01 [QQL]>>00 [QQL]>>00 [QQL]>>65 [QQL]>>03 [QQL]>>0C [QQL]>>00 [QQL]>>30 
[QQL]>>00 [QQL]>>02 [QQL]>>3A [QQL]>>80 [QQL]>>18 [QQL]>>71 [QQL]>>38 [QQL]>>2D [QQL]>>40 [QQL]>>58 [QQL]>>2C [QQL]>>45 [QQL]>>00 [QQL]>>B9 [QQL]>>88 [QQL]>>21 
[QQL]>>00 [QQL]>>00 [QQL]>>1E [QQL]>>01 [QQL]>>1D [QQL]>>80 [QQL]>>18 [QQL]>>71 [QQL]>>1C [QQL]>>16 [QQL]>>20 [QQL]>>58 [QQL]>>2C [QQL]>>25 [QQL]>>00 [QQL]>>B9 
[QQL]>>88 [QQL]>>21 [QQL]>>00 [QQL]>>00 [QQL]>>9E [QQL]>>01 [QQL]>>1D [QQL]>>00 [QQL]>>72 [QQL]>>51 [QQL]>>D0 [QQL]>>1E [QQL]>>20 [QQL]>>6E [QQL]>>28 [QQL]>>55 
[QQL]>>00 [QQL]>>B9 [QQL]>>88 [QQL]>>21 [QQL]>>00 [QQL]>>00 [QQL]>>1E [QQL]>>8C [QQL]>>0A [QQL]>>D0 [QQL]>>8A [QQL]>>20 [QQL]>>E0 [QQL]>>2D [QQL]>>10 [QQL]>>10 
[QQL]>>3E [QQL]>>96 [QQL]>>00 [QQL]>>B9 [QQL]>>88 [QQL]>>21 [QQL]>>00 [QQL]>>00 [QQL]>>18 [QQL]>>00 [QQL]>>00 [QQL]>>00 [QQL]>>00 [QQL]>>00 [QQL]>>00 [QQL]>>00 
[QQL]>>00 [QQL]>>00 [QQL]>>00 [QQL]>>00 [QQL]>>00 [QQL]>>00 [QQL]>>00 [QQL]>>00 [QQL]>>00 [QQL]>>00 [QQL]>>00 [QQL]>>00 [QQL]>>00 [QQL]>>00 [QQL]>>00 [QQL]>>99 

[QQL]>>EDID -> Short Descriptor Video Block
[QQL]>>EDID -> Short Descriptor Audio Block
[QQL]>>EDID -> Short Descriptor Speaker Allocation Block
[QQL]>>EDID -> Short Descriptor Vendor Block

===============================================================
[QQL]>>Pixel Clock (MHz * 100): 14850
[QQL]>>Horizontal Active Pixels: 1920
[QQL]>>Horizontal Blanking (Pixels): 280
[QQL]>>Vertical Active (Lines): 1080
[QQL]>>Vertical Blanking (Lines): 45
[QQL]>>Horizontal Sync Offset (Pixels): 88
[QQL]>>Horizontal Sync Pulse Width (Pixels): 44
[QQL]>>Vertical Sync Offset (Lines): 4
[QQL]>>Vertical Sync Pulse Width (Lines): 5
[QQL]>>Horizontal Image Size (mm): 697
[QQL]>>Vertical Image Size (mm): 392
[QQL]>>Horizontal Border (Pixels): 0
[QQL]>>Vertical Border (Lines): 0
[QQL]>>Non-Interlaced
[QQL]>>Normal Display, No Stereo
[QQL]>>Digital Separate

===============================================================
[QQL]>>Pixel Clock (MHz * 100): 7425
[QQL]>>Horizontal Active Pixels: 1920
[QQL]>>Horizontal Blanking (Pixels): 280
[QQL]>>Vertical Active (Lines): 540
[QQL]>>Vertical Blanking (Lines): 22
[QQL]>>Horizontal Sync Offset (Pixels): 88
[QQL]>>Horizontal Sync Pulse Width (Pixels): 44
[QQL]>>Vertical Sync Offset (Lines): 2
[QQL]>>Vertical Sync Pulse Width (Lines): 5
[QQL]>>Horizontal Image Size (mm): 697
[QQL]>>Vertical Image Size (mm): 392
[QQL]>>Horizontal Border (Pixels): 0
[QQL]>>Vertical Border (Lines): 0
[QQL]>>Interlaced
[QQL]>>Normal Display, No Stereo
[QQL]>>Digital Separate

===============================================================
[QQL]>>Pixel Clock (MHz * 100): 7425
[QQL]>>Horizontal Active Pixels: 1280
[QQL]>>Horizontal Blanking (Pixels): 370
[QQL]>>Vertical Active (Lines): 720
[QQL]>>Vertical Blanking (Lines): 30
[QQL]>>Horizontal Sync Offset (Pixels): 110
[QQL]>>Horizontal Sync Pulse Width (Pixels): 40
[QQL]>>Vertical Sync Offset (Lines): 5
[QQL]>>Vertical Sync Pulse Width (Lines): 5
[QQL]>>Horizontal Image Size (mm): 697
[QQL]>>Vertical Image Size (mm): 392
[QQL]>>Horizontal Border (Pixels): 0
[QQL]>>Vertical Border (Lines): 0
[QQL]>>Non-Interlaced
[QQL]>>Normal Display, No Stereo
[QQL]>>Digital Separate

===============================================================
[QQL]>>Pixel Clock (MHz * 100): 2700
[QQL]>>Horizontal Active Pixels: 720
[QQL]>>Horizontal Blanking (Pixels): 138
[QQL]>>Vertical Active (Lines): 480
[QQL]>>Vertical Blanking (Lines): 45
[QQL]>>Horizontal Sync Offset (Pixels): 16
[QQL]>>Horizontal Sync Pulse Width (Pixels): 62
[QQL]>>Vertical Sync Offset (Lines): 9
[QQL]>>Vertical Sync Pulse Width (Lines): 6
[QQL]>>Horizontal Image Size (mm): 697
[QQL]>>Vertical Image Size (mm): 392
[QQL]>>Horizontal Border (Pixels): 0
[QQL]>>Vertical Border (Lines): 0
[QQL]>>Non-Interlaced
[QQL]>>Normal Display, No Stereo
[QQL]>>Digital Separate

===============================================================
[QQL]>>No More Detailed descriptors in this block

[QQL]>>EDID -> Parse OK
[QQL]>>ReleaseDDC()
[QQL]>>resolution_index = 2
[QQL]>>VideoDescriptor = 1
[QQL]>>VideoDescriptor = 3
[QQL]>>VideoDescriptor = 2
[QQL]>>VideoDescriptor = 16
[QQL]>>VideoDescriptor = 5
[QQL]>>VideoDescriptor = 32
[QQL]>>VideoDescriptor = 132
[QQL]>>VideoDescriptor = 7
[QQL]>>VideoDescriptor = 6
[QQL]>>VideoDescriptor = 9
[QQL]>>VideoDescriptor = 8
[QQL]>>VideoDescriptor = 0
[QQL]>>VideoDescriptor = 0
[QQL]>>VideoDescriptor = 0
[QQL]>>VideoDescriptor = 0
[QQL]>>VideoDescriptor = 0
[QQL]>>VideoDescriptor = 0
[QQL]>>VideoDescriptor = 0
[QQL]>>VideoDescriptor = 0
[QQL]>>VideoDescriptor = 0
[QQL]>>boot with 720P
[QQL]>>HDMI Sink)
[QQL]>>DSRX -> Powered Up
[QQL]>>>>>>Sil9022A_HotPlugService()
[QQL]>>>>>>DisableInterrupts()
[QQL]>>>>>>Sil9022A_ChangeVideoMode()
[QQL]>>TMDS -> Disabled
[QQL]>>>>>>Sil9022A_InitVideo()
[QQL]>>TX Power State D0
[QQL]>>>>>>SiL9022A_SetAVI_InfoFrames()
[QQL]>>TMDS -> Enabled
[QQL]>>>>>>SiL9022A_SetAudioMode()
[QQL]>>>>>>SiL9022A_IsAudioModeSupported()
[QQL]>>>>>>Sil9022A_SetAudioMute()
[QQL]>>>>>>Sil9022A_SetAudioMute()
[QQL]>>>>>>SiL9022A_SetAudioInfoFrames()
[QQL]>>>>>>SiL9022A_ConfigI2SInput()
[QQL]>>>>>>SiL9022A_MapI2S()
[QQL]>>>>>>SiL9022A_SetI2S_StreamHeader()
[QQL]>>>>>>Sil9022A_EnableInterrupts()
[QQL]>>>>T_Monitor!-----6
[QQL]>>>>T_Monitor!-----5
[QQL]>>>>T_Monitor!-----4
[QQL]>>>>T_Monitor!-----3
[QQL]>>>>T_Monitor!-----2
[QQL]>>>>T_Monitor!-----1
[QQL]>>>>T_Monitor!-----0


-------------set usb upgrade----------------[SetUsbUpgrade] 


[SetUsbUpgrade] cmd: setenv upgrade_mode usb
[SetUsbUpgrade] cmd: setenv usb_upgrade 1
[SetUsbUpgrade] cmd: setenv usb_upgrade_exhub_port 0
[SetUsbUpgrade] cmd: setenv usb_upgrade_path MstarUpgrade.bin
[SetUsbUpgrade] cmd: setenv usb_upgrade_port 2
------------Coship IR Check-------------
fore uup IRKey [0xff]
---------no upgrade info--------
[CSBLFlashRead] cmd: mmc read.p 0x4EDF0890 sysdata 0x20000 

MMC read: dev # 0, block # 3812608, count 256 ... 256 blocks read: OK
[CSBLFlashRead] cmd: mmc read.p 0x4EDDD420 loaderpt 0x200 

MMC read: dev # 0, block # 3813376, count 1 ... 1 blocks read: OK
[verify loaderpt]CRC=0xb4cafceb,loadpt.crc=0xb4cafceb
OTA Status:
[0x0]  STATUS_NONE  
[0x1]  STATUS_ENABLE 
[0x2]  STATUS_RESUME_LAST 
[0x3]  STATUS_FORCE 
Current OTA status:0x1

Booting recovery mode......
in sysdata-bootargs = console=ttyS0,115200 androidboot.console=ttyS0 root=/dev/ram rw rootwait init=/init LX_MEM=0x13500000 EMAC_MEM=0x100000 DRAM_LEN=0x20000000 LX_MEM2=0x0A2B00000,0x019C00000 quiet resolution=DACOUT_1080P_50  BOOTLOGO_IN_MBOOT ENV=SERIAL

to kernel bootargs = console=ttyS0,115200 androidboot.console=ttyS0 root=/dev/ram rw rootwait init=/init LX_MEM=0x13500000 EMAC_MEM=0x100000 DRAM_LEN=0x20000000 LX_MEM2=0x0A2B00000,0x019C00000 quiet  BOOTLOGO_IN_MBOOT ENV=SERIAL resolution=DACOUT_720P_50
 bootcmd = mmc read.p 0x45000000 recovery 0xa00000; bootm 0x45000000
[CSBL_Load_UpdatePhoto2Dram] cmd: mmc read.p 0x4EDDD824 updatelogo 0x4 

MMC read: dev # 0, block # 3842304, count 0 ... 1 blocks read: OK
[CSBL_Load_UpdatePhoto2Dram] cmd: mmc read.p 0x65B2C000 updatelogo 0x180000 

MMC read: dev # 0, block # 3842304, count 3072 ... 3072 blocks read: OK
-------logo size u32LogoSize = 1572864
!!! Func = do_bootlogo, Line = 391
!!! Func = do_bootlogo, Line = 398
[AutoTest][MBoot][JPD Decode]
GE_SetOnePixelMode
[GOP0][Driver Version]: 0086, BuildNum: 0005, ChangeList: 00000370
[AutoTest][MBoot][Show Logo]

  ===========================================================

  --------------------MstarProcess---------------------------

  ===========================================================

Changelist:     00112233
============= set bootargs ===============
Hit any key to stop autoboot:  0 
boot_mode_recovery: at 136

MMC read: dev # 0, block # 15360, count 20480 ... 20480 blocks read: OK
## Booting kernel from Legacy Image at 45000000 ...
   Image Name:   MStar-linux(recovery)
   Image Type:   ARM Linux Multi-File Image (uncompressed)
   Data Size:    6392385 Bytes = 6.1 MiB
   Load Address: 40208000
   Entry Point:  40208000
   Contents:
      Image 0: 3693876 Bytes = 3.5 MiB
      Image 1: 2698497 Bytes = 2.6 MiB
## Loading init Ramdisk from multi component Legacy Image at 45000000 ...
## Flattened Device Tree from multi component Image at 45000000
   Loading Multi-File Image ... OK
[AutoTest][MBoot][start Kernel][15172]

Starting kernel   ...

Kernel Protect Index[0] LX[0x200000][0x13700000] 
Kernel Protect Index[0] LX[0x62b00000][0x7c700000] 
Uncompressing Linux CL $Change: 635720 $... and Mstar driver CL $Change: 635720 $ done, booting the kernel.
[    0.054991] eMMC Info: has SD, 2012/11/14 
[    0.315023] [SERIAL INPUT MANAGE] disable_serial : ~~bye(len:5)
[    0.320971] [SERIAL INPUT MANAGE] enable_serial : (len: 0)
[    0.326471] [KDEBUGD] enter : _MStar
[    0.326475] 
[    0.332635] [SERIAL INPUT MANAGE] Managed tty_struct(.name:ttyS0) is freed !!!
[    0.423605] [SERIAL INPUT MANAGE] disable_serial : ~~bye(len:5)
[    0.429602] [SERIAL INPUT MANAGE] enable_serial : (len: 0)
[    0.435114] [KDEBUGD] enter : _MStar
[    0.435117] 
[    0.440369] [SERIAL INPUT MANAGE] Managed tty_struct(.name:ttyS0) is freed !!!
[    0.447684] [SERIAL INPUT MANAGE] disable_serial : ~~bye(len:5)
[    0.453633] [SERIAL INPUT MANAGE] enable_serial : (len: 0)
[    0.459140] [KDEBUGD] enter : _MStar
[    0.459144] 




             A N D R O I D 



[    0.472300] [SERIAL INPUT MANAGE] Managed tty_struct(.name:ttyS0) is freed !!!
[    0.509172] [SERIAL INPUT MANAGE] disable_serial : ~~bye(len:5)
[    0.515142] [SERIAL INPUT MANAGE] enable_serial : (len: 0)
[    0.520652] [KDEBUGD] enter : _MStar
[    0.520656] 
/ # [   27.411689] *********** [Normal_MIU0] is still reclaimalbe !! *************
[   27.418975] *********** [Normal_MIU0] is still reclaimalbe !! *************
[   27.426144] *********** [Normal_MIU0] is still reclaimalbe !! *************
[   27.433301] *********** [Normal_MIU0] is still reclaimalbe !! *************
[   27.448492] *********** [Normal_MIU0] is still reclaimalbe !! *************
[   27.464477] *********** [Normal_MIU0] is still reclaimalbe !! *************
[   27.480467] *********** [Normal_MIU0] is still reclaimalbe !! *************
[   27.495385] *********** [Normal_MIU0] is still reclaimalbe !! *************
[   27.502558] *********** [Normal_MIU0] is still reclaimalbe !! *************
[   83.690430] Restarting system.
[   83.693557] ================================================================================
[   83.702039]  SMP Send Stop Other CPU!
[   83.705738] ================================================================================
[*BIST OK
BIST OK
ALL BIST OK!!
[3456789A][456789ABC][3456789AB][56789ABC] 5767
[0123456789ABCDEF][0123456789ABCDEF][3456789AB][56789ABCD] 5767
HAL_MIU_INIT2
Hello PM51...
MDrv_BDMA_Init OK..

bdma start .......

wait done.......

Bdma is done!

run code in dram
HAL_MB_Unmask_Cpu3_2_Cpu0
UART_115200[AutoTest][Mboot][start Sboot][0]__D[AutoTest][MBoot][start UBoot][367]

U-Boot 2011.06-svn7258 (Mar 06 2013 - 20:03:35)

CPU  : AMBER3
Board: BD_MST029B_BOX

Hello U-Boot
DRAM:  256 MiB
SPI:  Flash is detected (0x0914, 0x1C, 0x70, 0x15)
MDrv_SERFLASH_GetInfo()
        u32AccessWidth = 1
        u32TotalSize   = 2097152
        u32SecNum      = 32
        u32SecSize     = 65536
spi_init: cfg_env_offset: 0x1e0000, at 551
uboot held at [4f000000~50000000]
MMC:    [ eMMC_pads_switch() ] eMMC pads: BYPASS
eMMC 3775MB
Mstar-eMMC: 0, 7733240 blocks
In:    serial
Out:   serial
Err:   serial
Net:   No ethernet found.
[CSBLFlashReadFromSpi] cmd: spi rdc 0x4EDDDEB8 0x1c0000 0xA 
offset 0x1c0000, size 0xa
Flash is detected (0x0914, 0x1C, 0x70, 0x15)
initialization done!
0xf1,0xf2, 0xf3, 0xf4, nRet = 0
a0:a8:2f:ab:5:13
get Mac From Flash
Saving Environment to SPI Flash...
Flash is detected (0x0914, 0x1C, 0x70, 0x15)
Write addr=0x001e0000, size=0x00010000
Write addr=0x001f0000, size=0x00010000
 Get MAC from ethaddr env
MAC:  0xa0: 0xa8: 0x2f: 0xab:0x5: 0x13

  ===========================================================

  -------------------MstarDrvInit----------------------------

  ===========================================================
Flash is detected (0x0914, 0x1C, 0x70, 0x15)
initialization done!
MDrv_SERFLASH_GetInfo()
        u32AccessWidth = 1
        u32TotalSize   = 2097152
        u32SecNum      = 32
        u32SecSize     = 65536
offset 0x30070, size 0x4
offset 0x120000, size 0x28
Flash is detected (0x0914, 0x1C, 0x70, 0x15)
Write addr=0x001e0000, size=0x00010000
Write addr=0x001f0000, size=0x00010000
MDrv_PNL_Init u32PnlRiuBaseAddr = 1f200000
MDrv_PNL_Init u32PMRiuBaseAddr = 1f000000
[XC,Version] 
 ====================
First GOP driver instance, flush GWIN HW
====================

[GOP_ALL][Driver Version]: 0086, BuildNum: 0005, ChangeList: 00000370
--------------test------------VE_BUFFER_ADDR = 0x15ec0000
@@@@@@ u32CpuSpeedMHz= 1008 MHz
[QQL]>>>>lvds2hdmiThread!---Silicon Image!
[QQL]>>>>Sil9022A_TPI_Init()
[QQL]>>>>TxHW_Reset()
[QQL]>>Sil9022A_TXHAL_InitPostReset!
>>StartTPI()
0x9022
[QQL]>>>>T_Monitor!-----9
[QQL]>>>>T_Monitor!-----8
[QQL]>>>>T_Monitor!-----7
[QQL]>>>HPD  -> [QQL]>>HDMI Connected (
[QQL]>>GetDDC_Access()
[QQL]>>sysCtrl=10

[QQL]>>001 EDID DATA (Segment = 0 Block = 0 Offset = 0):
00 FF FF FF FF FF FF 00 53 4F 00 32 01 01 01 01 
00 16 01 03 80 46 27 78 0A D3 AD A3 58 4E A3 24 
11 47 4A A5 CF 00 81 80 01 01 01 01 01 01 01 01 
01 01 01 01 01 01 66 21 56 AA 51 00 1E 30 46 8F 
33 00 B9 88 21 00 00 1E 1A 36 80 A0 70 38 1F 40 
30 20 25 00 B9 88 21 00 00 1E 00 00 00 FC 00 53 
6D 61 72 74 20 54 56 0A 20 20 20 20 00 00 00 FD 
00 17 4C 0F 51 0F 00 0A 20 20 20 20 20 20 01 E5 


 [QQL]>>Parsing Established Timing:
===========================
[QQL]>>720 x 400 @ 70Hz
[QQL]>>640 x 480 @ 60Hz
[QQL]>>640 x 480 @ 75Hz
[QQL]>>800 x 400 @ 60Hz
[QQL]>>800 x 600 @ 72Hz
[QQL]>>800 x 600 @ 75Hz
[QQL]>>1024 x 768 @ 60Hz
[QQL]>>1024 x 768 @ 70Hz
[QQL]>>1024 x 768 @ 75Hz
[QQL]>>1280 x 1024 @ 75Hz
[QQL]>>Parsing Standard Timing:
========================
[QQL]>>Horizontal Active pixels: 1280
[QQL]>>Aspect Ratio: [QQL]>>5:4
[QQL]>>Standard Timing Undefined
[QQL]>>Standard Timing Undefined
[QQL]>>Standard Timing Undefined



[QQL]>>Parse Results, EDID Block #0, Detailed Descriptor Number 1:
===========================================================

[QQL]>>Pixel Clock (MHz * 100): 8550
[QQL]>>Horizontal Active Pixels: 1366
[QQL]>>Horizontal Blanking (Pixels): 426
[QQL]>>Vertical Active (Lines): 768
[QQL]>>Vertical Blanking (Lines): 30
[QQL]>>Horizontal Sync Offset (Pixels): 70
[QQL]>>Horizontal Sync Pulse Width (Pixels): 143
[QQL]>>Vertical Sync Offset (Lines): 3
[QQL]>>Vertical Sync Pulse Width (Lines): 3
[QQL]>>Horizontal Image Size (mm): 697
[QQL]>>Vertical Image Size (mm): 392
[QQL]>>Horizontal Border (Pixels): 0
[QQL]>>Vertical Border (Lines): 0
[QQL]>>Non-Interlaced
[QQL]>>Normal Display, No Stereo
[QQL]>>Digital Separate




[QQL]>>Parse Results, EDID Block #0, Detailed Descriptor Number 2:
===========================================================

[QQL]>>Pixel Clock (MHz * 100): 13850
[QQL]>>Horizontal Active Pixels: 1920
[QQL]>>Horizontal Blanking (Pixels): 160
[QQL]>>Vertical Active (Lines): 1080
[QQL]>>Vertical Blanking (Lines): 31
[QQL]>>Horizontal Sync Offset (Pixels): 48
[QQL]>>Horizontal Sync Pulse Width (Pixels): 32
[QQL]>>Vertical Sync Offset (Lines): 2
[QQL]>>Vertical Sync Pulse Width (Lines): 5
[QQL]>>Horizontal Image Size (mm): 697
[QQL]>>Vertical Image Size (mm): 392
[QQL]>>Horizontal Border (Pixels): 0
[QQL]>>Vertical Border (Lines): 0
[QQL]>>Non-Interlaced
[QQL]>>Normal Display, No Stereo
[QQL]>>Digital Separate

[QQL]>>Monitor Name: [QQL]>>S[QQL]>>m[QQL]>>a[QQL]>>r[QQL]>>t[QQL]>> [QQL]>>T[QQL]>>V[QQL]>>
[QQL]>> [QQL]>> [QQL]>> [QQL]>> 
[QQL]>>Monitor Range Limits:

[QQL]>>Min Vertical Rate in Hz: 23
Max Vertical Rate in Hz: 76
[QQL]>>Min Horizontal Rate in Hz: 15
[QQL]>>Max Horizontal Rate in Hz: 81
[QQL]>>Max Supported pixel clock rate in MHz/10: 15
[QQL]>>Tag for secondary timing formula (00h=not used): 0
[QQL]>>Min Vertical Rate in Hz 10

[QQL]>>EDID -> No 861 Extensions = 1

[QQL]>>EDID DATA (Segment = 0 Block = 1 Offset = 128):
[QQL]>>02 [QQL]>>03 [QQL]>>21 [QQL]>>F2 [QQL]>>4B [QQL]>>01 [QQL]>>03 [QQL]>>02 [QQL]>>10 [QQL]>>05 [QQL]>>20 [QQL]>>84 [QQL]>>07 [QQL]>>06 [QQL]>>09 [QQL]>>08 
[QQL]>>26 [QQL]>>09 [QQL]>>17 [QQL]>>07 [QQL]>>11 [QQL]>>17 [QQL]>>50 [QQL]>>83 [QQL]>>01 [QQL]>>00 [QQL]>>00 [QQL]>>65 [QQL]>>03 [QQL]>>0C [QQL]>>00 [QQL]>>30 
[QQL]>>00 [QQL]>>02 [QQL]>>3A [QQL]>>80 [QQL]>>18 [QQL]>>71 [QQL]>>38 [QQL]>>2D [QQL]>>40 [QQL]>>58 [QQL]>>2C [QQL]>>45 [QQL]>>00 [QQL]>>B9 [QQL]>>88 [QQL]>>21 
[QQL]>>00 [QQL]>>00 [QQL]>>1E [QQL]>>01 [QQL]>>1D [QQL]>>80 [QQL]>>18 [QQL]>>71 [QQL]>>1C [QQL]>>16 [QQL]>>20 [QQL]>>58 [QQL]>>2C [QQL]>>25 [QQL]>>00 [QQL]>>B9 
[QQL]>>88 [QQL]>>21 [QQL]>>00 [QQL]>>00 [QQL]>>9E [QQL]>>01 [QQL]>>1D [QQL]>>00 [QQL]>>72 [QQL]>>51 [QQL]>>D0 [QQL]>>1E [QQL]>>20 [QQL]>>6E [QQL]>>28 [QQL]>>55 
[QQL]>>00 [QQL]>>B9 [QQL]>>88 [QQL]>>21 [QQL]>>00 [QQL]>>00 [QQL]>>1E [QQL]>>8C [QQL]>>0A [QQL]>>D0 [QQL]>>8A [QQL]>>20 [QQL]>>E0 [QQL]>>2D [QQL]>>10 [QQL]>>10 
[QQL]>>3E [QQL]>>96 [QQL]>>00 [QQL]>>B9 [QQL]>>88 [QQL]>>21 [QQL]>>00 [QQL]>>00 [QQL]>>18 [QQL]>>00 [QQL]>>00 [QQL]>>00 [QQL]>>00 [QQL]>>00 [QQL]>>00 [QQL]>>00 
[QQL]>>00 [QQL]>>00 [QQL]>>00 [QQL]>>00 [QQL]>>00 [QQL]>>00 [QQL]>>00 [QQL]>>00 [QQL]>>00 [QQL]>>00 [QQL]>>00 [QQL]>>00 [QQL]>>00 [QQL]>>00 [QQL]>>00 [QQL]>>99 

[QQL]>>EDID -> Short Descriptor Video Block
[QQL]>>EDID -> Short Descriptor Audio Block
[QQL]>>EDID -> Short Descriptor Speaker Allocation Block
[QQL]>>EDID -> Short Descriptor Vendor Block

===============================================================
[QQL]>>Pixel Clock (MHz * 100): 14850
[QQL]>>Horizontal Active Pixels: 1920
[QQL]>>Horizontal Blanking (Pixels): 280
[QQL]>>Vertical Active (Lines): 1080
[QQL]>>Vertical Blanking (Lines): 45
[QQL]>>Horizontal Sync Offset (Pixels): 88
[QQL]>>Horizontal Sync Pulse Width (Pixels): 44
[QQL]>>Vertical Sync Offset (Lines): 4
[QQL]>>Vertical Sync Pulse Width (Lines): 5
[QQL]>>Horizontal Image Size (mm): 697
[QQL]>>Vertical Image Size (mm): 392
[QQL]>>Horizontal Border (Pixels): 0
[QQL]>>Vertical Border (Lines): 0
[QQL]>>Non-Interlaced
[QQL]>>Normal Display, No Stereo
[QQL]>>Digital Separate

===============================================================
[QQL]>>Pixel Clock (MHz * 100): 7425
[QQL]>>Horizontal Active Pixels: 1920
[QQL]>>Horizontal Blanking (Pixels): 280
[QQL]>>Vertical Active (Lines): 540
[QQL]>>Vertical Blanking (Lines): 22
[QQL]>>Horizontal Sync Offset (Pixels): 88
[QQL]>>Horizontal Sync Pulse Width (Pixels): 44
[QQL]>>Vertical Sync Offset (Lines): 2
[QQL]>>Vertical Sync Pulse Width (Lines): 5
[QQL]>>Horizontal Image Size (mm): 697
[QQL]>>Vertical Image Size (mm): 392
[QQL]>>Horizontal Border (Pixels): 0
[QQL]>>Vertical Border (Lines): 0
[QQL]>>Interlaced
[QQL]>>Normal Display, No Stereo
[QQL]>>Digital Separate

===============================================================
[QQL]>>Pixel Clock (MHz * 100): 7425
[QQL]>>Horizontal Active Pixels: 1280
[QQL]>>Horizontal Blanking (Pixels): 370
[QQL]>>Vertical Active (Lines): 720
[QQL]>>Vertical Blanking (Lines): 30
[QQL]>>Horizontal Sync Offset (Pixels): 110
[QQL]>>Horizontal Sync Pulse Width (Pixels): 40
[QQL]>>Vertical Sync Offset (Lines): 5
[QQL]>>Vertical Sync Pulse Width (Lines): 5
[QQL]>>Horizontal Image Size (mm): 697
[QQL]>>Vertical Image Size (mm): 392
[QQL]>>Horizontal Border (Pixels): 0
[QQL]>>Vertical Border (Lines): 0
[QQL]>>Non-Interlaced
[QQL]>>Normal Display, No Stereo
[QQL]>>Digital Separate

===============================================================
[QQL]>>Pixel Clock (MHz * 100): 2700
[QQL]>>Horizontal Active Pixels: 720
[QQL]>>Horizontal Blanking (Pixels): 138
[QQL]>>Vertical Active (Lines): 480
[QQL]>>Vertical Blanking (Lines): 45
[QQL]>>Horizontal Sync Offset (Pixels): 16
[QQL]>>Horizontal Sync Pulse Width (Pixels): 62
[QQL]>>Vertical Sync Offset (Lines): 9
[QQL]>>Vertical Sync Pulse Width (Lines): 6
[QQL]>>Horizontal Image Size (mm): 697
[QQL]>>Vertical Image Size (mm): 392
[QQL]>>Horizontal Border (Pixels): 0
[QQL]>>Vertical Border (Lines): 0
[QQL]>>Non-Interlaced
[QQL]>>Normal Display, No Stereo
[QQL]>>Digital Separate

===============================================================
[QQL]>>No More Detailed descriptors in this block

[QQL]>>EDID -> Parse OK
[QQL]>>ReleaseDDC()
[QQL]>>resolution_index = 2
[QQL]>>VideoDescriptor = 1
[QQL]>>VideoDescriptor = 3
[QQL]>>VideoDescriptor = 2
[QQL]>>VideoDescriptor = 16
[QQL]>>VideoDescriptor = 5
[QQL]>>VideoDescriptor = 32
[QQL]>>VideoDescriptor = 132
[QQL]>>VideoDescriptor = 7
[QQL]>>VideoDescriptor = 6
[QQL]>>VideoDescriptor = 9
[QQL]>>VideoDescriptor = 8
[QQL]>>VideoDescriptor = 0
[QQL]>>VideoDescriptor = 0
[QQL]>>VideoDescriptor = 0
[QQL]>>VideoDescriptor = 0
[QQL]>>VideoDescriptor = 0
[QQL]>>VideoDescriptor = 0
[QQL]>>VideoDescriptor = 0
[QQL]>>VideoDescriptor = 0
[QQL]>>VideoDescriptor = 0
[QQL]>>boot with 720P
[QQL]>>HDMI Sink)
[QQL]>>DSRX -> Powered Up
[QQL]>>>>>>Sil9022A_HotPlugService()
[QQL]>>>>>>DisableInterrupts()
[QQL]>>>>>>Sil9022A_ChangeVideoMode()
[QQL]>>TMDS -> Disabled
[QQL]>>>>>>Sil9022A_InitVideo()
[QQL]>>TX Power State D0
[QQL]>>>>>>SiL9022A_SetAVI_InfoFrames()
[QQL]>>TMDS -> Enabled
[QQL]>>>>>>SiL9022A_SetAudioMode()
[QQL]>>>>>>SiL9022A_IsAudioModeSupported()
[QQL]>>>>>>Sil9022A_SetAudioMute()
[QQL]>>>>>>Sil9022A_SetAudioMute()
[QQL]>>>>>>SiL9022A_SetAudioInfoFrames()
[QQL]>>>>>>SiL9022A_ConfigI2SInput()
[QQL]>>>>>>SiL9022A_MapI2S()
[QQL]>>>>>>SiL9022A_SetI2S_StreamHeader()
[QQL]>>>>>>Sil9022A_EnableInterrupts()
[QQL]>>>>T_Monitor!-----6
[QQL]>>>>T_Monitor!-----5
[QQL]>>>>T_Monitor!-----4
[QQL]>>>>T_Monitor!-----3
[QQL]>>>>T_Monitor!-----2
[QQL]>>>>T_Monitor!-----1
[QQL]>>>>T_Monitor!-----0


-------------set usb upgrade----------------[SetUsbUpgrade] 


[SetUsbUpgrade] cmd: setenv upgrade_mode usb
[SetUsbUpgrade] cmd: setenv usb_upgrade 1
[SetUsbUpgrade] cmd: setenv usb_upgrade_exhub_port 0
[SetUsbUpgrade] cmd: setenv usb_upgrade_path MstarUpgrade.bin
[SetUsbUpgrade] cmd: setenv usb_upgrade_port 2
------------Coship IR Check-------------
fore uup IRKey [0xff]
---------no upgrade info--------
[CSBLFlashRead] cmd: mmc read.p 0x4EDF0490 sysdata 0x20000 

MMC read: dev # 0, block # 3812608, count 256 ... 256 blocks read: OK
[CSBLFlashRead] cmd: mmc read.p 0x4EDDD420 loaderpt 0x200 

MMC read: dev # 0, block # 3813376, count 1 ... 1 blocks read: OK
[verify loaderpt]CRC=0xcc2b0fb0,loadpt.crc=0xcc2b0fb0
OTA Status:
[0x0]  STATUS_NONE  
[0x1]  STATUS_ENABLE 
[0x2]  STATUS_RESUME_LAST 
[0x3]  STATUS_FORCE 
Current OTA status:0x0

Booting Android mode......
in sysdata-bootargs = console=ttyS0,115200 androidboot.console=ttyS0 root=/dev/ram rw rootwait init=/init LX_MEM=0x13500000 EMAC_MEM=0x100000 DRAM_LEN=0x20000000 LX_MEM2=0x0A2B00000,0x019C00000 quiet resolution=DACOUT_1080P_50  BOOTLOGO_IN_MBOOT ENV=SERIAL

to kernel bootargs = console=ttyS0,115200 androidboot.console=ttyS0 root=/dev/ram rw rootwait init=/init LX_MEM=0x13500000 EMAC_MEM=0x100000 DRAM_LEN=0x20000000 LX_MEM2=0x0A2B00000,0x019C00000 quiet  BOOTLOGO_IN_MBOOT ENV=SERIAL resolution=DACOUT_720P_50
 bootcmd = mmc read.p 0x45000000 boot 0x400000; bootm 0x45000000
[CSBL_Load_UpdatePhoto2Dram] cmd: mmc read.p 0x4EDDD824 updatelogo 0x4 

MMC read: dev # 0, block # 3842304, count 0 ... 1 blocks read: OK
[CSBL_Load_UpdatePhoto2Dram] cmd: mmc read.p 0x65B2C000 updatelogo 0x180000 

MMC read: dev # 0, block # 3842304, count 3072 ... 3072 blocks read: OK
-------logo size u32LogoSize = 1572864
!!! Func = do_bootlogo, Line = 391
!!! Func = do_bootlogo, Line = 398
[AutoTest][MBoot][JPD Decode]
GE_SetOnePixelMode
[GOP0][Driver Version]: 0086, BuildNum: 0005, ChangeList: 00000370
[AutoTest][MBoot][Show Logo]

  ===========================================================

  --------------------MstarProcess---------------------------

  ===========================================================

Changelist:     00112233
============= set bootargs ===============
Hit any key to stop autoboot:  0 

  ===========================================================

  ------------------ MstarToKernel---------------------------

  ===========================================================
Check USB port[2]:
Host type:2 
scanning bus for devices... 
[USB] interface[0] conf:1 value 9: 
Wait for hub reset....

[USB] interface[0] conf:1 value 8: 
2 USB Device(s) found
       scanning bus for storage devices... bulk max packet size: ep 200 ep2 200
max lun:0
Device NOT ready
   Request Sense returned 02 3A 00
FAIL : can not init usb!! 

MMC read: dev # 0, block # 35840, count 8192 ... 8192 blocks read: OK
## Booting kernel from Legacy Image at 45000000 ...
   Image Name:   MStar-linux
   Image Type:   ARM Linux Multi-File Image (uncompressed)
   Data Size:    3861591 Bytes = 3.7 MiB
   Load Address: 40208000
   Entry Point:  40208000
   Contents:
      Image 0: 3693876 Bytes = 3.5 MiB
      Image 1: 167703 Bytes = 163.8 KiB
## Loading init Ramdisk from multi component Legacy Image at 45000000 ...
## Flattened Device Tree from multi component Image at 45000000
   Loading Multi-File Image ... OK
[AutoTest][MBoot][start Kernel][11494]

Starting kernel   ...

Kernel Protect Index[0] LX[0x200000][0x13700000] 
Kernel Protect Index[0] LX[0x62b00000][0x7c700000] 
Uncompressing Linux CL $Change: 635720 $... and Mstar driver CL $Change: 635720 $ done, booting the kernel.
[    0.055430] eMMC Info: has SD, 2012/11/14 
[    0.189996] [SERIAL INPUT MANAGE] disable_serial : ~~bye(len:5)
[    0.195993] [SERIAL INPUT MANAGE] enable_serial : (len: 0)
[    0.201507] [KDEBUGD] enter : _MStar
[    0.201511] 
[    0.207679] [SERIAL INPUT MANAGE] Managed tty_struct(.name:ttyS0) is freed !!!
[    0.299070] init: could not open /dev/keychord
[    0.303621] [SERIAL INPUT MANAGE] disable_serial : ~~bye(len:5)
[    0.309558] [SERIAL INPUT MANAGE] enable_serial : (len: 0)
[    0.315056] [KDEBUGD] enter : _MStar
[    0.315059] 
[    0.320274] [SERIAL INPUT MANAGE] Managed tty_struct(.name:ttyS0) is freed !!!
[    0.327573] [SERIAL INPUT MANAGE] disable_serial : ~~bye(len:5)
[    0.333510] [SERIAL INPUT MANAGE] enable_serial : (len: 0)
[    0.339007] [KDEBUGD] enter : _MStar
[    0.339010] 




             A N D R O I D 



[    0.353041] [SERIAL INPUT MANAGE] Managed tty_struct(.name:ttyS0) is freed !!!
[    0.361235] ##### VDLinux Warning msg, Pid [1], comm :init, VD forbids user to change unaligned access policy. (4)
[    1.458886] init: untracked pid 736 exited
[    1.472690] init: cannot find '/system/etc/install-recovery.sh', disabling 'flash_recovery'
[    4.224452] VID/PID = 1286/2044, Boot2 version = 3201
[    4.234003] WLAN FW is active
[    4.278728] 11D: Error setting domain info in FW
[    4.287575] 11D: Error setting domain info in FW
[    4.380525] [SERIAL INPUT MANAGE] disable_serial : ~~bye(len:5)
[    4.386513] [SERIAL INPUT MANAGE] enable_serial : (len: 0)
[    4.392043] [KDEBUGD] enter : _MStar
[    4.392048] 
shell@android:/ $ [    5.284177] init: no such service 'renice-tvos-min'
[    5.318222] init: no such service 'delayan'
[    6.266831] [irq_proc_open][373] -16
[    7.856721] [irq_proc_open][373] -16
TVOS *checkPoint*
[   10.414170] init: no such service 'renice-tvos-0'
[   16.237148] init: no such service 'hciattach'
[   18.895179] init: sys_prop: permission denied uid:10000  name:sys.wifi.softap
[   38.525901] init: untracked pid 1474 exited
[   38.530241] init: untracked pid 1466 exited
[   60.781358] init: untracked pid 1003 exited
[   60.786519] init: untracked pid 1004 exited
[   60.791613] init: untracked pid 1005 exited
[   60.797666] init: untracked pid 1006 exited
[  213.023955] IR: [03932] scan key value is 0xec13c936 
[  213.023960]  
[  213.076506] IR: [03932] scan key value is 0xec13c936 
[  213.076510]  [0000053450][MAD_ALSA][000735]     <6>Target sample rate is 44100
[  214.539213] IR: [03932] scan key value is 0xec13c936 
[  214.539218]  
[  214.591794] IR: [03932] scan key value is 0xec13c936 
[  214.591799]  
[  216.393070] IR: [03932] scan key value is 0xea15c936 
[  216.393074]  
[  216.445644] IR: [03932] scan key value is 0xea15c936 
[  216.445649]  
[  217.064087] IR: [03932] scan key value is 0xea15c936 
[  217.064092]  
[  217.116671] IR: [03932] scan key value is 0xea15c936 
[  217.116677]  
[  218.472671] IR: [03932] scan key value is 0xf10ec936 
[  218.472676]  
[  218.525244] IR: [03932] scan key value is 0xf10ec936 
[  218.525249]  
[  219.663632] IR: [03932] scan key value is 0xea15c936 
[  219.663637]  
[  219.716213] IR: [03932] scan key value is 0xea15c936 
[  219.716218]  
[  220.366865] IR: [03932] scan key value is 0xea15c936 
[  220.366871]  
[  220.419422] IR: [03932] scan key value is 0xea15c936 
[  220.419427]  
[  220.887252] IR: [03932] scan key value is 0xec13c936 
[  220.887257]  
[  220.939839] IR: [03932] scan key value is 0xec13c936 
[  220.939844]  
[  221.500500] init: untracked pid 1983 exited
[  221.506533] init: untracked pid 1984 exited
[  221.510926] init: untracked pid 1985 exited
[  221.515499] init: untracked pid 1986 exited
[  222.404618] IR: [03932] scan key value is 0xec13c936 
[  222.404623]  
[  222.457198] IR: [03932] scan key value is 0xec13c936 
[  222.457202]  
[  226.819951] IR: [03932] scan key value is 0xec13c936 
[  226.819956]  
[  226.872500] IR: [03932] scan key value is 0xec13c936 
[  226.872505]  
[  228.307748] IR: [03932] scan key value is 0xea15c936 
[  228.307753]  
[  228.360338] IR: [03932] scan key value is 0xea15c936 
[  228.360342]  
[  228.771059] IR: [03932] scan key value is 0xec13c936 
[  228.771064]  
[  228.823637] IR: [03932] scan key value is 0xec13c936 
[  228.823641]  
[  229.958573] IR: [03932] scan key value is 0xec13c936 
[  229.958578]  
[  230.011135] IR: [03932] scan key value is 0xec13c936 
[  230.011140]  
[  234.356927] IR: [03932] scan key value is 0xea15c936 
[  234.356932]  
[  234.409509] IR: [03932] scan key value is 0xea15c936 
[  234.409515]  
[  235.071192] IR: [03932] scan key value is 0xec13c936 
[  235.071197]  
[  235.123765] IR: [03932] scan key value is 0xec13c936 
[  235.123770]  
[  236.704557] IR: [03932] scan key value is 0xeb14c936 
[  236.704561]  
[  236.757143] IR: [03932] scan key value is 0xeb14c936 
[  236.757148]  
[  237.087028] IR: [03932] scan key value is 0xec13c936 
[  237.087033]  
[  237.139606] IR: [03932] scan key value is 0xec13c936 
[  237.139611]  
[  240.547830] IR: [03932] scan key value is 0xec13c936 
[  240.547836]  
[  240.600405] IR: [03932] scan key value is 0xec13c936 
[  240.600410]  
[  246.577677] [irq_proc_open][373] -16
[  248.321572] IR: [03932] scan key value is 0xee11c936 
[  248.321577]  
[  248.374148] IR: [03932] scan key value is 0xee11c936 
[  248.374153]  
[  248.813455] IR: [03932] scan key value is 0xee11c936 
[  248.813460]  
[  248.866039] IR: [03932] scan key value is 0xee11c936 
[  248.866043]  
[  249.842696] IR: [03932] scan key value is 0xea15c936 
[  249.842701]  
[  249.895285] IR: [03932] scan key value is 0xea15c936 
[  249.895291]  
[  251.859371] IR: [03932] scan key value is 0xf10ec936 
[  251.859376]  
[  252.590747] IR: [03932] scan key value is 0xee11c936 
[  252.590751]  
[  252.643332] IR: [03932] scan key value is 0xee11c936 
[  252.643337]  
[  253.246754] IR: [03932] scan key value is 0xee11c936 
[  253.246759]  
[  253.299343] IR: [03932] scan key value is 0xee11c936 
[  253.299349]  
[  253.687619] IR: [03932] scan key value is 0xea15c936 
[  253.687624]  
[  253.740199] IR: [03932] scan key value is 0xea15c936 
[  253.740204]  
[  253.927452] IR: [03932] scan key value is 0xea15c936 
[  253.927456]  
[  253.980039] IR: [03932] scan key value is 0xea15c936 
[  253.980044]  
[  254.932556] IR: [03932] scan key value is 0xed12c936 
[  254.932561]  
[  254.985136] IR: [03932] scan key value is 0xed12c936 
[  254.985141]  
[  718.614786] IR: [03932] scan key value is 0xee11c936 
[  718.614793]  
[  718.667358] IR: [03932] scan key value is 0xee11c936 
[  718.667363]  
[  718.775644] IR: [03932] scan key value is 0xee11c936 
[  718.775649]  
[  718.993567] IR: [03932] scan key value is 0xee11c936 
[  718.993572]  
[  719.046121] IR: [03932] scan key value is 0xee11c936 
[  719.046125]  
[  719.154405] IR: [03932] scan key value is 0xee11c936 
[  719.154409]  
[  719.262692] IR: [03932] scan key value is 0xee11c936 
[  719.262698]  
[  719.370998] IR: [03932] scan key value is 0xee11c936 
[  719.371003]  
[  719.479277] IR: [03932] scan key value is 0xee11c936 
[  719.479282]  
[  719.587537] IR: [03932] scan key value is 0xee11c936 
[  719.587541]  
[  719.695843] IR: [03932] scan key value is 0xee11c936 
[  719.695849]  
[  719.804111] IR: [03932] scan key value is 0xee11c936 
[  719.804117]  
[  719.912395] IR: [03932] scan key value is 0xee11c936 
[  719.912401]  
[  720.020673] IR: [03932] scan key value is 0xee11c936 
[  720.020678]  
[  720.506957] IR: [03932] scan key value is 0xee11c936 
[  720.506962]  
[  720.559532] IR: [03932] scan key value is 0xee11c936 
[  720.559536]  
[  720.667831] IR: [03932] scan key value is 0xee11c936 
[  720.667838]  
[  720.776103] IR: [03932] scan key value is 0xee11c936 
[  720.776108]  
[  720.884374] IR: [03932] scan key value is 0xee11c936 
[  720.884379]  
[  720.992647] IR: [03932] scan key value is 0xee11c936 
[  720.992653]  
[  721.100925] IR: [03932] scan key value is 0xee11c936 
[  721.100930]  
[  721.209198] IR: [03932] scan key value is 0xee11c936 
[  721.209203]  
[  721.317476] IR: [03932] scan key value is 0xee11c936 
[  721.317482]  
[  721.425755] IR: [03932] scan key value is 0xee11c936 
[  721.425760]  
[  721.534046] IR: [03932] scan key value is 0xee11c936 
[  721.534051]  
[  721.642324] IR: [03932] scan key value is 0xee11c936 
[  721.642329]  
[  722.291303] IR: [03932] scan key value is 0xee11c936 
[  722.291308]  
[  722.343878] IR: [03932] scan key value is 0xee11c936 
[  722.343884]  
[  722.452157] IR: [03932] scan key value is 0xee11c936 
[  722.452163]  
[  722.560436] IR: [03932] scan key value is 0xee11c936 
[  722.560442]  
[  722.668715] IR: [03932] scan key value is 0xee11c936 
[  722.668720]  
[  722.777002] IR: [03932] scan key value is 0xee11c936 
[  722.777007]  
[  722.885280] IR: [03932] scan key value is 0xee11c936 
[  722.885285]  
[  722.993553] IR: [03932] scan key value is 0xee11c936 
[  722.993558]  
[  723.101832] IR: [03932] scan key value is 0xee11c936 
[  723.101837]  
[  723.210108] IR: [03932] scan key value is 0xee11c936 
[  723.210113]  
[  723.318383] IR: [03932] scan key value is 0xee11c936 
[  723.318388]  
[  723.426659] IR: [03932] scan key value is 0xee11c936 
[  723.426664]  
[  723.534942] IR: [03932] scan key value is 0xee11c936 
[  723.534948]  
[  723.643213] IR: [03932] scan key value is 0xee11c936 
[  723.643218]  
[  724.685833] IR: [03932] scan key value is 0xea15c936 
[  724.685838]  
[  724.738416] IR: [03932] scan key value is 0xea15c936 
[  724.738422]  
[  724.846683] IR: [03932] scan key value is 0xea15c936 
[  724.846688]  
[  725.152669] IR: [03932] scan key value is 0xea15c936 
[  725.152676]  
[  725.205239] IR: [03932] scan key value is 0xea15c936 
[  725.205244]  
[ 1145.706214] IR: [03932] scan key value is 0xf10ec936 
[ 1145.706219]  
[ 1145.758784] IR: [03932] scan key value is 0xf10ec936 
[ 1145.758789]  
[ 1147.011794] IR: [03932] scan key value is 0xeb14c936 
[ 1147.011799]  
[ 1147.064391] IR: [03932] scan key value is 0xeb14c936 
[ 1147.064395]  
[ 1147.515428] IR: [03932] scan key value is 0xed12c936 
[ 1147.515433]  
[ 1147.855966] IR: [03932] scan key value is 0xec13c936 
[ 1147.855972]  
[ 1147.908546] IR: [03932] scan key value is 0xec13c936 
[ 1147.908551]  
[ 1149.996618] IR: [03932] scan key value is 0xeb14c936 
[ 1149.996623]  
[ 1150.049195] IR: [03932] scan key value is 0xeb14c936 
[ 1150.049200]  
[ 1150.635275] IR: [03932] scan key value is 0xee11c936 
[ 1150.635280]  
[ 1150.687850] IR: [03932] scan key value is 0xee11c936 
[ 1150.687854]  
[ 1151.117936] IR: [03932] scan key value is 0xee11c936 
[ 1151.117942]  
[ 1151.170514] IR: [03932] scan key value is 0xee11c936 
[ 1151.170519]  
[ 1151.479899] IR: [03932] scan key value is 0xeb14c936 
[ 1151.479904]  
[ 1151.532476] IR: [03932] scan key value is 0xeb14c936 
[ 1151.532481]  
[ 1151.799344] IR: [03932] scan key value is 0xeb14c936 
[ 1151.799348]  
[ 1151.851927] IR: [03932] scan key value is 0xeb14c936 
[ 1151.851939]  
[ 1152.076639] IR: [03932] scan key value is 0xeb14c936 
[ 1152.076643]  
[ 1152.129203] IR: [03932] scan key value is 0xeb14c936 
[ 1152.129207]  
[ 1152.432007] IR: [03932] scan key value is 0xeb14c936 
[ 1152.432013]  
[ 1152.484573] IR: [03932] scan key value is 0xeb14c936 
[ 1152.484578]  
[ 1152.904626] IR: [03932] scan key value is 0xea15c936 
[ 1152.904631]  
[ 1152.957203] IR: [03932] scan key value is 0xea15c936 
[ 1152.957207]  
[ 1153.592237] IR: [03932] scan key value is 0xed12c936 
[ 1153.592242]  
[ 1154.437843] IR: [03932] scan key value is 0xeb14c936 
[ 1154.437848]  
[ 1154.490427] IR: [03932] scan key value is 0xeb14c936 
[ 1154.490432]  
[ 1154.986798] IR: [03932] scan key value is 0xea15c936 
[ 1154.986803]  
[ 1155.039378] IR: [03932] scan key value is 0xea15c936 
[ 1155.039383]  
[ 1157.883269] IR: [03932] scan key value is 0xee11c936 
[ 1157.883274]  
[ 1157.935847] IR: [03932] scan key value is 0xee11c936 
[ 1157.935852]  
[ 1158.389052] IR: [03932] scan key value is 0xec13c936 
[ 1158.389057]  
[ 1158.441628] IR: [03932] scan key value is 0xec13c936 
[ 1158.441633]  
[ 1159.413851] IR: [03932] scan key value is 0xf10ec936 
[ 1159.413856]  
[ 1159.466429] IR: [03932] scan key value is 0xf10ec936 
[ 1159.466435]  
[ 1160.913449] IR: [03932] scan key value is 0xed12c936 
[ 1160.913455]  
[ 1160.966018] IR: [03932] scan key value is 0xed12c936 
[ 1160.966024]  
[ 1161.536447] IR: [03932] scan key value is 0xee11c936 
[ 1161.536451]  
[ 1161.589028] IR: [03932] scan key value is 0xee11c936 
[ 1161.589033]  
[ 1162.125398] IR: [03932] scan key value is 0xed12c936 
[ 1162.125402]  
[ 1162.177977] IR: [03932] scan key value is 0xed12c936 
[ 1162.177982]  
[ 1162.832781] IR: [03932] scan key value is 0xea15c936 
[ 1162.832786]  
[ 1162.885361] IR: [03932] scan key value is 0xea15c936 
[ 1162.885366]  
[ 1163.325273] IR: [03932] scan key value is 0xea15c936 
[ 1163.325277]  
[ 1163.377851] IR: [03932] scan key value is 0xea15c936 
[ 1163.377855]  
[ 1163.486140] IR: [03932] scan key value is 0xea15c936 
[ 1163.486145]  
[ 1163.843943] IR: [03932] scan key value is 0xeb14c936 
[ 1163.843948]  
[ 1163.896520] IR: [03932] scan key value is 0xeb14c936 
[ 1163.896525]  
[ 1164.312863] IR: [03932] scan key value is 0xeb14c936 
[ 1164.312868]  
[ 1164.365442] IR: [03932] scan key value is 0xeb14c936 
[ 1164.365447]  
[ 1164.655800] IR: [03932] scan key value is 0xec13c936 
[ 1164.655804]  
[ 1164.708373] IR: [03932] scan key value is 0xec13c936 
[ 1164.708378]  
[ 1165.991127] IR: [03932] scan key value is 0xeb14c936 
[ 1165.991132]  
[ 1166.043706] IR: [03932] scan key value is 0xeb14c936 
[ 1166.043712]  
[ 1166.701536] IR: [03932] scan key value is 0xed12c936 
[ 1166.701541]  
[ 1167.085684] IR: [03932] scan key value is 0xeb14c936 
[ 1167.085689]  
[ 1167.138262] IR: [03932] scan key value is 0xeb14c936 
[ 1167.138267]  
[ 1167.411069] IR: [03932] scan key value is 0xec13c936 
[ 1167.411074]  
[ 1167.463643] IR: [03932] scan key value is 0xec13c936 
[ 1167.463648]  
[ 1200.126113] IR: [03932] scan key value is 0xea15c936 
[ 1200.126119]  
[ 1200.178685] IR: [03932] scan key value is 0xea15c936 
[ 1200.178690]  
[ 1201.409894] IR: [03932] scan key value is 0xed12c936 
[ 1201.409899]  
[ 1201.462474] IR: [03932] scan key value is 0xed12c936 
[ 1201.462478]  
[ 1202.041157] IR: [03932] scan key value is 0xeb14c936 
[ 1202.041162]  
[ 1202.093731] IR: [03932] scan key value is 0xeb14c936 
[ 1202.093735]  
[ 1203.170532] IR: [03932] scan key value is 0xea15c936 
[ 1203.170537]  
[ 1203.223108] IR: [03932] scan key value is 0xea15c936 
[ 1203.223114]  
[ 1203.965576] IR: [03932] scan key value is 0xeb14c936 
[ 1203.965582]  
[ 1204.018158] IR: [03932] scan key value is 0xeb14c936 
[ 1204.018164]  
[ 1204.856769] IR: [03932] scan key value is 0xec13c936 
[ 1204.856773]  
[ 1204.909342] IR: [03932] scan key value is 0xec13c936 
[ 1204.909347]  
[ 1209.224060] IR: [03932] scan key value is 0xeb14c936 
[ 1209.224066]  
[ 1209.276678] IR: [03932] scan key value is 0xeb14c936 
[ 1209.276687]  
[ 1209.384920] IR: [03932] scan key value is 0xeb14c936 
[ 1209.384925]  
[ 1209.493203] IR: [03932] scan key value is 0xeb14c936 
[ 1209.493208]  
[ 1209.601490] IR: [03932] scan key value is 0xeb14c936 
[ 1209.601495]  
[ 1209.709776] IR: [03932] scan key value is 0xeb14c936 
[ 1209.709780]  
[ 1209.818070] IR: [03932] scan key value is 0xeb14c936 
[ 1209.818075]  
[ 1209.926353] IR: [03932] scan key value is 0xeb14c936 
[ 1209.926358]  
[ 1210.034632] IR: [03932] scan key value is 0xeb14c936 
[ 1210.034637]  
[ 1210.142911] IR: [03932] scan key value is 0xeb14c936 
[ 1210.142916]  
[ 1210.725146] IR: [03932] scan key value is 0xea15c936 
[ 1210.725151]  
[ 1210.777732] IR: [03932] scan key value is 0xea15c936 
[ 1210.777737]  
[ 1211.260418] IR: [03932] scan key value is 0xea15c936 
[ 1211.260424]  
[ 1211.312993] IR: [03932] scan key value is 0xea15c936 
[ 1211.312997]  
[ 1211.953925] IR: [03932] scan key value is 0xea15c936 
[ 1211.953930]  
[ 1212.006506] IR: [03932] scan key value is 0xea15c936 
[ 1212.006511]  
[ 1212.471862] IR: [03932] scan key value is 0xeb14c936 
[ 1212.471867]  
[ 1212.524437] IR: [03932] scan key value is 0xeb14c936 
[ 1212.524442]  
[ 1212.632705] IR: [03932] scan key value is 0xeb14c936 
[ 1212.632710]  
[ 1212.740984] IR: [03932] scan key value is 0xeb14c936 
[ 1212.740989]  
[ 1212.849266] IR: [03932] scan key value is 0xeb14c936 
[ 1212.849270]  
[ 1212.957540] IR: [03932] scan key value is 0xeb14c936 
[ 1212.957545]  
[ 1213.065824] IR: [03932] scan key value is 0xeb14c936 
[ 1213.065829]  
[ 1213.174097] IR: [03932] scan key value is 0xeb14c936 
[ 1213.174101]  
[ 1213.282358] IR: [03932] scan key value is 0xeb14c936 
[ 1213.282363]  
[ 1213.390642] IR: [03932] scan key value is 0xeb14c936 
[ 1213.390647]  
[ 1213.498920] IR: [03932] scan key value is 0xeb14c936 
[ 1213.498925]  
[ 1213.607185] IR: [03932] scan key value is 0xeb14c936 
[ 1213.607190]  
[ 1213.715468] IR: [03932] scan key value is 0xeb14c936 
[ 1213.715473]  
[ 1214.360932] IR: [03932] scan key value is 0xed12c936 
[ 1214.360937]  
[ 1214.413507] IR: [03932] scan key value is 0xed12c936 
[ 1214.413512]  
[ 1214.883076] IR: [03932] scan key value is 0xec13c936 
[ 1214.883081]  
[ 1214.935640] IR: [03932] scan key value is 0xec13c936 
[ 1214.935645]  
[ 1217.767756] IR: [03932] scan key value is 0xeb14c936 
[ 1217.767761]  
[ 1217.820334] IR: [03932] scan key value is 0xeb14c936 
[ 1217.820339]  
[ 1218.327562] IR: [03932] scan key value is 0xec13c936 
[ 1218.327566]  
[ 1218.380113] IR: [03932] scan key value is 0xec13c936 
[ 1218.380118]  
[ 1220.124734] IR: [03932] scan key value is 0xed12c936 
[ 1220.124739]  
[ 1220.177314] IR: [03932] scan key value is 0xed12c936 
[ 1220.177319]  
[ 1220.549089] IR: [03932] scan key value is 0xec13c936 
[ 1220.549094]  
[ 1220.601666] IR: [03932] scan key value is 0xec13c936 
[ 1220.601670]  
[ 1223.918253] [irq_proc_open][373] -16
[ 1231.826564] IR: [03932] scan key value is 0xe41bc936 
[ 1231.826570]  
[ 1231.879119] IR: [03932] scan key value is 0xe41bc936 
[ 1231.879124]  
[ 1231.987436] IR: [03932] scan key value is 0xe41bc936 
[ 1231.987441]  
[ 1232.095719] IR: [03932] scan key value is 0xe41bc936 
[ 1232.095724]  
[ 1232.204010] IR: [03932] scan key value is 0xe41bc936 
[ 1232.204015]  
[ 1232.312303] IR: [03932] scan key value is 0xe41bc936 
[ 1232.312308]  
[ 1232.420581] IR: [03932] scan key value is 0xe41bc936 
[ 1232.420586]  
[ 1232.528875] IR: [03932] scan key value is 0xe41bc936 
[ 1232.528880]  
[ 1232.637154] IR: [03932] scan key value is 0xe41bc936 
[ 1232.637159]  
[ 1232.745439] IR: [03932] scan key value is 0xe41bc936 
[ 1232.745445]  
[ 1232.853722] IR: [03932] scan key value is 0xe41bc936 
[ 1232.853727]  
[ 1232.962005] IR: [03932] scan key value is 0xe41bc936 
[ 1232.962009]  
[ 1233.070296] IR: [03932] scan key value is 0xe41bc936 
[ 1233.070302]  
[ 1233.178555] IR: [03932] scan key value is 0xe41bc936 
[ 1233.178559]  
[ 1233.286828] IR: [03932] scan key value is 0xe41bc936 
[ 1233.286833]  
[ 1233.395101] IR: [03932] scan key value is 0xe41bc936 
[ 1233.395106]  
[ 1233.730150] IR: [03932] scan key value is 0xed12c936 
[ 1233.730155]  
[ 1233.782733] IR: [03932] scan key value is 0xed12c936 
[ 1233.782738]  
[ 1233.890998] IR: [03932] scan key value is 0xed12c936 
[ 1233.891003]  
[ 1233.999282] IR: [03932] scan key value is 0xed12c936 
[ 1233.999288]  
[ 1234.107553] IR: [03932] scan key value is 0xed12c936 
[ 1234.107558]  
[ 1234.215829] IR: [03932] scan key value is 0xed12c936 
[ 1234.215834]  
[ 1234.324126] IR: [03932] scan key value is 0xed12c936 
[ 1234.324131]  
[ 1234.432383] IR: [03932] scan key value is 0xed12c936 
[ 1234.432388]  
[ 1235.669176] IR: [03932] scan key value is 0xed12c936 
[ 1235.669182]  
[ 1235.721789] IR: [03932] scan key value is 0xed12c936 
[ 1235.721796]  
[ 2654.212008] IR: [03932] scan key value is 0xec13c936 
[ 2654.212014]  
[ 2654.264588] IR: [03932] scan key value is 0xec13c936 
[ 2654.264592]  
[ 2655.540899] IR: [03932] scan key value is 0xec13c936 
[ 2655.540904]  
[ 2655.593489] IR: [03932] scan key value is 0xec13c936 
[ 2655.593497]  
[ 2656.879488] IR: [03932] scan key value is 0xec13c936 
[ 2656.879493]  
[ 2656.932071] IR: [03932] scan key value is 0xec13c936 
[ 2656.932076]  
[ 2657.040370] IR: [03932] scan key value is 0xec13c936 
[ 2657.040375]  
[ 2657.949201] IR: [03932] scan key value is 0xec13c936 
[ 2657.949206]  
[ 2658.001788] IR: [03932] scan key value is 0xec13c936 
[ 2658.001792]  
[ 2659.481347] IR: [03932] scan key value is 0xf10ec936 
[ 2659.481352]  
[ 2659.533932] IR: [03932] scan key value is 0xf10ec936 
[ 2659.533938]  
[ 2660.964560] IR: [03932] scan key value is 0xec13c936 
[ 2660.964564]  
[ 2661.017177] IR: [03932] scan key value is 0xec13c936 
[ 2661.017181]  
[ 2664.954100] IR: [03932] scan key value is 0xec13c936 
[ 2664.954105]  
[ 2665.006692] IR: [03932] scan key value is 0xec13c936 
[ 2665.006700]  
[ 2666.592843] IR: [03932] scan key value is 0xec13c936 
[ 2666.592848]  
[ 2666.645429] IR: [03932] scan key value is 0xec13c936 
[ 2666.645434]  
[ 2669.396565] [irq_proc_open][373] -16
[ 2677.823733] IR: [03932] scan key value is 0xec13c936 
[ 2677.823738]  
[ 2677.876333] IR: [03932] scan key value is 0xec13c936 
[ 2677.876339]  
[ 3046.039570] IR: [03932] scan key value is 0xec13c936 
[ 3046.039575]  
[ 3046.092165] IR: [03932] scan key value is 0xec13c936 
[ 3046.092169]  
[ 3396.448964] IR: [03932] scan key value is 0xec13c936 
[ 3396.448969]  
[ 3396.501559] IR: [03932] scan key value is 0xec13c936 
[ 3396.501564]  
[ 3397.178194] IR: [03932] scan key value is 0xec13c936 
[ 3397.178199]  
[ 3397.230826] IR: [03932] scan key value is 0xec13c936 
[ 3397.230833]  
[ 3408.582641] IR: [03932] scan key value is 0xf10ec936 
[ 3408.582646]  
[ 3408.635235] IR: [03932] scan key value is 0xf10ec936 
[ 3408.635240]  
[ 3409.800464] IR: [03932] scan key value is 0xec13c936 
[ 3409.800469]  
[ 3409.853054] IR: [03932] scan key value is 0xec13c936 
[ 3409.853059]  
[ 3411.667014] IR: [03932] scan key value is 0xec13c936 
[ 3411.667019]  
[ 3411.719604] IR: [03932] scan key value is 0xec13c936 
[ 3411.719609]  
[ 3413.321896] IR: [03932] scan key value is 0xec13c936 
[ 3413.321901]  
[ 3413.374481] IR: [03932] scan key value is 0xec13c936 
[ 3413.374485]  
[ 3426.524317] IR: [03932] scan key value is 0xec13c936 
[ 3426.524322]  
[ 3426.576911] IR: [03932] scan key value is 0xec13c936 
[ 3426.576916]  
[ 3430.306855] IR: [03932] scan key value is 0xf10ec936 
[ 3430.306860]  
[ 3432.926241] [irq_proc_open][373] -16
[ 3436.723766] init: untracked pid 2234 exited
[ 3436.728342] init: untracked pid 2235 exited
[ 3436.732759] init: untracked pid 2236 exited
[ 3436.738269] init: untracked pid 2237 exited
[ 3439.915269] IR: [03932] scan key value is 0xec13c936 
[ 3439.915273]  
[ 3439.967870] IR: [03932] scan key value is 0xec13c936 
[ 3439.967875]  
[ 3440.756055] IR: [03932] scan key value is 0xed12c936 
[ 3440.756060]  
[ 3440.808655] IR: [03932] scan key value is 0xed12c936 
[ 3440.808660]  
[ 3440.916969] IR: [03932] scan key value is 0xed12c936 
[ 3440.916974]  
[ 3441.025278] IR: [03932] scan key value is 0xed12c936 
[ 3441.025283]  
[ 3441.133589] IR: [03932] scan key value is 0xed12c936 
[ 3441.133594]  
[ 3441.241907] IR: [03932] scan key value is 0xed12c936 
[ 3441.241912]  
[ 3441.350232] IR: [03932] scan key value is 0xed12c936 
[ 3441.350237]  
[ 3441.458534] IR: [03932] scan key value is 0xed12c936 
[ 3441.458540]  
[ 3442.100260] IR: [03932] scan key value is 0xec13c936 
[ 3442.100265]  
[ 3442.152847] IR: [03932] scan key value is 0xec13c936 
[ 3442.152852]  
[ 3443.567843] IR: [03932] scan key value is 0xed12c936 
[ 3443.567849]  
[ 3443.620432] IR: [03932] scan key value is 0xed12c936 
[ 3443.620438]  
[ 3443.728746] IR: [03932] scan key value is 0xed12c936 
[ 3443.728750]  
[ 3443.837068] IR: [03932] scan key value is 0xed12c936 
[ 3443.837073]  
[ 3443.945386] IR: [03932] scan key value is 0xed12c936 
[ 3443.945391]  
[ 3444.837718] IR: [03932] scan key value is 0xed12c936 
[ 3444.837723]  
[ 3444.890309] IR: [03932] scan key value is 0xed12c936 
[ 3444.890314]  
[ 3444.998624] IR: [03932] scan key value is 0xed12c936 
[ 3444.998630]  
[ 3445.304565] IR: [03932] scan key value is 0xed12c936 
[ 3445.304569]  
[ 3445.357162] IR: [03932] scan key value is 0xed12c936 
[ 3445.357167]  
[ 3445.564733] IR: [03932] scan key value is 0xed12c936 
[ 3445.564738]  
[ 3445.617324] IR: [03932] scan key value is 0xed12c936 
[ 3445.617329]  
[ 3445.725639] IR: [03932] scan key value is 0xed12c936 
[ 3445.725643]  
[ 3445.833981] IR: [03932] scan key value is 0xed12c936 
[ 3445.833986]  
[ 3746.562809] IR: [03932] scan key value is 0xf10ec936 
[ 3746.562814]  
[ 3746.615404] IR: [03932] scan key value is 0xf10ec936 
[ 3746.615409]  
[ 3747.997717] IR: [03932] scan key value is 0xee11c936 
[ 3747.997722]  
[ 3748.467499] IR: [03932] scan key value is 0xec13c936 
[ 3748.467504]  
[ 3748.520086] IR: [03932] scan key value is 0xec13c936 
[ 3748.520091]  
[ 3750.934277] IR: [03932] scan key value is 0xf10ec936 
[ 3750.934282]  
[ 3750.986844] IR: [03932] scan key value is 0xf10ec936 
[ 3750.986850]  
[ 3752.226166] IR: [03932] scan key value is 0xf10ec936 
[ 3752.226171]  
[ 3752.278756] IR: [03932] scan key value is 0xf10ec936 
[ 3752.278761]  
[ 3753.264390] IR: [03932] scan key value is 0xf10ec936 
[ 3753.264395]  
[ 3753.316979] IR: [03932] scan key value is 0xf10ec936 
[ 3753.316984]  
[ 3754.079208] IR: [03932] scan key value is 0xeb14c936 
[ 3754.079212]  
[ 3754.131794] IR: [03932] scan key value is 0xeb14c936 
[ 3754.131798]  
[ 3754.787237] IR: [03932] scan key value is 0xec13c936 
[ 3754.787242]  
[ 3754.839817] IR: [03932] scan key value is 0xec13c936 
[ 3754.839822]  
[ 3756.383555] IR: [03932] scan key value is 0xec13c936 
[ 3756.383560]  
[ 3756.436150] IR: [03932] scan key value is 0xec13c936 
[ 3756.436155]  
[ 3757.589434] IR: [03932] scan key value is 0xeb14c936 
[ 3757.589439]  
[ 3757.642034] IR: [03932] scan key value is 0xeb14c936 
[ 3757.642039]  
[ 3758.503975] IR: [03932] scan key value is 0xee11c936 
[ 3758.503980]  
[ 3758.556558] IR: [03932] scan key value is 0xee11c936 
[ 3758.556563]  
[ 3761.131267] IR: [03932] scan key value is 0xf10ec936 
[ 3761.131272]  
[ 3761.183863] IR: [03932] scan key value is 0xf10ec936 
[ 3761.183868]  
[ 3789.636351] IR: [03932] scan key value is 0xee11c936 
[ 3789.636356]  
[ 3789.688941] IR: [03932] scan key value is 0xee11c936 
[ 3789.688945]  
[ 3789.958190] IR: [03932] scan key value is 0xee11c936 
[ 3789.958194]  
[ 3790.010775] IR: [03932] scan key value is 0xee11c936 
[ 3790.010780]  
[ 3790.481631] IR: [03932] scan key value is 0xeb14c936 
[ 3790.481636]  
[ 3790.534224] IR: [03932] scan key value is 0xeb14c936 
[ 3790.534229]  
[ 3791.218217] IR: [03932] scan key value is 0xea15c936 
[ 3791.218222]  
[ 3791.270805] IR: [03932] scan key value is 0xea15c936 
[ 3791.270810]  
[ 3791.979927] IR: [03932] scan key value is 0xeb14c936 
[ 3791.979932]  
[ 3792.032514] IR: [03932] scan key value is 0xeb14c936 
[ 3792.032519]  
[ 3792.338894] IR: [03932] scan key value is 0xec13c936 
[ 3792.338898]  
[ 3792.391490] IR: [03932] scan key value is 0xec13c936 
[ 3792.391495]  
[ 3794.469863] IR: [03932] scan key value is 0xeb14c936 
[ 3794.469868]  
[ 3794.522449] IR: [03932] scan key value is 0xeb14c936 
[ 3794.522454]  
[ 3794.845485] IR: [03932] scan key value is 0xec13c936 
[ 3794.845489]  
[ 3794.898075] IR: [03932] scan key value is 0xec13c936 
[ 3794.898081]  
[ 3796.036977] IR: [03932] scan key value is 0xeb14c936 
[ 3796.036982]  
[ 3796.089566] IR: [03932] scan key value is 0xeb14c936 
[ 3796.089570]  
[ 3796.197878] IR: [03932] scan key value is 0xeb14c936 
[ 3796.197883]  
[ 3796.877097] IR: [03932] scan key value is 0xec13c936 
[ 3796.877102]  
[ 3796.929689] IR: [03932] scan key value is 0xec13c936 
[ 3796.929694]  
[ 3799.119769] IR: [03932] scan key value is 0xea15c936 
[ 3799.119774]  
[ 3799.172370] IR: [03932] scan key value is 0xea15c936 
[ 3799.172375]  
[ 3799.373865] IR: [03932] scan key value is 0xea15c936 
[ 3799.373870]  
[ 3799.426461] IR: [03932] scan key value is 0xea15c936 
[ 3799.426466]  
[ 3800.420705] IR: [03932] scan key value is 0xea15c936 
[ 3800.420710]  
[ 3800.473301] IR: [03932] scan key value is 0xea15c936 
[ 3800.473306]  
[ 3800.673767] IR: [03932] scan key value is 0xea15c936 
[ 3800.673772]  
[ 3800.726357] IR: [03932] scan key value is 0xea15c936 
[ 3800.726362]  
[ 3800.834660] IR: [03932] scan key value is 0xea15c936 
[ 3800.834664]  
[ 3800.942956] IR: [03932] scan key value is 0xea15c936 
[ 3800.942961]  
[ 3801.051260] IR: [03932] scan key value is 0xea15c936 
[ 3801.051265]  
[ 3801.159558] IR: [03932] scan key value is 0xea15c936 
[ 3801.159562]  
[ 3801.267870] IR: [03932] scan key value is 0xea15c936 
[ 3801.267875]  
[ 3801.376170] IR: [03932] scan key value is 0xea15c936 
[ 3801.376175]  
[ 3801.484471] IR: [03932] scan key value is 0xea15c936 
[ 3801.484476]  
[ 3801.592786] IR: [03932] scan key value is 0xea15c936 
[ 3801.592791]  
[ 3801.701082] IR: [03932] scan key value is 0xea15c936 
[ 3801.701087]  
[ 3803.087052] IR: [03932] scan key value is 0xee11c936 
[ 3803.087057]  
[ 3803.139643] IR: [03932] scan key value is 0xee11c936 
[ 3803.139648]  
[ 3803.892539] IR: [03932] scan key value is 0xeb14c936 
[ 3803.892544]  
[ 3803.945145] IR: [03932] scan key value is 0xeb14c936 
[ 3803.945150]  
[ 3804.053447] IR: [03932] scan key value is 0xeb14c936 
[ 3804.053452]  
[ 3804.626419] IR: [03932] scan key value is 0xed12c936 
[ 3804.626424]  
[ 3804.679014] IR: [03932] scan key value is 0xed12c936 
[ 3804.679019]  
[ 3805.589363] IR: [03932] scan key value is 0xf10ec936 
[ 3805.589368]  
[ 3805.641957] IR: [03932] scan key value is 0xf10ec936 
[ 3805.641962]  
[ 3806.183780] IR: [03932] scan key value is 0xed12c936 
[ 3806.183785]  
[ 3806.236377] IR: [03932] scan key value is 0xed12c936 
[ 3806.236381]  
[ 3806.578367] IR: [03932] scan key value is 0xec13c936 
[ 3806.578372]  
[ 3806.630957] IR: [03932] scan key value is 0xec13c936 
[ 3806.630961]  
[ 3808.400386] IR: [03932] scan key value is 0xea15c936 
[ 3808.400391]  
[ 3808.452981] IR: [03932] scan key value is 0xea15c936 
[ 3808.452985]  
[ 3808.732139] IR: [03932] scan key value is 0xea15c936 
[ 3808.732143]  
[ 3808.784736] IR: [03932] scan key value is 0xea15c936 
[ 3808.784742]  
[ 3809.028920] IR: [03932] scan key value is 0xea15c936 
[ 3809.028925]  
[ 3809.081508] IR: [03932] scan key value is 0xea15c936 
[ 3809.081513]  
[ 3809.095971] qtaguid: iface_stat: stat_update() uap0 not found
[ 3809.104268] qtaguid: iface_stat: stat_update() uap0 not found
[ 3809.118436] qtaguid: iface_stat: stat_update() uap0 not found
[ 3809.330462] qtaguid: iface_stat: stat_update() uap0 not found
[ 3809.412491] IR: [03932] scan key value is 0xea15c936 
[ 3809.412496]  
[ 3809.465081] IR: [03932] scan key value is 0xea15c936 
[ 3809.465087]  
[ 3809.572869] qtaguid: iface_stat: stat_update() uap0 not found
[ 3809.732210] qtaguid: iface_stat: stat_update() uap0 not found
[ 3809.897476] IR: [03932] scan key value is 0xea15c936 
[ 3809.897480]  
[ 3809.950071] IR: [03932] scan key value is 0xea15c936 
[ 3809.950076]  
[ 3810.206777] IR: [03932] scan key value is 0xea15c936 
[ 3810.206782]  
[ 3810.259376] IR: [03932] scan key value is 0xea15c936 
[ 3810.259381]  
[ 3810.945094] IR: [03932] scan key value is 0xea15c936 
[ 3810.945099]  
[ 3810.997684] IR: [03932] scan key value is 0xea15c936 
[ 3810.997689]  
[ 3811.383837] IR: [03932] scan key value is 0xeb14c936 
[ 3811.383842]  
[ 3811.436424] IR: [03932] scan key value is 0xeb14c936 
[ 3811.436429]  
[ 3811.926683] IR: [03932] scan key value is 0xec13c936 
[ 3811.926688]  
[ 3811.979262] IR: [03932] scan key value is 0xec13c936 
[ 3811.979267]  
[ 3813.492497] IR: [03932] scan key value is 0xed12c936 
[ 3813.492501]  
[ 3813.545092] IR: [03932] scan key value is 0xed12c936 
[ 3813.545096]  
[ 3814.444383] IR: [03932] scan key value is 0xeb14c936 
[ 3814.444388]  
[ 3814.496980] IR: [03932] scan key value is 0xeb14c936 
[ 3814.496986]  
[ 3815.005536] IR: [03932] scan key value is 0xec13c936 
[ 3815.005541]  
[ 3815.058125] IR: [03932] scan key value is 0xec13c936 
[ 3815.058130]  
[ 3815.854951] IR: [03932] scan key value is 0xed12c936 
[ 3815.854956]  
[ 3815.907542] IR: [03932] scan key value is 0xed12c936 
[ 3815.907547]  
[ 3816.407047] IR: [03932] scan key value is 0xee11c936 
[ 3816.407052]  
[ 3816.459638] IR: [03932] scan key value is 0xee11c936 
[ 3816.459643]  
[ 3816.567945] IR: [03932] scan key value is 0xee11c936 
[ 3816.567950]  
[ 3816.676241] IR: [03932] scan key value is 0xee11c936 
[ 3816.676245]  
[ 3816.860783] IR: [03932] scan key value is 0xee11c936 
[ 3816.860787]  
[ 3816.913373] IR: [03932] scan key value is 0xee11c936 
[ 3816.913378]  
[ 3817.393936] IR: [03932] scan key value is 0xee11c936 
[ 3817.393941]  
[ 3817.446530] IR: [03932] scan key value is 0xee11c936 
[ 3817.446535]  
[ 3817.833366] IR: [03932] scan key value is 0xeb14c936 
[ 3817.833371]  
[ 3817.885958] IR: [03932] scan key value is 0xeb14c936 
[ 3817.885963]  
[ 3818.366643] IR: [03932] scan key value is 0xec13c936 
[ 3818.366648]  
[ 3818.419226] IR: [03932] scan key value is 0xec13c936 
[ 3818.419231]  
[ 3818.677651] init: sys_prop: permission denied uid:10000  name:sys.wifi.softap
[ 3819.139165] IR: [03932] scan key value is 0xed12c936 
[ 3819.139170]  
[ 3819.191757] IR: [03932] scan key value is 0xed12c936 
[ 3819.191762]  
[ 3819.300129] IR: [03932] scan key value is 0xed12c936 
[ 3819.300137]  
[ 3819.408375] IR: [03932] scan key value is 0xed12c936 
[ 3819.408380]  
[ 3819.945629] IR: [03932] scan key value is 0xea15c936 
[ 3819.945634]  
[ 3819.998232] IR: [03932] scan key value is 0xea15c936 
[ 3819.998237]  
[ 3820.311872] IR: [03932] scan key value is 0xea15c936 
[ 3820.311877]  
[ 3820.364463] IR: [03932] scan key value is 0xea15c936 
[ 3820.364468]  
[ 3820.728351] IR: [03932] scan key value is 0xea15c936 
[ 3820.728356]  
[ 3820.780953] IR: [03932] scan key value is 0xea15c936 
[ 3820.780958]  
[ 3821.234272] IR: [03932] scan key value is 0xeb14c936 
[ 3821.234277]  
[ 3821.286863] IR: [03932] scan key value is 0xeb14c936 
[ 3821.286867]  
[ 3821.663894] IR: [03932] scan key value is 0xec13c936 
[ 3821.663899]  
[ 3821.716474] IR: [03932] scan key value is 0xec13c936 
[ 3821.716479]  
[ 3830.296928] IR: [03932] scan key value is 0xeb14c936 
[ 3830.296933]  
[ 3830.349514] IR: [03932] scan key value is 0xeb14c936 
[ 3830.349518]  
[ 3830.457822] IR: [03932] scan key value is 0xeb14c936 
[ 3830.457827]  
[ 3831.318294] IR: [03932] scan key value is 0xeb14c936 
[ 3831.318298]  
[ 3831.370881] IR: [03932] scan key value is 0xeb14c936 
[ 3831.370885]  
[ 3831.903616] IR: [03932] scan key value is 0xea15c936 
[ 3831.903621]  
[ 3831.956209] IR: [03932] scan key value is 0xea15c936 
[ 3831.956213]  
[ 3832.288777] IR: [03932] scan key value is 0xea15c936 
[ 3832.288783]  
[ 3832.341367] IR: [03932] scan key value is 0xea15c936 
[ 3832.341372]  
[ 3832.531629] IR: [03932] scan key value is 0xea15c936 
[ 3832.531634]  
[ 3832.584252] IR: [03932] scan key value is 0xea15c936 
[ 3832.584261]  
[ 3833.166452] IR: [03932] scan key value is 0xec13c936 
[ 3833.166457]  
[ 3833.219045] IR: [03932] scan key value is 0xec13c936 
[ 3833.219051]  
[ 3835.091562] IR: [03932] scan key value is 0xeb14c936 
[ 3835.091566]  
[ 3835.144157] IR: [03932] scan key value is 0xeb14c936 
[ 3835.144162]  
[ 3835.582560] IR: [03932] scan key value is 0xee11c936 
[ 3835.582566]  
[ 3835.635144] IR: [03932] scan key value is 0xee11c936 
[ 3835.635149]  
[ 3835.743483] IR: [03932] scan key value is 0xee11c936 
[ 3835.743491]  
[ 3835.851749] IR: [03932] scan key value is 0xee11c936 
[ 3835.851754]  
[ 3835.960056] IR: [03932] scan key value is 0xee11c936 
[ 3835.960061]  
[ 3836.470247] IR: [03932] scan key value is 0xee11c936 
[ 3836.470253]  
[ 3836.522834] IR: [03932] scan key value is 0xee11c936 
[ 3836.522839]  
[ 3836.987328] IR: [03932] scan key value is 0xeb14c936 
[ 3836.987333]  
[ 3837.039918] IR: [03932] scan key value is 0xeb14c936 
[ 3837.039923]  
[ 3837.148227] IR: [03932] scan key value is 0xeb14c936 
[ 3837.148232]  
[ 3837.256520] IR: [03932] scan key value is 0xeb14c936 
[ 3837.256524]  
[ 3837.364823] IR: [03932] scan key value is 0xeb14c936 
[ 3837.364828]  
[ 3837.400243] init: untracked pid 2683 exited
[ 3837.405410] init: untracked pid 2684 exited
[ 3837.409776] init: untracked pid 2685 exited
[ 3837.414069] init: untracked pid 2686 exited
[ 3837.473121] IR: [03932] scan key value is 0xeb14c936 
[ 3837.473126]  
[ 3837.490761] init: untracked pid 2860 exited
[ 3837.495274] init: untracked pid 2862 exited
[ 3837.527625] init: untracked pid 2864 exited
[ 3837.532402] init: untracked pid 2865 exited
[ 3837.581424] IR: [03932] scan key value is 0xeb14c936 
[ 3837.581429]  
[ 3837.689721] IR: [03932] scan key value is 0xeb14c936 
[ 3837.689726]  
[ 3837.798015] IR: [03932] scan key value is 0xeb14c936 
[ 3837.798020]  
[ 3837.906301] IR: [03932] scan key value is 0xeb14c936 
[ 3837.906306]  
[ 3838.318479] IR: [03932] scan key value is 0xed12c936 
[ 3838.318484]  
[ 3838.371071] IR: [03932] scan key value is 0xed12c936 
[ 3838.371076]  
[ 3838.630857] IR: [03932] scan key value is 0xed12c936 
[ 3838.630862]  
[ 3838.683449] IR: [03932] scan key value is 0xed12c936 
[ 3838.683454]  
[ 3839.140791] IR: [03932] scan key value is 0xec13c936 
[ 3839.140796]  
[ 3839.193386] IR: [03932] scan key value is 0xec13c936 
[ 3839.193390]  
[ 3839.577622] IR: [03932] scan key value is 0xec13c936 
[ 3839.577627]  
[ 3839.630198] IR: [03932] scan key value is 0xec13c936 
[ 3839.630202]  
[ 3840.254393] IR: [03932] scan key value is 0xec13c936 
[ 3840.254398]  
[ 3840.306983] IR: [03932] scan key value is 0xec13c936 
[ 3840.306988]  
[ 3840.767501] IR: [03932] scan key value is 0xec13c936 
[ 3840.767506]  
[ 3840.820087] IR: [03932] scan key value is 0xec13c936 
[ 3840.820092]  
[ 3841.234250] IR: [03932] scan key value is 0xec13c936 
[ 3841.234254]  
[ 3841.286842] IR: [03932] scan key value is 0xec13c936 
[ 3841.286847]  
[ 3841.748964] IR: [03932] scan key value is 0xec13c936 
[ 3841.748969]  
[ 3841.801551] IR: [03932] scan key value is 0xec13c936 
[ 3841.801556]  
[ 3842.421550] IR: [03932] scan key value is 0xec13c936 
[ 3842.421555]  
[ 3842.474147] IR: [03932] scan key value is 0xec13c936 
[ 3842.474152]  
[ 3842.976563] IR: [03932] scan key value is 0xeb14c936 
[ 3842.976568]  
[ 3843.029169] IR: [03932] scan key value is 0xeb14c936 
[ 3843.029174]  
[ 3843.484361] IR: [03932] scan key value is 0xec13c936 
[ 3843.484365]  
[ 3843.536959] IR: [03932] scan key value is 0xec13c936 
[ 3843.536965]  
[ 3844.103839] IR: [03932] scan key value is 0xec13c936 
[ 3844.103844]  
[ 3844.156432] IR: [03932] scan key value is 0xec13c936 
[ 3844.156436]  
[ 3844.752538] IR: [03932] scan key value is 0xec13c936 
[ 3844.752543]  
[ 3844.805156] IR: [03932] scan key value is 0xec13c936 
[ 3844.805161]  
[ 3845.334080] IR: [03932] scan key value is 0xec13c936 
[ 3845.334084]  
[ 3845.386668] IR: [03932] scan key value is 0xec13c936 
[ 3845.386673]  
[ 3846.880867] IR: [03932] scan key value is 0xec13c936 
[ 3846.880872]  
[ 3846.933460] IR: [03932] scan key value is 0xec13c936 
[ 3846.933465]  
[ 3848.012813] IR: [03932] scan key value is 0xf10ec936 
[ 3848.012818]  
[ 3849.030302] IR: [03932] scan key value is 0xea15c936 
[ 3849.030306]  
[ 3849.082883] IR: [03932] scan key value is 0xea15c936 
[ 3849.082888]  
[ 3849.486381] IR: [03932] scan key value is 0xea15c936 
[ 3849.486386]  
[ 3849.538958] IR: [03932] scan key value is 0xea15c936 
[ 3849.538964]  
[ 3849.901015] IR: [03932] scan key value is 0xec13c936 
[ 3849.901020]  
[ 3849.953605] IR: [03932] scan key value is 0xec13c936 
[ 3849.953610]  
[ 3850.482858] init: untracked pid 2888 exited
[ 3858.516556] init: untracked pid 2876 exited
[ 3858.521481] init: untracked pid 2877 exited
[ 3858.527720] init: untracked pid 2878 exited
[ 3858.532148] init: untracked pid 2879 exited
[ 3858.641286] init: untracked pid 2906 exited
[ 3858.666725] init: untracked pid 2908 exited
[ 3866.141208] IR: [03932] scan key value is 0xf10ec936 
[ 3866.141213]  
[ 3866.193802] IR: [03932] scan key value is 0xf10ec936 
[ 3866.193807]  
[ 3866.787525] IR: [03932] scan key value is 0xf10ec936 
[ 3866.787530]  
[ 3866.840109] IR: [03932] scan key value is 0xf10ec936 
[ 3866.840114]  
[ 3867.001915] init: untracked pid 2991 exited
[ 3867.008690] init: untracked pid 2992 exited
[ 3867.036437] init: untracked pid 2946 exited
[ 3867.040914] init: untracked pid 2947 exited
[ 3867.045325] init: untracked pid 2948 exited
[ 3867.049751] init: untracked pid 2949 exited
[ 3867.520070] IR: [03932] scan key value is 0xeb14c936 
[ 3867.520076]  
[ 3867.572666] IR: [03932] scan key value is 0xeb14c936 
[ 3867.572671]  
[ 3867.910694] IR: [03932] scan key value is 0xec13c936 
[ 3867.910699]  
[ 3867.963283] IR: [03932] scan key value is 0xec13c936 
[ 3867.963288]  
[ 3872.631261] IR: [03932] scan key value is 0xea15c936 
[ 3872.631266]  
[ 3872.683851] IR: [03932] scan key value is 0xea15c936 
[ 3872.683856]  
[ 3872.792167] IR: [03932] scan key value is 0xea15c936 
[ 3872.792175]  
[ 3872.900469] IR: [03932] scan key value is 0xea15c936 
[ 3872.900474]  
[ 3873.008789] IR: [03932] scan key value is 0xea15c936 
[ 3873.008794]  
[ 3873.117096] IR: [03932] scan key value is 0xea15c936 
[ 3873.117100]  
[ 3873.225421] IR: [03932] scan key value is 0xea15c936 
[ 3873.225426]  
[ 3873.333770] IR: [03932] scan key value is 0xea15c936 
[ 3873.333778]  
[ 3873.442038] IR: [03932] scan key value is 0xea15c936 
[ 3873.442043]  
[ 3873.550348] IR: [03932] scan key value is 0xea15c936 
[ 3873.550354]  
[ 3873.658653] IR: [03932] scan key value is 0xea15c936 
[ 3873.658657]  
[ 3873.766958] IR: [03932] scan key value is 0xea15c936 
[ 3873.766963]  
[ 3873.875258] IR: [03932] scan key value is 0xea15c936 
[ 3873.875263]  
[ 3874.818968] IR: [03932] scan key value is 0xee11c936 
[ 3874.818972]  
[ 3874.871553] IR: [03932] scan key value is 0xee11c936 
[ 3874.871558]  
[ 3874.892145] init: untracked pid 3005 exited
[ 3874.896837] init: untracked pid 3006 exited
[ 3874.901232] init: untracked pid 3007 exited
[ 3874.921779] init: untracked pid 3008 exited
[ 3875.626995] IR: [03932] scan key value is 0xeb14c936 
[ 3875.627000]  
[ 3875.679590] IR: [03932] scan key value is 0xeb14c936 
[ 3875.679595]  
[ 3876.082964] IR: [03932] scan key value is 0xec13c936 
[ 3876.082969]  
[ 3876.135551] IR: [03932] scan key value is 0xec13c936 
[ 3876.135556]  
shell@android:/ $ 
shell@android:/ $ 
shell@android:/ $ lohcat -c;logcat
/system/bin/sh: lohcat: not found
--------- beginning of /dev/log/system
I/StatusBar.HeightReceiver( 1143): Resizing status bar plugged=false height=48 old=48
D/WifiService(  973): New client listening to asynchronous messages
I/ActivityManager(  973): Start proc com.aidufei.cibn.uploadchecker for content provider com.aidufei.cibn.uploadchecker/.contentprovider.AuthResultProvider: pid=1345 uid=10002 gids={3003}
I/ActivityManager(  973): Start proc com.android.phone for content provider com.android.providers.telephony/.TelephonyProvider: pid=1364 uid=1001 gids={1015}
D/PowerManagerService(  973): bootCompleted
V/DevicePolicyManagerService(  973): Sending password expiration notifications for action android.intent.action.BOOT_COMPLETED
I/ActivityManager(  973): Start proc com.android.contacts for broadcast com.android.contacts/.calllog.CallLogReceiver: pid=1387 uid=10001 gids={3003, 1015}
V/WiredAccessoryObserver(  973): init()
W/WiredAccessoryObserver(  973): This kernel does not have wired headset support
W/WiredAccessoryObserver(  973): This kernel does not have wired headset support
W/WiredAccessoryObserver(  973): This kernel does not have wired headset support
I/ActivityManager(  973): Start proc com.coship.HS for broadcast com.coship.HS/.AutoStartReceiver: pid=1447 uid=1000 gids={3003, 1015, 3002, 3001, 3004}
I/MicrophoneObserver(  973): Microphone PLUG_IN
V/EthernetMonitor(  973): get event eth0:16:
V/EthernetMonitor(  973): dev: eth0 ev 16
V/EthernetStateTracker(  973): report interface is up for eth0
V/EthernetMonitor(  973): go poll events
I/EthernetStateTracker(  973): received interface up event, kick off connection request
I/EthernetStateTracker(  973): IntentBroadcast, event=5
I/EthernetStateTracker(  973): reset device eth0
I/EthernetStateTracker(  973): trigger dhcp for device eth0
E/EthernetStateTracker(  973): DhcpHandler: DHCP request failed: DHCP result was failed
W/ProcessStats(  973): Skipping unknown process pid 1482
W/ProcessStats(  973): Skipping unknown process pid 1484
I/BootReceiver(  973): Copying /data/tombstones/tombstone_00 to DropBox (SYSTEM_TOMBSTONE)
I/ActivityManager(  973): Start proc android.process.acore for content provider com.android.providers.contacts/.CallLogProvider: pid=1501 uid=10001 gids={3003, 1015}
W/ActivityManager(  973): Timeout of broadcast BroadcastRecord{41643290 android.intent.action.BOOT_COMPLETED} - receiver=android.os.BinderProxy@416ccc60, started 16665ms ago
W/ActivityManager(  973): Receiver during timeout: ResolveInfo{4165f420 com.coship.HS.AutoStartReceiver p=0 o=0 m=0x108000}
D/EthernetStateTracker(  973): DhcpHandler: DHCP request started
I/EthernetStateTracker(  973): configureInterfaceAutoIP : ipaddr 169.254.1.75 gateway 0.0.0.0 netmask 255.255.0.0 dns1 0.0.0.0 dns2 0.0.0.0 DHCP server 0.0.0.0 lease 0 seconds
V/EthernetMonitor(  973): get event eth0:20:
V/EthernetMonitor(  973): dev: eth0 ev 20
I/EthernetStateTracker(  973): report new state CONNECTED on dev eth0
V/EthernetStateTracker(  973): update network state tracker
V/EthernetStateTracker(  973): configureInterfaceAutoIP succeeded
V/EthernetMonitor(  973): go poll events
I/EthernetStateTracker(  973): received HW connected, stack=false CC=true
I/ActivityManager(  973): Start proc com.android.providers.calendar for broadcast com.android.providers.calendar/.CalendarReceiver: pid=1526 uid=10007 gids={3003, 1015}
W/ActivityManager(  973): finishReceiver called but none active
I/BootReceiver(  973): Copying /data/tombstones/tombstone_01 to DropBox (SYSTEM_TOMBSTONE)
I/BootReceiver(  973): Copying /data/tombstones/tombstone_02 to DropBox (SYSTEM_TOMBSTONE)
I/BootReceiver(  973): Copying /data/tombstones/tombstone_03 to DropBox (SYSTEM_TOMBSTONE)
I/BootReceiver(  973): Copying /data/tombstones/tombstone_04 to DropBox (SYSTEM_TOMBSTONE)
I/ActivityManager(  973): Start proc com.coship.cw880 for broadcast com.coship.cw880/.BootCw880Recive: pid=1546 uid=1000 gids={3003, 1015, 3002, 3001, 3004}
I/BootReceiver(  973): Copying /data/tombstones/tombstone_05 to DropBox (SYSTEM_TOMBSTONE)
I/ActivityManager(  973): Start proc android.process.media for broadcast com.android.providers.downloads/.DownloadReceiver: pid=1563 uid=10012 gids={1015, 1023, 1024, 2001, 3003, 3007}
I/BootReceiver(  973): Copying /data/tombstones/tombstone_06 to DropBox (SYSTEM_TOMBSTONE)
W/ProcessStats(  973): Skipping unknown process pid 1481
I/BootReceiver(  973): Copying /data/tombstones/tombstone_07 to DropBox (SYSTEM_TOMBSTONE)
W/MountService(  973): getVolumeState(/mnt/sdcard): Unknown volume
E/ActivityManager(  973): CPU usage from 2351ms to 2925ms later:
E/ActivityManager(  973):   112% 973/system_server: 83% user + 28% kernel / faults: 519 minor
E/ActivityManager(  973):     17% 990/ActivityManager: 7.1% user + 10% kernel
E/ActivityManager(  973):     5.3% 980/Compiler: 3.5% user + 1.7% kernel
E/ActivityManager(  973):     5.3% 984/Binder Thread #: 5.3% user + 0% kernel
E/ActivityManager(  973):     3.5% 1309/Binder Thread #: 1.7% user + 1.7% kernel
E/ActivityManager(  973):     3.5% 1310/Binder Thread #: 1.7% user + 1.7% kernel
E/ActivityManager(  973):     3.5% 1312/Binder Thread #: 3.5% user + 0% kernel
E/ActivityManager(  973):     3.5% 1578/Binder Thread #: 1.7% user + 1.7% kernel
E/ActivityManager(  973):     1.7% 982/FinalizerDaemon: 0% user + 1.7% kernel
E/ActivityManager(  973):     1.7% 985/Binder Thread #: 0% user + 1.7% kernel
E/ActivityManager(  973):     1.7% 1311/Binder Thread #: 1.7% user + 0% kernel
E/ActivityManager(  973):     1.7% 1491/pool-1-thread-1: 0% user + 1.7% kernel
E/ActivityManager(  973):   61% 1563/android.process.media: 42% user + 18% kernel / faults: 1737 minor 4 major
E/ActivityManager(  973):     29% 1563/re-initialized>: 24% user + 5.5% kernel
E/ActivityManager(  973):     9.2% 1565/GC: 7.4% user + 1.8% kernel
E/ActivityManager(  973):     3.7% 1575/Binder Thread #: 1.8% user + 1.8% kernel
E/ActivityManager(  973):     1.8% 1571/Compiler: 0% user + 1.8% kernel
E/ActivityManager(  973):     1.8% 1576/Binder Thread #: 1.8% user + 0% kernel
E/ActivityManager(  973):    +0% 1581/thumbs thread: 0% user + 0% kernel
E/ActivityManager(  973):    +0% 1583/Binder Thread #: 0% user + 0% kernel
E/ActivityManager(  973):   48% 1501/android.process.acore: 39% user + 8.9% kernel / faults: 561 minor 11 major
E/ActivityManager(  973):     28% 1561/ContactsProvide: 23% user + 5.3% kernel
E/ActivityManager(  973):     10% 1552/ApplicationsPro: 8.9% user + 1.7% kernel
E/ActivityManager(  973):     5.3% 1508/Compiler: 5.3% user + 0% kernel
E/ActivityManager(  973):   36% 421/mmcqd: 0% user + 36% kernel
E/ActivityManager(  973):   33% 1345/com.aidufei.cibn.uploadchecker: 26% user + 7.1% kernel / faults: 406 minor
E/ActivityManager(  973):     21% 1560/AsyncTask #1: 16% user + 5.3% kernel
E/ActivityManager(  973):     10% 1347/GC: 10% user + 0% kernel
E/ActivityManager(  973):     5.3% 1352/Compiler: 3.5% user + 1.7% kernel
E/ActivityManager(  973):    +0% 1579/RefQueueWorker@: 0% user + 0% kernel
E/ActivityManager(  973):   23% 754/ld-linux.so.3: 8.9% user + 14% kernel
E/ActivityManager(  973):     17% 1051/CECMonitor: 1.7% user + 16% kernel
E/ActivityManager(  973):     1.7% 988/ld-linux.so.3: 1.7% user + 0% kernel
E/ActivityManager(  973):     1.7% 1007/754keypad Input: 1.7% user + 0% kernel
E/ActivityManager(  973):     1.7% 1009/754Linux hotplu: 0% user + 1.7% kernel
E/ActivityManager(  973):     1.7% 1029/MControl Monito: 1.7% user + 0% kernel
E/ActivityManager(  973):   7% 742/zygote: 3.5% user + 3.5% kernel / faults: 444 minor 12 major
E/ActivityManager(  973):     7% 742/zygote: 3.5% user + 3.5% kernel
E/ActivityManager(  973):   1.7% 744/mediaserver: 0% user + 1.7% kernel
E/ActivityManager(  973):     1.7% 965/AudioOut_1: 0% user + 1.7% kernel
E/ActivityManager(  973):   0.9% 1130/com.aidufei.movieonline: 0% user + 0.9% kernel / faults: 61 minor
E/ActivityManager(  973):     0.9% 1330/Thread-25: 0% user + 0.9% kernel
E/ActivityManager(  973):   1% 1253/com.coship.easycontrolime: 1% user + 0% kernel / faults: 463 minor 11 major
E/ActivityManager(  973):     1% 1289/Binder Thread #: 1% user + 0% kernel
E/ActivityManager(  973):   1.7% 1387/com.android.contacts: 0% user + 1.7% kernel / faults: 226 minor 2 major
E/ActivityManager(  973):     1.7% 1387/ndroid.contacts: 1.7% user + 0% kernel
E/ActivityManager(  973):   1.8% 1543/ksdioirqd/mmc1: 0% user + 1.8% kernel
E/ActivityManager(  973): 93% TOTAL: 42% user + 25% kernel + 25% iowait + 0.3% softirq
W/ActivityManager(  973): Killing ProcessRecord{4169fa18 1447:com.coship.HS/1000}: background ANR
I/ActivityManager(  973): Process com.coship.HS (pid 1447) has died.
W/ActivityManager(  973): Scheduling restart of crashed service com.coship.HS/.HSEventMonitorService in 5000ms
W/ActivityManager(  973): Scheduling restart of crashed service com.coship.HS/.BluetoothHeadsetService in 14999ms
I/ActivityManager(  973): START {flg=0x10000000 cmp=com.google.android.gsf/.update.SystemUpdateInstallDialog} from pid 1292
I/UsageStats(  973): No package stats for pkg:com.coship.cibn
W/InputManagerService(  973): Window already focused, ignoring focus gain of: com.android.internal.view.IInputMethodClient$Stub$Proxy@416b7510
I/ActivityManager(  973): Start proc com.android.settings for broadcast com.android.settings/.SettingGlobalReceiver: pid=1600 uid=1000 gids={3003, 1015, 3002, 3001, 3004}
V/EthernetMonitor(  973): get event eth0:21:
V/EthernetMonitor(  973): dev: eth0 ev 21
V/EthernetStateTracker(  973): report address is removed for eth0
V/EthernetMonitor(  973): go poll events
I/EthernetStateTracker(  973): received interface address remove event
V/EthernetMonitor(  973): get event eth0:20:
V/EthernetMonitor(  973): dev: eth0 ev 20
I/EthernetStateTracker(  973): report new state CONNECTED on dev eth0
V/EthernetStateTracker(  973): update network state tracker
V/EthernetStateTracker(  973): getEthernetIPAddr : 192.168.2.108
V/EthernetStateTracker(  973): configureInterfaceAutoIP skip!!
V/EthernetMonitor(  973): go poll events
I/EthernetStateTracker(  973): received HW connected, stack=true CC=true
I/ActivityManager(  973): Start proc com.iflytek.vac for broadcast com.iflytek.vaf/com.iflytek.vocmd.Loader: pid=1631 uid=10030 gids={3003, 1015}
D/EthernetStateTracker(  973): DhcpHandler: DHCP request succeeded: addr: 192.168.2.108/24 mRoutes: 0.0.0.0/0 -> 192.168.2.1 |  dns: 192.168.99.5,192.168.99.4 dhcpServer: 192.168.2.1 leaseDuration: 7200
I/ActivityManager(  973): Start proc com.coship.changetheaudiooutput for broadcast com.coship.changetheaudiooutput/.BootCompletedReceiver: pid=1648 uid=10034 gids={3002, 3001, 3004}
I/EthernetStateTracker(  973): received configured succeeded, stack=true CC=true
D/ConnectivityService(  973): ConnectivityChange for ETH: CONNECTED/CONNECTED
I/ActivityManager(  973): Start proc com.iflytek.vaf.svc.rec for service com.iflytek.vaf/.svc.VAFSvc: pid=1664 uid=10030 gids={3003, 1015}
I/EthernetStateTracker(  973): IntentBroadcast, event=1
I/ActivityManager(  973): Start proc com.iflytek.xiri.recorder.svc for service com.iflytek.xiri.recorder.svc/.PCMRecorderSvc: pid=1679 uid=10031 gids={3003, 1015}
I/ActivityManager(  973): Start proc com.coship.TestApp for broadcast com.coship.TestApp/.BootCompletedReceiver: pid=1699 uid=1000 gids={3003, 1015, 3002, 3001, 3004}
I/ActivityManager(  973): Start proc com.iflytek.speech for service com.iflytek.speech/.SpeechService: pid=1724 uid=10027 gids={1015, 3003, 1007}
I/ActivityManager(  973): Start proc com.coship.HS for service com.coship.HS/.HSEventMonitorService: pid=1743 uid=1000 gids={3003, 1015, 3002, 3001, 3004}
I/ActivityManager(  973): Start proc com.coship.startwizard for broadcast com.coship.startwizard/.service.BootBroadcastReceiver: pid=1758 uid=1000 gids={3003, 1015, 3002, 3001, 3004}
I/ActivityManager(  973): Start proc com.coship.stpservice for service com.coship.stpservice/.StpService: pid=1771 uid=1000 gids={3003, 1015, 3002, 3001, 3004}
I/ActivityManager(  973): START {flg=0x10000000 cmp=com.coship.startwizard/.Step0TestScreenPixes} from pid 1758
W/InputManagerService(  973): Starting input on non-focused client com.android.internal.view.IInputMethodClient$Stub$Proxy@4163e198 (uid=10006 pid=1228)
I/ActivityManager(  973): Start proc com.coship.sdp.sce.tvappstore for broadcast com.coship.sdp.sce.tvappstore/.listener.BootCompletedReceiver: pid=1796 uid=1000 gids={3003, 1015, 3002, 3001, 3004}
W/MountService(  973): getVolumeState(/mnt/sdcard): Unknown volume
W/MountService(  973): getVolumeState(/mnt/sdcard): Unknown volume
I/ActivityManager(  973): Start proc xcxin.fehd for broadcast xcxin.fehd/xcxin.filexpert.receiver.BootCompleteReceiver: pid=1811 uid=10051 gids={3003, 1007, 1015, 3002, 3001, 3004, 1006}
I/ActivityManager(  973): Start proc com.netease.vopen.tablet for broadcast com.netease.vopen.tablet/vopen.app.BootReceiver: pid=1831 uid=10054 gids={3003, 1015, 1007}
I/ActivityManager(  973): Start proc com.zomut.watchdog for broadcast com.zomut.watchdog/.library.OnBootStarter: pid=1846 uid=10056 gids={}
I/ActivityManager(  973): Start proc com.biaoqi.stbwidget.host for broadcast com.biaoqi.stbwidget.host/.NetworkStatusChangeReceiver: pid=1860 uid=10029 gids={3003}
I/ActivityManager(  973): Start proc com.woanlianta.thunderracing for broadcast com.woanlianta.thunderracing/com.miny.main.mReciver: pid=1876 uid=10049 gids={3003, 1015}
W/MountService(  973): getVolumeState(/mnt/sdcard): Unknown volume
W/MountService(  973): getVolumeState(/mnt/sdcard): Unknown volume
W/MountService(  973): getVolumeState(/mnt/sdcard): Unknown volume
W/MountService(  973): getVolumeState(/mnt/sdcard): Unknown volume
I/ActivityManager(  973): Process com.coship.sdp.sce.tvappstore (pid 1796) has died.
W/ActivityManager(  973): Scheduling restart of crashed service com.coship.sdp.sce.tvappstore/.app.service.AppStoreCoreService in 5000ms
I/ActivityManager(  973): Start proc com.funzio.crimecity for broadcast com.funzio.crimecity/jp.gree.rpgplus.game.services.time.TimeChangedReceiver: pid=1913 uid=10050 gids={3003, 1015}
W/MountService(  973): getVolumeState(/mnt/sdcard): Unknown volume
W/MountService(  973): getVolumeState(/mnt/sdcard): Unknown volume
W/MountService(  973): getVolumeState(/mnt/sdcard): Unknown volume
W/MountService(  973): getVolumeState(/mnt/sdcard): Unknown volume
W/MountService(  973): getVolumeState(/mnt/sdcard): Unknown volume
W/MountService(  973): getVolumeState(/mnt/sdcard): Unknown volume
W/MountService(  973): getVolumeState(/mnt/sdcard): Unknown volume
I/ActivityManager(  973): Start proc com.coship.adjustthevolume for broadcast com.coship.adjustthevolume/.BootCompletedReceiver: pid=1938 uid=1000 gids={3003, 1015, 3002, 3001, 3004}
D/ConnectivityService(  973): handleInetConditionHoldEnd: net=9, condition=0, published condition=0
V/CheckBackdoors( 1771): add new backdoor. actionName=com.coship.adjustthevolume, backdoor.mBackdoorKey=0x5252525252
V/CheckBackdoors( 1771): add new backdoor. actionName=com.coship.adjustthevolume.Volup, backdoor.mBackdoorKey=0x18
V/CheckBackdoors( 1771): add new backdoor. actionName=com.coship.adjustthevolume.VolDown, backdoor.mBackdoorKey=0x19
I/ActivityManager(  973): Start proc com.iflytek.xiri.remotecmd for service com.iflytek.xiri.remotecmd/com.iflytek.xiri.vocmd.MyService: pid=1990 uid=10033 gids={}
I/ActivityManager(  973): Start proc com.coship.sdp.sce.tvappstore for service com.coship.sdp.sce.tvappstore/.app.service.AppStoreCoreService: pid=2146 uid=1000 gids={3003, 1015, 3002, 3001, 3004}
I/ActivityManager(  973): No longer want com.mstar.dbprovider (pid 1112): hidden #16
W/MountService(  973): getVolumeState(/mnt/sdcard): Unknown volume
W/MountService(  973): getVolumeState(/mnt/sdcard): Unknown volume
W/ThrottleService(  973): unable to find stats for iface rmnet0
I/ActivityManager(  973): START {cmp=com.coship.startwizard/.Step1GuideWelcome} from pid 1758
I/UsageStats(  973): No package stats for pkg:com.coship.startwizard
I/ActivityManager(  973): START {cmp=com.coship.startwizard/.Step2SettingDeviceName} from pid 1758
I/ActivityManager(  973): START {cmp=com.coship.startwizard/.Step3QuicklySettingRemind} from pid 1758
I/ActivityManager(  973): START {cmp=com.coship.startwizard/.Step4WaitForConnecting (has extras)} from pid 1758
I/EthernetManager( 1758): Init Ethernet Manager, service: android.net.ethernet.IEthernetManager$Stub$Proxy@414db370
I/EthernetStateTracker(  973): received interface reset event
I/EthernetStateTracker(  973): reset device eth0
I/EthernetStateTracker(  973): trigger dhcp for device eth0
D/EthernetStateTracker(  973): DhcpHandler: DHCP request started
D/EthernetStateTracker(  973): DhcpHandler: DHCP request succeeded: addr: 192.168.2.108/24 mRoutes: 0.0.0.0/0 -> 192.168.2.1 | 0.0.0.0/0 -> 192.168.2.1 |  dns: 192.168.99.5,192.168.99.4 dhcpServer: 192.168.2.1 leaseDuration: 7200
I/EthernetStateTracker(  973): received configured succeeded, stack=false CC=true
I/EthernetStateTracker(  973): setState, skip: 1
I/EthernetStateTracker(  973): IntentBroadcast, event=1
I/ActivityManager(  973): START {cmp=com.coship.startwizard/.Step5AutoConfigureSuccess (has extras)} from pid 1758
I/ActivityManager(  973): START {cmp=com.coship.startwizard/.Step6RegionSetting} from pid 1758
W/ActivityThread( 1758): ClassLoader.loadClass: The class loader returned by Thread.getContextClassLoader() may fail for processes that host multiple applications. You should explicitly specify a context class loader. For example: Thread.setContextClassLoader(getClass().getClassLoader());
I/ActivityManager(  973): START {cmp=com.coship.startwizard/.Step7FinishReport} from pid 1758
I/ActivityManager(  973): Start proc com.android.defcontainer for service com.android.defcontainer/.DefaultContainerService: pid=2274 uid=10010 gids={1015, 2001}
W/ActivityManager(  973): No content provider found for permission revoke: file:///data/data/com.coship.sdp.sce.tvappstore/app_implict/com.coship.cibn.apk
W/InputManagerService(  973): Starting input on non-focused client com.android.internal.view.IInputMethodClient$Stub$Proxy@41678cf0 (uid=1000 pid=1758)
W/ActivityManager(  973): No content provider found for permission revoke: file:///data/data/com.coship.sdp.sce.tvappstore/app_implict/com.coship.cibn.apk
I/ActivityManager(  973): No longer want com.android.contacts (pid 1387): hidden #16
I/ActivityManager(  973): START {act=com.aidufei.programDetail cmp=com.aidufei.movieonline/.ProgramDetailActivity (has extras)} from pid 1228
W/InputManagerService(  973): Starting input on non-focused client com.android.internal.view.IInputMethodClient$Stub$Proxy@4163e198 (uid=10006 pid=1228)
I/ActivityManager(  973): No longer want android.process.acore (pid 1501): hidden #16
I/ActivityManager(  973): START {flg=0x78000000 cmp=com.aidufei.movieonline/.player.VideoPlayer (has extras)} from pid 1130
I/ActivityManager(  973): Start proc com.mstar.dbprovider for content provider com.mstar.dbprovider/.MstTvUserSettingProvider: pid=2325 uid=10019 gids={}
I/ActivityManager(  973): No longer want com.coship.TestApp (pid 1699): hidden #16
W/ActivityThread( 1264): ClassLoader.loadClass: The class loader returned by Thread.getContextClassLoader() may fail for processes that host multiple applications. You should explicitly specify a context class loader. For example: Thread.setContextClassLoader(getClass().getClassLoader());
W/ThrottleService(  973): unable to find stats for iface rmnet0
W/ActivityManager(  973): Activity pause timeout for ActivityRecord{417d7de8 com.aidufei.movieonline/.player.VideoPlayer}
W/InputManagerService(  973): Starting input on non-focused client com.android.internal.view.IInputMethodClient$Stub$Proxy@417b9a48 (uid=10000 pid=1130)
I/ActivityManager(  973): No longer want com.iflytek.vaf.svc.rec (pid 1664): hidden #16
W/ActivityManager(  973): Scheduling restart of crashed service com.iflytek.vaf/.svc.VAFSvc in 5000ms
W/ActivityManager(  973): Duplicate finish request for ActivityRecord{417d7de8 com.aidufei.movieonline/.player.VideoPlayer}
I/ActivityManager(  973): Start proc com.iflytek.vaf.svc.rec for service com.iflytek.vaf/.svc.VAFSvc: pid=2374 uid=10030 gids={3003, 1015}
W/InputManagerService(  973): Window already focused, ignoring focus gain of: com.android.internal.view.IInputMethodClient$Stub$Proxy@41614f68
I/ActivityManager(  973): START {cmp=com.coship.cibn/.activity.MyAppActivity (has extras)} from pid 1228
I/ActivityManager(  973): START {act=android.intent.action.MAIN cat=[android.intent.category.LAUNCHER] flg=0x10000000 pkg=com.youku.tv cmp=com.youku.tv/.WelcomeActivity} from pid 1228
I/ActivityManager(  973): Start proc com.youku.tv for activity com.youku.tv/.WelcomeActivity: pid=2422 uid=10059 gids={3003, 1006, 1015}
V/TabletStatusBar( 1143): setLightsOn(true)
W/InputManagerService(  973): Starting input on non-focused client com.android.internal.view.IInputMethodClient$Stub$Proxy@4163e198 (uid=10006 pid=1228)
I/ActivityManager(  973): START {cmp=com.youku.tv/.HomeActivity} from pid 2422
V/TabletStatusBar( 1143): setLightsOn(true)
I/ActivityManager(  973): START {cmp=com.youku.tv/com.youku.player.init.Init (has extras)} from pid 2422
V/TabletStatusBar( 1143): setLightsOn(true)
I/ActivityManager(  973): START {cmp=com.youku.tv/com.youku.player.init.Init_YoukuTv (has extras)} from pid 2422
V/TabletStatusBar( 1143): setLightsOn(true)
I/ActivityManager(  973): START {cmp=com.youku.tv/com.youku.player.paly.Play} from pid 2422
V/TabletStatusBar( 1143): setLightsOn(true)
V/CheckBackdoors( 1771): this is backdoor.
V/CheckBackdoors( 1771): Intent(com.coship.adjustthevolume)
V/CheckBackdoors( 1771): add new backdoor. actionName=com.coship.adjustthevolume.VolumeKey, backdoor.mBackdoorKey=0x15
V/CheckBackdoors( 1771): add new backdoor. actionName=com.coship.adjustthevolume.VolumeKey, backdoor.mBackdoorKey=0x16
V/CheckBackdoors( 1771): add new backdoor. actionName=com.coship.adjustthevolume.VolumeKey, backdoor.mBackdoorKey=0x4
V/CheckBackdoors( 1771): this is backdoor.
V/CheckBackdoors( 1771): Intent(com.coship.adjustthevolume)
W/InputManagerService(  973): Starting input on non-focused client com.android.internal.view.IInputMethodClient$Stub$Proxy@416ae668 (uid=10059 pid=2422)
V/CheckBackdoors( 1771): this is backdoor.
V/CheckBackdoors( 1771): Intent(com.coship.adjustthevolume)
V/CheckBackdoors( 1771): this is backdoor.
V/CheckBackdoors( 1771): Intent(com.coship.adjustthevolume)
V/CheckBackdoors( 1771): this is backdoor.
V/CheckBackdoors( 1771): Intent(com.coship.adjustthevolume.VolumeKey)
V/CheckBackdoors( 1771): this is backdoor.
V/CheckBackdoors( 1771): Intent(com.coship.adjustthevolume.VolumeKey)
V/CheckBackdoors( 1771): this is backdoor.
V/CheckBackdoors( 1771): Intent(com.coship.adjustthevolume.VolumeKey)
V/CheckBackdoors( 1771): this is backdoor.
V/CheckBackdoors( 1771): Intent(com.coship.adjustthevolume.VolumeKey)
V/CheckBackdoors( 1771): this is backdoor.
V/CheckBackdoors( 1771): Intent(com.coship.adjustthevolume.VolumeKey)
V/CheckBackdoors( 1771): this is backdoor.
V/CheckBackdoors( 1771): Intent(com.coship.adjustthevolume.VolumeKey)
V/CheckBackdoors( 1771): this is backdoor.
V/CheckBackdoors( 1771): Intent(com.coship.adjustthevolume.VolumeKey)
V/CheckBackdoors( 1771): this is backdoor.
V/CheckBackdoors( 1771): Intent(com.coship.adjustthevolume.VolumeKey)
V/CheckBackdoors( 1771): this is backdoor.
V/CheckBackdoors( 1771): Intent(com.coship.adjustthevolume.VolumeKey)
V/CheckBackdoors( 1771): this is backdoor.
V/CheckBackdoors( 1771): Intent(com.coship.adjustthevolume.VolumeKey)
V/CheckBackdoors( 1771): now remove the backdoor: index =3, actionName=com.coship.adjustthevolume.VolumeKey, backdoor.mBackdoorKey=0x15
V/CheckBackdoors( 1771): now remove the backdoor: index =3, actionName=com.coship.adjustthevolume.VolumeKey, backdoor.mBackdoorKey=0x16
V/CheckBackdoors( 1771): now remove the backdoor: index =3, actionName=com.coship.adjustthevolume.VolumeKey, backdoor.mBackdoorKey=0x4
V/TabletStatusBar( 1143): setLightsOn(true)
W/ThrottleService(  973): unable to find stats for iface rmnet0
I/ActivityManager(  973): No longer want com.coship.Multimedia (pid 1314): hidden #16
I/ActivityManager(  973): No longer want android.process.media (pid 1563): hidden #17
I/ActivityManager(  973): No longer want com.android.providers.calendar (pid 1526): hidden #18
I/ActivityManager(  973): No longer want com.netease.vopen.tablet (pid 1831): hidden #19
I/ActivityManager(  973): No longer want com.iflytek.vac (pid 1631): hidden #20
I/ActivityManager(  973): No longer want com.coship.changetheaudiooutput (pid 1648): hidden #21
I/ActivityManager(  973): No longer want com.coship.cw880 (pid 1546): hidden #22
W/ActivityManager(  973): Scheduling restart of crashed service com.iflytek.vaf/com.iflytek.vocmd.StartService in 5000ms
W/ActivityManager(  973): Scheduling restart of crashed service com.iflytek.vaf/com.iflytek.vac.Manager in 14999ms
W/ActivityManager(  973): Scheduling restart of crashed service com.iflytek.vaf/com.iflytek.vocmd.Context in 24997ms
W/ActivityManager(  973): Scheduling restart of crashed service com.coship.changetheaudiooutput/.AudioOutputServer in 34984ms
W/ActivityManager(  973): Scheduling restart of crashed service com.coship.cw880/.MonitorCw880 in 44980ms
W/ActivityManager(  973): Scheduling restart of crashed service com.coship.Multimedia/.view.BackService in 54974ms
E/ActivityThread( 2374): Service com.iflytek.vaf.svc.VAFSvc has leaked IntentReceiver com.iflytek.vaf.svc.RemoteClientMonitor$5@416ade98 that was originally registered here. Are you missing a call to unregisterReceiver()?
E/ActivityThread( 2374): android.app.IntentReceiverLeaked: Service com.iflytek.vaf.svc.VAFSvc has leaked IntentReceiver com.iflytek.vaf.svc.RemoteClientMonitor$5@416ade98 that was originally registered here. Are you missing a call to unregisterReceiver()?
E/ActivityThread( 2374):        at android.app.LoadedApk$ReceiverDispatcher.<init>(LoadedApk.java:763)
E/ActivityThread( 2374):        at android.app.LoadedApk.getReceiverDispatcher(LoadedApk.java:567)
E/ActivityThread( 2374):        at android.app.ContextImpl.registerReceiverInternal(ContextImpl.java:1068)
E/ActivityThread( 2374):        at android.app.ContextImpl.registerReceiver(ContextImpl.java:1055)
E/ActivityThread( 2374):        at android.app.ContextImpl.registerReceiver(ContextImpl.java:1049)
E/ActivityThread( 2374):        at android.content.ContextWrapper.registerReceiver(ContextWrapper.java:341)
E/ActivityThread( 2374):        at com.iflytek.vaf.svc.RemoteClientMonitor.<init>(RemoteClientMonitor.java:270)
E/ActivityThread( 2374):        at com.iflytek.vaf.svc.VAFSvc$VafSvcImp.<init>(VAFSvc.java:268)
E/ActivityThread( 2374):        at com.iflytek.vaf.svc.VAFSvc.onCreate(VAFSvc.java:795)
E/ActivityThread( 2374):        at android.app.ActivityThread.handleCreateService(ActivityThread.java:2253)
E/ActivityThread( 2374):        at android.app.ActivityThread.access$1600(ActivityThread.java:123)
E/ActivityThread( 2374):        at android.app.ActivityThread$H.handleMessage(ActivityThread.java:1201)
E/ActivityThread( 2374):        at android.os.Handler.dispatchMessage(Handler.java:99)
E/ActivityThread( 2374):        at android.os.Looper.loop(Looper.java:137)
E/ActivityThread( 2374):        at android.app.ActivityThread.main(ActivityThread.java:4424)
E/ActivityThread( 2374):        at java.lang.reflect.Method.invokeNative(Native Method)
E/ActivityThread( 2374):        at java.lang.reflect.Method.invoke(Method.java:511)
E/ActivityThread( 2374):        at com.android.internal.os.ZygoteInit$MethodAndArgsCaller.run(ZygoteInit.java:848)
E/ActivityThread( 2374):        at com.android.internal.os.ZygoteInit.main(ZygoteInit.java:575)
E/ActivityThread( 2374):        at dalvik.system.NativeStart.main(Native Method)
E/ActivityThread( 2374): Service com.iflytek.vaf.svc.VAFSvc has leaked IntentReceiver com.iflytek.vaf.svc.CheckNetWork$1@415ff798 that was originally registered here. Are you missing a call to unregisterReceiver()?
E/ActivityThread( 2374): android.app.IntentReceiverLeaked: Service com.iflytek.vaf.svc.VAFSvc has leaked IntentReceiver com.iflytek.vaf.svc.CheckNetWork$1@415ff798 that was originally registered here. Are you missing a call to unregisterReceiver()?
E/ActivityThread( 2374):        at android.app.LoadedApk$ReceiverDispatcher.<init>(LoadedApk.java:763)
E/ActivityThread( 2374):        at android.app.LoadedApk.getReceiverDispatcher(LoadedApk.java:567)
E/ActivityThread( 2374):        at android.app.ContextImpl.registerReceiverInternal(ContextImpl.java:1068)
E/ActivityThread( 2374):        at android.app.ContextImpl.registerReceiver(ContextImpl.java:1055)
E/ActivityThread( 2374):        at android.app.ContextImpl.registerReceiver(ContextImpl.java:1049)
E/ActivityThread( 2374):        at android.content.ContextWrapper.registerReceiver(ContextWrapper.java:341)
E/ActivityThread( 2374):        at com.iflytek.vaf.svc.CheckNetWork.init(CheckNetWork.java:130)
E/ActivityThread( 2374):        at com.iflytek.vaf.svc.Talker.<init>(Talker.java:319)
E/ActivityThread( 2374):        at com.iflytek.vaf.svc.VAFSvc$VafSvcImp.<init>(VAFSvc.java:267)
E/ActivityThread( 2374):        at com.iflytek.vaf.svc.VAFSvc.onCreate(VAFSvc.java:795)
E/ActivityThread( 2374):        at android.app.ActivityThread.handleCreateService(ActivityThread.java:2253)
E/ActivityThread( 2374):        at android.app.ActivityThread.access$1600(ActivityThread.java:123)
E/ActivityThread( 2374):        at android.app.ActivityThread$H.handleMessage(ActivityThread.java:1201)
E/ActivityThread( 2374):        at android.os.Handler.dispatchMessage(Handler.java:99)
E/ActivityThread( 2374):        at android.os.Looper.loop(Looper.java:137)
E/ActivityThread( 2374):        at android.app.ActivityThread.main(ActivityThread.java:4424)
E/ActivityThread( 2374):        at java.lang.reflect.Method.invokeNative(Native Method)
E/ActivityThread( 2374):        at java.lang.reflect.Method.invoke(Method.java:511)
E/ActivityThread( 2374):        at com.android.internal.os.ZygoteInit$MethodAndArgsCaller.run(ZygoteInit.java:848)
E/ActivityThread( 2374):        at com.android.internal.os.ZygoteInit.main(ZygoteInit.java:575)
E/ActivityThread( 2374):        at dalvik.system.NativeStart.main(Native Method)
I/ActivityManager(  973): No longer want com.woanlianta.thunderracing (pid 1876): hidden #16
W/ActivityManager(  973): Scheduling restart of crashed service com.woanlianta.thunderracing/com.miny.main.AdService in 64893ms
E/ActivityThread( 2374): Service com.iflytek.vaf.svc.VAFSvc has leaked ServiceConnection com.iflytek.business.speech.SpeechServiceUtil$2@41414898 that was originally bound here
E/ActivityThread( 2374): android.app.ServiceConnectionLeaked: Service com.iflytek.vaf.svc.VAFSvc has leaked ServiceConnection com.iflytek.business.speech.SpeechServiceUtil$2@41414898 that was originally bound here
E/ActivityThread( 2374):        at android.app.LoadedApk$ServiceDispatcher.<init>(LoadedApk.java:936)
E/ActivityThread( 2374):        at android.app.LoadedApk.getServiceDispatcher(LoadedApk.java:830)
E/ActivityThread( 2374):        at android.app.ContextImpl.bindService(ContextImpl.java:1142)
E/ActivityThread( 2374):        at android.content.ContextWrapper.bindService(ContextWrapper.java:370)
E/ActivityThread( 2374):        at com.iflytek.business.speech.SpeechServiceUtil.startSpeechService(SpeechServiceUtil.java:316)
E/ActivityThread( 2374):        at com.iflytek.business.speech.SpeechServiceUtil.<init>(SpeechServiceUtil.java:77)
E/ActivityThread( 2374):        at com.iflytek.tts.TextToSpeech.<init>(TextToSpeech.java:183)
E/ActivityThread( 2374):        at com.iflytek.vaf.svc.Speaker.<init>(Speaker.java:326)
E/ActivityThread( 2374):        at com.iflytek.vaf.svc.Speaker.getSpeaker(Speaker.java:313)
E/ActivityThread( 2374):        at com.iflytek.vaf.svc.Talker.<init>(Talker.java:349)
E/ActivityThread( 2374):        at com.iflytek.vaf.svc.VAFSvc$VafSvcImp.<init>(VAFSvc.java:267)
E/ActivityThread( 2374):        at com.iflytek.vaf.svc.VAFSvc.onCreate(VAFSvc.java:795)
E/ActivityThread( 2374):        at android.app.ActivityThread.handleCreateService(ActivityThread.java:2253)
E/ActivityThread( 2374):        at android.app.ActivityThread.access$1600(ActivityThread.java:123)
E/ActivityThread( 2374):        at android.app.ActivityThread$H.handleMessage(ActivityThread.java:1201)
E/ActivityThread( 2374):        at android.os.Handler.dispatchMessage(Handler.java:99)
E/ActivityThread( 2374):        at android.os.Looper.loop(Looper.java:137)
E/ActivityThread( 2374):        at android.app.ActivityThread.main(ActivityThread.java:4424)
E/ActivityThread( 2374):        at java.lang.reflect.Method.invokeNative(Native Method)
E/ActivityThread( 2374):        at java.lang.reflect.Method.invoke(Method.java:511)
E/ActivityThread( 2374):        at com.android.internal.os.ZygoteInit$MethodAndArgsCaller.run(ZygoteInit.java:848)
E/ActivityThread( 2374):        at com.android.internal.os.ZygoteInit.main(ZygoteInit.java:575)
E/ActivityThread( 2374):        at dalvik.system.NativeStart.main(Native Method)
E/ActivityThread( 2374): Service com.iflytek.vaf.svc.VAFSvc has leaked ServiceConnection com.iflytek.vaf.svc.Talker$3@41754e58 that was originally bound here
E/ActivityThread( 2374): android.app.ServiceConnectionLeaked: Service com.iflytek.vaf.svc.VAFSvc has leaked ServiceConnection com.iflytek.vaf.svc.Talker$3@41754e58 that was originally bound here
E/ActivityThread( 2374):        at android.app.LoadedApk$ServiceDispatcher.<init>(LoadedApk.java:936)
E/ActivityThread( 2374):        at android.app.LoadedApk.getServiceDispatcher(LoadedApk.java:830)
E/ActivityThread( 2374):        at android.app.ContextImpl.bindService(ContextImpl.java:1142)
E/ActivityThread( 2374):        at android.content.ContextWrapper.bindService(ContextWrapper.java:370)
E/ActivityThread( 2374):        at com.iflytek.vaf.svc.Talker.<init>(Talker.java:320)
E/ActivityThread( 2374):        at com.iflytek.vaf.svc.VAFSvc$VafSvcImp.<init>(VAFSvc.java:267)
E/ActivityThread( 2374):        at com.iflytek.vaf.svc.VAFSvc.onCreate(VAFSvc.java:795)
E/ActivityThread( 2374):        at android.app.ActivityThread.handleCreateService(ActivityThread.java:2253)
E/ActivityThread( 2374):        at android.app.ActivityThread.access$1600(ActivityThread.java:123)
E/ActivityThread( 2374):        at android.app.ActivityThread$H.handleMessage(ActivityThread.java:1201)
E/ActivityThread( 2374):        at android.os.Handler.dispatchMessage(Handler.java:99)
E/ActivityThread( 2374):        at android.os.Looper.loop(Looper.java:137)
E/ActivityThread( 2374):        at android.app.ActivityThread.main(ActivityThread.java:4424)
E/ActivityThread( 2374):        at java.lang.reflect.Method.invokeNative(Native Method)
E/ActivityThread( 2374):        at java.lang.reflect.Method.invoke(Method.java:511)
E/ActivityThread( 2374):        at com.android.internal.os.ZygoteInit$MethodAndArgsCaller.run(ZygoteInit.java:848)
E/ActivityThread( 2374):        at com.android.internal.os.ZygoteInit.main(ZygoteInit.java:575)
E/ActivityThread( 2374):        at dalvik.system.NativeStart.main(Native Method)
E/ActivityThread( 2374): Service com.iflytek.vaf.svc.VAFSvc has leaked ServiceConnection com.iflytek.xiri.recorder.impl.RemotePcmRecorder$2$1@415bcca0 that was originally bound here
E/ActivityThread( 2374): android.app.ServiceConnectionLeaked: Service com.iflytek.vaf.svc.VAFSvc has leaked ServiceConnection com.iflytek.xiri.recorder.impl.RemotePcmRecorder$2$1@415bcca0 that was originally bound here
E/ActivityThread( 2374):        at android.app.LoadedApk$ServiceDispatcher.<init>(LoadedApk.java:936)
E/ActivityThread( 2374):        at android.app.LoadedApk.getServiceDispatcher(LoadedApk.java:830)
E/ActivityThread( 2374):        at android.app.ContextImpl.bindService(ContextImpl.java:1142)
E/ActivityThread( 2374):        at android.content.ContextWrapper.bindService(ContextWrapper.java:370)
E/ActivityThread( 2374):        at com.iflytek.xiri.recorder.impl.RemotePcmRecorder$2.run(RemotePcmRecorder.java:206)
E/ActivityThread( 2374):        at com.iflytek.xiri.recorder.impl.RemotePcmRecorder.<init>(RemotePcmRecorder.java:213)
E/ActivityThread( 2374):        at com.iflytek.xiri.recorder.impl.RemotePcmRecorder.getPcmRecorder(RemotePcmRecorder.java:139)
E/ActivityThread( 2374):        at com.iflytek.vaf.svc.Talker.<init>(Talker.java:327)
E/ActivityThread( 2374):        at com.iflytek.vaf.svc.VAFSvc$VafSvcImp.<init>(VAFSvc.java:267)
E/ActivityThread( 2374):        at com.iflytek.vaf.svc.VAFSvc.onCreate(VAFSvc.java:795)
E/ActivityThread( 2374):        at android.app.ActivityThread.handleCreateService(ActivityThread.java:2253)
E/ActivityThread( 2374):        at android.app.ActivityThread.access$1600(ActivityThread.java:123)
E/ActivityThread( 2374):        at android.app.ActivityThread$H.handleMessage(ActivityThread.java:1201)
E/ActivityThread( 2374):        at android.os.Handler.dispatchMessage(Handler.java:99)
E/ActivityThread( 2374):        at android.os.Looper.loop(Looper.java:137)
E/ActivityThread( 2374):        at android.app.ActivityThread.main(ActivityThread.java:4424)
E/ActivityThread( 2374):        at java.lang.reflect.Method.invokeNative(Native Method)
E/ActivityThread( 2374):        at java.lang.reflect.Method.invoke(Method.java:511)
E/ActivityThread( 2374):        at com.android.internal.os.ZygoteInit$MethodAndArgsCaller.run(ZygoteInit.java:848)
E/ActivityThread( 2374):        at com.android.internal.os.ZygoteInit.main(ZygoteInit.java:575)
E/ActivityThread( 2374):        at dalvik.system.NativeStart.main(Native Method)
I/ActivityManager(  973): Start proc com.iflytek.vac for service com.iflytek.vaf/com.iflytek.vocmd.StartService: pid=2480 uid=10030 gids={3003, 1015}
I/ActivityManager(  973): Start proc com.coship.changetheaudiooutput for service com.coship.changetheaudiooutput/.AudioOutputServer: pid=2495 uid=10034 gids={3002, 3001, 3004}
I/ActivityManager(  973): Start proc com.coship.cw880 for service com.coship.cw880/.MonitorCw880: pid=2508 uid=1000 gids={3003, 1015, 3002, 3001, 3004}
W/ThrottleService(  973): unable to find stats for iface rmnet0
I/ActivityManager(  973): Start proc com.coship.Multimedia for service com.coship.Multimedia/.view.BackService: pid=2523 uid=1000 gids={3003, 1015, 3002, 3001, 3004}
I/ActivityManager(  973): Start proc com.woanlianta.thunderracing for service com.woanlianta.thunderracing/com.miny.main.AdService: pid=2536 uid=10049 gids={3003, 1015}
W/ThrottleService(  973): unable to find stats for iface rmnet0
V/TabletStatusBar( 1143): setLightsOn(true)
I/ActivityManager(  973): START {cmp=com.youku.tv/com.youku.player.init.Init (has extras)} from pid 2422
V/TabletStatusBar( 1143): setLightsOn(true)
I/ActivityManager(  973): START {cmp=com.youku.tv/com.youku.player.init.Init_YoukuTv (has extras)} from pid 2422
V/TabletStatusBar( 1143): setLightsOn(true)
I/ActivityManager(  973): START {cmp=com.youku.tv/com.youku.player.paly.Play} from pid 2422
V/TabletStatusBar( 1143): setLightsOn(true)
W/ThrottleService(  973): unable to find stats for iface rmnet0
V/EthernetMonitor(  973): get event eth0:17:
V/EthernetMonitor(  973): dev: eth0 ev 17
I/EthernetStateTracker(  973): report new state DISCONNECTED on dev eth0
V/EthernetStateTracker(  973): update network state tracker
V/EthernetMonitor(  973): go poll events
I/EthernetStateTracker(  973): received disconnected events, stack=true CC=true
I/EthernetStateTracker(  973): stop dhcp and interface
V/EthernetMonitor(  973): get event eth0:21:
V/EthernetMonitor(  973): dev: eth0 ev 21
V/EthernetStateTracker(  973): report address is removed for eth0
W/EthernetStateTracker(  973): stopInterface --> clearAddresses ret = true
D/ConnectivityService(  973): ConnectivityChange for ETH: DISCONNECTED/DISCONNECTED
E/MobileDataStateTracker(  973): default: Ignoring feature request because could not acquire PhoneService
E/MobileDataStateTracker(  973): default: Could not enable APN type "default"
D/ConnectivityService(  973): Attempting to switch to mobile
I/EthernetStateTracker(  973): IntentBroadcast, event=4
V/EthernetMonitor(  973): go poll events
I/PppoeStateTracker(  973): receive EthernetStateTracker.EVENT_HW_DISCONNECTED
I/EthernetStateTracker(  973): received interface address remove event
V/EthernetStateTracker(  973): configureInterfaceAutoIP skip!
D/ConnectivityService(  973): Attempting to switch to WIFI
D/ConnectivityService(  973): Attempting to switch to pppoe
E/ConnectivityService(  973): Exception trying to remove a route: java.lang.IllegalStateException: Unable to communicate with native dameon to add routes - com.android.server.NativeDaemonConnectorException: Cmd {interface route remove eth0 default 192.168.2.1 32 0.0.0.0} failed with code 400 : {Failed to remove route from default table (No such process)}
E/ConnectivityService(  973): Exception trying to remove a route: java.lang.IllegalStateException: Unable to communicate with native dameon to add routes - com.android.server.NativeDaemonConnectorException: Cmd {interface route remove eth0 default 0.0.0.0 0 192.168.2.1} failed with code 400 : {Failed to remove route from default table (No such process)}
I/ActivityManager(  973): Start proc android.process.media for broadcast com.android.providers.downloads/.DownloadReceiver: pid=2571 uid=10012 gids={1015, 1023, 1024, 2001, 3003, 3007}
W/MountService(  973): getVolumeState(/mnt/sdcard): Unknown volume
W/MountService(  973): getVolumeState(/mnt/sdcard): Unknown volume
W/MountService(  973): getVolumeState(/mnt/sdcard): Unknown volume
W/MountService(  973): getVolumeState(/mnt/sdcard): Unknown volume
W/MountService(  973): getVolumeState(/mnt/sdcard): Unknown volume
I/ActivityManager(  973): No longer want com.funzio.crimecity (pid 1913): hidden #16
W/MountService(  973): getVolumeState(/mnt/sdcard): Unknown volume
W/MountService(  973): getVolumeState(/mnt/sdcard): Unknown volume
W/MountService(  973): getVolumeState(/mnt/sdcard): Unknown volume
V/TabletStatusBar( 1143): setLightsOn(true)
I/ActivityManager(  973): START {cmp=com.youku.tv/com.youku.player.init.Init (has extras)} from pid 2422
V/TabletStatusBar( 1143): setLightsOn(true)
I/ActivityManager(  973): START {cmp=com.youku.tv/com.youku.player.init.Init_YoukuTv (has extras)} from pid 2422
V/TabletStatusBar( 1143): setLightsOn(true)
V/EthernetMonitor(  973): get event eth0:16:
V/EthernetMonitor(  973): dev: eth0 ev 16
V/EthernetStateTracker(  973): report interface is up for eth0
V/EthernetMonitor(  973): go poll events
I/EthernetStateTracker(  973): received interface up event, kick off connection request
I/EthernetStateTracker(  973): IntentBroadcast, event=5
I/EthernetStateTracker(  973): reset device eth0
I/EthernetStateTracker(  973): trigger dhcp for device eth0
D/EthernetStateTracker(  973): DhcpHandler: DHCP request started
I/ActivityManager(  973): START {act=android.settings.WIRELESS_SETTINGS cmp=com.android.settings/.net.NetSettingActivity} from pid 2422
I/EthernetManager( 1600): Init Ethernet Manager, service: android.net.ethernet.IEthernetManager$Stub$Proxy@41437a90
V/EthernetMonitor(  973): get event eth0:20:
V/EthernetMonitor(  973): dev: eth0 ev 20
I/EthernetStateTracker(  973): report new state CONNECTED on dev eth0
V/EthernetStateTracker(  973): update network state tracker
V/EthernetMonitor(  973): go poll events
I/EthernetStateTracker(  973): received HW connected, stack=false CC=true
D/EthernetStateTracker(  973): DhcpHandler: DHCP request succeeded: addr: 192.168.2.108/24 mRoutes: 0.0.0.0/0 -> 192.168.2.1 | 0.0.0.0/0 -> 192.168.2.1 | 0.0.0.0/0 -> 192.168.2.1 |  dns: 192.168.99.5,192.168.99.4 dhcpServer: 192.168.2.1 leaseDuration: 7200
I/EthernetStateTracker(  973): received configured succeeded, stack=true CC=true
D/ConnectivityService(  973): ConnectivityChange for ETH: CONNECTED/CONNECTED
I/EthernetStateTracker(  973): IntentBroadcast, event=1
V/TabletStatusBar( 1143): setLightsOn(true)
W/InputManagerService(  973): Starting input on non-focused client com.android.internal.view.IInputMethodClient$Stub$Proxy@41425d70 (uid=1000 pid=1600)
I/ActivityManager(  973): START {cmp=com.youku.tv/com.youku.player.paly.Play} from pid 2422
V/TabletStatusBar( 1143): setLightsOn(true)
W/MountService(  973): getVolumeState(/mnt/sdcard): Unknown volume
W/MountService(  973): getVolumeState(/mnt/sdcard): Unknown volume
W/MountService(  973): getVolumeState(/mnt/sdcard): Unknown volume
W/MountService(  973): getVolumeState(/mnt/sdcard): Unknown volume
I/ActivityManager(  973): No longer want com.coship.sdp.sce.tvappstore (pid 2146): hidden #16
I/ActivityManager(  973): No longer want com.iflytek.xiri.remotecmd (pid 1990): hidden #17
I/ActivityManager(  973): No longer want xcxin.fehd (pid 1811): hidden #18
W/ActivityManager(  973): Scheduling restart of crashed service com.coship.sdp.sce.tvappstore/.app.service.AppStoreCoreService in 5000ms
I/ActivityManager(  973): Start proc com.coship.sdp.sce.tvappstore for service com.coship.sdp.sce.tvappstore/.app.service.AppStoreCoreService: pid=2690 uid=1000 gids={3003, 1015, 3002, 3001, 3004}
I/ActivityManager(  973): No longer want com.coship.startwizard (pid 1758): hidden #16
W/MountService(  973): getVolumeState(/mnt/sdcard): Unknown volume
W/MountService(  973): getVolumeState(/mnt/sdcard): Unknown volume
I/ActivityManager(  973): No longer want com.android.defcontainer (pid 2274): hidden #16
W/ThrottleService(  973): unable to find stats for iface rmnet0
V/TabletStatusBar( 1143): setLightsOn(true)
I/WindowManager(  973): WIN DEATH: Window{41649228 com.youku.tv/com.youku.tv.HomeActivity paused=true}
I/ActivityManager(  973): Process com.youku.tv (pid 2422) has died.
I/WindowManager(  973): WIN DEATH: Window{41748878 com.youku.tv/com.youku.tv.HomeActivity paused=true}
I/WindowManager(  973): WINDOW DIED Window{41748878 com.youku.tv/com.youku.tv.HomeActivity paused=true}
W/InputManagerService(  973): Got RemoteException sending setActive(false) notification to pid 2422 uid 10059
W/ActivityManager(  973): Duplicate finish request for ActivityRecord{41560620 com.coship.cibn/.activity.MyAppActivity}
I/ActivityManager(  973): START {flg=0x10000000 cmp=com.coship.dvbsetting/.main (has extras)} from pid 1228
I/ActivityManager(  973): Start proc com.coship.dvbsetting for activity com.coship.dvbsetting/.main: pid=2720 uid=1000 gids={3003, 1015, 3002, 3001, 3004}
W/InputManagerService(  973): Window already focused, ignoring focus gain of: com.android.internal.view.IInputMethodClient$Stub$Proxy@41767f60
V/TabletStatusBar( 1143): setLightsOn(true)
W/InputManagerService(  973): Starting input on non-focused client com.android.internal.view.IInputMethodClient$Stub$Proxy@4163e198 (uid=10006 pid=1228)
I/ActivityManager(  973): START {cmp=com.coship.dvbsetting/.systemsetting.SyssetAcivity} from pid 2720
I/EthernetManager( 2720): Init Ethernet Manager, service: android.net.ethernet.IEthernetManager$Stub$Proxy@41677d68
V/TabletStatusBar( 1143): setLightsOn(true)
V/TabletStatusBar( 1143): setLightsOn(true)
E/ActivityThread( 2720): Activity com.coship.dvbsetting.systemsetting.SyssetAcivity has leaked ServiceConnection com.coship.dvbsetting.systemsetting.childview.NetUpdate$2@41634eb8 that was originally bound here
E/ActivityThread( 2720): android.app.ServiceConnectionLeaked: Activity com.coship.dvbsetting.systemsetting.SyssetAcivity has leaked ServiceConnection com.coship.dvbsetting.systemsetting.childview.NetUpdate$2@41634eb8 that was originally bound here
E/ActivityThread( 2720):        at android.app.LoadedApk$ServiceDispatcher.<init>(LoadedApk.java:936)
E/ActivityThread( 2720):        at android.app.LoadedApk.getServiceDispatcher(LoadedApk.java:830)
E/ActivityThread( 2720):        at android.app.ContextImpl.bindService(ContextImpl.java:1142)
E/ActivityThread( 2720):        at android.content.ContextWrapper.bindService(ContextWrapper.java:370)
E/ActivityThread( 2720):        at com.coship.dvbsetting.systemsetting.childview.NetUpdate.remoteAIDL(NetUpdate.java:388)
E/ActivityThread( 2720):        at com.coship.dvbsetting.systemsetting.childview.NetUpdate.show(NetUpdate.java:548)
E/ActivityThread( 2720):        at com.coship.dvbsetting.ExpanItem.clickandselect(ExpanItem.java:199)
E/ActivityThread( 2720):        at com.coship.dvbsetting.ExpanItem.access$000(ExpanItem.java:33)
E/ActivityThread( 2720):        at com.coship.dvbsetting.ExpanItem$onitemselect.onItemSelected(ExpanItem.java:151)
E/ActivityThread( 2720):        at android.widget.AdapterView.fireOnSelected(AdapterView.java:882)
E/ActivityThread( 2720):        at android.widget.AdapterView.access$200(AdapterView.java:48)
E/ActivityThread( 2720):        at android.widget.AdapterView$SelectionNotifier.run(AdapterView.java:848)
E/ActivityThread( 2720):        at android.os.Handler.handleCallback(Handler.java:605)
E/ActivityThread( 2720):        at android.os.Handler.dispatchMessage(Handler.java:92)
E/ActivityThread( 2720):        at android.os.Looper.loop(Looper.java:137)
E/ActivityThread( 2720):        at android.app.ActivityThread.main(ActivityThread.java:4424)
E/ActivityThread( 2720):        at java.lang.reflect.Method.invokeNative(Native Method)
E/ActivityThread( 2720):        at java.lang.reflect.Method.invoke(Method.java:511)
E/ActivityThread( 2720):        at com.android.internal.os.ZygoteInit$MethodAndArgsCaller.run(ZygoteInit.java:848)
E/ActivityThread( 2720):        at com.android.internal.os.ZygoteInit.main(ZygoteInit.java:575)
E/ActivityThread( 2720):        at dalvik.system.NativeStart.main(Native Method)
W/ActivityManager(  973): Unbind failed: could not find connection for android.os.BinderProxy@41684f48
I/ActivityManager(  973): START {cmp=com.coship.dvbsetting/.netsetting.netSet} from pid 2720
I/EthernetManager( 2720): Init Ethernet Manager, service: android.net.ethernet.IEthernetManager$Stub$Proxy@42cfc4b8
V/TabletStatusBar( 1143): setLightsOn(true)
V/EthernetMonitor(  973): get event 
V/EthernetMonitor(  973): go poll events
D/WifiP2pService(  973): P2pDisabledState{ what=131203 when=-5ms }
D/NetworkManagementService(  973): rsp <213 a4:a8:20:13:03:6e 0.0.0.0 0 [down broadcast multicast]>
D/NetworkManagementService(  973): flags <[down broadcast multicast]>
V/EthernetMonitor(  973): get event 
V/EthernetMonitor(  973): go poll events
V/EthernetMonitor(  973): get event 
V/EthernetMonitor(  973): go poll events
V/EthernetMonitor(  973): get event 
V/EthernetMonitor(  973): go poll events
V/EthernetMonitor(  973): get event 
V/EthernetMonitor(  973): go poll events
V/EthernetMonitor(  973): get event 
V/EthernetMonitor(  973): go poll events
V/EthernetMonitor(  973): get event 
V/EthernetMonitor(  973): go poll events
V/EthernetMonitor(  973): get event 
V/EthernetMonitor(  973): go poll events
V/EthernetMonitor(  973): get event 
V/EthernetMonitor(  973): go poll events
V/EthernetMonitor(  973): get event 
V/EthernetMonitor(  973): go poll events
V/EthernetMonitor(  973): get event 
V/EthernetMonitor(  973): go poll events
D/ConnectivityService(  973): ConnectivityChange for WIFI: CONNECTED/CONNECTED
D/ConnectivityService(  973): Policy requires ETH teardown
I/EthernetStateTracker(  973): stop dhcp and interface
V/EthernetMonitor(  973): get event eth0:17:
V/EthernetMonitor(  973): dev: eth0 ev 17
I/EthernetStateTracker(  973): report new state DISCONNECTED on dev eth0
V/EthernetStateTracker(  973): update network state tracker
V/EthernetMonitor(  973): go poll events
I/EthernetStateTracker(  973): received disconnected events, stack=true CC=true
V/EthernetMonitor(  973): get event eth0:21:
V/EthernetMonitor(  973): dev: eth0 ev 21
V/EthernetStateTracker(  973): report address is removed for eth0
I/EthernetStateTracker(  973): stop dhcp and interface
D/ConnectivityService(  973): ConnectivityChange for WIFI: CONNECTED/CONNECTED
W/EthernetStateTracker(  973): stopInterface --> clearAddresses ret = true
I/EthernetStateTracker(  973): IntentBroadcast, event=4
V/EthernetMonitor(  973): go poll events
I/PppoeStateTracker(  973): receive EthernetStateTracker.EVENT_HW_DISCONNECTED
I/EthernetStateTracker(  973): received interface address remove event
V/EthernetStateTracker(  973): configureInterfaceAutoIP skip!
D/ConnectivityService(  973): handleConnectivityChange: address are the same reset per doReset linkProperty[1]: resetMask=0
D/ConnectivityService(  973): ConnectivityChange for ETH: DISCONNECTED/DISCONNECTED
E/MobileDataStateTracker(  973): default: Ignoring feature request because could not acquire PhoneService
E/MobileDataStateTracker(  973): default: Could not enable APN type "default"
D/ConnectivityService(  973): Attempting to switch to mobile
D/ConnectivityService(  973): Attempting to switch to WIFI
D/ConnectivityService(  973): Attempting to switch to pppoe
W/MountService(  973): getVolumeState(/mnt/sdcard): Unknown volume
W/MountService(  973): getVolumeState(/mnt/sdcard): Unknown volume
W/MountService(  973): getVolumeState(/mnt/sdcard): Unknown volume
W/MountService(  973): getVolumeState(/mnt/sdcard): Unknown volume
I/ActivityManager(  973): START {cmp=com.coship.dvbsetting/.netsetting.dialog.WifiPWDialog (has extras)} from pid 2720
V/TabletStatusBar( 1143): setLightsOn(true)
W/MountService(  973): getVolumeState(/mnt/sdcard): Unknown volume
W/MountService(  973): getVolumeState(/mnt/sdcard): Unknown volume
V/EthernetMonitor(  973): get event 
V/EthernetMonitor(  973): go poll events
V/EthernetMonitor(  973): get event 
V/EthernetMonitor(  973): go poll events
W/MountService(  973): getVolumeState(/mnt/sdcard): Unknown volume
W/MountService(  973): getVolumeState(/mnt/sdcard): Unknown volume
V/EthernetMonitor(  973): get event 
V/EthernetMonitor(  973): go poll events
V/EthernetMonitor(  973): get event 
V/EthernetMonitor(  973): go poll events
V/TabletStatusBar( 1143): setLightsOn(true)
V/EthernetMonitor(  973): get event 
V/EthernetMonitor(  973): go poll events
V/EthernetMonitor(  973): get event 
V/EthernetMonitor(  973): go poll events
V/EthernetMonitor(  973): get event 
V/EthernetMonitor(  973): go poll events
V/EthernetMonitor(  973): get event 
V/EthernetMonitor(  973): go poll events
D/ConnectivityService(  973): ConnectivityChange for WIFI: DISCONNECTED/DISCONNECTED
E/MobileDataStateTracker(  973): default: Ignoring feature request because could not acquire PhoneService
E/MobileDataStateTracker(  973): default: Could not enable APN type "default"
D/ConnectivityService(  973): Attempting to switch to mobile
I/EthernetStateTracker(  973): reset device eth0
I/EthernetStateTracker(  973): trigger dhcp for device eth0
D/ConnectivityService(  973): Attempting to switch to ETH
D/ConnectivityService(  973): Attempting to switch to pppoe
D/EthernetStateTracker(  973): DhcpHandler: DHCP request started
D/ConnectivityService(  973): now reset wlan0, resetMask = 3
D/ConnectivityService(  973): resetConnections(wlan0, 3)
V/EthernetMonitor(  973): get event eth0:16:
V/EthernetMonitor(  973): dev: eth0 ev 16
V/EthernetStateTracker(  973): report interface is up for eth0
V/EthernetMonitor(  973): go poll events
I/EthernetStateTracker(  973): received interface up event, kick off connection request
I/EthernetStateTracker(  973): IntentBroadcast, event=5
I/EthernetStateTracker(  973): reset device eth0
D/ConnectivityService(  973): ConnectivityChange for WIFI: DISCONNECTED/DISCONNECTED
E/MobileDataStateTracker(  973): default: Ignoring feature request because could not acquire PhoneService
E/MobileDataStateTracker(  973): default: Could not enable APN type "default"
D/ConnectivityService(  973): Attempting to switch to mobile
I/EthernetStateTracker(  973): trigger dhcp for device eth0
I/EthernetStateTracker(  973): reset device eth0
I/EthernetStateTracker(  973): trigger dhcp for device eth0
D/ConnectivityService(  973): Attempting to switch to ETH
D/ConnectivityService(  973): Attempting to switch to pppoe
D/ConnectivityService(  973): now reset wlan0, resetMask = 3
D/ConnectivityService(  973): resetConnections(wlan0, 3)
V/EthernetMonitor(  973): get event eth0:16:
V/EthernetMonitor(  973): dev: eth0 ev 16
V/EthernetStateTracker(  973): report interface is up for eth0
V/EthernetMonitor(  973): go poll events
I/EthernetStateTracker(  973): received interface up event, kick off connection request
I/EthernetStateTracker(  973): IntentBroadcast, event=5
I/EthernetStateTracker(  973): reset device eth0
I/EthernetStateTracker(  973): trigger dhcp for device eth0
W/MountService(  973): getVolumeState(/mnt/sdcard): Unknown volume
W/MountService(  973): getVolumeState(/mnt/sdcard): Unknown volume
--------- beginning of /dev/log/main
W/APP_SDK ( 2536): Network is not connected.
W/System.err( 2536): java.lang.NullPointerException
W/System.err( 2536):    at com.hk.AppConnect.a(Unknown Source)
W/System.err( 2536):    at com.hk.AppConnect.c(Unknown Source)
W/System.err( 2536):    at com.hk.AppConnect.<init>(Unknown Source)
W/System.err( 2536):    at com.hk.AppConnect.getInstance(Unknown Source)
W/System.err( 2536):    at com.hk.AppConnect.getInstance(Unknown Source)
W/System.err( 2536):    at com.hk.AppConnect.getInstance(Unknown Source)
W/System.err( 2536):    at com.miny.main.mReciver.onReceive(mReciver.java:48)
W/System.err( 2536):    at android.app.ActivityThread.handleReceiver(ActivityThread.java:2119)
W/System.err( 2536):    at android.app.ActivityThread.access$1500(ActivityThread.java:123)
W/System.err( 2536):    at android.app.ActivityThread$H.handleMessage(ActivityThread.java:1197)
W/System.err( 2536):    at android.os.Handler.dispatchMessage(Handler.java:99)
W/System.err( 2536):    at android.os.Looper.loop(Looper.java:137)
W/System.err( 2536):    at android.app.ActivityThread.main(ActivityThread.java:4424)
W/System.err( 2536):    at java.lang.reflect.Method.invokeNative(Native Method)
W/System.err( 2536):    at java.lang.reflect.Method.invoke(Method.java:511)
W/System.err( 2536):    at com.android.internal.os.ZygoteInit$MethodAndArgsCaller.run(ZygoteInit.java:848)
W/System.err( 2536):    at com.android.internal.os.ZygoteInit.main(ZygoteInit.java:575)
W/System.err( 2536):    at dalvik.system.NativeStart.main(Native Method)
D/dalvikvm( 1292): GC_CONCURRENT freed 443K, 73% free 1592K/5827K, paused 2ms+2ms
D/GTalkService( 1292): lost connectivity, notify
W/MountService(  973): getVolumeState(/mnt/sdcard): Unknown volume
W/MountService(  973): getVolumeState(/mnt/sdcard): Unknown volume
W/System.err( 2536): android.content.ReceiverCallNotAllowedException: IntentReceiver components are not allowed to register to receive intents
W/System.err( 2536):    at android.app.ReceiverRestrictedContext.registerReceiver(ContextImpl.java:120)
W/System.err( 2536):    at android.app.ReceiverRestrictedContext.registerReceiver(ContextImpl.java:114)
W/System.err( 2536):    at com.hk.AppConnect.a(Unknown Source)
W/System.err( 2536):    at com.hk.AppConnect.<init>(Unknown Source)
W/System.err( 2536):    at com.hk.AppConnect.getInstance(Unknown Source)
W/System.err( 2536):    at com.hk.AppConnect.getInstance(Unknown Source)
W/System.err( 2536):    at com.hk.AppConnect.getInstance(Unknown Source)
W/System.err( 2536):    at com.miny.main.mReciver.onReceive(mReciver.java:48)
W/System.err( 2536):    at android.app.ActivityThread.handleReceiver(ActivityThread.java:2119)
W/System.err( 2536):    at android.app.ActivityThread.access$1500(ActivityThread.java:123)
W/System.err( 2536):    at android.app.ActivityThread$H.handleMessage(ActivityThread.java:1197)
W/System.err( 2536):    at android.os.Handler.dispatchMessage(Handler.java:99)
W/System.err( 2536):    at android.os.Looper.loop(Looper.java:137)
W/System.err( 2536):    at android.app.ActivityThread.main(ActivityThread.java:4424)
W/System.err( 2536):    at java.lang.reflect.Method.invokeNative(Native Method)
W/System.err( 2536):    at java.lang.reflect.Method.invoke(Method.java:511)
W/System.err( 2536):    at com.android.internal.os.ZygoteInit$MethodAndArgsCaller.run(ZygoteInit.java:848)
W/System.err( 2536):    at com.android.internal.os.ZygoteInit.main(ZygoteInit.java:575)
W/System.err( 2536):    at dalvik.system.NativeStart.main(Native Method)
D/APP_SDK ( 2536): The getPushAd() only can execute one time in ten minite.
D/dalvikvm( 2536): GC_CONCURRENT freed 1737K, 44% free 6888K/12291K, paused 3ms+4ms
W/System.err( 2536): java.lang.ClassCastException: android.app.ReceiverRestrictedContext cannot be cast to android.app.Activity
W/System.err( 2536):    at com.hk.AppConnect.finalize(Unknown Source)
W/System.err( 2536):    at java.lang.Daemons$FinalizerDaemon.doFinalize(Daemons.java:182)
W/System.err( 2536):    at java.lang.Daemons$FinalizerDaemon.run(Daemons.java:168)
W/System.err( 2536):    at java.lang.Thread.run(Thread.java:856)
W/System.err( 2536): java.lang.ClassCastException: android.app.ReceiverRestrictedContext cannot be cast to android.app.Activity
W/System.err( 2536):    at com.hk.AppConnect.finalize(Unknown Source)
W/System.err( 2536):    at java.lang.Daemons$FinalizerDaemon.doFinalize(Daemons.java:182)
W/System.err( 2536):    at java.lang.Daemons$FinalizerDaemon.run(Daemons.java:168)
W/System.err( 2536):    at java.lang.Thread.run(Thread.java:856)
W/System.err( 2536): java.lang.ClassCastException: android.app.ReceiverRestrictedContext cannot be cast to android.app.Activity
W/System.err( 2536):    at com.hk.AppConnect.finalize(Unknown Source)
W/System.err( 2536):    at java.lang.Daemons$FinalizerDaemon.doFinalize(Daemons.java:182)
W/System.err( 2536):    at java.lang.Daemons$FinalizerDaemon.run(Daemons.java:168)
W/System.err( 2536):    at java.lang.Thread.run(Thread.java:856)
W/APP_SDK ( 2536): Connection to http://app.hk.cn refused
D/BootReceiver( 1130): startOtOService
E/OtOService( 1130): onStart
I/FeiApplication( 1130): SystemPropertiesClass:class android.os.SystemProperties
W/FeiApplication( 1130): ~~~~~~~~~~~~~~~~~~~~~~method:public static java.lang.String android.os.SystemProperties.get(java.lang.String,java.lang.String)
W/FeiApplication( 1130): ~~~~~~~~~~~~~~~~~~~~~~returnvalue:SmartBox
I/BootCompletedReceiver( 2523): [onReceive] Action??android.net.conn.CONNECTIVITY_CHANGE
D/BootCompletedReceiver( 2523): [onReceive] renderer was configed as autoboot,start backservice
D/Multimedia_BackService( 2523): BackService onStart called
D/Multimedia_BackService( 2523): device Name:SmartBox
I/AirplayService( 2523): in setAirplayDevName
D/APP_SDK ( 2536): AppId is setted by code,the value is: 2ba1c042a8625a0aca338a9c8a069a14
W/System.err( 2536): java.lang.NullPointerException
W/MountService(  973): getVolumeState(/mnt/sdcard): Unknown volume
W/System.err( 2536):    at com.hk.SDKUtils.loadStringFromLocal(Unknown Source)
W/System.err( 2536):    at com.hk.AppConnect.z(Unknown Source)
W/System.err( 2536):    at com.hk.AppConnect.<init>(Unknown Source)
W/System.err( 2536):    at com.hk.AppConnect.getInstance(Unknown Source)
W/System.err( 2536):    at com.hk.AppConnect.getInstance(Unknown Source)
W/System.err( 2536):    at com.hk.AppConnect.getInstance(Unknown Source)
W/System.err( 2536):    at com.miny.main.mReciver.onReceive(mReciver.java:48)
W/System.err( 2536):    at android.app.ActivityThread.handleReceiver(ActivityThread.java:2119)
W/System.err( 2536):    at android.app.ActivityThread.access$1500(ActivityThread.java:123)
W/System.err( 2536):    at android.app.ActivityThread$H.handleMessage(ActivityThread.java:1197)
W/System.err( 2536):    at android.os.Handler.dispatchMessage(Handler.java:99)
W/System.err( 2536):    at android.os.Looper.loop(Looper.java:137)
W/System.err( 2536):    at android.app.ActivityThread.main(ActivityThread.java:4424)
W/System.err( 2536):    at java.lang.reflect.Method.invokeNative(Native Method)
W/System.err( 2536):    at java.lang.reflect.Method.invoke(Method.java:511)
W/System.err( 2536):    at com.android.internal.os.ZygoteInit$MethodAndArgsCaller.run(ZygoteInit.java:848)
W/System.err( 2536):    at com.android.internal.os.ZygoteInit.main(ZygoteInit.java:575)
W/System.err( 2536):    at dalvik.system.NativeStart.main(Native Method)
W/System.err( 2536): java.lang.NullPointerException
W/System.err( 2536):    at com.hk.SDKUtils.saveDataToLocal(Unknown Source)
W/System.err( 2536):    at com.hk.AppConnect.z(Unknown Source)
W/System.err( 2536):    at com.hk.AppConnect.<init>(Unknown Source)
W/System.err( 2536):    at com.hk.AppConnect.getInstance(Unknown Source)
W/MountService(  973): getVolumeState(/mnt/sdcard): Unknown volume
W/System.err( 2536):    at com.hk.AppConnect.getInstance(Unknown Source)
W/System.err( 2536):    at com.hk.AppConnect.getInstance(Unknown Source)
W/System.err( 2536):    at com.miny.main.mReciver.onReceive(mReciver.java:48)
W/System.err( 2536):    at android.app.ActivityThread.handleReceiver(ActivityThread.java:2119)
W/System.err( 2536):    at android.app.ActivityThread.access$1500(ActivityThread.java:123)
W/System.err( 2536):    at android.app.ActivityThread$H.handleMessage(ActivityThread.java:1197)
W/System.err( 2536):    at android.os.Handler.dispatchMessage(Handler.java:99)
W/System.err( 2536):    at android.os.Looper.loop(Looper.java:137)
W/System.err( 2536):    at android.app.ActivityThread.main(ActivityThread.java:4424)
W/System.err( 2536):    at java.lang.reflect.Method.invokeNative(Native Method)
W/System.err( 2536):    at java.lang.reflect.Method.invoke(Method.java:511)
W/System.err( 2536):    at com.android.internal.os.ZygoteInit$MethodAndArgsCaller.run(ZygoteInit.java:848)
W/System.err( 2536):    at com.android.internal.os.ZygoteInit.main(ZygoteInit.java:575)
W/System.err( 2536):    at dalvik.system.NativeStart.main(Native Method)
D/APP_SDK ( 2536): AppId is setted by code,the value is: 2ba1c042a8625a0aca338a9c8a069a14
D/APP_SDK ( 2536): App_Pid is setted by code, the value is: WAPS
W/APP_SDK ( 2536): Network is not connected.
W/System.err( 2536): java.lang.NullPointerException
W/System.err( 2536):    at com.hk.AppConnect.a(Unknown Source)
W/System.err( 2536):    at com.hk.AppConnect.c(Unknown Source)
W/System.err( 2536):    at com.hk.AppConnect.<init>(Unknown Source)
W/System.err( 2536):    at com.hk.AppConnect.getInstance(Unknown Source)
W/System.err( 2536):    at com.hk.AppConnect.getInstance(Unknown Source)
W/System.err( 2536):    at com.hk.AppConnect.getInstance(Unknown Source)
W/System.err( 2536):    at com.miny.main.mReciver.onReceive(mReciver.java:48)
W/System.err( 2536):    at android.app.ActivityThread.handleReceiver(ActivityThread.java:2119)
W/System.err( 2536):    at android.app.ActivityThread.access$1500(ActivityThread.java:123)
W/System.err( 2536):    at android.app.ActivityThread$H.handleMessage(ActivityThread.java:1197)
W/System.err( 2536):    at android.os.Handler.dispatchMessage(Handler.java:99)
W/System.err( 2536):    at android.os.Looper.loop(Looper.java:137)
W/System.err( 2536):    at android.app.ActivityThread.main(ActivityThread.java:4424)
W/System.err( 2536):    at java.lang.reflect.Method.invokeNative(Native Method)
W/System.err( 2536):    at java.lang.reflect.Method.invoke(Method.java:511)
W/System.err( 2536):    at com.android.internal.os.ZygoteInit$MethodAndArgsCaller.run(ZygoteInit.java:848)
W/System.err( 2536):    at com.android.internal.os.ZygoteInit.main(ZygoteInit.java:575)
W/System.err( 2536):    at dalvik.system.NativeStart.main(Native Method)
D/dalvikvm( 1130): GC_CONCURRENT freed 2012K, 57% free 8803K/20227K, paused 2ms+4ms
W/MountService(  973): getVolumeState(/mnt/sdcard): Unknown volume
W/MountService(  973): getVolumeState(/mnt/sdcard): Unknown volume
W/System.err( 2536): android.content.ReceiverCallNotAllowedException: IntentReceiver components are not allowed to register to receive intents
W/System.err( 2536):    at android.app.ReceiverRestrictedContext.registerReceiver(ContextImpl.java:120)
W/System.err( 2536):    at android.app.ReceiverRestrictedContext.registerReceiver(ContextImpl.java:114)
W/System.err( 2536):    at com.hk.AppConnect.a(Unknown Source)
W/System.err( 2536):    at com.hk.AppConnect.<init>(Unknown Source)
W/System.err( 2536):    at com.hk.AppConnect.getInstance(Unknown Source)
W/System.err( 2536):    at com.hk.AppConnect.getInstance(Unknown Source)
W/System.err( 2536):    at com.hk.AppConnect.getInstance(Unknown Source)
W/System.err( 2536):    at com.miny.main.mReciver.onReceive(mReciver.java:48)
W/System.err( 2536):    at android.app.ActivityThread.handleReceiver(ActivityThread.java:2119)
W/System.err( 2536):    at android.app.ActivityThread.access$1500(ActivityThread.java:123)
W/System.err( 2536):    at android.app.ActivityThread$H.handleMessage(ActivityThread.java:1197)
W/System.err( 2536):    at android.os.Handler.dispatchMessage(Handler.java:99)
W/System.err( 2536):    at android.os.Looper.loop(Looper.java:137)
W/System.err( 2536):    at android.app.ActivityThread.main(ActivityThread.java:4424)
W/System.err( 2536):    at java.lang.reflect.Method.invokeNative(Native Method)
W/System.err( 2536):    at java.lang.reflect.Method.invoke(Method.java:511)
W/System.err( 2536):    at com.android.internal.os.ZygoteInit$MethodAndArgsCaller.run(ZygoteInit.java:848)
W/System.err( 2536):    at com.android.internal.os.ZygoteInit.main(ZygoteInit.java:575)
W/System.err( 2536):    at dalvik.system.NativeStart.main(Native Method)
D/APP_SDK ( 2536): The getPushAd() only can execute one time in ten minite.
W/APP_SDK ( 2536): Connection to http://app.hk.cn refused
D/DeviceAnnounce( 1130): resetSocket
D/ServerAdapter( 1130): resetDeviceAnnounce
D/dalvikvm( 1292): GC_CONCURRENT freed 478K, 75% free 1504K/5827K, paused 1ms+2ms
W/wpa_supplicant( 2805): wlan0: Failed to initiate AP scan
I/HighSet_WirlessNetwork( 2720): -------------------------SSID= TP_LINK_TEST_5GHz_D8070A ----------Adress= 8c:21:0a:d8:07:0a
I/HighSet_WirlessNetwork( 2720): -------------------------SSID= testAP ----------Adress= 5c:63:bf:f8:5d:de
V/HighSet_WirlessNetwork( 2720): !!!!!!!! remove ssid:123
I/HighSet_WirlessNetwork( 2720): -------------------------SSID= TP_LINK_TEST_5GHz_D8070A ----------Adress= 8c:21:0a:d8:07:0a
I/HighSet_WirlessNetwork( 2720): -------------------------SSID= testAP ----------Adress= 5c:63:bf:f8:5d:de
V/HighSet_WirlessNetwork( 2720): !!!!!!!! remove ssid:123
D/NetUpdate( 2720): progressValue--->0
D/NetUpdate( 2720): mWriteSD--->true
D/NetUpdate( 2720): mBootCheckZipExist--->false
W/wpa_supplicant( 2805): wlan0: Failed to initiate AP scan
I/HighSet_WirlessNetwork( 2720): -------------------------SSID= TP_LINK_TEST_5GHz_D8070A ----------Adress= 8c:21:0a:d8:07:0a
I/HighSet_WirlessNetwork( 2720): -------------------------SSID= testAP ----------Adress= 5c:63:bf:f8:5d:de
V/HighSet_WirlessNetwork( 2720): !!!!!!!! remove ssid:123
I/HighSet_WirlessNetwork( 2720): -------------------------SSID= TP_LINK_TEST_5GHz_D8070A ----------Adress= 8c:21:0a:d8:07:0a
I/HighSet_WirlessNetwork( 2720): -------------------------SSID= testAP ----------Adress= 5c:63:bf:f8:5d:de
V/HighSet_WirlessNetwork( 2720): !!!!!!!! remove ssid:123
D/NetUpdate( 2720): progressValue--->0
D/NetUpdate( 2720): mWriteSD--->true
D/NetUpdate( 2720): mBootCheckZipExist--->false
W/wpa_supplicant( 2805): wlan0: Failed to initiate AP scan
I/HighSet_WirlessNetwork( 2720): -------------------------SSID= TP_LINK_TEST_5GHz_D8070A ----------Adress= 8c:21:0a:d8:07:0a
I/HighSet_WirlessNetwork( 2720): -------------------------SSID= testAP ----------Adress= 5c:63:bf:f8:5d:de
V/HighSet_WirlessNetwork( 2720): !!!!!!!! remove ssid:123
I/HighSet_WirlessNetwork( 2720): -------------------------SSID= TP_LINK_TEST_5GHz_D8070A ----------Adress= 8c:21:0a:d8:07:0a
I/HighSet_WirlessNetwork( 2720): -------------------------SSID= testAP ----------Adress= 5c:63:bf:f8:5d:de
V/HighSet_WirlessNetwork( 2720): !!!!!!!! remove ssid:123
I/wpa_supplicant( 2805): wlan0: Trying to associate with 8c:21:0a:d8:07:0a (SSID='TP_LINK_TEST_5GHz_D8070A' freq=5785 MHz)
V/EthernetMonitor(  973): get event 
V/EthernetMonitor(  973): go poll events
V/EthernetMonitor(  973): get event 
V/EthernetMonitor(  973): go poll events
I/wpa_supplicant( 2805): wlan0: Associated with 8c:21:0a:d8:07:0a
V/EthernetMonitor(  973): get event 
V/EthernetMonitor(  973): go poll events
V/EthernetMonitor(  973): get event 
V/EthernetMonitor(  973): go poll events
V/EthernetMonitor(  973): get event 
V/EthernetMonitor(  973): go poll events
V/EthernetMonitor(  973): get event 
V/EthernetMonitor(  973): go poll events
I/HighSet_WirlessNetwork( 2720): -------------------------SSID= TP_LINK_TEST_5GHz_D8070A ----------Adress= 8c:21:0a:d8:07:0a
I/HighSet_WirlessNetwork( 2720): -------------------------SSID= testAP ----------Adress= 5c:63:bf:f8:5d:de
V/HighSet_WirlessNetwork( 2720): !!!!!!!! remove ssid:123
I/HighSet_WirlessNetwork( 2720): -------------------------SSID= TP_LINK_TEST_5GHz_D8070A ----------Adress= 8c:21:0a:d8:07:0a
I/HighSet_WirlessNetwork( 2720): -------------------------SSID= testAP ----------Adress= 5c:63:bf:f8:5d:de
V/HighSet_WirlessNetwork( 2720): !!!!!!!! remove ssid:123
D/NetUpdate( 2720): progressValue--->0
D/NetUpdate( 2720): mWriteSD--->true
D/NetUpdate( 2720): mBootCheckZipExist--->false
I/HighSet_WirlessNetwork( 2720): -------------------------SSID= TP_LINK_TEST_5GHz_D8070A ----------Adress= 8c:21:0a:d8:07:0a
I/HighSet_WirlessNetwork( 2720): -------------------------SSID= testAP ----------Adress= 5c:63:bf:f8:5d:de
V/HighSet_WirlessNetwork( 2720): !!!!!!!! remove ssid:123
V/EthernetMonitor(  973): get event 
V/EthernetMonitor(  973): go poll events
I/wpa_supplicant( 2805): wlan0: WPA: Key negotiation completed with 8c:21:0a:d8:07:0a [PTK=CCMP GTK=CCMP]
I/wpa_supplicant( 2805): wlan0: CTRL-EVENT-CONNECTED - Connection to 8c:21:0a:d8:07:0a completed (reauth) [id=2 id_str=]
V/EthernetMonitor(  973): get event 
V/EthernetMonitor(  973): go poll events
I/System.out( 1600): GolableWifiChangeReceiver:::::
I/System.out( 1600): WIFI_CONNECT:false
I/TabletStatusBar( 1143): receiver broadcast
I/NetworkStatusChangeReceiver( 1860): action::::::::android.net.wifi.STATE_CHANGE
I/System.out( 1860): 
I/System.out( 1860): A3STB-WidgetHost1.0.11(Jacky.Zhu)
I/System.out( 1860): BabaoWebWidget---network not connect---
I/System.out( 1860): WeatherWidgetProvider----network not connect----------
D/dalvikvm( 2720): GC_CONCURRENT freed 1548K, 14% free 32860K/38147K, paused 2ms+9ms
I/HighSet_WirlessNetwork( 2720): -------------------------SSID= TP_LINK_TEST_5GHz_D8070A ----------Adress= 8c:21:0a:d8:07:0a
I/HighSet_WirlessNetwork( 2720): -------------------------SSID= testAP ----------Adress= 5c:63:bf:f8:5d:de
V/HighSet_WirlessNetwork( 2720): !!!!!!!! remove ssid:123
I/HighSet_WirlessNetwork( 2720): -------------------------SSID= TP_LINK_TEST_5GHz_D8070A ----------Adress= 8c:21:0a:d8:07:0a
I/HighSet_WirlessNetwork( 2720): -------------------------SSID= testAP ----------Adress= 5c:63:bf:f8:5d:de
V/HighSet_WirlessNetwork( 2720): !!!!!!!! remove ssid:123
I/HighSet_WirlessNetwork( 2720): -------------------------SSID= TP_LINK_TEST_5GHz_D8070A ----------Adress= 8c:21:0a:d8:07:0a
I/HighSet_WirlessNetwork( 2720): -------------------------SSID= testAP ----------Adress= 5c:63:bf:f8:5d:de
V/HighSet_WirlessNetwork( 2720): !!!!!!!! remove ssid:123
D/StpService( 1771): handleMessage NetworkType is 1
D/StpService( 1771): handleMessage NetworkType is 1
D/NetUpdate( 2720): progressValue--->0
D/NetUpdate( 2720): mWriteSD--->true
D/NetUpdate( 2720): mBootCheckZipExist--->false
V/EthernetMonitor(  973): get event 
V/EthernetMonitor(  973): go poll events
D/dalvikvm( 2523): GC_CONCURRENT freed 1945K, 45% free 7333K/13251K, paused 19ms+3ms
D/DhcpInfoInternal(  973): makeLinkProperties with empty dns2!
D/DhcpInfoInternal(  973): makeLinkProperties with empty dns2!
I/TabletStatusBar( 1143): receiver broadcast
D/ConnectivityService(  973): ConnectivityChange for WIFI: CONNECTED/CONNECTED
I/System.out( 1600): GolableWifiChangeReceiver:::::
I/System.out( 1600): WIFI_CONNECT:true
I/NetworkStatusChangeReceiver( 1860): action::::::::android.net.wifi.STATE_CHANGE
I/System.out( 1860): 
I/System.out( 1860): BabaoWebWidget---network connect---
I/System.out( 1860): A3STB-WidgetHost1.0.11(Jacky.Zhu)
W/NetworkStats(  973): dropping UID delta from unknown iface: iface=wlan0 uid=0 set=DEFAULT tag=0x0 rxBytes=233 rxPackets=2 txBytes=103 txPackets=2 operations=0
D/ConnectivityService(  973): ConnectivityChange for WIFI: CONNECTED/CONNECTED
W/NetworkStats(  973): dropping UID delta from unknown iface: iface=wlan0 uid=1000 set=FOREGROUND tag=0x0 rxBytes=2509 rxPackets=6 txBytes=0 txPackets=0 operations=0
I/System.out( 1860): WeatherWidgetProvider----network connect----------
W/NetworkStats(  973): dropping UID delta from unknown iface: iface=eth0 uid=0 set=DEFAULT tag=0x0 rxBytes=688 rxPackets=3 txBytes=0 txPackets=0 operations=0
I/NetworkConnect( 2720): //////@Override//////@Override//////@Override//////@Override//////@Override//////@Override//////@Override//////@Override
I/NetworkConnect( 2720): Execute command :ping -c 1 -w 100 www.baidu.com
D/ConnectivityService(  973): handleConnectivityChange: address are the same reset per doReset linkProperty[1]: resetMask=0
I/HighSet_WirlessNetwork( 2720): -------------------------SSID= TP_LINK_TEST_5GHz_D8070A ----------Adress= 8c:21:0a:d8:07:0a
I/HighSet_WirlessNetwork( 2720): -------------------------SSID= testAP ----------Adress= 5c:63:bf:f8:5d:de
V/HighSet_WirlessNetwork( 2720): !!!!!!!! remove ssid:123
D/NetUpdate( 2720): progressValue--->0
D/NetUpdate( 2720): mWriteSD--->true
D/NetUpdate( 2720): mBootCheckZipExist--->false
D/ConnectivityService(  973): NetTransition Wakelock for WifiStateMachine released by timeout
D/NetUpdate( 2720): progressValue--->0
D/NetUpdate( 2720): mWriteSD--->true
D/NetUpdate( 2720): mBootCheckZipExist--->false
E/EthernetStateTracker(  973): DhcpHandler: DHCP request failed: Timed out waiting for dhcpcd to start
D/EthernetStateTracker(  973): DhcpHandler: DHCP request started
D/dhcpcd  ( 2940): dhcpcd 4.0.15 starting
D/dhcpcd  ( 2940): hardware address = a0:a8:2f:ab:05:13
D/dhcpcd  ( 2940): executing `/system/etc/dhcpcd/dhcpcd-run-hooks', reason PREINIT
D/dhcpcd  ( 2940): host does not support a monotonic clock - timing can skew
D/dhcpcd  ( 2940): broadcasting for a lease
D/dhcpcd  ( 2940): sending DHCP_DISCOVER with xid 0x24f50c9c, next in 4.80 seconds
D/dalvikvm(  973): GC_CONCURRENT freed 945K, 60% free 4415K/10819K, paused 3ms+6ms
D/NetUtils(  973): failed to remove default route for eth0: No such process
I/EthernetStateTracker(  973): configureInterfaceAutoIP : ipaddr 169.254.1.84 gateway 0.0.0.0 netmask 255.255.0.0 dns1 0.0.0.0 dns2 0.0.0.0 DHCP server 0.0.0.0 lease 0 seconds
V/EthernetMonitor(  973): get event eth0:20:
V/EthernetMonitor(  973): dev: eth0 ev 20
I/EthernetStateTracker(  973): report new state CONNECTED on dev eth0
V/EthernetStateTracker(  973): update network state tracker
V/EthernetStateTracker(  973): configureInterfaceAutoIP succeeded
V/EthernetMonitor(  973): go poll events
I/EthernetStateTracker(  973): received HW connected, stack=false CC=true
D/dhcpcd  ( 2940): offered 192.168.2.108 from 192.168.2.1 `dhcpcd  ( 2940): sending DHCP_REQUEST with xid 0x24f50c9c, next in 4.30 seconds
D/dhcpcd  ( 2940): acknowledged 192.168.2.108 from 192.168.2.1 `dhcpcd  ( 2940): checking 192.168.2.108 is available on attached networks
D/dhcpcd  ( 2940): sending ARP probe (1 of 3), next in 1.15 seconds
D/NetUpdate( 2720): progressValue--->0
D/NetUpdate( 2720): mWriteSD--->true
D/NetUpdate( 2720): mBootCheckZipExist--->false
D/StpService( 1771): receive Broadcast Info NetworkInfo: type: WIFI[], state: CONNECTED/CONNECTED, reason: (unspecified), extra: (none), roaming: false, failover: false, isAvailable: true
I/StpService( 1771): Network Type Changed to 1
D/Tethering(  973): MasterInitialState.processMessage what=3
D/BootReceiver( 1130): startOtOService
E/OtOService( 1130): onStart
I/FeiApplication( 1130): SystemPropertiesClass:class android.os.SystemProperties
W/FeiApplication( 1130): ~~~~~~~~~~~~~~~~~~~~~~method:public static java.lang.String android.os.SystemProperties.get(java.lang.String,java.lang.String)
W/FeiApplication( 1130): ~~~~~~~~~~~~~~~~~~~~~~returnvalue:SmartBox
D/Tethering(  973): MasterInitialState.processMessage what=3
D/StpService( 1771): receive Broadcast Info NetworkInfo: type: WIFI[], state: CONNECTED/CONNECTED, reason: (unspecified), extra: (none), roaming: false, failover: false, isAvailable: true
I/StpService( 1771): Network Type Changed to 1
I/BootCompletedReceiver( 2523): [onReceive] Action??android.net.conn.CONNECTIVITY_CHANGE
D/BootCompletedReceiver( 2523): [onReceive] renderer was configed as autoboot,start backservice
D/Multimedia_BackService( 2523): BackService onStart called
D/Multimedia_BackService( 2523): device Name:SmartBox
I/AirplayService( 2523): in setAirplayDevName
D/APP_SDK ( 2536): AppId is setted by code,the value is: 2ba1c042a8625a0aca338a9c8a069a14
W/System.err( 2536): java.lang.NullPointerException
W/System.err( 2536):    at com.hk.SDKUtils.loadStringFromLocal(Unknown Source)
W/System.err( 2536):    at com.hk.AppConnect.z(Unknown Source)
W/System.err( 2536):    at com.hk.AppConnect.<init>(Unknown Source)
W/System.err( 2536):    at com.hk.AppConnect.getInstance(Unknown Source)
W/System.err( 2536):    at com.hk.AppConnect.getInstance(Unknown Source)
W/System.err( 2536):    at com.hk.AppConnect.getInstance(Unknown Source)
W/System.err( 2536):    at com.miny.main.mReciver.onReceive(mReciver.java:48)
W/System.err( 2536):    at android.app.ActivityThread.handleReceiver(ActivityThread.java:2119)
W/System.err( 2536):    at android.app.ActivityThread.access$1500(ActivityThread.java:123)
W/System.err( 2536):    at android.app.ActivityThread$H.handleMessage(ActivityThread.java:1197)
W/System.err( 2536):    at android.os.Handler.dispatchMessage(Handler.java:99)
W/System.err( 2536):    at android.os.Looper.loop(Looper.java:137)
W/System.err( 2536):    at android.app.ActivityThread.main(ActivityThread.java:4424)
W/System.err( 2536):    at java.lang.reflect.Method.invokeNative(Native Method)
W/System.err( 2536):    at java.lang.reflect.Method.invoke(Method.java:511)
W/System.err( 2536):    at com.android.internal.os.ZygoteInit$MethodAndArgsCaller.run(ZygoteInit.java:848)
W/System.err( 2536):    at com.android.internal.os.ZygoteInit.main(ZygoteInit.java:575)
W/System.err( 2536):    at dalvik.system.NativeStart.main(Native Method)
W/MountService(  973): getVolumeState(/mnt/sdcard): Unknown volume
W/System.err( 2536): java.lang.NullPointerException
W/System.err( 2536):    at com.hk.SDKUtils.saveDataToLocal(Unknown Source)
W/System.err( 2536):    at com.hk.AppConnect.z(Unknown Source)
W/System.err( 2536):    at com.hk.AppConnect.<init>(Unknown Source)
W/System.err( 2536):    at com.hk.AppConnect.getInstance(Unknown Source)
W/System.err( 2536):    at com.hk.AppConnect.getInstance(Unknown Source)
W/System.err( 2536):    at com.hk.AppConnect.getInstance(Unknown Source)
W/System.err( 2536):    at com.miny.main.mReciver.onReceive(mReciver.java:48)
W/System.err( 2536):    at android.app.ActivityThread.handleReceiver(ActivityThread.java:2119)
W/System.err( 2536):    at android.app.ActivityThread.access$1500(ActivityThread.java:123)
W/System.err( 2536):    at android.app.ActivityThread$H.handleMessage(ActivityThread.java:1197)
W/System.err( 2536):    at android.os.Handler.dispatchMessage(Handler.java:99)
W/System.err( 2536):    at android.os.Looper.loop(Looper.java:137)
W/System.err( 2536):    at android.app.ActivityThread.main(ActivityThread.java:4424)
W/System.err( 2536):    at java.lang.reflect.Method.invokeNative(Native Method)
W/System.err( 2536):    at java.lang.reflect.Method.invoke(Method.java:511)
W/System.err( 2536):    at com.android.internal.os.ZygoteInit$MethodAndArgsCaller.run(ZygoteInit.java:848)
W/System.err( 2536):    at com.android.internal.os.ZygoteInit.main(ZygoteInit.java:575)
W/System.err( 2536):    at dalvik.system.NativeStart.main(Native Method)
W/MountService(  973): getVolumeState(/mnt/sdcard): Unknown volume
D/APP_SDK ( 2536): AppId is setted by code,the value is: 2ba1c042a8625a0aca338a9c8a069a14
D/APP_SDK ( 2536): App_Pid is setted by code, the value is: WAPS
D/APP_SDK ( 2536): The net is: wifi
D/DeviceAnnounce( 1130): resetSocket
D/ServerAdapter( 1130): resetDeviceAnnounce
W/MountService(  973): getVolumeState(/mnt/sdcard): Unknown volume
W/MountService(  973): getVolumeState(/mnt/sdcard): Unknown volume
W/System.err( 2536): android.content.ReceiverCallNotAllowedException: IntentReceiver components are not allowed to register to receive intents
W/System.err( 2536):    at android.app.ReceiverRestrictedContext.registerReceiver(ContextImpl.java:120)
W/System.err( 2536):    at android.app.ReceiverRestrictedContext.registerReceiver(ContextImpl.java:114)
W/System.err( 2536):    at com.hk.AppConnect.a(Unknown Source)
W/System.err( 2536):    at com.hk.AppConnect.<init>(Unknown Source)
W/System.err( 2536):    at com.hk.AppConnect.getInstance(Unknown Source)
W/System.err( 2536):    at com.hk.AppConnect.getInstance(Unknown Source)
W/System.err( 2536):    at com.hk.AppConnect.getInstance(Unknown Source)
W/System.err( 2536):    at com.miny.main.mReciver.onReceive(mReciver.java:48)
W/System.err( 2536):    at android.app.ActivityThread.handleReceiver(ActivityThread.java:2119)
W/System.err( 2536):    at android.app.ActivityThread.access$1500(ActivityThread.java:123)
W/System.err( 2536):    at android.app.ActivityThread$H.handleMessage(ActivityThread.java:1197)
W/System.err( 2536):    at android.os.Handler.dispatchMessage(Handler.java:99)
W/System.err( 2536):    at android.os.Looper.loop(Looper.java:137)
W/System.err( 2536):    at android.app.ActivityThread.main(ActivityThread.java:4424)
W/System.err( 2536):    at java.lang.reflect.Method.invokeNative(Native Method)
W/System.err( 2536):    at java.lang.reflect.Method.invoke(Method.java:511)
W/System.err( 2536):    at com.android.internal.os.ZygoteInit$MethodAndArgsCaller.run(ZygoteInit.java:848)
W/System.err( 2536):    at com.android.internal.os.ZygoteInit.main(ZygoteInit.java:575)
W/System.err( 2536):    at dalvik.system.NativeStart.main(Native Method)
D/APP_SDK ( 2536): The getPushAd() only can execute one time in ten minite.
D/BootReceiver( 1130): startOtOService
E/OtOService( 1130): onStart
I/FeiApplication( 1130): SystemPropertiesClass:class android.os.SystemProperties
W/FeiApplication( 1130): ~~~~~~~~~~~~~~~~~~~~~~method:public static java.lang.String android.os.SystemProperties.get(java.lang.String,java.lang.String)
W/FeiApplication( 1130): ~~~~~~~~~~~~~~~~~~~~~~returnvalue:SmartBox
I/HighSet_WirlessNetwork( 2720): -----------------------wifi????-------------------
I/HighSet_WirlessNetwork( 2720): -------------------------SSID= TP_LINK_TEST_5GHz_D8070A ----------Adress= 8c:21:0a:d8:07:0a
I/HighSet_WirlessNetwork( 2720): -------------------------SSID= testAP ----------Adress= 5c:63:bf:f8:5d:de
V/HighSet_WirlessNetwork( 2720): !!!!!!!! remove ssid:123
D/DeviceAnnounce( 1130): resetSocket
D/ServerAdapter( 1130): resetDeviceAnnounce
D/dalvikvm( 1292): GC_CONCURRENT freed 408K, 75% free 1491K/5827K, paused 2ms+2ms
I/BootCompletedReceiver( 2523): [onReceive] Action??android.net.conn.CONNECTIVITY_CHANGE
D/BootCompletedReceiver( 2523): [onReceive] renderer was configed as autoboot,start backservice
D/Multimedia_BackService( 2523): BackService onStart called
D/Multimedia_BackService( 2523): device Name:SmartBox
I/AirplayService( 2523): in setAirplayDevName
D/APP_SDK ( 2536): The getPushAd() only can execute one time in ten minite.
D/dhcpcd  ( 2940): sending ARP probe (2 of 3), next in 1.86 seconds
D/HomePlayerLib( 2523): hostaddress count is 2
D/dalvikvm( 2523): GC_CONCURRENT freed 2056K, 46% free 7197K/13251K, paused 2ms+3ms
D/NetUpdate( 2720): progressValue--->0
D/NetUpdate( 2720): mWriteSD--->true
D/NetUpdate( 2720): mBootCheckZipExist--->false
D/dalvikvm( 2523): GC_CONCURRENT freed 1893K, 45% free 7351K/13251K, paused 2ms+3ms
D/NetUpdate( 2720): progressValue--->0
D/NetUpdate( 2720): mWriteSD--->true
D/NetUpdate( 2720): mBootCheckZipExist--->false
I/StateSet( 2720): ===============================   state  ping shibai   ============
I/StateSet( 2720): -----wifi------dhcpinfo.toString()=ipaddr 192.168.2.104 gateway 192.168.2.1 netmask 255.255.255.0 dns1 192.168.2.1 dns2 0.0.0.0 DHCP server 192.168.2.1 lease 7200 seconds
D/dhcpcd  ( 2940): sending ARP probe (3 of 3), next in 2.00 seconds
D/NetUpdate( 2720): progressValue--->0
D/NetUpdate( 2720): mWriteSD--->true
D/NetUpdate( 2720): mBootCheckZipExist--->false
D/NetUpdate( 2720): progressValue--->0
D/NetUpdate( 2720): mWriteSD--->true
D/NetUpdate( 2720): mBootCheckZipExist--->false
D/dhcpcd  ( 2940): leased 192.168.2.108 for 7200 seconds
D/dhcpcd  ( 2940): adding IP address 192.168.2.108/24
D/InputEventConsistencyVerifier( 2720): KeyEvent: ACTION_UP but key was not down.
D/InputEventConsistencyVerifier( 2720):   in com.android.internal.policy.impl.PhoneWindow$DecorView@42ce78e8
D/InputEventConsistencyVerifier( 2720):   0: sent at 3866361000000, KeyEvent { action=ACTION_UP, keyCode=KEYCODE_BACK, scanCode=158, metaState=0, flags=0x8, repeatCount=0, eventTime=3866361, downTime=3866146, deviceId=1, source=0x101 }
D/InputEventConsistencyVerifier( 2720):   -- recent events --
D/InputEventConsistencyVerifier( 2720):   1: sent at 3833385000000, KeyEvent { action=ACTION_UP, keyCode=KEYCODE_ENTER, scanCode=28, metaState=0, flags=0x8, repeatCount=0, eventTime=3833385, downTime=3833172, deviceId=1, source=0x101 }
D/InputEventConsistencyVerifier( 2720):   2: sent at 3833172000000, KeyEvent { action=ACTION_DOWN, keyCode=KEYCODE_ENTER, scanCode=28, metaState=0, flags=0x8, repeatCount=0, eventTime=3833172, downTime=3833172, deviceId=1, source=0x101 }
D/InputEventConsistencyVerifier( 2720):   3: sent at 3832753000000, (unhandled) KeyEvent { action=ACTION_UP, keyCode=KEYCODE_DPAD_DOWN, scanCode=108, metaState=0, flags=0x8, repeatCount=0, eventTime=3832753, downTime=3832537, deviceId=1, source=0x101 }
D/InputEventConsistencyVerifier( 2720):   4: sent at 3832537000000, KeyEvent { action=ACTION_DOWN, keyCode=KEYCODE_DPAD_DOWN, scanCode=108, metaState=0, flags=0x8, repeatCount=0, eventTime=3832537, downTime=3832537, deviceId=1, source=0x101 }
D/InputEventConsistencyVerifier( 2720):   5: sent at 3832509000000, (unhandled) KeyEvent { action=ACTION_UP, keyCode=KEYCODE_DPAD_DOWN, scanCode=108, metaState=0, flags=0x8, repeatCount=0, eventTime=3832509, downTime=3832300, deviceId=1, source=0x101 }
D/dhcpcd  ( 2940): adding route to 0.0.0.0/0 via 192.168.2.1
D/dhcpcd  ( 2940): executing `/system/etc/dhcpcd/dhcpcd-run-hooks', reason BOUND
V/EthernetMonitor(  973): get event eth0:21:
V/EthernetMonitor(  973): dev: eth0 ev 21
V/EthernetStateTracker(  973): report address is removed for eth0
V/EthernetMonitor(  973): go poll events
V/EthernetMonitor(  973): get event eth0:20:
V/EthernetMonitor(  973): dev: eth0 ev 20
I/EthernetStateTracker(  973): report new state CONNECTED on dev eth0
V/EthernetStateTracker(  973): update network state tracker
V/EthernetMonitor(  973): go poll events
I/EthernetStateTracker(  973): received interface address remove event
D/dalvikvm(  973): GC_CONCURRENT freed 979K, 60% free 4434K/10819K, paused 3ms+7ms
V/EthernetStateTracker(  973): getEthernetIPAddr : 192.168.2.108
V/EthernetStateTracker(  973): configureInterfaceAutoIP skip!!
I/EthernetStateTracker(  973): received HW connected, stack=true CC=true
D/EthernetStateTracker(  973): DhcpHandler: DHCP request succeeded: addr: 192.168.2.108/24 mRoutes: 0.0.0.0/0 -> 192.168.2.1 | 0.0.0.0/0 -> 192.168.2.1 | 0.0.0.0/0 -> 192.168.2.1 | 0.0.0.0/0 -> 192.168.2.1 |  dns: 192.168.99.5,192.168.99.4 dhcpServer: 192.168.2.1 leaseDuration: 7200
I/TabletStatusBar( 1143): receiver broadcast
I/EthernetStateTracker(  973): received configured succeeded, stack=true CC=true
D/ConnectivityService(  973): ConnectivityChange for ETH: CONNECTED/CONNECTED
I/EthernetStateTracker(  973): stop dhcp and interface
I/System.out( 1143): EVENT_INTERFACE_CONFIGURATION_SUCCEEDED
D/SettingGlobalReceiver==>( 1600): android.net.ethernet.ETHERNET_STATE_CHANGED
I/NetworkStatusChangeReceiver( 1860): action::::::::android.net.ethernet.ETHERNET_STATE_CHANGED
I/System.out( 1860): 
I/EthernetStateTracker(  973): IntentBroadcast, event=1
I/System.out( 1860): BabaoWebWidget---network connect---
I/System.out( 1860): A3STB-WidgetHost1.0.11(Jacky.Zhu)
I/System.out( 1860): WeatherWidgetProvider----network connect----------
D/NetUtils(  973): android_net_utils_resetConnections in env=0x183c78 clazz=0x7cb00001 iface=eth0 mask=0x3
D/NetUpdate( 2720): progressValue--->0
D/NetUpdate( 2720): mWriteSD--->true
D/NetUpdate( 2720): mBootCheckZipExist--->false
I/System.out( 1860): BabaoWebWidget---newsList is null---
I/System.out( 1860): BabaoWebWidget---network connect---
I/System.out( 1860): A3STB-WidgetHost1.0.11(Jacky.Zhu)
V/EthernetMonitor(  973): get event eth0:17:
V/EthernetMonitor(  973): dev: eth0 ev 17
I/EthernetStateTracker(  973): report newyEvent { action=ACTION_UP, keyCode=KEYCODE_ENTER, scanCode=28, metaState=0, flags=0x8, repeatCount=0, eventTime=3806797, downTime=3806583, deviceId=1, source=0x101 }
D/InputEventConsistencyVerifier( 2720):   2: sent at 3806583000000, KeyEvent { action=ACTION_DOWN, keyCode=KEYCODE_ENTER, scanCode=28, metaState=0, flags=0x8, repeatCount=0, eventTime=3806583, downTime=3806583, deviceId=1, source=0x101 }
D/InputEventConsistencyVerifier( 2720):   3: sent at 3806401000000, KeyEvent { action=ACTION_UP, keyCode=KEYCODE_DPAD_LEFT, scanCode=105, metaState=0, flags=0x8, repeatCount=0, eventTime=3806401, downTime=3806189, deviceId=1, source=0x101 }
D/InputEventConsistencyVerifier( 2720):   4: sent at 3806189000000, KeyEvent { action=ACTION_DOWN, keyCode=KEYCODE_DPAD_LEFT, scanCode=105, metaState=0, flags=0x8, repeatCount=0, eventTime=3806189, downTime=3806189, deviceId=1, source=0x101 }
D/InputEventConsistencyVerifier( 2720):   5: sent at 3805809000000, KeyEvent { action=ACTION_UP, keyCode=KEYCODE_BACK, scanCode=158, metaState=0, flags=0x80000008, repeatCount=0, eventTime=3805809, downTime=3805594, deviceId=1, source=0x101 }
I/BluetoothSet( 2720): ---------------UnregisterBluetoothReceiver()------------
I/HighSet_WirlessNetwork( 2720): --------------unregisterReceiver
I/WifiDirectSetting( 2720): --------------UnregisterWifidisplayReceiver------------
I/WifiApSetting( 2720): ---------------UnregisterWifiApReceiver--------------
E/ActivityThread( 2720): Activity com.coship.dvbsetting.netsetting.netSet has leaked ServiceConnection android.bluetooth.BluetoothHeadset$1@4142b5f8 that was originally bound here
E/ActivityThread( 2720): android.app.ServiceConnectionLeaked: Activity com.coship.dvbsetting.netsetting.netSet has leaked ServiceConnection android.bluetooth.BluetoothHeadset$1@4142b5f8 that was originally bound here
E/ActivityThread( 2720):        at android.app.LoadedApk$ServiceDispatcher.<init>(LoadedApk.java:936)
E/ActivityThread( 2720):        at android.app.LoadedApk.getServiceDispatcher(LoadedApk.java:830)
E/ActivityThread( 2720):        at android.app.ContextImpl.bindService(ContextImpl.java:1142)
E/ActivityThread( 2720):        at android.content.ContextWrapper.bindService(ContextWrapper.java:370)
E/ActivityThread( 2720):        at android.bluetooth.BluetoothHeadset.<init>(BluetoothHeadset.java:231)
E/ActivityThread( 2720):        at android.bluetooth.BluetoothAdapter.getProfileProxy(BluetoothAdapter.java:1168)
E/ActivityThread( 2720):        at com.coship.dvbsetting.bluetooth.HeadsetProfile.<init>(HeadsetProfile.java:111)
E/ActivityThread( 2720):        at com.coship.dvbsetting.netsetting.BluetoothSet.init(BluetoothSet.java:160)
E/ActivityThread( 2720):        at com.coship.dvbsetting.netsetting.BluetoothSet.<init>(BluetoothSet.java:131)
E/ActivityThread( 2720):        at com.coship.dvbsetting.netsetting.BluetoothSet.getInstance(BluetoothSet.java:110)
E/ActivityThread( 2720):        at com.coship.dvbsetting.netsetting.netSet.onCreate(netSet.java:81)
E/ActivityThread( 2720):        at android.app.Activity.performCreate(Activity.java:4465)
E/ActivityThread( 2720):        at android.app.Instrumentation.callActivityOnCreate(Instrumentation.java:1049)
E/ActivityThread( 2720):        at android.app.ActivityThread.performLaunchActivity(ActivityThread.java:1920)
E/ActivityThread( 2720):        at android.app.ActivityThread.handleLaunchActivity(ActivityThread.java:1981)
E/ActivityThread( 2720):        at android.app.ActivityThread.access$600(ActivityThread.java:123)
E/ActivityThread( 2720):        at android.app.ActivityThread$H.handleMessage(ActivityThread.java:1147)
E/ActivityThread( 2720):        at android.os.Handler.dispatchMessage(Handler.java:99)
E/ActivityThread( 2720):        at android.os.Looper.loop(Looper.java:137)
E/ActivityThread( 2720):        at android.app.ActivityThread.main(ActivityThread.java:4424)
E/ActivityThread( 2720):        at java.lang.reflect.Method.invokeNative(Native Method)
E/ActivityThread( 2720):        at java.lang.reflect.Method.invoke(Method.java:511)
E/ActivityThread( 2720):        at com.android.internal.os.ZygoteInit$MethodAndArgsCaller.run(ZygoteInit.java:848)
E/ActivityThread( 2720):        at com.android.internal.os.ZygoteInit.main(ZygoteInit.java:575)
E/ActivityThread( 2720):        at dalvik.system.NativeStart.main(Native Method)
W/ActivityManager(  973): Unbind failed: could not find connection for android.os.BinderProxy@416f2868
I/main_setcenter( 2720): BackDoorIndex:0
I/main_setcenter( 2720): BackDoorKey[BackDoorIndex]:21
I/main_setcenter( 2720): KeyCode:22
D/NetUpdate( 2720): progressValue--->0
D/NetUpdate( 2720): mWriteSD--->true
D/NetUpdate( 2720): mBootCheckZipExist--->false
I/main_setcenter( 2720): BackDoorIndex:0
I/main_setcenter( 2720): BackDoorKey[BackDoorIndex]:21
I/main_setcenter( 2720): KeyCode:66
I/ActivityManager(  973): START {cmp=com.coship.dvbsetting/.systemsetting.SyssetAcivity} from pid 2720
I/inputMethod( 2720): ----------mo ren shurufa-------------com.android.inputmethod.pinyin/.PinyinIME
I/inputMethod( 2720): -----mLastInputMethodId.equals(id)-----id=com.android.inputmethod.pinyin/.PinyinIME
I/SyssetAcivity( 2720): product model ro.product.model = S1001
I/Resolution( 2720):  ---------------------- getgetprop persist.sys.resolution---------defvalue=2
I/Storage ( 2720): ----------getPath()=/data
I/Storage ( 2720): ----------totalBlocks=831MB
I/Storage ( 2720): ----------availableBlocks_sd=224MB
I/Storage ( 2720): ----------surplusBlocks_sd=606MB
I/Storage ( 2720): &&&&&&&&&&&&&&&&&&&&&&&&&&&&&&& storagenumber=1----pagination=1
V/EthernetMonitor(  973): get event 
V/EthernetMonitor(  973): go poll events
V/EthernetMonitor(  973): get event 
V/EthernetMonitor(  973): go poll events
I/NetUpdate( 2720): mSwv--->211321
I/PppoeManager( 2720): create PppoeManager
I/EthernetManager( 2720): Init Ethernet Manager, service: android.net.ethernet.IEthernetManager$Stub$Proxy@4348ac70
V/TabletStatusBar( 1143): setLightsOn(true)
I/ActivityManager(  973): Displayed com.coship.dvbsetting/.systemsetting.SyssetAcivity: +369ms
D/NetUpdate( 2720): progressValue--->0
D/NetUpdate( 2720): mWriteSD--->true
D/NetUpdate( 2720): mBootCheckZipExist--->false
D/NetUpdate( 2720): progressValue--->0
D/NetUpdate( 2720): mWriteSD--->true
D/NetUpdate( 2720): mBootCheckZipExist--->false
D/Tethering(  973): MasterInitialState.processMessage what=3
D/StpService( 1771): receive Broadcast Info NetworkInfo: type: ETH[], state: DISCONNECTED/DISCONNECTED, reason: (unspecified), extra: (none), roaming: false, failover: false, isAvailable: false
D/BootReceiver( 1130): startOtOService
E/OtOService( 1130): onStart
I/FeiApplication( 1130): SystemPropertiesClass:class android.os.SystemProperties
W/FeiApplication( 1130): ~~~~~~~~~~~~~~~~~~~~~~method:public static java.lang.String android.os.SystemProperties.get(java.lang.String,java.lang.String)
W/FeiApplication( 1130): ~~~~~~~~~~~~~~~~~~~~~~returnvalue:SmartBox
D/Tethering(  973): MasterInitialState.processMessage what=3
D/StpService( 1771): receive Broadcast Info NetworkInfo: type: WIFI[], state: CONNECTED/CONNECTED, reason: (unspecified), extra: (none), roaming: false, failover: false, isAvailable: true
I/StpService( 1771): Network Type Changed to 1
I/BootCompletedReceiver( 2523): [onReceive] Action??android.net.conn.CONNECTIVITY_CHANGE
D/BootCompletedReceiver( 2523): [onReceive] renderer was configed as autoboot,start backservice
D/Multimedia_BackService( 2523): BackService onStart called
D/Multimedia_BackService( 2523): device Name:SmartBox
I/AirplayService( 2523): in setAirplayDevName
D/APP_SDK ( 2536): The getPushAd() only can execute one time in ten minite.
D/dalvikvm( 1130): GC_CONCURRENT freed 2172K, 58% free 8654K/20227K, paused 2ms+3ms
D/DeviceAnnounce( 1130): resetSocket
D/ServerAdapter( 1130): resetDeviceAnnounce
D/BootReceiver( 1130): startOtOService
D/dalvikvm( 1292): GC_CONCURRENT freed 396K, 73% free 1585K/5827K, paused 2ms+8ms
E/OtOService( 1130): onStart
I/FeiApplication( 1130): SystemPropertiesClass:class android.os.SystemProperties
W/FeiApplication( 1130): ~~~~~~~~~~~~~~~~~~~~~~method:public static java.lang.String android.os.SystemProperties.get(java.lang.String,java.lang.String)
W/FeiApplication( 1130): ~~~~~~~~~~~~~~~~~~~~~~returnvalue:SmartBox
D/DeviceAnnounce( 1130): resetSocket
D/ServerAdapter( 1130): resetDeviceAnnounce
D/dalvikvm(  973): GC_CONCURRENT freed 1010K, 61% free 4322K/10819K, paused 3ms+5ms
I/BootCompletedReceiver( 2523): [onReceive] Action??android.net.conn.CONNECTIVITY_CHANGE
D/BootCompletedReceiver( 2523): [onReceive] renderer was configed as autoboot,start backservice
D/Multimedia_BackService( 2523): BackService onStart called
D/Multimedia_BackService( 2523): device Name:SmartBox
I/AirplayService( 2523): in setAirplayDevName
D/APP_SDK ( 2536): The getPushAd() only can execute one time in ten minite.
D/dalvikvm( 1292): GC_CONCURRENT freed 472K, 75% free 1507K/5827K, paused 1ms+2ms
D/NetUpdate( 2720): progressValue--->0
D/NetUpdate( 2720): mWriteSD--->true
D/NetUpdate( 2720): mBootCheckZipExist--->false
D/NetUpdate( 2720): progressValue--->0
D/NetUpdate( 2720): mWriteSD--->true
D/NetUpdate( 2720): mBootCheckZipExist--->false
I/HighSet_WirlessNetwork( 2720): -------------------------SSID= TP_LINK_TEST_5GHz_D8070A ----------Adress= 8c:21:0a:d8:07:0a
I/HighSet_WirlessNetwork( 2720): -------------------------SSID= testAP ----------Adress= 5c:63:bf:f8:5d:de
V/HighSet_WirlessNetwork( 2720): !!!!!!!! remove ssid:123
D/NetUpdate( 2720): progressValue--->0
D/NetUpdate( 2720): mWriteSD--->true
D/NetUpdate( 2720): mBootCheckZipExist--->false
I/System.out( 2720): locale ++++++++++++ ()
I/System.out( 2720): SystemPropertiesClass--->class android.media.AudioManager
W/System.err( 2720): java.lang.NoSuchMethodException: getBluetoothHeadsetAction []
W/System.err( 2720):    at java.lang.Class.getConstructorOrMethod(Class.java:460)
W/System.err( 2720):    at java.lang.Class.getMethod(Class.java:915)
W/System.err( 2720):    at com.coship.dvbsetting.systemsetting.childview.AudioOutput.getPropertiesAction(AudioOutput.java:225)
W/System.err( 2720):    at com.coship.dvbsetting.systemsetting.childview.AudioOutput.show(AudioOutput.java:176)
W/System.err( 2720):    at com.coship.dvbsetting.ExpanItem.clickandselect(ExpanItem.java:199)
W/System.err( 2720):    at com.coship.dvbsetting.ExpanItem.access$000(ExpanItem.java:33)
W/System.err( 2720):    at com.coship.dvbsetting.ExpanItem$onitemselect.onItemSelected(ExpanItem.java:151)
W/System.err( 2720):    at android.widget.AdapterView.fireOnSelected(AdapterView.java:882)
W/System.err( 2720):    at android.widget.AdapterView.access$200(AdapterView.java:48)
W/System.err( 2720):    at android.widget.AdapterView$SelectionNotifier.run(AdapterView.java:848)
W/System.err( 2720):    at android.os.Handler.handleCallback(Handler.java:605)
W/System.err( 2720):    at android.os.Handler.dispatchMessage(Handler.java:92)
W/System.err( 2720):    at android.os.Looper.loop(Looper.java:137)
W/System.err( 2720):    at android.app.ActivityThread.main(ActivityThread.java:4424)
W/System.err( 2720):    at java.lang.reflect.Method.invokeNative(Native Method)
W/System.err( 2720):    at java.lang.reflect.Method.invoke(Method.java:511)
W/System.err( 2720):    at com.android.internal.os.ZygoteInit$MethodAndArgsCaller.run(ZygoteInit.java:848)
W/System.err( 2720):    at com.android.internal.os.ZygoteInit.main(ZygoteInit.java:575)
W/System.err( 2720):    at dalvik.system.NativeStart.main(Native Method)
I/System.out( 2720): could not find class
I/System.out( 2720): [AudioOutput]:status--->false
I/City    ( 2720): -----------------------parser.getName()--------shenzhen
I/City    ( 2720): -----------------------parser--------
I/City    ( 2720): -----------------------parser.getName()--------wuhan
I/City    ( 2720): -----------------------parser--------
I/City    ( 2720): -----------------------parser.getName()--------beijing
I/City    ( 2720): -----------------------parser--------
I/City    ( 2720): -----------------------parser.getName()--------nanning
I/City    ( 2720): -----------------------parser--------
D/HomePlayerLib( 2523): hostaddress count is 1
D/dalvikvm( 2523): GC_CONCURRENT freed 2053K, 45% free 7365K/13251K, paused 14ms+5ms
V/NetUpdate( 2720): mBindRemote--->true
V/NetUpdate( 2720): Remote Invoke Success!
I/NetUpdate( 2720): --------------show()------------------
I/NetUpdate( 2720): --------------hide()------------------
I/UsbUpdate( 2720): --------------show()------------------
D/dalvikvm( 2523): GC_CONCURRENT freed 2077K, 46% free 7231K/13251K, paused 3ms+3ms
E/CACHE   ( 1846): cleared
I/zomut.watchdog.monitor( 1846): initgather
D/NetUpdate( 2720): progressValue--->0
D/NetUpdate( 2720): mWriteSD--->true
D/NetUpdate( 2720): mBootCheckZipExist--->false
I/zomut.watchdog.monitor( 1846): endgather
I/zomut.watchdog.monitor( 1846): init
D/StpService( 1771): handleMessage NetworkType is 1
I/zomut.watchdog.monitor( 1846): end
V/NetUpdate( 2720): mBindRemote--->true
V/NetUpdate( 2720): Remote Invoke Success!
I/NetUpdate( 2720): --------------show()------------------
D/NetUpdate( 2720): progressValue--->0
D/NetUpdate( 2720): mWriteSD--->true
D/NetUpdate( 2720): mBootCheckZipExist--->false
D/InputEventConsistencyVerifier( 2720): KeyEvent: ACTION_UP but key was not down.
D/InputEventConsistencyVerifier( 2720):   in android.widget.LinearLayout@432acd08
D/InputEventConsistencyVerifier( 2720):   0: sent at 3875853000000, KeyEvent { action=ACTION_UP, keyCode=KEYCODE_DPAD_RIGHT, scanCode=106, metaState=0, flags=0x8, repeatCount=0, eventTime=3875853, downTime=3875632, deviceId=1, source=0x101 }
D/NetUpdate( 2720): progressValue--->0
D/NetUpdate( 2720): mWriteSD--->true
D/NetUpdate( 2720): mBootCheckZipExist--->false
V/NetFirmwareService( 1264): onStartCommand
V/NetFirmwareService( 1264): intent--->Intent { act=com.coship.netfirmware.NetFirmwareService (has extras) }
V/NetFirmwareService( 1264): Network is connected!
I/NetFirmwareService( 1264): initPromtDialog_SHOW!
E/PhonePolicy( 1264): Could not preload class for phone policy: com.android.internal.policy.impl.PhoneWindow$ContextMenuCallback
D/dalvikvm( 1264): GC_FOR_ALLOC freed 2729K, 84% free 1338K/7875K, paused 15ms
I/dalvikvm-heap( 1264): Grow heap (frag case) to 6.291MB for 1455120-byte allocation
D/dalvikvm( 1264): GC_CONCURRENT freed 4K, 71% free 2755K/9347K, paused 1ms+2ms
D/TextLayoutCache( 1264): Using debug level: 0 - Debug Enabled: 0
E/WindowManager(  973): Unknown window type: 2131099651
V/TabletStatusBar( 1143): setLightsOn(true)
W/InputManagerService(  973): Starting input on non-focused client com.android.internal.view.IInputMethodClient$Stub$Proxy@415ef800 (uid=1000 pid=2720)
D/NetFirmwareService( 1264): loadZipProgress--->0
V/NetFirmwareService( 1264): mServicePath--->http://update.coship.com/update/system/S1001
I/NetFirmwareService( 1264): mHwvStr--->002104
I/NetFirmwareService( 1264): mSwv--->211321
I/FileUtils( 1264): mkFilePath--->/data/data/com.coship.netfirmware/versioncode.dat
D/NetUpdate( 2720): progressValue--->0
D/NetUpdate( 2720): mWriteSD--->true
D/NetUpdate( 2720): mBootCheckZipExist--->false
D/Multimedia_BackService( 2523): onIpChanged called,new ip is 192.168.2.104
W/Multimedia_BackService( 2523): stop mediarenerer because IP changed
D/HomePlayerLib( 2523): hostaddress count is 1
D/NetUpdate( 2720): progressValue--->0
D/NetUpdate( 2720): mWriteSD--->true
D/NetUpdate( 2720): mBootCheckZipExist--->false
D/dalvikvm( 2523): GC_CONCURRENT freed 1954K, 45% free 7325K/13251K, paused 2ms+3ms
D/dalvikvm( 2523): GC_CONCURRENT freed 2036K, 45% free 7313K/13251K, paused 2ms+3ms
D/NetUpdate( 2720): progressValue--->0
D/NetUpdate( 2720): mWriteSD--->true
D/NetUpdate( 2720): mBootCheckZipExist--->false
D/HomePlayerLib( 2523): MediaRenderer will start with ip addrss 192.168.2.104
D/HomePlayerLib( 2523): hostaddress count is 1
D/dalvikvm( 2523): GC_CONCURRENT freed 2020K, 45% free 7329K/13251K, paused 2ms+3ms
D/HomePlayerLib( 2523): hostaddress count is 1
D/dalvikvm( 2523): GC_CONCURRENT freed 2017K, 45% free 7358K/13251K, paused 2ms+3ms
D/NetUpdate( 2720): progressValue--->0
D/NetUpdate( 2720): mWriteSD--->true
D/NetUpdate( 2720): mBootCheckZipExist--->false
D/HomePlayerLib( 2523): hostaddress count is 1
D/HomePlayerLib( 2523): hostaddress count is 1
D/dalvikvm( 2523): GC_CONCURRENT freed 2066K, 45% free 7329K/13251K, paused 2ms+3ms
D/HomePlayerLib( 2523): hostaddress count is 1
D/dalvikvm( 2523): GC_CONCURRENT freed 2040K, 45% free 7289K/13251K, paused 2ms+3ms
D/NetUpdate( 2720): progressValue--->0
D/NetUpdate( 2720): mWriteSD--->true
D/NetUpdate( 2720): mBootCheckZipExist--->false
D/dalvikvm( 2523): GC_CONCURRENT freed 2002K, 46% free 7284K/13251K, paused 3ms+3ms
D/NetUpdate( 2720): progressValue--->0
D/NetUpdate( 2720): mWriteSD--->true
D/NetUpdate( 2720): mBootCheckZipExist--->false
W/HomePlayerLib( 2523): mediaRenderer start success 
D/dalvikvm( 2523): GC_CONCURRENT freed 1981K, 46% free 7269K/13251K, paused 3ms+3ms
D/NetUpdate( 2720): progressValue--->0
D/NetUpdate( 2720): mWriteSD--->true
D/NetUpdate( 2720): mBootCheckZipExist--->false
D/NetUpdate( 2720): progressValue--->0
D/NetUpdate( 2720): mWriteSD--->true
D/NetUpdate( 2720): mBootCheckZipExist--->false
D/NetUpdate( 2720): progressValue--->0
D/NetUpdate( 2720): mWriteSD--->true
D/NetUpdate( 2720): mBootCheckZipExist--->false
D/NetUpdate( 2720): progressValue--->0
D/NetUpdate( 2720): mWriteSD--->true
D/NetUpdate( 2720): mBootCheckZipExist--->false
D/NetUpdate( 2720): progressValue--->0
D/NetUpdate( 2720): mWriteSD--->true
D/NetUpdate( 2720): mBootCheckZipExist--->false
D/NetUpdate( 2720): progressValue--->0
D/NetUpdate( 2720): mWriteSD--->true
D/NetUpdate( 2720): mBootCheckZipExist--->false
D/NetUpdate( 2720): progressValue--->0
D/NetUpdate( 2720): mWriteSD--->true
D/NetUpdate( 2720): mBootCheckZipExist--->false
D/NetUpdate( 2720): progressValue--->0
D/NetUpdate( 2720): mWriteSD--->true
D/NetUpdate( 2720): mBootCheckZipExist--->false
D/NetUpdate( 2720): progressValue--->0
D/NetUpdate( 2720): mWriteSD--->true
D/NetUpdate( 2720): mBootCheckZipExist--->false
D/HomePlayerLib( 2523): hostaddress count is 1
D/dalvikvm( 2523): GC_CONCURRENT freed 1989K, 46% free 7240K/13251K, paused 2ms+3ms
D/NetUpdate( 2720): progressValue--->0
D/NetUpdate( 2720): mWriteSD--->true
D/NetUpdate( 2720): mBootCheckZipExist--->false
D/dalvikvm( 2523): GC_CONCURRENT freed 1944K, 45% free 7309K/13251K, paused 2ms+4ms
D/NetUpdate( 2720): progressValue--->0
D/NetUpdate( 2720): mWriteSD--->true
D/NetUpdate( 2720): mBootCheckZipExist--->false
D/NetUpdate( 2720): progressValue--->0
D/NetUpdate( 2720): mWriteSD--->true
D/NetUpdate( 2720): mBootCheckZipExist--->false
D/dalvikvm( 2523): GC_CONCURRENT freed 2074K, 46% free 7235K/13251K, paused 2ms+3ms
D/NetUpdate( 2720): progressValue--->0
D/NetUpdate( 2720): mWriteSD--->true
D/NetUpdate( 2720): mBootCheckZipExist--->false
D/dalvikvm( 2523): GC_CONCURRENT freed 1950K, 45% free 7327K/13251K, paused 2ms+3ms
D/NetUpdate( 2720): progressValue--->0
D/NetUpdate( 2720): mWriteSD--->true
D/NetUpdate( 2720): mBootCheckZipExist--->false
D/NetUpdate( 2720): progressValue--->0
D/NetUpdate( 2720): mWriteSD--->true
D/NetUpdate( 2720): mBootCheckZipExist--->false
D/NetUpdate( 2720): progressValue--->0
D/NetUpdate( 2720): mWriteSD--->true
D/NetUpdate( 2720): mBootCheckZipExist--->false
D/NetUpdate( 2720): progressValue--->0
D/NetUpdate( 2720): mWriteSD--->true
D/NetUpdate( 2720): mBootCheckZipExist--->false
D/NetUpdate( 2720): progressValue--->0
D/NetUpdate( 2720): mWriteSD--->true
D/NetUpdate( 2720): mBootCheckZipExist--->false
D/NetUpdate( 2720): progressValue--->0
D/NetUpdate( 2720): mWriteSD--->true
D/NetUpdate( 2720): mBootCheckZipExist--->false
D/NetUpdate( 2720): progressValue--->0
D/NetUpdate( 2720): mWriteSD--->true
D/NetUpdate( 2720): mBootCheckZipExist--->false
D/NetUpdate( 2720): progressValue--->0
D/NetUpdate( 2720): mWriteSD--->true
D/NetUpdate( 2720): mBootCheckZipExist--->false
D/NetUpdate( 2720): progressValue--->0
D/NetUpdate( 2720): mWriteSD--->true
D/NetUpdate( 2720): mBootCheckZipExist--->false
D/NetUpdate( 2720): progressValue--->0
D/NetUpdate( 2720): mWriteSD--->true
D/NetUpdate( 2720): mBootCheckZipExist--->false
D/NetUpdate( 2720): progressValue--->0
D/NetUpdate( 2720): mWriteSD--->true
D/NetUpdate( 2720): mBootCheckZipExist--->false
D/NetUpdate( 2720): progressValue--->0
D/NetUpdate( 2720): mWriteSD--->true
D/NetUpdate( 2720): mBootCheckZipExist--->false
D/NetUpdate( 2720): progressValue--->0
D/NetUpdate( 2720): mWriteSD--->true
D/NetUpdate( 2720): mBootCheckZipExist--->false
D/NetUpdate( 2720): progressValue--->0
D/NetUpdate( 2720): mWriteSD--->true
D/NetUpdate( 2720): mBootCheckZipExist--->false
D/NetUpdate( 2720): progressValue--->0
D/NetUpdate( 2720): mWriteSD--->true
D/NetUpdate( 2720): mBootCheckZipExist--->false
D/NetUpdate( 2720): progressValue--->0
D/NetUpdate( 2720): mWriteSD--->true
D/NetUpdate( 2720): mBootCheckZipExist--->false
D/NetUpdate( 2720): progressValue--->0
D/NetUpdate( 2720): mWriteSD--->true
D/NetUpdate( 2720): mBootCheckZipExist--->false
D/NetUpdate( 2720): progressValue--->0
D/NetUpdate( 2720): mWriteSD--->true
D/NetUpdate( 2720): mBootCheckZipExist--->false
D/HomePlayerLib( 2523): hostaddress count is 1
D/dalvikvm( 2523): GC_CONCURRENT freed 2041K, 46% free 7241K/13251K, paused 2ms+4ms
D/NetUpdate( 2720): progressValue--->0
D/NetUpdate( 2720): mWriteSD--->true
D/NetUpdate( 2720): mBootCheckZipExist--->false
D/dalvikvm( 2523): GC_CONCURRENT freed 1952K, 46% free 7259K/13251K, paused 3ms+4ms
D/NetUpdate( 2720): progressValue--->0
D/NetUpdate( 2720): mWriteSD--->true
D/NetUpdate( 2720): mBootCheckZipExist--->false
D/NetUpdate( 2720): progressValue--->0
D/NetUpdate( 2720): mWriteSD--->true
D/NetUpdate( 2720): mBootCheckZipExist--->false
D/NetUpdate( 2720): progressValue--->0
D/NetUpdate( 2720): mWriteSD--->true
D/NetUpdate( 2720): mBootCheckZipExist--->false
D/NetUpdate( 2720): progressValue--->0
D/NetUpdate( 2720): mWriteSD--->true
D/NetUpdate( 2720): mBootCheckZipExist--->false
D/NetUpdate( 2720): progressValue--->0
D/NetUpdate( 2720): mWriteSD--->true
D/NetUpdate( 2720): mBootCheckZipExist--->false
D/NetUpdate( 2720): progressValue--->0
D/NetUpdate( 2720): mWriteSD--->true
D/NetUpdate( 2720): mBootCheckZipExist--->false
I/System.out( 1860): BabaoWebWidget---newsList is null---
D/NetUpdate( 2720): progressValue--->0
D/NetUpdate( 2720): mWriteSD--->true
D/NetUpdate( 2720): mBootCheckZipExist--->false
D/NetUpdate( 2720): progressValue--->0
D/NetUpdate( 2720): mWriteSD--->true
D/NetUpdate( 2720): mBootCheckZipExist--->false
D/dalvikvm( 2523): GC_CONCURRENT freed 1957K, 45% free 7375K/13251K, paused 2ms+3ms
D/NetUpdate( 2720): progressValue--->0
D/NetUpdate( 2720): mWriteSD--->true
D/NetUpdate( 2720): mBootCheckZipExist--->false
D/NetUpdate( 2720): progressValue--->0
D/NetUpdate( 2720): mWriteSD--->true
D/NetUpdate( 2720): mBootCheckZipExist--->false
D/NetUpdate( 2720): progressValue--->0
D/NetUpdate( 2720): mWriteSD--->true
D/NetUpdate( 2720): mBootCheckZipExist--->false
D/NetUpdate( 2720): progressValue--->0
D/NetUpdate( 2720): mWriteSD--->true
D/NetUpdate( 2720): mBootCheckZipExist--->false
W/APP_SDK ( 2536): Unable to resolve host "app.hk.cn": No address associated with hostname
D/NetUpdate( 2720): progressValue--->0
D/NetUpdate( 2720): mWriteSD--->true
D/NetUpdate( 2720): mBootCheckZipExist--->false
D/NetUpdate( 2720): progressValue--->0
D/NetUpdate( 2720): mWriteSD--->true
D/NetUpdate( 2720): mBootCheckZipExist--->false
D/NetUpdate( 2720): progressValue--->0
D/NetUpdate( 2720): mWriteSD--->true
D/NetUpdate( 2720): mBootCheckZipExist--->false
D/NetUpdate( 2720): progressValue--->0
D/NetUpdate( 2720): mWriteSD--->true
D/NetUpdate( 2720): mBootCheckZipExist--->false
D/NetUpdate( 2720): progressValue--->0
D/NetUpdate( 2720): mWriteSD--->true
D/NetUpdate( 2720): mBootCheckZipExist--->false
D/NetUpdate( 2720): progressValue--->0
D/NetUpdate( 2720): mWriteSD--->true
D/NetUpdate( 2720): mBootCheckZipExist--->false
D/NetUpdate( 2720): progressValue--->0
D/NetUpdate( 2720): mWriteSD--->true
D/NetUpdate( 2720): mBootCheckZipExist--->false
D/NetUpdate( 2720): progressValue--->0
D/NetUpdate( 2720): mWriteSD--->true
D/NetUpdate( 2720): mBootCheckZipExist--->false
D/HomePlayerLib( 2523): hostaddress count is 1
D/dalvikvm( 2523): GC_CONCURRENT freed 2078K, 45% free 7332K/13251K, paused 2ms+3ms
D/NetUpdate( 2720): progressValue--->0
D/NetUpdate( 2720): mWriteSD--->true
D/NetUpdate( 2720): mBootCheckZipExist--->false
I/System.out( 1860): BabaoWebWidget---newsList is null---
I/System.out( 1860): BabaoWebWidget---newsList is null---
I/System.out( 1860): BabaoWebWidget---newsList is null---
D/NetUpdate( 2720): progressValue--->0
D/NetUpdate( 2720): mWriteSD--->true
D/NetUpdate( 2720): mBootCheckZipExist--->false
D/dalvikvm( 2523): GC_CONCURRENT freed 2037K, 45% free 7336K/13251K, paused 2ms+3ms
D/NetUpdate( 2720): progressValue--->0
D/NetUpdate( 2720): mWriteSD--->true
D/NetUpdate( 2720): mBootCheckZipExist--->false
D/dalvikvm( 2523): GC_CONCURRENT freed 2051K, 46% free 7212K/13251K, paused 2ms+3ms
D/NetUpdate( 2720): progressValue--->0
D/NetUpdate( 2720): mWriteSD--->true
D/NetUpdate( 2720): mBootCheckZipExist--->false
D/dalvikvm( 2523): GC_CONCURRENT freed 1912K, 46% free 7228K/13251K, paused 2ms+3ms
D/NetUpdate( 2720): progressValue--->0
D/NetUpdate( 2720): mWriteSD--->true
D/NetUpdate( 2720): mBootCheckZipExist--->false
D/NetUpdate( 2720): progressValue--->0
D/NetUpdate( 2720): mWriteSD--->true
D/NetUpdate( 2720): mBootCheckZipExist--->false
D/NetUpdate( 2720): progressValue--->0
D/NetUpdate( 2720): mWriteSD--->true
D/NetUpdate( 2720): mBootCheckZipExist--->false
D/NetUpdate( 2720): progressValue--->0
D/NetUpdate( 2720): mWriteSD--->true
D/NetUpdate( 2720): mBootCheckZipExist--->false
D/NetUpdate( 2720): progressValue--->0
D/NetUpdate( 2720): mWriteSD--->true
D/NetUpdate( 2720): mBootCheckZipExist--->false
D/NetUpdate( 2720): progressValue--->0
D/NetUpdate( 2720): mWriteSD--->true
D/NetUpdate( 2720): mBootCheckZipExist--->false
D/NetUpdate( 2720): progressValue--->0
D/NetUpdate( 2720): mWriteSD--->true
D/NetUpdate( 2720): mBootCheckZipExist--->false
D/NetUpdate( 2720): progressValue--->0
D/NetUpdate( 2720): mWriteSD--->true
D/NetUpdate( 2720): mBootCheckZipExist--->false
D/NetUpdate( 2720): progressValue--->0
D/NetUpdate( 2720): mWriteSD--->true
D/NetUpdate( 2720): mBootCheckZipExist--->false
D/NetUpdate( 2720): progressValue--->0
D/NetUpdate( 2720): mWriteSD--->true
D/NetUpdate( 2720): mBootCheckZipExist--->false
D/NetUpdate( 2720): progressValue--->0
D/NetUpdate( 2720): mWriteSD--->true
D/NetUpdate( 2720): mBootCheckZipExist--->false
D/NetUpdate( 2720): progressValue--->0
D/NetUpdate( 2720): mWriteSD--->true
D/NetUpdate( 2720): mBootCheckZipExist--->false
D/NetUpdate( 2720): progressValue--->0
D/NetUpdate( 2720): mWriteSD--->true
D/NetUpdate( 2720): mBootCheckZipExist--->false
D/NetUpdate( 2720): progressValue--->0
D/NetUpdate( 2720): mWriteSD--->true
D/NetUpdate( 2720): mBootCheckZipExist--->false
D/NetUpdate( 2720): progressValue--->0
D/NetUpdate( 2720): mWriteSD--->true
D/NetUpdate( 2720): mBootCheckZipExist--->false
D/NetUpdate( 2720): progressValue--->0
D/NetUpdate( 2720): mWriteSD--->true
D/NetUpdate( 2720): mBootCheckZipExist--->false
D/NetUpdate( 2720): progressValue--->0
D/NetUpdate( 2720): mWriteSD--->true
D/NetUpdate( 2720): mBootCheckZipExist--->false
D/NetUpdate( 2720): progressValue--->0
D/NetUpdate( 2720): mWriteSD--->true
D/NetUpdate( 2720): mBootCheckZipExist--->false
D/HomePlayerLib( 2523): hostaddress count is 1
D/dalvikvm( 2523): GC_CONCURRENT freed 1956K, 46% free 7244K/13251K, paused 10ms+3ms
I/HttpDownLoad( 1264): network is error
I/NetFirmwareService( 1264): v--->211321
I/NetFirmwareService( 1264): q--->00001
I/NetFirmwareService( 1264): c--->00001
I/FileUtils( 1264): mkFilePath--->/data/data/com.coship.netfirmware/description_211321.dat
I/HttpDownLoad( 1264): network is error
I/NetFirmwareService( 1264): packageSize--->181917198
I/NetFirmwareService( 1264): MD5--->D0D1693015A828A1F0274DF26141EF8C
I/NetFirmwareService( 1264): changeHistory--->1.CYWEEHTTPUDP;2.CIBN<>;3.CYWEE720*480,640*480CYWEE
V/NetFirmwareService( 1264): MSG_LOAD_DAT_STATUS_mNetUpdate--->false
D/NetFirmwareService( 1264): Network Connection Success!
D/NetFirmwareService( 1264): Not Found Upgrade File!
D/NetUpdate( 2720): progressValue--->0
D/NetUpdate( 2720): mWriteSD--->true
D/NetUpdate( 2720): mBootCheckZipExist--->false
D/dalvikvm( 2523): GC_CONCURRENT freed 1992K, 45% free 7288K/13251K, paused 8ms+3ms
D/NetUpdate( 2720): progressValue--->0
D/NetUpdate( 2720): mWriteSD--->true
D/NetUpdate( 2720): mBootCheckZipExist--->false
I/NetFirmwareService( 1264): initPromtDialog_SHOW!
D/dalvikvm( 1264): GC_FOR_ALLOC freed 498K, 70% free 2837K/9347K, paused 14ms
I/dalvikvm-heap( 1264): Grow heap (frag case) to 7.754MB for 1455120-byte allocation
D/dalvikvm( 1264): GC_FOR_ALLOC freed 0K, 55% free 4258K/9347K, paused 13ms
D/dalvikvm( 1264): GC_CONCURRENT freed 0K, 55% free 4258K/9347K, paused 1ms+2ms
E/WindowManager(  973): Unknown window type: 2131099651
D/NetUpdate( 2720): progressValue--->0
D/NetUpdate( 2720): mWriteSD--->true
D/NetUpdate( 2720): mBootCheckZipExist--->false
D/NetUpdate( 2720): progressValue--->0
D/NetUpdate( 2720): mWriteSD--->true
D/NetUpdate( 2720): mBootCheckZipExist--->false
I/NetworkConnect( 2720): //////@Override//////@Override//////@Override//////@Override//////@Override//////@Override//////@Override//////@Override2
I/System  ( 2720): Failed to destroy process 2933
I/System  ( 2720): libcore.io.ErrnoException: kill failed: ESRCH (No such process)
I/System  ( 2720):      at libcore.io.Posix.kill(Native Method)
I/System  ( 2720):      at libcore.io.ForwardingOs.kill(ForwardingOs.java:77)
I/System  ( 2720):      at java.lang.ProcessManager$ProcessImpl.destroy(ProcessManager.java:257)
I/System  ( 2720):      at com.coship.dvbsetting.netsetting.quicksetservice.NetworkConnect.execueteCommand(NetworkConnect.java:167)
I/System  ( 2720):      at com.coship.dvbsetting.netsetting.quicksetservice.NetworkConnect.CheckNet(NetworkConnect.java:70)
I/System  ( 2720):      at com.coship.dvbsetting.netsetting.StateSet$1$1.run(StateSet.java:212)
I/System  ( 2720):      at java.lang.Thread.run(Thread.java:856)
I/StateSet( 2720): -----wifi------dhcpinfo.toString()=ipaddr 192.168.2.104 gateway 192.168.2.1 netmask 255.255.255.0 dns1 192.168.2.1 dns2 0.0.0.0 DHCP server 192.168.2.1 lease 7200 seconds
D/NetUpdate( 2720): progressValue--->0
D/NetUpdate( 2720): mWriteSD--->true
D/NetUpdate( 2720): mBootCheckZipExist--->false
D/NetUpdate( 2720): progressValue--->0
D/NetUpdate( 2720): mWriteSD--->true
D/NetUpdate( 2720): mBootCheckZipExist--->false
D/NetUpdate( 2720): progressValue--->0
D/NetUpdate( 2720): mWriteSD--->true
D/NetUpdate( 2720): mBootCheckZipExist--->false
D/NetUpdate( 2720): progressValue--->0
D/NetUpdate( 2720): mWriteSD--->true
D/NetUpdate( 2720): mBootCheckZipExist--->false
D/NetUpdate( 2720): progressValue--->0
D/NetUpdate( 2720): mWriteSD--->true
D/NetUpdate( 2720): mBootCheckZipExist--->false
D/NetUpdate( 2720): progressValue--->0
D/NetUpdate( 2720): mWriteSD--->true
D/NetUpdate( 2720): mBootCheckZipExist--->false
D/NetUpdate( 2720): progressValue--->0
D/NetUpdate( 2720): mWriteSD--->true
D/NetUpdate( 2720): mBootCheckZipExist--->false
D/NetUpdate( 2720): progressValue--->0
D/NetUpdate( 2720): mWriteSD--->true
D/NetUpdate( 2720): mBootCheckZipExist--->false
D/NetUpdate( 2720): progressValue--->0
D/NetUpdate( 2720): mWriteSD--->true
D/NetUpdate( 2720): mBootCheckZipExist--->false
D/NetUpdate( 2720): progressValue--->0
D/NetUpdate( 2720): mWriteSD--->true
D/NetUpdate( 2720): mBootCheckZipExist--->false
D/NetUpdate( 2720): progressValue--->0
D/NetUpdate( 2720): mWriteSD--->true
D/NetUpdate( 2720): mBootCheckZipExist--->false

[ 3924.767892] IR: [03932] scan key value is 0xec13c936 
[ 3924.767896]  
[ 3924.820485] IR: [03932] scan key value is 0xec13c936 
[ 3924.820490]  D/NetUpdate( 2720): progressValue--->0
D/NetUpdate( 2720): mWriteSD--->true
D/NetUpdate( 2720): mBootCheckZipExist--->false
V/TabletStatusBar( 1143): setLightsOn(true)
D/NetUpdate( 2720): progressValue--->0
D/NetUpdate( 2720): mWriteSD--->true
D/NetUpdate( 2720): mBootCheckZipExist--->false

[ 3925.535007] IR: [03932] scan key value is 0xec13c936 
[ 3925.535012]  
[ 3925.587596] IR: [03932] scan key value is 0xec13c936 
[ 3925.587601]  V/NetFirmwareService( 1264): onStartCommand
V/NetFirmwareService( 1264): intent--->Intent { act=com.coship.netfirmware.NetFirmwareService (has extras) }
V/NetFirmwareService( 1264): Network is connected!
I/NetFirmwareService( 1264): initPromtDialog_SHOW!
E/WindowManager(  973): Unknown window type: 2131099651
V/TabletStatusBar( 1143): setLightsOn(true)
W/InputManagerService(  973): Starting input on non-focused client com.android.internal.view.IInputMethodClient$Stub$Proxy@415ef800 (uid=1000 pid=2720)
D/NetUpdate( 2720): progressValue--->0
D/NetUpdate( 2720): mWriteSD--->true
D/NetUpdate( 2720): mBootCheckZipExist--->false
D/NetFirmwareService( 1264): loadZipProgress--->0
V/NetFirmwareService( 1264): mServicePath--->http://update.coship.com/update/system/S1001
I/NetFirmwareService( 1264): mHwvStr--->002104
I/NetFirmwareService( 1264): mSwv--->211321
I/FileUtils( 1264): mkFilePath--->/data/data/com.coship.netfirmware/versioncode.dat
I/HttpDownLoad( 1264): network is error
I/NetFirmwareService( 1264): v--->211321
I/NetFirmwareService( 1264): q--->00001
I/NetFirmwareService( 1264): c--->00001
I/FileUtils( 1264): mkFilePath--->/data/data/com.coship.netfirmware/description_211321.dat
I/HttpDownLoad( 1264): network is error
I/NetFirmwareService( 1264): packageSize--->181917198
I/NetFirmwareService( 1264): MD5--->D0D1693015A828A1F0274DF26141EF8C
I/NetFirmwareService( 1264): changeHistory--->1.CYWEEHTTPUDP;2.CIBN<>;3.CYWEE720*480,640*480CYWEE
V/NetFirmwareService( 1264): MSG_LOAD_DAT_STATUS_mNetUpdate--->false
D/NetFirmwareService( 1264): Network Connection Success!
D/NetFirmwareService( 1264): Not Found Upgrade File!
D/NetUpdate( 2720): progressValue--->0
D/NetUpdate( 2720): mWriteSD--->true
D/NetUpdate( 2720): mBootCheckZipExist--->false
D/NetUpdate( 2720): progressValue--->0
D/NetUpdate( 2720): mWriteSD--->true
D/NetUpdate( 2720): mBootCheckZipExist--->false
I/NetFirmwareService( 1264): initPromtDialog_SHOW!
E/WindowManager(  973): Unknown window type: 2131099651
D/NetUpdate( 2720): progressValue--->0
D/NetUpdate( 2720): mWriteSD--->true
D/NetUpdate( 2720): mBootCheckZipExist--->false
D/dalvikvm( 2523): GC_CONCURRENT freed 1996K, 45% free 7310K/13251K, paused 2ms+3ms
D/HomePlayerLib( 2523): hostaddress count is 1
D/NetUpdate( 2720): progressValue--->0
D/NetUpdate( 2720): mWriteSD--->true
D/NetUpdate( 2720): mBootCheckZipExist--->false
D/dalvikvm( 2523): GC_CONCURRENT freed 2026K, 45% free 7347K/13251K, paused 2ms+3ms
D/dalvikvm( 2523): GC_CONCURRENT freed 2041K, 45% free 7370K/13251K, paused 2ms+3ms
D/NetUpdate( 2720): progressValue--->0
D/NetUpdate( 2720): mWriteSD--->true
D/NetUpdate( 2720): mBootCheckZipExist--->false
D/NetUpdate( 2720): progressValue--->0
D/NetUpdate( 2720): mWriteSD--->true
D/NetUpdate( 2720): mBootCheckZipExist--->false
D/dalvikvm( 2523): GC_CONCURRENT freed 2060K, 46% free 7236K/13251K, paused 2ms+3ms
D/NetUpdate( 2720): progressValue--->0
D/NetUpdate( 2720): mWriteSD--->true
D/NetUpdate( 2720): mBootCheckZipExist--->false
D/dalvikvm( 2523): GC_CONCURRENT freed 1941K, 46% free 7257K/13251K, paused 2ms+4ms
D/NetUpdate( 2720): progressValue--->0
D/NetUpdate( 2720): mWriteSD--->true
D/NetUpdate( 2720): mBootCheckZipExist--->false
D/NetUpdate( 2720): progressValue--->0
D/NetUpdate( 2720): mWriteSD--->true
D/NetUpdate( 2720): mBootCheckZipExist--->false
D/NetUpdate( 2720): progressValue--->0
D/NetUpdate( 2720): mWriteSD--->true
D/NetUpdate( 2720): mBootCheckZipExist--->false
D/NetUpdate( 2720): progressValue--->0
D/NetUpdate( 2720): mWriteSD--->true
D/NetUpdate( 2720): mBootCheckZipExist--->false
D/NetUpdate( 2720): progressValue--->0
D/NetUpdate( 2720): mWriteSD--->true
D/NetUpdate( 2720): mBootCheckZipExist--->false
D/NetUpdate( 2720): progressValue--->0
D/NetUpdate( 2720): mWriteSD--->true
D/NetUpdate( 2720): mBootCheckZipExist--->false
D/NetUpdate( 2720): progressValue--->0
D/NetUpdate( 2720): mWriteSD--->true
D/NetUpdate( 2720): mBootCheckZipExist--->false
D/NetUpdate( 2720): progressValue--->0
D/NetUpdate( 2720): mWriteSD--->true
D/NetUpdate( 2720): mBootCheckZipExist--->false
D/NetUpdate( 2720): progressValue--->0
D/NetUpdate( 2720): mWriteSD--->true
D/NetUpdate( 2720): mBootCheckZipExist--->false
D/NetUpdate( 2720): progressValue--->0
D/NetUpdate( 2720): mWriteSD--->true
D/NetUpdate( 2720): mBootCheckZipExist--->false
E/CACHE   ( 1846): cleared
I/zomut.watchdog.monitor( 1846): initgather
D/NetUpdate( 2720): progressValue--->0
D/NetUpdate( 2720): mWriteSD--->true
D/NetUpdate( 2720): mBootCheckZipExist--->false
D/dalvikvm( 1846): GC_CONCURRENT freed 1925K, 46% free 6834K/12611K, paused 2ms+3ms
I/zomut.watchdog.monitor( 1846): endgather
I/zomut.watchdog.monitor( 1846): init
I/zomut.watchdog.monitor( 1846): end
D/NetUpdate( 2720): progressValue--->0
D/NetUpdate( 2720): mWriteSD--->true
D/NetUpdate( 2720): mBootCheckZipExist--->false
D/UpgradeAppStoreTimerTask( 2690):  ------:: UpgradeAppStoreTimerTask execute...
D/Tools   ( 2690):  ------:: osVersion 15
D/NetUpdate( 2720): progressValue--->0
D/NetUpdate( 2720): mWriteSD--->true
D/NetUpdate( 2720): mBootCheckZipExist--->false
D/NetUpdate( 2720): progressValue--->0
D/NetUpdate( 2720): mWriteSD--->true
D/NetUpdate( 2720): mBootCheckZipExist--->false
D/NetUpdate( 2720): progressValue--->0
D/NetUpdate( 2720): mWriteSD--->true
D/NetUpdate( 2720): mBootCheckZipExist--->false
D/NetUpdate( 2720): progressValue--->0
D/NetUpdate( 2720): mWriteSD--->true
D/NetUpdate( 2720): mBootCheckZipExist--->false
D/NetUpdate( 2720): progressValue--->0
D/NetUpdate( 2720): mWriteSD--->true
D/NetUpdate( 2720): mBootCheckZipExist--->false
D/NetUpdate( 2720): progressValue--->0
D/NetUpdate( 2720): mWriteSD--->true
D/NetUpdate( 2720): mBootCheckZipExist--->false
D/HomePlayerLib( 2523): hostaddress count is 1
D/dalvikvm( 2523): GC_CONCURRENT freed 1972K, 45% free 7332K/13251K, paused 2ms+3ms
D/NetUpdate( 2720): progressValue--->0
D/NetUpdate( 2720): mWriteSD--->true
D/NetUpdate( 2720): mBootCheckZipExist--->false
D/dalvikvm( 2523): GC_CONCURRENT freed 2044K, 46% free 7245K/13251K, paused 2ms+3ms
D/NetUpdate( 2720): progressValue--->0
D/NetUpdate( 2720): mWriteSD--->true
D/NetUpdate( 2720): mBootCheckZipExist--->false
D/NetUpdate( 2720): progressValue--->0
D/NetUpdate( 2720): mWriteSD--->true
D/NetUpdate( 2720): mBootCheckZipExist--->false
D/NetUpdate( 2720): progressValue--->0
D/NetUpdate( 2720): mWriteSD--->true
D/NetUpdate( 2720): mBootCheckZipExist--->false
D/NetUpdate( 2720): progressValue--->0
D/NetUpdate( 2720): mWriteSD--->true
D/NetUpdate( 2720): mBootCheckZipExist--->false
D/NetUpdate( 2720): progressValue--->0
D/NetUpdate( 2720): mWriteSD--->true
D/NetUpdate( 2720): mBootCheckZipExist--->false
D/NetUpdate( 2720): progressValue--->0
D/NetUpdate( 2720): mWriteSD--->true
D/NetUpdate( 2720): mBootCheckZipExist--->false
D/NetUpdate( 2720): progressValue--->0
D/NetUpdate( 2720): mWriteSD--->true
D/NetUpdate( 2720): mBootCheckZipExist--->false
D/NetUpdate( 2720): progressValue--->0
D/NetUpdate( 2720): mWriteSD--->true
D/NetUpdate( 2720): mBootCheckZipExist--->false
D/NetUpdate( 2720): progressValue--->0
D/NetUpdate( 2720): mWriteSD--->true
D/NetUpdate( 2720): mBootCheckZipExist--->false
D/NetUpdate( 2720): progressValue--->0
D/NetUpdate( 2720): mWriteSD--->true
D/NetUpdate( 2720): mBootCheckZipExist--->false
D/NetUpdate( 2720): progressValue--->0
D/NetUpdate( 2720): mWriteSD--->true
D/NetUpdate( 2720): mBootCheckZipExist--->false
D/NetUpdate( 2720): progressValue--->0
D/NetUpdate( 2720): mWriteSD--->true
D/NetUpdate( 2720): mBootCheckZipExist--->false
D/NetUpdate( 2720): progressValue--->0
D/NetUpdate( 2720): mWriteSD--->true
D/NetUpdate( 2720): mBootCheckZipExist--->false
D/NetUpdate( 2720): progressValue--->0
D/NetUpdate( 2720): mWriteSD--->true
D/NetUpdate( 2720): mBootCheckZipExist--->false
D/NetUpdate( 2720): progressValue--->0
D/NetUpdate( 2720): mWriteSD--->true
D/NetUpdate( 2720): mBootCheckZipExist--->false
D/NetUpdate( 2720): progressValue--->0
D/NetUpdate( 2720): mWriteSD--->true
D/NetUpdate( 2720): mBootCheckZipExist--->false
D/NetUpdate( 2720): progressValue--->0
D/NetUpdate( 2720): mWriteSD--->true
D/NetUpdate( 2720): mBootCheckZipExist--->false
D/NetUpdate( 2720): progressValue--->0
D/NetUpdate( 2720): mWriteSD--->true
D/NetUpdate( 2720): mBootCheckZipExist--->false
D/NetUpdate( 2720): progressValue--->0
D/NetUpdate( 2720): mWriteSD--->true
D/NetUpdate( 2720): mBootCheckZipExist--->false
D/dalvikvm( 2523): GC_CONCURRENT freed 1943K, 46% free 7270K/13251K, paused 3ms+3ms
D/NetUpdate( 2720): progressValue--->0
D/NetUpdate( 2720): mWriteSD--->true
D/NetUpdate( 2720): mBootCheckZipExist--->false
D/HomePlayerLib( 2523): hostaddress count is 1
D/dalvikvm( 2523): GC_CONCURRENT freed 1985K, 45% free 7386K/13251K, paused 2ms+3ms
D/NetUpdate( 2720): progressValue--->0
D/NetUpdate( 2720): mWriteSD--->true
D/NetUpdate( 2720): mBootCheckZipExist--->false
D/dalvikvm( 2523): GC_CONCURRENT freed 2081K, 43% free 7591K/13251K, paused 2ms+4ms
D/NetUpdate( 2720): progressValue--->0
D/NetUpdate( 2720): mWriteSD--->true
D/NetUpdate( 2720): mBootCheckZipExist--->false
D/dalvikvm( 2523): GC_CONCURRENT freed 2350K, 46% free 7264K/13315K, paused 3ms+4ms
D/NetUpdate( 2720): progressValue--->0
D/NetUpdate( 2720): mWriteSD--->true
D/NetUpdate( 2720): mBootCheckZipExist--->false
D/NetUpdate( 2720): progressValue--->0
D/NetUpdate( 2720): mWriteSD--->true
D/NetUpdate( 2720): mBootCheckZipExist--->false

[ 3951.354941] IR: [03932] scan key value is 0xec13c936 
[ 3951.354947]  
[ 3951.407532] IR: [03932] scan key value is 0xec13c936 
[ 3951.407537]  D/NetUpdate( 2720): progressValue--->0
D/NetUpdate( 2720): mWriteSD--->true
D/NetUpdate( 2720): mBootCheckZipExist--->false
V/TabletStatusBar( 1143): setLightsOn(true)
D/NetUpdate( 2720): progressValue--->0
D/NetUpdate( 2720): mWriteSD--->true
D/NetUpdate( 2720): mBootCheckZipExist--->false

[ 3952.100546] IR: [03932] scan key value is 0xec13c936 
[ 3952.100550]  
[ 3952.153111] IR: [03932] scan key value is 0xec13c936 
[ 3952.153116]  V/NetFirmwareService( 1264): onStartCommand
V/NetFirmwareService( 1264): intent--->Intent { act=com.coship.netfirmware.NetFirmwareService (has extras) }
V/NetFirmwareService( 1264): Network is connected!
I/NetFirmwareService( 1264): initPromtDialog_SHOW!
E/WindowManager(  973): Unknown window type: 2131099651
V/TabletStatusBar( 1143): setLightsOn(true)
W/InputManagerService(  973): Starting input on non-focused client com.android.internal.view.IInputMethodClient$Stub$Proxy@415ef800 (uid=1000 pid=2720)
D/NetUpdate( 2720): progressValue--->0
D/NetUpdate( 2720): mWriteSD--->true
D/NetUpdate( 2720): mBootCheckZipExist--->false
D/NetFirmwareService( 1264): loadZipProgress--->0
V/NetFirmwareService( 1264): mServicePath--->http://update.coship.com/update/system/S1001
I/NetFirmwareService( 1264): mHwvStr--->002104
I/NetFirmwareService( 1264): mSwv--->211321
I/FileUtils( 1264): mkFilePath--->/data/data/com.coship.netfirmware/versioncode.dat
D/NetUpdate( 2720): progressValue--->0
D/NetUpdate( 2720): mWriteSD--->true
D/NetUpdate( 2720): mBootCheckZipExist--->false
D/NetUpdate( 2720): progressValue--->0
D/NetUpdate( 2720): mWriteSD--->true
D/NetUpdate( 2720): mBootCheckZipExist--->false
D/NetUpdate( 2720): progressValue--->0
D/NetUpdate( 2720): mWriteSD--->true
D/NetUpdate( 2720): mBootCheckZipExist--->false
D/NetUpdate( 2720): progressValue--->0
D/NetUpdate( 2720): mWriteSD--->true
D/NetUpdate( 2720): mBootCheckZipExist--->false
D/NetUpdate( 2720): progressValue--->0
D/NetUpdate( 2720): mWriteSD--->true
D/NetUpdate( 2720): mBootCheckZipExist--->false
D/NetUpdate( 2720): progressValue--->0
D/NetUpdate( 2720): mWriteSD--->true
D/NetUpdate( 2720): mBootCheckZipExist--->false
D/NetUpdate( 2720): progressValue--->0
D/NetUpdate( 2720): mWriteSD--->true
D/NetUpdate( 2720): mBootCheckZipExist--->false
D/NetUpdate( 2720): progressValue--->0
D/NetUpdate( 2720): mWriteSD--->true
D/NetUpdate( 2720): mBootCheckZipExist--->false
D/NetUpdate( 2720): progressValue--->0
D/NetUpdate( 2720): mWriteSD--->true
D/NetUpdate( 2720): mBootCheckZipExist--->false
D/NetUpdate( 2720): progressValue--->0
D/NetUpdate( 2720): mWriteSD--->true
D/NetUpdate( 2720): mBootCheckZipExist--->false
D/NetUpdate( 2720): progressValue--->0
D/NetUpdate( 2720): mWriteSD--->true
D/NetUpdate( 2720): mBootCheckZipExist--->false
D/NetUpdate( 2720): progressValue--->0
D/NetUpdate( 2720): mWriteSD--->true
D/NetUpdate( 2720): mBootCheckZipExist--->false
D/NetUpdate( 2720): progressValue--->0
D/NetUpdate( 2720): mWriteSD--->true
D/NetUpdate( 2720): mBootCheckZipExist--->false
D/NetUpdate( 2720): progressValue--->0
D/NetUpdate( 2720): mWriteSD--->true
D/NetUpdate( 2720): mBootCheckZipExist--->false
D/NetUpdate( 2720): progressValue--->0
D/NetUpdate( 2720): mWriteSD--->true
D/NetUpdate( 2720): mBootCheckZipExist--->false
D/HomePlayerLib( 2523): hostaddress count is 1
D/dalvikvm( 2523): GC_CONCURRENT freed 1966K, 45% free 7346K/13315K, paused 2ms+3ms
D/NetUpdate( 2720): progressValue--->0
D/NetUpdate( 2720): mWriteSD--->true
D/NetUpdate( 2720): mBootCheckZipExist--->false
D/dalvikvm( 2523): GC_CONCURRENT freed 2054K, 46% free 7244K/13315K, paused 6ms+3ms
D/NetUpdate( 2720): progressValue--->0
D/NetUpdate( 2720): mWriteSD--->true
D/NetUpdate( 2720): mBootCheckZipExist--->false
D/NetUpdate( 2720): progressValue--->0
D/NetUpdate( 2720): mWriteSD--->true
D/NetUpdate( 2720): mBootCheckZipExist--->false
D/NetUpdate( 2720): progressValue--->0
D/NetUpdate( 2720): mWriteSD--->true
D/NetUpdate( 2720): mBootCheckZipExist--->false
D/NetUpdate( 2720): progressValue--->0
D/NetUpdate( 2720): mWriteSD--->true
D/NetUpdate( 2720): mBootCheckZipExist--->false
D/NetUpdate( 2720): progressValue--->0
D/NetUpdate( 2720): mWriteSD--->true
D/NetUpdate( 2720): mBootCheckZipExist--->false
D/NetUpdate( 2720): progressValue--->0
D/NetUpdate( 2720): mWriteSD--->true
D/NetUpdate( 2720): mBootCheckZipExist--->false
D/NetUpdate( 2720): progressValue--->0
D/NetUpdate( 2720): mWriteSD--->true
D/NetUpdate( 2720): mBootCheckZipExist--->false
D/NetUpdate( 2720): progressValue--->0
D/NetUpdate( 2720): mWriteSD--->true
D/NetUpdate( 2720): mBootCheckZipExist--->false
D/NetUpdate( 2720): progressValue--->0
D/NetUpdate( 2720): mWriteSD--->true
D/NetUpdate( 2720): mBootCheckZipExist--->false
D/NetUpdate( 2720): progressValue--->0
D/NetUpdate( 2720): mWriteSD--->true
D/NetUpdate( 2720): mBootCheckZipExist--->false
D/NetUpdate( 2720): progressValue--->0
D/NetUpdate( 2720): mWriteSD--->true
D/NetUpdate( 2720): mBootCheckZipExist--->false
D/NetUpdate( 2720): progressValue--->0
D/NetUpdate( 2720): mWriteSD--->true
D/NetUpdate( 2720): mBootCheckZipExist--->false
D/NetUpdate( 2720): progressValue--->0
D/NetUpdate( 2720): mWriteSD--->true
D/NetUpdate( 2720): mBootCheckZipExist--->false
D/NetUpdate( 2720): progressValue--->0
D/NetUpdate( 2720): mWriteSD--->true
D/NetUpdate( 2720): mBootCheckZipExist--->false
D/NetUpdate( 2720): progressValue--->0
D/NetUpdate( 2720): mWriteSD--->true
D/NetUpdate( 2720): mBootCheckZipExist--->false
D/NetUpdate( 2720): progressValue--->0
D/NetUpdate( 2720): mWriteSD--->true
D/NetUpdate( 2720): mBootCheckZipExist--->false
D/NetUpdate( 2720): progressValue--->0
D/NetUpdate( 2720): mWriteSD--->true
D/NetUpdate( 2720): mBootCheckZipExist--->false
D/dalvikvm( 2523): GC_CONCURRENT freed 1951K, 46% free 7269K/13315K, paused 2ms+3ms
D/dalvikvm( 2523): GC_CONCURRENT freed 1976K, 46% free 7257K/13315K, paused 3ms+4ms
D/NetUpdate( 2720): progressValue--->0
D/NetUpdate( 2720): mWriteSD--->true
D/NetUpdate( 2720): mBootCheckZipExist--->false
D/dalvikvm( 2523): GC_CONCURRENT freed 1976K, 46% free 7208K/13315K, paused 2ms+4ms
D/HomePlayerLib( 2523): hostaddress count is 1
D/NetUpdate( 2720): progressValue--->0
D/NetUpdate( 2720): mWriteSD--->true
D/NetUpdate( 2720): mBootCheckZipExist--->false
D/dalvikvm( 2523): GC_CONCURRENT freed 1924K, 45% free 7340K/13315K, paused 2ms+3ms
D/NetUpdate( 2720): progressValue--->0
D/NetUpdate( 2720): mWriteSD--->true
D/NetUpdate( 2720): mBootCheckZipExist--->false
D/dalvikvm( 2523): GC_CONCURRENT freed 2036K, 46% free 7254K/13315K, paused 2ms+4ms
D/NetUpdate( 2720): progressValue--->0
D/NetUpdate( 2720): mWriteSD--->true
D/NetUpdate( 2720): mBootCheckZipExist--->false
D/NetUpdate( 2720): progressValue--->0
D/NetUpdate( 2720): mWriteSD--->true
D/NetUpdate( 2720): mBootCheckZipExist--->false
D/NetUpdate( 2720): progressValue--->0
D/NetUpdate( 2720): mWriteSD--->true
D/NetUpdate( 2720): mBootCheckZipExist--->false
D/NetUpdate( 2720): progressValue--->0
D/NetUpdate( 2720): mWriteSD--->true
D/NetUpdate( 2720): mBootCheckZipExist--->false
D/NetUpdate( 2720): progressValue--->0
D/NetUpdate( 2720): mWriteSD--->true
D/NetUpdate( 2720): mBootCheckZipExist--->false
D/NetUpdate( 2720): progressValue--->0
D/NetUpdate( 2720): mWriteSD--->true
D/NetUpdate( 2720): mBootCheckZipExist--->false
D/NetUpdate( 2720): progressValue--->0
D/NetUpdate( 2720): mWriteSD--->true
D/NetUpdate( 2720): mBootCheckZipExist--->false
E/Tools   ( 2690):  ------:: getHttpUrlConnData IOExceptionUnable to resolve host "app.longvisionmedia.com": No address associated with hostname
D/Tools   ( 2690):  ------:: retObj = null
D/NetUpdate( 2720): progressValue--->0
D/NetUpdate( 2720): mWriteSD--->true
D/NetUpdate( 2720): mBootCheckZipExist--->false
D/NetUpdate( 2720): progressValue--->0
D/NetUpdate( 2720): mWriteSD--->true
D/NetUpdate( 2720): mBootCheckZipExist--->false
D/NetUpdate( 2720): progressValue--->0
D/NetUpdate( 2720): mWriteSD--->true
D/NetUpdate( 2720): mBootCheckZipExist--->false
D/NetUpdate( 2720): progressValue--->0
D/NetUpdate( 2720): mWriteSD--->true
D/NetUpdate( 2720): mBootCheckZipExist--->false
D/NetUpdate( 2720): progressValue--->0
D/NetUpdate( 2720): mWriteSD--->true
D/NetUpdate( 2720): mBootCheckZipExist--->false
D/NetUpdate( 2720): progressValue--->0
D/NetUpdate( 2720): mWriteSD--->true
D/NetUpdate( 2720): mBootCheckZipExist--->false
D/NetUpdate( 2720): progressValue--->0
D/NetUpdate( 2720): mWriteSD--->true
D/NetUpdate( 2720): mBootCheckZipExist--->false
D/NetUpdate( 2720): progressValue--->0
D/NetUpdate( 2720): mWriteSD--->true
D/NetUpdate( 2720): mBootCheckZipExist--->false
D/NetUpdate( 2720): progressValue--->0
D/NetUpdate( 2720): mWriteSD--->true
D/NetUpdate( 2720): mBootCheckZipExist--->false
D/NetUpdate( 2720): progressValue--->0
D/NetUpdate( 2720): mWriteSD--->true
D/NetUpdate( 2720): mBootCheckZipExist--->false
D/NetUpdate( 2720): progressValue--->0
D/NetUpdate( 2720): mWriteSD--->true
D/NetUpdate( 2720): mBootCheckZipExist--->false
D/NetUpdate( 2720): progressValue--->0
D/NetUpdate( 2720): mWriteSD--->true
D/NetUpdate( 2720): mBootCheckZipExist--->false
D/HomePlayerLib( 2523): hostaddress count is 1
D/dalvikvm( 2523): GC_CONCURRENT freed 1975K, 46% free 7237K/13315K, paused 2ms+3ms
D/NetUpdate( 2720): progressValue--->0
D/NetUpdate( 2720): mWriteSD--->true
D/NetUpdate( 2720): mBootCheckZipExist--->false
D/NetUpdate( 2720): progressValue--->0
D/NetUpdate( 2720): mWriteSD--->true
D/NetUpdate( 2720): mBootCheckZipExist--->false
D/dalvikvm( 2523): GC_CONCURRENT freed 1931K, 46% free 7254K/13315K, paused 2ms+4ms
D/NetUpdate( 2720): progressValue--->0
D/NetUpdate( 2720): mWriteSD--->true
D/NetUpdate( 2720): mBootCheckZipExist--->false
D/NetUpdate( 2720): progressValue--->0
D/NetUpdate( 2720): mWriteSD--->true
D/NetUpdate( 2720): mBootCheckZipExist--->false
D/NetUpdate( 2720): progressValue--->0
D/NetUpdate( 2720): mWriteSD--->true
D/NetUpdate( 2720): mBootCheckZipExist--->false
D/NetUpdate( 2720): progressValue--->0
D/NetUpdate( 2720): mWriteSD--->true
D/NetUpdate( 2720): mBootCheckZipExist--->false
D/NetUpdate( 2720): progressValue--->0
D/NetUpdate( 2720): mWriteSD--->true
D/NetUpdate( 2720): mBootCheckZipExist--->false
D/NetUpdate( 2720): progressValue--->0
D/NetUpdate( 2720): mWriteSD--->true
D/NetUpdate( 2720): mBootCheckZipExist--->false
D/NetUpdate( 2720): progressValue--->0
D/NetUpdate( 2720): mWriteSD--->true
D/NetUpdate( 2720): mBootCheckZipExist--->false
D/NetUpdate( 2720): progressValue--->0
D/NetUpdate( 2720): mWriteSD--->true
D/NetUpdate( 2720): mBootCheckZipExist--->false
D/NetUpdate( 2720): progressValue--->0
D/NetUpdate( 2720): mWriteSD--->true
D/NetUpdate( 2720): mBootCheckZipExist--->false
D/NetUpdate( 2720): progressValue--->0
D/NetUpdate( 2720): mWriteSD--->true
D/NetUpdate( 2720): mBootCheckZipExist--->false
D/NetUpdate( 2720): progressValue--->0
D/NetUpdate( 2720): mWriteSD--->true
D/NetUpdate( 2720): mBootCheckZipExist--->false
D/NetUpdate( 2720): progressValue--->0
D/NetUpdate( 2720): mWriteSD--->true
D/NetUpdate( 2720): mBootCheckZipExist--->false
D/NetUpdate( 2720): progressValue--->0
D/NetUpdate( 2720): mWriteSD--->true
D/NetUpdate( 2720): mBootCheckZipExist--->false
D/NetUpdate( 2720): progressValue--->0
D/NetUpdate( 2720): mWriteSD--->true
D/NetUpdate( 2720): mBootCheckZipExist--->false
D/NetUpdate( 2720): progressValue--->0
D/NetUpdate( 2720): mWriteSD--->true
D/NetUpdate( 2720): mBootCheckZipExist--->false
D/dalvikvm( 2523): GC_CONCURRENT freed 1959K, 46% free 7254K/13315K, paused 2ms+4ms
D/NetUpdate( 2720): progressValue--->0
D/NetUpdate( 2720): mWriteSD--->true
D/NetUpdate( 2720): mBootCheckZipExist--->false
D/NetUpdate( 2720): progressValue--->0
D/NetUpdate( 2720): mWriteSD--->true
D/NetUpdate( 2720): mBootCheckZipExist--->false
D/dalvikvm( 2523): GC_CONCURRENT freed 1968K, 46% free 7228K/13315K, paused 2ms+3ms
D/NetUpdate( 2720): progressValue--->0
D/NetUpdate( 2720): mWriteSD--->true
D/NetUpdate( 2720): mBootCheckZipExist--->false
D/NetUpdate( 2720): progressValue--->0
D/NetUpdate( 2720): mWriteSD--->true
D/NetUpdate( 2720): mBootCheckZipExist--->false
I/HttpDownLoad( 1264): network is error
I/NetFirmwareService( 1264): v--->211321
I/NetFirmwareService( 1264): q--->00001
I/NetFirmwareService( 1264): c--->00001
I/FileUtils( 1264): mkFilePath--->/data/data/com.coship.netfirmware/description_211321.dat
I/HttpDownLoad( 1264): network is error
D/dalvikvm( 1264): GC_CONCURRENT freed 914K, 52% free 4501K/9347K, paused 1ms+2ms
I/NetFirmwareService( 1264): packageSize--->181917198
I/NetFirmwareService( 1264): MD5--->D0D1693015A828A1F0274DF26141EF8C
I/NetFirmwareService( 1264): changeHistory--->1.CYWEEHTTPUDP;2.CIBN<>;3.CYWEE720*480,640*480CYWEE
V/NetFirmwareService( 1264): MSG_LOAD_DAT_STATUS_mNetUpdate--->false
D/NetFirmwareService( 1264): Network Connection Success!
D/NetFirmwareService( 1264): Not Found Upgrade File!
D/dalvikvm( 2523): GC_CONCURRENT freed 1934K, 46% free 7308K/13315K, paused 7ms+3ms
D/HomePlayerLib( 2523): hostaddress count is 1
D/NetUpdate( 2720): progressValue--->0
D/NetUpdate( 2720): mWriteSD--->true
D/NetUpdate( 2720): mBootCheckZipExist--->false
D/NetUpdate( 2720): progressValue--->0
D/NetUpdate( 2720): mWriteSD--->true
D/NetUpdate( 2720): mBootCheckZipExist--->false
D/dalvikvm( 2523): GC_CONCURRENT freed 2029K, 45% free 7333K/13315K, paused 3ms+3ms
D/dalvikvm( 2523): GC_CONCURRENT freed 2042K, 46% free 7277K/13315K, paused 2ms+4ms
I/NetFirmwareService( 1264): initPromtDialog_SHOW!
E/WindowManager(  973): Unknown window type: 2131099651
D/NetUpdate( 2720): progressValue--->0
D/NetUpdate( 2720): mWriteSD--->true
D/NetUpdate( 2720): mBootCheckZipExist--->false
D/NetUpdate( 2720): progressValue--->0
D/NetUpdate( 2720): mWriteSD--->true
D/NetUpdate( 2720): mBootCheckZipExist--->false
D/NetUpdate( 2720): progressValue--->0
D/NetUpdate( 2720): mWriteSD--->true
D/NetUpdate( 2720): mBootCheckZipExist--->false
E/CACHE   ( 1846): cleared
I/zomut.watchdog.monitor( 1846): initgather
I/zomut.watchdog.monitor( 1846): endgather
I/zomut.watchdog.monitor( 1846): init
I/zomut.watchdog.monitor( 1846): end
D/NetUpdate( 2720): progressValue--->0
D/NetUpdate( 2720): mWriteSD--->true
D/NetUpdate( 2720): mBootCheckZipExist--->false
D/NetUpdate( 2720): progressValue--->0
D/NetUpdate( 2720): mWriteSD--->true
D/NetUpdate( 2720): mBootCheckZipExist--->false
D/NetUpdate( 2720): progressValue--->0
D/NetUpdate( 2720): mWriteSD--->true
D/NetUpdate( 2720): mBootCheckZipExist--->false
D/NetUpdate( 2720): progressValue--->0
D/NetUpdate( 2720): mWriteSD--->true
D/NetUpdate( 2720): mBootCheckZipExist--->false
D/NetUpdate( 2720): progressValue--->0
D/NetUpdate( 2720): mWriteSD--->true
D/NetUpdate( 2720): mBootCheckZipExist--->false
D/NetUpdate( 2720): progressValue--->0
D/NetUpdate( 2720): mWriteSD--->true
D/NetUpdate( 2720): mBootCheckZipExist--->false
D/NetUpdate( 2720): progressValue--->0
D/NetUpdate( 2720): mWriteSD--->true
D/NetUpdate( 2720): mBootCheckZipExist--->false
D/NetUpdate( 2720): progressValue--->0
D/NetUpdate( 2720): mWriteSD--->true
D/NetUpdate( 2720): mBootCheckZipExist--->false
D/NetUpdate( 2720): progressValue--->0
D/NetUpdate( 2720): mWriteSD--->true
D/NetUpdate( 2720): mBootCheckZipExist--->false
D/NetUpdate( 2720): progressValue--->0
D/NetUpdate( 2720): mWriteSD--->true
D/NetUpdate( 2720): mBootCheckZipExist--->false
D/NetUpdate( 2720): progressValue--->0
D/NetUpdate( 2720): mWriteSD--->true
D/NetUpdate( 2720): mBootCheckZipExist--->false
D/NetUpdate( 2720): progressValue--->0
D/NetUpdate( 2720): mWriteSD--->true
D/NetUpdate( 2720): mBootCheckZipExist--->false
D/NetUpdate( 2720): progressValue--->0
D/NetUpdate( 2720): mWriteSD--->true
D/NetUpdate( 2720): mBootCheckZipExist--->false
D/dalvikvm( 2720): GC_CONCURRENT freed 2985K, 18% free 31795K/38531K, paused 3ms+8ms
D/NetUpdate( 2720): progressValue--->0
D/NetUpdate( 2720): mWriteSD--->true
D/NetUpdate( 2720): mBootCheckZipExist--->false
D/NetUpdate( 2720): progressValue--->0
D/NetUpdate( 2720): mWriteSD--->true
D/NetUpdate( 2720): mBootCheckZipExist--->false
D/NetUpdate( 2720): progressValue--->0
D/NetUpdate( 2720): mWriteSD--->true
D/NetUpdate( 2720): mBootCheckZipExist--->false
D/NetUpdate( 2720): progressValue--->0
D/NetUpdate( 2720): mWriteSD--->true
D/NetUpdate( 2720): mBootCheckZipExist--->false
D/HomePlayerLib( 2523): hostaddress count is 1
D/dalvikvm( 2523): GC_CONCURRENT freed 1986K, 45% free 7338K/13315K, paused 2ms+3ms
D/NetUpdate( 2720): progressValue--->0
D/NetUpdate( 2720): mWriteSD--->true
D/NetUpdate( 2720): mBootCheckZipExist--->false
D/NetUpdate( 2720): progressValue--->0
D/NetUpdate( 2720): mWriteSD--->true
D/NetUpdate( 2720): mBootCheckZipExist--->false
D/dalvikvm( 2523): GC_CONCURRENT freed 2037K, 46% free 7229K/13315K, paused 2ms+3ms
D/NetUpdate( 2720): progressValue--->0
D/NetUpdate( 2720): mWriteSD--->true
D/NetUpdate( 2720): mBootCheckZipExist--->false
D/NetUpdate( 2720): progressValue--->0
D/NetUpdate( 2720): mWriteSD--->true
D/NetUpdate( 2720): mBootCheckZipExist--->false
D/NetUpdate( 2720): progressValue--->0
D/NetUpdate( 2720): mWriteSD--->true
D/NetUpdate( 2720): mBootCheckZipExist--->false
D/NetUpdate( 2720): progressValue--->0
D/NetUpdate( 2720): mWriteSD--->true
D/NetUpdate( 2720): mBootCheckZipExist--->false
D/NetUpdate( 2720): progressValue--->0
D/NetUpdate( 2720): mWriteSD--->true
D/NetUpdate( 2720): mBootCheckZipExist--->false
D/NetUpdate( 2720): progressValue--->0
D/NetUpdate( 2720): mWriteSD--->true
D/NetUpdate( 2720): mBootCheckZipExist--->false

[ 4007.445622] IR: [03932] scan key value is 0xf10ec936 
[ 4007.445627]  
[ 4007.498211] IR: [03932] scan key value is 0xf10ec936 
[ 4007.498217]  V/TabletStatusBar( 1143): setLightsOn(true)
D/NetUpdate( 2720): progressValue--->0
D/NetUpdate( 2720): mWriteSD--->true
D/NetUpdate( 2720): mBootCheckZipExist--->false
D/NetUpdate( 2720): progressValue--->0
D/NetUpdate( 2720): mWriteSD--->true
D/NetUpdate( 2720): mBootCheckZipExist--->false

[ 4008.443363] IR: [03932] scan key value is 0xf10ec936 
[ 4008.443367]  
[ 4008.495931] IR: [03932] scan key value is 0xf10ec936 
[ 4008.495936]  D/InputEventConsistencyVerifier( 2720): KeyEvent: ACTION_UP but key was not down.
D/InputEventConsistencyVerifier( 2720):   in com.android.internal.policy.impl.PhoneWindow$DecorView@4327d940
D/InputEventConsistencyVerifier( 2720):   0: sent at 4008661000000, KeyEvent { action=ACTION_UP, keyCode=KEYCODE_BACK, scanCode=158, metaState=0, flags=0x8, repeatCount=0, eventTime=4008661, downTime=4008448, deviceId=1, source=0x101 }
D/InputEventConsistencyVerifier( 2720):   -- recent events --
D/InputEventConsistencyVerifier( 2720):   1: sent at 3952317000000, KeyEvent { action=ACTION_UP, keyCode=KEYCODE_ENTER, scanCode=28, metaState=0, flags=0x8, repeatCount=0, eventTime=3952317, downTime=3952106, deviceId=1, source=0x101 }
D/InputEventConsistencyVerifier( 2720):   2: sent at 3952106000000, KeyEvent { action=ACTION_DOWN, keyCode=KEYCODE_ENTER, scanCode=28, metaState=0, flags=0x8, repeatCount=0, eventTime=3952106, downTime=3952106, deviceId=1, source=0x101 }
D/InputEventConsistencyVerifier( 2720):   3: sent at 3925753000000, KeyEvent { action=ACTION_UP, keyCode=KEYCODE_ENTER, scanCode=28, metaState=0, flags=0x8, repeatCount=0, eventTime=3925753, downTime=3925540, deviceId=1, source=0x101 }
D/InputEventConsistencyVerifier( 2720):   4: sent at 3925540000000, KeyEvent { action=ACTION_DOWN, keyCode=KEYCODE_ENTER, scanCode=28, metaState=0, flags=0x8, repeatCount=0, eventTime=3925540, downTime=3925540, deviceId=1, source=0x101 }
D/InputEventConsistencyVerifier( 2720):   5: sent at 3876301000000, KeyEvent { action=ACTION_UP, keyCode=KEYCODE_ENTER, scanCode=28, metaState=0, flags=0x8, repeatCount=0, eventTime=3876301, downTime=3876088, deviceId=1, source=0x101 }
D/NetUpdate( 2720): progressValue--->0
D/NetUpdate( 2720): mWriteSD--->true
D/NetUpdate( 2720): mBootCheckZipExist--->false
D/NetUpdate( 2720): progressValue--->0
D/NetUpdate( 2720): mWriteSD--->true
D/NetUpdate( 2720): mBootCheckZipExist--->false

[ 4009.298034] IR: [03932] scan key value is 0xf10ec936 
[ 4009.298038]  
[ 4009.350634] IR: [03932] scan key value is 0xf10ec936 
[ 4009.350639]  I/NetUpdate( 2720): --------------hide()------------------
D/dalvikvm(  973): GC_CONCURRENT freed 798K, 60% free 4393K/10819K, paused 3ms+6ms
V/TabletStatusBar( 1143): setLightsOn(true)
D/InputEventConsistencyVerifier( 2720): KeyEvent: ACTION_UP but key was not down.
D/InputEventConsistencyVerifier( 2720):   in Handler (android.view.ViewRootImpl) {415b95d8}
D/InputEventConsistencyVerifier( 2720):   0: sent at 4009517000000, KeyEvent { action=ACTION_UP, keyCode=KEYCODE_BACK, scanCode=158, metaState=0, flags=0x8, repeatCount=0, eventTime=4009517, downTime=4009303, deviceId=1, source=0x101 }
D/InputEventConsistencyVerifier( 2720):   -- recent events --
D/InputEventConsistencyVerifier( 2720):   1: sent at 3868129000000, KeyEvent { action=ACTION_UP, keyCode=KEYCODE_ENTER, scanCode=28, metaState=0, flags=0x8, repeatCount=0, eventTime=3868129, downTime=3867916, deviceId=1, source=0x101 }
D/InputEventConsistencyVerifier( 2720):   2: sent at 3867916000000, KeyEvent { action=ACTION_DOWN, keyCode=KEYCODE_ENTER, scanCode=28, metaState=0, flags=0x8, repeatCount=0, eventTime=3867916, downTime=3867916, deviceId=1, source=0x101 }
D/InputEventConsistencyVerifier( 2720):   3: sent at 3867753000000, KeyEvent { action=ACTION_UP, keyCode=KEYCODE_DPAD_RIGHT, scanCode=106, metaState=0, flags=0x8, repeatCount=0, eventTime=3867753, downTime=3867525, deviceId=1, source=0x101 }
D/InputEventConsistencyVerifier( 2720):   4: sent at 3867525000000, KeyEvent { action=ACTION_DOWN, keyCode=KEYCODE_DPAD_RIGHT, scanCode=106, metaState=0, flags=0x8, repeatCount=0, eventTime=3867525, downTime=3867525, deviceId=1, source=0x101 }
D/InputEventConsistencyVerifier( 2720):   5: sent at 3867011000000, KeyEvent { action=ACTION_UP, keyCode=KEYCODE_BACK, scanCode=158, metaState=0, flags=0x80000008, repeatCount=0, eventTime=3867011, downTime=3866793, deviceId=1, source=0x101 }
D/dalvikvm( 2720): GC_EXPLICIT freed 275K, 19% free 31584K/38531K, paused 3ms+7ms
E/StrictMode( 2720): class com.coship.dvbsetting.systemsetting.SyssetAcivity; instances=2; limit=1
E/StrictMode( 2720): android.os.StrictMode$InstanceCountViolation: class com.coship.dvbsetting.systemsetting.SyssetAcivity; instances=2; limit=1
E/StrictMode( 2720):    at android.os.StrictMode.setClassInstanceLimit(StrictMode.java:1)
E/ActivityThread( 2720): Activity com.coship.dvbsetting.systemsetting.SyssetAcivity has leaked ServiceConnection com.coship.dvbsetting.systemsetting.childview.NetUpdate$2@432acb68 that was originally bound here
E/ActivityThread( 2720): android.app.ServiceConnectionLeaked: Activity com.coship.dvbsetting.systemsetting.SyssetAcivity has leaked ServiceConnection com.coship.dvbsetting.systemsetting.childview.NetUpdate$2@432acb68 that was originally bound here
E/ActivityThread( 2720):        at android.app.LoadedApk$ServiceDispatcher.<init>(LoadedApk.java:936)
E/ActivityThread( 2720):        at android.app.LoadedApk.getServiceDispatcher(LoadedApk.java:830)
E/ActivityThread( 2720):        at android.app.ContextImpl.bindService(ContextImpl.java:1142)
E/ActivityThread( 2720):        at android.content.ContextWrapper.bindService(ContextWrapper.java:370)
E/ActivityThread( 2720):        at com.coship.dvbsetting.systemsetting.childview.NetUpdate.remoteAIDL(NetUpdate.java:388)
E/ActivityThread( 2720):        at com.coship.dvbsetting.systemsetting.childview.NetUpdate.show(NetUpdate.java:548)
E/ActivityThread( 2720):        at com.coship.dvbsetting.ExpanItem.clickandselect(ExpanItem.java:199)
E/ActivityThread( 2720):        at com.coship.dvbsetting.ExpanItem.access$000(ExpanItem.java:33)
E/ActivityThread( 2720):        at com.coship.dvbsetting.ExpanItem$onitemselect.onItemSelected(ExpanItem.java:151)
E/ActivityThread( 2720):        at android.widget.AdapterView.fireOnSelected(AdapterView.java:882)
E/ActivityThread( 2720):        at android.widget.AdapterView.access$200(AdapterView.java:48)
E/ActivityThread( 2720):        at android.widget.AdapterView$SelectionNotifier.run(AdapterView.java:848)
E/ActivityThread( 2720):        at android.os.Handler.handleCallback(Handler.java:605)
E/ActivityThread( 2720):        at android.os.Handler.dispatchMessage(Handler.java:92)
E/ActivityThread( 2720):        at android.os.Looper.loop(Looper.java:137)
E/ActivityThread( 2720):        at android.app.ActivityThread.main(ActivityThread.java:4424)
E/ActivityThread( 2720):        at java.lang.reflect.Method.invokeNative(Native Method)
E/ActivityThread( 2720):        at java.lang.reflect.Method.invoke(Method.java:511)
E/ActivityThread( 2720):        at com.android.internal.os.ZygoteInit$MethodAndArgsCaller.run(ZygoteInit.java:848)
E/ActivityThread( 2720):        at com.android.internal.os.ZygoteInit.main(ZygoteInit.java:575)
E/ActivityThread( 2720):        at dalvik.system.NativeStart.main(Native Method)
W/ActivityManager(  973): Unbind failed: could not find connection for android.os.BinderProxy@417568f8
D/NetUpdate( 2720): progressValue--->0
D/NetUpdate( 2720): mWriteSD--->true
D/NetUpdate( 2720): mBootCheckZipExist--->false

[ 4010.106352] IR: [03932] scan key value is 0xed12c936 
[ 4010.106356]  I/main_setcenter( 2720): BackDoorIndex:1
I/main_setcenter( 2720): BackDoorKey[BackDoorIndex]:20
I/main_setcenter( 2720): KeyCode:21

[ 4010.159013] IR: [03932] scan key value is 0xed12c936 
[ 4010.159018]  V/NetUpdate( 2720): mBindRemote--->true
V/NetUpdate( 2720): Remote Invoke Success!
I/NetUpdate( 2720): --------------show()------------------
D/NetUpdate( 2720): progressValue--->0
D/NetUpdate( 2720): mWriteSD--->true
D/NetUpdate( 2720): mBootCheckZipExist--->false

[ 4010.488386] IR: [03932] scan key value is 0xec13c936 
[ 4010.488391]  I/main_setcenter( 2720): BackDoorIndex:0
I/main_setcenter( 2720): BackDoorKey[BackDoorIndex]:21
I/main_setcenter( 2720): KeyCode:66

[ 4010.540974] IR: [03932] scan key value is 0xec13c936 
[ 4010.540979]  I/ActivityManager(  973): START {cmp=com.coship.dvbsetting/.netsetting.netSet} from pid 2720
I/EthernetManager( 2720): Init Ethernet Manager, service: android.net.ethernet.IEthernetManager$Stub$Proxy@4183f120
I/WifiP2PsetDialog( 2720): SystemPropertiesClass:class android.net.wifi.p2p.WifiP2pManager
W/WifiP2PsetDialog( 2720): ~~~~~~~~~~~~~~~~~~~~~~method:public java.lang.String android.net.wifi.p2p.WifiP2pManager.getWifip2pConfig(int)
W/WifiP2PsetDialog( 2720): ~~~~~~~~~~~~~~~~~~~~~~returnvalue:SmartBox
I/netset  ( 2720): product model ro.product.model = S1001
I/HighSet_CableNetwork( 2720): mEthernetManager:android.net.ethernet.EthernetManager@432573b8
I/PppoeManager( 2720): create PppoeManager
I/NetworkConnect( 2720): //////@Override//////@Override//////@Override//////@Override//////@Override//////@Override//////@Override//////@Override
I/NetworkConnect( 2720): Execute command :ping -c 1 -w 100 www.baidu.com
D/WifiDirectSetting( 2720): --------------WIFI_P2P_THIS_DEVICE_CHANGED_ACTION
D/WifiDirectSetting( 2720): ------------mThisDevice.String()Device: SmartBox
D/WifiDirectSetting( 2720):  deviceAddress: a6:a8:20:13:03:6e
D/WifiDirectSetting( 2720):  primary type: 10-0050F204-5
D/WifiDirectSetting( 2720):  secondary type: null
D/WifiDirectSetting( 2720):  wps: 0
D/WifiDirectSetting( 2720):  grpcapab: 0
D/WifiDirectSetting( 2720):  devcapab: 0
D/WifiDirectSetting( 2720):  status: 4
D/WifiDirectSetting( 2720):  wfdInfo: null
D/WifiApSetting( 2720): handleWifiApStateChanged
D/WifiApSetting( 2720): WIFI_AP_STATE_DISABLED
V/TabletStatusBar( 1143): setLightsOn(true)
I/NetworkConnect( 2720): //////@Override//////@Override//////@Override//////@Override//////@Override//////@Override//////@Override//////@Override
I/NetworkConnect( 2720): Execute command :ping -c 1 -w 100 www.baidu.com
I/ActivityManager(  973): Displayed com.coship.dvbsetting/.netsetting.netSet: +388ms
D/NetUpdate( 2720): progressValue--->0
D/NetUpdate( 2720): mWriteSD--->true
D/NetUpdate( 2720): mBootCheckZipExist--->false
D/dalvikvm( 2523): GC_CONCURRENT freed 1929K, 46% free 7243K/13315K, paused 2ms+4ms
D/NetUpdate( 2720): progressValue--->0
D/NetUpdate( 2720): mWriteSD--->true
D/NetUpdate( 2720): mBootCheckZipExist--->false
D/dalvikvm( 2523): GC_CONCURRENT freed 1948K, 45% free 7351K/13315K, paused 2ms+3ms
D/NetUpdate( 2720): progressValue--->0
D/NetUpdate( 2720): mWriteSD--->true
D/NetUpdate( 2720): mBootCheckZipExist--->false
D/NetUpdate( 2720): progressValue--->0
D/NetUpdate( 2720): mWriteSD--->true
D/NetUpdate( 2720): mBootCheckZipExist--->false
D/NetUpdate( 2720): progressValue--->0
D/NetUpdate( 2720): mWriteSD--->true
D/NetUpdate( 2720): mBootCheckZipExist--->false
D/HomePlayerLib( 2523): hostaddress count is 1
D/dalvikvm( 2523): GC_CONCURRENT freed 2066K, 46% free 7264K/13315K, paused 3ms+4ms
D/dalvikvm( 2523): GC_CONCURRENT freed 1978K, 46% free 7235K/13315K, paused 2ms+4ms
D/NetUpdate( 2720): progressValue--->0
D/NetUpdate( 2720): mWriteSD--->true
D/NetUpdate( 2720): mBootCheckZipExist--->false
D/NetUpdate( 2720): progressValue--->0
D/NetUpdate( 2720): mWriteSD--->true
D/NetUpdate( 2720): mBootCheckZipExist--->false
I/StateSet( 2720): ===============================   state  ping shibai   ============
I/StateSet( 2720): -----wifi------dhcpinfo.toString()=ipaddr 192.168.2.104 gateway 192.168.2.1 netmask 255.255.255.0 dns1 192.168.2.1 dns2 0.0.0.0 DHCP server 192.168.2.1 lease 7200 seconds
D/NetUpdate( 2720): progressValue--->0
D/NetUpdate( 2720): mWriteSD--->true
D/NetUpdate( 2720): mBootCheckZipExist--->false
D/NetUpdate( 2720): progressValue--->0
D/NetUpdate( 2720): mWriteSD--->true
D/NetUpdate( 2720): mBootCheckZipExist--->false
D/NetUpdate( 2720): progressValue--->0
D/NetUpdate( 2720): mWriteSD--->true
D/NetUpdate( 2720): mBootCheckZipExist--->false
D/NetUpdate( 2720): progressValue--->0
D/NetUpdate( 2720): mWriteSD--->true
D/NetUpdate( 2720): mBootCheckZipExist--->false
D/NetUpdate( 2720): progressValue--->0
D/NetUpdate( 2720): mWriteSD--->true
D/NetUpdate( 2720): mBootCheckZipExist--->false
D/NetUpdate( 2720): progressValue--->0
D/NetUpdate( 2720): mWriteSD--->true
D/NetUpdate( 2720): mBootCheckZipExist--->false
D/NetUpdate( 2720): progressValue--->0
D/NetUpdate( 2720): mWriteSD--->true
D/NetUpdate( 2720): mBootCheckZipExist--->false
D/NetUpdate( 2720): progressValue--->0
D/NetUpdate( 2720): mWriteSD--->true
D/NetUpdate( 2720): mBootCheckZipExist--->false
D/NetUpdate( 2720): progressValue--->0
D/NetUpdate( 2720): mWriteSD--->true
D/NetUpdate( 2720): mBootCheckZipExist--->false
D/NetUpdate( 2720): progressValue--->0
D/NetUpdate( 2720): mWriteSD--->true
D/NetUpdate( 2720): mBootCheckZipExist--->false
D/NetUpdate( 2720): progressValue--->0
D/NetUpdate( 2720): mWriteSD--->true
D/NetUpdate( 2720): mBootCheckZipExist--->false
D/NetUpdate( 2720): progressValue--->0
D/NetUpdate( 2720): mWriteSD--->true
D/NetUpdate( 2720): mBootCheckZipExist--->false
D/NetUpdate( 2720): progressValue--->0
D/NetUpdate( 2720): mWriteSD--->true
D/NetUpdate( 2720): mBootCheckZipExist--->false
D/NetUpdate( 2720): progressValue--->0
D/NetUpdate( 2720): mWriteSD--->true
D/NetUpdate( 2720): mBootCheckZipExist--->false
D/NetUpdate( 2720): progressValue--->0
D/NetUpdate( 2720): mWriteSD--->true
D/NetUpdate( 2720): mBootCheckZipExist--->false
D/NetUpdate( 2720): progressValue--->0
D/NetUpdate( 2720): mWriteSD--->true
D/NetUpdate( 2720): mBootCheckZipExist--->false
D/NetUpdate( 2720): progressValue--->0
D/NetUpdate( 2720): mWriteSD--->true
D/NetUpdate( 2720): mBootCheckZipExist--->false
D/dalvikvm( 2523): GC_CONCURRENT freed 1931K, 46% free 7266K/13315K, paused 2ms+4ms
D/HomePlayerLib( 2523): hostaddress count is 1
D/NetUpdate( 2720): progressValue--->0
D/NetUpdate( 2720): mWriteSD--->true
D/NetUpdate( 2720): mBootCheckZipExist--->false
D/NetUpdate( 2720): progressValue--->0
D/NetUpdate( 2720): mWriteSD--->true
D/NetUpdate( 2720): mBootCheckZipExist--->false
D/dalvikvm( 2523): GC_CONCURRENT freed 1971K, 46% free 7250K/13315K, paused 2ms+3ms
D/dalvikvm( 2523): GC_CONCURRENT freed 1966K, 45% free 7328K/13315K, paused 3ms+3ms
D/NetUpdate( 2720): progressValue--->0
D/NetUpdate( 2720): mWriteSD--->true
D/NetUpdate( 2720): mBootCheckZipExist--->false
D/NetUpdate( 2720): progressValue--->0
D/NetUpdate( 2720): mWriteSD--->true
D/NetUpdate( 2720): mBootCheckZipExist--->false
D/NetUpdate( 2720): progressValue--->0
D/NetUpdate( 2720): mWriteSD--->true
D/NetUpdate( 2720): mBootCheckZipExist--->false
D/NetUpdate( 2720): progressValue--->0
D/NetUpdate( 2720): mWriteSD--->true
D/NetUpdate( 2720): mBootCheckZipExist--->false
D/NetUpdate( 2720): progressValue--->0
D/NetUpdate( 2720): mWriteSD--->true
D/NetUpdate( 2720): mBootCheckZipExist--->false
D/NetUpdate( 2720): progressValue--->0
D/NetUpdate( 2720): mWriteSD--->true
D/NetUpdate( 2720): mBootCheckZipExist--->false
D/NetUpdate( 2720): progressValue--->0
D/NetUpdate( 2720): mWriteSD--->true
D/NetUpdate( 2720): mBootCheckZipExist--->false
D/NetUpdate( 2720): progressValue--->0
D/NetUpdate( 2720): mWriteSD--->true
D/NetUpdate( 2720): mBootCheckZipExist--->false
D/NetUpdate( 2720): progressValue--->0
D/NetUpdate( 2720): mWriteSD--->true
D/NetUpdate( 2720): mBootCheckZipExist--->false
D/NetUpdate( 2720): progressValue--->0
D/NetUpdate( 2720): mWriteSD--->true
D/NetUpdate( 2720): mBootCheckZipExist--->false
D/NetUpdate( 2720): progressValue--->0
D/NetUpdate( 2720): mWriteSD--->true
D/NetUpdate( 2720): mBootCheckZipExist--->false
D/NetUpdate( 2720): progressValue--->0
D/NetUpdate( 2720): mWriteSD--->true
D/NetUpdate( 2720): mBootCheckZipExist--->false
D/NetUpdate( 2720): progressValue--->0
D/NetUpdate( 2720): mWriteSD--->true
D/NetUpdate( 2720): mBootCheckZipExist--->false
D/NetUpdate( 2720): progressValue--->0
D/NetUpdate( 2720): mWriteSD--->true
D/NetUpdate( 2720): mBootCheckZipExist--->false
D/NetUpdate( 2720): progressValue--->0
D/NetUpdate( 2720): mWriteSD--->true
D/NetUpdate( 2720): mBootCheckZipExist--->false
D/dalvikvm( 2523): GC_CONCURRENT freed 2042K, 46% free 7231K/13315K, paused 2ms+3ms
D/NetUpdate( 2720): progressValue--->0
D/NetUpdate( 2720): mWriteSD--->true
D/NetUpdate( 2720): mBootCheckZipExist--->false
D/NetUpdate( 2720): progressValue--->0
D/NetUpdate( 2720): mWriteSD--->true
D/NetUpdate( 2720): mBootCheckZipExist--->false
D/dalvikvm( 2523): GC_CONCURRENT freed 1929K, 46% free 7233K/13315K, paused 2ms+3ms
D/NetUpdate( 2720): progressValue--->0
D/NetUpdate( 2720): mWriteSD--->true
D/NetUpdate( 2720): mBootCheckZipExist--->false
D/NetUpdate( 2720): progressValue--->0
D/NetUpdate( 2720): mWriteSD--->true
D/NetUpdate( 2720): mBootCheckZipExist--->false
D/NetUpdate( 2720): progressValue--->0
D/NetUpdate( 2720): mWriteSD--->true
D/NetUpdate( 2720): mBootCheckZipExist--->false
D/NetUpdate( 2720): progressValue--->0
D/NetUpdate( 2720): mWriteSD--->true
D/NetUpdate( 2720): mBootCheckZipExist--->false
D/HomePlayerLib( 2523): hostaddress count is 1
D/dalvikvm( 2523): GC_CONCURRENT freed 1946K, 46% free 7279K/13315K, paused 2ms+3ms
D/NetUpdate( 2720): progressValue--->0
D/NetUpdate( 2720): mWriteSD--->true
D/NetUpdate( 2720): mBootCheckZipExist--->false
D/dalvikvm( 2523): GC_CONCURRENT freed 1983K, 45% free 7342K/13315K, paused 2ms+4ms
D/NetUpdate( 2720): progressValue--->0
D/NetUpdate( 2720): mWriteSD--->true
D/NetUpdate( 2720): mBootCheckZipExist--->false
D/NetUpdate( 2720): progressValue--->0
D/NetUpdate( 2720): mWriteSD--->true
D/NetUpdate( 2720): mBootCheckZipExist--->false
D/NetUpdate( 2720): progressValue--->0
D/NetUpdate( 2720): mWriteSD--->true
D/NetUpdate( 2720): mBootCheckZipExist--->false
D/NetUpdate( 2720): progressValue--->0
D/NetUpdate( 2720): mWriteSD--->true
D/NetUpdate( 2720): mBootCheckZipExist--->false
D/NetUpdate( 2720): progressValue--->0
D/NetUpdate( 2720): mWriteSD--->true
D/NetUpdate( 2720): mBootCheckZipExist--->false
D/NetUpdate( 2720): progressValue--->0
D/NetUpdate( 2720): mWriteSD--->true
D/NetUpdate( 2720): mBootCheckZipExist--->false
D/NetUpdate( 2720): progressValue--->0
D/NetUpdate( 2720): mWriteSD--->true
D/NetUpdate( 2720): mBootCheckZipExist--->false
D/NetUpdate( 2720): progressValue--->0
D/NetUpdate( 2720): mWriteSD--->true
D/NetUpdate( 2720): mBootCheckZipExist--->false
D/NetUpdate( 2720): progressValue--->0
D/NetUpdate( 2720): mWriteSD--->true
D/NetUpdate( 2720): mBootCheckZipExist--->false
D/NetUpdate( 2720): progressValue--->0
D/NetUpdate( 2720): mWriteSD--->true
D/NetUpdate( 2720): mBootCheckZipExist--->false
D/NetUpdate( 2720): progressValue--->0
D/NetUpdate( 2720): mWriteSD--->true
D/NetUpdate( 2720): mBootCheckZipExist--->false
D/NetUpdate( 2720): progressValue--->0
D/NetUpdate( 2720): mWriteSD--->true
D/NetUpdate( 2720): mBootCheckZipExist--->false
D/NetUpdate( 2720): progressValue--->0
D/NetUpdate( 2720): mWriteSD--->true
D/NetUpdate( 2720): mBootCheckZipExist--->false
D/NetUpdate( 2720): progressValue--->0
D/NetUpdate( 2720): mWriteSD--->true
D/NetUpdate( 2720): mBootCheckZipExist--->false
D/NetUpdate( 2720): progressValue--->0
D/NetUpdate( 2720): mWriteSD--->true
D/NetUpdate( 2720): mBootCheckZipExist--->false
D/NetUpdate( 2720): progressValue--->0
D/NetUpdate( 2720): mWriteSD--->true
D/NetUpdate( 2720): mBootCheckZipExist--->false
D/NetUpdate( 2720): progressValue--->0
D/NetUpdate( 2720): mWriteSD--->true
D/NetUpdate( 2720): mBootCheckZipExist--->false
D/NetUpdate( 2720): progressValue--->0
D/NetUpdate( 2720): mWriteSD--->true
D/NetUpdate( 2720): mBootCheckZipExist--->false
D/NetUpdate( 2720): progressValue--->0
D/NetUpdate( 2720): mWriteSD--->true
D/NetUpdate( 2720): mBootCheckZipExist--->false
D/NetUpdate( 2720): progressValue--->0
D/NetUpdate( 2720): mWriteSD--->true
D/NetUpdate( 2720): mBootCheckZipExist--->false
D/NetUpdate( 2720): progressValue--->0
D/NetUpdate( 2720): mWriteSD--->true
D/NetUpdate( 2720): mBootCheckZipExist--->false
D/HomePlayerLib( 2523): hostaddress count is 1
D/dalvikvm( 2523): GC_CONCURRENT freed 2063K, 46% free 7239K/13315K, paused 2ms+3ms
D/dalvikvm( 2523): GC_CONCURRENT freed 1952K, 46% free 7226K/13315K, paused 3ms+3ms
D/NetUpdate( 2720): progressValue--->0
D/NetUpdate( 2720): mWriteSD--->true
D/NetUpdate( 2720): mBootCheckZipExist--->false
D/NetUpdate( 2720): progressValue--->0
D/NetUpdate( 2720): mWriteSD--->true
D/NetUpdate( 2720): mBootCheckZipExist--->false
D/NetUpdate( 2720): progressValue--->0
D/NetUpdate( 2720): mWriteSD--->true
D/NetUpdate( 2720): mBootCheckZipExist--->false
D/NetUpdate( 2720): progressValue--->0
D/NetUpdate( 2720): mWriteSD--->true
D/NetUpdate( 2720): mBootCheckZipExist--->false
D/NetUpdate( 2720): progressValue--->0
D/NetUpdate( 2720): mWriteSD--->true
D/NetUpdate( 2720): mBootCheckZipExist--->false
D/NetUpdate( 2720): progressValue--->0
D/NetUpdate( 2720): mWriteSD--->true
D/NetUpdate( 2720): mBootCheckZipExist--->false
D/NetUpdate( 2720): progressValue--->0
D/NetUpdate( 2720): mWriteSD--->true
D/NetUpdate( 2720): mBootCheckZipExist--->false
D/NetUpdate( 2720): progressValue--->0
D/NetUpdate( 2720): mWriteSD--->true
D/NetUpdate( 2720): mBootCheckZipExist--->false
D/NetUpdate( 2720): progressValue--->0
D/NetUpdate( 2720): mWriteSD--->true
D/NetUpdate( 2720): mBootCheckZipExist--->false
D/NetUpdate( 2720): progressValue--->0
D/NetUpdate( 2720): mWriteSD--->true
D/NetUpdate( 2720): mBootCheckZipExist--->false
D/NetUpdate( 2720): progressValue--->0
D/NetUpdate( 2720): mWriteSD--->true
D/NetUpdate( 2720): mBootCheckZipExist--->false
D/NetUpdate( 2720): progressValue--->0
D/NetUpdate( 2720): mWriteSD--->true
D/NetUpdate( 2720): mBootCheckZipExist--->false
D/NetUpdate( 2720): progressValue--->0
D/NetUpdate( 2720): mWriteSD--->true
D/NetUpdate( 2720): mBootCheckZipExist--->false
D/NetUpdate( 2720): progressValue--->0
D/NetUpdate( 2720): mWriteSD--->true
D/NetUpdate( 2720): mBootCheckZipExist--->false
D/dalvikvm( 2523): GC_CONCURRENT freed 1918K, 45% free 7327K/13315K, paused 5ms+4ms
D/dalvikvm( 2523): GC_CONCURRENT freed 2039K, 46% free 7247K/13315K, paused 2ms+3ms
D/NetUpdate( 2720): progressValue--->0
D/NetUpdate( 2720): mWriteSD--->true
D/NetUpdate( 2720): mBootCheckZipExist--->false
D/NetUpdate( 2720): progressValue--->0
D/NetUpdate( 2720): mWriteSD--->true
D/NetUpdate( 2720): mBootCheckZipExist--->false
D/dalvikvm( 2523): GC_CONCURRENT freed 1962K, 45% free 7354K/13315K, paused 2ms+3ms
D/NetUpdate( 2720): progressValue--->0
D/NetUpdate( 2720): mWriteSD--->true
D/NetUpdate( 2720): mBootCheckZipExist--->false
E/CACHE   ( 1846): cleared
I/zomut.watchdog.monitor( 1846): initgather
I/zomut.watchdog.monitor( 1846): endgather
D/dalvikvm(  973): GC_EXPLICIT freed 367K, 61% free 4287K/10819K, paused 2ms+6ms
I/zomut.watchdog.monitor( 1846): init
D/NetUpdate( 2720): progressValue--->0
D/NetUpdate( 2720): mWriteSD--->true
D/NetUpdate( 2720): mBootCheckZipExist--->false
D/dalvikvm( 1846): GC_CONCURRENT freed 1911K, 46% free 6864K/12611K, paused 2ms+3ms
I/zomut.watchdog.monitor( 1846): end
D/NetUpdate( 2720): progressValue--->0
D/NetUpdate( 2720): mWriteSD--->true
D/NetUpdate( 2720): mBootCheckZipExist--->false
D/NetUpdate( 2720): progressValue--->0
D/NetUpdate( 2720): mWriteSD--->true
D/NetUpdate( 2720): mBootCheckZipExist--->false
D/NetUpdate( 2720): progressValue--->0
D/NetUpdate( 2720): mWriteSD--->true
D/NetUpdate( 2720): mBootCheckZipExist--->false
D/HomePlayerLib( 2523): hostaddress count is 1
D/NetUpdate( 2720): progressValue--->0
D/NetUpdate( 2720): mWriteSD--->true
D/NetUpdate( 2720): mBootCheckZipExist--->false
D/NetUpdate( 2720): progressValue--->0
D/NetUpdate( 2720): mWriteSD--->true
D/NetUpdate( 2720): mBootCheckZipExist--->false
D/dalvikvm( 2523): GC_CONCURRENT freed 2068K, 46% free 7253K/13315K, paused 2ms+3ms
D/dalvikvm( 2523): GC_CONCURRENT freed 1948K, 46% free 7233K/13315K, paused 2ms+4ms
D/NetUpdate( 2720): progressValue--->0
D/NetUpdate( 2720): mWriteSD--->true
D/NetUpdate( 2720): mBootCheckZipExist--->false
D/NetUpdate( 2720): progressValue--->0
D/NetUpdate( 2720): mWriteSD--->true
D/NetUpdate( 2720): mBootCheckZipExist--->false
D/NetUpdate( 2720): progressValue--->0
D/NetUpdate( 2720): mWriteSD--->true
D/NetUpdate( 2720): mBootCheckZipExist--->false
D/NetUpdate( 2720): progressValue--->0
D/NetUpdate( 2720): mWriteSD--->true
D/NetUpdate( 2720): mBootCheckZipExist--->false
D/NetUpdate( 2720): progressValue--->0
D/NetUpdate( 2720): mWriteSD--->true
D/NetUpdate( 2720): mBootCheckZipExist--->false
D/NetUpdate( 2720): progressValue--->0
D/NetUpdate( 2720): mWriteSD--->true
D/NetUpdate( 2720): mBootCheckZipExist--->false
D/NetUpdate( 2720): progressValue--->0
D/NetUpdate( 2720): mWriteSD--->true
D/NetUpdate( 2720): mBootCheckZipExist--->false
D/NetUpdate( 2720): progressValue--->0
D/NetUpdate( 2720): mWriteSD--->true
D/NetUpdate( 2720): mBootCheckZipExist--->false
?BIST OK
BIST OK
ALL BIST OK!!
[3456789A][456789ABC][23456789AB][56789ABC] 5767
[0123456789ABCDEF][0123456789ABCDEF][3456789AB][56789ABCD] 5767
HAL_MIU_INIT2
Hello PM51...
MDrv_BDMA_Init OK..

bdma start .......

wait done.......

Bdma is done!

run code in dram
HAL_MB_Unmask_Cpu3_2_Cpu0
UART_115200[AutoTest][Mboot][start Sboot][0]__D[AutoTest][MBoot][start UBoot][367]

U-Boot 2011.06-svn7258 (Mar 06 2013 - 20:03:35)

CPU  : AMBER3
Board: BD_MST029B_BOX

Hello U-Boot
DRAM:  256 MiB
SPI:  Flash is detected (0x0914, 0x1C, 0x70, 0x15)
MDrv_SERFLASH_GetInfo()
        u32AccessWidth = 1
        u32TotalSize   = 2097152
        u32SecNum      = 32
        u32SecSize     = 65536
spi_init: cfg_env_offset: 0x1e0000, at 551
uboot held at [4f000000~50000000]
MMC:    [ eMMC_pads_switch() ] eMMC pads: BYPASS
eMMC 3775MB
Mstar-eMMC: 0, 7733240 blocks
In:    serial
Out:   serial
Err:   serial
Net:   No ethernet found.
[CSBLFlashReadFromSpi] cmd: spi rdc 0x4EDDDEB8 0x1c0000 0xA 
offset 0x1c0000, size 0xa
Flash is detected (0x0914, 0x1C, 0x70, 0x15)
initialization done!
0xf1,0xf2, 0xf3, 0xf4, nRet = 0
a0:a8:2f:ab:5:13
get Mac From Flash
Saving Environment to SPI Flash...
Flash is detected (0x0914, 0x1C, 0x70, 0x15)
Write addr=0x001e0000, size=0x00010000
Write addr=0x001f0000, size=0x00010000
 Get MAC from ethaddr env
MAC:  0xa0: 0xa8: 0x2f: 0xab:0x5: 0x13

  ===========================================================

  -------------------MstarDrvInit----------------------------

  ===========================================================
Flash is detected (0x0914, 0x1C, 0x70, 0x15)
initialization done!
MDrv_SERFLASH_GetInfo()
        u32AccessWidth = 1
        u32TotalSize   = 2097152
        u32SecNum      = 32
        u32SecSize     = 65536
offset 0x30070, size 0x4
offset 0x120000, size 0x28
Flash is detected (0x0914, 0x1C, 0x70, 0x15)
Write addr=0x001e0000, size=0x00010000
Write addr=0x001f0000, size=0x00010000
MDrv_PNL_Init u32PnlRiuBaseAddr = 1f200000
MDrv_PNL_Init u32PMRiuBaseAddr = 1f000000
[XC,Version] 
 ====================
First GOP driver instance, flush GWIN HW
====================

[GOP_ALL][Driver Version]: 0086, BuildNum: 0005, ChangeList: 00000370
--------------test------------VE_BUFFER_ADDR = 0x15ec0000
@@@@@@ u32CpuSpeedMHz= 1008 MHz
[QQL]>>>>lvds2hdmiThread!---Silicon Image!
[QQL]>>>>Sil9022A_TPI_Init()
[QQL]>>>>TxHW_Reset()
[QQL]>>Sil9022A_TXHAL_InitPostReset!
>>StartTPI()
0x9022
[QQL]>>>>T_Monitor!-----9
[QQL]>>>>T_Monitor!-----8
[QQL]>>>>T_Monitor!-----7
[QQL]>>>HPD  -> [QQL]>>HDMI Connected (
[QQL]>>GetDDC_Access()
[QQL]>>sysCtrl=10

[QQL]>>001 EDID DATA (Segment = 0 Block = 0 Offset = 0):
00 FF FF FF FF FF FF 00 53 4F 00 32 01 01 01 01 
00 16 01 03 80 46 27 78 0A D3 AD A3 58 4E A3 24 
11 47 4A A5 CF 00 81 80 01 01 01 01 01 01 01 01 
01 01 01 01 01 01 66 21 56 AA 51 00 1E 30 46 8F 
33 00 B9 88 21 00 00 1E 1A 36 80 A0 70 38 1F 40 
30 20 25 00 B9 88 21 00 00 1E 00 00 00 FC 00 53 
6D 61 72 74 20 54 56 0A 20 20 20 20 00 00 00 FD 
00 17 4C 0F 51 0F 00 0A 20 20 20 20 20 20 01 E5 


 [QQL]>>Parsing Established Timing:
===========================
[QQL]>>720 x 400 @ 70Hz
[QQL]>>640 x 480 @ 60Hz
[QQL]>>640 x 480 @ 75Hz
[QQL]>>800 x 400 @ 60Hz
[QQL]>>800 x 600 @ 72Hz
[QQL]>>800 x 600 @ 75Hz
[QQL]>>1024 x 768 @ 60Hz
[QQL]>>1024 x 768 @ 70Hz
[QQL]>>1024 x 768 @ 75Hz
[QQL]>>1280 x 1024 @ 75Hz
[QQL]>>Parsing Standard Timing:
========================
[QQL]>>Horizontal Active pixels: 1280
[QQL]>>Aspect Ratio: [QQL]>>5:4
[QQL]>>Standard Timing Undefined
[QQL]>>Standard Timing Undefined
[QQL]>>Standard Timing Undefined



[QQL]>>Parse Results, EDID Block #0, Detailed Descriptor Number 1:
===========================================================

[QQL]>>Pixel Clock (MHz * 100): 8550
[QQL]>>Horizontal Active Pixels: 1366
[QQL]>>Horizontal Blanking (Pixels): 426
[QQL]>>Vertical Active (Lines): 768
[QQL]>>Vertical Blanking (Lines): 30
[QQL]>>Horizontal Sync Offset (Pixels): 70
[QQL]>>Horizontal Sync Pulse Width (Pixels): 143
[QQL]>>Vertical Sync Offset (Lines): 3
[QQL]>>Vertical Sync Pulse Width (Lines): 3
[QQL]>>Horizontal Image Size (mm): 697
[QQL]>>Vertical Image Size (mm): 392
[QQL]>>Horizontal Border (Pixels): 0
[QQL]>>Vertical Border (Lines): 0
[QQL]>>Non-Interlaced
[QQL]>>Normal Display, No Stereo
[QQL]>>Digital Separate




[QQL]>>Parse Results, EDID Block #0, Detailed Descriptor Number 2:
===========================================================

[QQL]>>Pixel Clock (MHz * 100): 13850
[QQL]>>Horizontal Active Pixels: 1920
[QQL]>>Horizontal Blanking (Pixels): 160
[QQL]>>Vertical Active (Lines): 1080
[QQL]>>Vertical Blanking (Lines): 31
[QQL]>>Horizontal Sync Offset (Pixels): 48
[QQL]>>Horizontal Sync Pulse Width (Pixels): 32
[QQL]>>Vertical Sync Offset (Lines): 2
[QQL]>>Vertical Sync Pulse Width (Lines): 5
[QQL]>>Horizontal Image Size (mm): 697
[QQL]>>Vertical Image Size (mm): 392
[QQL]>>Horizontal Border (Pixels): 0
[QQL]>>Vertical Border (Lines): 0
[QQL]>>Non-Interlaced
[QQL]>>Normal Display, No Stereo
[QQL]>>Digital Separate

[QQL]>>Monitor Name: [QQL]>>S[QQL]>>m[QQL]>>a[QQL]>>r[QQL]>>t[QQL]>> [QQL]>>T[QQL]>>V[QQL]>>
[QQL]>> [QQL]>> [QQL]>> [QQL]>> 
[QQL]>>Monitor Range Limits:

[QQL]>>Min Vertical Rate in Hz: 23
Max Vertical Rate in Hz: 76
[QQL]>>Min Horizontal Rate in Hz: 15
[QQL]>>Max Horizontal Rate in Hz: 81
[QQL]>>Max Supported pixel clock rate in MHz/10: 15
[QQL]>>Tag for secondary timing formula (00h=not used): 0
[QQL]>>Min Vertical Rate in Hz 10

[QQL]>>EDID -> No 861 Extensions = 1

[QQL]>>EDID DATA (Segment = 0 Block = 1 Offset = 128):
[QQL]>>02 [QQL]>>03 [QQL]>>21 [QQL]>>F2 [QQL]>>4B [QQL]>>01 [QQL]>>03 [QQL]>>02 [QQL]>>10 [QQL]>>05 [QQL]>>20 [QQL]>>84 [QQL]>>07 [QQL]>>06 [QQL]>>09 [QQL]>>08 
[QQL]>>26 [QQL]>>09 [QQL]>>17 [QQL]>>07 [QQL]>>11 [QQL]>>17 [QQL]>>50 [QQL]>>83 [QQL]>>01 [QQL]>>00 [QQL]>>00 [QQL]>>65 [QQL]>>03 [QQL]>>0C [QQL]>>00 [QQL]>>30 
[QQL]>>00 [QQL]>>02 [QQL]>>3A [QQL]>>80 [QQL]>>18 [QQL]>>71 [QQL]>>38 [QQL]>>2D [QQL]>>40 [QQL]>>58 [QQL]>>2C [QQL]>>45 [QQL]>>00 [QQL]>>B9 [QQL]>>88 [QQL]>>21 
[QQL]>>00 [QQL]>>00 [QQL]>>1E [QQL]>>01 [QQL]>>1D [QQL]>>80 [QQL]>>18 [QQL]>>71 [QQL]>>1C [QQL]>>16 [QQL]>>20 [QQL]>>58 [QQL]>>2C [QQL]>>25 [QQL]>>00 [QQL]>>B9 
[QQL]>>88 [QQL]>>21 [QQL]>>00 [QQL]>>00 [QQL]>>9E [QQL]>>01 [QQL]>>1D [QQL]>>00 [QQL]>>72 [QQL]>>51 [QQL]>>D0 [QQL]>>1E [QQL]>>20 [QQL]>>6E [QQL]>>28 [QQL]>>55 
[QQL]>>00 [QQL]>>B9 [QQL]>>88 [QQL]>>21 [QQL]>>00 [QQL]>>00 [QQL]>>1E [QQL]>>8C [QQL]>>0A [QQL]>>D0 [QQL]>>8A [QQL]>>20 [QQL]>>E0 [QQL]>>2D [QQL]>>10 [QQL]>>10 
[QQL]>>3E [QQL]>>96 [QQL]>>00 [QQL]>>B9 [QQL]>>88 [QQL]>>21 [QQL]>>00 [QQL]>>00 [QQL]>>18 [QQL]>>00 [QQL]>>00 [QQL]>>00 [QQL]>>00 [QQL]>>00 [QQL]>>00 [QQL]>>00 
[QQL]>>00 [QQL]>>00 [QQL]>>00 [QQL]>>00 [QQL]>>00 [QQL]>>00 [QQL]>>00 [QQL]>>00 [QQL]>>00 [QQL]>>00 [QQL]>>00 [QQL]>>00 [QQL]>>00 [QQL]>>00 [QQL]>>00 [QQL]>>99 

[QQL]>>EDID -> Short Descriptor Video Block
[QQL]>>EDID -> Short Descriptor Audio Block
[QQL]>>EDID -> Short Descriptor Speaker Allocation Block
[QQL]>>EDID -> Short Descriptor Vendor Block

===============================================================
[QQL]>>Pixel Clock (MHz * 100): 14850
[QQL]>>Horizontal Active Pixels: 1920
[QQL]>>Horizontal Blanking (Pixels): 280
[QQL]>>Vertical Active (Lines): 1080
[QQL]>>Vertical Blanking (Lines): 45
[QQL]>>Horizontal Sync Offset (Pixels): 88
[QQL]>>Horizontal Sync Pulse Width (Pixels): 44
[QQL]>>Vertical Sync Offset (Lines): 4
[QQL]>>Vertical Sync Pulse Width (Lines): 5
[QQL]>>Horizontal Image Size (mm): 697
[QQL]>>Vertical Image Size (mm): 392
[QQL]>>Horizontal Border (Pixels): 0
[QQL]>>Vertical Border (Lines): 0
[QQL]>>Non-Interlaced
[QQL]>>Normal Display, No Stereo
[QQL]>>Digital Separate

===============================================================
[QQL]>>Pixel Clock (MHz * 100): 7425
[QQL]>>Horizontal Active Pixels: 1920
[QQL]>>Horizontal Blanking (Pixels): 280
[QQL]>>Vertical Active (Lines): 540
[QQL]>>Vertical Blanking (Lines): 22
[QQL]>>Horizontal Sync Offset (Pixels): 88
[QQL]>>Horizontal Sync Pulse Width (Pixels): 44
[QQL]>>Vertical Sync Offset (Lines): 2
[QQL]>>Vertical Sync Pulse Width (Lines): 5
[QQL]>>Horizontal Image Size (mm): 697
[QQL]>>Vertical Image Size (mm): 392
[QQL]>>Horizontal Border (Pixels): 0
[QQL]>>Vertical Border (Lines): 0
[QQL]>>Interlaced
[QQL]>>Normal Display, No Stereo
[QQL]>>Digital Separate

===============================================================
[QQL]>>Pixel Clock (MHz * 100): 7425
[QQL]>>Horizontal Active Pixels: 1280
[QQL]>>Horizontal Blanking (Pixels): 370
[QQL]>>Vertical Active (Lines): 720
[QQL]>>Vertical Blanking (Lines): 30
[QQL]>>Horizontal Sync Offset (Pixels): 110
[QQL]>>Horizontal Sync Pulse Width (Pixels): 40
[QQL]>>Vertical Sync Offset (Lines): 5
[QQL]>>Vertical Sync Pulse Width (Lines): 5
[QQL]>>Horizontal Image Size (mm): 697
[QQL]>>Vertical Image Size (mm): 392
[QQL]>>Horizontal Border (Pixels): 0
[QQL]>>Vertical Border (Lines): 0
[QQL]>>Non-Interlaced
[QQL]>>Normal Display, No Stereo
[QQL]>>Digital Separate

===============================================================
[QQL]>>Pixel Clock (MHz * 100): 2700
[QQL]>>Horizontal Active Pixels: 720
[QQL]>>Horizontal Blanking (Pixels): 138
[QQL]>>Vertical Active (Lines): 480
[QQL]>>Vertical Blanking (Lines): 45
[QQL]>>Horizontal Sync Offset (Pixels): 16
[QQL]>>Horizontal Sync Pulse Width (Pixels): 62
[QQL]>>Vertical Sync Offset (Lines): 9
[QQL]>>Vertical Sync Pulse Width (Lines): 6
[QQL]>>Horizontal Image Size (mm): 697
[QQL]>>Vertical Image Size (mm): 392
[QQL]>>Horizontal Border (Pixels): 0
[QQL]>>Vertical Border (Lines): 0
[QQL]>>Non-Interlaced
[QQL]>>Normal Display, No Stereo
[QQL]>>Digital Separate

===============================================================
[QQL]>>No More Detailed descriptors in this block

[QQL]>>EDID -> Parse OK
[QQL]>>ReleaseDDC()
[QQL]>>resolution_index = 2
[QQL]>>VideoDescriptor = 1
[QQL]>>VideoDescriptor = 3
[QQL]>>VideoDescriptor = 2
[QQL]>>VideoDescriptor = 16
[QQL]>>VideoDescriptor = 5
[QQL]>>VideoDescriptor = 32
[QQL]>>VideoDescriptor = 132
[QQL]>>VideoDescriptor = 7
[QQL]>>VideoDescriptor = 6
[QQL]>>VideoDescriptor = 9
[QQL]>>VideoDescriptor = 8
[QQL]>>VideoDescriptor = 0
[QQL]>>VideoDescriptor = 0
[QQL]>>VideoDescriptor = 0
[QQL]>>VideoDescriptor = 0
[QQL]>>VideoDescriptor = 0
[QQL]>>VideoDescriptor = 0
[QQL]>>VideoDescriptor = 0
[QQL]>>VideoDescriptor = 0
[QQL]>>VideoDescriptor = 0
[QQL]>>boot with 720P
[QQL]>>HDMI Sink)
[QQL]>>DSRX -> Powered Up
[QQL]>>>>>>Sil9022A_HotPlugService()
[QQL]>>>>>>DisableInterrupts()
[QQL]>>>>>>Sil9022A_ChangeVideoMode()
[QQL]>>TMDS -> Disabled
[QQL]>>>>>>Sil9022A_InitVideo()
[QQL]>>TX Power State D0
[QQL]>>>>>>SiL9022A_SetAVI_InfoFrames()
[QQL]>>TMDS -> Enabled
[QQL]>>>>>>SiL9022A_SetAudioMode()
[QQL]>>>>>>SiL9022A_IsAudioModeSupported()
[QQL]>>>>>>Sil9022A_SetAudioMute()
[QQL]>>>>>>Sil9022A_SetAudioMute()
[QQL]>>>>>>SiL9022A_SetAudioInfoFrames()
[QQL]>>>>>>SiL9022A_ConfigI2SInput()
[QQL]>>>>>>SiL9022A_MapI2S()
[QQL]>>>>>>SiL9022A_SetI2S_StreamHeader()
[QQL]>>>>>>Sil9022A_EnableInterrupts()
[QQL]>>>>T_Monitor!-----6
[QQL]>>>>T_Monitor!-----5
[QQL]>>>>T_Monitor!-----4
[QQL]>>>>T_Monitor!-----3
[QQL]>>>>T_Monitor!-----2
[QQL]>>>>T_Monitor!-----1
[QQL]>>>>T_Monitor!-----0


-------------set usb upgrade----------------[SetUsbUpgrade] 


[SetUsbUpgrade] cmd: setenv upgrade_mode usb
[SetUsbUpgrade] cmd: setenv usb_upgrade 1
[SetUsbUpgrade] cmd: setenv usb_upgrade_exhub_port 0
[SetUsbUpgrade] cmd: setenv usb_upgrade_path MstarUpgrade.bin
[SetUsbUpgrade] cmd: setenv usb_upgrade_port 2
------------Coship IR Check-------------
fore uup IRKey [0xff]
---------no upgrade info--------
[CSBLFlashRead] cmd: mmc read.p 0x4EDF0490 sysdata 0x20000 

MMC read: dev # 0, block # 3812608, count 256 ... 256 blocks read: OK
[CSBLFlashRead] cmd: mmc read.p 0x4EDDD420 loaderpt 0x200 

MMC read: dev # 0, block # 3813376, count 1 ... 1 blocks read: OK
[verify loaderpt]CRC=0xcc2b0fb0,loadpt.crc=0xcc2b0fb0
OTA Status:
[0x0]  STATUS_NONE  
[0x1]  STATUS_ENABLE 
[0x2]  STATUS_RESUME_LAST 
[0x3]  STATUS_FORCE 
Current OTA status:0x0

Booting Android mode......
in sysdata-bootargs = console=ttyS0,115200 androidboot.console=ttyS0 root=/dev/ram rw rootwait init=/init LX_MEM=0x13500000 EMAC_MEM=0x100000 DRAM_LEN=0x20000000 LX_MEM2=0x0A2B00000,0x019C00000 quiet resolution=DACOUT_1080P_50  BOOTLOGO_IN_MBOOT ENV=SERIAL

to kernel bootargs = console=ttyS0,115200 androidboot.console=ttyS0 root=/dev/ram rw rootwait init=/init LX_MEM=0x13500000 EMAC_MEM=0x100000 DRAM_LEN=0x20000000 LX_MEM2=0x0A2B00000,0x019C00000 quiet  BOOTLOGO_IN_MBOOT ENV=SERIAL resolution=DACOUT_720P_50
 bootcmd = mmc read.p 0x45000000 boot 0x400000; bootm 0x45000000
[CSBL_Load_UpdatePhoto2Dram] cmd: mmc read.p 0x4EDDD824 updatelogo 0x4 

MMC read: dev # 0, block # 3842304, count 0 ... 1 blocks read: OK
[CSBL_Load_UpdatePhoto2Dram] cmd: mmc read.p 0x65B2C000 updatelogo 0x180000 

MMC read: dev # 0, block # 3842304, count 3072 ... 3072 blocks read: OK
-------logo size u32LogoSize = 1572864
!!! Func = do_bootlogo, Line = 391
!!! Func = do_bootlogo, Line = 398
[AutoTest][MBoot][JPD Decode]
GE_SetOnePixelMode
[GOP0][Driver Version]: 0086, BuildNum: 0005, ChangeList: 00000370
[AutoTest][MBoot][Show Logo]

  ===========================================================

  --------------------MstarProcess---------------------------

  ===========================================================

Changelist:     00112233
============= set bootargs ===============
Hit any key to stop autoboot:  0 

  ===========================================================

  ------------------ MstarToKernel---------------------------

  ===========================================================
Check USB port[2]:
Host type:2 
scanning bus for devices... 
[USB] interface[0] conf:1 value 9: 
Wait for hub reset....

[USB] interface[0] conf:1 value 8: 
2 USB Device(s) found
       scanning bus for storage devices... bulk max packet size: ep 200 ep2 200
max lun:0
Device NOT ready
   Request Sense returned 02 3A 00
FAIL : can not init usb!! 

MMC read: dev # 0, block # 35840, count 8192 ... 8192 blocks read: OK
## Booting kernel from Legacy Image at 45000000 ...
   Image Name:   MStar-linux
   Image Type:   ARM Linux Multi-File Image (uncompressed)
   Data Size:    3861591 Bytes = 3.7 MiB
   Load Address: 40208000
   Entry Point:  40208000
   Contents:
      Image 0: 3693876 Bytes = 3.5 MiB
      Image 1: 167703 Bytes = 163.8 KiB
## Loading init Ramdisk from multi component Legacy Image at 45000000 ...
## Flattened Device Tree from multi component Image at 45000000
   Loading Multi-File Image ... OK
[AutoTest][MBoot][start Kernel][11435]

Starting kernel   ...

Kernel Protect Index[0] LX[0x200000][0x13700000] 
Kernel Protect Index[0] LX[0x62b00000][0x7c700000] 
Uncompressing Linux CL $Change: 635720 $... and Mstar driver CL $Change: 635720 $ done, booting the kernel.
[    0.055506] eMMC Info: has SD, 2012/11/14 
[    0.201562] [SERIAL INPUT MANAGE] disable_serial : ~~bye(len:5)
[    0.207618] [SERIAL INPUT MANAGE] enable_serial : (len: 0)
[    0.213174] [KDEBUGD] enter : _MStar
[    0.213178] 
[    0.219325] [SERIAL INPUT MANAGE] Managed tty_struct(.name:ttyS0) is freed !!!
[    0.310678] init: could not open /dev/keychord
[    0.315248] [SERIAL INPUT MANAGE] disable_serial : ~~bye(len:5)
[    0.321198] [SERIAL INPUT MANAGE] enable_serial : (len: 0)
[    0.326707] [KDEBUGD] enter : _MStar
[    0.326711] 
[    0.331930] [SERIAL INPUT MANAGE] Managed tty_struct(.name:ttyS0) is freed !!!
[    0.339237] [SERIAL INPUT MANAGE] disable_serial : ~~bye(len:5)
[    0.345185] [SERIAL INPUT MANAGE] enable_serial : (len: 0)
[    0.350693] [KDEBUGD] enter : _MStar
[    0.350696] 




             A N D R O I D 



[    0.365292] [SERIAL INPUT MANAGE] Managed tty_struct(.name:ttyS0) is freed !!!
[    0.373491] ##### VDLinux Warning msg, Pid [1], comm :init, VD forbids user to change unaligned access policy. (4)
[    0.978176] init: untracked pid 736 exited
[    0.995511] init: cannot find '/system/etc/install-recovery.sh', disabling 'flash_recovery'
[    3.981877] VID/PID = 1286/2043, Boot2 version = 4000
[    5.285539] WLAN FW is downloaded
[    5.793187] usb_reset_device() successful.
[    5.798531] init: no such service 'renice-tvos-min'
[    5.858842] init: no such service 'delayan'
[    5.906683] [SERIAL INPUT MANAGE] disable_serial : ~~bye(len:5)
[    5.912683] [SERIAL INPUT MANAGE] enable_serial : (len: 0)
[    5.918195] [KDEBUGD] enter : _MStar
[    5.918199] 
shell@android:/ $ [    6.406671] [irq_proc_open][373] -16
[    6.912673] VID/PID = 1286/2044, Boot2 version = 3201
[    6.921313] WLAN FW is active
[    6.969235] 11D: Error setting domain info in FW
[    6.977389] 11D: Error setting domain info in FW
[    7.620708] [irq_proc_open][373] -16
TVOS *checkPoint*
[   10.140884] init: no such service 'renice-tvos-0'
[   15.936312] init: no such service 'hciattach'
[   24.977407] qtaguid: iface_stat: stat_update() wlan0 not found
[   34.092066] qtaguid: iface_stat: stat_update() wlan0 not found
[   34.604075] qtaguid: iface_stat: stat_update() wlan0 not found
[   38.534747] binder: release proc 1378, transaction 3100, not freed
[   52.500878] init: untracked pid 1037 exited
[   52.505369] init: untracked pid 1038 exited
[   52.518007] init: untracked pid 1039 exited
[   52.528095] init: untracked pid 1040 exited
[   53.698101] init: untracked pid 1960 exited
[   53.703744] init: untracked pid 1963 exited
[   58.413144] IR: [03932] scan key value is 0xeb14c936 
[   58.413149]  
[   58.465727] IR: [03932] scan key value is 0xeb14c936 
[   58.465732]  
[   59.001385] IR: [03932] scan key value is 0xeb14c936 
[   59.001390]  
[   59.053965] IR: [03932] scan key value is 0xeb14c936 
[   59.053974]  
[   60.086810] IR: [03932] scan key value is 0xeb14c936 
[   60.086815]  
[   60.139391] IR: [03932] scan key value is 0xeb14c936 
[   60.139396]  
[   60.566436] IR: [03932] scan key value is 0xeb14c936 
[   60.566441]  
[   60.619020] IR: [03932] scan key value is 0xeb14c936 
[   60.619025]  
[   60.889422] IR: [03932] scan key value is 0xee11c936 
[   60.889427]  
[   60.942006] IR: [03932] scan key value is 0xee11c936 
[   60.942011]  
[   61.330278] IR: [03932] scan key value is 0xeb14c936 
[   61.330284]  
[   61.382858] IR: [03932] scan key value is 0xeb14c936 
[   61.382863]  
[   61.491168] IR: [03932] scan key value is 0xeb14c936 
[   61.491173]  
[   61.599476] IR: [03932] scan key value is 0xeb14c936 
[   61.599482]  
[   61.707784] IR: [03932] scan key value is 0xeb14c936 
[   61.707789]  
[   61.816085] IR: [03932] scan key value is 0xeb14c936 
[   61.816091]  
[   62.158399] IR: [03932] scan key value is 0xed12c936 
[   62.158405]  
[   62.210974] IR: [03932] scan key value is 0xed12c936 
[   62.210979]  
[   62.596026] IR: [03932] scan key value is 0xeb14c936 
[   62.596032]  
[   62.648606] IR: [03932] scan key value is 0xeb14c936 
[   62.648612]  
[   62.756912] IR: [03932] scan key value is 0xeb14c936 
[   62.756917]  
[   62.931147] IR: [03932] scan key value is 0xee11c936 
[   62.931152]  
[   62.983729] IR: [03932] scan key value is 0xee11c936 
[   62.983734]  
[   63.092033] IR: [03932] scan key value is 0xee11c936 
[   63.092039]  [0000015843][MAD_ALSA][000735]     <6>Target sample rate is 44100
[   63.407650] IR: [03932] scan key value is 0xea15c936 
[   63.407654]  
[   63.460234] IR: [03932] scan key value is 0xea15c936 
[   63.460239]  
[   64.179647] IR: [03932] scan key value is 0xeb14c936 
[   64.179652]  
[   64.232231] IR: [03932] scan key value is 0xeb14c936 
[   64.232236]  
[   66.120971] IR: [03932] scan key value is 0xec13c936 
[   66.120976]  
[   66.173562] IR: [03932] scan key value is 0xec13c936 
[   66.173567]  
[   68.101710] IR: [03932] scan key value is 0xeb14c936 
[   68.101715]  
[   68.154293] IR: [03932] scan key value is 0xeb14c936 
[   68.154298]  
[   68.491509] IR: [03932] scan key value is 0xec13c936 
[   68.491514]  
[   68.544096] IR: [03932] scan key value is 0xec13c936 
[   68.544102]  
[   74.222663] IR: [03932] scan key value is 0xeb14c936 
[   74.222668]  
[   74.275261] IR: [03932] scan key value is 0xeb14c936 
[   74.275267]  
[   74.672331] IR: [03932] scan key value is 0xec13c936 
[   74.672336]  
[   74.724914] IR: [03932] scan key value is 0xec13c936 
[   74.724919]  
[   76.803951] IR: [03932] scan key value is 0xea15c936 
[   76.803956]  
[   76.856537] IR: [03932] scan key value is 0xea15c936 
[   76.856542]  
[   76.964847] IR: [03932] scan key value is 0xea15c936 
[   76.964855]  
[   77.073148] IR: [03932] scan key value is 0xea15c936 
[   77.073154]  
[   77.181450] IR: [03932] scan key value is 0xea15c936 
[   77.181454]  
[   77.289749] IR: [03932] scan key value is 0xea15c936 
[   77.289754]  
[   77.398060] IR: [03932] scan key value is 0xea15c936 
[   77.398065]  
[   77.506357] IR: [03932] scan key value is 0xea15c936 
[   77.506362]  
[   77.614658] IR: [03932] scan key value is 0xea15c936 
[   77.614663]  
[   77.722955] IR: [03932] scan key value is 0xea15c936 
[   77.722959]  
[   77.831256] IR: [03932] scan key value is 0xea15c936 
[   77.831261]  
[   77.939553] IR: [03932] scan key value is 0xea15c936 
[   77.939557]  
[   78.047847] IR: [03932] scan key value is 0xea15c936 
[   78.047852]  
[   79.156798] IR: [03932] scan key value is 0xee11c936 
[   79.156802]  
[   79.209382] IR: [03932] scan key value is 0xee11c936 
[   79.209387]  
[   79.836813] IR: [03932] scan key value is 0xea15c936 
[   79.836818]  
[   79.889398] IR: [03932] scan key value is 0xea15c936 
[   79.889403]  
[   80.332420] IR: [03932] scan key value is 0xeb14c936 
[   80.332425]  
[   80.385012] IR: [03932] scan key value is 0xeb14c936 
[   80.385018]  
[   80.786858] IR: [03932] scan key value is 0xec13c936 
[   80.786862]  
[   80.839446] IR: [03932] scan key value is 0xec13c936 
[   80.839452]  logcat -c;logcat
--------- beginning of /dev/log/main
I/DownloadTask( 1250): Server:Apache-Coyote/1.1
I/DownloadTask( 1250): Accept-Ranges:bytes
I/DownloadTask( 1250): ETag:W/"33-1366720666000"
I/DownloadTask( 1250): Last-Modified:Tue, 23 Apr 2013 12:37:46 GMT
I/DownloadTask( 1250): Content-Length:33
I/DownloadTask( 1250): Date:Wed, 24 Apr 2013 10:58:18 GMT
I/DownloadTask( 1250): Powered-By-ChinaCache:MISS from CHN-JY-4-3k4
I/DownloadTask( 1250): Connection:close
D/NetUpdate( 2247): progressValue--->0
D/NetUpdate( 2247): mWriteSD--->false
D/NetUpdate( 2247): mBootCheckZipExist--->false
D/dalvikvm( 1657): GC_CONCURRENT freed 825K, 63% free 2870K/7747K, paused 2ms+4ms
D/HomePlayerLib( 1657): hostaddress count is 1
D/dalvikvm( 1657): GC_CONCURRENT freed 727K, 64% free 2852K/7747K, paused 2ms+2ms
D/dalvikvm( 1657): GC_CONCURRENT freed 700K, 64% free 2856K/7747K, paused 2ms+3ms
D/dalvikvm( 1657): GC_CONCURRENT freed 700K, 62% free 2965K/7747K, paused 2ms+3ms
D/NetUpdate( 2247): progressValue--->0
D/NetUpdate( 2247): mWriteSD--->false
D/NetUpdate( 2247): mBootCheckZipExist--->false
D/dalvikvm( 1657): GC_CONCURRENT freed 851K, 62% free 2964K/7747K, paused 2ms+2ms
D/DownloadTask( 1250): server accept range
D/DownloadTask( 1250): initTaskRecord currentSize=-1
D/DownloadTask( 1250): totalSize=-1
D/DownloadTask( 1250): magicID=abc
D/DownloadTask( 1250): mCurrentSize=0
D/DownloadTask( 1250): mTotalSize=33
D/DownloadTask( 1250): mMagicID=null
D/DownloadTask( 1250): The record is invalid, need reset record
D/WriteDataInStorageThread( 1250): write file name = /data/data/com.coship.netfirmware/temp.dat.cdl
D/dalvikvm( 1657): GC_CONCURRENT freed 851K, 62% free 2952K/7747K, paused 2ms+2ms
D/dalvikvm( 1250): GC_FOR_ALLOC freed 422K, 60% free 2894K/7107K, paused 19ms
I/dalvikvm-heap( 1250): Grow heap (frag case) to 6.923MB for 524304-byte allocation
D/dalvikvm( 1250): GC_FOR_ALLOC freed 26K, 57% free 3379K/7683K, paused 12ms
V/DownloadTask( 1250): finishedThreadNum--->0
V/DownloadTask( 1250): mThreadNum--->2
D/NetFirmwareService( 1250): DownloadConstants.TASK_STATUS_RUNNING
D/dalvikvm( 1250): GC_FOR_ALLOC freed 31K, 56% free 3389K/7683K, paused 14ms
I/dalvikvm-heap( 1250): Grow heap (frag case) to 7.407MB for 524304-byte allocation
D/dalvikvm( 1250): GC_FOR_ALLOC freed <1K, 53% free 3901K/8259K, paused 14ms
D/NetFirmwareService( 1250): MSG_VER_CODE_STATUS_CHANGE
D/NetFirmwareService( 1250): MSG_VER_CODE_STATUS_CHANGE
E/fbdev   ( 1021): Attention! GFLIP time out, force update gop ring buffer!
D/dalvikvm( 1657): GC_CONCURRENT freed 814K, 64% free 2860K/7747K, paused 3ms+2ms
E/fbdev   ( 1021): Attention! GFLIP time out, force update gop ring buffer!
E/fbdev   ( 1021): Attention! GFLIP time out, force update gop ring buffer!
V/DownloadTask( 1250): finishedThreadNum--->0
V/DownloadTask( 1250): mThreadNum--->2
D/NetFirmwareService( 1250): DownloadConstants.TASK_STATUS_RUNNING
D/NetFirmwareService( 1250): MSG_VER_CODE_STATUS_CHANGE
D/DownloadThread( 1250): statusCode--->206
V/DownloadThread( 1250): Accept-Ranges: bytes
V/DownloadThread( 1250): Content-Disposition: null
V/DownloadThread( 1250): Content-Length: 17
V/DownloadThread( 1250): Content-Location: null
D/DownloadThread( 1250): statusCode--->206
V/DownloadThread( 1250): ETag: W/"33-1366720666000"
V/DownloadThread( 1250): Transfer-Encoding: null
V/DownloadThread( 1250): read_front--->
V/DownloadThread( 1250): read_bytesRead--->17
V/DownloadThread( 1250): read_front--->
V/DownloadThread( 1250): Accept-Ranges: bytes
V/DownloadThread( 1250): Content-Disposition: null
V/DownloadThread( 1250): Content-Length: 16
V/DownloadThread( 1250): Content-Location: null
V/DownloadThread( 1250): ETag: W/"33-1366720666000"
V/DownloadThread( 1250): Transfer-Encoding: null
V/DownloadThread( 1250): read_front--->
V/DownloadThread( 1250): read_bytesRead--->16
V/DownloadThread( 1250): read_front--->
V/DownloadThread( 1250): read_bytesRead--->-1
V/DownloadThread( 1250): read_bytesRead--->-1
D/DownloadThread( 1250): write the last data in storage.
D/DownloadThread( 1250): write the last data in storage.
D/WriteDataInStorageThread( 1250): sendDataInStack --data length =16 offset =0 file name = filePart0
D/WriteDataInStorageThread( 1250): write data  Pos=0   Length =16  Thread =filePart0
D/DownloadThread( 1250): filePart0 final status: 491
D/WriteDataInStorageThread( 1250): sendDataInStack --data length =17 offset =16 file name = filePart1
D/DownloadThread( 1250): filePart1 final status: 491
D/WriteDataInStorageThread( 1250): write data  Pos=16   Length =17  Thread =filePart1
D/dalvikvm( 1657): GC_CONCURRENT freed 709K, 64% free 2857K/7747K, paused 3ms+3ms
D/NetUpdate( 2247): progressValue--->0
D/NetUpdate( 2247): mWriteSD--->false
D/NetUpdate( 2247): mBootCheckZipExist--->false
E/fbdev   ( 1021): Attention! GFLIP time out, force update gop ring buffer!
D/dalvikvm( 1657): GC_CONCURRENT freed 707K, 63% free 2871K/7747K, paused 2ms+3ms
E/fbdev   ( 1021): Attention! GFLIP time out, force update gop ring buffer!
V/DownloadTask( 1250): finishedThreadNum--->2
V/DownloadTask( 1250): mThreadNum--->2
D/DownloadTask( 1250): src file = /data/data/com.coship.netfirmware/temp.dat.cdl --- des file=/data/data/com.coship.netfirmware/temp.dat
D/NetFirmwareService( 1250): DownloadConstants.TASK_STATUS_COMPLETED
D/NetFirmwareService( 1250): MSG_VER_CODE_STATUS_CHANGE
D/NetFirmwareService( 1250): MSG_CHECK_VERSION_CODE
D/NetFirmwareService( 1250): checkVersionCode
D/NetFirmwareService( 1250): analysisVersionCodeData
D/NetFirmwareService( 1250): open file error
I/NetFirmwareService( 1250): mVersionCodeFile--->34
D/NetFirmwareService( 1250): verCode = 0
D/NetFirmwareService( 1250): Description URL = null
D/NetFirmwareService( 1250): MSG_GET_DESCRIPTION
D/NetFirmwareService( 1250): Download URL = http://update.coship.com/update/system/S1001/002104/description_211321.dat
D/NetFirmwareService( 1250): Save file in path = /data/data/com.coship.netfirmware/temp.dat
D/NetFirmwareService( 1250): Set download thread number = 2
D/DownloadTask( 1250): mDesFilePath =/data/data/com.coship.netfirmware/temp.dat
D/DownloadTask( 1250): mRecordFile =/data/data/com.coship.netfirmware/temp.dat.cdl.Record
D/DownloadTask( 1250): mfilePath =/data/data/com.coship.netfirmware/temp.dat.cdl
I/DownloadTask( 1250): Server:Apache-Coyote/1.1
I/DownloadTask( 1250): Accept-Ranges:bytes
I/DownloadTask( 1250): ETag:W/"363-1366720508000"
I/DownloadTask( 1250): Last-Modified:Tue, 23 Apr 2013 12:35:08 GMT
I/DownloadTask( 1250): Content-Length:363
I/DownloadTask( 1250): Date:Wed, 24 Apr 2013 10:58:21 GMT
I/DownloadTask( 1250): Powered-By-ChinaCache:MISS from CHN-JY-4-3k4
I/DownloadTask( 1250): Connection:close
D/dalvikvm(  937): GC_CONCURRENT freed 1918K, 59% free 4100K/9795K, paused 2ms+4ms
D/NetUpdate( 2247): progressValue--->0
D/NetUpdate( 2247): mWriteSD--->false
D/NetUpdate( 2247): mBootCheckZipExist--->false
D/DownloadTask( 1250): server accept range
D/DownloadTask( 1250): initTaskRecord currentSize=-1
D/DownloadTask( 1250): totalSize=-1
D/DownloadTask( 1250): magicID=abc
D/DownloadTask( 1250): mCurrentSize=0
D/DownloadTask( 1250): mTotalSize=363
D/DownloadTask( 1250): mMagicID=null
D/DownloadTask( 1250): The record is invalid, need reset record
D/WriteDataInStorageThread( 1250): write file name = /data/data/com.coship.netfirmware/temp.dat.cdl
D/dalvikvm( 1250): GC_FOR_ALLOC freed 1739K, 66% free 2903K/8387K, paused 17ms
V/DownloadTask( 1250): finishedThreadNum--->0
V/DownloadTask( 1250): mThreadNum--->2
D/dalvikvm( 1250): GC_FOR_ALLOC freed 58K, 60% free 3387K/8387K, paused 13ms
D/NetFirmwareService( 1250): MSG_DESCRIPT_STATUS_CHANGE
D/NetFirmwareService( 1250): MSG_DESCRIPT_STATUS_CHANGE
E/fbdev   ( 1021): Attention! GFLIP time out, force update gop ring buffer!
E/fbdev   ( 1021): Attention! GFLIP time out, force update gop ring buffer!
D/DownloadThread( 1250): statusCode--->206
V/DownloadThread( 1250): Accept-Ranges: bytes
V/DownloadThread( 1250): Content-Disposition: null
V/DownloadThread( 1250): Content-Length: 181
V/DownloadThread( 1250): Content-Location: null
V/DownloadThread( 1250): ETag: W/"363-1366720508000"
V/DownloadThread( 1250): Transfer-Encoding: null
V/DownloadThread( 1250): read_front--->
V/DownloadThread( 1250): read_bytesRead--->181
V/DownloadThread( 1250): read_front--->
V/DownloadThread( 1250): read_bytesRead--->-1
D/DownloadThread( 1250): write the last data in storage.
D/WriteDataInStorageThread( 1250): sendDataInStack --data length =181 offset =0 file name = filePart0
D/WriteDataInStorageThread( 1250): write data  Pos=0   Length =181  Thread =filePart0
D/DownloadThread( 1250): statusCode--->206
D/DownloadThread( 1250): filePart0 final status: 491
V/DownloadThread( 1250): Accept-Ranges: bytes
V/DownloadThread( 1250): Content-Disposition: null
V/DownloadThread( 1250): Content-Length: 182
V/DownloadThread( 1250): Content-Location: null
V/DownloadThread( 1250): ETag: W/"363-1366720508000"
V/DownloadThread( 1250): Transfer-Encoding: null
V/DownloadThread( 1250): read_front--->
V/DownloadThread( 1250): read_bytesRead--->182
V/DownloadThread( 1250): read_front--->
V/DownloadThread( 1250): read_bytesRead--->-1
D/DownloadThread( 1250): write the last data in storage.
D/WriteDataInStorageThread( 1250): sendDataInStack --data length =182 offset =181 file name = filePart1
D/WriteDataInStorageThread( 1250): write data  Pos=181   Length =182  Thread =filePart1
D/DownloadThread( 1250): filePart1 final status: 491
E/fbdev   ( 1021): Attention! GFLIP time out, force update gop ring buffer!
V/DownloadTask( 1250): finishedThreadNum--->2
V/DownloadTask( 1250): mThreadNum--->2
D/NetFirmwareService( 1250): MSG_DESCRIPT_STATUS_CHANGE
D/dalvikvm( 1250): GC_CONCURRENT freed 381K, 54% free 3870K/8387K, paused 2ms+2ms
E/fbdev   ( 1021): Attention! GFLIP time out, force update gop ring buffer!
D/NetUpdate( 2247): progressValue--->0
D/NetUpdate( 2247): mWriteSD--->false
D/NetUpdate( 2247): mBootCheckZipExist--->false
E/fbdev   ( 1021): Attention! GFLIP time out, force update gop ring buffer!
D/dalvikvm( 1657): GC_CONCURRENT freed 730K, 62% free 2959K/7747K, paused 2ms+3ms
V/DownloadTask( 1250): finishedThreadNum--->2
V/DownloadTask( 1250): mThreadNum--->2
W/DownloadTask( 1250): There has a file named /data/data/com.coship.netfirmware/temp.dat already
D/DownloadTask( 1250): src file = /data/data/com.coship.netfirmware/temp.dat.cdl --- des file=/data/data/com.coship.netfirmware/temp.dat
D/NetFirmwareService( 1250): DownloadConstants.TASK_STATUS_COMPLETED
D/NetFirmwareService( 1250): MSG_DESCRIPT_STATUS_CHANGE
D/NetFirmwareService( 1250): MSG_CHECK_DESCRIPTION
D/NetFirmwareService( 1250): The description info is valid
D/NetFirmwareService( 1250): The description version code = 0
D/NetFirmwareService( 1250): The description machine ID = 0
D/NetFirmwareService( 1250): The description hardware ID = 0
V/NetFirmwareService( 1250): temp.getName()--->temp.dat
E/fbdev   ( 1021): Attention! GFLIP time out, force update gop ring buffer!
D/dalvikvm( 1657): GC_CONCURRENT freed 841K, 64% free 2860K/7747K, paused 2ms+3ms
E/fbdev   ( 1021): Attention! GFLIP time out, force update gop ring buffer!
E/fbdev   ( 1021): Attention! GFLIP time out, force update gop ring buffer!
D/dalvikvm( 1657): GC_CONCURRENT freed 704K, 64% free 2859K/7747K, paused 2ms+4ms
--------- beginning of /dev/log/system
V/TabletStatusBar( 1140): setLightsOn(true)
E/fbdev   ( 1021): Attention! GFLIP time out, force update gop ring buffer!
E/fbdev   ( 1021): Attention! GFLIP time out, force update gop ring buffer!
E/fbdev   ( 1021): Attention! GFLIP time out, force update gop ring buffer!
E/fbdev   ( 1021): Attention! GFLIP time out, force update gop ring buffer!
E/fbdev   ( 1021): Attention! GFLIP time out, force update gop ring buffer!
E/fbdev   ( 1021): Attention! GFLIP time out, force update gop ring buffer!
E/fbdev   ( 1021): Attention! GFLIP time out, force update gop ring buffer!
E/fbdev   ( 1021): Attention! GFLIP time out, force update gop ring buffer!
E/fbdev   ( 1021): Attention! GFLIP time out, force update gop ring buffer!
E/fbdev   ( 1021): Attention! GFLIP time out, force update gop ring buffer!
D/NetUpdate( 2247): progressValue--->0
D/NetUpdate( 2247): mWriteSD--->false
D/NetUpdate( 2247): mBootCheckZipExist--->false
E/fbdev   ( 1021): Attention! GFLIP time out, force update gop ring buffer!
E/fbdev   ( 1021): Attention! GFLIP time out, force update gop ring buffer!
E/fbdev   ( 1021): Attention! GFLIP time out, force update gop ring buffer!
E/fbdev   ( 1021): Attention! GFLIP time out, force update gop ring buffer!
E/fbdev   ( 1021): Attention! GFLIP time out, force update gop ring buffer!
E/fbdev   ( 1021): Attention! GFLIP time out, force update gop ring buffer!
D/dalvikvm( 1657): GC_CONCURRENT freed 704K, 63% free 2903K/7747K, paused 3ms+2ms
V/NetFirmwareService( 1250): /update/*.FileNum--->0
V/NetFirmwareService( 1250): No Higher!
D/dalvikvm( 1657): GC_CONCURRENT freed 773K, 64% free 2836K/7747K, paused 2ms+3ms
D/NetUpdate( 2247): progressValue--->0
D/NetUpdate( 2247): mWriteSD--->true
D/NetUpdate( 2247): mBootCheckZipExist--->false
I/NetFirmwareService( 1250): initPromtDialog_SHOW!
D/dalvikvm( 1250): GC_FOR_ALLOC freed 1232K, 67% free 2827K/8387K, paused 13ms
I/dalvikvm-heap( 1250): Grow heap (frag case) to 7.746MB for 1455120-byte allocation
D/dalvikvm( 1250): GC_CONCURRENT freed 2K, 57% free 4245K/9859K, paused 2ms+2ms
E/WindowManager(  937): Unknown window type: 2131099651
V/TabletStatusBar( 1140): setLightsOn(true)
E/fbdev   ( 1021): Attention! GFLIP time out, force update gop ring buffer!
E/fbdev   ( 1021): Attention! GFLIP time out, force update gop ring buffer!
W/InputManagerService(  937): Starting input on non-focused client com.android.internal.view.IInputMethodClient$Stub$Proxy@4157c628 (uid=1000 pid=2247)
E/fbdev   ( 1021): Attention! GFLIP time out, force update gop ring buffer!
E/fbdev   ( 1021): Attention! GFLIP time out, force update gop ring buffer!
E/fbdev   ( 1021): Attention! GFLIP time out, force update gop ring buffer!
E/fbdev   ( 1021): Attention! GFLIP time out, force update gop ring buffer!
E/fbdev   ( 1021): Attention! GFLIP time out, force update gop ring buffer!
E/fbdev   ( 1021): Attention! GFLIP time out, force update gop ring buffer!
E/fbdev   ( 1021): Attention! GFLIP time out, force update gop ring buffer!
E/fbdev   ( 1021): Attention! GFLIP time out, force update gop ring buffer!
E/fbdev   ( 1021): Attention! GFLIP time out, force update gop ring buffer!
E/fbdev   ( 1021): Attention! GFLIP time out, force update gop ring buffer!
E/fbdev   ( 1021): Attention! GFLIP time out, force update gop ring buffer!
E/fbdev   ( 1021): Attention! GFLIP time out, force update gop ring buffer!
E/fbdev   ( 1021): Attention! GFLIP time out, force update gop ring buffer!
E/fbdev   ( 1021): Attention! GFLIP time out, force update gop ring buffer!
E/fbdev   ( 1021): Attention! GFLIP time out, force update gop ring buffer!
E/fbdev   ( 1021): Attention! GFLIP time out, force update gop ring buffer!
D/NetUpdate( 2247): progressValue--->0
D/NetUpdate( 2247): mWriteSD--->true
D/NetUpdate( 2247): mBootCheckZipExist--->false
D/NetUpdate( 2247): progressValue--->0
D/NetUpdate( 2247): mWriteSD--->true
D/NetUpdate( 2247): mBootCheckZipExist--->false
D/NetUpdate( 2247): progressValue--->0
D/NetUpdate( 2247): mWriteSD--->true
D/NetUpdate( 2247): mBootCheckZipExist--->false
D/NetUpdate( 2247): progressValue--->0
D/NetUpdate( 2247): mWriteSD--->true
D/NetUpdate( 2247): mBootCheckZipExist--->false
D/NetUpdate( 2247): progressValue--->0
D/NetUpdate( 2247): mWriteSD--->true
D/NetUpdate( 2247): mBootCheckZipExist--->false
D/HomePlayerLib( 1657): hostaddress count is 1
D/dalvikvm( 1657): GC_CONCURRENT freed 682K, 64% free 2865K/7747K, paused 3ms+2ms
I/dalvikvm(  937): Jit: resizing JitTable from 4096 to 8192
D/dalvikvm( 1657): GC_CONCURRENT freed 714K, 64% free 2846K/7747K, paused 2ms+2ms
D/dalvikvm( 1657): GC_CONCURRENT freed 695K, 64% free 2837K/7747K, paused 2ms+2ms
D/dalvikvm( 1657): GC_CONCURRENT freed 679K, 63% free 2901K/7747K, paused 2ms+3ms
D/NetUpdate( 2247): progressValue--->0
D/NetUpdate( 2247): mWriteSD--->true
D/NetUpdate( 2247): mBootCheckZipExist--->false
D/dalvikvm( 1657): GC_CONCURRENT freed 763K, 64% free 2857K/7747K, paused 2ms+3ms
D/dalvikvm( 1657): GC_CONCURRENT freed 706K, 62% free 2963K/7747K, paused 2ms+2ms
D/dalvikvm( 1657): GC_CONCURRENT freed 828K, 64% free 2859K/7747K, paused 2ms+3ms
D/NetUpdate( 2247): progressValue--->0
D/NetUpdate( 2247): mWriteSD--->true
D/NetUpdate( 2247): mBootCheckZipExist--->false
D/dalvikvm( 1657): GC_CONCURRENT freed 708K, 64% free 2857K/7747K, paused 2ms+3ms
D/NetUpdate( 2247): progressValue--->0
D/NetUpdate( 2247): mWriteSD--->true
D/NetUpdate( 2247): mBootCheckZipExist--->false
D/NetUpdate( 2247): progressValue--->0
D/NetUpdate( 2247): mWriteSD--->true
D/NetUpdate( 2247): mBootCheckZipExist--->false
D/NetUpdate( 2247): progressValue--->0
D/NetUpdate( 2247): mWriteSD--->true
D/NetUpdate( 2247): mBootCheckZipExist--->false
D/NetUpdate( 2247): progressValue--->0
D/NetUpdate( 2247): mWriteSD--->true
D/NetUpdate( 2247): mBootCheckZipExist--->false
W/ThrottleService(  937): unable to find stats for iface rmnet0
D/NetUpdate( 2247): progressValue--->0
D/NetUpdate( 2247): mWriteSD--->true
D/NetUpdate( 2247): mBootCheckZipExist--->false
D/NetUpdate( 2247): progressValue--->0
D/NetUpdate( 2247): mWriteSD--->true
D/NetUpdate( 2247): mBootCheckZipExist--->false
D/NetUpdate( 2247): progressValue--->0
D/NetUpdate( 2247): mWriteSD--->true
D/NetUpdate( 2247): mBootCheckZipExist--->false
D/NetUpdate( 2247): progressValue--->0
D/NetUpdate( 2247): mWriteSD--->true
D/NetUpdate( 2247): mBootCheckZipExist--->false
D/NetUpdate( 2247): progressValue--->0
D/NetUpdate( 2247): mWriteSD--->true
D/NetUpdate( 2247): mBootCheckZipExist--->false
D/dalvikvm( 1657): GC_CONCURRENT freed 712K, 64% free 2853K/7747K, paused 2ms+3ms
D/HomePlayerLib( 1657): hostaddress count is 1
D/dalvikvm( 1657): GC_CONCURRENT freed 709K, 64% free 2854K/7747K, paused 3ms+2ms
D/dalvikvm( 1657): GC_CONCURRENT freed 701K, 63% free 2873K/7747K, paused 2ms+2ms
D/dalvikvm( 1657): GC_CONCURRENT freed 684K, 63% free 2942K/7747K, paused 2ms+3ms
D/NetUpdate( 2247): progressValue--->0
D/NetUpdate( 2247): mWriteSD--->true
D/NetUpdate( 2247): mBootCheckZipExist--->false
D/dalvikvm( 1657): GC_CONCURRENT freed 816K, 62% free 2967K/7747K, paused 2ms+3ms

[  113.186319] IR: [03932] scan key value is 0xec13c936 
[  113.186324]  
[  113.238885] IR: [03932] scan key value is 0xec13c936 
[  113.238890]  D/dalvikvm( 1657): GC_CONCURRENT freed 851K, 63% free 2873K/7747K, paused 2ms+3ms
V/TabletStatusBar( 1140): setLightsOn(true)
E/fbdev   ( 1021): Attention! GFLIP time out, force update gop ring buffer!
E/fbdev   ( 1021): Attention! GFLIP time out, force update gop ring buffer!
E/fbdev   ( 1021): Attention! GFLIP time out, force update gop ring buffer!
E/fbdev   ( 1021): Attention! GFLIP time out, force update gop ring buffer!
E/fbdev   ( 1021): Attention! GFLIP time out, force update gop ring buffer!
E/fbdev   ( 1021): Attention! GFLIP time out, force update gop ring buffer!
E/fbdev   ( 1021): Attention! GFLIP time out, force update gop ring buffer!
E/fbdev   ( 1021): Attention! GFLIP time out, force update gop ring buffer!
E/fbdev   ( 1021): Attention! GFLIP time out, force update gop ring buffer!
E/fbdev   ( 1021): Attention! GFLIP time out, force update gop ring buffer!
E/fbdev   ( 1021): Attention! GFLIP time out, force update gop ring buffer!
E/fbdev   ( 1021): Attention! GFLIP time out, force update gop ring buffer!
E/fbdev   ( 1021): Attention! GFLIP time out, force update gop ring buffer!
E/fbdev   ( 1021): Attention! GFLIP time out, force update gop ring buffer!
E/fbdev   ( 1021): Attention! GFLIP time out, force update gop ring buffer!
E/fbdev   ( 1021): Attention! GFLIP time out, force update gop ring buffer!
D/dalvikvm( 1657): GC_CONCURRENT freed 724K, 62% free 2963K/7747K, paused 2ms+3ms

[  113.888333] IR: [03932] scan key value is 0xec13c936 
[  113.888338]  
[  113.940919] IR: [03932] scan key value is 0xec13c936 
[  113.940924]  D/dalvikvm( 1657): GC_CONCURRENT freed 828K, 62% free 2946K/7747K, paused 1ms+3ms
D/NetUpdate( 2247): progressValue--->0
D/NetUpdate( 2247): mWriteSD--->true
D/NetUpdate( 2247): mBootCheckZipExist--->false
V/NetFirmwareService( 1250): onStartCommand
V/NetFirmwareService( 1250): intent--->Intent { act=com.coship.netfirmware.NetFirmwareService (has extras) }
V/NetFirmwareService( 1250): Network is connected!
I/NetFirmwareService( 1250): initPromtDialog_SHOW!
E/WindowManager(  937): Unknown window type: 2131099651
V/TabletStatusBar( 1140): setLightsOn(true)
E/fbdev   ( 1021): Attention! GFLIP time out, force update gop ring buffer!
E/fbdev   ( 1021): Attention! GFLIP time out, force update gop ring buffer!
W/InputManagerService(  937): Starting input on non-focused client com.android.internal.view.IInputMethodClient$Stub$Proxy@4157c628 (uid=1000 pid=2247)
E/fbdev   ( 1021): Attention! GFLIP time out, force update gop ring buffer!
E/fbdev   ( 1021): Attention! GFLIP time out, force update gop ring buffer!
E/fbdev   ( 1021): Attention! GFLIP time out, force update gop ring buffer!
E/fbdev   ( 1021): Attention! GFLIP time out, force update gop ring buffer!
E/fbdev   ( 1021): Attention! GFLIP time out, force update gop ring buffer!
E/fbdev   ( 1021): Attention! GFLIP time out, force update gop ring buffer!
E/fbdev   ( 1021): Attention! GFLIP time out, force update gop ring buffer!
E/fbdev   ( 1021): Attention! GFLIP time out, force update gop ring buffer!
E/fbdev   ( 1021): Attention! GFLIP time out, force update gop ring buffer!
E/fbdev   ( 1021): Attention! GFLIP time out, force update gop ring buffer!
E/fbdev   ( 1021): Attention! GFLIP time out, force update gop ring buffer!
E/fbdev   ( 1021): Attention! GFLIP time out, force update gop ring buffer!
E/fbdev   ( 1021): Attention! GFLIP time out, force update gop ring buffer!
E/fbdev   ( 1021): Attention! GFLIP time out, force update gop ring buffer!
E/fbdev   ( 1021): Attention! GFLIP time out, force update gop ring buffer!
E/fbdev   ( 1021): Attention! GFLIP time out, force update gop ring buffer!
E/fbdev   ( 1021): Attention! GFLIP time out, force update gop ring buffer!
D/dalvikvm( 1657): GC_CONCURRENT freed 828K, 64% free 2837K/7747K, paused 2ms+3ms
E/fbdev   ( 1021): Attention! GFLIP time out, force update gop ring buffer!
D/dalvikvm( 1657): GC_CONCURRENT freed 667K, 64% free 2858K/7747K, paused 2ms+3ms
D/NetFirmwareService( 1250): loadZipProgress--->0
V/NetFirmwareService( 1250): mServicePath--->http://update.coship.com/update/system/S1001
I/NetFirmwareService( 1250): mHwvStr--->002104
I/NetFirmwareService( 1250): mSwv--->211321
I/FileUtils( 1250): mkFilePath--->/data/data/com.coship.netfirmware/versioncode.dat
D/dalvikvm( 1657): GC_CONCURRENT freed 701K, 64% free 2859K/7747K, paused 2ms+3ms
D/NetUpdate( 2247): progressValue--->0
D/NetUpdate( 2247): mWriteSD--->true
D/NetUpdate( 2247): mBootCheckZipExist--->false
V/HttpDownLoad( 1250): InputStream_input--->libcore.net.http.FixedLengthInputStream@415b7050
I/FileUtils( 1250): mkdirPath--->/data/data/com.coship.netfirmware/
I/FileUtils( 1250): createNewFilePath--->/data/data/com.coship.netfirmware/versioncode.dat
I/FileUtils( 1250): file--->versioncode.dat
I/HttpDownLoad( 1250): resultFile--->/data/data/com.coship.netfirmware/versioncode.dat
I/NetFirmwareService( 1250): v--->211321
I/NetFirmwareService( 1250): q--->00001
I/NetFirmwareService( 1250): c--->00001
I/FileUtils( 1250): mkFilePath--->/data/data/com.coship.netfirmware/description_211321.dat
D/dalvikvm( 1657): GC_CONCURRENT freed 704K, 64% free 2859K/7747K, paused 2ms+3ms
D/dalvikvm( 1657): GC_CONCURRENT freed 706K, 64% free 2860K/7747K, paused 3ms+3ms
V/HttpDownLoad( 1250): InputStream_input--->libcore.net.http.FixedLengthInputStream@4169d4f8
I/FileUtils( 1250): mkdirPath--->/data/data/com.coship.netfirmware/
I/FileUtils( 1250): createNewFilePath--->/data/data/com.coship.netfirmware/description_211321.dat
I/FileUtils( 1250): file--->description_211321.dat
I/HttpDownLoad( 1250): resultFile--->/data/data/com.coship.netfirmware/description_211321.dat
I/NetFirmwareService( 1250): packageSize--->181917198
I/NetFirmwareService( 1250): MD5--->D0D1693015A828A1F0274DF26141EF8C
I/NetFirmwareService( 1250): changeHistory--->1.CYWEEHTTPUDP;2.CIBN<>;3.CYWEE720*480,640*480CYWEE
V/NetFirmwareService( 1250): MSG_LOAD_DAT_STATUS_mNetUpdate--->true
D/NetFirmwareService( 1250): Network Connection Success!
D/NetFirmwareService( 1250): Upgrade File Load Success!
D/NetFirmwareService( 1250): serverURL = www.stp_firmware.coship.com
D/NetFirmwareService( 1250): CheckUpgradeTimer mCheckTime = 5
D/NetFirmwareService( 1250): startTimer
D/NetFirmwareService( 1250): removeTimer
E/fbdev   ( 1021): Attention! GFLIP time out, force update gop ring buffer!
E/fbdev   ( 1021): Attention! GFLIP time out, force update gop ring buffer!
E/fbdev   ( 1021): Attention! GFLIP time out, force update gop ring buffer!
D/NetUpdate( 2247): progressValue--->0
D/NetUpdate( 2247): mWriteSD--->true
D/NetUpdate( 2247): mBootCheckZipExist--->false
E/fbdev   ( 1021): Attention! GFLIP time out, force update gop ring buffer!
E/fbdev   ( 1021): Attention! GFLIP time out, force update gop ring buffer!
E/fbdev   ( 1021): Attention! GFLIP time out, force update gop ring buffer!
E/fbdev   ( 1021): Attention! GFLIP time out, force update gop ring buffer!
E/fbdev   ( 1021): Attention! GFLIP time out, force update gop ring buffer!
D/NetUpdate( 2247): progressValue--->0
D/NetUpdate( 2247): mWriteSD--->true
D/NetUpdate( 2247): mBootCheckZipExist--->false
E/fbdev   ( 1021): Attention! GFLIP time out, force update gop ring buffer!
D/CheckNetWork( 1644): isOk true
D/CheckNetWork( 1644): ActInfoNetworkInfo: type: WIFI[], state: CONNECTED/CONNECTED, reason: (unspecified), extra: (none), roaming: false, failover: false, isAvailable: true
D/CheckNetWork( 1644): infoNetworkInfo: type: WIFI[], state: CONNECTED/CONNECTED, reason: (unspecified), extra: (none), roaming: false, failover: false, isAvailable: true
E/fbdev   ( 1021): Attention! GFLIP time out, force update gop ring buffer!
E/fbdev   ( 1021): Attention! GFLIP time out, force update gop ring buffer!
E/fbdev   ( 1021): Attention! GFLIP time out, force update gop ring buffer!
E/fbdev   ( 1021): Attention! GFLIP time out, force update gop ring buffer!
D/NetUpdate( 2247): progressValue--->0
D/NetUpdate( 2247): mWriteSD--->true
D/NetUpdate( 2247): mBootCheckZipExist--->false
E/fbdev   ( 1021): Attention! GFLIP time out, force update gop ring buffer!
E/fbdev   ( 1021): Attention! GFLIP time out, force update gop ring buffer!
E/fbdev   ( 1021): Attention! GFLIP time out, force update gop ring buffer!
E/fbdev   ( 1021): Attention! GFLIP time out, force update gop ring buffer!
E/fbdev   ( 1021): Attention! GFLIP time out, force update gop ring buffer!
D/NetUpdate( 2247): progressValue--->0
D/NetUpdate( 2247): mWriteSD--->true
D/NetUpdate( 2247): mBootCheckZipExist--->false
E/fbdev   ( 1021): Attention! GFLIP time out, force update gop ring buffer!
E/fbdev   ( 1021): Attention! GFLIP time out, force update gop ring buffer!
E/fbdev   ( 1021): Attention! GFLIP time out, force update gop ring buffer!
E/fbdev   ( 1021): Attention! GFLIP time out, force update gop ring buffer!
E/fbdev   ( 1021): Attention! GFLIP time out, force update gop ring buffer!
D/NetUpdate( 2247): progressValue--->0
D/NetUpdate( 2247): mWriteSD--->true
D/NetUpdate( 2247): mBootCheckZipExist--->false
E/fbdev   ( 1021): Attention! GFLIP time out, force update gop ring buffer!
E/fbdev   ( 1021): Attention! GFLIP time out, force update gop ring buffer!
D/NetFirmwareService( 1250): MSG_CREATE_CHECK_THREAD
D/NetFirmwareService( 1250): MSG_GET_VERSION_CODE
D/NetFirmwareService( 1250): Download URL = http://update.coship.com/update/system/S1001/002104/versioncode.dat
D/NetFirmwareService( 1250): Save file in path = /data/data/com.coship.netfirmware/temp.dat
D/NetFirmwareService( 1250): Set download thread number = 2
D/DownloadTask( 1250): mDesFilePath =/data/data/com.coship.netfirmware/temp.dat
D/DownloadTask( 1250): mRecordFile =/data/data/com.coship.netfirmware/temp.dat.cdl.Record
D/DownloadTask( 1250): mfilePath =/data/data/com.coship.netfirmware/temp.dat.cdl
I/DownloadTask( 1250): Server:Apache-Coyote/1.1
I/DownloadTask( 1250): Accept-Ranges:bytes
I/DownloadTask( 1250): ETag:W/"33-1366720666000"
I/DownloadTask( 1250): Last-Modified:Tue, 23 Apr 2013 12:37:46 GMT
I/DownloadTask( 1250): Content-Length:33
I/DownloadTask( 1250): Date:Wed, 24 Apr 2013 10:58:49 GMT
I/DownloadTask( 1250): Powered-By-ChinaCache:MISS from CHN-JY-4-3k4
I/DownloadTask( 1250): Connection:close
D/NetUpdate( 2247): progressValue--->0
D/NetUpdate( 2247): mWriteSD--->true
D/NetUpdate( 2247): mBootCheckZipExist--->false
D/dalvikvm( 1250): GC_CONCURRENT freed 931K, 54% free 4557K/9859K, paused 3ms+2ms
D/DownloadTask( 1250): server accept range
D/DownloadTask( 1250): initTaskRecord currentSize=-1
D/DownloadTask( 1250): totalSize=-1
D/DownloadTask( 1250): magicID=abc
D/DownloadTask( 1250): mCurrentSize=0
D/DownloadTask( 1250): mTotalSize=33
D/DownloadTask( 1250): mMagicID=null
D/DownloadTask( 1250): The record is invalid, need reset record
D/WriteDataInStorageThread( 1250): write file name = /data/data/com.coship.netfirmware/temp.dat.cdl
D/dalvikvm( 1250): GC_FOR_ALLOC freed 203K, 50% free 5004K/9859K, paused 15ms
I/dalvikvm-heap( 1250): Grow heap (frag case) to 8.983MB for 524304-byte allocation
D/dalvikvm( 1250): GC_FOR_ALLOC freed 26K, 48% free 5489K/10435K, paused 13ms
V/DownloadTask( 1250): finishedThreadNum--->0
V/DownloadTask( 1250): mThreadNum--->2
D/NetFirmwareService( 1250): DownloadConstants.TASK_STATUS_RUNNING
D/dalvikvm(  937): GC_CONCURRENT freed 956K, 60% free 3967K/9795K, paused 2ms+17ms
D/NetFirmwareService( 1250): MSG_VER_CODE_STATUS_CHANGE
D/NetFirmwareService( 1250): MSG_VER_CODE_STATUS_CHANGE
E/fbdev   ( 1021): Attention! GFLIP time out, force update gop ring buffer!
E/fbdev   ( 1021): Attention! GFLIP time out, force update gop ring buffer!
D/DownloadThread( 1250): statusCode--->206
D/DownloadThread( 1250): statusCode--->206
V/DownloadThread( 1250): Accept-Ranges: bytes
V/DownloadThread( 1250): Accept-Ranges: bytes
V/DownloadThread( 1250): Content-Disposition: null
V/DownloadThread( 1250): Content-Length: 17
V/DownloadThread( 1250): Content-Location: null
V/DownloadThread( 1250): Content-Disposition: null
V/DownloadThread( 1250): ETag: W/"33-1366720666000"
V/DownloadThread( 1250): Content-Length: 16
V/DownloadThread( 1250): Transfer-Encoding: null
V/DownloadThread( 1250): Content-Location: null
V/DownloadThread( 1250): read_front--->
V/DownloadThread( 1250): ETag: W/"33-1366720666000"
V/DownloadThread( 1250): read_bytesRead--->17
V/DownloadThread( 1250): Transfer-Encoding: null
V/DownloadThread( 1250): read_front--->
V/DownloadThread( 1250): read_bytesRead--->16
V/DownloadThread( 1250): read_front--->
V/DownloadThread( 1250): read_front--->
V/DownloadThread( 1250): read_bytesRead--->-1
V/DownloadThread( 1250): read_bytesRead--->-1
D/DownloadThread( 1250): write the last data in storage.
D/WriteDataInStorageThread( 1250): sendDataInStack --data length =16 offset =0 file name = filePart0
D/DownloadThread( 1250): write the last data in storage.
D/DownloadThread( 1250): filePart0 final status: 491
D/WriteDataInStorageThread( 1250): write data  Pos=0   Length =16  Thread =filePart0
D/WriteDataInStorageThread( 1250): sendDataInStack --data length =17 offset =16 file name = filePart1
D/DownloadThread( 1250): filePart1 final status: 491
D/WriteDataInStorageThread( 1250): write data  Pos=16   Length =17  Thread =filePart1
V/DownloadTask( 1250): finishedThreadNum--->2
V/DownloadTask( 1250): mThreadNum--->2
D/DownloadTask( 1250): src file = /data/data/com.coship.netfirmware/temp.dat.cdl --- des file=/data/data/com.coship.netfirmware/temp.dat
D/NetFirmwareService( 1250): DownloadConstants.TASK_STATUS_COMPLETED
D/NetFirmwareService( 1250): MSG_VER_CODE_STATUS_CHANGE
D/NetFirmwareService( 1250): MSG_CHECK_VERSION_CODE
D/NetFirmwareService( 1250): checkVersionCode
D/NetFirmwareService( 1250): analysisVersionCodeData
D/NetFirmwareService( 1250): open file error
I/NetFirmwareService( 1250): mVersionCodeFile--->34
D/NetFirmwareService( 1250): verCode = 0
D/NetFirmwareService( 1250): Description URL = null
D/NetFirmwareService( 1250): MSG_GET_DESCRIPTION
D/NetFirmwareService( 1250): Download URL = http://update.coship.com/update/system/S1001/002104/description_211321.dat
D/NetFirmwareService( 1250): Save file in path = /data/data/com.coship.netfirmware/temp.dat
D/NetFirmwareService( 1250): Set download thread number = 2
D/DownloadTask( 1250): mDesFilePath =/data/data/com.coship.netfirmware/temp.dat
D/DownloadTask( 1250): mRecordFile =/data/data/com.coship.netfirmware/temp.dat.cdl.Record
D/DownloadTask( 1250): mfilePath =/data/data/com.coship.netfirmware/temp.dat.cdl
E/fbdev   ( 1021): Attention! GFLIP time out, force update gop ring buffer!
D/NetUpdate( 2247): progressValue--->0
D/NetUpdate( 2247): mWriteSD--->true
D/NetUpdate( 2247): mBootCheckZipExist--->false
I/DownloadTask( 1250): Server:Apache-Coyote/1.1
I/DownloadTask( 1250): Accept-Ranges:bytes
I/DownloadTask( 1250): ETag:W/"363-1366720508000"
I/DownloadTask( 1250): Last-Modified:Tue, 23 Apr 2013 12:35:08 GMT
I/DownloadTask( 1250): Content-Length:363
I/DownloadTask( 1250): Date:Wed, 24 Apr 2013 10:58:51 GMT
I/DownloadTask( 1250): Powered-By-ChinaCache:MISS from CHN-JY-4-3k4
I/DownloadTask( 1250): Connection:close
D/DownloadTask( 1250): server accept range
D/DownloadTask( 1250): initTaskRecord currentSize=-1
D/DownloadTask( 1250): totalSize=-1
D/DownloadTask( 1250): magicID=abc
D/DownloadTask( 1250): mCurrentSize=0
D/DownloadTask( 1250): mTotalSize=363
D/DownloadTask( 1250): mMagicID=null
D/DownloadTask( 1250): The record is invalid, need reset record
D/WriteDataInStorageThread( 1250): write file name = /data/data/com.coship.netfirmware/temp.dat.cdl
D/dalvikvm( 1250): GC_FOR_ALLOC freed 1762K, 57% free 4497K/10435K, paused 18ms
V/DownloadTask( 1250): finishedThreadNum--->0
V/DownloadTask( 1250): mThreadNum--->2
D/NetFirmwareService( 1250): MSG_DESCRIPT_STATUS_CHANGE
D/NetFirmwareService( 1250): MSG_DESCRIPT_STATUS_CHANGE
D/dalvikvm( 1250): GC_CONCURRENT freed 237K, 48% free 5513K/10435K, paused 2ms+2ms
E/fbdev   ( 1021): Attention! GFLIP time out, force update gop ring buffer!
D/NetUpdate( 2247): progressValue--->0
D/NetUpdate( 2247): mWriteSD--->true
D/NetUpdate( 2247): mBootCheckZipExist--->false
E/fbdev   ( 1021): Attention! GFLIP time out, force update gop ring buffer!
D/DownloadThread( 1250): statusCode--->206
V/DownloadThread( 1250): Accept-Ranges: bytes
V/DownloadThread( 1250): Content-Disposition: null
V/DownloadThread( 1250): Content-Length: 182
V/DownloadThread( 1250): Content-Location: null
V/DownloadThread( 1250): ETag: W/"363-1366720508000"
V/DownloadThread( 1250): Transfer-Encoding: null
V/DownloadThread( 1250): read_front--->
V/DownloadThread( 1250): read_bytesRead--->182
V/DownloadThread( 1250): read_front--->
V/DownloadThread( 1250): read_bytesRead--->-1
D/DownloadThread( 1250): write the last data in storage.
D/WriteDataInStorageThread( 1250): sendDataInStack --data length =182 offset =181 file name = filePart1
D/DownloadThread( 1250): filePart1 final status: 491
D/WriteDataInStorageThread( 1250): write data  Pos=181   Length =182  Thread =filePart1
E/fbdev   ( 1021): Attention! GFLIP time out, force update gop ring buffer!
V/DownloadTask( 1250): finishedThreadNum--->1
V/DownloadTask( 1250): mThreadNum--->2
D/NetFirmwareService( 1250): MSG_DESCRIPT_STATUS_CHANGE
D/dalvikvm( 1657): GC_CONCURRENT freed 703K, 64% free 2863K/7747K, paused 2ms+2ms
D/HomePlayerLib( 1657): hostaddress count is 1
E/fbdev   ( 1021): Attention! GFLIP time out, force update gop ring buffer!
D/dalvikvm( 1657): GC_CONCURRENT freed 708K, 62% free 2975K/7747K, paused 2ms+3ms
D/dalvikvm( 1657): GC_CONCURRENT freed 853K, 62% free 2965K/7747K, paused 2ms+2ms
E/fbdev   ( 1021): Attention! GFLIP time out, force update gop ring buffer!
V/DownloadTask( 1250): finishedThreadNum--->1
V/DownloadTask( 1250): mThreadNum--->2
D/NetFirmwareService( 1250): MSG_DESCRIPT_STATUS_CHANGE
D/dalvikvm( 1657): GC_CONCURRENT freed 851K, 63% free 2883K/7747K, paused 2ms+3ms
E/fbdev   ( 1021): Attention! GFLIP time out, force update gop ring buffer!
D/NetUpdate( 2247): progressValue--->0
D/NetUpdate( 2247): mWriteSD--->true
D/NetUpdate( 2247): mBootCheckZipExist--->false
D/dalvikvm( 1657): GC_CONCURRENT freed 720K, 64% free 2866K/7747K, paused 2ms+2ms
E/fbdev   ( 1021): Attention! GFLIP time out, force update gop ring buffer!
D/dalvikvm( 1657): GC_CONCURRENT freed 704K, 64% free 2865K/7747K, paused 2ms+3ms
D/DownloadThread( 1250): statusCode--->206
V/DownloadThread( 1250): Accept-Ranges: bytes
V/DownloadThread( 1250): Content-Disposition: null
V/DownloadThread( 1250): Content-Length: 181
V/DownloadThread( 1250): Content-LocatD/NetUpdate( 2247): progressValue--->0
D/NetUpdate( 2247): mWriteSD--->true
D/NetUpdate( 2247): mBootCheckZipExist--->false
D/NetUpdate( 2247): progressValue--->0
D/NetUpdate( 2247): mWriteSD--->true
D/NetUpdate( 2247): mBootCheckZipExist--->false
D/NetUpdate( 2247): progressValue--->0
D/NetUpdate( 2247): mWriteSD--->true
D/NetUpdate( 2247): mBootCheckZipExist--->false
D/NetUpdate( 2247): progressValue--->0
D/NetUpdate( 2247): mWriteSD--->true
D/NetUpdate( 2247): mBootCheckZipExist--->false
D/dalvikvm( 1657): GC_CONCURRENT freed 723K, 64% free 2833K/7747K, paused 2ms+3ms
D/NetUpdate( 2247): progressValue--->0
D/NetUpdate( 2247): mWriteSD--->true
D/NetUpdate( 2247): mBootCheckZipExist--->false
D/dalvikvm( 1657): GC_CONCURRENT freed 667K, 64% free 2858K/7747K, paused 2ms+2ms
D/dalvikvm( 1657): GC_CONCURRENT freed 704K, 64% free 2859K/7747K, paused 2ms+2ms
D/HomePlayerLib( 1657): hostaddress count is 1
D/dalvikvm( 1657): GC_CONCURRENT freed 720K, 64% free 2853K/7747K, paused 2ms+3ms
D/dalvikvm( 1657): GC_CONCURRENT freed 698K, 63% free 2933K/7747K, paused 2ms+3ms
D/dalvikvm( 1657): GC_CONCURRENT freed 802K, 64% free 2862K/7747K, paused 2ms+2ms
D/dalvikvm( 1657): GC_CONCURRENT freed 705K, 64% free 2861K/7747K, paused 2ms+2ms
D/NetUpdate( 2247): progressValue--->0
D/NetUpdate( 2247): mWriteSD--->true
D/NetUpdate( 2247): mBootCheckZipExist--->false
D/dalvikvm( 1657): GC_CONCURRENT freed 703K, 64% free 2863K/7747K, paused 2ms+3ms
D/dalvikvm( 1657): GC_CONCURRENT freed 716K, 64% free 2859K/7747K, paused 2ms+2ms
D/dalvikvm( 1657): GC_CONCURRENT freed 707K, 64% free 2858K/7747K, paused 2ms+3ms
D/dalvikvm( 1657): GC_CONCURRENT freed 706K, 64% free 2857K/7747K, paused 2ms+3ms
D/NetUpdate( 2247): progressValue--->0
D/NetUpdate( 2247): mWriteSD--->true
D/NetUpdate( 2247): mBootCheckZipExist--->false
D/dalvikvm( 1657): GC_CONCURRENT freed 704K, 64% free 2858K/7747K, paused 2ms+2ms
D/dalvikvm( 1657): GC_CONCURRENT freed 706K, 64% free 2858K/7747K, paused 2ms+2ms
D/dalvikvm( 1657): GC_CONCURRENT freed 707K, 64% free 2840K/7747K, paused 2ms+2ms
D/NetUpdate( 2247): progressValue--->0
D/NetUpdate( 2247): mWriteSD--->true
D/NetUpdate( 2247): mBootCheckZipExist--->false
D/NetUpdate( 2247): progressValue--->0
D/NetUpdate( 2247): mWriteSD--->true
D/NetUpdate( 2247): mBootCheckZipExist--->false
D/NetUpdate( 2247): progressValue--->0
D/NetUpdate( 2247): mWriteSD--->true
D/NetUpdate( 2247): mBootCheckZipExist--->false
D/NetUpdate( 2247): progressValue--->0
D/NetUpdate( 2247): mWriteSD--->true
D/NetUpdate( 2247): mBootCheckZipExist--->false
D/NetUpdate( 2247): progressValue--->0
D/NetUpdate( 2247): mWriteSD--->true
D/NetUpdate( 2247): mBootCheckZipExist--->false
D/NetUpdate( 2247): progressValue--->0
D/NetUpdate( 2247): mWriteSD--->true
D/NetUpdate( 2247): mBootCheckZipExist--->false
D/NetUpdate( 2247): progressValue--->0
D/NetUpdate( 2247): mWriteSD--->true
D/NetUpdate( 2247): mBootCheckZipExist--->false
D/NetUpdate( 2247): progressValue--->0
D/NetUpdate( 2247): mWriteSD--->true
D/NetUpdate( 2247): mBootCheckZipExist--->false
D/dalvikvm( 1657): GC_CONCURRENT freed 690K, 62% free 2955K/7747K, paused 2ms+2ms
D/NetUpdate( 2247): progressValue--->0
D/NetUpdate( 2247): mWriteSD--->true
D/NetUpdate( 2247): mBootCheckZipExist--->false
D/dalvikvm( 1657): GC_CONCURRENT freed 842K, 62% free 2946K/7747K, paused 2ms+2ms
D/HomePlayerLib( 1657): hostaddress count is 1
D/dalvikvm( 1657): GC_CONCURRENT freed 831K, 64% free 2841K/7747K, paused 2ms+2ms
D/dalvikvm( 1657): GC_CONCURRENT freed 687K, 62% free 2957K/7747K, paused 2ms+2ms
D/dalvikvm( 1657): GC_CONCURRENT freed 823K, 62% free 2967K/7747K, paused 2ms+2ms
D/dalvikvm( 1657): GC_CONCURRENT freed 839K, 63% free 2905K/7747K, paused 2ms+3ms
D/NetUpdate( 2247): progressValue--->0
D/NetUpdate( 2247): mWriteSD--->true
D/NetUpdate( 2247): mBootCheckZipExist--->false
D/dalvikvm( 1657): GC_CONCURRENT freed 775K, 64% free 2837K/7747K, paused 2ms+2ms
D/NetUpdate( 2247): progressValue--->0
D/NetUpdate( 2247): mWriteSD--->true
D/NetUpdate( 2247): mBootCheckZipExist--->false
D/NetUpdate( 2247): progressValue--->0
D/NetUpdate( 2247): mWriteSD--->true
D/NetUpdate( 2247): mBootCheckZipExist--->false
D/NetUpdate( 2247): progressValue--->0
D/NetUpdate( 2247): mWriteSD--->true
D/NetUpdate( 2247): mBootCheckZipExist--->false
D/NetUpdate( 2247): progressValue--->0
D/NetUpdate( 2247): mWriteSD--->true
D/NetUpdate( 2247): mBootCheckZipExist--->false
D/dalvikvm( 1657): GC_CONCURRENT freed 663K, 64% free 2860K/7747K, paused 3ms+3ms
D/NetUpdate( 2247): progressValue--->0
D/NetUpdate( 2247): mWriteSD--->true
D/NetUpdate( 2247): mBootCheckZipExist--->false
D/NetUpdate( 2247): progressValue--->0
D/NetUpdate( 2247): mWriteSD--->true
D/NetUpdate( 2247): mBootCheckZipExist--->false
D/NetUpdate( 2247): progressValue--->0
D/NetUpdate( 2247): mWriteSD--->true
D/NetUpdate( 2247): mBootCheckZipExist--->false
D/NetUpdate( 2247): progressValue--->0
D/NetUpdate( 2247): mWriteSD--->true
D/NetUpdate( 2247): mBootCheckZipExist--->false
D/dalvikvm( 1657): GC_CONCURRENT freed 702K, 64% free 2857K/7747K, paused 2ms+2ms
D/dalvikvm( 1657): GC_CONCURRENT freed 704K, 64% free 2857K/7747K, paused 2ms+3ms
D/dalvikvm( 1657): GC_CONCURRENT freed 705K, 64% free 2858K/7747K, paused 3ms+3ms
D/dalvikvm( 1657): GC_CONCURRENT freed 704K, 64% free 2862K/7747K, paused 2ms+3ms
D/NetUpdate( 2247): progressValue--->0
D/NetUpdate( 2247): mWriteSD--->true
D/NetUpdate( 2247): mBootCheckZipExist--->false
D/dalvikvm( 1657): GC_CONCURRENT freed 704K, 64% free 2857K/7747K, paused 2ms+3ms
D/dalvikvm( 1657): GC_CONCURRENT freed 706K, 64% free 2860K/7747K, paused 2ms+3ms
D/HomePlayerLib( 1657): hostaddress count is 1
D/dalvikvm( 1657): GC_CONCURRENT freed 718K, 64% free 2833K/7747K, paused 2ms+2ms
D/dalvikvm( 1657): GC_CONCURRENT freed 685K, 64% free 2833K/7747K, paused 2ms+3ms
D/NetUpdate( 2247): progressValue--->0
D/NetUpdate( 2247): mWriteSD--->true
D/NetUpdate( 2247): mBootCheckZipExist--->false
D/dalvikvm( 1657): GC_CONCURRENT freed 671K, 63% free 2871K/7747K, paused 2ms+3ms
D/dalvikvm( 1657): GC_CONCURRENT freed 729K, 64% free 2854K/7747K, paused 3ms+2ms
D/dalvikvm( 1657): GC_CONCURRENT freed 688K, 64% free 2864K/7747K, paused 2ms+3ms
D/dalvikvm( 1657): GC_CONCURRENT freed 708K, 64% free 2863K/7747K, paused 2ms+2ms
D/NetUpdate( 2247): progressValue--->0
D/NetUpdate( 2247): mWriteSD--->true
D/NetUpdate( 2247): mBootCheckZipExist--->false
D/NetUpdate( 2247): progressValue--->0
D/NetUpdate( 2247): mWriteSD--->true
D/NetUpdate( 2247): mBootCheckZipExist--->false
D/NetUpdate( 2247): progressValue--->0
D/NetUpdate( 2247): mWriteSD--->true
D/NetUpdate( 2247): mBootCheckZipExist--->false
D/NetUpdate( 2247): progressValue--->0
D/NetUpdate( 2247): mWriteSD--->true
D/NetUpdate( 2247): mBootCheckZipExist--->false
D/NetUpdate( 2247): progressValue--->0
D/NetUpdate( 2247): mWriteSD--->true
D/NetUpdate( 2247): mBootCheckZipExist--->false
D/NetUpdate( 2247): progressValue--->0
D/NetUpdate( 2247): mWriteSD--->true
D/NetUpdate( 2247): mBootCheckZipExist--->false
D/NetUpdate( 2247): progressValue--->0
D/NetUpdate( 2247): mWriteSD--->true
D/NetUpdate( 2247): mBootCheckZipExist--->false
D/NetUpdate( 2247): progressValue--->0
D/NetUpdate( 2247): mWriteSD--->true
D/NetUpdate( 2247): mBootCheckZipExist--->false
D/NetUpdate( 2247): progressValue--->0
D/NetUpdate( 2247): mWriteSD--->true
D/NetUpdate( 2247): mBootCheckZipExist--->false

[  165.218355] IR: [03932] scan key value is 0xec13c936 
[  165.218360]  
[  165.270942] IR: [03932] scan key value is 0xec13c936 
[  165.270946]  V/TabletStatusBar( 1140): setLightsOn(true)
E/fbdev   ( 1021): Attention! GFLIP time out, force update gop ring buffer!
E/fbdev   ( 1021): Attention! GFLIP time out, force update gop ring buffer!
E/fbdev   ( 1021): Attention! GFLIP time out, force update gop ring buffer!
E/fbdev   ( 1021): Attention! GFLIP time out, force update gop ring buffer!
E/fbdev   ( 1021): Attention! GFLIP time out, force update gop ring buffer!
E/fbdev   ( 1021): Attention! GFLIP time out, force update gop ring buffer!
E/fbdev   ( 1021): Attention! GFLIP time out, force update gop ring buffer!
E/fbdev   ( 1021): Attention! GFLIP time out, force update gop ring buffer!
E/fbdev   ( 1021): Attention! GFLIP time out, force update gop ring buffer!
E/fbdev   ( 1021): Attention! GFLIP time out, force update gop ring buffer!
E/fbdev   ( 1021): Attention! GFLIP time out, force update gop ring buffer!
E/fbdev   ( 1021): Attention! GFLIP time out, force update gop ring buffer!
E/fbdev   ( 1021): Attention! GFLIP time out, force update gop ring buffer!
E/fbdev   ( 1021): Attention! GFLIP time out, force update gop ring buffer!
E/fbdev   ( 1021): Attention! GFLIP time out, force update gop ring buffer!
E/fbdev   ( 1021): Attention! GFLIP time out, force update gop ring buffer!

[  165.902615] IR: [03932] scan key value is 0xec13c936 
[  165.902621]  
[  165.955198] IR: [03932] scan key value is 0xec13c936 
[  165.955204]  D/dalvikvm( 1657): GC_CONCURRENT freed 705K, 64% free 2862K/7747K, paused 2ms+3ms
V/NetFirmwareService( 1250): onStartCommand
V/NetFirmwareService( 1250): intent--->Intent { act=com.coship.netfirmware.NetFirmwareService (has extras) }
V/NetFirmwareService( 1250): Network is connected!
I/NetFirmwareService( 1250): initPromtDialog_SHOW!
E/WindowManager(  937): Unknown window type: 2131099651
V/TabletStatusBar( 1140): setLightsOn(true)
E/fbdev   ( 1021): Attention! GFLIP time out, force update gop ring buffer!
E/fbdev   ( 1021): Attention! GFLIP time out, force update gop ring buffer!
W/InputManagerService(  937): Starting input on non-focused client com.android.internal.view.IInputMethodClient$Stub$Proxy@4157c628 (uid=1000 pid=2247)
D/NetUpdate( 2247): progressValue--->0
D/NetUpdate( 2247): mWriteSD--->true
D/NetUpdate( 2247): mBootCheckZipExist--->false
E/fbdev   ( 1021): Attention! GFLIP time out, force update gop ring buffer!
E/fbdev   ( 1021): Attention! GFLIP time out, force update gop ring buffer!
E/fbdev   ( 1021): Attention! GFLIP time out, force update gop ring buffer!
E/fbdev   ( 1021): Attention! GFLIP time out, force update gop ring buffer!
E/fbdev   ( 1021): Attention! GFLIP time out, force update gop ring buffer!
E/fbdev   ( 1021): Attention! GFLIP time out, force update gop ring buffer!
E/fbdev   ( 1021): Attention! GFLIP time out, force update gop ring buffer!
E/fbdev   ( 1021): Attention! GFLIP time out, force update gop ring buffer!
E/fbdev   ( 1021): Attention! GFLIP time out, force update gop ring buffer!
E/fbdev   ( 1021): Attention! GFLIP time out, force update gop ring buffer!
E/fbdev   ( 1021): Attention! GFLIP time out, force update gop ring buffer!
E/fbdev   ( 1021): Attention! GFLIP time out, force update gop ring buffer!
E/fbdev   ( 1021): Attention! GFLIP time out, force update gop ring buffer!
E/fbdev   ( 1021): Attention! GFLIP time out, force update gop ring buffer!
E/fbdev   ( 1021): Attention! GFLIP time out, force update gop ring buffer!
E/fbdev   ( 1021): Attention! GFLIP time out, force update gop ring buffer!
E/fbdev   ( 1021): Attention! GFLIP time out, force update gop ring buffer!
D/dalvikvm( 1657): GC_CONCURRENT freed 706K, 64% free 2861K/7747K, paused 3ms+3ms
E/fbdev   ( 1021): Attention! GFLIP time out, force update gop ring buffer!
D/NetFirmwareService( 1250): loadZipProgress--->0
V/NetFirmwareService( 1250): mServicePath--->http://update.coship.com/update/system/S1001
I/NetFirmwareService( 1250): mHwvStr--->002104
I/NetFirmwareService( 1250): mSwv--->211321
I/FileUtils( 1250): mkFilePath--->/data/data/com.coship.netfirmware/versioncode.dat
D/HomePlayerLib( 1657): hostaddress count is 1
D/dalvikvm( 1657): GC_CONCURRENT freed 721K, 64% free 2853K/7747K, paused 3ms+2ms
V/HttpDownLoad( 1250): InputStream_input--->libcore.net.http.FixedLengthInputStream@416cf980
I/FileUtils( 1250): mkdirPath--->/data/data/com.coship.netfirmware/
I/FileUtils( 1250): createNewFilePath--->/data/data/com.coship.netfirmware/versioncode.dat
I/FileUtils( 1250): file--->versioncode.dat
I/HttpDownLoad( 1250): resultFile--->/data/data/com.coship.netfirmware/versioncode.dat
D/dalvikvm( 1657): GC_CONCURRENT freed 714K, 62% free 2957K/7747K, paused 2ms+3ms
I/NetFirmwareService( 1250): v--->211321
I/NetFirmwareService( 1250): q--->00001
I/NetFirmwareService( 1250): c--->00001
I/FileUtils( 1250): mkFilePath--->/data/data/com.coship.netfirmware/description_211321.dat
D/dalvikvm( 1657): GC_CONCURRENT freed 824K, 64% free 2862K/7747K, paused 3ms+2ms
D/NetUpdate( 2247): progressValue--->0
D/NetUpdate( 2247): mWriteSD--->true
D/NetUpdate( 2247): mBootCheckZipExist--->false
V/HttpDownLoad( 1250): InputStream_input--->libcore.net.http.FixedLengthInputStream@41730c30
I/FileUtils( 1250): mkdirPath--->/data/data/com.coship.netfirmware/
I/FileUtils( 1250): createNewFilePath--->/data/data/com.coship.netfirmware/description_211321.dat
I/FileUtils( 1250): file--->description_211321.dat
I/HttpDownLoad( 1250): resultFile--->/data/data/com.coship.netfirmware/description_211321.dat
I/NetFirmwareService( 1250): packageSize--->181917198
I/NetFirmwareService( 1250): MD5--->D0D1693015A828A1F0274DF26141EF8C
I/NetFirmwareService( 1250): changeHistory--->1.CYWEEHTTPUDP;2.CIBN<>;3.CYWEE720*480,640*480CYWEE
V/NetFirmwareService( 1250): MSG_LOAD_DAT_STATUS_mNetUpdate--->true
D/NetFirmwareService( 1250): Network Connection Success!
D/NetFirmwareService( 1250): Upgrade File Load Success!
D/NetFirmwareService( 1250): serverURL = www.stp_firmware.coship.com
D/NetFirmwareService( 1250): CheckUpgradeTimer mCheckTime = 5
D/NetFirmwareService( 1250): startTimer
D/NetFirmwareService( 1250): removeTimer
E/fbdev   ( 1021): Attention! GFLIP time out, force update gop ring buffer!
D/dalvikvm( 1657): GC_CONCURRENT freed 707K, 62% free 3009K/7747K, paused 3ms+5ms
E/fbdev   ( 1021): Attention! GFLIP time out, force update gop ring buffer!
D/dalvikvm( 1657): GC_CONCURRENT freed 912K, 64% free 2835K/7747K, paused 2ms+2ms
E/fbdev   ( 1021): Attention! GFLIP time out, force update gop ring buffer!
E/fbdev   ( 1021): Attention! GFLIP time out, force update gop ring buffer!
D/NetUpdate( 2247): progressValue--->0
D/NetUpdate( 2247): mWriteSD--->true
D/NetUpdate( 2247): mBootCheckZipExist--->false
E/fbdev   ( 1021): Attention! GFLIP time out, force update gop ring buffer!
E/fbdev   ( 1021): Attention! GFLIP time out, force update gop ring buffer!
E/fbdev   ( 1021): Attention! GFLIP time out, force update gop ring buffer!
E/fbdev   ( 1021): Attention! GFLIP time out, force update gop ring buffer!
E/fbdev   ( 1021): Attention! GFLIP time out, force update gop ring buffer!
D/NetUpdate( 2247): progressValue--->0
D/NetUpdate( 2247): mWriteSD--->true
D/NetUpdate( 2247): mBootCheckZipExist--->false
E/fbdev   ( 1021): Attention! GFLIP time out, force update gop ring buffer!
E/fbdev   ( 1021): Attention! GFLIP time out, force update gop ring buffer!
E/fbdev   ( 1021): Attention! GFLIP time out, force update gop ring buffer!
E/fbdev   ( 1021): Attention! GFLIP time out, force update gop ring buffer!
E/fbdev   ( 1021): Attention! GFLIP time out, force update gop ring buffer!
D/NetUpdate( 2247): progressValue--->0
D/NetUpdate( 2247): mWriteSD--->true
D/NetUpdate( 2247): mBootCheckZipExist--->false
D/dalvikvm( 1657): GC_CONCURRENT freed 685K, 64% free 2834K/7747K, paused 2ms+3ms
E/fbdev   ( 1021): Attention! GFLIP time out, force update gop ring buffer!
E/fbdev   ( 1021): Attention! GFLIP time out, force update gop ring buffer!
E/fbdev   ( 1021): Attention! GFLIP time out, force update gop ring buffer!
E/fbdev   ( 1021): Attention! GFLIP time out, force update gop ring buffer!
E/fbdev   ( 1021): Attention! GFLIP time out, force update gop ring buffer!
D/NetUpdate( 2247): progressValue--->0
D/NetUpdate( 2247): mWriteSD--->true
D/NetUpdate( 2247): mBootCheckZipExist--->false
E/fbdev   ( 1021): Attention! GFLIP time out, force update gop ring buffer!
E/fbdev   ( 1021): Attention! GFLIP time out, force update gop ring buffer!
E/fbdev   ( 1021): Attention! GFLIP time out, force update gop ring buffer!
E/fbdev   ( 1021): Attention! GFLIP time out, force update gop ring buffer!
E/fbdev   ( 1021): Attention! GFLIP time out, force update gop ring buffer!
D/NetUpdate( 2247): progressValue--->0
D/NetUpdate( 2247): mWriteSD--->true
D/NetUpdate( 2247): mBootCheckZipExist--->false
E/fbdev   ( 1021): Attention! GFLIP time out, force update gop ring buffer!
D/NetFirmwareService( 1250): MSG_CREATE_CHECK_THREAD
D/NetFirmwareService( 1250): MSG_GET_VERSION_CODE
D/NetFirmwareService( 1250): Download URL = http://update.coship.com/update/system/S1001/002104/versioncode.dat
D/NetFirmwareService( 1250): Save file in path = /data/data/com.coship.netfirmware/temp.dat
D/NetFirmwareService( 1250): Set download thread number = 2
D/DownloadTask( 1250): mDesFilePath =/data/data/com.coship.netfirmware/temp.dat
D/DownloadTask( 1250): mRecordFile =/data/data/com.coship.netfirmware/temp.dat.cdl.Record
D/DownloadTask( 1250): mfilePath =/data/data/com.coship.netfirmware/temp.dat.cdl
D/NetUpdate( 2247): progressValue--->0
D/NetUpdate( 2247): mWriteSD--->true
D/NetUpdate( 2247): mBootCheckZipExist--->false
I/DownloadTask( 1250): Server:Apache-Coyote/1.1
I/DownloadTask( 1250): Accept-Ranges:bytes
I/DownloadTask( 1250): ETag:W/"33-1366720666000"
I/DownloadTask( 1250): Last-Modified:Tue, 23 Apr 2013 12:37:46 GMT
I/DownloadTask( 1250): Content-Length:33
I/DownloadTask( 1250): Date:Wed, 24 Apr 2013 10:59:42 GMT
I/DownloadTask( 1250): Powered-By-ChinaCache:MISS from CHN-JY-4-3k4
I/DownloadTask( 1250): Connection:close
D/dalvikvm( 1657): GC_CONCURRENT freed 675K, 64% free 2862K/7747K, paused 2ms+2ms
D/DownloadTask( 1250): server accept range
D/DownloadTask( 1250): initTaskRecord currentSize=-1
D/DownloadTask( 1250): totalSize=-1
D/DownloadTask( 1250): magicID=abc
D/DownloadTask( 1250): mCurrentSize=0
D/DownloadTask( 1250): mTotalSize=33
D/DownloadTask( 1250): mMagicID=null
D/DownloadTask( 1250): The record is invalid, need reset record
D/WriteDataInStorageThread( 1250): write file name = /data/data/com.coship.netfirmware/temp.dat.cdl
D/NetUpdate( 2247): progressValue--->0
D/NetUpdate( 2247): mWriteSD--->true
D/NetUpdate( 2247): mBootCheckZipExist--->false
D/dalvikvm( 1250): GC_FOR_ALLOC freed 2575K, 59% free 4509K/10819K, paused 22ms
V/DownloadTask( 1250): finishedThreadNum--->0
V/DownloadTask( 1250): mThreadNum--->2
D/NetFirmwareService( 1250): DownloadConstants.TASK_STATUS_RUNNING
D/NetFirmwareService( 1250): MSG_VER_CODE_STATUS_CHANGE
D/NetFirmwareService( 1250): MSG_VER_CODE_STATUS_CHANGE
E/fbdev   ( 1021): Attention! GFLIP time out, force update gop ring buffer!
D/dalvikvm( 1657): GC_CONCURRENT freed 706K, 64% free 2863K/7747K, paused 3ms+2ms
E/fbdev   ( 1021): Attention! GFLIP time out, force update gop ring buffer!
D/DownloadThread( 1250): statusCode--->206
V/DownloadThread( 1250): Accept-Ranges: bytes
V/DownloadThread( 1250): Content-Disposition: null
V/DownloadThread( 1250): Content-Length: 16
V/DownloadThread( 1250): Content-Location: null
V/DownloadThread( 1250): ETag: W/"33-1366720666000"
V/DownloadThread( 1250): Transfer-Encoding: null
V/DownloadThread( 1250): read_front--->
V/DownloadThread( 1250): read_bytesRead--->16
V/DownloadThread( 1250): read_front--->
V/DownloadThread( 1250): read_bytesRead--->-1
D/DownloadThread( 1250): write the last data in storage.
D/WriteDataInStorageThread( 1250): sendDataInStack --data length =16 offset =0 file name = filePart0
D/DownloadThread( 1250): filePart0 final status: 491
D/WriteDataInStorageThread( 1250): write data  Pos=0   Length =16  Thread =filePart0
E/fbdev   ( 1021): Attention! GFLIP time out, force update gop ring buffer!
V/DownloadTask( 1250): finishedThreadNum--->1
V/DownloadTask( 1250): mThreadNum--->2
D/NetFirmwareService( 1250): DownloadConstants.TASK_STATUS_RUNNING
D/NetFirmwareService( 1250): MSG_VER_CODE_STATUS_CHANGE
D/dalvikvm( 1657): GC_CONCURRENT freed 703K, 64% free 2861K/7747K, paused 3ms+3ms
E/fbdev   ( 1021): Attention! GFLIP time out, force update gop ring buffer!
D/dalvikvm( 1657): GC_CONCURRENT freed 704K, 64% free 2860K/7747K, paused 2ms+3ms
E/fbdev   ( 1021): Attention! GFLIP time out, force update gop ring buffer!
D/NetUpdate( 2247): progressValue--->0
D/NetUpdate( 2247): mWriteSD--->true
D/NetUpdate( 2247): mBootCheckZipExist--->false
V/DownloadTask( 1250): finishedThreadNum--->1
V/DownloadTask( 1250): mThreadNum--->2
D/NetFirmwareService( 1250): DownloadConstants.TASK_STATUS_RUNNING
D/NetFirmwareService( 1250): MSG_VER_CODE_STATUS_CHANGE
E/fbdev   ( 1021): Attention! GFLIP time out, force update gop ring buffer!
D/dalvikvm( 1657): GC_CONCURRENT freed 706K, 64% free 2862K/7747K, paused 3ms+3ms
E/fbdev   ( 1021): Attention! GFLIP time out, force update gop ring buffer!
E/fbdev   ( 1021): Attention! GFLIP time out, force update gop ring buffer!
V/DownloadTask( 1250): finishedThreadNum--->1
V/DownloadTask( 1250): mThreadNum--->2
D/NetFirmwareService( 1250): DownloadConstants.TASK_STATUS_RUNNING
D/NetFirmwareService( 1250): MSG_VER_CODE_STATUS_CHANGE
E/fbdev   ( 1021): Attention! GFLIP time out, force update gop ring buffer!
E/fbdev   ( 1021): Attention! GFLIP time out, force update gop ring buffer!
D/NetUpdate( 2247): progressValue--->0
D/NetUpdate( 2247): mWriteSD--->true
D/NetUpdate( 2247): mBootCheckZipExist--->false
V/DownloadTask( 1250): finishedThreadNum--->1
V/DownloadTask( 1250): mThreadNum--->2
D/NetFirmwareService( 1250): DownloadConstants.TASK_STATUS_RUNNING
D/NetFirmwareService( 1250): MSG_VER_CODE_STATUS_CHANGE
E/fbdev   ( 1021): Attention! GFLIP time out, force update gop ring buffer!
E/fbdev   ( 1021): Attention! GFLIP time out, force update gop ring buffer!
E/fbdev   ( 1021): Attention! GFLIP time out, force update gop ring buffer!
V/DownloadTask( 1250): finishedThreadNum--->1
V/DownloadTask( 1250): mThreadNum--->2
D/NetFirmwareService( 1250): DownloadConstants.TASK_STATUS_RUNNING
D/NetFirmwareService( 1250): MSG_VER_CODE_STATUS_CHANGE
E/fbdev   ( 1021): Attention! GFLIP time out, force update gop ring buffer!
D/dalvikvm( 1657): GC_CONCURRENT freed 705K, 64% free 2863K/7747K, paused 2ms+3ms
E/fbdev   ( 1021): Attention! GFLIP time out, force update gop ring buffer!
D/NetUpdate( 2247): progressValue--->0
D/NetUpdate( 2247): mWriteSD--->true
D/NetUpdate( 2247): mBootCheckZipExist--->false
V/DownloadTask( 1250): finishedThreadNum--->1
V/DownloadTask( 1250): mThreadNum--->2
D/NetFirmwareService( 1250): DownloadConstants.TASK_STATUS_RUNNING
D/NetFirmwareService( 1250): MSG_VER_CODE_STATUS_CHANGE
D/CheckNetWork( 1644): isOk true
D/CheckNetWork( 1644): ActInfoNetworkInfo: type: WIFI[], state: CONNECTED/CONNECTED, reason: (unspecified), extra: (none), roaming: false, failover: false, isAvailable: true
D/CheckNetWork( 1644): infoNetworkInfo: type: WIFI[], state: CONNECTED/CONNECTED, reason: (unspecified), extra: (none), roaming: false, failover: false, isAvailable: true
E/fbdev   ( 1021): Attention! GFLIP time out, force update gop ring buffer!
E/fbdev   ( 1021): Attention! GFLIP time out, force update gop ring buffer!
D/HomePlayerLib( 1657): hostaddress count is 1
D/dalvikvm( 1657): GC_CONCURRENT freed 723K, 63% free 2867K/7747K, paused 2ms+3ms
D/DownloadThread( 1250): statusCode--->206
V/DownloadThread( 1250): Accept-Ranges: bytes
V/DownloadThread( 1250): Content-Disposition: null
V/DownloadThread( 1250): Content-Length: 17
V/DownloadThread( 1250): Content-Location: null
V/DownloadThread( 1250): ETag: W/"33-1366720666000"
V/DownloadThread( 1250): Transfer-Encoding: null
V/DownloadThread( 1250): read_front--->
V/DownloadThread( 1250): read_bytesRead--->17
V/DownloadThread( 1250): read_front--->
V/DownloadThread( 1250): read_bytesRead--->-1
D/DownloadThread( 1250): write the last data in storage.
D/WriteDataInStorageThread( 1250): sendDataInStack --data length =17 offset =16 file name = filePart1
D/WriteDataInStorageThread( 1250): write data  Pos=16   Length =17  Thread =filePart1
D/DownloadThread( 1250): filePart1 final status: 491
D/dalvikvm( 1657): GC_CONCURRENT freed 716K, 62% free 2963K/7747K, paused 2ms+3ms
E/fbdev   ( 1021): Attention! GFLIP time out, force update gop ring buffer!
V/DownloadTask( 1250): finishedThreadNum--->2
V/DownloadTask( 1250): mThreadNum--->2
D/DownloadTask( 1250): src file = /data/data/com.coship.netfirmware/temp.dat.cdl --- des file=/data/data/com.coship.netfirmware/temp.dat
D/NetFirmwareService( 1250): DownloadConstants.TASK_STATUS_COMPLETED
D/NetFirmwareService( 1250): MSG_VER_CODE_STATUS_CHANGE
D/NetFirmwareService( 1250): MSG_CHECK_VERSION_CODE
D/NetFirmwareService( 1250): checkVersionCode
D/NetFirmwareService( 1250): analysisVersionCodeData
D/NetFirmwareService( 1250): open file error
I/NetFirmwareService( 1250): mVersionCodeFile--->34
D/NetFirmwareService( 1250): verCode = 0
D/NetFirmwareService( 1250): Description URL = null
D/NetFirmwareService( 1250): MSG_GET_DESCRIPTION
D/NetFirmwareService( 1250): Download URL = http://update.coship.com/update/system/S1001/002104/description_211321.dat
D/NetFirmwareService( 1250): Save file in path = /data/data/com.coship.netfirmware/temp.dat
D/NetFirmwareService( 1250): Set download thread number = 2
D/DownloadTask( 1250): mDesFilePath =/data/data/com.coship.netfirmware/temp.dat
D/DownloadTask( 1250): mRecordFile =/data/data/com.coship.netfirmware/temp.dat.cdl.Record
D/DownloadTask( 1250): mfilePath =/data/data/com.coship.netfirmware/temp.dat.cdl
D/dalvikvm( 1250): GC_CONCURRENT freed 297K, 49% free 5614K/10819K, paused 1ms+1ms
D/dalvikvm( 1657): GC_CONCURRENT freed 849K, 62% free 2959K/7747K, paused 3ms+2ms
D/dalvikvm( 1657): GC_CONCURRENT freed 840K, 63% free 2867K/7747K, paused 2ms+2ms
I/DownloadTask( 1250): Server:Apache-Coyote/1.1
I/DownloadTask( 1250): Accept-Ranges:bytes
I/DownloadTask( 1250): ETag:W/"363-1366720508000"
I/DownloadTask( 1250): Last-Modified:Tue, 23 Apr 2013 12:35:08 GMT
I/DownloadTask( 1250): Content-Length:363
I/DownloadTask( 1250): Date:Wed, 24 Apr 2013 10:59:47 GMT
I/DownloadTask( 1250): Powered-By-ChinaCache:MISS from CHN-JY-4-3k4
I/DownloadTask( 1250): Connection:close
D/NetUpdate( 2247): progressValue--->0
D/NetUpdate( 2247): mWriteSD--->true
D/NetUpdate( 2247): mBootCheckZipExist--->false
D/dalvikvm( 1657): GC_CONCURRENT freed 719K, 64% free 2864K/7747K, paused 2ms+3ms
D/dalvikvm( 1657): GC_CONCURRENT freed 709K, 64% free 2858K/7747K, paused 2ms+2ms
D/DownloadTask( 1250): server accept range
D/DownloadTask( 1250): initTaskRecord currentSize=-1
D/DownloadTask( 1250): totalSize=-1
D/DownloadTask( 1250): magicID=abc
D/DownloadTask( 1250): mCurrentSize=0
D/DownloadTask( 1250): mTotalSize=363
D/DownloadTask( 1250): mMagicID=null
D/DownloadTask( 1250): The record is invalid, need reset record
D/WriteDataInStorageThread( 1250): write file name = /data/data/com.coship.netfirmware/temp.dat.cdl
D/dalvikvm( 1250): GC_FOR_ALLOC freed 1516K, 59% free 4495K/10819K, paused 18ms
V/DownloadTask( 1250): finishedThreadNum--->0
V/DownloadTask( 1250): mThreadNum--->2
D/NetFirmwareService( 1250): MSG_DESCRIPT_STATUS_CHANGE
D/NetFirmwareService( 1250): MSG_DESCRIPT_STATUS_CHANGE
D/dalvikvm( 1250): GC_CONCURRENT freed 234K, 50% free 5496K/10819K, paused 1ms+2ms
E/fbdev   ( 1021): Attention! GFLIP time out, force update gop ring buffer!
E/fbdev   ( 1021): Attention! GFLIP time out, force update gop ring buffer!
E/fbdev   ( 1021): Attention! GFLIP time out, force update gop ring buffer!
D/DownloadThread( 1250): statusCode--->206
V/DownloadThread( 1250): Accept-Ranges: bytes
V/DownloadThread( 1250): Content-Disposition: null
V/DownloadThread( 1250): Content-Length: 181
V/DownloadThread( 1250): Content-Location: null
V/DownloadThread( 1250): ETag: W/"363-1366720508000"
V/DownloadThread( 1250): Transfer-Encoding: null
D/DownloadThread( 1250): statusCode--->206
V/DownloadThread( 1250): Accept-Ranges: bytes
V/DownloadThread( 1250): read_front--->
V/DownloadThread( 1250): Content-Disposition: null
V/DownloadThread( 1250): Content-Length: 182
V/DownloadThread( 1250): Content-Location: null
V/DownloadThread( 1250): ETag: W/"363-1366720508000"
V/DownloadThread( 1250): Transfer-Encoding: null
V/DownloadThread( 1250): read_front--->
V/DownloadThread( 1250): read_bytesRead--->182
V/DownloadThread( 1250): read_front--->
V/DownloadThread( 1250): read_bytesRead--->181
V/DownloadThread( 1250): read_bytesRead--->-1
V/DownloadThread( 1250): read_front--->
D/DownloadThread( 1250): write the last data in storage.
D/WriteDataInStorageThread( 1250): sendDataInStack --data length =182 offset =181 file name = filePart1
V/DownloadThread( 1250): read_bytesRead--->-1
D/DownloadThread( 1250): write the last data in storage.
D/DownloadThread( 1250): filePart1 final status: 491
D/WriteDataInStorageThread( 1250): sendDataInStack --data length =181 offset =0 file name = filePart0
D/DownloadThread( 1250): filePart0 final status: 491
D/WriteDataInStorageThread( 1250): write data  Pos=181   Length =182  Thread =filePart1
V/DownloadTask( 1250): finishedThreadNum--->2
V/DownloadTask( 1250): mThreadNum--->2
D/NetFirmwareService( 1250): MSG_DESCRIPT_STATUS_CHANGE
D/NetUpdate( 2247): progressValue--->0
D/NetUpdate( 2247): mWriteSD--->true
D/NetUpdate( 2247): mBootCheckZipExist--->false
E/fbdev   ( 1021): Attention! GFLIP time out, force update gop ring buffer!
E/fbdev   ( 1021): Attention! GFLIP time out, force update gop ring buffer!
V/DownloadTask( 1250): finishedThreadNum--->2
V/DownloadTask( 1250): mThreadNum--->2
D/NetFirmwareService( 1250): MSG_DESCRIPT_STATUS_CHANGE
D/WriteDataInStorageThread( 1250): write data  Pos=0   Length =181  Thread =filePart0
E/fbdev   ( 1021): Attention! GFLIP time out, force update gop ring buffer!
E/fbdev   ( 1021): Attention! GFLIP time out, force update gop ring buffer!
E/fbdev   ( 1021): Attention! GFLIP time out, force update gop ring buffer!
V/DownloadTask( 1250): finishedThreadNum--->2
V/DownloadTask( 1250): mThreadNum--->2
W/DownloadTask( 1250): There has a file named /data/data/com.coship.netfirmware/temp.dat already
D/DownloadTask( 1250): src file = /data/data/com.coship.netfirmware/temp.dat.cdl --- des file=/data/data/com.coship.netfirmware/temp.dat
D/NetFirmwareService( 1250): DownloadConstants.TASK_STATUS_COMPLETED
D/NetFirmwareService( 1250): MSG_DESCRIPT_STATUS_CHANGE
D/NetFirmwareService( 1250): MSG_CHECK_DESCRIPTION
D/NetFirmwareService( 1250): The description info is valid
D/NetFirmwareService( 1250): The description version code = 0
D/NetFirmwareService( 1250): The description machine ID = 0
D/NetFirmwareService( 1250): The description hardware ID = 0
V/NetFirmwareService( 1250): temp.getName()--->temp.dat
D/NetUpdate( 2247): progressValue--->0
D/NetUpdate( 2247): mWriteSD--->true
D/NetUpdate( 2247): mBootCheckZipExist--->false
E/fbdev   ( 1021): Attention! GFLIP time out, force update gop ring buffer!
E/fbdev   ( 1021): Attention! GFLIP time out, force update gop ring buffer!
V/TabletStatusBar( 1140): setLightsOn(true)
E/fbdev   ( 1021): Attention! GFLIP time out, force update gop ring buffer!
E/fbdev   ( 1021): Attention! GFLIP time out, force update gop ring buffer!
E/fbdev   ( 1021): Attention! GFLIP time out, force update gop ring buffer!
E/fbdev   ( 1021): Attention! GFLIP time out, force update gop ring buffer!
E/fbdev   ( 1021): Attention! GFLIP time out, force update gop ring buffer!
E/fbdev   ( 1021): Attention! GFLIP time out, force update gop ring buffer!
E/fbdev   ( 1021): Attention! GFLIP time out, force update gop ring buffer!
E/fbdev   ( 1021): Attention! GFLIP time out, force update gop ring buffer!
E/fbdev   ( 1021): Attention! GFLIP time out, force update gop ring buffer!
E/fbdev   ( 1021): Attention! GFLIP time out, force update gop ring buffer!
E/fbdev   ( 1021): Attention! GFLIP time out, force update gop ring buffer!
E/fbdev   ( 1021): Attention! GFLIP time out, force update gop ring buffer!
E/fbdev   ( 1021): Attention! GFLIP time out, force update gop ring buffer!
E/fbdev   ( 1021): Attention! GFLIP time out, force update gop ring buffer!
E/fbdev   ( 1021): Attention! GFLIP time out, force update gop ring buffer!
E/fbdev   ( 1021): Attention! GFLIP time out, force update gop ring buffer!
V/NetFirmwareService( 1250): /update/*.FileNum--->0
V/NetFirmwareService( 1250): No Higher!
D/NetUpdate( 2247): progressValue--->0
D/NetUpdate( 2247): mWriteSD--->true
D/NetUpdate( 2247): mBootCheckZipExist--->false
I/NetFirmwareService( 1250): initPromtDialog_SHOW!
E/WindowManager(  937): Unknown window type: 2131099651
V/TabletStatusBar( 1140): setLightsOn(true)
E/fbdev   ( 1021): Attention! GFLIP time out, force update gop ring buffer!
E/fbdev   ( 1021): Attention! GFLIP time out, force update gop ring buffer!
W/InputManagerService(  937): Starting input on non-focused client com.android.internal.view.IInputMethodClient$Stub$Proxy@4157c628 (uid=1000 pid=2247)
E/fbdev   ( 1021): Attention! GFLIP time out, force update gop ring buffer!
E/fbdev   ( 1021): Attention! GFLIP time out, force update gop ring buffer!
E/fbdev   ( 1021): Attention! GFLIP time out, force update gop ring buffer!
D/NetUpdate( 2247): progressValue--->0
D/NetUpdate( 2247): mWriteSD--->true
D/NetUpdate( 2247): mBootCheckZipExist--->false
E/fbdev   ( 1021): Attention! GFLIP time out, force update gop ring buffer!
E/fbdev   ( 1021): Attention! GFLIP time out, force update gop ring buffer!
E/fbdev   ( 1021): Attention! GFLIP time out, force update gop ring buffer!
E/fbdev   ( 1021): Attention! GFLIP time out, force update gop ring buffer!
E/fbdev   ( 1021): Attention! GFLIP time out, force update gop ring buffer!
E/fbdev   ( 1021): Attention! GFLIP time out, force update gop ring buffer!
E/fbdev   ( 1021): Attention! GFLIP time out, force update gop ring buffer!
E/fbdev   ( 1021): Attention! GFLIP time out, force update gop ring buffer!
E/fbdev   ( 1021): Attention! GFLIP time out, force update gop ring buffer!
E/fbdev   ( 1021): Attention! GFLIP time out, force update gop ring buffer!
E/fbdev   ( 1021): Attention! GFLIP time out, force update gop ring buffer!
E/fbdev   ( 1021): Attention! GFLIP time out, force update gop ring buffer!
E/fbdev   ( 1021): Attention! GFLIP time out, force update gop ring buffer!
D/NetUpdate( 2247): progressValue--->0
D/NetUpdate( 2247): mWriteSD--->true
D/NetUpdate( 2247): mBootCheckZipExist--->false
D/NetUpdate( 2247): progressValue--->0
D/NetUpdate( 2247): mWriteSD--->true
D/NetUpdate( 2247): mBootCheckZipExist--->false
E/CACHE   ( 1872): cleared
I/zomut.watchdog.monitor( 1872): initgather
D/dalvikvm( 1872): GC_CONCURRENT freed 1956K, 46% free 6856K/12547K, paused 3ms+4ms
I/zomut.watchdog.monitor( 1872): endgather
I/zomut.watchdog.monitor( 1872): init
I/zomut.watchdog.monitor( 1872): end
D/NetUpdate( 2247): progressValue--->0
D/NetUpdate( 2247): mWriteSD--->true
D/NetUpdate( 2247): mBootCheckZipExist--->false
D/NetUpdate( 2247): progressValue--->0
D/NetUpdate( 2247): mWriteSD--->true
D/NetUpdate( 2247): mBootCheckZipExist--->false
D/dalvikvm( 1657): GC_CONCURRENT freed 705K, 64% free 2863K/7747K, paused 2ms+3ms
D/dalvikvm( 1657): GC_CONCURRENT freed 707K, 64% free 2862K/7747K, paused 2ms+2ms
D/HomePlayerLib( 1657): hostaddress count is 1
D/dalvikvm( 1657): GC_CONCURRENT freed 721K, 62% free 2951K/7747K, paused 2ms+2ms
D/NetUpdate( 2247): progressValue--->0
D/NetUpdate( 2247): mWriteSD--->true
D/NetUpdate( 2247): mBootCheckZipExist--->false
D/dalvikvm( 1657): GC_CONCURRENT freed 823K, 62% free 2972K/7747K, paused 3ms+2ms
D/dalvikvm( 1657): GC_CONCURRENT freed 838K, 63% free 2907K/7747K, paused 2ms+3ms
D/dalvikvm( 1657): GC_CONCURRENT freed 775K, 64% free 2836K/7747K, paused 2ms+2ms
D/dalvikvm( 1657): GC_CONCURRENT freed 676K, 63% free 2877K/7747K, paused 2ms+2ms
D/NetUpdate( 2247): progressValue--->0
D/NetUpdate( 2247): mWriteSD--->true
D/NetUpdate( 2247): mBootCheckZipExist--->false
D/NetUpdate( 2247): progressValue--->0
D/NetUpdate( 2247): mWriteSD--->true
D/NetUpdate( 2247): mBootCheckZipExist--->false
D/NetUpdate( 2247): progressValue--->0
D/NetUpdate( 2247): mWriteSD--->true
D/NetUpdate( 2247): mBootCheckZipExist--->false
D/NetUpdate( 2247): progressValue--->0
D/NetUpdate( 2247): mWriteSD--->true
D/NetUpdate( 2247): mBootCheckZipExist--->false
D/NetUpdate( 2247): progressValue--->0
D/NetUpdate( 2247): mWriteSD--->true
D/NetUpdate( 2247): mBootCheckZipExist--->false
D/dalvikvm( 1657): GC_CONCURRENT freed 741K, 64% free 2832K/7747K, paused 2ms+2ms
D/NetUpdate( 2247): progressValue--->0
D/NetUpdate( 2247): mWriteSD--->true
D/NetUpdate( 2247): mBootCheckZipExist--->false
D/dalvikvm( 1657): GC_CONCURRENT freed 667K, 64% free 2862K/7747K, paused 2ms+3ms
D/dalvikvm( 1657): GC_CONCURRENT freed 703K, 64% free 2862K/7747K, paused 2ms+2ms
D/dalvikvm( 1657): GC_CONCURRENT freed 705K, 64% free 2860K/7747K, paused 2ms+3ms
D/dalvikvm( 1657): GC_CONCURRENT freed 704K, 64% free 2860K/7747K, paused 2ms+3ms
D/NetUpdate( 2247): progressValue--->0
D/NetUpdate( 2247): mWriteSD--->true
D/NetUpdate( 2247): mBootCheckZipExist--->false
D/NetUpdate( 2247): progressValue--->0
D/NetUpdate( 2247): mWriteSD--->true
D/NetUpdate( 2247): mBootCheckZipExist--->false

[  196.657381] IR: [03932] scan key value is 0xec13c936 
[  196.657386]  
[  196.709963] IR: [03932] scan key value is 0xec13c936 
[  196.709968]  V/TabletStatusBar( 1140): setLightsOn(true)
E/fbdev   ( 1021): Attention! GFLIP time out, force update gop ring buffer!
E/fbdev   ( 1021): Attention! GFLIP time out, force update gop ring buffer!
E/fbdev   ( 1021): Attention! GFLIP time out, force update gop ring buffer!
E/fbdev   ( 1021): Attention! GFLIP time out, force update gop ring buffer!
E/fbdev   ( 1021): Attention! GFLIP time out, force update gop ring buffer!
E/fbdev   ( 1021): Attention! GFLIP time out, force update gop ring buffer!
E/fbdev   ( 1021): Attention! GFLIP time out, force update gop ring buffer!
E/fbdev   ( 1021): Attention! GFLIP time out, force update gop ring buffer!
E/fbdev   ( 1021): Attention! GFLIP time out, force update gop ring buffer!
E/fbdev   ( 1021): Attention! GFLIP time out, force update gop ring buffer!
E/fbdev   ( 1021): Attention! GFLIP time out, force update gop ring buffer!
E/fbdev   ( 1021): Attention! GFLIP time out, force update gop ring buffer!
E/fbdev   ( 1021): Attention! GFLIP time out, force update gop ring buffer!
E/fbdev   ( 1021): Attention! GFLIP time out, force update gop ring buffer!
E/fbdev   ( 1021): Attention! GFLIP time out, force update gop ring buffer!
E/fbdev   ( 1021): Attention! GFLIP time out, force update gop ring buffer!
D/UpdateInstallAppStatusTimerTask( 2100):  ------:: UpdateInstallAppStatusTimerTask execute...
D/NetUpdate( 2247): progressValue--->0
D/NetUpdate( 2247): mWriteSD--->true
D/NetUpdate( 2247): mBootCheckZipExist--->false
D/AppInfoDao( 2100):  ------:: Can not find record in database by application packageName com.da
[  197.365623] IR: [03932] scan key value is 0xec13c936 
[  197.365628]  zhihui.gpad
D/AppInfoDao( 2100):  ------:: Can not find record in database by application packageName com.digitalchocolate.rollnyfull
D/AppInfoDao( 2100):  ------:: Can not find record in database by application packageName com.funzio.crimecity
D/AppInfoDao( 2100):  ------:: Can not find record in database by application packageName com.jakyl.geproxhd

[  197.418209] IR: [03932] scan key value is 0xec13c936 
[  197.418213]  D/MyAppInfoService( 2100):  ------:: appInfoEntityTemp = AppInfoEntity:[id=1,appId=b2853cb7ce8644e58049c904ae41e986,packageName=com.netease.vopen.tablet,typeName=,appName=netease,version=1.0.4,size=2137847,price=0.0,language=zh,developer=netease,publishTime=null,downloadTimes=0,averageScore=0.0,description=com.netease.vopen.tablet-1.apk,installStatus=2,updateStatus=1,downloadStatus=5]
D/MyAppInfoService( 2100):  ------:: appInfoEntityTemp.getCommentSize() = 0
D/AppInfoDao( 2100):  ------:: Can not find record in database by application packageName com.pixle.bord
D/AppInfoDao( 2100):  ------:: Can not find record in database by application packageName com.ratrodstudio.driftmanialite
D/MyAppInfoService( 2100):  ------:: appInfoEntityTemp = AppInfoEntity:[id=2,appId=36fc0a2a0251491aaa2e2446c88feb85,packageName=com.sina.weibotab,typeName=,appName=,version=2.5.6,size=6540650,price=0.0,language=zh,developer=null,publishTime=null,downloadTimes=0,averageScore=0.0,description=,installStatus=2,updateStatus=1,downloadStatus=5]
D/MyAppInfoService( 2100):  ------:: appInfoEntityTemp.getCommentSize() = 0
D/AppInfo ( 2100):  ------:: str = null
D/AppInfoDao( 2100):  ------:: Can not find record in database by application packageName com.sinyee.babybus.abc
D/AppInfoDao( 2100):  ------:: Can not find record in database by application packageName com.sinyee.babybus.number
D/AppInfoDao( 2100):  ------:: Can not find record in database by application packageName com.sinyee.babybus.season
D/AppInfoDao( 2100):  ------:: Can not find record in database by application packageName com.sinyee.babybus.vegetable
D/AppInfoDao( 2100):  ------:: Can not find record in database by application packageName com.sinyee.education.color_new
D/AppInfoDao( 2100):  ------:: Can not find record in database by application packageName com.sinyee.education.shape
D/AppInfoDao( 2100):  ------:: Can not find record in database by application packageName com.twodboy.worldofgoofull
D/AppInfoDao( 2100):  ------:: Can not find record in database by application packageName com.woanlianta.thunderracing
V/NetFirmwareService( 1250): onStartCommand
V/NetFirmwareService( 1250): intent--->Intent { act=com.coship.netfirmware.NetFirmwareService (has extras) }
V/NetFirmwareService( 1250): Network is connected!
I/NetFirmwareService( 1250): initPromtDialog_SHOW!
E/WindowManager(  937): Unknown window type: 2131099651
D/MyAppInfoService( 2100):  ------:: appInfoEntityTemp = AppInfoEntity:[id=3,appId=40288a913e11a021013e3aeb27bf02c5,packageName=com.youku.tv,typeName=,appName=youku,version=1.5.2,size=4310795,price=0.0,language=zh,developer=youku,publishTime=null,downloadTimes=1,averageScore=0.0,description=Android PadAndroid Pad,installStatus=2,updateStatus=1,downloadStatus=5]
V/TabletStatusBar( 1140): setLightsOn(true)
D/MyAppInfoService( 2100):  ------:: appInfoEntityTemp.getCommentSize() = 0
E/fbdev   ( 1021): Attention! GFLIP time out, force update gop ring buffer!
W/InputManagerService(  937): Starting input on non-focused client com.android.internal.view.IInputMethodClient$Stub$Proxy@4157c628 (uid=1000 pid=2247)
E/fbdev   ( 1021): Attention! GFLIP time out, force update gop ring buffer!
D/AppInfoDao( 2100):  ------:: Can not find record in database by application packageName com.zomut.watchdog
E/fbdev   ( 1021): Attention! GFLIP time out, force update gop ring buffer!
D/AppInfoDao( 2100):  ------:: Can not find record in database by application packageName lsh.mslug6
E/fbdev   ( 1021): Attention! GFLIP time out, force update gop ring buffer!
D/AppInfoDao( 2100):  ------:: Can not find record in database by application packageName nfpeople.com.mediapad
D/AppInfoDao( 2100):  ------:: Can not find record in database by application packageName xcxin.fehd
E/fbdev   ( 1021): Attention! GFLIP time out, force update gop ring buffer!
E/fbdev   ( 1021): Attention! GFLIP time out, force update gop ring buffer!
E/fbdev   ( 1021): Attention! GFLIP time out, force update gop ring buffer!
E/fbdev   ( 1021): Attention! GFLIP time out, force update gop ring buffer!
E/fbdev   ( 1021): Attention! GFLIP time out, force update gop ring buffer!
E/fbdev   ( 1021): Attention! GFLIP time out, force update gop ring buffer!
E/fbdev   ( 1021): Attention! GFLIP time out, force update gop ring buffer!
E/fbdev   ( 1021): Attention! GFLIP time out, force update gop ring buffer!
E/fbdev   ( 1021): Attention! GFLIP time out, force update gop ring buffer!
E/fbdev   ( 1021): Attention! GFLIP time out, force update gop ring buffer!
E/fbdev   ( 1021): Attention! GFLIP time out, force update gop ring buffer!
E/fbdev   ( 1021): Attention! GFLIP time out, force update gop ring buffer!
E/fbdev   ( 1021): Attention! GFLIP time out, force update gop ring buffer!
E/fbdev   ( 1021): Attention! GFLIP time out, force update gop ring buffer!
E/fbdev   ( 1021): Attention! GFLIP time out, force update gop ring buffer!
E/fbdev   ( 1021): Attention! GFLIP time out, force update gop ring buffer!
D/NetFirmwareService( 1250): loadZipProgress--->0
V/NetFirmwareService( 1250): mServicePath--->http://update.coship.com/update/system/S1001
I/NetFirmwareService( 1250): mHwvStr--->002104
I/NetFirmwareService( 1250): mSwv--->211321
I/FileUtils( 1250): mkFilePath--->/data/data/com.coship.netfirmware/versioncode.dat
D/NetUpdate( 2247): progressValue--->0
D/NetUpdate( 2247): mWriteSD--->true
D/NetUpdate( 2247): mBootCheckZipExist--->false
D/dalvikvm( 1657): GC_CONCURRENT freed 704K, 64% free 2863K/7747K, paused 4ms+5ms
V/HttpDownLoad( 1250): InputStream_input--->libcore.net.http.FixedLengthInputStream@41714c18
I/FileUtils( 1250): mkdirPath--->/data/data/com.coship.netfirmware/
I/FileUtils( 1250): createNewFilePath--->/data/data/com.coship.netfirmware/versioncode.dat
I/FileUtils( 1250): file--->versioncode.dat
I/HttpDownLoad( 1250): resultFile--->/data/data/com.coship.netfirmware/versioncode.dat
I/NetFirmwareService( 1250): v--->211321
I/NetFirmwareService( 1250): q--->00001
I/NetFirmwareService( 1250): c--->00001
I/FileUtils( 1250): mkFilePath--->/data/data/com.coship.netfirmware/description_211321.dat
D/dalvikvm( 1657): GC_CONCURRENT freed 705K, 64% free 2863K/7747K, paused 5ms+2ms
V/HttpDownLoad( 1250): InputStream_input--->libcore.net.http.FixedLengthInputStream@4171dc20
I/FileUtils( 1250): mkdirPath--->/data/data/com.coship.netfirmware/
I/FileUtils( 1250): createNewFilePath--->/data/data/com.coship.netfirmware/description_211321.dat
I/FileUtils( 1250): file--->description_211321.dat
I/HttpDownLoad( 1250): resultFile--->/data/data/com.coship.netfirmware/description_211321.dat
I/NetFirmwareService( 1250): packageSize--->181917198
I/NetFirmwareService( 1250): MD5--->D0D1693015A828A1F0274DF26141EF8C
I/NetFirmwareService( 1250): changeHistory--->1.CYWEEHTTPUDP;2.CIBN<>;3.CYWEE720*480,640*480CYWEE
V/NetFirmwareService( 1250): MSG_LOAD_DAT_STATUS_mNetUpdate--->true
D/NetFirmwareService( 1250): Network Connection Success!
D/NetFirmwareService( 1250): Upgrade File Load Success!
D/NetFirmwareService( 1250): serverURL = www.stp_firmware.coship.com
D/NetFirmwareService( 1250): CheckUpgradeTimer mCheckTime = 5
D/NetFirmwareService( 1250): startTimer
D/NetFirmwareService( 1250): removeTimer
E/fbdev   ( 1021): Attention! GFLIP time out, force update gop ring buffer!
D/dalvikvm( 1657): GC_CONCURRENT freed 706K, 64% free 2859K/7747K, paused 3ms+3ms
E/fbdev   ( 1021): Attention! GFLIP time out, force update gop ring buffer!
D/HomePlayerLib( 1657): hostaddress count is 1
D/dalvikvm( 1657): GC_CONCURRENT freed 844K, 64% free 2831K/7747K, paused 8ms+3ms
D/dalvikvm( 1657): GC_CONCURRENT freed 677K, 62% free 2954K/7747K, paused 2ms+3ms
E/fbdev   ( 1021): Attention! GFLIP time out, force update gop ring buffer!
D/NetUpdate( 2247): progressValue--->0
D/NetUpdate( 2247): mWriteSD--->true
D/NetUpdate( 2247): mBootCheckZipExist--->false
E/fbdev   ( 1021): Attention! GFLIP time out, force update gop ring buffer!
D/dalvikvm( 1657): GC_CONCURRENT freed 820K, 64% free 2863K/7747K, paused 2ms+2ms
D/dalvikvm( 1657): GC_CONCURRENT freed 706K, 63% free 2902K/7747K, paused 2ms+3ms
E/fbdev   ( 1021): Attention! GFLIP time out, force update gop ring buffer!
D/dalvikvm( 1657): GC_CONCURRENT freed 745K, 63% free 2901K/7747K, paused 2ms+2ms
E/fbdev   ( 1021): Attention! GFLIP time out, force update gop ring buffer!
E/fbdev   ( 1021): Attention! GFLIP time out, force update gop ring buffer!
D/dalvikvm( 1657): GC_CONCURRENT freed 759K, 64% free 2865K/7747K, paused 2ms+2ms
E/fbdev   ( 1021): Attention! GFLIP time out, force update gop ring buffer!
D/NetUpdate( 2247): progressValue--->0
D/NetUpdate( 2247): mWriteSD--->true
D/NetUpdate( 2247): mBootCheckZipExist--->false
E/fbdev   ( 1021): Attention! GFLIP time out, force update gop ring buffer!
E/fbdev   ( 1021): Attention! GFLIP time out, force update gop ring buffer!
E/fbdev   ( 1021): Attention! GFLIP time out, force update gop ring buffer!
E/fbdev   ( 1021): Attention! GFLIP time out, force update gop ring buffer!
E/fbdev   ( 1021): Attention! GFLIP time out, force update gop ring buffer!
D/NetUpdate( 2247): progressValue--->0
D/NetUpdate( 2247): mWriteSD--->true
D/NetUpdate( 2247): mBootCheckZipExist--->false
E/fbdev   ( 1021): Attention! GFLIP time out, force update gop ring buffer!
E/fbdev   ( 1021): Attention! GFLIP time out, force update gop ring buffer!
E/fbdev   ( 1021): Attention! GFLIP time out, force update gop ring buffer!
E/fbdev   ( 1021): Attention! GFLIP time out, force update gop ring buffer!
E/fbdev   ( 1021): Attention! GFLIP time out, force update gop ring buffer!
D/NetUpdate( 2247): progressValue--->0
D/NetUpdate( 2247): mWriteSD--->true
D/NetUpdate( 2247): mBootCheckZipExist--->false
E/fbdev   ( 1021): Attention! GFLIP time out, force update gop ring buffer!
E/fbdev   ( 1021): Attention! GFLIP time out, force update gop ring buffer!
E/fbdev   ( 1021): Attention! GFLIP time out, force update gop ring buffer!
E/fbdev   ( 1021): Attention! GFLIP time out, force update gop ring buffer!
E/fbdev   ( 1021): Attention! GFLIP time out, force update gop ring buffer!
D/NetUpdate( 2247): progressValue--->0
D/NetUpdate( 2247): mWriteSD--->true
D/NetUpdate( 2247): mBootCheckZipExist--->false
E/fbdev   ( 1021): Attention! GFLIP time out, force update gop ring buffer!
E/fbdev   ( 1021): Attention! GFLIP time out, force update gop ring buffer!
D/NetFirmwareService( 1250): MSG_CREATE_CHECK_THREAD
D/NetFirmwareService( 1250): MSG_GET_VERSION_CODE
D/NetFirmwareService( 1250): Download URL = http://update.coship.com/update/system/S1001/002104/versioncode.dat
D/NetFirmwareService( 1250): Save file in path = /data/data/com.coship.netfirmware/temp.dat
D/NetFirmwareService( 1250): Set download thread number = 2
D/DownloadTask( 1250): mDesFilePath =/data/data/com.coship.netfirmware/temp.dat
D/DownloadTask( 1250): mRecordFile =/data/data/com.coship.netfirmware/temp.dat.cdl.Record
D/DownloadTask( 1250): mfilePath =/data/data/com.coship.netfirmware/temp.dat.cdl
D/NetUpdate( 2247): progressValue--->0
D/NetUpdate( 2247): mWriteSD--->true
D/NetUpdate( 2247): mBootCheckZipExist--->false
D/NetUpdate( 2247): progressValue--->0
D/NetUpdate( 2247): mWriteSD--->true
D/NetUpdate( 2247): mBootCheckZipExist--->false
D/NetUpdate( 2247): progressValue--->0
D/NetUpdate( 2247): mWriteSD--->true
D/NetUpdate( 2247): mBootCheckZipExist--->false
D/NetUpdate( 2247): progressValue--->0
D/NetUpdate( 2247): mWriteSD--->true
D/NetUpdate( 2247): mBootCheckZipExist--->false
I/DownloadTask( 1250): Server:Apache-Coyote/1.1
I/DownloadTask( 1250): Accept-Ranges:bytes
I/DownloadTask( 1250): ETag:W/"33-1366720666000"
I/DownloadTask( 1250): Last-Modified:Tue, 23 Apr 2013 12:37:46 GMT
I/DownloadTask( 1250): Content-Length:33
I/DownloadTask( 1250): Date:Wed, 24 Apr 2013 11:00:13 GMT
I/DownloadTask( 1250): Powered-By-ChinaCache:MISS from CHN-JY-4-3k4
I/DownloadTask( 1250): Connection:close
D/DownloadTask( 1250): server accept range
D/DownloadTask( 1250): initTaskRecord currentSize=-1
D/DownloadTask( 1250): totalSize=-1
D/DownloadTask( 1250): magicID=abc
D/DownloadTask( 1250): mCurrentSize=0
D/DownloadTask( 1250): mTotalSize=33
D/DownloadTask( 1250): mMagicID=null
D/DownloadTask( 1250): The record is invalid, need reset record
D/WriteDataInStorageThread( 1250): write file name = /data/data/com.coship.netfirmware/temp.dat.cdl
D/dalvikvm( 1250): GC_CONCURRENT freed 2553K, 59% free 4520K/10819K, paused 2ms+2ms
V/DownloadTask( 1250): finishedThreadNum--->0
V/DownloadTask( 1250): mThreadNum--->2
D/NetFirmwareService( 1250): DownloadConstants.TASK_STATUS_RUNNING
D/NetFirmwareService( 1250): MSG_VER_CODE_STATUS_CHANGE
D/NetFirmwareService( 1250): MSG_VER_CODE_STATUS_CHANGE
E/fbdev   ( 1021): Attention! GFLIP time out, force update gop ring buffer!
E/fbdev   ( 1021): Attention! GFLIP time out, force update gop ring buffer!
E/fbdev   ( 1021): Attention! GFLIP time out, force update gop ring buffer!
D/DownloadThread( 1250): statusCode--->206
V/DownloadThread( 1250): Accept-Ranges: bytes
V/DownloadThread( 1250): Content-Disposition: null
V/DownloadThread( 1250): Content-Length: 16
V/DownloadThread( 1250): Content-Location: null
V/DownloadThread( 1250): ETag: W/"33-1366720666000"
V/DownloadThread( 1250): Transfer-Encoding: null
V/DownloadThread( 1250): read_front--->
V/DownloadThread( 1250): read_bytesRead--->16
V/DownloadThread( 1250): read_front--->
V/DownloadThread( 1250): read_bytesRead--->-1
D/DownloadThread( 1250): write the last data in storage.
D/WriteDataInStorageThread( 1250): sendDataInStack --data length =16 offset =0 file name = filePart0
D/WriteDataInStorageThread( 1250): write data  Pos=0   Length =16  Thread =filePart0
D/DownloadThread( 1250): filePart0 final status: 491
D/NetUpdate( 2247): progressValue--->0
D/NetUpdate( 2247): mWriteSD--->true
D/NetUpdate( 2247): mBootCheckZipExist--->false
V/DownloadTask( 1250): finishedThreadNum--->1
V/DownloadTask( 1250): mThreadNum--->2
D/NetFirmwareService( 1250): DownloadConstants.TASK_STATUS_RUNNING
D/NetFirmwareService( 1250): MSG_VER_CODE_STATUS_CHANGE
E/fbdev   ( 1021): Attention! GFLIP time out, force update gop ring buffer!
E/fbdev   ( 1021): Attention! GFLIP time out, force update gop ring buffer!
V/DownloadTask( 1250): finishedThreadNum--->1
V/DownloadTask( 1250): mThreadNum--->2
D/NetFirmwareService( 1250): DownloadConstants.TASK_STATUS_RUNNING
D/NetFirmwareService( 1250): MSG_VER_CODE_STATUS_CHANGE
E/fbdev   ( 1021): Attention! GFLIP time out, force update gop ring buffer!
E/fbdev   ( 1021): Attention! GFLIP time out, force update gop ring buffer!
D/dalvikvm( 1657): GC_CONCURRENT freed 708K, 64% free 2858K/7747K, paused 3ms+2ms
E/fbdev   ( 1021): Attention! GFLIP time out, force update gop ring buffer!
D/NetUpdate( 2247): progressValue--->0
D/NetUpdate( 2247): mWriteSD--->true
D/NetUpdate( 2247): mBootCheckZipExist--->false
V/DownloadTask( 1250): finishedThreadNum--->1
V/DownloadTask( 1250): mThreadNum--->2
D/NetFirmwareService( 1250): DownloadConstants.TASK_STATUS_RUNNING
D/NetFirmwareService( 1250): MSG_VER_CODE_STATUS_CHANGE
D/dalvikvm( 1657): GC_CONCURRENT freed 706K, 64% free 2859K/7747K, paused 2ms+4ms
E/fbdev   ( 1021): Attention! GFLIP time out, force update gop ring buffer!
E/fbdev   ( 1021): Attention! GFLIP time out, force update gop ring buffer!
V/DownloadTask( 1250): finishedThreadNum--->1
V/DownloadTask( 1250): mThreadNum--->2
D/NetFirmwareService( 1250): DownloadConstants.TASK_STATUS_RUNNING
D/NetFirmwareService( 1250): MSG_VER_CODE_STATUS_CHANGE
E/fbdev   ( 1021): Attention! GFLIP time out, force update gop ring buffer!
E/fbdev   ( 1021): Attention! GFLIP time out, force update gop ring buffer!
D/HomePlayerLib( 1657): hostaddress count is 1
E/fbdev   ( 1021): Attention! GFLIP time out, force update gop ring buffer!
D/dalvikvm( 1657): GC_CONCURRENT freed 720K, 59% free 3247K/7747K, paused 3ms+3ms
D/NetUpdate( 2247): progressValue--->0
D/NetUpdate( 2247): mWriteSD--->true
D/NetUpdate( 2247): mBootCheckZipExist--->false
V/DownloadTask( 1250): finishedThreadNum--->1
V/DownloadTask( 1250): mThreadNum--->2
D/NetFirmwareService( 1250): DownloadConstants.TASK_STATUS_RUNNING
D/NetFirmwareService( 1250): MSG_VER_CODE_STATUS_CHANGE
D/dalvikvm( 1657): GC_CONCURRENT freed 1276K, 64% free 2936K/7939K, paused 2ms+3ms
E/fbdev   ( 1021): Attention! GFLIP time out, force update gop ring buffer!
D/dalvikvm( 1657): GC_CONCURRENT freed 809K, 63% free 2957K/7939K, paused 2ms+3ms
E/fbdev   ( 1021): Attention! GFLIP time out, force update gop ring buffer!
V/DownloadTask( 1250): finishedThreadNum--->1
V/DownloadTask( 1250): mThreadNum--->2
D/NetFirmwareService( 1250): DownloadConstants.TASK_STATUS_RUNNING
D/NetFirmwareService( 1250): MSG_VER_CODE_STATUS_CHANGE
E/fbdev   ( 1021): Attention! GFLIP time out, force update gop ring buffer!
D/dalvikvm( 1657): GC_CONCURRENT freed 842K, 63% free 2962K/7939K, paused 2ms+2ms
E/fbdev   ( 1021): Attention! GFLIP time out, force update gop ring buffer!
D/dalvikvm( 1657): GC_CONCURRENT freed 845K, 64% free 2860K/7939K, paused 2ms+3ms
D/DownloadThread( 1250): statusCode--->206
V/DownloadThread( 1250): Accept-Ranges: bytes
V/DownloadThread( 1250): Content-Disposition: null
V/DownloadThread( 1250): Content-Length: 17
V/DownloadThread( 1250): Content-Location: null
V/DownloadThread( 1250): ETag: W/"33-1366720666000"
V/DownloadThread( 1250): Transfer-Encoding: null
V/DownloadThread( 1250): read_front--->
V/DownloadThread( 1250): read_bytesRead--->17
V/DownloadThread( 1250): read_front--->
V/DownloadThread( 1250): read_bytesRead--->-1
D/DownloadThread( 1250): write the last data in storage.
D/WriteDataInStorageThread( 1250): sendDataInStack --data length =17 offset =16 file name = filePart1
D/WriteDataInStorageThread( 1250): write data  Pos=16   Length =17  Thread =filePart1
D/DownloadThread( 1250): filePart1 final status: 491
E/fbdev   ( 1021): Attention! GFLIP time out, force update gop ring buffer!
D/NetUpdate( 2247): progressValue--->0
D/NetUpdate( 2247): mWriteSD--->true
D/NetUpdate( 2247): mBootCheckZipExist--->false
V/DownloadTask( 1250): finishedThreadNum--->2
V/DownloadTask( 1250): mThreadNum--->2
D/DownloadTask( 1250): src file = /data/data/com.coship.netfirmware/temp.dat.cdl --- des file=/data/data/com.coship.netfirmware/temp.dat
D/NetFirmwareService( 1250): DownloadConstants.TASK_STATUS_COMPLETED
D/NetFirmwareService( 1250): MSG_VER_CODE_STATUS_CHANGE
D/NetFirmwareService( 1250): MSG_CHECK_VERSION_CODE
D/NetFirmwareService( 1250): checkVersionCode
D/NetFirmwareService( 1250): analysisVersionCodeData
D/NetFirmwareService( 1250): open file error
I/NetFirmwareService( 1250): mVersionCodeFile--->34
D/NetFirmwareService( 1250): verCode = 0
D/NetFirmwareService( 1250): Description URL = null
D/NetFirmwareService( 1250): MSG_GET_DESCRIPTION
D/NetFirmwareService( 1250): Download URL = http://update.coship.com/update/system/S1001/002104/description_211321.dat
D/NetFirmwareService( 1250): Save file in path = /data/data/com.coship.netfirmware/temp.dat
D/NetFirmwareService( 1250): Set download thread number = 2
D/DownloadTask( 1250): mDesFilePath =/data/data/com.coship.netfirmware/temp.dat
D/DownloadTask( 1250): mRecordFile =/data/data/com.coship.netfirmware/temp.dat.cdl.Record
D/DownloadTask( 1250): mfilePath =/data/data/com.coship.netfirmware/temp.dat.cdl
D/dalvikvm( 1250): GC_CONCURRENT freed 309K, 50% free 5457K/10819K, paused 1ms+2ms
I/DownloadTask( 1250): Server:Apache-Coyote/1.1
I/DownloadTask( 1250): Accept-Ranges:bytes
I/DownloadTask( 1250): ETag:W/"363-1366720508000"
I/DownloadTask( 1250): Last-Modified:Tue, 23 Apr 2013 12:35:08 GMT
I/DownloadTask( 1250): Content-Length:363
I/DownloadTask( 1250): Date:Wed, 24 Apr 2013 11:00:20 GMT
I/DownloadTask( 1250): Powered-By-ChinaCache:MISS from CHN-JY-4-3k4
I/DownloadTask( 1250): Connection:close
D/DownloadTask( 1250): server accept range
D/DownloadTask( 1250): initTaskRecord currentSize=-1
D/DownloadTask( 1250): totalSize=-1
D/DownloadTask( 1250): magicID=abc
D/DownloadTask( 1250): mCurrentSize=0
D/DownloadTask( 1250): mTotalSize=363
D/DownloadTask( 1250): mMagicID=null
D/DownloadTask( 1250): The record is invalid, need reset record
D/WriteDataInStorageThread( 1250): write file name = /data/data/com.coship.netfirmware/temp.dat.cdl
D/dalvikvm( 1250): GC_FOR_ALLOC freed 1514K, 59% free 4497K/10819K, paused 17ms
V/DownloadTask( 1250): finishedThreadNum--->0
V/DownloadTask( 1250): mThreadNum--->2
D/NetFirmwareService( 1250): MSG_DESCRIPT_STATUS_CHANGE
D/NetFirmwareService( 1250): MSG_DESCRIPT_STATUS_CHANGE
D/dalvikvm(  937): GC_CONCURRENT freed 768K, 60% free 3994K/9795K, paused 2ms+4ms
D/dalvikvm( 1250): GC_CONCURRENT freed 204K, 49% free 5531K/10819K, paused 2ms+2ms
E/fbdev   ( 1021): Attention! GFLIP time out, force update gop ring buffer!
D/NetUpdate( 2247): progressValue--->0
D/NetUpdate( 2247): mWriteSD--->true
D/NetUpdate( 2247): mBootCheckZipExist--->false
E/fbdev   ( 1021): Attention! GFLIP time out, force update gop ring buffer!
D/DownloadThread( 1250): statusCode--->206
V/DownloadThread( 1250): Accept-Ranges: bytes
V/DownloadThread( 1250): Content-Disposition: null
V/DownloadThread( 1250): Content-Length: 181
V/DownloadThread( 1250): Content-Location: null
V/DownloadThread( 1250): ETag: W/"363-1366720508000"
V/DownloadThread( 1250): Transfer-Encoding: null
V/DownloadThread( 1250): read_front--->
V/DownloadThread( 1250): read_bytesRead---E/fbdev   ( 1021): Attention! GFLIP time out, force update gop ring buffer!
E/fbdev   ( 1021): Attention! GFLIP time out, force update gop ring buffer!
V/DownloadTask( 1250): finishedThreadNum--->1
V/DownloadTask( 1250): mThreadNum--->2
D/NetFirmwareService( 1250): MSG_DESCRIPT_STATUS_CHANGE
D/dalvikvm( 1657): GC_CONCURRENT freed 706K, 64% free 2859K/7939K, paused 2ms+3ms
D/NetUpdate( 2247): progressValue--->0
D/NetUpdate( 2247): mWriteSD--->true
D/NetUpdate( 2247): mBootCheckZipExist--->false
E/fbdev   ( 1021): Attention! GFLIP time out, force update gop ring buffer!
E/fbdev   ( 1021): Attention! GFLIP time out, force update gop ring buffer!
D/dalvikvm( 1657): GC_CONCURRENT freed 704K, 65% free 2857K/7939K, paused 2ms+2ms
V/DownloadTask( 1250): finishedThreadNum--->1
V/DownloadTask( 1250): mThreadNum--->2
D/NetFirmwareService( 1250): MSG_DESCRIPT_STATUS_CHANGE
E/fbdev   ( 1021): Attention! GFLIP time out, force update gop ring buffer!
D/dalvikvm( 1657): GC_CONCURRENT freed 705K, 65% free 2857K/7939K, paused 2ms+2ms
E/fbdev   ( 1021): Attention! GFLIP time out, force update gop ring buffer!
D/dalvikvm( 1657): GC_CONCURRENT freed 704K, 64% free 2903K/7939K, paused 2ms+2ms
E/fbdev   ( 1021): Attention! GFLIP time out, force update gop ring buffer!
V/DownloadTask( 1250): finishedThreadNum--->1
V/DownloadTask( 1250): mThreadNum--->2
D/NetFirmwareService( 1250): MSG_DESCRIPT_STATUS_CHANGE
D/NetUpdate( 2247): progressValue--->0
D/NetUpdate( 2247): mWriteSD--->true
D/NetUpdate( 2247): mBootCheckZipExist--->false
E/fbdev   ( 1021): Attention! GFLIP time out, force update gop ring buffer!
E/fbdev   ( 1021): Attention! GFLIP time out, force update gop ring buffer!
V/DownloadTask( 1250): finishedThreadNum--->1
V/DownloadTask( 1250): mThreadNum--->2
D/NetFirmwareService( 1250): MSG_DESCRIPT_STATUS_CHANGE
E/fbdev   ( 1021): Attention! GFLIP time out, force update gop ring buffer!
E/fbdev   ( 1021): Attention! GFLIP time out, force update gop ring buffer!
E/fbdev   ( 1021): Attention! GFLIP time out, force update gop ring buffer!
V/DownloadTask( 1250): finishedThreadNum--->1
V/DownloadTask( 1250): mThreadNum--->2
D/NetFirmwareService( 1250): MSG_DESCRIPT_STATUS_CHANGE
D/NetUpdate( 2247): progressValue--->0
D/NetUpdate( 2247): mWriteSD--->true
D/NetUpdate( 2247): mBootCheckZipExist--->false
E/fbdev   ( 1021): Attention! GFLIP time out, force update gop ring buffer!
E/fbdev   ( 1021): Attention! GFLIP time out, force update gop ring buffer!
D/DownloadThread( 1250): statusCode--->206
V/DownloadThread( 1250): Accept-Ranges: bytes
V/DownloadThread( 1250): Content-Disposition: null
V/DownloadThread( 1250): Content-Length: 182
V/DownloadThread( 1250): Content-Location: null
V/DownloadThread( 1250): ETag: W/"363-1366720508000"
V/DownloadThread( 1250): Transfer-Encoding: null
V/DownloadThread( 1250): read_front--->
V/DownloadThread( 1250): read_bytesRead--->182
V/DownloadThread( 1250): read_front--->
V/DownloadThread( 1250): read_bytesRead--->-1
D/DownloadThread( 1250): write the last data in storage.
D/WriteDataInStorageThread( 1250): sendDataInStack --data length =182 offset =181 file name = filePart1
D/DownloadThread( 1250): filePart1 final status: 491
D/WriteDataInStorageThread( 1250): write data  Pos=181   Length =182  Thread =filePart1
V/DownloadTask( 1250): finishedThreadNum--->2
V/DownloadTask( 1250): mThreadNum--->2
W/DownloadTask( 1250): There has a file named /data/data/com.coship.netfirmware/temp.dat already
D/DownloadTask( 1250): src file = /data/data/com.coship.netfirmware/temp.dat.cdl --- des file=/data/data/com.coship.netfirmware/temp.dat
D/NetFirmwareService( 1250): DownloadConstants.TASK_STATUS_COMPLETED
D/NetFirmwareService( 1250): MSG_DESCRIPT_STATUS_CHANGE
D/NetFirmwareService( 1250): MSG_CHECK_DESCRIPTION
D/NetFirmwareService( 1250): The description info is valid
D/NetFirmwareService( 1250): The description version code = 0
D/NetFirmwareService( 1250): The description machine ID = 0
D/NetFirmwareService( 1250): The description hardware ID = 0
V/NetFirmwareService( 1250): temp.getName()--->temp.dat
E/fbdev   ( 1021): Attention! GFLIP time out, force update gop ring buffer!
E/fbdev   ( 1021): Attention! GFLIP time out, force update gop ring buffer!
E/fbdev   ( 1021): Attention! GFLIP time out, force update gop ring buffer!
V/TabletStatusBar( 1140): setLightsOn(true)
E/fbdev   ( 1021): Attention! GFLIP time out, force update gop ring buffer!
E/fbdev   ( 1021): Attention! GFLIP time out, force update gop ring buffer!
E/fbdev   ( 1021): Attention! GFLIP time out, force update gop ring buffer!
E/fbdev   ( 1021): Attention! GFLIP time out, force update gop ring buffer!
E/fbdev   ( 1021): Attention! GFLIP time out, force update gop ring buffer!
D/NetUpdate( 2247): progressValue--->0
D/NetUpdate( 2247): mWriteSD--->true
D/NetUpdate( 2247): mBootCheckZipExist--->false
E/fbdev   ( 1021): Attention! GFLIP time out, force update gop ring buffer!
E/fbdev   ( 1021): Attention! GFLIP time out, force update gop ring buffer!
E/fbdev   ( 1021): Attention! GFLIP time out, force update gop ring buffer!
E/fbdev   ( 1021): Attention! GFLIP time out, force update gop ring buffer!
E/fbdev   ( 1021): Attention! GFLIP time out, force update gop ring buffer!
E/fbdev   ( 1021): Attention! GFLIP time out, force update gop ring buffer!
E/fbdev   ( 1021): Attention! GFLIP time out, force update gop ring buffer!
E/fbdev   ( 1021): Attention! GFLIP time out, force update gop ring buffer!
E/fbdev   ( 1021): Attention! GFLIP time out, force update gop ring buffer!
E/fbdev   ( 1021): Attention! GFLIP time out, force update gop ring buffer!
E/fbdev   ( 1021): Attention! GFLIP time out, force update gop ring buffer!
V/NetFirmwareService( 1250): /update/*.FileNum--->0
V/NetFirmwareService( 1250): No Higher!
D/NetUpdate( 2247): progressValue--->0
D/NetUpdate( 2247): mWriteSD--->true
D/NetUpdate( 2247): mBootCheckZipExist--->false
I/NetFirmwareService( 1250): initPromtDialog_SHOW!
E/WindowManager(  937): Unknown window type: 2131099651
V/TabletStatusBar( 1140): setLightsOn(true)
E/fbdev   ( 1021): Attention! GFLIP time out, force update gop ring buffer!
E/fbdev   ( 1021): Attention! GFLIP time out, force update gop ring buffer!
W/InputManagerService(  937): Starting input on non-focused client com.android.internal.view.IInputMethodClient$Stub$Proxy@4157c628 (uid=1000 pid=2247)
E/fbdev   ( 1021): Attention! GFLIP time out, force update gop ring buffer!
E/fbdev   ( 1021): Attention! GFLIP time out, force update gop ring buffer!
E/fbdev   ( 1021): Attention! GFLIP time out, force update gop ring buffer!
E/fbdev   ( 1021): Attention! GFLIP time out, force update gop ring buffer!
E/fbdev   ( 1021): Attention! GFLIP time out, force update gop ring buffer!
E/fbdev   ( 1021): Attention! GFLIP time out, force update gop ring buffer!
E/fbdev   ( 1021): Attention! GFLIP time out, force update gop ring buffer!
E/fbdev   ( 1021): Attention! GFLIP time out, force update gop ring buffer!
E/fbdev   ( 1021): Attention! GFLIP time out, force update gop ring buffer!
E/fbdev   ( 1021): Attention! GFLIP time out, force update gop ring buffer!
E/fbdev   ( 1021): Attention! GFLIP time out, force update gop ring buffer!
E/fbdev   ( 1021): Attention! GFLIP time out, force update gop ring buffer!
E/fbdev   ( 1021): Attention! GFLIP time out, force update gop ring buffer!
E/fbdev   ( 1021): Attention! GFLIP time out, force update gop ring buffer!
E/fbdev   ( 1021): Attention! GFLIP time out, force update gop ring buffer!
E/fbdev   ( 1021): Attention! GFLIP time out, force update gop ring buffer!
D/NetUpdate( 2247): progressValue--->0
D/NetUpdate( 2247): mWriteSD--->true
D/NetUpdate( 2247): mBootCheckZipExist--->false
D/dalvikvm( 1657): GC_CONCURRENT freed 773K, 65% free 2835K/7939K, paused 3ms+3ms
D/NetUpdate( 2247): progressValue--->0
D/NetUpdate( 2247): mWriteSD--->true
D/NetUpdate( 2247): mBootCheckZipExist--->false
D/HomePlayerLib( 1657): hostaddress count is 1
D/dalvikvm( 1657): GC_CONCURRENT freed 661K, 61% free 3107K/7939K, paused 2ms+2ms
D/dalvikvm( 1657): GC_CONCURRENT freed 1033K, 64% free 2865K/7939K, paused 2ms+3ms
D/dalvikvm( 1657): GC_CONCURRENT freed 758K, 63% free 2953K/7939K, paused 2ms+3ms
D/dalvikvm( 1657): GC_CONCURRENT freed 835K, 64% free 2863K/7939K, paused 2ms+3ms
D/NetUpdate( 2247): progressValue--->0
D/NetUpdate( 2247): mWriteSD--->true
D/NetUpdate( 2247): mBootCheckZipExist--->false
D/dalvikvm( 1657): GC_CONCURRENT freed 707K, 64% free 2871K/7939K, paused 2ms+3ms
D/NetUpdate( 2247): progressValue--->0
D/NetUpdate( 2247): mWriteSD--->true
D/NetUpdate( 2247): mBootCheckZipExist--->false
D/NetUpdate( 2247): progressValue--->0
D/NetUpdate( 2247): mWriteSD--->true
D/NetUpdate( 2247): mBootCheckZipExist--->false
D/NetUpdate( 2247): progressValue--->0
D/NetUpdate( 2247): mWriteSD--->true
D/NetUpdate( 2247): mBootCheckZipExist--->false
D/NetUpdate( 2247): progressValue--->0
D/NetUpdate( 2247): mWriteSD--->true
D/NetUpdate( 2247): mBootCheckZipExist--->false
D/NetUpdate( 2247): progressValue--->0
D/NetUpdate( 2247): mWriteSD--->true
D/NetUpdate( 2247): mBootCheckZipExist--->false
D/NetUpdate( 2247): progressValue--->0
D/NetUpdate( 2247): mWriteSD--->true
D/NetUpdate( 2247): mBootCheckZipExist--->false
D/NetUpdate( 2247): progressValue--->0
D/NetUpdate( 2247): mWriteSD--->true
D/NetUpdate( 2247): mBootCheckZipExist--->false
D/NetUpdate( 2247): progressValue--->0
D/NetUpdate( 2247): mWriteSD--->true
D/NetUpdate( 2247): mBootCheckZipExist--->false
D/dalvikvm( 1657): GC_CONCURRENT freed 731K, 64% free 2867K/7939K, paused 2ms+3ms
D/NetUpdate( 2247): progressValue--->0
D/NetUpdate( 2247): mWriteSD--->true
D/NetUpdate( 2247): mBootCheckZipExist--->false
D/dalvikvm( 1657): GC_CONCURRENT freed 716K, 64% free 2871K/7939K, paused 2ms+2ms
D/NetUpdate( 2247): progressValue--->0
D/NetUpdate( 2247): mWriteSD--->true
D/NetUpdate( 2247): mBootCheckZipExist--->false
D/HomePlayerLib( 1657): hostaddress count is 1
D/dalvikvm( 1657): GC_CONCURRENT freed 842K, 65% free 2829K/7939K, paused 2ms+2ms
D/dalvikvm( 1657): GC_CONCURRENT freed 654K, 65% free 2857K/7939K, paused 3ms+2ms
D/dalvikvm( 1657): GC_CONCURRENT freed 699K, 64% free 2863K/7939K, paused 2ms+3ms
D/dalvikvm( 1657): GC_CONCURRENT freed 703K, 64% free 2863K/7939K, paused 3ms+2ms
D/dalvikvm( 1657): GC_CONCURRENT freed 718K, 64% free 2864K/7939K, paused 2ms+3ms
D/dalvikvm( 1657): GC_CONCURRENT freed 709K, 64% free 2860K/7939K, paused 2ms+2ms
D/NetUpdate( 2247): progressValue--->0
D/NetUpdate( 2247): mWriteSD--->true
D/NetUpdate( 2247): mBootCheckZipExist--->false
D/NetUpdate( 2247): progressValue--->0
D/NetUpdate( 2247): mWriteSD--->true
D/NetUpdate( 2247): mBootCheckZipExist--->false
D/dalvikvm( 1657): GC_CONCURRENT freed 705K, 64% free 2860K/7939K, paused 2ms+3ms
D/NetUpdate( 2247): progressValue--->0
D/NetUpdate( 2247): mWriteSD--->true
D/NetUpdate( 2247): mBootCheckZipExist--->false
D/dalvikvm( 1657): GC_CONCURRENT freed 704K, 64% free 2861K/7939K, paused 2ms+3ms
D/dalvikvm( 1657): GC_CONCURRENT freed 705K, 64% free 2860K/7939K, paused 1ms+2ms
D/dalvikvm( 1657): GC_CONCURRENT freed 704K, 64% free 2861K/7939K, paused 2ms+2ms
D/NetUpdate( 2247): progressValue--->0
D/NetUpdate( 2247): mWriteSD--->true
D/NetUpdate( 2247): mBootCheckZipExist--->false
D/NetUpdate( 2247): progressValue--->0
D/NetUpdate( 2247): mWriteSD--->true
D/NetUpdate( 2247): mBootCheckZipExist--->false
D/PushMsgCenter( 1613): mDownUpRun run while (true)
D/PushMsgCenter( 1613): down  
D/CheckNetWork( 1644): isOk true
D/CheckNetWork( 1644): ActInfoNetworkInfo: type: WIFI[], state: CONNECTED/CONNECTED, reason: (unspecified), extra: (none), roaming: false, failover: false, isAvailable: true
D/CheckNetWork( 1644): infoNetworkInfo: type: WIFI[], state: CONNECTED/CONNECTED, reason: (unspecified), extra: (none), roaming: false, failover: false, isAvailable: true
D/PushMsgCenter( 1613): down conn.getResponseCode() status = 404
D/NetUpdate( 2247): progressValue--->0
D/NetUpdate( 2247): mWriteSD--->true
D/NetUpdate( 2247): mBootCheckZipExist--->false
D/NetUpdate( 2247): progressValue--->0
D/NetUpdate( 2247): mWriteSD--->true
D/NetUpdate( 2247): mBootCheckZipExist--->false
D/NetUpdate( 2247): progressValue--->0
D/NetUpdate( 2247): mWriteSD--->true
D/NetUpdate( 2247): mBootCheckZipExist--->false
D/NetUpdate( 2247): progressValue--->0
D/NetUpdate( 2247): mWriteSD--->true
D/NetUpdate( 2247): mBootCheckZipExist--->false
D/NetUpdate( 2247): progressValue--->0
D/NetUpdate( 2247): mWriteSD--->true
D/NetUpdate( 2247): mBootCheckZipExist--->false
D/dalvikvm( 1657): GC_CONCURRENT freed 704K, 64% free 2860K/7939K, paused 2ms+2ms
D/dalvikvm( 1657): GC_CONCURRENT freed 706K, 64% free 2860K/7939K, paused 2ms+2ms
D/HomePlayerLib( 1657): hostaddress count is 1
D/dalvikvm( 1657): GC_CONCURRENT freed 717K, 63% free 2952K/7939K, paused 2ms+3ms
D/dalvikvm( 1657): GC_CONCURRENT freed 831K, 64% free 2871K/7939K, paused 2ms+3ms
D/NetUpdate( 2247): progressValue--->0
D/NetUpdate( 2247): mWriteSD--->true
D/NetUpdate( 2247): mBootCheckZipExist--->false
D/dalvikvm( 1657): GC_CONCURRENT freed 713K, 64% free 2870K/7939K, paused 2ms+3ms
D/dalvikvm( 1657): GC_CONCURRENT freed 705K, 63% free 3003K/7939K, paused 2ms+3ms
D/dalvikvm( 1657): GC_CONCURRENT freed 903K, 65% free 2841K/7939K, paused 2ms+2ms
D/dalvikvm( 1657): GC_CONCURRENT freed 686K, 65% free 2857K/7939K, paused 2ms+2ms
D/NetUpdate( 2247): progressValue--->0
D/NetUpdate( 2247): mWriteSD--->true
D/NetUpdate( 2247): mBootCheckZipExist--->false
D/NetUpdate( 2247): progressValue--->0
D/NetUpdate( 2247): mWriteSD--->true
D/NetUpdate( 2247): mBootCheckZipExist--->false
D/NetUpdate( 2247): progressValue--->0
D/NetUpdate( 2247): mWriteSD--->true
D/NetUpdate( 2247): mBootCheckZipExist--->false
E/CACHE   ( 1872): cleared
I/zomut.watchdog.monitor( 1872): initgather
I/zomut.watchdog.monitor( 1872): endgather
I/zomut.watchdog.monitor( 1872): init
I/zomut.watchdog.monitor( 1872): end
D/NetUpdate( 2247): progressValue--->0
D/NetUpdate( 2247): mWriteSD--->true
D/NetUpdate( 2247): mBootCheckZipExist--->false
D/NetUpdate( 2247): progressValue--->0
D/NetUpdate( 2247): mWriteSD--->true
D/NetUpdate( 2247): mBootCheckZipExist--->false
D/NetUpdate( 2247): progressValue--->0
D/NetUpdate( 2247): mWriteSD--->true
D/NetUpdate( 2247): mBootCheckZipExist--->false
D/NetUpdate( 2247): progressValue--->0
D/NetUpdate( 2247): mWriteSD--->true
D/NetUpdate( 2247): mBootCheckZipExist--->false
D/NetUpdate( 2247): progressValue--->0
D/NetUpdate( 2247): mWriteSD--->true
D/NetUpdate( 2247): mBootCheckZipExist--->false
D/NetUpdate( 2247): progressValue--->0
D/NetUpdate( 2247): mWriteSD--->true
D/NetUpdate( 2247): mBootCheckZipExist--->false
D/dalvikvm( 1657): GC_CONCURRENT freed 715K, 65% free 2833K/7939K, paused 2ms+2ms
D/NetUpdate( 2247): progressValue--->0
D/NetUpdate( 2247): mWriteSD--->true
D/NetUpdate( 2247): mBootCheckZipExist--->false
D/HomePlayerLib( 1657): hostaddress count is 1
D/dalvikvm( 1657): GC_CONCURRENT freed 659K, 63% free 2967K/7939K, paused 2ms+3ms
D/dalvikvm( 1657): GC_CONCURRENT freed 858K, 63% free 2953K/7939K, paused 2ms+2ms
D/dalvikvm( 1657): GC_CONCURRENT freed 836K, 64% free 2862K/7939K, paused 2ms+2ms
D/dalvikvm( 1657): GC_CONCURRENT freed 705K, 64% free 2908K/7939K, paused 2ms+2ms
D/NetUpdate( 2247): progressValue--->0
D/NetUpdate( 2247): mWriteSD--->true
D/NetUpdate( 2247): mBootCheckZipExist--->false
D/dalvikvm( 1657): GC_CONCURRENT freed 758K, 64% free 2864K/7939K, paused 2ms+3ms
D/dalvikvm( 1657): GC_CONCURRENT freed 708K, 64% free 2863K/7939K, paused 2ms+3ms
D/dalvikvm( 1657): GC_CONCURRENT freed 705K, 64% free 2862K/7939K, paused 2ms+2ms
D/NetUpdate( 2247): progressValue--->0
D/NetUpdate( 2247): mWriteSD--->true
D/NetUpdate( 2247): mBootCheckZipExist--->false
D/dalvikvm( 1657): GC_CONCURRENT freed 706K, 64% free 2861K/7939K, paused 2ms+3ms
D/dalvikvm( 1657): GC_CONCURRENT freed 703K, 64% free 2860K/7939K, paused 2ms+3ms
D/dalvikvm( 1657): GC_CONCURRENT freed 704K, 64% free 2859K/7939K, paused 3ms+2ms
D/dalvikvm( 1657): GC_CONCURRENT freed 706K, 64% free 2861K/7939K, paused 2ms+2ms
D/NetUpdate( 2247): progressValue--->0
D/NetUpdate( 2247): mWriteSD--->true
D/NetUpdate( 2247): mBootCheckZipExist--->false
D/NetUpdate( 2247): progressValue--->0
D/NetUpdate( 2247): mWriteSD--->true
D/NetUpdate( 2247): mBootCheckZipExist--->false
D/NetUpdate( 2247): progressValue--->0
D/NetUpdate( 2247): mWriteSD--->true
D/NetUpdate( 2247): mBootCheckZipExist--->false
D/NetUpdate( 2247): progressValue--->0
D/NetUpdate( 2247): mWriteSD--->true
D/NetUpdate( 2247): mBootCheckZipExist--->false
D/NetUpdate( 2247): progressValue--->0
D/NetUpdate( 2247): mWriteSD--->true
D/NetUpdate( 2247): mBootCheckZipExist--->false
D/NetUpdate( 2247): progressValue--->0
D/NetUpdate( 2247): mWriteSD--->true
D/NetUpdate( 2247): mBootCheckZipExist--->false
D/NetUpdate( 2247): progressValue--->0
D/NetUpdate( 2247): mWriteSD--->true
D/NetUpdate( 2247): mBootCheckZipExist--->false
D/NetUpdate( 2247): progressValue--->0
D/NetUpdate( 2247): mWriteSD--->true
D/NetUpdate( 2247): mBootCheckZipExist--->false
D/HomePlayerLib( 1657): hostaddress count is 1
D/NetUpdate( 2247): progressValue--->0
D/NetUpdate( 2247): mWriteSD--->true
D/NetUpdate( 2247): mBootCheckZipExist--->false
D/dalvikvm( 1657): GC_CONCURRENT freed 722K, 64% free 2867K/7939K, paused 2ms+3ms
D/dalvikvm( 1657): GC_CONCURRENT freed 697K, 63% free 2997K/7939K, paused 2ms+3ms
D/dalvikvm( 1657): GC_CONCURRENT freed 884K, 63% free 2946K/7939K, paused 2ms+3ms
D/dalvikvm( 1657): GC_CONCURRENT freed 827K, 64% free 2863K/7939K, paused 3ms+3ms
D/dalvikvm( 1657): GC_CONCURRENT freed 705K, 64% free 2860K/7939K, paused 2ms+2ms
D/dalvikvm( 1657): GC_CONCURRENT freed 703K, 64% free 2864K/7939K, paused 2ms+2ms
D/NetUpdate( 2247): progressValue--->0
D/NetUpdate( 2247): mWriteSD--->true
D/NetUpdate( 2247): mBootCheckZipExist--->false
D/dalvikvm( 1657): GC_CONCURRENT freed 719K, 64% free 2861K/7939K, paused 3ms+3ms
D/NetUpdate( 2247): progressValue--->0
D/NetUpdate( 2247): mWriteSD--->true
D/NetUpdate( 2247): mBootCheckZipExist--->false
D/NetUpdate( 2247): progressValue--->0
D/NetUpdate( 2247): mWriteSD--->true
D/NetUpdate( 2247): mBootCheckZipExist--->false
D/NetUpdate( 2247): progressValue--->0
D/NetUpdate( 2247): mWriteSD--->true
D/NetUpdate( 2247): mBootCheckZipExist--->false
D/NetUpdate( 2247): progressValue--->0
D/NetUpdate( 2247): mWriteSD--->true
D/NetUpdate( 2247): mBootCheckZipExist--->false
D/NetUpdate( 2247): progressValue--->0
D/NetUpdate( 2247): mWriteSD--->true
D/NetUpdate( 2247): mBootCheckZipExist--->false
D/dalvikvm( 1657): GC_CONCURRENT freed 720K, 65% free 2831K/7939K, paused 2ms+2ms
D/NetUpdate( 2247): progressValue--->0
D/NetUpdate( 2247): mWriteSD--->true
D/NetUpdate( 2247): mBootCheckZipExist--->false
D/NetUpdate( 2247): progressValue--->0
D/NetUpdate( 2247): mWriteSD--->true
D/NetUpdate( 2247): mBootCheckZipExist--->false
D/NetUpdate( 2247): progressValue--->0
D/NetUpdate( 2247): mWriteSD--->true
D/NetUpdate( 2247): mBootCheckZipExist--->false
D/NetUpdate( 2247): progressValue--->0
D/NetUpdate( 2247): mWriteSD--->true
D/NetUpdate( 2247): mBootCheckZipExist--->false
D/dalvikvm( 1657): GC_CONCURRENT freed 674K, 64% free 2862K/7939K, paused 2ms+3ms
D/dalvikvm( 1657): GC_CONCURRENT freed 705K, 64% free 2863K/7939K, paused 2ms+2ms
D/HomePlayerLib( 1657): hostaddress count is 1
D/NetUpdate( 2247): progressValue--->0
D/NetUpdate( 2247): mWriteSD--->true
D/NetUpdate( 2247): mBootCheckZipExist--->false
D/dalvikvm( 1657): GC_CONCURRENT freed 764K, 64% free 2916K/7939K, paused 2ms+2ms
D/dalvikvm( 1657): GC_CONCURRENT freed 785K, 63% free 2960K/7939K, paused 2ms+2ms
D/dalvikvm( 1657): GC_CONCURRENT freed 835K, 63% free 2974K/7939K, paused 2ms+2ms
D/dalvikvm( 1657): GC_CONCURRENT freed 845K, 64% free 2917K/7939K, paused 3ms+3ms
D/dalvikvm( 1657): GC_CONCURRENT freed 788K, 63% free 2964K/7939K, paused 2ms+2ms
D/NetUpdate( 2247): progressValue--->0
D/NetUpdate( 2247): mWriteSD--->true
D/NetUpdate( 2247): mBootCheckZipExist--->false
D/dalvikvm( 1657): GC_CONCURRENT freed 844K, 64% free 2906K/7939K, paused 2ms+2ms
D/dalvikvm( 1657): GC_CONCURRENT freed 777K, 65% free 2834K/7939K, paused 2ms+2ms
D/dalvikvm( 1657): GC_CONCURRENT freed 677K, 65% free 2857K/7939K, paused 2ms+2ms
D/dalvikvm( 1657): GC_CONCURRENT freed 706K, 65% free 2857K/7939K, paused 2ms+2ms
D/NetUpdate( 2247): progressValue--->0
D/NetUpdate( 2247): mWriteSD--->true
D/NetUpdate( 2247): mBootCheckZipExist--->false
D/NetUpdate( 2247): progressValue--->0
D/NetUpdate( 2247): mWriteSD--->true
D/NetUpdate( 2247): mBootCheckZipExist--->false
D/NetUpdate( 2247): progressValue--->0
D/NetUpdate( 2247): mWriteSD--->true
D/NetUpdate( 2247): mBootCheckZipExist--->false
D/NetUpdate( 2247): progressValue--->0
D/NetUpdate( 2247): mWriteSD--->true
D/NetUpdate( 2247): mBootCheckZipExist--->false
D/NetUpdate( 2247): progressValue--->0
D/NetUpdate( 2247): mWriteSD--->true
D/NetUpdate( 2247): mBootCheckZipExist--->false
D/NetUpdate( 2247): progressValue--->0
D/NetUpdate( 2247): mWriteSD--->true
D/NetUpdate( 2247): mBootCheckZipExist--->false
D/NetUpdate( 2247): progressValue--->0
D/NetUpdate( 2247): mWriteSD--->true
D/NetUpdate( 2247): mBootCheckZipExist--->false
D/NetUpdate( 2247): progressValue--->0
D/NetUpdate( 2247): mWriteSD--->true
D/NetUpdate( 2247): mBootCheckZipExist--->false
D/NetUpdate( 2247): progressValue--->0
D/NetUpdate( 2247): mWriteSD--->true
D/NetUpdate( 2247): mBootCheckZipExist--->false
D/dalvikvm( 1657): GC_CONCURRENT freed 705K, 65% free 2857K/7939K, paused 2ms+2ms
D/dalvikvm( 1140): GC_CONCURRENT freed 675K, 58% free 3326K/7747K, paused 12ms+4ms
D/dalvikvm( 1657): GC_CONCURRENT freed 706K, 64% free 2860K/7939K, paused 3ms+3ms
D/NetUpdate( 2247): progressValue--->0
D/NetUpdate( 2247): mWriteSD--->true
D/NetUpdate( 2247): mBootCheckZipExist--->false
D/HomePlayerLib( 1657): hostaddress count is 1
D/dalvikvm( 1657): GC_CONCURRENT freed 721K, 65% free 2835K/7939K, paused 2ms+2ms
D/dalvikvm( 1657): GC_CONCURRENT freed 691K, 65% free 2839K/7939K, paused 2ms+2ms
D/dalvikvm( 1657): GC_CONCURRENT freed 662K, 64% free 2880K/7939K, paused 2ms+2ms
D/dalvikvm( 1657): GC_CONCURRENT freed 744K, 65% free 2840K/7939K, paused 1ms+2ms
D/dalvikvm( 1657): GC_CONCURRENT freed 676K, 64% free 2862K/7939K, paused 2ms+3ms
D/NetUpdate( 2247): progressValue--->0
D/NetUpdate( 2247): mWriteSD--->true
D/NetUpdate( 2247): mBootCheckZipExist--->false
D/dalvikvm( 1657): GC_CONCURRENT freed 707K, 64% free 2860K/7939K, paused 2ms+3ms
D/NetUpdate( 2247): progressValue--->0
D/NetUpdate( 2247): mWriteSD--->true
D/NetUpdate( 2247): mBootCheckZipExist--->false
D/NetUpdate( 2247): progressValue--->0
D/NetUpdate( 2247): mWriteSD--->true
D/NetUpdate( 2247): mBootCheckZipExist--->false
D/NetUpdate( 2247): progressValue--->0
D/NetUpdate( 2247): mWriteSD--->true
D/NetUpdate( 2247): mBootCheckZipExist--->false
D/NetUpdate( 2247): progressValue--->0
D/NetUpdate( 2247): mWriteSD--->true
D/NetUpdate( 2247): mBootCheckZipExist--->false
D/NetUpdate( 2247): progressValue--->0
D/NetUpdate( 2247): mWriteSD--->true
D/NetUpdate( 2247): mBootCheckZipExist--->false
D/NetUpdate( 2247): progressValue--->0
D/NetUpdate( 2247): mWriteSD--->true
D/NetUpdate( 2247): mBootCheckZipExist--->false
D/NetUpdate( 2247): progressValue--->0
D/NetUpdate( 2247): mWriteSD--->true
D/NetUpdate( 2247): mBootCheckZipExist--->false
D/dalvikvm( 1657): GC_CONCURRENT freed 720K, 65% free 2833K/7939K, paused 2ms+2ms
D/dalvikvm( 1657): GC_CONCURRENT freed 671K, 64% free 2862K/7939K, paused 2ms+2ms
D/NetUpdate( 2247): progressValue--->0
D/NetUpdate( 2247): mWriteSD--->true
D/NetUpdate( 2247): mBootCheckZipExist--->false
D/dalvikvm( 1657): GC_CONCURRENT freed 703K, 64% free 2863K/7939K, paused 2ms+2ms
D/dalvikvm( 1657): GC_CONCURRENT freed 705K, 64% free 2863K/7939K, paused 2ms+2ms
D/dalvikvm( 1657): GC_CONCURRENT freed 706K, 64% free 2862K/7939K, paused 2ms+2ms
D/NetUpdate( 2247): progressValue--->0
D/NetUpdate( 2247): mWriteSD--->true
D/NetUpdate( 2247): mBootCheckZipExist--->false
D/dalvikvm( 1657): GC_CONCURRENT freed 705K, 64% free 2862K/7939K, paused 2ms+2ms
D/HomePlayerLib( 1657): hostaddress count is 1
D/dalvikvm( 1657): GC_CONCURRENT freed 722K, 65% free 2829K/7939K, paused 2ms+2ms
D/NetUpdate( 2247): progressValue--->0
D/NetUpdate( 2247): mWriteSD--->true
D/NetUpdate( 2247): mBootCheckZipExist--->false
D/dalvikvm( 1657): GC_CONCURRENT freed 679K, 64% free 2935K/7939K, paused 2ms+2ms
D/dalvikvm( 1657): GC_CONCURRENT freed 804K, 63% free 3013K/7939K, paused 2ms+3ms
D/dalvikvm( 1657): GC_CONCURRENT freed 914K, 63% free 2959K/7939K, paused 2ms+2ms
D/dalvikvm( 1657): GC_CONCURRENT freed 831K, 63% free 2966K/7939K, paused 2ms+3ms
D/CheckNetWork( 1644): isOk true
D/CheckNetWork( 1644): ActInfoNetworkInfo: type: WIFI[], state: CONNECTED/CONNECTED, reason: (unspecified), extra: (none), roaming: false, failover: false, isAvailable: true
D/CheckNetWork( 1644): infoNetworkInfo: type: WIFI[], state: CONNECTED/CONNECTED, reason: (unspecified), extra: (none), roaming: false, failover: false, isAvailable: true
D/NetUpdate( 2247): progressValue--->0
D/NetUpdate( 2247): mWriteSD--->true
D/NetUpdate( 2247): mBootCheckZipExist--->false
D/NetUpdate( 2247): progressValue--->0
D/NetUpdate( 2247): mWriteSD--->true
D/NetUpdate( 2247): mBootCheckZipExist--->false
D/NetUpdate( 2247): progressValue--->0
D/NetUpdate( 2247): mWriteSD--->true
D/NetUpdate( 2247): mBootCheckZipExist--->false
D/UpgradeAppStoreTimerTask( 2100):  ------:: UpgradeAppStoreTimerTask execute...
D/Tools   ( 2100):  ------:: osVersion 15
D/Tools   ( 2100):  ------:: retObj = {"resultObject":null,"respseStatus":"0","respseDesc":"Success"}
D/NetUpdate( 2247): progressValue--->0
D/NetUpdate( 2247): mWriteSD--->true
D/NetUpdate( 2247): mBootCheckZipExist--->false
D/NetUpdate( 2247): progressValue--->0
D/NetUpdate( 2247): mWriteSD--->true
D/NetUpdate( 2247): mBootCheckZipExist--->false
D/NetUpdate( 2247): progressValue--->0
D/NetUpdate( 2247): mWriteSD--->true
D/NetUpdate( 2247): mBootCheckZipExist--->false
D/NetUpdate( 2247): progressValue--->0
D/NetUpdate( 2247): mWriteSD--->true
D/NetUpdate( 2247): mBootCheckZipExist--->false
D/NetUpdate( 2247): progressValue--->0
D/NetUpdate( 2247): mWriteSD--->true
D/NetUpdate( 2247): mBootCheckZipExist--->false
D/NetUpdate( 2247): progressValue--->0
D/NetUpdate( 2247): mWriteSD--->true
D/NetUpdate( 2247): mBootCheckZipExist--->false
E/CACHE   ( 1872): cleared
I/zomut.watchdog.monitor( 1872): initgather
D/dalvikvm( 1872): GC_CONCURRENT freed 1967K, 46% free 6845K/12547K, paused 2ms+4ms
I/zomut.watchdog.monitor( 1872): endgather
D/dalvikvm(  937): GC_EXPLICIT freed 226K, 60% free 3937K/9795K, paused 1ms+4ms
I/zomut.watchdog.monitor( 1872): init
I/zomut.watchdog.monitor( 1872): end
D/dalvikvm( 1657): GC_CONCURRENT freed 947K, 64% free 2870K/7939K, paused 2ms+3ms
D/dalvikvm( 1657): GC_CONCURRENT freed 713K, 64% free 2863K/7939K, paused 2ms+3ms
D/NetUpdate( 2247): progressValue--->0
D/NetUpdate( 2247): mWriteSD--->true
D/NetUpdate( 2247): mBootCheckZipExist--->false
D/HomePlayerLib( 1657): hostaddress count is 1
D/dalvikvm( 1657): GC_CONCURRENT freed 721K, 65% free 2852K/7939K, paused 2ms+3ms
D/dalvikvm( 1657): GC_CONCURRENT freed 795K, 64% free 2867K/7939K, paused 2ms+2ms
D/dalvikvm( 1657): GC_CONCURRENT freed 704K, 64% free 2859K/7939K, paused 2ms+3ms
D/NetUpdate( 2247): progressValue--->0
D/NetUpdate( 2247): mWriteSD--->true
D/NetUpdate( 2247): mBootCheckZipExist--->false
D/dalvikvm( 1657): GC_CONCURRENT freed 695K, 63% free 2979K/7939K, paused 2ms+3ms
D/dalvikvm( 1657): GC_CONCURRENT freed 851K, 64% free 2859K/7939K, paused 2ms+2ms
D/NetUpdate( 2247): progressValue--->0
D/NetUpdate( 2247): mWriteSD--->true
D/NetUpdate( 2247): mBootCheckZipExist--->false
D/NetUpdate( 2247): progressValue--->0
D/NetUpdate( 2247): mWriteSD--->true
D/NetUpdate( 2247): mBootCheckZipExist--->false
D/dalvikvm( 1657): GC_CONCURRENT freed 717K, 64% free 2914K/7939K, paused 2ms+3ms
D/NetUpdate( 2247): progressValue--->0
D/NetUpdate( 2247): mWriteSD--->true
D/NetUpdate( 2247): mBootCheckZipExist--->false
D/NetUpdate( 2247): progressValue--->0
D/NetUpdate( 2247): mWriteSD--->true
D/NetUpdate( 2247): mBootCheckZipExist--->false
D/NetUpdate( 2247): progressValue--->0
D/NetUpdate( 2247): mWriteSD--->true
D/NetUpdate( 2247): mBootCheckZipExist--->false
D/NetUpdate( 2247): progressValue--->0
D/NetUpdate( 2247): mWriteSD--->true
D/NetUpdate( 2247): mBootCheckZipExist--->false
D/dalvikvm( 1657): GC_CONCURRENT freed 791K, 65% free 2832K/7939K, paused 2ms+2ms
D/dalvikvm( 1657): GC_CONCURRENT freed 670K, 64% free 2862K/7939K, paused 2ms+3ms
D/NetUpdate( 2247): progressValue--->0
D/NetUpdate( 2247): mWriteSD--->true
D/NetUpdate( 2247): mBootCheckZipExist--->false
D/dalvikvm( 1657): GC_CONCURRENT freed 705K, 65% free 2858K/7939K, paused 3ms+3ms
D/dalvikvm( 1657): GC_CONCURRENT freed 704K, 65% free 2858K/7939K, paused 2ms+2ms
D/NetUpdate( 2247): progressValue--->0
D/NetUpdate( 2247): mWriteSD--->true
D/NetUpdate( 2247): mBootCheckZipExist--->false
D/NetUpdate( 2247): progressValue--->0
D/NetUpdate( 2247): mWriteSD--->true
D/NetUpdate( 2247): mBootCheckZipExist--->false
D/dalvikvm( 1657): GC_CONCURRENT freed 704K, 65% free 2857K/7939K, paused 2ms+2ms
D/dalvikvm( 1657): GC_CONCURRENT freed 706K, 64% free 2863K/7939K, paused 2ms+2ms
D/NetUpdate( 2247): progressValue--->0
D/NetUpdate( 2247): mWriteSD--->true
D/NetUpdate( 2247): mBootCheckZipExist--->false
D/HomePlayerLib( 1657): hostaddress count is 1
D/dalvikvm( 1657): GC_CONCURRENT freed 721K, 65% free 2835K/7939K, paused 2ms+2ms
D/dalvikvm( 1657): GC_CONCURRENT freed 685K, 63% free 2945K/7939K, paused 2ms+3ms
D/dalvikvm( 1657): GC_CONCURRENT freed 811K, 64% free 2863K/7939K, paused 2ms+2ms
D/dalvikvm( 1657): GC_CONCURRENT freed 718K, 64% free 2860K/7939K, paused 3ms+2ms
D/NetUpdate( 2247): progressValue--->0
D/NetUpdate( 2247): mWriteSD--->true
D/NetUpdate( 2247): mBootCheckZipExist--->false
D/dalvikvm( 1657): GC_CONCURRENT freed 709K, 65% free 2858K/7939K, paused 2ms+3ms
D/NetUpdate( 2247): progressValue--->0
D/NetUpdate( 2247): mWriteSD--->true
D/NetUpdate( 2247): mBootCheckZipExist--->false
D/NetUpdate( 2247): progressValue--->0
D/NetUpdate( 2247): mWriteSD--->true
D/NetUpdate( 2247): mBootCheckZipExist--->false
D/NetUpdate( 2247): progressValue--->0
D/NetUpdate( 2247): mWriteSD--->true
D/NetUpdate( 2247): mBootCheckZipExist--->false
D/NetUpdate( 2247): progressValue--->0
D/NetUpdate( 2247): mWriteSD--->true
D/NetUpdate( 2247): mBootCheckZipExist--->false
D/NetUpdate( 2247): progressValue--->0
D/NetUpdate( 2247): mWriteSD--->true
D/NetUpdate( 2247): mBootCheckZipExist--->false
D/NetUpdate( 2247): progressValue--->0
D/NetUpdate( 2247): mWriteSD--->true
D/NetUpdate( 2247): mBootCheckZipExist--->false
D/NetUpdate( 2247): progressValue--->0
D/NetUpdate( 2247): mWriteSD--->true
D/NetUpdate( 2247): mBootCheckZipExist--->false
D/NetUpdate( 2247): progressValue--->0
D/NetUpdate( 2247): mWriteSD--->true
D/NetUpdate( 2247): mBootCheckZipExist--->false
D/dalvikvm( 1657): GC_CONCURRENT freed 705K, 65% free 2857K/7939K, paused 2ms+2ms
D/NetUpdate( 2247): progressValue--->0
D/NetUpdate( 2247): mWriteSD--->true
D/NetUpdate( 2247): mBootCheckZipExist--->false
D/NetUpdate( 2247): progressValue--->0
D/NetUpdate( 2247): mWriteSD--->true
D/NetUpdate( 2247): mBootCheckZipExist--->false
D/dalvikvm( 1657): GC_CONCURRENT freed 810K, 64% free 2859K/7939K, paused 4ms+3ms
D/dalvikvm( 2247): GC_CONCURRENT freed 566K, 15% free 25958K/30275K, paused 2ms+5ms
D/HomePlayerLib( 1657): hostaddress count is 1
D/dalvikvm( 1657): GC_CONCURRENT freed 713K, 65% free 2854K/7939K, paused 3ms+2ms
D/dalvikvm( 1657): GC_CONCURRENT freed 701K, 64% free 2872K/7939K, paused 2ms+2ms
D/dalvikvm( 1657): GC_CONCURRENT freed 715K, 64% free 2861K/7939K, paused 2ms+3ms
D/dalvikvm( 1657): GC_CONCURRENT freed 705K, 62% free 3063K/7939K, paused 2ms+2ms
D/NetUpdate( 2247): progressValue--->0
D/NetUpdate( 2247): mWriteSD--->true
D/NetUpdate( 2247): mBootCheckZipExist--->false
D/dalvikvm( 1657): GC_CONCURRENT freed 972K, 65% free 2850K/7939K, paused 2ms+3ms
D/NetUpdate( 2247): progressValue--->0
D/NetUpdate( 2247): mWriteSD--->true
D/NetUpdate( 2247): mBootCheckZipExist--->false
D/NetUpdate( 2247): progressValue--->0
D/NetUpdate( 2247): mWriteSD--->true
D/NetUpdate( 2247): mBootCheckZipExist--->false
D/NetUpdate( 2247): progressValue--->0
D/NetUpdate( 2247): mWriteSD--->true
D/NetUpdate( 2247): mBootCheckZipExist--->false
D/NetUpdate( 2247): progressValue--->0
D/NetUpdate( 2247): mWriteSD--->true
D/NetUpdate( 2247): mBootCheckZipExist--->false
D/dalvikvm( 1657): GC_CONCURRENT freed 693K, 63% free 2965K/7939K, paused 2ms+3ms
D/dalvikvm( 1657): GC_CONCURRENT freed 838K, 64% free 2862K/7939K, paused 3ms+3ms
D/NetUpdate( 2247): progressValue--->0
D/NetUpdate( 2247): mWriteSD--->true
D/NetUpdate( 2247): mBootCheckZipExist--->false
D/dalvikvm( 1657): GC_CONCURRENT freed 704K, 64% free 2861K/7939K, paused 2ms+3ms
D/dalvikvm( 1657): GC_CONCURRENT freed 704K, 64% free 2859K/7939K, paused 2ms+3ms
D/dalvikvm( 1657): GC_CONCURRENT freed 706K, 64% free 2863K/7939K, paused 2ms+2ms
D/NetUpdate( 2247): progressValue--->0
D/NetUpdate( 2247): mWriteSD--->true
D/NetUpdate( 2247): mBootCheckZipExist--->false
D/NetUpdate( 2247): progressValue--->0
D/NetUpdate( 2247): mWriteSD--->true
D/NetUpdate( 2247): mBootCheckZipExist--->false
D/NetUpdate( 2247): progressValue--->0
D/NetUpdate( 2247): mWriteSD--->true
D/NetUpdate( 2247): mBootCheckZipExist--->false
D/NetUpdate( 2247): progressValue--->0
D/NetUpdate( 2247): mWriteSD--->true
D/NetUpdate( 2247): mBootCheckZipExist--->false
D/dalvikvm( 1657): GC_CONCURRENT freed 705K, 64% free 2863K/7939K, paused 2ms+3ms
D/dalvikvm( 1657): GC_CONCURRENT freed 706K, 64% free 2863K/7939K, paused 2ms+3ms
D/NetUpdate( 2247): progressValue--->0
D/NetUpdate( 2247): mWriteSD--->true
D/NetUpdate( 2247): mBootCheckZipExist--->false
D/HomePlayerLib( 1657): hostaddress count is 1
D/dalvikvm( 1657): GC_CONCURRENT freed 721K, 65% free 2852K/7939K, paused 2ms+2ms
D/dalvikvm( 1657): GC_CONCURRENT freed 716K, 63% free 2946K/7939K, paused 2ms+3ms
D/dalvikvm( 1657): GC_CONCURRENT freed 822K, 63% free 2967K/7939K, paused 2ms+2ms
D/dalvikvm( 1657): GC_CONCURRENT freed 855K, 64% free 2899K/7939K, paused 2ms+3ms
D/NetUpdate( 2247): progressValue--->0
D/NetUpdate( 2247): mWriteSD--->true
D/NetUpdate( 2247): mBootCheckZipExist--->false
D/dalvikvm( 1657): GC_CONCURRENT freed 768K, 65% free 2838K/7939K, paused 2ms+3ms
D/NetUpdate( 2247): progressValue--->0
D/NetUpdate( 2247): mWriteSD--->true
D/NetUpdate( 2247): mBootCheckZipExist--->false
D/NetUpdate( 2247): progressValue--->0
D/NetUpdate( 2247): mWriteSD--->true
D/NetUpdate( 2247): mBootCheckZipExist--->false
D/NetUpdate( 2247): progressValue--->0
D/NetUpdate( 2247): mWriteSD--->true
D/NetUpdate( 2247): mBootCheckZipExist--->false
D/NetUpdate( 2247): progressValue--->0
D/NetUpdate( 2247): mWriteSD--->true
D/NetUpdate( 2247): mBootCheckZipExist--->false
D/NetUpdate( 2247): progressValue--->0
D/NetUpdate( 2247): mWriteSD--->true
D/NetUpdate( 2247): mBootCheckZipExist--->false
D/NetUpdate( 2247): progressValue--->0
D/NetUpdate( 2247): mWriteSD--->true
D/NetUpdate( 2247): mBootCheckZipExist--->false
D/dalvikvm( 1657): GC_CONCURRENT freed 672K, 65% free 2858K/7939K, paused 2ms+2ms
D/dalvikvm( 1657): GC_CONCURRENT freed 706K, 64% free 2863K/7939K, paused 2ms+3ms
D/NetUpdate( 2247): progressValue--->0
D/NetUpdate( 2247): mWriteSD--->true
D/NetUpdate( 2247): mBootCheckZipExist--->false
D/NetUpdate( 2247): progressValue--->0
D/NetUpdate( 2247): mWriteSD--->true
D/NetUpdate( 2247): mBootCheckZipExist--->false
D/dalvikvm( 1657): GC_CONCURRENT freed 705K, 65% free 2858K/7939K, paused 2ms+2ms
D/dalvikvm( 1657): GC_CONCURRENT freed 706K, 65% free 2857K/7939K, paused 2ms+2ms
D/NetUpdate( 2247): progressValue--->0
D/NetUpdate( 2247): mWriteSD--->true
D/NetUpdate( 2247): mBootCheckZipExist--->false
D/HomePlayerLib( 1657): hostaddress count is 1
D/dalvikvm( 1657): GC_CONCURRENT freed 719K, 65% free 2852K/7939K, paused 2ms+2ms
D/NetUpdate( 2247): progressValue--->0
D/NetUpdate( 2247): mWriteSD--->true
D/NetUpdate( 2247): mBootCheckZipExist--->false
D/dalvikvm( 1657): GC_CONCURRENT freed 701K, 65% free 2856K/7939K, paused 5ms+2ms
D/dalvikvm( 1657): GC_CONCURRENT freed 699K, 63% free 2959K/7939K, paused 2ms+3ms
D/dalvikvm( 1657): GC_CONCURRENT freed 827K, 63% free 2961K/7939K, paused 2ms+3ms
D/dalvikvm( 1657): GC_CONCURRENT freed 839K, 64% free 2860K/7939K, paused 2ms+2ms
D/dalvikvm( 1657): GC_CONCURRENT freed 709K, 65% free 2858K/7939K, paused 2ms+2ms
D/NetUpdate( 2247): progressValue--->0
D/NetUpdate( 2247): mWriteSD--->true
D/NetUpdate( 2247): mBootCheckZipExist--->false
D/NetUpdate( 2247): progressValue--->0
D/NetUpdate( 2247): mWriteSD--->true
D/NetUpdate( 2247): mBootCheckZipExist--->false
D/NetUpdate( 2247): progressValue--->0
D/NetUpdate( 2247): mWriteSD--->true
D/NetUpdate( 2247): mBootCheckZipExist--->false
D/dalvikvm( 1657): GC_CONCURRENT freed 705K, 64% free 2858K/7939K, paused 2ms+2ms
D/dalvikvm( 1657): GC_CONCURRENT freed 704K, 64% free 2859K/7939K, paused 1ms+3ms
D/NetUpdate( 2247): progressValue--->0
D/NetUpdate( 2247): mWriteSD--->true
D/NetUpdate( 2247): mBootCheckZipExist--->false
D/dalvikvm( 1657): GC_CONCURRENT freed 705K, 64% free 2859K/7939K, paused 2ms+3ms
D/dalvikvm( 1657): GC_CONCURRENT freed 704K, 64% free 2859K/7939K, paused 3ms+3ms
D/NetUpdate( 2247): progressValue--->0
D/NetUpdate( 2247): mWriteSD--->true
D/NetUpdate( 2247): mBootCheckZipExist--->false
D/NetUpdate( 2247): progressValue--->0
D/NetUpdate( 2247): mWriteSD--->true
D/NetUpdate( 2247): mBootCheckZipExist--->false
D/CheckNetWork( 1644): isOk true
D/CheckNetWork( 1644): ActInfoNetworkInfo: type: WIFI[], state: CONNECTED/CONNECTED, reason: (unspecified), extra: (none), roaming: false, failover: false, isAvailable: true
D/CheckNetWork( 1644): infoNetworkInfo: type: WIFI[], state: CONNECTED/CONNECTED, reason: (unspecified), extra: (none), roaming: false, failover: false, isAvailable: true
D/NetUpdate( 2247): progressValue--->0
D/NetUpdate( 2247): mWriteSD--->true
D/NetUpdate( 2247): mBootCheckZipExist--->false
D/NetUpdate( 2247): progressValue--->0
D/NetUpdate( 2247): mWriteSD--->true
D/NetUpdate( 2247): mBootCheckZipExist--->false
D/NetUpdate( 2247): progressValue--->0
D/NetUpdate( 2247): mWriteSD--->true
D/NetUpdate( 2247): mBootCheckZipExist--->false
D/dalvikvm( 1657): GC_CONCURRENT freed 704K, 64% free 2859K/7939K, paused 3ms+3ms
D/NetUpdate( 2247): progressValue--->0
D/NetUpdate( 2247): mWriteSD--->true
D/NetUpdate( 2247): mBootCheckZipExist--->false
D/dalvikvm( 1657): GC_CONCURRENT freed 716K, 65% free 2852K/7939K, paused 2ms+3ms
D/HomePlayerLib( 1657): hostaddress count is 1
D/dalvikvm( 1657): GC_CONCURRENT freed 684K, 65% free 2856K/7939K, paused 3ms+3ms
D/NetUpdate( 2247): progressValue--->0
D/NetUpdate( 2247): mWriteSD--->true
D/NetUpdate( 2247): mBootCheckZipExist--->false
D/dalvikvm( 1657): GC_CONCURRENT freed 701K, 64% free 2873K/7939K, paused 2ms+2ms
D/dalvikvm( 1657): GC_CONCURRENT freed 716K, 64% free 2861K/7939K, paused 2ms+2ms
D/dalvikvm( 1657): GC_CONCURRENT freed 704K, 64% free 2865K/7939K, paused 2ms+2ms
D/dalvikvm( 1657): GC_CONCURRENT freed 717K, 64% free 2864K/7939K, paused 3ms+3ms
D/NetUpdate( 2247): progressValue--->0
D/NetUpdate( 2247): mWriteSD--->true
D/NetUpdate( 2247): mBootCheckZipExist--->false
D/NetUpdate( 2247): progressValue--->0
D/NetUpdate( 2247): mWriteSD--->true
D/NetUpdate( 2247): mBootCheckZipExist--->false
D/NetUpdate( 2247): progressValue--->0
D/NetUpdate( 2247): mWriteSD--->true
D/NetUpdate( 2247): mBootCheckZipExist--->false
D/NetUpdate( 2247): progressValue--->0
D/NetUpdate( 2247): mWriteSD--->true
D/NetUpdate( 2247): mBootCheckZipExist--->false
E/CACHE   ( 1872): cleared
I/zomut.watchdog.monitor( 1872): initgather
I/zomut.watchdog.monitor( 1872): endgather
I/zomut.watchdog.monitor( 1872): init
I/zomut.watchdog.monitor( 1872): end
D/NetUpdate( 2247): progressValue--->0
D/NetUpdate( 2247): mWriteSD--->true
D/NetUpdate( 2247): mBootCheckZipExist--->false
D/NetUpdate( 2247): progressValue--->0
D/NetUpdate( 2247): mWriteSD--->true
D/NetUpdate( 2247): mBootCheckZipExist--->false
D/NetUpdate( 2247): progressValue--->0
D/NetUpdate( 2247): mWriteSD--->true
D/NetUpdate( 2247): mBootCheckZipExist--->false
D/NetUpdate( 2247): progressValue--->0
D/NetUpdate( 2247): mWriteSD--->true
D/NetUpdate( 2247): mBootCheckZipExist--->false
D/NetUpdate( 2247): progressValue--->0
D/NetUpdate( 2247): mWriteSD--->true
D/NetUpdate( 2247): mBootCheckZipExist--->false
D/dalvikvm( 1657): GC_CONCURRENT freed 725K, 63% free 2941K/7939K, paused 2ms+3ms
D/dalvikvm( 1657): GC_CONCURRENT freed 814K, 64% free 2860K/7939K, paused 2ms+2ms
D/NetUpdate( 2247): progressValue--->0
D/NetUpdate( 2247): mWriteSD--->true
D/NetUpdate( 2247): mBootCheckZipExist--->false
D/HomePlayerLib( 1657): hostaddress count is 1
D/dalvikvm( 1657): GC_CONCURRENT freed 715K, 63% free 2959K/7939K, paused 1ms+3ms
D/dalvikvm( 1657): GC_CONCURRENT freed 822K, 64% free 2904K/7939K, paused 2ms+3ms
D/dalvikvm( 1657): GC_CONCURRENT freed 789K, 63% free 2943K/7939K, paused 2ms+3ms
D/dalvikvm( 1657): GC_CONCURRENT freed 803K, 64% free 2903K/7939K, paused 2ms+3ms
D/NetUpdate( 2247): progressValue--->0
D/NetUpdate( 2247): mWriteSD--->true
D/NetUpdate( 2247): mBootCheckZipExist--->false
D/dalvikvm( 1657): GC_CONCURRENT freed 760K, 64% free 2860K/7939K, paused 2ms+3ms
D/NetUpdate( 2247): progressValue--->0
D/NetUpdate( 2247): mWriteSD--->true
D/NetUpdate( 2247): mBootCheckZipExist--->false
D/dalvikvm( 1657): GC_CONCURRENT freed 707K, 64% free 2858K/7939K, paused 2ms+3ms
D/dalvikvm( 1657): GC_CONCURRENT freed 706K, 64% free 2858K/7939K, paused 2ms+2ms
D/dalvikvm( 1657): GC_CONCURRENT freed 703K, 63% free 2963K/7939K, paused 2ms+2ms
D/NetUpdate( 2247): progressValue--->0
D/NetUpdate( 2247): mWriteSD--->true
D/NetUpdate( 2247): mBootCheckZipExist--->false
D/dalvikvm( 1657): GC_CONCURRENT freed 852K, 64% free 2878K/7939K, paused 2ms+2ms
D/dalvikvm( 1657): GC_CONCURRENT freed 721K, 64% free 2863K/7939K, paused 2ms+2ms
D/NetUpdate( 2247): progressValue--->0
D/NetUpdate( 2247): mWriteSD--->true
D/NetUpdate( 2247): mBootCheckZipExist--->false
D/NetUpdate( 2247): progressValue--->0
D/NetUpdate( 2247): mWriteSD--->true
D/NetUpdate( 2247): mBootCheckZipExist--->false
D/NetUpdate( 2247): progressValue--->0
D/NetUpdate( 2247): mWriteSD--->true
D/NetUpdate( 2247): mBootCheckZipExist--->false
D/NetUpdate( 2247): progressValue--->0
D/NetUpdate( 2247): mWriteSD--->true
D/NetUpdate( 2247): mBootCheckZipExist--->false
D/NetUpdate( 2247): progressValue--->0
D/NetUpdate( 2247): mWriteSD--->true
D/NetUpdate( 2247): mBootCheckZipExist--->false
D/NetUpdate( 2247): progressValue--->0
D/NetUpdate( 2247): mWriteSD--->true
D/NetUpdate( 2247): mBootCheckZipExist--->false
D/dalvikvm( 1657): GC_CONCURRENT freed 705K, 64% free 2863K/7939K, paused 2ms+3ms
D/NetUpdate( 2247): progressValue--->0
D/NetUpdate( 2247): mWriteSD--->true
D/NetUpdate( 2247): mBootCheckZipExist--->false
D/NetUpdate( 2247): progressValue--->0
D/NetUpdate( 2247): mWriteSD--->true
D/NetUpdate( 2247): mBootCheckZipExist--->false
D/HomePlayerLib( 1657): hostaddress count is 1
D/dalvikvm( 1657): GC_CONCURRENT freed 723K, 65% free 2850K/7939K, paused 2ms+3ms
D/dalvikvm( 1657): GC_CONCURRENT freed 703K, 63% free 2958K/7939K, paused 2ms+2ms
D/dalvikvm( 1657): GC_CONCURRENT freed 827K, 63% free 2974K/7939K, paused 2ms+2ms
D/dalvikvm( 1657): GC_CONCURRENT freed 875K, 63% free 2950K/7939K, paused 2ms+3ms
D/dalvikvm( 1657): GC_CONCURRENT freed 824K, 63% free 2965K/7939K, paused 2ms+2ms
D/NetUpdate( 2247): progressValue--->0
D/NetUpdate( 2247): mWriteSD--->true
D/NetUpdate( 2247): mBootCheckZipExist--->false
D/NetUpdate( 2247): progressValue--->0
D/NetUpdate( 2247): mWriteSD--->true
D/NetUpdate( 2247): mBootCheckZipExist--->false
D/NetUpdate( 2247): progressValue--->0
D/NetUpdate( 2247): mWriteSD--->true
D/NetUpdate( 2247): mBootCheckZipExist--->false
D/NetUpdate( 2247): progressValue--->0
D/NetUpdate( 2247): mWriteSD--->true
D/NetUpdate( 2247): mBootCheckZipExist--->false
D/NetUpdate( 2247): progressValue--->0
D/NetUpdate( 2247): mWriteSD--->true
D/NetUpdate( 2247): mBootCheckZipExist--->false
D/NetUpdate( 2247): progressValue--->0
D/NetUpdate( 2247): mWriteSD--->true
D/NetUpdate( 2247): mBootCheckZipExist--->false
D/NetUpdate( 2247): progressValue--->0
D/NetUpdate( 2247): mWriteSD--->true
D/NetUpdate( 2247): mBootCheckZipExist--->false
D/dalvikvm( 1657): GC_CONCURRENT freed 854K, 63% free 2944K/7939K, paused 2ms+2ms
D/NetUpdate( 2247): progressValue--->0
D/NetUpdate( 2247): mWriteSD--->true
D/NetUpdate( 2247): mBootCheckZipExist--->false
D/NetUpdate( 2247): progressValue--->0
D/NetUpdate( 2247): mWriteSD--->true
D/NetUpdate( 2247): mBootCheckZipExist--->false
D/NetUpdate( 2247): progressValue--->0
D/NetUpdate( 2247): mWriteSD--->true
D/NetUpdate( 2247): mBootCheckZipExist--->false
D/dalvikvm( 1657): GC_CONCURRENT freed 826K, 65% free 2835K/7939K, paused 2ms+2ms
D/NetUpdate( 2247): progressValue--->0
D/NetUpdate( 2247): mWriteSD--->true
D/NetUpdate( 2247): mBootCheckZipExist--->false
D/HomePlayerLib( 1657): hostaddress count is 1
D/dalvikvm( 1657): GC_CONCURRENT freed 686K, 63% free 2955K/7939K, paused 2ms+2ms
D/dalvikvm( 1657): GC_CONCURRENT freed 836K, 63% free 2965K/7939K, paused 2ms+2ms
D/dalvikvm( 1657): GC_CONCURRENT freed 849K, 64% free 2881K/7939K, paused 2ms+2ms
D/dalvikvm( 1657): GC_CONCURRENT freed 718K, 64% free 2866K/7939K, paused 2ms+2ms
D/dalvikvm( 1657): GC_CONCURRENT freed 705K, 64% free 2859K/7939K, paused 2ms+3ms
D/dalvikvm( 1657): GC_CONCURRENT freed 703K, 64% free 2867K/7939K, paused 2ms+2ms
D/NetUpdate( 2247): progressValue--->0
D/NetUpdate( 2247): mWriteSD--->true
D/NetUpdate( 2247): mBootCheckZipExist--->false
D/dalvikvm( 1657): GC_CONCURRENT freed 716K, 64% free 2865K/7939K, paused 2ms+2ms
D/dalvikvm( 1657): GC_CONCURRENT freed 707K, 64% free 2863K/7939K, paused 2ms+3ms
D/dalvikvm( 1657): GC_CONCURRENT freed 705K, 64% free 2862K/7939K, paused 2ms+2ms
D/NetUpdate( 2247): progressValue--->0
D/NetUpdate( 2247): mWriteSD--->true
D/NetUpdate( 2247): mBootCheckZipExist--->false
D/dalvikvm( 1657): GC_CONCURRENT freed 706K, 64% free 2862K/7939K, paused 2ms+2ms
D/dalvikvm( 1657): GC_CONCURRENT freed 707K, 64% free 2863K/7939K, paused 2ms+2ms
D/NetUpdate( 2247): progressValue--->0
D/NetUpdate( 2247): mWriteSD--->true
D/NetUpdate( 2247): mBootCheckZipExist--->false
D/NetUpdate( 2247): progressValue--->0
D/NetUpdate( 2247): mWriteSD--->true
D/NetUpdate( 2247): mBootCheckZipExist--->false
D/NetUpdate( 2247): progressValue--->0
D/NetUpdate( 2247): mWriteSD--->true
D/NetUpdate( 2247): mBootCheckZipExist--->false
D/NetUpdate( 2247): progressValue--->0
D/NetUpdate( 2247): mWriteSD--->true
D/NetUpdate( 2247): mBootCheckZipExist--->false
D/NetUpdate( 2247): progressValue--->0
D/NetUpdate( 2247): mWriteSD--->true
D/NetUpdate( 2247): mBootCheckZipExist--->false
D/NetUpdate( 2247): progressValue--->0
D/NetUpdate( 2247): mWriteSD--->true
D/NetUpdate( 2247): mBootCheckZipExist--->false
D/NetUpdate( 2247): progressValue--->0
D/NetUpdate( 2247): mWriteSD--->true
D/NetUpdate( 2247): mBootCheckZipExist--->false
D/dalvikvm( 1657): GC_CONCURRENT freed 705K, 64% free 2863K/7939K, paused 2ms+2ms
D/NetUpdate( 2247): progressValue--->0
D/NetUpdate( 2247): mWriteSD--->true
D/NetUpdate( 2247): mBootCheckZipExist--->false
D/NetUpdate( 2247): progressValue--->0
D/NetUpdate( 2247): mWriteSD--->true
D/NetUpdate( 2247): mBootCheckZipExist--->false
D/HomePlayerLib( 1657): hostaddress count is 1
D/dalvikvm( 1657): GC_CONCURRENT freed 721K, 63% free 2959K/7939K, paused 2ms+2ms
D/dalvikvm( 1657): GC_CONCURRENT freed 836K, 63% free 2974K/7939K, paused 2ms+2ms
D/dalvikvm( 1657): GC_CONCURRENT freed 852K, 64% free 2880K/7939K, paused 2ms+3ms
D/dalvikvm( 1657): GC_CONCURRENT freed 719K, 64% free 2866K/7939K, paused 2ms+2ms
D/dalvikvm( 1657): GC_CONCURRENT freed 718K, 64% free 2861K/7939K, paused 2ms+3ms
D/NetUpdate( 2247): progressValue--->0
D/NetUpdate( 2247): mWriteSD--->true
D/NetUpdate( 2247): mBootCheckZipExist--->false
D/NetUpdate( 2247): progressValue--->0
D/NetUpdate( 2247): mWriteSD--->true
D/NetUpdate( 2247): mBootCheckZipExist--->false
D/NetUpdate( 2247): progressValue--->0
D/NetUpdate( 2247): mWriteSD--->true
D/NetUpdate( 2247): mBootCheckZipExist--->false
D/NetUpdate( 2247): progressValue--->0
D/NetUpdate( 2247): mWriteSD--->true
D/NetUpdate( 2247): mBootCheckZipExist--->false
D/NetUpdate( 2247): progressValue--->0
D/NetUpdate( 2247): mWriteSD--->true
D/NetUpdate( 2247): mBootCheckZipExist--->false
D/dalvikvm( 1657): GC_CONCURRENT freed 720K, 65% free 2831K/7939K, paused 2ms+2ms
D/NetUpdate( 2247): progressValue--->0
D/NetUpdate( 2247): mWriteSD--->true
D/NetUpdate( 2247): mBootCheckZipExist--->false
D/NetUpdate( 2247): progressValue--->0
D/NetUpdate( 2247): mWriteSD--->true
D/NetUpdate( 2247): mBootCheckZipExist--->false
D/NetUpdate( 2247): progressValue--->0
D/NetUpdate( 2247): mWriteSD--->true
D/NetUpdate( 2247): mBootCheckZipExist--->false
D/NetUpdate( 2247): progressValue--->0
D/NetUpdate( 2247): mWriteSD--->true
D/NetUpdate( 2247): mBootCheckZipExist--->false
D/dalvikvm( 1657): GC_CONCURRENT freed 672K, 64% free 2861K/7939K, paused 2ms+2ms
D/dalvikvm( 1657): GC_CONCURRENT freed 704K, 64% free 2861K/7939K, paused 2ms+2ms
D/dalvikvm( 1657): GC_CONCURRENT freed 706K, 65% free 2857K/7939K, paused 2ms+2ms
D/NetUpdate( 2247): progressValue--->0
D/NetUpdate( 2247): mWriteSD--->true
D/NetUpdate( 2247): mBootCheckZipExist--->false
D/dalvikvm( 1657): GC_CONCURRENT freed 703K, 64% free 2863K/7939K, paused 2ms+2ms
D/dalvikvm( 1657): GC_CONCURRENT freed 706K, 64% free 2863K/7939K, paused 2ms+3ms
D/dalvikvm( 1657): GC_CONCURRENT freed 706K, 63% free 2945K/7939K, paused 2ms+2ms
D/HomePlayerLib( 1657): hostaddress count is 1
D/dalvikvm( 1657): GC_CONCURRENT freed 828K, 63% free 2957K/7939K, paused 2ms+3ms
D/dalvikvm( 1657): GC_CONCURRENT freed 819K, 63% free 2940K/7939K, paused 2ms+3ms
D/NetUpdate( 2247): progressValue--->0
D/NetUpdate( 2247): mWriteSD--->true
D/NetUpdate( 2247): mBootCheckZipExist--->false
D/dalvikvm( 1657): GC_CONCURRENT freed 817K, 65% free 2846K/7939K, paused 3ms+3ms
D/dalvikvm( 1657): GC_CONCURRENT freed 695K, 65% free 2836K/7939K, paused 2ms+2ms
D/dalvikvm( 1657): GC_CONCURRENT freed 674K, 64% free 2876K/7939K, paused 2ms+2ms
D/dalvikvm( 1657): GC_CONCURRENT freed 720K, 64% free 2863K/7939K, paused 2ms+2ms
D/NetUpdate( 2247): progressValue--->0
D/NetUpdate( 2247): mWriteSD--->true
D/NetUpdate( 2247): mBootCheckZipExist--->false
D/PushMsgCenter( 1613): mDownUpRun run while (true)
D/PushMsgCenter( 1613): down  
D/PushMsgCenter( 1613): down conn.getResponseCode() status = 404
D/CheckNetWork( 1644): isOk true
D/CheckNetWork( 1644): ActInfoNetworkInfo: type: WIFI[], state: CONNECTED/CONNECTED, reason: (unspecified), extra: (none), roaming: false, failover: false, isAvailable: true
D/CheckNetWork( 1644): infoNetworkInfo: type: WIFI[], state: CONNECTED/CONNECTED, reason: (unspecified), extra: (none), roaming: false, failover: false, isAvailable: true
D/NetUpdate( 2247): progressValue--->0
D/NetUpdate( 2247): mWriteSD--->true
D/NetUpdate( 2247): mBootCheckZipExist--->false
D/NetUpdate( 2247): progressValue--->0
D/NetUpdate( 2247): mWriteSD--->true
D/NetUpdate( 2247): mBootCheckZipExist--->false
D/NetUpdate( 2247): progressValue--->0
D/NetUpdate( 2247): mWriteSD--->true
D/NetUpdate( 2247): mBootCheckZipExist--->false
D/NetUpdate( 2247): progressValue--->0
D/NetUpdate( 2247): mWriteSD--->true
D/NetUpdate( 2247): mBootCheckZipExist--->false
D/NetUpdate( 2247): progressValue--->0
D/NetUpdate( 2247): mWriteSD--->true
D/NetUpdate( 2247): mBootCheckZipExist--->false
D/NetUpdate( 2247): progressValue--->0
D/NetUpdate( 2247): mWriteSD--->true
D/NetUpdate( 2247): mBootCheckZipExist--->false
D/NetUpdate( 2247): progressValue--->0
D/NetUpdate( 2247): mWriteSD--->true
D/NetUpdate( 2247): mBootCheckZipExist--->false
D/NetUpdate( 2247): progressValue--->0
D/NetUpdate( 2247): mWriteSD--->true
D/NetUpdate( 2247): mBootCheckZipExist--->false
D/dalvikvm( 1657): GC_CONCURRENT freed 705K, 65% free 2857K/7939K, paused 2ms+3ms
D/dalvikvm( 1657): GC_CONCURRENT freed 706K, 64% free 2863K/7939K, paused 2ms+3ms
D/NetUpdate( 2247): progressValue--->0
D/NetUpdate( 2247): mWriteSD--->true
D/NetUpdate( 2247): mBootCheckZipExist--->false
E/CACHE   ( 1872): cleared
I/zomut.watchdog.monitor( 1872): initgather
D/HomePlayerLib( 1657): hostaddress count is 1
D/dalvikvm( 1657): GC_CONCURRENT freed 721K, 65% free 2853K/7939K, paused 3ms+3ms
D/dalvikvm( 1872): GC_CONCURRENT freed 1966K, 46% free 6845K/12547K, paused 2ms+4ms
I/zomut.watchdog.monitor( 1872): endgather
I/zomut.watchdog.monitor( 1872): init
I/zomut.watchdog.monitor( 1872): end
D/dalvikvm( 1657): GC_CONCURRENT freed 701K, 62% free 3028K/7939K, paused 3ms+2ms
D/NetUpdate( 2247): progressValue--->0
D/NetUpdate( 2247): mWriteSD--->true
D/NetUpdate( 2247): mBootCheckZipExist--->false
D/dalvikvm( 1657): GC_CONCURRENT freed 917K, 64% free 2863K/7939K, paused 2ms+3ms
D/dalvikvm( 1657): GC_CONCURRENT freed 718K, 63% free 2940K/7939K, paused 3ms+3ms
D/dalvikvm( 1657): GC_CONCURRENT freed 823K, 65% free 2847K/7939K, paused 2ms+3ms
D/NetUpdate( 2247): progressValue--->0
D/NetUpdate( 2247): mWriteSD--->true
D/NetUpdate( 2247): mBootCheckZipExist--->false
D/NetUpdate( 2247): progressValue--->0
D/NetUpdate( 2247): mWriteSD--->true
D/NetUpdate( 2247): mBootCheckZipExist--->false
D/NetUpdate( 2247): progressValue--->0
D/NetUpdate( 2247): mWriteSD--->true
D/NetUpdate( 2247): mBootCheckZipExist--->false
D/NetUpdate( 2247): progressValue--->0
D/NetUpdate( 2247): mWriteSD--->true
D/NetUpdate( 2247): mBootCheckZipExist--->false
D/NetUpdate( 2247): progressValue--->0
D/NetUpdate( 2247): mWriteSD--->true
D/NetUpdate( 2247): mBootCheckZipExist--->false
D/NetUpdate( 2247): progressValue--->0
D/NetUpdate( 2247): mWriteSD--->true
D/NetUpdate( 2247): mBootCheckZipExist--->false
D/NetUpdate( 2247): progressValue--->0
D/NetUpdate( 2247): mWriteSD--->true
D/NetUpdate( 2247): mBootCheckZipExist--->false
D/dalvikvm( 1657): GC_CONCURRENT freed 700K, 65% free 2834K/7939K, paused 2ms+3ms
D/dalvikvm( 1657): GC_CONCURRENT freed 661K, 64% free 2858K/7939K, paused 2ms+2ms
D/dalvikvm( 1657): GC_CONCURRENT freed 702K, 64% free 2858K/7939K, paused 3ms+2ms
D/NetUpdate( 2247): progressValue--->0
D/NetUpdate( 2247): mWriteSD--->true
D/NetUpdate( 2247): mBootCheckZipExist--->false
D/dalvikvm( 1657): GC_CONCURRENT freed 705K, 64% free 2863K/7939K, paused 2ms+3ms
D/dalvikvm( 1657): GC_CONCURRENT freed 705K, 64% free 2863K/7939K, paused 2ms+2ms
D/dalvikvm( 1657): GC_CONCURRENT freed 705K, 64% free 2863K/7939K, paused 2ms+2ms
D/NetUpdate( 2247): progressValue--->0
D/NetUpdate( 2247): mWriteSD--->true
D/NetUpdate( 2247): mBootCheckZipExist--->false
D/dalvikvm( 1657): GC_CONCURRENT freed 706K, 64% free 2863K/7939K, paused 2ms+3ms
D/NetUpdate( 2247): progressValue--->0
D/NetUpdate( 2247): mWriteSD--->true
D/NetUpdate( 2247): mBootCheckZipExist--->false
D/HomePlayerLib( 1657): hostaddress count is 1
D/dalvikvm( 1657): GC_CONCURRENT freed 723K, 63% free 2956K/7939K, paused 2ms+3ms
D/dalvikvm( 1657): GC_CONCURRENT freed 837K, 64% free 2859K/7939K, paused 2ms+3ms
D/dalvikvm( 1657): GC_CONCURRENT freed 704K, 62% free 3040K/7939K, paused 2ms+2ms
D/dalvikvm( 1657): GC_CONCURRENT freed 929K, 64% free 2861K/7939K, paused 2ms+3ms
D/NetUpdate( 2247): progressValue--->0
D/NetUpdate( 2247): mWriteSD--->true
D/NetUpdate( 2247): mBootCheckZipExist--->false
D/dalvikvm( 1657): GC_CONCURRENT freed 707K, 64% free 2861K/7939K, paused 2ms+5ms
D/NetUpdate( 2247): progressValue--->0
D/NetUpdate( 2247): mWriteSD--->true
D/NetUpdate( 2247): mBootCheckZipExist--->false
D/NetUpdate( 2247): progressValue--->0
D/NetUpdate( 2247): mWriteSD--->true
D/NetUpdate( 2247): mBootCheckZipExist--->false
D/NetUpdate( 2247): progressValue--->0
D/NetUpdate( 2247): mWriteSD--->true
D/NetUpdate( 2247): mBootCheckZipExist--->false
D/NetUpdate( 2247): progressValue--->0
D/NetUpdate( 2247): mWriteSD--->true
D/NetUpdate( 2247): mBootCheckZipExist--->false
D/NetUpdate( 2247): progressValue--->0
D/NetUpdate( 2247): mWriteSD--->true
D/NetUpdate( 2247): mBootCheckZipExist--->false
D/NetUpdate( 2247): progressValue--->0
D/NetUpdate( 2247): mWriteSD--->true
D/NetUpdate( 2247): mBootCheckZipExist--->false
D/NetUpdate( 2247): progressValue--->0
D/NetUpdate( 2247): mWriteSD--->true
D/NetUpdate( 2247): mBootCheckZipExist--->false
D/NetUpdate( 2247): progressValue--->0
D/NetUpdate( 2247): mWriteSD--->true
D/NetUpdate( 2247): mBootCheckZipExist--->false
D/dalvikvm( 1657): GC_CONCURRENT freed 717K, 65% free 2857K/7939K, paused 2ms+2ms
D/dalvikvm( 1657): GC_CONCURRENT freed 707K, 63% free 2963K/7939K, paused 2ms+2ms
D/NetUpdate( 2247): progressValue--->0
D/NetUpdate( 2247): mWriteSD--->true
D/NetUpdate( 2247): mBootCheckZipExist--->false
D/NetUpdate( 2247): progressValue--->0
D/NetUpdate( 2247): mWriteSD--->true
D/NetUpdate( 2247): mBootCheckZipExist--->false
D/dalvikvm( 1657): GC_CONCURRENT freed 851K, 65% free 2855K/7939K, paused 2ms+3ms
D/HomePlayerLib( 1657): hostaddress count is 1
D/dalvikvm( 1657): GC_CONCURRENT freed 713K, 63% free 2950K/7939K, paused 2ms+2ms
D/dalvikvm( 1657): GC_CONCURRENT freed 813K, 63% free 2983K/7939K, paused 2ms+2ms
D/dalvikvm( 1657): GC_CONCURRENT freed 866K, 63% free 2973K/7939K, paused 2ms+3ms
D/dalvikvm( 1657): GC_CONCURRENT freed 846K, 64% free 2906K/7939K, paused 2ms+3ms
D/NetUpdate( 2247): progressValue--->0
D/NetUpdate( 2247): mWriteSD--->true
D/NetUpdate( 2247): mBootCheckZipExist--->false
D/dalvikvm( 1657): GC_CONCURRENT freed 777K, 65% free 2836K/7939K, paused 2ms+3ms
D/NetUpdate( 2247): progressValue--->0
D/NetUpdate( 2247): mWriteSD--->true
D/NetUpdate( 2247): mBootCheckZipExist--->false
D/NetUpdate( 2247): progressValue--->0
D/NetUpdate( 2247): mWriteSD--->true
D/NetUpdate( 2247): mBootCheckZipExist--->false
D/NetUpdate( 2247): progressValue--->0
D/NetUpdate( 2247): mWriteSD--->true
D/NetUpdate( 2247): mBootCheckZipExist--->false
D/NetUpdate( 2247): progressValue--->0
D/NetUpdate( 2247): mWriteSD--->true
D/NetUpdate( 2247): mBootCheckZipExist--->false
D/NetUpdate( 2247): progressValue--->0
D/NetUpdate( 2247): mWriteSD--->true
D/NetUpdate( 2247): mBootCheckZipExist--->false
D/dalvikvm( 1657): GC_CONCURRENT freed 687K, 65% free 2830K/7939K, paused 2ms+2ms
D/dalvikvm( 1657): GC_CONCURRENT freed 665K, 65% free 2844K/7939K, paused 2ms+2ms
D/dalvikvm( 1657): GC_CONCURRENT freed 675K, 64% free 2903K/7939K, paused 2ms+2ms
D/NetUpdate( 2247): progressValue--->0
D/NetUpdate( 2247): mWriteSD--->true
D/NetUpdate( 2247): mBootCheckZipExist--->false
D/dalvikvm( 1657): GC_CONCURRENT freed 773K, 65% free 2834K/7939K, paused 2ms+2ms
D/dalvikvm( 1657): GC_CONCURRENT freed 678K, 65% free 2857K/7939K, paused 2ms+3ms
D/NetUpdate( 2247): progressValue--->0
D/NetUpdate( 2247): mWriteSD--->true
D/NetUpdate( 2247): mBootCheckZipExist--->false
D/NetUpdate( 2247): progressValue--->0
D/NetUpdate( 2247): mWriteSD--->true
D/NetUpdate( 2247): mBootCheckZipExist--->false
D/dalvikvm( 1657): GC_CONCURRENT freed 705K, 65% free 2858K/7939K, paused 3ms+2ms
D/dalvikvm( 1657): GC_CONCURRENT freed 706K, 65% free 2857K/7939K, paused 2ms+3ms
D/NetUpdate( 2247): progressValue--->0
D/NetUpdate( 2247): mWriteSD--->true
D/NetUpdate( 2247): mBootCheckZipExist--->false
D/HomePlayerLib( 1657): hostaddress count is 1
D/dalvikvm( 1657): GC_CONCURRENT freed 708K, 63% free 2964K/7939K, paused 2ms+2ms
D/NetUpdate( 2247): progressValue--->0
D/NetUpdate( 2247): mWriteSD--->true
D/NetUpdate( 2247): mBootCheckZipExist--->false
D/dalvikvm( 1657): GC_CONCURRENT freed 848K, 63% free 2959K/7939K, paused 2ms+2ms
D/dalvikvm( 1657): GC_CONCURRENT freed 825K, 64% free 2908K/7939K, paused 2ms+3ms
D/dalvikvm( 1657): GC_CONCURRENT freed 758K, 64% free 2864K/7939K, paused 2ms+2ms
D/dalvikvm( 1657): GC_CONCURRENT freed 708K, 65% free 2857K/7939K, paused 2ms+2ms
D/NetUpdate( 2247): progressValue--->0
D/NetUpdate( 2247): mWriteSD--->true
D/NetUpdate( 2247): mBootCheckZipExist--->false
D/NetUpdate( 2247): progressValue--->0
D/NetUpdate( 2247): mWriteSD--->true
D/NetUpdate( 2247): mBootCheckZipExist--->false
D/NetUpdate( 2247): progressValue--->0
D/NetUpdate( 2247): mWriteSD--->true
D/NetUpdate( 2247): mBootCheckZipExist--->false
D/NetUpdate( 2247): progressValue--->0
D/NetUpdate( 2247): mWriteSD--->true
D/NetUpdate( 2247): mBootCheckZipExist--->false
D/NetUpdate( 2247): progressValue--->0
D/NetUpdate( 2247): mWriteSD--->true
D/NetUpdate( 2247): mBootCheckZipExist--->false
D/NetUpdate( 2247): progressValue--->0
D/NetUpdate( 2247): mWriteSD--->true
D/NetUpdate( 2247): mBootCheckZipExist--->false
D/NetUpdate( 2247): progressValue--->0
D/NetUpdate( 2247): mWriteSD--->true
D/NetUpdate( 2247): mBootCheckZipExist--->false
D/NetUpdate( 2247): progressValue--->0
D/NetUpdate( 2247): mWriteSD--->true
D/NetUpdate( 2247): mBootCheckZipExist--->false
D/dalvikvm( 1657): GC_CONCURRENT freed 705K, 64% free 2863K/7939K, paused 2ms+3ms
D/dalvikvm( 1657): GC_CONCURRENT freed 707K, 64% free 2862K/7939K, paused 2ms+3ms
D/NetUpdate( 2247): progressValue--->0
D/NetUpdate( 2247): mWriteSD--->true
D/NetUpdate( 2247): mBootCheckZipExist--->false
D/NetUpdate( 2247): progressValue--->0
D/NetUpdate( 2247): mWriteSD--->true
D/NetUpdate( 2247): mBootCheckZipExist--->false
D/HomePlayerLib( 1657): hostaddress count is 1
D/dalvikvm( 1657): GC_CONCURRENT freed 721K, 63% free 2951K/7939K, paused 2ms+3ms
D/dalvikvm( 1657): GC_CONCURRENT freed 823K, 63% free 2974K/7939K, paused 2ms+2ms
D/dalvikvm( 1657): GC_CONCURRENT freed 865K, 64% free 2896K/7939K, paused 2ms+3ms
D/NetUpdate( 2247): progressValue--->0
D/NetUpdate( 2247): mWriteSD--->true
D/NetUpdate( 2247): mBootCheckZipExist--->false
D/dalvikvm( 1657): GC_CONCURRENT freed 763K, 65% free 2849K/7939K, paused 2ms+3ms
D/dalvikvm( 1657): GC_CONCURRENT freed 702K, 65% free 2836K/7939K, paused 2ms+2ms
D/dalvikvm( 1657): GC_CONCURRENT freed 663K, 65% free 2855K/7939K, paused 2ms+2ms
D/NetUpdate( 2247): progressValue--->0
D/NetUpdate( 2247): mWriteSD--->true
D/NetUpdate( 2247): mBootCheckZipExist--->false
D/NetUpdate( 2247): progressValue--->0
D/NetUpdate( 2247): mWriteSD--->true
D/NetUpdate( 2247): mBootCheckZipExist--->false
D/NetUpdate( 2247): progressValue--->0
D/NetUpdate( 2247): mWriteSD--->true
D/NetUpdate( 2247): mBootCheckZipExist--->false
D/NetUpdate( 2247): progressValue--->0
D/NetUpdate( 2247): mWriteSD--->true
D/NetUpdate( 2247): mBootCheckZipExist--->false
D/dalvikvm( 1657): GC_CONCURRENT freed 702K, 64% free 2860K/7939K, paused 2ms+2ms
D/dalvikvm( 1657): GC_CONCURRENT freed 704K, 64% free 2862K/7939K, paused 2ms+3ms
D/dalvikvm( 1657): GC_CONCURRENT freed 705K, 64% free 2860K/7939K, paused 2ms+2ms
D/NetUpdate( 2247): progressValue--->0
D/NetUpdate( 2247): mWriteSD--->true
D/NetUpdate( 2247): mBootCheckZipExist--->false
D/dalvikvm( 1657): GC_CONCURRENT freed 704K, 64% free 2861K/7939K, paused 2ms+3ms
D/NetUpdate( 2247): progressValue--->0
D/NetUpdate( 2247): mWriteSD--->true
D/NetUpdate( 2247): mBootCheckZipExist--->false
D/NetUpdate( 2247): progressValue--->0
D/NetUpdate( 2247): mWriteSD--->true
D/NetUpdate( 2247): mBootCheckZipExist--->false
D/CheckNetWork( 1644): isOk true
D/CheckNetWork( 1644): ActInfoNetworkInfo: type: WIFI[], state: CONNECTED/CONNECTED, reason: (unspecified), extra: (none), roaming: false, failover: false, isAvailable: true
D/dalvikvm( 1644): GC_CONCURRENT freed 364K, 66% free 2163K/6275K, paused 7ms+2ms
D/CheckNetWork( 1644): infoNetworkInfo: type: WIFI[], state: CONNECTED/CONNECTED, reason: (unspecified), extra: (none), roaming: false, failover: false, isAvailable: true
D/NetUpdate( 2247): progressValue--->0
D/NetUpdate( 2247): mWriteSD--->true
D/NetUpdate( 2247): mBootCheckZipExist--->false
D/dalvikvm( 1657): GC_CONCURRENT freed 704K, 64% free 2863K/7939K, paused 2ms+3ms
D/dalvikvm( 1657): GC_CONCURRENT freed 706K, 64% free 2862K/7939K, paused 2ms+2ms
D/NetUpdate( 2247): progressValue--->0
D/NetUpdate( 2247): mWriteSD--->true
D/NetUpdate( 2247): mBootCheckZipExist--->false
D/NetUpdate( 2247): progressValue--->0
D/NetUpdate( 2247): mWriteSD--->true
D/NetUpdate( 2247): mBootCheckZipExist--->false
D/HomePlayerLib( 1657): hostaddress count is 1
D/dalvikvm( 1657): GC_CONCURRENT freed 721K, 65% free 2853K/7939K, paused 2ms+3ms
D/dalvikvm( 1657): GC_CONCURRENT freed 701K, 62% free 3019K/7939K, paused 2ms+3ms
D/dalvikvm( 1657): GC_CONCURRENT freed 917K, 63% free 2970K/7939K, paused 2ms+2ms
D/dalvikvm( 1657): GC_CONCURRENT freed 851K, 63% free 2971K/7939K, paused 2ms+2ms
D/NetUpdate( 2247): progressValue--->0
D/NetUpdate( 2247): mWriteSD--->true
D/NetUpdate( 2247): mBootCheckZipExist--->false
D/dalvikvm( 1657): GC_CONCURRENT freed 846K, 64% free 2859K/7939K, paused 2ms+3ms
D/NetUpdate( 2247): progressValue--->0
D/NetUpdate( 2247): mWriteSD--->true
D/NetUpdate( 2247): mBootCheckZipExist--->false
D/NetUpdate( 2247): progressValue--->0
D/NetUpdate( 2247): mWriteSD--->true
D/NetUpdate( 2247): mBootCheckZipExist--->false
D/NetUpdate( 2247): progressValue--->0
D/NetUpdate( 2247): mWriteSD--->true
D/NetUpdate( 2247): mBootCheckZipExist--->false
D/NetUpdate( 2247): progressValue--->0
D/NetUpdate( 2247): mWriteSD--->true
D/NetUpdate( 2247): mBootCheckZipExist--->false
D/NetUpdate( 2247): progressValue--->0
D/NetUpdate( 2247): mWriteSD--->true
D/NetUpdate( 2247): mBootCheckZipExist--->false
E/CACHE   ( 1872): cleared
I/zomut.watchdog.monitor( 1872): initgather
I/zomut.watchdog.monitor( 1872): endgather
I/zomut.watchdog.monitor( 1872): init
I/zomut.watchdog.monitor( 1872): end
D/NetUpdate( 2247): progressValue--->0
D/NetUpdate( 2247): mWriteSD--->true
D/NetUpdate( 2247): mBootCheckZipExist--->false
D/NetUpdate( 2247): progressValue--->0
D/NetUpdate( 2247): mWriteSD--->true
D/NetUpdate( 2247): mBootCheckZipExist--->false
D/NetUpdate( 2247): progressValue--->0
D/NetUpdate( 2247): mWriteSD--->true
D/NetUpdate( 2247): mBootCheckZipExist--->false
D/dalvikvm( 1657): GC_CONCURRENT freed 706K, 63% free 2963K/7939K, paused 2ms+2ms
D/NetUpdate( 2247): progressValue--->0
D/NetUpdate( 2247): mWriteSD--->true
D/NetUpdate( 2247): mBootCheckZipExist--->false
D/HomePlayerLib( 1657): hostaddress count is 1
D/dalvikvm( 1657): GC_CONCURRENT freed 851K, 63% free 2963K/7939K, paused 2ms+3ms
D/dalvikvm( 1657): GC_CONCURRENT freed 842K, 65% free 2854K/7939K, paused 2ms+2ms
D/dalvikvm( 1657): GC_CONCURRENT freed 703K, 63% free 2960K/7939K, paused 2ms+2ms
D/NetUpdate( 2247): progressValue--->0
D/NetUpdate( 2247): mWriteSD--->true
D/NetUpdate( 2247): mBootCheckZipExist--->false
D/dalvikvm( 1657): GC_CONCURRENT freed 835K, 64% free 2863K/7939K, paused 2ms+3ms
D/dalvikvm( 1657): GC_CONCURRENT freed 706K, 64% free 2906K/7939K, paused 2ms+3ms
D/dalvikvm( 1657): GC_CONCURRENT freed 758K, 64% free 2865K/7939K, paused 2ms+3ms
D/NetUpdate( 2247): progressValue--->0
D/NetUpdate( 2247): mWriteSD--->true
D/NetUpdate( 2247): mBootCheckZipExist--->false
D/NetUpdate( 2247): progressValue--->0
D/NetUpdate( 2247): mWriteSD--->true
D/NetUpdate( 2247): mBootCheckZipExist--->false
D/NetUpdate( 2247): progressValue--->0
D/NetUpdate( 2247): mWriteSD--->true
D/NetUpdate( 2247): mBootCheckZipExist--->false
D/dalvikvm( 1657): GC_CONCURRENT freed 707K, 64% free 2861K/7939K, paused 3ms+3ms
D/dalvikvm( 1657): GC_CONCURRENT freed 706K, 65% free 2857K/7939K, paused 2ms+2ms
D/dalvikvm( 1657): GC_CONCURRENT freed 703K, 64% free 2863K/7939K, paused 1ms+2ms
D/dalvikvm( 1657): GC_CONCURRENT freed 705K, 64% free 2863K/7939K, paused 2ms+3ms
D/NetUpdate( 2247): progressValue--->0
D/NetUpdate( 2247): mWriteSD--->true
D/NetUpdate( 2247): mBootCheckZipExist--->false
D/dalvikvm( 1657): GC_CONCURRENT freed 706K, 64% free 2863K/7939K, paused 2ms+2ms
D/NetUpdate( 2247): progressValue--->0
D/NetUpdate( 2247): mWriteSD--->true
D/NetUpdate( 2247): mBootCheckZipExist--->false
D/NetUpdate( 2247): progressValue--->0
D/NetUpdate( 2247): mWriteSD--->true
D/NetUpdate( 2247): mBootCheckZipExist--->false
D/NetUpdate( 2247): progressValue--->0
D/NetUpdate( 2247): mWriteSD--->true
D/NetUpdate( 2247): mBootCheckZipExist--->false
D/NetUpdate( 2247): progressValue--->0
D/NetUpdate( 2247): mWriteSD--->true
D/NetUpdate( 2247): mBootCheckZipExist--->false
D/NetUpdate( 2247): progressValue--->0
D/NetUpdate( 2247): mWriteSD--->true
D/NetUpdate( 2247): mBootCheckZipExist--->false
D/dalvikvm( 1657): GC_CONCURRENT freed 705K, 64% free 2863K/7939K, paused 2ms+3ms
D/NetUpdate( 2247): progressValue--->0
D/NetUpdate( 2247): mWriteSD--->true
D/NetUpdate( 2247): mBootCheckZipExist--->false
D/HomePlayerLib( 1657): hostaddress count is 1
D/dalvikvm( 1657): GC_CONCURRENT freed 721K, 63% free 2959K/7939K, paused 3ms+2ms
D/dalvikvm( 1657): GC_CONCURRENT freed 836K, 64% free 2860K/7939K, paused 2ms+3ms
D/dalvikvm( 1657): GC_CONCURRENT freed 699K, 63% free 2974K/7939K, paused 2ms+3ms
D/NetUpdate( 2247): progressValue--->0
D/NetUpdate( 2247): mWriteSD--->true
D/NetUpdate( 2247): mBootCheckZipExist--->false
D/dalvikvm( 1657): GC_CONCURRENT freed 859K, 64% free 2879K/7939K, paused 3ms+3ms
D/dalvikvm( 1657): GC_CONCURRENT freed 731K, 64% free 2864K/7939K, paused 2ms+2ms
D/NetUpdate( 2247): progressValue--->0
D/NetUpdate( 2247): mWriteSD--->true
D/NetUpdate( 2247): mBootCheckZipExist--->false
D/NetUpdate( 2247): progressValue--->0
D/NetUpdate( 2247): mWriteSD--->true
D/NetUpdate( 2247): mBootCheckZipExist--->false
D/NetUpdate( 2247): progressValue--->0
D/NetUpdate( 2247): mWriteSD--->true
D/NetUpdate( 2247): mBootCheckZipExist--->false
D/NetUpdate( 2247): progressValue--->0
D/NetUpdate( 2247): mWriteSD--->true
D/NetUpdate( 2247): mBootCheckZipExist--->false
D/NetUpdate( 2247): progressValue--->0
D/NetUpdate( 2247): mWriteSD--->true
D/NetUpdate( 2247): mBootCheckZipExist--->false
D/NetUpdate( 2247): progressValue--->0
D/NetUpdate( 2247): mWriteSD--->true
D/NetUpdate( 2247): mBootCheckZipExist--->false
D/NetUpdate( 2247): progressValue--->0
D/NetUpdate( 2247): mWriteSD--->true
D/NetUpdate( 2247): mBootCheckZipExist--->false
D/NetUpdate( 2247): progressValue--->0
D/NetUpdate( 2247): mWriteSD--->true
D/NetUpdate( 2247): mBootCheckZipExist--->false
D/dalvikvm( 1657): GC_CONCURRENT freed 707K, 64% free 2863K/7939K, paused 2ms+3ms
D/NetUpdate( 2247): progressValue--->0
D/NetUpdate( 2247): mWriteSD--->true
D/NetUpdate( 2247): mBootCheckZipExist--->false
D/dalvikvm( 1657): GC_CONCURRENT freed 722K, 65% free 2835K/7939K, paused 2ms+3ms
D/NetUpdate( 2247): progressValue--->0
D/NetUpdate( 2247): mWriteSD--->true
D/NetUpdate( 2247): mBootCheckZipExist--->false
D/HomePlayerLib( 1657): hostaddress count is 1
D/dalvikvm( 1657): GC_CONCURRENT freed 743K, 64% free 2898K/7939K, paused 2ms+3ms
D/dalvikvm( 1657): GC_CONCURRENT freed 743K, 63% free 2983K/7939K, paused 2ms+3ms
D/dalvikvm( 1657): GC_CONCURRENT freed 862K, 64% free 2907K/7939K, paused 2ms+2ms
D/dalvikvm( 1657): GC_CONCURRENT freed 774K, 65% free 2839K/7939K, paused 2ms+3ms
D/dalvikvm( 1657): GC_CONCURRENT freed 677K, 64% free 2866K/7939K, paused 2ms+3ms
D/NetUpdate( 2247): progressValue--->0
D/NetUpdate( 2247): mWriteSD--->true
D/NetUpdate( 2247): mBootCheckZipExist--->false
D/dalvikvm( 1657): GC_CONCURRENT freed 718K, 64% free 2864K/7939K, paused 2ms+3ms
D/NetUpdate( 2247): progressValue--->0
D/NetUpdate( 2247): mWriteSD--->true
D/NetUpdate( 2247): mBootCheckZipExist--->false
D/dalvikvm( 1657): GC_CONCURRENT freed 707K, 64% free 2863K/7939K, paused 2ms+3ms
D/dalvikvm( 1657): GC_CONCURRENT freed 704K, 64% free 2863K/7939K, paused 2ms+3ms
D/dalvikvm( 1657): GC_CONCURRENT freed 705K, 64% free 2863K/7939K, paused 2ms+2ms
D/NetUpdate( 2247): progressValue--->0
D/NetUpdate( 2247): mWriteSD--->true
D/NetUpdate( 2247): mBootCheckZipExist--->false
D/dalvikvm( 1657): GC_CONCURRENT freed 705K, 64% free 2863K/7939K, paused 2ms+2ms
D/NetUpdate( 2247): progressValue--->0
D/NetUpdate( 2247): mWriteSD--->true
D/NetUpdate( 2247): mBootCheckZipExist--->false
D/NetUpdate( 2247): progressValue--->0
D/NetUpdate( 2247): mWriteSD--->true
D/NetUpdate( 2247): mBootCheckZipExist--->false
D/NetUpdate( 2247): progressValue--->0
D/NetUpdate( 2247): mWriteSD--->true
D/NetUpdate( 2247): mBootCheckZipExist--->false
D/NetUpdate( 2247): progressValue--->0
D/NetUpdate( 2247): mWriteSD--->true
D/NetUpdate( 2247): mBootCheckZipExist--->false
D/NetUpdate( 2247): progressValue--->0
D/NetUpdate( 2247): mWriteSD--->true
D/NetUpdate( 2247): mBootCheckZipExist--->false
D/NetUpdate( 2247): progressValue--->0
D/NetUpdate( 2247): mWriteSD--->true
D/NetUpdate( 2247): mBootCheckZipExist--->false
D/dalvikvm( 1657): GC_CONCURRENT freed 705K, 64% free 2863K/7939K, paused 2ms+3ms
D/dalvikvm( 1657): GC_CONCURRENT freed 706K, 64% free 2863K/7939K, paused 2ms+2ms
D/NetUpdate( 2247): progressValue--->0
D/NetUpdate( 2247): mWriteSD--->true
D/NetUpdate( 2247): mBootCheckZipExist--->false
D/NetUpdate( 2247): progressValue--->0
D/NetUpdate( 2247): mWriteSD--->true
D/NetUpdate( 2247): mBootCheckZipExist--->false
D/HomePlayerLib( 1657): hostaddress count is 1
D/dalvikvm( 1657): GC_CONCURRENT freed 723K, 63% free 2952K/7939K, paused 2ms+3ms
D/dalvikvm( 1657): GC_CONCURRENT freed 837K, 63% free 2956K/7939K, paused 2ms+2ms
D/dalvikvm( 1657): GC_CONCURRENT freed 822K, 63% free 2982K/7939K, paused 2ms+3ms
D/dalvikvm( 1657): GC_CONCURRENT freed 862K, 63% free 2966K/7939K, paused 2ms+3ms
D/dalvikvm( 1657): GC_CONCURRENT freed 857K, 63% free 2939K/7939K, paused 2ms+3ms
D/NetUpdate( 2247): progressValue--->0
D/NetUpdate( 2247): mWriteSD--->true
D/NetUpdate( 2247): mBootCheckZipExist--->false
D/NetUpdate( 2247): progressValue--->0
D/NetUpdate( 2247): mWriteSD--->true
D/NetUpdate( 2247): mBootCheckZipExist--->false
D/NetUpdate( 2247): progressValue--->0
D/NetUpdate( 2247): mWriteSD--->true
D/NetUpdate( 2247): mBootCheckZipExist--->false
D/NetUpdate( 2247): progressValue--->0
D/NetUpdate( 2247): mWriteSD--->true
D/NetUpdate( 2247): mBootCheckZipExist--->false
D/NetUpdate( 2247): progressValue--->0
D/NetUpdate( 2247): mWriteSD--->true
D/NetUpdate( 2247): mBootCheckZipExist--->false
D/NetUpdate( 2247): progressValue--->0
D/NetUpdate( 2247): mWriteSD--->true
D/NetUpdate( 2247): mBootCheckZipExist--->false
D/NetUpdate( 2247): progressValue--->0
D/NetUpdate( 2247): mWriteSD--->true
D/NetUpdate( 2247): mBootCheckZipExist--->false
D/NetUpdate( 2247): progressValue--->0
D/NetUpdate( 2247): mWriteSD--->true
D/NetUpdate( 2247): mBootCheckZipExist--->false
D/dalvikvm( 1657): GC_CONCURRENT freed 823K, 65% free 2833K/7939K, paused 2ms+2ms
D/NetUpdate( 2247): progressValue--->0
D/NetUpdate( 2247): mWriteSD--->true
D/NetUpdate( 2247): mBootCheckZipExist--->false
D/dalvikvm( 1657): GC_CONCURRENT freed 668K, 65% free 2857K/7939K, paused 2ms+3ms
D/NetUpdate( 2247): progressValue--->0
D/NetUpdate( 2247): mWriteSD--->true
D/NetUpdate( 2247): mBootCheckZipExist--->false
D/HomePlayerLib( 1657): hostaddress count is 1
D/dalvikvm( 1657): GC_CONCURRENT freed 707K, 63% free 2964K/7939K, paused 2ms+2ms
D/dalvikvm( 1657): GC_CONCURRENT freed 848K, 63% free 3008K/7939K, paused 2ms+3ms
D/NetUpdate( 2247): progressValue--->0
D/NetUpdate( 2247): mWriteSD--->true
D/NetUpdate( 2247): mBootCheckZipExist--->false
D/dalvikvm( 1657): GC_CONCURRENT freed 907K, 65% free 2855K/7939K, paused 3ms+2ms
D/dalvikvm( 1657): GC_CONCURRENT freed 707K, 65% free 2848K/7939K, paused 2ms+2ms
D/dalvikvm( 1657): GC_CONCURRENT freed 700K, 65% free 2837K/7939K, paused 2ms+3ms
D/dalvikvm( 1657): GC_CONCURRENT freed 679K, 64% free 2859K/7939K, paused 3ms+2ms
D/NetUpdate( 2247): progressValue--->0
D/NetUpdate( 2247): mWriteSD--->true
D/NetUpdate( 2247): mBootCheckZipExist--->false
D/dalvikvm( 1657): GC_CONCURRENT freed 705K, 64% free 2862K/7939K, paused 3ms+3ms
D/dalvikvm( 1657): GC_CONCURRENT freed 704K, 64% free 2862K/7939K, paused 2ms+3ms
D/dalvikvm( 1657): GC_CONCURRENT freed 706K, 64% free 2859K/7939K, paused 2ms+2ms
D/NetUpdate( 2247): progressValue--->0
D/NetUpdate( 2247): mWriteSD--->true
D/NetUpdate( 2247): mBootCheckZipExist--->false
D/dalvikvm( 1657): GC_CONCURRENT freed 707K, 64% free 2860K/7939K, paused 2ms+3ms
D/NetUpdate( 2247): progressValue--->0
D/NetUpdate( 2247): mWriteSD--->true
D/NetUpdate( 2247): mBootCheckZipExist--->false
D/CheckNetWork( 1644): isOk true
D/CheckNetWork( 1644): ActInfoNetworkInfo: type: WIFI[], state: CONNECTED/CONNECTED, reason: (unspecified), extra: (none), roaming: false, failover: false, isAvailable: true
D/CheckNetWork( 1644): infoNetworkInfo: type: WIFI[], state: CONNECTED/CONNECTED, reason: (unspecified), extra: (none), roaming: false, failover: false, isAvailable: true
D/NetUpdate( 2247): progressValue--->0
D/NetUpdate( 2247): mWriteSD--->true
D/NetUpdate( 2247): mBootCheckZipExist--->false
D/NetUpdate( 2247): progressValue--->0
D/NetUpdate( 2247): mWriteSD--->true
D/NetUpdate( 2247): mBootCheckZipExist--->false
D/NetUpdate( 2247): progressValue--->0
D/NetUpdate( 2247): mWriteSD--->true
D/NetUpdate( 2247): mBootCheckZipExist--->false
D/NetUpdate( 2247): progressValue--->0
D/NetUpdate( 2247): mWriteSD--->true
D/NetUpdate( 2247): mBootCheckZipExist--->false
D/NetUpdate( 2247): progressValue--->0
D/NetUpdate( 2247): mWriteSD--->true
D/NetUpdate( 2247): mBootCheckZipExist--->false
D/dalvikvm( 1657): GC_CONCURRENT freed 705K, 64% free 2861K/7939K, paused 2ms+2ms
D/NetUpdate( 2247): progressValue--->0
D/NetUpdate( 2247): mWriteSD--->true
D/NetUpdate( 2247): mBootCheckZipExist--->false
D/NetUpdate( 2247): progressValue--->0
D/NetUpdate( 2247): mWriteSD--->true
D/NetUpdate( 2247): mBootCheckZipExist--->false
D/HomePlayerLib( 1657): hostaddress count is 1
D/dalvikvm( 1657): GC_CONCURRENT freed 722K, 64% free 2868K/7939K, paused 2ms+2ms
D/dalvikvm( 1657): GC_CONCURRENT freed 717K, 63% free 2963K/7939K, paused 2ms+3ms
D/dalvikvm( 1657): GC_CONCURRENT freed 824K, 63% free 2997K/7939K, paused 3ms+3ms
D/dalvikvm( 1657): GC_CONCURRENT freed 896K, 65% free 2852K/7939K, paused 2ms+3ms
D/NetUpdate( 2247): progressValue--->0
D/NetUpdate( 2247): mWriteSD--->true
D/NetUpdate( 2247): mBootCheckZipExist--->false
D/dalvikvm( 1657): GC_CONCURRENT freed 686K, 64% free 2858K/7939K, paused 2ms+2ms
D/dalvikvm( 1657): GC_CONCURRENT freed 709K, 64% free 2863K/7939K, paused 2ms+3ms
D/NetUpdate( 2247): progressValue--->0
D/NetUpdate( 2247): mWriteSD--->true
D/NetUpdate( 2247): mBootCheckZipExist--->false
E/CACHE   ( 1872): cleared
I/zomut.watchdog.monitor( 1872): initgather
D/dalvikvm( 1872): GC_CONCURRENT freed 1967K, 46% free 6833K/12547K, paused 2ms+3ms
I/zomut.watchdog.monitor( 1872): endgather
I/zomut.watchdog.monitor( 1872): init
I/zomut.watchdog.monitor( 1872): end
D/NetUpdate( 2247): progressValue--->0
D/NetUpdate( 2247): mWriteSD--->true
D/NetUpdate( 2247): mBootCheckZipExist--->false
D/NetUpdate( 2247): progressValue--->0
D/NetUpdate( 2247): mWriteSD--->true
D/NetUpdate( 2247): mBootCheckZipExist--->false
D/NetUpdate( 2247): progressValue--->0
D/NetUpdate( 2247): mWriteSD--->true
D/NetUpdate( 2247): mBootCheckZipExist--->false
D/NetUpdate( 2247): progressValue--->0
D/NetUpdate( 2247): mWriteSD--->true
D/NetUpdate( 2247): mBootCheckZipExist--->false
D/NetUpdate( 2247): progressValue--->0
D/NetUpdate( 2247): mWriteSD--->true
D/NetUpdate( 2247): mBootCheckZipExist--->false
D/NetUpdate( 2247): progressValue--->0
D/NetUpdate( 2247): mWriteSD--->true
D/NetUpdate( 2247): mBootCheckZipExist--->false
D/NetUpdate( 2247): progressValue--->0
D/NetUpdate( 2247): mWriteSD--->true
D/NetUpdate( 2247): mBootCheckZipExist--->false
D/dalvikvm( 1657): GC_CONCURRENT freed 723K, 65% free 2843K/7939K, paused 2ms+2ms
D/dalvikvm( 1657): GC_CONCURRENT freed 694K, 65% free 2837K/7939K, paused 2ms+2ms
D/NetUpdate( 2247): progressValue--->0
D/NetUpdate( 2247): mWriteSD--->true
D/NetUpdate( 2247): mBootCheckZipExist--->false
D/dalvikvm( 1657): GC_CONCURRENT freed 680K, 65% free 2857K/7939K, paused 2ms+2ms
D/dalvikvm( 1657): GC_CONCURRENT freed 704K, 64% free 2863K/7939K, paused 2ms+3ms
D/dalvikvm( 1657): GC_CONCURRENT freed 705K, 64% free 2862K/7939K, paused 2ms+3ms
D/dalvikvm( 1657): GC_CONCURRENT freed 704K, 64% free 2863K/7939K, paused 2ms+2ms
D/NetUpdate( 2247): progressValue--->0
D/NetUpdate( 2247): mWriteSD--->true
D/NetUpdate( 2247): mBootCheckZipExist--->false
D/dalvikvm( 1657): GC_CONCURRENT freed 707K, 63% free 2968K/7939K, paused 2ms+2ms
D/HomePlayerLib( 1657): hostaddress count is 1
D/dalvikvm( 1657): GC_CONCURRENT freed 841K, 63% free 2980K/7939K, paused 2ms+2ms
D/dalvikvm( 1657): GC_CONCURRENT freed 864K, 64% free 2880K/7939K, paused 2ms+2ms
D/dalvikvm( 1657): GC_CONCURRENT freed 717K, 64% free 2860K/7939K, paused 2ms+2ms
D/dalvikvm( 1657): GC_CONCURRENT freed 704K, 64% free 2865K/7939K, paused 2ms+2ms
D/NetUpdate( 2247): progressValue--->0
D/NetUpdate( 2247): mWriteSD--->true
D/NetUpdate( 2247): mBootCheckZipExist--->false
D/dalvikvm( 1657): GC_CONCURRENT freed 718K, 64% free 2864K/7939K, paused 2ms+2ms
D/NetUpdate( 2247): progressValue--->0
D/NetUpdate( 2247): mWriteSD--->true
D/NetUpdate( 2247): mBootCheckZipExist--->false
D/NetUpdate( 2247): progressValue--->0
D/NetUpdate( 2247): mWriteSD--->true
D/NetUpdate( 2247): mBootCheckZipExist--->false
D/NetUpdate( 2247): progressValue--->0
D/NetUpdate( 2247): mWriteSD--->true
D/NetUpdate( 2247): mBootCheckZipExist--->false
D/NetUpdate( 2247): progressValue--->0
D/NetUpdate( 2247): mWriteSD--->true
D/NetUpdate( 2247): mBootCheckZipExist--->false
D/NetUpdate( 2247): progressValue--->0
D/NetUpdate( 2247): mWriteSD--->true
D/NetUpdate( 2247): mBootCheckZipExist--->false
D/NetUpdate( 2247): progressValue--->0
D/NetUpdate( 2247): mWriteSD--->true
D/NetUpdate( 2247): mBootCheckZipExist--->false

[  562.814342] IR: [03932] scan key value is 0xec13c936 
[  562.814347]  
[  562.866922] IR: [03932] scan key value is 0xec13c936 
[  562.866927]  V/TabletStatusBar( 1140): setLightsOn(true)
E/fbdev   ( 1021): Attention! GFLIP time out, force update gop ring buffer!
E/fbdev   ( 1021): Attention! GFLIP time out, force update gop ring buffer!
E/fbdev   ( 1021): Attention! GFLIP time out, force update gop ring buffer!
E/fbdev   ( 1021): Attention! GFLIP time out, force update gop ring buffer!
E/fbdev   ( 1021): Attention! GFLIP time out, force update gop ring buffer!
E/fbdev   ( 1021): Attention! GFLIP time out, force update gop ring buffer!
E/fbdev   ( 1021): Attention! GFLIP time out, force update gop ring buffer!
E/fbdev   ( 1021): Attention! GFLIP time out, force update gop ring buffer!
E/fbdev   ( 1021): Attention! GFLIP time out, force update gop ring buffer!
E/fbdev   ( 1021): Attention! GFLIP time out, force update gop ring buffer!
D/NetUpdate( 2247): progressValue--->0
D/NetUpdate( 2247): mWriteSD--->true
D/NetUpdate( 2247): mBootCheckZipExist--->false
E/fbdev   ( 1021): Attention! GFLIP time out, force update gop ring buffer!
E/fbdev   ( 1021): Attention! GFLIP time out, force update gop ring buffer!
E/fbdev   ( 1021): Attention! GFLIP time out, force update gop ring buffer!
E/fbdev   ( 1021): Attention! GFLIP time out, force update gop ring buffer!
E/fbdev   ( 1021): Attention! GFLIP time out, force update gop ring buffer!
E/fbdev   ( 1021): Attention! GFLIP time out, force update gop ring buffer!
D/NetUpdate( 2247): progressValue--->0
D/NetUpdate( 2247): mWriteSD--->true
D/NetUpdate( 2247): mBootCheckZipExist--->false
D/dalvikvm( 1657): GC_CONCURRENT freed 707K, 64% free 2862K/7939K, paused 3ms+2ms
D/dalvikvm( 1657): GC_CONCURRENT freed 706K, 64% free 2862K/7939K, paused 3ms+3ms
D/NetUpdate( 2247): progressValue--->0
D/NetUpdate( 2247): mWriteSD--->true
D/NetUpdate( 2247): mBootCheckZipExist--->false
D/NetUpdate( 2247): progressValue--->0
D/NetUpdate( 2247): mWriteSD--->true
D/NetUpdate( 2247): mBootCheckZipExist--->false
D/HomePlayerLib( 1657): hostaddress count is 1
D/dalvikvm( 1657): GC_CONCURRENT freed 721K, 65% free 2852K/7939K, paused 2ms+2ms
D/dalvikvm( 1657): GC_CONCURRENT freed 702K, 63% free 2959K/7939K, paused 2ms+3ms
D/dalvikvm( 1657): GC_CONCURRENT freed 835K, 63% free 2987K/7939K, paused 3ms+3ms
D/dalvikvm( 1657): GC_CONCURRENT freed 901K, 65% free 2835K/7939K, paused 2ms+2ms
D/dalvikvm( 1657): GC_CONCURRENT freed 674K, 64% free 2877K/7939K, paused 2ms+3ms
D/NetUpdate( 2247): progressValue--->0
D/NetUpdate( 2247): mWriteSD--->true
D/NetUpdate( 2247): mBootCheckZipExist--->false
D/NetUpdate( 2247): progressValue--->0
D/NetUpdate( 2247): mWriteSD--->true
D/NetUpdate( 2247): mBootCheckZipExist--->false
D/NetUpdate( 2247): progressValue--->0
D/NetUpdate( 2247): mWriteSD--->true
D/NetUpdate( 2247): mBootCheckZipExist--->false
D/NetUpdate( 2247): progressValue--->0
D/NetUpdate( 2247): mWriteSD--->true
D/NetUpdate( 2247): mBootCheckZipExist--->false
D/NetUpdate( 2247): progressValue--->0
D/NetUpdate( 2247): mWriteSD--->true
D/NetUpdate( 2247): mBootCheckZipExist--->false
D/NetUpdate( 2247): progressValue--->0
D/NetUpdate( 2247): mWriteSD--->true
D/NetUpdate( 2247): mBootCheckZipExist--->false
D/NetUpdate( 2247): progressValue--->0
D/NetUpdate( 2247): mWriteSD--->true
D/NetUpdate( 2247): mBootCheckZipExist--->false
D/dalvikvm( 1657): GC_CONCURRENT freed 741K, 65% free 2841K/7939K, paused 2ms+3ms
D/NetUpdate( 2247): progressValue--->0
D/NetUpdate( 2247): mWriteSD--->true
D/NetUpdate( 2247): mBootCheckZipExist--->false
D/dalvikvm( 1657): GC_CONCURRENT freed 692K, 65% free 2836K/7939K, paused 2ms+2ms
D/dalvikvm( 1657): GC_CONCURRENT freed 677K, 64% free 2858K/7939K, paused 2ms+3ms
D/dalvikvm( 1657): GC_CONCURRENT freed 705K, 64% free 2860K/7939K, paused 2ms+3ms
D/dalvikvm( 1657): GC_CONCURRENT freed 704K, 64% free 2859K/7939K, paused 2ms+3ms
D/NetUpdate( 2247): progressValue--->0
D/NetUpdate( 2247): mWriteSD--->true
D/NetUpdate( 2247): mBootCheckZipExist--->false
D/dalvikvm( 1657): GC_CONCURRENT freed 704K, 64% free 2863K/7939K, paused 3ms+3ms
D/dalvikvm( 1657): GC_CONCURRENT freed 706K, 64% free 2863K/7939K, paused 2ms+2ms
D/NetUpdate( 2247): progressValue--->0
D/NetUpdate( 2247): mWriteSD--->true
D/NetUpdate( 2247): mBootCheckZipExist--->false
D/HomePlayerLib( 1657): hostaddress count is 1
D/dalvikvm( 1657): GC_CONCURRENT freed 721K, 63% free 2959K/7939K, paused 2ms+2ms
D/dalvikvm( 1657): GC_CONCURRENT freed 836K, 63% free 2967K/7939K, paused 2ms+3ms
D/NetUpdate( 2247): progressValue--->0
D/NetUpdate( 2247): mWriteSD--->true
D/NetUpdate( 2247): mBootCheckZipExist--->false
D/dalvikvm( 1657): GC_CONCURRENT freed 852K, 64% free 2881K/7939K, paused 2ms+2ms
D/dalvikvm( 1657): GC_CONCURRENT freed 731K, 64% free 2863K/7939K, paused 2ms+3ms
D/dalvikvm( 1657): GC_CONCURRENT freed 708K, 64% free 2863K/7939K, paused 2ms+2ms
D/NetUpdate( 2247): progressValue--->0
D/NetUpdate( 2247): mWriteSD--->true
D/NetUpdate( 2247): mBootCheckZipExist--->false
D/ImplicitAppManagerTimerTask( 2100):  ------:: ImplicitAppManagerTimerTask execute...1366801587678
D/NetUpdate( 2247): progressValue--->0
D/NetUpdate( 2247): mWriteSD--->true
D/NetUpdate( 2247): mBootCheckZipExist--->false
D/NetUpdate( 2247): progressValue--->0
D/NetUpdate( 2247): mWriteSD--->true
D/NetUpdate( 2247): mBootCheckZipExist--->false
D/NetUpdate( 2247): progressValue--->0
D/NetUpdate( 2247): mWriteSD--->true
D/NetUpdate( 2247): mBootCheckZipExist--->false

[  581.649233] IR: [03932] scan key value is 0xec138000 
[  581.649238]  V/NetFirmwareService( 1250): onStartCommand
V/NetFirmwareService( 1250): intent--->Intent { act=com.coship.netfirmware.NetFirmwareService (has extras) }
V/NetFirmwareService( 1250): Network is connected!
I/NetFirmwareService( 1250): initPromtDialog_SHOW!
E/WindowManager(  937): Unknown window type: 2131099651
V/TabletStatusBar( 1140): setLightsOn(true)
E/fbdev   ( 1021): Attention! GFLIP time out, force update gop ring buffer!
W/InputManagerService(  937): Starting input on non-focused client com.android.internal.view.IInputMethodClient$Stub$Proxy@4157c628 (uid=1000 pid=2247)
E/fbdev   ( 1021): Attention! GFLIP time out, force update gop ring buffer!
E/fbdev   ( 1021): Attention! GFLIP time out, force update gop ring buffer!
E/fbdev   ( 1021): Attention! GFLIP time out, force update gop ring buffer!
E/fbdev   ( 1021): Attention! GFLIP time out, force update gop ring buffer!
E/fbdev   ( 1021): Attention! GFLIP time out, force update gop ring buffer!
E/fbdev   ( 1021): Attention! GFLIP time out, force update gop ring buffer!
E/fbdev   ( 1021): Attention! GFLIP time out, force update gop ring buffer!
E/fbdev   ( 1021): Attention! GFLIP time out, force update gop ring buffer!
E/fbdev   ( 1021): Attention! GFLIP time out, force update gop ring buffer!
E/fbdev   ( 1021): Attention! GFLIP time out, force update gop ring buffer!
E/fbdev   ( 1021): Attention! GFLIP time out, force update gop ring buffer!
E/fbdev   ( 1021): Attention! GFLIP time out, force update gop ring buffer!
E/fbdev   ( 1021): Attention! GFLIP time out, force update gop ring buffer!
E/fbdev   ( 1021): Attention! GFLIP time out, force update gop ring buffer!
E/fbdev   ( 1021): Attention! GFLIP time out, force update gop ring buffer!
E/fbdev   ( 1021): Attention! GFLIP time out, force update gop ring buffer!
E/fbdev   ( 1021): Attention! GFLIP time out, force update gop ring buffer!
E/fbdev   ( 1021): Attention! GFLIP time out, force update gop ring buffer!
D/NetUpdate( 2247): progressValue--->0
D/NetUpdate( 2247): mWriteSD--->true
D/NetUpdate( 2247): mBootCheckZipExist--->false
E/fbdev   ( 1021): Attention! GFLIP time out, force update gop ring buffer!
D/NetFirmwareService( 1250): loadZipProgress--->0
V/NetFirmwareService( 1250): mServicePath--->http://update.coship.com/update/system/S1001
I/NetFirmwareService( 1250): mHwvStr--->002104
I/NetFirmwareService( 1250): mSwv--->211321
I/FileUtils( 1250): mkFilePath--->/data/data/com.coship.netfirmware/versioncode.dat
V/HttpDownLoad( 1250): InputStream_input--->libcore.net.http.FixedLengthInputStream@416ffb40
I/FileUtils( 1250): mkdirPath--->/data/data/com.coship.netfirmware/
I/FileUtils( 1250): createNewFilePath--->/data/data/com.coship.netfirmware/versioncode.dat
I/FileUtils( 1250): file--->versioncode.dat
I/HttpDownLoad( 1250): resultFile--->/data/data/com.coship.netfirmware/versioncode.dat
I/NetFirmwareService( 1250): v--->211321
I/NetFirmwareService( 1250): q--->00001
I/NetFirmwareService( 1250): c--->00001
I/FileUtils( 1250): mkFilePath--->/data/data/com.coship.netfirmware/description_211321.dat
V/HttpDownLoad( 1250): InputStream_input--->libcore.net.http.FixedLengthInputStream@416e0c88
I/FileUtils( 1250): mkdirPath--->/data/data/com.coship.netfirmware/
I/FileUtils( 1250): createNewFilePath--->/data/data/com.coship.netfirmware/description_211321.dat
I/FileUtils( 1250): file--->description_211321.dat
I/HttpDownLoad( 1250): resultFile--->/data/data/com.coship.netfirmware/description_211321.dat
I/NetFirmwareService( 1250): packageSize--->181917198
I/NetFirmwareService( 1250): MD5--->D0D1693015A828A1F0274DF26141EF8C
I/NetFirmwareService( 1250): changeHistory--->1.CYWEEHTTPUDP;2.CIBN<>;3.CYWEE720*480,640*480CYWEE
V/NetFirmwareService( 1250): MSG_LOAD_DAT_STATUS_mNetUpdate--->true
D/NetFirmwareService( 1250): Network Connection Success!
D/NetFirmwareService( 1250): Upgrade File Load Success!
D/NetFirmwareService( 1250): serverURL = www.stp_firmware.coship.com
D/NetFirmwareService( 1250): CheckUpgradeTimer mCheckTime = 5
D/NetFirmwareService( 1250): startTimer
D/NetFirmwareService( 1250): removeTimer
E/fbdev   ( 1021): Attention! GFLIP time out, force update gop ring buffer!
D/NetUpdate( 2247): progressValue--->0
D/NetUpdate( 2247): mWriteSD--->true
D/NetUpdate( 2247): mBootCheckZipExist--->false
E/fbdev   ( 1021): Attention! GFLIP time out, force update gop ring buffer!
E/fbdev   ( 1021): Attention! GFLIP time out, force update gop ring buffer!
E/fbdev   ( 1021): Attention! GFLIP time out, force update gop ring buffer!
E/fbdev   ( 1021): Attention! GFLIP time out, force update gop ring buffer!
E/fbdev   ( 1021): Attention! GFLIP time out, force update gop ring buffer!
D/NetUpdate( 2247): progressValue--->0
D/NetUpdate( 2247): mWriteSD--->true
D/NetUpdate( 2247): mBootCheckZipExist--->false
E/fbdev   ( 1021): Attention! GFLIP time out, force update gop ring buffer!
E/fbdev   ( 1021): Attention! GFLIP time out, force update gop ring buffer!
E/fbdev   ( 1021): Attention! GFLIP time out, force update gop ring buffer!
D/ImplicitAppManagerTimerTask( 2100):  ------:: retObj = {"resultObject":{"pageSize":10,"resultList":[{"packageName":"com.coship.cibn","executeAction":2,"versionCode":21,"downloadUrl":"http:\/\/app.longvisionmedia.com:80\/upload\/signedapp\/328d3ec8-997d-49b9-a3b4-62750378f081.apk"},{"packageName":"com.aidufei.movieonline","executeAction":2,"versionCode":35,"downloadUrl":"http:\/\/app.longvisionmedia.com:80\/upload\/signedapp\/137aa728-47c2-4fe9-918b-cad6c79e4d28.apk"}],"hasNextPage":false,"currentPage":1,"totalPage":0,"totalCount":2,"hasPrePage":false},"respseStatus":"0","respseDesc":"Success"}
E/fbdev   ( 1021): Attention! GFLIP time out, force update gop ring buffer!
D/ImplicitAppManagerTimerTask( 2100):  ------:: downUpgradeClient  downloadUrl= http://app.longvisionmedia.com:80/upload/signedapp/328d3ec8-997d-49b9-a3b4-62750378f081.apk
E/fbdev   ( 1021): Attention! GFLIP time out, force update gop ring buffer!
D/NetUpdate( 2247): progressValue--->0
D/NetUpdate( 2247): mWriteSD--->true
D/NetUpdate( 2247): mBootCheckZipExist--->false
E/fbdev   ( 1021): Attention! GFLIP time out, force update gop ring buffer!
D/ImplicitAppManagerTimerTask( 2100):  ------:: Server:Apache-Coyote/1.1
D/ImplicitAppManagerTimerTask( 2100):  ------:: Accept-Ranges:bytes
D/ImplicitAppManagerTimerTask( 2100):  ------:: ETag:W/"7412818-1366722432000"
D/ImplicitAppManagerTimerTask( 2100):  ------:: Last-Modified:Tue, 23 Apr 2013 13:07:12 GMT
D/ImplicitAppManagerTimerTask( 2100):  ------:: Content-Type:application/vnd.android.package-archive
D/ImplicitAppManagerTimerTask( 2100):  ------:: Content-Length:7412818
D/ImplicitAppManagerTimerTask( 2100):  ------:: mTotalSize:7412818
E/fbdev   ( 1021): Attention! GFLIP time out, force update gop ring buffer!
D/ImplicitAppManagerTimerTask( 2100):  ------:: storage ret:true
D/dalvikvm( 2100): GC_CONCURRENT freed 1402K, 42% free 7138K/12291K, paused 4ms+5ms
E/fbdev   ( 1021): Attention! GFLIP time out, force update gop ring buffer!
E/fbdev   ( 1021): Attention! GFLIP time out, force update gop ring buffer!
D/dalvikvm( 1657): GC_CONCURRENT freed 705K, 65% free 2857K/7939K, paused 3ms+3ms
D/ImplicitAppManagerTimerTask( 2100):  ------:: download length: 4116
E/fbdev   ( 1021): Attention! GFLIP time out, force update gop ring buffer!
D/NetUpdate( 2247): progressValue--->0
D/NetUpdate( 2247): mWriteSD--->true
D/NetUpdate( 2247): mBootCheckZipExist--->false
D/ImplicitAppManagerTimerTask( 2100):  ------:: download length: 17256
E/fbdev   ( 1021): Attention! GFLIP time out, force update gop ring buffer!
D/dalvikvm( 1657): GC_CONCURRENT freed 727K, 65% free 2840K/7939K, paused 3ms+3ms
D/ImplicitAppManagerTimerTask( 2100):  ------:: download length: 44736
E/fbdev   ( 1021): Attention! GFLIP time out, force update gop ring buffer!
D/dalvikvm( 1657): GC_CONCURRENT freed 684K, 65% free 2857K/7939K, paused 3ms+3ms
D/ImplicitAppManagerTimerTask( 2100):  ------:: download length: 103136
E/fbdev   ( 1021): Attention! GFLIP time out, force update gop ring buffer!
D/ImplicitAppManagerTimerTask( 2100):  ------:: download length: 133796
E/fbdev   ( 1021): Attention! GFLIP time out, force update gop ring buffer!
D/ImplicitAppManagerTimerTask( 2100):  ------:: download length: 157156
E/fbdev   ( 1021): Attention! GFLIP time out, force update gop ring buffer!
D/NetUpdate( 2247): progressValue--->0
D/NetUpdate( 2247): mWriteSD--->true
D/NetUpdate( 2247): mBootCheckZipExist--->false
D/ImplicitAppManagerTimerTask( 2100):  ------:: download length: 187816
E/fbdev   ( 1021): Attention! GFLIP time out, force update gop ring buffer!
D/ImplicitAppManagerTimerTask( 2100):  ------:: download length: 200956
E/fbdev   ( 1021): Attention! GFLIP time out, force update gop ring buffer!
D/HomePlayerLib( 1657): hostaddress count is 1
D/dalvikvm( 1657): GC_CONCURRENT freed 715K, 65% free 2834K/7939K, paused 2ms+3ms
D/ImplicitAppManagerTimerTask( 2100):  ------:: download length: 228696
E/fbdev   ( 1021): Attention! GFLIP time out, force update gop ring buffer!
D/dalvikvm( 1657): GC_CONCURRENT freed 686K, 65% free 2834K/7939K, paused 3ms+3ms
D/dalvikvm( 1657): GC_CONCURRENT freed 673K, 64% free 2860K/7939K, paused 2ms+2ms
E/fbdev   ( 1021): Attention! GFLIP time out, force update gop ring buffer!
D/ImplicitAppManagerTimerTask( 2100):  ------:: download length: 246216
D/dalvikvm( 1657): GC_CONCURRENT freed 702K, 64% free 2863K/7939K, paused 2ms+3ms
D/NetFirmwareService( 1250): MSG_CREATE_CHECK_THREAD
D/NetFirmwareService( 1250): MSG_GET_VERSION_CODE
D/NetFirmwareService( 1250): Download URL = http://update.coship.com/update/system/S1001/002104/versioncode.dat
D/NetFirmwareService( 1250): Save file in path = /data/data/com.coship.netfirmware/temp.dat
D/NetFirmwareService( 1250): Set download thread number = 2
D/DownloadTask( 1250): mDesFilePath =/data/data/com.coship.netfirmware/temp.dat
D/DownloadTask( 1250): mRecordFile =/data/data/com.coship.netfirmware/temp.dat.cdl.Record
D/DownloadTask( 1250): mfilePath =/data/data/com.coship.netfirmware/temp.dat.cdl
D/ImplicitAppManagerTimerTask( 2100):  ------:: download length: 263736
D/NetUpdate( 2247): progressValue--->0
D/NetUpdate( 2247): mWriteSD--->true
D/NetUpdate( 2247): mBootCheckZipExist--->false
D/dalvikvm( 1657): GC_CONCURRENT freed 719K, 63% free 2958K/7939K, paused 3ms+2ms
D/ImplicitAppManagerTimerTask( 2100):  ------:: download length: 284176
I/DownloadTask( 1250): Server:Apache-Coyote/1.1
I/DownloadTask( 1250): Accept-Ranges:bytes
I/DownloadTask( 1250): ETag:W/"33-1366720666000"
I/DownloadTask( 1250): Last-Modified:Tue, 23 Apr 2013 12:37:46 GMT
I/DownloadTask( 1250): Content-Length:33
I/DownloadTask( 1250): Date:Wed, 24 Apr 2013 11:06:37 GMT
I/DownloadTask( 1250): Powered-By-ChinaCache:MISS from CHN-JY-4-3k4
I/DownloadTask( 1250): Connection:close
D/dalvikvm( 1250): GC_CONCURRENT freed 2640K, 59% free 4497K/10883K, paused 2ms+2ms
D/ImplicitAppManagerTimerTask( 2100):  ------:: download length: 308996
D/dalvikvm( 1657): GC_CONCURRENT freed 837K, 64% free 2915K/7939K, paused 2ms+2ms
D/ImplicitAppManagerTimerTask( 2100):  ------:: download length: 322136
D/DownloadTask( 1250): server accept range
D/DownloadTask( 1250): initTaskRecord currentSize=-1
D/DownloadTask( 1250): totalSize=-1
D/DownloadTask( 1250): magicID=abc
D/DownloadTask( 1250): mCurrentSize=0
D/DownloadTask( 1250): mTotalSize=33
D/DownloadTask( 1250): mMagicID=null
D/DownloadTask( 1250): The record is invalid, need reset record
D/WriteDataInStorageThread( 1250): write file name = /data/data/com.coship.netfirmware/temp.dat.cdl
V/DownloadTask( 1250): finishedThreadNum--->0
V/DownloadTask( 1250): mThreadNum--->2
D/NetFirmwareService( 1250): DownloadConstants.TASK_STATUS_RUNNING
D/NetFirmwareService( 1250): MSG_VER_CODE_STATUS_CHANGE
D/NetFirmwareService( 1250): MSG_VER_CODE_STATUS_CHANGE
E/fbdev   ( 1021): Attention! GFLIP time out, force update gop ring buffer!
D/dalvikvm( 1250): GC_CONCURRENT freed 223K, 50% free 5539K/10883K, paused 2ms+2ms
D/ImplicitAppManagerTimerTask( 2100):  ------:: download length: 325056
E/fbdev   ( 1021): Attention! GFLIP time out, force update gop ring buffer!
D/ImplicitAppManagerTimerTask( 2100):  ------:: download length: 358636
D/DownloadThread( 1250): statusCode--->206
D/DownloadThread( 1250): statusCode--->206
V/DownloadThread( 1250): Accept-Ranges: bytes
V/DownloadThread( 1250): Content-Disposition: null
V/DownloadThread( 1250): Content-Length: 17
V/DownloadThread( 1250): Content-Location: null
V/DownloadThread( 1250): ETag: W/"33-1366720666000"
V/DownloadThread( 1250): Transfer-Encoding: null
V/DownloadThread( 1250): read_front--->
V/DownloadThread( 1250): read_bytesRead--->17
V/DownloadThread( 1250): read_front--->
V/DownloadThread( 1250): read_bytesRead--->-1
V/DownloadThread( 1250): Accept-Ranges: bytes
D/DownloadThread( 1250): write the last data in storage.
D/WriteDataInStorageThread( 1250): sendDataInStack --data length =17 offset =16 file name = filePart1
V/DownloadThread( 1250): Content-Disposition: null
V/DownloadThread( 1250): Content-Length: 16
D/WriteDataInStorageThread( 1250): write data  Pos=16   Length =17  Thread =filePart1
V/DownloadThread( 1250): Content-Location: null
D/DownloadThread( 1250): filePart1 final status: 491
V/DownloadThread( 1250): ETag: W/"33-1366720666000"
V/DownloadThread( 1250): Transfer-Encoding: null
V/DownloadThread( 1250): read_front--->
V/DownloadThread( 1250): read_bytesRead--->16
V/DownloadThread( 1250): read_front--->
V/DownloadThread( 1250): read_bytesRead--->-1
D/DownloadThread( 1250): write the last data in storage.
D/NetUpdate( 2247): progressValue--->0
D/NetUpdate( 2247): mWriteSD--->true
D/NetUpdate( 2247): mBootCheckZipExist--->false
D/WriteDataInStorageThread( 1250): sendDataInStack --data length =16 offset =0 file name = filePart0
D/WriteDataInStorageThread( 1250): write data  Pos=0   Length =16  Thread =filePart0
D/DownloadThread( 1250): filePart0 final status: 491
E/fbdev   ( 1021): Attention! GFLIP time out, force update gop ring buffer!
V/DownloadTask( 1250): finishedThreadNum--->2
V/DownloadTask( 1250): mThreadNum--->2
D/DownloadTask( 1250): src file = /data/data/com.coship.netfirmware/temp.dat.cdl --- des file=/data/data/com.coship.netfirmware/temp.dat
D/NetFirmwareService( 1250): DownloadConstants.TASK_STATUS_COMPLETED
D/NetFirmwareService( 1250): MSG_VER_CODE_STATUS_CHANGE
D/NetFirmwareService( 1250): MSG_CHECK_VERSION_CODE
D/NetFirmwareService( 1250): checkVersionCode
D/NetFirmwareService( 1250): analysisVersionCodeData
D/NetFirmwareService( 1250): open file error
I/NetFirmwareService( 1250): mVersionCodeFile--->34
D/NetFirmwareService( 1250): verCode = 0
D/NetFirmwareService( 1250): Description URL = null
D/NetFirmwareService( 1250): MSG_GET_DESCRIPTION
D/NetFirmwareService( 1250): Download URL = http://update.coship.com/update/system/S1001/002104/description_211321.dat
D/NetFirmwareService( 1250): Save file in path = /data/data/com.coship.netfirmware/temp.dat
D/NetFirmwareService( 1250): Set download thread number = 2
D/DownloadTask( 1250): mDesFilePath =/data/data/com.coship.netfirmware/temp.dat
D/DownloadTask( 1250): mRecordFile =/data/data/com.coship.netfirmware/temp.dat.cdl.Record
D/DownloadTask( 1250): mfilePath =/data/data/com.coship.netfirmware/temp.dat.cdl
D/ImplicitAppManagerTimerTask( 2100):  ------:: download length: 370316
D/ImplicitAppManagerTimerTask( 2100):  ------:: download length: 383456
I/DownloadTask( 1250): Server:Apache-Coyote/1.1
I/DownloadTask( 1250): Accept-Ranges:bytes
I/DownloadTask( 1250): ETag:W/"363-1366720508000"
I/DownloadTask( 1250): Last-Modified:Tue, 23 Apr 2013 12:35:08 GMT
I/DownloadTask( 1250): Content-Length:363
I/DownloadTask( 1250): Date:Wed, 24 Apr 2013 11:06:38 GMT
I/DownloadTask( 1250): Powered-By-ChinaCache:MISS from CHN-JY-4-3k4
I/DownloadTask( 1250): Connection:close
D/ImplicitAppManagerTimerTask( 2100):  ------:: download length: 408276
D/ImplicitAppManagerTimerTask( 2100):  ------:: download length: 421416
D/DownloadTask( 1250): server accept range
D/DownloadTask( 1250): initTaskRecord currentSize=-1
D/DownloadTask( 1250): totalSize=-1
D/DownloadTask( 1250): magicID=abc
D/DownloadTask( 1250): mCurrentSize=0
D/DownloadTask( 1250): mTotalSize=363
D/DownloadTask( 1250): mMagicID=null
D/DownloadTask( 1250): The record is invalid, need reset record
D/WriteDataInStorageThread( 1250): write file name = /data/data/com.coship.netfirmware/temp.dat.cdl
D/dalvikvm( 1250): GC_FOR_ALLOC freed 1706K, 59% free 4500K/10883K, paused 18ms
V/DownloadTask( 1250): finishedThreadNum--->0
V/DownloadTask( 1250): mThreadNum--->2
D/NetFirmwareService( 1250): MSG_DESCRIPT_STATUS_CHANGE
D/NetFirmwareService( 1250): MSG_DESCRIPT_STATUS_CHANGE
D/dalvikvm( 1250): GC_CONCURRENT freed 207K, 50% free 5530K/10883K, paused 2ms+1ms
E/fbdev   ( 1021): Attention! GFLIP time out, force update gop ring buffer!
D/ImplicitAppManagerTimerTask( 2100):  ------:: download length: 434556
D/NetUpdate( 2247): progressValue--->0
D/NetUpdate( 2247): mWriteSD--->true
D/NetUpdate( 2247): mBootCheckZipExist--->false
E/fbdev   ( 1021): Attention! GFLIP time out, force update gop ring buffer!
D/DownloadThread( 1250): statusCode--->206
V/DownloadThread( 1250): Accept-Ranges: bytes
V/DownloadThread( 1250): Content-Disposition: null
V/DownloadThread( 1250): Content-Length: 182
V/DownloadThread( 1250): Content-Location: null
V/DownloadThread( 1250): ETag: W/"363-1366720508000"
V/DownloadThread( 1250): Transfer-Encoding: null
V/DownloadThread( 1250): read_front--->
V/DownloadThread( 1250): read_bytesRead--->182
V/DownloadThread( 1250): read_front--->
V/DownloadThread( 1250): read_bytesRead--->-1
D/DownloadThread( 1250): write the last data in storage.
D/WriteDataInStorageThread( 1250): sendDataInStack --data length =182 offset =181 file name = filePart1
D/WriteDataInStorageThread( 1250): write data  Pos=181   Length =182  Thread =filePart1
D/ImplicitAppManagerTimerTask( 2100):  ------:: download length: 447696
D/DownloadThread( 1250): filePart1 final status: 491
D/DownloadThread( 1250): statusCode--->206
V/DownloadThread( 1250): Accept-Ranges: bytes
V/DownloadThread( 1250): Content-Disposition: null
V/DownloadThread( 1250): Content-Length: 181
V/DownloadThread( 1250): Content-Location: null
V/DownloadThread( 1250): ETag: W/"363-1366720508000"
V/DownloadThread( 1250): Transfer-Encoding: null
V/DownloadThread( 1250): read_front--->
V/DownloadThread( 1250): read_bytesRead--->181
V/DownloadThread( 1250): read_front--->
V/DownloadThread( 1250): read_bytesRead--->-1
D/DownloadThread( 1250): write the last data in storage.
D/WriteDataInStorageThread( 1250): sendDataInStack --data length =181 offset =0 file name = filePart0
D/WriteDataInStorageThread( 1250): write data  Pos=0   Length =181  Thread =filePart0
D/DownloadThread( 1250): filePart0 final status: 491
E/fbdev   ( 1021): Attention! GFLIP time out, force update gop ring buffer!
V/DownloadTask( 1250): finishedThreadNum--->2
V/DownloadTask( 1250): mThreadNum--->2
W/DownloadTask( 1250): There has a file named /data/data/com.coship.netfirmware/temp.dat already
D/DownloadTask( 1250): src file = /data/data/com.coship.netfirmware/temp.dat.cdl --- des file=/data/data/com.coship.netfirmware/temp.dat
D/NetFirmwareService( 1250): DownloadConstants.TASK_STATUS_COMPLETED
D/NetFirmwareService( 1250): MSG_DESCRIPT_STATUS_CHANGE
D/NetFirmwareService( 1250): MSG_CHECK_DESCRIPTION
D/NetFirmwareService( 1250): The description info is valid
D/NetFirmwareService( 1250): The description version code = 0
D/NetFirmwareService( 1250): The description machine ID = 0
D/NetFirmwareService( 1250): The description hardware ID = 0
V/NetFirmwareService( 1250): temp.getName()--->temp.dat
D/ImplicitAppManagerTimerTask( 2100):  ------:: download length: 468136
E/fbdev   ( 1021): Attention! GFLIP time out, force update gop ring buffer!
D/ImplicitAppManagerTimerTask( 2100):  ------:: download length: 479816
E/fbdev   ( 1021): Attention! GFLIP time out, force update gop ring buffer!
D/ImplicitAppManagerTimerTask( 2100):  ------:: download length: 506096
V/TabletStatusBar( 1140): setLightsOn(true)
E/fbdev   ( 1021): Attention! GFLIP time out, force update gop ring buffer!
E/fbdev   ( 1021): Attention! GFLIP time out, force update gop ring buffer!
E/fbdev   ( 1021): Attention! GFLIP time out, force update gop ring buffer!
E/fbdev   ( 1021): Attention! GFLIP time out, force update gop ring buffer!
E/fbdev   ( 1021): Attention! GFLIP time out, force update gop ring buffer!
D/ImplicitAppManagerTimerTask( 2100):  ------:: download length: 520696
E/fbdev   ( 1021): Attention! GFLIP time out, force update gop ring buffer!
D/NetUpdate( 2247): progressValue--->0
D/NetUpdate( 2247): mWriteSD--->true
D/NetUpdate( 2247): mBootCheckZipExist--->false
E/fbdev   ( 1021): Attention! GFLIP time out, force update gop ring buffer!
E/fbdev   ( 1021): Attention! GFLIP time out, force update gop ring buffer!
E/fbdev   ( 1021): Attention! GFLIP time out, force update gop ring buffer!
E/fbdev   ( 1021): Attention! GFLIP time out, force update gop ring buffer!
E/fbdev   ( 1021): Attention! GFLIP time out, force update gop ring buffer!
E/fbdev   ( 1021): Attention! GFLIP time out, force update gop ring buffer!
E/fbdev   ( 1021): Attention! GFLIP time out, force update gop ring buffer!
E/fbdev   ( 1021): Attention! GFLIP time out, force update gop ring buffer!
E/fbdev   ( 1021): Attention! GFLIP time out, force update gop ring buffer!
E/fbdev   ( 1021): Attention! GFLIP time out, force update gop ring buffer!
D/ImplicitAppManagerTimerTask( 2100):  ------:: download length: 530916
V/NetFirmwareService( 1250): /update/*.FileNum--->0
V/NetFirmwareService( 1250): No Higher!
D/ImplicitAppManagerTimerTask( 2100):  ------:: download length: 532376
D/ImplicitAppManagerTimerTask( 2100):  ------:: download length: 558656
D/ImplicitAppManagerTimerTask( 2100):  ------:: download length: 561576
D/ImplicitAppManagerTimerTask( 2100):  ------:: download length: 570336
D/NetUpdate( 2247): progressValue--->0
D/NetUpdate( 2247): mWriteSD--->true
D/NetUpdate( 2247): mBootCheckZipExist--->false
D/ImplicitAppManagerTimerTask( 2100):  ------:: download length: 582016
I/NetFirmwareService( 1250): initPromtDialog_SHOW!
E/WindowManager(  937): Unknown window type: 2131099651
V/TabletStatusBar( 1140): setLightsOn(true)
D/ImplicitAppManagerTimerTask( 2100):  ------:: download length: 587856
E/fbdev   ( 1021): Attention! GFLIP time out, force update gop ring buffer!
W/InputManagerService(  937): Starting input on non-focused client com.android.internal.view.IInputMethodClient$Stub$Proxy@4157c628 (uid=1000 pid=2247)
E/fbdev   ( 1021): Attention! GFLIP time out, force update gop ring buffer!
E/fbdev   ( 1021): Attention! GFLIP time out, force update gop ring buffer!
E/fbdev   ( 1021): Attention! GFLIP time out, force update gop ring buffer!
E/fbdev   ( 1021): Attention! GFLIP time out, force update gop ring buffer!
E/fbdev   ( 1021): Attention! GFLIP time out, force update gop ring buffer!
E/fbdev   ( 1021): Attention! GFLIP time out, force update gop ring buffer!
E/fbdev   ( 1021): Attention! GFLIP time out, force update gop ring buffer!
E/fbdev   ( 1021): Attention! GFLIP time out, force update gop ring buffer!
E/fbdev   ( 1021): Attention! GFLIP time out, force update gop ring buffer!
E/fbdev   ( 1021): Attention! GFLIP time out, force update gop ring buffer!
E/fbdev   ( 1021): Attention! GFLIP time out, force update gop ring buffer!
D/ImplicitAppManagerTimerTask( 2100):  ------:: download length: 598076
E/fbdev   ( 1021): Attention! GFLIP time out, force update gop ring buffer!
E/fbdev   ( 1021): Attention! GFLIP time out, force update gop ring buffer!
E/fbdev   ( 1021): Attention! GFLIP time out, force update gop ring buffer!
E/fbdev   ( 1021): Attention! GFLIP time out, force update gop ring buffer!
E/fbdev   ( 1021): Attention! GFLIP time out, force update gop ring buffer!
E/fbdev   ( 1021): Attention! GFLIP time out, force update gop ring buffer!
D/ImplicitAppManagerTimerTask( 2100):  ------:: download length: 609756
D/ImplicitAppManagerTimerTask( 2100):  ------:: download length: 622896
D/NetUpdate( 2247): progressValue--->0
D/NetUpdate( 2247): mWriteSD--->true
D/NetUpdate( 2247): mBootCheckZipExist--->false
D/ImplicitAppManagerTimerTask( 2100):  ------:: download length: 631656
D/ImplicitAppManagerTimerTask( 2100):  ------:: download length: 640416
D/ImplicitAppManagerTimerTask( 2100):  ------:: download length: 649176
D/dalvikvm( 1657): GC_CONCURRENT freed 783K, 65% free 2855K/7939K, paused 2ms+3ms
D/ImplicitAppManagerTimerTask( 2100):  ------:: download length: 665236
D/ImplicitAppManagerTimerTask( 2100):  ------:: download length: 672536
D/NetUpdate( 2247): progressValue--->0
D/NetUpdate( 2247): mWriteSD--->true
D/NetUpdate( 2247): mBootCheckZipExist--->false
D/dalvikvm( 1657): GC_CONCURRENT freed 703K, 63% free 2985K/7939K, paused 2ms+2ms
D/ImplicitAppManagerTimerTask( 2100):  ------:: download length: 673996
D/ImplicitAppManagerTimerTask( 2100):  ------:: download length: 691516
D/dalvikvm( 1657): GC_CONCURRENT freed 876K, 64% free 2914K/7939K, paused 3ms+3ms
D/ImplicitAppManagerTimerTask( 2100):  ------:: download length: 706116
D/dalvikvm( 1657): GC_CONCURRENT freed 788K, 63% free 2994K/7939K, paused 2ms+2ms
D/ImplicitAppManagerTimerTask( 2100):  ------:: download length: 707576
D/NetUpdate( 2247): progressValue--->0
D/NetUpdate( 2247): mWriteSD--->true
D/NetUpdate( 2247): mBootCheckZipExist--->false
D/dalvikvm( 1657): GC_CONCURRENT freed 882K, 64% free 2905K/7939K, paused 2ms+3ms
D/ImplicitAppManagerTimerTask( 2100):  ------:: download length: 711956
D/ImplicitAppManagerTimerTask( 2100):  ------:: download length: 720716
D/ImplicitAppManagerTimerTask( 2100):  ------:: download length: 723636
D/ImplicitAppManagerTimerTask( 2100):  ------:: download length: 729476
D/ImplicitAppManagerTimerTask( 2100):  ------:: download length: 741156
D/NetUpdate( 2247): progressValue--->0
D/NetUpdate( 2247): mWriteSD--->true
D/NetUpdate( 2247): mBootCheckZipExist--->false
D/ImplicitAppManagerTimerTask( 2100):  ------:: download length: 746996
D/ImplicitAppManagerTimerTask( 2100):  ------:: download length: 754296
D/ImplicitAppManagerTimerTask( 2100):  ------:: download length: 760136
D/ImplicitAppManagerTimerTask( 2100):  ------:: download length: 774736
D/dalvikvm( 1657): GC_CONCURRENT freed 776K, 65% free 2833K/7939K, paused 2ms+3ms
D/ImplicitAppManagerTimerTask( 2100):  ------:: download length: 782036
D/NetUpdate( 2247): progressValue--->0
D/NetUpdate( 2247): mWriteSD--->true
D/NetUpdate( 2247): mBootCheckZipExist--->false
D/dalvikvm( 1657): GC_CONCURRENT freed 677K, 65% free 2857K/7939K, paused 2ms+3ms
D/ImplicitAppManagerTimerTask( 2100):  ------:: download length: 789336
D/PushMsgCenter( 1613): mDownUpRun run while (true)
D/PushMsgCenter( 1613): down  
D/PushMsgCenter( 1613): down conn.getResponseCode() status = 404
D/ImplicitAppManagerTimerTask( 2100):  ------:: download length: 806856
D/dalvikvm( 1657): GC_CONCURRENT freed 706K, 64% free 2863K/7939K, paused 2ms+3ms
D/CheckNetWork( 1644): isOk true
D/CheckNetWork( 1644): ActInfoNetworkInfo: type: WIFI[], state: CONNECTED/CONNECTED, reason: (unspecified), extra: (none), roaming: false, failover: false, isAvailable: true
D/CheckNetWork( 1644): infoNetworkInfo: type: WIFI[], state: CONNECTED/CONNECTED, reason: (unspecified), extra: (none), roaming: false, failover: false, isAvailable: true
D/ImplicitAppManagerTimerTask( 2100):  ------:: download length: 817076
D/ImplicitAppManagerTimerTask( 2100):  ------:: download length: 827296
D/ImplicitAppManagerTimerTask( 2100):  ------:: download length: 828756
D/NetUpdate( 2247): progressValue--->0
D/NetUpdate( 2247): mWriteSD--->true
D/NetUpdate( 2247): mBootCheckZipExist--->false
D/ImplicitAppManagerTimerTask( 2100):  ------:: download length: 830216
D/HomePlayerLib( 1657): hostaddress count is 1
D/dalvikvm( 1657): GC_CONCURRENT freed 721K, 65% free 2853K/7939K, paused 2ms+2ms
D/ImplicitAppManagerTimerTask( 2100):  ------:: download length: 831676
D/dalvikvm( 1657): GC_CONCURRENT freed 702K, 64% free 2870K/7939K, paused 3ms+3ms
D/ImplicitAppManagerTimerTask( 2100):  ------:: download length: 841896
D/dalvikvm( 1657): GC_CONCURRENT freed 714K, 63% free 2967K/7939K, paused 2ms+2ms
D/NetUpdate( 2247): progressValue--->0
D/NetUpdate( 2247): mWriteSD--->true
D/NetUpdate( 2247): mBootCheckZipExist--->false
D/ImplicitAppManagerTimerTask( 2100):  ------:: download length: 850656
D/dalvikvm( 1657): GC_CONCURRENT freed 899K, 64% free 2919K/7939K, paused 3ms+2ms
D/ImplicitAppManagerTimerTask( 2100):  ------:: download length: 859416
D/dalvikvm( 1657): GC_CONCURRENT freed 769K, 64% free 2860K/7939K, paused 2ms+2ms
D/ImplicitAppManagerTimerTask( 2100):  ------:: download length: 868176
D/ImplicitAppManagerTimerTask( 2100):  ------:: download length: 871096
D/ImplicitAppManagerTimerTask( 2100):  ------:: download length: 872556
D/NetUpdate( 2247): progressValue--->0
D/NetUpdate( 2247): mWriteSD--->true
D/NetUpdate( 2247): mBootCheckZipExist--->false
D/ImplicitAppManagerTimerTask( 2100):  ------:: download length: 885696
D/ImplicitAppManagerTimerTask( 2100):  ------:: download length: 903216
D/ImplicitAppManagerTimerTask( 2100):  ------:: download length: 909056
D/ImplicitAppManagerTimerTask( 2100):  ------:: download length: 910516
D/ImplicitAppManagerTimerTask( 2100):  ------:: download length: 933876
D/NetUpdate( 2247): progressValue--->0
D/NetUpdate( 2247): mWriteSD--->true
D/NetUpdate( 2247): mBootCheckZipExist--->false
D/ImplicitAppManagerTimerTask( 2100):  ------:: download length: 949936
D/ImplicitAppManagerTimerTask( 2100):  ------:: download length: 955776
D/ImplicitAppManagerTimerTask( 2100):  ------:: download length: 961616
D/ImplicitAppManagerTimerTask( 2100):  ------:: download length: 974756
D/ImplicitAppManagerTimerTask( 2100):  ------:: download length: 983516
D/NetUpdate( 2247): progressValue--->0
D/NetUpdate( 2247): mWriteSD--->true
D/NetUpdate( 2247): mBootCheckZipExist--->false
D/ImplicitAppManagerTimerTask( 2100):  ------:: download length: 992276
D/ImplicitAppManagerTimerTask( 2100):  ------:: download length: 1003956
D/ImplicitAppManagerTimerTask( 2100):  ------:: download length: 1017096
D/ImplicitAppManagerTimerTask( 2100):  ------:: download length: 1022936
D/ImplicitAppManagerTimerTask( 2100):  ------:: download length: 1038996
D/NetUpdate( 2247): progressValue--->0
D/NetUpdate( 2247): mWriteSD--->true
D/NetUpdate( 2247): mBootCheckZipExist--->false
D/ImplicitAppManagerTimerTask( 2100):  ------:: download length: 1047756
D/ImplicitAppManagerTimerTask( 2100):  ------:: download length: 1057976
D/ImplicitAppManagerTimerTask( 2100):  ------:: download length: 1063816
D/ImplicitAppManagerTimerTask( 2100):  ------:: download length: 1079876
D/ImplicitAppManagerTimerTask( 2100):  ------:: download length: 1081336
D/NetUpdate( 2247): progressValue--->0
D/NetUpdate( 2247): mWriteSD--->true
D/NetUpdate( 2247): mBootCheckZipExist--->false
D/ImplicitAppManagerTimerTask( 2100):  ------:: download length: 1094476
D/ImplicitAppManagerTimerTask( 2100):  ------:: download length: 1098856
D/ImplicitAppManagerTimerTask( 2100):  ------:: download length: 1101776
D/ImplicitAppManagerTimerTask( 2100):  ------:: download length: 1103236
D/NetUpdate( 2247): progressValue--->0
D/NetUpdate( 2247): mWriteSD--->true
D/NetUpdate( 2247): mBootCheckZipExist--->false
D/ImplicitAppManagerTimerTask( 2100):  ------:: download length: 1116376
D/ImplicitAppManagerTimerTask( 2100):  ------:: download length: 1122216
D/ImplicitAppManagerTimerTask( 2100):  ------:: download length: 1125136
D/ImplicitAppManagerTimerTask( 2100):  ------:: download length: 1126596
D/ImplicitAppManagerTimerTask( 2100):  ------:: download length: 1128056
D/NetUpdate( 2247): progressValue--->0
D/NetUpdate( 2247): mWriteSD--->true
D/NetUpdate( 2247): mBootCheckZipExist--->false
D/ImplicitAppManagerTimerTask( 2100):  ------:: download length: 1129516
D/ImplicitAppManagerTimerTask( 2100):  ------:: download length: 1136816
E/CACHE   ( 1872): cleared
I/zomut.watchdog.monitor( 1872): initgather
D/ImplicitAppManagerTimerTask( 2100):  ------:: download length: 1138276
I/zomut.watchdog.monitor( 1872): endgather
I/zomut.watchdog.monitor( 1872): init
D/NetUpdate( 2247): progressValue--->0
D/NetUpdate( 2247): mWriteSD--->true
D/NetUpdate( 2247): mBootCheckZipExist--->false
I/zomut.watchdog.monitor( 1872): end
D/ImplicitAppManagerTimerTask( 2100):  ------:: download length: 1149956
D/dalvikvm( 1657): GC_CONCURRENT freed 708K, 64% free 2903K/7939K, paused 7ms+2ms
D/ImplicitAppManagerTimerTask( 2100):  ------:: download length: 1154336
D/dalvikvm( 1657): GC_CONCURRENT freed 773K, 65% free 2835K/7939K, paused 3ms+3ms
D/ImplicitAppManagerTimerTask( 2100):  ------:: download length: 1155796
D/dalvikvm( 1657): GC_CONCURRENT freed 679K, 64% free 2862K/7939K, paused 3ms+3ms
D/NetUpdate( 2247): progressValue--->0
D/NetUpdate( 2247): mWriteSD--->true
D/NetUpdate( 2247): mBootCheckZipExist--->false
D/ImplicitAppManagerTimerTask( 2100):  ------:: download length: 1163096
D/ImplicitAppManagerTimerTask( 2100):  ------:: download length: 1167476
D/ImplicitAppManagerTimerTask( 2100):  ------:: download length: 1168936
D/ImplicitAppManagerTimerTask( 2100):  ------:: download length: 1180616
D/NetUpdate( 2247): progressValue--->0
D/NetUpdate( 2247): mWriteSD--->true
D/NetUpdate( 2247): mBootCheckZipExist--->false
D/ImplicitAppManagerTimerTask( 2100):  ------:: download length: 1189376
D/HomePlayerLib( 1657): hostaddress count is 1
D/ImplicitAppManagerTimerTask( 2100):  ------:: download length: 1195216
D/dalvikvm( 1657): GC_CONCURRENT freed 723K, 65% free 2851K/7939K, paused 2ms+3ms
D/dalvikvm( 1657): GC_CONCURRENT freed 703K, 65% free 2843K/7939K, paused 2ms+3ms
D/ImplicitAppManagerTimerTask( 2100):  ------:: download length: 1198136
D/dalvikvm( 1657): GC_CONCURRENT freed 695K, 63% free 2959K/7939K, paused 2ms+2ms
D/ImplicitAppManagerTimerTask( 2100):  ------:: download length: 1209816
D/dalvikvm( 1657): GC_CONCURRENT freed 843K, 65% free 2845K/7939K, paused 2ms+2ms
D/ImplicitAppManagerTimerTask( 2100):  ------:: download length: 1215656
D/dalvikvm( 1657): GC_CONCURRENT freed 783K, 64% free 2874K/7939K, paused 2ms+3ms
D/NetUpdate( 2247): progressValue--->0
D/NetUpdate( 2247): mWriteSD--->true
D/NetUpdate( 2247): mBootCheckZipExist--->false
D/ImplicitAppManagerTimerTask( 2100):  ------:: download length: 1221496
D/dalvikvm( 1657): GC_CONCURRENT freed 723K, 64% free 2860K/7939K, paused 2ms+3ms
D/ImplicitAppManagerTimerTask( 2100):  ------:: download length: 1234636
D/ImplicitAppManagerTimerTask( 2100):  ------:: download length: 1237556
D/ImplicitAppManagerTimerTask( 2100):  ------:: download length: 1239016
D/ImplicitAppManagerTimerTask( 2100):  ------:: download length: 1253616
D/NetUpdate( 2247): progressValue--->0
D/NetUpdate( 2247): mWriteSD--->true
D/NetUpdate( 2247): mBootCheckZipExist--->false
D/ImplicitAppManagerTimerTask( 2100):  ------:: download length: 1255076
D/ImplicitAppManagerTimerTask( 2100):  ------:: download length: 1256536
D/ImplicitAppManagerTimerTask( 2100):  ------:: download length: 1257996
D/NetUpdate( 2247): progressValue--->0
D/NetUpdate( 2247): mWriteSD--->true
D/NetUpdate( 2247): mBootCheckZipExist--->false
D/ImplicitAppManagerTimerTask( 2100):  ------:: download length: 1259456
D/ImplicitAppManagerTimerTask( 2100):  ------:: download length: 1271136
D/ImplicitAppManagerTimerTask( 2100):  ------:: download length: 1281356
D/ImplicitAppManagerTimerTask( 2100):  ------:: download length: 1282816
D/NetUpdate( 2247): progressValue--->0
D/NetUpdate( 2247): mWriteSD--->true
D/NetUpdate( 2247): mBootCheckZipExist--->false
D/ImplicitAppManagerTimerTask( 2100):  ------:: download length: 1284276
D/ImplicitAppManagerTimerTask( 2100):  ------:: download length: 1295956
D/ImplicitAppManagerTimerTask( 2100):  ------:: download length: 1297416
D/dalvikvm( 1657): GC_CONCURRENT freed 717K, 64% free 2915K/7939K, paused 2ms+2ms
D/ImplicitAppManagerTimerTask( 2100):  ------:: download length: 1298876
D/ImplicitAppManagerTimerTask( 2100):  ------:: download length: 1309096
D/NetUpdate( 2247): progressValue--->0
D/NetUpdate( 2247): mWriteSD--->true
D/NetUpdate( 2247): mBootCheckZipExist--->false
D/dalvikvm( 1657): GC_CONCURRENT freed 790K, 65% free 2848K/7939K, paused 2ms+2ms
D/ImplicitAppManagerTimerTask( 2100):  ------:: download length: 1310556
D/dalvikvm( 1657): GC_CONCURRENT freed 700K, 65% free 2834K/7939K, paused 1ms+2ms
D/ImplicitAppManagerTimerTask( 2100):  ------:: download length: 1319316
D/ImplicitAppManagerTimerTask( 2100):  ------:: download length: 1322236
D/dalvikvm( 1657): GC_CONCURRENT freed 699K, 65% free 2840K/7939K, paused 2ms+2ms
D/ImplicitAppManagerTimerTask( 2100):  ------:: download length: 1323696
D/dalvikvm( 1657): GC_CONCURRENT freed 682K, 64% free 2863K/7939K, paused 2ms+3ms
D/ImplicitAppManagerTimerTask( 2100):  ------:: download length: 1330996
D/NetUpdate( 2247): progressValue--->0
D/NetUpdate( 2247): mWriteSD--->true
D/NetUpdate( 2247): mBootCheckZipExist--->false
D/ImplicitAppManagerTimerTask( 2100):  ------:: download length: 1333916
D/ImplicitAppManagerTimerTask( 2100):  ------:: download length: 1339756
D/ImplicitAppManagerTimerTask( 2100):  ------:: download length: 1351436
D/ImplicitAppManagerTimerTask( 2100):  ------:: download length: 1357276
D/ImplicitAppManagerTimerTask( 2100):  ------:: download length: 1363116
D/NetUpdate( 2247): progressValue--->0
D/NetUpdate( 2247): mWriteSD--->true
D/NetUpdate( 2247): mBootCheckZipExist--->false
D/ImplicitAppManagerTimerTask( 2100):  ------:: download length: 1374796
D/ImplicitAppManagerTimerTask( 2100):  ------:: download length: 1383556
D/ImplicitAppManagerTimerTask( 2100):  ------:: download length: 1392316
D/ImplicitAppManagerTimerTask( 2100):  ------:: download length: 1406916
D/ImplicitAppManagerTimerTask( 2100):  ------:: download length: 1409836
D/NetUpdate( 2247): progressValue--->0
D/NetUpdate( 2247): mWriteSD--->true
D/NetUpdate( 2247): mBootCheckZipExist--->false
D/ImplicitAppManagerTimerTask( 2100):  ------:: download length: 1422976
D/ImplicitAppManagerTimerTask( 2100):  ------:: download length: 1431736
D/ImplicitAppManagerTimerTask( 2100):  ------:: download length: 1433196
D/ImplicitAppManagerTimerTask( 2100):  ------:: download length: 1447796
D/NetUpdate( 2247): progressValue--->0
D/NetUpdate( 2247): mWriteSD--->true
D/NetUpdate( 2247): mBootCheckZipExist--->false
D/ImplicitAppManagerTimerTask( 2100):  ------:: download length: 1458016
D/ImplicitAppManagerTimerTask( 2100):  ------:: download length: 1462396
D/dalvikvm( 1657): GC_CONCURRENT freed 704K, 64% free 2862K/7939K, paused 3ms+2ms
D/dalvikvm( 1657): GC_CONCURRENT freed 705K, 64% free 2861K/7939K, paused 2ms+3ms
D/ImplicitAppManagerTimerTask( 2100):  ------:: download length: 1471156
D/ImplicitAppManagerTimerTask( 2100):  ------:: download length: 1476996
D/dalvikvm( 1657): GC_CONCURRENT freed 706K, 64% free 2862K/7939K, paused 2ms+4ms
D/ImplicitAppManagerTimerTask( 2100):  ------:: download length: 1482836
D/NetUpdate( 2247): progressValue--->0
D/NetUpdate( 2247): mWriteSD--->true
D/NetUpdate( 2247): mBootCheckZipExist--->false
D/ImplicitAppManagerTimerTask( 2100):  ------:: download length: 1491596
D/ImplicitAppManagerTimerTask( 2100):  ------:: download length: 1493056
D/ImplicitAppManagerTimerTask( 2100):  ------:: download length: 1503276
D/ImplicitAppManagerTimerTask( 2100):  ------:: download length: 1506196
D/NetUpdate( 2247): progressValue--->0
D/NetUpdate( 2247): mWriteSD--->true
D/NetUpdate( 2247): mBootCheckZipExist--->false
D/HomePlayerLib( 1657): hostaddress count is 1
D/dalvikvm( 1657): GC_CONCURRENT freed 722K, 63% free 2953K/7939K, paused 2ms+3ms
D/dalvikvm( 1657): GC_CONCURRENT freed 838K, 64% free 2872K/7939K, paused 2ms+2ms
D/ImplicitAppManagerTimerTask( 2100):  ------:: download length: 1507656
D/ImplicitAppManagerTimerTask( 2100):  ------:: download length: 1517876
D/dalvikvm( 1657): GC_CONCURRENT freed 708K, 62% free 3034K/7939K, paused 2ms+2ms
D/ImplicitAppManagerTimerTask( 2100):  ------:: download length: 1529556
D/dalvikvm( 1657): GC_CONCURRENT freed 931K, 61% free 3166K/7939K, paused 2ms+2ms
D/ImplicitAppManagerTimerTask( 2100):  ------:: download length: 1535396
D/ImplicitAppManagerTimerTask( 2100):  ------:: download length: 1541236
D/NetUpdate( 2247): progressValue--->0
D/NetUpdate( 2247): mWriteSD--->true
D/NetUpdate( 2247): mBootCheckZipExist--->false
D/dalvikvm( 1657): GC_CONCURRENT freed 1103K, 63% free 2969K/7939K, paused 3ms+3ms
D/ImplicitAppManagerTimerTask( 2100):  ------:: download length: 1545616
D/ImplicitAppManagerTimerTask( 2100):  ------:: download length: 1555836
D/ImplicitAppManagerTimerTask( 2100):  ------:: download length: 1560216
D/ImplicitAppManagerTimerTask( 2100):  ------:: download length: 1571896
D/ImplicitAppManagerTimerTask( 2100):  ------:: download length: 1576276
D/NetUpdate( 2247): progressValue--->0
D/NetUpdate( 2247): mWriteSD--->true
D/NetUpdate( 2247): mBootCheckZipExist--->false
D/ImplicitAppManagerTimerTask( 2100):  ------:: download length: 1586496
D/ImplicitAppManagerTimerTask( 2100):  ------:: download length: 1590876
D/ImplicitAppManagerTimerTask( 2100):  ------:: download length: 1595256
D/ImplicitAppManagerTimerTask( 2100):  ------:: download length: 1598176
D/NetUpdate( 2247): progressValue--->0
D/NetUpdate( 2247): mWriteSD--->true
D/NetUpdate( 2247): mBootCheckZipExist--->false
D/ImplicitAppManagerTimerTask( 2100):  ------:: download length: 1599636
D/ImplicitAppManagerTimerTask( 2100):  ------:: download length: 1605476
D/ImplicitAppManagerTimerTask( 2100):  ------:: download length: 1618616
D/NetUpdate( 2247): progressValue--->0
D/NetUpdate( 2247): mWriteSD--->true
D/NetUpdate( 2247): mBootCheckZipExist--->false
D/ImplicitAppManagerTimerTask( 2100):  ------:: download length: 1628836
D/ImplicitAppManagerTimerTask( 2100):  ------:: download length: 1633216
D/ImplicitAppManagerTimerTask( 2100):  ------:: download length: 1644896
D/NetUpdate( 2247): progressValue--->0
D/NetUpdate( 2247): mWriteSD--->true
D/NetUpdate( 2247): mBootCheckZipExist--->false
D/ImplicitAppManagerTimerTask( 2100):  ------:: download length: 1650736
D/ImplicitAppManagerTimerTask( 2100):  ------:: download length: 1660956
D/ImplicitAppManagerTimerTask( 2100):  ------:: download length: 1671176
D/ImplicitAppManagerTimerTask( 2100):  ------:: download length: 1681396
D/ImplicitAppManagerTimerTask( 2100):  ------:: download length: 1693076
D/NetUpdate( 2247): progressValue--->0
D/NetUpdate( 2247): mWriteSD--->true
D/NetUpdate( 2247): mBootCheckZipExist--->false
D/ImplicitAppManagerTimerTask( 2100):  ------:: download length: 1700376
D/ImplicitAppManagerTimerTask( 2100):  ------:: download length: 1701836
D/ImplicitAppManagerTimerTask( 2100):  ------:: download length: 1719356
D/ImplicitAppManagerTimerTask( 2100):  ------:: download length: 1725196
D/ImplicitAppManagerTimerTask( 2100):  ------:: download length: 1733956
D/NetUpdate( 2247): progressValue--->0
D/NetUpdate( 2247): mWriteSD--->true
D/NetUpdate( 2247): mBootCheckZipExist--->false
D/ImplicitAppManagerTimerTask( 2100):  ------:: download length: 1744176
D/ImplicitAppManagerTimerTask( 2100):  ------:: download length: 1754396
D/ImplicitAppManagerTimerTask( 2100):  ------:: download length: 1758776
D/ImplicitAppManagerTimerTask( 2100):  ------:: download length: 1768996
D/ImplicitAppManagerTimerTask( 2100):  ------:: download length: 1777756
D/NetUpdate( 2247): progressValue--->0
D/NetUpdate( 2247): mWriteSD--->true
D/NetUpdate( 2247): mBootCheckZipExist--->false
D/ImplicitAppManagerTimerTask( 2100):  ------:: download length: 1785056
D/ImplicitAppManagerTimerTask( 2100):  ------:: download length: 1790896
D/ImplicitAppManagerTimerTask( 2100):  ------:: download length: 1804036
D/ImplicitAppManagerTimerTask( 2100):  ------:: download length: 1812796
D/ImplicitAppManagerTimerTask( 2100):  ------:: download length: 1821556
D/NetUpdate( 2247): progressValue--->0
D/NetUpdate( 2247): mWriteSD--->true
D/NetUpdate( 2247): mBootCheckZipExist--->false
D/ImplicitAppManagerTimerTask( 2100):  ------:: download length: 1836156
D/dalvikvm( 1657): GC_CONCURRENT freed 858K, 63% free 2959K/7939K, paused 2ms+2ms
D/ImplicitAppManagerTimerTask( 2100):  ------:: download length: 1849296
D/ImplicitAppManagerTimerTask( 2100):  ------:: download length: 1859516
D/dalvikvm( 1657): GC_CONCURRENT freed 845K, 65% free 2838K/7939K, paused 2ms+3ms
D/ImplicitAppManagerTimerTask( 2100):  ------:: download length: 1863896
D/dalvikvm( 1657): GC_CONCURRENT freed 666K, 65% free 2856K/7939K, paused 2ms+3ms
D/ImplicitAppManagerTimerTask( 2100):  ------:: download length: 1878496
D/NetUpdate( 2247): progressValue--->0
D/NetUpdate( 2247): mWriteSD--->true
D/NetUpdate( 2247): mBootCheckZipExist--->false
D/ImplicitAppManagerTimerTask( 2100):  ------:: download length: 1885796
D/ImplicitAppManagerTimerTask( 2100):  ------:: download length: 1900396
D/ImplicitAppManagerTimerTask( 2100):  ------:: download length: 1910616
D/ImplicitAppManagerTimerTask( 2100):  ------:: download length: 1926676
D/ImplicitAppManagerTimerTask( 2100):  ------:: download length: 1932516
D/HomePlayerLib( 1657): hostaddress count is 1
D/NetUpdate( 2247): progressValue--->0
D/NetUpdate( 2247): mWriteSD--->true
D/NetUpdate( 2247): mBootCheckZipExist--->false
D/dalvikvm( 1657): GC_CONCURRENT freed 717K, 63% free 2951K/7939K, paused 2ms+2ms
D/dalvikvm( 1657): GC_CONCURRENT freed 822K, 63% free 2965K/7939K, paused 2ms+3ms
D/ImplicitAppManagerTimerTask( 2100):  ------:: download length: 1933976
D/dalvikvm( 1657): GC_CONCURRENT freed 838K, 63% free 2944K/7939K, paused 2ms+2ms
D/ImplicitAppManagerTimerTask( 2100):  ------:: download length: 1952956
D/ImplicitAppManagerTimerTask( 2100):  ------:: download length: 1964636
D/dalvikvm( 1657): GC_CONCURRENT freed 880K, 64% free 2907K/7939K, paused 2ms+3ms
D/ImplicitAppManagerTimerTask( 2100):  ------:: download length: 1971936
D/dalvikvm( 1657): GC_CONCURRENT freed 756K, 63% free 2983K/7939K, paused 3ms+2ms
D/ImplicitAppManagerTimerTask( 2100):  ------:: download length: 1980696
D/NetUpdate( 2247): progressValue--->0
D/NetUpdate( 2247): mWriteSD--->true
D/NetUpdate( 2247): mBootCheckZipExist--->false
D/ImplicitAppManagerTimerTask( 2100):  ------:: download length: 1986536
D/ImplicitAppManagerTimerTask( 2100):  ------:: download length: 1987996
D/ImplicitAppManagerTimerTask( 2100):  ------:: download length: 2017196
D/ImplicitAppManagerTimerTask( 2100):  ------:: download length: 2028876
D/NetUpdate( 2247): progressValue--->0
D/NetUpdate( 2247): mWriteSD--->true
D/NetUpdate( 2247): mBootCheckZipExist--->false
D/ImplicitAppManagerTimerTask( 2100):  ------:: download length: 2036176
D/ImplicitAppManagerTimerTask( 2100):  ------:: download length: 2037636
D/ImplicitAppManagerTimerTask( 2100):  ------:: download length: 2046396
D/ImplicitAppManagerTimerTask( 2100):  ------:: download length: 2055156
D/dalvikvm( 1657): GC_CONCURRENT freed 868K, 64% free 2859K/7939K, paused 2ms+2ms
D/ImplicitAppManagerTimerTask( 2100):  ------:: download length: 2065376
D/dalvikvm( 1657): GC_CONCURRENT freed 706K, 64% free 2863K/7939K, paused 2ms+2ms
D/NetUpdate( 2247): progressValue--->0
D/NetUpdate( 2247): mWriteSD--->true
D/NetUpdate( 2247): mBootCheckZipExist--->false
D/ImplicitAppManagerTimerTask( 2100):  ------:: download length: 2074136
D/ImplicitAppManagerTimerTask( 2100):  ------:: download length: 2082896
D/dalvikvm( 1657): GC_CONCURRENT freed 704K, 64% free 2863K/7939K, paused 3ms+3ms
D/ImplicitAppManagerTimerTask( 2100):  ------:: download length: 2098956
D/dalvikvm( 1657): GC_CONCURRENT freed 705K, 64% free 2862K/7939K, paused 2ms+2ms
D/ImplicitAppManagerTimerTask( 2100):  ------:: download length: 2106256
D/dalvikvm( 1657): GC_CONCURRENT freed 704K, 65% free 2857K/7939K, paused 2ms+3ms
D/ImplicitAppManagerTimerTask( 2100):  ------:: download length: 2107716
D/NetUpdate( 2247): progressValue--->0
D/NetUpdate( 2247): mWriteSD--->true
D/NetUpdate( 2247): mBootCheckZipExist--->false
D/ImplicitAppManagerTimerTask( 2100):  ------:: download length: 2112096
D/ImplicitAppManagerTimerTask( 2100):  ------:: download length: 2119396
D/ImplicitAppManagerTimerTask( 2100):  ------:: download length: 2122316
D/ImplicitAppManagerTimerTask( 2100):  ------:: download length: 2136916
D/ImplicitAppManagerTimerTask( 2100):  ------:: download length: 2145676
D/NetUpdate( 2247): progressValue--->0
D/NetUpdate( 2247): mWriteSD--->true
D/NetUpdate( 2247): mBootCheckZipExist--->false
D/ImplicitAppManagerTimerTask( 2100):  ------:: download length: 2152976
D/ImplicitAppManagerTimerTask( 2100):  ------:: download length: 2163196
D/ImplicitAppManagerTimerTask( 2100):  ------:: download length: 2164656
D/ImplicitAppManagerTimerTask( 2100):  ------:: download length: 2166116
D/ImplicitAppManagerTimerTask( 2100):  ------:: download length: 2171956
D/NetUpdate( 2247): progressValue--->0
D/NetUpdate( 2247): mWriteSD--->true
D/NetUpdate( 2247): mBootCheckZipExist--->false
D/ImplicitAppManagerTimerTask( 2100):  ------:: download length: 2173416
D/ImplicitAppManagerTimerTask( 2100):  ------:: download length: 2177796
D/ImplicitAppManagerTimerTask( 2100):  ------:: download length: 2185096
D/ImplicitAppManagerTimerTask( 2100):  ------:: download length: 2189476
D/NetUpdate( 2247): progressValue--->0
D/NetUpdate( 2247): mWriteSD--->true
D/NetUpdate( 2247): mBootCheckZipExist--->false
D/ImplicitAppManagerTimerTask( 2100):  ------:: download length: 2192396
D/ImplicitAppManagerTimerTask( 2100):  ------:: download length: 2193856
D/ImplicitAppManagerTimerTask( 2100):  ------:: download length: 2199696
D/ImplicitAppManagerTimerTask( 2100):  ------:: download length: 2204076
D/ImplicitAppManagerTimerTask( 2100):  ------:: download length: 2206996
D/NetUpdate( 2247): progressValue--->0
D/NetUpdate( 2247): mWriteSD--->true
D/NetUpdate( 2247): mBootCheckZipExist--->false
D/ImplicitAppManagerTimerTask( 2100):  ------:: download length: 2211376
D/ImplicitAppManagerTimerTask( 2100):  ------:: download length: 2223056
D/ImplicitAppManagerTimerTask( 2100):  ------:: download length: 2228896
D/ImplicitAppManagerTimerTask( 2100):  ------:: download length: 2234736
D/dalvikvm( 1657): GC_CONCURRENT freed 704K, 64% free 2863K/7939K, paused 2ms+2ms
D/ImplicitAppManagerTimerTask( 2100):  ------:: download length: 2247876
D/dalvikvm( 1657): GC_CONCURRENT freed 705K, 64% free 2863K/7939K, paused 2ms+3ms
D/NetUpdate( 2247): progressValue--->0
D/NetUpdate( 2247): mWriteSD--->true
D/NetUpdate( 2247): mBootCheckZipExist--->false
D/ImplicitAppManagerTimerTask( 2100):  ------:: download length: 2255176
D/dalvikvm( 1657): GC_CONCURRENT freed 706K, 64% free 2863K/7939K, paused 3ms+2ms
D/ImplicitAppManagerTimerTask( 2100):  ------:: download length: 2263936
D/ImplicitAppManagerTimerTask( 2100):  ------:: download length: 2275616
D/ImplicitAppManagerTimerTask( 2100):  ------:: download length: 2290216
D/ImplicitAppManagerTimerTask( 2100):  ------:: download length: 2297516
D/NetUpdate( 2247): progressValue--->0
D/NetUpdate( 2247): mWriteSD--->true
D/NetUpdate( 2247): mBootCheckZipExist--->false
D/ImplicitAppManagerTimerTask( 2100):  ------:: download length: 2313576
D/ImplicitAppManagerTimerTask( 2100):  ------:: download length: 2323796
D/ImplicitAppManagerTimerTask( 2100):  ------:: download length: 2335476

[  642.042863] IR: [03932] scan key value is 0xec138000 
[  642.042867]  D/ImplicitAppManagerTimerTask( 2100):  ------:: download length: 2352996
V/TabletStatusBar( 1140): setLightsOn(true)
E/fbdev   ( 1021): Attention! GFLIP time out, force update gop ring buffer!
E/fbdev   ( 1021): Attention! GFLIP time out, force update gop ring buffer!
E/fbdev   ( 1021): Attention! GFLIP time out, force update gop ring buffer!
D/ImplicitAppManagerTimerTask( 2100):  ------:: download length: 2370516
E/fbdev   ( 1021): Attention! GFLIP time out, force update gop ring buffer!
E/fbdev   ( 1021): Attention! GFLIP time out, force update gop ring buffer!
E/fbdev   ( 1021): Attention! GFLIP time out, force update gop ring buffer!
E/fbdev   ( 1021): Attention! GFLIP time out, force update gop ring buffer!
E/fbdev   ( 1021): Attention! GFLIP time out, force update gop ring buffer!
D/HomePlayerLib( 1657): hostaddress count is 1
E/fbdev   ( 1021): Attention! GFLIP time out, force update gop ring buffer!
E/fbdev   ( 1021): Attention! GFLIP time out, force update gop ring buffer!
D/dalvikvm( 1657): GC_CONCURRENT freed 724K, 65% free 2850K/7939K, paused 3ms+3ms
E/fbdev   ( 1021): Attention! GFLIP time out, force update gop ring buffer!
E/fbdev   ( 1021): Attention! GFLIP time out, force update gop ring buffer!
D/NetUpdate( 2247): progressValue--->0
D/NetUpdate( 2247): mWriteSD--->true
D/NetUpdate( 2247): mBootCheckZipExist--->false
E/fbdev   ( 1021): Attention! GFLIP time out, force update gop ring buffer!
E/fbdev   ( 1021): Attention! GFLIP time out, force update gop ring buffer!
E/fbdev   ( 1021): Attention! GFLIP time out, force update gop ring buffer!
E/fbdev   ( 1021): Attention! GFLIP time out, force update gop ring buffer!
D/ImplicitAppManagerTimerTask( 2100):  ------:: download length: 2377816
D/dalvikvm( 1657): GC_CONCURRENT freed 702K, 63% free 2958K/7939K, paused 2ms+3ms
D/ImplicitAppManagerTimerTask( 2100):  ------:: download length: 2383656

[  642.757052] IR: [03932] scan key value is 0xec138000 
[  642.757057]  D/dalvikvm( 1657): GC_CONCURRENT freed 834K, 63% free 2945K/7939K, paused 2ms+2ms

[  642.817759] IR: [03932] scan key value is 0xec138000 
[  642.817764]  D/ImplicitAppManagerTimerTask( 2100):  ------:: download length: 2408476
D/dalvikvm( 1657): GC_CONCURRENT freed 815K, 64% free 2874K/7939K, paused 2ms+2ms
V/NetFirmwareService( 1250): onStartCommand
V/NetFirmwareService( 1250): intent--->Intent { act=com.coship.netfirmware.NetFirmwareService (has extras) }
V/NetFirmwareService( 1250): Network is connected!
I/NetFirmwareService( 1250): initPromtDialog_SHOW!
E/WindowManager(  937): Unknown window type: 2131099651
V/TabletStatusBar( 1140): setLightsOn(true)
E/fbdev   ( 1021): Attention! GFLIP time out, force update gop ring buffer!
E/fbdev   ( 1021): Attention! GFLIP time out, force update gop ring buffer!
W/InputManagerService(  937): Starting input on non-focused client com.android.internal.view.IInputMethodClient$Stub$Proxy@4157c628 (uid=1000 pid=2247)
E/fbdev   ( 1021): Attention! GFLIP time out, force update gop ring buffer!
E/fbdev   ( 1021): Attention! GFLIP time out, force update gop ring buffer!
E/fbdev   ( 1021): Attention! GFLIP time out, force update gop ring buffer!
D/ImplicitAppManagerTimerTask( 2100):  ------:: download length: 2414316
E/fbdev   ( 1021): Attention! GFLIP time out, force update gop ring buffer!
E/fbdev   ( 1021): Attention! GFLIP time out, force update gop ring buffer!
D/dalvikvm( 1657): GC_CONCURRENT freed 719K, 64% free 2906K/7939K, paused 2ms+2ms
E/fbdev   ( 1021): Attention! GFLIP time out, force update gop ring buffer!
E/fbdev   ( 1021): Attention! GFLIP time out, force update gop ring buffer!
E/fbdev   ( 1021): Attention! GFLIP time out, force update gop ring buffer!
E/fbdev   ( 1021): Attention! GFLIP time out, force update gop ring buffer!
E/fbdev   ( 1021): Attention! GFLIP time out, force update gop ring buffer!
E/fbdev   ( 1021): Attention! GFLIP time out, force update gop ring buffer!
E/fbdev   ( 1021): Attention! GFLIP time out, force update gop ring buffer!
E/fbdev   ( 1021): Attention! GFLIP time out, force update gop ring buffer!
E/fbdev   ( 1021): Attention! GFLIP time out, force update gop ring buffer!
E/fbdev   ( 1021): Attention! GFLIP time out, force update gop ring buffer!
D/ImplicitAppManagerTimerTask( 2100):  ------:: download length: 2434756
E/fbdev   ( 1021): Attention! GFLIP time out, force update gop ring buffer!
E/fbdev   ( 1021): Attention! GFLIP time out, force update gop ring buffer!
D/NetUpdate( 2247): progressValue--->0
D/NetUpdate( 2247): mWriteSD--->true
D/NetUpdate( 2247): mBootCheckZipExist--->false
E/fbdev   ( 1021): Attention! GFLIP time out, force update gop ring buffer!
D/ImplicitAppManagerTimerTask( 2100):  ------:: download length: 2449356
D/NetFirmwareService( 1250): loadZipProgress--->0
V/NetFirmwareService( 1250): mServicePath--->http://update.coship.com/update/system/S1001
I/NetFirmwareService( 1250): mHwvStr--->002104
I/NetFirmwareService( 1250): mSwv--->211321
I/FileUtils( 1250): mkFilePath--->/data/data/com.coship.netfirmware/versioncode.dat
D/dalvikvm( 1657): GC_CONCURRENT freed 758K, 64% free 2865K/7939K, paused 12ms+3ms
V/HttpDownLoad( 1250): InputStream_input--->libcore.net.http.FixedLengthInputStream@419a6828
I/FileUtils( 1250): mkdirPath--->/data/data/com.coship.netfirmware/
I/FileUtils( 1250): createNewFilePath--->/data/data/com.coship.netfirmware/versioncode.dat
I/FileUtils( 1250): file--->versioncode.dat
I/HttpDownLoad( 1250): resultFile--->/data/data/com.coship.netfirmware/versioncode.dat
I/NetFirmwareService( 1250): v--->211321
I/NetFirmwareService( 1250): q--->00001
I/NetFirmwareService( 1250): c--->00001
I/FileUtils( 1250): mkFilePath--->/data/data/com.coship.netfirmware/description_211321.dat
D/ImplicitAppManagerTimerTask( 2100):  ------:: download length: 2466876
V/HttpDownLoad( 1250): InputStream_input--->libcore.net.http.FixedLengthInputStream@416ad2f8
I/FileUtils( 1250): mkdirPath--->/data/data/com.coship.netfirmware/
I/FileUtils( 1250): createNewFilePath--->/data/data/com.coship.netfirmware/description_211321.dat
I/FileUtils( 1250): file--->description_211321.dat
I/HttpDownLoad( 1250): resultFile--->/data/data/com.coship.netfirmware/description_211321.dat
I/NetFirmwareService( 1250): packageSize--->181917198
I/NetFirmwareService( 1250): MD5--->D0D1693015A828A1F0274DF26141EF8C
I/NetFirmwareService( 1250): changeHistory--->1.CYWEEHTTPUDP;2.CIBN<>;3.CYWEE720*480,640*480CYWEE
D/ImplicitAppManagerTimerTask( 2100):  ------:: download length: 2468336
D/dalvikvm(  937): GC_CONCURRENT freed 721K, 60% free 3993K/9795K, paused 2ms+4ms
V/NetFirmwareService( 1250): MSG_LOAD_DAT_STATUS_mNetUpdate--->true
D/NetFirmwareService( 1250): Network Connection Success!
D/NetFirmwareService( 1250): Upgrade File Load Success!
D/NetFirmwareService( 1250): serverURL = www.stp_firmware.coship.com
D/NetFirmwareService( 1250): CheckUpgradeTimer mCheckTime = 5
D/NetFirmwareService( 1250): startTimer
D/NetFirmwareService( 1250): removeTimer
E/fbdev   ( 1021): Attention! GFLIP time out, force update gop ring buffer!
D/ImplicitAppManagerTimerTask( 2100):  ------:: download length: 2484396
E/fbdev   ( 1021): Attention! GFLIP time out, force update gop ring buffer!
D/ImplicitAppManagerTimerTask( 2100):  ------:: download length: 2485856
E/fbdev   ( 1021): Attention! GFLIP time out, force update gop ring buffer!
D/NetUpdate( 2247): progressValue--->0
D/NetUpdate( 2247): mWriteSD--->true
D/NetUpdate( 2247): mBootCheckZipExist--->false
D/ImplicitAppManagerTimerTask( 2100):  ------:: download length: 2503376
E/fbdev   ( 1021): Attention! GFLIP time out, force update gop ring buffer!
D/ImplicitAppManagerTimerTask( 2100):  ------:: download length: 2515056
E/fbdev   ( 1021): Attention! GFLIP time out, force update gop ring buffer!
D/ImplicitAppManagerTimerTask( 2100):  ------:: download length: 2516516
E/fbdev   ( 1021): Attention! GFLIP time out, force update gop ring buffer!
E/fbdev   ( 1021): Attention! GFLIP time out, force update gop ring buffer!
D/ImplicitAppManagerTimerTask( 2100):  ------:: download length: 2517976
E/fbdev   ( 1021): Attention! GFLIP time out, force update gop ring buffer!
D/ImplicitAppManagerTimerTask( 2100):  ------:: download length: 2535496
D/NetUpdate( 2247): progressValue--->0
D/NetUpdate( 2247): mWriteSD--->true
D/NetUpdate( 2247): mBootCheckZipExist--->false
E/fbdev   ( 1021): Attention! GFLIP time out, force update gop ring buffer!
D/ImplicitAppManagerTimerTask( 2100):  ------:: download length: 2541336
E/fbdev   ( 1021): Attention! GFLIP time out, force update gop ring buffer!
D/ImplicitAppManagerTimerTask( 2100):  ------:: download length: 2544256
E/fbdev   ( 1021): Attention! GFLIP time out, force update gop ring buffer!
D/ImplicitAppManagerTimerTask( 2100):  ------:: download length: 2555936
E/fbdev   ( 1021): Attention! GFLIP time out, force update gop ring buffer!
D/ImplicitAppManagerTimerTask( 2100):  ------:: download length: 2557396
E/fbdev   ( 1021): Attention! GFLIP time out, force update gop ring buffer!
D/NetUpdate( 2247): progressValue--->0
D/NetUpdate( 2247): mWriteSD--->true
D/NetUpdate( 2247): mBootCheckZipExist--->false
D/ImplicitAppManagerTimerTask( 2100):  ------:: download length: 2558856
E/fbdev   ( 1021): Attention! GFLIP time out, force update gop ring buffer!
D/ImplicitAppManagerTimerTask( 2100):  ------:: download length: 2564696
E/fbdev   ( 1021): Attention! GFLIP time out, force update gop ring buffer!
D/ImplicitAppManagerTimerTask( 2100):  ------:: download length: 2569076
E/fbdev   ( 1021): Attention! GFLIP time out, force update gop ring buffer!
D/ImplicitAppManagerTimerTask( 2100):  ------:: download length: 2571996
E/fbdev   ( 1021): Attention! GFLIP time out, force update gop ring buffer!
E/fbdev   ( 1021): Attention! GFLIP time out, force update gop ring buffer!
D/NetUpdate( 2247): progressValue--->0
D/NetUpdate( 2247): mWriteSD--->true
D/NetUpdate( 2247): mBootCheckZipExist--->false
D/ImplicitAppManagerTimerTask( 2100):  ------:: download length: 2573456
E/fbdev   ( 1021): Attention! GFLIP time out, force update gop ring buffer!
D/ImplicitAppManagerTimerTask( 2100):  ------:: download length: 2585136
E/fbdev   ( 1021): Attention! GFLIP time out, force update gop ring buffer!
D/ImplicitAppManagerTimerTask( 2100):  ------:: download length: 2592436
E/fbdev   ( 1021): Attention! GFLIP time out, force update gop ring buffer!
E/fbdev   ( 1021): Attention! GFLIP time out, force update gop ring buffer!
E/fbdev   ( 1021): Attention! GFLIP time out, force update gop ring buffer!
D/NetUpdate( 2247): progressValue--->0
D/NetUpdate( 2247): mWriteSD--->true
D/NetUpdate( 2247): mBootCheckZipExist--->false
D/ImplicitAppManagerTimerTask( 2100):  ------:: download length: 2593896
E/fbdev   ( 1021): Attention! GFLIP time out, force update gop ring buffer!
D/ImplicitAppManagerTimerTask( 2100):  ------:: download length: 2612876
E/fbdev   ( 1021): Attention! GFLIP time out, force update gop ring buffer!
D/ImplicitAppManagerTimerTask( 2100):  ------:: download length: 2618716
D/NetFirmwareService( 1250): MSG_CREATE_CHECK_THREAD
D/NetFirmwareService( 1250): MSG_GET_VERSION_CODE
D/NetFirmwareService( 1250): Download URL = http://update.coship.com/update/system/S1001/002104/versioncode.dat
D/NetFirmwareService( 1250): Save file in path = /data/data/com.coship.netfirmware/temp.dat
D/NetFirmwareService( 1250): Set download thread number = 2
D/DownloadTask( 1250): mDesFilePath =/data/data/com.coship.netfirmware/temp.dat
D/DownloadTask( 1250): mRecordFile =/data/data/com.coship.netfirmware/temp.dat.cdl.Record
D/DownloadTask( 1250): mfilePath =/data/data/com.coship.netfirmware/temp.dat.cdl
D/ImplicitAppManagerTimerTask( 2100):  ------:: download length: 2624556
I/DownloadTask( 1250): Server:Apache-Coyote/1.1
I/DownloadTask( 1250): Accept-Ranges:bytes
I/DownloadTask( 1250): ETag:W/"33-1366720666000"
I/DownloadTask( 1250): Last-Modified:Tue, 23 Apr 2013 12:37:46 GMT
I/DownloadTask( 1250): Content-Length:33
I/DownloadTask( 1250): Date:Wed, 24 Apr 2013 11:07:38 GMT
I/DownloadTask( 1250): Powered-By-ChinaCache:MISS from CHN-JY-4-3k4
I/DownloadTask( 1250): Connection:close
D/DownloadTask( 1250): server accept range
D/DownloadTask( 1250): initTaskRecord currentSize=-1
D/DownloadTask( 1250): totalSize=-1
D/DownloadTask( 1250): magicID=abc
D/DownloadTask( 1250): mCurrentSize=0
D/DownloadTask( 1250): mTotalSize=33
D/DownloadTask( 1250): mMagicID=null
D/DownloadTask( 1250): The record is invalid, need reset record
D/ImplicitAppManagerTimerTask( 2100):  ------:: download length: 2636236
D/NetUpdate( 2247): progressValue--->0
D/NetUpdate( 2247): mWriteSD--->true
D/NetUpdate( 2247): mBootCheckZipExist--->false
D/WriteDataInStorageThread( 1250): write file name = /data/data/com.coship.netfirmware/temp.dat.cdl
D/dalvikvm( 1250): GC_FOR_ALLOC freed 2607K, 59% free 4513K/10883K, paused 22ms
V/DownloadTask( 1250): finishedThreadNum--->0
V/DownloadTask( 1250): mThreadNum--->2
D/NetFirmwareService( 1250): DownloadConstants.TASK_STATUS_RUNNING
D/NetFirmwareService( 1250): MSG_VER_CODE_STATUS_CHANGE
D/NetFirmwareService( 1250): MSG_VER_CODE_STATUS_CHANGE
E/fbdev   ( 1021): Attention! GFLIP time out, force update gop ring buffer!
D/ImplicitAppManagerTimerTask( 2100):  ------:: download length: 2650836
D/DownloadThread( 1250): statusCode--->206
V/DownloadThread( 1250): Accept-Ranges: bytes
V/DownloadThread( 1250): Content-Disposition: null
V/DownloadThread( 1250): Content-Length: 17
V/DownloadThread( 1250): Content-Location: null
V/DownloadThread( 1250): ETag: W/"33-1366720666000"
V/DownloadThread( 1250): Transfer-Encoding: null
V/DownloadThread( 1250): read_front--->
V/DownloadThread( 1250): read_bytesRead--->17
V/DownloadThread( 1250): read_front--->
D/DownloadThread( 1250): statusCode--->206
V/DownloadThread( 1250): Accept-Ranges: bytes
V/DownloadThread( 1250): Content-Disposition: null
V/DownloadThread( 1250): Content-Length: 16
V/DownloadThread( 1250): Content-Location: null
V/DownloadThread( 1250): ETag: W/"33-1366720666000"
V/DownloadThread( 1250): Transfer-Encoding: null
V/DownloadThread( 1250): read_front--->
V/DownloadThread( 1250): read_bytesRead--->16
V/DownloadThread( 1250): read_front--->
V/DownloadThread( 1250): read_bytesRead--->-1
D/DownloadThread( 1250): write the last data in storage.
D/WriteDataInStorageThread( 1250): sendDataInStack --data length =17 offset =16 file name = filePart1
V/DownloadThread( 1250): read_bytesRead--->-1
D/DownloadThread( 1250): write the last data in storage.
D/WriteDataInStorageThread( 1250): write data  Pos=16   Length =17  Thread =filePart1
D/DownloadThread( 1250): filePart1 final status: 491
D/WriteDataInStorageThread( 1250): sendDataInStack --data length =16 offset =0 file name = filePart0
D/WriteDataInStorageThread( 1250): write data  Pos=0   Length =16  Thread =filePart0
D/DownloadThread( 1250): filePart0 final status: 491
E/fbdev   ( 1021): Attention! GFLIP time out, force update gop ring buffer!
D/ImplicitAppManagerTimerTask( 2100):  ------:: download length: 2659596
E/fbdev   ( 1021): Attention! GFLIP time out, force update gop ring buffer!
V/DownloadTask( 1250): finishedThreadNum--->2
V/DownloadTask( 1250): mThreadNum--->2
D/DownloadTask( 1250): src file = /data/data/com.coship.netfirmware/temp.dat.cdl --- des file=/data/data/com.coship.netfirmware/temp.dat
D/NetFirmwareService( 1250): DownloadConstants.TASK_STATUS_COMPLETED
D/NetFirmwareService( 1250): MSG_VER_CODE_STATUS_CHANGE
D/NetFirmwareService( 1250): MSG_CHECK_VERSION_CODE
D/NetFirmwareService( 1250): checkVersionCode
D/NetFirmwareService( 1250): analysisVersionCodeData
D/NetFirmwareService( 1250): open file error
I/NetFirmwareService( 1250): mVersionCodeFile--->34
D/NetFirmwareService( 1250): verCode = 0
D/NetFirmwareService( 1250): Description URL = null
D/NetFirmwareService( 1250): MSG_GET_DESCRIPTION
D/NetFirmwareService( 1250): Download URL = http://update.coship.com/update/system/S1001/002104/description_211321.dat
D/NetFirmwareService( 1250): Save file in path = /data/data/com.coship.netfirmware/temp.dat
D/NetFirmwareService( 1250): Set download thread number = 2
D/DownloadTask( 1250): mDesFilePath =/data/data/com.coship.netfirmware/temp.dat
D/DownloadTask( 1250): mRecordFile =/data/data/com.coship.netfirmware/temp.dat.cdl.Record
D/DownloadTask( 1250): mfilePath =/data/data/com.coship.netfirmware/temp.dat.cdl
D/ImplicitAppManagerTimerTask( 2100):  ------:: download length: 2668356
D/dalvikvm( 1250): GC_CONCURRENT freed 297K, 49% free 5586K/10883K, paused 2ms+2ms
I/DownloadTask( 1250): Server:Apache-Coyote/1.1
I/DownloadTask( 1250): Accept-Ranges:bytes
I/DownloadTask( 1250): ETag:W/"363-1366720508000"
I/DownloadTask( 1250): Last-Modified:Tue, 23 Apr 2013 12:35:08 GMT
I/DownloadTask( 1250): Content-Length:363
I/DownloadTask( 1250): Date:Wed, 24 Apr 2013 11:07:38 GMT
I/DownloadTask( 1250): Powered-By-ChinaCache:MISS from CHN-JY-4-3k4
I/DownloadTask( 1250): Connection:close
D/ImplicitAppManagerTimerTask( 2100):  ------:: download length: 2684416
D/ImplicitAppManagerTimerTask( 2100):  ------:: download length: 2694636
D/DownloadTask( 1250): server accept range
D/DownloadTask( 1250): initTaskRecord currentSize=-1
D/DownloadTask( 1250): totalSize=-1
D/DownloadTask( 1250): magicID=abc
D/DownloadTask( 1250): mCurrentSize=0
D/DownloadTask( 1250): mTotalSize=363
D/DownloadTask( 1250): mMagicID=null
D/DownloadTask( 1250): The record is invalid, need reset record
D/WriteDataInStorageThread( 1250): write file name = /data/data/com.coship.netfirmware/temp.dat.cdl
D/dalvikvm( 1250): GC_FOR_ALLOC freed 483K, 50% free 5527K/10883K, paused 19ms
I/dalvikvm-heap( 1250): Grow heap (frag case) to 9.494MB for 524304-byte allocation
D/dalvikvm( 1250): GC_FOR_ALLOC freed <1K, 48% free 6038K/11459K, paused 14ms
D/NetUpdate( 2247): progressValue--->0
D/NetUpdate( 2247): mWriteSD--->true
D/NetUpdate( 2247): mBootCheckZipExist--->false
V/DownloadTask( 1250): finishedThreadNum--->0
D/dalvikvm( 1250): GC_FOR_ALLOC freed 1084K, 57% free 4988K/11459K, paused 17ms
V/DownloadTask( 1250): mThreadNum--->2
D/NetFirmwareService( 1250): MSG_DESCRIPT_STATUS_CHANGE
D/NetFirmwareService( 1250): MSG_DESCRIPT_STATUS_CHANGE
E/fbdev   ( 1021): Attention! GFLIP time out, force update gop ring buffer!
D/ImplicitAppManagerTimerTask( 2100):  ------:: download length: 2706316
D/DownloadThread( 1250): statusCode--->206
D/DownloadThread( 1250): statusCode--->206
V/DownloadThread( 1250): Accept-Ranges: bytes
V/DownloadThread( 1250): Accept-Ranges: bytes
V/DownloadThread( 1250): Content-Disposition: null
V/DownloadThread( 1250): Content-Disposition: null
V/DownloadThread( 1250): Content-Length: 182
V/DownloadThread( 1250): Content-Length: 181
V/DownloadThread( 1250): Content-Location: null
V/DownloadThread( 1250): Content-Location: null
V/DownloadThread( 1250): ETag: W/"363-1366720508000"
V/DownloadThread( 1250): ETag: W/"363-1366720508000"
V/DownloadThread( 1250): Transfer-Encoding: null
V/DownloadThread( 1250): Transfer-Encoding: null
V/DownloadThread( 1250): read_front--->
V/DownloadThread( 1250): read_front--->
V/DownloadThread( 1250): read_bytesRead--->182
V/DownloadThread( 1250): read_bytesRead--->181
V/DownloadThread( 1250): read_front--->
V/DownloadThread( 1250): read_front--->
V/DownloadThread( 1250): read_bytesRead--->-1
V/DownloadThread( 1250): read_bytesRead--->-1
D/DownloadThread( 1250): write the last data in storage.
D/DownloadThread( 1250): write the last data in storage.
D/WriteDataInStorageThread( 1250): sendDataInStack --data length =182 offset =181 file name = filePart1
D/DownloadThread( 1250): filePart1 final status: 491
D/WriteDataInStorageThread( 1250): sendDataInStack --data length =181 offset =0 file name = filePart0
D/WriteDataInStorageThread( 1250): write data  Pos=181   Length =182  Thread =filePart1
D/DownloadThread( 1250): filePart0 final status: 491
E/fbdev   ( 1021): Attention! GFLIP time out, force D/ImplicitAppManagerTimerTask( 2100):  ------:: download length: 4859816
D/ImplicitAppManagerTimerTask( 2100):  ------:: download length: 4868576
D/NetUpdate( 2247): progressValue--->0
D/NetUpdate( 2247): mWriteSD--->true
D/NetUpdate( 2247): mBootCheckZipExist--->false
D/ImplicitAppManagerTimerTask( 2100):  ------:: download length: 4874416
D/ImplicitAppManagerTimerTask( 2100):  ------:: download length: 4884636
D/ImplicitAppManagerTimerTask( 2100):  ------:: download length: 4899236
D/dalvikvm( 1657): GC_CONCURRENT freed 676K, 64% free 2862K/7939K, paused 2ms+2ms
D/ImplicitAppManagerTimerTask( 2100):  ------:: download length: 4909456
D/dalvikvm( 1657): GC_CONCURRENT freed 705K, 64% free 2862K/7939K, paused 2ms+2ms
D/ImplicitAppManagerTimerTask( 2100):  ------:: download length: 4916756
D/NetUpdate( 2247): progressValue--->0
D/NetUpdate( 2247): mWriteSD--->true
D/NetUpdate( 2247): mBootCheckZipExist--->false
D/dalvikvm( 1657): GC_CONCURRENT freed 703K, 64% free 2863K/7939K, paused 2ms+2ms
D/ImplicitAppManagerTimerTask( 2100):  ------:: download length: 4938656
D/ImplicitAppManagerTimerTask( 2100):  ------:: download length: 4951796
D/dalvikvm( 1657): GC_CONCURRENT freed 705K, 64% free 2863K/7939K, paused 2ms+3ms
D/ImplicitAppManagerTimerTask( 2100):  ------:: download length: 4964936
D/dalvikvm( 1657): GC_CONCURRENT freed 706K, 64% free 2863K/7939K, paused 2ms+2ms
D/ImplicitAppManagerTimerTask( 2100):  ------:: download length: 4986836
D/ImplicitAppManagerTimerTask( 2100):  ------:: download length: 4999976
D/dalvikvm( 1657): GC_CONCURRENT freed 721K, 65% free 2845K/7939K, paused 2ms+3ms
D/NetUpdate( 2247): progressValue--->0
D/NetUpdate( 2247): mWriteSD--->true
D/NetUpdate( 2247): mBootCheckZipExist--->false
D/ImplicitAppManagerTimerTask( 2100):  ------:: download length: 5011656
D/dalvikvm( 1657): GC_CONCURRENT freed 689K, 65% free 2857K/7939K, paused 2ms+3ms
D/ImplicitAppManagerTimerTask( 2100):  ------:: download length: 5013116
D/dalvikvm( 1657): GC_CONCURRENT freed 706K, 64% free 2863K/7939K, paused 2ms+3ms
D/ImplicitAppManagerTimerTask( 2100):  ------:: download length: 5052536
D/ImplicitAppManagerTimerTask( 2100):  ------:: download length: 5067136
D/NetUpdate( 2247): progressValue--->0
D/NetUpdate( 2247): mWriteSD--->true
D/NetUpdate( 2247): mBootCheckZipExist--->false
D/ImplicitAppManagerTimerTask( 2100):  ------:: download length: 5068596
D/ImplicitAppManagerTimerTask( 2100):  ------:: download length: 5093416
D/HomePlayerLib( 1657): hostaddress count is 1
D/dalvikvm( 1657): GC_CONCURRENT freed 721K, 65% free 2852K/7939K, paused 2ms+2ms
D/ImplicitAppManagerTimerTask( 2100):  ------:: download length: 5118236
D/dalvikvm( 1657): GC_CONCURRENT freed 701K, 63% free 2956K/7939K, paused 2ms+2ms
D/ImplicitAppManagerTimerTask( 2100):  ------:: download length: 5128456
D/dalvikvm( 1657): GC_CONCURRENT freed 831K, 63% free 2965K/7939K, paused 2ms+2ms
D/ImplicitAppManagerTimerTask( 2100):  ------:: download length: 5153276
D/dalvikvm( 1657): GC_CONCURRENT freed 833K, 64% free 2908K/7939K, paused 2ms+3ms
D/NetUpdate( 2247): progressValue--->0
D/NetUpdate( 2247): mWriteSD--->true
D/NetUpdate( 2247): mBootCheckZipExist--->false
D/ImplicitAppManagerTimerTask( 2100):  ------:: download length: 5166416
D/dalvikvm( 1657): GC_CONCURRENT freed 760K, 64% free 2865K/7939K, paused 1ms+2ms
D/ImplicitAppManagerTimerTask( 2100):  ------:: download length: 5176636
D/ImplicitAppManagerTimerTask( 2100):  ------:: download length: 5202916
D/ImplicitAppManagerTimerTask( 2100):  ------:: download length: 5214596
D/ImplicitAppManagerTimerTask( 2100):  ------:: download length: 5216056
D/NetUpdate( 2247): progressValue--->0
D/NetUpdate( 2247): mWriteSD--->true
D/NetUpdate( 2247): mBootCheckZipExist--->false
D/ImplicitAppManagerTimerTask( 2100):  ------:: download length: 5242336
D/ImplicitAppManagerTimerTask( 2100):  ------:: download length: 5251096
D/ImplicitAppManagerTimerTask( 2100):  ------:: download length: 5252556
D/ImplicitAppManagerTimerTask( 2100):  ------:: download length: 5286136
D/ImplicitAppManagerTimerTask( 2100):  ------:: download length: 5294896
D/NetUpdate( 2247): progressValue--->0
D/NetUpdate( 2247): mWriteSD--->true
D/NetUpdate( 2247): mBootCheckZipExist--->false
D/ImplicitAppManagerTimerTask( 2100):  ------:: download length: 5303656
D/ImplicitAppManagerTimerTask( 2100):  ------:: download length: 5305116
D/ImplicitAppManagerTimerTask( 2100):  ------:: download length: 5322636
D/ImplicitAppManagerTimerTask( 2100):  ------:: download length: 5331396
D/ImplicitAppManagerTimerTask( 2100):  ------:: download length: 5348916
D/NetUpdate( 2247): progressValue--->0
D/NetUpdate( 2247): mWriteSD--->true
D/NetUpdate( 2247): mBootCheckZipExist--->false
D/ImplicitAppManagerTimerTask( 2100):  ------:: download length: 5356216
D/ImplicitAppManagerTimerTask( 2100):  ------:: download length: 5364976
D/ImplicitAppManagerTimerTask( 2100):  ------:: download length: 5379576
D/ImplicitAppManagerTimerTask( 2100):  ------:: download length: 5381036
D/ImplicitAppManagerTimerTask( 2100):  ------:: download length: 5395636
D/NetUpdate( 2247): progressValue--->0
D/NetUpdate( 2247): mWriteSD--->true
D/NetUpdate( 2247): mBootCheckZipExist--->false
D/ImplicitAppManagerTimerTask( 2100):  ------:: download length: 5411696

[  701.857833] IR: [03932] scan key value is 0xec138000 
[  701.857839]  
[  701.918817] IR: [03932] scan key value is 0xec138000 
[  701.918822]  D/ImplicitAppManagerTimerTask( 2100):  ------:: download length: 5418996
V/TabletStatusBar( 1140): setLightsOn(true)
E/fbdev   ( 1021): Attention! GFLIP time out, force update gop ring buffer!
E/fbdev   ( 1021): Attention! GFLIP time out, force update gop ring buffer!
E/fbdev   ( 1021): Attention! GFLIP time out, force update gop ring buffer!
E/fbdev   ( 1021): Attention! GFLIP time out, force update gop ring buffer!
E/fbdev   ( 1021): Attention! GFLIP time out, force update gop ring buffer!
D/ImplicitAppManagerTimerTask( 2100):  ------:: download length: 5429216
E/fbdev   ( 1021): Attention! GFLIP time out, force update gop ring buffer!
E/fbdev   ( 1021): Attention! GFLIP time out, force update gop ring buffer!
E/fbdev   ( 1021): Attention! GFLIP time out, force update gop ring buffer!
E/fbdev   ( 1021): Attention! GFLIP time out, force update gop ring buffer!
E/fbdev   ( 1021): Attention! GFLIP time out, force update gop ring buffer!
E/fbdev   ( 1021): Attention! GFLIP time out, force update gop ring buffer!
E/fbdev   ( 1021): Attention! GFLIP time out, force update gop ring buffer!
E/fbdev   ( 1021): Attention! GFLIP time out, force update gop ring buffer!
E/fbdev   ( 1021): Attention! GFLIP time out, force update gop ring buffer!
E/fbdev   ( 1021): Attention! GFLIP time out, force update gop ring buffer!
E/fbdev   ( 1021): Attention! GFLIP time out, force update gop ring buffer!
D/ImplicitAppManagerTimerTask( 2100):  ------:: download length: 5449656
D/ImplicitAppManagerTimerTask( 2100):  ------:: download length: 5458416
D/NetUpdate( 2247): progressValue--->0
D/NetUpdate( 2247): mWriteSD--->true
D/NetUpdate( 2247): mBootCheckZipExist--->false
D/ImplicitAppManagerTimerTask( 2100):  ------:: download length: 5462796
D/ImplicitAppManagerTimerTask( 2100):  ------:: download length: 5493456
D/ImplicitAppManagerTimerTask( 2100):  ------:: download length: 5502216
D/NetUpdate( 2247): progressValue--->0
D/NetUpdate( 2247): mWriteSD--->true
D/NetUpdate( 2247): mBootCheckZipExist--->false
D/ImplicitAppManagerTimerTask( 2100):  ------:: download length: 5512436
D/ImplicitAppManagerTimerTask( 2100):  ------:: download length: 5535796
D/ImplicitAppManagerTimerTask( 2100):  ------:: download length: 5543096
D/ImplicitAppManagerTimerTask( 2100):  ------:: download length: 5553316
D/ImplicitAppManagerTimerTask( 2100):  ------:: download length: 5563536
D/NetUpdate( 2247): progressValue--->0
D/NetUpdate( 2247): mWriteSD--->true
D/NetUpdate( 2247): mBootCheckZipExist--->false
D/ImplicitAppManagerTimerTask( 2100):  ------:: download length: 5564996
D/dalvikvm( 1657): GC_CONCURRENT freed 707K, 64% free 2863K/7939K, paused 3ms+2ms
D/ImplicitAppManagerTimerTask( 2100):  ------:: download length: 5588356
D/dalvikvm( 1657): GC_CONCURRENT freed 705K, 64% free 2863K/7939K, paused 2ms+3ms
D/ImplicitAppManagerTimerTask( 2100):  ------:: download length: 5605876
D/ImplicitAppManagerTimerTask( 2100):  ------:: download length: 5620476
D/dalvikvm( 1657): GC_CONCURRENT freed 706K, 64% free 2863K/7939K, paused 2ms+3ms
D/ImplicitAppManagerTimerTask( 2100):  ------:: download length: 5629236
D/NetUpdate( 2247): progressValue--->0
D/NetUpdate( 2247): mWriteSD--->true
D/NetUpdate( 2247): mBootCheckZipExist--->false
D/ImplicitAppManagerTimerTask( 2100):  ------:: download length: 5646756
D/ImplicitAppManagerTimerTask( 2100):  ------:: download length: 5664276
D/ImplicitAppManagerTimerTask( 2100):  ------:: download length: 5675956
D/ImplicitAppManagerTimerTask( 2100):  ------:: download length: 5684716
D/ImplicitAppManagerTimerTask( 2100):  ------:: download length: 5699316
D/NetUpdate( 2247): progressValue--->0
D/NetUpdate( 2247): mWriteSD--->true
D/NetUpdate( 2247): mBootCheckZipExist--->false
D/ImplicitAppManagerTimerTask( 2100):  ------:: download length: 5706616
D/ImplicitAppManagerTimerTask( 2100):  ------:: download length: 5722676
D/ImplicitAppManagerTimerTask( 2100):  ------:: download length: 5732896
D/ImplicitAppManagerTimerTask( 2100):  ------:: download length: 5743116
D/ImplicitAppManagerTimerTask( 2100):  ------:: download length: 5763556
D/NetUpdate( 2247): progressValue--->0
D/NetUpdate( 2247): mWriteSD--->true
D/NetUpdate( 2247): mBootCheckZipExist--->false
D/ImplicitAppManagerTimerTask( 2100):  ------:: download length: 5773776
W/ThrottleService(  937): unable to find stats for iface rmnet0
D/HomePlayerLib( 1657): hostaddress count is 1
D/dalvikvm( 1657): GC_CONCURRENT freed 723K, 63% free 2956K/7939K, paused 2ms+3ms
D/ImplicitAppManagerTimerTask( 2100):  ------:: download length: 5783996
D/dalvikvm( 1657): GC_CONCURRENT freed 837K, 63% free 2965K/7939K, paused 2ms+3ms
D/dalvikvm( 1657): GC_CONCURRENT freed 850K, 64% free 2880K/7939K, paused 2ms+2ms
D/ImplicitAppManagerTimerTask( 2100):  ------:: download length: 5804436
D/dalvikvm( 1657): GC_CONCURRENT freed 709K, 63% free 2993K/7939K, paused 2ms+2ms
D/ImplicitAppManagerTimerTask( 2100):  ------:: download length: 5817576
D/ImplicitAppManagerTimerTask( 2100):  ------:: download length: 5829256
D/dalvikvm( 1657): GC_CONCURRENT freed 874K, 62% free 3024K/7939K, paused 2ms+3ms
D/NetUpdate( 2247): progressValue--->0
D/NetUpdate( 2247): mWriteSD--->true
D/NetUpdate( 2247): mBootCheckZipExist--->false
D/ImplicitAppManagerTimerTask( 2100):  ------:: download length: 5833636
D/ImplicitAppManagerTimerTask( 2100):  ------:: download length: 5858456
D/ImplicitAppManagerTimerTask( 2100):  ------:: download length: 5868676
D/ImplicitAppManagerTimerTask( 2100):  ------:: download length: 5881816
D/ImplicitAppManagerTimerTask( 2100):  ------:: download length: 5902256
D/NetUpdate( 2247): progressValue--->0
D/NetUpdate( 2247): mWriteSD--->true
D/NetUpdate( 2247): mBootCheckZipExist--->false
D/ImplicitAppManagerTimerTask( 2100):  ------:: download length: 5912476
D/ImplicitAppManagerTimerTask( 2100):  ------:: download length: 5924156
D/ImplicitAppManagerTimerTask( 2100):  ------:: download length: 5946056
D/HomePlayerLib( 1657): hostaddress count is 1
D/dalvikvm( 1657): GC_CONCURRENT freed 930K, 64% free 2870K/7939K, paused 2ms+3ms
D/dalvikvm( 1657): GC_CONCURRENT freed 718K, 65% free 2857K/7939K, paused 2ms+3ms
D/ImplicitAppManagerTimerTask( 2100):  ------:: download length: 5956276
D/dalvikvm( 1657): GC_CONCURRENT freed 700K, 64% free 2860K/7939K, paused 2ms+3ms
D/ImplicitAppManagerTimerTask( 2100):  ------:: download length: 5957736
D/NetUpdate( 2247): progressValue--->0
D/NetUpdate( 2247): mWriteSD--->true
D/NetUpdate( 2247): mBootCheckZipExist--->false
D/dalvikvm( 1657): GC_CONCURRENT freed 704K, 64% free 2867K/7939K, paused 2ms+2ms
D/ImplicitAppManagerTimerTask( 2100):  ------:: download length: 5973796
D/dalvikvm( 1657): GC_CONCURRENT freed 705K, 64% free 2860K/7939K, paused 3ms+2ms
D/ImplicitAppManagerTimerTask( 2100):  ------:: download length: 5982556
D/dalvikvm( 1657): GC_CONCURRENT freed 701K, 65% free 2857K/7939K, paused 2ms+3ms
D/ImplicitAppManagerTimerTask( 2100):  ------:: download length: 5986936
D/ImplicitAppManagerTimerTask( 2100):  ------:: download length: 5998616
D/ImplicitAppManagerTimerTask( 2100):  ------:: download length: 6004456
D/NetUpdate( 2247): progressValue--->0
D/NetUpdate( 2247): mWriteSD--->true
D/NetUpdate( 2247): mBootCheckZipExist--->false
D/ImplicitAppManagerTimerTask( 2100):  ------:: download length: 6013216
D/ImplicitAppManagerTimerTask( 2100):  ------:: download length: 6027816
D/ImplicitAppManagerTimerTask( 2100):  ------:: download length: 6036576
D/ImplicitAppManagerTimerTask( 2100):  ------:: download length: 6038036
D/NetUpdate( 2247): progressValue--->0
D/NetUpdate( 2247): mWriteSD--->true
D/NetUpdate( 2247): mBootCheckZipExist--->false
D/ImplicitAppManagerTimerTask( 2100):  ------:: download length: 6051176
D/ImplicitAppManagerTimerTask( 2100):  ------:: download length: 6065776
D/ImplicitAppManagerTimerTask( 2100):  ------:: download length: 6074536
D/ImplicitAppManagerTimerTask( 2100):  ------:: download length: 6077456
D/NetUpdate( 2247): progressValue--->0
D/NetUpdate( 2247): mWriteSD--->true
D/NetUpdate( 2247): mBootCheckZipExist--->false
D/ImplicitAppManagerTimerTask( 2100):  ------:: download length: 6078916
D/ImplicitAppManagerTimerTask( 2100):  ------:: download length: 6093516
D/dalvikvm( 1657): GC_CONCURRENT freed 704K, 62% free 3063K/7939K, paused 2ms+2ms
D/dalvikvm( 1657): GC_CONCURRENT freed 975K, 64% free 2879K/7939K, paused 2ms+3ms
D/ImplicitAppManagerTimerTask( 2100):  ------:: download length: 6094976
D/ImplicitAppManagerTimerTask( 2100):  ------:: download length: 6099356
D/dalvikvm( 1657): GC_CONCURRENT freed 742K, 65% free 2841K/7939K, paused 3ms+2ms
D/NetUpdate( 2247): progressValue--->0
D/NetUpdate( 2247): mWriteSD--->true
D/NetUpdate( 2247): mBootCheckZipExist--->false
D/ImplicitAppManagerTimerTask( 2100):  ------:: download length: 6103736
D/dalvikvm( 1657): GC_CONCURRENT freed 683K, 65% free 2841K/7939K, paused 2ms+3ms
D/ImplicitAppManagerTimerTask( 2100):  ------:: download length: 6112496
D/dalvikvm( 1657): GC_CONCURRENT freed 691K, 64% free 2876K/7939K, paused 2ms+2ms
D/ImplicitAppManagerTimerTask( 2100):  ------:: download length: 6118336
D/ImplicitAppManagerTimerTask( 2100):  ------:: download length: 6124176
D/ImplicitAppManagerTimerTask( 2100):  ------:: download length: 6137316
D/NetUpdate( 2247): progressValue--->0
D/NetUpdate( 2247): mWriteSD--->true
D/NetUpdate( 2247): mBootCheckZipExist--->false
D/dalvikvm( 1657): GC_CONCURRENT freed 718K, 64% free 2859K/7939K, paused 2ms+3ms
D/ImplicitAppManagerTimerTask( 2100):  ------:: download length: 6144616
D/dalvikvm( 1657): GC_CONCURRENT freed 705K, 64% free 2863K/7939K, paused 3ms+2ms
D/ImplicitAppManagerTimerTask( 2100):  ------:: download length: 6156296
D/ImplicitAppManagerTimerTask( 2100):  ------:: download length: 6170896
D/dalvikvm( 1657): GC_CONCURRENT freed 706K, 64% free 2863K/7939K, paused 2ms+3ms
D/ImplicitAppManagerTimerTask( 2100):  ------:: download length: 6175276
D/NetUpdate( 2247): progressValue--->0
D/NetUpdate( 2247): mWriteSD--->true
D/NetUpdate( 2247): mBootCheckZipExist--->false
D/ImplicitAppManagerTimerTask( 2100):  ------:: download length: 6176736
D/ImplicitAppManagerTimerTask( 2100):  ------:: download length: 6198636
D/ImplicitAppManagerTimerTask( 2100):  ------:: download length: 6200096
D/ImplicitAppManagerTimerTask( 2100):  ------:: download length: 6211776
D/ImplicitAppManagerTimerTask( 2100):  ------:: download length: 6224916
D/NetUpdate( 2247): progressValue--->0
D/NetUpdate( 2247): mWriteSD--->true
D/NetUpdate( 2247): mBootCheckZipExist--->false
D/ImplicitAppManagerTimerTask( 2100):  ------:: download length: 6233676
D/CheckNetWork( 1644): isOk true
D/CheckNetWork( 1644): ActInfoNetworkInfo: type: WIFI[], state: CONNECTED/CONNECTED, reason: (unspecified), extra: (none), roaming: false, failover: false, isAvailable: true
D/CheckNetWork( 1644): infoNetworkInfo: type: WIFI[], state: CONNECTED/CONNECTED, reason: (unspecified), extra: (none), roaming: false, failover: false, isAvailable: true
D/ImplicitAppManagerTimerTask( 2100):  ------:: download length: 6242436
D/ImplicitAppManagerTimerTask( 2100):  ------:: download length: 6251196
D/ImplicitAppManagerTimerTask( 2100):  ------:: download length: 6252656

[  718.629104] IR: [03932] scan key value is 0xed128000 
[  718.629109]  
[  718.690429] IR: [03932] scan key value is 0xed128000 
[  718.690434]  D/ImplicitAppManagerTimerTask( 2100):  ------:: download length: 6262876
D/NetUpdate( 2247): progressValue--->0
D/NetUpdate( 2247): mWriteSD--->true
D/NetUpdate( 2247): mBootCheckZipExist--->false
E/fbdev   ( 1021): Attention! GFLIP time out, force update gop ring buffer!
D/InputEventConsistencyVerifier( 2247): KeyEvent: ACTION_UP but key was not down.
D/InputEventConsistencyVerifier( 2247):   in android.widget.LinearLayout@4172c240
D/InputEventConsistencyVerifier( 2247):   0: sent at 718856000000, KeyEvent { action=ACTION_UP, keyCode=KEYCODE_DPAD_LEFT, scanCode=105, metaState=0, flags=0x8, repeatCount=0, eventTime=718856, downTime=718634, deviceId=1, source=0x101 }
D/InputEventConsistencyVerifier( 2247):   -- recent events --
D/InputEventConsistencyVerifier( 2247):   1: sent at 80338000000, (unhandled) KeyEvent { action=ACTION_DOWN, keyCode=KEYCODE_DPAD_RIGHT, scanCode=106, metaState=0, flags=0x8, repeatCount=0, eventTime=80338, downTime=80338, deviceId=1, source=0x101 }
D/InputEventConsistencyVerifier( 2247):   2: sent at 80056000000, (unhandled) KeyEvent { action=ACTION_UP, keyCode=KEYCODE_DPAD_DOWN, scanCode=108, metaState=0, flags=0x8, repeatCount=0, eventTime=80056, downTime=79842, deviceId=1, source=0x101 }
D/InputEventConsistencyVerifier( 2247):   3: sent at 79842000000, KeyEvent { action=ACTION_DOWN, keyCode=KEYCODE_DPAD_DOWN, scanCode=108, metaState=0, flags=0x8, repeatCount=0, eventTime=79842, downTime=79842, deviceId=1, source=0x101 }
D/InputEventConsistencyVerifier( 2247):   4: sent at 79376000000, (unhandled) KeyEvent { action=ACTION_UP, keyCode=KEYCODE_DPAD_UP, scanCode=103, metaState=0, flags=0x8, repeatCount=0, eventTime=79376, downTime=79162, deviceId=1, source=0x101 }
D/InputEventConsistencyVerifier( 2247):   5: sent at 79162000000, KeyEvent { action=ACTION_DOWN, keyCode=KEYCODE_DPAD_UP, scanCode=103, metaState=0, flags=0x8, repeatCount=0, eventTime=79162, downTime=79162, deviceId=1, source=0x101 }
D/HomePlayerLib( 1657): hostaddress count is 1
D/ImplicitAppManagerTimerTask( 2100):  ------:: download length: 6265796
D/dalvikvm( 1657): GC_CONCURRENT freed 723K, 65% free 2851K/7939K, paused 2ms+3ms
D/dalvikvm( 1657): GC_CONCURRENT freed 703K, 64% free 2869K/7939K, paused 2ms+3ms
D/ImplicitAppManagerTimerTask( 2100):  ------:: download length: 6270176
D/ImplicitAppManagerTimerTask( 2100):  ------:: download length: 6274556
D/dalvikvm( 1657): GC_CONCURRENT freed 712K, 64% free 2861K/7939K, paused 3ms+3ms

[  719.545817] IR: [03932] scan key value is 0xea158000 
[  719.545821]  D/ImplicitAppManagerTimerTask( 2100):  ------:: download length: 6278936

[  719.606671] IR: [03932] scan key value is 0xea158000 
[  719.606678]  I/NetUpdate( 2247): --------------hide()------------------
I/UsbUpdate( 2247): --------------show()------------------
E/fbdev   ( 1021): Attention! GFLIP time out, force update gop ring buffer!
D/dalvikvm( 1657): GC_CONCURRENT freed 708K, 63% free 2969K/7939K, paused 2ms+3ms
E/fbdev   ( 1021): Attention! GFLIP time out, force update gop ring buffer!
D/dalvikvm( 1657): GC_CONCURRENT freed 862K, 63% free 2958K/7939K, paused 2ms+3ms
D/ImplicitAppManagerTimerTask( 2100):  ------:: download length: 6280396
D/dalvikvm( 1657): GC_CONCURRENT freed 844K, 64% free 2864K/7939K, paused 2ms+3ms
D/ImplicitAppManagerTimerTask( 2100):  ------:: download length: 6281856
D/ImplicitAppManagerTimerTask( 2100):  ------:: download length: 6286236
V/NetUpdate( 2247): mBindRemote--->true
V/NetUpdate( 2247): Remote Invoke Success!
I/NetUpdate( 2247): --------------show()------------------
D/NetUpdate( 2247): progressValue--->0
D/NetUpdate( 2247): mWriteSD--->true
D/NetUpdate( 2247): mBootCheckZipExist--->false
D/ImplicitAppManagerTimerTask( 2100):  ------:: download length: 6287696
D/ImplicitAppManagerTimerTask( 2100):  ------:: download length: 6297916
D/ImplicitAppManagerTimerTask( 2100):  ------:: download length: 6299376
D/ImplicitAppManagerTimerTask( 2100):  ------:: download length: 6306676
D/ImplicitAppManagerTimerTask( 2100):  ------:: download length: 6308136
D/ImplicitAppManagerTimerTask( 2100):  ------:: download length: 6319816
D/ImplicitAppManagerTimerTask( 2100):  ------:: download length: 6328576
D/ImplicitAppManagerTimerTask( 2100):  ------:: download length: 6334416
D/ImplicitAppManagerTimerTask( 2100):  ------:: download length: 6340256
D/NetUpdate( 2247): progressValue--->0
D/NetUpdate( 2247): mWriteSD--->true
D/NetUpdate( 2247): mBootCheckZipExist--->false
D/ImplicitAppManagerTimerTask( 2100):  ------:: download length: 6353396
D/ImplicitAppManagerTimerTask( 2100):  ------:: download length: 6359236
D/ImplicitAppManagerTimerTask( 2100):  ------:: download length: 6366536
D/ImplicitAppManagerTimerTask( 2100):  ------:: download length: 6384056
D/ImplicitAppManagerTimerTask( 2100):  ------:: download length: 6391356
D/NetUpdate( 2247): progressValue--->0
D/NetUpdate( 2247): mWriteSD--->true
D/NetUpdate( 2247): mBootCheckZipExist--->false
D/ImplicitAppManagerTimerTask( 2100):  ------:: download length: 6400116
D/ImplicitAppManagerTimerTask( 2100):  ------:: download length: 6423476
D/ImplicitAppManagerTimerTask( 2100):  ------:: download length: 6427856
D/ImplicitAppManagerTimerTask( 2100):  ------:: download length: 6432236
D/ImplicitAppManagerTimerTask( 2100):  ------:: download length: 6455596
D/NetUpdate( 2247): progressValue--->0
D/NetUpdate( 2247): mWriteSD--->true
D/NetUpdate( 2247): mBootCheckZipExist--->false
D/ImplicitAppManagerTimerTask( 2100):  ------:: download length: 6465816
D/ImplicitAppManagerTimerTask( 2100):  ------:: download length: 6470196
D/ImplicitAppManagerTimerTask( 2100):  ------:: download length: 6486256
D/ImplicitAppManagerTimerTask( 2100):  ------:: download length: 6497936
D/NetUpdate( 2247): progressValue--->0
D/NetUpdate( 2247): mWriteSD--->true
D/NetUpdate( 2247): mBootCheckZipExist--->false
D/ImplicitAppManagerTimerTask( 2100):  ------:: download length: 6499396
D/ImplicitAppManagerTimerTask( 2100):  ------:: download length: 6513996
D/ImplicitAppManagerTimerTask( 2100):  ------:: download length: 6519836
D/ImplicitAppManagerTimerTask( 2100):  ------:: download length: 6530056
D/ImplicitAppManagerTimerTask( 2100):  ------:: download length: 6541736
D/NetUpdate( 2247): progressValue--->0
D/NetUpdate( 2247): mWriteSD--->true
D/NetUpdate( 2247): mBootCheckZipExist--->false
D/ImplicitAppManagerTimerTask( 2100):  ------:: download length: 6547576
D/dalvikvm( 1657): GC_CONCURRENT freed 705K, 64% free 2861K/7939K, paused 2ms+3ms
D/ImplicitAppManagerTimerTask( 2100):  ------:: download length: 6563636
D/ImplicitAppManagerTimerTask( 2100):  ------:: download length: 6572396
D/dalvikvm( 1657): GC_CONCURRENT freed 706K, 64% free 2863K/7939K, paused 2ms+3ms
D/ImplicitAppManagerTimerTask( 2100):  ------:: download length: 6581156
D/dalvikvm( 1657): GC_CONCURRENT freed 707K, 64% free 2861K/7939K, paused 2ms+2ms
D/ImplicitAppManagerTimerTask( 2100):  ------:: download length: 6595756
E/CACHE   ( 1872): cleared
I/zomut.watchdog.monitor( 1872): initgather
D/NetUpdate( 2247): progressValue--->0
D/NetUpdate( 2247): mWriteSD--->true
D/NetUpdate( 2247): mBootCheckZipExist--->false
D/ImplicitAppManagerTimerTask( 2100):  ------:: download length: 6605976
I/zomut.watchdog.monitor( 1872): endgather
I/zomut.watchdog.monitor( 1872): init
I/zomut.watchdog.monitor( 1872): end
D/ImplicitAppManagerTimerTask( 2100):  ------:: download length: 6616196
D/ImplicitAppManagerTimerTask( 2100):  ------:: download length: 6632256
D/ImplicitAppManagerTimerTask( 2100):  ------:: download length: 6642476
D/ImplicitAppManagerTimerTask( 2100):  ------:: download length: 6651236
D/NetUpdate( 2247): progressValue--->0
D/NetUpdate( 2247): mWriteSD--->true
D/NetUpdate( 2247): mBootCheckZipExist--->false
D/ImplicitAppManagerTimerTask( 2100):  ------:: download length: 6659996
D/ImplicitAppManagerTimerTask( 2100):  ------:: download length: 6661456
D/ImplicitAppManagerTimerTask( 2100):  ------:: download length: 6673136
D/ImplicitAppManagerTimerTask( 2100):  ------:: download length: 6678976
D/ImplicitAppManagerTimerTask( 2100):  ------:: download length: 6687736
D/NetUpdate( 2247): progressValue--->0
D/NetUpdate( 2247): mWriteSD--->true
D/NetUpdate( 2247): mBootCheckZipExist--->false
D/ImplicitAppManagerTimerTask( 2100):  ------:: download length: 6699416
D/ImplicitAppManagerTimerTask( 2100):  ------:: download length: 6712556
D/HomePlayerLib( 1657): hostaddress count is 1
D/ImplicitAppManagerTimerTask( 2100):  ------:: download length: 6725696
D/dalvikvm( 1657): GC_CONCURRENT freed 721K, 63% free 2959K/7939K, paused 101ms+3ms
D/dalvikvm( 1657): GC_CONCURRENT freed 836K, 63% free 2965K/7939K, paused 2ms+2ms
D/ImplicitAppManagerTimerTask( 2100):  ------:: download length: 6740296
D/dalvikvm( 1657): GC_CONCURRENT freed 851K, 64% free 2897K/7939K, paused 2ms+3ms
D/ImplicitAppManagerTimerTask( 2100):  ------:: download length: 6753436
D/NetUpdate( 2247): progressValue--->0
D/NetUpdate( 2247): mWriteSD--->true
D/NetUpdate( 2247): mBootCheckZipExist--->false
D/dalvikvm( 1657): GC_CONCURRENT freed 764K, 65% free 2835K/7939K, paused 2ms+2ms
D/ImplicitAppManagerTimerTask( 2100):  ------:: download length: 6763656
D/dalvikvm( 1657): GC_CONCURRENT freed 676K, 64% free 2858K/7939K, paused 3ms+2ms
D/ImplicitAppManagerTimerTask( 2100):  ------:: download length: 6778256
D/dalvikvm( 1657): GC_CONCURRENT freed 716K, 65% free 2833K/7939K, paused 3ms+2ms
D/ImplicitAppManagerTimerTask( 2100):  ------:: download length: 6789936
D/ImplicitAppManagerTimerTask( 2100):  ------:: download length: 6798696
D/ImplicitAppManagerTimerTask( 2100):  ------:: download length: 6804536
D/NetUpdate( 2247): progressValue--->0
D/NetUpdate( 2247): mWriteSD--->true
D/NetUpdate( 2247): mBootCheckZipExist--->false
D/ImplicitAppManagerTimerTask( 2100):  ------:: download length: 6805996
D/ImplicitAppManagerTimerTask( 2100):  ------:: download length: 6819136
D/ImplicitAppManagerTimerTask( 2100):  ------:: download length: 6827896
D/ImplicitAppManagerTimerTask( 2100):  ------:: download length: 6833736
D/NetUpdate( 2247): progressValue--->0
D/NetUpdate( 2247): mWriteSD--->true
D/NetUpdate( 2247): mBootCheckZipExist--->false
D/ImplicitAppManagerTimerTask( 2100):  ------:: download length: 6835196
D/ImplicitAppManagerTimerTask( 2100):  ------:: download length: 6845416
D/ImplicitAppManagerTimerTask( 2100):  ------:: download length: 6857096
D/ImplicitAppManagerTimerTask( 2100):  ------:: download length: 6862936
D/ImplicitAppManagerTimerTask( 2100):  ------:: download length: 6868776
D/NetUpdate( 2247): progressValue--->0
D/NetUpdate( 2247): mWriteSD--->true
D/NetUpdate( 2247): mBootCheckZipExist--->false
D/ImplicitAppManagerTimerTask( 2100):  ------:: download length: 6874616
D/ImplicitAppManagerTimerTask( 2100):  ------:: download length: 6876076
D/dalvikvm( 1657): GC_CONCURRENT freed 674K, 65% free 2857K/7939K, paused 2ms+2ms
D/ImplicitAppManagerTimerTask( 2100):  ------:: download length: 6883376

[  734.422871] IR: [03932] scan key value is 0xed128000 
[  734.422877]  E/WindowManager(  937): ##############################dispatchUnhandledKey

[  734.483711] IR: [03932] scan key value is 0xed128000 
[  734.483716]  D/dalvikvm( 1657): GC_CONCURRENT freed 706K, 64% free 2863K/7939K, paused 2ms+3ms
D/ImplicitAppManagerTimerTask( 2100):  ------:: download length: 6890676
D/NetUpdate( 2247): progressValue--->0
D/NetUpdate( 2247): mWriteSD--->true
D/NetUpdate( 2247): mBootCheckZipExist--->false
D/dalvikvm( 1657): GC_CONCURRENT freed 703K, 64% free 2863K/7939K, paused 2ms+2ms

[  734.868254] IR: [03932] scan key value is 0xea158000 
[  734.868259]  
[  734.929661] IR: [03932] scan key value is 0xea158000 
[  734.929667]  E/fbdev   ( 1021): Attention! GFLIP time out, force update gop ring buffer!
E/fbdev   ( 1021): Attention! GFLIP time out, force update gop ring buffer!
D/dalvikvm( 1657): GC_CONCURRENT freed 705K, 64% free 2863K/7939K, paused 2ms+3ms
D/ImplicitAppManagerTimerTask( 2100):  ------:: download length: 6893596

[  735.388488] IR: [03932] scan key value is 0xee118000 
[  735.388493]  
[  735.449402] IR: [03932] scan key value is 0xee118000 
[  735.449408]  I/UsbUpdate( 2247): --------------show()------------------
E/fbdev   ( 1021): Attention! GFLIP time out, force update gop ring buffer!
D/dalvikvm( 1657): GC_CONCURRENT freed 706K, 64% free 2863K/7939K, paused 3ms+3ms
D/ImplicitAppManagerTimerTask( 2100):  ------:: download length: 6914036
E/fbdev   ( 1021): Attention! GFLIP time out, force update gop ring buffer!
D/NetUpdate( 2247): progressValue--->0
D/NetUpdate( 2247): mWriteSD--->true
D/NetUpdate( 2247): mBootCheckZipExist--->false
D/ImplicitAppManagerTimerTask( 2100):  ------:: download length: 6915496
D/ImplicitAppManagerTimerTask( 2100):  ------:: download length: 6928636
D/ImplicitAppManagerTimerTask( 2100):  ------:: download length: 6934476
D/ImplicitAppManagerTimerTask( 2100):  ------:: download length: 6944696
D/NetUpdate( 2247): progressValue--->0
D/NetUpdate( 2247): mWriteSD--->true
D/NetUpdate( 2247): mBootCheckZipExist--->false
D/ImplicitAppManagerTimerTask( 2100):  ------:: download length: 6946156
D/ImplicitAppManagerTimerTask( 2100):  ------:: download length: 6965136
D/ImplicitAppManagerTimerTask( 2100):  ------:: download length: 6970976
D/ImplicitAppManagerTimerTask( 2100):  ------:: download length: 6976816
D/NetUpdate( 2247): progressValue--->0
D/NetUpdate( 2247): mWriteSD--->true
D/NetUpdate( 2247): mBootCheckZipExist--->false
D/ImplicitAppManagerTimerTask( 2100):  ------:: download length: 6984116
D/dalvikvm( 1657): GC_CONCURRENT freed 703K, 64% free 2863K/7939K, paused 2ms+3ms
D/ImplicitAppManagerTimerTask( 2100):  ------:: download length: 6991416
D/dalvikvm( 1657): GC_CONCURRENT freed 706K, 64% free 2859K/7939K, paused 2ms+2ms
D/ImplicitAppManagerTimerTask( 2100):  ------:: download length: 7001636
D/dalvikvm( 1657): GC_CONCURRENT freed 707K, 64% free 2858K/7939K, paused 2ms+2ms
D/ImplicitAppManagerTimerTask( 2100):  ------:: download length: 7003096
D/NetUpdate( 2247): progressValue--->0
D/NetUpdate( 2247): mWriteSD--->true
D/NetUpdate( 2247): mBootCheckZipExist--->false
D/ImplicitAppManagerTimerTask( 2100):  ------:: download length: 7007476
D/ImplicitAppManagerTimerTask( 2100):  ------:: download length: 7010396
D/ImplicitAppManagerTimerTask( 2100):  ------:: download length: 7014776
D/ImplicitAppManagerTimerTask( 2100):  ------:: download length: 7023536
D/NetUpdate( 2247): progressValue--->0
D/NetUpdate( 2247): mWriteSD--->true
D/NetUpdate( 2247): mBootCheckZipExist--->false
D/ImplicitAppManagerTimerTask( 2100):  ------:: download length: 7029376
D/ImplicitAppManagerTimerTask( 2100):  ------:: download length: 7030836
D/NetUpdate( 2247): progressValue--->0
D/NetUpdate( 2247): mWriteSD--->true
D/NetUpdate( 2247): mBootCheckZipExist--->false
D/ImplicitAppManagerTimerTask( 2100):  ------:: download length: 7032296
D/HomePlayerLib( 1657): hostaddress count is 1
D/ImplicitAppManagerTimerTask( 2100):  ------:: download length: 7041056
D/dalvikvm( 1657): GC_CONCURRENT freed 708K, 62% free 3071K/7939K, paused 3ms+3ms
D/dalvikvm( 1657): GC_CONCURRENT freed 999K, 62% free 3020K/7939K, paused 3ms+3ms
D/ImplicitAppManagerTimerTask( 2100):  ------:: download length: 7042516
D/dalvikvm( 1657): GC_CONCURRENT freed 902K, 62% free 3089K/7939K, paused 2ms+2ms
D/ImplicitAppManagerTimerTask( 2100):  ------:: download length: 7054196
D/NetUpdate( 2247): progressValue--->0
D/NetUpdate( 2247): mWriteSD--->true
D/NetUpdate( 2247): mBootCheckZipExist--->false
D/dalvikvm( 1657): GC_CONCURRENT freed 1003K, 65% free 2851K/7939K, paused 2ms+4ms
D/ImplicitAppManagerTimerTask( 2100):  ------:: download length: 7062956
D/ImplicitAppManagerTimerTask( 2100):  ------:: download length: 7068796
D/ImplicitAppManagerTimerTask( 2100):  ------:: download length: 7080476
D/ImplicitAppManagerTimerTask( 2100):  ------:: download length: 7087776
D/ImplicitAppManagerTimerTask( 2100):  ------:: download length: 7093616
D/NetUpdate( 2247): progressValue--->0
D/NetUpdate( 2247): mWriteSD--->true
D/NetUpdate( 2247): mBootCheckZipExist--->false
D/ImplicitAppManagerTimerTask( 2100):  ------:: download length: 7111136
D/ImplicitAppManagerTimerTask( 2100):  ------:: download length: 7119896
D/ImplicitAppManagerTimerTask( 2100):  ------:: download length: 7138876
D/ImplicitAppManagerTimerTask( 2100):  ------:: download length: 7149096
D/ImplicitAppManagerTimerTask( 2100):  ------:: download length: 7159316
D/NetUpdate( 2247): progressValue--->0
D/NetUpdate( 2247): mWriteSD--->true
D/NetUpdate( 2247): mBootCheckZipExist--->false
D/ImplicitAppManagerTimerTask( 2100):  ------:: download length: 7176836
D/ImplicitAppManagerTimerTask( 2100):  ------:: download length: 7189976
D/ImplicitAppManagerTimerTask( 2100):  ------:: download length: 7203116
D/ImplicitAppManagerTimerTask( 2100):  ------:: download length: 7226476
D/ImplicitAppManagerTimerTask( 2100):  ------:: download length: 7254216
D/NetUpdate( 2247): progressValue--->0
D/NetUpdate( 2247): mWriteSD--->true
D/NetUpdate( 2247): mBootCheckZipExist--->false
D/ImplicitAppManagerTimerTask( 2100):  ------:: download length: 7274656
D/ImplicitAppManagerTimerTask( 2100):  ------:: download length: 7306776
D/ImplicitAppManagerTimerTask( 2100):  ------:: download length: 7324296
D/ImplicitAppManagerTimerTask( 2100):  ------:: download length: 7369556
D/ImplicitAppManagerTimerTask( 2100):  ------:: download length: 7392916
D/NetUpdate( 2247): progressValue--->0
D/NetUpdate( 2247): mWriteSD--->true
D/NetUpdate( 2247): mBootCheckZipExist--->false
D/ImplicitAppManagerTimerTask( 2100):  ------:: download length: 7394376
D/ImplicitAppManagerTimerTask( 2100):  ------:: download length: 7412818
D/NetUpdate( 2247): progressValue--->0
D/NetUpdate( 2247): mWriteSD--->true
D/NetUpdate( 2247): mBootCheckZipExist--->false
D/NetUpdate( 2247): progressValue--->0
D/NetUpdate( 2247): mWriteSD--->true
D/NetUpdate( 2247): mBootCheckZipExist--->false
D/NetUpdate( 2247): progressValue--->0
D/NetUpdate( 2247): mWriteSD--->true
D/NetUpdate( 2247): mBootCheckZipExist--->false
D/dalvikvm( 1657): GC_CONCURRENT freed 694K, 63% free 2964K/7939K, paused 2ms+3ms
D/dalvikvm( 1657): GC_CONCURRENT freed 829K, 63% free 2985K/7939K, paused 2ms+2ms
D/NetUpdate( 2247): progressValue--->0
D/NetUpdate( 2247): mWriteSD--->true
D/NetUpdate( 2247): mBootCheckZipExist--->false
D/NetUpdate( 2247): progressValue--->0
D/NetUpdate( 2247): mWriteSD--->true
D/NetUpdate( 2247): mBootCheckZipExist--->false
D/NetUpdate( 2247): progressValue--->0
D/NetUpdate( 2247): mWriteSD--->true
D/NetUpdate( 2247): mBootCheckZipExist--->false
D/HomePlayerLib( 1657): hostaddress count is 1
D/dalvikvm( 1657): GC_CONCURRENT freed 883K, 63% free 2950K/7939K, paused 2ms+3ms
D/dalvikvm( 1657): GC_CONCURRENT freed 823K, 64% free 2860K/7939K, paused 3ms+3ms
D/dalvikvm( 1657): GC_CONCURRENT freed 700K, 64% free 2863K/7939K, paused 2ms+3ms
D/dalvikvm( 1657): GC_CONCURRENT freed 705K, 64% free 2861K/7939K, paused 2ms+3ms
D/dalvikvm( 1657): GC_CONCURRENT freed 704K, 64% free 2860K/7939K, paused 2ms+3ms
D/ApkDeploy( 2100):  ------:: install apk
D/ApkDeploy( 2100):  ------:: uri = /data/data/com.coship.sdp.sce.tvappstore/app_implict/com.coship.cibn.apkflags = 1
D/ApkDeploy( 2100):  ------:: PM.INSTALL_REPLACE_EXISTING2
D/NetUpdate( 2247): progressValue--->0
D/NetUpdate( 2247): mWriteSD--->true
D/NetUpdate( 2247): mBootCheckZipExist--->false
D/dalvikvm( 1657): GC_CONCURRENT freed 705K, 63% free 2970K/7939K, paused 3ms+2ms
D/NetUpdate( 2247): progressValue--->0
D/NetUpdate( 2247): mWriteSD--->true
D/NetUpdate( 2247): mBootCheckZipExist--->false
D/dalvikvm( 1657): GC_CONCURRENT freed 841K, 64% free 2863K/7939K, paused 2ms+3ms
D/dalvikvm( 1657): GC_CONCURRENT freed 705K, 64% free 2858K/7939K, paused 2ms+3ms
D/NetUpdate( 2247): progressValue--->0
D/NetUpdate( 2247): mWriteSD--->true
D/NetUpdate( 2247): mBootCheckZipExist--->false
D/dalvikvm( 1657): GC_CONCURRENT freed 705K, 64% free 2859K/7939K, paused 2ms+2ms
D/dalvikvm( 1657): GC_CONCURRENT freed 704K, 65% free 2857K/7939K, paused 2ms+3ms
D/NetUpdate( 2247): progressValue--->0
D/NetUpdate( 2247): mWriteSD--->true
D/NetUpdate( 2247): mBootCheckZipExist--->false
D/NetUpdate( 2247): progressValue--->0
D/NetUpdate( 2247): mWriteSD--->true
D/NetUpdate( 2247): mBootCheckZipExist--->false
D/ApkDeploy( 2100):  ------:: mPackageManager invoke..
I/ActivityManager(  937): Start proc com.android.defcontainer for service com.android.defcontainer/.DefaultContainerService: pid=2370 uid=10010 gids={1015, 2001}
D/NetUpdate( 2247): progressValue--->0
D/NetUpdate( 2247): mWriteSD--->true
D/NetUpdate( 2247): mBootCheckZipExist--->false
W/ActivityManager(  937): No content provider found for permission revoke: file:///data/data/com.coship.sdp.sce.tvappstore/app_implict/com.coship.cibn.apk
D/NetUpdate( 2247): progressValue--->0
D/NetUpdate( 2247): mWriteSD--->true
D/NetUpdate( 2247): mBootCheckZipExist--->false
W/ActivityManager(  937): No content provider found for permission revoke: file:///data/data/com.coship.sdp.sce.tvappstore/app_implict/com.coship.cibn.apk
D/dalvikvm(  937): GC_CONCURRENT freed 627K, 58% free 4207K/9795K, paused 2ms+4ms
D/dalvikvm(  937): GC_CONCURRENT freed 483K, 54% free 4547K/9795K, paused 2ms+4ms

[  759.538648] IR: [03932] scan key value is 0xf10e8000 
[  759.538653]  
[  759.600041] IR: [03932] scan key value is 0xf10e8000 
[  759.600046]  D/dalvikvm( 1657): GC_CONCURRENT freed 704K, 64% free 2860K/7939K, paused 2ms+3ms
D/dalvikvm( 1657): GC_CONCURRENT freed 706K, 64% free 2861K/7939K, paused 2ms+3ms
D/NetUpdate( 2247): progressValue--->0
D/NetUpdate( 2247): mWriteSD--->true
D/NetUpdate( 2247): mBootCheckZipExist--->false
D/dalvikvm(  937): GC_CONCURRENT freed 725K, 52% free 4794K/9795K, paused 9ms+5ms
[  760.848337] IR: [03932] scan key value is 0xf10e8000 
[  760.848342]  
I/NetUpdate( 2247): --------------hide()------------------
V/TabletStatusBar( 1140): setLightsOn(true)
E/fbdev   ( 1021): Attention! GFLIP time out, force update gop r
[  760.909856] IR: [03932] scan key value is 0xf10e8000 
[  760.909862]  ing buffer!
E/fbdev   ( 1021): Attention! GFLIP time out, force update gop ring buffer!
E/fbdev   ( 1021): Attention! GFLIP time out, force update gop ring buffer!
D/dalvikvm(  937): GC_CONCURRENT freed 1018K, 52% free 4757K/9795K, paused 3ms+5ms
I/main_setcenter( 2247): BackDoorIndex:0
I/main_setcenter( 2247): BackDoorKey[BackDoorIndex]:21
I/main_setcenter( 2247): KeyCode:4
E/fbdev   ( 1021): Attention! GFLIP time out, force update gop ring buffer!
E/fbdev   ( 1021): Attention! GFLIP time out, force update gop ring buffer!
E/fbdev   ( 1021): Attention! GFLIP time out, force update gop ring buffer!
E/fbdev   ( 1021): Attention! GFLIP time out, force update gop ring buffer!
E/fbdev   ( 1021): Attention! GFLIP time out, force update gop ring buffer!
E/fbdev   ( 1021): Attention! GFLIP time out, force update gop ring buffer!
E/fbdev   ( 1021): Attention! GFLIP time out, force update gop ring buffer!
D/InputEventConsistencyVerifier( 1217): KeyEvent: ACTION_UP but key was not down.
D/InputEventConsistencyVerifier( 1217):   in Handler (android.view.ViewRootImpl) {419334e0}
D/InputEventConsistencyVerifier( 1217):   0: sent at 761076000000, KeyEvent { action=ACTION_UP, keyCode=KEYCODE_BACK, scanCode=158, metaState=0, flags=0x8, repeatCount=0, eventTime=761076, downTime=760854, deviceId=1, source=0x101 }
D/InputEventConsistencyVerifier( 1217):   -- recent events --
D/InputEventConsistencyVerifier( 1217):   1: sent at 66340000000, KeyEvent { action=ACTION_UP, keyCode=KEYCODE_ENTER, scanCode=28, metaState=0, flags=0x8, repeatCount=0, eventTime=66340, downTime=66126, deviceId=1, source=0x101 }
D/InputEventConsistencyVerifier( 1217):   2: sent at 66126000000, KeyEvent { action=ACTION_DOWN, keyCode=KEYCODE_ENTER, scanCode=28, metaState=0, flags=0x8, repeatCount=0, eventTime=66126, downTime=66126, deviceId=1, source=0x101 }
D/InputEventConsistencyVerifier( 1217):   3: sent at 64396000000, KeyEvent { action=ACTION_UP, keyCode=KEYCODE_DPAD_RIGHT, scanCode=106, metaState=0, flags=0x8, repeatCount=0, eventTime=64396, downTime=64185, deviceId=1, source=0x101 }
D/InputEventConsistencyVerifier( 1217):   4: sent at 64185000000, KeyEvent { action=ACTION_DOWN, keyCode=KEYCODE_DPAD_RIGHT, scanCode=106, metaState=0, flags=0x8, repeatCount=0, eventTime=64185, downTime=64185, deviceId=1, source=0x101 }
D/InputEventConsistencyVerifier( 1217):   5: sent at 63624000000, KeyEvent { action=ACTION_UP, keyCode=KEYCODE_DPAD_DOWN, scanCode=108, metaState=0, flags=0x8, repeatCount=0, eventTime=63624, downTime=63413, deviceId=1, source=0x101 }
E/fbdev   ( 1021): Attention! GFLIP time out, force update gop ring buffer!
W/InputManagerService(  937): Starting input on non-focused client com.android.internal.view.IInputMethodClient$Stub$Proxy@4157c628 (uid=1000 pid=2247)
E/fbdev   ( 1021): Attention! GFLIP time out, force update gop ring buffer!
E/fbdev   ( 1021): Attention! GFLIP time out, force update gop ring buffer!
E/fbdev   ( 1021): Attention! GFLIP time out, force update gop ring buffer!
E/fbdev   ( 1021): Attention! GFLIP time out, force update gop ring buffer!
E/fbdev   ( 1021): Attention! GFLIP time out, force update gop ring buffer!
E/fbdev   ( 1021): Attention! GFLIP time out, force update gop ring buffer!
E/fbdev   ( 1021): Attention! GFLIP time out, force update gop ring buffer!
E/fbdev   ( 1021): Attention! GFLIP time out, force update gop ring buffer!
E/fbdev   ( 1021): Attention! GFLIP time out, force update gop ring buffer!
E/fbdev   ( 1021): Attention! GFLIP time out, force update gop ring buffer!
D/dalvikvm(  937): GC_CONCURRENT freed 954K, 52% free 4773K/9795K, paused 3ms+5ms
E/fbdev   ( 1021): Attention! GFLIP time out, force update gop ring buffer!
E/fbdev   ( 1021): Attention! GFLIP time out, force update gop ring buffer!
E/fbdev   ( 1021): Attention! GFLIP time out, force update gop ring buffer!
E/fbdev   ( 1021): Attention! GFLIP time out, force update gop ring buffer!
E/fbdev   ( 1021): Attention! GFLIP time out, force update gop ring buffer!
E/fbdev   ( 1021): Attention! GFLIP time out, force update gop ring buffer!
E/fbdev   ( 1021): Attention! GFLIP time out, force update gop ring buffer!
E/fbdev   ( 1021): Attention! GFLIP time out, force update gop ring buffer!
E/fbdev   ( 1021): Attention! GFLIP time out, force update gop ring buffer!
E/fbdev   ( 1021): Attention! GFLIP time out, force update gop ring buffer!
E/fbdev   ( 1021): Attention! GFLIP time out, force update gop ring buffer!
D/dalvikvm(  937): GC_CONCURRENT freed 977K, 52% free 4780K/9795K, paused 3ms+5ms
E/fbdev   ( 1021): Attention! GFLIP time out, force update gop ring buffer!
E/fbdev   ( 1021): Attention! GFLIP time out, force update gop ring buffer!
E/fbdev   ( 1021): Attention! GFLIP time out, force update gop ring buffer!
E/fbdev   ( 1021): Attention! GFLIP time out, force update gop ring buffer!
E/fbdev   ( 1021): Attention! GFLIP time out, force update gop ring buffer!
E/fbdev   ( 1021): Attention! GFLIP time out, force update gop ring buffer!
E/fbdev   ( 1021): Attention! GFLIP time out, force update gop ring buffer!
E/fbdev   ( 1021): Attention! GFLIP time out, force update gop ring buffer!
E/fbdev   ( 1021): Attention! GFLIP time out, force update gop ring buffer!
I/ActivityManager(  937): No longer want android.process.acore (pid 1453): hidden #16
E/fbdev   ( 1021): Attention! GFLIP time out, force update gop ring buffer!
E/fbdev   ( 1021): Attention! GFLIP time out, force update gop ring buffer!
E/ActivityThread( 2247): Activity com.coship.dvbsetting.systemsetting.SyssetAcivity has leaked ServiceConnection com.coship.dvbsetting.systemsetting.childview.NetUpdate$2@413f7910 that was originally bound here
E/ActivityThread( 2247): android.app.ServiceConnectionLeaked: Activity com.coship.dvbsetting.systemsetting.SyssetAcivity has leaked ServiceConnection com.coship.dvbsetting.systemsetting.childview.NetUpdate$2@413f7910 that was originally bound here
E/ActivityThread( 2247):        at android.app.LoadedApk$ServiceDispatcher.<init>(LoadedApk.java:936)
E/ActivityThread( 2247):        at android.app.LoadedApk.getServiceDispatcher(LoadedApk.java:830)
E/ActivityThread( 2247):        at android.app.ContextImpl.bindService(ContextImpl.java:1142)
E/ActivityThread( 2247):        at android.content.ContextWrapper.bindService(ContextWrapper.java:370)
E/ActivityThread( 2247):        at com.coship.dvbsetting.systemsetting.childview.NetUpdate.remoteAIDL(NetUpdate.java:388)
E/ActivityThread( 2247):        at com.coship.dvbsetting.systemsetting.childview.NetUpdate.show(NetUpdate.java:548)
E/ActivityThread( 2247):        at com.coship.dvbsetting.ExpanItem.clickandselect(ExpanItem.java:199)
E/ActivityThread( 2247):        at com.coship.dvbsetting.ExpanItem.access$000(ExpanItem.java:33)
E/ActivityThread( 2247):        at com.coship.dvbsetting.ExpanItem$onitemselect.onItemSelected(ExpanItem.java:151)
E/ActivityThread( 2247):        at android.widget.AdapterView.fireOnSelected(AdapterView.java:882)
E/ActivityThread( 2247):        at android.widget.AdapterView.access$200(AdapterView.java:48)
E/ActivityThread( 2247):        at android.widget.AdapterView$SelectionNotifier.run(AdapterView.java:848)
E/ActivityThread( 2247):        at android.os.Handler.handleCallback(Handler.java:605)
E/ActivityThread( 2247):        at android.os.Handler.dispatchMessage(Handler.java:92)
E/ActivityThread( 2247):        at android.os.Looper.loop(Looper.java:137)
E/ActivityThread( 2247):        at android.app.ActivityThread.main(ActivityThread.java:4424)
E/ActivityThread( 2247):        at java.lang.reflect.Method.invokeNative(Native Method)
E/ActivityThread( 2247):        at java.lang.reflect.Method.invoke(Method.java:511)
E/ActivityThread( 2247):        at com.android.internal.os.ZygoteInit$MethodAndArgsCaller.run(ZygoteInit.java:848)
E/ActivityThread( 2247):        at com.android.internal.os.ZygoteInit.main(ZygoteInit.java:575)
E/ActivityThread( 2247):        at dalvik.system.NativeStart.main(Native Method)
W/ActivityManager(  937): Unbind failed: could not find connection for android.os.BinderProxy@41797498
D/dalvikvm(  937): GC_CONCURRENT freed 982K, 52% free 4765K/9795K, paused 2ms+4ms
D/dalvikvm(  937): GC_EXPLICIT freed 749K, 52% free 4735K/9795K, paused 2ms+11ms
D/ApkDeploy( 2100):  ------:: packageName is com.coship.cibn
D/ApkDeploy( 2100):  ------:: returnCode is -104
D/ApkDeploy( 2100):  ------:: mFailedCode =-104
D/ImplicitAppManagerTimerTask( 2100):  ------:: apkDeploy.intsall resCode= -104
D/HomePlayerLib( 1657): hostaddress count is 1
D/dalvikvm( 1657): GC_CONCURRENT freed 721K, 65% free 2853K/7939K, paused 2ms+2ms
V/NetUpdate( 2247): mBindRemote--->true
V/NetUpdate( 2247): Remote Invoke Success!
I/NetUpdate( 2247): --------------show()------------------
D/NetUpdate( 2247): progressValue--->0
D/NetUpdate( 2247): mWriteSD--->true
D/NetUpdate( 2247): mBootCheckZipExist--->false
D/dalvikvm( 1657): GC_CONCURRENT freed 714K, 64% free 2916K/7939K, paused 3ms+3ms
D/dalvikvm( 1657): GC_CONCURRENT freed 786K, 63% free 2965K/7939K, paused 2ms+2ms
D/dalvikvm( 1657): GC_CONCURRENT freed 852K, 65% free 2848K/7939K, paused 2ms+2ms
D/dalvikvm( 1657): GC_CONCURRENT freed 691K, 63% free 2946K/7939K, paused 2ms+2ms
D/NetUpdate( 2247): progressValue--->0
D/NetUpdate( 2247): mWriteSD--->true
D/NetUpdate( 2247): mBootCheckZipExist--->false

[  765.618370] IR: [03932] scan key value is 0xea158000 
[  765.618375]  
[  765.679420] IR: [03932] scan key value is 0xea158000 
[  765.679425]  E/fbdev   ( 1021): Attention! GFLIP time out, force update gop ring buffer!
E/fbdev   ( 1021): Attention! GFLIP time out, force update gop ring buffer!
D/NetUpdate( 2247): progressValue--->0
D/NetUpdate( 2247): mWriteSD--->true
D/NetUpdate( 2247): mBootCheckZipExist--->false
E/fbdev   ( 1021): Attention! GFLIP time out, force update gop ring buffer!
E/fbdev   ( 1021): Attention! GFLIP time out, force update gop ring buffer!
E/fbdev   ( 1021): Attention! GFLIP time out, force update gop ring buffer!
E/fbdev   ( 1021): Attention! GFLIP time out, force update gop ring buffer!
E/fbdev   ( 1021): Attention! GFLIP time out, force update gop ring buffer!
D/InputEventConsistencyVerifier( 1217): KeyEvent: ACTION_UP but key was not down.
D/InputEventConsistencyVerifier( 1217):   in com.coship.cibn.view.ScaleViewPanel@42761c48
D/InputEventConsistencyVerifier( 1217):   0: sent at 765844000000, KeyEvent { action=ACTION_UP, keyCode=KEYCODE_DPAD_DOWN, scanCode=108, metaState=0, flags=0x8, repeatCount=0, eventTime=765844, downTime=765623, deviceId=1, source=0x101 }
E/fbdev   ( 1021): Attention! GFLIP time out, force update gop ring buffer!
E/fbdev   ( 1021): Attention! GFLIP time out, force update gop ring buffer!
E/fbdev   ( 1021): Attention! GFLIP time out, force update gop ring buffer!
E/fbdev   ( 1021): Attention! GFLIP time out, force update gop ring buffer!
E/fbdev   ( 1021): Attention! GFLIP time out, force update gop ring buffer!
E/fbdev   ( 1021): Attention! GFLIP time out, force update gop ring buffer!

[  766.145307] IR: [03932] scan key value is 0xee118000 
[  766.145312]  
[  766.206849] IR: [03932] scan key value is 0xee118000 
[  766.206854]  E/fbdev   ( 1021): Attention! GFLIP time out, force update gop ring buffer!
E/fbdev   ( 1021): Attention! GFLIP time out, force update gop ring buffer!
E/fbdev   ( 1021): Attention! GFLIP time out, force update gop ring buffer!
E/fbdev   ( 1021): Attention! GFLIP time out, force update gop ring buffer!
E/fbdev   ( 1021): Attention! GFLIP time out, force update gop ring buffer!
E/fbdev   ( 1021): Attention! GFLIP time out, force update gop ring buffer!
E/fbdev   ( 1021): Attention! GFLIP time out, force update gop ring buffer!
E/fbdev   ( 1021): Attention! GFLIP time out, force update gop ring buffer!
E/fbdev   ( 1021): Attention! GFLIP time out, force update gop ring buffer!
E/fbdev   ( 1021): Attention! GFLIP time out, force update gop ring buffer!
E/fbdev   ( 1021): Attention! GFLIP time out, force update gop ring buffer!
E/fbdev   ( 1021): Attention! GFLIP time out, force update gop ring buffer!
E/fbdev   ( 1021): Attention! GFLIP time out, force update gop ring buffer!
D/InputEventConsistencyVerifier( 1217): KeyEvent: ACTION_UP but key was not down.
D/InputEventConsistencyVerifier( 1217):   in com.coship.cibn.view.ScaleViewPanel@42a4f698
D/InputEventConsistencyVerifier( 1217):   0: sent at 766376000000, KeyEvent { action=ACTION_UP, keyCode=KEYCODE_DPAD_UP, scanCode=103, metaState=0, flags=0x8, repeatCount=0, eventTime=766376, downTime=766150, deviceId=1, source=0x101 }
D/InputEventConsistencyVerifier( 1217):   -- recent events --
D/InputEventConsistencyVerifier( 1217):   1: sent at 765623000000, (unhandled) KeyEvent { action=ACTION_DOWN, keyCode=KEYCODE_DPAD_DOWN, scanCode=108, metaState=0, flags=0x8, repeatCount=0, eventTime=765623, downTime=765623, deviceId=1, source=0x101 }
D/InputEventConsistencyVerifier( 1217):   2: sent at 761076000000, (unhandled) KeyEvent { action=ACTION_UP, keyCode=KEYCODE_BACK, scanCode=158, metaState=0, flags=0x80000008, repeatCount=0, eventTime=761076, downTime=760854, deviceId=1, source=0x101 }
D/InputEventConsistencyVerifier( 1217):   3: sent at 66340000000, KeyEvent { action=ACTION_UP, keyCode=KEYCODE_ENTER, scanCode=28, metaState=0, flags=0x8, repeatCount=0, eventTime=66340, downTime=66126, deviceId=1, source=0x101 }
D/InputEventConsistencyVerifier( 1217):   4: sent at 66126000000, KeyEvent { action=ACTION_DOWN, keyCode=KEYCODE_ENTER, scanCode=28, metaState=0, flags=0x8, repeatCount=0, eventTime=66126, downTime=66126, deviceId=1, source=0x101 }
D/InputEventConsistencyVerifier( 1217):   5: sent at 64396000000, (unhandled) KeyEvent { action=ACTION_UP, keyCode=KEYCODE_DPAD_RIGHT, scanCode=106, metaState=0, flags=0x80000008, repeatCount=0, eventTime=64396, downTime=64185, deviceId=1, source=0x101 }
E/fbdev   ( 1021): Attention! GFLIP time out, force update gop ring buffer!
E/fbdev   ( 1021): Attention! GFLIP time out, force update gop ring buffer!
D/NetUpdate( 2247): progressValue--->0
D/NetUpdate( 2247): mWriteSD--->true
D/NetUpdate( 2247): mBootCheckZipExist--->false
D/NetUpdate( 2247): progressValue--->0
D/NetUpdate( 2247): mWriteSD--->true
D/NetUpdate( 2247): mBootCheckZipExist--->false
D/NetUpdate( 2247): progressValue--->0
D/NetUpdate( 2247): mWriteSD--->true
D/NetUpdate( 2247): mBootCheckZipExist--->false
I/ActivityManager(  937): No longer want com.coship.TestApp (pid 1733): hidden #16

[  768.936396] IR: [03932] scan key value is 0xec138000 
[  768.936401]  
[  768.997214] IR: [03932] scan key value is 0xec138000 
[  768.997219]  I/MainActivity( 1217): CIBN ---> onClick -> 52066
E/fbdev   ( 1021): Attention! GFLIP time out, force update gop ring buffer!
E/fbdev   ( 1021): Attention! GFLIP time out, force update gop ring buffer!
E/fbdev   ( 1021): Attention! GFLIP time out, force update gop ring buffer!
E/fbdev   ( 1021): Attention! GFLIP time out, force update gop ring buffer!
E/fbdev   ( 1021): Attention! GFLIP time out, force update gop ring buffer!
E/fbdev   ( 1021): Attention! GFLIP time out, force update gop ring buffer!
E/fbdev   ( 1021): Attention! GFLIP time out, force update gop ring buffer!
E/fbdev   ( 1021): Attention! GFLIP time out, force update gop ring buffer!
E/fbdev   ( 1021): Attention! GFLIP time out, force update gop ring buffer!
E/fbdev   ( 1021): Attention! GFLIP time out, force update gop ring buffer!
E/fbdev   ( 1021): Attention! GFLIP time out, force update gop ring buffer!
E/fbdev   ( 1021): Attention! GFLIP time out, force update gop ring buffer!
E/fbdev   ( 1021): Attention! GFLIP time out, force update gop ring buffer!
E/fbdev   ( 1021): Attention! GFLIP time out, force update gop ring buffer!
E/fbdev   ( 1021): Attention! GFLIP time out, force update gop ring buffer!
E/fbdev   ( 1021): Attention! GFLIP time out, force update gop ring buffer!
E/fbdev   ( 1021): Attention! GFLIP time out, force update gop ring buffer!
E/fbdev   ( 1021): Attention! GFLIP time out, force update gop ring buffer!
D/NetUpdate( 2247): progressValue--->0
D/NetUpdate( 2247): mWriteSD--->true
D/NetUpdate( 2247): mBootCheckZipExist--->false
E/fbdev   ( 1021): Attention! GFLIP time out, force update gop ring buffer!
E/fbdev   ( 1021): Attention! GFLIP time out, force update gop ring buffer!
E/fbdev   ( 1021): Attention! GFLIP time out, force update gop ring buffer!
E/fbdev   ( 1021): Attention! GFLIP time out, force update gop ring buffer!
E/fbdev   ( 1021): Attention! GFLIP time out, force update gop ring buffer!
E/fbdev   ( 1021): Attention! GFLIP time out, force update gop ring buffer!
E/fbdev   ( 1021): Attention! GFLIP time out, force update gop ring buffer!
E/fbdev   ( 1021): Attention! GFLIP time out, force update gop ring buffer!
E/fbdev   ( 1021): Attention! GFLIP time out, force update gop ring buffer!
E/fbdev   ( 1021): Attention! GFLIP time out, force update gop ring buffer!
E/fbdev   ( 1021): Attention! GFLIP time out, force update gop ring buffer!
E/fbdev   ( 1021): Attention! GFLIP time out, force update gop ring buffer!
E/fbdev   ( 1021): Attention! GFLIP time out, force update gop ring buffer!
E/fbdev   ( 1021): Attention! GFLIP time out, force update gop ring buffer!
D/dalvikvm( 1657): GC_CONCURRENT freed 829K, 65% free 2841K/7939K, paused 2ms+2ms
E/fbdev   ( 1021): Attention! GFLIP time out, force update gop ring buffer!
E/fbdev   ( 1021): Attention! GFLIP time out, force update gop ring buffer!
E/fbdev   ( 1021): Attention! GFLIP time out, force update gop ring buffer!
E/fbdev   ( 1021): Attention! GFLIP time out, force update gop ring buffer!
E/fbdev   ( 1021): Attention! GFLIP time out, force update gop ring buffer!
E/fbdev   ( 1021): Attention! GFLIP time out, force update gop ring buffer!
E/fbdev   ( 1021): Attention! GFLIP time out, force update gop ring buffer!
E/fbdev   ( 1021): Attention! GFLIP time out, force update gop ring buffer!

[  770.750284] IR: [03932] scan key value is 0xeb148000 
[  770.750289]  E/fbdev   ( 1021): Attention! GFLIP time out, force update gop ring buffer!
D/NetUpdate( 2247): progressValue--->0
D/NetUpd
[  770.811232] IR: [03932] scan key value is 0xeb148000 
[  770.811238]  ate( 2247): mWriteSD--->true
D/NetUpdate( 2247): mBootCheckZipExist--->false
D/dalvikvm( 1657): GC_CONCURRENT freed 667K, 64% free 2861K/7939K, paused 2ms+2ms
D/InputEventConsistencyVerifier( 1217): KeyEvent: ACTION_UP but key was not down.
D/InputEventConsistencyVerifier( 1217):   in android.widget.Button@427098a8
D/InputEventConsistencyVerifier( 1217):   0: sent at 770980000000, KeyEvent { action=ACTION_UP, keyCode=KEYCODE_DPAD_RIGHT, scanCode=106, metaState=0, flags=0x8, repeatCount=0, eventTime=770980, downTime=770755, deviceId=1, source=0x101 }

[  771.122421] IR: [03932] scan key value is 0xec138000 
[  771.122426]  E/fbdev   ( 1021): Attention! GFLIP time out, force update gop ring buffer!
I/ActivityManager(  937): START {flg=0x10000000 cmp=com.coship.dvbsetting/.main (has extras)} from pid 1217
E/fbdev   ( 1021): Attention! GFLIP time out, force update gop ring buffer!
D/dalvikvm(  937): GC_FOR_ALLOC freed 757K, 59% free 4028K/9795K, paused 46ms
I/dalvikvm-heap(  937): Grow heap (frag case) to 8.535MB for 1048592-byte allocation
D/dalvikvm(  937): GC_FOR_ALLOC freed 4K, 54% free 5047K/10883K, paused 39ms
D/dalvikvm(  937): GC_CONCURRENT freed 2K, 54% free 5109K/10883K, paused 4ms+4ms
E/fbdev   ( 1021): Attention! GFLIP time out, force update gop ring buffer!
E/fbdev   ( 1021): Attention! GFLIP time out, force update gop ring buffer!
V/AuthorizationDialog( 1217):   80007
E/fbdev   ( 1021): Attention! GFLIP time out, force update gop ring buffer!
I/main_setcenter( 2247): product model ro.product.model = S1001
D/OpenGLRenderer( 1217): Flushing caches (mode 1)
E/fbdev   ( 1021): Attention! GFLIP time out, force update gop ring buffer!
E/fbdev   ( 1021): Attention! GFLIP time out, force update gop ring buffer!
V/TabletStatusBar( 1140): setLightsOn(true)
D/OpenGLRenderer( 1217): Flushing caches (mode 0)
E/fbdev   ( 1021): Attention! GFLIP time out, force update gop ring buffer!
E/fbdev   ( 1021): Attention! GFLIP time out, force update gop ring buffer!
W/InputManagerService(  937): Starting input on non-focused client com.android.internal.view.IInputMethodClient$Stub$Proxy@416c4318 (uid=10006 pid=1217)
E/fbdev   ( 1021): Attention! GFLIP time out, force update gop ring buffer!
E/fbdev   ( 1021): Attention! GFLIP time out, force update gop ring buffer!
E/fbdev   ( 1021): Attention! GFLIP time out, force update gop ring buffer!
E/fbdev   ( 1021): Attention! GFLIP time out, force update gop ring buffer!
E/fbdev   ( 1021): Attention! GFLIP time out, force update gop ring buffer!
E/fbdev   ( 1021): Attention! GFLIP time out, force update gop ring buffer!
E/fbdev   ( 1021): Attention! GFLIP time out, force update gop ring buffer!
E/fbdev   ( 1021): Attention! GFLIP time out, force update gop ring buffer!
I/ActivityManager(  937): Displayed com.coship.dvbsetting/.main: +267ms
E/fbdev   ( 1021): Attention! GFLIP time out, force update gop ring buffer!
E/fbdev   ( 1021): Attention! GFLIP time out, force update gop ring buffer!
E/fbdev   ( 1021): Attention! GFLIP time out, force update gop ring buffer!
D/NetUpdate( 2247): progressValue--->0
D/NetUpdate( 2247): mWriteSD--->true
D/NetUpdate( 2247): mBootCheckZipExist--->false
E/fbdev   ( 1021): Attention! GFLIP time out, force update gop ring buffer!
E/fbdev   ( 1021): Attention! GFLIP time out, force update gop ring buffer!
E/fbdev   ( 1021): Attention! GFLIP time out, force update gop ring buffer!
E/fbdev   ( 1021): Attention! GFLIP time out, force update gop ring buffer!
E/fbdev   ( 1021): Attention! GFLIP time out, force update gop ring buffer!
E/fbdev   ( 1021): Attention! GFLIP time out, force update gop ring buffer!
E/fbdev   ( 1021): Attention! GFLIP time out, force update gop ring buffer!
E/fbdev   ( 1021): Attention! GFLIP time out, force update gop ring buffer!
E/fbdev   ( 1021): Attention! GFLIP time out, force update gop ring buffer!
E/fbdev   ( 1021): Attention! GFLIP time out, force update gop ring buffer!
E/fbdev   ( 1021): Attention! GFLIP time out, force update gop ring buffer!

[  772.495384] IR: [03932] scan key value is 0xec138000 
[  772.495389]  I/main_setcenter( 2247): BackDoorIndex:0
I/main_setcenter( 2247): BackDoorKey[BackDoorIndex]:21
I/main_setcenter( 2247): KeyCode:66

[  772.556904] IR: [03932] scan key value is 0xec138000 
[  772.556909]  I/ActivityManager(  937): START {cmp=com.coship.dvbsetting/.netsetting.netSet} from pid 2247
I/EthernetManager( 2247): Init Ethernet Manager, service: android.net.ethernet.IEthernetManager$Stub$Proxy@42d626b8
I/WifiP2PsetDialog( 2247): SystemPropertiesClass:class android.net.wifi.p2p.WifiP2pManager
W/WifiP2PsetDialog( 2247): ~~~~~~~~~~~~~~~~~~~~~~method:public java.lang.String android.net.wifi.p2p.WifiP2pManager.getWifip2pConfig(int)
W/WifiP2PsetDialog( 2247): ~~~~~~~~~~~~~~~~~~~~~~returnvalue:SmartBox
I/netset  ( 2247): product model ro.product.model = S1001
D/dalvikvm( 2247): GC_CONCURRENT freed 956K, 15% free 27027K/31683K, paused 4ms+6ms
D/dalvikvm( 2247): GC_FOR_ALLOC freed 1K, 15% free 27026K/31683K, paused 33ms
I/dalvikvm-heap( 2247): Grow heap (frag case) to 31.746MB for 1838524-byte allocation
I/Process (  937): Sending signal. PID: 2247 SIG: 3
I/dalvikvm( 2247): threadid=3: reacting to signal 3
D/dalvikvm( 2247): GC_FOR_ALLOC freed 46K, 15% free 28775K/33539K, paused 33ms
I/dalvikvm( 2247): Wrote stack traces to '/data/anr/traces.txt'
I/HighSet_CableNetwork( 2247): mEthernetManager:android.net.ethernet.EthernetManager@42d626c8
D/dalvikvm( 2247): GC_FOR_ALLOC freed 4K, 15% free 28795K/33539K, paused 38ms
I/dalvikvm-heap( 2247): Grow heap (frag case) to 33.474MB for 1838524-byte allocation
D/dalvikvm( 1657): GC_CONCURRENT freed 735K, 63% free 2939K/7939K, paused 3ms+2ms
D/HomePlayerLib( 1657): hostaddress count is 1
D/dalvikvm( 2247): GC_FOR_ALLOC freed 1K, 14% free 30589K/35395K, paused 42ms
D/dalvikvm( 1657): GC_CONCURRENT freed 820K, 63% free 2957K/7939K, paused 2ms+2ms
I/PppoeManager( 2247): create PppoeManager
I/NetworkConnect( 2247): //////@Override//////@Override//////@Override//////@Override//////@Override//////@Override//////@Override//////@Override
D/WifiDirectSetting( 2247): --------------WIFI_P2P_THIS_DEVICE_CHANGED_ACTION
I/NetworkConnect( 2247): Execute command :ping -c 1 -w 100 www.baidu.com
D/WifiDirectSetting( 2247): ------------mThisDevice.String()Device: SmartBox
D/WifiDirectSetting( 2247):  deviceAddress: a6:a8:20:13:03:6e
D/WifiDirectSetting( 2247):  primary type: 10-0050F204-5
D/WifiDirectSetting( 2247):  secondary type: null
D/WifiDirectSetting( 2247):  wps: 0
D/WifiDirectSetting( 2247):  grpcapab: 0
D/WifiDirectSetting( 2247):  devcapab: 0
D/WifiDirectSetting( 2247):  status: 4
D/WifiDirectSetting( 2247):  wfdInfo: null
V/TabletStatusBar( 1140): setLightsOn(true)
E/fbdev   ( 1021): Attention! GFLIP time out, force update gop ring buffer!
E/fbdev   ( 1021): Attention! GFLIP time out, force update gop ring buffer!
I/NetworkConnect( 2247): //////@Override//////@Override//////@Override//////@Override//////@Override//////@Override//////@Override//////@Override0
I/System  ( 2247): Failed to destroy process 2401
I/System  ( 2247): libcore.io.ErrnoException: kill failed: ESRCH (No such process)
I/System  ( 2247):      at libcore.io.Posix.kill(Native Method)
I/System  ( 2247):      at libcore.io.ForwardingOs.kill(ForwardingOs.java:77)
I/System  ( 2247):      at java.lang.ProcessManager$ProcessImpl.destroy(ProcessManager.java:257)
I/System  ( 2247):      at com.coship.dvbsetting.netsetting.quicksetservice.NetworkConnect.execueteCommand(NetworkConnect.java:167)
I/System  ( 2247):      at com.coship.dvbsetting.netsetting.quicksetservice.NetworkConnect.CheckNet(NetworkConnect.java:70)
I/System  ( 2247):      at com.coship.dvbsetting.netsetting.StateSet$1$1.run(StateSet.java:212)
I/System  ( 2247):      at java.lang.Thread.run(Thread.java:856)
I/NetworkConnect( 2247): //////@Override//////@Override//////@Override//////@Override//////@Override//////@Override//////@Override//////@Override
I/NetworkConnect( 2247): Execute command :ping -c 1 -w 100 www.baidu.com
I/Process (  937): Sending signal. PID: 2247 SIG: 3
I/dalvikvm( 2247): threadid=3: reacting to signal 3
I/dalvikvm( 2247): Wrote stack traces to '/data/anr/traces.txt'
I/NetworkConnect( 2247): //////@Override//////@Override//////@Override//////@Override//////@Override//////@Override//////@Override//////@Override0
I/System  ( 2247): Failed to destroy process 2403
I/System  ( 2247): libcore.io.ErrnoException: kill failed: ESRCH (No such process)
I/System  ( 2247):      at libcore.io.Posix.kill(Native Method)
I/System  ( 2247):      at libcore.io.ForwardingOs.kill(ForwardingOs.java:77)
I/System  ( 2247):      at java.lang.ProcessManager$ProcessImpl.destroy(ProcessManager.java:257)
I/System  ( 2247):      at com.coship.dvbsetting.netsetting.quicksetservice.NetworkConnect.execueteCommand(NetworkConnect.java:167)
I/System  ( 2247):      at com.coship.dvbsetting.netsetting.quicksetservice.NetworkConnect.CheckNet(NetworkConnect.java:70)
I/System  ( 2247):      at com.coship.dvbsetting.netsetting.StateSet$2.run(StateSet.java:458)
I/System  ( 2247):      at java.lang.Thread.run(Thread.java:856)
D/dalvikvm( 1657): GC_CONCURRENT freed 836K, 64% free 2892K/7939K, paused 4ms+10ms
I/ActivityManager(  937): Displayed com.coship.dvbsetting/.netsetting.netSet: +1s73ms
E/fbdev   ( 1021): Attention! GFLIP time out, force update gop ring buffer!
I/StateSet( 2247): -----wifi------dhcpinfo.toString()=ipaddr 192.168.2.102 gateway 192.168.2.1 netmask 255.255.255.0 dns1 192.168.99.5 dns2 192.168.99.4 DHCP server 192.168.2.1 lease 7200 seconds
E/fbdev   ( 1021): Attention! GFLIP time out, force update gop ring buffer!
I/StateSet( 2247): -----wifi------dhcpinfo.toString()=ipaddr 192.168.2.102 gateway 192.168.2.1 netmask 255.255.255.0 dns1 192.168.99.5 dns2 192.168.99.4 DHCP server 192.168.2.1 lease 7200 seconds
D/NetUpdate( 2247): progressValue--->0
D/NetUpdate( 2247): mWriteSD--->true
D/NetUpdate( 2247): mBootCheckZipExist--->false
E/fbdev   ( 1021): Attention! GFLIP time out, force update gop ring buffer!
E/fbdev   ( 1021): Attention! GFLIP time out, force update gop ring buffer!
E/fbdev   ( 1021): Attention! GFLIP time out, force update gop ring buffer!
E/fbdev   ( 1021): Attention! GFLIP time out, force update gop ring buffer!
E/fbdev   ( 1021): Attention! GFLIP time out, force update gop ring buffer!
E/fbdev   ( 1021): Attention! GFLIP time out, force update gop ring buffer!
E/fbdev   ( 1021): Attention! GFLIP time out, force update gop ring buffer!
E/fbdev   ( 1021): Attention! GFLIP time out, force update gop ring buffer!
E/fbdev   ( 1021): Attention! GFLIP time out, force update gop ring buffer!
E/fbdev   ( 1021): Attention! GFLIP time out, force update gop ring buffer!
E/fbdev   ( 1021): Attention! GFLIP time out, force update gop ring buffer!
E/fbdev   ( 1021): Attention! GFLIP time out, force update gop ring buffer!
E/fbdev   ( 1021): Attention! GFLIP time out, force update gop ring buffer!
D/dalvikvm( 1657): GC_CONCURRENT freed 754K, 65% free 2847K/7939K, paused 4ms+3ms
D/dalvikvm( 1657): GC_CONCURRENT freed 696K, 65% free 2837K/7939K, paused 2ms+2ms
D/dalvikvm( 1657): GC_CONCURRENT freed 685K, 64% free 2867K/7939K, paused 2ms+3ms
D/dalvikvm( 1657): GC_CONCURRENT freed 709K, 64% free 2864K/7939K, paused 1ms+3ms
D/dalvikvm( 1657): GC_CONCURRENT freed 705K, 65% free 2858K/7939K, paused 1ms+3ms
D/dalvikvm( 1657): GC_CONCURRENT freed 704K, 65% free 2857K/7939K, paused 2ms+3ms
D/dalvikvm( 1657): GC_CONCURRENT freed 706K, 65% free 2858K/7939K, paused 2ms+2ms
D/dalvikvm( 1657): GC_CONCURRENT freed 707K, 64% free 2863K/7939K, paused 2ms+2ms
D/NetUpdate( 2247): progressValue--->0
D/NetUpdate( 2247): mWriteSD--->true
D/NetUpdate( 2247): mBootCheckZipExist--->false

[  776.304815] IR: [03932] scan key value is 0xea158000 
[  776.304820]  
[  776.365858] IR: [03932] scan key value is 0xea158000 
[  776.365863]  E/fbdev   ( 1021): Attention! GFLIP time out, force update gop ring buffer!
E/fbdev   ( 1021): Attention! GFLIP time out, force update gop ring buffer!
D/NetUpdate( 2247): progressValue--->0
D/NetUpdate( 2247): mWriteSD--->true
D/NetUpdate( 2247): mBootCheckZipExist--->false

[  776.973349] IR: [03932] scan key value is 0xea158000 
[  776.973354]  
[  777.034357] IR: [03932] scan key value is 0xea158000 
[  777.034362]  I/BluetoothSet( 2247): ---------show-------RegisterBluetoothReceiver()
E/fbdev   ( 1021): Attention! GFLIP time out, force update gop ring buffer!
E/fbdev   ( 1021): Attention! GFLIP time out, force update gop ring buffer!

[  777.383677] IR: [03932] scan key value is 0xea158000 
[  777.383682]  
[  777.444687] IR: [03932] scan key value is 0xea158000 
[  777.444692]  E/fbdev   ( 1021): Attention! GFLIP time out, force update gop ring buffer!
D/PushMsgCenter( 1613): mDownUpRun run while (true)
D/PushMsgCenter( 1613): down  
E/fbdev   ( 1021): Attention! GFLIP time out, force update gop ring buffer!

[  777.633740] IR: [03932] scan key value is 0xea158000 
[  777.633745]  D/PushMsgCenter( 1613): down conn.getResponseCode() status = 404

[  777.694503] IR: [03932] scan key value is 0xea158000 
[  777.694510]  E/fbdev   ( 1021): Attention! GFLIP time out, force update gop ring buffer!
E/fbdev   ( 1021): Attention! GFLIP time out, force update gop ring buffer!
D/CheckNetWork( 1644): isOk true
D/CheckNetWork( 1644): ActInfo
[  777.889321] IR: [03932] scan key value is 0xea158000 
[  777.889326]  NetworkInfo: type: WIFI[], state: CONNECTED/CONNECTED, reason: (unspecified), extra: (none), roaming: false, failover: false, isAvailable: true
D/CheckNetWork( 1644): infoNetworkInfo: type: WIFI[], state: CONNECTED/CONNECTED, reason: (unspecified), extra: (none), roaming: false, failover: false, isAvailable: true

[  777.950637] IR: [03932] scan key value is 0xea158000 
[  777.950642]  E/fbdev   ( 1021): Attention! GFLIP time out, force update gop ring buffer!
E/fbdev   ( 1021): Attention! GFLIP time out, force update gop ring buffer!
E/fbdev   ( 1021): Attention! GFLIP time out, force update gop ring buffer!

[  778.486058] IR: [03932] scan key value is 0xea158000 
[  778.486063]  
[  778.546758] IR: [03932] scan key value is 0xea158000 
[  778.546763]  E/fbdev   ( 1021): Attention! GFLIP time out, force update gop ring buffer!
I/HighSet_CableNetwork( 2247): [SelectConnectMode] ~~~~~~~~~~~~~~~~~~~~~~~~~ConnectMode:dhcp
E/fbdev   ( 1021): Attention! GFLIP time out, force update gop ring buffer!
D/NetUpdate( 2247): progressValu
[  778.833325] IR: [03932] scan key value is 0xea158000 
[  778.833330]  e--->0
D/NetUpdate( 2247): mWriteSD--->true
D/NetUpdate( 2247): mBootCheckZipExist--->false

[  778.894034] IR: [03932] scan key value is 0xea158000 
[  778.894040]  I/HighSet_WirlessNetwork( 2247): ------------BroadcastReceiverRegistered---------
E/fbdev   ( 1021): Attention! GFLIP time out, force update gop ring buffer!
I/HighSet_WirlessNetwork( 2247): -------------------------SSID= testAP ----------Adress= 5c:63:bf:f8:5d:de
I/HighSet_WirlessNetwork( 2247): -------------------------SSID= TP_LINK_TEST_5GHz_D8070A ----------Adress= 8c:21:0a:d8:07:0a
V/HighSet_WirlessNetwork( 2247): !!!!!!!! remove ssid:123
I/HighSet_WirlessNetwork( 2247): -----------------------wifi????-------------------
V/HighSet_WirlessNetwork( 2247): !!!!!<BroadcastReceiver>====wifi opened==
I/HighSet_WirlessNetwork( 2247): -----------------------wifi????-------------------
E/fbdev   ( 1021): Attention! GFLIP time out, force update gop ring buffer!
I/HighSet_WirlessNetwork( 2247): -------------------------SSID= testAP ----------Adress= 5c:63:bf:f8:5d:de
I/HighSet_WirlessNetwork( 2247): -------------------------SSID= TP_LINK_TEST_5GHz_D8070A ----------Adress= 8c:21:0a:d8:07:0a
V/HighSet_WirlessNetwork( 2247): !!!!!!!! remove ssid:123
I/HighSet_WirlessNetwork( 2247): -------------------------SSID= testAP ----------Adress= 5c:63:bf:f8:5d:de
I/HighSet_WirlessNetwork( 2247): -------------------------SSID= TP_LINK_TEST_5GHz_D8070A ----------Adress= 8c:21:0a:d8:07:0a
V/HighSet_WirlessNetwork( 2247): !!!!!!!! remove ssid:123
E/fbdev   ( 1021): Attention! GFLIP time out, force update gop ring buffer!

[  779.411186] IR: [03932] scan key value is 0xeb148000 
[  779.411191]  
[  779.472071] IR: [03932] scan key value is 0xeb148000 
[  779.472076]  E/fbdev   ( 1021): Attention! GFLIP time out, force update gop ring buffer!
D/InputEventConsistencyVerifier( 2247): KeyEvent: ACTION_UP but key was not down.
D/InputEventConsistencyVerifier( 2247):   in com.android.internal.policy.impl.PhoneWindow$DecorView@42d4da18
D/InputEventConsistencyVerifier( 2247):   0: sent at 779636000000, KeyEvent { action=ACTION_UP, keyCode=KEYCODE_DPAD_RIGHT, scanCode=106, metaState=0, flags=0x8, repeatCount=0, eventTime=779636, downTime=779416, deviceId=1, source=0x101 }
D/InputEventConsistencyVerifier( 2247):   -- recent events --
D/InputEventConsistencyVerifier( 2247):   1: sent at 779060000000, (unhandled) KeyEvent { action=ACTION_UP, keyCode=KEYCODE_DPAD_DOWN, scanCode=108, metaState=0, flags=0x8, repeatCount=0, eventTime=779060, downTime=778839, deviceId=1, source=0x101 }
D/InputEventConsistencyVerifier( 2247):   2: sent at 778839000000, KeyEvent { action=ACTION_DOWN, keyCode=KEYCODE_DPAD_DOWN, scanCode=108, metaState=0, flags=0x8, repeatCount=0, eventTime=778839, downTime=778839, deviceId=1, source=0x101 }
D/InputEventConsistencyVerifier( 2247):   3: sent at 778716000000, (unhandled) KeyEvent { action=ACTION_UP, keyCode=KEYCODE_DPAD_DOWN, scanCode=108, metaState=0, flags=0x8, repeatCount=0, eventTime=778716, downTime=778491, deviceId=1, source=0x101 }
D/InputEventConsistencyVerifier( 2247):   4: sent at 778491000000, KeyEvent { action=ACTION_DOWN, keyCode=KEYCODE_DPAD_DOWN, scanCode=108, metaState=0, flags=0x8, repeatCount=0, eventTime=778491, downTime=778491, deviceId=1, source=0x101 }
D/InputEventConsistencyVerifier( 2247):   5: sent at 778124000000, (unhandled) KeyEvent { action=ACTION_UP, keyCode=KEYCODE_DPAD_DOWN, scanCode=108, metaState=0, flags=0x8, repeatCount=0, eventTime=778124, downTime=777900, deviceId=1, source=0x101 }
D/NetUpdate( 2247): progressValue--->0
D/NetUpdate( 2247): mWriteSD--->true
D/NetUpdate( 2247): mBootCheckZipExist--->false

[  780.036796] IR: [03932] scan key value is 0xea158000 
[  780.036801]  
[  780.097802] IR: [03932] scan key value is 0xea158000 
[  780.097807]  E/fbdev   ( 1021): Attention! GFLIP time out, force update gop ring buffer!
D/InputEventConsistencyVerifier( 2247): KeyEvent: ACTION_UP but key was not down.
D/InputEventConsistencyVerifier( 2247):   in android.widget.Button@41847378
D/InputEventConsistencyVerifier( 2247):   0: sent at 780264000000, KeyEvent { action=ACTION_UP, keyCode=KEYCODE_DPAD_DOWN, scanCode=108, metaState=0, flags=0x8, repeatCount=0, eventTime=780264, downTime=780042, deviceId=1, source=0x101 }

[  780.663469] IR: [03932] scan key value is 0xea158000 
[  780.663473]  
[  780.724525] IR: [03932] scan key value is 0xea158000 
[  780.724530]  E/fbdev   ( 1021): Attention! GFLIP time out, force update gop ring buffer!
D/InputEventConsistencyVerifier( 2247): KeyEvent: ACTION_UP but key was not down.
D/InputEventConsistencyVerifier( 2247):   in android.widget.ListView@41842518
D/InputEventConsistencyVerifier( 2247):   0: sent at 780888000000, KeyEvent { action=ACTION_UP, keyCode=KEYCODE_DPAD_DOWN, scanCode=108, metaState=0, flags=0x8, repeatCount=0, eventTime=780888, downTime=780669, deviceId=1, source=0x101 }

[  780.946503] IR: [03932] scan key value is 0xea158000 
[  780.946508]  
[  781.007941] IR: [03932] scan key value is 0xea158000 
[  781.007946]  E/fbdev   ( 1021): Attention! GFLIP time out, force update gop ring buffer!
D/NetUpdate( 2247): progressValue--->0
D/NetUpdate( 2247): mWriteSD--->true
D/NetUpdate( 2247): mBootCheckZipExist--->false
V/EthernetMonitor(  937): get event 
V/EthernetMonitor(  937): go poll events
V/EthernetMonitor(  937): get event 
V/EthernetMonitor(  937): go poll events
I/HighSet_WirlessNetwork( 2247): -------------------------SSID= testAP ----------Adress= 5c:63:bf:f8:5d:de
V/HighSet_WirlessNetwork( 2247): !!!!!!!! remove ssid:123
V/HighSet_WirlessNetwork( 2247): !!!!!!!! remove ssid:TP_LINK_TEST_5GHz_D8070A
E/fbdev   ( 1021): Attention! GFLIP time out, force update gop ring buffer!
D/dalvikvm( 1657): GC_CONCURRENT freed 705K, 64% free 2861K/7939K, paused 2ms+3ms
D/NetUpdate( 2247): progressValue--->0
D/NetUpdate( 2247): mWriteSD--->true
D/NetUpdate( 2247): mBootCheckZipExist--->false
D/dalvikvm( 1657): GC_CONCURRENT freed 706K, 64% free 2863K/7939K, paused 4ms+2ms
D/NetUpdate( 2247): progressValue--->0
D/NetUpdate( 2247): mWriteSD--->true
D/NetUpdate( 2247): mBootCheckZipExist--->false
D/HomePlayerLib( 1657): hostaddress count is 1
D/dalvikvm( 1657): GC_CONCURRENT freed 723K, 65% free 2841K/7939K, paused 2ms+2ms
D/dalvikvm( 1657): GC_CONCURRENT freed 696K, 63% free 2942K/7939K, paused 2ms+3ms
D/NetUpdate( 2247): progressValue--->0
D/NetUpdate( 2247): mWriteSD--->true
D/NetUpdate( 2247): mBootCheckZipExist--->false
D/dalvikvm( 1657): GC_CONCURRENT freed 801K, 63% free 2959K/7939K, paused 2ms+3ms
D/dalvikvm( 1657): GC_CONCURRENT freed 827K, 63% free 2949K/7939K, paused 2ms+2ms
D/dalvikvm( 1657): GC_CONCURRENT freed 829K, 65% free 2843K/7939K, paused 2ms+2ms
D/dalvikvm( 1657): GC_CONCURRENT freed 678K, 64% free 2859K/7939K, paused 2ms+3ms
D/NetUpdate( 2247): progressValue--->0
D/NetUpdate( 2247): mWriteSD--->true
D/NetUpdate( 2247): mBootCheckZipExist--->false
D/NetUpdate( 2247): progressValue--->0
D/NetUpdate( 2247): mWriteSD--->true
D/NetUpdate( 2247): mBootCheckZipExist--->false
D/NetUpdate( 2247): progressValue--->0
D/NetUpdate( 2247): mWriteSD--->true
D/NetUpdate( 2247): mBootCheckZipExist--->false
E/CACHE   ( 1872): cleared
I/zomut.watchdog.monitor( 1872): initgather
D/dalvikvm( 1872): GC_CONCURRENT freed 1967K, 46% free 6844K/12547K, paused 2ms+4ms
I/zomut.watchdog.monitor( 1872): endgather
I/zomut.watchdog.monitor( 1872): init
I/zomut.watchdog.monitor( 1872): end
D/NetUpdate( 2247): progressValue--->0
D/NetUpdate( 2247): mWriteSD--->true
D/NetUpdate( 2247): mBootCheckZipExist--->false
I/HighSet_WirlessNetwork( 2247): -----------------------wifi????-------------------
I/HighSet_WirlessNetwork( 2247): -------------------------SSID= testAP ----------Adress= 5c:63:bf:f8:5d:de
V/HighSet_WirlessNetwork( 2247): !!!!!!!! remove ssid:123
V/HighSet_WirlessNetwork( 2247): !!!!!!!! remove ssid:TP_LINK_TEST_5GHz_D8070A
E/fbdev   ( 1021): Attention! GFLIP time out, force update gop ring buffer!
I/HighSet_WirlessNetwork( 2247): -----------------------wifi????-------------------
I/HighSet_WirlessNetwork( 2247): -------------------------SSID= testAP ----------Adress= 5c:63:bf:f8:5d:de
V/HighSet_WirlessNetwork( 2247): !!!!!!!! remove ssid:123
V/HighSet_WirlessNetwork( 2247): !!!!!!!! remove ssid:TP_LINK_TEST_5GHz_D8070A
E/fbdev   ( 1021): Attention! GFLIP time out, force update gop ring buffer!
D/NetUpdate( 2247): progressValue--->0
D/NetUpdate( 2247): mWriteSD--->true
D/NetUpdate( 2247): mBootCheckZipExist--->false
D/NetUpdate( 2247): progressValue--->0
D/NetUpdate( 2247): mWriteSD--->true
D/NetUpdate( 2247): mBootCheckZipExist--->false
D/dalvikvm( 1657): GC_CONCURRENT freed 717K, 65% free 2831K/7939K, paused 2ms+3ms
D/NetUpdate( 2247): progressValue--->0
D/NetUpdate( 2247): mWriteSD--->true
D/NetUpdate( 2247): mBootCheckZipExist--->false
D/dalvikvm( 1657): GC_CONCURRENT freed 674K, 64% free 2863K/7939K, paused 2ms+2ms
D/NetUpdate( 2247): progressValue--->0
D/NetUpdate( 2247): mWriteSD--->true
D/NetUpdate( 2247): mBootCheckZipExist--->false
D/NetUpdate( 2247): progressValue--->0
D/NetUpdate( 2247): mWriteSD--->true
D/NetUpdate( 2247): mBootCheckZipExist--->false
V/EthernetMonitor(  937): get event 
V/EthernetMonitor(  937): go poll events
V/EthernetMonitor(  937): get event 
V/EthernetMonitor(  937): go poll events
I/HighSet_WirlessNetwork( 2247): -------------------------SSID= testAP ----------Adress= 5c:63:bf:f8:5d:de
I/HighSet_WirlessNetwork( 2247): -------------------------SSID= TP_LINK_TEST_5GHz_D8070A ----------Adress= 8c:21:0a:d8:07:0a
V/HighSet_WirlessNetwork( 2247): !!!!!!!! remove ssid:123
E/fbdev   ( 1021): Attention! GFLIP time out, force update gop ring buffer!
D/dalvikvm( 1657): GC_CONCURRENT freed 706K, 65% free 2857K/7939K, paused 2ms+3ms
D/dalvikvm( 1657): GC_CONCURRENT freed 715K, 65% free 2834K/7939K, paused 2ms+2ms
D/HomePlayerLib( 1657): hostaddress count is 1
D/dalvikvm( 1657): GC_CONCURRENT freed 684K, 63% free 2943K/7939K, paused 2ms+2ms
D/dalvikvm( 1657): GC_CONCURRENT freed 821K, 63% free 2965K/7939K, paused 2ms+3ms
D/NetUpdate( 2247): progressValue--->0
D/NetUpdate( 2247): mWriteSD--->true
D/NetUpdate( 2247): mBootCheckZipExist--->false
D/dalvikvm( 1657): GC_CONCURRENT freed 852K, 64% free 2922K/7939K, paused 2ms+2ms
D/dalvikvm( 1657): GC_CONCURRENT freed 796K, 65% free 2847K/7939K, paused 2ms+2ms
D/dalvikvm( 1657): GC_CONCURRENT freed 681K, 64% free 2864K/7939K, paused 2ms+3ms
D/dalvikvm( 1657): GC_CONCURRENT freed 706K, 64% free 2863K/7939K, paused 2ms+2ms
D/NetUpdate( 2247): progressValue--->0
D/NetUpdate( 2247): mWriteSD--->true
D/NetUpdate( 2247): mBootCheckZipExist--->false
D/dalvikvm( 1657): GC_CONCURRENT freed 705K, 64% free 2863K/7939K, paused 2ms+2ms
D/dalvikvm( 1657): GC_CONCURRENT freed 705K, 64% free 2863K/7939K, paused 2ms+2ms
D/dalvikvm( 1657): GC_CONCURRENT freed 707K, 64% free 2863K/7939K, paused 2ms+2ms
D/NetUpdate( 2247): progressValue--->0
D/NetUpdate( 2247): mWriteSD--->true
D/NetUpdate( 2247): mBootCheckZipExist--->false
D/NetUpdate( 2247): progressValue--->0
D/NetUpdate( 2247): mWriteSD--->true
D/NetUpdate( 2247): mBootCheckZipExist--->false
I/HighSet_WirlessNetwork( 2247): -----------------------wifi????-------------------
I/HighSet_WirlessNetwork( 2247): -------------------------SSID= testAP ----------Adress= 5c:63:bf:f8:5d:de
I/HighSet_WirlessNetwork( 2247): -------------------------SSID= TP_LINK_TEST_5GHz_D8070A ----------Adress= 8c:21:0a:d8:07:0a
V/HighSet_WirlessNetwork( 2247): !!!!!!!! remove ssid:123
E/fbdev   ( 1021): Attention! GFLIP time out, force update gop ring buffer!
I/HighSet_WirlessNetwork( 2247): -----------------------wifi????-------------------
I/HighSet_WirlessNetwork( 2247): -------------------------SSID= testAP ----------Adress= 5c:63:bf:f8:5d:de
I/HighSet_WirlessNetwork( 2247): -------------------------SSID= TP_LINK_TEST_5GHz_D8070A ----------Adress= 8c:21:0a:d8:07:0a
V/HighSet_WirlessNetwork( 2247): !!!!!!!! remove ssid:123
E/fbdev   ( 1021): Attention! GFLIP time out, force update gop ring buffer!
D/NetUpdate( 2247): progressValue--->0
D/NetUpdate( 2247): mWriteSD--->true
D/NetUpdate( 2247): mBootCheckZipExist--->false
D/NetUpdate( 2247): progressValue--->0
D/NetUpdate( 2247): mWriteSD--->true
D/NetUpdate( 2247): mBootCheckZipExist--->false
D/NetUpdate( 2247): progressValue--->0
D/NetUpdate( 2247): mWriteSD--->true
D/NetUpdate( 2247): mBootCheckZipExist--->false
V/EthernetMonitor(  937): get event 
V/EthernetMonitor(  937): go poll events
V/EthernetMonitor(  937): get event 
V/EthernetMonitor(  937): go poll events
D/dalvikvm( 1657): GC_CONCURRENT freed 705K, 64% free 2863K/7939K, paused 2ms+3ms
D/dalvikvm( 1657): GC_CONCURRENT freed 705K, 65% free 2857K/7939K, paused 2ms+3ms
D/NetUpdate( 2247): progressValue--->0
D/NetUpdate( 2247): mWriteSD--->true
D/NetUpdate( 2247): mBootCheckZipExist--->false
D/dalvikvm( 1657): GC_CONCURRENT freed 706K, 65% free 2858K/7939K, paused 2ms+2ms
D/NetUpdate( 2247): progressValue--->0
D/NetUpdate( 2247): mWriteSD--->true
D/NetUpdate( 2247): mBootCheckZipExist--->false
D/NetUpdate( 2247): progressValue--->0
D/NetUpdate( 2247): mWriteSD--->true
D/NetUpdate( 2247): mBootCheckZipExist--->false
D/NetUpdate( 2247): progressValue--->0
D/NetUpdate( 2247): mWriteSD--->true
D/NetUpdate( 2247): mBootCheckZipExist--->false
D/HomePlayerLib( 1657): hostaddress count is 1
D/dalvikvm( 1657): GC_CONCURRENT freed 708K, 65% free 2840K/7939K, paused 2ms+3ms
D/dalvikvm( 1657): GC_CONCURRENT freed 665K, 65% free 2857K/7939K, paused 2ms+3ms
D/NetUpdate( 2247): progressValue--->0
D/NetUpdate( 2247): mWriteSD--->true
D/NetUpdate( 2247): mBootCheckZipExist--->false
D/dalvikvm( 1657): GC_CONCURRENT freed 699K, 64% free 2862K/7939K, paused 2ms+3ms
D/dalvikvm( 1657): GC_CONCURRENT freed 709K, 64% free 2862K/7939K, paused 3ms+2ms
D/dalvikvm( 1657): GC_CONCURRENT freed 712K, 64% free 2864K/7939K, paused 2ms+3ms
D/dalvikvm( 1657): GC_CONCURRENT freed 709K, 64% free 2863K/7939K, paused 2ms+2ms
D/NetUpdate( 2247): progressValue--->0
D/NetUpdate( 2247): mWriteSD--->true
D/NetUpdate( 2247): mBootCheckZipExist--->false
D/NetUpdate( 2247): progressValue--->0
D/NetUpdate( 2247): mWriteSD--->true
D/NetUpdate( 2247): mBootCheckZipExist--->false
I/HighSet_WirlessNetwork( 2247): -----------------------wifi????-------------------
I/HighSet_WirlessNetwork( 2247): -------------------------SSID= testAP ----------Adress= 5c:63:bf:f8:5d:de
I/HighSet_WirlessNetwork( 2247): -------------------------SSID= TP_LINK_TEST_5GHz_D8070A ----------Adress= 8c:21:0a:d8:07:0a
V/HighSet_WirlessNetwork( 2247): !!!!!!!! remove ssid:123
E/fbdev   ( 1021): Attention! GFLIP time out, force update gop ring buffer!
I/HighSet_WirlessNetwork( 2247): -----------------------wifi????-------------------
I/HighSet_WirlessNetwork( 2247): -------------------------SSID= testAP ----------Adress= 5c:63:bf:f8:5d:de
I/HighSet_WirlessNetwork( 2247): -------------------------SSID= TP_LINK_TEST_5GHz_D8070A ----------Adress= 8c:21:0a:d8:07:0a
V/HighSet_WirlessNetwork( 2247): !!!!!!!! remove ssid:123
E/fbdev   ( 1021): Attention! GFLIP time out, force update gop ring buffer!
D/NetUpdate( 2247): progressValue--->0
D/NetUpdate( 2247): mWriteSD--->true
D/NetUpdate( 2247): mBootCheckZipExist--->false
D/NetUpdate( 2247): progressValue--->0
D/NetUpdate( 2247): mWriteSD--->true
D/NetUpdate( 2247): mBootCheckZipExist--->false
D/NetUpdate( 2247): progressValue--->0
D/NetUpdate( 2247): mWriteSD--->true
D/NetUpdate( 2247): mBootCheckZipExist--->false
D/NetUpdate( 2247): progressValue--->0
D/NetUpdate( 2247): mWriteSD--->true
D/NetUpdate( 2247): mBootCheckZipExist--->false
D/NetUpdate( 2247): progressValue--->0
D/NetUpdate( 2247): mWriteSD--->true
D/NetUpdate( 2247): mBootCheckZipExist--->false
V/EthernetMonitor(  937): get event 
V/EthernetMonitor(  937): go poll events
V/EthernetMonitor(  937): get event 
V/EthernetMonitor(  937): go poll events
I/HighSet_WirlessNetwork( 2247): -------------------------SSID= testAP ----------Adress= 5c:63:bf:f8:5d:de
I/HighSet_WirlessNetwork( 2247): -------------------------SSID= TP_LINK_TEST_5GHz_D8070A ----------Adress= 8c:21:0a:d8:07:0a
V/HighSet_WirlessNetwork( 2247): !!!!!!!! remove ssid:123
E/fbdev   ( 1021): Attention! GFLIP time out, force update gop ring buffer!
D/dalvikvm( 1657): GC_CONCURRENT freed 723K, 65% free 2832K/7939K, paused 2ms+3ms
D/dalvikvm( 1657): GC_CONCURRENT freed 669K, 65% free 2857K/7939K, paused 2ms+2ms
D/dalvikvm( 1657): GC_CONCURRENT freed 706K, 65% free 2857K/7939K, paused 2ms+3ms
D/NetUpdate( 2247): progressValue--->0
D/NetUpdate( 2247): mWriteSD--->true
D/NetUpdate( 2247): mBootCheckZipExist--->false
D/dalvikvm( 1657): GC_CONCURRENT freed 703K, 64% free 2860K/7939K, paused 2ms+3ms
D/dalvikvm( 1657): GC_CONCURRENT freed 706K, 64% free 2861K/7939K, paused 2ms+3ms
D/dalvikvm( 1657): GC_CONCURRENT freed 703K, 64% free 2859K/7939K, paused 3ms+2ms
^C
130|shell@android:/ $ 
[  970.433204] IR: [03932] scan key value is 0xea158000 
[  970.433209]  
[  970.494554] IR: [03932] scan key value is 0xea158000 
[  970.494563]  
[  970.951636] IR: [03932] scan key value is 0xec138000 
[  970.951640]  
[  971.013275] IR: [03932] scan key value is 0xec138000 
[  971.013280]  
[  972.223914] IR: [03932] scan key value is 0xec138000 
[  972.223919]  
[  972.284834] IR: [03932] scan key value is 0xec138000 
[  972.284839]  
[  975.626462] init: untracked pid 2430 exited
[  978.328016] IR: [03932] scan key value is 0x8f708000 
[  978.328021]  
[  978.388828] IR: [03932] scan key value is 0x8f708000 
[  978.388833]  
[  978.451622] IR: [03932] scan key value is 0x8f708000 
[  978.451627]  
[  979.870870] IR: [03932] scan key value is 0xec138000 
[  979.870875]  
[  981.056703] IR: [03932] scan key value is 0xeb148000 
[  981.056707]  
[  981.406654] IR: [03932] scan key value is 0xec138000 
[  981.406660]  
[  983.446679] init: untracked pid 2480 exited
[  983.455651] init: untracked pid 2481 exited
[  983.500112] init: untracked pid 2006 exited
[  983.504452] init: untracked pid 2007 exited
[  983.509459] init: untracked pid 2008 exited
[  983.513829] init: untracked pid 2009 exited
[  984.598747] init: untracked pid 2482 exited
[  984.603056] init: untracked pid 2484 exited
[  984.640365] init: untracked pid 2485 exited
[  984.645164] init: untracked pid 2487 exited

130|shell@android:/ $ 
130|shell@android:/ $ 
130|shell@android:/ $ logcat -c;logcat
--------- beginning of /dev/log/main
D/dalvikvm( 1657): GC_CONCURRENT freed 896K, 64% free 2859K/7939K, paused 2ms+4ms
D/dalvikvm( 1657): GC_CONCURRENT freed 717K, 63% free 2947K/7939K, paused 2ms+3ms
D/HomePlayerLib( 1657): MediaRenderer will start with ip addrss 192.168.2.104
D/HomePlayerLib( 1657): hostaddress count is 1
D/dalvikvm( 1657): GC_CONCURRENT freed 823K, 63% free 2968K/7939K, paused 2ms+3ms
D/dalvikvm( 1657): GC_CONCURRENT freed 855K, 65% free 2856K/7939K, paused 2ms+3ms
D/HomePlayerLib( 1657): hostaddress count is 1
D/NetUpdate( 2247): progressValue--->0
D/NetUpdate( 2247): mWriteSD--->true
D/NetUpdate( 2247): mBootCheckZipExist--->false
D/dalvikvm( 1657): GC_CONCURRENT freed 712K, 65% free 2853K/7939K, paused 2ms+2ms
D/dalvikvm( 1657): GC_CONCURRENT freed 694K, 63% free 2978K/7939K, paused 2ms+2ms
D/dalvikvm( 1657): GC_CONCURRENT freed 873K, 64% free 2882K/7939K, paused 1ms+3ms
D/HomePlayerLib( 1657): hostaddress count is 1
D/dalvikvm( 1657): GC_CONCURRENT freed 741K, 63% free 2962K/7939K, paused 2ms+2ms
D/HomePlayerLib( 1657): hostaddress count is 1
D/dalvikvm( 1657): GC_CONCURRENT freed 834K, 63% free 2971K/7939K, paused 2ms+2ms
D/dalvikvm( 1657): GC_CONCURRENT freed 939K, 64% free 2884K/7939K, paused 2ms+2ms
D/dalvikvm( 1657): GC_CONCURRENT freed 774K, 63% free 2988K/7939K, paused 2ms+3ms
D/HomePlayerLib( 1657): hostaddress count is 1
[  997.277282] IR: [03932] scan key value is 0x8f708000 
[  997.277287]  D/dalvikvm( 1657): GC_CONCURRENT freed 876K, 65% free 2857K/7939K, paused 2ms+3ms

[  997.360893] IR: [03932] scan key value is 0x8f708000 
[  997.360898]  D/NetUpdate( 2247): progressValue--->0
D/NetUpdate( 2247): mWriteSD--->true
D/NetUpdate( 2247): mBootCheckZipExist--->false
D/dalvikvm( 1657): GC_CONCURRENT freed 705K, 61% free 3109K/7939K, paused 2ms+3ms
W/WindowManager(  937): Unable to find ITelephony interface.
--------- beginning of /dev/log/system
I/ActivityManager(  937): START {act=android.intent.action.MAIN cat=[android.intent.category.HOME] flg=0x10200000 cmp=com.coship.cibn/.MainActivity} from pid 937
E/fbdev   ( 1021): Attention! GFLIP time out, force update gop ring buffer!
E/fbdev   ( 1021): Attention! GFLIP time out, force update gop ring buffer!
D/dalvikvm( 1657): GC_CONCURRENT freed 1022K, 63% free 2942K/7939K, paused 2ms+3ms
E/fbdev   ( 1021): Attention! GFLIP time out, force update gop ring buffer!
W/InputManagerService(  937): Starting input on non-focused client com.android.internal.view.IInputMethodClient$Stub$Proxy@4157c628 (uid=1000 pid=2247)
E/fbdev   ( 1021): Attention! GFLIP time out, force update gop ring buffer!
E/fbdev   ( 1021): Attention! GFLIP time out, force update gop ring buffer!
E/fbdev   ( 1021): Attention! GFLIP time out, force update gop ring buffer!
E/fbdev   ( 1021): Attention! GFLIP time out, force update gop ring buffer!
E/fbdev   ( 1021): Attention! GFLIP time out, force update gop ring buffer!
E/fbdev   ( 1021): Attention! GFLIP time out, force update gop ring buffer!
E/fbdev   ( 1021): Attention! GFLIP time out, force update gop ring buffer!
E/fbdev   ( 1021): Attention! GFLIP time out, force update gop ring buffer!
E/fbdev   ( 1021): Attention! GFLIP time out, force update gop ring buffer!
E/fbdev   ( 1021): Attention! GFLIP time out, force update gop ring buffer!
D/dalvikvm( 1657): GC_CONCURRENT freed 819K, 63% free 2964K/7939K, paused 4ms+3ms
E/fbdev   ( 1021): Attention! GFLIP time out, force update gop ring buffer!
E/fbdev   ( 1021): Attention! GFLIP time out, force update gop ring buffer!
W/HomePlayerLib( 1657): mediaRenderer start success 
E/fbdev   ( 1021): Attention! GFLIP time out, force update gop ring buffer!
E/fbdev   ( 1021): Attention! GFLIP time out, force update gop ring buffer!
E/fbdev   ( 1021): Attention! GFLIP time out, force update gop ring buffer!
E/fbdev   ( 1021): Attention! GFLIP time out, force update gop ring buffer!
E/fbdev   ( 1021): Attention! GFLIP time out, force update gop ring buffer!
E/fbdev   ( 1021): Attention! GFLIP time out, force update gop ring buffer!
E/fbdev   ( 1021): Attention! GFLIP time out, force update gop ring buffer!
E/fbdev   ( 1021): Attention! GFLIP time out, force update gop ring buffer!
E/fbdev   ( 1021): Attention! GFLIP time out, force update gop ring buffer!
E/fbdev   ( 1021): Attention! GFLIP time out, force update gop ring buffer!
E/fbdev   ( 1021): Attention! GFLIP time out, force update gop ring buffer!
E/fbdev   ( 1021): Attention! GFLIP time out, force update gop ring buffer!
E/fbdev   ( 1021): Attention! GFLIP time out, force update gop ring buffer!
E/fbdev   ( 1021): Attention! GFLIP time out, force update gop ring buffer!
E/fbdev   ( 1021): Attention! GFLIP time out, force update gop ring buffer!
E/fbdev   ( 1021): Attention! GFLIP time out, force update gop ring buffer!
E/fbdev   ( 1021): Attention! GFLIP time out, force update gop ring buffer!
D/dalvikvm( 1657): GC_CONCURRENT freed 841K, 64% free 2879K/7939K, paused 2ms+2ms
E/fbdev   ( 1021): Attention! GFLIP time out, force update gop ring buffer!
E/fbdev   ( 1021): Attention! GFLIP time out, force update gop ring buffer!
E/fbdev   ( 1021): Attention! GFLIP time out, force update gop ring buffer!
E/fbdev   ( 1021): Attention! GFLIP time out, force update gop ring buffer!
E/fbdev   ( 1021): Attention! GFLIP time out, force update gop ring buffer!
E/fbdev   ( 1021): Attention! GFLIP time out, force update gop ring buffer!
D/NetUpdate( 2247): progressValue--->0
D/NetUpdate( 2247): mWriteSD--->true
D/NetUpdate( 2247): mBootCheckZipExist--->false
E/fbdev   ( 1021): Attention! GFLIP time out, force update gop ring buffer!
E/fbdev   ( 1021): Attention! GFLIP time out, force update gop ring buffer!
E/fbdev   ( 1021): Attention! GFLIP time out, force update gop ring buffer!
E/fbdev   ( 1021): Attention! GFLIP time out, force update gop ring buffer!
E/fbdev   ( 1021): Attention! GFLIP time out, force update gop ring buffer!

[  998.697717] IR: [03932] scan key value is 0xeb148000 
[  998.697722]  E/WindowManager(  937): ##############################dispatchUnhandledKey
I/HighSet_WirlessNetwork( 2247): -------------------------SSID= testAP ----------Adress= 5c:63:bf:f8:5d:de
I/HighSet_WirlessNetwork( 2247): -------------------------SSID= TP_LINK_TEST_5GHz_D8070A ----------Adress= 8c:21:0a:d8:07:0a
V/HighSet_WirlessNetwork( 2247): !!!!!!!! remove ssid:123

[  999.138263] IR: [03932] scan key value is 0xea158000 
[  999.138268]  
[  999.199713] IR: [03932] scan key value is 0xea158000 
[  999.199719]  I/HighSet_WirlessNetwork( 2247): -------------------------SSID= testAP ----------Adress= 5c:63:bf:f8:5d:de
I/HighSet_WirlessNetwork( 2247): -------------------------SSID= TP_LINK_TEST_5GHz_D8070A ----------Adress= 8c:21:0a:d8:07:0a
V/HighSet_WirlessNetwork( 2247): !!!!!!!! remove ssid:123
E/fbdev   ( 1021): Attention! GFLIP time out, force update gop ring buffer!
E/fbdev   ( 1021): Attention! GFLIP time out, force update gop ring buffer!
E/fbdev   ( 1021): Attention! GFLIP time out, force update gop ring buffer!
E/fbdev   ( 1021): Attention! GFLIP time out, force update gop ring buffer!
E/fbdev   ( 1021): Attention! GFLIP time out, force update gop ring buffer!
E/fbdev   ( 1021): Attention! GFLIP time out, force update gop ring buffer!
E/fbdev   ( 1021): Attention! GFLIP time out, force update gop ring buffer!
E/fbdev   ( 1021): Attention! GFLIP time out, force update gop ring buffer!
E/fbdev   ( 1021): Attention! GFLIP time out, force update gop ring buffer!
D/InputEventConsistencyVerifier( 1217): KeyEvent: ACTION_UP but key was not down.
D/InputEventConsistencyVerifier( 1217):   in com.coship.cibn.view.ScaleViewPanel@42761c48
D/InputEventConsistencyVerifier( 1217):   0: sent at 999364000000, KeyEvent { action=ACTION_UP, keyCode=KEYCODE_DPAD_DOWN, scanCode=108, metaState=0, flags=0x8, repeatCount=0, eventTime=999364, downTime=999143, deviceId=1, source=0x101 }
D/InputEventConsistencyVerifier( 1217):   -- recent events --
D/InputEventConsistencyVerifier( 1217):   1: sent at 766150000000, (unhandled) KeyEvent { action=ACTION_DOWN, keyCode=KEYCODE_DPAD_UP, scanCode=103, metaState=0, flags=0x8, repeatCount=0, eventTime=766150, downTime=766150, deviceId=1, source=0x101 }
D/InputEventConsistencyVerifier( 1217):   2: sent at 765844000000, (unhandled) KeyEvent { action=ACTION_UP, keyCode=KEYCODE_DPAD_DOWN, scanCode=108, metaState=0, flags=0x80000008, repeatCount=0, eventTime=765844, downTime=765623, deviceId=1, source=0x101 }
E/fbdev   ( 1021): Attention! GFLIP time out, force update gop ring buffer!
E/fbdev   ( 1021): Attention! GFLIP time out, force update gop ring buffer!
E/fbdev   ( 1021): Attention! GFLIP time out, force update gop ring buffer!
D/NetUpdate( 2247): progressValue--->0
D/NetUpdate( 2247): mWriteSD--->true
D/NetUpdate( 2247): mBootCheckZipExist--->false

[  999.701390] IR: [03932] scan key value is 0xee118000 
[  999.701395]  E/fbdev   ( 1021): Attention! GFLIP time out, fo
[  999.762312] IR: [03932] scan key value is 0xee118000 
[  999.762317]  rce update gop ring buffer!
E/fbdev   ( 1021): Attention! GFLIP time out, force update gop ring buffer!
E/fbdev   ( 1021): Attention! GFLIP time out, force update gop ring buffer!
E/fbdev   ( 1021): Attention! GFLIP time out, force update gop ring buffer!
E/fbdev   ( 1021): Attention! GFLIP time out, force update gop ring buffer!
E/fbdev   ( 1021): Attention! GFLIP time out, force update gop ring buffer!
E/fbdev   ( 1021): Attention! GFLIP time out, force update gop ring buffer!
E/fbdev   ( 1021): Attention! GFLIP time out, force update gop ring buffer!
E/fbdev   ( 1021): Attention! GFLIP time out, force update gop ring buffer!
E/fbdev   ( 1021): Attention! GFLIP time out, force update gop ring buffer!
E/fbdev   ( 1021): Attention! GFLIP time out, force update gop ring buffer!
E/fbdev   ( 1021): Attention! GFLIP time out, force update gop ring buffer!
D/InputEventConsistencyVerifier( 1217): KeyEvent: ACTION_UP but key was not down.
D/InputEventConsistencyVerifier( 1217):   in com.coship.cibn.view.ScaleViewPanel@42a4f698
D/InputEventConsistencyVerifier( 1217):   0: sent at 999928000000, KeyEvent { action=ACTION_UP, keyCode=KEYCODE_DPAD_UP, scanCode=103, metaState=0, flags=0x8, repeatCount=0, eventTime=999928, downTime=999707, deviceId=1, source=0x101 }
D/InputEventConsistencyVerifier( 1217):   -- recent events --
D/InputEventConsistencyVerifier( 1217):   1: sent at 999143000000, (unhandled) KeyEvent { action=ACTION_DOWN, keyCode=KEYCODE_DPAD_DOWN, scanCode=108, metaState=0, flags=0x8, repeatCount=0, eventTime=999143, downTime=999143, deviceId=1, source=0x101 }
D/InputEventConsistencyVerifier( 1217):   2: sent at 998864000000, (unhandled) KeyEvent { action=ACTION_UP, keyCode=KEYCODE_DPAD_RIGHT, scanCode=106, metaState=0, flags=0x8, repeatCount=0, eventTime=998864, downTime=998703, deviceId=1, source=0x101 }
D/InputEventConsistencyVerifier( 1217):   3: sent at 998703000000, (unhandled) KeyEvent { action=ACTION_DOWN, keyCode=KEYCODE_DPAD_RIGHT, scanCode=106, metaState=0, flags=0x8, repeatCount=0, eventTime=998703, downTime=998703, deviceId=1, source=0x101 }
D/InputEventConsistencyVerifier( 1217):   4: sent at 980036000000, KeyEvent { action=ACTION_UP, keyCode=KEYCODE_ENTER, scanCode=28, metaState=0, flags=0x8, repeatCount=0, eventTime=980036, downTime=979876, deviceId=1, source=0x101 }
D/InputEventConsistencyVerifier( 1217):   5: sent at 979876000000, KeyEvent { action=ACTION_DOWN, keyCode=KEYCODE_ENTER, scanCode=28, metaState=0, flags=0x8, repeatCount=0, eventTime=979876, downTime=979876, deviceId=1, source=0x101 }
E/fbdev   ( 1021): Attention! GFLIP time out, force update gop ring buffer!
E/fbdev   ( 1021): Attention! GFLIP time out
[ 1000.119936] IR: [03932] scan key value is 0xec138000 
[ 1000.119941]  , force update gop ring buffer!
E/fbdev   ( 1021): Attention! GFLIP time out, force update gop ring buffer!
I/MainActivity( 1217): CIBN ---> onClick -> 52066
E/fbdev   ( 1021): Attention! GFLIP time out, force update gop ring buffer!
E/fbdev   ( 1021): Attention! GFLIP time out, force update gop ring buffer!
E/fbdev   ( 1021): Attention! GFLIP time out, force update gop ring buffer!
E/fbdev   ( 1021): Attention! GFLIP time out, force update gop ring buffer!
E/fbdev   ( 1021): Attention! GFLIP time out, force update gop ring buffer!
E/fbdev   ( 1021): Attention! GFLIP time out, force update gop ring buffer!
D/NetUpdate( 2247): progressValue--->0
D/NetUpdate( 2247): mWriteSD--->true
D/NetUpdate( 2247): mBootCheckZipExist--->false
E/fbdev   ( 1021): Attention! GFLIP time out, force update gop ring buffer!
E/fbdev   ( 1021): Attention! GFLIP time out, force update gop ring buffer!
E/fbdev   ( 1021): Attention! GFLIP time out, force update gop ring buffer!
E/fbdev   ( 1021): Attention! GFLIP time out, force update gop ring buffer!
E/fbdev   ( 1021): Attention! GFLIP time out, force update gop ring buffer!
E/fbdev   ( 1021): Attention! GFLIP time out, force update gop ring buffer!
E/fbdev   ( 1021): Attention! GFLIP time out, force update gop ring buffer!
E/fbdev   ( 1021): Attention! GFLIP time out, force update gop ring buffer!
E/fbdev   ( 1021): Attention! GFLIP time out, force update gop ring buffer!
E/fbdev   ( 1021): Attention! GFLIP time out, force update gop ring buffer!
D/StpService( 1797): handleMessage NetworkType is 1
E/fbdev   ( 1021): Attention! GFLIP time out, force update gop ring buffer!

[ 1000.623605] init: untracked pid 2507 exited
[ 1000.630778] init: untracked pid 2508 exited
E/fbdev   ( 1021[ 1000.635427] init: untracked pid 2509 exited
): Attention! GF[ 1000.640913] init: untracked pid 2510 exited
LIP time out, force update gop ring buffer!
[ 1001.094212] IR: [03932] scan key value is 0xeb148000 
[ 1001.094217]  E/fbdev   ( 1021): Attention! GFLIP time out, force update gop ring buffer!

[ 1001.155586] IR: [03932] scan key value is 0xeb148000 
[ 1001.155591]  D/InputEventConsistencyVerifier( 1217): KeyEvent: ACTION_UP but key was not down.
D/InputEventConsistencyVerifier( 1217):   in android.widget.Button@41c002f8
D/InputEventConsistencyVerifier( 1217):   0: sent at 1001320000000, KeyEvent { action=ACTION_UP, keyCode=KEYCODE_DPAD_RIGHT, scanCode=106, metaState=0, flags=0x8, repeatCount=0, eventTime=1001320, downTime=1001099, deviceId=1, source=0x101 }

[ 1001.400809] IR: [03932] scan key value is 0xec138000 
[ 1001.400814]  E/fbdev   ( 1021): Attention! GFLIP time out, force update gop ring buffer!
D/NetUpdate( 2247): progressValue--->0
D/NetUpdate( 2247): mWriteSD--->true
D/NetUpdate( 2247): mBootCheckZipExist--->false
E/fbdev   ( 1021): Attention! GFLIP time out, force update gop ring buffer!
E/fbdev   ( 1021): Attention! GFLIP time out, force update gop ring buffer!
E/fbdev   ( 1021): Attention! GFLIP time out, force update gop ring buffer!
I/ActivityManager(  937): START {flg=0x10000000 cmp=com.coship.dvbsetting/.main (has extras)} from pid 1217
E/fbdev   ( 1021): Attention! GFLIP time out, force update gop ring buffer!
V/AuthorizationDialog( 1217):   80007
E/fbdev   ( 1021): Attention! GFLIP time out, force update gop ring buffer!
E/fbdev   ( 1021): Attention! GFLIP time out, force update gop ring buffer!
E/fbdev   ( 1021): Attention! GFLIP time out, force update gop ring buffer!
D/dalvikvm(  937): GC_CONCURRENT freed 783K, 62% free 4170K/10883K, paused 2ms+4ms
E/fbdev   ( 1021): Attention! GFLIP time out, force update gop ring buffer!
E/fbdev   ( 1021): Attention! GFLIP time out, force update gop ring buffer!
E/fbdev   ( 1021): Attention! GFLIP time out, force update gop ring buffer!
E/fbdev   ( 1021): Attention! GFLIP time out, force update gop ring buffer!
E/fbdev   ( 1021): Attention! GFLIP time out, force update gop ring buffer!
E/fbdev   ( 1021): Attention! GFLIP time out, force update gop ring buffer!
E/fbdev   ( 1021): Attention! GFLIP time out, force update gop ring buffer!
E/fbdev   ( 1021): Attention! GFLIP time out, force update gop ring buffer!
E/fbdev   ( 1021): Attention! GFLIP time out, force update gop ring buffer!
E/fbdev   ( 1021): Attention! GFLIP time out, force update gop ring buffer!
E/fbdev   ( 1021): Attention! GFLIP time out, force update gop ring buffer!
D/OpenGLRenderer( 1217): Flushing caches (mode 0)
V/TabletStatusBar( 1140): setLightsOn(true)
E/fbdev   ( 1021): Attention! GFLIP time out, force update gop ring buffer!
D/OpenGLRenderer( 1217): Flushing caches (mode 1)
E/fbdev   ( 1021): Attention! GFLIP time out, force update gop ring buffer!
W/InputManagerService(  937): Starting input on non-focused client com.android.internal.view.IInputMethodClient$Stub$Proxy@416c4318 (uid=10006 pid=1217)
E/fbdev   ( 1021): Attention! GFLIP time out, force update gop ring buffer!
E/fbdev   ( 1021): Attention! GFLIP time out, force update gop ring buffer!
E/fbdev   ( 1021): Attention! GFLIP time out, force update gop ring buffer!
E/fbdev   ( 1021): Attention! GFLIP time out, force update gop ring buffer!
E/fbdev   ( 1021): Attention! GFLIP time out, force update gop ring buffer!
E/fbdev   ( 1021): Attention! GFLIP time out, force update gop ring buffer!
E/fbdev   ( 1021): Attention! GFLIP time out, force update gop ring buffer!
E/fbdev   ( 1021): Attention! GFLIP time out, force update gop ring buffer!
E/fbdev   ( 1021): Attention! GFLIP time out, force update gop ring buffer!
E/fbdev   ( 1021): Attention! GFLIP time out, force update gop ring buffer!
E/fbdev   ( 1021): Attention! GFLIP time out, force update gop ring buffer!
E/fbdev   ( 1021): Attention! GFLIP time out, force update gop ring buffer!
E/fbdev   ( 1021): Attention! GFLIP time out, force update gop ring buffer!
E/fbdev   ( 1021): Attention! GFLIP time out, force update gop ring buffer!
E/fbdev   ( 1021): Attention! GFLIP time out, force update gop ring buffer!
E/fbdev   ( 1021): Attention! GFLIP time out, force update gop ring buffer!
E/fbdev   ( 1021): Attention! GFLIP time out, force update gop ring buffer!
E/fbdev   ( 1021): Attention! GFLIP time out, force update gop ring buffer!
E/fbdev   ( 1021): Attention! GFLIP time out, force update gop ring buffer!
E/fbdev   ( 1021): Attention! GFLIP time out, force update gop ring buffer!
E/fbdev   ( 1021): Attention! GFLIP time out, force update gop ring buffer!
E/fbdev   ( 1021): Attention! GFLIP time out, force update gop ring buffer!
E/fbdev   ( 1021): Attention! GFLIP time out, force update gop ring buffer!
E/fbdev   ( 1021): Attention! GFLIP time out, force update gop ring buffer!
E/fbdev   ( 1021): Attention! GFLIP time out, force update gop ring buffer!
E/fbdev   ( 1021): Attention! GFLIP time out, force update gop ring buffer!

[ 1002.680075] IR: [03932] scan key value is 0xeb148000 
[ 1002.680079]  E/fbdev   ( 1021): Attention! GFLIP time out, force update gop ring buffer!
D/InputEventConsistencyVerifier( 2247): KeyEvent: ACTION_UP but key was not down.
D/InputEventConsistencyVerifier( 2247):   in android.widget.ImageButton@41733728
D/InputEventConsistencyVerifier( 2247):   0: sent at 1002844000000, KeyEvent { action=ACTION_UP, keyCode=KEYCODE_DPAD_RIGHT, scanCode=106, metaState=0, flags=0x8, repeatCount=0, eventTime=1002844, downTime=1002685, deviceId=1, source=0x101 }
D/InputEventConsistencyVerifier( 2247):   -- recent events --
D/InputEventConsistencyVerifier( 2247):   1: sent at 780042000000, (unhandled) KeyEvent { action=ACTION_DOWN, keyCode=KEYCODE_DPAD_DOWN, scanCode=108, metaState=0, flags=0x8, repeatCount=0, eventTime=780042, downTime=780042, deviceId=1, source=0x101 }
D/InputEventConsistencyVerifier( 2247):   2: sent at 779636000000, (unhandled) KeyEvent { action=ACTION_UP, keyCode=KEYCODE_DPAD_RIGHT, scanCode=106, metaState=0, flags=0x80000008, repeatCount=0, eventTime=779636, downTime=779416, deviceId=1, source=0x101 }
D/HomePlayerLib( 1657): hostaddress count is 1
D/dalvikvm( 1657): GC_CONCURRENT freed 737K, 64% free 2937K/7939K, paused 3ms+2ms
D/dalvikvm( 1657): GC_CONCURRENT freed 796K, 64% free 2860K/7939K, paused 2ms+2ms
D/dalvikvm( 1657): GC_CONCURRENT freed 705K, 62% free 3080K/7939K, paused 2ms+3ms
D/NetUpdate( 2247): progressValue--->0
D/NetUpdate( 2247): mWriteSD--->true
D/NetUpdate( 2247): mBootCheckZipExist--->false
D/dalvikvm( 1657): GC_CONCURRENT freed 982K, 64% free 2861K/7939K, paused 2ms+3ms

[ 1003.975733] IR: [03932] scan key value is 0xf10e8000 
[ 1003.975738]  D/dalvikvm( 1657): GC_CONCURRENT freed 712K, 65% free 2857K/7939K, paused 2ms+3ms
E/fbdev   ( 1021): Attention! GFLIP time out, force update gop ring buffer!
D/InputEventConsistencyVerifier( 2247): KeyEvent: ACTION_UP but key was not down.
D/InputEventConsistencyVerifier( 2247):   in com.android.internal.policy.impl.PhoneWindow$DecorView@42d4da18
D/InputEventConsistencyVerifier( 2247):   0: sent at 1004140000000, KeyEvent { action=ACTION_UP, keyCode=KEYCODE_BACK, scanCode=158, metaState=0, flags=0x8, repeatCount=0, eventTime=1004140, downTime=1003981, deviceId=1, source=0x101 }
D/InputEventConsistencyVerifier( 2247):   -- recent events --
D/InputEventConsistencyVerifier( 2247):   1: sent at 1002844000000, (unhandled) KeyEvent { action=ACTION_UP, keyCode=KEYCODE_DPAD_RIGHT, scanCode=106, metaState=0, flags=0x8, repeatCount=0, eventTime=1002844, downTime=1002685, deviceId=1, source=0x101 }
D/InputEventConsistencyVerifier( 2247):   2: sent at 1002685000000, (unhandled) KeyEvent { action=ACTION_DOWN, keyCode=KEYCODE_DPAD_RIGHT, scanCode=106, metaState=0, flags=0x8, repeatCount=0, eventTime=1002685, downTime=1002685, deviceId=1, source=0x101 }
D/InputEventConsistencyVerifier( 2247):   3: sent at 971176000000, KeyEvent { action=ACTION_UP, keyCode=KEYCODE_ENTER, scanCode=28, metaState=0, flags=0x8, repeatCount=0, eventTime=971176, downTime=970957, deviceId=1, source=0x101 }
D/InputEventConsistencyVerifier( 2247):   4: sent at 970957000000, KeyEvent { action=ACTION_DOWN, keyCode=KEYCODE_ENTER, scanCode=28, metaState=0, flags=0x8, repeatCount=0, eventTime=970957, downTime=970957, deviceId=1, source=0x101 }
D/InputEventConsistencyVerifier( 2247):   5: sent at 970660000000, (unhandled) KeyEvent { action=ACTION_UP, keyCode=KEYCODE_DPAD_DOWN, scanCode=108, metaState=0, flags=0x8, repeatCount=0, eventTime=970660, downTime=970438, deviceId=1, source=0x101 }
D/dalvikvm( 1657): GC_CONCURRENT freed 702K, 63% free 2963K/7939K, paused 2ms+3ms
D/NetUpdate( 2247): progressValue--->0
D/NetUpdate( 2247): mWriteSD--->true
D/NetUpdate( 2247): mBootCheckZipExist--->false
D/dalvikvm( 1657): GC_CONCURRENT freed 853K, 64% free 2915K/7939K, paused 2ms+3ms
D/dalvikvm( 1657): GC_CONCURRENT freed 787K, 64% free 2918K/7939K, paused 2ms+2ms

[ 1005.079095] IR: [03932] scan key value is 0xf10e8000 
[ 1005.079100]  V/TabletStatusBar( 1140): setLightsOn(true)
E/fbdev   ( 1021): Attention! GFLIP time out, force update gop ring buffer!
E/fbdev   ( 1021): Attention! GFLIP time out, force update gop ring buffer!
E/fbdev   ( 1021): Attention! GFLIP time out, force update gop ring buffer!
E/fbdev   ( 1021): Attention! GFLIP time out, force update gop ring buffer!
D/InputEventConsistencyVerifier( 2247): KeyEvent: ACTION_UP but key was not down.
D/InputEventConsistencyVerifier( 2247):   in Handler (android.view.ViewRootImpl) {42d45320}
D/InputEventConsistencyVerifier( 2247):   0: sent at 1005244000000, KeyEvent { action=ACTION_UP, keyCode=KEYCODE_BACK, scanCode=158, metaState=0, flags=0x8, repeatCount=0, eventTime=1005244, downTime=1005084, deviceId=1, source=0x101 }
D/InputEventConsistencyVerifier( 2247):   -- recent events --
D/InputEventConsistencyVerifier( 2247):   1: sent at 772720000000, KeyEvent { action=ACTION_UP, keyCode=KEYCODE_ENTER, scanCode=28, metaState=0, flags=0x8, repeatCount=0, eventTime=772720, downTime=772500, deviceId=1, source=0x101 }
D/InputEventConsistencyVerifier( 2247):   2: sent at 772500000000, KeyEvent { action=ACTION_DOWN, keyCode=KEYCODE_ENTER, scanCode=28, metaState=0, flags=0x8, repeatCount=0, eventTime=772500, downTime=772500, deviceId=1, source=0x101 }
E/fbdev   ( 1021): Attention! GFLIP time out, force update gop ring buffer!
E/fbdev   ( 1021): Attention! GFLIP time out, force update gop ring buffer!
E/fbdev   ( 1021): Attention! GFLIP time out, force update gop ring buffer!
E/fbdev   ( 1021): Attention! GFLIP time out, force update gop ring buffer!
E/fbdev   ( 1021): Attention! GFLIP time out, force update gop ring buffer!
E/fbdev   ( 1021): Attention! GFLIP time out, force update gop ring buffer!
D/dalvikvm( 1657): GC_CONCURRENT freed 794K, 65% free 2837K/7939K, paused 3ms+3ms
E/fbdev   ( 1021): Attention! GFLIP time out, force update gop ring buffer!
E/fbdev   ( 1021): Attention! GFLIP time out, force update gop ring buffer!
E/fbdev   ( 1021): Attention! GFLIP time out, force update gop ring buffer!
E/fbdev   ( 1021): Attention! GFLIP time out, force update gop ring buffer!
E/fbdev   ( 1021): Attention! GFLIP time out, force update gop ring buffer!
E/fbdev   ( 1021): Attention! GFLIP time out, force update gop ring buffer!
D/NetUpdate( 2247): progressValue--->0
D/NetUpdate( 2247): mWriteSD--->true
D/NetUpdate( 2247): mBootCheckZipExist--->false
I/BluetoothSet( 2247): ---------------UnregisterBluetoothReceiver()------------
I/HighSet_WirlessNetwork( 2247): --------------unregisterReceiver
I/WifiDirectSetting( 2247): --------------UnregisterWifidisplayReceiver------------
I/WifiApSetting( 2247): ---------------UnregisterWifiApReceiver--------------
E/fbdev   ( 1021): Attention! GFLIP time out, force update gop ring buffer!
E/fbdev   ( 1021): Attention! GFLIP time out, force update gop ring buffer!
E/ActivityThread( 2247): Activity com.coship.dvbsetting.netsetting.netSet has leaked ServiceConnection android.bluetooth.BluetoothHeadset$1@42e1de10 that was originally bound here
E/ActivityThread( 2247): android.app.ServiceConnectionLeaked: Activity com.coship.dvbsetting.netsetting.netSet has leaked ServiceConnection android.bluetooth.BluetoothHeadset$1@42e1de10 that was originally bound here
E/ActivityThread( 2247):        at android.app.LoadedApk$ServiceDispatcher.<init>(LoadedApk.java:936)
E/ActivityThread( 2247):        at android.app.LoadedApk.getServiceDispatcher(LoadedApk.java:830)
E/ActivityThread( 2247):        at android.app.ContextImpl.bindService(ContextImpl.java:1142)
E/ActivityThread( 2247):        at android.content.ContextWrapper.bindService(ContextWrapper.java:370)
E/ActivityThread( 2247):        at android.bluetooth.BluetoothHeadset.<init>(BluetoothHeadset.java:231)
E/ActivityThread( 2247):        at android.bluetooth.BluetoothAdapter.getProfileProxy(BluetoothAdapter.java:1168)
E/ActivityThread( 2247):        at com.coship.dvbsetting.bluetooth.HeadsetProfile.<init>(HeadsetProfile.java:111)
E/ActivityThread( 2247):        at com.coship.dvbsetting.netsetting.BluetoothSet.init(BluetoothSet.java:160)
E/ActivityThread( 2247):        at com.coship.dvbsetting.netsetting.BluetoothSet.<init>(BluetoothSet.java:131)
E/ActivityThread( 2247):        at com.coship.dvbsetting.netsetting.BluetoothSet.getInstance(BluetoothSet.java:110)
E/ActivityThread( 2247):        at com.coship.dvbsetting.netsetting.netSet.onCreate(netSet.java:81)
E/ActivityThread( 2247):        at android.app.Acti
[ 1005.641850] IR: [03932] scan key value is 0xeb148000 
[ 1005.641855]  vity.performCreate(Activity.java:4465)
E/ActivityThread( 2247):        at android.app.Instrumentation.callActivityOnCreate(Instrumentation.java:1049)
E/ActivityThread( 2247):        at android.app.ActivityThread.performLaunchActivity(ActivityThread.java:1920)
E/ActivityThread( 2247):        at android.app.ActivityThread.handleLaunchActivity(ActivityThread.java:1981)
E/ActivityThread( 2247):        at android.app.ActivityThread.access$600(ActivityThread.java:123)
E/ActivityThread( 2247):        at android.app.ActivityThread$H.handleMessage(ActivityThread.java:1147)
E/ActivityThread( 2247):        at android.os.Handler.dispatchMessage(Handler.java:99)
E/ActivityT
[ 1005.703041] IR: [03932] scan key value is 0xeb148000 
[ 1005.703047]  hread( 2247):   at android.os.Looper.loop(Looper.java:137)
E/ActivityThread( 2247):        at android.app.ActivityThread.main(ActivityThread.java:4424)
E/ActivityThread( 2247):        at java.lang.reflect.Method.invokeNative(Native Method)
E/ActivityThread( 2247):        at java.lang.reflect.Method.invoke(Method.java:511)
E/ActivityThread( 2247):        at com.android.internal.os.ZygoteInit$MethodAndArgsCaller.run(ZygoteInit.java:848)
E/ActivityThread( 2247):        at com.android.internal.os.ZygoteInit.main(ZygoteInit.java:575)
E/ActivityThread( 2247):        at dalvik.system.NativeStart.main(Native Method)
W/ActivityManager(  937): Unbind failed: could not find connection for android.os.BinderProxy@414b8d80
D/dalvikvm( 1657): GC_CONCURRENT freed 671K, 64% free 2863K/7939K, paused 2ms+2ms
I/main_setcenter( 2247): BackDoorIndex:0
I/main_setcenter( 2247): BackDoorKey[BackDoorIndex]:21
I/main_setcenter( 2247): KeyCode:22
E/fbdev   ( 1021): Attention! GFLIP time out, force update gop ring buffer!
D/dalvikvm( 1657): GC_CONCURRENT freed 703K, 64% free 2863K/7939K, paused 2ms+3ms

[ 1006.009851] IR: [03932] scan key value is 0xec138000 
[ 1006.009855]  I/main_setcenter( 2247): BackDoorIndex:0
I/main_setcenter( 2247): BackDoorKey[BackDoorIndex]:21
I/main_setcenter( 2247): KeyCode:66

[ 1006.070766] IR: [03932] scan key value is 0xec138000 
[ 1006.070771]  I/ActivityManager(  937): START {cmp=com.coship.dvbsetting/.systemsetting.SyssetAcivity} from pid 2247
D/dalvikvm( 2247): GC_CONCURRENT freed 1548K, 15% free 32863K/38403K, paused 3ms+9ms
I/inputMethod( 2247): ----------mo ren shurufa-------------com.android.inputmethod.pinyin/.PinyinIME
I/inputMethod( 2247): -----mLastInputMethodId.equals(id)-----id=com.android.inputmethod.pinyin/.PinyinIME
I/SyssetAcivity( 2247): product model ro.product.model = S1001
I/Resolution( 2247):  ---------------------- getgetprop persist.sys.resolution---------defvalue=2
I/Storage ( 2247): ----------getPath()=/data
I/Storage ( 2247): ----------totalBlocks=831MB
I/Storage ( 2247): ----------availableBlocks_sd=219MB
I/Storage ( 2247): ----------surplusBlocks_sd=611MB
I/Storage ( 2247): &&&&&&&&&&&&&&&&&&&&&&&&&&&&&&& storagenumber=1----pagination=1
I/NetUpdate( 2247): mSwv--->211321
I/EthernetManager( 2247): Init Ethernet Manager, service: android.net.ethernet.IEthernetManager$Stub$Proxy@42c9a318
I/PppoeManager( 2247): create PppoeManager
D/dalvikvm(  937): GC_EXPLICIT freed 321K, 63% free 4077K/10883K, paused 2ms+4ms
D/NetUpdate( 2247): progressValue--->0
D/NetUpdate( 2247): mWriteSD--->true
D/NetUpdate( 2247): mBootCheckZipExist--->false
V/TabletStatusBar( 1140): setLightsOn(true)
E/fbdev   ( 1021): Attention! GFLIP time out, force update gop ring buffer!
E/fbdev   ( 1021): Attention! GFLIP time out, force update gop ring buffer!
I/ActivityManager(  937): Displayed com.coship.dvbsetting/.systemsetting.SyssetAcivity: +486ms
E/fbdev   ( 1021): Attention! GFLIP time out, force update gop ring buffer!
E/fbdev   ( 1021): Attention! GFLIP time out, force update gop ring buffer!
E/fbdev   ( 1021): Attention! GFLIP time out, force update gop ring buffer!
E/fbdev   ( 1021): Attention! GFLIP time out, force update gop ring buffer!
E/fbdev   ( 1021): Attention! GFLIP time out, force update gop ring buffer!
E/fbdev   ( 1021): Attention! GFLIP time out, force update gop ring buffer!
E/fbdev   ( 1021): Attention! GFLIP time out, force update gop ring buffer!
E/fbdev   ( 1021): Attention! GFLIP time out, force update gop ring buffer!
E/fbdev   ( 1021): Attention! GFLIP time out, force update gop ring buffer!
E/fbdev   ( 1021): Attention! GFLIP time out, force update gop ring buffer!
E/fbdev   ( 1021): Attention! GFLIP time out, force update gop ring buffer!
E/fbdev   ( 1021): Attention! GFLIP time out, force update gop ring buffer!
E/fbdev   ( 1021): Attention! GFLIP time out, force update gop ring buffer!
E/fbdev   ( 1021): Attention! GFLIP time out, force update gop ring buffer!
E/fbdev   ( 1021): Attention! GFLIP time out, force update gop ring buffer!
E/fbdev   ( 1021): Attention! GFLIP time out, force update gop ring buffer!
D/NetUpdate( 2247): progressValue--->0
D/NetUpdate( 2247): mWriteSD--->true
D/NetUpdate( 2247): mBootCheckZipExist--->false
D/NetUpdate( 2247): progressValue--->0
D/NetUpdate( 2247): mWriteSD--->true
D/
[ 1009.468781] IR: [03932] scan key value is 0xea158000 
[ 1009.468786]  NetUpdate( 2247): mBootCheckZipExist--->false

[ 1009.529454] IR: [03932] scan key value is 0xea158000 
[ 1009.529459]  E/fbdev   ( 1021): Attention! GFLIP time out, force update gop ring buffer!

[ 1009.638186] IR: [03932] scan key value is 0xea158000 
[ 1009.638191]  E/fbdev   ( 1021): Attention! GFLIP time out, force update gop ring buffer!

[ 1009.746620] IR: [03932] scan key value is 0xea158000 
[ 1009.746625]  
[ 1009.855055] IR: [03932] scan key value is 0xea158000 
[ 1009.855060]  
[ 1009.963494] IR: [03932] scan key value is 0xea158000 
[ 1009.963499]  I/System.out( 2247): locale ++++++++++++ ()
E/fbdev   ( 1021): Attention! GFLIP time out, force update gop ring buffer!

[ 1010.071949] IR: [03932] scan key value is 0xea158000 
[ 1010.071954]  E/fbdev   ( 1021): Attention! GFLIP time out, force update gop ring buffer!

[ 1010.180377] IR: [03932] scan key value is 0xea158000 
[ 1010.180383]  E/fbdev   ( 1021): Attention! GFLIP time out, force update gop ring buffer!

[ 1010.288847] IR: [03932] scan key value is 0xea158000 
[ 1010.288852]  E/fbdev   ( 1021): Attention! GFLIP time out, force update gop ring buffer!

[ 1010.397289] IR: [03932] scan key value is 0xea158000 
[ 1010.397295]  I/System.out( 2247): SystemPropertiesClass--->class android.media.AudioManager
W/System.err( 2247): java.lang.NoSuchMethodException: getBluetoothHeadsetAction []
W/System.err( 2247):    at java.lang.Class.getConstructorOrMethod(Class.java:460)
W/System.err( 2247):    at java.lang.Class.getMethod(Class.java:915)
W/System.err( 2247):    at com.coship.dvbsetting.systemsetting.childview.AudioOutput.getPropertiesAction(AudioOutput.java:225)
W/System.err( 2247):    at com.coship.dvbsetting.systemsetting.childview.AudioOutput.show(AudioOutput.java:176)
W/System.err( 2247):    at com.coship.dvbsetting.ExpanItem.clickandselect(ExpanItem.java:199)
W/System.err( 2247):    at com.coship.dvbsetting.ExpanItem.access$000(ExpanItem.java:33)
W/System.err( 2247):    at com.coship.dvbsetting.ExpanItem$onitemselect.onItemSelected(ExpanItem.java:151)
W/System.err( 2247):    at android.widget.AdapterView.fireOnSelected(AdapterView.java:882)
W/System.err( 2247):    at android.widget.AdapterView.access$200(AdapterView.java:48)
W/System.err( 2247):    at android.widget.Adap
[ 1010.505724] IR: [03932] scan key value is 0xea158000 
[ 1010.505729]  terView$SelectionNotifier.run(AdapterView.java:848)
W/System.err( 2247):    at android.os.Handler.handleCallback(Handler.java:605)
W/System.err( 2247):    at android.os.Handler.dispatchMessage(Handler.java:92)
W/System.err( 2247):    at android.os.Looper.loop(Looper.java:137)
W/System.err( 2247):    at android.app.ActivityThread.main(ActivityThread.java:4424)
W/System.err( 2247):    at java.lang.reflect.Method.invokeNative(Native Method)
W/System.err( 2247):    at java.lang.reflect.Method.invoke(Method.java:511)
W/System.err( 2247):    at com.android.internal.os.ZygoteInit$MethodAndArgsCaller.run(ZygoteInit.java:848)
W/System.err( 2247):    at com.android.internal.os.ZygoteInit.main(ZygoteInit.java:575)
W/System.err( 2247):    at dalvik.system.NativeStart.main(Native Method)
E/fbdev   ( 1021): Attention! GFLIP time out, force update gop ring buffer!
I/System.out( 2247): could not find class
I/System.out( 2247): [AudioOutput]:status--->false
E/fbdev   ( 1021): Attention! GFLIP time out, force update gop ring buffer!
D/NetUpdate( 2247): progressValue--->0
D/NetUpdate( 2247): mWriteSD--->true
D/NetUpdate( 2247): mBootCheckZipExist--->false
I/City    ( 2247): -----------------------parser.getName()--------shenzhen
I/City    ( 2247): -----------------------parser--------
I/City    ( 2247): -----------------------parser.getName()--------wuhan
I/City    ( 2247): -----------------------parser--------
I/City    ( 2247): -----------------------parser.getName()--------beijing
I/City    ( 2247): -----------------------parser--------
I/City    ( 2247): -----------------------parser.getName()--------nanning
I/City    ( 2247): -----------------------parser--------
E/fbdev   ( 1021): Attention! GFLIP time out, force update gop ring buffer!
E/fbdev   ( 1021): Attention! GFLIP time out, force update gop ring buffer!
E/fbdev   ( 1021): Attention! GFLIP time out, force update gop ring buffer!
E/fbdev   ( 1021): Attention! GFLIP time out, force update gop ring buffer!

[ 1012.005908] IR: [03932] scan key value is 0xea158000 
[ 1012.005912]  V/NetUpdate( 2247): mBindRemote--->true
V/NetUpdate( 2247): Remote Invoke Success!
I/NetUpdate( 2247): --------------show()------------------
E/fbdev   ( 1021): Attention! GFLIP time out, force update gop ring buffer!
E/fbdev   ( 1021): Attention! GFLIP time out, force update gop ring buffer!
D/NetUpdate( 2247): progressValue--->0
D/NetUpdate( 2247): mWriteSD--->true
D/NetUpdate( 2247): mBootCheckZipExist--->false

[ 1012.895112] IR: [03932] scan key value is 0xeb148000 
[ 1012.895117]  E/fbdev   ( 1021): Attention! GFLIP time out, force update gop ring buffer!
D/InputEventConsistencyVerifier( 2247): KeyEvent: ACTION_UP but key was not down.
D/InputEventConsistencyVerifier( 2247):   in android.widget.LinearLayout@42cbffe8
D/InputEventConsistencyVerifier( 2247):   0: sent at 1013060000000, KeyEvent { action=ACTION_UP, keyCode=KEYCODE_DPAD_RIGHT, scanCode=106, metaState=0, flags=0x8, repeatCount=0, eventTime=1013060, downTime=1012900, deviceId=1, source=0x101 }

[ 1013.424942] IR: [03932] scan key value is 0xec138000 
[ 1013.424946]  D/NetUpdate( 2247): progressValue--->0
D/NetUpdate( 2247): mWriteSD--->true
D/NetUpdate( 2247): mBootCheckZipExist--->false
V/NetFirmwareService( 1250): onStartCommand
V/NetFirmwareService( 1250): intent--->Intent { act=com.coship.netfirmware.NetFirmwareService (has extras) }
V/NetFirmwareService( 1250): Network is connected!
I/NetFirmwareService( 1250): initPromtDialog_SHOW!
E/WindowManager(  937): Unknown window type: 2131099651
V/TabletStatusBar( 1140): setLightsOn(true)
E/fbdev   ( 1021): Attention! GFLIP time out, force update gop ring buffer!
E/fbdev   ( 1021): Attention! GFLIP time out, force update gop ring buffer!
W/InputManagerService(  937): Starting input on non-focused client com.android.internal.view.IInputMethodClient$Stub$Proxy@4157c628 (uid=1000 pid=2247)
E/fbdev   ( 1021): Attention! GFLIP time out, force update gop ring buffer!
E/fbdev   ( 1021): Attention! GFLIP time out, force update gop ring buffer!
E/fbdev   ( 1021): Attention! GFLIP time out, force update gop ring buffer!
D/HomePlayerLib( 1657): hostaddress count is 1
E/fbdev   ( 1021): Attention! GFLIP time out, force update gop ring buffer!
E/fbdev   ( 1021): Attention! GFLIP time out, force update gop ring buffer!
E/fbdev   ( 1021): Attention! GFLIP time out, force update gop ring buffer!
D/dalvikvm( 1657): GC_CONCURRENT freed 724K, 64% free 2868K/7939K, paused 2ms+2ms
E/fbdev   ( 1021): Attention! GFLIP time out, force update gop ring buffer!
E/fbdev   ( 1021): Attention! GFLIP time out, force update gop ring buffer!
E/fbdev   ( 1021): Attention! GFLIP time out, force update gop ring buffer!
E/fbdev   ( 1021): Attention! GFLIP time out, force update gop ring buffer!
E/fbdev   ( 1021): Attention! GFLIP time out, force update gop ring buffer!
E/fbdev   ( 1021): Attention! GFLIP time out, force update gop ring buffer!
E/fbdev   ( 1021): Attention! GFLIP time out, force update gop ring buffer!
D/dalvikvm( 1657): GC_CONCURRENT freed 715K, 63% free 2963K/7939K, paused 2ms+2ms
E/fbdev   ( 1021): Attention! GFLIP time out, force update gop ring buffer!
E/fbdev   ( 1021): Attention! GFLIP time out, force update gop ring buffer!
E/fbdev   ( 1021): Attention! GFLIP time out, force update gop ring buffer!
E/fbdev   ( 1021): Attention! GFLIP time out, force update gop ring buffer!
D/NetUpdate( 2247): progressValue--->0
D/NetUpdate( 2247): mWriteSD--->true
D/NetUpdate( 2247): mBootCheckZipExist--->false
D/dalvikvm( 1657): GC_CONCURRENT freed 848K, 63% free 2959K/7939K, paused 1ms+3ms
E/fbdev   ( 1021): Attention! GFLIP time out, force update gop ring buffer!
D/NetFirmwareService( 1250): loadZipProgress--->0
V/NetFirmwareService( 1250): mServicePath--->http://update.coship.com/update/system/S1001
I/NetFirmwareService( 1250): mHwvStr--->002104
I/NetFirmwareService( 1250): mSwv--->211321
I/FileUtils( 1250): mkFilePath--->/data/data/com.coship.netfirmware/versioncode.dat
D/dalvikvm( 1657): GC_CONCURRENT freed 841K, 63% free 2982K/7939K, paused 2ms+2ms
D/NetUpdate( 2247): progressValue--->0
D/NetUpdate( 2247): mWriteSD--->true
D/NetUpdate( 2247): mBootCheckZipExist--->false
D/dalvikvm( 1657): GC_CONCURRENT freed 864K, 63% free 2967K/7939K, paused 2ms+2ms
D/NetUpdate( 2247): progressValue--->0
D/NetUpdate( 2247): mWriteSD--->true
D/NetUpdate( 2247): mBootCheckZipExist--->false
D/NetUpdate( 2247): progressValue--->0
D/NetUpdate( 2247): mWriteSD--->true
D/NetUpdate( 2247): mBootCheckZipExist--->false
D/NetUpdate( 2247): progressValue--->0
D/NetUpdate( 2247): mWriteSD--->true
D/NetUpdate( 2247): mBootCheckZipExist--->false
D/NetUpdate( 2247): progressValue--->0
D/NetUpdate( 2247): mWriteSD--->true
D/NetUpdate( 2247): mBootCheckZipExist--->false
I/System.out( 1886): BabaoWebWidget---newsList is null---
D/NetUpdate( 2247): progressValue--->0
D/NetUpdate( 2247): mWriteSD--->true
D/NetUpdate( 2247): mBootCheckZipExist--->false
D/NetUpdate( 2247): progressValue--->0
D/NetUpdate( 2247): mWriteSD--->true
D/NetUpdate( 2247): mBootCheckZipExist--->false
D/NetUpdate( 2247): progressValue--->0
D/NetUpdate( 2247): mWriteSD--->true
D/NetUpdate( 2247): mBootCheckZipExist--->false
D/CheckNetWork( 1644): isOk true
D/CheckNetWork( 1644): ActInfoNetworkInfo: type: WIFI[], state: CONNECTED/CONNECTED, reason: (unspecified), extra: (none), roaming: false, failover: false, isAvailable: true
D/CheckNetWork( 1644): infoNetworkInfo: type: WIFI[], state: CONNECTED/CONNECTED, reason: (unspecified), extra: (none), roaming: false, failover: false, isAvailable: true
D/dalvikvm( 1657): GC_CONCURRENT freed 855K, 65% free 2840K/7939K, paused 5ms+5ms
D/NetUpdate( 2247): progressValue--->0
D/NetUpdate( 2247): mWriteSD--->true
D/NetUpdate( 2247): mBootCheckZipExist--->false
D/NetUpdate( 2247): progressValue--->0
D/NetUpdate( 2247): mWriteSD--->true
D/NetUpdate( 2247): mBootCheckZipExist--->false
W/APP_SDK ( 1901): Unable to resolve host "push.wapx.cn": No address associated with hostname
D/APP_SDK ( 1901): == Get pushad by api ==
W/APP_SDK ( 1901): Unable to resolve host "push.wapx.cn": No address associated with hostname
W/APP_SDK ( 1901): Unable to resolve host "push.wapx.cn": No address associated with hostname
W/APP_SDK ( 1901): Unable to resolve host "push.wapx.cn": No address associated with hostname
W/APP_SDK ( 1901): Unable to resolve host "push.wapx.cn": No address associated with hostname
W/APP_SDK ( 1901): Unable to resolve host "push.wapx.cn": No address associated with hostname
D/APP_SDK ( 1901): == Get pushad by api ==
D/APP_SDK ( 1901): == Get pushad by api ==
D/APP_SDK ( 1901): == Get pushad by api ==
D/APP_SDK ( 1901): == Get pushad by api ==
D/APP_SDK ( 1901): == Get pushad by api ==
D/NetUpdate( 2247): progressValue--->0
D/NetUpdate( 2247): mWriteSD--->true
D/NetUpdate( 2247): mBootCheckZipExist--->false
D/NetUpdate( 2247): progressValue--->0
D/NetUpdate( 2247): mWriteSD--->true
D/NetUpdate( 2247): mBootCheckZipExist--->false
D/NetUpdate( 2247): progressValue--->0
D/NetUpdate( 2247): mWriteSD--->true
D/NetUpdate( 2247): mBootCheckZipExist--->false
D/NetUpdate( 2247): progressValue--->0
D/NetUpdate( 2247): mWriteSD--->true
D/NetUpdate( 2247): mBootCheckZipExist--->false
D/NetUpdate( 2247): progressValue--->0
D/NetUpdate( 2247): mWriteSD--->true
D/NetUpdate( 2247): mBootCheckZipExist--->false
D/NetUpdate( 2247): progressValue--->0
D/NetUpdate( 2247): mWriteSD--->true
D/NetUpdate( 2247): mBootCheckZipExist--->false
D/NetUpdate( 2247): progressValue--->0
D/NetUpdate( 2247): mWriteSD--->true
D/NetUpdate( 2247): mBootCheckZipExist--->false
D/NetUpdate( 2247): progressValue--->0
D/NetUpdate( 2247): mWriteSD--->true
D/NetUpdate( 2247): mBootCheckZipExist--->false
D/NetUpdate( 2247): progressValue--->0
D/NetUpdate( 2247): mWriteSD--->true
D/NetUpdate( 2247): mBootCheckZipExist--->false
D/NetUpdate( 2247): progressValue--->0
D/NetUpdate( 2247): mWriteSD--->true
D/NetUpdate( 2247): mBootCheckZipExist--->false
D/NetUpdate( 2247): progressValue--->0
D/NetUpdate( 2247): mWriteSD--->true
D/NetUpdate( 2247): mBootCheckZipExist--->false
D/HomePlayerLib( 1657): hostaddress count is 1
D/dalvikvm( 1657): GC_CONCURRENT freed 671K, 64% free 2916K/7939K, paused 2ms+2ms
D/dalvikvm( 1657): GC_CONCURRENT freed 791K, 64% free 2872K/7939K, paused 3ms+3ms
D/dalvikvm( 1657): GC_CONCURRENT freed 715K, 64% free 2862K/7939K, paused 2ms+3ms
D/NetUpdate( 2247): progressValue--->0
D/NetUpdate( 2247): mWriteSD--->true
D/NetUpdate( 2247): mBootCheckZipExist--->false
D/dalvikvm( 1657): GC_CONCURRENT freed 713K, 64% free 2877K/7939K, paused 2ms+3ms
D/dalvikvm( 1657): GC_CONCURRENT freed 736K, 64% free 2872K/7939K, paused 2ms+2ms
D/NetUpdate( 2247): progressValue--->0
D/NetUpdate( 2247): mWriteSD--->true
D/NetUpdate( 2247): mBootCheckZipExist--->false
D/dalvikvm( 1657): GC_CONCURRENT freed 722K, 65% free 2857K/7939K, paused 2ms+2ms
D/dalvikvm( 1657): GC_CONCURRENT freed 704K, 65% free 2857K/7939K, paused 2ms+3ms
D/NetUpdate( 2247): progressValue--->0
D/NetUpdate( 2247): mWriteSD--->true
D/NetUpdate( 2247): mBootCheckZipExist--->false
D/dalvikvm( 1657): GC_CONCURRENT freed 704K, 63% free 2963K/7939K, paused 2ms+2ms
D/NetUpdate( 2247): progressValue--->0
D/NetUpdate( 2247): mWriteSD--->true
D/NetUpdate( 2247): mBootCheckZipExist--->false
D/dalvikvm( 1657): GC_CONCURRENT freed 851K, 63% free 2962K/7939K, paused 2ms+2ms
D/dalvikvm( 1657): GC_CONCURRENT freed 851K, 63% free 2960K/7939K, paused 2ms+2ms
D/NetUpdate( 2247): progressValue--->0
D/NetUpdate( 2247): mWriteSD--->true
D/NetUpdate( 2247): mBootCheckZipExist--->false
D/dalvikvm( 1657): GC_CONCURRENT freed 844K, 63% free 2965K/7939K, paused 2ms+3ms
D/NetUpdate( 2247): progressValue--->0
D/NetUpdate( 2247): mWriteSD--->true
D/NetUpdate( 2247): mBootCheckZipExist--->false
D/NetUpdate( 2247): progressValue--->0
D/NetUpdate( 2247): mWriteSD--->true
D/NetUpdate( 2247): mBootCheckZipExist--->false
D/NetUpdate( 2247): progressValue--->0
D/NetUpdate( 2247): mWriteSD--->true
D/NetUpdate( 2247): mBootCheckZipExist--->false
E/CACHE   ( 1872): cleared
I/zomut.watchdog.monitor( 1872): initgather
D/dalvikvm( 1872): GC_CONCURRENT freed 1972K, 46% free 6831K/12547K, paused 2ms+3ms
I/zomut.watchdog.monitor( 1872): endgather
I/zomut.watchdog.monitor( 1872): init
I/zomut.watchdog.monitor( 1872): end
D/NetUpdate( 2247): progressValue--->0
D/NetUpdate( 2247): mWriteSD--->true
D/NetUpdate( 2247): mBootCheckZipExist--->false
D/NetUpdate( 2247): progressValue--->0
D/NetUpdate( 2247): mWriteSD--->true
D/NetUpdate( 2247): mBootCheckZipExist--->false
D/NetUpdate( 2247): progressValue--->0
D/NetUpdate( 2247): mWriteSD--->true
D/NetUpdate( 2247): mBootCheckZipExist--->false
D/NetUpdate( 2247): progressValue--->0
D/NetUpdate( 2247): mWriteSD--->true
D/NetUpdate( 2247): mBootCheckZipExist--->false
D/NetUpdate( 2247): progressValue--->0
D/NetUpdate( 2247): mWriteSD--->true
D/NetUpdate( 2247): mBootCheckZipExist--->false
D/NetUpdate( 2247): progressValue--->0
D/NetUpdate( 2247): mWriteSD--->true
D/NetUpdate( 2247): mBootCheckZipExist--->false
D/NetUpdate( 2247): progressValue--->0
D/NetUpdate( 2247): mWriteSD--->true
D/NetUpdate( 2247): mBootCheckZipExist--->false
I/System.out( 1886): BabaoWebWidget---newsList is null---
D/NetUpdate( 2247): progressValue--->0
D/NetUpdate( 2247): mWriteSD--->true
D/NetUpdate( 2247): mBootCheckZipExist--->false
D/NetUpdate( 2247): progressValue--->0
D/NetUpdate( 2247): mWriteSD--->true
D/NetUpdate( 2247): mBootCheckZipExist--->false
D/NetUpdate( 2247): progressValue--->0
D/NetUpdate( 2247): mWriteSD--->true
D/NetUpdate( 2247): mBootCheckZipExist--->false
D/NetUpdate( 2247): progressValue--->0
D/NetUpdate( 2247): mWriteSD--->true
D/NetUpdate( 2247): mBootCheckZipExist--->false
D/NetUpdate( 2247): progressValue--->0
D/NetUpdate( 2247): mWriteSD--->true
D/NetUpdate( 2247): mBootCheckZipExist--->false
D/NetUpdate( 2247): progressValue--->0
D/NetUpdate( 2247): mWriteSD--->true
D/NetUpdate( 2247): mBootCheckZipExist--->false
D/dalvikvm( 1657): GC_CONCURRENT freed 852K, 64% free 2860K/7939K, paused 2ms+3ms
D/HomePlayerLib( 1657): hostaddress count is 1
D/NetUpdate( 2247): progressValue--->0
D/NetUpdate( 2247): mWriteSD--->true
D/NetUpdate( 2247): mBootCheckZipExist--->false
D/dalvikvm( 1657): GC_CONCURRENT freed 719K, 65% free 2830K/7939K, paused 2ms+2ms
D/dalvikvm( 1657): GC_CONCURRENT freed 668K, 64% free 2866K/7939K, paused 2ms+3ms
D/dalvikvm( 1657): GC_CONCURRENT freed 702K, 64% free 2866K/7939K, paused 2ms+3ms
D/dalvikvm( 1657): GC_CONCURRENT freed 705K, 64% free 2874K/7939K, paused 2ms+2ms
D/NetUpdate( 2247): progressValue--->0
D/NetUpdate( 2247): mWriteSD--->true
D/NetUpdate( 2247): mBootCheckZipExist--->false
D/dalvikvm( 1657): GC_CONCURRENT freed 705K, 64% free 2867K/7939K, paused 2ms+2ms
D/NetUpdate( 2247): progressValue--->0
D/NetUpdate( 2247): mWriteSD--->true
D/NetUpdate( 2247): mBootCheckZipExist--->false
I/NetworkConnect( 2247): //////@Override//////@Override//////@Override//////@Override//////@Override//////@Override//////@Override//////@Override2
I/System  ( 2247): Failed to destroy process 2465
I/System  ( 2247): libcore.io.ErrnoException: kill failed: ESRCH (No such process)
I/System  ( 2247):      at libcore.io.Posix.kill(Native Method)
I/System  ( 2247):      at libcore.io.ForwardingOs.kill(ForwardingOs.java:77)
I/System  ( 2247):      at java.lang.ProcessManager$ProcessImpl.destroy(ProcessManager.java:257)
I/System  ( 2247):      at com.coship.dvbsetting.netsetting.quicksetservice.NetworkConnect.execueteCommand(NetworkConnect.java:167)
I/System  ( 2247):      at com.coship.dvbsetting.netsetting.quicksetservice.NetworkConnect.CheckNet(NetworkConnect.java:70)
I/System  ( 2247):      at com.coship.dvbsetting.netsetting.StateSet$1$1.run(StateSet.java:212)
I/System  ( 2247):      at java.lang.Thread.run(Thread.java:856)
I/StateSet( 2247): -----wifi------dhcpinfo.toString()=ipaddr 192.168.2.104 gateway 192.168.2.1 netmask 255.255.255.0 dns1 192.168.2.1 dns2 0.0.0.0 DHCP server 192.168.2.1 lease 7200 seconds
D/NetUpdate( 2247): progressValue--->0
D/NetUpdate( 2247): mWriteSD--->true
D/NetUpdate( 2247): mBootCheckZipExist--->false
D/NetUpdate( 2247): progressValue--->0
D/NetUpdate( 2247): mWriteSD--->true
D/NetUpdate( 2247): mBootCheckZipExist--->false
D/NetUpdate( 2247): progressValue--->0
D/NetUpdate( 2247): mWriteSD--->true
D/NetUpdate( 2247): mBootCheckZipExist--->false
D/dalvikvm( 1657): GC_CONCURRENT freed 701K, 65% free 2857K/7939K, paused 2ms+2ms
D/NetUpdate( 2247): progressValue--->0
D/NetUpdate( 2247): mWriteSD--->true
D/NetUpdate( 2247): mBootCheckZipExist--->false
D/NetUpdate( 2247): progressValue--->0
D/NetUpdate( 2247): mWriteSD--->true
D/NetUpdate( 2247): mBootCheckZipExist--->false
D/NetUpdate( 2247): progressValue--->0
D/NetUpdate( 2247): mWriteSD--->true
D/NetUpdate( 2247): mBootCheckZipExist--->false
D/NetUpdate( 2247): progressValue--->0
D/NetUpdate( 2247): mWriteSD--->true
D/NetUpdate( 2247): mBootCheckZipExist--->false
D/NetUpdate( 2247): progressValue--->0
D/NetUpdate( 2247): mWriteSD--->true
D/NetUpdate( 2247): mBootCheckZipExist--->false
D/NetUpdate( 2247): progressValue--->0
D/NetUpdate( 2247): mWriteSD--->true
D/NetUpdate( 2247): mBootCheckZipExist--->false
D/NetUpdate( 2247): progressValue--->0
D/NetUpdate( 2247): mWriteSD--->true
D/NetUpdate( 2247): mBootCheckZipExist--->false
D/NetUpdate( 2247): progressValue--->0
D/NetUpdate( 2247): mWriteSD--->true
D/NetUpdate( 2247): mBootCheckZipExist--->false
D/NetUpdate( 2247): progressValue--->0
D/NetUpdate( 2247): mWriteSD--->true
D/NetUpdate( 2247): mBootCheckZipExist--->false
D/NetUpdate( 2247): progressValue--->0
D/NetUpdate( 2247): mWriteSD--->true
D/NetUpdate( 2247): mBootCheckZipExist--->false
D/NetUpdate( 2247): progressValue--->0
D/NetUpdate( 2247): mWriteSD--->true
D/NetUpdate( 2247): mBootCheckZipExist--->false
D/NetUpdate( 2247): progressValue--->0
D/NetUpdate( 2247): mWriteSD--->true
D/NetUpdate( 2247): mBootCheckZipExist--->false
D/NetUpdate( 2247): progressValue--->0
D/NetUpdate( 2247): mWriteSD--->true
D/NetUpdate( 2247): mBootCheckZipExist--->false
D/NetUpdate( 2247): progressValue--->0
D/NetUpdate( 2247): mWriteSD--->true
D/NetUpdate( 2247): mBootCheckZipExist--->false
D/NetUpdate( 2247): progressValue--->0
D/NetUpdate( 2247): mWriteSD--->true
D/NetUpdate( 2247): mBootCheckZipExist--->false
D/dalvikvm( 1657): GC_CONCURRENT freed 702K, 64% free 2861K/7939K, paused 3ms+2ms
D/HomePlayerLib( 1657): hostaddress count is 1
D/dalvikvm( 1657): GC_CONCURRENT freed 721K, 65% free 2854K/7939K, paused 2ms+2ms
D/dalvikvm( 1657): GC_CONCURRENT freed 700K, 64% free 2875K/7939K, paused 3ms+3ms
D/NetUpdate( 2247): progressValue--->0
D/NetUpdate( 2247): mWriteSD--->true
D/NetUpdate( 2247): mBootCheckZipExist--->false
D/dalvikvm( 1657): GC_CONCURRENT freed 719K, 64% free 2861K/7939K, paused 2ms+2ms
D/dalvikvm( 1657): GC_CONCURRENT freed 702K, 64% free 2869K/7939K, paused 3ms+3ms
D/dalvikvm( 1657): GC_CONCURRENT freed 704K, 64% free 2860K/7939K, paused 2ms+2ms
D/NetUpdate( 2247): progressValue--->0
D/NetUpdate( 2247): mWriteSD--->true
D/NetUpdate( 2247): mBootCheckZipExist--->false
D/dalvikvm( 1657): GC_CONCURRENT freed 716K, 64% free 2859K/7939K, paused 2ms+3ms
D/NetUpdate( 2247): progressValue--->0
D/NetUpdate( 2247): mWriteSD--->true
D/NetUpdate( 2247): mBootCheckZipExist--->false
D/dalvikvm( 1657): GC_CONCURRENT freed 709K, 64% free 2859K/7939K, paused 2ms+3ms
D/dalvikvm( 1657): GC_CONCURRENT freed 704K, 65% free 2857K/7939K, paused 3ms+2ms
D/NetUpdate( 2247): progressValue--->0
D/NetUpdate( 2247): mWriteSD--->true
D/NetUpdate( 2247): mBootCheckZipExist--->false
D/dalvikvm( 1657): GC_CONCURRENT freed 706K, 64% free 2897K/7939K, paused 2ms+2ms
D/NetUpdate( 2247): progressValue--->0
D/NetUpdate( 2247): mWriteSD--->true
D/NetUpdate( 2247): mBootCheckZipExist--->false
D/dalvikvm( 1657): GC_CONCURRENT freed 745K, 63% free 2981K/7939K, paused 2ms+2ms
D/dalvikvm( 1657): GC_CONCURRENT freed 867K, 63% free 2947K/7939K, paused 2ms+2ms
D/NetUpdate( 2247): progressValue--->0
D/NetUpdate( 2247): mWriteSD--->true
D/NetUpdate( 2247): mBootCheckZipExist--->false
D/NetUpdate( 2247): progressValue--->0
D/NetUpdate( 2247): mWriteSD--->true
D/NetUpdate( 2247): mBootCheckZipExist--->false
D/NetUpdate( 2247): progressValue--->0
D/NetUpdate( 2247): mWriteSD--->true
D/NetUpdate( 2247): mBootCheckZipExist--->false
D/NetUpdate( 2247): progressValue--->0
D/NetUpdate( 2247): mWriteSD--->true
D/NetUpdate( 2247): mBootCheckZipExist--->false
D/NetUpdate( 2247): progressValue--->0
D/NetUpdate( 2247): mWriteSD--->true
D/NetUpdate( 2247): mBootCheckZipExist--->false
D/NetUpdate( 2247): progressValue--->0
D/NetUpdate( 2247): mWriteSD--->true
D/NetUpdate( 2247): mBootCheckZipExist--->false
D/NetUpdate( 2247): progressValue--->0
D/NetUpdate( 2247): mWriteSD--->true
D/NetUpdate( 2247): mBootCheckZipExist--->false
D/NetUpdate( 2247): progressValue--->0
D/NetUpdate( 2247): mWriteSD--->true
D/NetUpdate( 2247): mBootCheckZipExist--->false
D/NetUpdate( 2247): progressValue--->0
D/NetUpdate( 2247): mWriteSD--->true
D/NetUpdate( 2247): mBootCheckZipExist--->false
D/NetUpdate( 2247): progressValue--->0
D/NetUpdate( 2247): mWriteSD--->true
D/NetUpdate( 2247): mBootCheckZipExist--->false
I/HttpDownLoad( 1250): network is error
D/NetUpdate( 2247): progressValue--->0
D/NetUpdate( 2247): mWriteSD--->true
D/NetUpdate( 2247): mBootCheckZipExist--->false
D/dalvikvm( 1250): GC_CONCURRENT freed 1921K, 61% free 4550K/11459K, paused 1ms+2ms
I/NetFirmwareService( 1250): v--->211321
I/NetFirmwareService( 1250): q--->00001
I/NetFirmwareService( 1250): c--->00001
I/FileUtils( 1250): mkFilePath--->/data/data/com.coship.netfirmware/description_211321.dat
I/HttpDownLoad( 1250): network is error
I/NetFirmwareService( 1250): packageSize--->181917198
I/NetFirmwareService( 1250): MD5--->D0D1693015A828A1F0274DF26141EF8C
I/NetFirmwareService( 1250): changeHistory--->1.CYWEEHTTPUDP;2.CIBN<>;3.CYWEE720*480,640*480CYWEE
V/NetFirmwareService( 1250): MSG_LOAD_DAT_STATUS_mNetUpdate--->false
D/NetFirmwareService( 1250): Network Connection Success!
D/NetFirmwareService( 1250): Not Found Upgrade File!
E/fbdev   ( 1021): Attention! GFLIP time out, force update gop ring buffer!
E/fbdev   ( 1021): Attention! GFLIP time out, force update gop ring buffer!
D/NetUpdate( 2247): progressValue--->0
D/NetUpdate( 2247): mWriteSD--->true
D/NetUpdate( 2247): mBootCheckZipExist--->false
E/fbdev   ( 1021): Attention! GFLIP time out, force update gop ring buffer!
E/fbdev   ( 1021): Attention! GFLIP time out, force update gop ring buffer!
E/fbdev   ( 1021): Attention! GFLIP time out, force update gop ring buffer!
D/NetUpdate( 2247): progressValue--->0
D/NetUpdate( 2247): mWriteSD--->true
D/NetUpdate( 2247): mBootCheckZipExist--->false
I/NetFirmwareService( 1250): initPromtDialog_SHOW!
E/WindowManager(  937): Unknown window type: 2131099651
E/fbdev   ( 1021): Attention! GFLIP time out, force update gop ring buffer!
E/fbdev   ( 1021): Attention! GFLIP time out, force update gop ring buffer!
E/fbdev   ( 1021): Attention! GFLIP time out, force update gop ring buffer!
E/fbdev   ( 1021): Attention! GFLIP time out, force update gop ring buffer!
E/fbdev   ( 1021): Attention! GFLIP time out, force update gop ring buffer!
E/fbdev   ( 1021): Attention! GFLIP time out, force update gop ring buffer!
E/fbdev   ( 1021): Attention! GFLIP time out, force update gop ring buffer!
E/fbdev   ( 1021): Attention! GFLIP time out, force update gop ring buffer!
E/fbdev   ( 1021): Attention! GFLIP time out, force update gop ring buffer!
E/fbdev   ( 1021): Attention! GFLIP time out, force update gop ring buffer!
E/fbdev   ( 1021): Attention! GFLIP time out, force update gop ring buffer!
E/fbdev   ( 1021): Attention! GFLIP time out, force update gop ring buffer!
E/fbdev   ( 1021): Attention! GFLIP time out, force update gop ring buffer!
E/fbdev   ( 1021): Attention! GFLIP time out, force update gop ring buffer!
E/fbdev   ( 1021): Attention! GFLIP time out, force update gop ring buffer!
E/fbdev   ( 1021): Attention! GFLIP time out, force update gop ring buffer!
E/fbdev   ( 1021): Attention! GFLIP time out, force update gop ring buffer!
E/fbdev   ( 1021): Attention! GFLIP time out, force update gop ring buffer!
E/fbdev   ( 1021): Attention! GFLIP time out, force update gop ring buffer!
E/fbdev   ( 1021): Attention! GFLIP time out, force update gop ring buffer!
D/NetUpdate( 2247): progressValue--->0
D/NetUpdate( 2247): mWriteSD--->true
D/NetUpdate( 2247): mBootCheckZipExist--->false
D/NetUpdate( 2247): progressValue--->0
D/NetUpdate( 2247): mWriteSD--->true
D/NetUpdate( 2247): mBootCheckZipExist--->false
D/NetUpdate( 2247): progressValue--->0
D/NetUpdate( 2247): mWriteSD--->true
D/NetUpdate( 2247): mBootCheckZipExist--->false
D/NetUpdate( 2247): progressValue--->0
D/NetUpdate( 2247): mWriteSD--->true
D/NetUpdate( 2247): mBootCheckZipExist--->false
D/HomePlayerLib( 1657): hostaddress count is 1
D/dalvikvm( 1657): GC_CONCURRENT freed 831K, 63% free 2956K/7939K, paused 2ms+2ms
D/dalvikvm( 1657): GC_CONCURRENT freed 836K, 63% free 2964K/7939K, paused 2ms+3ms
D/NetUpdate( 2247): progressValue--->0
D/NetUpdate( 2247): mWriteSD--->true
D/NetUpdate( 2247): mBootCheckZipExist--->false
D/dalvikvm( 1657): GC_CONCURRENT freed 838K, 64% free 2884K/7939K, paused 3ms+2ms
D/dalvikvm( 1657): GC_CONCURRENT freed 743K, 65% free 2847K/7939K, paused 2ms+3ms
D/dalvikvm( 1657): GC_CONCURRENT freed 681K, 64% free 2865K/7939K, paused 3ms+2ms
D/NetUpdate( 2247): progressValue--->0
D/NetUpdate( 2247): mWriteSD--->true
D/NetUpdate( 2247): mBootCheckZipExist--->false
D/NetUpdate( 2247): progressValue--->0
D/NetUpdate( 2247): mWriteSD--->true
D/NetUpdate( 2247): mBootCheckZipExist--->false
D/NetUpdate( 2247): progressValue--->0
D/NetUpdate( 2247): mWriteSD--->true
D/NetUpdate( 2247): mBootCheckZipExist--->false
D/NetUpdate( 2247): progressValue--->0
D/NetUpdate( 2247): mWriteSD--->true
D/NetUpdate( 2247): mBootCheckZipExist--->false
D/NetUpdate( 2247): progressValue--->0
D/NetUpdate( 2247): mWriteSD--->true
D/NetUpdate( 2247): mBootCheckZipExist--->false
D/NetUpdate( 2247): progressValue--->0
D/NetUpdate( 2247): mWriteSD--->true
D/NetUpdate( 2247): mBootCheckZipExist--->false
D/NetUpdate( 2247): progressValue--->0
D/NetUpdate( 2247): mWriteSD--->true
D/NetUpdate( 2247): mBootCheckZipExist--->false
D/NetUpdate( 2247): progressValue--->0
D/NetUpdate( 2247): mWriteSD--->true
D/NetUpdate( 2247): mBootCheckZipExist--->false

[ 1062.278814] IR: [03932] scan key value is 0xf10e8000 
[ 1062.278819]  
[ 1062.339648] IR: [03932] scan key value is 0xf10e8000 
[ 1062.339653]  V/TabletStatusBar( 1140): setLightsOn(true)
E/fbdev   ( 1021): Attention! GFLIP time out, force update gop ring buffer!
E/fbdev   ( 1021): Attention! GFLIP time out, force update gop ring buffer!
E/fbdev   ( 1021): Attention! GFLIP time out, force update gop ring buffer!
D/NetUpdate( 2247): progressValue--->0
D/NetUpdate( 2247): mWriteSD--->true
D/NetUpdate( 2247): mBootCheckZipExist--->false
E/fbdev   ( 1021): Attention! GFLIP time out, force update gop ring buffer!
E/fbdev   ( 1021): Attention! GFLIP time out, force update gop ring buffer!
E/fbdev   ( 1021): Attention! GFLIP time out, force update gop ring buffer!
E/fbdev   ( 1021): Attention! GFLIP time out, force update gop ring buffer!
E/fbdev   ( 1021): Attention! GFLIP time out, force update gop ring buffer!
E/fbdev   ( 1021): Attention! GFLIP time out, force update gop ring buffer!
E/fbdev   ( 1021): Attention! GFLIP time out, force update gop ring buffer!
E/fbdev   ( 1021): Attention! GFLIP time out, force update gop ring buffer!
E/fbdev   ( 1021): Attention! GFLIP time out, force update gop ring buffer!
E/fbdev   ( 1021): Attention! GFLIP time out, force update gop ring buffer!
E/fbdev   ( 1021): Attention! GFLIP time out, force update gop ring buffer!
E/fbdev   ( 1021): Attention! GFLIP time out, force update gop ring buffer!
E/fbdev   ( 1021): Attention! GFLIP time out, force update gop ring buffer!
D/NetUpdate( 2247): progressValue--->0
D/NetUpdate( 2247): mWriteSD--->true
D/NetUpdate( 2247): mBootCheckZipExist--->false
D/NetUpdate( 2247): progressValue--->0
D/NetUpdate( 2247): mWriteSD--->true
D/NetUpdate( 2247): mBootCheckZipExist--->false

[ 1063.648331] IR: [03932] scan key value is 0xf10e8000 
[ 1063.648336]  
[ 1063.709836] IR: [03932] scan key value is 0xf10e8000 
[ 1063.709841]  E/fbdev   ( 1021): Attention! GFLIP time out, force update gop ring buffer!
D/InputEventConsistencyVerifier( 2247): KeyEvent: ACTION_UP but key was not down.
D/InputEventConsistencyVerifier( 2247):   in com.android.internal.policy.impl.PhoneWindow$DecorView@4334bf10
D/InputEventConsistencyVerifier( 2247):   0: sent at 1063884000000, KeyEvent { action=ACTION_UP, keyCode=KEYCODE_BACK, scanCode=158, metaState=0, flags=0x8, repeatCount=0, eventTime=1063884, downTime=1063653, deviceId=1, source=0x101 }
D/InputEventConsistencyVerifier( 2247):   -- recent events --
D/InputEventConsistencyVerifier( 2247):   1: sent at 1013592000000, KeyEvent { action=ACTION_UP, keyCode=KEYCODE_ENTER, scanCode=28, metaState=0, flags=0x8, repeatCount=0, eventTime=1013592, downTime=1013430, deviceId=1, source=0x101 }
D/InputEventConsistencyVerifier( 2247):   2: sent at 1013430000000, KeyEvent { action=ACTION_DOWN, keyCode=KEYCODE_ENTER, scanCode=28, metaState=0, flags=0x8, repeatCount=0, eventTime=1013430, downTime=1013430, deviceId=1, source=0x101 }
D/InputEventConsistencyVerifier( 2247):   3: sent at 1013060000000, (unhandled) KeyEvent { action=ACTION_UP, keyCode=KEYCODE_DPAD_RIGHT, scanCode=106, metaState=0, flags=0x8, repeatCount=0, eventTime=1013060, downTime=1012900, deviceId=1, source=0x101 }
D/InputEventConsistencyVerifier( 2247):   4: sent at 1012900000000, (unhandled) KeyEvent { action=ACTION_DOWN, keyCode=KEYCODE_DPAD_RIGHT, scanCode=106, metaState=0, flags=0x8, repeatCount=0, eventTime=1012900, downTime=1012900, deviceId=1, source=0x101 }
D/InputEventConsistencyVerifier( 2247):   5: sent at 1012172000000, (unhandled) KeyEvent { action=ACTION_UP, keyCode=KEYCODE_DPAD_DOWN, scanCode=108, metaState=0, flags=0x8, repeatCount=0, eventTime=1012172, downTime=1012011, deviceId=1, source=0x101 }
D/NetUpdate( 2247): progressValue--->0
D/NetUpdate( 2247): mWriteSD--->true
D/NetUpdate( 2247): mBootCheckZipExist--->false
D/NetUpdate( 2247): progressValue--->0
D/NetUpdate( 2247): mWriteSD--->true
D/NetUpdate( 2247): mBootCheckZipExist--->false

[ 1064.819423] IR: [03932] scan key value is 0xf10e8000 
[ 1064.819428]  I/NetUpdate( 2247): --------------hide()------------------
V/TabletStatusBar( 1140): setLightsOn(true)

[ 1064.881084] IR: [03932] scan key value is 0xf10e8000 
[ 1064.881090]  E/fbdev   ( 1021): Attention! GFLIP time out, force update gop ring buffer!
E/fbdev   ( 1021): Attention! GFLIP time out, force update gop ring buffer!
E/fbdev   ( 1021): Attention! GFLIP time out, force update gop ring buffer!
E/fbdev   ( 1021): Attention! GFLIP time out, force update gop ring buffer!
E/fbdev   ( 1021): Attention! GFLIP time out, force update gop ring buffer!
E/fbdev   ( 1021): Attention! GFLIP time out, force update gop ring buffer!
E/fbdev   ( 1021): Attention! GFLIP time out, force update gop ring buffer!
D/InputEventConsistencyVerifier( 2247): KeyEvent: ACTION_UP but key was not down.
D/InputEventConsistencyVerifier( 2247):   in Handler (android.view.ViewRootImpl) {42d45320}
D/InputEventConsistencyVerifier( 2247):   0: sent at 1065048000000, KeyEvent { action=ACTION_UP, keyCode=KEYCODE_BACK, scanCode=158, metaState=0, flags=0x8, repeatCount=0, eventTime=1065048, downTime=1064825, deviceId=1, source=0x101 }
D/InputEventConsistencyVerifier( 2247):   -- recent events --
D/InputEventConsistencyVerifier( 2247):   1: sent at 1006236000000, KeyEvent { action=ACTION_UP, keyCode=KEYCODE_ENTER, scanCode=28, metaState=0, flags=0x8, repeatCount=0, eventTime=1006236, downTime=1006015, deviceId=1, source=0x101 }
D/InputEventConsistencyVerifier( 2247):   2: sent at 1006015000000, KeyEvent { action=ACTION_DOWN, keyCode=KEYCODE_ENTER, scanCode=28, metaState=0, flags=0x8, repeatCount=0, eventTime=1006015, downTime=1006015, deviceId=1, source=0x101 }
D/InputEventConsistencyVerifier( 2247):   3: sent at 1005868000000, KeyEvent { action=ACTION_UP, keyCode=KEYCODE_DPAD_RIGHT, scanCode=106, metaState=0, flags=0x8, repeatCount=0, eventTime=1005868, downTime=1005647, deviceId=1, source=0x101 }
D/InputEventConsistencyVerifier( 2247):   4: sent at 1005647000000, KeyEvent { action=ACTION_DOWN, keyCode=KEYCODE_DPAD_RIGHT, scanCode=106, metaState=0, flags=0x8, repeatCount=0, eventTime=1005647, downTime=1005647, deviceId=1, source=0x101 }
D/InputEventConsistencyVerifier( 2247):   5: sent at 1005244000000, KeyEvent { action=ACTION_UP, keyCode=KEYCODE_BACK, scanCode=158, metaState=0, flags=0x80000008, repeatCount=0, eventTime=1005244, downTime=1005084, deviceId=1, source=0x101 }
E/fbdev   ( 1021): Attention! GFLIP time out, force update gop ring buffer!
E/fbdev   ( 1021): Attention! GFLIP time out, force update gop ring buffer!
E/fbdev   ( 1021): Attention! GFLIP time out, force update gop ring buffer!
E/fbdev   ( 1021): Attention! GFLIP time out, force update gop ring buffer!
E/fbdev   ( 1021): Attention! GFLIP time out, force update gop ring buffer!
E/fbdev   ( 1021): Attention! GFLIP time out, force update gop ring buffer!
E/fbdev   ( 1021): Attention! GFLIP time out, force update gop ring buffer!
E/fbdev   ( 1021): Attention! GFLIP time out, force update gop ring buffer!
E/fbdev   ( 1021): Attention! GFLIP time out, force update gop ring buffer!
E/fbdev   ( 1021): Attention! GFLIP time out, force update gop ring buffer!
E/fbdev   ( 1021): Attention! GFLIP time out, force update gop ring buffer!
D/dalvikvm( 2247): GC_EXPLICIT freed 2358K, 18% free 31679K/38531K, paused 2ms+7ms
E/StrictMode( 2247): class com.coship.dvbsetting.systemsetting.SyssetAcivity; instances=2; limit=1
E/StrictMode( 2247): android.os.StrictMode$InstanceCountViolation: class com.coship.dvbsetting.systemsetting.SyssetAcivity; instances=2; limit=1
E/StrictMode( 2247):    at android.os.StrictMode.setClassInstanceLimit(StrictMode.java:1)
V/NetUpdate( 2247): mBindRemote--->true
V/NetUpdate( 2247): Remote Invoke Success!
I/NetUpdate( 2247): --------------show()------------------
D/NetUpdate( 2247): progressValue--->0
D/NetUpdate( 2247): mWriteSD--->true
D/NetUpdate( 2247): mBootCheckZipExist--->false
E/ActivityThread( 2247): Activity com.coship.dvbsetting.systemsetting.SyssetAcivity has leaked ServiceConnection com.coship.dvbsetting.systemsetting.childview.NetUpdate$2@42e55378 that was originally bound here
E/ActivityThread( 2247): android.app.ServiceConnectionLeaked: Activity com.coship.dvbsetting.systemsetting.SyssetAcivity has leaked ServiceConnection com.coship.dvbsetting.systemsetting.childview.NetUpdate$2@42e55378 that was originally bound here
E/ActivityThread( 2247):        at android.app.LoadedApk$ServiceDispatcher.<init>(LoadedApk.java:936)
E/ActivityThread( 2247):        at android.app.LoadedApk.getServiceDispatcher(LoadedApk.java:830)
E/ActivityThread( 2247):        at android.app.ContextImpl.bindService(ContextImpl.java:1142)
E/ActivityThread( 2247):        at android.content.ContextWrapper.bindService(ContextWrapper
[ 1065.407687] IR: [03932] scan key value is 0xed128000 
[ 1065.407692]  .java:370)
E/ActivityThread( 2247):        at com.coship.dvbsetting.systemsetting.childview.NetUpdate.remoteAIDL(NetUpdate.java:388)
E/ActivityThread( 2247):        at com.coship.dvbsetting.systemsetting.childview.NetUpdate.show(NetUpdate.java:548)
E/ActivityThread( 2247):        at com.coship.dvbsetting.ExpanItem.clickandselect(ExpanItem.java:199)
E/ActivityThread( 2247):        at com.coship.dvbsetting.ExpanItem.access$000(ExpanItem.java:33)
E/ActivityThread( 2247):        at com.coship.dvbsetting.ExpanItem$onitemselect.onItemSelected(ExpanItem.java:151)
E/ActivityThread( 2247):        at android.widget.AdapterView.fireOnSelected(AdapterView.ja
[ 1065.468570] IR: [03932] scan key value is 0xed128000 
[ 1065.468575]  va:882)
E/ActivityThread( 2247):        at android.widget.AdapterView.access$200(AdapterView.java:48)
E/ActivityThread( 2247):        at android.widget.AdapterView$SelectionNotifier.run(AdapterView.java:848)
E/ActivityThread( 2247):        at android.os.Handler.handleCallback(Handler.java:605)
E/ActivityThread( 2247):        at android.os.Handler.dispatchMessage(Handler.java:92)
E/ActivityThread( 2247):        at android.os.Looper.loop(Looper.java:137)
E/ActivityThread( 2247):        at android.app.ActivityThread.main(ActivityThread.java:4424)
E/ActivityThread( 2247):        at java.lang.reflect.Method.invokeNative(Native Method)
E/ActivityThread( 2247):        at java.lang.reflect.Method.invoke(Method.java:511)
E/ActivityThread( 2247):        at com.android.internal.os.ZygoteInit$MethodAndArgsCaller.run(ZygoteInit.java:848)
E/ActivityThread( 2247):        at com.android.internal.os.ZygoteInit.main(ZygoteInit.java:575)
E/ActivityThread( 2247):        at dalvik.system.NativeStart.main(Native Method)
W/ActivityManager(  937): Unbind failed: could not find connection for android.os.BinderProxy@41672e48
I/main_setcenter( 2247): BackDoorIndex:1
I/main_setcenter( 2247): BackDoorKey[BackDoorIndex]:20
I/main_setcenter( 2247): KeyCode:21
E/fbdev   ( 1021): Attention! GFLIP time out, force update gop ring buffer!
D/NetUpdate( 2247): progressValue--->0
D/NetUpdate( 2247): mWriteSD--->true
D/NetUpdate( 2247): mBootCheckZipExist--->false

[ 1065.817929] IR: [03932] scan key value is 0xea158000 
[ 1065.817935]  I/main_setcenter( 2247): BackDoorIndex:2
I/main_setcenter( 2247): BackDoorKey[BackDoorIndex]:22
I/main_setcenter( 2247): KeyCode:20
E/WindowManager(  937): ##############################dispatchUnhandledKey

[ 1065.879024] IR: [03932] scan key value is 0xea158000 
[ 1065.879029]  D/dalvikvm( 1657): GC_CONCURRENT freed 725K, 65% free 2833K/7939K, paused 2ms+2ms
D/NetUpdate( 2247): progressValue--->0
D/NetUpdate( 2247): mWriteSD--->true
D/NetUpdate( 2247): mBootCheckZipExist--->false
D/dalvikvm( 1657): GC_CONCURRENT freed 666K, 64% free 2863K/7939K, paused 1ms+3ms
D/NetUpdate( 2247): progressValue--->0
D/NetUpdate( 2247): mWriteSD--->true
D/NetUpdate( 2247): mBootCheckZipExist--->false
D/dalvikvm( 1657): GC_CONCURRENT freed 705K, 64% free 2863K/7939K, paused 2ms+2ms
D/dalvikvm( 1657): GC_CONCURRENT freed 703K, 64% free 2863K/7939K, paused 2ms+2ms
D/HomePlayerLib( 1657): hostaddress count is 1
D/dalvikvm( 1657): GC_CONCURRENT freed 724K, 64% free 2893K/7939K, paused 2ms+2ms

[ 1068.251538] IR: [03932] scan key value is 0xec138000 
[ 1068.251543]  I/main_setcenter( 2247): BackDoorIndex:0
I/main_setcenter( 2247): BackDoorKey[BackDoorIndex]:21
I/main_setcenter( 2247): KeyCode:66
D/NetUpdate( 2247): progressValue--->0
D/NetUpdate( 2247): mWriteSD--->true
D/NetUpdate( 2247): mBootCheckZipExist--->false
D/dalvikvm( 1657): GC_CONCURRENT freed 759K, 63% free 2961K/7939K, paused 2ms+2ms

[ 1068.312465] IR: [03932] scan key value is 0xec138000 
[ 1068.312470]  D/dalvikvm( 1657): GC_CONCURRENT freed 847K, 63% free 2958K/7939K, paused 2ms+2ms
I/ActivityManager(  937): START {cmp=com.coship.dvbsetting/.netsetting.netSet} from pid 2247
I/EthernetManager( 2247): Init Ethernet Manager, service: android.net.ethernet.IEthernetManager$Stub$Proxy@42cbc720
I/WifiP2PsetDialog( 2247): SystemPropertiesClass:class android.net.wifi.p2p.WifiP2pManager
W/WifiP2PsetDialog( 2247): ~~~~~~~~~~~~~~~~~~~~~~method:public java.lang.String android.net.wifi.p2p.WifiP2pManager.getWifip2pConfig(int)
W/WifiP2PsetDialog( 2247): ~~~~~~~~~~~~~~~~~~~~~~returnvalue:SmartBox
I/netset  ( 2247): product model ro.product.model = S1001
I/HighSet_CableNetwork( 2247): mEthernetManager:android.net.ethernet.EthernetManager@42cbde60
I/PppoeManager( 2247): create PppoeManager
I/NetworkConnect( 2247): //////@Override//////@Override//////@Override//////@Override//////@Override//////@Override//////@Override//////@Override
I/NetworkConnect( 2247): Execute command :ping -c 1 -w 100 www.baidu.com
D/WifiDirectSetting( 2247): --------------WIFI_P2P_THIS_DEVICE_CHANGED_ACTION
D/WifiDirectSetting( 2247): ------------mThisDevice.String()Device: SmartBox
D/WifiDirectSetting( 2247):  deviceAddress: a6:a8:20:13:03:6e
D/WifiDirectSetting( 2247):  primary type: 10-0050F204-5
D/WifiDirectSetting( 2247):  secondary type: null
D/WifiDirectSetting( 2247):  wps: 0
D/WifiDirectSetting( 2247):  grpcapab: 0
D/WifiDirectSetting( 2247):  devcapab: 0
D/WifiDirectSetting( 2247):  status: 4
D/WifiDirectSetting( 2247):  wfdInfo: null
D/NetUpdate( 2247): progressValue--->0
D/NetUpdate( 2247): mWriteSD--->true
D/NetUpdate( 2247): mBootCheckZipExist--->false
V/TabletStatusBar( 1140): setLightsOn(true)
E/fbdev   ( 1021): Attention! GFLIP time out, force update gop ring buffer!
E/fbdev   ( 1021): Attention! GFLIP time out, force update gop ring buffer!
D/dalvikvm( 1657): GC_CONCURRENT freed 841K, 65% free 2841K/7939K, paused 4ms+4ms
I/NetworkConnect( 2247): //////@Override//////@Override//////@Override//////@Override//////@Override//////@Override//////@Override//////@Override
I/NetworkConnect( 2247): Execute command :ping -c 1 -w 100 www.baidu.com
D/dalvikvm( 1657): GC_CONCURRENT freed 689K, 65% free 2838K/7939K, paused 2ms+3ms
I/ActivityManager(  937): Displayed com.coship.dvbsetting/.netsetting.netSet: +447ms
E/fbdev   ( 1021): Attention! GFLIP time out, force update gop ring buffer!
E/fbdev   ( 1021): Attention! GFLIP time out, force update gop ring buffer!
E/fbdev   ( 1021): Attention! GFLIP time out, force update gop ring buffer!
E/fbdev   ( 1021): Attention! GFLIP time out, force update gop ring buffer!
E/fbdev   ( 1021): Attention! GFLIP time out, force update gop ring buffer!
E/fbdev   ( 1021): Attention! GFLIP time out, force update gop ring buffer!
E/fbdev   ( 1021): Attention! GFLIP time out, force update gop ring buffer!
E/fbdev   ( 1021): Attention! GFLIP time out, force update gop ring buffer!
E/fbdev   ( 1021): Attention! GFLIP time out, force update gop ring buffer!
E/fbdev   ( 1021): Attention! GFLIP time out, force update gop ring buffer!
E/fbdev   ( 1021): Attention! GFLIP time out, force update gop ring buffer!
E/fbdev   ( 1021): Attention! GFLIP time out, force update gop ring buffer!
D/dalvikvm( 1657): GC_CONCURRENT freed 676K, 64% free 2872K/7939K, paused 2ms+3ms
E/fbdev   ( 1021): Attention! GFLIP time out, force update gop ring buffer!
E/fbdev   ( 1021): Attention! GFLIP time out, force update gop ring buffer!
E/fbdev   ( 1021): Attention! GFLIP time out, force update gop ring buffer!
E/fbdev   ( 1021): Attention! GFLIP time out, force update gop ring buffer!
E/fbdev   ( 1021): Attention! GFLIP time out, force update gop ring buffer!
D/NetUpdate( 2247): progressValue--->0
D/NetUpdate( 2247): mWriteSD--->true
D/NetUpdate( 2247): mBootCheckZipExist--->false
E/fbdev   ( 1021): Attention! GFLIP time out, force update gop ring buffer!
D/dalvikvm( 1657): GC_CONCURRENT freed 718K, 64% free 2863K/7939K, paused 2ms+4ms
E/fbdev   ( 1021): Attention! GFLIP time out, force update gop ring buffer!
E/fbdev   ( 1021): Attention! GFLIP time out, force update gop ring buffer!
E/fbdev   ( 1021): Attention! GFLIP time out, force update gop ring buffer!
D/dalvikvm( 1657): GC_CONCURRENT freed 706K, 64% free 2863K/7939K, paused 2ms+5ms
E/fbdev   ( 1021): Attention! GFLIP time out, force update gop ring buffer!
E/fbdev   ( 1021): Attention! GFLIP time out, force update gop ring buffer!
E/fbdev   ( 1021): Attention! GFLIP time out, force update gop ring buffer!
E/fbdev   ( 1021): Attention! GFLIP time out, force update gop ring buffer!
D/dalvikvm( 1657): GC_CONCURRENT freed 707K, 64% free 2861K/7939K, paused 2ms+2ms
E/fbdev   ( 1021): Attention! GFLIP time out, force update gop ring buffer!
E/fbdev   ( 1021): Attention! GFLIP time out, force update gop ring buffer!
D/NetUpdate( 2247): progressValue--->0
D/NetUpdate( 2247): mWriteSD--->true
D/NetUpdate( 2247): mBootCheckZipExist--->false
E/fbdev   ( 1021): Attention! GFLIP time out, force update gop ring buffer!
E/fbdev   ( 1021): Attention! GFLIP time out, force update gop ring buffer!
E/fbdev   ( 1021): Attention! GFLIP time out, force update gop ring buffer!
D/NetUpdate( 2247): progressValue--->0
D/NetUpdate( 2247): mWriteSD--->true
D/NetUpdate( 2247): mBootCheckZipExist--->false
E/fbdev   ( 1021): Attention! GFLIP time out, force update gop ring buffer!
E/fbdev   ( 1021): Attention! GFLIP time out, force update gop ring buffer!
E/fbdev   ( 1021): Attention! GFLIP time out, force update gop ring buffer!
E/fbdev   ( 1021): Attention! GFLIP time out, force update gop ring buffer!
E/fbdev   ( 1021): Attention! GFLIP time out, force update gop ring buffer!
E/fbdev   ( 1021): Attention! GFLIP time out, force update gop ring buffer!
E/fbdev   ( 1021): Attention! GFLIP time out, force update gop ring buffer!
D/NetUpdate( 2247): progressValue--->0
D/NetUpdate( 2247): mWriteSD--->true
D/NetUpdate( 2247): mBootCheckZipExist--->false
E/fbdev   ( 1021): Attention! GFLIP time out, force update gop ring buffer!
E/fbdev   ( 1021): Attention! GFLIP time out, force update gop ring buffer!
E/fbdev   ( 1021): Attention! GFLIP time out, force update gop ring buffer!
E/fbdev   ( 1021): Attention! GFLIP time out, force update gop ring buffer!
E/fbdev   ( 1021): Attention! GFLIP time out, force update gop ring buffer!
E/fbdev   ( 1021): Attention! GFLIP time out, force update gop ring buffer!
E/fbdev   ( 1021): Attention! GFLIP time out, force update gop ring buffer!
E/fbdev   ( 1021): Attention! GFLIP time out, force update gop ring buffer!
E/fbdev   ( 1021): Attention! GFLIP time out, force update gop ring buffer!
E/fbdev   ( 1021): Attention! GFLIP time out, force update gop ring buffer!
D/NetUpdate( 2247): progressValue--->0
D/NetUpdate( 2247): mWriteSD--->true
D/NetUpdate( 2247): mBootCheckZipExist--->false
E/fbdev   ( 1021): Attention! GFLIP time out, force update gop ring buffer!
E/fbdev   ( 1021): Attention! GFLIP time out, force update gop ring buffer!
E/fbdev   ( 1021): Attention! GFLIP time out, force update gop ring buffer!
D/NetUpdate( 2247): progressValue--->0
D/NetUpdate( 2247): mWriteSD--->true
D/NetUpdate( 2247): mBootCheckZipExist--->false
E/fbdev   ( 1021): Attention! GFLIP time out, force update gop ring buffer!
E/fbdev   ( 1021): Attention! GFLIP time out, force update gop ring buffer!
E/fbdev   ( 1021): Attention! GFLIP time out, force update gop ring buffer!
E/fbdev   ( 1021): Attention! GFLIP time out, force update gop ring buffer!
E/fbdev   ( 1021): Attention! GFLIP time out, force update gop ring buffer!
E/fbdev   ( 1021): Attention! GFLIP time out, force update gop ring buffer!
E/fbdev   ( 1021): Attention! GFLIP time out, force update gop ring buffer!
E/fbdev   ( 1021): Attention! GFLIP time out, force update gop ring buffer!
E/fbdev   ( 1021): Attention! GFLIP time out, force update gop ring buffer!
E/fbdev   ( 1021): Attention! GFLIP time out, force update gop ring buffer!
D/NetUpdate( 2247): progressValue--->0
D/NetUpdate( 2247): mWriteSD--->true
D/NetUpdate( 2247): mBootCheckZipExist--->false
E/fbdev   ( 1021): Attention! GFLIP time out, force update gop ring buffer!
E/fbdev   ( 1021): Attention! GFLIP time out, force update gop ring buffer!
I/StateSet( 2247): ===============================   state  ping shibai   ============
I/StateSet( 2247): -----wifi------dhcpinfo.toString()=ipaddr 192.168.2.104 gateway 192.168.2.1 netmask 255.255.255.0 dns1 192.168.2.1 dns2 0.0.0.0 DHCP server 192.168.2.1 lease 7200 seconds
E/fbdev   ( 1021): Attention! GFLIP time out, force update gop ring buffer!
E/fbdev   ( 1021): Attention! GFLIP time out, force update gop ring buffer!
D/NetUpdate( 2247): progressValue--->0
D/NetUpdate( 2247): mWriteSD--->true
D/NetUpdate( 2247): mBootCheckZipExist--->false
D/NetUpdate( 2247): progressValue--->0
D/NetUpdate( 2247): mWriteSD--->true
D/NetUpdate( 2247): mBootCheckZipExist--->false
D/NetUpdate( 2247): progressValue--->0
D/NetUpdate( 2247): mWriteSD--->true
D/NetUpdate( 2247): mBootCheckZipExist--->false
D/NetUpdate( 2247): progressValue--->0
D/NetUpdate( 2247): mWriteSD--->true
D/NetUpdate( 2247): mBootCheckZipExist--->false

[ 1075.770442] IR: [03932] scan key value is 0xf10e8000 
[ 1075.770447]  V/TabletStatusBar( 1140): setLightsOn(true)

[ 1075.831492] IR: [03932] scan key value is 0xf10e8000 
[ 1075.831497]  E/fbdev   ( 1021): Attention! GFLIP time out, force update gop ring buffer!
E/fbdev   ( 1021): Attention! GFLIP time out, force update gop ring buffer!
E/fbdev   ( 1021): Attention! GFLIP time out, force update gop ring buffer!
E/fbdev   ( 1021): Attention! GFLIP time out, force update gop ring buffer!
E/fbdev   ( 1021): Attention! GFLIP time out, force update gop ring buffer!
E/fbdev   ( 1021): Attention! GFLIP time out, force update gop ring buffer!
D/InputEventConsistencyVerifier( 2247): KeyEvent: ACTION_UP but key was not down.
D/InputEventConsistencyVerifier( 2247):   in Handler (android.view.ViewRootImpl) {42d45320}
D/InputEventConsistencyVerifier( 2247):   0: sent at 1075996000000, KeyEvent { action=ACTION_UP, keyCode=KEYCODE_BACK, scanCode=158, metaState=0, flags=0x8, repeatCount=0, eventTime=1075996, downTime=1075776, deviceId=1, source=0x101 }
D/InputEventConsistencyVerifier( 2247):   -- recent events --
D/InputEventConsistencyVerifier( 2247):   1: sent at 1068476000000, KeyEvent { action=ACTION_UP, keyCode=KEYCODE_ENTER, scanCode=28, metaState=0, flags=0x8, repeatCount=0, eventTime=1068476, downTime=1068257, deviceId=1, source=0x101 }
D/InputEventConsistencyVerifier( 2247):   2: sent at 1068257000000, KeyEvent { action=ACTION_DOWN, keyCode=KEYCODE_ENTER, scanCode=28, metaState=0, flags=0x8, repeatCount=0, eventTime=1068257, downTime=1068257, deviceId=1, source=0x101 }
D/InputEventConsistencyVerifier( 2247):   3: sent at 1066044000000, KeyEvent { action=ACTION_UP, keyCode=KEYCODE_DPAD_DOWN, scanCode=108, metaState=0, flags=0x8, repeatCount=0, eventTime=1066044, downTime=1065823, deviceId=1, source=0x101 }
D/InputEventConsistencyVerifier( 2247):   4: sent at 1065823000000, KeyEvent { action=ACTION_DOWN, keyCode=KEYCODE_DPAD_DOWN, scanCode=108, metaState=0, flags=0x8, repeatCount=0, eventTime=1065823, downTime=1065823, deviceId=1, source=0x101 }
D/InputEventConsistencyVerifier( 2247):   5: sent at 1065640000000, KeyEvent { action=ACTION_UP, keyCode=KEYCODE_DPAD_LEFT, scanCode=105, metaState=0, flags=0x8, repeatCount=0, eventTime=1065640, downTime=1065414, deviceId=1, source=0x101 }
E/fbdev   ( 1021): Attention! GFLIP time out, force update gop ring buffer!
E/fbdev   ( 1021): Attention! GFLIP time out, force update gop ring buffer!
E/fbdev   ( 1021): Attention! GFLIP time out, force update gop ring buffer!
E/fbdev   ( 1021): Attention! GFLIP time out, force update gop ring buffer!
E/fbdev   ( 1021): Attention! GFLIP time out, force update gop ring buffer!
E/fbdev   ( 1021): Attention! GFLIP time out, force update gop ring buffer!
E/fbdev   ( 1021): Attention! GFLIP time out, force update gop ring buffer!
E/fbdev   ( 1021): Attention! GFLIP time out, force update gop ring buffer!
E/fbdev   ( 1021): Attention! GFLIP time out, force update gop ring buffer!
E/fbdev   ( 1021): Attention! GFLIP time out, force update gop ring buffer!
I/WifiDirectSetting( 2247): --------------UnregisterWifidisplayReceiver------------
I/WifiApSetting( 2247): ---------------UnregisterWifiApReceiver--------------
E/fbdev   ( 1021): Attention! GFLIP time out, force update gop ring buffer!
E/fbdev   ( 1021): Attention! GFLIP time out, force update gop ring buffer!
D/dalvikvm( 2247): GC_EXPLICIT freed 205K, 17% free 32044K/38531K, paused 3ms+9ms
E/StrictMode( 2247): class com.coship.dvbsetting.netsetting.netSet; instances=2; limit=1
E/StrictMode( 2247): android.os.StrictMode$InstanceCountViolation: class com.coship.dvbsetting.netsetting.netSet; instances=2; limit=1
E/StrictMode( 2247):    at android.os.StrictMode.setClassInstanceLimit(StrictMode.java:1)
E/ActivityThread( 2247): Activity com.coship.dvbsetting.netsetting.netSet has leaked ServiceConnection android.bluetooth.BluetoothHeadset$1@42ccaab0 that was originally bound here
E/ActivityThread( 2247): android.app.ServiceConnectionLeaked: Activity com.coship.dvbsetting.netsetting.netSet has leaked ServiceConnection android.bluetooth.BluetoothHeadset$1@42ccaab0 that was originally bound here
E/ActivityThread( 2247):        at android.app.LoadedApk$ServiceDispatcher.<init>(LoadedApk.java:936)
E/ActivityThread( 2247):        at android.app.LoadedApk.getServiceDispatcher(LoadedApk.java:830)
E/ActivityThread( 2247):        at android.app.ContextImpl.bindService(ContextImpl.java:1142)
E/ActivityThread( 2247):        at android.content.ContextWrapper.bindService(ContextWrapper.java:370)
E/ActivityThread( 2247):        at android.bluetooth.BluetoothHeadset.<init>(BluetoothHeadset.java:231)
E/ActivityThread( 2247):        at android.bluetooth.BluetoothAdapter.getProfileProxy(BluetoothAdapter.java:1168)
E/ActivityThread( 2247):        at com.coship.dvbsetting.bluetooth.HeadsetProfile.<init>(HeadsetProfile.java:111)
E/ActivityThread( 2247):        at com.coship.dvbse
[ 1076.382548] IR: [03932] scan key value is 0xeb148000 
[ 1076.382553]  tting.netsetting.BluetoothSet.init(BluetoothSet.java:160)
E/ActivityThread( 2247):        at com.coship.dvbsetting.netsetting.BluetoothSet.<init>(BluetoothSet.java:131)
E/ActivityThread( 2247):        at com.coship.dvbsetting.netsetting.BluetoothSet.getInstance(BluetoothSet.java:110)
E/ActivityThread( 2247):        at com.coship.dvbsetting.netsetting.netSet.onCreate(netSet.java:81)
E/ActivityThread( 2247):        at android.app.Activity.performCreate(Activity.java:4465)
E/ActivityThread( 2247):        at android.app.Instrumentation.callActivityOnCreate(Instrumentation.java:1049)
E/ActivityThread( 2247):        at android.app.ActivityThread.perfor
[ 1076.443533] IR: [03932] scan key value is 0xeb148000 
[ 1076.443541]  mLaunchActivity(ActivityThread.java:1920)
E/ActivityThread( 2247):        at android.app.ActivityThread.handleLaunchActivity(ActivityThread.java:1981)
E/ActivityThread( 2247):        at android.app.ActivityThread.access$600(ActivityThread.java:123)
E/ActivityThread( 2247):        at android.app.ActivityThread$H.handleMessage(ActivityThread.java:1147)
E/ActivityThread( 2247):        at android.os.Handler.dispatchMessage(Handler.java:99)
E/ActivityThread( 2247):        at android.os.Looper.loop(Looper.java:137)
E/ActivityThread( 2247):        at android.app.ActivityThread.main(ActivityThread.java:4424)
E/ActivityThread( 2247):        at java.lang.reflect.Method.invokeNative(Native Method)
E/ActivityThread( 2247):        at java.lang.reflect.Method.invoke(Method.java:511)
E/ActivityThread( 2247):        at com.android.internal.os.ZygoteInit$MethodAndArgsCaller.run(ZygoteInit.java:848)
E/ActivityThread( 2247):        at com.android.internal.os.ZygoteInit.main(ZygoteInit.java:575)
E/ActivityThread( 2247):        at dalvik.system.NativeStart.main(Native Method)
W/ActivityManager(  937): Unbind failed: could not find connection for android.os.BinderProxy@41754540
D/NetUpdate( 2247): progressValue--->0
D/NetUpdate( 2247): mWriteSD--->true
D/NetUpdate( 2247): mBootCheckZipExist--->false
I/main_setcenter( 2247): BackDoorIndex:0
I/main_setcenter( 2247): BackDoorKey[BackDoorIndex]:21
I/main_setcenter( 2247): KeyCode:22
E/fbdev   ( 1021): Attention! GFLIP time out, force update gop ring buffer!
D/NetUpdate( 2247): progressValue--->0
D/NetUpdate( 2247): mWriteSD--->true
D/NetUpdate( 2247): mBootCheckZipExist--->false

[ 1076.814093] IR: [03932] scan key value is 0xec138000 
[ 1076.814097]  I/main_setcenter( 2247): BackDoorIndex:0
I/main_setcenter( 2247): BackDoorKey[BackDoorIndex]:21
I/main_setcenter( 2247): KeyCode:66
I/ActivityManager(  937): START {cmp=com.coship.dvbsetting/.systemsetting.SyssetAcivity} from pid 2247
D/dalvikvm(  937): GC_CONCURRENT freed 704K, 62% free 4180K/10883K, paused 3ms+5ms
I/inputMethod( 2247): ----------mo ren shurufa-------------com.android.inputmethod.pinyin/.PinyinIME
I/inputMethod( 2247): -----mLastInputMethodId.equals(id)-----id=com.android.inputmethod.pinyin/.PinyinIME
I/SyssetAcivity( 2247): product model ro.product.model = S1001
I/Resolution( 2247):  ---------------------- getgetprop persist.sys.resolution---------defvalue=2
I/Storage ( 2247): ----------getPath()=/data
I/Storage ( 2247): ----------totalBlocks=831MB
I/Storage ( 2247): ----------availableBlocks_sd=219MB
I/Storage ( 2247): ----------surplusBlocks_sd=611MB
I/Storage ( 2247): &&&&&&&&&&&&&&&&&&&&&&&&&&&&&&& storagenumber=1----pagination=1
I/NetUpdate( 2247): mSwv--->211321
I/PppoeManager( 2247): create PppoeManager
I/EthernetManager( 2247): Init Ethernet Manager, service: android.net.ethernet.IEthernetManager$Stub$Proxy@42d24de8
V/TabletStatusBar( 1140): setLightsOn(true)
E/fbdev   ( 1021): Attention! GFLIP time out, force update gop ring buffer!
E/fbdev   ( 1021): Attention! GFLIP time out, force update gop ring buffer!
D/NetUpdate( 2247): progressValue--->0
D/NetUpdate( 2247): mWriteSD--->true
D/NetUpdate( 2247): mBootCheckZipExist--->false
I/ActivityManager(  937): Displayed com.coship.dvbsetting/.systemsetting.SyssetAcivity: +344ms
E/fbdev   ( 1021): Attention! GFLIP time out, force update gop ring buffer!
E/fbdev   ( 1021): Attention! GFLIP time out, force update gop ring buffer!
E/fbdev   ( 1021): Attention! GFLIP time out, force update gop ring buffer!
E/fbdev   ( 1021): Attention! GFLIP time out, force update gop ring buffer!
E/fbdev   ( 1021): Attention! GFLIP time out, force update gop ring buffer!
E/fbdev   ( 1021): Attention! GFLIP time out, force update gop ring buffer!
E/fbdev   ( 1021): Attention! GFLIP time out, force update gop ring buffer!
E/fbdev   ( 1021): Attention! GFLIP time out, force update gop ring buffer!
E/fbdev   ( 1021): Attention! GFLIP time out, force update gop ring buffer!
E/fbdev   ( 1021): Attention! GFLIP time out, force update gop ring buffer!
E/fbdev   ( 1021): Attention! GFLIP time out, force update gop ring buffer!
E/fbdev   ( 1021): Attention! GFLIP time out, force update gop ring buffer!
E/fbdev   ( 1021): Attention! GFLIP time out, force update gop ring buffer!
E/fbdev   ( 1021): Attention! GFLIP time out, force update gop ring buffer!
D/NetUpdate( 2247): progressValue--->0
D/NetUpdate( 2247): mWriteSD--->true
D/NetUpdate( 2247): mBootCheckZipExist--->false
E/fbdev   ( 1021): Attention! GFLIP time out, force update gop ring buffer!
E/fbdev   ( 1021): Attention! GFLIP time out, force update gop ring buffer!
D/CheckNetWork( 1644): isOk true
D/CheckNetWork( 1644): ActInfoNetworkInfo: type: WIFI[], state: CONNECTED/CONNECTED, reason: (unspecified), extra: (none), roaming: false, failover: false, isAvailable: true
D/CheckNetWork( 1644): infoNetworkInfo: type: WIFI[], state: CONNECTED/CONNECTED, reason: (unspecified), extra: (none), roaming: false, failover: false, isAvailable: true
D/HomePlayerLib( 1657): hostaddress count is 1
D/dalvikvm( 1657): GC_CONCURRENT freed 719K, 65% free 2852K/7939K, paused 2ms+2ms
D/dalvikvm( 1657): GC_CONCURRENT freed 700K, 65% free 2856K/7939K, paused 2ms+3ms
D/NetUpdate( 2247): progressValue--->0
D/NetUpdate( 2247): mWriteSD--->true
D/NetUpdate( 2247): mBootCheckZipExist--->false
D/dalvikvm( 1657): GC_CONCURRENT freed 699K, 64% free 2860K/7939K, paused 2ms+3ms
D/dalvikvm( 1657): GC_CONCURRENT freed 705K, 63% free 2966K/7939K, paused 2ms+2ms
D/NetUpdate( 2247): progressValue--->0
D/NetUpdate( 2247): mWriteSD--->true
D/NetUpdate( 2247): mBootCheckZipExist--->false
D/dalvikvm( 1657): GC_CONCURRENT freed 853K, 63% free 2964K/7939K, paused 1ms+3ms
D/dalvikvm( 1657): GC_CONCURRENT freed 841K, 64% free 2873K/7939K, paused 2ms+2ms
D/NetUpdate( 2247): progressValue--->0
D/NetUpdate( 2247): mWriteSD--->true
D/NetUpdate( 2247): mBootCheckZipExist--->false
D/NetUpdate( 2247): progressValue--->0
D/NetUpdate( 2247): mWriteSD--->true
D/NetUpdate( 2247): mBootCheckZipExist--->false
D/NetUpdate( 2247): progressValue--->0
D/NetUpdate( 2247): mWriteSD--->true
D/NetUpdate( 2247): mBootCheckZipExist--->false
D/NetUpdate( 2247): progressValue--->0
D/NetUpdate( 2247): mWriteSD--->true
D/NetUpdate( 2247): mBootCheckZipExist--->false
D/NetUpdate( 2247): progressValue--->0
D/NetUpdate( 2247): mWriteSD--->true
D/NetUpdate( 2247): mBootCheckZipExist--->false
D/NetUpdate( 2247): progressValue--->0
D/NetUpdate( 2247): mWriteSD--->true
D/NetUpdate( 2247): mBootCheckZipExist--->false
D/NetUpdate( 2247): progressValue--->0
D/NetUpdate( 2247): mWriteSD--->true
D/NetUpdate( 2247): mBootCheckZipExist--->false
D/NetUpdate( 2247): progressValue--->0
D/NetUpdate( 2247): mWriteSD--->true
D/NetUpdate( 2247): mBootCheckZipExist--->false
D/NetUpdate( 2247): progressValue--->0
D/NetUpdate( 2247): mWriteSD--->true
D/NetUpdate( 2247): mBootCheckZipExist--->false
D/NetUpdate( 2247): progressValue--->0
D/NetUpdate( 2247): mWriteSD--->true
D/NetUpdate( 2247): mBootCheckZipExist--->false
D/NetUpdate( 2247): progressValue--->0
D/NetUpdate( 2247): mWriteSD--->true
D/NetUpdate( 2247): mBootCheckZipExist--->false
D/NetUpdate( 2247): progressValue--->0
D/NetUpdate( 2247): mWriteSD--->true
D/NetUpdate( 2247): mBootCheckZipExist--->false
D/NetUpdate( 2247): progressValue--->0
D/NetUpdate( 2247): mWriteSD--->true
D/NetUpdate( 2247): mBootCheckZipExist--->false
D/NetUpdate( 2247): progressValue--->0
D/NetUpdate( 2247): mWriteSD--->true
D/NetUpdate( 2247): mBootCheckZipExist--->false
D/NetUpdate( 2247): progressValue--->0
D/NetUpdate( 2247): mWriteSD--->true
D/NetUpdate( 2247): mBootCheckZipExist--->false
D/NetUpdate( 2247): progressValue--->0
D/NetUpdate( 2247): mWriteSD--->true
D/NetUpdate( 2247): mBootCheckZipExist--->false
D/dalvikvm( 1657): GC_CONCURRENT freed 718K, 65% free 2858K/7939K, paused 2ms+3ms
D/NetUpdate( 2247): progressValue--->0
D/NetUpdate( 2247): mWriteSD--->true
D/NetUpdate( 2247): mBootCheckZipExist--->false
D/dalvikvm( 1657): GC_CONCURRENT freed 705K, 64% free 2860K/7939K, paused 3ms+2ms
D/NetUpdate( 2247): progressValue--->0
D/NetUpdate( 2247): mWriteSD--->true
D/NetUpdate( 2247): mBootCheckZipExist--->false
D/dalvikvm( 1657): GC_CONCURRENT freed 703K, 64% free 2862K/7939K, paused 2ms+3ms
E/CACHE   ( 1872): cleared
I/zomut.watchdog.monitor( 1872): initgather
I/zomut.watchdog.monitor( 1872): endgather
I/zomut.watchdog.monitor( 1872): init
I/zomut.watchdog.monitor( 1872): end
D/dalvikvm( 1657): GC_CONCURRENT freed 704K, 64% free 2861K/7939K, paused 2ms+3ms
D/NetUpdate( 2247): progressValue--->0
D/NetUpdate( 2247): mWriteSD--->true
D/NetUpdate( 2247): mBootCheckZipExist--->false
D/dalvikvm( 1657): GC_CONCURRENT freed 705K, 64% free 2861K/7939K, paused 2ms+3ms
D/NetUpdate( 2247): progressValue--->0
D/NetUpdate( 2247): mWriteSD--->true
D/NetUpdate( 2247): mBootCheckZipExist--->false
D/dalvikvm( 1657): GC_CONCURRENT freed 704K, 64% free 2862K/7939K, paused 2ms+2ms
D/HomePlayerLib( 1657): hostaddress count is 1
D/dalvikvm( 1657): GC_CONCURRENT freed 723K, 65% free 2851K/7939K, paused 2ms+2ms
D/dalvikvm( 1657): GC_CONCURRENT freed 703K, 65% free 2844K/7939K, paused 2ms+2ms
D/dalvikvm( 1657): GC_CONCURRENT freed 690K, 65% free 2837K/7939K, paused 2ms+3ms
D/NetUpdate( 2247): progressValue--->0
D/NetUpdate( 2247): mWriteSD--->true
D/NetUpdate( 2247): mBootCheckZipExist--->false
D/dalvikvm( 1657): GC_CONCURRENT freed 663K, 64% free 2860K/7939K, paused 2ms+2ms
D/dalvikvm( 1657): GC_CONCURRENT freed 703K, 64% free 2866K/7939K, paused 2ms+3ms
D/NetUpdate( 2247): progressValue--->0
D/NetUpdate( 2247): mWriteSD--->true
D/NetUpdate( 2247): mBootCheckZipExist--->false
D/dalvikvm( 1657): GC_CONCURRENT freed 705K, 64% free 2865K/7939K, paused 2ms+2ms
D/NetUpdate( 2247): progressValue--->0
D/NetUpdate( 2247): mWriteSD--->true
D/NetUpdate( 2247): mBootCheckZipExist--->false
D/NetUpdate( 2247): progressValue--->0
D/NetUpdate( 2247): mWriteSD--->true
D/NetUpdate( 2247): mBootCheckZipExist--->false
D/NetUpdate( 2247): progressValue--->0
D/NetUpdate( 2247): mWriteSD--->true
D/NetUpdate( 2247): mBootCheckZipExist--->false
D/NetUpdate( 2247): progressValue--->0
D/NetUpdate( 2247): mWriteSD--->true
D/NetUpdate( 2247): mBootCheckZipExist--->false
D/NetUpdate( 2247): progressValue--->0
D/NetUpdate( 2247): mWriteSD--->true
D/NetUpdate( 2247): mBootCheckZipExist--->false
D/NetUpdate( 2247): progressValue--->0
D/NetUpdate( 2247): mWriteSD--->true
D/NetUpdate( 2247): mBootCheckZipExist--->false
D/NetUpdate( 2247): progressValue--->0
D/NetUpdate( 2247): mWriteSD--->true
D/NetUpdate( 2247): mBootCheckZipExist--->false
D/NetUpdate( 2247): progressValue--->0
D/NetUpdate( 2247): mWriteSD--->true
D/NetUpdate( 2247): mBootCheckZipExist--->false
D/NetUpdate( 2247): progressValue--->0
D/NetUpdate( 2247): mWriteSD--->true
D/NetUpdate( 2247): mBootCheckZipExist--->false
D/NetUpdate( 2247): progressValue--->0
D/NetUpdate( 2247): mWriteSD--->true
D/NetUpdate( 2247): mBootCheckZipExist--->false
D/NetUpdate( 2247): progressValue--->0
D/NetUpdate( 2247): mWriteSD--->true
D/NetUpdate( 2247): mBootCheckZipExist--->false
D/NetUpdate( 2247): progressValue--->0
D/NetUpdate( 2247): mWriteSD--->true
D/NetUpdate( 2247): mBootCheckZipExist--->false
D/dalvikvm( 1657): GC_CONCURRENT freed 701K, 64% free 2860K/7939K, paused 1ms+3ms
D/NetUpdate( 2247): progressValue--->0
D/NetUpdate( 2247): mWriteSD--->true
D/NetUpdate( 2247): mBootCheckZipExist--->false
D/NetUpdate( 2247): progressValue--->0
D/NetUpdate( 2247): mWriteSD--->true
D/NetUpdate( 2247): mBootCheckZipExist--->false
D/NetUpdate( 2247): progressValue--->0
D/NetUpdate( 2247): mWriteSD--->true
D/NetUpdate( 2247): mBootCheckZipExist--->false
D/NetUpdate( 2247): progressValue--->0
D/NetUpdate( 2247): mWriteSD--->true
D/NetUpdate( 2247): mBootCheckZipExist--->false
D/NetUpdate( 2247): progressValue--->0
D/NetUpdate( 2247): mWriteSD--->true
D/NetUpdate( 2247): mBootCheckZipExist--->false
D/NetUpdate( 2247): progressValue--->0
D/NetUpdate( 2247): mWriteSD--->true
D/NetUpdate( 2247): mBootCheckZipExist--->false
D/HomePlayerLib( 1657): hostaddress count is 1
D/dalvikvm( 1657): GC_CONCURRENT freed 720K, 65% free 2853K/7939K, paused 2ms+2ms
D/dalvikvm( 1657): GC_CONCURRENT freed 702K, 64% free 2929K/7939K, paused 3ms+2ms
D/NetUpdate( 2247): progressValue--->0
D/NetUpdate( 2247): mWriteSD--->true
D/NetUpdate( 2247): mBootCheckZipExist--->false
D/dalvikvm( 1657): GC_CONCURRENT freed 822K, 64% free 2924K/7939K, paused 2ms+2ms
D/NetUpdate( 2247): progressValue--->0
D/NetUpdate( 2247): mWriteSD--->true
D/NetUpdate( 2247): mBootCheckZipExist--->false
D/dalvikvm( 1657): GC_CONCURRENT freed 800K, 63% free 2960K/7939K, paused 5ms+3ms
D/dalvikvm( 1657): GC_CONCURRENT freed 846K, 65% free 2840K/7939K, paused 2ms+2ms
D/NetUpdate( 2247): progressValue--->0
D/NetUpdate( 2247): mWriteSD--->true
D/NetUpdate( 2247): mBootCheckZipExist--->false
D/NetUpdate( 2247): progressValue--->0
D/NetUpdate( 2247): mWriteSD--->true
D/NetUpdate( 2247): mBootCheckZipExist--->false
D/NetUpdate( 2247): progressValue--->0
D/NetUpdate( 2247): mWriteSD--->true
D/NetUpdate( 2247): mBootCheckZipExist--->false
D/NetUpdate( 2247): progressValue--->0
D/NetUpdate( 2247): mWriteSD--->true
D/NetUpdate( 2247): mBootCheckZipExist--->false
D/NetUpdate( 2247): progressValue--->0
D/NetUpdate( 2247): mWriteSD--->true
D/NetUpdate( 2247): mBootCheckZipExist--->false
D/NetUpdate( 2247): progressValue--->0
D/NetUpdate( 2247): mWriteSD--->true
D/NetUpdate( 2247): mBootCheckZipExist--->false
D/NetUpdate( 2247): progressValue--->0
D/NetUpdate( 2247): mWriteSD--->true
D/NetUpdate( 2247): mBootCheckZipExist--->false
D/NetUpdate( 2247): progressValue--->0
D/NetUpdate( 2247): mWriteSD--->true
D/NetUpdate( 2247): mBootCheckZipExist--->false
D/NetUpdate( 2247): progressValue--->0
D/NetUpdate( 2247): mWriteSD--->true
D/NetUpdate( 2247): mBootCheckZipExist--->false
D/NetUpdate( 2247): progressValue--->0
D/NetUpdate( 2247): mWriteSD--->true
D/NetUpdate( 2247): mBootCheckZipExist--->false
D/NetUpdate( 2247): progressValue--->0
D/NetUpdate( 2247): mWriteSD--->true
D/NetUpdate( 2247): mBootCheckZipExist--->false
D/NetUpdate( 2247): progressValue--->0
D/NetUpdate( 2247): mWriteSD--->true
D/NetUpdate( 2247): mBootCheckZipExist--->false
D/NetUpdate( 2247): progressValue--->0
D/NetUpdate( 2247): mWriteSD--->true
D/NetUpdate( 2247): mBootCheckZipExist--->false
D/dalvikvm( 1657): GC_CONCURRENT freed 690K, 65% free 2832K/7939K, paused 2ms+2ms
D/dalvikvm( 1657): GC_CONCURRENT freed 677K, 64% free 2863K/7939K, paused 2ms+2ms
D/NetUpdate( 2247): progressValue--->0
D/NetUpdate( 2247): mWriteSD--->true
D/NetUpdate( 2247): mBootCheckZipExist--->false
D/dalvikvm( 1657): GC_CONCURRENT freed 704K, 64% free 2863K/7939K, paused 2ms+3ms
D/dalvikvm( 1657): GC_CONCURRENT freed 705K, 64% free 2858K/7939K, paused 2ms+2ms
D/dalvikvm( 1657): GC_CONCURRENT freed 704K, 64% free 2863K/7939K, paused 2ms+2ms
D/NetUpdate( 2247): progressValue--->0
D/NetUpdate( 2247): mWriteSD--->true
D/NetUpdate( 2247): mBootCheckZipExist--->false
D/dalvikvm( 1657): GC_CONCURRENT freed 704K, 64% free 2863K/7939K, paused 2ms+2ms
D/NetUpdate( 2247): progressValue--->0
D/NetUpdate( 2247): mWriteSD--->true
D/NetUpdate( 2247): mBootCheckZipExist--->false
D/dalvikvm( 1657): GC_CONCURRENT freed 705K, 64% free 2863K/7939K, paused 1ms+3ms
D/NetUpdate( 2247): progressValue--->0
D/NetUpdate( 2247): mWriteSD--->true
D/NetUpdate( 2247): mBootCheckZipExist--->false
D/NetUpdate( 2247): progressValue--->0
D/NetUpdate( 2247): mWriteSD--->true
D/NetUpdate( 2247): mBootCheckZipExist--->false
D/HomePlayerLib( 1657): hostaddress count is 1
D/dalvikvm( 1657): GC_CONCURRENT freed 721K, 65% free 2852K/7939K, paused 2ms+2ms
D/dalvikvm( 1657): GC_CONCURRENT freed 701K, 63% free 2961K/7939K, paused 2ms+3ms
D/dalvikvm( 1657): GC_CONCURRENT freed 837K, 63% free 2968K/7939K, paused 2ms+3ms
D/NetUpdate( 2247): progressValue--->0
D/NetUpdate( 2247): mWriteSD--->true
D/NetUpdate( 2247): mBootCheckZipExist--->false
D/dalvikvm( 1657): GC_CONCURRENT freed 855K, 64% free 2880K/7939K, paused 2ms+2ms
D/dalvikvm( 1657): GC_CONCURRENT freed 719K, 64% free 2868K/7939K, paused 2ms+2ms
D/NetUpdate( 2247): progressValue--->0
D/NetUpdate( 2247): mWriteSD--->true
D/NetUpdate( 2247): mBootCheckZipExist--->false
D/NetUpdate( 2247): progressValue--->0
D/NetUpdate( 2247): mWriteSD--->true
D/NetUpdate( 2247): mBootCheckZipExist--->false
D/NetUpdate( 2247): progressValue--->0
D/NetUpdate( 2247): mWriteSD--->true
D/NetUpdate( 2247): mBootCheckZipExist--->false
D/NetUpdate( 2247): progressValue--->0
D/NetUpdate( 2247): mWriteSD--->true
D/NetUpdate( 2247): mBootCheckZipExist--->false
D/NetUpdate( 2247): progressValue--->0
D/NetUpdate( 2247): mWriteSD--->true
D/NetUpdate( 2247): mBootCheckZipExist--->false
D/NetUpdate( 2247): progressValue--->0
D/NetUpdate( 2247): mWriteSD--->true
D/NetUpdate( 2247): mBootCheckZipExist--->false
D/NetUpdate( 2247): progressValue--->0
D/NetUpdate( 2247): mWriteSD--->true
D/NetUpdate( 2247): mBootCheckZipExist--->false
D/NetUpdate( 2247): progressValue--->0
D/NetUpdate( 2247): mWriteSD--->true
D/NetUpdate( 2247): mBootCheckZipExist--->false
D/NetUpdate( 2247): progressValue--->0
D/NetUpdate( 2247): mWriteSD--->true
D/NetUpdate( 2247): mBootCheckZipExist--->false
D/NetUpdate( 2247): progressValue--->0
D/NetUpdate( 2247): mWriteSD--->true
D/NetUpdate( 2247): mBootCheckZipExist--->false
D/NetUpdate( 2247): progressValue--->0
D/NetUpdate( 2247): mWriteSD--->true
D/NetUpdate( 2247): mBootCheckZipExist--->false
D/dalvikvm( 1657): GC_CONCURRENT freed 702K, 65% free 2857K/7939K, paused 2ms+2ms
D/NetUpdate( 2247): progressValue--->0
D/NetUpdate( 2247): mWriteSD--->true
D/NetUpdate( 2247): mBootCheckZipExist--->false
D/NetUpdate( 2247): progressValue--->0
D/NetUpdate( 2247): mWriteSD--->true
D/NetUpdate( 2247): mBootCheckZipExist--->false
D/NetUpdate( 2247): progressValue--->0
D/NetUpdate( 2247): mWriteSD--->true
D/NetUpdate( 2247): mBootCheckZipExist--->false
D/NetUpdate( 2247): progressValue--->0
D/NetUpdate( 2247): mWriteSD--->true
D/NetUpdate( 2247): mBootCheckZipExist--->false
D/NetUpdate( 2247): progressValue--->0
D/NetUpdate( 2247): mWriteSD--->true
D/NetUpdate( 2247): mBootCheckZipExist--->false
D/NetUpdate( 2247): progressValue--->0
D/NetUpdate( 2247): mWriteSD--->true
D/NetUpdate( 2247): mBootCheckZipExist--->false
D/NetUpdate( 2247): progressValue--->0
D/NetUpdate( 2247): mWriteSD--->true
D/NetUpdate( 2247): mBootCheckZipExist--->false
D/NetUpdate( 2247): progressValue--->0
D/NetUpdate( 2247): mWriteSD--->true
D/NetUpdate( 2247): mBootCheckZipExist--->false
D/NetUpdate( 2247): progressValue--->0
D/NetUpdate( 2247): mWriteSD--->true
D/NetUpdate( 2247): mBootCheckZipExist--->false
D/NetUpdate( 2247): progressValue--->0
D/NetUpdate( 2247): mWriteSD--->true
D/NetUpdate( 2247): mBootCheckZipExist--->false
D/HomePlayerLib( 1657): hostaddress count is 1
D/dalvikvm( 1657): GC_CONCURRENT freed 707K, 63% free 2964K/7939K, paused 3ms+3ms
D/dalvikvm( 1657): GC_CONCURRENT freed 848K, 64% free 2861K/7939K, paused 2ms+2ms
D/dalvikvm( 1657): GC_CONCURRENT freed 703K, 63% free 2967K/7939K, paused 2ms+3ms
D/dalvikvm( 1657): GC_CONCURRENT freed 853K, 64% free 2881K/7939K, paused 2ms+2ms
D/NetUpdate( 2247): progressValue--->0
D/NetUpdate( 2247): mWriteSD--->true
D/NetUpdate( 2247): mBootCheckZipExist--->false
D/dalvikvm( 1657): GC_CONCURRENT freed 733K, 64% free 2865K/7939K, paused 2ms+2ms
D/NetUpdate( 2247): progressValue--->0
D/NetUpdate( 2247): mWriteSD--->true
D/NetUpdate( 2247): mBootCheckZipExist--->false
D/NetUpdate( 2247): progressValue--->0
D/NetUpdate( 2247): mWriteSD--->true
D/NetUpdate( 2247): mBootCheckZipExist--->false
D/NetUpdate( 2247): progressValue--->0
D/NetUpdate( 2247): mWriteSD--->true
D/NetUpdate( 2247): mBootCheckZipExist--->false
D/NetUpdate( 2247): progressValue--->0
D/NetUpdate( 2247): mWriteSD--->true
D/NetUpdate( 2247): mBootCheckZipExist--->false
D/NetUpdate( 2247): progressValue--->0
D/NetUpdate( 2247): mWriteSD--->true
D/NetUpdate( 2247): mBootCheckZipExist--->false
D/NetUpdate( 2247): progressValue--->0
D/NetUpdate( 2247): mWriteSD--->true
D/NetUpdate( 2247): mBootCheckZipExist--->false
D/NetUpdate( 2247): progressValue--->0
D/NetUpdate( 2247): mWriteSD--->true
D/NetUpdate( 2247): mBootCheckZipExist--->false
D/NetUpdate( 2247): progressValue--->0
D/NetUpdate( 2247): mWriteSD--->true
D/NetUpdate( 2247): mBootCheckZipExist--->false
D/NetUpdate( 2247): progressValue--->0
D/NetUpdate( 2247): mWriteSD--->true
D/NetUpdate( 2247): mBootCheckZipExist--->false
D/NetUpdate( 2247): progressValue--->0
D/NetUpdate( 2247): mWriteSD--->true
D/NetUpdate( 2247): mBootCheckZipExist--->false
D/dalvikvm( 1140): GC_CONCURRENT freed 724K, 57% free 3469K/7939K, paused 2ms+5ms
I/NetworkConnect( 2247): //////@Override//////@Override//////@Override//////@Override//////@Override//////@Override//////@Override//////@Override2
I/System  ( 2247): Failed to destroy process 2594
I/System  ( 2247): libcore.io.ErrnoException: kill failed: ESRCH (No such process)
I/System  ( 2247):      at libcore.io.Posix.kill(Native Method)
I/System  ( 2247):      at libcore.io.ForwardingOs.kill(ForwardingOs.java:77)
I/System  ( 2247):      at java.lang.ProcessManager$ProcessImpl.destroy(ProcessManager.java:257)
I/System  ( 2247):      at com.coship.dvbsetting.netsetting.quicksetservice.NetworkConnect.execueteCommand(NetworkConnect.java:167)
I/System  ( 2247):      at com.coship.dvbsetting.netsetting.quicksetservice.NetworkConnect.CheckNet(NetworkConnect.java:70)
I/System  ( 2247):      at com.coship.dvbsetting.netsetting.StateSet$1$1.run(StateSet.java:212)
I/System  ( 2247):      at java.lang.Thread.run(Thread.java:856)
I/StateSet( 2247): -----wifi------dhcpinfo.toString()=ipaddr 192.168.2.104 gateway 192.168.2.1 netmask 255.255.255.0 dns1 192.168.2.1 dns2 0.0.0.0 DHCP server 192.168.2.1 lease 7200 seconds
I/NetworkConnect( 2247): //////@Override//////@Override//////@Override//////@Override//////@Override//////@Override//////@Override//////@Override2
I/System  ( 2247): Failed to destroy process 2596
I/System  ( 2247): libcore.io.ErrnoException: kill failed: ESRCH (No such process)
I/System  ( 2247):      at libcore.io.Posix.kill(Native Method)
I/System  ( 2247):      at libcore.io.ForwardingOs.kill(ForwardingOs.java:77)
I/System  ( 2247):      at java.lang.ProcessManager$ProcessImpl.destroy(ProcessManager.java:257)
I/System  ( 2247):      at com.coship.dvbsetting.netsetting.quicksetservice.NetworkConnect.execueteCommand(NetworkConnect.java:167)
I/System  ( 2247):      at com.coship.dvbsetting.netsetting.quicksetservice.NetworkConnect.CheckNet(NetworkConnect.java:70)
I/System  ( 2247):      at com.coship.dvbsetting.netsetting.StateSet$2.run(StateSet.java:458)
I/System  ( 2247):      at java.lang.Thread.run(Thread.java:856)
I/StateSet( 2247): -----wifi------dhcpinfo.toString()=ipaddr 192.168.2.104 gateway 192.168.2.1 netmask 255.255.255.0 dns1 192.168.2.1 dns2 0.0.0.0 DHCP server 192.168.2.1 lease 7200 seconds
D/NetUpdate( 2247): progressValue--->0
D/NetUpdate( 2247): mWriteSD--->true
D/NetUpdate( 2247): mBootCheckZipExist--->false
D/NetUpdate( 2247): progressValue--->0
D/NetUpdate( 2247): mWriteSD--->true
D/NetUpdate( 2247): mBootCheckZipExist--->false
D/dalvikvm( 1657): GC_CONCURRENT freed 706K, 65% free 2857K/7939K, paused 3ms+3ms
D/NetUpdate( 2247): progressValue--->0
D/NetUpdate( 2247): mWriteSD--->true
D/NetUpdate( 2247): mBootCheckZipExist--->false
D/dalvikvm( 1657): GC_CONCURRENT freed 704K, 65% free 2858K/7939K, paused 2ms+2ms
D/dalvikvm( 1657): GC_CONCURRENT freed 704K, 64% free 2863K/7939K, paused 2ms+2ms
D/NetUpdate( 2247): progressValue--->0
D/NetUpdate( 2247): mWriteSD--->true
D/NetUpdate( 2247): mBootCheckZipExist--->false
D/dalvikvm( 1657): GC_CONCURRENT freed 705K, 64% free 2863K/7939K, paused 2ms+2ms
D/dalvikvm( 1657): GC_CONCURRENT freed 704K, 64% free 2863K/7939K, paused 2ms+3ms
D/NetUpdate( 2247): progressValue--->0
D/NetUpdate( 2247): mWriteSD--->true
D/NetUpdate( 2247): mBootCheckZipExist--->false
D/dalvikvm( 1657): GC_CONCURRENT freed 704K, 64% free 2863K/7939K, paused 3ms+3ms
D/NetUpdate( 2247): progressValue--->0
D/NetUpdate( 2247): mWriteSD--->true
D/NetUpdate( 2247): mBootCheckZipExist--->false
D/dalvikvm( 1657): GC_CONCURRENT freed 706K, 64% free 2858K/7939K, paused 2ms+3ms
D/NetUpdate( 2247): progressValue--->0
D/NetUpdate( 2247): mWriteSD--->true
D/NetUpdate( 2247): mBootCheckZipExist--->false
D/NetUpdate( 2247): progressValue--->0
D/NetUpdate( 2247): mWriteSD--->true
D/NetUpdate( 2247): mBootCheckZipExist--->false
D/NetUpdate( 2247): progressValue--->0
D/NetUpdate( 2247): mWriteSD--->true
D/NetUpdate( 2247): mBootCheckZipExist--->false
D/HomePlayerLib( 1657): hostaddress count is 1
D/NetUpdate( 2247): progressValue--->0
D/NetUpdate( 2247): mWriteSD--->true
D/NetUpdate( 2247): mBootCheckZipExist--->false
D/dalvikvm( 1657): GC_CONCURRENT freed 708K, 63% free 2964K/7939K, paused 2ms+2ms
D/dalvikvm( 1657): GC_CONCURRENT freed 855K, 63% free 2959K/7939K, paused 2ms+3ms
D/dalvikvm( 1657): GC_CONCURRENT freed 819K, 64% free 2908K/7939K, paused 2ms+3ms
D/dalvikvm( 1657): GC_CONCURRENT freed 776K, 65% free 2847K/7939K, paused 2ms+2ms
D/NetUpdate( 2247): progressValue--->0
D/NetUpdate( 2247): mWriteSD--->true
D/NetUpdate( 2247): mBootCheckZipExist--->false
D/dalvikvm( 1657): GC_CONCURRENT freed 689K, 64% free 2861K/7939K, paused 3ms+3ms
D/NetUpdate( 2247): progressValue--->0
D/NetUpdate( 2247): mWriteSD--->true
D/NetUpdate( 2247): mBootCheckZipExist--->false
D/NetUpdate( 2247): progressValue--->0
D/NetUpdate( 2247): mWriteSD--->true
D/NetUpdate( 2247): mBootCheckZipExist--->false
D/NetUpdate( 2247): progressValue--->0
D/NetUpdate( 2247): mWriteSD--->true
D/NetUpdate( 2247): mBootCheckZipExist--->false
D/NetUpdate( 2247): progressValue--->0
D/NetUpdate( 2247): mWriteSD--->true
D/NetUpdate( 2247): mBootCheckZipExist--->false
D/NetUpdate( 2247): progressValue--->0
D/NetUpdate( 2247): mWriteSD--->true
D/NetUpdate( 2247): mBootCheckZipExist--->false
D/NetUpdate( 2247): progressValue--->0
D/NetUpdate( 2247): mWriteSD--->true
D/NetUpdate( 2247): mBootCheckZipExist--->false
D/NetUpdate( 2247): progressValue--->0
D/NetUpdate( 2247): mWriteSD--->true
D/NetUpdate( 2247): mBootCheckZipExist--->false
D/PushMsgCenter( 1613): mDownUpRun run while (true)
D/PushMsgCenter( 1613): down  
D/CheckNetWork( 1644): isOk true
D/CheckNetWork( 1644): ActInfoNetworkInfo: type: WIFI[], state: CONNECTED/CONNECTED, reason: (unspecified), extra: (none), roaming: false, failover: false, isAvailable: true
D/CheckNetWork( 1644): infoNetworkInfo: type: WIFI[], state: CONNECTED/CONNECTED, reason: (unspecified), extra: (none), roaming: false, failover: false, isAvailable: true
D/dalvikvm( 1657): GC_CONCURRENT freed 719K, 65% free 2832K/7939K, paused 1ms+3ms
D/NetUpdate( 2247): progressValue--->0
D/NetUpdate( 2247): mWriteSD--->true
D/NetUpdate( 2247): mBootCheckZipExist--->false
D/NetUpdate( 2247): progressValue--->0
D/NetUpdate( 2247): mWriteSD--->true
D/NetUpdate( 2247): mBootCheckZipExist--->false
D/NetUpdate( 2247): progressValue--->0
D/NetUpdate( 2247): mWriteSD--->true
D/NetUpdate( 2247): mBootCheckZipExist--->false
D/NetUpdate( 2247): progressValue--->0
D/NetUpdate( 2247): mWriteSD--->true
D/NetUpdate( 2247): mBootCheckZipExist--->false
D/NetUpdate( 2247): progressValue--->0
D/NetUpdate( 2247): mWriteSD--->true
D/NetUpdate( 2247): mBootCheckZipExist--->false
D/NetUpdate( 2247): progressValue--->0
D/NetUpdate( 2247): mWriteSD--->true
D/NetUpdate( 2247): mBootCheckZipExist--->false
D/NetUpdate( 2247): progressValue--->0
D/NetUpdate( 2247): mWriteSD--->true
D/NetUpdate( 2247): mBootCheckZipExist--->false
D/NetUpdate( 2247): progressValue--->0
D/NetUpdate( 2247): mWriteSD--->true
D/NetUpdate( 2247): mBootCheckZipExist--->false
D/NetUpdate( 2247): progressValue--->0
D/NetUpdate( 2247): mWriteSD--->true
D/NetUpdate( 2247): mBootCheckZipExist--->false
D/NetUpdate( 2247): progressValue--->0
D/NetUpdate( 2247): mWriteSD--->true
D/NetUpdate( 2247): mBootCheckZipExist--->false
D/NetUpdate( 2247): progressValue--->0
D/NetUpdate( 2247): mWriteSD--->true
D/NetUpdate( 2247): mBootCheckZipExist--->false
D/NetUpdate( 2247): progressValue--->0
D/NetUpdate( 2247): mWriteSD--->true
D/NetUpdate( 2247): mBootCheckZipExist--->false
D/HomePlayerLib( 1657): hostaddress count is 1
D/NetUpdate( 2247): progressValue--->0
D/NetUpdate( 2247): mWriteSD--->true
D/NetUpdate( 2247): mBootCheckZipExist--->false
D/dalvikvm( 1657): GC_CONCURRENT freed 677K, 64% free 2865K/7939K, paused 3ms+2ms
D/dalvikvm( 1657): GC_CONCURRENT freed 714K, 64% free 2872K/7939K, paused 3ms+2ms
D/NetUpdate( 2247): progressValue--->0
D/NetUpdate( 2247): mWriteSD--->true
D/NetUpdate( 2247): mBootCheckZipExist--->false
D/dalvikvm( 1657): GC_CONCURRENT freed 716K, 64% free 2900K/7939K, paused 2ms+3ms
D/dalvikvm( 1657): GC_CONCURRENT freed 740K, 63% free 2990K/7939K, paused 1ms+2ms
D/dalvikvm( 1657): GC_CONCURRENT freed 885K, 63% free 2949K/7939K, paused 2ms+2ms
D/NetUpdate( 2247): progressValue--->0
D/NetUpdate( 2247): mWriteSD--->true
D/NetUpdate( 2247): mBootCheckZipExist--->false
D/NetUpdate( 2247): progressValue--->0
D/NetUpdate( 2247): mWriteSD--->true
D/NetUpdate( 2247): mBootCheckZipExist--->false
D/NetUpdate( 2247): progressValue--->0
D/NetUpdate( 2247): mWriteSD--->true
D/NetUpdate( 2247): mBootCheckZipExist--->false
D/NetUpdate( 2247): progressValue--->0
D/NetUpdate( 2247): mWriteSD--->true
D/NetUpdate( 2247): mBootCheckZipExist--->false
D/NetUpdate( 2247): progressValue--->0
D/NetUpdate( 2247): mWriteSD--->true
D/NetUpdate( 2247): mBootCheckZipExist--->false
D/NetUpdate( 2247): progressValue--->0
D/NetUpdate( 2247): mWriteSD--->true
D/NetUpdate( 2247): mBootCheckZipExist--->false
D/NetUpdate( 2247): progressValue--->0
D/NetUpdate( 2247): mWriteSD--->true
D/NetUpdate( 2247): mBootCheckZipExist--->false
D/NetUpdate( 2247): progressValue--->0
D/NetUpdate( 2247): mWriteSD--->true
D/NetUpdate( 2247): mBootCheckZipExist--->false
E/CACHE   ( 1872): cleared
I/zomut.watchdog.monitor( 1872): initgather
D/dalvikvm( 1872): GC_CONCURRENT freed 1972K, 46% free 6852K/12547K, paused 2ms+4ms
I/zomut.watchdog.monitor( 1872): endgather
I/zomut.watchdog.monitor( 1872): init
I/zomut.watchdog.monitor( 1872): end
D/NetUpdate( 2247): progressValue--->0
D/NetUpdate( 2247): mWriteSD--->true
D/NetUpdate( 2247): mBootCheckZipExist--->false
D/NetUpdate( 2247): progressValue--->0
D/NetUpdate( 2247): mWriteSD--->true
D/NetUpdate( 2247): mBootCheckZipExist--->false
D/NetUpdate( 2247): progressValue--->0
D/NetUpdate( 2247): mWriteSD--->true
D/NetUpdate( 2247): mBootCheckZipExist--->false
D/NetUpdate( 2247): progressValue--->0
D/NetUpdate( 2247): mWriteSD--->true
D/NetUpdate( 2247): mBootCheckZipExist--->false
D/dalvikvm( 1657): GC_CONCURRENT freed 831K, 65% free 2839K/7939K, paused 2ms+3ms
D/dalvikvm( 1657): GC_CONCURRENT freed 665K, 64% free 2861K/7939K, paused 2ms+2ms
D/NetUpdate( 2247): progressValue--->0
D/NetUpdate( 2247): mWriteSD--->true
D/NetUpdate( 2247): mBootCheckZipExist--->false
D/dalvikvm( 1657): GC_CONCURRENT freed 702K, 64% free 2863K/7939K, paused 2ms+3ms
D/NetUpdate( 2247): progressValue--->0
D/NetUpdate( 2247): mWriteSD--->true
D/NetUpdate( 2247): mBootCheckZipExist--->false
D/dalvikvm( 1657): GC_CONCURRENT freed 705K, 64% free 2863K/7939K, paused 2ms+3ms
D/dalvikvm( 1657): GC_CONCURRENT freed 704K, 64% free 2863K/7939K, paused 2ms+3ms
D/NetUpdate( 2247): progressValue--->0
D/NetUpdate( 2247): mWriteSD--->true
D/NetUpdate( 2247): mBootCheckZipExist--->false
D/dalvikvm( 1657): GC_CONCURRENT freed 704K, 64% free 2863K/7939K, paused 2ms+3ms
D/NetUpdate( 2247): progressValue--->0
D/NetUpdate( 2247): mWriteSD--->true
D/NetUpdate( 2247): mBootCheckZipExist--->false
D/dalvikvm( 1657): GC_CONCURRENT freed 705K, 64% free 2863K/7939K, paused 2ms+2ms
D/NetUpdate( 2247): progressValue--->0
D/NetUpdate( 2247): mWriteSD--->true
D/NetUpdate( 2247): mBootCheckZipExist--->false
D/NetUpdate( 2247): progressValue--->0
D/NetUpdate( 2247): mWriteSD--->true
D/NetUpdate( 2247): mBootCheckZipExist--->false
D/NetUpdate( 2247): progressValue--->0
D/NetUpdate( 2247): mWriteSD--->true
D/NetUpdate( 2247): mBootCheckZipExist--->false
D/NetUpdate( 2247): progressValue--->0
D/NetUpdate( 2247): mWriteSD--->true
D/NetUpdate( 2247): mBootCheckZipExist--->false
D/HomePlayerLib( 1657): hostaddress count is 1
D/dalvikvm( 1657): GC_CONCURRENT freed 721K, 63% free 2960K/7939K, paused 2ms+3ms
D/dalvikvm( 1657): GC_CONCURRENT freed 836K, 63% free 2968K/7939K, paused 2ms+2ms
D/NetUpdate( 2247): progressValue--->0
D/NetUpdate( 2247): mWriteSD--->true
D/NetUpdate( 2247): mBootCheckZipExist--->false
D/dalvikvm( 1657): GC_CONCURRENT freed 922K, 64% free 2894K/7939K, paused 2ms+3ms
D/NetUpdate( 2247): progressValue--->0
D/NetUpdate( 2247): mWriteSD--->true
D/NetUpdate( 2247): mBootCheckZipExist--->false
D/dalvikvm( 1657): GC_CONCURRENT freed 754K, 63% free 2961K/7939K, paused 2ms+3ms
D/dalvikvm( 1657): GC_CONCURRENT freed 844K, 65% free 2842K/7939K, paused 2ms+2ms
D/NetUpdate( 2247): progressValue--->0
D/NetUpdate( 2247): mWriteSD--->true
D/NetUpdate( 2247): mBootCheckZipExist--->false
D/NetUpdate( 2247): progressValue--->0
D/NetUpdate( 2247): mWriteSD--->true
D/NetUpdate( 2247): mBootCheckZipExist--->false
D/NetUpdate( 2247): progressValue--->0
D/NetUpdate( 2247): mWriteSD--->true
D/NetUpdate( 2247): mBootCheckZipExist--->false
D/NetUpdate( 2247): progressValue--->0
D/NetUpdate( 2247): mWriteSD--->true
D/NetUpdate( 2247): mBootCheckZipExist--->false
D/NetUpdate( 2247): progressValue--->0
D/NetUpdate( 2247): mWriteSD--->true
D/NetUpdate( 2247): mBootCheckZipExist--->false
D/NetUpdate( 2247): progressValue--->0
D/NetUpdate( 2247): mWriteSD--->true
D/NetUpdate( 2247): mBootCheckZipExist--->false
D/NetUpdate( 2247): progressValue--->0
D/NetUpdate( 2247): mWriteSD--->true
D/NetUpdate( 2247): mBootCheckZipExist--->false
I//lib/ld-linux.so.3(  748): TX Power State D3 cold
D/NetUpdate( 2247): progressValue--->0
D/NetUpdate( 2247): mWriteSD--->true
D/NetUpdate( 2247): mBootCheckZipExist--->false
I//lib/ld-linux.so.3(  748): ***up from INT ***
D/NetUpdate( 2247): progressValue--->0
D/NetUpdate( 2247): mWriteSD--->true
D/NetUpdate( 2247): mBootCheckZipExist--->false
D/NetUpdate( 2247): progressValue--->0
D/NetUpdate( 2247): mWriteSD--->true
D/NetUpdate( 2247): mBootCheckZipExist--->false
D/NetUpdate( 2247): progressValue--->0
D/NetUpdate( 2247): mWriteSD--->true
D/NetUpdate( 2247): mBootCheckZipExist--->false
D/NetUpdate( 2247): progressValue--->0
D/NetUpdate( 2247): mWriteSD--->true
D/NetUpdate( 2247): mBootCheckZipExist--->false
D/NetUpdate( 2247): progressValue--->0
D/NetUpdate( 2247): mWriteSD--->true
D/NetUpdate( 2247): mBootCheckZipExist--->false
D/NetUpdate( 2247): progressValue--->0
D/NetUpdate( 2247): mWriteSD--->true
D/NetUpdate( 2247): mBootCheckZipExist--->false
D/NetUpdate( 2247): progressValue--->0
D/NetUpdate( 2247): mWriteSD--->true
D/NetUpdate( 2247): mBootCheckZipExist--->false
D/NetUpdate( 2247): progressValue--->0
D/NetUpdate( 2247): mWriteSD--->true
D/NetUpdate( 2247): mBootCheckZipExist--->false
D/NetUpdate( 2247): progressValue--->0
D/NetUpdate( 2247): mWriteSD--->true
D/NetUpdate( 2247): mBootCheckZipExist--->false
D/NetUpdate( 2247): progressValue--->0
D/NetUpdate( 2247): mWriteSD--->true
D/NetUpdate( 2247): mBootCheckZipExist--->false
D/NetUpdate( 2247): progressValue--->0
D/NetUpdate( 2247): mWriteSD--->true
D/NetUpdate( 2247): mBootCheckZipExist--->false
D/dalvikvm( 1657): GC_CONCURRENT freed 700K, 63% free 2952K/7939K, paused 2ms+2ms
D/HomePlayerLib( 1657): hostaddress count is 1
D/dalvikvm( 1657): GC_CONCURRENT freed 830K, 63% free 2969K/7939K, paused 2ms+3ms
D/dalvikvm( 1657): GC_CONCURRENT freed 835K, 64% free 2863K/7939K, paused 2ms+2ms
D/NetUpdate( 2247): progressValue--->0
D/NetUpdate( 2247): mWriteSD--->true
D/NetUpdate( 2247): mBootCheckZipExist--->false
D/dalvikvm( 1657): GC_CONCURRENT freed 706K, 63% free 2967K/7939K, paused 2ms+3ms
D/dalvikvm( 1657): GC_CONCURRENT freed 853K, 64% free 2881K/7939K, paused 2ms+2ms
D/NetUpdate( 2247): progressValue--->0
D/NetUpdate( 2247): mWriteSD--->true
D/NetUpdate( 2247): mBootCheckZipExist--->false
D/dalvikvm( 1657): GC_CONCURRENT freed 733K, 64% free 2863K/7939K, paused 2ms+3ms
D/NetUpdate( 2247): progressValue--->0
D/NetUpdate( 2247): mWriteSD--->true
D/NetUpdate( 2247): mBootCheckZipExist--->false
D/NetUpdate( 2247): progressValue--->0
D/NetUpdate( 2247): mWriteSD--->true
D/NetUpdate( 2247): mBootCheckZipExist--->false
D/NetUpdate( 2247): progressValue--->0
D/NetUpdate( 2247): mWriteSD--->true
D/NetUpdate( 2247): mBootCheckZipExist--->false
D/NetUpdate( 2247): progressValue--->0
D/NetUpdate( 2247): mWriteSD--->true
D/NetUpdate( 2247): mBootCheckZipExist--->false
D/NetUpdate( 2247): progressValue--->0
D/NetUpdate( 2247): mWriteSD--->true
D/NetUpdate( 2247): mBootCheckZipExist--->false
D/NetUpdate( 2247): progressValue--->0
D/NetUpdate( 2247): mWriteSD--->true
D/NetUpdate( 2247): mBootCheckZipExist--->false
D/NetUpdate( 2247): progressValue--->0
D/NetUpdate( 2247): mWriteSD--->true
D/NetUpdate( 2247): mBootCheckZipExist--->false
D/NetUpdate( 2247): progressValue--->0
D/NetUpdate( 2247): mWriteSD--->true
D/NetUpdate( 2247): mBootCheckZipExist--->false
D/NetUpdate( 2247): progressValue--->0
D/NetUpdate( 2247): mWriteSD--->true
D/NetUpdate( 2247): mBootCheckZipExist--->false
D/NetUpdate( 2247): progressValue--->0
D/NetUpdate( 2247): mWriteSD--->true
D/NetUpdate( 2247): mBootCheckZipExist--->false
D/dalvikvm( 1657): GC_CONCURRENT freed 704K, 64% free 2863K/7939K, paused 2ms+3ms
D/NetUpdate( 2247): progressValue--->0
D/NetUpdate( 2247): mWriteSD--->true
D/NetUpdate( 2247): mBootCheckZipExist--->false
D/dalvikvm( 1657): GC_CONCURRENT freed 705K, 64% free 2863K/7939K, paused 2ms+2ms
D/dalvikvm( 1657): GC_CONCURRENT freed 703K, 64% free 2863K/7939K, paused 2ms+3ms
D/NetUpdate( 2247): progressValue--->0
D/NetUpdate( 2247): mWriteSD--->true
D/NetUpdate( 2247): mBootCheckZipExist--->false
D/dalvikvm( 1657): GC_CONCURRENT freed 704K, 64% free 2863K/7939K, paused 2ms+3ms
D/dalvikvm( 1657): GC_CONCURRENT freed 705K, 64% free 2863K/7939K, paused 2ms+3ms
D/NetUpdate( 2247): progressValue--->0
D/NetUpdate( 2247): mWriteSD--->true
D/NetUpdate( 2247): mBootCheckZipExist--->false
D/dalvikvm( 1657): GC_CONCURRENT freed 704K, 64% free 2863K/7939K, paused 1ms+2ms
D/NetUpdate( 2247): progressValue--->0
D/NetUpdate( 2247): mWriteSD--->true
D/NetUpdate( 2247): mBootCheckZipExist--->false
D/NetUpdate( 2247): progressValue--->0
D/NetUpdate( 2247): mWriteSD--->true
D/NetUpdate( 2247): mBootCheckZipExist--->false
D/NetUpdate( 2247): progressValue--->0
D/NetUpdate( 2247): mWriteSD--->true
D/NetUpdate( 2247): mBootCheckZipExist--->false
D/NetUpdate( 2247): progressValue--->0
D/NetUpdate( 2247): mWriteSD--->true
D/NetUpdate( 2247): mBootCheckZipExist--->false
D/NetUpdate( 2247): progressValue--->0
D/NetUpdate( 2247): mWriteSD--->true
D/NetUpdate( 2247): mBootCheckZipExist--->false
D/NetUpdate( 2247): progressValue--->0
D/NetUpdate( 2247): mWriteSD--->true
D/NetUpdate( 2247): mBootCheckZipExist--->false
D/NetUpdate( 2247): progressValue--->0
D/NetUpdate( 2247): mWriteSD--->true
D/NetUpdate( 2247): mBootCheckZipExist--->false
D/HomePlayerLib( 1657): hostaddress count is 1
D/dalvikvm( 1657): GC_CONCURRENT freed 723K, 63% free 2957K/7939K, paused 2ms+2ms
D/dalvikvm( 1657): GC_CONCURRENT freed 837K, 63% free 2965K/7939K, paused 2ms+2ms
D/dalvikvm( 1657): GC_CONCURRENT freed 865K, 63% free 2950K/7939K, paused 2ms+3ms
D/NetUpdate( 2247): progressValue--->0
D/NetUpdate( 2247): mWriteSD--->true
D/NetUpdate( 2247): mBootCheckZipExist--->false
D/dalvikvm( 1657): GC_CONCURRENT freed 809K, 63% free 2946K/7939K, paused 2ms+2ms
W/System.err( 1613): java.net.UnknownHostException: Unable to resolve host "vitv.voicecloud.cn": No address associated with hostname
W/System.err( 1613):    at java.net.InetAddress.lookupHostByName(InetAddress.java:426)
W/System.err( 1613):    at java.net.InetAddress.getAllByNameImpl(InetAddress.java:242)
W/System.err( 1613):    at java.net.InetAddress.getAllByName(InetAddress.java:220)
W/System.err( 1613):    at libcore.net.http.HttpConnection.<init>(HttpConnection.java:71)
W/System.err( 1613):    at libcore.net.http.HttpConnection.<init>(HttpConnection.java:50)
W/System.err( 1613):    at libcore.net.http.HttpConnection$Address.connect(HttpConnection.java:351)
W/System.err( 1613):    at libcore.net.http.HttpConnectionPool.get(HttpConnectionPool.java:86)
W/System.err( 1613):    at libcore.net.http.HttpConnection.connect(HttpConnection.java:128)
W/System.err( 1613):    at libcore.net.http.HttpEngine.openSocketConnection(HttpEngine.java:308)
W/System.err( 1613):    at libcore.net.http.HttpEngine.connect(HttpEngine.java:303)
W/System.err( 1613):    at libcore.net.http.HttpEngine.sendSocketRequest(HttpEngine.java:282)
W/System.err( 1613):    at libcore.net.http.HttpEngine.sendRequest(HttpEngine.java:232)
W/System.err( 1613):    at libcore.net.http.HttpURLConnectionImpl.getResponse(HttpURLConnectionImpl.java:273)
W/System.err( 1613):    at libcore.net.http.HttpURLConnectionImpl.getResponseCode(HttpURLConnectionImpl.java:479)
W/System.err( 1613):    at com.iflytek.push.PushMsgCenter.down(PushMsgCenter.java:270)
W/System.err( 1613):    at com.iflytek.push.PushMsgCenter.access$500(PushMsgCenter.java:37)
W/System.err( 1613):    at com.iflytek.push.PushMsgCenter$2.run(PushMsgCenter.java:175)
W/System.err( 1613):    at java.lang.Thread.run(Thread.java:856)
W/System.err( 1613): Caused by: libcore.io.GaiException: getaddrinfo failed: EAI_NODATA (No address associated with hostname)
W/System.err( 1613):    at libcore.io.Posix.getaddrinfo(Native Method)
W/System.err( 1613):    at libcore.io.ForwardingOs.getaddrinfo(ForwardingOs.java:55)
W/System.err( 1613):    at java.net.InetAddress.lookupHostByName(InetAddress.java:411)
W/System.err( 1613):    ... 17 more
D/NetUpdate( 2247): progressValue--->0
D/NetUpdate( 2247): mWriteSD--->true
D/NetUpdate( 2247): mBootCheckZipExist--->false
D/dalvikvm( 1657): GC_CONCURRENT freed 828K, 63% free 2995K/7939K, paused 2ms+2ms
D/NetUpdate( 2247): progressValue--->0
D/NetUpdate( 2247): mWriteSD--->true
D/NetUpdate( 2247): mBootCheckZipExist--->false
D/NetUpdate( 2247): progressValue--->0
D/NetUpdate( 2247): mWriteSD--->true
D/NetUpdate( 2247): mBootCheckZipExist--->false
D/NetUpdate( 2247): progressValue--->0
D/NetUpdate( 2247): mWriteSD--->true
D/NetUpdate( 2247): mBootCheckZipExist--->false
D/NetUpdate( 2247): progressValue--->0
D/NetUpdate( 2247): mWriteSD--->true
D/NetUpdate( 2247): mBootCheckZipExist--->false
D/NetUpdate( 2247): progressValue--->0
D/NetUpdate( 2247): mWriteSD--->true
D/NetUpdate( 2247): mBootCheckZipExist--->false
D/NetUpdate( 2247): progressValue--->0
D/NetUpdate( 2247): mWriteSD--->true
D/NetUpdate( 2247): mBootCheckZipExist--->false
D/NetUpdate( 2247): progressValue--->0
D/NetUpdate( 2247): mWriteSD--->true
D/NetUpdate( 2247): mBootCheckZipExist--->false
D/NetUpdate( 2247): progressValue--->0
D/NetUpdate( 2247): mWriteSD--->true
D/NetUpdate( 2247): mBootCheckZipExist--->false
D/NetUpdate( 2247): progressValue--->0
D/NetUpdate( 2247): mWriteSD--->true
D/NetUpdate( 2247): mBootCheckZipExist--->false
D/NetUpdate( 2247): progressValue--->0
D/NetUpdate( 2247): mWriteSD--->true
D/NetUpdate( 2247): mBootCheckZipExist--->false
D/NetUpdate( 2247): progressValue--->0
D/NetUpdate( 2247): mWriteSD--->true
D/NetUpdate( 2247): mBootCheckZipExist--->false
D/NetUpdate( 2247): progressValue--->0
D/NetUpdate( 2247): mWriteSD--->true
D/NetUpdate( 2247): mBootCheckZipExist--->false
D/NetUpdate( 2247): progressValue--->0
D/NetUpdate( 2247): mWriteSD--->true
D/NetUpdate( 2247): mBootCheckZipExist--->false
D/NetUpdate( 2247): progressValue--->0
D/NetUpdate( 2247): mWriteSD--->true
D/NetUpdate( 2247): mBootCheckZipExist--->false
D/NetUpdate( 2247): progressValue--->0
D/NetUpdate( 2247): mWriteSD--->true
D/NetUpdate( 2247): mBootCheckZipExist--->false
D/NetUpdate( 2247): progressValue--->0
D/NetUpdate( 2247): mWriteSD--->true
D/NetUpdate( 2247): mBootCheckZipExist--->false
D/NetUpdate( 2247): progressValue--->0
D/NetUpdate( 2247): mWriteSD--->true
D/NetUpdate( 2247): mBootCheckZipExist--->false
D/NetUpdate( 2247): progressValue--->0
D/NetUpdate( 2247): mWriteSD--->true
D/NetUpdate( 2247): mBootCheckZipExist--->false
D/NetUpdate( 2247): progressValue--->0
D/NetUpdate( 2247): mWriteSD--->true
D/NetUpdate( 2247): mBootCheckZipExist--->false
D/NetUpdate( 2247): progressValue--->0
D/NetUpdate( 2247): mWriteSD--->true
D/NetUpdate( 2247): mBootCheckZipExist--->false
D/dalvikvm( 1657): GC_CONCURRENT freed 874K, 62% free 3019K/7939K, paused 2ms+2ms
D/HomePlayerLib( 1657): hostaddress count is 1
D/dalvikvm( 1657): GC_CONCURRENT freed 915K, 65% free 2858K/7939K, paused 2ms+3ms
D/dalvikvm( 1657): GC_CONCURRENT freed 704K, 64% free 2878K/7939K, paused 2ms+3ms
D/dalvikvm( 1657): GC_CONCURRENT freed 713K, 64% free 2864K/7939K, paused 2ms+2ms
D/dalvikvm( 1657): GC_CONCURRENT freed 705K, 64% free 2904K/7939K, paused 3ms+3ms
D/NetUpdate( 2247): progressValue--->0
D/NetUpdate( 2247): mWriteSD--->true
D/NetUpdate( 2247): mBootCheckZipExist--->false
D/dalvikvm( 1657): GC_CONCURRENT freed 758K, 64% free 2865K/7939K, paused 2ms+3ms
D/NetUpdate( 2247): progressValue--->0
D/NetUpdate( 2247): mWriteSD--->true
D/NetUpdate( 2247): mBootCheckZipExist--->false
D/NetUpdate( 2247): progressValue--->0
D/NetUpdate( 2247): mWriteSD--->true
D/NetUpdate( 2247): mBootCheckZipExist--->false
D/NetUpdate( 2247): progressValue--->0
D/NetUpdate( 2247): mWriteSD--->true
D/NetUpdate( 2247): mBootCheckZipExist--->false
D/NetUpdate( 2247): progressValue--->0
D/NetUpdate( 2247): mWriteSD--->true
D/NetUpdate( 2247): mBootCheckZipExist--->false
D/NetUpdate( 2247): progressValue--->0
D/NetUpdate( 2247): mWriteSD--->true
D/NetUpdate( 2247): mBootCheckZipExist--->false
D/NetUpdate( 2247): progressValue--->0
D/NetUpdate( 2247): mWriteSD--->true
D/NetUpdate( 2247): mBootCheckZipExist--->false
D/NetUpdate( 2247): progressValue--->0
D/NetUpdate( 2247): mWriteSD--->true
D/NetUpdate( 2247): mBootCheckZipExist--->false
D/NetUpdate( 2247): progressValue--->0
D/NetUpdate( 2247): mWriteSD--->true
D/NetUpdate( 2247): mBootCheckZipExist--->false
D/NetUpdate( 2247): progressValue--->0
D/NetUpdate( 2247): mWriteSD--->true
D/NetUpdate( 2247): mBootCheckZipExist--->false
D/dalvikvm( 1657): GC_CONCURRENT freed 707K, 65% free 2857K/7939K, paused 2ms+2ms
D/dalvikvm( 1657): GC_CONCURRENT freed 704K, 64% free 2858K/7939K, paused 2ms+3ms
D/NetUpdate( 2247): progressValue--->0
D/NetUpdate( 2247): mWriteSD--->true
D/NetUpdate( 2247): mBootCheckZipExist--->false
D/dalvikvm( 1657): GC_CONCURRENT freed 704K, 64% free 2863K/7939K, paused 2ms+2ms
D/NetUpdate( 2247): progressValue--->0
D/NetUpdate( 2247): mWriteSD--->true
D/NetUpdate( 2247): mBootCheckZipExist--->false
D/dalvikvm( 1657): GC_CONCURRENT freed 705K, 64% free 2863K/7939K, paused 2ms+3ms
D/dalvikvm( 1657): GC_CONCURRENT freed 704K, 64% free 2863K/7939K, paused 2ms+3ms
D/dalvikvm( 1657): GC_CONCURRENT freed 704K, 64% free 2863K/7939K, paused 2ms+3ms
D/NetUpdate( 2247): progressValue--->0
D/NetUpdate( 2247): mWriteSD--->true
D/NetUpdate( 2247): mBootCheckZipExist--->false
D/dalvikvm( 1657): GC_CONCURRENT freed 705K, 64% free 2863K/7939K, paused 2ms+3ms
D/NetUpdate( 2247): progressValue--->0
D/NetUpdate( 2247): mWriteSD--->true
D/NetUpdate( 2247): mBootCheckZipExist--->false
D/NetUpdate( 2247): progressValue--->0
D/NetUpdate( 2247): mWriteSD--->true
D/NetUpdate( 2247): mBootCheckZipExist--->false

[ 1195.642154] IR: [03932] scan key value is 0xeb14c936 
[ 1195.642158]  E/WindowManager(  937): ##############################dispatchUnhandledKey

[ 1195.694728] IR: [03932] scan key value is 0xeb14c936 
[ 1195.694733]  
[ 1195.802996] IR: [03932] scan key value is 0xeb14c936 
[ 1195.803000]  D/NetUpdate( 2247): progressValue--->0
D/NetUpdate( 2247): mWriteSD--->true
D/NetUpdate( 2247)
[ 1195.911275] IR: [03932] scan key value is 0xeb14c936 
[ 1195.911279]  : mBootCheckZipExist--->false

[ 1196.019555] IR: [03932] scan key value is 0xeb14c936 
[ 1196.019560]  
[ 1196.127835] IR: [03932] scan key value is 0xeb14c936 
[ 1196.127840]  E/WindowManager(  937): ##############################dispatchUnhandledKey
E/WindowManager(  937): ##############################dispatchUnhandledKey
E/WindowManager(  937): ##############################dispatchUnhandledKey

[ 1196.388318] IR: [03932] scan key value is 0xeb14c936 
[ 1196.388323]  E/WindowManager(  937): ##############################dispatchUnhandledKey

[ 1196.440893] IR: [03932] scan key value is 0xeb14c936 
[ 1196.440898]  
[ 1196.549169] IR: [03932] scan key value is 0xeb14c936 
[ 1196.549173]  D/NetUpdate( 2247): progressValue--->0
D/NetUpdate( 2247): mWriteSD--->true
D/NetUpdate( 2247): mBootCheckZipExist--->false
D/NetUpdate( 2247): progressValue--->0
D/NetUpdate( 2247): mWriteSD--->true
D/NetUpdate( 2247): mBootCheckZipExist--->false

[ 1197.219132] IR: [03932] scan key value is 0xea15c936 
[ 1197.219137]  
[ 1197.271710] IR: [03932] scan key value is 0xea15c936 
[ 1197.271716]  E/fbdev   ( 1021): Attention! GFLIP time out, force update gop ring buffer!
E/fbdev   ( 1021): Attention! GFLIP time out, force update gop ring buffer!

[ 1197.580295] IR: [03932] scan key value is 0xec13c936 
[ 1197.580300]  D/NetUpdate( 2247): progressValue--->0
D/NetUpdate( 2247): mWriteSD--->true
D/NetUpdate( 2247): mBootCheckZipExist--->false

[ 1197.632868] IR: [03932] scan key value is 0xec13c936 
[ 1197.632872]  
[ 1197.741142] IR: [03932] scan key value is 0xec13c936 
[ 1197.741146]  D/NetUpdate( 2247): progressValue--->0
D/NetUpdate( 2247): mWriteSD--->true
D/NetUpdate( 2247): mBootCheckZipExist--->false
E/fbdev   ( 1021): Attention! GFLIP time out, force update gop ring buffer!

[ 1198.130659] IR: [03932] scan key value is 0xea15c936 
[ 1198.130663]  
[ 1198.183238] IR: [03932] scan key value is 0xea15c936 
[ 1198.183243]  I/System.out( 2247): locale ++++++++++++ ()
E/fbdev   ( 1021): Attention! GFLIP time out, force update gop ring buffer!
E/fbdev   ( 1021): Attention! GFLIP time out, force update gop ring buffer!
D/CheckNetWork( 1644): isOk true
D/CheckNetWork( 1644): ActInfoNetworkInfo: type: WIFI[], state: CONNECTED/CONNECTED, reason: (unspecified), extra: (none), roaming: false, failover: false, isAvailable: true
D/CheckNetWork( 1644): infoNetworkInfo: type: WIFI[], state: CONNECTED/CONNECTED, reason: (unspecified), extra: (none), roaming: false, failover: false, isAvailable: true
D/HomePlayerLib( 1657): hostaddress count is 1
D/dalvikvm( 1657): GC_CONCURRENT freed 719K, 65% free 2852K/7939K, paused 2ms+2ms
D/NetUpdate( 2247): progressValue--->0
D/NetUpdate( 2247): mWriteSD--->true
D/NetUpdate( 2247): mBootCheckZipExist--->false

[ 1198.928964] IR: [03932] scan key value is 0xec13c936 
[ 1198.928969]  D/dalvikvm( 1657): GC_CONCURRENT
[ 1198.981533] IR: [03932] scan key value is 0xec13c936 
[ 1198.981537]   freed 700K, 65% free 2857K/7939K, paused 3ms+3ms

[ 1199.089808] IR: [03932] scan key value is 0xec13c936 
[ 1199.089813]  D/dalvikvm( 1657): GC_CONCURRENT freed 700K, 64% free 2858K/7939K, paused 2ms+2ms
I/System.out( 2247): locale ++++++++++++ ()
D/dalvikvm( 1657): GC_CONCURRENT freed 704K, 63% free 2984K/7939K, paused 3ms+3ms
E/fbdev   ( 1021): Attention! GFLIP time out, force update gop ring buffer!
D/dalvikvm( 1657): GC_CONCURRENT freed 877K, 63% free 2961K/7939K, paused 2ms+2ms
D/NetUpdate( 2247): progressValue--->0
D/NetUpdate( 2247): mWriteSD--->true
D/NetUpdate( 2247): mBootCheckZipExist--->false
D/dalvikvm( 1657): GC_CONCURRENT freed 832K, 64% free 2860K/7939K, paused 2ms+3ms
D/NetUpdate( 2247): progressValue--->0
D/NetUpdate( 2247): mWriteSD--->true
D/NetUpdate( 2247): mBootCheckZipExist--->false
D/NetUpdate( 2247): progressValue--->0
D/NetUpdate( 2247): mWriteSD--->true
D/NetUpdate( 2247): mBootCheckZipExist--->false
D/NetUpdate( 2247): progressValue--->0
D/NetUpdate( 2247): mWriteSD--->true
D/NetUpdate( 2247): mBootCheckZipExist--->false
D/NetUpdate( 2247): progressValue--->0
D/NetUpdate( 2247): mWriteSD--->true
D/NetUpdate( 2247)
[ 1201.617605] IR: [03932] scan key value is 0xeb14c936 
[ 1201.617610]  : mBootCheckZipExist--->false

[ 1201.670177] IR: [03932] scan key value is 0xeb14c936 
[ 1201.670182]  E/fbdev   ( 1021): Attention! GFLIP time out, force update gop ring buffer!
D/InputEventConsistencyVerifier( 2247): KeyEvent: ACTION_UP but key was not down.
D/InputEventConsistencyVerifier( 2247):   in com.android.internal.policy.impl.PhoneWindow$DecorView@42d62c70
D/InputEventConsistencyVerifier( 2247):   0: sent at 1201836000000, KeyEvent { action=ACTION_UP, keyCode=KEYCODE_DPAD_RIGHT, scanCode=106, metaState=0, flags=0x8, repeatCount=0, eventTime=1201836, downTime=1201624, deviceId=1, source=0x101 }
D/InputEventConsistencyVerifier( 2247):   -- recent events --
D/InputEventConsistencyVerifier( 2247):   1: sent at 1199256000000, KeyEvent { action=ACTION_UP, keyCode=KEYCODE_ENTER, scanCode=28, metaState=0, flags=0x8, repeatCount=0, eventTime=1199256, downTime=1198934, deviceId=1, source=0x101 }
D/InputEventConsistencyVerifier( 2247):   2: sent at 1198934000000, KeyEvent { action=ACTION_DOWN, keyCode=KEYCODE_ENTER, scanCode=28, metaState=0, flags=0x8, repeatCount=0, eventTime=1198934, downTime=1198934, deviceId=1, source=0x101 }
D/InputEventConsistencyVerifier( 2247):   3: sent at 1198348000000, (unhandled) KeyEvent { action=ACTION_UP, keyCode=KEYCODE_DPAD_DOWN, scanCode=108, metaState=0, flags=0x8, repeatCount=0, eventTime=1198348, downTime=1198136, deviceId=1, source=0x101 }
D/InputEventConsistencyVerifier( 2247):   4: sent at 1198136000000, KeyEvent { action=ACTION_DOWN, keyCode=KEYCODE_DPAD_DOWN, scanCode=108, metaState=0, flags=0x8, repeatCount=0, eventTime=1198136, downTime=1198136, deviceId=1, source=0x101 }
D/InputEventConsistencyVerifier( 2247):   5: sent at 1197904000000, KeyEvent { action=ACTION_UP, keyCode=KEYCODE_ENTER, scanCode=28, metaState=0, flags=0x8, repeatCount=0, eventTime=1197904, downTime=1197585, deviceId=1, source=0x101 }
D/NetUpdate( 2247): progressValue--->0
D/NetUpdate( 2247): mWriteSD--->true
D/NetUpdate( 2247): mBootCheckZipExist--->false

[ 1202.111858] IR: [03932] scan key value is 0xed12c936 
[ 1202.111863]  
[ 1202.164433] IR: [03932] scan key value is 0xed12c936 
[ 1202.164438]  E/fbdev   ( 1021): Attention! GFLIP time out, force update gop ring buffer!
E/fbdev   ( 1021): Attention! GFLIP time out, force update gop ring buffer!
D/InputEventConsistencyVerifier( 2247): KeyEvent: ACTION_UP but key was not down.
D/InputEventConsistencyVerifier( 2247):   in android.widget.LinearLayout@42d3cef8
D/InputEventConsistencyVerifier( 2247):   0: sent at 1202328000000, KeyEvent { action=ACTION_UP, keyCode=KEYCODE_DPAD_LEFT, scanCode=105, metaState=0, flags=0x8, repeatCount=0, eventTime=1202328, downTime=1202117, deviceId=1, source=0x101 }
D/InputEventConsistencyVerifier( 2247):   -- recent events --
D/InputEventConsistencyVerifier( 2247):   1: sent at 1199256000000, KeyEvent { action=ACTION_UP, keyCode=KEYCODE_ENTER, scanCode=28, metaState=0, flags=0x8, repeatCount=0, eventTime=1199256, downTime=1198934, deviceId=1, source=0x101 }
D/InputEventConsistencyVerifier( 2247):   2: sent at 1198934000000, KeyEvent { action=ACTION_DOWN, keyCode=KEYCODE_ENTER, scanCode=28, metaState=0, flags=0x8, repeatCount=0, eventTime=1198934, downTime=1198934, deviceId=1, source=0x101 }
D/InputEventConsistencyVerifier( 2247):   3: sent at 1198348000000, (unhandled) KeyEvent { action=ACTION_UP, keyCode=KEYCODE_DPAD_DOWN, scanCode=108, metaState=0, flags=0x8, repeatCount=0, eventTime=1198348, downTime=1198136, deviceId=1, source=0x101 }
[ 1202.442631] IR: [03932] scan key value is 0xec13c936 
[ 1202.442636]  
                D/InputEventConsistencyVerifier( 2247):   4: sent at 1198136000000, KeyEvent { action=ACTION_DOWN, keyCode=KEYCODE_DPAD_DOWN, scanCode=108, metaState=0, flags=0x8, repeatCount=0, eventTime=1198136, downTime=1198136, deviceId=1, source=0x101 }
D/InputEventConsistencyVerifier( 2247):   5: sent at 1197904000000, KeyEvent { action=ACTION_UP, keyCode=KEYCODE_ENTER, scanCode=28, metaState=0, flags=0x8, repeatCount=0, eventTime=1197904, downTime=1197585, deviceId=1, source=0x101 }

[ 1202.495199] IR: [03932] scan key value is 0xec13c936 
[ 1202.495203]  D/NetUpdate( 2247): progressValue--->0
D/NetUpdate( 2247): mWriteSD--->true
D/NetUpdate( 2247): mBootCheckZipExist--->false
E/fbdev   ( 1021): Attention! GFLIP time out, force update gop ring buffer!
D/NetUpdate( 2247): progressValue--->0
D/NetUpdate( 2247): mWriteSD--->true
D/NetUpdate( 2247): mBootCheckZipExist--->false
D/NetUpdate( 2247): progressValue--->0
D/NetUpdate( 2247): mWriteSD--->true
D/NetUpdate( 2247): mBootCheckZipExist--->false
D/NetUpdate( 2247): progressValue--->0
D/NetUpdate( 2247): mWriteSD--->true
D/NetUpdate( 2247): mBootCheckZipExist--->false
D/NetUpdate( 2247): progressValue--->0
D/NetUpdate( 2247): mWriteSD--->true
D/NetUpdate( 2247): mBootCheckZipExist--->false
D/NetUpdate( 2247): progressValue--->0
D/NetUpdate( 2247): mWriteSD--->true
D/NetUpdate( 2247): mBootCheckZipExist--->false

[ 1206.279107] IR: [03932] scan key value is 0xea15c936 
[ 1206.279112]  
[ 1206.331682] IR: [03932] scan key value is 0xea15c936 
[ 1206.331687]  I/System.out( 2247): locale ++++++++++++ ()
E/fbdev   ( 1021): Attention! GFLIP time out, force update gop ring buffer!

[ 1206.439960] IR: [03932] scan key value is 0xea15c936 
[ 1206.439965]  E/fbdev   ( 1021): Attention! GFLIP time out, force update gop ring buffer!

[ 1206.548228] IR: [03932] scan key value is 0xea15c936 
[ 1206.548233]  
[ 1206.656501] IR: [03932] scan key value is 0xea15c936 
[ 1206.656506]  E/fbdev   ( 1021
[ 1206.856444] IR: [03932] scan key value is 0xea15c936 
[ 1206.856450]  ): Attention! GFLIP time out, force update gop ring buffer!

[ 1206.909011] IR: [03932] scan key value is 0xea15c936 
[ 1206.909016]  D/NetUpdate( 2247): progressValue--->0
D/NetUpdate( 2247): mWriteSD--->true
D/NetUpdate( 2247): mBootCheckZipExist--->false
E/fbdev   ( 1021): Attention! GFLIP time out, force update gop ring buffer!
E/fbdev   ( 1021): Attention! GFLIP time out, force update gop ring buffer!
E/fbdev   ( 1021): Attention! GFLIP time out, force update gop ring buffer!

[ 1207.146430] IR: [03932] scan key value is 0xea15c936 
[ 1207.146436]  
[ 1207.198999] IR: [03932] scan key value is 0xea15c936 
[ 1207.199004]  E/fbdev   ( 1021): Attention! GFLIP time out, force update gop ring buffer!
E/fbdev   ( 1021): Attention! GFLIP time out, force update gop ring buffer!
D/NetUpdate( 2247): progressValue--->0
D/NetUpdate( 2247): mWriteSD--->true
D/NetUpdate( 2247): mBootCheckZipExist--->false

[ 1208.097812] IR: [03932] scan key value is 0xea15c936 
[ 1208.097817]  
[ 1208.150383] IR: [03932] scan key value is 0xea15c936 
[ 1208.150388]  I/System.out( 2247): SystemPropertiesClass--->class android.media.AudioManager
W/System.err( 2247): java.lang.NoSuchMethodException: getBluetoothHeadsetAction []
W/System.err( 2247):    at java.lang.Class.getConstructorOrMethod(Class.java:460)
W/System.err( 2247):    at java.lang.Class.getMethod(Class.java:915)
W/System.err( 2247):    at com.coship.dvbsetting.systemsetting.childview.AudioOutput.getPropertiesAction(AudioOutput.java:225)
W/System.err( 2247):    at com.coship.dvbsetting.systemsetting.childview.AudioOutput.show(AudioOutput.java:176)
W/System.err( 2247):    at com.coship.dvbsetting.ExpanItem.clickandselect(ExpanItem.java:199)
W/System.err( 2247):    at com.coship.dvbsetting.ExpanItem.access$000(ExpanItem.java:33)
W/System.err( 2247):    at com.coship.dvbsetting.ExpanItem$onitemselect.onItemSelected(ExpanItem.java:151)
W/System.err( 2247):    at android.widget.AdapterView.fireOnSelected(AdapterView.java:882)
W/System.err( 2247):    at android.widget.AdapterView.access$200(AdapterView.java:48)
W/System.err( 2247):    at android.widget.AdapterView$SelectionNotifier.run(AdapterView.java:848)
W/System.err( 2247):    at android.os.Handler.handleCallback(Handler.java:605)
W/System.err( 2247):    at android.os.Handler.dispatchMessage(Handler.java:92)
W/System.err( 2247):    at android.os.Looper.loop(Looper.java:137)
W/System.err( 2247):    at android.app.ActivityThread.main(ActivityThread.java:4424)
W/System.err( 2247):    at java.lang.reflect.Method.invokeNative(Native Method)
W/System.err( 2247):    at java.lang.reflect.Method.invoke(Method.java:511)
W/System.err( 2247):    at com.android.internal.os.ZygoteInit$MethodAndArgsCaller.run(ZygoteInit.java:848)
W/System.err( 2247):    at com.android.internal.os.ZygoteInit.main(ZygoteInit.java:575)
W/System.err( 2247):    at dalvik.system.NativeStart.main(Native Method)
I/System.out( 2247): could not find class
I/System.out( 2247): [AudioOutput]:status--->false
E/fbdev   ( 1021): Attention! GFLIP time out, force update gop ring buffer!
E/fbdev   ( 1021): Attention! GFLIP time out, force update gop ring buffer!

[ 1208.612554] IR: [03932] scan key value is 0xea15c936 
[ 1208.612559]  
[ 1208.665125] IR: [03932] scan key value is 0xea15c936 
[ 1208.665129]  E/fbdev   ( 1021): Attention! GFLIP time out, force update gop ring buffer!
D/AlarmManagerService(  937): Kernel timezone updated to -480 minutes west of GMT
E/fbdev   ( 1021): Attention! GFLIP time out, force update gop ring buffer!
D/NetUpdate( 2247): progressValue--->0
D/NetUpdate( 2247): mWriteSD--->true
D/NetUpdate( 2247): mBootCheckZipExist--->false
E/CACHE   ( 1872): cleared
I/zomut.watchdog.monitor( 1872): initgather
I/zomut.watchdog.monitor( 1872): endgather
I/zomut.watchdog.monitor( 1872): init
D/HomePlayerLib( 1657): hostaddress count is 1
D/NetUpdate( 2247): progressValue--->0
D/NetUpdate( 2247): mWriteSD--->true
D/NetUpdate( 2247): mBootCheckZipExist--->false
I/zomut.watchdog.monitor( 1872): end
D/dalvikvm( 1872): GC_CONCURRENT freed 1953K, 46% free 6855K/12547K, paused 11ms+3ms
D/dalvikvm( 1657): GC_CONCURRENT freed 711K, 63% free 3013K/7939K, paused 3ms+3ms
D/dalvikvm( 1657): GC_CONCURRENT freed 906K, 64% free 2918K/7939K, paused 2ms+3ms
D/dalvikvm( 1657): GC_CONCURRENT freed 769K, 64% free 2907K/7939K, paused 2ms+2ms
D/dalvikvm( 1657): GC_CONCURRENT freed 756K, 64% free 2864K/7939K, paused 2ms+3ms
D/dalvikvm( 1657): GC_CONCURRENT freed 708K, 65% free 2857K/7939K, paused 2ms+2ms
D/NetUpdate( 2247): progressValue--->0
D/NetUpdate( 2247): mWriteSD--->true
D/NetUpdate( 2247): mBootCheckZipExist--->false
D/NetUpdate( 2247): progressValue--->0
D/NetUpdate( 2247): mWriteSD--->true
D/NetUpdate( 2247): mBootCheckZipExist--->false
D/NetUpdate( 2247): progressValue--->0
D/NetUpdate( 2247): mWriteSD--->true
D/NetUpdate( 2247): mBootCheckZipExist--->false
D/NetUpdate( 2247): progressValue--->0
D/NetUpdate( 2247): mWriteSD--->true
D/NetUpdate( 2247): mBootCheckZipExist--->false
D/NetUpdate( 2247): progressValue--->0
D/NetUpdate( 2247): mWriteSD--->true
D/NetUpdate( 2247): mBootCheckZipExist--->false
D/NetUpdate( 2247): progressValue--->0
D/NetUpdate( 2247): mWriteSD--->true
D/NetUpdate( 2247): mBootCheckZipExist--->false
D/NetUpdate( 2247): progressValue--->0
D/NetUpdate( 2247): mWriteSD--->true
D/NetUpdate( 2247): mBootCheckZipExist--->false

[ 1213.790164] IR: [03932] scan key value is 0xea15c936 
[ 1213.790169]  
[ 1213.842718] IR: [03932] scan key value is 0xea15c936 
[ 1213.842723]  I/City    ( 2247): -----------------------parser.getName()--------shenzhen
I/City    ( 2247): -----------------------parser--------
E/fbdev   ( 1021): Attention! GFLIP time out, force update gop ring buffer!
I/City    ( 2247): -----------------------parser.getName()--------wuhan
I/City    ( 2247): -----------------------parser--------
I/City    ( 2247): -----------------------parser.getName()--------beijing
I/City    ( 2247): -----------------------parser--------
I/City    ( 2247): -----------------------parser.getName()--------nanning
I/City    ( 2247): -----------------------parser--------
D/NetUpdate( 2247): progressValue--->0
D/NetUpdate( 2247): mWriteSD--->true
D/NetUpdate( 2247): mBootCheckZipExist--->false
E/fbdev   ( 1021): Attention! GFLIP time out, force update gop ring buffer!
E/fbdev   ( 1021): Attention! GFLIP time out, force update gop ring buffer!
D/dalvikvm( 1657): GC_CONCURRENT freed 704K, 64% free 2861K/7939K, paused 2ms+3ms

[ 1214.341859] IR: [03932] scan key value is 0xeb14c936 
[ 1214.341863]  
[ 1214.394423] IR: [03932] scan key value is 0xeb14c936 
[ 1214.394428]  E/fbdev   ( 1021): Attention! GFLIP time out, force update gop ring buffer!
D/dalvikvm( 1657): GC_CONCURRENT freed 704K, 64% free 2863K/7939K, paused 2ms+3ms
D/InputEventConsistencyVerifier( 2247): KeyEvent: ACTION_UP but key was not down.
D/InputEventConsistencyVerifier( 2247):   in com.android.internal.policy.impl.PhoneWindow$DecorView@42d62c70
D/InputEventConsistencyVerifier( 2247):   0: sent at 1214560000000, KeyEvent { action=ACTION_UP, keyCode=KEYCODE_DPAD_RIGHT, scanCode=106, metaState=0, flags=0x8, repeatCount=0, eventTime=1214560, downTime=1214347, deviceId=1, source=0x101 }
D/InputEventConsistencyVerifier( 2247):   -- recent events --
D/InputEventConsistencyVerifier( 2247):   1: sent at 1214020000000, (unhandled) KeyEvent { action=ACTION_UP, keyCode=KEYCODE_DPAD_DOWN, scanCode=108, metaState=0, flags=0x8, repeatCount=0, eventTime=1214020, downTime=1213795, deviceId=1, source=0x101 }
D/InputEventConsistencyVerifier( 2247):   2: sent at 1213795000000, KeyEvent { action=ACTION_DOWN, keyCode=KEYCODE_DPAD_DOWN, scanCode=108, metaState=0, flags=0x8, repeatCount=0, eventTime=1213795, downTime=1213795, deviceId=1, source=0x101 }
D/InputEventConsistencyVerifier( 2247):   3: sent at 1208840000000, (unhandled) KeyEvent { action=ACTION_UP, keyCode=KEYCODE_DPAD_DOWN, scanCode=108, metaState=0, flags=0x8, repeatCount=0, eventTime=1208840, downTime=1208618, deviceId=1, source=0x101 }
D/InputEventConsistencyVerifier( 2247):   4: sent at 1208618000000, KeyEvent { action=ACTION_DOWN, keyCode=KEYCODE_DPAD_DOWN, scanCode=108, metaState=0, flags=0x8, repeatCount=0, eventTime=1208618, downTime=1208618, deviceId=1, source=0x101 }
D/InputEventConsistencyVerifier( 2247):   5: sent at 1208316000000, (unhandled) KeyEvent { action=ACTION_UP, keyCode=KEYCODE_DPAD_DOWN, scanCode=108, metaState=0, flags=0x8, repeatCount=0, eventTime=1208316, downTime=1208103, deviceId=1, source=0x101 }
D/NetUpdate( 2247): progressValue--->0
D/NetUpdate( 2247): mWriteSD--->true
D/NetUpdate( 2247): mBootCheckZipExist--->false
D/dalvikvm( 1657): GC_CONCURRENT freed 704K, 64% free 2863K/7939K, paused 2ms+2ms

[ 1214.869132] IR: [03932] scan key value is 0xec13c936 
[ 1214.869137]  
[ 1214.921701] IR: [03932] scan key value is 0xec13c936 
[ 1214.921705]  E/fbdev   ( 1021): Attention! GFLIP time out, force update gop ring buffer!
D/dalvikvm( 1657): GC_CONCURRENT freed 705K, 64% free 2863K/7939K, paused 2ms+4ms
E/fbdev   ( 1021): Attention! GFLIP time out, force update gop ring buffer!
E/fbdev   ( 1021): Attention! GFLIP time out, force update gop ring buffer!
E/fbdev   ( 1021): Attention! GFLIP time out, force update gop ring buffer!
E/fbdev   ( 1021): Attention! GFLIP time out, force update gop ring buffer!
E/fbdev   ( 1021): Attention! GFLIP time out, force update gop ring buffer!
E/fbdev   ( 1021): Attention! GFLIP time out, force update gop ring buffer!
E/fbdev   ( 1021): Attention! GFLIP time out, force update gop ring buffer!
E/fbdev   ( 1021): Attention! GFLIP time out, force update gop ring buffer!
E/fbdev   ( 1021): Attention! GFLIP time out, force update gop ring buffer!
E/fbdev   ( 1021): Attention! GFLIP time out, force update gop ring buffer!
E/fbdev   ( 1021): Attention! GFLIP time out, force update gop ring buffer!
E/fbdev   ( 1021): Attention! GFLIP time out, force update gop ring buffer!
E/fbdev   ( 1021): Attention! GFLIP time out, force update gop ring buffer!
E/fbdev   ( 1021): Attention! GFLIP time out, force update gop ring buffer!
E/fbdev   ( 1021): Attention! GFLIP time out, force update gop ring buffer!
E/fbdev   ( 1021): Attention! GFLIP time out, force update gop ring buffer!
E/fbdev   ( 1021): Attention! GFLIP time out, force update gop ring buffer!
E/fbdev   ( 1021): Attention! GFLIP time out, force update gop ring buffer!
D/dalvikvm( 1657): GC_CONCURRENT freed 704K, 64% free 2860K/7939K, paused 2ms+2ms
D/NetUpdate( 2247): progressValue--->0
D/NetUpdate( 2247): mWriteSD--->true
D/NetUpdate( 2247): mBootCheckZipExist--->false
D/dalvikvm( 1657): GC_CONCURRENT freed 704K, 64% free 2863K/7939K, paused 2ms+3ms
D/NetUpdate( 2247): progressValue--->0
D/NetUpdate( 2247): mWriteSD--->true
D/NetUpdate( 2247): mBootCheckZipExist--->false
D/dalvikvm( 1657): GC_CONCURRENT freed 705K, 64% free 2863K/7939K, paused 2ms+2ms
E/fbdev   ( 1021): Attention! GFLIP time out, force update gop ring buffer!
E/fbdev   ( 1021): Attention! GFLIP time out, force update gop ring buffer!
E/fbdev   ( 1021): Attention! GFLIP time out, force update gop ring buffer!
E/fbdev   ( 1021): Attention! GFLIP time out, force update gop ring buffer!
E/fbdev   ( 1021): Attention! GFLIP time out, force update gop ring buffer!
E/fbdev   ( 1021): Attention! GFLIP time out, force update gop ring buffer!
E/fbdev   ( 1021): Attention! GFLIP time out, force update gop ring buffer!
E/fbdev   ( 1021): Attention! GFLIP time out, force update gop ring buffer!
E/fbdev   ( 1021): Attention! GFLIP time out, force update gop ring buffer!
E/fbdev   ( 1021): Attention! GFLIP time out, force update gop ring buffer!
E/fbdev   ( 1021): Attention! GFLIP time out, force update gop ring buffer!
E/fbdev   ( 1021): Attention! GFLIP time out, force update gop ring buffer!
E/fbdev   ( 1021): Attention! GFLIP time out, force update gop ring buffer!
E/fbdev   ( 1021): Attention! GFLIP time out, force update gop ring buffer!
E/fbdev   ( 1021): Attention! GFLIP time out, force update gop ring buffer!
E/fbdev   ( 1021): Attention! GFLIP time out, force update gop ring buffer!
E/fbdev   ( 1021): Attention! GFLIP time out, force update gop ring buffer!
E/fbdev   ( 1021): Attention! GFLIP time out, force update gop ring buffer!
E/fbdev   ( 1021): Attention! GFLIP time out, force update gop ring buffer!
E/fbdev   ( 1021): Attention! GFLIP time out, force update gop ring buffer!
E/fbdev   ( 1021): Attention! GFLIP time out, force update gop ring buffer!
E/fbdev   ( 1021): Attention! GFLIP time out, force update gop ring buffer!
E/fbdev   ( 1021): Attention! GFLIP time out, force update gop ring buffer!
E/fbdev   ( 1021): Attention! GFLIP time out, force update gop ring buffer!
E/fbdev   ( 1021): Attention! GFLIP time out, force update gop ring buffer!
E/fbdev   ( 1021): Attention! GFLIP time out, force update gop ring buffer!
E/fbdev   ( 1021): Attention! GFLIP time out, force update gop ring buffer!
E/fbdev   ( 1021): Attention! GFLIP time out, force update gop ring buffer!
D/NetUpdate( 2247): progressValue--->0
D/NetUpdate( 2247): mWriteSD--->true
D/NetUpdate( 2247): mBootCheckZipExist--->false
D/NetUpdate( 2247): progressValue--->0
D/NetUpdate( 2247): mWriteSD--->true
D/NetUpdate( 2247): mBootCheckZipExist--->false
D/NetUpdate( 2247): progressValue--->0
D/NetUpdate( 2247): mWriteSD--->true
D/NetUpdate( 2247): mBootCheckZipExist--->false
D/NetUpdate( 2247): progressValue--->0
D/NetUpdate( 2247): mWriteSD--->true
D/NetUpdate( 2247): mBootCheckZipExist--->false
D/NetUpdate( 2247): progressValue--->0
D/NetUpdate( 2247): mWriteSD--->true
D/NetUpdate( 2247): mBootCheckZipExist--->false
D/NetUpdate( 2247): progressValue--->0
D/NetUpdate( 2247): mWriteSD--->true
D/NetUpdate( 2247): mBootCheckZipExist--->false
D/NetUpdate( 2247): progressValue--->0
D/NetUpdate( 2247): mWriteSD--->true
D/NetUpdate( 2247): mBootCheckZipExist--->false
D/NetUpdate( 2247): progressValue--->0
D/NetUpdate( 2247): mWriteSD--->true
D/NetUpdate( 2247): mBootCheckZipExist--->false
D/HomePlayerLib( 1657): hostaddress count is 1
D/dalvikvm( 1657): GC_CONCURRENT freed 719K, 63% free 2959K/7939K, paused 2ms+2ms
D/dalvikvm( 1657): GC_CONCURRENT freed 847K, 65% free 2836K/7939K, paused 2ms+2ms
D/dalvikvm( 1657): GC_CONCURRENT freed 666K, 63% free 2944K/7939K, paused 2ms+2ms
D/NetUpdate( 2247): progressValue--->0
D/NetUpdate( 2247): mWriteSD--->true
D/NetUpdate( 2247): mBootCheckZipExist--->false
D/dalvikvm( 1657): GC_CONCURRENT freed 824K, 64% free 2874K/7939K, paused 2ms+3ms
D/dalvikvm( 1657): GC_CONCURRENT freed 717K, 64% free 2862K/7939K, paused 2ms+3ms
D/NetUpdate( 2247): progressValue--->0
D/NetUpdate( 2247): mWriteSD--->true
D/NetUpdate( 2247): mBootCheckZipExist--->false
D/dalvikvm( 1657): GC_CONCURRENT freed 718K, 64% free 2860K/7939K, paused 2ms+3ms
D/NetUpdate( 2247): progressValue--->0
D/NetUpdate( 2247): mWriteSD--->true
D/NetUpdate( 2247): mBootCheckZipExist--->false
D/NetUpdate( 2247): progressValue--->0
D/NetUpdate( 2247): mWriteSD--->true
D/NetUpdate( 2247): mBootCheckZipExist--->false
D/NetUpdate( 2247): progressValue--->0
D/NetUpdate( 2247): mWriteSD--->true
D/NetUpdate( 2247): mBootCheckZipExist--->false
D/NetUpdate( 2247): progressValue--->0
D/NetUpdate( 2247): mWriteSD--->true
D/NetUpdate( 2247): mBootCheckZipExist--->false
D/NetUpdate( 2247): progressValue--->0
D/NetUpdate( 2247): mWriteSD--->true
D/NetUpdate( 2247): mBootCheckZipExist--->false
D/NetUpdate( 2247): progressValue--->0
D/NetUpdate( 2247): mWriteSD--->true
D/NetUpdate( 2247): mBootCheckZipExist--->false
D/NetUpdate( 2247): progressValue--->0
D/NetUpdate( 2247): mWriteSD--->true
D/NetUpdate( 2247): mBootCheckZipExist--->false
D/NetUpdate( 2247): progressValue--->0
D/NetUpdate( 2247): mWriteSD--->true
D/NetUpdate( 2247): mBootCheckZipExist--->false
D/NetUpdate( 2247): progressValue--->0
D/NetUpdate( 2247): mWriteSD--->true
D/NetUpdate( 2247): mBootCheckZipExist--->false
D/NetUpdate( 2247): progressValue--->0
D/NetUpdate( 2247): mWriteSD--->true
D/NetUpdate( 2247): mBootCheckZipExist--->false
D/NetUpdate( 2247): progressValue--->0
D/NetUpdate( 2247): mWriteSD--->true
D/NetUpdate( 2247): mBootCheckZipExist--->false
D/NetUpdate( 2247): progressValue--->0
D/NetUpdate( 2247): mWriteSD--->true
D/NetUpdate( 2247): mBootCheckZipExist--->false
D/NetUpdate( 2247): progressValue--->0
D/NetUpdate( 2247): mWriteSD--->true
D/NetUpdate( 2247): mBootCheckZipExist--->false
D/NetUpdate( 2247): progressValue--->0
D/NetUpdate( 2247): mWriteSD--->true
D/NetUpdate( 2247): mBootCheckZipExist--->false
D/NetUpdate( 2247): progressValue--->0
D/NetUpdate( 2247): mWriteSD--->true
D/NetUpdate( 2247): mBootCheckZipExist--->false
D/NetUpdate( 2247): progressValue--->0
D/NetUpdate( 2247): mWriteSD--->true
D/NetUpdate( 2247): mBootCheckZipExist--->false
D/NetUpdate( 2247): progressValue--->0
D/NetUpdate( 2247): mWriteSD--->true
D/NetUpdate( 2247): mBootCheckZipExist--->false
D/NetUpdate( 2247): progressValue--->0
D/NetUpdate( 2247): mWriteSD--->true
D/NetUpdate( 2247): mBootCheckZipExist--->false
D/NetUpdate( 2247): progressValue--->0
D/NetUpdate( 2247): mWriteSD--->true
D/NetUpdate( 2247): mBootCheckZipExist--->false
D/NetUpdate( 2247): progressValue--->0
D/NetUpdate( 2247): mWriteSD--->true
D/NetUpdate( 2247): mBootCheckZipExist--->false
D/HomePlayerLib( 1657): hostaddress count is 1
D/dalvikvm( 1657): GC_CONCURRENT freed 715K, 65% free 2853K/7939K, paused 2ms+3ms
D/dalvikvm( 1657): GC_CONCURRENT freed 701K, 64% free 2863K/7939K, paused 2ms+2ms
D/dalvikvm( 1657): GC_CONCURRENT freed 704K, 64% free 2931K/7939K, paused 2ms+2ms
D/NetUpdate( 2247): progressValue--->0
D/NetUpdate( 2247): mWriteSD--->true
D/NetUpdate( 2247): mBootCheckZipExist--->false
D/dalvikvm( 1657): GC_CONCURRENT freed 806K, 61% free 3128K/7939K, paused 2ms+3ms
D/NetUpdate( 2247): progressValue--->0
D/NetUpdate( 2247): mWriteSD--->true
D/NetUpdate( 2247): mBootCheckZipExist--->false
D/dalvikvm( 1657): GC_CONCURRENT freed 1067K, 63% free 2961K/7939K, paused 2ms+3ms
D/NetUpdate( 2247): progressValue--->0
D/NetUpdate( 2247): mWriteSD--->true
D/NetUpdate( 2247): mBootCheckZipExist--->false
D/NetUpdate( 2247): progressValue--->0
D/NetUpdate( 2247): mWriteSD--->true
D/NetUpdate( 2247): mBootCheckZipExist--->false
D/NetUpdate( 2247): progressValue--->0
D/NetUpdate( 2247): mWriteSD--->true
D/NetUpdate( 2247): mBootCheckZipExist--->false
D/NetUpdate( 2247): progressValue--->0
D/NetUpdate( 2247): mWriteSD--->true
D/NetUpdate( 2247): mBootCheckZipExist--->false
D/NetUpdate( 2247): progressValue--->0
D/NetUpdate( 2247): mWriteSD--->true
D/NetUpdate( 2247): mBootCheckZipExist--->false
D/NetUpdate( 2247): progressValue--->0
D/NetUpdate( 2247): mWriteSD--->true
D/NetUpdate( 2247): mBootCheckZipExist--->false
D/dalvikvm( 1657): GC_CONCURRENT freed 830K, 63% free 2981K/7939K, paused 2ms+3ms
D/NetUpdate( 2247): progressValue--->0
D/NetUpdate( 2247): mWriteSD--->true
D/NetUpdate( 2247): mBootCheckZipExist--->false
D/dalvikvm( 1657): GC_CONCURRENT freed 876K, 65% free 2849K/7939K, paused 2ms+2ms
D/NetUpdate( 2247): progressValue--->0
D/NetUpdate( 2247): mWriteSD--->true
D/NetUpdate( 2247): mBootCheckZipExist--->false
D/dalvikvm( 1657): GC_CONCURRENT freed 701K, 65% free 2833K/7939K, paused 2ms+2ms
D/dalvikvm( 1657): GC_CONCURRENT freed 662K, 64% free 2862K/7939K, paused 2ms+3ms
D/dalvikvm( 1657): GC_CONCURRENT freed 704K, 64% free 2863K/7939K, paused 2ms+3ms
D/NetUpdate( 2247): progressValue--->0
D/NetUpdate( 2247): mWriteSD--->true
D/NetUpdate( 2247): mBootCheckZipExist--->false
D/dalvikvm( 1657): GC_CONCURRENT freed 704K, 64% free 2863K/7939K, paused 2ms+3ms
D/NetUpdate( 2247): progressValue--->0
D/NetUpdate( 2247): mWriteSD--->true
D/NetUpdate( 2247): mBootCheckZipExist--->false
D/NetUpdate( 2247): progressValue--->0
D/NetUpdate( 2247): mWriteSD--->true
D/NetUpdate( 2247): mBootCheckZipExist--->false
D/NetUpdate( 2247): progressValue--->0
D/NetUpdate( 2247): mWriteSD--->true
D/NetUpdate( 2247): mBootCheckZipExist--->false
D/NetUpdate( 2247): progressValue--->0
D/NetUpdate( 2247): mWriteSD--->true
D/NetUpdate( 2247): mBootCheckZipExist--->false

[ 1238.792360] IR: [03932] scan key value is 0xea15c936 
[ 1238.792365]  E/fbdev   ( 1021): Attention! GFLIP time out, force update gop ring buffer!

[ 1238.844875] IR: [03932] scan key value is 0xea15c936 
[ 1238.844880]  D/NetUpdate( 2247): progressValue--->0
D/NetUpdate( 2247): mWriteSD--->true
D/NetUpdate( 2247): mBootCheckZipExist--->false

[ 1239.168248] IR: [03932] scan key value is 0xea15c936 
[ 1239.168253]  E/fbdev   ( 1021): Attention! GFLIP time out, force update gop ring buffer!

[ 1239.220825] IR: [03932] scan key value is 0xea15c936 
[ 1239.220830]  E/fbdev   ( 1021): Attention! GFLIP time out, force update gop ring buffer!
E/fbdev   ( 1021): Attention! GFLIP time out, force update gop ring buffer!
E/fbdev   ( 1021): Attention! GFLIP time out, force update gop ring buffer!
E/fbdev   ( 1021): Attention! GFLIP time out, force update gop ring buffer!
E/fbdev   ( 1021): Attention! GFLIP time out, force update gop ring buffer!
E/fbdev   ( 1021): Attention! GFLIP time out, force update gop ring buffer!
E/fbdev   ( 1021): Attention! GFLIP time out, force update gop ring buffer!
E/fbdev   ( 1021): Attention! GFLIP time out, force update gop ring buffer!
E/fbdev   ( 1021): Attention! GFLIP time out, force update gop ring buffer!
E/fbdev   ( 1021): Attention! GFLIP time out, force update gop ring buffer!
E/fbdev   ( 1021): Attention! GFLIP time out, force update gop ring buffer!
E/fbdev   ( 1021): Attention! GFLIP time out, force update gop ring buffer!
E/fbdev   ( 1021): Attention! GFLIP time out, force update gop ring buffer!
E/fbdev   ( 1021): Attention! GFLIP time out, force update gop ring buffer!
E/fbdev   ( 1021): Attention! GFLIP time out, force update gop ring buffer!
E/fbdev   ( 1021): Attention! GFLIP time out, force update gop ring buffer!
E/fbdev   ( 1021): Attention! GFLIP time out, force update gop ring buffer!
E/fbdev   ( 1021): Attention! GFLIP time out, force update gop ring buffer!
E/fbdev   ( 1021): Attention! GFLIP time out, force update gop ring buffer!
E/fbdev   ( 1021): Attention! GFLIP time out, force update gop ring buffer!
E/fbdev   ( 1021): Attention! GFLIP time out, force update gop ring buffer!
D/NetUpdate( 2247): progressValue--->0
D/NetUpdate( 2247): mWriteSD--->true
D/NetUpdate( 2247): mBootCheckZipExist--->false
E/fbdev   ( 1021): Attention! GFLIP time out, force update gop ring buffer!
E/fbdev   ( 1021): Attention! GFLIP time out, force update gop ring buffer!
E/fbdev   ( 1021): Attention! GFLIP time out, force update gop ring buffer!
E/fbdev   ( 1021): Attention! GFLIP time out, force update gop ring buffer!

[ 1239.748248] IR: [03932] scan key value is 0xea15c936 
[ 1239.748253]  E/fbdev   ( 1021): Attention! GFLIP time out, force update gop ring buffer!
E/fbdev   ( 1021): Attention! GFLIP time out, force update gop ring buffer!
E/fbdev   ( 1021): Attention! GFLIP time out, force update gop ring buffer!
E/fbdev   ( 1021
[ 1239.800817] IR: [03932] scan key value is 0xea15c936 
[ 1239.800821]  ): Attention! GFLIP time out, force update gop ring buffer!
D/NetUpdate( 2247): progressValue--->0
D/NetUpdate( 2247): mWriteSD--->true
D/NetUpdate( 2247): mBootCheckZipExist--->false

[ 1240.500964] IR: [03932] scan key value is 0xea15c936 
[ 1240.500968]  E/WindowManager(  937): ##############################dispatchUnhandledKey
E/fbdev   ( 1021): Attention! GFLIP time out, force update gop ring buffer!
E/fbdev   ( 1021): Attention! GFLIP time out, force update gop ring buffer!

[ 1240.553543] IR: [03932] scan key value is 0xea15c936 
[ 1240.553548]  E/fbdev   ( 1021): Attention! GFLIP time out, force update gop ring buffer!
E/fbdev   ( 1021): Attention! GFLIP time out, force update gop ring buffer!
E/fbdev   ( 1021): Attention! GFLIP time out, force update gop ring buffer!
E/fbdev   ( 1021): Attention! GFLIP time out, force update gop ring buffer!
E/fbdev   ( 1021): Attention! GFLIP time out, force update gop ring buffer!
E/fbdev   ( 1021): Attention! GFLIP time out, force update gop ring buffer!
E/fbdev   ( 1021): Attention! GFLIP time out, force update gop ring buffer!
E/fbdev   ( 1021): Attention! GFLIP time out, force update gop ring buffer!
E/fbdev   ( 1021): Attention! GFLIP time out, force update gop ring buffer!
E/fbdev   ( 1021): Attention! GFLIP time out, force update gop ring buffer!
E/fbdev   ( 1021): Attention! GFLIP time out, force update gop ring buffer!
E/fbdev   ( 1021): Attention! GFLIP time out, force update gop ring buffer!
E/fbdev   ( 1021): Attention! GFLIP time out, force update gop ring buffer!
E/fbdev   ( 1021): Attention! GFLIP time out, force update gop ring buffer!
E/fbdev   ( 1021): Attention! GFLIP time out, force update gop ring buffer!
E/fbdev   ( 1021): Attention! GFLIP time out, force update gop ring buffer!
D/NetUpdate( 2247): progressValue--->0
D/NetUpdate( 2247): mWriteSD--->true
D/NetUpdate( 2247): mBootCheckZipExist--->false
E/fbdev   ( 1021): Attention! GFLIP time out, force update gop ring buffer!
E/fbdev   ( 1021): Attention! GFLIP time out, force update gop ring buffer!
E/fbdev   ( 1021): Attention! GFLIP time out, force update gop ring buffer!
E/fbdev   ( 1021): Attention! GFLIP time out, force update gop ring buffer!
E/fbdev   ( 1021): Attention! GFLIP time out, force update gop ring buffer!
E/fbdev   ( 1021): Attention! GFLIP time out, force update gop ring buffer!
E/fbdev   ( 1021): Attention! GFLIP time out, force update gop ring buffer!
E/fbdev   ( 1021): Attention! GFLIP time out, force update gop ring buffer!

[ 1240.866431] IR: [03932] scan key value is 0xec13c936 
[ 1240.866436]  E/fbdev   ( 1021): Attention! GFLIP time out, force update gop ring buffer!

[ 1240.918996] IR: [03932] scan key value is 0xec13c936 
[ 1240.919001]  D/NetUpdate( 2247): progressValue--->0
D/NetUpdate( 2247): mWriteSD--->true
D/NetUpdate( 2247): mBootCheckZipExist--->false
E/fbdev   ( 1021): Attention! GFLIP time out, force update gop ring buffer!
W/InputManagerService(  937): Window already focused, ignoring focus gain of: com.android.internal.view.IInputMethodClient$Stub$Proxy@4168c500
E/fbdev   ( 1021): Attention! GFLIP time out, force update gop ring buffer!
E/fbdev   ( 1021): Attention! GFLIP time out, force update gop ring buffer!
E/fbdev   ( 1021): Attention! GFLIP time out, force update gop ring buffer!
E/fbdev   ( 1021): Attention! GFLIP time out, force update gop ring buffer!
E/fbdev   ( 1021): Attention! GFLIP time out, force update gop ring buffer!
E/fbdev   ( 1021): Attention! GFLIP time out, force update gop ring buffer!
E/fbdev   ( 1021): Attention! GFLIP time out, force update gop ring buffer!
E/fbdev   ( 1021): Attention! GFLIP time out, force update gop ring buffer!
E/fbdev   ( 1021): Attention! GFLIP time out, force update gop ring buffer!
E/fbdev   ( 1021): Attention! GFLIP time out, force update gop ring buffer!
E/fbdev   ( 1021): Attention! GFLIP time out, force update gop ring buffer!
E/fbdev   ( 1021): Attention! GFLIP time out, force update gop ring buffer!
E/fbdev   ( 1021): Attention! GFLIP time out, force update gop ring buffer!
E/fbdev   ( 1021): Attention! GFLIP time out, force update gop ring buffer!
E/fbdev   ( 1021): Attention! GFLIP time out, force update gop ring buffer!
D/NetUpdate( 2247): progressValue--->0
D/NetUpdate( 2247): mWriteSD--->true
D/NetUpdate( 2247): mBootCheckZipExist--->false
D/dalvikvm( 1657): GC_CONCURRENT freed 762K, 64% free 2917K/7939K, paused 2ms+2ms
D/HomePlayerLib( 1657): hostaddress count is 1
D/dalvikvm( 1657): GC_CONCURRENT freed 794K, 63% free 2957K/7939K, paused 2ms+2ms
D/dalvikvm( 1657): GC_CONCURRENT freed 836K, 63% free 2963K/7939K, paused 2ms+3ms
D/NetUpdate( 2247): progressValue--->0
D/NetUpdate( 2247): mWriteSD--->true
D/NetUpdate( 2247): mBootCheckZipExist--->false
D/dalvikvm( 1657): GC_CONCURRENT freed 848K, 63% free 2962K/7939K, paused 2ms+3ms
D/dalvikvm( 1657): GC_CONCURRENT freed 842K, 65% free 2855K/7939K, paused 2ms+3ms
D/NetUpdate( 2247): progressValue--->0
D/NetUpdate( 2247): mWriteSD--->true
D/NetUpdate( 2247): mBootCheckZipExist--->false
D/dalvikvm( 1657): GC_CONCURRENT freed 709K, 64% free 2872K/7939K, paused 3ms+3ms

[ 1243.444260] IR: [03932] scan key value is 0xeb14c936 
[ 1243.444265]  
[ 1243.496828] IR: [03932] scan key value is 0xeb14c936 
[ 1243.496833]  E/fbdev   ( 1021): Attention! GFLIP time out, force update gop ring buffer!

[ 1243.605103] IR: [03932] scan key value is 0xeb14c936 
[ 1243.605108]  D/NetUpdate( 2247): progressValu
[ 1243.713384] IR: [03932] scan key value is 0xeb14c936 
[ 1243.713389]  e--->0
D/NetUpdate( 2247): mWriteSD--->true
D/NetUpdate( 2247): mBootCheckZipExist--->false

[ 1243.821659] IR: [03932] scan key value is 0xeb14c936 
[ 1243.821664]  
[ 1243.929940] IR: [03932] scan key value is 0xeb14c936 
[ 1243.929944]  D/NetUpdate( 2247): progressValue--->0
D/NetUpdate( 2247): mWriteSD--->true
D/NetUpdate( 2247)
[ 1244.038218] IR: [03932] scan key value is 0xeb14c936 
[ 1244.038223]  : mBootCheckZipExist--->false

[ 1244.146496] IR: [03932] scan key value is 0xeb14c936 
[ 1244.146501]  
[ 1244.254770] IR: [03932] scan key value is 0xeb14c936 
[ 1244.254775]  
[ 1244.363044] IR: [03932] scan key value is 0xeb14c936 
[ 1244.363049]  D/NetUpdate( 2247): progressValue--->0
D/NetUpdate( 2247): mWriteSD--->true
D/NetUpdate( 2247): mBootCheckZipExist--->false

[ 1244.972681] IR: [03932] scan key value is 0xed12c936 
[ 1244.972686]  
[ 1245.025249] IR: [03932] scan key value is 0xed12c936 
[ 1245.025254]  D/NetUpdate( 2247): progressValue--->0
D/NetUpdate( 2247): mWriteSD--->true
D/NetUpdate( 2247): mBootCheckZipExist--->false
E/fbdev   ( 1021): Attention! GFLIP time out, force update gop ring buffer!
D/InputEventConsistencyVerifier( 2247): KeyEvent: ACTION_UP but key was not down.
D/InputEventConsistencyVerifier( 2247):   in android.widget.LinearLayout@42d3cef8
D/InputEventConsistencyVerifier( 2247):   0: sent at 1245188000000, KeyEvent { action=ACTION_UP, keyCode=KEYCODE_DPAD_LEFT, scanCode=105, metaState=0, flags=0x8, repeatCount=0, eventTime=1245188, downTime=1244978, deviceId=1, source=0x101 }
D/InputEventConsistencyVerifier( 2247):   -- recent events --
D/InputEventConsistencyVerifier( 2247):   1: sent at 1214020000000, (unhandled) KeyEvent { action=ACTION_UP, keyCode=KEYCODE_DPAD_DOWN, scanCode=108, metaState=0, flags=0x8, repeatCount=0, eventTime=1214020, downTime=1213795, deviceId=1, source=0x101 }
D/InputEventConsistencyVerifier( 2247):   2: sent at 1213795000000, KeyEvent { action=ACTION_DOWN, keyCode=KEYCODE_DPAD_DOWN, scanCode=108, metaState=0, flags=0x8, repeatCount=0, eventTime=1213795, downTime=1213795, deviceId=1, source=0x101 }
D/InputEventConsistencyVerifier( 2247):   3: sent at 1208840000000, (unhandled) KeyEvent { action=ACTION_UP, keyCode=KEYCODE_DPAD_DOWN, scanCode=108, metaState=0, flags=0x8, repeatCount=0, eventTime=1208840, downTime=1208618, deviceId=1, source=0x101 }
D/InputEventConsistencyVerifier( 2247):   4: sent at 1208618000000, KeyEvent { action=ACTION_DOWN, keyCode=KEYCODE_DPAD_DOWN, scanCode=108, metaState=0, flags=0x8, repeatCount=0, eventTime=1208618, downTime=1208618, deviceId=1, source=0x101 }
D/InputEventConsistencyVerifier( 2247):   5: sent at 1208316000000, (unhandled) KeyEvent { action=ACTION_UP, keyCode=KEYCODE_DPAD_DOWN, scanCode=108, metaState=0, flags=0x8, repeatCount=0, eventTime=1208316, downTime=1208103, deviceId=1, source=0x101 }

[ 1245.468724] IR: [03932] scan key value is 0xec13c936 
[ 1245.468729]  
[ 1245.521290] IR: [03932] scan key value is 0xec13c936 
[ 1245.521294]  I/City    ( 2247): -----------------------parser.getName()--------shenzhen
I/City    ( 2247): -----------------------parser--------
I/City    ( 2247): -----------------------parser.getName()--------wuhan
I/City    ( 2247): -----------------------parser--------
I/City    ( 2247): -----------------------parser.getName()--------beijing
I/City    ( 2247): -----------------------parser--------
I/City    ( 2247): -----------------------parser.getName()--------nanning
I/City    ( 2247): -----------------------parser--------
D/dalvikvm( 2247): GC_CONCURRENT freed 1727K, 17% free 32249K/38531K, paused 8ms+9ms
D/NetUpdate( 2247): progressValue--->0
D/NetUpdate( 2247): mWriteSD--->true
D/NetUpdate( 2247): mBootCheckZipExist--->false
E/fbdev   ( 1021): Attention! GFLIP time out, force update gop ring buffer!
E/fbdev   ( 1021): Attention! GFLIP time out, force update gop ring buffer!

[ 1246.217398] IR: [03932] scan key value is 0xec13c936 
[ 1246.217403]  
[ 1246.269968] IR: [03932] scan key value is 0xec13c936 
[ 1246.269973]  I/City    ( 2247): -----------------------parser.getName()--------shenzhen
I/City    ( 2247): -----------------------parser--------
I/City    ( 2247): -----------------------parser.getName()--------wuhan
I/City    ( 2247): -----------------------parser--------
I/City    ( 2247): -----------------------parser.getName()--------beijing
I/City    ( 2247): -----------------------parser--------
I/City    ( 2247): -----------------------parser.getName()--------nanning
I/City    ( 2247): -----------------------parser--------
E/fbdev   ( 1021): Attention! GFLIP time out, force update gop ring buffer!
E/fbdev   ( 1021): Attention! GFLIP time out, force update gop ring buffer!

[ 1246.872652] IR: [03932] scan key value is 0xec13c936 
[ 1246.872656]  
[ 1246.925221] IR: [03932] scan key value is 0xec13c936 
[ 1246.925226]  D/NetUpdate( 2247): progressValue--->0
D/NetUpdate( 2247): mWriteSD--->true
D/NetUpdate( 2247): mBootCheckZipExist--->false
I/City    ( 2247): -----------------------parser.getName()--------shenzhen
I/City    ( 2247): -----------------------parser--------
I/City    ( 2247): -----------------------parser.getName()--------wuhan
I/City    ( 2247): -----------------------parser--------
I/City    ( 2247): -----------------------parser.getName()--------beijing
I/City    ( 2247): -----------------------parser--------
I/City    ( 2247): -----------------------parser.getName()--------nanning
I/City    ( 2247): -----------------------parser--------
E/fbdev   ( 1021): Attention! GFLIP time out, force update gop ring buffer!
E/fbdev   ( 1021): Attention! GFLIP time out, force update gop ring buffer!

[ 1247.495152] IR: [03932] scan key value is 0xec13c936 
[ 1247.495157]  
[ 1247.547724] IR: [03932] scan key value is 0xec13c936 
[ 1247.547729]  I/City    ( 2247): -----------------------parser.getName()--------shenzhen
I/City    ( 2247): -----------------------parser--------
I/City    ( 2247): -----------------------parser.getName()--------wuhan
I/City    ( 2247): -----------------------parser--------
I/City    ( 2247): -----------------------parser.getName()--------beijing
I/City    ( 2247): -----------------------parser--------
I/City    ( 2247): -----------------------parser.getName()--------nanning
I/City    ( 2247): -----------------------parser--------
D/NetUpdate( 2247): progressValue--->0
D/NetUpdate( 2247): mWriteSD--->true
D/NetUpdate( 2247): mBootCheckZipExist--->false
E/fbdev   ( 1021): Attention! GFLIP time out, force update gop ring buffer!
E/fbdev   ( 1021): Attention! GFLIP time out, force update gop ring buffer!
D/NetUpdate( 2247): progressValue--->0
D/NetUpdate( 2247): mWriteSD--->true
D/NetUpdate( 2247): mBootCheckZipExist--->false

[ 1248.219708] IR: [03932] scan key value is 0xeb14c936 
[ 1248.219713]  
[ 1248.272286] IR: [03932] scan key value is 0xeb14c936 
[ 1248.272291]  E/fbdev   ( 1021): Attention! GFLIP time out, force update gop ring buffer!
D/InputEventConsistencyVerifier( 2247): KeyEvent: ACTION_UP but key was not down.
D/InputEventConsistencyVerifier( 2247):   in com.android.internal.policy.impl.PhoneWindow$DecorView@42d62c70
D/InputEventConsistencyVerifier( 2247):   0: sent at 1248436000000, KeyEvent { action=ACTION_UP, keyCode=KEYCODE_DPAD_RIGHT, scanCode=106, metaState=0, flags=0x8, repeatCount=0, eventTime=1248436, downTime=1248225, deviceId=1, source=0x101 }
D/InputEventConsistencyVerifier( 2247):   -- recent events --
D/InputEventConsistencyVerifier( 2247):   1: sent at 1247712000000, KeyEvent { action=ACTION_UP, keyCode=KEYCODE_ENTER, scanCode=28, metaState=0, flags=0x8, repeatCount=0, eventTime=1247712, downTime=1247500, deviceId=1, source=0x101 }
D/InputEventConsistencyVerifier( 2247):   2: sent at 1247500000000, KeyEvent { action=ACTION_DOWN, keyCode=KEYCODE_ENTER, scanCode=28, metaState=0, flags=0x8, repeatCount=0, eventTime=1247500, downTime=1247500, deviceId=1, source=0x101 }
D/InputEventConsistencyVerifier( 2247):   3: sent at 1247088000000, KeyEvent { action=ACTION_UP, keyCode=KEYCODE_ENTER, scanCode=28, metaState=0, flags=0x8, repeatCount=0, eventTime=1247088, downTime=1246878, deviceId=1, source=0x101 }
D/InputEventConsistencyVerifier( 2247):   4: sent at 1246878000000, KeyEvent { action=ACTION_DOWN, keyCode=KEYCODE_ENTER, scanCode=28, metaState=0, flags=0x8, repeatCount=0, eventTime=1246878, downTime=1246878, deviceId=1, source=0x101 }
D/InputEventConsistencyVerifier( 2247):   5: sent at 1246436000000, KeyEvent { action=ACTION_UP, keyCode=KEYCODE_ENTER, scanCode=28, metaState=0, flags=0x8, repeatCount=0, eventTime=1246436, downTime=1246222, deviceId=1, source=0x101 }

[ 1248.702440] IR: [03932] scan key value is 0xec13c936 
[ 1248.702445]  
[ 1248.755008] IR: [03932] scan key value is 0xec13c936 
[ 1248.755012]  E/fbdev   ( 1021): Attention! GFLIP time out, force update gop ring buffer!
E/fbdev   ( 1021): Attention! GFLIP time out, force update gop ring buffer!
E/fbdev   ( 1021): Attention! GFLIP time out, force update gop ring buffer!
E/fbdev   ( 1021): Attention! GFLIP time out, force update gop ring buffer!
E/fbdev   ( 1021): Attention! GFLIP time out, force update gop ring buffer!
E/fbdev   ( 1021): Attention! GFLIP time out, force update gop ring buffer!
E/fbdev   ( 1021): Attention! GFLIP time out, force update gop ring buffer!
E/fbdev   ( 1021): Attention! GFLIP time out, force update gop ring buffer!
D/NetUpdate( 2247): progressValue--->0
D/NetUpdate( 2247): mWriteSD--->true
E/fbdev   ( 1021): Attention! GFLIP time out, force update gop ring buffer!
D/NetUpdate( 2247): mBootCheckZipExist--->false
E/fbdev   ( 1021): Attention! GFLIP time out, force update gop ring buffer!
E/fbdev   ( 1021): Attention! GFLIP time out, force update gop ring buffer!
E/fbdev   ( 1021): Attention! GFLIP time out, force update gop ring buffer!
E/fbdev   ( 1021): Attention! GFLIP time out, force update gop ring buffer!
E/fbdev   ( 1021): Attention! GFLIP time out, force update gop ring buffer!
E/fbdev   ( 1021): Attention! GFLIP time out, force update gop ring buffer!
E/fbdev   ( 1021): Attention! GFLIP time out, force update gop ring buffer!
E/fbdev   ( 1021): Attention! GFLIP time out, force update gop ring buffer!
E/fbdev   ( 1021): Attention! GFLIP time out, force update gop ring buffer!
E/fbdev   ( 1021): Attention! GFLIP time out, force update gop ring buffer!

[ 1249.338361] IR: [03932] scan key value is 0xec13c936 
[ 1249.338366]  E/fbdev   ( 1021): Attention! GFLIP time out, force update gop ring buffer!

[ 1249.390926] IR: [03932] scan key value is 0xec13c936 
[ 1249.390931]  W/InputManagerService(  937): Window already focused, ignoring focus gain of: com.android.internal.view.IInputMethodClient$Stub$Proxy@416435d0
E/fbdev   ( 1021): Attention! GFLIP time out, force update gop ring buffer!
E/fbdev   ( 1021): Attention! GFLIP time out, force update gop ring buffer!
E/fbdev   ( 1021): Attention! GFLIP time out, force update gop ring buffer!
E/fbdev   ( 1021): Attention! GFLIP time out, force update gop ring buffer!
E/fbdev   ( 1021): Attention! GFLIP time out, force update gop ring buffer!
E/fbdev   ( 1021): Attention! GFLIP time out, force update gop ring buffer!
E/fbdev   ( 1021): Attention! GFLIP time out, force update gop ring buffer!
E/fbdev   ( 1021): Attention! GFLIP time out, force update gop ring buffer!
E/fbdev   ( 1021): Attention! GFLIP time out, force update gop ring buffer!
E/fbdev   ( 1021): Attention! GFLIP time out, force update gop ring buffer!
D/NetUpdate( 2247): progressValue--->0
D/NetUpdate( 2247): mWriteSD--->true
D/NetUpdate( 2247): mBootCheckZipExist--->false
E/fbdev   ( 1021): Attention! GFLIP time out, force update gop ring buffer!
E/fbdev   ( 1021): Attention! GFLIP time out, force update gop ring buffer!
E/fbdev   ( 1021): Attention! GFLIP time out, force update gop ring buffer!
E/fbdev   ( 1021): Attention! GFLIP time out, force update gop ring buffer!
E/fbdev   ( 1021): Attention! GFLIP time out, force update gop ring buffer!
E/fbdev   ( 1021): Attention! GFLIP time out, force update gop ring buffer!
E/fbdev   ( 1021): Attention! GFLIP time out, force update gop ring buffer!

[ 1249.952521] IR: [03932] scan key value is 0xec13c936 
[ 1249.952526]  
[ 1250.005090] IR: [03932] scan key value is 0xec13c936 
[ 1250.005094]  D/NetUpdate( 2247): progressValue--->0
D/NetUpdate( 2247): mWriteSD--->true
D/NetUpdate( 2247): mBootCheckZipExist--->false
E/fbdev   ( 1021): Attention! GFLIP time out, force update gop ring buffer!
E/fbdev   ( 1021): Attention! GFLIP time out, force update gop ring buffer!
E/fbdev   ( 1021): Attention! GFLIP time out, force update gop ring buffer!
E/fbdev   ( 1021): Attention! GFLIP time out, force update gop ring buffer!
E/fbdev   ( 1021): Attention! GFLIP time out, force update gop ring buffer!
E/fbdev   ( 1021): Attention! GFLIP time out, force update gop ring buffer!
E/fbdev   ( 1021): Attention! GFLIP time out, force update gop ring buffer!
E/fbdev   ( 1021): Attention! GFLIP time out, force update gop ring buffer!
E/fbdev   ( 1021): Attention! GFLIP time out, force update gop ring buffer!
E/fbdev   ( 1021): Attention! GFLIP time out, force update gop ring buffer!
E/fbdev   ( 1021): Attention! GFLIP time out, force update gop ring buffer!
E/fbdev   ( 1021): Attention! GFLIP time out, force update gop ring buffer!
E/fbdev   ( 1021): Attention! GFLIP time out, force update gop ring buffer!
E/fbdev   ( 1021): Attention! GFLIP time out, force update gop ring buffer!
E/fbdev   ( 1021): Attention! GFLIP time out, force update gop ring buffer!
E/fbdev   ( 1021): Attention! GFLIP time out, force update gop ring buffer!
E/fbdev   ( 1021): Attention! GFLIP time out, force update gop ring buffer!
E/fbdev   ( 1021): Attention! GFLIP time out, force update gop ring buffer!

[ 1250.675992] IR: [03932] scan key value is 0xec13c936 
[ 1250.675997]  E/fbdev   ( 1021): Attention! GFLIP time out, force update gop ring buffer!

[ 1250.728559] IR: [03932] scan key value is 0xec13c936 
[ 1250.728564]  D/NetUpdate( 2247): progressValue--->0
D/NetUpdate( 2247): mWriteSD--->true
D/NetUpdate( 2247): mBootCheckZipExist--->false
W/InputManagerService(  937): Window already focused, ignoring focus gain of: com.android.internal.view.IInputMethodClient$Stub$Proxy@41742950
E/fbdev   ( 1021): Attention! GFLIP time out, force update gop ring buffer!
E/fbdev   ( 1021): Attention! GFLIP time out, force update gop ring buffer!
E/fbdev   ( 1021): Attention! GFLIP time out, force update gop ring buffer!
E/fbdev   ( 1021): Attention! GFLIP time out, force update gop ring buffer!
E/fbdev   ( 1021): Attention! GFLIP time out, force update gop ring buffer!
E/fbdev   ( 1021): Attention! GFLIP time out, force update gop ring buffer!
E/fbdev   ( 1021): Attention! GFLIP time out, force update gop ring buffer!
E/fbdev   ( 1021): Attention! GFLIP time out, force update gop ring buffer!
D/NetUpdate( 2247): progressValue--->0
D/NetUpdate( 2247): mWriteSD--->true
D/NetUpdate( 2247): mBootCheckZipExist--->false
E/fbdev   ( 1021): Attention! GFLIP time out, force update gop ring buffer!
E/fbdev   ( 1021): Attention! GFLIP time out, force update gop ring buffer!
E/fbdev   ( 1021): Attention! GFLIP time out, force update gop ring buffer!
E/fbdev   ( 1021): Attention! GFLIP time out, force update gop ring buffer!
E/fbdev   ( 1021): Attention! GFLIP time out, force update gop ring buffer!
E/fbdev   ( 1021): Attention! GFLIP time out, force update gop ring buffer!
E/fbdev   ( 1021): Attention! GFLIP time out, force update gop ring buffer!
E/fbdev   ( 1021): Attention! GFLIP time out, force update gop ring buffer!
D/NetUpdate( 2247): progressValue--->0
D/NetUpdate( 2247): mWriteSD--->true
D/NetUpdate( 2247): mBootCheckZipExist--->false

[ 1251.928433] IR: [03932] scan key value is 0xf10ec936 
[ 1251.928438]  
[ 1251.981003] IR: [03932] scan key value is 0xf10ec936 
[ 1251.981008]  E/fbdev   ( 1021): Attention! GFLIP time out, force update gop ring buffer!
E/fbdev   ( 1021): Attention! GFLIP time out, force update gop ring buffer!
D/InputEventConsistencyVerifier( 2247): KeyEvent: ACTION_UP but key was not down.
D/InputEventConsistencyVerifier( 2247):   in com.android.internal.policy.impl.PhoneWindow$DecorView@42d62c70
D/InputEventConsistencyVerifier( 2247):   0: sent at 1252148000000, KeyEvent { action=ACTION_UP, keyCode=KEYCODE_BACK, scanCode=158, metaState=0, flags=0x8, repeatCount=0, eventTime=1252148, downTime=1251933, deviceId=1, source=0x101 }
D/InputEventConsistencyVerifier( 2247):   -- recent events --
D/InputEventConsistencyVerifier( 2247):   1: sent at 1250172000000, KeyEvent { action=ACTION_UP, keyCode=KEYCODE_ENTER, scanCode=28, metaState=0, flags=0x8, repeatCount=0, eventTime=1250172, downTime=1249957, deviceId=1, source=0x101 }
D/InputEventConsistencyVerifier( 2247):   2: sent at 1249957000000, KeyEvent { action=ACTION_DOWN, keyCode=KEYCODE_ENTER, scanCode=28, metaState=0, flags=0x8, repeatCount=0, eventTime=1249957, downTime=1249957, deviceId=1, source=0x101 }
D/InputEventConsistencyVerifier( 2247):   3: sent at 1248920000000, KeyEvent { action=ACTION_UP, keyCode=KEYCODE_ENTER, scanCode=28, metaState=0, flags=0x8, repeatCount=0, eventTime=1248920, downTime=1248707, deviceId=1, source=0x101 }
D/InputEventConsistencyVerifier( 2247):   4: sent at 1248707000000, KeyEvent { action=ACTION_DOWN, keyCode=KEYCODE_ENTER, scanCode=28, metaState=0, flags=0x8, repeatCount=0, eventTime=1248707, downTime=1248707, deviceId=1, source=0x101 }
D/InputEventConsistencyVerifier( 2247):   5: sent at 1248436000000, (unhandled) KeyEvent { action=ACTION_UP, keyCode=KEYCODE_DPAD_RIGHT, scanCode=106, metaState=0, flags=0x80000008, repeatCount=0, eventTime=1248436, downTime=1248225, deviceId=1, source=0x101 }
D/NetUpdate( 2247): progressValue--->0
D/NetUpdate( 2247): mWriteSD--->true
D/NetUpdate( 2247): mBootCheckZipExist--->false

[ 1252.854192] IR: [03932] scan key value is 0xea15c936 
[ 1252.854197]  
[ 1252.906755] IR: [03932] scan key value is 0xea15c936 
[ 1252.906760]  E/fbdev   ( 1021): Attention! GFLIP time out, force update gop ring buffer!
D/HomePlayerLib( 1657): hostaddress count is 1
E/fbdev   ( 1021): Attention! GFLIP time out, force update gop ring buffer!
D/NetUpdate( 2247): progressValue--->0
D/NetUpdate( 2247): mWriteSD--->true
D/NetUpdate( 2247): mBootCheckZipExist--->false
D/dalvikvm( 1657): GC_CONCURRENT freed 726K, 63% free 2943K/7939K, paused 2ms+3ms
D/dalvikvm( 1657): GC_CONCURRENT freed 803K, 64% free 2860K/7939K, paused 2ms+3ms
D/dalvikvm( 1657): GC_CONCURRENT freed 703K, 63% free 2966K/7939K, paused 2ms+2ms
D/dalvikvm( 1657): GC_CONCURRENT freed 853K, 63% free 2964K/7939K, paused 2ms+3ms

[ 1253.709116] IR: [03932] scan key value is 0xee11c936 
[ 1253.709121]  
[ 1253.761654] IR: [03932] scan key value is 0xee11c936 
[ 1253.761659]  E/fbdev   ( 1021): Attention! GFLIP time out, force update gop ring buffer!
D/dalvikvm( 1657): GC_CONCURRENT freed 840K, 64% free 2879K/7939K, paused 3ms+3ms
E/fbdev   ( 1021): Attention! GFLIP time out, force update gop ring buffer!
D/NetUpdate( 2247): progressValue--->0
D/NetUpdate( 2247): mWriteSD--->true
D/NetUpdate( 2247): mBootCheckZipExist--->false
D/NetUpdate( 2247): progressValue--->0
D/NetUpdate( 2247): mWriteSD--->true
D/NetUpdate( 2247): mBootCheckZipExist--->false

[ 1254.935081] IR: [03932] scan key value is 0xec13c936 
[ 1254.935086]  
[ 1254.987647] IR: [03932] scan key value is 0xec13c936 
[ 1254.987652]  E/fbdev   ( 1021): Attention! GFLIP time out, force update gop ring buffer!

[ 1255.692388] IR: [03932] scan key value is 0xf10ec936 
[ 1255.692393]  I/NetUpdate( 2247): --------------hide()------------------
V/TabletStatusBar( 1140): setLig
[ 1255.744966] IR: [03932] scan key value is 0xf10ec936 
[ 1255.744973]  htsOn(true)
E/fbdev   ( 1021): Attention! GFLIP time out, force update gop ring buffer!
E/fbdev   ( 1021): Attention! GFLIP time out, force update gop ring buffer!
E/fbdev   ( 1021): Attention! GFLIP time out, force update gop ring buffer!
D/NetUpdate( 2247): progressValue--->0
D/NetUpdate( 2247): mWriteSD--->true
D/NetUpdate( 2247): mBootCheckZipExist--->false
E/fbdev   ( 1021): Attention! GFLIP time out, force update gop ring buffer!
E/fbdev   ( 1021): Attention! GFLIP time out, force update gop ring buffer!
E/fbdev   ( 1021): Attention! GFLIP time out, force update gop ring buffer!
D/InputEventConsistencyVerifier( 2247): KeyEvent: ACTION_UP but key was not down.
D/InputEventConsistencyVerifier( 2247):   in Handler (android.view.ViewRootImpl) {42d45320}
D/InputEventConsistencyVerifier( 2247):   0: sent at 1255912000000, KeyEvent { action=ACTION_UP, keyCode=KEYCODE_BACK, scanCode=158, metaState=0, flags=0x8, repeatCount=0, eventTime=1255912, downTime=1255697, deviceId=1, source=0x101 }
D/InputEventConsistencyVerifier( 2247):   -- recent events --
D/InputEventConsistencyVerifier( 2247):   1: sent at 1076980000000, KeyEvent { action=ACTION_UP, keyCode=KEYCODE_ENTER, scanCode=28, metaState=0, flags=0x8, repeatCount=0, eventTime=1076980, downTime=1076819, deviceId=1, source=0x101 }
D/InputEventConsistencyVerifier( 2247):   2: sent at 1076819000000, KeyEvent { action=ACTION_DOWN, keyCode=KEYCODE_ENTER, scanCode=28, metaState=0, flags=0x8, repeatCount=0, eventTime=1076819, downTime=1076819, deviceId=1, source=0x101 }
D/InputEventConsistencyVerifier( 2247):   3: sent at 1076608000000, KeyEvent { action=ACTION_UP, keyCode=KEYCODE_DPAD_RIGHT, scanCode=106, metaState=0, flags=0x8, repeatCount=0, eventTime=1076608, downTime=1076389, deviceId=1, source=0x101 }
D/InputEventConsistencyVerifier( 2247):   4: sent at 1076389000000, KeyEvent { action=ACTION_DOWN, keyCode=KEYCODE_DPAD_RIGHT, scanCode=106, metaState=0, flags=0x8, repeatCount=0, eventTime=1076389, downTime=1076389, deviceId=1, source=0x101 }
D/InputEventConsistencyVerifier( 2247):   5: sent at 1075996000000, KeyEvent { action=ACTION_UP, keyCode=KEYCODE_BACK, scanCode=158, metaState=0, flags=0x80000008, repeatCount=0, eventTime=1075996, downTime=1075776, deviceId=1, source=0x101 }
E/fbdev   ( 1021): Attention! GFLIP time out, force update gop ring buffer!
E/fbdev   ( 1021): Attention! GFLIP time out, force update gop ring buffer!
E/fbdev   ( 1021): Attention! GFLIP time out, force update gop ring buffer!
E/fbdev   ( 1021): Attention! GFLIP time out, force update gop ring buffer!
E/fbdev   ( 1021): Attention! GFLIP time out, force update gop ring buffer!
E/fbdev   ( 1021): Attention! GFLIP time out, force update gop ring buffer!
E/fbdev   ( 1021): Attention! GFLIP time out, force update gop ring buffer!
E/fbdev   ( 1021): Attention! GFLIP time out, force update gop ring buffer!
E/fbdev   ( 1021): Attention! GFLIP time out, force update gop ring buffer!
E/fbdev   ( 1021): Attention! GFLIP time out, force update gop ring buffer!
D/NetUpdate( 2247): progressValue--->0
D/NetUpdate( 2247): mWriteSD--->true
D/NetUpdate( 2247): mBootCheckZipExist--->false
E/fbdev   ( 1021): Attention! GFLIP time out, force update gop ring buffer!
E/fbdev   ( 1021): Attention! GFLIP time out, force update gop ring buffer!
E/fbdev   ( 1021): Attention! GFLIP time out, force update gop ring buffer!
D/dalvikvm( 2247): GC_EXPLICIT freed 1136K, 17% free 32157K/38531K, paused 3ms+6ms
E/StrictMode( 2247): class com.coship.dvbsetting.systemsetting.SyssetAcivity; instances=3; limit=1
E/StrictMode( 2247): android.os.StrictMode$InstanceCountViolation: class com.coship.dvbsetting.systemsetting.SyssetAcivity; instances=3; limit=1
E/StrictMode( 2247):    at android.os.StrictMode.setClassInstanceLimit(StrictMode.java:1)
D/dalvikvm( 1657): GC_CONCURRENT freed 720K, 64% free 2862K/7939K, paused 3ms+3ms
D/dalvikvm( 1657): GC_CONCURRENT freed 704K, 64% free 2862K/7939K, paused 3ms+2ms

[ 1256.597028] IR: [03932] scan key value is 0xea15c936 
[ 1256.597033]  I/main_setcenter( 2247): BackDoorIndex:0
I/main_setcenter( 2247): BackDoorKey[BackDoorIndex]:21
I/main_setcenter( 2247): KeyCode:20
E/WindowManager(  937): ##############################dispatchUnhandledKey

[ 1256.649592] IR: [03932] scan key value is 0xea15c936 
[ 1256.649597]  D/dalvikvm( 1657): GC_CONCURRENT freed 704K, 65% free 2858K/7939K, paused 2ms+3ms

[ 1257.004017] IR: [03932] scan key value is 0xea15c936 
[ 1257.004022]  I/main_setcenter( 2247): BackDoorIndex:0
I/main_setcenter( 2247): BackDoorKey[BackDoorIndex]:21
I/main_setcenter( 2247): KeyCode:20
E/WindowManager(  937): ##############################dispatchUnhandledKey

[ 1257.056587] IR: [03932] scan key value is 0xea15c936 
[ 1257.056592]  D/dalvikvm( 1657): GC_CONCURRENT freed 727K, 65% free 2841K/7939K, paused 18ms+2ms
D/dalvikvm( 1657): GC_CONCURRENT freed 682K, 64% free 2863K/7939K, paused 2ms+3ms

[ 1257.402633] IR: [03932] scan key value is 0xec13c936 
[ 1257.402637]  I/main_setcenter( 2247): BackDoorIndex:0
I/main_setcenter( 2247): BackDoorKey[BackDoorIndex]:21
I/main_setcenter( 2247): KeyCode:66

[ 1257.455205] IR: [03932] scan key value is 0xec13c936 
[ 1257.455210]  I/ActivityManager(  937): START {cmp=com.coship.dvbsetting/.systemsetting.SyssetAcivity} from pid 2247
I/inputMethod( 2247): ----------mo ren shurufa-------------com.android.inputmethod.pinyin/.PinyinIME
I/inputMethod( 2247): -----mLastInputMethodId.equals(id)-----id=com.android.inputmethod.pinyin/.PinyinIME
D/dalvikvm(  937): GC_CONCURRENT freed 850K, 62% free 4149K/10883K, paused 2ms+10ms
D/dalvikvm( 1657): GC_CONCURRENT freed 704K, 64% free 2863K/7939K, paused 3ms+3ms
I/SyssetAcivity( 2247): product model ro.product.model = S1001
I/Resolution( 2247):  ---------------------- getgetprop persist.sys.resolution---------defvalue=2
I/Storage ( 2247): ----------getPath()=/data
I/Storage ( 2247): ----------totalBlocks=831MB
I/Storage ( 2247): ----------availableBlocks_sd=219MB
I/Storage ( 2247): ----------surplusBlocks_sd=611MB
I/Storage ( 2247): &&&&&&&&&&&&&&&&&&&&&&&&&&&&&&& storagenumber=1----pagination=1
I/NetUpdate( 2247): mSwv--->211321
I/PppoeManager( 2247): create PppoeManager
I/EthernetManager( 2247): Init Ethernet Manager, service: android.net.ethernet.IEthernetManager$Stub$Proxy@42e4a338
D/NetUpdate( 2247): progressValue--->0
D/NetUpdate( 2247): mWriteSD--->true
D/NetUpdate( 2247): mBootCheckZipExist--->false
V/TabletStatusBar( 1140): setLightsOn(true)
E/fbdev   ( 1021): Attention! GFLIP time out, force update gop ring buffer!
E/fbdev   ( 1021): Attention! GFLIP time out, force update gop ring buffer!
D/dalvikvm( 1657): GC_CONCURRENT freed 706K, 64% free 2863K/7939K, paused 2ms+3ms
I/ActivityManager(  937): Displayed com.coship.dvbsetting/.systemsetting.SyssetAcivity: +476ms
E/fbdev   ( 1021): Attention! GFLIP time out, force update gop ring buffer!
D/NetUpdate( 2247): progressValue--->0
D/NetUpdate( 2247): mWriteSD--->true
D/NetUpdate( 2247): mBootCheckZipExist--->false
E/fbdev   ( 1021): Attention! GFLIP time out, force update gop ring buffer!
E/fbdev   ( 1021): Attention! GFLIP time out, force update gop ring buffer!
E/fbdev   ( 1021): Attention! GFLIP time out, force update gop ring buffer!
E/fbdev   ( 1021): Attention! GFLIP time out, force update gop ring buffer!
E/fbdev   ( 1021): Attention! GFLIP time out, force update gop ring buffer!
E/fbdev   ( 1021): Attention! GFLIP time out, force update gop ring buffer!
E/fbdev   ( 1021): Attention! GFLIP time out, force update gop ring buffer!
E/fbdev   ( 1021): Attention! GFLIP time out, force update gop ring buffer!
E/fbdev   ( 1021): Attention! GFLIP time out, force update gop ring buffer!
E/fbdev   ( 1021): Attention! GFLIP time out, force update gop ring buffer!
E/fbdev   ( 1021): Attention! GFLIP time out, force update gop ring buffer!
E/fbdev   ( 1021): Attention! GFLIP time out, force update gop ring buffer!
E/fbdev   ( 1021): Attention! GFLIP time out, force update gop ring buffer!
E/fbdev   ( 1021): Attention! GFLIP time out, force update gop ring buffer!
D/CheckNetWork( 1644): isOk true
D/CheckNetWork( 1644): ActInfoNetworkInfo: type: WIFI[], state: CONNECTED/CONNECTED, reason: (unspecified), extra: (none), roaming: false, failover: false, isAvailable: true
D/CheckNetWork( 1644): infoNetworkInfo: type: WIFI[], state: CONNECTED/CONNECTED, reason: (unspecified), extra: (none), roaming: false, failover: false, isAvailable: true
E/fbdev   ( 1021): Attention! GFLIP time out, force update gop ring buffer!
D/NetUpdate( 2247): progressValue--->0
D/NetUpdate( 2247): mWriteSD--->true
D/NetUpdate( 2247): mBootCheckZipExist--->false
D/NetUpdate( 2247): progressValue--->0
D/NetUpdate( 2247): mWriteSD--->true
D/NetUpdate( 2247): mBootCheckZipExist--->false
D/NetUpdate( 2247): progressValue--->0
D/NetUpdate( 2247): mWriteSD--->true
D/NetUpdate( 2247): mBootCheckZipExist--->false
D/NetUpdate( 2247): progressValue--->0
D/NetUpdate( 2247): mWriteSD--->true
D/NetUpdate( 2247): mBootCheckZipExist--->false
D/NetUpdate( 2247): progressValue--->0
D/NetUpdate( 2247): mWriteSD--->true
D/NetUpdate( 2247): mBootCheckZipExist--->false
D/NetUpdate( 2247): progressValue--->0
D/NetUpdate( 2247): mWriteSD--->true
D/NetUpdate( 2247): mBootCheckZipExist--->false
D/NetUpdate( 2247): progressValue--->0
D/NetUpdate( 2247): mWriteSD--->true
D/NetUpdate( 2247): mBootCheckZipExist--->false
D/NetUpdate( 2247): progressValue--->0
D/NetUpdate( 2247): mWriteSD--->true
D/NetUpdate( 2247): mBootCheckZipExist--->false
D/HomePlayerLib( 1657): hostaddress count is 1
D/NetUpdate( 2247): progressValue--->0
D/NetUpdate( 2247): mWriteSD--->true
D/NetUpdate( 2247): mBootCheckZipExist--->false
D/dalvikvm( 1657): GC_CONCURRENT freed 719K, 65% free 2854K/7939K, paused 2ms+2ms
D/dalvikvm( 1657): GC_CONCURRENT freed 700K, 65% free 2856K/7939K, paused 2ms+2ms
D/dalvikvm( 1657): GC_CONCURRENT freed 700K, 64% free 2860K/7939K, paused 2ms+3ms
D/NetUpdate( 2247): progressValue--->0
D/NetUpdate( 2247): mWriteSD--->true
D/NetUpdate( 2247): mBootCheckZipExist--->false
D/dalvikvm( 1657): GC_CONCURRENT freed 704K, 63% free 3008K/7939K, paused 2ms+3ms
D/dalvikvm( 1657): GC_CONCURRENT freed 907K, 63% free 2950K/7939K, paused 3ms+2ms
D/NetUpdate( 2247): progressValue--->0
D/NetUpdate( 2247): mWriteSD--->true
D/NetUpdate( 2247): mBootCheckZipExist--->false
D/NetUpdate( 2247): progressValue--->0
D/NetUpdate( 2247): mWriteSD--->true
D/NetUpdate( 2247): mBootCheckZipExist--->false
D/NetUpdate( 2247): progressValue--->0
D/NetUpdate( 2247): mWriteSD--->true
D/NetUpdate( 2247): mBootCheckZipExist--->false
D/NetUpdate( 2247): progressValue--->0
D/NetUpdate( 2247): mWriteSD--->true
D/NetUpdate( 2247): mBootCheckZipExist--->false

[ 1266.255368] IR: [03932] scan key value is 0xf10ec936 
[ 1266.255373]  V/TabletStatusBar( 1140): setLightsOn(true)

[ 1266.307948] IR: [03932] scan key value is 0xf10ec936 
[ 1266.307954]  E/fbdev   ( 1021): Attention! GFLIP time out, force update gop ring buffer!
E/fbdev   ( 1021): Attention! GFLIP time out, force update gop ring buffer!
E/fbdev   ( 1021): Attention! GFLIP time out, force update gop ring buffer!
E/fbdev   ( 1021): Attention! GFLIP time out, force update gop ring buffer!
E/fbdev   ( 1021): Attention! GFLIP time out, force update gop ring buffer!
E/fbdev   ( 1021): Attention! GFLIP time out, force update gop ring buffer!
D/InputEventConsistencyVerifier( 2247): KeyEvent: ACTION_UP but key was not down.
D/InputEventConsistencyVerifier( 2247):   in Handler (android.view.ViewRootImpl) {42d45320}
D/InputEventConsistencyVerifier( 2247):   0: sent at 1266472000000, KeyEvent { action=ACTION_UP, keyCode=KEYCODE_BACK, scanCode=158, metaState=0, flags=0x8, repeatCount=0, eventTime=1266472, downTime=1266260, deviceId=1, source=0x101 }
D/InputEventConsistencyVerifier( 2247):   -- recent events --
D/InputEventConsistencyVerifier( 2247):   1: sent at 1257620000000, KeyEvent { action=ACTION_UP, keyCode=KEYCODE_ENTER, scanCode=28, metaState=0, flags=0x8, repeatCount=0, eventTime=1257620, downTime=1257408, deviceId=1, source=0x101 }
D/InputEventConsistencyVerifier( 2247):   2: sent at 1257408000000, KeyEvent { action=ACTION_DOWN, keyCode=KEYCODE_ENTER, scanCode=28, metaState=0, flags=0x8, repeatCount=0, eventTime=1257408, downTime=1257408, deviceId=1, source=0x101 }
D/InputEventConsistencyVerifier( 2247):   3: sent at 1257220000000, KeyEvent { action=ACTION_UP, keyCode=KEYCODE_DPAD_DOWN, scanCode=108, metaState=0, flags=0x8, repeatCount=0, eventTime=1257220, downTime=1257009, deviceId=1, source=0x101 }
D/InputEventConsistencyVerifier( 2247):   4: sent at 1257009000000, KeyEvent { action=ACTION_DOWN, keyCode=KEYCODE_DPAD_DOWN, scanCode=108, metaState=0, flags=0x8, repeatCount=0, eventTime=1257009, downTime=1257009, deviceId=1, source=0x101 }
D/InputEventConsistencyVerifier( 2247):   5: sent at 1256816000000, KeyEvent { action=ACTION_UP, keyCode=KEYCODE_DPAD_DOWN, scanCode=108, metaState=0, flags=0x8, repeatCount=0, eventTime=1256816, downTime=1256602, deviceId=1, source=0x101 }
E/fbdev   ( 1021): Attention! GFLIP time out, force update gop ring buffer!
E/fbdev   ( 1021): Attention! GFLIP time out, force update gop ring buffer!
E/fbdev   ( 1021): Attention! GFLIP time out, force update gop ring buffer!
E/fbdev   ( 1021): Attention! GFLIP time out, force update gop ring buffer!
E/fbdev   ( 1021): Attention! GFLIP time out, force update gop ring buffer!
E/fbdev   ( 1021): Attention! GFLIP time out, force update gop ring buffer!
E/fbdev   ( 1021): Attention! GFLIP time out, force update gop ring buffer!
E/fbdev   ( 1021): Attention! GFLIP time out, force update gop ring buffer!
E/fbdev   ( 1021): Attention! GFLIP time out, force update gop ring buffer!
E/fbdev   ( 1021): Attention! GFLIP time out, force update gop ring buffer!
E/fbdev   ( 1021): Attention! GFLIP time out, force update gop ring buffer!
E/fbdev   ( 1021): Attention! GFLIP time out, force update gop ring buffer!
D/dalvikvm( 2247): GC_EXPLICIT freed 109K, 16% free 32686K/38531K, paused 2ms+10ms
E/StrictMode( 2247): class com.coship.dvbsetting.systemsetting.SyssetAcivity; instances=4; limit=1
E/StrictMode( 2247): android.os.StrictMode$InstanceCountViolation: class com.coship.dvbsetting.systemsetting.SyssetAcivity; instances=4; limit=1
E/StrictMode( 2247):    at android.os.StrictMode.setClassInstanceLimit(StrictMode.java:1)
D/NetUpdate( 2247): progressValue--->0
D/NetUpdate( 2247): mWriteSD--->true
D/NetUpdate( 2247): mBootCheckZipExist--->false

[ 1266.943390] IR: [03932] scan key value is 0xf10ec936 
[ 1266.943395]  I/main_setcenter( 2247): BackDoorIndex:0
I/main_setcenter( 2247): BackDoorKey[BackDoorIndex]:21
I/main_setcenter( 2247): KeyCode:4

[ 1266.995973] IR: [03932] scan key value is 0xf10ec936 
[ 1266.995978]  E/fbdev   ( 1021): Attention! GFLIP time out, force update gop ring buffer!
E/fbdev   ( 1021): Attention! GFLIP time out, force update gop ring buffer!
W/InputManagerService(  937): Starting input on non-focused client com.android.internal.view.IInputMethodClient$Stub$Proxy@4157c628 (uid=1000 pid=2247)
E/fbdev   ( 1021): Attention! GFLIP time out, force update gop ring buffer!
E/fbdev   ( 1021): Attention! GFLIP time out, force update gop ring buffer!
D/NetUpdate( 2247): progressValue--->0
D/NetUpdate( 2247): mWriteSD--->true
D/NetUpdate( 2247): mBootCheckZipExist--->false
E/fbdev   ( 1021): Attention! GFLIP time out, force update gop ring buffer!
E/fbdev   ( 1021): Attention! GFLIP time out, force update gop ring buffer!
E/fbdev   ( 1021): Attention! GFLIP time out, force update gop ring buffer!
E/fbdev   ( 1021): Attention! GFLIP time out, force update gop ring buffer!
E/fbdev   ( 1021): Attention! GFLIP time out, force update gop ring buffer!
D/InputEventConsistencyVerifier( 1217): KeyEvent: ACTION_UP but key was not down.
D/InputEventConsistencyVerifier( 1217):   in Handler (android.view.ViewRootImpl) {419334e0}
D/InputEventConsistencyVerifier( 1217):   0: sent at 1267168000000, KeyEvent { action=ACTION_UP, keyCode=KEYCODE_BACK, scanCode=158, metaState=0, flags=0x8, repeatCount=0, eventTime=1267168, downTime=1266948, deviceId=1, source=0x101 }
D/InputEventConsistencyVerifier( 1217):   -- recent events --
D/InputEventConsistencyVerifier( 1217):   1: sent at 1000284000000, KeyEvent { action=ACTION_UP, keyCode=KEYCODE_ENTER, scanCode=28, metaState=0, flags=0x8, repeatCount=0, eventTime=1000284, downTime=1000125, deviceId=1, source=0x101 }
D/InputEventConsistencyVerifier( 1217):   2: sent at 1000125000000, KeyEvent { action=ACTION_DOWN, keyCode=KEYCODE_ENTER, scanCode=28, metaState=0, flags=0x8, repeatCount=0, eventTime=1000125, downTime=1000125, deviceId=1, source=0x101 }
D/InputEventConsistencyVerifier( 1217):   3: sent at 999928000000, KeyEvent { action=ACTION_UP, keyCode=KEYCODE_DPAD_UP, scanCode=103, metaState=0, flags=0x8, repeatCount=0, eventTime=999928, downTime=999707, deviceId=1, source=0x101 }
D/InputEventConsistencyVerifier( 1217):   4: sent at 999707000000, KeyEvent { action=ACTION_DOWN, keyCode=KEYCODE_DPAD_UP, scanCode=103, metaState=0, flags=0x8, repeatCount=0, eventTime=999707, downTime=999707, deviceId=1, source=0x101 }
D/InputEventConsistencyVerifier( 1217):   5: sent at 999364000000, KeyEvent { action=ACTION_UP, keyCode=KEYCODE_DPAD_DOWN, scanCode=108, metaState=0, flags=0x8, repeatCount=0, eventTime=999364, downTime=999143, deviceId=1, source=0x101 }
E/fbdev   ( 1021): Attention! GFLIP time out, force update gop ring buffer!
E/fbdev   ( 1021): Attention! GFLIP time out, force update gop ring buffer!
E/fbdev   ( 1021): Attention! GFLIP time out, force update gop ring buffer!
E/fbdev   ( 1021): Attention! GFLIP time out, force update gop ring buffer!
E/fbdev   ( 1021): Attention! GFLIP time out, force update gop ring buffer!
E/fbdev   ( 1021): Attention! GFLIP time out, force update gop ring buffer!
E/fbdev   ( 1021): Attention! GFLIP time out, force update gop ring buffer!
E/fbdev   ( 1021): Attention! GFLIP time out, force update gop ring buffer!
E/fbdev   ( 1021): Attention! GFLIP time out, force update gop ring buffer!
E/fbdev   ( 1021): Attention! GFLIP time out, force update gop ring buffer!
E/fbdev   ( 1021): Attention! GFLIP time out, force update gop ring buffer!
E/fbdev   ( 1021): Attention! GFLIP time out, force update gop ring buffer!
E/fbdev   ( 1021): Attention! GFLIP time out, force update gop ring buffer!
E/fbdev   ( 1021): Attention! GFLIP time out, force update gop ring buffer!
E/fbdev   ( 1021): Attention! GFLIP time out, force update gop ring buffer!
E/fbdev   ( 1021): Attention! GFLIP time out, force update gop ring buffer!
E/fbdev   ( 1021): Attention! GFLIP time out, force update gop ring buffer!
E/fbdev   ( 1021): Attention! GFLIP time out, force update gop ring buffer!
E/fbdev   ( 1021): Attention! GFLIP time out, force update gop ring buffer!
E/fbdev   ( 1021): Attention! GFLIP time out, force update gop ring buffer!
E/fbdev   ( 1021): Attention! GFLIP time out, force update gop ring buffer!
E/fbdev   ( 1021): Attention! GFLIP time out, force update gop ring buffer!
E/fbdev   ( 1021): Attention! GFLIP time out, force update gop ring buffer!
E/fbdev   ( 1021): Attention! GFLIP time out, force update gop ring buffer!
E/fbdev   ( 1021): Attention! GFLIP time out, force update gop ring buffer!
E/fbdev   ( 1021): Attention! GFLIP time out, force update gop ring buffer!
E/fbdev   ( 1021): Attention! GFLIP time out, force update gop ring buffer!
E/fbdev   ( 1021): Attention! GFLIP time out, force update gop ring buffer!

[ 1267.750066] IR: [03932] scan key value is 0xeb14c936 
[ 1267.750071]  E/WindowManager(  937): ##############################dispatchUnhandledKey

[ 1267.802640] IR: [03932] scan key value is 0xeb14c936 
[ 1267.802645]  D/NetUpdate( 2247): progressValue--->0
D/NetUpdate( 2247): mWriteSD--->true
D/NetUpdate( 2247): mBootCheckZipExist--->false

[ 1268.303257] IR: [03932] scan key value is 0xec13c936 
[ 1268.303262]  
[ 1268.355827] IR: [03932] scan key value is 0xec13c936 
[ 1268.355832]  I/MainActivity( 1217): CIBN ---> onClick -> 52066
E/fbdev   ( 1021): Attention! GFLIP time out, force update gop ring buffer!
E/fbdev   ( 1021): Attention! GFLIP time out, force update gop ring buffer!
E/fbdev   ( 1021): Attention! GFLIP time out, force update gop ring buffer!
E/fbdev   ( 1021): Attention! GFLIP time out, force update gop ring buffer!
E/fbdev   ( 1021): Attention! GFLIP time out, force update gop ring buffer!
E/fbdev   ( 1021): Attention! GFLIP time out, force update gop ring buffer!
E/fbdev   ( 1021): Attention! GFLIP time out, force update gop ring buffer!
E/fbdev   ( 1021): Attention! GFLIP time out, force update gop ring buffer!
E/fbdev   ( 1021): Attention! GFLIP time out, force update gop ring buffer!
E/fbdev   ( 1021): Attention! GFLIP time out, force update gop ring buffer!
E/fbdev   ( 1021): Attention! GFLIP time out, force update gop ring buffer!
E/fbdev   ( 1021): Attention! GFLIP time out, force update gop ring buffer!
E/fbdev   ( 1021): Attention! GFLIP time out, force update gop ring buffer!
D/NetUpdate( 2247): progressValue--->0
D/NetUpdate( 2247): mWriteSD--->true
D/NetUpdate( 2247): mBootCheckZipExist--->false
E/fbdev   ( 1021): Attention! GFLIP time out, force update gop ring buffer!
E/fbdev   ( 1021): Attention! GFLIP time out, force update gop ring buffer!
E/fbdev   ( 1021): Attention! GFLIP time out, force update gop ring buffer!
E/fbdev   ( 1021): Attention! GFLIP time out, force update gop ring buffer!
E/fbdev   ( 1021): Attention! GFLIP time out, force update gop ring buffer!
D/NetUpdate( 2247): progressValue--->0
D/NetUpdate( 2247): mWriteSD--->true
D/NetUpdate( 2247): mBootCheckZipExist--->false
E/CACHE   ( 1872): cleared
I/zomut.watchdog.monitor( 1872): initgather
I/zomut.watchdog.monitor( 1872): endgather
I/zomut.watchdog.monitor( 1872): init
E/fbdev   ( 1021): Attention! GFLIP time out, force update gop ring buffer!
E/fbdev   ( 1021): Attention! GFLIP time out, force update gop ring buffer!
E/fbdev   ( 1021): Attention! GFLIP time out, force update gop ring buffer!
E/fbdev   ( 1021): Attention! GFLIP time out, force update gop ring buffer!
E/fbdev   ( 1021): Attention! GFLIP time out, force update gop ring buffer!
E/fbdev   ( 1021): Attention! GFLIP time out, force update gop ring buffer!
E/fbdev   ( 1021): Attention! GFLIP time out, force update gop ring buffer!
I/zomut.watchdog.monitor( 1872): end
E/fbdev   ( 1021): Attention! GFLIP time out, force update gop ring buffer!
E/fbdev   ( 1021): Attention! GFLIP time out, force update gop ring buffer!
E/fbdev   ( 1021): Attention! GFLIP time out, force update gop ring buffer!
E/fbdev   ( 1021): Attention! GFLIP time out, force update gop ring buffer!
E/fbdev   ( 1021): Attention! GFLIP time out, force update gop ring buffer!
E/fbdev   ( 1021): Attention! GFLIP time out, force update gop ring buffer!
E/fbdev   ( 1021): Attention! GFLIP time out, force update gop ring buffer!
E/fbdev   ( 1021): Attention! GFLIP time out, force update gop ring buffer!
E/fbdev   ( 1021): Attention! GFLIP time out, force update gop ring buffer!
E/fbdev   ( 1021): Attention! GFLIP time out, force update gop ring buffer!
E/fbdev   ( 1021): Attention! GFLIP time out, force update gop ring buffer!
E/fbdev   ( 1021): Attention! GFLIP time out, force update gop ring buffer!
E/fbdev   ( 1021): Attention! GFLIP time out, force update gop ring buffer!
E/fbdev   ( 1021): Attention! GFLIP time out, force update gop ring buffer!
E/fbdev   ( 1021): Attention! GFLIP time out, force update gop ring buffer!
D/NetUpdate( 2247): progressValue--->0
D/NetUpdate( 2247): mWriteSD--->true
D/NetUpdate( 2247): mBootCheckZipExist--->false

[ 1270.424833] IR: [03932] scan key value is 0xea15c936 
[ 1270.424837]  E/WindowManager(  937): ##############################dispatchUnhandledKey

[ 1270.477404] IR: [03932] scan key value is 0xea15c936 
[ 1270.477409]  
[ 1270.585682] IR: [03932] scan key value is 0xea15c936 
[ 1270.585686]  
[ 1270.693959] IR: [03932] scan key value is 0xea15c936 
[ 1270.693963]  D/NetUpdate( 2247): progressValue--->0
D/NetUpdate( 2247): mWriteSD--->true
D/NetUpdate( 2247): mBootCheckZipE
[ 1270.802244] IR: [03932] scan key value is 0xea15c936 
[ 1270.802249]  xist--->false

[ 1270.910520] IR: [03932] scan key value is 0xea15c936 
[ 1270.910525]  E/WindowManager(  937): ##############################dispatchUnhandledKey
E/WindowManager(  937): ##############################dispatchUnhandledKey

[ 1271.018796] IR: [03932] scan key value is 0xea15c936 
[ 1271.018801]  E/WindowManager(  937): ##############################dispatchUnhandledKey
E/WindowManager(  937): ##############################dispatchUnhandledKey
D/NetUpdate( 2247): progressValue--->0
D/NetUpdate( 2247): mWriteSD--->true
D/NetUpdate( 2247): mBootCheckZipExist--->false

[ 1271.127070] IR: [03932] scan key value is 0xea15c936 
[ 1271.127075]  E/WindowManager(  937): ##############################dispatchUnhandledKey
E/WindowManager(  937): ##############################dispatchUnhandledKey

[ 1271.235342] IR: [03932] scan key value is 0xea15c936 
[ 1271.235347]  E/WindowManager(  937): ##############################dispatchUnhandledKey
E/WindowManager(  937): ##############################dispatchUnhandledKey

[ 1271.343616] IR: [03932] scan key value is 0xea15c936 
[ 1271.343620]  E/WindowManager(  937): ##############################dispatchUnhandledKey
E/WindowManager(  937): ##############################dispatchUnhandledKey
E/WindowManager(  937): ##############################dispatchUnhandledKey

[ 1271.451888] IR: [03932] scan key value is 0xea15c936 
[ 1271.451892]  E/WindowManager(  937): ##############################dispatchUnhandledKey
E/WindowManager(  937): ##############################dispatchUnhandledKey

[ 1271.560161] IR: [03932] scan key value is 0xea15c936 
[ 1271.560166]  E/WindowManager(  937): ##############################dispatchUnhandledKey
E/WindowManager(  937): ##############################dispatchUnhandledKey

[ 1271.668433] IR: [03932] scan key value is 0xea15c936 
[ 1271.668438]  E/WindowManager(  937): ##############################dispatchUnhandledKey
E/WindowManager(  937): ##############################dispatchUnhandledKey
E/WindowManager(  937): ##############################dispatchUnhandledKey
D/NetUpdate( 2247): progressValue--->0
D/NetUpdate( 2247): mWriteSD--->true
D/NetUpdate( 2247): mBootCheckZipExist--->false
D/dalvikvm( 1217): GC_CONCURRENT freed 1621K, 17% free 30471K/36291K, paused 1ms+11ms
D/NetUpdate( 2247): progressValue--->0
D/NetUpdate( 2247): mWriteSD--->true
D/NetUpdate( 2247): mBootCheckZipExist--->false

[ 1272.219866] IR: [03932] scan key value is 0xea15c936 
[ 1272.219870]  E/WindowManager(  937): ##############################dispatchUnhandledKey

[ 1272.272432] IR: [03932] scan key value is 0xea15c936 
[ 1272.272437]  D/NetUpdate( 2247): progressValue--->0
D/NetUpdate( 2247): mWriteSD--->true
D/NetUpdate( 2247): mBootCheckZipExist--->false
D/dalvikvm( 1657): GC_CONCURRENT freed 835K, 65% free 2849K/7939K, paused 2ms+2ms
D/NetUpdate( 2247): progressValue--->0
D/NetUpdate( 2247): mWriteSD--->true
D/NetUpdate( 2247): mBootCheckZipExist--->false
D/dalvikvm( 1657): GC_CONCURRENT freed 700K, 65% free 2835K/7939K, paused 1ms+2ms

[ 1273.263015] IR: [03932] scan key value is 0xee11c936 
[ 1273.263020]  E/WindowManager(  937): ##############################dispatchUnhandledKey

[ 1273.315594] IR: [03932] scan key value is 0xee11c936 
[ 1273.315599]  D/dalvikvm( 1657): GC_CONCURRENT freed 675K, 64% free 2863K/7939K, paused 2ms+3ms
D/dalvikvm( 1657): GC_CONCURRENT freed 705K, 64% free 2859K/7939K, paused 2ms+3ms
D/NetUpdate( 2247): progressValue--->0
D/NetUpdate( 2247): mWriteSD--->true
D/NetUpdate( 2247): mBootCheckZipExist--->false

[ 1273.862369] IR: [03932] scan key value is 0xeb14c936 
[ 1273.862374]  E/fbdev   ( 1021): Attention! GFLIP time out, force update gop ring buffer!

[ 1273.914939] IR: [03932] scan key value is 0xeb14c936 
[ 1273.914943]  D/dalvikvm( 1657): GC_CONCURRENT freed 706K, 64% free 2863K/7939K, paused 2ms+2ms
D/InputEventConsistencyVerifier( 1217): KeyEvent: ACTION_UP but key was not down.
D/InputEventConsistencyVerifier( 1217):   in android.widget.Button@42d9eb80
D/InputEventConsistencyVerifier( 1217):   0: sent at 1274080000000, KeyEvent { action=ACTION_UP, keyCode=KEYCODE_DPAD_RIGHT, scanCode=106, metaState=0, flags=0x8, repeatCount=0, eventTime=1274080, downTime=1273867, deviceId=1, source=0x101 }
D/NetUpdate( 2247): progressValue--->0
D/NetUpdate( 2247): mWriteSD--->true
D/NetUpdate( 2247): mBootCheckZipExist--->false
D/dalvikvm( 1657): GC_CONCURRENT freed 722K, 65% free 2832K/7939K, paused 2ms+3ms

[ 1274.345584] IR: [03932] scan key value is 0xec13c936 
[ 1274.345589]  E/fbdev   ( 1021): Attention! GFLIP time out, force update gop ring buffer!

[ 1274.398148] IR: [03932] scan key value is 0xec13c936 
[ 1274.398152]  I/ActivityManager(  937): START {flg=0x10000000 cmp=com.coship.dvbsetting/.main (has extras)} from pid 1217
E/fbdev   ( 1021): Attention! GFLIP time out, force update gop ring buffer!
D/dalvikvm( 1657): GC_CONCURRENT freed 696K, 64% free 2935K/7939K, paused 3ms+3ms
D/dalvikvm(  937): GC_FOR_ALLOC freed 418K, 63% free 4118K/10883K, paused 55ms
I/dalvikvm-heap(  937): Grow heap (frag case) to 8.623MB for 1048592-byte allocation
D/HomePlayerLib( 1657): hostaddress count is 1
D/dalvikvm(  937): GC_FOR_ALLOC freed 25K, 53% free 5117K/10883K, paused 52ms
D/dalvikvm(  937): GC_CONCURRENT freed 17K, 54% free 5101K/10883K, paused 3ms+4ms
E/fbdev   ( 1021): Attention! GFLIP time out, force update gop ring buffer!
V/AuthorizationDialog( 1217):   80007
E/fbdev   ( 1021): Attention! GFLIP time out, force update gop ring buffer!
E/fbdev   ( 1021): Attention! GFLIP time out, force update gop ring buffer!
I/main_setcenter( 2247): product model ro.product.model = S1001
E/fbdev   ( 1021): Attention! GFLIP time out, force update gop ring buffer!
D/OpenGLRenderer( 1217): Flushing caches (mode 1)
D/NetUpdate( 2247): progressValue--->0
D/NetUpdate( 2247): mWriteSD--->true
D/NetUpdate( 2247): mBootCheckZipExist--->false
E/fbdev   ( 1021): Attention! GFLIP time out, force update gop ring buffer!
E/fbdev   ( 1021): Attention! GFLIP time out, force update gop ring buffer!
V/TabletStatusBar( 1140): setLightsOn(true)
D/OpenGLRenderer( 1217): Flushing caches (mode 0)
D/dalvikvm( 1657): GC_CONCURRENT freed 817K, 63% free 2958K/7939K, paused 2ms+6ms
E/fbdev   ( 1021): Attention! GFLIP time out, force update gop ring buffer!
E/fbdev   ( 1021): Attention! GFLIP time out, force update gop ring buffer!
E/fbdev   ( 1021): Attention! GFLIP time out, force update gop ring buffer!
W/InputManagerService(  937): Starting input on non-focused client com.android.internal.view.IInputMethodClient$Stub$Proxy@416c4318 (uid=10006 pid=1217)
E/fbdev   ( 1021): Attention! GFLIP time out, force update gop ring buffer!
E/fbdev   ( 1021): Attention! GFLIP time out, force update gop ring buffer!
E/fbdev   ( 1021): Attention! GFLIP time out, force update gop ring buffer!
E/fbdev   ( 1021): Attention! GFLIP time out, force update gop ring buffer!
E/fbdev   ( 1021): Attention! GFLIP time out, force update gop ring buffer!
E/fbdev   ( 1021): Attention! GFLIP time out, force update gop ring buffer!
I/ActivityManager(  937): Displayed com.coship.dvbsetting/.main: +286ms
E/fbdev   ( 1021): Attention! GFLIP time out, force update gop ring buffer!
E/fbdev   ( 1021): Attention! GFLIP time out, force update gop ring buffer!
E/fbdev   ( 1021): Attention! GFLIP time out, force update gop ring buffer!
D/NetUpdate( 2247): progressValue--->0
D/NetUpdate( 2247): mWriteSD--->true
D/NetUpdate( 2247): mBootCheckZipExist--->false
E/fbdev   ( 1021): Attention! GFLIP time out, force update gop ring buffer!
E/fbdev   ( 1021): Attention! GFLIP time out, force update gop ring buffer!
E/fbdev   ( 1021): Attention! GFLIP time out, force update gop ring buffer!
D/dalvikvm( 1657): GC_CONCURRENT freed 824K, 64% free 2861K/7939K, paused 3ms+2ms
E/fbdev   ( 1021): Attention! GFLIP time out, force update gop ring buffer!
E/fbdev   ( 1021): Attention! GFLIP time out, force update gop ring buffer!
E/fbdev   ( 1021): Attention! GFLIP time out, force update gop ring buffer!
E/fbdev   ( 1021): Attention! GFLIP time out, force update gop ring buffer!
E/fbdev   ( 1021): Attention! GFLIP time out, force update gop ring buffer!
E/fbdev   ( 1021): Attention! GFLIP time out, force update gop ring buffer!
E/fbdev   ( 1021): Attention! GFLIP time out, force update gop ring buffer!
D/dalvikvm( 1657): GC_CONCURRENT freed 700K, 63% free 2965K/7939K, paused 3ms+3ms
D/dalvikvm( 1657): GC_CONCURRENT freed 849K, 64% free 2863K/7939K, paused 2ms+2ms
D/dalvikvm( 1657): GC_CONCURRENT freed 706K, 63% free 2966K/7939K, paused 2ms+3ms
D/NetUpdate( 2247): progressValue--->0
D/NetUpdate( 2247): mWriteSD--->true
D/NetUpdate( 2247): mBootCheckZipExist--->false
D/dalvikvm( 1657): GC_CONCURRENT freed 839K, 63% free 2967K/7939K, paused 2ms+3ms
D/dalvikvm( 1657): GC_CONCURRENT freed 857K, 65% free 2838K/7939K, paused 2ms+3ms
D/dalvikvm( 1657): GC_CONCURRENT freed 682K, 65% free 2858K/7939K, paused 2ms+3ms
D/NetUpdate( 2247): progressValue--->0
D/NetUpdate( 2247): mWriteSD--->true
D/NetUpdate( 2247): mBootCheckZipExist--->false
D/NetUpdate( 2247): progressValue--->0
D/NetUpdate( 2247): mWriteSD--->true
D/NetUpdate( 2247): mBootCheckZipExist--->false
D/dalvikvm( 1657): GC_CONCURRENT freed 704K, 64% free 2863K/7939K, paused 2ms+2ms
D/dalvikvm( 1657): GC_CONCURRENT freed 704K, 64% free 2863K/7939K, paused 3ms+2ms
D/dalvikvm( 1657): GC_CONCURRENT freed 704K, 64% free 2863K/7939K, paused 2ms+2ms
D/NetUpdate( 2247): progressValue--->0
D/NetUpdate( 2247): mWriteSD--->true
D/NetUpdate( 2247): mBootCheckZipExist--->false
D/dalvikvm( 1657): GC_CONCURRENT freed 705K, 64% free 2860K/7939K, paused 2ms+3ms
D/NetUpdate( 2247): progressValue--->0
D/NetUpdate( 2247): mWriteSD--->true
D/NetUpdate( 2247): mBootCheckZipExist--->false
D/dalvikvm( 1657): GC_CONCURRENT freed 704K, 64% free 2863K/7939K, paused 2ms+3ms
D/dalvikvm( 1657): GC_CONCURRENT freed 723K, 65% free 2833K/7939K, paused 2ms+3ms
D/dalvikvm( 1657): GC_CONCURRENT freed 667K, 64% free 2862K/7939K, paused 2ms+3ms
D/NetUpdate( 2247): progressValue--->0
D/NetUpdate( 2247): mWriteSD--->true
D/NetUpdate( 2247): mBootCheckZipExist--->false
D/NetUpdate( 2247): progressValue--->0
D/NetUpdate( 2247): mWriteSD--->true
D/NetUpdate( 2247): mBootCheckZipExist--->false
D/NetUpdate( 2247): progressValue--->0
D/NetUpdate( 2247): mWriteSD--->true
D/NetUpdate( 2247): mBootCheckZipExist--->false
D/NetUpdate( 2247): progressValue--->0
D/NetUpdate( 2247): mWriteSD--->true
D/NetUpdate( 2247): mBootCheckZipExist--->false
D/NetUpdate( 2247): progressValue--->0
D/NetUpdate( 2247): mWriteSD--->true
D/NetUpdate( 2247): mBootCheckZipExist--->false
D/NetUpdate( 2247): progressValue--->0
D/NetUpdate( 2247): mWriteSD--->true
D/NetUpdate( 2247): mBootCheckZipExist--->false
D/NetUpdate( 2247): progressValue--->0
D/NetUpdate( 2247): mWriteSD--->true
D/NetUpdate( 2247): mBootCheckZipExist--->false
D/NetUpdate( 2247): progressValue--->0
D/NetUpdate( 2247): mWriteSD--->true
D/NetUpdate( 2247): mBootCheckZipExist--->false
D/NetUpdate( 2247): progressValue--->0
D/NetUpdate( 2247): mWriteSD--->true
D/NetUpdate( 2247): mBootCheckZipExist--->false
D/NetUpdate( 2247): progressValue--->0
D/NetUpdate( 2247): mWriteSD--->true
D/NetUpdate( 2247): mBootCheckZipExist--->false
D/dalvikvm( 1657): GC_CONCURRENT freed 704K, 64% free 2861K/7939K, paused 2ms+2ms
D/NetUpdate( 2247): progressValue--->0
D/NetUpdate( 2247): mWriteSD--->true
D/NetUpdate( 2247): mBootCheckZipExist--->false
D/dalvikvm( 1657): GC_CONCURRENT freed 705K, 64% free 2862K/7939K, paused 2ms+3ms
D/NetUpdate( 2247): progressValue--->0
D/NetUpdate( 2247): mWriteSD--->true
D/NetUpdate( 2247): mBootCheckZipExist--->false
D/dalvikvm( 1657): GC_CONCURRENT freed 706K, 64% free 2861K/7939K, paused 3ms+2ms
D/NetUpdate( 2247): progressValue--->0
D/NetUpdate( 2247): mWriteSD--->true
D/NetUpdate( 2247): mBootCheckZipExist--->false
D/NetUpdate( 2247): progressValue--->0
D/NetUpdate( 2247): mWriteSD--->true
D/NetUpdate( 2247): mBootCheckZipExist--->false
D/NetUpdate( 2247): progressValue--->0
D/NetUpdate( 2247): mWriteSD--->true
D/NetUpdate( 2247): mBootCheckZipExist--->false
D/NetUpdate( 2247): progressValue--->0
D/NetUpdate( 2247): mWriteSD--->true
D/NetUpdate( 2247): mBootCheckZipExist--->false
D/HomePlayerLib( 1657): hostaddress count is 1
D/dalvikvm( 1657): GC_CONCURRENT freed 718K, 65% free 2833K/7939K, paused 3ms+2ms
D/dalvikvm( 1657): GC_CONCURRENT freed 685K, 65% free 2834K/7939K, paused 3ms+2ms
D/dalvikvm( 1657): GC_CONCURRENT freed 671K, 64% free 2862K/7939K, paused 3ms+2ms
D/dalvikvm( 1657): GC_CONCURRENT freed 702K, 64% free 2865K/7939K, paused 2ms+2ms
D/dalvikvm( 1657): GC_CONCURRENT freed 703K, 64% free 2876K/7939K, paused 2ms+2ms
D/NetUpdate( 2247): progressValue--->0
D/NetUpdate( 2247): mWriteSD--->true
D/NetUpdate( 2247): mBootCheckZipExist--->false
D/dalvikvm( 1657): GC_CONCURRENT freed 718K, 64% free 2865K/7939K, paused 2ms+3ms
D/NetUpdate( 2247): progressValue--->0
D/NetUpdate( 2247): mWriteSD--->true
D/NetUpdate( 2247): mBootCheckZipExist--->false
D/NetUpdate( 2247): progressValue--->0
D/NetUpdate( 2247): mWriteSD--->true
D/NetUpdate( 2247): mBootCheckZipExist--->false
D/NetUpdate( 2247): progressValue--->0
D/NetUpdate( 2247): mWriteSD--->true
D/NetUpdate( 2247): mBootCheckZipExist--->false
D/NetUpdate( 2247): progressValue--->0
D/NetUpdate( 2247): mWriteSD--->true
D/NetUpdate( 2247): mBootCheckZipExist--->false
D/NetUpdate( 2247): progressValue--->0
D/NetUpdate( 2247): mWriteSD--->true
D/NetUpdate( 2247): mBootCheckZipExist--->false
D/NetUpdate( 2247): progressValue--->0
D/NetUpdate( 2247): mWriteSD--->true
D/NetUpdate( 2247): mBootCheckZipExist--->false
D/NetUpdate( 2247): progressValue--->0
D/NetUpdate( 2247): mWriteSD--->true
D/NetUpdate( 2247): mBootCheckZipExist--->false
D/NetUpdate( 2247): progressValue--->0
D/NetUpdate( 2247): mWriteSD--->true
D/NetUpdate( 2247): mBootCheckZipExist--->false
D/NetUpdate( 2247): progressValue--->0
D/NetUpdate( 2247): mWriteSD--->true
D/NetUpdate( 2247): mBootCheckZipExist--->false
D/NetUpdate( 2247): progressValue--->0
D/NetUpdate( 2247): mWriteSD--->true
D/NetUpdate( 2247): mBootCheckZipExist--->false
D/NetUpdate( 2247): progressValue--->0
D/NetUpdate( 2247): mWriteSD--->true
D/NetUpdate( 2247): mBootCheckZipExist--->false
D/NetUpdate( 2247): progressValue--->0
D/NetUpdate( 2247): mWriteSD--->true
D/NetUpdate( 2247): mBootCheckZipExist--->false
D/NetUpdate( 2247): progressValue--->0
D/NetUpdate( 2247): mWriteSD--->true
D/NetUpdate( 2247): mBootCheckZipExist--->false
D/NetUpdate( 2247): progressValue--->0
D/NetUpdate( 2247): mWriteSD--->true
D/NetUpdate( 2247): mBootCheckZipExist--->false
D/NetUpdate( 2247): progressValue--->0
D/NetUpdate( 2247): mWriteSD--->true
D/NetUpdate( 2247): mBootCheckZipExist--->false
D/dalvikvm( 1657): GC_CONCURRENT freed 707K, 64% free 2863K/7939K, paused 2ms+2ms
D/NetUpdate( 2247): progressValue--->0
D/NetUpdate( 2247): mWriteSD--->true
D/NetUpdate( 2247): mBootCheckZipExist--->false
D/dalvikvm( 1657): GC_CONCURRENT freed 705K, 64% free 2863K/7939K, paused 2ms+2ms

[ 1295.153721] IR: [03932] scan key value is 0xea15c936 
[ 1295.153726]  D/NetUpdate( 2247): progressValue--->0
D/NetUpdate( 2247): mWriteSD--->true
D/NetUpdate( 2247): mBootCheckZipExist--->false
I/main_setcenter( 2247): BackDoorIndex:0
I/main_setcenter( 2247): BackDoorKey[BackDoorIndex]:21
I/main_setcenter( 2247): KeyCode:20
E/WindowManager(  937): ##############################dispatchUnhandledKey

[ 1295.206298] IR: [03932] scan key value is 0xea15c936 
[ 1295.206303]  D/dalvikvm( 1657): GC_CONCURRENT freed 707K, 64% free 2863K/7939K, paused 2ms+2ms

[ 1295.768878] IR: [03932] scan key value is 0xed12c936 
[ 1295.768883]  I/main_setcenter( 2247): BackDoorIndex:1
I/main_setcenter( 2247): BackDoorKey[BackDoorIndex]:20
I/main_setcenter( 2247): KeyCode:21
E/WindowManager(  937): ##############################dispatchUnhandledKey

[ 1295.821448] IR: [03932] scan key value is 0xed12c936 
[ 1295.821453]  D/NetUpdate( 2247): progressValue--->0
D/NetUpdate( 2247): mWriteSD--->true
D/NetUpdate( 2247): mBootCheckZipExist--->false
D/NetUpdate( 2247): progressValue--->0
D/NetUpdate( 2247): mWriteSD--->true
D/NetUpdate( 2247): mBootCheckZipExist--->false
D/HomePlayerLib( 1657): hostaddress count is 1
D/dalvikvm( 1657): GC_CONCURRENT freed 724K, 64% free 2893K/7939K, paused 2ms+4ms
D/dalvikvm( 1657): GC_CONCURRENT freed 756K, 63% free 2964K/7939K, paused 2ms+2ms
D/NetUpdate( 2247): progressValue--->0
D/NetUpdate( 2247): mWriteSD--->true
D/NetUpdate( 2247): mBootCheckZipExist--->false
D/dalvikvm( 1657): GC_CONCURRENT freed 849K, 63% free 2962K/7939K, paused 2ms+2ms
D/dalvikvm( 1657): GC_FOR_ALLOC freed 971K, 65% free 2839K/7939K, paused 26ms
D/dalvikvm( 1657): GC_CONCURRENT freed 18K, 65% free 2840K/7939K, paused 2ms+3ms
D/dalvikvm( 1657): GC_CONCURRENT freed 664K, 64% free 2886K/7939K, paused 2ms+2ms
D/NetUpdate( 2247): progressValue--->0
D/NetUpdate( 2247): mWriteSD--->true
D/NetUpdate( 2247): mBootCheckZipExist--->false
D/NetUpdate( 2247): progressValue--->0
D/NetUpdate( 2247): mWriteSD--->true
D/NetUpdate( 2247): mBootCheckZipExist--->false
D/dalvikvm( 1657): GC_CONCURRENT freed 743K, 63% free 2961K/7939K, paused 2ms+2ms
D/dalvikvm( 1657): GC_CONCURRENT freed 841K, 63% free 2969K/7939K, paused 2ms+2ms
D/dalvikvm( 1657): GC_CONCURRENT freed 860K, 63% free 2961K/7939K, paused 2ms+2ms
D/NetUpdate( 2247): progressValue--->0
D/NetUpdate( 2247): mWriteSD--->true
D/NetUpdate( 2247): mBootCheckZipExist--->false

[ 1299.054411] IR: [03932] scan key value is 0xec13c936 
[ 1299.054416]  I/main_setcenter( 2247): BackDoorIndex:0
I/main_setcenter( 2247): BackDoorKey[BackDoorIndex]:21
I/main_setcenter( 2247): KeyCode:66
D/dalvikvm( 1657): GC_CONCURRENT freed 841K, 63% free 2947K/7939K, paused 2ms+3ms

[ 1299.106988] IR: [03932] scan key value is 0xec13c936 
[ 1299.106993]  D/NetUpdate( 2247): progressValue--->0
D/NetUpdate( 2247): mWriteSD--->true
D/NetUpdate( 2247): mBootCheckZipExist--->false
I/ActivityManager(  937): START {cmp=com.coship.dvbsetting/.netsetting.netSet} from pid 2247
I/EthernetManager( 2247): Init Ethernet Manager, service: android.net.ethernet.IEthernetManager$Stub$Proxy@414e2150
I/WifiP2PsetDialog( 2247): SystemPropertiesClass:class android.net.wifi.p2p.WifiP2pManager
W/WifiP2PsetDialog( 2247): ~~~~~~~~~~~~~~~~~~~~~~method:public java.lang.String android.net.wifi.p2p.WifiP2pManager.getWifip2pConfig(int)
W/WifiP2PsetDialog( 2247): ~~~~~~~~~~~~~~~~~~~~~~returnvalue:SmartBox
I/netset  ( 2247): product model ro.product.model = S1001
I/HighSet_CableNetwork( 2247): mEthernetManager:android.net.ethernet.EthernetManager@42d5eb70
I/PppoeManager( 2247): create PppoeManager
I/NetworkConnect( 2247): //////@Override//////@Override//////@Override//////@Override//////@Override//////@Override//////@Override//////@Override
D/WifiDirectSetting( 2247): --------------WIFI_P2P_THIS_DEVICE_CHANGED_ACTION
D/WifiDirectSetting( 2247): ------------mThisDevice.String()Device: SmartBox
D/WifiDirectSetting( 2247):  deviceAddress: a6:a8:20:13:03:6e
D/WifiDirectSetting( 2247):  primary type: 10-0050F204-5
D/WifiDirectSetting( 2247):  secondary type: null
D/WifiDirectSetting( 2247):  wps: 0
D/WifiDirectSetting( 2247):  grpcapab: 0
D/WifiDirectSetting( 2247):  devcapab: 0
D/WifiDirectSetting( 2247):  status: 4
D/WifiDirectSetting( 2247):  wfdInfo: null
I/NetworkConnect( 2247): Execute command :ping -c 1 -w 100 www.baidu.com
D/dalvikvm( 1657): GC_CONCURRENT freed 828K, 64% free 2881K/7939K, paused 3ms+3ms
V/TabletStatusBar( 1140): setLightsOn(true)
E/fbdev   ( 1021): Attention! GFLIP time out, force update gop ring buffer!
E/fbdev   ( 1021): Attention! GFLIP time out, force update gop ring buffer!
I/NetworkConnect( 2247): //////@Override//////@Override//////@Override//////@Override//////@Override//////@Override//////@Override//////@Override
I/NetworkConnect( 2247): Execute command :ping -c 1 -w 100 www.baidu.com
I/ActivityManager(  937): Displayed com.coship.dvbsetting/.netsetting.netSet: +412ms
E/fbdev   ( 1021): Attention! GFLIP time out, force update gop ring buffer!
E/fbdev   ( 1021): Attention! GFLIP time out, force update gop ring buffer!
E/fbdev   ( 1021): Attention! GFLIP time out, force update gop ring buffer!
E/fbdev   ( 1021): Attention! GFLIP time out, force update gop ring buffer!
E/fbdev   ( 1021): Attention! GFLIP time out, force update gop ring buffer!
E/fbdev   ( 1021): Attention! GFLIP time out, force update gop ring buffer!
E/fbdev   ( 1021): Attention! GFLIP time out, force update gop ring buffer!
D/dalvikvm( 1657): GC_CONCURRENT freed 728K, 64% free 2901K/7939K, paused 4ms+2ms
E/fbdev   ( 1021): Attention! GFLIP time out, force update gop ring buffer!
E/fbdev   ( 1021): Attention! GFLIP time out, force update gop ring buffer!
D/NetUpdate( 2247): progressValue--->0
D/NetUpdate( 2247): mWriteSD--->true
D/NetUpdate( 2247): mBootCheckZipExist--->false
E/fbdev   ( 1021): Attention! GFLIP time out, force update gop ring buffer!
E/fbdev   ( 1021): Attention! GFLIP time out, force update gop ring buffer!
E/fbdev   ( 1021): Attention! GFLIP time out, force update gop ring buffer!
E/fbdev   ( 1021): Attention! GFLIP time out, force update gop ring buffer!
E/fbdev   ( 1021): Attention! GFLIP time out, force update gop ring buffer!
E/fbdev   ( 1021): Attention! GFLIP time out, force update gop ring buffer!
E/fbdev   ( 1021): Attention! GFLIP time out, force update gop ring buffer!
E/fbdev   ( 1021): Attention! GFLIP time out, force update gop ring buffer!
D/NetUpdate( 2247): progressValue--->0
D/NetUpdate( 2247): mWriteSD--->true
D/NetUpdate( 2247): mBootCheckZipExist--->false
E/fbdev   ( 1021): Attention! GFLIP time out, force update gop ring buffer!
E/fbdev   ( 1021): Attention! GFLIP time out, force update gop ring buffer!
E/fbdev   ( 1021): Attention! GFLIP time out, force update gop ring buffer!
E/fbdev   ( 1021): Attention! GFLIP time out, force update gop ring buffer!
E/fbdev   ( 1021): Attention! GFLIP time out, force update gop ring buffer!
E/fbdev   ( 1021): Attention! GFLIP time out, force update gop ring buffer!
E/fbdev   ( 1021): Attention! GFLIP time out, force update gop ring buffer!
D/NetUpdate( 2247): progressValue--->0
D/NetUpdate( 2247): mWriteSD--->true
D/NetUpdate( 2247): mBootCheckZipExist--->false
E/fbdev   ( 1021): Attention! GFLIP time out, force update gop ring buffer!
E/fbdev   ( 1021): Attention! GFLIP time out, force update gop ring buffer!
E/fbdev   ( 1021): Attention! GFLIP time out, force update gop ring buffer!
E/fbdev   ( 1021): Attention! GFLIP time out, force update gop ring buffer!
E/fbdev   ( 1021): Attention! GFLIP time out, force update gop ring buffer!
E/fbdev   ( 1021): Attention! GFLIP time out, force update gop ring buffer!
E/fbdev   ( 1021): Attention! GFLIP time out, force update gop ring buffer!
E/fbdev   ( 1021): Attention! GFLIP time out, force update gop ring buffer!
E/fbdev   ( 1021): Attention! GFLIP time out, force update gop ring buffer!
E/fbdev   ( 1021): Attention! GFLIP time out, force update gop ring buffer!
D/NetUpdate( 2247): progressValue--->0
D/NetUpdate( 2247): mWriteSD--->true
D/NetUpdate( 2247): mBootCheckZipExist--->false
E/fbdev   ( 1021): Attention! GFLIP time out, force update gop ring buffer!
E/fbdev   ( 1021): Attention! GFLIP time out, force update gop ring buffer!
E/fbdev   ( 1021): Attention! GFLIP time out, force update gop ring buffer!
D/NetUpdate( 2247): progressValue--->0
D/NetUpdate( 2247): mWriteSD--->true
D/NetUpdate( 2247): mBootCheckZipExist--->false
E/fbdev   ( 1021): Attention! GFLIP time out, force update gop ring buffer!
E/fbdev   ( 1021): Attention! GFLIP time out, force update gop ring buffer!
E/fbdev   ( 1021): Attention! GFLIP time out, force update gop ring buffer!
E/fbdev   ( 1021): Attention! GFLIP time out, force update gop ring buffer!
E/fbdev   ( 1021): Attention! GFLIP time out, force update gop ring buffer!
E/fbdev   ( 1021): Attention! GFLIP time out, force update gop ring buffer!
E/fbdev   ( 1021): Attention! GFLIP time out, force update gop ring buffer!
D/NetUpdate( 2247): progressValue--->0
D/NetUpdate( 2247): mWriteSD--->true
D/NetUpdate( 2247): mBootCheckZipExist--->false
E/fbdev   ( 1021): Attention! GFLIP time out, force update gop ring buffer!
E/fbdev   ( 1021): Attention! GFLIP time out, force update gop ring buffer!
E/fbdev   ( 1021): Attention! GFLIP time out, force update gop ring buffer!
D/NetUpdate( 2247): progressValue--->0
D/NetUpdate( 2247): mWriteSD--->true
D/NetUpdate( 2247): mBootCheckZipExist--->false
E/fbdev   ( 1021): Attention! GFLIP time out, force update gop ring buffer!
E/fbdev   ( 1021): Attention! GFLIP time out, force update gop ring buffer!
E/fbdev   ( 1021): Attention! GFLIP time out, force update gop ring buffer!
E/fbdev   ( 1021): Attention! GFLIP time out, force update gop ring buffer!
E/fbdev   ( 1021): Attention! GFLIP time out, force update gop ring buffer!
E/fbdev   ( 1021): Attention! GFLIP time out, force update gop ring buffer!
E/fbdev   ( 1021): Attention! GFLIP time out, force update gop ring buffer!
D/NetUpdate( 2247): progressValue--->0
D/NetUpdate( 2247): mWriteSD--->true
D/NetUpdate( 2247): mBootCheckZipExist--->false
E/fbdev   ( 1021): Attention! GFLIP time out, force update gop ring buffer!
E/fbdev   ( 1021): Attention! GFLIP time out, force update gop ring buffer!
E/fbdev   ( 1021): Attention! GFLIP time out, force update gop ring buffer!
D/NetUpdate( 2247): progressValue--->0
D/NetUpdate( 2247): mWriteSD--->true
D/NetUpdate( 2247): mBootCheckZipExist--->false
E/fbdev   ( 1021): Attention! GFLIP time out, force update gop ring buffer!
E/fbdev   ( 1021): Attention! GFLIP time out, force update gop ring buffer!
E/fbdev   ( 1021): Attention! GFLIP time out, force update gop ring buffer!
E/fbdev   ( 1021): Attention! GFLIP time out, force update gop ring buffer!
I/StateSet( 2247): ===============================   state  ping shibai   ============
I/StateSet( 2247): -----wifi------dhcpinfo.toString()=ipaddr 192.168.2.104 gateway 192.168.2.1 netmask 255.255.255.0 dns1 192.168.2.1 dns2 0.0.0.0 DHCP server 192.168.2.1 lease 7200 seconds
E/fbdev   ( 1021): Attention! GFLIP time out, force update gop ring buffer!
E/fbdev   ( 1021): Attention! GFLIP time out, force update gop ring buffer!
D/NetUpdate( 2247): progressValue--->0
D/NetUpdate( 2247): mWriteSD--->true
D/NetUpdate( 2247): mBootCheckZipExist--->false
D/NetUpdate( 2247): progressValue--->0
D/NetUpdate( 2247): mWriteSD--->true
D/NetUpdate( 2247): mBootCheckZipExist--->false
D/NetUpdate( 2247): progressValue--->0
D/NetUpdate( 2247): mWriteSD--->true
D/NetUpdate( 2247): mBootCheckZipExist--->false
D/NetUpdate( 2247): progressValue--->0
D/NetUpdate( 2247): mWriteSD--->true
D/NetUpdate( 2247): mBootCheckZipExist--->false
D/NetUpdate( 2247): progressValue--->0
D/NetUpdate( 2247): mWriteSD--->true
D/NetUpdate( 2247): mBootCheckZipExist--->false
D/NetUpdate( 2247): progressValue--->0
D/NetUpdate( 2247): mWriteSD--->true
D/NetUpdate( 2247): mBootCheckZipExist--->false
D/dalvikvm( 1657): GC_CONCURRENT freed 746K, 64% free 2859K/7939K, paused 2ms+3ms
D/dalvikvm( 1657): GC_CONCURRENT freed 705K, 64% free 2858K/7939K, paused 2ms+2ms
W/ThrottleService(  937): unable to find stats for iface rmnet0
D/NetUpdate( 2247): progressValue--->0
D/NetUpdate( 2247): mWriteSD--->true
D/NetUpdate( 2247): mBootCheckZipExist--->false
D/dalvikvm( 1657): GC_CONCURRENT freed 747K, 63% free 2983K/7939K, paused 2ms+3ms
D/HomePlayerLib( 1657): hostaddress count is 1
D/dalvikvm( 1657): GC_CONCURRENT freed 875K, 63% free 2947K/7939K, paused 2ms+3ms
D/dalvikvm( 1657): GC_CONCURRENT freed 806K, 63% free 2981K/7939K, paused 2ms+2ms
D/NetUpdate( 2247): progressValue--->0
D/NetUpdate( 2247): mWriteSD--->true
D/NetUpdate( 2247): mBootCheckZipExist--->false
D/dalvikvm( 1657): GC_CONCURRENT freed 863K, 63% free 2951K/7939K, paused 2ms+3ms
D/dalvikvm( 1657): GC_CONCURRENT freed 837K, 65% free 2846K/7939K, paused 2ms+3ms
D/dalvikvm( 1657): GC_CONCURRENT freed 672K, 64% free 2862K/7939K, paused 2ms+2ms
D/NetUpdate( 2247): progressValue--->0
D/NetUpdate( 2247): mWriteSD--->true
D/NetUpdate( 2247): mBootCheckZipExist--->false
D/dalvikvm( 1657): GC_CONCURRENT freed 706K, 64% free 2863K/7939K, paused 2ms+3ms
D/NetUpdate( 2247): progressValue--->0
D/NetUpdate( 2247): mWriteSD--->true
D/NetUpdate( 2247): mBootCheckZipExist--->false
D/NetUpdate( 2247): progressValue--->0
D/NetUpdate( 2247): mWriteSD--->true
D/NetUpdate( 2247): mBootCheckZipExist--->false
D/NetUpdate( 2247): progressValue--->0
D/NetUpdate( 2247): mWriteSD--->true
D/NetUpdate( 2247): mBootCheckZipExist--->false
D/NetUpdate( 2247): progressValue--->0
D/NetUpdate( 2247): mWriteSD--->true
D/NetUpdate( 2247): mBootCheckZipExist--->false
D/NetUpdate( 2247): progressValue--->0
D/NetUpdate( 2247): mWriteSD--->true
D/NetUpdate( 2247): mBootCheckZipExist--->false
D/NetUpdate( 2247): progressValue--->0
D/NetUpdate( 2247): mWriteSD--->true
D/NetUpdate( 2247): mBootCheckZipExist--->false
D/NetUpdate( 2247): progressValue--->0
D/NetUpdate( 2247): mWriteSD--->true
D/NetUpdate( 2247): mBootCheckZipExist--->false
D/NetUpdate( 2247): progressValue--->0
D/NetUpdate( 2247): mWriteSD--->true
D/NetUpdate( 2247): mBootCheckZipExist--->false
D/NetUpdate( 2247): progressValue--->0
D/NetUpdate( 2247): mWriteSD--->true
D/NetUpdate( 2247): mBootCheckZipExist--->false
D/NetUpdate( 2247): progressValue--->0
D/NetUpdate( 2247): mWriteSD--->true
D/NetUpdate( 2247): mBootCheckZipExist--->false
D/NetUpdate( 2247): progressValue--->0
D/NetUpdate( 2247): mWriteSD--->true
D/NetUpdate( 2247): mBootCheckZipExist--->false
D/NetUpdate( 2247): progressValue--->0
D/NetUpdate( 2247): mWriteSD--->true
D/NetUpdate( 2247): mBootCheckZipExist--->false
D/NetUpdate( 2247): progressValue--->0
D/NetUpdate( 2247): mWriteSD--->true
D/NetUpdate( 2247): mBootCheckZipExist--->false
D/NetUpdate( 2247): progressValue--->0
D/NetUpdate( 2247): mWriteSD--->true
D/NetUpdate( 2247): mBootCheckZipExist--->false
D/NetUpdate( 2247): progressValue--->0
D/NetUpdate( 2247): mWriteSD--->true
D/NetUpdate( 2247): mBootCheckZipExist--->false
D/NetUpdate( 2247): progressValue--->0
D/NetUpdate( 2247): mWriteSD--->true
D/NetUpdate( 2247): mBootCheckZipExist--->false
D/NetUpdate( 2247): progressValue--->0
D/NetUpdate( 2247): mWriteSD--->true
D/NetUpdate( 2247): mBootCheckZipExist--->false
D/NetUpdate( 2247): progressValue--->0
D/NetUpdate( 2247): mWriteSD--->true
D/NetUpdate( 2247): mBootCheckZipExist--->false
D/NetUpdate( 2247): progressValue--->0
D/NetUpdate( 2247): mWriteSD--->true
D/NetUpdate( 2247): mBootCheckZipExist--->false
D/CheckNetWork( 1644): isOk true
D/CheckNetWork( 1644): ActInfoNetworkInfo: type: WIFI[], state: CONNECTED/CONNECTED, reason: (unspecified), extra: (none), roaming: false, failover: false, isAvailable: true
D/CheckNetWork( 1644): infoNetworkInfo: type: WIFI[], state: CONNECTED/CONNECTED, reason: (unspecified), extra: (none), roaming: false, failover: false, isAvailable: true
D/HomePlayerLib( 1657): hostaddress count is 1
D/dalvikvm( 1657): GC_CONCURRENT freed 719K, 65% free 2853K/7939K, paused 2ms+3ms
D/NetUpdate( 2247): progressValue--->0
D/NetUpdate( 2247): mWriteSD--->true
D/NetUpdate( 2247): mBootCheckZipExist--->false
D/dalvikvm( 1657): GC_CONCURRENT freed 700K, 63% free 2963K/7939K, paused 3ms+2ms
D/dalvikvm( 1657): GC_CONCURRENT freed 848K, 65% free 2849K/7939K, paused 2ms+3ms
D/NetUpdate( 2247): progressValue--->0
D/NetUpdate( 2247): mWriteSD--->true
D/NetUpdate( 2247): mBootCheckZipExist--->false
D/dalvikvm( 1657): GC_CONCURRENT freed 677K, 62% free 3029K/7939K, paused 3ms+2ms
D/dalvikvm( 1657): GC_CONCURRENT freed 928K, 63% free 2973K/7939K, paused 2ms+3ms
D/dalvikvm( 1657): GC_CONCURRENT freed 845K, 63% free 2982K/7939K, paused 2ms+2ms
D/NetUpdate( 2247): progressValue--->0
D/NetUpdate( 2247): mWriteSD--->true
D/NetUpdate( 2247): mBootCheckZipExist--->false
D/dalvikvm( 1657): GC_CONCURRENT freed 868K, 64% free 2861K/7939K, paused 2ms+2ms
D/NetUpdate( 2247): progressValue--->0
D/NetUpdate( 2247): mWriteSD--->true
D/NetUpdate( 2247): mBootCheckZipExist--->false
D/dalvikvm( 1657): GC_CONCURRENT freed 706K, 64% free 2863K/7939K, paused 2ms+2ms
D/dalvikvm( 1657): GC_CONCURRENT freed 704K, 64% free 2863K/7939K, paused 2ms+2ms
D/NetUpdate( 2247): progressValue--->0
D/NetUpdate( 2247): mWriteSD--->true
D/NetUpdate( 2247): mBootCheckZipExist--->false
D/dalvikvm( 1657): GC_CONCURRENT freed 705K, 65% free 2857K/7939K, paused 2ms+2ms
D/NetUpdate( 2247): progressValue--->0
D/NetUpdate( 2247): mWriteSD--->true
D/NetUpdate( 2247): mBootCheckZipExist--->false
D/dalvikvm( 1657): GC_CONCURRENT freed 706K, 64% free 2863K/7939K, paused 2ms+2ms
D/dalvikvm( 1657): GC_CONCURRENT freed 704K, 64% free 2863K/7939K, paused 2ms+2ms
D/dalvikvm( 1657): GC_CONCURRENT freed 706K, 64% free 2863K/7939K, paused 2ms+2ms
D/NetUpdate( 2247): progressValue--->0
D/NetUpdate( 2247): mWriteSD--->true
D/NetUpdate( 2247): mBootCheckZipExist--->false
D/dalvikvm( 1657): GC_CONCURRENT freed 706K, 64% free 2863K/7939K, paused 2ms+3ms
D/NetUpdate( 2247): progressValue--->0
D/NetUpdate( 2247): mWriteSD--->true
D/NetUpdate( 2247): mBootCheckZipExist--->false
D/NetUpdate( 2247): progressValue--->0
D/NetUpdate( 2247): mWriteSD--->true
D/NetUpdate( 2247): mBootCheckZipExist--->false
D/NetUpdate( 2247): progressValue--->0
D/NetUpdate( 2247): mWriteSD--->true
D/NetUpdate( 2247): mBootCheckZipExist--->false
D/NetUpdate( 2247): progressValue--->0
D/NetUpdate( 2247): mWriteSD--->true
D/NetUpdate( 2247): mBootCheckZipExist--->false
D/NetUpdate( 2247): progressValue--->0
D/NetUpdate( 2247): mWriteSD--->true
D/NetUpdate( 2247): mBootCheckZipExist--->false
^C
130|shell@android:/ $ 
130|shell@android:/ $ 
130|shell@android:/ $ 
130|shell@android:/ $ 
130|shell@android:/ $ su
shell@android:/ # 
shell@android:/ # 
shell@android:/ # logcat -c;logcat
--------- beginning of /dev/log/main
D/NetUpdate( 2247): progressValue--->0
D/NetUpdate( 2247): mWriteSD--->true
D/NetUpdate( 2247): mBootCheckZipExist--->false
D/NetUpdate( 2247): progressValue--->0
D/NetUpdate( 2247): mWriteSD--->true
D/NetUpdate( 2247): mBootCheckZipExist--->false
D/NetUpdate( 2247): progressValue--->0
D/NetUpdate( 2247): mWriteSD--->true
D/NetUpdate( 2247): mBootCheckZipExist--->false
D/NetUpdate( 2247): progressValue--->0
D/NetUpdate( 2247): mWriteSD--->true
D/NetUpdate( 2247): mBootCheckZipExist--->false
D/NetUpdate( 2247): progressValue--->0
D/NetUpdate( 2247): mWriteSD--->true
D/NetUpdate( 2247): mBootCheckZipExist--->false
D/NetUpdate( 2247): progressValue--->0
D/NetUpdate( 2247): mWriteSD--->true
D/NetUpdate( 2247): mBootCheckZipExist--->false
D/NetUpdate( 2247): progressValue--->0
D/NetUpdate( 2247): mWriteSD--->true
D/NetUpdate( 2247): mBootCheckZipExist--->false
D/NetUpdate( 2247): progressValue--->0
D/NetUpdate( 2247): mWriteSD--->true
D/NetUpdate( 2247): mBootCheckZipExist--->false
D/NetUpdate( 2247): progressValue--->0
D/NetUpdate( 2247): mWriteSD--->true
D/NetUpdate( 2247): mBootCheckZipExist--->false
D/NetUpdate( 2247): progressValue--->0
D/NetUpdate( 2247): mWriteSD--->true
D/NetUpdate( 2247): mBootCheckZipExist--->false
D/NetUpdate( 2247): progressValue--->0
D/NetUpdate( 2247): mWriteSD--->true
D/NetUpdate( 2247): mBootCheckZipExist--->false
D/NetUpdate( 2247): progressValue--->0
D/NetUpdate( 2247): mWriteSD--->true
D/NetUpdate( 2247): mBootCheckZipExist--->false
D/NetUpdate( 2247): progressValue--->0
D/NetUpdate( 2247): mWriteSD--->true
D/NetUpdate( 2247): mBootCheckZipExist--->false
D/NetUpdate( 2247): progressValue--->0
D/NetUpdate( 2247): mWriteSD--->true
D/NetUpdate( 2247): mBootCheckZipExist--->false
D/HomePlayerLib( 1657): hostaddress count is 1
D/dalvikvm( 1657): GC_CONCURRENT freed 719K, 65% free 2833K/7939K, paused 2ms+3ms
D/dalvikvm( 1657): GC_CONCURRENT freed 684K, 65% free 2834K/7939K, paused 3ms+3ms
D/dalvikvm( 1657): GC_CONCURRENT freed 696K, 63% free 2976K/7939K, paused 3ms+2ms
D/dalvikvm( 1657): GC_CONCURRENT freed 863K, 63% free 2966K/7939K, paused 2ms+3ms
D/NetUpdate( 2247): progressValue--->0
D/NetUpdate( 2247): mWriteSD--->true
D/NetUpdate( 2247): mBootCheckZipExist--->false
D/dalvikvm( 1657): GC_CONCURRENT freed 829K, 64% free 2910K/7939K, paused 2ms+2ms
D/dalvikvm( 1657): GC_CONCURRENT freed 761K, 64% free 2865K/7939K, paused 2ms+2ms
D/NetUpdate( 2247): progressValue--->0
D/NetUpdate( 2247): mWriteSD--->true
D/NetUpdate( 2247): mBootCheckZipExist--->false
D/NetUpdate( 2247): progressValue--->0
D/NetUpdate( 2247): mWriteSD--->true
D/NetUpdate( 2247): mBootCheckZipExist--->false
D/NetUpdate( 2247): progressValue--->0
D/NetUpdate( 2247): mWriteSD--->true
D/NetUpdate( 2247): mBootCheckZipExist--->false
D/NetUpdate( 2247): progressValue--->0
D/NetUpdate( 2247): mWriteSD--->true
D/NetUpdate( 2247): mBootCheckZipExist--->false
D/NetUpdate( 2247): progressValue--->0
D/NetUpdate( 2247): mWriteSD--->true
D/NetUpdate( 2247): mBootCheckZipExist--->false
D/dalvikvm( 1657): GC_CONCURRENT freed 706K, 64% free 2863K/7939K, paused 2ms+2ms
D/dalvikvm( 1657): GC_CONCURRENT freed 706K, 64% free 2863K/7939K, paused 2ms+2ms
D/NetUpdate( 2247): progressValue--->0
D/NetUpdate( 2247): mWriteSD--->true
D/NetUpdate( 2247): mBootCheckZipExist--->false
D/NetUpdate( 2247): progressValue--->0
D/NetUpdate( 2247): mWriteSD--->true
D/NetUpdate( 2247): mBootCheckZipExist--->false
D/dalvikvm( 1657): GC_CONCURRENT freed 707K, 64% free 2863K/7939K, paused 2ms+2ms
D/NetUpdate( 2247): progressValue--->0
D/NetUpdate( 2247): mWriteSD--->true
D/NetUpdate( 2247): mBootCheckZipExist--->false
D/NetUpdate( 2247): progressValue--->0
D/NetUpdate( 2247): mWriteSD--->true
D/NetUpdate( 2247): mBootCheckZipExist--->false
D/NetUpdate( 2247): progressValue--->0
D/NetUpdate( 2247): mWriteSD--->true
D/NetUpdate( 2247): mBootCheckZipExist--->false
D/NetUpdate( 2247): progressValue--->0
D/NetUpdate( 2247): mWriteSD--->true
D/NetUpdate( 2247): mBootCheckZipExist--->false
D/PushMsgCenter( 1613): mDownUpRun run while (true)
D/PushMsgCenter( 1613): down  
D/NetUpdate( 2247): progressValue--->0
D/NetUpdate( 2247): mWriteSD--->true
D/NetUpdate( 2247): mBootCheckZipExist--->false
D/NetUpdate( 2247): progressValue--->0
D/NetUpdate( 2247): mWriteSD--->true
D/NetUpdate( 2247): mBootCheckZipExist--->false
D/NetUpdate( 2247): progressValue--->0
D/NetUpdate( 2247): mWriteSD--->true
D/NetUpdate( 2247): mBootCheckZipExist--->false
D/NetUpdate( 2247): progressValue--->0
D/NetUpdate( 2247): mWriteSD--->true
D/NetUpdate( 2247): mBootCheckZipExist--->false
I/NetworkConnect( 2247): //////@Override//////@Override//////@Override//////@Override//////@Override//////@Override//////@Override//////@Override2
I/System  ( 2247): Failed to destroy process 2644
I/System  ( 2247): libcore.io.ErrnoException: kill failed: ESRCH (No such process)
I/System  ( 2247):      at libcore.io.Posix.kill(Native Method)
I/System  ( 2247):      at libcore.io.ForwardingOs.kill(ForwardingOs.java:77)
I/System  ( 2247):      at java.lang.ProcessManager$ProcessImpl.destroy(ProcessManager.java:257)
I/System  ( 2247):      at com.coship.dvbsetting.netsetting.quicksetservice.NetworkConnect.execueteCommand(NetworkConnect.java:167)
I/System  ( 2247):      at com.coship.dvbsetting.netsetting.quicksetservice.NetworkConnect.CheckNet(NetworkConnect.java:70)
I/System  ( 2247):      at com.coship.dvbsetting.netsetting.StateSet$1$1.run(StateSet.java:212)
I/System  ( 2247):      at java.lang.Thread.run(Thread.java:856)
I/StateSet( 2247): -----wifi------dhcpinfo.toString()=ipaddr 192.168.2.104 gateway 192.168.2.1 netmask 255.255.255.0 dns1 192.168.2.1 dns2 0.0.0.0 DHCP server 192.168.2.1 lease 7200 seconds
E/fbdev   ( 1021): Attention! GFLIP time out, force update gop ring buffer!
I/NetworkConnect( 2247): //////@Override//////@Override//////@Override//////@Override//////@Override//////@Override//////@Override//////@Override2
I/System  ( 2247): Failed to destroy process 2646
I/System  ( 2247): libcore.io.ErrnoException: kill failed: ESRCH (No such process)
I/System  ( 2247):      at libcore.io.Posix.kill(Native Method)
I/System  ( 2247):      at libcore.io.ForwardingOs.kill(ForwardingOs.java:77)
I/System  ( 2247):      at java.lang.ProcessManager$ProcessImpl.destroy(ProcessManager.java:257)
I/System  ( 2247):      at com.coship.dvbsetting.netsetting.quicksetservice.NetworkConnect.execueteCommand(NetworkConnect.java:167)
I/System  ( 2247):      at com.coship.dvbsetting.netsetting.quicksetservice.NetworkConnect.CheckNet(NetworkConnect.java:70)
I/System  ( 2247):      at com.coship.dvbsetting.netsetting.StateSet$2.run(StateSet.java:458)
I/System  ( 2247):      at java.lang.Thread.run(Thread.java:856)
I/StateSet( 2247): -----wifi------dhcpinfo.toString()=ipaddr 192.168.2.104 gateway 192.168.2.1 netmask 255.255.255.0 dns1 192.168.2.1 dns2 0.0.0.0 DHCP server 192.168.2.1 lease 7200 seconds
E/fbdev   ( 1021): Attention! GFLIP time out, force update gop ring buffer!
D/NetUpdate( 2247): progressValue--->0
D/NetUpdate( 2247): mWriteSD--->true
D/NetUpdate( 2247): mBootCheckZipExist--->false
D/NetUpdate( 2247): progressValue--->0
D/NetUpdate( 2247): mWriteSD--->true
D/NetUpdate( 2247): mBootCheckZipExist--->false
D/dalvikvm( 1657): GC_CONCURRENT freed 722K, 65% free 2841K/7939K, paused 2ms+2ms
D/dalvikvm( 1657): GC_CONCURRENT freed 667K, 64% free 2858K/7939K, paused 2ms+2ms
D/dalvikvm( 1657): GC_CONCURRENT freed 703K, 64% free 2862K/7939K, paused 2ms+3ms
D/NetUpdate( 2247): progressValue--->0
D/NetUpdate( 2247): mWriteSD--->true
D/NetUpdate( 2247): mBootCheckZipExist--->false
D/dalvikvm( 1657): GC_CONCURRENT freed 705K, 64% free 2863K/7939K, paused 2ms+3ms
D/NetUpdate( 2247): progressValue--->0
D/NetUpdate( 2247): mWriteSD--->true
D/NetUpdate( 2247): mBootCheckZipExist--->false
D/HomePlayerLib( 1657): hostaddress count is 1
D/dalvikvm( 1657): GC_CONCURRENT freed 704K, 63% free 2977K/7939K, paused 2ms+3ms
D/dalvikvm( 1657): GC_CONCURRENT freed 909K, 64% free 2919K/7939K, paused 2ms+2ms
D/dalvikvm( 1657): GC_CONCURRENT freed 806K, 64% free 2931K/7939K, paused 2ms+3ms
D/dalvikvm( 1657): GC_CONCURRENT freed 801K, 63% free 2957K/7939K, paused 2ms+2ms
D/dalvikvm( 1657): GC_CONCURRENT freed 841K, 63% free 2960K/7939K, paused 2ms+3ms
D/NetUpdate( 2247): progressValue--->0
D/NetUpdate( 2247): mWriteSD--->true
D/NetUpdate( 2247): mBootCheckZipExist--->false
D/dalvikvm( 1657): GC_CONCURRENT freed 838K, 65% free 2844K/7939K, paused 2ms+3ms
D/NetUpdate( 2247): progressValue--->0
D/NetUpdate( 2247): mWriteSD--->true
D/NetUpdate( 2247): mBootCheckZipExist--->false
D/dalvikvm( 1657): GC_CONCURRENT freed 739K, 65% free 2833K/7939K, paused 2ms+2ms
D/dalvikvm( 1657): GC_CONCURRENT freed 677K, 65% free 2857K/7939K, paused 2ms+3ms
D/NetUpdate( 2247): progressValue--->0
D/NetUpdate( 2247): mWriteSD--->true
D/NetUpdate( 2247): mBootCheckZipExist--->false
D/NetUpdate( 2247): progressValue--->0
D/NetUpdate( 2247): mWriteSD--->true
D/NetUpdate( 2247): mBootCheckZipExist--->false
D/NetUpdate( 2247): progressValue--->0
D/NetUpdate( 2247): mWriteSD--->true
D/NetUpdate( 2247): mBootCheckZipExist--->false
D/NetUpdate( 2247): progressValue--->0
D/NetUpdate( 2247): mWriteSD--->true
D/NetUpdate( 2247): mBootCheckZipExist--->false
D/NetUpdate( 2247): progressValue--->0
D/NetUpdate( 2247): mWriteSD--->true
D/NetUpdate( 2247): mBootCheckZipExist--->false
D/dalvikvm( 1657): GC_CONCURRENT freed 703K, 64% free 2863K/7939K, paused 2ms+3ms
D/NetUpdate( 2247): progressValue--->0
D/NetUpdate( 2247): mWriteSD--->true
D/NetUpdate( 2247): mBootCheckZipExist--->false
D/dalvikvm( 1657): GC_CONCURRENT freed 706K, 64% free 2861K/7939K, paused 2ms+3ms
D/dalvikvm( 1657): GC_CONCURRENT freed 707K, 64% free 2862K/7939K, paused 2ms+3ms
D/NetUpdate( 2247): progressValue--->0
D/NetUpdate( 2247): mWriteSD--->true
D/NetUpdate( 2247): mBootCheckZipExist--->false
D/NetUpdate( 2247): progressValue--->0
D/NetUpdate( 2247): mWriteSD--->true
D/NetUpdate( 2247): mBootCheckZipExist--->false
D/NetUpdate( 2247): progressValue--->0
D/NetUpdate( 2247): mWriteSD--->true
D/NetUpdate( 2247): mBootCheckZipExist--->false
D/NetUpdate( 2247): progressValue--->0
D/NetUpdate( 2247): mWriteSD--->true
D/NetUpdate( 2247): mBootCheckZipExist--->false
D/NetUpdate( 2247): progressValue--->0
D/NetUpdate( 2247): mWriteSD--->true
D/NetUpdate( 2247): mBootCheckZipExist--->false
D/NetUpdate( 2247): progressValue--->0
D/NetUpdate( 2247): mWriteSD--->true
D/NetUpdate( 2247): mBootCheckZipExist--->false
D/NetUpdate( 2247): progressValue--->0
D/NetUpdate( 2247): mWriteSD--->true
D/NetUpdate( 2247): mBootCheckZipExist--->false
D/NetUpdate( 2247): progressValue--->0
D/NetUpdate( 2247): mWriteSD--->true
D/NetUpdate( 2247): mBootCheckZipExist--->false
D/NetUpdate( 2247): progressValue--->0
D/NetUpdate( 2247): mWriteSD--->true
D/NetUpdate( 2247): mBootCheckZipExist--->false
D/NetUpdate( 2247): progressValue--->0
D/NetUpdate( 2247): mWriteSD--->true
D/NetUpdate( 2247): mBootCheckZipExist--->false
D/NetUpdate( 2247): progressValue--->0
D/NetUpdate( 2247): mWriteSD--->true
D/NetUpdate( 2247): mBootCheckZipExist--->false
D/NetUpdate( 2247): progressValue--->0
D/NetUpdate( 2247): mWriteSD--->true
D/NetUpdate( 2247): mBootCheckZipExist--->false
D/NetUpdate( 2247): progressValue--->0
D/NetUpdate( 2247): mWriteSD--->true
D/NetUpdate( 2247): mBootCheckZipExist--->false
D/HomePlayerLib( 1657): hostaddress count is 1
D/NetUpdate( 2247): progressValue--->0
D/NetUpdate( 2247): mWriteSD--->true
D/NetUpdate( 2247): mBootCheckZipExist--->false
D/dalvikvm( 1657): GC_CONCURRENT freed 721K, 65% free 2854K/7939K, paused 2ms+2ms
D/dalvikvm( 1657): GC_CONCURRENT freed 702K, 64% free 2871K/7939K, paused 2ms+3ms
D/dalvikvm( 1657): GC_CONCURRENT freed 714K, 64% free 2860K/7939K, paused 2ms+3ms
D/dalvikvm( 1657): GC_CONCURRENT freed 716K, 64% free 2859K/7939K, paused 3ms+3ms
D/NetUpdate( 2247): progressValue--->0
D/NetUpdate( 2247): mWriteSD--->true
D/NetUpdate( 2247): mBootCheckZipExist--->false
D/dalvikvm( 1657): GC_CONCURRENT freed 709K, 65% free 2857K/7939K, paused 3ms+3ms
D/NetUpdate( 2247): progressValue--->0
D/NetUpdate( 2247): mWriteSD--->true
D/NetUpdate( 2247): mBootCheckZipExist--->false
D/NetUpdate( 2247): progressValue--->0
D/NetUpdate( 2247): mWriteSD--->true
D/NetUpdate( 2247): mBootCheckZipExist--->false
D/NetUpdate( 2247): progressValue--->0
D/NetUpdate( 2247): mWriteSD--->true
D/NetUpdate( 2247): mBootCheckZipExist--->false
D/NetUpdate( 2247): progressValue--->0
D/NetUpdate( 2247): mWriteSD--->true
D/NetUpdate( 2247): mBootCheckZipExist--->false
D/NetUpdate( 2247): progressValue--->0
D/NetUpdate( 2247): mWriteSD--->true
D/NetUpdate( 2247): mBootCheckZipExist--->false
D/NetUpdate( 2247): progressValue--->0
D/NetUpdate( 2247): mWriteSD--->true
D/NetUpdate( 2247): mBootCheckZipExist--->false
D/dalvikvm( 1657): GC_CONCURRENT freed 705K, 65% free 2857K/7939K, paused 2ms+3ms
D/NetUpdate( 2247): progressValue--->0
D/NetUpdate( 2247): mWriteSD--->true
D/NetUpdate( 2247): mBootCheckZipExist--->false
D/dalvikvm( 1657): GC_CONCURRENT freed 705K, 65% free 2856K/7939K, paused 2ms+2ms
D/NetUpdate( 2247): progressValue--->0
D/NetUpdate( 2247): mWriteSD--->true
D/NetUpdate( 2247): mBootCheckZipExist--->false
D/NetUpdate( 2247): progressValue--->0
D/NetUpdate( 2247): mWriteSD--->true
D/NetUpdate( 2247): mBootCheckZipExist--->false
D/CheckNetWork( 1644): isOk true
D/CheckNetWork( 1644): ActInfoNetworkInfo: type: WIFI[], state: CONNECTED/CONNECTED, reason: (unspecified), extra: (none), roaming: false, failover: false, isAvailable: true
D/CheckNetWork( 1644): infoNetworkInfo: type: WIFI[], state: CONNECTED/CONNECTED, reason: (unspecified), extra: (none), roaming: false, failover: false, isAvailable: true
D/dalvikvm( 1657): GC_CONCURRENT freed 707K, 64% free 2900K/7939K, paused 2ms+2ms
D/dalvikvm( 1657): GC_CONCURRENT freed 770K, 63% free 2953K/7939K, paused 2ms+3ms
D/NetUpdate( 2247): progressValue--->0
D/NetUpdate( 2247): mWriteSD--->true
D/NetUpdate( 2247): mBootCheckZipExist--->false
D/NetUpdate( 2247): progressValue--->0
D/NetUpdate( 2247): mWriteSD--->true
D/NetUpdate( 2247): mBootCheckZipExist--->false
D/NetUpdate( 2247): progressValue--->0
D/NetUpdate( 2247): mWriteSD--->true
D/NetUpdate( 2247): mBootCheckZipExist--->false
D/NetUpdate( 2247): progressValue--->0
D/NetUpdate( 2247): mWriteSD--->true
D/NetUpdate( 2247): mBootCheckZipExist--->false
D/NetUpdate( 2247): progressValue--->0
D/NetUpdate( 2247): mWriteSD--->true
D/NetUpdate( 2247): mBootCheckZipExist--->false
D/NetUpdate( 2247): progressValue--->0
D/NetUpdate( 2247): mWriteSD--->true
D/NetUpdate( 2247): mBootCheckZipExist--->false
D/NetUpdate( 2247): progressValue--->0
D/NetUpdate( 2247): mWriteSD--->true
D/NetUpdate( 2247): mBootCheckZipExist--->false
D/dalvikvm( 1657): GC_CONCURRENT freed 821K, 63% free 2946K/7939K, paused 2ms+2ms
D/NetUpdate( 2247): progressValue--->0
D/NetUpdate( 2247): mWriteSD--->true
D/NetUpdate( 2247): mBootCheckZipExist--->false
D/dalvikvm( 1657): GC_CONCURRENT freed 829K, 65% free 2839K/7939K, paused 2ms+3ms
D/dalvikvm( 1657): GC_CONCURRENT freed 665K, 64% free 2862K/7939K, paused 2ms+2ms
D/NetUpdate( 2247): progressValue--->0
D/NetUpdate( 2247): mWriteSD--->true
D/NetUpdate( 2247): mBootCheckZipExist--->false
D/dalvikvm( 1657): GC_CONCURRENT freed 703K, 64% free 2863K/7939K, paused 3ms+2ms
D/NetUpdate( 2247): progressValue--->0
D/NetUpdate( 2247): mWriteSD--->true
D/NetUpdate( 2247): mBootCheckZipExist--->false
D/dalvikvm( 1657): GC_CONCURRENT freed 705K, 64% free 2863K/7939K, paused 2ms+3ms
D/dalvikvm( 1657): GC_CONCURRENT freed 704K, 64% free 2863K/7939K, paused 2ms+3ms
D/HomePlayerLib( 1657): hostaddress count is 1
D/dalvikvm( 1657): GC_CONCURRENT freed 723K, 63% free 2957K/7939K, paused 2ms+2ms
D/dalvikvm( 1657): GC_CONCURRENT freed 837K, 63% free 2965K/7939K, paused 2ms+3ms
D/NetUpdate( 2247): progressValue--->0
D/NetUpdate( 2247): mWriteSD--->true
D/NetUpdate( 2247): mBootCheckZipExist--->false
D/dalvikvm( 1657): GC_CONCURRENT freed 849K, 64% free 2882K/7939K, paused 2ms+2ms
D/NetUpdate( 2247): progressValue--->0
D/NetUpdate( 2247): mWriteSD--->true
D/NetUpdate( 2247): mBootCheckZipExist--->false
D/dalvikvm( 1657): GC_CONCURRENT freed 720K, 64% free 2864K/7939K, paused 3ms+3ms
D/dalvikvm( 1657): GC_CONCURRENT freed 704K, 64% free 2866K/7939K, paused 3ms+3ms
D/dalvikvm( 1657): GC_CONCURRENT freed 718K, 64% free 2863K/7939K, paused 2ms+3ms
D/NetUpdate( 2247): progressValue--->0
D/NetUpdate( 2247): mWriteSD--->true
D/NetUpdate( 2247): mBootCheckZipExist--->false
D/NetUpdate( 2247): progressValue--->0
D/NetUpdate( 2247): mWriteSD--->true
D/NetUpdate( 2247): mBootCheckZipExist--->false
D/NetUpdate( 2247): progressValue--->0
D/NetUpdate( 2247): mWriteSD--->true
D/NetUpdate( 2247): mBootCheckZipExist--->false
D/NetUpdate( 2247): progressValue--->0
D/NetUpdate( 2247): mWriteSD--->true
D/NetUpdate( 2247): mBootCheckZipExist--->false
D/NetUpdate( 2247): progressValue--->0
D/NetUpdate( 2247): mWriteSD--->true
D/NetUpdate( 2247): mBootCheckZipExist--->false
D/NetUpdate( 2247): progressValue--->0
D/NetUpdate( 2247): mWriteSD--->true
D/NetUpdate( 2247): mBootCheckZipExist--->false
D/NetUpdate( 2247): progressValue--->0
D/NetUpdate( 2247): mWriteSD--->true
D/NetUpdate( 2247): mBootCheckZipExist--->false
D/NetUpdate( 2247): progressValue--->0
D/NetUpdate( 2247): mWriteSD--->true
D/NetUpdate( 2247): mBootCheckZipExist--->false
D/NetUpdate( 2247): progressValue--->0
D/NetUpdate( 2247): mWriteSD--->true
D/NetUpdate( 2247): mBootCheckZipExist--->false
D/dalvikvm( 1657): GC_CONCURRENT freed 706K, 64% free 2862K/7939K, paused 2ms+3ms
D/NetUpdate( 2247): progressValue--->0
D/NetUpdate( 2247): mWriteSD--->true
D/NetUpdate( 2247): mBootCheckZipExist--->false
D/dalvikvm( 1657): GC_CONCURRENT freed 706K, 64% free 2860K/7939K, paused 2ms+2ms
D/dalvikvm( 1657): GC_CONCURRENT freed 707K, 64% free 2862K/7939K, paused 3ms+3ms
D/NetUpdate( 2247): progressValue--->0
D/NetUpdate( 2247): mWriteSD--->true
D/NetUpdate( 2247): mBootCheckZipExist--->false
E/CACHE   ( 1872): cleared
I/zomut.watchdog.monitor( 1872): initgather
I/zomut.watchdog.monitor( 1872): endgather
I/zomut.watchdog.monitor( 1872): init
D/NetUpdate( 2247): progressValue--->0
D/NetUpdate( 2247): mWriteSD--->true
D/NetUpdate( 2247): mBootCheckZipExist--->false
I/zomut.watchdog.monitor( 1872): end
D/NetUpdate( 2247): progressValue--->0
D/NetUpdate( 2247): mWriteSD--->true
D/NetUpdate( 2247): mBootCheckZipExist--->false
D/NetUpdate( 2247): progressValue--->0
D/NetUpdate( 2247): mWriteSD--->true
D/NetUpdate( 2247): mBootCheckZipExist--->false
D/NetUpdate( 2247): progressValue--->0
D/NetUpdate( 2247): mWriteSD--->true
D/NetUpdate( 2247): mBootCheckZipExist--->false
D/NetUpdate( 2247): progressValue--->0
D/NetUpdate( 2247): mWriteSD--->true
D/NetUpdate( 2247): mBootCheckZipExist--->false
D/NetUpdate( 2247): progressValue--->0
D/NetUpdate( 2247): mWriteSD--->true
D/NetUpdate( 2247): mBootCheckZipExist--->false
D/NetUpdate( 2247): progressValue--->0
D/NetUpdate( 2247): mWriteSD--->true
D/NetUpdate( 2247): mBootCheckZipExist--->false
D/NetUpdate( 2247): progressValue--->0
D/NetUpdate( 2247): mWriteSD--->true
D/NetUpdate( 2247): mBootCheckZipExist--->false
D/NetUpdate( 2247): progressValue--->0
D/NetUpdate( 2247): mWriteSD--->true
D/NetUpdate( 2247): mBootCheckZipExist--->false
D/HomePlayerLib( 1657): hostaddress count is 1
D/dalvikvm( 1657): GC_CONCURRENT freed 721K, 65% free 2854K/7939K, paused 3ms+3ms
D/dalvikvm( 1657): GC_CONCURRENT freed 701K, 63% free 3002K/7939K, paused 2ms+2ms
D/NetUpdate( 2247): progressValue--->0
D/NetUpdate( 2247): mWriteSD--->true
D/NetUpdate( 2247): mBootCheckZipExist--->false
D/dalvikvm( 1657): GC_CONCURRENT freed 877K, 63% free 2960K/7939K, paused 2ms+2ms
D/dalvikvm( 1657): GC_CONCURRENT freed 827K, 64% free 2868K/7939K, paused 2ms+3ms
D/NetUpdate( 2247): progressValue--->0
D/NetUpdate( 2247): mWriteSD--->true
D/NetUpdate( 2247): mBootCheckZipExist--->false
D/dalvikvm( 1657): GC_CONCURRENT freed 719K, 64% free 2865K/7939K, paused 2ms+3ms
D/NetUpdate( 2247): progressValue--->0
D/NetUpdate( 2247): mWriteSD--->true
D/NetUpdate( 2247): mBootCheckZipExist--->false
D/NetUpdate( 2247): progressValue--->0
D/NetUpdate( 2247): mWriteSD--->true
D/NetUpdate( 2247): mBootCheckZipExist--->false
D/NetUpdate( 2247): progressValue--->0
D/NetUpdate( 2247): mWriteSD--->true
D/NetUpdate( 2247): mBootCheckZipExist--->false
D/NetUpdate( 2247): progressValue--->0
D/NetUpdate( 2247): mWriteSD--->true
D/NetUpdate( 2247): mBootCheckZipExist--->false
W/System.err( 1613): java.net.UnknownHostException: Unable to resolve host "vitv.voicecloud.cn": No address associated with hostname
W/System.err( 1613):    at java.net.InetAddress.lookupHostByName(InetAddress.java:426)
W/System.err( 1613):    at java.net.InetAddress.getAllByNameImpl(InetAddress.java:242)
W/System.err( 1613):    at java.net.InetAddress.getAllByName(InetAddress.java:220)
W/System.err( 1613):    at libcore.net.http.HttpConnection.<init>(HttpConnection.java:71)
W/System.err( 1613):    at libcore.net.http.HttpConnection.<init>(HttpConnection.java:50)
W/System.err( 1613):    at libcore.net.http.HttpConnection$Address.connect(HttpConnection.java:351)
W/System.err( 1613):    at libcore.net.http.HttpConnectionPool.get(HttpConnectionPool.java:86)
W/System.err( 1613):    at libcore.net.http.HttpConnection.connect(HttpConnection.java:128)
W/System.err( 1613):    at libcore.net.http.HttpEngine.openSocketConnection(HttpEngine.java:308)
W/System.err( 1613):    at libcore.net.http.HttpEngine.connect(HttpEngine.java:303)
W/System.err( 1613):    at libcore.net.http.HttpEngine.sendSocketRequest(HttpEngine.java:282)
W/System.err( 1613):    at libcore.net.http.HttpEngine.sendRequest(HttpEngine.java:232)
W/System.err( 1613):    at libcore.net.http.HttpURLConnectionImpl.getResponse(HttpURLConnectionImpl.java:273)
W/System.err( 1613):    at libcore.net.http.HttpURLConnectionImpl.getResponseCode(HttpURLConnectionImpl.java:479)
W/System.err( 1613):    at com.iflytek.push.PushMsgCenter.down(PushMsgCenter.java:270)
W/System.err( 1613):    at com.iflytek.push.PushMsgCenter.access$500(PushMsgCenter.java:37)
W/System.err( 1613):    at com.iflytek.push.PushMsgCenter$2.run(PushMsgCenter.java:175)
W/System.err( 1613):    at java.lang.Thread.run(Thread.java:856)
W/System.err( 1613): Caused by: libcore.io.GaiException: getaddrinfo failed: EAI_NODATA (No address associated with hostname)
W/System.err( 1613):    at libcore.io.Posix.getaddrinfo(Native Method)
W/System.err( 1613):    at libcore.io.ForwardingOs.getaddrinfo(ForwardingOs.java:55)
W/System.err( 1613):    at java.net.InetAddress.lookupHostByName(InetAddress.java:411)
W/System.err( 1613):    ... 17 more
D/NetUpdate( 2247): progressValue--->0
D/NetUpdate( 2247): mWriteSD--->true
D/NetUpdate( 2247): mBootCheckZipExist--->false
D/NetUpdate( 2247): progressValue--->0
D/NetUpdate( 2247): mWriteSD--->true
D/NetUpdate( 2247): mBootCheckZipExist--->false
D/NetUpdate( 2247): progressValue--->0
D/NetUpdate( 2247): mWriteSD--->true
D/NetUpdate( 2247): mBootCheckZipExist--->false
D/NetUpdate( 2247): progressValue--->0
D/NetUpdate( 2247): mWriteSD--->true
D/NetUpdate( 2247): mBootCheckZipExist--->false
D/NetUpdate( 2247): progressValue--->0
D/NetUpdate( 2247): mWriteSD--->true
D/NetUpdate( 2247): mBootCheckZipExist--->false
D/dalvikvm( 1657): GC_CONCURRENT freed 726K, 65% free 2842K/7939K, paused 2ms+2ms
D/dalvikvm( 1657): GC_CONCURRENT freed 668K, 64% free 2860K/7939K, paused 3ms+3ms
D/NetUpdate( 2247): progressValue--->0
D/NetUpdate( 2247): mWriteSD--->true
D/NetUpdate( 2247): mBootCheckZipExist--->false
D/dalvikvm( 1657): GC_CONCURRENT freed 705K, 64% free 2863K/7939K, paused 2ms+2ms
D/NetUpdate( 2247): progressValue--->0
D/NetUpdate( 2247): mWriteSD--->true
D/NetUpdate( 2247): mBootCheckZipExist--->false
D/dalvikvm( 1657): GC_CONCURRENT freed 707K, 64% free 2863K/7939K, paused 3ms+3ms
D/NetUpdate( 2247): progressValue--->0
D/NetUpdate( 2247): mWriteSD--->true
D/NetUpdate( 2247): mBootCheckZipExist--->false
D/NetUpdate( 2247): progressValue--->0
D/NetUpdate( 2247): mWriteSD--->true
D/NetUpdate( 2247): mBootCheckZipExist--->false
D/NetUpdate( 2247): progressValue--->0
D/NetUpdate( 2247): mWriteSD--->true
D/NetUpdate( 2247): mBootCheckZipExist--->false
D/NetUpdate( 2247): progressValue--->0
D/NetUpdate( 2247): mWriteSD--->true
D/NetUpdate( 2247): mBootCheckZipExist--->false
D/dalvikvm( 1657): GC_CONCURRENT freed 702K, 64% free 2860K/7939K, paused 2ms+3ms
D/NetUpdate( 2247): progressValue--->0
D/NetUpdate( 2247): mWriteSD--->true
D/NetUpdate( 2247): mBootCheckZipExist--->false
D/dalvikvm( 1657): GC_CONCURRENT freed 705K, 64% free 2861K/7939K, paused 2ms+2ms
D/dalvikvm( 1657): GC_CONCURRENT freed 725K, 65% free 2841K/7939K, paused 2ms+2ms
D/dalvikvm( 1657): GC_CONCURRENT freed 682K, 64% free 2863K/7939K, paused 2ms+3ms
D/NetUpdate( 2247): progressValue--->0
D/NetUpdate( 2247): mWriteSD--->true
D/NetUpdate( 2247): mBootCheckZipExist--->false
D/dalvikvm( 1657): GC_CONCURRENT freed 705K, 65% free 2858K/7939K, paused 2ms+2ms
D/NetUpdate( 2247): progressValue--->0
D/NetUpdate( 2247): mWriteSD--->true
D/NetUpdate( 2247): mBootCheckZipExist--->false
D/dalvikvm( 1657): GC_CONCURRENT freed 704K, 64% free 2863K/7939K, paused 2ms+2ms
D/NetUpdate( 2247): progressValue--->0
D/NetUpdate( 2247): mWriteSD--->true
D/NetUpdate( 2247): mBootCheckZipExist--->false
D/NetUpdate( 2247): progressValue--->0
D/NetUpdate( 2247): mWriteSD--->true
D/NetUpdate( 2247): mBootCheckZipExist--->false
D/HomePlayerLib( 1657): hostaddress count is 1
D/dalvikvm( 1657): GC_CONCURRENT freed 723K, 64% free 2867K/7939K, paused 2ms+3ms
D/dalvikvm( 1657): GC_CONCURRENT freed 715K, 65% free 2858K/7939K, paused 3ms+3ms
D/NetUpdate( 2247): progressValue--->0
D/NetUpdate( 2247): mWriteSD--->true
D/NetUpdate( 2247): mBootCheckZipExist--->false
D/dalvikvm( 1657): GC_CONCURRENT freed 700K, 63% free 2973K/7939K, paused 2ms+2ms
D/dalvikvm( 1657): GC_CONCURRENT freed 854K, 63% free 2973K/7939K, paused 2ms+3ms
D/NetUpdate( 2247): progressValue--->0
D/NetUpdate( 2247): mWriteSD--->true
D/NetUpdate( 2247): mBootCheckZipExist--->false
D/dalvikvm( 1657): GC_CONCURRENT freed 840K, 64% free 2868K/7939K, paused 2ms+2ms
D/dalvikvm( 1657): GC_CONCURRENT freed 720K, 64% free 2861K/7939K, paused 2ms+2ms
D/NetUpdate( 2247): progressValue--->0
D/NetUpdate( 2247): mWriteSD--->true
D/NetUpdate( 2247): mBootCheckZipExist--->false
D/NetUpdate( 2247): progressValue--->0
D/NetUpdate( 2247): mWriteSD--->true
D/NetUpdate( 2247): mBootCheckZipExist--->false
D/NetUpdate( 2247): progressValue--->0
D/NetUpdate( 2247): mWriteSD--->true
D/NetUpdate( 2247): mBootCheckZipExist--->false
D/NetUpdate( 2247): progressValue--->0
D/NetUpdate( 2247): mWriteSD--->true
D/NetUpdate( 2247): mBootCheckZipExist--->false
D/NetUpdate( 2247): progressValue--->0
D/NetUpdate( 2247): mWriteSD--->true
D/NetUpdate( 2247): mBootCheckZipExist--->false
D/NetUpdate( 2247): progressValue--->0
D/NetUpdate( 2247): mWriteSD--->true
D/NetUpdate( 2247): mBootCheckZipExist--->false
D/NetUpdate( 2247): progressValue--->0
D/NetUpdate( 2247): mWriteSD--->true
D/NetUpdate( 2247): mBootCheckZipExist--->false
D/NetUpdate( 2247): progressValue--->0
D/NetUpdate( 2247): mWriteSD--->true
D/NetUpdate( 2247): mBootCheckZipExist--->false
D/NetUpdate( 2247): progressValue--->0
D/NetUpdate( 2247): mWriteSD--->true
D/NetUpdate( 2247): mBootCheckZipExist--->false
D/NetUpdate( 2247): progressValue--->0
D/NetUpdate( 2247): mWriteSD--->true
D/NetUpdate( 2247): mBootCheckZipExist--->false
D/dalvikvm( 1657): GC_CONCURRENT freed 706K, 64% free 2862K/7939K, paused 2ms+3ms
D/dalvikvm( 1657): GC_CONCURRENT freed 706K, 64% free 2863K/7939K, paused 2ms+2ms
D/dalvikvm( 1657): GC_CONCURRENT freed 707K, 64% free 2862K/7939K, paused 2ms+2ms
D/NetUpdate( 2247): progressValue--->0
D/NetUpdate( 2247): mWriteSD--->true
D/NetUpdate( 2247): mBootCheckZipExist--->false
D/NetUpdate( 2247): progressValue--->0
D/NetUpdate( 2247): mWriteSD--->true
D/NetUpdate( 2247): mBootCheckZipExist--->false
D/NetUpdate( 2247): progressValue--->0
D/NetUpdate( 2247): mWriteSD--->true
D/NetUpdate( 2247): mBootCheckZipExist--->false
D/NetUpdate( 2247): progressValue--->0
D/NetUpdate( 2247): mWriteSD--->true
D/NetUpdate( 2247): mBootCheckZipExist--->false
D/NetUpdate( 2247): progressValue--->0
D/NetUpdate( 2247): mWriteSD--->true
D/NetUpdate( 2247): mBootCheckZipExist--->false
D/NetUpdate( 2247): progressValue--->0
D/NetUpdate( 2247): mWriteSD--->true
D/NetUpdate( 2247): mBootCheckZipExist--->false
D/NetUpdate( 2247): progressValue--->0
D/NetUpdate( 2247): mWriteSD--->true
D/NetUpdate( 2247): mBootCheckZipExist--->false
D/NetUpdate( 2247): progressValue--->0
D/NetUpdate( 2247): mWriteSD--->true
D/NetUpdate( 2247): mBootCheckZipExist--->false
D/NetUpdate( 2247): progressValue--->0
D/NetUpdate( 2247): mWriteSD--->true
D/NetUpdate( 2247): mBootCheckZipExist--->false
D/NetUpdate( 2247): progressValue--->0
D/NetUpdate( 2247): mWriteSD--->true
D/NetUpdate( 2247): mBootCheckZipExist--->false
D/HomePlayerLib( 1657): hostaddress count is 1
D/dalvikvm( 1657): GC_CONCURRENT freed 721K, 65% free 2854K/7939K, paused 3ms+2ms
D/dalvikvm( 1657): GC_CONCURRENT freed 701K, 65% free 2847K/7939K, paused 2ms+2ms
D/NetUpdate( 2247): progressValue--->0
D/NetUpdate( 2247): mWriteSD--->true
D/NetUpdate( 2247): mBootCheckZipExist--->false
D/dalvikvm( 1657): GC_CONCURRENT freed 699K, 65% free 2832K/7939K, paused 2ms+3ms
D/NetUpdate( 2247): progressValue--->0
D/NetUpdate( 2247): mWriteSD--->true
D/NetUpdate( 2247): mBootCheckZipExist--->false
D/dalvikvm( 1657): GC_CONCURRENT freed 657K, 64% free 2865K/7939K, paused 2ms+3ms
D/dalvikvm( 1657): GC_CONCURRENT freed 703K, 64% free 2866K/7939K, paused 2ms+2ms
D/dalvikvm( 1657): GC_CONCURRENT freed 717K, 64% free 2865K/7939K, paused 2ms+3ms
D/NetUpdate( 2247): progressValue--->0
D/NetUpdate( 2247): mWriteSD--->true
D/NetUpdate( 2247): mBootCheckZipExist--->false
D/NetUpdate( 2247): progressValue--->0
D/NetUpdate( 2247): mWriteSD--->true
D/NetUpdate( 2247): mBootCheckZipExist--->false
D/NetUpdate( 2247): progressValue--->0
D/NetUpdate( 2247): mWriteSD--->true
D/NetUpdate( 2247): mBootCheckZipExist--->false
D/NetUpdate( 2247): progressValue--->0
D/NetUpdate( 2247): mWriteSD--->true
D/NetUpdate( 2247): mBootCheckZipExist--->false
D/NetUpdate( 2247): progressValue--->0
D/NetUpdate( 2247): mWriteSD--->true
D/NetUpdate( 2247): mBootCheckZipExist--->false
D/NetUpdate( 2247): progressValue--->0
D/NetUpdate( 2247): mWriteSD--->true
D/NetUpdate( 2247): mBootCheckZipExist--->false
D/NetUpdate( 2247): progressValue--->0
D/NetUpdate( 2247): mWriteSD--->true
D/NetUpdate( 2247): mBootCheckZipExist--->false
D/NetUpdate( 2247): progressValue--->0
D/NetUpdate( 2247): mWriteSD--->true
D/NetUpdate( 2247): mBootCheckZipExist--->false
D/NetUpdate( 2247): progressValue--->0
D/NetUpdate( 2247): mWriteSD--->true
D/NetUpdate( 2247): mBootCheckZipExist--->false
D/dalvikvm( 1657): GC_CONCURRENT freed 725K, 65% free 2833K/7939K, paused 2ms+3ms
D/NetUpdate( 2247): progressValue--->0
D/NetUpdate( 2247): mWriteSD--->true
D/NetUpdate( 2247): mBootCheckZipExist--->false
D/dalvikvm( 1657): GC_CONCURRENT freed 668K, 64% free 2861K/7939K, paused 2ms+3ms
D/dalvikvm( 1657): GC_CONCURRENT freed 706K, 64% free 2861K/7939K, paused 2ms+3ms
D/NetUpdate( 2247): progressValue--->0
D/NetUpdate( 2247): mWriteSD--->true
D/NetUpdate( 2247): mBootCheckZipExist--->false
D/NetUpdate( 2247): progressValue--->0
D/NetUpdate( 2247): mWriteSD--->true
D/NetUpdate( 2247): mBootCheckZipExist--->false
D/dalvikvm( 1657): GC_CONCURRENT freed 704K, 65% free 2857K/7939K, paused 2ms+2ms
D/NetUpdate( 2247): progressValue--->0
D/NetUpdate( 2247): mWriteSD--->true
D/NetUpdate( 2247): mBootCheckZipExist--->false
D/dalvikvm( 1657): GC_CONCURRENT freed 704K, 64% free 2861K/7939K, paused 3ms+3ms
D/NetUpdate( 2247): progressValue--->0
D/NetUpdate( 2247): mWriteSD--->true
D/NetUpdate( 2247): mBootCheckZipExist--->false
D/dalvikvm( 1657): GC_CONCURRENT freed 736K, 65% free 2831K/7939K, paused 2ms+3ms
D/dalvikvm( 1657): GC_CONCURRENT freed 673K, 64% free 2863K/7939K, paused 2ms+3ms
D/NetUpdate( 2247): progressValue--->0
D/NetUpdate( 2247): mWriteSD--->true
D/NetUpdate( 2247): mBootCheckZipExist--->false
D/dalvikvm( 1657): GC_CONCURRENT freed 704K, 64% free 2863K/7939K, paused 2ms+3ms
D/NetUpdate( 2247): progressValue--->0
D/NetUpdate( 2247): mWriteSD--->true
D/NetUpdate( 2247): mBootCheckZipExist--->false
D/dalvikvm( 1657): GC_CONCURRENT freed 704K, 64% free 2863K/7939K, paused 2ms+2ms
D/dalvikvm( 1657): GC_CONCURRENT freed 706K, 64% free 2863K/7939K, paused 1ms+2ms
D/NetUpdate( 2247): progressValue--->0
D/NetUpdate( 2247): mWriteSD--->true
D/NetUpdate( 2247): mBootCheckZipExist--->false
D/NetUpdate( 2247): progressValue--->0
D/NetUpdate( 2247): mWriteSD--->true
D/NetUpdate( 2247): mBootCheckZipExist--->false
D/NetUpdate( 2247): progressValue--->0
D/NetUpdate( 2247): mWriteSD--->true
D/NetUpdate( 2247): mBootCheckZipExist--->false
D/NetUpdate( 2247): progressValue--->0
D/NetUpdate( 2247): mWriteSD--->true
D/NetUpdate( 2247): mBootCheckZipExist--->false
D/HomePlayerLib( 1657): hostaddress count is 1
D/dalvikvm( 1657): GC_CONCURRENT freed 721K, 65% free 2853K/7939K, paused 2ms+2ms
D/NetUpdate( 2247): progressValue--->0
D/NetUpdate( 2247): mWriteSD--->true
D/NetUpdate( 2247): mBootCheckZipExist--->false
D/dalvikvm( 1657): GC_CONCURRENT freed 755K, 64% free 2907K/7939K, paused 2ms+3ms
D/dalvikvm( 1657): GC_CONCURRENT freed 771K, 64% free 2915K/7939K, paused 2ms+2ms
D/NetUpdate( 2247): progressValue--->0
D/NetUpdate( 2247): mWriteSD--->true
D/NetUpdate( 2247): mBootCheckZipExist--->false
D/dalvikvm( 1657): GC_CONCURRENT freed 785K, 63% free 2964K/7939K, paused 2ms+3ms
D/NetUpdate( 2247): progressValue--->0
D/NetUpdate( 2247): mWriteSD--->true
D/NetUpdate( 2247): mBootCheckZipExist--->false
D/dalvikvm( 1657): GC_CONCURRENT freed 851K, 64% free 2887K/7939K, paused 3ms+3ms
D/NetUpdate( 2247): progressValue--->0
D/NetUpdate( 2247): mWriteSD--->true
D/NetUpdate( 2247): mBootCheckZipExist--->false
D/NetUpdate( 2247): progressValue--->0
D/NetUpdate( 2247): mWriteSD--->true
D/NetUpdate( 2247): mBootCheckZipExist--->false
D/NetUpdate( 2247): progressValue--->0
D/NetUpdate( 2247): mWriteSD--->true
D/NetUpdate( 2247): mBootCheckZipExist--->false
D/NetUpdate( 2247): progressValue--->0
D/NetUpdate( 2247): mWriteSD--->true
D/NetUpdate( 2247): mBootCheckZipExist--->false
D/NetUpdate( 2247): progressValue--->0
D/NetUpdate( 2247): mWriteSD--->true
D/NetUpdate( 2247): mBootCheckZipExist--->false
D/NetUpdate( 2247): progressValue--->0
D/NetUpdate( 2247): mWriteSD--->true
D/NetUpdate( 2247): mBootCheckZipExist--->false
D/NetUpdate( 2247): progressValue--->0
D/NetUpdate( 2247): mWriteSD--->true
D/NetUpdate( 2247): mBootCheckZipExist--->false
D/dalvikvm( 1657): GC_CONCURRENT freed 733K, 64% free 2860K/7939K, paused 2ms+3ms
D/dalvikvm( 1657): GC_CONCURRENT freed 708K, 65% free 2857K/7939K, paused 2ms+2ms
D/NetUpdate( 2247): progressValue--->0
D/NetUpdate( 2247): mWriteSD--->true
D/NetUpdate( 2247): mBootCheckZipExist--->false
D/dalvikvm( 1657): GC_CONCURRENT freed 707K, 65% free 2858K/7939K, paused 2ms+3ms
D/NetUpdate( 2247): progressValue--->0
D/NetUpdate( 2247): mWriteSD--->true
D/NetUpdate( 2247): mBootCheckZipExist--->false
D/NetUpdate( 2247): progressValue--->0
D/NetUpdate( 2247): mWriteSD--->true
D/NetUpdate( 2247): mBootCheckZipExist--->false
D/NetUpdate( 2247): progressValue--->0
D/NetUpdate( 2247): mWriteSD--->true
D/NetUpdate( 2247): mBootCheckZipExist--->false
D/NetUpdate( 2247): progressValue--->0
D/NetUpdate( 2247): mWriteSD--->true
D/NetUpdate( 2247): mBootCheckZipExist--->false
D/NetUpdate( 2247): progressValue--->0
D/NetUpdate( 2247): mWriteSD--->true
D/NetUpdate( 2247): mBootCheckZipExist--->false
D/NetUpdate( 2247): progressValue--->0
D/NetUpdate( 2247): mWriteSD--->true
D/NetUpdate( 2247): mBootCheckZipExist--->false
D/NetUpdate( 2247): progressValue--->0
D/NetUpdate( 2247): mWriteSD--->true
D/NetUpdate( 2247): mBootCheckZipExist--->false
D/NetUpdate( 2247): progressValue--->0
D/NetUpdate( 2247): mWriteSD--->true
D/NetUpdate( 2247): mBootCheckZipExist--->false
D/NetUpdate( 2247): progressValue--->0
D/NetUpdate( 2247): mWriteSD--->true
D/NetUpdate( 2247): mBootCheckZipExist--->false
D/NetUpdate( 2247): progressValue--->0
D/NetUpdate( 2247): mWriteSD--->true
D/NetUpdate( 2247): mBootCheckZipExist--->false
D/NetUpdate( 2247): progressValue--->0
D/NetUpdate( 2247): mWriteSD--->true
D/NetUpdate( 2247): mBootCheckZipExist--->false
D/CheckNetWork( 1644): isOk true
D/CheckNetWork( 1644): ActInfoNetworkInfo: type: WIFI[], state: CONNECTED/CONNECTED, reason: (unspecified), extra: (none), roaming: false, failover: false, isAvailable: true
D/CheckNetWork( 1644): infoNetworkInfo: type: WIFI[], state: CONNECTED/CONNECTED, reason: (unspecified), extra: (none), roaming: false, failover: false, isAvailable: true
D/dalvikvm( 1657): GC_CONCURRENT freed 713K, 64% free 2908K/7939K, paused 2ms+2ms
D/NetUpdate( 2247): progressValue--->0
D/NetUpdate( 2247): mWriteSD--->true
D/NetUpdate( 2247): mBootCheckZipExist--->false
D/HomePlayerLib( 1657): hostaddress count is 1
D/dalvikvm( 1657): GC_CONCURRENT freed 777K, 63% free 2957K/7939K, paused 2ms+3ms
D/dalvikvm( 1657): GC_CONCURRENT freed 836K, 64% free 2859K/7939K, paused 2ms+3ms
D/NetUpdate( 2247): progressValue--->0
D/NetUpdate( 2247): mWriteSD--->true
D/NetUpdate( 2247): mBootCheckZipExist--->false
D/dalvikvm( 1657): GC_CONCURRENT freed 704K, 64% free 2879K/7939K, paused 2ms+3ms
D/dalvikvm( 1657): GC_CONCURRENT freed 717K, 64% free 2862K/7939K, paused 2ms+2ms
D/dalvikvm( 1657): GC_CONCURRENT freed 705K, 65% free 2847K/7939K, paused 2ms+3ms
D/NetUpdate( 2247): progressValue--->0
D/NetUpdate( 2247): mWriteSD--->true
D/NetUpdate( 2247): mBootCheckZipExist--->false
D/NetUpdate( 2247): progressValue--->0
D/NetUpdate( 2247): mWriteSD--->true
D/NetUpdate( 2247): mBootCheckZipExist--->false
D/NetUpdate( 2247): progressValue--->0
D/NetUpdate( 2247): mWriteSD--->true
D/NetUpdate( 2247): mBootCheckZipExist--->false
D/NetUpdate( 2247): progressValue--->0
D/NetUpdate( 2247): mWriteSD--->true
D/NetUpdate( 2247): mBootCheckZipExist--->false
D/NetUpdate( 2247): progressValue--->0
D/NetUpdate( 2247): mWriteSD--->true
D/NetUpdate( 2247): mBootCheckZipExist--->false
D/NetUpdate( 2247): progressValue--->0
D/NetUpdate( 2247): mWriteSD--->true
D/NetUpdate( 2247): mBootCheckZipExist--->false
D/NetUpdate( 2247): progressValue--->0
D/NetUpdate( 2247): mWriteSD--->true
D/NetUpdate( 2247): mBootCheckZipExist--->false
D/dalvikvm( 1657): GC_CONCURRENT freed 679K, 64% free 2904K/7939K, paused 2ms+2ms
D/NetUpdate( 2247): progressValue--->0
D/NetUpdate( 2247): mWriteSD--->true
D/NetUpdate( 2247): mBootCheckZipExist--->false
D/dalvikvm( 1657): GC_CONCURRENT freed 774K, 65% free 2836K/7939K, paused 2ms+3ms
D/dalvikvm( 1657): GC_CONCURRENT freed 679K, 64% free 2863K/7939K, paused 2ms+3ms
D/NetUpdate( 2247): progressValue--->0
D/NetUpdate( 2247): mWriteSD--->true
D/NetUpdate( 2247): mBootCheckZipExist--->false
D/NetUpdate( 2247): progressValue--->0
D/NetUpdate( 2247): mWriteSD--->true
D/NetUpdate( 2247): mBootCheckZipExist--->false
D/dalvikvm( 1657): GC_CONCURRENT freed 704K, 64% free 2863K/7939K, paused 2ms+2ms
D/NetUpdate( 2247): progressValue--->0
D/NetUpdate( 2247): mWriteSD--->true
D/NetUpdate( 2247): mBootCheckZipExist--->false
D/dalvikvm( 1657): GC_CONCURRENT freed 704K, 64% free 2863K/7939K, paused 2ms+2ms
D/NetUpdate( 2247): progressValue--->0
D/NetUpdate( 2247): mWriteSD--->true
D/NetUpdate( 2247): mBootCheckZipExist--->false
D/dalvikvm( 1657): GC_CONCURRENT freed 704K, 64% free 2863K/7939K, paused 2ms+3ms
D/dalvikvm( 1657): GC_CONCURRENT freed 705K, 65% free 2858K/7939K, paused 2ms+3ms
D/NetUpdate( 2247): progressValue--->0
D/NetUpdate( 2247): mWriteSD--->true
D/NetUpdate( 2247): mBootCheckZipExist--->false
D/dalvikvm( 1657): GC_CONCURRENT freed 704K, 64% free 2863K/7939K, paused 2ms+3ms
D/NetUpdate( 2247): progressValue--->0
D/NetUpdate( 2247): mWriteSD--->true
D/NetUpdate( 2247): mBootCheckZipExist--->false
D/dalvikvm( 1657): GC_CONCURRENT freed 704K, 64% free 2863K/7939K, paused 2ms+2ms
D/dalvikvm( 1657): GC_CONCURRENT freed 706K, 64% free 2863K/7939K, paused 2ms+2ms
D/NetUpdate( 2247): progressValue--->0
D/NetUpdate( 2247): mWriteSD--->true
D/NetUpdate( 2247): mBootCheckZipExist--->false
D/NetUpdate( 2247): progressValue--->0
D/NetUpdate( 2247): mWriteSD--->true
D/NetUpdate( 2247): mBootCheckZipExist--->false
D/NetUpdate( 2247): progressValue--->0
D/NetUpdate( 2247): mWriteSD--->true
D/NetUpdate( 2247): mBootCheckZipExist--->false
D/NetUpdate( 2247): progressValue--->0
D/NetUpdate( 2247): mWriteSD--->true
D/NetUpdate( 2247): mBootCheckZipExist--->false
D/NetUpdate( 2247): progressValue--->0
D/NetUpdate( 2247): mWriteSD--->true
D/NetUpdate( 2247): mBootCheckZipExist--->false
D/NetUpdate( 2247): progressValue--->0
D/NetUpdate( 2247): mWriteSD--->true
D/NetUpdate( 2247): mBootCheckZipExist--->false
D/HomePlayerLib( 1657): hostaddress count is 1
D/dalvikvm( 1657): GC_CONCURRENT freed 721K, 63% free 2960K/7939K, paused 2ms+2ms
D/dalvikvm( 1657): GC_CONCURRENT freed 836K, 63% free 2968K/7939K, paused 2ms+2ms
D/NetUpdate( 2247): progressValue--->0
D/NetUpdate( 2247): mWriteSD--->true
D/NetUpdate( 2247): mBootCheckZipExist--->false
D/dalvikvm( 1657): GC_CONCURRENT freed 852K, 64% free 2881K/7939K, paused 2ms+2ms
E/CACHE   ( 1872): cleared
I/zomut.watchdog.monitor( 1872): initgather
D/dalvikvm( 1657): GC_CONCURRENT freed 741K, 65% free 2844K/7939K, paused 2ms+3ms
D/NetUpdate( 2247): progressValue--->0
D/NetUpdate( 2247): mWriteSD--->true
D/NetUpdate( 2247): mBootCheckZipExist--->false
I/zomut.watchdog.monitor( 1872): endgather
I/zomut.watchdog.monitor( 1872): init
D/dalvikvm( 1872): GC_CONCURRENT freed 2012K, 46% free 6869K/12611K, paused 9ms+7ms
D/dalvikvm( 1657): GC_CONCURRENT freed 683K, 64% free 2877K/7939K, paused 2ms+5ms
I/zomut.watchdog.monitor( 1872): end
D/NetUpdate( 2247): progressValue--->0
D/NetUpdate( 2247): mWriteSD--->true
D/NetUpdate( 2247): mBootCheckZipExist--->false
D/NetUpdate( 2247): progressValue--->0
D/NetUpdate( 2247): mWriteSD--->true
D/NetUpdate( 2247): mBootCheckZipExist--->false
D/NetUpdate( 2247): progressValue--->0
D/NetUpdate( 2247): mWriteSD--->true
D/NetUpdate( 2247): mBootCheckZipExist--->false
D/NetUpdate( 2247): progressValue--->0
D/NetUpdate( 2247): mWriteSD--->true
D/NetUpdate( 2247): mBootCheckZipExist--->false
D/NetUpdate( 2247): progressValue--->0
D/NetUpdate( 2247): mWriteSD--->true
D/NetUpdate( 2247): mBootCheckZipExist--->false
D/NetUpdate( 2247): progressValue--->0
D/NetUpdate( 2247): mWriteSD--->true
D/NetUpdate( 2247): mBootCheckZipExist--->false
D/dalvikvm( 1657): GC_CONCURRENT freed 717K, 64% free 2865K/7939K, paused 2ms+2ms
D/NetUpdate( 2247): progressValue--->0
D/NetUpdate( 2247): mWriteSD--->true
D/NetUpdate( 2247): mBootCheckZipExist--->false
D/dalvikvm( 1657): GC_CONCURRENT freed 707K, 65% free 2857K/7939K, paused 2ms+3ms
D/NetUpdate( 2247): progressValue--->0
D/NetUpdate( 2247): mWriteSD--->true
D/NetUpdate( 2247): mBootCheckZipExist--->false
D/dalvikvm( 1657): GC_CONCURRENT freed 706K, 64% free 2858K/7939K, paused 2ms+3ms
D/NetUpdate( 2247): progressValue--->0
D/NetUpdate( 2247): mWriteSD--->true
D/NetUpdate( 2247): mBootCheckZipExist--->false
D/NetUpdate( 2247): progressValue--->0
D/NetUpdate( 2247): mWriteSD--->true
D/NetUpdate( 2247): mBootCheckZipExist--->false
D/NetUpdate( 2247): progressValue--->0
D/NetUpdate( 2247): mWriteSD--->true
D/NetUpdate( 2247): mBootCheckZipExist--->false
D/NetUpdate( 2247): progressValue--->0
D/NetUpdate( 2247): mWriteSD--->true
D/NetUpdate( 2247): mBootCheckZipExist--->false
D/NetUpdate( 2247): progressValue--->0
D/NetUpdate( 2247): mWriteSD--->true
D/NetUpdate( 2247): mBootCheckZipExist--->false
D/NetUpdate( 2247): progressValue--->0
D/NetUpdate( 2247): mWriteSD--->true
D/NetUpdate( 2247): mBootCheckZipExist--->false
D/NetUpdate( 2247): progressValue--->0
D/NetUpdate( 2247): mWriteSD--->true
D/NetUpdate( 2247): mBootCheckZipExist--->false
D/NetUpdate( 2247): progressValue--->0
D/NetUpdate( 2247): mWriteSD--->true
D/NetUpdate( 2247): mBootCheckZipExist--->false
D/dalvikvm( 1657): GC_CONCURRENT freed 715K, 65% free 2835K/7939K, paused 2ms+2ms
D/NetUpdate( 2247): progressValue--->0
D/NetUpdate( 2247): mWriteSD--->true
D/NetUpdate( 2247): mBootCheckZipExist--->false
D/NetUpdate( 2247): progressValue--->0
D/NetUpdate( 2247): mWriteSD--->true
D/NetUpdate( 2247): mBootCheckZipExist--->false
D/NetUpdate( 2247): progressValue--->0
D/NetUpdate( 2247): mWriteSD--->true
D/NetUpdate( 2247): mBootCheckZipExist--->false
D/NetUpdate( 2247): progressValue--->0
D/NetUpdate( 2247): mWriteSD--->true
D/NetUpdate( 2247): mBootCheckZipExist--->false
D/HomePlayerLib( 1657): hostaddress count is 1
D/dalvikvm( 1657): GC_CONCURRENT freed 680K, 65% free 2840K/7939K, paused 2ms+2ms
D/dalvikvm( 1657): GC_CONCURRENT freed 664K, 64% free 2863K/7939K, paused 2ms+2ms
D/dalvikvm( 1657): GC_CONCURRENT freed 699K, 64% free 2868K/7939K, paused 2ms+2ms
D/NetUpdate( 2247): progressValue--->0
D/NetUpdate( 2247): mWriteSD--->true
D/NetUpdate( 2247): mBootCheckZipExist--->false
D/dalvikvm( 1657): GC_CONCURRENT freed 705K, 64% free 2866K/7939K, paused 2ms+3ms
D/dalvikvm( 1657): GC_CONCURRENT freed 705K, 64% free 2866K/7939K, paused 2ms+2ms
D/NetUpdate( 2247): progressValue--->0
D/NetUpdate( 2247): mWriteSD--->true
D/NetUpdate( 2247): mBootCheckZipExist--->false
D/dalvikvm( 1657): GC_CONCURRENT freed 718K, 64% free 2865K/7939K, paused 2ms+2ms
D/NetUpdate( 2247): progressValue--->0
D/NetUpdate( 2247): mWriteSD--->true
D/NetUpdate( 2247): mBootCheckZipExist--->false
D/NetUpdate( 2247): progressValue--->0
D/NetUpdate( 2247): mWriteSD--->true
D/NetUpdate( 2247): mBootCheckZipExist--->false
D/NetUpdate( 2247): progressValue--->0
D/NetUpdate( 2247): mWriteSD--->true
D/NetUpdate( 2247): mBootCheckZipExist--->false
D/NetUpdate( 2247): progressValue--->0
D/NetUpdate( 2247): mWriteSD--->true
D/NetUpdate( 2247): mBootCheckZipExist--->false
D/NetUpdate( 2247): progressValue--->0
D/NetUpdate( 2247): mWriteSD--->true
D/NetUpdate( 2247): mBootCheckZipExist--->false
D/NetUpdate( 2247): progressValue--->0
D/NetUpdate( 2247): mWriteSD--->true
D/NetUpdate( 2247): mBootCheckZipExist--->false
D/dalvikvm( 1657): GC_CONCURRENT freed 706K, 64% free 2863K/7939K, paused 2ms+2ms
D/NetUpdate( 2247): progressValue--->0
D/NetUpdate( 2247): mWriteSD--->true
D/NetUpdate( 2247): mBootCheckZipExist--->false
D/dalvikvm( 1657): GC_CONCURRENT freed 706K, 64% free 2863K/7939K, paused 2ms+3ms
D/NetUpdate( 2247): progressValue--->0
D/NetUpdate( 2247): mWriteSD--->true
D/NetUpdate( 2247): mBootCheckZipExist--->false
D/dalvikvm( 1657): GC_CONCURRENT freed 704K, 64% free 2862K/7939K, paused 2ms+3ms
D/NetUpdate( 2247): progressValue--->0
D/NetUpdate( 2247): mWriteSD--->true
D/NetUpdate( 2247): mBootCheckZipExist--->false
D/dalvikvm( 1657): GC_CONCURRENT freed 704K, 64% free 2863K/7939K, paused 2ms+3ms
D/NetUpdate( 2247): progressValue--->0
D/NetUpdate( 2247): mWriteSD--->true
D/NetUpdate( 2247): mBootCheckZipExist--->false
D/dalvikvm( 1657): GC_CONCURRENT freed 704K, 64% free 2861K/7939K, paused 2ms+2ms
D/dalvikvm( 1657): GC_CONCURRENT freed 705K, 64% free 2862K/7939K, paused 2ms+3ms
D/NetUpdate( 2247): progressValue--->0
D/NetUpdate( 2247): mWriteSD--->true
D/NetUpdate( 2247): mBootCheckZipExist--->false
D/dalvikvm( 1657): GC_CONCURRENT freed 704K, 64% free 2863K/7939K, paused 3ms+2ms
D/NetUpdate( 2247): progressValue--->0
D/NetUpdate( 2247): mWriteSD--->true
D/NetUpdate( 2247): mBootCheckZipExist--->false
D/dalvikvm( 1657): GC_CONCURRENT freed 704K, 64% free 2861K/7939K, paused 2ms+2ms
D/dalvikvm( 1657): GC_CONCURRENT freed 705K, 64% free 2859K/7939K, paused 2ms+2ms
D/NetUpdate( 2247): progressValue--->0
D/NetUpdate( 2247): mWriteSD--->true
D/NetUpdate( 2247): mBootCheckZipExist--->false
D/NetUpdate( 2247): progressValue--->0
D/NetUpdate( 2247): mWriteSD--->true
D/NetUpdate( 2247): mBootCheckZipExist--->false
D/NetUpdate( 2247): progressValue--->0
D/NetUpdate( 2247): mWriteSD--->true
D/NetUpdate( 2247): mBootCheckZipExist--->false
D/NetUpdate( 2247): progressValue--->0
D/NetUpdate( 2247): mWriteSD--->true
D/NetUpdate( 2247): mBootCheckZipExist--->false
D/NetUpdate( 2247): progressValue--->0
D/NetUpdate( 2247): mWriteSD--->true
D/NetUpdate( 2247): mBootCheckZipExist--->false
D/NetUpdate( 2247): progressValue--->0
D/NetUpdate( 2247): mWriteSD--->true
D/NetUpdate( 2247): mBootCheckZipExist--->false
D/NetUpdate( 2247): progressValue--->0
D/NetUpdate( 2247): mWriteSD--->true
D/NetUpdate( 2247): mBootCheckZipExist--->false
D/NetUpdate( 2247): progressValue--->0
D/NetUpdate( 2247): mWriteSD--->true
D/NetUpdate( 2247): mBootCheckZipExist--->false
D/HomePlayerLib( 1657): hostaddress count is 1
D/dalvikvm( 1657): GC_CONCURRENT freed 708K, 65% free 2839K/7939K, paused 2ms+2ms
D/dalvikvm( 1657): GC_CONCURRENT freed 665K, 64% free 2863K/7939K, paused 2ms+3ms
D/dalvikvm( 1657): GC_CONCURRENT freed 699K, 64% free 2862K/7939K, paused 2ms+3ms
D/dalvikvm( 1657): GC_CONCURRENT freed 734K, 63% free 2979K/7939K, paused 2ms+3ms
D/NetUpdate( 2247): progressValue--->0
D/NetUpdate( 2247): mWriteSD--->true
D/NetUpdate( 2247): mBootCheckZipExist--->false
D/dalvikvm( 1657): GC_CONCURRENT freed 862K, 64% free 2875K/7939K, paused 2ms+2ms
D/NetUpdate( 2247): progressValue--->0
D/NetUpdate( 2247): mWriteSD--->true
D/NetUpdate( 2247): mBootCheckZipExist--->false
D/NetUpdate( 2247): progressValue--->0
D/NetUpdate( 2247): mWriteSD--->true
D/NetUpdate( 2247): mBootCheckZipExist--->false
D/NetUpdate( 2247): progressValue--->0
D/NetUpdate( 2247): mWriteSD--->true
D/NetUpdate( 2247): mBootCheckZipExist--->false
D/NetUpdate( 2247): progressValue--->0
D/NetUpdate( 2247): mWriteSD--->true
D/NetUpdate( 2247): mBootCheckZipExist--->false
D/NetUpdate( 2247): progressValue--->0
D/NetUpdate( 2247): mWriteSD--->true
D/NetUpdate( 2247): mBootCheckZipExist--->false
D/NetUpdate( 2247): progressValue--->0
D/NetUpdate( 2247): mWriteSD--->true
D/NetUpdate( 2247): mBootCheckZipExist--->false
D/dalvikvm( 1657): GC_CONCURRENT freed 722K, 64% free 2859K/7939K, paused 2ms+3ms
D/dalvikvm( 1657): GC_CONCURRENT freed 705K, 65% free 2858K/7939K, paused 2ms+3ms
D/NetUpdate( 2247): progressValue--->0
D/NetUpdate( 2247): mWriteSD--->true
D/NetUpdate( 2247): mBootCheckZipExist--->false
D/dalvikvm( 1657): GC_CONCURRENT freed 706K, 64% free 2913K/7939K, paused 2ms+3ms
D/NetUpdate( 2247): progressValue--->0
D/NetUpdate( 2247): mWriteSD--->true
D/NetUpdate( 2247): mBootCheckZipExist--->false
D/NetUpdate( 2247): progressValue--->0
D/NetUpdate( 2247): mWriteSD--->true
D/NetUpdate( 2247): mBootCheckZipExist--->false
D/NetUpdate( 2247): progressValue--->0
D/NetUpdate( 2247): mWriteSD--->true
D/NetUpdate( 2247): mBootCheckZipExist--->false
D/NetUpdate( 2247): progressValue--->0
D/NetUpdate( 2247): mWriteSD--->true
D/NetUpdate( 2247): mBootCheckZipExist--->false
D/NetUpdate( 2247): progressValue--->0
D/NetUpdate( 2247): mWriteSD--->true
D/NetUpdate( 2247): mBootCheckZipExist--->false
D/dalvikvm( 1657): GC_CONCURRENT freed 770K, 65% free 2856K/7939K, paused 2ms+3ms
D/NetUpdate( 2247): progressValue--->0
D/NetUpdate( 2247): mWriteSD--->true
D/NetUpdate( 2247): mBootCheckZipExist--->false
D/NetUpdate( 2247): progressValue--->0
D/NetUpdate( 2247): mWriteSD--->true
D/NetUpdate( 2247): mBootCheckZipExist--->false
D/NetUpdate( 2247): progressValue--->0
D/NetUpdate( 2247): mWriteSD--->true
D/NetUpdate( 2247): mBootCheckZipExist--->false
D/NetUpdate( 2247): progressValue--->0
D/NetUpdate( 2247): mWriteSD--->true
D/NetUpdate( 2247): mBootCheckZipExist--->false

[ 1480.873599] IR: [03932] scan key value is 0x31cebd02 
[ 1480.873603]  
[ 1480.926456] IR: [03932] scan key value is 0x31cebd02 
[ 1480.926460]  
D/NetUpdate( 2247): progressValue--->0
D/NetUpdate( 2247): mWriteSD--->true
D/NetUpdate( 2247): mBootCheckZipExist--->false
D/NetUpdate( 2247): progressValue--->0
D/NetUpdate( 2247): mWriteSD--->true
D/NetUpdate( 2247): mBootCheckZipExist--->false
D/dalvikvm( 1657): GC_CONCURRENT freed 703K, 64% free 2881K/7939K, paused 2ms+3ms
D/dalvikvm( 1657): GC_CONCURRENT freed 720K, 64% free 2890K/7939K, paused 2ms+2ms
D/NetUpdate( 2247): progressValue--->0
D/NetUpdate( 2247): mWriteSD--->true
D/NetUpdate( 2247): mBootCheckZipExist--->false
D/dalvikvm( 1657): GC_CONCURRENT freed 733K, 65% free 2857K/7939K, paused 2ms+2ms
D/HomePlayerLib( 1657): hostaddress count is 1
D/NetUpdate( 2247): progressValue--->0
D/NetUpdate( 2247): mWriteSD--->true
D/NetUpdate( 2247): mBootCheckZipExist--->false
D/dalvikvm( 1657): GC_CONCURRENT freed 701K, 63% free 2971K/7939K, paused 2ms+3ms
D/dalvikvm( 1657): GC_CONCURRENT freed 843K, 63% free 2981K/7939K, paused 2ms+2ms
D/dalvikvm( 1657): GC_CONCURRENT freed 845K, 63% free 2949K/7939K, paused 2ms+3ms
D/dalvikvm( 1657): GC_CONCURRENT freed 800K, 63% free 2986K/7939K, paused 2ms+2ms
D/NetUpdate( 2247): progressValue--->0
D/NetUpdate( 2247): mWriteSD--->true
D/NetUpdate( 2247): mBootCheckZipExist--->false
D/dalvikvm( 1657): GC_CONCURRENT freed 841K, 64% free 2923K/7939K, paused 2ms+2ms
D/NetUpdate( 2247): progressValue--->0
D/NetUpdate( 2247): mWriteSD--->true
D/NetUpdate( 2247): mBootCheckZipExist--->false
D/dalvikvm( 1657): GC_CONCURRENT freed 784K, 64% free 2864K/7939K, paused 2ms+3ms
D/dalvikvm( 1657): GC_CONCURRENT freed 705K, 65% free 2853K/7939K, paused 2ms+3ms
D/NetUpdate( 2247): progressValue--->0
D/NetUpdate( 2247): mWriteSD--->true
D/NetUpdate( 2247): mBootCheckZipExist--->false
D/NetUpdate( 2247): progressValue--->0
D/NetUpdate( 2247): mWriteSD--->true
D/NetUpdate( 2247): mBootCheckZipExist--->false
[ 1485.031114] IR: [03932] scan key value is 0xec13c936 
[ 1485.031119]  
[ 1485.083581] IR: [03932] scan key value is 0xec13c936 
[ 1485.083586]  
[ 1485.191661] IR: [03932] scan key value is 0xec13c936 
[ 1485.191666]  D/NetUpdate( 2247): progressValue--->0
D/NetUpdate( 2247): mWriteSD--->true
D/NetUpdate( 2247): mBootCheckZipExist--->false
I/NetworkConnect( 2247): //////@Override//////@Override//////@Override//////@Override//////@Override//////@Override//////@Override//////@Override
I/NetworkConnect( 2247): Execute command :ping -c 1 -w 100 www.baidu.com
E/fbdev   ( 1021): Attention! GFLIP time out, force update gop ring buffer!
E/fbdev   ( 1021): Attention! GFLIP time out, force update gop ring buffer!
E/fbdev   ( 1021): Attention! GFLIP time out, force update gop ring buffer!
D/NetUpdate( 2247): progressValue--->0
D/NetUpdate( 2247): mWriteSD--->true
D/NetUpdate( 2247): mBootCheckZipExist--->false
E/fbdev   ( 1021): Attention! GFLIP time out, force update gop ring buffer!
E/fbdev   ( 1021): Attention! GFLIP time out, force update gop ring buffer!
E/fbdev   ( 1021): Attention! GFLIP time out, force update gop ring buffer!
E/fbdev   ( 1021): Attention! GFLIP time out, force update gop ring buffer!
E/fbdev   ( 1021): Attention! GFLIP time out, force update gop ring buffer!
E/fbdev   ( 1021): Attention! GFLIP time out, force update gop ring buffer!
E/fbdev   ( 1021): Attention! GFLIP time out, force update gop ring buffer!
D/NetUpdate( 2247): progressValue--->0
D/NetUpdate( 2247): mWriteSD--->true
D/NetUpdate( 2247): mBootCheckZipExist--->false
E/fbdev   ( 1021): Attention! GFLIP time out, force update gop ring buffer!
E/fbdev   ( 1021): Attention! GFLIP time out, force update gop ring buffer!
E/fbdev   ( 1021): Attention! GFLIP time out, force update gop ring buffer!
D/NetUpdate( 2247): progressValue--->0
D/NetUpdate( 2247): mWriteSD--->true
D/NetUpdate( 2247): mBootCheckZipExist--->false
E/fbdev   ( 1021): Attention! GFLIP time out, force update gop ring buffer!
D/dalvikvm( 1657): GC_CONCURRENT freed 674K, 63% free 2985K/7939K, paused 2ms+3ms
E/fbdev   ( 1021): Attention! GFLIP time out, force update gop ring buffer!
E/fbdev   ( 1021): Attention! GFLIP time out, force update gop ring buffer!
E/fbdev   ( 1021): Attention! GFLIP time out, force update gop ring buffer!
D/dalvikvm( 1657): GC_CONCURRENT freed 854K, 64% free 2882K/7939K, paused 2ms+2ms
E/fbdev   ( 1021): Attention! GFLIP time out, force update gop ring buffer!
E/fbdev   ( 1021): Attention! GFLIP time out, force update gop ring buffer!
E/fbdev   ( 1021): Attention! GFLIP time out, force update gop ring buffer!
E/fbdev   ( 1021): Attention! GFLIP time out, force update gop ring buffer!
E/fbdev   ( 1021): Attention! GFLIP time out, force update gop ring buffer!
E/fbdev   ( 1021): Attention! GFLIP time out, force update gop ring buffer!
D/NetUpdate( 2247): progressValue--->0
D/NetUpdate( 2247): mWriteSD--->true
D/NetUpdate( 2247): mBootCheckZipExist--->false
E/fbdev   ( 1021): Attention! GFLIP time out, force update gop ring buffer!
E/fbdev   ( 1021): Attention! GFLIP time out, force update gop ring buffer!
E/fbdev   ( 1021): Attention! GFLIP time out, force update gop ring buffer!
E/fbdev   ( 1021): Attention! GFLIP time out, force update gop ring buffer!
E/fbdev   ( 1021): Attention! GFLIP time out, force update gop ring buffer!
E/fbdev   ( 1021): Attention! GFLIP time out, force update gop ring buffer!
E/fbdev   ( 1021): Attention! GFLIP time out, force update gop ring buffer!
D/NetUpdate( 2247): progressValue--->0
D/NetUpdate( 2247): mWriteSD--->true
D/NetUpdate( 2247): mBootCheckZipExist--->false
E/fbdev   ( 1021): Attention! GFLIP time out, force update gop ring buffer!
E/fbdev   ( 1021): Attention! GFLIP time out, force update gop ring buffer!
E/fbdev   ( 1021): Attention! GFLIP time out, force update gop ring buffer!
E/fbdev   ( 1021): Attention! GFLIP time out, force update gop ring buffer!
E/fbdev   ( 1021): Attention! GFLIP time out, force update gop ring buffer!
D/dalvikvm( 1657): GC_CONCURRENT freed 705K, 64% free 2923K/7939K, paused 2ms+3ms
E/fbdev   ( 1021): Attention! GFLIP time out, force update gop ring buffer!
E/fbdev   ( 1021): Attention! GFLIP time out, force update gop ring buffer!
E/fbdev   ( 1021): Attention! GFLIP time out, force update gop ring buffer!
D/dalvikvm( 1657): GC_CONCURRENT freed 768K, 64% free 2896K/7939K, paused 2ms+2ms
E/fbdev   ( 1021): Attention! GFLIP time out, force update gop ring buffer!
E/fbdev   ( 1021): Attention! GFLIP time out, force update gop ring buffer!
E/fbdev   ( 1021): Attention! GFLIP time out, force update gop ring buffer!
D/dalvikvm( 1657): GC_CONCURRENT freed 739K, 64% free 2881K/7939K, paused 3ms+3ms
E/fbdev   ( 1021): Attention! GFLIP time out, force update gop ring buffer!
E/fbdev   ( 1021): Attention! GFLIP time out, force update gop ring buffer!
D/NetUpdate( 2247): progressValue--->0
D/NetUpdate( 2247): mWriteSD--->true
D/NetUpdate( 2247): mBootCheckZipExist--->false
E/fbdev   ( 1021): Attention! GFLIP time out, force update gop ring buffer!
D/dalvikvm( 1657): GC_CONCURRENT freed 725K, 64% free 2895K/7939K, paused 2ms+2ms
E/fbdev   ( 1021): Attention! GFLIP time out, force update gop ring buffer!
E/fbdev   ( 1021): Attention! GFLIP time out, force update gop ring buffer!
E/fbdev   ( 1021): Attention! GFLIP time out, force update gop ring buffer!
D/dalvikvm( 1657): GC_CONCURRENT freed 733K, 64% free 2895K/7939K, paused 2ms+2ms
E/fbdev   ( 1021): Attention! GFLIP time out, force update gop ring buffer!
E/fbdev   ( 1021): Attention! GFLIP time out, force update gop ring buffer!
E/fbdev   ( 1021): Attention! GFLIP time out, force update gop ring buffer!
D/dalvikvm( 1657): GC_CONCURRENT freed 733K, 64% free 2895K/7939K, paused 3ms+3ms
D/NetUpdate( 2247): progressValue--->0
D/NetUpdate( 2247): mWriteSD--->true
D/NetUpdate( 2247): mBootCheckZipExist--->false
I/StateSet( 2247): ===============================   state  ping shibai   ============
I/StateSet( 2247): -----wifi------dhcpinfo.toString()=ipaddr 192.168.2.104 gateway 192.168.2.1 netmask 255.255.255.0 dns1 192.168.2.1 dns2 0.0.0.0 DHCP server 192.168.2.1 lease 7200 seconds
E/fbdev   ( 1021): Attention! GFLIP time out, force update gop ring buffer!
E/fbdev   ( 1021): Attention! GFLIP time out, force update gop ring buffer!
D/NetUpdate( 2247): progressValue--->0
D/NetUpdate( 2247): mWriteSD--->true
D/NetUpdate( 2247): mBootCheckZipExist--->false
D/dalvikvm( 1657): GC_CONCURRENT freed 733K, 64% free 2895K/7939K, paused 3ms+2ms
D/dalvikvm( 1657): GC_CONCURRENT freed 778K, 65% free 2850K/7939K, paused 2ms+2ms
D/dalvikvm( 1657): GC_CONCURRENT freed 661K, 64% free 2922K/7939K, paused 2ms+3ms
D/NetUpdate( 2247): progressValue--->0
D/NetUpdate( 2247): mWriteSD--->true
D/NetUpdate( 2247): mBootCheckZipExist--->false
D/dalvikvm( 1657): GC_CONCURRENT freed 765K, 64% free 2881K/7939K, paused 2ms+3ms
D/NetUpdate( 2247): progressValue--->0
D/NetUpdate( 2247): mWriteSD--->true
D/NetUpdate( 2247): mBootCheckZipExist--->false
D/dalvikvm( 1657): GC_CONCURRENT freed 729K, 64% free 2887K/7939K, paused 2ms+3ms
D/dalvikvm( 1657): GC_CONCURRENT freed 737K, 64% free 2887K/7939K, paused 2ms+3ms
D/dalvikvm( 1657): GC_CONCURRENT freed 733K, 64% free 2886K/7939K, paused 2ms+2ms
D/NetUpdate( 2247): progressValue--->0
D/NetUpdate( 2247): mWriteSD--->true
D/NetUpdate( 2247): mBootCheckZipExist--->false
D/NetUpdate( 2247): progressValue--->0
D/NetUpdate( 2247): mWriteSD--->true
D/NetUpdate( 2247): mBootCheckZipExist--->false
D/dalvikvm( 1657): GC_CONCURRENT freed 732K, 64% free 2887K/7939K, paused 2ms+2ms
D/dalvikvm( 1657): GC_CONCURRENT freed 737K, 64% free 2887K/7939K, paused 2ms+2ms
D/NetUpdate( 2247): progressValue--->0
D/NetUpdate( 2247): mWriteSD--->true
D/NetUpdate( 2247): mBootCheckZipExist--->false
D/HomePlayerLib( 1657): hostaddress count is 1
D/dalvikvm( 1657): GC_CONCURRENT freed 741K, 63% free 3003K/7939K, paused 2ms+2ms
D/NetUpdate( 2247): progressValue--->0
D/NetUpdate( 2247): mWriteSD--->true
D/NetUpdate( 2247): mBootCheckZipExist--->false
D/dalvikvm( 1657): GC_CONCURRENT freed 893K, 63% free 2967K/7939K, paused 2ms+2ms
D/dalvikvm( 1657): GC_CONCURRENT freed 837K, 64% free 2874K/7939K, paused 2ms+2ms
D/NetUpdate( 2247): progressValue--->0
D/NetUpdate( 2247): mWriteSD--->true
D/NetUpdate( 2247): mBootCheckZipExist--->false
D/dalvikvm( 1657): GC_CONCURRENT freed 723K, 64% free 2873K/7939K, paused 2ms+2ms
D/NetUpdate( 2247): progressValue--->0
D/NetUpdate( 2247): mWriteSD--->true
D/NetUpdate( 2247): mBootCheckZipExist--->false
D/dalvikvm( 1657): GC_CONCURRENT freed 708K, 64% free 2870K/7939K, paused 2ms+3ms
D/dalvikvm( 1657): GC_CONCURRENT freed 702K, 64% free 2870K/7939K, paused 2ms+3ms
D/NetUpdate( 2247): progressValue--->0
D/NetUpdate( 2247): mWriteSD--->true
D/NetUpdate( 2247): mBootCheckZipExist--->false
D/dalvikvm( 1657): GC_CONCURRENT freed 712K, 64% free 2871K/7939K, paused 2ms+2ms
D/NetUpdate( 2247): progressValue--->0
D/NetUpdate( 2247): mWriteSD--->true
D/NetUpdate( 2247): mBootCheckZipExist--->false
D/dalvikvm( 1657): GC_CONCURRENT freed 712K, 64% free 2865K/7939K, paused 2ms+3ms
D/dalvikvm( 1657): GC_CONCURRENT freed 704K, 64% free 2870K/7939K, paused 2ms+2ms
D/dalvikvm( 1657): GC_CONCURRENT freed 712K, 64% free 2871K/7939K, paused 2ms+2ms
D/NetUpdate( 2247): progressValue--->0
D/NetUpdate( 2247): mWriteSD--->true
D/NetUpdate( 2247): mBootCheckZipExist--->false
D/dalvikvm( 1657): GC_CONCURRENT freed 709K, 64% free 2871K/7939K, paused 2ms+2ms
D/NetUpdate( 2247): progressValue--->0
D/NetUpdate( 2247): mWriteSD--->true
D/NetUpdate( 2247): mBootCheckZipExist--->false
D/dalvikvm( 1657): GC_CONCURRENT freed 706K, 64% free 2870K/7939K, paused 2ms+2ms
D/dalvikvm( 1657): GC_CONCURRENT freed 704K, 64% free 2870K/7939K, paused 2ms+3ms
D/dalvikvm( 1657): GC_CONCURRENT freed 710K, 64% free 2871K/7939K, paused 2ms+2ms
D/NetUpdate( 2247): progressValue--->0
D/NetUpdate( 2247): mWriteSD--->true
D/NetUpdate( 2247): mBootCheckZipExist--->false
D/NetUpdate( 2247): progressValue--->0
D/NetUpdate( 2247): mWriteSD--->true
D/NetUpdate( 2247): mBootCheckZipExist--->false
D/NetUpdate( 2247): progressValue--->0
D/NetUpdate( 2247): mWriteSD--->true
D/NetUpdate( 2247): mBootCheckZipExist--->false
D/dalvikvm( 1657): GC_CONCURRENT freed 711K, 64% free 2915K/7939K, paused 2ms+3ms
D/CheckNetWork( 1644): isOk true
D/CheckNetWork( 1644): ActInfoNetworkInfo: type: WIFI[], state: CONNECTED/CONNECTED, reason: (unspecified), extra: (none), roaming: false, failover: false, isAvailable: true
D/CheckNetWork( 1644): infoNetworkInfo: type: WIFI[], state: CONNECTED/CONNECTED, reason: (unspecified), extra: (none), roaming: false, failover: false, isAvailable: true
D/NetUpdate( 2247): progressValue--->0
D/NetUpdate( 2247): mWriteSD--->true
D/NetUpdate( 2247): mBootCheckZipExist--->false
D/dalvikvm( 1657): GC_CONCURRENT freed 768K, 64% free 2882K/7939K, paused 2ms+3ms
D/dalvikvm( 1657): GC_CONCURRENT freed 716K, 64% free 2869K/7939K, paused 2ms+2ms
D/dalvikvm( 1657): GC_CONCURRENT freed 694K, 64% free 2869K/7939K, paused 2ms+3ms
D/NetUpdate( 2247): progressValue--->0
D/NetUpdate( 2247): mWriteSD--->true
D/NetUpdate( 2247): mBootCheckZipExist--->false
D/dalvikvm( 1657): GC_CONCURRENT freed 718K, 64% free 2881K/7939K, paused 2ms+3ms
D/NetUpdate( 2247): progressValue--->0
D/NetUpdate( 2247): mWriteSD--->true
D/NetUpdate( 2247): mBootCheckZipExist--->false
D/dalvikvm( 1657): GC_CONCURRENT freed 731K, 65% free 2855K/7939K, paused 2ms+3ms
D/dalvikvm( 1657): GC_CONCURRENT freed 691K, 64% free 2881K/7939K, paused 2ms+2ms
D/dalvikvm( 1657): GC_CONCURRENT freed 731K, 64% free 2880K/7939K, paused 2ms+2ms
D/NetUpdate( 2247): progressValue--->0
D/NetUpdate( 2247): mWriteSD--->true
D/NetUpdate( 2247): mBootCheckZipExist--->false
D/dalvikvm( 1657): GC_CONCURRENT freed 731K, 65% free 2856K/7939K, paused 2ms+3ms
D/NetUpdate( 2247): progressValue--->0
D/NetUpdate( 2247): mWriteSD--->true
D/NetUpdate( 2247): mBootCheckZipExist--->false
D/dalvikvm( 1657): GC_CONCURRENT freed 691K, 65% free 2855K/7939K, paused 2ms+2ms
D/dalvikvm( 1657): GC_CONCURRENT freed 691K, 63% free 2978K/7939K, paused 2ms+2ms
D/NetUpdate( 2247): progressValue--->0
D/NetUpdate( 2247): mWriteSD--->true
D/NetUpdate( 2247): mBootCheckZipExist--->false
D/dalvikvm( 1657): GC_CONCURRENT freed 852K, 65% free 2857K/7939K, paused 2ms+3ms
D/NetUpdate( 2247): progressValue--->0
D/NetUpdate( 2247): mWriteSD--->true
D/NetUpdate( 2247): mBootCheckZipExist--->false
D/dalvikvm( 1657): GC_CONCURRENT freed 691K, 63% free 2968K/7939K, paused 2ms+3ms
D/dalvikvm( 1657): GC_CONCURRENT freed 830K, 64% free 2874K/7939K, paused 2ms+3ms
D/NetUpdate( 2247): progressValue--->0
D/NetUpdate( 2247): mWriteSD--->true
D/NetUpdate( 2247): mBootCheckZipExist--->false
D/NetUpdate( 2247): progressValue--->0
D/NetUpdate( 2247): mWriteSD--->true
D/NetUpdate( 2247): mBootCheckZipExist--->false
D/dalvikvm( 1657): GC_CONCURRENT freed 705K, 64% free 2914K/7939K, paused 2ms+3ms
D/NetUpdate( 2247): progressValue--->0
D/NetUpdate( 2247): mWriteSD--->true
D/NetUpdate( 2247): mBootCheckZipExist--->false
D/NetUpdate( 2247): progressValue--->0
D/NetUpdate( 2247): mWriteSD--->true
D/NetUpdate( 2247): mBootCheckZipExist--->false
D/NetUpdate( 2247): progressValue--->0
D/NetUpdate( 2247): mWriteSD--->true
D/NetUpdate( 2247): mBootCheckZipExist--->false
D/HomePlayerLib( 1657): hostaddress count is 1
D/dalvikvm( 1657): GC_CONCURRENT freed 766K, 63% free 2981K/7939K, paused 2ms+2ms
D/dalvikvm( 1657): GC_CONCURRENT freed 863K, 63% free 2969K/7939K, paused 2ms+2ms
D/NetUpdate( 2247): progressValue--->0
D/NetUpdate( 2247): mWriteSD--->true
D/NetUpdate( 2247): mBootCheckZipExist--->false
D/dalvikvm( 1657): GC_CONCURRENT freed 836K, 64% free 2868K/7939K, paused 2ms+2ms
D/dalvikvm( 1657): GC_CONCURRENT freed 715K, 64% free 2925K/7939K, paused 2ms+2ms
D/NetUpdate( 2247): progressValue--->0
D/NetUpdate( 2247): mWriteSD--->true
D/NetUpdate( 2247): mBootCheckZipExist--->false
D/dalvikvm( 1657): GC_CONCURRENT freed 794K, 65% free 2845K/7939K, paused 2ms+3ms
D/NetUpdate( 2247): progressValue--->0
D/NetUpdate( 2247): mWriteSD--->true
D/NetUpdate( 2247): mBootCheckZipExist--->false
D/dalvikvm( 1657): GC_CONCURRENT freed 674K, 64% free 2868K/7939K, paused 3ms+3ms
D/dalvikvm( 1657): GC_CONCURRENT freed 708K, 64% free 2879K/7939K, paused 2ms+2ms
D/dalvikvm( 1657): GC_CONCURRENT freed 711K, 64% free 2914K/7939K, paused 2ms+3ms
D/NetUpdate( 2247): progressValue--->0
D/NetUpdate( 2247): mWriteSD--->true
D/NetUpdate( 2247): mBootCheckZipExist--->false
D/dalvikvm( 1657): GC_CONCURRENT freed 764K, 64% free 2867K/7939K, paused 2ms+2ms
D/NetUpdate( 2247): progressValue--->0
D/NetUpdate( 2247): mWriteSD--->true
D/NetUpdate( 2247): mBootCheckZipExist--->false
D/dalvikvm( 1657): GC_CONCURRENT freed 707K, 64% free 2870K/7939K, paused 2ms+3ms
D/dalvikvm( 1657): GC_CONCURRENT freed 707K, 64% free 2870K/7939K, paused 2ms+2ms
D/NetUpdate( 2247): progressValue--->0
D/NetUpdate( 2247): mWriteSD--->true
D/NetUpdate( 2247): mBootCheckZipExist--->false
D/dalvikvm( 1657): GC_CONCURRENT freed 709K, 64% free 2885K/7939K, paused 2ms+2ms
D/NetUpdate( 2247): progressValue--->0
D/NetUpdate( 2247): mWriteSD--->true
D/NetUpdate( 2247): mBootCheckZipExist--->false
D/dalvikvm( 1657): GC_CONCURRENT freed 734K, 65% free 2853K/7939K, paused 2ms+2ms
D/NetUpdate( 2247): progressValue--->0
D/NetUpdate( 2247): mWriteSD--->true
D/NetUpdate( 2247): mBootCheckZipExist--->false
D/dalvikvm( 1657): GC_CONCURRENT freed 689K, 64% free 2870K/7939K, paused 2ms+2ms
D/NetUpdate( 2247): progressValue--->0
D/NetUpdate( 2247): mWriteSD--->true
D/NetUpdate( 2247): mBootCheckZipExist--->false
D/dalvikvm( 1657): GC_CONCURRENT freed 703K, 64% free 2868K/7939K, paused 3ms+3ms
D/dalvikvm( 1657): GC_CONCURRENT freed 704K, 64% free 2870K/7939K, paused 3ms+2ms
D/NetUpdate( 2247): progressValue--->0
D/NetUpdate( 2247): mWriteSD--->true
D/NetUpdate( 2247): mBootCheckZipExist--->false
D/dalvikvm( 1657): GC_CONCURRENT freed 705K, 64% free 2868K/7939K, paused 2ms+2ms
D/NetUpdate( 2247): progressValue--->0
D/NetUpdate( 2247): mWriteSD--->true
D/NetUpdate( 2247): mBootCheckZipExist--->false
D/dalvikvm( 1657): GC_CONCURRENT freed 704K, 64% free 2867K/7939K, paused 2ms+3ms
D/dalvikvm( 1657): GC_CONCURRENT freed 708K, 65% free 2854K/7939K, paused 2ms+3ms
D/NetUpdate( 2247): progressValue--->0
D/NetUpdate( 2247): mWriteSD--->true
D/NetUpdate( 2247): mBootCheckZipExist--->false
D/NetUpdate( 2247): progressValue--->0
D/NetUpdate( 2247): mWriteSD--->true
D/NetUpdate( 2247): mBootCheckZipExist--->false
E/CACHE   ( 1872): cleared
I/zomut.watchdog.monitor( 1872): initgather
I/zomut.watchdog.monitor( 1872): endgather
I/zomut.watchdog.monitor( 1872): init
I/zomut.watchdog.monitor( 1872): end
D/NetUpdate( 2247): progressValue--->0
D/NetUpdate( 2247): mWriteSD--->true
D/NetUpdate( 2247): mBootCheckZipExist--->false
D/NetUpdate( 2247): progressValue--->0
D/NetUpdate( 2247): mWriteSD--->true
D/NetUpdate( 2247): mBootCheckZipExist--->false
D/NetUpdate( 2247): progressValue--->0
D/NetUpdate( 2247): mWriteSD--->true
D/NetUpdate( 2247): mBootCheckZipExist--->false
D/NetUpdate( 2247): progressValue--->0
D/NetUpdate( 2247): mWriteSD--->true
D/NetUpdate( 2247): mBootCheckZipExist--->false
D/NetUpdate( 2247): progressValue--->0
D/NetUpdate( 2247): mWriteSD--->true
D/NetUpdate( 2247): mBootCheckZipExist--->false
D/NetUpdate( 2247): progressValue--->0
D/NetUpdate( 2247): mWriteSD--->true
D/NetUpdate( 2247): mBootCheckZipExist--->false
D/NetUpdate( 2247): progressValue--->0
D/NetUpdate( 2247): mWriteSD--->true
D/NetUpdate( 2247): mBootCheckZipExist--->false
D/NetUpdate( 2247): progressValue--->0
D/NetUpdate( 2247): mWriteSD--->true
D/NetUpdate( 2247): mBootCheckZipExist--->false
D/dalvikvm( 1657): GC_CONCURRENT freed 678K, 64% free 2865K/7939K, paused 2ms+3ms
D/HomePlayerLib( 1657): hostaddress count is 1
D/NetUpdate( 2247): progressValue--->0
D/NetUpdate( 2247): mWriteSD--->true
D/NetUpdate( 2247): mBootCheckZipExist--->false
D/dalvikvm( 1657): GC_CONCURRENT freed 752K, 64% free 2878K/7939K, paused 2ms+2ms
D/dalvikvm( 1657): GC_CONCURRENT freed 726K, 60% free 3242K/7939K, paused 2ms+3ms
D/NetUpdate( 2247): progressValue--->0
D/NetUpdate( 2247): mWriteSD--->true
D/NetUpdate( 2247): mBootCheckZipExist--->false
D/dalvikvm( 1657): GC_CONCURRENT freed 1188K, 60% free 3249K/7939K, paused 2ms+3ms
D/dalvikvm( 1657): GC_CONCURRENT freed 1220K, 64% free 2891K/7939K, paused 2ms+2ms
D/NetUpdate( 2247): progressValue--->0
D/NetUpdate( 2247): mWriteSD--->true
D/NetUpdate( 2247): mBootCheckZipExist--->false
D/NetUpdate( 2247): progressValue--->0
D/NetUpdate( 2247): mWriteSD--->true
D/NetUpdate( 2247): mBootCheckZipExist--->false
D/NetUpdate( 2247): progressValue--->0
D/NetUpdate( 2247): mWriteSD--->true
D/NetUpdate( 2247): mBootCheckZipExist--->false
D/NetUpdate( 2247): progressValue--->0
D/NetUpdate( 2247): mWriteSD--->true
D/NetUpdate( 2247): mBootCheckZipExist--->false
D/NetUpdate( 2247): progressValue--->0
D/NetUpdate( 2247): mWriteSD--->true
D/NetUpdate( 2247): mBootCheckZipExist--->false
D/NetUpdate( 2247): progressValue--->0
D/NetUpdate( 2247): mWriteSD--->true
D/NetUpdate( 2247): mBootCheckZipExist--->false
D/NetUpdate( 2247): progressValue--->0
D/NetUpdate( 2247): mWriteSD--->true
D/NetUpdate( 2247): mBootCheckZipExist--->false
D/NetUpdate( 2247): progressValue--->0
D/NetUpdate( 2247): mWriteSD--->true
D/NetUpdate( 2247): mBootCheckZipExist--->false
D/dalvikvm( 1657): GC_CONCURRENT freed 751K, 65% free 2840K/7939K, paused 2ms+2ms
D/NetUpdate( 2247): progressValue--->0
D/NetUpdate( 2247): mWriteSD--->true
D/NetUpdate( 2247): mBootCheckZipExist--->false
D/dalvikvm( 1657): GC_CONCURRENT freed 669K, 64% free 2867K/7939K, paused 3ms+2ms
D/NetUpdate( 2247): progressValue--->0
D/NetUpdate( 2247): mWriteSD--->true
D/NetUpdate( 2247): mBootCheckZipExist--->false
D/dalvikvm( 1657): GC_CONCURRENT freed 711K, 64% free 2869K/7939K, paused 3ms+3ms
D/NetUpdate( 2247): progressValue--->0
D/NetUpdate( 2247): mWriteSD--->true
D/NetUpdate( 2247): mBootCheckZipExist--->false
D/NetUpdate( 2247): progressValue--->0
D/NetUpdate( 2247): mWriteSD--->true
D/NetUpdate( 2247): mBootCheckZipExist--->false
D/NetUpdate( 2247): progressValue--->0
D/NetUpdate( 2247): mWriteSD--->true
D/NetUpdate( 2247): mBootCheckZipExist--->false
D/NetUpdate( 2247): progressValue--->0
D/NetUpdate( 2247): mWriteSD--->true
D/NetUpdate( 2247): mBootCheckZipExist--->false
D/NetUpdate( 2247): progressValue--->0
D/NetUpdate( 2247): mWriteSD--->true
D/NetUpdate( 2247): mBootCheckZipExist--->false
D/NetUpdate( 2247): progressValue--->0
D/NetUpdate( 2247): mWriteSD--->true
D/NetUpdate( 2247): mBootCheckZipExist--->false
D/NetUpdate( 2247): progressValue--->0
D/NetUpdate( 2247): mWriteSD--->true
D/NetUpdate( 2247): mBootCheckZipExist--->false
D/NetUpdate( 2247): progressValue--->0
D/NetUpdate( 2247): mWriteSD--->true
D/NetUpdate( 2247): mBootCheckZipExist--->false
D/NetUpdate( 2247): progressValue--->0
D/NetUpdate( 2247): mWriteSD--->true
D/NetUpdate( 2247): mBootCheckZipExist--->false
D/NetUpdate( 2247): progressValue--->0
D/NetUpdate( 2247): mWriteSD--->true
D/NetUpdate( 2247): mBootCheckZipExist--->false
D/NetUpdate( 2247): progressValue--->0
D/NetUpdate( 2247): mWriteSD--->true
D/NetUpdate( 2247): mBootCheckZipExist--->false
D/HomePlayerLib( 1657): hostaddress count is 1
D/dalvikvm( 1657): GC_CONCURRENT freed 722K, 65% free 2839K/7939K, paused 2ms+4ms
D/dalvikvm( 1657): GC_CONCURRENT freed 684K, 63% free 2957K/7939K, paused 2ms+3ms
D/dalvikvm( 1657): GC_CONCURRENT freed 784K, 63% free 2942K/7939K, paused 2ms+3ms
D/NetUpdate( 2247): progressValue--->0
D/NetUpdate( 2247): mWriteSD--->true
D/NetUpdate( 2247): mBootCheckZipExist--->false
D/dalvikvm( 1657): GC_CONCURRENT freed 805K, 62% free 3033K/7939K, paused 2ms+2ms
D/dalvikvm( 1657): GC_CONCURRENT freed 918K, 64% free 2870K/7939K, paused 2ms+12ms
D/NetUpdate( 2247): progressValue--->0
D/NetUpdate( 2247): mWriteSD--->true
D/NetUpdate( 2247): mBootCheckZipExist--->false
D/NetUpdate( 2247): progressValue--->0
D/NetUpdate( 2247): mWriteSD--->true
D/NetUpdate( 2247): mBootCheckZipExist--->false
D/NetUpdate( 2247): progressValue--->0
D/NetUpdate( 2247): mWriteSD--->true
D/NetUpdate( 2247): mBootCheckZipExist--->false
D/NetUpdate( 2247): progressValue--->0
D/NetUpdate( 2247): mWriteSD--->true
D/NetUpdate( 2247): mBootCheckZipExist--->false
D/dalvikvm( 1657): GC_CONCURRENT freed 709K, 64% free 2905K/7939K, paused 2ms+3ms
D/NetUpdate( 2247): progressValue--->0
D/NetUpdate( 2247): mWriteSD--->true
D/NetUpdate( 2247): mBootCheckZipExist--->false
D/dalvikvm( 1657): GC_CONCURRENT freed 770K, 65% free 2854K/7939K, paused 2ms+3ms
D/NetUpdate( 2247): progressValue--->0
D/NetUpdate( 2247): mWriteSD--->true
D/NetUpdate( 2247): mBootCheckZipExist--->false
D/dalvikvm( 1657): GC_CONCURRENT freed 679K, 64% free 2865K/7939K, paused 2ms+3ms
D/dalvikvm( 1657): GC_CONCURRENT freed 705K, 64% free 2865K/7939K, paused 2ms+3ms
D/dalvikvm( 1657): GC_CONCURRENT freed 704K, 64% free 2866K/7939K, paused 2ms+2ms
D/NetUpdate( 2247): progressValue--->0
D/NetUpdate( 2247): mWriteSD--->true
D/NetUpdate( 2247): mBootCheckZipExist--->false
D/dalvikvm( 1657): GC_CONCURRENT freed 704K, 63% free 2970K/7939K, paused 2ms+3ms
D/NetUpdate( 2247): progressValue--->0
D/NetUpdate( 2247): mWriteSD--->true
D/NetUpdate( 2247): mBootCheckZipExist--->false
D/dalvikvm( 1657): GC_CONCURRENT freed 854K, 64% free 2878K/7939K, paused 2ms+3ms
D/NetUpdate( 2247): progressValue--->0
D/NetUpdate( 2247): mWriteSD--->true
D/NetUpdate( 2247): mBootCheckZipExist--->false
D/NetUpdate( 2247): progressValue--->0
D/NetUpdate( 2247): mWriteSD--->true
D/NetUpdate( 2247): mBootCheckZipExist--->false
D/NetUpdate( 2247): progressValue--->0
D/NetUpdate( 2247): mWriteSD--->true
D/NetUpdate( 2247): mBootCheckZipExist--->false
D/NetUpdate( 2247): progressValue--->0
D/NetUpdate( 2247): mWriteSD--->true
D/NetUpdate( 2247): mBootCheckZipExist--->false
D/NetUpdate( 2247): progressValue--->0
D/NetUpdate( 2247): mWriteSD--->true
D/NetUpdate( 2247): mBootCheckZipExist--->false
D/NetUpdate( 2247): progressValue--->0
D/NetUpdate( 2247): mWriteSD--->true
D/NetUpdate( 2247): mBootCheckZipExist--->false
D/NetUpdate( 2247): progressValue--->0
D/NetUpdate( 2247): mWriteSD--->true
D/NetUpdate( 2247): mBootCheckZipExist--->false
D/NetUpdate( 2247): progressValue--->0
D/NetUpdate( 2247): mWriteSD--->true
D/NetUpdate( 2247): mBootCheckZipExist--->false
D/NetUpdate( 2247): progressValue--->0
D/NetUpdate( 2247): mWriteSD--->true
D/NetUpdate( 2247): mBootCheckZipExist--->false
D/NetUpdate( 2247): progressValue--->0
D/NetUpdate( 2247): mWriteSD--->true
D/NetUpdate( 2247): mBootCheckZipExist--->false
D/NetUpdate( 2247): progressValue--->0
D/NetUpdate( 2247): mWriteSD--->true
D/NetUpdate( 2247): mBootCheckZipExist--->false
D/NetUpdate( 2247): progressValue--->0
D/NetUpdate( 2247): mWriteSD--->true
D/NetUpdate( 2247): mBootCheckZipExist--->false
D/HomePlayerLib( 1657): hostaddress count is 1
D/dalvikvm( 1657): GC_CONCURRENT freed 727K, 64% free 2862K/7939K, paused 3ms+3ms
D/dalvikvm( 1657): GC_CONCURRENT freed 701K, 64% free 2866K/7939K, paused 2ms+3ms
D/NetUpdate( 2247): progressValue--->0
D/NetUpdate( 2247): mWriteSD--->true
D/NetUpdate( 2247): mBootCheckZipExist--->false
D/dalvikvm( 1657): GC_CONCURRENT freed 700K, 64% free 2869K/7939K, paused 2ms+3ms
D/dalvikvm( 1657): GC_CONCURRENT freed 714K, 64% free 2867K/7939K, paused 2ms+2ms
D/dalvikvm( 1657): GC_CONCURRENT freed 707K, 64% free 2866K/7939K, paused 2ms+2ms
D/dalvikvm( 1657): GC_CONCURRENT freed 707K, 64% free 2911K/7939K, paused 2ms+3ms
D/NetUpdate( 2247): progressValue--->0
D/NetUpdate( 2247): mWriteSD--->true
D/NetUpdate( 2247): mBootCheckZipExist--->false
D/NetUpdate( 2247): progressValue--->0
D/NetUpdate( 2247): mWriteSD--->true
D/NetUpdate( 2247): mBootCheckZipExist--->false
D/NetUpdate( 2247): progressValue--->0
D/NetUpdate( 2247): mWriteSD--->true
D/NetUpdate( 2247): mBootCheckZipExist--->false
D/NetUpdate( 2247): progressValue--->0
D/NetUpdate( 2247): mWriteSD--->true
D/NetUpdate( 2247): mBootCheckZipExist--->false
D/NetUpdate( 2247): progressValue--->0
D/NetUpdate( 2247): mWriteSD--->true
D/NetUpdate( 2247): mBootCheckZipExist--->false
D/NetUpdate( 2247): progressValue--->0
D/NetUpdate( 2247): mWriteSD--->true
D/NetUpdate( 2247): mBootCheckZipExist--->false
D/NetUpdate( 2247): progressValue--->0
D/NetUpdate( 2247): mWriteSD--->true
D/NetUpdate( 2247): mBootCheckZipExist--->false
D/NetUpdate( 2247): progressValue--->0
D/NetUpdate( 2247): mWriteSD--->true
D/NetUpdate( 2247): mBootCheckZipExist--->false
D/NetUpdate( 2247): progressValue--->0
D/NetUpdate( 2247): mWriteSD--->true
D/NetUpdate( 2247): mBootCheckZipExist--->false
D/NetUpdate( 2247): progressValue--->0
D/NetUpdate( 2247): mWriteSD--->true
D/NetUpdate( 2247): mBootCheckZipExist--->false
D/NetUpdate( 2247): progressValue--->0
D/NetUpdate( 2247): mWriteSD--->true
D/NetUpdate( 2247): mBootCheckZipExist--->false
D/NetUpdate( 2247): progressValue--->0
D/NetUpdate( 2247): mWriteSD--->true
D/NetUpdate( 2247): mBootCheckZipExist--->false
D/NetUpdate( 2247): progressValue--->0
D/NetUpdate( 2247): mWriteSD--->true
D/NetUpdate( 2247): mBootCheckZipExist--->false
D/NetUpdate( 2247): progressValue--->0
D/NetUpdate( 2247): mWriteSD--->true
D/NetUpdate( 2247): mBootCheckZipExist--->false
I/NetworkConnect( 2247): //////@Override//////@Override//////@Override//////@Override//////@Override//////@Override//////@Override//////@Override2
I/System  ( 2247): Failed to destroy process 2662
I/System  ( 2247): libcore.io.ErrnoException: kill failed: ESRCH (No such process)
I/System  ( 2247):      at libcore.io.Posix.kill(Native Method)
I/System  ( 2247):      at libcore.io.ForwardingOs.kill(ForwardingOs.java:77)
I/System  ( 2247):      at java.lang.ProcessManager$ProcessImpl.destroy(ProcessManager.java:257)
I/System  ( 2247):      at com.coship.dvbsetting.netsetting.quicksetservice.NetworkConnect.execueteCommand(NetworkConnect.java:167)
I/System  ( 2247):      at com.coship.dvbsetting.netsetting.quicksetservice.NetworkConnect.CheckNet(NetworkConnect.java:70)
I/System  ( 2247):      at com.coship.dvbsetting.netsetting.StateSet$2.run(StateSet.java:458)
I/System  ( 2247):      at java.lang.Thread.run(Thread.java:856)
I/StateSet( 2247): -----wifi------dhcpinfo.toString()=ipaddr 192.168.2.104 gateway 192.168.2.1 netmask 255.255.255.0 dns1 192.168.2.1 dns2 0.0.0.0 DHCP server 192.168.2.1 lease 7200 seconds
D/NetUpdate( 2247): progressValue--->0
D/NetUpdate( 2247): mWriteSD--->true
D/NetUpdate( 2247): mBootCheckZipExist--->false
E/fbdev   ( 1021): Attention! GFLIP time out, force update gop ring buffer!
D/NetUpdate( 2247): progressValue--->0
D/NetUpdate( 2247): mWriteSD--->true
D/NetUpdate( 2247): mBootCheckZipExist--->false
D/NetUpdate( 2247): progressValue--->0
D/NetUpdate( 2247): mWriteSD--->true
D/NetUpdate( 2247): mBootCheckZipExist--->false
D/NetUpdate( 2247): progressValue--->0
D/NetUpdate( 2247): mWriteSD--->true
D/NetUpdate( 2247): mBootCheckZipExist--->false
D/NetUpdate( 2247): progressValue--->0
D/NetUpdate( 2247): mWriteSD--->true
D/NetUpdate( 2247): mBootCheckZipExist--->false
D/HomePlayerLib( 1657): hostaddress count is 1
D/dalvikvm( 1657): GC_CONCURRENT freed 760K, 63% free 2989K/7939K, paused 2ms+2ms
D/dalvikvm( 1657): GC_CONCURRENT freed 862K, 63% free 2973K/7939K, paused 2ms+3ms
D/dalvikvm( 1657): GC_CONCURRENT freed 855K, 64% free 2923K/7939K, paused 2ms+2ms
D/NetUpdate( 2247): progressValue--->0
D/NetUpdate( 2247): mWriteSD--->true
D/NetUpdate( 2247): mBootCheckZipExist--->false
D/dalvikvm( 1657): GC_CONCURRENT freed 779K, 64% free 2884K/7939K, paused 2ms+3ms
D/dalvikvm( 1657): GC_CONCURRENT freed 719K, 64% free 2866K/7939K, paused 2ms+3ms
D/NetUpdate( 2247): progressValue--->0
D/NetUpdate( 2247): mWriteSD--->true
D/NetUpdate( 2247): mBootCheckZipExist--->false
D/NetUpdate( 2247): progressValue--->0
D/NetUpdate( 2247): mWriteSD--->true
D/NetUpdate( 2247): mBootCheckZipExist--->false
D/NetUpdate( 2247): progressValue--->0
D/NetUpdate( 2247): mWriteSD--->true
D/NetUpdate( 2247): mBootCheckZipExist--->false
D/dalvikvm( 1657): GC_CONCURRENT freed 705K, 64% free 2865K/7939K, paused 3ms+3ms
D/NetUpdate( 2247): progressValue--->0
D/NetUpdate( 2247): mWriteSD--->true
D/NetUpdate( 2247): mBootCheckZipExist--->false
D/dalvikvm( 1657): GC_CONCURRENT freed 704K, 64% free 2864K/7939K, paused 2ms+2ms
D/NetUpdate( 2247): progressValue--->0
D/NetUpdate( 2247): mWriteSD--->true
D/NetUpdate( 2247): mBootCheckZipExist--->false
D/dalvikvm( 1657): GC_CONCURRENT freed 704K, 64% free 2865K/7939K, paused 2ms+3ms
D/dalvikvm( 1657): GC_CONCURRENT freed 705K, 64% free 2865K/7939K, paused 2ms+2ms
D/dalvikvm( 1657): GC_CONCURRENT freed 704K, 64% free 2865K/7939K, paused 2ms+3ms
D/NetUpdate( 2247): progressValue--->0
D/NetUpdate( 2247): mWriteSD--->true
D/NetUpdate( 2247): mBootCheckZipExist--->false
D/dalvikvm( 1657): GC_CONCURRENT freed 704K, 64% free 2865K/7939K, paused 2ms+2ms
D/NetUpdate( 2247): progressValue--->0
D/NetUpdate( 2247): mWriteSD--->true
D/NetUpdate( 2247): mBootCheckZipExist--->false
D/dalvikvm( 1657): GC_CONCURRENT freed 705K, 64% free 2864K/7939K, paused 2ms+3ms
D/NetUpdate( 2247): progressValue--->0
D/NetUpdate( 2247): mWriteSD--->true
D/NetUpdate( 2247): mBootCheckZipExist--->false
D/NetUpdate( 2247): progressValue--->0
D/NetUpdate( 2247): mWriteSD--->true
D/NetUpdate( 2247): mBootCheckZipExist--->false
D/NetUpdate( 2247): progressValue--->0
D/NetUpdate( 2247): mWriteSD--->true
D/NetUpdate( 2247): mBootCheckZipExist--->false
D/NetUpdate( 2247): progressValue--->0
D/NetUpdate( 2247): mWriteSD--->true
D/NetUpdate( 2247): mBootCheckZipExist--->false
D/NetUpdate( 2247): progressValue--->0
D/NetUpdate( 2247): mWriteSD--->true
D/NetUpdate( 2247): mBootCheckZipExist--->false
D/NetUpdate( 2247): progressValue--->0
D/NetUpdate( 2247): mWriteSD--->true
D/NetUpdate( 2247): mBootCheckZipExist--->false
D/NetUpdate( 2247): progressValue--->0
D/NetUpdate( 2247): mWriteSD--->true
D/NetUpdate( 2247): mBootCheckZipExist--->false
D/NetUpdate( 2247): progressValue--->0
D/NetUpdate( 2247): mWriteSD--->true
D/NetUpdate( 2247): mBootCheckZipExist--->false
D/NetUpdate( 2247): progressValue--->0
D/NetUpdate( 2247): mWriteSD--->true
D/NetUpdate( 2247): mBootCheckZipExist--->false
D/NetUpdate( 2247): progressValue--->0
D/NetUpdate( 2247): mWriteSD--->true
D/NetUpdate( 2247): mBootCheckZipExist--->false
D/NetUpdate( 2247): progressValue--->0
D/NetUpdate( 2247): mWriteSD--->true
D/NetUpdate( 2247): mBootCheckZipExist--->false
D/NetUpdate( 2247): progressValue--->0
D/NetUpdate( 2247): mWriteSD--->true
D/NetUpdate( 2247): mBootCheckZipExist--->false
D/CheckNetWork( 1644): isOk true
D/CheckNetWork( 1644): ActInfoNetworkInfo: type: WIFI[], state: CONNECTED/CONNECTED, reason: (unspecified), extra: (none), roaming: false, failover: false, isAvailable: true
D/CheckNetWork( 1644): infoNetworkInfo: type: WIFI[], state: CONNECTED/CONNECTED, reason: (unspecified), extra: (none), roaming: false, failover: false, isAvailable: true
D/NetUpdate( 2247): progressValue--->0
D/NetUpdate( 2247): mWriteSD--->true
D/NetUpdate( 2247): mBootCheckZipExist--->false
D/dalvikvm( 1657): GC_CONCURRENT freed 738K, 64% free 2931K/7939K, paused 2ms+2ms
D/HomePlayerLib( 1657): hostaddress count is 1
D/dalvikvm( 1657): GC_CONCURRENT freed 806K, 64% free 2935K/7939K, paused 2ms+2ms
D/dalvikvm( 1657): GC_CONCURRENT freed 800K, 63% free 2973K/7939K, paused 2ms+3ms
D/dalvikvm( 1657): GC_CONCURRENT freed 845K, 64% free 2930K/7939K, paused 2ms+2ms
D/NetUpdate( 2247): progressValue--->0
D/NetUpdate( 2247): mWriteSD--->true
D/NetUpdate( 2247): mBootCheckZipExist--->false
D/dalvikvm( 1657): GC_CONCURRENT freed 787K, 64% free 2870K/7939K, paused 3ms+2ms
D/NetUpdate( 2247): progressValue--->0
D/NetUpdate( 2247): mWriteSD--->true
D/NetUpdate( 2247): mBootCheckZipExist--->false
D/dalvikvm( 1657): GC_CONCURRENT freed 720K, 64% free 2867K/7939K, paused 2ms+3ms
D/NetUpdate( 2247): progressValue--->0
D/NetUpdate( 2247): mWriteSD--->true
D/NetUpdate( 2247): mBootCheckZipExist--->false
D/NetUpdate( 2247): progressValue--->0
D/NetUpdate( 2247): mWriteSD--->true
D/NetUpdate( 2247): mBootCheckZipExist--->false
D/NetUpdate( 2247): progressValue--->0
D/NetUpdate( 2247): mWriteSD--->true
D/NetUpdate( 2247): mBootCheckZipExist--->false
D/NetUpdate( 2247): progressValue--->0
D/NetUpdate( 2247): mWriteSD--->true
D/NetUpdate( 2247): mBootCheckZipExist--->false
D/NetUpdate( 2247): progressValue--->0
D/NetUpdate( 2247): mWriteSD--->true
D/NetUpdate( 2247): mBootCheckZipExist--->false
D/NetUpdate( 2247): progressValue--->0
D/NetUpdate( 2247): mWriteSD--->true
D/NetUpdate( 2247): mBootCheckZipExist--->false
D/NetUpdate( 2247): progressValue--->0
D/NetUpdate( 2247): mWriteSD--->true
D/NetUpdate( 2247): mBootCheckZipExist--->false
D/NetUpdate( 2247): progressValue--->0
D/NetUpdate( 2247): mWriteSD--->true
D/NetUpdate( 2247): mBootCheckZipExist--->false
D/NetUpdate( 2247): progressValue--->0
D/NetUpdate( 2247): mWriteSD--->true
D/NetUpdate( 2247): mBootCheckZipExist--->false
D/NetUpdate( 2247): progressValue--->0
D/NetUpdate( 2247): mWriteSD--->true
D/NetUpdate( 2247): mBootCheckZipExist--->false
D/NetUpdate( 2247): progressValue--->0
D/NetUpdate( 2247): mWriteSD--->true
D/NetUpdate( 2247): mBootCheckZipExist--->false
D/NetUpdate( 2247): progressValue--->0
D/NetUpdate( 2247): mWriteSD--->true
D/NetUpdate( 2247): mBootCheckZipExist--->false
D/dalvikvm( 1657): GC_CONCURRENT freed 698K, 64% free 2869K/7939K, paused 2ms+3ms
D/NetUpdate( 2247): progressValue--->0
D/NetUpdate( 2247): mWriteSD--->true
D/NetUpdate( 2247): mBootCheckZipExist--->false
D/NetUpdate( 2247): progressValue--->0
D/NetUpdate( 2247): mWriteSD--->true
D/NetUpdate( 2247): mBootCheckZipExist--->false
D/NetUpdate( 2247): progressValue--->0
D/NetUpdate( 2247): mWriteSD--->true
D/NetUpdate( 2247): mBootCheckZipExist--->false
D/NetUpdate( 2247): progressValue--->0
D/NetUpdate( 2247): mWriteSD--->true
D/NetUpdate( 2247): mBootCheckZipExist--->false
D/NetUpdate( 2247): progressValue--->0
D/NetUpdate( 2247): mWriteSD--->true
D/NetUpdate( 2247): mBootCheckZipExist--->false
D/NetUpdate( 2247): progressValue--->0
D/NetUpdate( 2247): mWriteSD--->true
D/NetUpdate( 2247): mBootCheckZipExist--->false
D/NetUpdate( 2247): progressValue--->0
D/NetUpdate( 2247): mWriteSD--->true
D/NetUpdate( 2247): mBootCheckZipExist--->false
D/NetUpdate( 2247): progressValue--->0
D/NetUpdate( 2247): mWriteSD--->true
D/NetUpdate( 2247): mBootCheckZipExist--->false
D/dalvikvm( 1657): GC_CONCURRENT freed 707K, 64% free 2865K/7939K, paused 3ms+2ms
D/HomePlayerLib( 1657): hostaddress count is 1
D/dalvikvm( 1657): GC_CONCURRENT freed 713K, 64% free 2861K/7939K, paused 2ms+3ms
D/dalvikvm( 1657): GC_CONCURRENT freed 701K, 64% free 2859K/7939K, paused 2ms+2ms
D/dalvikvm( 1657): GC_CONCURRENT freed 702K, 63% free 3006K/7939K, paused 2ms+3ms
D/NetUpdate( 2247): progressValue--->0
D/NetUpdate( 2247): mWriteSD--->true
D/NetUpdate( 2247): mBootCheckZipExist--->false
D/dalvikvm( 1657): GC_CONCURRENT freed 876K, 64% free 2868K/7939K, paused 2ms+2ms
D/NetUpdate( 2247): progressValue--->0
D/NetUpdate( 2247): mWriteSD--->true
D/NetUpdate( 2247): mBootCheckZipExist--->false
D/dalvikvm( 1657): GC_CONCURRENT freed 711K, 63% free 2970K/7939K, paused 1ms+3ms
E/CACHE   ( 1872): cleared
I/zomut.watchdog.monitor( 1872): initgather
I/zomut.watchdog.monitor( 1872): endgather
I/zomut.watchdog.monitor( 1872): init
D/dalvikvm( 1872): GC_CONCURRENT freed 1941K, 46% free 6867K/12611K, paused 2ms+14ms
I/zomut.watchdog.monitor( 1872): end
D/dalvikvm( 1657): GC_CONCURRENT freed 851K, 63% free 2968K/7939K, paused 2ms+3ms
D/NetUpdate( 2247): progressValue--->0
D/NetUpdate( 2247): mWriteSD--->true
D/NetUpdate( 2247): mBootCheckZipExist--->false
D/dalvikvm( 1657): GC_CONCURRENT freed 841K, 64% free 2870K/7939K, paused 2ms+3ms
D/NetUpdate( 2247): progressValue--->0
D/NetUpdate( 2247): mWriteSD--->true
D/NetUpdate( 2247): mBootCheckZipExist--->false
D/dalvikvm( 1657): GC_CONCURRENT freed 705K, 64% free 2870K/7939K, paused 2ms+2ms
D/dalvikvm( 1657): GC_CONCURRENT freed 704K, 64% free 2870K/7939K, paused 2ms+2ms
D/dalvikvm( 1657): GC_CONCURRENT freed 705K, 64% free 2870K/7939K, paused 2ms+2ms
D/NetUpdate( 2247): progressValue--->0
D/NetUpdate( 2247): mWriteSD--->true
D/NetUpdate( 2247): mBootCheckZipExist--->false
D/dalvikvm( 1657): GC_CONCURRENT freed 704K, 64% free 2870K/7939K, paused 2ms+3ms
D/NetUpdate( 2247): progressValue--->0
D/NetUpdate( 2247): mWriteSD--->true
D/NetUpdate( 2247): mBootCheckZipExist--->false
D/dalvikvm( 1657): GC_CONCURRENT freed 721K, 64% free 2872K/7939K, paused 2ms+3ms
D/NetUpdate( 2247): progressValue--->0
D/NetUpdate( 2247): mWriteSD--->true
D/NetUpdate( 2247): mBootCheckZipExist--->false
D/NetUpdate( 2247): progressValue--->0
D/NetUpdate( 2247): mWriteSD--->true
D/NetUpdate( 2247): mBootCheckZipExist--->false
D/NetUpdate( 2247): progressValue--->0
D/NetUpdate( 2247): mWriteSD--->true
D/NetUpdate( 2247): mBootCheckZipExist--->false
D/NetUpdate( 2247): progressValue--->0
D/NetUpdate( 2247): mWriteSD--->true
D/NetUpdate( 2247): mBootCheckZipExist--->false
D/NetUpdate( 2247): progressValue--->0
D/NetUpdate( 2247): mWriteSD--->true
D/NetUpdate( 2247): mBootCheckZipExist--->false
D/NetUpdate( 2247): progressValue--->0
D/NetUpdate( 2247): mWriteSD--->true
D/NetUpdate( 2247): mBootCheckZipExist--->false
D/NetUpdate( 2247): progressValue--->0
D/NetUpdate( 2247): mWriteSD--->true
D/NetUpdate( 2247): mBootCheckZipExist--->false
D/NetUpdate( 2247): progressValue--->0
D/NetUpdate( 2247): mWriteSD--->true
D/NetUpdate( 2247): mBootCheckZipExist--->false
D/NetUpdate( 2247): progressValue--->0
D/NetUpdate( 2247): mWriteSD--->true
D/NetUpdate( 2247): mBootCheckZipExist--->false
D/NetUpdate( 2247): progressValue--->0
D/NetUpdate( 2247): mWriteSD--->true
D/NetUpdate( 2247): mBootCheckZipExist--->false
D/PushMsgCenter( 1613): mDownUpRun run while (true)
D/PushMsgCenter( 1613): down  
D/dalvikvm( 1657): GC_CONCURRENT freed 699K, 64% free 2914K/7939K, paused 2ms+3ms
D/NetUpdate( 2247): progressValue--->0
D/NetUpdate( 2247): mWriteSD--->true
D/NetUpdate( 2247): mBootCheckZipExist--->false
D/NetUpdate( 2247): progressValue--->0
D/NetUpdate( 2247): mWriteSD--->true
D/NetUpdate( 2247): mBootCheckZipExist--->false
D/NetUpdate( 2247): progressValue--->0
D/NetUpdate( 2247): mWriteSD--->true
D/NetUpdate( 2247): mBootCheckZipExist--->false
D/NetUpdate( 2247): progressValue--->0
D/NetUpdate( 2247): mWriteSD--->true
D/NetUpdate( 2247): mBootCheckZipExist--->false
D/NetUpdate( 2247): progressValue--->0
D/NetUpdate( 2247): mWriteSD--->true
D/NetUpdate( 2247): mBootCheckZipExist--->false
D/HomePlayerLib( 1657): hostaddress count is 1
D/dalvikvm( 1657): GC_CONCURRENT freed 763K, 63% free 2982K/7939K, paused 2ms+2ms
D/dalvikvm( 1657): GC_CONCURRENT freed 863K, 63% free 2973K/7939K, paused 2ms+2ms
D/NetUpdate( 2247): progressValue--->0
D/NetUpdate( 2247): mWriteSD--->true
D/NetUpdate( 2247): mBootCheckZipExist--->false
D/dalvikvm( 1657): GC_CONCURRENT freed 863K, 63% free 3000K/7939K, paused 2ms+2ms
D/dalvikvm( 1657): GC_CONCURRENT freed 879K, 63% free 2992K/7939K, paused 2ms+2ms
D/dalvikvm( 1657): GC_CONCURRENT freed 882K, 65% free 2842K/7939K, paused 2ms+2ms
D/NetUpdate( 2247): progressValue--->0
D/NetUpdate( 2247): mWriteSD--->true
D/NetUpdate( 2247): mBootCheckZipExist--->false
D/NetUpdate( 2247): progressValue--->0
D/NetUpdate( 2247): mWriteSD--->true
D/NetUpdate( 2247): mBootCheckZipExist--->false
D/NetUpdate( 2247): progressValue--->0
D/NetUpdate( 2247): mWriteSD--->true
D/NetUpdate( 2247): mBootCheckZipExist--->false
D/NetUpdate( 2247): progressValue--->0
D/NetUpdate( 2247): mWriteSD--->true
D/NetUpdate( 2247): mBootCheckZipExist--->false
D/NetUpdate( 2247): progressValue--->0
D/NetUpdate( 2247): mWriteSD--->true
D/NetUpdate( 2247): mBootCheckZipExist--->false
D/NetUpdate( 2247): progressValue--->0
D/NetUpdate( 2247): mWriteSD--->true
D/NetUpdate( 2247): mBootCheckZipExist--->false
D/NetUpdate( 2247): progressValue--->0
D/NetUpdate( 2247): mWriteSD--->true
D/NetUpdate( 2247): mBootCheckZipExist--->false
D/NetUpdate( 2247): progressValue--->0
D/NetUpdate( 2247): mWriteSD--->true
D/NetUpdate( 2247): mBootCheckZipExist--->false
D/NetUpdate( 2247): progressValue--->0
D/NetUpdate( 2247): mWriteSD--->true
D/NetUpdate( 2247): mBootCheckZipExist--->false
D/NetUpdate( 2247): progressValue--->0
D/NetUpdate( 2247): mWriteSD--->true
D/NetUpdate( 2247): mBootCheckZipExist--->false
D/NetUpdate( 2247): progressValue--->0
D/NetUpdate( 2247): mWriteSD--->true
D/NetUpdate( 2247): mBootCheckZipExist--->false
D/NetUpdate( 2247): progressValue--->0
D/NetUpdate( 2247): mWriteSD--->true
D/NetUpdate( 2247): mBootCheckZipExist--->false
D/NetUpdate( 2247): progressValue--->0
D/NetUpdate( 2247): mWriteSD--->true
D/NetUpdate( 2247): mBootCheckZipExist--->false
D/NetUpdate( 2247): progressValue--->0
D/NetUpdate( 2247): mWriteSD--->true
D/NetUpdate( 2247): mBootCheckZipExist--->false
D/NetUpdate( 2247): progressValue--->0
D/NetUpdate( 2247): mWriteSD--->true
D/NetUpdate( 2247): mBootCheckZipExist--->false
D/NetUpdate( 2247): progressValue--->0
D/NetUpdate( 2247): mWriteSD--->true
D/NetUpdate( 2247): mBootCheckZipExist--->false
D/NetUpdate( 2247): progressValue--->0
D/NetUpdate( 2247): mWriteSD--->true
D/NetUpdate( 2247): mBootCheckZipExist--->false
D/NetUpdate( 2247): progressValue--->0
D/NetUpdate( 2247): mWriteSD--->true
D/NetUpdate( 2247): mBootCheckZipExist--->false
D/NetUpdate( 2247): progressValue--->0
D/NetUpdate( 2247): mWriteSD--->true
D/NetUpdate( 2247): mBootCheckZipExist--->false
D/NetUpdate( 2247): progressValue--->0
D/NetUpdate( 2247): mWriteSD--->true
D/NetUpdate( 2247): mBootCheckZipExist--->false
D/NetUpdate( 2247): progressValue--->0
D/NetUpdate( 2247): mWriteSD--->true
D/NetUpdate( 2247): mBootCheckZipExist--->false
D/dalvikvm( 1657): GC_CONCURRENT freed 664K, 64% free 2862K/7939K, paused 2ms+2ms
D/HomePlayerLib( 1657): hostaddress count is 1
D/dalvikvm( 1657): GC_CONCURRENT freed 725K, 64% free 2930K/7939K, paused 2ms+3ms
D/NetUpdate( 2247): progressValue--->0
D/NetUpdate( 2247): mWriteSD--->true
D/NetUpdate( 2247): mBootCheckZipExist--->false
D/dalvikvm( 1657): GC_CONCURRENT freed 791K, 62% free 3089K/7939K, paused 2ms+2ms
D/dalvikvm( 1657): GC_CONCURRENT freed 985K, 64% free 2872K/7939K, paused 2ms+3ms
D/dalvikvm( 1657): GC_CONCURRENT freed 707K, 64% free 2867K/7939K, paused 2ms+3ms
D/NetUpdate( 2247): progressValue--->0
D/NetUpdate( 2247): mWriteSD--->true
D/NetUpdate( 2247): mBootCheckZipExist--->false
D/dalvikvm( 1657): GC_CONCURRENT freed 716K, 64% free 2866K/7939K, paused 2ms+3ms
D/NetUpdate( 2247): progressValue--->0
D/NetUpdate( 2247): mWriteSD--->true
D/NetUpdate( 2247): mBootCheckZipExist--->false
D/dalvikvm( 1657): GC_CONCURRENT freed 707K, 64% free 2905K/7939K, paused 2ms+3ms
D/dalvikvm( 1657): GC_CONCURRENT freed 745K, 64% free 2864K/7939K, paused 2ms+2ms
D/dalvikvm( 1657): GC_CONCURRENT freed 705K, 64% free 2864K/7939K, paused 2ms+2ms
D/NetUpdate( 2247): progressValue--->0
D/NetUpdate( 2247): mWriteSD--->true
D/NetUpdate( 2247): mBootCheckZipExist--->false
D/dalvikvm( 1657): GC_CONCURRENT freed 704K, 64% free 2865K/7939K, paused 2ms+2ms
D/NetUpdate( 2247): progressValue--->0
D/NetUpdate( 2247): mWriteSD--->true
D/NetUpdate( 2247): mBootCheckZipExist--->false
D/dalvikvm( 1657): GC_CONCURRENT freed 704K, 64% free 2863K/7939K, paused 2ms+2ms
D/dalvikvm( 1657): GC_CONCURRENT freed 705K, 64% free 2864K/7939K, paused 2ms+2ms
D/NetUpdate( 2247): progressValue--->0
D/NetUpdate( 2247): mWriteSD--->true
D/NetUpdate( 2247): mBootCheckZipExist--->false
D/NetUpdate( 2247): progressValue--->0
D/NetUpdate( 2247): mWriteSD--->true
D/NetUpdate( 2247): mBootCheckZipExist--->false
D/NetUpdate( 2247): progressValue--->0
D/NetUpdate( 2247): mWriteSD--->true
D/NetUpdate( 2247): mBootCheckZipExist--->false
D/NetUpdate( 2247): progressValue--->0
D/NetUpdate( 2247): mWriteSD--->true
D/NetUpdate( 2247): mBootCheckZipExist--->false
D/NetUpdate( 2247): progressValue--->0
D/NetUpdate( 2247): mWriteSD--->true
D/NetUpdate( 2247): mBootCheckZipExist--->false
D/NetUpdate( 2247): progressValue--->0
D/NetUpdate( 2247): mWriteSD--->true
D/NetUpdate( 2247): mBootCheckZipExist--->false
D/NetUpdate( 2247): progressValue--->0
D/NetUpdate( 2247): mWriteSD--->true
D/NetUpdate( 2247): mBootCheckZipExist--->false
D/NetUpdate( 2247): progressValue--->0
D/NetUpdate( 2247): mWriteSD--->true
D/NetUpdate( 2247): mBootCheckZipExist--->false
D/NetUpdate( 2247): progressValue--->0
D/NetUpdate( 2247): mWriteSD--->true
D/NetUpdate( 2247): mBootCheckZipExist--->false
D/NetUpdate( 2247): progressValue--->0
D/NetUpdate( 2247): mWriteSD--->true
D/NetUpdate( 2247): mBootCheckZipExist--->false
D/NetUpdate( 2247): progressValue--->0
D/NetUpdate( 2247): mWriteSD--->true
D/NetUpdate( 2247): mBootCheckZipExist--->false
D/NetUpdate( 2247): progressValue--->0
D/NetUpdate( 2247): mWriteSD--->true
D/NetUpdate( 2247): mBootCheckZipExist--->false
D/NetUpdate( 2247): progressValue--->0
D/NetUpdate( 2247): mWriteSD--->true
D/NetUpdate( 2247): mBootCheckZipExist--->false
D/NetUpdate( 2247): progressValue--->0
D/NetUpdate( 2247): mWriteSD--->true
D/NetUpdate( 2247): mBootCheckZipExist--->false
D/NetUpdate( 2247): progressValue--->0
D/NetUpdate( 2247): mWriteSD--->true
D/NetUpdate( 2247): mBootCheckZipExist--->false
D/NetUpdate( 2247): progressValue--->0
D/NetUpdate( 2247): mWriteSD--->true
D/NetUpdate( 2247): mBootCheckZipExist--->false
D/dalvikvm( 1657): GC_CONCURRENT freed 712K, 64% free 2874K/7939K, paused 2ms+3ms
D/HomePlayerLib( 1657): hostaddress count is 1
D/NetUpdate( 2247): progressValue--->0
D/NetUpdate( 2247): mWriteSD--->true
D/NetUpdate( 2247): mBootCheckZipExist--->false
D/dalvikvm( 1657): GC_CONCURRENT freed 709K, 64% free 2862K/7939K, paused 3ms+2ms
D/dalvikvm( 1657): GC_CONCURRENT freed 702K, 64% free 2878K/7939K, paused 2ms+3ms
D/NetUpdate( 2247): progressValue--->0
D/NetUpdate( 2247): mWriteSD--->true
D/NetUpdate( 2247): mBootCheckZipExist--->false
D/dalvikvm( 1657): GC_CONCURRENT freed 714K, 64% free 2883K/7939K, paused 2ms+3ms
D/dalvikvm( 1657): GC_CONCURRENT freed 716K, 63% free 2991K/7939K, paused 2ms+3ms
D/dalvikvm( 1657): GC_CONCURRENT freed 870K, 64% free 2871K/7939K, paused 2ms+3ms
D/NetUpdate( 2247): progressValue--->0
D/NetUpdate( 2247): mWriteSD--->true
D/NetUpdate( 2247): mBootCheckZipExist--->false
D/NetUpdate( 2247): progressValue--->0
D/NetUpdate( 2247): mWriteSD--->true
D/NetUpdate( 2247): mBootCheckZipExist--->false
D/NetUpdate( 2247): progressValue--->0
D/NetUpdate( 2247): mWriteSD--->true
D/NetUpdate( 2247): mBootCheckZipExist--->false
D/NetUpdate( 2247): progressValue--->0
D/NetUpdate( 2247): mWriteSD--->true
D/NetUpdate( 2247): mBootCheckZipExist--->false
D/NetUpdate( 2247): progressValue--->0
D/NetUpdate( 2247): mWriteSD--->true
D/NetUpdate( 2247): mBootCheckZipExist--->false
D/NetUpdate( 2247): progressValue--->0
D/NetUpdate( 2247): mWriteSD--->true
D/NetUpdate( 2247): mBootCheckZipExist--->false
D/NetUpdate( 2247): progressValue--->0
D/NetUpdate( 2247): mWriteSD--->true
D/NetUpdate( 2247): mBootCheckZipExist--->false
D/NetUpdate( 2247): progressValue--->0
D/NetUpdate( 2247): mWriteSD--->true
D/NetUpdate( 2247): mBootCheckZipExist--->false
D/NetUpdate( 2247): progressValue--->0
D/NetUpdate( 2247): mWriteSD--->true
D/NetUpdate( 2247): mBootCheckZipExist--->false
D/NetUpdate( 2247): progressValue--->0
D/NetUpdate( 2247): mWriteSD--->true
D/NetUpdate( 2247): mBootCheckZipExist--->false
D/NetUpdate( 2247): progressValue--->0
D/NetUpdate( 2247): mWriteSD--->true
D/NetUpdate( 2247): mBootCheckZipExist--->false
D/NetUpdate( 2247): progressValue--->0
D/NetUpdate( 2247): mWriteSD--->true
D/NetUpdate( 2247): mBootCheckZipExist--->false
D/NetUpdate( 2247): progressValue--->0
D/NetUpdate( 2247): mWriteSD--->true
D/NetUpdate( 2247): mBootCheckZipExist--->false
D/NetUpdate( 2247): progressValue--->0
D/NetUpdate( 2247): mWriteSD--->true
D/NetUpdate( 2247): mBootCheckZipExist--->false
D/NetUpdate( 2247): progressValue--->0
D/NetUpdate( 2247): mWriteSD--->true
D/NetUpdate( 2247): mBootCheckZipExist--->false
D/NetUpdate( 2247): progressValue--->0
D/NetUpdate( 2247): mWriteSD--->true
D/NetUpdate( 2247): mBootCheckZipExist--->false
D/NetUpdate( 2247): progressValue--->0
D/NetUpdate( 2247): mWriteSD--->true
D/NetUpdate( 2247): mBootCheckZipExist--->false
D/NetUpdate( 2247): progressValue--->0
D/NetUpdate( 2247): mWriteSD--->true
D/NetUpdate( 2247): mBootCheckZipExist--->false
D/NetUpdate( 2247): progressValue--->0
D/NetUpdate( 2247): mWriteSD--->true
D/NetUpdate( 2247): mBootCheckZipExist--->false
D/NetUpdate( 2247): progressValue--->0
D/NetUpdate( 2247): mWriteSD--->true
D/NetUpdate( 2247): mBootCheckZipExist--->false
D/dalvikvm( 1657): GC_CONCURRENT freed 706K, 64% free 2870K/7939K, paused 2ms+3ms
D/HomePlayerLib( 1657): hostaddress count is 1
D/dalvikvm( 1657): GC_CONCURRENT freed 721K, 63% free 2966K/7939K, paused 2ms+2ms
D/dalvikvm( 1657): GC_CONCURRENT freed 836K, 64% free 2910K/7939K, paused 2ms+3ms
D/NetUpdate( 2247): progressValue--->0
D/NetUpdate( 2247): mWriteSD--->true
D/NetUpdate( 2247): mBootCheckZipExist--->false
D/dalvikvm( 1657): GC_CONCURRENT freed 771K, 64% free 2882K/7939K, paused 2ms+2ms
D/dalvikvm( 1657): GC_CONCURRENT freed 718K, 63% free 2969K/7939K, paused 2ms+3ms
D/NetUpdate( 2247): progressValue--->0
D/NetUpdate( 2247): mWriteSD--->true
D/NetUpdate( 2247): mBootCheckZipExist--->false
D/dalvikvm( 1657): GC_CONCURRENT freed 847K, 63% free 2971K/7939K, paused 2ms+2ms
D/dalvikvm( 1657): GC_CONCURRENT freed 843K, 63% free 2972K/7939K, paused 2ms+2ms
D/NetUpdate( 2247): progressValue--->0
D/NetUpdate( 2247): mWriteSD--->true
D/NetUpdate( 2247): mBootCheckZipExist--->false
D/dalvikvm( 1657): GC_CONCURRENT freed 856K, 64% free 2885K/7939K, paused 2ms+2ms
D/NetUpdate( 2247): progressValue--->0
D/NetUpdate( 2247): mWriteSD--->true
D/NetUpdate( 2247): mBootCheckZipExist--->false
D/dalvikvm( 1657): GC_CONCURRENT freed 719K, 64% free 2870K/7939K, paused 2ms+2ms
D/dalvikvm( 1657): GC_CONCURRENT freed 706K, 64% free 2870K/7939K, paused 2ms+2ms
D/dalvikvm( 1657): GC_CONCURRENT freed 704K, 64% free 2870K/7939K, paused 2ms+2ms
D/NetUpdate( 2247): progressValue--->0
D/NetUpdate( 2247): mWriteSD--->true
D/NetUpdate( 2247): mBootCheckZipExist--->false
D/dalvikvm( 1657): GC_CONCURRENT freed 706K, 64% free 2870K/7939K, paused 2ms+2ms
D/NetUpdate( 2247): progressValue--->0
D/NetUpdate( 2247): mWriteSD--->true
D/NetUpdate( 2247): mBootCheckZipExist--->false
D/NetUpdate( 2247): progressValue--->0
D/NetUpdate( 2247): mWriteSD--->true
D/NetUpdate( 2247): mBootCheckZipExist--->false
D/NetUpdate( 2247): progressValue--->0
D/NetUpdate( 2247): mWriteSD--->true
D/NetUpdate( 2247): mBootCheckZipExist--->false
D/NetUpdate( 2247): progressValue--->0
D/NetUpdate( 2247): mWriteSD--->true
D/NetUpdate( 2247): mBootCheckZipExist--->false
W/System.err( 1613): java.net.UnknownHostException: Unable to resolve host "vitv.voicecloud.cn": No address associated with hostname
W/System.err( 1613):    at java.net.InetAddress.lookupHostByName(InetAddress.java:426)
W/System.err( 1613):    at java.net.InetAddress.getAllByNameImpl(InetAddress.java:242)
W/System.err( 1613):    at java.net.InetAddress.getAllByName(InetAddress.java:220)
W/System.err( 1613):    at libcore.net.http.HttpConnection.<init>(HttpConnection.java:71)
W/System.err( 1613):    at libcore.net.http.HttpConnection.<init>(HttpConnection.java:50)
W/System.err( 1613):    at libcore.net.http.HttpConnection$Address.connect(HttpConnection.java:351)
W/System.err( 1613):    at libcore.net.http.HttpConnectionPool.get(HttpConnectionPool.java:86)
W/System.err( 1613):    at libcore.net.http.HttpConnection.connect(HttpConnection.java:128)
W/System.err( 1613):    at libcore.net.http.HttpEngine.openSocketConnection(HttpEngine.java:308)
W/System.err( 1613):    at libcore.net.http.HttpEngine.connect(HttpEngine.java:303)
W/System.err( 1613):    at libcore.net.http.HttpEngine.sendSocketRequest(HttpEngine.java:282)
W/System.err( 1613):    at libcore.net.http.HttpEngine.sendRequest(HttpEngine.java:232)
W/System.err( 1613):    at libcore.net.http.HttpURLConnectionImpl.getResponse(HttpURLConnectionImpl.java:273)
W/System.err( 1613):    at libcore.net.http.HttpURLConnectionImpl.getResponseCode(HttpURLConnectionImpl.java:479)
W/System.err( 1613):    at com.iflytek.push.PushMsgCenter.down(PushMsgCenter.java:270)
W/System.err( 1613):    at com.iflytek.push.PushMsgCenter.access$500(PushMsgCenter.java:37)
W/System.err( 1613):    at com.iflytek.push.PushMsgCenter$2.run(PushMsgCenter.java:175)
W/System.err( 1613):    at java.lang.Thread.run(Thread.java:856)
W/System.err( 1613): Caused by: libcore.io.GaiException: getaddrinfo failed: EAI_NODATA (No address associated with hostname)
W/System.err( 1613):    at libcore.io.Posix.getaddrinfo(Native Method)
W/System.err( 1613):    at libcore.io.ForwardingOs.getaddrinfo(ForwardingOs.java:55)
W/System.err( 1613):    at java.net.InetAddress.lookupHostByName(InetAddress.java:411)
W/System.err( 1613):    ... 17 more
D/NetUpdate( 2247): progressValue--->0
D/NetUpdate( 2247): mWriteSD--->true
D/NetUpdate( 2247): mBootCheckZipExist--->false
D/NetUpdate( 2247): progressValue--->0
D/NetUpdate( 2247): mWriteSD--->true
D/NetUpdate( 2247): mBootCheckZipExist--->false
D/CheckNetWork( 1644): isOk true
D/CheckNetWork( 1644): ActInfoNetworkInfo: type: WIFI[], state: CONNECTED/CONNECTED, reason: (unspecified), extra: (none), roaming: false, failover: false, isAvailable: true
D/CheckNetWork( 1644): infoNetworkInfo: type: WIFI[], state: CONNECTED/CONNECTED, reason: (unspecified), extra: (none), roaming: false, failover: false, isAvailable: true
D/NetUpdate( 2247): progressValue--->0
D/NetUpdate( 2247): mWriteSD--->true
D/NetUpdate( 2247): mBootCheckZipExist--->false
D/NetUpdate( 2247): progressValue--->0
D/NetUpdate( 2247): mWriteSD--->true
D/NetUpdate( 2247): mBootCheckZipExist--->false
D/NetUpdate( 2247): progressValue--->0
D/NetUpdate( 2247): mWriteSD--->true
D/NetUpdate( 2247): mBootCheckZipExist--->false
D/NetUpdate( 2247): progressValue--->0
D/NetUpdate( 2247): mWriteSD--->true
D/NetUpdate( 2247): mBootCheckZipExist--->false
D/NetUpdate( 2247): progressValue--->0
D/NetUpdate( 2247): mWriteSD--->true
D/NetUpdate( 2247): mBootCheckZipExist--->false
D/NetUpdate( 2247): progressValue--->0
D/NetUpdate( 2247): mWriteSD--->true
D/NetUpdate( 2247): mBootCheckZipExist--->false
D/NetUpdate( 2247): progressValue--->0
D/NetUpdate( 2247): mWriteSD--->true
D/NetUpdate( 2247): mBootCheckZipExist--->false
D/NetUpdate( 2247): progressValue--->0
D/NetUpdate( 2247): mWriteSD--->true
D/NetUpdate( 2247): mBootCheckZipExist--->false
D/NetUpdate( 2247): progressValue--->0
D/NetUpdate( 2247): mWriteSD--->true
D/NetUpdate( 2247): mBootCheckZipExist--->false
D/NetUpdate( 2247): progressValue--->0
D/NetUpdate( 2247): mWriteSD--->true
D/NetUpdate( 2247): mBootCheckZipExist--->false
D/HomePlayerLib( 1657): hostaddress count is 1
D/NetUpdate( 2247): progressValue--->0
D/NetUpdate( 2247): mWriteSD--->true
D/NetUpdate( 2247): mBootCheckZipExist--->false
D/dalvikvm( 1657): GC_CONCURRENT freed 719K, 63% free 2941K/7939K, paused 1ms+3ms
D/dalvikvm( 1657): GC_CONCURRENT freed 809K, 64% free 2878K/7939K, paused 2ms+3ms
D/dalvikvm( 1657): GC_CONCURRENT freed 713K, 64% free 2884K/7939K, paused 2ms+2ms
D/dalvikvm( 1657): GC_CONCURRENT freed 733K, 63% free 2987K/7939K, paused 2ms+2ms
D/NetUpdate( 2247): progressValue--->0
D/NetUpdate( 2247): mWriteSD--->true
D/NetUpdate( 2247): mBootCheckZipExist--->false
D/dalvikvm( 1657): GC_CONCURRENT freed 875K, 65% free 2857K/7939K, paused 2ms+2ms
D/dalvikvm( 1657): GC_CONCURRENT freed 684K, 64% free 2871K/7939K, paused 2ms+2ms
D/NetUpdate( 2247): progressValue--->0
D/NetUpdate( 2247): mWriteSD--->true
D/NetUpdate( 2247): mBootCheckZipExist--->false
D/NetUpdate( 2247): progressValue--->0
D/NetUpdate( 2247): mWriteSD--->true
D/NetUpdate( 2247): mBootCheckZipExist--->false
D/NetUpdate( 2247): progressValue--->0
D/NetUpdate( 2247): mWriteSD--->true
D/NetUpdate( 2247): mBootCheckZipExist--->false
D/NetUpdate( 2247): progressValue--->0
D/NetUpdate( 2247): mWriteSD--->true
D/NetUpdate( 2247): mBootCheckZipExist--->false
D/NetUpdate( 2247): progressValue--->0
D/NetUpdate( 2247): mWriteSD--->true
D/NetUpdate( 2247): mBootCheckZipExist--->false
D/NetUpdate( 2247): progressValue--->0
D/NetUpdate( 2247): mWriteSD--->true
D/NetUpdate( 2247): mBootCheckZipExist--->false
D/NetUpdate( 2247): progressValue--->0
D/NetUpdate( 2247): mWriteSD--->true
D/NetUpdate( 2247): mBootCheckZipExist--->false
D/NetUpdate( 2247): progressValue--->0
D/NetUpdate( 2247): mWriteSD--->true
D/NetUpdate( 2247): mBootCheckZipExist--->false
D/NetUpdate( 2247): progressValue--->0
D/NetUpdate( 2247): mWriteSD--->true
D/NetUpdate( 2247): mBootCheckZipExist--->false
D/NetUpdate( 2247): progressValue--->0
D/NetUpdate( 2247): mWriteSD--->true
D/NetUpdate( 2247): mBootCheckZipExist--->false
D/NetUpdate( 2247): progressValue--->0
D/NetUpdate( 2247): mWriteSD--->true
D/NetUpdate( 2247): mBootCheckZipExist--->false
D/NetUpdate( 2247): progressValue--->0
D/NetUpdate( 2247): mWriteSD--->true
D/NetUpdate( 2247): mBootCheckZipExist--->false
D/NetUpdate( 2247): progressValue--->0
D/NetUpdate( 2247): mWriteSD--->true
D/NetUpdate( 2247): mBootCheckZipExist--->false
E/CACHE   ( 1872): cleared
I/zomut.watchdog.monitor( 1872): initgather
I/zomut.watchdog.monitor( 1872): endgather
I/zomut.watchdog.monitor( 1872): init
I/zomut.watchdog.monitor( 1872): end
D/NetUpdate( 2247): progressValue--->0
D/NetUpdate( 2247): mWriteSD--->true
D/NetUpdate( 2247): mBootCheckZipExist--->false
D/NetUpdate( 2247): progressValue--->0
D/NetUpdate( 2247): mWriteSD--->true
D/NetUpdate( 2247): mBootCheckZipExist--->false
D/NetUpdate( 2247): progressValue--->0
D/NetUpdate( 2247): mWriteSD--->true
D/NetUpdate( 2247): mBootCheckZipExist--->false
D/NetUpdate( 2247): progressValue--->0
D/NetUpdate( 2247): mWriteSD--->true
D/NetUpdate( 2247): mBootCheckZipExist--->false
D/NetUpdate( 2247): progressValue--->0
D/NetUpdate( 2247): mWriteSD--->true
D/NetUpdate( 2247): mBootCheckZipExist--->false
D/NetUpdate( 2247): progressValue--->0
D/NetUpdate( 2247): mWriteSD--->true
D/NetUpdate( 2247): mBootCheckZipExist--->false
D/dalvikvm( 1657): GC_CONCURRENT freed 705K, 64% free 2869K/7939K, paused 2ms+2ms
D/dalvikvm( 1657): GC_CONCURRENT freed 705K, 64% free 2868K/7939K, paused 3ms+3ms
D/NetUpdate( 2247): progressValue--->0
D/NetUpdate( 2247): mWriteSD--->true
D/NetUpdate( 2247): mBootCheckZipExist--->false
D/dalvikvm( 1657): GC_CONCURRENT freed 703K, 64% free 2868K/7939K, paused 3ms+3ms
D/NetUpdate( 2247): progressValue--->0
D/NetUpdate( 2247): mWriteSD--->true
D/NetUpdate( 2247): mBootCheckZipExist--->false
D/HomePlayerLib( 1657): hostaddress count is 1
D/dalvikvm( 1657): GC_CONCURRENT freed 704K, 63% free 2959K/7939K, paused 3ms+2ms
D/dalvikvm( 1657): GC_CONCURRENT freed 841K, 63% free 2965K/7939K, paused 2ms+3ms
D/dalvikvm( 1657): GC_CONCURRENT freed 837K, 64% free 2915K/7939K, paused 2ms+3ms
D/dalvikvm( 1657): GC_CONCURRENT freed 778K, 63% free 2958K/7939K, paused 2ms+3ms
D/NetUpdate( 2247): progressValue--->0
D/NetUpdate( 2247): mWriteSD--->true
D/NetUpdate( 2247): mBootCheckZipExist--->false
D/dalvikvm( 1657): GC_CONCURRENT freed 815K, 64% free 2871K/7939K, paused 2ms+3ms
D/NetUpdate( 2247): progressValue--->0
D/NetUpdate( 2247): mWriteSD--->true
D/NetUpdate( 2247): mBootCheckZipExist--->false
D/dalvikvm( 1657): GC_CONCURRENT freed 720K, 64% free 2866K/7939K, paused 2ms+3ms
D/dalvikvm( 1657): GC_CONCURRENT freed 708K, 63% free 2987K/7939K, paused 2ms+3ms
D/dalvikvm( 1657): GC_CONCURRENT freed 868K, 64% free 2912K/7939K, paused 2ms+3ms
D/NetUpdate( 2247): progressValue--->0
D/NetUpdate( 2247): mWriteSD--->true
D/NetUpdate( 2247): mBootCheckZipExist--->false
D/NetUpdate( 2247): progressValue--->0
D/NetUpdate( 2247): mWriteSD--->true
D/NetUpdate( 2247): mBootCheckZipExist--->false
D/NetUpdate( 2247): progressValue--->0
D/NetUpdate( 2247): mWriteSD--->true
D/NetUpdate( 2247): mBootCheckZipExist--->false
D/NetUpdate( 2247): progressValue--->0
D/NetUpdate( 2247): mWriteSD--->true
D/NetUpdate( 2247): mBootCheckZipExist--->false
D/NetUpdate( 2247): progressValue--->0
D/NetUpdate( 2247): mWriteSD--->true
D/NetUpdate( 2247): mBootCheckZipExist--->false
D/NetUpdate( 2247): progressValue--->0
D/NetUpdate( 2247): mWriteSD--->true
D/NetUpdate( 2247): mBootCheckZipExist--->false
D/NetUpdate( 2247): progressValue--->0
D/NetUpdate( 2247): mWriteSD--->true
D/NetUpdate( 2247): mBootCheckZipExist--->false
D/NetUpdate( 2247): progressValue--->0
D/NetUpdate( 2247): mWriteSD--->true
D/NetUpdate( 2247): mBootCheckZipExist--->false
D/NetUpdate( 2247): progressValue--->0
D/NetUpdate( 2247): mWriteSD--->true
D/NetUpdate( 2247): mBootCheckZipExist--->false
D/NetUpdate( 2247): progressValue--->0
D/NetUpdate( 2247): mWriteSD--->true
D/NetUpdate( 2247): mBootCheckZipExist--->false
D/NetUpdate( 2247): progressValue--->0
D/NetUpdate( 2247): mWriteSD--->true
D/NetUpdate( 2247): mBootCheckZipExist--->false
D/NetUpdate( 2247): progressValue--->0
D/NetUpdate( 2247): mWriteSD--->true
D/NetUpdate( 2247): mBootCheckZipExist--->false
D/NetUpdate( 2247): progressValue--->0
D/NetUpdate( 2247): mWriteSD--->true
D/NetUpdate( 2247): mBootCheckZipExist--->false
D/NetUpdate( 2247): progressValue--->0
D/NetUpdate( 2247): mWriteSD--->true
D/NetUpdate( 2247): mBootCheckZipExist--->false
D/NetUpdate( 2247): progressValue--->0
D/NetUpdate( 2247): mWriteSD--->true
D/NetUpdate( 2247): mBootCheckZipExist--->false
D/NetUpdate( 2247): progressValue--->0
D/NetUpdate( 2247): mWriteSD--->true
D/NetUpdate( 2247): mBootCheckZipExist--->false
D/NetUpdate( 2247): progressValue--->0
D/NetUpdate( 2247): mWriteSD--->true
D/NetUpdate( 2247): mBootCheckZipExist--->false
D/NetUpdate( 2247): progressValue--->0
D/NetUpdate( 2247): mWriteSD--->true
D/NetUpdate( 2247): mBootCheckZipExist--->false
D/NetUpdate( 2247): progressValue--->0
D/NetUpdate( 2247): mWriteSD--->true
D/NetUpdate( 2247): mBootCheckZipExist--->false
D/NetUpdate( 2247): progressValue--->0
D/NetUpdate( 2247): mWriteSD--->true
D/NetUpdate( 2247): mBootCheckZipExist--->false
D/dalvikvm( 1657): GC_CONCURRENT freed 885K, 65% free 2853K/7939K, paused 2ms+3ms
D/HomePlayerLib( 1657): hostaddress count is 1
D/dalvikvm( 1657): GC_CONCURRENT freed 687K, 63% free 2990K/7939K, paused 2ms+3ms
D/dalvikvm( 1657): GC_CONCURRENT freed 876K, 63% free 2973K/7939K, paused 2ms+3ms
D/dalvikvm( 1657): GC_CONCURRENT freed 841K, 63% free 2941K/7939K, paused 2ms+3ms
D/dalvikvm( 1657): GC_CONCURRENT freed 795K, 64% free 2895K/7939K, paused 2ms+2ms
D/NetUpdate( 2247): progressValue--->0
D/NetUpdate( 2247): mWriteSD--->true
D/NetUpdate( 2247): mBootCheckZipExist--->false
D/NetUpdate( 2247): progressValue--->0
D/NetUpdate( 2247): mWriteSD--->true
D/NetUpdate( 2247): mBootCheckZipExist--->false
D/dalvikvm( 1657): GC_CONCURRENT freed 747K, 63% free 2967K/7939K, paused 2ms+3ms
D/NetUpdate( 2247): progressValue--->0
D/NetUpdate( 2247): mWriteSD--->true
D/NetUpdate( 2247): mBootCheckZipExist--->false
D/NetUpdate( 2247): progressValue--->0
D/NetUpdate( 2247): mWriteSD--->true
D/NetUpdate( 2247): mBootCheckZipExist--->false
D/NetUpdate( 2247): progressValue--->0
D/NetUpdate( 2247): mWriteSD--->true
D/NetUpdate( 2247): mBootCheckZipExist--->false
D/NetUpdate( 2247): progressValue--->0
D/NetUpdate( 2247): mWriteSD--->true
D/NetUpdate( 2247): mBootCheckZipExist--->false
D/NetUpdate( 2247): progressValue--->0
D/NetUpdate( 2247): mWriteSD--->true
D/NetUpdate( 2247): mBootCheckZipExist--->false
D/NetUpdate( 2247): progressValue--->0
D/NetUpdate( 2247): mWriteSD--->true
D/NetUpdate( 2247): mBootCheckZipExist--->false
D/NetUpdate( 2247): progressValue--->0
D/NetUpdate( 2247): mWriteSD--->true
D/NetUpdate( 2247): mBootCheckZipExist--->false
D/NetUpdate( 2247): progressValue--->0
D/NetUpdate( 2247): mWriteSD--->true
D/NetUpdate( 2247): mBootCheckZipExist--->false
D/NetUpdate( 2247): progressValue--->0
D/NetUpdate( 2247): mWriteSD--->true
D/NetUpdate( 2247): mBootCheckZipExist--->false
D/NetUpdate( 2247): progressValue--->0
D/NetUpdate( 2247): mWriteSD--->true
D/NetUpdate( 2247): mBootCheckZipExist--->false
D/NetUpdate( 2247): progressValue--->0
D/NetUpdate( 2247): mWriteSD--->true
D/NetUpdate( 2247): mBootCheckZipExist--->false
D/NetUpdate( 2247): progressValue--->0
D/NetUpdate( 2247): mWriteSD--->true
D/NetUpdate( 2247): mBootCheckZipExist--->false
D/NetUpdate( 2247): progressValue--->0
D/NetUpdate( 2247): mWriteSD--->true
D/NetUpdate( 2247): mBootCheckZipExist--->false
D/dalvikvm( 1657): GC_CONCURRENT freed 847K, 63% free 2988K/7939K, paused 2ms+2ms
D/NetUpdate( 2247): progressValue--->0
D/NetUpdate( 2247): mWriteSD--->true
D/NetUpdate( 2247): mBootCheckZipExist--->false
D/dalvikvm( 1657): GC_CONCURRENT freed 857K, 63% free 2961K/7939K, paused 2ms+2ms
D/NetUpdate( 2247): progressValue--->0
D/NetUpdate( 2247): mWriteSD--->true
D/NetUpdate( 2247): mBootCheckZipExist--->false
D/dalvikvm( 1657): GC_CONCURRENT freed 825K, 64% free 2869K/7939K, paused 2ms+3ms
D/NetUpdate( 2247): progressValue--->0
D/NetUpdate( 2247): mWriteSD--->true
D/NetUpdate( 2247): mBootCheckZipExist--->false
D/dalvikvm( 1657): GC_CONCURRENT freed 707K, 64% free 2870K/7939K, paused 2ms+3ms
D/dalvikvm( 1657): GC_CONCURRENT freed 702K, 64% free 2867K/7939K, paused 2ms+2ms
D/dalvikvm( 1657): GC_CONCURRENT freed 706K, 64% free 2865K/7939K, paused 2ms+2ms
D/NetUpdate( 2247): progressValue--->0
D/NetUpdate( 2247): mWriteSD--->true
D/NetUpdate( 2247): mBootCheckZipExist--->false
D/dalvikvm( 1657): GC_CONCURRENT freed 706K, 64% free 2867K/7939K, paused 2ms+3ms
D/NetUpdate( 2247): progressValue--->0
D/NetUpdate( 2247): mWriteSD--->true
D/NetUpdate( 2247): mBootCheckZipExist--->false
D/dalvikvm( 1657): GC_CONCURRENT freed 703K, 64% free 2868K/7939K, paused 2ms+3ms
D/dalvikvm( 1657): GC_CONCURRENT freed 704K, 64% free 2868K/7939K, paused 3ms+3ms
D/HomePlayerLib( 1657): hostaddress count is 1
D/NetUpdate( 2247): progressValue--->0
D/NetUpdate( 2247): mWriteSD--->true
D/NetUpdate( 2247): mBootCheckZipExist--->false
D/dalvikvm( 1657): GC_CONCURRENT freed 723K, 63% free 3000K/7939K, paused 3ms+3ms
D/dalvikvm( 1657): GC_CONCURRENT freed 877K, 63% free 2986K/7939K, paused 3ms+3ms
D/NetUpdate( 2247): progressValue--->0
D/NetUpdate( 2247): mWriteSD--->true
D/NetUpdate( 2247): mBootCheckZipExist--->false
D/dalvikvm( 1657): GC_CONCURRENT freed 856K, 62% free 3075K/7939K, paused 2ms+3ms
D/dalvikvm( 1657): GC_CONCURRENT freed 980K, 64% free 2870K/7939K, paused 2ms+2ms
D/dalvikvm( 1140): GC_CONCURRENT freed 875K, 57% free 3511K/8131K, paused 1ms+11ms
D/dalvikvm( 1657): GC_CONCURRENT freed 718K, 64% free 2868K/7939K, paused 2ms+2ms
D/NetUpdate( 2247): progressValue--->0
D/NetUpdate( 2247): mWriteSD--->true
D/NetUpdate( 2247): mBootCheckZipExist--->false
D/dalvikvm( 1657): GC_CONCURRENT freed 724K, 64% free 2894K/7939K, paused 2ms+2ms
D/NetUpdate( 2247): progressValue--->0
D/NetUpdate( 2247): mWriteSD--->true
D/NetUpdate( 2247): mBootCheckZipExist--->false
D/dalvikvm( 1657): GC_CONCURRENT freed 730K, 64% free 2870K/7939K, paused 2ms+3ms
D/NetUpdate( 2247): progressValue--->0
D/NetUpdate( 2247): mWriteSD--->true
D/NetUpdate( 2247): mBootCheckZipExist--->false
D/NetUpdate( 2247): progressValue--->0
D/NetUpdate( 2247): mWriteSD--->true
D/NetUpdate( 2247): mBootCheckZipExist--->false
D/NetUpdate( 2247): progressValue--->0
D/NetUpdate( 2247): mWriteSD--->true
D/NetUpdate( 2247): mBootCheckZipExist--->false
D/NetUpdate( 2247): progressValue--->0
D/NetUpdate( 2247): mWriteSD--->true
D/NetUpdate( 2247): mBootCheckZipExist--->false
D/NetUpdate( 2247): progressValue--->0
D/NetUpdate( 2247): mWriteSD--->true
D/NetUpdate( 2247): mBootCheckZipExist--->false
D/NetUpdate( 2247): progressValue--->0
D/NetUpdate( 2247): mWriteSD--->true
D/NetUpdate( 2247): mBootCheckZipExist--->false
D/NetUpdate( 2247): progressValue--->0
D/NetUpdate( 2247): mWriteSD--->true
D/NetUpdate( 2247): mBootCheckZipExist--->false
D/NetUpdate( 2247): progressValue--->0
D/NetUpdate( 2247): mWriteSD--->true
D/NetUpdate( 2247): mBootCheckZipExist--->false
D/NetUpdate( 2247): progressValue--->0
D/NetUpdate( 2247): mWriteSD--->true
D/NetUpdate( 2247): mBootCheckZipExist--->false
D/NetUpdate( 2247): progressValue--->0
D/NetUpdate( 2247): mWriteSD--->true
D/NetUpdate( 2247): mBootCheckZipExist--->false
D/dalvikvm( 1657): GC_CONCURRENT freed 725K, 65% free 2849K/7939K, paused 2ms+3ms
D/dalvikvm( 1657): GC_CONCURRENT freed 694K, 65% free 2842K/7939K, paused 2ms+2ms
D/NetUpdate( 2247): progressValue--->0
D/NetUpdate( 2247): mWriteSD--->true
D/NetUpdate( 2247): mBootCheckZipExist--->false
D/dalvikvm( 1657): GC_CONCURRENT freed 679K, 64% free 2870K/7939K, paused 2ms+2ms
D/NetUpdate( 2247): progressValue--->0
D/NetUpdate( 2247): mWriteSD--->true
D/NetUpdate( 2247): mBootCheckZipExist--->false
D/dalvikvm( 1657): GC_CONCURRENT freed 707K, 64% free 2870K/7939K, paused 2ms+2ms
D/NetUpdate( 2247): progressValue--->0
D/NetUpdate( 2247): mWriteSD--->true
D/NetUpdate( 2247): mBootCheckZipExist--->false
D/NetUpdate( 2247): progressValue--->0
D/NetUpdate( 2247): mWriteSD--->true
D/NetUpdate( 2247): mBootCheckZipExist--->false
D/NetUpdate( 2247): progressValue--->0
D/NetUpdate( 2247): mWriteSD--->true
D/NetUpdate( 2247): mBootCheckZipExist--->false
D/NetUpdate( 2247): progressValue--->0
D/NetUpdate( 2247): mWriteSD--->true
D/NetUpdate( 2247): mBootCheckZipExist--->false
D/NetUpdate( 2247): progressValue--->0
D/NetUpdate( 2247): mWriteSD--->true
D/NetUpdate( 2247): mBootCheckZipExist--->false
D/NetUpdate( 2247): progressValue--->0
D/NetUpdate( 2247): mWriteSD--->true
D/NetUpdate( 2247): mBootCheckZipExist--->false
D/HomePlayerLib( 1657): hostaddress count is 1
D/dalvikvm( 1657): GC_CONCURRENT freed 721K, 64% free 2860K/7939K, paused 3ms+2ms
D/NetUpdate( 2247): progressValue--->0
D/NetUpdate( 2247): mWriteSD--->true
D/NetUpdate( 2247): mBootCheckZipExist--->false
D/dalvikvm( 1657): GC_CONCURRENT freed 701K, 63% free 2993K/7939K, paused 2ms+2ms
D/dalvikvm( 1657): GC_CONCURRENT freed 877K, 64% free 2869K/7939K, paused 2ms+2ms
D/NetUpdate( 2247): progressValue--->0
D/NetUpdate( 2247): mWriteSD--->true
D/NetUpdate( 2247): mBootCheckZipExist--->false
D/dalvikvm( 1657): GC_CONCURRENT freed 706K, 63% free 2974K/7939K, paused 2ms+2ms
D/dalvikvm( 1657): GC_CONCURRENT freed 839K, 64% free 2873K/7939K, paused 2ms+2ms
D/NetUpdate( 2247): progressValue--->0
D/NetUpdate( 2247): mWriteSD--->true
D/NetUpdate( 2247): mBootCheckZipExist--->false
D/NetUpdate( 2247): progressValue--->0
D/NetUpdate( 2247): mWriteSD--->true
D/NetUpdate( 2247): mBootCheckZipExist--->false
D/NetUpdate( 2247): progressValue--->0
D/NetUpdate( 2247): mWriteSD--->true
D/NetUpdate( 2247): mBootCheckZipExist--->false
D/NetUpdate( 2247): progressValue--->0
D/NetUpdate( 2247): mWriteSD--->true
D/NetUpdate( 2247): mBootCheckZipExist--->false
D/NetUpdate( 2247): progressValue--->0
D/NetUpdate( 2247): mWriteSD--->true
D/NetUpdate( 2247): mBootCheckZipExist--->false
D/NetUpdate( 2247): progressValue--->0
D/NetUpdate( 2247): mWriteSD--->true
D/NetUpdate( 2247): mBootCheckZipExist--->false
D/NetUpdate( 2247): progressValue--->0
D/NetUpdate( 2247): mWriteSD--->true
D/NetUpdate( 2247): mBootCheckZipExist--->false
D/NetUpdate( 2247): progressValue--->0
D/NetUpdate( 2247): mWriteSD--->true
D/NetUpdate( 2247): mBootCheckZipExist--->false
D/NetUpdate( 2247): progressValue--->0
D/NetUpdate( 2247): mWriteSD--->true
D/NetUpdate( 2247): mBootCheckZipExist--->false
D/NetUpdate( 2247): progressValue--->0
D/NetUpdate( 2247): mWriteSD--->true
D/NetUpdate( 2247): mBootCheckZipExist--->false
D/NetUpdate( 2247): progressValue--->0
D/NetUpdate( 2247): mWriteSD--->true
D/NetUpdate( 2247): mBootCheckZipExist--->false
D/NetUpdate( 2247): progressValue--->0
D/NetUpdate( 2247): mWriteSD--->true
D/NetUpdate( 2247): mBootCheckZipExist--->false
D/dalvikvm( 1657): GC_CONCURRENT freed 708K, 64% free 2870K/7939K, paused 2ms+3ms
D/dalvikvm( 1657): GC_CONCURRENT freed 705K, 64% free 2870K/7939K, paused 2ms+3ms
D/NetUpdate( 2247): progressValue--->0
D/NetUpdate( 2247): mWriteSD--->true
D/NetUpdate( 2247): mBootCheckZipExist--->false
D/dalvikvm( 1657): GC_CONCURRENT freed 707K, 64% free 2870K/7939K, paused 2ms+3ms
D/NetUpdate( 2247): progressValue--->0
D/NetUpdate( 2247): mWriteSD--->true
D/NetUpdate( 2247): mBootCheckZipExist--->false
D/NetUpdate( 2247): progressValue--->0
D/NetUpdate( 2247): mWriteSD--->true
D/NetUpdate( 2247): mBootCheckZipExist--->false
D/NetUpdate( 2247): progressValue--->0
D/NetUpdate( 2247): mWriteSD--->true
D/NetUpdate( 2247): mBootCheckZipExist--->false
D/dalvikvm( 1657): GC_CONCURRENT freed 704K, 64% free 2870K/7939K, paused 2ms+2ms
D/dalvikvm( 1657): GC_CONCURRENT freed 704K, 64% free 2864K/7939K, paused 2ms+3ms
D/dalvikvm( 1657): GC_CONCURRENT freed 704K, 64% free 2870K/7939K, paused 2ms+3ms
D/NetUpdate( 2247): progressValue--->0
D/NetUpdate( 2247): mWriteSD--->true
D/NetUpdate( 2247): mBootCheckZipExist--->false
D/dalvikvm( 1657): GC_CONCURRENT freed 705K, 64% free 2865K/7939K, paused 3ms+2ms
D/NetUpdate( 2247): progressValue--->0
D/NetUpdate( 2247): mWriteSD--->true
D/NetUpdate( 2247): mBootCheckZipExist--->false
D/dalvikvm( 1657): GC_CONCURRENT freed 704K, 64% free 2870K/7939K, paused 2ms+3ms
D/dalvikvm( 1657): GC_CONCURRENT freed 704K, 64% free 2870K/7939K, paused 1ms+2ms
D/NetUpdate( 2247): progressValue--->0
D/NetUpdate( 2247): mWriteSD--->true
D/NetUpdate( 2247): mBootCheckZipExist--->false
D/dalvikvm( 1657): GC_CONCURRENT freed 705K, 64% free 2870K/7939K, paused 2ms+3ms
D/NetUpdate( 2247): progressValue--->0
D/NetUpdate( 2247): mWriteSD--->true
D/NetUpdate( 2247): mBootCheckZipExist--->false
D/HomePlayerLib( 1657): hostaddress count is 1
D/dalvikvm( 1657): GC_CONCURRENT freed 721K, 64% free 2901K/7939K, paused 2ms+3ms
D/dalvikvm( 1657): GC_CONCURRENT freed 755K, 64% free 2927K/7939K, paused 2ms+2ms
D/dalvikvm( 1657): GC_CONCURRENT freed 784K, 64% free 2866K/7939K, paused 2ms+3ms
D/CheckNetWork( 1644): isOk true
D/CheckNetWork( 1644): ActInfoNetworkInfo: type: WIFI[], state: CONNECTED/CONNECTED, reason: (unspecified), extra: (none), roaming: false, failover: false, isAvailable: true
D/CheckNetWork( 1644): infoNetworkInfo: type: WIFI[], state: CONNECTED/CONNECTED, reason: (unspecified), extra: (none), roaming: false, failover: false, isAvailable: true
D/NetUpdate( 2247): progressValue--->0
D/NetUpdate( 2247): mWriteSD--->true
D/NetUpdate( 2247): mBootCheckZipExist--->false
D/dalvikvm( 1657): GC_CONCURRENT freed 778K, 64% free 2906K/7939K, paused 2ms+2ms
D/NetUpdate( 2247): progressValue--->0
D/NetUpdate( 2247): mWriteSD--->true
D/NetUpdate( 2247): mBootCheckZipExist--->false
D/dalvikvm( 1657): GC_CONCURRENT freed 748K, 64% free 2864K/7939K, paused 2ms+2ms
D/dalvikvm( 1657): GC_CONCURRENT freed 707K, 64% free 2911K/7939K, paused 2ms+3ms
D/NetUpdate( 2247): progressValue--->0
D/NetUpdate( 2247): mWriteSD--->true
D/NetUpdate( 2247): mBootCheckZipExist--->false
D/NetUpdate( 2247): progressValue--->0
D/NetUpdate( 2247): mWriteSD--->true
D/NetUpdate( 2247): mBootCheckZipExist--->false
D/NetUpdate( 2247): progressValue--->0
D/NetUpdate( 2247): mWriteSD--->true
D/NetUpdate( 2247): mBootCheckZipExist--->false
D/NetUpdate( 2247): progressValue--->0
D/NetUpdate( 2247): mWriteSD--->true
D/NetUpdate( 2247): mBootCheckZipExist--->false
D/NetUpdate( 2247): progressValue--->0
D/NetUpdate( 2247): mWriteSD--->true
D/NetUpdate( 2247): mBootCheckZipExist--->false
D/NetUpdate( 2247): progressValue--->0
D/NetUpdate( 2247): mWriteSD--->true
D/NetUpdate( 2247): mBootCheckZipExist--->false
D/NetUpdate( 2247): progressValue--->0
D/NetUpdate( 2247): mWriteSD--->true
D/NetUpdate( 2247): mBootCheckZipExist--->false
D/NetUpdate( 2247): progressValue--->0
D/NetUpdate( 2247): mWriteSD--->true
D/NetUpdate( 2247): mBootCheckZipExist--->false
D/NetUpdate( 2247): progressValue--->0
D/NetUpdate( 2247): mWriteSD--->true
D/NetUpdate( 2247): mBootCheckZipExist--->false
D/NetUpdate( 2247): progressValue--->0
D/NetUpdate( 2247): mWriteSD--->true
D/NetUpdate( 2247): mBootCheckZipExist--->false
D/NetUpdate( 2247): progressValue--->0
D/NetUpdate( 2247): mWriteSD--->true
D/NetUpdate( 2247): mBootCheckZipExist--->false
D/NetUpdate( 2247): progressValue--->0
D/NetUpdate( 2247): mWriteSD--->true
D/NetUpdate( 2247): mBootCheckZipExist--->false
D/dalvikvm( 1657): GC_CONCURRENT freed 777K, 65% free 2845K/7939K, paused 2ms+2ms
D/dalvikvm( 1657): GC_CONCURRENT freed 674K, 64% free 2865K/7939K, paused 2ms+3ms
D/NetUpdate( 2247): progressValue--->0
D/NetUpdate( 2247): mWriteSD--->true
D/NetUpdate( 2247): mBootCheckZipExist--->false
D/dalvikvm( 1657): GC_CONCURRENT freed 706K, 64% free 2870K/7939K, paused 2ms+2ms
D/NetUpdate( 2247): progressValue--->0
D/NetUpdate( 2247): mWriteSD--->true
D/NetUpdate( 2247): mBootCheckZipExist--->false
D/NetUpdate( 2247): progressValue--->0
D/NetUpdate( 2247): mWriteSD--->true
D/NetUpdate( 2247): mBootCheckZipExist--->false
D/NetUpdate( 2247): progressValue--->0
D/NetUpdate( 2247): mWriteSD--->true
D/NetUpdate( 2247): mBootCheckZipExist--->false
D/NetUpdate( 2247): progressValue--->0
D/NetUpdate( 2247): mWriteSD--->true
D/NetUpdate( 2247): mBootCheckZipExist--->false
D/NetUpdate( 2247): progressValue--->0
D/NetUpdate( 2247): mWriteSD--->true
D/NetUpdate( 2247): mBootCheckZipExist--->false
D/NetUpdate( 2247): progressValue--->0
D/NetUpdate( 2247): mWriteSD--->true
D/NetUpdate( 2247): mBootCheckZipExist--->false
D/HomePlayerLib( 1657): hostaddress count is 1
D/dalvikvm( 1657): GC_CONCURRENT freed 721K, 63% free 2966K/7939K, paused 2ms+3ms
D/dalvikvm( 1657): GC_CONCURRENT freed 836K, 64% free 2924K/7939K, paused 2ms+3ms
D/NetUpdate( 2247): progressValue--->0
D/NetUpdate( 2247): mWriteSD--->true
D/NetUpdate( 2247): mBootCheckZipExist--->false
D/dalvikvm( 1657): GC_CONCURRENT freed 784K, 63% free 2956K/7939K, paused 2ms+3ms
D/dalvikvm( 1657): GC_CONCURRENT freed 830K, 65% free 2848K/7939K, paused 2ms+2ms
D/dalvikvm( 1657): GC_CONCURRENT freed 677K, 64% free 2867K/7939K, paused 2ms+4ms
D/NetUpdate( 2247): progressValue--->0
D/NetUpdate( 2247): mWriteSD--->true
D/NetUpdate( 2247): mBootCheckZipExist--->false
D/NetUpdate( 2247): progressValue--->0
D/NetUpdate( 2247): mWriteSD--->true
D/NetUpdate( 2247): mBootCheckZipExist--->false
D/NetUpdate( 2247): progressValue--->0
D/NetUpdate( 2247): mWriteSD--->true
D/NetUpdate( 2247): mBootCheckZipExist--->false
D/NetUpdate( 2247): progressValue--->0
D/NetUpdate( 2247): mWriteSD--->true
D/NetUpdate( 2247): mBootCheckZipExist--->false
E/CACHE   ( 1872): cleared
I/zomut.watchdog.monitor( 1872): initgather
I/zomut.watchdog.monitor( 1872): endgather
I/zomut.watchdog.monitor( 1872): init
D/dalvikvm( 1872): GC_CONCURRENT freed 1960K, 46% free 6860K/12611K, paused 2ms+3ms
I/zomut.watchdog.monitor( 1872): end
D/NetUpdate( 2247): progressValue--->0
D/NetUpdate( 2247): mWriteSD--->true
D/NetUpdate( 2247): mBootCheckZipExist--->false
D/NetUpdate( 2247): progressValue--->0
D/NetUpdate( 2247): mWriteSD--->true
D/NetUpdate( 2247): mBootCheckZipExist--->false
D/NetUpdate( 2247): progressValue--->0
D/NetUpdate( 2247): mWriteSD--->true
D/NetUpdate( 2247): mBootCheckZipExist--->false
D/NetUpdate( 2247): progressValue--->0
D/NetUpdate( 2247): mWriteSD--->true
D/NetUpdate( 2247): mBootCheckZipExist--->false
D/NetUpdate( 2247): progressValue--->0
D/NetUpdate( 2247): mWriteSD--->true
D/NetUpdate( 2247): mBootCheckZipExist--->false
D/NetUpdate( 2247): progressValue--->0
D/NetUpdate( 2247): mWriteSD--->true
D/NetUpdate( 2247): mBootCheckZipExist--->false
D/NetUpdate( 2247): progressValue--->0
D/NetUpdate( 2247): mWriteSD--->true
D/NetUpdate( 2247): mBootCheckZipExist--->false
D/NetUpdate( 2247): progressValue--->0
D/NetUpdate( 2247): mWriteSD--->true
D/NetUpdate( 2247): mBootCheckZipExist--->false
D/NetUpdate( 2247): progressValue--->0
D/NetUpdate( 2247): mWriteSD--->true
D/NetUpdate( 2247): mBootCheckZipExist--->false
D/NetUpdate( 2247): progressValue--->0
D/NetUpdate( 2247): mWriteSD--->true
D/NetUpdate( 2247): mBootCheckZipExist--->false
D/dalvikvm( 1657): GC_CONCURRENT freed 705K, 64% free 2868K/7939K, paused 2ms+2ms
D/dalvikvm( 1657): GC_CONCURRENT freed 705K, 64% free 2868K/7939K, paused 2ms+2ms
D/NetUpdate( 2247): progressValue--->0
D/NetUpdate( 2247): mWriteSD--->true
D/NetUpdate( 2247): mBootCheckZipExist--->false
D/dalvikvm( 1657): GC_CONCURRENT freed 706K, 64% free 2870K/7939K, paused 2ms+2ms
D/NetUpdate( 2247): progressValue--->0
D/NetUpdate( 2247): mWriteSD--->true
D/NetUpdate( 2247): mBootCheckZipExist--->false
D/dalvikvm( 1657): GC_CONCURRENT freed 704K, 64% free 2870K/7939K, paused 2ms+3ms
D/dalvikvm( 1657): GC_CONCURRENT freed 704K, 64% free 2870K/7939K, paused 2ms+3ms
D/NetUpdate( 2247): progressValue--->0
D/NetUpdate( 2247): mWriteSD--->true
D/NetUpdate( 2247): mBootCheckZipExist--->false
D/dalvikvm( 1657): GC_CONCURRENT freed 704K, 64% free 2870K/7939K, paused 2ms+2ms
D/NetUpdate( 2247): progressValue--->0
D/NetUpdate( 2247): mWriteSD--->true
D/NetUpdate( 2247): mBootCheckZipExist--->false
D/dalvikvm( 1657): GC_CONCURRENT freed 705K, 64% free 2865K/7939K, paused 2ms+3ms
D/dalvikvm( 1657): GC_CONCURRENT freed 705K, 64% free 2870K/7939K, paused 2ms+2ms
D/dalvikvm( 1657): GC_CONCURRENT freed 704K, 64% free 2870K/7939K, paused 2ms+3ms
D/NetUpdate( 2247): progressValue--->0
D/NetUpdate( 2247): mWriteSD--->true
D/NetUpdate( 2247): mBootCheckZipExist--->false
D/NetUpdate( 2247): progressValue--->0
D/NetUpdate( 2247): mWriteSD--->true
D/NetUpdate( 2247): mBootCheckZipExist--->false
D/dalvikvm( 1657): GC_FOR_ALLOC freed 844K, 65% free 2842K/7939K, paused 26ms
D/HomePlayerLib( 1657): hostaddress count is 1
D/dalvikvm( 1657): GC_CONCURRENT freed 10K, 62% free 3035K/7939K, paused 2ms+2ms
D/NetUpdate( 2247): progressValue--->0
D/NetUpdate( 2247): mWriteSD--->true
D/NetUpdate( 2247): mBootCheckZipExist--->false
D/dalvikvm( 1657): GC_CONCURRENT freed 942K, 63% free 2965K/7939K, paused 2ms+3ms
D/dalvikvm( 1657): GC_CONCURRENT freed 838K, 63% free 2975K/7939K, paused 2ms+2ms
D/NetUpdate( 2247): progressValue--->0
D/NetUpdate( 2247): mWriteSD--->true
D/NetUpdate( 2247): mBootCheckZipExist--->false
D/dalvikvm( 1657): GC_CONCURRENT freed 866K, 65% free 2844K/7939K, paused 2ms+3ms
D/dalvikvm( 1657): GC_CONCURRENT freed 679K, 64% free 2872K/7939K, paused 2ms+2ms
D/dalvikvm( 1657): GC_CONCURRENT freed 709K, 64% free 2870K/7939K, paused 2ms+2ms
D/NetUpdate( 2247): progressValue--->0
D/NetUpdate( 2247): mWriteSD--->true
D/NetUpdate( 2247): mBootCheckZipExist--->false
D/NetUpdate( 2247): progressValue--->0
D/NetUpdate( 2247): mWriteSD--->true
D/NetUpdate( 2247): mBootCheckZipExist--->false
D/NetUpdate( 2247): progressValue--->0
D/NetUpdate( 2247): mWriteSD--->true
D/NetUpdate( 2247): mBootCheckZipExist--->false
D/NetUpdate( 2247): progressValue--->0
D/NetUpdate( 2247): mWriteSD--->true
D/NetUpdate( 2247): mBootCheckZipExist--->false
D/NetUpdate( 2247): progressValue--->0
D/NetUpdate( 2247): mWriteSD--->true
D/NetUpdate( 2247): mBootCheckZipExist--->false
D/NetUpdate( 2247): progressValue--->0
D/NetUpdate( 2247): mWriteSD--->true
D/NetUpdate( 2247): mBootCheckZipExist--->false
D/NetUpdate( 2247): progressValue--->0
D/NetUpdate( 2247): mWriteSD--->true
D/NetUpdate( 2247): mBootCheckZipExist--->false
D/NetUpdate( 2247): progressValue--->0
D/NetUpdate( 2247): mWriteSD--->true
D/NetUpdate( 2247): mBootCheckZipExist--->false
D/NetUpdate( 2247): progressValue--->0
D/NetUpdate( 2247): mWriteSD--->true
D/NetUpdate( 2247): mBootCheckZipExist--->false
D/NetUpdate( 2247): progressValue--->0
D/NetUpdate( 2247): mWriteSD--->true
D/NetUpdate( 2247): mBootCheckZipExist--->false
D/NetUpdate( 2247): progressValue--->0
D/NetUpdate( 2247): mWriteSD--->true
D/NetUpdate( 2247): mBootCheckZipExist--->false
D/NetUpdate( 2247): progressValue--->0
D/NetUpdate( 2247): mWriteSD--->true
D/NetUpdate( 2247): mBootCheckZipExist--->false
D/NetUpdate( 2247): progressValue--->0
D/NetUpdate( 2247): mWriteSD--->true
D/NetUpdate( 2247): mBootCheckZipExist--->false
D/NetUpdate( 2247): progressValue--->0
D/NetUpdate( 2247): mWriteSD--->true
D/NetUpdate( 2247): mBootCheckZipExist--->false
D/dalvikvm( 1657): GC_CONCURRENT freed 704K, 64% free 2870K/7939K, paused 2ms+2ms
D/dalvikvm( 1657): GC_CONCURRENT freed 706K, 64% free 2870K/7939K, paused 2ms+2ms
D/NetUpdate( 2247): progressValue--->0
D/NetUpdate( 2247): mWriteSD--->true
D/NetUpdate( 2247): mBootCheckZipExist--->false
D/dalvikvm( 1657): GC_CONCURRENT freed 707K, 64% free 2870K/7939K, paused 1ms+3ms
D/NetUpdate( 2247): progressValue--->0
D/NetUpdate( 2247): mWriteSD--->true
D/NetUpdate( 2247): mBootCheckZipExist--->false
D/NetUpdate( 2247): progressValue--->0
D/NetUpdate( 2247): mWriteSD--->true
D/NetUpdate( 2247): mBootCheckZipExist--->false
D/NetUpdate( 2247): progressValue--->0
D/NetUpdate( 2247): mWriteSD--->true
D/NetUpdate( 2247): mBootCheckZipExist--->false
D/NetUpdate( 2247): progressValue--->0
D/NetUpdate( 2247): mWriteSD--->true
D/NetUpdate( 2247): mBootCheckZipExist--->false
D/NetUpdate( 2247): progressValue--->0
D/NetUpdate( 2247): mWriteSD--->true
D/NetUpdate( 2247): mBootCheckZipExist--->false
D/HomePlayerLib( 1657): hostaddress count is 1
D/dalvikvm( 1657): GC_CONCURRENT freed 721K, 63% free 2966K/7939K, paused 2ms+12ms
D/dalvikvm( 1657): GC_CONCURRENT freed 835K, 64% free 2868K/7939K, paused 2ms+3ms
D/dalvikvm( 1657): GC_CONCURRENT freed 671K, 63% free 3016K/7939K, paused 2ms+2ms
D/NetUpdate( 2247): progressValue--->0
D/NetUpdate( 2247): mWriteSD--->true
D/NetUpdate( 2247): mBootCheckZipExist--->false
D/dalvikvm( 1657): GC_CONCURRENT freed 898K, 64% free 2875K/7939K, paused 2ms+3ms
D/NetUpdate( 2247): progressValue--->0
D/NetUpdate( 2247): mWriteSD--->true
D/NetUpdate( 2247): mBootCheckZipExist--->false
D/dalvikvm( 1657): GC_CONCURRENT freed 720K, 64% free 2869K/7939K, paused 2ms+3ms
D/NetUpdate( 2247): progressValue--->0
D/NetUpdate( 2247): mWriteSD--->true
D/NetUpdate( 2247): mBootCheckZipExist--->false
D/NetUpdate( 2247): progressValue--->0
D/NetUpdate( 2247): mWriteSD--->true
D/NetUpdate( 2247): mBootCheckZipExist--->false
D/NetUpdate( 2247): progressValue--->0
D/NetUpdate( 2247): mWriteSD--->true
D/NetUpdate( 2247): mBootCheckZipExist--->false
D/NetUpdate( 2247): progressValue--->0
D/NetUpdate( 2247): mWriteSD--->true
D/NetUpdate( 2247): mBootCheckZipExist--->false
D/NetUpdate( 2247): progressValue--->0
D/NetUpdate( 2247): mWriteSD--->true
D/NetUpdate( 2247): mBootCheckZipExist--->false
D/NetUpdate( 2247): progressValue--->0
D/NetUpdate( 2247): mWriteSD--->true
D/NetUpdate( 2247): mBootCheckZipExist--->false
D/NetUpdate( 2247): progressValue--->0
D/NetUpdate( 2247): mWriteSD--->true
D/NetUpdate( 2247): mBootCheckZipExist--->false
D/NetUpdate( 2247): progressValue--->0
D/NetUpdate( 2247): mWriteSD--->true
D/NetUpdate( 2247): mBootCheckZipExist--->false
D/NetUpdate( 2247): progressValue--->0
D/NetUpdate( 2247): mWriteSD--->true
D/NetUpdate( 2247): mBootCheckZipExist--->false
D/NetUpdate( 2247): progressValue--->0
D/NetUpdate( 2247): mWriteSD--->true
D/NetUpdate( 2247): mBootCheckZipExist--->false
D/NetUpdate( 2247): progressValue--->0
D/NetUpdate( 2247): mWriteSD--->true
D/NetUpdate( 2247): mBootCheckZipExist--->false
D/NetUpdate( 2247): progressValue--->0
D/NetUpdate( 2247): mWriteSD--->true
D/NetUpdate( 2247): mBootCheckZipExist--->false
D/NetUpdate( 2247): progressValue--->0
D/NetUpdate( 2247): mWriteSD--->true
D/NetUpdate( 2247): mBootCheckZipExist--->false
D/NetUpdate( 2247): progressValue--->0
D/NetUpdate( 2247): mWriteSD--->true
D/NetUpdate( 2247): mBootCheckZipExist--->false
D/dalvikvm( 1657): GC_CONCURRENT freed 706K, 64% free 2865K/7939K, paused 2ms+3ms
D/dalvikvm( 1657): GC_CONCURRENT freed 704K, 64% free 2870K/7939K, paused 2ms+3ms
D/dalvikvm( 1657): GC_CONCURRENT freed 704K, 64% free 2868K/7939K, paused 2ms+2ms
D/NetUpdate( 2247): progressValue--->0
D/NetUpdate( 2247): mWriteSD--->true
D/NetUpdate( 2247): mBootCheckZipExist--->false
D/dalvikvm( 1657): GC_CONCURRENT freed 705K, 62% free 3074K/7939K, paused 2ms+3ms
D/NetUpdate( 2247): progressValue--->0
D/NetUpdate( 2247): mWriteSD--->true
D/NetUpdate( 2247): mBootCheckZipExist--->false
D/dalvikvm( 1657): GC_CONCURRENT freed 981K, 64% free 2880K/7939K, paused 3ms+3ms
D/dalvikvm( 1657): GC_CONCURRENT freed 721K, 64% free 2880K/7939K, paused 2ms+3ms
D/dalvikvm( 1657): GC_CONCURRENT freed 732K, 64% free 2878K/7939K, paused 3ms+3ms
D/NetUpdate( 2247): progressValue--->0
D/NetUpdate( 2247): mWriteSD--->true
D/NetUpdate( 2247): mBootCheckZipExist--->false
D/dalvikvm( 1657): GC_CONCURRENT freed 719K, 64% free 2868K/7939K, paused 2ms+2ms
D/NetUpdate( 2247): progressValue--->0
D/NetUpdate( 2247): mWriteSD--->true
D/NetUpdate( 2247): mBootCheckZipExist--->false
D/dalvikvm( 1657): GC_CONCURRENT freed 704K, 64% free 2870K/7939K, paused 2ms+2ms
D/dalvikvm( 1657): GC_CONCURRENT freed 705K, 64% free 2864K/7939K, paused 2ms+3ms
D/NetUpdate( 2247): progressValue--->0
D/NetUpdate( 2247): mWriteSD--->true
D/NetUpdate( 2247): mBootCheckZipExist--->false
D/NetUpdate( 2247): progressValue--->0
D/NetUpdate( 2247): mWriteSD--->true
D/NetUpdate( 2247): mBootCheckZipExist--->false
D/HomePlayerLib( 1657): hostaddress count is 1
D/dalvikvm( 1657): GC_CONCURRENT freed 708K, 63% free 2996K/7939K, paused 2ms+2ms
D/dalvikvm( 1657): GC_CONCURRENT freed 877K, 63% free 2940K/7939K, paused 2ms+3ms
D/dalvikvm( 1657): GC_CONCURRENT freed 800K, 64% free 2926K/7939K, paused 2ms+2ms
D/NetUpdate( 2247): progressValue--->0
D/NetUpdate( 2247): mWriteSD--->true
D/NetUpdate( 2247): mBootCheckZipExist--->false
D/dalvikvm( 1657): GC_CONCURRENT freed 796K, 65% free 2843K/7939K, paused 2ms+3ms
D/NetUpdate( 2247): progressValue--->0
D/NetUpdate( 2247): mWriteSD--->true
D/NetUpdate( 2247): mBootCheckZipExist--->false
D/dalvikvm( 1657): GC_CONCURRENT freed 668K, 64% free 2868K/7939K, paused 3ms+3ms
D/NetUpdate( 2247): progressValue--->0
D/NetUpdate( 2247): mWriteSD--->true
D/NetUpdate( 2247): mBootCheckZipExist--->false
D/NetUpdate( 2247): progressValue--->0
D/NetUpdate( 2247): mWriteSD--->true
D/NetUpdate( 2247): mBootCheckZipExist--->false
D/NetUpdate( 2247): progressValue--->0
D/NetUpdate( 2247): mWriteSD--->true
D/NetUpdate( 2247): mBootCheckZipExist--->false
D/NetUpdate( 2247): progressValue--->0
D/NetUpdate( 2247): mWriteSD--->true
D/NetUpdate( 2247): mBootCheckZipExist--->false
D/NetUpdate( 2247): progressValue--->0
D/NetUpdate( 2247): mWriteSD--->true
D/NetUpdate( 2247): mBootCheckZipExist--->false
D/NetUpdate( 2247): progressValue--->0
D/NetUpdate( 2247): mWriteSD--->true
D/NetUpdate( 2247): mBootCheckZipExist--->false
D/NetUpdate( 2247): progressValue--->0
D/NetUpdate( 2247): mWriteSD--->true
D/NetUpdate( 2247): mBootCheckZipExist--->false
D/NetUpdate( 2247): progressValue--->0
D/NetUpdate( 2247): mWriteSD--->true
D/NetUpdate( 2247): mBootCheckZipExist--->false
D/NetUpdate( 2247): progressValue--->0
D/NetUpdate( 2247): mWriteSD--->true
D/NetUpdate( 2247): mBootCheckZipExist--->false
D/NetUpdate( 2247): progressValue--->0
D/NetUpdate( 2247): mWriteSD--->true
D/NetUpdate( 2247): mBootCheckZipExist--->false
D/NetUpdate( 2247): progressValue--->0
D/NetUpdate( 2247): mWriteSD--->true
D/NetUpdate( 2247): mBootCheckZipExist--->false
D/NetUpdate( 2247): progressValue--->0
D/NetUpdate( 2247): mWriteSD--->true
D/NetUpdate( 2247): mBootCheckZipExist--->false
D/NetUpdate( 2247): progressValue--->0
D/NetUpdate( 2247): mWriteSD--->true
D/NetUpdate( 2247): mBootCheckZipExist--->false
D/NetUpdate( 2247): progressValue--->0
D/NetUpdate( 2247): mWriteSD--->true
D/NetUpdate( 2247): mBootCheckZipExist--->false
D/dalvikvm( 1657): GC_CONCURRENT freed 704K, 64% free 2870K/7939K, paused 2ms+3ms
D/dalvikvm( 1657): GC_CONCURRENT freed 705K, 64% free 2870K/7939K, paused 2ms+2ms
D/dalvikvm( 1657): GC_CONCURRENT freed 707K, 64% free 2864K/7939K, paused 2ms+3ms
D/NetUpdate( 2247): progressValue--->0
D/NetUpdate( 2247): mWriteSD--->true
D/NetUpdate( 2247): mBootCheckZipExist--->false
D/NetUpdate( 2247): progressValue--->0
D/NetUpdate( 2247): mWriteSD--->true
D/NetUpdate( 2247): mBootCheckZipExist--->false
D/NetUpdate( 2247): progressValue--->0
D/NetUpdate( 2247): mWriteSD--->true
D/NetUpdate( 2247): mBootCheckZipExist--->false
D/NetUpdate( 2247): progressValue--->0
D/NetUpdate( 2247): mWriteSD--->true
D/NetUpdate( 2247): mBootCheckZipExist--->false
D/HomePlayerLib( 1657): hostaddress count is 1
D/dalvikvm( 1657): GC_CONCURRENT freed 716K, 65% free 2841K/7939K, paused 2ms+3ms
D/NetUpdate( 2247): progressValue--->0
D/NetUpdate( 2247): mWriteSD--->true
D/NetUpdate( 2247): mBootCheckZipExist--->false
D/dalvikvm( 1657): GC_CONCURRENT freed 688K, 65% free 2840K/7939K, paused 2ms+2ms
D/dalvikvm( 1657): GC_CONCURRENT freed 671K, 64% free 2868K/7939K, paused 2ms+2ms
D/NetUpdate( 2247): progressValue--->0
D/NetUpdate( 2247): mWriteSD--->true
D/NetUpdate( 2247): mBootCheckZipExist--->false
D/dalvikvm( 1657): GC_CONCURRENT freed 702K, 64% free 2876K/7939K, paused 2ms+2ms
D/dalvikvm( 1657): GC_CONCURRENT freed 704K, 64% free 2873K/7939K, paused 2ms+2ms
D/dalvikvm( 1657): GC_CONCURRENT freed 718K, 64% free 2872K/7939K, paused 2ms+3ms
D/NetUpdate( 2247): progressValue--->0
D/NetUpdate( 2247): mWriteSD--->true
D/NetUpdate( 2247): mBootCheckZipExist--->false
D/NetUpdate( 2247): progressValue--->0
D/NetUpdate( 2247): mWriteSD--->true
D/NetUpdate( 2247): mBootCheckZipExist--->false
D/NetUpdate( 2247): progressValue--->0
D/NetUpdate( 2247): mWriteSD--->true
D/NetUpdate( 2247): mBootCheckZipExist--->false
D/NetUpdate( 2247): progressValue--->0
D/NetUpdate( 2247): mWriteSD--->true
D/NetUpdate( 2247): mBootCheckZipExist--->false
D/NetUpdate( 2247): progressValue--->0
D/NetUpdate( 2247): mWriteSD--->true
D/NetUpdate( 2247): mBootCheckZipExist--->false
D/NetUpdate( 2247): progressValue--->0
D/NetUpdate( 2247): mWriteSD--->true
D/NetUpdate( 2247): mBootCheckZipExist--->false
D/NetUpdate( 2247): progressValue--->0
D/NetUpdate( 2247): mWriteSD--->true
D/NetUpdate( 2247): mBootCheckZipExist--->false
D/NetUpdate( 2247): progressValue--->0
D/NetUpdate( 2247): mWriteSD--->true
D/NetUpdate( 2247): mBootCheckZipExist--->false
D/NetUpdate( 2247): progressValue--->0
D/NetUpdate( 2247): mWriteSD--->true
D/NetUpdate( 2247): mBootCheckZipExist--->false
D/NetUpdate( 2247): progressValue--->0
D/NetUpdate( 2247): mWriteSD--->true
D/NetUpdate( 2247): mBootCheckZipExist--->false
D/NetUpdate( 2247): progressValue--->0
D/NetUpdate( 2247): mWriteSD--->true
D/NetUpdate( 2247): mBootCheckZipExist--->false
D/NetUpdate( 2247): progressValue--->0
D/NetUpdate( 2247): mWriteSD--->true
D/NetUpdate( 2247): mBootCheckZipExist--->false
D/CheckNetWork( 1644): isOk true
D/CheckNetWork( 1644): ActInfoNetworkInfo: type: WIFI[], state: CONNECTED/CONNECTED, reason: (unspecified), extra: (none), roaming: false, failover: false, isAvailable: true
D/CheckNetWork( 1644): infoNetworkInfo: type: WIFI[], state: CONNECTED/CONNECTED, reason: (unspecified), extra: (none), roaming: false, failover: false, isAvailable: true
D/NetUpdate( 2247): progressValue--->0
D/NetUpdate( 2247): mWriteSD--->true
D/NetUpdate( 2247): mBootCheckZipExist--->false
D/dalvikvm( 1657): GC_CONCURRENT freed 739K, 63% free 2944K/7939K, paused 2ms+3ms
D/NetUpdate( 2247): progressValue--->0
D/NetUpdate( 2247): mWriteSD--->true
D/NetUpdate( 2247): mBootCheckZipExist--->false
D/dalvikvm( 1657): GC_CONCURRENT freed 800K, 63% free 2989K/7939K, paused 2ms+3ms
D/dalvikvm( 1657): GC_CONCURRENT freed 866K, 64% free 2912K/7939K, paused 2ms+3ms
D/NetUpdate( 2247): progressValue--->0
D/NetUpdate( 2247): mWriteSD--->true
D/NetUpdate( 2247): mBootCheckZipExist--->false
D/dalvikvm( 1657): GC_CONCURRENT freed 780K, 65% free 2854K/7939K, paused 1ms+3ms
D/NetUpdate( 2247): progressValue--->0
D/NetUpdate( 2247): mWriteSD--->true
D/NetUpdate( 2247): mBootCheckZipExist--->false
D/dalvikvm( 1657): GC_CONCURRENT freed 700K, 65% free 2841K/7939K, paused 2ms+2ms
D/dalvikvm( 1657): GC_CONCURRENT freed 675K, 64% free 2870K/7939K, paused 2ms+3ms
D/dalvikvm( 1657): GC_CONCURRENT freed 704K, 64% free 2870K/7939K, paused 2ms+2ms
D/NetUpdate( 2247): progressValue--->0
D/NetUpdate( 2247): mWriteSD--->true
D/NetUpdate( 2247): mBootCheckZipExist--->false
D/dalvikvm( 1657): GC_CONCURRENT freed 705K, 64% free 2870K/7939K, paused 2ms+3ms
D/NetUpdate( 2247): progressValue--->0
D/NetUpdate( 2247): mWriteSD--->true
D/NetUpdate( 2247): mBootCheckZipExist--->false
D/dalvikvm( 1657): GC_CONCURRENT freed 706K, 64% free 2870K/7939K, paused 2ms+2ms
D/dalvikvm( 1657): GC_CONCURRENT freed 707K, 64% free 2870K/7939K, paused 2ms+3ms
D/NetUpdate( 2247): progressValue--->0
D/NetUpdate( 2247): mWriteSD--->true
D/NetUpdate( 2247): mBootCheckZipExist--->false
D/NetUpdate( 2247): progressValue--->0
D/NetUpdate( 2247): mWriteSD--->true
D/NetUpdate( 2247): mBootCheckZipExist--->false
D/HomePlayerLib( 1657): hostaddress count is 1
D/dalvikvm( 1657): GC_CONCURRENT freed 721K, 63% free 2966K/7939K, paused 1ms+2ms
D/dalvikvm( 1657): GC_CONCURRENT freed 836K, 64% free 2868K/7939K, paused 2ms+2ms
D/dalvikvm( 1657): GC_CONCURRENT freed 704K, 63% free 2974K/7939K, paused 2ms+2ms
D/NetUpdate( 2247): progressValue--->0
D/NetUpdate( 2247): mWriteSD--->true
D/NetUpdate( 2247): mBootCheckZipExist--->false
D/dalvikvm( 1657): GC_CONCURRENT freed 853K, 64% free 2887K/7939K, paused 2ms+2ms
D/NetUpdate( 2247): progressValue--->0
D/NetUpdate( 2247): mWriteSD--->true
D/NetUpdate( 2247): mBootCheckZipExist--->false
D/dalvikvm( 1657): GC_CONCURRENT freed 732K, 64% free 2872K/7939K, paused 2ms+2ms
D/NetUpdate( 2247): progressValue--->0
D/NetUpdate( 2247): mWriteSD--->true
D/NetUpdate( 2247): mBootCheckZipExist--->false
D/NetUpdate( 2247): progressValue--->0
D/NetUpdate( 2247): mWriteSD--->true
D/NetUpdate( 2247): mBootCheckZipExist--->false
D/NetUpdate( 2247): progressValue--->0
D/NetUpdate( 2247): mWriteSD--->true
D/NetUpdate( 2247): mBootCheckZipExist--->false
D/NetUpdate( 2247): progressValue--->0
D/NetUpdate( 2247): mWriteSD--->true
D/NetUpdate( 2247): mBootCheckZipExist--->false
D/NetUpdate( 2247): progressValue--->0
D/NetUpdate( 2247): mWriteSD--->true
D/NetUpdate( 2247): mBootCheckZipExist--->false
D/NetUpdate( 2247): progressValue--->0
D/NetUpdate( 2247): mWriteSD--->true
D/NetUpdate( 2247): mBootCheckZipExist--->false
D/NetUpdate( 2247): progressValue--->0
D/NetUpdate( 2247): mWriteSD--->true
D/NetUpdate( 2247): mBootCheckZipExist--->false
D/NetUpdate( 2247): progressValue--->0
D/NetUpdate( 2247): mWriteSD--->true
D/NetUpdate( 2247): mBootCheckZipExist--->false

[ 1747.625768] IR: [03932] scan key value is 0xeb148000 
[ 1747.625772]  E/WindowManager(  937): ##############################dispatchUnhandledKey

[ 1747.687208] IR: [03932] scan key value is 0xeb148000 
[ 1747.687212]  
[ 1747.935009] IR: [03932] scan key value is 0xeb148000 
[ 1747.935014]  E/WindowManager(  937): ##############################dispatchUnhandledKey
D/NetUpdate( 2247): progressValue--->0
D/NetUpdate( 2247): mWriteSD--->true
D/NetUpdate( 2247): mBootCheckZipExist--->false

[ 1747.996389] IR: [03932] scan key value is 0xeb148000 
[ 1747.996394]  
[ 1748.196007] IR: [03932] scan key value is 0xeb148000 
[ 1748.196011]  E/WindowManager(  937): ##############################dispatchUnhandledKey
D/NetUpdate( 2247): progressValue--->0
D/NetUpdate( 2247): mWriteSD--->true
D/NetUpdate( 2247): mBootCheckZipExist--->false

[ 1748.256608] IR: [03932] scan key value is 0xeb148000 
[ 1748.256612]  
[ 1748.546030] IR: [03932] scan key value is 0xeb148000 
[ 1748.546035]  E/WindowManager(  937): ##############################dispatchUnhandledKey

[ 1748.606903] IR: [03932] scan key value is 0xeb148000 
[ 1748.606907]  
[ 1748.867993] IR: [03932] scan key value is 0xee118000 
[ 1748.867997]  E/WindowManager(  937): ##############################dispatchUnhandledKey

[ 1748.929223] IR: [03932] scan key value is 0xee118000 
[ 1748.929228]  D/NetUpdate( 2247): progressValue--->0
D/NetUpdate( 2247): mWriteSD--->true
D/NetUpdate( 2247): mBootCheckZipExist--->false
D/NetUpdate( 2247): progressValue--->0
D/NetUpdate( 2247): mWriteSD--->true
D/NetUpdate( 2247): mBootCheckZipExist--->false

[ 1749.334213] IR: [03932] scan key value is 0xeb148000 
[ 1749.334218]  E/WindowManager(  937): ##############################dispatchUnhandledKey

[ 1749.395154] IR: [03932] scan key value is 0xeb148000 
[ 1749.395158]  
[ 1749.503675] IR: [03932] scan key value is 0xeb148000 
[ 1749.503680]  D/NetUpdate( 2247): progressValue--->0
D/NetUpdate( 2247): mWriteSD--->true
D/NetUpdate( 2247): mBootCheckZipExist--->false

[ 1750.123420] IR: [03932] scan key value is 0xea158000 
[ 1750.123425]  
[ 1750.184128] IR: [03932] scan key value is 0xea158000 
[ 1750.184133]  E/fbdev   ( 1021): Attention! GFLIP time out, force update gop ring buffer!
D/NetUpdate( 2247): progressValue--->0
D/NetUpdate( 2247): mWriteSD--->true
D/NetUpdate( 2247): mBootCheckZipExist--->false
E/fbdev   ( 1021): Attention! GFLIP time out, force update gop ring buffer!

[ 1750.507423] IR: [03932] scan key value is 0xec138000 
[ 1750.507427]  
[ 1750.568190] IR: [03932] scan key value is 0xec138000 
[ 1750.568195]  D/dalvikvm( 2247): GC_CONCURRENT freed 2109K, 16% free 32499K/38531K, paused 2ms+11ms
E/fbdev   ( 1021): Attention! GFLIP time out, force update gop ring buffer!
D/NetUpdate( 2247): progressValue--->0
D/NetUpdate( 2247): mWriteSD--->true
D/NetUpdate( 2247): mBootCheckZipExist--->false
D/dalvikvm( 1657): GC_CONCURRENT freed 707K, 64% free 2870K/7939K, paused 2ms+2ms
E/CACHE   ( 1872): cleared
I/zomut.watchdog.monitor( 1872): initgather
D/dalvikvm( 1657): GC_CONCURRENT freed 705K, 64% free 2870K/7939K, paused 2ms+2ms
I/zomut.watchdog.monitor( 1872): endgather
I/zomut.watchdog.monitor( 1872): init
I/zomut.watchdog.monitor( 1872): end
D/dalvikvm( 1657): GC_CONCURRENT freed 707K, 64% free 2870K/7939K, paused 2ms+3ms
D/NetUpdate( 2247): progressValue--->0
D/NetUpdate( 2247): mWriteSD--->true
D/NetUpdate( 2247): mBootCheckZipExist--->false

[ 1752.506917] IR: [03932] scan key value is 0xbc438000 
[ 1752.506921]  E/WindowManager(  937): ##############################dispatchUnhandledKey
D/NetUpdate( 2247): progressValue--->0
D/NetUpdate( 2247): mWriteSD--->true
D/NetUpdate( 2247): mBootCheckZipExist--->false
D/NetUpdate( 2247): progressValue--->0
D/NetUpdate( 2247): mWriteSD--->true
D/NetUpdate( 2247): mBootCheckZipExist--->false
D/HomePlayerLib( 1657): hostaddress count is 1
D/dalvikvm( 1657): GC_CONCURRENT freed 724K, 63% free 2963K/7939K, paused 2ms+3ms
D/dalvikvm( 1657): GC_CONCURRENT freed 837K, 64% free 2865K/7939K, paused 2ms+3ms
D/dalvikvm( 1657): GC_CONCURRENT freed 701K, 63% free 2973K/7939K, paused 2ms+3ms
D/dalvikvm( 1657): GC_CONCURRENT freed 852K, 64% free 2887K/7939K, paused 2ms+2ms
D/NetUpdate( 2247): progressValue--->0
D/NetUpdate( 2247): mWriteSD--->true
D/NetUpdate( 2247): mBootCheckZipExist--->false
D/dalvikvm( 1657): GC_CONCURRENT freed 719K, 64% free 2874K/7939K, paused 2ms+3ms
D/NetUpdate( 2247): progressValue--->0
D/NetUpdate( 2247): mWriteSD--->true
D/NetUpdate( 2247): mBootCheckZipExist--->false
D/dalvikvm( 1657): GC_CONCURRENT freed 719K, 64% free 2869K/7939K, paused 3ms+3ms
D/NetUpdate( 2247): progressValue--->0
D/NetUpdate( 2247): mWriteSD--->true
D/NetUpdate( 2247): mBootCheckZipExist--->false
D/NetUpdate( 2247): progressValue--->0
D/NetUpdate( 2247): mWriteSD--->true
D/NetUpdate( 2247): mBootCheckZipExist--->false
D/NetUpdate( 2247): progressValue--->0
D/NetUpdate( 2247): mWriteSD--->true
D/NetUpdate( 2247): mBootCheckZipExist--->false
D/NetUpdate( 2247): progressValue--->0
D/NetUpdate( 2247): mWriteSD--->true
D/NetUpdate( 2247): mBootCheckZipExist--->false
I/HighSet_WirlessNetwork( 2247): -------------------------SSID= TP_LINK_TEST_5GHz_D8070A ----------Adress= 8c:21:0a:d8:07:0a
V/HighSet_WirlessNetwork( 2247): !!!!!!!! remove ssid:123
I/QuickSet( 2247): ===============================    ping shibai   ============
D/NetUpdate( 2247): progressValue--->0
D/NetUpdate( 2247): mWriteSD--->true
D/NetUpdate( 2247): mBootCheckZipExist--->false
D/NetUpdate( 2247): progressValue--->0
D/NetUpdate( 2247): mWriteSD--->true
D/NetUpdate( 2247): mBootCheckZipExist--->false
V/EthernetMonitor(  937): get event 
V/EthernetMonitor(  937): go poll events
V/EthernetMonitor(  937): get event 
V/EthernetMonitor(  937): go poll events
D/HomePlayerLib( 1657): hostaddress count is 1
D/dalvikvm( 1657): GC_CONCURRENT freed 844K, 64% free 2862K/7939K, paused 3ms+2ms
D/dalvikvm( 1657): GC_CONCURRENT freed 702K, 63% free 3009K/7939K, paused 3ms+2ms
D/dalvikvm( 1657): GC_CONCURRENT freed 868K, 63% free 3001K/7939K, paused 2ms+3ms
D/dalvikvm( 1657): GC_CONCURRENT freed 894K, 65% free 2843K/7939K, paused 2ms+3ms
D/NetUpdate( 2247): progressValue--->0
D/NetUpdate( 2247): mWriteSD--->true
D/NetUpdate( 2247): mBootCheckZipExist--->false
D/dalvikvm( 1657): GC_CONCURRENT freed 666K, 64% free 2868K/7939K, paused 2ms+2ms
D/NetUpdate( 2247): progressValue--->0
D/NetUpdate( 2247): mWriteSD--->true
D/NetUpdate( 2247): mBootCheckZipExist--->false
D/NetUpdate( 2247): progressValue--->0
D/NetUpdate( 2247): mWriteSD--->true
D/NetUpdate( 2247): mBootCheckZipExist--->false
D/NetUpdate( 2247): progressValue--->0
D/NetUpdate( 2247): mWriteSD--->true
D/NetUpdate( 2247): mBootCheckZipExist--->false
D/NetUpdate( 2247): progressValue--->0
D/NetUpdate( 2247): mWriteSD--->true
D/NetUpdate( 2247): mBootCheckZipExist--->false
D/NetUpdate( 2247): progressValue--->0
D/NetUpdate( 2247): mWriteSD--->true
D/NetUpdate( 2247): mBootCheckZipExist--->false
D/NetUpdate( 2247): progressValue--->0
D/NetUpdate( 2247): mWriteSD--->true
D/NetUpdate( 2247): mBootCheckZipExist--->false
D/NetUpdate( 2247): progressValue--->0
D/NetUpdate( 2247): mWriteSD--->true
D/NetUpdate( 2247): mBootCheckZipExist--->false
D/dalvikvm( 1657): GC_CONCURRENT freed 723K, 65% free 2839K/7939K, paused 2ms+3ms
D/NetUpdate( 2247): progressValue--->0
D/NetUpdate( 2247): mWriteSD--->true
D/NetUpdate( 2247): mBootCheckZipExist--->false
D/dalvikvm( 1657): GC_CONCURRENT freed 664K, 64% free 2868K/7939K, paused 2ms+2ms
D/dalvikvm( 1657): GC_CONCURRENT freed 705K, 64% free 2870K/7939K, paused 2ms+2ms
D/dalvikvm( 1657): GC_CONCURRENT freed 703K, 64% free 2870K/7939K, paused 2ms+2ms
D/NetUpdate( 2247): progressValue--->0
D/NetUpdate( 2247): mWriteSD--->true
D/NetUpdate( 2247): mBootCheckZipExist--->false
D/dalvikvm( 1657): GC_CONCURRENT freed 704K, 64% free 2870K/7939K, paused 2ms+2ms
D/NetUpdate( 2247): progressValue--->0
D/NetUpdate( 2247): mWriteSD--->true
D/NetUpdate( 2247): mBootCheckZipExist--->false
D/dalvikvm( 1657): GC_CONCURRENT freed 705K, 64% free 2865K/7939K, paused 2ms+2ms
D/dalvikvm( 1657): GC_CONCURRENT freed 704K, 64% free 2869K/7939K, paused 2ms+2ms
D/NetUpdate( 2247): progressValue--->0
D/NetUpdate( 2247): mWriteSD--->true
D/NetUpdate( 2247): mBootCheckZipExist--->false
D/NetUpdate( 2247): progressValue--->0
D/NetUpdate( 2247): mWriteSD--->true
D/NetUpdate( 2247): mBootCheckZipExist--->false
D/NetUpdate( 2247): progressValue--->0
D/NetUpdate( 2247): mWriteSD--->true
D/NetUpdate( 2247): mBootCheckZipExist--->false
D/NetUpdate( 2247): progressValue--->0
D/NetUpdate( 2247): mWriteSD--->true
D/NetUpdate( 2247): mBootCheckZipExist--->false
D/NetUpdate( 2247): progressValue--->0
D/NetUpdate( 2247): mWriteSD--->true
D/NetUpdate( 2247): mBootCheckZipExist--->false
D/NetUpdate( 2247): progressValue--->0
D/NetUpdate( 2247): mWriteSD--->true
D/NetUpdate( 2247): mBootCheckZipExist--->false
D/NetUpdate( 2247): progressValue--->0
D/NetUpdate( 2247): mWriteSD--->true
D/NetUpdate( 2247): mBootCheckZipExist--->false
D/HomePlayerLib( 1657): hostaddress count is 1
D/dalvikvm( 1657): GC_CONCURRENT freed 723K, 65% free 2849K/7939K, paused 2ms+2ms
D/dalvikvm( 1657): GC_CONCURRENT freed 698K, 63% free 3005K/7939K, paused 2ms+2ms
D/NetUpdate( 2247): progressValue--->0
D/NetUpdate( 2247): mWriteSD--->true
D/NetUpdate( 2247): mBootCheckZipExist--->false
D/dalvikvm( 1657): GC_CONCURRENT freed 879K, 63% free 2997K/7939K, paused 2ms+3ms
D/NetUpdate( 2247): progressValue--->0
D/NetUpdate( 2247): mWriteSD--->true
D/NetUpdate( 2247): mBootCheckZipExist--->false
D/dalvikvm( 1657): GC_CONCURRENT freed 877K, 64% free 2884K/7939K, paused 2ms+3ms
D/dalvikvm( 1657): GC_CONCURRENT freed 734K, 64% free 2866K/7939K, paused 2ms+2ms
D/NetUpdate( 2247): progressValue--->0
D/NetUpdate( 2247): mWriteSD--->true
D/NetUpdate( 2247): mBootCheckZipExist--->false
D/NetUpdate( 2247): progressValue--->0
D/NetUpdate( 2247): mWriteSD--->true
D/NetUpdate( 2247): mBootCheckZipExist--->false
D/NetUpdate( 2247): progressValue--->0
D/NetUpdate( 2247): mWriteSD--->true
D/NetUpdate( 2247): mBootCheckZipExist--->false
D/NetUpdate( 2247): progressValue--->0
D/NetUpdate( 2247): mWriteSD--->true
D/NetUpdate( 2247): mBootCheckZipExist--->false
D/NetUpdate( 2247): progressValue--->0
D/NetUpdate( 2247): mWriteSD--->true
D/NetUpdate( 2247): mBootCheckZipExist--->false
D/NetUpdate( 2247): progressValue--->0
D/NetUpdate( 2247): mWriteSD--->true
D/NetUpdate( 2247): mBootCheckZipExist--->false
D/NetUpdate( 2247): progressValue--->0
D/NetUpdate( 2247): mWriteSD--->true
D/NetUpdate( 2247): mBootCheckZipExist--->false
D/NetUpdate( 2247): progressValue--->0
D/NetUpdate( 2247): mWriteSD--->true
D/NetUpdate( 2247): mBootCheckZipExist--->false
D/NetUpdate( 2247): progressValue--->0
D/NetUpdate( 2247): mWriteSD--->true
D/NetUpdate( 2247): mBootCheckZipExist--->false
D/NetUpdate( 2247): progressValue--->0
D/NetUpdate( 2247): mWriteSD--->true
D/NetUpdate( 2247): mBootCheckZipExist--->false
D/NetUpdate( 2247): progressValue--->0
D/NetUpdate( 2247): mWriteSD--->true
D/NetUpdate( 2247): mBootCheckZipExist--->false
D/NetUpdate( 2247): progressValue--->0
D/NetUpdate( 2247): mWriteSD--->true
D/NetUpdate( 2247): mBootCheckZipExist--->false
D/NetUpdate( 2247): progressValue--->0
D/NetUpdate( 2247): mWriteSD--->true
D/NetUpdate( 2247): mBootCheckZipExist--->false
D/NetUpdate( 2247): progressValue--->0
D/NetUpdate( 2247): mWriteSD--->true
D/NetUpdate( 2247): mBootCheckZipExist--->false
D/NetUpdate( 2247): progressValue--->0
D/NetUpdate( 2247): mWriteSD--->true
D/NetUpdate( 2247): mBootCheckZipExist--->false
D/NetUpdate( 2247): progressValue--->0
D/NetUpdate( 2247): mWriteSD--->true
D/NetUpdate( 2247): mBootCheckZipExist--->false
D/NetUpdate( 2247): progressValue--->0
D/NetUpdate( 2247): mWriteSD--->true
D/NetUpdate( 2247): mBootCheckZipExist--->false
D/NetUpdate( 2247): progressValue--->0
D/NetUpdate( 2247): mWriteSD--->true
D/NetUpdate( 2247): mBootCheckZipExist--->false
D/NetUpdate( 2247): progressValue--->0
D/NetUpdate( 2247): mWriteSD--->true
D/NetUpdate( 2247): mBootCheckZipExist--->false
D/NetUpdate( 2247): progressValue--->0
D/NetUpdate( 2247): mWriteSD--->true
D/NetUpdate( 2247): mBootCheckZipExist--->false
D/dalvikvm( 1657): GC_CONCURRENT freed 792K, 64% free 2908K/7939K, paused 3ms+3ms
D/HomePlayerLib( 1657): hostaddress count is 1
D/PushMsgCenter( 1613): mDownUpRun run while (true)
D/PushMsgCenter( 1613): down  
D/dalvikvm( 1657): GC_CONCURRENT freed 774K, 64% free 2862K/7939K, paused 2ms+3ms
D/dalvikvm( 1657): GC_CONCURRENT freed 703K, 63% free 2961K/7939K, paused 2ms+2ms
D/NetUpdate( 2247): progressValue--->0
D/NetUpdate( 2247): mWriteSD--->true
D/NetUpdate( 2247): mBootCheckZipExist--->false
D/NetUpdate( 2247): progressValue--->0
D/NetUpdate( 2247): mWriteSD--->true
D/NetUpdate( 2247): mBootCheckZipExist--->false
D/dalvikvm( 1657): GC_CONCURRENT freed 841K, 63% free 2963K/7939K, paused 2ms+2ms
D/dalvikvm( 1657): GC_CONCURRENT freed 844K, 65% free 2856K/7939K, paused 2ms+3ms
D/dalvikvm( 1657): GC_CONCURRENT freed 685K, 63% free 2989K/7939K, paused 2ms+2ms
D/CheckNetWork( 1644): isOk true
D/CheckNetWork( 1644): ActInfoNetworkInfo: type: WIFI[], state: CONNECTED/CONNECTED, reason: (unspecified), extra: (none), roaming: false, failover: false, isAvailable: true
D/CheckNetWork( 1644): infoNetworkInfo: type: WIFI[], state: CONNECTED/CONNECTED, reason: (unspecified), extra: (none), roaming: false, failover: false, isAvailable: true
D/NetUpdate( 2247): progressValue--->0
D/NetUpdate( 2247): mWriteSD--->true
D/NetUpdate( 2247): mBootCheckZipExist--->false

[ 1799.229242] IR: [03932] scan key value is 0xbc438000 
[ 1799.229247]  I/main_setcenter( 2247): BackDoorIndex:0
I/main_setcenter( 2247): BackDoorKey[BackDoorIndex]:21
I/main_setcenter( 2247): KeyCode:223
E/WindowManager(  937): ##############################dispatchUnhandledKey
D/NetUpdate( 2247): progressValue--->0
D/NetUpdate( 2247): mWriteSD--->true
D/NetUpdate( 2247): mBootCheckZipExist--->false
I/dalvikvm(  937): Jit: resizing JitTable from 8192 to 16384
D/NetUpdate( 2247): progressValue--->0
D/NetUpdate( 2247): mWriteSD--->true
D/NetUpdate( 2247): mBootCheckZipExist--->false
D/NetUpdate( 2247): progressValue--->0
D/NetUpdate( 2247): mWriteSD--->true
D/NetUpdate( 2247): mBootCheckZipExist--->false
D/NetUpdate( 2247): progressValue--->0
D/NetUpdate( 2247): mWriteSD--->true
D/NetUpdate( 2247): mBootCheckZipExist--->false
D/NetUpdate( 2247): progressValue--->0
D/NetUpdate( 2247): mWriteSD--->true
D/NetUpdate( 2247): mBootCheckZipExist--->false
D/NetUpdate( 2247): progressValue--->0
D/NetUpdate( 2247): mWriteSD--->true
D/NetUpdate( 2247): mBootCheckZipExist--->false
D/dalvikvm( 1657): GC_CONCURRENT freed 875K, 64% free 2883K/7939K, paused 2ms+3ms

[ 1802.300647] IR: [03932] scan key value is 0xb6498000 
[ 1802.300652]  I/main_setcenter( 2247): BackDoorIndex:0
I/main_setcenter( 2247): BackDoorKey[BackDoorIndex]:21
I/main_setcenter( 2247): KeyCode:166
E/WindowManager(  937): ##############################dispatchUnhandledKey
D/NetUpdate( 2247): progressValue--->0
D/NetUpdate( 2247): mWriteSD--->true
D/NetUpdate( 2247): mBootCheckZipExist--->false
D/dalvikvm( 1657): GC_CONCURRENT freed 717K, 64% free 2870K/7939K, paused 2ms+3ms
D/dalvikvm( 1657): GC_CONCURRENT freed 704K, 64% free 2870K/7939K, paused 1ms+2ms
D/dalvikvm( 1657): GC_CONCURRENT freed 705K, 64% free 2870K/7939K, paused 2ms+2ms
D/NetUpdate( 2247): progressValue--->0
D/NetUpdate( 2247): mWriteSD--->true
D/NetUpdate( 2247): mBootCheckZipExist--->false
D/dalvikvm( 1657): GC_CONCURRENT freed 704K, 64% free 2868K/7939K, paused 2ms+3ms
D/NetUpdate( 2247): progressValue--->0
D/NetUpdate( 2247): mWriteSD--->true
D/NetUpdate( 2247): mBootCheckZipExist--->false
D/dalvikvm( 1657): GC_CONCURRENT freed 704K, 64% free 2870K/7939K, paused 2ms+2ms
D/dalvikvm( 1657): GC_CONCURRENT freed 705K, 64% free 2869K/7939K, paused 3ms+3ms
D/NetUpdate( 2247): progressValue--->0
D/NetUpdate( 2247): mWriteSD--->true
D/NetUpdate( 2247): mBootCheckZipExist--->false
D/NetUpdate( 2247): progressValue--->0
D/NetUpdate( 2247): mWriteSD--->true
D/NetUpdate( 2247): mBootCheckZipExist--->false
D/NetUpdate( 2247): progressValue--->0
D/NetUpdate( 2247): mWriteSD--->true
D/NetUpdate( 2247): mBootCheckZipExist--->false
D/NetUpdate( 2247): progressValue--->0
D/NetUpdate( 2247): mWriteSD--->true
D/NetUpdate( 2247): mBootCheckZipExist--->false
D/NetUpdate( 2247): progressValue--->0
D/NetUpdate( 2247): mWriteSD--->true
D/NetUpdate( 2247): mBootCheckZipExist--->false
D/NetUpdate( 2247): progressValue--->0
D/NetUpdate( 2247): mWriteSD--->true
D/NetUpdate( 2247): mBootCheckZipExist--->false
D/NetUpdate( 2247): progressValue--->0
D/NetUpdate( 2247): mWriteSD--->true
D/NetUpdate( 2247): mBootCheckZipExist--->false
D/NetUpdate( 2247): progressValue--->0
D/NetUpdate( 2247): mWriteSD--->true
D/NetUpdate( 2247): mBootCheckZipExist--->false
D/NetUpdate( 2247): progressValue--->0
D/NetUpdate( 2247): mWriteSD--->true
D/NetUpdate( 2247): mBootCheckZipExist--->false
D/NetUpdate( 2247): progressValue--->0
D/NetUpdate( 2247): mWriteSD--->true
D/NetUpdate( 2247): mBootCheckZipExist--->false
D/HomePlayerLib( 1657): hostaddress count is 1
D/dalvikvm( 1657): GC_CONCURRENT freed 721K, 64% free 2860K/7939K, paused 2ms+2ms
D/dalvikvm( 1657): GC_CONCURRENT freed 701K, 64% free 2879K/7939K, paused 2ms+2ms
D/dalvikvm( 1657): GC_CONCURRENT freed 715K, 64% free 2883K/7939K, paused 2ms+3ms
D/NetUpdate( 2247): progressValue--->0
D/NetUpdate( 2247): mWriteSD--->true
D/NetUpdate( 2247): mBootCheckZipExist--->false
D/dalvikvm( 1657): GC_CONCURRENT freed 717K, 64% free 2865K/7939K, paused 2ms+3ms
D/NetUpdate( 2247): progressValue--->0
D/NetUpdate( 2247): mWriteSD--->true
D/NetUpdate( 2247): mBootCheckZipExist--->false
D/dalvikvm( 1657): GC_CONCURRENT freed 708K, 64% free 2864K/7939K, paused 2ms+3ms
D/NetUpdate( 2247): progressValue--->0
D/NetUpdate( 2247): mWriteSD--->true
D/NetUpdate( 2247): mBootCheckZipExist--->false
D/NetUpdate( 2247): progressValue--->0
D/NetUpdate( 2247): mWriteSD--->true
D/NetUpdate( 2247): mBootCheckZipExist--->false
D/NetUpdate( 2247): progressValue--->0
D/NetUpdate( 2247): mWriteSD--->true
D/NetUpdate( 2247): mBootCheckZipExist--->false
D/NetUpdate( 2247): progressValue--->0
D/NetUpdate( 2247): mWriteSD--->true
D/NetUpdate( 2247): mBootCheckZipExist--->false
E/CACHE   ( 1872): cleared
I/zomut.watchdog.monitor( 1872): initgather
D/dalvikvm( 1872): GC_CONCURRENT freed 1946K, 46% free 6834K/12611K, paused 2ms+3ms
I/zomut.watchdog.monitor( 1872): endgather
I/zomut.watchdog.monitor( 1872): init
D/NetUpdate( 2247): progressValue--->0
D/NetUpdate( 2247): mWriteSD--->true
D/NetUpdate( 2247): mBootCheckZipExist--->false
I/zomut.watchdog.monitor( 1872): end
D/NetUpdate( 2247): progressValue--->0
D/NetUpdate( 2247): mWriteSD--->true
D/NetUpdate( 2247): mBootCheckZipExist--->false
D/NetUpdate( 2247): progressValue--->0
D/NetUpdate( 2247): mWriteSD--->true
D/NetUpdate( 2247): mBootCheckZipExist--->false
D/NetUpdate( 2247): progressValue--->0
D/NetUpdate( 2247): mWriteSD--->true
D/NetUpdate( 2247): mBootCheckZipExist--->false
D/NetUpdate( 2247): progressValue--->0
D/NetUpdate( 2247): mWriteSD--->true
D/NetUpdate( 2247): mBootCheckZipExist--->false
D/NetUpdate( 2247): progressValue--->0
D/NetUpdate( 2247): mWriteSD--->true
D/NetUpdate( 2247): mBootCheckZipExist--->false
D/NetUpdate( 2247): progressValue--->0
D/NetUpdate( 2247): mWriteSD--->true
D/NetUpdate( 2247): mBootCheckZipExist--->false
D/NetUpdate( 2247): progressValue--->0
D/NetUpdate( 2247): mWriteSD--->true
D/NetUpdate( 2247): mBootCheckZipExist--->false
D/NetUpdate( 2247): progressValue--->0
D/NetUpdate( 2247): mWriteSD--->true
D/NetUpdate( 2247): mBootCheckZipExist--->false
D/NetUpdate( 2247): progressValue--->0
D/NetUpdate( 2247): mWriteSD--->true
D/NetUpdate( 2247): mBootCheckZipExist--->false
D/NetUpdate( 2247): progressValue--->0
D/NetUpdate( 2247): mWriteSD--->true
D/NetUpdate( 2247): mBootCheckZipExist--->false
D/NetUpdate( 2247): progressValue--->0
D/NetUpdate( 2247): mWriteSD--->true
D/NetUpdate( 2247): mBootCheckZipExist--->false
D/NetUpdate( 2247): progressValue--->0
D/NetUpdate( 2247): mWriteSD--->true
D/NetUpdate( 2247): mBootCheckZipExist--->false
D/NetUpdate( 2247): progressValue--->0
D/NetUpdate( 2247): mWriteSD--->true
D/NetUpdate( 2247): mBootCheckZipExist--->false
D/dalvikvm( 1657): GC_CONCURRENT freed 717K, 64% free 2875K/7939K, paused 2ms+3ms
D/NetUpdate( 2247): progressValue--->0
D/NetUpdate( 2247): mWriteSD--->true
D/NetUpdate( 2247): mBootCheckZipExist--->false
D/HomePlayerLib( 1657): hostaddress count is 1
D/dalvikvm( 1657): GC_CONCURRENT freed 723K, 64% free 2860K/7939K, paused 2ms+2ms
D/dalvikvm( 1657): GC_CONCURRENT freed 701K, 64% free 2865K/7939K, paused 2ms+3ms
D/NetUpdate( 2247): progressValue--->0
D/NetUpdate( 2247): mWriteSD--->true
D/NetUpdate( 2247): mBootCheckZipExist--->false
D/dalvikvm( 1657): GC_CONCURRENT freed 699K, 64% free 2870K/7939K, paused 2ms+3ms
D/dalvikvm( 1657): GC_CONCURRENT freed 705K, 64% free 2869K/7939K, paused 2ms+3ms
D/dalvikvm( 1657): GC_CONCURRENT freed 818K, 64% free 2860K/7939K, paused 2ms+3ms
D/NetUpdate( 2247): progressValue--->0
D/NetUpdate( 2247): mWriteSD--->true
D/NetUpdate( 2247): mBootCheckZipExist--->false
I/NetworkConnect( 2247): //////@Override//////@Override//////@Override//////@Override//////@Override//////@Override//////@Override//////@Override2
I/System  ( 2247): Failed to destroy process 2670
I/System  ( 2247): libcore.io.ErrnoException: kill failed: ESRCH (No such process)
I/System  ( 2247):      at libcore.io.Posix.kill(Native Method)
I/System  ( 2247):      at libcore.io.ForwardingOs.kill(ForwardingOs.java:77)
I/System  ( 2247):      at java.lang.ProcessManager$ProcessImpl.destroy(ProcessManager.java:257)
I/System  ( 2247):      at com.coship.dvbsetting.netsetting.quicksetservice.NetworkConnect.execueteCommand(NetworkConnect.java:167)
I/System  ( 2247):      at com.coship.dvbsetting.netsetting.quicksetservice.NetworkConnect.CheckNet(NetworkConnect.java:70)
I/System  ( 2247):      at com.coship.dvbsetting.netsetting.QuickSet$MyThread.run(QuickSet.java:306)
I/QuickSet( 2247): --------------------CheckNet fail----openwifi------
V/WifiList.java( 2247): !!!!!!!!!<init>  wifi is open !!!!!!!!!!!!
V/WifiList.java( 2247): !!!!!<BroadcastReceiver>====opened==
I/WifiList.java( 2247): =======================CONNECTED------------CHECKNET===========
I/QuickSet( 2247): ===============================  CHECKNET  ============
I/NetworkConnect( 2247): //////@Override//////@Override//////@Override//////@Override//////@Override//////@Override//////@Override//////@Override
I/NetworkConnect( 2247): Execute command :ping -c 1 -w 100 www.baidu.com
D/dalvikvm( 1657): GC_CONCURRENT freed 686K, 63% free 2989K/7939K, paused 2ms+3ms
D/NetUpdate( 2247): progressValue--->0
D/NetUpdate( 2247): mWriteSD--->true
D/NetUpdate( 2247): mBootCheckZipExist--->false
D/NetUpdate( 2247): progressValue--->0
D/NetUpdate( 2247): mWriteSD--->true
D/NetUpdate( 2247): mBootCheckZipExist--->false
D/NetUpdate( 2247): progressValue--->0
D/NetUpdate( 2247): mWriteSD--->true
D/NetUpdate( 2247): mBootCheckZipExist--->false
D/NetUpdate( 2247): progressValue--->0
D/NetUpdate( 2247): mWriteSD--->true
D/NetUpdate( 2247): mBootCheckZipExist--->false
D/NetUpdate( 2247): progressValue--->0
D/NetUpdate( 2247): mWriteSD--->true
D/NetUpdate( 2247): mBootCheckZipExist--->false
D/NetUpdate( 2247): progressValue--->0
D/NetUpdate( 2247): mWriteSD--->true
D/NetUpdate( 2247): mBootCheckZipExist--->false
D/NetUpdate( 2247): progressValue--->0
D/NetUpdate( 2247): mWriteSD--->true
D/NetUpdate( 2247): mBootCheckZipExist--->false
D/NetUpdate( 2247): progressValue--->0
D/NetUpdate( 2247): mWriteSD--->true
D/NetUpdate( 2247): mBootCheckZipExist--->false
D/NetUpdate( 2247): progressValue--->0
D/NetUpdate( 2247): mWriteSD--->true
D/NetUpdate( 2247): mBootCheckZipExist--->false
D/NetUpdate( 2247): progressValue--->0
D/NetUpdate( 2247): mWriteSD--->true
D/NetUpdate( 2247): mBootCheckZipExist--->false
I/QuickSet( 2247): ===============================    ping shibai   ============
D/NetUpdate( 2247): progressValue--->0
D/NetUpdate( 2247): mWriteSD--->true
D/NetUpdate( 2247): mBootCheckZipExist--->false
D/NetUpdate( 2247): progressValue--->0
D/NetUpdate( 2247): mWriteSD--->true
D/NetUpdate( 2247): mBootCheckZipExist--->false
V/EthernetMonitor(  937): get event 
V/EthernetMonitor(  937): go poll events
V/EthernetMonitor(  937): get event 
V/EthernetMonitor(  937): go poll events
D/NetUpdate( 2247): progressValue--->0
D/NetUpdate( 2247): mWriteSD--->true
D/NetUpdate( 2247): mBootCheckZipExist--->false
D/NetUpdate( 2247): progressValue--->0
D/NetUpdate( 2247): mWriteSD--->true
D/NetUpdate( 2247): mBootCheckZipExist--->false
D/NetUpdate( 2247): progressValue--->0
D/NetUpdate( 2247): mWriteSD--->true
D/NetUpdate( 2247): mBootCheckZipExist--->false
D/NetUpdate( 2247): progressValue--->0
D/NetUpdate( 2247): mWriteSD--->true
D/NetUpdate( 2247): mBootCheckZipExist--->false
D/NetUpdate( 2247): progressValue--->0
D/NetUpdate( 2247): mWriteSD--->true
D/NetUpdate( 2247): mBootCheckZipExist--->false
D/NetUpdate( 2247): progressValue--->0
D/NetUpdate( 2247): mWriteSD--->true
D/NetUpdate( 2247): mBootCheckZipExist--->false
D/NetUpdate( 2247): progressValue--->0
D/NetUpdate( 2247): mWriteSD--->true
D/NetUpdate( 2247): mBootCheckZipExist--->false
D/HomePlayerLib( 1657): hostaddress count is 1
D/dalvikvm( 1657): GC_CONCURRENT freed 884K, 63% free 2960K/7939K, paused 2ms+2ms
I/NetworkConnect( 2247): //////@Override//////@Override//////@Override//////@Override//////@Override//////@Override//////@Override//////@Override2
I/System  ( 2247): Failed to destroy process 2684
I/System  ( 2247): libcore.io.ErrnoException: kill failed: ESRCH (No such process)
I/System  ( 2247):      at libcore.io.Posix.kill(Native Method)
I/System  ( 2247):      at libcore.io.ForwardingOs.kill(ForwardingOs.java:77)
I/System  ( 2247):      at java.lang.ProcessManager$ProcessImpl.destroy(ProcessManager.java:257)
I/System  ( 2247):      at com.coship.dvbsetting.netsetting.quicksetservice.NetworkConnect.execueteCommand(NetworkConnect.java:167)
I/System  ( 2247):      at com.coship.dvbsetting.netsetting.quicksetservice.NetworkConnect.CheckNet(NetworkConnect.java:70)
I/System  ( 2247):      at com.coship.dvbsetting.netsetting.QuickSet$1$1.run(QuickSet.java:197)
I/System  ( 2247):      at java.lang.Thread.run(Thread.java:856)
D/NetUpdate( 2247): progressValue--->0
D/NetUpdate( 2247): mWriteSD--->true
D/NetUpdate( 2247): mBootCheckZipExist--->false
D/dalvikvm( 1657): GC_CONCURRENT freed 828K, 63% free 3009K/7939K, paused 2ms+3ms
D/dalvikvm( 1657): GC_CONCURRENT freed 1007K, 65% free 2845K/7939K, paused 2ms+2ms
D/dalvikvm( 1657): GC_CONCURRENT freed 680K, 63% free 3008K/7939K, paused 2ms+3ms
D/NetUpdate( 2247): progressValue--->0
D/NetUpdate( 2247): mWriteSD--->true
D/NetUpdate( 2247): mBootCheckZipExist--->false
D/dalvikvm( 1657): GC_CONCURRENT freed 883K, 64% free 2913K/7939K, paused 2ms+2ms
D/NetUpdate( 2247): progressValue--->0
D/NetUpdate( 2247): mWriteSD--->true
D/NetUpdate( 2247): mBootCheckZipExist--->false
D/NetUpdate( 2247): progressValue--->0
D/NetUpdate( 2247): mWriteSD--->true
D/NetUpdate( 2247): mBootCheckZipExist--->false
D/NetUpdate( 2247): progressValue--->0
D/NetUpdate( 2247): mWriteSD--->true
D/NetUpdate( 2247): mBootCheckZipExist--->false
D/NetUpdate( 2247): progressValue--->0
D/NetUpdate( 2247): mWriteSD--->true
D/NetUpdate( 2247): mBootCheckZipExist--->false
D/NetUpdate( 2247): progressValue--->0
D/NetUpdate( 2247): mWriteSD--->true
D/NetUpdate( 2247): mBootCheckZipExist--->false
D/NetUpdate( 2247): progressValue--->0
D/NetUpdate( 2247): mWriteSD--->true
D/NetUpdate( 2247): mBootCheckZipExist--->false
D/NetUpdate( 2247): progressValue--->0
D/NetUpdate( 2247): mWriteSD--->true
D/NetUpdate( 2247): mBootCheckZipExist--->false
D/NetUpdate( 2247): progressValue--->0
D/NetUpdate( 2247): mWriteSD--->true
D/NetUpdate( 2247): mBootCheckZipExist--->false
D/NetUpdate( 2247): progressValue--->0
D/NetUpdate( 2247): mWriteSD--->true
D/NetUpdate( 2247): mBootCheckZipExist--->false
D/NetUpdate( 2247): progressValue--->0
D/NetUpdate( 2247): mWriteSD--->true
D/NetUpdate( 2247): mBootCheckZipExist--->false
D/NetUpdate( 2247): progressValue--->0
D/NetUpdate( 2247): mWriteSD--->true
D/NetUpdate( 2247): mBootCheckZipExist--->false
D/NetUpdate( 2247): progressValue--->0
D/NetUpdate( 2247): mWriteSD--->true
D/NetUpdate( 2247): mBootCheckZipExist--->false
D/NetUpdate( 2247): progressValue--->0
D/NetUpdate( 2247): mWriteSD--->true
D/NetUpdate( 2247): mBootCheckZipExist--->false
W/System.err( 1613): java.net.UnknownHostException: Unable to resolve host "vitv.voicecloud.cn": No address associated with hostname
W/System.err( 1613):    at java.net.InetAddress.lookupHostByName(InetAddress.java:426)
W/System.err( 1613):    at java.net.InetAddress.getAllByNameImpl(InetAddress.java:242)
W/System.err( 1613):    at java.net.InetAddress.getAllByName(InetAddress.java:220)
W/System.err( 1613):    at libcore.net.http.HttpConnection.<init>(HttpConnection.java:71)
W/System.err( 1613):    at libcore.net.http.HttpConnection.<init>(HttpConnection.java:50)
W/System.err( 1613):    at libcore.net.http.HttpConnection$Address.connect(HttpConnection.java:351)
W/System.err( 1613):    at libcore.net.http.HttpConnectionPool.get(HttpConnectionPool.java:86)
W/System.err( 1613):    at libcore.net.http.HttpConnection.connect(HttpConnection.java:128)
W/System.err( 1613):    at libcore.net.http.HttpEngine.openSocketConnection(HttpEngine.java:308)
W/System.err( 1613):    at libcore.net.http.HttpEngine.connect(HttpEngine.java:303)
W/System.err( 1613):    at libcore.net.http.HttpEngine.sendSocketRequest(HttpEngine.java:282)
W/System.err( 1613):    at libcore.net.http.HttpEngine.sendRequest(HttpEngine.java:232)
W/System.err( 1613):    at libcore.net.http.HttpURLConnectionImpl.getResponse(HttpURLConnectionImpl.java:273)
W/System.err( 1613):    at libcore.net.http.HttpURLConnectionImpl.getResponseCode(HttpURLConnectionImpl.java:479)
W/System.err( 1613):    at com.iflytek.push.PushMsgCenter.down(PushMsgCenter.java:270)
W/System.err( 1613):    at com.iflytek.push.PushMsgCenter.access$500(PushMsgCenter.java:37)
W/System.err( 1613):    at com.iflytek.push.PushMsgCenter$2.run(PushMsgCenter.java:175)
W/System.err( 1613):    at java.lang.Thread.run(Thread.java:856)
W/System.err( 1613): Caused by: libcore.io.GaiException: getaddrinfo failed: EAI_NODATA (No address associated with hostname)
W/System.err( 1613):    at libcore.io.Posix.getaddrinfo(Native Method)
W/System.err( 1613):    at libcore.io.ForwardingOs.getaddrinfo(ForwardingOs.java:55)
W/System.err( 1613):    at java.net.InetAddress.lookupHostByName(InetAddress.java:411)
W/System.err( 1613):    ... 17 more
D/NetUpdate( 2247): progressValue--->0
D/NetUpdate( 2247): mWriteSD--->true
D/NetUpdate( 2247): mBootCheckZipExist--->false
D/NetUpdate( 2247): progressValue--->0
D/NetUpdate( 2247): mWriteSD--->true
D/NetUpdate( 2247): mBootCheckZipExist--->false
D/NetUpdate( 2247): progressValue--->0
D/NetUpdate( 2247): mWriteSD--->true
D/NetUpdate( 2247): mBootCheckZipExist--->false
D/NetUpdate( 2247): progressValue--->0
D/NetUpdate( 2247): mWriteSD--->true
D/NetUpdate( 2247): mBootCheckZipExist--->false
D/NetUpdate( 2247): progressValue--->0
D/NetUpdate( 2247): mWriteSD--->true
D/NetUpdate( 2247): mBootCheckZipExist--->false
D/NetUpdate( 2247): progressValue--->0
D/NetUpdate( 2247): mWriteSD--->true
D/NetUpdate( 2247): mBootCheckZipExist--->false
D/HomePlayerLib( 1657): hostaddress count is 1
D/dalvikvm( 1657): GC_CONCURRENT freed 762K, 63% free 2984K/7939K, paused 2ms+3ms
D/dalvikvm( 1657): GC_CONCURRENT freed 862K, 64% free 2867K/7939K, paused 2ms+3ms
D/NetUpdate( 2247): progressValue--->0
D/NetUpdate( 2247): mWriteSD--->true
D/NetUpdate( 2247): mBootCheckZipExist--->false
D/dalvikvm( 1657): GC_CONCURRENT freed 701K, 64% free 2870K/7939K, paused 2ms+2ms
D/NetUpdate( 2247): progressValue--->0
D/NetUpdate( 2247): mWriteSD--->true
D/NetUpdate( 2247): mBootCheckZipExist--->false
D/dalvikvm( 1657): GC_CONCURRENT freed 705K, 64% free 2868K/7939K, paused 2ms+2ms
D/dalvikvm( 1657): GC_CONCURRENT freed 704K, 64% free 2869K/7939K, paused 2ms+2ms
D/dalvikvm( 1657): GC_CONCURRENT freed 718K, 64% free 2867K/7939K, paused 2ms+3ms
D/NetUpdate( 2247): progressValue--->0
D/NetUpdate( 2247): mWriteSD--->true
D/NetUpdate( 2247): mBootCheckZipExist--->false
D/NetUpdate( 2247): progressValue--->0
D/NetUpdate( 2247): mWriteSD--->true
D/NetUpdate( 2247): mBootCheckZipExist--->false
D/NetUpdate( 2247): progressValue--->0
D/NetUpdate( 2247): mWriteSD--->true
D/NetUpdate( 2247): mBootCheckZipExist--->false
D/NetUpdate( 2247): progressValue--->0
D/NetUpdate( 2247): mWriteSD--->true
D/NetUpdate( 2247): mBootCheckZipExist--->false
D/NetUpdate( 2247): progressValue--->0
D/NetUpdate( 2247): mWriteSD--->true
D/NetUpdate( 2247): mBootCheckZipExist--->false
D/dalvikvm( 1657): GC_CONCURRENT freed 704K, 63% free 2971K/7939K, paused 2ms+3ms
D/NetUpdate( 2247): progressValue--->0
D/NetUpdate( 2247): mWriteSD--->true
D/NetUpdate( 2247): mBootCheckZipExist--->false
D/dalvikvm( 1657): GC_CONCURRENT freed 855K, 65% free 2843K/7939K, paused 2ms+3ms
D/dalvikvm( 1657): GC_CONCURRENT freed 677K, 64% free 2870K/7939K, paused 2ms+3ms
D/dalvikvm( 1657): GC_CONCURRENT freed 704K, 64% free 2870K/7939K, paused 1ms+2ms
D/NetUpdate( 2247): progressValue--->0
D/NetUpdate( 2247): mWriteSD--->true
D/NetUpdate( 2247): mBootCheckZipExist--->false
D/NetUpdate( 2247): progressValue--->0
D/NetUpdate( 2247): mWriteSD--->true
D/NetUpdate( 2247): mBootCheckZipExist--->false
D/dalvikvm( 1657): GC_CONCURRENT freed 705K, 64% free 2870K/7939K, paused 2ms+2ms
D/dalvikvm( 1657): GC_CONCURRENT freed 704K, 64% free 2870K/7939K, paused 2ms+2ms
W/SingleClientConnManager( 1613): Invalid use of SingleClientConnManager: connection still allocated.
W/SingleClientConnManager( 1613): Make sure to release the connection before allocating another one.
D/dalvikvm( 1613): GC_CONCURRENT freed 288K, 67% free 1987K/6019K, paused 20ms+2ms
D/NetUpdate( 2247): progressValue--->0
D/NetUpdate( 2247): mWriteSD--->true
D/NetUpdate( 2247): mBootCheckZipExist--->false
D/NetUpdate( 2247): progressValue--->0
D/NetUpdate( 2247): mWriteSD--->true
D/NetUpdate( 2247): mBootCheckZipExist--->false
D/NetUpdate( 2247): progressValue--->0
D/NetUpdate( 2247): mWriteSD--->true
D/NetUpdate( 2247): mBootCheckZipExist--->false
D/NetUpdate( 2247): progressValue--->0
D/NetUpdate( 2247): mWriteSD--->true
D/NetUpdate( 2247): mBootCheckZipExist--->false
D/NetUpdate( 2247): progressValue--->0
D/NetUpdate( 2247): mWriteSD--->true
D/NetUpdate( 2247): mBootCheckZipExist--->false
D/NetUpdate( 2247): progressValue--->0
D/NetUpdate( 2247): mWriteSD--->true
D/NetUpdate( 2247): mBootCheckZipExist--->false
D/NetUpdate( 2247): progressValue--->0
D/NetUpdate( 2247): mWriteSD--->true
D/NetUpdate( 2247): mBootCheckZipExist--->false
D/NetUpdate( 2247): progressValue--->0
D/NetUpdate( 2247): mWriteSD--->true
D/NetUpdate( 2247): mBootCheckZipExist--->false
D/NetUpdate( 2247): progressValue--->0
D/NetUpdate( 2247): mWriteSD--->true
D/NetUpdate( 2247): mBootCheckZipExist--->false
D/NetUpdate( 2247): progressValue--->0
D/NetUpdate( 2247): mWriteSD--->true
D/NetUpdate( 2247): mBootCheckZipExist--->false
D/NetUpdate( 2247): progressValue--->0
D/NetUpdate( 2247): mWriteSD--->true
D/NetUpdate( 2247): mBootCheckZipExist--->false
D/NetUpdate( 2247): progressValue--->0
D/NetUpdate( 2247): mWriteSD--->true
D/NetUpdate( 2247): mBootCheckZipExist--->false
D/HomePlayerLib( 1657): hostaddress count is 1
D/dalvikvm( 1657): GC_CONCURRENT freed 723K, 64% free 2874K/7939K, paused 2ms+2ms
D/NetUpdate( 2247): progressValue--->0
D/NetUpdate( 2247): mWriteSD--->true
D/NetUpdate( 2247): mBootCheckZipExist--->false
D/dalvikvm( 1657): GC_CONCURRENT freed 715K, 63% free 3011K/7939K, paused 2ms+3ms
D/NetUpdate( 2247): progressValue--->0
D/NetUpdate( 2247): mWriteSD--->true
D/NetUpdate( 2247): mBootCheckZipExist--->false
D/dalvikvm( 1657): GC_CONCURRENT freed 902K, 64% free 2871K/7939K, paused 2ms+3ms
D/dalvikvm( 1657): GC_CONCURRENT freed 707K, 63% free 2955K/7939K, paused 2ms+3ms
D/dalvikvm( 1657): GC_CONCURRENT freed 835K, 65% free 2853K/7939K, paused 2ms+2ms
D/dalvikvm( 1657): GC_CONCURRENT freed 700K, 65% free 2842K/7939K, paused 2ms+2ms
D/NetUpdate( 2247): progressValue--->0
D/NetUpdate( 2247): mWriteSD--->true
D/NetUpdate( 2247): mBootCheckZipExist--->false
D/NetUpdate( 2247): progressValue--->0
D/NetUpdate( 2247): mWriteSD--->true
D/NetUpdate( 2247): mBootCheckZipExist--->false
I/ActivityManager(  937): No longer want com.coship.startwizard (pid 1786): hidden #16
I/ActivityManager(  937): No longer want com.coship.changetheaudiooutput (pid 1627): hidden #17
I/ActivityManager(  937): No longer want com.aidufei.cibn.uploadchecker (pid 1311): hidden #18
I/ActivityManager(  937): No longer want com.coship.cw880 (pid 1556): hidden #19
W/ActivityManager(  937): Scheduling restart of crashed service com.aidufei.cibn.uploadchecker/.service.LoadConfigService in 5000ms
W/ActivityManager(  937): Scheduling restart of crashed service com.coship.changetheaudiooutput/.AudioOutputServer in 14998ms
W/ActivityManager(  937): Scheduling restart of crashed service com.coship.cw880/.MonitorCw880 in 24984ms
I/EventLogService( 1287): Aggregate from 1366801062405 (log), 1366801062405 (data)
I/ActivityManager(  937): No longer want com.netease.vopen.tablet (pid 1855): hidden #16
D/NetUpdate( 2247): progressValue--->0
D/NetUpdate( 2247): mWriteSD--->true
D/NetUpdate( 2247): mBootCheckZipExist--->false
D/NetUpdate( 2247): progressValue--->0
D/NetUpdate( 2247): mWriteSD--->true
D/NetUpdate( 2247): mBootCheckZipExist--->false
D/NetUpdate( 2247): progressValue--->0
D/NetUpdate( 2247): mWriteSD--->true
D/NetUpdate( 2247): mBootCheckZipExist--->false
D/NetUpdate( 2247): progressValue--->0
D/NetUpdate( 2247): mWriteSD--->true
D/NetUpdate( 2247): mBootCheckZipExist--->false
D/NetUpdate( 2247): progressValue--->0
D/NetUpdate( 2247): mWriteSD--->true
D/NetUpdate( 2247): mBootCheckZipExist--->false
D/NetUpdate( 2247): progressValue--->0
D/NetUpdate( 2247): mWriteSD--->true
D/NetUpdate( 2247): mBootCheckZipExist--->false
D/NetUpdate( 2247): progressValue--->0
D/NetUpdate( 2247): mWriteSD--->true
D/NetUpdate( 2247): mBootCheckZipExist--->false
D/NetUpdate( 2247): progressValue--->0
D/NetUpdate( 2247): mWriteSD--->true
D/NetUpdate( 2247): mBootCheckZipExist--->false
D/CheckNetWork( 1644): isOk true
D/CheckNetWork( 1644): ActInfoNetworkInfo: type: WIFI[], state: CONNECTED/CONNECTED, reason: (unspecified), extra: (none), roaming: false, failover: false, isAvailable: true
D/CheckNetWork( 1644): infoNetworkInfo: type: WIFI[], state: CONNECTED/CONNECTED, reason: (unspecified), extra: (none), roaming: false, failover: false, isAvailable: true
I/ActivityManager(  937): Start proc com.aidufei.cibn.uploadchecker for service com.aidufei.cibn.uploadchecker/.service.LoadConfigService: pid=2689 uid=10002 gids={3003}
I/ActivityThread( 2689): Pub com.aidufei.cibn.auth: com.aidufei.cibn.uploadchecker.contentprovider.AuthResultProvider
D/NetUpdate( 2247): progressValue--->0
D/NetUpdate( 2247): mWriteSD--->true
D/NetUpdate( 2247): mBootCheckZipExist--->false
D/NetUpdate( 2247): progressValue--->0
D/NetUpdate( 2247): mWriteSD--->true
D/NetUpdate( 2247): mBootCheckZipExist--->false
D/NetUpdate( 2247): progressValue--->0
D/NetUpdate( 2247): mWriteSD--->true
D/NetUpdate( 2247): mBootCheckZipExist--->false
D/NetUpdate( 2247): progressValue--->0
D/NetUpdate( 2247): mWriteSD--->true
D/NetUpdate( 2247): mBootCheckZipExist--->false
D/NetUpdate( 2247): progressValue--->0
D/NetUpdate( 2247): mWriteSD--->true
D/NetUpdate( 2247): mBootCheckZipExist--->false
D/NetUpdate( 2247): progressValue--->0
D/NetUpdate( 2247): mWriteSD--->true
D/NetUpdate( 2247): mBootCheckZipExist--->false
D/NetUpdate( 2247): progressValue--->0
D/NetUpdate( 2247): mWriteSD--->true
D/NetUpdate( 2247): mBootCheckZipExist--->false
D/HomePlayerLib( 1657): hostaddress count is 1
D/dalvikvm( 1657): GC_CONCURRENT freed 691K, 63% free 2958K/7939K, paused 2ms+2ms
D/dalvikvm( 1657): GC_CONCURRENT freed 822K, 63% free 2972K/7939K, paused 2ms+3ms
D/NetUpdate( 2247): progressValue--->0
D/NetUpdate( 2247): mWriteSD--->true
D/NetUpdate( 2247): mBootCheckZipExist--->false
D/dalvikvm( 1657): GC_CONCURRENT freed 850K, 64% free 2895K/7939K, paused 2ms+2ms
D/NetUpdate( 2247): progressValue--->0
D/NetUpdate( 2247): mWriteSD--->true
D/NetUpdate( 2247): mBootCheckZipExist--->false
D/dalvikvm( 1657): GC_CONCURRENT freed 758K, 60% free 3180K/7939K, paused 2ms+3ms
D/dalvikvm( 1657): GC_CONCURRENT freed 1118K, 63% free 2983K/7939K, paused 2ms+3ms
D/NetUpdate( 2247): progressValue--->0
D/NetUpdate( 2247): mWriteSD--->true
D/NetUpdate( 2247): mBootCheckZipExist--->false
D/NetUpdate( 2247): progressValue--->0
D/NetUpdate( 2247): mWriteSD--->true
D/NetUpdate( 2247): mBootCheckZipExist--->false
D/NetUpdate( 2247): progressValue--->0
D/NetUpdate( 2247): mWriteSD--->true
D/NetUpdate( 2247): mBootCheckZipExist--->false
D/dalvikvm( 1657): GC_CONCURRENT freed 872K, 63% free 2968K/7939K, paused 2ms+3ms
D/NetUpdate( 2247): progressValue--->0
D/NetUpdate( 2247): mWriteSD--->true
D/NetUpdate( 2247): mBootCheckZipExist--->false
D/dalvikvm( 1657): GC_CONCURRENT freed 850K, 63% free 2966K/7939K, paused 2ms+3ms
D/dalvikvm( 1657): GC_CONCURRENT freed 844K, 63% free 2972K/7939K, paused 2ms+3ms
D/NetUpdate( 2247): progressValue--->0
D/NetUpdate( 2247): mWriteSD--->true
D/NetUpdate( 2247): mBootCheckZipExist--->false
D/dalvikvm( 1657): GC_CONCURRENT freed 854K, 65% free 2853K/7939K, paused 2ms+3ms
D/NetUpdate( 2247): progressValue--->0
D/NetUpdate( 2247): mWriteSD--->true
D/NetUpdate( 2247): mBootCheckZipExist--->false
D/dalvikvm( 1657): GC_CONCURRENT freed 678K, 64% free 2865K/7939K, paused 2ms+3ms
D/dalvikvm( 1657): GC_CONCURRENT freed 705K, 64% free 2865K/7939K, paused 2ms+3ms
D/NetUpdate( 2247): progressValue--->0
D/NetUpdate( 2247): mWriteSD--->true
D/NetUpdate( 2247): mBootCheckZipExist--->false
D/NetUpdate( 2247): progressValue--->0
D/NetUpdate( 2247): mWriteSD--->true
D/NetUpdate( 2247): mBootCheckZipExist--->false
D/NetUpdate( 2247): progressValue--->0
D/NetUpdate( 2247): mWriteSD--->true
D/NetUpdate( 2247): mBootCheckZipExist--->false
D/NetUpdate( 2247): progressValue--->0
D/NetUpdate( 2247): mWriteSD--->true
D/NetUpdate( 2247): mBootCheckZipExist--->false
I/ActivityManager(  937): Start proc com.coship.changetheaudiooutput for service com.coship.changetheaudiooutput/.AudioOutputServer: pid=2705 uid=10034 gids={3002, 3001, 3004}
D/dalvikvm(  742): GC_EXPLICIT freed 40K, 44% free 6574K/11651K, paused 2ms+3ms
I/ActivityManager(  937): No longer want com.iflytek.vac (pid 1613): hidden #16
W/ActivityManager(  937): Scheduling restart of crashed service com.iflytek.vaf/com.iflytek.vocmd.Context in 19892ms
W/ActivityManager(  937): Scheduling restart of crashed service com.iflytek.vaf/com.iflytek.vac.Manager in 29891ms
W/ActivityManager(  937): Scheduling restart of crashed service com.iflytek.vaf/com.iflytek.vocmd.StartService in 39891ms
D/dalvikvm(  742): GC_EXPLICIT freed <1K, 44% free 6574K/11651K, paused 2ms+21ms
D/NetUpdate( 2247): progressValue--->0
D/NetUpdate( 2247): mWriteSD--->true
D/NetUpdate( 2247): mBootCheckZipExist--->false
E/ActivityThread( 1644): Service com.iflytek.vaf.svc.VAFSvc has leaked IntentReceiver com.iflytek.vaf.svc.RemoteClientMonitor$5@4155bc88 that was originally registered here. Are you missing a call to unregisterReceiver()?
E/ActivityThread( 1644): android.app.IntentReceiverLeaked: Service com.iflytek.vaf.svc.VAFSvc has leaked IntentReceiver com.iflytek.vaf.svc.RemoteClientMonitor$5@4155bc88 that was originally registered here. Are you missing a call to unregisterReceiver()?
E/ActivityThread( 1644):        at android.app.LoadedApk$ReceiverDispatcher.<init>(LoadedApk.java:763)
E/ActivityThread( 1644):        at android.app.LoadedApk.getReceiverDispatcher(LoadedApk.java:567)
E/ActivityThread( 1644):        at android.app.ContextImpl.registerReceiverInternal(ContextImpl.java:1068)
E/ActivityThread( 1644):        at android.app.ContextImpl.registerReceiver(ContextImpl.java:1055)
E/ActivityThread( 1644):        at android.app.ContextImpl.registerReceiver(ContextImpl.java:1049)
E/ActivityThread( 1644):        at android.content.ContextWrapper.registerReceiver(ContextWrapper.java:341)
E/ActivityThread( 1644):        at com.iflytek.vaf.svc.RemoteClientMonitor.<init>(RemoteClientMonitor.java:270)
E/ActivityThread( 1644):        at com.iflytek.vaf.svc.VAFSvc$VafSvcImp.<init>(VAFSvc.java:268)
E/ActivityThread( 1644):        at com.iflytek.vaf.svc.VAFSvc.onCreate(VAFSvc.java:795)
E/ActivityThread( 1644):        at android.app.ActivityThread.handleCreateService(ActivityThread.java:2253)
E/ActivityThread( 1644):        at android.app.ActivityThread.access$1600(ActivityThread.java:123)
E/ActivityThread( 1644):        at android.app.ActivityThread$H.handleMessage(ActivityThread.java:1201)
E/ActivityThread( 1644):        at android.os.Handler.dispatchMessage(Handler.java:99)
E/ActivityThread( 1644):        at android.os.Looper.loop(Looper.java:137)
E/ActivityThread( 1644):        at android.app.ActivityThread.main(ActivityThread.java:4424)
E/ActivityThread( 1644):        at java.lang.reflect.Method.invokeNative(Native Method)
E/ActivityThread( 1644):        at java.lang.reflect.Method.invoke(Method.java:511)
E/ActivityThread( 1644):        at com.android.internal.os.ZygoteInit$MethodAndArgsCaller.run(ZygoteInit.java:848)
E/ActivityThread( 1644):        at com.android.internal.os.ZygoteInit.main(ZygoteInit.java:575)
E/ActivityThread( 1644):        at dalvik.system.NativeStart.main(Native Method)
D/dalvikvm(  742): GC_EXPLICIT freed <1K, 44% free 6574K/11651K, paused 3ms+2ms
E/ActivityThread( 1644): Service com.iflytek.vaf.svc.VAFSvc has leaked IntentReceiver com.iflytek.vaf.svc.CheckNetWork$1@413f1e58 that was originally registered here. Are you missing a call to unregisterReceiver()?
E/ActivityThread( 1644): android.app.IntentReceiverLeaked: Service com.iflytek.vaf.svc.VAFSvc has leaked IntentReceiver com.iflytek.vaf.svc.CheckNetWork$1@413f1e58 that was originally registered here. Are you missing a call to unregisterReceiver()?
E/ActivityThread( 1644):        at android.app.LoadedApk$ReceiverDispatcher.<init>(LoadedApk.java:763)
E/ActivityThread( 1644):        at android.app.LoadedApk.getReceiverDispatcher(LoadedApk.java:567)
E/ActivityThread( 1644):        at android.app.ContextImpl.registerReceiverInternal(ContextImpl.java:1068)
E/ActivityThread( 1644):        at android.app.ContextImpl.registerReceiver(ContextImpl.java:1055)
E/ActivityThread( 1644):        at android.app.ContextImpl.registerReceiver(ContextImpl.java:1049)
E/ActivityThread( 1644):        at android.content.ContextWrapper.registerReceiver(ContextWrapper.java:341)
E/ActivityThread( 1644):        at com.iflytek.vaf.svc.CheckNetWork.init(CheckNetWork.java:130)
E/ActivityThread( 1644):        at com.iflytek.vaf.svc.Talker.<init>(Talker.java:319)
E/ActivityThread( 1644):        at com.iflytek.vaf.svc.VAFSvc$VafSvcImp.<init>(VAFSvc.java:267)
E/ActivityThread( 1644):        at com.iflytek.vaf.svc.VAFSvc.onCreate(VAFSvc.java:795)
E/ActivityThread( 1644):        at android.app.ActivityThread.handleCreateService(ActivityThread.java:2253)
E/ActivityThread( 1644):        at android.app.ActivityThread.access$1600(ActivityThread.java:123)
E/ActivityThread( 1644):        at android.app.ActivityThread$H.handleMessage(ActivityThread.java:1201)
E/ActivityThread( 1644):        at android.os.Handler.dispatchMessage(Handler.java:99)
E/ActivityThread( 1644):        at android.os.Looper.loop(Looper.java:137)
E/ActivityThread( 1644):        at android.app.ActivityThread.main(ActivityThread.java:4424)
E/ActivityThread( 1644):        at java.lang.reflect.Method.invokeNative(Native Method)
E/ActivityThread( 1644):        at java.lang.reflect.Method.invoke(Method.java:511)
E/ActivityThread( 1644):        at com.android.internal.os.ZygoteInit$MethodAndArgsCaller.run(ZygoteInit.java:848)
E/ActivityThread( 1644):        at com.android.internal.os.ZygoteInit.main(ZygoteInit.java:575)
E/ActivityThread( 1644):        at dalvik.system.NativeStart.main(Native Method)
E/ActivityThread( 1644): Service com.iflytek.vaf.svc.VAFSvc has leaked ServiceConnection com.iflytek.xiri.recorder.impl.RemotePcmRecorder$2$1@41508a30 that was originally bound here
E/ActivityThread( 1644): android.app.ServiceConnectionLeaked: Service com.iflytek.vaf.svc.VAFSvc has leaked ServiceConnection com.iflytek.xiri.recorder.impl.RemotePcmRecorder$2$1@41508a30 that was originally bound here
E/ActivityThread( 1644):        at android.app.LoadedApk$ServiceDispatcher.<init>(LoadedApk.java:936)
E/ActivityThread( 1644):        at android.app.LoadedApk.getServiceDispatcher(LoadedApk.java:830)
E/ActivityThread( 1644):        at android.app.ContextImpl.bindService(ContextImpl.java:1142)
E/ActivityThread( 1644):        at android.content.ContextWrapper.bindService(ContextWrapper.java:370)
E/ActivityThread( 1644):        at com.iflytek.xiri.recorder.impl.RemotePcmRecorder$2.run(RemotePcmRecorder.java:206)
E/ActivityThread( 1644):        at com.iflytek.xiri.recorder.impl.RemotePcmRecorder.<init>(RemotePcmRecorder.java:213)
E/ActivityThread( 1644):        at com.iflytek.xiri.recorder.impl.RemotePcmRecorder.getPcmRecorder(RemotePcmRecorder.java:139)
E/ActivityThread( 1644):        at com.iflytek.vaf.svc.Talker.<init>(Talker.java:327)
E/ActivityThread( 1644):        at com.iflytek.vaf.svc.VAFSvc$VafSvcImp.<init>(VAFSvc.java:267)
E/ActivityThread( 1644):        at com.iflytek.vaf.svc.VAFSvc.onCreate(VAFSvc.java:795)
E/ActivityThread( 1644):        at android.app.ActivityThread.handleCreateService(ActivityThread.java:2253)
E/ActivityThread( 1644):        at android.app.ActivityThread.access$1600(ActivityThread.java:123)
E/ActivityThread( 1644):        at android.app.ActivityThread$H.handleMessage(ActivityThread.java:1201)
E/ActivityThread( 1644):        at android.os.Handler.dispatchMessage(Handler.java:99)
E/ActivityThread( 1644):        at android.os.Looper.loop(Looper.java:137)
E/ActivityThread( 1644):        at android.app.ActivityThread.main(ActivityThread.java:4424)
E/ActivityThread( 1644):        at java.lang.reflect.Method.invokeNative(Native Method)
E/ActivityThread( 1644):        at java.lang.reflect.Method.invoke(Method.java:511)
E/ActivityThread( 1644):        at com.android.internal.os.ZygoteInit$MethodAndArgsCaller.run(ZygoteInit.java:848)
E/ActivityThread( 1644):        at com.android.internal.os.ZygoteInit.main(ZygoteInit.java:575)
E/ActivityThread( 1644):        at dalvik.system.NativeStart.main(Native Method)
D/PCMRecorderServiceStub( 1721): onDestroy --------->1366802878439
D/PCMRecorderServiceStub( 1721): onDestroy <---------1366802878439
E/ActivityThread( 1644): Service com.iflytek.vaf.svc.VAFSvc has leaked ServiceConnection com.iflytek.business.speech.SpeechServiceUtil$2@41549ac0 that was originally bound here
E/ActivityThread( 1644): android.app.ServiceConnectionLeaked: Service com.iflytek.vaf.svc.VAFSvc has leaked ServiceConnection com.iflytek.business.speech.SpeechServiceUtil$2@41549ac0 that was originally bound here
E/ActivityThread( 1644):        at android.app.LoadedApk$ServiceDispatcher.<init>(LoadedApk.java:936)
E/ActivityThread( 1644):        at android.app.LoadedApk.getServiceDispatcher(LoadedApk.java:830)
E/ActivityThread( 1644):        at android.app.ContextImpl.bindService(ContextImpl.java:1142)
E/ActivityThread( 1644):        at android.content.ContextWrapper.bindService(ContextWrapper.java:370)
E/ActivityThread( 1644):        at com.iflytek.business.speech.SpeechServiceUtil.startSpeechService(SpeechServiceUtil.java:316)
E/ActivityThread( 1644):        at com.iflytek.business.speech.SpeechServiceUtil.<init>(SpeechServiceUtil.java:77)
E/ActivityThread( 1644):        at com.iflytek.tts.TextToSpeech.<init>(TextToSpeech.java:183)
E/ActivityThread( 1644):        at com.iflytek.vaf.svc.Speaker.<init>(Speaker.java:326)
E/ActivityThread( 1644):        at com.iflytek.vaf.svc.Speaker.getSpeaker(Speaker.java:313)
E/ActivityThread( 1644):        at com.iflytek.vaf.svc.Talker.<init>(Talker.java:349)
E/ActivityThread( 1644):        at com.iflytek.vaf.svc.VAFSvc$VafSvcImp.<init>(VAFSvc.java:267)
E/ActivityThread( 1644):        at com.iflytek.vaf.svc.VAFSvc.onCreate(VAFSvc.java:795)
E/ActivityThread( 1644):        at android.app.ActivityThread.handleCreateService(ActivityThread.java:2253)
E/ActivityThread( 1644):        at android.app.ActivityThread.access$1600(ActivityThread.java:123)
E/ActivityThread( 1644):        at android.app.ActivityThread$H.handleMessage(ActivityThread.java:1201)
E/ActivityThread( 1644):        at android.os.Handler.dispatchMessage(Handler.java:99)
E/ActivityThread( 1644):        at android.os.Looper.loop(Looper.java:137)
E/ActivityThread( 1644):        at android.app.ActivityThread.main(ActivityThread.java:4424)
E/ActivityThread( 1644):        at java.lang.reflect.Method.invokeNative(Native Method)
E/ActivityThread( 1644):        at java.lang.reflect.Method.invoke(Method.java:511)
E/ActivityThread( 1644):        at com.android.internal.os.ZygoteInit$MethodAndArgsCaller.run(ZygoteInit.java:848)
E/ActivityThread( 1644):        at com.android.internal.os.ZygoteInit.main(ZygoteInit.java:575)
E/ActivityThread( 1644):        at dalvik.system.NativeStart.main(Native Method)
E/ActivityThread( 1644): Service com.iflytek.vaf.svc.VAFSvc has leaked ServiceConnection com.iflytek.vaf.svc.Talker$3@414404b0 that was originally bound here
E/ActivityThread( 1644): android.app.ServiceConnectionLeaked: Service com.iflytek.vaf.svc.VAFSvc has leaked ServiceConnection com.iflytek.vaf.svc.Talker$3@414404b0 that was originally bound here
E/ActivityThread( 1644):        at android.app.LoadedApk$ServiceDispatcher.<init>(LoadedApk.java:936)
E/ActivityThread( 1644):        at android.app.LoadedApk.getServiceDispatcher(LoadedApk.java:830)
E/ActivityThread( 1644):        at android.app.ContextImpl.bindService(ContextImpl.java:1142)
E/ActivityThread( 1644):        at android.content.ContextWrapper.bindService(ContextWrapper.java:370)
E/ActivityThread( 1644):        at com.iflytek.vaf.svc.Talker.<init>(Talker.java:320)
E/ActivityThread( 1644):        at com.iflytek.vaf.svc.VAFSvc$VafSvcImp.<init>(VAFSvc.java:267)
E/ActivityThread( 1644):        at com.iflytek.vaf.svc.VAFSvc.onCreate(VAFSvc.java:795)
E/ActivityThread( 1644):        at android.app.ActivityThread.handleCreateService(ActivityThread.java:2253)
E/ActivityThread( 1644):        at android.app.ActivityThread.access$1600(ActivityThread.java:123)
E/ActivityThread( 1644):        at android.app.ActivityThread$H.handleMessage(ActivityThread.java:1201)
E/ActivityThread( 1644):        at android.os.Handler.dispatchMessage(Handler.java:99)
E/ActivityThread( 1644):        at android.os.Looper.loop(Looper.java:137)
E/ActivityThread( 1644):        at android.app.ActivityThread.main(ActivityThread.java:4424)
E/ActivityThread( 1644):        at java.lang.reflect.Method.invokeNative(Native Method)
E/ActivityThread( 1644):        at java.lang.reflect.Method.invoke(Method.java:511)
E/ActivityThread( 1644):        at com.android.internal.os.ZygoteInit$MethodAndArgsCaller.run(ZygoteInit.java:848)
E/ActivityThread( 1644):        at com.android.internal.os.ZygoteInit.main(ZygoteInit.java:575)
E/ActivityThread( 1644):        at dalvik.system.NativeStart.main(Native Method)
V/AudioOutputServer( 2705): +++++onCreate+++++
D/NetUpdate( 2247): progressValue--->0
D/NetUpdate( 2247): mWriteSD--->true
D/NetUpdate( 2247): mBootCheckZipExist--->false
D/NetUpdate( 2247): progressValue--->0
D/NetUpdate( 2247): mWriteSD--->true
D/NetUpdate( 2247): mBootCheckZipExist--->false
D/NetUpdate( 2247): progressValue--->0
D/NetUpdate( 2247): mWriteSD--->true
D/NetUpdate( 2247): mBootCheckZipExist--->false
D/NetUpdate( 2247): progressValue--->0
D/NetUpdate( 2247): mWriteSD--->true
D/NetUpdate( 2247): mBootCheckZipExist--->false
D/NetUpdate( 2247): progressValue--->0
D/NetUpdate( 2247): mWriteSD--->true
D/NetUpdate( 2247): mBootCheckZipExist--->false
E/CACHE   ( 1872): cleared
I/zomut.watchdog.monitor( 1872): initgather
I/zomut.watchdog.monitor( 1872): endgather
D/NetUpdate( 2247): progressValue--->0
D/NetUpdate( 2247): mWriteSD--->true
D/NetUpdate( 2247): mBootCheckZipExist--->false
I/zomut.watchdog.monitor( 1872): init
I/zomut.watchdog.monitor( 1872): end
D/NetUpdate( 2247): progressValue--->0
D/NetUpdate( 2247): mWriteSD--->true
D/NetUpdate( 2247): mBootCheckZipExist--->false
D/NetUpdate( 2247): progressValue--->0
D/NetUpdate( 2247): mWriteSD--->true
D/NetUpdate( 2247): mBootCheckZipExist--->false
D/NetUpdate( 2247): progressValue--->0
D/NetUpdate( 2247): mWriteSD--->true
D/NetUpdate( 2247): mBootCheckZipExist--->false
D/HomePlayerLib( 1657): hostaddress count is 1
D/dalvikvm( 1657): GC_CONCURRENT freed 712K, 64% free 2861K/7939K, paused 2ms+2ms
D/dalvikvm( 1657): GC_CONCURRENT freed 701K, 64% free 2870K/7939K, paused 2ms+3ms
D/NetUpdate( 2247): progressValue--->0
D/NetUpdate( 2247): mWriteSD--->true
D/NetUpdate( 2247): mBootCheckZipExist--->false
D/dalvikvm( 1657): GC_CONCURRENT freed 699K, 64% free 2869K/7939K, paused 2ms+3ms
D/NetUpdate( 2247): progressValue--->0
D/NetUpdate( 2247): mWriteSD--->true
D/NetUpdate( 2247): mBootCheckZipExist--->false
D/dalvikvm( 1657): GC_CONCURRENT freed 705K, 64% free 2873K/7939K, paused 2ms+3ms
D/dalvikvm( 1657): GC_CONCURRENT freed 716K, 64% free 2871K/7939K, paused 3ms+3ms
D/dalvikvm( 1657): GC_CONCURRENT freed 708K, 64% free 2870K/7939K, paused 2ms+2ms
D/NetUpdate( 2247): progressValue--->0
D/NetUpdate( 2247): mWriteSD--->true
D/NetUpdate( 2247): mBootCheckZipExist--->false
D/NetUpdate( 2247): progressValue--->0
D/NetUpdate( 2247): mWriteSD--->true
D/NetUpdate( 2247): mBootCheckZipExist--->false
D/NetUpdate( 2247): progressValue--->0
D/NetUpdate( 2247): mWriteSD--->true
D/NetUpdate( 2247): mBootCheckZipExist--->false
D/NetUpdate( 2247): progressValue--->0
D/NetUpdate( 2247): mWriteSD--->true
D/NetUpdate( 2247): mBootCheckZipExist--->false
D/NetUpdate( 2247): progressValue--->0
D/NetUpdate( 2247): mWriteSD--->true
D/NetUpdate( 2247): mBootCheckZipExist--->false
D/NetUpdate( 2247): progressValue--->0
D/NetUpdate( 2247): mWriteSD--->true
D/NetUpdate( 2247): mBootCheckZipExist--->false
D/NetUpdate( 2247): progressValue--->0
D/NetUpdate( 2247): mWriteSD--->true
D/NetUpdate( 2247): mBootCheckZipExist--->false
D/NetUpdate( 2247): progressValue--->0
D/NetUpdate( 2247): mWriteSD--->true
D/NetUpdate( 2247): mBootCheckZipExist--->false
I/ActivityManager(  937): Start proc com.coship.cw880 for service com.coship.cw880/.MonitorCw880: pid=2718 uid=1000 gids={3003, 1015, 3002, 3001, 3004}
D/MonitorCw880( 2718): MonitorCw880 OnCreat
W/WimoApp ( 2718): 
W/WimoApp ( 2718):  Init sem_lib_referrence success!.
I/MonitorCw880( 2718): easybusAttach success !
I/MonitorCw880( 2718): easyscreen -> easybusInterest success !
I/MonitorCw880( 2718): easyheartbeat -> easybusInterest success !
D/NetUpdate( 2247): progressValue--->0
D/NetUpdate( 2247): mWriteSD--->true
D/NetUpdate( 2247): mBootCheckZipExist--->false
D/NetUpdate( 2247): progressValue--->0
D/NetUpdate( 2247): mWriteSD--->true
D/NetUpdate( 2247): mBootCheckZipExist--->false
D/NetUpdate( 2247): progressValue--->0
D/NetUpdate( 2247): mWriteSD--->true
D/NetUpdate( 2247): mBootCheckZipExist--->false
I/NetworkConnect( 2247): //////@Override//////@Override//////@Override//////@Override//////@Override//////@Override//////@Override//////@Override2
I/System  ( 2247): Failed to destroy process 2688
I/System  ( 2247): libcore.io.ErrnoException: kill failed: ESRCH (No such process)
I/System  ( 2247):      at libcore.io.Posix.kill(Native Method)
I/System  ( 2247):      at libcore.io.ForwardingOs.kill(ForwardingOs.java:77)
I/System  ( 2247):      at java.lang.ProcessManager$ProcessImpl.destroy(ProcessManager.java:257)
I/System  ( 2247):      at com.coship.dvbsetting.netsetting.quicksetservice.NetworkConnect.execueteCommand(NetworkConnect.java:167)
I/System  ( 2247):      at com.coship.dvbsetting.netsetting.quicksetservice.NetworkConnect.CheckNet(NetworkConnect.java:70)
I/System  ( 2247):      at com.coship.dvbsetting.netsetting.QuickSet$1$1.run(QuickSet.java:197)
I/System  ( 2247):      at java.lang.Thread.run(Thread.java:856)
D/NetUpdate( 2247): progressValue--->0
D/NetUpdate( 2247): mWriteSD--->true
D/NetUpdate( 2247): mBootCheckZipExist--->false
D/NetUpdate( 2247): progressValue--->0
D/NetUpdate( 2247): mWriteSD--->true
D/NetUpdate( 2247): mBootCheckZipExist--->false
D/NetUpdate( 2247): progressValue--->0
D/NetUpdate( 2247): mWriteSD--->true
D/NetUpdate( 2247): mBootCheckZipExist--->false
D/NetUpdate( 2247): progressValue--->0
D/NetUpdate( 2247): mWriteSD--->true
D/NetUpdate( 2247): mBootCheckZipExist--->false
D/NetUpdate( 2247): progressValue--->0
D/NetUpdate( 2247): mWriteSD--->true
D/NetUpdate( 2247): mBootCheckZipExist--->false
D/NetUpdate( 2247): progressValue--->0
D/NetUpdate( 2247): mWriteSD--->true
D/NetUpdate( 2247): mBootCheckZipExist--->false
D/NetUpdate( 2247): progressValue--->0
D/NetUpdate( 2247): mWriteSD--->true
D/NetUpdate( 2247): mBootCheckZipExist--->false
D/NetUpdate( 2247): progressValue--->0
D/NetUpdate( 2247): mWriteSD--->true
D/NetUpdate( 2247): mBootCheckZipExist--->false
D/NetUpdate( 2247): progressValue--->0
D/NetUpdate( 2247): mWriteSD--->true
D/NetUpdate( 2247): mBootCheckZipExist--->false
D/HomePlayerLib( 1657): hostaddress count is 1
D/dalvikvm( 1657): GC_CONCURRENT freed 719K, 64% free 2860K/7939K, paused 2ms+3ms
D/dalvikvm( 1657): GC_CONCURRENT freed 700K, 64% free 2865K/7939K, paused 3ms+2ms
D/dalvikvm( 1657): GC_CONCURRENT freed 699K, 64% free 2869K/7939K, paused 3ms+3ms
D/dalvikvm( 1657): GC_CONCURRENT freed 705K, 64% free 2866K/7939K, paused 2ms+3ms
D/NetUpdate( 2247): progressValue--->0
D/NetUpdate( 2247): mWriteSD--->true
D/NetUpdate( 2247): mBootCheckZipExist--->false
D/dalvikvm( 1657): GC_CONCURRENT freed 704K, 64% free 2869K/7939K, paused 3ms+3ms
D/NetUpdate( 2247): progressValue--->0
D/NetUpdate( 2247): mWriteSD--->true
D/NetUpdate( 2247): mBootCheckZipExist--->false
D/dalvikvm( 1657): GC_CONCURRENT freed 719K, 64% free 2866K/7939K, paused 2ms+3ms
D/dalvikvm( 1657): GC_CONCURRENT freed 704K, 64% free 2865K/7939K, paused 2ms+2ms
D/NetUpdate( 2247): progressValue--->0
D/NetUpdate( 2247): mWriteSD--->true
D/NetUpdate( 2247): mBootCheckZipExist--->false
D/NetUpdate( 2247): progressValue--->0
D/NetUpdate( 2247): mWriteSD--->true
D/NetUpdate( 2247): mBootCheckZipExist--->false
D/dalvikvm( 1657): GC_CONCURRENT freed 705K, 64% free 2865K/7939K, paused 2ms+2ms
D/dalvikvm( 1657): GC_CONCURRENT freed 703K, 62% free 3030K/7939K, paused 2ms+2ms
D/dalvikvm( 1657): GC_CONCURRENT freed 933K, 64% free 2927K/7939K, paused 1ms+3ms
D/NetUpdate( 2247): progressValue--->0
D/NetUpdate( 2247): mWriteSD--->true
D/NetUpdate( 2247): mBootCheckZipExist--->false
D/NetUpdate( 2247): progressValue--->0
D/NetUpdate( 2247): mWriteSD--->true
D/NetUpdate( 2247): mBootCheckZipExist--->false
D/dalvikvm( 1657): GC_CONCURRENT freed 798K, 65% free 2842K/7939K, paused 2ms+3ms
D/dalvikvm( 1657): GC_CONCURRENT freed 669K, 64% free 2867K/7939K, paused 2ms+2ms
D/NetUpdate( 2247): progressValue--->0
D/NetUpdate( 2247): mWriteSD--->true
D/NetUpdate( 2247): mBootCheckZipExist--->false
D/NetUpdate( 2247): progressValue--->0
D/NetUpdate( 2247): mWriteSD--->true
D/NetUpdate( 2247): mBootCheckZipExist--->false
I/ActivityManager(  937): Start proc com.iflytek.vac for service com.iflytek.vaf/com.iflytek.vocmd.Context: pid=2733 uid=10030 gids={3003, 1015}
I/dalvikvm( 2733): Turning on JNI app bug workarounds for target SDK version 8...
D/NetUpdate( 2247): progressValue--->0
D/NetUpdate( 2247): mWriteSD--->true
D/NetUpdate( 2247): mBootCheckZipExist--->false
D/NetUpdate( 2247): progressValue--->0
D/NetUpdate( 2247): mWriteSD--->true
D/NetUpdate( 2247): mBootCheckZipExist--->false
D/NetUpdate( 2247): progressValue--->0
D/NetUpdate( 2247): mWriteSD--->true
D/NetUpdate( 2247): mBootCheckZipExist--->false
D/NetUpdate( 2247): progressValue--->0
D/NetUpdate( 2247): mWriteSD--->true
D/NetUpdate( 2247): mBootCheckZipExist--->false
D/NetUpdate( 2247): progressValue--->0
D/NetUpdate( 2247): mWriteSD--->true
D/NetUpdate( 2247): mBootCheckZipExist--->false
D/NetUpdate( 2247): progressValue--->0
D/NetUpdate( 2247): mWriteSD--->true
D/NetUpdate( 2247): mBootCheckZipExist--->false
D/NetUpdate( 2247): progressValue--->0
D/NetUpdate( 2247): mWriteSD--->true
D/NetUpdate( 2247): mBootCheckZipExist--->false
D/NetUpdate( 2247): progressValue--->0
D/NetUpdate( 2247): mWriteSD--->true
D/NetUpdate( 2247): mBootCheckZipExist--->false
D/NetUpdate( 2247): progressValue--->0
D/NetUpdate( 2247): mWriteSD--->true
D/NetUpdate( 2247): mBootCheckZipExist--->false
D/NetUpdate( 2247): progressValue--->0
D/NetUpdate( 2247): mWriteSD--->true
D/NetUpdate( 2247): mBootCheckZipExist--->false
D/NetUpdate( 2247): progressValue--->0
D/NetUpdate( 2247): mWriteSD--->true
D/NetUpdate( 2247): mBootCheckZipExist--->false
D/NetUpdate( 2247): progressValue--->0
D/NetUpdate( 2247): mWriteSD--->true
D/NetUpdate( 2247): mBootCheckZipExist--->false
D/NetUpdate( 2247): progressValue--->0
D/NetUpdate( 2247): mWriteSD--->true
D/NetUpdate( 2247): mBootCheckZipExist--->false
D/NetUpdate( 2247): progressValue--->0
D/NetUpdate( 2247): mWriteSD--->true
D/NetUpdate( 2247): mBootCheckZipExist--->false
D/HomePlayerLib( 1657): hostaddress count is 1
D/dalvikvm( 1657): GC_CONCURRENT freed 722K, 65% free 2850K/7939K, paused 2ms+3ms
D/dalvikvm( 1657): GC_CONCURRENT freed 699K, 65% free 2838K/7939K, paused 2ms+3ms
D/dalvikvm( 1657): GC_CONCURRENT freed 645K, 62% free 3043K/7939K, paused 3ms+3ms
D/dalvikvm( 1657): GC_CONCURRENT freed 936K, 64% free 2871K/7939K, paused 3ms+2ms
D/dalvikvm( 1657): GC_CONCURRENT freed 720K, 64% free 2867K/7939K, paused 2ms+3ms
D/NetUpdate( 2247): progressValue--->0
D/NetUpdate( 2247): mWriteSD--->true
D/NetUpdate( 2247): mBootCheckZipExist--->false
D/NetUpdate( 2247): progressValue--->0
D/NetUpdate( 2247): mWriteSD--->true
D/NetUpdate( 2247): mBootCheckZipExist--->false
D/dalvikvm( 1657): GC_CONCURRENT freed 709K, 64% free 2865K/7939K, paused 2ms+3ms
D/NetUpdate( 2247): progressValue--->0
D/NetUpdate( 2247): mWriteSD--->true
D/NetUpdate( 2247): mBootCheckZipExist--->false
D/NetUpdate( 2247): progressValue--->0
D/NetUpdate( 2247): mWriteSD--->true
D/NetUpdate( 2247): mBootCheckZipExist--->false
D/NetUpdate( 2247): progressValue--->0
D/NetUpdate( 2247): mWriteSD--->true
D/NetUpdate( 2247): mBootCheckZipExist--->false
D/NetUpdate( 2247): progressValue--->0
D/NetUpdate( 2247): mWriteSD--->true
D/NetUpdate( 2247): mBootCheckZipExist--->false
D/dalvikvm( 1657): GC_CONCURRENT freed 704K, 64% free 2865K/7939K, paused 2ms+2ms
D/NetUpdate( 2247): progressValue--->0
D/NetUpdate( 2247): mWriteSD--->true
D/NetUpdate( 2247): mBootCheckZipExist--->false
D/NetUpdate( 2247): progressValue--->0
D/NetUpdate( 2247): mWriteSD--->true
D/NetUpdate( 2247): mBootCheckZipExist--->false
D/NetUpdate( 2247): progressValue--->0
D/NetUpdate( 2247): mWriteSD--->true
D/NetUpdate( 2247): mBootCheckZipExist--->false
D/NetUpdate( 2247): progressValue--->0
D/NetUpdate( 2247): mWriteSD--->true
D/NetUpdate( 2247): mBootCheckZipExist--->false
D/NetUpdate( 2247): progressValue--->0
D/NetUpdate( 2247): mWriteSD--->true
D/NetUpdate( 2247): mBootCheckZipExist--->false
D/UploadCheckerService( 2689): Can't Connect to CIBN_SERVER_PATH!  Address: http://tms.cibntest.ysten.com:8080
D/UploadCheckerService( 2689): Can't Connect to CIBN_SERVER_PATH!  retryTime is : 0
D/NetUpdate( 2247): progressValue--->0
D/NetUpdate( 2247): mWriteSD--->true
D/NetUpdate( 2247): mBootCheckZipExist--->false
D/NetUpdate( 2247): progressValue--->0
D/NetUpdate( 2247): mWriteSD--->true
D/NetUpdate( 2247): mBootCheckZipExist--->false
D/NetUpdate( 2247): progressValue--->0
D/NetUpdate( 2247): mWriteSD--->true
D/NetUpdate( 2247): mBootCheckZipExist--->false
D/UploadCheckerService( 2689): Can't Connect to CIBN_SERVER_PATH!  Address: http://tms.cibntest.ysten.com:8080
D/UploadCheckerService( 2689): Can't Connect to CIBN_SERVER_PATH!  retryTime is : 1
D/NetUpdate( 2247): progressValue--->0
D/NetUpdate( 2247): mWriteSD--->true
D/NetUpdate( 2247): mBootCheckZipExist--->false
D/NetUpdate( 2247): progressValue--->0
D/NetUpdate( 2247): mWriteSD--->true
D/NetUpdate( 2247): mBootCheckZipExist--->false
D/NetUpdate( 2247): progressValue--->0
D/NetUpdate( 2247): mWriteSD--->true
D/NetUpdate( 2247): mBootCheckZipExist--->false
D/dalvikvm( 1657): GC_CONCURRENT freed 695K, 63% free 2974K/7939K, paused 2ms+3ms
D/NetUpdate( 2247): progressValue--->0
D/NetUpdate( 2247): mWriteSD--->true
D/NetUpdate( 2247): mBootCheckZipExist--->false
D/UploadCheckerService( 2689): Can't Connect to CIBN_SERVER_PATH!  Address: http://tms.cibntest.ysten.com:8080
D/UploadCheckerService( 2689): Can't Connect to CIBN_SERVER_PATH!  retryTime is : 2
D/NetUpdate( 2247): progressValue--->0
D/NetUpdate( 2247): mWriteSD--->true
D/NetUpdate( 2247): mBootCheckZipExist--->false
D/HomePlayerLib( 1657): hostaddress count is 1
D/NetUpdate( 2247): progressValue--->0
D/NetUpdate( 2247): mWriteSD--->true
D/NetUpdate( 2247): mBootCheckZipExist--->false
D/dalvikvm( 1657): GC_CONCURRENT freed 863K, 63% free 2950K/7939K, paused 2ms+2ms
D/dalvikvm( 1657): GC_CONCURRENT freed 820K, 63% free 2972K/7939K, paused 2ms+2ms
D/NetUpdate( 2247): progressValue--->0
D/NetUpdate( 2247): mWriteSD--->true
D/NetUpdate( 2247): mBootCheckZipExist--->false
D/dalvikvm( 1657): GC_CONCURRENT freed 850K, 63% free 3008K/7939K, paused 2ms+3ms
D/dalvikvm( 1657): GC_CONCURRENT freed 877K, 63% free 2993K/7939K, paused 2ms+2ms
D/dalvikvm( 1657): GC_CONCURRENT freed 873K, 63% free 2954K/7939K, paused 2ms+3ms
D/NetUpdate( 2247): progressValue--->0
D/NetUpdate( 2247): mWriteSD--->true
D/NetUpdate( 2247): mBootCheckZipExist--->false
D/UploadCheckerService( 2689): Can't Connect to CIBN_SERVER_PATH!  Address: http://tms.cibntest.ysten.com:8080
D/UploadCheckerService( 2689): Can't Connect to CIBN_SERVER_PATH!  retryTime is : 3
D/NetUpdate( 2247): progressValue--->0
D/NetUpdate( 2247): mWriteSD--->true
D/NetUpdate( 2247): mBootCheckZipExist--->false
D/dalvikvm( 1657): GC_CONCURRENT freed 834K, 65% free 2841K/7939K, paused 2ms+2ms
W/ThrottleService(  937): unable to find stats for iface rmnet0
D/dalvikvm( 1657): GC_CONCURRENT freed 676K, 65% free 2851K/7939K, paused 2ms+2ms
D/dalvikvm( 1657): GC_CONCURRENT freed 684K, 64% free 2870K/7939K, paused 2ms+2ms
D/NetUpdate( 2247): progressValue--->0
D/NetUpdate( 2247): mWriteSD--->true
D/NetUpdate( 2247): mBootCheckZipExist--->false
D/dalvikvm( 1657): GC_CONCURRENT freed 704K, 64% free 2870K/7939K, paused 2ms+2ms
D/NetUpdate( 2247): progressValue--->0
D/NetUpdate( 2247): mWriteSD--->true
D/NetUpdate( 2247): mBootCheckZipExist--->false
D/dalvikvm( 1657): GC_CONCURRENT freed 709K, 64% free 2885K/7939K, paused 2ms+3ms
D/dalvikvm( 1657): GC_CONCURRENT freed 718K, 64% free 2870K/7939K, paused 2ms+2ms
D/VAFCheck( 2733): =====>Init Thread 1
D/VAFSvc  ( 1644): onCreate Thread 1
D/VAFSvc  ( 1644): onBind Thread 1
D/VAFCheck( 2733): <=====Init Thread 1
D/StartService( 2733): =====> onStart
D/StartService( 2733): <===== onStart
D/VAFCheck( 2733): =====>onServiceConnected Thread 1
D/VAFCheck( 2733): <=====onServiceConnected
D/dalvikvm( 1657): GC_CONCURRENT freed 706K, 64% free 2869K/7939K, paused 2ms+2ms
D/NetUpdate( 2247): progressValue--->0
D/NetUpdate( 2247): mWriteSD--->true
D/NetUpdate( 2247): mBootCheckZipExist--->false
D/UploadCheckerService( 2689): Can't Connect to CIBN_SERVER_PATH!  Address: http://tms.cibntest.ysten.com:8080
D/UploadCheckerService( 2689): Can't Connect to CIBN_SERVER_PATH!  retryTime is : 4
D/NetUpdate( 2247): progressValue--->0
D/NetUpdate( 2247): mWriteSD--->true
D/NetUpdate( 2247): mBootCheckZipExist--->false
D/NetUpdate( 2247): progressValue--->0
D/NetUpdate( 2247): mWriteSD--->true
D/NetUpdate( 2247): mBootCheckZipExist--->false
D/NetUpdate( 2247): progressValue--->0
D/NetUpdate( 2247): mWriteSD--->true
D/NetUpdate( 2247): mBootCheckZipExist--->false
D/NetUpdate( 2247): progressValue--->0
D/NetUpdate( 2247): mWriteSD--->true
D/NetUpdate( 2247): mBootCheckZipExist--->false
D/NetUpdate( 2247): progressValue--->0
D/NetUpdate( 2247): mWriteSD--->true
D/NetUpdate( 2247): mBootCheckZipExist--->false
D/NetUpdate( 2247): progressValue--->0
D/NetUpdate( 2247): mWriteSD--->true
D/NetUpdate( 2247): mBootCheckZipExist--->false
D/NetUpdate( 2247): progressValue--->0
D/NetUpdate( 2247): mWriteSD--->true
D/NetUpdate( 2247): mBootCheckZipExist--->false
D/NetUpdate( 2247): progressValue--->0
D/NetUpdate( 2247): mWriteSD--->true
D/NetUpdate( 2247): mBootCheckZipExist--->false
D/NetUpdate( 2247): progressValue--->0
D/NetUpdate( 2247): mWriteSD--->true
D/NetUpdate( 2247): mBootCheckZipExist--->false
D/dalvikvm( 1657): GC_CONCURRENT freed 696K, 64% free 2870K/7939K, paused 2ms+2ms
D/NetUpdate( 2247): progressValue--->0
D/NetUpdate( 2247): mWriteSD--->true
D/NetUpdate( 2247): mBootCheckZipExist--->false
D/NetUpdate( 2247): progressValue--->0
D/NetUpdate( 2247): mWriteSD--->true
D/NetUpdate( 2247): mBootCheckZipExist--->false
D/NetUpdate( 2247): progressValue--->0
D/NetUpdate( 2247): mWriteSD--->true
D/NetUpdate( 2247): mBootCheckZipExist--->false
D/NetUpdate( 2247): progressValue--->0
D/NetUpdate( 2247): mWriteSD--->true
D/NetUpdate( 2247): mBootCheckZipExist--->false
D/NetUpdate( 2247): progressValue--->0
D/NetUpdate( 2247): mWriteSD--->true
D/NetUpdate( 2247): mBootCheckZipExist--->false
D/NetUpdate( 2247): progressValue--->0
D/NetUpdate( 2247): mWriteSD--->true
D/NetUpdate( 2247): mBootCheckZipExist--->false
D/HomePlayerLib( 1657): hostaddress count is 1
D/dalvikvm( 1657): GC_CONCURRENT freed 715K, 64% free 2861K/7939K, paused 2ms+2ms
D/dalvikvm( 1657): GC_CONCURRENT freed 700K, 64% free 2870K/7939K, paused 2ms+2ms
D/NetUpdate( 2247): progressValue--->0
D/NetUpdate( 2247): mWriteSD--->true
D/NetUpdate( 2247): mBootCheckZipExist--->false
D/dalvikvm( 1657): GC_CONCURRENT freed 700K, 64% free 2889K/7939K, paused 2ms+2ms
D/NetUpdate( 2247): progressValue--->0
D/NetUpdate( 2247): mWriteSD--->true
D/NetUpdate( 2247): mBootCheckZipExist--->false
D/dalvikvm( 1657): GC_CONCURRENT freed 719K, 63% free 2997K/7939K, paused 2ms+2ms
D/dalvikvm( 1657): GC_CONCURRENT freed 876K, 63% free 2979K/7939K, paused 2ms+2ms
D/NetUpdate( 2247): progressValue--->0
D/NetUpdate( 2247): mWriteSD--->true
D/NetUpdate( 2247): mBootCheckZipExist--->false
D/NetUpdate( 2247): progressValue--->0
D/NetUpdate( 2247): mWriteSD--->true
D/NetUpdate( 2247): mBootCheckZipExist--->false
D/dalvikvm( 1657): GC_CONCURRENT freed 867K, 64% free 2864K/7939K, paused 2ms+2ms
D/NetUpdate( 2247): progressValue--->0
D/NetUpdate( 2247): mWriteSD--->true
D/NetUpdate( 2247): mBootCheckZipExist--->false
D/NetUpdate( 2247): progressValue--->0
D/NetUpdate( 2247): mWriteSD--->true
D/NetUpdate( 2247): mBootCheckZipExist--->false
D/NetUpdate( 2247): progressValue--->0
D/NetUpdate( 2247): mWriteSD--->true
D/NetUpdate( 2247): mBootCheckZipExist--->false
D/NetUpdate( 2247): progressValue--->0
D/NetUpdate( 2247): mWriteSD--->true
D/NetUpdate( 2247): mBootCheckZipExist--->false
D/NetUpdate( 2247): progressValue--->0
D/NetUpdate( 2247): mWriteSD--->true
D/NetUpdate( 2247): mBootCheckZipExist--->false
D/NetUpdate( 2247): progressValue--->0
D/NetUpdate( 2247): mWriteSD--->true
D/NetUpdate( 2247): mBootCheckZipExist--->false
D/NetUpdate( 2247): progressValue--->0
D/NetUpdate( 2247): mWriteSD--->true
D/NetUpdate( 2247): mBootCheckZipExist--->false
D/NetUpdate( 2247): progressValue--->0
D/NetUpdate( 2247): mWriteSD--->true
D/NetUpdate( 2247): mBootCheckZipExist--->false
D/NetUpdate( 2247): progressValue--->0
D/NetUpdate( 2247): mWriteSD--->true
D/NetUpdate( 2247): mBootCheckZipExist--->false
D/NetUpdate( 2247): progressValue--->0
D/NetUpdate( 2247): mWriteSD--->true
D/NetUpdate( 2247): mBootCheckZipExist--->false
D/NetUpdate( 2247): progressValue--->0
D/NetUpdate( 2247): mWriteSD--->true
D/NetUpdate( 2247): mBootCheckZipExist--->false
D/NetUpdate( 2247): progressValue--->0
D/NetUpdate( 2247): mWriteSD--->true
D/NetUpdate( 2247): mBootCheckZipExist--->false
D/NetUpdate( 2247): progressValue--->0
D/NetUpdate( 2247): mWriteSD--->true
D/NetUpdate( 2247): mBootCheckZipExist--->false
D/dalvikvm( 1657): GC_CONCURRENT freed 704K, 64% free 2884K/7939K, paused 2ms+2ms
D/NetUpdate( 2247): progressValue--->0
D/NetUpdate( 2247): mWriteSD--->true
D/NetUpdate( 2247): mBootCheckZipExist--->false
D/dalvikvm( 1657): GC_CONCURRENT freed 729K, 64% free 2872K/7939K, paused 2ms+2ms
D/NetUpdate( 2247): progressValue--->0
D/NetUpdate( 2247): mWriteSD--->true
D/NetUpdate( 2247): mBootCheckZipExist--->false
D/NetUpdate( 2247): progressValue--->0
D/NetUpdate( 2247): mWriteSD--->true
D/NetUpdate( 2247): mBootCheckZipExist--->false
D/NetUpdate( 2247): progressValue--->0
D/NetUpdate( 2247): mWriteSD--->true
D/NetUpdate( 2247): mBootCheckZipExist--->false
D/NetUpdate( 2247): progressValue--->0
D/NetUpdate( 2247): mWriteSD--->true
D/NetUpdate( 2247): mBootCheckZipExist--->false
D/dalvikvm( 1657): GC_CONCURRENT freed 717K, 64% free 2866K/7939K, paused 2ms+3ms
D/HomePlayerLib( 1657): hostaddress count is 1
D/dalvikvm( 1657): GC_CONCURRENT freed 721K, 63% free 2959K/7939K, paused 2ms+3ms
D/dalvikvm( 1657): GC_CONCURRENT freed 850K, 63% free 2958K/7939K, paused 2ms+3ms
D/dalvikvm( 1657): GC_CONCURRENT freed 811K, 64% free 2913K/7939K, paused 2ms+2ms
D/NetUpdate( 2247): progressValue--->0
D/NetUpdate( 2247): mWriteSD--->true
D/NetUpdate( 2247): mBootCheckZipExist--->false
D/NetUpdate( 2247): progressValue--->0
D/NetUpdate( 2247): mWriteSD--->true
D/NetUpdate( 2247): mBootCheckZipExist--->false
D/dalvikvm( 1657): GC_CONCURRENT freed 777K, 65% free 2847K/7939K, paused 2ms+2ms
D/dalvikvm( 1657): GC_CONCURRENT freed 682K, 64% free 2872K/7939K, paused 2ms+3ms
D/dalvikvm( 1657): GC_CONCURRENT freed 714K, 64% free 2871K/7939K, paused 2ms+3ms
D/dalvikvm( 1657): GC_CONCURRENT freed 706K, 64% free 2870K/7939K, paused 2ms+2ms
D/NetUpdate( 2247): progressValue--->0
D/NetUpdate( 2247): mWriteSD--->true
D/NetUpdate( 2247): mBootCheckZipExist--->false
D/NetUpdate( 2247): progressValue--->0
D/NetUpdate( 2247): mWriteSD--->true
D/NetUpdate( 2247): mBootCheckZipExist--->false
D/dalvikvm( 1657): GC_CONCURRENT freed 710K, 64% free 2871K/7939K, paused 2ms+2ms
D/dalvikvm( 1657): GC_CONCURRENT freed 706K, 64% free 2870K/7939K, paused 2ms+3ms
D/dalvikvm( 1657): GC_CONCURRENT freed 711K, 64% free 2871K/7939K, paused 2ms+2ms
D/NetUpdate( 2247): progressValue--->0
D/NetUpdate( 2247): mWriteSD--->true
D/NetUpdate( 2247): mBootCheckZipExist--->false
D/dalvikvm( 1657): GC_CONCURRENT freed 705K, 64% free 2870K/7939K, paused 2ms+2ms
D/NetUpdate( 2247): progressValue--->0
D/NetUpdate( 2247): mWriteSD--->true
D/NetUpdate( 2247): mBootCheckZipExist--->false
D/dalvikvm( 1657): GC_CONCURRENT freed 710K, 64% free 2869K/7939K, paused 3ms+3ms
D/dalvikvm( 1657): GC_CONCURRENT freed 704K, 64% free 2867K/7939K, paused 2ms+3ms
D/dalvikvm( 1657): GC_CONCURRENT freed 710K, 64% free 2867K/7939K, paused 3ms+3ms
D/NetUpdate( 2247): progressValue--->0
D/NetUpdate( 2247): mWriteSD--->true
D/NetUpdate( 2247): mBootCheckZipExist--->false
D/NetUpdate( 2247): progressValue--->0
D/NetUpdate( 2247): mWriteSD--->true
D/NetUpdate( 2247): mBootCheckZipExist--->false
D/dalvikvm( 1657): GC_CONCURRENT freed 712K, 64% free 2867K/7939K, paused 2ms+3ms
D/dalvikvm( 1657): GC_CONCURRENT freed 705K, 64% free 2879K/7939K, paused 2ms+3ms
D/dalvikvm( 1657): GC_CONCURRENT freed 729K, 64% free 2869K/7939K, paused 2ms+3ms
E/CACHE   ( 1872): cleared
I/zomut.watchdog.monitor( 1872): initgather
D/NetUpdate( 2247): progressValue--->0
D/NetUpdate( 2247): mWriteSD--->true
D/NetUpdate( 2247): mBootCheckZipExist--->false
I/zomut.watchdog.monitor( 1872): endgather
I/zomut.watchdog.monitor( 1872): init
D/dalvikvm( 1872): GC_CONCURRENT freed 1924K, 46% free 6869K/12611K, paused 26ms+4ms
I/zomut.watchdog.monitor( 1872): end
D/NetUpdate( 2247): progressValue--->0
D/NetUpdate( 2247): mWriteSD--->true
D/NetUpdate( 2247): mBootCheckZipExist--->false
D/NetUpdate( 2247): progressValue--->0
D/NetUpdate( 2247): mWriteSD--->true
D/NetUpdate( 2247): mBootCheckZipExist--->false
D/NetUpdate( 2247): progressValue--->0
D/NetUpdate( 2247): mWriteSD--->true
D/NetUpdate( 2247): mBootCheckZipExist--->false
D/dalvikvm( 1657): GC_CONCURRENT freed 716K, 64% free 2871K/7939K, paused 2ms+3ms
D/NetUpdate( 2247): progressValue--->0
D/NetUpdate( 2247): mWriteSD--->true
D/NetUpdate( 2247): mBootCheckZipExist--->false
D/NetUpdate( 2247): progressValue--->0
D/NetUpdate( 2247): mWriteSD--->true
D/NetUpdate( 2247): mBootCheckZipExist--->false
D/NetUpdate( 2247): progressValue--->0
D/NetUpdate( 2247): mWriteSD--->true
D/NetUpdate( 2247): mBootCheckZipExist--->false
D/NetUpdate( 2247): progressValue--->0
D/NetUpdate( 2247): mWriteSD--->true
D/NetUpdate( 2247): mBootCheckZipExist--->false
D/NetUpdate( 2247): progressValue--->0
D/NetUpdate( 2247): mWriteSD--->true
D/NetUpdate( 2247): mBootCheckZipExist--->false
D/NetUpdate( 2247): progressValue--->0
D/NetUpdate( 2247): mWriteSD--->true
D/NetUpdate( 2247): mBootCheckZipExist--->false
D/NetUpdate( 2247): progressValue--->0
D/NetUpdate( 2247): mWriteSD--->true
D/NetUpdate( 2247): mBootCheckZipExist--->false
D/NetUpdate( 2247): progressValue--->0
D/NetUpdate( 2247): mWriteSD--->true
D/NetUpdate( 2247): mBootCheckZipExist--->false
D/NetUpdate( 2247): progressValue--->0
D/NetUpdate( 2247): mWriteSD--->true
D/NetUpdate( 2247): mBootCheckZipExist--->false
D/HomePlayerLib( 1657): hostaddress count is 1
D/dalvikvm( 1657): GC_CONCURRENT freed 722K, 63% free 2967K/7939K, paused 2ms+2ms
D/dalvikvm( 1657): GC_CONCURRENT freed 836K, 63% free 2975K/7939K, paused 2ms+2ms
D/dalvikvm( 1657): GC_CONCURRENT freed 852K, 63% free 2971K/7939K, paused 2ms+3ms
D/NetUpdate( 2247): progressValue--->0
D/NetUpdate( 2247): mWriteSD--->true
D/NetUpdate( 2247): mBootCheckZipExist--->false
D/dalvikvm( 1657): GC_CONCURRENT freed 846K, 63% free 2977K/7939K, paused 2ms+3ms
D/NetUpdate( 2247): progressValue--->0
D/NetUpdate( 2247): mWriteSD--->true
D/NetUpdate( 2247): mBootCheckZipExist--->false
D/dalvikvm( 1657): GC_CONCURRENT freed 843K, 63% free 2954K/7939K, paused 2ms+2ms
D/NetUpdate( 2247): progressValue--->0
D/NetUpdate( 2247): mWriteSD--->true
D/NetUpdate( 2247): mBootCheckZipExist--->false
D/NetUpdate( 2247): progressValue--->0
D/NetUpdate( 2247): mWriteSD--->true
D/NetUpdate( 2247): mBootCheckZipExist--->false
D/NetUpdate( 2247): progressValue--->0
D/NetUpdate( 2247): mWriteSD--->true
D/NetUpdate( 2247): mBootCheckZipExist--->false
D/NetUpdate( 2247): progressValue--->0
D/NetUpdate( 2247): mWriteSD--->true
D/NetUpdate( 2247): mBootCheckZipExist--->false
D/NetUpdate( 2247): progressValue--->0
D/NetUpdate( 2247): mWriteSD--->true
D/NetUpdate( 2247): mBootCheckZipExist--->false
D/NetUpdate( 2247): progressValue--->0
D/NetUpdate( 2247): mWriteSD--->true
D/NetUpdate( 2247): mBootCheckZipExist--->false
D/NetUpdate( 2247): progressValue--->0
D/NetUpdate( 2247): mWriteSD--->true
D/NetUpdate( 2247): mBootCheckZipExist--->false
D/NetUpdate( 2247): progressValue--->0
D/NetUpdate( 2247): mWriteSD--->true
D/NetUpdate( 2247): mBootCheckZipExist--->false
D/NetUpdate( 2247): progressValue--->0
D/NetUpdate( 2247): mWriteSD--->true
D/NetUpdate( 2247): mBootCheckZipExist--->false
D/NetUpdate( 2247): progressValue--->0
D/NetUpdate( 2247): mWriteSD--->true
D/NetUpdate( 2247): mBootCheckZipExist--->false
D/NetUpdate( 2247): progressValue--->0
D/NetUpdate( 2247): mWriteSD--->true
D/NetUpdate( 2247): mBootCheckZipExist--->false
D/NetUpdate( 2247): progressValue--->0
D/NetUpdate( 2247): mWriteSD--->true
D/NetUpdate( 2247): mBootCheckZipExist--->false
D/NetUpdate( 2247): progressValue--->0
D/NetUpdate( 2247): mWriteSD--->true
D/NetUpdate( 2247): mBootCheckZipExist--->false
D/NetUpdate( 2247): progressValue--->0
D/NetUpdate( 2247): mWriteSD--->true
D/NetUpdate( 2247): mBootCheckZipExist--->false
D/NetUpdate( 2247): progressValue--->0
D/NetUpdate( 2247): mWriteSD--->true
D/NetUpdate( 2247): mBootCheckZipExist--->false
D/NetUpdate( 2247): progressValue--->0
D/NetUpdate( 2247): mWriteSD--->true
D/NetUpdate( 2247): mBootCheckZipExist--->false
D/NetUpdate( 2247): progressValue--->0
D/NetUpdate( 2247): mWriteSD--->true
D/NetUpdate( 2247): mBootCheckZipExist--->false
D/NetUpdate( 2247): progressValue--->0
D/NetUpdate( 2247): mWriteSD--->true
D/NetUpdate( 2247): mBootCheckZipExist--->false
D/dalvikvm( 1657): GC_CONCURRENT freed 830K, 65% free 2844K/7939K, paused 2ms+3ms
D/dalvikvm( 1657): GC_CONCURRENT freed 689K, 65% free 2842K/7939K, paused 2ms+2ms
D/NetUpdate( 2247): progressValue--->0
D/NetUpdate( 2247): mWriteSD--->true
D/NetUpdate( 2247): mBootCheckZipExist--->false
D/HomePlayerLib( 1657): hostaddress count is 1
D/dalvikvm( 1657): GC_CONCURRENT freed 686K, 63% free 2990K/7939K, paused 2ms+3ms
D/NetUpdate( 2247): progressValue--->0
D/NetUpdate( 2247): mWriteSD--->true
D/NetUpdate( 2247): mBootCheckZipExist--->false
D/dalvikvm( 1657): GC_CONCURRENT freed 874K, 63% free 2968K/7939K, paused 2ms+3ms
D/dalvikvm( 1657): GC_CONCURRENT freed 836K, 64% free 2891K/7939K, paused 2ms+2ms
D/dalvikvm( 1657): GC_CONCURRENT freed 745K, 64% free 2860K/7939K, paused 2ms+3ms
D/dalvikvm( 1657): GC_CONCURRENT freed 710K, 65% free 2854K/7939K, paused 2ms+2ms
D/NetUpdate( 2247): progressValue--->0
D/NetUpdate( 2247): mWriteSD--->true
D/NetUpdate( 2247): mBootCheckZipExist--->false
D/dalvikvm( 1657): GC_CONCURRENT freed 701K, 65% free 2842K/7939K, paused 2ms+3ms
D/NetUpdate( 2247): progressValue--->0
D/NetUpdate( 2247): mWriteSD--->true
D/NetUpdate( 2247): mBootCheckZipExist--->false
D/dalvikvm( 1657): GC_CONCURRENT freed 676K, 64% free 2870K/7939K, paused 2ms+2ms
D/dalvikvm( 1657): GC_CONCURRENT freed 705K, 64% free 2870K/7939K, paused 2ms+2ms
D/dalvikvm( 1657): GC_CONCURRENT freed 705K, 64% free 2864K/7939K, paused 2ms+3ms
D/NetUpdate( 2247): progressValue--->0
D/NetUpdate( 2247): mWriteSD--->true
D/NetUpdate( 2247): mBootCheckZipExist--->false
D/UploadCheckerService( 2689): Can't Connect to CIBN_SERVER_PATH!  Address: http://tms.cibntest.ysten.com:8080
D/UploadCheckerService( 2689): Can't Connect to CIBN_SERVER_PATH!  retryTime is : 5
D/dalvikvm( 1657): GC_CONCURRENT freed 706K, 64% free 2870K/7939K, paused 2ms+2ms
D/NetUpdate( 2247): progressValue--->0
D/NetUpdate( 2247): mWriteSD--->true
D/NetUpdate( 2247): mBootCheckZipExist--->false
D/NetUpdate( 2247): progressValue--->0
D/NetUpdate( 2247): mWriteSD--->true
D/NetUpdate( 2247): mBootCheckZipExist--->false
D/NetUpdate( 2247): progressValue--->0
D/NetUpdate( 2247): mWriteSD--->true
D/NetUpdate( 2247): mBootCheckZipExist--->false
D/NetUpdate( 2247): progressValue--->0
D/NetUpdate( 2247): mWriteSD--->true
D/NetUpdate( 2247): mBootCheckZipExist--->false
D/UploadCheckerService( 2689): Can't Connect to CIBN_SERVER_PATH!  Address: http://tms.cibntest.ysten.com:8080
D/UploadCheckerService( 2689): Can't Connect to CIBN_SERVER_PATH!  retryTime is : 7
D/NetUpdate( 2247): progressValue--->0
D/NetUpdate( 2247): mWriteSD--->true
D/NetUpdate( 2247): mBootCheckZipExist--->false
D/NetUpdate( 2247): progressValue--->0
D/NetUpdate( 2247): mWriteSD--->true
D/NetUpdate( 2247): mBootCheckZipExist--->false
D/NetUpdate( 2247): progressValue--->0
D/NetUpdate( 2247): mWriteSD--->true
D/NetUpdate( 2247): mBootCheckZipExist--->false
D/NetUpdate( 2247): progressValue--->0
D/NetUpdate( 2247): mWriteSD--->true
D/NetUpdate( 2247): mBootCheckZipExist--->false
D/NetUpdate( 2247): progressValue--->0
D/NetUpdate( 2247): mWriteSD--->true
D/NetUpdate( 2247): mBootCheckZipExist--->false
b/ld-linux.so.3(  748): HPD     -> Cable Connected
I//lib/ld-linux.so.3(  748): EDID -> Parse OK
I//lib/ld-linux.so.3(  748): EDID -> Extension Parse OK, start resoluton adaption
D/NetUpdat:}???1CEC_C_D = 0x0
I//lib/ld-linux.so.3(  748): HDMI Sink Detected
I//lib/ld-linux.so.3(  748): DSRX -> Powered Up
I//lib/ld-linux.so.3(  748): TX Power State D0
I//lib/ld-linux.so.3(  748): >>IsHDMI_Sink() == TRUE
I//lib/ld-linux.so.3(  748): TMDS -> Enabled
D/NetUpdate( 2247): progressValue--->0
D/NetUpdate( 2247): mWriteSD--->true
D/NetUpdate( 2247): mBootCheckZipExist--->false
etUpdate( 2247): progressValue--->0
D/NetUpdate( 2247): mWriteSD--->true
D/NetUpdate( 2247): mBootCheckZipExist--->false
D/UploadCheckerService( 2689): Can't Connect to CIBN_SERVER_PATH!  Address: http://tms.cibntest.ysten.com:8080
D/UploadCheckerService( 2689): Can't Connect to CIBN_SERVER_PATH!  retryTime is : 9
D/NetUpdate( 2247): progressValue--->0
D/NetUpdate( 2247): mWriteSD--->true
D/NetUpdate( 2247): mBootCheckZipExist--->false
D/dalvikvm( 1657): GC_CONCURRENT freed 725K, 65% free 2839K/7939K, paused 3ms+3ms
D/dalvikvm( 1657): GC_CONCURRENT freed 667K, 64% free 2867K/7939K, paused 2ms+2ms
D/HomePlayerLib( 1657): hostaddress count is 1
D/dalvikvm( 1657): GC_CONCURRENT freed 722K, 65% free 2843K/7939K, paused 3ms+3ms
D/dalvikvm( 1657): GC_CONCURRENT freed 664K, 64% free 2871K/7939K, paused 2ms+3ms
D/NetUpdate( 2247): progressValue--->0
D/NetUpdate( 2247): mWriteSD--->true
D/NetUpdate( 2247): mBootCheckZipExist--->false
D/dalvikvm( 1657): GC_CONCURRENT freed 694K, 64% free 2880K/7939K, paused 3ms+3ms
D/dalvikvm( 1657): GC_CONCURRENT freed 711K, 64% free 2883K/7939K, paused 2ms+3ms
D/NetUpdate( 2247): progressValue--->0
D/NetUpdate( 2247): mWriteSD--->true
D/NetUpdate( 2247): mBootCheckZipExist--->false
D/dalvikvm( 1657): GC_CONCURRENT freed 718K, 64% free 2872K/7939K, paused 2ms+3ms
D/NetUpdate( 2247): progressValue--->0
D/NetUpdate( 2247): mWriteSD--->true
D/NetUpdate( 2247): mBootCheckZipExist--->false
D/NetUpdate( 2247): progressValue--->0
D/NetUpdate( 2247): mWriteSD--->true
D/NetUpdate( 2247): mBootCheckZipExist--->false
D/NetUpdate( 2247): progressValue--->0
D/NetUpdate( 2247): mWriteSD--->true
D/NetUpdate( 2247): mBootCheckZipExist--->false
D/NetUpdate( 2247): progressValue--->0
D/NetUpdate( 2247): mWriteSD--->true
D/NetUpdate( 2247): mBootCheckZipExist--->false
D/dalvikvm( 1657): GC_CONCURRENT freed 711K, 64% free 2885K/7939K, paused 1ms+3ms
D/NetUpdate( 2247): progressValue--->0
D/NetUpdate( 2247): mWriteSD--->true
D/NetUpdate( 2247): mBootCheckZipExist--->false
D/NetUpdate( 2247): progressValue--->0
D/NetUpdate( 2247): mWriteSD--->true
D/NetUpdate( 2247): mBootCheckZipExist--->false
D/NetUpdate( 2247): progressValue--->0
D/NetUpdate( 2247): mWriteSD--->true
D/NetUpdate( 2247): mBootCheckZipExist--->false
D/NetUpdate( 2247): progressValue--->0
D/NetUpdate( 2247): mWriteSD--->true
D/NetUpdate( 2247): mBootCheckZipExist--->false
D/NetUpdate( 2247): progressValue--->0
D/NetUpdate( 2247): mWriteSD--->true
D/NetUpdate( 2247): mBootCheckZipExist--->false
D/NetUpdate( 2247): progressValue--->0
D/NetUpdate( 2247): mWriteSD--->true
D/NetUpdate( 2247): mBootCheckZipExist--->false
D/NetUpdate( 2247): progressValue--->0
D/NetUpdate( 2247): mWriteSD--->true
D/NetUpdate( 2247): mBootCheckZipExist--->false
D/NetUpdate( 2247): progressValue--->0
D/NetUpdate( 2247): mWriteSD--->true
D/NetUpdate( 2247): mBootCheckZipExist--->false
D/NetUpdate( 2247): progressValue--->0
D/NetUpdate( 2247): mWriteSD--->true
D/NetUpdate( 2247): mBootCheckZipExist--->false
D/NetUpdate( 2247): progressValue--->0
D/NetUpdate( 2247): mWriteSD--->true
D/NetUpdate( 2247): mBootCheckZipExist--->false
D/NetUpdate( 2247): progressValue--->0
D/NetUpdate( 2247): mWriteSD--->true
D/NetUpdate( 2247): mBootCheckZipExist--->false
D/NetUpdate( 2247): progressValue--->0
D/NetUpdate( 2247): mWriteSD--->true
D/NetUpdate( 2247): mBootCheckZipExist--->false
D/dalvikvm( 1657): GC_CONCURRENT freed 738K, 64% free 2887K/7939K, paused 2ms+3ms
D/NetUpdate( 2247): progressValue--->0
D/NetUpdate( 2247): mWriteSD--->true
D/NetUpdate( 2247): mBootCheckZipExist--->false
D/NetUpdate( 2247): progressValue--->0
D/NetUpdate( 2247): mWriteSD--->true
D/NetUpdate( 2247): mBootCheckZipExist--->false
D/dalvikvm( 1657): GC_CONCURRENT freed 745K, 65% free 2845K/7939K, paused 3ms+3ms
D/NetUpdate( 2247): progressValue--->0
D/NetUpdate( 2247): mWriteSD--->true
D/NetUpdate( 2247): mBootCheckZipExist--->false
D/dalvikvm( 1657): GC_CONCURRENT freed 680K, 64% free 2870K/7939K, paused 2ms+2ms
D/NetUpdate( 2247): progressValue--->0
D/NetUpdate( 2247): mWriteSD--->true
D/NetUpdate( 2247): mBootCheckZipExist--->false
D/HomePlayerLib( 1657): hostaddress count is 1
D/dalvikvm( 1657): GC_CONCURRENT freed 722K, 64% free 2916K/7939K, paused 2ms+2ms
D/dalvikvm( 1657): GC_CONCURRENT freed 774K, 63% free 2977K/7939K, paused 2ms+2ms
D/dalvikvm( 1657): GC_CONCURRENT freed 847K, 63% free 2956K/7939K, paused 2ms+2ms
D/dalvikvm( 1657): GC_CONCURRENT freed 833K, 64% free 2886K/7939K, paused 2ms+3ms
D/dalvikvm( 1657): GC_CONCURRENT freed 721K, 64% free 2866K/7939K, paused 2ms+2ms
D/NetUpdate( 2247): progressValue--->0
D/NetUpdate( 2247): mWriteSD--->true
D/NetUpdate( 2247): mBootCheckZipExist--->false
D/NetUpdate( 2247): progressValue--->0
D/NetUpdate( 2247): mWriteSD--->true
D/NetUpdate( 2247): mBootCheckZipExist--->false
D/dalvikvm( 1657): GC_CONCURRENT freed 717K, 63% free 2964K/7939K, paused 3ms+2ms
D/dalvikvm( 1657): GC_CONCURRENT freed 827K, 63% free 2972K/7939K, paused 2ms+3ms
D/dalvikvm( 1657): GC_CONCURRENT freed 856K, 64% free 2885K/7939K, paused 2ms+2ms
D/NetUpdate( 2247): progressValue--->0
D/NetUpdate( 2247): mWriteSD--->true
D/NetUpdate( 2247): mBootCheckZipExist--->false
D/dalvikvm( 1657): GC_CONCURRENT freed 721K, 64% free 2870K/7939K, paused 2ms+3ms
D/NetUpdate( 2247): progressValue--->0
D/NetUpdate( 2247): mWriteSD--->true
D/NetUpdate( 2247): mBootCheckZipExist--->false
D/dalvikvm( 1657): GC_CONCURRENT freed 709K, 64% free 2885K/7939K, paused 2ms+2ms
D/NetUpdate( 2247): progressValue--->0
D/NetUpdate( 2247): mWriteSD--->true
D/NetUpdate( 2247): mBootCheckZipExist--->false
D/NetUpdate( 2247): progressValue--->0
D/NetUpdate( 2247): mWriteSD--->true
D/NetUpdate( 2247): mBootCheckZipExist--->false
D/NetUpdate( 2247): progressValue--->0
D/NetUpdate( 2247): mWriteSD--->true
D/NetUpdate( 2247): mBootCheckZipExist--->false
D/NetUpdate( 2247): progressValue--->0
D/NetUpdate( 2247): mWriteSD--->true
D/NetUpdate( 2247): mBootCheckZipExist--->false
D/NetUpdate( 2247): progressValue--->0
D/NetUpdate( 2247): mWriteSD--->true
D/NetUpdate( 2247): mBootCheckZipExist--->false
D/NetUpdate( 2247): progressValue--->0
D/NetUpdate( 2247): mWriteSD--->true
D/NetUpdate( 2247): mBootCheckZipExist--->false
D/NetUpdate( 2247): progressValue--->0
D/NetUpdate( 2247): mWriteSD--->true
D/NetUpdate( 2247): mBootCheckZipExist--->false
D/NetUpdate( 2247): progressValue--->0
D/NetUpdate( 2247): mWriteSD--->true
D/NetUpdate( 2247): mBootCheckZipExist--->false
D/NetUpdate( 2247): progressValue--->0
D/NetUpdate( 2247): mWriteSD--->true
D/NetUpdate( 2247): mBootCheckZipExist--->false
D/NetUpdate( 2247): progressValue--->0
D/NetUpdate( 2247): mWriteSD--->true
D/NetUpdate( 2247): mBootCheckZipExist--->false
D/NetUpdate( 2247): progressValue--->0
D/NetUpdate( 2247): mWriteSD--->true
D/NetUpdate( 2247): mBootCheckZipExist--->false
D/NetUpdate( 2247): progressValue--->0
D/NetUpdate( 2247): mWriteSD--->true
D/NetUpdate( 2247): mBootCheckZipExist--->false
D/dalvikvm( 1657): GC_CONCURRENT freed 719K, 64% free 2870K/7939K, paused 2ms+2ms
D/NetUpdate( 2247): progressValue--->0
D/NetUpdate( 2247): mWriteSD--->true
D/NetUpdate( 2247): mBootCheckZipExist--->false
D/NetUpdate( 2247): progressValue--->0
D/NetUpdate( 2247): mWriteSD--->true
D/NetUpdate( 2247): mBootCheckZipExist--->false
D/NetUpdate( 2247): progressValue--->0
D/NetUpdate( 2247): mWriteSD--->true
D/NetUpdate( 2247): mBootCheckZipExist--->false
D/NetUpdate( 2247): progressValue--->0
D/NetUpdate( 2247): mWriteSD--->true
D/NetUpdate( 2247): mBootCheckZipExist--->false
D/NetUpdate( 2247): progressValue--->0
D/NetUpdate( 2247): mWriteSD--->true
D/NetUpdate( 2247): mBootCheckZipExist--->false
D/NetUpdate( 2247): progressValue--->0
D/NetUpdate( 2247): mWriteSD--->true
D/NetUpdate( 2247): mBootCheckZipExist--->false
D/HomePlayerLib( 1657): hostaddress count is 1
D/dalvikvm( 1657): GC_CONCURRENT freed 720K, 63% free 2967K/7939K, paused 2ms+3ms
D/dalvikvm( 1657): GC_CONCURRENT freed 836K, 63% free 2973K/7939K, paused 2ms+2ms
D/dalvikvm( 1657): GC_CONCURRENT freed 851K, 64% free 2900K/7939K, paused 2ms+2ms
D/dalvikvm( 1657): GC_CONCURRENT freed 757K, 65% free 2848K/7939K, paused 2ms+2ms
D/dalvikvm( 1657): GC_CONCURRENT freed 681K, 64% free 2866K/7939K, paused 2ms+2ms
D/NetUpdate( 2247): progressValue--->0
D/NetUpdate( 2247): mWriteSD--->true
D/NetUpdate( 2247): mBootCheckZipExist--->false
D/NetUpdate( 2247): progressValue--->0
D/NetUpdate( 2247): mWriteSD--->true
D/NetUpdate( 2247): mBootCheckZipExist--->false
D/NetUpdate( 2247): progressValue--->0
D/NetUpdate( 2247): mWriteSD--->true
D/NetUpdate( 2247): mBootCheckZipExist--->false
D/NetUpdate( 2247): progressValue--->0
D/NetUpdate( 2247): mWriteSD--->true
D/NetUpdate( 2247): mBootCheckZipExist--->false
D/NetUpdate( 2247): progressValue--->0
D/NetUpdate( 2247): mWriteSD--->true
D/NetUpdate( 2247): mBootCheckZipExist--->false
D/NetUpdate( 2247): progressValue--->0
D/NetUpdate( 2247): mWriteSD--->true
D/NetUpdate( 2247): mBootCheckZipExist--->false
D/NetUpdate( 2247): progressValue--->0
D/NetUpdate( 2247): mWriteSD--->true
D/NetUpdate( 2247): mBootCheckZipExist--->false
D/NetUpdate( 2247): progressValue--->0
D/NetUpdate( 2247): mWriteSD--->true
D/NetUpdate( 2247): mBootCheckZipExist--->false
D/NetUpdate( 2247): progressValue--->0
D/NetUpdate( 2247): mWriteSD--->true
D/NetUpdate( 2247): mBootCheckZipExist--->false
D/NetUpdate( 2247): progressValue--->0
D/NetUpdate( 2247): mWriteSD--->true
D/NetUpdate( 2247): mBootCheckZipExist--->false
D/NetUpdate( 2247): progressValue--->0
D/NetUpdate( 2247): mWriteSD--->true
D/NetUpdate( 2247): mBootCheckZipExist--->false
D/NetUpdate( 2247): progressValue--->0
D/NetUpdate( 2247): mWriteSD--->true
D/NetUpdate( 2247): mBootCheckZipExist--->false
D/NetUpdate( 2247): progressValue--->0
D/NetUpdate( 2247): mWriteSD--->true
D/NetUpdate( 2247): mBootCheckZipExist--->false
D/NetUpdate( 2247): progressValue--->0
D/NetUpdate( 2247): mWriteSD--->true
D/NetUpdate( 2247): mBootCheckZipExist--->false
D/NetUpdate( 2247): progressValue--->0
D/NetUpdate( 2247): mWriteSD--->true
D/NetUpdate( 2247): mBootCheckZipExist--->false
D/NetUpdate( 2247): progressValue--->0
D/NetUpdate( 2247): mWriteSD--->true
D/NetUpdate( 2247): mBootCheckZipExist--->false
D/NetUpdate( 2247): progressValue--->0
D/NetUpdate( 2247): mWriteSD--->true
D/NetUpdate( 2247): mBootCheckZipExist--->false
D/dalvikvm( 1657): GC_CONCURRENT freed 705K, 64% free 2870K/7939K, paused 2ms+3ms
D/dalvikvm( 1657): GC_CONCURRENT freed 704K, 64% free 2864K/7939K, paused 2ms+3ms
D/NetUpdate( 2247): progressValue--->0
D/NetUpdate( 2247): mWriteSD--->true
D/NetUpdate( 2247): mBootCheckZipExist--->false
D/dalvikvm( 1657): GC_CONCURRENT freed 704K, 64% free 2870K/7939K, paused 2ms+3ms
D/NetUpdate( 2247): progressValue--->0
D/NetUpdate( 2247): mWriteSD--->true
D/NetUpdate( 2247): mBootCheckZipExist--->false
D/dalvikvm( 1657): GC_CONCURRENT freed 705K, 64% free 2868K/7939K, paused 2ms+3ms
D/dalvikvm( 1657): GC_CONCURRENT freed 704K, 64% free 2868K/7939K, paused 2ms+3ms
D/dalvikvm( 1657): GC_CONCURRENT freed 704K, 64% free 2869K/7939K, paused 2ms+3ms
D/NetUpdate( 2247): progressValue--->0
D/NetUpdate( 2247): mWriteSD--->true
D/NetUpdate( 2247): mBootCheckZipExist--->false
E/CACHE   ( 1872): cleared
I/zomut.watchdog.monitor( 1872): initgather
D/HomePlayerLib( 1657): hostaddress count is 1
I/zomut.watchdog.monitor( 1872): endgather
I/zomut.watchdog.monitor( 1872): init
D/dalvikvm( 1657): GC_CONCURRENT freed 723K, 64% free 2874K/7939K, paused 3ms+3ms
D/NetUpdate( 2247): progressValue--->0
D/NetUpdate( 2247): mWriteSD--->true
D/NetUpdate( 2247): mBootCheckZipExist--->false
I/zomut.watchdog.monitor( 1872): end
D/dalvikvm( 1657): GC_CONCURRENT freed 723K, 64% free 2916K/7939K, paused 4ms+2ms
D/dalvikvm( 1657): GC_CONCURRENT freed 776K, 63% free 2973K/7939K, paused 2ms+2ms
D/dalvikvm( 1657): GC_CONCURRENT freed 851K, 64% free 2929K/7939K, paused 2ms+2ms
D/dalvikvm( 1657): GC_CONCURRENT freed 799K, 64% free 2861K/7939K, paused 2ms+2ms
D/NetUpdate( 2247): progressValue--->0
D/NetUpdate( 2247): mWriteSD--->true
D/NetUpdate( 2247): mBootCheckZipExist--->false
D/dalvikvm( 1657): GC_CONCURRENT freed 707K, 65% free 2843K/7939K, paused 2ms+2ms
D/NetUpdate( 2247): progressValue--->0
D/NetUpdate( 2247): mWriteSD--->true
D/NetUpdate( 2247): mBootCheckZipExist--->false
D/NetUpdate( 2247): progressValue--->0
D/NetUpdate( 2247): mWriteSD--->true
D/NetUpdate( 2247): mBootCheckZipExist--->false
D/NetUpdate( 2247): progressValue--->0
D/NetUpdate( 2247): mWriteSD--->true
D/NetUpdate( 2247): mBootCheckZipExist--->false
D/NetUpdate( 2247): progressValue--->0
D/NetUpdate( 2247): mWriteSD--->true
D/NetUpdate( 2247): mBootCheckZipExist--->false
D/NetUpdate( 2247): progressValue--->0
D/NetUpdate( 2247): mWriteSD--->true
D/NetUpdate( 2247): mBootCheckZipExist--->false
D/NetUpdate( 2247): progressValue--->0
D/NetUpdate( 2247): mWriteSD--->true
D/NetUpdate( 2247): mBootCheckZipExist--->false
D/NetUpdate( 2247): progressValue--->0
D/NetUpdate( 2247): mWriteSD--->true
D/NetUpdate( 2247): mBootCheckZipExist--->false
D/NetUpdate( 2247): progressValue--->0
D/NetUpdate( 2247): mWriteSD--->true
D/NetUpdate( 2247): mBootCheckZipExist--->false
D/NetUpdate( 2247): progressValue--->0
D/NetUpdate( 2247): mWriteSD--->true
D/NetUpdate( 2247): mBootCheckZipExist--->false
D/NetUpdate( 2247): progressValue--->0
D/NetUpdate( 2247): mWriteSD--->true
D/NetUpdate( 2247): mBootCheckZipExist--->false
D/NetUpdate( 2247): progressValue--->0
D/NetUpdate( 2247): mWriteSD--->true
D/NetUpdate( 2247): mBootCheckZipExist--->false
D/dalvikvm( 1657): GC_CONCURRENT freed 689K, 65% free 2842K/7939K, paused 2ms+2ms
D/NetUpdate( 2247): progressValue--->0
D/NetUpdate( 2247): mWriteSD--->true
D/NetUpdate( 2247): mBootCheckZipExist--->false
D/NetUpdate( 2247): progressValue--->0
D/NetUpdate( 2247): mWriteSD--->true
D/NetUpdate( 2247): mBootCheckZipExist--->false
D/NetUpdate( 2247): progressValue--->0
D/NetUpdate( 2247): mWriteSD--->true
D/NetUpdate( 2247): mBootCheckZipExist--->false
D/NetUpdate( 2247): progressValue--->0
D/NetUpdate( 2247): mWriteSD--->true
D/NetUpdate( 2247): mBootCheckZipExist--->false
D/NetUpdate( 2247): progressValue--->0
D/NetUpdate( 2247): mWriteSD--->true
D/NetUpdate( 2247): mBootCheckZipExist--->false
D/UploadCheckerService( 2689): Can't Connect to CIBN_SERVER_PATH!  Address: http://tms.cibntest.ysten.com:8080
D/UploadCheckerService( 2689): Can't Connect to CIBN_SERVER_PATH!  retryTime is : 10
D/NetUpdate( 2247): progressValue--->0
D/NetUpdate( 2247): mWriteSD--->true
D/NetUpdate( 2247): mBootCheckZipExist--->false
D/NetUpdate( 2247): progressValue--->0
D/NetUpdate( 2247): mWriteSD--->true
D/NetUpdate( 2247): mBootCheckZipExist--->false
D/NetUpdate( 2247): progressValue--->0
D/NetUpdate( 2247): mWriteSD--->true
D/NetUpdate( 2247): mBootCheckZipExist--->false
D/NetUpdate( 2247): progressValue--->0
D/NetUpdate( 2247): mWriteSD--->true
D/NetUpdate( 2247): mBootCheckZipExist--->false
D/HomePlayerLib( 1657): hostaddress count is 1
D/UploadCheckerService( 2689): Can't Connect to CIBN_SERVER_PATH!  Address: http://tms.cibntest.ysten.com:8080
D/UploadCheckerService( 2689): Can't Connect to CIBN_SERVER_PATH!  retryTime is : 11
D/dalvikvm( 1657): GC_CONCURRENT freed 680K, 65% free 2847K/7939K, paused 2ms+11ms
D/NetUpdate( 2247): progressValue--->0
D/NetUpdate( 2247): mWriteSD--->true
D/NetUpdate( 2247): mBootCheckZipExist--->false
D/dalvikvm( 1657): GC_CONCURRENT freed 691K, 65% free 2843K/7939K, paused 2ms+2ms
D/dalvikvm( 1657): GC_CONCURRENT freed 721K, 64% free 2932K/7939K, paused 2ms+2ms
D/dalvikvm( 1657): GC_CONCURRENT freed 789K, 65% free 2855K/7939K, paused 2ms+2ms
D/dalvikvm( 1657): GC_CONCURRENT freed 691K, 63% free 2971K/7939K, paused 2ms+2ms
D/NetUpdate( 2247): progressValue--->0
D/NetUpdate( 2247): mWriteSD--->true
D/NetUpdate( 2247): mBootCheckZipExist--->false
D/NetUpdate( 2247): progressValue--->0
D/NetUpdate( 2247): mWriteSD--->true
D/NetUpdate( 2247): mBootCheckZipExist--->false
D/NetUpdate( 2247): progressValue--->0
D/NetUpdate( 2247): mWriteSD--->true
D/NetUpdate( 2247): mBootCheckZipExist--->false
D/UploadCheckerService( 2689): Can't Connect to CIBN_SERVER_PATH!  Address: http://tms.cibntest.ysten.com:8080
D/UploadCheckerService( 2689): Can't Connect to CIBN_SERVER_PATH!  retryTime is : 12
D/NetUpdate( 2247): progressValue--->0
D/NetUpdate( 2247): mWriteSD--->true
D/NetUpdate( 2247): mBootCheckZipExist--->false
D/NetUpdate( 2247): progressValue--->0
D/NetUpdate( 2247): mWriteSD--->true
D/NetUpdate( 2247): mBootCheckZipExist--->false
D/NetUpdate( 2247): progressValue--->0
D/NetUpdate( 2247): mWriteSD--->true
D/NetUpdate( 2247): mBootCheckZipExist--->false
D/NetUpdate( 2247): progressValue--->0
D/NetUpdate( 2247): mWriteSD--->true
D/NetUpdate( 2247): mBootCheckZipExist--->false
D/UploadCheckerService( 2689): Can't Connect to CIBN_SERVER_PATH!  Address: http://tms.cibntest.ysten.com:8080
D/UploadCheckerService( 2689): Can't Connect to CIBN_SERVER_PATH!  retryTime is : 13
D/NetUpdate( 2247): progressValue--->0
D/NetUpdate( 2247): mWriteSD--->true
D/NetUpdate( 2247): mBootCheckZipExist--->false
D/NetUpdate( 2247): progressValue--->0
D/NetUpdate( 2247): mWriteSD--->true
D/NetUpdate( 2247): mBootCheckZipExist--->false
D/NetUpdate( 2247): progressValue--->0
D/NetUpdate( 2247): mWriteSD--->true
D/NetUpdate( 2247): mBootCheckZipExist--->false
D/NetUpdate( 2247): progressValue--->0
D/NetUpdate( 2247): mWriteSD--->true
D/NetUpdate( 2247): mBootCheckZipExist--->false
D/UploadCheckerService( 2689): Can't Connect to CIBN_SERVER_PATH!  Address: http://tms.cibntest.ysten.com:8080
D/UploadCheckerService( 2689): Can't Connect to CIBN_SERVER_PATH!  retryTime is : 14
D/NetUpdate( 2247): progressValue--->0
D/NetUpdate( 2247): mWriteSD--->true
D/NetUpdate( 2247): mBootCheckZipExist--->false
D/NetUpdate( 2247): progressValue--->0
D/NetUpdate( 2247): mWriteSD--->true
D/NetUpdate( 2247): mBootCheckZipExist--->false
D/NetUpdate( 2247): progressValue--->0
D/NetUpdate( 2247): mWriteSD--->true
D/NetUpdate( 2247): mBootCheckZipExist--->false
D/NetUpdate( 2247): progressValue--->0
D/NetUpdate( 2247): mWriteSD--->true
D/NetUpdate( 2247): mBootCheckZipExist--->false
D/NetUpdate( 2247): progressValue--->0
D/NetUpdate( 2247): mWriteSD--->true
D/NetUpdate( 2247): mBootCheckZipExist--->false
D/dalvikvm( 1657): GC_CONCURRENT freed 854K, 63% free 2967K/7939K, paused 2ms+3ms
D/dalvikvm( 1657): GC_CONCURRENT freed 849K, 63% free 2967K/7939K, paused 2ms+3ms
D/NetUpdate( 2247): progressValue--->0
D/NetUpdate( 2247): mWriteSD--->true
D/NetUpdate( 2247): mBootCheckZipExist--->false
D/NetUpdate( 2247): progressValue--->0
D/NetUpdate( 2247): mWriteSD--->true
D/NetUpdate( 2247): mBootCheckZipExist--->false
D/dalvikvm( 1657): GC_CONCURRENT freed 843K, 63% free 2972K/7939K, paused 2ms+3ms
D/dalvikvm( 1657): GC_CONCURRENT freed 854K, 64% free 2885K/7939K, paused 2ms+3ms
D/dalvikvm( 1657): GC_CONCURRENT freed 720K, 64% free 2870K/7939K, paused 1ms+2ms
D/NetUpdate( 2247): progressValue--->0
D/NetUpdate( 2247): mWriteSD--->true
D/NetUpdate( 2247): mBootCheckZipExist--->false
D/dalvikvm( 1657): GC_CONCURRENT freed 704K, 64% free 2870K/7939K, paused 2ms+2ms
D/NetUpdate( 2247): progressValue--->0
D/NetUpdate( 2247): mWriteSD--->true
D/NetUpdate( 2247): mBootCheckZipExist--->false
D/HomePlayerLib( 1657): hostaddress count is 1
D/dalvikvm( 1657): GC_CONCURRENT freed 723K, 63% free 2964K/7939K, paused 2ms+2ms
D/dalvikvm( 1657): GC_CONCURRENT freed 837K, 64% free 2865K/7939K, paused 2ms+2ms
D/NetUpdate( 2247): progressValue--->0
D/NetUpdate( 2247): mWriteSD--->true
D/NetUpdate( 2247): mBootCheckZipExist--->false
D/dalvikvm( 1657): GC_CONCURRENT freed 700K, 64% free 2869K/7939K, paused 2ms+3ms
D/NetUpdate( 2247): progressValue--->0
D/NetUpdate( 2247): mWriteSD--->true
D/NetUpdate( 2247): mBootCheckZipExist--->false
D/dalvikvm( 1657): GC_CONCURRENT freed 705K, 63% free 2974K/7939K, paused 3ms+2ms
D/dalvikvm( 1657): GC_CONCURRENT freed 853K, 65% free 2857K/7939K, paused 2ms+2ms
D/dalvikvm( 1657): GC_CONCURRENT freed 692K, 64% free 2912K/7939K, paused 2ms+2ms
D/NetUpdate( 2247): progressValue--->0
D/NetUpdate( 2247): mWriteSD--->true
D/NetUpdate( 2247): mBootCheckZipExist--->false
D/NetUpdate( 2247): progressValue--->0
D/NetUpdate( 2247): mWriteSD--->true
D/NetUpdate( 2247): mBootCheckZipExist--->false
D/NetUpdate( 2247): progressValue--->0
D/NetUpdate( 2247): mWriteSD--->true
D/NetUpdate( 2247): mBootCheckZipExist--->false
D/NetUpdate( 2247): progressValue--->0
D/NetUpdate( 2247): mWriteSD--->true
D/NetUpdate( 2247): mBootCheckZipExist--->false
D/NetUpdate( 2247): progressValue--->0
D/NetUpdate( 2247): mWriteSD--->true
D/NetUpdate( 2247): mBootCheckZipExist--->false
D/NetUpdate( 2247): progressValue--->0
D/NetUpdate( 2247): mWriteSD--->true
D/NetUpdate( 2247): mBootCheckZipExist--->false
D/NetUpdate( 2247): progressValue--->0
D/NetUpdate( 2247): mWriteSD--->true
D/NetUpdate( 2247): mBootCheckZipExist--->false
D/NetUpdate( 2247): progressValue--->0
D/NetUpdate( 2247): mWriteSD--->true
D/NetUpdate( 2247): mBootCheckZipExist--->false
D/NetUpdate( 2247): progressValue--->0
D/NetUpdate( 2247): mWriteSD--->true
D/NetUpdate( 2247): mBootCheckZipExist--->false
D/NetUpdate( 2247): progressValue--->0
D/NetUpdate( 2247): mWriteSD--->true
D/NetUpdate( 2247): mBootCheckZipExist--->false
D/NetUpdate( 2247): progressValue--->0
D/NetUpdate( 2247): mWriteSD--->true
D/NetUpdate( 2247): mBootCheckZipExist--->false
D/NetUpdate( 2247): progressValue--->0
D/NetUpdate( 2247): mWriteSD--->true
D/NetUpdate( 2247): mBootCheckZipExist--->false
D/NetUpdate( 2247): progressValue--->0
D/NetUpdate( 2247): mWriteSD--->true
D/NetUpdate( 2247): mBootCheckZipExist--->false
D/NetUpdate( 2247): progressValue--->0
D/NetUpdate( 2247): mWriteSD--->true
D/NetUpdate( 2247): mBootCheckZipExist--->false
D/NetUpdate( 2247): progressValue--->0
D/NetUpdate( 2247): mWriteSD--->true
D/NetUpdate( 2247): mBootCheckZipExist--->false
D/NetUpdate( 2247): progressValue--->0
D/NetUpdate( 2247): mWriteSD--->true
D/NetUpdate( 2247): mBootCheckZipExist--->false
D/NetUpdate( 2247): progressValue--->0
D/NetUpdate( 2247): mWriteSD--->true
D/NetUpdate( 2247): mBootCheckZipExist--->false
D/NetUpdate( 2247): progressValue--->0
D/NetUpdate( 2247): mWriteSD--->true
D/NetUpdate( 2247): mBootCheckZipExist--->false
D/NetUpdate( 2247): progressValue--->0
D/NetUpdate( 2247): mWriteSD--->true
D/NetUpdate( 2247): mBootCheckZipExist--->false
D/NetUpdate( 2247): progressValue--->0
D/NetUpdate( 2247): mWriteSD--->true
D/NetUpdate( 2247): mBootCheckZipExist--->false
D/HomePlayerLib( 1657): hostaddress count is 1
D/dalvikvm( 1657): GC_CONCURRENT freed 761K, 64% free 2859K/7939K, paused 2ms+3ms
D/NetUpdate( 2247): progressValue--->0
D/NetUpdate( 2247): mWriteSD--->true
D/NetUpdate( 2247): mBootCheckZipExist--->false
D/dalvikvm( 1657): GC_CONCURRENT freed 700K, 63% free 2970K/7939K, paused 2ms+3ms
D/NetUpdate( 2247): progressValue--->0
D/NetUpdate( 2247): mWriteSD--->true
D/NetUpdate( 2247): mBootCheckZipExist--->false
D/dalvikvm( 1657): GC_CONCURRENT freed 848K, 63% free 2974K/7939K, paused 2ms+2ms
D/dalvikvm( 1657): GC_CONCURRENT freed 854K, 63% free 2967K/7939K, paused 2ms+2ms
D/dalvikvm( 1657): GC_CONCURRENT freed 838K, 63% free 2978K/7939K, paused 2ms+2ms
D/NetUpdate( 2247): progressValue--->0
D/NetUpdate( 2247): mWriteSD--->true
D/NetUpdate( 2247): mBootCheckZipExist--->false
D/NetUpdate( 2247): progressValue--->0
D/NetUpdate( 2247): mWriteSD--->true
D/NetUpdate( 2247): mBootCheckZipExist--->false
D/NetUpdate( 2247): progressValue--->0
D/NetUpdate( 2247): mWriteSD--->true
D/NetUpdate( 2247): mBootCheckZipExist--->false
D/NetUpdate( 2247): progressValue--->0
D/NetUpdate( 2247): mWriteSD--->true
D/NetUpdate( 2247): mBootCheckZipExist--->false
D/NetUpdate( 2247): progressValue--->0
D/NetUpdate( 2247): mWriteSD--->true
D/NetUpdate( 2247): mBootCheckZipExist--->false
D/NetUpdate( 2247): progressValue--->0
D/NetUpdate( 2247): mWriteSD--->true
D/NetUpdate( 2247): mBootCheckZipExist--->false
D/NetUpdate( 2247): progressValue--->0
D/NetUpdate( 2247): mWriteSD--->true
D/NetUpdate( 2247): mBootCheckZipExist--->false
D/NetUpdate( 2247): progressValue--->0
D/NetUpdate( 2247): mWriteSD--->true
D/NetUpdate( 2247): mBootCheckZipExist--->false
D/NetUpdate( 2247): progressValue--->0
D/NetUpdate( 2247): mWriteSD--->true
D/NetUpdate( 2247): mBootCheckZipExist--->false
D/NetUpdate( 2247): progressValue--->0
D/NetUpdate( 2247): mWriteSD--->true
D/NetUpdate( 2247): mBootCheckZipExist--->false
D/NetUpdate( 2247): progressValue--->0
D/NetUpdate( 2247): mWriteSD--->true
D/NetUpdate( 2247): mBootCheckZipExist--->false
D/NetUpdate( 2247): progressValue--->0
D/NetUpdate( 2247): mWriteSD--->true
D/NetUpdate( 2247): mBootCheckZipExist--->false
D/NetUpdate( 2247): progressValue--->0
D/NetUpdate( 2247): mWriteSD--->true
D/NetUpdate( 2247): mBootCheckZipExist--->false
D/NetUpdate( 2247): progressValue--->0
D/NetUpdate( 2247): mWriteSD--->true
D/NetUpdate( 2247): mBootCheckZipExist--->false
D/dalvikvm( 1657): GC_CONCURRENT freed 841K, 63% free 2954K/7939K, paused 2ms+3ms
D/dalvikvm( 1657): GC_CONCURRENT freed 830K, 65% free 2845K/7939K, paused 2ms+2ms
D/NetUpdate( 2247): progressValue--->0
D/NetUpdate( 2247): mWriteSD--->true
D/NetUpdate( 2247): mBootCheckZipExist--->false
D/dalvikvm( 1657): GC_CONCURRENT freed 691K, 65% free 2841K/7939K, paused 2ms+3ms
D/NetUpdate( 2247): progressValue--->0
D/NetUpdate( 2247): mWriteSD--->true
D/NetUpdate( 2247): mBootCheckZipExist--->false
D/dalvikvm( 1657): GC_CONCURRENT freed 676K, 64% free 2867K/7939K, paused 2ms+3ms
D/dalvikvm( 1657): GC_CONCURRENT freed 703K, 64% free 2869K/7939K, paused 3ms+3ms
D/NetUpdate( 2247): progressValue--->0
D/NetUpdate( 2247): mWriteSD--->true
D/NetUpdate( 2247): mBootCheckZipExist--->false
D/dalvikvm( 1657): GC_CONCURRENT freed 703K, 64% free 2867K/7939K, paused 2ms+3ms
D/NetUpdate( 2247): progressValue--->0
D/NetUpdate( 2247): mWriteSD--->true
D/NetUpdate( 2247): mBootCheckZipExist--->false
D/dalvikvm( 1657): GC_CONCURRENT freed 705K, 64% free 2867K/7939K, paused 2ms+2ms
D/NetUpdate( 2247): progressValue--->0
D/NetUpdate( 2247): mWriteSD--->true
D/NetUpdate( 2247): mBootCheckZipExist--->false
D/NetUpdate( 2247): progressValue--->0
D/NetUpdate( 2247): mWriteSD--->true
D/NetUpdate( 2247): mBootCheckZipExist--->false
D/HomePlayerLib( 1657): hostaddress count is 1
D/dalvikvm( 1657): GC_CONCURRENT freed 721K, 64% free 2861K/7939K, paused 3ms+3ms
D/dalvikvm( 1657): GC_CONCURRENT freed 713K, 62% free 3046K/7939K, paused 3ms+3ms
D/NetUpdate( 2247): progressValue--->0
D/NetUpdate( 2247): mWriteSD--->true
D/NetUpdate( 2247): mBootCheckZipExist--->false
D/dalvikvm( 1657): GC_CONCURRENT freed 946K, 64% free 2871K/7939K, paused 2ms+2ms
D/NetUpdate( 2247): progressValue--->0
D/NetUpdate( 2247): mWriteSD--->true
D/NetUpdate( 2247): mBootCheckZipExist--->false
D/dalvikvm( 1657): GC_CONCURRENT freed 752K, 64% free 2869K/7939K, paused 2ms+3ms
D/dalvikvm( 1657): GC_CONCURRENT freed 713K, 64% free 2869K/7939K, paused 3ms+3ms
D/NetUpdate( 2247): progressValue--->0
D/NetUpdate( 2247): mWriteSD--->true
D/NetUpdate( 2247): mBootCheckZipExist--->false
D/NetUpdate( 2247): progressValue--->0
D/NetUpdate( 2247): mWriteSD--->true
D/NetUpdate( 2247): mBootCheckZipExist--->false
D/NetUpdate( 2247): progressValue--->0
D/NetUpdate( 2247): mWriteSD--->true
D/NetUpdate( 2247): mBootCheckZipExist--->false
D/NetUpdate( 2247): progressValue--->0
D/NetUpdate( 2247): mWriteSD--->true
D/NetUpdate( 2247): mBootCheckZipExist--->false
D/NetUpdate( 2247): progressValue--->0
D/NetUpdate( 2247): mWriteSD--->true
D/NetUpdate( 2247): mBootCheckZipExist--->false
D/NetUpdate( 2247): progressValue--->0
D/NetUpdate( 2247): mWriteSD--->true
D/NetUpdate( 2247): mBootCheckZipExist--->false
D/NetUpdate( 2247): progressValue--->0
D/NetUpdate( 2247): mWriteSD--->true
D/NetUpdate( 2247): mBootCheckZipExist--->false
D/NetUpdate( 2247): progressValue--->0
D/NetUpdate( 2247): mWriteSD--->true
D/NetUpdate( 2247): mBootCheckZipExist--->false
D/NetUpdate( 2247): progressValue--->0
D/NetUpdate( 2247): mWriteSD--->true
D/NetUpdate( 2247): mBootCheckZipExist--->false
D/NetUpdate( 2247): progressValue--->0
D/NetUpdate( 2247): mWriteSD--->true
D/NetUpdate( 2247): mBootCheckZipExist--->false
D/NetUpdate( 2247): progressValue--->0
D/NetUpdate( 2247): mWriteSD--->true
D/NetUpdate( 2247): mBootCheckZipExist--->false
D/NetUpdate( 2247): progressValue--->0
D/NetUpdate( 2247): mWriteSD--->true
D/NetUpdate( 2247): mBootCheckZipExist--->false
D/NetUpdate( 2247): progressValue--->0
D/NetUpdate( 2247): mWriteSD--->true
D/NetUpdate( 2247): mBootCheckZipExist--->false
D/NetUpdate( 2247): progressValue--->0
D/NetUpdate( 2247): mWriteSD--->true
D/NetUpdate( 2247): mBootCheckZipExist--->false
D/NetUpdate( 2247): progressValue--->0
D/NetUpdate( 2247): mWriteSD--->true
D/NetUpdate( 2247): mBootCheckZipExist--->false
D/NetUpdate( 2247): progressValue--->0
D/NetUpdate( 2247): mWriteSD--->true
D/NetUpdate( 2247): mBootCheckZipExist--->false
D/NetUpdate( 2247): progressValue--->0
D/NetUpdate( 2247): mWriteSD--->true
D/NetUpdate( 2247): mBootCheckZipExist--->false
D/NetUpdate( 2247): progressValue--->0
D/NetUpdate( 2247): mWriteSD--->true
D/NetUpdate( 2247): mBootCheckZipExist--->false
D/NetUpdate( 2247): progressValue--->0
D/NetUpdate( 2247): mWriteSD--->true
D/NetUpdate( 2247): mBootCheckZipExist--->false
D/NetUpdate( 2247): progressValue--->0
D/NetUpdate( 2247): mWriteSD--->true
D/NetUpdate( 2247): mBootCheckZipExist--->false
D/dalvikvm( 1657): GC_CONCURRENT freed 724K, 65% free 2850K/7939K, paused 2ms+2ms
D/HomePlayerLib( 1657): hostaddress count is 1
D/dalvikvm( 1657): GC_CONCURRENT freed 686K, 63% free 2983K/7939K, paused 2ms+2ms
D/dalvikvm( 1657): GC_CONCURRENT freed 863K, 63% free 2971K/7939K, paused 2ms+2ms
D/dalvikvm( 1657): GC_CONCURRENT freed 838K, 64% free 2875K/7939K, paused 2ms+3ms
D/NetUpdate( 2247): progressValue--->0
D/NetUpdate( 2247): mWriteSD--->true
D/NetUpdate( 2247): mBootCheckZipExist--->false
D/dalvikvm( 1657): GC_CONCURRENT freed 706K, 64% free 2870K/7939K, paused 2ms+2ms
D/NetUpdate( 2247): progressValue--->0
D/NetUpdate( 2247): mWriteSD--->true
D/NetUpdate( 2247): mBootCheckZipExist--->false
D/dalvikvm( 1657): GC_CONCURRENT freed 717K, 64% free 2867K/7939K, paused 3ms+3ms
D/NetUpdate( 2247): progressValue--->0
D/NetUpdate( 2247): mWriteSD--->true
D/NetUpdate( 2247): mBootCheckZipExist--->false
D/NetUpdate( 2247): progressValue--->0
D/NetUpdate( 2247): mWriteSD--->true
D/NetUpdate( 2247): mBootCheckZipExist--->false
D/NetUpdate( 2247): progressValue--->0
D/NetUpdate( 2247): mWriteSD--->true
D/NetUpdate( 2247): mBootCheckZipExist--->false
D/NetUpdate( 2247): progressValue--->0
D/NetUpdate( 2247): mWriteSD--->true
D/NetUpdate( 2247): mBootCheckZipExist--->false
D/NetUpdate( 2247): progressValue--->0
D/NetUpdate( 2247): mWriteSD--->true
D/NetUpdate( 2247): mBootCheckZipExist--->false
D/NetUpdate( 2247): progressValue--->0
D/NetUpdate( 2247): mWriteSD--->true
D/NetUpdate( 2247): mBootCheckZipExist--->false
D/NetUpdate( 2247): progressValue--->0
D/NetUpdate( 2247): mWriteSD--->true
D/NetUpdate( 2247): mBootCheckZipExist--->false
D/UploadCheckerService( 2689): Can't Connect to CIBN_SERVER_PATH!  Address: http://tms.cibntest.ysten.com:8080
D/UploadCheckerService( 2689): Can't Connect to CIBN_SERVER_PATH!  retryTime is : 15
D/NetUpdate( 2247): progressValue--->0
D/NetUpdate( 2247): mWriteSD--->true
D/NetUpdate( 2247): mBootCheckZipExist--->false
D/NetUpdate( 2247): progressValue--->0
D/NetUpdate( 2247): mWriteSD--->true
D/NetUpdate( 2247): mBootCheckZipExist--->false
E/CACHE   ( 1872): cleared
I/zomut.watchdog.monitor( 1872): initgather
D/NetUpdate( 2247): progressValue--->0
D/NetUpdate( 2247): mWriteSD--->true
D/NetUpdate( 2247): mBootCheckZipExist--->false
I/zomut.watchdog.monitor( 1872): endgather
I/zomut.watchdog.monitor( 1872): init
D/dalvikvm( 1872): GC_CONCURRENT freed 1954K, 46% free 6842K/12611K, paused 2ms+4ms
I/zomut.watchdog.monitor( 1872): end
D/NetUpdate( 2247): progressValue--->0
D/NetUpdate( 2247): mWriteSD--->true
D/NetUpdate( 2247): mBootCheckZipExist--->false
D/UploadCheckerService( 2689): Can't Connect to CIBN_SERVER_PATH!  Address: http://tms.cibntest.ysten.com:8080
D/UploadCheckerService( 2689): Can't Connect to CIBN_SERVER_PATH!  retryTime is : 16
D/NetUpdate( 2247): progressValue--->0
D/NetUpdate( 2247): mWriteSD--->true
D/NetUpdate( 2247): mBootCheckZipExist--->false
D/dalvikvm( 1657): GC_CONCURRENT freed 706K, 64% free 2870K/7939K, paused 2ms+3ms
D/dalvikvm( 1657): GC_CONCURRENT freed 704K, 64% free 2864K/7939K, paused 2ms+2ms
D/NetUpdate( 2247): progressValue--->0
D/NetUpdate( 2247): mWriteSD--->true
D/NetUpdate( 2247): mBootCheckZipExist--->false
D/dalvikvm( 1657): GC_CONCURRENT freed 704K, 64% free 2865K/7939K, paused 2ms+2ms
D/NetUpdate( 2247): progressValue--->0
D/NetUpdate( 2247): mWriteSD--->true
D/NetUpdate( 2247): mBootCheckZipExist--->false
D/dalvikvm( 1657): GC_CONCURRENT freed 705K, 64% free 2870K/7939K, paused 2ms+2ms
D/dalvikvm( 1657): GC_CONCURRENT freed 704K, 64% free 2870K/7939K, paused 1ms+3ms
D/dalvikvm( 1657): GC_CONCURRENT freed 704K, 64% free 2864K/7939K, paused 2ms+2ms
D/NetUpdate( 2247): progressValue--->0
D/NetUpdate( 2247): mWriteSD--->true
D/NetUpdate( 2247): mBootCheckZipExist--->false
D/UploadCheckerService( 2689): Can't Connect to CIBN_SERVER_PATH!  Address: http://tms.cibntest.ysten.com:8080
D/UploadCheckerService( 2689): Can't Connect to CIBN_SERVER_PATH!  retryTime is : 17
D/dalvikvm( 1657): GC_CONCURRENT freed 705K, 64% free 2870K/7939K, paused 2ms+2ms
D/NetUpdate( 2247): progressValue--->0
D/NetUpdate( 2247): mWriteSD--->true
D/NetUpdate( 2247): mBootCheckZipExist--->false
D/NetUpdate( 2247): progressValue--->0
D/NetUpdate( 2247): mWriteSD--->true
D/NetUpdate( 2247): mBootCheckZipExist--->false
D/NetUpdate( 2247): progressValue--->0
D/NetUpdate( 2247): mWriteSD--->true
D/NetUpdate( 2247): mBootCheckZipExist--->false
D/NetUpdate( 2247): progressValue--->0
D/NetUpdate( 2247): mWriteSD--->true
D/NetUpdate( 2247): mBootCheckZipExist--->false
D/UploadCheckerService( 2689): Can't Connect to CIBN_SERVER_PATH!  Address: http://tms.cibntest.ysten.com:8080
D/UploadCheckerService( 2689): Can't Connect to CIBN_SERVER_PATH!  retryTime is : 18
D/NetUpdate( 2247): progressValue--->0
D/NetUpdate( 2247): mWriteSD--->true
D/NetUpdate( 2247): mBootCheckZipExist--->false
D/HomePlayerLib( 1657): hostaddress count is 1
D/dalvikvm( 1657): GC_CONCURRENT freed 721K, 64% free 2862K/7939K, paused 2ms+2ms
D/dalvikvm( 1657): GC_CONCURRENT freed 714K, 64% free 2868K/7939K, paused 2ms+3ms

D/dalvikvm( 1657): GC_CONCURRENT freed 716K, 63% free 2981K/7939K, paused 2ms+3ms

D/NetUpdate( 2247): progressValue--->0
D/NetUpdate( 2247): mWriteSD--->true
D/NetUpdate( 2247): mBootCheckZipExist--->false
D/dalvikvm( 1657): GC_CONCURRENT freed 855K, 64% free 2919K/7939K, paused 2ms+2ms

D/NetUpdate( 2247): progressValue--->0
D/NetUpdate( 2247): mWriteSD--->true
D/NetUpdate( 2247): mBootCheckZipExist--->false

D/dalvikvm( 1657): GC_CONCURRENT freed 785K, 65% free 2856K/7939K, paused 2ms+2ms
D/dalvikvm( 1657): GC_CONCURRENT freed 705K, 64% free 2863K/7939K, paused 2ms+2ms
D/NetUpdate( 2247): progressValue--->0
D/NetUpdate( 2247): mWriteSD--->true
D/NetUpdate( 2247): mBootCheckZipExist--->false
D/UploadCheckerService( 2689): Can't Connect to CIBN_SERVER_PATH!  Address: http://tms.cibntest.ysten.com:8080
D/UploadCheckerService( 2689): Can't Connect to CIBN_SERVER_PATH!  retryTime is : 19
D/NetUpdate( 2247): progressValue--->0
D/NetUpdate( 2247): mWriteSD--->true
D/NetUpdate( 2247): mBootCheckZipExist--->false
D/NetUpdate( 2247): progressValue--->0
D/NetUpdate( 2247): mWriteSD--->true
D/NetUpdate( 2247): mBootCheckZipExist--->false
^CD/NetUpdate( 2247): progressValue--->0
D/NetUpdate( 2247): mWriteSD--->true
D/NetUpdate( 2247): mBootCheckZipExist--->false
D/NetUpdate( 2247): progressValue--->0
D/NetUpdate( 2247): mWriteSD--->true
D/NetUpdate( 2247): mBootCheckZipExist--->false
D/NetUpdate( 2247): progressValue--->0
D/NetUpdate( 2247): mWriteSD--->true
D/NetUpdate( 2247): mBootCheckZipExist--->false
^C
130|shell@android:/ # 
130|shell@android:/ # 
130|shell@android:/ # cd data/data
shell@android:/data/data # ll
drwxr-x--x app_2    app_2             2007-01-02 04:12 com.aidufei.cibn.uploadchecker
drwxr-x--x app_0    app_0             2013-04-24 11:28 com.aidufei.movieonline
drwxr-x--x app_3    app_3             2007-01-02 04:11 com.android.backupconfirm
drwxr-x--x app_4    app_4             2007-01-02 04:11 com.android.bluetooth
drwxr-x--x app_5    app_5             2013-04-24 15:57 com.android.browser
drwxr-x--x app_8    app_8             2007-01-02 04:11 com.android.certinstaller
drwxr-x--x app_1    app_1             2007-01-02 04:11 com.android.contacts
drwxr-x--x app_10   app_10            2013-04-24 10:59 com.android.defcontainer
drwxr-x--x app_11   app_11            2007-01-02 04:11 com.android.development
drwxr-x--x app_15   app_15            2007-01-02 04:11 com.android.htmlviewer
drwxr-x--x app_22   app_22            2007-01-02 04:22 com.android.inputmethod.pinyin
drwxr-x--x system   system            2013-04-24 10:59 com.android.keychain
drwxr-x--x app_28   app_28            2007-01-02 04:11 com.android.musicvis
drwxr-x--x app_20   app_20            2013-04-24 16:01 com.android.packageinstaller
drwxr-x--x app_1    app_1             2007-01-02 04:11 com.android.providers.applications
drwxr-x--x app_7    app_7             2007-01-02 04:12 com.android.providers.calendar
drwxr-x--x app_1    app_1             2007-01-02 04:12 com.android.providers.contacts
drwxr-x--x app_12   app_12            2007-01-02 04:12 com.android.providers.downloads
drwxr-x--x app_12   app_12            2007-01-02 04:11 com.android.providers.downloads.ui
drwxr-x--x app_12   app_12            2007-01-02 04:11 com.android.providers.drm
drwxr-x--x app_12   app_12            2007-01-02 04:12 com.android.providers.media
drwxr-x--x system   system            2007-01-02 04:11 com.android.providers.settings
drwxr-x--x radio    radio             2007-01-02 04:12 com.android.providers.telephony
drwxr-x--x app_1    app_1             2007-01-02 04:11 com.android.providers.userdictionary
drwxr-x--x app_23   app_23            2007-01-02 04:12 com.android.provision
drwxr-x--x system   system            2007-01-02 04:11 com.android.settings
drwxr-x--x app_24   app_24            2007-01-02 04:11 com.android.sharedstoragebackup
drwxr-x--x app_25   app_25            2007-01-02 04:11 com.android.soundrecorder
drwxr-x--x app_26   app_26            2007-01-02 04:11 com.android.speechrecorder
drwxr-x--x system   system            2007-01-02 04:11 com.android.systemui
drwxr-x--x system   system            2007-01-02 04:11 com.android.vpndialogs
drwxr-x--x app_16   app_16            2007-01-02 04:11 com.android.wallpaper
drwxr-x--x app_17   app_17            2007-01-02 04:11 com.android.wallpaper.livepicker
drwxr-x--x app_29   app_29            2007-01-02 04:22 com.biaoqi.stbwidget.host
drwxr-x--x system   system            2007-01-02 04:11 com.coship.HS
drwxr-x--x system   system            2007-01-02 04:11 com.coship.Multimedia
drwxr-x--x system   system            2007-01-02 04:11 com.coship.NetworkNavigation
drwxr-x--x system   system            2007-01-02 04:11 com.coship.TestApp
drwxr-x--x system   system            2007-01-02 04:11 com.coship.adjustthevolume
drwxr-x--x app_9    app_9             2007-01-02 04:11 com.coship.app.vaf
drwxr-x--x app_34   app_34            2007-01-02 04:12 com.coship.changetheaudiooutput
drwxr-x--x app_6    app_6             2007-01-02 04:12 com.coship.cibn
drwxr-x--x system   system            2007-01-02 04:11 com.coship.cw880
drwxr-x--x app_35   app_35            2007-01-02 04:11 com.coship.dvbplayer
drwxr-x--x system   system            2007-01-02 04:12 com.coship.dvbsetting
drwxr-x--x app_13   app_13            2007-01-02 04:12 com.coship.easycontrolime
drwxr-x--x system   system            2013-04-24 19:07 com.coship.netfirmware
drwxr-x--x system   system            2013-04-24 12:26 com.coship.sdp.sce.tvappstore
drwxr-x--x system   system            2013-04-24 17:52 com.coship.startwizard
drwxr-x--x system   system            2007-01-02 04:11 com.coship.stpservice
drwxr-x--x app_36   app_36            2007-01-02 04:11 com.coship.trafficmonitor
drwxr-x--x app_41   app_41            2013-04-24 15:15 com.dazhihui.gpad
drwxr-x--x app_42   app_42            2013-04-24 15:39 com.digitalchocolate.rollnyfull
drwxr-x--x app_50   app_50            2013-04-24 15:48 com.funzio.crimecity
drwxr-x--x app_14   app_14            2007-01-02 04:12 com.google.android.gsf
drwxr-x--x app_14   app_14            2007-01-02 04:12 com.google.android.location
drwxr-x--x app_27   app_27            2007-01-02 04:12 com.iflytek.speech
drwxr-x--x app_30   app_30            2007-01-02 04:12 com.iflytek.vaf
drwxr-x--x app_32   app_32            2007-01-02 04:12 com.iflytek.vaf.TouchKey
drwxr-x--x app_31   app_31            2007-01-02 04:12 com.iflytek.xiri.recorder.svc
drwxr-x--x app_33   app_33            2007-01-02 04:12 com.iflytek.xiri.remotecmd
drwxr-x--x app_52   app_52            2013-04-24 15:57 com.jakyl.geproxhd
drwxr-x--x app_18   app_18            2007-01-02 04:11 com.mstar.appwidget
drwxr-x--x app_19   app_19            2007-01-02 04:11 com.mstar.dbprovider
drwxr-x--x app_38   app_38            2007-01-02 04:11 com.mstar.miscsetting
drwxr-x--x app_54   app_54            2013-04-24 16:36 com.netease.vopen.tablet
drwxr-x--x app_39   app_39            2013-04-24 15:17 com.pixle.bord
drwxr-x--x app_40   app_40            2013-04-24 15:52 com.ratrodstudio.driftmanialite
drwxr-x--x app_57   app_57            2013-04-24 16:34 com.sina.weibotab
drwxr-x--x app_43   app_43            2013-04-24 16:01 com.sinyee.babybus.abc
drwxr-x--x app_44   app_44            2013-04-24 16:06 com.sinyee.babybus.number
drwxr-x--x app_45   app_45            2013-04-24 16:08 com.sinyee.babybus.season
drwxr-x--x app_46   app_46            2013-04-24 16:04 com.sinyee.babybus.vegetable
drwxr-x--x app_47   app_47            2013-04-24 15:17 com.sinyee.education.color_new
drwxr-x--x app_48   app_48            2013-04-24 15:17 com.sinyee.education.shape
drwxr-x--x app_21   app_21            2013-04-24 10:59 com.svox.pico
drwxr-x--x app_58   app_58            2013-04-24 16:22 com.twodboy.worldofgoofull
drwxr-x--x app_49   app_49            2013-04-24 15:18 com.woanlianta.thunderracing
drwxr-x--x app_59   app_59            2013-04-24 16:42 com.youku.tv
drwxr-x--x app_56   app_56            2013-04-24 16:28 com.zomut.watchdog
drwxr-x--x app_53   app_53            2013-04-24 16:30 lsh.mslug6
drwxr-x--x app_37   app_37            2007-01-02 04:11 mstar.factorymenu.ui
drwxr-x--x app_55   app_55            2013-04-24 16:30 nfpeople.com.mediapad
drwxr-x--x app_51   app_51            2013-04-24 16:15 xcxin.fehd
shell@android:/data/data # cd 
shell@android:/data # 
shell@android:/data # 
shell@android:/data # 
shell@android:/data # 
shell@android:/data # 
shell@android:/data # 
shell@android:/data #   
[ 3964.958297] IR: [03932] scan key value is 0xeb148000 
[ 3964.958301]  
[ 3965.019381] IR: [03932] scan key value is 0xeb148000 
[ 3965.019386]  
[ 3965.369874] IR: [03932] scan key value is 0xec138000 
[ 3965.369879]  
[ 3966.313086] IR: [03932] scan key value is 0xea158000 
[ 3966.313091]  
[ 3966.393581] IR: [03932] scan key value is 0xea158000 
[ 3966.393586]  
[ 3966.555142] IR: [03932] scan key value is 0xea158000 
[ 3966.555147]  
[ 3966.617647] IR: [03932] scan key value is 0xea158000 
[ 3966.617652]  
[ 3966.701039] IR: [03932] scan key value is 0xea158000 
[ 3966.701044]  
[ 3966.784446] IR: [03932] scan key value is 0xea158000 
[ 3966.784451]  
[ 3966.867839] IR: [03932] scan key value is 0xea158000 
[ 3966.867844]  
[ 3966.951234] IR: [03932] scan key value is 0xea158000 
[ 3966.951238]  
[ 3967.034636] IR: [03932] scan key value is 0xea158000 
[ 3967.034641]  
[ 3967.118031] IR: [03932] scan key value is 0xea158000 
[ 3967.118036]  
[ 3967.201431] IR: [03932] scan key value is 0xea158000 
[ 3967.201436]  
[ 3967.284826] IR: [03932] scan key value is 0xea158000 
[ 3967.284831]  
[ 3967.368227] IR: [03932] scan key value is 0xea158000 
[ 3967.368231]  
[ 3967.451625] IR: [03932] scan key value is 0xea158000 
[ 3967.451630]  
[ 3967.535019] IR: [03932] scan key value is 0xea158000 
[ 3967.535023]  
[ 3968.437350] IR: [03932] scan key value is 0xee118000 
[ 3968.437354]  
[ 3968.498889] IR: [03932] scan key value is 0xee118000 
[ 3968.498894]  
[ 3969.127156] IR: [03932] scan key value is 0xeb148000 
[ 3969.127161]  
[ 3969.188726] IR: [03932] scan key value is 0xeb148000 
[ 3969.188731]  
[ 3969.567205] IR: [03932] scan key value is 0xec138000 
[ 3969.567210]  ps
USER     PID   PPID  VSIZE  RSS     WCHAN    PC         NAME
root      1     0     348    184   c0115000 00008658 S /init
root      2     0     0      0     c0070eb4 00000000 S kthreadd
root      3     2     0      0     c005f900 00000000 S ksoftirqd/0
root      4     2     0      0     c00950a4 00000000 S migration/0
root      5     2     0      0     c00950a4 00000000 S migration/1
root      6     2     0      0     c005f900 00000000 S ksoftirqd/1
root      7     2     0      0     c006cc28 00000000 S events/0
root      8     2     0      0     c006cc28 00000000 S events/1
root      9     2     0      0     c006cc28 00000000 S cpuset
root      10    2     0      0     c006cc28 00000000 S khelper
root      13    2     0      0     c0077ccc 00000000 S async/mgr
root      16    2     0      0     c006cc28 00000000 S suspend
root      164   2     0      0     c00e613c 00000000 S sync_supers
root      166   2     0      0     c00e6da8 00000000 S bdi-default
root      168   2     0      0     c006cc28 00000000 S kblockd/0
root      169   2     0      0     c006cc28 00000000 S kblockd/1
root      179   2     0      0     c030467c 00000000 S khubd
root      182   2     0      0     c0318a84 00000000 S kseriod
root      186   2     0      0     c006cc28 00000000 S kmmcd
root      192   2     0      0     c00660f8 00000000 D eMMC_bg_thread
root      279   2     0      0     c006cc28 00000000 S rpciod/0
root      280   2     0      0     c006cc28 00000000 S rpciod/1
root      288   2     0      0     c009cfd8 00000000 S Kdbg_worker
root      289   2     0      0     c00dfcb8 00000000 S kswapd0
root      291   2     0      0     c006cc28 00000000 S aio/0
root      292   2     0      0     c006cc28 00000000 S aio/1
root      293   2     0      0     c006cc28 00000000 S nfsiod
root      294   2     0      0     c00c6480 00000000 S kslowd000
root      295   2     0      0     c00c6480 00000000 S kslowd001
root      297   2     0      0     c006cc28 00000000 S crypto/0
root      298   2     0      0     c006cc28 00000000 S crypto/1
root      390   2     0      0     c006cc28 00000000 S kstriped
root      396   2     0      0     c006cc28 00000000 S usbhid_resumer
root      400   2     0      0     c006cc28 00000000 S binder
root      444   2     0      0     c035a944 00000000 S mmcqd
root      486   1     304    104   c0115000 00008658 S /sbin/ueventd
root      715   2     0      0     c01ba5f8 00000000 S jbd2/mmcblk24-8
root      716   2     0      0     c006cc28 00000000 S ext4-dio-unwrit
root      717   2     0      0     c006cc28 00000000 S ext4-dio-unwrit
root      718   2     0      0     c01ba5f8 00000000 S jbd2/mmcblk4-8
root      719   2     0      0     c006cc28 00000000 S ext4-dio-unwrit
root      720   2     0      0     c006cc28 00000000 S ext4-dio-unwrit
root      721   2     0      0     c01ba5f8 00000000 S jbd2/mmcblk5-8
root      722   2     0      0     c006cc28 00000000 S ext4-dio-unwrit
root      723   2     0      0     c006cc28 00000000 S ext4-dio-unwrit
root      724   2     0      0     c01ba5f8 00000000 S jbd2/mmcblk6-8
root      725   2     0      0     c006cc28 00000000 S ext4-dio-unwrit
root      726   2     0      0     c006cc28 00000000 S ext4-dio-unwrit
root      727   2     0      0     c01ba5f8 00000000 S jbd2/mmcblk7-8
root      728   2     0      0     c006cc28 00000000 S ext4-dio-unwrit
root      729   2     0      0     c006cc28 00000000 S ext4-dio-unwrit
root      730   2     0      0     c01ba5f8 00000000 S jbd2/mmcblk8-8
root      731   2     0      0     c006cc28 00000000 S ext4-dio-unwrit
root      732   2     0      0     c006cc28 00000000 S ext4-dio-unwrit
root      733   2     0      0     c01ba5f8 00000000 S jbd2/mmcblk9-8
root      734   2     0      0     c006cc28 00000000 S ext4-dio-unwrit
root      735   2     0      0     c006cc28 00000000 S ext4-dio-unwrit
system    737   1     832    0     c036b86c 40010690 S /system/bin/servicemanager
root      738   1     5092   4     ffffffff 40015c94 S /system/bin/vold
root      739   1     7560   200   ffffffff 40040c94 S /system/bin/netd
root      740   1     692    0     c03e7528 4000cf98 S /system/bin/debuggerd
root      741   1     1384   40    c0075e0c 40010c94 S /system/bin/rild
root      742   1     452304 24784 ffffffff 400107b4 S zygote
drm       743   1     18444  0     ffffffff 4009f690 S /system/bin/drmserver
media     744   1     207580 1972  ffffffff 4004f690 S /system/bin/mediaserver
bluetooth 745   1     1360   44    c0115000 40021438 S /system/bin/dbus-daemon
root      746   1     840    0     c047ee34 40010458 S /system/bin/installd
keystore  747   1     1732   0     c03e7528 40010f98 S /system/bin/keystore
log       748   1     680    68    c02b4198 4000c458 S /system/bin/logwrapper
root      749   1     18332  0     ffffffff 4001f690 S /system/bin/browser_server
root      750   1     1224   328   c0115000 4000c7b4 S /system/bin/mdnsd
root      751   1     5216   148   ffffffff 401087b4 S /system/bin/airplay
root      752   1     1888   148   ffffffff 400107b4 S /system/bin/easycontrol
root      754   748   936712 2288  ffffffff 40f62a7c S /lib/ld-linux.so.3
root      761   2     0      0     bf010aa0 00000000 S keydispatch_wq/
root      762   2     0      0     c006cc28 00000000 S keydispatch_wq/
root      810   2     0      0     c006cc28 00000000 S mali/0
root      812   2     0      0     c006cc28 00000000 S mali/1
root      813   2     0      0     c006cc28 00000000 S mali-pmm-wq
root      874   2     0      0     c006cc28 00000000 S l2cap
root      878   2     0      0     bf10aa68 00000000 S krfcommd
root      889   2     0      0     c006cc28 00000000 S events_nrt
root      896   2     0      0     c006cc28 00000000 S cfg80211
root      908   2     0      0     c02e21e8 00000000 S scsi_eh_0
root      909   2     0      0     bf0a5d80 00000000 S usb-storage
root      918   2     0      0     c00660f8 00000000 D scsi-polling th
root      927   2     0      0     c0126080 00000000 S flush-179:0
root      928   754   0      0     c005d4cc 00000000 Z start
system    937   742   538996 25608 ffffffff 40010690 S system_server
shell     950   1     768    240   c0037290 4000ce74 S /system/bin/sh
root      951   1     1380   140   ffffffff 0000825c S /sbin/adbd
root      985   2     0      0     c006cc28 00000000 S hci0
root      991   2     0      0     c006cc28 00000000 S MOAL_WORK_QUEUE
root      992   2     0      0     c006cc28 00000000 S MOAL_WORK_QUEUE
root      993   2     0      0     bf1d9d28 00000000 S woal_reassoc_se
system    1021  1     135176 1700  ffffffff 40038690 S /system/bin/surfaceflinger
bluetooth 1107  1     2140   8     c0115000 40073438 S /system/bin/bluetoothd
system    1140  742   452868 15724 ffffffff 400113c0 S com.android.systemui
wifi      1192  1     2668   368   c0115000 4000c7b4 S /system/bin/mrl_supplicant
app_22    1197  742   437032 3092  ffffffff 400113c0 S com.android.inputmethod.pinyin
app_6     1217  742   564624 38256 ffffffff 400113c0 S com.coship.cibn
app_13    1239  742   437180 9888  ffffffff 400113c0 S com.coship.easycontrolime
system    1250  742   461392 22280 ffffffff 40010458 S com.coship.netfirmware
app_32    1269  742   434520 1852  ffffffff 400113c0 S com.iflytek.vaf.TouchKey
app_14    1287  742   468584 17936 ffffffff 400113c0 S com.google.process.gapps
root      1407  2     0      0     bf269724 00000000 S snd-bt-scod
root      1408  2     0      0     bf268bc4 00000000 S snd-bt-msbc-dec
root      1424  2     0      0     c03e7528 00000000 S cw880_msg_tx
root      1425  2     0      0     bf2816d0 00000000 S cw880_msg_rx
root      1426  2     0      0     c03e7528 00000000 S cw880_msg_sdio_
root      1427  2     0      0     bf281a40 00000000 S cw880_threadfn
root      1428  2     0      0     c042eda4 00000000 S cw880_http_thre
app_12    1440  742   442476 12804 ffffffff 400113c0 S android.process.media
system    1474  742   440724 10068 ffffffff 400113c0 S com.coship.HS
root      1576  2     0      0     c0358be8 00000000 S ksdioirqd/mmc1
system    1597  742   453676 14548 ffffffff 400113c0 S com.android.settings
app_30    1644  742   468936 18336 ffffffff 400113c0 S com.iflytek.vaf.svc.rec
system    1657  742   468000 19448 ffffffff 400113c0 S com.coship.Multimedia
radio     1671  742   462948 18292 ffffffff 400113c0 S com.android.phone
app_0     1709  742   465692 24780 ffffffff 400113c0 S com.aidufei.movieonline
system    1797  742   464680 23888 ffffffff 400113c0 S com.coship.stpservice
app_56    1872  742   466912 25832 ffffffff 400113c0 S com.zomut.watchdog
app_29    1886  742   460944 24328 ffffffff 400113c0 S com.biaoqi.stbwidget.host
app_49    1901  742   468324 25784 ffffffff 400113c0 S com.woanlianta.thunderracing
system    2100  742   468660 27060 ffffffff 400113c0 S com.coship.sdp.sce.tvappstore
system    2247  742   487528 57908 ffffffff 400113c0 S com.coship.dvbsetting
app_10    2370  742   460620 23220 ffffffff 400113c0 S com.android.defcontainer
dhcp      2438  1     900    264   c0115000 4000d438 S /system/bin/dhcpcd
root      2562  1     876    252   c0115000 400127b4 S dnssd
root      2563  1     876    252   c0115000 400127b4 S dnssd
root      2564  1     876    252   c0115000 400127b4 S dnssd
root      2565  1     876    252   c0115000 400127b4 S dnssd
root      2652  950   772    416   c0037290 4000ce74 S sh
app_2     2689  742   467264 24296 ffffffff 400113c0 S com.aidufei.cibn.uploadchecker
app_34    2705  742   461040 23968 ffffffff 400113c0 S com.coship.changetheaudiooutput
system    2718  742   462848 23152 ffffffff 400113c0 S com.coship.cw880
app_30    2733  742   462276 24420 ffffffff 400113c0 S com.iflytek.vac
system    2794  742   460640 23000 ffffffff 400113c0 S com.coship.adjustthevolume
root      2846  2652  960    272   00000000 40010458 R ps
shell@android:/data # ps
USER     PID   PPID  VSIZE  RSS     WCHAN    PC         NAME
root      1     0     348    184   c0115000 00008658 S /init
root      2     0     0      0     c0070eb4 00000000 S kthreadd
root      3     2     0      0     c005f900 00000000 S ksoftirqd/0
root      4     2     0      0     c00950a4 00000000 S migration/0
root      5     2     0      0     c00950a4 00000000 S migration/1
root      6     2     0      0     c005f900 00000000 S ksoftirqd/1
root      7     2     0      0     c006cc28 00000000 S events/0
root      8     2     0      0     c006cc28 00000000 S events/1
root      9     2     0      0     c006cc28 00000000 S cpuset
root      10    2     0      0     c006cc28 00000000 S khelper
root      13    2     0      0     c0077ccc 00000000 S async/mgr
root      16    2     0      0     c006cc28 00000000 S suspend
root      164   2     0      0     c00e613c 00000000 S sync_supers
root      166   2     0      0     c00e6da8 00000000 S bdi-default
root      168   2     0      0     c006cc28 00000000 S kblockd/0
root      169   2     0      0     c006cc28 00000000 S kblockd/1
root      179   2     0      0     c030467c 00000000 S khubd
root      182   2     0      0     c0318a84 00000000 S kseriod
root      186   2     0      0     c006cc28 00000000 S kmmcd
root      192   2     0      0     c00660f8 00000000 D eMMC_bg_thread
root      279   2     0      0     c006cc28 00000000 S rpciod/0
root      280   2     0      0     c006cc28 00000000 S rpciod/1
root      288   2     0      0     c009cfd8 00000000 S Kdbg_worker
root      289   2     0      0     c00dfcb8 00000000 S kswapd0
root      291   2     0      0     c006cc28 00000000 S aio/0
root      292   2     0      0     c006cc28 00000000 S aio/1
root      293   2     0      0     c006cc28 00000000 S nfsiod
root      294   2     0      0     c00c6480 00000000 S kslowd000
root      295   2     0      0     c00c6480 00000000 S kslowd001
root      297   2     0      0     c006cc28 00000000 S crypto/0
root      298   2     0      0     c006cc28 00000000 S crypto/1
root      390   2     0      0     c006cc28 00000000 S kstriped
root      396   2     0      0     c006cc28 00000000 S usbhid_resumer
root      400   2     0      0     c006cc28 00000000 S binder
root      444   2     0      0     c035a944 00000000 S mmcqd
root      486   1     304    104   c0115000 00008658 S /sbin/ueventd
root      715   2     0      0     c01ba5f8 00000000 S jbd2/mmcblk24-8
root      716   2     0      0     c006cc28 00000000 S ext4-dio-unwrit
root      717   2     0      0     c006cc28 00000000 S ext4-dio-unwrit
root      718   2     0      0     c01ba5f8 00000000 S jbd2/mmcblk4-8
root      719   2     0      0     c006cc28 00000000 S ext4-dio-unwrit
root      720   2     0      0     c006cc28 00000000 S ext4-dio-unwrit
root      721   2     0      0     c01ba5f8 00000000 S jbd2/mmcblk5-8
root      722   2     0      0     c006cc28 00000000 S ext4-dio-unwrit
root      723   2     0      0     c006cc28 00000000 S ext4-dio-unwrit
root      724   2     0      0     c01ba5f8 00000000 S jbd2/mmcblk6-8
root      725   2     0      0     c006cc28 00000000 S ext4-dio-unwrit
root      726   2     0      0     c006cc28 00000000 S ext4-dio-unwrit
root      727   2     0      0     c01ba5f8 00000000 S jbd2/mmcblk7-8
root      728   2     0      0     c006cc28 00000000 S ext4-dio-unwrit
root      729   2     0      0     c006cc28 00000000 S ext4-dio-unwrit
root      730   2     0      0     c01ba5f8 00000000 S jbd2/mmcblk8-8
root      731   2     0      0     c006cc28 00000000 S ext4-dio-unwrit
root      732   2     0      0     c006cc28 00000000 S ext4-dio-unwrit
root      733   2     0      0     c01ba5f8 00000000 S jbd2/mmcblk9-8
root      734   2     0      0     c006cc28 00000000 S ext4-dio-unwrit
root      735   2     0      0     c006cc28 00000000 S ext4-dio-unwrit
system    737   1     832    0     c036b86c 40010690 S /system/bin/servicemanager
root      738   1     5092   4     ffffffff 40015c94 S /system/bin/vold
root      739   1     7560   200   ffffffff 40040c94 S /system/bin/netd
root      740   1     692    0     c03e7528 4000cf98 S /system/bin/debuggerd
root      741   1     1384   40    c0075e0c 40010c94 S /system/bin/rild
root      742   1     452304 24784 ffffffff 400107b4 S zygote
drm       743   1     18444  0     ffffffff 4009f690 S /system/bin/drmserver
media     744   1     207580 1972  ffffffff 4004f690 S /system/bin/mediaserver
bluetooth 745   1     1360   44    c0115000 40021438 S /system/bin/dbus-daemon
root      746   1     840    0     c047ee34 40010458 S /system/bin/installd
keystore  747   1     1732   0     c03e7528 40010f98 S /system/bin/keystore
log       748   1     680    68    c02b4198 4000c458 S /system/bin/logwrapper
root      749   1     18332  0     ffffffff 4001f690 S /system/bin/browser_server
root      750   1     1224   328   c0115000 4000c7b4 S /system/bin/mdnsd
root      751   1     5216   148   ffffffff 401087b4 S /system/bin/airplay
root      752   1     1888   148   ffffffff 400107b4 S /system/bin/easycontrol
root      754   748   936712 2288  ffffffff 40f62a7c S /lib/ld-linux.so.3
root      761   2     0      0     bf010aa0 00000000 S keydispatch_wq/
root      762   2     0      0     c006cc28 00000000 S keydispatch_wq/
root      810   2     0      0     c006cc28 00000000 S mali/0
root      812   2     0      0     c006cc28 00000000 S mali/1
root      813   2     0      0     c006cc28 00000000 S mali-pmm-wq
root      874   2     0      0     c006cc28 00000000 S l2cap
root      878   2     0      0     bf10aa68 00000000 S krfcommd
root      889   2     0      0     c006cc28 00000000 S events_nrt
root      896   2     0      0     c006cc28 00000000 S cfg80211
root      908   2     0      0     c02e21e8 00000000 S scsi_eh_0
root      909   2     0      0     bf0a5d80 00000000 S usb-storage
root      918   2     0      0     c00660f8 00000000 D scsi-polling th
root      927   2     0      0     c0126080 00000000 S flush-179:0
root      928   754   0      0     c005d4cc 00000000 Z start
system    937   742   538996 25608 ffffffff 40010690 S system_server
shell     950   1     768    240   c0037290 4000ce74 S /system/bin/sh
root      951   1     1380   140   ffffffff 0000825c S /sbin/adbd
root      985   2     0      0     c006cc28 00000000 S hci0
root      991   2     0      0     c006cc28 00000000 S MOAL_WORK_QUEUE
root      992   2     0      0     c006cc28 00000000 S MOAL_WORK_QUEUE
root      993   2     0      0     bf1d9d28 00000000 S woal_reassoc_se
system    1021  1     135176 1700  ffffffff 40038690 S /system/bin/surfaceflinger
bluetooth 1107  1     2140   8     c0115000 40073438 S /system/bin/bluetoothd
system    1140  742   452868 15724 ffffffff 400113c0 S com.android.systemui
wifi      1192  1     2668   368   c0115000 4000c7b4 S /system/bin/mrl_supplicant
app_22    1197  742   437032 3092  ffffffff 400113c0 S com.android.inputmethod.pinyin
app_6     1217  742   564624 38256 ffffffff 400113c0 S com.coship.cibn
app_13    1239  742   437180 9888  ffffffff 400113c0 S com.coship.easycontrolime
system    1250  742   461392 22280 ffffffff 40010458 S com.coship.netfirmware
app_32    1269  742   434520 1852  ffffffff 400113c0 S com.iflytek.vaf.TouchKey
app_14    1287  742   468584 17936 ffffffff 400113c0 S com.google.process.gapps
root      1407  2     0      0     bf269724 00000000 S snd-bt-scod
root      1408  2     0      0     bf268bc4 00000000 S snd-bt-msbc-dec
root      1424  2     0      0     c03e7528 00000000 S cw880_msg_tx
root      1425  2     0      0     bf2816d0 00000000 S cw880_msg_rx
root      1426  2     0      0     c03e7528 00000000 S cw880_msg_sdio_
root      1427  2     0      0     bf281a40 00000000 S cw880_threadfn
root      1428  2     0      0     c042eda4 00000000 S cw880_http_thre
app_12    1440  742   442476 12804 ffffffff 400113c0 S android.process.media
system    1474  742   440724 10068 ffffffff 400113c0 S com.coship.HS
root      1576  2     0      0     c0358be8 00000000 S ksdioirqd/mmc1
system    1597  742   453676 14548 ffffffff 400113c0 S com.android.settings
app_30    1644  742   468936 18336 ffffffff 400113c0 S com.iflytek.vaf.svc.rec
system    1657  742   468004 20172 ffffffff 400113c0 S com.coship.Multimedia
radio     1671  742   462948 18292 ffffffff 400113c0 S com.android.phone
app_0     1709  742   465692 24780 ffffffff 400113c0 S com.aidufei.movieonline
system    1797  742   464680 23888 ffffffff 400113c0 S com.coship.stpservice
app_56    1872  742   466912 26364 ffffffff 400113c0 S com.zomut.watchdog
app_29    1886  742   460944 24328 ffffffff 400113c0 S com.biaoqi.stbwidget.host
app_49    1901  742   468324 25784 ffffffff 400113c0 S com.woanlianta.thunderracing
system    2100  742   468660 27060 ffffffff 400113c0 S com.coship.sdp.sce.tvappstore
system    2247  742   487528 57908 ffffffff 400113c0 S com.coship.dvbsetting
app_10    2370  742   460620 23220 ffffffff 400113c0 S com.android.defcontainer
dhcp      2438  1     900    264   c0115000 4000d438 S /system/bin/dhcpcd
root      2562  1     876    252   c0115000 400127b4 S dnssd
root      2563  1     876    252   c0115000 400127b4 S dnssd
root      2564  1     876    252   c0115000 400127b4 S dnssd
root      2565  1     876    252   c0115000 400127b4 S dnssd
root      2652  950   772    416   c0037290 4000ce74 S sh
app_2     2689  742   467264 24296 ffffffff 400113c0 S com.aidufei.cibn.uploadchecker
app_34    2705  742   461040 23968 ffffffff 400113c0 S com.coship.changetheaudiooutput
system    2718  742   462848 23152 ffffffff 400113c0 S com.coship.cw880
app_30    2733  742   462276 24420 ffffffff 400113c0 S com.iflytek.vac
system    2794  742   460640 23000 ffffffff 400113c0 S com.coship.adjustthevolume
root      2848  2652  960    272   00000000 40010458 R ps
shell@android:/data # logcat -c;logcat                                         
[ 4166.365047] IR: [03932] scan key value is 0xec138000 
[ 4166.365052]  
[ 4166.426779] IR: [03932] scan key value is 0xec138000 
[ 4166.426784]     
sh: logca: not found
127|shell@android:/data # 
127|shell@android:/data # 
127|shell@android:/data # logcat -c;logcat
--------- beginning of /dev/log/main
D/NetUpdate( 2247): progressValue--->0
D/NetUpdate( 2247): mWriteSD--->true
D/NetUpdate( 2247): mBootCheckZipExist--->false
D/NetUpdate( 2247): progressValue--->0
D/NetUpdate( 2247): mWriteSD--->true
D/NetUpdate( 2247): mBootCheckZipExist--->false
D/NetUpdate( 2247): progressValue--->0
D/NetUpdate( 2247): mWriteSD--->true
D/NetUpdate( 2247): mBootCheckZipExist--->false
D/NetUpdate( 2247): progressValue--->0
D/NetUpdate( 2247): mWriteSD--->true
D/NetUpdate( 2247): mBootCheckZipExist--->false
D/NetUpdate( 2247): progressValue--->0
D/NetUpdate( 2247): mWriteSD--->true
D/NetUpdate( 2247): mBootCheckZipExist--->false
D/NetUpdate( 2247): progressValue--->0
D/NetUpdate( 2247): mWriteSD--->true
D/NetUpdate( 2247): mBootCheckZipExist--->false

[ 4189.481526] IR: [03932] scan key value is 0xec138000 
[ 4189.481530]  
[ 4189.542442] IR: [03932] scan key value is 0xec138000 
[ 4189.542447]  V/NetFirmwareService( 1250): onStartCommand
V/NetFirmwareService( 1250): intent--->Intent { act=com.coship.netfirmware.NetFirmwareService (has extras) }
V/NetFirmwareService( 1250): Network is connected!
I/NetFirmwareService( 1250): initPromtDialog_SHOW!
E/WindowManager(  937): Unknown window type: 2131099651
--------- beginning of /dev/log/system
V/TabletStatusBar( 1140): setLightsOn(true)
E/fbdev   ( 1021): Attention! GFLIP time out, force update gop ring buffer!
E/fbdev   ( 1021): Attention! GFLIP time out, force update gop ring buffer!
W/InputManagerService(  937): Starting input on non-focused client com.android.internal.view.IInputMethodClient$Stub$Proxy@4157c628 (uid=1000 pid=2247)
E/fbdev   ( 1021): Attention! GFLIP time out, force update gop ring buffer!
E/fbdev   ( 1021): Attention! GFLIP time out, force update gop ring buffer!
E/fbdev   ( 1021): Attention! GFLIP time out, force update gop ring buffer!
E/fbdev   ( 1021): Attention! GFLIP time out, force update gop ring buffer!
E/fbdev   ( 1021): Attention! GFLIP time out, force update gop ring buffer!
E/fbdev   ( 1021): Attention! GFLIP time out, force update gop ring buffer!
E/fbdev   ( 1021): Attention! GFLIP time out, force update gop ring buffer!
D/NetUpdate( 2247): progressValue--->0
D/NetUpdate( 2247): mWriteSD--->true
D/NetUpdate( 2247): mBootCheckZipExist--->false
D/NetUpdate( 2247): progressValue--->0
D/NetUpdate( 2247): mWriteSD--->true
D/NetUpdate( 2247): mBootCheckZipExist--->false
E/fbdev   ( 1021): Attention! GFLIP time out, force update gop ring buffer!
E/fbdev   ( 1021): Attention! GFLIP time out, force update gop ring buffer!
E/fbdev   ( 1021): Attention! GFLIP time out, force update gop ring buffer!
E/fbdev   ( 1021): Attention! GFLIP time out, force update gop ring buffer!
E/fbdev   ( 1021): Attention! GFLIP time out, force update gop ring buffer!
E/fbdev   ( 1021): Attention! GFLIP time out, force update gop ring buffer!
E/fbdev   ( 1021): Attention! GFLIP time out, force update gop ring buffer!
D/NetUpdate( 2247): progressValue--->0
D/NetUpdate( 2247): mWriteSD--->true
D/NetUpdate( 2247): mBootCheckZipExist--->false
E/fbdev   ( 1021): Attention! GFLIP time out, force update gop ring buffer!
E/fbdev   ( 1021): Attention! GFLIP time out, force update gop ring buffer!
E/fbdev   ( 1021): Attention! GFLIP time out, force update gop ring buffer!
E/fbdev   ( 1021): Attention! GFLIP time out, force update gop ring buffer!
D/NetFirmwareService( 1250): loadZipProgress--->0
V/NetFirmwareService( 1250): mServicePath--->http://update.coship.com/update/system/S1001
I/NetFirmwareService( 1250): mHwvStr--->002104
I/NetFirmwareService( 1250): mSwv--->211321
I/FileUtils( 1250): mkFilePath--->/data/data/com.coship.netfirmware/versioncode.dat
D/NetUpdate( 2247): progressValue--->0
D/NetUpdate( 2247): mWriteSD--->true
D/NetUpdate( 2247): mBootCheckZipExist--->false
D/NetUpdate( 2247): progressValue--->0
D/NetUpdate( 2247): mWriteSD--->true
D/NetUpdate( 2247): mBootCheckZipExist--->false
D/NetUpdate( 2247): progressValue--->0
D/NetUpdate( 2247): mWriteSD--->true
D/NetUpdate( 2247): mBootCheckZipExist--->false
D/NetUpdate( 2247): progressValue--->0
D/NetUpdate( 2247): mWriteSD--->true
D/NetUpdate( 2247): mBootCheckZipExist--->false
D/NetUpdate( 2247): progressValue--->0
D/NetUpdate( 2247): mWriteSD--->true
D/NetUpdate( 2247): mBootCheckZipExist--->false
D/NetUpdate( 2247): progressValue--->0
D/NetUpdate( 2247): mWriteSD--->true
D/NetUpdate( 2247): mBootCheckZipExist--->false
D/UploadCheckerService( 2689): Can't Connect to CIBN_SERVER_PATH!  Address: http://tms.cibntest.ysten.com:8080
D/UploadCheckerService( 2689): Can't Connect to CIBN_SERVER_PATH!  retryTime is : 144
D/NetUpdate( 2247): progressValue--->0
D/NetUpdate( 2247): mWriteSD--->true
D/NetUpdate( 2247): mBootCheckZipExist--->false
D/NetUpdate( 2247): progressValue--->0
D/NetUpdate( 2247): mWriteSD--->true
D/NetUpdate( 2247): mBootCheckZipExist--->false
D/NetUpdate( 2247): progressValue--->0
D/NetUpdate( 2247): mWriteSD--->true
D/NetUpdate( 2247): mBootCheckZipExist--->false
D/NetUpdate( 2247): progressValue--->0
D/NetUpdate( 2247): mWriteSD--->true
D/NetUpdate( 2247): mBootCheckZipExist--->false
D/NetUpdate( 2247): progressValue--->0
D/NetUpdate( 2247): mWriteSD--->true
D/NetUpdate( 2247): mBootCheckZipExist--->false
D/NetUpdate( 2247): progressValue--->0
D/NetUpdate( 2247): mWriteSD--->true
D/NetUpdate( 2247): mBootCheckZipExist--->false
D/NetUpdate( 2247): progressValue--->0
D/NetUpdate( 2247): mWriteSD--->true
D/NetUpdate( 2247): mBootCheckZipExist--->false
D/NetUpdate( 2247): progressValue--->0
D/NetUpdate( 2247): mWriteSD--->true
D/NetUpdate( 2247): mBootCheckZipExist--->false
D/NetUpdate( 2247): progressValue--->0
D/NetUpdate( 2247): mWriteSD--->true
D/NetUpdate( 2247): mBootCheckZipExist--->false
D/NetUpdate( 2247): progressValue--->0
D/NetUpdate( 2247): mWriteSD--->true
D/NetUpdate( 2247): mBootCheckZipExist--->false
D/NetUpdate( 2247): progressValue--->0
D/NetUpdate( 2247): mWriteSD--->true
D/NetUpdate( 2247): mBootCheckZipExist--->false
D/NetUpdate( 2247): progressValue--->0
D/NetUpdate( 2247): mWriteSD--->true
D/NetUpdate( 2247): mBootCheckZipExist--->false
D/dalvikvm( 1657): GC_CONCURRENT freed 706K, 64% free 2870K/7939K, paused 2ms+3ms
D/HomePlayerLib( 1657): hostaddress count is 1
D/dalvikvm( 1657): GC_CONCURRENT freed 722K, 65% free 2848K/7939K, paused 2ms+3ms
D/dalvikvm( 1657): GC_CONCURRENT freed 709K, 64% free 2934K/7939K, paused 2ms+2ms
D/dalvikvm( 1657): GC_CONCURRENT freed 790K, 63% free 2973K/7939K, paused 2ms+2ms
D/NetUpdate( 2247): progressValue--->0
D/NetUpdate( 2247): mWriteSD--->true
D/NetUpdate( 2247): mBootCheckZipExist--->false
D/NetUpdate( 2247): progressValue--->0
D/NetUpdate( 2247): mWriteSD--->true
D/NetUpdate( 2247): mBootCheckZipExist--->false
D/dalvikvm( 1657): GC_CONCURRENT freed 852K, 64% free 2927K/7939K, paused 2ms+2ms
D/NetUpdate( 2247): progressValue--->0
D/NetUpdate( 2247): mWriteSD--->true
D/NetUpdate( 2247): mBootCheckZipExist--->false
D/dalvikvm( 1657): GC_CONCURRENT freed 796K, 64% free 2862K/7939K, paused 2ms+2ms
D/dalvikvm( 1657): GC_CONCURRENT freed 710K, 65% free 2857K/7939K, paused 2ms+3ms
D/dalvikvm( 1657): GC_CONCURRENT freed 705K, 65% free 2840K/7939K, paused 2ms+3ms
D/dalvikvm( 1657): GC_CONCURRENT freed 675K, 64% free 2870K/7939K, paused 2ms+3ms
D/NetUpdate( 2247): progressValue--->0
D/NetUpdate( 2247): mWriteSD--->true
D/NetUpdate( 2247): mBootCheckZipExist--->false
D/NetUpdate( 2247): progressValue--->0
D/NetUpdate( 2247): mWriteSD--->true
D/NetUpdate( 2247): mBootCheckZipExist--->false
D/NetUpdate( 2247): progressValue--->0
D/NetUpdate( 2247): mWriteSD--->true
D/NetUpdate( 2247): mBootCheckZipExist--->false
D/dalvikvm( 1657): GC_CONCURRENT freed 705K, 64% free 2868K/7939K, paused 2ms+3ms
D/dalvikvm( 1657): GC_CONCURRENT freed 707K, 64% free 2865K/7939K, paused 2ms+3ms
D/dalvikvm( 1657): GC_CONCURRENT freed 704K, 64% free 2868K/7939K, paused 3ms+3ms
D/NetUpdate( 2247): progressValue--->0
D/NetUpdate( 2247): mWriteSD--->true
D/NetUpdate( 2247): mBootCheckZipExist--->false
D/NetUpdate( 2247): progressValue--->0
D/NetUpdate( 2247): mWriteSD--->true
D/NetUpdate( 2247): mBootCheckZipExist--->false
D/NetUpdate( 2247): progressValue--->0
D/NetUpdate( 2247): mWriteSD--->true
D/NetUpdate( 2247): mBootCheckZipExist--->false
D/NetUpdate( 2247): progressValue--->0
D/NetUpdate( 2247): mWriteSD--->true
D/NetUpdate( 2247): mBootCheckZipExist--->false
D/NetUpdate( 2247): progressValue--->0
D/NetUpdate( 2247): mWriteSD--->true
D/NetUpdate( 2247): mBootCheckZipExist--->false
D/NetUpdate( 2247): progressValue--->0
D/NetUpdate( 2247): mWriteSD--->true
D/NetUpdate( 2247): mBootCheckZipExist--->false
D/NetUpdate( 2247): progressValue--->0
D/NetUpdate( 2247): mWriteSD--->true
D/NetUpdate( 2247): mBootCheckZipExist--->false
D/NetUpdate( 2247): progressValue--->0
D/NetUpdate( 2247): mWriteSD--->true
D/NetUpdate( 2247): mBootCheckZipExist--->false
D/NetUpdate( 2247): progressValue--->0
D/NetUpdate( 2247): mWriteSD--->true
D/NetUpdate( 2247): mBootCheckZipExist--->false
D/NetUpdate( 2247): progressValue--->0
D/NetUpdate( 2247): mWriteSD--->true
D/NetUpdate( 2247): mBootCheckZipExist--->false
D/NetUpdate( 2247): progressValue--->0
D/NetUpdate( 2247): mWriteSD--->true
D/NetUpdate( 2247): mBootCheckZipExist--->false
D/NetUpdate( 2247): progressValue--->0
D/NetUpdate( 2247): mWriteSD--->true
D/NetUpdate( 2247): mBootCheckZipExist--->false
D/NetUpdate( 2247): progressValue--->0
D/NetUpdate( 2247): mWriteSD--->true
D/NetUpdate( 2247): mBootCheckZipExist--->false
D/NetUpdate( 2247): progressValue--->0
D/NetUpdate( 2247): mWriteSD--->true
D/NetUpdate( 2247): mBootCheckZipExist--->false
D/NetUpdate( 2247): progressValue--->0
D/NetUpdate( 2247): mWriteSD--->true
D/NetUpdate( 2247): mBootCheckZipExist--->false
D/NetUpdate( 2247): progressValue--->0
D/NetUpdate( 2247): mWriteSD--->true
D/NetUpdate( 2247): mBootCheckZipExist--->false
D/NetUpdate( 2247): progressValue--->0
D/NetUpdate( 2247): mWriteSD--->true
D/NetUpdate( 2247): mBootCheckZipExist--->false
D/NetUpdate( 2247): progressValue--->0
D/NetUpdate( 2247): mWriteSD--->true
D/NetUpdate( 2247): mBootCheckZipExist--->false
D/NetUpdate( 2247): progressValue--->0
D/NetUpdate( 2247): mWriteSD--->true
D/NetUpdate( 2247): mBootCheckZipExist--->false
D/NetUpdate( 2247): progressValue--->0
D/NetUpdate( 2247): mWriteSD--->true
D/NetUpdate( 2247): mBootCheckZipExist--->false
D/NetUpdate( 2247): progressValue--->0
D/NetUpdate( 2247): mWriteSD--->true
D/NetUpdate( 2247): mBootCheckZipExist--->false
D/NetUpdate( 2247): progressValue--->0
D/NetUpdate( 2247): mWriteSD--->true
D/NetUpdate( 2247): mBootCheckZipExist--->false
D/NetUpdate( 2247): progressValue--->0
D/NetUpdate( 2247): mWriteSD--->true
D/NetUpdate( 2247): mBootCheckZipExist--->false
D/NetUpdate( 2247): progressValue--->0
D/NetUpdate( 2247): mWriteSD--->true
D/NetUpdate( 2247): mBootCheckZipExist--->false
D/NetUpdate( 2247): progressValue--->0
D/NetUpdate( 2247): mWriteSD--->true
D/NetUpdate( 2247): mBootCheckZipExist--->false
D/NetUpdate( 2247): progressValue--->0
D/NetUpdate( 2247): mWriteSD--->true
D/NetUpdate( 2247): mBootCheckZipExist--->false
D/NetUpdate( 2247): progressValue--->0
D/NetUpdate( 2247): mWriteSD--->true
D/NetUpdate( 2247): mBootCheckZipExist--->false
D/dalvikvm( 1657): GC_CONCURRENT freed 723K, 63% free 2999K/7939K, paused 2ms+2ms
D/HomePlayerLib( 1657): hostaddress count is 1
D/dalvikvm( 1657): GC_CONCURRENT freed 887K, 63% free 2959K/7939K, paused 2ms+2ms
D/dalvikvm( 1657): GC_CONCURRENT freed 841K, 63% free 2946K/7939K, paused 2ms+2ms
D/dalvikvm( 1657): GC_CONCURRENT freed 807K, 64% free 2870K/7939K, paused 2ms+2ms
D/NetUpdate( 2247): progressValue--->0
D/NetUpdate( 2247): mWriteSD--->true
D/NetUpdate( 2247): mBootCheckZipExist--->false
D/dalvikvm( 1657): GC_CONCURRENT freed 706K, 64% free 2917K/7939K, paused 2ms+3ms
D/NetUpdate( 2247): progressValue--->0
D/NetUpdate( 2247): mWriteSD--->true
D/NetUpdate( 2247): mBootCheckZipExist--->false
D/dalvikvm( 1657): GC_CONCURRENT freed 783K, 63% free 2967K/7939K, paused 2ms+2ms
D/NetUpdate( 2247): progressValue--->0
D/NetUpdate( 2247): mWriteSD--->true
D/NetUpdate( 2247): mBootCheckZipExist--->false
D/NetUpdate( 2247): progressValue--->0
D/NetUpdate( 2247): mWriteSD--->true
D/NetUpdate( 2247): mBootCheckZipExist--->false
D/NetUpdate( 2247): progressValue--->0
D/NetUpdate( 2247): mWriteSD--->true
D/NetUpdate( 2247): mBootCheckZipExist--->false
D/NetUpdate( 2247): progressValue--->0
D/NetUpdate( 2247): mWriteSD--->true
D/NetUpdate( 2247): mBootCheckZipExist--->false
D/NetUpdate( 2247): progressValue--->0
D/NetUpdate( 2247): mWriteSD--->true
D/NetUpdate( 2247): mBootCheckZipExist--->false
D/NetUpdate( 2247): progressValue--->0
D/NetUpdate( 2247): mWriteSD--->true
D/NetUpdate( 2247): mBootCheckZipExist--->false
D/dalvikvm( 1140): GC_CONCURRENT freed 933K, 58% free 3515K/8195K, paused 1ms+6ms
D/NetUpdate( 2247): progressValue--->0
D/NetUpdate( 2247): mWriteSD--->true
D/NetUpdate( 2247): mBootCheckZipExist--->false
D/NetUpdate( 2247): progressValue--->0
D/NetUpdate( 2247): mWriteSD--->true
D/NetUpdate( 2247): mBootCheckZipExist--->false
D/NetUpdate( 2247): progressValue--->0
D/NetUpdate( 2247): mWriteSD--->true
D/NetUpdate( 2247): mBootCheckZipExist--->false
D/NetUpdate( 2247): progressValue--->0
D/NetUpdate( 2247): mWriteSD--->true
D/NetUpdate( 2247): mBootCheckZipExist--->false
D/NetUpdate( 2247): progressValue--->0
D/NetUpdate( 2247): mWriteSD--->true
D/NetUpdate( 2247): mBootCheckZipExist--->false
D/NetUpdate( 2247): progressValue--->0
D/NetUpdate( 2247): mWriteSD--->true
D/NetUpdate( 2247): mBootCheckZipExist--->false
D/NetUpdate( 2247): progressValue--->0
D/NetUpdate( 2247): mWriteSD--->true
D/NetUpdate( 2247): mBootCheckZipExist--->false
D/NetUpdate( 2247): progressValue--->0
D/NetUpdate( 2247): mWriteSD--->true
D/NetUpdate( 2247): mBootCheckZipExist--->false
D/NetUpdate( 2247): progressValue--->0
D/NetUpdate( 2247): mWriteSD--->true
D/NetUpdate( 2247): mBootCheckZipExist--->false
D/NetUpdate( 2247): progressValue--->0
D/NetUpdate( 2247): mWriteSD--->true
D/NetUpdate( 2247): mBootCheckZipExist--->false
D/NetUpdate( 2247): progressValue--->0
D/NetUpdate( 2247): mWriteSD--->true
D/NetUpdate( 2247): mBootCheckZipExist--->false
D/NetUpdate( 2247): progressValue--->0
D/NetUpdate( 2247): mWriteSD--->true
D/NetUpdate( 2247): mBootCheckZipExist--->false
D/NetUpdate( 2247): progressValue--->0
D/NetUpdate( 2247): mWriteSD--->true
D/NetUpdate( 2247): mBootCheckZipExist--->false
D/NetUpdate( 2247): progressValue--->0
D/NetUpdate( 2247): mWriteSD--->true
D/NetUpdate( 2247): mBootCheckZipExist--->false
D/NetUpdate( 2247): progressValue--->0
D/NetUpdate( 2247): mWriteSD--->true
D/NetUpdate( 2247): mBootCheckZipExist--->false
D/NetUpdate( 2247): progressValue--->0
D/NetUpdate( 2247): mWriteSD--->true
D/NetUpdate( 2247): mBootCheckZipExist--->false
D/NetUpdate( 2247): progressValue--->0
D/NetUpdate( 2247): mWriteSD--->true
D/NetUpdate( 2247): mBootCheckZipExist--->false
D/NetUpdate( 2247): progressValue--->0
D/NetUpdate( 2247): mWriteSD--->true
D/NetUpdate( 2247): mBootCheckZipExist--->false
D/NetUpdate( 2247): progressValue--->0
D/NetUpdate( 2247): mWriteSD--->true
D/NetUpdate( 2247): mBootCheckZipExist--->false
D/NetUpdate( 2247): progressValue--->0
D/NetUpdate( 2247): mWriteSD--->true
D/NetUpdate( 2247): mBootCheckZipExist--->false
D/NetUpdate( 2247): progressValue--->0
D/NetUpdate( 2247): mWriteSD--->true
D/NetUpdate( 2247): mBootCheckZipExist--->false
D/dalvikvm( 1657): GC_CONCURRENT freed 841K, 64% free 2866K/7939K, paused 2ms+2ms
D/dalvikvm( 1657): GC_CONCURRENT freed 707K, 64% free 2865K/7939K, paused 2ms+3ms
D/dalvikvm( 1657): GC_CONCURRENT freed 703K, 64% free 2870K/7939K, paused 2ms+3ms
D/NetUpdate( 2247): progressValue--->0
D/NetUpdate( 2247): mWriteSD--->true
D/NetUpdate( 2247): mBootCheckZipExist--->false
D/NetUpdate( 2247): progressValue--->0
D/NetUpdate( 2247): mWriteSD--->true
D/NetUpdate( 2247): mBootCheckZipExist--->false
D/HomePlayerLib( 1657): hostaddress count is 1
D/NetUpdate( 2247): progressValue--->0
D/NetUpdate( 2247): mWriteSD--->true
D/NetUpdate( 2247): mBootCheckZipExist--->false
D/dalvikvm( 1657): GC_CONCURRENT freed 723K, 63% free 2964K/7939K, paused 2ms+3ms
D/dalvikvm( 1657): GC_CONCURRENT freed 831K, 63% free 2976K/7939K, paused 2ms+2ms
D/dalvikvm( 1657): GC_CONCURRENT freed 856K, 62% free 3084K/7939K, paused 2ms+2ms
D/dalvikvm( 1657): GC_CONCURRENT freed 984K, 63% free 2972K/7939K, paused 2ms+3ms
D/dalvikvm( 1657): GC_CONCURRENT freed 851K, 64% free 2884K/7939K, paused 2ms+3ms
D/NetUpdate( 2247): progressValue--->0
D/NetUpdate( 2247): mWriteSD--->true
D/NetUpdate( 2247): mBootCheckZipExist--->false
D/NetUpdate( 2247): progressValue--->0
D/NetUpdate( 2247): mWriteSD--->true
D/NetUpdate( 2247): mBootCheckZipExist--->false
D/NetUpdate( 2247): progressValue--->0
D/NetUpdate( 2247): mWriteSD--->true
D/NetUpdate( 2247): mBootCheckZipExist--->false
D/dalvikvm( 1657): GC_CONCURRENT freed 721K, 64% free 2866K/7939K, paused 2ms+3ms
D/dalvikvm( 1657): GC_CONCURRENT freed 709K, 64% free 2866K/7939K, paused 2ms+2ms
D/NetUpdate( 2247): progressValue--->0
D/NetUpdate( 2247): mWriteSD--->true
D/NetUpdate( 2247): mBootCheckZipExist--->false
D/NetUpdate( 2247): progressValue--->0
D/NetUpdate( 2247): mWriteSD--->true
D/NetUpdate( 2247): mBootCheckZipExist--->false
D/NetUpdate( 2247): progressValue--->0
D/NetUpdate( 2247): mWriteSD--->true
D/NetUpdate( 2247): mBootCheckZipExist--->false
E/CACHE   ( 1872): cleared
I/zomut.watchdog.monitor( 1872): initgather
I/zomut.watchdog.monitor( 1872): endgather
I/zomut.watchdog.monitor( 1872): init
I/zomut.watchdog.monitor( 1872): end
D/NetUpdate( 2247): progressValue--->0
D/NetUpdate( 2247): mWriteSD--->true
D/NetUpdate( 2247): mBootCheckZipExist--->false
D/NetUpdate( 2247): progressValue--->0
D/NetUpdate( 2247): mWriteSD--->true
D/NetUpdate( 2247): mBootCheckZipExist--->false
D/NetUpdate( 2247): progressValue--->0
D/NetUpdate( 2247): mWriteSD--->true
D/NetUpdate( 2247): mBootCheckZipExist--->false
D/NetUpdate( 2247): progressValue--->0
D/NetUpdate( 2247): mWriteSD--->true
D/NetUpdate( 2247): mBootCheckZipExist--->false
D/NetUpdate( 2247): progressValue--->0
D/NetUpdate( 2247): mWriteSD--->true
D/NetUpdate( 2247): mBootCheckZipExist--->false
D/NetUpdate( 2247): progressValue--->0
D/NetUpdate( 2247): mWriteSD--->true
D/NetUpdate( 2247): mBootCheckZipExist--->false
D/NetUpdate( 2247): progressValue--->0
D/NetUpdate( 2247): mWriteSD--->true
D/NetUpdate( 2247): mBootCheckZipExist--->false
D/NetUpdate( 2247): progressValue--->0
D/NetUpdate( 2247): mWriteSD--->true
D/NetUpdate( 2247): mBootCheckZipExist--->false
D/NetUpdate( 2247): progressValue--->0
D/NetUpdate( 2247): mWriteSD--->true
D/NetUpdate( 2247): mBootCheckZipExist--->false
D/dalvikvm( 1657): GC_CONCURRENT freed 717K, 63% free 2998K/7939K, paused 2ms+3ms
D/NetUpdate( 2247): progressValue--->0
D/NetUpdate( 2247): mWriteSD--->true
D/NetUpdate( 2247): mBootCheckZipExist--->false
D/NetUpdate( 2247): progressValue--->0
D/NetUpdate( 2247): mWriteSD--->true
D/NetUpdate( 2247): mBootCheckZipExist--->false
D/NetUpdate( 2247): progressValue--->0
D/NetUpdate( 2247): mWriteSD--->true
D/NetUpdate( 2247): mBootCheckZipExist--->false
D/NetUpdate( 2247): progressValue--->0
D/NetUpdate( 2247): mWriteSD--->true
D/NetUpdate( 2247): mBootCheckZipExist--->false
D/NetUpdate( 2247): progressValue--->0
D/NetUpdate( 2247): mWriteSD--->true
D/NetUpdate( 2247): mBootCheckZipExist--->false
D/NetUpdate( 2247): progressValue--->0
D/NetUpdate( 2247): mWriteSD--->true
D/NetUpdate( 2247): mBootCheckZipExist--->false
D/NetUpdate( 2247): progressValue--->0
D/NetUpdate( 2247): mWriteSD--->true
D/NetUpdate( 2247): mBootCheckZipExist--->false
D/NetUpdate( 2247): progressValue--->0
D/NetUpdate( 2247): mWriteSD--->true
D/NetUpdate( 2247): mBootCheckZipExist--->false
D/NetUpdate( 2247): progressValue--->0
D/NetUpdate( 2247): mWriteSD--->true
D/NetUpdate( 2247): mBootCheckZipExist--->false
D/NetUpdate( 2247): progressValue--->0
D/NetUpdate( 2247): mWriteSD--->true
D/NetUpdate( 2247): mBootCheckZipExist--->false
D/NetUpdate( 2247): progressValue--->0
D/NetUpdate( 2247): mWriteSD--->true
D/NetUpdate( 2247): mBootCheckZipExist--->false
D/NetUpdate( 2247): progressValue--->0
D/NetUpdate( 2247): mWriteSD--->true
D/NetUpdate( 2247): mBootCheckZipExist--->false
D/NetUpdate( 2247): progressValue--->0
D/NetUpdate( 2247): mWriteSD--->true
D/NetUpdate( 2247): mBootCheckZipExist--->false
D/NetUpdate( 2247): progressValue--->0
D/NetUpdate( 2247): mWriteSD--->true
D/NetUpdate( 2247): mBootCheckZipExist--->false
D/NetUpdate( 2247): progressValue--->0
D/NetUpdate( 2247): mWriteSD--->true
D/NetUpdate( 2247): mBootCheckZipExist--->false
D/NetUpdate( 2247): progressValue--->0
D/NetUpdate( 2247): mWriteSD--->true
D/NetUpdate( 2247): mBootCheckZipExist--->false
D/HomePlayerLib( 1657): hostaddress count is 1
D/dalvikvm( 1657): GC_CONCURRENT freed 885K, 64% free 2864K/7939K, paused 2ms+2ms
D/dalvikvm( 1657): GC_CONCURRENT freed 702K, 64% free 2866K/7939K, paused 2ms+2ms
D/dalvikvm( 1657): GC_CONCURRENT freed 699K, 64% free 2914K/7939K, paused 2ms+2ms
D/dalvikvm( 1657): GC_CONCURRENT freed 761K, 63% free 2982K/7939K, paused 1ms+2ms
D/dalvikvm( 1657): GC_CONCURRENT freed 848K, 63% free 2990K/7939K, paused 2ms+3ms
D/NetUpdate( 2247): progressValue--->0
D/NetUpdate( 2247): mWriteSD--->true
D/NetUpdate( 2247): mBootCheckZipExist--->false
D/NetUpdate( 2247): progressValue--->0
D/NetUpdate( 2247): mWriteSD--->true
D/NetUpdate( 2247): mBootCheckZipExist--->false
D/NetUpdate( 2247): progressValue--->0
D/NetUpdate( 2247): mWriteSD--->true
D/NetUpdate( 2247): mBootCheckZipExist--->false
I/HttpDownLoad( 1250): network is error
I/NetFirmwareService( 1250): v--->211321
I/NetFirmwareService( 1250): q--->00001
I/NetFirmwareService( 1250): c--->00001
I/FileUtils( 1250): mkFilePath--->/data/data/com.coship.netfirmware/description_211321.dat
I/HttpDownLoad( 1250): network is error
I/NetFirmwareService( 1250): packageSize--->181917198
I/NetFirmwareService( 1250): MD5--->D0D1693015A828A1F0274DF26141EF8C
I/NetFirmwareService( 1250): changeHistory--->1.CYWEEHTTPUDP;2.CIBN<>;3.CYWEE720*480,640*480CYWEE
V/NetFirmwareService( 1250): MSG_LOAD_DAT_STATUS_mNetUpdate--->false
D/NetFirmwareService( 1250): Network Connection Success!
D/NetFirmwareService( 1250): Not Found Upgrade File!
E/fbdev   ( 1021): Attention! GFLIP time out, force update gop ring buffer!
E/fbdev   ( 1021): Attention! GFLIP time out, force update gop ring buffer!
E/fbdev   ( 1021): Attention! GFLIP time out, force update gop ring buffer!
E/fbdev   ( 1021): Attention! GFLIP time out, force update gop ring buffer!
D/NetUpdate( 2247): progressValue--->0
D/NetUpdate( 2247): mWriteSD--->true
D/NetUpdate( 2247): mBootCheckZipExist--->false
D/NetUpdate( 2247): progressValue--->0
D/NetUpdate( 2247): mWriteSD--->true
D/NetUpdate( 2247): mBootCheckZipExist--->false
D/NetUpdate( 2247): progressValue--->0
D/NetUpdate( 2247): mWriteSD--->true
D/NetUpdate( 2247): mBootCheckZipExist--->false
E/fbdev   ( 1021): Attention! GFLIP time out, force update gop ring buffer!
I/NetFirmwareService( 1250): initPromtDialog_SHOW!
E/WindowManager(  937): Unknown window type: 2131099651
E/fbdev   ( 1021): Attention! GFLIP time out, force update gop ring buffer!
E/fbdev   ( 1021): Attention! GFLIP time out, force update gop ring buffer!
E/fbdev   ( 1021): Attention! GFLIP time out, force update gop ring buffer!
E/fbdev   ( 1021): Attention! GFLIP time out, force update gop ring buffer!
E/fbdev   ( 1021): Attention! GFLIP time out, force update gop ring buffer!
E/fbdev   ( 1021): Attention! GFLIP time out, force update gop ring buffer!
E/fbdev   ( 1021): Attention! GFLIP time out, force update gop ring buffer!
E/fbdev   ( 1021): Attention! GFLIP time out, force update gop ring buffer!
E/fbdev   ( 1021): Attention! GFLIP time out, force update gop ring buffer!
E/fbdev   ( 1021): Attention! GFLIP time out, force update gop ring buffer!
E/fbdev   ( 1021): Attention! GFLIP time out, force update gop ring buffer!
E/fbdev   ( 1021): Attention! GFLIP time out, force update gop ring buffer!
E/fbdev   ( 1021): Attention! GFLIP time out, force update gop ring buffer!
E/fbdev   ( 1021): Attention! GFLIP time out, force update gop ring buffer!
E/fbdev   ( 1021): Attention! GFLIP time out, force update gop ring buffer!
E/fbdev   ( 1021): Attention! GFLIP time out, force update gop ring buffer!
E/fbdev   ( 1021): Attention! GFLIP time out, force update gop ring buffer!
E/fbdev   ( 1021): Attention! GFLIP time out, force update gop ring buffer!
E/fbdev   ( 1021): Attention! GFLIP time out, force update gop ring buffer!
E/fbdev   ( 1021): Attention! GFLIP time out, force update gop ring buffer!
D/NetUpdate( 2247): progressValue--->0
D/NetUpdate( 2247): mWriteSD--->true
D/NetUpdate( 2247): mBootCheckZipExist--->false
D/NetUpdate( 2247): progressValue--->0
D/NetUpdate( 2247): mWriteSD--->true
D/NetUpdate( 2247): mBootCheckZipExist--->false
D/NetUpdate( 2247): progressValue--->0
D/NetUpdate( 2247): mWriteSD--->true
D/NetUpdate( 2247): mBootCheckZipExist--->false
D/NetUpdate( 2247): progressValue--->0
D/NetUpdate( 2247): mWriteSD--->true
D/NetUpdate( 2247): mBootCheckZipExist--->false
D/NetUpdate( 2247): progressValue--->0
D/NetUpdate( 2247): mWriteSD--->true
D/NetUpdate( 2247): mBootCheckZipExist--->false
D/NetUpdate( 2247): progressValue--->0
D/NetUpdate( 2247): mWriteSD--->true
D/NetUpdate( 2247): mBootCheckZipExist--->false
D/NetUpdate( 2247): progressValue--->0
D/NetUpdate( 2247): mWriteSD--->true
D/NetUpdate( 2247): mBootCheckZipExist--->false
D/NetUpdate( 2247): progressValue--->0
D/NetUpdate( 2247): mWriteSD--->true
D/NetUpdate( 2247): mBootCheckZipExist--->false
D/NetUpdate( 2247): progressValue--->0
D/NetUpdate( 2247): mWriteSD--->true
D/NetUpdate( 2247): mBootCheckZipExist--->false
D/NetUpdate( 2247): progressValue--->0
D/NetUpdate( 2247): mWriteSD--->true
D/NetUpdate( 2247): mBootCheckZipExist--->false
D/NetUpdate( 2247): progressValue--->0
D/NetUpdate( 2247): mWriteSD--->true
D/NetUpdate( 2247): mBootCheckZipExist--->false
D/NetUpdate( 2247): progressValue--->0
D/NetUpdate( 2247): mWriteSD--->true
D/NetUpdate( 2247): mBootCheckZipExist--->false
D/NetUpdate( 2247): progressValue--->0
D/NetUpdate( 2247): mWriteSD--->true
D/NetUpdate( 2247): mBootCheckZipExist--->false
D/NetUpdate( 2247): progressValue--->0
D/NetUpdate( 2247): mWriteSD--->true
D/NetUpdate( 2247): mBootCheckZipExist--->false
D/NetUpdate( 2247): progressValue--->0
D/NetUpdate( 2247): mWriteSD--->true
D/NetUpdate( 2247): mBootCheckZipExist--->false
D/NetUpdate( 2247): progressValue--->0
D/NetUpdate( 2247): mWriteSD--->true
D/NetUpdate( 2247): mBootCheckZipExist--->false
D/NetUpdate( 2247): progressValue--->0
D/NetUpdate( 2247): mWriteSD--->true
D/NetUpdate( 2247): mBootCheckZipExist--->false
D/NetUpdate( 2247): progressValue--->0
D/NetUpdate( 2247): mWriteSD--->true
D/NetUpdate( 2247): mBootCheckZipExist--->false
D/NetUpdate( 2247): progressValue--->0
D/NetUpdate( 2247): mWriteSD--->true
D/NetUpdate( 2247): mBootCheckZipExist--->false
D/NetUpdate( 2247): progressValue--->0
D/NetUpdate( 2247): mWriteSD--->true
D/NetUpdate( 2247): mBootCheckZipExist--->false
D/NetUpdate( 2247): progressValue--->0
D/NetUpdate( 2247): mWriteSD--->true
D/NetUpdate( 2247): mBootCheckZipExist--->false
D/dalvikvm( 1657): GC_CONCURRENT freed 869K, 64% free 2912K/7939K, paused 3ms+3ms
D/dalvikvm( 1657): GC_CONCURRENT freed 779K, 65% free 2844K/7939K, paused 2ms+3ms
D/dalvikvm( 1657): GC_CONCURRENT freed 671K, 64% free 2869K/7939K, paused 2ms+4ms
D/NetUpdate( 2247): progressValue--->0
D/NetUpdate( 2247): mWriteSD--->true
D/NetUpdate( 2247): mBootCheckZipExist--->false
D/NetUpdate( 2247): progressValue--->0
D/NetUpdate( 2247): mWriteSD--->true
D/NetUpdate( 2247): mBootCheckZipExist--->false
D/dalvikvm( 1657): GC_CONCURRENT freed 705K, 64% free 2868K/7939K, paused 2ms+2ms
D/NetUpdate( 2247): progressValue--->0
D/NetUpdate( 2247): mWriteSD--->true
D/NetUpdate( 2247): mBootCheckZipExist--->false
D/dalvikvm( 1657): GC_CONCURRENT freed 704K, 64% free 2865K/7939K, paused 2ms+3ms
D/dalvikvm( 1657): GC_CONCURRENT freed 704K, 64% free 2869K/7939K, paused 3ms+2ms
D/dalvikvm( 1657): GC_CONCURRENT freed 705K, 64% free 2868K/7939K, paused 3ms+3ms
D/HomePlayerLib( 1657): hostaddress count is 1
D/NetUpdate( 2247): progressValue--->0
D/NetUpdate( 2247): mWriteSD--->true
D/NetUpdate( 2247): mBootCheckZipExist--->false
D/NetUpdate( 2247): progressValue--->0
D/NetUpdate( 2247): mWriteSD--->true
D/NetUpdate( 2247): mBootCheckZipExist--->false
D/dalvikvm( 1657): GC_CONCURRENT freed 721K, 64% free 2861K/7939K, paused 2ms+2ms
D/NetUpdate( 2247): progressValue--->0
D/NetUpdate( 2247): mWriteSD--->true
D/NetUpdate( 2247): mBootCheckZipExist--->false
D/dalvikvm( 1657): GC_CONCURRENT freed 701K, 63% free 2977K/7939K, paused 2ms+3ms
D/dalvikvm( 1657): GC_CONCURRENT freed 837K, 63% free 2966K/7939K, paused 2ms+2ms
D/dalvikvm( 1657): GC_CONCURRENT freed 827K, 64% free 2915K/7939K, paused 2ms+3ms
D/dalvikvm( 1657): GC_CONCURRENT freed 760K, 64% free 2873K/7939K, paused 2ms+3ms
D/NetUpdate( 2247): progressValue--->0
D/NetUpdate( 2247): mWriteSD--->true
D/NetUpdate( 2247): mBootCheckZipExist--->false
D/NetUpdate( 2247): progressValue--->0
D/NetUpdate( 2247): mWriteSD--->true
D/NetUpdate( 2247): mBootCheckZipExist--->false
D/NetUpdate( 2247): progressValue--->0
D/NetUpdate( 2247): mWriteSD--->true
D/NetUpdate( 2247): mBootCheckZipExist--->false
D/NetUpdate( 2247): progressValue--->0
D/NetUpdate( 2247): mWriteSD--->true
D/NetUpdate( 2247): mBootCheckZipExist--->false
D/NetUpdate( 2247): progressValue--->0
D/NetUpdate( 2247): mWriteSD--->true
D/NetUpdate( 2247): mBootCheckZipExist--->false
D/NetUpdate( 2247): progressValue--->0
D/NetUpdate( 2247): mWriteSD--->true
D/NetUpdate( 2247): mBootCheckZipExist--->false
D/NetUpdate( 2247): progressValue--->0
D/NetUpdate( 2247): mWriteSD--->true
D/NetUpdate( 2247): mBootCheckZipExist--->false
D/NetUpdate( 2247): progressValue--->0
D/NetUpdate( 2247): mWriteSD--->true
D/NetUpdate( 2247): mBootCheckZipExist--->false
D/NetUpdate( 2247): progressValue--->0
D/NetUpdate( 2247): mWriteSD--->true
D/NetUpdate( 2247): mBootCheckZipExist--->false
D/UploadCheckerService( 2689): Can't Connect to CIBN_SERVER_PATH!  Address: http://tms.cibntest.ysten.com:8080
D/UploadCheckerService( 2689): Can't Connect to CIBN_SERVER_PATH!  retryTime is : 145
D/NetUpdate( 2247): progressValue--->0
D/NetUpdate( 2247): mWriteSD--->true
D/NetUpdate( 2247): mBootCheckZipExist--->false
D/NetUpdate( 2247): progressValue--->0
D/NetUpdate( 2247): mWriteSD--->true
D/NetUpdate( 2247): mBootCheckZipExist--->false
D/NetUpdate( 2247): progressValue--->0
D/NetUpdate( 2247): mWriteSD--->true
D/NetUpdate( 2247): mBootCheckZipExist--->false
D/NetUpdate( 2247): progressValue--->0
D/NetUpdate( 2247): mWriteSD--->true
D/NetUpdate( 2247): mBootCheckZipExist--->false
D/NetUpdate( 2247): progressValue--->0
D/NetUpdate( 2247): mWriteSD--->true
D/NetUpdate( 2247): mBootCheckZipExist--->false
D/NetUpdate( 2247): progressValue--->0
D/NetUpdate( 2247): mWriteSD--->true
D/NetUpdate( 2247): mBootCheckZipExist--->false
D/NetUpdate( 2247): progressValue--->0
D/NetUpdate( 2247): mWriteSD--->true
D/NetUpdate( 2247): mBootCheckZipExist--->false
D/NetUpdate( 2247): progressValue--->0
D/NetUpdate( 2247): mWriteSD--->true
D/NetUpdate( 2247): mBootCheckZipExist--->false
D/NetUpdate( 2247): progressValue--->0
D/NetUpdate( 2247): mWriteSD--->true
D/NetUpdate( 2247): mBootCheckZipExist--->false
D/NetUpdate( 2247): progressValue--->0
D/NetUpdate( 2247): mWriteSD--->true
D/NetUpdate( 2247): mBootCheckZipExist--->false
D/NetUpdate( 2247): progressValue--->0
D/NetUpdate( 2247): mWriteSD--->true
D/NetUpdate( 2247): mBootCheckZipExist--->false
D/NetUpdate( 2247): progressValue--->0
D/NetUpdate( 2247): mWriteSD--->true
D/NetUpdate( 2247): mBootCheckZipExist--->false
D/NetUpdate( 2247): progressValue--->0
D/NetUpdate( 2247): mWriteSD--->true
D/NetUpdate( 2247): mBootCheckZipExist--->false
D/NetUpdate( 2247): progressValue--->0
D/NetUpdate( 2247): mWriteSD--->true
D/NetUpdate( 2247): mBootCheckZipExist--->false
D/NetUpdate( 2247): progressValue--->0
D/NetUpdate( 2247): mWriteSD--->true
D/NetUpdate( 2247): mBootCheckZipExist--->false
D/NetUpdate( 2247): progressValue--->0
D/NetUpdate( 2247): mWriteSD--->true
D/NetUpdate( 2247): mBootCheckZipExist--->false
D/NetUpdate( 2247): progressValue--->0
D/NetUpdate( 2247): mWriteSD--->true
D/NetUpdate( 2247): mBootCheckZipExist--->false
D/NetUpdate( 2247): progressValue--->0
D/NetUpdate( 2247): mWriteSD--->true
D/NetUpdate( 2247): mBootCheckZipExist--->false
D/NetUpdate( 2247): progressValue--->0
D/NetUpdate( 2247): mWriteSD--->true
D/NetUpdate( 2247): mBootCheckZipExist--->false
D/NetUpdate( 2247): progressValue--->0
D/NetUpdate( 2247): mWriteSD--->true
D/NetUpdate( 2247): mBootCheckZipExist--->false
D/dalvikvm( 1657): GC_CONCURRENT freed 726K, 63% free 2957K/7939K, paused 3ms+3ms
D/HomePlayerLib( 1657): hostaddress count is 1
D/dalvikvm( 1657): GC_CONCURRENT freed 833K, 64% free 2874K/7939K, paused 3ms+2ms
D/dalvikvm( 1657): GC_CONCURRENT freed 715K, 64% free 2880K/7939K, paused 2ms+3ms
D/NetUpdate( 2247): progressValue--->0
D/NetUpdate( 2247): mWriteSD--->true
D/NetUpdate( 2247): mBootCheckZipExist--->false
D/NetUpdate( 2247): progressValue--->0
D/NetUpdate( 2247): mWriteSD--->true
D/NetUpdate( 2247): mBootCheckZipExist--->false
D/NetUpdate( 2247): progressValue--->0
D/NetUpdate( 2247): mWriteSD--->true
D/NetUpdate( 2247): mBootCheckZipExist--->false
D/dalvikvm( 1657): GC_CONCURRENT freed 733K, 63% free 2965K/7939K, paused 2ms+2ms
D/dalvikvm( 1657): GC_CONCURRENT freed 848K, 65% free 2844K/7939K, paused 2ms+2ms
D/dalvikvm( 1657): GC_CONCURRENT freed 679K, 64% free 2872K/7939K, paused 2ms+2ms
D/NetUpdate( 2247): progressValue--->0
D/NetUpdate( 2247): mWriteSD--->true
D/NetUpdate( 2247): mBootCheckZipExist--->false
D/NetUpdate( 2247): progressValue--->0
D/NetUpdate( 2247): mWriteSD--->true
D/NetUpdate( 2247): mBootCheckZipExist--->false
D/NetUpdate( 2247): progressValue--->0
D/NetUpdate( 2247): mWriteSD--->true
D/NetUpdate( 2247): mBootCheckZipExist--->false
D/NetUpdate( 2247): progressValue--->0
D/NetUpdate( 2247): mWriteSD--->true
D/NetUpdate( 2247): mBootCheckZipExist--->false
D/NetUpdate( 2247): progressValue--->0
D/NetUpdate( 2247): mWriteSD--->true
D/NetUpdate( 2247): mBootCheckZipExist--->false
D/NetUpdate( 2247): progressValue--->0
D/NetUpdate( 2247): mWriteSD--->true
D/NetUpdate( 2247): mBootCheckZipExist--->false
D/NetUpdate( 2247): progressValue--->0
D/NetUpdate( 2247): mWriteSD--->true
D/NetUpdate( 2247): mBootCheckZipExist--->false
D/NetUpdate( 2247): progressValue--->0
D/NetUpdate( 2247): mWriteSD--->true
D/NetUpdate( 2247): mBootCheckZipExist--->false
D/NetUpdate( 2247): progressValue--->0
D/NetUpdate( 2247): mWriteSD--->true
D/NetUpdate( 2247): mBootCheckZipExist--->false
D/NetUpdate( 2247): progressValue--->0
D/NetUpdate( 2247): mWriteSD--->true
D/NetUpdate( 2247): mBootCheckZipExist--->false
D/NetUpdate( 2247): progressValue--->0
D/NetUpdate( 2247): mWriteSD--->true
D/NetUpdate( 2247): mBootCheckZipExist--->false
D/NetUpdate( 2247): progressValue--->0
D/NetUpdate( 2247): mWriteSD--->true
D/NetUpdate( 2247): mBootCheckZipExist--->false
D/NetUpdate( 224^C
130|shell@android:/data # 
130|shell@android:/data # 
130|shell@android:/data # 
130|shell@android:/data # find data/ -name versioncode.dat
sh: find: not found
127|shell@android:/data # 
127|shell@android:/data # 
127|shell@android:/data # 
127|shell@android:/data # 
127|shell@android:/data # godir versioncode.dat
sh: godir: not found
127|shell@android:/data # ll
drwxrwxr-x system   system            2013-04-24 19:13 anr
drwxrwx--x system   system            2013-04-24 19:09 app
drwxrwx--x system   system            2007-01-01 20:00 app-private
drwx------ system   system            2007-01-02 04:11 backup
drwxrwx--x system   system            2013-04-24 16:42 dalvik-cache
drwxrwx--x system   system            2013-04-24 16:42 data
drwxr-x--- root     log               2007-01-01 20:00 dontpanic
drwxrwxr-- drm      drm               2007-01-01 20:00 drm
drwxrwx--x shell    shell             2007-01-01 20:00 local
drwxrwx--- root     root              1970-01-01 08:00 lost+found
drwxrwx--t system   misc              2007-01-01 20:00 misc
drwxrwxrwx system   system            2007-01-01 20:00 mmcp
drwx------ root     root              2013-04-24 19:26 property
drwxrwx--x system   system            2007-01-01 20:00 resource-cache
drwxrwxr-x system   system            2013-04-24 20:11 system
drwxr-xr-x system   system            2013-04-24 17:01 tombstones
drwxr-xr-x system   system            2007-01-01 20:00 user
shell@android:/data # cd data
shell@android:/data/data # ll
drwxr-x--x app_2    app_2             2007-01-02 04:12 com.aidufei.cibn.uploadchecker
drwxr-x--x app_0    app_0             2013-04-24 11:28 com.aidufei.movieonline
drwxr-x--x app_3    app_3             2007-01-02 04:11 com.android.backupconfirm
drwxr-x--x app_4    app_4             2007-01-02 04:11 com.android.bluetooth
drwxr-x--x app_5    app_5             2013-04-24 15:57 com.android.browser
drwxr-x--x app_8    app_8             2007-01-02 04:11 com.android.certinstaller
drwxr-x--x app_1    app_1             2007-01-02 04:11 com.android.contacts
drwxr-x--x app_10   app_10            2013-04-24 10:59 com.android.defcontainer
drwxr-x--x app_11   app_11            2007-01-02 04:11 com.android.development
drwxr-x--x app_15   app_15            2007-01-02 04:11 com.android.htmlviewer
drwxr-x--x app_22   app_22            2007-01-02 04:22 com.android.inputmethod.pinyin
drwxr-x--x system   system            2013-04-24 10:59 com.android.keychain
drwxr-x--x app_28   app_28            2007-01-02 04:11 com.android.musicvis
drwxr-x--x app_20   app_20            2013-04-24 16:01 com.android.packageinstaller
drwxr-x--x app_1    app_1             2007-01-02 04:11 com.android.providers.applications
drwxr-x--x app_7    app_7             2007-01-02 04:12 com.android.providers.calendar
drwxr-x--x app_1    app_1             2007-01-02 04:12 com.android.providers.contacts
drwxr-x--x app_12   app_12            2007-01-02 04:12 com.android.providers.downloads
drwxr-x--x app_12   app_12            2007-01-02 04:11 com.android.providers.downloads.ui
drwxr-x--x app_12   app_12            2007-01-02 04:11 com.android.providers.drm
drwxr-x--x app_12   app_12            2007-01-02 04:12 com.android.providers.media
drwxr-x--x system   system            2007-01-02 04:11 com.android.providers.settings
drwxr-x--x radio    radio             2007-01-02 04:12 com.android.providers.telephony
drwxr-x--x app_1    app_1             2007-01-02 04:11 com.android.providers.userdictionary
drwxr-x--x app_23   app_23            2007-01-02 04:12 com.android.provision
drwxr-x--x system   system            2007-01-02 04:11 com.android.settings
drwxr-x--x app_24   app_24            2007-01-02 04:11 com.android.sharedstoragebackup
drwxr-x--x app_25   app_25            2007-01-02 04:11 com.android.soundrecorder
drwxr-x--x app_26   app_26            2007-01-02 04:11 com.android.speechrecorder
drwxr-x--x system   system            2007-01-02 04:11 com.android.systemui
drwxr-x--x system   system            2007-01-02 04:11 com.android.vpndialogs
drwxr-x--x app_16   app_16            2007-01-02 04:11 com.android.wallpaper
drwxr-x--x app_17   app_17            2007-01-02 04:11 com.android.wallpaper.livepicker
drwxr-x--x app_29   app_29            2007-01-02 04:22 com.biaoqi.stbwidget.host
drwxr-x--x system   system            2007-01-02 04:11 com.coship.HS
drwxr-x--x system   system            2007-01-02 04:11 com.coship.Multimedia
drwxr-x--x system   system            2007-01-02 04:11 com.coship.NetworkNavigation
drwxr-x--x system   system            2007-01-02 04:11 com.coship.TestApp
drwxr-x--x system   system            2007-01-02 04:11 com.coship.adjustthevolume
drwxr-x--x app_9    app_9             2007-01-02 04:11 com.coship.app.vaf
drwxr-x--x app_34   app_34            2007-01-02 04:12 com.coship.changetheaudiooutput
drwxr-x--x app_6    app_6             2007-01-02 04:12 com.coship.cibn
drwxr-x--x system   system            2007-01-02 04:11 com.coship.cw880
drwxr-x--x app_35   app_35            2007-01-02 04:11 com.coship.dvbplayer
drwxr-x--x system   system            2007-01-02 04:12 com.coship.dvbsetting
drwxr-x--x app_13   app_13            2007-01-02 04:12 com.coship.easycontrolime
drwxr-x--x system   system            2013-04-24 19:07 com.coship.netfirmware
drwxr-x--x system   system            2013-04-24 12:26 com.coship.sdp.sce.tvappstore
drwxr-x--x system   system            2013-04-24 17:52 com.coship.startwizard
drwxr-x--x system   system            2007-01-02 04:11 com.coship.stpservice
drwxr-x--x app_36   app_36            2007-01-02 04:11 com.coship.trafficmonitor
drwxr-x--x app_41   app_41            2013-04-24 15:15 com.dazhihui.gpad
drwxr-x--x app_42   app_42            2013-04-24 15:39 com.digitalchocolate.rollnyfull
drwxr-x--x app_50   app_50            2013-04-24 15:48 com.funzio.crimecity
drwxr-x--x app_14   app_14            2007-01-02 04:12 com.google.android.gsf
drwxr-x--x app_14   app_14            2007-01-02 04:12 com.google.android.location
drwxr-x--x app_27   app_27            2007-01-02 04:12 com.iflytek.speech
drwxr-x--x app_30   app_30            2007-01-02 04:12 com.iflytek.vaf
drwxr-x--x app_32   app_32            2007-01-02 04:12 com.iflytek.vaf.TouchKey
drwxr-x--x app_31   app_31            2007-01-02 04:12 com.iflytek.xiri.recorder.svc
drwxr-x--x app_33   app_33            2007-01-02 04:12 com.iflytek.xiri.remotecmd
drwxr-x--x app_52   app_52            2013-04-24 15:57 com.jakyl.geproxhd
drwxr-x--x app_18   app_18            2007-01-02 04:11 com.mstar.appwidget
drwxr-x--x app_19   app_19            2007-01-02 04:11 com.mstar.dbprovider
drwxr-x--x app_38   app_38            2007-01-02 04:11 com.mstar.miscsetting
drwxr-x--x app_54   app_54            2013-04-24 16:36 com.netease.vopen.tablet
drwxr-x--x app_39   app_39            2013-04-24 15:17 com.pixle.bord
drwxr-x--x app_40   app_40            2013-04-24 15:52 com.ratrodstudio.driftmanialite
drwxr-x--x app_57   app_57            2013-04-24 16:34 com.sina.weibotab
drwxr-x--x app_43   app_43            2013-04-24 16:01 com.sinyee.babybus.abc
drwxr-x--x app_44   app_44            2013-04-24 16:06 com.sinyee.babybus.number
drwxr-x--x app_45   app_45            2013-04-24 16:08 com.sinyee.babybus.season
drwxr-x--x app_46   app_46            2013-04-24 16:04 com.sinyee.babybus.vegetable
drwxr-x--x app_47   app_47            2013-04-24 15:17 com.sinyee.education.color_new
drwxr-x--x app_48   app_48            2013-04-24 15:17 com.sinyee.education.shape
drwxr-x--x app_21   app_21            2013-04-24 10:59 com.svox.pico
drwxr-x--x app_58   app_58            2013-04-24 16:22 com.twodboy.worldofgoofull
drwxr-x--x app_49   app_49            2013-04-24 15:18 com.woanlianta.thunderracing
drwxr-x--x app_59   app_59            2013-04-24 16:42 com.youku.tv
drwxr-x--x app_56   app_56            2013-04-24 16:28 com.zomut.watchdog
drwxr-x--x app_53   app_53            2013-04-24 16:30 lsh.mslug6
drwxr-x--x app_37   app_37            2007-01-02 04:11 mstar.factorymenu.ui
drwxr-x--x app_55   app_55            2013-04-24 16:30 nfpeople.com.mediapad
drwxr-x--x app_51   app_51            2013-04-24 16:15 xcxin.fehd
shell@android:/data/data # cd 
130|shell@android:/data/data # cd com.coship.dvbsetting
shell@android:/data/data/com.coship.dvbsetting # ll
drwxr-xr-x system   system            2007-01-02 04:11 lib
drwxrwx--x system   system            2007-01-02 04:12 shared_prefs
shell@android:/data/data/com.coship.dvbsetting # cd 
lib/            shared_prefs/   
shell@android:/data/data/com.coship.dvbsetting # cd shared_prefs               
shell@android:/data/data/com.coship.dvbsetting/shared_prefs # ll
-rw-rw--w- system   system        102 2007-01-02 04:12 wifiApSecure.xml
ared_prefs                                                                    <
sh: godir: not found
BrightnessListener.java                                                       <
sh: godir: not found
127|shell@android:/data/data/com.coship.dvbsetting/shared_prefs # 
[ 4907.422921] IR: [03932] scan key value is 0xec138000 
[ 4907.422925]  
[ 4907.484142] IR: [03932] scan key value is 0xec138000 
[ 4907.484146]  
[ 4908.929008] IR: [03932] scan key value is 0xed128000 
[ 4908.929013]  
[ 4908.990570] IR: [03932] scan key value is 0xed128000 
[ 4908.990575]  
[ 4909.840940] IR: [03932] scan key value is 0xed128000 
[ 4909.840944]  
[ 4909.902293] IR: [03932] scan key value is 0xed128000 
[ 4909.902298]  
[ 4910.644173] IR: [03932] scan key value is 0xea158000 
[ 4910.644177]  
[ 4910.741722] IR: [03932] scan key value is 0xea158000 
[ 4910.741727]  
[ 4911.354769] IR: [03932] scan key value is 0xee118000 
[ 4911.354774]  
[ 4911.415739] IR: [03932] scan key value is 0xee118000 
[ 4911.415746]  
[ 4911.627117] IR: [03932] scan key value is 0xee118000 
[ 4911.627122]  
[ 4911.688373] IR: [03932] scan key value is 0xee118000 
[ 4911.688380]  
[ 4912.658270] IR: [03932] scan key value is 0xf10e8000 
[ 4912.658275]  
[ 4912.719799] IR: [03932] scan key value is 0xf10e8000 
[ 4912.719804]  
[ 4913.466168] IR: [03932] scan key value is 0xed128000 
[ 4913.466173]  
[ 4913.912195] IR: [03932] scan key value is 0xec138000 
[ 4913.912201]  
[ 4913.973733] IR: [03932] scan key value is 0xec138000 
[ 4913.973737]  
[ 4915.100781] IR: [03932] scan key value is 0xea158000 
[ 4915.100786]  
[ 4915.197325] IR: [03932] scan key value is 0xea158000 
[ 4915.197330]  
[ 4915.280721] IR: [03932] scan key value is 0xea158000 
[ 4915.280726]  
[ 4915.364118] IR: [03932] scan key value is 0xea158000 
[ 4915.364123]  
[ 4915.447520] IR: [03932] scan key value is 0xea158000 
[ 4915.447525]  
[ 4915.530914] IR: [03932] scan key value is 0xea158000 
[ 4915.530919]  
[ 4915.614325] IR: [03932] scan key value is 0xea158000 
[ 4915.614330]  
[ 4915.697713] IR: [03932] scan key value is 0xea158000 
[ 4915.697719]  
[ 4915.781117] IR: [03932] scan key value is 0xea158000 
[ 4915.781122]  
[ 4915.864512] IR: [03932] scan key value is 0xea158000 
[ 4915.864517]  
[ 4915.947904] IR: [03932] scan key value is 0xea158000 
[ 4915.947908]  
[ 4916.031396] IR: [03932] scan key value is 0xea158000 
[ 4916.031401]  
[ 4916.987785] IR: [03932] scan key value is 0xee118000 
[ 4916.987790]  
[ 4917.048704] IR: [03932] scan key value is 0xee118000 
[ 4917.048709]  
[ 4917.609108] IR: [03932] scan key value is 0xeb148000 
[ 4917.609112]  
[ 4917.670427] IR: [03932] scan key value is 0xeb148000 
[ 4917.670432]  
[ 4918.295500] IR: [03932] scan key value is 0xea158000 
[ 4918.295505]  
[ 4918.391739] IR: [03932] scan key value is 0xea158000 
[ 4918.391744]  
[ 4918.718065] IR: [03932] scan key value is 0xea158000 
[ 4918.718070]  
[ 4918.780580] IR: [03932] scan key value is 0xea158000 
[ 4918.780585]  
[ 4919.120069] IR: [03932] scan key value is 0xec138000 
[ 4919.120073]  
[ 4919.180717] IR: [03932] scan key value is 0xec138000 
[ 4919.180722]  
[ 4920.340154] IR: [03932] scan key value is 0xec138000 
[ 4920.340159]  
[ 4922.444656] Unable to handle kernel NULL pointer dereference at virtual address 00000008
[ 4922.452959] pgd = c6800000
[ 4922.455672] [00000008] *pgd=469e6031, *pte=00000000, *ppte=00000000
[ 4922.461987] ================================================================================
[ 4922.470431]  SMP Send Stop Other CPU!
[ 4922.474094] ================================================================================
[ 4922.482541] --------------------------------------------------------------------------------------
[ 4922.482551] CPU1: stopping
[ 4922.482560] Process swapper (pid: 0, stack limit = 0xd2e4c2f0)
[ 4922.482570] CPU: 1    Tainted: P             (2.6.35.13+ #11)
[ 4922.482595] PC is at default_idle+0x24/0x28
[ 4922.482602] LR is at default_idle+0x20/0x28
[ 4922.482610] pc : [<c00347cc>]    lr : [<c00347c8>]    psr: 60000013
[ 4922.482613] sp : d2e4dfd8  ip : c00347a8  fp : 00000000
[ 4922.482619] r10: 0000001f  r9 : 413fc090  r8 : ffffffff
[ 4922.482624] r7 : c0685134  r6 : c04e7508  r5 : c06b1ca8  r4 : d2e4c000
[ 4922.482630] r3 : 00000000  r2 : d2e4dfd8  r1 : d2e4c018  r0 : d2e4c000
[ 4922.482638] Flags: nZCv  IRQs on  FIQs on  Mode SVC_32  ISA ARM  Segment kernel
[ 4922.482645] Control: 18c53c7d  Table: 52b4004a  DAC: 00000017
[ 4922.482650] 
[ 4922.482652] PC: 0xc003474c:
[ 4922.482655] 474c  e1a02007 e34c005c eb12b8df eafffff1 c04e66bc e121f007 e1a00004 e1a0e006
[ 4922.482668] 476c  e1a0f005 eb00a227 e320f000 e3013ca8 e34c306b e5930000 e2802001 e5832000
[ 4922.482681] 478c  e12fff1e e3013ca8 e34c306b e5930000 e2402001 e5832000 e12fff1e e92d4008
[ 4922.482693] 47ac  e1a0200d e3c21d7f e3c1003f e5903000 e3130002 1a000000 eb003b3e f1080080
[ 4922.482705] 47cc  e8bd8008 e92d4070 e24dd050 e1a06002 e1a04000 e1a05001 e28d0008 e3a01048
[ 4922.482717] 47ec  eb0943f3 e3a0c000 e3860502 e1a0100c e3046770 e304e760 e28d2008 e1a0300c
[ 4922.482729] 480c  e3800c01 e34c6003 e34ce003 e58d401c e58de044 e3a04013 e3a0e093 e58d5018
[ 4922.482741] 482c  e58d6020 e58d4024 e58de048 e58dc000 e58dc004 eb008e0f e28dd050 e8bd8070
[ 4922.482754] 
[ 4922.482755] LR: 0xc0034748:
[ 4922.482758] 4748  e1a01004 e1a02007 e34c005c eb12b8df eafffff1 c04e66bc e121f007 e1a00004
[ 4922.482771] 4768  e1a0e006 e1a0f005 eb00a227 e320f000 e3013ca8 e34c306b e5930000 e2802001
[ 4922.482783] 4788  e5832000 e12fff1e e3013ca8 e34c306b e5930000 e2402001 e5832000 e12fff1e
[ 4922.482795] 47a8  e92d4008 e1a0200d e3c21d7f e3c1003f e5903000 e3130002 1a000000 eb003b3e
[ 4922.482807] 47c8  f1080080 e8bd8008 e92d4070 e24dd050 e1a06002 e1a04000 e1a05001 e28d0008
[ 4922.482819] 47e8  e3a01048 eb0943f3 e3a0c000 e3860502 e1a0100c e3046770 e304e760 e28d2008
[ 4922.482831] 4808  e1a0300c e3800c01 e34c6003 e34ce003 e58d401c e58de044 e3a04013 e3a0e093
[ 4922.482843] 4828  e58d5018 e58d6020 e58d4024 e58de048 e58dc000 e58dc004 eb008e0f e28dd050
[ 4922.482856] 
[ 4922.482857] SP: 0xd2e4df58:
[ 4922.482860] df58  d2e4c2f0 d2e4c000 d2e4df90 00000000 c068047c ffffffff fc000100 00000001
[ 4922.482872] df78  c0685134 ffffffff 413fc090 0000001f 00000000 c0032f78 d2e4c000 d2e4c018
[ 4922.482884] df98  d2e4dfd8 00000000 d2e4c000 c06b1ca8 c04e7508 c0685134 ffffffff 413fc090
[ 4922.482896] dfb8  0000001f 00000000 c00347a8 d2e4dfd8 c00347c8 c00347cc 60000013 ffffffff
[ 4922.482909] dfd8  00000001 c0034ab0 00000002 5305006a 0000001f 10c03c7d c06b1e54 4020809c
[ 4922.482921] dff8  7ffbffff ffffffff 00000000 00000000 00000000 d2e2c380 c06869c4 00000000
[ 4922.482933] e018  00000017 c0fc4e80 d2e2c380 d2e4e000 d288bc00 c068047c c0030524 c67b4140
[ 4922.482945] e038  d2e4ff4c d2e4fee0 c04e2f34 00000000 00000000 00000000 00000000 00000000
[ 4922.482957] 
[ 4922.482958] IP: 0xc0034728:
[ 4922.482961] 4728  e59d1008 e59d200c e3e00000 e585c040 eb0946c1 e1a03000 eaffffd7 e30d08c8
[ 4922.482973] 4748  e1a01004 e1a02007 e34c005c eb12b8df eafffff1 c04e66bc e121f007 e1a00004
[ 4922.482986] 4768  e1a0e006 e1a0f005 eb00a227 e320f000 e3013ca8 e34c306b e5930000 e2802001
[ 4922.482998] 4788  e5832000 e12fff1e e3013ca8 e34c306b e5930000 e2402001 e5832000 e12fff1e
[ 4922.483010] 47a8  e92d4008 e1a0200d e3c21d7f e3c1003f e5903000 e3130002 1a000000 eb003b3e
[ 4922.483022] 47c8  f1080080 e8bd8008 e92d4070 e24dd050 e1a06002 e1a04000 e1a05001 e28d0008
[ 4922.483034] 47e8  e3a01048 eb0943f3 e3a0c000 e3860502 e1a0100c e3046770 e304e760 e28d2008
[ 4922.483046] 4808  e1a0300c e3800c01 e34c6003 e34ce003 e58d401c e58de044 e3a04013 e3a0e093
[ 4922.483059] 
[ 4922.483060] R0: 0xd2e4bf80:
[ 4922.483063] bf80  c06b6f80 d2e4a000 c06b6f80 00000001 00000002 c068024c c04e7508 00000000
[ 4922.483075] bfa0  00000000 c005f900 00000000 d2e2ff30 c005f7f0 00000001 00000013 00000000
[ 4922.483087] bfc0  00000000 00000000 00000000 c0070b54 00000000 00000000 00000000 00000000
[ 4922.483098] bfe0  d2e4bfe0 d2e4bfe0 d2e2ff30 c0070ac8 c0034770 c0034770 efbdffff ffffffff
[ 4922.483110] c000  00000000 00000001 00000000 d2e2c6c0 c06869c4 00000001 00000017 c0fd4e80
[ 4922.483122] c020  d2e2c6c0 d2e4c000 d288bc00 c068047c c0030524 ce6d62a0 d2e4dfdc d2e4df70
[ 4922.483134] c040  c04e2f34 00000000 00000000 00000000 00000000 00000000 00000000 00000000
[ 4922.483146] c060  00000000 00000000 00000000 00000000 00000000 00000000 00000000 00000000
[ 4922.483157] 
[ 4922.483159] R1: 0xd2e4bf98:
[ 4922.483162] bf98  c04e7508 00000000 00000000 c005f900 00000000 d2e2ff30 c005f7f0 00000001
[ 4922.483173] bfb8  00000013 00000000 00000000 00000000 00000000 c0070b54 00000000 00000000
[ 4922.483185] bfd8  00000000 00000000 d2e4bfe0 d2e4bfe0 d2e2ff30 c0070ac8 c0034770 c0034770
[ 4922.483197] bff8  efbdffff ffffffff 00000000 00000001 00000000 d2e2c6c0 c06869c4 00000001
[ 4922.483208] c018  00000017 c0fd4e80 d2e2c6c0 d2e4c000 d288bc00 c068047c c0030524 ce6d62a0
[ 4922.483220] c038  d2e4dfdc d2e4df70 c04e2f34 00000000 00000000 00000000 00000000 00000000
[ 4922.483232] c058  00000000 00000000 00000000 00000000 00000000 00000000 00000000 00000000
[ 4922.483243] c078  00000000 00000000 00000000 00000000 00000000 00000000 00000000 00000000
[ 4922.483255] 
[ 4922.483256] R2: 0xd2e4df58:
[ 4922.483259] df58  d2e4c2f0 d2e4c000 d2e4df90 00000000 c068047c ffffffff fc000100 00000001
[ 4922.483271] df78  c0685134 ffffffff 413fc090 0000001f 00000000 c0032f78 d2e4c000 d2e4c018
[ 4922.483283] df98  d2e4dfd8 00000000 d2e4c000 c06b1ca8 c04e7508 c0685134 ffffffff 413fc090
[ 4922.483295] dfb8  0000001f 00000000 c00347a8 d2e4dfd8 c00347c8 c00347cc 60000013 ffffffff
[ 4922.483307] dfd8  00000001 c0034ab0 00000002 5305006a 0000001f 10c03c7d c06b1e54 4020809c
[ 4922.483319] dff8  7ffbffff ffffffff 00000000 00000000 00000000 d2e2c380 c06869c4 00000000
[ 4922.483331] e018  00000017 c0fc4e80 d2e2c380 d2e4e000 d288bc00 c068047c c0030524 c67b4140
[ 4922.483343] e038  d2e4ff4c d2e4fee0 c04e2f34 00000000 00000000 00000000 00000000 00000000
[ 4922.483355] 
[ 4922.483356] R4: 0xd2e4bf80:
[ 4922.483359] bf80  c06b6f80 d2e4a000 c06b6f80 00000001 00000002 c068024c c04e7508 00000000
[ 4922.483371] bfa0  00000000 c005f900 00000000 d2e2ff30 c005f7f0 00000001 00000013 00000000
[ 4922.483383] bfc0  00000000 00000000 00000000 c0070b54 00000000 00000000 00000000 00000000
[ 4922.483394] bfe0  d2e4bfe0 d2e4bfe0 d2e2ff30 c0070ac8 c0034770 c0034770 efbdffff ffffffff
[ 4922.483406] c000  00000000 00000001 00000000 d2e2c6c0 c06869c4 00000001 00000017 c0fd4e80
[ 4922.483418] c020  d2e2c6c0 d2e4c000 d288bc00 c068047c c0030524 ce6d62a0 d2e4dfdc d2e4df70
[ 4922.483430] c040  c04e2f34 00000000 00000000 00000000 00000000 00000000 00000000 00000000
[ 4922.483442] c060  00000000 00000000 00000000 00000000 00000000 00000000 00000000 00000000
[ 4922.483453] 
[ 4922.483455] R5: 0xc06b1c28:
[ 4922.483457] 1c28  00000000 00000000 00000000 00000000 00000000 00028f17 00000000 003d6000
[ 4922.483470] 1c48  00000001 00000000 00000000 13500000 a2b00000 19c00000 00000000 00000000
[ 4922.483482] 1c68  00000000 00000000 00000000 00000000 00000000 00000000 00100000 20000000
[ 4922.483493] 1c88  00000000 00000000 00000000 00000000 00000000 00000000 00000000 00000000
[ 4922.483504] 1ca8  00000000 00000000 00000000 c068648c 00000000 00000000 00000000 00000000
[ 4922.483516] 1cc8  00000020 c0043578 006c3776 00000000 000030d7 c05d0820 00000040 4001573c
[ 4922.483528] 1ce8  00000030 00000000 bf183f24 80000093 000c11d8 4000dc14 80000010 00000000
[ 4922.483540] 1d08  00000000 00000000 00000000 00000000 00000000 00000000 d2e4c000 c00347cc
[ 4922.483552] 
[ 4922.483554] R6: 0xc04e7488:
[ 4922.483557] 7488  00000004 00000008 00000010 00000020 00000040 00000080 00000100 00000200
[ 4922.483569] 74a8  00000400 00000800 00001000 00002000 00004000 00008000 00010000 00020000
[ 4922.483581] 74c8  00040000 00080000 00100000 00200000 00400000 00800000 01000000 02000000
[ 4922.483594] 74e8  04000000 08000000 10000000 20000000 40000000 80000000 0000000f c0680244
[ 4922.483606] 7508  c068024c c0680248 c0680250 c0060088 c005fd18 c005fcc8 c005ffb8 00000000
[ 4922.483619] 7528  c0121d80 c0121e9c 00000000 00000000 00000000 00000000 00000000 00000000
[ 4922.483630] 7548  00000000 00000000 00000000 c005ff88 00000000 c01217bc 00000000 00000000
[ 4922.483642] 7568  00000000 00000000 00000000 00000000 00000000 00000000 00000000 00000000
[ 4922.483653] 
[ 4922.483655] R7: 0xc06850b4:
[ 4922.483658] 50b4  00000000 00000000 00000000 636f6c00 6f646c61 6e69616d 00000000 00000000
[ 4922.483669] 50d4  00000000 00000000 00000000 00000000 00000000 00000000 00000000 00000000
[ 4922.483681] 50f4  00000000 00000000 00000000 00000000 00008000 c05cd368 00000000 13500000
[ 4922.483692] 5114  a2b00000 19c00000 ffffffff 40200000 00000000 c0033480 18c53c7d 18c53c7d
[ 4922.483705] 5134  00000068 c00347a8 c0034888 c06852d0 c068515c 0fffffff 07f001f0 00000020
[ 4922.483717] 5154  00000000 c0035e20 c0685140 c0685178 0000ffff 0000de01 00000020 00000020
[ 4922.483729] 5174  c0035e20 c068515c c06852d0 0000ffff 0000f7f0 00000020 00000020 c0035dc8
[ 4922.483741] 5194  00000000 50000000 00000000 011e0000 00000008 00000000 00000000 00000000
[ 4922.483755] Stack: 
[ 4922.483758]                                                       d2e4df54 d2e4df38 
[ 4922.483768] c0032468 c003b334 00000001 d2e4c000 d2e4c2f0 c0032468 d2e4c2f0 d2e4c000 
[ 4922.483779] d2e4df90 00000000 c068047c ffffffff fc000100 00000001 c0685134 ffffffff 
[ 4922.483789] 413fc090 0000001f 00000000 c0032f78 d2e4c000 d2e4c018 d2e4dfd8 00000000 
[ 4922.483799] d2e4c000 c06b1ca8 c04e7508 c0685134 ffffffff 413fc090 0000001f 00000000 
[ 4922.483809] c00347a8 d2e4dfd8 c00347c8 c00347cc 60000013 ffffffff 00000001 c0034ab0 
[ 4922.483819] 00000002 5305006a 0000001f 10c03c7d c06b1e54 4020809c 7ffbffff ffffffff 
[ 4922.483829] 00000000                                                                
[ 4922.483838] Call Trace:
[ 4922.483862] [<c003b334>] (unwind_backtrace+0x0/0x114) from [<c0032468>] (do_IPI+0x12c/0x180)
[ 4922.483877] [<c0032468>] (do_IPI+0x12c/0x180) from [<c0032f78>] (__irq_svc+0x38/0x140)
[ 4922.483884] Exception stack(0xd2e4df90 to 0xd2e4dfd8)
[ 4922.483892] df80:                                     d2e4c000 d2e4c018 d2e4dfd8 00000000
[ 4922.483902] dfa0: d2e4c000 c06b1ca8 c04e7508 c0685134 ffffffff 413fc090 0000001f 00000000
[ 4922.483911] dfc0: c00347a8 d2e4dfd8 c00347c8 c00347cc 60000013 ffffffff 00000001
[ 4922.483925] [<c0032f78>] (__irq_svc+0x38/0x140) from [<c00347cc>] (default_idle+0x24/0x28)
[ 4922.483937] [<c00347cc>] (default_idle+0x24/0x28) from [<c0034ab0>] (cpu_idle+0x94/0xc8)
[ 4922.483954] [<c0034ab0>] (cpu_idle+0x94/0xc8) from [<4020809c>] (0x4020809c)
[ 4923.458620]  DISPLAY PC, LR in KERNEL Level
[ 4923.462806] pc:bf183f24, ra:bf1e2884
[ 4923.466383] --------------------------------------------------------------------------------------
[ 4923.475350] PC meminfo in kernel(0xbf183b24 to 0xbf183f24)
[ 4923.480839] 3b20:          e34bef1b e59e2000 e2022004 eaffffe7 e3002107 e3570006 11570002 
[ 4923.489229] 3b40: 1a000003 e1a00006 e1a01008 eb007491 eafffef7 e3590001 035700e5 1affffa2 
[ 4923.497618] 3b60: e5d4ce4c e5941e48 e1a00c0c e1803421 e3730001 1affff9c e1a00004 e1a01008 
[ 4923.506007] 3b80: e1a0200a ebfffe4b eafffee9 e92d40f0 e30136dc e1a04000 e5906b3c e5900b44 
[ 4923.514396] 3ba0: e24dd01c e7942003 e3560000 e2801001 e3a00000 e2822001 e5c40b50 e5841b44 
[ 4923.522786] 3bc0: e7842003 0a000050 e5965020 e30116f8 e1550000 13a02116 15852000 e19430b1 
[ 4923.531175] 3be0: e30f52e8 e34b5f1b e30126e0 e283ceb7 e595e000 e084008c e301c6e2 e31e0004 
[ 4923.539564] 3c00: e1d010b4 e18410b2 e1d0e0be e184e0bc 0a00001d e300255c e34b2f1c e5923000 
[ 4923.547953] 3c20: e3530000 0a000006 e3a00000 e28d1014 e28d2010 e12fff33 e5950000 e3100004 
[ 4923.556342] 3c40: 0a000011 e300c554 e34bcf1c e59cc000 e35c0000 0a00000c e30116e0 e30176e2 
[ 4923.564731] 3c60: e30a24d8 e3a00000 e19430b1 e34b2f1b e194e0b7 e3a01004 e59d7010 e98d4008 
[ 4923.573119] 3c80: e58d7000 e59d3014 e12fff3c e5966008 e3560000 0a00000f e5952000 e3120004 
[ 4923.581508] 3ca0: 0a00000c e3000554 e34b0f1c e590c000 e35c0000 0a000007 e5d6e006 e3092ffc 
[ 4923.589897] 3cc0: e5d63005 e3a00000 e3a01004 e34b2f1b e58de000 e12fff3c e1a00004 e3a01002 
[ 4923.598287] 3ce0: ebfff8a6 e5943208 e3530001 0a000016 e3560000 05d43044 0a000008 e1a00006 
[ 4923.606676] 3d00: e3a0114a e3a02000 ebfff880 e28dd01c e8bd80f0 e5b40004 e3500000 1a000006 
[ 4923.615065] 3d20: e353000f 91a02003 83a02010 e1560002 e2866001 bafffff6 e3a00000 e3a0114a 
[ 4923.623454] 3d40: e3a02000 ebfff871 eaffffef e1a00004 ebfff542 eaffffec e92d47f0 e280aeb6 
[ 4923.631843] 3d60: e1a04000 e3a07000 e28aa00c ea000016 e59431bc e5949000 e3530000 e59481c0 
[ 4923.640232] 3d80: 0a000002 e1a00009 e5941b74 e12fff33 e5953000 e3580000 e5952004 e5823000 
[ 4923.648621] 3da0: e5832004 e5857000 e5857004 0a000002 e1a00009 e5941b74 e12fff38 e5867020 
[ 4923.657010] 3dc0: e1a00004 e1a01006 ebfffd4b e59431bc e5949000 e3530000 e59481c0 0a000002 
[ 4923.665399] 3de0: e1a00009 e5941b74 e12fff33 e5945b70 e155000a 03a06000 11a06005 01a05006 
[ 4923.673788] 3e00: e3580000 0a000002 e1a00009 e5941b74 e12fff38 e3560000 1affffd4 e5941b40 
[ 4923.682176] 3e20: e59421bc e5940000 e12fff32 e5846b78 e594c1c0 e5940000 e5941b40 e12fff3c 
[ 4923.690565] 3e40: e8bd87f0 e92d4ff0 e30f72e8 e34b7f1b e24dd004 e1a05000 e5973000 e3130080 
[ 4923.698955] 3e60: 0a000009 e3000554 e34b0f1c e5903000 e3530000 0a000004 e30a2508 e3a00000 
[ 4923.707343] 3e80: e3a01080 e34b2f1b e12fff33 e59521bc e5950000 e5951b40 e12fff32 e5952b3c 
[ 4923.715732] 3ea0: e3520000 0a000005 e5924020 e3540000 0a000002 e5941008 e3510801 0a000064 
[ 4923.724121] 3ec0: e2856eb6 e300b554 e3a0811e e34bbf1c e59531bc e5959000 e3530000 e595a1c0 
[ 4923.732510] 3ee0: 0a000002 e1a00009 e5951b68 e12fff33 e5954b64 e1540006 03a04000 e35a0000 
[ 4923.740899] 3f00: 0a000002 e1a00009 e5951b68 e12fff3a e3540000 0a00000d e1540006 0a00000b 
[ 4923.749288] 3f20: e5943020 e593e008                                                       
[ 4923.757686] --------------------------------------------------------------------------------------
[ 4923.766651] LR meminfo in kernel(0xbf1e2084 to 0xbf1e2884)
[ 4923.772140] 2080:          e3530001 15821000 11a08001 01a08003 e300080c ebffdcd7 e2506000 
[ 4923.780529] 20a0: 0a000074 e5964010 e3080568 e34b0f21 e3a0201f e3402020 e3a01602 e5842000 
[ 4923.788918] 20c0: e3a0e001 e590c000 e3a03000 e5861008 e3a02008 e586e00c e1a01006 e35c0b02 
[ 4923.797307] 20e0: b3a0cb02 e1c430b6 e1c4c0b8 e3a03000 e3a0cc02 e1c420ba e3a0effa e1c431b0 
[ 4923.805696] 2100: e1c4e0bc e3a02008 e1c4c1b2 e3a0e0c8 e1c421b4 e1a0000a e3a02002 e1c480b4 
[ 4923.814085] 2120: e1c480be e1c4e1b6 ebffe9a5 e5963000 e3530000 02842004 02873e17 13a03e17 
[ 4923.822474] 2140: 13a02000 08920007 118720b3 08a30003 01a01003 01c120b0 e596c000 e35c0000 
[ 4923.830863] 2160: 1300c17a 13a02000 118720bc 1a000036 e300317a e197c0b3 e15c0008 0a000032 
[ 4923.839252] 2180: e597c088 e3a02001 e5c72184 e35c0000 0a000023 e597002c e3500000 0a000002 
[ 4923.847641] 21a0: eb4497fd e597002c eb449a17 e597003c e3500000 0a000002 eb4497f7 e597003c 
[ 4923.856030] 21c0: eb449a11 e597004c e3500000 0a000002 eb4497f1 e597004c eb449a0b e597005c 
[ 4923.864419] 21e0: e3500000 0a000002 eb4497eb e597005c eb449a05 e597006c e3500000 0a000002 
[ 4923.872808] 2200: eb4497e5 e597006c eb4499ff e597007c e3500000 0a000002 eb4497df e597007c 
[ 4923.881197] 2220: eb4499f9 e287ef5e e284100e e28e0002 e3a0200a eb428b89 e5971088 e3510000 
[ 4923.889586] 2240: 0a000019 e3a00000 e5c70184 e1a00006 eb3c76c9 e3a00000 e8bd85f8 e30709ec 
[ 4923.897974] 2260: e34b0f21 e5903000 e3130004 1a000011 e3e00000 e8bd85f8 e3e00000 e8bd85f8 
[ 4923.906363] 2280: e30729ec e34b2f21 e5921000 e3110004 0afffff6 e3000a74 e59f102c e34b0f21 
[ 4923.914753] 22a0: eb4c020c e3e00000 e8bd85f8 e1a00005 eb00a653 eaffffe2 e3000a54 e34b0f21 
[ 4923.923141] 22c0: eb4c0204 e3e00000 e8bd85f8 bf20c938 e92d4010 e1a04000 e590101c e5900020 
[ 4923.931530] 22e0: e12fff31 e5943028 e3530001 0a000004 e3a0c001 e3a0e000 e584c02c e584e024 
[ 4923.939919] 2300: e8bd8010 e5941024 e3a000fa e304cdd3 e3082080 e341c062 e34c2067 e0030190 
[ 4923.948308] 2320: e5922000 e1a00004 e08ec39c e082132e e8bd4010 ea3a0faa e92d4070 e1a0c00d 
[ 4923.956697] 2340: e3cc5d7f e1a04000 e3c5203f e1a05001 e1a06003 e5921004 e3c104fe e3c030ff 
[ 4923.965086] 2360: e3530000 1a000002 e10fe000 e31e0080 0a00000d e3a01020 e1a00005 eb3c7a67 
[ 4923.973475] 2380: e3500000 e5860000 0a000012 e284c0c8 e19c2f9f e2822001 e18c1f92 e3310000 
[ 4923.981864] 23a0: 1afffffa e3a00000 e8bd8070 e30e3158 e1a00005 e34c3079 e5931000 e3510000 
[ 4923.990252] 23c0: 13a01020 03a010d0 eb3c7a54 e3500000 e5860000 1affffec e30719ec e34b1f21 
[ 4923.998641] 23e0: e5910000 e3100004 1a000001 e3e00000 e8bd8070 e3000a90 e30c194c e34b0f21 
[ 4924.007030] 2400: e34b1f20 e1a02005 eb4c01b2 e3e00000 e8bd8070 e3510000 e92d4010 e1a04000 
[ 4924.015419] 2420: 0a000009 e1a00001 eb3c7653 e28430c8 e1932f9f e2422001 e1831f92 e3310000 
[ 4924.023808] 2440: 1afffffa e3a00000 e8bd8010 e3e00000 e8bd8010 e92d4070 e1a05000 e1a00001 
[ 4924.032197] 2460: e1a06002 e1a04001 eb3c58cf e3500000 e5860000 0a000007 e285c0cc e19c2f9f 
[ 4924.040586] 2480: e2822001 e18c1f92 e3310000 1afffffa e3a00000 e8bd8070 e30709ec e34b0f21 
[ 4924.048975] 24a0: e5903000 e3130004 1a000001 e3e00000 e8bd8070 e3000abc e59f1010 e34b0f21 
[ 4924.057364] 24c0: e1a02004 eb4c0183 e3e00000 e8bd8070 bf20c958 e3510000 e92d4010 e1a04000 
[ 4924.065753] 24e0: 0a000009 e1a00001 eb3c57e6 e28430cc e1932f9f e2422001 e1831f92 e3310000 
[ 4924.074141] 2500: 1afffffa e3a00000 e8bd8010 e3e00000 e8bd8010 e3530000 13510000 e92d4010 
[ 4924.082530] 2520: e1a04001 0a000003 e1a00001 e1a01002 e1a02003 eb428c71 e1a00004 e8bd8010 
[ 4924.090920] 2540: e3520000 13510000 0a000001 e3530000 1a000001 e1a00001 e12fff1e e1a00001 
[ 4924.099308] 2560: e1a01002 e1a02003 ea428abc e3520000 13510000 0a000001 e3530000 1a000001 
[ 4924.107697] 2580: e1a00001 e12fff1e e1a00001 e1a01002 e1a02003 ea428b7d e1a00001 e1a01002 
[ 4924.116086] 25a0: e1a02003 ea42aa8c e3510ffa e92d4070 e1a04001 3a000015 e3042dd3 e30f0e38 
[ 4924.124475] 25c0: e3412062 e3400fff e0832192 e1a01323 e2416001 eb42879a e2565000 e2066001 
[ 4924.132864] 25e0: 0a00000a e3560000 1a000003 e30f0e38 e2455001 e3400fff eb428791 e30f0e38 
[ 4924.141253] 2600: e3400fff eb42878e e2555001 1afffff6 e3043dd3 e3a00ffa e3413062 e0812493 
[ 4924.149642] 2620: e1a0c321 e0604c90 e3500000 08bd8070 e8bd4070 ea428780 e92d4030 e24dd00c 
[ 4924.158031] 2640: e1a0000d e1a05002 e1a04001 eb3a6087 e59d3004 e3a00000 e59d2000 e5842000 
[ 4924.166420] 2660: e5853000 e28dd00c e8bd8030 e30a0400 e34c0068 e92d40f8 e1a04001 e590000c 
[ 4924.174809] 2680: e3a010d0 e1a05002 e1a07003 eb3c79e2 e2506000 0a000010 e3a01000 e1a02001 
[ 4924.183198] 26a0: eb3a0c7f e3a03000 e30212d0 e5866014 e34b1f1e e586501c e5861010 e3a02001 
[ 4924.191586] 26c0: e5867020 e1a00003 e586202c e5863024 e5863028 e5846000 e8bd80f8 e3e00000 
[ 4924.199975] 26e0: e8bd80f8 e92d4038 e2514000 0a000004 e594502c e3550000 0a000003 e1a00004 
[ 4924.208364] 2700: eb3c759d e3a00000 e8bd8038 e5943024 e3530000 0afffff8 e1a00004 eb3a0e89 
[ 4924.216753] 2720: e3a00001 e5845024 e584002c eafffff2 e92d4010 e2514000 0a000010 e3a000fa 
[ 4924.225142] 2740: e304edd3 e341e062 e5843024 e0010390 e308c080 e34cc067 e5842028 e1a00004 
[ 4924.233531] 2760: e59c2000 e08e319e e082132e eb3a0e9c e3a03000 e1a00003 e584302c e8bd8010 
[ 4924.241919] 2780: e3e00000 e8bd8010 e92d4010 e2514000 0a000006 e1a00004 eb3a0e6a e3a00000 
[ 4924.250308] 27a0: e3a03001 e5840024 e584302c e8bd8010 e3e00000 e8bd8010 e92d4038 e30a3400 
[ 4924.258697] 27c0: e34c3068 e1a04000 e1a05001 e3a01020 e5930004 eb3c7990 e2502000 0a000009 
[ 4924.267086] 27e0: e3a00000 e284c0c4 e5820000 e5852000 e19c2f9f e2822001 e18c1f92 e3310000 
[ 4924.275475] 2800: 1afffffa e8bd8038 e3e00000 e8bd8038 e3510000 e92d4010 e1a04000 0a000007 
[ 4924.283864] 2820: e1a00001 eb3c7554 e28430c4 e1932f9f e2422001 e1831f92 e3310000 1afffffa 
[ 4924.292253] 2840: e3a00000 e8bd8010 e92d4010 e2514000 03e03000 0a000003 e1a00004 eb4c0a0f 
[ 4924.300641] 2860: e3a03000 e5840004 e1a00003 e8bd8010 e2510000 e92d4008 0a000003 e5901004 
[ 4924.309031] 2880: eb4c0a1c e3a00000                                                       
[ 4924.317417] --------------------------------------------------------------------------------------
[ 4924.326382] 
[ 4924.327875] Internal error: Oops: 17 [#1] SMP
[ 4924.332236] last sysfs file: /sys/devices/platform/Mstar-ehci-2.1/usb1/1-1/net/wlan0/statistics/rx_packets
[ 4924.341897] Modules linked in:
[ 4924.344966]  cw880_drv cwQ snd_bt_sco vinput_drv smsc9500 smscusbnet usb8xxx mlan(P) cfg80211 compat bcm203x btusb sco bnep rfcomm hidp l2cap bluetooth rfkill ehci_hcd usb_storage ntfs_3g mali ump mdrv_ir mdrv_software_ir rc_coship_dvb
[ 4924.366197] CPU: 0    Tainted: P             (2.6.35.13+ #11)
[ 4924.372066] PC is at wlan_cancel_pending_scan_cmd+0xe0/0x280 [mlan]
[ 4924.378508] LR is at moal_spin_unlock+0x14/0x24 [usb8xxx]
[ 4924.383914] pc : [<bf183f24>]    lr : [<bf1e2884>]    psr: 80000093
[ 4924.383917] sp : c67f5aa8  ip : 00010006  fp : bf1c0554
[ 4924.395413] r10: bf1e2870  r9 : d17ea400  r8 : 80000007
[ 4924.400643] r7 : bf1bf2e8  r6 : ed9f7b60  r5 : ed9f7000  r4 : d17ea9f8
[ 4924.407176] r3 : 00000000  r2 : 00000001  r1 : a0000093  r0 : 00000000
[ 4924.413711] Flags: Nzcv  IRQs off  FIQs on  Mode SVC_32  ISA ARM  Segment user
[ 4924.420940] Control: 18c53c7d  Table: 46a0004a  DAC: 00000015
[ 4924.426690] 
[ 4924.426692] SP: 0xc67f5a28:
[ 4924.430975] 5a28  00010003 00000000 00010004 00000000 00010005 00000000 00010006 00000000
[ 4924.439279] 5a48  ffffffff c67f5a94 ed9f7b60 bf1bf2e8 80000007 c0032f2c 00000000 a0000093
[ 4924.447581] 5a68  00000001 00000000 d17ea9f8 ed9f7000 ed9f7b60 bf1bf2e8 80000007 d17ea400
[ 4924.455883] 5a88  bf1e2870 bf1c0554 00010006 c67f5aa8 bf1e2884 bf183f24 80000093 ffffffff
[ 4924.464186] 5aa8  00010126 d2b88460 d17ea400 ed9f7000 d2b88494 ed9fb000 00000001 40000013
[ 4924.472488] 5ac8  00000088 bf1a60d8 60000013 00000001 00000000 c0fc7474 c67f4000 c67f4000
[ 4924.480790] 5ae8  000200d0 c00307f4 00000000 00000000 c06b13cc ce730360 d17ea400 d2b88460
[ 4924.489092] 5b08  00000001 d2b88484 00000001 40000013 00000088 bf17f22c 40000013 bf1dc854
[ 4924.497395] 
[ 4924.497397] R4: 0xd17ea978:
[ 4924.501680] a978  00000000 c6835000 00000000 d19ff800 d2870000 d17ea8d8 d17ea824 ed9fb000
[ 4924.509982] a998  00000000 00000000 c7076000 00000000 d19ff800 d2870000 ed9f7b6c d17ea848
[ 4924.518284] a9b8  ed9fb000 00000000 00000000 c6748000 00000000 d19ff800 d2870000 d17ea86c
[ 4924.526586] a9d8  ed9f7b6c ed9fb000 00000000 00000000 ce995000 00000000 d19ff800 d2870000
[ 4924.534888] a9f8  ed9f7b60 d17eaa88 ed9fb000 00000000 00000000 c7083000 00000000 c6e48e78
[ 4924.543190] aa18  00000000 d17ea824 d17eaa40 ed9fb000 00000000 00000000 c6e57000 00000000
[ 4924.551491] aa38  d19ff800 d2870000 d17eaa1c d17eaaac ed9fb000 00000000 00000000 c6836000
[ 4924.559793] aa58  00000000 d19ff800 d2870000 d17ea944 d17ea800 ed9fb000 00000000 00000000
[ 4924.568095] 
[ 4924.568097] R5: 0xed9f6f80:
[ 4924.572380] 6f80  ******** ******** ******** ******** ******** ******** ******** ********
[ 4924.580689] 6fa0  ******** ******** ******** ******** ******** ******** ******** ********
[ 4924.588993] 6fc0  ******** ******** ******** ******** ******** ******** ******** ********
[ 4924.597296] 6fe0  ******** ******** ******** ******** ******** ******** ******** ********
[ 4924.605599] 7000  d17ea400 ed9fb000 ee4e0000 ee4e4000 00000000 00000000 00000000 00000000
[ 4924.613901] 7020  00000000 00000000 00000000 00000000 00000000 00000000 00000000 00000000
[ 4924.622203] 7040  00000000 00000003 d164ea40 d164ea80 d164e280 d164ea60 ed9f7058 ed9f7058
[ 4924.630505] 7060  d164e260 00000000 ed9f7068 ed9f7068 d164e240 00000000 00000000 00000000
[ 4924.638808] 
[ 4924.638809] R6: 0xed9f7ae0:
[ 4924.643092] 7ae0  00000000 00000000 00000000 00000000 00000000 00000000 00000000 00000000
[ 4924.651394] 7b00  00000000 00000000 00000000 00000000 00000000 00000000 00000000 00000000
[ 4924.659696] 7b20  00000000 00000000 00000000 00000000 00000000 14bd0000 d17ea800 00000000
[ 4924.667998] 7b40  d164e460 00000000 0000004d d17efb60 00000000 d17ea8b4 d17ea944 d164e2e0
[ 4924.676300] 7b60  d17ea968 d17ea9f8 d164e2c0 d17ea9d4 d17ea9b0 d164e2a0 00000001 00000000
[ 4924.684602] 7b80  0d020001 bf1bf564 05040001 bf1c014c 00005030 0e02ff01 bf1c01c8 1f04ff01
[ 4924.692904] 7ba0  bf1c0270 01140201 00140202 00140203 01140204 00140205 01140206 00140207
[ 4924.701207] 7bc0  01140208 01140209 0014020a 0114020b 0014020c 010a020d 0014020e 011e0495
[ 4924.709510] 
[ 4924.709512] R9: 0xd17ea380:
[ 4924.713795] a380  00000102 00000b34 00000102 00000b38 00000102 00000b3c 00000102 00000b40
[ 4924.722097] a3a0  00000102 00000b44 00000102 00000b48 00000102 00000b4c 00000102 00000b50
[ 4924.730399] a3c0  00000102 00000b54 00000102 00000b60 00000102 00000b64 00000102 00000b68
[ 4924.738701] a3e0  00000102 00000b6c 00000102 00000b70 00000102 00000b74 00000102 00000b78
[ 4924.747003] a400  ed9f7000 ce730360 ce733360 ce735360 00000000 00000000 00000000 00000000
[ 4924.755305] a420  00000000 00000000 00000000 00000000 00000000 00000000 00000000 00000000
[ 4924.763606] a440  00000000 00000003 00030007 d29cd6c0 bf20ed04 00000000 00000000 d29cd2a0
[ 4924.771908] a460  00000000 00000000 00000000 00000000 00000000 d261c468 00000000 00000000
[ 4924.780213] Process mrl_supplicant (pid: 1192, stack limit = 0xc67f42f0)
[ 4924.786920] Stack: (0xc67f5aa8 to 0xc67f6000)
[ 4924.791284] 5aa0:                   00010126 d2b88460 d17ea400 ed9f7000 d2b88494 ed9fb000
[ 4924.799472] 5ac0: 00000001 40000013 00000088 bf1a60d8 60000013 00000001 00000000 c0fc7474
[ 4924.807659] 5ae0: c67f4000 c67f4000 000200d0 c00307f4 00000000 00000000 c06b13cc ce730360
[ 4924.815847] 5b00: d17ea400 d2b88460 00000001 d2b88484 00000001 40000013 00000088 bf17f22c
[ 4924.824033] 5b20: 40000013 bf1dc854 60000013 00000001 00000000 c0fc7474 c67f4000 c67f4000
[ 4924.832220] 5b40: 000200d0 c00307f4 00000000 c00d7c8c 00000000 d17ea400 00000000 d2b88460
[ 4924.840406] 5b60: 00000001 00000000 00000001 00000000 00000088 bf1e05ec 00000000 c67f5c14
[ 4924.848593] 5b80: bf2069ec ce730360 ce730674 00000000 00000004 00000000 00000088 bf206a30
[ 4924.856781] 5ba0: 00000000 c00d7c8c 00000088 c0100ec0 c67f5c14 bf2069ec ce731000 ce730674
[ 4924.864968] 5bc0: 00000000 bf161858 000200d0 01300120 ce730000 ce73104c ce731000 c6f2f800
[ 4924.873154] 5be0: c67f5c14 00000004 00000014 bf161b64 00000000 ce731000 c6f2f800 ce731000
[ 4924.881342] 5c00: ce730000 00000000 c7158e10 bf158ab8 c67f5ca8 bf217c04 c7158e20 c7158e34
[ 4924.889529] 5c20: 00000006 00000000 c7158e40 00000016 00000001 00000002 000fac04 00000001
[ 4924.897716] 5c40: 000fac04 00000000 00000000 00000000 00000000 00000001 000fac02 00000000
[ 4924.905902] 5c60: 8e880000 00000000 00000000 00000000 bf167b8c bf167b8c bf168490 bf158958
[ 4924.914090] 5c80: ce9ffd60 bf13b358 00000024 c67f5cd0 5177cdab 000004a8 c7158e10 d1647400
[ 4924.922276] 5ca0: ce731000 ce730000 bf167b8c c7158e00 bf167b8c ce9ffd60 bf168490 c040653c
[ 4924.930463] 5cc0: bf165104 c040502c 00000000 c660e000 5177cdab 000004a8 c7158e00 c7158e10
[ 4924.938651] 5ce0: c7158e14 d1647400 c7158e00 ce9ffd60 c04063a0 c660e000 c079e400 c079e404
[ 4924.946837] 5d00: c67f5d24 c04059cc ce9ffd60 00000000 ce9ffd60 c0406398 d2f52800 c0405344
[ 4924.955024] 5d20: c67f4000 7fffffff 00000088 c67f5f5c c660e000 ce9ffd60 c67f5e10 00000088
[ 4924.963210] 5d40: 00000000 00000000 00000000 c0405548 00000000 c67f5d58 ce62d9e0 d2e96440
[ 4924.971398] 5d60: 000004a8 000003f2 000003f2 00000000 c6e8a140 00000000 00000000 00000088
[ 4924.979584] 5d80: 00000000 d2c3c540 c67f5efc c67f5f5c 00000008 c03db9f4 00000008 c03db8bc
[ 4924.987771] 5da0: 00000000 00000001 ffffffff 00000000 00000000 00000000 00000000 00000000
[ 4924.995957] 5dc0: c67b4140 00000000 00000000 00000000 c67b4140 00000000 c67f5e10 00000000
[ 4925.004144] 5de0: 00000000 00000025 c67f5e20 d2c63de0 c67f4000 c67f5f5c 00000003 c03db9f4
[ 4925.012331] 5e00: c67f4000 c069f35c 00000000 00000001 ffffffff 00000000 00000000 00000088
[ 4925.020518] 5e20: d2c3c540 00000000 c67f5d58 c67f5f5c c67f5e7c c67f5efc c67f5e7c 00000001
[ 4925.028704] 5e40: c00336e8 c67f5efc 00000008 00000000 c67f5f5c c67f4000 d2c3c540 00000000
[ 4925.036890] 5e60: c67f5efc 00000088 00000000 c03dd2f8 c67f5f3c c67f5f3c 000aecb4 00000010
[ 4925.045076] 5e80: 00000000 00000000 00000000 6f732f69 74656b63 70772f73 74635f61 395f6c72
[ 4925.053263] 5ea0: 322d3733 be840000 00000060 000c0178 00000060 c67f5f04 be84e6f0 00000025
[ 4925.061449] 5ec0: be84eb5c d2c63de0 00000000 00000000 00000000 c03dced4 00000060 00000002
[ 4925.069635] 5ee0: d2a78998 c000a9a8 c67f5f80 00000060 00000063 c01069bc 00000000 000c3648
[ 4925.077823] 5f00: 00000000 00000fdc 00000000 00071f93 0000000f be84e71c 00000050 c011b03c
[ 4925.086009] 5f20: 00000000 c079bdf0 c079bdf0 c079bdf0 00000000 00000000 000000d4 000000d4
[ 4925.094196] 5f40: 00000003 c67f5f80 00000000 be84ea24 00000129 00000000 c67f4000 c67f5e7c
[ 4925.102382] 5f60: 0000000c c67f5efc 00000001 00000000 00000000 00000000 00000000 ffffff97
[ 4925.110568] 5f80: 00000008 000a5bd8 000aecb4 000c3588 00000128 c00336e8 c67f4000 00000000
[ 4925.118754] 5fa0: 00000003 c0033540 000a5bd8 000aecb4 00000004 be84eaec 00000000 00000001
[ 4925.126940] 5fc0: 000a5bd8 000aecb4 000c3588 00000128 00000000 000c3588 000a5bd8 00000003
[ 4925.135128] 5fe0: 000a5f98 be84ead8 00069eb1 4000d0b4 60000010 00000004 00000000 00000000
[ 4925.143312] Stack: 
[ 4925.145412]                   00010126 d2b88460 d17ea400 ed9f7000 d2b88494 ed9fb000 
[ 4925.153266] 00000001 40000013 00000088 bf1a60d8 60000013 00000001 00000000 c0fc7474 
[ 4925.161131] c67f4000 c67f4000 000200d0 c00307f4 00000000 00000000 c06b13cc ce730360 
[ 4925.168984] d17ea400 d2b88460 00000001 d2b88484 00000001 40000013 00000088 bf17f22c 
[ 4925.176838] 40000013 bf1dc854 60000013 00000001 00000000 c0fc7474 c67f4000 c67f4000 
[ 4925.184692] 000200d0 c00307f4 00000000 c00d7c8c 00000000 d17ea400 00000000 d2b88460 
[ 4925.192545] 00000001 00000000 00000001 00000000 00000088 bf1e05ec 00000000 c67f5c14 
[ 4925.200399] bf2069ec ce730360 ce730674 00000000 00000004 00000000 00000088 bf206a30 
[ 4925.208252] 00000000 c00d7c8c 00000088 c0100ec0 c67f5c14 bf2069ec ce731000 ce730674 
[ 4925.216106] 00000000 bf161858 000200d0 01300120 ce730000 ce73104c ce731000 c6f2f800 
[ 4925.223960] c67f5c14 00000004 00000014 bf161b64 00000000 ce731000 c6f2f800 ce731000 
[ 4925.231813] ce730000 00000000 c7158e10 bf158ab8 c67f5ca8 bf217c04 c7158e20 c7158e34 
[ 4925.239667] 00000006 00000000 c7158e40 00000016 00000001 00000002 000fac04 00000001 
[ 4925.247520] 000fac04 00000000 00000000 00000000 00000000 00000001 000fac02 00000000 
[ 4925.255373] 8e880000 00000000 00000000 00000000 bf167b8c bf167b8c bf168490 bf158958 
[ 4925.263227] ce9ffd60 bf13b358 00000024 c67f5cd0 5177cdab 000004a8 c7158e10 d1647400 
[ 4925.271080] ce731000 ce730000 bf167b8c c7158e00 bf167b8c ce9ffd60 bf168490 c040653c 
[ 4925.278934] bf165104 c040502c 00000000 c660e000 5177cdab 000004a8 c7158e00 c7158e10 
[ 4925.286788] c7158e14 d1647400 c7158e00 ce9ffd60 c04063a0 c660e000 c079e400 c079e404 
[ 4925.294642] c67f5d24 c04059cc ce9ffd60 00000000 ce9ffd60 c0406398 d2f52800 c0405344 
[ 4925.302495] c67f4000 7fffffff 00000088 c67f5f5c c660e000 ce9ffd60 c67f5e10 00000088 
[ 4925.310349] 00000000 00000000 00000000 c0405548 00000000 c67f5d58 ce62d9e0 d2e96440 
[ 4925.318202] 000004a8 000003f2 000003f2 00000000 c6e8a140 00000000 00000000 00000088 
[ 4925.326055] 00000000 d2c3c540 c67f5efc c67f5f5c 00000008 c03db9f4 00000008 c03db8bc 
[ 4925.333909] 00000000 00000001 ffffffff 00000000 00000000 00000000 00000000 00000000 
[ 4925.341762] c67b4140 00000000 00000000 00000000 c67b4140 00000000 c67f5e10 00000000 
[ 4925.349615] 00000000 00000025 c67f5e20 d2c63de0 c67f4000 c67f5f5c 00000003 c03db9f4 
[ 4925.357469] c67f4000 c069f35c 00000000 00000001 ffffffff 00000000 00000000 00000088 
[ 4925.365322] d2c3c540 00000000 c67f5d58 c67f5f5c c67f5e7c c67f5efc c67f5e7c 00000001 
[ 4925.373176] c00336e8 c67f5efc 00000008 00000000 c67f5f5c c67f4000 d2c3c540 00000000 
[ 4925.381029] c67f5efc 00000088 00000000 c03dd2f8 c67f5f3c c67f5f3c 000aecb4 00000010 
[ 4925.388882] 00000000 00000000 00000000 6f732f69 74656b63 70772f73 74635f61 395f6c72 
[ 4925.396736] 322d3733 be840000 00000060 000c0178 00000060 c67f5f04 be84e6f0 00000025 
[ 4925.404589] be84eb5c d2c63de0 00000000 00000000 00000000 c03dced4 00000060 00000002 
[ 4925.412443] d2a78998 c000a9a8 c67f5f80 00000060 00000063 c01069bc 00000000 000c3648 
[ 4925.420296] 00000000 00000fdc 00000000 00071f93 0000000f be84e71c 00000050 c011b03c 
[ 4925.428149] 00000000 c079bdf0 c079bdf0 c079bdf0 00000000 00000000 000000d4 000000d4 
[ 4925.436003] 00000003 c67f5f80 00000000 be84ea24 00000129 00000000 c67f4000 c67f5e7c 
[ 4925.443856] 0000000c c67f5efc 00000001 00000000 00000000 00000000 00000000 ffffff97 
[ 4925.451709] 00000008 000a5bd8 000aecb4 000c3588 00000128 c00336e8 c67f4000 00000000 
[ 4925.459563] 00000003 c0033540 000a5bd8 000aecb4 00000004 be84eaec 00000000 00000001 
[ 4925.467416] 000a5bd8 000aecb4 000c3588 00000128 00000000 000c3588 000a5bd8 00000003 
[ 4925.475270] 000a5f98 be84ead8 00069eb1 4000d0b4 60000010 00000004 00000000 00000000 
[ 4925.483123] 00000000                                                                
[ 4925.490975] Call Trace:
[ 4925.493528] [<bf183f24>] (wlan_cancel_pending_scan_cmd+0xe0/0x280 [mlan]) from [<bf1a60d8>] (wlan_ops_sta_ioctl+0x1898/0x34f8 [mlan])
[ 4925.505589] [<bf1a60d8>] (wlan_ops_sta_ioctl+0x1898/0x34f8 [mlan]) from [<bf17f22c>] (mlan_ioctl+0x30/0x90 [mlan])
[ 4925.516041] [<bf17f22c>] (mlan_ioctl+0x30/0x90 [mlan]) from [<bf1dc854>] (woal_request_ioctl+0x90/0x894 [usb8xxx])
[ 4925.526490] [<bf1dc854>] (woal_request_ioctl+0x90/0x894 [usb8xxx]) from [<bf1e05ec>] (woal_cancel_scan+0x6c/0xec [usb8xxx])
[ 4925.537721] [<bf1e05ec>] (woal_cancel_scan+0x6c/0xec [usb8xxx]) from [<bf206a30>] (woal_cfg80211_connect+0x44/0x200 [usb8xxx])
[ 4925.549256] [<bf206a30>] (woal_cfg80211_connect+0x44/0x200 [usb8xxx]) from [<bf161858>] (__cfg80211_connect+0xa8/0x368 [cfg80211])
[ 4925.561054] [<bf161858>] (__cfg80211_connect+0xa8/0x368 [cfg80211]) from [<bf161b64>] (cfg80211_connect+0x4c/0x70 [cfg80211])
[ 4925.572409] [<bf161b64>] (cfg80211_connect+0x4c/0x70 [cfg80211]) from [<bf158ab8>] (nl80211_connect+0x160/0x1c0 [cfg80211])
[ 4925.583596] [<bf158ab8>] (nl80211_connect+0x160/0x1c0 [cfg80211]) from [<bf13b358>] (nl_doit_wrapper+0x134/0x158 [compat])
[ 4925.594665] [<bf13b358>] (nl_doit_wrapper+0x134/0x158 [compat]) from [<c040653c>] (genl_rcv_msg+0x19c/0x1bc)
[ 4925.604508] [<c040653c>] (genl_rcv_msg+0x19c/0x1bc) from [<c04059cc>] (netlink_rcv_skb+0xbc/0xd8)
[ 4925.613393] [<c04059cc>] (netlink_rcv_skb+0xbc/0xd8) from [<c0406398>] (genl_rcv+0x1c/0x24)
[ 4925.621755] [<c0406398>] (genl_rcv+0x1c/0x24) from [<c0405344>] (netlink_unicast+0x2e0/0x334)
[ 4925.630291] [<c0405344>] (netlink_unicast+0x2e0/0x334) from [<c0405548>] (netlink_sendmsg+0x1b0/0x2a0)
[ 4925.639622] [<c0405548>] (netlink_sendmsg+0x1b0/0x2a0) from [<c03db9f4>] (sock_sendmsg+0x9c/0xbc)
[ 4925.648508] [<c03db9f4>] (sock_sendmsg+0x9c/0xbc) from [<c03dd2f8>] (sys_sendmsg+0x128/0x254)
[ 4925.657047] [<c03dd2f8>] (sys_sendmsg+0x128/0x254) from [<c0033540>] (ret_fast_syscall+0x0/0x30)
[ 4925.665844] Code: 0a00000d e1540006 0a00000b e5943020 (e593e008) 
[ 4925.671946] [SELP] while loop ... please attach T32...
