V/DownloadThread( 1267): read_front--->
V/DownloadThread( 1267): read_bytesRead--->8192
V/DownloadThread( 1267): read_front--->
V/DownloadThread( 1267): read_bytesRead--->8192
V/DownloadThread( 1267): read_front--->
V/DownloadThread( 1267): read_bytesRead--->8192
V/DownloadThread( 1267): read_front--->
V/DownloadThread( 1267): read_bytesRead--->8192
V/DownloadThread( 1267): read_front--->
V/DownloadThread( 1267): read_bytesRead--->8192
V/DownloadThread( 1267): read_front--->
V/DownloadThread( 1267): read_bytesRead--->5112
V/DownloadThread( 1267): read_front--->
V/DownloadThread( 1267): read_bytesRead--->8192
V/DownloadThread( 1267): read_front--->
V/DownloadThread( 1267): read_bytesRead--->8192
V/DownloadThread( 1267): read_front--->
V/DownloadThread( 1267): read_bytesRead--->8192
V/DownloadThread( 1267): read_front--->
V/DownloadThread( 1267): read_bytesRead--->8192
V/DownloadThread( 1267): read_front--->
V/DownloadThread( 1267): read_bytesRead--->8192
V/DownloadThread( 1267): read_front--->
V/DownloadThread( 1267): read_bytesRead--->8192
V/DownloadThread( 1267): read_front--->
V/DownloadThread( 1267): read_bytesRead--->8192
V/DownloadThread( 1267): read_front--->
V/DownloadThread( 1267): read_bytesRead--->3976
V/DownloadThread( 1267): read_front--->
V/DownloadThread( 1267): read_bytesRead--->8192
V/DownloadThread( 1267): read_front--->
V/DownloadThread( 1267): read_bytesRead--->8192
V/DownloadThread( 1267): read_front--->
V/DownloadThread( 1267): read_bytesRead--->8192
V/DownloadThread( 1267): read_front--->
V/DownloadThread( 1267): read_bytesRead--->6976
V/DownloadThread( 1267): read_front--->
V/DownloadThread( 1267): read_bytesRead--->8192
V/DownloadThread( 1267): read_front--->
V/DownloadThread( 1267): read_bytesRead--->4056
V/DownloadThread( 1267): read_front--->
D/dalvikvm( 1691): GC_CONCURRENT freed 737K, 65% free 2754K/7683K, paused 21ms+15ms
V/DownloadThread( 1267): read_bytesRead--->1460
V/DownloadThread( 1267): read_front--->
V/DownloadThread( 1267): read_bytesRead--->2920
V/DownloadThread( 1267): read_front--->
V/DownloadThread( 1267): read_bytesRead--->1460
V/DownloadThread( 1267): read_front--->
V/DownloadThread( 1267): read_bytesRead--->1460
V/DownloadThread( 1267): read_bytesRead--->8192
V/DownloadThread( 1267): read_front--->
V/DownloadThread( 1267): read_bytesRead--->8192
V/DownloadThread( 1267): read_front--->
V/DownloadThread( 1267): read_bytesRead--->8192
V/DownloadThread( 1267): read_front--->
V/DownloadThread( 1267): read_bytesRead--->3164
V/DownloadThread( 1267): read_front--->
V/DownloadThread( 1267): read_front--->
V/DownloadThread( 1267): read_bytesRead--->8192
V/DownloadThread( 1267): read_front--->
V/DownloadThread( 1267): read_bytesRead--->8192
V/DownloadThread( 1267): read_front--->
V/DownloadThread( 1267): read_bytesRead--->6976
V/DownloadThread( 1267): read_front--->
V/DownloadThread( 1267): read_bytesRead--->1460
V/DownloadThread( 1267): read_front--->
V/DownloadThread( 1267): read_bytesRead--->1460
V/DownloadThread( 1267): read_front--->
V/DownloadThread( 1267): read_bytesRead--->1460
V/DownloadThread( 1267): read_front--->
V/DownloadThread( 1267): read_bytesRead--->2920
V/DownloadThread( 1267): read_front--->
V/DownloadThread( 1267): read_bytesRead--->1460
V/DownloadThread( 1267): read_front--->
V/DownloadThread( 1267): read_front--->
V/DownloadThread( 1267): read_bytesRead--->8192
V/DownloadThread( 1267): read_front--->
V/DownloadThread( 1267): read_bytesRead--->8192
V/DownloadThread( 1267): read_front--->
V/DownloadThread( 1267): read_bytesRead--->8192
V/DownloadThread( 1267): read_front--->
V/DownloadThread( 1267): read_bytesRead--->8192
V/DownloadThread( 1267): read_front--->
V/DownloadThread( 1267): read_bytesRead--->8192
V/DownloadThread( 1267): read_front--->
V/DownloadThread( 1267): read_bytesRead--->7220
V/DownloadThread( 1267): read_front--->
V/DownloadThread( 1267): read_bytesRead--->8192
V/DownloadThread( 1267): read_front--->
V/DownloadThread( 1267): read_bytesRead--->8192
V/DownloadThread( 1267): read_front--->
V/DownloadThread( 1267): read_bytesRead--->8192
V/DownloadThread( 1267): read_front--->
V/DownloadThread( 1267): read_bytesRead--->8192
V/DownloadThread( 1267): read_front--->
V/DownloadThread( 1267): read_bytesRead--->8192
V/DownloadThread( 1267): read_front--->
V/DownloadThread( 1267): read_bytesRead--->8192
V/DownloadThread( 1267): read_front--->
V/DownloadThread( 1267): read_bytesRead--->8192
V/DownloadThread( 1267): read_front--->
V/DownloadThread( 1267): read_bytesRead--->8192
V/DownloadThread( 1267): read_front--->
V/DownloadThread( 1267): read_bytesRead--->8192
V/DownloadThread( 1267): read_front--->
V/DownloadThread( 1267): read_bytesRead--->3004
V/DownloadThread( 1267): read_front--->
V/DownloadThread( 1267): read_bytesRead--->8192
V/DownloadThread( 1267): read_front--->
V/DownloadThread( 1267): read_bytesRead--->8192
V/DownloadThread( 1267): read_front--->
V/DownloadThread( 1267): read_bytesRead--->1136
V/DownloadThread( 1267): read_front--->
V/DownloadThread( 1267): read_bytesRead--->7300
V/DownloadThread( 1267): read_front--->
V/DownloadThread( 1267): read_bytesRead--->8192
V/DownloadThread( 1267): read_front--->
V/DownloadThread( 1267): read_bytesRead--->568
V/DownloadThread( 1267): read_front--->
V/DownloadThread( 1267): read_bytesRead--->1460
V/DownloadThread( 1267): read_front--->
D/dalvikvm( 1691): GC_CONCURRENT freed 670K, 64% free 2788K/7683K, paused 3ms+2ms
V/DownloadThread( 1267): read_bytesRead--->4380
V/DownloadThread( 1267): read_front--->
V/DownloadThread( 1267): read_bytesRead--->2920
V/DownloadThread( 1267): read_front--->
V/DownloadThread( 1267): read_bytesRead--->7300
V/DownloadThread( 1267): read_front--->
V/DownloadThread( 1267): read_bytesRead--->5840
V/DownloadThread( 1267): read_front--->
V/DownloadThread( 1267): read_bytesRead--->4380
V/DownloadThread( 1267): read_front--->
V/DownloadThread( 1267): read_bytesRead--->1460
V/DownloadThread( 1267): read_front--->
V/DownloadThread( 1267): read_bytesRead--->8192
V/DownloadThread( 1267): read_front--->
V/DownloadThread( 1267): read_bytesRead--->4948
V/DownloadThread( 1267): read_front--->
V/DownloadThread( 1267): read_bytesRead--->1460
V/DownloadThread( 1267): read_front--->
V/DownloadThread( 1267): read_bytesRead--->5840
V/DownloadThread( 1267): read_front--->
V/DownloadThread( 1267): read_bytesRead--->1460
V/DownloadThread( 1267): read_front--->
V/DownloadThread( 1267): read_bytesRead--->2920
V/DownloadThread( 1267): read_front--->
V/DownloadThread( 1267): read_bytesRead--->1460
V/DownloadThread( 1267): read_front--->
V/DownloadThread( 1267): read_bytesRead--->1460
V/DownloadThread( 1267): read_front--->
V/DownloadThread( 1267): read_bytesRead--->1460
V/DownloadThread( 1267): read_front--->
V/DownloadThread( 1267): read_bytesRead--->4380
V/DownloadThread( 1267): read_front--->
V/DownloadThread( 1267): read_bytesRead--->1460
V/DownloadThread( 1267): read_front--->
V/DownloadThread( 1267): read_bytesRead--->1460
V/DownloadThread( 1267): read_front--->
V/DownloadThread( 1267): read_bytesRead--->5840
V/DownloadThread( 1267): read_front--->
V/DownloadThread( 1267): read_front--->
V/DownloadThread( 1267): read_bytesRead--->568
V/DownloadThread( 1267): read_front--->
V/DownloadThread( 1267): read_bytesRead--->1460
V/DownloadThread( 1267): read_front--->
V/DownloadThread( 1267): read_bytesRead--->1460
V/DownloadThread( 1267): read_front--->
V/DownloadThread( 1267): read_bytesRead--->1460
V/DownloadThread( 1267): read_front--->
V/DownloadThread( 1267): read_bytesRead--->1460
V/DownloadThread( 1267): read_front--->
V/DownloadThread( 1267): read_bytesRead--->2920
V/DownloadThread( 1267): read_front--->
V/DownloadTask( 1267): finishedThreadNum--->0
V/DownloadTask( 1267): mThreadNum--->2
D/NetFirmwareService( 1267): DownloadConstants.TASK_STATUS_RUNNING
D/NetFirmwareService( 1267): MSG_UPDATE_PACKAGE_STATUS_CHANGE
V/NetFirmwareService( 1267): percentValue--->42
I/NetFirmwareService( 1267): initPromtDialog_SHOW!
D/NetFirmwareService( 1267): Send broadcast of download progress.
E/WindowManager(  954): Unknown window type: 2131099651
V/DownloadThread( 1267): read_bytesRead--->8192
V/DownloadThread( 1267): read_front--->
V/DownloadThread( 1267): read_bytesRead--->8192
V/DownloadThread( 1267): read_front--->
V/DownloadThread( 1267): read_bytesRead--->7868
V/DownloadThread( 1267): read_front--->
V/DownloadThread( 1267): read_bytesRead--->8192
V/DownloadThread( 1267): read_front--->
V/DownloadThread( 1267): read_bytesRead--->8192
V/DownloadThread( 1267): read_front--->
V/DownloadThread( 1267): read_bytesRead--->8192
V/DownloadThread( 1267): read_front--->
V/DownloadThread( 1267): read_bytesRead--->8192
V/DownloadThread( 1267): read_front--->
V/DownloadThread( 1267): read_bytesRead--->5760
V/DownloadThread( 1267): read_front--->
V/DownloadThread( 1267): read_bytesRead--->1460
V/DownloadThread( 1267): read_front--->
V/DownloadThread( 1267): read_bytesRead--->1460
V/DownloadThread( 1267): read_front--->
V/DownloadThread( 1267): read_bytesRead--->8192
V/DownloadThread( 1267): read_front--->
V/DownloadThread( 1267): read_bytesRead--->8192
V/DownloadThread( 1267): read_front--->
V/DownloadThread( 1267): read_bytesRead--->8192
V/DownloadThread( 1267): read_front--->
V/DownloadThread( 1267): read_bytesRead--->8192
V/DownloadThread( 1267): read_front--->
V/DownloadThread( 1267): read_bytesRead--->1136
V/DownloadThread( 1267): read_front--->
V/DownloadThread( 1267): read_bytesRead--->2596
V/DownloadThread( 1267): read_front--->
V/DownloadThread( 1267): read_bytesRead--->1460
V/DownloadThread( 1267): read_front--->
V/DownloadThread( 1267): read_bytesRead--->1460
V/DownloadThread( 1267): read_front--->
D/NetUpdate( 1924): progressValue--->42
D/NetUpdate( 1924): mWriteSD--->false
D/NetUpdate( 1924): mBootCheckZipExist--->false
D/NetUpdate( 1924): progressValue--->42
D/NetUpdate( 1924): mWriteSD--->false
D/NetUpdate( 1924): mBootCheckZipExist--->false
V/DownloadThread( 1267): read_bytesRead--->8192
V/DownloadThread( 1267): read_front--->
V/DownloadThread( 1267): read_bytesRead--->8192
V/DownloadThread( 1267): read_front--->
V/DownloadThread( 1267): read_bytesRead--->8192
V/DownloadThread( 1267): read_front--->
V/DownloadThread( 1267): read_bytesRead--->8192
V/DownloadThread( 1267): read_front--->
V/DownloadThread( 1267): read_bytesRead--->8192
V/DownloadThread( 1267): read_front--->
V/DownloadThread( 1267): read_bytesRead--->8192
V/DownloadThread( 1267): read_bytesRead--->8192
V/DownloadThread( 1267): read_front--->
V/DownloadThread( 1267): read_front--->
V/DownloadThread( 1267): read_bytesRead--->8192
V/DownloadThread( 1267): read_front--->
V/DownloadThread( 1267): read_bytesRead--->8192
V/DownloadThread( 1267): read_front--->
V/DownloadThread( 1267): read_bytesRead--->8192
V/DownloadThread( 1267): read_front--->
V/DownloadThread( 1267): read_bytesRead--->4300
V/DownloadThread( 1267): read_front--->
V/DownloadThread( 1267): read_bytesRead--->1460
V/DownloadThread( 1267): read_front--->
V/DownloadThread( 1267): read_bytesRead--->1460
V/DownloadThread( 1267): read_front--->
V/DownloadThread( 1267): read_bytesRead--->8192
V/DownloadThread( 1267): read_front--->
V/DownloadThread( 1267): read_bytesRead--->3488
V/DownloadThread( 1267): read_front--->
V/DownloadThread( 1267): read_bytesRead--->1460
V/DownloadThread( 1267): read_front--->
V/DownloadThread( 1267): read_bytesRead--->7300
V/DownloadThread( 1267): read_front--->
V/DownloadThread( 1267): read_bytesRead--->8192
V/DownloadThread( 1267): read_front--->
V/DownloadThread( 1267): read_bytesRead--->568
V/DownloadThread( 1267): read_front--->
V/DownloadThread( 1267): read_bytesRead--->5840
V/DownloadThread( 1267): read_front--->
V/DownloadThread( 1267): read_bytesRead--->1460
V/DownloadThread( 1267): read_front--->
V/DownloadThread( 1267): read_bytesRead--->4380
V/DownloadThread( 1267): read_front--->
V/DownloadThread( 1267): read_bytesRead--->8192
V/DownloadThread( 1267): read_front--->
V/DownloadThread( 1267): read_bytesRead--->3488
V/DownloadThread( 1267): read_front--->
V/DownloadThread( 1267): read_bytesRead--->4380
V/DownloadThread( 1267): read_front--->
V/DownloadThread( 1267): read_bytesRead--->1460
V/DownloadThread( 1267): read_front--->
V/DownloadThread( 1267): read_bytesRead--->1460
V/DownloadThread( 1267): read_front--->
V/DownloadThread( 1267): read_bytesRead--->1460
V/DownloadThread( 1267): read_front--->
V/DownloadThread( 1267): read_bytesRead--->7300
V/DownloadThread( 1267): read_front--->
V/DownloadThread( 1267): read_bytesRead--->8192
V/DownloadThread( 1267): read_front--->
V/DownloadThread( 1267): read_bytesRead--->2028
V/DownloadThread( 1267): read_front--->
V/DownloadThread( 1267): read_bytesRead--->5840
V/DownloadThread( 1267): read_front--->
V/DownloadThread( 1267): read_bytesRead--->8192
V/DownloadThread( 1267): read_front--->
V/DownloadThread( 1267): read_bytesRead--->7868
V/DownloadThread( 1267): read_front--->
V/DownloadThread( 1267): read_bytesRead--->1460
V/DownloadThread( 1267): read_front--->
V/DownloadThread( 1267): read_bytesRead--->5840
V/DownloadThread( 1267): read_front--->
V/DownloadThread( 1267): read_bytesRead--->1460
V/DownloadThread( 1267): read_front--->
V/DownloadThread( 1267): read_bytesRead--->7300
V/DownloadThread( 1267): read_front--->
V/DownloadThread( 1267): read_bytesRead--->1460
V/DownloadThread( 1267): read_front--->
V/DownloadThread( 1267): read_bytesRead--->8192
V/DownloadThread( 1267): read_front--->
V/DownloadThread( 1267): read_bytesRead--->8192
V/DownloadThread( 1267): read_front--->
V/DownloadThread( 1267): read_bytesRead--->8192
V/DownloadThread( 1267): read_front--->
V/DownloadThread( 1267): read_bytesRead--->1136
V/DownloadThread( 1267): read_front--->
V/DownloadThread( 1267): read_bytesRead--->8192
V/DownloadThread( 1267): read_front--->
V/DownloadThread( 1267): read_bytesRead--->5516
V/DownloadThread( 1267): read_front--->
V/DownloadThread( 1267): read_bytesRead--->1460
V/DownloadThread( 1267): read_front--->
V/DownloadThread( 1267): read_bytesRead--->1460
V/DownloadThread( 1267): read_front--->
V/DownloadThread( 1267): read_bytesRead--->2920
V/DownloadThread( 1267): read_front--->
V/DownloadThread( 1267): read_bytesRead--->1460
V/DownloadThread( 1267): read_front--->
V/DownloadThread( 1267): read_bytesRead--->2920
V/DownloadThread( 1267): read_bytesRead--->1460
V/DownloadThread( 1267): read_front--->
V/DownloadThread( 1267): read_front--->
V/DownloadThread( 1267): read_bytesRead--->4380
V/DownloadThread( 1267): read_front--->
V/DownloadThread( 1267): read_bytesRead--->1460
V/DownloadThread( 1267): read_front--->
V/DownloadThread( 1267): read_bytesRead--->7300
V/DownloadThread( 1267): read_front--->
V/DownloadThread( 1267): read_front--->
V/DownloadThread( 1267): read_bytesRead--->5840
V/DownloadThread( 1267): read_front--->
V/DownloadThread( 1267): read_bytesRead--->2920
V/DownloadThread( 1267): read_front--->
V/DownloadThread( 1267): read_bytesRead--->1460
V/DownloadThread( 1267): read_front--->
V/DownloadThread( 1267): read_bytesRead--->4380
V/DownloadThread( 1267): read_front--->
V/DownloadThread( 1267): read_bytesRead--->8192
V/DownloadThread( 1267): read_front--->
V/DownloadThread( 1267): read_bytesRead--->568
V/DownloadThread( 1267): read_front--->
V/DownloadThread( 1267): read_bytesRead--->8192
V/DownloadThread( 1267): read_front--->
V/DownloadThread( 1267): read_bytesRead--->8192
V/DownloadThread( 1267): read_front--->
V/DownloadThread( 1267): read_bytesRead--->2596
V/DownloadThread( 1267): read_front--->
D/dalvikvm( 1691): GC_CONCURRENT freed 704K, 64% free 2793K/7683K, paused 7ms+3ms
V/DownloadThread( 1267): read_bytesRead--->8192
V/DownloadThread( 1267): read_front--->
V/DownloadThread( 1267): read_bytesRead--->8192
V/DownloadThread( 1267): read_front--->
V/DownloadThread( 1267): read_bytesRead--->8192
V/DownloadThread( 1267): read_front--->
V/DownloadThread( 1267): read_bytesRead--->1704
V/DownloadThread( 1267): read_front--->
V/DownloadThread( 1267): read_bytesRead--->8192
V/DownloadThread( 1267): read_front--->
V/DownloadThread( 1267): read_bytesRead--->4948
V/DownloadThread( 1267): read_front--->
V/DownloadThread( 1267): read_bytesRead--->1460
V/DownloadThread( 1267): read_front--->
V/DownloadThread( 1267): read_bytesRead--->256
V/DownloadThread( 1267): sendDataInStack
D/WriteDataInStorageThread( 1267): sendDataInStack --data length =524288 offset =133105029 file name = filePart1
D/WriteDataInStorageThread( 1267): write data  Pos=133105029   Length =524288  Thread =filePart1
V/DownloadThread( 1267): mCurrentWritePos--->133629317
V/DownloadThread( 1267): read_front--->
V/DownloadThread( 1267): read_bytesRead--->7936
V/DownloadThread( 1267): read_front--->
V/DownloadThread( 1267): read_bytesRead--->8192
V/DownloadThread( 1267): read_front--->
V/DownloadThread( 1267): read_bytesRead--->4056
V/DownloadThread( 1267): read_front--->
V/DownloadThread( 1267): read_bytesRead--->1460
V/DownloadThread( 1267): read_front--->
V/DownloadThread( 1267): read_bytesRead--->2920
V/DownloadThread( 1267): read_front--->
V/DownloadThread( 1267): read_bytesRead--->1460
V/DownloadThread( 1267): read_front--->
V/DownloadThread( 1267): read_bytesRead--->1460
V/DownloadThread( 1267): read_front--->
V/DownloadThread( 1267): read_bytesRead--->1460
V/DownloadThread( 1267): read_front--->
V/DownloadThread( 1267): read_bytesRead--->8192
V/DownloadThread( 1267): read_front--->
V/DownloadThread( 1267): read_bytesRead--->8192
V/DownloadThread( 1267): read_front--->
V/DownloadThread( 1267): read_bytesRead--->8192
V/DownloadThread( 1267): read_front--->
V/DownloadThread( 1267): read_bytesRead--->8192
V/DownloadThread( 1267): read_front--->
V/DownloadThread( 1267): read_bytesRead--->8192
V/DownloadThread( 1267): read_front--->
V/DownloadThread( 1267): read_bytesRead--->2840
V/DownloadThread( 1267): read_front--->
V/DownloadThread( 1267): read_bytesRead--->8192
V/DownloadThread( 1267): read_front--->
V/DownloadThread( 1267): read_bytesRead--->6408
V/DownloadThread( 1267): read_front--->
V/DownloadThread( 1267): read_bytesRead--->8192
V/DownloadThread( 1267): read_front--->
V/DownloadThread( 1267): read_bytesRead--->8192
V/DownloadThread( 1267): read_front--->
V/DownloadThread( 1267): read_bytesRead--->1136
V/DownloadThread( 1267): read_front--->
V/DownloadThread( 1267): read_bytesRead--->1460
V/DownloadThread( 1267): read_front--->
V/DownloadThread( 1267): read_bytesRead--->2920
V/DownloadThread( 1267): read_front--->
V/DownloadThread( 1267): read_bytesRead--->1460
V/DownloadThread( 1267): read_bytesRead--->7544
V/DownloadThread( 1267): read_front--->
D/dalvikvm( 1924): GC_CONCURRENT freed 1904K, 19% free 31966K/39171K, paused 2ms+32ms
V/DownloadThread( 1267): read_bytesRead--->8192
V/DownloadThread( 1267): read_front--->
V/DownloadThread( 1267): read_bytesRead--->8192
V/DownloadThread( 1267): read_front--->
V/DownloadThread( 1267): read_bytesRead--->2596
V/DownloadThread( 1267): read_front--->
V/DownloadThread( 1267): read_bytesRead--->8192
V/DownloadThread( 1267): read_front--->
V/DownloadThread( 1267): read_bytesRead--->8192
V/DownloadThread( 1267): read_front--->
V/DownloadThread( 1267): read_bytesRead--->8192
V/DownloadThread( 1267): read_front--->
V/DownloadThread( 1267): read_bytesRead--->8192
V/DownloadThread( 1267): read_front--->
V/DownloadThread( 1267): read_bytesRead--->2272
V/DownloadThread( 1267): read_front--->
V/DownloadThread( 1267): read_bytesRead--->8192
V/DownloadThread( 1267): read_front--->
V/DownloadThread( 1267): read_bytesRead--->8192
V/DownloadThread( 1267): read_front--->
V/DownloadThread( 1267): read_bytesRead--->8192
V/DownloadThread( 1267): read_front--->
V/DownloadThread( 1267): read_bytesRead--->8192
V/DownloadThread( 1267): read_front--->
V/DownloadThread( 1267): read_bytesRead--->8192
V/DownloadThread( 1267): read_front--->
V/DownloadThread( 1267): read_bytesRead--->7220
V/DownloadThread( 1267): read_front--->
V/DownloadThread( 1267): read_bytesRead--->2920
V/DownloadThread( 1267): read_front--->
V/DownloadThread( 1267): read_bytesRead--->1460
V/DownloadThread( 1267): read_front--->
V/DownloadThread( 1267): read_bytesRead--->4380
V/DownloadThread( 1267): read_front--->
V/DownloadThread( 1267): read_bytesRead--->8192
V/DownloadThread( 1267): read_front--->
V/DownloadThread( 1267): read_bytesRead--->6408
V/DownloadThread( 1267): read_front--->
V/DownloadThread( 1267): read_bytesRead--->1460
V/DownloadThread( 1267): read_front--->
V/DownloadThread( 1267): read_bytesRead--->2920
V/DownloadThread( 1267): read_front--->
V/DownloadThread( 1267): read_bytesRead--->1460
V/DownloadThread( 1267): read_front--->
V/DownloadThread( 1267): read_bytesRead--->4380
V/DownloadThread( 1267): read_front--->
V/DownloadThread( 1267): read_bytesRead--->4380
V/DownloadThread( 1267): read_front--->
V/DownloadThread( 1267): read_bytesRead--->5840
V/DownloadThread( 1267): read_front--->
V/DownloadThread( 1267): read_bytesRead--->1460
V/DownloadThread( 1267): read_front--->
V/DownloadThread( 1267): read_bytesRead--->1460
V/DownloadThread( 1267): read_front--->
V/DownloadThread( 1267): read_bytesRead--->4380
V/DownloadThread( 1267): read_front--->
V/DownloadThread( 1267): read_bytesRead--->8192
V/DownloadThread( 1267): read_front--->
V/DownloadThread( 1267): read_bytesRead--->8192
V/DownloadThread( 1267): read_front--->
V/DownloadThread( 1267): read_bytesRead--->8192
V/DownloadThread( 1267): read_front--->
V/DownloadThread( 1267): read_bytesRead--->6190
V/DownloadThread( 1267): sendDataInStack
D/WriteDataInStorageThread( 1267): sendDataInStack --data length =524288 offset =36700160 file name = filePart0
V/DownloadThread( 1267): mCurrentWritePos--->37224448
V/DownloadThread( 1267): read_front--->
D/WriteDataInStorageThread( 1267): write data  Pos=36700160   Length =524288  Thread =filePart0
V/DownloadThread( 1267): read_bytesRead--->2002
V/DownloadThread( 1267): read_front--->
V/DownloadThread( 1267): read_bytesRead--->5192
V/DownloadThread( 1267): read_front--->
V/DownloadThread( 1267): read_bytesRead--->1460
V/DownloadThread( 1267): read_front--->
V/DownloadThread( 1267): read_bytesRead--->4380
V/DownloadThread( 1267): read_front--->
V/DownloadThread( 1267): read_bytesRead--->2920
V/DownloadThread( 1267): read_front--->
V/DownloadThread( 1267): read_bytesRead--->1460
V/DownloadThread( 1267): read_front--->
V/DownloadThread( 1267): read_front--->
V/DownloadThread( 1267): read_bytesRead--->4948
V/DownloadThread( 1267): read_front--->
E/WindowManager(  954): Unknown window type: 2131099651
V/DownloadThread( 1267): read_bytesRead--->1460
V/DownloadThread( 1267): read_front--->
V/DownloadThread( 1267): read_bytesRead--->2920
V/DownloadThread( 1267): read_front--->
V/DownloadThread( 1267): read_bytesRead--->5840
V/DownloadThread( 1267): read_bytesRead--->7300
V/DownloadThread( 1267): read_front--->
V/DownloadThread( 1267): read_front--->
V/DownloadThread( 1267): read_bytesRead--->8192
V/DownloadThread( 1267): read_front--->
V/DownloadThread( 1267): read_bytesRead--->8192
V/DownloadThread( 1267): read_front--->
V/DownloadThread( 1267): read_bytesRead--->8192
V/DownloadThread( 1267): read_front--->
V/DownloadThread( 1267): read_bytesRead--->8192
V/DownloadThread( 1267): read_front--->
V/DownloadThread( 1267): read_bytesRead--->8192
V/DownloadThread( 1267): read_front--->
V/DownloadThread( 1267): read_bytesRead--->2272
V/DownloadThread( 1267): read_front--->
V/DownloadThread( 1267): read_bytesRead--->8192
V/DownloadThread( 1267): read_front--->
V/DownloadThread( 1267): read_bytesRead--->8192
V/DownloadThread( 1267): read_front--->
V/DownloadThread( 1267): read_bytesRead--->6084
V/DownloadThread( 1267): read_front--->
V/DownloadThread( 1267): read_bytesRead--->1460
V/DownloadThread( 1267): read_front--->
V/DownloadThread( 1267): read_bytesRead--->1460
V/DownloadThread( 1267): read_front--->
V/DownloadThread( 1267): read_bytesRead--->2920
V/DownloadThread( 1267): read_front--->
V/DownloadThread( 1267): read_bytesRead--->1460
V/DownloadThread( 1267): read_front--->
V/DownloadThread( 1267): read_bytesRead--->1460
V/DownloadThread( 1267): read_front--->
V/DownloadThread( 1267): read_bytesRead--->4380
V/DownloadThread( 1267): read_front--->
V/DownloadThread( 1267): read_bytesRead--->1460
V/DownloadThread( 1267): read_front--->
V/DownloadThread( 1267): read_bytesRead--->1460
V/DownloadThread( 1267): read_front--->
V/DownloadThread( 1267): read_bytesRead--->1460
V/DownloadThread( 1267): read_front--->
V/DownloadThread( 1267): read_bytesRead--->1460
V/DownloadThread( 1267): read_front--->
V/DownloadThread( 1267): read_bytesRead--->1460
V/DownloadThread( 1267): read_front--->
V/DownloadThread( 1267): read_bytesRead--->1460
V/DownloadThread( 1267): read_front--->
V/DownloadThread( 1267): read_bytesRead--->2920
V/DownloadThread( 1267): read_front--->
V/DownloadThread( 1267): read_bytesRead--->1460
V/DownloadThread( 1267): read_front--->
V/DownloadThread( 1267): read_bytesRead--->2920
V/DownloadThread( 1267): read_front--->
V/DownloadThread( 1267): read_bytesRead--->1460
V/DownloadThread( 1267): read_front--->
V/DownloadThread( 1267): read_bytesRead--->1460
V/DownloadThread( 1267): read_front--->
V/DownloadThread( 1267): read_bytesRead--->5840
V/DownloadThread( 1267): read_front--->
V/DownloadThread( 1267): read_bytesRead--->1460
V/DownloadThread( 1267): read_front--->
V/DownloadThread( 1267): read_bytesRead--->1460
V/DownloadThread( 1267): read_front--->
V/DownloadThread( 1267): read_bytesRead--->1460
V/DownloadThread( 1267): read_front--->
V/DownloadThread( 1267): read_bytesRead--->2920
V/DownloadThread( 1267): read_front--->
V/DownloadThread( 1267): read_bytesRead--->1460
V/DownloadThread( 1267): read_front--->
V/DownloadThread( 1267): read_bytesRead--->1460
V/DownloadThread( 1267): read_front--->
V/DownloadThread( 1267): read_bytesRead--->4380
V/DownloadThread( 1267): read_front--->
V/DownloadThread( 1267): read_bytesRead--->1460
V/DownloadThread( 1267): read_front--->
V/DownloadThread( 1267): read_bytesRead--->1460
V/DownloadThread( 1267): read_front--->
V/DownloadThread( 1267): read_bytesRead--->1460
V/DownloadThread( 1267): read_front--->
V/DownloadThread( 1267): read_front--->
V/DownloadThread( 1267): read_bytesRead--->2920
V/DownloadThread( 1267): read_front--->
V/DownloadThread( 1267): read_bytesRead--->2920
V/DownloadThread( 1267): read_front--->
V/DownloadThread( 1267): read_bytesRead--->4380
V/DownloadThread( 1267): read_front--->
V/DownloadThread( 1267): read_bytesRead--->1460
V/DownloadThread( 1267): read_front--->
V/DownloadThread( 1267): read_bytesRead--->8192
V/DownloadThread( 1267): read_front--->
V/DownloadThread( 1267): read_bytesRead--->2028
V/DownloadThread( 1267): read_front--->
V/DownloadThread( 1267): read_bytesRead--->1460
V/DownloadThread( 1267): read_front--->
V/DownloadThread( 1267): read_bytesRead--->1460
V/DownloadThread( 1267): read_front--->
V/DownloadThread( 1267): read_bytesRead--->2920
V/DownloadThread( 1267): read_front--->
V/DownloadThread( 1267): read_bytesRead--->2920
V/DownloadThread( 1267): read_front--->
V/DownloadThread( 1267): read_bytesRead--->4380
V/DownloadThread( 1267): read_front--->
V/DownloadThread( 1267): read_bytesRead--->4380
V/DownloadThread( 1267): read_front--->
V/DownloadThread( 1267): read_bytesRead--->1864
V/DownloadThread( 1267): sendDataInStack
D/WriteDataInStorageThread( 1267): sendDataInStack --data length =524288 offset =133629317 file name = filePart1
D/WriteDataInStorageThread( 1267): write data  Pos=133629317   Length =524288  Thread =filePart1
V/DownloadThread( 1267): read_bytesRead--->8192
V/DownloadThread( 1267): read_front--->
V/DownloadThread( 1267): read_bytesRead--->8192
V/DownloadThread( 1267): read_front--->
V/DownloadThread( 1267): read_bytesRead--->2596
V/DownloadThread( 1267): read_front--->
V/DownloadThread( 1267): mCurrentWritePos--->134153605
V/DownloadThread( 1267): read_front--->
V/DownloadThread( 1267): read_bytesRead--->1056
V/DownloadThread( 1267): read_front--->
V/DownloadThread( 1267): read_bytesRead--->8192
V/DownloadThread( 1267): read_front--->
V/DownloadThread( 1267): read_bytesRead--->568
V/DownloadThread( 1267): read_front--->
V/DownloadTask( 1267): finishedThreadNum--->0
V/DownloadTask( 1267): mThreadNum--->2
D/NetFirmwareService( 1267): DownloadConstants.TASK_STATUS_RUNNING
D/NetFirmwareService( 1267): MSG_UPDATE_PACKAGE_STATUS_CHANGE
V/NetFirmwareService( 1267): percentValue--->43
D/NetFirmwareService( 1267): Send broadcast of download progress.
I/NetFirmwareService( 1267): initPromtDialog_SHOW!
V/DownloadThread( 1267): read_bytesRead--->8192
V/DownloadThread( 1267): read_front--->
V/DownloadThread( 1267): read_bytesRead--->8192
V/DownloadThread( 1267): read_front--->
E/WindowManager(  954): Unknown window type: 2131099651
V/DownloadThread( 1267): read_bytesRead--->1136
V/DownloadThread( 1267): read_front--->
V/DownloadThread( 1267): read_bytesRead--->2920
V/DownloadThread( 1267): read_front--->
V/DownloadThread( 1267): read_bytesRead--->1460
V/DownloadThread( 1267): read_front--->
V/DownloadThread( 1267): read_bytesRead--->2920
V/DownloadThread( 1267): read_front--->
V/DownloadThread( 1267): read_bytesRead--->8192
V/DownloadThread( 1267): read_front--->
V/DownloadThread( 1267): read_bytesRead--->8192
V/DownloadThread( 1267): read_front--->
V/DownloadThread( 1267): read_bytesRead--->8192
V/DownloadThread( 1267): read_front--->
V/DownloadThread( 1267): read_bytesRead--->8192
V/DownloadThread( 1267): read_front--->
V/DownloadThread( 1267): read_bytesRead--->8192
V/DownloadThread( 1267): read_front--->
V/DownloadThread( 1267): read_bytesRead--->8192
V/DownloadThread( 1267): read_front--->
V/DownloadThread( 1267): read_bytesRead--->1948
V/DownloadThread( 1267): read_front--->
V/DownloadThread( 1267): read_bytesRead--->8192
V/DownloadThread( 1267): read_front--->
V/DownloadThread( 1267): read_bytesRead--->3488
V/DownloadThread( 1267): read_front--->
V/DownloadThread( 1267): read_front--->
V/DownloadThread( 1267): read_bytesRead--->8192
V/DownloadThread( 1267): read_front--->
V/DownloadThread( 1267): read_bytesRead--->5516
V/DownloadThread( 1267): read_front--->
V/DownloadThread( 1267): read_bytesRead--->1460
V/DownloadThread( 1267): read_front--->
V/DownloadThread( 1267): read_bytesRead--->1460
V/DownloadThread( 1267): read_front--->
V/DownloadThread( 1267): read_bytesRead--->5840
V/DownloadThread( 1267): read_front--->
V/DownloadThread( 1267): read_bytesRead--->7300
V/DownloadThread( 1267): read_front--->
V/DownloadThread( 1267): read_bytesRead--->4380
V/DownloadThread( 1267): read_front--->
V/DownloadThread( 1267): read_bytesRead--->2920
V/DownloadThread( 1267): read_front--->
V/DownloadThread( 1267): read_bytesRead--->8192
V/DownloadThread( 1267): read_front--->
V/DownloadThread( 1267): read_bytesRead--->6408
V/DownloadThread( 1267): read_front--->
V/DownloadThread( 1267): read_bytesRead--->1460
V/DownloadThread( 1267): read_front--->
V/DownloadThread( 1267): read_bytesRead--->4380
V/DownloadThread( 1267): read_front--->
V/DownloadThread( 1267): read_bytesRead--->1460
V/DownloadThread( 1267): read_front--->
V/DownloadThread( 1267): read_bytesRead--->1460
V/DownloadThread( 1267): read_front--->
V/DownloadThread( 1267): read_bytesRead--->8192
V/DownloadThread( 1267): read_front--->
V/DownloadThread( 1267): read_bytesRead--->8192
V/DownloadThread( 1267): read_front--->
V/DownloadThread( 1267): read_bytesRead--->1136
V/DownloadThread( 1267): read_front--->
V/DownloadThread( 1267): read_bytesRead--->2920
V/DownloadThread( 1267): read_front--->
V/DownloadThread( 1267): read_bytesRead--->8192
V/DownloadThread( 1267): read_front--->
V/DownloadThread( 1267): read_bytesRead--->6408
V/DownloadThread( 1267): read_front--->
V/DownloadThread( 1267): read_bytesRead--->1460
V/DownloadThread( 1267): read_front--->
V/DownloadThread( 1267): read_bytesRead--->2920
V/DownloadThread( 1267): read_front--->
V/DownloadThread( 1267): read_bytesRead--->4380
V/DownloadThread( 1267): read_front--->
V/DownloadThread( 1267): read_bytesRead--->4380
V/DownloadThread( 1267): read_front--->
V/DownloadThread( 1267): read_bytesRead--->1460
V/DownloadThread( 1267): read_front--->
V/DownloadThread( 1267): read_bytesRead--->2920
V/DownloadThread( 1267): read_front--->
V/DownloadThread( 1267): read_bytesRead--->1460
V/DownloadThread( 1267): read_front--->
V/DownloadThread( 1267): read_bytesRead--->1460
V/DownloadThread( 1267): read_front--->
V/DownloadThread( 1267): read_bytesRead--->2920
V/DownloadThread( 1267): read_front--->
V/DownloadThread( 1267): read_bytesRead--->4380
V/DownloadThread( 1267): read_front--->
V/DownloadThread( 1267): read_bytesRead--->4380
V/DownloadThread( 1267): read_front--->
V/DownloadThread( 1267): read_bytesRead--->2920
V/DownloadThread( 1267): read_front--->
V/DownloadThread( 1267): read_bytesRead--->4380
V/DownloadThread( 1267): read_front--->
V/DownloadThread( 1267): read_bytesRead--->1460
V/DownloadThread( 1267): read_front--->
V/DownloadThread( 1267): read_bytesRead--->2920
V/DownloadThread( 1267): read_front--->
V/DownloadThread( 1267): read_bytesRead--->1460
V/DownloadThread( 1267): read_front--->
V/DownloadThread( 1267): read_bytesRead--->8192
V/DownloadThread( 1267): read_front--->
V/DownloadThread( 1267): read_bytesRead--->568
V/DownloadThread( 1267): read_front--->
V/DownloadThread( 1267): read_bytesRead--->1460
V/DownloadThread( 1267): read_front--->
V/DownloadThread( 1267): read_bytesRead--->1460
V/DownloadThread( 1267): read_front--->
V/DownloadThread( 1267): read_bytesRead--->1460
V/DownloadThread( 1267): read_front--->
V/DownloadThread( 1267): read_bytesRead--->7300
V/DownloadThread( 1267): read_front--->
V/DownloadThread( 1267): read_bytesRead--->1460
V/DownloadThread( 1267): read_front--->
V/DownloadThread( 1267): read_bytesRead--->1460
D/NetFirmwareService( 1267): MSG_UPDATE_PACKAGE_STATUS_CHANGE
V/NetFirmwareService( 1267): percentValue--->43
I/NetFirmwareService( 1267): initPromtDialog_SHOW!
D/NetFirmwareService( 1267): Send broadcast of download progress.
V/DownloadThread( 1267): read_bytesRead--->1460
V/DownloadThread( 1267): read_front--->
E/WindowManager(  954): Unknown window type: 2131099651
V/DownloadThread( 1267): read_bytesRead--->1714
V/DownloadThread( 1267): sendDataInStack
V/DownloadThread( 1267): read_bytesRead--->8192
V/DownloadThread( 1267): read_front--->
V/DownloadThread( 1267): read_bytesRead--->6408
D/WriteDataInStorageThread( 1267): sendDataInStack --data length =524288 offset =37224448 file name = filePart0
V/DownloadThread( 1267): mCurrentWritePos--->37748736
V/DownloadThread( 1267): read_front--->
V/DownloadThread( 1267): read_front--->
V/DownloadThread( 1267): read_bytesRead--->6478
V/DownloadThread( 1267): read_front--->
V/DownloadThread( 1267): read_bytesRead--->8192
V/DownloadThread( 1267): read_front--->
V/DownloadThread( 1267): read_bytesRead--->8192
V/DownloadThread( 1267): read_front--->
V/DownloadThread( 1267): read_bytesRead--->1704
V/DownloadThread( 1267): read_front--->
D/WriteDataInStorageThread( 1267): write data  Pos=37224448   Length =524288  Thread =filePart0
V/DownloadThread( 1267): read_bytesRead--->1460
V/DownloadThread( 1267): read_front--->
V/DownloadThread( 1267): read_bytesRead--->2920
V/DownloadThread( 1267): read_bytesRead--->1460
V/DownloadThread( 1267): read_front--->
V/DownloadThread( 1267): read_front--->
V/DownloadThread( 1267): read_bytesRead--->8192
V/DownloadThread( 1267): read_front--->
V/DownloadThread( 1267): read_bytesRead--->3488
V/DownloadThread( 1267): read_front--->
V/DownloadThread( 1267): read_bytesRead--->8192
V/DownloadThread( 1267): read_front--->
V/DownloadThread( 1267): read_bytesRead--->8192
V/DownloadThread( 1267): read_front--->
V/DownloadThread( 1267): read_bytesRead--->1136
V/DownloadThread( 1267): read_front--->
V/DownloadThread( 1267): read_bytesRead--->1460
V/DownloadThread( 1267): read_front--->
V/DownloadThread( 1267): read_bytesRead--->8192
V/DownloadThread( 1267): read_front--->
V/DownloadThread( 1267): read_bytesRead--->8192
V/DownloadThread( 1267): read_front--->
V/DownloadThread( 1267): read_bytesRead--->2596
V/DownloadThread( 1267): read_front--->
V/DownloadThread( 1267): read_bytesRead--->1460
V/DownloadThread( 1267): read_front--->
V/DownloadThread( 1267): read_bytesRead--->8192
V/DownloadThread( 1267): read_front--->
V/DownloadThread( 1267): read_bytesRead--->3488
V/DownloadThread( 1267): read_front--->
V/DownloadThread( 1267): read_bytesRead--->1460
V/DownloadThread( 1267): read_front--->
V/DownloadThread( 1267): read_bytesRead--->1460
V/DownloadThread( 1267): read_front--->
V/DownloadThread( 1267): read_bytesRead--->2920
V/DownloadThread( 1267): read_front--->
V/DownloadThread( 1267): read_bytesRead--->7300
V/DownloadThread( 1267): read_front--->
V/DownloadThread( 1267): read_bytesRead--->1460
V/DownloadThread( 1267): read_front--->
V/DownloadThread( 1267): read_bytesRead--->2920
V/DownloadThread( 1267): read_front--->
V/DownloadThread( 1267): read_bytesRead--->2920
V/DownloadThread( 1267): read_front--->
V/DownloadThread( 1267): read_bytesRead--->1460
V/DownloadThread( 1267): read_front--->
V/DownloadThread( 1267): read_bytesRead--->1460
V/DownloadThread( 1267): read_front--->
V/DownloadThread( 1267): read_bytesRead--->1460
V/DownloadThread( 1267): read_front--->
V/DownloadThread( 1267): read_bytesRead--->2920
V/DownloadThread( 1267): read_front--->
V/DownloadThread( 1267): read_bytesRead--->1460
V/DownloadThread( 1267): read_front--->
V/DownloadThread( 1267): read_bytesRead--->1460
V/DownloadThread( 1267): read_front--->
V/DownloadThread( 1267): read_bytesRead--->1460
V/DownloadThread( 1267): read_front--->
V/DownloadThread( 1267): read_bytesRead--->2920
V/DownloadThread( 1267): read_front--->
V/DownloadThread( 1267): read_bytesRead--->1460
V/DownloadThread( 1267): read_front--->
V/DownloadThread( 1267): read_bytesRead--->8192
V/DownloadThread( 1267): read_front--->
V/DownloadThread( 1267): read_bytesRead--->8192
V/DownloadThread( 1267): read_front--->
V/DownloadThread( 1267): read_bytesRead--->8192
V/DownloadThread( 1267): read_front--->
V/DownloadThread( 1267): read_bytesRead--->1136
V/DownloadThread( 1267): read_front--->
V/DownloadThread( 1267): read_bytesRead--->3488
V/DownloadThread( 1267): read_front--->
V/DownloadThread( 1267): read_bytesRead--->1460
V/DownloadThread( 1267): read_front--->
V/DownloadThread( 1267): read_bytesRead--->2920
V/DownloadThread( 1267): read_front--->
V/DownloadThread( 1267): read_bytesRead--->7300
V/DownloadThread( 1267): read_front--->
V/DownloadThread( 1267): read_bytesRead--->1460
V/DownloadThread( 1267): read_front--->
V/DownloadTask( 1267): finishedThreadNum--->0
V/DownloadTask( 1267): mThreadNum--->2
D/NetFirmwareService( 1267): DownloadConstants.TASK_STATUS_RUNNING
D/NetFirmwareService( 1267): MSG_UPDATE_PACKAGE_STATUS_CHANGE
V/NetFirmwareService( 1267): percentValue--->44
I/NetFirmwareService( 1267): initPromtDialog_SHOW!
D/NetFirmwareService( 1267): Send broadcast of download progress.
V/DownloadThread( 1267): read_bytesRead--->1460
V/DownloadThread( 1267): read_front--->
V/DownloadThread( 1267): read_bytesRead--->7300
V/DownloadThread( 1267): read_front--->
V/DownloadThread( 1267): read_bytesRead--->8192
V/DownloadThread( 1267): read_front--->
V/DownloadThread( 1267): read_bytesRead--->568
V/DownloadThread( 1267): read_front--->
E/WindowManager(  954): Unknown window type: 2131099651
V/DownloadThread( 1267): read_bytesRead--->5840
V/DownloadThread( 1267): read_front--->
V/DownloadThread( 1267): read_bytesRead--->8192
V/DownloadThread( 1267): read_front--->
V/DownloadThread( 1267): read_bytesRead--->6408
V/DownloadThread( 1267): read_front--->
V/DownloadThread( 1267): read_bytesRead--->4380
V/DownloadThread( 1267): read_front--->
V/DownloadThread( 1267): read_bytesRead--->8192
V/DownloadThread( 1267): read_front--->
V/DownloadThread( 1267): read_bytesRead--->8192
V/DownloadThread( 1267): read_front--->
V/DownloadThread( 1267): read_bytesRead--->1136
V/DownloadThread( 1267): read_front--->
V/DownloadThread( 1267): read_bytesRead--->8192
V/DownloadThread( 1267): read_front--->
V/DownloadThread( 1267): read_bytesRead--->8192
V/DownloadThread( 1267): read_front--->
V/DownloadThread( 1267): read_bytesRead--->1136
V/DownloadThread( 1267): read_front--->
V/DownloadThread( 1267): read_bytesRead--->1460
V/DownloadThread( 1267): read_front--->
V/DownloadThread( 1267): read_bytesRead--->4380
V/DownloadThread( 1267): read_front--->
V/DownloadThread( 1267): read_bytesRead--->8192
V/DownloadThread( 1267): read_front--->
V/DownloadThread( 1267): read_bytesRead--->8192
V/DownloadThread( 1267): read_front--->
V/DownloadThread( 1267): read_bytesRead--->2596
V/DownloadThread( 1267): read_front--->
V/DownloadThread( 1267): read_bytesRead--->8192
V/DownloadThread( 1267): read_front--->
V/DownloadThread( 1267): read_bytesRead--->6408
V/DownloadThread( 1267): read_front--->
V/DownloadThread( 1267): read_bytesRead--->7300
V/DownloadThread( 1267): read_front--->
D/NetUpdate( 1924): progressValue--->44
D/NetUpdate( 1924): mWriteSD--->false
D/NetUpdate( 1924): mBootCheckZipExist--->false
V/DownloadThread( 1267): read_bytesRead--->8192
V/DownloadThread( 1267): read_front--->
V/DownloadThread( 1267): read_bytesRead--->8192
V/DownloadThread( 1267): read_front--->
V/DownloadThread( 1267): read_bytesRead--->4056
V/DownloadThread( 1267): read_front--->
V/DownloadThread( 1267): read_front--->
V/DownloadThread( 1267): read_bytesRead--->8192
V/DownloadThread( 1267): read_front--->
V/DownloadThread( 1267): read_bytesRead--->2596
V/DownloadThread( 1267): read_front--->
V/DownloadThread( 1267): read_bytesRead--->8192
V/DownloadThread( 1267): read_front--->
V/DownloadThread( 1267): read_bytesRead--->1136
V/DownloadThread( 1267): read_front--->
V/DownloadThread( 1267): read_bytesRead--->8192
V/DownloadThread( 1267): read_front--->
V/DownloadThread( 1267): read_bytesRead--->568
V/DownloadThread( 1267): read_front--->
V/DownloadThread( 1267): read_bytesRead--->1460
V/DownloadThread( 1267): read_front--->
V/DownloadThread( 1267): read_bytesRead--->7300
V/DownloadThread( 1267): read_front--->
V/DownloadThread( 1267): read_bytesRead--->1460
V/DownloadThread( 1267): read_bytesRead--->8192
V/DownloadThread( 1267): read_front--->
V/DownloadThread( 1267): read_bytesRead--->6408
V/DownloadThread( 1267): read_front--->
V/DownloadThread( 1267): read_front--->
V/DownloadThread( 1267): read_bytesRead--->8192
V/DownloadThread( 1267): read_front--->
V/DownloadThread( 1267): read_bytesRead--->8192
V/DownloadThread( 1267): read_front--->
V/DownloadThread( 1267): read_bytesRead--->2596
V/DownloadThread( 1267): read_front--->
V/DownloadThread( 1267): read_bytesRead--->8192
V/DownloadThread( 1267): read_front--->
V/DownloadThread( 1267): read_bytesRead--->6408
V/DownloadThread( 1267): read_front--->
V/DownloadThread( 1267): read_bytesRead--->4380
V/DownloadThread( 1267): read_front--->
V/DownloadThread( 1267): read_bytesRead--->5840
V/DownloadThread( 1267): read_front--->
V/DownloadThread( 1267): read_bytesRead--->2920
V/DownloadThread( 1267): read_front--->
V/DownloadThread( 1267): read_bytesRead--->7300
V/DownloadThread( 1267): read_front--->
V/DownloadThread( 1267): read_bytesRead--->2920
V/DownloadThread( 1267): read_front--->
V/DownloadThread( 1267): read_bytesRead--->8192
V/DownloadThread( 1267): read_front--->
V/DownloadThread( 1267): read_bytesRead--->568
V/DownloadThread( 1267): read_front--->
V/DownloadThread( 1267): read_bytesRead--->1460
V/DownloadThread( 1267): read_front--->
V/DownloadThread( 1267): read_bytesRead--->1460
V/DownloadThread( 1267): read_front--->
V/DownloadThread( 1267): read_bytesRead--->2920
V/DownloadThread( 1267): read_front--->
V/DownloadThread( 1267): read_bytesRead--->1460
V/DownloadThread( 1267): read_front--->
V/DownloadThread( 1267): read_bytesRead--->5840
V/DownloadThread( 1267): read_front--->
V/DownloadThread( 1267): read_bytesRead--->5840
V/DownloadThread( 1267): read_front--->
V/DownloadThread( 1267): read_bytesRead--->5840
V/DownloadThread( 1267): read_front--->
V/DownloadThread( 1267): read_bytesRead--->5840
V/DownloadThread( 1267): read_front--->
V/DownloadThread( 1267): read_bytesRead--->1460
V/DownloadThread( 1267): read_front--->
V/DownloadThread( 1267): read_bytesRead--->4380
V/DownloadThread( 1267): read_front--->
V/DownloadThread( 1267): read_bytesRead--->2920
V/DownloadThread( 1267): read_front--->
V/DownloadThread( 1267): read_bytesRead--->1460
V/DownloadThread( 1267): read_front--->
V/DownloadThread( 1267): read_bytesRead--->4380
V/DownloadThread( 1267): read_front--->
V/DownloadThread( 1267): read_bytesRead--->5840
V/DownloadThread( 1267): read_front--->
V/DownloadThread( 1267): read_bytesRead--->1460
V/DownloadThread( 1267): read_front--->
V/DownloadThread( 1267): read_bytesRead--->1460
V/DownloadThread( 1267): read_front--->
V/DownloadThread( 1267): read_bytesRead--->2920
V/DownloadThread( 1267): read_front--->
V/DownloadThread( 1267): read_bytesRead--->1460
V/DownloadThread( 1267): read_front--->
V/DownloadThread( 1267): read_bytesRead--->1460
V/DownloadThread( 1267): read_front--->
V/DownloadThread( 1267): read_bytesRead--->1460
V/DownloadThread( 1267): read_front--->
V/DownloadThread( 1267): read_front--->
V/DownloadThread( 1267): read_bytesRead--->1460
V/DownloadThread( 1267): read_front--->
V/DownloadThread( 1267): read_bytesRead--->7300
V/DownloadThread( 1267): read_front--->
V/DownloadThread( 1267): read_bytesRead--->1460
V/DownloadThread( 1267): read_front--->
V/DownloadThread( 1267): read_bytesRead--->8192
V/DownloadThread( 1267): read_front--->
V/DownloadThread( 1267): read_bytesRead--->568
V/DownloadThread( 1267): read_front--->
V/DownloadThread( 1267): read_bytesRead--->1460
V/DownloadThread( 1267): read_front--->
V/DownloadThread( 1267): read_bytesRead--->2920
V/DownloadThread( 1267): read_front--->
V/DownloadThread( 1267): read_bytesRead--->7300
V/DownloadThread( 1267): read_front--->
V/DownloadThread( 1267): read_bytesRead--->1460
V/DownloadThread( 1267): read_front--->
V/DownloadThread( 1267): read_bytesRead--->2920
V/DownloadThread( 1267): read_front--->
V/DownloadThread( 1267): read_bytesRead--->8192
V/DownloadThread( 1267): read_front--->
V/DownloadThread( 1267): read_bytesRead--->4948
V/DownloadThread( 1267): read_front--->
V/DownloadThread( 1267): read_bytesRead--->2920
V/DownloadThread( 1267): read_front--->
V/DownloadThread( 1267): read_bytesRead--->1460
V/DownloadThread( 1267): read_front--->
V/DownloadThread( 1267): read_bytesRead--->1460
V/DownloadThread( 1267): read_front--->
V/DownloadThread( 1267): read_bytesRead--->4380
V/DownloadThread( 1267): read_front--->
V/DownloadThread( 1267): read_bytesRead--->4380
V/DownloadThread( 1267): read_front--->
V/DownloadThread( 1267): read_bytesRead--->1862
V/DownloadThread( 1267): sendDataInStack
D/WriteDataInStorageThread( 1267): sendDataInStack --data length =524288 offset =37748736 file name = filePart0
D/WriteDataInStorageThread( 1267): write data  Pos=37748736   Length =524288  Thread =filePart0
V/DownloadThread( 1267): mCurrentWritePos--->38273024
V/DownloadThread( 1267): read_front--->
V/DownloadThread( 1267): read_bytesRead--->2518
V/DownloadThread( 1267): read_front--->
V/DownloadThread( 1267): read_bytesRead--->5840
V/DownloadThread( 1267): read_front--->
V/DownloadThread( 1267): read_bytesRead--->1460
V/DownloadThread( 1267): read_bytesRead--->4380
V/DownloadThread( 1267): read_front--->
V/DownloadThread( 1267): read_front--->
V/DownloadThread( 1267): read_bytesRead--->5840
V/DownloadThread( 1267): read_front--->
V/DownloadThread( 1267): read_bytesRead--->5840
V/DownloadThread( 1267): read_front--->
V/DownloadThread( 1267): read_bytesRead--->8192
V/DownloadThread( 1267): read_front--->
V/DownloadThread( 1267): read_bytesRead--->8192
V/DownloadThread( 1267): read_front--->
V/DownloadThread( 1267): read_bytesRead--->1136
V/DownloadThread( 1267): read_front--->
V/DownloadThread( 1267): read_bytesRead--->1460
V/DownloadThread( 1267): read_front--->
V/DownloadThread( 1267): read_bytesRead--->8192
V/DownloadThread( 1267): read_front--->
V/DownloadThread( 1267): read_bytesRead--->2028
V/DownloadThread( 1267): read_front--->
V/DownloadThread( 1267): read_bytesRead--->1460
V/DownloadThread( 1267): read_front--->
V/DownloadThread( 1267): read_bytesRead--->8192
V/DownloadThread( 1267): read_front--->
V/DownloadThread( 1267): read_bytesRead--->2028
V/DownloadThread( 1267): read_front--->
V/DownloadThread( 1267): read_bytesRead--->1460
V/DownloadThread( 1267): read_front--->
V/DownloadThread( 1267): read_bytesRead--->7300
V/DownloadThread( 1267): read_front--->
V/DownloadThread( 1267): read_bytesRead--->8192
V/DownloadThread( 1267): read_front--->
V/DownloadThread( 1267): read_bytesRead--->2028
V/DownloadThread( 1267): read_front--->
V/DownloadThread( 1267): read_bytesRead--->1460
V/DownloadThread( 1267): read_front--->
V/DownloadThread( 1267): read_bytesRead--->1460
V/DownloadThread( 1267): read_front--->
V/DownloadThread( 1267): read_front--->
V/DownloadThread( 1267): read_bytesRead--->1136
V/DownloadThread( 1267): read_front--->
V/DownloadThread( 1267): read_front--->
V/DownloadThread( 1267): read_bytesRead--->4948
V/DownloadThread( 1267): read_front--->
V/DownloadThread( 1267): read_bytesRead--->1460
V/DownloadThread( 1267): read_front--->
V/DownloadThread( 1267): read_bytesRead--->1460
V/DownloadThread( 1267): read_front--->
V/DownloadThread( 1267): read_bytesRead--->1460
V/DownloadThread( 1267): read_front--->
V/DownloadThread( 1267): read_bytesRead--->4380
V/DownloadThread( 1267): read_front--->
V/DownloadThread( 1267): read_bytesRead--->8192
V/DownloadThread( 1267): read_front--->
V/DownloadThread( 1267): read_bytesRead--->3488
V/DownloadThread( 1267): read_front--->
V/DownloadTask( 1267): finishedThreadNum--->0
V/DownloadTask( 1267): mThreadNum--->2
D/NetFirmwareService( 1267): DownloadConstants.TASK_STATUS_RUNNING
D/NetFirmwareService( 1267): MSG_UPDATE_PACKAGE_STATUS_CHANGE
V/NetFirmwareService( 1267): percentValue--->44
