D/dalvikvm( 1691): GC_CONCURRENT freed 690K, 64% free 2773K/7683K, paused 2ms+2ms
D/dalvikvm( 1691): GC_CONCURRENT freed 661K, 64% free 2817K/7683K, paused 2ms+3ms
D/dalvikvm( 1691): GC_CONCURRENT freed 733K, 64% free 2788K/7683K, paused 2ms+3ms
D/dalvikvm( 1691): GC_CONCURRENT freed 679K, 64% free 2775K/7683K, paused 2ms+3ms

[ 3869.393349] IR: [03932] scan key value is 0xec13c936 
[ 3869.393354]  
[ 3869.445933] IR: [03932] scan key value is 0xec13c936 
[ 3869.445937]  --------- beginning of /dev/log/system
I/ActivityManager(  954): START {cmp=com.coship.dvbsetting/.systemsetting.update.SystemLocalUpdateActivity} from pid 1924
I/NetUpdate( 1924): --------------hide()------------------
I/System.out( 1924): isHasStorage:false
W/MountService(  954): getVolumeState(/mnt/sdcard): Unknown volume
V/TabletStatusBar( 1140): setLightsOn(true)
I/ActivityManager(  954): Displayed com.coship.dvbsetting/.systemsetting.update.SystemLocalUpdateActivity: +86ms
I/System.out( 1924): isHasStorage:false
W/MountService(  954): getVolumeState(/mnt/sdcard): Unknown volume
I/System.out( 1924): isHasStorage:false
W/MountService(  954): getVolumeState(/mnt/sdcard): Unknown volume
I/System.out( 1924): isHasStorage:false
W/MountService(  954): getVolumeState(/mnt/sdcard): Unknown volume
I/System.out( 1924): isHasStorage:false
W/MountService(  954): getVolumeState(/mnt/sdcard): Unknown volume
I/System.out( 1924): isHasStorage:false
W/MountService(  954): getVolumeState(/mnt/sdcard): Unknown volume
D/HomePlayerLib( 1691): hostaddress count is 1
D/dalvikvm( 1691): GC_CONCURRENT freed 672K, 63% free 2884K/7683K, paused 1ms+2ms
I/System.out( 1924): isHasStorage:false
W/MountService(  954): getVolumeState(/mnt/sdcard): Unknown volume
D/dalvikvm( 1691): GC_CONCURRENT freed 828K, 63% free 2877K/7683K, paused 2ms+3ms
I/System.out( 1924): isHasStorage:false
W/MountService(  954): getVolumeState(/mnt/sdcard): Unknown volume
D/dalvikvm( 1691): GC_CONCURRENT freed 799K, 64% free 2779K/7683K, paused 2ms+2ms
I/System.out( 1924): isHasStorage:false
W/MountService(  954): getVolumeState(/mnt/sdcard): Unknown volume
D/dalvikvm( 1691): GC_CONCURRENT freed 672K, 64% free 2809K/7683K, paused 3ms+3ms
W/MountService(  954): getVolumeState(/mnt/sdcard): Unknown volume
I/System.out( 1924): isHasStorage:false
D/dalvikvm( 1691): GC_CONCURRENT freed 709K, 64% free 2777K/7683K, paused 2ms+2ms

[ 3871.962219] IR: [03932] scan key value is 0xf10ec936 
[ 3871.962224]  D/dalvikvm( 1691): GC_CONCURRENT freed 665K, 64% free 2814K/7683K, paused 2ms+3ms

[ 3872.014774] IR: [03932] scan key value is 0xf10ec936 
[ 3872.014780]  V/TabletStatusBar( 1140): setLightsOn(true)
I/System.out( 1924): locale ++++++++++++中文 (中国)
I/System.out( 1924): SystemPropertiesClass--->class android.media.AudioManager
W/System.err( 1924): java.lang.NoSuchMethodException: getBluetoothHeadsetAction []
W/System.err( 1924):    at java.lang.Class.getConstructorOrMethod(Class.java:460)
W/System.err( 1924):    at java.lang.Class.getMethod(Class.java:915)
W/System.err( 1924):    at com.coship.dvbsetting.systemsetting.childview.AudioOutput.getPropertiesAction(AudioOutput.java:225)
W/System.err( 1924):    at com.coship.dvbsetting.systemsetting.childview.AudioOutput.show(AudioOutput.java:176)
W/System.err( 1924):    at com.coship.dvbsetting.ExpanItem.show(ExpanItem.java:305)
W/System.err( 1924):    at com.coship.dvbsetting.systemsetting.SyssetAcivity.onResume(SyssetAcivity.java:288)
W/System.err( 1924):    at android.app.Instrumentation.callActivityOnResume(Instrumentation.java:1154)
W/System.err( 1924):    at android.app.Activity.performResume(Activity.java:4539)
W/System.err( 1924):    at android.app.ActivityThread.performResumeActivity(ActivityThread.java:2434)
W/System.err( 1924):    at android.app.ActivityThread.handleResumeActivity(ActivityThread.java:2472)
W/System.err( 1924):    at android.app.ActivityThread$H.handleMessage(ActivityThread.java:1173)
W/System.err( 1924):    at android.os.Handler.dispatchMessage(Handler.java:99)
W/System.err( 1924):    at android.os.Looper.loop(Looper.java:137)
W/System.err( 1924):    at android.app.ActivityThread.main(ActivityThread.java:4424)
W/System.err( 1924):    at java.lang.reflect.Method.invokeNative(Native Method)
W/System.err( 1924):    at java.lang.reflect.Method.invoke(Method.java:511)
W/System.err( 1924):    at com.android.internal.os.ZygoteInit$MethodAndArgsCaller.run(ZygoteInit.java:848)
W/System.err( 1924):    at com.android.internal.os.ZygoteInit.main(ZygoteInit.java:575)
W/System.err( 1924):    at dalvik.system.NativeStart.main(Native Method)
I/System.out( 1924): could not find class
I/System.out( 1924): [AudioOutput]:status--->false
D/dalvikvm(  954): GC_CONCURRENT freed 711K, 65% free 3673K/10307K, paused 2ms+5ms
I/City    ( 1924): -----------------------parser.getName()--------shenzhen
I/City    ( 1924): -----------------------parser--------深圳
I/City    ( 1924): -----------------------parser.getName()--------wuhan
I/City    ( 1924): -----------------------parser--------武汉
I/City    ( 1924): -----------------------parser.getName()--------beijing
I/City    ( 1924): -----------------------parser--------北京
I/City    ( 1924): -----------------------parser.getName()--------nanning
I/City    ( 1924): -----------------------parser--------南宁
V/NetUpdate( 1924): mBindRemote--->true
V/NetUpdate( 1924): Remote Invoke Success!
I/NetUpdate( 1924): --------------show()------------------
I/UsbUpdate( 1924): --------------show()------------------
I/VersionInfo( 1924): ----------------show()-----------------
W/ActivityManager(  954): Duplicate finish request for ActivityRecord{4179d248 com.coship.dvbsetting/.systemsetting.update.SystemLocalUpdateActivity}
D/dalvikvm( 1924): GC_EXPLICIT freed 302K, 15% free 32575K/38275K, paused 2ms+7ms
E/StrictMode( 1924): class com.coship.dvbsetting.systemsetting.update.SystemLocalUpdateActivity; instances=2; limit=1
E/StrictMode( 1924): android.os.StrictMode$InstanceCountViolation: class com.coship.dvbsetting.systemsetting.update.SystemLocalUpdateActivity; instances=2; limit=1
E/StrictMode( 1924):    at android.os.StrictMode.setClassInstanceLimit(StrictMode.java:1)
D/InputEventConsistencyVerifier( 1924): KeyEvent: ACTION_UP but key was not down.
D/InputEventConsistencyVerifier( 1924):   in Handler (android.view.ViewRootImpl) {418c8670}
D/InputEventConsistencyVerifier( 1924):   0: sent at 3872180000000, KeyEvent { action=ACTION_UP, keyCode=KEYCODE_BACK, scanCode=158, metaState=0, flags=0x8, repeatCount=0, eventTime=3872180, downTime=3871967, deviceId=1, source=0x101 }
D/InputEventConsistencyVerifier( 1924):   -- recent events --
D/InputEventConsistencyVerifier( 1924):   1: sent at 3869612000000, KeyEvent { action=ACTION_UP, keyCode=KEYCODE_ENTER, scanCode=28, metaState=0, flags=0x8, repeatCount=0, eventTime=3869612, downTime=3869398, deviceId=1, source=0x101 }
D/InputEventConsistencyVerifier( 1924):   2: sent at 3869398000000, KeyEvent { action=ACTION_DOWN, keyCode=KEYCODE_ENTER, scanCode=28, metaState=0, flags=0x8, repeatCount=0, eventTime=3869398, downTime=3869398, deviceId=1, source=0x101 }
D/InputEventConsistencyVerifier( 1924):   3: 
[ 3872.475408] IR: [03932] scan key value is 0xed12c936 
[ 3872.475413]  sent at 2903624000000, KeyEvent { action=ACTION_UP, keyCode=KEYCODE_DPAD_DOWN, scanCode=108, metaState=0, flags=0x8, repeatCount=0, eventTime=2903624, downTime=2903413, deviceId=1, source=0x101 }
D/InputEventConsistencyVerifier( 1924):   4: sent at 2903413000000, KeyEvent { action=ACTION_DOWN, keyCode=KEYCODE_DPAD_DOWN, scanCode=108, metaState=0, flags=0x8, repeatCount=0, eventTime=2903413, downTime=2903413, deviceId=1, source=0x101 }
D/InputEventConsistencyVerifier( 1924):   5: sent at 2903208000000, KeyEvent { action=A
[ 3872.527986] IR: [03932] scan key value is 0xed12c936 
[ 3872.527991]  CTION_UP, keyCode=KEYCODE_DPAD_DOWN, scanCode=108, metaState=0, flags=0x8, repeatCount=0, eventTime=2903208, downTime=2902995, deviceId=1, source=0x101 }
D/dalvikvm( 1691): GC_CONCURRENT freed 731K, 63% free 2884K/7683K, paused 2ms+3ms
D/dalvikvm( 1691): GC_CONCURRENT freed 825K, 65% free 2763K/7683K, paused 2ms+3ms
D/InputEventConsistencyVerifier( 1924): KeyEvent: ACTION_UP but key was not down.
D/InputEventConsistencyVerifier( 1924):   in android.widget.LinearLayout@43095460
D/InputEventConsistencyVerifier( 1924):   0: sent at 3872696000000, KeyEvent { action=ACTION_UP, keyCode=KEYCODE_DPAD_LEFT, scanCode=105, metaState=0, flags=0x8, repeatCount=0, eventTime=3872696, downTime=3872482, deviceId=1, source=0x101 }
D/InputEventConsistencyVerifier( 1924):   -- recent events --
D/InputEventConsistencyVerifier( 1924):   1: sent at 2887748000000, (unhandled) KeyEvent { action=ACTION_DOWN, keyCode=KEYCODE_DPAD_RIGHT, scanCode=106, metaState=0, flags=0x8, repeatCount=0, eventTime=2887748, downTime=2887748, deviceId=1, source=0x101 }
D/InputEventConsistencyVerifier( 1924):   2: sent at 2886100000000, (unhandled) KeyEvent { action=ACTION_UP, keyCode=KEYCODE_DPAD_LEFT, scanCode=105, metaState=0, flags=0x80000008, repeatCount=0, eventTime=2886100, downTime=2885879, deviceId=1, source=0x101 }
D/InputEventConsistencyVerifier( 1924):   3: sent at 2880364000000, (unhandled) KeyEvent { action=ACTION_DOWN, keyCode=KEYCODE_DPAD_RIGHT, scanCode=106, metaState=0, flags=0x8, repeatCount=0, eventTime=2880364, downTime=2880364, deviceId=1, source=0x101 }
D/InputEventConsistencyVerifier( 1924):   4: sent at 2828640000000, (unhandled) KeyEvent { action=ACTION_UP, keyCode=KEYCODE_DPAD_DOWN, scanCode=108, metaState=0, flags=0x8, repeatCount=0, eventTime=2828640, downTime=2828425, deviceId=1, source=0x101 }
D/InputEventConsistencyVerifier( 1924):   5: sent at 2828425000000, KeyEvent { action=ACTION_DOWN, keyCode=KEYCODE_DPAD_DOWN, scanCode=108, metaState=0, flags=0x8, repeatCount=0, eventTime=2828425, downTime=2828425, deviceId=1, source=0x101 }

[ 3872.858900] IR: [03932] scan key value is 0xee11c936 
[ 3872.858906]  
[ 3872.911474] IR: [03932] scan key value is 0xee11c936 
[ 3872.911483]  V/NetUpdate( 1924): mBindRemote--->true
V/NetUpdate( 1924): Remote Invoke Success!
I/NetUpdate( 1924): --------------show()------------------
D/dalvikvm( 1691): GC_CONCURRENT freed 666K, 63% free 2871K/7683K, paused 2ms+3ms
D/dalvikvm( 1691): GC_CONCURRENT freed 797K, 64% free 2777K/7683K, paused 2ms+3ms

[ 3873.437830] IR: [03932] scan key value is 0xeb14c936 
[ 3873.437835]  
[ 3873.490407] IR: [03932] scan key value is 0xeb14c936 
[ 3873.490412]  D/dalvikvm( 1691): GC_CONCURRENT freed 687K, 64% free 2770K/7683K, paused 2ms+2ms
D/InputEventConsistencyVerifier( 1924): KeyEvent: ACTION_UP but key was not down.
D/InputEventConsistencyVerifier( 1924):   in android.widget.LinearLayout@430cef40
D/InputEventConsistencyVerifier( 1924):   0: sent at 3873656000000, KeyEvent { action=ACTION_UP, keyCode=KEYCODE_DPAD_RIGHT, scanCode=106, metaState=0, flags=0x8, repeatCount=0, eventTime=3873656, downTime=3873443, deviceId=1, source=0x101 }

[ 3873.775620] IR: [03932] scan key value is 0xec13c936 
[ 3873.775625]  
[ 3873.828164] IR: [03932] scan key value is 0xec13c936 
[ 3873.828169]  D/dalvikvm( 1691): GC_CONCURRENT freed 675K, 64% free 2775K/7683K, paused 2ms+2ms
V/NetFirmwareService( 1267): onStartCommand
V/NetFirmwareService( 1267): intent--->Intent { act=com.coship.netfirmware.NetFirmwareService (has extras) }
V/NetFirmwareService( 1267): Network is connected!
I/NetFirmwareService( 1267): initPromtDialog_SHOW!
E/PhonePolicy( 1267): Could not preload class for phone policy: com.android.internal.policy.impl.PhoneWindow$ContextMenuCallback
D/dalvikvm( 1267): GC_FOR_ALLOC freed 387K, 87% free 666K/4803K, paused 8ms
I/dalvikvm-heap( 1267): Grow heap (frag case) to 5.635MB for 1455120-byte allocation
D/dalvikvm( 1267): GC_CONCURRENT freed 0K, 67% free 2087K/6275K, paused 1ms+1ms
D/TextLayoutCache( 1267): Using debug level: 0 - Debug Enabled: 0
D/dalvikvm( 1691): GC_CONCURRENT freed 686K, 65% free 2761K/7683K, paused 2ms+2ms
E/WindowManager(  954): Unknown window type: 2131099651
V/TabletStatusBar( 1140): setLightsOn(true)
W/InputManagerService(  954): Starting input on non-focused client com.android.internal.view.IInputMethodClient$Stub$Proxy@415ec0f8 (uid=1000 pid=1924)
D/dalvikvm( 1691): GC_CONCURRENT freed 665K, 63% free 2856K/7683K, paused 2ms+2ms
D/dalvikvm( 1691): GC_CONCURRENT freed 777K, 63% free 2862K/7683K, paused 2ms+2ms
D/NetFirmwareService( 1267): loadZipProgress--->0
V/NetFirmwareService( 1267): mServicePath--->http://update.coship.com/update/system/S1001
I/NetFirmwareService( 1267): mHwvStr--->002104
I/NetFirmwareService( 1267): mSwv--->211321
I/FileUtils( 1267): mkFilePath--->/data/data/com.coship.netfirmware/versioncode.dat
D/dalvikvm( 1267): GC_CONCURRENT freed 275K, 65% free 2255K/6275K, paused 1ms+1ms
V/HttpDownLoad( 1267): InputStream_input--->libcore.net.http.FixedLengthInputStream@41412160
I/FileUtils( 1267): mkdirPath--->/data/data/com.coship.netfirmware/
I/FileUtils( 1267): createNewFilePath--->/data/data/com.coship.netfirmware/versioncode.dat
I/FileUtils( 1267): file--->versioncode.dat
I/HttpDownLoad( 1267): resultFile--->/data/data/com.coship.netfirmware/versioncode.dat
I/NetFirmwareService( 1267): v--->211322
I/NetFirmwareService( 1267): q--->00001
I/NetFirmwareService( 1267): c--->00001
I/FileUtils( 1267): mkFilePath--->/data/data/com.coship.netfirmware/description_211322.dat
V/HttpDownLoad( 1267): InputStream_input--->libcore.net.http.FixedLengthInputStream@415c4cb0
I/FileUtils( 1267): mkdirPath--->/data/data/com.coship.netfirmware/
I/FileUtils( 1267): createNewFilePath--->/data/data/com.coship.netfirmware/description_211322.dat
I/FileUtils( 1267): file--->description_211322.dat
I/HttpDownLoad( 1267): resultFile--->/data/data/com.coship.netfirmware/description_211322.dat
I/NetFirmwareService( 1267): packageSize--->182323978
I/NetFirmwareService( 1267): MD5--->9B6AEF5A20AD0E65769C08311F1A605E
I/NetFirmwareService( 1267): changeHistory--->1.修改升级检测提示框字符乱码、校验不通过问题;2.CIBN增加升级版本检测功能
D/dalvikvm( 1691): GC_CONCURRENT freed 791K, 64% free 2775K/7683K, paused 3ms+3ms
V/NetFirmwareService( 1267): MSG_LOAD_DAT_STATUS_mNetUpdate--->true
D/NetFirmwareService( 1267): Network Connection Success!
D/NetFirmwareService( 1267): Upgrade File Load Success!
D/NetFirmwareService( 1267): serverURL = www.stp_firmware.coship.com
D/NetFirmwareService( 1267): CheckUpgradeTimer mCheckTime = 5
D/NetFirmwareService( 1267): startTimer
D/NetFirmwareService( 1267): removeTimer
D/dalvikvm( 1691): GC_CONCURRENT freed 682K, 65% free 2761K/7683K, paused 1ms+3ms
D/dalvikvm( 1691): GC_CONCURRENT freed 659K, 64% free 2833K/7683K, paused 2ms+2ms
D/dalvikvm( 1691): GC_CONCURRENT freed 752K, 64% free 2780K/7683K, paused 1ms+2ms
D/NetUpdate( 1924): progressValue--->0
D/NetUpdate( 1924): mWriteSD--->false
D/NetUpdate( 1924): mBootCheckZipExist--->false
D/dalvikvm( 1691): GC_CONCURRENT freed 690K, 64% free 2793K/7683K, paused 2ms+2ms
D/dalvikvm( 1691): GC_CONCURRENT freed 705K, 64% free 2793K/7683K, paused 3ms+3ms
D/dalvikvm( 1691): GC_CONCURRENT freed 706K, 64% free 2793K/7683K, paused 2ms+2ms
D/NetUpdate( 1924): progressValue--->0
D/NetUpdate( 1924): mWriteSD--->false
D/NetUpdate( 1924): mBootCheckZipExist--->false
D/NetUpdate( 1924): progressValue--->0
D/NetUpdate( 1924): mWriteSD--->false
D/NetUpdate( 1924): mBootCheckZipExist--->false
D/dalvikvm( 1267): GC_CONCURRENT freed 491K, 65% free 2292K/6531K, paused 1ms+0ms
D/dalvikvm( 1691): GC_CONCURRENT freed 704K, 64% free 2793K/7683K, paused 2ms+2ms
D/dalvikvm( 1691): GC_CONCURRENT freed 706K, 64% free 2793K/7683K, paused 1ms+2ms
D/NetUpdate( 1924): progressValue--->0
D/NetUpdate( 1924): mWriteSD--->false
D/NetUpdate( 1924): mBootCheckZipExist--->false
D/NetFirmwareService( 1267): MSG_CREATE_CHECK_THREAD
D/NetFirmwareService( 1267): MSG_GET_VERSION_CODE
D/NetFirmwareService( 1267): Download URL = http://update.coship.com/update/system/S1001/002104/versioncode.dat
D/NetFirmwareService( 1267): Save file in path = /data/data/com.coship.netfirmware/temp.dat
D/NetFirmwareService( 1267): Set download thread number = 2
D/DownloadTask( 1267): mDesFilePath =/data/data/com.coship.netfirmware/temp.dat
D/DownloadTask( 1267): mRecordFile =/data/data/com.coship.netfirmware/temp.dat.cdl.Record
D/DownloadTask( 1267): mfilePath =/data/data/com.coship.netfirmware/temp.dat.cdl
W/ActivityThread( 1267): ClassLoader.loadClass: The class loader returned by Thread.getContextClassLoader() may fail for processes that host multiple applications. You should explicitly specify a context class loader. For example: Thread.setContextClassLoader(getClass().getClassLoader());
D/dalvikvm( 1267): GC_CONCURRENT freed 339K, 62% free 2545K/6595K, paused 1ms+1ms
I/DownloadTask( 1267): Date:Wed, 24 Apr 2013 14:48:35 GMT
I/DownloadTask( 1267): Server:Apache/2.2.11 (Unix)
I/DownloadTask( 1267): Last-Modified:Wed, 24 Apr 2013 10:50:01 GMT
I/DownloadTask( 1267): ETag:"18800c-21-4db19104d2840"
I/DownloadTask( 1267): Accept-Ranges:bytes
I/DownloadTask( 1267): Content-Length:33
I/DownloadTask( 1267): Keep-Alive:timeout=5, max=100
I/DownloadTask( 1267): Connection:Keep-Alive
I/DownloadTask( 1267): Content-Type:text/plain
D/dalvikvm( 1267): GC_CONCURRENT freed 412K, 60% free 2767K/6915K, paused 1ms+2ms
D/DownloadTask( 1267): server accept range
D/DownloadTask( 1267): initTaskRecord currentSize=-1
D/DownloadTask( 1267): totalSize=-1
D/DownloadTask( 1267): magicID=abc
D/DownloadTask( 1267): mCurrentSize=0
D/DownloadTask( 1267): mTotalSize=33
D/DownloadTask( 1267): mMagicID=null
D/DownloadTask( 1267): The record is invalid, need reset record
D/NetUpdate( 1924): progressValue--->0
D/NetUpdate( 1924): mWriteSD--->false
D/NetUpdate( 1924): mBootCheckZipExist--->false
I/System  ( 1267): Loaded time zone names for  in 609ms (598ms in ICU)
I/System  ( 1267): Loaded time zone names for en_US in 406ms (402ms in ICU)
D/HomePlayerLib( 1691): hostaddress count is 1
D/dalvikvm( 1691): GC_CONCURRENT freed 702K, 63% free 2861K/7683K, paused 2ms+2ms
D/NetUpdate( 1924): progressValue--->0
D/NetUpdate( 1924): mWriteSD--->false
D/NetUpdate( 1924): mBootCheckZipExist--->false
D/dalvikvm( 1691): GC_CONCURRENT freed 790K, 63% free 2881K/7683K, paused 3ms+2ms
I/System  ( 1267): Loaded time zone names for zh_CN in 461ms (459ms in ICU)
D/WriteDataInStorageThread( 1267): write file name = /data/data/com.coship.netfirmware/temp.dat.cdl
D/dalvikvm( 1267): GC_FOR_ALLOC freed 555K, 60% free 2904K/7171K, paused 22ms
I/dalvikvm-heap( 1267): Grow heap (frag case) to 6.933MB for 524304-byte allocation
D/dalvikvm( 1267): GC_FOR_ALLOC freed <1K, 56% free 3416K/7747K, paused 16ms
D/dalvikvm( 1267): GC_FOR_ALLOC freed 29K, 57% free 3392K/7747K, paused 20ms
I/dalvikvm-heap( 1267): Grow heap (frag case) to 7.410MB for 524304-byte allocation
D/dalvikvm( 1691): GC_CONCURRENT freed 821K, 64% free 2821K/7683K, paused 2ms+3ms
D/dalvikvm( 1267): GC_FOR_ALLOC freed 0K, 54% free 3904K/8323K, paused 14ms
V/DownloadTask( 1267): finishedThreadNum--->0
V/DownloadTask( 1267): mThreadNum--->2
D/NetFirmwareService( 1267): DownloadConstants.TASK_STATUS_RUNNING
D/NetFirmwareService( 1267): MSG_VER_CODE_STATUS_CHANGE
D/NetFirmwareService( 1267): MSG_VER_CODE_STATUS_CHANGE
D/dalvikvm( 1691): GC_CONCURRENT freed 733K, 64% free 2790K/7683K, paused 2ms+3ms
D/dalvikvm( 1691): GC_CONCURRENT freed 703K, 63% free 2867K/7683K, paused 2ms+2ms
V/DownloadTask( 1267): finishedThreadNum--->0
V/DownloadTask( 1267): mThreadNum--->2
D/NetFirmwareService( 1267): DownloadConstants.TASK_STATUS_RUNNING
D/NetFirmwareService( 1267): MSG_VER_CODE_STATUS_CHANGE
D/dalvikvm( 1691): GC_CONCURRENT freed 800K, 64% free 2790K/7683K, paused 2ms+3ms
D/NetUpdate( 1924): progressValue--->0
D/NetUpdate( 1924): mWriteSD--->false
D/NetUpdate( 1924): mBootCheckZipExist--->false
V/DownloadTask( 1267): finishedThreadNum--->0
V/DownloadTask( 1267): mThreadNum--->2
D/NetFirmwareService( 1267): DownloadConstants.TASK_STATUS_RUNNING
D/NetFirmwareService( 1267): MSG_VER_CODE_STATUS_CHANGE
V/DownloadTask( 1267): finishedThreadNum--->0
V/DownloadTask( 1267): mThreadNum--->2
D/NetFirmwareService( 1267): DownloadConstants.TASK_STATUS_RUNNING
D/NetFirmwareService( 1267): MSG_VER_CODE_STATUS_CHANGE
D/NetUpdate( 1924): progressValue--->0
D/NetUpdate( 1924): mWriteSD--->false
D/NetUpdate( 1924): mBootCheckZipExist--->false
V/DownloadTask( 1267): finishedThreadNum--->0
V/DownloadTask( 1267): mThreadNum--->2
D/NetFirmwareService( 1267): DownloadConstants.TASK_STATUS_RUNNING
D/NetFirmwareService( 1267): MSG_VER_CODE_STATUS_CHANGE
V/DownloadTask( 1267): finishedThreadNum--->0
V/DownloadTask( 1267): mThreadNum--->2
D/NetFirmwareService( 1267): DownloadConstants.TASK_STATUS_RUNNING
D/NetFirmwareService( 1267): MSG_VER_CODE_STATUS_CHANGE
D/NetUpdate( 1924): progressValue--->0
D/NetUpdate( 1924): mWriteSD--->false
D/NetUpdate( 1924): mBootCheckZipExist--->false
V/DownloadTask( 1267): finishedThreadNum--->0
V/DownloadTask( 1267): mThreadNum--->2
D/NetFirmwareService( 1267): DownloadConstants.TASK_STATUS_RUNNING
D/NetFirmwareService( 1267): MSG_VER_CODE_STATUS_CHANGE
V/DownloadTask( 1267): finishedThreadNum--->0
V/DownloadTask( 1267): mThreadNum--->2
D/NetFirmwareService( 1267): DownloadConstants.TASK_STATUS_RUNNING
D/NetFirmwareService( 1267): MSG_VER_CODE_STATUS_CHANGE
D/NetUpdate( 1924): progressValue--->0
D/NetUpdate( 1924): mWriteSD--->false
D/NetUpdate( 1924): mBootCheckZipExist--->false
V/DownloadTask( 1267): finishedThreadNum--->0
V/DownloadTask( 1267): mThreadNum--->2
D/NetFirmwareService( 1267): DownloadConstants.TASK_STATUS_RUNNING
D/NetFirmwareService( 1267): MSG_VER_CODE_STATUS_CHANGE
V/DownloadTask( 1267): finishedThreadNum--->0
V/DownloadTask( 1267): mThreadNum--->2
D/NetFirmwareService( 1267): DownloadConstants.TASK_STATUS_RUNNING
D/NetFirmwareService( 1267): MSG_VER_CODE_STATUS_CHANGE
D/NetUpdate( 1924): progressValue--->0
D/NetUpdate( 1924): mWriteSD--->false
D/NetUpdate( 1924): mBootCheckZipExist--->false
V/DownloadTask( 1267): finishedThreadNum--->0
V/DownloadTask( 1267): mThreadNum--->2
D/NetFirmwareService( 1267): DownloadConstants.TASK_STATUS_RUNNING
D/NetFirmwareService( 1267): MSG_VER_CODE_STATUS_CHANGE
V/DownloadTask( 1267): finishedThreadNum--->0
V/DownloadTask( 1267): mThreadNum--->2
D/NetFirmwareService( 1267): DownloadConstants.TASK_STATUS_RUNNING
D/NetFirmwareService( 1267): MSG_VER_CODE_STATUS_CHANGE
D/NetUpdate( 1924): progressValue--->0
D/NetUpdate( 1924): mWriteSD--->false
D/NetUpdate( 1924): mBootCheckZipExist--->false
V/DownloadTask( 1267): finishedThreadNum--->0
V/DownloadTask( 1267): mThreadNum--->2
D/NetFirmwareService( 1267): DownloadConstants.TASK_STATUS_RUNNING
D/NetFirmwareService( 1267): MSG_VER_CODE_STATUS_CHANGE
V/DownloadTask( 1267): finishedThreadNum--->0
V/DownloadTask( 1267): mThreadNum--->2
D/NetFirmwareService( 1267): DownloadConstants.TASK_STATUS_RUNNING
D/NetFirmwareService( 1267): MSG_VER_CODE_STATUS_CHANGE
D/NetUpdate( 1924): progressValue--->0
D/NetUpdate( 1924): mWriteSD--->false
D/NetUpdate( 1924): mBootCheckZipExist--->false
V/DownloadTask( 1267): finishedThreadNum--->0
V/DownloadTask( 1267): mThreadNum--->2
D/NetFirmwareService( 1267): DownloadConstants.TASK_STATUS_RUNNING
D/NetFirmwareService( 1267): MSG_VER_CODE_STATUS_CHANGE
V/DownloadTask( 1267): finishedThreadNum--->0
V/DownloadTask( 1267): mThreadNum--->2
D/NetFirmwareService( 1267): DownloadConstants.TASK_STATUS_RUNNING
D/NetFirmwareService( 1267): MSG_VER_CODE_STATUS_CHANGE
D/NetUpdate( 1924): progressValue--->0
D/NetUpdate( 1924): mWriteSD--->false
D/NetUpdate( 1924): mBootCheckZipExist--->false
D/dalvikvm( 1691): GC_CONCURRENT freed 703K, 64% free 2778K/7683K, paused 2ms+2ms
V/DownloadTask( 1267): finishedThreadNum--->0
V/DownloadTask( 1267): mThreadNum--->2
D/NetFirmwareService( 1267): DownloadConstants.TASK_STATUS_RUNNING
D/NetFirmwareService( 1267): MSG_VER_CODE_STATUS_CHANGE
D/dalvikvm( 1691): GC_CONCURRENT freed 689K, 64% free 2794K/7683K, paused 2ms+2ms
D/dalvikvm( 1691): GC_CONCURRENT freed 706K, 64% free 2793K/7683K, paused 2ms+2ms
V/DownloadTask( 1267): finishedThreadNum--->0
V/DownloadTask( 1267): mThreadNum--->2
D/NetFirmwareService( 1267): DownloadConstants.TASK_STATUS_RUNNING
D/NetFirmwareService( 1267): MSG_VER_CODE_STATUS_CHANGE
D/NetUpdate( 1924): progressValue--->0
D/NetUpdate( 1924): mWriteSD--->false
D/NetUpdate( 1924): mBootCheckZipExist--->false
V/DownloadTask( 1267): finishedThreadNum--->0
V/DownloadTask( 1267): mThreadNum--->2
D/NetFirmwareService( 1267): DownloadConstants.TASK_STATUS_RUNNING
D/NetFirmwareService( 1267): MSG_VER_CODE_STATUS_CHANGE
V/DownloadTask( 1267): finishedThreadNum--->0
V/DownloadTask( 1267): mThreadNum--->2
D/NetFirmwareService( 1267): DownloadConstants.TASK_STATUS_RUNNING
D/NetFirmwareService( 1267): MSG_VER_CODE_STATUS_CHANGE
D/dhcpcd  ( 2697): sending DHCP_DISCOVER with xid 0xf0a04d0e, next in 64.20 seconds
D/NetUpdate( 1924): progressValue--->0
D/NetUpdate( 1924): mWriteSD--->false
D/NetUpdate( 1924): mBootCheckZipExist--->false
V/DownloadTask( 1267): finishedThreadNum--->0
V/DownloadTask( 1267): mThreadNum--->2
D/NetFirmwareService( 1267): DownloadConstants.TASK_STATUS_RUNNING
D/NetFirmwareService( 1267): MSG_VER_CODE_STATUS_CHANGE
V/DownloadTask( 1267): finishedThreadNum--->0
V/DownloadTask( 1267): mThreadNum--->2
D/NetFirmwareService( 1267): DownloadConstants.TASK_STATUS_RUNNING
D/NetFirmwareService( 1267): MSG_VER_CODE_STATUS_CHANGE
D/HomePlayerLib( 1691): hostaddress count is 1
D/dalvikvm( 1691): GC_CONCURRENT freed 699K, 62% free 2986K/7683K, paused 1ms+2ms
D/NetUpdate( 1924): progressValue--->0
D/NetUpdate( 1924): mWriteSD--->false
D/NetUpdate( 1924): mBootCheckZipExist--->false
D/dalvikvm( 1691): GC_CONCURRENT freed 952K, 63% free 2864K/7683K, paused 2ms+2ms
D/dalvikvm( 1691): GC_CONCURRENT freed 782K, 64% free 2785K/7683K, paused 2ms+3ms
V/DownloadTask( 1267): finishedThreadNum--->0
V/DownloadTask( 1267): mThreadNum--->2
D/NetFirmwareService( 1267): DownloadConstants.TASK_STATUS_RUNNING
D/NetFirmwareService( 1267): MSG_VER_CODE_STATUS_CHANGE
D/dalvikvm( 1691): GC_CONCURRENT freed 691K, 64% free 2796K/7683K, paused 1ms+2ms
D/dalvikvm( 1691): GC_CONCURRENT freed 693K, 63% free 2891K/7683K, paused 2ms+2ms
V/DownloadTask( 1267): finishedThreadNum--->0
V/DownloadTask( 1267): mThreadNum--->2
D/NetFirmwareService( 1267): DownloadConstants.TASK_STATUS_RUNNING
D/NetFirmwareService( 1267): MSG_VER_CODE_STATUS_CHANGE
D/dalvikvm( 1691): GC_CONCURRENT freed 831K, 63% free 2887K/7683K, paused 1ms+2ms
D/NetUpdate( 1924): progressValue--->0
D/NetUpdate( 1924): mWriteSD--->false
D/NetUpdate( 1924): mBootCheckZipExist--->false
D/dalvikvm( 1691): GC_CONCURRENT freed 829K, 64% free 2788K/7683K, paused 2ms+2ms
V/DownloadTask( 1267): finishedThreadNum--->0
V/DownloadTask( 1267): mThreadNum--->2
D/NetFirmwareService( 1267): DownloadConstants.TASK_STATUS_RUNNING
D/NetFirmwareService( 1267): MSG_VER_CODE_STATUS_CHANGE
D/dalvikvm( 1691): GC_CONCURRENT freed 704K, 64% free 2771K/7683K, paused 1ms+2ms
V/DownloadTask( 1267): finishedThreadNum--->0
V/DownloadTask( 1267): mThreadNum--->2
D/NetFirmwareService( 1267): DownloadConstants.TASK_STATUS_RUNNING
D/NetFirmwareService( 1267): MSG_VER_CODE_STATUS_CHANGE
D/dalvikvm( 1691): GC_CONCURRENT freed 679K, 64% free 2774K/7683K, paused 2ms+2ms
D/NetUpdate( 1924): progressValue--->0
D/NetUpdate( 1924): mWriteSD--->false
D/NetUpdate( 1924): mBootCheckZipExist--->false
D/dalvikvm( 1691): GC_CONCURRENT freed 663K, 64% free 2775K/7683K, paused 2ms+2ms
V/DownloadTask( 1267): finishedThreadNum--->0
V/DownloadTask( 1267): mThreadNum--->2
D/NetFirmwareService( 1267): DownloadConstants.TASK_STATUS_RUNNING
D/NetFirmwareService( 1267): MSG_VER_CODE_STATUS_CHANGE
E/dhcpcd  ( 2697): timed out
D/dhcpcd  ( 2697): executing `/system/etc/dhcpcd/dhcpcd-run-hooks', reason FAIL
D/dhcpcd  ( 2697): broadcasting for a lease
D/dhcpcd  ( 2697): sending DHCP_DISCOVER with xid 0x62d18cb3, next in 4.67 seconds
D/dalvikvm( 1691): GC_CONCURRENT freed 665K, 63% free 2896K/7683K, paused 2ms+3ms
V/DownloadTask( 1267): finishedThreadNum--->0
V/DownloadTask( 1267): mThreadNum--->2
D/NetFirmwareService( 1267): DownloadConstants.TASK_STATUS_RUNNING
D/NetFirmwareService( 1267): MSG_VER_CODE_STATUS_CHANGE
D/NetUpdate( 1924): progressValue--->0
D/NetUpdate( 1924): mWriteSD--->false
D/NetUpdate( 1924): mBootCheckZipExist--->false
V/DownloadTask( 1267): finishedThreadNum--->0
V/DownloadTask( 1267): mThreadNum--->2
D/NetFirmwareService( 1267): DownloadConstants.TASK_STATUS_RUNNING
D/NetFirmwareService( 1267): MSG_VER_CODE_STATUS_CHANGE
V/DownloadTask( 1267): finishedThreadNum--->0
V/DownloadTask( 1267): mThreadNum--->2
D/NetFirmwareService( 1267): DownloadConstants.TASK_STATUS_RUNNING
D/NetFirmwareService( 1267): MSG_VER_CODE_STATUS_CHANGE
D/NetUpdate( 1924): progressValue--->0
D/NetUpdate( 1924): mWriteSD--->false
D/NetUpdate( 1924): mBootCheckZipExist--->false
V/DownloadTask( 1267): finishedThreadNum--->0
V/DownloadTask( 1267): mThreadNum--->2
D/NetFirmwareService( 1267): DownloadConstants.TASK_STATUS_RUNNING
D/NetFirmwareService( 1267): MSG_VER_CODE_STATUS_CHANGE
V/DownloadTask( 1267): finishedThreadNum--->0
V/DownloadTask( 1267): mThreadNum--->2
D/NetFirmwareService( 1267): DownloadConstants.TASK_STATUS_RUNNING
D/NetFirmwareService( 1267): MSG_VER_CODE_STATUS_CHANGE
D/NetUpdate( 1924): progressValue--->0
D/NetUpdate( 1924): mWriteSD--->false
D/NetUpdate( 1924): mBootCheckZipExist--->false
V/DownloadTask( 1267): finishedThreadNum--->0
V/DownloadTask( 1267): mThreadNum--->2
D/NetFirmwareService( 1267): DownloadConstants.TASK_STATUS_RUNNING
D/NetFirmwareService( 1267): MSG_VER_CODE_STATUS_CHANGE
V/DownloadTask( 1267): finishedThreadNum--->0
V/DownloadTask( 1267): mThreadNum--->2
D/NetFirmwareService( 1267): DownloadConstants.TASK_STATUS_RUNNING
D/NetFirmwareService( 1267): MSG_VER_CODE_STATUS_CHANGE
D/NetUpdate( 1924): progressValue--->0
D/NetUpdate( 1924): mWriteSD--->false
D/NetUpdate( 1924): mBootCheckZipExist--->false
V/DownloadTask( 1267): finishedThreadNum--->0
V/DownloadTask( 1267): mThreadNum--->2
D/NetFirmwareService( 1267): DownloadConstants.TASK_STATUS_RUNNING
D/NetFirmwareService( 1267): MSG_VER_CODE_STATUS_CHANGE
V/DownloadTask( 1267): finishedThreadNum--->0
V/DownloadTask( 1267): mThreadNum--->2
D/NetFirmwareService( 1267): DownloadConstants.TASK_STATUS_RUNNING
D/NetFirmwareService( 1267): MSG_VER_CODE_STATUS_CHANGE
D/NetUpdate( 1924): progressValue--->0
D/NetUpdate( 1924): mWriteSD--->false
D/NetUpdate( 1924): mBootCheckZipExist--->false
D/dhcpcd  ( 2697): sending DHCP_DISCOVER with xid 0x62d18cb3, next in 8.18 seconds
V/DownloadTask( 1267): finishedThreadNum--->0
V/DownloadTask( 1267): mThreadNum--->2
D/NetFirmwareService( 1267): DownloadConstants.TASK_STATUS_RUNNING
D/NetFirmwareService( 1267): MSG_VER_CODE_STATUS_CHANGE
V/DownloadTask( 1267): finishedThreadNum--->0
V/DownloadTask( 1267): mThreadNum--->2
D/NetFirmwareService( 1267): DownloadConstants.TASK_STATUS_RUNNING
D/NetFirmwareService( 1267): MSG_VER_CODE_STATUS_CHANGE
D/NetUpdate( 1924): progressValue--->0
D/NetUpdate( 1924): mWriteSD--->false
D/NetUpdate( 1924): mBootCheckZipExist--->false
D/dalvikvm( 1691): GC_CONCURRENT freed 825K, 63% free 2899K/7683K, paused 2ms+2ms
V/DownloadTask( 1267): finishedThreadNum--->0
V/DownloadTask( 1267): mThreadNum--->2
D/NetFirmwareService( 1267): DownloadConstants.TASK_STATUS_RUNNING
D/NetFirmwareService( 1267): MSG_VER_CODE_STATUS_CHANGE
D/dalvikvm( 1691): GC_CONCURRENT freed 827K, 64% free 2781K/7683K, paused 2ms+2ms
D/dalvikvm( 1691): GC_CONCURRENT freed 693K, 64% free 2794K/7683K, paused 2ms+2ms
V/DownloadTask( 1267): finishedThreadNum--->0
V/DownloadTask( 1267): mThreadNum--->2
D/NetFirmwareService( 1267): DownloadConstants.TASK_STATUS_RUNNING
D/NetFirmwareService( 1267): MSG_VER_CODE_STATUS_CHANGE
D/NetUpdate( 1924): progressValue--->0
D/NetUpdate( 1924): mWriteSD--->false
D/NetUpdate( 1924): mBootCheckZipExist--->false
V/DownloadTask( 1267): finishedThreadNum--->0
V/DownloadTask( 1267): mThreadNum--->2
D/NetFirmwareService( 1267): DownloadConstants.TASK_STATUS_RUNNING
D/NetFirmwareService( 1267): MSG_VER_CODE_STATUS_CHANGE
V/DownloadTask( 1267): finishedThreadNum--->0
V/DownloadTask( 1267): mThreadNum--->2
D/NetFirmwareService( 1267): DownloadConstants.TASK_STATUS_RUNNING
D/NetFirmwareService( 1267): MSG_VER_CODE_STATUS_CHANGE
D/NetUpdate( 1924): progressValue--->0
D/NetUpdate( 1924): mWriteSD--->false
D/NetUpdate( 1924): mBootCheckZipExist--->false
V/DownloadTask( 1267): finishedThreadNum--->0
V/DownloadTask( 1267): mThreadNum--->2
D/NetFirmwareService( 1267): DownloadConstants.TASK_STATUS_RUNNING
D/NetFirmwareService( 1267): MSG_VER_CODE_STATUS_CHANGE
V/DownloadTask( 1267): finishedThreadNum--->0
V/DownloadTask( 1267): mThreadNum--->2
D/NetFirmwareService( 1267): DownloadConstants.TASK_STATUS_RUNNING
D/NetFirmwareService( 1267): MSG_VER_CODE_STATUS_CHANGE
D/dalvikvm( 1691): GC_CONCURRENT freed 703K, 64% free 2774K/7683K, paused 2ms+3ms
D/HomePlayerLib( 1691): hostaddress count is 1
D/dalvikvm( 1691): GC_CONCURRENT freed 671K, 64% free 2772K/7683K, paused 2ms+2ms
D/NetUpdate( 1924): progressValue--->0
D/NetUpdate( 1924): mWriteSD--->false
D/NetUpdate( 1924): mBootCheckZipExist--->false
D/dalvikvm( 1691): GC_CONCURRENT freed 673K, 64% free 2777K/7683K, paused 1ms+2ms
D/dalvikvm(  954): GC_CONCURRENT freed 711K, 65% free 3650K/10307K, paused 2ms+3ms
V/DownloadTask( 1267): finishedThreadNum--->0
V/DownloadTask( 1267): mThreadNum--->2
D/NetFirmwareService( 1267): DownloadConstants.TASK_STATUS_RUNNING
D/NetFirmwareService( 1267): MSG_VER_CODE_STATUS_CHANGE
D/dalvikvm( 1691): GC_CONCURRENT freed 661K, 64% free 2778K/7683K, paused 2ms+2ms
D/dalvikvm( 1691): GC_CONCURRENT freed 663K, 64% free 2777K/7683K, paused 2ms+3ms
D/dalvikvm( 1691): GC_CONCURRENT freed 664K, 64% free 2779K/7683K, paused 2ms+3ms
V/DownloadTask( 1267): finishedThreadNum--->0
V/DownloadTask( 1267): mThreadNum--->2
D/NetFirmwareService( 1267): DownloadConstants.TASK_STATUS_RUNNING
D/NetFirmwareService( 1267): MSG_VER_CODE_STATUS_CHANGE
D/NetUpdate( 1924): progressValue--->0
D/NetUpdate( 1924): mWriteSD--->false
D/NetUpdate( 1924): mBootCheckZipExist--->false
V/DownloadTask( 1267): finishedThreadNum--->0
V/DownloadTask( 1267): mThreadNum--->2
D/NetFirmwareService( 1267): DownloadConstants.TASK_STATUS_RUNNING
D/NetFirmwareService( 1267): MSG_VER_CODE_STATUS_CHANGE
V/DownloadTask( 1267): finishedThreadNum--->0
V/DownloadTask( 1267): mThreadNum--->2
D/NetFirmwareService( 1267): DownloadConstants.TASK_STATUS_RUNNING
D/NetFirmwareService( 1267): MSG_VER_CODE_STATUS_CHANGE
D/NetUpdate( 1924): progressValue--->0
D/NetUpdate( 1924): mWriteSD--->false
D/NetUpdate( 1924): mBootCheckZipExist--->false
V/DownloadTask( 1267): finishedThreadNum--->0
V/DownloadTask( 1267): mThreadNum--->2
D/NetFirmwareService( 1267): DownloadConstants.TASK_STATUS_RUNNING
D/NetFirmwareService( 1267): MSG_VER_CODE_STATUS_CHANGE
V/DownloadTask( 1267): finishedThreadNum--->0
V/DownloadTask( 1267): mThreadNum--->2
D/NetFirmwareService( 1267): DownloadConstants.TASK_STATUS_RUNNING
D/NetFirmwareService( 1267): MSG_VER_CODE_STATUS_CHANGE
D/NetUpdate( 1924): progressValue--->0
D/NetUpdate( 1924): mWriteSD--->false
D/NetUpdate( 1924): mBootCheckZipExist--->false
V/DownloadTask( 1267): finishedThreadNum--->0
V/DownloadTask( 1267): mThreadNum--->2
D/NetFirmwareService( 1267): DownloadConstants.TASK_STATUS_RUNNING
D/NetFirmwareService( 1267): MSG_VER_CODE_STATUS_CHANGE
D/dalvikvm( 1691): GC_CONCURRENT freed 688K, 65% free 2760K/7683K, paused 2ms+2ms
V/DownloadTask( 1267): finishedThreadNum--->0
V/DownloadTask( 1267): mThreadNum--->2
D/NetFirmwareService( 1267): DownloadConstants.TASK_STATUS_RUNNING
D/NetFirmwareService( 1267): MSG_VER_CODE_STATUS_CHANGE
D/NetUpdate( 1924): progressValue--->0
D/NetUpdate( 1924): mWriteSD--->false
D/NetUpdate( 1924): mBootCheckZipExist--->false
D/dhcpcd  ( 2697): sending DHCP_DISCOVER with xid 0x62d18cb3, next in 16.84 seconds
V/DownloadTask( 1267): finishedThreadNum--->0
V/DownloadTask( 1267): mThreadNum--->2
D/NetFirmwareService( 1267): DownloadConstants.TASK_STATUS_RUNNING
D/NetFirmwareService( 1267): MSG_VER_CODE_STATUS_CHANGE
V/DownloadTask( 1267): finishedThreadNum--->0
V/DownloadTask( 1267): mThreadNum--->2
D/NetFirmwareService( 1267): DownloadConstants.TASK_STATUS_RUNNING
D/NetFirmwareService( 1267): MSG_VER_CODE_STATUS_CHANGE
D/NetUpdate( 1924): progressValue--->0
D/NetUpdate( 1924): mWriteSD--->false
D/NetUpdate( 1924): mBootCheckZipExist--->false
V/DownloadTask( 1267): finishedThreadNum--->0
V/DownloadTask( 1267): mThreadNum--->2
D/NetFirmwareService( 1267): DownloadConstants.TASK_STATUS_RUNNING
D/NetFirmwareService( 1267): MSG_VER_CODE_STATUS_CHANGE
V/DownloadTask( 1267): finishedThreadNum--->0
V/DownloadTask( 1267): mThreadNum--->2
D/NetFirmwareService( 1267): DownloadConstants.TASK_STATUS_RUNNING
D/NetFirmwareService( 1267): MSG_VER_CODE_STATUS_CHANGE
D/NetUpdate( 1924): progressValue--->0
D/NetUpdate( 1924): mWriteSD--->false
D/NetUpdate( 1924): mBootCheckZipExist--->false
V/DownloadTask( 1267): finishedThreadNum--->0
V/DownloadTask( 1267): mThreadNum--->2
D/NetFirmwareService( 1267): DownloadConstants.TASK_STATUS_RUNNING
D/NetFirmwareService( 1267): MSG_VER_CODE_STATUS_CHANGE
V/DownloadTask( 1267): finishedThreadNum--->0
V/DownloadTask( 1267): mThreadNum--->2
D/NetFirmwareService( 1267): DownloadConstants.TASK_STATUS_RUNNING
D/NetFirmwareService( 1267): MSG_VER_CODE_STATUS_CHANGE
D/NetUpdate( 1924): progressValue--->0
D/NetUpdate( 1924): mWriteSD--->false
D/NetUpdate( 1924): mBootCheckZipExist--->false
V/DownloadTask( 1267): finishedThreadNum--->0
V/DownloadTask( 1267): mThreadNum--->2
D/NetFirmwareService( 1267): DownloadConstants.TASK_STATUS_RUNNING
D/NetFirmwareService( 1267): MSG_VER_CODE_STATUS_CHANGE
V/DownloadTask( 1267): finishedThreadNum--->0
V/DownloadTask( 1267): mThreadNum--->2
D/NetFirmwareService( 1267): DownloadConstants.TASK_STATUS_RUNNING
D/NetFirmwareService( 1267): MSG_VER_CODE_STATUS_CHANGE
D/NetUpdate( 1924): progressValue--->0
D/NetUpdate( 1924): mWriteSD--->false
D/NetUpdate( 1924): mBootCheckZipExist--->false
D/dalvikvm( 1691): GC_CONCURRENT freed 663K, 65% free 2761K/7683K, paused 2ms+2ms
V/DownloadTask( 1267): finishedThreadNum--->0
V/DownloadTask( 1267): mThreadNum--->2
D/NetFirmwareService( 1267): DownloadConstants.TASK_STATUS_RUNNING
D/NetFirmwareService( 1267): MSG_VER_CODE_STATUS_CHANGE
D/dalvikvm( 1691): GC_CONCURRENT freed 666K, 64% free 2787K/7683K, paused 2ms+2ms
V/DownloadTask( 1267): finishedThreadNum--->0
V/DownloadTask( 1267): mThreadNum--->2
D/NetFirmwareService( 1267): DownloadConstants.TASK_STATUS_RUNNING
D/NetFirmwareService( 1267): MSG_VER_CODE_STATUS_CHANGE
D/NetUpdate( 1924): progressValue--->0
D/NetUpdate( 1924): mWriteSD--->false
D/NetUpdate( 1924): mBootCheckZipExist--->false
V/DownloadTask( 1267): finishedThreadNum--->0
V/DownloadTask( 1267): mThreadNum--->2
D/NetFirmwareService( 1267): DownloadConstants.TASK_STATUS_RUNNING
D/NetFirmwareService( 1267): MSG_VER_CODE_STATUS_CHANGE
V/DownloadTask( 1267): finishedThreadNum--->0
V/DownloadTask( 1267): mThreadNum--->2
D/NetFirmwareService( 1267): DownloadConstants.TASK_STATUS_RUNNING
D/NetFirmwareService( 1267): MSG_VER_CODE_STATUS_CHANGE
D/dalvikvm( 1691): GC_CONCURRENT freed 701K, 63% free 2875K/7683K, paused 2ms+2ms
D/dalvikvm( 1140): GC_CONCURRENT freed 788K, 61% free 2957K/7491K, paused 1ms+3ms
D/NetUpdate( 1924): progressValue--->0
D/NetUpdate( 1924): mWriteSD--->false
D/NetUpdate( 1924): mBootCheckZipExist--->false
V/DownloadTask( 1267): finishedThreadNum--->0
V/DownloadTask( 1267): mThreadNum--->2
D/NetFirmwareService( 1267): DownloadConstants.TASK_STATUS_RUNNING
D/NetFirmwareService( 1267): MSG_VER_CODE_STATUS_CHANGE
D/dalvikvm( 1691): GC_CONCURRENT freed 799K, 64% free 2831K/7683K, paused 2ms+2ms
D/dalvikvm( 1691): GC_CONCURRENT freed 744K, 64% free 2818K/7683K, paused 2ms+2ms
V/DownloadTask( 1267): finishedThreadNum--->0
V/DownloadTask( 1267): mThreadNum--->2
D/NetFirmwareService( 1267): DownloadConstants.TASK_STATUS_RUNNING
D/NetFirmwareService( 1267): MSG_VER_CODE_STATUS_CHANGE
D/dalvikvm( 1691): GC_CONCURRENT freed 732K, 64% free 2788K/7683K, paused 2ms+2ms
D/HomePlayerLib( 1691): hostaddress count is 1
D/dalvikvm( 1691): GC_CONCURRENT freed 685K, 63% free 2884K/7683K, paused 2ms+2ms
D/NetUpdate( 1924): progressValue--->0
D/NetUpdate( 1924): mWriteSD--->false
D/NetUpdate( 1924): mBootCheckZipExist--->false
D/dalvikvm( 1691): GC_CONCURRENT freed 825K, 62% free 2945K/7683K, paused 2ms+3ms
D/dalvikvm( 1691): GC_CONCURRENT freed 885K, 64% free 2780K/7683K, paused 2ms+3ms
V/DownloadTask( 1267): finishedThreadNum--->0
V/DownloadTask( 1267): mThreadNum--->2
D/NetFirmwareService( 1267): DownloadConstants.TASK_STATUS_RUNNING
D/NetFirmwareService( 1267): MSG_VER_CODE_STATUS_CHANGE
D/dalvikvm( 1691): GC_CONCURRENT freed 690K, 63% free 2880K/7683K, paused 1ms+2ms
D/dalvikvm( 1691): GC_CONCURRENT freed 809K, 64% free 2824K/7683K, paused 2ms+2ms
V/DownloadTask( 1267): finishedThreadNum--->0
V/DownloadTask( 1267): mThreadNum--->2
D/NetFirmwareService( 1267): DownloadConstants.TASK_STATUS_RUNNING
D/NetFirmwareService( 1267): MSG_VER_CODE_STATUS_CHANGE
D/dalvikvm( 1691): GC_CONCURRENT freed 748K, 64% free 2780K/7683K, paused 2ms+2ms
D/NetUpdate( 1924): progressValue--->0
D/NetUpdate( 1924): mWriteSD--->false
D/NetUpdate( 1924): mBootCheckZipExist--->false
D/dalvikvm( 1691): GC_CONCURRENT freed 692K, 64% free 2788K/7683K, paused 3ms+3ms
V/DownloadTask( 1267): finishedThreadNum--->0
V/DownloadTask( 1267): mThreadNum--->2
D/NetFirmwareService( 1267): DownloadConstants.TASK_STATUS_RUNNING
D/NetFirmwareService( 1267): MSG_VER_CODE_STATUS_CHANGE
D/dalvikvm( 1691): GC_CONCURRENT freed 679K, 64% free 2820K/7683K, paused 2ms+3ms
V/DownloadTask( 1267): finishedThreadNum--->0
V/DownloadTask( 1267): mThreadNum--->2
D/NetFirmwareService( 1267): DownloadConstants.TASK_STATUS_RUNNING
D/NetFirmwareService( 1267): MSG_VER_CODE_STATUS_CHANGE
D/NetUpdate( 1924): progressValue--->0
D/NetUpdate( 1924): mWriteSD--->false
D/NetUpdate( 1924): mBootCheckZipExist--->false
V/DownloadTask( 1267): finishedThreadNum--->0
V/DownloadTask( 1267): mThreadNum--->2
D/NetFirmwareService( 1267): DownloadConstants.TASK_STATUS_RUNNING
D/NetFirmwareService( 1267): MSG_VER_CODE_STATUS_CHANGE
V/DownloadTask( 1267): finishedThreadNum--->0
V/DownloadTask( 1267): mThreadNum--->2
D/NetFirmwareService( 1267): DownloadConstants.TASK_STATUS_RUNNING
D/NetFirmwareService( 1267): MSG_VER_CODE_STATUS_CHANGE
D/NetUpdate( 1924): progressValue--->0
D/NetUpdate( 1924): mWriteSD--->false
D/NetUpdate( 1924): mBootCheckZipExist--->false
V/DownloadTask( 1267): finishedThreadNum--->0
V/DownloadTask( 1267): mThreadNum--->2
D/NetFirmwareService( 1267): DownloadConstants.TASK_STATUS_RUNNING
D/NetFirmwareService( 1267): MSG_VER_CODE_STATUS_CHANGE
V/DownloadTask( 1267): finishedThreadNum--->0
V/DownloadTask( 1267): mThreadNum--->2
D/NetFirmwareService( 1267): DownloadConstants.TASK_STATUS_RUNNING
D/NetFirmwareService( 1267): MSG_VER_CODE_STATUS_CHANGE
D/NetUpdate( 1924): progressValue--->0
D/NetUpdate( 1924): mWriteSD--->false
D/NetUpdate( 1924): mBootCheckZipExist--->false
V/DownloadTask( 1267): finishedThreadNum--->0
V/DownloadTask( 1267): mThreadNum--->2
D/NetFirmwareService( 1267): DownloadConstants.TASK_STATUS_RUNNING
D/NetFirmwareService( 1267): MSG_VER_CODE_STATUS_CHANGE
V/DownloadTask( 1267): finishedThreadNum--->0
V/DownloadTask( 1267): mThreadNum--->2
D/NetFirmwareService( 1267): DownloadConstants.TASK_STATUS_RUNNING
D/NetFirmwareService( 1267): MSG_VER_CODE_STATUS_CHANGE
D/NetUpdate( 1924): progressValue--->0
D/NetUpdate( 1924): mWriteSD--->false
D/NetUpdate( 1924): mBootCheckZipExist--->false
V/DownloadTask( 1267): finishedThreadNum--->0
V/DownloadTask( 1267): mThreadNum--->2
D/NetFirmwareService( 1267): DownloadConstants.TASK_STATUS_RUNNING
D/NetFirmwareService( 1267): MSG_VER_CODE_STATUS_CHANGE
V/DownloadTask( 1267): finishedThreadNum--->0
V/DownloadTask( 1267): mThreadNum--->2
D/NetFirmwareService( 1267): DownloadConstants.TASK_STATUS_RUNNING
D/NetFirmwareService( 1267): MSG_VER_CODE_STATUS_CHANGE
D/NetUpdate( 1924): progressValue--->0
D/NetUpdate( 1924): mWriteSD--->false
D/NetUpdate( 1924): mBootCheckZipExist--->false
V/DownloadTask( 1267): finishedThreadNum--->0
V/DownloadTask( 1267): mThreadNum--->2
D/NetFirmwareService( 1267): DownloadConstants.TASK_STATUS_RUNNING
D/NetFirmwareService( 1267): MSG_VER_CODE_STATUS_CHANGE
V/DownloadTask( 1267): finishedThreadNum--->0
V/DownloadTask( 1267): mThreadNum--->2
D/NetFirmwareService( 1267): DownloadConstants.TASK_STATUS_RUNNING
D/NetFirmwareService( 1267): MSG_VER_CODE_STATUS_CHANGE
D/NetUpdate( 1924): progressValue--->0
D/NetUpdate( 1924): mWriteSD--->false
D/NetUpdate( 1924): mBootCheckZipExist--->false
V/DownloadTask( 1267): finishedThreadNum--->0
V/DownloadTask( 1267): mThreadNum--->2
D/NetFirmwareService( 1267): DownloadConstants.TASK_STATUS_RUNNING
D/NetFirmwareService( 1267): MSG_VER_CODE_STATUS_CHANGE
V/DownloadTask( 1267): finishedThreadNum--->0
V/DownloadTask( 1267): mThreadNum--->2
D/NetFirmwareService( 1267): DownloadConstants.TASK_STATUS_RUNNING
D/NetFirmwareService( 1267): MSG_VER_CODE_STATUS_CHANGE
D/NetUpdate( 1924): progressValue--->0
D/NetUpdate( 1924): mWriteSD--->false
D/NetUpdate( 1924): mBootCheckZipExist--->false
D/dalvikvm( 1691): GC_CONCURRENT freed 743K, 64% free 2775K/7683K, paused 1ms+3ms
V/DownloadTask( 1267): finishedThreadNum--->0
V/DownloadTask( 1267): mThreadNum--->2
D/NetFirmwareService( 1267): DownloadConstants.TASK_STATUS_RUNNING
D/NetFirmwareService( 1267): MSG_VER_CODE_STATUS_CHANGE
D/dalvikvm( 1691): GC_CONCURRENT freed 666K, 64% free 2820K/7683K, paused 2ms+2ms
D/dalvikvm( 1691): GC_CONCURRENT freed 746K, 64% free 2781K/7683K, paused 2ms+3ms
V/DownloadTask( 1267): finishedThreadNum--->0
V/DownloadTask( 1267): mThreadNum--->2
D/NetFirmwareService( 1267): DownloadConstants.TASK_STATUS_RUNNING
D/NetFirmwareService( 1267): MSG_VER_CODE_STATUS_CHANGE
D/NetUpdate( 1924): progressValue--->0
D/NetUpdate( 1924): mWriteSD--->false
D/NetUpdate( 1924): mBootCheckZipExist--->false
V/DownloadTask( 1267): finishedThreadNum--->0
V/DownloadTask( 1267): mThreadNum--->2
D/NetFirmwareService( 1267): DownloadConstants.TASK_STATUS_RUNNING
D/NetFirmwareService( 1267): MSG_VER_CODE_STATUS_CHANGE
V/DownloadTask( 1267): finishedThreadNum--->0
V/DownloadTask( 1267): mThreadNum--->2
D/NetFirmwareService( 1267): DownloadConstants.TASK_STATUS_RUNNING
D/NetFirmwareService( 1267): MSG_VER_CODE_STATUS_CHANGE
D/dhcpcd  ( 2697): sending DHCP_DISCOVER with xid 0x62d18cb3, next in 32.65 seconds
D/NetUpdate( 1924): progressValue--->0
D/NetUpdate( 1924): mWriteSD--->false
D/NetUpdate( 1924): mBootCheckZipExist--->false
V/DownloadTask( 1267): finishedThreadNum--->0
V/DownloadTask( 1267): mThreadNum--->2
D/NetFirmwareService( 1267): DownloadConstants.TASK_STATUS_RUNNING
D/NetFirmwareService( 1267): MSG_VER_CODE_STATUS_CHANGE
V/DownloadTask( 1267): finishedThreadNum--->0
V/DownloadTask( 1267): mThreadNum--->2
D/NetFirmwareService( 1267): DownloadConstants.TASK_STATUS_RUNNING
D/NetFirmwareService( 1267): MSG_VER_CODE_STATUS_CHANGE
D/HomePlayerLib( 1691): hostaddress count is 1
D/dalvikvm( 1691): GC_CONCURRENT freed 673K, 64% free 2770K/7683K, paused 2ms+2ms
D/dalvikvm( 1691): GC_CONCURRENT freed 659K, 64% free 2776K/7683K, paused 3ms+3ms
D/NetUpdate( 1924): progressValue--->0
D/NetUpdate( 1924): mWriteSD--->false
D/NetUpdate( 1924): mBootCheckZipExist--->false
D/dalvikvm( 1691): GC_CONCURRENT freed 658K, 63% free 2865K/7683K, paused 2ms+3ms
V/DownloadTask( 1267): finishedThreadNum--->0
V/DownloadTask( 1267): mThreadNum--->2
D/NetFirmwareService( 1267): DownloadConstants.TASK_STATUS_RUNNING
D/NetFirmwareService( 1267): MSG_VER_CODE_STATUS_CHANGE
D/dalvikvm( 1691): GC_CONCURRENT freed 784K, 64% free 2784K/7683K, paused 1ms+2ms
D/dalvikvm( 1691): GC_CONCURRENT freed 692K, 65% free 2765K/7683K, paused 2ms+2ms
D/dalvikvm( 1691): GC_CONCURRENT freed 649K, 64% free 2775K/7683K, paused 2ms+2ms
V/DownloadTask( 1267): finishedThreadNum--->0
V/DownloadTask( 1267): mThreadNum--->2
D/NetFirmwareService( 1267): DownloadConstants.TASK_STATUS_RUNNING
D/NetFirmwareService( 1267): MSG_VER_CODE_STATUS_CHANGE
D/NetUpdate( 1924): progressValue--->0
D/NetUpdate( 1924): mWriteSD--->false
D/NetUpdate( 1924): mBootCheckZipExist--->false
V/DownloadTask( 1267): finishedThreadNum--->0
V/DownloadTask( 1267): mThreadNum--->2
D/NetFirmwareService( 1267): DownloadConstants.TASK_STATUS_RUNNING
D/NetFirmwareService( 1267): MSG_VER_CODE_STATUS_CHANGE
V/DownloadTask( 1267): finishedThreadNum--->0
V/DownloadTask( 1267): mThreadNum--->2
D/NetFirmwareService( 1267): DownloadConstants.TASK_STATUS_RUNNING
D/NetFirmwareService( 1267): MSG_VER_CODE_STATUS_CHANGE
D/NetUpdate( 1924): progressValue--->0
D/NetUpdate( 1924): mWriteSD--->false
D/NetUpdate( 1924): mBootCheckZipExist--->false
V/DownloadTask( 1267): finishedThreadNum--->0
V/DownloadTask( 1267): mThreadNum--->2
D/NetFirmwareService( 1267): DownloadConstants.TASK_STATUS_RUNNING
D/NetFirmwareService( 1267): MSG_VER_CODE_STATUS_CHANGE
V/DownloadTask( 1267): finishedThreadNum--->0
V/DownloadTask( 1267): mThreadNum--->2
D/NetFirmwareService( 1267): DownloadConstants.TASK_STATUS_RUNNING
D/NetFirmwareService( 1267): MSG_VER_CODE_STATUS_CHANGE
D/NetUpdate( 1924): progressValue--->0
D/NetUpdate( 1924): mWriteSD--->false
D/NetUpdate( 1924): mBootCheckZipExist--->false
V/DownloadTask( 1267): finishedThreadNum--->0
V/DownloadTask( 1267): mThreadNum--->2
D/NetFirmwareService( 1267): DownloadConstants.TASK_STATUS_RUNNING
D/NetFirmwareService( 1267): MSG_VER_CODE_STATUS_CHANGE
V/DownloadTask( 1267): finishedThreadNum--->0
V/DownloadTask( 1267): mThreadNum--->2
D/NetFirmwareService( 1267): DownloadConstants.TASK_STATUS_RUNNING
D/NetFirmwareService( 1267): MSG_VER_CODE_STATUS_CHANGE
D/NetUpdate( 1924): progressValue--->0
D/NetUpdate( 1924): mWriteSD--->false
D/NetUpdate( 1924): mBootCheckZipExist--->false
