V/DownloadThread( 1267): read_front--->
V/DownloadTask( 1267): finishedThreadNum--->0
V/DownloadTask( 1267): mThreadNum--->2
D/NetFirmwareService( 1267): DownloadConstants.TASK_STATUS_RUNNING
D/NetFirmwareService( 1267): MSG_UPDATE_PACKAGE_STATUS_CHANGE
V/NetFirmwareService( 1267): percentValue--->39
D/NetFirmwareService( 1267): Send broadcast of download progress.
I/NetFirmwareService( 1267): initPromtDialog_SHOW!
E/WindowManager(  954): Unknown window type: 2131099651
V/DownloadThread( 1267): read_bytesRead--->8192
V/DownloadThread( 1267): read_front--->
V/DownloadThread( 1267): read_bytesRead--->8192
V/DownloadThread( 1267): read_front--->
V/DownloadThread( 1267): read_bytesRead--->8192
V/DownloadThread( 1267): read_bytesRead--->8192
V/DownloadThread( 1267): read_front--->
V/DownloadThread( 1267): read_front--->
V/DownloadThread( 1267): read_bytesRead--->8192
V/DownloadThread( 1267): read_front--->
V/DownloadThread( 1267): read_bytesRead--->812
V/DownloadThread( 1267): read_front--->
V/DownloadThread( 1267): read_bytesRead--->8192
V/DownloadThread( 1267): read_front--->
V/DownloadThread( 1267): read_bytesRead--->8192
V/DownloadThread( 1267): read_front--->
V/DownloadThread( 1267): read_bytesRead--->8192
V/DownloadThread( 1267): read_front--->
V/DownloadThread( 1267): read_bytesRead--->812
V/DownloadThread( 1267): read_front--->
V/DownloadThread( 1267): read_bytesRead--->1460
V/DownloadThread( 1267): read_front--->
V/DownloadThread( 1267): read_bytesRead--->1460
V/DownloadThread( 1267): read_front--->
V/DownloadThread( 1267): read_bytesRead--->7300
V/DownloadThread( 1267): read_bytesRead--->1460
V/DownloadThread( 1267): read_front--->
V/DownloadThread( 1267): read_front--->
V/DownloadThread( 1267): read_bytesRead--->2920
V/DownloadThread( 1267): read_front--->
V/DownloadThread( 1267): read_bytesRead--->8192
V/DownloadThread( 1267): read_front--->
V/DownloadThread( 1267): read_bytesRead--->8192
V/DownloadThread( 1267): read_front--->
V/DownloadThread( 1267): read_bytesRead--->2028
V/DownloadThread( 1267): read_front--->
V/DownloadThread( 1267): read_bytesRead--->8192
V/DownloadThread( 1267): read_front--->
V/DownloadThread( 1267): read_bytesRead--->8192
V/DownloadThread( 1267): read_front--->
V/DownloadThread( 1267): read_bytesRead--->8192
V/DownloadThread( 1267): read_front--->
V/DownloadThread( 1267): read_bytesRead--->2272
V/DownloadThread( 1267): read_front--->
V/DownloadThread( 1267): read_bytesRead--->8192
V/DownloadThread( 1267): read_front--->
V/DownloadThread( 1267): read_bytesRead--->8192
V/DownloadThread( 1267): read_front--->
V/DownloadThread( 1267): read_bytesRead--->8192
V/DownloadThread( 1267): read_front--->
V/DownloadThread( 1267): read_bytesRead--->8192
V/DownloadThread( 1267): read_front--->
V/DownloadThread( 1267): read_bytesRead--->812
V/DownloadThread( 1267): read_front--->
V/DownloadThread( 1267): read_bytesRead--->8192
V/DownloadThread( 1267): read_front--->
V/DownloadThread( 1267): read_bytesRead--->8192
V/DownloadThread( 1267): read_front--->
V/DownloadThread( 1267): read_bytesRead--->8192
V/DownloadThread( 1267): read_front--->
V/DownloadThread( 1267): read_bytesRead--->8192
V/DownloadThread( 1267): read_front--->
V/DownloadThread( 1267): read_bytesRead--->2272
V/DownloadThread( 1267): read_front--->
V/DownloadThread( 1267): read_bytesRead--->1460
V/DownloadThread( 1267): read_front--->
V/DownloadThread( 1267): read_bytesRead--->1460
V/DownloadThread( 1267): read_bytesRead--->4380
V/DownloadThread( 1267): read_bytesRead--->1460
V/DownloadThread( 1267): read_front--->
V/DownloadThread( 1267): read_front--->
V/DownloadThread( 1267): read_bytesRead--->2920
V/DownloadThread( 1267): read_front--->
V/DownloadThread( 1267): read_bytesRead--->1460
V/DownloadThread( 1267): read_front--->
V/DownloadThread( 1267): read_bytesRead--->1460
V/DownloadThread( 1267): read_front--->
V/DownloadThread( 1267): read_bytesRead--->1460
V/DownloadThread( 1267): read_front--->
V/DownloadThread( 1267): read_bytesRead--->8192
V/DownloadThread( 1267): read_front--->
V/DownloadThread( 1267): read_bytesRead--->2028
V/DownloadThread( 1267): read_front--->
V/DownloadThread( 1267): read_bytesRead--->2920
V/DownloadThread( 1267): read_front--->
V/DownloadThread( 1267): read_bytesRead--->8192
V/DownloadThread( 1267): read_front--->
V/DownloadThread( 1267): read_bytesRead--->6408
V/DownloadThread( 1267): read_front--->
V/DownloadThread( 1267): read_bytesRead--->2920
V/DownloadThread( 1267): read_front--->
V/DownloadThread( 1267): read_bytesRead--->8192
V/DownloadThread( 1267): read_front--->
V/DownloadThread( 1267): read_bytesRead--->2028
V/DownloadThread( 1267): read_front--->
V/DownloadThread( 1267): read_bytesRead--->8192
V/DownloadThread( 1267): read_front--->
V/DownloadThread( 1267): read_bytesRead--->6408
V/DownloadThread( 1267): read_front--->
V/DownloadThread( 1267): read_bytesRead--->2920
V/DownloadThread( 1267): read_front--->
V/DownloadThread( 1267): read_bytesRead--->2920
V/DownloadThread( 1267): read_front--->
V/DownloadThread( 1267): read_bytesRead--->8192
V/DownloadThread( 1267): read_front--->
V/DownloadThread( 1267): read_bytesRead--->3488
V/DownloadThread( 1267): read_front--->
V/DownloadThread( 1267): read_bytesRead--->2920
V/DownloadThread( 1267): read_front--->
V/DownloadThread( 1267): read_bytesRead--->2920
V/DownloadThread( 1267): read_front--->
V/DownloadThread( 1267): read_bytesRead--->4380
V/DownloadThread( 1267): read_front--->
V/DownloadThread( 1267): read_bytesRead--->1460
V/DownloadThread( 1267): read_front--->
V/DownloadThread( 1267): read_bytesRead--->5840
V/DownloadThread( 1267): read_front--->
V/DownloadThread( 1267): read_bytesRead--->1460
V/DownloadThread( 1267): read_front--->
V/DownloadThread( 1267): read_bytesRead--->1460
V/DownloadThread( 1267): read_front--->
V/DownloadThread( 1267): read_bytesRead--->8192
V/DownloadThread( 1267): read_front--->
V/DownloadThread( 1267): read_bytesRead--->2028
V/DownloadThread( 1267): read_front--->
V/DownloadThread( 1267): read_bytesRead--->8192
V/DownloadThread( 1267): read_front--->
V/DownloadThread( 1267): read_bytesRead--->568
V/DownloadThread( 1267): read_front--->
V/DownloadThread( 1267): read_bytesRead--->2920
V/DownloadThread( 1267): read_front--->
V/DownloadThread( 1267): read_bytesRead--->1460
V/DownloadThread( 1267): read_front--->
V/DownloadThread( 1267): read_bytesRead--->1460
V/DownloadThread( 1267): read_front--->
V/DownloadThread( 1267): read_bytesRead--->2920
V/DownloadThread( 1267): read_front--->
V/DownloadThread( 1267): read_bytesRead--->8192
V/DownloadThread( 1267): read_front--->
V/DownloadThread( 1267): read_bytesRead--->568
V/DownloadThread( 1267): read_front--->
D/WriteDataInStorageThread( 1267): write data  Pos=129959301   Length =524288  Thread =filePart1
V/DownloadThread( 1267): read_bytesRead--->8192
V/DownloadThread( 1267): read_front--->
V/DownloadThread( 1267): read_bytesRead--->3488
V/DownloadThread( 1267): read_front--->
V/DownloadThread( 1267): read_bytesRead--->8192
V/DownloadThread( 1267): read_front--->
V/DownloadThread( 1267): read_bytesRead--->3488
V/DownloadThread( 1267): read_front--->
V/DownloadThread( 1267): read_bytesRead--->1460
V/DownloadThread( 1267): read_front--->
V/DownloadThread( 1267): read_bytesRead--->1460
V/DownloadThread( 1267): read_front--->
V/DownloadThread( 1267): read_front--->
V/DownloadThread( 1267): read_bytesRead--->1460
V/DownloadThread( 1267): read_front--->
V/DownloadTask( 1267): finishedThreadNum--->0
V/DownloadTask( 1267): mThreadNum--->2
D/NetFirmwareService( 1267): DownloadConstants.TASK_STATUS_RUNNING
D/NetFirmwareService( 1267): MSG_UPDATE_PACKAGE_STATUS_CHANGE
V/NetFirmwareService( 1267): percentValue--->39
I/NetFirmwareService( 1267): initPromtDialog_SHOW!
D/NetFirmwareService( 1267): Send broadcast of download progress.
E/WindowManager(  954): Unknown window type: 2131099651
V/DownloadThread( 1267): read_bytesRead--->8192
V/DownloadThread( 1267): read_front--->
V/DownloadThread( 1267): read_bytesRead--->8192
V/DownloadThread( 1267): read_front--->
V/DownloadThread( 1267): read_bytesRead--->8192
V/DownloadThread( 1267): read_front--->
V/DownloadThread( 1267): read_bytesRead--->8192
V/DownloadThread( 1267): read_front--->
V/DownloadThread( 1267): read_bytesRead--->8192
V/DownloadThread( 1267): read_front--->
V/DownloadThread( 1267): read_bytesRead--->8192
V/DownloadThread( 1267): read_front--->
V/DownloadThread( 1267): read_bytesRead--->6328
V/DownloadThread( 1267): read_front--->
D/WriteDataInStorageThread( 1267): sendDataInStack --data length =524288 offset =33554432 file name = filePart0
D/WriteDataInStorageThread( 1267): write data  Pos=130483589   Length =524288  Thread =filePart1
V/DownloadThread( 1267): read_bytesRead--->4380
V/DownloadThread( 1267): read_front--->
V/DownloadThread( 1267): read_bytesRead--->8192
V/DownloadThread( 1267): read_front--->
V/DownloadThread( 1267): read_bytesRead--->568
V/DownloadThread( 1267): read_front--->
V/DownloadThread( 1267): mCurrentWritePos--->34078720
V/DownloadThread( 1267): read_front--->
V/DownloadThread( 1267): read_bytesRead--->6378
V/DownloadThread( 1267): read_front--->
V/DownloadThread( 1267): read_bytesRead--->8192
V/DownloadThread( 1267): read_front--->
V/DownloadThread( 1267): read_bytesRead--->8192
V/DownloadThread( 1267): read_front--->
V/DownloadThread( 1267): read_bytesRead--->8192
V/DownloadThread( 1267): read_front--->
V/DownloadThread( 1267): read_bytesRead--->8192
V/DownloadThread( 1267): read_front--->
V/DownloadThread( 1267): read_bytesRead--->8192
V/DownloadThread( 1267): read_front--->
V/DownloadThread( 1267): read_bytesRead--->8192
V/DownloadThread( 1267): read_front--->
V/DownloadThread( 1267): read_bytesRead--->8192
V/DownloadThread( 1267): read_front--->
V/DownloadThread( 1267): read_bytesRead--->8192
V/DownloadThread( 1267): read_front--->
V/DownloadThread( 1267): read_bytesRead--->8192
V/DownloadThread( 1267): read_front--->
V/DownloadThread( 1267): read_bytesRead--->8192
V/DownloadThread( 1267): read_front--->
V/DownloadThread( 1267): read_bytesRead--->8192
V/DownloadThread( 1267): read_front--->
V/DownloadThread( 1267): read_bytesRead--->2112
V/DownloadThread( 1267): read_front--->
V/DownloadThread( 1267): read_bytesRead--->4380
V/DownloadThread( 1267): read_front--->
V/DownloadThread( 1267): read_bytesRead--->8192
V/DownloadThread( 1267): read_front--->
V/DownloadThread( 1267): read_bytesRead--->6408
V/DownloadThread( 1267): read_front--->
V/DownloadThread( 1267): read_bytesRead--->4380
V/DownloadThread( 1267): read_front--->
V/DownloadThread( 1267): read_bytesRead--->1460
V/DownloadThread( 1267): read_front--->
V/DownloadThread( 1267): read_bytesRead--->1460
V/DownloadThread( 1267): read_front--->
V/DownloadThread( 1267): read_bytesRead--->1460
V/DownloadThread( 1267): read_front--->
V/DownloadThread( 1267): read_bytesRead--->1460
V/DownloadThread( 1267): read_front--->
V/DownloadThread( 1267): read_bytesRead--->1460
V/DownloadThread( 1267): read_front--->
V/DownloadThread( 1267): read_bytesRead--->2920
V/DownloadThread( 1267): read_front--->
V/DownloadThread( 1267): read_front--->
V/DownloadThread( 1267): read_bytesRead--->8192
V/DownloadThread( 1267): read_front--->
V/DownloadThread( 1267): read_bytesRead--->6408
V/DownloadThread( 1267): read_front--->
V/DownloadThread( 1267): read_bytesRead--->8192
V/DownloadThread( 1267): read_front--->
V/DownloadThread( 1267): read_bytesRead--->8192
V/DownloadThread( 1267): read_front--->
V/DownloadThread( 1267): read_bytesRead--->3976
V/DownloadThread( 1267): read_front--->
V/DownloadThread( 1267): read_bytesRead--->8192
V/DownloadThread( 1267): read_front--->
V/DownloadThread( 1267): read_bytesRead--->8192
V/DownloadThread( 1267): read_front--->
V/DownloadThread( 1267): read_bytesRead--->8192
V/DownloadThread( 1267): read_front--->
V/DownloadThread( 1267): read_bytesRead--->8192
V/DownloadThread( 1267): read_front--->
V/DownloadThread( 1267): read_bytesRead--->812
V/DownloadThread( 1267): read_front--->
V/DownloadThread( 1267): read_bytesRead--->8192
V/DownloadThread( 1267): read_front--->
V/DownloadThread( 1267): read_bytesRead--->8192
V/DownloadThread( 1267): read_front--->
V/DownloadThread( 1267): read_bytesRead--->2596
V/DownloadThread( 1267): read_front--->
V/DownloadThread( 1267): read_bytesRead--->1460
V/DownloadThread( 1267): read_front--->
V/DownloadThread( 1267): read_bytesRead--->2920
V/DownloadThread( 1267): read_front--->
V/DownloadThread( 1267): read_bytesRead--->2920
V/DownloadThread( 1267): read_front--->
V/DownloadThread( 1267): read_bytesRead--->1460
V/DownloadThread( 1267): read_front--->
V/DownloadThread( 1267): read_bytesRead--->8192
V/DownloadThread( 1267): read_front--->
V/DownloadThread( 1267): read_bytesRead--->7868
V/DownloadThread( 1267): read_front--->
V/DownloadThread( 1267): read_bytesRead--->1460
V/DownloadThread( 1267): read_front--->
V/DownloadThread( 1267): read_bytesRead--->4380
V/DownloadThread( 1267): read_front--->
V/DownloadThread( 1267): read_bytesRead--->8192
V/DownloadThread( 1267): read_front--->
V/DownloadThread( 1267): read_bytesRead--->3488
V/DownloadThread( 1267): read_front--->
V/DownloadThread( 1267): read_bytesRead--->8192
V/DownloadThread( 1267): read_front--->
V/DownloadThread( 1267): read_bytesRead--->568
V/DownloadThread( 1267): read_front--->
V/DownloadThread( 1267): read_bytesRead--->8192
V/DownloadThread( 1267): read_front--->
V/DownloadThread( 1267): read_bytesRead--->3488
V/DownloadThread( 1267): read_front--->
V/DownloadThread( 1267): read_bytesRead--->1460
V/DownloadThread( 1267): read_front--->
V/DownloadThread( 1267): read_bytesRead--->1460
V/DownloadThread( 1267): read_front--->
V/DownloadThread( 1267): read_bytesRead--->5840
V/DownloadThread( 1267): read_front--->
V/DownloadThread( 1267): read_bytesRead--->1460
V/DownloadThread( 1267): read_front--->
V/DownloadThread( 1267): read_bytesRead--->1460
V/DownloadThread( 1267): read_front--->
V/DownloadThread( 1267): read_bytesRead--->1460
V/DownloadThread( 1267): read_front--->
V/DownloadThread( 1267): read_bytesRead--->1460
V/DownloadThread( 1267): read_front--->
V/DownloadThread( 1267): read_bytesRead--->4380
V/DownloadThread( 1267): read_front--->
V/DownloadThread( 1267): read_bytesRead--->4380
V/DownloadThread( 1267): read_front--->
V/DownloadThread( 1267): read_bytesRead--->4380
V/DownloadThread( 1267): read_front--->
V/DownloadThread( 1267): read_bytesRead--->1460
V/DownloadThread( 1267): read_front--->
V/DownloadThread( 1267): read_bytesRead--->8192
V/DownloadThread( 1267): read_front--->
V/DownloadThread( 1267): read_bytesRead--->8192
V/DownloadThread( 1267): read_front--->
V/DownloadThread( 1267): read_bytesRead--->4056
V/DownloadThread( 1267): read_front--->
V/DownloadThread( 1267): read_bytesRead--->4380
V/DownloadThread( 1267): read_front--->
V/DownloadThread( 1267): read_bytesRead--->5840
V/DownloadThread( 1267): read_bytesRead--->8192
V/DownloadThread( 1267): read_front--->
V/DownloadThread( 1267): read_bytesRead--->8192
V/DownloadThread( 1267): read_front--->
V/DownloadThread( 1267): read_bytesRead--->8192
V/DownloadThread( 1267): read_front--->
V/DownloadThread( 1267): read_bytesRead--->8192
V/DownloadThread( 1267): read_front--->
D/WriteDataInStorageThread( 1267): write data  Pos=33554432   Length =524288  Thread =filePart0
E/WindowManager(  954): Unknown window type: 2131099651
V/DownloadThread( 1267): read_bytesRead--->8192
V/DownloadThread( 1267): read_front--->
V/DownloadThread( 1267): read_bytesRead--->8192
V/DownloadThread( 1267): read_front--->
V/DownloadThread( 1267): read_bytesRead--->8192
V/DownloadThread( 1267): read_front--->
V/DownloadThread( 1267): read_bytesRead--->8192
V/DownloadThread( 1267): read_front--->
V/DownloadThread( 1267): read_bytesRead--->8192
V/DownloadThread( 1267): read_front--->
V/DownloadThread( 1267): read_bytesRead--->8192
V/DownloadThread( 1267): read_front--->
V/DownloadThread( 1267): read_bytesRead--->8192
V/DownloadThread( 1267): read_front--->
V/DownloadThread( 1267): read_bytesRead--->8192
V/DownloadThread( 1267): read_front--->
V/DownloadThread( 1267): read_bytesRead--->8192
V/DownloadThread( 1267): read_front--->
V/DownloadThread( 1267): read_bytesRead--->3168
V/DownloadThread( 1267): read_front--->
V/DownloadThread( 1267): read_bytesRead--->8192
V/DownloadThread( 1267): read_front--->
V/DownloadThread( 1267): read_bytesRead--->8192
V/DownloadThread( 1267): read_front--->
V/DownloadThread( 1267): read_bytesRead--->8192
V/DownloadThread( 1267): read_front--->
V/DownloadThread( 1267): read_bytesRead--->8192
V/DownloadThread( 1267): read_front--->
V/DownloadThread( 1267): read_bytesRead--->8192
V/DownloadThread( 1267): read_front--->
V/DownloadThread( 1267): read_bytesRead--->8192
V/DownloadThread( 1267): read_front--->
V/DownloadThread( 1267): read_bytesRead--->8192
V/DownloadThread( 1267): read_front--->
V/DownloadThread( 1267): read_bytesRead--->8192
V/DownloadThread( 1267): read_front--->
V/DownloadThread( 1267): read_bytesRead--->8192
V/DownloadThread( 1267): read_front--->
V/DownloadThread( 1267): read_bytesRead--->8192
V/DownloadThread( 1267): read_front--->
V/DownloadThread( 1267): read_bytesRead--->8192
V/DownloadThread( 1267): read_front--->
V/DownloadThread( 1267): read_bytesRead--->8192
V/DownloadThread( 1267): read_front--->
V/DownloadThread( 1267): read_bytesRead--->2210
V/DownloadThread( 1267): sendDataInStack
V/DownloadThread( 1267): read_bytesRead--->1460
V/DownloadThread( 1267): read_front--->
V/DownloadThread( 1267): read_bytesRead--->2920
V/DownloadThread( 1267): read_front--->
V/DownloadThread( 1267): read_bytesRead--->1460
V/DownloadThread( 1267): read_front--->
V/DownloadThread( 1267): read_bytesRead--->1460
V/DownloadThread( 1267): read_front--->
V/DownloadThread( 1267): read_bytesRead--->5840
V/DownloadThread( 1267): read_front--->
V/DownloadThread( 1267): read_bytesRead--->1460
V/DownloadThread( 1267): read_front--->
V/DownloadThread( 1267): read_bytesRead--->1460
V/DownloadThread( 1267): read_front--->
V/DownloadThread( 1267): read_bytesRead--->1460
V/DownloadThread( 1267): read_front--->
V/DownloadThread( 1267): read_bytesRead--->1124
V/DownloadThread( 1267): sendDataInStack
D/dalvikvm( 1691): GC_CONCURRENT freed 675K, 63% free 2873K/7683K, paused 3ms+7ms
D/NetUpdate( 1924): progressValue--->40
D/NetUpdate( 1924): mWriteSD--->false
D/NetUpdate( 1924): mBootCheckZipExist--->false
D/NetUpdate( 1924): progressValue--->40
D/NetUpdate( 1924): mWriteSD--->false
D/NetUpdate( 1924): mBootCheckZipExist--->false
V/DownloadTask( 1267): finishedThreadNum--->0
V/DownloadTask( 1267): mThreadNum--->2
D/NetFirmwareService( 1267): DownloadConstants.TASK_STATUS_RUNNING
D/NetFirmwareService( 1267): MSG_UPDATE_PACKAGE_STATUS_CHANGE
V/NetFirmwareService( 1267): percentValue--->40
I/NetFirmwareService( 1267): initPromtDialog_SHOW!
D/NetFirmwareService( 1267): Send broadcast of download progress.
V/DownloadThread( 1267): read_bytesRead--->8192
V/DownloadThread( 1267): read_front--->
V/DownloadThread( 1267): read_bytesRead--->8192
V/DownloadThread( 1267): read_front--->
V/DownloadThread( 1267): read_bytesRead--->8192
V/DownloadThread( 1267): read_front--->
V/DownloadThread( 1267): read_bytesRead--->8192
V/DownloadThread( 1267): read_front--->
V/DownloadThread( 1267): read_bytesRead--->8192
V/DownloadThread( 1267): read_front--->
V/DownloadThread( 1267): read_bytesRead--->8192
V/DownloadThread( 1267): read_front--->
V/DownloadThread( 1267): read_bytesRead--->8192
V/DownloadThread( 1267): read_front--->
V/DownloadThread( 1267): read_bytesRead--->8192
V/DownloadThread( 1267): read_front--->
V/DownloadThread( 1267): read_bytesRead--->8192
V/DownloadThread( 1267): read_front--->
V/DownloadThread( 1267): read_bytesRead--->8192
V/DownloadThread( 1267): read_front--->
V/DownloadThread( 1267): read_bytesRead--->8192
V/DownloadThread( 1267): read_front--->
V/DownloadThread( 1267): read_bytesRead--->8192
V/DownloadThread( 1267): read_front--->
V/DownloadThread( 1267): read_bytesRead--->8192
V/DownloadThread( 1267): read_front--->
V/DownloadThread( 1267): read_bytesRead--->8192
V/DownloadThread( 1267): read_front--->
V/DownloadThread( 1267): read_bytesRead--->8192
V/DownloadThread( 1267): read_front--->
V/DownloadThread( 1267): read_bytesRead--->8192
V/DownloadThread( 1267): read_front--->
V/DownloadThread( 1267): read_bytesRead--->8192
V/DownloadThread( 1267): read_front--->
V/DownloadThread( 1267): read_bytesRead--->8192
V/DownloadThread( 1267): read_front--->
V/DownloadThread( 1267): read_bytesRead--->8192
V/DownloadThread( 1267): read_front--->
V/DownloadThread( 1267): read_bytesRead--->8192
V/DownloadThread( 1267): read_front--->
V/DownloadThread( 1267): read_bytesRead--->8192
V/DownloadThread( 1267): read_front--->
V/DownloadThread( 1267): read_bytesRead--->8192
V/DownloadThread( 1267): read_front--->
V/DownloadThread( 1267): read_bytesRead--->8192
V/DownloadThread( 1267): read_front--->
V/DownloadThread( 1267): read_bytesRead--->8192
V/DownloadThread( 1267): read_front--->
V/DownloadThread( 1267): read_bytesRead--->8192
V/DownloadThread( 1267): read_front--->
V/DownloadThread( 1267): read_bytesRead--->8192
V/DownloadThread( 1267): read_front--->
V/DownloadThread( 1267): read_bytesRead--->8192
V/DownloadThread( 1267): read_front--->
V/DownloadThread( 1267): read_bytesRead--->8192
V/DownloadThread( 1267): read_front--->
V/DownloadThread( 1267): read_bytesRead--->8192
V/DownloadThread( 1267): read_front--->
V/DownloadThread( 1267): read_bytesRead--->8192
V/DownloadThread( 1267): read_front--->
V/DownloadThread( 1267): read_bytesRead--->8192
V/DownloadThread( 1267): read_front--->
V/DownloadThread( 1267): read_bytesRead--->8192
V/DownloadThread( 1267): read_front--->
V/DownloadThread( 1267): read_bytesRead--->8192
V/DownloadThread( 1267): read_front--->
V/DownloadThread( 1267): read_bytesRead--->8192
V/DownloadThread( 1267): read_front--->
V/DownloadThread( 1267): read_bytesRead--->8192
V/DownloadThread( 1267): read_front--->
V/DownloadThread( 1267): read_bytesRead--->8192
V/DownloadThread( 1267): read_front--->
V/DownloadThread( 1267): read_bytesRead--->8192
V/DownloadThread( 1267): read_front--->
V/DownloadThread( 1267): read_bytesRead--->8192
V/DownloadThread( 1267): read_front--->
V/DownloadThread( 1267): read_bytesRead--->8192
V/DownloadThread( 1267): read_front--->
V/DownloadThread( 1267): read_bytesRead--->8192
V/DownloadThread( 1267): read_front--->
V/DownloadThread( 1267): read_bytesRead--->8192
V/DownloadThread( 1267): read_front--->
V/DownloadThread( 1267): read_bytesRead--->8192
V/DownloadThread( 1267): read_front--->
V/DownloadThread( 1267): read_bytesRead--->3668
V/DownloadThread( 1267): read_front--->
V/DownloadThread( 1267): mCurrentWritePos--->131532165
D/WriteDataInStorageThread( 1267): sendDataInStack --data length =524288 offset =34603008 file name = filePart0
V/DownloadThread( 1267): mCurrentWritePos--->35127296
V/DownloadThread( 1267): read_front--->
V/DownloadThread( 1267): read_bytesRead--->1796
V/DownloadThread( 1267): read_front--->
V/DownloadThread( 1267): read_front--->
V/DownloadThread( 1267): read_bytesRead--->5758
V/DownloadThread( 1267): read_front--->
V/DownloadThread( 1267): read_bytesRead--->8192
V/DownloadThread( 1267): read_front--->
V/DownloadThread( 1267): read_bytesRead--->8192
V/DownloadThread( 1267): read_front--->
V/DownloadThread( 1267): read_bytesRead--->6976
V/DownloadThread( 1267): read_front--->
V/DownloadThread( 1267): read_bytesRead--->8192
V/DownloadThread( 1267): read_front--->
V/DownloadThread( 1267): read_bytesRead--->8192
V/DownloadThread( 1267): read_front--->
V/DownloadThread( 1267): read_bytesRead--->8192
V/DownloadThread( 1267): read_front--->
V/DownloadThread( 1267): read_bytesRead--->8192
V/DownloadThread( 1267): read_front--->
V/DownloadThread( 1267): read_bytesRead--->8192
V/DownloadThread( 1267): read_front--->
V/DownloadThread( 1267): read_bytesRead--->8192
V/DownloadThread( 1267): read_front--->
V/DownloadThread( 1267): read_bytesRead--->8192
V/DownloadThread( 1267): read_front--->
V/DownloadTask( 1267): finishedThreadNum--->0
V/DownloadTask( 1267): mThreadNum--->2
D/NetFirmwareService( 1267): DownloadConstants.TASK_STATUS_RUNNING
D/NetFirmwareService( 1267): MSG_UPDATE_PACKAGE_STATUS_CHANGE
V/NetFirmwareService( 1267): percentValue--->40
D/WriteDataInStorageThread( 1267): write data  Pos=131007877   Length =524288  Thread =filePart1
I/NetFirmwareService( 1267): initPromtDialog_SHOW!
D/NetFirmwareService( 1267): Send broadcast of download progress.
E/WindowManager(  954): Unknown window type: 2131099651
V/DownloadThread( 1267): read_bytesRead--->8192
V/DownloadThread( 1267): read_bytesRead--->8192
V/DownloadThread( 1267): read_front--->
V/DownloadThread( 1267): read_front--->
V/DownloadThread( 1267): read_bytesRead--->8192
V/DownloadThread( 1267): read_front--->
V/DownloadThread( 1267): read_bytesRead--->8192
V/DownloadThread( 1267): read_front--->
V/DownloadThread( 1267): read_bytesRead--->8192
V/DownloadThread( 1267): read_front--->
V/DownloadThread( 1267): read_bytesRead--->8192
V/DownloadThread( 1267): read_front--->
V/DownloadThread( 1267): read_bytesRead--->8192
V/DownloadThread( 1267): read_front--->
V/DownloadThread( 1267): read_bytesRead--->8192
V/DownloadThread( 1267): read_front--->
V/DownloadThread( 1267): read_bytesRead--->8192
V/DownloadThread( 1267): read_front--->
V/DownloadThread( 1267): read_bytesRead--->8192
V/DownloadThread( 1267): read_front--->
V/DownloadThread( 1267): read_bytesRead--->8192
V/DownloadThread( 1267): read_front--->
V/DownloadThread( 1267): read_bytesRead--->8192
V/DownloadThread( 1267): read_front--->
V/DownloadThread( 1267): read_bytesRead--->8192
V/DownloadThread( 1267): read_front--->
V/DownloadThread( 1267): read_bytesRead--->8192
V/DownloadThread( 1267): read_front--->
D/dalvikvm( 1691): GC_CONCURRENT freed 968K, 64% free 2822K/7683K, paused 55ms+3ms
V/DownloadThread( 1267): read_bytesRead--->8192
V/DownloadThread( 1267): read_front--->
V/DownloadThread( 1267): read_bytesRead--->8192
V/DownloadThread( 1267): read_front--->
V/DownloadThread( 1267): read_bytesRead--->8192
V/DownloadThread( 1267): read_front--->
V/DownloadThread( 1267): read_bytesRead--->8192
V/DownloadThread( 1267): read_front--->
V/DownloadThread( 1267): read_bytesRead--->8192
V/DownloadThread( 1267): read_front--->
V/DownloadThread( 1267): read_bytesRead--->8192
V/DownloadThread( 1267): read_front--->
V/DownloadThread( 1267): read_bytesRead--->8192
V/DownloadThread( 1267): read_front--->
V/DownloadThread( 1267): read_front--->
V/DownloadThread( 1267): read_bytesRead--->8192
V/DownloadThread( 1267): read_front--->
V/DownloadThread( 1267): read_bytesRead--->8192
V/DownloadThread( 1267): read_front--->
V/DownloadThread( 1267): read_bytesRead--->8192
V/DownloadThread( 1267): read_front--->
V/DownloadThread( 1267): read_bytesRead--->8192
V/DownloadThread( 1267): read_front--->
V/DownloadThread( 1267): read_bytesRead--->8192
V/DownloadThread( 1267): read_front--->
V/DownloadThread( 1267): read_bytesRead--->8192
V/DownloadThread( 1267): read_front--->
V/DownloadThread( 1267): read_bytesRead--->8192
V/DownloadThread( 1267): read_front--->
V/DownloadThread( 1267): read_bytesRead--->8192
V/DownloadThread( 1267): read_front--->
V/DownloadThread( 1267): read_bytesRead--->8192
V/DownloadThread( 1267): read_front--->
V/DownloadThread( 1267): read_bytesRead--->8192
V/DownloadThread( 1267): read_front--->
V/DownloadThread( 1267): read_bytesRead--->8192
V/DownloadThread( 1267): read_front--->
V/DownloadThread( 1267): read_bytesRead--->8192
V/DownloadThread( 1267): read_front--->
V/DownloadThread( 1267): read_bytesRead--->8192
V/DownloadThread( 1267): read_front--->
V/DownloadThread( 1267): read_bytesRead--->8192
V/DownloadThread( 1267): read_front--->
V/DownloadThread( 1267): read_bytesRead--->8192
V/DownloadThread( 1267): read_front--->
V/DownloadThread( 1267): read_bytesRead--->8192
V/DownloadThread( 1267): read_front--->
V/DownloadThread( 1267): read_bytesRead--->8192
V/DownloadThread( 1267): read_front--->
V/DownloadThread( 1267): read_bytesRead--->8192
V/DownloadThread( 1267): read_front--->
V/DownloadThread( 1267): read_bytesRead--->8192
V/DownloadThread( 1267): read_front--->
V/DownloadThread( 1267): read_bytesRead--->8192
V/DownloadThread( 1267): read_front--->
V/DownloadThread( 1267): read_bytesRead--->8192
V/DownloadThread( 1267): read_front--->
V/DownloadThread( 1267): read_bytesRead--->8192
V/DownloadThread( 1267): read_front--->
V/DownloadThread( 1267): read_bytesRead--->4392
V/DownloadThread( 1267): read_front--->
V/DownloadThread( 1267): read_bytesRead--->4380
V/DownloadThread( 1267): read_front--->
D/dalvikvm(  954): GC_CONCURRENT freed 777K, 64% free 3809K/10307K, paused 3ms+8ms
V/DownloadThread( 1267): read_bytesRead--->1460
V/DownloadThread( 1267): read_front--->
V/DownloadThread( 1267): read_bytesRead--->8192
V/DownloadThread( 1267): read_front--->
V/DownloadThread( 1267): read_bytesRead--->568
V/DownloadThread( 1267): read_front--->
V/DownloadThread( 1267): read_bytesRead--->8192
V/DownloadThread( 1267): read_front--->
V/DownloadThread( 1267): read_bytesRead--->8192
V/DownloadThread( 1267): read_front--->
V/DownloadThread( 1267): read_bytesRead--->8192
V/DownloadThread( 1267): read_front--->
V/DownloadThread( 1267): read_bytesRead--->8192
V/DownloadThread( 1267): read_front--->
V/DownloadThread( 1267): read_bytesRead--->8192
V/DownloadThread( 1267): read_front--->
V/DownloadThread( 1267): read_bytesRead--->8192
V/DownloadThread( 1267): read_front--->
V/DownloadThread( 1267): read_bytesRead--->488
V/DownloadThread( 1267): read_front--->
D/dalvikvm( 1924): GC_CONCURRENT freed 1956K, 19% free 31895K/39171K, paused 3ms+13ms
V/DownloadThread( 1267): read_bytesRead--->8192
V/DownloadThread( 1267): read_front--->
V/DownloadThread( 1267): read_bytesRead--->8192
V/DownloadThread( 1267): read_front--->
V/DownloadThread( 1267): read_bytesRead--->2596
V/DownloadThread( 1267): read_front--->
V/DownloadThread( 1267): read_bytesRead--->8192
V/DownloadThread( 1267): read_front--->
V/DownloadThread( 1267): read_bytesRead--->8192
V/DownloadThread( 1267): read_front--->
V/DownloadThread( 1267): read_bytesRead--->8192
V/DownloadThread( 1267): read_front--->
V/DownloadThread( 1267): read_bytesRead--->7544
V/DownloadThread( 1267): read_front--->
V/DownloadThread( 1267): read_bytesRead--->1460
V/DownloadThread( 1267): read_front--->
V/DownloadThread( 1267): read_bytesRead--->4192
V/DownloadThread( 1267): read_front--->
V/DownloadThread( 1267): read_bytesRead--->7300
V/DownloadThread( 1267): read_front--->
V/DownloadThread( 1267): read_bytesRead--->1460
V/DownloadThread( 1267): read_front--->
V/DownloadThread( 1267): read_bytesRead--->8192
V/DownloadThread( 1267): read_front--->
V/DownloadThread( 1267): read_bytesRead--->8192
V/DownloadThread( 1267): read_front--->
V/DownloadThread( 1267): read_bytesRead--->8192
V/DownloadThread( 1267): read_front--->
V/DownloadThread( 1267): read_bytesRead--->8192
V/DownloadThread( 1267): read_front--->
V/DownloadThread( 1267): read_bytesRead--->6976
V/DownloadThread( 1267): read_front--->
V/DownloadThread( 1267): read_bytesRead--->8192
V/DownloadThread( 1267): read_front--->
V/DownloadThread( 1267): read_bytesRead--->8192
V/DownloadThread( 1267): read_front--->
V/DownloadThread( 1267): read_bytesRead--->8192
V/DownloadThread( 1267): read_front--->
V/DownloadThread( 1267): read_bytesRead--->8192
V/DownloadThread( 1267): read_front--->
V/DownloadThread( 1267): read_bytesRead--->4868
V/DownloadThread( 1267): read_front--->
V/DownloadThread( 1267): read_bytesRead--->7300
V/DownloadThread( 1267): read_front--->
V/DownloadThread( 1267): read_bytesRead--->8192
V/DownloadThread( 1267): read_front--->
V/DownloadThread( 1267): read_bytesRead--->8192
V/DownloadThread( 1267): read_front--->
V/DownloadThread( 1267): read_bytesRead--->8192
V/DownloadThread( 1267): read_front--->
V/DownloadThread( 1267): read_bytesRead--->1460
V/DownloadThread( 1267): read_front--->
V/DownloadThread( 1267): read_bytesRead--->8192
V/DownloadThread( 1267): read_front--->
V/DownloadThread( 1267): read_bytesRead--->8192
V/DownloadThread( 1267): read_front--->
V/DownloadThread( 1267): read_bytesRead--->1380
V/DownloadThread( 1267): read_front--->
V/DownloadThread( 1267): read_bytesRead--->8192
V/DownloadThread( 1267): read_front--->
V/DownloadThread( 1267): read_bytesRead--->3488
V/DownloadThread( 1267): read_front--->
V/DownloadThread( 1267): read_bytesRead--->5840
V/DownloadThread( 1267): read_front--->
V/DownloadThread( 1267): read_bytesRead--->8192
V/DownloadThread( 1267): read_front--->
V/DownloadThread( 1267): read_bytesRead--->8192
V/DownloadThread( 1267): read_front--->
V/DownloadThread( 1267): read_bytesRead--->8192
V/DownloadThread( 1267): read_front--->
V/DownloadThread( 1267): read_bytesRead--->8192
V/DownloadThread( 1267): read_front--->
V/DownloadThread( 1267): read_bytesRead--->8112
V/DownloadThread( 1267): read_front--->
D/dalvikvm( 1691): GC_CONCURRENT freed 744K, 64% free 2782K/7683K, paused 4ms+2ms
V/DownloadThread( 1267): read_bytesRead--->1460
V/DownloadThread( 1267): read_front--->
V/DownloadThread( 1267): read_bytesRead--->2920
V/DownloadThread( 1267): read_front--->
V/DownloadThread( 1267): read_bytesRead--->8192
V/DownloadThread( 1267): read_front--->
V/DownloadThread( 1267): read_bytesRead--->8192
V/DownloadThread( 1267): read_front--->
V/DownloadThread( 1267): read_bytesRead--->3488
V/DownloadThread( 1267): read_front--->
V/DownloadThread( 1267): read_bytesRead--->568
V/DownloadThread( 1267): read_front--->
V/DownloadThread( 1267): read_bytesRead--->4380
V/DownloadThread( 1267): read_front--->
V/DownloadThread( 1267): read_bytesRead--->4380
V/DownloadThread( 1267): read_front--->
V/DownloadThread( 1267): read_bytesRead--->8192
V/DownloadThread( 1267): read_front--->
V/DownloadThread( 1267): read_bytesRead--->568
V/DownloadThread( 1267): read_front--->
V/DownloadThread( 1267): read_bytesRead--->8192
V/DownloadThread( 1267): read_front--->
V/DownloadThread( 1267): read_bytesRead--->568
V/DownloadThread( 1267): read_front--->
V/DownloadThread( 1267): read_bytesRead--->1460
V/DownloadThread( 1267): read_front--->
V/DownloadThread( 1267): read_bytesRead--->1460
V/DownloadThread( 1267): read_front--->
V/DownloadThread( 1267): read_front--->
V/DownloadThread( 1267): read_bytesRead--->4380
V/DownloadThread( 1267): read_front--->
V/DownloadThread( 1267): read_bytesRead--->1460
V/DownloadThread( 1267): read_front--->
V/DownloadThread( 1267): read_bytesRead--->5840
V/DownloadThread( 1267): read_front--->
V/DownloadThread( 1267): read_bytesRead--->5840
V/DownloadThread( 1267): read_front--->
V/DownloadThread( 1267): read_bytesRead--->1460
V/DownloadThread( 1267): read_front--->
V/DownloadThread( 1267): read_bytesRead--->2920
V/DownloadThread( 1267): read_front--->
V/DownloadThread( 1267): read_bytesRead--->7300
V/DownloadThread( 1267): read_bytesRead--->8192
V/DownloadThread( 1267): read_front--->
V/DownloadThread( 1267): read_front--->
V/DownloadThread( 1267): read_bytesRead--->8192
V/DownloadThread( 1267): read_front--->
V/DownloadThread( 1267): read_bytesRead--->8192
V/DownloadThread( 1267): read_front--->
V/DownloadThread( 1267): read_bytesRead--->568
V/DownloadThread( 1267): read_front--->
V/DownloadThread( 1267): read_bytesRead--->8192
V/DownloadThread( 1267): read_front--->
V/DownloadThread( 1267): read_bytesRead--->244
V/DownloadThread( 1267): read_front--->
V/DownloadThread( 1267): read_bytesRead--->4380
V/DownloadThread( 1267): read_front--->
V/DownloadThread( 1267): read_bytesRead--->1460
V/DownloadThread( 1267): read_front--->
V/DownloadThread( 1267): read_bytesRead--->2920
V/DownloadThread( 1267): read_front--->
V/DownloadThread( 1267): read_bytesRead--->8192
V/DownloadThread( 1267): read_front--->
V/DownloadThread( 1267): read_bytesRead--->6408
V/DownloadThread( 1267): read_front--->
V/DownloadThread( 1267): read_bytesRead--->5840
V/DownloadThread( 1267): read_front--->
V/DownloadThread( 1267): read_bytesRead--->8192
V/DownloadThread( 1267): read_front--->
V/DownloadThread( 1267): read_bytesRead--->3488
V/DownloadThread( 1267): read_front--->
D/WriteDataInStorageThread( 1267): write data  Pos=131532165   Length =524288  Thread =filePart1
V/DownloadTask( 1267): finishedThreadNum--->0
V/DownloadTask( 1267): mThreadNum--->2
D/NetFirmwareService( 1267): DownloadConstants.TASK_STATUS_RUNNING
D/NetFirmwareService( 1267): MSG_UPDATE_PACKAGE_STATUS_CHANGE
V/NetFirmwareService( 1267): percentValue--->41
I/NetFirmwareService( 1267): initPromtDialog_SHOW!
D/NetFirmwareService( 1267): Send broadcast of download progress.
E/WindowManager(  954): Unknown window type: 2131099651
V/DownloadThread( 1267): read_bytesRead--->8192
V/DownloadThread( 1267): read_bytesRead--->8192
V/DownloadThread( 1267): read_front--->
V/DownloadThread( 1267): read_front--->
V/DownloadThread( 1267): read_bytesRead--->8192
V/DownloadThread( 1267): read_bytesRead--->8192
V/DownloadThread( 1267): read_front--->
V/DownloadThread( 1267): read_front--->
V/DownloadThread( 1267): read_bytesRead--->8192
V/DownloadThread( 1267): read_front--->
V/DownloadThread( 1267): read_bytesRead--->8192
V/DownloadThread( 1267): read_front--->
V/DownloadThread( 1267): read_bytesRead--->8192
V/DownloadThread( 1267): read_front--->
V/DownloadThread( 1267): read_bytesRead--->8192
V/DownloadThread( 1267): read_front--->
V/DownloadThread( 1267): read_bytesRead--->8192
V/DownloadThread( 1267): read_front--->
V/DownloadThread( 1267): read_bytesRead--->5192
V/DownloadThread( 1267): read_front--->
V/DownloadThread( 1267): read_bytesRead--->2840
V/DownloadThread( 1267): read_front--->
V/DownloadThread( 1267): read_bytesRead--->5840
V/DownloadThread( 1267): read_front--->
V/DownloadThread( 1267): read_bytesRead--->4380
V/DownloadThread( 1267): read_front--->
V/DownloadThread( 1267): read_bytesRead--->1460
V/DownloadThread( 1267): read_front--->
V/DownloadThread( 1267): read_bytesRead--->4380
V/DownloadThread( 1267): read_front--->
V/DownloadThread( 1267): read_bytesRead--->1460
V/DownloadThread( 1267): read_front--->
V/DownloadThread( 1267): read_front--->
V/DownloadThread( 1267): read_bytesRead--->2596
V/DownloadThread( 1267): read_front--->
D/NetUpdate( 1924): progressValue--->41
D/NetUpdate( 1924): mWriteSD--->false
D/NetUpdate( 1924): mBootCheckZipExist--->false
V/DownloadThread( 1267): read_bytesRead--->8192
V/DownloadThread( 1267): read_front--->
V/DownloadThread( 1267): read_bytesRead--->8192
V/DownloadThread( 1267): read_front--->
V/DownloadThread( 1267): read_bytesRead--->8192
V/DownloadThread( 1267): read_front--->
V/DownloadThread( 1267): read_bytesRead--->8192
V/DownloadThread( 1267): read_front--->
V/DownloadThread( 1267): read_bytesRead--->3164
V/DownloadThread( 1267): read_front--->
V/DownloadThread( 1267): read_bytesRead--->3150
V/DownloadThread( 1267): sendDataInStack
D/WriteDataInStorageThread( 1267): sendDataInStack --data length =524288 offset =35127296 file name = filePart0
D/WriteDataInStorageThread( 1267): write data  Pos=35127296   Length =524288  Thread =filePart0
D/NetUpdate( 1924): progressValue--->41
D/NetUpdate( 1924): mWriteSD--->false
D/NetUpdate( 1924): mBootCheckZipExist--->false
V/DownloadThread( 1267): mCurrentWritePos--->35651584
V/DownloadThread( 1267): read_bytesRead--->8192
V/DownloadThread( 1267): read_front--->
V/DownloadThread( 1267): read_front--->
V/DownloadThread( 1267): read_bytesRead--->5042
V/DownloadThread( 1267): read_front--->
V/DownloadThread( 1267): read_bytesRead--->8192
V/DownloadThread( 1267): read_front--->
V/DownloadThread( 1267): read_bytesRead--->8192
V/DownloadThread( 1267): read_front--->
V/DownloadThread( 1267): read_bytesRead--->8192
V/DownloadThread( 1267): read_front--->
V/DownloadThread( 1267): read_bytesRead--->8192
V/DownloadThread( 1267): read_front--->
V/DownloadThread( 1267): read_bytesRead--->7544
V/DownloadThread( 1267): read_front--->
V/DownloadThread( 1267): read_bytesRead--->8192
V/DownloadThread( 1267): read_front--->
V/DownloadThread( 1267): read_bytesRead--->8192
V/DownloadThread( 1267): read_front--->
V/DownloadThread( 1267): read_bytesRead--->488
V/DownloadThread( 1267): read_front--->
V/DownloadThread( 1267): read_bytesRead--->1460
V/DownloadThread( 1267): read_front--->
V/DownloadThread( 1267): read_bytesRead--->8192
V/DownloadThread( 1267): read_front--->
V/DownloadThread( 1267): read_bytesRead--->8192
V/DownloadThread( 1267): read_front--->
V/DownloadThread( 1267): read_bytesRead--->8192
V/DownloadThread( 1267): read_front--->
V/DownloadThread( 1267): read_bytesRead--->8192
V/DownloadThread( 1267): read_bytesRead--->8192
V/DownloadThread( 1267): read_front--->
V/DownloadThread( 1267): read_front--->
V/DownloadThread( 1267): read_bytesRead--->8192
V/DownloadThread( 1267): read_front--->
V/DownloadThread( 1267): read_bytesRead--->812
V/DownloadThread( 1267): read_front--->
V/DownloadThread( 1267): read_bytesRead--->8192
V/DownloadThread( 1267): read_front--->
V/DownloadThread( 1267): read_bytesRead--->4624
V/DownloadThread( 1267): read_front--->
V/DownloadThread( 1267): read_bytesRead--->1460
V/DownloadThread( 1267): read_front--->
V/DownloadThread( 1267): read_bytesRead--->2920
V/DownloadThread( 1267): read_front--->
V/DownloadThread( 1267): read_bytesRead--->8192
V/DownloadThread( 1267): read_front--->
V/DownloadThread( 1267): read_bytesRead--->8192
V/DownloadThread( 1267): read_front--->
D/dalvikvm( 1691): GC_CONCURRENT freed 703K, 64% free 2785K/7683K, paused 24ms+3ms
V/DownloadThread( 1267): read_bytesRead--->8192
V/DownloadThread( 1267): read_front--->
V/DownloadThread( 1267): read_bytesRead--->8192
V/DownloadThread( 1267): read_front--->
V/DownloadThread( 1267): read_bytesRead--->6976
V/DownloadThread( 1267): read_front--->
V/DownloadThread( 1267): read_bytesRead--->1136
V/DownloadThread( 1267): read_front--->
V/DownloadThread( 1267): read_front--->
V/DownloadThread( 1267): read_bytesRead--->8192
V/DownloadThread( 1267): read_front--->
V/DownloadThread( 1267): read_bytesRead--->8192
V/DownloadThread( 1267): read_front--->
V/DownloadThread( 1267): read_bytesRead--->6976
V/DownloadThread( 1267): read_front--->
V/DownloadThread( 1267): read_bytesRead--->1136
V/DownloadThread( 1267): read_front--->
V/DownloadThread( 1267): read_bytesRead--->8192
V/DownloadThread( 1267): read_front--->
V/DownloadThread( 1267): read_bytesRead--->8192
V/DownloadThread( 1267): read_front--->
V/DownloadThread( 1267): read_bytesRead--->3488
V/DownloadThread( 1267): read_front--->
V/DownloadThread( 1267): read_bytesRead--->3488
V/DownloadThread( 1267): read_front--->
V/DownloadThread( 1267): read_bytesRead--->8192
V/DownloadThread( 1267): read_front--->
V/DownloadThread( 1267): read_bytesRead--->8192
V/DownloadThread( 1267): read_front--->
V/DownloadThread( 1267): read_bytesRead--->7828
V/DownloadThread( 1267): sendDataInStack
V/DownloadThread( 1267): read_bytesRead--->3488
V/DownloadThread( 1267): read_front--->
D/WriteDataInStorageThread( 1267): sendDataInStack --data length =524288 offset =132056453 file name = filePart1
D/WriteDataInStorageThread( 1267): write data  Pos=132056453   Length =524288  Thread =filePart1
V/DownloadThread( 1267): mCurrentWritePos--->132580741
V/DownloadThread( 1267): read_front--->
V/DownloadThread( 1267): read_bytesRead--->364
V/DownloadThread( 1267): read_front--->
V/DownloadThread( 1267): read_bytesRead--->8192
V/DownloadThread( 1267): read_front--->
V/DownloadThread( 1267): read_bytesRead--->2028
V/DownloadThread( 1267): read_front--->
V/DownloadThread( 1267): read_bytesRead--->8192
V/DownloadThread( 1267): read_front--->
V/DownloadThread( 1267): read_bytesRead--->1704
V/DownloadThread( 1267): read_front--->
V/DownloadThread( 1267): read_bytesRead--->1460
V/DownloadThread( 1267): read_front--->
V/DownloadThread( 1267): read_bytesRead--->8192
V/DownloadThread( 1267): read_front--->
V/DownloadThread( 1267): read_bytesRead--->2028
V/DownloadThread( 1267): read_front--->
V/DownloadThread( 1267): read_bytesRead--->5840
V/DownloadThread( 1267): read_front--->
V/DownloadThread( 1267): read_bytesRead--->8192
V/DownloadThread( 1267): read_front--->
V/DownloadThread( 1267): read_bytesRead--->8192
V/DownloadThread( 1267): read_front--->
V/DownloadThread( 1267): read_bytesRead--->1136
V/DownloadThread( 1267): read_front--->
V/DownloadTask( 1267): finishedThreadNum--->0
V/DownloadTask( 1267): mThreadNum--->2
D/NetFirmwareService( 1267): DownloadConstants.TASK_STATUS_RUNNING
D/NetFirmwareService( 1267): MSG_UPDATE_PACKAGE_STATUS_CHANGE
V/NetFirmwareService( 1267): percentValue--->41
I/NetFirmwareService( 1267): initPromtDialog_SHOW!
D/NetFirmwareService( 1267): Send broadcast of download progress.
V/DownloadThread( 1267): read_bytesRead--->7300
V/DownloadThread( 1267): read_front--->
V/DownloadThread( 1267): read_bytesRead--->8192
V/DownloadThread( 1267): read_front--->
V/DownloadThread( 1267): read_bytesRead--->4948
V/DownloadThread( 1267): read_front--->
E/WindowManager(  954): Unknown window type: 2131099651
V/DownloadThread( 1267): read_bytesRead--->1460
V/DownloadThread( 1267): read_front--->
V/DownloadThread( 1267): read_bytesRead--->1460
V/DownloadThread( 1267): read_front--->
V/DownloadThread( 1267): read_bytesRead--->8192
V/DownloadThread( 1267): read_front--->
V/DownloadThread( 1267): read_bytesRead--->8192
V/DownloadThread( 1267): read_front--->
V/DownloadThread( 1267): read_bytesRead--->8192
V/DownloadThread( 1267): read_front--->
V/DownloadThread( 1267): read_bytesRead--->8192
V/DownloadThread( 1267): read_front--->
V/DownloadThread( 1267): read_bytesRead--->6408
V/DownloadThread( 1267): read_front--->
V/DownloadThread( 1267): read_bytesRead--->8192
V/DownloadThread( 1267): read_front--->
V/DownloadThread( 1267): read_bytesRead--->244
V/DownloadThread( 1267): read_front--->
V/DownloadThread( 1267): read_bytesRead--->1136
V/DownloadThread( 1267): read_front--->
V/DownloadThread( 1267): read_bytesRead--->1460
V/DownloadThread( 1267): read_front--->
V/DownloadThread( 1267): read_bytesRead--->8192
V/DownloadThread( 1267): read_front--->
V/DownloadThread( 1267): read_bytesRead--->3488
V/DownloadThread( 1267): read_front--->
V/DownloadThread( 1267): read_bytesRead--->8192
V/DownloadThread( 1267): read_front--->
V/DownloadThread( 1267): read_bytesRead--->568
V/DownloadThread( 1267): read_front--->
V/DownloadThread( 1267): read_bytesRead--->1460
V/DownloadThread( 1267): read_front--->
V/DownloadThread( 1267): read_bytesRead--->5840
V/DownloadThread( 1267): read_front--->
V/DownloadThread( 1267): read_bytesRead--->1460
V/DownloadThread( 1267): read_front--->
V/DownloadThread( 1267): read_bytesRead--->2920
V/DownloadThread( 1267): read_front--->
V/DownloadThread( 1267): read_bytesRead--->1460
V/DownloadThread( 1267): read_front--->
V/DownloadThread( 1267): read_bytesRead--->1460
V/DownloadThread( 1267): read_front--->
V/DownloadThread( 1267): read_bytesRead--->8192
V/DownloadThread( 1267): read_front--->
V/DownloadThread( 1267): read_bytesRead--->7868
V/DownloadThread( 1267): read_front--->
V/DownloadThread( 1267): read_bytesRead--->5840
V/DownloadThread( 1267): read_front--->
V/DownloadThread( 1267): read_bytesRead--->1460
V/DownloadThread( 1267): read_front--->
V/DownloadThread( 1267): read_bytesRead--->1460
V/DownloadThread( 1267): read_front--->
V/DownloadThread( 1267): read_bytesRead--->8192
V/DownloadThread( 1267): read_front--->
V/DownloadThread( 1267): read_bytesRead--->4380
V/DownloadThread( 1267): read_front--->
V/DownloadThread( 1267): read_bytesRead--->3488
V/DownloadThread( 1267): read_front--->
V/DownloadThread( 1267): read_bytesRead--->8192
V/DownloadThread( 1267): read_front--->
V/DownloadThread( 1267): read_bytesRead--->8192
V/DownloadThread( 1267): read_front--->
V/DownloadThread( 1267): read_bytesRead--->1136
V/DownloadThread( 1267): read_front--->
V/DownloadThread( 1267): read_bytesRead--->8192
V/DownloadThread( 1267): read_front--->
V/DownloadThread( 1267): read_bytesRead--->8192
V/DownloadThread( 1267): read_front--->
V/DownloadThread( 1267): read_bytesRead--->6976
V/DownloadThread( 1267): read_front--->
V/DownloadThread( 1267): read_bytesRead--->5840
V/DownloadThread( 1267): read_front--->
V/DownloadThread( 1267): read_bytesRead--->8192
V/DownloadThread( 1267): read_front--->
V/DownloadThread( 1267): read_bytesRead--->6408
V/DownloadThread( 1267): read_front--->
V/DownloadThread( 1267): read_bytesRead--->1460
V/DownloadThread( 1267): read_front--->
V/DownloadThread( 1267): read_bytesRead--->4380
V/DownloadThread( 1267): read_front--->
V/DownloadThread( 1267): read_bytesRead--->8192
V/DownloadThread( 1267): read_bytesRead--->2920
V/DownloadThread( 1267): read_front--->
V/DownloadThread( 1267): read_front--->
V/DownloadThread( 1267): read_bytesRead--->568
V/DownloadThread( 1267): read_front--->
V/DownloadThread( 1267): read_bytesRead--->8192
V/DownloadThread( 1267): read_front--->
V/DownloadThread( 1267): read_bytesRead--->8192
V/DownloadThread( 1267): read_front--->
V/DownloadThread( 1267): read_bytesRead--->6976
V/DownloadThread( 1267): read_front--->
V/DownloadThread( 1267): read_bytesRead--->7300
V/DownloadThread( 1267): read_front--->
V/DownloadThread( 1267): read_bytesRead--->8192
V/DownloadThread( 1267): read_front--->
V/DownloadThread( 1267): read_bytesRead--->568
V/DownloadThread( 1267): read_front--->
V/DownloadThread( 1267): read_bytesRead--->5840
V/DownloadThread( 1267): read_front--->
V/DownloadThread( 1267): read_bytesRead--->1460
V/DownloadThread( 1267): read_front--->
V/DownloadThread( 1267): mCurrentWritePos--->36175872
V/DownloadThread( 1267): read_front--->
V/DownloadThread( 1267): read_bytesRead--->190
V/DownloadThread( 1267): read_front--->
V/DownloadThread( 1267): read_bytesRead--->8192
V/DownloadThread( 1267): read_front--->
V/DownloadThread( 1267): read_bytesRead--->8192
V/DownloadThread( 1267): read_front--->
V/DownloadThread( 1267): read_bytesRead--->8192
V/DownloadThread( 1267): read_front--->
V/DownloadThread( 1267): read_bytesRead--->8192
