[ 4027.032527] IR: [03932] scan key value is 0xea15c936 
[ 4027.032532]  
[ 4027.085087] IR: [03932] scan key value is 0xea15c936 
[ 4027.085092]  
[ 4027.271715] IR: [03932] scan key value is 0xea15c936 
[ 4027.271719]  
[ 4027.324288] IR: [03932] scan key value is 0xea15c936 
[ 4027.324293]  
[ 4027.432576] IR: [03932] scan key value is 0xea15c936 
[ 4027.432581]  D/NetUpdate( 1924): progressValue--->0
D/NetUpdate( 1924): mWriteSD--->false
D/NetUpdate( 1924): mBootCheckZipExist--->false

[ 4027.540862] IR: [03932] scan key value is 0xea15c936 
[ 4027.540866]  
[ 4027.649127] IR: [03932] scan key value is 0xea15c936 
[ 4027.649131]  
[ 4027.757438] IR: [03932] scan key value is 0xea15c936 
[ 4027.757443]  
[ 4027.865734] IR: [03932] scan key value is 0xea15c936 
[ 4027.865739]  D/NetUpdate( 1924): progressValue--->0
D/NetUpdate( 1924): mWriteSD--->false
D/NetUpdate( 1924): mBootCheckZipExist--->false

[ 4028.992380] IR: [03932] scan key value is 0xee11c936 
[ 4028.992385]  
[ 4029.044934] IR: [03932] scan key value is 0xee11c936 
[ 4029.044939]  
[ 4029.153225] IR: [03932] scan key value is 0xee11c936 
[ 4029.153230]  
[ 4029.261514] IR: [03932] scan key value is 0xee11c936 
[ 4029.261518]  
[ 4029.369829] IR: [03932] scan key value is 0xee11c936 
[ 4029.369833]  
[ 4029.478122] IR: [03932] scan key value is 0xee11c936 
[ 4029.478126]  
[ 4029.586418] IR: [03932] scan key value is 0xee11c936 
[ 4029.586424]  
[ 4029.694705] IR: [03932] scan key value is 0xee11c936 
[ 4029.694710]  
[ 4029.803033] IR: [03932] scan key value is 0xee11c936 
[ 4029.803040]  
[ 4029.911281] IR: [03932] scan key value is 0xee11c936 
[ 4029.911286]  
[ 4030.019552] IR: [03932] scan key value is 0xee11c936 
[ 4030.019557]  
[ 4030.127866] IR: [03932] scan key value is 0xee11c936 
[ 4030.127871]  D/InputEventConsistencyVerifier( 1924): KeyEvent: ACTION_UP but key was not down.
D/InputEventConsistencyVerifier( 1924):   in android.widget.ImageButton@431e8820
D/InputEventConsistencyVerifier( 1924):   0: sent at 4030292000000, KeyEvent { action=ACTION_UP, keyCode=KEYCODE_DPAD_UP, scanCode=103, metaState=0, flags=0x8, repeatCount=0, eventTime=4030292, downTime=4028997, deviceId=1, source=0x101 }
D/InputEventConsistencyVerifier( 1924):   -- recent events --
D/InputEventConsistencyVerifier( 1924):   1: sent at 4017414000000, (unhandled) KeyEvent { action=ACTION_DOWN, keyCode=KEYCODE_DPAD_DOWN, scanCode=108, metaState=0, flags=0x8, repeatCount=0, eventTime=4017414, downTime=4017414, deviceId=1, source=0x101 }
D/InputEventConsistencyVerifier( 1924):   2: sent at 4017052000000, (unhandled) KeyEvent { action=ACTION_UP, keyCode=KEYCODE_DPAD_RIGHT, scanCode=106, metaState=0, flags=0x80000008, repeatCount=0, eventTime=4017052, downTime=4016840, deviceId=1, source=0x101 }
D/NetUpdate( 1924): progressValue--->0
D/NetUpdate( 1924): mWriteSD--->false
D/NetUpdate( 1924): mBootCheckZipExist--->false

[ 4030.877884] IR: [03932] scan key value is 0xea15c936 
[ 4030.877889]  
[ 4030.930473] IR: [03932] scan key value is 0xea15c936 
[ 4030.930478]  D/dalvikvm( 1924): GC_CONCURRENT freed 1251K, 14% free 33276K/38275K, paused 11ms+14ms

[ 4031.118224] IR: [03932] scan key value is 0xea15c936 
[ 4031.118228]  
[ 4031.170825] IR: [03932] scan key value is 0xea15c936 
[ 4031.170830]  
[ 4031.355330] IR: [03932] scan key value is 0xea15c936 
[ 4031.355335]  D/InputEventConsistencyVerifier( 1924): KeyEvent: ACTION_UP but key was not down.
D/InputEventConsistencyVerifier( 1924):   in android.widget.ListView@4311c6c8
D/InputEventConsistencyVerifier( 1924):   0: sent at 4031340000000, KeyEvent { action=ACTION_UP, keyCode=KEYCODE_DPAD_DOWN, scanCode=108, metaState=0, flags=0x8, repeatCount=0, eventTime=4031340, downTime=4031123, deviceId=1, source=0x101 }
D/InputEventConsistencyVerifier( 1924):   -- recent events --
D/InputEventConsistencyVerifier( 1924):   1: sent at 4030215000000, (unhandle
[ 4031.407906] IR: [03932] scan key value is 0xea15c936 
[ 4031.407911]  d) KeyEvent { action=ACTION_DOWN, keyCode=KEYCODE_DPAD_UP, scanCode=103, metaState=0, flags=0x8, repeatCount=14, eventTime=4030215, downTime=4028997, deviceId=1, source=0x101 }
D/InputEventConsistencyVerifier( 1924):   2: sent at 4030158000000, KeyEvent { action=ACTION_DOWN, keyCode=KEYCODE_DPAD_UP, scanCode=103, metaState=0, flags=0x8, repeatCount=13, eventTime=4030158, downTime=4028997, deviceId=1, source=0x101 }
D/InputEventConsistencyVerifier( 1924):   3: sent at 4030088000000, KeyEvent { action=ACTION_DOWN, keyCode=KEYCODE_DPAD_UP, scanCode=103, metaState=0, flags=0x8, repeatCount=12, eventTime=4030088, downTime=4028997, deviceId=1, source=0x101 }
D/InputEventConsistencyVerifier( 1924):   4: sent at 4030012000000, KeyEvent { action=ACTION_DOWN, keyCode=KEYCODE_DPAD_UP, scanCode=103, metaState=0, flags=0x8, repeatCount=11, eventTime=4030012, downTime=4028997, deviceId=1, source=0x101 }
D/InputEventConsistencyVerifier( 1924):   5: sent at 4029962000000, KeyEvent { action=ACTION_DOWN, keyCode=KEYCODE_DPAD_UP, scanCode=103, metaState=0, flags=0x8, repeatCount=10, eventTime=4029962, downTime=4028997, deviceId=1, source=0x101 }

[ 4031.956508] IR: [03932] scan key value is 0xec13c936 
[ 4031.956513]  
[ 4032.009085] IR: [03932] scan key value is 0xec13c936 
[ 4032.009090]  D/dalvikvm( 1691): GC_CONCURRENT freed 729K, 64% free 2776K/7683K, paused 2ms+2ms
V/WifiConfig( 1924): !!!!!!<getConfig>:   password: null------accessPoint.security=2
I/ActivityManager(  954): START {cmp=com.coship.dvbsetting/.netsetting.dialog.WifiStateDialog (has extras)} from pid 1924
D/dalvikvm( 1924): GC_FOR_ALLOC freed 2243K, 19% free 31083K/38275K, paused 47ms
V/WifiSTATEialog( 1924): !!!!<onCreate>   getExtras    ssid: testAP
V/WifiSTATEialog( 1924): !!!!<onCreate>   getExtras    mrssi: -51
V/WifiSTATEialog( 1924): !!!!<onCreate>   getExtras    networkid: 2
V/WifiSTATEialog( 1924): !!!!<onCreate>   mwificfg.SSID: "testAP"
V/WifiSTATEialog( 1924): !!!!<onCreate>   connName: "TP_LINK_TEST_5GHz_D8070A"
V/WifiSTATEialog( 1924): !!!!<onCreate>   mwificfg.status: 2
V/WifiSTATEialog( 1924): !!!!<onCreate>   mwificfg.networkId: 2
V/WifiSTATEialog( 1924): !!!!!!!<onCreate> status: 2!!!!!!!!!!!!!
V/WifiSTATEialog( 1924): !!!!!!!!!!<onCreate> status: !!!!!!!!!!!!!!mrssi:-51
V/TabletStatusBar( 1140): setLightsOn(true)
I/ActivityManager(  954): Displayed com.coship.dvbsetting/.netsetting.dialog.WifiStateDialog: +276ms
D/NetUpdate( 1924): progressValue--->0
D/NetUpdate( 1924): mWriteSD--->false
D/NetUpdate( 1924): mBootCheckZipExist--->false
D/dalvikvm( 1691): GC_CONCURRENT freed 662K, 64% free 2820K/7683K, paused 2ms+3ms
D/dalvikvm( 1691): GC_CONCURRENT freed 733K, 64% free 2793K/7683K, paused 2ms+3ms

[ 4033.206510] IR: [03932] scan key value is 0xec13c936 
[ 4033.206514]  
[ 4033.259089] IR: [03932] scan key value is 0xec13c936 
[ 4033.259094]  V/WifiSTATEialog( 1924): !!!!!!!!!!<onClick> v: android.widget.Button@415c4a18 !!!!!!!!!
V/WifiSTATEialog( 1924): !!!!! <SendResult> results: connect!!!!!!!!!!
V/onActivityResult( 1924): !!!!!!!!!!!!!!!!! Result: connect
V/TabletStatusBar( 1140): setLightsOn(true)
I/HighSet_WirlessNetwork( 1924): -------------------------SSID= TP_LINK_TEST_5GHz_D8070A ----------Adress= 8c:21:0a:d8:07:0a
I/HighSet_WirlessNetwork( 1924): -------------------------SSID= testAP ----------Adress= 5c:63:bf:f8:5d:de
V/HighSet_WirlessNetwork( 1924): !!!!!!!! remove ssid:123
I/HighSet_WirlessNetwork( 1924): ---connect()-----mwificfg="testAP"-----------networkId=2

[ 4033.518324] cfg80211: Calling CRDA to update world regulatory domain
V/EthernetMonitor(  954): get event 
V/EthernetMonitor(  954): go poll events
V/EthernetMonitor(  954): get event 
V/EthernetMonitor(  954): go poll events
V/EthernetMonitor(  954): get event 
V/EthernetMonitor(  954): go poll events
I/wpa_supplicant( 2286): wlan0: CTRL-EVENT-DISCONNECTED bssid=00:00:00:00:00:00 reason=0
D/CommandListener(  739): Clearing all IP addresses on wlan0
V/EthernetMonitor(  954): get event 
V/EthernetMonitor(  954): go poll events
V/onActivityResult( 1924): !!!!!!!!!!!!!!!!! security: 0  ssid: null    password: null
I/TabletStatusBar( 1140): receiver broadcast
D/ConnectivityService(  954): ConnectivityChange for WIFI: DISCONNECTED/DISCONNECTED
E/MobileDataStateTracker(  954): default: Ignoring feature request because could not acquire PhoneService
D/NetUtils(  954): android_net_utils_resetConnections in env=0x187738 clazz=0x7a000001 iface=eth0 mask=0x3
E/MobileDataStateTracker(  954): default: Could not enable APN type "default"
D/ConnectivityService(  954): Attempting to switch to mobile
I/EthernetStateTracker(  954): reset device eth0
I/System.out( 1623): GolableWifiChangeReceiver:::::
I/System.out( 1623): WIFI_CONNECT:false
I/NetworkStatusChangeReceiver( 1806): action::::::::android.net.wifi.STATE_CHANGE
I/System.out( 1806): 网络断开：：：：：：：
I/System.out( 1806): BabaoWebWidget---network not connect---
I/System.out( 1806): 项目名称：A3STB-WidgetHost，版本号：1.0.11，发布人：朱道专(Jacky.Zhu)
I/System.out( 1806): WeatherWidgetProvider----network not connect----------
D/NetUtils(  954): android_net_utils_resetConnections in env=0x187738 clazz=0x7a900001 iface=wlan0 mask=0x3
I/EthernetStateTracker(  954): trigger dhcp for device eth0
D/ConnectivityService(  954): Attempting to switch to ETH
D/ConnectivityService(  954): Attempting to switch to pppoe
D/ConnectivityService(  954): now reset wlan0, resetMask = 3
D/ConnectivityService(  954): resetConnections(wlan0, 3)
W/wpa_supplicant( 2286): wlan0: Failed to initiate AP scan
D/EthernetStateTracker(  954): DhcpHandler: DHCP request started
D/ConnectivityService(  954): ConnectivityChange for WIFI: DISCONNECTED/DISCONNECTED
E/MobileDataStateTracker(  954): default: Ignoring feature request because could not acquire PhoneService
E/MobileDataStateTracker(  954): default: Could not enable APN type "default"
D/ConnectivityService(  954): Attempting to switch to mobile
D/NetUtils(  954): android_net_utils_resetConnections in env=0x187738 clazz=0x7d500001 iface=eth0 mask=0x3
I/EthernetStateTracker(  954): reset device eth0
D/dhcpcd  ( 3229): dhcpcd 4.0.15 starting
D/dhcpcd  ( 3229): hardware address = a0:a8:2f:ab:05:13
D/dhcpcd  ( 3229): executing `/system/etc/dhcpcd/dhcpcd-run-hooks', reason PREINIT
D/dhcpcd  ( 3229): host does not support a monotonic clock - timing can skew
D/dhcpcd  ( 3229): broadcasting for a lease
D/dhcpcd  ( 3229): sending DHCP_DISCOVER with xid 0x111e480a, next in 4.06 seconds
D/NetUpdate( 1924): progressValue--->0
D/NetUpdate( 1924): mWriteSD--->false
D/NetUpdate( 1924): mBootCheckZipExist--->false
D/dalvikvm( 1924): GC_CONCURRENT freed 285K, 15% free 32769K/38275K, paused 3ms+8ms
I/StateSet( 1924): -------you xian-----tv_Ip=0.0.0.0
I/StateSet( 1924): -----unConnect--------
I/HighSet_WirlessNetwork( 1924): -------------------------SSID= TP_LINK_TEST_5GHz_D8070A ----------Adress= 8c:21:0a:d8:07:0a
I/HighSet_WirlessNetwork( 1924): -------------------------SSID= testAP ----------Adress= 5c:63:bf:f8:5d:de
V/HighSet_WirlessNetwork( 1924): !!!!!!!! remove ssid:123
I/Process (  954): Sending signal. PID: 1924 SIG: 3
I/dalvikvm( 1924): threadid=3: reacting to signal 3
I/dalvikvm( 1924): Wrote stack traces to '/data/anr/traces.txt'
I/HighSet_WirlessNetwork( 1924): -------------------------SSID= TP_LINK_TEST_5GHz_D8070A ----------Adress= 8c:21:0a:d8:07:0a
I/HighSet_WirlessNetwork( 1924): -------------------------SSID= testAP ----------Adress= 5c:63:bf:f8:5d:de
V/HighSet_WirlessNetwork( 1924): !!!!!!!! remove ssid:123
I/HighSet_WirlessNetwork( 1924): -------------------------SSID= TP_LINK_TEST_5GHz_D8070A ----------Adress= 8c:21:0a:d8:07:0a
I/HighSet_WirlessNetwork( 1924): -------------------------SSID= testAP ----------Adress= 5c:63:bf:f8:5d:de
V/HighSet_WirlessNetwork( 1924): !!!!!!!! remove ssid:123
I/HighSet_WirlessNetwork( 1924): -------------------------SSID= TP_LINK_TEST_5GHz_D8070A ----------Adress= 8c:21:0a:d8:07:0a
I/HighSet_WirlessNetwork( 1924): -------------------------SSID= testAP ----------Adress= 5c:63:bf:f8:5d:de
V/HighSet_WirlessNetwork( 1924): !!!!!!!! remove ssid:123
I/HighSet_WirlessNetwork( 1924): -------------------------SSID= TP_LINK_TEST_5GHz_D8070A ----------Adress= 8c:21:0a:d8:07:0a
I/HighSet_WirlessNetwork( 1924): -------------------------SSID= testAP ----------Adress= 5c:63:bf:f8:5d:de
V/HighSet_WirlessNetwork( 1924): !!!!!!!! remove ssid:123
I/HighSet_WirlessNetwork( 1924): -------------------------SSID= TP_LINK_TEST_5GHz_D8070A ----------Adress= 8c:21:0a:d8:07:0a
I/HighSet_WirlessNetwork( 1924): -------------------------SSID= testAP ----------Adress= 5c:63:bf:f8:5d:de
V/HighSet_WirlessNetwork( 1924): !!!!!!!! remove ssid:123
W/wpa_supplicant( 2286): wlan0: Failed to initiate AP scan
I/HighSet_WirlessNetwork( 1924): -------------------------SSID= TP_LINK_TEST_5GHz_D8070A ----------Adress= 8c:21:0a:d8:07:0a
I/HighSet_WirlessNetwork( 1924): -------------------------SSID= testAP ----------Adress= 5c:63:bf:f8:5d:de
V/HighSet_WirlessNetwork( 1924): !!!!!!!! remove ssid:123
W/wpa_supplicant( 2286): wlan0: Failed to initiate AP scan
I/HighSet_WirlessNetwork( 1924): -----------------------wifi????-------------------
I/HighSet_WirlessNetwork( 1924): -------------------------SSID= TP_LINK_TEST_5GHz_D8070A ----------Adress= 8c:21:0a:d8:07:0a
I/HighSet_WirlessNetwork( 1924): -------------------------SSID= testAP ----------Adress= 5c:63:bf:f8:5d:de
V/HighSet_WirlessNetwork( 1924): !!!!!!!! remove ssid:123
I/HighSet_WirlessNetwork( 1924): -------------------------SSID= TP_LINK_TEST_5GHz_D8070A ----------Adress= 8c:21:0a:d8:07:0a
I/HighSet_WirlessNetwork( 1924): -------------------------SSID= testAP ----------Adress= 5c:63:bf:f8:5d:de
V/HighSet_WirlessNetwork( 1924): !!!!!!!! remove ssid:123
I/HighSet_WirlessNetwork( 1924): -----------------------wifi????-------------------
W/wpa_supplicant( 2286): wlan0: Failed to initiate AP scan
I/HighSet_WirlessNetwork( 1924): -------------------------SSID= TP_LINK_TEST_5GHz_D8070A ----------Adress= 8c:21:0a:d8:07:0a
I/HighSet_WirlessNetwork( 1924): -------------------------SSID= testAP ----------Adress= 5c:63:bf:f8:5d:de
V/HighSet_WirlessNetwork( 1924): !!!!!!!! remove ssid:123
I/HighSet_WirlessNetwork( 1924): -------------------------SSID= TP_LINK_TEST_5GHz_D8070A ----------Adress= 8c:21:0a:d8:07:0a
I/HighSet_WirlessNetwork( 1924): -------------------------SSID= testAP ----------Adress= 5c:63:bf:f8:5d:de
V/HighSet_WirlessNetwork( 1924): !!!!!!!! remove ssid:123
I/HighSet_WirlessNetwork( 1924): -------------------------SSID= TP_LINK_TEST_5GHz_D8070A ----------Adress= 8c:21:0a:d8:07:0a
I/HighSet_WirlessNetwork( 1924): -------------------------SSID= testAP ----------Adress= 5c:63:bf:f8:5d:de
V/HighSet_WirlessNetwork( 1924): !!!!!!!! remove ssid:123
D/dalvikvm( 1691): GC_CONCURRENT freed 701K, 64% free 2773K/7683K, paused 2ms+2ms
D/HomePlayerLib( 1691): hostaddress count is 0
D/NetUpdate( 1924): progressValue--->0
D/NetUpdate( 1924): mWriteSD--->false
D/NetUpdate( 1924): mBootCheckZipExist--->false
D/NetUpdate( 1924): progressValue--->0
D/NetUpdate( 1924): mWriteSD--->false
D/NetUpdate( 1924): mBootCheckZipExist--->false
I/HighSet_WirlessNetwork( 1924): -----------------------wifi????-------------------
W/wpa_supplicant( 2286): wlan0: Failed to initiate AP scan
I/HighSet_WirlessNetwork( 1924): -------------------------SSID= TP_LINK_TEST_5GHz_D8070A ----------Adress= 8c:21:0a:d8:07:0a
I/HighSet_WirlessNetwork( 1924): -------------------------SSID= testAP ----------Adress= 5c:63:bf:f8:5d:de
V/HighSet_WirlessNetwork( 1924): !!!!!!!! remove ssid:123
I/HighSet_WirlessNetwork( 1924): -------------------------SSID= TP_LINK_TEST_5GHz_D8070A ----------Adress= 8c:21:0a:d8:07:0a
I/HighSet_WirlessNetwork( 1924): -------------------------SSID= testAP ----------Adress= 5c:63:bf:f8:5d:de
V/HighSet_WirlessNetwork( 1924): !!!!!!!! remove ssid:123
I/HighSet_WirlessNetwork( 1924): -------------------------SSID= TP_LINK_TEST_5GHz_D8070A ----------Adress= 8c:21:0a:d8:07:0a
I/HighSet_WirlessNetwork( 1924): -------------------------SSID= testAP ----------Adress= 5c:63:bf:f8:5d:de
V/HighSet_WirlessNetwork( 1924): !!!!!!!! remove ssid:123
D/NetUpdate( 1924): progressValue--->0
D/NetUpdate( 1924): mWriteSD--->false
D/NetUpdate( 1924): mBootCheckZipExist--->false
D/NetUpdate( 1924): progressValue--->0
D/NetUpdate( 1924): mWriteSD--->false
D/NetUpdate( 1924): mBootCheckZipExist--->false
W/wpa_supplicant( 2286): wlan0: Failed to initiate AP scan
I/HighSet_WirlessNetwork( 1924): -------------------------SSID= TP_LINK_TEST_5GHz_D8070A ----------Adress= 8c:21:0a:d8:07:0a
I/HighSet_WirlessNetwork( 1924): -------------------------SSID= testAP ----------Adress= 5c:63:bf:f8:5d:de
V/HighSet_WirlessNetwork( 1924): !!!!!!!! remove ssid:123
[ 4037.279221] IR: [03932] scan key value is 0xec13c936 
[ 4037.279226]  
[ 4037.331815] IR: [03932] scan key value is 0xec13c936 
[ 4037.331820]  I/NetworkConnect( 1924): //////@Override//////@Override//////@Override//////@Override//////@Override//////@Override//////@Override//////@Override2
I/System  ( 1924): Failed to destroy process 3157
I/System  ( 1924): libcore.io.ErrnoException: kill failed: ESRCH (No such process)
I/System  ( 1924):      at libcore.io.Posix.kill(Native Method)
I/System  ( 1924):      at libcore.io.ForwardingOs.kill(ForwardingOs.java:77)
I/System  ( 1924):      at java.lang.ProcessManager$ProcessImpl.destroy(ProcessManager.java:257)
I/System  ( 1924):      at com.coship.dvbsetting.netsetting.quicksetservice.NetworkConnect.execueteCommand(NetworkConnect.java:167)
I/System  ( 1924):      at com.coship.dvbsetting.netsetting.quicksetservice.NetworkConnect.CheckNet(NetworkConnect.java:70)
I/System  ( 1924):      at com.coship.dvbsetting.netsetting.StateSet$1$1.run(StateSet.java:212)
I/System  ( 1924):      at java.lang.Thread.run(Thread.java:856)
I/StateSet( 1924): -------you xian-----tv_Ip=0.0.0.0
I/StateSet( 1924): -----unConnect--------
V/WifiConfig( 1924): !!!!!!<getConfig>:   password: null------accessPoint.security=2
I/ActivityManager(  954): START {cmp=com.coship.dvbsetting/.netsetting.dialog.WifiStateDialog (has extras)} from pid 1924
I/NetworkConnect( 1924): //////@Override//////@Override//////@Override//////@Override//////@Override//////@Override//////@Override//////@Override2
I/System  ( 1924): Failed to destroy process 3160
I/System  ( 1924): libcore.io.ErrnoException: kill failed: ESRCH (No such process)
I/System  ( 1924):      at libcore.io.Posix.kill(Native Method)
I/System  ( 1924):      at libcore.io.ForwardingOs.kill(ForwardingOs.java:77)
I/System  ( 1924):      at java.lang.ProcessManager$ProcessImpl.destroy(ProcessManager.java:257)
I/System  ( 1924):      at com.coship.dvbsetting.netsetting.quicksetservice.NetworkConnect.execueteCommand(NetworkConnect.java:167)
I/System  ( 1924):      at com.coship.dvbsetting.netsetting.quicksetservice.NetworkConnect.CheckNet(NetworkConnect.java:70)
I/System  ( 1924):      at com.coship.dvbsetting.netsetting.StateSet$2.run(StateSet.java:458)
I/System  ( 1924):      at java.lang.Thread.run(Thread.java:856)
D/NetUpdate( 1924): progressValue--->0
D/NetUpdate( 1924): mWriteSD--->false
D/NetUpdate( 1924): mBootCheckZipExist--->false
I/StateSet( 1924): -------you xian-----tv_Ip=0.0.0.0
I/StateSet( 1924): -----unConnect--------
V/WifiSTATEialog( 1924): !!!!<onCreate>   getExtras    ssid: testAP
V/WifiSTATEialog( 1924): !!!!<onCreate>   getExtras    mrssi: -51
V/WifiSTATEialog( 1924): !!!!<onCreate>   getExtras    networkid: 2
V/WifiSTATEialog( 1924): !!!!<onCreate>   mwificfg.SSID: "testAP"
V/WifiSTATEialog( 1924): !!!!<onCreate>   connName: "null"
V/WifiSTATEialog( 1924): !!!!<onCreate>   mwificfg.status: 2
V/WifiSTATEialog( 1924): !!!!<onCreate>   mwificfg.networkId: 2
V/WifiSTATEialog( 1924): !!!!!!!<onCreate> status: 2!!!!!!!!!!!!!
V/WifiSTATEialog( 1924): !!!!!!!!!!<onCreate> status: !!!!!!!!!!!!!!mrssi:-51
V/TabletStatusBar( 1140): setLightsOn(true)
I/ActivityManager(  954): Displayed com.coship.dvbsetting/.netsetting.dialog.WifiStateDialog: +141ms
D/dalvikvm(  954): GC_CONCURRENT freed 700K, 64% free 3727K/10307K, paused 2ms+5ms
W/wpa_supplicant( 2286): wlan0: Failed to initiate AP scan
I/HighSet_WirlessNetwork( 1924): -------------------------SSID= TP_LINK_TEST_5GHz_D8070A ----------Adress= 8c:21:0a:d8:07:0a
I/HighSet_WirlessNetwork( 1924): -------------------------SSID= testAP ----------Adress= 5c:63:bf:f8:5d:de
V/HighSet_WirlessNetwork( 1924): !!!!!!!! remove ssid:123
D/dhcpcd  ( 3229): sending DHCP_DISCOVER with xid 0x111e480a, next in 7.28 seconds

[ 4038.329388] IR: [03932] scan key value is 0xec13c936 
[ 4038.329393]  
[ 4038.381970] IR: [03932] scan key value is 0xec13c936 
[ 4038.381975]  V/WifiSTATEialog( 1924): !!!!!!!!!!<onClick> v: android.widget.Button@43120210 !!!!!!!!!
V/WifiSTATEialog( 1924): !!!!! <SendResult> results: connect!!!!!!!!!!
V/TabletStatusBar( 1140): setLightsOn(true)
V/onActivityResult( 1924): !!!!!!!!!!!!!!!!! Result: connect
I/HighSet_WirlessNetwork( 1924): -------------------------SSID= TP_LINK_TEST_5GHz_D8070A ----------Adress= 8c:21:0a:d8:07:0a
I/HighSet_WirlessNetwork( 1924): -------------------------SSID= testAP ----------Adress= 5c:63:bf:f8:5d:de
V/HighSet_WirlessNetwork( 1924): !!!!!!!! remove ssid:123
I/HighSet_WirlessNetwork( 1924): ---connect()-----mwificfg="testAP"-----------networkId=2
W/wpa_supplicant( 2286): wlan0: Failed to initiate AP scan
V/onActivityResult( 1924): !!!!!!!!!!!!!!!!! security: 0  ssid: null    password: null
I/HighSet_WirlessNetwork( 1924): -------------------------SSID= TP_LINK_TEST_5GHz_D8070A ----------Adress= 8c:21:0a:d8:07:0a
I/HighSet_WirlessNetwork( 1924): -------------------------SSID= testAP ----------Adress= 5c:63:bf:f8:5d:de
V/HighSet_WirlessNetwork( 1924): !!!!!!!! remove ssid:123
I/HighSet_WirlessNetwork( 1924): -------------------------SSID= TP_LINK_TEST_5GHz_D8070A ----------Adress= 8c:21:0a:d8:07:0a
I/HighSet_WirlessNetwork( 1924): -------------------------SSID= testAP ----------Adress= 5c:63:bf:f8:5d:de
V/HighSet_WirlessNetwork( 1924): !!!!!!!! remove ssid:123
D/NetUtils(  954): android_net_utils_resetConnections in env=0x187738 clazz=0x7de00001 iface=wlan0 mask=0x3
W/EthernetStateTracker(  954): Could not stop DHCP
I/EthernetStateTracker(  954): trigger dhcp for device eth0
D/ConnectivityService(  954): Attempting to switch to ETH
D/ConnectivityService(  954): Attempting to switch to pppoe
D/ConnectivityService(  954): now reset wlan0, resetMask = 3
D/ConnectivityService(  954): resetConnections(wlan0, 3)
D/Tethering(  954): MasterInitialState.processMessage what=3
D/StpService( 1784): receive Broadcast Info NetworkInfo: type: WIFI[], state: DISCONNECTED/DISCONNECTED, reason: (unspecified), extra: (none), roaming: false, failover: false, isAvailable: true
I/StpService( 1784): Network Type Changed to 1
D/BootReceiver( 1432): startOtOService
E/OtOService( 1432): onStart
I/FeiApplication( 1432): SystemPropertiesClass:class android.os.SystemProperties
W/FeiApplication( 1432): ~~~~~~~~~~~~~~~~~~~~~~method:public static java.lang.String android.os.SystemProperties.get(java.lang.String,java.lang.String)
W/FeiApplication( 1432): ~~~~~~~~~~~~~~~~~~~~~~returnvalue:SmartBox
D/GTalkService( 1301): lost connectivity, notify
D/dalvikvm( 1432): GC_CONCURRENT freed 544K, 79% free 1183K/5443K, paused 1ms+1ms
I/Process (  954): Sending signal. PID: 1924 SIG: 3
I/dalvikvm( 1924): threadid=3: reacting to signal 3
I/dalvikvm( 1924): Wrote stack traces to '/data/anr/traces.txt'
D/dalvikvm(  954): GC_EXPLICIT freed 262K, 65% free 3692K/10307K, paused 3ms+7ms
D/DeviceAnnounce( 1432): resetSocket
D/ServerAdapter( 1432): resetDeviceAnnounce
D/dalvikvm( 1432): GC_CONCURRENT freed 496K, 80% free 1141K/5443K, paused 1ms+1ms
D/dalvikvm( 1301): GC_CONCURRENT freed 406K, 71% free 1756K/6019K, paused 2ms+5ms
I/BootCompletedReceiver( 1691): [onReceive] Action??android.net.conn.CONNECTIVITY_CHANGE
D/BootCompletedReceiver( 1691): [onReceive] renderer was configed as autoboot,start backservice
D/Multimedia_BackService( 1691): BackService onStart called
D/Multimedia_BackService( 1691): device Name:SmartBox
I/AirplayService( 1691): in setAirplayDevName
D/dalvikvm( 1924): GC_EXPLICIT freed 1548K, 15% free 32837K/38275K, paused 3ms+14ms
E/StrictMode( 1924): class com.coship.dvbsetting.netsetting.dialog.WifiStateDialog; instances=2; limit=1
E/StrictMode( 1924): android.os.StrictMode$InstanceCountViolation: class com.coship.dvbsetting.netsetting.dialog.WifiStateDialog; instances=2; limit=1
E/StrictMode( 1924):    at android.os.StrictMode.setClassInstanceLimit(StrictMode.java:1)
D/NetUpdate( 1924): progressValue--->0
D/NetUpdate( 1924): mWriteSD--->false
D/NetUpdate( 1924): mBootCheckZipExist--->false
W/wpa_supplicant( 2286): wlan0: Failed to initiate AP scan
I/HighSet_WirlessNetwork( 1924): -------------------------SSID= TP_LINK_TEST_5GHz_D8070A ----------Adress= 8c:21:0a:d8:07:0a
I/HighSet_WirlessNetwork( 1924): -------------------------SSID= testAP ----------Adress= 5c:63:bf:f8:5d:de
V/HighSet_WirlessNetwork( 1924): !!!!!!!! remove ssid:123
I/wpa_supplicant( 2286): wlan0: Trying to associate with 5c:63:bf:f8:5d:de (SSID='testAP' freq=2447 MHz)
V/EthernetMonitor(  954): get event 
V/EthernetMonitor(  954): go poll events

[ 4039.770615] ADDRCONF(NETDEV_CHANGE): wlan0: link becomes ready
V/EthernetMonitor(  954): get event 
V/EthernetMonitor(  954): go poll events
V/EthernetMonitor(  954): get event 
V/EthernetMonitor(  954): go poll events
V/EthernetMonitor(  954): get event 
V/EthernetMonitor(  954): go poll events
V/EthernetMonitor(  954): get event 
V/EthernetMonitor(  954): go poll events
V/EthernetMonitor(  954): get event 
V/EthernetMonitor(  954): go poll events
I/wpa_supplicant( 2286): wlan0: Associated with 5c:63:bf:f8:5d:de
I/HighSet_WirlessNetwork( 1924): -------------------------SSID= TP_LINK_TEST_5GHz_D8070A ----------Adress= 8c:21:0a:d8:07:0a
I/HighSet_WirlessNetwork( 1924): -------------------------SSID= testAP ----------Adress= 5c:63:bf:f8:5d:de
V/HighSet_WirlessNetwork( 1924): !!!!!!!! remove ssid:123
I/HighSet_WirlessNetwork( 1924): -------------------------SSID= TP_LINK_TEST_5GHz_D8070A ----------Adress= 8c:21:0a:d8:07:0a
I/HighSet_WirlessNetwork( 1924): -------------------------SSID= testAP ----------Adress= 5c:63:bf:f8:5d:de
V/HighSet_WirlessNetwork( 1924): !!!!!!!! remove ssid:123
I/HighSet_WirlessNetwork( 1924): -------------------------SSID= TP_LINK_TEST_5GHz_D8070A ----------Adress= 8c:21:0a:d8:07:0a
I/HighSet_WirlessNetwork( 1924): -------------------------SSID= testAP ----------Adress= 5c:63:bf:f8:5d:de
V/HighSet_WirlessNetwork( 1924): !!!!!!!! remove ssid:123
I/wpa_supplicant( 2286): wlan0: WPA: Key negotiation completed with 5c:63:bf:f8:5d:de [PTK=CCMP GTK=CCMP]
V/EthernetMonitor(  954): get event 
V/EthernetMonitor(  954): go poll events
I/wpa_supplicant( 2286): wlan0: CTRL-EVENT-CONNECTED - Connection to 5c:63:bf:f8:5d:de completed (reauth) [id=2 id_str=]
V/EthernetMonitor(  954): get event 
V/EthernetMonitor(  954): go poll events
I/TabletStatusBar( 1140): receiver broadcast
I/System.out( 1623): GolableWifiChangeReceiver:::::
I/System.out( 1623): WIFI_CONNECT:false
I/NetworkStatusChangeReceiver( 1806): action::::::::android.net.wifi.STATE_CHANGE
I/System.out( 1806): 网络断开：：：：：：：
I/System.out( 1806): 项目名称：A3STB-WidgetHost，版本号：1.0.11，发布人：朱道专(Jacky.Zhu)
I/System.out( 1806): BabaoWebWidget---network not connect---
I/System.out( 1806): WeatherWidgetProvider----network not connect----------
I/HighSet_WirlessNetwork( 1924): -------------------------SSID= TP_LINK_TEST_5GHz_D8070A ----------Adress= 8c:21:0a:d8:07:0a
I/HighSet_WirlessNetwork( 1924): -------------------------SSID= testAP ----------Adress= 5c:63:bf:f8:5d:de
V/HighSet_WirlessNetwork( 1924): !!!!!!!! remove ssid:123
I/HighSet_WirlessNetwork( 1924): -------------------------SSID= TP_LINK_TEST_5GHz_D8070A ----------Adress= 8c:21:0a:d8:07:0a
I/HighSet_WirlessNetwork( 1924): -------------------------SSID= testAP ----------Adress= 5c:63:bf:f8:5d:de
V/HighSet_WirlessNetwork( 1924): !!!!!!!! remove ssid:123
I/HighSet_WirlessNetwork( 1924): -------------------------SSID= TP_LINK_TEST_5GHz_D8070A ----------Adress= 8c:21:0a:d8:07:0a
I/HighSet_WirlessNetwork( 1924): -------------------------SSID= testAP ----------Adress= 5c:63:bf:f8:5d:de
V/HighSet_WirlessNetwork( 1924): !!!!!!!! remove ssid:123
I/HighSet_WirlessNetwork( 1924): -------------------------SSID= TP_LINK_TEST_5GHz_D8070A ----------Adress= 8c:21:0a:d8:07:0a
I/HighSet_WirlessNetwork( 1924): -------------------------SSID= testAP ----------Adress= 5c:63:bf:f8:5d:de
V/HighSet_WirlessNetwork( 1924): !!!!!!!! remove ssid:123
V/EthernetMonitor(  954): get event 
V/EthernetMonitor(  954): go poll events
D/ConnectivityService(  954): ConnectivityChange for WIFI: CONNECTED/CONNECTED
I/System.out( 1623): GolableWifiChangeReceiver:::::
I/TabletStatusBar( 1140): receiver broadcast
I/System.out( 1623): WIFI_CONNECT:true
I/NetworkStatusChangeReceiver( 1806): action::::::::android.net.wifi.STATE_CHANGE
I/System.out( 1806): 网络连接：：：：：：：
D/ConnectivityService(  954): ConnectivityChange for WIFI: CONNECTED/CONNECTED
I/System.out( 1806): 项目名称：A3STB-WidgetHost，版本号：1.0.11，发布人：朱道专(Jacky.Zhu)
W/NetworkStats(  954): dropping UID delta from unknown iface: iface=wlan0 uid=0 set=DEFAULT tag=0x0 rxBytes=130 rxPackets=2 txBytes=130 txPackets=2 operations=0
I/System.out( 1806): BabaoWebWidget---network connect---
I/NetworkConnect( 1924): //////@Override//////@Override//////@Override//////@Override//////@Override//////@Override//////@Override//////@Override
I/NetworkConnect( 1924): Execute command :ping -c 1 -w 100 www.baidu.com
I/System.out( 1806): WeatherWidgetProvider----network connect----------
D/ConnectivityService(  954): handleConnectivityChange: address are the same reset per doReset linkProperty[1]: resetMask=0
I/HighSet_WirlessNetwork( 1924): -------------------------SSID= TP_LINK_TEST_5GHz_D8070A ----------Adress= 8c:21:0a:d8:07:0a
I/HighSet_WirlessNetwork( 1924): -------------------------SSID= testAP ----------Adress= 5c:63:bf:f8:5d:de
V/HighSet_WirlessNetwork( 1924): !!!!!!!! remove ssid:123
I/NetworkConnect( 1924): //////@Override//////@Override//////@Override//////@Override//////@Override//////@Override//////@Override//////@Override0
I/System  ( 1924): Failed to destroy process 3275
I/System  ( 1924): libcore.io.ErrnoException: kill failed: ESRCH (No such process)
I/System  ( 1924):      at libcore.io.Posix.kill(Native Method)
I/System  ( 1924):      at libcore.io.ForwardingOs.kill(ForwardingOs.java:77)
I/System  ( 1924):      at java.lang.ProcessManager$ProcessImpl.destroy(ProcessManager.java:257)
I/System  ( 1924):      at com.coship.dvbsetting.netsetting.quicksetservice.NetworkConnect.execueteCommand(NetworkConnect.java:167)
I/System  ( 1924):      at com.coship.dvbsetting.netsetting.quicksetservice.NetworkConnect.CheckNet(NetworkConnect.java:70)
I/System  ( 1924):      at com.coship.dvbsetting.netsetting.StateSet$1$1.run(StateSet.java:212)
I/System  ( 1924):      at java.lang.Thread.run(Thread.java:856)
I/StateSet( 1924): -----wifi------dhcpinfo.toString()=ipaddr 192.168.2.102 gateway 192.168.2.1 netmask 255.255.255.0 dns1 192.168.99.5 dns2 192.168.99.4 DHCP server 192.168.2.1 lease 7200 seconds
W/System.err( 1806): org.json.JSONException: Value <?xml of type java.lang.String cannot be converted to JSONObject
W/System.err( 1806):    at org.json.JSON.typeMismatch(JSON.java:111)
W/System.err( 1806):    at org.json.JSONObject.<init>(JSONObject.java:158)
W/System.err( 1806):    at org.json.JSONObject.<init>(JSONObject.java:171)
W/System.err( 1806):    at com.biaoqi.stbwidget.host.BabaoWebHelper.getSinaWebNews(BabaoWebHelper.java:55)
W/System.err( 1806):    at com.biaoqi.stbwidget.host.BabaoWebWidget$1.run(BabaoWebWidget.java:46)
W/System.err( 1806):    at java.lang.Thread.run(Thread.java:856)
D/NetUpdate( 1924): progressValue--->0
D/NetUpdate( 1924): mWriteSD--->false
D/NetUpdate( 1924): mBootCheckZipExist--->false
D/NetUpdate( 1924): progressValue--->0
D/NetUpdate( 1924): mWriteSD--->false
D/NetUpdate( 1924): mBootCheckZipExist--->false
D/dalvikvm( 1806): GC_CONCURRENT freed 1994K, 46% free 6883K/12611K, paused 2ms+3ms
E/StrictMode( 1806): A resource was acquired at attached stack trace but never released. See java.io.Closeable for information on avoiding resource leaks.
E/StrictMode( 1806): java.lang.Throwable: Explicit termination method 'end' not called
E/StrictMode( 1806):    at dalvik.system.CloseGuard.open(CloseGuard.java:184)
E/StrictMode( 1806):    at java.util.zip.Inflater.<init>(Inflater.java:82)
E/StrictMode( 1806):    at java.util.zip.GZIPInputStream.<init>(GZIPInputStream.java:96)
E/StrictMode( 1806):    at java.util.zip.GZIPInputStream.<init>(GZIPInputStream.java:81)
E/StrictMode( 1806):    at libcore.net.http.HttpEngine.initContentStream(HttpEngine.java:512)
E/StrictMode( 1806):    at libcore.net.http.HttpEngine.readResponse(HttpEngine.java:805)
E/StrictMode( 1806):    at libcore.net.http.HttpURLConnectionImpl.getResponse(HttpURLConnectionImpl.java:274)
E/StrictMode( 1806):    at libcore.net.http.HttpURLConnectionImpl.getInputStream(HttpURLConnectionImpl.java:168)
E/StrictMode( 1806):    at com.biaoqi.stbwidget.host.BabaoWebHelper.getSinaWebNews(BabaoWebHelper.java:42)
E/StrictMode( 1806):    at com.biaoqi.stbwidget.host.BabaoWebWidget$1.run(BabaoWebWidget.java:46)
E/StrictMode( 1806):    at java.lang.Thread.run(Thread.java:856)
E/StrictMode( 1806): A resource was acquired at attached stack trace but never released. See java.io.Closeable for information on avoiding resource leaks.
E/StrictMode( 1806): java.lang.Throwable: Explicit termination method 'end' not called
E/StrictMode( 1806):    at dalvik.system.CloseGuard.open(CloseGuard.java:184)
E/StrictMode( 1806):    at java.util.zip.Inflater.<init>(Inflater.java:82)
E/StrictMode( 1806):    at java.util.zip.GZIPInputStream.<init>(GZIPInputStream.java:96)
E/StrictMode( 1806):    at java.util.zip.GZIPInputStream.<init>(GZIPInputStream.java:81)
E/StrictMode( 1806):    at libcore.net.http.HttpEngine.initContentStream(HttpEngine.java:512)
E/StrictMode( 1806):    at libcore.net.http.HttpEngine.readResponse(HttpEngine.java:805)
E/StrictMode( 1806):    at libcore.net.http.HttpURLConnectionImpl.getResponse(HttpURLConnectionImpl.java:274)
E/StrictMode( 1806):    at libcore.net.http.HttpURLConnectionImpl.getInputStream(HttpURLConnectionImpl.java:168)
E/StrictMode( 1806):    at com.biaoqi.stbwidget.host.WeatherWidgetHelper.getWeatherContent(WeatherWidgetHelper.java:57)
E/StrictMode( 1806):    at com.biaoqi.stbwidget.host.WeatherWidgetHelper.getCurrentCityWeather(WeatherWidgetHelper.java:86)
E/StrictMode( 1806):    at com.biaoqi.stbwidget.host.WeatherWidgetProvider$1.run(WeatherWidgetProvider.java:62)
E/StrictMode( 1806):    at java.lang.Thread.run(Thread.java:856)
E/StrictMode( 1806): A resource was acquired at attached stack trace but never released. See java.io.Closeable for information on avoiding resource leaks.
E/StrictMode( 1806): java.lang.Throwable: Explicit termination method 'end' not called
E/StrictMode( 1806):    at dalvik.system.CloseGuard.open(CloseGuard.java:184)
E/StrictMode( 1806):    at java.util.zip.Inflater.<init>(Inflater.java:82)
E/StrictMode( 1806):    at java.util.zip.GZIPInputStream.<init>(GZIPInputStream.java:96)
E/StrictMode( 1806):    at java.util.zip.GZIPInputStream.<init>(GZIPInputStream.java:81)
E/StrictMode( 1806):    at libcore.net.http.HttpEngine.initContentStream(HttpEngine.java:512)
E/StrictMode( 1806):    at libcore.net.http.HttpEngine.readResponse(HttpEngine.java:805)
E/StrictMode( 1806):    at libcore.net.http.HttpURLConnectionImpl.getResponse(HttpURLConnectionImpl.java:274)
E/StrictMode( 1806):    at libcore.net.http.HttpURLConnectionImpl.getInputStream(HttpURLConnectionImpl.java:168)
E/StrictMode( 1806):    at com.biaoqi.stbwidget.host.WeatherWidgetHelper.getWeatherContent(WeatherWidgetHelper.java:57)
E/StrictMode( 1806):    at com.biaoqi.stbwidget.host.WeatherWidgetHelper.getCurrentCityWeather(WeatherWidgetHelper.java:87)
E/StrictMode( 1806):    at com.biaoqi.stbwidget.host.WeatherWidgetProvider$1.run(WeatherWidgetProvider.java:62)
E/StrictMode( 1806):    at java.lang.Thread.run(Thread.java:856)
E/StrictMode( 1806): A resource was acquired at attached stack trace but never released. See java.io.Closeable for information on avoiding resource leaks.
E/StrictMode( 1806): java.lang.Throwable: Explicit termination method 'end' not called
E/StrictMode( 1806):    at dalvik.system.CloseGuard.open(CloseGuard.java:184)
E/StrictMode( 1806):    at java.util.zip.Inflater.<init>(Inflater.java:82)
E/StrictMode( 1806):    at java.util.zip.GZIPInputStream.<init>(GZIPInputStream.java:96)
E/StrictMode( 1806):    at java.util.zip.GZIPInputStream.<init>(GZIPInputStream.java:81)
E/StrictMode( 1806):    at libcore.net.http.HttpEngine.initContentStream(HttpEngine.java:512)
E/StrictMode( 1806):    at libcore.net.http.HttpEngine.readResponse(HttpEngine.java:805)
E/StrictMode( 1806):    at libcore.net.http.HttpURLConnectionImpl.getResponse(HttpURLConnectionImpl.java:274)
E/StrictMode( 1806):    at libcore.net.http.HttpURLConnectionImpl.getInputStream(HttpURLConnectionImpl.java:168)
E/StrictMode( 1806):    at com.biaoqi.stbwidget.host.WeatherWidgetHelper.getWeatherContent(WeatherWidgetHelper.java:57)
E/StrictMode( 1806):    at com.biaoqi.stbwidget.host.WeatherWidgetHelper.getCurrentCityWeather(WeatherWidgetHelper.java:86)
E/StrictMode( 1806):    at com.biaoqi.stbwidget.host.WeatherWidgetProvider$1.run(WeatherWidgetProvider.java:63)
E/StrictMode( 1806):    at java.lang.Thread.run(Thread.java:856)
D/ConnectivityService(  954): NetTransition Wakelock for WifiStateMachine released by timeout
D/Tethering(  954): MasterInitialState.processMessage what=3
D/StpService( 1784): receive Broadcast Info NetworkInfo: type: WIFI[], state: DISCONNECTED/DISCONNECTED, reason: (unspecified), extra: (none), roaming: false, failover: false, isAvailable: true
I/StpService( 1784): Network Type Changed to 1
D/BootReceiver( 1432): startOtOService
E/OtOService( 1432): onStart
I/FeiApplication( 1432): SystemPropertiesClass:class android.os.SystemProperties
W/FeiApplication( 1432): ~~~~~~~~~~~~~~~~~~~~~~method:public static java.lang.String android.os.SystemProperties.get(java.lang.String,java.lang.String)
W/FeiApplication( 1432): ~~~~~~~~~~~~~~~~~~~~~~returnvalue:SmartBox
D/GTalkService( 1301): lost connectivity, notify
I/BootCompletedReceiver( 1691): [onReceive] Action??android.net.conn.CONNECTIVITY_CHANGE
D/BootCompletedReceiver( 1691): [onReceive] renderer was configed as autoboot,start backservice
D/Multimedia_BackService( 1691): BackService onStart called
D/Multimedia_BackService( 1691): device Name:SmartBox
I/AirplayService( 1691): in setAirplayDevName
D/dalvikvm( 1432): GC_CONCURRENT freed 455K, 78% free 1224K/5443K, paused 1ms+1ms
D/DeviceAnnounce( 1432): resetSocket
D/ServerAdapter( 1432): resetDeviceAnnounce
D/dalvikvm( 1301): GC_CONCURRENT freed 441K, 70% free 1825K/6019K, paused 2ms+1ms
D/dalvikvm(  954): GC_CONCURRENT freed 667K, 64% free 3722K/10307K, paused 6ms+4ms
D/NetUpdate( 1924): progressValue--->0
D/NetUpdate( 1924): mWriteSD--->false
D/NetUpdate( 1924): mBootCheckZipExist--->false
D/NetUpdate( 1924): progressValue--->0
D/NetUpdate( 1924): mWriteSD--->false
D/NetUpdate( 1924): mBootCheckZipExist--->false
D/Tethering(  954): MasterInitialState.processMessage what=3
D/StpService( 1784): receive Broadcast Info NetworkInfo: type: WIFI[], state: CONNECTED/CONNECTED, reason: (unspecified), extra: (none), roaming: false, failover: false, isAvailable: true
I/StpService( 1784): Network Type Changed to 1
D/BootReceiver( 1432): startOtOService
E/OtOService( 1432): onStart
I/FeiApplication( 1432): SystemPropertiesClass:class android.os.SystemProperties
W/FeiApplication( 1432): ~~~~~~~~~~~~~~~~~~~~~~method:public static java.lang.String android.os.SystemProperties.get(java.lang.String,java.lang.String)
W/FeiApplication( 1432): ~~~~~~~~~~~~~~~~~~~~~~returnvalue:SmartBox
E/EthernetStateTracker(  954): DhcpHandler: DHCP request failed: Timed out waiting for dhcpcd to start
D/EthernetStateTracker(  954): DhcpHandler: DHCP request started
V/EthernetStateTracker(  954): configureInterfaceAutoIP skip!
E/dhcpcd  ( 3285): flock `/data/misc/dhcp/dhcpcd-eth0.pid': Try again
D/StpService( 1784): receive Broadcast Info NetworkInfo: type: WIFI[], state: CONNECTED/CONNECTED, reason: (unspecified), extra: (none), roaming: false, failover: false, isAvailable: true
I/StpService( 1784): Network Type Changed to 1
D/Tethering(  954): MasterInitialState.processMessage what=3
I/BootCompletedReceiver( 1691): [onReceive] Action??android.net.conn.CONNECTIVITY_CHANGE
D/BootCompletedReceiver( 1691): [onReceive] renderer was configed as autoboot,start backservice
D/Multimedia_BackService( 1691): BackService onStart called
D/Multimedia_BackService( 1691): device Name:SmartBox
I/AirplayService( 1691): in setAirplayDevName
D/StpService( 1784): handleMessage NetworkType is 1
D/dalvikvm( 1432): GC_CONCURRENT freed 532K, 79% free 1194K/5443K, paused 1ms+4ms
D/DeviceAnnounce( 1432): resetSocket
D/ServerAdapter( 1432): resetDeviceAnnounce
D/BootReceiver( 1432): startOtOService
E/OtOService( 1432): onStart
I/FeiApplication( 1432): SystemPropertiesClass:class android.os.SystemProperties
W/FeiApplication( 1432): ~~~~~~~~~~~~~~~~~~~~~~method:public static java.lang.String android.os.SystemProperties.get(java.lang.String,java.lang.String)
W/FeiApplication( 1432): ~~~~~~~~~~~~~~~~~~~~~~[ 4044.088111] init: untracked pid 2793 exited
returnvalue:Smar[ 4044.093417] init: untracked pid 2794 exited
tBox
[ 4044.104398] init: untracked pid 2795 exited
[ 4044.110063] init: untracked pid 2796 exited
D/dalvikvm( 1432): GC_CONCURRENT freed 538K, 81% free 1040K/5443K, paused 0ms+1ms
D/dalvikvm( 1432): GC_CONCURRENT freed 353K, 78% free 1201K/5443K, paused 1ms+0ms
I/BootCompletedReceiver( 1691): [onReceive] Action??android.net.conn.CONNECTIVITY_CHANGE
D/BootCompletedReceiver( 1691): [onReceive] renderer was configed as autoboot,start backservice
D/Multimedia_BackService( 1691): BackService onStart called
D/Multimedia_BackService( 1691): device Name:SmartBox
I/AirplayService( 1691): in setAirplayDevName
D/DeviceAnnounce( 1432): resetSocket
D/dalvikvm( 1301): GC_CONCURRENT freed 554K, 71% free 1763K/6019K, paused 2ms+3ms
D/ServerAdapter( 1432): resetDeviceAnnounce
D/NetUpdate( 1924): progressValue--->0
D/NetUpdate( 1924): mWriteSD--->false
D/NetUpdate( 1924): mBootCheckZipExist--->false
I/HighSet_WirlessNetwork( 1924): -----------------------wifi????-------------------
I/HighSet_WirlessNetwork( 1924): -------------------------SSID= TP_LINK_TEST_5GHz_D8070A ----------Adress= 8c:21:0a:d8:07:0a
I/HighSet_WirlessNetwork( 1924): -------------------------SSID= testAP ----------Adress= 5c:63:bf:f8:5d:de
V/HighSet_WirlessNetwork( 1924): !!!!!!!! remove ssid:123
I/HighSet_WirlessNetwork( 1924): -----------------------wifi????-------------------
I/HighSet_WirlessNetwork( 1924): -------------------------SSID= TP_LINK_TEST_5GHz_D8070A ----------Adress= 8c:21:0a:d8:07:0a
I/HighSet_WirlessNetwork( 1924): -------------------------SSID= testAP ----------Adress= 5c:63:bf:f8:5d:de
V/HighSet_WirlessNetwork( 1924): !!!!!!!! remove ssid:123
D/dhcpcd  ( 3229): sending DHCP_DISCOVER with xid 0x111e480a, next in 16.35 seconds
D/HomePlayerLib( 1691): hostaddress count is 1
D/dalvikvm( 1691): GC_CONCURRENT freed 677K, 64% free 2784K/7683K, paused 2ms+2ms
D/dalvikvm( 1691): GC_CONCURRENT freed 686K, 64% free 2787K/7683K, paused 2ms+2ms
D/NetUpdate( 1924): progressValue--->0
D/NetUpdate( 1924): mWriteSD--->false
D/NetUpdate( 1924): mBootCheckZipExist--->false
D/dalvikvm( 1691): GC_CONCURRENT freed 662K, 62% free 2929K/7683K, paused 2ms+2ms
I/HighSet_WirlessNetwork( 1924): -----------------------wifi????-------------------
I/HighSet_WirlessNetwork( 1924): -------------------------SSID= TP_LINK_TEST_5GHz_D8070A ----------Adress= 8c:21:0a:d8:07:0a
I/HighSet_WirlessNetwork( 1924): -------------------------SSID= testAP ----------Adress= 5c:63:bf:f8:5d:de
V/HighSet_WirlessNetwork( 1924): !!!!!!!! remove ssid:123
[ 4045.886927] IR: [03932] scan key value is 0xf10ec936 
[ 4045.886931]  
[ 4045.939512] IR: [03932] scan key value is 0xf10ec936 
[ 4045.939517]  D/dalvikvm( 1691): GC_CONCURRENT freed 877K, 64% free 2825K/7683K, paused 3ms+3ms
D/InputEventConsistencyVerifier( 1924): KeyEvent: ACTION_UP but key was not down.
D/InputEventConsistencyVerifier( 1924):   in com.android.internal.policy.impl.PhoneWindow$DecorView@431aa940
D/InputEventConsistencyVerifier( 1924):   0: sent at 4046108000000, KeyEvent { action=ACTION_UP, keyCode=KEYCODE_BACK, scanCode=158, metaState=0, flags=0x8, repeatCount=0, eventTime=4046108, downTime=4045892, deviceId=1, source=0x101 }
D/InputEventConsistencyVerifier( 1924):   -- recent events --
D/InputEventConsistencyVerifier( 1924):   1: sent at 4037496000000, KeyEvent { action=ACTION_UP, keyCode=KEYCODE_ENTER, scanCode=28, metaState=0, flags=0x8, repeatCount=0, eventTime=4037496, downTime=4037284, deviceId=1, source=0x101 }
D/InputEventConsistencyVerifier( 1924):   2: sent at 4037284000000, KeyEvent { action=ACTION_DOWN, keyCode=KEYCODE_ENTER, scanCode=28, metaState=0, flags=0x8, repeatCount=0, eventTime=4037284, downTime=4037284, deviceId=1, source=0x101 }
D/InputEventConsistencyVerifier( 1924):   3: sent at 4032172000000, KeyEvent { action=ACTION_UP, keyCode=KEYCODE_ENTER, scanCode=28, metaState=0, flags=0x8, repeatCount=0, eventTime=4032172, downTime=4031961, deviceId=1, source=0x101 }
D/InputEventConsistencyVerifier( 1924):   4: sent at 4031961000000, KeyEvent { action=ACTION_DOWN, keyCode=KEYCODE_ENTER, scanCode=28, metaState=0, flags=0x8, repeatCount=0, eventTime=4031961, downTime=4031961, deviceId=1, source=0x101 }
D/InputEventConsistencyVerifier( 1924):   5: sent at 4031572000000, (unhandled) KeyEvent { action=ACTION_UP, keyCode=KEYCODE_DPAD_DOWN, scanCode=108, metaState=0, flags=0x8, repeatCount=0, eventTime=4031572, downTime=4031361, deviceId=1, source=0x101 }
D/dalvikvm( 1691): GC_CONCURRENT freed 744K, 64% free 2793K/7683K, paused 4ms+2ms
D/dalvikvm( 1691): GC_CONCURRENT freed 705K, 64% free 2790K/7683K, paused 2ms+3ms
D/NetUpdate( 1924): progressValue--->0
D/NetUpdate( 1924): mWriteSD--->false
D/NetUpdate( 1924): mBootCheckZipExist--->false

[ 4046.626029] IR: [03932] scan key value is 0xf10ec936 
[ 4046.626034]  V/TabletStatusBar( 1140): setLightsOn(true)

[ 4046.678628] IR: [03932] scan key value is 0xf10ec936 
[ 4046.678634]  D/InputEventConsistencyVerifier( 1924): KeyEvent: ACTION_UP but key was not down.
D/InputEventConsistencyVerifier( 1924):   in Handler (android.view.ViewRootImpl) {415a45d8}
D/InputEventConsistencyVerifier( 1924):   0: sent at 4046844000000, KeyEvent { action=ACTION_UP, keyCode=KEYCODE_BACK, scanCode=158, metaState=0, flags=0x8, repeatCount=0, eventTime=4046844, downTime=4046631, deviceId=1, source=0x101 }
D/InputEventConsistencyVerifier( 1924):   -- recent events --
D/InputEventConsistencyVerifier( 1924):   1: sent at 4012056000000, KeyEvent { action=ACTION_UP, keyCode=KEYCODE_ENTER, scanCode=28, metaState=0, flags=0x8, repeatCount=0, eventTime=4012056, downTime=4011845, deviceId=1, source=0x101 }
D/InputEventConsistencyVerifier( 1924):   2: sent at 4011845000000, KeyEvent { action=ACTION_DOWN, keyCode=KEYCODE_ENTER, scanCode=28, metaState=0, flags=0x8, repeatCount=0, eventTime=4011845, downTime=4011845, deviceId=1, source=0x101 }
D/InputEventConsistencyVerifier( 1924):   3: sent at 4011684000000, KeyEvent { action=ACTION_UP, keyCode=KEYCODE_DPAD_LEFT, scanCode=105, metaState=0, flags=0x8, repeatCount=0, eventTime=4011684, downTime=4011471, deviceId=1, source=0x101 }
D/InputEventConsistencyVerifier( 1924):   4: sent at 4011471000000, KeyEvent { action=ACTION_DOWN, keyCode=KEYCODE_DPAD_LEFT, scanCode=105, metaState=0, flags=0x8, repeatCount=0, eventTime=4011471, downTime=4011471, deviceId=1, source=0x101 }
D/InputEventConsistencyVerifier( 1924):   5: sent at 4010688000000, KeyEvent { action=ACTION_UP, keyCode=KEYCODE_BACK, scanCode=158, metaState=0, flags=0x80000008, repeatCount=0, eventTime=4010688, downTime=4010472, deviceId=1, source=0x101 }
I/BluetoothSet( 1924): ---------------UnregisterBluetoothReceiver()------------
I/HighSet_WirlessNetwork( 1924): --------------unregisterReceiver
D/StpService( 1784): handleMessage NetworkType is 1
I/WifiDirectSetting( 1924): --------------UnregisterWifidisplayReceiver------------

[ 4047.022755] init: untracked pid 3299 exited
I/WifiApSetting([ 4047.028970] init: untracked pid 3300 exited
 1924): --------[ 4047.034321] init: untracked pid 3301 exited
-------Unregiste[ 4047.039761] init: untracked pid 3302 exited
rWifiApReceiver--------------
E/ActivityThread( 1924): Activity com.coship.dvbsetting.netsetting.netSet has leaked ServiceConnection android.bluetooth.BluetoothHeadset$1@417b18b0 that was originally bound here
E/ActivityThread( 1924): android.app.ServiceConnectionLeaked: Activity com.coship.dvbsetting.netsetting.netSet has leaked ServiceConnection android.bluetooth.BluetoothHeadset$1@417b18b0 that was originally bound here
E/ActivityThread( 1924):        at android.app.LoadedApk$ServiceDispatcher.<init>(LoadedApk.java:936)
E/ActivityThread( 1924):        at android.app.LoadedApk.getServiceDispatcher(LoadedApk.java:830)
E/ActivityThread( 1924):        at android.app.ContextImpl.bindService(ContextImpl.java:1142)
E/ActivityThread( 1924):        at android.content.ContextWrapper.bindService(ContextWrapper.java:370)
E/ActivityThread( 1924):        at android.bluetooth.BluetoothHeadset.<init>(BluetoothHeadset.java:231)
E/ActivityThread( 1924):        at android.bluetooth.BluetoothAdapter.getProfileProxy(BluetoothAdapter.java:1168)
E/ActivityThread( 1924):        at com.coship.dvbsetting.bluetooth.HeadsetProfile.<init>(HeadsetProfile.java:111)
