E/ActivityThread( 2241):        at android.bluetooth.BluetoothAdapter.getProfileProxy(BluetoothAdapter.java:1168)
E/ActivityThread( 2241):        at com.coship.dvbsetting.bluetooth.HeadsetProfile.<init>(HeadsetProfile.java:111)
E/ActivityThread( 2241):        at com.coship.dvbsetting.netsetting.BluetoothSet.init(BluetoothSet.java:160)
E/ActivityThread( 2241):        at com.coship.dvbsetting.netsetting.BluetoothSet.<init>(BluetoothSet.java:131)
E/ActivityThread( 2241):        at com.coship.dvbsetting.netsetting.BluetoothSet.getInstance(BluetoothSet.java:110)
E/ActivityThread( 2241):        at com.coship.dvbsetting.netsetting.netSet.onCreate(netSet.java:81)
E/ActivityThread( 2241):        at android.app.Activit
[ 2725.205822] IR: [03932] scan key value is 0xea15c936 
[ 2725.205827]  y.performCreate(Activity.java:4465)
E/ActivityThread( 2241):        at android.app.Instrumentation.callActivityOnCreate(Instrumentation.java:1049)
E/ActivityThread( 2241):        at android.app.ActivityThread.performLaunchActivity(ActivityThread.java:1920)
E/ActivityThread( 2241):        at android.app.ActivityThread.handleLaunchActivity(ActivityThread.java:1981)
E/ActivityThread( 2241):        at android.app.ActivityThread.access$600(ActivityThread.java:123)
E/ActivityThread( 2241):        at android.app.ActivityThread$H.handleMessage(ActivityThr
[ 2725.258381] IR: [03932] scan key value is 0xea15c936 
[ 2725.258386]  ead.java:1147)
E/ActivityThread( 2241):        at android.os.Handler.dispatchMessage(Handler.java:99)
E/ActivityThread( 2241):        at android.os.Looper.loop(Looper.java:137)
E/ActivityThread( 2241):        at android.app.ActivityThread.main(ActivityThread.java:4424)
E/ActivityThread( 2241):        at java.lang.reflect.Method.invokeNative(Native Method)
E/ActivityThread( 2241):        at java.lang.reflect.Method.invoke(Method.java:511)
E/ActivityThread( 2241):        at com.android.internal.os.ZygoteInit$MethodAndArgsCaller.run(ZygoteInit.java:848)
E/ActivityThread( 2241):        at com.android.internal.os.ZygoteInit.main(ZygoteInit.java:575)
E/ActivityThread( 2241):        at dalvik.system.NativeStart.main(Native Method)
W/ActivityManager( 1060): Unbind failed: could not find connection for android.os.BinderProxy@4164f8c0
I/ActivityManager( 1060): START {cmp=com.coship.dvbsetting/.systemsetting.SyssetAcivity} from pid 2241
I/EthernetManager( 2241): Init Ethernet Manager, service: android.net.ethernet.IEthernetManager$Stub$Proxy@41459a78
V/TabletStatusBar( 1225): setLightsOn(true)
V/EthernetMonitor( 1060): get event 
V/EthernetMonitor( 1060): go poll events
V/EthernetMonitor( 1060): get event 
V/EthernetMonitor( 1060): go poll events
I/ActivityManager( 1060): Start proc com.android.inputmethod.pinyin for service com.android.inputmethod.pinyin/.PinyinIME: pid=2502 uid=10021 gids={3003}
V/TabletStatusBar( 1225): setLightsOn(true)
I/ActivityManager( 1060): START {cmp=com.coship.dvbsetting/.netsetting.netSet} from pid 2241
I/EthernetManager( 2241): Init Ethernet Manager, service: android.net.ethernet.IEthernetManager$Stub$Proxy@41576898
V/TabletStatusBar( 1225): setLightsOn(true)
I/ActivityManager( 1060): START {cmp=com.coship.dvbsetting/.netsetting.dialog.WifiPWDialog (has extras)} from pid 2241
V/TabletStatusBar( 1225): setLightsOn(true)
V/EthernetMonitor( 1060): get event 
V/EthernetMonitor( 1060): go poll events
V/EthernetMonitor( 1060): get event 
V/EthernetMonitor( 1060): go poll events
V/TabletStatusBar( 1225): setLightsOn(true)
V/EthernetMonitor( 1060): get event 
V/EthernetMonitor( 1060): go poll events
V/EthernetMonitor( 1060): get event 
V/EthernetMonitor( 1060): go poll events
V/EthernetMonitor( 1060): get event 
V/EthernetMonitor( 1060): go poll events
V/EthernetMonitor( 1060): get event 
V/EthernetMonitor( 1060): go poll events
V/EthernetMonitor( 1060): get event 
V/EthernetMonitor( 1060): go poll events
V/EthernetMonitor( 1060): get event 
V/EthernetMonitor( 1060): go poll events
V/EthernetMonitor( 1060): get event 
V/EthernetMonitor( 1060): go poll events
V/EthernetMonitor( 1060): get event 
V/EthernetMonitor( 1060): go poll events
V/EthernetMonitor( 1060): get event 
V/EthernetMonitor( 1060): go poll events
W/ProcessStats( 1060): Skipping unknown process pid 2555
W/ProcessStats( 1060): Skipping unknown process pid 2569
D/ConnectivityService( 1060): ConnectivityChange for WIFI: CONNECTED/CONNECTED
D/ConnectivityService( 1060): Policy requires ETH teardown
I/EthernetStateTracker( 1060): stop dhcp and interface
V/EthernetMonitor( 1060): get event eth0:17:
V/EthernetMonitor( 1060): dev: eth0 ev 17
I/EthernetStateTracker( 1060): report new state DISCONNECTED on dev eth0
V/EthernetStateTracker( 1060): update network state tracker
V/EthernetMonitor( 1060): go poll events
I/EthernetStateTracker( 1060): received disconnected events, stack=true CC=true
V/EthernetMonitor( 1060): get event eth0:21:
V/EthernetMonitor( 1060): dev: eth0 ev 21
V/EthernetStateTracker( 1060): report address is removed for eth0
I/EthernetStateTracker( 1060): stop dhcp and interface
W/EthernetStateTracker( 1060): stopInterface --> clearAddresses ret = true
I/EthernetStateTracker( 1060): IntentBroadcast, event=4
V/EthernetMonitor( 1060): go poll events
I/EthernetStateTracker( 1060): received interface address remove event
V/EthernetStateTracker( 1060): configureInterfaceAutoIP skip!
I/PppoeStateTracker( 1060): receive EthernetStateTracker.EVENT_HW_DISCONNECTED
D/ConnectivityService( 1060): ConnectivityChange for WIFI: CONNECTED/CONNECTED
D/ConnectivityService( 1060): handleConnectivityChange: address are the same reset per doReset linkProperty[1]: resetMask=0
D/ConnectivityService( 1060): ConnectivityChange for ETH: DISCONNECTED/DISCONNECTED
E/MobileDataStateTracker( 1060): default: Ignoring feature request because could not acquire PhoneService
E/MobileDataStateTracker( 1060): default: Could not enable APN type "default"
D/ConnectivityService( 1060): Attempting to switch to mobile
D/ConnectivityService( 1060): Attempting to switch to WIFI
D/ConnectivityService( 1060): Attempting to switch to pppoe
V/EthernetMonitor( 1060): get event 
V/EthernetMonitor( 1060): go poll events
V/EthernetMonitor( 1060): get event 
V/EthernetMonitor( 1060): go poll events
V/TabletStatusBar( 1225): setLightsOn(true)
E/ActivityThread( 2241): Activity com.coship.dvbsetting.netsetting.netSet has leaked ServiceConnection android.bluetooth.BluetoothHeadset$1@417f7768 that was originally bound here
E/ActivityThread( 2241): android.app.ServiceConnectionLeaked: Activity com.coship.dvbsetting.netsetting.netSet has leaked ServiceConnection android.bluetooth.BluetoothHeadset$1@417f7768 that was originally bound here
E/ActivityThread( 2241):        at android.app.LoadedApk$ServiceDispatcher.<init>(LoadedApk.java:936)
E/ActivityThread( 2241):        at android.app.LoadedApk.getServiceDispatcher(LoadedApk.java:830)
E/ActivityThread( 2241):        at android.app.ContextImpl.bindService(ContextImpl.java:1142)
E/ActivityThread( 2241):        at android.content.ContextWrapper.bindService(ContextWrapper.java:370)
E/Activi
[ 2725.757933] IR: [03932] scan key value is 0xed12c936 
[ 2725.757938]  tyThread( 2241):        at android.bluetooth.BluetoothHeadset.<init>(BluetoothHeadset.java:231)
E/ActivityThread( 2241):        at android.bluetooth.BluetoothAdapter.getProfileProxy(BluetoothAdapter.java:1168)
E/ActivityThread( 2241):        at com.coship.dvbsetting.bluetooth.HeadsetProfile.<init>(HeadsetProfile.java:111)
E/ActivityThread( 2241):        at com.coship.dvbsetting.netsetting.BluetoothSet.init(BluetoothSet.java:160)
E/ActivityThread( 2241):        at com.coship.dvbsetting.netsetting.BluetoothSet.<init>(BluetoothSet.java:131)
E/Activit
[ 2725.810466] IR: [03932] scan key value is 0xed12c936 
[ 2725.810471]  yThread( 2241):         at com.coship.dvbsetting.netsetting.BluetoothSet.getInstance(BluetoothSet.java:110)
E/ActivityThread( 2241):        at com.coship.dvbsetting.netsetting.netSet.onCreate(netSet.java:81)
E/ActivityThread( 2241):        at android.app.Activity.performCreate(Activity.java:4465)
E/ActivityThread( 2241):        at android.app.Instrumentation.callActivityOnCreate(Instrumentation.java:1049)
E/ActivityThread( 2241):        at android.app.ActivityThread.performLaunchActivity(ActivityThread.java:1920)
E/ActivityThread( 2241):        at android.app.ActivityThread.handleLaunchActivity(ActivityThread.java:1981)
E/ActivityThread( 2241):        at android.app.ActivityThread.access$600(ActivityThread.java:123)
E/ActivityThread( 2241):        at android.app.ActivityThread$H.handleMessage(ActivityThread.java:1147)
E/ActivityThread( 2241):        at android.os.Handler.dispatchMessage(Handler.java:99)
E/ActivityThread( 2241):        at android.os.Looper.loop(Looper.java:137)
E/ActivityThread( 2241):        at android.app.ActivityThread.main(ActivityThread.java:4424)
E/ActivityThread( 2241):        at java.lang.reflect.Method.invokeNative(Native Method)
E/ActivityThread( 2241):        at java.lang.reflect.Method.invoke(Method.java:511)
E/ActivityThread( 2241):        at com.android.internal.os.ZygoteInit$MethodAndArgsCaller.run(ZygoteInit.java:848)
E/ActivityThread( 2241):        at com.android.internal.os.ZygoteInit.main(ZygoteInit.java:575)
E/ActivityThread( 2241):        at dalvik.system.NativeStart.main(Native Method)
W/ActivityManager( 1060): Unbind failed: could not find connection for android.os.BinderProxy@418669c8
W/InputManagerService( 1060): Starting input on non-focused client com.android.internal.view.IInputMethodClient$Stub$Proxy@4158be20 (uid=1000 pid=2241)
I/ActivityManager( 1060): Process com.coship.sdp.sce.tvappstore (pid 1298) has died.
W/ActivityManager( 1060): Scheduling restart of crashed service com.coship.sdp.sce.tvappstore/.app.service.AppStoreCoreService in 1250ms
I/ActivityManager( 1060): Start proc com.coship.sdp.sce.tvappstore for restart com.coship.sdp.sce.tvappstore: pid=2657 uid=1000 gids={3003, 1015, 3002, 3001, 3004}
W/MountService( 1060): getVolumeState(/mnt/sdcard): Unknown volume
W/MountService( 1060): getVolumeState(/mnt/sdcard): Unknown volume
I/ActivityManager( 1060): START {flg=0x10000000 cmp=com.google.android.gsf/.update.SystemUpdateInstallDialog} from pid 1425
W/InputManagerService( 1060): Window already focused, ignoring focus gain of: com.android.internal.view.IInputMethodClient$Stub$Proxy@414dac68
I/UsageStats( 1060): No package stats for pkg:com.google.android.gsf
W/ThrottleService( 1060): unable to find stats for iface rmnet0
I/ActivityManager( 1060): No longer want com.coship.changetheaudiooutput (pid 1798): hidden #16
I/ActivityManager( 1060): No longer want com.aidufei.cibn.uploadchecker (pid 1457): hidden #17
I/ActivityManager( 1060): No longer want com.coship.cw880 (pid 1710): hidden #18
I/ActivityManager( 1060): No longer want com.android.contacts (pid 1516): hidden #19
I/ActivityManager( 1060): No longer want android.process.acore (pid 1487): hidden #20
I/ActivityManager( 1060): No longer want com.mstar.dbprovider (pid 1208): hidden #21
W/ActivityManager( 1060): Scheduling restart of crashed service com.coship.changetheaudiooutput/.AudioOutputServer in 5000ms
W/ActivityManager( 1060): Scheduling restart of crashed service com.coship.cw880/.MonitorCw880 in 14994ms
W/ActivityManager( 1060): Scheduling restart of crashed service com.aidufei.cibn.uploadchecker/.service.LoadConfigService in 24982ms
I/ActivityManager( 1060): Start proc com.coship.changetheaudiooutput for service com.coship.changetheaudiooutput/.AudioOutputServer: pid=2691 uid=10033 gids={3002, 3001, 3004}
W/ThrottleService( 1060): unable to find stats for iface rmnet0
I/ActivityManager( 1060): Start proc com.coship.cw880 for service com.coship.cw880/.MonitorCw880: pid=2704 uid=1000 gids={3003, 1015, 3002, 3001, 3004}
I/ActivityManager(
[ 2726.161159] IR: [03932] scan key value is 0xed12c936 
[ 2726.161165]   1060): Start proc com.aidufei.cibn.uploadchecker for service com.aidufei.cibn.uploadchecker/.service.LoadConfigService: pid=2719 uid=10002 gids={3003}

[ 2726.213689] IR: [03932] scan key value is 0xed12c936 
[ 2726.213694]  W/ThrottleService( 1060): unable to find stats for iface rmnet0
--------- beginning of /dev/log/main
I/ViewFlow( 1318): h:629 ,v:0 ,oldh:922 ,oldv:0
I/ViewFlow( 1318): h:412 ,v:0 ,oldh:629 ,oldv:0
I/ViewFlow( 1318): h:404 ,v:0 ,oldh:412 ,oldv:0
I/ViewFlow( 1318): h:258 ,v:0 ,oldh:404 ,oldv:0
I/ViewFlow( 1318): h:253 ,v:0 ,oldh:258 ,oldv:0
I/ViewFlow( 1318): h:186 ,v:0 ,oldh:253 ,oldv:0
D/InputEventConsistencyVerifier( 1318): KeyEvent: ACTION_UP but key was not down.
D/InputEventConsistencyVerifier( 1318):   in android.widget.RadioButton@41790a00
D/InputEventConsistencyVerifier( 1318):   0: sent at 2553709000000, KeyEvent { action=ACTION_UP, keyCode=KEYCODE_DPAD_RIGHT, scanCode=106, metaState=0, flags=0x8, repeatCount=0, eventTime=2553709, downTime=2553497, deviceId=1, source=0x101 }
D/InputEventConsistencyVerifier( 1318):   -- recent events --
D/InputEventConsistencyVerifier( 1318):   1: sent at 2551590000000, (unhandled) KeyEvent { action=ACTION_DOWN, keyCode=KEYCODE_DPAD_LEFT, scanCode=105, metaState=0, flags=0x8, repeatCount=0, eventTime=2551590, downTime=2551590, deviceId=1, source=0x101 }
D/InputEventConsistencyVerifier( 1318):   2: sent at 2551569000000, (unhandled) KeyEvent { action=ACTION_UP, keyCode=KEYCODE_DPAD_LEFT, scanCode=105, metaState=0, flags=0x80000008, repeatCount=0, eventTime=2551569, downTime=2551353, deviceId=1, source=0x101 }
D/InputEventConsistencyVerifier( 1318):   3: sent at 2491892000000, (unhandled) KeyEvent { action=ACTION_DOWN, keyCode=KEYCODE_DPAD_DOWN, scanCode=108, metaState=0, flags=0x8, repeatCount=0, eventTime=2491892, downTime=2491892, deviceId=1, source=0x101 }
D/InputEventConsistencyVerifier( 1318):   4: sent at 2491205000000, (unhandled) KeyEvent { action=ACTION_UP, keyCode=KEYCODE_DPAD_RIGHT, scanCode=106, metaState=0, flags=0x8, repeatCount=0, eventTime=2491205, downTime=2490993, deviceId=1, source=0x101 }
D/InputEventConsistencyVerifier( 1318):   5: sent at 2490109000000, (unhandled) KeyEvent { action=ACTION_DOWN, keyCode=KEYCODE_DPAD_RIGHT, scanCode=106, metaState=0, flags=0x8, repeatCount=0, eventTime=2490109, downTime=2490109, deviceId=1, source=0x101 }
I/ViewFlow( 1318): h:111 ,v:0 ,oldh:186 ,oldv:0
I/ViewFlow( 1318): h:109 ,v:0 ,oldh:111 ,oldv:0
I/ViewFlow( 1318): h:67 ,v:0 ,oldh:109 ,oldv:0
I/ViewFlow( 1318): h:53 ,v:0 ,oldh:67 ,oldv:0
I/ViewFlow( 1318): h:30 ,v:0 ,oldh:53 ,oldv:0
I/ViewFlow( 1318): h:29 ,v:0 ,oldh:30 ,oldv:0
I/ViewFlow( 1318): h:22 ,v:0 ,oldh:29 ,oldv:0
D/NetUpdate( 2241): progressValue--->0
D/NetUpdate( 2241): mWriteSD--->false
D/NetUpdate( 2241): mBootCheckZipExist--->false
I/ViewFlow( 1318): h:11 ,v:0 ,oldh:22 ,oldv:0
I/ViewFlow( 1318): h:7 ,v:0 ,oldh:11 ,oldv:0
I/ViewFlow( 1318): h:3 ,v:0 ,oldh:7 ,oldv:0
I/ViewFlow( 1318): h:2 ,v:0 ,oldh:3 ,oldv:0
I/ViewFlow( 1318): h:1 ,v:0 ,oldh:2 ,oldv:0
I/ViewFlow( 1318): h:0 ,v:0 ,oldh:1 ,oldv:0
D/MainActivity( 1318): position = 0
D/SlideManagerRootImpl( 1318): stop = 1
I/ViewFlow( 1318): h:115 ,v:0 ,oldh:0 ,oldv:0
I/ViewFlow( 1318): h:347 ,v:0 ,oldh:115 ,oldv:0
I/ViewFlow( 1318): h:1033 ,v:0 ,oldh:347 ,oldv:0
I/ViewFlow( 1318): h:1471 ,v:0 ,oldh:1033 ,oldv:0
I/ViewFlow( 1318): h:1762 ,v:0 ,oldh:1471 ,oldv:0
I/ViewFlow( 1318): h:1990 ,v:0 ,oldh:1762 ,oldv:0
I/ViewFlow( 1318): h:2183 ,v:0 ,oldh:1990 ,oldv:0
I/ViewFlow( 1318): h:2189 ,v:0 ,oldh:2183 ,oldv:0
I/ViewFlow( 1318): h:2293 ,v:0 ,oldh:2189 ,oldv:0
I/ViewFlow( 1318): h:2297 ,v:0 ,oldh:2293 ,oldv:0
I/ViewFlow( 1318): h:2336 ,v:0 ,oldh:2297 ,oldv:0
I/ViewFlow( 1318): h:2393 ,v:0 ,oldh:2336 ,oldv:0
I/ViewFlow( 1318): h:2395 ,v:0 ,oldh:2393 ,oldv:0
I/ViewFlow( 1318): h:2416 ,v:0 ,oldh:2395 ,oldv:0
I/ViewFlow( 1318): h:2417 ,v:0 ,oldh:2416 ,oldv:0
I/ViewFlow( 1318): h:2443 ,v:0 ,oldh:2417 ,oldv:0
I/ViewFlow( 1318): h:2452 ,v:0 ,oldh:2443 ,oldv:0
I/ViewFlow( 1318): h:2464 ,v:0 ,oldh:2452 ,oldv:0
I/ViewFlow( 1318): h:2468 ,v:0 ,oldh:2464 ,oldv:0
I/ViewFlow( 1318): h:2474 ,v:0 ,oldh:2468 ,oldv:0
I/ViewFlow( 1318): h:2476 ,v:0 ,oldh:2474 ,oldv:0
I/ViewFlow( 1318): h:2478 ,v:0 ,oldh:2476 ,oldv:0
I/ViewFlow( 1318): h:2479 ,v:0 ,oldh:2478 ,oldv:0
D/SlideManagerRootImpl( 1318): stop = 1
I/ViewFlow( 1318): h:2622 ,v:0 ,oldh:2479 ,oldv:0
I/ViewFlow( 1318): h:2992 ,v:0 ,oldh:2622 ,oldv:0
I/ViewFlow( 1318): h:3018 ,v:0 ,oldh:2992 ,oldv:0
I/ViewFlow( 1318): h:3423 ,v:0 ,oldh:3018 ,oldv:0
I/ViewFlow( 1318): h:3930 ,v:0 ,oldh:3423 ,oldv:0
I/ViewFlow( 1318): h:4242 ,v:0 ,oldh:3930 ,oldv:0
I/ViewFlow( 1318): h:4479 ,v:0 ,oldh:4242 ,oldv:0
I/ViewFlow( 1318): h:4638 ,v:0 ,oldh:4479 ,oldv:0
I/ViewFlow( 1318): h:4749 ,v:0 ,oldh:4638 ,oldv:0
I/ViewFlow( 1318): h:4753 ,v:0 ,oldh:4749 ,oldv:0
I/ViewFlow( 1318): h:4827 ,v:0 ,oldh:4753 ,oldv:0
I/ViewFlow( 1318): h:4875 ,v:0 ,oldh:4827 ,oldv:0
I/ViewFlow( 1318): h:4906 ,v:0 ,oldh:4875 ,oldv:0
I/ViewFlow( 1318): h:4919 ,v:0 ,oldh:4906 ,oldv:0
I/ViewFlow( 1318): h:4935 ,v:0 ,oldh:4919 ,oldv:0
D/SlideManagerRootImpl( 1318): stop = 1
I/ViewFlow( 1318): h:4958 ,v:0 ,oldh:4935 ,oldv:0
I/ViewFlow( 1318): h:4965 ,v:0 ,oldh:4958 ,oldv:0
I/ViewFlow( 1318): h:5533 ,v:0 ,oldh:4965 ,oldv:0
I/ViewFlow( 1318): h:5764 ,v:0 ,oldh:5533 ,oldv:0
I/ViewFlow( 1318): h:5794 ,v:0 ,oldh:5764 ,oldv:0
I/ViewFlow( 1318): h:6358 ,v:0 ,oldh:5794 ,oldv:0
I/ViewFlow( 1318): h:6655 ,v:0 ,oldh:6358 ,oldv:0
I/ViewFlow( 1318): h:6670 ,v:0 ,oldh:6655 ,oldv:0
I/ViewFlow( 1318): h:6914 ,v:0 ,oldh:6670 ,oldv:0
I/ViewFlow( 1318): h:7088 ,v:0 ,oldh:6914 ,oldv:0
I/ViewFlow( 1318): h:7204 ,v:0 ,oldh:7088 ,oldv:0
I/ViewFlow( 1318): h:7286 ,v:0 ,oldh:7204 ,oldv:0
I/ViewFlow( 1318): h:7289 ,v:0 ,oldh:7286 ,oldv:0
I/ViewFlow( 1318): h:7341 ,v:0 ,oldh:7289 ,oldv:0
I/ViewFlow( 1318): h:7379 ,v:0 ,oldh:7341 ,oldv:0
D/NetUpdate( 2241): progressValue--->0
D/NetUpdate( 2241): mWriteSD--->false
D/NetUpdate( 2241): mBootCheckZipExist--->false
I/ViewFlow( 1318): h:7395 ,v:0 ,oldh:7379 ,oldv:0
I/ViewFlow( 1318): h:7416 ,v:0 ,oldh:7395 ,oldv:0
I/ViewFlow( 1318): h:7420 ,v:0 ,oldh:7416 ,oldv:0
D/SlideManagerRootImpl( 1318): start = 1
I/ViewFlow( 1318): h:7036 ,v:0 ,oldh:7420 ,oldv:0
I/ViewFlow( 1318): h:6992 ,v:0 ,oldh:7036 ,oldv:0
I/ViewFlow( 1318): h:5885 ,v:0 ,oldh:6992 ,oldv:0
I/ViewFlow( 1318): h:4328 ,v:0 ,oldh:5885 ,oldv:0
I/ViewFlow( 1318): h:4242 ,v:0 ,oldh:4328 ,oldv:0
I/ViewFlow( 1318): h:2958 ,v:0 ,oldh:4242 ,oldv:0
I/ViewFlow( 1318): h:1982 ,v:0 ,oldh:2958 ,oldv:0
I/ViewFlow( 1318): h:1942 ,v:0 ,oldh:1982 ,oldv:0
I/ViewFlow( 1318): h:1327 ,v:0 ,oldh:1942 ,oldv:0
I/ViewFlow( 1318): h:1301 ,v:0 ,oldh:1327 ,oldv:0
I/ViewFlow( 1318): h:943 ,v:0 ,oldh:1301 ,oldv:0
I/ViewFlow( 1318): h:631 ,v:0 ,oldh:943 ,oldv:0
I/ViewFlow( 1318): h:421 ,v:0 ,oldh:631 ,oldv:0
I/ViewFlow( 1318): h:270 ,v:0 ,oldh:421 ,oldv:0
I/ViewFlow( 1318): h:169 ,v:0 ,oldh:270 ,oldv:0
I/ViewFlow( 1318): h:107 ,v:0 ,oldh:169 ,oldv:0
I/ViewFlow( 1318): h:105 ,v:0 ,oldh:107 ,oldv:0
I/ViewFlow( 1318): h:80 ,v:0 ,oldh:105 ,oldv:0
I/ViewFlow( 1318): h:46 ,v:0 ,oldh:80 ,oldv:0
I/ViewFlow( 1318): h:34 ,v:0 ,oldh:46 ,oldv:0
I/ViewFlow( 1318): h:18 ,v:0 ,oldh:34 ,oldv:0
I/ViewFlow( 1318): h:13 ,v:0 ,oldh:18 ,oldv:0
I/ViewFlow( 1318): h:6 ,v:0 ,oldh:13 ,oldv:0
I/ViewFlow( 1318): h:3 ,v:0 ,oldh:6 ,oldv:0
I/ViewFlow( 1318): h:0 ,v:0 ,oldh:3 ,oldv:0
D/SlideManagerRootImpl( 1318): stop = 1
I/ViewFlow( 1318): h:12 ,v:0 ,oldh:0 ,oldv:0
I/ViewFlow( 1318): h:101 ,v:0 ,oldh:12 ,oldv:0
I/ViewFlow( 1318): h:115 ,v:0 ,oldh:101 ,oldv:0
I/ViewFlow( 1318): h:264 ,v:0 ,oldh:115 ,oldv:0
I/ViewFlow( 1318): h:913 ,v:0 ,oldh:264 ,oldv:0
I/ViewFlow( 1318): h:1171 ,v:0 ,oldh:913 ,oldv:0
I/ViewFlow( 1318): h:1471 ,v:0 ,oldh:1171 ,oldv:0
I/ViewFlow( 1318): h:1654 ,v:0 ,oldh:1471 ,oldv:0
I/ViewFlow( 1318): h:1904 ,v:0 ,oldh:1654 ,oldv:0
I/ViewFlow( 1318): h:2095 ,v:0 ,oldh:1904 ,oldv:0
I/ViewFlow( 1318): h:2227 ,v:0 ,oldh:2095 ,oldv:0
I/ViewFlow( 1318): h:2314 ,v:0 ,oldh:2227 ,oldv:0
I/ViewFlow( 1318): h:2318 ,v:0 ,oldh:2314 ,oldv:0
I/ViewFlow( 1318): h:2374 ,v:0 ,oldh:2318 ,oldv:0
I/ViewFlow( 1318): h:2376 ,v:0 ,oldh:2374 ,oldv:0
I/ViewFlow( 1318): h:2414 ,v:0 ,oldh:2376 ,oldv:0
I/ViewFlow( 1318): h:2430 ,v:0 ,oldh:2414 ,oldv:0
I/ViewFlow( 1318): h:2451 ,v:0 ,oldh:2430 ,oldv:0
I/ViewFlow( 1318): h:2452 ,v:0 ,oldh:2451 ,oldv:0
I/ViewFlow( 1318): h:2458 ,v:0 ,oldh:2452 ,oldv:0
I/ViewFlow( 1318): h:2469 ,v:0 ,oldh:2458 ,oldv:0
I/ViewFlow( 1318): h:2470 ,v:0 ,oldh:2469 ,oldv:0
D/SlideManagerRootImpl( 1318): stop = 1
I/ViewFlow( 1318): h:2493 ,v:0 ,oldh:2470 ,oldv:0
I/ViewFlow( 1318): h:2500 ,v:0 ,oldh:2493 ,oldv:0
I/ViewFlow( 1318): h:2776 ,v:0 ,oldh:2500 ,oldv:0
I/ViewFlow( 1318): h:2797 ,v:0 ,oldh:2776 ,oldv:0
I/ViewFlow( 1318): h:3147 ,v:0 ,oldh:2797 ,oldv:0
I/ViewFlow( 1318): h:3175 ,v:0 ,oldh:3147 ,oldv:0
I/ViewFlow( 1318): h:3795 ,v:0 ,oldh:3175 ,oldv:0
I/ViewFlow( 1318): h:4114 ,v:0 ,oldh:3795 ,oldv:0
I/ViewFlow( 1318): h:4131 ,v:0 ,oldh:4114 ,oldv:0
I/ViewFlow( 1318): h:4394 ,v:0 ,oldh:4131 ,oldv:0
D/NetUpdate( 2241): progressValue--->0
D/NetUpdate( 2241): mWriteSD--->false
D/NetUpdate( 2241): mBootCheckZipExist--->false
I/ViewFlow( 1318): h:4581 ,v:0 ,oldh:4394 ,oldv:0
I/ViewFlow( 1318): h:4706 ,v:0 ,oldh:4581 ,oldv:0
I/ViewFlow( 1318): h:4711 ,v:0 ,oldh:4706 ,oldv:0
I/ViewF
[ 2727.322468] IR: [03932] scan key value is 0xee11c936 
[ 2727.322473]  low( 1318): h:4797 ,v:0 ,oldh:4711 ,oldv:0
I/ViewFlow( 1318): h:4873 ,v:0 ,oldh:4797 ,oldv:0
I/ViewFlow( 1318): h:4888 ,v:0 ,oldh:4873 ,oldv:0
I/ViewFlow( 1318): h:4917 ,v:0 ,oldh:4888 ,oldv:0
I/ViewFlow( 1318): h:4938 ,v:0 ,oldh:4917 ,oldv:0
I/ViewFlow( 1318): h:4942 ,v:0 ,oldh:4938 ,oldv:0
D/SlideManagerRootImpl( 1318): stop = 1
I/ViewFlow( 1318): h:5135 ,v:0 ,oldh:4942 ,oldv:0
I/ViewFlow( 1318): h:5292 ,v:0 ,oldh:5135 ,oldv:0
I/ViewFlow( 1318): h:5679 ,v:0 ,oldh:5292 ,oldv:0
I/ViewFlow( 1318): h:6294 ,v:0 ,old
[ 2727.375023] IR: [03932] scan key value is 0xee11c936 
[ 2727.375028]  h:5679 ,oldv:0
I/ViewFlow( 1318): h:6317 ,v:0 ,oldh:6294 ,oldv:0
I/ViewFlow( 1318): h:6625 ,v:0 ,oldh:6317 ,oldv:0
I/ViewFlow( 1318): h:6641 ,v:0 ,oldh:6625 ,oldv:0
I/ViewFlow( 1318): h:6883 ,v:0 ,oldh:6641 ,oldv:0
I/ViewFlow( 1318): h:6894 ,v:0 ,oldh:6883 ,oldv:0
I/ViewFlow( 1318): h:7067 ,v:0 ,oldh:6894 ,oldv:0
I/ViewFlow( 1318): h:7075 ,v:0 ,oldh:7067 ,oldv:0
I/ViewFlow( 1318): h:7195 ,v:0 ,oldh:7075 ,oldv:0
I/ViewFlow( 1318): h:7200 ,v:0 ,oldh:7195 ,oldv:0
I/ViewFlow( 1318): h:7283 ,v:0 ,oldh:7200 ,oldv:0
I/ViewFlow( 1318): h:7286 ,v:0 ,oldh:7283 ,oldv:0
I/ViewFlow( 1318): h:7343 ,v:0 ,oldh:7286 ,oldv:0
I/ViewFlow( 1318): h:7366 ,v:0 ,oldh:7343 ,oldv:0
I/ViewFlow( 1318): h:7397 ,v:0 ,oldh:7366 ,oldv:0
I/ViewFlow( 1318): h:7407 ,v:0 ,oldh:7397 ,oldv:0
I/ViewFlow( 1318): h:7421 ,v:0 ,oldh:7407 ,oldv:0
I/ViewFlow( 1318): h:7428 ,v:0 ,oldh:7421 ,oldv:0
I/ViewFlow( 1318): h:7431 ,v:0 ,oldh:7428 ,oldv:0
I/ViewFlow( 1318): h:7435 ,v:0 ,oldh:7431 ,oldv:0
I/ViewFlow( 1318): h:7437 ,v:0 ,oldh:7435 ,oldv:0
I/ViewFlow( 1318): h:7438 ,v:0 ,oldh:7437 ,oldv:0
I/ViewFlow( 1318): h:7440 ,v:0 ,oldh:7438 ,oldv:0
D/MainActivity( 1318): positio
[ 2727.483265] IR: [03932] scan key value is 0xee11c936 
[ 2727.483271]  n = 3
D/NetUpdate( 2241): progressValue--->0
D/NetUpdate( 2241): mWriteSD--->false
D/NetUpdate( 2241): mBootCheckZipExist--->false
D/SlideManagerRootImpl( 1318): start = 1
I/ViewFlow( 1318): h:7404 ,v:0 ,oldh:7440 ,oldv:0
I/ViewFlow( 1318): h:7174 ,v:0 ,oldh:7404 ,oldv:0
I/ViewFlow( 1318): h:7136 ,v:0 ,oldh:7174 ,oldv:0
I/ViewFlow( 1318): h:6760 ,v:0 ,oldh:7136 ,oldv:0
I/ViewFlow( 1318): h:6705 ,v:0 ,oldh:6760 ,oldv:0
I/ViewFlow( 1318): h:5665 ,v:0 ,oldh:6705 ,oldv:0
I/ViewFlow( 1318): h:4254 ,v:0 ,oldh:5665 ,oldv:0
I/ViewFlow( 1318): h:3279 ,v:0 ,oldh:4254 ,oldv:0
I/ViewFlow( 1318): h:3214 ,v:0 ,oldh:3279 ,oldv:0
I/ViewFlow( 1318): h:2684 ,v:0 ,oldh:3214 ,oldv:0
I/ViewFlow( 1318): h:2068 ,v:0 ,oldh:2684 ,oldv:0
I/ViewFlow( 1318): h:2027 ,v:0 ,oldh:2068 ,oldv:0
I/ViewFlow( 1318): h:1278 ,v:0 ,oldh:2027 ,oldv:0
I/ViewFlow( 1318): h:1253 ,v:0 ,oldh:1278 ,oldv:0
I/ViewFlow( 1318): h:909 ,v:0 ,oldh:1253 ,oldv:0
I/ViewFlow( 1318): h:890 ,v:0 ,oldh:909 ,oldv:0
I/ViewFlow( 1318): h:608 ,v:0 ,oldh:890 ,oldv:0
I/ViewFlow( 1318): h:595 ,v:0 ,oldh:608 ,oldv:0
I/ViewFlow( 1318): h:398 ,v:0 ,oldh:595 ,oldv:0
I/ViewFlow( 1318): h:390 ,v:0 ,
[ 2727.591523] IR: [03932] scan key value is 0xee11c936 
[ 2727.591527]  oldh:398 ,oldv:0
I/ViewFlow( 1318): h:250 ,v:0 ,oldh:390 ,oldv:0
I/ViewFlow( 1318): h:244 ,v:0 ,oldh:250 ,oldv:0
I/ViewFlow( 1318): h:184 ,v:0 ,oldh:244 ,oldv:0
I/ViewFlow( 1318): h:110 ,v:0 ,oldh:184 ,oldv:0
I/ViewFlow( 1318): h:107 ,v:0 ,oldh:110 ,oldv:0
I/ViewFlow( 1318): h:72 ,v:0 ,oldh:107 ,oldv:0
I/ViewFlow( 1318): h:52 ,v:0 ,oldh:72 ,oldv:0
I/ViewFlow( 1318): h:51 ,v:0 ,oldh:52 ,oldv:0
D/SlideManagerRootImpl( 1318): stop = 1
I/ViewFlow( 1318): h:310 ,v:0 ,oldh:51 ,oldv:0
I/ViewFlow( 1318): h:553 ,v:0 ,oldh:310 ,oldv:0
I/ViewFlow( 1318): h:579 ,v:0 ,oldh:553 ,oldv:0
I/ViewFlow( 1318): h:945 ,v:0 ,oldh:579 ,oldv:0
I/ViewFlow( 1318): h:1452 ,v:0 ,oldh:945 ,oldv:0
I/ViewFlow( 1318): h:1472 ,v:0 ,oldh:1452 ,oldv:0
I/ViewFlow( 1318): h:1777 ,v:0 ,oldh:1472 ,oldv:0
I/ViewFlow( 1318): h:2009 ,v:0 ,oldh:1777 ,oldv:0
I/ViewFlow( 1318): h:2165 ,v:0 ,oldh:2009 ,oldv:0
I/ViewFlow( 1318): h:2273 ,v:0 ,oldh:2165 ,oldv:0
I/ViewFlow( 1318): h:2347 ,v:0 ,oldh:2273 ,oldv:0
I/ViewFlow( 1318): h:2395 ,v:0 ,oldh:2347 ,oldv:0
I/ViewFlow( 1318): h:2397 ,v:0 ,oldh:2395 ,oldv:0
I/ViewFlow( 1318): h:2427 ,v:0 ,oldh:2397 ,oldv:0
I/ViewFlow( 1318): h:2439 ,v:0 ,oldh:2427 ,oldv:0
I/ViewFlow( 1318): h:2440 ,v:0 ,oldh:2439 ,oldv:0
I/ViewFlow( 1318): h:2456 ,v:0 ,oldh:2440 ,oldv:0
I/ViewFlow( 1318): h:2463 ,v:0 ,oldh:2456 ,oldv:0
I/ViewFlow( 1318): h:2470 ,v:0 ,oldh:2463 ,oldv:0
I/ViewFlow( 1318): h:2473 ,v:0 ,oldh:2470 ,oldv:0
I/ViewFlow( 1318): h:2476 ,v:0 ,oldh:2473 ,oldv:0
I/ViewFlow( 1318): h:2478 ,v:0 ,oldh:2476 ,oldv:0
I/ViewFlow( 1318): h:2479 ,v:0 ,oldh:2478 ,oldv:0
I/ViewFlow( 1318): h:2480 ,v:0 ,oldh:2479 ,oldv:0
D/MainActivity( 1318): position = 1
D/NetUpdate( 2241): progressValue--->0
D/NetUpdate( 2241): mWriteSD--->false
D/NetUpdate( 2241): mBootCheckZipExist--->false
D/SlideManagerRootImpl( 1318): stop = 1
I/ViewFlow( 1318): h:2503 ,v:0 ,oldh:2480 ,oldv:0
I/ViewFlow( 1318): h:2608 ,v:0 ,oldh:2503 ,oldv:0
I/ViewFlow( 1318): h:2764 ,v:0 ,oldh:2608 ,oldv:0
I/ViewFlow( 1318): h:3424 ,v:0 ,oldh:2764 ,oldv:0
I/ViewFlow( 1318): h:3454 ,v:0 ,oldh:3424 ,oldv:0
I/ViewFlow( 1318): h:3651 ,v:0 ,oldh:3454 ,oldv:0
I/ViewFlow( 1318): h:3677 ,v:0 ,oldh:3651 ,oldv:0
I/ViewFlow( 1318): h:3931 ,v:0 ,oldh:3677 ,oldv:0
I/ViewFlow( 1318): h:4242 ,v:0 ,oldh:3931 ,oldv:0
I/ViewFlow( 1318): h:4460 ,v:0 ,oldh:4242 ,oldv:0
I/ViewFlow( 1318): h:4625 ,v:0 ,oldh:4460 ,oldv:0
I/ViewFlow( 1318): h:4632 ,v:0 ,oldh:4625 ,oldv:0
I/ViewFlow( 1318): h:4745 ,v:0 ,oldh:4632 ,oldv:0
I/ViewFlow( 1318): h:4819 ,v:0 ,oldh:4745 ,oldv:0
I/ViewFlow( 1318): h:4822 ,v:0 ,oldh:4819 ,oldv:0
I/ViewFlow( 1318): h:4872 ,v:0 ,oldh:4822 ,oldv:0
I/ViewFlow( 1318): h:4892 ,v:0 ,oldh:4872 ,oldv:0
I/ViewFlow( 1318): h:4920 ,v:0 ,oldh:4892 ,oldv:0
I/ViewFlow( 1318): h:4921 ,v:0 ,oldh:4920 ,oldv:0
I/ViewFlow( 1318): h:4930 ,v:0 ,oldh:4921 ,oldv:0
I/ViewFlow( 1318): h:4931 ,v:0 ,oldh:4930 ,oldv:0
I/ViewFlow( 1318): h:4943 ,v:0 ,oldh:4931 ,oldv:0
I/ViewFlow( 1318): h:4949 ,v:0 ,oldh:4943 ,oldv:0
I/ViewFlow( 1318): h:4952 ,v:0 ,oldh:4949 ,oldv:0
D/SlideManagerRootImpl( 1318): stop = 1
I/ViewFlow( 1318): h:5081 ,v:0 ,oldh:4952 ,oldv:0
I/ViewFlow( 1318): h:5467 ,v:0 ,oldh:5081 ,oldv:0
I/ViewFlow( 1318): h:5492 ,v:0 ,oldh:5467 ,oldv:0
I/ViewFlow( 1318): h:5868 ,v:0 ,oldh:5492 ,oldv:0
I/ViewFlow( 1318): h:5899 ,v:0 ,oldh:5868 ,oldv:0
I/ViewFlow( 1318): h:6407 ,v:0 ,oldh:5899 ,oldv:0
I/ViewFlow( 1318): h:6428 ,v:0 ,oldh:6407 ,oldv:0
I/ViewFlow( 1318): h:6720 ,v:0 ,oldh:6428 ,oldv:0
I/ViewFlow( 1318): h:6958 ,v:0 ,oldh:6720 ,oldv:0
I/ViewFlow( 1318): h:7117 ,v:0 ,oldh:6958 ,oldv:0
I/ViewFlow( 1318): h:7233 ,v:0 ,oldh:7117 ,oldv:0
I/ViewFlow( 1318): h:7304 ,v:0 ,oldh:7233 ,oldv:0
I/ViewFlow( 1318): h:7351 ,v:0 ,oldh:7304 ,oldv:0
I/ViewFlow( 1318): h:7353 ,v:0 ,oldh:7351 ,oldv:0
I/ViewFlow( 1318): h:7385 ,v:0 ,oldh:7353 ,oldv:0
I/ViewFlow( 1318): h:7386 ,v:0 ,oldh:7385 ,oldv:0
I/ViewFlow( 1318): h:7398 ,v:0 ,oldh:7386 ,oldv:0
I/ViewFlow( 1318): h:7416 ,v:0 ,oldh:7398 ,oldv:0
I/ViewFlow( 1318): h:7422 ,v:0 ,oldh:7416 ,oldv:0
I/ViewFlow( 1318): h:7430 ,v:0 ,oldh:7422 ,oldv:0
I/ViewFlow( 1318): h:7434 ,v:0 ,oldh:7430 ,oldv:0
I/ViewFlow( 1318): h:7436 ,v:0 ,oldh:7434 ,oldv:0
I/ViewFlow( 1318): h:7438 ,v:0 ,oldh:7436 ,oldv:0
I/ViewFlow( 1318): h:7439 ,v:0 ,oldh:7438 ,oldv:0
I/ViewFlow( 1318): h:7440 ,v:0 ,oldh:7439 ,oldv:0
D/MainActivity( 1318): position = 3
D/NetUpdate( 2241): progressValue--->0
D/NetUpdate( 2241): mWriteSD--->false
D/NetUpdate( 2241): mBootCheckZipExist--->false
D/HomePlayerLib( 1828): hostaddress count is 1
D/dalvikvm( 1828): GC_CONCURRENT freed 707K, 64% free 2819K/7811K, paused 2ms+2ms
D/dalvikvm( 1828): GC_CONCURRENT freed 700K, 65% free 2799K/7811K, paused 3ms+2ms
D/dalvikvm( 1828): GC_CONCURRENT freed 677K, 65% free 2791K/7811K, paused 2ms+3ms
D/dalvikvm( 1828): GC_CONCURRENT freed 660K, 64% free 2829K/7811K, paused 2ms+3ms
D/dalvikvm( 1828): GC_CONCURRENT freed 704K, 64% free 282
[ 2728.033150] IR: [03932] scan key value is 0xee11c936 
[ 2728.033154]  8K/7811K, paused 2ms+3ms
D/dalvikvm( 1828): GC_CONCURRENT freed 716K, 64% free 2828K/7811K, paused 2ms+3ms
D/NetUpdate( 2241): progressValue--->0
D/NetUpdate( 2241): mWriteSD--->false
D/NetUpdate( 2241): mBootCheckZipExist--->false
D/NetUpdate( 2241): progressValue--->0
D/NetUpdate( 2241): mWriteSD--->false
D/NetUpdate( 2241): mBootCheckZipExist--->false
D/NetUpdate( 2241): progressValue--->0
D/NetUpdate( 2241): mWriteSD--->false
D/NetUpdate( 2241): mBootCheckZipExist--->false
D/NetUpdate( 2241): progressValue--
[ 2728.085679] IR: [03932] scan key value is 0xee11c936 
[ 2728.085684]  ->0
D/NetUpdate( 2241): mWriteSD--->false
D/NetUpdate( 2241): mBootCheckZipExist--->false
D/NetUpdate( 2241): progressValue--->0
D/NetUpdate( 2241): mWriteSD--->false
D/NetUpdate( 2241): mBootCheckZipExist--->false
D/NetUpdate( 2241): progressValue--->0
D/NetUpdate( 2241): mWriteSD--->false
D/NetUpdate( 2241): mBootCheckZipExist--->false
D/NetUpdate( 2241): progressValue--->0
D/NetUpdate( 2241): mWriteSD--->false
D/NetUpdate( 2241): mBootCheckZipExist--->false
D/NetUpdate( 2241): progressValue--->0
D/NetUpdate( 2241): mWriteSD--->false
D/NetUpdate( 2241): mBootCheckZipExist--->false
D/NetUpdate( 2241): progressValue--->0
D/NetUpdate( 2241): mWriteSD--->false
D/NetUpdate( 2241): mBootCheckZipExist--->false
D/NetUpdate( 2241): progressValue--->0
D/NetUpdate( 2241): mWriteSD--->false
D/NetUpdate( 2241): mBootCheckZipExist--->false
D/dalvikvm( 1828): GC_CONCURRENT freed 704K, 64% free 2814K/7811K, paused 2ms+3ms
D/HomePlayerLib( 1828): hostaddress count is 1
D/dalvikvm( 1828): GC_CONCURRENT freed 704K, 65% free 2789K/7811K, paused 3ms+3ms
D/NetUpdate( 2241): progressValue--->0
D/NetUpdate( 2241): mWriteSD--->false
D/NetUpdate( 2241): mBootCheckZipExist--->false
D/dalvikvm( 1828): GC_CONCURRENT freed 643K, 64% free 2874K/7811K, paused 2ms+2ms
D/dalvikvm( 1828): GC_CONCURRENT freed 780K, 63% free 2905K/7811K, paused 2ms+3ms
D/dalvikvm( 1828): GC_CONCURRENT freed 809K, 63% free 2926K/7811K, paused 2ms+2ms
D/dalvikvm( 1828): GC_CONCURRENT freed 845K, 63% free 2901K/7811K, paused 1ms+2ms
D/NetUpdate( 2241): progressValue--->0
D/NetUpdate( 2241): mWriteSD--->false
D/NetUpdate( 2241): mBootCheckZipExist--->false
D/NetUpdate( 2241): progressValue--->0
D/NetUpdate( 2241): mWriteSD--->false
D/NetUpdate( 2241): mBootCheckZipExist--->false
D/NetUpdate( 2241): progressValue--->0
D/NetUpdate( 2241): mWriteSD--->false
D/NetUpdate( 2241): mBootCheckZipExist--->false
D/NetUpdate( 2241): progressValue--->0
D/NetUpdate( 2241): mWriteSD--->false
D/NetUpdate( 2241): mBootCheckZipExist--->false
D/NetUpdate( 2241): progressValue--->0
D/NetUpdate( 2241): mWriteSD--->false
D/NetUpdate( 2241): mBootCheckZipExist--->false
D/NetUpdate( 2241): progressValue--->0
D/NetUpdate( 2241): mWriteSD--->false
D/NetUpdate( 2241): mBootCheckZipExist--->false
D/NetUpdate( 2241): progressValue--->0
D/NetUpdate( 2241): mWriteSD--->false
D/NetUpdate( 2241): mBootCheckZipExist--->false
D/dalvikvm( 1828): GC_CONCURRENT freed 815K, 65% free 2791K/7811K, paused 2ms+3ms
D/NetUpdate( 2241): progressValue--->0
D/NetUpdate( 2241): mWriteSD--->false
D/NetUpdate( 2241): mBootCheckZipExist--->false
D/dalvikvm( 1828): GC_CONCURRENT freed 662K, 65% free 2810K/7811K, paused 2ms+3ms
D/NetUpdate( 2241): progressValue--->0
D/NetUpdate( 2241): mWriteSD--->false
D/NetUpdate( 2241): mBootCheckZipExist--->false
D/NetUpdate( 2241): progressValue--->0
D/NetUpdate( 2241): mWriteSD--->false
D/NetUpdate( 2241): mBootCheckZipExist--->false
D/HomePlayerLib( 1828): hostaddress count is 1
D/dalvikvm( 1828): GC_CONCURRENT freed 698K, 65% free 2786K/7811K, paused 2ms+3ms
D/dalvikvm( 1828): GC_CONCURRENT freed 659K, 64% free 2830K/7811K, paused 2ms+2ms
D/dalvikvm( 1828): GC_CONCURRENT freed 712K, 64% free 2821K/7811K, paused 2ms+3ms
D/NetUpdate( 2241): progressValue--->0
D/NetUpdate( 2241): mWriteSD--->false
D/NetUpdate( 2241): mBootCheckZipExist--->false
D/dalvikvm( 1828): GC_CONCURRENT freed 703K, 63% free 2922K/7811K, paused 2ms+2ms
D/dalvikvm( 1828): GC_CONCURRENT freed 823K, 64% free 2816K/7811K, paused 2ms+2ms
D/NetUpdate( 2241): progressValue--->0
D/NetUpdate( 2241): mWriteSD--->false
D/NetUpdate( 2241): mBootCheckZipExist--->false
D/NetUpdate( 2241): progressValue--->0
D/NetUpdate( 2241): mWriteSD--->false
D/NetUpdate( 2241): mBootCheckZipExist--->false
D/NetUpdate( 2241): progressValue--->0
D/NetUpdate( 2241): mWriteSD--->false
D/NetUpdate( 2241): mBootCheckZipExist--->false
D/NetUpdate( 2241): progressValue--->0
D/NetUpdate( 2241): mWriteSD--->false
D/NetUpdate( 2241): mBootCheckZipExist--->false
D/NetUpdate( 2241): progressValue--->0
D/NetUpdate( 2241): mWriteSD--->false
D/NetUpdate( 2241): mBootCheckZipExist--->false
D/InputEventConsistencyVerifier( 1318): KeyEvent: ACTION_UP but key was not down.
D/InputEventConsistencyVerifier( 1318):   in com.coship.widget.viewflow.ViewFlow@417a0d60
D/InputEventConsistencyVerifier( 1318):   0: sent at 2586821000000, KeyEvent { action=ACTION_UP, keyCode=KEYCODE_DPAD_DOWN, scanCode=108, metaState=0, flags=0x8, repeatCount=0, eventTime=2586821, downTime=2586607, deviceId=1, source=0x101 }
D/InputEventConsistencyVerifier( 1318):   -- recent events --
D/InputEventConsistencyVerifier( 1318):   1: sent at 2549487000000, (unhandled) KeyEvent { action=ACTION_DOWN, keyCode=KEYCODE_DPAD_UP, scanCode=103, metaState=0, flags=0x8, repeatCount=0, eventTime=2549487, downTime=2549487, deviceId=1, source=0x101 }
D/InputEventConsistencyVerifier( 1318):   2: sent at 2545013000000, (unhandled) KeyEvent { action=ACTION_UP, keyCode=KEYCODE_DPAD_RIGHT, scanCode=106, metaState=0, flags=0x8, repeatCount=0, eventTime=2545013, downTime=2544801, deviceId=1, source=0x101 }
D/InputEventConsistencyVerifier( 1318):   3: sent at 2544801000000, (unhandled) KeyEvent { action=ACTION_DOWN, keyCode=KEYCODE_DPAD_RIGHT, scanCode=106, metaState=0, flags=0x8, repeatCount=0, eventTime=2544801, downTime=2544801, deviceId=1, source=0x101 }
D/InputEventConsistencyVerifier( 1318):   4: sent at 2542521000000, (unhandled) KeyEvent { action=ACTION_UP, keyCode=KEYCODE_DPAD_RIGHT, scanCode=106, metaState=0, flags=0x8, repeatCount=0, eventTime=2542521, downTime=2542090, deviceId=1, source=0x101 }
D/InputEventConsistencyVerifier( 1318):   5: sent at 2542090000000, (unhandled) KeyEvent { action=ACTION_DOWN, keyCode=KEYCODE_DPAD_RIGHT, scanCode=106, metaState=0, flags=0x8, repeatCount=0, eventTime=2542090, downTime=2542090, deviceId=1, source=0x101 }
D/NetUpdate( 2241): progressValue--->0
D/NetUpdate( 2241): mWriteSD--->false
D/NetUpdate( 2241): mBootCheckZipExist--->false
D/dalvikvm( 1828): GC_CONCURRENT freed 698K, 63% free 2950K/7811K, paused 3ms+2ms
D/NetUpdate( 2241): progressValue--->0
D/NetUpdate( 2241): mWriteSD--->false
D/NetUpdate( 2241): mBootCheckZipExist--->false
D/SlideManagerRootImpl( 1318): stop = 1
D/SlideManagerRootImpl( 1318): stop = 1
I/ViewFlow( 1318): h:7478 ,v:0 ,oldh:7440 ,oldv:0
I/ViewFlow( 1318): h:7486 ,v:0 ,oldh:7478 ,oldv:0
I/ViewFlow( 1318): h:7631 ,v:0 ,oldh:7486 ,oldv:0
I/ViewFlow( 1318): h:7928 ,v:0 ,oldh:7631 ,oldv:0
I/ViewFlow( 1318): h:7953 ,v:0 ,oldh:7928 ,oldv:0
I/ViewFlow( 1318): h:8558 ,v:0 ,oldh:7953 ,oldv:0
I/ViewFlow( 1318): h:8585 ,v:0 ,oldh:8558 ,oldv:0
I/ViewFlow( 1318): h:8989 ,v:0 ,oldh:8585 ,oldv:0
I/ViewFlow( 1318): h:9007 ,v:0 ,oldh:8989 ,oldv:0
I/ViewFlow( 1318): h:9296 ,v:0 ,oldh:9007 ,oldv:0
I/ViewFlow( 1318): h:9309 ,v:0 ,oldh:9296 ,oldv:0
I/ViewFlow( 1318): h:9519 ,v:0 ,oldh:9309 ,oldv:0
I/ViewFlow( 1318): h:9667 ,v:0 ,oldh:9519 ,oldv:0
I/ViewFlow( 1318): h:9729 ,v:0 ,oldh:9667 ,oldv:0
I/ViewFlow( 1318): h:9733 ,v:0 ,oldh:9729 ,oldv:0
I/ViewFlow( 1318): h:9812 ,v:0 ,oldh:9733 ,oldv:0
I/ViewFlow( 1318): h:9833 ,v:0 ,oldh:9812 ,oldv:0
I/ViewFlow( 1318): h:9835 ,v:0 ,oldh:9833 ,oldv:0
I/ViewFlow( 1318): h:9873 ,v:0 ,oldh:9835 ,oldv:0
I/ViewFlow( 1318): h:9875 ,v:0 ,oldh:9873 ,oldv:0
I/ViewFlow( 1318): h:9883 ,v:0 ,oldh:9875 ,oldv:0
D/InputEventConsistencyVerifier( 1318): KeyEvent: ACTION_UP but key was not down.
D/InputEventConsistencyVerifier( 1318):   in android.support.v4.widget.StaggeredGridView@417ac790
D/InputEventConsistencyVerifier( 1318):   0: sent at 2588205000000, KeyEvent { action=ACTION_UP, keyCode=KEYCODE_DPAD_RIGHT, scanCode=106, metaState=0, flags=0x8, repeatCount=0, eventTime=2588205, downTime=2587992, deviceId=1, source=0x101 }
D/InputEventConsistencyVerifier( 1318):   -- recent events --
D/InputEventConsistencyVerifier( 1318):   1: sent at 2549487000000, (unhandled) KeyEvent { action=ACTION_DOWN, keyCode=KEYCODE_DPAD_UP, scanCode=103, metaState=0, flags=0x8, repeatCount=0, eventTime=2549487, downTime=2549487, deviceId=1, source=0x101 }
D/InputEventConsistencyVerifier( 1318):   2: sent at 2545013000000, (unhandled) KeyEvent { action=ACTION_UP, keyCode=KEYCODE_DPAD_RIGHT, scanCode=106, metaState=0, flags=0x8, repeatCount=0, eventTime=2545013, downTime=2544801, deviceId=1, source=0x101 }
D/InputEventConsistencyVerifier( 1318):   3: sent at 2544801000000, (unhandled) KeyEvent { action=ACTION_DOWN, keyCode=KEYCODE_DPAD_RIGHT, scanCode=106, metaState=0, flags=0x8, repeatCount=0, eventTime=2544801, downTime=2544801, deviceId=1, source=0x101 }
D/InputEventConsistencyVerifier( 1318):   4: sent at 2542521000000, (unhandled) KeyEvent { action=ACTION_UP, keyCode=KEYCODE_DPAD_RIGHT, scanCode=106, metaState=0, flags=0x80000008, repeatCount=0, eventTime=2542521, downTime=2542090, deviceId=1, source=0x101 }
I/ViewFlow( 1318): h:9900 ,v:0 ,oldh:9883 ,oldv:0
I/ViewFlow( 1318): h:9904 ,v:0 ,oldh:9900 ,oldv:0
I/ViewFlow( 1318): h:9911 ,v:0 ,oldh:9904 ,oldv:0
I/ViewFlow( 1318): h:9912 ,v:0 ,oldh:9911 ,oldv:0
I/ViewFlow( 1318): h:9913 ,v:0 ,oldh:9912 ,oldv:0
I/ViewFlow( 1318): h:9914 ,v:0 ,oldh:9913 ,oldv:0
I/ViewFlow( 1318): h:9917 ,v:0 ,oldh:9914 ,oldv:0
I/ViewFlow( 1318): h:9918 ,v:0 ,oldh:9917 ,oldv:0
I/ViewFlow( 1318): h:9919 ,v:0 ,oldh:9918 ,oldv:0
I/ViewFlow( 1318): h:9920 ,v:0 ,oldh:9919 ,oldv:0
D/MainActivity( 1318): position = 4
D/NetUpdate( 2241): progressValue--->0
D/NetUpdate( 2241): mWriteSD--->false
D/NetUpdate( 2241): mBootCheckZipExist--->false
D/InputEventConsistencyVerifier( 1318): KeyEvent: ACTION_UP but key was not down.
D/InputEventConsistencyVerifier( 1318):   in com.coship.cibn.view.ScaleViewPanel@42712040
D/InputEventConsistencyVerifier( 1318):   0: sent at 2588941000000, KeyEvent { action=ACTION_UP, keyCode=KEYCODE_DPAD_RIGHT, scanCode=106, metaState=0, flags=0x8, repeatCount=0, eventTime=2588941, downTime=2588727, deviceId=1, source=0x101 }
D/InputEventConsistencyVerifier( 1318):   -- recent events --
D/InputEventConsistencyVerifier( 1318):   1: sent at 2549487000000, (unhandled) KeyEvent { action=ACTION_DOWN, keyCode=KEYCODE_DPAD_UP, scanCode=103, metaState=0, flags=0x8, repeatCount=0, eventTime=2549487, downTime=2549487, deviceId=1, source=0x101 }
D/InputEventConsistencyVerifier( 1318):   2: sent at 2545013000000, (unhandled) KeyEvent { action=ACTION_UP, keyCode=KEYCODE_DPAD_RIGHT, scanCode=106, metaState=0, flags=0x80000008, repeatCount=0, eventTime=2545013, downTime=2544801, deviceId=1, source=0x101 }
D/NetUpdate( 2241): prog
[ 2729.019447] IR: [03932] scan key value is 0xeb14c936 
[ 2729.019452]  ressValue--->0
D/NetUpdate( 2241): mWriteSD--->false
D/NetUpdate( 2241): mBootCheckZipExist--->false
D/dalvikvm( 1828): GC_CONCURRENT freed 863K, 64% free 2814K/7811K, paused 2ms+3ms
D/HomePlayerLib( 1828): hostaddress count is 1
D/dalvikvm( 1828): GC_CONCURRENT freed 701K, 64% free 2821K/7811K, paused 2ms+2ms
D/PushMsgCenter( 1784): mDownUpRun run while (true)
D/PushMsgCenter( 1784): down  
D/dalvikvm( 1828): GC_CONCURRENT freed 767K, 64% free 2821K/7811K, paused 1ms+2ms
D/dalvikvm( 1828): GC_CONCURRENT freed 703
[ 2729.072007] IR: [03932] scan key value is 0xeb14c936 
[ 2729.072011]  K, 64% free 2821K/7811K, paused 2ms+2ms
D/NetUpdate( 2241): progressValue--->0
D/NetUpdate( 2241): mWriteSD--->false
D/NetUpdate( 2241): mBootCheckZipExist--->false
D/PushMsgCenter( 1784): down conn.getResponseCode() status = 404
D/dalvikvm( 1828): GC_CONCURRENT freed 705K, 64% free 2816K/7811K, paused 2ms+2ms
D/dalvikvm( 1828): GC_CONCURRENT freed 692K, 64% free 2814K/7811K, paused 2ms+2ms
D/NetUpdate( 2241): progressValue--->0
D/NetUpdate( 2241): mWriteSD--->false
D/NetUpdate( 2241): mBootCheckZipExist--->false
D/NetUpdate( 2241): progressValue--->0
D/NetUpdate( 2241): mWriteSD--->false
D/NetUpdate( 2241): mBootCheckZipExist--->false
D/NetUpdate( 2241): progressValue--->0
D/NetUpdate( 2241): mWriteSD--->false
D/NetUpdate( 2241): mBootCheckZipExist--->false
D/NetUpdate( 2241): progressValue--->0
D/NetUpdate( 2241): mWriteSD--->false
D/NetUpdate( 2241): mBootCheckZipExist--->false
D/NetUpdate( 2241): progressValue--->0
D/NetUpdate( 2241): mWriteSD--->false
D/NetUpdate( 2241): mBootCheckZipExist--->false
D/NetUpdate( 2241): progressValue--->0
D/NetUpdate( 2241): mWriteSD--->false
D/NetUpdate( 2241): mBootCheckZipExist--->false
[ 2729.180248] IR: [03932] scan key value is 0xeb14c936 
[ 2729.180253]  
                D/dalvikvm( 1828): GC_CONCURRENT freed 699K, 64% free 2833K/7811K, paused 1ms+2ms
D/NetUpdate( 2241): progressValue--->0
D/NetUpdate( 2241): mWriteSD--->false
D/NetUpdate( 2241): mBootCheckZipExist--->false
D/NetUpdate( 2241): progressValue--->0
D/NetUpdate( 2241): mWriteSD--->false
D/NetUpdate( 2241): mBootCheckZipExist--->false
D/NetUpdate( 2241): progressValue--->0
D/NetUpdate( 2241): mWriteSD--->false
D/NetUpdate( 2241): mBootCheckZipExist--->false
D/NetUpdate( 2241): progressValue--->0
D/NetUpdate( 2241): mWriteSD--->false
D/NetUpdate( 2241): mBootCheckZipExist--->false
D/HomePlayerLib( 1828): hostaddress count is 1
D/dalvikvm( 1828): GC_CONCURRENT freed 704K, 63% free 2923K/7811K, paused 2ms+3ms
D/dalvikvm( 1828): GC_CONCURRENT freed 831K, 64% free 2828K/7811K, paused 1ms+2ms
D/dalvikvm( 1828): GC_CONCURRENT freed 701K, 64% free 2815K/7811K, paused 2ms+2ms
D/dalvikvm( 1828): GC_CONCURRENT freed 690K, 63% free 2917K/7811K, paused 2ms+2ms
D/dalvikvm( 1828): GC_CONCURRENT freed 826K, 63% free 2917K/7811K, paused 2ms+2ms
D/NetUpdate( 2241): progressValue--->0
D/NetUpdate( 2241): mWriteSD--->false
D/NetUpdate( 2241): mBootCheckZipExist--->false
D/dalvikvm( 1828): GC_CONCURRENT freed 813K, 64% free 2821K/7811K, paused 2ms+2ms
D/NetUpdate( 2241): progressValue--->0
D/NetUpdate( 2241): mWriteSD--->false
D/NetUpdate( 2241): mBootCheckZipExist--->false
D/NetUpdate( 2241): progressValue--->0
D/NetUpdate( 2241): mWriteSD--->false
D/NetUpdate( 2241): mBootCheckZipExist--->false
D/NetUpdate( 2241): progressValue--->0
D/NetUpdate( 2241): mWriteSD--->false
D/NetUpdate( 2241): mBootCheckZipExist--->false
D/NetUpdate( 2241): progressValue--->0
D/NetUpdate( 2241): mWriteSD--->false
D/NetUpdate( 2241): mBootCheckZipExist--->false
D/NetUpdate( 2241): progressValue--->0
D/NetUpdate( 2241): mWriteSD--->false
D/NetUpdate( 2241): mBootCheckZipExist--->false
D/NetUpdate( 2241): progressValue--->0
D/NetUpdate( 2241): mWriteSD--->false
D/NetUpdate( 2241): mBootCheckZipExist--->false
D/NetUpdate( 2241): progressValue--->0
D/NetUpdate( 2241): mWriteSD--->false
D/NetUpdate( 2241): mBootCheckZipExist--->false
D/NetUpdate( 2241): progressValue--->0
D/NetUpdate( 2241): mWriteSD--->false
D/NetUpdate( 2241): mBootCheckZipExist--->false
D/CheckNetWork( 1814): isOk true
D/CheckNetWork( 1814): ActInfoNetworkInfo: type: WIFI[], state: CONNECTED/CONNECTED, reason: (unspecified), extra: (none), roaming: false, failover: false, isAvailable: true
D/CheckNetWork( 1814): infoNetworkInfo: type: WIFI[], state: CONNECTED/CONNECTED, reason: (unspecified), extra: (none), roaming: false, failover: false, isAvailable: true
D/NetUpdate( 2241): progressValue--->0
D/NetUpdate( 2241): mWriteSD--->false
D/NetUpdate( 2241): mBootCheckZipExist--->false
D/NetUpdate( 2241): progressValue--->0
D/NetUpdate( 2241): mWriteSD--->false
D/NetUpdate( 2241): mBootCheckZipExist--->false
D/HomePlayerLib( 1828): hostaddress count is 1
D/dalvikvm( 1828): GC_CONCURRENT freed 711K, 65% free 2795K/7811K, paused 2ms+2ms
D/dalvikvm( 1828): GC_CONCURRENT freed 664K, 64% free 2818K/7811K, paused 2ms+2ms
D/dalvikvm( 1828): GC_CONCURRENT freed 699K, 63% free 2905K/7811K, paused 2ms+2ms
D/dalvikvm( 1828): GC_CONCURRENT freed 809K, 63% free 2922K/7811K, paused 2ms+3ms
D/NetUpdate( 2241): progressValue--->0
D/NetUpdate( 2241): mWriteSD--->false
D/NetUpdate( 2241): mBootCheckZipExist--->false
D/dalvikvm( 1828): GC_CONCURRENT freed 840K, 65% free 2798K/7811K, paused 2ms+3ms
D/NetUpdate( 2241): progressValue--->0
D/NetUpdate( 2241): mWriteSD--->false
D/NetUpdate( 2241): mBootCheckZipExist--->false
D/NetUpdate( 2241): progressValue--->0
D/NetUpdate( 2241): mWriteSD--->false
D/NetUpdate( 2241): mBootCheckZipExist--->false
D/NetUpdate( 2241): progressValue--->0
D/NetUpdate( 2241): mWriteSD--->false
D/NetUpdate( 2241): mBootCheckZipExist--->false
D/NetUpdate( 2241): progressValue--->0
D/NetUpdate( 2241): mWriteSD--->false
D/NetUpdate( 2241): mBootCheckZipExist--->false
D/dalvikvm( 1828): GC_CONCURRENT freed 799K, 65% free 2793K/7811K, paused 2ms+2ms
D/NetUpdate( 2241): progressValue--->0
D/NetUpdate( 2241): mWriteSD--->false
D/NetUpdate( 2241): mBootCheckZipExist--->false
D/NetUpdate( 2241): progressValue--->0
D/NetUpdate( 2241): mWriteSD--->false
D/NetUpdate( 2241): mBootCheckZipExist--->false
D/dalvikvm( 1828): GC_CONCURRENT freed 667K, 64% free 2868K/7811K, paused 2ms+2ms
D/NetUpdate( 2241): progressValue--->0
D/NetUpdate( 2241): mWriteSD--->false
D/NetUpdate( 2241): mBootCheckZipExist--->false
D/NetUpdate( 2241): progressValue--->0
D/NetUpdate( 2241): mWriteSD--->false
D/NetUpdate( 2241): mBootCheckZipExist--->false
D/NetUpdate( 2241): progressValue--->0
D/NetUpdate( 2241): mWriteSD--->false
D/NetUpdate( 2241): mBootCheckZipExist--->false
D/HomePlayerLib( 1828): hostaddress count is 1
D/dalvikvm( 1828): GC_CONCURRENT freed 775K, 63% free 2910K/7811K, paused 2ms+2ms
D/NetUpdate( 2241): progressValue--->0
D/NetUpdate( 2241): mWriteSD--->false
D/NetUpdate( 2241): mBootCheckZipExist--->false
D/dalvikvm( 1828): GC_CONCURRENT freed 826K, 63% free 2916K/7811K, paused 2ms+2ms
D/dalvikvm( 1828): GC_CONCURRENT freed 810K, 63% free 2949K/7811K, paused 1ms+2ms
D/dalvikvm( 1828): GC_CONCURRENT freed 876K, 64% free 2817K/7811K, paused 2ms+2ms
D/dalvikvm( 1828): GC_CONCURRENT freed 694K, 64% free 2829K/7811K, paused 2ms+2ms
D/NetUpdate( 2241): progressValue--->0
D/NetUpdate( 2241): mWriteSD--->false
D/NetUpdate( 2241): mBootCheckZipExist--->false
D/NetUpdate( 2241): progressValue--->0
D/NetUpdate( 2241): mWriteSD--->false
D/NetUpdate( 2241): mBootCheckZipExist--->false
D/NetUpdate( 2241): progressValue--->0
D/NetUpdate( 2241): mWriteSD--->false
D/NetUpdate( 2241): mBootCheckZipExist--->false
D/NetUpdate( 2241): progressValue--->0
D/NetUpdate( 2241): mWriteSD--->false
D/NetUpdate( 2241): mBootCheckZipExist--->false
D/dalvikvm( 1828): GC_CONCURRENT freed 694K, 64% free 2815K/7811K, paused 2ms+2ms
D/NetUpdate( 2241): progressValue--->0
D/NetUpdate( 2241): mWriteSD--->false
D/NetUpdate( 2241): mBootCheckZipExist--->false
D/dalvikvm( 1828): GC_CONCURRENT freed 699K, 65% free 2793K/7811K, paused 3ms+3ms
D/dalvikvm( 1828): GC_CONCURRENT freed 667K, 65% free 2812K/7811K, paused 2ms+2ms
D/dalvikvm( 1828): GC_CONCURRENT freed 695K, 64% free 2826K/7811K, paused 2ms+3ms
D/NetUpdate( 2241): progressValue--->0
D/NetUpdate( 2241): mWriteSD--->false
D/NetUpdate( 2241): mBootCheckZipExist--->false
D/dalvikvm( 1828): GC_CONCURRENT freed 705K, 64% free 2826K/7811K, paused 2ms+3ms
D/dalvikvm( 1828): GC_CONCURRENT freed 704K, 64% free 2826K/7811K, paused 2ms+3ms
D/dalvikvm( 1828): GC_CONCURRENT freed 705K, 64% free 2826K/7811K, paused 2ms+3ms
D/dalvikvm( 1828): GC_CONCURRENT fre
[ 2729.777703] IR: [03932] scan key value is 0xeb14c936 
[ 2729.777708]  ed 710K, 64% free 2826K/7811K, paused 2ms+2ms
D/NetUpdate( 2241): progressValue--->0
D/NetUpdate( 2241): mWriteSD--->false
D/NetUpdate( 2241): mBootCheckZipExist--->false
D/dalvikvm( 1828): GC_CONCURRENT freed 706K, 64% free 2825K/7811K, paused 3ms+3ms
D/dalvikvm( 1828): GC_CONCURRENT freed 703K, 64% free 2825K/7811K, paused 2ms+2ms
D/dalvikvm( 1828): GC_CONCURRENT freed 706K, 64% free 2825K/7811K, paused 2ms+2ms
D/NetUpdate( 2241): progressValue--->0
D/NetUpdate( 2241): mWriteSD--->false
D/NetUpdate( 2241): mBoot
[ 2729.830233] IR: [03932] scan key value is 0xeb14c936 
[ 2729.830238]  CheckZipExist--->false
D/dalvikvm( 1828): GC_CONCURRENT freed 712K, 64% free 2826K/7811K, paused 2ms+3ms
D/dalvikvm( 1828): GC_CONCURRENT freed 715K, 65% free 2789K/7811K, paused 2ms+2ms
D/dalvikvm( 1828): GC_CONCURRENT freed 651K, 64% free 2814K/7811K, paused 2ms+3ms
D/NetUpdate( 2241): progressValue--->0
