D/CheckNetWork( 1814): ActInfoNetworkInfo: type: WIFI[], state: CONNECTED/CONNECTED, reason: (unspecified), extra: (none), roaming: false, failover: false, isAvailable: true
D/CheckNetWork( 1814): infoNetworkInfo: type: WIFI[], state: CONNECTED/CONNECTED, reason: (unspecified), extra: (none), roaming: false, failover: false, isAvailable: true
I/ViewFlow( 1318): h:2480 ,v:0 ,oldh:2479 ,oldv:0
D/MainActivity( 1318): position = 1
D/dalvikvm( 1828): GC_CONCURRENT freed 716K, 64% free 2818K/7811K, paused 1ms+9ms
D/NetUpdate( 2241): progressValue--->0
D/NetUpdate( 2241): mWriteSD--->false
D/NetUpdate( 2241): mBootCheckZipExist--->false

[ 2791.764133] IR: [03932] scan key value is 0xeb14c936 
[ 2791.764138]  D/SlideManagerRo
[ 2791.816580] IR: [03932] scan key value is 0xeb14c936 
[ 2791.816585]  otImpl( 1318): stop = 1
I/ViewFlow( 1318): h:2492 ,v:0 ,oldh:2480 ,oldv:0
I/ViewFlow( 1318): h:2968 ,v:0 ,oldh:2492 ,oldv:0
I/ViewFlow( 1318): h:2993 ,v:0 ,oldh:2968 ,oldv:0
I/ViewFlow( 1318): h:3362 ,v:0 ,oldh:2993 ,oldv:0
I/ViewFlow( 1318): h:3393 ,v:0 ,oldh:3362 ,oldv:0
D/dalvikvm( 1828): GC_CONCURRENT freed 705K, 64% free 2819K/7811K, paused 2ms+3ms
I/ViewFlow( 1318): h:3799 ,v:0 ,oldh:3393 ,oldv:0
I/ViewFlow( 1318): h:4151 ,v:0 ,oldh:3799 ,oldv:0
I/ViewFlow( 1318): h:4167 ,v:0 ,oldh:4151 ,oldv:0
I/ViewFlow( 1318): h:4418 ,v:0 ,oldh:4167 ,oldv:0
I/ViewFlow( 1318): h:4429 ,v:0 ,oldh:4418 ,oldv:0
I/ViewFlow( 1318): h:4604 ,v:0 ,oldh:4429 ,oldv:0
I/ViewFlow( 1318): h:4611 ,v:0 ,oldh:4604 ,oldv:0
I/ViewFlow( 1318): h:4736 ,v:0 ,oldh:4611 ,oldv:0
I/ViewFlow( 1318): h:4816 ,v:0 ,oldh:4736 ,oldv:0
I/ViewFlow( 1318
[ 2792.000792] IR: [03932] scan key value is 0xeb14c936 
[ 2792.000797]  ): h:4862 ,v:0 ,oldh:4816 ,oldv:0
I/ViewFlow( 1318): h:4864 ,v:0 ,oldh:4862 ,oldv:0
I/ViewFlow( 1318): h:4909 ,v:0 ,oldh:4864 ,oldv:0
I/ViewFlow( 1318): h:4918 ,v:0 ,oldh:4909 ,oldv:0

[ 2792.053229] IR: [03932] scan key value is 0xeb14c936 
[ 2792.053234]  I/ViewFlow( 1318): h:4937 ,v:0 ,oldh:4918 ,oldv:0
D/SlideManagerRootImpl( 1318): stop = 1
I/ViewFlow( 1318): h:4960 ,v:0 ,oldh:4937 ,oldv:0
I/ViewFlow( 1318): h:5113 ,v:0 ,oldh:4960 ,oldv:0
I/ViewFlow( 1318): h:5735 ,v:0 ,oldh:5113 ,oldv:0
I/ViewFlow( 1318): h:6171 ,v:0 ,oldh:5735 ,oldv:0
I/ViewFlow( 1318): h:6555 ,v:0 ,oldh:6171 ,oldv:0
I/ViewFlow( 1318): h:6573 ,v:0 ,oldh:6555 ,oldv:0
I/ViewFlow( 1318): h:6847 ,v:0 ,oldh:6573 ,oldv:0
I/ViewFlow( 1318): h:6859 ,v:0 ,oldh:6847 ,oldv:0
I/ViewFlow( 1318): h:7043 ,v:0 ,oldh:6859 ,oldv:0
I/ViewFlow( 1318): h:7051 ,v:0 ,oldh:7043 ,oldv:0
D/dalvikvm( 1828): GC_CONCURRENT freed 694K, 64% free 2831K/7811K, paused 2ms+2ms
I/ViewFlow( 1318): h:7180 ,v:0 ,oldh:7051 ,oldv:0
I/ViewFlow( 1318): h:7270 ,v:0 ,oldh:7180 ,oldv:0
I/ViewFlow( 1318): h:7273 ,v:0 ,oldh:7270 ,oldv:0
I/ViewFlow( 1318): h:7331 ,v:0 ,oldh:7273 ,oldv:
[ 2792.267512] IR: [03932] scan key value is 0xeb14c936 
[ 2792.267516]  0
I/ViewFlow( 1318): h:7378 ,v:0 ,oldh:7331 ,oldv:0
I/ViewFlow( 1318): h:7379 ,v:0 ,oldh:7378 ,oldv:0
I/ViewFlow( 1318): h:7391 ,v:0 ,oldh:7379 ,oldv:0
I/ViewFlow( 1318): h:7392 ,v:0 ,oldh:7391 ,oldv:0
D/SlideManagerRootImpl( 1318): start = 1

[ 2792.319955] IR: [03932] scan key value is 0xeb14c936 
[ 2792.319960]  I/ViewFlow( 1318): h:6661 ,v:0 ,oldh:7392 ,oldv:0
I/ViewFlow( 1318): h:6012 ,v:0 ,oldh:6661 ,oldv:0
I/ViewFlow( 1318): h:4578 ,v:0 ,oldh:6012 ,oldv:0
I/ViewFlow( 1318): h:4488 ,v:0 ,oldh:4578 ,oldv:0
I/ViewFlow( 1318): h:3068 ,v:0 ,oldh:4488 ,oldv:0
I/ViewFlow( 1318): h:3007 ,v:0 ,oldh:3068 ,oldv:0
I/ViewFlow( 1318): h:2014 ,v:0 ,oldh:3007 ,oldv:0
I/ViewFlow( 1318): h:1974 ,v:0 ,oldh:2014 ,oldv:0
I/ViewFlow( 1318): h:1349 ,v:0 ,oldh:1974 ,oldv:0
I/ViewFlow( 1318): h:1322 ,v:0 ,oldh:1349 ,oldv:0
I/ViewFlow( 1318): h:959 ,v:0 ,oldh:1322 ,oldv:0
I/ViewFlow( 1318): h:668 ,v:0 ,oldh:959 ,oldv:0
I/ViewFlow( 1318): h:654 ,v:0 ,oldh:668 ,oldv:0
I/ViewFlow( 1318): h:437 ,v:0 ,oldh:654 ,oldv:0
I/ViewFlow( 1318): h:280 ,v:0 ,oldh:437 ,oldv:0
I/ViewFlow( 1318): h:179 ,v:0 ,oldh:280 ,oldv:0
I/ViewFlow( 1318): h:111 ,v:0 ,oldh:179 ,oldv:0
I/ViewFlow( 1318): h:109 ,v:0 ,oldh:111 ,oldv:0
I/ViewFlow( 1318): h:85 ,v:0 ,oldh:109 ,oldv:0
I/ViewFlow( 1318): h:49 ,v:0 ,oldh:85 ,oldv:0
I/ViewFlow( 1318): h:48 ,v:0 ,oldh:49 ,oldv:0
D/NetUpdate( 2241): progressValue--->0
D/NetUpdate( 2241): mWriteSD--->false
D/NetUpdate( 2241): mBootCheckZipExist--->false
I/ViewFlow( 1318): h:36 ,v:0 ,oldh:48 ,oldv:0
I/ViewFlow( 1318): h:20 ,v:0 ,oldh:36 ,oldv:0
I/ViewFlow( 1318): h:19 ,v:0 ,oldh:20 ,oldv:0
I/ViewFlow( 1318): h:14 ,v:0 ,oldh:19 ,oldv:0
I/ViewFlow( 1318): h:6 ,v:0 ,oldh:14 ,oldv:0
I/ViewFlow( 1318): h:4 ,v:0 ,oldh:6 ,oldv:0
I/ViewFlow( 1318): h:1 ,v:0 ,oldh:4 ,oldv:0
I/ViewFlow( 1318): h:0 ,v:0 ,oldh:1 ,oldv:0
D/MainActivity( 1318): position = 0

[ 2793.125036] IR: [03932] scan key value is 0xea15c936 
[ 2793.125041]  E/        ( 1318): get vaddr failed:pvaddr_read=0x5ea76000,pvaddr_internal=0x5eb76000,pvaddr_write=0x0

[ 2793.177487] IR: [03932] scan key value is 0xea15c936 
[ 2793.177492]  E/        ( 1318): get vaddr failed:pvaddr_read=0x5ea76000,pvaddr_internal=0x5eb76000,pvaddr_write=0x0
D/dalvikvm( 1318): GC_CONCURRENT freed 2368K, 17% free 30708K/36803K, paused 1ms+10ms
D/InputEventConsistencyVerifier( 1318): KeyEvent: ACTION_UP but key was not down.
D/InputEventConsistencyVerifier( 1318):   in com.coship.widget.viewflow.ViewFlow@417a0d60
D/InputEventConsistencyVerifier( 1318):   0: sent at 2793345000000, KeyEvent { action=ACTION_UP, keyCode=KEYCODE_DPAD_DOWN, scanCode=108, metaState=0, flags=0x8, repeatCount=0, eventTime=2793345, downTime=2793130, deviceId=1, source=0x101 }
D/InputEventConsistencyVerifier( 1318):   -- recent events --
D/InputEventConsistencyVerifier( 1318):   1: sent at 2728039000000, (unhandled) KeyEvent { action=ACTION_DOWN, keyCode=KEYCODE_DPAD_UP, scanCode=103, metaState=0, flags=0x8, repeatCount=0, eventTime=2728039, downTime=2728039, deviceId=1, source=0x101 }
D/InputEventConsistencyVerifier( 1318):   2: sent at 2727757000000, (unhandled) KeyEvent { action=ACTION_UP, keyCode=KEYCODE_DPAD_UP, scanCode=103, metaState=0, flags=0x8, repeatCount=0, eventTime=2727757, downTime=2727329, deviceId=1, source=0x101 }
D/InputEventConsistencyVerifier( 1318):   3: sent at 2727329000000, (unhandled) KeyEvent { action=ACTION_DOWN, keyCode=KEYCODE_DPAD_UP, scanCode=103, metaState=0, flags=0x8, repeatCount=0, eventTime=2727329, downTime=2727329, deviceId=1, source=0x101 }
D/InputEventConsistencyVerifier( 1318):   4: sent at 2726381000000, (unhandled) KeyEvent { action=ACTION_UP, keyCode=KEYCODE_DPAD_LEFT, scanCode=105, metaState=0, flags=0x8, repeatCount=0, eventTime=2726381, downTime=2726168, deviceId=1, source=0x101 }
D/InputEventConsistencyVerifier( 1318):   5: sent at 2726168000000, (unhandled) KeyEvent { action=ACTION_DOWN, keyCode=KEYCODE_DPAD_LEFT, scanCode=105, metaState=0, flags=0x8, repeatCount=0, eventTime=2726168, downTime=2726168, deviceId=1, source=0x101 }

[ 2793.566107] IR: [03932] scan key value is 0xeb14c936 
[ 2793.566111]  D/SlideManagerRootImpl( 1318): stop = 1
D/SlideManagerRootImpl( 1318): stop = 1
D/NetUpdate( 2241): progressValue--->0
D/NetUpdate( 2241): mWriteSD--->false
D/NetUpdate( 2241): mBootCheckZipExist--->false
I/ViewFlow( 1318): h:46 ,v:0 ,oldh:0 ,oldv:0
I/ViewFlow( 1318): h:56 ,v:0 ,oldh:46 ,oldv:0
I/ViewFlow( 1318): h:209 ,v:0 ,oldh:56 ,oldv:0

[ 2793.618531] IR: [03932] scan key value is 0xeb14c936 
[ 2793.618536]  I/ViewFlow( 1318): h:415 ,v:0 ,oldh:209 ,oldv:0
I/ViewFlow( 1318): h:439 ,v:0 ,oldh:415 ,oldv:0
I/ViewFlow( 1318): h:913 ,v:0 ,oldh:439 ,oldv:0
I/ViewFlow( 1318): h:944 ,v:0 ,oldh:913 ,oldv:0
I/ViewFlow( 1318): h:1342 ,v:0 ,oldh:944 ,oldv:0
I/ViewFlow( 1318): h:1549 ,v:0 ,oldh:1342 ,oldv:0
I/ViewFlow( 1318): h:1567 ,v:0 ,oldh:1549 ,oldv:0
I/ViewFlow( 1318): h:1748 ,v:0 ,oldh:1567 ,oldv:0
I/ViewFlow( 1318): h:2009 ,v:0 ,oldh:1748 ,oldv:0
I/ViewFlow( 1318): h:2018 ,v:0 ,oldh:2009 ,oldv:0
I/ViewFlow( 1318): h:2189 ,v:0 ,oldh:2018 ,oldv:0

[ 2793.726621] IR: [03932] scan key value is 0xeb14c936 
[ 2793.726626]  I/ViewFlow( 1318): h:2195 ,v:0 ,oldh:2189 ,oldv:0
I/ViewFlow( 1318): h:2277 ,v:0 ,oldh:2195 ,oldv:0
I/ViewFlow( 1318): h:2333 ,v:0 ,oldh:2277 ,oldv:0
I/ViewFlow( 1318): h:2400 ,v:0 ,oldh:2333 ,oldv:0
I/ViewFlow( 1318): h:2402 ,v:0 ,oldh:2400 ,oldv:0
I/ViewFlow( 1318): h:2415 ,v:0 ,oldh:2402 ,oldv:0
I/ViewFlow( 1318): h:2437 ,v:0 ,oldh:2415 ,oldv:0

[ 2793.834711] IR: [03932] scan key value is 0xeb14c936 
[ 2793.834716]  I/ViewFlow( 1318): h:2460 ,v:0 ,oldh:2437 ,oldv:0
I/ViewFlow( 1318): h:2464 ,v:0 ,oldh:2460 ,oldv:0
I/ViewFlow( 1318): h:2469 ,v:0 ,oldh:2464 ,oldv:0
I/ViewFlow( 1318): h:2472 ,v:0 ,oldh:2469 ,oldv:0
I/ViewFlow( 1318): h:2475 ,v:0 ,oldh:2472 ,oldv:0
I/ViewFlow( 1318): h:2477 ,v:0 ,
[ 2793.942799] IR: [03932] scan key value is 0xeb14c936 
[ 2793.942804]  oldh:2475 ,oldv:0
I/ViewFlow( 1318): h:2479 ,v:0 ,oldh:2477 ,oldv:0
I/ViewFlow( 1318): h:2480 ,v:0 ,oldh:2479 ,oldv:0
D/MainActivity( 1318): position = 1

[ 2794.050894] IR: [03932] scan key value is 0xeb14c936 
[ 2794.050899]  
[ 2794.316282] IR: [03932] scan key value is 0xeb14c936 
[ 2794.316287]  
[ 2794.368698] IR: [03932] scan key value is 0xeb14c936 
[ 2794.368703]  D/NetUpdate( 2241): progressValue--->0
D/NetUpdate( 2241): mWriteSD--->false
D/NetUpdate( 2241): mBootCheckZipExist--->false

[ 2794.621492] IR: [03932] scan key value is 0xeb14c936 
[ 2794.621497]  D/SlideManagerRootImpl( 1318): stop = 1
D/SlideManagerRootImpl( 1318): stop = 1
I/ViewFlow( 1318): h:2536 ,v:0 ,oldh:2480 ,oldv:0
I/ViewFlow( 1318): h:2689 ,v:0 ,oldh:2536 ,oldv:0
I/ViewFlow( 1318): h:2707 ,v:0 ,oldh:2689 ,oldv:0

[ 2794.673940] IR: [03932] scan key value is 0xeb14c936 
[ 2794.673945]  I/ViewFlow( 1318): h:3154 ,v:0 ,oldh:2707 ,oldv:0
I/ViewFlow( 1318): h:3484 ,v:0 ,oldh:3154 ,oldv:0
I/ViewFlow( 1318): h:3513 ,v:0 ,oldh:3484 ,oldv:0
I/ViewFlow( 1318): h:3822 ,v:0 ,oldh:3513 ,oldv:0
I/ViewFlow( 1318): h:3845 ,v:0 ,oldh:3822 ,oldv:0
I/ViewFlow( 1318): h:4029 ,v:0 ,oldh:3845 ,oldv:0
I/ViewFlow( 1318): h:4047 ,v:0 ,oldh:4029 ,oldv:0
I/ViewFlow( 1318): h:4336 ,v:0 ,oldh:4047 ,oldv:0
I/ViewFlow( 1318): h:4349 ,v:0 ,oldh:4336 ,oldv:0
I/ViewFlow( 1318): h:4567 ,v:0 ,oldh:4349 ,oldv:0
I/ViewFlow( 1318): h:4675 ,v:0 ,oldh:4567 ,oldv:0
I/ViewFlow( 1318): h:4794 ,v:0 ,oldh:4675 ,oldv:0
I/ViewFlow( 1318): h:4827 ,v:0 ,oldh:4794 ,oldv:0
I/ViewFlow( 1318): h:4830 ,v:0 ,oldh:4827 ,oldv:0
I/ViewFlow( 1318): h:4891 ,v:0 ,oldh:4830 ,oldv:0
I/ViewFlow( 1318): h:4906 ,v:0 ,oldh:4891 ,oldv:0
I/ViewFlow( 1318): h:4907 ,v:0 ,oldh:4906 ,oldv:0
I/ViewFlow( 1318): h:4922 ,v:0 ,oldh:4907 ,oldv:0
I/ViewFlow( 1318): h:4923 ,v:0 ,oldh:4922 ,oldv:0
I/ViewFlow( 1318): h:4935 ,v:0 ,oldh:4923 ,oldv:0
I/ViewFlow( 1318): h:4947 ,v:0 ,oldh:4935 ,oldv:0
I/ViewFlow( 1318): h:4950 ,v:0 ,oldh:4947 ,oldv:0
I/ViewFlow( 1318): h:4953 ,v:0 ,oldh:4950 ,oldv:0
I/ViewFlow( 1318): h:4957 ,v:0 ,oldh:4953 ,oldv:0
I/ViewFlow( 1318): h:4958 ,v:0 ,oldh:4957 ,oldv:0
I/ViewFlow( 1318): h:4959 ,v:0 ,oldh:4958 ,oldv:0
I/ViewFlow( 1318): h:4960 ,v:0 ,oldh:4959 ,oldv:0
D/MainActivity( 1318): position = 2
D/NetUpdate( 2241): progressValue--->0
D/NetUpdate( 2241): mWriteSD--->false
D/NetUpdate( 2241): mBootCheckZipExist--->false

[ 2796.227544] IR: [03932] scan key value is 0xeb14c936 
[ 2796.227549]  
[ 2796.280011] IR: [03932] scan key value is 0xeb14c936 
[ 2796.280016]  
[ 2796.479434] IR: [03932] scan key value is 0xeb14c936 
[ 2796.479439]  
[ 2796.531884] IR: [03932] scan key value is 0xeb14c936 
[ 2796.531889]  
[ 2796.732416] IR: [03932] scan key value is 0xeb14c936 
[ 2796.732420]  D/SlideManagerRootImpl( 1318): stop = 1
D/SlideManagerRootImpl( 1318): stop = 1
I/ViewFlow( 1318): h:4972 ,v:0 ,oldh:4960 ,oldv:0
I/ViewFlow( 1318): h:5103 ,v:0 ,oldh:4972 ,oldv:0
I/ViewFlow( 1318): h:5118 ,v:0 ,oldh:5103 ,oldv:
[ 2796.784842] IR: [03932] scan key value is 0xeb14c936 
[ 2796.784847]  0
I/ViewFlow( 1318): h:5721 ,v:0 ,oldh:5118 ,oldv:0
I/ViewFlow( 1318): h:6105 ,v:0 ,oldh:5721 ,oldv:0
I/ViewFlow( 1318): h:6131 ,v:0 ,oldh:6105 ,oldv:0
I/ViewFlow( 1318): h:6527 ,v:0 ,oldh:6131 ,oldv:0
I/ViewFlow( 1318): h:6545 ,v:0 ,oldh:6527 ,oldv:0
I/ViewFlow( 1318): h:6853 ,v:0 ,oldh:6545 ,oldv:0
I/ViewFlow( 1318): h:7070 ,v:0 ,oldh:6853 ,oldv:0
I/ViewFlow( 1318): h:7207 ,v:0 ,oldh:7070 ,oldv:0
I/ViewFlow( 1318): h:7261 ,v:0 ,oldh:7207 ,oldv:0
I/ViewFlow( 1318): h:7338 ,v:0 ,oldh:7261 ,oldv:0
I/ViewFlow( 1318): h:7360 ,v:0 ,oldh:7338 ,oldv:0
I/ViewFlow( 1318): h:7395 ,v:0 ,oldh:7360 ,oldv:0
I/ViewFlow( 1318): h:7396 ,v:0 ,oldh:7395 ,oldv:0
I/ViewFlow( 1318): h:7406 ,v:0 ,oldh:7396 ,oldv:0
I/ViewFlow( 1318): h:7421 ,v:0 ,oldh:7406 ,oldv:0
I/ViewFlow( 1318): h:7425 ,v:0 ,oldh:7421 ,oldv:0
I/ViewFlow( 1318): h:7432 ,v:0 ,oldh:7425 ,oldv:0
I/ViewFlow( 1318): h:7434 ,v:0 ,oldh:7432 ,oldv:0
I/ViewFlow( 1318): h:7437 ,v:0 ,oldh:7434 ,oldv:0
I/ViewFlow( 1318): h:7438 ,v:0 ,oldh:7437 ,oldv:0
I/ViewFlow( 1318): h:7440 ,v:0 ,oldh:7438 ,oldv:0
D/MainActivity( 1318): position = 3

[ 2797.585986] IR: [03932] scan key value is 0xeb14c936 
[ 2797.585991]  D/NetUpdate( 2241): progressValue--->0
D/NetUpdate( 2241): mWriteSD--->false
D/NetUpdate( 2241): mBootCheckZipExist--->false
D/HomePlayerLib( 1828): hostaddress count is 1

[ 2797.638455] IR: [03932] scan key value is 0xeb14c936 
[ 2797.638460]  D/dalvikvm( 1828): GC_CONCURRENT freed 733K, 65% free 2807K/7811K, paused 2ms+2ms
D/dalvikvm( 1828): GC_CONCURRENT freed 691K, 64% free 2878K/7811K, paused 1ms+3ms

[ 2797.951753] IR: [03932] scan key value is 0xeb14c936 
[ 2797.951758]  
[ 2798.004194] IR: [03932] scan key value is 0xeb14c936 
[ 2798.004199]  D/dalvikvm( 1828): GC_CONCURRENT freed 763K, 63% free 2924K/7811K, paused 2ms+3ms

[ 2798.196103] IR: [03932] scan key value is 0xeb14c936 
[ 2798.196108]  
[ 2798.248552] IR: [03932] scan key value is 0xeb14c936 
[ 2798.248557]  D/dalvikvm( 1828): GC_CONCURRENT freed 828K, 63% free 2949K/7811K, paused 10ms+3ms
D/NetUpdate( 2241): progressValue--->0
D/NetUpdate( 2241): mWriteSD--->false
D/NetUpdate( 2241): mBootCheckZipExist--->false

[ 2798.660831] IR: [03932] scan key value is 0xeb14c936 
[ 2798.660836]  D/dalvikvm( 1828): GC_CONCURRENT freed 875K, 63% free 2924K/7811K, paused 2ms+2ms
D/SlideManagerRootImpl( 1318): stop = 1
D/SlideManagerRootImpl( 1318): stop = 1
I/ViewFlow( 1318): h:7486 ,v:0 ,oldh:7440 ,oldv:0
I/ViewFlow( 1318): h:7667 ,v:0 ,
[ 2798.713262] IR: [03932] scan key value is 0xeb14c936 
[ 2798.713267]  oldh:7486 ,oldv:0
I/ViewFlow( 1318): h:7903 ,v:0 ,oldh:7667 ,oldv:0
I/ViewFlow( 1318): h:8444 ,v:0 ,oldh:7903 ,oldv:0
I/ViewFlow( 1318): h:8473 ,v:0 ,oldh:8444 ,oldv:0
I/ViewFlow( 1318): h:8805 ,v:0 ,oldh:8473 ,oldv:0
I/ViewFlow( 1318): h:9007 ,v:0 ,oldh:8805 ,oldv:0
I/ViewFlow( 1318): h:9309 ,v:0 ,oldh:9007 ,oldv:0
I/ViewFlow( 1318): h:9321 ,v:0 ,oldh:9309 ,oldv:0
I/ViewFlow( 1318): h:9542 ,v:0 ,oldh:9321 ,oldv:0
I/ViewFlow( 1318): h:9623 ,v:0 ,oldh:9542 ,oldv:0
I/ViewFlow( 1318): h:9748 ,v:0 ,oldh:9623 ,oldv:0
I/ViewFlow( 1318): h:9787 ,v:0 ,oldh:9748 ,oldv:0
I/ViewFlow( 1318): h:9845 ,v:0 ,oldh:9787 ,oldv:0
I/ViewFlow( 1318): h:9848 ,v:0 ,oldh:9845 ,oldv:0
I/ViewFlow( 1318): h:9860 ,v:0 ,oldh:9848 ,oldv:0
I/ViewFlow( 1318): h:9861 ,v:0 ,oldh:9860 ,oldv:0
I/ViewFlow( 1318): h:9888 ,v:0 ,oldh:9861 ,oldv:0
D/InputEventConsistencyVerifier( 1318): KeyEvent: ACTION_UP but key was not down.
D/InputEventConsistencyVerifier( 1318):   in android.support.v4.widget.StaggeredGridView@417ac790
D/InputEventConsistencyVerifier( 1318):   0: sent at 2798881000000, KeyEvent { action=ACTION_UP, keyCode=KEYCODE_DPAD_RIGHT, scanCode=106, metaState=0, flags=0x8, repeatCount=0, eventTime=2798881, downTime=2798666, deviceId=1, source=0x101 }
D/InputEventConsistencyVerifier( 1318):   -- recent events --
D/InputEventConsistencyVerifier( 1318):   1: sent at 2726168000000, (unhandled) KeyEvent { action=ACTION_DOWN, keyCode=KEYCODE_DPAD_LEFT, scanCode=105, metaState=0, flags=0x8, repeatCount=0, eventTime=2726168, downTime=2726168, deviceId=1, source=0x101 }
D/InputEventConsistencyVerifier( 1318):   2: sent at 2725977000000, (unhandled) KeyEvent { action=ACTION_UP, keyCode=KEYCODE_DPAD_LEFT, scanCode=105, metaState=0, flags=0x8, repeatCount=0, eventTime=2725977, downTime=2725764, deviceId=1, source=0x101 }
D/InputEventConsistencyVerifier( 1318):   3: sent at 2725764000000, (unhandled) KeyEvent { action=ACTION_DOWN, keyCode=KEYCODE_DPAD_LEFT, scanCode=105, metaState=0, flags=0x8, repeatCount=0, eventTime=2725764, downTime=2725764, deviceId=1, source=0x101 }
D/InputEventConsistencyVerifier( 1318):   4: sent at 2725425000000, (unhandled) KeyEvent { action=ACTION_UP, keyCode=KEYCODE_DPAD_DOWN, scanCode=108, metaState=0, flags=0x8, repeatCount=0, eventTime=2725425, downTime=2725212, deviceId=1, source=0x101 }
D/InputEventConsistencyVerifier( 1318):   5: sent at 2725212000000, (unhandled) KeyEvent { action=ACTION_DOWN, keyCode=KEYCODE_DPAD_DOWN, scanCode=108, metaState=0, flags=0x8, repeatCount=0, eventTime=2725212, downTime=2725212, deviceId=1, source=0x101 }
I/ViewFlow( 1318): h:9894 ,v:0 ,oldh:9888 ,oldv:0
I/ViewFlow( 1318): h:9906 ,v:0 ,oldh:9894 ,oldv:0
I/ViewFlow( 1318): h:9907 ,v:0 ,oldh:9906 ,oldv:0
I/ViewFlow( 1318): h:9909 ,v:0 ,oldh:9907 ,oldv:0
I/ViewFlow( 1318): h:9915 ,v:0 ,oldh:9909 ,oldv:0
I/ViewFlow( 1318): h:9916 ,v:0 ,oldh:9915 ,oldv:0
I/ViewFlow( 1318): h:9918 ,v:0 ,oldh:9916 ,oldv:0
I/ViewFlow( 1318): h:9919 ,v:0 ,oldh:9918 ,oldv:0
I/ViewFlow( 1318): h:9920 ,v:0 ,oldh:9919 ,oldv:0
D/MainActivity( 1318): position = 4
D/NetUpdate( 2241): progressValue--->0
D/NetUpdate( 2241): mWriteSD--->false
D/NetUpdate( 2241): mBootCheckZipExist--->false
D/NetUpdate( 2241): progressValue--->0
D/NetUpdate( 2241): mWriteSD--->false
D/NetUpdate( 2241): mBootCheckZipExist--->false
D/NetUpdate( 2241): progressValue--->0
D/NetUpdate( 2241): mWriteSD--->false
D/NetUpdate( 2241): mBootCheckZipExist--->false
D/dalvikvm( 1828): GC_CONCURRENT freed 844K, 64% free 2856K/7811K, paused 1ms+3ms
D/NetUpdate( 2241): progressValue--->0
D/NetUpdate( 2241): mWriteSD--->false
D/NetUpdate( 2241): mBootCheckZipExist--->false
D/NetUpdate( 2241): progressValue--->0
D/NetUpdate( 2241): mWriteSD--->false
D/NetUpdate( 2241): mBootCheckZipExist--->false
D/NetUpdate( 2241): progressValue--->0
D/NetUpdate( 2241): mWriteSD--->false
D/NetUpdate( 2241): mBootCheckZipExist--->false
D/NetUpdate( 2241): progressValue--->0
D/NetUpdate( 2241): mWriteSD--->false
D/NetUpdate( 2241): mBootCheckZipExist--->false
D/NetUpdate( 2241): progressValue--->0
D/NetUpdate( 2241): mWriteSD--->false
D/NetUpdate( 2241): mBootCheckZipExist--->false
D/dalvikvm( 1828): GC_CONCURRENT freed 758K, 64% free 2824K/7811K, paused 2ms+2ms
D/HomePlayerLib( 1828): hostaddress count is 1
D/dalvikvm( 1828): GC_CONCURRENT freed 713K, 64% free 2822K/7811K, paused 2ms+2ms
D/NetUpdate( 2241): progressValue--->0
D/NetUpdate( 2241): mWriteSD--->false
D/NetUpdate( 2241): mBootCheckZipExist--->false
D/dalvikvm( 1828): GC_CONCURRENT freed 686K, 64% free 2856K/7811K, paused 2ms+3ms
D/dalvikvm( 1828): GC_CONCURRENT freed 720K, 63% free 2897K/7811K, paused 2ms+2ms
D/dalvikvm( 1828): GC_CONCURRENT freed 809K, 65% free 2809K/7811K, paused 2ms+3ms
D/dalvikvm( 1828): GC_CONCURRENT freed 677K, 64% free 2820K/7811K, paused 2ms+2ms
D/NetUpdate( 2241): progressValue--->0
D/NetUpdate( 2241): mWriteSD--->false
D/NetUpdate( 2241): mBootCheckZipExist--->false
D/dalvikvm( 1828): GC_CONCURRENT freed 707K, 64% free 2818K/7811K, paused 2ms+2ms
D/dalvikvm( 1828): GC_CONCURRENT freed 705K, 64% free 2819K/7811K, paused 2ms+3ms
D/dalvikvm( 1828): GC_CONCURRENT freed 704K, 64% free 2818K/7811K, paused 2ms+2ms
D/NetUpdate( 2241): progressValue--->0
D/NetUpdate( 2241): mWriteSD--->false
D/NetUpdate( 2241): mBootCheckZipExist--->false
D/dalvikvm( 1828): GC_CONCURRENT freed 704K, 64% free 2818K/7811K, paused 2ms+2ms
D/dalvikvm( 1828): GC_CONCURRENT freed 705K, 64% free 2815K/7811K, paused 2ms+3ms
D/NetUpdate( 2241): progressValue--->0
D/NetUpdate( 2241): mWriteSD--->false
D/NetUpdate( 2241): mBootCheckZipExist--->false
D/NetUpdate( 2241): progressValue--->0
D/NetUpdate( 2241): mWriteSD--->false
D/NetUpdate( 2241): mBootCheckZipExist--->false
D/dalvikvm( 1828): GC_CONCURRENT freed 694K, 64% free 2826K/7811K, paused 3ms+2ms
D/NetUpdate( 2241): progressValue--->0
D/NetUpdate( 2241): mWriteSD--->false
D/NetUpdate( 2241): mBootCheckZipExist--->false
D/NetUpdate( 2241): progressValue--->0
D/NetUpdate( 2241): mWriteSD--->false
D/NetUpdate( 2241): mBootCheckZipExist--->false
D/NetUpdate( 2241): progressValue--->0
D/NetUpdate( 2241): mWriteSD--->false
D/NetUpdate( 2241): mBootCheckZipExist--->false
D/NetUpdate( 2241): progressValue--->0
D/NetUpdate( 2241): mWriteSD--->false
D/NetUpdate( 2241): mBootCheckZipExist--->false
D/NetUpdate( 2241): progressValue--->0
D/NetUpdate( 2241): mWriteSD--->false
D/NetUpdate( 2241): mBootCheckZipExist--->false
D/NetUpdate( 2241): progressValue--->0
D/NetUpdate( 2241): mWriteSD--->false
D/NetUpdate( 2241): mBootCheckZipExist--->false
D/dalvikvm( 1828): GC_CONCURRENT freed 701K, 64% free 2813K/7811K, paused 2ms+3ms
D/HomePlayerLib( 1828): hostaddress count is 1
D/dalvikvm( 1828): GC_CONCURRENT freed 704K, 65% free 2783K/7811K, paused 2ms+2ms
D/dalvikvm( 1828): GC_CONCURRENT freed 653K, 64% free 2830K/7811K, paused 2ms+2ms
D/NetUpdate( 2241): progressValue--->0
D/NetUpdate( 2241): mWriteSD--->false
D/NetUpdate( 2241): mBootCheckZipExist--->false
D/dalvikvm( 1828): GC_CONCURRENT freed 711K, 64% free 2817K/7811K, paused 2ms+2ms
D/dalvikvm( 1828): GC_CONCURRENT freed 692K, 64% free 2834K/7811K, paused 2ms+2ms
D/dalvikvm( 1828): GC_CONCURRENT freed 717K, 64% free 2821K/7811K, paused 1ms+2ms
D/dalvikvm( 1828): GC_CONCURRENT freed 704K, 64% free 2833K/7811K, paused 1ms+3ms
D/NetUpdate( 2241): progressValue--->0
D/NetUpdate( 2241): mWriteSD--->false
D/NetUpdate( 2241): mBootCheckZipExist--->false
D/NetUpdate( 2241): progressValue--->0
D/NetUpdate( 2241): mWriteSD--->false
D/NetUpdate( 2241): mBootCheckZipExist--->false
D/NetUpdate( 2241): progressValue--->0
D/NetUpdate( 2241): mWriteSD--->false
D/NetUpdate( 2241): mBootCheckZipExist--->false
D/NetUpdate( 2241): progressValue--->0
D/NetUpdate( 2241): mWriteSD--->false
D/NetUpdate( 2241): mBootCheckZipExist--->false
D/dalvikvm( 1828): GC_CONCURRENT freed 721K, 64% free 2812K/7811K, paused 2ms+2ms
D/NetUpdate( 2241): progressValue--->0
D/NetUpdate( 2241): mWriteSD--->false
D/NetUpdate( 2241): mBootCheckZipExist--->false
D/NetUpdate( 2241): progressValue--->0
D/NetUpdate( 2241): mWriteSD--->false
D/NetUpdate( 2241): mBootCheckZipExist--->false
D/NetUpdate( 2241): progressValue--->0
D/NetUpdate( 2241): mWriteSD--->false
D/NetUpdate( 2241): mBootCheckZipExist--->false
D/NetUpdate( 2241): progressValue--->0
D/NetUpdate( 2241): mWriteSD--->false
D/NetUpdate( 2241): mBootCheckZipExist--->false
D/NetUpdate( 2241): progressValue--->0
D/NetUpdate( 2241): mWriteSD--->false
D/NetUpdate( 2241): mBootCheckZipExist--->false
D/NetUpdate( 2241): progressValue--->0
D/NetUpdate( 2241): mWriteSD--->false
D/NetUpdate( 2241): mBootCheckZipExist--->false
D/dalvikvm( 1828): GC_CONCURRENT freed 692K, 64% free 2831K/7811K, paused 3ms+2ms
D/HomePlayerLib( 1828): hostaddress count is 1
D/dalvikvm( 1828): GC_CONCURRENT freed 701K, 63% free 2958K/7811K, paused 3ms+3ms
D/dalvikvm( 1828): GC_CONCURRENT freed 883K, 64% free 2825K/7811K, paused 2ms+3ms
D/dalvikvm( 1828): GC_CONCURRENT freed 690K, 64% free 2818K/7811K, paused 3ms+2ms
D/NetUpdate( 2241): progressValue--->0
D/NetUpdate( 2241): mWriteSD--->false
D/NetUpdate( 2241): mBootCheckZipExist--->false
D/dalvikvm( 1828): GC_CONCURRENT freed 703K, 64% free 2815K/7811K, paused 2ms+3ms
D/dalvikvm( 1828): GC_CONCURRENT freed 689K, 63% free 2926K/7811K, paused 2ms+3ms
D/dalvikvm( 1828): GC_CONCURRENT freed 838K, 64% free 2875K/7811K, paused 2ms+3ms
D/dalvikvm( 1828): GC_CONCURRENT freed 760K, 64% free 2819K/7811K, paused 2ms+2ms
D/NetUpdate( 2241): progressValue--->0
D/NetUpdate( 2241): mWriteSD--->false
D/NetUpdate( 2241): mBootCheckZipExist--->false
D/dalvikvm( 1828): GC_CONCURRENT freed 693K, 64% free 2831K/7811K, paused 2ms+3ms
D/dalvikvm( 1828): GC_CONCURRENT freed 720K, 64% free 2818K/7811K, paused 2ms+2ms
D/NetUpdate( 2241): progressValue--->0
D/NetUpdate( 2241): mWriteSD--->false
D/NetUpdate( 2241): mBootCheckZipExist--->false
D/NetUpdate( 2241): progressValue--->0
D/NetUpdate( 2241): mWriteSD--->false
D/NetUpdate( 2241): mBootCheckZipExist--->false
D/NetUpdate( 2241): progressValue--->0
D/NetUpdate( 2241): mWriteSD--->false
D/NetUpdate( 2241): mBootCheckZipExist--->false
D/NetUpdate( 2241): progressValue--->0
D/NetUpdate( 2241): mWriteSD--->false
D/NetUpdate( 2241): mBootCheckZipExist--->false
D/dalvikvm( 1828): GC_CONCURRENT freed 694K, 64% free 2826K/7811K, paused 2ms+2ms
D/NetUpdate( 2241): progressValue--->0
D/NetUpdate( 2241): mWriteSD--->false
D/NetUpdate( 2241): mBootCheckZipExist--->false
D/NetUpdate( 2241): progressValue--->0
D/NetUpdate( 2241): mWriteSD--->false
D/NetUpdate( 2241): mBootCheckZipExist--->false
D/NetUpdate( 2241): progressValue--->0
D/NetUpdate( 2241): mWriteSD--->false
D/NetUpdate( 2241): mBootCheckZipExist--->false
D/NetUpdate( 2241): progressValue--->0
D/NetUpdate( 2241): mWriteSD--->false
D/NetUpdate( 2241): mBootCheckZipExist--->false
D/NetUpdate( 2241): progressValue--->0
D/NetUpdate( 2241): mWriteSD--->false
D/NetUpdate( 2241): mBootCheckZipExist--->false
D/HomePlayerLib( 1828): hostaddress count is 1
D/dalvikvm( 1828): GC_CONCURRENT freed 719K, 64% free 2820K/7811K, paused 2ms+2ms
D/dalvikvm( 1828): GC_CONCURRENT freed 700K, 64% free 2825K/7811K, paused 3ms+2ms
D/dalvikvm( 1828): GC_CONCURRENT freed 707K, 63% free 2942K/7811K, paused 2ms+3ms
D/NetUpdate( 2241): progressValue--->0
D/NetUpdate( 2241): mWriteSD--->false
D/NetUpdate( 2241): mBootCheckZipExist--->false
D/dalvikvm( 1828): GC_CONCURRENT freed 858K, 63% free 2945K/7811K, paused 2ms+2ms
D/dalvikvm( 1828): GC_CONCURRENT freed 869K, 65% free 2795K/7811K, paused 2ms+2ms
D/dalvikvm( 1828): GC_CONCURRENT freed 653K, 64% free 2860K/7811K, paused 1ms+2ms
D/NetUpdate( 2241): progressValue--->0
D/NetUpdate( 2241): mWriteSD--->false
D/NetUpdate( 2241): mBootCheckZipExist--->false
D/NetUpdate( 2241): progressValue--->0
D/NetUpdate( 2241): mWriteSD--->false
D/NetUpdate( 2241): mBootCheckZipExist--->false
D/NetUpdate( 2241): progressValue--->0
D/NetUpdate( 2241): mWriteSD--->false
D/NetUpdate( 2241): mBootCheckZipExist--->false
D/NetUpdate( 2241): progressValue--->0
D/NetUpdate( 2241): mWriteSD--->false
D/NetUpdate( 2241): mBootCheckZipExist--->false
D/dalvikvm( 1828): GC_CONCURRENT freed 745K, 64% free 2819K/7811K, paused 1ms+2ms
D/dalvikvm( 1828): GC_CONCURRENT freed 693K, 64% free 2831K/7811K, paused 1ms+2ms
D/dalvikvm( 1828): GC_CONCURRENT freed 719K, 64% free 2818K/7811K, paused 2ms+2ms
D/NetUpdate( 2241): progressValue--->0
D/NetUpdate( 2241): mWriteSD--->false
D/NetUpdate( 2241): mBootCheckZipExist--->false
D/NetUpdate( 2241): progressValue--->0
D/NetUpdate( 2241): mWriteSD--->false
D/NetUpdate( 2241): mBootCheckZipExist--->false
D/NetUpdate( 2241): progressValue--->0
D/NetUpdate( 2241): mWriteSD--->false
D/NetUpdate( 2241): mBootCheckZipExist--->false
D/dalvikvm( 2241): GC_CONCURRENT freed 4183K, 21% free 31620K/39555K, paused 13ms+4ms
D/NetUpdate( 2241): progressValue--->0
D/NetUpdate( 2241): mWriteSD--->false
D/NetUpdate( 2241): mBootCheckZipExist--->false
D/dalvikvm( 1828): GC_CONCURRENT freed 705K, 64% free 2816K/7811K, paused 2ms+3ms
D/dalvikvm( 1828): GC_CONCURRENT freed 691K, 64% free 2826K/7811K, paused 2ms+2ms
D/dalvikvm( 1828): GC_CONCURRENT freed 705K, 64% free 2826K/7811K, paused 2ms+2ms
D/dalvikvm( 1828): GC_CONCURRENT freed 704K, 64% free 2826K/7811K, paused 2ms+2ms
D/NetUpdate( 2241): progressValue--->0
D/NetUpdate( 2241): mWriteSD--->false
D/NetUpdate( 2241): mBootCheckZipExist--->false
D/CheckNetWork( 1814): isOk true
D/CheckNetWork( 1814): ActInfoNetworkInfo: type: WIFI[], state: CONNECTED/CONNECTED, reason: (unspecified), extra: (none), roaming: false, failover: false, isAvailable: true
D/CheckNetWork( 1814): infoNetworkInfo: type: WIFI[], state: CONNECTED/CONNECTED, reason: (unspecified), extra: (none), roaming: false, failover: false, isAvailable: true
D/NetUpdate( 2241): progressValue--->0
D/NetUpdate( 2241): mWriteSD--->false
D/NetUpdate( 2241): mBootCheckZipExist--->false
D/dalvikvm( 1828): GC_CONCURRENT freed 701K, 64% free 2812K/7811K, paused 2ms+3ms
D/HomePlayerLib( 1828): hostaddress count is 1
D/dalvikvm( 1828): GC_CONCURRENT freed 710K, 64% free 2852K/7811K, paused 2ms+2ms
D/dalvikvm( 1828): GC_CONCURRENT freed 738K, 63% free 2958K/7811K, paused 2ms+2ms
D/dalvikvm( 1828): GC_CONCURRENT freed 867K, 63% free 2943K/7811K, paused 2ms+2ms
D/dalvikvm( 1828): GC_CONCURRENT freed 867K, 65% free 2793K/7811K, paused 2ms+3ms
D/dalvikvm( 1828): GC_CONCURRENT freed 667K, 64% free 2827K/7811K, paused 2ms+3ms
D/NetUpdate( 2241): progressValue--->0
D/NetUpdate( 2241): mWriteSD--->false
D/NetUpdate( 2241): mBootCheckZipExist--->false
D/NetUpdate( 2241): progressValue--->0
D/NetUpdate( 2241): mWriteSD--->false
D/NetUpdate( 2241): mBootCheckZipExist--->false
D/NetUpdate( 2241): progressValue--->0
D/NetUpdate( 2241): mWriteSD--->false
D/NetUpdate( 2241): mBootCheckZipExist--->false
D/NetUpdate( 2241): progressValue--->0
D/NetUpdate( 2241): mWriteSD--->false
D/NetUpdate( 2241): mBootCheckZipExist--->false
D/NetUpdate( 2241): progressValue--->0
D/NetUpdate( 2241): mWriteSD--->false
D/NetUpdate( 2241): mBootCheckZipExist--->false
D/dalvikvm( 1828): GC_CONCURRENT freed 703K, 64% free 2816K/7811K, paused 2ms+2ms
D/NetUpdate( 2241): progressValue--->0
D/NetUpdate( 2241): mWriteSD--->false
D/NetUpdate( 2241): mBootCheckZipExist--->false
D/NetUpdate( 2241): progressValue--->0
D/NetUpdate( 2241): mWriteSD--->false
D/NetUpdate( 2241): mBootCheckZipExist--->false
D/NetUpdate( 2241): progressValue--->0
D/NetUpdate( 2241): mWriteSD--->false
D/NetUpdate( 2241): mBootCheckZipExist--->false
D/NetUpdate( 2241): progressValue--->0
D/NetUpdate( 2241): mWriteSD--->false
D/NetUpdate( 2241): mBootCheckZipExist--->false
D/NetUpdate( 2241): progressValue--->0
D/NetUpdate( 2241): mWriteSD--->false
D/NetUpdate( 2241): mBootCheckZipExist--->false
D/HomePlayerLib( 1828): hostaddress count is 1
D/dalvikvm( 1828): GC_CONCURRENT freed 706K, 63% free 2903K/7811K, paused 2ms+2ms
D/dalvikvm( 1828): GC_CONCURRENT freed 808K, 64% free 2816K/7811K, paused 2ms+2ms
D/dalvikvm( 1828): GC_CONCURRENT freed 690K, 65% free 2802K/7811K, paused 1ms+2ms
D/NetUpdate( 2241): progressValue--->0
D/NetUpdate( 2241): mWriteSD--->false
D/NetUpdate( 2241): mBootCheckZipExist--->false
D/dalvikvm( 1828): GC_CONCURRENT freed 677K, 63% free 2920K/7811K, paused 1ms+3ms
D/dalvikvm( 1828): GC_CONCURRENT freed 838K, 64% free 2815K/7811K, paused 2ms+2ms
D/NetUpdate( 2241): progressValue--->0
D/NetUpdate( 2241): mWriteSD--->false
D/NetUpdate( 2241): mBootCheckZipExist--->false
D/NetUpdate( 2241): progressValue--->0
D/NetUpdate( 2241): mWriteSD--->false
D/NetUpdate( 2241): mBootCheckZipExist--->false
D/dalvikvm( 1828): GC_CONCURRENT freed 696K, 64% free 2825K/7811K, paused 2ms+3ms
D/NetUpdate( 2241): progressValue--->0
D/NetUpdate( 2241): mWriteSD--->false
D/NetUpdate( 2241): mBootCheckZipExist--->false
D/dalvikvm( 1828): GC_CONCURRENT freed 706K, 64% free 2825K/7811K, paused 3ms+2ms
D/NetUpdate( 2241): progressValue--->0
D/NetUpdate( 2241): mWriteSD--->false
D/NetUpdate( 2241): mBootCheckZipExist--->false
D/dalvikvm( 1828): GC_CONCURRENT freed 715K, 65% free 2796K/7811K, paused 2ms+2ms
D/NetUpdate( 2241): progressValue--->0
D/NetUpdate( 2241): mWriteSD--->false
D/NetUpdate( 2241): mBootCheckZipExist--->false
D/dalvikvm( 1828): GC_CONCURRENT freed 666K, 63% free 2918K/7811K, paused 2ms+3ms
D/dalvikvm( 1828): GC_CONCURRENT freed 827K, 64% free 2860K/7811K, paused 2ms+2ms
D/NetUpdate( 2241): progressValue--->0
D/NetUpdate( 2241): mWriteSD--->false
D/NetUpdate( 2241): mBootCheckZipExist--->false
D/NetUpdate( 2241): progressValue--->0
D/NetUpdate( 2241): mWriteSD--->false
D/NetUpdate( 2241): mBootCheckZipExist--->false
D/NetUpdate( 2241): progressValue--->0
D/NetUpdate( 2241): mWriteSD--->false
D/NetUpdate( 2241): mBootCheckZipExist--->false
D/NetUpdate( 2241): progressValue--->0
D/NetUpdate( 2241): mWriteSD--->false
D/NetUpdate( 2241): mBootCheckZipExist--->false
D/HomePlayerLib( 1828): hostaddress count is 1
D/dalvikvm( 1828): GC_CONCURRENT freed 762K, 63% free 2907K/7811K, paused 2ms+2ms
D/dalvikvm( 1828): GC_CONCURRENT freed 820K, 63% free 2916K/7811K, paused 2ms+2ms
D/dalvikvm( 1828): GC_CONCURRENT freed 827K, 65% free 2804K/7811K, paused 2ms+2ms
D/dalvikvm( 1828): GC_CONCURRENT freed 677K, 64% free 2826K/7811K, paused 2ms+3ms
D/NetUpdate( 2241): progressValue--->0
D/NetUpdate( 2241): mWriteSD--->false
D/NetUpdate( 2241): mBootCheckZipExist--->false
D/dalvikvm( 1828): GC_CONCURRENT freed 707K, 63% free 2913K/7811K, paused 2ms+2ms
D/NetUpdate( 2241): progressValue--->0
D/NetUpdate( 2241): mWriteSD--->false
D/NetUpdate( 2241): mBootCheckZipExist--->false
D/NetUpdate( 2241): progressValue--->0
D/NetUpdate( 2241): mWriteSD--->false
D/NetUpdate( 2241): mBootCheckZipExist--->false
D/dalvikvm( 1828): GC_CONCURRENT freed 830K, 65% free 2789K/7811K, paused 2ms+3ms
D/NetUpdate( 2241): progressValue--->0
D/NetUpdate( 2241): mWriteSD--->false
D/NetUpdate( 2241): mBootCheckZipExist--->false
D/dalvikvm( 1828): GC_CONCURRENT freed 660K, 64% free 2812K/7811K, paused 3ms+3ms
D/NetUpdate( 2241): progressValue--->0
D/NetUpdate( 2241): mWriteSD--->false
D/NetUpdate( 2241): mBootCheckZipExist--->false
D/NetUpdate( 2241): progressValue--->0
D/NetUpdate( 2241): mWriteSD--->false
D/NetUpdate( 2241): mBootCheckZipExist--->false
D/NetUpdate( 2241): progressValue--->0
D/NetUpdate( 2241): mWriteSD--->false
D/NetUpdate( 2241): mBootCheckZipExist--->false
D/NetUpdate( 2241): progressValue--->0
D/NetUpdate( 2241): mWriteSD--->false
D/NetUpdate( 2241): mBootCheckZipExist--->false
D/NetUpdate( 2241): progressValue--->0
D/NetUpdate( 2241): mWriteSD--->false
D/NetUpdate( 2241): mBootCheckZipExist--->false
D/NetUpdate( 2241): progressValue--->0
D/NetUpdate( 2241): mWriteSD--->false
D/NetUpdate( 2241): mBootCheckZipExist--->false
D/HomePlayerLib( 1828): hostaddress count is 1
D/dalvikvm( 1828): GC_CONCURRENT freed 703K, 64% free 2879K/7811K, paused 2ms+2ms
D/NetUpdate( 2241): progressValue--->0
D/NetUpdate( 2241): mWriteSD--->false
D/NetUpdate( 2241): mBootCheckZipExist--->false
D/dalvikvm( 1828): GC_CONCURRENT freed 770K, 63% free 2932K/7811K, paused 2ms+2ms
D/dalvikvm( 1828): GC_CONCURRENT freed 849K, 63% free 2919K/7811K, paused 2ms+2ms
D/dalvikvm( 1828): GC_CONCURRENT freed 836K, 65% free 2805K/7811K, paused 2ms+2ms
D/dalvikvm( 1828): GC_CONCURRENT freed 684K, 64% free 2820K/7811K, paused 1ms+2ms
D/NetUpdate( 2241): progressValue--->0
D/NetUpdate( 2241): mWriteSD--->false
D/NetUpdate( 2241): mBootCheckZipExist--->false
D/NetUpdate( 2241): progressValue--->0
D/NetUpdate( 2241): mWriteSD--->false
D/NetUpdate( 2241): mBootCheckZipExist--->false
D/NetUpdate( 2241): progressValue--->0
D/NetUpdate( 2241): mWriteSD--->false
D/NetUpdate( 2241): mBootCheckZipExist--->false
D/dalvikvm( 1828): GC_CONCURRENT freed 707K, 64% free 2813K/7811K, paused 2ms+2ms
D/NetUpdate( 2241): progressValue--->0
D/NetUpdate( 2241): mWriteSD--->false
D/NetUpdate( 2241): mBootCheckZipExist--->false
D/dalvikvm( 1828): GC_CONCURRENT freed 692K, 64% free 2831K/7811K, paused 2ms+2ms
D/dalvikvm( 1828): GC_CONCURRENT freed 719K, 64% free 2818K/7811K, paused 2ms+2ms
D/dalvikvm( 1828): GC_CONCURRENT freed 703K, 64% free 2818K/7811K, paused 2ms+2ms
D/dalvikvm( 1828): GC_CONCURRENT freed 704K, 64% free 2818K/7811K, paused 2ms+2ms
D/dalvikvm( 1828): GC_CONCURRENT freed 705K, 64% free 2818K/7811K, paused 2ms+3ms
D/NetUpdate( 2241): progressValue--->0
D/NetUpdate( 2241): mWriteSD--->false
D/NetUpdate( 2241): mBootCheckZipExist--->false
D/NetUpdate( 2241): progressValue--->0
D/NetUpdate( 2241): mWriteSD--->false
D/NetUpdate( 2241): mBootCheckZipExist--->false
D/NetUpdate( 2241): progressValue--->0
D/NetUpdate( 2241): mWriteSD--->false
D/NetUpdate( 2241): mBootCheckZipExist--->false
D/NetUpdate( 2241): progressValue--->0
D/NetUpdate( 2241): mWriteSD--->false
D/NetUpdate( 2241): mBootCheckZipExist--->false
D/NetUpdate( 2241): progressValue--->0
D/NetUpdate( 2241): mWriteSD--->false
D/NetUpdate( 2241): mBootCheckZipExist--->false
D/HomePlayerLib( 1828): hostaddress count is 1
D/dalvikvm( 1828): GC_CONCURRENT freed 708K, 64% free 2820K/7811K, paused 2ms+3ms
D/dalvikvm( 1828): GC_CONCURRENT freed 710K, 64% free 2848K/7811K, paused 2ms+3ms
D/NetUpdate( 2241): progressValue--->0
D/NetUpdate( 2241): mWriteSD--->false
D/NetUpdate( 2241): mBootCheckZipExist--->false
D/dalvikvm( 1828): GC_CONCURRENT freed 718K, 64% free 2817K/7811K, paused 2ms+2ms
D/dalvikvm( 1828): GC_CONCURRENT freed 692K, 64% free 2827K/7811K, paused 2ms+2ms
D/dalvikvm( 1828): GC_CONCURRENT freed 716K, 65% free 2810K/7811K, paused 2ms+2ms
D/NetUpdate( 2241): progressValue--->0
D/NetUpdate( 2241): mWriteSD--->false
D/NetUpdate( 2241): mBootCheckZipExist--->false
D/NetUpdate( 2241): progressValue--->0
D/NetUpdate( 2241): mWriteSD--->false
D/NetUpdate( 2241): mBootCheckZipExist--->false
D/dalvikvm( 1828): GC_CONCURRENT freed 693K, 64% free 2822K/7811K, paused 2ms+2ms
D/NetUpdate( 2241): progressValue--->0
D/NetUpdate( 2241): mWriteSD--->false
D/NetUpdate( 2241): mBootCheckZipExist--->false
D/dalvikvm( 1828): GC_CONCURRENT freed 703K, 64% free 2826K/7811K, paused 2ms+2ms
D/NetUpdate( 2241): progressValue--->0
D/NetUpdate( 2241): mWriteSD--->false
D/NetUpdate( 2241): mBootCheckZipExist--->false
D/NetUpdate( 2241): progressValue--->0
D/NetUpdate( 2241): mWriteSD--->false
D/NetUpdate( 2241): mBootCheckZipExist--->false
D/NetUpdate( 2241): progressValue--->0
D/NetUpdate( 2241): mWriteSD--->false
D/NetUpdate( 2241): mBootCheckZipExist--->false
D/NetUpdate( 2241): progressValue--->0
D/NetUpdate( 2241): mWriteSD--->false
D/NetUpdate( 2241): mBootCheckZipExist--->false
D/NetUpdate( 2241): progressValue--->0
D/NetUpdate( 2241): mWriteSD--->false
D/NetUpdate( 2241): mBootCheckZipExist--->false
D/NetUpdate( 2241): progressValue--->0
D/NetUpdate( 2241): mWriteSD--->false
D/NetUpdate( 2241): mBootCheckZipExist--->false
D/NetUpdate( 2241): progressValue--->0
D/NetUpdate( 2241): mWriteSD--->false
D/NetUpdate( 2241): mBootCheckZipExist--->false
D/dalvikvm( 1828): GC_CONCURRENT freed 702K, 65% free 2810K/7811K, paused 2ms+2ms
D/HomePlayerLib( 1828): hostaddress count is 1
D/dalvikvm( 1828): GC_CONCURRENT freed 699K, 64% free 2821K/7811K, paused 2ms+2ms
D/dalvikvm( 1828): GC_CONCURRENT freed 686K, 64% free 2814K/7811K, paused 2ms+3ms
D/dalvikvm( 1828): GC_CONCURRENT freed 688K, 64% free 2827K/7811K, paused 2ms+3ms
D/dalvikvm( 1828): GC_CONCURRENT freed 793K, 64% free 2839K/7811K, paused 1ms+2ms
D/NetUpdate( 2241): progressValue--->0
D/NetUpdate( 2241): mWriteSD--->false
D/NetUpdate( 2241): mBootCheckZipExist--->false
D/dalvikvm( 1828): GC_CONCURRENT freed 724K, 64% free 2815K/7811K, paused 2ms+3ms
D/NetUpdate( 2241): progressValue--->0
D/NetUpdate( 2241): mWriteSD--->false
D/NetUpdate( 2241): mBootCheckZipExist--->false
D/NetUpdate( 2241): progressValue--->0
D/NetUpdate( 2241): mWriteSD--->false
D/NetUpdate( 2241): mBootCheckZipExist--->false
D/NetUpdate( 2241): progressValue--->0
D/NetUpdate( 2241): mWriteSD--->false
D/NetUpdate( 2241): mBootCheckZipExist--->false
D/dalvikvm( 1828): GC_CONCURRENT freed 694K, 65% free 2799K/7811K, paused 2ms+2ms
D/dalvikvm( 1828): GC_CONCURRENT freed 677K, 63% free 2918K/7811K, paused 1ms+2ms
D/dalvikvm( 1828): GC_CONCURRENT freed 827K, 64% free 2814K/7811K, paused 2ms+2ms
D/dalvikvm( 1828): GC_CONCURRENT freed 691K, 65% free 2799K/7811K, paused 2ms+2ms
D/dalvikvm( 1828): GC_CONCURRENT freed 678K, 65% free 2812K/7811K, paused 2ms+3ms
D/dalvikvm( 1828): GC_CONCURRENT freed 690K, 65% free 2799K/7811K, paused 3ms+2ms
D/CheckNetWork( 1814): isOk true
D/CheckNetWork( 1814): ActInfoNetworkInfo: type: WIFI[], state: CONNECTED/CONNECTED, reason: (unspecified), extra: (none), roaming: false, failover: false, isAvailable: true
D/CheckNetWork( 1814): infoNetworkInfo: type: WIFI[], state: CONNECTED/CONNECTED, reason: (unspecified), extra: (none), roaming: false, failover: false, isAvailable: true
D/dalvikvm( 1828): GC_CONCURRENT freed 677K, 64% free 2812K/7811K, paused 2ms+2ms
D/NetUpdate( 2241): progressValue--->0
D/NetUpdate( 2241): mWriteSD--->false
D/NetUpdate( 2241): mBootCheckZipExist--->false
D/dalvikvm( 1828): GC_CONCURRENT freed 692K, 64% free 2825K/7811K, paused 2ms+3ms
D/NetUpdate( 2241): progressValue--->0
D/NetUpdate( 2241): mWriteSD--->false
D/NetUpdate( 2241): mBootCheckZipExist--->false
D/NetUpdate( 2241): progressValue--->0
D/NetUpdate( 2241): mWriteSD--->false
D/NetUpdate( 2241): mBootCheckZipExist--->false
D/NetUpdate( 2241): progressValue--->0
D/NetUpdate( 2241): mWriteSD--->false
D/NetUpdate( 2241): mBootCheckZipExist--->false
D/NetUpdate( 2241): progressValue--->0
D/NetUpdate( 2241): mWriteSD--->false
D/NetUpdate( 2241): mBootCheckZipExist--->false
D/NetUpdate( 2241): progressValue--->0
D/NetUpdate( 2241): mWriteSD--->false
D/NetUpdate( 2241): mBootCheckZipExist--->false
D/HomePlayerLib( 1828): hostaddress count is 1
D/dalvikvm( 1828): GC_CONCURRENT freed 712K, 64% free 2820K/7811K, paused 2ms+3ms
D/dalvikvm( 1828): GC_CONCURRENT freed 700K, 64% free 2824K/7811K, paused 2ms+2ms
D/dalvikvm( 1828): GC_CONCURRENT freed 738K, 63% free 2917K/7811K, paused 2ms+3ms
D/dalvikvm( 1828): GC_CONCURRENT freed 830K, 64% free 2851K/7811K, paused 2ms+2ms
D/dalvikvm( 1828): GC_CONCURRENT freed 729K, 64% free 2817K/7811K, paused 2ms+2ms
D/dalvikvm( 1828): GC_CONCURRENT freed 696K, 64% free 2826K/7811K, paused 2ms+3ms
D/NetUpdate( 2241): progressValue--->0
D/NetUpdate( 2241): mWriteSD--->false
D/NetUpdate( 2241): mBootCheckZipExist--->false
D/NetUpdate( 2241): progressValue--->0
D/NetUpdate( 2241): mWriteSD--->false
D/NetUpdate( 2241): mBootCheckZipExist--->false
D/NetUpdate( 2241): progressValue--->0
D/NetUpdate( 2241): mWriteSD--->false
D/NetUpdate( 2241): mBootCheckZipExist--->false
D/dalvikvm( 1828): GC_CONCURRENT freed 702K, 64% free 2814K/7811K, paused 2ms+2ms
D/NetUpdate( 2241): progressValue--->0
D/NetUpdate( 2241): mWriteSD--->false
D/NetUpdate( 2241): mBootCheckZipExist--->false
D/NetUpdate( 2241): progressValue--->0
D/NetUpdate( 2241): mWriteSD--->false
D/NetUpdate( 2241): mBootCheckZipExist--->false
D/NetUpdate( 2241): progressValue--->0
D/NetUpdate( 2241): mWriteSD--->false
D/NetUpdate( 2241): mBootCheckZipExist--->false
D/NetUpdate( 2241): progressValue--->0
D/NetUpdate( 2241): mWriteSD--->false
D/NetUpdate( 2241): mBootCheckZipExist--->false
D/NetUpdate( 2241): progressValue--->0
D/NetUpdate( 2241): mWriteSD--->false
D/NetUpdate( 2241): mBootCheckZipExist--->false
D/NetUpdate( 2241): progressValue--->0
D/NetUpdate( 2241): mWriteSD--->false
D/NetUpdate( 2241): mBootCheckZipExist--->false
D/NetUpdate( 2241): progressValue--->0
D/NetUpdate( 2241): mWriteSD--->false
D/NetUpdate( 2241): mBootCheckZipExist--->false
D/HomePlayerLib( 1828): hostaddress count is 1
D/dalvikvm( 1828): GC_CONCURRENT freed 705K, 64% free 2820K/7811K, paused 2ms+2ms
D/NetUpdate( 2241): progressValue--->0
D/NetUpdate( 2241): mWriteSD--->false
D/NetUpdate( 2241): mBootCheckZipExist--->false
D/dalvikvm( 1828): GC_CONCURRENT freed 710K, 65% free 2803K/7811K, paused 2ms+2ms
D/dalvikvm( 1828): GC_CONCURRENT freed 683K, 65% free 2793K/7811K, paused 2ms+3ms
D/dalvikvm( 1828): GC_CONCURRENT freed 671K, 64% free 2832K/7811K, paused 2ms+2ms
D/dalvikvm( 1828): GC_CONCURRENT freed 721K, 64% free 2818K/7811K, paused 2ms+2ms
D/dalvikvm( 1828): GC_CONCURRENT freed 694K, 65% free 2800K/7811K, paused 2ms+2ms
D/NetUpdate( 2241): progressValue--->0
D/NetUpdate( 2241): mWriteSD--->false
D/NetUpdate( 2241): mBootCheckZipExist--->false
D/dalvikvm( 1828): GC_CONCURRENT freed 677K, 64% free 2812K/7811K, paused 2ms+3ms
D/NetUpdate( 2241): progressValue--->0
D/NetUpdate( 2241): mWriteSD--->false
D/NetUpdate( 2241): mBootCheckZipExist--->false
D/dalvikvm( 1828): GC_CONCURRENT freed 690K, 64% free 2872K/7811K, paused 2ms+2ms
D/dalvikvm( 1828): GC_CONCURRENT freed 758K, 64% free 2819K/7811K, paused 1ms+2ms
D/dalvikvm( 1828): GC_CONCURRENT freed 705K, 64% free 2813K/7811K, paused 2ms+3ms
D/NetUpdate( 2241): progressValue--->0
D/NetUpdate( 2241): mWriteSD--->false
D/NetUpdate( 2241): mBootCheckZipExist--->false
D/dalvikvm( 1828): GC_CONCURRENT freed 691K, 64% free 2825K/7811K, paused 2ms+2ms
D/dalvikvm( 1828): GC_CONCURRENT freed 706K, 65% free 2800K/7811K, paused 1ms+2ms
D/NetUpdate( 2241): progressValue--->0
D/NetUpdate( 2241): mWriteSD--->false
D/NetUpdate( 2241): mBootCheckZipExist--->false
D/NetUpdate( 2241): progressValue--->0
D/NetUpdate( 2241): mWriteSD--->false
D/NetUpdate( 2241): mBootCheckZipExist--->false
D/NetUpdate( 2241): progressValue--->0
D/NetUpdate( 2241): mWriteSD--->false
D/NetUpdate( 2241): mBootCheckZipExist--->false
D/NetUpdate( 2241): progressValue--->0
D/NetUpdate( 2241): mWriteSD--->false
D/NetUpdate( 2241): mBootCheckZipExist--->false
D/NetUpdate( 2241): progressValue--->0
D/NetUpdate( 2241): mWriteSD--->false
D/NetUpdate( 2241): mBootCheckZipExist--->false
D/NetUpdate( 2241): progressValue--->0
D/NetUpdate( 2241): mWriteSD--->false
D/NetUpdate( 2241): mBootCheckZipExist--->false
D/dalvikvm( 1828): GC_CONCURRENT freed 661K, 65% free 2811K/7811K, paused 2ms+2ms
D/HomePlayerLib( 1828): hostaddress count is 1
D/dalvikvm( 1828): GC_CONCURRENT freed 698K, 64% free 2822K/7811K, paused 2ms+3ms
D/dalvikvm( 1828): GC_CONCURRENT freed 694K, 64% free 2867K/7811K, paused 2ms+2ms
D/dalvikvm( 1828): GC_CONCURRENT freed 768K, 63% free 2913K/7811K, paused 1ms+2ms
D/dalvikvm( 1828): GC_CONCURRENT freed 812K, 63% free 2919K/7811K, paused 2ms+2ms
D/NetUpdate( 2241): progressValue--->0
D/NetUpdate( 2241): mWriteSD--->false
D/NetUpdate( 2241): mBootCheckZipExist--->false
D/dalvikvm( 1828): GC_CONCURRENT freed 829K, 64% free 2813K/7811K, paused 2ms+2ms
D/NetUpdate( 2241): progressValue--->0
D/NetUpdate( 2241): mWriteSD--->false
D/NetUpdate( 2241): mBootCheckZipExist--->false
D/NetUpdate( 2241): progressValue--->0
D/NetUpdate( 2241): mWriteSD--->false
D/NetUpdate( 2241): mBootCheckZipExist--->false
D/dalvikvm( 1828): GC_CONCURRENT freed 694K, 64% free 2826K/7811K, paused 2ms+3ms
D/NetUpdate( 2241): progressValue--->0
D/NetUpdate( 2241): mWriteSD--->false
D/NetUpdate( 2241): mBootCheckZipExist--->false
D/NetUpdate( 2241): progressValue--->0
D/NetUpdate( 2241): mWriteSD--->false
D/NetUpdate( 2241): mBootCheckZipExist--->false
D/NetUpdate( 2241): progressValue--->0
D/NetUpdate( 2241): mWriteSD--->false
D/NetUpdate( 2241): mBootCheckZipExist--->false
D/NetUpdate( 2241): progressValue--->0
D/NetUpdate( 2241): mWriteSD--->false
D/NetUpdate( 2241): mBootCheckZipExist--->false
D/NetUpdate( 2241): progressValue--->0
D/NetUpdate( 2241): mWriteSD--->false
D/NetUpdate( 2241): mBootCheckZipExist--->false
D/NetUpdate( 2241): progressValue--->0
D/NetUpdate( 2241): mWriteSD--->false
D/NetUpdate( 2241): mBootCheckZipExist--->false
D/NetUpdate( 2241): progressValue--->0
D/NetUpdate( 2241): mWriteSD--->false
D/NetUpdate( 2241): mBootCheckZipExist--->false
D/dalvikvm( 1828): GC_CONCURRENT freed 701K, 64% free 2812K/7811K, paused 3ms+3ms
D/HomePlayerLib( 1828): hostaddress count is 1
D/dalvikvm( 1828): GC_CONCURRENT freed 699K, 64% free 2821K/7811K, paused 2ms+2ms
D/dalvikvm( 1828): GC_CONCURRENT freed 685K, 64% free 2823K/7811K, paused 2ms+2ms
D/dalvikvm( 1828): GC_CONCURRENT freed 702K, 64% free 2815K/7811K, paused 2ms+3ms
D/dalvikvm( 1828): GC_CONCURRENT freed 699K, 65% free 2803K/7811K, paused 2ms+3ms
D/dalvikvm( 1828): GC_CONCURRENT freed 683K, 64% free 2813K/7811K, paused 2ms+2ms
D/NetUpdate( 2241): progressValue--->0
D/NetUpdate( 2241): mWriteSD--->false
D/NetUpdate( 2241): mBootCheckZipExist--->false
D/dalvikvm( 1828): GC_CONCURRENT freed 690K, 64% free 2825K/7811K, paused 2ms+3ms
D/dalvikvm( 1828): GC_CONCURRENT freed 705K, 64% free 2825K/7811K, paused 2ms+2ms
D/dalvikvm( 1828): GC_CONCURRENT freed 759K, 64% free 2869K/7811K, paused 2ms+3ms
D/NetUpdate( 2241): progressValue--->0
D/NetUpdate( 2241): mWriteSD--->false
D/NetUpdate( 2241): mBootCheckZipExist--->false
D/dalvikvm( 1828): GC_CONCURRENT freed 772K, 64% free 2832K/7811K, paused 2ms+2ms
D/dalvikvm( 1828): GC_CONCURRENT freed 718K, 64% free 2813K/7811K, paused 2ms+2ms
D/dalvikvm( 1828): GC_CONCURRENT freed 693K, 64% free 2831K/7811K, paused 2ms+3ms
D/NetUpdate( 2241): progressValue--->0
D/NetUpdate( 2241): mWriteSD--->false
D/NetUpdate( 2241): mBootCheckZipExist--->false
D/NetUpdate( 2241): progressValue--->0
D/NetUpdate( 2241): mWriteSD--->false
D/NetUpdate( 2241): mBootCheckZipExist--->false
D/NetUpdate( 2241): progressValue--->0
D/NetUpdate( 2241): mWriteSD--->false
D/NetUpdate( 2241): mBootCheckZipExist--->false
D/NetUpdate( 2241): progressValue--->0
D/NetUpdate( 2241): mWriteSD--->false
D/NetUpdate( 2241): mBootCheckZipExist--->false
D/NetUpdate( 2241): progressValue--->0
D/NetUpdate( 2241): mWriteSD--->false
D/NetUpdate( 2241): mBootCheckZipExist--->false
D/NetUpdate( 2241): progressValue--->0
D/NetUpdate( 2241): mWriteSD--->false
D/NetUpdate( 2241): mBootCheckZipExist--->false
D/NetUpdate( 2241): progressValue--->0
D/NetUpdate( 2241): mWriteSD--->false
D/NetUpdate( 2241): mBootCheckZipExist--->false
D/dalvikvm( 1828): GC_CONCURRENT freed 702K, 64% free 2816K/7811K, paused 2ms+2ms
D/NetUpdate( 2241): progressValue--->0
D/NetUpdate( 2241): mWriteSD--->false
D/NetUpdate( 2241): mBootCheckZipExist--->false
D/PushMsgCenter( 1784): mDownUpRun run while (true)
D/PushMsgCenter( 1784): down  
D/HomePlayerLib( 1828): hostaddress count is 1
D/dalvikvm( 1828): GC_CONCURRENT freed 706K, 65% free 2795K/7811K, paused 2ms+2ms
D/dalvikvm( 1828): GC_CONCURRENT freed 664K, 64% free 2815K/7811K, paused 2ms+3ms
D/dalvikvm( 1225): GC_CONCURRENT freed 812K, 61% free 2997K/7555K, paused 1ms+3ms
