D/StatusBar.NetworkController(  250): ------------------EthernetManager is on 13-13-13-13-13-13----------
D/StatusBar.NetworkController(  250): ------------------EthernetManager is on ----------
D/StatusBar.NetworkController(  250): ------------------getLinkStatus ----------
D/StatusBar.NetworkController(  250): ------------------mEthernetConnected is  ----------false
D/StatusBar.NetworkController(  250): ------------------EthernetManager is on 11-11-11-11-11----------
D/StatusBar.NetworkController(  250): ------------------EthernetManager is on 13-13-13-13-13-13----------
D/StatusBar.NetworkController(  250): ------------------EthernetManager is on ----------
D/StatusBar.NetworkController(  250): ------------------getLinkStatus ----------
D/StatusBar.NetworkController(  250): ------------------mEthernetConnected is  ----------false
D/StatusBar.NetworkController(  250): ------------------EthernetManager is on 11-11-11-11-11----------
D/StatusBar.NetworkController(  250): ------------------EthernetManager is on 13-13-13-13-13-13----------
D/StatusBar.NetworkController(  250): ------------------EthernetManager is on ----------
D/StatusBar.NetworkController(  250): ------------------getLinkStatus ----------
D/StatusBar.NetworkController(  250): ------------------mEthernetConnected is  ----------false
D/StatusBar.NetworkController(  250): ------------------EthernetManager is on 11-11-11-11-11----------
D/StatusBar.NetworkController(  250): ------------------EthernetManager is on 13-13-13-13-13-13----------
D/StatusBar.NetworkController(  250): ------------------EthernetManager is on ----------
D/StatusBar.NetworkController(  250): ------------------getLinkStatus ----------
D/StatusBar.NetworkController(  250): ------------------mEthernetConnected is  ----------false
D/StatusBar.NetworkController(  250): ------------------EthernetManager is on 11-11-11-11-11----------
D/StatusBar.NetworkController(  250): ------------------EthernetManager is on 13-13-13-13-13-13----------
D/StatusBar.NetworkController(  250): ------------------EthernetManager is on ----------
D/StatusBar.NetworkController(  250): ------------------getLinkStatus ----------
D/StatusBar.NetworkController(  250): ------------------mEthernetConnected is  ----------false
D/StatusBar.NetworkController(  250): ------------------EthernetManager is on 11-11-11-11-11----------
D/StatusBar.NetworkController(  250): ------------------EthernetManager is on 13-13-13-13-13-13----------
D/StatusBar.NetworkController(  250): ------------------EthernetManager is on ----------
D/StatusBar.NetworkController(  250): ------------------getLinkStatus ----------
D/StatusBar.NetworkController(  250): ------------------mEthernetConnected is  ----------false
D/StatusBar.NetworkController(  250): ------------------EthernetManager is on 11-11-11-11-11----------
D/StatusBar.NetworkController(  250): ------------------EthernetManager is on 13-13-13-13-13-13----------
D/StatusBar.NetworkController(  250): ------------------EthernetManager is on ----------
D/StatusBar.NetworkController(  250): ------------------getLinkStatus ----------
D/StatusBar.NetworkController(  250): ------------------mEthernetConnected is  ----------false
D/StatusBar.NetworkController(  250): ------------------EthernetManager is on 11-11-11-11-11----------
D/StatusBar.NetworkController(  250): ------------------EthernetManager is on 13-13-13-13-13-13----------
D/StatusBar.NetworkController(  250): ------------------EthernetManager is on ----------
D/StatusBar.NetworkController(  250): ------------------getLinkStatus ----------
D/StatusBar.NetworkController(  250): ------------------mEthernetConnected is  ----------false
D/StatusBar.NetworkController(  250): ------------------EthernetManager is on 11-11-11-11-11----------
D/StatusBar.NetworkController(  250): ------------------EthernetManager is on 13-13-13-13-13-13----------
D/StatusBar.NetworkController(  250): ------------------EthernetManager is on ----------
D/StatusBar.NetworkController(  250): ------------------getLinkStatus ----------
D/StatusBar.NetworkController(  250): ------------------mEthernetConnected is  ----------false
D/StatusBar.NetworkController(  250): ------------------EthernetManager is on 11-11-11-11-11----------
D/StatusBar.NetworkController(  250): ------------------EthernetManager is on 13-13-13-13-13-13----------
D/StatusBar.NetworkController(  250): ------------------EthernetManager is on ----------
D/StatusBar.NetworkController(  250): ------------------getLinkStatus ----------
D/StatusBar.NetworkController(  250): ------------------mEthernetConnected is  ----------false
D/StatusBar.NetworkController(  250): ------------------EthernetManager is on 11-11-11-11-11----------
D/StatusBar.NetworkController(  250): ------------------EthernetManager is on 13-13-13-13-13-13----------
D/StatusBar.NetworkController(  250): ------------------EthernetManager is on ----------
D/StatusBar.NetworkController(  250): ------------------getLinkStatus ----------
D/StatusBar.NetworkController(  250): ------------------mEthernetConnected is  ----------false
D/StatusBar.NetworkController(  250): ------------------EthernetManager is on 11-11-11-11-11----------
D/StatusBar.NetworkController(  250): ------------------EthernetManager is on 13-13-13-13-13-13----------
--------- beginning of /dev/log/main
V/MediaPlayer(  748): getCurrentPosition
V/MediaPlayerService(   90): getCurrentPosition
I/        (   90): CmpbHttpLiveStreaming::getCurrentPosition!
I/        (   90): CmpbHttpLiveStreaming::getCurrentPosition(return 0) exit!
V/MediaPlayerService(   90): [4] getCurrentPosition = 0
D/dalvikvm(  779): GC_CONCURRENT freed 468K, 12% free 5765K/6535K, paused 0ms+2ms
V/MediaPlayer(  748): getCurrentPosition
V/MediaPlayerService(   90): getCurrentPosition
I/        (   90): CmpbHttpLiveStreaming::getCurrentPosition!
I/        (   90): CmpbHttpLiveStreaming::getCurrentPosition(return 0) exit!
V/MediaPlayerService(   90): [4] getCurrentPosition = 0
D/StatusBar.NetworkController(  250): ------------------EthernetManager is on ----------
D/StatusBar.NetworkController(  250): ------------------getLinkStatus ----------
D/StatusBar.NetworkController(  250): ------------------mEthernetConnected is  ----------false
D/StatusBar.NetworkController(  250): ------------------EthernetManager is on 11-11-11-11-11----------
D/StatusBar.NetworkController(  250): ------------------EthernetManager is on 13-13-13-13-13-13----------
D/StateMachine(  152): handleMessage: E msg.what=131155
D/StateMachine(  152): processMsg: ConnectedState
D/WifiStateMachine(  152): ConnectedState{ what=131155 when=-3ms arg1=18 }
D/WifiHW  (  152): send cmd is SIGNAL_POLL 
D/StateMachine(  152): handleMessage: X
D/dalvikvm(  779): GC_CONCURRENT freed 484K, 13% free 5748K/6535K, paused 0ms+2ms
D/dalvikvm(  779): GC_CONCURRENT freed 480K, 12% free 5758K/6535K, paused 0ms+2ms
V/MediaPlayer(  748): getCurrentPosition
V/MediaPlayerService(   90): getCurrentPosition
I/        (   90): CmpbHttpLiveStreaming::getCurrentPosition!
I/        (   90): CmpbHttpLiveStreaming::getCurrentPosition(return 0) exit!
V/MediaPlayerService(   90): [4] getCurrentPosition = 0
D/StatusBar.NetworkController(  250): ------------------EthernetManager is on ----------
D/StatusBar.NetworkController(  250): ------------------getLinkStatus ----------
D/StatusBar.NetworkController(  250): ------------------mEthernetConnected is  ----------false
D/StatusBar.NetworkController(  250): ------------------EthernetManager is on 11-11-11-11-11----------
D/StatusBar.NetworkController(  250): ------------------EthernetManager is on 13-13-13-13-13-13----------
V/MediaPlayer(  748): getCurrentPosition
V/MediaPlayerService(   90): getCurrentPosition
I/        (   90): CmpbHttpLiveStreaming::getCurrentPosition!
I/        (   90): CmpbHttpLiveStreaming::getCurrentPosition(return 0) exit!
V/MediaPlayerService(   90): [4] getCurrentPosition = 0
V/MediaPlayer(  748): getCurrentPosition
V/MediaPlayerService(   90): getCurrentPosition
I/        (   90): CmpbHttpLiveStreaming::getCurrentPosition!
I/        (   90): CmpbHttpLiveStreaming::getCurrentPosition(return 0) exit!
V/MediaPlayerService(   90): [4] getCurrentPosition = 0
D/dalvikvm(  779): GC_CONCURRENT freed 426K, 13% free 5748K/6535K, paused 0ms+1ms
D/StatusBar.NetworkController(  250): ------------------EthernetManager is on ----------
D/StatusBar.NetworkController(  250): ------------------getLinkStatus ----------
D/StatusBar.NetworkController(  250): ------------------mEthernetConnected is  ----------false
D/StatusBar.NetworkController(  250): ------------------EthernetManager is on 11-11-11-11-11----------
D/StatusBar.NetworkController(  250): ------------------EthernetManager is on 13-13-13-13-13-13----------
D/StateMachine(  152): handleMessage: E msg.what=131155
D/StateMachine(  152): processMsg: ConnectedState
D/WifiStateMachine(  152): ConnectedState{ what=131155 when=-4ms arg1=18 }
D/WifiHW  (  152): send cmd is SIGNAL_POLL 
D/StateMachine(  152): handleMessage: X
V/MediaPlayer(  748): getCurrentPosition
V/MediaPlayerService(   90): getCurrentPosition
I/        (   90): CmpbHttpLiveStreaming::getCurrentPosition!
I/        (   90): CmpbHttpLiveStreaming::getCurrentPosition(return 0) exit!
V/MediaPlayerService(   90): [4] getCurrentPosition = 0
V/MediaPlayer(  748): getCurrentPosition
V/MediaPlayerService(   90): getCurrentPosition
I/        (   90): CmpbHttpLiveStreaming::getCurrentPosition!
I/        (   90): CmpbHttpLiveStreaming::getCurrentPosition(return 0) exit!
V/MediaPlayerService(   90): [4] getCurrentPosition = 0
D/dalvikvm(  779): GC_CONCURRENT freed 503K, 13% free 5749K/6535K, paused 1ms+1ms
V/MediaPlayer(  748): getCurrentPosition
V/MediaPlayerService(   90): getCurrentPosition
I/        (   90): CmpbHttpLiveStreaming::getCurrentPosition!
I/        (   90): CmpbHttpLiveStreaming::getCurrentPosition(return 0) exit!
V/MediaPlayerService(   90): [4] getCurrentPosition = 0
D/StateMachine(  152): handleMessage: E msg.what=131155
D/StateMachine(  152): processMsg: ConnectedState
D/WifiStateMachine(  152): ConnectedState{ what=131155 when=-4ms arg1=18 }
D/WifiHW  (  152): send cmd is SIGNAL_POLL 
D/StateMachine(  152): handleMessage: X
D/HomePlayerLib(  779): hostaddress count is 1
D/dalvikvm(  779): GC_CONCURRENT freed 498K, 12% free 5753K/6535K, paused 0ms+2ms
D/dalvikvm(  779): GC_CONCURRENT freed 478K, 12% free 5759K/6535K, paused 0ms+1ms
V/MediaPlayer(  748): getCurrentPosition
V/MediaPlayerService(   90): getCurrentPosition
I/        (   90): CmpbHttpLiveStreaming::getCurrentPosition!
I/        (   90): CmpbHttpLiveStreaming::getCurrentPosition(return 0) exit!
V/MediaPlayerService(   90): [4] getCurrentPosition = 0
D/dalvikvm(  779): GC_CONCURRENT freed 452K, 13% free 5744K/6535K, paused 1ms+1ms
D/dalvikvm(  779): GC_CONCURRENT freed 498K, 12% free 5797K/6535K, paused 0ms+1ms
D/dalvikvm(  779): GC_CONCURRENT freed 532K, 12% free 5770K/6535K, paused 1ms+1ms
D/dalvikvm(  779): GC_CONCURRENT freed 526K, 13% free 5751K/6535K, paused 0ms+2ms
V/MediaPlayer(  748): getCurrentPosition
V/MediaPlayerService(   90): getCurrentPosition
I/        (   90): CmpbHttpLiveStreaming::getCurrentPosition!
I/        (   90): CmpbHttpLiveStreaming::getCurrentPosition(return 0) exit!
V/MediaPlayerService(   90): [4] getCurrentPosition = 0
V/MediaPlayer(  748): getCurrentPosition
V/MediaPlayerService(   90): getCurrentPosition
I/        (   90): CmpbHttpLiveStreaming::getCurrentPosition!
I/        (   90): CmpbHttpLiveStreaming::getCurrentPosition(return 0) exit!
V/MediaPlayerService(   90): [4] getCurrentPosition = 0
D/StatusBar.NetworkController(  250): ------------------EthernetManager is on ----------
D/StatusBar.NetworkController(  250): ------------------getLinkStatus ----------
D/StatusBar.NetworkController(  250): ------------------mEthernetConnected is  ----------false
D/StatusBar.NetworkController(  250): ------------------EthernetManager is on 11-11-11-11-11----------
D/StatusBar.NetworkController(  250): ------------------EthernetManager is on 13-13-13-13-13-13----------
D/StateMachine(  152): handleMessage: E msg.what=131155
D/StateMachine(  152): processMsg: ConnectedState
D/WifiStateMachine(  152): ConnectedState{ what=131155 when=-4ms arg1=18 }
D/WifiHW  (  152): send cmd is SIGNAL_POLL 
D/StateMachine(  152): handleMessage: X
D/dalvikvm(  779): GC_CONCURRENT freed 522K, 13% free 5740K/6535K, paused 1ms+1ms
V/MediaPlayer(  748): getCurrentPosition
V/MediaPlayerService(   90): getCurrentPosition
I/        (   90): CmpbHttpLiveStreaming::getCurrentPosition!
I/        (   90): CmpbHttpLiveStreaming::getCurrentPosition(return 0) exit!
V/MediaPlayerService(   90): [4] getCurrentPosition = 0
D/StatusBar.NetworkController(  250): ------------------EthernetManager is on ----------
D/StatusBar.NetworkController(  250): ------------------getLinkStatus ----------
D/StatusBar.NetworkController(  250): ------------------mEthernetConnected is  ----------false
D/StatusBar.NetworkController(  250): ------------------EthernetManager is on 11-11-11-11-11----------
D/StatusBar.NetworkController(  250): ------------------EthernetManager is on 13-13-13-13-13-13----------
V/MediaPlayer(  748): getCurrentPosition
V/MediaPlayerService(   90): getCurrentPosition
I/        (   90): CmpbHttpLiveStreaming::getCurrentPosition!
I/        (   90): CmpbHttpLiveStreaming::getCurrentPosition(return 0) exit!
V/MediaPlayerService(   90): [4] getCurrentPosition = 0
V/MediaPlayer(  748): getCurrentPosition
V/MediaPlayerService(   90): getCurrentPosition
I/        (   90): CmpbHttpLiveStreaming::getCurrentPosition!
I/        (   90): CmpbHttpLiveStreaming::getCurrentPosition(return 0) exit!
V/MediaPlayerService(   90): [4] getCurrentPosition = 0
D/StatusBar.NetworkController(  250): ------------------EthernetManager is on ----------
D/StatusBar.NetworkController(  250): ------------------getLinkStatus ----------
D/StatusBar.NetworkController(  250): ------------------mEthernetConnected is  ----------false
D/StatusBar.NetworkController(  250): ------------------EthernetManager is on 11-11-11-11-11----------
D/StatusBar.NetworkController(  250): ------------------EthernetManager is on 13-13-13-13-13-13----------
D/StateMachine(  152): handleMessage: E msg.what=131155
D/StateMachine(  152): processMsg: ConnectedState
D/WifiStateMachine(  152): ConnectedState{ what=131155 when=-4ms arg1=18 }
D/WifiHW  (  152): send cmd is SIGNAL_POLL 
D/StateMachine(  152): handleMessage: X
V/MediaPlayer(  748): getCurrentPosition
V/MediaPlayerService(   90): getCurrentPosition
I/        (   90): CmpbHttpLiveStreaming::getCurrentPosition!
I/        (   90): CmpbHttpLiveStreaming::getCurrentPosition(return 0) exit!
V/MediaPlayerService(   90): [4] getCurrentPosition = 0
D/StatusBar.NetworkController(  250): ------------------EthernetManager is on ----------
D/StatusBar.NetworkController(  250): ------------------getLinkStatus ----------
D/StatusBar.NetworkController(  250): ------------------mEthernetConnected is  ----------false
D/StatusBar.NetworkController(  250): ------------------EthernetManager is on 11-11-11-11-11----------
D/StatusBar.NetworkController(  250): ------------------EthernetManager is on 13-13-13-13-13-13----------
V/MediaPlayer(  748): getCurrentPosition
V/MediaPlayerService(   90): getCurrentPosition
I/        (   90): CmpbHttpLiveStreaming::getCurrentPosition!
I/        (   90): CmpbHttpLiveStreaming::getCurrentPosition(return 0) exit!
V/MediaPlayerService(   90): [4] getCurrentPosition = 0
D/StatusBar.NetworkController(  250): ------------------EthernetManager is on ----------
D/StatusBar.NetworkController(  250): ------------------getLinkStatus ----------
D/StatusBar.NetworkController(  250): ------------------mEthernetConnected is  ----------false
D/StatusBar.NetworkController(  250): ------------------EthernetManager is on 11-11-11-11-11----------
D/StatusBar.NetworkController(  250): ------------------EthernetManager is on 13-13-13-13-13-13----------
D/dalvikvm(  779): GC_CONCURRENT freed 380K, 12% free 5755K/6535K, paused 0ms+1ms
V/MediaPlayer(  748): getCurrentPosition
V/MediaPlayerService(   90): getCurrentPosition
I/        (   90): CmpbHttpLiveStreaming::getCurrentPosition!
I/        (   90): CmpbHttpLiveStreaming::getCurrentPosition(return 0) exit!
V/MediaPlayerService(   90): [4] getCurrentPosition = 0
D/StateMachine(  152): handleMessage: E msg.what=131155
D/StateMachine(  152): processMsg: ConnectedState
D/WifiStateMachine(  152): ConnectedState{ what=131155 when=-4ms arg1=18 }
D/WifiHW  (  152): send cmd is SIGNAL_POLL 
D/StateMachine(  152): handleMessage: X
D/WifiHW  (  152): Received event is CTRL-EVENT-BSS-REMOVED 156 ec:17:2f:5a:31:60
D/wifi    (  152): [buf=CTRL-EVENT-BSS-REMOVED 156 ec:17:2f:5a:31:60]
D/wifi    (  152): android_net_wifi_waitForEvent
D/WifiHW  (  152): Received event is CTRL-EVENT-BSS-REMOVED 157 8c:21:0a:64:3a:a0
D/wifi    (  152): [buf=CTRL-EVENT-BSS-REMOVED 157 8c:21:0a:64:3a:a0]
D/wifi    (  152): android_net_wifi_waitForEvent
D/WifiHW  (  152): Received event is CTRL-EVENT-BSS-REMOVED 158 6c:e8:73:ff:5a:02
D/wifi    (  152): [buf=CTRL-EVENT-BSS-REMOVED 158 6c:e8:73:ff:5a:02]
D/wifi    (  152): android_net_wifi_waitForEvent
D/WifiHW  (  152): Received event is CTRL-EVENT-BSS-REMOVED 159 6c:e8:73:63:25:c2
D/wifi    (  152): [buf=CTRL-EVENT-BSS-REMOVED 159 6c:e8:73:63:25:c2]
D/wifi    (  152): android_net_wifi_waitForEvent
D/WifiHW  (  152): Received event is CTRL-EVENT-BSS-REMOVED 161 ec:17:2f:59:2c:32
D/wifi    (  152): [buf=CTRL-EVENT-BSS-REMOVED 161 ec:17:2f:59:2c:32]
D/wifi    (  152): android_net_wifi_waitForEvent
D/WifiHW  (  152): Received event is CTRL-EVENT-BSS-REMOVED 162 ec:88:8f:fc:c1:3a
D/wifi    (  152): [buf=CTRL-EVENT-BSS-REMOVED 162 ec:88:8f:fc:c1:3a]
D/wifi    (  152): android_net_wifi_waitForEvent
D/WifiHW  (  152): Received event is CTRL-EVENT-BSS-REMOVED 160 6c:e8:73:27:91:70
D/wifi    (  152): [buf=CTRL-EVENT-BSS-REMOVED 160 6c:e8:73:27:91:70]
D/wifi    (  152): android_net_wifi_waitForEvent
D/WifiHW  (  152): Received event is CTRL-EVENT-BSS-REMOVED 163 ec:88:8f:ff:69:4c
D/wifi    (  152): [buf=CTRL-EVENT-BSS-REMOVED 163 ec:88:8f:ff:69:4c]
D/wifi    (  152): android_net_wifi_waitForEvent
D/dalvikvm(  779): GC_CONCURRENT freed 520K, 13% free 5743K/6535K, paused 0ms+2ms
D/dalvikvm(  779): GC_CONCURRENT freed 482K, 12% free 5767K/6535K, paused 0ms+1ms
D/dalvikvm(  779): GC_CONCURRENT freed 516K, 13% free 5750K/6535K, paused 0ms+1ms
V/MediaPlayer(  748): getCurrentPosition
V/MediaPlayerService(   90): getCurrentPosition
I/        (   90): CmpbHttpLiveStreaming::getCurrentPosition!
I/        (   90): CmpbHttpLiveStreaming::getCurrentPosition(return 0) exit!
V/MediaPlayerService(   90): [4] getCurrentPosition = 0
V/MediaPlayer(  748): getCurrentPosition
V/MediaPlayerService(   90): getCurrentPosition
I/        (   90): CmpbHttpLiveStreaming::getCurrentPosition!
I/        (   90): CmpbHttpLiveStreaming::getCurrentPosition(return 0) exit!
V/MediaPlayerService(   90): [4] getCurrentPosition = 0
D/dalvikvm(  779): GC_CONCURRENT freed 518K, 13% free 5744K/6535K, paused 1ms+1ms
D/HomePlayerLib(  779): hostaddress count is 1
D/dalvikvm(  779): GC_CONCURRENT freed 510K, 13% free 5739K/6535K, paused 0ms+1ms
D/dalvikvm(  779): GC_CONCURRENT freed 396K, 13% free 5741K/6535K, paused 1ms+1ms
V/MediaPlayer(  748): getCurrentPosition
V/MediaPlayerService(   90): getCurrentPosition
I/        (   90): CmpbHttpLiveStreaming::getCurrentPosition!
I/        (   90): CmpbHttpLiveStreaming::getCurrentPosition(return 0) exit!
V/MediaPlayerService(   90): [4] getCurrentPosition = 0
D/dalvikvm(  779): GC_CONCURRENT freed 475K, 12% free 5778K/6535K, paused 0ms+1ms
D/StatusBar.NetworkController(  250): ------------------EthernetManager is on ----------
D/StatusBar.NetworkController(  250): ------------------getLinkStatus ----------
D/StatusBar.NetworkController(  250): ------------------mEthernetConnected is  ----------false
D/StatusBar.NetworkController(  250): ------------------EthernetManager is on 11-11-11-11-11----------
D/StatusBar.NetworkController(  250): ------------------EthernetManager is on 13-13-13-13-13-13----------
D/StateMachine(  152): handleMessage: E msg.what=131155
D/StateMachine(  152): processMsg: ConnectedState
D/WifiStateMachine(  152): ConnectedState{ what=131155 when=-4ms arg1=18 }
D/WifiHW  (  152): send cmd is SIGNAL_POLL 
D/StateMachine(  152): handleMessage: X
D/dalvikvm(  779): GC_CONCURRENT freed 510K, 12% free 5770K/6535K, paused 1ms+1ms
D/dalvikvm(  779): GC_CONCURRENT freed 499K, 12% free 5769K/6535K, paused 1ms+1ms
D/dalvikvm(  779): GC_CONCURRENT freed 419K, 13% free 5734K/6535K, paused 1ms+1ms
D/dalvikvm(  779): GC_CONCURRENT freed 492K, 13% free 5746K/6535K, paused 0ms+1ms
V/MediaPlayer(  748): getCurrentPosition
V/MediaPlayerService(   90): getCurrentPosition
I/        (   90): CmpbHttpLiveStreaming::getCurrentPosition!
I/        (   90): CmpbHttpLiveStreaming::getCurrentPosition(return 0) exit!
V/MediaPlayerService(   90): [4] getCurrentPosition = 0
V/MediaPlayer(  748): getCurrentPosition
V/MediaPlayerService(   90): getCurrentPosition
I/        (   90): CmpbHttpLiveStreaming::getCurrentPosition!
I/        (   90): CmpbHttpLiveStreaming::getCurrentPosition(return 0) exit!
V/MediaPlayerService(   90): [4] getCurrentPosition = 0
D/StatusBar.NetworkController(  250): ------------------EthernetManager is on ----------
D/StatusBar.NetworkController(  250): ------------------getLinkStatus ----------
D/StatusBar.NetworkController(  250): ------------------mEthernetConnected is  ----------false
D/StatusBar.NetworkController(  250): ------------------EthernetManager is on 11-11-11-11-11----------
D/StatusBar.NetworkController(  250): ------------------EthernetManager is on 13-13-13-13-13-13----------
V/MediaPlayer(  748): getCurrentPosition
V/MediaPlayerService(   90): getCurrentPosition
I/        (   90): CmpbHttpLiveStreaming::getCurrentPosition!
I/        (   90): CmpbHttpLiveStreaming::getCurrentPosition(return 0) exit!
V/MediaPlayerService(   90): [4] getCurrentPosition = 0
D/StateMachine(  152): handleMessage: E msg.what=131155
D/StateMachine(  152): processMsg: ConnectedState
D/WifiStateMachine(  152): ConnectedState{ what=131155 when=-4ms arg1=18 }
D/WifiHW  (  152): send cmd is SIGNAL_POLL 
D/StateMachine(  152): handleMessage: X
V/MediaPlayer(  748): getCurrentPosition
V/MediaPlayerService(   90): getCurrentPosition
I/        (   90): CmpbHttpLiveStreaming::getCurrentPosition!
I/        (   90): CmpbHttpLiveStreaming::getCurrentPosition(return 0) exit!
V/MediaPlayerService(   90): [4] getCurrentPosition = 0
V/MediaPlayer(  748): getCurrentPosition
V/MediaPlayerService(   90): getCurrentPosition
I/        (   90): CmpbHttpLiveStreaming::getCurrentPosition!
I/        (   90): CmpbHttpLiveStreaming::getCurrentPosition(return 0) exit!
V/MediaPlayerService(   90): [4] getCurrentPosition = 0
D/StatusBar.NetworkController(  250): ------------------EthernetManager is on ----------
D/StatusBar.NetworkController(  250): ------------------getLinkStatus ----------
D/StatusBar.NetworkController(  250): ------------------mEthernetConnected is  ----------false
D/StatusBar.NetworkController(  250): ------------------EthernetManager is on 11-11-11-11-11----------
D/StatusBar.NetworkController(  250): ------------------EthernetManager is on 13-13-13-13-13-13----------
V/MediaPlayer(  748): getCurrentPosition
V/MediaPlayerService(   90): getCurrentPosition
I/        (   90): CmpbHttpLiveStreaming::getCurrentPosition!
I/        (   90): CmpbHttpLiveStreaming::getCurrentPosition(return 0) exit!
V/MediaPlayerService(   90): [4] getCurrentPosition = 0
D/StatusBar.NetworkController(  250): ------------------EthernetManager is on ----------
D/StatusBar.NetworkController(  250): ------------------getLinkStatus ----------
D/StatusBar.NetworkController(  250): ------------------mEthernetConnected is  ----------false
D/StatusBar.NetworkController(  250): ------------------EthernetManager is on 11-11-11-11-11----------
D/StatusBar.NetworkController(  250): ------------------EthernetManager is on 13-13-13-13-13-13----------
D/StateMachine(  152): handleMessage: E msg.what=131155
D/StateMachine(  152): processMsg: ConnectedState
D/WifiStateMachine(  152): ConnectedState{ what=131155 when=-4ms arg1=18 }
D/WifiHW  (  152): send cmd is SIGNAL_POLL 
D/StateMachine(  152): handleMessage: X
V/MediaPlayer(  748): getCurrentPosition
V/MediaPlayerService(   90): getCurrentPosition
I/        (   90): CmpbHttpLiveStreaming::getCurrentPosition!
I/        (   90): CmpbHttpLiveStreaming::getCurrentPosition(return 0) exit!
V/MediaPlayerService(   90): [4] getCurrentPosition = 0
V/MediaPlayer(  748): getCurrentPosition
V/MediaPlayerService(   90): getCurrentPosition
I/        (   90): CmpbHttpLiveStreaming::getCurrentPosition!
I/        (   90): CmpbHttpLiveStreaming::getCurrentPosition(return 0) exit!
V/MediaPlayerService(   90): [4] getCurrentPosition = 0
V/MediaPlayer(  748): getCurrentPosition
V/MediaPlayerService(   90): getCurrentPosition
I/        (   90): CmpbHttpLiveStreaming::getCurrentPosition!
I/        (   90): CmpbHttpLiveStreaming::getCurrentPosition(return 0) exit!
V/MediaPlayerService(   90): [4] getCurrentPosition = 0
D/StateMachine(  152): handleMessage: E msg.what=131155
D/StateMachine(  152): processMsg: ConnectedState
D/WifiStateMachine(  152): ConnectedState{ what=131155 when=-3ms arg1=18 }
D/WifiHW  (  152): send cmd is SIGNAL_POLL 
D/StateMachine(  152): handleMessage: X
D/dalvikvm(  779): GC_CONCURRENT freed 408K, 12% free 5773K/6535K, paused 0ms+1ms
D/dalvikvm(  779): GC_CONCURRENT freed 519K, 12% free 5762K/6535K, paused 0ms+1ms
V/MediaPlayer(  748): getCurrentPosition
V/MediaPlayerService(   90): getCurrentPosition
I/        (   90): CmpbHttpLiveStreaming::getCurrentPosition!
I/        (   90): CmpbHttpLiveStreaming::getCurrentPosition(return 0) exit!
V/MediaPlayerService(   90): [4] getCurrentPosition = 0
D/StatusBar.NetworkController(  250): ------------------EthernetManager is on ----------
D/StatusBar.NetworkController(  250): ------------------getLinkStatus ----------
D/StatusBar.NetworkController(  250): ------------------mEthernetConnected is  ----------false
D/StatusBar.NetworkController(  250): ------------------EthernetManager is on 11-11-11-11-11----------
D/StatusBar.NetworkController(  250): ------------------EthernetManager is on 13-13-13-13-13-13----------
D/HomePlayerLib(  779): hostaddress count is 1
D/dalvikvm(  779): GC_CONCURRENT freed 525K, 13% free 5748K/6535K, paused 0ms+1ms
D/dalvikvm(  779): GC_CONCURRENT freed 460K, 13% free 5745K/6535K, paused 0ms+2ms
D/dalvikvm(  779): GC_CONCURRENT freed 460K, 13% free 5748K/6535K, paused 1ms+2ms
V/MediaPlayer(  748): getCurrentPosition
V/MediaPlayerService(   90): getCurrentPosition
I/        (   90): CmpbHttpLiveStreaming::getCurrentPosition!
I/        (   90): CmpbHttpLiveStreaming::getCurrentPosition(return 0) exit!
V/MediaPlayerService(   90): [4] getCurrentPosition = 0
D/dalvikvm(  779): GC_CONCURRENT freed 507K, 13% free 5749K/6535K, paused 1ms+2ms
D/dalvikvm(  779): GC_CONCURRENT freed 511K, 13% free 5747K/6535K, paused 1ms+1ms
D/dalvikvm(  779): GC_CONCURRENT freed 495K, 12% free 5757K/6535K, paused 0ms+1ms
D/dalvikvm(  779): GC_CONCURRENT freed 422K, 12% free 5751K/6535K, paused 1ms+1ms
D/dalvikvm(  779): GC_CONCURRENT freed 523K, 13% free 5736K/6535K, paused 0ms+1ms
V/MediaPlayer(  748): getCurrentPosition
V/MediaPlayerService(   90): getCurrentPosition
I/        (   90): CmpbHttpLiveStreaming::getCurrentPosition!
I/        (   90): CmpbHttpLiveStreaming::getCurrentPosition(return 0) exit!
V/MediaPlayerService(   90): [4] getCurrentPosition = 0
D/StateMachine(  152): handleMessage: E msg.what=131155
D/StateMachine(  152): processMsg: ConnectedState
D/WifiStateMachine(  152): ConnectedState{ what=131155 when=-4ms arg1=18 }
D/WifiHW  (  152): send cmd is SIGNAL_POLL 
D/StateMachine(  152): handleMessage: X
V/MediaPlayer(  748): getCurrentPosition
V/MediaPlayerService(   90): getCurrentPosition
I/        (   90): CmpbHttpLiveStreaming::getCurrentPosition!
I/        (   90): CmpbHttpLiveStreaming::getCurrentPosition(return 0) exit!
V/MediaPlayerService(   90): [4] getCurrentPosition = 0
D/StatusBar.NetworkController(  250): ------------------EthernetManager is on ----------
D/StatusBar.NetworkController(  250): ------------------getLinkStatus ----------
D/StatusBar.NetworkController(  250): ------------------mEthernetConnected is  ----------false
D/StatusBar.NetworkController(  250): ------------------EthernetManager is on 11-11-11-11-11----------
D/StatusBar.NetworkController(  250): ------------------EthernetManager is on 13-13-13-13-13-13----------
D/dalvikvm(  779): GC_CONCURRENT freed 504K, 13% free 5741K/6535K, paused 0ms+2ms
V/MediaPlayer(  748): getCurrentPosition
V/MediaPlayerService(   90): getCurrentPosition
I/        (   90): CmpbHttpLiveStreaming::getCurrentPosition!
I/        (   90): CmpbHttpLiveStreaming::getCurrentPosition(return 0) exit!
V/MediaPlayerService(   90): [4] getCurrentPosition = 0
D/dalvikvm(  779): GC_CONCURRENT freed 413K, 12% free 5758K/6535K, paused 1ms+1ms
V/MediaPlayer(  748): getCurrentPosition
V/MediaPlayerService(   90): getCurrentPosition
I/        (   90): CmpbHttpLiveStreaming::getCurrentPosition!
I/        (   90): CmpbHttpLiveStreaming::getCurrentPosition(return 0) exit!
V/MediaPlayerService(   90): [4] getCurrentPosition = 0
D/StatusBar.NetworkController(  250): ------------------EthernetManager is on ----------
D/StatusBar.NetworkController(  250): ------------------getLinkStatus ----------
D/StatusBar.NetworkController(  250): ------------------mEthernetConnected is  ----------false
D/StatusBar.NetworkController(  250): ------------------EthernetManager is on 11-11-11-11-11----------
D/StatusBar.NetworkController(  250): ------------------EthernetManager is on 13-13-13-13-13-13----------
D/StateMachine(  152): handleMessage: E msg.what=131155
D/StateMachine(  152): processMsg: ConnectedState
D/WifiStateMachine(  152): ConnectedState{ what=131155 when=-4ms arg1=18 }
D/WifiHW  (  152): send cmd is SIGNAL_POLL 
D/StateMachine(  152): handleMessage: X
V/MediaPlayer(  748): getCurrentPosition
V/MediaPlayerService(   90): getCurrentPosition
I/        (   90): CmpbHttpLiveStreaming::getCurrentPosition!
I/        (   90): CmpbHttpLiveStreaming::getCurrentPosition(return 0) exit!
V/MediaPlayerService(   90): [4] getCurrentPosition = 0
D/StatusBar.NetworkController(  250): ------------------EthernetManager is on ----------
D/StatusBar.NetworkController(  250): ------------------getLinkStatus ----------
D/StatusBar.NetworkController(  250): ------------------mEthernetConnected is  ----------false
D/StatusBar.NetworkController(  250): ------------------EthernetManager is on 11-11-11-11-11----------
D/StatusBar.NetworkController(  250): ------------------EthernetManager is on 13-13-13-13-13-13----------
V/MediaPlayer(  748): getCurrentPosition
V/MediaPlayerService(   90): getCurrentPosition
I/        (   90): CmpbHttpLiveStreaming::getCurrentPosition!
I/        (   90): CmpbHttpLiveStreaming::getCurrentPosition(return 0) exit!
V/MediaPlayerService(   90): [4] getCurrentPosition = 0
V/MediaPlayer(  748): getCurrentPosition
V/MediaPlayerService(   90): getCurrentPosition
I/        (   90): CmpbHttpLiveStreaming::getCurrentPosition!
I/        (   90): CmpbHttpLiveStreaming::getCurrentPosition(return 0) exit!
V/MediaPlayerService(   90): [4] getCurrentPosition = 0
D/StateMachine(  152): handleMessage: E msg.what=131155
D/StateMachine(  152): processMsg: ConnectedState
D/WifiStateMachine(  152): ConnectedState{ what=131155 when=-4ms arg1=18 }
D/WifiHW  (  152): send cmd is SIGNAL_POLL 
D/StateMachine(  152): handleMessage: X
V/MediaPlayer(  748): getCurrentPosition
V/MediaPlayerService(   90): getCurrentPosition
I/        (   90): CmpbHttpLiveStreaming::getCurrentPosition!
I/        (   90): CmpbHttpLiveStreaming::getCurrentPosition(return 0) exit!
V/MediaPlayerService(   90): [4] getCurrentPosition = 0
V/MediaPlayer(  748): getCurrentPosition
V/MediaPlayerService(   90): getCurrentPosition
I/        (   90): CmpbHttpLiveStreaming::getCurrentPosition!
I/        (   90): CmpbHttpLiveStreaming::getCurrentPosition(return 0) exit!
V/MediaPlayerService(   90): [4] getCurrentPosition = 0
V/MediaPlayer(  748): getCurrentPosition
V/MediaPlayerService(   90): getCurrentPosition
I/        (   90): CmpbHttpLiveStreaming::getCurrentPosition!
I/        (   90): CmpbHttpLiveStreaming::getCurrentPosition(return 0) exit!
V/MediaPlayerService(   90): [4] getCurrentPosition = 0
D/StateMachine(  152): handleMessage: E msg.what=131155
D/StateMachine(  152): processMsg: ConnectedState
D/WifiStateMachine(  152): ConnectedState{ what=131155 when=-4ms arg1=18 }
D/WifiHW  (  152): send cmd is SIGNAL_POLL 
D/StateMachine(  152): handleMessage: X
D/dalvikvm(  779): GC_CONCURRENT freed 520K, 13% free 5747K/6535K, paused 0ms+1ms
D/dalvikvm(  779): GC_CONCURRENT freed 502K, 13% free 5751K/6535K, paused 0ms+2ms
D/HomePlayerLib(  779): hostaddress count is 1
D/dalvikvm(  779): GC_CONCURRENT freed 504K, 13% free 5749K/6535K, paused 0ms+1ms
D/dalvikvm(  779): GC_CONCURRENT freed 497K, 11% free 5829K/6535K, paused 0ms+1ms
V/MediaPlayer(  748): getCurrentPosition
V/MediaPlayerService(   90): getCurrentPosition
I/        (   90): CmpbHttpLiveStreaming::getCurrentPosition!
I/        (   90): CmpbHttpLiveStreaming::getCurrentPosition(return 0) exit!
V/MediaPlayerService(   90): [4] getCurrentPosition = 0
D/dalvikvm(  779): GC_CONCURRENT freed 576K, 12% free 5769K/6535K, paused 0ms+2ms
D/dalvikvm(  779): GC_CONCURRENT freed 533K, 13% free 5748K/6535K, paused 1ms+1ms
D/StatusBar.NetworkController(  250): ------------------EthernetManager is on ----------
D/StatusBar.NetworkController(  250): ------------------getLinkStatus ----------
D/StatusBar.NetworkController(  250): ------------------mEthernetConnected is  ----------false
D/StatusBar.NetworkController(  250): ------------------EthernetManager is on 11-11-11-11-11----------
D/StatusBar.NetworkController(  250): ------------------EthernetManager is on 13-13-13-13-13-13----------
D/dalvikvm(  779): GC_CONCURRENT freed 509K, 13% free 5748K/6535K, paused 1ms+1ms
D/dalvikvm(  779): GC_CONCURRENT freed 494K, 13% free 5737K/6535K, paused 0ms+2ms
D/dalvikvm(  779): GC_CONCURRENT freed 418K, 12% free 5756K/6535K, paused 0ms+1ms
D/dalvikvm(  779): GC_CONCURRENT freed 517K, 13% free 5747K/6535K, paused 0ms+1ms
V/MediaPlayer(  748): getCurrentPosition
V/MediaPlayerService(   90): getCurrentPosition
I/        (   90): CmpbHttpLiveStreaming::getCurrentPosition!
I/        (   90): CmpbHttpLiveStreaming::getCurrentPosition(return 0) exit!
V/MediaPlayerService(   90): [4] getCurrentPosition = 0
D/dalvikvm(  779): GC_CONCURRENT freed 503K, 13% free 5750K/6535K, paused 1ms+2ms
D/dalvikvm(  779): GC_CONCURRENT freed 500K, 13% free 5750K/6535K, paused 0ms+1ms
D/dalvikvm(  779): GC_CONCURRENT freed 503K, 13% free 5746K/6535K, paused 1ms+1ms
D/dalvikvm(  779): GC_CONCURRENT freed 419K, 13% free 5740K/6535K, paused 1ms+1ms
V/MediaPlayer(  748): getCurrentPosition
V/MediaPlayerService(   90): getCurrentPosition
I/        (   90): CmpbHttpLiveStreaming::getCurrentPosition!
I/        (   90): CmpbHttpLiveStreaming::getCurrentPosition(return 0) exit!
V/MediaPlayerService(   90): [4] getCurrentPosition = 0
D/StatusBar.NetworkController(  250): ------------------EthernetManager is on ----------
D/StatusBar.NetworkController(  250): ------------------getLinkStatus ----------
D/StatusBar.NetworkController(  250): ------------------mEthernetConnected is  ----------false
D/StatusBar.NetworkController(  250): ------------------EthernetManager is on 11-11-11-11-11----------
D/StatusBar.NetworkController(  250): ------------------EthernetManager is on 13-13-13-13-13-13----------
D/StateMachine(  152): handleMessage: E msg.what=131155
D/StateMachine(  152): processMsg: ConnectedState
D/WifiStateMachine(  152): ConnectedState{ what=131155 when=-4ms arg1=18 }
D/WifiHW  (  152): send cmd is SIGNAL_POLL 
D/StateMachine(  152): handleMessage: X
D/dalvikvm(  779): GC_CONCURRENT freed 458K, 12% free 5769K/6535K, paused 0ms+1ms
V/MediaPlayer(  748): getCurrentPosition
V/MediaPlayerService(   90): getCurrentPosition
I/        (   90): CmpbHttpLiveStreaming::getCurrentPosition!
I/        (   90): CmpbHttpLiveStreaming::getCurrentPosition(return 0) exit!
V/MediaPlayerService(   90): [4] getCurrentPosition = 0
D/StatusBar.NetworkController(  250): ------------------EthernetManager is on ----------
D/StatusBar.NetworkController(  250): ------------------getLinkStatus ----------
D/StatusBar.NetworkController(  250): ------------------mEthernetConnected is  ----------false
D/StatusBar.NetworkController(  250): ------------------EthernetManager is on 11-11-11-11-11----------
D/StatusBar.NetworkController(  250): ------------------EthernetManager is on 13-13-13-13-13-13----------
V/MediaPlayer(  748): getCurrentPosition
V/MediaPlayerService(   90): getCurrentPosition
I/        (   90): CmpbHttpLiveStreaming::getCurrentPosition!
I/        (   90): CmpbHttpLiveStreaming::getCurrentPosition(return 0) exit!
V/MediaPlayerService(   90): [4] getCurrentPosition = 0
D/StatusBar.NetworkController(  250): ------------------EthernetManager is on ----------
D/StatusBar.NetworkController(  250): ------------------getLinkStatus ----------
D/StatusBar.NetworkController(  250): ------------------mEthernetConnected is  ----------false
D/StatusBar.NetworkController(  250): ------------------EthernetManager is on 11-11-11-11-11----------
D/StatusBar.NetworkController(  250): ------------------EthernetManager is on 13-13-13-13-13-13----------
V/MediaPlayer(  748): getCurrentPosition
V/MediaPlayerService(   90): getCurrentPosition
I/        (   90): CmpbHttpLiveStreaming::getCurrentPosition!
I/        (   90): CmpbHttpLiveStreaming::getCurrentPosition(return 0) exit!
V/MediaPlayerService(   90): [4] getCurrentPosition = 0
D/StateMachine(  152): handleMessage: E msg.what=131155
D/StateMachine(  152): processMsg: ConnectedState
D/WifiStateMachine(  152): ConnectedState{ what=131155 when=-4ms arg1=18 }
D/WifiHW  (  152): send cmd is SIGNAL_POLL 
D/StateMachine(  152): handleMessage: X
V/MediaPlayer(  748): getCurrentPosition
V/MediaPlayerService(   90): getCurrentPosition
I/        (   90): CmpbHttpLiveStreaming::getCurrentPosition!
I/        (   90): CmpbHttpLiveStreaming::getCurrentPosition(return 0) exit!
V/MediaPlayerService(   90): [4] getCurrentPosition = 0
V/MediaPlayer(  748): getCurrentPosition
V/MediaPlayerService(   90): getCurrentPosition
I/        (   90): CmpbHttpLiveStreaming::getCurrentPosition!
I/        (   90): CmpbHttpLiveStreaming::getCurrentPosition(return 0) exit!
V/MediaPlayerService(   90): [4] getCurrentPosition = 0
V/MediaPlayer(  748): getCurrentPosition
V/MediaPlayerService(   90): getCurrentPosition
I/        (   90): CmpbHttpLiveStreaming::getCurrentPosition!
I/        (   90): CmpbHttpLiveStreaming::getCurrentPosition(return 0) exit!
V/MediaPlayerService(   90): [4] getCurrentPosition = 0
D/StateMachine(  152): handleMessage: E msg.what=131155
D/StateMachine(  152): processMsg: ConnectedState
D/WifiStateMachine(  152): ConnectedState{ what=131155 when=-4ms arg1=18 }
D/WifiHW  (  152): send cmd is SIGNAL_POLL 
D/StateMachine(  152): handleMessage: X
V/MediaPlayer(  748): getCurrentPosition
V/MediaPlayerService(   90): getCurrentPosition
I/        (   90): CmpbHttpLiveStreaming::getCurrentPosition!
I/        (   90): CmpbHttpLiveStreaming::getCurrentPosition(return 0) exit!
V/MediaPlayerService(   90): [4] getCurrentPosition = 0
V/MediaPlayer(  748): getCurrentPosition
V/MediaPlayerService(   90): getCurrentPosition
I/        (   90): CmpbHttpLiveStreaming::getCurrentPosition!
I/        (   90): CmpbHttpLiveStreaming::getCurrentPosition(return 0) exit!
V/MediaPlayerService(   90): [4] getCurrentPosition = 0
D/HomePlayerLib(  779): hostaddress count is 1
D/dalvikvm(  779): GC_CONCURRENT freed 530K, 13% free 5748K/6535K, paused 1ms+1ms
D/dalvikvm(  779): GC_CONCURRENT freed 511K, 13% free 5746K/6535K, paused 0ms+1ms
D/dalvikvm(  779): GC_CONCURRENT freed 487K, 13% free 5750K/6535K, paused 0ms+1ms
D/dalvikvm(  779): GC_CONCURRENT freed 441K, 13% free 5736K/6535K, paused 0ms+1ms
D/dalvikvm(  779): GC_CONCURRENT freed 475K, 12% free 5782K/6535K, paused 1ms+1ms
D/dalvikvm(  779): GC_CONCURRENT freed 543K, 13% free 5749K/6535K, paused 2ms+1ms
V/MediaPlayer(  748): getCurrentPosition
V/MediaPlayerService(   90): getCurrentPosition
I/        (   90): CmpbHttpLiveStreaming::getCurrentPosition!
I/        (   90): CmpbHttpLiveStreaming::getCurrentPosition(return 0) exit!
V/MediaPlayerService(   90): [4] getCurrentPosition = 0
D/StatusBar.NetworkController(  250): ------------------EthernetManager is on ----------
D/StatusBar.NetworkController(  250): ------------------getLinkStatus ----------
D/StatusBar.NetworkController(  250): ------------------mEthernetConnected is  ----------false
D/StatusBar.NetworkController(  250): ------------------EthernetManager is on 11-11-11-11-11----------
D/StatusBar.NetworkController(  250): ------------------EthernetManager is on 13-13-13-13-13-13----------
D/StateMachine(  152): handleMessage: E msg.what=131155
D/StateMachine(  152): processMsg: ConnectedState
D/WifiStateMachine(  152): ConnectedState{ what=131155 when=-4ms arg1=18 }
D/WifiHW  (  152): send cmd is SIGNAL_POLL 
D/StateMachine(  152): handleMessage: X
D/dalvikvm(  779): GC_CONCURRENT freed 524K, 13% free 5736K/6535K, paused 1ms+1ms
V/MediaPlayer(  748): getCurrentPosition
V/MediaPlayerService(   90): getCurrentPosition
I/        (   90): CmpbHttpLiveStreaming::getCurrentPosition!
I/        (   90): CmpbHttpLiveStreaming::getCurrentPosition(return 0) exit!
V/MediaPlayerService(   90): [4] getCurrentPosition = 0
V/MediaPlayer(  748): getCurrentPosition
V/MediaPlayerService(   90): getCurrentPosition
I/        (   90): CmpbHttpLiveStreaming::getCurrentPosition!
I/        (   90): CmpbHttpLiveStreaming::getCurrentPosition(return 0) exit!
V/MediaPlayerService(   90): [4] getCurrentPosition = 0
D/dalvikvm(  779): GC_CONCURRENT freed 408K, 13% free 5741K/6535K, paused 1ms+1ms
V/MediaPlayer(  748): getCurrentPosition
V/MediaPlayerService(   90): getCurrentPosition
I/        (   90): CmpbHttpLiveStreaming::getCurrentPosition!
I/        (   90): CmpbHttpLiveStreaming::getCurrentPosition(return 0) exit!
V/MediaPlayerService(   90): [4] getCurrentPosition = 0
D/StatusBar.NetworkController(  250): ------------------EthernetManager is on ----------
D/StatusBar.NetworkController(  250): ------------------getLinkStatus ----------
D/StatusBar.NetworkController(  250): ------------------mEthernetConnected is  ----------false
D/StatusBar.NetworkController(  250): ------------------EthernetManager is on 11-11-11-11-11----------
D/StatusBar.NetworkController(  250): ------------------EthernetManager is on 13-13-13-13-13-13----------
D/StateMachine(  152): handleMessage: E msg.what=131155
D/StateMachine(  152): processMsg: ConnectedState
D/WifiStateMachine(  152): ConnectedState{ what=131155 when=-3ms arg1=18 }
D/WifiHW  (  152): send cmd is SIGNAL_POLL 
D/StateMachine(  152): handleMessage: X
V/MediaPlayer(  748): getCurrentPosition
V/MediaPlayerService(   90): getCurrentPosition
I/        (   90): CmpbHttpLiveStreaming::getCurrentPosition!
I/        (   90): CmpbHttpLiveStreaming::getCurrentPosition(return 0) exit!
V/MediaPlayerService(   90): [4] getCurrentPosition = 0
V/MediaPlayer(  748): getCurrentPosition
V/MediaPlayerService(   90): getCurrentPosition
I/        (   90): CmpbHttpLiveStreaming::getCurrentPosition!
I/        (   90): CmpbHttpLiveStreaming::getCurrentPosition(return 0) exit!
V/MediaPlayerService(   90): [4] getCurrentPosition = 0
D/StatusBar.NetworkController(  250): ------------------EthernetManager is on ----------
D/StatusBar.NetworkController(  250): ------------------getLinkStatus ----------
D/StatusBar.NetworkController(  250): ------------------mEthernetConnected is  ----------false
D/StatusBar.NetworkController(  250): ------------------EthernetManager is on 11-11-11-11-11----------
D/StatusBar.NetworkController(  250): ------------------EthernetManager is on 13-13-13-13-13-13----------
V/MediaPlayer(  748): getCurrentPosition
V/MediaPlayerService(   90): getCurrentPosition
I/        (   90): CmpbHttpLiveStreaming::getCurrentPosition!
I/        (   90): CmpbHttpLiveStreaming::getCurrentPosition(return 0) exit!
V/MediaPlayerService(   90): [4] getCurrentPosition = 0
D/StatusBar.NetworkController(  250): ------------------EthernetManager is on ----------
D/StatusBar.NetworkController(  250): ------------------getLinkStatus ----------
D/StatusBar.NetworkController(  250): ------------------mEthernetConnected is  ----------false
D/StatusBar.NetworkController(  250): ------------------EthernetManager is on 11-11-11-11-11----------
D/StatusBar.NetworkController(  250): ------------------EthernetManager is on 13-13-13-13-13-13----------
D/StateMachine(  152): handleMessage: E msg.what=131155
D/StateMachine(  152): processMsg: ConnectedState
D/WifiStateMachine(  152): ConnectedState{ what=131155 when=-4ms arg1=18 }
D/WifiHW  (  152): send cmd is SIGNAL_POLL 
D/StateMachine(  152): handleMessage: X
V/MediaPlayer(  748): getCurrentPosition
V/MediaPlayerService(   90): getCurrentPosition
I/        (   90): CmpbHttpLiveStreaming::getCurrentPosition!
I/        (   90): CmpbHttpLiveStreaming::getCurrentPosition(return 0) exit!
V/MediaPlayerService(   90): [4] getCurrentPosition = 0
D/dalvikvm(  779): GC_CONCURRENT freed 474K, 12% free 5765K/6535K, paused 0ms+1ms
D/dalvikvm(  779): GC_CONCURRENT freed 510K, 12% free 5767K/6535K, paused 1ms+1ms
D/dalvikvm(  779): GC_CONCURRENT freed 521K, 13% free 5750K/6535K, paused 1ms+1ms
D/dalvikvm(  779): GC_CONCURRENT freed 513K, 13% free 5746K/6535K, paused 0ms+1ms
V/MediaPlayer(  748): getCurrentPosition
V/MediaPlayerService(   90): getCurrentPosition
I/        (   90): CmpbHttpLiveStreaming::getCurrentPosition!
I/        (   90): CmpbHttpLiveStreaming::getCurrentPosition(return 0) exit!
V/MediaPlayerService(   90): [4] getCurrentPosition = 0
D/dalvikvm(  779): GC_CONCURRENT freed 415K, 13% free 5735K/6535K, paused 0ms+2ms
V/MediaPlayer(  748): getCurrentPosition
V/MediaPlayerService(   90): getCurrentPosition
I/        (   90): CmpbHttpLiveStreaming::getCurrentPosition!
I/        (   90): CmpbHttpLiveStreaming::getCurrentPosition(return 0) exit!
V/MediaPlayerService(   90): [4] getCurrentPosition = 0
D/StatusBar.NetworkController(  250): ------------------EthernetManager is on ----------
D/StatusBar.NetworkController(  250): ------------------getLinkStatus ----------
D/StatusBar.NetworkController(  250): ------------------mEthernetConnected is  ----------false
D/StatusBar.NetworkController(  250): ------------------EthernetManager is on 11-11-11-11-11----------
D/StatusBar.NetworkController(  250): ------------------EthernetManager is on 13-13-13-13-13-13----------
D/StateMachine(  152): handleMessage: E msg.what=131155
D/StateMachine(  152): processMsg: ConnectedState
D/WifiStateMachine(  152): ConnectedState{ what=131155 when=-4ms arg1=18 }
D/WifiHW  (  152): send cmd is SIGNAL_POLL 
D/StateMachine(  152): handleMessage: X
D/dalvikvm(  779): GC_CONCURRENT freed 493K, 13% free 5750K/6535K, paused 0ms+1ms
V/MediaPlayer(  748): getCurrentPosition
V/MediaPlayerService(   90): getCurrentPosition
I/        (   90): CmpbHttpLiveStreaming::getCurrentPosition!
I/        (   90): CmpbHttpLiveStreaming::getCurrentPosition(return 0) exit!
V/MediaPlayerService(   90): [4] getCurrentPosition = 0
D/StatusBar.NetworkController(  250): ------------------EthernetManager is on ----------
D/StatusBar.NetworkController(  250): ------------------getLinkStatus ----------
D/StatusBar.NetworkController(  250): ------------------mEthernetConnected is  ----------false
D/StatusBar.NetworkController(  250): ------------------EthernetManager is on 11-11-11-11-11----------
D/StatusBar.NetworkController(  250): ------------------EthernetManager is on 13-13-13-13-13-13----------
D/HomePlayerLib(  779): hostaddress count is 1
D/dalvikvm(  779): GC_CONCURRENT freed 515K, 13% free 5745K/6535K, paused 0ms+1ms
D/dalvikvm(  779): GC_CONCURRENT freed 509K, 13% free 5748K/6535K, paused 1ms+2ms
D/dalvikvm(  779): GC_CONCURRENT freed 503K, 13% free 5750K/6535K, paused 1ms+2ms
V/MediaPlayer(  748): getCurrentPosition
V/MediaPlayerService(   90): getCurrentPosition
I/        (   90): CmpbHttpLiveStreaming::getCurrentPosition!
I/        (   90): CmpbHttpLiveStreaming::getCurrentPosition(return 0) exit!
V/MediaPlayerService(   90): [4] getCurrentPosition = 0
D/StatusBar.NetworkController(  250): ------------------EthernetManager is on ----------
D/StatusBar.NetworkController(  250): ------------------getLinkStatus ----------
D/StatusBar.NetworkController(  250): ------------------mEthernetConnected is  ----------false
D/StatusBar.NetworkController(  250): ------------------EthernetManager is on 11-11-11-11-11----------
