I/        (   90): CmpbHttpLiveStreaming::getCurrentPosition(return 0) exit!
V/MediaPlayerService(   90): [4] getCurrentPosition = 0
V/MediaPlayer(  748): getCurrentPosition
V/MediaPlayerService(   90): getCurrentPosition
I/        (   90): CmpbHttpLiveStreaming::getCurrentPosition!
I/        (   90): CmpbHttpLiveStreaming::getCurrentPosition(return 0) exit!
V/MediaPlayerService(   90): [4] getCurrentPosition = 0
D/StatusBar.NetworkController(  250): ------------------EthernetManager is on ----------
D/StatusBar.NetworkController(  250): ------------------getLinkStatus ----------
D/StatusBar.NetworkController(  250): ------------------mEthernetConnected is  ----------false
D/StatusBar.NetworkController(  250): ------------------EthernetManager is on 11-11-11-11-11----------
D/StatusBar.NetworkController(  250): ------------------EthernetManager is on 13-13-13-13-13-13----------
D/dalvikvm(  779): GC_CONCURRENT freed 425K, 13% free 5737K/6535K, paused 0ms+2ms
V/MediaPlayer(  748): getCurrentPosition
V/MediaPlayerService(   90): getCurrentPosition
I/        (   90): CmpbHttpLiveStreaming::getCurrentPosition!
I/        (   90): CmpbHttpLiveStreaming::getCurrentPosition(return 0) exit!
V/MediaPlayerService(   90): [4] getCurrentPosition = 0
D/StateMachine(  152): handleMessage: E msg.what=131155
D/StateMachine(  152): processMsg: ConnectedState
D/WifiStateMachine(  152): ConnectedState{ what=131155 when=-3ms arg1=18 }
D/WifiHW  (  152): send cmd is SIGNAL_POLL 
D/StateMachine(  152): handleMessage: X
V/MediaPlayer(  748): getCurrentPosition
V/MediaPlayerService(   90): getCurrentPosition
I/        (   90): CmpbHttpLiveStreaming::getCurrentPosition!
I/        (   90): CmpbHttpLiveStreaming::getCurrentPosition(return 0) exit!
V/MediaPlayerService(   90): [4] getCurrentPosition = 0
V/MediaPlayer(  748): getCurrentPosition
V/MediaPlayerService(   90): getCurrentPosition
I/        (   90): CmpbHttpLiveStreaming::getCurrentPosition!
I/        (   90): CmpbHttpLiveStreaming::getCurrentPosition(return 0) exit!
V/MediaPlayerService(   90): [4] getCurrentPosition = 0
D/dalvikvm(  779): GC_CONCURRENT freed 500K, 13% free 5746K/6535K, paused 0ms+2ms
V/MediaPlayer(  748): getCurrentPosition
V/MediaPlayerService(   90): getCurrentPosition
I/        (   90): CmpbHttpLiveStreaming::getCurrentPosition!
I/        (   90): CmpbHttpLiveStreaming::getCurrentPosition(return 0) exit!
V/MediaPlayerService(   90): [4] getCurrentPosition = 0
D/StateMachine(  152): handleMessage: E msg.what=131155
D/StateMachine(  152): processMsg: ConnectedState
D/WifiStateMachine(  152): ConnectedState{ what=131155 when=-4ms arg1=18 }
D/WifiHW  (  152): send cmd is SIGNAL_POLL 
D/StateMachine(  152): handleMessage: X
V/MediaPlayer(  748): getCurrentPosition
V/MediaPlayerService(   90): getCurrentPosition
I/        (   90): CmpbHttpLiveStreaming::getCurrentPosition!
I/        (   90): CmpbHttpLiveStreaming::getCurrentPosition(return 0) exit!
V/MediaPlayerService(   90): [4] getCurrentPosition = 0
V/MediaPlayer(  748): getCurrentPosition
V/MediaPlayerService(   90): getCurrentPosition
I/        (   90): CmpbHttpLiveStreaming::getCurrentPosition!
I/        (   90): CmpbHttpLiveStreaming::getCurrentPosition(return 0) exit!
V/MediaPlayerService(   90): [4] getCurrentPosition = 0
V/MediaPlayer(  748): getCurrentPosition
V/MediaPlayerService(   90): getCurrentPosition
I/        (   90): CmpbHttpLiveStreaming::getCurrentPosition!
I/        (   90): CmpbHttpLiveStreaming::getCurrentPosition(return 0) exit!
V/MediaPlayerService(   90): [4] getCurrentPosition = 0
D/StateMachine(  152): handleMessage: E msg.what=131155
D/StateMachine(  152): processMsg: ConnectedState
D/WifiStateMachine(  152): ConnectedState{ what=131155 when=-4ms arg1=18 }
D/WifiHW  (  152): send cmd is SIGNAL_POLL 
D/StateMachine(  152): handleMessage: X
V/MediaPlayer(  748): getCurrentPosition
V/MediaPlayerService(   90): getCurrentPosition
I/        (   90): CmpbHttpLiveStreaming::getCurrentPosition!
I/        (   90): CmpbHttpLiveStreaming::getCurrentPosition(return 0) exit!
V/MediaPlayerService(   90): [4] getCurrentPosition = 0
D/dalvikvm(  779): GC_CONCURRENT freed 485K, 12% free 5766K/6535K, paused 0ms+1ms
D/HomePlayerLib(  779): hostaddress count is 1
D/dalvikvm(  779): GC_CONCURRENT freed 523K, 13% free 5747K/6535K, paused 1ms+1ms
D/dalvikvm(  779): GC_CONCURRENT freed 492K, 12% free 5761K/6535K, paused 1ms+1ms
D/dalvikvm(  779): GC_CONCURRENT freed 517K, 13% free 5749K/6535K, paused 0ms+1ms
D/dalvikvm(  779): GC_CONCURRENT freed 416K, 13% free 5748K/6535K, paused 0ms+1ms
D/dalvikvm(  779): GC_CONCURRENT freed 485K, 12% free 5772K/6535K, paused 1ms+2ms
V/MediaPlayer(  748): getCurrentPosition
V/MediaPlayerService(   90): getCurrentPosition
I/        (   90): CmpbHttpLiveStreaming::getCurrentPosition!
I/        (   90): CmpbHttpLiveStreaming::getCurrentPosition(return 0) exit!
V/MediaPlayerService(   90): [4] getCurrentPosition = 0
D/dalvikvm(  779): GC_CONCURRENT freed 534K, 13% free 5748K/6535K, paused 1ms+2ms
D/StatusBar.NetworkController(  250): ------------------EthernetManager is on ----------
D/StatusBar.NetworkController(  250): ------------------getLinkStatus ----------
D/StatusBar.NetworkController(  250): ------------------mEthernetConnected is  ----------false
D/StatusBar.NetworkController(  250): ------------------EthernetManager is on 11-11-11-11-11----------
D/StatusBar.NetworkController(  250): ------------------EthernetManager is on 13-13-13-13-13-13----------
V/MediaPlayer(  748): getCurrentPosition
V/MediaPlayerService(   90): getCurrentPosition
I/        (   90): CmpbHttpLiveStreaming::getCurrentPosition!
I/        (   90): CmpbHttpLiveStreaming::getCurrentPosition(return 0) exit!
V/MediaPlayerService(   90): [4] getCurrentPosition = 0
D/StatusBar.NetworkController(  250): ------------------EthernetManager is on ----------
D/StatusBar.NetworkController(  250): ------------------getLinkStatus ----------
D/StatusBar.NetworkController(  250): ------------------mEthernetConnected is  ----------false
D/StatusBar.NetworkController(  250): ------------------EthernetManager is on 11-11-11-11-11----------
D/StatusBar.NetworkController(  250): ------------------EthernetManager is on 13-13-13-13-13-13----------
D/StateMachine(  152): handleMessage: E msg.what=131155
D/StateMachine(  152): processMsg: ConnectedState
D/WifiStateMachine(  152): ConnectedState{ what=131155 when=-4ms arg1=18 }
D/WifiHW  (  152): send cmd is SIGNAL_POLL 
D/StateMachine(  152): handleMessage: X
V/MediaPlayer(  748): getCurrentPosition
V/MediaPlayerService(   90): getCurrentPosition
I/        (   90): CmpbHttpLiveStreaming::getCurrentPosition!
I/        (   90): CmpbHttpLiveStreaming::getCurrentPosition(return 0) exit!
V/MediaPlayerService(   90): [4] getCurrentPosition = 0
V/MediaPlayer(  748): getCurrentPosition
V/MediaPlayerService(   90): getCurrentPosition
I/        (   90): CmpbHttpLiveStreaming::getCurrentPosition!
I/        (   90): CmpbHttpLiveStreaming::getCurrentPosition(return 0) exit!
V/MediaPlayerService(   90): [4] getCurrentPosition = 0
V/MediaPlayer(  748): getCurrentPosition
V/MediaPlayerService(   90): getCurrentPosition
I/        (   90): CmpbHttpLiveStreaming::getCurrentPosition!
I/        (   90): CmpbHttpLiveStreaming::getCurrentPosition(return 0) exit!
V/MediaPlayerService(   90): [4] getCurrentPosition = 0
D/StateMachine(  152): handleMessage: E msg.what=131155
D/StateMachine(  152): processMsg: ConnectedState
D/WifiStateMachine(  152): ConnectedState{ what=131155 when=-4ms arg1=18 }
D/WifiHW  (  152): send cmd is SIGNAL_POLL 
D/StateMachine(  152): handleMessage: X
V/MediaPlayer(  748): getCurrentPosition
V/MediaPlayerService(   90): getCurrentPosition
I/        (   90): CmpbHttpLiveStreaming::getCurrentPosition!
I/        (   90): CmpbHttpLiveStreaming::getCurrentPosition(return 0) exit!
V/MediaPlayerService(   90): [4] getCurrentPosition = 0
V/MediaPlayer(  748): getCurrentPosition
V/MediaPlayerService(   90): getCurrentPosition
I/        (   90): CmpbHttpLiveStreaming::getCurrentPosition!
I/        (   90): CmpbHttpLiveStreaming::getCurrentPosition(return 0) exit!
V/MediaPlayerService(   90): [4] getCurrentPosition = 0
V/MediaPlayer(  748): getCurrentPosition
V/MediaPlayerService(   90): getCurrentPosition
I/        (   90): CmpbHttpLiveStreaming::getCurrentPosition!
I/        (   90): CmpbHttpLiveStreaming::getCurrentPosition(return 0) exit!
V/MediaPlayerService(   90): [4] getCurrentPosition = 0
D/StateMachine(  152): handleMessage: E msg.what=131155
D/StateMachine(  152): processMsg: ConnectedState
D/WifiStateMachine(  152): ConnectedState{ what=131155 when=-4ms arg1=18 }
D/WifiHW  (  152): send cmd is SIGNAL_POLL 
D/StateMachine(  152): handleMessage: X
D/dalvikvm(  779): GC_CONCURRENT freed 501K, 13% free 5749K/6535K, paused 0ms+1ms
V/MediaPlayer(  748): getCurrentPosition
V/MediaPlayerService(   90): getCurrentPosition
I/        (   90): CmpbHttpLiveStreaming::getCurrentPosition!
I/        (   90): CmpbHttpLiveStreaming::getCurrentPosition(return 0) exit!
V/MediaPlayerService(   90): [4] getCurrentPosition = 0
V/MediaPlayer(  748): getCurrentPosition
V/MediaPlayerService(   90): getCurrentPosition
I/        (   90): CmpbHttpLiveStreaming::getCurrentPosition!
I/        (   90): CmpbHttpLiveStreaming::getCurrentPosition(return 0) exit!
V/MediaPlayerService(   90): [4] getCurrentPosition = 0
D/dalvikvm(  779): GC_CONCURRENT freed 441K, 13% free 5741K/6535K, paused 0ms+1ms
V/MediaPlayer(  748): getCurrentPosition
V/MediaPlayerService(   90): getCurrentPosition
I/        (   90): CmpbHttpLiveStreaming::getCurrentPosition!
I/        (   90): CmpbHttpLiveStreaming::getCurrentPosition(return 0) exit!
V/MediaPlayerService(   90): [4] getCurrentPosition = 0
D/HomePlayerLib(  779): hostaddress count is 1
D/dalvikvm(  779): GC_CONCURRENT freed 500K, 13% free 5746K/6535K, paused 1ms+1ms
D/dalvikvm(  779): GC_CONCURRENT freed 507K, 12% free 5756K/6535K, paused 0ms+1ms
D/dalvikvm(  779): GC_CONCURRENT freed 482K, 12% free 5785K/6535K, paused 1ms+1ms
D/dalvikvm(  779): GC_CONCURRENT freed 536K, 12% free 5753K/6535K, paused 1ms+2ms
D/StatusBar.NetworkController(  250): ------------------EthernetManager is on ----------
D/StatusBar.NetworkController(  250): ------------------getLinkStatus ----------
D/StatusBar.NetworkController(  250): ------------------mEthernetConnected is  ----------false
D/StatusBar.NetworkController(  250): ------------------EthernetManager is on 11-11-11-11-11----------
D/StatusBar.NetworkController(  250): ------------------EthernetManager is on 13-13-13-13-13-13----------
D/StateMachine(  152): handleMessage: E msg.what=131155
D/StateMachine(  152): processMsg: ConnectedState
D/WifiStateMachine(  152): ConnectedState{ what=131155 when=-4ms arg1=18 }
D/WifiHW  (  152): send cmd is SIGNAL_POLL 
D/StateMachine(  152): handleMessage: X
D/dalvikvm(  779): GC_CONCURRENT freed 518K, 13% free 5744K/6535K, paused 0ms+1ms
D/dalvikvm(  779): GC_CONCURRENT freed 380K, 12% free 5756K/6535K, paused 1ms+1ms
D/dalvikvm(  779): GC_CONCURRENT freed 499K, 12% free 5768K/6535K, paused 0ms+1ms
V/MediaPlayer(  748): getCurrentPosition
V/MediaPlayerService(   90): getCurrentPosition
I/        (   90): CmpbHttpLiveStreaming::getCurrentPosition!
I/        (   90): CmpbHttpLiveStreaming::getCurrentPosition(return 0) exit!
V/MediaPlayerService(   90): [4] getCurrentPosition = 0
V/MediaPlayer(  748): getCurrentPosition
V/MediaPlayerService(   90): getCurrentPosition
I/        (   90): CmpbHttpLiveStreaming::getCurrentPosition!
I/        (   90): CmpbHttpLiveStreaming::getCurrentPosition(return 0) exit!
V/MediaPlayerService(   90): [4] getCurrentPosition = 0
D/dalvikvm(  779): GC_CONCURRENT freed 415K, 13% free 5742K/6535K, paused 0ms+1ms
V/MediaPlayer(  748): getCurrentPosition
V/MediaPlayerService(   90): getCurrentPosition
I/        (   90): CmpbHttpLiveStreaming::getCurrentPosition!
I/        (   90): CmpbHttpLiveStreaming::getCurrentPosition(return 0) exit!
V/MediaPlayerService(   90): [4] getCurrentPosition = 0
D/StateMachine(  152): handleMessage: E msg.what=131155
D/StateMachine(  152): processMsg: ConnectedState
D/WifiStateMachine(  152): ConnectedState{ what=131155 when=-4ms arg1=18 }
D/WifiHW  (  152): send cmd is SIGNAL_POLL 
D/StateMachine(  152): handleMessage: X
D/dalvikvm(  779): GC_CONCURRENT freed 481K, 13% free 5745K/6535K, paused 1ms+1ms
V/MediaPlayer(  748): getCurrentPosition
V/MediaPlayerService(   90): getCurrentPosition
I/        (   90): CmpbHttpLiveStreaming::getCurrentPosition!
I/        (   90): CmpbHttpLiveStreaming::getCurrentPosition(return 0) exit!
V/MediaPlayerService(   90): [4] getCurrentPosition = 0
V/MediaPlayer(  748): getCurrentPosition
V/MediaPlayerService(   90): getCurrentPosition
I/        (   90): CmpbHttpLiveStreaming::getCurrentPosition!
I/        (   90): CmpbHttpLiveStreaming::getCurrentPosition(return 0) exit!
V/MediaPlayerService(   90): [4] getCurrentPosition = 0
V/MediaPlayer(  748): getCurrentPosition
V/MediaPlayerService(   90): getCurrentPosition
I/        (   90): CmpbHttpLiveStreaming::getCurrentPosition!
I/        (   90): CmpbHttpLiveStreaming::getCurrentPosition(return 0) exit!
V/MediaPlayerService(   90): [4] getCurrentPosition = 0
D/StatusBar.NetworkController(  250): ------------------EthernetManager is on ----------
D/StatusBar.NetworkController(  250): ------------------getLinkStatus ----------
D/StatusBar.NetworkController(  250): ------------------mEthernetConnected is  ----------false
D/StatusBar.NetworkController(  250): ------------------EthernetManager is on 11-11-11-11-11----------
D/StatusBar.NetworkController(  250): ------------------EthernetManager is on 13-13-13-13-13-13----------
D/StateMachine(  152): handleMessage: E msg.what=131155
D/StateMachine(  152): processMsg: ConnectedState
D/WifiStateMachine(  152): ConnectedState{ what=131155 when=-4ms arg1=18 }
D/WifiHW  (  152): send cmd is SIGNAL_POLL 
D/StateMachine(  152): handleMessage: X
D/dalvikvm(  779): GC_CONCURRENT freed 455K, 13% free 5746K/6535K, paused 1ms+1ms
D/dalvikvm(  779): GC_CONCURRENT freed 504K, 13% free 5750K/6535K, paused 0ms+1ms
V/MediaPlayer(  748): getCurrentPosition
V/MediaPlayerService(   90): getCurrentPosition
I/        (   90): CmpbHttpLiveStreaming::getCurrentPosition!
I/        (   90): CmpbHttpLiveStreaming::getCurrentPosition(return 0) exit!
V/MediaPlayerService(   90): [4] getCurrentPosition = 0
D/dalvikvm(  779): GC_CONCURRENT freed 415K, 13% free 5738K/6535K, paused 1ms+2ms
V/MediaPlayer(  748): getCurrentPosition
V/MediaPlayerService(   90): getCurrentPosition
I/        (   90): CmpbHttpLiveStreaming::getCurrentPosition!
I/        (   90): CmpbHttpLiveStreaming::getCurrentPosition(return 0) exit!
V/MediaPlayerService(   90): [4] getCurrentPosition = 0
V/MediaPlayer(  748): getCurrentPosition
V/MediaPlayerService(   90): getCurrentPosition
I/        (   90): CmpbHttpLiveStreaming::getCurrentPosition!
I/        (   90): CmpbHttpLiveStreaming::getCurrentPosition(return 0) exit!
V/MediaPlayerService(   90): [4] getCurrentPosition = 0
D/StateMachine(  152): handleMessage: E msg.what=131155
D/StateMachine(  152): processMsg: ConnectedState
D/WifiStateMachine(  152): ConnectedState{ what=131155 when=-3ms arg1=18 }
D/WifiHW  (  152): send cmd is SIGNAL_POLL 
D/StateMachine(  152): handleMessage: X
V/MediaPlayer(  748): getCurrentPosition
V/MediaPlayerService(   90): getCurrentPosition
I/        (   90): CmpbHttpLiveStreaming::getCurrentPosition!
I/        (   90): CmpbHttpLiveStreaming::getCurrentPosition(return 0) exit!
V/MediaPlayerService(   90): [4] getCurrentPosition = 0
D/StatusBar.NetworkController(  250): ------------------EthernetManager is on ----------
D/StatusBar.NetworkController(  250): ------------------getLinkStatus ----------
D/StatusBar.NetworkController(  250): ------------------mEthernetConnected is  ----------false
D/StatusBar.NetworkController(  250): ------------------EthernetManager is on 11-11-11-11-11----------
D/StatusBar.NetworkController(  250): ------------------EthernetManager is on 13-13-13-13-13-13----------
D/dalvikvm(  779): GC_CONCURRENT freed 507K, 13% free 5743K/6535K, paused 0ms+1ms
D/HomePlayerLib(  779): hostaddress count is 1
D/dalvikvm(  779): GC_CONCURRENT freed 508K, 13% free 5739K/6535K, paused 1ms+1ms
D/dalvikvm(  779): GC_CONCURRENT freed 486K, 12% free 5759K/6535K, paused 1ms+1ms
D/dalvikvm(  779): GC_CONCURRENT freed 519K, 13% free 5744K/6535K, paused 0ms+2ms
V/MediaPlayer(  748): getCurrentPosition
V/MediaPlayerService(   90): getCurrentPosition
I/        (   90): CmpbHttpLiveStreaming::getCurrentPosition!
I/        (   90): CmpbHttpLiveStreaming::getCurrentPosition(return 0) exit!
V/MediaPlayerService(   90): [4] getCurrentPosition = 0
D/dalvikvm(  779): GC_CONCURRENT freed 467K, 13% free 5743K/6535K, paused 1ms+2ms
D/dalvikvm(  779): GC_CONCURRENT freed 463K, 13% free 5746K/6535K, paused 0ms+1ms
D/dalvikvm(  779): GC_CONCURRENT freed 511K, 13% free 5747K/6535K, paused 0ms+2ms
V/MediaPlayer(  748): getCurrentPosition
V/MediaPlayerService(   90): getCurrentPosition
I/        (   90): CmpbHttpLiveStreaming::getCurrentPosition!
I/        (   90): CmpbHttpLiveStreaming::getCurrentPosition(return 0) exit!
V/MediaPlayerService(   90): [4] getCurrentPosition = 0
D/StatusBar.NetworkController(  250): ------------------EthernetManager is on ----------
D/StatusBar.NetworkController(  250): ------------------getLinkStatus ----------
D/StatusBar.NetworkController(  250): ------------------mEthernetConnected is  ----------false
D/StatusBar.NetworkController(  250): ------------------EthernetManager is on 11-11-11-11-11----------
D/StatusBar.NetworkController(  250): ------------------EthernetManager is on 13-13-13-13-13-13----------
D/StateMachine(  152): handleMessage: E msg.what=131155
D/StateMachine(  152): processMsg: ConnectedState
D/WifiStateMachine(  152): ConnectedState{ what=131155 when=-4ms arg1=18 }
D/WifiHW  (  152): send cmd is SIGNAL_POLL 
D/StateMachine(  152): handleMessage: X
V/MediaPlayer(  748): getCurrentPosition
V/MediaPlayerService(   90): getCurrentPosition
I/        (   90): CmpbHttpLiveStreaming::getCurrentPosition!
I/        (   90): CmpbHttpLiveStreaming::getCurrentPosition(return 0) exit!
V/MediaPlayerService(   90): [4] getCurrentPosition = 0
V/MediaPlayer(  748): getCurrentPosition
V/MediaPlayerService(   90): getCurrentPosition
I/        (   90): CmpbHttpLiveStreaming::getCurrentPosition!
I/        (   90): CmpbHttpLiveStreaming::getCurrentPosition(return 0) exit!
V/MediaPlayerService(   90): [4] getCurrentPosition = 0
V/MediaPlayer(  748): getCurrentPosition
V/MediaPlayerService(   90): getCurrentPosition
I/        (   90): CmpbHttpLiveStreaming::getCurrentPosition!
I/        (   90): CmpbHttpLiveStreaming::getCurrentPosition(return 0) exit!
V/MediaPlayerService(   90): [4] getCurrentPosition = 0
D/StateMachine(  152): handleMessage: E msg.what=131155
D/StateMachine(  152): processMsg: ConnectedState
D/WifiStateMachine(  152): ConnectedState{ what=131155 when=-4ms arg1=18 }
D/WifiHW  (  152): send cmd is SIGNAL_POLL 
D/StateMachine(  152): handleMessage: X
V/MediaPlayer(  748): getCurrentPosition
V/MediaPlayerService(   90): getCurrentPosition
I/        (   90): CmpbHttpLiveStreaming::getCurrentPosition!
I/        (   90): CmpbHttpLiveStreaming::getCurrentPosition(return 0) exit!
V/MediaPlayerService(   90): [4] getCurrentPosition = 0
D/StatusBar.NetworkController(  250): ------------------EthernetManager is on ----------
D/StatusBar.NetworkController(  250): ------------------getLinkStatus ----------
D/StatusBar.NetworkController(  250): ------------------mEthernetConnected is  ----------false
D/StatusBar.NetworkController(  250): ------------------EthernetManager is on 11-11-11-11-11----------
D/StatusBar.NetworkController(  250): ------------------EthernetManager is on 13-13-13-13-13-13----------
V/MediaPlayer(  748): getCurrentPosition
V/MediaPlayerService(   90): getCurrentPosition
I/        (   90): CmpbHttpLiveStreaming::getCurrentPosition!
I/        (   90): CmpbHttpLiveStreaming::getCurrentPosition(return 0) exit!
V/MediaPlayerService(   90): [4] getCurrentPosition = 0
D/StatusBar.NetworkController(  250): ------------------EthernetManager is on ----------
D/StatusBar.NetworkController(  250): ------------------getLinkStatus ----------
D/StatusBar.NetworkController(  250): ------------------mEthernetConnected is  ----------false
D/StatusBar.NetworkController(  250): ------------------EthernetManager is on 11-11-11-11-11----------
D/StatusBar.NetworkController(  250): ------------------EthernetManager is on 13-13-13-13-13-13----------
V/MediaPlayer(  748): getCurrentPosition
V/MediaPlayerService(   90): getCurrentPosition
I/        (   90): CmpbHttpLiveStreaming::getCurrentPosition!
I/        (   90): CmpbHttpLiveStreaming::getCurrentPosition(return 0) exit!
V/MediaPlayerService(   90): [4] getCurrentPosition = 0
D/StateMachine(  152): handleMessage: E msg.what=131155
D/StateMachine(  152): processMsg: ConnectedState
D/WifiStateMachine(  152): ConnectedState{ what=131155 when=-4ms arg1=18 }
D/WifiHW  (  152): send cmd is SIGNAL_POLL 
D/StateMachine(  152): handleMessage: X
V/MediaPlayer(  748): getCurrentPosition
V/MediaPlayerService(   90): getCurrentPosition
I/        (   90): CmpbHttpLiveStreaming::getCurrentPosition!
I/        (   90): CmpbHttpLiveStreaming::getCurrentPosition(return 0) exit!
V/MediaPlayerService(   90): [4] getCurrentPosition = 0
V/MediaPlayer(  748): getCurrentPosition
V/MediaPlayerService(   90): getCurrentPosition
I/        (   90): CmpbHttpLiveStreaming::getCurrentPosition!
I/        (   90): CmpbHttpLiveStreaming::getCurrentPosition(return 0) exit!
V/MediaPlayerService(   90): [4] getCurrentPosition = 0
D/StatusBar.NetworkController(  250): ------------------EthernetManager is on ----------
D/StatusBar.NetworkController(  250): ------------------getLinkStatus ----------
D/StatusBar.NetworkController(  250): ------------------mEthernetConnected is  ----------false
D/StatusBar.NetworkController(  250): ------------------EthernetManager is on 11-11-11-11-11----------
D/StatusBar.NetworkController(  250): ------------------EthernetManager is on 13-13-13-13-13-13----------
V/MediaPlayer(  748): getCurrentPosition
V/MediaPlayerService(   90): getCurrentPosition
I/        (   90): CmpbHttpLiveStreaming::getCurrentPosition!
I/        (   90): CmpbHttpLiveStreaming::getCurrentPosition(return 0) exit!
V/MediaPlayerService(   90): [4] getCurrentPosition = 0
D/StatusBar.NetworkController(  250): ------------------EthernetManager is on ----------
D/StatusBar.NetworkController(  250): ------------------getLinkStatus ----------
D/StatusBar.NetworkController(  250): ------------------mEthernetConnected is  ----------false
D/StatusBar.NetworkController(  250): ------------------EthernetManager is on 11-11-11-11-11----------
D/StatusBar.NetworkController(  250): ------------------EthernetManager is on 13-13-13-13-13-13----------
D/dalvikvm(  779): GC_CONCURRENT freed 486K, 12% free 5766K/6535K, paused 1ms+2ms
D/StateMachine(  152): handleMessage: E msg.what=131155
D/StateMachine(  152): processMsg: ConnectedState
D/WifiStateMachine(  152): ConnectedState{ what=131155 when=-4ms arg1=18 }
D/WifiHW  (  152): send cmd is SIGNAL_POLL 
D/StateMachine(  152): handleMessage: X
D/HomePlayerLib(  779): hostaddress count is 1
D/dalvikvm(  779): GC_CONCURRENT freed 507K, 12% free 5764K/6535K, paused 0ms+1ms
D/dalvikvm(  779): GC_CONCURRENT freed 525K, 13% free 5745K/6535K, paused 0ms+1ms
D/dalvikvm(  779): GC_CONCURRENT freed 497K, 12% free 5752K/6535K, paused 0ms+1ms
D/dalvikvm(  779): GC_CONCURRENT freed 421K, 13% free 5744K/6535K, paused 1ms+1ms
D/dalvikvm(  779): GC_CONCURRENT freed 515K, 13% free 5737K/6535K, paused 1ms+1ms
V/MediaPlayer(  748): getCurrentPosition
V/MediaPlayerService(   90): getCurrentPosition
I/        (   90): CmpbHttpLiveStreaming::getCurrentPosition!
I/        (   90): CmpbHttpLiveStreaming::getCurrentPosition(return 0) exit!
V/MediaPlayerService(   90): [4] getCurrentPosition = 0
D/dalvikvm(  779): GC_CONCURRENT freed 498K, 13% free 5750K/6535K, paused 0ms+1ms
D/StatusBar.NetworkController(  250): ------------------EthernetManager is on ----------
D/StatusBar.NetworkController(  250): ------------------getLinkStatus ----------
D/StatusBar.NetworkController(  250): ------------------mEthernetConnected is  ----------false
D/StatusBar.NetworkController(  250): ------------------EthernetManager is on 11-11-11-11-11----------
D/StatusBar.NetworkController(  250): ------------------EthernetManager is on 13-13-13-13-13-13----------
V/MediaPlayer(  748): getCurrentPosition
V/MediaPlayerService(   90): getCurrentPosition
I/        (   90): CmpbHttpLiveStreaming::getCurrentPosition!
I/        (   90): CmpbHttpLiveStreaming::getCurrentPosition(return 0) exit!
V/MediaPlayerService(   90): [4] getCurrentPosition = 0
D/StatusBar.NetworkController(  250): ------------------EthernetManager is on ----------
D/StatusBar.NetworkController(  250): ------------------getLinkStatus ----------
D/StatusBar.NetworkController(  250): ------------------mEthernetConnected is  ----------false
D/StatusBar.NetworkController(  250): ------------------EthernetManager is on 11-11-11-11-11----------
D/StatusBar.NetworkController(  250): ------------------EthernetManager is on 13-13-13-13-13-13----------
V/MediaPlayer(  748): getCurrentPosition
V/MediaPlayerService(   90): getCurrentPosition
I/        (   90): CmpbHttpLiveStreaming::getCurrentPosition!
I/        (   90): CmpbHttpLiveStreaming::getCurrentPosition(return 0) exit!
V/MediaPlayerService(   90): [4] getCurrentPosition = 0
D/StateMachine(  152): handleMessage: E msg.what=131155
D/StateMachine(  152): processMsg: ConnectedState
D/WifiStateMachine(  152): ConnectedState{ what=131155 when=-4ms arg1=18 }
D/WifiHW  (  152): send cmd is SIGNAL_POLL 
D/StateMachine(  152): handleMessage: X
V/MediaPlayer(  748): getCurrentPosition
V/MediaPlayerService(   90): getCurrentPosition
I/        (   90): CmpbHttpLiveStreaming::getCurrentPosition!
I/        (   90): CmpbHttpLiveStreaming::getCurrentPosition(return 0) exit!
V/MediaPlayerService(   90): [4] getCurrentPosition = 0
V/MediaPlayer(  748): getCurrentPosition
V/MediaPlayerService(   90): getCurrentPosition
I/        (   90): CmpbHttpLiveStreaming::getCurrentPosition!
I/        (   90): CmpbHttpLiveStreaming::getCurrentPosition(return 0) exit!
V/MediaPlayerService(   90): [4] getCurrentPosition = 0
V/MediaPlayer(  748): getCurrentPosition
V/MediaPlayerService(   90): getCurrentPosition
I/        (   90): CmpbHttpLiveStreaming::getCurrentPosition!
I/        (   90): CmpbHttpLiveStreaming::getCurrentPosition(return 0) exit!
V/MediaPlayerService(   90): [4] getCurrentPosition = 0
D/StateMachine(  152): handleMessage: E msg.what=131155
D/StateMachine(  152): processMsg: ConnectedState
D/WifiStateMachine(  152): ConnectedState{ what=131155 when=-4ms arg1=18 }
D/WifiHW  (  152): send cmd is SIGNAL_POLL 
D/StateMachine(  152): handleMessage: X
V/MediaPlayer(  748): getCurrentPosition
V/MediaPlayerService(   90): getCurrentPosition
I/        (   90): CmpbHttpLiveStreaming::getCurrentPosition!
I/        (   90): CmpbHttpLiveStreaming::getCurrentPosition(return 0) exit!
V/MediaPlayerService(   90): [4] getCurrentPosition = 0
V/MediaPlayer(  748): getCurrentPosition
V/MediaPlayerService(   90): getCurrentPosition
I/        (   90): CmpbHttpLiveStreaming::getCurrentPosition!
I/        (   90): CmpbHttpLiveStreaming::getCurrentPosition(return 0) exit!
V/MediaPlayerService(   90): [4] getCurrentPosition = 0
V/MediaPlayer(  748): getCurrentPosition
V/MediaPlayerService(   90): getCurrentPosition
I/        (   90): CmpbHttpLiveStreaming::getCurrentPosition!
I/        (   90): CmpbHttpLiveStreaming::getCurrentPosition(return 0) exit!
V/MediaPlayerService(   90): [4] getCurrentPosition = 0
D/StatusBar.NetworkController(  250): ------------------EthernetManager is on ----------
D/StatusBar.NetworkController(  250): ------------------getLinkStatus ----------
D/StatusBar.NetworkController(  250): ------------------mEthernetConnected is  ----------false
D/StatusBar.NetworkController(  250): ------------------EthernetManager is on 11-11-11-11-11----------
D/StatusBar.NetworkController(  250): ------------------EthernetManager is on 13-13-13-13-13-13----------
D/StateMachine(  152): handleMessage: E msg.what=131155
D/StateMachine(  152): processMsg: ConnectedState
D/WifiStateMachine(  152): ConnectedState{ what=131155 when=-4ms arg1=18 }
D/WifiHW  (  152): send cmd is SIGNAL_POLL 
D/StateMachine(  152): handleMessage: X
V/MediaPlayer(  748): getCurrentPosition
V/MediaPlayerService(   90): getCurrentPosition
I/        (   90): CmpbHttpLiveStreaming::getCurrentPosition!
I/        (   90): CmpbHttpLiveStreaming::getCurrentPosition(return 0) exit!
V/MediaPlayerService(   90): [4] getCurrentPosition = 0
D/StatusBar.NetworkController(  250): ------------------EthernetManager is on ----------
D/StatusBar.NetworkController(  250): ------------------getLinkStatus ----------
D/StatusBar.NetworkController(  250): ------------------mEthernetConnected is  ----------false
D/StatusBar.NetworkController(  250): ------------------EthernetManager is on 11-11-11-11-11----------
D/StatusBar.NetworkController(  250): ------------------EthernetManager is on 13-13-13-13-13-13----------
D/dalvikvm(  779): GC_CONCURRENT freed 524K, 13% free 5736K/6535K, paused 1ms+1ms
D/dalvikvm(  779): GC_CONCURRENT freed 499K, 13% free 5742K/6535K, paused 0ms+1ms
V/MediaPlayer(  748): getCurrentPosition
V/MediaPlayerService(   90): getCurrentPosition
I/        (   90): CmpbHttpLiveStreaming::getCurrentPosition!
I/        (   90): CmpbHttpLiveStreaming::getCurrentPosition(return 0) exit!
V/MediaPlayerService(   90): [4] getCurrentPosition = 0
D/dalvikvm(  779): GC_CONCURRENT freed 504K, 13% free 5748K/6535K, paused 1ms+1ms
D/HomePlayerLib(  779): hostaddress count is 1
D/dalvikvm(  779): GC_CONCURRENT freed 513K, 13% free 5746K/6535K, paused 0ms+1ms
D/dalvikvm(  779): GC_CONCURRENT freed 496K, 12% free 5762K/6535K, paused 0ms+2ms
D/dalvikvm(  779): GC_CONCURRENT freed 446K, 13% free 5745K/6535K, paused 0ms+1ms
D/dalvikvm(  779): GC_CONCURRENT freed 505K, 13% free 5750K/6535K, paused 0ms+1ms
D/dalvikvm(  779): GC_CONCURRENT freed 501K, 12% free 5755K/6535K, paused 0ms+1ms
D/dalvikvm(  779): GC_CONCURRENT freed 482K, 12% free 5770K/6535K, paused 0ms+1ms
V/MediaPlayer(  748): getCurrentPosition
V/MediaPlayerService(   90): getCurrentPosition
I/        (   90): CmpbHttpLiveStreaming::getCurrentPosition!
I/        (   90): CmpbHttpLiveStreaming::getCurrentPosition(return 0) exit!
V/MediaPlayerService(   90): [4] getCurrentPosition = 0
D/dalvikvm(  779): GC_CONCURRENT freed 421K, 13% free 5733K/6535K, paused 1ms+2ms
D/dalvikvm(  779): GC_CONCURRENT freed 498K, 13% free 5747K/6535K, paused 1ms+1ms
D/StatusBar.NetworkController(  250): ------------------EthernetManager is on ----------
D/StatusBar.NetworkController(  250): ------------------getLinkStatus ----------
D/StatusBar.NetworkController(  250): ------------------mEthernetConnected is  ----------false
D/StatusBar.NetworkController(  250): ------------------EthernetManager is on 11-11-11-11-11----------
D/StatusBar.NetworkController(  250): ------------------EthernetManager is on 13-13-13-13-13-13----------
D/StateMachine(  152): handleMessage: E msg.what=131155
D/StateMachine(  152): processMsg: ConnectedState
D/WifiStateMachine(  152): ConnectedState{ what=131155 when=-4ms arg1=18 }
D/WifiHW  (  152): send cmd is SIGNAL_POLL 
D/StateMachine(  152): handleMessage: X
V/MediaPlayer(  748): getCurrentPosition
V/MediaPlayerService(   90): getCurrentPosition
I/        (   90): CmpbHttpLiveStreaming::getCurrentPosition!
I/        (   90): CmpbHttpLiveStreaming::getCurrentPosition(return 0) exit!
V/MediaPlayerService(   90): [4] getCurrentPosition = 0
D/StatusBar.NetworkController(  250): ------------------EthernetManager is on ----------
D/StatusBar.NetworkController(  250): ------------------getLinkStatus ----------
D/StatusBar.NetworkController(  250): ------------------mEthernetConnected is  ----------false
D/StatusBar.NetworkController(  250): ------------------EthernetManager is on 11-11-11-11-11----------
D/StatusBar.NetworkController(  250): ------------------EthernetManager is on 13-13-13-13-13-13----------
V/MediaPlayer(  748): getCurrentPosition
V/MediaPlayerService(   90): getCurrentPosition
I/        (   90): CmpbHttpLiveStreaming::getCurrentPosition!
I/        (   90): CmpbHttpLiveStreaming::getCurrentPosition(return 0) exit!
V/MediaPlayerService(   90): [4] getCurrentPosition = 0
V/MediaPlayer(  748): getCurrentPosition
V/MediaPlayerService(   90): getCurrentPosition
I/        (   90): CmpbHttpLiveStreaming::getCurrentPosition!
I/        (   90): CmpbHttpLiveStreaming::getCurrentPosition(return 0) exit!
V/MediaPlayerService(   90): [4] getCurrentPosition = 0
D/StateMachine(  152): handleMessage: E msg.what=131155
D/StateMachine(  152): processMsg: ConnectedState
D/WifiStateMachine(  152): ConnectedState{ what=131155 when=-3ms arg1=18 }
D/WifiHW  (  152): send cmd is SIGNAL_POLL 
D/StateMachine(  152): handleMessage: X
V/MediaPlayer(  748): getCurrentPosition
V/MediaPlayerService(   90): getCurrentPosition
I/        (   90): CmpbHttpLiveStreaming::getCurrentPosition!
I/        (   90): CmpbHttpLiveStreaming::getCurrentPosition(return 0) exit!
V/MediaPlayerService(   90): [4] getCurrentPosition = 0
V/MediaPlayer(  748): getCurrentPosition
V/MediaPlayerService(   90): getCurrentPosition
I/        (   90): CmpbHttpLiveStreaming::getCurrentPosition!
I/        (   90): CmpbHttpLiveStreaming::getCurrentPosition(return 0) exit!
V/MediaPlayerService(   90): [4] getCurrentPosition = 0
D/dalvikvm(  779): GC_CONCURRENT freed 485K, 12% free 5767K/6535K, paused 0ms+1ms
D/dalvikvm(  779): GC_CONCURRENT freed 496K, 12% free 5767K/6535K, paused 4ms+1ms
D/dalvikvm(  779): GC_CONCURRENT freed 519K, 13% free 5746K/6535K, paused 1ms+1ms
V/MediaPlayer(  748): getCurrentPosition
V/MediaPlayerService(   90): getCurrentPosition
I/        (   90): CmpbHttpLiveStreaming::getCurrentPosition!
I/        (   90): CmpbHttpLiveStreaming::getCurrentPosition(return 0) exit!
V/MediaPlayerService(   90): [4] getCurrentPosition = 0
D/dalvikvm(  779): GC_CONCURRENT freed 419K, 13% free 5740K/6535K, paused 0ms+1ms
D/dalvikvm(  779): GC_CONCURRENT freed 491K, 13% free 5743K/6535K, paused 1ms+1ms
D/StateMachine(  152): handleMessage: E msg.what=131155
D/StateMachine(  152): processMsg: ConnectedState
D/WifiStateMachine(  152): ConnectedState{ what=131155 when=-4ms arg1=18 }
D/WifiHW  (  152): send cmd is SIGNAL_POLL 
D/StateMachine(  152): handleMessage: X
D/dalvikvm(  779): GC_CONCURRENT freed 507K, 13% free 5746K/6535K, paused 1ms+2ms
V/MediaPlayer(  748): getCurrentPosition
V/MediaPlayerService(   90): getCurrentPosition
I/        (   90): CmpbHttpLiveStreaming::getCurrentPosition!
I/        (   90): CmpbHttpLiveStreaming::getCurrentPosition(return 0) exit!
V/MediaPlayerService(   90): [4] getCurrentPosition = 0
D/StatusBar.NetworkController(  250): ------------------EthernetManager is on ----------
D/StatusBar.NetworkController(  250): ------------------getLinkStatus ----------
D/StatusBar.NetworkController(  250): ------------------mEthernetConnected is  ----------false
D/StatusBar.NetworkController(  250): ------------------EthernetManager is on 11-11-11-11-11----------
D/StatusBar.NetworkController(  250): ------------------EthernetManager is on 13-13-13-13-13-13----------
V/MediaPlayer(  748): getCurrentPosition
V/MediaPlayerService(   90): getCurrentPosition
I/        (   90): CmpbHttpLiveStreaming::getCurrentPosition!
I/        (   90): CmpbHttpLiveStreaming::getCurrentPosition(return 0) exit!
V/MediaPlayerService(   90): [4] getCurrentPosition = 0
D/StatusBar.NetworkController(  250): ------------------EthernetManager is on ----------
D/StatusBar.NetworkController(  250): ------------------getLinkStatus ----------
D/StatusBar.NetworkController(  250): ------------------mEthernetConnected is  ----------false
D/StatusBar.NetworkController(  250): ------------------EthernetManager is on 11-11-11-11-11----------
D/StatusBar.NetworkController(  250): ------------------EthernetManager is on 13-13-13-13-13-13----------
V/MediaPlayer(  748): getCurrentPosition
V/MediaPlayerService(   90): getCurrentPosition
I/        (   90): CmpbHttpLiveStreaming::getCurrentPosition!
I/        (   90): CmpbHttpLiveStreaming::getCurrentPosition(return 0) exit!
V/MediaPlayerService(   90): [4] getCurrentPosition = 0
D/StateMachine(  152): handleMessage: E msg.what=131155
D/StateMachine(  152): processMsg: ConnectedState
D/WifiStateMachine(  152): ConnectedState{ what=131155 when=-4ms arg1=18 }
D/WifiHW  (  152): send cmd is SIGNAL_POLL 
D/StateMachine(  152): handleMessage: X
V/MediaPlayer(  748): getCurrentPosition
V/MediaPlayerService(   90): getCurrentPosition
I/        (   90): CmpbHttpLiveStreaming::getCurrentPosition!
I/        (   90): CmpbHttpLiveStreaming::getCurrentPosition(return 0) exit!
V/MediaPlayerService(   90): [4] getCurrentPosition = 0
D/HomePlayerLib(  779): hostaddress count is 1
D/dalvikvm(  779): GC_CONCURRENT freed 508K, 13% free 5749K/6535K, paused 1ms+1ms
D/dalvikvm(  779): GC_CONCURRENT freed 498K, 13% free 5750K/6535K, paused 3ms+2ms
D/dalvikvm(  779): GC_CONCURRENT freed 501K, 13% free 5745K/6535K, paused 1ms+2ms
D/StatusBar.NetworkController(  250): ------------------EthernetManager is on ----------
D/StatusBar.NetworkController(  250): ------------------getLinkStatus ----------
D/StatusBar.NetworkController(  250): ------------------mEthernetConnected is  ----------false
D/StatusBar.NetworkController(  250): ------------------EthernetManager is on 11-11-11-11-11----------
D/StatusBar.NetworkController(  250): ------------------EthernetManager is on 13-13-13-13-13-13----------
D/dalvikvm(  779): GC_CONCURRENT freed 414K, 13% free 5744K/6535K, paused 1ms+1ms
D/dalvikvm(  779): GC_CONCURRENT freed 482K, 12% free 5774K/6535K, paused 1ms+2ms
D/dalvikvm(  779): GC_CONCURRENT freed 539K, 13% free 5742K/6535K, paused 1ms+1ms
V/MediaPlayer(  748): getCurrentPosition
V/MediaPlayerService(   90): getCurrentPosition
I/        (   90): CmpbHttpLiveStreaming::getCurrentPosition!
I/        (   90): CmpbHttpLiveStreaming::getCurrentPosition(return 0) exit!
V/MediaPlayerService(   90): [4] getCurrentPosition = 0
V/MediaPlayer(  748): getCurrentPosition
V/MediaPlayerService(   90): getCurrentPosition
I/        (   90): CmpbHttpLiveStreaming::getCurrentPosition!
I/        (   90): CmpbHttpLiveStreaming::getCurrentPosition(return 0) exit!
V/MediaPlayerService(   90): [4] getCurrentPosition = 0
D/StatusBar.NetworkController(  250): ------------------EthernetManager is on ----------
D/StatusBar.NetworkController(  250): ------------------getLinkStatus ----------
D/StatusBar.NetworkController(  250): ------------------mEthernetConnected is  ----------false
D/StatusBar.NetworkController(  250): ------------------EthernetManager is on 11-11-11-11-11----------
D/StatusBar.NetworkController(  250): ------------------EthernetManager is on 13-13-13-13-13-13----------
D/StateMachine(  152): handleMessage: E msg.what=131155
D/StateMachine(  152): processMsg: ConnectedState
D/WifiStateMachine(  152): ConnectedState{ what=131155 when=-4ms arg1=18 }
D/WifiHW  (  152): send cmd is SIGNAL_POLL 
D/StateMachine(  152): handleMessage: X
V/MediaPlayer(  748): getCurrentPosition
V/MediaPlayerService(   90): getCurrentPosition
I/        (   90): CmpbHttpLiveStreaming::getCurrentPosition!
I/        (   90): CmpbHttpLiveStreaming::getCurrentPosition(return 0) exit!
V/MediaPlayerService(   90): [4] getCurrentPosition = 0
V/MediaPlayer(  748): getCurrentPosition
V/MediaPlayerService(   90): getCurrentPosition
I/        (   90): CmpbHttpLiveStreaming::getCurrentPosition!
I/        (   90): CmpbHttpLiveStreaming::getCurrentPosition(return 0) exit!
V/MediaPlayerService(   90): [4] getCurrentPosition = 0
D/dalvikvm(  779): GC_CONCURRENT freed 482K, 12% free 5766K/6535K, paused 0ms+1ms
D/dalvikvm(  779): GC_CONCURRENT freed 517K, 13% free 5746K/6535K, paused 0ms+1ms
D/dalvikvm(  779): GC_CONCURRENT freed 417K, 13% free 5744K/6535K, paused 0ms+1ms
V/MediaPlayer(  748): getCurrentPosition
V/MediaPlayerService(   90): getCurrentPosition
I/        (   90): CmpbHttpLiveStreaming::getCurrentPosition!
I/        (   90): CmpbHttpLiveStreaming::getCurrentPosition(return 0) exit!
V/MediaPlayerService(   90): [4] getCurrentPosition = 0
D/dalvikvm(  779): GC_CONCURRENT freed 508K, 13% free 5747K/6535K, paused 1ms+2ms
D/StateMachine(  152): handleMessage: E msg.what=131155
D/StateMachine(  152): processMsg: ConnectedState
D/WifiStateMachine(  152): ConnectedState{ what=131155 when=-4ms arg1=18 }
D/WifiHW  (  152): send cmd is SIGNAL_POLL 
D/StateMachine(  152): handleMessage: X
V/MediaPlayer(  748): getCurrentPosition
V/MediaPlayerService(   90): getCurrentPosition
I/        (   90): CmpbHttpLiveStreaming::getCurrentPosition!
I/        (   90): CmpbHttpLiveStreaming::getCurrentPosition(return 0) exit!
V/MediaPlayerService(   90): [4] getCurrentPosition = 0
V/MediaPlayer(  748): getCurrentPosition
V/MediaPlayerService(   90): getCurrentPosition
I/        (   90): CmpbHttpLiveStreaming::getCurrentPosition!
I/        (   90): CmpbHttpLiveStreaming::getCurrentPosition(return 0) exit!
V/MediaPlayerService(   90): [4] getCurrentPosition = 0
D/StatusBar.NetworkController(  250): ------------------EthernetManager is on ----------
D/StatusBar.NetworkController(  250): ------------------getLinkStatus ----------
D/StatusBar.NetworkController(  250): ------------------mEthernetConnected is  ----------false
D/StatusBar.NetworkController(  250): ------------------EthernetManager is on 11-11-11-11-11----------
D/StatusBar.NetworkController(  250): ------------------EthernetManager is on 13-13-13-13-13-13----------
V/MediaPlayer(  748): getCurrentPosition
V/MediaPlayerService(   90): getCurrentPosition
I/        (   90): CmpbHttpLiveStreaming::getCurrentPosition!
I/        (   90): CmpbHttpLiveStreaming::getCurrentPosition(return 0) exit!
V/MediaPlayerService(   90): [4] getCurrentPosition = 0
D/StatusBar.NetworkController(  250): ------------------EthernetManager is on ----------
D/StatusBar.NetworkController(  250): ------------------getLinkStatus ----------
D/StatusBar.NetworkController(  250): ------------------mEthernetConnected is  ----------false
D/StatusBar.NetworkController(  250): ------------------EthernetManager is on 11-11-11-11-11----------
D/StatusBar.NetworkController(  250): ------------------EthernetManager is on 13-13-13-13-13-13----------
D/StateMachine(  152): handleMessage: E msg.what=131155
D/StateMachine(  152): processMsg: ConnectedState
D/WifiStateMachine(  152): ConnectedState{ what=131155 when=-4ms arg1=18 }
D/WifiHW  (  152): send cmd is SIGNAL_POLL 
D/StateMachine(  152): handleMessage: X
V/MediaPlayer(  748): getCurrentPosition
V/MediaPlayerService(   90): getCurrentPosition
I/        (   90): CmpbHttpLiveStreaming::getCurrentPosition!
I/        (   90): CmpbHttpLiveStreaming::getCurrentPosition(return 0) exit!
V/MediaPlayerService(   90): [4] getCurrentPosition = 0
V/MediaPlayer(  748): getCurrentPosition
V/MediaPlayerService(   90): getCurrentPosition
I/        (   90): CmpbHttpLiveStreaming::getCurrentPosition!
I/        (   90): CmpbHttpLiveStreaming::getCurrentPosition(return 0) exit!
V/MediaPlayerService(   90): [4] getCurrentPosition = 0
V/MediaPlayer(  748): getCurrentPosition
V/MediaPlayerService(   90): getCurrentPosition
I/        (   90): CmpbHttpLiveStreaming::getCurrentPosition!
I/        (   90): CmpbHttpLiveStreaming::getCurrentPosition(return 0) exit!
V/MediaPlayerService(   90): [4] getCurrentPosition = 0
D/dalvikvm(  779): GC_CONCURRENT freed 522K, 13% free 5733K/6535K, paused 1ms+1ms
D/HomePlayerLib(  779): hostaddress count is 1
D/dalvikvm(  779): GC_CONCURRENT freed 494K, 13% free 5747K/6535K, paused 1ms+1ms
D/dalvikvm(  779): GC_CONCURRENT freed 512K, 13% free 5745K/6535K, paused 1ms+2ms
D/StatusBar.NetworkController(  250): ------------------EthernetManager is on ----------
D/StatusBar.NetworkController(  250): ------------------getLinkStatus ----------
D/StatusBar.NetworkController(  250): ------------------mEthernetConnected is  ----------false
D/StatusBar.NetworkController(  250): ------------------EthernetManager is on 11-11-11-11-11----------
D/StatusBar.NetworkController(  250): ------------------EthernetManager is on 13-13-13-13-13-13----------
D/StateMachine(  152): handleMessage: E msg.what=131155
D/StateMachine(  152): processMsg: ConnectedState
D/WifiStateMachine(  152): ConnectedState{ what=131155 when=-4ms arg1=18 }
D/WifiHW  (  152): send cmd is SIGNAL_POLL 
D/StateMachine(  152): handleMessage: X
D/dalvikvm(  779): GC_CONCURRENT freed 506K, 13% free 5749K/6535K, paused 0ms+1ms
D/dalvikvm(  779): GC_CONCURRENT freed 426K, 12% free 5765K/6535K, paused 0ms+1ms
D/dalvikvm(  779): GC_CONCURRENT freed 500K, 13% free 5743K/6535K, paused 1ms+1ms
D/dalvikvm(  779): GC_CONCURRENT freed 515K, 13% free 5737K/6535K, paused 0ms+1ms
V/MediaPlayer(  748): getCurrentPosition
V/MediaPlayerService(   90): getCurrentPosition
I/        (   90): CmpbHttpLiveStreaming::getCurrentPosition!
I/        (   90): CmpbHttpLiveStreaming::getCurrentPosition(return 0) exit!
V/MediaPlayerService(   90): [4] getCurrentPosition = 0
V/MediaPlayer(  748): getCurrentPosition
V/MediaPlayerService(   90): getCurrentPosition
I/        (   90): CmpbHttpLiveStreaming::getCurrentPosition!
I/        (   90): CmpbHttpLiveStreaming::getCurrentPosition(return 0) exit!
V/MediaPlayerService(   90): [4] getCurrentPosition = 0
D/StatusBar.NetworkController(  250): ------------------EthernetManager is on ----------
D/StatusBar.NetworkController(  250): ------------------getLinkStatus ----------
D/StatusBar.NetworkController(  250): ------------------mEthernetConnected is  ----------false
D/StatusBar.NetworkController(  250): ------------------EthernetManager is on 11-11-11-11-11----------
D/StatusBar.NetworkController(  250): ------------------EthernetManager is on 13-13-13-13-13-13----------
V/MediaPlayer(  748): getCurrentPosition
V/MediaPlayerService(   90): getCurrentPosition
I/        (   90): CmpbHttpLiveStreaming::getCurrentPosition!
I/        (   90): CmpbHttpLiveStreaming::getCurrentPosition(return 0) exit!
V/MediaPlayerService(   90): [4] getCurrentPosition = 0
D/StateMachine(  152): handleMessage: E msg.what=131155
D/StateMachine(  152): processMsg: ConnectedState
D/WifiStateMachine(  152): ConnectedState{ what=131155 when=-4ms arg1=18 }
D/WifiHW  (  152): send cmd is SIGNAL_POLL 
D/StateMachine(  152): handleMessage: X
V/MediaPlayer(  748): getCurrentPosition
V/MediaPlayerService(   90): getCurrentPosition
I/        (   90): CmpbHttpLiveStreaming::getCurrentPosition!
I/        (   90): CmpbHttpLiveStreaming::getCurrentPosition(return 0) exit!
V/MediaPlayerService(   90): [4] getCurrentPosition = 0
V/MediaPlayer(  748): getCurrentPosition
V/MediaPlayerService(   90): getCurrentPosition
I/        (   90): CmpbHttpLiveStreaming::getCurrentPosition!
I/        (   90): CmpbHttpLiveStreaming::getCurrentPosition(return 0) exit!
V/MediaPlayerService(   90): [4] getCurrentPosition = 0
V/MediaPlayer(  748): getCurrentPosition
V/MediaPlayerService(   90): getCurrentPosition
I/        (   90): CmpbHttpLiveStreaming::getCurrentPosition!
I/        (   90): CmpbHttpLiveStreaming::getCurrentPosition(return 0) exit!
V/MediaPlayerService(   90): [4] getCurrentPosition = 0
D/StatusBar.NetworkController(  250): ------------------EthernetManager is on ----------
D/StatusBar.NetworkController(  250): ------------------getLinkStatus ----------
D/StatusBar.NetworkController(  250): ------------------mEthernetConnected is  ----------false
D/StatusBar.NetworkController(  250): ------------------EthernetManager is on 11-11-11-11-11----------
D/StatusBar.NetworkController(  250): ------------------EthernetManager is on 13-13-13-13-13-13----------
D/StateMachine(  152): handleMessage: E msg.what=131155
D/StateMachine(  152): processMsg: ConnectedState
D/WifiStateMachine(  152): ConnectedState{ what=131155 when=-4ms arg1=18 }
D/WifiHW  (  152): send cmd is SIGNAL_POLL 
D/StateMachine(  152): handleMessage: X
D/dalvikvm(  250): GC_CONCURRENT freed 388K, 80% free 6394K/30791K, paused 1ms+4ms
V/MediaPlayer(  748): getCurrentPosition
V/MediaPlayerService(   90): getCurrentPosition
I/        (   90): CmpbHttpLiveStreaming::getCurrentPosition!
I/        (   90): CmpbHttpLiveStreaming::getCurrentPosition(return 0) exit!
V/MediaPlayerService(   90): [4] getCurrentPosition = 0
D/StatusBar.NetworkController(  250): ------------------EthernetManager is on ----------
D/StatusBar.NetworkController(  250): ------------------getLinkStatus ----------
D/StatusBar.NetworkController(  250): ------------------mEthernetConnected is  ----------false
D/StatusBar.NetworkController(  250): ------------------EthernetManager is on 11-11-11-11-11----------
