D/StatusBar.NetworkController(  250): ------------------EthernetManager is on 11-11-11-11-11----------
D/StatusBar.NetworkController(  250): ------------------EthernetManager is on 13-13-13-13-13-13----------
D/StatusBar.NetworkController(  250): ------------------EthernetManager is on ----------
D/StatusBar.NetworkController(  250): ------------------getLinkStatus ----------
D/StatusBar.NetworkController(  250): ------------------mEthernetConnected is  ----------false
D/StatusBar.NetworkController(  250): ------------------EthernetManager is on 11-11-11-11-11----------
D/StatusBar.NetworkController(  250): ------------------EthernetManager is on 13-13-13-13-13-13----------
D/StatusBar.NetworkController(  250): ------------------EthernetManager is on ----------
D/StatusBar.NetworkController(  250): ------------------getLinkStatus ----------
D/StatusBar.NetworkController(  250): ------------------mEthernetConnected is  ----------false
D/StatusBar.NetworkController(  250): ------------------EthernetManager is on 11-11-11-11-11----------
D/StatusBar.NetworkController(  250): ------------------EthernetManager is on 13-13-13-13-13-13----------
D/StatusBar.NetworkController(  250): ------------------EthernetManager is on ----------
D/StatusBar.NetworkController(  250): ------------------getLinkStatus ----------
D/StatusBar.NetworkController(  250): ------------------mEthernetConnected is  ----------false
D/StatusBar.NetworkController(  250): ------------------EthernetManager is on 11-11-11-11-11----------
D/StatusBar.NetworkController(  250): ------------------EthernetManager is on 13-13-13-13-13-13----------
D/StatusBar.NetworkController(  250): ------------------EthernetManager is on ----------
D/StatusBar.NetworkController(  250): ------------------getLinkStatus ----------
D/StatusBar.NetworkController(  250): ------------------mEthernetConnected is  ----------false
D/StatusBar.NetworkController(  250): ------------------EthernetManager is on 11-11-11-11-11----------
D/StatusBar.NetworkController(  250): ------------------EthernetManager is on 13-13-13-13-13-13----------
D/StatusBar.NetworkController(  250): ------------------EthernetManager is on ----------
D/StatusBar.NetworkController(  250): ------------------getLinkStatus ----------
D/StatusBar.NetworkController(  250): ------------------mEthernetConnected is  ----------false
D/StatusBar.NetworkController(  250): ------------------EthernetManager is on 11-11-11-11-11----------
D/StatusBar.NetworkController(  250): ------------------EthernetManager is on 13-13-13-13-13-13----------
D/StatusBar.NetworkController(  250): ------------------EthernetManager is on ----------
D/StatusBar.NetworkController(  250): ------------------getLinkStatus ----------
D/StatusBar.NetworkController(  250): ------------------mEthernetConnected is  ----------false
D/StatusBar.NetworkController(  250): ------------------EthernetManager is on 11-11-11-11-11----------
D/StatusBar.NetworkController(  250): ------------------EthernetManager is on 13-13-13-13-13-13----------
D/StatusBar.NetworkController(  250): ------------------EthernetManager is on ----------
D/StatusBar.NetworkController(  250): ------------------getLinkStatus ----------
D/StatusBar.NetworkController(  250): ------------------mEthernetConnected is  ----------false
D/StatusBar.NetworkController(  250): ------------------EthernetManager is on 11-11-11-11-11----------
D/StatusBar.NetworkController(  250): ------------------EthernetManager is on 13-13-13-13-13-13----------
D/StatusBar.NetworkController(  250): ------------------EthernetManager is on ----------
D/StatusBar.NetworkController(  250): ------------------getLinkStatus ----------
D/StatusBar.NetworkController(  250): ------------------mEthernetConnected is  ----------false
D/StatusBar.NetworkController(  250): ------------------EthernetManager is on 11-11-11-11-11----------
D/StatusBar.NetworkController(  250): ------------------EthernetManager is on 13-13-13-13-13-13----------
D/StatusBar.NetworkController(  250): ------------------EthernetManager is on ----------
D/StatusBar.NetworkController(  250): ------------------getLinkStatus ----------
D/StatusBar.NetworkController(  250): ------------------mEthernetConnected is  ----------false
D/StatusBar.NetworkController(  250): ------------------EthernetManager is on 11-11-11-11-11----------
D/StatusBar.NetworkController(  250): ------------------EthernetManager is on 13-13-13-13-13-13----------
D/StatusBar.NetworkController(  250): ------------------EthernetManager is on ----------
D/StatusBar.NetworkController(  250): ------------------getLinkStatus ----------
D/StatusBar.NetworkController(  250): ------------------mEthernetConnected is  ----------false
D/StatusBar.NetworkController(  250): ------------------EthernetManager is on 11-11-11-11-11----------
D/StatusBar.NetworkController(  250): ------------------EthernetManager is on 13-13-13-13-13-13----------
D/StatusBar.NetworkController(  250): ------------------EthernetManager is on ----------
D/StatusBar.NetworkController(  250): ------------------getLinkStatus ----------
D/StatusBar.NetworkController(  250): ------------------mEthernetConnected is  ----------false
D/StatusBar.NetworkController(  250): ------------------EthernetManager is on 11-11-11-11-11----------
D/StatusBar.NetworkController(  250): ------------------EthernetManager is on 13-13-13-13-13-13----------
D/StatusBar.NetworkController(  250): ------------------EthernetManager is on ----------
D/StatusBar.NetworkController(  250): ------------------getLinkStatus ----------
D/StatusBar.NetworkController(  250): ------------------mEthernetConnected is  ----------false
D/StatusBar.NetworkController(  250): ------------------EthernetManager is on 11-11-11-11-11----------
D/StatusBar.NetworkController(  250): ------------------EthernetManager is on 13-13-13-13-13-13----------
D/StatusBar.NetworkController(  250): ------------------EthernetManager is on ----------
D/StatusBar.NetworkController(  250): ------------------getLinkStatus ----------
D/StatusBar.NetworkController(  250): ------------------mEthernetConnected is  ----------false
D/StatusBar.NetworkController(  250): ------------------EthernetManager is on 11-11-11-11-11----------
D/StatusBar.NetworkController(  250): ------------------EthernetManager is on 13-13-13-13-13-13----------
D/StatusBar.NetworkController(  250): ------------------EthernetManager is on ----------
D/StatusBar.NetworkController(  250): ------------------getLinkStatus ----------
D/StatusBar.NetworkController(  250): ------------------mEthernetConnected is  ----------false
D/StatusBar.NetworkController(  250): ------------------EthernetManager is on 11-11-11-11-11----------
D/StatusBar.NetworkController(  250): ------------------EthernetManager is on 13-13-13-13-13-13----------
D/StatusBar.NetworkController(  250): ------------------EthernetManager is on ----------
D/StatusBar.NetworkController(  250): ------------------getLinkStatus ----------
D/StatusBar.NetworkController(  250): ------------------mEthernetConnected is  ----------false
D/StatusBar.NetworkController(  250): ------------------EthernetManager is on 11-11-11-11-11----------
D/StatusBar.NetworkController(  250): ------------------EthernetManager is on 13-13-13-13-13-13----------
D/StatusBar.NetworkController(  250): ------------------EthernetManager is on ----------
D/StatusBar.NetworkController(  250): ------------------getLinkStatus ----------
D/StatusBar.NetworkController(  250): ------------------mEthernetConnected is  ----------false
D/StatusBar.NetworkController(  250): ------------------EthernetManager is on 11-11-11-11-11----------
D/StatusBar.NetworkController(  250): ------------------EthernetManager is on 13-13-13-13-13-13----------
D/StatusBar.NetworkController(  250): ------------------EthernetManager is on ----------
D/StatusBar.NetworkController(  250): ------------------getLinkStatus ----------
D/StatusBar.NetworkController(  250): ------------------mEthernetConnected is  ----------false
D/StatusBar.NetworkController(  250): ------------------EthernetManager is on 11-11-11-11-11----------
D/StatusBar.NetworkController(  250): ------------------EthernetManager is on 13-13-13-13-13-13----------
D/StatusBar.NetworkController(  250): ------------------EthernetManager is on ----------
D/StatusBar.NetworkController(  250): ------------------getLinkStatus ----------
D/StatusBar.NetworkController(  250): ------------------mEthernetConnected is  ----------false
D/StatusBar.NetworkController(  250): ------------------EthernetManager is on 11-11-11-11-11----------
D/StatusBar.NetworkController(  250): ------------------EthernetManager is on 13-13-13-13-13-13----------
D/StatusBar.NetworkController(  250): ------------------EthernetManager is on ----------
D/StatusBar.NetworkController(  250): ------------------getLinkStatus ----------
D/StatusBar.NetworkController(  250): ------------------mEthernetConnected is  ----------false
D/StatusBar.NetworkController(  250): ------------------EthernetManager is on 11-11-11-11-11----------
D/StatusBar.NetworkController(  250): ------------------EthernetManager is on 13-13-13-13-13-13----------
D/StatusBar.NetworkController(  250): ------------------EthernetManager is on ----------
D/StatusBar.NetworkController(  250): ------------------getLinkStatus ----------
D/StatusBar.NetworkController(  250): ------------------mEthernetConnected is  ----------false
D/StatusBar.NetworkController(  250): ------------------EthernetManager is on 11-11-11-11-11----------
D/StatusBar.NetworkController(  250): ------------------EthernetManager is on 13-13-13-13-13-13----------
D/StatusBar.NetworkController(  250): ------------------EthernetManager is on ----------
D/StatusBar.NetworkController(  250): ------------------getLinkStatus ----------
D/StatusBar.NetworkController(  250): ------------------mEthernetConnected is  ----------false
D/StatusBar.NetworkController(  250): ------------------EthernetManager is on 11-11-11-11-11----------
D/StatusBar.NetworkController(  250): ------------------EthernetManager is on 13-13-13-13-13-13----------
D/StatusBar.NetworkController(  250): ------------------EthernetManager is on ----------
D/StatusBar.NetworkController(  250): ------------------getLinkStatus ----------
D/StatusBar.NetworkController(  250): ------------------mEthernetConnected is  ----------false
D/StatusBar.NetworkController(  250): ------------------EthernetManager is on 11-11-11-11-11----------
D/StatusBar.NetworkController(  250): ------------------EthernetManager is on 13-13-13-13-13-13----------
D/StatusBar.NetworkController(  250): ------------------EthernetManager is on ----------
D/StatusBar.NetworkController(  250): ------------------getLinkStatus ----------
D/StatusBar.NetworkController(  250): ------------------mEthernetConnected is  ----------false
D/StatusBar.NetworkController(  250): ------------------EthernetManager is on 11-11-11-11-11----------
D/StatusBar.NetworkController(  250): ------------------EthernetManager is on 13-13-13-13-13-13----------
D/StatusBar.NetworkController(  250): ------------------EthernetManager is on ----------
D/StatusBar.NetworkController(  250): ------------------getLinkStatus ----------
D/StatusBar.NetworkController(  250): ------------------mEthernetConnected is  ----------false
D/StatusBar.NetworkController(  250): ------------------EthernetManager is on 11-11-11-11-11----------
D/StatusBar.NetworkController(  250): ------------------EthernetManager is on 13-13-13-13-13-13----------
D/StatusBar.NetworkController(  250): ------------------EthernetManager is on ----------
D/StatusBar.NetworkController(  250): ------------------getLinkStatus ----------
D/StatusBar.NetworkController(  250): ------------------mEthernetConnected is  ----------false
D/StatusBar.NetworkController(  250): ------------------EthernetManager is on 11-11-11-11-11----------
D/StatusBar.NetworkController(  250): ------------------EthernetManager is on 13-13-13-13-13-13----------
D/StatusBar.NetworkController(  250): ------------------EthernetManager is on ----------
D/StatusBar.NetworkController(  250): ------------------getLinkStatus ----------
D/StatusBar.NetworkController(  250): ------------------mEthernetConnected is  ----------false
D/StatusBar.NetworkController(  250): ------------------EthernetManager is on 11-11-11-11-11----------
D/StatusBar.NetworkController(  250): ------------------EthernetManager is on 13-13-13-13-13-13----------
D/StatusBar.NetworkController(  250): ------------------EthernetManager is on ----------
D/StatusBar.NetworkController(  250): ------------------getLinkStatus ----------
D/StatusBar.NetworkController(  250): ------------------mEthernetConnected is  ----------false
D/StatusBar.NetworkController(  250): ------------------EthernetManager is on 11-11-11-11-11----------
D/StatusBar.NetworkController(  250): ------------------EthernetManager is on 13-13-13-13-13-13----------
D/StatusBar.NetworkController(  250): ------------------EthernetManager is on ----------
D/StatusBar.NetworkController(  250): ------------------getLinkStatus ----------
D/StatusBar.NetworkController(  250): ------------------mEthernetConnected is  ----------false
D/StatusBar.NetworkController(  250): ------------------EthernetManager is on 11-11-11-11-11----------
D/StatusBar.NetworkController(  250): ------------------EthernetManager is on 13-13-13-13-13-13----------
D/StatusBar.NetworkController(  250): ------------------EthernetManager is on ----------
D/StatusBar.NetworkController(  250): ------------------getLinkStatus ----------
D/StatusBar.NetworkController(  250): ------------------mEthernetConnected is  ----------false
D/StatusBar.NetworkController(  250): ------------------EthernetManager is on 11-11-11-11-11----------
D/StatusBar.NetworkController(  250): ------------------EthernetManager is on 13-13-13-13-13-13----------
D/StatusBar.NetworkController(  250): ------------------EthernetManager is on ----------
D/StatusBar.NetworkController(  250): ------------------getLinkStatus ----------
D/StatusBar.NetworkController(  250): ------------------mEthernetConnected is  ----------false
D/StatusBar.NetworkController(  250): ------------------EthernetManager is on 11-11-11-11-11----------
D/StatusBar.NetworkController(  250): ------------------EthernetManager is on 13-13-13-13-13-13----------
D/StatusBar.NetworkController(  250): ------------------EthernetManager is on ----------
D/StatusBar.NetworkController(  250): ------------------getLinkStatus ----------
D/StatusBar.NetworkController(  250): ------------------mEthernetConnected is  ----------false
D/StatusBar.NetworkController(  250): ------------------EthernetManager is on 11-11-11-11-11----------
D/StatusBar.NetworkController(  250): ------------------EthernetManager is on 13-13-13-13-13-13----------
D/StatusBar.NetworkController(  250): ------------------EthernetManager is on ----------
D/StatusBar.NetworkController(  250): ------------------getLinkStatus ----------
D/StatusBar.NetworkController(  250): ------------------mEthernetConnected is  ----------false
D/StatusBar.NetworkController(  250): ------------------EthernetManager is on 11-11-11-11-11----------
D/StatusBar.NetworkController(  250): ------------------EthernetManager is on 13-13-13-13-13-13----------
D/StatusBar.NetworkController(  250): ------------------EthernetManager is on ----------
D/StatusBar.NetworkController(  250): ------------------getLinkStatus ----------
D/StatusBar.NetworkController(  250): ------------------mEthernetConnected is  ----------false
D/StatusBar.NetworkController(  250): ------------------EthernetManager is on 11-11-11-11-11----------
D/StatusBar.NetworkController(  250): ------------------EthernetManager is on 13-13-13-13-13-13----------
D/StatusBar.NetworkController(  250): ------------------EthernetManager is on ----------
D/StatusBar.NetworkController(  250): ------------------getLinkStatus ----------
D/StatusBar.NetworkController(  250): ------------------mEthernetConnected is  ----------false
D/StatusBar.NetworkController(  250): ------------------EthernetManager is on 11-11-11-11-11----------
D/StatusBar.NetworkController(  250): ------------------EthernetManager is on 13-13-13-13-13-13----------
D/StatusBar.NetworkController(  250): ------------------EthernetManager is on ----------
D/StatusBar.NetworkController(  250): ------------------getLinkStatus ----------
D/StatusBar.NetworkController(  250): ------------------mEthernetConnected is  ----------false
D/StatusBar.NetworkController(  250): ------------------EthernetManager is on 11-11-11-11-11----------
D/StatusBar.NetworkController(  250): ------------------EthernetManager is on 13-13-13-13-13-13----------
D/StatusBar.NetworkController(  250): ------------------EthernetManager is on ----------
D/StatusBar.NetworkController(  250): ------------------getLinkStatus ----------
D/StatusBar.NetworkController(  250): ------------------mEthernetConnected is  ----------false
D/StatusBar.NetworkController(  250): ------------------EthernetManager is on 11-11-11-11-11----------
D/StatusBar.NetworkController(  250): ------------------EthernetManager is on 13-13-13-13-13-13----------
D/StatusBar.NetworkController(  250): ------------------EthernetManager is on ----------
D/StatusBar.NetworkController(  250): ------------------getLinkStatus ----------
D/StatusBar.NetworkController(  250): ------------------mEthernetConnected is  ----------false
D/StatusBar.NetworkController(  250): ------------------EthernetManager is on 11-11-11-11-11----------
D/StatusBar.NetworkController(  250): ------------------EthernetManager is on 13-13-13-13-13-13----------
D/StatusBar.NetworkController(  250): ------------------EthernetManager is on ----------
D/StatusBar.NetworkController(  250): ------------------getLinkStatus ----------
D/StatusBar.NetworkController(  250): ------------------mEthernetConnected is  ----------false
D/StatusBar.NetworkController(  250): ------------------EthernetManager is on 11-11-11-11-11----------
D/StatusBar.NetworkController(  250): ------------------EthernetManager is on 13-13-13-13-13-13----------
D/StatusBar.NetworkController(  250): ------------------EthernetManager is on ----------
D/StatusBar.NetworkController(  250): ------------------getLinkStatus ----------
D/StatusBar.NetworkController(  250): ------------------mEthernetConnected is  ----------false
D/StatusBar.NetworkController(  250): ------------------EthernetManager is on 11-11-11-11-11----------
D/StatusBar.NetworkController(  250): ------------------EthernetManager is on 13-13-13-13-13-13----------
D/StatusBar.NetworkController(  250): ------------------EthernetManager is on ----------
D/StatusBar.NetworkController(  250): ------------------getLinkStatus ----------
D/StatusBar.NetworkController(  250): ------------------mEthernetConnected is  ----------false
D/StatusBar.NetworkController(  250): ------------------EthernetManager is on 11-11-11-11-11----------
D/StatusBar.NetworkController(  250): ------------------EthernetManager is on 13-13-13-13-13-13----------
D/StatusBar.NetworkController(  250): ------------------EthernetManager is on ----------
D/StatusBar.NetworkController(  250): ------------------getLinkStatus ----------
D/StatusBar.NetworkController(  250): ------------------mEthernetConnected is  ----------false
D/StatusBar.NetworkController(  250): ------------------EthernetManager is on 11-11-11-11-11----------
D/StatusBar.NetworkController(  250): ------------------EthernetManager is on 13-13-13-13-13-13----------
D/StatusBar.NetworkController(  250): ------------------EthernetManager is on ----------
D/StatusBar.NetworkController(  250): ------------------getLinkStatus ----------
D/StatusBar.NetworkController(  250): ------------------mEthernetConnected is  ----------false
D/StatusBar.NetworkController(  250): ------------------EthernetManager is on 11-11-11-11-11----------
D/StatusBar.NetworkController(  250): ------------------EthernetManager is on 13-13-13-13-13-13----------
D/StatusBar.NetworkController(  250): ------------------EthernetManager is on ----------
D/StatusBar.NetworkController(  250): ------------------getLinkStatus ----------
D/StatusBar.NetworkController(  250): ------------------mEthernetConnected is  ----------false
D/StatusBar.NetworkController(  250): ------------------EthernetManager is on 11-11-11-11-11----------
D/StatusBar.NetworkController(  250): ------------------EthernetManager is on 13-13-13-13-13-13----------
D/StatusBar.NetworkController(  250): ------------------EthernetManager is on ----------
D/StatusBar.NetworkController(  250): ------------------getLinkStatus ----------
D/StatusBar.NetworkController(  250): ------------------mEthernetConnected is  ----------false
D/StatusBar.NetworkController(  250): ------------------EthernetManager is on 11-11-11-11-11----------
D/StatusBar.NetworkController(  250): ------------------EthernetManager is on 13-13-13-13-13-13----------
D/StatusBar.NetworkController(  250): ------------------EthernetManager is on ----------
D/StatusBar.NetworkController(  250): ------------------getLinkStatus ----------
D/StatusBar.NetworkController(  250): ------------------mEthernetConnected is  ----------false
D/StatusBar.NetworkController(  250): ------------------EthernetManager is on 11-11-11-11-11----------
D/StatusBar.NetworkController(  250): ------------------EthernetManager is on 13-13-13-13-13-13----------
D/StatusBar.NetworkController(  250): ------------------EthernetManager is on ----------
D/StatusBar.NetworkController(  250): ------------------getLinkStatus ----------
D/StatusBar.NetworkController(  250): ------------------mEthernetConnected is  ----------false
D/StatusBar.NetworkController(  250): ------------------EthernetManager is on 11-11-11-11-11----------
D/StatusBar.NetworkController(  250): ------------------EthernetManager is on 13-13-13-13-13-13----------
D/StatusBar.NetworkController(  250): ------------------EthernetManager is on ----------
D/StatusBar.NetworkController(  250): ------------------getLinkStatus ----------
D/StatusBar.NetworkController(  250): ------------------mEthernetConnected is  ----------false
D/StatusBar.NetworkController(  250): ------------------EthernetManager is on 11-11-11-11-11----------
D/StatusBar.NetworkController(  250): ------------------EthernetManager is on 13-13-13-13-13-13----------
D/StatusBar.NetworkController(  250): ------------------EthernetManager is on ----------
D/StatusBar.NetworkController(  250): ------------------getLinkStatus ----------
D/StatusBar.NetworkController(  250): ------------------mEthernetConnected is  ----------false
D/StatusBar.NetworkController(  250): ------------------EthernetManager is on 11-11-11-11-11----------
D/StatusBar.NetworkController(  250): ------------------EthernetManager is on 13-13-13-13-13-13----------
D/StatusBar.NetworkController(  250): ------------------EthernetManager is on ----------
D/StatusBar.NetworkController(  250): ------------------getLinkStatus ----------
D/StatusBar.NetworkController(  250): ------------------mEthernetConnected is  ----------false
D/StatusBar.NetworkController(  250): ------------------EthernetManager is on 11-11-11-11-11----------
D/StatusBar.NetworkController(  250): ------------------EthernetManager is on 13-13-13-13-13-13----------
D/StatusBar.NetworkController(  250): ------------------EthernetManager is on ----------
D/StatusBar.NetworkController(  250): ------------------getLinkStatus ----------
D/StatusBar.NetworkController(  250): ------------------mEthernetConnected is  ----------false
D/StatusBar.NetworkController(  250): ------------------EthernetManager is on 11-11-11-11-11----------
D/StatusBar.NetworkController(  250): ------------------EthernetManager is on 13-13-13-13-13-13----------
D/StatusBar.NetworkController(  250): ------------------EthernetManager is on ----------
D/StatusBar.NetworkController(  250): ------------------getLinkStatus ----------
D/StatusBar.NetworkController(  250): ------------------mEthernetConnected is  ----------false
D/StatusBar.NetworkController(  250): ------------------EthernetManager is on 11-11-11-11-11----------
D/StatusBar.NetworkController(  250): ------------------EthernetManager is on 13-13-13-13-13-13----------
D/StatusBar.NetworkController(  250): ------------------EthernetManager is on ----------
D/StatusBar.NetworkController(  250): ------------------getLinkStatus ----------
D/StatusBar.NetworkController(  250): ------------------mEthernetConnected is  ----------false
D/StatusBar.NetworkController(  250): ------------------EthernetManager is on 11-11-11-11-11----------
D/StatusBar.NetworkController(  250): ------------------EthernetManager is on 13-13-13-13-13-13----------
D/StatusBar.NetworkController(  250): ------------------EthernetManager is on ----------
D/StatusBar.NetworkController(  250): ------------------getLinkStatus ----------
D/StatusBar.NetworkController(  250): ------------------mEthernetConnected is  ----------false
D/StatusBar.NetworkController(  250): ------------------EthernetManager is on 11-11-11-11-11----------
D/StatusBar.NetworkController(  250): ------------------EthernetManager is on 13-13-13-13-13-13----------
D/StatusBar.NetworkController(  250): ------------------EthernetManager is on ----------
D/StatusBar.NetworkController(  250): ------------------getLinkStatus ----------
D/StatusBar.NetworkController(  250): ------------------mEthernetConnected is  ----------false
D/StatusBar.NetworkController(  250): ------------------EthernetManager is on 11-11-11-11-11----------
D/StatusBar.NetworkController(  250): ------------------EthernetManager is on 13-13-13-13-13-13----------
D/StatusBar.NetworkController(  250): ------------------EthernetManager is on ----------
D/StatusBar.NetworkController(  250): ------------------getLinkStatus ----------
D/StatusBar.NetworkController(  250): ------------------mEthernetConnected is  ----------false
D/StatusBar.NetworkController(  250): ------------------EthernetManager is on 11-11-11-11-11----------
D/StatusBar.NetworkController(  250): ------------------EthernetManager is on 13-13-13-13-13-13----------
D/StatusBar.NetworkController(  250): ------------------EthernetManager is on ----------
D/StatusBar.NetworkController(  250): ------------------getLinkStatus ----------
D/StatusBar.NetworkController(  250): ------------------mEthernetConnected is  ----------false
D/StatusBar.NetworkController(  250): ------------------EthernetManager is on 11-11-11-11-11----------
D/StatusBar.NetworkController(  250): ------------------EthernetManager is on 13-13-13-13-13-13----------
D/StatusBar.NetworkController(  250): ------------------EthernetManager is on ----------
D/StatusBar.NetworkController(  250): ------------------getLinkStatus ----------
D/StatusBar.NetworkController(  250): ------------------mEthernetConnected is  ----------false
D/StatusBar.NetworkController(  250): ------------------EthernetManager is on 11-11-11-11-11----------
D/StatusBar.NetworkController(  250): ------------------EthernetManager is on 13-13-13-13-13-13----------
D/StatusBar.NetworkController(  250): ------------------EthernetManager is on ----------
D/StatusBar.NetworkController(  250): ------------------getLinkStatus ----------
D/StatusBar.NetworkController(  250): ------------------mEthernetConnected is  ----------false
D/StatusBar.NetworkController(  250): ------------------EthernetManager is on 11-11-11-11-11----------
D/StatusBar.NetworkController(  250): ------------------EthernetManager is on 13-13-13-13-13-13----------
D/StatusBar.NetworkController(  250): ------------------EthernetManager is on ----------
D/StatusBar.NetworkController(  250): ------------------getLinkStatus ----------
D/StatusBar.NetworkController(  250): ------------------mEthernetConnected is  ----------false
D/StatusBar.NetworkController(  250): ------------------EthernetManager is on 11-11-11-11-11----------
D/StatusBar.NetworkController(  250): ------------------EthernetManager is on 13-13-13-13-13-13----------
D/StatusBar.NetworkController(  250): ------------------EthernetManager is on ----------
D/StatusBar.NetworkController(  250): ------------------getLinkStatus ----------
D/StatusBar.NetworkController(  250): ------------------mEthernetConnected is  ----------false
D/StatusBar.NetworkController(  250): ------------------EthernetManager is on 11-11-11-11-11----------
D/StatusBar.NetworkController(  250): ------------------EthernetManager is on 13-13-13-13-13-13----------
D/StatusBar.NetworkController(  250): ------------------EthernetManager is on ----------
D/StatusBar.NetworkController(  250): ------------------getLinkStatus ----------
D/StatusBar.NetworkController(  250): ------------------mEthernetConnected is  ----------false
D/StatusBar.NetworkController(  250): ------------------EthernetManager is on 11-11-11-11-11----------
D/StatusBar.NetworkController(  250): ------------------EthernetManager is on 13-13-13-13-13-13----------
D/StatusBar.NetworkController(  250): ------------------EthernetManager is on ----------
D/StatusBar.NetworkController(  250): ------------------getLinkStatus ----------
D/StatusBar.NetworkController(  250): ------------------mEthernetConnected is  ----------false
D/StatusBar.NetworkController(  250): ------------------EthernetManager is on 11-11-11-11-11----------
D/StatusBar.NetworkController(  250): ------------------EthernetManager is on 13-13-13-13-13-13----------
D/StatusBar.NetworkController(  250): ------------------EthernetManager is on ----------
D/StatusBar.NetworkController(  250): ------------------getLinkStatus ----------
D/StatusBar.NetworkController(  250): ------------------mEthernetConnected is  ----------false
D/StatusBar.NetworkController(  250): ------------------EthernetManager is on 11-11-11-11-11----------
D/StatusBar.NetworkController(  250): ------------------EthernetManager is on 13-13-13-13-13-13----------
D/StatusBar.NetworkController(  250): ------------------EthernetManager is on ----------
D/StatusBar.NetworkController(  250): ------------------getLinkStatus ----------
D/StatusBar.NetworkController(  250): ------------------mEthernetConnected is  ----------false
D/StatusBar.NetworkController(  250): ------------------EthernetManager is on 11-11-11-11-11----------
D/StatusBar.NetworkController(  250): ------------------EthernetManager is on 13-13-13-13-13-13----------
D/StatusBar.NetworkController(  250): ------------------EthernetManager is on ----------
D/StatusBar.NetworkController(  250): ------------------getLinkStatus ----------
D/StatusBar.NetworkController(  250): ------------------mEthernetConnected is  ----------false
D/StatusBar.NetworkController(  250): ------------------EthernetManager is on 11-11-11-11-11----------
D/StatusBar.NetworkController(  250): ------------------EthernetManager is on 13-13-13-13-13-13----------
D/StatusBar.NetworkController(  250): ------------------EthernetManager is on ----------
D/StatusBar.NetworkController(  250): ------------------getLinkStatus ----------
D/StatusBar.NetworkController(  250): ------------------mEthernetConnected is  ----------false
D/StatusBar.NetworkController(  250): ------------------EthernetManager is on 11-11-11-11-11----------
D/StatusBar.NetworkController(  250): ------------------EthernetManager is on 13-13-13-13-13-13----------
D/StatusBar.NetworkController(  250): ------------------EthernetManager is on ----------
D/StatusBar.NetworkController(  250): ------------------getLinkStatus ----------
D/StatusBar.NetworkController(  250): ------------------mEthernetConnected is  ----------false
D/StatusBar.NetworkController(  250): ------------------EthernetManager is on 11-11-11-11-11----------
D/StatusBar.NetworkController(  250): ------------------EthernetManager is on 13-13-13-13-13-13----------
D/StatusBar.NetworkController(  250): ------------------EthernetManager is on ----------
D/StatusBar.NetworkController(  250): ------------------getLinkStatus ----------
D/StatusBar.NetworkController(  250): ------------------mEthernetConnected is  ----------false
D/StatusBar.NetworkController(  250): ------------------EthernetManager is on 11-11-11-11-11----------
D/StatusBar.NetworkController(  250): ------------------EthernetManager is on 13-13-13-13-13-13----------
D/StatusBar.NetworkController(  250): ------------------EthernetManager is on ----------
D/StatusBar.NetworkController(  250): ------------------getLinkStatus ----------
D/StatusBar.NetworkController(  250): ------------------mEthernetConnected is  ----------false
D/StatusBar.NetworkController(  250): ------------------EthernetManager is on 11-11-11-11-11----------
D/StatusBar.NetworkController(  250): ------------------EthernetManager is on 13-13-13-13-13-13----------
D/StatusBar.NetworkController(  250): ------------------EthernetManager is on ----------
D/StatusBar.NetworkController(  250): ------------------getLinkStatus ----------
D/StatusBar.NetworkController(  250): ------------------mEthernetConnected is  ----------false
D/StatusBar.NetworkController(  250): ------------------EthernetManager is on 11-11-11-11-11----------
D/StatusBar.NetworkController(  250): ------------------EthernetManager is on 13-13-13-13-13-13----------
D/StatusBar.NetworkController(  250): ------------------EthernetManager is on ----------
D/StatusBar.NetworkController(  250): ------------------getLinkStatus ----------
D/StatusBar.NetworkController(  250): ------------------mEthernetConnected is  ----------false
D/StatusBar.NetworkController(  250): ------------------EthernetManager is on 11-11-11-11-11----------
D/StatusBar.NetworkController(  250): ------------------EthernetManager is on 13-13-13-13-13-13----------
D/StatusBar.NetworkController(  250): ------------------EthernetManager is on ----------
D/StatusBar.NetworkController(  250): ------------------getLinkStatus ----------
D/StatusBar.NetworkController(  250): ------------------mEthernetConnected is  ----------false
D/StatusBar.NetworkController(  250): ------------------EthernetManager is on 11-11-11-11-11----------
D/StatusBar.NetworkController(  250): ------------------EthernetManager is on 13-13-13-13-13-13----------
D/StatusBar.NetworkController(  250): ------------------EthernetManager is on ----------
D/StatusBar.NetworkController(  250): ------------------getLinkStatus ----------
D/StatusBar.NetworkController(  250): ------------------mEthernetConnected is  ----------false
D/StatusBar.NetworkController(  250): ------------------EthernetManager is on 11-11-11-11-11----------
D/StatusBar.NetworkController(  250): ------------------EthernetManager is on 13-13-13-13-13-13----------
D/StatusBar.NetworkController(  250): ------------------EthernetManager is on ----------
D/StatusBar.NetworkController(  250): ------------------getLinkStatus ----------
D/StatusBar.NetworkController(  250): ------------------mEthernetConnected is  ----------false
D/StatusBar.NetworkController(  250): ------------------EthernetManager is on 11-11-11-11-11----------
D/StatusBar.NetworkController(  250): ------------------EthernetManager is on 13-13-13-13-13-13----------
D/StatusBar.NetworkController(  250): ------------------EthernetManager is on ----------
D/StatusBar.NetworkController(  250): ------------------getLinkStatus ----------
D/StatusBar.NetworkController(  250): ------------------mEthernetConnected is  ----------false
D/StatusBar.NetworkController(  250): ------------------EthernetManager is on 11-11-11-11-11----------
D/StatusBar.NetworkController(  250): ------------------EthernetManager is on 13-13-13-13-13-13----------
D/StatusBar.NetworkController(  250): ------------------EthernetManager is on ----------
D/StatusBar.NetworkController(  250): ------------------getLinkStatus ----------
D/StatusBar.NetworkController(  250): ------------------mEthernetConnected is  ----------false
D/StatusBar.NetworkController(  250): ------------------EthernetManager is on 11-11-11-11-11----------
D/StatusBar.NetworkController(  250): ------------------EthernetManager is on 13-13-13-13-13-13----------
D/StatusBar.NetworkController(  250): ------------------EthernetManager is on ----------
D/StatusBar.NetworkController(  250): ------------------getLinkStatus ----------
D/StatusBar.NetworkController(  250): ------------------mEthernetConnected is  ----------false
D/StatusBar.NetworkController(  250): ------------------EthernetManager is on 11-11-11-11-11----------
D/StatusBar.NetworkController(  250): ------------------EthernetManager is on 13-13-13-13-13-13----------
D/StatusBar.NetworkController(  250): ------------------EthernetManager is on ----------
D/StatusBar.NetworkController(  250): ------------------getLinkStatus ----------
D/StatusBar.NetworkController(  250): ------------------mEthernetConnected is  ----------false
D/StatusBar.NetworkController(  250): ------------------EthernetManager is on 11-11-11-11-11----------
D/StatusBar.NetworkController(  250): ------------------EthernetManager is on 13-13-13-13-13-13----------
D/StatusBar.NetworkController(  250): ------------------EthernetManager is on ----------
D/StatusBar.NetworkController(  250): ------------------getLinkStatus ----------
D/StatusBar.NetworkController(  250): ------------------mEthernetConnected is  ----------false
D/StatusBar.NetworkController(  250): ------------------EthernetManager is on 11-11-11-11-11----------
D/StatusBar.NetworkController(  250): ------------------EthernetManager is on 13-13-13-13-13-13----------
D/StatusBar.NetworkController(  250): ------------------EthernetManager is on ----------
D/StatusBar.NetworkController(  250): ------------------getLinkStatus ----------
D/StatusBar.NetworkController(  250): ------------------mEthernetConnected is  ----------false
D/StatusBar.NetworkController(  250): ------------------EthernetManager is on 11-11-11-11-11----------
D/StatusBar.NetworkController(  250): ------------------EthernetManager is on 13-13-13-13-13-13----------
E/NetlinkListener(   85): recvmsg mBuffer:
E/NetlinkListener(   85):  ()
E/NetlinkListener(   85): recvmsg mBuffer:
E/NetlinkListener(   85):  (D)
D/ConnectivityService(  152): ConnectivityChange for WIFI: DISCONNECTED/DISCONNECTED
D/StatusBar.NetworkController(  250): ------------------EthernetManager is on ----------
D/StatusBar.NetworkController(  250): ------------------getLinkStatus ----------
D/ConnectivityService(  152): Attempting to switch to mobile
V/EthernetService(  152): setState, mEthState=2, state=2
E/EthernetService(  152): getSavedConfig
E/EthernetService(  152): ifName: eth0 ipaddr:0.0.0.0 netmask:255.255.255.255 getway:0.0.0.0 dns:0.0.0.0
I/EthernetService(  152): reset device eth0
D/StatusBar.NetworkController(  250): ------------------mEthernetConnected is  ----------false
D/StatusBar.NetworkController(  250): ------------------EthernetManager is on :status_bar_settings_ethernet_connected 77777777777----------
D/StatusBar.NetworkController(  250): ------------------EthernetManager is on 14-14-14-14-14----------
D/StatusBar.NetworkController(  250): ------------------EthernetManager is on 15-15-15-15-15----------
D/StatusBar.NetworkController(  250): ------------------EthernetManager is on :status_bar_settings_ethernet_connected 333333333----------
I/EthernetService(  152): switch mode to: dhcp for interface: eth0
D/ConnectivityService(  152): Attempting to switch to ETH
D/EthernetService(  152): I/F is not up yet, not to do dhcp
E/ConnectivityService(  152): Exception trying to remove a route: java.lang.IllegalStateException: Unable to communicate with native dameon to add routes - com.android.server.NativeDaemonConnectorException: Cmd {interface route remove wlan0 default 192.168.15.1 32 0.0.0.0} failed with code 400 : {Failed to remove route from default table (No such process)}
E/ConnectivityService(  152): Exception trying to remove a route: java.lang.IllegalStateException: Unable to communicate with native dameon to add routes - com.android.server.NativeDaemonConnectorException: Cmd {interface route remove wlan0 default 0.0.0.0 0 192.168.15.1} failed with code 400 : {Failed to remove route from default table (No such process)}
D/ConnectivityService(  152): resetConnections(wlan0, 3)
D/ConnectivityService(  152): ConnectivityChange for WIFI: DISCONNECTED/DISCONNECTED
D/ConnectivityService(  152): Attempting to switch to mobile
V/EthernetService(  152): setState, mEthState=2, state=2
E/EthernetService(  152): getSavedConfig
E/EthernetService(  152): ifName: eth0 ipaddr:0.0.0.0 netmask:255.255.255.255 getway:0.0.0.0 dns:0.0.0.0
I/EthernetService(  152): reset device eth0
I/EthernetService(  152): switch mode to: dhcp for interface: eth0
D/EthernetService(  152): I/F is not up yet, not to do dhcp
D/ConnectivityService(  152): Attempting to switch to ETH
D/ConnectivityService(  152): resetConnections(wlan0, 3)
E/NetlinkListener(   85): recvmsg mBuffer:
E/NetlinkListener(   85):  (8)
E/NetlinkListener(   85): recvmsg mBuffer:
E/NetlinkListener(   85):  (8)
E/NetlinkListener(   85): recvmsg mBuffer:
E/NetlinkListener(   85):  (<)
E/NetlinkListener(   85): recvmsg mBuffer:
E/NetlinkListener(   85):  (@)
E/NetlinkListener(   85): recvmsg mBuffer:
E/NetlinkListener(   85):  (d)
E/NetlinkListener(   85): recvmsg mBuffer:
E/NetlinkListener(   85):  (D)
E/NetlinkListener(   85): recvmsg mBuffer:
E/NetlinkListener(   85):  ()
D/StatusBar.NetworkController(  250): ------------------EthernetManager is on ----------
D/StatusBar.NetworkController(  250): ------------------getLinkStatus ----------
D/StatusBar.NetworkController(  250): ------------------mEthernetConnected is  ----------false
D/StatusBar.NetworkController(  250): ------------------EthernetManager is on :status_bar_settings_ethernet_connected 77777777777----------
D/StatusBar.NetworkController(  250): ------------------EthernetManager is on 14-14-14-14-14----------
D/StatusBar.NetworkController(  250): ------------------EthernetManager is on 15-15-15-15-15----------
D/StatusBar.NetworkController(  250): ------------------EthernetManager is on :status_bar_settings_ethernet_connected 333333333----------
D/ConnectivityService(  152): ConnectivityChange for WIFI: CONNECTED/CONNECTED
D/StatusBar.NetworkController(  250): ------------------EthernetManager is on ----------
D/StatusBar.NetworkController(  250): ------------------getLinkStatus ----------
D/StatusBar.NetworkController(  250): ------------------mEthernetConnected is  ----------false
D/StatusBar.NetworkController(  250): ------------------EthernetManager is on :status_bar_settings_ethernet_connected 77777777777----------
D/StatusBar.NetworkController(  250): ------------------EthernetManager is on 14-14-14-14-14----------
D/StatusBar.NetworkController(  250): ------------------EthernetManager is on 15-15-15-15-15----------
D/StatusBar.NetworkController(  250): ------------------EthernetManager is on :status_bar_settings_ethernet_connected 333333333----------
D/StatusBar.NetworkController(  250): ------------------EthernetManager is on ----------
D/StatusBar.NetworkController(  250): ------------------getLinkStatus ----------
D/StatusBar.NetworkController(  250): ------------------mEthernetConnected is  ----------false
D/StatusBar.NetworkController(  250): ------------------EthernetManager is on 11-11-11-11-11----------
D/StatusBar.NetworkController(  250): ------------------EthernetManager is on 13-13-13-13-13-13----------
D/ConnectivityService(  152): ConnectivityChange for WIFI: CONNECTED/CONNECTED
D/ConnectivityService(  152): handleConnectivityChange: address are the same reset per doReset linkProperty[1]: resetMask=0
D/StatusBar.NetworkController(  250): ------------------EthernetManager is on ----------
D/StatusBar.NetworkController(  250): ------------------getLinkStatus ----------
D/StatusBar.NetworkController(  250): ------------------mEthernetConnected is  ----------false
D/StatusBar.NetworkController(  250): ------------------EthernetManager is on 11-11-11-11-11----------
D/StatusBar.NetworkController(  250): ------------------EthernetManager is on 13-13-13-13-13-13----------
D/ConnectivityService(  152): NetTransition Wakelock for WifiStateMachine released by timeout
D/StatusBar.NetworkController(  250): ------------------EthernetManager is on ----------
D/StatusBar.NetworkController(  250): ------------------getLinkStatus ----------
D/StatusBar.NetworkController(  250): ------------------mEthernetConnected is  ----------false
D/StatusBar.NetworkController(  250): ------------------EthernetManager is on 11-11-11-11-11----------
D/StatusBar.NetworkController(  250): ------------------EthernetManager is on 13-13-13-13-13-13----------
D/StatusBar.NetworkController(  250): ------------------EthernetManager is on ----------
D/StatusBar.NetworkController(  250): ------------------getLinkStatus ----------
D/StatusBar.NetworkController(  250): ------------------mEthernetConnected is  ----------false
D/StatusBar.NetworkController(  250): ------------------EthernetManager is on 11-11-11-11-11----------
D/StatusBar.NetworkController(  250): ------------------EthernetManager is on 13-13-13-13-13-13----------
D/StatusBar.NetworkController(  250): ------------------EthernetManager is on ----------
D/StatusBar.NetworkController(  250): ------------------getLinkStatus ----------
D/StatusBar.NetworkController(  250): ------------------mEthernetConnected is  ----------false
D/StatusBar.NetworkController(  250): ------------------EthernetManager is on 11-11-11-11-11----------
D/StatusBar.NetworkController(  250): ------------------EthernetManager is on 13-13-13-13-13-13----------
D/StatusBar.NetworkController(  250): ------------------EthernetManager is on ----------
D/StatusBar.NetworkController(  250): ------------------getLinkStatus ----------
D/StatusBar.NetworkController(  250): ------------------mEthernetConnected is  ----------false
D/StatusBar.NetworkController(  250): ------------------EthernetManager is on 11-11-11-11-11----------
D/StatusBar.NetworkController(  250): ------------------EthernetManager is on 13-13-13-13-13-13----------
D/StatusBar.NetworkController(  250): ------------------EthernetManager is on ----------
D/StatusBar.NetworkController(  250): ------------------getLinkStatus ----------
D/StatusBar.NetworkController(  250): ------------------mEthernetConnected is  ----------false
D/StatusBar.NetworkController(  250): ------------------EthernetManager is on 11-11-11-11-11----------
D/StatusBar.NetworkController(  250): ------------------EthernetManager is on 13-13-13-13-13-13----------
D/StatusBar.NetworkController(  250): ------------------EthernetManager is on ----------
D/StatusBar.NetworkController(  250): ------------------getLinkStatus ----------
D/StatusBar.NetworkController(  250): ------------------mEthernetConnected is  ----------false
D/StatusBar.NetworkController(  250): ------------------EthernetManager is on 11-11-11-11-11----------
D/StatusBar.NetworkController(  250): ------------------EthernetManager is on 13-13-13-13-13-13----------
D/StatusBar.NetworkController(  250): ------------------EthernetManager is on ----------
D/StatusBar.NetworkController(  250): ------------------getLinkStatus ----------
D/StatusBar.NetworkController(  250): ------------------mEthernetConnected is  ----------false
D/StatusBar.NetworkController(  250): ------------------EthernetManager is on 11-11-11-11-11----------
D/StatusBar.NetworkController(  250): ------------------EthernetManager is on 13-13-13-13-13-13----------
D/StatusBar.NetworkController(  250): ------------------EthernetManager is on ----------
D/StatusBar.NetworkController(  250): ------------------getLinkStatus ----------
D/StatusBar.NetworkController(  250): ------------------mEthernetConnected is  ----------false
D/StatusBar.NetworkController(  250): ------------------EthernetManager is on 11-11-11-11-11----------
D/StatusBar.NetworkController(  250): ------------------EthernetManager is on 13-13-13-13-13-13----------
D/StatusBar.NetworkController(  250): ------------------EthernetManager is on ----------
D/StatusBar.NetworkController(  250): ------------------getLinkStatus ----------
D/StatusBar.NetworkController(  250): ------------------mEthernetConnected is  ----------false
D/StatusBar.NetworkController(  250): ------------------EthernetManager is on 11-11-11-11-11----------
D/StatusBar.NetworkController(  250): ------------------EthernetManager is on 13-13-13-13-13-13----------
D/StatusBar.NetworkController(  250): ------------------EthernetManager is on ----------
D/StatusBar.NetworkController(  250): ------------------getLinkStatus ----------
D/StatusBar.NetworkController(  250): ------------------mEthernetConnected is  ----------false
D/StatusBar.NetworkController(  250): ------------------EthernetManager is on 11-11-11-11-11----------
D/StatusBar.NetworkController(  250): ------------------EthernetManager is on 13-13-13-13-13-13----------
D/StatusBar.NetworkController(  250): ------------------EthernetManager is on ----------
D/StatusBar.NetworkController(  250): ------------------getLinkStatus ----------
D/StatusBar.NetworkController(  250): ------------------mEthernetConnected is  ----------false
D/StatusBar.NetworkController(  250): ------------------EthernetManager is on 11-11-11-11-11----------
