I/        (   90): CmpbHttpLiveStreaming::getCurrentPosition(return 0) exit!
V/MediaPlayerService(   90): [4] getCurrentPosition = 0
V/MediaPlayer(  748): getCurrentPosition
V/MediaPlayerService(   90): getCurrentPosition
I/        (   90): CmpbHttpLiveStreaming::getCurrentPosition!
I/        (   90): CmpbHttpLiveStreaming::getCurrentPosition(return 0) exit!
V/MediaPlayerService(   90): [4] getCurrentPosition = 0
D/StateMachine(  152): handleMessage: E msg.what=131155
D/StateMachine(  152): processMsg: ConnectedState
D/WifiStateMachine(  152): ConnectedState{ what=131155 when=-3ms arg1=18 }
D/WifiHW  (  152): send cmd is SIGNAL_POLL 
D/StateMachine(  152): handleMessage: X
D/HomePlayerLib(  779): hostaddress count is 1
D/dalvikvm(  779): GC_CONCURRENT freed 507K, 13% free 5750K/6535K, paused 0ms+1ms
V/MediaPlayer(  748): getCurrentPosition
V/MediaPlayerService(   90): getCurrentPosition
I/        (   90): CmpbHttpLiveStreaming::getCurrentPosition!
I/        (   90): CmpbHttpLiveStreaming::getCurrentPosition(return 0) exit!
V/MediaPlayerService(   90): [4] getCurrentPosition = 0
D/dalvikvm(  779): GC_CONCURRENT freed 426K, 12% free 5757K/6535K, paused 1ms+3ms
D/dalvikvm(  779): GC_CONCURRENT freed 504K, 12% free 5753K/6535K, paused 0ms+1ms
D/dalvikvm(  779): GC_CONCURRENT freed 495K, 12% free 5770K/6535K, paused 0ms+1ms
D/dalvikvm(  779): GC_CONCURRENT freed 523K, 12% free 5753K/6535K, paused 0ms+1ms
D/dalvikvm(  779): GC_CONCURRENT freed 511K, 13% free 5751K/6535K, paused 0ms+1ms
D/dalvikvm(  779): GC_CONCURRENT freed 385K, 12% free 5757K/6535K, paused 1ms+1ms
V/MediaPlayer(  748): getCurrentPosition
V/MediaPlayerService(   90): getCurrentPosition
I/        (   90): CmpbHttpLiveStreaming::getCurrentPosition!
I/        (   90): CmpbHttpLiveStreaming::getCurrentPosition(return 0) exit!
V/MediaPlayerService(   90): [4] getCurrentPosition = 0
V/MediaPlayer(  748): getCurrentPosition
V/MediaPlayerService(   90): getCurrentPosition
I/        (   90): CmpbHttpLiveStreaming::getCurrentPosition!
I/        (   90): CmpbHttpLiveStreaming::getCurrentPosition(return 0) exit!
V/MediaPlayerService(   90): [4] getCurrentPosition = 0
D/StatusBar.NetworkController(  250): ------------------EthernetManager is on ----------
D/StatusBar.NetworkController(  250): ------------------getLinkStatus ----------
D/StatusBar.NetworkController(  250): ------------------mEthernetConnected is  ----------false
D/StatusBar.NetworkController(  250): ------------------EthernetManager is on 11-11-11-11-11----------
D/StatusBar.NetworkController(  250): ------------------EthernetManager is on 13-13-13-13-13-13----------
D/StateMachine(  152): handleMessage: E msg.what=131155
D/StateMachine(  152): processMsg: ConnectedState
D/WifiStateMachine(  152): ConnectedState{ what=131155 when=-4ms arg1=18 }
D/WifiHW  (  152): send cmd is SIGNAL_POLL 
D/StateMachine(  152): handleMessage: X
V/MediaPlayer(  748): getCurrentPosition
V/MediaPlayerService(   90): getCurrentPosition
I/        (   90): CmpbHttpLiveStreaming::getCurrentPosition!
I/        (   90): CmpbHttpLiveStreaming::getCurrentPosition(return 0) exit!
V/MediaPlayerService(   90): [4] getCurrentPosition = 0
D/dalvikvm(  779): GC_CONCURRENT freed 530K, 13% free 5735K/6535K, paused 0ms+1ms
D/dalvikvm(  779): GC_CONCURRENT freed 472K, 12% free 5767K/6535K, paused 1ms+1ms
V/MediaPlayer(  748): getCurrentPosition
V/MediaPlayerService(   90): getCurrentPosition
I/        (   90): CmpbHttpLiveStreaming::getCurrentPosition!
I/        (   90): CmpbHttpLiveStreaming::getCurrentPosition(return 0) exit!
V/MediaPlayerService(   90): [4] getCurrentPosition = 0
D/dalvikvm(  779): GC_CONCURRENT freed 499K, 12% free 5766K/6535K, paused 1ms+1ms
D/dalvikvm(  779): GC_CONCURRENT freed 520K, 12% free 5762K/6535K, paused 0ms+1ms
D/StatusBar.NetworkController(  250): ------------------EthernetManager is on ----------
D/StatusBar.NetworkController(  250): ------------------getLinkStatus ----------
D/StatusBar.NetworkController(  250): ------------------mEthernetConnected is  ----------false
D/StatusBar.NetworkController(  250): ------------------EthernetManager is on 11-11-11-11-11----------
D/StatusBar.NetworkController(  250): ------------------EthernetManager is on 13-13-13-13-13-13----------
V/MediaPlayer(  748): getCurrentPosition
V/MediaPlayerService(   90): getCurrentPosition
I/        (   90): CmpbHttpLiveStreaming::getCurrentPosition!
I/        (   90): CmpbHttpLiveStreaming::getCurrentPosition(return 0) exit!
V/MediaPlayerService(   90): [4] getCurrentPosition = 0
D/StateMachine(  152): handleMessage: E msg.what=131155
D/StateMachine(  152): processMsg: ConnectedState
D/WifiStateMachine(  152): ConnectedState{ what=131155 when=-4ms arg1=18 }
D/WifiHW  (  152): send cmd is SIGNAL_POLL 
D/StateMachine(  152): handleMessage: X
V/MediaPlayer(  748): getCurrentPosition
V/MediaPlayerService(   90): getCurrentPosition
I/        (   90): CmpbHttpLiveStreaming::getCurrentPosition!
I/        (   90): CmpbHttpLiveStreaming::getCurrentPosition(return 0) exit!
V/MediaPlayerService(   90): [4] getCurrentPosition = 0
D/StatusBar.NetworkController(  250): ------------------EthernetManager is on ----------
D/StatusBar.NetworkController(  250): ------------------getLinkStatus ----------
D/StatusBar.NetworkController(  250): ------------------mEthernetConnected is  ----------false
D/StatusBar.NetworkController(  250): ------------------EthernetManager is on 11-11-11-11-11----------
D/StatusBar.NetworkController(  250): ------------------EthernetManager is on 13-13-13-13-13-13----------
V/MediaPlayer(  748): getCurrentPosition
V/MediaPlayerService(   90): getCurrentPosition
I/        (   90): CmpbHttpLiveStreaming::getCurrentPosition!
I/        (   90): CmpbHttpLiveStreaming::getCurrentPosition(return 0) exit!
V/MediaPlayerService(   90): [4] getCurrentPosition = 0
V/MediaPlayer(  748): getCurrentPosition
V/MediaPlayerService(   90): getCurrentPosition
I/        (   90): CmpbHttpLiveStreaming::getCurrentPosition!
I/        (   90): CmpbHttpLiveStreaming::getCurrentPosition(return 0) exit!
V/MediaPlayerService(   90): [4] getCurrentPosition = 0
D/StateMachine(  152): handleMessage: E msg.what=131155
D/StateMachine(  152): processMsg: ConnectedState
D/WifiStateMachine(  152): ConnectedState{ what=131155 when=-4ms arg1=18 }
D/WifiHW  (  152): send cmd is SIGNAL_POLL 
D/StateMachine(  152): handleMessage: X
V/MediaPlayer(  748): getCurrentPosition
V/MediaPlayerService(   90): getCurrentPosition
I/        (   90): CmpbHttpLiveStreaming::getCurrentPosition!
I/        (   90): CmpbHttpLiveStreaming::getCurrentPosition(return 0) exit!
V/MediaPlayerService(   90): [4] getCurrentPosition = 0
V/MediaPlayer(  748): getCurrentPosition
V/MediaPlayerService(   90): getCurrentPosition
I/        (   90): CmpbHttpLiveStreaming::getCurrentPosition!
I/        (   90): CmpbHttpLiveStreaming::getCurrentPosition(return 0) exit!
V/MediaPlayerService(   90): [4] getCurrentPosition = 0
D/dalvikvm(  779): GC_CONCURRENT freed 433K, 13% free 5745K/6535K, paused 0ms+1ms
D/HomePlayerLib(  779): hostaddress count is 1
V/MediaPlayer(  748): getCurrentPosition
V/MediaPlayerService(   90): getCurrentPosition
I/        (   90): CmpbHttpLiveStreaming::getCurrentPosition!
I/        (   90): CmpbHttpLiveStreaming::getCurrentPosition(return 0) exit!
V/MediaPlayerService(   90): [4] getCurrentPosition = 0
D/dalvikvm(  779): GC_CONCURRENT freed 505K, 13% free 5750K/6535K, paused 0ms+1ms
D/dalvikvm(  779): GC_CONCURRENT freed 510K, 12% free 5751K/6535K, paused 0ms+1ms
D/dalvikvm(  779): GC_CONCURRENT freed 505K, 12% free 5758K/6535K, paused 0ms+1ms
D/dalvikvm(  779): GC_CONCURRENT freed 509K, 13% free 5748K/6535K, paused 0ms+2ms
D/dalvikvm(  779): GC_CONCURRENT freed 503K, 12% free 5756K/6535K, paused 1ms+2ms
D/StatusBar.NetworkController(  250): ------------------EthernetManager is on ----------
D/StatusBar.NetworkController(  250): ------------------getLinkStatus ----------
D/StatusBar.NetworkController(  250): ------------------mEthernetConnected is  ----------false
D/StatusBar.NetworkController(  250): ------------------EthernetManager is on 11-11-11-11-11----------
D/StatusBar.NetworkController(  250): ------------------EthernetManager is on 13-13-13-13-13-13----------
D/StateMachine(  152): handleMessage: E msg.what=131155
D/StateMachine(  152): processMsg: ConnectedState
D/WifiStateMachine(  152): ConnectedState{ what=131155 when=-4ms arg1=18 }
D/WifiHW  (  152): send cmd is SIGNAL_POLL 
D/StateMachine(  152): handleMessage: X
D/dalvikvm(  779): GC_CONCURRENT freed 405K, 13% free 5736K/6535K, paused 1ms+1ms
V/MediaPlayer(  748): getCurrentPosition
V/MediaPlayerService(   90): getCurrentPosition
I/        (   90): CmpbHttpLiveStreaming::getCurrentPosition!
I/        (   90): CmpbHttpLiveStreaming::getCurrentPosition(return 0) exit!
V/MediaPlayerService(   90): [4] getCurrentPosition = 0
V/MediaPlayer(  748): getCurrentPosition
V/MediaPlayerService(   90): getCurrentPosition
I/        (   90): CmpbHttpLiveStreaming::getCurrentPosition!
I/        (   90): CmpbHttpLiveStreaming::getCurrentPosition(return 0) exit!
V/MediaPlayerService(   90): [4] getCurrentPosition = 0
D/dalvikvm(  779): GC_CONCURRENT freed 471K, 12% free 5770K/6535K, paused 1ms+1ms
D/StatusBar.NetworkController(  250): ------------------EthernetManager is on ----------
D/StatusBar.NetworkController(  250): ------------------getLinkStatus ----------
D/StatusBar.NetworkController(  250): ------------------mEthernetConnected is  ----------false
D/StatusBar.NetworkController(  250): ------------------EthernetManager is on 11-11-11-11-11----------
D/StatusBar.NetworkController(  250): ------------------EthernetManager is on 13-13-13-13-13-13----------
V/MediaPlayer(  748): getCurrentPosition
V/MediaPlayerService(   90): getCurrentPosition
I/        (   90): CmpbHttpLiveStreaming::getCurrentPosition!
I/        (   90): CmpbHttpLiveStreaming::getCurrentPosition(return 0) exit!
V/MediaPlayerService(   90): [4] getCurrentPosition = 0
D/StatusBar.NetworkController(  250): ------------------EthernetManager is on ----------
D/StatusBar.NetworkController(  250): ------------------getLinkStatus ----------
D/StatusBar.NetworkController(  250): ------------------mEthernetConnected is  ----------false
D/StatusBar.NetworkController(  250): ------------------EthernetManager is on 11-11-11-11-11----------
D/StatusBar.NetworkController(  250): ------------------EthernetManager is on 13-13-13-13-13-13----------
D/StateMachine(  152): handleMessage: E msg.what=131155
D/StateMachine(  152): processMsg: ConnectedState
D/WifiStateMachine(  152): ConnectedState{ what=131155 when=-4ms arg1=18 }
D/WifiHW  (  152): send cmd is SIGNAL_POLL 
D/StateMachine(  152): handleMessage: X
V/MediaPlayer(  748): getCurrentPosition
V/MediaPlayerService(   90): getCurrentPosition
I/        (   90): CmpbHttpLiveStreaming::getCurrentPosition!
I/        (   90): CmpbHttpLiveStreaming::getCurrentPosition(return 0) exit!
V/MediaPlayerService(   90): [4] getCurrentPosition = 0
D/StatusBar.NetworkController(  250): ------------------EthernetManager is on ----------
D/StatusBar.NetworkController(  250): ------------------getLinkStatus ----------
D/StatusBar.NetworkController(  250): ------------------mEthernetConnected is  ----------false
D/StatusBar.NetworkController(  250): ------------------EthernetManager is on 11-11-11-11-11----------
D/StatusBar.NetworkController(  250): ------------------EthernetManager is on 13-13-13-13-13-13----------
V/MediaPlayer(  748): getCurrentPosition
V/MediaPlayerService(   90): getCurrentPosition
I/        (   90): CmpbHttpLiveStreaming::getCurrentPosition!
I/        (   90): CmpbHttpLiveStreaming::getCurrentPosition(return 0) exit!
V/MediaPlayerService(   90): [4] getCurrentPosition = 0
D/dalvikvm(  779): GC_CONCURRENT freed 545K, 13% free 5737K/6535K, paused 0ms+1ms
V/MediaPlayer(  748): getCurrentPosition
V/MediaPlayerService(   90): getCurrentPosition
I/        (   90): CmpbHttpLiveStreaming::getCurrentPosition!
I/        (   90): CmpbHttpLiveStreaming::getCurrentPosition(return 0) exit!
V/MediaPlayerService(   90): [4] getCurrentPosition = 0
D/StateMachine(  152): handleMessage: E msg.what=131155
D/StateMachine(  152): processMsg: ConnectedState
D/WifiStateMachine(  152): ConnectedState{ what=131155 when=-4ms arg1=18 }
D/WifiHW  (  152): send cmd is SIGNAL_POLL 
D/StateMachine(  152): handleMessage: X
V/MediaPlayer(  748): getCurrentPosition
V/MediaPlayerService(   90): getCurrentPosition
I/        (   90): CmpbHttpLiveStreaming::getCurrentPosition!
I/        (   90): CmpbHttpLiveStreaming::getCurrentPosition(return 0) exit!
V/MediaPlayerService(   90): [4] getCurrentPosition = 0
V/MediaPlayer(  748): getCurrentPosition
V/MediaPlayerService(   90): getCurrentPosition
I/        (   90): CmpbHttpLiveStreaming::getCurrentPosition!
I/        (   90): CmpbHttpLiveStreaming::getCurrentPosition(return 0) exit!
V/MediaPlayerService(   90): [4] getCurrentPosition = 0
D/dalvikvm(  779): GC_CONCURRENT freed 407K, 13% free 5745K/6535K, paused 0ms+1ms
V/MediaPlayer(  748): getCurrentPosition
V/MediaPlayerService(   90): getCurrentPosition
I/        (   90): CmpbHttpLiveStreaming::getCurrentPosition!
I/        (   90): CmpbHttpLiveStreaming::getCurrentPosition(return 0) exit!
V/MediaPlayerService(   90): [4] getCurrentPosition = 0
D/StateMachine(  152): handleMessage: E msg.what=131155
D/StateMachine(  152): processMsg: ConnectedState
D/WifiStateMachine(  152): ConnectedState{ what=131155 when=-4ms arg1=18 }
D/WifiHW  (  152): send cmd is SIGNAL_POLL 
D/StateMachine(  152): handleMessage: X
D/dalvikvm(  779): GC_CONCURRENT freed 518K, 13% free 5735K/6535K, paused 1ms+1ms
D/dalvikvm(  779): GC_CONCURRENT freed 488K, 13% free 5750K/6535K, paused 0ms+1ms
V/MediaPlayer(  748): getCurrentPosition
V/MediaPlayerService(   90): getCurrentPosition
I/        (   90): CmpbHttpLiveStreaming::getCurrentPosition!
I/        (   90): CmpbHttpLiveStreaming::getCurrentPosition(return 0) exit!
V/MediaPlayerService(   90): [4] getCurrentPosition = 0
D/dalvikvm(  779): GC_CONCURRENT freed 499K, 13% free 5750K/6535K, paused 0ms+1ms
D/dalvikvm(  779): GC_CONCURRENT freed 504K, 13% free 5746K/6535K, paused 0ms+1ms
V/MediaPlayer(  748): getCurrentPosition
V/MediaPlayerService(   90): getCurrentPosition
I/        (   90): CmpbHttpLiveStreaming::getCurrentPosition!
I/        (   90): CmpbHttpLiveStreaming::getCurrentPosition(return 0) exit!
V/MediaPlayerService(   90): [4] getCurrentPosition = 0
D/HomePlayerLib(  779): hostaddress count is 1
D/dalvikvm(  779): GC_CONCURRENT freed 483K, 12% free 5764K/6535K, paused 0ms+1ms
D/dalvikvm(  779): GC_CONCURRENT freed 455K, 13% free 5742K/6535K, paused 1ms+1ms
D/dalvikvm(  779): GC_CONCURRENT freed 407K, 12% free 5789K/6535K, paused 0ms+1ms
D/dalvikvm(  779): GC_CONCURRENT freed 519K, 12% free 5770K/6535K, paused 1ms+1ms
D/dalvikvm(  779): GC_CONCURRENT freed 519K, 13% free 5749K/6535K, paused 0ms+1ms
D/StatusBar.NetworkController(  250): ------------------EthernetManager is on ----------
D/StatusBar.NetworkController(  250): ------------------getLinkStatus ----------
D/StatusBar.NetworkController(  250): ------------------mEthernetConnected is  ----------false
D/StatusBar.NetworkController(  250): ------------------EthernetManager is on 11-11-11-11-11----------
D/StatusBar.NetworkController(  250): ------------------EthernetManager is on 13-13-13-13-13-13----------
D/dalvikvm(  779): GC_CONCURRENT freed 416K, 13% free 5748K/6535K, paused 0ms+1ms
D/dalvikvm(  779): GC_CONCURRENT freed 500K, 12% free 5754K/6535K, paused 0ms+1ms
V/MediaPlayer(  748): getCurrentPosition
V/MediaPlayerService(   90): getCurrentPosition
I/        (   90): CmpbHttpLiveStreaming::getCurrentPosition!
I/        (   90): CmpbHttpLiveStreaming::getCurrentPosition(return 0) exit!
V/MediaPlayerService(   90): [4] getCurrentPosition = 0
D/StateMachine(  152): handleMessage: E msg.what=131155
D/StateMachine(  152): processMsg: ConnectedState
D/WifiStateMachine(  152): ConnectedState{ what=131155 when=-4ms arg1=18 }
D/WifiHW  (  152): send cmd is SIGNAL_POLL 
D/StateMachine(  152): handleMessage: X
V/MediaPlayer(  748): getCurrentPosition
V/MediaPlayerService(   90): getCurrentPosition
I/        (   90): CmpbHttpLiveStreaming::getCurrentPosition!
I/        (   90): CmpbHttpLiveStreaming::getCurrentPosition(return 0) exit!
V/MediaPlayerService(   90): [4] getCurrentPosition = 0
V/MediaPlayer(  748): getCurrentPosition
V/MediaPlayerService(   90): getCurrentPosition
I/        (   90): CmpbHttpLiveStreaming::getCurrentPosition!
I/        (   90): CmpbHttpLiveStreaming::getCurrentPosition(return 0) exit!
V/MediaPlayerService(   90): [4] getCurrentPosition = 0
D/dalvikvm(  779): GC_CONCURRENT freed 515K, 13% free 5748K/6535K, paused 0ms+1ms
D/StatusBar.NetworkController(  250): ------------------EthernetManager is on ----------
D/StatusBar.NetworkController(  250): ------------------getLinkStatus ----------
D/StatusBar.NetworkController(  250): ------------------mEthernetConnected is  ----------false
D/StatusBar.NetworkController(  250): ------------------EthernetManager is on 11-11-11-11-11----------
D/StatusBar.NetworkController(  250): ------------------EthernetManager is on 13-13-13-13-13-13----------
V/MediaPlayer(  748): getCurrentPosition
V/MediaPlayerService(   90): getCurrentPosition
I/        (   90): CmpbHttpLiveStreaming::getCurrentPosition!
I/        (   90): CmpbHttpLiveStreaming::getCurrentPosition(return 0) exit!
V/MediaPlayerService(   90): [4] getCurrentPosition = 0
D/StateMachine(  152): handleMessage: E msg.what=131155
D/StateMachine(  152): processMsg: ConnectedState
D/WifiStateMachine(  152): ConnectedState{ what=131155 when=-3ms arg1=18 }
D/WifiHW  (  152): send cmd is SIGNAL_POLL 
D/StateMachine(  152): handleMessage: X
V/MediaPlayer(  748): getCurrentPosition
V/MediaPlayerService(   90): getCurrentPosition
I/        (   90): CmpbHttpLiveStreaming::getCurrentPosition!
I/        (   90): CmpbHttpLiveStreaming::getCurrentPosition(return 0) exit!
V/MediaPlayerService(   90): [4] getCurrentPosition = 0
V/MediaPlayer(  748): getCurrentPosition
V/MediaPlayerService(   90): getCurrentPosition
I/        (   90): CmpbHttpLiveStreaming::getCurrentPosition!
I/        (   90): CmpbHttpLiveStreaming::getCurrentPosition(return 0) exit!
V/MediaPlayerService(   90): [4] getCurrentPosition = 0
V/MediaPlayer(  748): getCurrentPosition
V/MediaPlayerService(   90): getCurrentPosition
I/        (   90): CmpbHttpLiveStreaming::getCurrentPosition!
I/        (   90): CmpbHttpLiveStreaming::getCurrentPosition(return 0) exit!
V/MediaPlayerService(   90): [4] getCurrentPosition = 0
D/StatusBar.NetworkController(  250): ------------------EthernetManager is on ----------
D/StatusBar.NetworkController(  250): ------------------getLinkStatus ----------
D/StatusBar.NetworkController(  250): ------------------mEthernetConnected is  ----------false
D/StatusBar.NetworkController(  250): ------------------EthernetManager is on 11-11-11-11-11----------
D/StatusBar.NetworkController(  250): ------------------EthernetManager is on 13-13-13-13-13-13----------
D/StateMachine(  152): handleMessage: E msg.what=131155
D/StateMachine(  152): processMsg: ConnectedState
D/WifiStateMachine(  152): ConnectedState{ what=131155 when=-4ms arg1=18 }
D/WifiHW  (  152): send cmd is SIGNAL_POLL 
D/StateMachine(  152): handleMessage: X
V/MediaPlayer(  748): getCurrentPosition
V/MediaPlayerService(   90): getCurrentPosition
I/        (   90): CmpbHttpLiveStreaming::getCurrentPosition!
I/        (   90): CmpbHttpLiveStreaming::getCurrentPosition(return 0) exit!
V/MediaPlayerService(   90): [4] getCurrentPosition = 0
V/MediaPlayer(  748): getCurrentPosition
V/MediaPlayerService(   90): getCurrentPosition
I/        (   90): CmpbHttpLiveStreaming::getCurrentPosition!
I/        (   90): CmpbHttpLiveStreaming::getCurrentPosition(return 0) exit!
V/MediaPlayerService(   90): [4] getCurrentPosition = 0
V/MediaPlayer(  748): getCurrentPosition
V/MediaPlayerService(   90): getCurrentPosition
I/        (   90): CmpbHttpLiveStreaming::getCurrentPosition!
I/        (   90): CmpbHttpLiveStreaming::getCurrentPosition(return 0) exit!
V/MediaPlayerService(   90): [4] getCurrentPosition = 0
D/StateMachine(  152): handleMessage: E msg.what=131155
D/StateMachine(  152): processMsg: ConnectedState
D/WifiStateMachine(  152): ConnectedState{ what=131155 when=-4ms arg1=18 }
D/WifiHW  (  152): send cmd is SIGNAL_POLL 
D/StateMachine(  152): handleMessage: X
D/HomePlayerLib(  779): hostaddress count is 1
D/dalvikvm(  779): GC_CONCURRENT freed 453K, 12% free 5781K/6535K, paused 0ms+1ms
D/dalvikvm(  779): GC_CONCURRENT freed 479K, 12% free 5760K/6535K, paused 1ms+1ms
V/MediaPlayer(  748): getCurrentPosition
V/MediaPlayerService(   90): getCurrentPosition
I/        (   90): CmpbHttpLiveStreaming::getCurrentPosition!
I/        (   90): CmpbHttpLiveStreaming::getCurrentPosition(return 0) exit!
V/MediaPlayerService(   90): [4] getCurrentPosition = 0
D/dalvikvm(  779): GC_CONCURRENT freed 478K, 12% free 5759K/6535K, paused 0ms+1ms
D/dalvikvm(  779): GC_CONCURRENT freed 519K, 13% free 5750K/6535K, paused 1ms+1ms
D/dalvikvm(  779): GC_CONCURRENT freed 500K, 12% free 5755K/6535K, paused 0ms+1ms
D/dalvikvm(  779): GC_CONCURRENT freed 512K, 12% free 5752K/6535K, paused 0ms+2ms
V/MediaPlayer(  748): getCurrentPosition
V/MediaPlayerService(   90): getCurrentPosition
I/        (   90): CmpbHttpLiveStreaming::getCurrentPosition!
I/        (   90): CmpbHttpLiveStreaming::getCurrentPosition(return 0) exit!
V/MediaPlayerService(   90): [4] getCurrentPosition = 0
V/MediaPlayer(  748): getCurrentPosition
V/MediaPlayerService(   90): getCurrentPosition
I/        (   90): CmpbHttpLiveStreaming::getCurrentPosition!
I/        (   90): CmpbHttpLiveStreaming::getCurrentPosition(return 0) exit!
V/MediaPlayerService(   90): [4] getCurrentPosition = 0
D/StateMachine(  152): handleMessage: E msg.what=131155
D/StateMachine(  152): processMsg: ConnectedState
D/WifiStateMachine(  152): ConnectedState{ what=131155 when=-4ms arg1=18 }
D/WifiHW  (  152): send cmd is SIGNAL_POLL 
D/StateMachine(  152): handleMessage: X
V/MediaPlayer(  748): getCurrentPosition
V/MediaPlayerService(   90): getCurrentPosition
I/        (   90): CmpbHttpLiveStreaming::getCurrentPosition!
I/        (   90): CmpbHttpLiveStreaming::getCurrentPosition(return 0) exit!
V/MediaPlayerService(   90): [4] getCurrentPosition = 0
V/MediaPlayer(  748): getCurrentPosition
V/MediaPlayerService(   90): getCurrentPosition
I/        (   90): CmpbHttpLiveStreaming::getCurrentPosition!
I/        (   90): CmpbHttpLiveStreaming::getCurrentPosition(return 0) exit!
V/MediaPlayerService(   90): [4] getCurrentPosition = 0
V/MediaPlayer(  748): getCurrentPosition
V/MediaPlayerService(   90): getCurrentPosition
I/        (   90): CmpbHttpLiveStreaming::getCurrentPosition!
I/        (   90): CmpbHttpLiveStreaming::getCurrentPosition(return 0) exit!
V/MediaPlayerService(   90): [4] getCurrentPosition = 0
D/StatusBar.NetworkController(  250): ------------------EthernetManager is on ----------
D/StatusBar.NetworkController(  250): ------------------getLinkStatus ----------
D/StatusBar.NetworkController(  250): ------------------mEthernetConnected is  ----------false
D/StatusBar.NetworkController(  250): ------------------EthernetManager is on 11-11-11-11-11----------
D/StatusBar.NetworkController(  250): ------------------EthernetManager is on 13-13-13-13-13-13----------
D/StateMachine(  152): handleMessage: E msg.what=131155
D/StateMachine(  152): processMsg: ConnectedState
D/WifiStateMachine(  152): ConnectedState{ what=131155 when=-4ms arg1=18 }
D/WifiHW  (  152): send cmd is SIGNAL_POLL 
D/StateMachine(  152): handleMessage: X
V/MediaPlayer(  748): getCurrentPosition
V/MediaPlayerService(   90): getCurrentPosition
I/        (   90): CmpbHttpLiveStreaming::getCurrentPosition!
I/        (   90): CmpbHttpLiveStreaming::getCurrentPosition(return 0) exit!
V/MediaPlayerService(   90): [4] getCurrentPosition = 0
D/dalvikvm(  779): GC_CONCURRENT freed 464K, 12% free 5761K/6535K, paused 0ms+1ms
D/dalvikvm(  779): GC_CONCURRENT freed 442K, 12% free 5756K/6535K, paused 0ms+2ms
D/StatusBar.NetworkController(  250): ------------------EthernetManager is on ----------
D/StatusBar.NetworkController(  250): ------------------getLinkStatus ----------
D/StatusBar.NetworkController(  250): ------------------mEthernetConnected is  ----------false
D/StatusBar.NetworkController(  250): ------------------EthernetManager is on 11-11-11-11-11----------
D/StatusBar.NetworkController(  250): ------------------EthernetManager is on 13-13-13-13-13-13----------
D/dalvikvm(  779): GC_CONCURRENT freed 506K, 12% free 5759K/6535K, paused 1ms+1ms
D/dalvikvm(  779): GC_CONCURRENT freed 516K, 13% free 5751K/6535K, paused 0ms+1ms
V/MediaPlayer(  748): getCurrentPosition
V/MediaPlayerService(   90): getCurrentPosition
I/        (   90): CmpbHttpLiveStreaming::getCurrentPosition!
I/        (   90): CmpbHttpLiveStreaming::getCurrentPosition(return 0) exit!
V/MediaPlayerService(   90): [4] getCurrentPosition = 0
V/MediaPlayer(  748): getCurrentPosition
V/MediaPlayerService(   90): getCurrentPosition
I/        (   90): CmpbHttpLiveStreaming::getCurrentPosition!
I/        (   90): CmpbHttpLiveStreaming::getCurrentPosition(return 0) exit!
V/MediaPlayerService(   90): [4] getCurrentPosition = 0
D/StateMachine(  152): handleMessage: E msg.what=131155
D/StateMachine(  152): processMsg: ConnectedState
D/WifiStateMachine(  152): ConnectedState{ what=131155 when=-4ms arg1=18 }
D/WifiHW  (  152): send cmd is SIGNAL_POLL 
D/StateMachine(  152): handleMessage: X
V/MediaPlayer(  748): getCurrentPosition
V/MediaPlayerService(   90): getCurrentPosition
I/        (   90): CmpbHttpLiveStreaming::getCurrentPosition!
I/        (   90): CmpbHttpLiveStreaming::getCurrentPosition(return 0) exit!
V/MediaPlayerService(   90): [4] getCurrentPosition = 0
V/MediaPlayer(  748): getCurrentPosition
V/MediaPlayerService(   90): getCurrentPosition
I/        (   90): CmpbHttpLiveStreaming::getCurrentPosition!
I/        (   90): CmpbHttpLiveStreaming::getCurrentPosition(return 0) exit!
V/MediaPlayerService(   90): [4] getCurrentPosition = 0
D/dalvikvm(  779): GC_CONCURRENT freed 518K, 13% free 5736K/6535K, paused 0ms+1ms
D/HomePlayerLib(  779): hostaddress count is 1
D/dalvikvm(  779): GC_CONCURRENT freed 494K, 13% free 5747K/6535K, paused 1ms+2ms
D/dalvikvm(  779): GC_CONCURRENT freed 520K, 13% free 5737K/6535K, paused 0ms+2ms
D/StatusBar.NetworkController(  250): ------------------EthernetManager is on ----------
D/StatusBar.NetworkController(  250): ------------------getLinkStatus ----------
D/StatusBar.NetworkController(  250): ------------------mEthernetConnected is  ----------false
D/StatusBar.NetworkController(  250): ------------------EthernetManager is on 11-11-11-11-11----------
D/StatusBar.NetworkController(  250): ------------------EthernetManager is on 13-13-13-13-13-13----------
D/dalvikvm(  779): GC_CONCURRENT freed 467K, 12% free 5765K/6535K, paused 0ms+1ms
D/dalvikvm(  779): GC_CONCURRENT freed 440K, 12% free 5761K/6535K, paused 0ms+1ms
V/MediaPlayer(  748): getCurrentPosition
V/MediaPlayerService(   90): getCurrentPosition
I/        (   90): CmpbHttpLiveStreaming::getCurrentPosition!
I/        (   90): CmpbHttpLiveStreaming::getCurrentPosition(return 0) exit!
V/MediaPlayerService(   90): [4] getCurrentPosition = 0
D/dalvikvm(  779): GC_CONCURRENT freed 520K, 13% free 5750K/6535K, paused 0ms+2ms
D/dalvikvm(  779): GC_CONCURRENT freed 511K, 13% free 5748K/6535K, paused 1ms+1ms
D/StatusBar.NetworkController(  250): ------------------EthernetManager is on ----------
D/StatusBar.NetworkController(  250): ------------------getLinkStatus ----------
D/StatusBar.NetworkController(  250): ------------------mEthernetConnected is  ----------false
D/StatusBar.NetworkController(  250): ------------------EthernetManager is on 11-11-11-11-11----------
D/StatusBar.NetworkController(  250): ------------------EthernetManager is on 13-13-13-13-13-13----------
D/StateMachine(  152): handleMessage: E msg.what=131155
D/StateMachine(  152): processMsg: ConnectedState
D/WifiStateMachine(  152): ConnectedState{ what=131155 when=-4ms arg1=18 }
D/WifiHW  (  152): send cmd is SIGNAL_POLL 
D/StateMachine(  152): handleMessage: X
V/MediaPlayer(  748): getCurrentPosition
V/MediaPlayerService(   90): getCurrentPosition
I/        (   90): CmpbHttpLiveStreaming::getCurrentPosition!
I/        (   90): CmpbHttpLiveStreaming::getCurrentPosition(return 0) exit!
V/MediaPlayerService(   90): [4] getCurrentPosition = 0
V/MediaPlayer(  748): getCurrentPosition
V/MediaPlayerService(   90): getCurrentPosition
I/        (   90): CmpbHttpLiveStreaming::getCurrentPosition!
I/        (   90): CmpbHttpLiveStreaming::getCurrentPosition(return 0) exit!
V/MediaPlayerService(   90): [4] getCurrentPosition = 0
V/MediaPlayer(  748): getCurrentPosition
V/MediaPlayerService(   90): getCurrentPosition
I/        (   90): CmpbHttpLiveStreaming::getCurrentPosition!
I/        (   90): CmpbHttpLiveStreaming::getCurrentPosition(return 0) exit!
V/MediaPlayerService(   90): [4] getCurrentPosition = 0
D/StateMachine(  152): handleMessage: E msg.what=131155
D/StateMachine(  152): processMsg: ConnectedState
D/WifiStateMachine(  152): ConnectedState{ what=131155 when=-4ms arg1=18 }
D/WifiHW  (  152): send cmd is SIGNAL_POLL 
D/StateMachine(  152): handleMessage: X
E/EventHub(  152): send pin = 24,value = 0
V/PinyinIME(  574): onKeyDown:4
I/PinyinIME(  574): onKeyDown:System handler the keyevent
V/MediaPlayer(  748): getCurrentPosition
V/MediaPlayerService(   90): getCurrentPosition
I/        (   90): CmpbHttpLiveStreaming::getCurrentPosition!
I/        (   90): CmpbHttpLiveStreaming::getCurrentPosition(return 0) exit!
V/MediaPlayerService(   90): [4] getCurrentPosition = 0
E/EventHub(  152): send pin = 24,value = 0
I/PinyinIME(  574): onKeyUp:4
I/PinyinIME(  574): onKeyUp:System handler the keyevent
V/MediaPlayer(  748): getCurrentPosition
V/MediaPlayerService(   90): getCurrentPosition
I/        (   90): CmpbHttpLiveStreaming::getCurrentPosition!
I/        (   90): CmpbHttpLiveStreaming::getCurrentPosition(return 0) exit!
V/MediaPlayerService(   90): [4] getCurrentPosition = 0
V/MediaPlayer(  748): getCurrentPosition
V/MediaPlayerService(   90): getCurrentPosition
I/        (   90): CmpbHttpLiveStreaming::getCurrentPosition!
I/        (   90): CmpbHttpLiveStreaming::getCurrentPosition(return 0) exit!
V/MediaPlayerService(   90): [4] getCurrentPosition = 0
D/StateMachine(  152): handleMessage: E msg.what=131155
D/StateMachine(  152): processMsg: ConnectedState
D/WifiStateMachine(  152): ConnectedState{ what=131155 when=-4ms arg1=18 }
D/WifiHW  (  152): send cmd is SIGNAL_POLL 
D/StateMachine(  152): handleMessage: X
V/MediaPlayer(  748): getCurrentPosition
V/MediaPlayerService(   90): getCurrentPosition
I/        (   90): CmpbHttpLiveStreaming::getCurrentPosition!
I/        (   90): CmpbHttpLiveStreaming::getCurrentPosition(return 0) exit!
V/MediaPlayerService(   90): [4] getCurrentPosition = 0
D/dalvikvm(  779): GC_CONCURRENT freed 487K, 12% free 5766K/6535K, paused 1ms+1ms
D/dalvikvm(  779): GC_CONCURRENT freed 518K, 13% free 5746K/6535K, paused 0ms+1ms
D/dalvikvm(  779): GC_CONCURRENT freed 419K, 13% free 5740K/6535K, paused 0ms+1ms
D/dalvikvm(  779): GC_CONCURRENT freed 504K, 13% free 5747K/6535K, paused 1ms+1ms
V/MediaPlayer(  748): getCurrentPosition
V/MediaPlayerService(   90): getCurrentPosition
I/        (   90): CmpbHttpLiveStreaming::getCurrentPosition!
I/        (   90): CmpbHttpLiveStreaming::getCurrentPosition(return 0) exit!
V/MediaPlayerService(   90): [4] getCurrentPosition = 0
D/dalvikvm(  779): GC_CONCURRENT freed 477K, 13% free 5750K/6535K, paused 0ms+1ms
D/dalvikvm(  779): GC_CONCURRENT freed 505K, 13% free 5750K/6535K, paused 0ms+1ms
D/dalvikvm(  779): GC_CONCURRENT freed 400K, 13% free 5739K/6535K, paused 0ms+1ms
D/dalvikvm(  779): GC_CONCURRENT freed 504K, 13% free 5747K/6535K, paused 1ms+2ms
V/MediaPlayer(  748): getCurrentPosition
V/MediaPlayerService(   90): getCurrentPosition
I/        (   90): CmpbHttpLiveStreaming::getCurrentPosition!
I/        (   90): CmpbHttpLiveStreaming::getCurrentPosition(return 0) exit!
V/MediaPlayerService(   90): [4] getCurrentPosition = 0
E/EventHub(  152): send pin = 24,value = 0
V/PinyinIME(  574): onKeyDown:4
I/PinyinIME(  574): onKeyDown:System handler the keyevent
I/MediaControler(  748): pause called isPlaying:
I/MediaControler(  748): pause called
V/MediaPlayer(  748): pause
V/MediaPlayerService(   90): [4] pause
I/CmpbPlayer(   90): [CMPBPLAYER][INFO][pause]line:3106 cmpb_pause
I/        (   90): CmpbHttpLiveStreaming::Pause enter!
D/Playlist(   90): [pause][418]-------
D/Playlist(   90): PlaylistPlayer::pause() enter!
D/Playlist(   90): 
D/Playlist(   90): [pause][421]-------
D/Playlist(   90): PlaylistPlayer::pause() bTsInfoReady=0, fCMPBHandle=0, mState=4!
D/Playlist(   90): 
D/Playlist(   90): [pause][442]-------
D/Playlist(   90): PlaylistPlayer::pause() exit failed!
D/Playlist(   90): 
I/        (   90): CmpbHttpLiveStreaming::Pause exit!
D/VideoPlayer(  748): onPlayPause
E/EventHub(  152): send pin = 24,value = 0
D/dalvikvm(  748): GC_CONCURRENT freed 1546K, 41% free 11703K/19719K, paused 1ms+3ms
I/PinyinIME(  574): onKeyUp:4
I/PinyinIME(  574): onKeyUp:System handler the keyevent
D/InputEventConsistencyVerifier(  748): KeyEvent: ACTION_UP but key was not down.
D/InputEventConsistencyVerifier(  748):   in com.android.internal.policy.impl.PhoneWindow$DecorView@4197fed8
D/InputEventConsistencyVerifier(  748):   0: sent at 30326157000000, KeyEvent { action=ACTION_UP, keyCode=KEYCODE_BACK, scanCode=158, metaState=0, flags=0x8, repeatCount=0, eventTime=30326157, downTime=30326087, deviceId=1, source=0x701 }
D/StateMachine(  152): handleMessage: E msg.what=131155
D/StateMachine(  152): processMsg: ConnectedState
D/WifiStateMachine(  152): ConnectedState{ what=131155 when=-3ms arg1=18 }
D/WifiHW  (  152): send cmd is SIGNAL_POLL 
D/StateMachine(  152): handleMessage: X
D/HomePlayerLib(  779): hostaddress count is 1
D/dalvikvm(  779): GC_CONCURRENT freed 508K, 13% free 5749K/6535K, paused 0ms+1ms
D/dalvikvm(  779): GC_CONCURRENT freed 481K, 12% free 5767K/6535K, paused 1ms+1ms
D/dalvikvm(  779): GC_CONCURRENT freed 494K, 12% free 5769K/6535K, paused 3ms+2ms
D/dalvikvm(  779): GC_CONCURRENT freed 440K, 12% free 5761K/6535K, paused 1ms+1ms
D/dalvikvm(  779): GC_CONCURRENT freed 496K, 13% free 5745K/6535K, paused 1ms+1ms
D/dalvikvm(  779): GC_CONCURRENT freed 489K, 12% free 5760K/6535K, paused 1ms+1ms
E/EventHub(  152): send pin = 24,value = 0
V/PinyinIME(  574): onKeyDown:20
I/PinyinIME(  574): onKeyDown:System handler the keyevent
D/audio_hw_primary(   90): select_output_device 0x40002
E/EventHub(  152): send pin = 24,value = 0
I/PinyinIME(  574): onKeyUp:20
I/PinyinIME(  574): onKeyUp:System handler the keyevent
D/InputEventConsistencyVerifier(  748): KeyEvent: ACTION_UP but key was not down.
D/InputEventConsistencyVerifier(  748):   in android.widget.LinearLayout@4162c788
D/InputEventConsistencyVerifier(  748):   0: sent at 30328257000000, KeyEvent { action=ACTION_UP, keyCode=KEYCODE_DPAD_DOWN, scanCode=108, metaState=0, flags=0x8, repeatCount=0, eventTime=30328257, downTime=30328090, deviceId=1, source=0x701 }
E/EventHub(  152): send pin = 24,value = 0
D/StatusBar.NetworkController(  250): ------------------EthernetManager is on ----------
D/StatusBar.NetworkController(  250): ------------------getLinkStatus ----------
D/StatusBar.NetworkController(  250): ------------------mEthernetConnected is  ----------false
D/StatusBar.NetworkController(  250): ------------------EthernetManager is on 11-11-11-11-11----------
D/StatusBar.NetworkController(  250): ------------------EthernetManager is on 13-13-13-13-13-13----------
D/StateMachine(  152): handleMessage: E msg.what=131155
D/StateMachine(  152): processMsg: ConnectedState
D/WifiStateMachine(  152): ConnectedState{ what=131155 when=-4ms arg1=18 }
D/WifiHW  (  152): send cmd is SIGNAL_POLL 
D/StateMachine(  152): handleMessage: X
V/PinyinIME(  574): onKeyDown:19
I/PinyinIME(  574): onKeyDown:System handler the keyevent
E/EventHub(  152): send pin = 24,value = 0
D/dalvikvm(  748): GC_CONCURRENT freed 544K, 34% free 13080K/19719K, paused 2ms+3ms
I/PinyinIME(  574): onKeyUp:19
I/PinyinIME(  574): onKeyUp:System handler the keyevent
D/InputEventConsistencyVerifier(  748): KeyEvent: ACTION_UP but key was not down.
D/InputEventConsistencyVerifier(  748):   in android.widget.LinearLayout@415806b0
D/InputEventConsistencyVerifier(  748):   0: sent at 30329591000000, KeyEvent { action=ACTION_UP, keyCode=KEYCODE_DPAD_UP, scanCode=103, metaState=0, flags=0x8, repeatCount=0, eventTime=30329591, downTime=30329521, deviceId=1, source=0x701 }
D/InputEventConsistencyVerifier(  748):   -- recent events --
D/InputEventConsistencyVerifier(  748):   1: sent at 30328090000000, (unhandled) KeyEvent { action=ACTION_DOWN, keyCode=KEYCODE_DPAD_DOWN, scanCode=108, metaState=0, flags=0x8, repeatCount=0, eventTime=30328090, downTime=30328090, deviceId=1, source=0x701 }
D/InputEventConsistencyVerifier(  748):   2: sent at 30326157000000, (unhandled) KeyEvent { action=ACTION_UP, keyCode=KEYCODE_BACK, scanCode=158, metaState=0, flags=0x80000008, repeatCount=0, eventTime=30326157, downTime=30326087, deviceId=1, source=0x701 }
E/EventHub(  152): send pin = 24,value = 0
V/PinyinIME(  574): onKeyDown:23
I/PinyinIME(  574): onKeyDown:System handler the keyevent
D/StatusBar.NetworkController(  250): ------------------EthernetManager is on ----------
D/StatusBar.NetworkController(  250): ------------------getLinkStatus ----------
D/StatusBar.NetworkController(  250): ------------------mEthernetConnected is  ----------false
D/StatusBar.NetworkController(  250): ------------------EthernetManager is on 11-11-11-11-11----------
D/StatusBar.NetworkController(  250): ------------------EthernetManager is on 13-13-13-13-13-13----------
E/EventHub(  152): send pin = 24,value = 0
I/PinyinIME(  574): onKeyUp:23
I/PinyinIME(  574): onKeyUp:System handler the keyevent
D/VideoPlayer(  748): clicked id:2131165279
D/VideoPlayer(  748): onPause
E/VideoPlayer(  748): addBookMark:
D/VideoPlayer(  748): get terminal msg from db!
D/MediaControler(  748): stop
V/MediaPlayer(  748): stop
V/MediaPlayerService(   90): [4] stop
E/ActivityThread(  748): Failed to find provider info for com.aidufei.cibn.auth
I/CmpbPlayer(   90): [CMPBPLAYER][INFO][stop]line:3053 cmpb_stop
I/        (   90): CmpbHttpLiveStreaming::Stop enter!
D/Playlist(   90): [stop][360]-------
D/Playlist(   90): PlaylistPlayer::stop() enter!
D/Playlist(   90): 
D/Playlist(   90): [popMoniterEvent][1380]-------
D/Playlist(   90): PlaylistPlayer::popMoniterEvent wakeup with event size:1
D/Playlist(   90): 
D/Playlist(   90): [hls_moniter_thread][1521]-------
D/Playlist(   90): PlaylistPlayer::hls_moniter_thread pop event HLS_EXIT_MONITER
D/Playlist(   90): 
D/Playlist(   90): [setVideoFreeze][1247]-------
D/Playlist(   90): PlaylistPlayer::setVideoFreeze bFlag = 0)
D/Playlist(   90): 
E/        (   90): <Client> IMtkPb_Ctrl_ClearVideo ---> is called @Line: 5685!
D/Test    (  748): request Url  :http://cibn-ido.longvisionmedia.com:8088/userCenter/addBookMark?version=V001&terminalType=1&resolution=1280*720&userCode=80007&userName=80007&resourceCode=16507&bookMark=0&authKey=d8a3b1507a5f59778fa53add9a90c009
E/        (   90): RPC Succeed:IMtkPb_Ctrl_ClearVideo #5697, ret 0
D/Playlist(   90): [stop][387]-------
D/Playlist(   90): PlaylistPlayer::stop() after IMtkPb_Ctrl_ClearVideo, ret=0!
D/Playlist(   90): 
D/Playlist(   90): [stop][394]-------
D/Playlist(   90): PlaylistPlayer::stop() before IMtkPb_Ctrl_Close!
D/Playlist(   90): 
E/        (   90): <Client> IMtkPb_Ctrl_Close ---> is called @Line: 2271!
E/        (   90): RPC Succeed:IMtkPb_Ctrl_Close #2286, ret 0
E/        (   90): <Client>Release Number0 client
E/        (   90): <Client> IMtkPb_Ctrl_Close, @Line: 2359 
E/        (   90): c_rpc_uninit_mtkpbctrl_client
D/Playlist(   90): [stop][396]-------
D/Playlist(   90): PlaylistPlayer::stop() after IMtkPb_Ctrl_Close, ret=0!
D/Playlist(   90): 
D/Playlist(   90): [stop][412]-------
D/Playlist(   90): PlaylistPlayer::stop() exit success!
D/Playlist(   90): 
I/        (   90): CmpbHttpLiveStreaming::Stop exit!
V/MediaPlayer(  748): setListener
V/MediaPlayer(  748): disconnect
V/MediaPlayerService(   90): disconnect(4) from pid 748
I/CmpbPlayer(   90): [CMPBPLAYER][INFO][reset]line:3466 cmpb_reset
I/CmpbPlayer(   90): [CMPBPLAYER][INFO][ResetNosync]line:435 ResetNosync enter
I/CmpbPlayer(   90): [CMPBPLAYER][INFO][StopPlayer]line:549 StopPlayer(-1), bIsPlaying = 1 
D/CmpbPlayer(   90): [CMPBPLAYER][DEBUG][StopPlayer]line:556 Stop Live stream Player, bisplaying = 1, m_pProtocolPlayer = 0x1ec4b84 
I/        (   90): CmpbHttpLiveStreaming::Stop enter!
E/        (   90): Http living streaming is not CPP_START!
D/CmpbPlayer(   90): [CMPBPLAYER][DEBUG][ResetNosync]line:496 Use free!
D/Playlist(   90): [releasePlaylist][678]-------
D/Playlist(   90): Playlist::releasePlaylist with pt_playlist==null?no!
D/Playlist(   90): 
D/Playlist(   90): [stop][364]-------
D/Playlist(   90): Playlist::stop() enter!
D/Playlist(   90): 
D/Playlist(   90): [stop][370]-------
D/Playlist(   90): Playlist::stop() Before pushWaiter notifyAll!
D/Playlist(   90): 
D/Playlist(   90): [stop][377]-------
D/Playlist(   90): Playlist::stop() Before downloader stop!
D/Playlist(   90): 
D/Playlist(   90): [nextToPlay][1249]-------
D/Playlist(   90): Playlist::nextToPlay() after push wait
D/Playlist(   90): 
D/Playlist(   90): [nextToPlay][1340]-------
D/Playlist(   90): Playlist::nextToPlay() return null media info
D/Playlist(   90): 
D/Playlist(   90): [pushmode_thread][1808]-------
D/Playlist(   90): Playlist::pushmode_thread Begin nextToPlay
D/Playlist(   90): 
D/Playlist(   90): [pushmode_thread][1817]-------
D/Playlist(   90): Playlist::pushmode_thread Notify End!
D/Playlist(   90): 
I/        (   90): CmpbHttpLiveStreaming::notifyBegin: play end
D/Playlist(   90): [pushmode_thread][1820]-------
D/Playlist(   90): *** yw_pushmode_thread ended!!***
D/Playlist(   90): 
D/Playlist(   90): [popDownloadTask][616]-------
D/Playlist(   90): Playlist::popDownloadTask() resume from pushWaiter!
D/Playlist(   90): 
D/Playlist(   90): [popDownloadTask][655]-------
D/Playlist(   90): Playlist::popDownloadTask() exit with return NULL!
D/Playlist(   90): 
D/Playlist(   90): [http_live_streaming_thread][3713]-------
D/Playlist(   90): http_live_streaming_thread pop a null media!
D/Playlist(   90): 
D/Playlist(   90): [http_live_streaming_thread][3746]-------
D/Playlist(   90): ---[INFO]---Quit http_live_streaming_thread!
D/Playlist(   90): 
D/Playlist(   90): [stop][380]-------