I//system/bin/wpa_supplicant(  615): group_cipher = 8
I//system/bin/wpa_supplicant(  615): group_cipher = 8
I//system/bin/wpa_supplicant(  615): group_cipher = 8
I//system/bin/wpa_supplicant(  615): group_cipher = 8
D/wifi    (  153): android_net_wifi_check
D/WifiHW  (  153): wifi0_check 
D/StateMachine(  153): handleMessage: X
D/dalvikvm(  844): GC_CONCURRENT freed 432K, 11% free 5737K/6407K, paused 1ms+2ms
D/SlideManagerRootImpl(  309): slideTo = 4
D/HomePlayerLib(  844): hostaddress count is 1
D/dalvikvm(  844): GC_CONCURRENT freed 511K, 11% free 5730K/6407K, paused 2ms+2ms
D/dalvikvm(  844): GC_CONCURRENT freed 494K, 11% free 5716K/6407K, paused 1ms+3ms
D/dalvikvm(  844): GC_CONCURRENT freed 430K, 11% free 5724K/6407K, paused 0ms+1ms
D/dalvikvm(  844): GC_CONCURRENT freed 505K, 11% free 5730K/6407K, paused 0ms+1ms
D/dalvikvm(  844): GC_CONCURRENT freed 505K, 11% free 5734K/6407K, paused 0ms+1ms
D/dalvikvm(  844): GC_CONCURRENT freed 514K, 11% free 5724K/6407K, paused 1ms+2ms
D/dalvikvm(  844): GC_CONCURRENT freed 398K, 11% free 5711K/6407K, paused 1ms+1ms
D/SlideManagerRootImpl(  309): slideTo = 0
D/HomePlayerLib(  844): hostaddress count is 1
D/dalvikvm(  844): GC_CONCURRENT freed 449K, 11% free 5737K/6407K, paused 0ms+1ms
D/dalvikvm(  844): GC_CONCURRENT freed 517K, 11% free 5731K/6407K, paused 0ms+1ms
D/dalvikvm(  844): GC_CONCURRENT freed 480K, 11% free 5749K/6407K, paused 0ms+1ms
D/SlideManagerRootImpl(  309): slideTo = 1
D/dalvikvm(  844): GC_CONCURRENT freed 465K, 9% free 5885K/6407K, paused 1ms+1ms
D/dalvikvm(  844): GC_CONCURRENT freed 651K, 12% free 5736K/6471K, paused 1ms+1ms
D/dalvikvm(  844): GC_CONCURRENT freed 466K, 12% free 5740K/6471K, paused 0ms+1ms
D/wpa_supplicant(  617): Scan requested (ret=0) - scan timeout 30 seconds
D/wpa_supplicant(  617): RTM_NEWLINK: operstate=0 ifi_flags=0x11003 ([UP][LOWER_UP])
D/wpa_supplicant(  617): RTM_NEWLINK, IFLA_IFNAME: Interface 'wlan0' added
D/wpa_supplicant(  617): Wireless event: cmd=0x8b19 len=8
D/wpa_supplicant(  617): Received 1819 bytes of scan results (10 BSSes)
D/wpa_supplicant(  617): Add randomness: count=42 entropy=41
D/wpa_supplicant(  617): Add randomness: count=43 entropy=42
D/wpa_supplicant(  617): Add randomness: count=44 entropy=43
D/wpa_supplicant(  617): Add randomness: count=45 entropy=44
D/WifiHW  (  153): Received event is CTRL-EVENT-BSS-ADDED 19 38:83:45:81:7f:48
D/wpa_supplicant(  617): Add randomness: count=46 entropy=45
D/wifi    (  153): [buf=CTRL-EVENT-BSS-ADDED 19 38:83:45:81:7f:48]
D/wpa_supplicant(  617): Add randomness: count=47 entropy=46
D/wpa_supplicant(  617): Add randomness: count=48 entropy=47
D/wpa_supplicant(  617): Add randomness: count=49 entropy=48
D/wpa_supplicant(  617): Add randomness: count=50 entropy=49
D/wpa_supplicant(  617): Add randomness: count=51 entropy=50
D/wpa_supplicant(  617): WPS: WFA subelement id=0 len=1
D/wifi    (  153): android_net_wifi_waitForEvent
D/wpa_supplicant(  617): WPS: WFA subelement id=0 len=1
D/wpa_supplicant(  617): WPS: WFA subelement id=0 len=1
D/wpa_supplicant(  617): WPS: WFA subelement id=0 len=1
D/wpa_supplicant(  617): WPS: WFA subelement id=0 len=1
D/WifiHW  (  153): Received event is CTRL-EVENT-SCAN-RESULTS 
D/wpa_supplicant(  617): WPS: WFA subelement id=0 len=1
D/wifi    (  153): [buf=CTRL-EVENT-SCAN-RESULTS ]
D/wpa_supplicant(  617): WPS: WFA subelement id=0 len=1
D/wpa_supplicant(  617): WPS: WFA subelement id=0 len=1
D/wpa_supplicant(  617): WPS: WFA subelement id=0 len=1
D/wpa_supplicant(  617): Ignore event for foreign ifindex 5
D/wifi    (  153): android_net_wifi_waitForEvent
D/WifiHW  (  153): Received event is WPS-AP-AVAILABLE 
D/wifi    (  153): [buf=WPS-AP-AVAILABLE ]
D/wifi    (  153): android_net_wifi_waitForEvent
E/NetlinkListener(   85): recvmsg mBuffer:
E/NetlinkListener(   85):  (8)
D/StateMachine(  153): handleMessage: E msg.what=147461
D/StateMachine(  153): processMsg: DisconnectedState
D/WifiStateMachine(  153): DisconnectedState{ what=147461 when=-1ms }
D/StateMachine(  153): processMsg: ConnectModeState
D/WifiStateMachine(  153): ConnectModeState{ what=147461 when=-1ms }haixia---->ConnectModeState processMessage
D/WifiStateMachine(  153): log log log log log test ConnectModeState processMessage
D/WifiHW  (  153): send cmd is AP_SCAN 1 
D/StateMachine(  153): processMsg: DriverStartedState
D/WifiStateMachine(  153): DriverStartedState{ what=147461 when=-3ms }haixixa processMessage 
E/WifiStateMachine(  153): log log log log log test DriverStartedState processMessage
D/StateMachine(  153): processMsg: SupplicantStartedState
D/WifiStateMachine(  153): SupplicantStartedState{ what=147461 when=-3ms }
D/WifiHW  (  153): send cmd is SCAN_RESULTS 
D/wpa_supplicant(  617): WPS: WFA subelement id=0 len=1
D/wpa_supplicant(  617): WPS: WFA subelement id=0 len=1
D/wpa_supplicant(  617): WPS: WFA subelement id=0 len=1
D/wpa_supplicant(  617): WPS: WFA subelement id=0 len=1
D/wpa_supplicant(  617): WPS: WFA subelement id=0 len=1
D/wpa_supplicant(  617): WPS: WFA subelement id=0 len=1
D/wpa_supplicant(  617): WPS: WFA subelement id=0 len=1
D/wpa_supplicant(  617): WPS: WFA subelement id=0 len=1
D/wpa_supplicant(  617): WPS: WFA subelement id=0 len=1
I//system/bin/wpa_supplicant(  615): group_cipher = 8
I//system/bin/wpa_supplicant(  615): group_cipher = 8
I//system/bin/wpa_supplicant(  615): group_cipher = 8
I//system/bin/wpa_supplicant(  615): group_cipher = 8
I//system/bin/wpa_supplicant(  615): group_cipher = 8
I//system/bin/wpa_supplicant(  615): group_cipher = 8
I//system/bin/wpa_supplicant(  615): group_cipher = 8
I//system/bin/wpa_supplicant(  615): group_cipher = 8
I//system/bin/wpa_supplicant(  615): group_cipher = 8
I//system/bin/wpa_supplicant(  615): group_cipher = 8
D/wifi    (  153): android_net_wifi_check
D/WifiHW  (  153): wifi0_check 
D/StateMachine(  153): handleMessage: X
D/SlideManagerRootImpl(  309): slideTo = 2
D/HomePlayerLib(  844): hostaddress count is 1
D/dalvikvm(  844): GC_CONCURRENT freed 523K, 12% free 5724K/6471K, paused 1ms+1ms
D/dalvikvm(  844): GC_CONCURRENT freed 456K, 12% free 5727K/6471K, paused 0ms+2ms
D/dalvikvm(  844): GC_CONCURRENT freed 496K, 12% free 5732K/6471K, paused 0ms+1ms
D/dalvikvm(  844): GC_CONCURRENT freed 497K, 12% free 5733K/6471K, paused 1ms+1ms
D/dalvikvm(  844): GC_CONCURRENT freed 512K, 12% free 5732K/6471K, paused 0ms+1ms
D/dalvikvm(  844): GC_CONCURRENT freed 497K, 12% free 5729K/6471K, paused 0ms+1ms
D/dalvikvm(  844): GC_CONCURRENT freed 445K, 12% free 5712K/6471K, paused 1ms+1ms
D/SlideManagerRootImpl(  309): slideTo = 3
D/SlideManagerRootImpl(  309): slideTo = 4
D/wpa_supplicant(  617): Scan requested (ret=0) - scan timeout 30 seconds
D/wpa_supplicant(  617): RTM_NEWLINK: operstate=0 ifi_flags=0x11003 ([UP][LOWER_UP])
D/wpa_supplicant(  617): RTM_NEWLINK, IFLA_IFNAME: Interface 'wlan0' added
D/wpa_supplicant(  617): Wireless event: cmd=0x8b19 len=8
E/NetlinkListener(   85): recvmsg mBuffer:
E/NetlinkListener(   85):  (8)
D/wpa_supplicant(  617): Received 1819 bytes of scan results (10 BSSes)
D/wpa_supplicant(  617): Add randomness: count=52 entropy=51
D/wpa_supplicant(  617): Add randomness: count=53 entropy=52
D/wpa_supplicant(  617): Add randomness: count=54 entropy=53
D/wpa_supplicant(  617): Add randomness: count=55 entropy=54
D/wpa_supplicant(  617): Add randomness: count=56 entropy=55
D/wpa_supplicant(  617): Add randomness: count=57 entropy=56
D/wpa_supplicant(  617): Add randomness: count=58 entropy=57
D/wpa_supplicant(  617): Add randomness: count=59 entropy=58
D/wpa_supplicant(  617): Add randomness: count=60 entropy=59
D/wpa_supplicant(  617): Add randomness: count=61 entropy=60
D/wpa_supplicant(  617): WPS: WFA subelement id=0 len=1
D/wpa_supplicant(  617): WPS: WFA subelement id=0 len=1
D/wpa_supplicant(  617): WPS: WFA subelement id=0 len=1
D/wpa_supplicant(  617): WPS: WFA subelement id=0 len=1
D/wpa_supplicant(  617): WPS: WFA subelement id=0 len=1
D/wpa_supplicant(  617): WPS: WFA subelement id=0 len=1
D/wpa_supplicant(  617): WPS: WFA subelement id=0 len=1
D/wpa_supplicant(  617): WPS: WFA subelement id=0 len=1
D/wpa_supplicant(  617): WPS: WFA subelement id=0 len=1
D/wpa_supplicant(  617): Ignore event for foreign ifindex 5
D/WifiHW  (  153): Received event is CTRL-EVENT-SCAN-RESULTS 
D/wifi    (  153): [buf=CTRL-EVENT-SCAN-RESULTS ]
D/wifi    (  153): android_net_wifi_waitForEvent
D/WifiHW  (  153): Received event is WPS-AP-AVAILABLE 
D/wifi    (  153): [buf=WPS-AP-AVAILABLE ]
D/StateMachine(  153): handleMessage: E msg.what=147461
D/StateMachine(  153): processMsg: DisconnectedState
D/WifiStateMachine(  153): DisconnectedState{ what=147461 when=0 }
D/StateMachine(  153): processMsg: ConnectModeState
D/WifiStateMachine(  153): ConnectModeState{ what=147461 when=-1ms }haixia---->ConnectModeState processMessage
D/WifiStateMachine(  153): log log log log log test ConnectModeState processMessage
D/WifiHW  (  153): send cmd is AP_SCAN 1 
D/wifi    (  153): android_net_wifi_waitForEvent
D/StateMachine(  153): processMsg: DriverStartedState
D/WifiStateMachine(  153): DriverStartedState{ what=147461 when=-2ms }haixixa processMessage 
E/WifiStateMachine(  153): log log log log log test DriverStartedState processMessage
D/StateMachine(  153): processMsg: SupplicantStartedState
D/WifiStateMachine(  153): SupplicantStartedState{ what=147461 when=-2ms }
D/WifiHW  (  153): send cmd is SCAN_RESULTS 
D/wpa_supplicant(  617): WPS: WFA subelement id=0 len=1
D/wpa_supplicant(  617): WPS: WFA subelement id=0 len=1
D/wpa_supplicant(  617): WPS: WFA subelement id=0 len=1
D/wpa_supplicant(  617): WPS: WFA subelement id=0 len=1
D/wpa_supplicant(  617): WPS: WFA subelement id=0 len=1
D/wpa_supplicant(  617): WPS: WFA subelement id=0 len=1
D/wpa_supplicant(  617): WPS: WFA subelement id=0 len=1
D/wpa_supplicant(  617): WPS: WFA subelement id=0 len=1
D/wpa_supplicant(  617): WPS: WFA subelement id=0 len=1
I//system/bin/wpa_supplicant(  615): group_cipher = 8
I//system/bin/wpa_supplicant(  615): group_cipher = 8
I//system/bin/wpa_supplicant(  615): group_cipher = 8
I//system/bin/wpa_supplicant(  615): group_cipher = 8
I//system/bin/wpa_supplicant(  615): group_cipher = 8
I//system/bin/wpa_supplicant(  615): group_cipher = 8
I//system/bin/wpa_supplicant(  615): group_cipher = 8
I//system/bin/wpa_supplicant(  615): group_cipher = 8
I//system/bin/wpa_supplicant(  615): group_cipher = 8
I//system/bin/wpa_supplicant(  615): group_cipher = 8
D/wifi    (  153): android_net_wifi_check
D/WifiHW  (  153): wifi0_check 
D/StateMachine(  153): handleMessage: X
D/HomePlayerLib(  844): hostaddress count is 1
D/dalvikvm(  844): GC_CONCURRENT freed 495K, 12% free 5727K/6471K, paused 0ms+1ms
D/dalvikvm(  844): GC_CONCURRENT freed 386K, 11% free 5807K/6471K, paused 0ms+0ms
D/dalvikvm(  844): GC_CONCURRENT freed 588K, 12% free 5727K/6471K, paused 1ms+1ms
D/dalvikvm(  844): GC_CONCURRENT freed 499K, 12% free 5729K/6471K, paused 0ms+1ms
D/dalvikvm(  844): GC_CONCURRENT freed 420K, 12% free 5726K/6471K, paused 0ms+1ms
D/dalvikvm(  844): GC_CONCURRENT freed 497K, 12% free 5741K/6471K, paused 1ms+1ms
D/UpdateInstallAppStatusTimerTask(  897):  ------:: UpdateInstallAppStatusTimerTask execute...
D/dalvikvm(  153): GC_CONCURRENT freed 631K, 17% free 7349K/8839K, paused 2ms+3ms
D/AppInfoDao(  897):  ------:: Can not find record in database by application packageName com.antutu.ABenchMark
D/AppInfoDao(  897):  ------:: Can not find record in database by application packageName com.aurorasoftworks.quadrant.ui.standard
D/AppInfoDao(  897):  ------:: Can not find record in database by application packageName com.drolez.nbench
D/AppInfoDao(  897):  ------:: Can not find record in database by application packageName com.farproc.wifi.analyzer
D/AppInfoDao(  897):  ------:: Can not find record in database by application packageName com.greenecomputing.linpack
D/AppInfoDao(  897):  ------:: Can not find record in database by application packageName com.ifeng.newvideo
D/AppInfoDao(  897):  ------:: Can not find record in database by application packageName com.letv.android.client.pad
D/AppInfoDao(  897):  ------:: Can not find record in database by application packageName com.pplive.androidpad
D/AppInfoDao(  897):  ------:: Can not find record in database by application packageName com.qiyi.video.pad
D/AppInfoDao(  897):  ------:: Can not find record in database by application packageName com.quicinc.vellamo
D/MyAppInfoService(  897):  ------:: appInfoEntityTemp = AppInfoEntity:[id=2,appId=376dc2a6feca4181936a4974ff6e270a,packageName=com.tencent.qqlivehd,typeName=å¨±ä¹,appName=qqlivehd,version=1.3.0.4112,size=2129482,price=0.0,language=zh,developer=qqlivehd,publishTime=null,downloadTimes=0,averageScore=0.0,description=com.tencent.qqlivehd-1.apk,installStatus=2,updateStatus=1,downloadStatus=5]
D/MyAppInfoService(  897):  ------:: appInfoEntityTemp.getCommentSize() = 0
D/AppInfoDao(  897):  ------:: Can not find record in database by application packageName com.threed.jpct.bench
D/AppInfoDao(  897):  ------:: Can not find record in database by application packageName com.tudou.android
D/AppInfoDao(  897):  ------:: Can not find record in database by application packageName com.youku.pad
D/AppInfoDao(  897):  ------:: Can not find record in database by application packageName org.loopbot.androidcpubenchmark
D/AppInfoDao(  897):  ------:: Can not find record in database by application packageName se.nena.nenamark2
D/MyAppInfoService(  897):  ------:: appInfoEntityTemp = AppInfoEntity:[id=3,appId=5482cc2c7ca94ef7afab04b59f82c819,packageName=tv.pps.tpad,typeName=æ¸¸æˆ,appName=pps,version=1.4.0,size=6518599,price=0.0,language=zh,developer=pps,publishTime=null,downloadTimes=1,averageScore=0.0,description=pps,installStatus=2,updateStatus=1,downloadStatus=5]
D/dalvikvm(  897): GC_CONCURRENT freed 309K, 7% free 5371K/5767K, paused 0ms+2ms
D/MyAppInfoService(  897):  ------:: appInfoEntityTemp.getCommentSize() = 0
D/dalvikvm(  897): GC_CONCURRENT freed 279K, 7% free 5505K/5895K, paused 1ms+1ms
D/SlideManagerRootImpl(  309): slideTo = 0
D/SlideManagerRootImpl(  309): slideTo = 1
D/dalvikvm(  844): GC_CONCURRENT freed 501K, 12% free 5745K/6471K, paused 1ms+1ms
D/HomePlayerLib(  844): hostaddress count is 1
D/dalvikvm(  844): GC_CONCURRENT freed 524K, 12% free 5728K/6471K, paused 0ms+1ms
D/dalvikvm(  844): GC_CONCURRENT freed 520K, 12% free 5717K/6471K, paused 1ms+1ms
D/dalvikvm(  844): GC_CONCURRENT freed 473K, 12% free 5728K/6471K, paused 1ms+1ms
D/dalvikvm(  844): GC_CONCURRENT freed 445K, 12% free 5723K/6471K, paused 1ms+1ms
D/dalvikvm(  844): GC_CONCURRENT freed 493K, 12% free 5741K/6471K, paused 0ms+1ms
D/dalvikvm(  844): GC_CONCURRENT freed 517K, 12% free 5730K/6471K, paused 0ms+1ms
E/EventHub(  153): send pin = 24,value = 0
V/PinyinIME(  763): onKeyDown:22
I/PinyinIME(  763): onKeyDown:System handler the keyevent
D/SlideManagerRootImpl(  309): stop = 1
D/audio_hw_primary(   90): select_output_device 0x40002
E/EventHub(  153): send pin = 24,value = 0
I/PinyinIME(  763): onKeyUp:22
I/PinyinIME(  763): onKeyUp:System handler the keyevent
D/InputEventConsistencyVerifier(  309): KeyEvent: ACTION_UP but key was not down.
D/InputEventConsistencyVerifier(  309):   in android.widget.RadioButton@40f504c8
D/InputEventConsistencyVerifier(  309):   0: sent at 163739000000, KeyEvent { action=ACTION_UP, keyCode=KEYCODE_DPAD_RIGHT, scanCode=106, metaState=0, flags=0x8, repeatCount=0, eventTime=163739, downTime=163572, deviceId=3, source=0x701 }
D/MainActivity(  309): position = 1
E/EventHub(  153): send pin = 24,value = 0
V/PinyinIME(  763): onKeyDown:22
I/PinyinIME(  763): onKeyDown:System handler the keyevent
D/wpa_supplicant(  617): Scan requested (ret=0) - scan timeout 30 seconds
D/SlideManagerRootImpl(  309): stop = 1
E/EventHub(  153): send pin = 24,value = 0
I/PinyinIME(  763): onKeyUp:22
I/PinyinIME(  763): onKeyUp:System handler the keyevent
D/InputEventConsistencyVerifier(  309): KeyEvent: ACTION_UP but key was not down.
D/InputEventConsistencyVerifier(  309):   in android.widget.RadioButton@40f7ed60
D/InputEventConsistencyVerifier(  309):   0: sent at 164215000000, KeyEvent { action=ACTION_UP, keyCode=KEYCODE_DPAD_RIGHT, scanCode=106, metaState=0, flags=0x8, repeatCount=0, eventTime=164215, downTime=164049, deviceId=3, source=0x701 }
E/EventHub(  153): send pin = 24,value = 0
V/PinyinIME(  763): onKeyDown:22
I/PinyinIME(  763): onKeyDown:System handler the keyevent
D/MainActivity(  309): position = 2
D/SlideManagerRootImpl(  309): stop = 1
E/EventHub(  153): send pin = 24,value = 0
I/PinyinIME(  763): onKeyUp:22
I/PinyinIME(  763): onKeyUp:System handler the keyevent
D/InputEventConsistencyVerifier(  309): KeyEvent: ACTION_UP but key was not down.
D/InputEventConsistencyVerifier(  309):   in android.widget.RadioButton@40f52c00
D/InputEventConsistencyVerifier(  309):   0: sent at 164518000000, KeyEvent { action=ACTION_UP, keyCode=KEYCODE_DPAD_RIGHT, scanCode=106, metaState=0, flags=0x8, repeatCount=0, eventTime=164518, downTime=164448, deviceId=3, source=0x701 }
E/EventHub(  153): send pin = 24,value = 0
V/PinyinIME(  763): onKeyDown:22
I/PinyinIME(  763): onKeyDown:System handler the keyevent
D/SlideManagerRootImpl(  309): stop = 1
E/EventHub(  153): send pin = 24,value = 0
I/PinyinIME(  763): onKeyUp:22
I/PinyinIME(  763): onKeyUp:System handler the keyevent
D/InputEventConsistencyVerifier(  309): KeyEvent: ACTION_UP but key was not down.
D/InputEventConsistencyVerifier(  309):   in android.widget.RadioButton@40f52f40
D/InputEventConsistencyVerifier(  309):   0: sent at 164869000000, KeyEvent { action=ACTION_UP, keyCode=KEYCODE_DPAD_RIGHT, scanCode=106, metaState=0, flags=0x8, repeatCount=0, eventTime=164869, downTime=164798, deviceId=3, source=0x701 }
D/MainActivity(  309): position = 4
D/dalvikvm(  844): GC_CONCURRENT freed 419K, 12% free 5719K/6471K, paused 0ms+2ms
E/EventHub(  153): send pin = 24,value = 0
V/PinyinIME(  763): onKeyDown:20
I/PinyinIME(  763): onKeyDown:System handler the keyevent
D/wpa_supplicant(  617): RTM_NEWLINK: operstate=0 ifi_flags=0x11003 ([UP][LOWER_UP])
D/wpa_supplicant(  617): RTM_NEWLINK, IFLA_IFNAME: Interface 'wlan0' added
D/wpa_supplicant(  617): Wireless event: cmd=0x8b19 len=8
D/wpa_supplicant(  617): Received 1625 bytes of scan results (9 BSSes)
D/wpa_supplicant(  617): Add randomness: count=62 entropy=61
D/wpa_supplicant(  617): Add randomness: count=63 entropy=62
D/wpa_supplicant(  617): Add randomness: count=64 entropy=63
D/wpa_supplicant(  617): Add randomness: count=65 entropy=64
D/wpa_supplicant(  617): Add randomness: count=66 entropy=65
D/wpa_supplicant(  617): Add randomness: count=67 entropy=66
D/wpa_supplicant(  617): Add randomness: count=68 entropy=67
D/wpa_supplicant(  617): Add randomness: count=69 entropy=68
D/wpa_supplicant(  617): Add randomness: count=70 entropy=69
D/wpa_supplicant(  617): WPS: WFA subelement id=0 len=1
D/wpa_supplicant(  617): WPS: WFA subelement id=0 len=1
D/wpa_supplicant(  617): WPS: WFA subelement id=0 len=1
D/wpa_supplicant(  617): WPS: WFA subelement id=0 len=1
E/NetlinkListener(   85): recvmsg mBuffer:
E/NetlinkListener(   85):  (8)
D/wpa_supplicant(  617): WPS: WFA subelement id=0 len=1
D/wpa_supplicant(  617): WPS: WFA subelement id=0 len=1
D/wpa_supplicant(  617): WPS: WFA subelement id=0 len=1
D/wpa_supplicant(  617): WPS: WFA subelement id=0 len=1
D/wpa_supplicant(  617): WPS: WFA subelement id=0 len=1
D/wpa_supplicant(  617): Ignore event for foreign ifindex 5
D/WifiHW  (  153): Received event is CTRL-EVENT-BSS-REMOVED 15 ec:88:8f:99:6b:3e
D/wifi    (  153): [buf=CTRL-EVENT-BSS-REMOVED 15 ec:88:8f:99:6b:3e]
D/wifi    (  153): android_net_wifi_waitForEvent
D/WifiHW  (  153): Received event is CTRL-EVENT-SCAN-RESULTS 
D/wifi    (  153): [buf=CTRL-EVENT-SCAN-RESULTS ]
D/wifi    (  153): android_net_wifi_waitForEvent
D/WifiHW  (  153): Received event is WPS-AP-AVAILABLE 
D/wifi    (  153): [buf=WPS-AP-AVAILABLE ]
D/wifi    (  153): android_net_wifi_waitForEvent
D/StateMachine(  153): handleMessage: E msg.what=147461
D/StateMachine(  153): processMsg: DisconnectedState
D/WifiStateMachine(  153): DisconnectedState{ what=147461 when=-2ms }
D/StateMachine(  153): processMsg: ConnectModeState
D/WifiStateMachine(  153): ConnectModeState{ what=147461 when=-2ms }haixia---->ConnectModeState processMessage
D/WifiStateMachine(  153): log log log log log test ConnectModeState processMessage
D/WifiHW  (  153): send cmd is AP_SCAN 1 
D/StateMachine(  153): processMsg: DriverStartedState
D/WifiStateMachine(  153): DriverStartedState{ what=147461 when=-3ms }haixixa processMessage 
E/WifiStateMachine(  153): log log log log log test DriverStartedState processMessage
D/StateMachine(  153): processMsg: SupplicantStartedState
D/WifiStateMachine(  153): SupplicantStartedState{ what=147461 when=-3ms }
D/WifiHW  (  153): send cmd is SCAN_RESULTS 
D/wpa_supplicant(  617): WPS: WFA subelement id=0 len=1
D/wpa_supplicant(  617): WPS: WFA subelement id=0 len=1
D/wpa_supplicant(  617): WPS: WFA subelement id=0 len=1
D/wpa_supplicant(  617): WPS: WFA subelement id=0 len=1
D/wpa_supplicant(  617): WPS: WFA subelement id=0 len=1
D/wpa_supplicant(  617): WPS: WFA subelement id=0 len=1
D/wpa_supplicant(  617): WPS: WFA subelement id=0 len=1
D/wpa_supplicant(  617): WPS: WFA subelement id=0 len=1
D/wpa_supplicant(  617): WPS: WFA subelement id=0 len=1
D/wifi    (  153): android_net_wifi_check
D/WifiHW  (  153): wifi0_check 
I//system/bin/wpa_supplicant(  615): group_cipher = 8
I//system/bin/wpa_supplicant(  615): group_cipher = 8
I//system/bin/wpa_supplicant(  615): group_cipher = 8
I//system/bin/wpa_supplicant(  615): group_cipher = 8
I//system/bin/wpa_supplicant(  615): group_cipher = 8
I//system/bin/wpa_supplicant(  615): group_cipher = 8
I//system/bin/wpa_supplicant(  615): group_cipher = 8
I//system/bin/wpa_supplicant(  615): group_cipher = 8
I//system/bin/wpa_supplicant(  615): group_cipher = 8
I//system/bin/wpa_supplicant(  615): group_cipher = 8
D/StateMachine(  153): handleMessage: X
E/EventHub(  153): send pin = 24,value = 0
I/PinyinIME(  763): onKeyUp:20
I/PinyinIME(  763): onKeyUp:System handler the keyevent
D/InputEventConsistencyVerifier(  309): KeyEvent: ACTION_UP but key was not down.
D/InputEventConsistencyVerifier(  309):   in com.coship.widget.viewflow.ViewFlow@40f53488
D/InputEventConsistencyVerifier(  309):   0: sent at 166214000000, KeyEvent { action=ACTION_UP, keyCode=KEYCODE_DPAD_DOWN, scanCode=108, metaState=0, flags=0x8, repeatCount=0, eventTime=166214, downTime=166143, deviceId=3, source=0x701 }
D/dalvikvm(  844): GC_CONCURRENT freed 491K, 12% free 5738K/6471K, paused 0ms+2ms
E/EventHub(  153): send pin = 24,value = 0
V/PinyinIME(  763): onKeyDown:23
I/PinyinIME(  763): onKeyDown:System handler the keyevent
E/EventHub(  153): send pin = 24,value = 0
I/PinyinIME(  763): onKeyUp:23
I/PinyinIME(  763): onKeyUp:System handler the keyevent
I/MainActivity(  309): CIBN ---> onClick -> 52064
I/System.out(  309): ApplicationInfo-->com.aidufei.movieonline
I/ActivityManager(  153): Killing proc 815:com.aidufei.movieonline/10009: kill background
W/ActivityManager(  153): Scheduling restart of crashed service com.aidufei.movieonline/com.aidufei.otoService.OtOService in 5000ms
I/System.out(  309): Killed -->PID:815--ProcessName:com.aidufei.movieonline
I/ActivityManager(  153): START {flg=0x10000000 cmp=com.coship.dvbsetting/.main (has extras)} from pid 309
D/PermissionCache(   87): checking android.permission.READ_FRAME_BUFFER for uid=1000 => granted (1000 us)
V/MainActivity(  309): å¯åŠ¨onlineMoviceï¼Œç”¨æˆ·ä¸º  ï¼š201303191947
V/MainActivity(  309): userName = 201303191947 ;passwd = f379eaf3c831b04de153469d1bec345e ; DiviceId = 060106001000489
I/UsageStats(  153): Deleting usage file : usage-19700102
I/ActivityManager(  153): Start proc com.coship.dvbsetting for activity com.coship.dvbsetting/.main: pid=930 uid=1000 gids={1015, 1023, 3003, 3002, 3001}
W/NetworkManagementSocketTagger(  153): setKernelCountSet(1000, 1) failed with errno -2
D/OpenGLRenderer(  309): Flushing caches (mode 1)
W/ResourceType(  153): Skipping entry 0x7f040002 in package table 0 because it is not complex!
W/ResourceType(  153): Skipping entry 0x7f040005 in package table 0 because it is not complex!
D/OpenGLRenderer(  309): Flushing caches (mode 0)
E/PhonePolicy(  930): Could not preload class for phone policy: com.android.internal.policy.impl.PhoneWindow$ContextMenuCallback
D/dalvikvm(  930): GC_FOR_ALLOC freed 80K, 4% free 5114K/5315K, paused 10ms
I/dalvikvm-heap(  930): Grow heap (frag case) to 12.953MB for 8294416-byte allocation
D/dalvikvm(  930): GC_CONCURRENT freed <1K, 2% free 13213K/13447K, paused 0ms+1ms
I/Process (  153): Sending signal. PID: 930 SIG: 3
I/dalvikvm(  930): threadid=3: reacting to signal 3
I/dalvikvm(  930): Wrote stack traces to '/data/anr/traces.txt'
D/TextLayoutCache(  930): Using debug level: 0 - Debug Enabled: 0
D/libEGL  (  930): loaded /system/lib/egl/libGLES_android.so
D/libEGL  (  930): loaded /system/lib/egl/libEGL_mali.so
D/libEGL  (  930): loaded /system/lib/egl/libGLESv1_CM_mali.so
D/libEGL  (  930): loaded /system/lib/egl/libGLESv2_mali.so
I/SurfaceTexture(   87): Current total buffer count= 3, mSynchronousMode=1
I/SurfaceTexture(   87): Query min-undequeue size=1
D/OpenGLRenderer(  930): Enabling debug mode 0
W/InputManagerService(  153): Starting input on non-focused client com.android.internal.view.IInputMethodClient$Stub$Proxy@41112540 (uid=10000 pid=309)
I/Process (  153): Sending signal. PID: 930 SIG: 3
I/dalvikvm(  930): threadid=3: reacting to signal 3
I/dalvikvm(  930): Wrote stack traces to '/data/anr/traces.txt'
I/ActivityManager(  153): Displayed com.coship.dvbsetting/.main: +1s135ms
E/EventHub(  153): send pin = 24,value = 0
V/PinyinIME(  763): onKeyDown:22
I/PinyinIME(  763): onKeyDown:System handler the keyevent
I/coship_setting_main(  930): BackDoorIndex:0
I/coship_setting_main(  930): BackDoorKey[BackDoorIndex]:21
I/coship_setting_main(  930): KeyCode:22
E/EventHub(  153): send pin = 24,value = 0
I/PinyinIME(  763): onKeyUp:22
I/PinyinIME(  763): onKeyUp:System handler the keyevent
D/dalvikvm(  844): GC_CONCURRENT freed 518K, 12% free 5732K/6471K, paused 0ms+1ms
D/dalvikvm(  844): GC_CONCURRENT freed 507K, 12% free 5728K/6471K, paused 0ms+1ms
D/HomePlayerLib(  844): hostaddress count is 1
D/dalvikvm(  844): GC_CONCURRENT freed 482K, 12% free 5728K/6471K, paused 1ms+1ms
D/dalvikvm(  844): GC_CONCURRENT freed 454K, 12% free 5717K/6471K, paused 0ms+2ms
D/dalvikvm(  844): GC_CONCURRENT freed 500K, 12% free 5728K/6471K, paused 0ms+1ms
D/dalvikvm(  844): GC_CONCURRENT freed 501K, 12% free 5734K/6471K, paused 1ms+1ms
D/dalvikvm(  844): GC_CONCURRENT freed 499K, 12% free 5735K/6471K, paused 0ms+1ms
D/dalvikvm(  844): GC_CONCURRENT freed 408K, 12% free 5713K/6471K, paused 1ms+1ms
D/dalvikvm(  844): GC_CONCURRENT freed 488K, 12% free 5731K/6471K, paused 0ms+1ms
E/EventHub(  153): send pin = 24,value = 0
V/PinyinIME(  763): onKeyDown:23
I/PinyinIME(  763): onKeyDown:System handler the keyevent
I/coship_setting_main(  930): BackDoorIndex:0
I/coship_setting_main(  930): BackDoorKey[BackDoorIndex]:21
I/coship_setting_main(  930): KeyCode:23
E/EventHub(  153): send pin = 24,value = 0
I/PinyinIME(  763): onKeyUp:23
I/PinyinIME(  763): onKeyUp:System handler the keyevent
I/ActivityManager(  153): START {cmp=com.coship.dvbsetting/.systemsetting.SyssetAcivity} from pid 930
D/dalvikvm(  930): GC_FOR_ALLOC freed 41K, 1% free 13603K/13703K, paused 15ms
I/ActivityManager(  153): Start proc com.aidufei.movieonline for service com.aidufei.movieonline/com.aidufei.otoService.OtOService: pid=952 uid=10009 gids={3003, 1015, 1023}
I/dalvikvm-heap(  930): Grow heap (frag case) to 21.243MB for 8294416-byte allocation
D/dalvikvm(  930): GC_CONCURRENT freed 2K, 1% free 21701K/21831K, paused 1ms+2ms
D/com.aidufei.movieonline.FeiApplication$onCreate è¡Œ:48
	(  952):  == å¯åŠ¨æ•èŽ·æœªçŸ¥å¼‚å¸¸ç›‘å¬ï¼Œå¹¶è®°å½•æ—¥å¿— == 
D/com.aidufei.movieonline.FeiApplication$1$run è¡Œ:60
	(  952): æ¸…é™¤è¿‡æœŸçš„æ—¥å¿—æ–‡ä»¶
I/dalvikvm(  952): threadid=1: recursive native library load attempt (/system/lib/libmedia_jni.so)
D/MtpDeviceJNI(  952): register_android_mtp_MtpDevice
I/dalvikvm(  952): threadid=1: recursive native library load attempt (/system/lib/libmedia_jni.so)
I/dalvikvm(  952): threadid=1: recursive native library load attempt (/system/lib/libmedia_jni.so)
V/MediaPlayer(  952): constructor
V/MediaPlayer(  952): setListener
V/MediaPlayer(  952): setDataSource(37, 666336, 2950417)
V/MediaPlayerService(   90): Client(4) constructor
V/MediaPlayerService(   90): Create new client(4) from pid 952, uid 10009, 
V/MediaPlayerService(   90): setDataSource fd=25, offset=666336, length=2950417
V/MediaPlayerService(   90): st_dev  = 45846
V/MediaPlayerService(   90): st_mode = 33188
V/MediaPlayerService(   90): st_uid  = 0
V/MediaPlayerService(   90): st_gid  = 0
V/MediaPlayerService(   90): st_size = 6618128
E/MediaPlayerService(   90): In MediaPlayerService: call getPlayerType(1) ident = 75b22630 !
E/MediaPlayerService(   90): In MediaPlayerService: getPlayerType(25, 666336, 2950417)
E/MediaPlayerService(   90): get player type: cmpbplayer
V/MediaPlayerService(   90): player type = 6
E/MediaPlayerService(   90): Create CMPB Player
E/CmpbPlayerFmWrapper(   90): [CmpbPlayerFm]CmpbPlayerFmWrapper!
I/CmpbPlayer(   90): [CMPBPLAYER][INFO][CmpbPlayer]line:384 Constructor enter
D/CmpbPlayer(   90): [CMPBPLAYER][DEBUG][Init]line:356 App push init lock 
D/CmpbPlayer(   90): [CMPBPLAYER][DEBUG][Init]line:358 App push init unlock
I/CmpbPlayerManager(   90): [CmpbPlayerManager] new PlayerItem add:0x10d8e80, meta:0
I/CmpbPlayer(   90): [CMPBPLAYER][INFO][CmpbPlayer]line:389 Constructor leave:0x10d8e80
I/CmpbPlayer(   90): [CMPBPLAYER][INFO][initCheck]line:1895 InitCheck, mState=0
V/AudioSink(   90): AudioOutput(14)
I/CmpbPlayer(   90): [CMPBPLAYER][INFO][setAudioSink]line:3532 setAudioSink enter
I/CmpbPlayer(   90): [CMPBPLAYER][INFO][setDataSource]line:2215 setDataSource(25, 666336, 2950417)
E/CmpbPlayerManager(   90): [CmpbPlayerManager] Get Res:0x10d8e80, mode:2, lib:0, app:0, app4Thumb:0, libforThumb:0, libpip:0, apppip:0
E/CmpbPlayerManager(   90): [CmpbPlayerManager] Get Res:0x10d8e80, status:4
E/CmpbPlayer(   90): [CMPBPLAYER][ERROR][eGetResource]line:4970 0x10d8e80, Res_Lib, 0, Get ReSource
V/MediaPlayer(  952): setVideoSurfaceTexture
V/MediaPlayerService(   90): [4] setVideoSurfaceTexture(0x0)
V/MediaPlayer(  952): prepare
V/MediaPlayerService(   90): [4] setAudioStreamType(3)
V/MediaPlayerService(   90): [4] prepareAsync
I/CmpbPlayer(   90): [CMPBPLAYER][INFO][prepareAsync]line:2511 prepareAsync enter
I/CmpbPlayer(   90): [CMPBPLAYER][INFO][prepareAsync]line:2542 prepareAsync leave
D/CmpbPlayer(   90): [CMPBPLAYER][DEBUG][CmpbAsyncEntry]line:1036 p_this = 0x10d8e80, mCmpbAbort = 0 
D/CmpbPlayer(   90): [CMPBPLAYER][DEBUG][CmpbAsyncEntry]line:1046 t_msg.bAbort = 0 
D/CmpbPlayer(   90): [CMPBPLAYER][DEBUG][CmpbAsyncEntry]line:1053 CMPB_ASYNC_PREPARE_ASYNC: this = 0x10d8e80 !!!!!
I/CmpbPlayer(   90): [CMPBPLAYER][INFO][Internal_prepareAsync]line:2549 Internal_prepareAsync enter
E/        (   90): sn 1
E/        (   90): sn 2
E/        (   90): sn 3
E/        (   90): sn 4
E/        (   90): sn 5
E/        (   90): sn 6
E/        (   90): Open Client:mtkcfg
E/        (   90): server address:/tmp/mtkcfg
E/        (   90): ipc_open_client create CT socket fd: 25
E/        (   90): create it socket()
E/        (   90): ipc_open_client create IT socket fd: 36
E/        (   90): ct connect()...
E/        (   90): ct connect(),file:0...
E/        (   90): RPC_MALLOC()...
E/        (   90): ----------ipc_open_client-------thread=0x10db220-----
E/        (   90): sn 7
E/        (   90): sn 8
I/CmpbPlayer(   90): [CMPBPLAYER][INFO][Internal_prepareAsync]line:2724 use main_svctx !
E/        (   90): <Client> IMtkPb_Ctrl_Open ---> is called @Line: 2128!
E/        (   90): c_rpc_start_client is called
E/        (   90): sn 1
E/        (   90): sn 2
E/        (   90): sn 3
E/        (   90): sn 4
E/        (   90): sn 5
E/        (   90): sn 6
E/        (   90): Open Client:mtkpbctrl -logfunction -loglevel
E/        (   90): sn 7
E/        (   90): sn 8
E/        (   90): <Client> t_client_rpc_id is: 1, @Line: 2154 
E/        (   90): <Client> CMIF Process ID is: 90, 
E/        (   90): <Client> CMIF Process ID is: 90, @Line: 2212 
E/        (   90): RPC Succeed:IMtkPb_Ctrl_Open #2215, ret 0
E/        (   90): <Client> IMtkPb_Ctrl_Reg_CLI ------> is Called 7494
E/        (   90): RPC Succeed:IMtkPb_Ctrl_Reg_CLI #7506, ret 0
E/        (   90): <Client> x_MtkPb_Ctrl_Open succeed, t_client_info[0].h_handle is: 0, @Line: 2241 
E/        (   90): <Client> IMtkPb_Ctrl_RegCallback ---> is called @Line: 2390!
E/        (   90): RPC Succeed:IMtkPb_Ctrl_RegCallback #2418, ret 0
E/        (   90): <Client> IMtkPb_Ctrl_SetEngineParamAsync ---> is called @Line: 2605!
E/        (   90): <Client> Find client[0] info succeed, @Line: 2619 
E/        (   90): <Client> Ft_client_info[i].e_buf_mod=2, @Line: 2640 
E/        (   90): <Client> _hndlr_x_mtkpbctrl_pull_open_nfy_fct ---> is called @Line: 844!
I/CmpbPlayer(   90): [CMPBPLAYER][INFO][FmPullOpen]line:672 FmPullOpen:0 enter
I/CmpbPlayer(   90): 
I/CmpbPlayer(   90): [CMPBPLAYER][INFO][FmPullOpen]line:703 FmPullOpen ok and leave, *phPullSrc = 29 
E/        (   90): RPC Succeed:IMtkPb_Ctrl_SetEngineParamAsync #2725, ret 0
I/CmpbPlayer(   90): [CMPBPLAYER][INFO][Internal_prepareAsync]line:2782 Internal_prepareAsync leave !
E/        (   90): <Client> _hndlr_x_mtkpbctrl_byteseek_nfy_fct ---> is called @Line: 1657!
I/CmpbPlayer(   90): [CMPBPLAYER][INFO][FmPullByteSeek]line:1537 FmPullByteSeek(i8SeekPos(0x0), u1Whence(1)) enter 
E/        (   90): <Client> _hndlr_x_mtkpbctrl_pull_MapMemSlice_nfy_fct ---> is called @Line: 1052!
E/        (   90): <Client> _hndlr_x_mtkpbctrl_pull_read_nfy_fct ---> is called @Line: 1280!
I/CmpbPlayer(   90): [CMPBPLAYER][INFO][FmPullRead]line:751 FmPullRead(29), buffer = 0x40e67000, count = 1024
E/        (   90): <Client> _hndlr_x_mtkpbctrl_pull_UnmapMemSlice_nfy_fct ---> is called @Line: 1172!
E/        (   90): <Client> _hndlr_x_mtkpbctrl_pull_close_nfy_fct ---> is called @Line: 955!
I/CmpbPlayer(   90): [CMPBPLAYER][INFO][FmPullClose]line:725 FmPullClose(29), i4_ret = 0 
E/        (   90): <Client> _hndlr_x_mtkpbctrl_nfy_fct ---> is called @Line: 360!
D/CmpbPlayer(   90): [CMPBPLAYER][DEBUG][MediaPbCallback]line:1689 media_pb_cb, event = 17 
I/CmpbPlayer(   90): [CMPBPLAYER][INFO][MediaPbCallback]line:1832 IMTK_PB_CTRL_EVENT_PREPARE_DONE
D/CmpbPlayer(   90): [CMPBPLAYER][DEBUG][CmpbAsyncEntry]line:1036 p_this = 0x10d8e80, mCmpbAbort = 0 
D/CmpbPlayer(   90): [CMPBPLAYER][DEBUG][CmpbAsyncEntry]line:1046 t_msg.bAbort = 0 
I/CmpbPlayer(   90): [CMPBPLAYER][INFO][CmpbAsyncEntry]line:1193 CMPB_ASYNC_CMIF_NOTIFY_PREPARE_DONE
E/        (   90): <Client> IMtkPb_Ctrl_GetVidTrackInfo ---> is called @Line: 4841!
E/        (   90): <Client> _hndlr_x_mtkpbctrl_pull_open_nfy_fct ---> is called @Line: 844!
I/CmpbPlayer(   90): [CMPBPLAYER][INFO][FmPullOpen]line:672 FmPullOpen:0 enter
I/CmpbPlayer(   90): 
I/CmpbPlayer(   90): [CMPBPLAYER][INFO][FmPullOpen]line:703 FmPullOpen ok and leave, *phPullSrc = 29 
E/        (   90): <Client> _hndlr_x_mtkpbctrl_byteseek_nfy_fct ---> is called @Line: 1657!
I/CmpbPlayer(   90): [CMPBPLAYER][INFO][FmPullByteSeek]line:1537 FmPullByteSeek(i8SeekPos(0x0), u1Whence(1)) enter 
E/        (   90): <Client> _hndlr_x_mtkpbctrl_pull_MapMemSlice_nfy_fct ---> is called @Line: 1052!
E/        (   90): <Client> _hndlr_x_mtkpbctrl_pull_read_nfy_fct ---> is called @Line: 1280!
I/CmpbPlayer(   90): [CMPBPLAYER][INFO][FmPullRead]line:751 FmPullRead(29), buffer = 0x40090000, count = 1024
E/        (   90): <Client> _hndlr_x_mtkpbctrl_pull_UnmapMemSlice_nfy_fct ---> is called @Line: 1172!
E/        (   90): <Client> _hndlr_x_mtkpbctrl_pull_close_nfy_fct ---> is called @Line: 955!
I/CmpbPlayer(   90): [CMPBPLAYER][INFO][FmPullClose]line:725 FmPullClose(29), i4_ret = 0 
E/        (   90): <Client> _hndlr_x_mtkpbctrl_pull_open_nfy_fct ---> is called @Line: 844!
I/CmpbPlayer(   90): [CMPBPLAYER][INFO][FmPullOpen]line:672 FmPullOpen:0 enter
I/CmpbPlayer(   90): 
I/CmpbPlayer(   90): [CMPBPLAYER][INFO][FmPullOpen]line:703 FmPullOpen ok and leave, *phPullSrc = 29 
E/        (   90): <Client> _hndlr_x_mtkpbctrl_get_input_length_nfy_fct ---> is called @Line: 1724!
I/CmpbPlayer(   90): [CMPBPLAYER][INFO][FmPullGetInputLen]line:1656 FmPullGetInputLen(29) ok, length = 2950417 
E/        (   90): <Client> _hndlr_x_mtkpbctrl_byteseek_nfy_fct ---> is called @Line: 1657!
I/CmpbPlayer(   90): [CMPBPLAYER][INFO][FmPullByteSeek]line:1537 FmPullByteSeek(i8SeekPos(0x0), u1Whence(1)) enter 
E/        (   90): <Client> _hndlr_x_mtkpbctrl_pull_MapMemSlice_nfy_fct ---> is called @Line: 1052!
E/        (   90): <Client> _hndlr_x_mtkpbctrl_pull_read_async_nfy_fct ---> is called @Line: 1403!
D/CmpbPlayer(   90): [CMPBPLAYER][DEBUG][AsyncReadThread]line:870 pt_msg->i8Offset 666336, p_this->mFileLocator.length 2950417, p_this->mFileLocator.offset 666336, pt_msg->u4Datalen 512 
D/CmpbPlayer(   90): 
E/        (   90): <Client> _IMtkPb_Ctrl_Pull_Nfy_Fct ---> is called @Line: 303!
E/        (   90): <Client> _IMtkPb_Ctrl_Pull_Nfy_Fct is called, pvRdAsyTag is: 0x10ca840, i: 2, j: 0, k: 0, func: 0x5afb684c, tag: 0x5b11e470
E/        (   90): RPC Succeed:_IMtkPb_Ctrl_Pull_Nfy_Fct #337, ret 0
E/        (   90): <Client> _hndlr_x_mtkpbctrl_byteseek_nfy_fct ---> is called @Line: 1657!
I/CmpbPlayer(   90): [CMPBPLAYER][INFO][FmPullByteSeek]line:1537 FmPullByteSeek(i8SeekPos(0x0), u1Whence(1)) enter 
E/        (   90): <Client> _hndlr_x_mtkpbctrl_pull_read_async_nfy_fct ---> is called @Line: 1403!
D/CmpbPlayer(   90): [CMPBPLAYER][DEBUG][AsyncReadThread]line:870 pt_msg->i8Offset 666336, p_this->mFileLocator.length 2950417, p_this->mFileLocator.offset 666336, pt_msg->u4Datalen 512 
D/CmpbPlayer(   90): 
E/        (   90): <Client> _IMtkPb_Ctrl_Pull_Nfy_Fct ---> is called @Line: 303!
E/        (   90): <Client> _IMtkPb_Ctrl_Pull_Nfy_Fct is called, pvRdAsyTag is: 0x10ca840, i: 2, j: 0, k: 0, func: 0x5afb684c, tag: 0x5b11e470
E/        (   90): RPC Succeed:_IMtkPb_Ctrl_Pull_Nfy_Fct #337, ret 0
E/        (   90): <Client> _hndlr_x_mtkpbctrl_byteseek_nfy_fct ---> is called @Line: 1657!
I/CmpbPlayer(   90): [CMPBPLAYER][INFO][FmPullByteSeek]line:1537 FmPullByteSeek(i8SeekPos(0x1000), u1Whence(1)) enter 
E/        (   90): <Client> _hndlr_x_mtkpbctrl_pull_read_async_nfy_fct ---> is called @Line: 1403!
D/CmpbPlayer(   90): [CMPBPLAYER][DEBUG][AsyncReadThread]line:870 pt_msg->i8Offset 670432, p_this->mFileLocator.length 2950417, p_this->mFileLocator.offset 666336, pt_msg->u4Datalen 512 
D/CmpbPlayer(   90): 
E/        (   90): <Client> _IMtkPb_Ctrl_Pull_Nfy_Fct ---> is called @Line: 303!
E/        (   90): <Client> _IMtkPb_Ctrl_Pull_Nfy_Fct is called, pvRdAsyTag is: 0x10ca840, i: 2, j: 0, k: 0, func: 0x5afb684c, tag: 0x5b11e470
E/        (   90): RPC Succeed:_IMtkPb_Ctrl_Pull_Nfy_Fct #337, ret 0
E/        (   90): <Client> _hndlr_x_mtkpbctrl_byteseek_nfy_fct ---> is called @Line: 1657!
I/CmpbPlayer(   90): [CMPBPLAYER][INFO][FmPullByteSeek]line:1537 FmPullByteSeek(i8SeekPos(0x1000), u1Whence(1)) enter 
E/        (   90): <Client> _hndlr_x_mtkpbctrl_pull_read_async_nfy_fct ---> is called @Line: 1403!
D/CmpbPlayer(   90): [CMPBPLAYER][DEBUG][AsyncReadThread]line:870 pt_msg->i8Offset 670432, p_this->mFileLocator.length 2950417, p_this->mFileLocator.offset 666336, pt_msg->u4Datalen 512 
D/CmpbPlayer(   90): 
E/        (   90): <Client> _IMtkPb_Ctrl_Pull_Nfy_Fct ---> is called @Line: 303!
E/        (   90): <Client> _IMtkPb_Ctrl_Pull_Nfy_Fct is called, pvRdAsyTag is: 0x10ca840, i: 2, j: 0, k: 0, func: 0x5afb684c, tag: 0x5b11e470
E/        (   90): RPC Succeed:_IMtkPb_Ctrl_Pull_Nfy_Fct #337, ret 0
E/        (   90): <Client> _hndlr_x_mtkpbctrl_byteseek_nfy_fct ---> is called @Line: 1657!
I/CmpbPlayer(   90): [CMPBPLAYER][INFO][FmPullByteSeek]line:1537 FmPullByteSeek(i8SeekPos(0x1000), u1Whence(1)) enter 
E/        (   90): <Client> _hndlr_x_mtkpbctrl_pull_read_async_nfy_fct ---> is called @Line: 1403!
D/CmpbPlayer(   90): [CMPBPLAYER][DEBUG][AsyncReadThread]line:870 pt_msg->i8Offset 670432, p_this->mFileLocator.length 2950417, p_this->mFileLocator.offset 666336, pt_msg->u4Datalen 512 
D/CmpbPlayer(   90): 
E/        (   90): <Client> _IMtkPb_Ctrl_Pull_Nfy_Fct ---> is called @Line: 303!
E/        (   90): <Client> _IMtkPb_Ctrl_Pull_Nfy_Fct is called, pvRdAsyTag is: 0x10ca840, i: 2, j: 0, k: 0, func: 0x5afb684c, tag: 0x5b11e470
E/        (   90): RPC Succeed:_IMtkPb_Ctrl_Pull_Nfy_Fct #337, ret 0
E/        (   90): <Client> _hndlr_x_mtkpbctrl_byteseek_nfy_fct ---> is called @Line: 1657!
I/CmpbPlayer(   90): [CMPBPLAYER][INFO][FmPullByteSeek]line:1537 FmPullByteSeek(i8SeekPos(0x1000), u1Whence(1)) enter 
E/        (   90): <Client> _hndlr_x_mtkpbctrl_pull_read_async_nfy_fct ---> is called @Line: 1403!
D/CmpbPlayer(   90): [CMPBPLAYER][DEBUG][AsyncReadThread]line:870 pt_msg->i8Offset 670432, p_this->mFileLocator.length 2950417, p_this->mFileLocator.offset 666336, pt_msg->u4Datalen 512 
D/CmpbPlayer(   90): 
E/        (   90): <Client> _IMtkPb_Ctrl_Pull_Nfy_Fct ---> is called @Line: 303!
E/        (   90): <Client> _IMtkPb_Ctrl_Pull_Nfy_Fct is called, pvRdAsyTag is: 0x10ca840, i: 2, j: 0, k: 0, func: 0x5afb684c, tag: 0x5b11e470
E/        (   90): RPC Succeed:_IMtkPb_Ctrl_Pull_Nfy_Fct #337, ret 0
E/        (   90): <Client> _hndlr_x_mtkpbctrl_byteseek_nfy_fct ---> is called @Line: 1657!
I/CmpbPlayer(   90): [CMPBPLAYER][INFO][FmPullByteSeek]line:1537 FmPullByteSeek(i8SeekPos(0x1000), u1Whence(1)) enter 
E/        (   90): <Client> _hndlr_x_mtkpbctrl_pull_read_async_nfy_fct ---> is called @Line: 1403!
D/CmpbPlayer(   90): [CMPBPLAYER][DEBUG][AsyncReadThread]line:870 pt_msg->i8Offset 670432, p_this->mFileLocator.length 2950417, p_this->mFileLocator.offset 666336, pt_msg->u4Datalen 512 
D/CmpbPlayer(   90): 
E/        (   90): <Client> _IMtkPb_Ctrl_Pull_Nfy_Fct ---> is called @Line: 303!
E/        (   90): <Client> _IMtkPb_Ctrl_Pull_Nfy_Fct is called, pvRdAsyTag is: 0x10ca840, i: 2, j: 0, k: 0, func: 0x5afb684c, tag: 0x5b11e470
E/        (   90): RPC Succeed:_IMtkPb_Ctrl_Pull_Nfy_Fct #337, ret 0
E/        (   90): <Client> _hndlr_x_mtkpbctrl_byteseek_nfy_fct ---> is called @Line: 1657!
I/CmpbPlayer(   90): [CMPBPLAYER][INFO][FmPullByteSeek]line:1537 FmPullByteSeek(i8SeekPos(0x1000), u1Whence(1)) enter 
E/        (   90): <Client> _hndlr_x_mtkpbctrl_pull_read_async_nfy_fct ---> is called @Line: 1403!
D/CmpbPlayer(   90): [CMPBPLAYER][DEBUG][AsyncReadThread]line:870 pt_msg->i8Offset 670432, p_this->mFileLocator.length 2950417, p_this->mFileLocator.offset 666336, pt_msg->u4Datalen 512 
D/CmpbPlayer(   90): 
E/        (   90): <Client> _IMtkPb_Ctrl_Pull_Nfy_Fct ---> is called @Line: 303!
E/        (   90): <Client> _IMtkPb_Ctrl_Pull_Nfy_Fct is called, pvRdAsyTag is: 0x10ca840, i: 2, j: 0, k: 0, func: 0x5afb684c, tag: 0x5b11e470
E/        (   90): RPC Succeed:_IMtkPb_Ctrl_Pull_Nfy_Fct #337, ret 0
E/        (   90): <Client> _hndlr_x_mtkpbctrl_byteseek_nfy_fct ---> is called @Line: 1657!
I/CmpbPlayer(   90): [CMPBPLAYER][INFO][FmPullByteSeek]line:1537 FmPullByteSeek(i8SeekPos(0x1000), u1Whence(1)) enter 
E/        (   90): <Client> _hndlr_x_mtkpbctrl_pull_read_async_nfy_fct ---> is called @Line: 1403!
D/CmpbPlayer(   90): [CMPBPLAYER][DEBUG][AsyncReadThread]line:870 pt_msg->i8Offset 670432, p_this->mFileLocator.length 2950417, p_this->mFileLocator.offset 666336, pt_msg->u4Datalen 1024 
D/CmpbPlayer(   90): 
E/        (   90): <Client> _IMtkPb_Ctrl_Pull_Nfy_Fct ---> is called @Line: 303!
E/        (   90): <Client> _IMtkPb_Ctrl_Pull_Nfy_Fct is called, pvRdAsyTag is: 0x10ca840, i: 2, j: 0, k: 0, func: 0x5afb684c, tag: 0x5b11e470
E/        (   90): RPC Succeed:_IMtkPb_Ctrl_Pull_Nfy_Fct #337, ret 0
E/        (   90): <Client> _hndlr_x_mtkpbctrl_byteseek_nfy_fct ---> is called @Line: 1657!
I/CmpbPlayer(   90): [CMPBPLAYER][INFO][FmPullByteSeek]line:1537 FmPullByteSeek(i8SeekPos(0x1200), u1Whence(1)) enter 
E/        (   90): <Client> _hndlr_x_mtkpbctrl_pull_read_async_nfy_fct ---> is called @Line: 1403!
D/CmpbPlayer(   90): [CMPBPLAYER][DEBUG][AsyncReadThread]line:870 pt_msg->i8Offset 670944, p_this->mFileLocator.length 2950417, p_this->mFileLocator.offset 666336, pt_msg->u4Datalen 512 
D/CmpbPlayer(   90): 
E/        (   90): <Client> _IMtkPb_Ctrl_Pull_Nfy_Fct ---> is called @Line: 303!
E/        (   90): <Client> _IMtkPb_Ctrl_Pull_Nfy_Fct is called, pvRdAsyTag is: 0x10ca840, i: 2, j: 0, k: 0, func: 0x5afb684c, tag: 0x5b11e470
E/        (   90): RPC Succeed:_IMtkPb_Ctrl_Pull_Nfy_Fct #337, ret 0
E/        (   90): <Client> _hndlr_x_mtkpbctrl_byteseek_nfy_fct ---> is called @Line: 1657!
I/CmpbPlayer(   90): [CMPBPLAYER][INFO][FmPullByteSeek]line:1537 FmPullByteSeek(i8SeekPos(0x1200), u1Whence(1)) enter 
E/        (   90): <Client> _hndlr_x_mtkpbctrl_pull_read_async_nfy_fct ---> is called @Line: 1403!
D/CmpbPlayer(   90): [CMPBPLAYER][DEBUG][AsyncReadThread]line:870 pt_msg->i8Offset 670944, p_this->mFileLocator.length 2950417, p_this->mFileLocator.offset 666336, pt_msg->u4Datalen 512 
D/CmpbPlayer(   90): 
E/        (   90): <Client> _IMtkPb_Ctrl_Pull_Nfy_Fct ---> is called @Line: 303!
E/        (   90): <Client> _IMtkPb_Ctrl_Pull_Nfy_Fct is called, pvRdAsyTag is: 0x10ca840, i: 2, j: 0, k: 0, func: 0x5afb684c, tag: 0x5b11e470
E/        (   90): RPC Succeed:_IMtkPb_Ctrl_Pull_Nfy_Fct #337, ret 0
E/        (   90): <Client> _hndlr_x_mtkpbctrl_byteseek_nfy_fct ---> is called @Line: 1657!
I/CmpbPlayer(   90): [CMPBPLAYER][INFO][FmPullByteSeek]line:1537 FmPullByteSeek(i8SeekPos(0x1200), u1Whence(1)) enter 
E/        (   90): <Client> _hndlr_x_mtkpbctrl_pull_read_async_nfy_fct ---> is called @Line: 1403!
D/CmpbPlayer(   90): [CMPBPLAYER][DEBUG][AsyncReadThread]line:870 pt_msg->i8Offset 670944, p_this->mFileLocator.length 2950417, p_this->mFileLocator.offset 666336, pt_msg->u4Datalen 512 
D/CmpbPlayer(   90): 
E/        (   90): <Client> _IMtkPb_Ctrl_Pull_Nfy_Fct ---> is called @Line: 303!
E/        (   90): <Client> _IMtkPb_Ctrl_Pull_Nfy_Fct is called, pvRdAsyTag is: 0x10ca840, i: 2, j: 0, k: 0, func: 0x5afb684c, tag: 0x5b11e470
E/        (   90): RPC Succeed:_IMtkPb_Ctrl_Pull_Nfy_Fct #337, ret 0
E/        (   90): <Client> _hndlr_x_mtkpbctrl_byteseek_nfy_fct ---> is called @Line: 1657!
I/CmpbPlayer(   90): [CMPBPLAYER][INFO][FmPullByteSeek]line:1537 FmPullByteSeek(i8SeekPos(0x1200), u1Whence(1)) enter 
E/        (   90): <Client> _hndlr_x_mtkpbctrl_pull_read_async_nfy_fct ---> is called @Line: 1403!
D/CmpbPlayer(   90): [CMPBPLAYER][DEBUG][AsyncReadThread]line:870 pt_msg->i8Offset 670944, p_this->mFileLocator.length 2950417, p_this->mFileLocator.offset 666336, pt_msg->u4Datalen 512 
D/CmpbPlayer(   90): 
E/        (   90): <Client> _IMtkPb_Ctrl_Pull_Nfy_Fct ---> is called @Line: 303!
E/        (   90): <Client> _IMtkPb_Ctrl_Pull_Nfy_Fct is called, pvRdAsyTag is: 0x10ca840, i: 2, j: 0, k: 0, func: 0x5afb684c, tag: 0x5b11e470
E/        (   90): RPC Succeed:_IMtkPb_Ctrl_Pull_Nfy_Fct #337, ret 0
E/        (   90): <Client> _hndlr_x_mtkpbctrl_byteseek_nfy_fct ---> is called @Line: 1657!
I/CmpbPlayer(   90): [CMPBPLAYER][INFO][FmPullByteSeek]line:1537 FmPullByteSeek(i8SeekPos(0x1200), u1Whence(1)) enter 
E/        (   90): <Client> _hndlr_x_mtkpbctrl_pull_read_async_nfy_fct ---> is called @Line: 1403!
D/CmpbPlayer(   90): [CMPBPLAYER][DEBUG][AsyncReadThread]line:870 pt_msg->i8Offset 670944, p_this->mFileLocator.length 2950417, p_this->mFileLocator.offset 666336, pt_msg->u4Datalen 512 
D/CmpbPlayer(   90): 
E/        (   90): <Client> _IMtkPb_Ctrl_Pull_Nfy_Fct ---> is called @Line: 303!
E/        (   90): <Client> _IMtkPb_Ctrl_Pull_Nfy_Fct is called, pvRdAsyTag is: 0x10ca840, i: 2, j: 0, k: 0, func: 0x5afb684c, tag: 0x5b11e470
E/        (   90): RPC Succeed:_IMtkPb_Ctrl_Pull_Nfy_Fct #337, ret 0
E/        (   90): <Client> _hndlr_x_mtkpbctrl_byteseek_nfy_fct ---> is called @Line: 1657!
I/CmpbPlayer(   90): [CMPBPLAYER][INFO][FmPullByteSeek]line:1537 FmPullByteSeek(i8SeekPos(0x1200), u1Whence(1)) enter 
E/        (   90): <Client> _hndlr_x_mtkpbctrl_pull_read_async_nfy_fct ---> is called @Line: 1403!
D/CmpbPlayer(   90): [CMPBPLAYER][DEBUG][AsyncReadThread]line:870 pt_msg->i8Offset 670944, p_this->mFileLocator.length 2950417, p_this->mFileLocator.offset 666336, pt_msg->u4Datalen 512 
D/CmpbPlayer(   90): 
E/        (   90): <Client> _IMtkPb_Ctrl_Pull_Nfy_Fct ---> is called @Line: 303!
E/        (   90): <Client> _IMtkPb_Ctrl_Pull_Nfy_Fct is called, pvRdAsyTag is: 0x10ca840, i: 2, j: 0, k: 0, func: 0x5afb684c, tag: 0x5b11e470
E/        (   90): RPC Succeed:_IMtkPb_Ctrl_Pull_Nfy_Fct #337, ret 0
E/        (   90): <Client> _hndlr_x_mtkpbctrl_pull_UnmapMemSlice_nfy_fct ---> is called @Line: 1172!
E/        (   90): <Client> _hndlr_x_mtkpbctrl_pull_close_nfy_fct ---> is called @Line: 955!
I/CmpbPlayer(   90): [CMPBPLAYER][INFO][FmPullClose]line:725 FmPullClose(29), i4_ret = 0 
E/        (   90): RPC Succeed:IMtkPb_Ctrl_GetVidTrackInfo #4858, ret 0
