--------- beginning of /dev/log/system
I/Vold    (   84): Vold 2.1 (the revenge) firing up
E/DirectVolume(   84): default mPartIdx=-1
W/Vold    (   84): Get vold.firstMountDevice=none 
W/Vold    (   84):  
D/Vold    (   84): Volume usbdisk1 state changing -1 (Initializing) -> 0 (No-Media)
W/Vold    (   84): get partition mount point:minor:0,mVolumeMinor:0-->/mnt/vold/usbdisk1
W/Vold    (   84):  
W/Vold    (   84): get partition mount point:minor:0,mVolumeMinor:0-->/mnt/vold/usbdisk1
W/Vold    (   84):  
W/Vold    (   84): get partition mount point:minor:0,mVolumeMinor:0-->/mnt/vold/usbdisk1
W/Vold    (   84):  
W/Vold    (   84): get partition mount point:minor:0,mVolumeMinor:0-->/mnt/vold/usbdisk1
W/Vold    (   84):  
D/Vold    (   84): Mountpoint(0) = /mnt/vold/usbdisk1, sChangeNotifyLabel = /mnt/vold/usbdisk1
W/Vold    (   84): get partition mount point:minor:0,mVolumeMinor:0-->/mnt/vold/usbdisk1
W/Vold    (   84):  
E/DirectVolume(   84): default mPartIdx=-1
W/Vold    (   84): Get vold.firstMountDevice=none 
W/Vold    (   84):  
D/Vold    (   84): Volume usbdisk2 state changing -1 (Initializing) -> 0 (No-Media)
W/Vold    (   84): get partition mount point:minor:0,mVolumeMinor:0-->/mnt/vold/usbdisk2
W/Vold    (   84):  
W/Vold    (   84): get partition mount point:minor:0,mVolumeMinor:0-->/mnt/vold/usbdisk2
W/Vold    (   84):  
W/Vold    (   84): get partition mount point:minor:0,mVolumeMinor:0-->/mnt/vold/usbdisk2
W/Vold    (   84):  
W/Vold    (   84): get partition mount point:minor:0,mVolumeMinor:0-->/mnt/vold/usbdisk2
W/Vold    (   84):  
D/Vold    (   84): Mountpoint(0) = /mnt/vold/usbdisk2, sChangeNotifyLabel = /mnt/vold/usbdisk2
W/Vold    (   84): get partition mount point:minor:0,mVolumeMinor:0-->/mnt/vold/usbdisk2
W/Vold    (   84):  
E/DirectVolume(   84): default mPartIdx=-1
W/Vold    (   84): Get vold.firstMountDevice=none 
W/Vold    (   84):  
D/Vold    (   84): Volume usbdisk3 state changing -1 (Initializing) -> 0 (No-Media)
W/Vold    (   84): get partition mount point:minor:0,mVolumeMinor:0-->/mnt/vold/usbdisk3
W/Vold    (   84):  
W/Vold    (   84): get partition mount point:minor:0,mVolumeMinor:0-->/mnt/vold/usbdisk3
W/Vold    (   84):  
W/Vold    (   84): get partition mount point:minor:0,mVolumeMinor:0-->/mnt/vold/usbdisk3
W/Vold    (   84):  
W/Vold    (   84): get partition mount point:minor:0,mVolumeMinor:0-->/mnt/vold/usbdisk3
W/Vold    (   84):  
D/Vold    (   84): Mountpoint(0) = /mnt/vold/usbdisk3, sChangeNotifyLabel = /mnt/vold/usbdisk3
W/Vold    (   84): get partition mount point:minor:0,mVolumeMinor:0-->/mnt/vold/usbdisk3
W/Vold    (   84):  
E/DirectVolume(   84): default mPartIdx=-1
W/Vold    (   84): Get vold.firstMountDevice=none 
W/Vold    (   84):  
D/Vold    (   84): Volume sdcard state changing -1 (Initializing) -> 0 (No-Media)
W/Vold    (   84): get partition mount point:minor:0,mVolumeMinor:0-->/mnt/sdcard
W/Vold    (   84):  
W/Vold    (   84): get partition mount point:minor:0,mVolumeMinor:0-->/mnt/sdcard
W/Vold    (   84):  
D/Vold    (   84): Mountpoint(0) = /mnt/sdcard, sChangeNotifyLabel = /mnt/vold/none
W/Vold    (   84): get partition mount point:minor:0,mVolumeMinor:0-->/mnt/sdcard
W/Vold    (   84):  
E/DirectVolume(   84): default mPartIdx=-1
W/Vold    (   84): Get vold.firstMountDevice=none 
W/Vold    (   84):  
D/Vold    (   84): Volume satahdd state changing -1 (Initializing) -> 0 (No-Media)
W/Vold    (   84): get partition mount point:minor:0,mVolumeMinor:0-->/mnt/vold/satahdd
W/Vold    (   84):  
W/Vold    (   84): get partition mount point:minor:0,mVolumeMinor:0-->/mnt/vold/satahdd
W/Vold    (   84):  
W/Vold    (   84): get partition mount point:minor:0,mVolumeMinor:0-->/mnt/vold/satahdd
W/Vold    (   84):  
W/Vold    (   84): get partition mount point:minor:0,mVolumeMinor:0-->/mnt/vold/satahdd
W/Vold    (   84):  
D/Vold    (   84): Mountpoint(0) = /mnt/vold/satahdd, sChangeNotifyLabel = /mnt/vold/satahdd
W/Vold    (   84): get partition mount point:minor:0,mVolumeMinor:0-->/mnt/vold/satahdd
W/Vold    (   84):  
E/NetlinkListener(   84): recvmsg mBuffer:
E/NetlinkListener(   84):  (add@/devices/virtual/block/ram0)
W/Vold    (   84): subsys:block
D/NetlinkEvent(   84): NL param 'DEVPATH=/devices/virtual/block/ram0'
D/NetlinkEvent(   84): NL param 'MAJOR=1'
D/NetlinkEvent(   84): NL param 'MINOR=0'
D/NetlinkEvent(   84): NL param 'DEVNAME=ram0'
D/NetlinkEvent(   84): NL param 'DEVTYPE=disk'
D/NetlinkEvent(   84): NL param 'NPARTS=0'
E/NetlinkListener(   84): recvmsg mBuffer:
E/NetlinkListener(   84):  (add@/devices/virtual/block/loop0)
W/Vold    (   84): subsys:block
D/NetlinkEvent(   84): NL param 'DEVPATH=/devices/virtual/block/loop0'
D/NetlinkEvent(   84): NL param 'MAJOR=7'
D/NetlinkEvent(   84): NL param 'MINOR=0'
D/NetlinkEvent(   84): NL param 'DEVNAME=loop0'
D/NetlinkEvent(   84): NL param 'DEVTYPE=disk'
D/NetlinkEvent(   84): NL param 'NPARTS=0'
E/NetlinkListener(   84): recvmsg mBuffer:
E/NetlinkListener(   84):  (add@/devices/virtual/block/loop1)
W/Vold    (   84): subsys:block
D/NetlinkEvent(   84): NL param 'DEVPATH=/devices/virtual/block/loop1'
D/NetlinkEvent(   84): NL param 'MAJOR=7'
D/NetlinkEvent(   84): NL param 'MINOR=1'
D/NetlinkEvent(   84): NL param 'DEVNAME=loop1'
D/NetlinkEvent(   84): NL param 'DEVTYPE=disk'
D/NetlinkEvent(   84): NL param 'NPARTS=0'
E/NetlinkListener(   84): recvmsg mBuffer:
E/NetlinkListener(   84):  (add@/devices/virtual/block/loop2)
W/Vold    (   84): subsys:block
D/NetlinkEvent(   84): NL param 'DEVPATH=/devices/virtual/block/loop2'
D/NetlinkEvent(   84): NL param 'MAJOR=7'
D/NetlinkEvent(   84): NL param 'MINOR=2'
D/NetlinkEvent(   84): NL param 'DEVNAME=loop2'
D/NetlinkEvent(   84): NL param 'DEVTYPE=disk'
D/NetlinkEvent(   84): NL param 'NPARTS=0'
E/NetlinkListener(   84): recvmsg mBuffer:
E/NetlinkListener(   84):  (add@/devices/virtual/block/loop3)
W/Vold    (   84): subsys:block
D/NetlinkEvent(   84): NL param 'DEVPATH=/devices/virtual/block/loop3'
D/NetlinkEvent(   84): NL param 'MAJOR=7'
D/NetlinkEvent(   84): NL param 'MINOR=3'
D/NetlinkEvent(   84): NL param 'DEVNAME=loop3'
D/NetlinkEvent(   84): NL param 'DEVTYPE=disk'
D/NetlinkEvent(   84): NL param 'NPARTS=0'
E/NetlinkListener(   84): recvmsg mBuffer:
E/NetlinkListener(   84):  (add@/devices/virtual/block/loop4)
W/Vold    (   84): subsys:block
D/NetlinkEvent(   84): NL param 'DEVPATH=/devices/virtual/block/loop4'
D/NetlinkEvent(   84): NL param 'MAJOR=7'
D/NetlinkEvent(   84): NL param 'MINOR=4'
D/NetlinkEvent(   84): NL param 'DEVNAME=loop4'
D/NetlinkEvent(   84): NL param 'DEVTYPE=disk'
D/NetlinkEvent(   84): NL param 'NPARTS=0'
E/NetlinkListener(   84): recvmsg mBuffer:
E/NetlinkListener(   84):  (add@/devices/virtual/block/loop5)
W/Vold    (   84): subsys:block
D/NetlinkEvent(   84): NL param 'DEVPATH=/devices/virtual/block/loop5'
D/NetlinkEvent(   84): NL param 'MAJOR=7'
D/NetlinkEvent(   84): NL param 'MINOR=5'
D/NetlinkEvent(   84): NL param 'DEVNAME=loop5'
D/NetlinkEvent(   84): NL param 'DEVTYPE=disk'
D/NetlinkEvent(   84): NL param 'NPARTS=0'
E/NetlinkListener(   84): recvmsg mBuffer:
E/NetlinkListener(   84):  (add@/devices/virtual/block/loop6)
W/Vold    (   84): subsys:block
D/NetlinkEvent(   84): NL param 'DEVPATH=/devices/virtual/block/loop6'
D/NetlinkEvent(   84): NL param 'MAJOR=7'
D/NetlinkEvent(   84): NL param 'MINOR=6'
D/NetlinkEvent(   84): NL param 'DEVNAME=loop6'
D/NetlinkEvent(   84): NL param 'DEVTYPE=disk'
D/NetlinkEvent(   84): NL param 'NPARTS=0'
E/NetlinkListener(   84): recvmsg mBuffer:
E/NetlinkListener(   84):  (add@/devices/virtual/block/loop7)
W/Vold    (   84): subsys:block
D/NetlinkEvent(   84): NL param 'DEVPATH=/devices/virtual/block/loop7'
D/NetlinkEvent(   84): NL param 'MAJOR=7'
D/NetlinkEvent(   84): NL param 'MINOR=7'
D/NetlinkEvent(   84): NL param 'DEVNAME=loop7'
D/NetlinkEvent(   84): NL param 'DEVTYPE=disk'
D/NetlinkEvent(   84): NL param 'NPARTS=0'
E/NetlinkListener(   84): recvmsg mBuffer:
E/NetlinkListener(   84):  (add@/devices/platform/MTK_MSDC_0.0/mmc_host/mmc0/mmc0:0001/block/mmcblk0)
W/Vold    (   84): subsys:block
D/NetlinkEvent(   84): NL param 'DEVPATH=/devices/platform/MTK_MSDC_0.0/mmc_host/mmc0/mmc0:0001/block/mmcblk0'
D/NetlinkEvent(   84): NL param 'MAJOR=179'
D/NetlinkEvent(   84): NL param 'MINOR=0'
D/NetlinkEvent(   84): NL param 'DEVNAME=mmcblk0'
D/NetlinkEvent(   84): NL param 'DEVTYPE=disk'
D/NetlinkEvent(   84): NL param 'NPARTS=23'
E/NetlinkListener(   84): recvmsg mBuffer:
E/NetlinkListener(   84):  (add@/devices/platform/MTK_MSDC_0.0/mmc_host/mmc0/mmc0:0001/block/mmcblk0/mmcblk0p1)
W/Vold    (   84): subsys:block
D/NetlinkEvent(   84): NL param 'DEVPATH=/devices/platform/MTK_MSDC_0.0/mmc_host/mmc0/mmc0:0001/block/mmcblk0/mmcblk0p1'
D/NetlinkEvent(   84): NL param 'MAJOR=179'
D/NetlinkEvent(   84): NL param 'MINOR=1'
D/NetlinkEvent(   84): NL param 'DEVNAME=mmcblk0p1'
D/NetlinkEvent(   84): NL param 'DEVTYPE=partition'
D/NetlinkEvent(   84): NL param 'PARTN=1'
D/NetlinkEvent(   84): NL param 'PARTNAME=boot_1'
E/NetlinkListener(   84): recvmsg mBuffer:
E/NetlinkListener(   84):  (add@/devices/platform/MTK_MSDC_0.0/mmc_host/mmc0/mmc0:0001/block/mmcblk0/mmcblk0p2)
W/Vold    (   84): subsys:block
D/NetlinkEvent(   84): NL param 'DEVPATH=/devices/platform/MTK_MSDC_0.0/mmc_host/mmc0/mmc0:0001/block/mmcblk0/mmcblk0p2'
D/NetlinkEvent(   84): NL param 'MAJOR=179'
D/NetlinkEvent(   84): NL param 'MINOR=2'
D/NetlinkEvent(   84): NL param 'DEVNAME=mmcblk0p2'
D/NetlinkEvent(   84): NL param 'DEVTYPE=partition'
D/NetlinkEvent(   84): NL param 'PARTN=2'
D/NetlinkEvent(   84): NL param 'PARTNAME=part_info_1'
E/NetlinkListener(   84): recvmsg mBuffer:
E/NetlinkListener(   84):  (add@/devices/platform/MTK_MSDC_0.0/mmc_host/mmc0/mmc0:0001/block/mmcblk0/mmcblk0p3)
W/Vold    (   84): subsys:block
D/NetlinkEvent(   84): NL param 'DEVPATH=/devices/platform/MTK_MSDC_0.0/mmc_host/mmc0/mmc0:0001/block/mmcblk0/mmcblk0p3'
D/NetlinkEvent(   84): NL param 'MAJOR=179'
D/NetlinkEvent(   84): NL param 'MINOR=3'
D/NetlinkEvent(   84): NL param 'DEVNAME=mmcblk0p3'
D/NetlinkEvent(   84): NL param 'DEVTYPE=partition'
D/NetlinkEvent(   84): NL param 'PARTN=3'
D/NetlinkEvent(   84): NL param 'PARTNAME=part_info_2'
E/NetlinkListener(   84): recvmsg mBuffer:
E/NetlinkListener(   84):  (add@/devices/platform/MTK_MSDC_0.0/mmc_host/mmc0/mmc0:0001/block/mmcblk0/mmcblk0p4)
W/Vold    (   84): subsys:block
D/NetlinkEvent(   84): NL param 'DEVPATH=/devices/platform/MTK_MSDC_0.0/mmc_host/mmc0/mmc0:0001/block/mmcblk0/mmcblk0p4'
D/NetlinkEvent(   84): NL param 'MAJOR=179'
D/NetlinkEvent(   84): NL param 'MINOR=4'
D/NetlinkEvent(   84): NL param 'DEVNAME=mmcblk0p4'
D/NetlinkEvent(   84): NL param 'DEVTYPE=partition'
D/NetlinkEvent(   84): NL param 'PARTN=4'
D/NetlinkEvent(   84): NL param 'PARTNAME=mac_addr_1'
E/NetlinkListener(   84): recvmsg mBuffer:
E/NetlinkListener(   84):  (add@/devices/platform/MTK_MSDC_0.0/mmc_host/mmc0/mmc0:0001/block/mmcblk0/mmcblk0p5)
W/Vold    (   84): subsys:block
D/NetlinkEvent(   84): NL param 'DEVPATH=/devices/platform/MTK_MSDC_0.0/mmc_host/mmc0/mmc0:0001/block/mmcblk0/mmcblk0p5'
D/NetlinkEvent(   84): NL param 'MAJOR=179'
D/NetlinkEvent(   84): NL param 'MINOR=5'
D/NetlinkEvent(   84): NL param 'DEVNAME=mmcblk0p5'
D/NetlinkEvent(   84): NL param 'DEVTYPE=partition'
D/NetlinkEvent(   84): NL param 'PARTN=5'
D/NetlinkEvent(   84): NL param 'PARTNAME=mac_addr_2'
E/NetlinkListener(   84): recvmsg mBuffer:
E/NetlinkListener(   84):  (add@/devices/platform/MTK_MSDC_0.0/mmc_host/mmc0/mmc0:0001/block/mmcblk0/mmcblk0p6)
W/Vold    (   84): subsys:block
D/NetlinkEvent(   84): NL param 'DEVPATH=/devices/platform/MTK_MSDC_0.0/mmc_host/mmc0/mmc0:0001/block/mmcblk0/mmcblk0p6'
D/NetlinkEvent(   84): NL param 'MAJOR=179'
D/NetlinkEvent(   84): NL param 'MINOR=6'
D/NetlinkEvent(   84): NL param 'DEVNAME=mmcblk0p6'
D/NetlinkEvent(   84): NL param 'DEVTYPE=partition'
D/NetlinkEvent(   84): NL param 'PARTN=6'
D/NetlinkEvent(   84): NL param 'PARTNAME=key_block_1'
E/NetlinkListener(   84): recvmsg mBuffer:
E/NetlinkListener(   84):  (add@/devices/platform/MTK_MSDC_0.0/mmc_host/mmc0/mmc0:0001/block/mmcblk0/mmcblk0p7)
W/Vold    (   84): subsys:block
D/NetlinkEvent(   84): NL param 'DEVPATH=/devices/platform/MTK_MSDC_0.0/mmc_host/mmc0/mmc0:0001/block/mmcblk0/mmcblk0p7'
D/NetlinkEvent(   84): NL param 'MAJOR=179'
D/NetlinkEvent(   84): NL param 'MINOR=7'
D/NetlinkEvent(   84): NL param 'DEVNAME=mmcblk0p7'
D/NetlinkEvent(   84): NL param 'DEVTYPE=partition'
D/NetlinkEvent(   84): NL param 'PARTN=7'
D/NetlinkEvent(   84): NL param 'PARTNAME=key_block_2'
E/NetlinkListener(   84): recvmsg mBuffer:
E/NetlinkListener(   84):  (add@/devices/platform/MTK_MSDC_0.0/mmc_host/mmc0/mmc0:0001/block/mmcblk0/mmcblk0p8)
W/Vold    (   84): subsys:block
D/NetlinkEvent(   84): NL param 'DEVPATH=/devices/platform/MTK_MSDC_0.0/mmc_host/mmc0/mmc0:0001/block/mmcblk0/mmcblk0p8'
D/NetlinkEvent(   84): NL param 'MAJOR=179'
D/NetlinkEvent(   84): NL param 'MINOR=8'
D/NetlinkEvent(   84): NL param 'DEVNAME=mmcblk0p8'
D/NetlinkEvent(   84): NL param 'DEVTYPE=partition'
D/NetlinkEvent(   84): NL param 'PARTN=8'
D/NetlinkEvent(   84): NL param 'PARTNAME=fe_bin_1'
E/NetlinkListener(   84): recvmsg mBuffer:
E/NetlinkListener(   84):  (add@/devices/platform/MTK_MSDC_0.0/mmc_host/mmc0/mmc0:0001/block/mmcblk0/mmcblk0p9)
W/Vold    (   84): subsys:block
D/NetlinkEvent(   84): NL param 'DEVPATH=/devices/platform/MTK_MSDC_0.0/mmc_host/mmc0/mmc0:0001/block/mmcblk0/mmcblk0p9'
D/NetlinkEvent(   84): NL param 'MAJOR=179'
D/NetlinkEvent(   84): NL param 'MINOR=9'
D/NetlinkEvent(   84): NL param 'DEVNAME=mmcblk0p9'
D/NetlinkEvent(   84): NL param 'DEVTYPE=partition'
D/NetlinkEvent(   84): NL param 'PARTN=9'
D/NetlinkEvent(   84): NL param 'PARTNAME=fe_bin_2'
E/NetlinkListener(   84): recvmsg mBuffer:
E/NetlinkListener(   84):  (add@/devices/platform/MTK_MSDC_0.0/mmc_host/mmc0/mmc0:0001/block/mmcblk0/mmcblk0p10)
W/Vold    (   84): subsys:block
D/NetlinkEvent(   84): NL param 'DEVPATH=/devices/platform/MTK_MSDC_0.0/mmc_host/mmc0/mmc0:0001/block/mmcblk0/mmcblk0p10'
D/NetlinkEvent(   84): NL param 'MAJOR=179'
D/NetlinkEvent(   84): NL param 'MINOR=10'
D/NetlinkEvent(   84): NL param 'DEVNAME=mmcblk0p10'
D/NetlinkEvent(   84): NL param 'DEVTYPE=partition'
D/NetlinkEvent(   84): NL param 'PARTN=10'
D/NetlinkEvent(   84): NL param 'PARTNAME=fe_test_data'
E/NetlinkListener(   84): recvmsg mBuffer:
E/NetlinkListener(   84):  (add@/devices/platform/MTK_MSDC_0.0/mmc_host/mmc0/mmc0:0001/block/mmcblk0/mmcblk0p11)
W/Vold    (   84): subsys:block
D/NetlinkEvent(   84): NL param 'DEVPATH=/devices/platform/MTK_MSDC_0.0/mmc_host/mmc0/mmc0:0001/block/mmcblk0/mmcblk0p11'
D/NetlinkEvent(   84): NL param 'MAJOR=179'
D/NetlinkEvent(   84): NL param 'MINOR=11'
D/NetlinkEvent(   84): NL param 'DEVNAME=mmcblk0p11'
D/NetlinkEvent(   84): NL param 'DEVTYPE=partition'
D/NetlinkEvent(   84): NL param 'PARTN=11'
D/NetlinkEvent(   84): NL param 'PARTNAME=fe_parameters'
E/NetlinkListener(   84): recvmsg mBuffer:
E/NetlinkListener(   84):  (add@/devices/platform/MTK_MSDC_0.0/mmc_host/mmc0/mmc0:0001/block/mmcblk0/mmcblk0p12)
W/Vold    (   84): subsys:block
D/NetlinkEvent(   84): NL param 'DEVPATH=/devices/platform/MTK_MSDC_0.0/mmc_host/mmc0/mmc0:0001/block/mmcblk0/mmcblk0p12'
D/NetlinkEvent(   84): NL param 'MAJOR=179'
D/NetlinkEvent(   84): NL param 'MINOR=12'
D/NetlinkEvent(   84): NL param 'DEVNAME=mmcblk0p12'
D/NetlinkEvent(   84): NL param 'DEVTYPE=partition'
D/NetlinkEvent(   84): NL param 'PARTN=12'
D/NetlinkEvent(   84): NL param 'PARTNAME=fe_power_curve'
E/NetlinkListener(   84): recvmsg mBuffer:
E/NetlinkListener(   84):  (add@/devices/platform/MTK_MSDC_0.0/mmc_host/mmc0/mmc0:0001/block/mmcblk0/mmcblk0p13)
W/Vold    (   84): subsys:block
D/NetlinkEvent(   84): NL param 'DEVPATH=/devices/platform/MTK_MSDC_0.0/mmc_host/mmc0/mmc0:0001/block/mmcblk0/mmcblk0p13'
D/NetlinkEvent(   84): NL param 'MAJOR=179'
D/NetlinkEvent(   84): NL param 'MINOR=13'
D/NetlinkEvent(   84): NL param 'DEVNAME=mmcblk0p13'
D/NetlinkEvent(   84): NL param 'DEVTYPE=partition'
D/NetlinkEvent(   84): NL param 'PARTN=13'
D/NetlinkEvent(   84): NL param 'PARTNAME=kernel_1'
E/NetlinkListener(   84): recvmsg mBuffer:
E/NetlinkListener(   84):  (add@/devices/platform/MTK_MSDC_0.0/mmc_host/mmc0/mmc0:0001/block/mmcblk0/mmcblk0p14)
W/Vold    (   84): subsys:block
D/NetlinkEvent(   84): NL param 'DEVPATH=/devices/platform/MTK_MSDC_0.0/mmc_host/mmc0/mmc0:0001/block/mmcblk0/mmcblk0p14'
D/NetlinkEvent(   84): NL param 'MAJOR=179'
D/NetlinkEvent(   84): NL param 'MINOR=14'
D/NetlinkEvent(   84): NL param 'DEVNAME=mmcblk0p14'
D/NetlinkEvent(   84): NL param 'DEVTYPE=partition'
D/NetlinkEvent(   84): NL param 'PARTN=14'
D/NetlinkEvent(   84): NL param 'PARTNAME=upg_status'
E/NetlinkListener(   84): recvmsg mBuffer:
E/NetlinkListener(   84):  (add@/devices/platform/MTK_MSDC_0.0/mmc_host/mmc0/mmc0:0001/block/mmcblk0/mmcblk0p15)
W/Vold    (   84): subsys:block
D/NetlinkEvent(   84): NL param 'DEVPATH=/devices/platform/MTK_MSDC_0.0/mmc_host/mmc0/mmc0:0001/block/mmcblk0/mmcblk0p15'
D/NetlinkEvent(   84): NL param 'MAJOR=179'
D/NetlinkEvent(   84): NL param 'MINOR=15'
D/NetlinkEvent(   84): NL param 'DEVNAME=mmcblk0p15'
D/NetlinkEvent(   84): NL param 'DEVTYPE=partition'
D/NetlinkEvent(   84): NL param 'PARTN=15'
D/NetlinkEvent(   84): NL param 'PARTNAME=fast_init_logo'
E/NetlinkListener(   84): recvmsg mBuffer:
E/NetlinkListener(   84):  (add@/devices/platform/MTK_MSDC_0.0/mmc_host/mmc0/mmc0:0001/block/mmcblk0/mmcblk0p16)
W/Vold    (   84): subsys:block
D/NetlinkEvent(   84): NL param 'DEVPATH=/devices/platform/MTK_MSDC_0.0/mmc_host/mmc0/mmc0:0001/block/mmcblk0/mmcblk0p16'
D/NetlinkEvent(   84): NL param 'MAJOR=179'
D/NetlinkEvent(   84): NL param 'MINOR=16'
D/NetlinkEvent(   84): NL param 'DEVNAME=mmcblk0p16'
D/NetlinkEvent(   84): NL param 'DEVTYPE=partition'
D/NetlinkEvent(   84): NL param 'PARTN=16'
D/NetlinkEvent(   84): NL param 'PARTNAME=fast_init_param'
E/NetlinkListener(   84): recvmsg mBuffer:
E/NetlinkListener(   84):  (add@/devices/platform/MTK_MSDC_0.0/mmc_host/mmc0/mmc0:0001/block/mmcblk0/mmcblk0p17)
W/Vold    (   84): subsys:block
D/NetlinkEvent(   84): NL param 'DEVPATH=/devices/platform/MTK_MSDC_0.0/mmc_host/mmc0/mmc0:0001/block/mmcblk0/mmcblk0p17'
D/NetlinkEvent(   84): NL param 'MAJOR=179'
D/NetlinkEvent(   84): NL param 'MINOR=17'
D/NetlinkEvent(   84): NL param 'DEVNAME=mmcblk0p17'
D/NetlinkEvent(   84): NL param 'DEVTYPE=partition'
D/NetlinkEvent(   84): NL param 'PARTN=17'
D/NetlinkEvent(   84): NL param 'PARTNAME=log_raw'
E/NetlinkListener(   84): recvmsg mBuffer:
E/NetlinkListener(   84):  (add@/devices/platform/MTK_MSDC_0.0/mmc_host/mmc0/mmc0:0001/block/mmcblk0/mmcblk0p18)
W/Vold    (   84): subsys:block
D/NetlinkEvent(   84): NL param 'DEVPATH=/devices/platform/MTK_MSDC_0.0/mmc_host/mmc0/mmc0:0001/block/mmcblk0/mmcblk0p18'
D/NetlinkEvent(   84): NL param 'MAJOR=179'
D/NetlinkEvent(   84): NL param 'MINOR=18'
D/NetlinkEvent(   84): NL param 'DEVNAME=mmcblk0p18'
D/NetlinkEvent(   84): NL param 'DEVTYPE=partition'
D/NetlinkEvent(   84): NL param 'PARTN=18'
D/NetlinkEvent(   84): NL param 'PARTNAME=set_raw'
E/NetlinkListener(   84): recvmsg mBuffer:
E/NetlinkListener(   84):  (add@/devices/platform/MTK_MSDC_0.0/mmc_host/mmc0/mmc0:0001/block/mmcblk0/mmcblk0p19)
W/Vold    (   84): subsys:block
D/NetlinkEvent(   84): NL param 'DEVPATH=/devices/platform/MTK_MSDC_0.0/mmc_host/mmc0/mmc0:0001/block/mmcblk0/mmcblk0p19'
D/NetlinkEvent(   84): NL param 'MAJOR=179'
D/NetlinkEvent(   84): NL param 'MINOR=19'
D/NetlinkEvent(   84): NL param 'DEVNAME=mmcblk0p19'
D/NetlinkEvent(   84): NL param 'DEVTYPE=partition'
D/NetlinkEvent(   84): NL param 'PARTN=19'
D/NetlinkEvent(   84): NL param 'PARTNAME=misc'
E/NetlinkListener(   84): recvmsg mBuffer:
E/NetlinkListener(   84):  (add@/devices/platform/MTK_MSDC_0.0/mmc_host/mmc0/mmc0:0001/block/mmcblk0/mmcblk0p20)
W/Vold    (   84): subsys:block
D/NetlinkEvent(   84): NL param 'DEVPATH=/devices/platform/MTK_MSDC_0.0/mmc_host/mmc0/mmc0:0001/block/mmcblk0/mmcblk0p20'
D/NetlinkEvent(   84): NL param 'MAJOR=179'
D/NetlinkEvent(   84): NL param 'MINOR=20'
D/NetlinkEvent(   84): NL param 'DEVNAME=mmcblk0p20'
D/NetlinkEvent(   84): NL param 'DEVTYPE=partition'
D/NetlinkEvent(   84): NL param 'PARTN=20'
D/NetlinkEvent(   84): NL param 'PARTNAME=recovery'
E/NetlinkListener(   84): recvmsg mBuffer:
E/NetlinkListener(   84):  (add@/devices/platform/MTK_MSDC_0.0/mmc_host/mmc0/mmc0:0001/block/mmcblk0/mmcblk0p21)
W/Vold    (   84): subsys:block
D/NetlinkEvent(   84): NL param 'DEVPATH=/devices/platform/MTK_MSDC_0.0/mmc_host/mmc0/mmc0:0001/block/mmcblk0/mmcblk0p21'
D/NetlinkEvent(   84): NL param 'MAJOR=179'
D/NetlinkEvent(   84): NL param 'MINOR=21'
D/NetlinkEvent(   84): NL param 'DEVNAME=mmcblk0p21'
D/NetlinkEvent(   84): NL param 'DEVTYPE=partition'
D/NetlinkEvent(   84): NL param 'PARTN=21'
D/NetlinkEvent(   84): NL param 'PARTNAME=cache'
E/NetlinkListener(   84): recvmsg mBuffer:
E/NetlinkListener(   84):  (add@/devices/platform/MTK_MSDC_0.0/mmc_host/mmc0/mmc0:0001/block/mmcblk0/mmcblk0p22)
W/Vold    (   84): subsys:block
D/NetlinkEvent(   84): NL param 'DEVPATH=/devices/platform/MTK_MSDC_0.0/mmc_host/mmc0/mmc0:0001/block/mmcblk0/mmcblk0p22'
D/NetlinkEvent(   84): NL param 'MAJOR=179'
D/NetlinkEvent(   84): NL param 'MINOR=22'
D/NetlinkEvent(   84): NL param 'DEVNAME=mmcblk0p22'
D/NetlinkEvent(   84): NL param 'DEVTYPE=partition'
D/NetlinkEvent(   84): NL param 'PARTN=22'
D/NetlinkEvent(   84): NL param 'PARTNAME=ubi0'
E/NetlinkListener(   84): recvmsg mBuffer:
E/NetlinkListener(   84):  (add@/devices/platform/MTK_MSDC_0.0/mmc_host/mmc0/mmc0:0001/block/mmcblk0/mmcblk0p23)
W/Vold    (   84): subsys:block
D/NetlinkEvent(   84): NL param 'DEVPATH=/devices/platform/MTK_MSDC_0.0/mmc_host/mmc0/mmc0:0001/block/mmcblk0/mmcblk0p23'
D/NetlinkEvent(   84): NL param 'MAJOR=179'
D/NetlinkEvent(   84): NL param 'MINOR=23'
D/NetlinkEvent(   84): NL param 'DEVNAME=mmcblk0p23'
D/NetlinkEvent(   84): NL param 'DEVTYPE=partition'
D/NetlinkEvent(   84): NL param 'PARTN=23'
D/NetlinkEvent(   84): NL param 'PARTNAME=ubi1'
E/NetlinkListener(   84): recvmsg mBuffer:
E/NetlinkListener(   84):  (add@/devices/virtual/block/zram0)
W/Vold    (   84): subsys:block
D/NetlinkEvent(   84): NL param 'DEVPATH=/devices/virtual/block/zram0'
D/NetlinkEvent(   84): NL param 'MAJOR=253'
D/NetlinkEvent(   84): NL param 'MINOR=0'
D/NetlinkEvent(   84): NL param 'DEVNAME=zram0'
D/NetlinkEvent(   84): NL param 'DEVTYPE=disk'
D/NetlinkEvent(   84): NL param 'NPARTS=0'
W/SystemServer(  153): System clock is before 1970; setting to 1970.
I/SystemServer(  153): Entered the Android system server!
I/SystemServer(  153): Power Manager
I/SystemServer(  153): Activity Manager
I/ActivityManager(  153): Memory class: 48
I/ActivityManager(  153): Enabled StrictMode logging for AThread's Looper
I/SystemServer(  153): Telephony Registry
I/SystemServer(  153): Package Manager
W/PackageManager(  153): Running ENG build: no pre-dexopt!
W/PackageManager(  153): Library not found: /system/framework/com.android.future.usb.accessory.jar
I/Installer(  153): connecting...
W/PackageManager(  153): Application package com.coship.cibn already installed.  Skipping duplicate.
I/PackageParser(  153): com.drolez.nbench: compat added android.permission.WRITE_EXTERNAL_STORAGE android.permission.READ_PHONE_STATE
W/PackageManager(  153): Application package com.aidufei.movieonline already installed.  Skipping duplicate.
I/PackageParser(  153): org.loopbot.androidcpubenchmark: compat added android.permission.WRITE_EXTERNAL_STORAGE
I/PackageParser(  153): com.threed.jpct.bench: compat added android.permission.WRITE_EXTERNAL_STORAGE android.permission.READ_PHONE_STATE
W/PackageParser(  153): Unknown element under <application>: PreferenceScreen at /data/app/com.tudou.android-1.apk Binary XML file line #43
I/PackageManager(  153): Time to scan packages: 17.277 seconds
W/PackageManager(  153): Unknown permission android.permission.ADD_SYSTEM_SERVICE in package com.android.phone
W/PackageManager(  153): Unknown permission android.permission.SET_PROCESS_FOREGROUND in package com.qiyi.video.pad
W/PackageManager(  153): Unknown permission android.permission.RemoteService in package com.qiyi.video.pad
W/PackageManager(  153): Unknown permission android.permission.ADD_SYSTEM_SERVICE in package com.coship.sdp.sce.tvappstore
W/PackageManager(  153): Unknown permission android.permission.READ_EXTERNAL_STORAGE in package com.coship.sdp.sce.tvappstore
W/PackageManager(  153): Unknown permission com.google.android.gm.permission.WRITE_GMAIL in package com.coship.sdp.sce.tvappstore
W/PackageManager(  153): Unknown permission com.google.android.gm.permission.READ_GMAIL in package com.coship.sdp.sce.tvappstore
W/PackageManager(  153): Unknown permission com.android.launcher.permission.INSTALL_SHORTCUT in package com.ifeng.newvideo
W/PackageManager(  153): Not granting permission com.android.launcher.permission.READ_SETTINGS to package com.ifeng.newvideo because it was previously installed without
W/PackageManager(  153): Unknown permission com.android.launcher.permission.INSTALL_SHORTCUT in package com.tencent.qqlivehd
W/PackageManager(  153): Unknown permission com.android.launcher.permission.INSTALL_SHORTCUT in package com.tudou.android
W/PackageManager(  153): Not granting permission android.permission.SET_ORIENTATION to package com.aurorasoftworks.quadrant.ui.standard (protectionLevel=2 flags=0x8be44)
W/PackageManager(  153): Unknown permission com.android.launcher.permission.INSTALL_SHORTCUT in package com.farproc.wifi.analyzer
W/PackageManager(  153): Unknown permission android.permission.STORAGE in package com.quicinc.vellamo
I/SystemServer(  153): Account Manager
I/SystemServer(  153): Content Manager
I/SystemServer(  153): System Content Providers
I/SystemServer(  153): Lights Service
I/SystemServer(  153): Battery Service
I/SystemServer(  153): Vibrator Service
I/SystemServer(  153): Alarm Manager
I/SystemServer(  153): Init Watchdog
I/SystemServer(  153): Window Manager
I/InputManager(  153): Initializing input manager
W/StatusBarManager(  153): warning: no STATUS_BAR_SERVICE
I/InputManager(  153): Starting input manager
I/WindowManager(  153): Enabled StrictMode for PolicyThread's Looper
I/WindowManager(  153): Enabled StrictMode logging for WMThread's Looper
I/SystemServer(  153): Input Method Service
W/InputManagerService(  153): Couldn't create dir.: /data/system/inputmethod
I/SystemServer(  153): Accessibility Manager
I/ActivityManager(  153): Config changed: {1.0 0mcc0mnc zh_CN layoutdir=0 sw720dp w1280dp h672dp lrg long land ?uimode ?night finger -keyb/v/h dpad/v s.2}
I/SystemServer(  153): Device Policy
I/SystemServer(  153): Status Bar
I/SystemServer(  153): Clipboard Service
I/SystemServer(  153): NetworkManagement Service
I/SystemServer(  153): Text Service Manager Service
I/SystemServer(  153): NetworkStats Service
I/SystemServer(  153): NetworkPolicy Service
I/SystemServer(  153): Wi-Fi P2pService
D/WifiP2pService(  153): P2pDisabledState
I/SystemServer(  153): Wi-Fi Service
D/WifiP2pService(  153): P2pDisabledState{ what=69633 when=0 }
D/WifiP2pService(  153): DefaultState{ what=69633 when=0 }
D/WifiP2pService(  153): P2pDisabledState{ what=69632 when=0 obj=com.android.internal.util.AsyncChannel@410e6e40 }
D/WifiP2pService(  153): DefaultState{ what=69632 when=0 obj=com.android.internal.util.AsyncChannel@410e6e40 }
D/WifiP2pService(  153): Full connection with WifiStateMachine established
I/SystemServer(  153): Connectivity Service
D/ConnectivityService(  153): ConnectivityService starting up
D/ConnectivityService(  153): Starting Ethernet Service.
V/EthernetStateTracker(  153): EthernetStateTracker Starts...
V/EthernetService(  153): EthernetService constructor
I/EthernetService(  153): liuhong  you create a BroadcastReceiver here
V/EthernetStateTracker(  153): start to monitor the ethernet devices
I/EthernetManager(  153): Init Ethernet Manager, service: com.android.server.EthernetService@4114b668
D/ConnectivityService(  153): Starting PPPOE Service.
E/MobileDataStateTracker(  153): default: Ignoring feature request because could not acquire PhoneService
E/MobileDataStateTracker(  153): default: Could not enable APN type "default"
D/NetworkManagementService(  153): Registering observer
D/NetworkManagementService(  153): Registering observer
I/WifiService(  153): WifiService starting up with Wi-Fi enabled
D/WifiP2pService(  153): P2pDisabledState{ what=131203 when=-1ms }
I/SystemServer(  153): Mount Service
D/MountService(  153): got storage path: /mnt/sdcard description: å†…éƒ¨å­˜å‚¨ç©ºé—´ primary: true removable: true emulated: false mtpReserve: 100 allowMassStorage: false maxFileSize: 0
D/MountService(  153): got storage path: /mnt/vold/usbdisk1 description: USB å­˜å‚¨å™¨ primary: false removable: true emulated: false mtpReserve: 0 allowMassStorage: false maxFileSize: 0
D/MountService(  153): got storage path: /mnt/vold/usbdisk2 description: USB å­˜å‚¨å™¨ primary: false removable: true emulated: false mtpReserve: 0 allowMassStorage: false maxFileSize: 0
D/MountService(  153): got storage path: /mnt/vold/usbdisk3 description: USB å­˜å‚¨å™¨ primary: false removable: true emulated: false mtpReserve: 0 allowMassStorage: false maxFileSize: 0
D/MountService(  153): got storage path: /mnt/vold/satahdd description: USB å­˜å‚¨å™¨ primary: false removable: true emulated: false mtpReserve: 0 allowMassStorage: false maxFileSize: 0
I/SystemServer(  153): Notification Manager
D/NetworkManagementService(  153): rsp <213 00:00:00:00:00:00 0.0.0.0 0 [down]>
D/NetworkManagementService(  153): flags <[down]>
I/SystemServer(  153): Device Storage Monitor
D/VoldCmdListener(   84): volume list
W/Vold    (   84): get partition mount point:minor:0,mVolumeMinor:0-->/mnt/vold/usbdisk1
W/Vold    (   84):  
W/Vold    (   84): get partition mount point:minor:0,mVolumeMinor:0-->/mnt/vold/usbdisk2
W/Vold    (   84):  
W/Vold    (   84): get partition mount point:minor:0,mVolumeMinor:0-->/mnt/vold/usbdisk3
W/Vold    (   84):  
W/Vold    (   84): get partition mount point:minor:0,mVolumeMinor:0-->/mnt/sdcard
W/Vold    (   84):  
W/Vold    (   84): get partition mount point:minor:0,mVolumeMinor:0-->/mnt/vold/satahdd
W/Vold    (   84):  
I/SystemServer(  153): Location Manager
I/SystemServer(  153): Country Detector
I/MountService(  153): Updating valid state removed
D/MountService(  153): volume state changed for /mnt/vold/usbdisk1 (null -> removed)
I/MountService(  153): Updating valid state removed
D/MountService(  153): volume state changed for /mnt/vold/usbdisk2 (null -> removed)
I/MountService(  153): Updating valid state removed
D/MountService(  153): volume state changed for /mnt/vold/usbdisk3 (null -> removed)
I/MountService(  153): Updating valid state removed
D/MountService(  153): volume state changed for /mnt/sdcard (null -> removed)
I/MountService(  153): Updating valid state removed
I/SystemServer(  153): Search Service
D/MountService(  153): volume state changed for /mnt/vold/satahdd (null -> removed)
I/SystemServer(  153): DropBox Service
I/SystemServer(  153): Wallpaper Service
I/SystemServer(  153): Audio Service
I/SystemServer(  153): USB Service
I/SystemServer(  153): UI Mode Manager Service
I/SystemServer(  153): mtk config Service
I/SystemServer(  153): wfd Service
I/SystemServer(  153): Backup Service
V/BackupManagerService(  153): Initializing package tracking
V/BackupManagerService(  153): No ancestral data
V/BackupManagerService(  153): addPackageParticipantsLocked: all
I/BackupManagerService(  153): New app android never backed up; scheduling
I/BackupManagerService(  153): New app com.android.inputmethod.latin never backed up; scheduling
I/BackupManagerService(  153): New app com.android.providers.settings never backed up; scheduling
V/BackupManagerService(  153): Registering transport android/com.android.internal.backup.LocalTransport = com.android.internal.backup.LocalTransport@410fe0d0
V/BackupManagerService(  153): Starting with transport android/com.android.internal.backup.LocalTransport
V/BackupManagerService(  153): Google transport not present
I/BackupManagerService(  153): Found stale backup journal, scheduling
I/BackupManagerService(  153):   android
I/BackupManagerService(  153):   com.android.inputmethod.latin
I/BackupManagerService(  153):   com.android.providers.settings
I/BackupManagerService(  153): Backup enabled => false
I/BackupManagerService(  153): Opting out of backup
I/SystemServer(  153): AppWidget Service
I/SystemServer(  153): Recognition Service
I/SystemServer(  153): DiskStats Service
I/SystemServer(  153): SamplingProfiler Service
I/SystemServer(  153): NetworkTimeUpdateService
D/PowerManagerService(  153): system ready!
I/ActivityManager(  153): System now ready
I/SystemServer(  153): Making services ready
D/SystemServer(  153): Starting service: Intent { cmp=com.android.systemui/.SystemUIService }
I/ActivityManager(  153): Start proc com.android.systemui for service com.android.systemui/.SystemUIService: pid=250 uid=1000 gids={1015, 1023, 3003, 3002, 3001}
D/NetworkManagementService(  153): not enabling bandwidth control
W/NetworkStats(  153): problem reading network stats: java.lang.IllegalStateException: problem parsing idx 1
D/NetworkManagementService(  153): Registering observer
D/NetworkManagementService(  153): Registering observer
I/ActivityManager(  153): Config changed: {1.0 0mcc0mnc zh_CN layoutdir=0 sw720dp w1280dp h672dp lrg long land finger -keyb/v/h dpad/v s.3}
W/RecognitionManagerService(  153): no available voice recognition services found
W/InputManagerService(  153): Ignoring setImeWindowStatus of uid 1000 token: null
I/ActivityManager(  153): Start proc com.aidufei.movieonline for service com.aidufei.movieonline/.ime.RemoteInput: pid=266 uid=10009 gids={3003, 1015, 1023}
I/ActivityManager(  153): Start proc com.android.phone for added application com.android.phone: pid=280 uid=1001 gids={3002, 3001, 3003}
I/ActivityManager(  153): Start proc com.coship.sdp.sce.tvappstore for added application com.coship.sdp.sce.tvappstore: pid=295 uid=1000 gids={1015, 1023, 3003, 3002, 3001}
I/ActivityManager(  153): Start proc com.coship.cibn for added application com.coship.cibn: pid=309 uid=10000 gids={3003, 1015, 1023}
I/ActivityManager(  153): START {act=android.intent.action.MAIN cat=[android.intent.category.HOME] flg=0x10000000 cmp=com.coship.cibn/.MainActivity} from pid 0
I/SystemServer(  153): Enabled StrictMode for system server main thread.
D/SystemUIService(  250): loading: class com.android.systemui.statusbar.tablet.TabletStatusBar
D/SystemUIService(  250): running: com.android.systemui.statusbar.tablet.TabletStatusBar@40f70058
I/StatusBar.HeightReceiver(  250): Resizing status bar plugged=false height=48 old=0
W/ActivityManager(  153): Unable to start service Intent { act=com.android.internal.telephony.IWapPushManager }: not found
E/ActivityThread(  280): Failed to find provider info for call_log
W/ActivityManager(  153): Unable to start service Intent { act=com.android.ussd.IExtendedNetworkService }: not found
I/StatusBarManagerService(  153): registerStatusBar bar=com.android.internal.statusbar.IStatusBar$Stub$Proxy@4103eef0
D/SystemUIService(  250): loading: class com.android.systemui.power.PowerUI
D/SystemUIService(  250): running: com.android.systemui.power.PowerUI@41069dd0
I/StatusBar.HeightReceiver(  250): Resizing status bar plugged=false height=48 old=48
I/StatusBar.HeightReceiver(  250): Resizing status bar plugged=false height=48 old=48
I/EthernetManager(  250): Init Ethernet Manager, service: android.net.ethernet.IEthernetManager$Stub$Proxy@41075640
D/StatusBar.NetworkController(  250): ------------------getLinkStatus ----------
D/StatusBar.NetworkController(  250): ------------------mEthernetConnected is  ----------false
D/StatusBar.NetworkController(  250): ------------------EthernetManager is on :status_bar_settings_ethernet_connected 77777777777----------
D/StatusBar.NetworkController(  250): ------------------EthernetManager is on 14-14-14-14-14----------
D/StatusBar.NetworkController(  250): ------------------EthernetManager is on 15-15-15-15-15----------
D/StatusBar.NetworkController(  250): ------------------EthernetManager is on :status_bar_settings_ethernet_connected 333333333----------
D/StatusBar.NetworkController(  250): ------------------getLinkStatus ----------
D/StatusBar.NetworkController(  250): ------------------mEthernetConnected is  ----------false
D/StatusBar.NetworkController(  250): ------------------EthernetManager is on :status_bar_settings_ethernet_connected 77777777777----------
D/StatusBar.NetworkController(  250): ------------------EthernetManager is on 14-14-14-14-14----------
D/StatusBar.NetworkController(  250): ------------------EthernetManager is on 15-15-15-15-15----------
D/StatusBar.NetworkController(  250): ------------------EthernetManager is on :status_bar_settings_ethernet_connected 333333333----------
D/StatusBar.NetworkController(  250): ------------------getLinkStatus ----------
D/StatusBar.NetworkController(  250): ------------------mEthernetConnected is  ----------false
D/StatusBar.NetworkController(  250): ------------------EthernetManager is on :status_bar_settings_ethernet_connected 77777777777----------
D/StatusBar.NetworkController(  250): ------------------EthernetManager is on 14-14-14-14-14----------
D/StatusBar.NetworkController(  250): ------------------EthernetManager is on 15-15-15-15-15----------
D/StatusBar.NetworkController(  250): ------------------EthernetManager is on :status_bar_settings_ethernet_connected 333333333----------
D/StatusBar.NetworkController(  250): ------------------getLinkStatus ----------
D/StatusBar.NetworkController(  250): ------------------mEthernetConnected is  ----------false
D/StatusBar.NetworkController(  250): ------------------EthernetManager is on :status_bar_settings_ethernet_connected 77777777777----------
D/StatusBar.NetworkController(  250): ------------------EthernetManager is on 14-14-14-14-14----------
D/StatusBar.NetworkController(  250): ------------------EthernetManager is on 15-15-15-15-15----------
D/StatusBar.NetworkController(  250): ------------------EthernetManager is on :status_bar_settings_ethernet_connected 333333333----------
D/WifiService(  153): New client listening to asynchronous messages
D/StatusBar.NetworkController(  250): ------------------getLinkStatus ----------
D/StatusBar.NetworkController(  250): ------------------mEthernetConnected is  ----------false
D/StatusBar.NetworkController(  250): ------------------EthernetManager is on :status_bar_settings_ethernet_connected 77777777777----------
D/StatusBar.NetworkController(  250): ------------------EthernetManager is on 14-14-14-14-14----------
D/StatusBar.NetworkController(  250): ------------------EthernetManager is on 15-15-15-15-15----------
D/StatusBar.NetworkController(  250): ------------------EthernetManager is on :status_bar_settings_ethernet_connected 333333333----------
D/StatusBar.NetworkController(  250): ------------------getLinkStatus ----------
D/StatusBar.NetworkController(  250): ------------------mEthernetConnected is  ----------false
D/StatusBar.NetworkController(  250): ------------------EthernetManager is on :status_bar_settings_ethernet_connected 77777777777----------
D/StatusBar.NetworkController(  250): ------------------EthernetManager is on 14-14-14-14-14----------
D/StatusBar.NetworkController(  250): ------------------EthernetManager is on 15-15-15-15-15----------
D/StatusBar.NetworkController(  250): ------------------EthernetManager is on :status_bar_settings_ethernet_connected 333333333----------
D/StatusBar.NetworkController(  250): ------------------getLinkStatus ----------
D/StatusBar.NetworkController(  250): ------------------mEthernetConnected is  ----------false
D/StatusBar.NetworkController(  250): ------------------EthernetManager is on :status_bar_settings_ethernet_connected 77777777777----------
D/StatusBar.NetworkController(  250): ------------------EthernetManager is on 14-14-14-14-14----------
D/StatusBar.NetworkController(  250): ------------------EthernetManager is on 15-15-15-15-15----------
D/StatusBar.NetworkController(  250): ------------------EthernetManager is on :status_bar_settings_ethernet_connected 333333333----------
D/WifiP2pService(  153): P2pDisabledState{ what=274434 when=-2ms }
D/WifiP2pService(  153): DefaultState{ what=274434 when=-2ms }
I/ActivityManager(  153): Start proc com.aidufei.cibn.uploadchecker for content provider com.aidufei.cibn.uploadchecker/.contentprovider.AuthResultProvider: pid=350 uid=10039 gids={3003}
E/ActivityThread(  309): Failed to find provider info for telephony
D/PowerManagerService(  153): bootCompleted
V/DevicePolicyManagerService(  153): Sending password expiration notifications for action android.intent.action.BOOT_COMPLETED
I/ActivityManager(  153): Start proc android.process.media for broadcast com.android.providers.downloads/.DownloadReceiver: pid=386 uid=10003 gids={1015, 1023, 1024, 2001, 3003, 3007}
D/NetworkManagementService(  153): rsp <213 00:00:00:00:00:00 0.0.0.0 0 [down]>
D/NetworkManagementService(  153): flags <[down]>
E/NetlinkListener(   85): recvmsg mBuffer:
E/NetlinkListener(   85):  (add@/module/star_mac)
E/NetlinkListener(   84): recvmsg mBuffer:
E/NetlinkListener(   84):  (add@/module/star_mac)
W/Vold    (   84): subsys:module
D/NetlinkEvent(   84): NL param 'DEVPATH=/module/star_mac'
E/NetlinkListener(   85): recvmsg mBuffer:
E/NetlinkListener(   85):  (add@/devices/virtual/net/eth0)
E/NetlinkListener(   84): recvmsg mBuffer:
E/NetlinkListener(   84):  (add@/devices/virtual/net/eth0)
W/Vold    (   84): subsys:net
D/NetlinkEvent(   84): NL param 'DEVPATH=/devices/virtual/net/eth0'
D/NetlinkEvent(   84): NL param 'INTERFACE=eth0'
D/NetlinkEvent(   84): NL param 'IFINDEX=4'
E/NetlinkListener(   85): recvmsg mBuffer:
E/NetlinkListener(   85):  (add@/devices/virtual/net/eth0/queues/rx-0)
E/NetlinkListener(   84): recvmsg mBuffer:
E/NetlinkListener(   84):  (add@/devices/virtual/net/eth0/queues/rx-0)
W/Vold    (   84): subsys:queues
D/NetlinkEvent(   84): NL param 'DEVPATH=/devices/virtual/net/eth0/queues/rx-0'
E/NetlinkListener(   85): recvmsg mBuffer:
E/NetlinkListener(   85):  (add@/devices/virtual/net/eth0/queues/tx-0)
E/NetlinkListener(   84): recvmsg mBuffer:
E/NetlinkListener(   84):  (add@/devices/virtual/net/eth0/queues/tx-0)
W/Vold    (   84): subsys:queues
D/NetlinkEvent(   84): NL param 'DEVPATH=/devices/virtual/net/eth0/queues/tx-0'
E/NetlinkListener(   85): recvmsg mBuffer:
E/NetlinkListener(   85):  (è)
D/EthernetService(  153): #cai# NetworkStatsService mLoadEth0Receiver
E/EthernetService(  153): EthernetServiceInitStart
V/EthernetService(  153): device 0 name eth0
V/EthernetService(  153): setState, mEthState=0, state=2
E/EthernetService(  153): getSavedConfig
E/EthernetService(  153): ifName: eth0 ipaddr:0.0.0.0 netmask:255.255.255.255 getway:0.0.0.0 dns:0.0.0.0
I/EthernetService(  153): reset device eth0
E/NetlinkListener(   85): recvmsg mBuffer:
E/NetlinkListener(   85):  (ì)
W/EthernetService(  153): reset Connection . 
W/EthernetService(  153): reset remove Message.
I/EthernetService(  153):  Activity Manager native is System Ready.
I/EthernetService(  153): switch mode to: dhcp for interface: eth0
D/EthernetService(  153): I/F is not up yet, not to do dhcp
E/NetlinkListener(   85): recvmsg mBuffer:
E/NetlinkListener(   85):  (ì)
I/EthernetService(  153): report new state DISCONNECTED on dev eth0
V/EthernetService(  153): update network state tracker
I/EthernetService(  153): report new state DISCONNECTED on dev eth0
V/EthernetService(  153): update network state tracker
D/NetworkManagementService(  153): rsp <213 84:62:23:08:00:83 0.0.0.0 0 [up broadcast multicast]>
D/NetworkManagementService(  153): flags <[up broadcast multicast]>
D/NetworkManagementService(  153): Registering observer
I/EthernetService(  153): received disconnected events, stack=false HW=false
I/EthernetService(  153): dhcp hardware unconnected, you send boradcast to handle it.
I/EthernetService(  153):  broadcastConnectionEvent : 4
I/EthernetService(  153): received disconnected events, stack=false HW=false
I/EthernetService(  153): dhcp hardware unconnected, you send boradcast to handle it.
D/StatusBar.NetworkController(  250): receive the EthernetManager.ETHERNET_STATE_CHANGED_ACTION broadcast
D/StatusBar.NetworkController(  250): updateEthernetState:intent=Intent { act=android.net.ethernet.ETHERNET_STATE_CHANGED flg=0x10000010 (has extras) }
D/StatusBar.NetworkController(  250): updateEthernetState:get ethernet state, value= EthernetManager.XXX 4
I/EthernetService(  153):  broadcastConnectionEvent : 4
D/StatusBar.NetworkController(  250): ------------------EthernetManager is on ----------
D/StatusBar.NetworkController(  250): ------------------getLinkStatus ----------
D/StatusBar.NetworkController(  250): ------------------mEthernetConnected is  ----------false
D/StatusBar.NetworkController(  250): ------------------EthernetManager is on :status_bar_settings_ethernet_connected 77777777777----------
D/StatusBar.NetworkController(  250): ------------------EthernetManager is on 14-14-14-14-14----------
D/StatusBar.NetworkController(  250): ------------------EthernetManager is on 15-15-15-15-15----------
D/StatusBar.NetworkController(  250): ------------------EthernetManager is on :status_bar_settings_ethernet_connected 333333333----------
D/StatusBar.NetworkController(  250): receive the EthernetManager.ETHERNET_STATE_CHANGED_ACTION broadcast
D/StatusBar.NetworkController(  250): updateEthernetState:intent=Intent { act=android.net.ethernet.ETHERNET_STATE_CHANGED flg=0x10000010 (has extras) }
D/StatusBar.NetworkController(  250): updateEthernetState:get ethernet state, value= EthernetManager.XXX 4
D/StatusBar.NetworkController(  250): ------------------EthernetManager is on ----------
D/StatusBar.NetworkController(  250): ------------------getLinkStatus ----------
D/StatusBar.NetworkController(  250): ------------------mEthernetConnected is  ----------false
D/StatusBar.NetworkController(  250): ------------------EthernetManager is on :status_bar_settings_ethernet_connected 77777777777----------
D/StatusBar.NetworkController(  250): ------------------EthernetManager is on 14-14-14-14-14----------
D/StatusBar.NetworkController(  250): ------------------EthernetManager is on 15-15-15-15-15----------
D/StatusBar.NetworkController(  250): ------------------EthernetManager is on :status_bar_settings_ethernet_connected 333333333----------
E/NetlinkListener(   85): recvmsg mBuffer:
E/NetlinkListener(   85):  (add@/module/bdpdrv)
E/NetlinkListener(   84): recvmsg mBuffer:
E/NetlinkListener(   84):  (add@/module/bdpdrv)
W/Vold    (   84): subsys:module
D/NetlinkEvent(   84): NL param 'DEVPATH=/module/bdpdrv'
E/NetlinkListener(   85): recvmsg mBuffer:
E/NetlinkListener(   85):  (add@/module/alsa_mt85xx)
E/NetlinkListener(   84): recvmsg mBuffer:
E/NetlinkListener(   84):  (add@/module/alsa_mt85xx)
W/Vold    (   84): subsys:module
D/NetlinkEvent(   84): NL param 'DEVPATH=/module/alsa_mt85xx'
E/NetlinkListener(   85): recvmsg mBuffer:
E/NetlinkListener(   85):  (add@/bus/platform/drivers/snd_mt85xx)
E/NetlinkListener(   84): recvmsg mBuffer:
E/NetlinkListener(   84):  (add@/bus/platform/drivers/snd_mt85xx)
W/Vold    (   84): subsys:drivers
D/NetlinkEvent(   84): NL param 'DEVPATH=/bus/platform/drivers/snd_mt85xx'
E/NetlinkListener(   85): recvmsg mBuffer:
E/NetlinkListener(   85):  (add@/devices/platform/snd_mt85xx.0)
E/NetlinkListener(   84): recvmsg mBuffer:
E/NetlinkListener(   84):  (add@/devices/platform/snd_mt85xx.0)
W/Vold    (   84): subsys:platform
D/NetlinkEvent(   84): NL param 'DEVPATH=/devices/platform/snd_mt85xx.0'
D/NetlinkEvent(   84): NL param 'MODALIAS=platform:snd_mt85xx'
E/NetlinkListener(   85): recvmsg mBuffer:
E/NetlinkListener(   85):  (add@/devices/platform/snd_mt85xx.0/sound/card0)
E/NetlinkListener(   84): recvmsg mBuffer:
E/NetlinkListener(   84):  (add@/devices/platform/snd_mt85xx.0/sound/card0)
W/Vold    (   84): subsys:sound
D/NetlinkEvent(   84): NL param 'DEVPATH=/devices/platform/snd_mt85xx.0/sound/card0'
E/NetlinkListener(   85): recvmsg mBuffer:
E/NetlinkListener(   85):  (add@/devices/platform/snd_mt85xx.0/sound/card0/pcmC0D0p)
E/NetlinkListener(   84): recvmsg mBuffer:
E/NetlinkListener(   84):  (add@/devices/platform/snd_mt85xx.0/sound/card0/pcmC0D0p)
W/Vold    (   84): subsys:sound
D/NetlinkEvent(   84): NL param 'DEVPATH=/devices/platform/snd_mt85xx.0/sound/card0/pcmC0D0p'
D/NetlinkEvent(   84): NL param 'MAJOR=116'
D/NetlinkEvent(   84): NL param 'MINOR=16'
D/NetlinkEvent(   84): NL param 'DEVNAME=snd/pcmC0D0p'
E/NetlinkListener(   85): recvmsg mBuffer:
E/NetlinkListener(   85):  (add@/devices/platform/snd_mt85xx.0/sound/card0/pcmC0D0c)
E/NetlinkListener(   84): recvmsg mBuffer:
E/NetlinkListener(   84):  (add@/devices/platform/snd_mt85xx.0/sound/card0/pcmC0D0c)
W/Vold    (   84): subsys:sound
D/NetlinkEvent(   84): NL param 'DEVPATH=/devices/platform/snd_mt85xx.0/sound/card0/pcmC0D0c'
