D/StateMachine(  153): processMsg: ConnectModeState
D/WifiStateMachine(  153): ConnectModeState{ what=147461 when=0 }haixia---->ConnectModeState processMessage
D/WifiStateMachine(  153): log log log log log test ConnectModeState processMessage
D/WifiHW  (  153): send cmd is AP_SCAN 1 
D/StateMachine(  153): processMsg: DriverStartedState
D/WifiStateMachine(  153): DriverStartedState{ what=147461 when=-1ms }haixixa processMessage 
E/WifiStateMachine(  153): log log log log log test DriverStartedState processMessage
D/StateMachine(  153): processMsg: SupplicantStartedState
D/WifiStateMachine(  153): SupplicantStartedState{ what=147461 when=-1ms }
D/WifiHW  (  153): send cmd is SCAN_RESULTS 
D/wpa_supplicant(  617): WPS: WFA subelement id=0 len=1
D/wpa_supplicant(  617): WPS: WFA subelement id=0 len=1
D/wpa_supplicant(  617): WPS: WFA subelement id=0 len=1
D/wpa_supplicant(  617): WPS: WFA subelement id=0 len=1
D/wpa_supplicant(  617): WPS: WFA subelement id=0 len=1
D/wpa_supplicant(  617): WPS: WFA subelement id=0 len=1
D/wpa_supplicant(  617): WPS: WFA subelement id=0 len=1
D/wpa_supplicant(  617): WPS: WFA subelement id=0 len=1
D/wpa_supplicant(  617): WPS: WFA subelement id=0 len=1
I//system/bin/wpa_supplicant(  615): group_cipher = 8
I//system/bin/wpa_supplicant(  615): group_cipher = 8
I//system/bin/wpa_supplicant(  615): group_cipher = 8
I//system/bin/wpa_supplicant(  615): group_cipher = 8
I//system/bin/wpa_supplicant(  615): group_cipher = 8
I//system/bin/wpa_supplicant(  615): group_cipher = 8
I//system/bin/wpa_supplicant(  615): group_cipher = 8
I//system/bin/wpa_supplicant(  615): group_cipher = 8
I//system/bin/wpa_supplicant(  615): group_cipher = 8
I//system/bin/wpa_supplicant(  615): group_cipher = 8
D/wifi    (  153): android_net_wifi_check
D/WifiHW  (  153): wifi0_check 
D/StateMachine(  153): handleMessage: X
D/dalvikvm(  844): GC_CONCURRENT freed 505K, 12% free 5730K/6471K, paused 1ms+1ms
D/HomePlayerLib(  844): hostaddress count is 1
D/dalvikvm(  844): GC_CONCURRENT freed 510K, 12% free 5727K/6471K, paused 1ms+1ms
D/dalvikvm(  844): GC_CONCURRENT freed 398K, 12% free 5722K/6471K, paused 0ms+1ms
D/dalvikvm(  844): GC_CONCURRENT freed 503K, 12% free 5730K/6471K, paused 1ms+1ms
D/dalvikvm(  844): GC_CONCURRENT freed 504K, 12% free 5733K/6471K, paused 1ms+1ms
D/dalvikvm(  844): GC_CONCURRENT freed 500K, 12% free 5734K/6471K, paused 0ms+1ms
D/dalvikvm(  844): GC_CONCURRENT freed 400K, 12% free 5722K/6471K, paused 0ms+1ms
D/dalvikvm(  844): GC_CONCURRENT freed 488K, 12% free 5732K/6471K, paused 1ms+1ms
D/dalvikvm(  844): GC_CONCURRENT freed 446K, 12% free 5732K/6471K, paused 0ms+1ms
D/dalvikvm(  844): GC_CONCURRENT freed 486K, 12% free 5751K/6471K, paused 0ms+1ms
D/dalvikvm(  844): GC_CONCURRENT freed 528K, 12% free 5734K/6471K, paused 1ms+1ms
D/wpa_supplicant(  617): Scan requested (ret=0) - scan timeout 30 seconds
D/wpa_supplicant(  617): RTM_NEWLINK: operstate=0 ifi_flags=0x11003 ([UP][LOWER_UP])
D/wpa_supplicant(  617): RTM_NEWLINK, IFLA_IFNAME: Interface 'wlan0' added
D/wpa_supplicant(  617): Wireless event: cmd=0x8b19 len=8
E/NetlinkListener(   85): recvmsg mBuffer:
E/NetlinkListener(   85):  (8)
D/wpa_supplicant(  617): Received 1819 bytes of scan results (10 BSSes)
D/wpa_supplicant(  617): Add randomness: count=101 entropy=100
D/wpa_supplicant(  617): Add randomness: count=102 entropy=101
D/wpa_supplicant(  617): Add randomness: count=103 entropy=102
D/wpa_supplicant(  617): Add randomness: count=104 entropy=103
D/wpa_supplicant(  617): Add randomness: count=105 entropy=104
D/wpa_supplicant(  617): Add randomness: count=106 entropy=105
D/wpa_supplicant(  617): Add randomness: count=107 entropy=106
D/wpa_supplicant(  617): Add randomness: count=108 entropy=107
D/wpa_supplicant(  617): Add randomness: count=109 entropy=108
D/wpa_supplicant(  617): Add randomness: count=110 entropy=109
D/wpa_supplicant(  617): WPS: WFA subelement id=0 len=1
D/wpa_supplicant(  617): WPS: WFA subelement id=0 len=1
D/wpa_supplicant(  617): WPS: WFA subelement id=0 len=1
D/wpa_supplicant(  617): WPS: WFA subelement id=0 len=1
D/wpa_supplicant(  617): WPS: WFA subelement id=0 len=1
D/wpa_supplicant(  617): WPS: WFA subelement id=0 len=1
D/wpa_supplicant(  617): WPS: WFA subelement id=0 len=1
D/wpa_supplicant(  617): WPS: WFA subelement id=0 len=1
D/wpa_supplicant(  617): WPS: WFA subelement id=0 len=1
D/wpa_supplicant(  617): Ignore event for foreign ifindex 5
D/WifiHW  (  153): Received event is CTRL-EVENT-SCAN-RESULTS 
D/wifi    (  153): [buf=CTRL-EVENT-SCAN-RESULTS ]
D/wifi    (  153): android_net_wifi_waitForEvent
D/WifiHW  (  153): Received event is WPS-AP-AVAILABLE 
D/wifi    (  153): [buf=WPS-AP-AVAILABLE ]
D/wifi    (  153): android_net_wifi_waitForEvent
D/StateMachine(  153): handleMessage: E msg.what=147461
D/StateMachine(  153): processMsg: DisconnectedState
D/WifiStateMachine(  153): DisconnectedState{ what=147461 when=0 }
D/StateMachine(  153): processMsg: ConnectModeState
D/WifiStateMachine(  153): ConnectModeState{ what=147461 when=0 }haixia---->ConnectModeState processMessage
D/WifiStateMachine(  153): log log log log log test ConnectModeState processMessage
D/WifiHW  (  153): send cmd is AP_SCAN 1 
D/StateMachine(  153): processMsg: DriverStartedState
D/WifiStateMachine(  153): DriverStartedState{ what=147461 when=-1ms }haixixa processMessage 
E/WifiStateMachine(  153): log log log log log test DriverStartedState processMessage
D/StateMachine(  153): processMsg: SupplicantStartedState
D/WifiStateMachine(  153): SupplicantStartedState{ what=147461 when=-1ms }
D/WifiHW  (  153): send cmd is SCAN_RESULTS 
I//system/bin/wpa_supplicant(  615): group_cipher = 8
I//system/bin/wpa_supplicant(  615): group_cipher = 8
I//system/bin/wpa_supplicant(  615): group_cipher = 8
I//system/bin/wpa_supplicant(  615): group_cipher = 8
D/wpa_supplicant(  617): WPS: WFA subelement id=0 len=1
D/wpa_supplicant(  617): WPS: WFA subelement id=0 len=1
D/wpa_supplicant(  617): WPS: WFA subelement id=0 len=1
D/wpa_supplicant(  617): WPS: WFA subelement id=0 len=1
D/wpa_supplicant(  617): WPS: WFA subelement id=0 len=1
D/wpa_supplicant(  617): WPS: WFA subelement id=0 len=1
D/wpa_supplicant(  617): WPS: WFA subelement id=0 len=1
D/wpa_supplicant(  617): WPS: WFA subelement id=0 len=1
D/wpa_supplicant(  617): WPS: WFA subelement id=0 len=1
I//system/bin/wpa_supplicant(  615): group_cipher = 8
I//system/bin/wpa_supplicant(  615): group_cipher = 8
I//system/bin/wpa_supplicant(  615): group_cipher = 8
I//system/bin/wpa_supplicant(  615): group_cipher = 8
I//system/bin/wpa_supplicant(  615): group_cipher = 8
I//system/bin/wpa_supplicant(  615): group_cipher = 8
D/wifi    (  153): android_net_wifi_check
D/WifiHW  (  153): wifi0_check 
D/StateMachine(  153): handleMessage: X
D/dalvikvm(  844): GC_CONCURRENT freed 441K, 12% free 5740K/6471K, paused 0ms+1ms
D/dalvikvm(  844): GC_CONCURRENT freed 498K, 12% free 5753K/6471K, paused 0ms+1ms
D/HomePlayerLib(  844): hostaddress count is 1
D/dalvikvm(  844): GC_CONCURRENT freed 520K, 12% free 5743K/6471K, paused 1ms+1ms
D/dalvikvm(  844): GC_CONCURRENT freed 446K, 12% free 5739K/6471K, paused 2ms+1ms
D/dalvikvm(  844): GC_CONCURRENT freed 519K, 12% free 5730K/6471K, paused 0ms+2ms
D/dalvikvm(  844): GC_CONCURRENT freed 504K, 12% free 5735K/6471K, paused 0ms+1ms
D/dalvikvm(  844): GC_CONCURRENT freed 486K, 12% free 5750K/6471K, paused 1ms+1ms
D/dalvikvm(  844): GC_CONCURRENT freed 399K, 12% free 5738K/6471K, paused 1ms+1ms
D/UpgradeAppStoreTimerTask(  897):  ------:: UpgradeAppStoreTimerTask execute...
D/Tools   (  897):  ------:: osVersion 15
D/dalvikvm(  897): GC_CONCURRENT freed 262K, 7% free 5649K/6023K, paused 1ms+1ms
D/Tools   (  897):  ------:: retObj = {"resultObject":null,"respseStatus":"0","respseDesc":"Success"}
E/EventHub(  153): send pin = 24,value = 0
V/PinyinIME(  763): onKeyDown:4
I/PinyinIME(  763): onKeyDown:System handler the keyevent
E/EventHub(  153): send pin = 24,value = 0
I/PinyinIME(  763): onKeyUp:4
I/PinyinIME(  763): onKeyUp:System handler the keyevent
D/InputEventConsistencyVerifier(  930): KeyEvent: ACTION_UP but key was not down.
D/InputEventConsistencyVerifier(  930):   in com.android.internal.policy.impl.PhoneWindow$DecorView@420bbad0
D/InputEventConsistencyVerifier(  930):   0: sent at 245723000000, KeyEvent { action=ACTION_UP, keyCode=KEYCODE_BACK, scanCode=158, metaState=0, flags=0x8, repeatCount=0, eventTime=245723, downTime=245653, deviceId=3, source=0x701 }
D/InputEventConsistencyVerifier(  930):   -- recent events --
D/InputEventConsistencyVerifier(  930):   1: sent at 199221000000, (unhandled) KeyEvent { action=ACTION_UP, keyCode=KEYCODE_DPAD_RIGHT, scanCode=106, metaState=0, flags=0x8, repeatCount=0, eventTime=199221, downTime=199150, deviceId=3, source=0x701 }
D/InputEventConsistencyVerifier(  930):   2: sent at 199150000000, (unhandled) KeyEvent { action=ACTION_DOWN, keyCode=KEYCODE_DPAD_RIGHT, scanCode=106, metaState=0, flags=0x8, repeatCount=0, eventTime=199150, downTime=199150, deviceId=3, source=0x701 }
D/InputEventConsistencyVerifier(  930):   3: sent at 198713000000, (unhandled) KeyEvent { action=ACTION_UP, keyCode=KEYCODE_DPAD_DOWN, scanCode=108, metaState=0, flags=0x8, repeatCount=0, eventTime=198713, downTime=198643, deviceId=3, source=0x701 }
D/InputEventConsistencyVerifier(  930):   4: sent at 198643000000, KeyEvent { action=ACTION_DOWN, keyCode=KEYCODE_DPAD_DOWN, scanCode=108, metaState=0, flags=0x8, repeatCount=0, eventTime=198643, downTime=198643, deviceId=3, source=0x701 }
D/InputEventConsistencyVerifier(  930):   5: sent at 197678000000, (unhandled) KeyEvent { action=ACTION_UP, keyCode=KEYCODE_DPAD_DOWN, scanCode=108, metaState=0, flags=0x8, repeatCount=0, eventTime=197678, downTime=197608, deviceId=3, source=0x701 }
D/dalvikvm(  844): GC_CONCURRENT freed 512K, 12% free 5729K/6471K, paused 1ms+1ms
D/HomePlayerLib(  844): hostaddress count is 1
D/dalvikvm(  844): GC_CONCURRENT freed 509K, 12% free 5728K/6471K, paused 0ms+1ms
D/dalvikvm(  844): GC_CONCURRENT freed 510K, 12% free 5734K/6471K, paused 0ms+1ms
D/dalvikvm(  844): GC_CONCURRENT freed 500K, 12% free 5733K/6471K, paused 0ms+1ms
D/dalvikvm(  844): GC_CONCURRENT freed 408K, 12% free 5719K/6471K, paused 0ms+1ms
E/EventHub(  153): send pin = 24,value = 0
V/PinyinIME(  763): onKeyDown:4
I/PinyinIME(  763): onKeyDown:System handler the keyevent
D/dalvikvm(  844): GC_CONCURRENT freed 434K, 11% free 5764K/6471K, paused 0ms+2ms
E/EventHub(  153): send pin = 24,value = 0
I/PinyinIME(  763): onKeyUp:4
I/PinyinIME(  763): onKeyUp:System handler the keyevent
I/SurfaceTexture(   87): Current total buffer count= 3, mSynchronousMode=1
I/SurfaceTexture(   87): Query min-undequeue size=1
D/dalvikvm(  153): GC_CONCURRENT freed 540K, 15% free 7527K/8839K, paused 2ms+6ms
D/OpenGLRenderer(  930): Flushing caches (mode 0)
D/dalvikvm(  844): GC_CONCURRENT freed 527K, 12% free 5749K/6471K, paused 1ms+2ms
D/dalvikvm(  930): GC_EXPLICIT freed 531K, 3% free 23665K/24263K, paused 1ms+5ms
E/StrictMode(  930): class com.coship.dvbsetting.systemsetting.SyssetAcivity; instances=2; limit=1
E/StrictMode(  930): android.os.StrictMode$InstanceCountViolation: class com.coship.dvbsetting.systemsetting.SyssetAcivity; instances=2; limit=1
E/StrictMode(  930): 	at android.os.StrictMode.setClassInstanceLimit(StrictMode.java:1)
E/EventHub(  153): send pin = 24,value = 0
V/PinyinIME(  763): onKeyDown:4
I/PinyinIME(  763): onKeyDown:System handler the keyevent
I/coship_setting_main(  930): BackDoorIndex:0
I/coship_setting_main(  930): BackDoorKey[BackDoorIndex]:21
I/coship_setting_main(  930): KeyCode:4
E/EventHub(  153): send pin = 24,value = 0
I/PinyinIME(  763): onKeyUp:4
I/PinyinIME(  763): onKeyUp:System handler the keyevent
D/SlideManagerRootImpl(  309): stop = 1
I/SurfaceTexture(   87): Current total buffer count= 3, mSynchronousMode=1
I/SurfaceTexture(   87): Query min-undequeue size=1
W/InputManagerService(  153): Starting input on non-focused client com.android.internal.view.IInputMethodClient$Stub$Proxy@411aebf8 (uid=1000 pid=930)
D/OpenGLRenderer(  930): Flushing caches (mode 0)
D/wpa_supplicant(  617): Scan requested (ret=0) - scan timeout 30 seconds
W/NetworkManagementSocketTagger(  153): setKernelCountSet(1000, 0) failed with errno -2
D/OpenGLRenderer(  930): Flushing caches (mode 1)
D/wpa_supplicant(  617): RTM_NEWLINK: operstate=0 ifi_flags=0x11003 ([UP][LOWER_UP])
D/wpa_supplicant(  617): RTM_NEWLINK, IFLA_IFNAME: Interface 'wlan0' added
D/wpa_supplicant(  617): Wireless event: cmd=0x8b19 len=8
D/wpa_supplicant(  617): Received 1819 bytes of scan results (10 BSSes)
D/wpa_supplicant(  617): Add randomness: count=111 entropy=110
D/wpa_supplicant(  617): Add randomness: count=112 entropy=111
D/wpa_supplicant(  617): Add randomness: count=113 entropy=112
D/wpa_supplicant(  617): Add randomness: count=114 entropy=113
D/wpa_supplicant(  617): Add randomness: count=115 entropy=114
D/wpa_supplicant(  617): Add randomness: count=116 entropy=115
D/wpa_supplicant(  617): Add randomness: count=117 entropy=116
D/wpa_supplicant(  617): Add randomness: count=118 entropy=117
D/wpa_supplicant(  617): Add randomness: count=119 entropy=118
D/wpa_supplicant(  617): Add randomness: count=120 entropy=119
D/wpa_supplicant(  617): WPS: WFA subelement id=0 len=1
D/wpa_supplicant(  617): WPS: WFA subelement id=0 len=1
D/wpa_supplicant(  617): WPS: WFA subelement id=0 len=1
D/wpa_supplicant(  617): WPS: WFA subelement id=0 len=1
D/wpa_supplicant(  617): WPS: WFA subelement id=0 len=1
D/wpa_supplicant(  617): WPS: WFA subelement id=0 len=1
D/wpa_supplicant(  617): WPS: WFA subelement id=0 len=1
D/wpa_supplicant(  617): WPS: WFA subelement id=0 len=1
D/wpa_supplicant(  617): WPS: WFA subelement id=0 len=1
D/wpa_supplicant(  617): Ignore event for foreign ifindex 5
E/NetlinkListener(   85): recvmsg mBuffer:
E/NetlinkListener(   85):  (8)
D/WifiHW  (  153): Received event is CTRL-EVENT-SCAN-RESULTS 
D/wifi    (  153): [buf=CTRL-EVENT-SCAN-RESULTS ]
D/wifi    (  153): android_net_wifi_waitForEvent
D/WifiHW  (  153): Received event is WPS-AP-AVAILABLE 
D/wifi    (  153): [buf=WPS-AP-AVAILABLE ]
D/wifi    (  153): android_net_wifi_waitForEvent
D/StateMachine(  153): handleMessage: E msg.what=147461
D/StateMachine(  153): processMsg: DisconnectedState
D/WifiStateMachine(  153): DisconnectedState{ what=147461 when=-1ms }
D/StateMachine(  153): processMsg: ConnectModeState
D/WifiStateMachine(  153): ConnectModeState{ what=147461 when=-1ms }haixia---->ConnectModeState processMessage
D/WifiStateMachine(  153): log log log log log test ConnectModeState processMessage
D/WifiHW  (  153): send cmd is AP_SCAN 1 
D/StateMachine(  153): processMsg: DriverStartedState
D/WifiStateMachine(  153): DriverStartedState{ what=147461 when=-2ms }haixixa processMessage 
E/WifiStateMachine(  153): log log log log log test DriverStartedState processMessage
D/StateMachine(  153): processMsg: SupplicantStartedState
D/WifiStateMachine(  153): SupplicantStartedState{ what=147461 when=-2ms }
D/WifiHW  (  153): send cmd is SCAN_RESULTS 
D/wpa_supplicant(  617): WPS: WFA subelement id=0 len=1
D/wpa_supplicant(  617): WPS: WFA subelement id=0 len=1
D/wpa_supplicant(  617): WPS: WFA subelement id=0 len=1
D/wpa_supplicant(  617): WPS: WFA subelement id=0 len=1
D/wpa_supplicant(  617): WPS: WFA subelement id=0 len=1
D/wpa_supplicant(  617): WPS: WFA subelement id=0 len=1
D/wpa_supplicant(  617): WPS: WFA subelement id=0 len=1
D/wpa_supplicant(  617): WPS: WFA subelement id=0 len=1
D/wpa_supplicant(  617): WPS: WFA subelement id=0 len=1
I//system/bin/wpa_supplicant(  615): group_cipher = 8
I//system/bin/wpa_supplicant(  615): group_cipher = 8
I//system/bin/wpa_supplicant(  615): group_cipher = 8
I//system/bin/wpa_supplicant(  615): group_cipher = 8
I//system/bin/wpa_supplicant(  615): group_cipher = 8
I//system/bin/wpa_supplicant(  615): group_cipher = 8
I//system/bin/wpa_supplicant(  615): group_cipher = 8
I//system/bin/wpa_supplicant(  615): group_cipher = 8
I//system/bin/wpa_supplicant(  615): group_cipher = 8
I//system/bin/wpa_supplicant(  615): group_cipher = 8
D/wifi    (  153): android_net_wifi_check
D/WifiHW  (  153): wifi0_check 
D/StateMachine(  153): handleMessage: X
