W/ASFExtractor(  744): ASF Object: 26f18b5d-8445-ec47-9f5f0e651f0452c9, 26 bytes
W/ASFExtractor(  744): GUID: c5f8cbea-af5b-7748-8467aa8c44fa4cca
W/ASFExtractor(  744): ASF Object: c5f8cbea-af5b-7748-8467aa8c44fa4cca, 122 bytes
W/ASFExtractor(  744): WMA pro number 2
W/ASFExtractor(  744): WMA DRCStreamTempID 1
W/ASFExtractor(  744): field name len 12
W/ASFExtractor(  744): field len 2
W/ASFExtractor(  744): WMA DRCStreamTempID 1
W/ASFExtractor(  744): field name len 52
W/ASFExtractor(  744): field len 6
W/ASFExtractor(  744): GUID: 1806d474-dfca-0945-a4ba9aabcb96aae8
W/ASFExtractor(  744): ASF Object: 1806d474-dfca-0945-a4ba9aabcb96aae8, 3952 bytes
W/ASFExtractor(  744): GUID: 14e6a5cb-72c6-3243-8399a96952065b5a
W/ASFExtractor(  744): ASF Object: 14e6a5cb-72c6-3243-8399a96952065b5a, 88 bytes
W/ASFExtractor(  744): start time: 0.0
W/ASFExtractor(  744): end time: 0.0
W/ASFExtractor(  744): data bitrate 96024
W/ASFExtractor(  744): buffer size 1579
W/ASFExtractor(  744): init buf fullness 0
W/ASFExtractor(  744): data bitrate 96024
W/ASFExtractor(  744): buffer size2 1579
W/ASFExtractor(  744): init buf fullness2 0
W/ASFExtractor(  744): max obj size 4459
W/ASFExtractor(  744): flag 2
W/ASFExtractor(  744): stream number 1
W/ASFExtractor(  744): language index 0
W/ASFExtractor(  744): Avg time per frame 3684740
W/ASFExtractor(  744): stream name count 0
W/ASFExtractor(  744): number payload ext 0
W/ASFExtractor(  744): GUID: d9aade20-177c-9c4f-bc288555dd98e2a2
W/ASFExtractor(  744): Unknown ASF Object: d9aade20-177c-9c4f-bc288555dd98e2a2, 34 bytes
W/ASFExtractor(  744): ASF Object: d9aade20-177c-9c4f-bc288555dd98e2a2, 34 bytes
W/ASFExtractor(  744): GUID: d2d0a440-07e3-d211-97f000a0c95ea850
W/ASFExtractor(  744): ASF Object: d2d0a440-07e3-d211-97f000a0c95ea850, 166 bytes
W/ASFExtractor(  744): GUID: 86d15240-1d31-d011-a3a400a0c90348f6
W/ASFExtractor(  744): ASF Object: 86d15240-1d31-d011-a3a400a0c90348f6, 174 bytes
W/ASFExtractor(  744): GUID: b7dc0791-b7a9-cf11-8ee600c00c205365
W/ASFExtractor(  744): ASF Object: b7dc0791-b7a9-cf11-8ee600c00c205365, 114 bytes
W/ASFExtractor(  744): flag: 1
W/ASFExtractor(  744): GUID: f8699e40-4d5b-cf11-a8fd00805f5c442b
W/ASFExtractor(  744): format tag: 0x161
W/ASFExtractor(  744): channel: 2
W/ASFExtractor(  744): sample per second: 44100
W/ASFExtractor(  744): Average bytes per second: 12003
W/ASFExtractor(  744): block align: 4459
W/ASFExtractor(  744): bits per sample: 16
W/ASFExtractor(  744): extra data size: 10
W/ASFExtractor(  744): sample per block: 34816
W/ASFExtractor(  744): encode opt: 15
W/ASFExtractor(  744): GUID: 7bf875ce-8d46-d111-8d82006097c9a2b2
W/ASFExtractor(  744): ASF Object: 7bf875ce-8d46-d111-8d82006097c9a2b2, 32 bytes
W/ASFExtractor(  744): GUID: 75b22636-8e66-cf11-a6d900aa0062ce6c
W/ASFExtractor(  744): ASF Object: 75b22636-8e66-cf11-a6d900aa0062ce6c, 2945490 bytes
W/ASFExtractor(  744): GUID: 96b3b148-c8a6-6e4f-89dc80eb8c83801c
W/ASFExtractor(  744): add audio codec id: 0x161
D/MediaPlayerService(  744): countTracks = 1
D/MediaPlayerService(  744): mime = audio/x-ms-wma
D/MediaPlayerService(  744): videoCnt = 0, audioCnt = 1
D/MediaPlayerService(  744):  Create MstarPlayer
D/MstarPlayer(  744): Create MstarPlayer:0x254d0,Version:Release Mstar player lib Version:0015,Base CL:690305  Date:2012/11/06
D/MstarPlayer(  744): TV Local Time :  Tue Jan  2 04:02:26 2007
D/MstarPlayer(  744):  
D/MstarPlayer(  744): setInstance: 0x254d0
D/SystemClock( 1075): Setting time of day to sec=1367213614
D/MstarPlayer(  744): mstar player set listener
D/MstarPlayer(  744): MstarPlayer::initCheck
D/MstarPlayer(  744): MstarPlayer::setDataSource(12, 680232, 2950417)
D/MstarPlayer(  744): MstarPlayer::clearAllSource
D/FileContentSource(  744): file path /system/app/ADF.CIBN_out.apk
D/FileContentSource(  744): file content initcheck
D/MstarPlayer(  744): MstarPlayer::createSubtitleSource
D/MstarPlayer(  744): file path1 /system/app/ADF.CIBN_out.apk
D/FileContentSource(  744): file path /system/app/ADF.CIBN_out.apk
D/FileContentSource(  744): file content source addr 0x34230,file handle 0x414eb380
D/FileContentSource(  744): file content initcheck
D/MstarPlayer(  744): MstarPlayer::createAttachmentSource
D/MstarPlayer(  744): file path2 /system/app/ADF.CIBN_out.apk
D/FileContentSource(  744): file path /system/app/ADF.CIBN_out.apk
D/FileContentSource(  744): file content source addr 0x342b0,file handle 0x414eb3d8
D/FileContentSource(  744): file content initcheck
D/MstarPlayer(  744): MstarPlayer::createAudioSource
D/MstarPlayer(  744): file path2 /system/app/ADF.CIBN_out.apk
D/FileContentSource(  744): file path /system/app/ADF.CIBN_out.apk
D/FileContentSource(  744): file content source addr 0x34330,file handle 0x414eb430
D/FileContentSource(  744): file content initcheck
D/MediaPlayerService(  744): [1] setVideoSurfaceTexture(0x0)
D/MstarPlayer(  744): MstarPlayer::prepareAsync
D/MstarPlayer(  744): MstarPlayer::doPrepare
D/FileContentSource(  744): file content seekat,offset=0
D/FileContentSource(  744): file content seekat,offset=0
D/FileContentSource(  744): file content seekat,offset=0
D/MstarPlayer(  744): create MSrv_MM_PlayerInterface
D/MstarPlayer(  744): ===> GET source FILE Size 2950417 
D/MstarPlayer(  744): play content is audio
D/MMPlayer(  744): constructor: 0x345f8
D/MMPlayer(  744): 
D/MMPlayer(  744): connect
D/MMPlayer(  744): 
D/MMPlayer(  744): getMMPlayerService
D/IMMPlayerService(  744): Send CONNECT
D/dalvikvm( 1609): DexOpt: load 8ms, verify+opt 91ms
D/MMPlayer(  744): bitstream buffer: mmapInfo->u32Addr=16d40000
D/MMPlayer(  744): bitstream buffer ex: mmapInfo->u32Addr=16940000
D/MMPlayer(  744): subtitle bitstream buffer: mmapInfo->u32Addr=16740000
D/MMPlayer(  744): subtitle buffer: mmapInfo->u32Addr=17140000
D/IMMPlayer(  744): Send INITIALIZE
I//lib/ld-linux.so.3(  748): V/MMPlayerService( 754 1032): MMPlayerService::connect(callingPid 744, client 0x2a061e98)
I//lib/ld-linux.so.3(  748): V/MMPlayerService( 7
54 1032): MMPlayerService::Client constructor(callingPid 744)
I//lib/ld-linux.so.3(  748): MMPlayerService::Client::MM_Initialize()
I/dalvikvm( 1075): DexOpt: mismatch dep signature for '/data/dalvik-cache/system@framework@framework.jar@classes.dex'
I/PackageManager( 1075): Running dexopt on: com.android.providers.downloads
I//lib/ld-linux.so.3(  748): MSrv_MM_PhotoPlayer::Initialize().
I//lib/ld-linux.so.3(  748): mapi_cpcodec::Initialize(). eDecoderPath:2
I//lib/ld-linux.so.3(  748): Thread name: mapi_cpcodec.
I//lib/ld-linux.so.3(  748): MIU interval 0x60000000.
I//lib/ld-linux.so.3(  748): E_MMAP_ID_XC_MAIN_FB PA: 0x17bc1000, VA: 0x457c1000, size: 0x1800000, IsMIU0: 1.
I//lib/ld-linux.so.3(  748): E_MMAP_ID_PHOTO_SHAREMEM PA: 0x167bc000, VA: 0x443bc000, size: 0x400, IsMIU0: 1.
I//lib/ld-linux.so.3(  748): E_MMAP_ID_JPD_READ PA: 0x167bc400, VA: 0x443bc400, size: 0x50080, IsMIU0: 1.
I//lib/ld-linux.so.3(  748): E_MMAP_ID_JPD_WRITE PA: 0x1680c480, VA: 0x4440c480, size: 0x3fc000, IsMIU0: 1.
I//lib/ld-linux.so.3(  748): E_MMAP_ID_PHOTO_DISPLAY PA: 0x163c0000, VA: 0x43fc0000, size: 0x3fc000, IsMIU0: 1.
I//lib/ld-linux.so.3(  748): E_MMAP_ID_PHOTO_INTER PA: 0x16c08480, VA: 0x44808480, size: 0x630000, IsMIU0: 1.
I//lib/ld-linux.so.3(  748): E_MMAP_ID_PHOTO_MPO_INTER PA: 0x17238480, VA: 0x44e38480, size: 0x3fc000, IsMIU0: 1.
I//lib/ld-linux.so.3(  748): E_MMAP_ID_VDPLAYER_DATA PA: 0x163c0000, VA: 0x43fc0000, size: 0x1000, IsMIU0: 1.
I//lib/ld-linux.so.3(  748): E_MMAP_ID_VDPLAYER_BITSTREAM PA: 0x16d40000, VA: 0x44940000, size: 0x400000, IsMIU0: 1.
I//lib/ld-linux.so.3(  748): E_MMAP_ID_VDPLAYER_BITSTREAM_EXT PA: 0x16940000, VA: 0x44540000, size: 0x400000, IsMIU0: 1.
I//lib/ld-linux.so.3(  748): E_MMAP_ID_SUBTITLE PA: 0x16740000, VA: 0x44340000, size: 0x1e0000, IsMIU0: 1.
I//lib/ld-linux.so.3(  748): E_MMAP_ID_MAD_DEC PA: 0x15c40000, VA: 0x43840000, size: 0x280000, IsMIU0: 1.
I//lib/ld-linux.so.3(  748): E_MMAP_ID_VDEC_CPU PA: 0x1b800000, VA: 0x49400000, size: 0x200000, IsMIU0: 1.
I//lib/ld-linux.so.3(  748): E_MMAP_ID_VDEC_FRAMEBUFFER PA: 0x1ba00000, VA: 0x49600000, size: 0x1b00000, IsMIU0: 1.
I//lib/ld-linux.so.3(  748): E_MMAP_ID_VDEC_FRAMEBUFFERSD PA: 0x1ba00000, VA: 0x49600000, size: 0x1b00000, IsMIU0: 1.
I//lib/ld-linux.so.3(  748): E_MMAP_ID_VDEC_BITSTREAM PA: 0x1d500000, VA: 0x4b100000, size: 0x800000, IsMIU0: 1.
I//lib/ld-linux.so.3(  748): E_MMAP_ID_VDEC_MVC_FRAMEBUFFER PA: 0x1ba00000, VA: 0x49600000, size: 0x2b00000, IsMIU0: 1.
I//lib/ld-linux.so.3(  748): E_MMAP_ID_VDEC_MVC_BITSTREAM PA: 0x1e500000, VA: 0x4c100000, size: 0x1600000, IsMIU0: 1.
I//lib/ld-linux.so.3(  748): E_MMAP_ID_DMX_SECBUF PA: 0xd0000, VA: 0x411d0000, size: 0x70000, IsMIU0: 1.
I//lib/ld-linux.so.3(  748): ???????? Important,The MMAP ID(110) does not existed!, please check it...
I//lib/ld-linux.so.3(  748): ???????? Please update the right system configure...
I//lib/ld-linux.so.3(  748): ???????? Important,The MMAP ID(111) does not existed!, please check it...
I//lib/ld-linux.so.3(  748): ???????? Please update the right system configure...
I//lib/ld-linux.so.3(  748): Panel width: 1280, heigt: 720.
I//lib/ld-linux.so.3(  748): MPO SBS width: 1792, heigt: 504.
I//lib/ld-linux.so.3(  748): Output Buffer start: 0x4440c480, BUS address start: 0x5680c480, size: 0x3fc000.
I//lib/ld-linux.so.3(  748): Display Buffer start: 0x43fc0000, BUS address start: 0x563c0000, size: 0x3fc000.
I//lib/ld-linux.so.3(  748): Internal Buffer start: 0x44808480, BUS address start: 0x56c08480, size: 0x630000.
I//lib/ld-linux.so.3(  748): MPO Internal Buffer start: 0x44e38480, BUS address start: 0x57238480, size: 0x3fc000.
I//lib/ld-linux.so.3(  748): MSrv_MM_PhotoPlayer::Initialize() Done.
I//lib/ld-linux.so.3(  748): >>> MSrv_MM_VideoPlayer  Initialize 
I//lib/ld-linux.so.3(  748): mapi_cpcodec::Initialize(). eDecoderPath:2
I//lib/ld-linux.so.3(  748): ******Amplifier_TI5707_SWMute(0)
I//lib/ld-linux.so.3(  748): 5707write fail = 7
I//lib/ld-linux.so.3(  748): 5707write fail = 7
I//lib/ld-linux.so.3(  748): 5707write fail = 7
I//lib/ld-linux.so.3(  748): 5707write fail = 7
I//lib/ld-linux.so.3(  748): 5707write fail = 6
D/IMMPlayer(  744): Get ret:0
D/IMMPlayer(  744): Send PLAYER_COMMAND_ADD_EVENT_RECIPIENT_FPTR
D/IMMPlayer(  744): Get ret:1
D/IMMPlayer(  744): Send MM_SetPlayerTimeOutValue
D/IMMPlayer(  744): pTimeOutInfo->u32FileIOTimeOut:0
D/IMMPlayer(  744): pTimeOutInfo->u32FileReadTimeOut:0
D/IMMPlayer(  744): pTimeOutInfo->u32FileSeekTimeOut:0
D/IMMPlayer(  744): pTimeOutInfo->u32DecodeCtrlTimeOut:0
D/IMMPlayer(  744): pTimeOutInfo->u32ESBuffCtrlTimeOut:0
D/IMMPlayer(  744): Get ret:0
D/IMMPlayer(  744): Send MM_CreateAudioSHM
D/IMMPlayer(  744): stMedia.u32FileID:1095676712
D/IMMPlayer(  744): stMedia.u32FileSecondID:0
D/IMMPlayer(  744): stMedia.u32FileThirdID:0
D/IMMPlayer(  744): stMedia.u32FileFourthID:0
D/IMMPlayer(  744): stMedia.u64FileLength:2950417
D/IMMPlayer(  744): stMedia.eMediaType:1
D/IMMPlayer(  744): stMedia.eMediaFileType:1
D/IMMPlayer(  744): stMedia.eMediaCreateMode:0
D/IMMPlayer(  744): stMedia.u32CtlFlag:2
D/IMMPlayer(  744): Get ret:0
D/IMMPlayer(  744): Send MM_CreateMediaItem
D/IMMPlayer(  744): stMedia.u32FileID:1095676712
D/IMMPlayer(  744): stMedia.u32FileSecondID:0
D/IMMPlayer(  744): stMedia.u32FileThirdID:0
D/IMMPlayer(  744): stMedia.u32FileFourthID:0
D/IMMPlayer(  744): stMedia.u64FileLength:2950417
D/IMMPlayer(  744): stMedia.eMediaType:1
D/IMMPlayer(  744): stMedia.eMediaFileType:1
D/IMMPlayer(  744): stMedia.eMediaCreateMode:0
D/IMMPlayer(  744): stMedia.u32CtlFlag:2
D/IMMPlayer(  744): Get ret:0
D/MstarPlayer(  744): media item 0x1
D/MstarPlayer(  744): MstarPlayer::doPrepare done
I//lib/ld-linux.so.3(  748): Panel width: 01280, heigt: 720.
I//lib/ld-linux.so.3(  748): Thread name: MM_Audio.
I//lib/ld-linux.so.3(  748): Thread name: MM_Audio.
D/MstarPlayer(  744): 00File size: 2950417, pos : 0  Seek position: 0.
D/MstarPlayer(  744): No need seek!!
I//lib/ld-linux.so.3(  748): ===== Check Audio Decoder Protection from hash-key IP =====
I//lib/ld-linux.so.3(  748): Hash-key Support DD.
I//lib/ld-linux.so.3(  748): Hash-key Support DD+.
I//lib/ld-linux.so.3(  748): Hash-key Support Generic HE-AAC !!
I//lib/ld-linux.so.3(  748): Hash-key Support WMA.
I//lib/ld-linux.so.3(  748): Hash-key Support DRA.
I//lib/ld-linux.so.3(  748): ===== Check Protection IP End                         =====
I//lib/ld-linux.so.3(  748): ========WMA Codec========
I//lib/ld-linux.so.3(  748): ******Amplifier_TI5707_SWMute(0)
I//lib/ld-linux.so.3(  748): 5707write fail = 7
I//lib/ld-linux.so.3(  748): 5707write fail = 7
I//lib/ld-linux.so.3(  748): 5707write fail = 7
I//lib/ld-linux.so.3(  748): 5707write fail = 7
I//lib/ld-linux.so.3(  748): 5707write fail = 6
D/MstarPlayer(  744): Get E_EVENT_INIT_OK event.
D/IMMPlayer(  744): Send MM_EnableSubtitleShow
D/IMMPlayer(  744): u32Item:1
D/IMMPlayer(  744): bEnable:1
D/IMMPlayer(  744): Get ret:1
D/MstarPlayer(  744): <<<<<set init done flag
I//lib/ld-linux.so.3(  748): @@@MSrv_System_Database::GetAudioSettingSample Rate: 44100.
I//lib/ld-linux.so.3(  748): Bit Rate: 96.
I//lib/ld-linux.so.3(  748): Duration: 243.
D/MstarPlayer(  744): <<<<<<<<<Init done
D/MediaPlayerService(  744): [1] notify (0x23a68, 1, 0, 0)
D/MstarPlayer(  744): MstarPlayer::setLooping=0
D/IMMPlayer(  744): Send MM_SetLoop
D/IMMPlayer(  744): u32Item:1
D/IMMPlayer(  744): bLoop:0 
D/IMMPlayer(  744): Get ret:0
D/MstarPlayer(  744): playerType
D/MstarPlayer(  744): MstarPlayer::setLooping=0
D/IMMPlayer(  744): Send MM_SetLoop
D/IMMPlayer(  744): u32Item:1
D/IMMPlayer(  744): bLoop:0 
D/IMMPlayer(  744): Get ret:0
D/IMMPlayer(  744): Send MM_Play
D/IMMPlayer(  744): u32Item:1
D/dalvikvm( 1612): DexOpt: load 48ms, verify+opt 317ms
D/IMMPlayer(  744): Get ret:0
D/MstarPlayer(  744): MstarPlayer::stop
D/MstarPlayer(  744): request to exit async thread
D/MstarPlayer(  744): exit async proc thread
D/IMMPlayer(  744): Send MM_Stop
D/IMMPlayer(  744): u32Item:1
D/IMMPlayer(  744): Get ret:0
D/IMMPlayer(  744): Send MM_DeleteMediaItem
D/IMMPlayer(  744): u32Item:1
D/IMMPlayer(  744): Get ret:0
D/IMMPlayer(  744): Send MM_DeleteAudioSHM
D/IMMPlayer(  744): u32Item:1
D/IMMPlayer(  744): Get ret:0
D/IMMPlayer(  744): Send PLAYER_COMMAND_REMOVE_EVENT_RECIPIENT_FPTR
D/IMMPlayer(  744): Get ret:1
D/IMMPlayer(  744): Send FINALIZE
I//lib/ld-linux.so.3(  748): MMPlayerService::Client::MM_Finalize()
I//lib/ld-linux.so.3(  748): MSrv_MM_PhotoPlayer::Finalize().
I//lib/ld-linux.so.3(  748): mapi_cpcodec::Finalize().
I//lib/ld-linux.so.3(  748): mapi_cpcodec::Finalize().
I//lib/ld-linux.so.3(  748): Do mapi_cpcodec::Finalize().
I/dalvikvm( 1075): DexOpt: mismatch dep signature for '/data/dalvik-cache/system@framework@framework.jar@classes.dex'
I/PackageManager( 1075): Running dexopt on: com.android.providers.drm
D/IMMPlayer(  744): Get ret:0
D/MMPlayer(  744): disconnect
D/MMPlayer(  744): 
D/IMMPlayer(  744): Send DISCONNECT
D/MMPlayer(  744): destructor: 0x345f8
D/MMPlayer(  744): 
D/MMPlayer(  744): disconnect
D/MMPlayer(  744): 
D/MstarPlayer(  744): MstarPlayer::clearAllSource
D/FileContentSource(  744): FileContentSource::~FileContentSource()
D/FileContentSource(  744): FileContentSource::~FileContentSource()
D/FileContentSource(  744): FileContentSource::~FileContentSource()
D/FileContentSource(  744): FileContentSource::~FileContentSource()
D/MstarPlayer(  744): setInstance: 0x0
D/MstarPlayer(  744): ==========MstarPlayer::reset : 0x254d0==========
D/MstarPlayer(  744): MstarPlayer::clearAllSource
D/MstarPlayer(  744): setInstance: 0x0
D/MstarPlayer(  744): reset done
D/MstarPlayer(  744): 
D/MstarPlayer(  744): =======Destroy mstar player  : 0x254d0========
I//lib/ld-linux.so.3(  748): MM_Finalize done
I//lib/ld-linux.so.3(  748): V/MMPlayerService( 754 1032): disconnect(callingPid 744, clientPid 744)
I//lib/ld-linux.so.3(  748): V/MMPlayerService( 754 1032): Disconnet finalize OK.
I//lib/ld-linux.so.3(  748): V/MMPlayerService( 754 1032): removeClient(callingPid 744)
I//lib/ld-linux.so.3(  748): V/MMPlayerService( 754 1034): MMPlayerService::Client destructor(callingPid 744)
D/BootReceiver( 1558): startOtOService
D/dalvikvm( 1618): DexOpt: load 5ms, verify+opt 13ms
V/OtOService( 1558): onCreate
I/Zygote  (  742): Preloading classes...
I/ActivityManager( 1075): Start proc com.aidufei.cibn.uploadchecker for broadcast com.aidufei.cibn.uploadchecker/.receiver.BootedReceiver: pid=1620 uid=10002 gids={3003}
D/Tethering( 1075): MasterInitialState.processMessage what=3
I/ActivityThread( 1591): Pub media: com.android.providers.media.MediaProvider
I/ActivityThread( 1576): Pub contacts;com.android.contacts: com.android.providers.contacts.ContactsProvider2
D/dalvikvm(  742): GC_EXPLICIT freed 146K, 77% free 1155K/4995K, paused 1ms+10ms
D/Tethering( 1075): MasterInitialState.processMessage what=3
I/test    ( 1558): result: null
I/test    ( 1558): null
D/dalvikvm( 1075): DexOpt: incorrect opt magic number (0xff ff ff ff)
I/PackageManager( 1075): Running dexopt on: com.aidufei.cibn.uploadchecker
W/MountService( 1075): getVolumeState(/mnt/sdcard): Unknown volume
I/ActivityThread( 1591): Pub downloads: com.android.providers.downloads.DownloadProvider
D/dalvikvm( 1591): GC_CONCURRENT freed 226K, 83% free 828K/4803K, paused 1ms+1ms
D/dalvikvm( 1558): GC_CONCURRENT freed 343K, 83% free 866K/4931K, paused 2ms+2ms
I/Zygote  (  742): ...preloaded 19 classes in 309ms.
D/dalvikvm( 1576): GC_CONCURRENT freed 211K, 79% free 1077K/4995K, paused 1ms+1ms
D/dalvikvm( 1636): DexOpt: load 24ms, verify+opt 177ms
I/ActivityThread( 1620): Pub com.aidufei.cibn.auth: com.aidufei.cibn.uploadchecker.contentprovider.AuthResultProvider
I/ActivityManager( 1075): Start proc com.android.phone for content provider com.android.providers.telephony/.TelephonyProvider: pid=1638 uid=1001 gids={1015}
I/Zygote  (  742): Preloading classes...
I/ActivityThread( 1591): Pub drm: com.android.providers.drm.DrmProvider
I/DownloadManager( 1591): in removeSpuriousFiles
D/dalvikvm( 1558): GC_CONCURRENT freed 223K, 78% free 1152K/5123K, paused 1ms+1ms
D/dalvikvm(  742): GC_EXPLICIT freed 164K, 73% free 1500K/5379K, paused 9ms+7ms
D/dalvikvm( 1638): GC_CONCURRENT freed 162K, 73% free 1500K/5379K, paused 2ms+2ms
I/FeiApplication( 1558): SystemPropertiesClass:class android.os.SystemProperties
W/FeiApplication( 1558): ~~~~~~~~~~~~~~~~~~~~~~method:public static java.lang.String android.os.SystemProperties.get(java.lang.String,java.lang.String)
W/FeiApplication( 1558): ~~~~~~~~~~~~~~~~~~~~~~returnvalue:SmartBoxghj
D/dalvikvm( 1075): GC_EXPLICIT freed 425K, 66% free 3310K/9731K, paused 2ms+10ms
I/DownloadManager( 1591): deleting spurious file /cache/data
I/DownloadManager( 1591): deleting spurious file /cache/cyweebuf
W/Zygote  (  742): Class not found for preloading: android.text.TextDirectionHeuristics$CharCount
D/dalvikvm( 1558): GC_CONCURRENT freed 412K, 77% free 1262K/5379K, paused 1ms+5ms
W/Zygote  (  742): Class not found for preloading: android.text.method.WordIterator$1
E/DeviceAnnounce( 1558): DeviceAnnounce
I/Zygote  (  742): ...preloaded 171 classes in 301ms.
I/Zygote  (  742): Preloading classes...
I/ActivityManager( 1075): Start proc com.coship.HS for broadcast com.coship.HS/.AutoStartReceiver: pid=1654 uid=1000 gids={3003, 1015, 3002, 3001, 3004}
I/dalvikvm( 1075): DexOpt: mismatch dep signature for '/data/dalvik-cache/system@framework@framework.jar@classes.dex'
I/Pac[   69.439315] IR: [03932] scan key value is 0xea15c936 
[   69.439320]  kageManager( 1075): Running dexopt on: com.android.providers.telephony

[   69.491797] IR: [03932] scan key value is 0xea15c936 
[   69.491803]  D/dalvikvm(  742): GC_EXPLICIT freed 174K, 72% free 1552K/5443K, paused 16ms+19ms
D/dalvikvm( 1576): GC_CONCURRENT freed 206K, 76% free 1306K/5251K, paused 1ms+11ms

[   69.599884] IR: [03932] scan key value is 0xea15c936 
[   69.599888]  D/dalvikvm( 1620): GC_CONCURRENT freed 228K, 76% free 1306K/5251K, paused 2ms+2ms
D/dalvikvm( 1660): DexOpt: load 60ms, verify+opt 144ms
E/OtOService( 1558): onStart
I/FeiApplication( 1558): SystemPropertiesClass:class android.os.SystemProperties
W/FeiApplication( 1558): ~~~~~~~~~~~~~~~~~~~~~~method:public static java.lang.String android.os.SystemProperties.get(java.lang.String,java.lang.String)
W/FeiApplication( 1558): ~~~~~~~~~~~~~~~~~~~~~~returnvalue:SmartBoxghj
I/ActivityThread( 1576): Pub call_log: com.android.providers.contacts.CallLogProvider
I/ActivityThread( 1576): Pub user_dictionary: com.android.providers.userdictionary.UserDictionaryProvider
D/DeviceAnnounce( 1558): resetSocket
I/ActivityThread( 1638): Pub mms: com.android.providers.telephony.MmsProvider
I/ActivityThread( 1638): Pub sms: com.android.providers.telephony.SmsProvider
I/ActivityThread( 1638): Pub telephony: com.android.providers.telephony.TelephonyProvider
W/TelephonyProvider( 1638): onCreate: confFile=/system/etc/apns-conf.xml oldCheckSum=-1
I/ActivityThread( 1638): Pub mms-sms: com.android.providers.telephony.MmsSmsProvider
I/dalvikvm(  742): threadid=1: recursive native library load attempt (/system/lib/libwebcore.so)
D/dalvikvm(  742): No JNI_OnLoad found in /system/lib/libchromium_net.so 0x0, skipping init
D/ServerAdapter( 1558): resetDeviceAnnounce
W/MediaPlayer.java( 1558): mediaplayer went away with unhandled events
E/OtOService( 1558): onStart
I/FeiApplication( 1558): SystemPropertiesClass:class android.os.SystemProperties
W/FeiApplication( 1558): ~~~~~~~~~~~~~~~~~~~~~~method:public static java.lang.String android.os.SystemProperties.get(java.lang.String,java.lang.String)
W/FeiApplication( 1558): ~~~~~~~~~~~~~~~~~~~~~~returnvalue:SmartBoxghj
I/dalvikvm( 1075): DexOpt: source file CRC mismatch (b7ea3425 vs 648909cc)
I/PackageManager( 1075): Running dexopt on: com.coship.HS
D/dalvikvm( 1558): GC_CONCURRENT freed 539K, 77% free 1270K/5507K, paused 0ms+2ms
D/DeviceAnnounce( 1558): resetSocket
I/Zygote  (  742): ...preloaded 120 classes in 842ms.
D/ServerAdapter( 1558): resetDeviceAnnounce
D/dalvikvm( 1558): GC_CONCURRENT freed 502K, 79% free 1174K/5507K, paused 1ms+1ms
D/dalvikvm( 1675): DexOpt: load 13ms, verify+opt 54ms
D/HSBootReceiver( 1654): start BluetoothHeadsetEventService 
D/HSEventMonitorService( 1654): start BluetoothHeadsetService 
I/Zygote  (  742): Preloading classes...
D/dalvikvm( 1075): GREF has increased to 401
I/ActivityManager( 1075): Start proc com.android.providers.calendar for broadcast com.android.providers.calendar/.CalendarReceiver: pid=1677 uid=10007 gids={3003, 1015}
D/BluetoothHeadsetBroadcastReceiver( 1654): - Got BluetoothHeadset: null
D/Bluetooth HSHFP( 1654): Starting BluetoothHeadsetService
D/BluetoothHeadsetBroadcastReceiver( 1654): - Got BluetoothHeadset: android.bluetooth.BluetoothHeadset@41505150
D/dalvikvm(  742): GC_EXPLICIT freed 178K, 71% free 1605K/5507K, paused 1ms+9ms
D/dalvikvm( 1654): GC_CONCURRENT freed 268K, 72% free 1616K/5635K, paused 2ms+2ms
I/dalvikvm( 1075): DexOpt: mismatch dep signature for '/data/dalvik-cache/system@framework@framework.jar@classes.dex'
I/PackageManager( 1075): Running dexopt on: com.android.providers.calendar
W/Zygote  (  742): Class not found for preloading: android.widget.EdgeGlow
E/PhonePolicy(  742): Could not preload class for phone policy: com.android.internal.policy.impl.PhoneWindow$ContextMenuCallback
I/Zygote  (  742): ...preloaded 172 classes in 301ms.
D/dalvikvm(  742): GC_EXPLICIT freed 271K, 71% free 1695K/5699K, paused 1ms+1ms
D/dalvikvm(  742): GC_EXPLICIT freed 2K, 71% free 1692K/5699K, paused 1ms+2ms
D/dalvikvm(  742): GC_EXPLICIT freed <1K, 71% free 1692K/5699K, paused 2ms+2ms
D/dalvikvm( 1692): DexOpt: 'Lcom/android/i18n/phonenumbers/AsYouTypeFormatter;' has an earlier definition; blocking out
D/dalvikvm( 1692): DexOpt: 'Lcom/android/i18n/phonenumbers/CountryCodeToRegionCodeMap;' has an earlier definition; blocking out
D/dalvikvm( 1692): DexOpt: 'Lcom/android/i18n/phonenumbers/NumberParseException$ErrorType;' has an earlier definition; blocking out
D/dalvikvm( 1692): DexOpt: 'Lcom/android/i18n/phonenumbers/NumberParseException;' has an earlier definition; blocking out
D/dalvikvm( 1692): DexOpt: 'Lcom/android/i18n/phonenumbers/PhoneNumberMatch;' has an earlier definition; blocking out
D/dalvikvm( 1692): DexOpt: 'Lcom/android/i18n/phonenumbers/PhoneNumberMatcher$State;' has an earlier definition; blocking out
D/dalvikvm( 1692): DexOpt: 'Lcom/android/i18n/phonenumbers/PhoneNumberMatcher;' has an earlier definition; blocking out
D/dalvikvm( 1692): DexOpt: 'Lcom/android/i18n/phonenumbers/PhoneNumberUtil$1;' has an earlier definition; blocking out
D/dalvikvm( 1692): DexOpt: 'Lcom/android/i18n/phonenumbers/PhoneNumberUtil$2;' has an earlier definition; blocking out
D/dalvikvm( 1692): DexOpt: 'Lcom/android/i18n/phonenumbers/PhoneNumberUtil$Leniency;' has an earlier definition; blocking out
D/dalvikvm( 1692): DexOpt: 'Lcom/android/i18n/phonenumbers/PhoneNumberUtil$Leniency$1;' has an earlier definition; blocking out
D/dalvikvm( 1692): DexOpt: 'Lcom/android/i18n/phonenumbers/PhoneNumberUtil$Leniency$2;' has an earlier definition; blocking out
D/dalvikvm( 1692): DexOpt: 'Lcom/android/i18n/phonenumbers/PhoneNumberUtil$Leniency$3;' has an earlier definition; blocking out
D/dalvikvm( 1692): DexOpt: 'Lcom/android/i18n/phonenumbers/PhoneNumberUtil$Leniency$4;' has an earlier definition; blocking out
D/dalvikvm( 1692): DexOpt: 'Lcom/android/i18n/phonenumbers/PhoneNumberUtil$MatchType;' has an earlier definition; blocking out
D/dalvikvm( 1692): DexOpt: 'Lcom/android/i18n/phonenumbers/PhoneNumberUtil$PhoneNumberFormat;' has an earlier definition; blocking out
D/dalvikvm( 1692): DexOpt: 'Lcom/android/i18n/phonenumbers/PhoneNumberUtil$PhoneNumberType;' has an earlier definition; blocking out
D/dalvikvm( 1692): DexOpt: 'Lcom/android/i18n/phonenumbers/PhoneNumberUtil$ValidationResult;' has an earlier definition; blocking out
D/dalvikvm( 1692): DexOpt: 'Lcom/android/i18n/phonenumbers/PhoneNumberUtil;' has an earlier definition; blocking out
D/dalvikvm( 1692): DexOpt: 'Lcom/android/i18n/phonenumbers/Phonemetadata$NumberFormat;' has an earlier definition; blocking out
D/dalvikvm( 1692): DexOpt: 'Lcom/android/i18n/phonenumbers/Phonemetadata$NumberFormat$Builder;' has an earlier definition; blocking out
D/dalvikvm( 1692): DexOpt: 'Lcom/android/i18n/phonenumbers/Phonemetadata$PhoneMetadata;' has an earlier definition; blocking out
D/dalvikvm( 1692): DexOpt: 'Lcom/android/i18n/phonenumbers/Phonemetadata$PhoneMetadata$Builder;' has an earlier definition; blocking out
D/dalvikvm( 1692): DexOpt: 'Lcom/android/i18n/phonenumbers/Phonemetadata$PhoneMetadataCollection;' has an earlier definition; blocking out
D/dalvikvm( 1692): DexOpt: 'Lcom/android/i18n/phonenumbers/Phonemetadata$PhoneMetadataCollection$Builder;' has an earlier definition; blocking out
D/dalvikvm( 1692): DexOpt: 'Lcom/android/i18n/phonenumbers/Phonemetadata$PhoneNumberDesc;' has an earlier definition; blocking out
D/dalvikvm( 1692): DexOpt: 'Lcom/android/i18n/phonenumbers/Phonemetadata$PhoneNumberDesc$Builder;' has an earlier definition; blocking out
D/dalvikvm( 1692): DexOpt: 'Lcom/android/i18n/phonenumbers/Phonemetadata;' has an earlier definition; blocking out
D/dalvikvm( 1692): DexOpt: 'Lcom/android/i18n/phonenumbers/Phonenumber$PhoneNumber$CountryCodeSource;' has an earlier definition; blocking out
D/dalvikvm( 1692): DexOpt: 'Lcom/android/i18n/phonenumbers/Phonenumber$PhoneNumber;' has an earlier definition; blocking out
D/dalvikvm( 1692): DexOpt: 'Lcom/android/i18n/phonenumbers/Phonenumber;' has an earlier definition; blocking out
D/dalvikvm( 169
[   71.143981] IR: [03932] scan key value is 0xea15c936 
[   71.143987]  2): DexOpt: 'Lcom/android/i18n/phonenumbers/RegexCache$LRUCache$1;' has an earlier definition; blocking out
D/dalvikvm( 1692): DexOpt: 'Lcom/android/i18n/phonenumbers/RegexCache$LRUCache;' has an earlier definition; blocking out
D/dalvikvm( 1692): DexOpt: 'Lcom/android/i18n/phonenumbers/RegexCache;' has an earlier definition; blocking out
D/dalvikvm( 1692): DexOpt: 'Lcom/android/i18n/phonenumbers/geocoding/AreaCodeMap;' has an earlier definition; blocking out
D/dalvikvm( 1692): DexOpt: 'Lcom/android/i18n/phonenumbers/g
[   71.196458] IR: [03932] scan key value is 0xea15c936 
[   71.196463]  eocoding/AreaCodeMapStorageStrategy;' has an earlier definition; blocking out
D/dalvikvm( 1692): DexOpt: 'Lcom/android/i18n/phonenumbers/geocoding/DefaultMapStorage;' has an earlier definition; blocking out
D/dalvikvm( 1692): DexOpt: 'Lcom/android/i18n/phonenumbers/geocoding/FlyweightMapStorage$1;' has an earlier definition; blocking out
D/dalvikvm( 1692): DexOpt: 'Lcom/android/i18n/phonenumbers/geocoding/FlyweightMapStorage;' has an earlier definition; blocking out
D/dalvikvm( 1692): DexOpt: 'Lcom/android/i18n/phonenumbers/geocoding/MappingFileProvider;' has an earlier definition; blocking out
D/dalvikvm( 1692): DexOpt: 'Lcom/android/i18n/phonenumbers/geocoding/PhoneNumberOfflineGeocoder;' has an earlier definition; blocking out
E/DefaultVoicemailNotifier( 1458): No voicemails to notify about: clear the notification.
E/dhcpcd  ( 1515): timed out
D/dhcpcd  ( 1515): executing `/system/etc/dhcpcd/dhcpcd-run-hooks', reason FAIL
E/EthernetStateTracker( 1075): DhcpHandler: DHCP request failed: DHCP result was failed
D/dhcpcd  ( 1515): broadcasting for a lease
D/dhcpcd  ( 1515): sending DHCP_DISCOVER with xid 0xc37da832, next in 3.38 seconds
D/EthernetStateTracker( 1075): DhcpHandler: DHCP request started
D/dalvikvm( 1692): DexOpt: not verifying/optimizing 'Lcom/android/i18n/phonenumbers/AsYouTypeFormatter;': multiple definitions
D/dalvikvm( 1692): DexOpt: not verifying/optimizing 'Lcom/android/i18n/phonenumbers/CountryCodeToRegionCodeMap;': multiple definitions
D/dalvikvm( 1692): DexOpt: not verifying/optimizing 'Lcom/android/i18n/phonenumbers/NumberParseException$ErrorType;': multiple definitions
D/dalvikvm( 1692): DexOpt: not verifying/optimizing 'Lcom/android/i18n/phonenumbers/NumberParseException;': multiple definitions
D/dalvikvm( 1692): DexOpt: not verifying/optimizing 'Lcom/android/i18n/phonenumbers/PhoneNumberMatch;': multiple definitions
D/dalvikvm( 1692): DexOpt: not verifying/optimizing 'Lcom/android/i18n/phonenumbers/PhoneNumberMatcher$State;': multiple definitions
D/dalvikvm( 1692): DexOpt: not verifying/optimizing 'Lcom/android/i18n/phonenumbers/PhoneNumberMatcher;': multiple definitions
D/dalvikvm( 1692): DexOpt: not verifying/optimizing 'Lcom/android/i18n/phonenumbers/PhoneNumberUtil$1;': multiple definitions
D/dalvikvm( 1692): DexOpt: not verifying/optimizing 'Lcom/android/i18n/phonenumbers/PhoneNumberUtil$2;': multiple definitions
D/dalvikvm( 1692): DexOpt: not verifying/optimizing 'Lcom/android/i18n/phonenumbers/PhoneNumberUtil$Leniency;': multiple definitions
D/dalvikvm( 1692): DexOpt: not verifying/optimizing 'Lcom/android/i18n/phonenumbers/PhoneNumberUtil$Leniency$1;': multiple definitions
D/dalvikvm( 1692): DexOpt: not verifying/optimizing 'Lcom/android/i18n/phonenumbers/PhoneNumberUtil$Leniency$2;': multiple definitions
D/dalvikvm( 1692): DexOpt: not verifying/optimizing 'Lcom/android/i18n/phonenumbers/PhoneNumberUtil$Leniency$3;': multiple definitions
D/dalvikvm( 1692): DexOpt: not verifying/optimizing 'Lcom/android/i18n/phonenumbers/PhoneNumberUtil$Leniency$4;': multiple definitions
D/dalvikvm( 1692): DexOpt: not verifying/optimizing 'Lcom/android/i18n/phonenumbers/PhoneNumberUtil$MatchType;': multiple definitions
D/dalvikvm( 1692): DexOpt: not verifying/optimizing 'Lcom/android/i18n/phonenumbers/PhoneNumberUtil$PhoneNumberFormat;': multiple definitions
D/dalvikvm( 1692): DexOpt: not verifying/optimizing 'Lcom/android/i18n/phonenumbers/PhoneNumberUtil$PhoneNumberType;': multiple definitions
D/dalvikvm( 1692): DexOpt: not verifying/optimizing 'Lcom/android/i18n/phonenumbers/PhoneNumberUtil$ValidationResult;': multiple definitions
D/dalvikvm( 1692): DexOpt: not verifying/optimizing 'Lcom/android/i18n/phonenumbers/PhoneNumberUtil;': multiple definitions
D/dalvikvm( 1692): DexOpt: not verifying/optimizing 'Lcom/android/i18n/phonenumbers/Phonemetadata$NumberFormat;': multiple definitions
D/dalvikvm( 1692): DexOpt: not verifying/optimizing 'Lcom/android/i18n/phonenumbers/Phonemetadata$NumberFormat$Builder;': multiple definitions
D/dalvikvm( 1692): DexOpt: not verifying/optimizing 'Lcom/android/i18n/phonenumbers/Phonemetadata$PhoneMetadata;': multiple definitions
D/dalvikvm( 1692): DexOpt: not verifying/optimizing 'Lcom/android/i18n/phonenumbers/Phonemetadata$PhoneMetadata$Builder;': multiple definitions
D/dalvikvm( 1692): DexOpt: not verifying/optimizing 'Lcom/android/i18n/phonenumbers/Phonemetadata$PhoneMetadataCollection;': multiple definitions
D/dalvikvm( 1692): DexOpt: not verifying/optimizing 'Lcom/android/i18n/phonenumbers/Phonemetadata$PhoneMetadataCollection$Builder;': multiple definitions
D/dalvikvm( 1692): DexOpt: not verifying/optimizing 'Lcom/android/i18n/phonenumbers/Phonemetadata$PhoneNumberDesc;': multiple definitions
D/dalvikvm( 1692): DexOpt: not verifying/optimizing 'Lcom/android/i18n/phonenumbers/Phonemetadata$PhoneNumberDesc$Builder;': multiple definitions
D/dalvikvm( 1692): DexOpt: not verifying/optimizing 'Lcom/android/i18n/phonenumbers/Phonemetadata;': multiple definitions
D/dalvikvm( 1692): DexOpt: not verifying/optimizing 'Lcom/android/i18n/phonenumbers/Phonenumber$PhoneNumber$CountryCodeSource;': multiple definitions
D/dalvikvm( 1692): DexOpt: not verifying/optimizing 'Lcom/android/i18n/phonenumbers/Phonenumber$PhoneNumber;': multiple definitions
D/dalvikvm( 1692): DexOpt: not verifying/optimizing 'Lcom/android/i18n/phonenumbers/Phonenumber;': multiple definitions
D/dalvikvm( 1692): DexOpt: not verifying/optimizing 'Lcom/android/i18n/phonenumbers/RegexCache$LRUCache$1;': multiple definitions
D/dalvikvm( 1692): DexOpt: not verifying/optimizing 'Lcom/android/i18n/phonenumbers/RegexCache$LRUCache;': multiple definitions
D/dalvikvm( 1692): DexOpt: not verifying/optimizing 'Lcom/android/i18n/phonenumbers/RegexCache;': multiple definitions
D/dalvikvm( 1692): DexOpt: not verifying/optimizing 'Lcom/android/i18n/phonenumbers/geocoding/AreaCodeMap;': multiple definitions
D/dalvikvm( 1692): DexOpt: not verifying/optimizing 'Lcom/android/i18n/phonenumbers/geocoding/AreaCodeMapStorageStrategy;': multiple definitions
D/dalvikvm( 1692): DexOpt: not verifying/optimizing 'Lcom/android/i18n/phonenumbers/geocoding/DefaultMapStorage;': multiple definitions
D/dalvikvm( 1692): DexOpt: not verifying/optimizing 'Lcom/android/i18n/phonenumbers/geocoding/FlyweightMapStorage$1;': multiple definitions
D/dalvikvm( 1692): DexOpt: not verifying/optimizing 'Lcom/android/i18n/phonenumbers/geocoding/FlyweightMapStorage;': multiple definitions
D/dalvikvm( 1692): DexOpt: not verifying/optimizing 'Lcom/android/i18n/phonenumbers/geocoding/MappingFileProvider;': multiple definitions
D/dalvikvm( 1692): DexOpt: not verifying/optimizing 'Lcom/android/i18n/phonenumbers/geocoding/PhoneNumberOfflineGeocoder;': multiple definitions
D/dalvikvm( 1692): DexOpt: load 140ms, verify+opt 611ms
V/EthernetStateTracker( 1075): configureInterfaceAutoIP skip!
D/dalvikvm( 1075): GC_CONCURRENT freed 490K, 65% free 3489K/9731K, paused 3ms+3ms
I/ActivityThread( 1677): Pub com.android.calendar: com.android.providers.calendar.CalendarProvider2
D/dalvikvm( 1677): GC_CONCURRENT freed 269K, 71% free 1682K/5699K, paused 2ms+2ms
D/UploadCheckerService( 1620): Can't Connect to CIBN_SERVER_PATH!  Address: http://tms.cibntest.ysten.com:8080
D/UploadCheckerService( 1620): Can't Connect to CIBN_SERVER_PATH!  retryTime is : 0
I/Zygote  (  742): Preloading classes...
I/ActivityManager( 1075): Start proc com.coship.cw880 for broadcast com.coship.cw880/.BootCw880Recive: pid=1710 uid=1000 gids={3003, 1015, 3002, 3001, 3004}
D/dalvikvm(  742): GC_EXPLICIT freed 4K, 71% free 1694K/5699K, paused 1ms+4ms
I/dalvikvm( 1075): DexOpt: mismatch dep signature for '/data/dalvik-cache/system@framework@framework.jar@classes.dex'
I/PackageManager( 1075): Running dexopt on: com.coship.cw880
D/dalvikvm( 1576): GC_CONCURRENT freed 273K, 74% free 1429K/5443K, paused 1ms+2ms
D/dalvikvm( 1723): DexOpt: load 33ms, verify+opt 83ms
D/dalvikvm(  742): GC_FOR_ALLOC freed 386K, 69% free 1882K/5955K, paused 30ms
I/Zygote  (  742): ...preloaded 559 classes in 311ms.
I/System  ( 1075): Loaded time zone names for  in 1548ms (1536ms in ICU)
D/TAG     ( 1710): ===@@@@@@@@@@@@@@@@@@@@@@@@@@@@@@@@@@@@@@@@@@@@@@@==
D/BootBroadcastRecevice( 1710): ===========BoradcastReceive enter will to monitorcw880
D/MonitorCw880( 1710): MonitorCw880 OnCreat
W/WimoApp ( 1710): 
W/WimoApp ( 1710):  Init sem_lib_referrence success!.
D/MonitorCw880( 1710): MonitorCw880 OnStart
D/EasyControlImeReceive( 1280): ===========receive EasyControlImeReceive============
D/EasyControlImeReceive( 1280): ===========EasyControlImeReceive enter will to EasyControlIME
D/EasyControlImeReceive( 1280): ===========EasyControlImeReceive enter will to EasyControlIMEServer
I/MonitorCw880( 1710): easybusAttach success !
I/MonitorCw880( 1710): easyscreen -> easybusInterest success !
I/MonitorCw880( 1710): easyheartbeat -> easybusInterest success !
I/KeyEventHandler( 1280): start sender UDP
D/dalvikvm( 1280): GC_CONCURRENT freed 152K, 86% free 676K/4547K, paused 1ms+1ms

[   73.283912] IR: [03932] scan key value is 0xec13c936 
[   73.283916]  
[   73.336385] IR: [03932] scan key value is 0xec13c936 
[   73.336390]  D/dalvikvm( 1280): GC_CONCURRENT freed 431K, 84% free 801K/4931K, paused 1ms+1ms
D/dalvikvm( 1367): GC_CONCURRENT freed 380K, 76% free 1327K/5443K, paused 2ms+1ms
I/KeyEventHandler( 1280): UDP connect local is success
E/PhonePolicy( 1280): Could not preload class for phone policy: com.android.internal.policy.impl.PhoneWindow$ContextMenuCallback
V/update.Download( 1367): deleting all update downloads
D/dalvikvm( 1280): GC_CONCURRENT freed 536K, 86% free 743K/5059K, paused 0ms+1ms
I/ActivityManager( 1075): START {flg=0x10000000 cmp=com.google.android.gsf/.update.SystemUpdateInstallDialog} from pid 1367
I/Tools   ( 1327): SystemPropertiesClass:class android.os.SystemProperties
W/Tools   ( 1327): ~~~~~~~~~~~~~~~~~~~~~~method:public static void android.os.SystemProperties.set(java.lang.String,java.lang.String)
W/Tools   ( 1327): ~~~~~~~~~~~~~~~~~~~~~~returnvalue:null
D/PermissionCache( 1022): checking android.permission.READ_FRAME_BUFFER for uid=1000 => granted (1080 us)
I/EasyControlIME( 1280): ----isExtractViewShowm()
I/EasyControlIME( 1280): EasyContrloIME is onCreate
V/EthernetM
onitor( 1075): get event 
V/EthernetMonitor( 1075): go poll events
D/CommandListener(  739): Clearing all IP addresses on wlan0
I/wpa_supplicant( 1232): wlan0: CTRL-EVENT-DISCONNECTED bssid=00:00:00:00:00:00 reason=0
V/EthernetMonitor( 1075): get event 
V/EthernetMonitor( 1075): go poll events
V/EthernetMonitor( 1075): get event 
V/EthernetMonitor( 1075): go poll events
V/EthernetMonitor( 1075): get event 
V/EthernetMonitor( 1075): go poll events
I/TabletStatusBar( 1179): receiver broadcast
[   73.683174] init: untracked pid 998 exited
[   73.690337] init: untracked pid 999 exited
V/EthernetMonitor( 1075): get event 
V/EthernetMonitor( 1075): go poll events
I/EasyControlIMEImpl( 1280): defaultInputMethod = com.[   73.713362] init: untracked pid 1000 exited
android.inputmethod.pinyin/.PinyinIME
I/EasyControlIMEImpl( 1280): defaultInputMethod = com.android.inputmethod.pinyin/.PinyinIME
D/NetUtils( 1075): android_net_utils_resetConnections in env=0x1d6118 clazz=0x36900001 iface=eth0 mask=0x3
D/ConnectivityService( 1075): Connectiv[   73.748445] init: untracked pid 1001 exited
ityChange for WIFI: DISCONNECTED/DISCONNECTED
E/MobileDataStateTracker( 1075): default: Ignoring feature request because could not acquire PhoneService
E/MobileDataStateTracker( 1075): default: Could not enable APN type "default"
D/ConnectivityService( 1075): Attempting to switch to mobile
I/EthernetStateTracker( 1075): reset device eth0
I/EthernetManager( 1327): Init Ethernet Manager, service: android.net.ethernet.IEthernetManager$Stub$Proxy@4266f420
D/dalvikvm( 1075): GC_CONCURRENT freed 692K, 64% free 3559K/9731K, paused 5ms+6ms
I/CalendarProvider2( 1677): Sending notification intent: Intent { act=android.intent.action.PROVIDER_CHANGED dat=content://com.android.calendar }
W/ContentResolver( 1677): Failed to get type for: content://com.android.calendar (Unknown URL content://com.android.calendar)
D/netConnectStep( 1327): please check NIC
D/netConnectStep( 1327): *****************************************************checknetworkstatus...
I/EasyControlIMEImpl( 1280): easybusInterest success !
D/NetworkStatus( 1327): Wired network abnormal, to check wireless network
D/NetUtils( 1075): android_net_utils_resetConnections in env=0x13acc8 clazz=0xdc000001 iface=eth0 mask=0x3
D/NetUtils( 1075): android_net_utils_resetConnections in env=0x1d6118 clazz=0x37100001 iface=wlan0 mask=0x3
I/EthernetStateTracker( 1075): trigger dhcp for device eth0
D/ConnectivityService( 1075): Attempting to switch to ETH
D/ConnectivityService( 1075): Attempting to switch to pppoe
I/EthernetStateTracker( 1075): received interface reset event
I/EthernetStateTracker( 1075): reset device eth0
D/ConnectivityService( 1075): now reset wlan0, resetMask = 3
D/ConnectivityService( 1075): resetConnections(wlan0, 3)
D/SettingGlobalReceiver==>( 1384): android.intent.action.BOOT_COMPLETED
I/Zygote  (  742): Preloading classes...
I/ActivityManager( 1075): Start proc com.iflytek.vac for broadcast com.iflytek.vaf/com.iflytek.vocmd.Loader: pid=1749 uid=10029 gids={3003, 1015}
D/ConnectivityService( 1075): ConnectivityChange for WIFI: DISCONNECTED/DISCONNECTED
D/NetUtils( 1075): android_net_utils_resetConnections in env=0x1d6118 clazz=0x39f00001 iface=eth0 mask=0x3
E/MobileDataStateTracker( 1075): default: Ignoring feature request because could not acquire PhoneService
E/MobileDataStateTracker( 1075): default: Could not enable APN type "default"
D/ConnectivityService( 1075): Attempting to switch to mobile
I/EthernetStateTracker( 1075): trigger dhcp for device eth0
I/EthernetStateTracker( 1075): reset device eth0
I/dalvikvm( 1749): Turning on JNI app bug workarounds for target SDK version 8...
D/dalvikvm(  742): GC_EXPLICIT freed 14K, 69% free 1873K/5955K, paused 2ms+2ms
D/NetUtils( 1075): android_net_utils_resetConnections in env=0x1d6118 clazz=0x3a700001 iface=wlan0 mask=0x3
I/dalvikvm( 1075): DexOpt: mismatch dep signature for '/data/dalvik-cache/system@framework@framework.jar@classes.dex'
I/PackageManager( 1075): Running dexopt on: com.iflytek.vaf
I/EthernetStateTracker( 1075): trigger dhcp for device eth0
D/ConnectivityService( 1075): Attempting to switch to ETH
D/ConnectivityService( 1075): Attempting to switch to pppoe
D/ConnectivityService( 1075): now reset wlan0, resetMask = 3
D/ConnectivityService( 1075): resetConnections(wlan0, 3)
E/EthernetStateTracker( 1075): DhcpHandler: DHCP request failed: DHCP result was failed
V/EthernetStateTracker( 1075): configureInterfaceAutoIP skip!
D/EthernetStateTracker( 1075): DhcpHandler: DHCP request started
D/dhcpcd  ( 1763): dhcpcd 4.0.15 starting
D/dhcpcd  ( 1763): hardware address = 84:62:23:08:00:39
D/dhcpcd  ( 1763): executing `/system/etc/dhcpcd/dhcpcd-run-hooks', reason PREINIT
W/ActivityManager( 1075): Activity pause timeout for ActivityRecord{41589cb8 com.coship.BootWizard/.main}
D/dhcpcd  ( 1763): host does not support a monotonic clock - timing can skew
D/dhcpcd  ( 1763): broadcasting for a lease
D/dhcpcd  ( 1763): sending DHCP_DISCOVER with xid 0x49511c98, next in 3.86 seconds
D/dalvikvm( 1762): DexOpt: load 67ms, verify+opt 292ms
D/UploadCheckerService( 1620): Can't Connect to CIBN_SERVER_PATH!  Address: http://tms.cibntest.ysten.com:8080
D/UploadCheckerService( 1620): Can't Connect to CIBN_SERVER_PATH!  retryTime is : 1
D/dalvikvm(  742): GC_FOR_ALLOC freed 314K, 66% free 2080K/6083K, paused 24ms
I/System  (  742): Loaded time zone names for  in 523ms (517ms in ICU)
I/System  ( 1075): Loaded time zone names for en_US in 1953ms (1949ms in ICU)
I/MediaScannerService( 1591): ==========================================
I/MediaScannerService( 1591): ====== ACTION_MEDIA_SCANNER_STARTED ======
I/MediaScannerService( 1591): ==========================================
I/System  (  742): Loaded time zone names for en_US in 461ms (454ms in ICU)
E/PhonePolicy( 1367): Could not preload class for phone policy: com.android.internal.policy.impl.PhoneWindow$ContextMenuCallback
I/Process ( 1075): Sending signal. PID: 1327 SIG: 3
I/dalvikvm( 1327): threadid=3: reacting to signal 3
I/dalvikvm( 1327): Wrote stack traces to '/data/anr/traces.txt'
D/netConnectStep( 1327): *****************************receive:************************SCANNING
V/netConnectStep( 1327): ----------------------HAVE_WIFI_HOTSPOT-----------
I/System  (  742): Loaded time zone names for zh_CN in 571ms (566ms in ICU)
I/Zygote  (  742): ...preloaded 184 classes in 1805ms.
I/Zygote  (  742): Preloading classes...
I/ActivityManager( 1075): Start proc com.coship.changetheaudiooutput for broadcast com.coship.changetheaudiooutput/.BootCompletedReceiver: pid=1774 uid=10033 gids={3002, 3001, 3004}
I/Process ( 1075): Sending signal. PID: 1367 SIG: 3
I/dalvikvm( 1367): threadid=3: reacting to signal 3
I/dalvikvm( 1367): Wrote stack traces to '/data/anr/traces.txt'
D/VAFCheck( 1749): =====>Init Thread 1
D/TextLayoutCache( 1367): Using debug level: 0 - Debug Enabled: 0
D/dalvikvm( 1774): GC_CONCURRENT freed 473K, 68% free 2055K/6275K, paused 2ms+6ms
D/dalvikvm(  742): GC_EXPLICIT freed 476K, 68% free 2054K/6275K, paused 4ms+8ms
D/dalvikvm( 1075): GC_CONCURRENT freed 669K, 64% free 3570K/9731K, paused 3ms+3ms
D/dalvikvm( 1367): GC_CONCURRENT freed 381K, 75% free 1407K/5507K, paused 2ms+2ms
I/Zygote  (  742): ...preloaded 121 classes in 301ms.
I/Zygote  (  742): Preloading classes...
D/VAFCheck( 1749): <=====Init Thread 1
D/StartService( 1749): =====> onStart
I/ActivityManager( 1075): Start proc com.iflytek.vaf.svc.rec for service com.iflytek.vaf/.svc.VAFSvc: pid=1799 uid=10029 gids={3003, 1015}
I/dalvikvm( 1075): DexOpt: source file CRC mismatch (c1634019 vs 7dc48ac3)
I/PackageManager( 1075): Running dexopt on: com.coship.changetheaudiooutput
D/dalvikvm( 1799): GC_CONCURRENT freed 367K, 66% free 2146K/6275K, paused 2ms+3ms
D/dalvikvm(  742): GC_EXPLICIT freed 370K, 66% free 2145K/6275K, paused 1ms+10ms
I/dalvikvm( 1799): Turning on JNI app bug workarounds for target SDK version 8...
I/System  ( 1075): Loaded time zone names for zh_CN in 1390ms (1295ms in ICU)
D/GpsLocationProvider( 1075): NTP server returned: 1367213618297 (Mon Apr 29 13:33:38 +0800 2013) reference: 71228 certainty: 208 system time offset: -12
I/Zygote  (  742): ...preloaded 308 classes in 235ms.
E/AC3Extractor(  744): Rsyn Fail
E/AC3Extractor(  744): Rsyn Fail
D/dalvikvm( 1806): DexOpt: load 46ms, verify+opt 302ms
D/UploadCheckerService( 1620): Can't Connect to CIBN_SERVER_PATH!  Address: http://tms.cibntest.ysten.com:8080
D/UploadCheckerService( 1620): Can't Connect to CIBN_SERVER_PATH!  retryTime is : 2
D/StartService( 1749): <===== onStart
I/Process ( 1075): Sending signal. PID: 1367 SIG: 3
I/dalvikvm( 1367): threadid=3: reacting to signal 3
I/dalvikvm( 1367): Wrote stack traces to '/data/anr/traces.txt'
D/Tethering( 1075): MasterInitialState.processMessage what=3
W/InputManagerService( 1075): Window already focused, ignoring focus gain of: com.android.internal.view.IInputMethodClient$Stub$Proxy@41458de8
D/BootCompletedReceiver( 1774): [onReceive] changetheaudiooutput registerReceiver Action: android.intent.action.BOOT_COMPLETED
D/VAFSvc  ( 1799): onCreate Thread 1
E/AC3Extractor(  744): Rsyn Fail
I/ActivityManager( 1075): Start proc com.coship.Multimedia for broadcast com.coship.Multimedia/.view.BootCompletedReceiver: pid=1815 uid=1000 gids={3003, 1015, 3002, 3001, 3004}
I/Zygote  (  742): Preloading classes...
D/VAFSvc  ( 1799): =====>Talker(com.iflytek.vaf.svc.VAFSvc@413bc2d8)
D/RemotePcmRecorder( 1799): mRunBind in
D/dalvikvm( 1774): GC_FOR_ALLOC freed 355K, 62% free 2833K/7363K, paused 43ms
I/dalvikvm-heap( 1774): Grow heap (frag case) to 6.636MB for 281896-byte allocation
D/dalvikvm( 1774): GC_FOR_ALLOC freed 1K, 60% free 3107K/7683K, paused 21ms
D/dalvikvm( 1815): GC_CONCURRENT freed 430K, 66% free 2232K/6403K, paused 10ms+5ms
D/dalvikvm(  742): GC_EXPLICIT freed 432K, 66% free 2231K/6403K, paused 5ms+6ms
V/AudioOutputServer( 1774): +++++onCreate+++++
I/Zygote  (  742): ...preloaded 0 classes in 162ms.
E/Zygote  (  742): ==============>delay preload 2307classes finished
D/MSCRecognizer( 1799): getMSCRecognizer
I/ActivityManager( 1075): Start proc com.iflytek.xiri.recorder.svc for service com.iflytek.xiri.recorder.svc/.PCMRecorderSvc: pid=1829 uid=10030 gids={3003, 1015}
D/MSCRecognizer( 1799): MSCRecognizer
I/dalvikvm( 1075): DexOpt: source file CRC mismatch (3fd8057a vs 8cda56f0)
I/PackageManager( 1075): Running dexopt on: com.coship.Multimedia
D/dalvikvm( 1799): No JNI_OnLoad found in /system/lib/libvitvmsc.so 0x41464e78, skipping init
D/MSCRecognizer( 1799): false false
D/dalvikvm(  742): GC_EXPLICIT freed 381K, 66% free 2228K/6403K, paused 3ms+5ms
I/Zygote  (  742): Preloading resources...
[   77.515359] IR: [03932] scan key value is 0xea15c936 
[   77.515364]  
[   77.567839] IR: [03932] scan key value is 0xea15c936 
[   77.567844]  E/AC3Extractor(  744): Rsyn Fail
D/dhcpcd  ( 1763): sending DHCP_DISCOVER with xid 0x49511c98, next in 7.23 seconds
D/dalvikvm( 1837): DexOpt: load 77ms, verify+opt 409ms
D/dalvikvm( 1591): GC_CONCURRENT freed 237K, 80% free 1007K/4995K, paused 8ms+1ms
I/BootCompletedReceiver( 1815): [onReceive] Action??android.intent.action.BOOT_COMPLETED
D/dalvikvm(  742): GC_FOR_ALLOC freed 1004K, 65% free 2743K/7747K, paused 61ms
E/AC3Extractor(  744): Rsyn Fail
E/AC3Extractor(  744): Rsyn Fail
E/AC3Extractor(  744): Rsyn Fail

[   78.492181] IR: [03932] scan key value is 0xea15c936 
[   78.492187]  
