D/dalvikvm( 2162): GC_FOR_ALLOC freed 2K, 22% free 19367K/24707K, paused 37ms
D/dalvikvm( 2162): GC_FOR_ALLOC freed 3K, 19% free 20448K/24963K, paused 38ms
I/Process ( 1075): Sending signal. PID: 2162 SIG: 3
I/dalvikvm( 2162): threadid=3: reacting to signal 3
I/dalvikvm( 2162): Wrote stack traces to '/data/anr/traces.txt'
D/dalvikvm( 1815): GC_CONCURRENT freed 705K, 63% free 2868K/7747K, paused 2ms+2ms
D/dalvikvm( 2162): GC_FOR_ALLOC freed 784K, 20% free 21053K/26179K, paused 43ms
D/dalvikvm( 2162): GC_FOR_ALLOC freed 1027K, 20% free 21225K/26435K, paused 44ms
D/dalvikvm( 2162): GC_FOR_ALLOC freed 4K, 18% free 22345K/27011K, paused 38ms
D/dalvikvm( 1815): GC_CONCURRENT freed 705K, 63% free 2867K/7747K, paused 2ms+3ms
D/dalvikvm( 2162): GC_FOR_ALLOC freed 2K, 17% free 22905K/27587K, paused 44ms
D/dalvikvm( 2162): GC_FOR_ALLOC freed 1K, 17% free 23465K/28163K, paused 40ms
I/Process ( 1075): Sending signal. PID: 2162 SIG: 3
I/dalvikvm( 2162): threadid=3: reacting to signal 3
D/dalvikvm( 2162): GC_FOR_ALLOC freed 740K, 18% free 23573K/28739K, paused 43ms
I/dalvikvm( 2162): Wrote stack traces to '/data/anr/traces.txt'
D/PortalRefreshService( 2162): CIBN ---> onCreate
D/PortalRefreshService( 2162): CIBN ---> onStartCommand
D/PortalRefreshService( 2162): CIBN ---> onStart
D/PortalRefreshService( 2162): CIBN ---> onStartCommand
D/PortalRefreshService( 2162): CIBN ---> onStart
D/dalvikvm( 1815): GC_CONCURRENT freed 706K, 63% free 2868K/7747K, paused 8ms+3ms
I/ActivityManager( 1075): Displayed com.coship.cibn/.MainActivity: +2s877ms (total +3s128ms)
I/PortalRefreshService( 2162): CIBN --->  handle - MSG_PORTAL_REFRESH_ID
I/PortalRefreshService( 2162): CIBN ---> UpdatePortalTimerTask
I/PortalRefreshService( 2162): CIBN ---> Thread: Start to download Portal-Data!
I/IDataTaskEntity( 2162): http://cibn-iepg.longvisionmedia.com:8881/portalMS/videoInfo!getVideoList.action?queryType=1&start=1&limit=10&orderFlag=1
I/IDataTaskEntity( 2162): http://cibn-iepg.longvisionmedia.com:8881/portalMS/videoInfo!getVideoList.action?queryType=2&start=1&limit=10&orderFlag=1
I/IDataTaskEntity( 2162): http://cibn-iepg.longvisionmedia.com:8881/portalMS/videoInfo!getVideoList.action?queryType=4&start=1&limit=10&orderFlag=1
I/IDataTaskEntity( 2162): http://cibn-iepg.longvisionmedia.com:8881/portalMS/videoInfo!getVideoList.action?queryType=8&start=1&limit=10&orderFlag=1
I/IDataTaskEntity( 2162): http://cibn-iepg.longvisionmedia.com:8881/portalMS/videoInfo!getVideoList.action?queryType=3&start=1&limit=10&orderFlag=1
W/dalvikvm( 2162): threadid=11: thread exiting with uncaught exception (group=0x40fa81f8)
E/AndroidRuntime( 2162): FATAL EXCEPTION: AsyncTask #1
E/AndroidRuntime( 2162): java.lang.NullPointerException
E/AndroidRuntime( 2162):        at com.coship.cibn.controller.VideoDataTask.downLoadPoster(VideoDataTask.java:88)
E/AndroidRuntime( 2162):        at com.coship.cibn.controller.VideoDataTask.run(VideoDataTask.java:62)
E/AndroidRuntime( 2162):        at com.coship.cibn.controller.PortalRefreshService$SerialExecutor$1.run(PortalRefreshService.java:307)
E/AndroidRuntime( 2162):        at java.util.concurrent.ThreadPoolExecutor.runWorker(ThreadPoolExecutor.java:1076)
E/AndroidRuntime( 2162):        at java.util.concurrent.ThreadPoolExecutor$Worker.run(ThreadPoolExecutor.java:569)
E/AndroidRuntime( 2162):        at java.lang.Thread.run(Thread.java:856)
W/ActivityManager( 1075): Process com.coship.cibn has crashed too many times: killing!
W/ActivityManager( 1075):   Force finishing activity com.coship.cibn/.MainActivity
D/SlideManagerRootImpl( 2162): stop = 0
I/ActivityManager( 1075): START {act=android.intent.action.MAIN cat=[android.intent.category.HOME] flg=0x10000000 cmp=com.coship.cibn/.MainActivity} from pid 0
W/WindowManager( 1075): Token{414da770 ActivityRecord{414da638 com.coship.cibn/.MainActivity}} failed creating starting window
W/WindowManager( 1075): android.view.InflateException: Binary XML file line #34: Error inflating class <unknown>
W/WindowManager( 1075):         at android.view.LayoutInflater.createView(LayoutInflater.java:606)
W/WindowManager( 1075):         at com.android.internal.policy.impl.PhoneLayoutInflater.onCreateView(PhoneLayoutInflater.java:56)
W/WindowManager( 1075):         at android.view.LayoutInflater.onCreateView(LayoutInflater.java:653)
W/WindowManager( 1075):         at android.view.LayoutInflater.createViewFromTag(LayoutInflater.java:678)
W/WindowManager( 1075):         at android.view.LayoutInflater.rInflate(LayoutInflater.java:739)
W/WindowManager( 1075):         at android.view.LayoutInflater.inflate(LayoutInflater.java:489)
W/WindowManager( 1075):         at android.view.LayoutInflater.inflate(LayoutInflater.java:396)
W/WindowManager( 1075):         at android.view.LayoutInflater.inflate(LayoutInflater.java:352)
W/WindowManager( 1075):         at com.android.internal.policy.impl.PhoneWindow.generateLayout(PhoneWindow.java:2707)
W/WindowManager( 1075):         at com.android.internal.policy.impl.PhoneWindow.installDecor(PhoneWindow.java:2767)
W/WindowManager( 1075):         at com.android.internal.policy.impl.PhoneWindow.getDecorView(PhoneWindow.java:1534)
W/WindowManager( 1075):         at com.android.internal.policy.impl.PhoneWindowManager.addStartingWindow(PhoneWindowManager.java:1340)
W/WindowManager( 1075):         at com.android.server.wm.WindowManagerService$H.handleMessage(WindowManagerService.java:6631)
W/WindowManager( 1075):         at android.os.Handler.dispatchMessage(Handler.java:99)
W/WindowManager( 1075):         at android.os.Looper.loop(Looper.java:137)
W/WindowManager( 1075):         at com.android.server.wm.WindowManagerService$WMThread.run(WindowManagerService.java:704)
W/WindowManager( 1075): Caused by: java.lang.reflect.InvocationTargetException
W/WindowManager( 1075):         at java.lang.reflect.Constructor.constructNative(Native Method)
W/WindowManager( 1075):         at java.lang.reflect.Constructor.newInstance(Constructor.java:417)
W/WindowManager( 1075):         at android.view.LayoutInflater.createView(LayoutInflater.java:586)
W/WindowManager( 1075):         ... 15 more
W/WindowManager( 1075): Caused by: android.content.res.Resources$NotFoundException: Resource is not a Drawable (color or path): TypedValue{t=0x2/d=0x1010059 a=-1}
W/WindowManager( 1075):         at android.content.res.Resources.loadDrawable(Resources.java:1897)
W/WindowManager( 1075):         at android.content.res.TypedArray.getDrawable(TypedArray.java:601)
W/WindowManager( 1075):         at android.widget.FrameLayout.<init>(FrameLayout.java:107)
W/WindowManager( 1075):         at android.widget.FrameLayout.<init>(FrameLayout.java:95)
W/WindowManager( 1075):         ... 18 more
I/dalvikvm( 1075): Jit: resizing JitTable from 4096 to 8192
W/dalvikvm( 2162): threadid=14: thread exiting with uncaught exception (group=0x40fa81f8)
I/Process ( 2162): Sending signal. PID: 2162 SIG: 9
I/ActivityManager( 1075): Process com.coship.cibn (pid 2162) has died.
I/WindowManager( 1075): WIN DEATH: Window{414a5370 com.coship.cibn/com.coship.cibn.MainActivity paused=false}
W/ActivityManager( 1075): Scheduling restart of crashed service com.coship.cibn/.controller.PortalRefreshService in 1250ms
I/WindowManager( 1075): WIN DEATH: Window{417576c0 com.coship.cibn/com.coship.cibn.MainActivity paused=false}
I/WindowManager( 1075): WIN DEATH: Window{4175ccb0 Toast paused=false}
I/ActivityManager( 1075): Start proc com.coship.cibn for restart com.coship.cibn: pid=2194 uid=10006 gids={3003, 1015}
W/ActivityManager( 1075): Force removing ActivityRecord{414da638 com.coship.cibn/.MainActivity}: app died, no saved state
I/ActivityManager( 1075): START {act=android.intent.action.MAIN cat=[android.intent.category.HOME] flg=0x10000000 cmp=com.coship.cibn/.MainActivity} from pid 0
W/WindowManager( 1075): Token{417d67d8 ActivityRecord{417d66a0 com.coship.cibn/.MainActivity}} failed creating starting window
W/WindowManager( 1075): android.view.InflateException: Binary XML file line #34: Error inflating class <unknown>
W/WindowManager( 1075):         at android.view.LayoutInflater.createView(LayoutInflater.java:606)
W/WindowManager( 1075):         at com.android.internal.policy.impl.PhoneLayoutInflater.onCreateView(PhoneLayoutInflater.java:56)
W/WindowManager( 1075):         at android.view.LayoutInflater.onCreateView(LayoutInflater.java:653)
W/WindowManager( 1075):         at android.view.LayoutInflater.createViewFromTag(LayoutInflater.java:678)
W/WindowManager( 1075):         at android.view.LayoutInflater.rInflate(LayoutInflater.java:739)
W/WindowManager( 1075):         at android.view.LayoutInflater.inflate(LayoutInflater.java:489)
W/WindowManager( 1075):         at android.view.LayoutInflater.inflate(LayoutInflater.java:396)
W/WindowManager( 1075):         at android.view.LayoutInflater.inflate(LayoutInflater.java:352)
W/WindowManager( 1075):         at com.android.internal.policy.impl.PhoneWindow.generateLayout(PhoneWindow.java:2707)
W/WindowManager( 1075):         at com.android.internal.policy.impl.PhoneWindow.installDecor(PhoneWindow.java:2767)
W/WindowManager( 1075):         at com.android.internal.policy.impl.PhoneWindow.getDecorView(PhoneWindow.java:1534)
W/WindowManager( 1075):         at com.android.internal.policy.impl.PhoneWindowManager.addStartingWindow(PhoneWindowManager.java:1340)
W/WindowManager( 1075):         at com.android.server.wm.WindowManagerService$H.handleMessage(WindowManagerService.java:6631)
W/WindowManager( 1075):         at android.os.Handler.dispatchMessage(Handler.java:99)
W/WindowManager( 1075):         at android.os.Looper.loop(Looper.java:137)
W/WindowManager( 1075):         at com.android.server.wm.WindowManagerService$WMThread.run(WindowManagerService.java:704)
W/WindowManager( 1075): Caused by: java.lang.reflect.InvocationTargetException
W/WindowManager( 1075):         at java.lang.reflect.Constructor.constructNative(Native Method)
W/WindowManager( 1075):         at java.lang.reflect.Constructor.newInstance(Constructor.java:417)
W/WindowManager( 1075):         at android.view.LayoutInflater.createView(LayoutInflater.java:586)
W/WindowManager( 1075):         ... 15 more
W/WindowManager( 1075): Caused by: android.content.res.Resources$NotFoundException: Resource is not a Drawable (color or path): TypedValue{t=0x2/d=0x1010059 a=-1}
W/WindowManager( 1075):         at android.content.res.Resources.loadDrawable(Resources.java:1897)
W/WindowManager( 1075):         at android.content.res.TypedArray.getDrawable(TypedArray.java:601)
W/WindowManager( 1075):         at android.widget.FrameLayout.<init>(FrameLayout.java:107)
W/WindowManager( 1075):         at android.widget.FrameLayout.<init>(FrameLayout.java:95)
W/WindowManager( 1075):         ... 18 more
I/ActivityThread( 2194): Pub com.coship.cibn.auth: com.coship.cibn.contentProvider.AuthResultProvider
I/        ( 2194): jpeg hw mutex s_index = 290
I/        ( 2194): [MSOS_PRINT][003171]     ~!~mappd sharemem    
I/        ( 2194): [MSOS_PRINT][000605]     pthread_mutex_init
I/        ( 2194): [MSOS_PRINT][000607]     CHIP_InitISR
D/        ( 2194): [skia jpeg]: readbuf addr:0x1a1c2000, size: 0x100000
D/        ( 2194):  write buff addr:0x0,  size: 0x0
D/        ( 2194):  internal buff addr:0x1a2c2000,   size: 0x100000
E/        ( 2194): get vaddr failed:pvaddr_read=0x601a4000,pvaddr_internal=0x602a4000,pvaddr_write=0x0
D/dalvikvm( 2194): GC_FOR_ALLOC freed 111K, 43% free 6719K/11651K, paused 32ms
I/dalvikvm-heap( 2194): Grow heap (frag case) to 13.677MB for 3686416-byte allocation
D/dalvikvm( 2194): GC_CONCURRENT freed 1K, 33% free 10318K/15299K, paused 2ms+12ms
D/UploadCheckerService( 1620): Can't Connect to CIBN_SERVER_PATH!  Address: http://tms.cibntest.ysten.com:8080
D/UploadCheckerService( 1620): Can't Connect to CIBN_SERVER_PATH!  retryTime is : 30
D/dalvikvm( 1075): GC_CONCURRENT freed 957K, 61% free 4226K/10691K, paused 2ms+5ms
I/Process ( 1075): Sending signal. PID: 2194 SIG: 3
I/dalvikvm( 2194): threadid=3: reacting to signal 3
I/dalvikvm( 2194): Wrote stack traces to '/data/anr/traces.txt'
V/LoadingDialog( 2194): show()
V/LoadingDialog( 2194): onCreate()
D/dalvikvm( 2194): GC_FOR_ALLOC freed 174K, 30% free 11354K/16067K, paused 26ms
D/dalvikvm( 2194): GC_FOR_ALLOC freed 2K, 28% free 12390K/17027K, paused 24ms
D/dalvikvm( 2194): GC_FOR_ALLOC freed 90K, 27% free 12652K/17219K, paused 26ms
D/libEGL  ( 2194): loaded /system/lib/egl/libGLES_android.so
D/libEGL  ( 2194): loaded /system/lib/egl/libEGL_mali.so
D/libEGL  ( 2194): loaded /system/lib/egl/libGLESv1_CM_mali.so
D/libEGL  ( 2194): loaded /system/lib/egl/libGLESv2_mali.so
D/OpenGLRenderer( 2194): Enabling debug mode 0
W/InputManagerService( 1075): Got RemoteException sending setActive(false) notification to pid 2162 uid 10006
V/BaseSQLProvider( 2194): get CIBN user msg from com.aidufei.cibn.uploadchecker db!
E/MainActivity( 2194): null
D/SlideManagerRootImpl( 2194): start = 0
D/dalvikvm( 2194): GC_FOR_ALLOC freed 173K, 25% free 13724K/18243K, paused 30ms
E/StrictMode( 2194): A resource was acquired at attached stack trace but never released. See java.io.Closeable for information on avoiding resource leaks.
E/StrictMode( 2194): java.lang.Throwable: Explicit termination method 'close' not called
E/StrictMode( 2194):    at dalvik.system.CloseGuard.open(CloseGuard.java:184)
E/StrictMode( 2194):    at android.content.ContentResolver$CursorWrapperInner.<init>(ContentResolver.java:1582)
E/StrictMode( 2194):    at android.content.ContentResolver.query(ContentResolver.java:321)
E/StrictMode( 2194):    at com.coship.cibn.contentProvider.BaseSQLProvider._queryAuthResult(BaseSQLProvider.java:265)
E/StrictMode( 2194):    at com.coship.cibn.MainActivity$2.handleMessage(MainActivity.java:841)
E/StrictMode( 2194):    at android.os.Handler.dispatchMessage(Handler.java:99)
E/StrictMode( 2194):    at android.os.Looper.loop(Looper.java:137)
E/StrictMode( 2194):    at android.app.ActivityThread.main(ActivityThread.java:4424)
E/StrictMode( 2194):    at java.lang.reflect.Method.invokeNative(Native Method)
E/StrictMode( 2194):    at java.lang.reflect.Method.invoke(Method.java:511)
E/StrictMode( 2194):    at com.android.internal.os.ZygoteInit$MethodAndArgsCaller.run(ZygoteInit.java:848)
E/StrictMode( 2194):    at com.android.internal.os.ZygoteInit.main(ZygoteInit.java:575)
E/StrictMode( 2194):    at dalvik.system.NativeStart.main(Native Method)
W/CursorWrapperInner( 2194): Cursor finalized without prior close()
I/Process ( 1075): Sending signal. PID: 2194 SIG: 3
I/dalvikvm( 2194): threadid=3: reacting to signal 3
I/dalvikvm( 2194): Wrote stack traces to '/data/anr/traces.txt'
D/dalvikvm( 2194): GC_FOR_ALLOC freed 50K, 24% free 14856K/19395K, paused 29ms
I/MainActivity( 2194): Connect to PortalMS-Server is OK!  Address: http://cibn-iepg.longvisionmedia.com:8881
V/AddressFromService( 2194): start get address from Service!
W/StaggeredGridView( 2194): Inflation setting LayoutParams width to 270 - must be MATCH_PARENT
E/StaggeredGridView( 2194): onMeasure: must have an exact width or match_parent! Using fallback spec of EXACTLY 270
D/dalvikvm( 2194): GC_FOR_ALLOC freed 660K, 24% free 15821K/20547K, paused 30ms
W/System.err( 2194): java.net.UnknownHostException: Unable to resolve host "cfg.longvisionmedia.com": No address associated with hostname
W/System.err( 2194):    at java.net.InetAddress.lookupHostByName(InetAddress.java:426)
W/System.err( 2194):    at java.net.InetAddress.getAllByNameImpl(InetAddress.java:242)
W/System.err( 2194):    at java.net.InetAddress.getAllByName(InetAddress.java:220)
W/System.err( 2194):    at libcore.net.http.HttpConnection.<init>(HttpConnection.java:71)
W/System.err( 2194):    at libcore.net.http.HttpConnection.<init>(HttpConnection.java:50)
W/System.err( 2194):    at libcore.net.http.HttpConnection$Address.connect(HttpConnection.java:351)
W/System.err( 2194):    at libcore.net.http.HttpConnectionPool.get(HttpConnectionPool.java:86)
W/System.err( 2194):    at libcore.net.http.HttpConnection.connect(HttpConnection.java:128)
W/System.err( 2194):    at libcore.net.http.HttpEngine.openSocketConnection(HttpEngine.java:308)
W/System.err( 2194):    at libcore.net.http.HttpEngine.connect(HttpEngine.java:303)
W/System.err( 2194):    at libcore.net.http.HttpEngine.sendSocketRequest(HttpEngine.java:282)
W/System.err( 2194):    at libcore.net.http.HttpEngine.sendRequest(HttpEngine.java:232)
W/System.err( 2194):    at libcore.net.http.HttpURLConnectionImpl.getResponse(HttpURLConnectionImpl.java:273)
W/System.err( 2194):    at libcore.net.http.HttpURLConnectionImpl.getInputStream(HttpURLConnectionImpl.java:168)
W/System.err( 2194):    at com.coship.cibn.ConfAddress.AddressFromService.downSysSettingsFile(AddressFromService.java:317)
W/System.err( 2194):    at com.coship.cibn.ConfAddress.AddressFromService.access$100(AddressFromService.java:45)
W/System.err( 2194):    at com.coship.cibn.ConfAddress.AddressFromService$DownLoadSysSettingData.run(AddressFromService.java:125)
W/System.err( 2194):    at com.coship.cibn.ConfAddress.AddressFromService$DownLoadSysSettingData.<init>(AddressFromService.java:102)
W/System.err( 2194):    at com.coship.cibn.ConfAddress.AddressFromService$1.run(AddressFromService.java:84)
W/System.err( 2194):    at java.lang.Thread.run(Thread.java:856)
W/System.err( 2194): Caused by: libcore.io.GaiException: getaddrinfo failed: EAI_NODATA (No address associated with hostname)
W/System.err( 2194):    at libcore.io.Posix.getaddrinfo(Native Method)
W/System.err( 2194):    at libcore.io.ForwardingOs.getaddrinfo(ForwardingOs.java:55)
W/System.err( 2194):    at java.net.InetAddress.lookupHostByName(InetAddress.java:411)
W/System.err( 2194):    ... 19 more
W/System.err( 2194): java.net.UnknownHostException: Unable to resolve host "cfg.longvisionmedia.com": No address associated with hostname
V/BaseSQLProvider( 2194): update CIBNAddressData msg to db!
W/System.err( 2194):    at java.net.InetAddress.lookupHostByName(InetAddress.java:426)
W/System.err( 2194):    at java.net.InetAddress.getAllByNameImpl(InetAddress.java:242)
W/System.err( 2194):    at java.net.InetAddress.getAllByName(InetAddress.java:220)
W/System.err( 2194):    at libcore.net.http.HttpConnection.<init>(HttpConnection.java:71)
W/System.err( 2194):    at libcore.net.http.HttpConnection.<init>(HttpConnection.java:50)
W/System.err( 2194):    at libcore.net.http.HttpConnection$Address.connect(HttpConnection.java:351)
W/System.err( 2194):    at libcore.net.http.HttpConnectionPool.get(HttpConnectionPool.java:86)
E/AuthResultProvider( 2194):   uri.getPathSegments() ==  []
W/System.err( 2194):    at libcore.net.http.HttpConnection.connect(HttpConnection.java:128)
W/System.err( 2194):    at libcore.net.http.HttpEngine.openSocketConnection(HttpEngine.java:308)
W/System.err( 2194):    at libcore.net.http.HttpEngine.connect(HttpEngine.java:303)
W/System.err( 2194):    at libcore.net.http.HttpEngine.sendSocketRequest(HttpEngine.java:282)
W/System.err( 2194):    at libcore.net.http.HttpEngine.sendRequest(HttpEngine.java:232)
W/System.err( 2194):    at libcore.net.http.HttpURLConnectionImpl.getResponse(HttpURLConnectionImpl.java:273)
W/System.err( 2194):    at libcore.net.http.HttpURLConnectionImpl.getInputStream(HttpURLConnectionImpl.java:168)
W/System.err( 2194):    at com.coship.cibn.ConfAddress.AddressFromService.downSysSettingsFile(AddressFromService.java:317)
W/System.err( 2194):    at com.coship.cibn.ConfAddress.AddressFromService.access$100(AddressFromService.java:45)
W/System.err( 2194):    at com.coship.cibn.ConfAddress.AddressFromService$DownLoadSysSettingData.run(AddressFromService.java:125)
W/System.err( 2194):    at com.coship.cibn.ConfAddress.AddressFromService$DownLoadSysSettingData.<init>(AddressFromService.java:102)
W/System.err( 2194):    at com.coship.cibn.ConfAddress.AddressFromService$1.run(AddressFromService.java:84)
W/System.err( 2194):    at java.lang.Thread.run(Thread.java:856)
W/System.err( 2194): Caused by: libcore.io.GaiException: getaddrinfo failed: EAI_NODATA (No address associated with hostname)
W/System.err( 2194):    at libcore.io.Posix.getaddrinfo(Native Method)
W/System.err( 2194):    at libcore.io.ForwardingOs.getaddrinfo(ForwardingOs.java:55)
W/System.err( 2194):    at java.net.InetAddress.lookupHostByName(InetAddress.java:411)
W/System.err( 2194):    ... 19 more
V/BaseSQLProvider( 2194): update CIBNAddressData msg to db!
E/AuthResultProvider( 2194):   uri.getPathSegments() ==  []
D/dalvikvm( 2194): GC_FOR_ALLOC freed 631K, 22% free 16926K/21571K, paused 32ms
I/Process ( 1075): Sending signal. PID: 2194 SIG: 3
I/dalvikvm( 2194): threadid=3: reacting to signal 3
I/dalvikvm( 2194): Wrote stack traces to '/data/anr/traces.txt'
D/dalvikvm( 2194): GC_FOR_ALLOC freed 563K, 20% free 18266K/22723K, paused 33ms
D/dalvikvm( 2194): GC_CONCURRENT freed 1386K, 22% free 18926K/24003K, paused 2ms+6ms
D/dalvikvm( 2194): GC_FOR_ALLOC freed 286K, 20% free 19918K/24707K, paused 34ms
D/dalvikvm( 2194): GC_FOR_ALLOC freed 6K, 19% free 20713K/25475K, paused 35ms
I/Process ( 1075): Sending signal. PID: 2194 SIG: 3
I/dalvikvm( 2194): threadid=3: reacting to signal 3
I/dalvikvm( 2194): Wrote stack traces to '/data/anr/traces.txt'
D/dalvikvm( 2194): GC_FOR_ALLOC freed 781K, 21% free 21053K/26435K, paused 35ms
D/dalvikvm( 2194): GC_FOR_ALLOC freed 1027K, 20% free 21226K/26435K, paused 35ms
D/dalvikvm( 2194): GC_FOR_ALLOC freed 4K, 18% free 22346K/27011K, paused 35ms
D/dalvikvm( 2194): GC_FOR_ALLOC freed 2K, 17% free 22905K/27587K, paused 36ms
D/dalvikvm( 2194): GC_FOR_ALLOC freed 1K, 17% free 23465K/28163K, paused 39ms
D/dalvikvm( 2194): GC_FOR_ALLOC freed 740K, 18% free 23573K/28739K, paused 37ms
I/Process ( 1075): Sending signal. PID: 2194 SIG: 3
I/dalvikvm( 2194): threadid=3: reacting to signal 3
I/dalvikvm( 2194): Wrote stack traces to '/data/anr/traces.txt'
D/PortalRefreshService( 2194): CIBN ---> onCreate
D/PortalRefreshService( 2194): CIBN ---> onStartCommand
D/PortalRefreshService( 2194): CIBN ---> onStart
D/UploadCheckerService( 1620): Can't Connect to CIBN_SERVER_PATH!  Address: http://tms.cibntest.ysten.com:8080
D/UploadCheckerService( 1620): Can't Connect to CIBN_SERVER_PATH!  retryTime is : 31
D/PortalRefreshService( 2194): CIBN ---> onStartCommand
D/PortalRefreshService( 2194): CIBN ---> onStart
I/ActivityManager( 1075): Displayed com.coship.cibn/.MainActivity: +2s663ms (total +2s936ms)
I/PortalRefreshService( 2194): CIBN --->  handle - MSG_PORTAL_REFRESH_ID
I/PortalRefreshService( 2194): CIBN ---> UpdatePortalTimerTask
I/PortalRefreshService( 2194): CIBN ---> Thread: Start to download Portal-Data!
I/IDataTaskEntity( 2194): http://cibn-iepg.longvisionmedia.com:8881/portalMS/videoInfo!getVideoList.action?queryType=1&start=1&limit=10&orderFlag=1
I/IDataTaskEntity( 2194): http://cibn-iepg.longvisionmedia.com:8881/portalMS/videoInfo!getVideoList.action?queryType=2&start=1&limit=10&orderFlag=1
I/IDataTaskEntity( 2194): http://cibn-iepg.longvisionmedia.com:8881/portalMS/videoInfo!getVideoList.action?queryType=4&start=1&limit=10&orderFlag=1
I/IDataTaskEntity( 2194): http://cibn-iepg.longvisionmedia.com:8881/portalMS/videoInfo!getVideoList.action?queryType=8&start=1&limit=10&orderFlag=1
I/IDataTaskEntity( 2194): http://cibn-iepg.longvisionmedia.com:8881/portalMS/videoInfo!getVideoList.action?queryType=3&start=1&limit=10&orderFlag=1
D/dalvikvm( 1815): GC_CONCURRENT freed 705K, 63% free 2868K/7747K, paused 2ms+8ms
W/dalvikvm( 2194): threadid=11: thread exiting with uncaught exception (group=0x40fa81f8)
E/AndroidRuntime( 2194): FATAL EXCEPTION: AsyncTask #1
E/AndroidRuntime( 2194): java.lang.NullPointerException
E/AndroidRuntime( 2194):        at com.coship.cibn.controller.VideoDataTask.downLoadPoster(VideoDataTask.java:88)
E/AndroidRuntime( 2194):        at com.coship.cibn.controller.VideoDataTask.run(VideoDataTask.java:62)
E/AndroidRuntime( 2194):        at com.coship.cibn.controller.PortalRefreshService$SerialExecutor$1.run(PortalRefreshService.java:307)
E/AndroidRuntime( 2194):        at java.util.concurrent.ThreadPoolExecutor.runWorker(ThreadPoolExecutor.java:1076)
E/AndroidRuntime( 2194):        at java.util.concurrent.ThreadPoolExecutor$Worker.run(ThreadPoolExecutor.java:569)
E/AndroidRuntime( 2194):        at java.lang.Thread.run(Thread.java:856)
W/ActivityManager( 1075): Process com.coship.cibn has crashed too many times: killing!
W/ActivityManager( 1075):   Force finishing activity com.coship.cibn/.MainActivity
D/SlideManagerRootImpl( 2194): stop = 0
I/ActivityManager( 1075): START {act=android.intent.action.MAIN cat=[android.intent.category.HOME] flg=0x10000000 cmp=com.coship.cibn/.MainActivity} from pid 0
W/WindowManager( 1075): Token{41771b38 ActivityRecord{4175d428 com.coship.cibn/.MainActivity}} failed creating starting window
W/WindowManager( 1075): android.view.InflateException: Binary XML file line #34: Error inflating class <unknown>
W/WindowManager( 1075):         at android.view.LayoutInflater.createView(LayoutInflater.java:606)
W/WindowManager( 1075):         at com.android.internal.policy.impl.PhoneLayoutInflater.onCreateView(PhoneLayoutInflater.java:56)
W/WindowManager( 1075):         at android.view.LayoutInflater.onCreateView(LayoutInflater.java:653)
W/WindowManager( 1075):         at android.view.LayoutInflater.createViewFromTag(LayoutInflater.java:678)
W/WindowManager( 1075):         at android.view.LayoutInflater.rInflate(LayoutInflater.java:739)
W/WindowManager( 1075):         at android.view.LayoutInflater.inflate(LayoutInflater.java:489)
W/WindowManager( 1075):         at android.view.LayoutInflater.inflate(LayoutInflater.java:396)
W/WindowManager( 1075):         at android.view.LayoutInflater.inflate(LayoutInflater.java:352)
W/WindowManager( 1075):         at com.android.internal.policy.impl.PhoneWindow.generateLayout(PhoneWindow.java:2707)
W/WindowManager( 1075):         at com.android.internal.policy.impl.PhoneWindow.installDecor(PhoneWindow.java:2767)
W/WindowManager( 1075):         at com.android.internal.policy.impl.PhoneWindow.getDecorView(PhoneWindow.java:1534)
W/WindowManager( 1075):         at com.android.internal.policy.impl.PhoneWindowManager.addStartingWindow(PhoneWindowManager.java:1340)
W/WindowManager( 1075):         at com.android.server.wm.WindowManagerService$H.handleMessage(WindowManagerService.java:6631)
W/WindowManager( 1075):         at android.os.Handler.dispatchMessage(Handler.java:99)
W/WindowManager( 1075):         at android.os.Looper.loop(Looper.java:137)
W/WindowManager( 1075):         at com.android.server.wm.WindowManagerService$WMThread.run(WindowManagerService.java:704)
W/WindowManager( 1075): Caused by: java.lang.reflect.InvocationTargetException
W/WindowManager( 1075):         at java.lang.reflect.Constructor.constructNative(Native Method)
W/WindowManager( 1075):         at java.lang.reflect.Constructor.newInstance(Constructor.java:417)
W/WindowManager( 1075):         at android.view.LayoutInflater.createView(LayoutInflater.java:586)
W/WindowManager( 1075):         ... 15 more
W/WindowManager( 1075): Caused by: android.content.res.Resources$NotFoundException: Resource is not a Drawable (color or path): TypedValue{t=0x2/d=0x1010059 a=-1}
W/WindowManager( 1075):         at android.content.res.Resources.loadDrawable(Resources.java:1897)
W/WindowManager( 1075):         at android.content.res.TypedArray.getDrawable(TypedArray.java:601)
W/WindowManager( 1075):         at android.widget.FrameLayout.<init>(FrameLayout.java:107)
W/WindowManager( 1075):         at android.widget.FrameLayout.<init>(FrameLayout.java:95)
W/WindowManager( 1075):         ... 18 more
W/dalvikvm( 2194): threadid=14: thread exiting with uncaught exception (group=0x40fa81f8)
I/Process ( 2194): Sending signal. PID: 2194 SIG: 9
I/WindowManager( 1075): WIN DEATH: Window{4176bb98 com.coship.cibn/com.coship.cibn.MainActivity paused=false}
I/ActivityManager( 1075): Process com.coship.cibn (pid 2194) has died.
W/ActivityManager( 1075): Scheduling restart of crashed service com.coship.cibn/.controller.PortalRefreshService in 1250ms
I/WindowManager( 1075): WIN DEATH: Window{417660a8 com.coship.cibn/com.coship.cibn.MainActivity paused=false}
I/WindowManager( 1075): WIN DEATH: Window{41507f10 Toast paused=false}
I/ActivityManager( 1075): Start proc com.coship.cibn for restart com.coship.cibn: pid=2226 uid=10006 gids={3003, 1015}
W/ActivityManager( 1075): Force removing ActivityRecord{4175d428 com.coship.cibn/.MainActivity}: app died, no saved state
I/ActivityManager( 1075): START {act=android.intent.action.MAIN cat=[android.intent.category.HOME] flg=0x10000000 cmp=com.coship.cibn/.MainActivity} from pid 0
W/WindowManager( 1075): Token{414c92d8 ActivityRecord{414c91a0 com.coship.cibn/.MainActivity}} failed creating starting window
W/WindowManager( 1075): android.view.InflateException: Binary XML file line #34: Error inflating class <unknown>
W/WindowManager( 1075):         at android.view.LayoutInflater.createView(LayoutInflater.java:606)
W/WindowManager( 1075):         at com.android.internal.policy.impl.PhoneLayoutInflater.onCreateView(PhoneLayoutInflater.java:56)
W/WindowManager( 1075):         at android.view.LayoutInflater.onCreateView(LayoutInflater.java:653)
W/WindowManager( 1075):         at android.view.LayoutInflater.createViewFromTag(LayoutInflater.java:678)
W/WindowManager( 1075):         at android.view.LayoutInflater.rInflate(LayoutInflater.java:739)
W/WindowManager( 1075):         at android.view.LayoutInflater.inflate(LayoutInflater.java:489)
W/WindowManager( 1075):         at android.view.LayoutInflater.inflate(LayoutInflater.java:396)
W/WindowManager( 1075):         at android.view.LayoutInflater.inflate(LayoutInflater.java:352)
W/WindowManager( 1075):         at com.android.internal.policy.impl.PhoneWindow.generateLayout(PhoneWindow.java:2707)
W/WindowManager( 1075):         at com.android.internal.policy.impl.PhoneWindow.installDecor(PhoneWindow.java:2767)
W/WindowManager( 1075):         at com.android.internal.policy.impl.PhoneWindow.getDecorView(PhoneWindow.java:1534)
W/WindowManager( 1075):         at com.android.internal.policy.impl.PhoneWindowManager.addStartingWindow(PhoneWindowManager.java:1340)
W/WindowManager( 1075):         at com.android.server.wm.WindowManagerService$H.handleMessage(WindowManagerService.java:6631)
W/WindowManager( 1075):         at android.os.Handler.dispatchMessage(Handler.java:99)
W/WindowManager( 1075):         at android.os.Looper.loop(Looper.java:137)
W/WindowManager( 1075):         at com.android.server.wm.WindowManagerService$WMThread.run(WindowManagerService.java:704)
W/WindowManager( 1075): Caused by: java.lang.reflect.InvocationTargetException
W/WindowManager( 1075):         at java.lang.reflect.Constructor.constructNative(Native Method)
W/WindowManager( 1075):         at java.lang.reflect.Constructor.newInstance(Constructor.java:417)
W/WindowManager( 1075):         at android.view.LayoutInflater.createView(LayoutInflater.java:586)
W/WindowManager( 1075):         ... 15 more
W/WindowManager( 1075): Caused by: android.content.res.Resources$NotFoundException: Resource is not a Drawable (color or path): TypedValue{t=0x2/d=0x1010059 a=-1}
W/WindowManager( 1075):         at android.content.res.Resources.loadDrawable(Resources.java:1897)
W/WindowManager( 1075):         at android.content.res.TypedArray.getDrawable(TypedArray.java:601)
W/WindowManager( 1075):         at android.widget.FrameLayout.<init>(FrameLayout.java:107)
W/WindowManager( 1075):         at android.widget.FrameLayout.<init>(FrameLayout.java:95)
W/WindowManager( 1075):         ... 18 more
D/HomePlayerLib( 1815): hostaddress count is 1
D/dalvikvm( 1815): GC_CONCURRENT freed 721K, 62% free 2955K/7747K, paused 7ms+4ms
I/ActivityThread( 2226): Pub com.coship.cibn.auth: com.coship.cibn.contentProvider.AuthResultProvider
I/        ( 2226): jpeg hw mutex s_index = 290
I/        ( 2226): [MSOS_PRINT][003171]     ~!~mappd sharemem    
I/        ( 2226): [MSOS_PRINT][000605]     pthread_mutex_init
I/        ( 2226): [MSOS_PRINT][000607]     CHIP_InitISR
D/        ( 2226): [skia jpeg]: readbuf addr:0x1a1c2000, size: 0x100000
D/        ( 2226):  write buff addr:0x0,  size: 0x0
D/        ( 2226):  internal buff addr:0x1a2c2000,   size: 0x100000
E/        ( 2226): get vaddr failed:pvaddr_read=0x601a4000,pvaddr_internal=0x602a4000,pvaddr_write=0x0
V/NetFirmwareService( 1299): Network is connected!
D/dalvikvm( 2226): GC_FOR_ALLOC freed 115K, 43% free 6719K/11651K, paused 42ms
I/dalvikvm-heap( 2226): Grow heap (frag case) to 13.677MB for 3686416-byte allocation
D/dalvikvm( 2226): GC_CONCURRENT freed 1K, 33% free 10318K/15299K, paused 2ms+2ms
D/dalvikvm( 1815): GC_CONCURRENT freed 816K, 62% free 2992K/7747K, paused 2ms+4ms
I/Process ( 1075): Sending signal. PID: 2226 SIG: 3
I/dalvikvm( 2226): threadid=3: reacting to signal 3
D/dalvikvm( 1815): GC_CONCURRENT freed 878K, 62% free 2992K/7747K, paused 4ms+26ms
V/LoadingDialog( 2226): show()
V/LoadingDialog( 2226): onCreate()
I/dalvikvm( 2226): Wrote stack traces to '/data/anr/traces.txt'
D/dalvikvm( 2226): GC_FOR_ALLOC freed 174K, 30% free 11353K/16067K, paused 25ms
D/dalvikvm( 2226): GC_FOR_ALLOC freed 2K, 28% free 12390K/17027K, paused 26ms
D/dalvikvm( 1075): GC_EXPLICIT freed 698K, 61% free 4242K/10691K, paused 2ms+5ms
D/dalvikvm( 2226): GC_FOR_ALLOC freed 90K, 27% free 12652K/17219K, paused 26ms
D/dalvikvm( 1815): GC_CONCURRENT freed 859K, 62% free 2989K/7747K, paused 2ms+3ms
D/libEGL  ( 2226): loaded /system/lib/egl/libGLES_android.so
D/libEGL  ( 2226): loaded /system/lib/egl/libEGL_mali.so
D/libEGL  ( 2226): loaded /system/lib/egl/libGLESv1_CM_mali.so
D/libEGL  ( 2226): loaded /system/lib/egl/libGLESv2_mali.so
D/OpenGLRenderer( 2226): Enabling debug mode 0
V/BaseSQLProvider( 2226): get CIBN user msg from com.aidufei.cibn.uploadchecker db!
W/InputManagerService( 1075): Got RemoteException sending setActive(false) notification to pid 2194 uid 10006
E/MainActivity( 2226): null
I/Process ( 1075): Sending signal. PID: 2226 SIG: 3
I/dalvikvm( 2226): threadid=3: reacting to signal 3
I/dalvikvm( 2226): Wrote stack traces to '/data/anr/traces.txt'
D/SlideManagerRootImpl( 2226): start = 0
D/dalvikvm( 2226): GC_FOR_ALLOC freed 173K, 25% free 13724K/18243K, paused 34ms
E/StrictMode( 2226): A resource was acquired at attached stack trace but never released. See java.io.Closeable for information on avoiding resource leaks.
E/StrictMode( 2226): java.lang.Throwable: Explicit termination method 'close' not called
E/StrictMode( 2226):    at dalvik.system.CloseGuard.open(CloseGuard.java:184)
E/StrictMode( 2226):    at android.content.ContentResolver$CursorWrapperInner.<init>(ContentResolver.java:1582)
E/StrictMode( 2226):    at android.content.ContentResolver.query(ContentResolver.java:321)
E/StrictMode( 2226):    at com.coship.cibn.contentProvider.BaseSQLProvider._queryAuthResult(BaseSQLProvider.java:265)
E/StrictMode( 2226):    at com.coship.cibn.MainActivity$2.handleMessage(MainActivity.java:841)
E/StrictMode( 2226):    at android.os.Handler.dispatchMessage(Handler.java:99)
E/StrictMode( 2226):    at android.os.Looper.loop(Looper.java:137)
E/StrictMode( 2226):    at android.app.ActivityThread.main(ActivityThread.java:4424)
E/StrictMode( 2226):    at java.lang.reflect.Method.invokeNative(Native Method)
E/StrictMode( 2226):    at java.lang.reflect.Method.invoke(Method.java:511)
E/StrictMode( 2226):    at com.android.internal.os.ZygoteInit$MethodAndArgsCaller.run(ZygoteInit.java:848)
E/StrictMode( 2226):    at com.android.internal.os.ZygoteInit.main(ZygoteInit.java:575)
E/StrictMode( 2226):    at dalvik.system.NativeStart.main(Native Method)
W/CursorWrapperInner( 2226): Cursor finalized without prior close()
D/dalvikvm( 2226): GC_FOR_ALLOC freed 48K, 24% free 14859K/19395K, paused 28ms
I/MainActivity( 2226): Connect to PortalMS-Server is OK!  Address: http://cibn-iepg.longvisionmedia.com:8881
W/StaggeredGridView( 2226): Inflation setting LayoutParams width to 270 - must be MATCH_PARENT
V/AddressFromService( 2226): start get address from Service!
E/StaggeredGridView( 2226): onMeasure: must have an exact width or match_parent! Using fallback spec of EXACTLY 270
D/dalvikvm( 2226): GC_FOR_ALLOC freed 662K, 24% free 15821K/20547K, paused 33ms
W/System.err( 2226): java.net.UnknownHostException: Unable to resolve host "cfg.longvisionmedia.com": No address associated with hostname
W/System.err( 2226):    at java.net.InetAddress.lookupHostByName(InetAddress.java:426)
W/System.err( 2226):    at java.net.InetAddress.getAllByNameImpl(InetAddress.java:242)
W/System.err( 2226):    at java.net.InetAddress.getAllByName(InetAddress.java:220)
W/System.err( 2226):    at libcore.net.http.HttpConnection.<init>(HttpConnection.java:71)
W/System.err( 2226):    at libcore.net.http.HttpConnection.<init>(HttpConnection.java:50)
W/System.err( 2226):    at libcore.net.http.HttpConnection$Address.connect(HttpConnection.java:351)
W/System.err( 2226):    at libcore.net.http.HttpConnectionPool.get(HttpConnectionPool.java:86)
W/System.err( 2226):    at libcore.net.http.HttpConnection.connect(HttpConnection.java:128)
W/System.err( 2226):    at libcore.net.http.HttpEngine.openSocketConnection(HttpEngine.java:308)
W/System.err( 2226):    at libcore.net.http.HttpEngine.connect(HttpEngine.java:303)
W/System.err( 2226):    at libcore.net.http.HttpEngine.sendSocketRequest(HttpEngine.java:282)
W/System.err( 2226):    at libcore.net.http.HttpEngine.sendRequest(HttpEngine.java:232)
W/System.err( 2226):    at libcore.net.http.HttpURLConnectionImpl.getResponse(HttpURLConnectionImpl.java:273)
W/System.err( 2226):    at libcore.net.http.HttpURLConnectionImpl.getInputStream(HttpURLConnectionImpl.java:168)
W/System.err( 2226):    at com.coship.cibn.ConfAddress.AddressFromService.downSysSettingsFile(AddressFromService.java:317)
W/System.err( 2226):    at com.coship.cibn.ConfAddress.AddressFromService.access$100(AddressFromService.java:45)
W/System.err( 2226):    at com.coship.cibn.ConfAddress.AddressFromService$DownLoadSysSettingData.run(AddressFromService.java:125)
W/System.err( 2226):    at com.coship.cibn.ConfAddress.AddressFromService$DownLoadSysSettingData.<init>(AddressFromService.java:102)
W/System.err( 2226):    at com.coship.cibn.ConfAddress.AddressFromService$1.run(AddressFromService.java:84)
W/System.err( 2226):    at java.lang.Thread.run(Thread.java:856)
W/System.err( 2226): Caused by: libcore.io.GaiException: getaddrinfo failed: EAI_NODATA (No address associated with hostname)
W/System.err( 2226):    at libcore.io.Posix.getaddrinfo(Native Method)
W/System.err( 2226):    at libcore.io.ForwardingOs.getaddrinfo(ForwardingOs.java:55)
W/System.err( 2226):    at java.net.InetAddress.lookupHostByName(InetAddress.java:411)
W/System.err( 2226):    ... 19 more
V/BaseSQLProvider( 2226): update CIBNAddressData msg to db!
E/AuthResultProvider( 2226):   uri.getPathSegments() ==  []
W/System.err( 2226): java.net.UnknownHostException: Unable to resolve host "cfg.longvisionmedia.com": No address associated with hostname
W/System.err( 2226):    at java.net.InetAddress.lookupHostByName(InetAddress.java:426)
W/System.err( 2226):    at java.net.InetAddress.getAllByNameImpl(InetAddress.java:242)
W/System.err( 2226):    at java.net.InetAddress.getAllByName(InetAddress.java:220)
W/System.err( 2226):    at libcore.net.http.HttpConnection.<init>(HttpConnection.java:71)
W/System.err( 2226):    at libcore.net.http.HttpConnection.<init>(HttpConnection.java:50)
W/System.err( 2226):    at libcore.net.http.HttpConnection$Address.connect(HttpConnection.java:351)
W/System.err( 2226):    at libcore.net.http.HttpConnectionPool.get(HttpConnectionPool.java:86)
W/System.err( 2226):    at libcore.net.http.HttpConnection.connect(HttpConnection.java:128)
W/System.err( 2226):    at libcore.net.http.HttpEngine.openSocketConnection(HttpEngine.java:308)
W/System.err( 2226):    at libcore.net.http.HttpEngine.connect(HttpEngine.java:303)
W/System.err( 2226):    at libcore.net.http.HttpEngine.sendSocketRequest(HttpEngine.java:282)
W/System.err( 2226):    at libcore.net.http.HttpEngine.sendRequest(HttpEngine.java:232)
W/System.err( 2226):    at libcore.net.http.HttpURLConnectionImpl.getResponse(HttpURLConnectionImpl.java:273)
W/System.err( 2226):    at libcore.net.http.HttpURLConnectionImpl.getInputStream(HttpURLConnectionImpl.java:168)
W/System.err( 2226):    at com.coship.cibn.ConfAddress.AddressFromService.downSysSettingsFile(AddressFromService.java:317)
W/System.err( 2226):    at com.coship.cibn.ConfAddress.AddressFromService.access$100(AddressFromService.java:45)
W/System.err( 2226):    at com.coship.cibn.ConfAddress.AddressFromService$DownLoadSysSettingData.run(AddressFromService.java:125)
W/System.err( 2226):    at com.coship.cibn.ConfAddress.AddressFromService$DownLoadSysSettingData.<init>(AddressFromService.java:102)
W/System.err( 2226):    at com.coship.cibn.ConfAddress.AddressFromService$1.run(AddressFromService.java:84)
W/System.err( 2226):    at java.lang.Thread.run(Thread.java:856)
W/System.err( 2226): Caused by: libcore.io.GaiException: getaddrinfo failed: EAI_NODATA (No address associated with hostname)
W/System.err( 2226):    at libcore.io.Posix.getaddrinfo(Native Method)
W/System.err( 2226):    at libcore.io.ForwardingOs.getaddrinfo(ForwardingOs.java:55)
W/System.err( 2226):    at java.net.InetAddress.lookupHostByName(InetAddress.java:411)
W/System.err( 2226):    ... 19 more
V/BaseSQLProvider( 2226): update CIBNAddressData msg to db!
E/AuthResultProvider( 2226):   uri.getPathSegments() ==  []
D/dalvikvm( 2226): GC_FOR_ALLOC freed 631K, 22% free 16927K/21571K, paused 30ms
D/dalvikvm( 1815): GC_CONCURRENT freed 840K, 62% free 3008K/7747K, paused 3ms+3ms
I/Process ( 1075): Sending signal. PID: 2226 SIG: 3
I/dalvikvm( 2226): threadid=3: reacting to signal 3
D/UploadCheckerService( 1620): Can't Connect to CIBN_SERVER_PATH!  Address: http://tms.cibntest.ysten.com:8080
D/UploadCheckerService( 1620): Can't Connect to CIBN_SERVER_PATH!  retryTime is : 32
I/dalvikvm( 2226): Wrote stack traces to '/data/anr/traces.txt'
D/dalvikvm( 2226): GC_FOR_ALLOC freed 563K, 20% free 18266K/22723K, paused 33ms
D/dalvikvm( 1815): GC_CONCURRENT freed 900K, 62% free 2984K/7747K, paused 3ms+3ms
D/dalvikvm( 2226): GC_CONCURRENT freed 1386K, 22% free 18878K/24003K, paused 2ms+6ms
D/dalvikvm( 2226): GC_FOR_ALLOC freed 283K, 23% free 18706K/24003K, paused 32ms
I/dalvikvm-heap( 2226): Grow heap (frag case) to 22.516MB for 679632-byte allocation
D/dalvikvm( 2226): GC_FOR_ALLOC freed 2K, 22% free 19368K/24707K, paused 32ms
I/Process ( 1075): Sending signal. PID: 2226 SIG: 3
I/dalvikvm( 2226): threadid=3: reacting to signal 3
I/dalvikvm( 2226): Wrote stack traces to '/data/anr/traces.txt'
D/dalvikvm( 2226): GC_FOR_ALLOC freed 3K, 19% free 20448K/24963K, paused 34ms
D/dalvikvm( 1815): GC_CONCURRENT freed 870K, 63% free 2923K/7747K, paused 2ms+3ms
D/dalvikvm( 2226): GC_FOR_ALLOC freed 784K, 20% free 21053K/26179K, paused 36ms
D/dalvikvm( 2226): GC_FOR_ALLOC freed 1027K, 20% free 21226K/26435K, paused 37ms
D/dalvikvm( 2226): GC_FOR_ALLOC freed 4K, 18% free 22345K/27011K, paused 35ms
D/dalvikvm( 2226): GC_FOR_ALLOC freed 2K, 17% free 22905K/27587K, paused 40ms
D/dalvikvm( 2226): GC_FOR_ALLOC freed 1K, 17% free 23465K/28163K, paused 35ms
I/Process ( 1075): Sending signal. PID: 2226 SIG: 3
I/dalvikvm( 2226): threadid=3: reacting to signal 3
I/dalvikvm( 2226): Wrote stack traces to '/data/anr/traces.txt'
D/dalvikvm( 1815): GC_CONCURRENT freed 796K, 64% free 2848K/7747K, paused 2ms+3ms
D/dalvikvm( 2226): GC_FOR_ALLOC freed 740K, 18% free 23573K/28739K, paused 45ms
D/PortalRefreshService( 2226): CIBN ---> onCreate
D/PortalRefreshService( 2226): CIBN ---> onStartCommand
D/PortalRefreshService( 2226): CIBN ---> onStart
D/PortalRefreshService( 2226): CIBN ---> onStartCommand
D/PortalRefreshService( 2226): CIBN ---> onStart
D/PortalRefreshService( 2226): CIBN ---> onStartCommand
D/PortalRefreshService( 2226): CIBN ---> onStart
D/dalvikvm( 1815): GC_CONCURRENT freed 696K, 64% free 2841K/7747K, paused 2ms+3ms
I/ActivityManager( 1075): Displayed com.coship.cibn/.MainActivity: +2s875ms (total +3s121ms)
I/PortalRefreshService( 2226): CIBN --->  handle - MSG_PORTAL_REFRESH_ID
I/PortalRefreshService( 2226): CIBN ---> UpdatePortalTimerTask
I/PortalRefreshService( 2226): CIBN ---> Thread: Start to download Portal-Data!
I/IDataTaskEntity( 2226): http://cibn-iepg.longvisionmedia.com:8881/portalMS/videoInfo!getVideoList.action?queryType=1&start=1&limit=10&orderFlag=1
I/IDataTaskEntity( 2226): http://cibn-iepg.longvisionmedia.com:8881/portalMS/videoInfo!getVideoList.action?queryType=2&start=1&limit=10&orderFlag=1
I/IDataTaskEntity( 2226): http://cibn-iepg.longvisionmedia.com:8881/portalMS/videoInfo!getVideoList.action?queryType=4&start=1&limit=10&orderFlag=1
I/IDataTaskEntity( 2226): http://cibn-iepg.longvisionmedia.com:8881/portalMS/videoInfo!getVideoList.action?queryType=8&start=1&limit=10&orderFlag=1
I/IDataTaskEntity( 2226): http://cibn-iepg.longvisionmedia.com:8881/portalMS/videoInfo!getVideoList.action?queryType=3&start=1&limit=10&orderFlag=1
W/dalvikvm( 2226): threadid=12: thread exiting with uncaught exception (group=0x40fa81f8)
E/AndroidRuntime( 2226): FATAL EXCEPTION: AsyncTask #1
E/AndroidRuntime( 2226): java.lang.NullPointerException
E/AndroidRuntime( 2226):        at com.coship.cibn.controller.VideoDataTask.downLoadPoster(VideoDataTask.java:88)
E/AndroidRuntime( 2226):        at com.coship.cibn.controller.VideoDataTask.run(VideoDataTask.java:62)
E/AndroidRuntime( 2226):        at com.coship.cibn.controller.PortalRefreshService$SerialExecutor$1.run(PortalRefreshService.java:307)
E/AndroidRuntime( 2226):        at java.util.concurrent.ThreadPoolExecutor.runWorker(ThreadPoolExecutor.java:1076)
E/AndroidRuntime( 2226):        at java.util.concurrent.ThreadPoolExecutor$Worker.run(ThreadPoolExecutor.java:569)
E/AndroidRuntime( 2226):        at java.lang.Thread.run(Thread.java:856)
W/ActivityManager( 1075): Process com.coship.cibn has crashed too many times: killing!
W/ActivityManager( 1075):   Force finishing activity com.coship.cibn/.MainActivity
D/SlideManagerRootImpl( 2226): stop = 0
I/ActivityManager( 1075): START {act=android.intent.action.MAIN cat=[android.intent.category.HOME] flg=0x10000000 cmp=com.coship.cibn/.MainActivity} from pid 0
W/WindowManager( 1075): Token{417d5058 ActivityRecord{418b5a20 com.coship.cibn/.MainActivity}} failed creating starting window
W/WindowManager( 1075): android.view.InflateException: Binary XML file line #34: Error inflating class <unknown>
W/WindowManager( 1075):         at android.view.LayoutInflater.createView(LayoutInflater.java:606)
W/WindowManager( 1075):         at com.android.internal.policy.impl.PhoneLayoutInflater.onCreateView(PhoneLayoutInflater.java:56)
W/WindowManager( 1075):         at android.view.LayoutInflater.onCreateView(LayoutInflater.java:653)
W/WindowManager( 1075):         at android.view.LayoutInflater.createViewFromTag(LayoutInflater.java:678)
W/WindowManager( 1075):         at android.view.LayoutInflater.rInflate(LayoutInflater.java:739)
W/WindowManager( 1075):         at android.view.LayoutInflater.inflate(LayoutInflater.java:489)
W/WindowManager( 1075):         at android.view.LayoutInflater.inflate(LayoutInflater.java:396)
W/WindowManager( 1075):         at android.view.LayoutInflater.inflate(LayoutInflater.java:352)
W/WindowManager( 1075):         at com.android.internal.policy.impl.PhoneWindow.generateLayout(PhoneWindow.java:2707)
W/WindowManager( 1075):         at com.android.internal.policy.impl.PhoneWindow.installDecor(PhoneWindow.java:2767)
W/WindowManager( 1075):         at com.android.internal.policy.impl.PhoneWindow.getDecorView(PhoneWindow.java:1534)
W/WindowManager( 1075):         at com.android.internal.policy.impl.PhoneWindowManager.addStartingWindow(PhoneWindowManager.java:1340)
W/WindowManager( 1075):         at com.android.server.wm.WindowManagerService$H.handleMessage(WindowManagerService.java:6631)
W/WindowManager( 1075):         at android.os.Handler.dispatchMessage(Handler.java:99)
W/WindowManager( 1075):         at android.os.Looper.loop(Looper.java:137)
W/WindowManager( 1075):         at com.android.server.wm.WindowManagerService$WMThread.run(WindowManagerService.java:704)
W/WindowManager( 1075): Caused by: java.lang.reflect.In[  145.421577] binder: release proc 2226, transaction 26011, not freed
vocationTargetException
W/WindowManager( 1075):         at java.lang.reflect.Constructor.constructNative(Native Method)
W/WindowManager( 1075):         at java.lang.reflect.Constructor.newInstance(Constructor.java:417)
W/WindowManager( 1075):         at android.view.LayoutInflater.createView(LayoutInflater.java:586)
W/WindowManager( 1075):         ... 15 more
W/WindowManager( 1075): Caused by: android.content.res.Resources$NotFoundException: Resource is not a Drawable (color or path): TypedValue{t=0x2/d=0x1010059 a=-1}
W/WindowManager( 1075):         at android.content.res.Resources.loadDrawable(Resources.java:1897)
W/WindowManager( 1075):         at android.content.res.TypedArray.getDrawable(TypedArray.java:601)
W/WindowManager( 1075):         at android.widget.FrameLayout.<init>(FrameLayout.java:107)
W/WindowManager( 1075):         at android.widget.FrameLayout.<init>(FrameLayout.java:95)
W/WindowManager( 1075):         ... 18 more
W/dalvikvm( 2226): threadid=15: thread exiting with uncaught exception (group=0x40fa81f8)
I/Process ( 2226): Sending signal. PID: 2226 SIG: 9
D/CheckNetWork( 1799): isOk true
D/CheckNetWork( 1799): ActInfoNetworkInfo: type: WIFI[], state: CONNECTED/CONNECTED, reason: (unspecified), extra: (none), roaming: false, failover: false, isAvailable: true
D/dalvikvm( 1815): GC_CONCURRENT freed 677K, 63% free 2867K/7747K, paused 44ms+4ms
D/CheckNetWork( 1799): infoNetworkInfo: type: WIFI[], state: CONNECTED/CONNECTED, reason: (unspecified), extra: (none), roaming: false, failover: false, isAvailable: true
