E/ActivityManager(  935):   2.5% 1021/surfaceflinger: 1% user + 1.4% kernel
E/ActivityManager(  935):   2% 744/mediaserver: 0.8% user + 1.1% kernel / faults: 7 minor
E/ActivityManager(  935):   1.7% 762/keydispatch_wq/: 0% user + 1.7% kernel
E/ActivityManager(  935):   1% 1585/ksdioirqd/mmc1: 1% user + 0% kernel
E/ActivityManager(  935):   0.4% 1140/com.android.systemui: 0.4% user + 0% kernel / faults: 197 minor
E/ActivityManager(  935):   0.5% 992/MOAL_WORK_QUEUE: 0% user + 0.5% kernel
E/ActivityManager(  935):   0.4% 6/ksoftirqd/1: 0.4% user + 0% kernel
E/ActivityManager(  935):   0.4% 750/mdnsd: 0.1% user + 0.2% kernel
E/ActivityManager(  935):   0.4% 1197/com.android.inputmethod.pinyin: 0.4% user + 0% kernel / faults: 22 minor
E/ActivityManager(  935):   0.2% 420/mmcqd: 0% user + 0.2% kernel
E/ActivityManager(  935):   0.1% 789/mali/0: 0% user + 0.1% kernel
E/ActivityManager(  935):   0.1% 791/mali-pmm-wq: 0% user + 0.1% kernel
E/ActivityManager(  935):   0% 1192/mrl_supplicant: 0% user + 0% kernel
E/ActivityManager(  935):   0.1% 1720/com.coship.stpservice: 0.1% user + 0% kernel
E/ActivityManager(  935): 17% TOTAL: 13% user + 4.1% kernel + 0% iowait + 0% softirq
E/ActivityManager(  935): CPU usage from 622ms to 1153ms later:
E/ActivityManager(  935):   71% 1614/com.coship.Multimedia: 58% user + 13% kernel / faults: 316 minor
E/ActivityManager(  935):     37% 2121/55.255.250:1900: 32% user + 5.6% kernel
E/ActivityManager(  935):     30% 1615/GC: 22% user + 7.5% kernel
E/ActivityManager(  935):     1.8% 1621/Compiler: 1.8% user + 0% kernel
E/ActivityManager(  935):     1.8% 1623/FinalizerDaemon: 1.8% user + 0% kernel
E/ActivityManager(  935):   15% 754/ld-linux.so.3: 7.5% user + 7.5% kernel / faults: 1 minor
E/ActivityManager(  935):     11% 1064/CECMonitor: 1.8% user + 9.4% kernel
E/ActivityManager(  935):     1.8% 979/754MStar IR: 1.8% user + 0% kernel
E/ActivityManager(  935):     1.8% 1014/CI Init Monitor: 0% user + 1.8% kernel
E/ActivityManager(  935):   15% 935/system_server: 3.7% user + 11% kernel / faults: 13 minor
E/ActivityManager(  935):     13% 1081/InputDispatcher: 3.7% user + 9.4% kernel
E/ActivityManager(  935):     3.7% 1075/PowerManagerSer: 0% user + 3.7% kernel
E/ActivityManager(  935):     1.8% 1082/InputReader: 1.8% user + 0% kernel
E/ActivityManager(  935):   11% 762/keydispatch_wq/: 0% user + 11% kernel
E/ActivityManager(  935):   1% 6/ksoftirqd/1: 1% user + 0% kernel
E/ActivityManager(  935):   1.8% 744/mediaserver: 0% user + 1.8% kernel
E/ActivityManager(  935):     1.8% 931/AudioOut_1: 0% user + 1.8% kernel
E/ActivityManager(  935):   1.2% 992/MOAL_WORK_QUEUE: 0% user + 1.2% kernel
E/ActivityManager(  935):   1.2% 1282/com.coship.BootWizard: 1.2% user + 0% kernel / faults: 9 minor
E/ActivityManager(  935):     1.2% 1282/ship.BootWizard: 1.2% user + 0% kernel
E/ActivityManager(  935): 24% TOTAL: 14% user + 9% kernel + 0.7% softirq
D/dalvikvm(  935): GC_FOR_ALLOC freed 440K, 57% free 3683K/8387K, paused 36ms
I/dalvikvm-heap(  935): Grow heap (frag case) to 7.368MB for 178304-byte allocation
D/dalvikvm(  935): GC_FOR_ALLOC freed <1K, 56% free 3857K/8579K, paused 55ms
D/dalvikvm(  935): GC_FOR_ALLOC freed 240K, 57% free 3704K/8579K, paused 43ms
D/TextLayoutCache(  935): Using debug level: 0 - Debug Enabled: 0
D/dalvikvm( 1614): GC_CONCURRENT freed 589K, 64% free 2667K/7299K, paused 14ms+2ms
D/dalvikvm(  935): GC_FOR_ALLOC freed 247K, 56% free 3786K/8579K, paused 50ms
I/dalvikvm-heap(  935): Grow heap (frag case) to 7.904MB for 635812-byte allocation
D/dalvikvm(  935): GC_FOR_ALLOC freed 1K, 53% free 4405K/9219K, paused 45ms
D/dalvikvm(  935): GC_FOR_ALLOC freed 0K, 53% free 4405K/9219K, paused 45ms
I/dalvikvm-heap(  935): Grow heap (frag case) to 8.171MB for 281896-byte allocation
D/dalvikvm(  935): GC_FOR_ALLOC freed 0K, 51% free 4681K/9539K, paused 42ms
D/dalvikvm( 1614): GC_CONCURRENT freed 758K, 64% free 2656K/7299K, paused 2ms+3ms
D/dalvikvm( 1614): GC_CONCURRENT freed 733K, 64% free 2669K/7299K, paused 1ms+2ms
D/dalvikvm( 1614): GC_CONCURRENT freed 761K, 64% free 2657K/7299K, paused 2ms+2ms
D/dalvikvm( 1614): GC_CONCURRENT freed 735K, 64% free 2659K/7299K, paused 1ms+3ms
D/HomePlayerLib( 1614): hostaddress count is 1
D/dalvikvm( 1614): GC_CONCURRENT freed 735K, 64% free 2660K/7299K, paused 2ms+2ms
D/dalvikvm( 1614): GC_CONCURRENT freed 741K, 65% free 2555K/7299K, paused 2ms+2ms
D/dalvikvm( 1614): GC_CONCURRENT freed 606K, 66% free 2539K/7299K, paused 2ms+2ms
D/dalvikvm( 1614): GC_CONCURRENT freed 595K, 66% free 2551K/7299K, paused 2ms+3ms
D/dalvikvm( 1614): GC_CONCURRENT freed 613K, 66% free 2526K/7299K, paused 3ms+3ms
D/dalvikvm( 1614): GC_CONCURRENT freed 582K, 66% free 2546K/7299K, paused 2ms+2ms
D/dalvikvm( 1614): GC_CONCURRENT freed 583K, 66% free 2548K/7299K, paused 2ms+3ms
D/dalvikvm( 1614): GC_CONCURRENT freed 611K, 65% free 2560K/7299K, paused 2ms+2ms
D/dalvikvm( 1614): GC_CONCURRENT freed 612K, 66% free 2546K/7299K, paused 2ms+2ms
D/dalvikvm( 1614): GC_CONCURRENT freed 608K, 65% free 2561K/7299K, paused 2ms+2ms
D/dalvikvm( 1614): GC_CONCURRENT freed 625K, 65% free 2560K/7299K, paused 2ms+3ms
D/dalvikvm( 1614): GC_CONCURRENT freed 625K, 65% free 2561K/7299K, paused 2ms+2ms
D/dalvikvm( 1614): GC_CONCURRENT freed 615K, 66% free 2547K/7299K, paused 2ms+2ms
D/dalvikvm( 1614): GC_CONCURRENT freed 609K, 65% free 2560K/7299K, paused 2ms+3ms
D/dalvikvm( 1614): GC_CONCURRENT freed 624K, 65% free 2560K/7299K, paused 2ms+2ms
D/dalvikvm( 1614): GC_CONCURRENT freed 627K, 65% free 2559K/7299K, paused 2ms+2ms
D/dalvikvm( 1614): GC_CONCURRENT freed 613K, 65% free 2592K/7299K, paused 2ms+2ms
D/dalvikvm( 1614): GC_CONCURRENT freed 665K, 64% free 2632K/7299K, paused 1ms+2ms
D/dalvikvm( 1614): GC_CONCURRENT freed 707K, 64% free 2636K/7299K, paused 2ms+2ms
D/dalvikvm( 1614): GC_CONCURRENT freed 718K, 65% free 2606K/7299K, paused 6ms+2ms
D/dalvikvm( 1140): GC_CONCURRENT freed 568K, 60% free 2989K/7299K, paused 1ms+2ms
D/dalvikvm( 1614): GC_CONCURRENT freed 676K, 66% free 2549K/7299K, paused 2ms+3ms
D/dalvikvm( 1614): GC_CONCURRENT freed 610K, 65% free 2561K/7299K, paused 2ms+2ms
D/dalvikvm( 1614): GC_CONCURRENT freed 623K, 66% free 2534K/7299K, paused 2ms+2ms
D/dalvikvm( 1614): GC_CONCURRENT freed 571K, 65% free 2592K/7299K, paused 1ms+4ms
D/dalvikvm( 1614): GC_CONCURRENT freed 662K, 64% free 2636K/7299K, paused 2ms+3ms
D/HomePlayerLib( 1614): hostaddress count is 1
D/dalvikvm( 1614): GC_CONCURRENT freed 712K, 66% free 2545K/7299K, paused 2ms+2ms
D/dalvikvm( 1614): GC_CONCURRENT freed 606K, 66% free 2544K/7299K, paused 2ms+2ms
D/dalvikvm( 1614): GC_CONCURRENT freed 590K, 64% free 2690K/7299K, paused 2ms+2ms
D/dalvikvm( 1614): GC_CONCURRENT freed 783K, 64% free 2659K/7299K, paused 1ms+2ms
D/dalvikvm( 1614): GC_CONCURRENT freed 739K, 64% free 2637K/7299K, paused 2ms+2ms
D/dalvikvm( 1614): GC_CONCURRENT freed 723K, 66% free 2551K/7299K, paused 2ms+3ms
D/dalvikvm( 1614): GC_CONCURRENT freed 612K, 65% free 2560K/7299K, paused 2ms+2ms
D/dalvikvm( 1614): GC_CONCURRENT freed 694K, 65% free 2572K/7299K, paused 1ms+2ms
D/dalvikvm( 1614): GC_CONCURRENT freed 636K, 63% free 2748K/7299K, paused 2ms+2ms
D/dalvikvm( 1614): GC_CONCURRENT freed 868K, 66% free 2546K/7299K, paused 1ms+2ms
D/dalvikvm( 1614): GC_CONCURRENT freed 601K, 66% free 2547K/7299K, paused 2ms+2ms
D/dalvikvm( 1614): GC_CONCURRENT freed 601K, 66% free 2546K/7299K, paused 2ms+2ms
D/dalvikvm( 1614): GC_CONCURRENT freed 585K, 66% free 2548K/7299K, paused 2ms+2ms
D/dalvikvm( 1614): GC_CONCURRENT freed 610K, 66% free 2536K/7299K, paused 1ms+2ms
D/dalvikvm( 1614): GC_CONCURRENT freed 572K, 66% free 2546K/7299K, paused 2ms+2ms
D/dalvikvm( 1614): GC_CONCURRENT freed 599K, 66% free 2532K/7299K, paused 2ms+3ms
D/dalvikvm( 1614): GC_CONCURRENT freed 568K, 64% free 2671K/7299K, paused 2ms+2ms
D/dalvikvm( 1614): GC_CONCURRENT freed 773K, 64% free 2649K/7299K, paused 2ms+2ms
D/dalvikvm( 1614): GC_CONCURRENT freed 723K, 64% free 2672K/7299K, paused 1ms+2ms
D/HomePlayerLib( 1614): hostaddress count is 1
D/dalvikvm( 1614): GC_CONCURRENT freed 772K, 64% free 2654K/7299K, paused 1ms+3ms
D/dalvikvm( 1614): GC_CONCURRENT freed 753K, 65% free 2579K/7299K, paused 2ms+2ms
D/dalvikvm( 1614): GC_CONCURRENT freed 612K, 63% free 2719K/7299K, paused 2ms+2ms
D/dalvikvm( 1614): GC_CONCURRENT freed 833K, 66% free 2530K/7299K, paused 2ms+2ms
D/dalvikvm( 1614): GC_CONCURRENT freed 569K, 64% free 2654K/7299K, paused 2ms+2ms
D/dalvikvm( 1614): GC_CONCURRENT freed 744K, 66% free 2548K/7299K, paused 2ms+3ms
D/dalvikvm( 1614): GC_CONCURRENT freed 611K, 66% free 2523K/7299K, paused 2ms+2ms
D/dalvikvm( 1614): GC_CONCURRENT freed 577K, 66% free 2523K/7299K, paused 2ms+2ms
D/dalvikvm( 1614): GC_CONCURRENT freed 570K, 65% free 2561K/7299K, paused 2ms+2ms
D/dalvikvm( 1614): GC_CONCURRENT freed 624K, 65% free 2560K/7299K, paused 2ms+2ms
D/dalvikvm( 1614): GC_CONCURRENT freed 626K, 65% free 2560K/7299K, paused 2ms+2ms

[  137.935030] IR: [03932] scan key value is 0xeb148000 
[  137.935035]  
[  137.996589] IR: [03932] scan key value is 0xeb148000 
[  137.996594]  D/dalvikvm( 1614): GC_CONCURRENT freed 636K, 66% free 2527K/7299K, paused 1ms+2ms
D/InputEventConsistencyVerifier(  935): KeyEvent: ACTION_UP but key was not down.
D/InputEventConsistencyVerifier(  935):   in android.widget.Button@416eb320
D/InputEventConsistencyVerifier(  935):   0: sent at 138161000000, KeyEvent { action=ACTION_UP, keyCode=KEYCODE_DPAD_RIGHT, scanCode=106, metaState=0, flags=0x8, repeatCount=0, eventTime=138161, downTime=137940, deviceId=1, source=0x101 }

[  138.309647] IR: [03932] scan key value is 0xec138000 
[  138.309652]  D/dalvikvm( 1614): GC_CONCURRENT freed 581K, 66% free 2547K/7299K, paused 2ms+2ms
W/dalvikvm(  935): threadid=13: thread exiting with uncaught exception (group=0x40fa81f8)
E/AndroidRuntime(  935): *** FATAL EXCEPTION IN SYSTEM PROCESS: ActivityManager
E/AndroidRuntime(  935): java.lang.NullPointerException
E/AndroidRuntime(  935):        at com.android.server.am.ActivityManagerService.handleAppCrashLocked(ActivityMana
gerService.java:7572)
E/AndroidRuntime(  935):        at com.android.server.am.ActivityManagerService.killAppAtUsersRequest(ActivityManagerService.java:7523)
E/AndroidRuntime(  935):        at com.android.server.am.AppNotRespondingDialog$1.handleMessage(AppNotRespondingDialog.java:107)
E/AndroidRuntime(  935):        at android.os.Handler.dispatchMessage(Handler.java:99)
E/AndroidRuntime(  935):        at android.os.Looper.loop(Looper.java:137)
E/AndroidRuntime(  935):        at com.android.server.am.ActivityManagerService$AThread.run(ActivityManagerService.java:1435)
I/Process (  935): Sending signal. PID: 935 SIG: 9
I/ActivityThread( 1720): Removing dead content provider: settings
I/ActivityThread( 1568): Removing dead content provider: settings
I/ActivityThread( 1601): Removing dead content provider: settings
I/ActivityThread( 1388): Removing dead content provider: settings
I/ActivityThread( 1236): Removing dead content provider: settings
I/ActivityThread( 1282): Removing dead content provider: settings
I/ActivityThread( 1140): Removing dead content provider: settings
I/ActivityThread( 1300): Removing dead content provider: settings
I/ActivityThread( 1197): Removing dead content provider: settings
I/ServiceManager(  737): service 'netstats' died
I/ServiceManager(  737): service 'device_policy' died
I/ServiceManager(  737): service 'content' died
I/ServiceManager(  737): service 'sensorservice' died
I/ServiceManager(  737): service 'entropy' died
I/ServiceManager(  737): service 'usagestats' died
I/ServiceManager(  737): service 'telephony.registry' died
I/ServiceManager(  737): service 'batteryinfo' died
I/ServiceManager(  737): service 'power' died
I/ServiceManager(  737): service 'network_management' died
I/ServiceManager(  737): service 'vibrator' died
I/ServiceManager(  737): service 'package' died
I/ServiceManager(  737): service 'activity' died
I/ServiceManager(  737): service 'meminfo' died
I/ServiceManager(  737): service 'gfxinfo' died
I/ServiceManager(  737): service 'cpuinfo' died
I/ServiceManager(  737): service 'permission' died
I/ServiceManager(  737): service 'alarm' died
I/ServiceManager(  737): service 'samplingprofiler' died
I/ServiceManager(  737): service 'window' died
I/ServiceManager(  737): service 'bluetooth' died
I/ServiceManager(  737): service 'clipboard' died
I/ServiceManager(  737): service 'account' died
I/ServiceManager(  737): service 'hardware' died
I/ServiceManager(  737): service 'battery' died
I/ServiceManager(  737): service 'pppoe' died
I/ServiceManager(  737): service 'bluetooth_a2dp' died
I/ServiceManager(  737): service 'wifip2p' died
I/ServiceManager(  737): service 'wifi' died
I/ServiceManager(  737): service 'throttle' died
I/ServiceManager(  737): service 'connectivity' died
I/ServiceManager(  737): service 'notification' died
I/ServiceManager(  737): service 'country_detector' died
I/ServiceManager(  737): service 'ethernet' died
I/ServiceManager(  737): service 'search' died
I/ServiceManager(  737): service 'location' died
I/ServiceManager(  737): service 'devicestoragemonitor' died
I/ServiceManager(  737): service 'mount' died
I/ServiceManager(  737): service 'statusbar' died
I/ServiceManager(  737): service 'tv_services' died
I/ServiceManager(  737): service 'textservices' died
I/ServiceManager(  737): service 'netpolicy' died
I/ServiceManager(  737): service 'accessibility' died
I/ServiceManager(  737): service 'input_method' died
I/ServiceManager(  737): service 'dropbox' died
I/ServiceManager(  737): service 'wallpaper' died
I/ServiceManager(  737): service 'backup' died
I/ServiceManager(  737): service 'appwidget' died
I/ServiceManager(  737): service 'audio' died
I/ServiceManager(  737): service 'usb' died
I/ServiceManager(  737): service 'uimode' died
I/ServiceManager(  737): service 'diskstats' died
I/ServiceMan[  138.868009] init: untracked pid 739 exited
ager(  737): service 'sip' died
D/dalvikvm(  742): GC_EXPLICIT freed 465K, 44% free 6598K/11651K, paused 1ms+4ms
E/InputQueue-JNI( 1282): channel '416544b0 com.coship.BootWizard/com.coship.BootWizard.main (client)' ~ Publisher closed input channel or an error occurred.  events=0x8
E/InputQueue-JNI( 1140): channel '415c5e60 NotificationPanel (client)' ~ Publisher closed input channel or an error occurred.  events=0x8
E/InputQueue-JNI( 1140): channel '415ce480 RecentsPanel (client)' ~ Publisher closed inp[  138.916837] init: untracked pid 744 exited
ut channel or an error occurred.  events=0x8
E/InputQueue-JNI( 1140): channel '4155b4b8 InputMethodsPanel (client)' ~ Publisher closed input channel or an error occurred.  events=0x8
E/InputQueue-JNI( 1140)[  138.938839] init: untracked pid 1122 exited
: channel '415dd[  138.944045] init: untracked pid 1197 exited
be0 CompatModePanel (client)' ~ [  138.950865] init: untracked pid 1236 exited
Publisher closed[  138.956661] init: untracked pid 1254 exited
 input channel o[  138.962431] init: untracked pid 1262 exited
r an error occur[  138.968226] init: untracked pid 1300 exited
red.  events=0x8[  138.973861] init: untracked pid 1336 exited

E/InputQueue-J[  138.979382] init: untracked pid 1140 exited
NI( 1140): chann[  138.984826] init: untracked pid 1375 exited
el '416238f0 Sta[  138.990508] init: untracked pid 1388 exited
tusBar (client)'[  138.996166] init: untracked pid 1282 exited
 ~ Publisher clo[  139.002270] init: untracked pid 1399 exited
sed input channe[  139.007235] init: untracked pid 1485 exited
l or an error oc[  139.012824] init: untracked pid 1508 exited
curred.  events=[  139.018293] init: untracked pid 1525 exited
0x8
E/InputQueu[  139.024388] init: untracked pid 1553 exited
e-JNI( 1140): ch[  139.029850] init: untracked pid 1568 exited
annel '415e5f20 [  139.035249] init: untracked pid 1587 exited
com.android.syst[  139.040636] init: untracked pid 1601 exited
emui.ImageWallpa[  139.046250] init: untracked pid 1614 exited
per (client)' ~ [  139.051748] init: untracked pid 1648 exited
Publisher closed input channel o[  139.059268] init: untracked pid 1665 exited
r an error occurred.  events=0x8
E/installd(  746): eof
E/installd(  746): fai[  139.069917] init: untracked pid 1682 exited
led to read size[  139.076336] init: untracked pid 1698 exited

I/installd(  7[  139.081049] init: untracked pid 1720 exited
46): closing con[  139.086777] init: untracked pid 1747 exited
nection
D/dalvi[  139.092379] init: untracked pid 1763 exited
kvm(  742): GC_E[  139.098047] init: untracked pid 1792 exited
XPLICIT freed 32[  139.103294] init: untracked pid 2078 exited
K, 44% free 6565K/11651K, paused 1ms+3ms
D/dalvikvm(  742): GC_EXPLICIT freed <1K, 44% free 6565K/11651K, paused 2ms+3ms
I/Zygote  (  742): Exit zygote because system server (935) has terminated
E/InputQueue-JNI( 1197): channel '416bfb60 InputMethod (client)' ~ Publisher closed input channel or an error occurred.  events=0x8
I/ServiceManager(  737): service 'bluetoothheadset' died
I/ServiceManager(  737): service 'media.audio_flinger' died
I/ServiceManager(  737): service 'media.player' died
I/ServiceManager(  737): service 'media.camera' died
I/ServiceManager(  737): service 'media.audio_policy' died
I//lib/ld-linux.so.3(  748): [COMMUI]ThirdPartyTvManagerService::Client destructor(callingPid 1720)
I//lib/ld-linux.so.3(  748): [COMMUI]DtvAvTerm(callingPid 754, clientPid 1720)
I//lib/ld-linux.so.3(  748): [COMMUI]DtvSystemFinalize(callingPid 754, clientPid 1720)
I/Netd    ( 2150): Netd 1.0 starting
E/Netd    ( 2150): Unable to create netlink socket: Protocol not supported
E/Netd    ( 2150): Unable to open quota2 logging socket
I/ServiceManager( 2147): Waiting for service media.audio_flinger...
D/AndroidRuntime( 2152): 
D/AndroidRuntime( 2152): >>>>>> AndroidRuntime START com.android.internal.os.ZygoteInit <<<<<<
D/AndroidRuntime( 2152): CheckJNI is ON
I/ethernet( 2152): Loading ethernet jni class
I/SamplingProfilerIntegration( 2152): Profiling disabled.
D/dalvikvm( 2152): GC_EXPLICIT freed 27K, 91% free 406K/4096K, paused 1ms+3ms
D/dalvikvm( 2152): GC_EXPLICIT freed <1K, 91% free 405K/4096K, paused 0ms+4ms
D/dalvikvm( 2152): GC_EXPLICIT freed <1K, 91% free 405K/4096K, paused 10ms+0ms
I/dalvikvm( 2152): System server process 2175 has been created
I/        ( 2149): ServiceManager: 0xfdc8
I/Zygote  ( 2152): Accepting command socket connections
E/audio_hw_btsco( 2149): open btsco device
E/AudioFlinger( 2149): couldn't open audio hw device in audio.btsco (Success)
I/AudioFlinger( 2149): Loaded btsco audio interface from Default audio HW HAL (audio)
I/AudioFlinger( 2149): Using 'Default audio HW HAL' (audio.btsco) as the primary audio interface
V/audio_hw_primary( 2149): 
V/audio_hw_primary( 2149): adev_open -------------------- build Apr 29 2013 16:13:49
E/AudioFlinger( 2149): couldn't open audio hw device in audio.primary (Success)
I/AudioFlinger( 2149): Loaded primary audio interface from MStar audio HW HAL (audio)
E/AudioFlinger( 2149): couldn't open audio hw device in audio.a2dp (Success)
I/AudioFlinger( 2149): Loaded a2dp audio interface from A2DP Audio HW HAL (audio)
I/CameraService( 2149): CameraService started (pid=2149)
V/audio_hw_primary( 2149): adev_open_output_stream dev:2 fmt/chn/sr 0 0 0
V/audio_hw_primary( 2149): adev_open_output_stream: Open PCM_OUT ch/sr/fmt 2/44100/0, ps/pc 1024/4
I/tinyalsa( 2149): open /dev/snd/pcmC0D0p in Block mode
V/audio_hw_primary( 2149): out_get_buffer_size:10ms=1024 frame, should 16 align!
V/audio_hw_primary( 2149): out_get_latency ret 10ms
V/audio_hw_primary( 2149): out_get_latency ret 10ms
I/AudioFlinger( 2149): AudioFlinger's thread 0x21330 ready to run
V/audio_hw_primary( 2149): out_get_latency ret 10ms
W/AudioFlinger( 2149): Thread AudioOut_1 cannot connect to the power manager service
V/audio_hw_primary( 2149): out_set_parameters: routing=2
I/AudioPolicyService( 2149): Loaded audio policy from LEGACY Audio Policy HAL (audio_policy)
E/BatteryService( 2175): acOnlinePath not found
E/BatteryService( 2175): usbOnlinePath not found
E/BatteryService( 2175): batteryStatusPath not found
E/BatteryService( 2175): batteryHealthPath not found
E/BatteryService( 2175): batteryPresentPath not found
E/BatteryService( 2175): batteryCapacityPath not found
E/BatteryService( 2175): batteryVoltagePath not found
E/BatteryService( 2175): batteryTemperaturePath not found
E/BatteryService( 2175): batteryTechnologyPath not found
I/sysproc ( 2175): Entered system_init()
I/sysproc ( 2175): ServiceManager: 0xe23a0
D/SensorService( 2175): nuSensorService starting...
I/SensorSer[  140.170674] IR: [03932] scan key value is 0xec138000 
[  140.170679]  vice( 2175): Goldfish 3-axis Accelerometer
I/SensorService( 2175): Goldfish 3-axis Magnetic field sensor
I/SensorService( 2175): Goldfish Orientation sensor
I/SensorService( 2175): Goldfish Temperature sensor
I/SensorService( 2175): Goldfish Gyroscope sensor
I/SensorService( 2175): Goldfish Gravity sensor
I/SensorService( 2175): Goldfish Linear acceleration sensor
I/SensorService( 2175): Goldfish Rotation vector sensor
I/sysproc ( 2175): System server: starting Android runtime.
D/SensorService( 2175): nuSensorService thread starting...
I/sysproc ( 2175): System server: starting Android services.
I/SystemServer( 2175): Entered the Android system server!
I/sysproc ( 2175): System server: entering thread pool.
I/SystemServer( 2175): Entropy Service
I/SystemServer( 2175): Power Manager
D/libEGL  ( 2147): loaded /system/lib/egl/libGLES_android.so
V/audio_hw_primary( 2149): out_get_latency ret 10ms
D/dalvikvm( 2175): GC_CONCURRENT freed 149K, 86% free 646K/4483K, paused 0ms+1ms
I/SystemServer( 2175): Activity Manager
I/ActivityManager( 2175): Memory class: 64
D/libEGL  ( 2147): loaded /system/lib/egl/libEGL_mali.so
D/libEGL  ( 2147): loaded /system/lib/egl/libGLESv1_CM_mali.so
D/libEGL  ( 2147): loaded /system/lib/egl/libGLESv2_mali.so
D/dalvikvm( 2175): GC_CONCURRENT freed 254K, 84% free 811K/4803K, paused 1ms+4ms
I/SystemServer( 2175): Telephony Registry
I/ActivityManager( 2175): Enabled StrictMode logging for AThread's Looper
I/SystemServer( 2175): Package Manager
D/dalvikvm( 2175): GC_CONCURRENT freed 380K, 83% free 908K/5059K, paused 1ms+1ms
E/StrictMode( 2175): A resource was acquired at attached stack trace but never released. See java.io.Closeable for information on avoiding resource leaks.
E/StrictMode( 2175): java.lang.Throwable: Explicit termination method 'close' not called
E/StrictMode( 2175):    at dalvik.system.CloseGuard.open(CloseGuard.java:184)
E/StrictMode( 2175):    at java.io.FileInputStream.<init>(FileInputStream.java:80)
E/StrictMode( 2175):    at com.android.server.pm.UserManager.readUserList(UserManager.java:114)
E/StrictMode( 2175):    at com.android.server.pm.UserManager.<init>(UserManager.java:81)
E/StrictMode( 2175):    at com.android.server.pm.UserManager.<init>(UserManager.java:85)
E/StrictMode( 2175):    at com.android.server.pm.PackageManagerService.<init>(PackageManagerService.java:923)
E/StrictMode( 2175):    at com.android.server.pm.PackageManagerService.main(PackageManagerService.java:833)
E/StrictMode( 2175):    at com.android.server.ServerThread.run(SystemServer.java:167)
D/StrictMode( 2175): No activity manager; failed to Dropbox violation.
D/dalvikvm( 2175): GC_CONCURRENT freed 324K, 81% free 999K/5059K, paused 1ms+1ms
W/PackageManager( 2175): Running ENG build: no pre-dexopt!
W/PackageManager( 2175): Library not found: /system/framework/com.android.future.usb.accessory.jar
D/zipro   ( 2175): Zip: EOCD not found, /system/app/CIBN_out.apk is not zip
D/asset   ( 2175): failed to open Zip archive '/system/app/CIBN_out.apk'
W/PackageParser( 2175): Unable to read AndroidManifest.xml of /system/app/CIBN_out.apk
W/PackageParser( 2175): java.io.FileNotFoundException: AndroidManifest.xml
W/PackageParser( 2175):         at android.content.res.AssetManager.openXmlAssetNative(Native Method)
W/PackageParser( 2175):         at android.content.res.AssetManager.openXmlBlockAsset(AssetManager.java:487)
W/PackageParser( 2175):         at android.content.res.AssetManager.openXmlResourceParser(AssetManager.java:455)
W/PackageParser( 2175):         at android.content.pm.PackageParser.parsePackage(PackageParser.java:425)
W/PackageParser( 2175):         at com.android.server.pm.PackageManagerService.scanPackageLI(PackageManagerService.java:2847)
W/PackageParser( 2175):         at com.android.server.pm.PackageManagerService.scanDirLI(PackageManagerService.java:2771)
W/PackageParser( 2175):         at com.android.server.pm.PackageManagerService.<init>(PackageManagerService.java:1062)
W/PackageParser( 2175):         at com.android.server.pm.PackageManagerService.main(PackageManagerService.java:833)
W/PackageParser( 2175):         at com.android.server.ServerThread.run(SystemServer.java:167)
W/PackageParser( 2175): No actions in intent filter at /system/app/Bluetooth.apk Binary XML file line #125
I/PackageParser( 2175): com.coship.HS: compat added android.permission.WRITE_EXTERNAL_STORAGE android.permission.READ_PHONE_STATE
D/dalvikvm( 2175): GC_CONCURRENT freed 231K, 77% free 1211K/5187K, paused 1ms+1ms
W/PackageParser( 2175): No actions in intent filter at /system/app/Contacts.apk Binary XML file line #525
I/PackageParser( 2175): com.coship.cw880: compat added android.permission.WRITE_EXTERNAL_STORAGE android.permission.READ_PHONE_STATE
D/dalvikvm( 2175): GC_CONCURRENT freed 181K, 74% free 1451K/5379K, paused 1ms+2ms
W/PackageParser( 2175): Problem in package /system/app/STB-Settings.apk:
W/PackageParser( 2175): Unknown element under <activity>: data at /system/app/STB-Settings.apk Binary XML file line #145
W/PackageParser( 2175): Problem in package /system/app/STB-Settings.apk:
W/PackageParser( 2175): Unknown element under <activity>: action at /system/app/STB-Settings.apk Binary XML file line #231
W/PackageParser( 2175): Problem in package /system/app/STB-Settings.apk:
W/PackageParser( 2175): Unknown element under <activity>: action at /system/app/STB-Settings.apk Binary XML file line #232
W/PackageParser( 2175): Problem in package /system/app/STB-Settings.apk:
W/PackageParser( 2175): Unknown element under <activity>: action at /system/app/STB-Settings.apk Binary XML file line #289
W/PackageParser( 2175): Problem in package /system/app/STB-Settings.apk:
W/PackageParser( 2175): Unknown element under <activity>: action at /system/app/STB-Settings.apk Binary XML file line #393
W/PackageParser( 2175): Problem in package /system/app/STB-Settings.apk:
W/PackageParser( 2175): Unknown element under <activity>: action at /system/app/STB-Settings.apk Binary XML file line #394
I/PackageParser( 2175): com.iflytek.vaf.TouchKey: compat added android.permission.WRITE_EXTERNAL_STORAGE android.permission.READ_PHONE_STATE
W/PackageParser( 2175): No actions in intent filter at /system/app/com.coship.Multimedia.apk Binary XML file line #97
W/PackageParser( 2175): No actions in intent filter at /system/app/com.coship.Multimedia.apk Binary XML file line #104
I/PackageParser( 2175): com.coship.Multimedia: compat added android.permission.READ_PHONE_STATE
W/PackageParser( 2175): No actions in intent filter at /system/app/com.coship.NetworkNavigation.apk Binary XML file line #24
W/PackageParser( 2175): No actions in intent filter at /system/app/com.coship.NetworkNavigation.apk Binary XML file line #31
W/PackageParser( 2175): No actions in intent filter at /system/app/com.coship.NetworkNavigation.apk Binary XML file line #38
W/PackageParser( 2175): No actions in intent filter at /system/app/com.coship.NetworkNavigation.apk Binary XML file line #45
W/PackageParser( 2175): No actions in intent filter at /system/app/com.coship.NetworkNavigation.apk Binary XML file line #52
W/PackageParser( 2175): No actions in intent filter at /system/app/com.coship.app.vaf.apk Binary XML file line #58
I/PackageParser( 2175): com.coship.dvbplayer: compat added android.permission.READ_PHONE_STATE
W/PackageParser( 2175): No actions in intent filter at /system/app/com.coship.dvbsetting.apk Binary XML file line #103
W/PackageParser( 2175): No actions in intent filter at /system/app/com.coship.dvbsetting.apk Binary XML file line #111
W/PackageParser( 2175): No actions in intent filter at /system/app/com.coship.dvbsetting.apk Binary XML file line #119
W/PackageParser( 2175): No actions in intent filter at /system/app/com.coship.dvbsetting.apk Binary XML file line #127
W/PackageParser( 2175): No actions in intent filter at /system/app/com.coship.dvbsetting.apk Binary XML file line #135
W/PackageParser( 2175): No actions in intent filter at /system/app/com.coship.dvbsetting.apk Binary XML file line #141
W/PackageParser( 2175): No actions in intent filter at /system/app/com.coship.dvbsetting.apk Binary XML file line #155
W/PackageParser( 2175): No actions in intent filter at /system/app/com.coship.dvbsetting.apk Binary XML file line #163
W/PackageParser( 2175): No actions in intent filter at /system/app/com.coship.dvbsetting.apk Binary XML file line #172
W/PackageParser( 2175): No actions in intent filter at /system/app/com.coship.dvbsetting.apk Binary XML file line #180
W/PackageParser( 2175): No actions in intent filter at /system/app/com.coship.dvbsetting.apk Binary XML file line #187
W/PackageParser( 2175): No actions in intent filter at /system/app/com.coship.dvbsetting.apk Binary XML file line #195
D/dalvikvm( 2175): GC_CONCURRENT freed 267K, 71% free 1644K/5635K, paused 1ms+2ms
W/PackageParser( 2175): No actions in intent filter at /system/app/com.coship.dvbsetting.apk Binary XML file line #202
W/PackageParser( 2175): No actions in intent filter at /system/app/com.coship.dvbsetting.apk Binary XML file line #210
W/PackageParser( 2175): No actions in intent filter at /system/app/com.coship.dvbsetting.apk Binary XML file line #217
W/PackageParser( 2175): No actions in intent filter at /system/app/com.coship.dvbsetting.apk Binary XML file line #223
W/PackageParser( 2175): No actions in intent filter at /system/app/com.coship.dvbsetting.apk Binary XML file line #230
W/PackageParser( 2175): No actions in intent filter at /system/app/com.coship.dvbsetting.apk Binary XML file line #236
I/PackageParser( 2175): com.coship.dvbsetting: compat added android.permission.READ_PHONE_STATE
W/PackageManager( 2175): Unable to update from com.android.settings to com.coship.dvbsetting: old package still exists
D/PackageManager( 2175): No files in app dir /vendor/app
I/Installer( 2175): connecting...
I/installd(  746): new connection
I/PackageManager( 2175): Time to scan packages: 2.396 seconds
W/PackageManager( 2175): Unknown permission android.permission.APPWIDGET_LIST in package com.iflytek.vaf
W/PackageManager( 2175): Unknown permission android.permission.APPWIDGET_LIST in package com.biaoqi.stbwidget.host
W/PackageManager( 2175): Unknown permission com.android.launcher.permission.READ_SETTINGS in package com.coship.dvbsetting
W/PackageManager( 2175): Unknown permission com.android.launcher.permission.WRITE_SETTINGS in package com.coship.dvbsetting
W/PackageManager( 2175): Unknown permission android.permission.APPWIDGET_LIST in package com.mstar.appwidget
W/PackageManager( 2175): Unknown permission android.permission.ADD_SYSTEM_SERVICE in package com.coship.sdp.sce.tvappstore
W/PackageManager( 2175): Unknown permission android.permission.READ_EXTERNAL_STORAGE in package com.coship.sdp.sce.tvappstore
W/PackageManager( 2175): Unknown permission com.google.android.gm.permission.WRITE_GMAIL in package com.coship.sdp.sce.tvappstore
W/PackageManager( 2175): Unknown permission com.google.android.gm.permission.READ_GMAIL in package com.coship.sdp.sce.tvappstore
W/PackageManager( 2175): Unknown permission com.android.launcher.permission.INSTALL_SHORTCUT in package com.android.browser
W/PackageManager( 2175): Unknown permission com.google.android.gm.permission.WRITE_GMAIL in package com.coship.app.vaf
W/PackageManager( 2175): Unknown permission com.google.android.gm.permission.READ_GMAIL in package com.coship.app.vaf
W/PackageManager( 2175): Unknown permission com.android.launcher.permission.READ_SETTINGS in package com.coship.app.vaf
W/PackageManager( 2175): Unknown permission com.android.launcher.permission.WRITE_SETTINGS in package com.coship.app.vaf
W/PackageManager( 2175): Unknown permission com.google.android.gm.permission.WRITE_GMAIL in package com.coship.TestApp
W/PackageManager( 2175): Unknown permission com.google.android.gm.permission.READ_GMAIL in package com.coship.TestApp
W/PackageManager( 2175): Unknown permission com.android.launcher.permission.READ_SETTINGS in package com.coship.TestApp
W/PackageManager( 2175): Unknown permission com.android.launcher.permission.WRITE_SETTINGS in package com.coship.TestApp
W/PackageManager( 2175): Unknown permission android.permission.WRITE_OWNER_DATA in package com.iflytek.speech
W/PackageManager( 2175): Unknown permission android.permission.BAIDU_LOCATION_SERVICE in package com.iflytek.speech
W/PackageManager( 2175): Unknown permission android.permission.WRITE_OWNER_DATA in package com.coship.UpdateApp
W/PackageManager( 2175): Unknown permission android.permission.READ_OWNER_DATA in package com.coship.UpdateApp
W/PackageManager( 2175): Unknown permission android.permission.APPWIDGET_LIST in package com.iflytek.xiri.recorder.svc
W/PackageManager( 2175): Unknown permission android.permission.ADD_SYSTEM_SERVICE in package com.coship.netfirmware
W/PackageManager( 2175): Unknown permission android.permission.READ_SETTINGS in package com.android.settings
W/PackageManager( 2175): Unknown permission com.android.launcher.permission.READ_SETTINGS in package com.android.settings
W/PackageManager( 2175): Unknown permission com.android.launcher.permission.WRITE_SETTINGS in package com.android.settings
W/PackageManager( 2175): Unknown permission android.webkit.permission.PLUGIN in package com.adobe.flashplayer
W/PackageManager( 2175): Unknown permission android.permission.READ_OWNER_DATA in package com.adobe.flashplayer
W/PackageManager( 2175): Unknown permission android.permission.WRITE_OWNER_DATA in package com.adobe.flashplayer
W/PackageManager( 2175): Unknown permission android.permission.READ_EXTERNAL_STORAGE in package com.adobe.flashplayer
W/PackageManager( 2175): Unknown permission android.permission.WRITE_OWNER_DATA in package com.coship.Multimedia
W/PackageManager( 2175): Unknown permission android.permission.READ_OWNER_DATA in package com.coship.Multimedia
W/PackageManager( 2175): Unknown permission android.permission.WRITE_OWNER_DATA in package com.coship.NetworkNavigation
W/PackageManager( 2175): Unknown permission android.permission.READ_OWNER_DATA in package com.coship.NetworkNavigation
D/dalvikvm( 2175): GC_EXPLICIT freed 420K, 72% free 1620K/5763K, paused 0ms+1ms
I/SystemServer( 2175): Account Manager
D/PackageManager( 2175): generateServicesMap(android.accounts.AccountAuthenticator): 1 services unchanged
I/SystemServer( 2175): Content Manager
D/PackageManager( 2175): generateServicesMap(android.content.SyncAdapter): 1 services unchanged
I/SystemServer( 2175): System Content Providers
I/ActivityThread( 2175): Pub settings: com.android.providers.settings.SettingsProvider
D/SettingsProvider( 2175): cache for settings table 'secure' rows=52; fullycached=true
D/SettingsProvider( 2175): cache for sett
ings table 'system' rows=56; fullycached=true
D/dalvikvm( 2175): GC_CONCURRENT freed 246K, 69% free 1814K/5763K, paused 1ms+1ms
I/SystemServer( 2175): Lights Service
I/SystemServer( 2175): Battery Service
I/SystemServer( 2175): Pppoe Service
I/SystemServer( 2175): Vibrator Service
I/power   ( 2175): *** set_screen_state 1
D/AlarmManagerService( 2175): Kernel timezone updated to -480 minutes west of GMT
I/SystemServer( 2175): Alarm Manager
I/SystemServer( 2175): Init Watchdog
I/SystemServer( 2175): Window Manager
E/PhonePolicy( 2175): Could not preload class for phone policy: com.android.internal.policy.impl.PhoneWindow$ContextMenuCallback
I/InputManager( 2175): Initializing input manager
W/StatusBarManager( 2175): warning: no STATUS_BAR_SERVICE
E/AC3Extractor( 2149): Rsyn Fail
D/MediaPlayerService( 2149): countTracks = 1
D/MediaPlayerService( 2149): mime = audio/vorbis
D/MediaPlayerService( 2149): videoCnt = 0, audioCnt = 1
D/MediaPlayerService( 2149): Ogg
I/MS_OMX_Plugin( 2149): MSOMXPlugin::MSOMXPlugin
I/MS_OMX_Plugin( 2149): Get libMS_OMX_Core.so
I/InputManager( 2175): Starting input manager
I/InputManager-JNI( 2175): Setting show touches feature to enabled.
I/WindowManager( 2175): Enabled StrictMode for PolicyThread's Looper
I/WindowManager( 2175): Enabled StrictMode logging for WMThread's Looper[  143.883858] init: no such service 'hciattach'

I/SystemServer( 2175): Bluetooth Service
I/BluetoothProfileState( 2175): Message:Entering Stable State
I/EventHub( 2175): New device: id=1, fd=86, path='/dev/input/event4', name='Stp MT-touch', classes=0x14, configuration='/system/usr/idc/Stp_MT-touch.idc', keyLayout='', keyCharacterMap='', builtinKeyboard=false
I/BluetoothProfileState( 2175): Message:Entering Stable State
I/BluetoothProfileState( 2175): Message:Entering Stable State
D/BluetoothAdapterStateMachine( 2175): PowerOff process message: 5
I/bluedroid( 2175): Starting hciattach daemon
I/SystemServer( 2175): Input Method Service
W/InputManagerService( 2175): Couldn't create dir.: /data/system/inputmethod
E/EventHub( 2175): could not get driver version for /dev/input/mouse2, Not a typewriter
D/MS_OMX_CORE( 2149): MS_OMX_Init :
D/MS_OMX_CORE( 2149): MIU_INTERVAL: 0x60000000, VDEC Start: 0x1b800000, size: 0x2500000
D/MS_OMX_Core( 2149): MIU_INTERVAL: 0x60000000, ADEC Start: 0x15900000, size: 0x5c0000
I/        ( 2149): [MSOS_PRINT][003171]     ~!~mappd sharemem    
I/        ( 2149): [MSOS_PRINT][000605]     pthread_mutex_init
I/        ( 2149): [MSOS_PRINT][000607]     CHIP_InitISR
I/EventHub( 2175): New device: id=2, fd=93, path='/dev/input/event3', name='Stp touch', classes=0x4, configuration='/system/usr/idc/Stp_touch.idc', keyLayout='', keyCharacterMap='', builtinKeyboard=false
D/dalvikvm( 2175): GC_CONCURRENT freed 275K, 68% free 1962K/5955K, paused 1ms+4ms
E/EventHub( 2175): could not get driver version for /dev/input/mouse1, Not a typewriter
I/SystemServer( 2175): Accessibility Manager
I/MS_OMX_Plugin( 2149): MSOMXPlugin::enumerateComponents
I/MS_OMX_Plugin( 2149): MSOMXPlugin::enumerateComponents
I/MS_OMX_Plugin( 2149): MSOMXPlugin::enumerateComponents
I/MS_OMX_Plugin( 2149): MSOMXPlugin::enumerateComponents
I/MS_OMX_Plugin( 2149): MSOMXPlugin::enumerateComponents
I/MS_OMX_Plugin( 2149): MSOMXPlugin::enumerateComponents
I/MS_OMX_Plugin( 2149): MSOMXPlugin::enumerateComponents
I/MS_OMX_Plugin( 2149): MSOMXPlugin::enumerateComponents
I/MS_OMX_Plugin( 2149): MSOMXPlugin::enumerateComponents
I/MS_OMX_Plugin( 2149): MSOMXPlugin::enumerateComponents
I/MS_OMX_Plugin( 2149): MSOMXPlugin::enumerateComponents
I/MS_OMX_Plugin( 2149): MSOMXPlugin::enumerateComponents
I/MS_OMX_Plugin( 2149): MSOMXPlugin::enumerateComponents
I/ActivityManager( 2175): Config changed: {1.0 0mcc0mnc zh_CN layoutdir=0 sw720dp w1280dp h720dp xlrg long land ?uimode ?night -touch -keyb/v/h -nav/h s.2}
E/AC3Extractor( 2149): Rsyn Fail
I/SystemServer( 2175): TV
I/SystemServer( 2175): Device Policy
D/OMXCodec( 2149): Attempting to allocate OMX node 'OMX.google.vorbis.decoder'
I/SystemServer( 2175): Status Bar
I/SystemServer( 2175): Clipboard Service
I/SystemServer( 2175): NetworkManagement Service
D/OMXCodec( 2149): Successfully allocated OMX node 'OMX.google.vorbis.decoder'
I/SystemServer( 2175): Text Service Manager Service
W/TextServicesManagerService( 2175): no available spell checker services found
I/SystemServer( 2175): NetworkStats Service
I/SystemServer( 2175): NetworkPolicy Service
I/SystemServer( 2175): Wi-Fi P2pService
D/WifiP2pService( 2175): P2pDisabledState
E/WifiP2pService( 2175): Failed to reload sta firmware java.lang.NullPointerException
D/WifiP2pService( 2175): mThisDevice.deviceAddress=a6:a8:20:13:03:30
I/SystemServer( 2175): Wi-Fi Service
D/EventHub( 2175): No input device configuration file found for device 'Stp mouse'.
I/EventHub( 2175): New device: id=3, fd=115, path='/dev/input/event2', name='Stp mouse', classes=0x8, configuration='', keyLayout='', keyCharacterMap='', builtinKeyboard=false
D/WifiMonitor( 2175): sleep for a while until usb.init.done 
E/EventHub( 2175): could not get driver version for /dev/input/mouse0, Not a typewriter
E/AC3Extractor( 2149): Rsyn Fail
I/bluedroid( 2175): bt_enable: ret: 0, errno: 0
I/bluedroid( 2175): Starting bluetoothd deamon
D/WifiP2pService( 2175): P2pDisabledState{ what=69633 when=0 }
D/WifiP2pService( 2175): DefaultState{ what=69633 when=0 }
D/WifiP2pService( 2175): P2pDisabledState{ what=69632 when=0 obj=com.android.internal.util.AsyncChannel@41444300 }
D/WifiP2pService( 2175): DefaultState{ what=69632 when=0 obj=com.android.internal.util.AsyncChannel@41444300 }
D/WifiP2pService( 2175): Full connection with WifiStateMachine established
D/MediaPlayerService( 2149): countTracks = 1
D/MediaPlayerService( 2149): mime = audio/vorbis
D/MediaPlayerService( 2149): videoCnt = 0, audioCnt = 1
D/MediaPlayerService( 2149): Ogg
D/EventHub( 2175): No input device configuration file found for device 'VIkeyboard'.
D/WifiP2pService( 2175): P2pDisabledState{ what=69633 when=-1ms }
D/WifiP2pService( 2175): DefaultState{ what=69633 when=-1ms }
D/WifiP2pService( 2175): P2pDisabledState{ what=69632 when=0 obj=com.android.internal.util.AsyncChannel@414cdf88 }
D/WifiP2pService( 2175): DefaultState{ what=69632 when=0 obj=com.android.internal.util.AsyncChannel@414cdf88 }
D/WifiP2pService( 2175): Full connection with WifiStateMachine established
I/EventHub( 2175): New device: id=4, fd=127, path='/dev/input/event1', name='VIkeyboard', classes=0x23, configuration='', keyLayout='/system/usr/keylayout/Vendor_0001_Product_0001.kl', keyCharacterMap='/system/usr/keychars/Generic.kcm', builtinKeyboard=false
I/SystemServer( 2175): Connectivity Service
D/ConnectivityService( 2175): ConnectivityService starting up
D/EventHub( 2175): No input device configuration file found for device 'Coship Smart DVB IR Receiver'.
I/EventHub( 2175): New device: id=5, fd=128, path='/dev/input/event0', name='Coship Smart DVB IR Receiver', classes=0x1, configuration='', keyLayout='/system/usr/keylayout/Vendor_0080_Product_0001.kl', keyCharacterMap='/system/usr/keychars/Generic.kcm', builtinKeyboard=false
E/AC3Extractor( 2149): Rsyn Fail
E/ConnectivityService( 2175): Error in radioAttributes - ignoring attempt to redefine type 1
E/EventHub( 2175): could not get driver version for /dev/input/mice, Not a typewriter
D/ConnectivityService( 2175): Starting Pppoe StateTracker
D/ConnectivityService( 2175): Starting Ethernet Service.
I/ethernet( 2175): interface eth0:2 found
E/ethernet( 2175): android_net_ethernet_initEthernetNative exited with success
D/OMXCodec( 2149): Attempting to allocate OMX node 'OMX.google.vorbis.decoder'
V/EthernetStateTracker( 2175): Ethernet State Tracker v1.0.6
V/EthernetStateTracker( 2175): successed to init device!
I/ethernet( 2175): User ask for device name on 0, list:189990, total:1
I/EthernetService( 2175): Ethernet dev enabled 2
V/EthernetService( 2175): device 0 name eth0
D/OMXCodec( 2149): Successfully allocated OMX node 'OMX.google.vorbis.decoder'
D/NetUtils( 2175): android_net_utils_resetConnections in env=0xf7968 clazz=0x2c300001 iface=eth0 mask=0x3
V/EthernetStateTracker( 2175): start to monitor the ethernet devices . . .
I/EthernetManager( 2175): Init Ethernet Manager, service: com.android.server.EthernetService@4154ca18
I/EthernetStateTracker( 2175): reset device eth0
D/BluetoothEventLoop( 2175): Property Changed: Powered : true
D/BluetoothEventLoop( 2175): Property Changed: Pairable : true
D/BluetoothEventLoop( 2175): Property Changed: Class : 5767168
D/BluetoothEventLoop( 2175): Property Changed: Pairable : true
D/BluetoothEventLoop( 2175): Property Changed: Discoverable : true
V/EthernetMonitor( 2175): go poll events
I/InputReader( 2175): Device added: id=5, name='Coship Smart DVB IR Receiver', sources=0x00000101
I/InputReader( 2175): Device added: id=4, name='VIkeyboard', sources=0x00000301
D/NetUtils( 2175): android_net_utils_resetConnections in env=0xf7968 clazz=0x2d600001 iface=eth0 mask=0x3
I/EthernetStateTracker( 2175): trigger dhcp for device eth0
I/EthernetStateTracker( 2175): reset device eth0
I/InputReader( 2175): Device added: id=3, name='Stp mouse', sources=0x00002002
I/InputReader( 2175):   Touch device 'Stp touch' could not query the properties of its associated display 0.  The device will be inoperable until the display size becomes available.
I/InputReader( 2175): Device added: id=2, name='Stp touch', sources=0x00001002
I/InputReader( 2175):   Touch device 'Stp MT-touch' could not query the properties of its associated display 0.  The device will be inoperable until the display size becomes available.
I/InputReader( 2175): Device added: id=1, name='Stp MT-touch', sources=0x00001002
I/InputReader( 2175): Reconfiguring input devices.  changes=0x0000000c
I/InputReader( 2175): Device reconfigured: id=1, name='Stp MT-touch', surface size is now 1280x720, mode is 1
I/InputReader( 2175): Device reconfigured: id=2, name='Stp touch', surface size is now 1280x720, mode is 1
D/EthernetStateTracker( 2175): DhcpHandler: DHCP request started
I/EthernetStateTracker( 2175): trigger dhcp for device eth0
E/MobileDataStateTracker( 2175): default: Ignoring feature request because could not acquire PhoneService
E/MobileDataStateTracker( 2175): default: Could not enable APN type "default"
D/NetworkManagementService( 2175): Registering observer
D/NetworkManagementService( 2175): Registering observer
E/WifiHW  ( 2150): wifi_change_fw_path: STA
D/SoftapController( 2150): Softap fwReload - Ok
I/WifiService( 2175): WifiService starting up with Wi-Fi enabled
D/NetworkManagementService( 2175): rsp <213 a4:a8:20:13:03:30 192.168.2.101 24 [up broadcast running multicast]>
D/CommandListener( 2150): Setting iface cfg
D/CommandListener( 2150): Trying to bring down wlan0
D/NetworkManagementService( 2175): flags <[up broadcast running multicast]>
I/wpa_supplicant( 1192): wlan0: CTRL-EVENT-DISCONNECTED bssid=5c:63:bf:f8:5d:de reason=0
I/wpa_supplicant( 1192): CTRL_IFACE monitor[0]: 111 - Connection refused
I/WifiService( 2175): WifiService starting up with Wi-Fi AP disabled
I/SystemServer( 2175): Throttle Service
I/SystemServer( 2175): Mount Service
D/MountService( 2175): got storage path: /mnt/sdcard description: USB  primary: true removable: false emulated: false mtpReserve: 0 allowMassStorage: false maxFileSize: 0
D/MountService( 2175): mPrimaryVolume.path:/mnt/sdcard
D/MountService( 2175): mExternalStoragePath:/mnt/sdcard
D/WifiApStateMachine( 2175): isDriverShouldRemove = true
D/CommandListener( 2150): broadcast flag ignored
V/EthernetMonitor( 2175): get event 
V/EthernetMonitor( 2175): go poll events
E/WifiStateMachine( 2175): Unable to change interface settings: java.lang.IllegalStateException: Unable to communicate with native daemon to interface setcfg - com.android.server.NativeDaemonConnectorException: Cmd {interface setcfg wlan0 192.168.2.101 24 [down broadcast running multicast]} failed with code 501 : {Flag unsupported}
D/WifiHW  ( 2175): config_file = /data/misc/wifi/wpa_supplicant.conf
V/EthernetMonitor( 2175): get event 
V/EthernetMonitor( 2175): go poll events
V/EthernetMonitor( 2175): get event 
V/EthernetMonitor( 2175): go poll events
I/wpa_supplicant( 1192): CTRL_IFACE monitor[0]: 111 - Connection refused
I/wpa_supplicant( 1192): CTRL_IFACE monitor[0]: 111 - Connection refused
I/wpa_supplicant( 1192): CTRL_IFACE monitor[0]: 111 - Connection refused
I/wpa_supplicant( 1192): CTRL_IFACE monitor[0]: 111 - Connection refused
W/wpa_supplicant( 1192): wlan0: Failed to initiate AP scan
I/wpa_supplicant( 1192): CTRL_IFACE monitor[0]: 111 - Connection refused
I/wpa_supplicant( 1192): CTRL_IFACE monitor[0]: 111 - Connection refused
I/wpa_supplicant( 1192): CTRL_IFACE monitor[0]: 111 - Connection refused
E/WifiHW  ( 2175): wpa_ctrl_open failed 9 :No such file or directory
D/BluetoothEventLoop( 2175): Property Changed: UUIDs : 9
E/BluetoothService.cpp( 2175): setBluetoothTetheringNative true
I/SystemServer( 2175): Notification Manager
I/SystemServer( 2175): Device Storage Monitor
D/BluetoothAdapterStateMachine( 2175): WarmUp process message: 54
D/BluetoothAdapterStateMachine( 2175): WarmUp process message: 53
I/SystemServer( 2175): Location Manager
I/SystemServer( 2175): Country Detector
I/SystemServer( 2175): Search Service
D/BluetoothEventLoop( 2175): Property Changed: UUIDs : 10
D/dalvikvm( 2175): GC_CONCURRENT freed 249K, 65% free 2184K/6147K, paused 3ms+2ms
D/BluetoothEventLoop( 2175): Property Changed: UUIDs : 11
D/BluetoothEventLoop( 2175): Property Changed: UUIDs : 12
I/SystemServer( 2175): DropBox Service
D/BluetoothEventLoop( 2175): Property Changed: Discoverable : false
D/BluetoothAdapterStateMachine( 2175): WarmUp process message: 53
I/SystemServer( 2175): Wallpaper Service
D/VoldCmdListener(  738): volume list
D/BluetoothEventLoop( 2175): Property Changed: Pairable : false
D/BluetoothEventLoop( 2175): Property Changed: Powered : false
D/BluetoothAdapterStateMachine( 2175): WarmUp process message: 54
D/BluetoothEventLoop( 2175): Property Changed: UUIDs : 13
D/BluetoothAdapterStateMachine( 2175): WarmUp process message: 51
I/SystemServer( 2175): Audio Service
I/        ( 2175): tvmanager JNI_OnLoad
I/        ( 2175): audiomanager JNI_OnLoad
I/        ( 2175): audD/libEGL  ( 2276): loaded /system/lib/egl/libGLES_android.so
D/libEGL  ( 2276): loaded /system/lib/egl/libEGL_mali.so
D/libEGL  ( 2276): loaded /system/lib/egl/libGLESv1_CM_mali.so
D/libEGL  ( 2276): loaded /system/lib/egl/libGLESv2_mali.so
E/WifiHW  ( 2175): wpa_ctrl_open failed 2 :No such file or directory
W/wpa_supplicant( 1192): wlan0: Failed to initiate AP scan
E/WifiHW  ( 2175): wpa_ctrl_open failed 1 :No such file or directory
