W/PackageParser(  935): No actions in intent filter at /system/app/com.coship.dvbsetting.apk Binary XML file line #155
W/PackageParser(  935): No actions in intent filter at /system/app/com.coship.dvbsetting.apk Binary XML file line #163
W/PackageParser(  935): No actions in intent filter at /system/app/com.coship.dvbsetting.apk Binary XML file line #172
W/PackageParser(  935): No actions in intent filter at /system/app/com.coship.dvbsetting.apk Binary XML file line #180
W/PackageParser(  935): No actions in intent filter at /system/app/com.coship.dvbsetting.apk Binary XML file line #187
W/PackageParser(  935): No actions in intent filter at /system/app/com.coship.dvbsetting.apk Binary XML file line #195
W/PackageParser(  935): No actions in intent filter at /system/app/com.coship.dvbsetting.apk Binary XML file line #202
W/PackageParser(  935): No actions in intent filter at /system/app/com.coship.dvbsetting.apk Binary XML file line #210
W/PackageParser(  935): No actions in intent filter at /system/app/com.coship.dvbsetting.apk Binary XML file line #217
W/PackageParser(  935): No actions in intent filter at /system/app/com.coship.dvbsetting.apk Binary XML file line #223
W/PackageParser(  935): No actions in intent filter at /system/app/com.coship.dvbsetting.apk Binary XML file line #230
W/PackageParser(  935): No actions in intent filter at /system/app/com.coship.dvbsetting.apk Binary XML file line #236
I/PackageParser(  935): com.coship.dvbsetting: compat added android.permission.READ_PHONE_STATE
W/PackageManager(  935): Unable to update from com.android.settings to com.coship.dvbsetting: old package still exists
I/Installer(  935): connecting...
I/PackageManager(  935): Time to scan packages: 2.459 seconds
W/PackageManager(  935): Unknown permission android.permission.APPWIDGET_LIST in package com.iflytek.vaf
W/PackageManager(  935): Unknown permission android.permission.APPWIDGET_LIST in package com.biaoqi.stbwidget.host
W/PackageManager(  935): Unknown permission com.android.launcher.permission.READ_SETTINGS in package com.coship.dvbsetting
W/PackageManager(  935): Unknown permission com.android.launcher.permission.WRITE_SETTINGS in package com.coship.dvbsetting
W/PackageManager(  935): Unknown permission android.permission.APPWIDGET_LIST in package com.mstar.appwidget
W/PackageManager(  935): Unknown permission android.permission.ADD_SYSTEM_SERVICE in package com.coship.sdp.sce.tvappstore
W/PackageManager(  935): Unknown permission android.permission.READ_EXTERNAL_STORAGE in package com.coship.sdp.sce.tvappstore
W/PackageManager(  935): Unknown permission com.google.android.gm.permission.WRITE_GMAIL in package com.coship.sdp.sce.tvappstore
W/PackageManager(  935): Unknown permission com.google.android.gm.permission.READ_GMAIL in package com.coship.sdp.sce.tvappstore
W/PackageManager(  935): Unknown permission com.android.launcher.permission.INSTALL_SHORTCUT in package com.android.browser
W/PackageManager(  935): Unknown permission com.google.android.gm.permission.WRITE_GMAIL in package com.coship.app.vaf
W/PackageManager(  935): Unknown permission com.google.android.gm.permission.READ_GMAIL in package com.coship.app.vaf
W/PackageManager(  935): Unknown permission com.android.launcher.permission.READ_SETTINGS in package com.coship.app.vaf
W/PackageManager(  935): Unknown permission com.android.launcher.permission.WRITE_SETTINGS in package com.coship.app.vaf
W/PackageManager(  935): Unknown permission com.google.android.gm.permission.WRITE_GMAIL in package com.coship.TestApp
W/PackageManager(  935): Unknown permission com.google.android.gm.permission.READ_GMAIL in package com.coship.TestApp
W/PackageManager(  935): Unknown permission com.android.launcher.permission.READ_SETTINGS in package com.coship.TestApp
W/PackageManager(  935): Unknown permission com.android.launcher.permission.WRITE_SETTINGS in package com.coship.TestApp
W/PackageManager(  935): Unknown permission android.permission.WRITE_OWNER_DATA in package com.iflytek.speech
W/PackageManager(  935): Unknown permission android.permission.BAIDU_LOCATION_SERVICE in package com.iflytek.speech
W/PackageManager(  935): Unknown permission android.permission.WRITE_OWNER_DATA in package com.coship.UpdateApp
W/PackageManager(  935): Unknown permission android.permission.READ_OWNER_DATA in package com.coship.UpdateApp
W/PackageManager(  935): Unknown permission android.permission.APPWIDGET_LIST in package com.iflytek.xiri.recorder.svc
W/PackageManager(  935): Unknown permission android.permission.ADD_SYSTEM_SERVICE in package com.coship.netfirmware
W/PackageManager(  935): Unknown permission android.permission.READ_SETTINGS in package com.android.settings
W/PackageManager(  935): Unknown permission com.android.launcher.permission.READ_SETTINGS in package com.android.settings
W/PackageManager(  935): Unknown permission com.android.launcher.permission.WRITE_SETTINGS in package com.android.settings
W/PackageManager(  935): Unknown permission android.webkit.permission.PLUGIN in package com.adobe.flashplayer
W/PackageManager(  935): Unknown permission android.permission.READ_OWNER_DATA in package com.adobe.flashplayer
W/PackageManager(  935): Unknown permission android.permission.WRITE_OWNER_DATA in package com.adobe.flashplayer
W/PackageManager(  935): Unknown permission android.permission.READ_EXTERNAL_STORAGE in package com.adobe.flashplayer
W/PackageManager(  935): Unknown permission android.permission.WRITE_OWNER_DATA in package com.coship.Multimedia
W/PackageManager(  935): Unknown permission android.permission.READ_OWNER_DATA in package com.coship.Multimedia
W/PackageManager(  935): Unknown permission android.permission.WRITE_OWNER_DATA in package com.coship.NetworkNavigation
W/PackageManager(  935): Unknown permission android.permission.READ_OWNER_DATA in package com.coship.NetworkNavigation
I/SystemServer(  935): Account Manager
I/SystemServer(  935): Content Manager
I/SystemServer(  935): System Content Providers
I/SystemServer(  935): Lights Service
I/SystemServer(  935): Battery Service
I/SystemServer(  935): Pppoe Service
I/SystemServer(  935): Vibrator Service
I/SystemServer(  935): Alarm Manager
I/SystemServer(  935): Init Watchdog
I/SystemServer(  935): Window Manager
I/InputManager(  935): Initializing input manager
W/StatusBarManager(  935): warning: no STATUS_BAR_SERVICE
I/InputManager(  935): Starting input manager
I/WindowManager(  935): Enabled StrictMode for PolicyThread's Looper
I/SystemServer(  935): Bluetooth Service
I/WindowManager(  935): Enabled StrictMode logging for WMThread's Looper
I/SystemServer(  935): Input Method Service
W/InputManagerService(  935): Couldn't create dir.: /data/system/inputmethod
I/SystemServer(  935): Accessibility Manager
I/ActivityManager(  935): Config changed: {1.0 0mcc0mnc zh_CN layoutdir=0 sw720dp w1280dp h720dp xlrg long land ?uimode ?night -touch -keyb/v/h -nav/h s.2}
I/SystemServer(  935): TV
I/SystemServer(  935): Device Policy
I/SystemServer(  935): Status Bar
I/SystemServer(  935): Clipboard Service
I/SystemServer(  935): NetworkManagement Service
I/SystemServer(  935): Text Service Manager Service
W/TextServicesManagerService(  935): no available spell checker services found
I/SystemServer(  935): NetworkStats Service
I/SystemServer(  935): NetworkPolicy Service
I/SystemServer(  935): Wi-Fi P2pService
D/WifiP2pService(  935): P2pDisabledState
E/WifiP2pService(  935): Failed to reload sta firmware java.lang.NullPointerException
D/WifiP2pService(  935): mThisDevice.deviceAddress=a6:a8:20:13:03:30
I/SystemServer(  935): Wi-Fi Service
D/WifiP2pService(  935): P2pDisabledState{ what=69633 when=0 }
D/WifiP2pService(  935): DefaultState{ what=69633 when=-1ms }
D/WifiP2pService(  935): P2pDisabledState{ what=69632 when=0 obj=com.android.internal.util.AsyncChannel@4153d218 }
D/WifiP2pService(  935): DefaultState{ what=69632 when=0 obj=com.android.internal.util.AsyncChannel@4153d218 }
D/WifiP2pService(  935): Full connection with WifiStateMachine established
D/WifiP2pService(  935): P2pDisabledState{ what=69633 when=0 }
D/WifiP2pService(  935): DefaultState{ what=69633 when=0 }
D/WifiP2pService(  935): P2pDisabledState{ what=69632 when=0 obj=com.android.internal.util.AsyncChannel@415409e8 }
D/WifiP2pService(  935): DefaultState{ what=69632 when=0 obj=com.android.internal.util.AsyncChannel@415409e8 }
D/WifiP2pService(  935): Full connection with WifiStateMachine established
I/SystemServer(  935): Connectivity Service
D/ConnectivityService(  935): ConnectivityService starting up
E/ConnectivityService(  935): Error in radioAttributes - ignoring attempt to redefine type 1
D/ConnectivityService(  935): Starting Pppoe StateTracker
D/ConnectivityService(  935): Starting Ethernet Service.
V/EthernetStateTracker(  935): Ethernet State Tracker v1.0.6
V/EthernetStateTracker(  935): successed to init device!
I/EthernetService(  935): Ethernet dev enabled 2
V/EthernetService(  935): device 0 name eth0
V/EthernetStateTracker(  935): start to monitor the ethernet devices . . .
I/EthernetManager(  935): Init Ethernet Manager, service: com.android.server.EthernetService@4152f5a0
I/EthernetStateTracker(  935): reset device eth0
V/EthernetMonitor(  935): go poll events
I/EthernetStateTracker(  935): trigger dhcp for device eth0
I/EthernetStateTracker(  935): reset device eth0
D/EthernetStateTracker(  935): DhcpHandler: DHCP request started
I/EthernetStateTracker(  935): trigger dhcp for device eth0
E/MobileDataStateTracker(  935): default: Ignoring feature request because could not acquire PhoneService
E/MobileDataStateTracker(  935): default: Could not enable APN type "default"
D/NetworkManagementService(  935): Registering observer
D/NetworkManagementService(  935): Registering observer
I/WifiService(  935): WifiService starting up with Wi-Fi enabled
D/WifiP2pService(  935): P2pDisabledState{ what=131203 when=0 }
I/WifiService(  935): WifiService starting up with Wi-Fi AP disabled
I/SystemServer(  935): Throttle Service
I/SystemServer(  935): Mount Service
D/MountService(  935): got storage path: /mnt/sdcard description: USB  primary: true removable: false emulated: false mtpReserve: 0 allowMassStorage: false maxFileSize: 0
D/MountService(  935): mPrimaryVolume.path:/mnt/sdcard
D/MountService(  935): mExternalStoragePath:/mnt/sdcard
I/SystemServer(  935): Notification Manager
I/SystemServer(  935): Device Storage Monitor
I/SystemServer(  935): Location Manager
I/SystemServer(  935): Country Detector
I/SystemServer(  935): Search Service
I/SystemServer(  935): DropBox Service
I/SystemServer(  935): Wallpaper Service
I/SystemServer(  935): Audio Service
D/VoldCmdListener(  738): volume list
I/SystemServer(  935): Camera Observer
I/SystemServer(  935): Microphone Observer
I/SystemServer(  935): Wired Accessory Observer
I/SystemServer(  935): USB Service
I/SystemServer(  935): UI Mode Manager Service
I/SystemServer(  935): Backup Service
V/BackupManagerService(  935): Initializing package tracking
V/BackupManagerService(  935): No ancestral data
V/BackupManagerService(  935): addPackageParticipantsLocked: all
I/BackupManagerService(  935): New app android never backed up; scheduling
I/BackupManagerService(  935): New app com.android.browser never backed up; scheduling
I/BackupManagerService(  935): New app com.android.providers.settings never backed up; scheduling
I/BackupManagerService(  935): New app com.android.providers.userdictionary never backed up; scheduling
I/BackupManagerService(  935): New app com.android.sharedstoragebackup never backed up; scheduling
V/BackupManagerService(  935): Registering transport android/com.android.internal.backup.LocalTransport = com.android.internal.backup.LocalTransport@41602820
V/BackupManagerService(  935): Starting with transport android/com.android.internal.backup.LocalTransport
V/BackupManagerService(  935): Google transport not present
I/BackupManagerService(  935): Backup enabled => false
I/BackupManagerService(  935): Opting out of backup
I/SystemServer(  935): AppWidget Service
I/SystemServer(  935): Recognition Service
I/SystemServer(  935): DiskStats Service
I/SystemServer(  935): SamplingProfiler Service
I/SystemServer(  935): NetworkTimeUpdateService
D/PowerManagerService(  935): system ready!
I/ActivityManager(  935): System now ready
I/SystemServer(  935): Making services ready
I/ActivityManager(  935): Start proc com.mstar.dbprovider for content provider com.mstar.dbprovider/.MstTvUserSettingProvider: pid=1122 uid=10018 gids={}
D/SystemServer(  935): Starting service: Intent { cmp=com.android.systemui/.SystemUIService }
I/ActivityManager(  935): Start proc com.android.systemui for service com.android.systemui/.SystemUIService: pid=1140 uid=1000 gids={3003, 1015, 3002, 3001, 3004}
D/NetworkManagementService(  935): enabling bandwidth control
D/NetworkManagementService(  935): Registering observer
D/NetworkManagementService(  935): rsp <213 a4:a8:20:13:03:30 0.0.0.0 0 [down broadcast multicast]>
D/NetworkManagementService(  935): flags <[down broadcast multicast]>
D/SystemUIService( 1140): loading: class com.android.systemui.statusbar.tablet.TabletStatusBar
D/SystemUIService( 1140): running: com.android.systemui.statusbar.tablet.TabletStatusBar@413f99f0
D/NetworkManagementService(  935): Registering observer
I/ActivityManager(  935): Config changed: {1.0 0mcc0mnc zh_CN layoutdir=0 sw720dp w1280dp h720dp xlrg long land -touch -keyb/v/h -nav/h s.3}
W/RecognitionManagerService(  935): no available voice recognition services found
V/EthernetMonitor(  935): get event 
V/EthernetMonitor(  935): go poll events
W/InputManagerService(  935): Ignoring setImeWindowStatus of uid 1000 token: null
I/ActivityManager(  935): Start proc com.android.inputmethod.pinyin for service com.android.inputmethod.pinyin/.PinyinIME: pid=1197 uid=10021 gids={3003}
D/NetworkManagementService(  935): Registering observer
I/SystemServer(  935): SIP Service
W/ThrottleService(  935): unable to find stats for iface rmnet0
I/ActivityManager(  935): Start proc com.coship.sdp.sce.tvappstore for added application com.coship.sdp.sce.tvappstore: pid=1218 uid=1000 gids={3003, 1015, 3002, 3001, 3004}
I/ActivityManager(  935): Start proc com.coship.easycontrolime for added application com.coship.easycontrolime: pid=1236 uid=10012 gids={3003}
I/ActivityManager(  935): Start proc com.coship.netfirmware for added application com.coship.netfirmware: pid=1254 uid=1000 gids={3003, 1015, 3002, 3001, 3004}
I/ActivityManager(  935): Start proc com.iflytek.vaf.TouchKey for added application com.iflytek.vaf.TouchKey: pid=1262 uid=10031 gids={1015}
D/ActivityManager(  935): propValue:1
D/ActivityManager(  935): start startWizard......
I/ActivityManager(  935): START {act=android.intent.action.startwizard cat=[android.intent.category.DEFAULT] flg=0x10000000 cmp=com.coship.BootWizard/.main} from pid 0
I/ActivityManager(  935): Start proc com.coship.BootWizard for activity com.coship.BootWizard/.main: pid=1282 uid=1000 gids={3003, 1015, 3002, 3001, 3004}
I/SystemServer(  935): Enabled StrictMode for system server main thread.
I/EthernetStateTracker(  935): received interface reset event
I/EthernetStateTracker(  935): reset device eth0
I/EthernetStateTracker(  935): trigger dhcp for device eth0
I/ActivityManager(  935): Start proc com.google.process.gapps for service com.google.android.location/.NetworkLocationService: pid=1300 uid=10013 gids={3003, 1015, 2001, 1007}
I/StatusBar.HeightReceiver( 1140): Resizing status bar plugged=false height=48 old=0
I/ActivityManager(  935): Memory class: 64
W/MountService(  935): getVolumeState(/mnt/sdcard): Unknown volume
W/MountService(  935): getVolumeState(/mnt/sdcard): Unknown volume
W/ActivityThread( 1300): ClassLoader.loadClass: The class loader returned by Thread.getContextClassLoader() may fail for processes that host multiple applications. You should explicitly specify a context class loader. For example: Thread.setContextClassLoader(getClass().getClassLoader());
I/StatusBarManagerService(  935): registerStatusBar bar=com.android.internal.statusbar.IStatusBar$Stub$Proxy@4155e168
D/SystemUIService( 1140): loading: class com.android.systemui.power.PowerUI
D/SystemUIService( 1140): running: com.android.systemui.power.PowerUI@41452a48
I/StatusBar.HeightReceiver( 1140): Resizing status bar plugged=false height=48 old=48
I/StatusBar.HeightReceiver( 1140): Resizing status bar plugged=false height=48 old=48
D/WifiService(  935): New client listening to asynchronous messages
D/PowerManagerService(  935): bootCompleted
V/DevicePolicyManagerService(  935): Sending password expiration notifications for action android.intent.action.BOOT_COMPLETED
I/ActivityManager(  935): Start proc com.android.contacts for broadcast com.android.contacts/.calllog.CallLogReceiver: pid=1336 uid=10001 gids={3003, 1015}
V/WiredAccessoryObserver(  935): init()
W/WiredAccessoryObserver(  935): This kernel does not have wired headset support
W/WiredAccessoryObserver(  935): This kernel does not have wired headset support
W/WiredAccessoryObserver(  935): This kernel does not have wired headset support
I/ActivityManager(  935): Start proc com.aidufei.movieonline for broadcast com.aidufei.movieonline/com.aidufei.otoService.BootReceiver: pid=1375 uid=10000 gids={3003, 1015}
I/ActivityManager(  935): Start proc android.process.acore for content provider com.android.providers.contacts/.CallLogProvider: pid=1388 uid=10001 gids={3003, 1015}
I/ActivityManager(  935): Start proc android.process.media for content provider com.android.providers.downloads/.DownloadProvider: pid=1399 uid=10011 gids={1015, 1023, 1024, 2001, 3003, 3007}
W/MountService(  935): getVolumeState(/mnt/sdcard): Unknown volume
V/EthernetMonitor(  935): get event eth0:16:
V/EthernetMonitor(  935): dev: eth0 ev 16
V/EthernetStateTracker(  935): report interface is up for eth0
V/EthernetMonitor(  935): go poll events
I/EthernetStateTracker(  935): received interface up event, kick off connection request
I/MicrophoneObserver(  935): Microphone PLUG_IN
I/EthernetStateTracker(  935): IntentBroadcast, event=5
I/EthernetStateTracker(  935): reset device eth0
W/MountService(  935): getVolumeState(/mnt/sdcard): Unknown volume
I/EthernetStateTracker(  935): trigger dhcp for device eth0
E/EthernetStateTracker(  935): DhcpHandler: DHCP request failed: DHCP result was failed
D/EthernetStateTracker(  935): DhcpHandler: DHCP request started
I/EthernetStateTracker(  935): configureInterfaceAutoIP : ipaddr 169.254.1.81 gateway 0.0.0.0 netmask 255.255.0.0 dns1 0.0.0.0 dns2 0.0.0.0 DHCP server 0.0.0.0 lease 0 seconds
V/EthernetMonitor(  935): get event eth0:20:
V/EthernetMonitor(  935): dev: eth0 ev 20
I/EthernetStateTracker(  935): report new state CONNECTED on dev eth0
V/EthernetStateTracker(  935): update network state tracker
V/EthernetStateTracker(  935): configureInterfaceAutoIP succeeded
V/EthernetMonitor(  935): go poll events
I/EthernetStateTracker(  935): received HW connected, stack=false CC=true
I/ActivityManager(  935): Start proc com.coship.HS for broadcast com.coship.HS/.AutoStartReceiver: pid=1485 uid=1000 gids={3003, 1015, 3002, 3001, 3004}
I/ActivityManager(  935): Start proc com.android.providers.calendar for broadcast com.android.providers.calendar/.CalendarReceiver: pid=1508 uid=10007 gids={3003, 1015}
V/EthernetMonitor(  935): get event 
V/EthernetMonitor(  935): go poll events
V/EthernetMonitor(  935): get event 
V/EthernetMonitor(  935): go poll events
I/ActivityManager(  935): Start proc com.coship.cw880 for broadcast com.coship.cw880/.BootCw880Recive: pid=1525 uid=1000 gids={3003, 1015, 3002, 3001, 3004}
I/ActivityManager(  935): START {flg=0x10000000 cmp=com.google.android.gsf/.update.SystemUpdateInstallDialog} from pid 1300
I/ActivityManager(  935): Start proc com.android.settings for broadcast com.android.settings/.SettingGlobalReceiver: pid=1553 uid=1000 gids={3003, 1015, 3002, 3001, 3004}
V/EthernetMonitor(  935): get event 
V/EthernetMonitor(  935): go poll events
I/ActivityManager(  935): Start proc com.iflytek.vac for broadcast com.iflytek.vaf/com.iflytek.vocmd.Loader: pid=1568 uid=10029 gids={3003, 1015}
W/InputManagerService(  935): Window already focused, ignoring focus gain of: com.android.internal.view.IInputMethodClient$Stub$Proxy@415a16b8
I/ActivityManager(  935): Start proc com.coship.changetheaudiooutput for broadcast com.coship.changetheaudiooutput/.BootCompletedReceiver: pid=1587 uid=10033 gids={3002, 3001, 3004}
I/ActivityManager(  935): Start proc com.iflytek.vaf.svc.rec for service com.iflytek.vaf/.svc.VAFSvc: pid=1601 uid=10029 gids={3003, 1015}
I/ActivityManager(  935): Start proc com.coship.Multimedia for broadcast com.coship.Multimedia/.view.BootCompletedReceiver: pid=1614 uid=1000 gids={3003, 1015, 3002, 3001, 3004}
V/EthernetMonitor(  935): get event eth0:21:
V/EthernetMonitor(  935): dev: eth0 ev 21
V/EthernetStateTracker(  935): report address is removed for eth0
V/EthernetMonitor(  935): go poll events
V/EthernetMonitor(  935): get event eth0:20:
V/EthernetMonitor(  935): dev: eth0 ev 20
I/EthernetStateTracker(  935): report new state CONNECTED on dev eth0
V/EthernetStateTracker(  935): update network state tracker
V/EthernetMonitor(  935): go poll events
I/EthernetStateTracker(  935): received interface address remove event
V/EthernetStateTracker(  935): getEthernetIPAddr : 192.168.2.103
V/EthernetStateTracker(  935): configureInterfaceAutoIP skip!!
I/EthernetStateTracker(  935): received HW connected, stack=true CC=true
D/EthernetStateTracker(  935): DhcpHandler: DHCP request succeeded: addr: 192.168.2.103/24 mRoutes: 0.0.0.0/0 -> 192.168.2.1 |  dns: 192.168.2.1, dhcpServer: 192.168.2.1 leaseDuration: 7200
I/EthernetStateTracker(  935): received configured succeeded, stack=true CC=true
D/ConnectivityService(  935): ConnectivityChange for ETH: CONNECTED/CONNECTED
I/ActivityManager(  935): Start proc com.iflytek.xiri.recorder.svc for service com.iflytek.xiri.recorder.svc/.PCMRecorderSvc: pid=1648 uid=10030 gids={3003, 1015}
I/EthernetStateTracker(  935): IntentBroadcast, event=1
I/ActivityManager(  935): Start proc com.coship.TestApp for broadcast com.coship.TestApp/.BootCompletedReceiver: pid=1665 uid=1000 gids={3003, 1015, 3002, 3001, 3004}
I/ActivityManager(  935): Start proc com.android.phone for content provider com.android.providers.telephony/.TelephonyProvider: pid=1682 uid=1001 gids={1015}
I/ActivityManager(  935): Start proc com.iflytek.speech for service com.iflytek.speech/.SpeechService: pid=1698 uid=10026 gids={1015, 3003, 1007}
I/ActivityManager(  935): Start proc com.coship.stpservice for broadcast com.coship.stpservice/.StpReceiver: pid=1720 uid=1000 gids={3003, 1015, 3002, 3001, 3004}
I/ActivityManager(  935): Start proc com.biaoqi.stbwidget.host for broadcast com.biaoqi.stbwidget.host/.NetworkStatusChangeReceiver: pid=1747 uid=10028 gids={3003}
I/ActivityManager(  935): Start proc com.coship.adjustthevolume for broadcast com.coship.adjustthevolume/.BootCompletedReceiver: pid=1763 uid=1000 gids={3003, 1015, 3002, 3001, 3004}
V/CheckBackdoors( 1720): add new backdoor. actionName=com.coship.adjustthevolume, backdoor.mBackdoorKey=0x5252525252
V/CheckBackdoors( 1720): add new backdoor. actionName=com.coship.adjustthevolume.Volup, backdoor.mBackdoorKey=0x18
V/CheckBackdoors( 1720): add new backdoor. actionName=com.coship.adjustthevolume.VolDown, backdoor.mBackdoorKey=0x19
I/ActivityManager(  935): Start proc com.iflytek.xiri.remotecmd for service com.iflytek.xiri.remotecmd/com.iflytek.xiri.vocmd.MyService: pid=1792 uid=10032 gids={}
D/ConnectivityService(  935): handleInetConditionHoldEnd: net=9, condition=0, published condition=0
I/ActivityManager(  935): START {act=android.intent.action.MAIN cat=[android.intent.category.HOME] flg=0x10200000} from pid 935
V/EthernetMonitor(  935): get event 
V/EthernetMonitor(  935): go poll events
V/EthernetMonitor(  935): get event 
V/EthernetMonitor(  935): go poll events
V/EthernetMonitor(  935): get event 
V/EthernetMonitor(  935): go poll events
V/EthernetMonitor(  935): get event 
V/EthernetMonitor(  935): go poll events
V/EthernetMonitor(  935): get event 
V/EthernetMonitor(  935): go poll events
V/EthernetMonitor(  935): get event 
V/EthernetMonitor(  935): go poll events
I/ActivityManager(  935): START {act=android.intent.action.MAIN cat=[android.intent.category.HOME] flg=0x10200000} from pid 935
V/EthernetMonitor(  935): get event 
V/EthernetMonitor(  935): go poll events
V/EthernetMonitor(  935): get event 
V/EthernetMonitor(  935): go poll events
V/EthernetMonitor(  935): get event 
V/EthernetMonitor(  935): go poll events
D/ConnectivityService(  935): ConnectivityChange for WIFI: CONNECTED/CONNECTED
D/ConnectivityService(  935): Policy requires ETH teardown
I/EthernetStateTracker(  935): stop dhcp and interface
V/EthernetMonitor(  935): get event eth0:17:
V/EthernetMonitor(  935): dev: eth0 ev 17
I/EthernetStateTracker(  935): report new state DISCONNECTED on dev eth0
V/EthernetStateTracker(  935): update network state tracker
V/EthernetMonitor(  935): go poll events
I/EthernetStateTracker(  935): received disconnected events, stack=true CC=true
V/EthernetMonitor(  935): get event eth0:21:
V/EthernetMonitor(  935): dev: eth0 ev 21
V/EthernetStateTracker(  935): report address is removed for eth0
I/EthernetStateTracker(  935): stop dhcp and interface
D/ConnectivityService(  935): ConnectivityChange for WIFI: CONNECTED/CONNECTED
D/ConnectivityService(  935): handleConnectivityChange: address are the same reset per doReset linkProperty[1]: resetMask=0
W/EthernetStateTracker(  935): stopInterface --> clearAddresses ret = true
D/ConnectivityService(  935): ConnectivityChange for ETH: DISCONNECTED/DISCONNECTED
E/MobileDataStateTracker(  935): default: Ignoring feature request because could not acquire PhoneService
E/MobileDataStateTracker(  935): default: Could not enable APN type "default"
D/ConnectivityService(  935): Attempting to switch to mobile
D/ConnectivityService(  935): Attempting to switch to WIFI
D/ConnectivityService(  935): Attempting to switch to pppoe
I/EthernetStateTracker(  935): IntentBroadcast, event=4
V/EthernetMonitor(  935): go poll events
I/PppoeStateTracker(  935): receive EthernetStateTracker.EVENT_HW_DISCONNECTED
I/EthernetStateTracker(  935): received interface address remove event
V/EthernetStateTracker(  935): configureInterfaceAutoIP skip!
V/EthernetMonitor(  935): get event 
V/EthernetMonitor(  935): go poll events
V/EthernetMonitor(  935): get event 
V/EthernetMonitor(  935): go poll events
V/EthernetMonitor(  935): get event 
V/EthernetMonitor(  935): go poll events
V/EthernetMonitor(  935): get event 
V/EthernetMonitor(  935): go poll events
V/EthernetMonitor(  935): get event 
V/EthernetMonitor(  935): go poll events
D/ConnectivityService(  935): ConnectivityChange for WIFI: DISCONNECTED/DISCONNECTED
E/MobileDataStateTracker(  935): default: Ignoring feature request because could not acquire PhoneService
E/MobileDataStateTracker(  935): default: Could not enable APN type "default"
D/ConnectivityService(  935): Attempting to switch to mobile
I/EthernetStateTracker(  935): reset device eth0
I/EthernetManager( 1282): Init Ethernet Manager, service: android.net.ethernet.IEthernetManager$Stub$Proxy@42668870
I/EthernetStateTracker(  935): trigger dhcp for device eth0
D/EthernetStateTracker(  935): DhcpHandler: DHCP request started
D/ConnectivityService(  935): Attempting to switch to ETH
D/ConnectivityService(  935): Attempting to switch to pppoe
I/EthernetStateTracker(  935): received interface reset event
D/ConnectivityService(  935): now reset wlan0, resetMask = 3
I/EthernetStateTracker(  935): reset device eth0
D/ConnectivityService(  935): resetConnections(wlan0, 3)
D/ConnectivityService(  935): ConnectivityChange for WIFI: DISCONNECTED/DISCONNECTED
E/MobileDataStateTracker(  935): default: Ignoring feature request because could not acquire PhoneService
E/MobileDataStateTracker(  935): default: Could not enable APN type "default"
D/ConnectivityService(  935): Attempting to switch to mobile
I/EthernetStateTracker(  935): trigger dhcp for device eth0
I/EthernetStateTracker(  935): reset device eth0
I/EthernetStateTracker(  935): trigger dhcp for device eth0
D/ConnectivityService(  935): Attempting to switch to ETH
D/ConnectivityService(  935): Attempting to switch to pppoe
D/ConnectivityService(  935): now reset wlan0, resetMask = 3
D/ConnectivityService(  935): resetConnections(wlan0, 3)
I/ActivityManager(  935): START {act=android.intent.action.MAIN cat=[android.intent.category.HOME] flg=0x10200000} from pid 935
I/ActivityManager(  935): START {act=android.intent.action.MAIN cat=[android.intent.category.HOME] flg=0x10200000} from pid 935
I/ActivityManager(  935): START {act=android.intent.action.MAIN cat=[android.intent.category.HOME] flg=0x10200000} from pid 935
--------- beginning of /dev/log/main
D/InputEventConsistencyVerifier( 1282): KeyEvent: ACTION_UP but key was not down.
D/InputEventConsistencyVerifier( 1282):   in Handler (android.view.ViewRootImpl) {426157a8}
D/InputEventConsistencyVerifier( 1282):   0: sent at 56397000000, KeyEvent { action=ACTION_UP, keyCode=KEYCODE_HOME, scanCode=102, metaState=0, flags=0x8, repeatCount=0, eventTime=56397, downTime=56176, deviceId=1, source=0x101 }
D/InputEventConsistencyVerifier( 1282):   -- recent events --
D/InputEventConsistencyVerifier( 1282):   1: sent at 55057000000, KeyEvent { action=ACTION_UP, keyCode=KEYCODE_HOME, scanCode=102, metaState=0, flags=0x80000008, repeatCount=0, eventTime=55057, downTime=54838, deviceId=1, source=0x101 }
D/InputEventConsistencyVerifier( 1282):   2: sent at 53465000000, KeyEvent { action=ACTION_UP, keyCode=KEYCODE_HOME, scanCode=102, metaState=0, flags=0x80000008, repeatCount=0, eventTime=53465, downTime=53179, deviceId=1, source=0x101 }
D/InputEventConsistencyVerifier( 1282):   3: sent at 52765000000, KeyEvent { action=ACTION_UP, keyCode=KEYCODE_DPAD_RIGHT, scanCode=106, metaState=0, flags=0x8, repeatCount=0, eventTime=52765, downTime=52539, deviceId=1, source=0x101 }
D/InputEventConsistencyVerifier( 1282):   4: sent at 52539000000, KeyEvent { action=ACTION_DOWN, keyCode=KEYCODE_DPAD_RIGHT, scanCode=106, metaState=0, flags=0x8, repeatCount=0, eventTime=52539, downTime=52539, deviceId=1, source=0x101 }
D/InputEventConsistencyVerifier( 1282):   5: sent at 39001000000, KeyEvent { action=ACTION_UP, keyCode=KEYCODE_HOME, scanCode=102, metaState=0, flags=0x80000008, repeatCount=0, eventTime=39001, downTime=38669, deviceId=1, source=0x101 }
D/libEGL  ( 1140): loaded /system/lib/egl/libGLES_android.so
D/libEGL  ( 1140): loaded /system/lib/egl/libEGL_mali.so
D/libEGL  ( 1140): loaded /system/lib/egl/libGLESv1_CM_mali.so
D/libEGL  ( 1140): loaded /system/lib/egl/libGLESv2_mali.so
D/OpenGLRenderer( 1140): Enabling debug mode 0
W/ResourceType(  935): Invalid package identifier when getting bag for resource number 0x7f0c0008
E/WindowManager(  935): ##############################dispatchUnhandledKey
D/HomePlayerLib( 1614): hostaddress count is 0
E/WindowManager(  935): ##############################dispatchUnhandledKey
W/WindowManager(  935): Unable to find ITelephony interface.
E/InputManager-JNI(  935): An exception was thrown by callback 'interceptKeyBeforeDispatching'.
I/ActivityManager(  935): START {act=android.intent.action.MAIN cat=[android.intent.category.HOME] flg=0x10200000} from pid 935
E/InputManager-JNI(  935): android.content.ActivityNotFoundException: No Activity found to handle Intent { act=android.intent.action.MAIN cat=[android.intent.category.HOME] flg=0x10200000 }
E/InputManager-JNI(  935):      at android.app.Instrumentation.checkStartActivityResult(Instrumentation.java:1512)
E/InputManager-JNI(  935):      at android.app.Instrumentation.execStartActivity(Instrumentation.java:1384)
E/InputManager-JNI(  935):      at android.app.ContextImpl.startActivity(ContextImpl.java:877)
E/InputManager-JNI(  935):      at com.android.internal.policy.impl.PhoneWindowManager.startDockOrHome(PhoneWindowManager.java:3825)
E/InputManager-JNI(  935):      at com.android.internal.policy.impl.PhoneWindowManager.launchHomeFromHotKey(PhoneWindowManager.java:1935)
E/InputManager-JNI(  935):      at com.android.internal.policy.impl.PhoneWindowManager.interceptKeyBeforeDispatching(PhoneWindowManager.java:1619)
E/InputManager-JNI(  935):      at com.android.server.wm.InputMonitor.interceptKeyBeforeDispatching(InputMonitor.java:294)
E/InputManager-JNI(  935):      at com.android.server.wm.InputManager$Callbacks.interceptKeyBeforeDispatching(InputManager.java:590)
E/InputManager-JNI(  935):      at dalvik.system.NativeStart.run(Native Method)
D/InputEventConsistencyVerifier( 1140): KeyEvent: ACTION_UP but key was not down.
D/InputEventConsistencyVerifier( 1140):   in Handler (android.view.ViewRootImpl) {41608980}
D/InputEventConsistencyVerifier( 1140):   0: sent at 58881000000, KeyEvent { action=ACTION_UP, keyCode=KEYCODE_HOME, scanCode=102, metaState=0, flags=0x8, repeatCount=0, eventTime=58881, downTime=58658, deviceId=1, source=0x101 }
D/InputEventConsistencyVerifier( 1140):   -- recent events --
D/InputEventConsistencyVerifier( 1140):   1: sent at 57741000000, KeyEvent { action=ACTION_UP, keyCode=KEYCODE_DPAD_RIGHT, scanCode=106, metaState=0, flags=0x8, repeatCount=0, eventTime=57741, downTime=57520, deviceId=1, source=0x101 }
D/InputEventConsistencyVerifier( 1140):   2: sent at 57520000000, KeyEvent { action=ACTION_DOWN, keyCode=KEYCODE_DPAD_RIGHT, scanCode=106, metaState=0, flags=0x8, repeatCount=0, eventTime=57520, downTime=57520, deviceId=1, source=0x101 }
D/InputEventConsistencyVerifier( 1140):   3: sent at 57301000000, KeyEvent { action=ACTION_UP, keyCode=KEYCODE_DPAD_RIGHT, scanCode=106, metaState=0, flags=0x8, repeatCount=0, eventTime=57301, downTime=57081, deviceId=1, source=0x101 }
D/InputEventConsistencyVerifier( 1140):   4: sent at 57081000000, KeyEvent { action=ACTION_DOWN, keyCode=KEYCODE_DPAD_RIGHT, scanCode=106, metaState=0, flags=0x8, repeatCount=0, eventTime=57081, downTime=57081, deviceId=1, source=0x101 }
V/EthernetMonitor(  935): get event 
V/EthernetMonitor(  935): go poll events
V/EthernetMonitor(  935): get event 
V/EthernetMonitor(  935): go poll events
D/OpenGLRenderer( 1140): Flushing caches (mode 0)
W/InputManagerService(  935): Window already focused, ignoring focus gain of: com.android.internal.view.IInputMethodClient$Stub$Proxy@416c34a0
W/WindowManager(  935): Unable to find ITelephony interface.
E/InputManager-JNI(  935): An exception was thrown by callback 'interceptKeyBeforeDispatching'.
E/InputManager-JNI(  935): android.content.ActivityNotFoundException: No Activity found to handle Intent { act=android.intent.action.MAIN cat=[android.intent.category.HOME] flg=0x10200000 }
E/InputManager-JNI(  935):      at android.app.Instrumentation.checkStartActivityResult(Instrumentation.java:1512)
E/InputManager-JNI(  935):      at android.app.Instrumentation.execStartActivity(Instrumentation.java:1384)
E/InputManager-JNI(  935):      at android.app.ContextImpl.startActivity(ContextImpl.java:877)
E/InputManager-JNI(  935):      at com.android.internal.policy.impl.PhoneWindowManager.startDockOrHome(PhoneWindowManager.java:3825)
E/InputManager-JNI(  935):      at com.android.internal.policy.impl.PhoneWindowManager.launchHomeFromHotKey(PhoneWindowManager.java:1935)
E/InputManager-JNI(  935):      at com.android.internal.policy.impl.PhoneWindowManager.interceptKeyBeforeDispatching(PhoneWindowManager.java:1619)
E/InputManager-JNI(  935):      at com.android.server.wm.InputMonitor.interceptKeyBeforeDispatching(InputMonitor.java:294)
E/InputManager-JNI(  935):      at com.android.server.wm.InputManager$Callbacks.interceptKeyBeforeDispatching(InputManager.java:590)
E/InputManager-JNI(  935):      at dalvik.system.NativeStart.run(Native Method)
I/ActivityManager(  935): START {act=android.intent.action.MAIN cat=[android.intent.category.HOME] flg=0x10200000} from pid 935
D/InputEventConsistencyVerifier( 1140): KeyEvent: ACTION_UP but key was not down.
D/InputEventConsistencyVerifier( 1140):   in Handler (android.view.ViewRootImpl) {41608980}
D/InputEventConsistencyVerifier( 1140):   0: sent at 60045000000, KeyEvent { action=ACTION_UP, keyCode=KEYCODE_HOME, scanCode=102, metaState=0, flags=0x8, repeatCount=0, eventTime=60045, downTime=59822, deviceId=1, source=0x101 }
D/InputEventConsistencyVerifier( 1140):   -- recent events --
D/InputEventConsistencyVerifier( 1140):   1: sent at 58881000000, KeyEvent { action=ACTION_UP, keyCode=KEYCODE_HOME, scanCode=102, metaState=0, flags=0x80000008, repeatCount=0, eventTime=58881, downTime=58658, deviceId=1, source=0x101 }
D/InputEventConsistencyVerifier( 1140):   2: sent at 57741000000, KeyEvent { action=ACTION_UP, keyCode=KEYCODE_DPAD_RIGHT, scanCode=106, metaState=0, flags=0x8, repeatCount=0, eventTime=57741, downTime=57520, deviceId=1, source=0x101 }
D/InputEventConsistencyVerifier( 1140):   3: sent at 57520000000, KeyEvent { action=ACTION_DOWN, keyCode=KEYCODE_DPAD_RIGHT, scanCode=106, metaState=0, flags=0x8, repeatCount=0, eventTime=57520, downTime=57520, deviceId=1, source=0x101 }
D/InputEventConsistencyVerifier( 1140):   4: sent at 57301000000, KeyEvent { action=ACTION_UP, keyCode=KEYCODE_DPAD_RIGHT, scanCode=106, metaState=0, flags=0x8, repeatCount=0, eventTime=57301, downTime=57081, deviceId=1, source=0x101 }
D/InputEventConsistencyVerifier( 1140):   5: sent at 57081000000, KeyEvent { action=ACTION_DOWN, keyCode=KEYCODE_DPAD_RIGHT, scanCode=106, metaState=0, flags=0x8, repeatCount=0, eventTime=57081, downTime=57081, deviceId=1, source=0x101 }
D/OpenGLRenderer( 1140): Flushing caches (mode 0)
W/InputManagerService(  935): Window already focused, ignoring focus gain of: com.android.internal.view.IInputMethodClient$Stub$Proxy@416f1518
D/UpdateInstallAppStatusTimerTask( 1218):  ------:: UpdateInstallAppStatusTimerTask execute...
W/WindowManager(  935): Unable to find ITelephony interface.
E/InputManager-JNI(  935): An exception was thrown by callback 'interceptKeyBeforeDispatching'.
I/ActivityManager(  935): START {act=android.intent.action.MAIN cat=[android.intent.category.HOME] flg=0x10200000} from pid 935
E/InputManager-JNI(  935): android.content.ActivityNotFoundException: No Activity found to handle Intent { act=android.intent.action.MAIN cat=[android.intent.category.HOME] flg=0x10200000 }
E/InputManager-JNI(  935):      at android.app.Instrumentation.checkStartActivityResult(Instrumentation.java:1512)
E/InputManager-JNI(  935):      at android.app.Instrumentation.execStartActivity(Instrumentation.java:1384)
E/InputManager-JNI(  935):      at android.app.ContextImpl.startActivity(ContextImpl.java:877)
E/InputManager-JNI(  935):      at com.android.internal.policy.impl.PhoneWindowManager.startDockOrHome(PhoneWindowManager.java:3825)
E/InputManager-JNI(  935):      at com.android.internal.policy.impl.PhoneWindowManager.launchHomeFromHotKey(PhoneWindowManager.java:1935)
E/InputManager-JNI(  935):      at com.android.internal.policy.impl.PhoneWindowManager.interceptKeyBeforeDispatching(PhoneWindowManager.java:1619)
E/InputManager-JNI(  935):      at com.android.server.wm.InputMonitor.interceptKeyBeforeDispatching(InputMonitor.java:294)
E/InputManager-JNI(  935):      at com.android.server.wm.InputManager$Callbacks.interceptKeyBeforeDispatching(InputManager.java:590)
E/InputManager-JNI(  935):      at dalvik.system.NativeStart.run(Native Method)
D/InputEventConsistencyVerifier( 1282): KeyEvent: ACTION_UP but key was not down.
D/InputEventConsistencyVerifier( 1282):   in Handler (android.view.ViewRootImpl) {426157a8}
D/InputEventConsistencyVerifier( 1282):   0: sent at 60757000000, KeyEvent { action=ACTION_UP, keyCode=KEYCODE_HOME, scanCode=102, metaState=0, flags=0x8, repeatCount=0, eventTime=60757, downTime=60536, deviceId=1, source=0x101 }
D/InputEventConsistencyVerifier( 1282):   -- recent events --
D/InputEventConsistencyVerifier( 1282):   1: sent at 56397000000, KeyEvent { action=ACTION_UP, keyCode=KEYCODE_HOME, scanCode=102, metaState=0, flags=0x80000008, repeatCount=0, eventTime=56397, downTime=56176, deviceId=1, source=0x101 }
D/InputEventConsistencyVerifier( 1282):   2: sent at 55057000000, KeyEvent { action=ACTION_UP, keyCode=KEYCODE_HOME, scanCode=102, metaState=0, flags=0x80000008, repeatCount=0, eventTime=55057, downTime=54838, deviceId=1, source=0x101 }
D/InputEventConsistencyVerifier( 1282):   3: sent at 53465000000, KeyEvent { action=ACTION_UP, keyCode=KEYCODE_HOME, scanCode=102, metaState=0, flags=0x80000008, repeatCount=0, eventTime=53465, downTime=53179, deviceId=1, source=0x101 }
D/InputEventConsistencyVerifier( 1282):   4: sent at 52765000000, KeyEvent { action=ACTION_UP, keyCode=KEYCODE_DPAD_RIGHT, scanCode=106, metaState=0, flags=0x8, repeatCount=0, eventTime=52765, downTime=52539, deviceId=1, source=0x101 }
D/InputEventConsistencyVerifier( 1282):   5: sent at 52539000000, KeyEvent { action=ACTION_DOWN, keyCode=KEYCODE_DPAD_RIGHT, scanCode=106, metaState=0, flags=0x8, repeatCount=0, eventTime=52539, downTime=52539, deviceId=1, source=0x101 }
D/StpService( 1720): handleMessage NetworkType is 1
D/StpService( 1720): handleMessage NetworkType is 1
V/main    ( 1282): ++++keyCode+++22
E/WindowManager(  935): ##############################dispatchUnhandledKey
V/main    ( 1282): ++++keyCode+++22
E/WindowManager(  935): ##############################dispatchUnhandledKey
E/EthernetStateTracker(  935): DhcpHandler: DHCP request failed: Timed out waiting for dhcpcd to start
V/EthernetStateTracker(  935): configureInterfaceAutoIP skip!
D/EthernetStateTracker(  935): DhcpHandler: DHCP request started
D/dhcpcd  ( 1937): dhcpcd 4.0.15 starting
D/NetUtils(  935): android_net_utils_resetConnections in env=0xf78a0 clazz=0x38000001 iface=eth0 mask=0x3
V/EthernetMonitor(  935): get event eth0:16:
V/EthernetMonitor(  935): dev: eth0 ev 16
V/EthernetStateTracker(  935): report interface is up for eth0
V/EthernetMonitor(  935): go poll events
I/EthernetStateTracker(  935): received interface up event, kick off connection request
I/EthernetStateTracker(  935): IntentBroadcast, event=5
I/EthernetStateTracker(  935): reset device eth0
D/SettingGlobalReceiver==>( 1553): android.net.ethernet.ETHERNET_STATE_CHANGED
I/TabletStatusBar( 1140): receiver broadcast
I/NetworkStatusChangeReceiver( 1747): action::::::::android.net.ethernet.ETHERNET_STATE_CHANGED
I/System.out( 1747): 
                                                       D/dhcpcd  ( 1937): hardware address = 22:33:cc:dd:ee:11
D/dhcpcd  ( 1937): executing `/system/etc/dhcpcd/dhcpcd-run-hooks', reason PREINIT
V/EthernetMonitor(  935): get event eth0:16:
V/EthernetMonitor(  935): dev: eth0 ev 16
V/EthernetStateTracker(  935): report interface is up for eth0
I/System.out( 1747): A3STB-WidgetHost1.0.11(Jacky.Zhu)
I/System.out( 1747): BabaoWebWidget---network not connect---
I/System.out( 1747): WeatherWidgetProvider----network not connect----------
D/NetUtils(  935): android_net_utils_resetConnections in env=0xf78a0 clazz=0x3a500001 iface=eth0 mask=0x3
I/EthernetStateTracker(  935): trigger dhcp for device eth0
V/EthernetMonitor(  935): go poll events
I/EthernetStateTracker(  935): received interface up event, kick off connection request
I/EthernetStateTracker(  935): IntentBroadcast, event=5
I/EthernetStateTracker(  935): reset device eth0
I/TabletStatusBar( 1140): receiver broadcast
D/SettingGlobalReceiver==>( 1553): android.net.ethernet.ETHERNET_STATE_CHANGED
I/EthernetStateTracker(  935): trigger dhcp for device eth0
I/NetworkStatusChangeReceiver( 1747): action::::::::android.net.ethernet.ETHERNET_STATE_CHANGED
I/System.out( 1747): 
                                                       I/System.out( 1747): BabaoWebWidget---network not connect---
V/main    ( 1282): ++++keyCode+++19
E/WindowManager(  935): ##############################dispatchUnhandledKey
D/dalvikvm(  935): GC_CONCURRENT freed 571K, 57% free 3452K/7939K, paused 2ms+4ms
I/System.out( 1747): A3STB-WidgetHost1.0.11(Jacky.Zhu)
I/System.out( 1747): WeatherWidgetProvider----network not connect----------
E/EthernetStateTracker(  935): DhcpHandler: DHCP request failed: DHCP result was failed
D/EthernetStateTracker(  935): DhcpHandler: DHCP request started
D/dhcpcd  ( 1955): dhcpcd 4.0.15 starting
D/dhcpcd  ( 1955): hardware address = 22:33:cc:dd:ee:11
D/dhcpcd  ( 1955): executing `/system/etc/dhcpcd/dhcpcd-run-hooks', reason PREINIT
D/NetUtils(  935): failed to remove default route for eth0: No such process
I/EthernetStateTracker(  935): configureInterfaceAutoIP : ipaddr 169.254.1.8 gateway 0.0.0.0 netmask 255.255.0.0 dns1 0.0.0.0 dns2 0.0.0.0 DHCP server 0.0.0.0 lease 0 seconds
V/EthernetMonitor(  935): get event eth0:20:
V/EthernetMonitor(  935): dev: eth0 ev 20
I/EthernetStateTracker(  935): report new state CONNECTED on dev eth0
V/EthernetStateTracker(  935): update network state tracker
D/dhcpcd  ( 1955): host does not support a monotonic clock - timing can skew
D/dhcpcd  ( 1955): broadcasting for a lease
D/dhcpcd  ( 1955): sending DHCP_DISCOVER with xid 0x6d9e0a52, next in 3.23 seconds
D/dhcpcd  ( 1955): offered 192.168.2.103 from 192.168.2.1
D/dhcpcd  ( 1955): sending DHCP_REQUEST with xid 0x6d9e0a52, next in 3.20 seconds
V/EthernetStateTracker(  935): configureInterfaceAutoIP succeeded
V/EthernetMonitor(  935): go poll events
D/dhcpcd  ( 1955): acknowledged 192.168.2.103 from 192.168.2.1
I/EthernetStateTracker(  935): received HW connected, stack=false CC=true
D/dhcpcd  ( 1955): checking 192.168.2.103 is available on attached networks
D/dhcpcd  ( 1955): sending ARP probe (1 of 3), next in 1.96 seconds
V/main    ( 1282): ++++keyCode+++19
E/WindowManager(  935): ##############################dispatchUnhandledKey
D/dhcpcd  ( 1955): sending ARP probe (2 of 3), next in 1.97 seconds
D/dhcpcd  ( 1955): sending ARP probe (3 of 3), next in 2.00 seconds
D/dalvikvm( 1614): GC_CONCURRENT freed 647K, 65% free 2598K/7299K, paused 2ms+2ms
D/HomePlayerLib( 1614): hostaddress count is 1
D/dalvikvm( 1614): GC_CONCURRENT freed 669K, 65% free 2557K/7299K, paused 2ms+2ms
D/dalvikvm( 1614): GC_CONCURRENT freed 605K, 66% free 2549K/7299K, paused 2ms+2ms
D/dalvikvm( 1614): GC_CONCURRENT freed 596K, 66% free 2550K/7299K, paused 2ms+3ms
D/dalvikvm(  935): GC_CONCURRENT freed 668K, 57% free 3417K/7939K, paused 1ms+3ms
D/netConnectStep( 1282): $$$$$$$$$$$$$$$$$$$$$$$$$$$$$$$$$$$$$$$$$$
D/dalvikvm( 1197): GC_FOR_ALLOC freed 80K, 83% free 780K/4547K, paused 17ms
I/dalvikvm-heap( 1197): Grow heap (frag case) to 5.359MB for 1048592-byte allocation
D/dalvikvm( 1197): GC_FOR_ALLOC freed <1K, 68% free 1803K/5635K, paused 6ms
D/dalvikvm( 1197): GC_CONCURRENT freed 0K, 68% free 1804K/5635K, paused 1ms+1ms
D/TextLayoutCache( 1197): Using debug level: 0 - Debug Enabled: 0
E/InputMethodService( 1197): Unexpected null in startExtractingText : mExtractedText = null, input connection = com.android.internal.view.InputConnectionWrapper@413df7d0
E/InputMethodService( 1197): Unexpected null in startExtractingText : mExtractedText = null, input connection = com.android.internal.view.InputConnectionWrapper@413df7d0
D/##SoftKeyboardView( 1197): SoftKeyboardView
D/##SoftKeyboardView( 1197): SoftKeyboardView
D/dalvikvm( 1197): GC_FOR_ALLOC freed 140K, 66% free 2001K/5827K, paused 6ms
I/dalvikvm-heap( 1197): Grow heap (frag case) to 9.051MB for 3670336-byte allocation
D/dalvikvm( 1197): GC_CONCURRENT freed 8K, 42% free 5576K/9475K, paused 1ms+1ms
D/dalvikvm( 1197): GC_FOR_ALLOC freed 20K, 41% free 5623K/9475K, paused 108ms
D/dhcpcd  ( 1955): leased 192.168.2.103 for 7200 seconds
D/dhcpcd  ( 1955): adding IP address 192.168.2.103/24
D/dhcpcd  ( 1955): adding route to 0.0.0.0/0 via 192.168.2.1
D/dhcpcd  ( 1955): executing `/system/etc/dhcpcd/dhcpcd-run-hooks', reason BOUND
V/EthernetMonitor(  935): get event eth0:21:
V/EthernetMonitor(  935): dev: eth0 ev 21
V/EthernetStateTracker(  935): report address is removed for eth0
V/EthernetMonitor(  935): go poll events
V/EthernetMonitor(  935): get event eth0:20:
V/EthernetMonitor(  935): dev: eth0 ev 20
I/EthernetStateTracker(  935): received interface address remove event
I/EthernetStateTracker(  935): report new state CONNECTED on dev eth0
V/EthernetStateTracker(  935): update network state tracker
V/EthernetStateTracker(  935): getEthernetIPAddr : 192.168.2.103
V/EthernetStateTracker(  935): configureInterfaceAutoIP skip!!
V/EthernetMonitor(  935): go poll events
I/EthernetStateTracker(  935): received HW connected, stack=true CC=true
I/dalvikvm-heap( 1197): Grow heap (frag case) to 12.794MB for 3886096-byte allocation
D/dalvikvm( 1197): GC_CONCURRENT freed 2K, 30% free 9416K/13315K, paused 1ms+2ms
D/DhcpInfoInternal(  935): makeLinkProperties with empty dns2!
D/EthernetStateTracker(  935): DhcpHandler: DHCP request succeeded: addr: 192.168.2.103/24 mRoutes: 0.0.0.0/0 -> 192.168.2.1 | 0.0.0.0/0 -> 192.168.2.1 |  dns: 192.168.2.1, dhcpServer: 192.168.2.1 leaseDuration: 7200
I/EthernetStateTracker(  935): received configured succeeded, stack=true CC=true
I/EthernetStateTracker(  935): IntentBroadcast, event=1
D/ConnectivityService(  935): ConnectivityChange for ETH: CONNECTED/CONNECTED
I/TabletStatusBar( 1140): receiver broadcast
I/System.out( 1140): EVENT_INTERFACE_CONFIGURATION_SUCCEEDED
D/SettingGlobalReceiver==>( 1553): android.net.ethernet.ETHERNET_STATE_CHANGED
I/NetworkStatusChangeReceiver( 1747): action::::::::android.net.ethernet.ETHERNET_STATE_CHANGED
I/System.out( 1747): 
                                                       I/System.out( 1747): A3STB-WidgetHost1.0.11(Jacky.Zhu)
I/System.out( 1747): BabaoWebWidget---network connect---
W/NetworkStats(  935): dropping UID delta from unknown iface: iface=eth0 uid=0 set=DEFAULT tag=0x0 rxBytes=4829 rxPackets=16 txBytes=4581 txPackets=18 operations=0
