130|shell@android:/ # logcat -c;logcat
--------- beginning of /dev/log/main
V/MediaPlayer(  744): getCurrentPosition
V/MediaPlayerService(   89): getCurrentPosition
I/        (   89): CmpbHttpLiveStreaming::getCurrentPosition!
I/        (   89): CmpbHttpLiveStreaming::getCurrentPosition(return 2256000) exit!
V/MediaPlayerService(   89): [31] getCurrentPosition = 2256000
E/        (   89): <Client> _hndlr_x_mtkpbctrl_nfy_fct ---> is called @Line: 360!
E/        (   89): <Client> _hndlr_x_mtkpbctrl_nfy_fct ---> is called @Line: 360!
D/Playlist(   89): [popMoniterEvent][1380]-------
D/Playlist(   89): PlaylistPlayer::popMoniterEvent wakeup with event size:1
D/Playlist(   89): 
E/        (   89): <Client> _hndlr_x_mtkpbctrl_nfy_fct ---> is called @Line: 360!
V/MediaPlayer(  744): getCurrentPosition
V/MediaPlayerService(   89): getCurrentPosition
I/        (   89): CmpbHttpLiveStreaming::getCurrentPosition!
I/        (   89): CmpbHttpLiveStreaming::getCurrentPosition(return 2256000) exit!
V/MediaPlayerService(   89): [31] getCurrentPosition = 2256000
E/        (   89): <Client> _hndlr_x_mtkpbctrl_nfy_fct ---> is called @Line: 360!
V/MediaPlayer(  744): getCurrentPosition
V/MediaPlayerService(   89): getCurrentPosition
I/        (   89): CmpbHttpLiveStreaming::getCurrentPosition!
I/        (   89): CmpbHttpLiveStreaming::getCurrentPosition(return 2256000) exit!
V/MediaPlayerService(   89): [31] getCurrentPosition = 2256000
E/        (   89): <Client> _hndlr_x_mtkpbctrl_nfy_fct ---> is called @Line: 360!
E/        (   89): <Client> _hndlr_x_mtkpbctrl_nfy_fct ---> is called @Line: 360!
V/MediaPlayer(  744): getCurrentPosition
V/MediaPlayerService(   89): getCurrentPosition
I/        (   89): CmpbHttpLiveStreaming::getCurrentPosition!
I/        (   89): CmpbHttpLiveStreaming::getCurrentPosition(return 2256000) exit!
V/MediaPlayerService(   89): [31] getCurrentPosition = 2256000
E/        (   89): <Client> _hndlr_x_mtkpbctrl_nfy_fct ---> is called @Line: 360!
D/Playlist(   89): [popMoniterEvent][1380]-------
D/Playlist(   89): PlaylistPlayer::popMoniterEvent wakeup with event size:1
D/Playlist(   89): 
E/        (   89): <Client> _hndlr_x_mtkpbctrl_nfy_fct ---> is called @Line: 360!
E/        (   89): <Client> _hndlr_x_mtkpbctrl_nfy_fct ---> is called @Line: 360!
V/MediaPlayer(  744): getCurrentPosition
V/MediaPlayerService(   89): getCurrentPosition
I/        (   89): CmpbHttpLiveStreaming::getCurrentPosition!
I/        (   89): CmpbHttpLiveStreaming::getCurrentPosition(return 2256000) exit!
V/MediaPlayerService(   89): [31] getCurrentPosition = 2256000
E/        (   89): <Client> _hndlr_x_mtkpbctrl_nfy_fct ---> is called @Line: 360!
V/MediaPlayer(  744): getCurrentPosition
V/MediaPlayerService(   89): getCurrentPosition
I/        (   89): CmpbHttpLiveStreaming::getCurrentPosition!
I/        (   89): CmpbHttpLiveStreaming::getCurrentPosition(return 2256000) exit!
V/MediaPlayerService(   89): [31] getCurrentPosition = 2256000
E/        (   89): <Client> _hndlr_x_mtkpbctrl_nfy_fct ---> is called @Line: 360!
E/        (   89): <Client> _hndlr_x_mtkpbctrl_nfy_fct ---> is called @Line: 360!
D/Playlist(   89): [popMoniterEvent][1380]-------
D/Playlist(   89): PlaylistPlayer::popMoniterEvent wakeup with event size:1
D/Playlist(   89): 
E/        (   89): <Client> _hndlr_x_mtkpbctrl_nfy_fct ---> is called @Line: 360!
V/MediaPlayer(  744): getCurrentPosition
V/MediaPlayerService(   89): getCurrentPosition
I/        (   89): CmpbHttpLiveStreaming::getCurrentPosition!
I/        (   89): CmpbHttpLiveStreaming::getCurrentPosition(return 2256000) exit!
V/MediaPlayerService(   89): [31] getCurrentPosition = 2256000
E/        (   89): <Client> _hndlr_x_mtkpbctrl_nfy_fct ---> is called @Line: 360!
V/MediaPlayer(  744): getCurrentPosition
V/MediaPlayerService(   89): getCurrentPosition
I/        (   89): CmpbHttpLiveStreaming::getCurrentPosition!
I/        (   89): CmpbHttpLiveStreaming::getCurrentPosition(return 2256000) exit!
V/MediaPlayerService(   89): [31] getCurrentPosition = 2256000
E/        (   89): <Client> _hndlr_x_mtkpbctrl_nfy_fct ---> is called @Line: 360!
E/        (   89): <Client> _hndlr_x_mtkpbctrl_nfy_fct ---> is called @Line: 360!
V/MediaPlayer(  744): getCurrentPosition
V/MediaPlayerService(   89): getCurrentPosition
I/        (   89): CmpbHttpLiveStreaming::getCurrentPosition!
I/        (   89): CmpbHttpLiveStreaming::getCurrentPosition(return 2256000) exit!
V/MediaPlayerService(   89): [31] getCurrentPosition = 2256000
E/        (   89): <Client> _hndlr_x_mtkpbctrl_nfy_fct ---> is called @Line: 360!
D/Playlist(   89): [popMoniterEvent][1380]-------
D/Playlist(   89): PlaylistPlayer::popMoniterEvent wakeup with event size:1
D/Playlist(   89): 
E/        (   89): <Client> _hndlr_x_mtkpbctrl_nfy_fct ---> is called @Line: 360!
E/        (   89): <Client> _hndlr_x_mtkpbctrl_nfy_fct ---> is called @Line: 360!
V/MediaPlayer(  744): getCurrentPosition
V/MediaPlayerService(   89): getCurrentPosition
I/        (   89): CmpbHttpLiveStreaming::getCurrentPosition!
I/        (   89): CmpbHttpLiveStreaming::getCurrentPosition(return 2256000) exit!
V/MediaPlayerService(   89): [31] getCurrentPosition = 2256000
E/        (   89): <Client> _hndlr_x_mtkpbctrl_nfy_fct ---> is called @Line: 360!
V/MediaPlayer(  744): getCurrentPosition
V/MediaPlayerService(   89): getCurrentPosition
I/        (   89): CmpbHttpLiveStreaming::getCurrentPosition!
I/        (   89): CmpbHttpLiveStreaming::getCurrentPosition(return 2256000) exit!
V/MediaPlayerService(   89): [31] getCurrentPosition = 2256000
E/        (   89): <Client> _hndlr_x_mtkpbctrl_nfy_fct ---> is called @Line: 360!
E/        (   89): <Client> _hndlr_x_mtkpbctrl_nfy_fct ---> is called @Line: 360!
D/Playlist(   89): [popMoniterEvent][1380]-------
D/Playlist(   89): PlaylistPlayer::popMoniterEvent wakeup with event size:1
D/Playlist(   89): 
E/        (   89): <Client> _hndlr_x_mtkpbctrl_nfy_fct ---> is called @Line: 360!
V/MediaPlayer(  744): getCurrentPosition
V/MediaPlayerService(   89): getCurrentPosition
I/        (   89): CmpbHttpLiveStreaming::getCurrentPosition!
I/        (   89): CmpbHttpLiveStreaming::getCurrentPosition(return 2256000) exit!
V/MediaPlayerService(   89): [31] getCurrentPosition = 2256000
E/        (   89): <Client> _hndlr_x_mtkpbctrl_nfy_fct ---> is called @Line: 360!
V/MediaPlayer(  744): getCurrentPosition
V/MediaPlayerService(   89): getCurrentPosition
I/        (   89): CmpbHttpLiveStreaming::getCurrentPosition!
I/        (   89): CmpbHttpLiveStreaming::getCurrentPosition(return 2256000) exit!
V/MediaPlayerService(   89): [31] getCurrentPosition = 2256000
D/HomePlayerLib(  615): hostaddress count is 1
E/        (   89): <Client> _hndlr_x_mtkpbctrl_nfy_fct ---> is called @Line: 360!
E/        (   89): <Client> _hndlr_x_mtkpbctrl_nfy_fct ---> is called @Line: 360!
V/MediaPlayer(  744): getCurrentPosition
V/MediaPlayerService(   89): getCurrentPosition
I/        (   89): CmpbHttpLiveStreaming::getCurrentPosition!
I/        (   89): CmpbHttpLiveStreaming::getCurrentPosition(return 2256000) exit!
V/MediaPlayerService(   89): [31] getCurrentPosition = 2256000
E/        (   89): <Client> _hndlr_x_mtkpbctrl_nfy_fct ---> is called @Line: 360!
D/Playlist(   89): [popMoniterEvent][1380]-------
D/Playlist(   89): PlaylistPlayer::popMoniterEvent wakeup with event size:1
D/Playlist(   89): 
E/        (   89): <Client> _hndlr_x_mtkpbctrl_nfy_fct ---> is called @Line: 360!
D/dalvikvm(  615): GC_CONCURRENT freed 2029K, 15% free 14138K/16583K, paused 1ms+2ms
E/        (   89): <Client> _hndlr_x_mtkpbctrl_nfy_fct ---> is called @Line: 360!
V/MediaPlayer(  744): getCurrentPosition
V/MediaPlayerService(   89): getCurrentPosition
I/        (   89): CmpbHttpLiveStreaming::getCurrentPosition!
I/        (   89): CmpbHttpLiveStreaming::getCurrentPosition(return 2256000) exit!
V/MediaPlayerService(   89): [31] getCurrentPosition = 2256000
E/        (   89): <Client> _hndlr_x_mtkpbctrl_nfy_fct ---> is called @Line: 360!
V/MediaPlayer(  744): getCurrentPosition
V/MediaPlayerService(   89): getCurrentPosition
I/        (   89): CmpbHttpLiveStreaming::getCurrentPosition!
I/        (   89): CmpbHttpLiveStreaming::getCurrentPosition(return 2256000) exit!
V/MediaPlayerService(   89): [31] getCurrentPosition = 2256000
E/        (   89): <Client> _hndlr_x_mtkpbctrl_nfy_fct ---> is called @Line: 360!
E/        (   89): <Client> _hndlr_x_mtkpbctrl_nfy_fct ---> is called @Line: 360!
D/Playlist(   89): [popMoniterEvent][1380]-------
D/Playlist(   89): PlaylistPlayer::popMoniterEvent wakeup with event size:1
D/Playlist(   89): 
E/        (   89): <Client> _hndlr_x_mtkpbctrl_nfy_fct ---> is called @Line: 360!
V/MediaPlayer(  744): getCurrentPosition
V/MediaPlayerService(   89): getCurrentPosition
I/        (   89): CmpbHttpLiveStreaming::getCurrentPosition!
I/        (   89): CmpbHttpLiveStreaming::getCurrentPosition(return 2256000) exit!
V/MediaPlayerService(   89): [31] getCurrentPosition = 2256000
E/        (   89): <Client> _hndlr_x_mtkpbctrl_nfy_fct ---> is called @Line: 360!
V/MediaPlayer(  744): getCurrentPosition
V/MediaPlayerService(   89): getCurrentPosition
I/        (   89): CmpbHttpLiveStreaming::getCurrentPosition!
I/        (   89): CmpbHttpLiveStreaming::getCurrentPosition(return 2256000) exit!
V/MediaPlayerService(   89): [31] getCurrentPosition = 2256000
E/        (   89): <Client> _hndlr_x_mtkpbctrl_nfy_fct ---> is called @Line: 360!
V/MediaPlayer(  744): getCurrentPosition
V/MediaPlayerService(   89): getCurrentPosition
I/        (   89): CmpbHttpLiveStreaming::getCurrentPosition!
I/        (   89): CmpbHttpLiveStreaming::getCurrentPosition(return 2256000) exit!
V/MediaPlayerService(   89): [31] getCurrentPosition = 2256000
E/        (   89): <Client> _hndlr_x_mtkpbctrl_nfy_fct ---> is called @Line: 360!
E/        (   89): <Client> _hndlr_x_mtkpbctrl_nfy_fct ---> is called @Line: 360!
D/Playlist(   89): [popMoniterEvent][1380]-------
D/Playlist(   89): PlaylistPlayer::popMoniterEvent wakeup with event size:1
D/Playlist(   89): 
E/        (   89): <Client> _hndlr_x_mtkpbctrl_nfy_fct ---> is called @Line: 360!
E/        (   89): <Client> _hndlr_x_mtkpbctrl_nfy_fct ---> is called @Line: 360!
V/MediaPlayer(  744): getCurrentPosition
V/MediaPlayerService(   89): getCurrentPosition
I/        (   89): CmpbHttpLiveStreaming::getCurrentPosition!
I/        (   89): CmpbHttpLiveStreaming::getCurrentPosition(return 2256000) exit!
V/MediaPlayerService(   89): [31] getCurrentPosition = 2256000
E/        (   89): <Client> _hndlr_x_mtkpbctrl_nfy_fct ---> is called @Line: 360!
V/MediaPlayer(  744): getCurrentPosition
V/MediaPlayerService(   89): getCurrentPosition
I/        (   89): CmpbHttpLiveStreaming::getCurrentPosition!
I/        (   89): CmpbHttpLiveStreaming::getCurrentPosition(return 2256000) exit!
V/MediaPlayerService(   89): [31] getCurrentPosition = 2256000
E/        (   89): <Client> _hndlr_x_mtkpbctrl_nfy_fct ---> is called @Line: 360!
E/        (   89): <Client> _hndlr_x_mtkpbctrl_nfy_fct ---> is called @Line: 360!
D/Playlist(   89): [popMoniterEvent][1380]-------
D/Playlist(   89): PlaylistPlayer::popMoniterEvent wakeup with event size:1
D/Playlist(   89): 
E/        (   89): <Client> _hndlr_x_mtkpbctrl_nfy_fct ---> is called @Line: 360!
V/MediaPlayer(  744): getCurrentPosition
V/MediaPlayerService(   89): getCurrentPosition
I/        (   89): CmpbHttpLiveStreaming::getCurrentPosition!
I/        (   89): CmpbHttpLiveStreaming::getCurrentPosition(return 2256000) exit!
V/MediaPlayerService(   89): [31] getCurrentPosition = 2256000
E/        (   89): <Client> _hndlr_x_mtkpbctrl_nfy_fct ---> is called @Line: 360!
V/MediaPlayer(  744): getCurrentPosition
V/MediaPlayerService(   89): getCurrentPosition
I/        (   89): CmpbHttpLiveStreaming::getCurrentPosition!
I/        (   89): CmpbHttpLiveStreaming::getCurrentPosition(return 2256000) exit!
V/MediaPlayerService(   89): [31] getCurrentPosition = 2256000
E/        (   89): <Client> _hndlr_x_mtkpbctrl_nfy_fct ---> is called @Line: 360!
V/MediaPlayer(  744): getCurrentPosition
V/MediaPlayerService(   89): getCurrentPosition
I/        (   89): CmpbHttpLiveStreaming::getCurrentPosition!
I/        (   89): CmpbHttpLiveStreaming::getCurrentPosition(return 2256000) exit!
V/MediaPlayerService(   89): [31] getCurrentPosition = 2256000
E/        (   89): <Client> _hndlr_x_mtkpbctrl_nfy_fct ---> is called @Line: 360!
E/        (   89): <Client> _hndlr_x_mtkpbctrl_nfy_fct ---> is called @Line: 360!
D/Playlist(   89): [popMoniterEvent][1380]-------
D/Playlist(   89): PlaylistPlayer::popMoniterEvent wakeup with event size:1
D/Playlist(   89): 
E/        (   89): <Client> _hndlr_x_mtkpbctrl_nfy_fct ---> is called @Line: 360!
E/        (   89): <Client> _hndlr_x_mtkpbctrl_nfy_fct ---> is called @Line: 360!
V/MediaPlayer(  744): getCurrentPosition
V/MediaPlayerService(   89): getCurrentPosition
I/        (   89): CmpbHttpLiveStreaming::getCurrentPosition!
I/        (   89): CmpbHttpLiveStreaming::getCurrentPosition(return 2256000) exit!
V/MediaPlayerService(   89): [31] getCurrentPosition = 2256000
E/        (   89): <Client> _hndlr_x_mtkpbctrl_nfy_fct ---> is called @Line: 360!
V/MediaPlayer(  744): getCurrentPosition
V/MediaPlayerService(   89): getCurrentPosition
I/        (   89): CmpbHttpLiveStreaming::getCurrentPosition!
I/        (   89): CmpbHttpLiveStreaming::getCurrentPosition(return 2256000) exit!
V/MediaPlayerService(   89): [31] getCurrentPosition = 2256000
E/        (   89): <Client> _hndlr_x_mtkpbctrl_nfy_fct ---> is called @Line: 360!
E/        (   89): <Client> _hndlr_x_mtkpbctrl_nfy_fct ---> is called @Line: 360!
D/Playlist(   89): [popMoniterEvent][1380]-------
D/Playlist(   89): PlaylistPlayer::popMoniterEvent wakeup with event size:1
D/Playlist(   89): 
E/        (   89): <Client> _hndlr_x_mtkpbctrl_nfy_fct ---> is called @Line: 360!
V/MediaPlayer(  744): getCurrentPosition
V/MediaPlayerService(   89): getCurrentPosition
I/        (   89): CmpbHttpLiveStreaming::getCurrentPosition!
I/        (   89): CmpbHttpLiveStreaming::getCurrentPosition(return 2256000) exit!
V/MediaPlayerService(   89): [31] getCurrentPosition = 2256000
E/        (   89): <Client> _hndlr_x_mtkpbctrl_nfy_fct ---> is called @Line: 360!
V/MediaPlayer(  744): getCurrentPosition
V/MediaPlayerService(   89): getCurrentPosition
I/        (   89): CmpbHttpLiveStreaming::getCurrentPosition!
I/        (   89): CmpbHttpLiveStreaming::getCurrentPosition(return 2256000) exit!
V/MediaPlayerService(   89): [31] getCurrentPosition = 2256000
E/        (   89): <Client> _hndlr_x_mtkpbctrl_nfy_fct ---> is called @Line: 360!
V/MediaPlayer(  744): getCurrentPosition
V/MediaPlayerService(   89): getCurrentPosition
I/        (   89): CmpbHttpLiveStreaming::getCurrentPosition!
I/        (   89): CmpbHttpLiveStreaming::getCurrentPosition(return 2256000) exit!
V/MediaPlayerService(   89): [31] getCurrentPosition = 2256000
E/        (   89): <Client> _hndlr_x_mtkpbctrl_nfy_fct ---> is called @Line: 360!
E/        (   89): <Client> _hndlr_x_mtkpbctrl_nfy_fct ---> is called @Line: 360!
D/Playlist(   89): [popMoniterEvent][1380]-------
D/Playlist(   89): PlaylistPlayer::popMoniterEvent wakeup with event size:1
D/Playlist(   89): 
E/        (   89): <Client> _hndlr_x_mtkpbctrl_nfy_fct ---> is called @Line: 360!
E/        (   89): <Client> _hndlr_x_mtkpbctrl_nfy_fct ---> is called @Line: 360!
V/MediaPlayer(  744): getCurrentPosition
V/MediaPlayerService(   89): getCurrentPosition
I/        (   89): CmpbHttpLiveStreaming::getCurrentPosition!
I/        (   89): CmpbHttpLiveStreaming::getCurrentPosition(return 2256000) exit!
V/MediaPlayerService(   89): [31] getCurrentPosition = 2256000
E/        (   89): <Client> _hndlr_x_mtkpbctrl_nfy_fct ---> is called @Line: 360!
V/MediaPlayer(  744): getCurrentPosition
V/MediaPlayerService(   89): getCurrentPosition
I/        (   89): CmpbHttpLiveStreaming::getCurrentPosition!
I/        (   89): CmpbHttpLiveStreaming::getCurrentPosition(return 2256000) exit!
V/MediaPlayerService(   89): [31] getCurrentPosition = 2256000
E/        (   89): <Client> _hndlr_x_mtkpbctrl_nfy_fct ---> is called @Line: 360!
E/        (   89): <Client> _hndlr_x_mtkpbctrl_nfy_fct ---> is called @Line: 360!
D/Playlist(   89): [popMoniterEvent][1380]-------
D/Playlist(   89): PlaylistPlayer::popMoniterEvent wakeup with event size:1
D/Playlist(   89): 
E/        (   89): <Client> _hndlr_x_mtkpbctrl_nfy_fct ---> is called @Line: 360!
V/MediaPlayer(  744): getCurrentPosition
V/MediaPlayerService(   89): getCurrentPosition
I/        (   89): CmpbHttpLiveStreaming::getCurrentPosition!
I/        (   89): CmpbHttpLiveStreaming::getCurrentPosition(return 2256000) exit!
V/MediaPlayerService(   89): [31] getCurrentPosition = 2256000
E/        (   89): <Client> _hndlr_x_mtkpbctrl_nfy_fct ---> is called @Line: 360!
V/MediaPlayer(  744): getCurrentPosition
V/MediaPlayerService(   89): getCurrentPosition
I/        (   89): CmpbHttpLiveStreaming::getCurrentPosition!
I/        (   89): CmpbHttpLiveStreaming::getCurrentPosition(return 2256000) exit!
V/MediaPlayerService(   89): [31] getCurrentPosition = 2256000
E/        (   89): <Client> _hndlr_x_mtkpbctrl_nfy_fct ---> is called @Line: 360!
V/MediaPlayer(  744): getCurrentPosition
V/MediaPlayerService(   89): getCurrentPosition
I/        (   89): CmpbHttpLiveStreaming::getCurrentPosition!
I/        (   89): CmpbHttpLiveStreaming::getCurrentPosition(return 2256000) exit!
V/MediaPlayerService(   89): [31] getCurrentPosition = 2256000
E/        (   89): <Client> _hndlr_x_mtkpbctrl_nfy_fct ---> is called @Line: 360!
E/        (   89): <Client> _hndlr_x_mtkpbctrl_nfy_fct ---> is called @Line: 360!
D/Playlist(   89): [popMoniterEvent][1380]-------
D/Playlist(   89): PlaylistPlayer::popMoniterEvent wakeup with event size:1
D/Playlist(   89): 
E/        (   89): <Client> _hndlr_x_mtkpbctrl_nfy_fct ---> is called @Line: 360!
E/        (   89): <Client> _hndlr_x_mtkpbctrl_nfy_fct ---> is called @Line: 360!
V/MediaPlayer(  744): getCurrentPosition
V/MediaPlayerService(   89): getCurrentPosition
I/        (   89): CmpbHttpLiveStreaming::getCurrentPosition!
I/        (   89): CmpbHttpLiveStreaming::getCurrentPosition(return 2256000) exit!
V/MediaPlayerService(   89): [31] getCurrentPosition = 2256000
E/        (   89): <Client> _hndlr_x_mtkpbctrl_nfy_fct ---> is called @Line: 360!
V/MediaPlayer(  744): getCurrentPosition
V/MediaPlayerService(   89): getCurrentPosition
I/        (   89): CmpbHttpLiveStreaming::getCurrentPosition!
I/        (   89): CmpbHttpLiveStreaming::getCurrentPosition(return 2256000) exit!
V/MediaPlayerService(   89): [31] getCurrentPosition = 2256000
E/        (   89): <Client> _hndlr_x_mtkpbctrl_nfy_fct ---> is called @Line: 360!
E/        (   89): <Client> _hndlr_x_mtkpbctrl_nfy_fct ---> is called @Line: 360!
D/Playlist(   89): [popMoniterEvent][1380]-------
D/Playlist(   89): PlaylistPlayer::popMoniterEvent wakeup with event size:1
D/Playlist(   89): 
E/        (   89): <Client> _hndlr_x_mtkpbctrl_nfy_fct ---> is called @Line: 360!
V/MediaPlayer(  744): getCurrentPosition
V/MediaPlayerService(   89): getCurrentPosition
I/        (   89): CmpbHttpLiveStreaming::getCurrentPosition!
I/        (   89): CmpbHttpLiveStreaming::getCurrentPosition(return 2256000) exit!
V/MediaPlayerService(   89): [31] getCurrentPosition = 2256000
E/        (   89): <Client> _hndlr_x_mtkpbctrl_nfy_fct ---> is called @Line: 360!
V/MediaPlayer(  744): getCurrentPosition
V/MediaPlayerService(   89): getCurrentPosition
I/        (   89): CmpbHttpLiveStreaming::getCurrentPosition!
I/        (   89): CmpbHttpLiveStreaming::getCurrentPosition(return 2256000) exit!
V/MediaPlayerService(   89): [31] getCurrentPosition = 2256000
E/        (   89): <Client> _hndlr_x_mtkpbctrl_nfy_fct ---> is called @Line: 360!
V/MediaPlayer(  744): getCurrentPosition
V/MediaPlayerService(   89): getCurrentPosition
I/        (   89): CmpbHttpLiveStreaming::getCurrentPosition!
I/        (   89): CmpbHttpLiveStreaming::getCurrentPosition(return 2256000) exit!
V/MediaPlayerService(   89): [31] getCurrentPosition = 2256000
E/        (   89): <Client> _hndlr_x_mtkpbctrl_nfy_fct ---> is called @Line: 360!
E/        (   89): <Client> _hndlr_x_mtkpbctrl_nfy_fct ---> is called @Line: 360!
D/Playlist(   89): [popMoniterEvent][1380]-------
D/Playlist(   89): PlaylistPlayer::popMoniterEvent wakeup with event size:1
D/Playlist(   89): 
E/        (   89): <Client> _hndlr_x_mtkpbctrl_nfy_fct ---> is called @Line: 360!
E/        (   89): <Client> _hndlr_x_mtkpbctrl_nfy_fct ---> is called @Line: 360!
V/MediaPlayer(  744): getCurrentPosition
V/MediaPlayerService(   89): getCurrentPosition
I/        (   89): CmpbHttpLiveStreaming::getCurrentPosition!
I/        (   89): CmpbHttpLiveStreaming::getCurrentPosition(return 2256000) exit!
V/MediaPlayerService(   89): [31] getCurrentPosition = 2256000
V/MediaPlayer(  744): getCurrentPosition
V/MediaPlayerService(   89): getCurrentPosition
I/        (   89): CmpbHttpLiveStreaming::getCurrentPosition!
I/        (   89): CmpbHttpLiveStreaming::getCurrentPosition(return 2256000) exit!
V/MediaPlayerService(   89): [31] getCurrentPosition = 2256000
E/        (   89): <Client> _hndlr_x_mtkpbctrl_nfy_fct ---> is called @Line: 360!
E/        (   89): <Client> _hndlr_x_mtkpbctrl_nfy_fct ---> is called @Line: 360!
E/        (   89): <Client> _hndlr_x_mtkpbctrl_nfy_fct ---> is called @Line: 360!
D/Playlist(   89): [popMoniterEvent][1380]-------
D/Playlist(   89): PlaylistPlayer::popMoniterEvent wakeup with event size:1
D/Playlist(   89): 
E/        (   89): <Client> _hndlr_x_mtkpbctrl_nfy_fct ---> is called @Line: 360!
V/MediaPlayer(  744): getCurrentPosition
V/MediaPlayerService(   89): getCurrentPosition
I/        (   89): CmpbHttpLiveStreaming::getCurrentPosition!
I/        (   89): CmpbHttpLiveStreaming::getCurrentPosition(return 2256000) exit!
V/MediaPlayerService(   89): [31] getCurrentPosition = 2256000
E/        (   89): <Client> _hndlr_x_mtkpbctrl_nfy_fct ---> is called @Line: 360!
V/MediaPlayer(  744): getCurrentPosition
V/MediaPlayerService(   89): getCurrentPosition
I/        (   89): CmpbHttpLiveStreaming::getCurrentPosition!
I/        (   89): CmpbHttpLiveStreaming::getCurrentPosition(return 2256000) exit!
V/MediaPlayerService(   89): [31] getCurrentPosition = 2256000
E/        (   89): <Client> _hndlr_x_mtkpbctrl_nfy_fct ---> is called @Line: 360!
V/MediaPlayer(  744): getCurrentPosition
V/MediaPlayerService(   89): getCurrentPosition
I/        (   89): CmpbHttpLiveStreaming::getCurrentPosition!
I/        (   89): CmpbHttpLiveStreaming::getCurrentPosition(return 2256000) exit!
V/MediaPlayerService(   89): [31] getCurrentPosition = 2256000
E/        (   89): <Client> _hndlr_x_mtkpbctrl_nfy_fct ---> is called @Line: 360!
E/        (   89): <Client> _hndlr_x_mtkpbctrl_nfy_fct ---> is called @Line: 360!
D/Playlist(   89): [popMoniterEvent][1380]-------
D/Playlist(   89): PlaylistPlayer::popMoniterEvent wakeup with event size:1
D/Playlist(   89): 
E/        (   89): <Client> _hndlr_x_mtkpbctrl_nfy_fct ---> is called @Line: 360!
E/        (   89): <Client> _hndlr_x_mtkpbctrl_nfy_fct ---> is called @Line: 360!
V/MediaPlayer(  744): getCurrentPosition
V/MediaPlayerService(   89): getCurrentPosition
I/        (   89): CmpbHttpLiveStreaming::getCurrentPosition!
I/        (   89): CmpbHttpLiveStreaming::getCurrentPosition(return 2256000) exit!
V/MediaPlayerService(   89): [31] getCurrentPosition = 2256000
V/MediaPlayer(  744): getCurrentPosition
V/MediaPlayerService(   89): getCurrentPosition
I/        (   89): CmpbHttpLiveStreaming::getCurrentPosition!
I/        (   89): CmpbHttpLiveStreaming::getCurrentPosition(return 2256000) exit!
V/MediaPlayerService(   89): [31] getCurrentPosition = 2256000
E/        (   89): <Client> _hndlr_x_mtkpbctrl_nfy_fct ---> is called @Line: 360!
E/        (   89): <Client> _hndlr_x_mtkpbctrl_nfy_fct ---> is called @Line: 360!
E/        (   89): <Client> _hndlr_x_mtkpbctrl_nfy_fct ---> is called @Line: 360!
D/Playlist(   89): [popMoniterEvent][1380]-------
D/Playlist(   89): PlaylistPlayer::popMoniterEvent wakeup with event size:1
D/Playlist(   89): 
V/MediaPlayer(  744): getCurrentPosition
V/MediaPlayerService(   89): getCurrentPosition
I/        (   89): CmpbHttpLiveStreaming::getCurrentPosition!
I/        (   89): CmpbHttpLiveStreaming::getCurrentPosition(return 2256000) exit!
V/MediaPlayerService(   89): [31] getCurrentPosition = 2256000
E/        (   89): <Client> _hndlr_x_mtkpbctrl_nfy_fct ---> is called @Line: 360!
E/        (   89): <Client> _hndlr_x_mtkpbctrl_nfy_fct ---> is called @Line: 360!
V/MediaPlayer(  744): getCurrentPosition
V/MediaPlayerService(   89): getCurrentPosition
I/        (   89): CmpbHttpLiveStreaming::getCurrentPosition!
I/        (   89): CmpbHttpLiveStreaming::getCurrentPosition(return 2256000) exit!
V/MediaPlayerService(   89): [31] getCurrentPosition = 2256000
E/        (   89): <Client> _hndlr_x_mtkpbctrl_nfy_fct ---> is called @Line: 360!
V/MediaPlayer(  744): getCurrentPosition
V/MediaPlayerService(   89): getCurrentPosition
I/        (   89): CmpbHttpLiveStreaming::getCurrentPosition!
I/        (   89): CmpbHttpLiveStreaming::getCurrentPosition(return 2256000) exit!
V/MediaPlayerService(   89): [31] getCurrentPosition = 2256000
E/        (   89): <Client> _hndlr_x_mtkpbctrl_nfy_fct ---> is called @Line: 360!
E/        (   89): <Client> _hndlr_x_mtkpbctrl_nfy_fct ---> is called @Line: 360!
D/Playlist(   89): [popMoniterEvent][1380]-------
D/Playlist(   89): PlaylistPlayer::popMoniterEvent wakeup with event size:1
D/Playlist(   89): 
E/        (   89): <Client> _hndlr_x_mtkpbctrl_nfy_fct ---> is called @Line: 360!
V/MediaPlayer(  744): getCurrentPosition
V/MediaPlayerService(   89): getCurrentPosition
I/        (   89): CmpbHttpLiveStreaming::getCurrentPosition!
I/        (   89): CmpbHttpLiveStreaming::getCurrentPosition(return 2256000) exit!
V/MediaPlayerService(   89): [31] getCurrentPosition = 2256000
E/        (   89): <Client> _hndlr_x_mtkpbctrl_nfy_fct ---> is called @Line: 360!
V/MediaPlayer(  744): getCurrentPosition
V/MediaPlayerService(   89): getCurrentPosition
I/        (   89): CmpbHttpLiveStreaming::getCurrentPosition!
I/        (   89): CmpbHttpLiveStreaming::getCurrentPosition(return 2256000) exit!
V/MediaPlayerService(   89): [31] getCurrentPosition = 2256000
E/        (   89): <Client> _hndlr_x_mtkpbctrl_nfy_fct ---> is called @Line: 360!
E/        (   89): <Client> _hndlr_x_mtkpbctrl_nfy_fct ---> is called @Line: 360!
E/        (   89): <Client> _hndlr_x_mtkpbctrl_nfy_fct ---> is called @Line: 360!
D/Playlist(   89): [popMoniterEvent][1380]-------
D/Playlist(   89): PlaylistPlayer::popMoniterEvent wakeup with event size:1
D/Playlist(   89): 
D/dalvikvm(  615): GC_CONCURRENT freed 2010K, 15% free 14128K/16583K, paused 1ms+2ms
V/MediaPlayer(  744): getCurrentPosition
V/MediaPlayerService(   89): getCurrentPosition
I/        (   89): CmpbHttpLiveStreaming::getCurrentPosition!
I/        (   89): CmpbHttpLiveStreaming::getCurrentPosition(return 2256000) exit!
V/MediaPlayerService(   89): [31] getCurrentPosition = 2256000
E/        (   89): <Client> _hndlr_x_mtkpbctrl_nfy_fct ---> is called @Line: 360!
V/MediaPlayer(  744): getCurrentPosition
V/MediaPlayerService(   89): getCurrentPosition
I/        (   89): CmpbHttpLiveStreaming::getCurrentPosition!
I/        (   89): CmpbHttpLiveStreaming::getCurrentPosition(return 2256000) exit!
V/MediaPlayerService(   89): [31] getCurrentPosition = 2256000
E/        (   89): <Client> _hndlr_x_mtkpbctrl_nfy_fct ---> is called @Line: 360!
E/        (   89): <Client> _hndlr_x_mtkpbctrl_nfy_fct ---> is called @Line: 360!
V/MediaPlayer(  744): getCurrentPosition
V/MediaPlayerService(   89): getCurrentPosition
I/        (   89): CmpbHttpLiveStreaming::getCurrentPosition!
I/        (   89): CmpbHttpLiveStreaming::getCurrentPosition(return 2256000) exit!
V/MediaPlayerService(   89): [31] getCurrentPosition = 2256000
E/        (   89): <Client> _hndlr_x_mtkpbctrl_nfy_fct ---> is called @Line: 360!
E/        (   89): <Client> _hndlr_x_mtkpbctrl_nfy_fct ---> is called @Line: 360!
D/Playlist(   89): [popMoniterEvent][1380]-------
D/Playlist(   89): PlaylistPlayer::popMoniterEvent wakeup with event size:1
D/Playlist(   89): 
E/        (   89): <Client> _hndlr_x_mtkpbctrl_nfy_fct ---> is called @Line: 360!
V/MediaPlayer(  744): getCurrentPosition
V/MediaPlayerService(   89): getCurrentPosition
I/        (   89): CmpbHttpLiveStreaming::getCurrentPosition!
I/        (   89): CmpbHttpLiveStreaming::getCurrentPosition(return 2256000) exit!
V/MediaPlayerService(   89): [31] getCurrentPosition = 2256000
E/        (   89): <Client> _hndlr_x_mtkpbctrl_nfy_fct ---> is called @Line: 360!
V/MediaPlayer(  744): getCurrentPosition
V/MediaPlayerService(   89): getCurrentPosition
I/        (   89): CmpbHttpLiveStreaming::getCurrentPosition!
I/        (   89): CmpbHttpLiveStreaming::getCurrentPosition(return 2256000) exit!
V/MediaPlayerService(   89): [31] getCurrentPosition = 2256000
E/        (   89): <Client> _hndlr_x_mtkpbctrl_nfy_fct ---> is called @Line: 360!
E/        (   89): <Client> _hndlr_x_mtkpbctrl_nfy_fct ---> is called @Line: 360!
E/        (   89): <Client> _hndlr_x_mtkpbctrl_nfy_fct ---> is called @Line: 360!
D/Playlist(   89): [popMoniterEvent][1380]-------
D/Playlist(   89): PlaylistPlayer::popMoniterEvent wakeup with event size:1
D/Playlist(   89): 
V/MediaPlayer(  744): getCurrentPosition
V/MediaPlayerService(   89): getCurrentPosition
I/        (   89): CmpbHttpLiveStreaming::getCurrentPosition!
I/        (   89): CmpbHttpLiveStreaming::getCurrentPosition(return 2256000) exit!
V/MediaPlayerService(   89): [31] getCurrentPosition = 2256000
E/        (   89): <Client> _hndlr_x_mtkpbctrl_nfy_fct ---> is called @Line: 360!
V/MediaPlayer(  744): getCurrentPosition
V/MediaPlayerService(   89): getCurrentPosition
I/        (   89): CmpbHttpLiveStreaming::getCurrentPosition!
I/        (   89): CmpbHttpLiveStreaming::getCurrentPosition(return 2256000) exit!
V/MediaPlayerService(   89): [31] getCurrentPosition = 2256000
E/        (   89): <Client> _hndlr_x_mtkpbctrl_nfy_fct ---> is called @Line: 360!
E/        (   89): <Client> _hndlr_x_mtkpbctrl_nfy_fct ---> is called @Line: 360!
V/MediaPlayer(  744): getCurrentPosition
V/MediaPlayerService(   89): getCurrentPosition
I/        (   89): CmpbHttpLiveStreaming::getCurrentPosition!
I/        (   89): CmpbHttpLiveStreaming::getCurrentPosition(return 2256000) exit!
V/MediaPlayerService(   89): [31] getCurrentPosition = 2256000
E/        (   89): <Client> _hndlr_x_mtkpbctrl_nfy_fct ---> is called @Line: 360!
E/        (   89): <Client> _hndlr_x_mtkpbctrl_nfy_fct ---> is called @Line: 360!
D/Playlist(   89): [popMoniterEvent][1380]-------
D/Playlist(   89): PlaylistPlayer::popMoniterEvent wakeup with event size:1
D/Playlist(   89): 
E/        (   89): <Client> _hndlr_x_mtkpbctrl_nfy_fct ---> is called @Line: 360!
V/MediaPlayer(  744): getCurrentPosition
V/MediaPlayerService(   89): getCurrentPosition
I/        (   89): CmpbHttpLiveStreaming::getCurrentPosition!
I/        (   89): CmpbHttpLiveStreaming::getCurrentPosition(return 2256000) exit!
V/MediaPlayerService(   89): [31] getCurrentPosition = 2256000
E/        (   89): <Client> _hndlr_x_mtkpbctrl_nfy_fct ---> is called @Line: 360!
V/MediaPlayer(  744): getCurrentPosition
V/MediaPlayerService(   89): getCurrentPosition
I/        (   89): CmpbHttpLiveStreaming::getCurrentPosition!
I/        (   89): CmpbHttpLiveStreaming::getCurrentPosition(return 2256000) exit!
V/MediaPlayerService(   89): [31] getCurrentPosition = 2256000
E/        (   89): <Client> _hndlr_x_mtkpbctrl_nfy_fct ---> is called @Line: 360!
E/        (   89): <Client> _hndlr_x_mtkpbctrl_nfy_fct ---> is called @Line: 360!
E/        (   89): <Client> _hndlr_x_mtkpbctrl_nfy_fct ---> is called @Line: 360!
D/Playlist(   89): [popMoniterEvent][1380]-------
D/Playlist(   89): PlaylistPlayer::popMoniterEvent wakeup with event size:1
D/Playlist(   89): 
V/MediaPlayer(  744): getCurrentPosition
V/MediaPlayerService(   89): getCurrentPosition
I/        (   89): CmpbHttpLiveStreaming::getCurrentPosition!
I/        (   89): CmpbHttpLiveStreaming::getCurrentPosition(return 2256000) exit!
V/MediaPlayerService(   89): [31] getCurrentPosition = 2256000
E/        (   89): <Client> _hndlr_x_mtkpbctrl_nfy_fct ---> is called @Line: 360!
V/MediaPlayer(  744): getCurrentPosition
V/MediaPlayerService(   89): getCurrentPosition
I/        (   89): CmpbHttpLiveStreaming::getCurrentPosition!
I/        (   89): CmpbHttpLiveStreaming::getCurrentPosition(return 2256000) exit!
V/MediaPlayerService(   89): [31] getCurrentPosition = 2256000
E/        (   89): <Client> _hndlr_x_mtkpbctrl_nfy_fct ---> is called @Line: 360!
E/        (   89): <Client> _hndlr_x_mtkpbctrl_nfy_fct ---> is called @Line: 360!
V/MediaPlayer(  744): getCurrentPosition
V/MediaPlayerService(   89): getCurrentPosition
I/        (   89): CmpbHttpLiveStreaming::getCurrentPosition!
I/        (   89): CmpbHttpLiveStreaming::getCurrentPosition(return 2256000) exit!
V/MediaPlayerService(   89): [31] getCurrentPosition = 2256000
E/        (   89): <Client> _hndlr_x_mtkpbctrl_nfy_fct ---> is called @Line: 360!
E/        (   89): <Client> _hndlr_x_mtkpbctrl_nfy_fct ---> is called @Line: 360!
D/Playlist(   89): [popMoniterEvent][1380]-------
D/Playlist(   89): PlaylistPlayer::popMoniterEvent wakeup with event size:1
D/Playlist(   89): 
E/        (   89): <Client> _hndlr_x_mtkpbctrl_nfy_fct ---> is called @Line: 360!
V/MediaPlayer(  744): getCurrentPosition
V/MediaPlayerService(   89): getCurrentPosition
I/        (   89): CmpbHttpLiveStreaming::getCurrentPosition!
I/        (   89): CmpbHttpLiveStreaming::getCurrentPosition(return 2256000) exit!
V/MediaPlayerService(   89): [31] getCurrentPosition = 2256000
E/        (   89): <Client> _hndlr_x_mtkpbctrl_nfy_fct ---> is called @Line: 360!
V/MediaPlayer(  744): getCurrentPosition
V/MediaPlayerService(   89): getCurrentPosition
I/        (   89): CmpbHttpLiveStreaming::getCurrentPosition!
I/        (   89): CmpbHttpLiveStreaming::getCurrentPosition(return 2256000) exit!
V/MediaPlayerService(   89): [31] getCurrentPosition = 2256000
E/        (   89): <Client> _hndlr_x_mtkpbctrl_nfy_fct ---> is called @Line: 360!
D/HomePlayerLib(  615): hostaddress count is 1
D/dalvikvm(  615): GC_CONCURRENT freed 2054K, 15% free 14119K/16583K, paused 1ms+2ms
E/        (   89): <Client> _hndlr_x_mtkpbctrl_nfy_fct ---> is called @Line: 360!
E/        (   89): <Client> _hndlr_x_mtkpbctrl_nfy_fct ---> is called @Line: 360!
D/Playlist(   89): [popMoniterEvent][1380]-------
D/Playlist(   89): PlaylistPlayer::popMoniterEvent wakeup with event size:1
D/Playlist(   89): 
V/MediaPlayer(  744): getCurrentPosition
V/MediaPlayerService(   89): getCurrentPosition
I/        (   89): CmpbHttpLiveStreaming::getCurrentPosition!
I/        (   89): CmpbHttpLiveStreaming::getCurrentPosition(return 2256000) exit!
V/MediaPlayerService(   89): [31] getCurrentPosition = 2256000
E/        (   89): <Client> _hndlr_x_mtkpbctrl_nfy_fct ---> is called @Line: 360!
V/MediaPlayer(  744): getCurrentPosition
V/MediaPlayerService(   89): getCurrentPosition
I/        (   89): CmpbHttpLiveStreaming::getCurrentPosition!
I/        (   89): CmpbHttpLiveStreaming::getCurrentPosition(return 2256000) exit!
V/MediaPlayerService(   89): [31] getCurrentPosition = 2256000
E/        (   89): <Client> _hndlr_x_mtkpbctrl_nfy_fct ---> is called @Line: 360!
V/MediaPlayer(  744): getCurrentPosition
V/MediaPlayerService(   89): getCurrentPosition
I/        (   89): CmpbHttpLiveStreaming::getCurrentPosition!
I/        (   89): CmpbHttpLiveStreaming::getCurrentPosition(return 2256000) exit!
V/MediaPlayerService(   89): [31] getCurrentPosition = 2256000
E/        (   89): <Client> _hndlr_x_mtkpbctrl_nfy_fct ---> is called @Line: 360!
E/        (   89): <Client> _hndlr_x_mtkpbctrl_nfy_fct ---> is called @Line: 360!
E/        (   89): <Client> _hndlr_x_mtkpbctrl_nfy_fct ---> is called @Line: 360!
D/Playlist(   89): [popMoniterEvent][1380]-------
D/Playlist(   89): PlaylistPlayer::popMoniterEvent wakeup with event size:1
D/Playlist(   89): 
D/dalvikvm(  615): GC_CONCURRENT freed 1991K, 15% free 14123K/16583K, paused 1ms+3ms
E/        (   89): <Client> _hndlr_x_mtkpbctrl_nfy_fct ---> is called @Line: 360!
V/MediaPlayer(  744): getCurrentPosition
V/MediaPlayerService(   89): getCurrentPosition
I/        (   89): CmpbHttpLiveStreaming::getCurrentPosition!
I/        (   89): CmpbHttpLiveStreaming::getCurrentPosition(return 2256000) exit!
V/MediaPlayerService(   89): [31] getCurrentPosition = 2256000
E/        (   89): <Client> _hndlr_x_mtkpbctrl_nfy_fct ---> is called @Line: 360!
V/MediaPlayer(  744): getCurrentPosition
V/MediaPlayerService(   89): getCurrentPosition
I/        (   89): CmpbHttpLiveStreaming::getCurrentPosition!
I/        (   89): CmpbHttpLiveStreaming::getCurrentPosition(return 2256000) exit!
V/MediaPlayerService(   89): [31] getCurrentPosition = 2256000
E/        (   89): <Client> _hndlr_x_mtkpbctrl_nfy_fct ---> is called @Line: 360!
E/        (   89): <Client> _hndlr_x_mtkpbctrl_nfy_fct ---> is called @Line: 360!
E/        (   89): <Client> _hndlr_x_mtkpbctrl_nfy_fct ---> is called @Line: 360!
D/Playlist(   89): [popMoniterEvent][1380]-------
D/Playlist(   89): PlaylistPlayer::popMoniterEvent wakeup with event size:1
D/Playlist(   89): 
V/MediaPlayer(  744): getCurrentPosition
V/MediaPlayerService(   89): getCurrentPosition
I/        (   89): CmpbHttpLiveStreaming::getCurrentPosition!
I/        (   89): CmpbHttpLiveStreaming::getCurrentPosition(return 2256000) exit!
V/MediaPlayerService(   89): [31] getCurrentPosition = 2256000
E/        (   89): <Client> _hndlr_x_mtkpbctrl_nfy_fct ---> is called @Line: 360!
V/MediaPlayer(  744): getCurrentPosition
V/MediaPlayerService(   89): getCurrentPosition
I/        (   89): CmpbHttpLiveStreaming::getCurrentPosition!
I/        (   89): CmpbHttpLiveStreaming::getCurrentPosition(return 2256000) exit!
V/MediaPlayerService(   89): [31] getCurrentPosition = 2256000
E/        (   89): <Client> _hndlr_x_mtkpbctrl_nfy_fct ---> is called @Line: 360!
V/MediaPlayer(  744): getCurrentPosition
V/MediaPlayerService(   89): getCurrentPosition
I/        (   89): CmpbHttpLiveStreaming::getCurrentPosition!
I/        (   89): CmpbHttpLiveStreaming::getCurrentPosition(return 2256000) exit!
V/MediaPlayerService(   89): [31] getCurrentPosition = 2256000
E/        (   89): <Client> _hndlr_x_mtkpbctrl_nfy_fct ---> is called @Line: 360!
E/        (   89): <Client> _hndlr_x_mtkpbctrl_nfy_fct ---> is called @Line: 360!
E/        (   89): <Client> _hndlr_x_mtkpbctrl_nfy_fct ---> is called @Line: 360!
D/Playlist(   89): [popMoniterEvent][1380]-------
D/Playlist(   89): PlaylistPlayer::popMoniterEvent wakeup with event size:1
D/Playlist(   89): 
E/        (   89): <Client> _hndlr_x_mtkpbctrl_nfy_fct ---> is called @Line: 360!
V/MediaPlayer(  744): getCurrentPosition
V/MediaPlayerService(   89): getCurrentPosition
I/        (   89): CmpbHttpLiveStreaming::getCurrentPosition!
I/        (   89): CmpbHttpLiveStreaming::getCurrentPosition(return 2256000) exit!
V/MediaPlayerService(   89): [31] getCurrentPosition = 2256000
E/        (   89): <Client> _hndlr_x_mtkpbctrl_nfy_fct ---> is called @Line: 360!
V/MediaPlayer(  744): getCurrentPosition
V/MediaPlayerService(   89): getCurrentPosition
I/        (   89): CmpbHttpLiveStreaming::getCurrentPosition!
I/        (   89): CmpbHttpLiveStreaming::getCurrentPosition(return 2256000) exit!
V/MediaPlayerService(   89): [31] getCurrentPosition = 2256000
E/        (   89): <Client> _hndlr_x_mtkpbctrl_nfy_fct ---> is called @Line: 360!
E/        (   89): <Client> _hndlr_x_mtkpbctrl_nfy_fct ---> is called @Line: 360!
E/        (   89): <Client> _hndlr_x_mtkpbctrl_nfy_fct ---> is called @Line: 360!
D/Playlist(   89): [popMoniterEvent][1380]-------
D/Playlist(   89): PlaylistPlayer::popMoniterEvent wakeup with event size:1
D/Playlist(   89): 
V/MediaPlayer(  744): getCurrentPosition
V/MediaPlayerService(   89): getCurrentPosition
I/        (   89): CmpbHttpLiveStreaming::getCurrentPosition!
I/        (   89): CmpbHttpLiveStreaming::getCurrentPosition(return 2256000) exit!
V/MediaPlayerService(   89): [31] getCurrentPosition = 2256000
E/        (   89): <Client> _hndlr_x_mtkpbctrl_nfy_fct ---> is called @Line: 360!
V/MediaPlayer(  744): getCurrentPosition
V/MediaPlayerService(   89): getCurrentPosition
I/        (   89): CmpbHttpLiveStreaming::getCurrentPosition!
I/        (   89): CmpbHttpLiveStreaming::getCurrentPosition(return 2256000) exit!
V/MediaPlayerService(   89): [31] getCurrentPosition = 2256000
E/        (   89): <Client> _hndlr_x_mtkpbctrl_nfy_fct ---> is called @Line: 360!
V/MediaPlayer(  744): getCurrentPosition
V/MediaPlayerService(   89): getCurrentPosition
I/        (   89): CmpbHttpLiveStreaming::getCurrentPosition!
I/        (   89): CmpbHttpLiveStreaming::getCurrentPosition(return 2256000) exit!
V/MediaPlayerService(   89): [31] getCurrentPosition = 2256000
E/        (   89): <Client> _hndlr_x_mtkpbctrl_nfy_fct ---> is called @Line: 360!
E/        (   89): <Client> _hndlr_x_mtkpbctrl_nfy_fct ---> is called @Line: 360!
E/        (   89): <Client> _hndlr_x_mtkpbctrl_nfy_fct ---> is called @Line: 360!
D/Playlist(   89): [popMoniterEvent][1380]-------
D/Playlist(   89): PlaylistPlayer::popMoniterEvent wakeup with event size:1
D/Playlist(   89): 
E/        (   89): <Client> _hndlr_x_mtkpbctrl_nfy_fct ---> is called @Line: 360!
V/MediaPlayer(  744): getCurrentPosition
V/MediaPlayerService(   89): getCurrentPosition
I/        (   89): CmpbHttpLiveStreaming::getCurrentPosition!
I/        (   89): CmpbHttpLiveStreaming::getCurrentPosition(return 2256000) exit!
V/MediaPlayerService(   89): [31] getCurrentPosition = 2256000
E/        (   89): <Client> _hndlr_x_mtkpbctrl_nfy_fct ---> is called @Line: 360!
V/MediaPlayer(  744): getCurrentPosition
V/MediaPlayerService(   89): getCurrentPosition
I/        (   89): CmpbHttpLiveStreaming::getCurrentPosition!
I/        (   89): CmpbHttpLiveStreaming::getCurrentPosition(return 2256000) exit!
V/MediaPlayerService(   89): [31] getCurrentPosition = 2256000
E/        (   89): <Client> _hndlr_x_mtkpbctrl_nfy_fct ---> is called @Line: 360!
E/        (   89): <Client> _hndlr_x_mtkpbctrl_nfy_fct ---> is called @Line: 360!
E/        (   89): <Client> _hndlr_x_mtkpbctrl_nfy_fct ---> is called @Line: 360!
D/Playlist(   89): [popMoniterEvent][1380]-------
D/Playlist(   89): PlaylistPlayer::popMoniterEvent wakeup with event size:1
D/Playlist(   89): 
V/MediaPlayer(  744): getCurrentPosition
V/MediaPlayerService(   89): getCurrentPosition
I/        (   89): CmpbHttpLiveStreaming::getCurrentPosition!
I/        (   89): CmpbHttpLiveStreaming::getCurrentPosition(return 2256000) exit!
V/MediaPlayerService(   89): [31] getCurrentPosition = 2256000
E/        (   89): <Client> _hndlr_x_mtkpbctrl_nfy_fct ---> is called @Line: 360!
V/MediaPlayer(  744): getCurrentPosition
V/MediaPlayerService(   89): getCurrentPosition
I/        (   89): CmpbHttpLiveStreaming::getCurrentPosition!
I/        (   89): CmpbHttpLiveStreaming::getCurrentPosition(return 2256000) exit!
V/MediaPlayerService(   89): [31] getCurrentPosition = 2256000
E/        (   89): <Client> _hndlr_x_mtkpbctrl_nfy_fct ---> is called @Line: 360!
V/MediaPlayer(  744): getCurrentPosition
V/MediaPlayerService(   89): getCurrentPosition
I/        (   89): CmpbHttpLiveStreaming::getCurrentPosition!
I/        (   89): CmpbHttpLiveStreaming::getCurrentPosition(return 2256000) exit!
V/MediaPlayerService(   89): [31] getCurrentPosition = 2256000
E/        (   89): <Client> _hndlr_x_mtkpbctrl_nfy_fct ---> is called @Line: 360!
E/        (   89): <Client> _hndlr_x_mtkpbctrl_nfy_fct ---> is called @Line: 360!
E/        (   89): <Client> _hndlr_x_mtkpbctrl_nfy_fct ---> is called @Line: 360!
D/Playlist(   89): [popMoniterEvent][1380]-------
D/Playlist(   89): PlaylistPlayer::popMoniterEvent wakeup with event size:1
D/Playlist(   89): 
E/        (   89): <Client> _hndlr_x_mtkpbctrl_nfy_fct ---> is called @Line: 360!
V/MediaPlayer(  744): getCurrentPosition
V/MediaPlayerService(   89): getCurrentPosition
I/        (   89): CmpbHttpLiveStreaming::getCurrentPosition!
I/        (   89): CmpbHttpLiveStreaming::getCurrentPosition(return 2256000) exit!
V/MediaPlayerService(   89): [31] getCurrentPosition = 2256000
E/        (   89): <Client> _hndlr_x_mtkpbctrl_nfy_fct ---> is called @Line: 360!
V/MediaPlayer(  744): getCurrentPosition
V/MediaPlayerService(   89): getCurrentPosition
I/        (   89): CmpbHttpLiveStreaming::getCurrentPosition!
I/        (   89): CmpbHttpLiveStreaming::getCurrentPosition(return 2256000) exit!
V/MediaPlayerService(   89): [31] getCurrentPosition = 2256000
D/dalvikvm(  615): GC_CONCURRENT freed 2026K, 15% free 14128K/16583K, paused 1ms+2ms
E/        (   89): <Client> _hndlr_x_mtkpbctrl_nfy_fct ---> is called @Line: 360!
E/        (   89): <Client> _hndlr_x_mtkpbctrl_nfy_fct ---> is called @Line: 360!
E/        (   89): <Client> _hndlr_x_mtkpbctrl_nfy_fct ---> is called @Line: 360!
D/Playlist(   89): [popMoniterEvent][1380]-------
D/Playlist(   89): PlaylistPlayer::popMoniterEvent wakeup with event size:1
D/Playlist(   89): 
V/MediaPlayer(  744): getCurrentPosition
V/MediaPlayerService(   89): getCurrentPosition
I/        (   89): CmpbHttpLiveStreaming::getCurrentPosition!
I/        (   89): CmpbHttpLiveStreaming::getCurrentPosition(return 2256000) exit!
V/MediaPlayerService(   89): [31] getCurrentPosition = 2256000
E/        (   89): <Client> _hndlr_x_mtkpbctrl_nfy_fct ---> is called @Line: 360!
V/MediaPlayer(  744): getCurrentPosition
V/MediaPlayerService(   89): getCurrentPosition
I/        (   89): CmpbHttpLiveStreaming::getCurrentPosition!
I/        (   89): CmpbHttpLiveStreaming::getCurrentPosition(return 2256000) exit!
V/MediaPlayerService(   89): [31] getCurrentPosition = 2256000
E/        (   89): <Client> _hndlr_x_mtkpbctrl_nfy_fct ---> is called @Line: 360!
V/MediaPlayer(  744): getCurrentPosition
V/MediaPlayerService(   89): getCurrentPosition
I/        (   89): CmpbHttpLiveStreaming::getCurrentPosition!
I/        (   89): CmpbHttpLiveStreaming::getCurrentPosition(return 2256000) exit!
V/MediaPlayerService(   89): [31] getCurrentPosition = 2256000
E/        (   89): <Client> _hndlr_x_mtkpbctrl_nfy_fct ---> is called @Line: 360!
E/        (   89): <Client> _hndlr_x_mtkpbctrl_nfy_fct ---> is called @Line: 360!
E/        (   89): <Client> _hndlr_x_mtkpbctrl_nfy_fct ---> is called @Line: 360!
D/Playlist(   89): [popMoniterEvent][1380]-------
D/Playlist(   89): PlaylistPlayer::popMoniterEvent wakeup with event size:1
D/Playlist(   89): 
E/        (   89): <Client> _hndlr_x_mtkpbctrl_nfy_fct ---> is called @Line: 360!
V/MediaPlayer(  744): getCurrentPosition
V/MediaPlayerService(   89): getCurrentPosition
I/        (   89): CmpbHttpLiveStreaming::getCurrentPosition!
I/        (   89): CmpbHttpLiveStreaming::getCurrentPosition(return 2256000) exit!
V/MediaPlayerService(   89): [31] getCurrentPosition = 2256000
V/MediaPlayer(  744): getCurrentPosition
V/MediaPlayerService(   89): getCurrentPosition
I/        (   89): CmpbHttpLiveStreaming::getCurrentPosition!
I/        (   89): CmpbHttpLiveStreaming::getCurrentPosition(return 2256000) exit!
V/MediaPlayerService(   89): [31] getCurrentPosition = 2256000
E/        (   89): <Client> _hndlr_x_mtkpbctrl_nfy_fct ---> is called @Line: 360!
E/        (   89): <Client> _hndlr_x_mtkpbctrl_nfy_fct ---> is called @Line: 360!
E/        (   89): <Client> _hndlr_x_mtkpbctrl_nfy_fct ---> is called @Line: 360!
E/        (   89): <Client> _hndlr_x_mtkpbctrl_nfy_fct ---> is called @Line: 360!
D/Playlist(   89): [popMoniterEvent][1380]-------
D/Playlist(   89): PlaylistPlayer::popMoniterEvent wakeup with event size:1
D/Playlist(   89): 
V/MediaPlayer(  744): getCurrentPosition
V/MediaPlayerService(   89): getCurrentPosition
I/        (   89): CmpbHttpLiveStreaming::getCurrentPosition!
I/        (   89): CmpbHttpLiveStreaming::getCurrentPosition(return 2256000) exit!
V/MediaPlayerService(   89): [31] getCurrentPosition = 2256000
E/        (   89): <Client> _hndlr_x_mtkpbctrl_nfy_fct ---> is called @Line: 360!
V/MediaPlayer(  744): getCurrentPosition
V/MediaPlayerService(   89): getCurrentPosition
I/        (   89): CmpbHttpLiveStreaming::getCurrentPosition!
I/        (   89): CmpbHttpLiveStreaming::getCurrentPosition(return 2256000) exit!
V/MediaPlayerService(   89): [31] getCurrentPosition = 2256000
E/        (   89): <Client> _hndlr_x_mtkpbctrl_nfy_fct ---> is called @Line: 360!
V/MediaPlayer(  744): getCurrentPosition
V/MediaPlayerService(   89): getCurrentPosition
I/        (   89): CmpbHttpLiveStreaming::getCurrentPosition!
I/        (   89): CmpbHttpLiveStreaming::getCurrentPosition(return 2256000) exit!
V/MediaPlayerService(   89): [31] getCurrentPosition = 2256000
E/        (   89): <Client> _hndlr_x_mtkpbctrl_nfy_fct ---> is called @Line: 360!
E/        (   89): <Client> _hndlr_x_mtkpbctrl_nfy_fct ---> is called @Line: 360!
E/        (   89): <Client> _hndlr_x_mtkpbctrl_nfy_fct ---> is called @Line: 360!
D/Playlist(   89): [popMoniterEvent][1380]-------
D/Playlist(   89): PlaylistPlayer::popMoniterEvent wakeup with event size:1
D/Playlist(   89): 
E/        (   89): <Client> _hndlr_x_mtkpbctrl_nfy_fct ---> is called @Line: 360!
V/MediaPlayer(  744): getCurrentPosition
V/MediaPlayerService(   89): getCurrentPosition
I/        (   89): CmpbHttpLiveStreaming::getCurrentPosition!
I/        (   89): CmpbHttpLiveStreaming::getCurrentPosition(return 2256000) exit!
V/MediaPlayerService(   89): [31] getCurrentPosition = 2256000
V/MediaPlayer(  744): getCurrentPosition
V/MediaPlayerService(   89): getCurrentPosition
I/        (   89): CmpbHttpLiveStreaming::getCurrentPosition!
