E/        (   89): <Client> _hndlr_x_mtkpbctrl_nfy_fct ---> is called @Line: 360!
D/Playlist(   89): [popMoniterEvent][1380]-------
D/Playlist(   89): PlaylistPlayer::popMoniterEvent wakeup with event size:1
D/Playlist(   89): 
V/MediaPlayer(  744): getCurrentPosition
V/MediaPlayerService(   89): getCurrentPosition
I/        (   89): CmpbHttpLiveStreaming::getCurrentPosition!
I/        (   89): CmpbHttpLiveStreaming::getCurrentPosition(return 2256000) exit!
V/MediaPlayerService(   89): [31] getCurrentPosition = 2256000
E/        (   89): <Client> _hndlr_x_mtkpbctrl_nfy_fct ---> is called @Line: 360!
E/        (   89): <Client> _hndlr_x_mtkpbctrl_nfy_fct ---> is called @Line: 360!
E/        (   89): <Client> _hndlr_x_mtkpbctrl_nfy_fct ---> is called @Line: 360!
E/        (   89): <Client> _hndlr_x_mtkpbctrl_nfy_fct ---> is called @Line: 360!
V/MediaPlayer(  744): getCurrentPosition
V/MediaPlayerService(   89): getCurrentPosition
I/        (   89): CmpbHttpLiveStreaming::getCurrentPosition!
I/        (   89): CmpbHttpLiveStreaming::getCurrentPosition(return 2256000) exit!
V/MediaPlayerService(   89): [31] getCurrentPosition = 2256000
V/MediaPlayer(  744): getCurrentPosition
V/MediaPlayerService(   89): getCurrentPosition
I/        (   89): CmpbHttpLiveStreaming::getCurrentPosition!
I/        (   89): CmpbHttpLiveStreaming::getCurrentPosition(return 2256000) exit!
V/MediaPlayerService(   89): [31] getCurrentPosition = 2256000
E/        (   89): <Client> _hndlr_x_mtkpbctrl_nfy_fct ---> is called @Line: 360!
D/Playlist(   89): [popMoniterEvent][1380]-------
D/Playlist(   89): PlaylistPlayer::popMoniterEvent wakeup with event size:1
D/Playlist(   89): 
E/        (   89): <Client> _hndlr_x_mtkpbctrl_nfy_fct ---> is called @Line: 360!
E/        (   89): <Client> _hndlr_x_mtkpbctrl_nfy_fct ---> is called @Line: 360!
E/        (   89): <Client> _hndlr_x_mtkpbctrl_nfy_fct ---> is called @Line: 360!
V/MediaPlayer(  744): getCurrentPosition
V/MediaPlayerService(   89): getCurrentPosition
I/        (   89): CmpbHttpLiveStreaming::getCurrentPosition!
I/        (   89): CmpbHttpLiveStreaming::getCurrentPosition(return 2256000) exit!
V/MediaPlayerService(   89): [31] getCurrentPosition = 2256000
E/        (   89): <Client> _hndlr_x_mtkpbctrl_nfy_fct ---> is called @Line: 360!
V/MediaPlayer(  744): getCurrentPosition
V/MediaPlayerService(   89): getCurrentPosition
I/        (   89): CmpbHttpLiveStreaming::getCurrentPosition!
I/        (   89): CmpbHttpLiveStreaming::getCurrentPosition(return 2256000) exit!
V/MediaPlayerService(   89): [31] getCurrentPosition = 2256000
E/        (   89): <Client> _hndlr_x_mtkpbctrl_nfy_fct ---> is called @Line: 360!
D/Playlist(   89): [popMoniterEvent][1380]-------
D/Playlist(   89): PlaylistPlayer::popMoniterEvent wakeup with event size:1
D/Playlist(   89): 
V/MediaPlayer(  744): getCurrentPosition
V/MediaPlayerService(   89): getCurrentPosition
I/        (   89): CmpbHttpLiveStreaming::getCurrentPosition!
I/        (   89): CmpbHttpLiveStreaming::getCurrentPosition(return 2256000) exit!
V/MediaPlayerService(   89): [31] getCurrentPosition = 2256000
E/        (   89): <Client> _hndlr_x_mtkpbctrl_nfy_fct ---> is called @Line: 360!
E/        (   89): <Client> _hndlr_x_mtkpbctrl_nfy_fct ---> is called @Line: 360!
E/        (   89): <Client> _hndlr_x_mtkpbctrl_nfy_fct ---> is called @Line: 360!
E/        (   89): <Client> _hndlr_x_mtkpbctrl_nfy_fct ---> is called @Line: 360!
V/MediaPlayer(  744): getCurrentPosition
V/MediaPlayerService(   89): getCurrentPosition
I/        (   89): CmpbHttpLiveStreaming::getCurrentPosition!
I/        (   89): CmpbHttpLiveStreaming::getCurrentPosition(return 2256000) exit!
V/MediaPlayerService(   89): [31] getCurrentPosition = 2256000
V/MediaPlayer(  744): getCurrentPosition
V/MediaPlayerService(   89): getCurrentPosition
I/        (   89): CmpbHttpLiveStreaming::getCurrentPosition!
I/        (   89): CmpbHttpLiveStreaming::getCurrentPosition(return 2256000) exit!
V/MediaPlayerService(   89): [31] getCurrentPosition = 2256000
E/        (   89): <Client> _hndlr_x_mtkpbctrl_nfy_fct ---> is called @Line: 360!
D/Playlist(   89): [popMoniterEvent][1380]-------
D/Playlist(   89): PlaylistPlayer::popMoniterEvent wakeup with event size:1
D/Playlist(   89): 
E/        (   89): <Client> _hndlr_x_mtkpbctrl_nfy_fct ---> is called @Line: 360!
E/        (   89): <Client> _hndlr_x_mtkpbctrl_nfy_fct ---> is called @Line: 360!
E/        (   89): <Client> _hndlr_x_mtkpbctrl_nfy_fct ---> is called @Line: 360!
V/MediaPlayer(  744): getCurrentPosition
V/MediaPlayerService(   89): getCurrentPosition
I/        (   89): CmpbHttpLiveStreaming::getCurrentPosition!
I/        (   89): CmpbHttpLiveStreaming::getCurrentPosition(return 2256000) exit!
V/MediaPlayerService(   89): [31] getCurrentPosition = 2256000
E/        (   89): <Client> _hndlr_x_mtkpbctrl_nfy_fct ---> is called @Line: 360!
V/MediaPlayer(  744): getCurrentPosition
V/MediaPlayerService(   89): getCurrentPosition
I/        (   89): CmpbHttpLiveStreaming::getCurrentPosition!
I/        (   89): CmpbHttpLiveStreaming::getCurrentPosition(return 2256000) exit!
V/MediaPlayerService(   89): [31] getCurrentPosition = 2256000
E/        (   89): <Client> _hndlr_x_mtkpbctrl_nfy_fct ---> is called @Line: 360!
D/Playlist(   89): [popMoniterEvent][1380]-------
D/Playlist(   89): PlaylistPlayer::popMoniterEvent wakeup with event size:1
D/Playlist(   89): 
V/MediaPlayer(  744): getCurrentPosition
V/MediaPlayerService(   89): getCurrentPosition
I/        (   89): CmpbHttpLiveStreaming::getCurrentPosition!
I/        (   89): CmpbHttpLiveStreaming::getCurrentPosition(return 2256000) exit!
V/MediaPlayerService(   89): [31] getCurrentPosition = 2256000
E/        (   89): <Client> _hndlr_x_mtkpbctrl_nfy_fct ---> is called @Line: 360!
E/        (   89): <Client> _hndlr_x_mtkpbctrl_nfy_fct ---> is called @Line: 360!
E/        (   89): <Client> _hndlr_x_mtkpbctrl_nfy_fct ---> is called @Line: 360!
V/MediaPlayer(  744): getCurrentPosition
V/MediaPlayerService(   89): getCurrentPosition
I/        (   89): CmpbHttpLiveStreaming::getCurrentPosition!
I/        (   89): CmpbHttpLiveStreaming::getCurrentPosition(return 2256000) exit!
V/MediaPlayerService(   89): [31] getCurrentPosition = 2256000
E/        (   89): <Client> _hndlr_x_mtkpbctrl_nfy_fct ---> is called @Line: 360!
V/MediaPlayer(  744): getCurrentPosition
V/MediaPlayerService(   89): getCurrentPosition
I/        (   89): CmpbHttpLiveStreaming::getCurrentPosition!
I/        (   89): CmpbHttpLiveStreaming::getCurrentPosition(return 2256000) exit!
V/MediaPlayerService(   89): [31] getCurrentPosition = 2256000
E/        (   89): <Client> _hndlr_x_mtkpbctrl_nfy_fct ---> is called @Line: 360!
D/Playlist(   89): [popMoniterEvent][1380]-------
D/Playlist(   89): PlaylistPlayer::popMoniterEvent wakeup with event size:1
D/Playlist(   89): 
E/        (   89): <Client> _hndlr_x_mtkpbctrl_nfy_fct ---> is called @Line: 360!
E/        (   89): <Client> _hndlr_x_mtkpbctrl_nfy_fct ---> is called @Line: 360!
V/MediaPlayer(  744): getCurrentPosition
V/MediaPlayerService(   89): getCurrentPosition
I/        (   89): CmpbHttpLiveStreaming::getCurrentPosition!
I/        (   89): CmpbHttpLiveStreaming::getCurrentPosition(return 2256000) exit!
V/MediaPlayerService(   89): [31] getCurrentPosition = 2256000
E/        (   89): <Client> _hndlr_x_mtkpbctrl_nfy_fct ---> is called @Line: 360!
V/MediaPlayer(  744): getCurrentPosition
V/MediaPlayerService(   89): getCurrentPosition
I/        (   89): CmpbHttpLiveStreaming::getCurrentPosition!
I/        (   89): CmpbHttpLiveStreaming::getCurrentPosition(return 2256000) exit!
V/MediaPlayerService(   89): [31] getCurrentPosition = 2256000
E/        (   89): <Client> _hndlr_x_mtkpbctrl_nfy_fct ---> is called @Line: 360!
E/        (   89): <Client> _hndlr_x_mtkpbctrl_nfy_fct ---> is called @Line: 360!
D/Playlist(   89): [popMoniterEvent][1380]-------
D/Playlist(   89): PlaylistPlayer::popMoniterEvent wakeup with event size:1
D/Playlist(   89): 
V/MediaPlayer(  744): getCurrentPosition
V/MediaPlayerService(   89): getCurrentPosition
I/        (   89): CmpbHttpLiveStreaming::getCurrentPosition!
I/        (   89): CmpbHttpLiveStreaming::getCurrentPosition(return 2256000) exit!
V/MediaPlayerService(   89): [31] getCurrentPosition = 2256000
E/        (   89): <Client> _hndlr_x_mtkpbctrl_nfy_fct ---> is called @Line: 360!
E/        (   89): <Client> _hndlr_x_mtkpbctrl_nfy_fct ---> is called @Line: 360!
E/        (   89): <Client> _hndlr_x_mtkpbctrl_nfy_fct ---> is called @Line: 360!
V/MediaPlayer(  744): getCurrentPosition
V/MediaPlayerService(   89): getCurrentPosition
I/        (   89): CmpbHttpLiveStreaming::getCurrentPosition!
I/        (   89): CmpbHttpLiveStreaming::getCurrentPosition(return 2256000) exit!
V/MediaPlayerService(   89): [31] getCurrentPosition = 2256000
E/        (   89): <Client> _hndlr_x_mtkpbctrl_nfy_fct ---> is called @Line: 360!
V/MediaPlayer(  744): getCurrentPosition
V/MediaPlayerService(   89): getCurrentPosition
I/        (   89): CmpbHttpLiveStreaming::getCurrentPosition!
I/        (   89): CmpbHttpLiveStreaming::getCurrentPosition(return 2256000) exit!
V/MediaPlayerService(   89): [31] getCurrentPosition = 2256000
E/        (   89): <Client> _hndlr_x_mtkpbctrl_nfy_fct ---> is called @Line: 360!
D/Playlist(   89): [popMoniterEvent][1380]-------
D/Playlist(   89): PlaylistPlayer::popMoniterEvent wakeup with event size:1
D/Playlist(   89): 
E/        (   89): <Client> _hndlr_x_mtkpbctrl_nfy_fct ---> is called @Line: 360!
E/        (   89): <Client> _hndlr_x_mtkpbctrl_nfy_fct ---> is called @Line: 360!
V/MediaPlayer(  744): getCurrentPosition
V/MediaPlayerService(   89): getCurrentPosition
I/        (   89): CmpbHttpLiveStreaming::getCurrentPosition!
I/        (   89): CmpbHttpLiveStreaming::getCurrentPosition(return 2256000) exit!
V/MediaPlayerService(   89): [31] getCurrentPosition = 2256000
E/        (   89): <Client> _hndlr_x_mtkpbctrl_nfy_fct ---> is called @Line: 360!
V/MediaPlayer(  744): getCurrentPosition
V/MediaPlayerService(   89): getCurrentPosition
I/        (   89): CmpbHttpLiveStreaming::getCurrentPosition!
I/        (   89): CmpbHttpLiveStreaming::getCurrentPosition(return 2256000) exit!
V/MediaPlayerService(   89): [31] getCurrentPosition = 2256000
E/        (   89): <Client> _hndlr_x_mtkpbctrl_nfy_fct ---> is called @Line: 360!
E/        (   89): <Client> _hndlr_x_mtkpbctrl_nfy_fct ---> is called @Line: 360!
D/Playlist(   89): [popMoniterEvent][1380]-------
D/Playlist(   89): PlaylistPlayer::popMoniterEvent wakeup with event size:1
D/Playlist(   89): 
V/MediaPlayer(  744): getCurrentPosition
V/MediaPlayerService(   89): getCurrentPosition
I/        (   89): CmpbHttpLiveStreaming::getCurrentPosition!
I/        (   89): CmpbHttpLiveStreaming::getCurrentPosition(return 2256000) exit!
V/MediaPlayerService(   89): [31] getCurrentPosition = 2256000
E/        (   89): <Client> _hndlr_x_mtkpbctrl_nfy_fct ---> is called @Line: 360!
E/        (   89): <Client> _hndlr_x_mtkpbctrl_nfy_fct ---> is called @Line: 360!
E/        (   89): <Client> _hndlr_x_mtkpbctrl_nfy_fct ---> is called @Line: 360!
V/MediaPlayer(  744): getCurrentPosition
V/MediaPlayerService(   89): getCurrentPosition
I/        (   89): CmpbHttpLiveStreaming::getCurrentPosition!
I/        (   89): CmpbHttpLiveStreaming::getCurrentPosition(return 2256000) exit!
V/MediaPlayerService(   89): [31] getCurrentPosition = 2256000
E/        (   89): <Client> _hndlr_x_mtkpbctrl_nfy_fct ---> is called @Line: 360!
V/MediaPlayer(  744): getCurrentPosition
V/MediaPlayerService(   89): getCurrentPosition
I/        (   89): CmpbHttpLiveStreaming::getCurrentPosition!
I/        (   89): CmpbHttpLiveStreaming::getCurrentPosition(return 2256000) exit!
V/MediaPlayerService(   89): [31] getCurrentPosition = 2256000
E/        (   89): <Client> _hndlr_x_mtkpbctrl_nfy_fct ---> is called @Line: 360!
D/Playlist(   89): [popMoniterEvent][1380]-------
D/Playlist(   89): PlaylistPlayer::popMoniterEvent wakeup with event size:1
D/Playlist(   89): 
E/        (   89): <Client> _hndlr_x_mtkpbctrl_nfy_fct ---> is called @Line: 360!
E/        (   89): <Client> _hndlr_x_mtkpbctrl_nfy_fct ---> is called @Line: 360!
V/MediaPlayer(  744): getCurrentPosition
V/MediaPlayerService(   89): getCurrentPosition
I/        (   89): CmpbHttpLiveStreaming::getCurrentPosition!
I/        (   89): CmpbHttpLiveStreaming::getCurrentPosition(return 2256000) exit!
V/MediaPlayerService(   89): [31] getCurrentPosition = 2256000
E/        (   89): <Client> _hndlr_x_mtkpbctrl_nfy_fct ---> is called @Line: 360!
V/MediaPlayer(  744): getCurrentPosition
V/MediaPlayerService(   89): getCurrentPosition
I/        (   89): CmpbHttpLiveStreaming::getCurrentPosition!
I/        (   89): CmpbHttpLiveStreaming::getCurrentPosition(return 2256000) exit!
V/MediaPlayerService(   89): [31] getCurrentPosition = 2256000
E/        (   89): <Client> _hndlr_x_mtkpbctrl_nfy_fct ---> is called @Line: 360!
E/        (   89): <Client> _hndlr_x_mtkpbctrl_nfy_fct ---> is called @Line: 360!
D/Playlist(   89): [popMoniterEvent][1380]-------
D/Playlist(   89): PlaylistPlayer::popMoniterEvent wakeup with event size:1
D/Playlist(   89): 
V/MediaPlayer(  744): getCurrentPosition
V/MediaPlayerService(   89): getCurrentPosition
I/        (   89): CmpbHttpLiveStreaming::getCurrentPosition!
I/        (   89): CmpbHttpLiveStreaming::getCurrentPosition(return 2256000) exit!
V/MediaPlayerService(   89): [31] getCurrentPosition = 2256000
E/        (   89): <Client> _hndlr_x_mtkpbctrl_nfy_fct ---> is called @Line: 360!
E/        (   89): <Client> _hndlr_x_mtkpbctrl_nfy_fct ---> is called @Line: 360!
E/        (   89): <Client> _hndlr_x_mtkpbctrl_nfy_fct ---> is called @Line: 360!
V/MediaPlayer(  744): getCurrentPosition
V/MediaPlayerService(   89): getCurrentPosition
I/        (   89): CmpbHttpLiveStreaming::getCurrentPosition!
I/        (   89): CmpbHttpLiveStreaming::getCurrentPosition(return 2256000) exit!
V/MediaPlayerService(   89): [31] getCurrentPosition = 2256000
E/        (   89): <Client> _hndlr_x_mtkpbctrl_nfy_fct ---> is called @Line: 360!
V/MediaPlayer(  744): getCurrentPosition
V/MediaPlayerService(   89): getCurrentPosition
I/        (   89): CmpbHttpLiveStreaming::getCurrentPosition!
I/        (   89): CmpbHttpLiveStreaming::getCurrentPosition(return 2256000) exit!
V/MediaPlayerService(   89): [31] getCurrentPosition = 2256000
E/        (   89): <Client> _hndlr_x_mtkpbctrl_nfy_fct ---> is called @Line: 360!
D/Playlist(   89): [popMoniterEvent][1380]-------
D/Playlist(   89): PlaylistPlayer::popMoniterEvent wakeup with event size:1
D/Playlist(   89): 
E/        (   89): <Client> _hndlr_x_mtkpbctrl_nfy_fct ---> is called @Line: 360!
E/        (   89): <Client> _hndlr_x_mtkpbctrl_nfy_fct ---> is called @Line: 360!
V/MediaPlayer(  744): getCurrentPosition
V/MediaPlayerService(   89): getCurrentPosition
I/        (   89): CmpbHttpLiveStreaming::getCurrentPosition!
I/        (   89): CmpbHttpLiveStreaming::getCurrentPosition(return 2256000) exit!
V/MediaPlayerService(   89): [31] getCurrentPosition = 2256000
E/        (   89): <Client> _hndlr_x_mtkpbctrl_nfy_fct ---> is called @Line: 360!
V/MediaPlayer(  744): getCurrentPosition
V/MediaPlayerService(   89): getCurrentPosition
I/        (   89): CmpbHttpLiveStreaming::getCurrentPosition!
I/        (   89): CmpbHttpLiveStreaming::getCurrentPosition(return 2256000) exit!
V/MediaPlayerService(   89): [31] getCurrentPosition = 2256000
E/        (   89): <Client> _hndlr_x_mtkpbctrl_nfy_fct ---> is called @Line: 360!
V/MediaPlayer(  744): getCurrentPosition
V/MediaPlayerService(   89): getCurrentPosition
I/        (   89): CmpbHttpLiveStreaming::getCurrentPosition!
I/        (   89): CmpbHttpLiveStreaming::getCurrentPosition(return 2256000) exit!
V/MediaPlayerService(   89): [31] getCurrentPosition = 2256000
E/        (   89): <Client> _hndlr_x_mtkpbctrl_nfy_fct ---> is called @Line: 360!
D/Playlist(   89): [popMoniterEvent][1380]-------
D/Playlist(   89): PlaylistPlayer::popMoniterEvent wakeup with event size:1
D/Playlist(   89): 
E/        (   89): <Client> _hndlr_x_mtkpbctrl_nfy_fct ---> is called @Line: 360!
E/        (   89): <Client> _hndlr_x_mtkpbctrl_nfy_fct ---> is called @Line: 360!
E/        (   89): <Client> _hndlr_x_mtkpbctrl_nfy_fct ---> is called @Line: 360!
V/MediaPlayer(  744): getCurrentPosition
V/MediaPlayerService(   89): getCurrentPosition
I/        (   89): CmpbHttpLiveStreaming::getCurrentPosition!
I/        (   89): CmpbHttpLiveStreaming::getCurrentPosition(return 2256000) exit!
V/MediaPlayerService(   89): [31] getCurrentPosition = 2256000
E/        (   89): <Client> _hndlr_x_mtkpbctrl_nfy_fct ---> is called @Line: 360!
V/MediaPlayer(  744): getCurrentPosition
V/MediaPlayerService(   89): getCurrentPosition
I/        (   89): CmpbHttpLiveStreaming::getCurrentPosition!
I/        (   89): CmpbHttpLiveStreaming::getCurrentPosition(return 2256000) exit!
V/MediaPlayerService(   89): [31] getCurrentPosition = 2256000
E/        (   89): <Client> _hndlr_x_mtkpbctrl_nfy_fct ---> is called @Line: 360!
D/Playlist(   89): [popMoniterEvent][1380]-------
D/Playlist(   89): PlaylistPlayer::popMoniterEvent wakeup with event size:1
D/Playlist(   89): 
E/        (   89): <Client> _hndlr_x_mtkpbctrl_nfy_fct ---> is called @Line: 360!
E/        (   89): <Client> _hndlr_x_mtkpbctrl_nfy_fct ---> is called @Line: 360!
V/MediaPlayer(  744): getCurrentPosition
V/MediaPlayerService(   89): getCurrentPosition
I/        (   89): CmpbHttpLiveStreaming::getCurrentPosition!
I/        (   89): CmpbHttpLiveStreaming::getCurrentPosition(return 2256000) exit!
V/MediaPlayerService(   89): [31] getCurrentPosition = 2256000
E/        (   89): <Client> _hndlr_x_mtkpbctrl_nfy_fct ---> is called @Line: 360!
V/MediaPlayer(  744): getCurrentPosition
V/MediaPlayerService(   89): getCurrentPosition
I/        (   89): CmpbHttpLiveStreaming::getCurrentPosition!
I/        (   89): CmpbHttpLiveStreaming::getCurrentPosition(return 2256000) exit!
V/MediaPlayerService(   89): [31] getCurrentPosition = 2256000
E/        (   89): <Client> _hndlr_x_mtkpbctrl_nfy_fct ---> is called @Line: 360!
V/MediaPlayer(  744): getCurrentPosition
V/MediaPlayerService(   89): getCurrentPosition
I/        (   89): CmpbHttpLiveStreaming::getCurrentPosition!
I/        (   89): CmpbHttpLiveStreaming::getCurrentPosition(return 2256000) exit!
V/MediaPlayerService(   89): [31] getCurrentPosition = 2256000
E/        (   89): <Client> _hndlr_x_mtkpbctrl_nfy_fct ---> is called @Line: 360!
D/Playlist(   89): [popMoniterEvent][1380]-------
D/Playlist(   89): PlaylistPlayer::popMoniterEvent wakeup with event size:1
D/Playlist(   89): 
W/System.err(  248): org.apache.http.conn.ConnectionPoolTimeoutException: Timeout waiting for connection
W/System.err(  248):    at org.apache.http.impl.conn.tsccm.ConnPoolByRoute.getEntryBlocking(ConnPoolByRoute.java:353)
W/System.err(  248):    at org.apache.http.impl.conn.tsccm.ConnPoolByRoute$1.getPoolEntry(ConnPoolByRoute.java:238)
W/System.err(  248):    at org.apache.http.impl.conn.tsccm.ThreadSafeClientConnManager$1.getConnection(ThreadSafeClientConnManager.java:177)
W/System.err(  248):    at org.apache.http.impl.client.DefaultRequestDirector.execute(DefaultRequestDirector.java:326)
W/System.err(  248):    at org.apache.http.impl.client.AbstractHttpClient.execute(AbstractHttpClient.java:555)
W/System.err(  248):    at org.apache.http.impl.client.AbstractHttpClient.execute(AbstractHttpClient.java:487)
W/System.err(  248):    at org.apache.http.impl.client.AbstractHttpClient.execute(AbstractHttpClient.java:465)
W/System.err(  248):    at com.fiship.cibn.common.NetworkUtil.isConnectToServerByHttp(NetworkUtil.java:31)
W/System.err(  248):    at com.fiship.cibn.weather.WeatherTask.run(WeatherTask.java:85)
W/System.err(  248):    at com.fiship.cibn.controller.PortalRefreshService$SerialExecutor$1.run(PortalRefreshService.java:326)
W/System.err(  248):    at java.util.concurrent.ThreadPoolExecutor.runWorker(ThreadPoolExecutor.java:1076)
W/System.err(  248):    at java.util.concurrent.ThreadPoolExecutor$Worker.run(ThreadPoolExecutor.java:569)
W/System.err(  248):    at java.lang.Thread.run(Thread.java:856)
E/WeatherTask(  248): can't connect the url : http://php.weather.sina.com.cn/iframe/index/w_cl.php?day=1
E/        (   89): <Client> _hndlr_x_mtkpbctrl_nfy_fct ---> is called @Line: 360!
E/        (   89): <Client> _hndlr_x_mtkpbctrl_nfy_fct ---> is called @Line: 360!
E/        (   89): <Client> _hndlr_x_mtkpbctrl_nfy_fct ---> is called @Line: 360!
V/MediaPlayer(  744): getCurrentPosition
V/MediaPlayerService(   89): getCurrentPosition
I/        (   89): CmpbHttpLiveStreaming::getCurrentPosition!
I/        (   89): CmpbHttpLiveStreaming::getCurrentPosition(return 2256000) exit!
V/MediaPlayerService(   89): [31] getCurrentPosition = 2256000
E/        (   89): <Client> _hndlr_x_mtkpbctrl_nfy_fct ---> is called @Line: 360!
V/MediaPlayer(  744): getCurrentPosition
V/MediaPlayerService(   89): getCurrentPosition
I/        (   89): CmpbHttpLiveStreaming::getCurrentPosition!
I/        (   89): CmpbHttpLiveStreaming::getCurrentPosition(return 2256000) exit!
V/MediaPlayerService(   89): [31] getCurrentPosition = 2256000
E/        (   89): <Client> _hndlr_x_mtkpbctrl_nfy_fct ---> is called @Line: 360!
D/Playlist(   89): [popMoniterEvent][1380]-------
D/Playlist(   89): PlaylistPlayer::popMoniterEvent wakeup with event size:1
D/Playlist(   89): 
E/        (   89): <Client> _hndlr_x_mtkpbctrl_nfy_fct ---> is called @Line: 360!
E/        (   89): <Client> _hndlr_x_mtkpbctrl_nfy_fct ---> is called @Line: 360!
V/MediaPlayer(  744): getCurrentPosition
V/MediaPlayerService(   89): getCurrentPosition
I/        (   89): CmpbHttpLiveStreaming::getCurrentPosition!
I/        (   89): CmpbHttpLiveStreaming::getCurrentPosition(return 2256000) exit!
V/MediaPlayerService(   89): [31] getCurrentPosition = 2256000
D/dalvikvm(  615): GC_CONCURRENT freed 2024K, 15% free 14124K/16583K, paused 1ms+2ms
E/        (   89): <Client> _hndlr_x_mtkpbctrl_nfy_fct ---> is called @Line: 360!
V/MediaPlayer(  744): getCurrentPosition
V/MediaPlayerService(   89): getCurrentPosition
I/        (   89): CmpbHttpLiveStreaming::getCurrentPosition!
I/        (   89): CmpbHttpLiveStreaming::getCurrentPosition(return 2256000) exit!
V/MediaPlayerService(   89): [31] getCurrentPosition = 2256000
E/        (   89): <Client> _hndlr_x_mtkpbctrl_nfy_fct ---> is called @Line: 360!
D/HomePlayerLib(  615): hostaddress count is 1
V/MediaPlayer(  744): getCurrentPosition
V/MediaPlayerService(   89): getCurrentPosition
I/        (   89): CmpbHttpLiveStreaming::getCurrentPosition!
I/        (   89): CmpbHttpLiveStreaming::getCurrentPosition(return 2256000) exit!
V/MediaPlayerService(   89): [31] getCurrentPosition = 2256000
E/        (   89): <Client> _hndlr_x_mtkpbctrl_nfy_fct ---> is called @Line: 360!
D/Playlist(   89): [popMoniterEvent][1380]-------
D/Playlist(   89): PlaylistPlayer::popMoniterEvent wakeup with event size:1
D/Playlist(   89): 
E/        (   89): <Client> _hndlr_x_mtkpbctrl_nfy_fct ---> is called @Line: 360!
E/        (   89): <Client> _hndlr_x_mtkpbctrl_nfy_fct ---> is called @Line: 360!
D/dalvikvm(  615): GC_CONCURRENT freed 1996K, 15% free 14122K/16583K, paused 1ms+3ms
E/        (   89): <Client> _hndlr_x_mtkpbctrl_nfy_fct ---> is called @Line: 360!
V/MediaPlayer(  744): getCurrentPosition
V/MediaPlayerService(   89): getCurrentPosition
I/        (   89): CmpbHttpLiveStreaming::getCurrentPosition!
I/        (   89): CmpbHttpLiveStreaming::getCurrentPosition(return 2256000) exit!
V/MediaPlayerService(   89): [31] getCurrentPosition = 2256000
E/        (   89): <Client> _hndlr_x_mtkpbctrl_nfy_fct ---> is called @Line: 360!
V/MediaPlayer(  744): getCurrentPosition
V/MediaPlayerService(   89): getCurrentPosition
I/        (   89): CmpbHttpLiveStreaming::getCurrentPosition!
I/        (   89): CmpbHttpLiveStreaming::getCurrentPosition(return 2256000) exit!
V/MediaPlayerService(   89): [31] getCurrentPosition = 2256000
E/        (   89): <Client> _hndlr_x_mtkpbctrl_nfy_fct ---> is called @Line: 360!
D/Playlist(   89): [popMoniterEvent][1380]-------
D/Playlist(   89): PlaylistPlayer::popMoniterEvent wakeup with event size:1
D/Playlist(   89): 
E/        (   89): <Client> _hndlr_x_mtkpbctrl_nfy_fct ---> is called @Line: 360!
E/        (   89): <Client> _hndlr_x_mtkpbctrl_nfy_fct ---> is called @Line: 360!
V/MediaPlayer(  744): getCurrentPosition
V/MediaPlayerService(   89): getCurrentPosition
I/        (   89): CmpbHttpLiveStreaming::getCurrentPosition!
I/        (   89): CmpbHttpLiveStreaming::getCurrentPosition(return 2256000) exit!
V/MediaPlayerService(   89): [31] getCurrentPosition = 2256000
E/        (   89): <Client> _hndlr_x_mtkpbctrl_nfy_fct ---> is called @Line: 360!
V/MediaPlayer(  744): getCurrentPosition
V/MediaPlayerService(   89): getCurrentPosition
I/        (   89): CmpbHttpLiveStreaming::getCurrentPosition!
I/        (   89): CmpbHttpLiveStreaming::getCurrentPosition(return 2256000) exit!
V/MediaPlayerService(   89): [31] getCurrentPosition = 2256000
E/        (   89): <Client> _hndlr_x_mtkpbctrl_nfy_fct ---> is called @Line: 360!
V/MediaPlayer(  744): getCurrentPosition
V/MediaPlayerService(   89): getCurrentPosition
I/        (   89): CmpbHttpLiveStreaming::getCurrentPosition!
I/        (   89): CmpbHttpLiveStreaming::getCurrentPosition(return 2256000) exit!
V/MediaPlayerService(   89): [31] getCurrentPosition = 2256000
E/        (   89): <Client> _hndlr_x_mtkpbctrl_nfy_fct ---> is called @Line: 360!
D/Playlist(   89): [popMoniterEvent][1380]-------
D/Playlist(   89): PlaylistPlayer::popMoniterEvent wakeup with event size:1
D/Playlist(   89): 
E/        (   89): <Client> _hndlr_x_mtkpbctrl_nfy_fct ---> is called @Line: 360!
D/dalvikvm(  615): GC_CONCURRENT freed 2050K, 15% free 14116K/16583K, paused 1ms+2ms
E/        (   89): <Client> _hndlr_x_mtkpbctrl_nfy_fct ---> is called @Line: 360!
E/        (   89): <Client> _hndlr_x_mtkpbctrl_nfy_fct ---> is called @Line: 360!
V/MediaPlayer(  744): getCurrentPosition
V/MediaPlayerService(   89): getCurrentPosition
I/        (   89): CmpbHttpLiveStreaming::getCurrentPosition!
I/        (   89): CmpbHttpLiveStreaming::getCurrentPosition(return 2256000) exit!
V/MediaPlayerService(   89): [31] getCurrentPosition = 2256000
E/        (   89): <Client> _hndlr_x_mtkpbctrl_nfy_fct ---> is called @Line: 360!
V/MediaPlayer(  744): getCurrentPosition
V/MediaPlayerService(   89): getCurrentPosition
I/        (   89): CmpbHttpLiveStreaming::getCurrentPosition!
I/        (   89): CmpbHttpLiveStreaming::getCurrentPosition(return 2256000) exit!
V/MediaPlayerService(   89): [31] getCurrentPosition = 2256000
E/        (   89): <Client> _hndlr_x_mtkpbctrl_nfy_fct ---> is called @Line: 360!
D/Playlist(   89): [popMoniterEvent][1380]-------
D/Playlist(   89): PlaylistPlayer::popMoniterEvent wakeup with event size:1
D/Playlist(   89): 
E/        (   89): <Client> _hndlr_x_mtkpbctrl_nfy_fct ---> is called @Line: 360!
E/        (   89): <Client> _hndlr_x_mtkpbctrl_nfy_fct ---> is called @Line: 360!
V/MediaPlayer(  744): getCurrentPosition
V/MediaPlayerService(   89): getCurrentPosition
I/        (   89): CmpbHttpLiveStreaming::getCurrentPosition!
I/        (   89): CmpbHttpLiveStreaming::getCurrentPosition(return 2256000) exit!
V/MediaPlayerService(   89): [31] getCurrentPosition = 2256000
E/        (   89): <Client> _hndlr_x_mtkpbctrl_nfy_fct ---> is called @Line: 360!
V/MediaPlayer(  744): getCurrentPosition
V/MediaPlayerService(   89): getCurrentPosition
I/        (   89): CmpbHttpLiveStreaming::getCurrentPosition!
I/        (   89): CmpbHttpLiveStreaming::getCurrentPosition(return 2256000) exit!
V/MediaPlayerService(   89): [31] getCurrentPosition = 2256000
E/        (   89): <Client> _hndlr_x_mtkpbctrl_nfy_fct ---> is called @Line: 360!
V/MediaPlayer(  744): getCurrentPosition
V/MediaPlayerService(   89): getCurrentPosition
I/        (   89): CmpbHttpLiveStreaming::getCurrentPosition!
I/        (   89): CmpbHttpLiveStreaming::getCurrentPosition(return 2256000) exit!
V/MediaPlayerService(   89): [31] getCurrentPosition = 2256000
E/        (   89): <Client> _hndlr_x_mtkpbctrl_nfy_fct ---> is called @Line: 360!
D/Playlist(   89): [popMoniterEvent][1380]-------
D/Playlist(   89): PlaylistPlayer::popMoniterEvent wakeup with event size:1
D/Playlist(   89): 
E/        (   89): <Client> _hndlr_x_mtkpbctrl_nfy_fct ---> is called @Line: 360!
E/        (   89): <Client> _hndlr_x_mtkpbctrl_nfy_fct ---> is called @Line: 360!
E/        (   89): <Client> _hndlr_x_mtkpbctrl_nfy_fct ---> is called @Line: 360!
V/MediaPlayer(  744): getCurrentPosition
V/MediaPlayerService(   89): getCurrentPosition
I/        (   89): CmpbHttpLiveStreaming::getCurrentPosition!
I/        (   89): CmpbHttpLiveStreaming::getCurrentPosition(return 2256000) exit!
V/MediaPlayerService(   89): [31] getCurrentPosition = 2256000
V/MediaPlayer(  744): getCurrentPosition
E/        (   89): <Client> _hndlr_x_mtkpbctrl_nfy_fct ---> is called @Line: 360!
V/MediaPlayerService(   89): getCurrentPosition
I/        (   89): CmpbHttpLiveStreaming::getCurrentPosition!
I/        (   89): CmpbHttpLiveStreaming::getCurrentPosition(return 2256000) exit!
V/MediaPlayerService(   89): [31] getCurrentPosition = 2256000
E/        (   89): <Client> _hndlr_x_mtkpbctrl_nfy_fct ---> is called @Line: 360!
D/Playlist(   89): [popMoniterEvent][1380]-------
D/Playlist(   89): PlaylistPlayer::popMoniterEvent wakeup with event size:1
D/Playlist(   89): 
E/        (   89): <Client> _hndlr_x_mtkpbctrl_nfy_fct ---> is called @Line: 360!
E/        (   89): <Client> _hndlr_x_mtkpbctrl_nfy_fct ---> is called @Line: 360!
V/MediaPlayer(  744): getCurrentPosition
V/MediaPlayerService(   89): getCurrentPosition
I/        (   89): CmpbHttpLiveStreaming::getCurrentPosition!
I/        (   89): CmpbHttpLiveStreaming::getCurrentPosition(return 2256000) exit!
V/MediaPlayerService(   89): [31] getCurrentPosition = 2256000
E/        (   89): <Client> _hndlr_x_mtkpbctrl_nfy_fct ---> is called @Line: 360!
V/MediaPlayer(  744): getCurrentPosition
V/MediaPlayerService(   89): getCurrentPosition
I/        (   89): CmpbHttpLiveStreaming::getCurrentPosition!
I/        (   89): CmpbHttpLiveStreaming::getCurrentPosition(return 2256000) exit!
V/MediaPlayerService(   89): [31] getCurrentPosition = 2256000
E/        (   89): <Client> _hndlr_x_mtkpbctrl_nfy_fct ---> is called @Line: 360!
V/MediaPlayer(  744): getCurrentPosition
V/MediaPlayerService(   89): getCurrentPosition
I/        (   89): CmpbHttpLiveStreaming::getCurrentPosition!
I/        (   89): CmpbHttpLiveStreaming::getCurrentPosition(return 2256000) exit!
V/MediaPlayerService(   89): [31] getCurrentPosition = 2256000
E/        (   89): <Client> _hndlr_x_mtkpbctrl_nfy_fct ---> is called @Line: 360!
D/Playlist(   89): [popMoniterEvent][1380]-------
D/Playlist(   89): PlaylistPlayer::popMoniterEvent wakeup with event size:1
D/Playlist(   89): 
E/        (   89): <Client> _hndlr_x_mtkpbctrl_nfy_fct ---> is called @Line: 360!
E/        (   89): <Client> _hndlr_x_mtkpbctrl_nfy_fct ---> is called @Line: 360!
E/        (   89): <Client> _hndlr_x_mtkpbctrl_nfy_fct ---> is called @Line: 360!
V/MediaPlayer(  744): getCurrentPosition
V/MediaPlayerService(   89): getCurrentPosition
I/        (   89): CmpbHttpLiveStreaming::getCurrentPosition!
I/        (   89): CmpbHttpLiveStreaming::getCurrentPosition(return 2256000) exit!
V/MediaPlayerService(   89): [31] getCurrentPosition = 2256000
V/MediaPlayer(  744): getCurrentPosition
V/MediaPlayerService(   89): getCurrentPosition
I/        (   89): CmpbHttpLiveStreaming::getCurrentPosition!
I/        (   89): CmpbHttpLiveStreaming::getCurrentPosition(return 2256000) exit!
V/MediaPlayerService(   89): [31] getCurrentPosition = 2256000
E/        (   89): <Client> _hndlr_x_mtkpbctrl_nfy_fct ---> is called @Line: 360!
E/        (   89): <Client> _hndlr_x_mtkpbctrl_nfy_fct ---> is called @Line: 360!
D/Playlist(   89): [popMoniterEvent][1380]-------
D/Playlist(   89): PlaylistPlayer::popMoniterEvent wakeup with event size:1
D/Playlist(   89): 
E/        (   89): <Client> _hndlr_x_mtkpbctrl_nfy_fct ---> is called @Line: 360!
E/        (   89): <Client> _hndlr_x_mtkpbctrl_nfy_fct ---> is called @Line: 360!
V/MediaPlayer(  744): getCurrentPosition
V/MediaPlayerService(   89): getCurrentPosition
I/        (   89): CmpbHttpLiveStreaming::getCurrentPosition!
I/        (   89): CmpbHttpLiveStreaming::getCurrentPosition(return 2256000) exit!
V/MediaPlayerService(   89): [31] getCurrentPosition = 2256000
E/        (   89): <Client> _hndlr_x_mtkpbctrl_nfy_fct ---> is called @Line: 360!
V/MediaPlayer(  744): getCurrentPosition
V/MediaPlayerService(   89): getCurrentPosition
I/        (   89): CmpbHttpLiveStreaming::getCurrentPosition!
I/        (   89): CmpbHttpLiveStreaming::getCurrentPosition(return 2256000) exit!
V/MediaPlayerService(   89): [31] getCurrentPosition = 2256000
E/        (   89): <Client> _hndlr_x_mtkpbctrl_nfy_fct ---> is called @Line: 360!
V/MediaPlayer(  744): getCurrentPosition
V/MediaPlayerService(   89): getCurrentPosition
I/        (   89): CmpbHttpLiveStreaming::getCurrentPosition!
I/        (   89): CmpbHttpLiveStreaming::getCurrentPosition(return 2256000) exit!
V/MediaPlayerService(   89): [31] getCurrentPosition = 2256000
E/        (   89): <Client> _hndlr_x_mtkpbctrl_nfy_fct ---> is called @Line: 360!
D/Playlist(   89): [popMoniterEvent][1380]-------
D/Playlist(   89): PlaylistPlayer::popMoniterEvent wakeup with event size:1
D/Playlist(   89): 
E/        (   89): <Client> _hndlr_x_mtkpbctrl_nfy_fct ---> is called @Line: 360!
E/        (   89): <Client> _hndlr_x_mtkpbctrl_nfy_fct ---> is called @Line: 360!
V/MediaPlayer(  744): getCurrentPosition
V/MediaPlayerService(   89): getCurrentPosition
I/        (   89): CmpbHttpLiveStreaming::getCurrentPosition!
I/        (   89): CmpbHttpLiveStreaming::getCurrentPosition(return 2256000) exit!
V/MediaPlayerService(   89): [31] getCurrentPosition = 2256000
E/        (   89): <Client> _hndlr_x_mtkpbctrl_nfy_fct ---> is called @Line: 360!
V/MediaPlayer(  744): getCurrentPosition
V/MediaPlayerService(   89): getCurrentPosition
I/        (   89): CmpbHttpLiveStreaming::getCurrentPosition!
I/        (   89): CmpbHttpLiveStreaming::getCurrentPosition(return 2256000) exit!
V/MediaPlayerService(   89): [31] getCurrentPosition = 2256000
E/        (   89): <Client> _hndlr_x_mtkpbctrl_nfy_fct ---> is called @Line: 360!
E/        (   89): <Client> _hndlr_x_mtkpbctrl_nfy_fct ---> is called @Line: 360!
D/Playlist(   89): [popMoniterEvent][1380]-------
D/Playlist(   89): PlaylistPlayer::popMoniterEvent wakeup with event size:1
D/Playlist(   89): 
E/        (   89): <Client> _hndlr_x_mtkpbctrl_nfy_fct ---> is called @Line: 360!
V/MediaPlayer(  744): getCurrentPosition
V/MediaPlayerService(   89): getCurrentPosition
I/        (   89): CmpbHttpLiveStreaming::getCurrentPosition!
I/        (   89): CmpbHttpLiveStreaming::getCurrentPosition(return 2256000) exit!
V/MediaPlayerService(   89): [31] getCurrentPosition = 2256000
E/        (   89): <Client> _hndlr_x_mtkpbctrl_nfy_fct ---> is called @Line: 360!
E/        (   89): <Client> _hndlr_x_mtkpbctrl_nfy_fct ---> is called @Line: 360!
V/MediaPlayer(  744): getCurrentPosition
V/MediaPlayerService(   89): getCurrentPosition
I/        (   89): CmpbHttpLiveStreaming::getCurrentPosition!
I/        (   89): CmpbHttpLiveStreaming::getCurrentPosition(return 2256000) exit!
V/MediaPlayerService(   89): [31] getCurrentPosition = 2256000
E/        (   89): <Client> _hndlr_x_mtkpbctrl_nfy_fct ---> is called @Line: 360!
V/MediaPlayer(  744): getCurrentPosition
V/MediaPlayerService(   89): getCurrentPosition
I/        (   89): CmpbHttpLiveStreaming::getCurrentPosition!
I/        (   89): CmpbHttpLiveStreaming::getCurrentPosition(return 2256000) exit!
V/MediaPlayerService(   89): [31] getCurrentPosition = 2256000
E/        (   89): <Client> _hndlr_x_mtkpbctrl_nfy_fct ---> is called @Line: 360!
D/Playlist(   89): [popMoniterEvent][1380]-------
D/Playlist(   89): PlaylistPlayer::popMoniterEvent wakeup with event size:1
D/Playlist(   89): 
E/        (   89): <Client> _hndlr_x_mtkpbctrl_nfy_fct ---> is called @Line: 360!
E/        (   89): <Client> _hndlr_x_mtkpbctrl_nfy_fct ---> is called @Line: 360!
V/MediaPlayer(  744): getCurrentPosition
V/MediaPlayerService(   89): getCurrentPosition
I/        (   89): CmpbHttpLiveStreaming::getCurrentPosition!
I/        (   89): CmpbHttpLiveStreaming::getCurrentPosition(return 2256000) exit!
V/MediaPlayerService(   89): [31] getCurrentPosition = 2256000
E/        (   89): <Client> _hndlr_x_mtkpbctrl_nfy_fct ---> is called @Line: 360!
V/MediaPlayer(  744): getCurrentPosition
V/MediaPlayerService(   89): getCurrentPosition
I/        (   89): CmpbHttpLiveStreaming::getCurrentPosition!
I/        (   89): CmpbHttpLiveStreaming::getCurrentPosition(return 2256000) exit!
V/MediaPlayerService(   89): [31] getCurrentPosition = 2256000
E/        (   89): <Client> _hndlr_x_mtkpbctrl_nfy_fct ---> is called @Line: 360!
E/        (   89): <Client> _hndlr_x_mtkpbctrl_nfy_fct ---> is called @Line: 360!
D/Playlist(   89): [popMoniterEvent][1380]-------
D/Playlist(   89): PlaylistPlayer::popMoniterEvent wakeup with event size:1
D/Playlist(   89): 
E/        (   89): <Client> _hndlr_x_mtkpbctrl_nfy_fct ---> is called @Line: 360!
V/MediaPlayer(  744): getCurrentPosition
V/MediaPlayerService(   89): getCurrentPosition
I/        (   89): CmpbHttpLiveStreaming::getCurrentPosition!
I/        (   89): CmpbHttpLiveStreaming::getCurrentPosition(return 2256000) exit!
V/MediaPlayerService(   89): [31] getCurrentPosition = 2256000
E/        (   89): <Client> _hndlr_x_mtkpbctrl_nfy_fct ---> is called @Line: 360!
V/MediaPlayer(  744): getCurrentPosition
V/MediaPlayerService(   89): getCurrentPosition
I/        (   89): CmpbHttpLiveStreaming::getCurrentPosition!
I/        (   89): CmpbHttpLiveStreaming::getCurrentPosition(return 2256000) exit!
V/MediaPlayerService(   89): [31] getCurrentPosition = 2256000
E/        (   89): <Client> _hndlr_x_mtkpbctrl_nfy_fct ---> is called @Line: 360!
E/        (   89): <Client> _hndlr_x_mtkpbctrl_nfy_fct ---> is called @Line: 360!
V/MediaPlayer(  744): getCurrentPosition
V/MediaPlayerService(   89): getCurrentPosition
I/        (   89): CmpbHttpLiveStreaming::getCurrentPosition!
I/        (   89): CmpbHttpLiveStreaming::getCurrentPosition(return 2256000) exit!
V/MediaPlayerService(   89): [31] getCurrentPosition = 2256000
E/        (   89): <Client> _hndlr_x_mtkpbctrl_nfy_fct ---> is called @Line: 360!
D/Playlist(   89): [popMoniterEvent][1380]-------
D/Playlist(   89): PlaylistPlayer::popMoniterEvent wakeup with event size:1
D/Playlist(   89): 
E/        (   89): <Client> _hndlr_x_mtkpbctrl_nfy_fct ---> is called @Line: 360!
E/        (   89): <Client> _hndlr_x_mtkpbctrl_nfy_fct ---> is called @Line: 360!
V/MediaPlayer(  744): getCurrentPosition
V/MediaPlayerService(   89): getCurrentPosition
I/        (   89): CmpbHttpLiveStreaming::getCurrentPosition!
I/        (   89): CmpbHttpLiveStreaming::getCurrentPosition(return 2256000) exit!
V/MediaPlayerService(   89): [31] getCurrentPosition = 2256000
E/        (   89): <Client> _hndlr_x_mtkpbctrl_nfy_fct ---> is called @Line: 360!
V/MediaPlayer(  744): getCurrentPosition
V/MediaPlayerService(   89): getCurrentPosition
I/        (   89): CmpbHttpLiveStreaming::getCurrentPosition!
I/        (   89): CmpbHttpLiveStreaming::getCurrentPosition(return 2256000) exit!
V/MediaPlayerService(   89): [31] getCurrentPosition = 2256000
E/        (   89): <Client> _hndlr_x_mtkpbctrl_nfy_fct ---> is called @Line: 360!
E/        (   89): <Client> _hndlr_x_mtkpbctrl_nfy_fct ---> is called @Line: 360!
D/Playlist(   89): [popMoniterEvent][1380]-------
D/Playlist(   89): PlaylistPlayer::popMoniterEvent wakeup with event size:1
D/Playlist(   89): 
E/        (   89): <Client> _hndlr_x_mtkpbctrl_nfy_fct ---> is called @Line: 360!
V/MediaPlayer(  744): getCurrentPosition
V/MediaPlayerService(   89): getCurrentPosition
I/        (   89): CmpbHttpLiveStreaming::getCurrentPosition!
I/        (   89): CmpbHttpLiveStreaming::getCurrentPosition(return 2256000) exit!
V/MediaPlayerService(   89): [31] getCurrentPosition = 2256000
E/        (   89): <Client> _hndlr_x_mtkpbctrl_nfy_fct ---> is called @Line: 360!
V/MediaPlayer(  744): getCurrentPosition
V/MediaPlayerService(   89): getCurrentPosition
I/        (   89): CmpbHttpLiveStreaming::getCurrentPosition!
I/        (   89): CmpbHttpLiveStreaming::getCurrentPosition(return 2256000) exit!
V/MediaPlayerService(   89): [31] getCurrentPosition = 2256000
E/        (   89): <Client> _hndlr_x_mtkpbctrl_nfy_fct ---> is called @Line: 360!
E/        (   89): <Client> _hndlr_x_mtkpbctrl_nfy_fct ---> is called @Line: 360!
V/MediaPlayer(  744): getCurrentPosition
V/MediaPlayerService(   89): getCurrentPosition
I/        (   89): CmpbHttpLiveStreaming::getCurrentPosition!
I/        (   89): CmpbHttpLiveStreaming::getCurrentPosition(return 2256000) exit!
V/MediaPlayerService(   89): [31] getCurrentPosition = 2256000
E/        (   89): <Client> _hndlr_x_mtkpbctrl_nfy_fct ---> is called @Line: 360!
D/Playlist(   89): [popMoniterEvent][1380]-------
D/Playlist(   89): PlaylistPlayer::popMoniterEvent wakeup with event size:1
D/Playlist(   89): 
E/        (   89): <Client> _hndlr_x_mtkpbctrl_nfy_fct ---> is called @Line: 360!
E/        (   89): <Client> _hndlr_x_mtkpbctrl_nfy_fct ---> is called @Line: 360!
V/MediaPlayer(  744): getCurrentPosition
V/MediaPlayerService(   89): getCurrentPosition
I/        (   89): CmpbHttpLiveStreaming::getCurrentPosition!
I/        (   89): CmpbHttpLiveStreaming::getCurrentPosition(return 2256000) exit!
V/MediaPlayerService(   89): [31] getCurrentPosition = 2256000
E/        (   89): <Client> _hndlr_x_mtkpbctrl_nfy_fct ---> is called @Line: 360!
V/MediaPlayer(  744): getCurrentPosition
V/MediaPlayerService(   89): getCurrentPosition
I/        (   89): CmpbHttpLiveStreaming::getCurrentPosition!
I/        (   89): CmpbHttpLiveStreaming::getCurrentPosition(return 2256000) exit!
V/MediaPlayerService(   89): [31] getCurrentPosition = 2256000
E/        (   89): <Client> _hndlr_x_mtkpbctrl_nfy_fct ---> is called @Line: 360!
E/        (   89): <Client> _hndlr_x_mtkpbctrl_nfy_fct ---> is called @Line: 360!
D/Playlist(   89): [popMoniterEvent][1380]-------
D/Playlist(   89): PlaylistPlayer::popMoniterEvent wakeup with event size:1
D/Playlist(   89): 
E/        (   89): <Client> _hndlr_x_mtkpbctrl_nfy_fct ---> is called @Line: 360!
V/MediaPlayer(  744): getCurrentPosition
V/MediaPlayerService(   89): getCurrentPosition
I/        (   89): CmpbHttpLiveStreaming::getCurrentPosition!
I/        (   89): CmpbHttpLiveStreaming::getCurrentPosition(return 2256000) exit!
V/MediaPlayerService(   89): [31] getCurrentPosition = 2256000
E/        (   89): <Client> _hndlr_x_mtkpbctrl_nfy_fct ---> is called @Line: 360!
V/MediaPlayer(  744): getCurrentPosition
V/MediaPlayerService(   89): getCurrentPosition
I/        (   89): CmpbHttpLiveStreaming::getCurrentPosition!
I/        (   89): CmpbHttpLiveStreaming::getCurrentPosition(return 2256000) exit!
V/MediaPlayerService(   89): [31] getCurrentPosition = 2256000
E/        (   89): <Client> _hndlr_x_mtkpbctrl_nfy_fct ---> is called @Line: 360!
V/MediaPlayer(  744): getCurrentPosition
E/        (   89): <Client> _hndlr_x_mtkpbctrl_nfy_fct ---> is called @Line: 360!
V/MediaPlayerService(   89): getCurrentPosition
I/        (   89): CmpbHttpLiveStreaming::getCurrentPosition!
I/        (   89): CmpbHttpLiveStreaming::getCurrentPosition(return 2256000) exit!
V/MediaPlayerService(   89): [31] getCurrentPosition = 2256000
E/        (   89): <Client> _hndlr_x_mtkpbctrl_nfy_fct ---> is called @Line: 360!
D/Playlist(   89): [popMoniterEvent][1380]-------
D/Playlist(   89): PlaylistPlayer::popMoniterEvent wakeup with event size:1
D/Playlist(   89): 
E/        (   89): <Client> _hndlr_x_mtkpbctrl_nfy_fct ---> is called @Line: 360!
E/        (   89): <Client> _hndlr_x_mtkpbctrl_nfy_fct ---> is called @Line: 360!
V/MediaPlayer(  744): getCurrentPosition
V/MediaPlayerService(   89): getCurrentPosition
I/        (   89): CmpbHttpLiveStreaming::getCurrentPosition!
I/        (   89): CmpbHttpLiveStreaming::getCurrentPosition(return 2256000) exit!
V/MediaPlayerService(   89): [31] getCurrentPosition = 2256000
E/        (   89): <Client> _hndlr_x_mtkpbctrl_nfy_fct ---> is called @Line: 360!
V/MediaPlayer(  744): getCurrentPosition
V/MediaPlayerService(   89): getCurrentPosition
I/        (   89): CmpbHttpLiveStreaming::getCurrentPosition!
I/        (   89): CmpbHttpLiveStreaming::getCurrentPosition(return 2256000) exit!
V/MediaPlayerService(   89): [31] getCurrentPosition = 2256000
E/        (   89): <Client> _hndlr_x_mtkpbctrl_nfy_fct ---> is called @Line: 360!
E/        (   89): <Client> _hndlr_x_mtkpbctrl_nfy_fct ---> is called @Line: 360!
D/Playlist(   89): [popMoniterEvent][1380]-------
D/Playlist(   89): PlaylistPlayer::popMoniterEvent wakeup with event size:1
D/Playlist(   89): 
E/        (   89): <Client> _hndlr_x_mtkpbctrl_nfy_fct ---> is called @Line: 360!
V/MediaPlayer(  744): getCurrentPosition
V/MediaPlayerService(   89): getCurrentPosition
I/        (   89): CmpbHttpLiveStreaming::getCurrentPosition!
I/        (   89): CmpbHttpLiveStreaming::getCurrentPosition(return 2256000) exit!
V/MediaPlayerService(   89): [31] getCurrentPosition = 2256000
E/        (   89): <Client> _hndlr_x_mtkpbctrl_nfy_fct ---> is called @Line: 360!
V/MediaPlayer(  744): getCurrentPosition
V/MediaPlayerService(   89): getCurrentPosition
I/        (   89): CmpbHttpLiveStreaming::getCurrentPosition!
I/        (   89): CmpbHttpLiveStreaming::getCurrentPosition(return 2256000) exit!
V/MediaPlayerService(   89): [31] getCurrentPosition = 2256000
E/        (   89): <Client> _hndlr_x_mtkpbctrl_nfy_fct ---> is called @Line: 360!
V/MediaPlayer(  744): getCurrentPosition
V/MediaPlayerService(   89): getCurrentPosition
I/        (   89): CmpbHttpLiveStreaming::getCurrentPosition!
I/        (   89): CmpbHttpLiveStreaming::getCurrentPosition(return 2256000) exit!
V/MediaPlayerService(   89): [31] getCurrentPosition = 2256000
E/        (   89): <Client> _hndlr_x_mtkpbctrl_nfy_fct ---> is called @Line: 360!
E/        (   89): <Client> _hndlr_x_mtkpbctrl_nfy_fct ---> is called @Line: 360!
D/Playlist(   89): [popMoniterEvent][1380]-------
D/Playlist(   89): PlaylistPlayer::popMoniterEvent wakeup with event size:1
D/Playlist(   89): 
E/        (   89): <Client> _hndlr_x_mtkpbctrl_nfy_fct ---> is called @Line: 360!
E/        (   89): <Client> _hndlr_x_mtkpbctrl_nfy_fct ---> is called @Line: 360!
V/MediaPlayer(  744): getCurrentPosition
V/MediaPlayerService(   89): getCurrentPosition
I/        (   89): CmpbHttpLiveStreaming::getCurrentPosition!
I/        (   89): CmpbHttpLiveStreaming::getCurrentPosition(return 2256000) exit!
V/MediaPlayerService(   89): [31] getCurrentPosition = 2256000
E/        (   89): <Client> _hndlr_x_mtkpbctrl_nfy_fct ---> is called @Line: 360!
V/MediaPlayer(  744): getCurrentPosition
V/MediaPlayerService(   89): getCurrentPosition
I/        (   89): CmpbHttpLiveStreaming::getCurrentPosition!
I/        (   89): CmpbHttpLiveStreaming::getCurrentPosition(return 2256000) exit!
V/MediaPlayerService(   89): [31] getCurrentPosition = 2256000
E/        (   89): <Client> _hndlr_x_mtkpbctrl_nfy_fct ---> is called @Line: 360!
E/        (   89): <Client> _hndlr_x_mtkpbctrl_nfy_fct ---> is called @Line: 360!
D/Playlist(   89): [popMoniterEvent][1380]-------
D/Playlist(   89): PlaylistPlayer::popMoniterEvent wakeup with event size:1
D/Playlist(   89): 
E/        (   89): <Client> _hndlr_x_mtkpbctrl_nfy_fct ---> is called @Line: 360!
V/MediaPlayer(  744): getCurrentPosition
V/MediaPlayerService(   89): getCurrentPosition
I/        (   89): CmpbHttpLiveStreaming::getCurrentPosition!
I/        (   89): CmpbHttpLiveStreaming::getCurrentPosition(return 2256000) exit!
V/MediaPlayerService(   89): [31] getCurrentPosition = 2256000
E/        (   89): <Client> _hndlr_x_mtkpbctrl_nfy_fct ---> is called @Line: 360!
V/MediaPlayer(  744): getCurrentPosition
V/MediaPlayerService(   89): getCurrentPosition
I/        (   89): CmpbHttpLiveStreaming::getCurrentPosition!
I/        (   89): CmpbHttpLiveStreaming::getCurrentPosition(return 2256000) exit!
V/MediaPlayerService(   89): [31] getCurrentPosition = 2256000
E/        (   89): <Client> _hndlr_x_mtkpbctrl_nfy_fct ---> is called @Line: 360!
V/MediaPlayer(  744): getCurrentPosition
V/MediaPlayerService(   89): getCurrentPosition
I/        (   89): CmpbHttpLiveStreaming::getCurrentPosition!
I/        (   89): CmpbHttpLiveStreaming::getCurrentPosition(return 2256000) exit!
V/MediaPlayerService(   89): [31] getCurrentPosition = 2256000
E/        (   89): <Client> _hndlr_x_mtkpbctrl_nfy_fct ---> is called @Line: 360!
E/        (   89): <Client> _hndlr_x_mtkpbctrl_nfy_fct ---> is called @Line: 360!
D/Playlist(   89): [popMoniterEvent][1380]-------
D/Playlist(   89): PlaylistPlayer::popMoniterEvent wakeup with event size:1
D/Playlist(   89): 
E/        (   89): <Client> _hndlr_x_mtkpbctrl_nfy_fct ---> is called @Line: 360!
E/        (   89): <Client> _hndlr_x_mtkpbctrl_nfy_fct ---> is called @Line: 360!
V/MediaPlayer(  744): getCurrentPosition
V/MediaPlayerService(   89): getCurrentPosition
I/        (   89): CmpbHttpLiveStreaming::getCurrentPosition!
I/        (   89): CmpbHttpLiveStreaming::getCurrentPosition(return 2256000) exit!
V/MediaPlayerService(   89): [31] getCurrentPosition = 2256000
E/        (   89): <Client> _hndlr_x_mtkpbctrl_nfy_fct ---> is called @Line: 360!
V/MediaPlayer(  744): getCurrentPosition
V/MediaPlayerService(   89): getCurrentPosition
I/        (   89): CmpbHttpLiveStreaming::getCurrentPosition!
I/        (   89): CmpbHttpLiveStreaming::getCurrentPosition(return 2256000) exit!
