
shell@android:/ $ 
shell@android:/ $ logcat -c;logcat
--------- beginning of /dev/log/main
D/dalvikvm(  604): GC_CONCURRENT freed 475K, 13% free 5752K/6599K, paused 1ms+2ms
E/        (   89): <Client> _hndlr_x_mtkpbctrl_nfy_fct ---> is called @Line: 360!
D/dalvikvm(  604): GC_CONCURRENT freed 543K, 14% free 5720K/6599K, paused 1ms+2ms
V/MediaPlayer(  754): getCurrentPosition
V/MediaPlayerService(   89): getCurrentPosition
I/        (   89): CmpbHttpLiveStreaming::getCurrentPosition!
I/        (   89): CmpbHttpLiveStreaming::getCurrentPosition(return 1446000) exit!
V/MediaPlayerService(   89): [6] getCurrentPosition = 1446000
E/        (   89): <Client> _hndlr_x_mtkpbctrl_nfy_fct ---> is called @Line: 360!
E/        (   89): <Client> _hndlr_x_mtkpbctrl_nfy_fct ---> is called @Line: 360!
D/Playlist(   89): [popMoniterEvent][1380]-------
D/Playlist(   89): PlaylistPlayer::popMoniterEvent wakeup with event size:1
D/Playlist(   89): 
D/dalvikvm(  604): GC_CONCURRENT freed 493K, 14% free 5731K/6599K, paused 1ms+1ms
E/        (   89): <Client> _hndlr_x_mtkpbctrl_nfy_fct ---> is called @Line: 360!
D/dalvikvm(  604): GC_CONCURRENT freed 462K, 13% free 5748K/6599K, paused 2ms+1ms
E/        (   89): <Client> _hndlr_x_mtkpbctrl_nfy_fct ---> is called @Line: 360!
E/        (   89): <Client> _hndlr_x_mtkpbctrl_nfy_fct ---> is called @Line: 360!
D/dalvikvm(  604): GC_CONCURRENT freed 469K, 14% free 5730K/6599K, paused 1ms+1ms
E/        (   89): <Client> _hndlr_x_mtkpbctrl_nfy_fct ---> is called @Line: 360!
E/        (   89): <Client> _hndlr_x_mtkpbctrl_nfy_fct ---> is called @Line: 360!
D/Playlist(   89): [popMoniterEvent][1380]-------
D/Playlist(   89): PlaylistPlayer::popMoniterEvent wakeup with event size:1
D/Playlist(   89): 
D/dalvikvm(  604): GC_CONCURRENT freed 460K, 14% free 5733K/6599K, paused 1ms+1ms
E/        (   89): <Client> _hndlr_x_mtkpbctrl_nfy_fct ---> is called @Line: 360!
E/        (   89): <Client> _hndlr_x_mtkpbctrl_nfy_fct ---> is called @Line: 360!
E/        (   89): <Client> _hndlr_x_mtkpbctrl_nfy_fct ---> is called @Line: 360!
V/MediaPlayer(  754): getCurrentPosition
V/MediaPlayerService(   89): getCurrentPosition
I/        (   89): CmpbHttpLiveStreaming::getCurrentPosition!
I/        (   89): CmpbHttpLiveStreaming::getCurrentPosition(return 1447000) exit!
V/MediaPlayerService(   89): [6] getCurrentPosition = 1447000
E/        (   89): <Client> _hndlr_x_mtkpbctrl_nfy_fct ---> is called @Line: 360!
E/        (   89): <Client> _hndlr_x_mtkpbctrl_nfy_fct ---> is called @Line: 360!
D/Playlist(   89): [popMoniterEvent][1380]-------
D/Playlist(   89): PlaylistPlayer::popMoniterEvent wakeup with event size:1
D/Playlist(   89): 
E/        (   89): <Client> _hndlr_x_mtkpbctrl_nfy_fct ---> is called @Line: 360!
E/        (   89): <Client> _hndlr_x_mtkpbctrl_nfy_fct ---> is called @Line: 360!
E/        (   89): <Client> _hndlr_x_mtkpbctrl_nfy_fct ---> is called @Line: 360!
E/        (   89): <Client> _hndlr_x_mtkpbctrl_nfy_fct ---> is called @Line: 360!
E/        (   89): <Client> _hndlr_x_mtkpbctrl_nfy_fct ---> is called @Line: 360!
D/Playlist(   89): [popMoniterEvent][1380]-------
D/Playlist(   89): PlaylistPlayer::popMoniterEvent wakeup with event size:1
D/Playlist(   89): 
E/        (   89): <Client> _hndlr_x_mtkpbctrl_nfy_fct ---> is called @Line: 360!
E/        (   89): <Client> _hndlr_x_mtkpbctrl_nfy_fct ---> is called @Line: 360!
E/        (   89): <Client> _hndlr_x_mtkpbctrl_nfy_fct ---> is called @Line: 360!
V/MediaPlayer(  754): getCurrentPosition
V/MediaPlayerService(   89): getCurrentPosition
I/        (   89): CmpbHttpLiveStreaming::getCurrentPosition!
I/        (   89): CmpbHttpLiveStreaming::getCurrentPosition(return 1448000) exit!
V/MediaPlayerService(   89): [6] getCurrentPosition = 1448000
E/        (   89): <Client> _hndlr_x_mtkpbctrl_nfy_fct ---> is called @Line: 360!
E/        (   89): <Client> _hndlr_x_mtkpbctrl_nfy_fct ---> is called @Line: 360!
D/Playlist(   89): [popMoniterEvent][1380]-------
D/Playlist(   89): PlaylistPlayer::popMoniterEvent wakeup with event size:1
D/Playlist(   89): 
E/        (   89): <Client> _hndlr_x_mtkpbctrl_nfy_fct ---> is called @Line: 360!
E/        (   89): <Client> _hndlr_x_mtkpbctrl_nfy_fct ---> is called @Line: 360!
E/        (   89): <Client> _hndlr_x_mtkpbctrl_nfy_fct ---> is called @Line: 360!
E/        (   89): <Client> _hndlr_x_mtkpbctrl_nfy_fct ---> is called @Line: 360!
E/        (   89): <Client> _hndlr_x_mtkpbctrl_nfy_fct ---> is called @Line: 360!
D/Playlist(   89): [popMoniterEvent][1380]-------
D/Playlist(   89): PlaylistPlayer::popMoniterEvent wakeup with event size:1
D/Playlist(   89): 
E/        (   89): <Client> _hndlr_x_mtkpbctrl_nfy_fct ---> is called @Line: 360!
E/        (   89): <Client> _hndlr_x_mtkpbctrl_nfy_fct ---> is called @Line: 360!
E/        (   89): <Client> _hndlr_x_mtkpbctrl_nfy_fct ---> is called @Line: 360!
V/MediaPlayer(  754): getCurrentPosition
V/MediaPlayerService(   89): getCurrentPosition
I/        (   89): CmpbHttpLiveStreaming::getCurrentPosition!
I/        (   89): CmpbHttpLiveStreaming::getCurrentPosition(return 1449000) exit!
V/MediaPlayerService(   89): [6] getCurrentPosition = 1449000
E/        (   89): <Client> _hndlr_x_mtkpbctrl_nfy_fct ---> is called @Line: 360!
E/        (   89): <Client> _hndlr_x_mtkpbctrl_nfy_fct ---> is called @Line: 360!
D/Playlist(   89): [popMoniterEvent][1380]-------
D/Playlist(   89): PlaylistPlayer::popMoniterEvent wakeup with event size:1
D/Playlist(   89): 
E/        (   89): <Client> _hndlr_x_mtkpbctrl_nfy_fct ---> is called @Line: 360!
E/        (   89): <Client> _hndlr_x_mtkpbctrl_nfy_fct ---> is called @Line: 360!
E/        (   89): <Client> _hndlr_x_mtkpbctrl_nfy_fct ---> is called @Line: 360!
E/        (   89): <Client> _hndlr_x_mtkpbctrl_nfy_fct ---> is called @Line: 360!
E/        (   89): <Client> _hndlr_x_mtkpbctrl_nfy_fct ---> is called @Line: 360!
D/Playlist(   89): [popMoniterEvent][1380]-------
D/Playlist(   89): PlaylistPlayer::popMoniterEvent wakeup with event size:1
D/Playlist(   89): 
E/        (   89): <Client> _hndlr_x_mtkpbctrl_nfy_fct ---> is called @Line: 360!
E/        (   89): <Client> _hndlr_x_mtkpbctrl_nfy_fct ---> is called @Line: 360!
E/        (   89): <Client> _hndlr_x_mtkpbctrl_nfy_fct ---> is called @Line: 360!
V/MediaPlayer(  754): getCurrentPosition
V/MediaPlayerService(   89): getCurrentPosition
I/        (   89): CmpbHttpLiveStreaming::getCurrentPosition!
I/        (   89): CmpbHttpLiveStreaming::getCurrentPosition(return 1450000) exit!
V/MediaPlayerService(   89): [6] getCurrentPosition = 1450000
E/        (   89): <Client> _hndlr_x_mtkpbctrl_nfy_fct ---> is called @Line: 360!
E/        (   89): <Client> _hndlr_x_mtkpbctrl_nfy_fct ---> is called @Line: 360!
D/Playlist(   89): [popMoniterEvent][1380]-------
D/Playlist(   89): PlaylistPlayer::popMoniterEvent wakeup with event size:1
D/Playlist(   89): 
E/        (   89): <Client> _hndlr_x_mtkpbctrl_nfy_fct ---> is called @Line: 360!
E/        (   89): <Client> _hndlr_x_mtkpbctrl_nfy_fct ---> is called @Line: 360!
E/        (   89): <Client> _hndlr_x_mtkpbctrl_nfy_fct ---> is called @Line: 360!
E/        (   89): <Client> _hndlr_x_mtkpbctrl_nfy_fct ---> is called @Line: 360!
E/        (   89): <Client> _hndlr_x_mtkpbctrl_nfy_fct ---> is called @Line: 360!
D/Playlist(   89): [popMoniterEvent][1380]-------
D/Playlist(   89): PlaylistPlayer::popMoniterEvent wakeup with event size:1
D/Playlist(   89): 
E/        (   89): <Client> _hndlr_x_mtkpbctrl_nfy_fct ---> is called @Line: 360!
E/        (   89): <Client> _hndlr_x_mtkpbctrl_nfy_fct ---> is called @Line: 360!
E/        (   89): <Client> _hndlr_x_mtkpbctrl_nfy_fct ---> is called @Line: 360!
V/MediaPlayer(  754): getCurrentPosition
V/MediaPlayerService(   89): getCurrentPosition
I/        (   89): CmpbHttpLiveStreaming::getCurrentPosition!
I/        (   89): CmpbHttpLiveStreaming::getCurrentPosition(return 1451000) exit!
V/MediaPlayerService(   89): [6] getCurrentPosition = 1451000
E/        (   89): <Client> _hndlr_x_mtkpbctrl_nfy_fct ---> is called @Line: 360!
E/        (   89): <Client> _hndlr_x_mtkpbctrl_nfy_fct ---> is called @Line: 360!
D/Playlist(   89): [popMoniterEvent][1380]-------
D/Playlist(   89): PlaylistPlayer::popMoniterEvent wakeup with event size:1
D/Playlist(   89): 
E/        (   89): <Client> _hndlr_x_mtkpbctrl_nfy_fct ---> is called @Line: 360!
E/        (   89): <Client> _hndlr_x_mtkpbctrl_nfy_fct ---> is called @Line: 360!
E/        (   89): <Client> _hndlr_x_mtkpbctrl_nfy_fct ---> is called @Line: 360!
E/        (   89): <Client> _hndlr_x_mtkpbctrl_nfy_fct ---> is called @Line: 360!
E/        (   89): <Client> _hndlr_x_mtkpbctrl_nfy_fct ---> is called @Line: 360!
D/Playlist(   89): [popMoniterEvent][1380]-------
D/Playlist(   89): PlaylistPlayer::popMoniterEvent wakeup with event size:1
D/Playlist(   89): 
E/        (   89): <Client> _hndlr_x_mtkpbctrl_nfy_fct ---> is called @Line: 360!
E/        (   89): <Client> _hndlr_x_mtkpbctrl_nfy_fct ---> is called @Line: 360!
E/        (   89): <Client> _hndlr_x_mtkpbctrl_nfy_fct ---> is called @Line: 360!
V/MediaPlayer(  754): getCurrentPosition
V/MediaPlayerService(   89): getCurrentPosition
I/        (   89): CmpbHttpLiveStreaming::getCurrentPosition!
I/        (   89): CmpbHttpLiveStreaming::getCurrentPosition(return 1452000) exit!
V/MediaPlayerService(   89): [6] getCurrentPosition = 1452000
E/        (   89): <Client> _hndlr_x_mtkpbctrl_nfy_fct ---> is called @Line: 360!
D/dalvikvm(  604): GC_CONCURRENT freed 455K, 14% free 5728K/6599K, paused 1ms+1ms
E/        (   89): <Client> _hndlr_x_mtkpbctrl_nfy_fct ---> is called @Line: 360!
D/Playlist(   89): [popMoniterEvent][1380]-------
D/Playlist(   89): PlaylistPlayer::popMoniterEvent wakeup with event size:1
D/Playlist(   89): 
E/        (   89): <Client> _hndlr_x_mtkpbctrl_nfy_fct ---> is called @Line: 360!
E/        (   89): <Client> _hndlr_x_mtkpbctrl_nfy_fct ---> is called @Line: 360!
D/dalvikvm(  604): GC_CONCURRENT freed 452K, 14% free 5728K/6599K, paused 1ms+2ms
E/        (   89): <Client> _hndlr_x_mtkpbctrl_nfy_fct ---> is called @Line: 360!
E/        (   89): <Client> _hndlr_x_mtkpbctrl_nfy_fct ---> is called @Line: 360!
D/dalvikvm(  604): GC_CONCURRENT freed 450K, 14% free 5728K/6599K, paused 1ms+1ms
E/        (   89): <Client> _hndlr_x_mtkpbctrl_nfy_fct ---> is called @Line: 360!
D/Playlist(   89): [popMoniterEvent][1380]-------
D/Playlist(   89): PlaylistPlayer::popMoniterEvent wakeup with event size:1
D/Playlist(   89): 
E/        (   89): <Client> _hndlr_x_mtkpbctrl_nfy_fct ---> is called @Line: 360!
D/dalvikvm(  604): GC_CONCURRENT freed 451K, 14% free 5728K/6599K, paused 1ms+1ms
E/        (   89): <Client> _hndlr_x_mtkpbctrl_nfy_fct ---> is called @Line: 360!
E/        (   89): <Client> _hndlr_x_mtkpbctrl_nfy_fct ---> is called @Line: 360!
V/MediaPlayer(  754): getCurrentPosition
V/MediaPlayerService(   89): getCurrentPosition
I/        (   89): CmpbHttpLiveStreaming::getCurrentPosition!
I/        (   89): CmpbHttpLiveStreaming::getCurrentPosition(return 1453000) exit!
V/MediaPlayerService(   89): [6] getCurrentPosition = 1453000
E/        (   89): <Client> _hndlr_x_mtkpbctrl_nfy_fct ---> is called @Line: 360!
D/dalvikvm(  604): GC_CONCURRENT freed 452K, 14% free 5728K/6599K, paused 1ms+1ms
E/        (   89): <Client> _hndlr_x_mtkpbctrl_nfy_fct ---> is called @Line: 360!
D/Playlist(   89): [popMoniterEvent][1380]-------
D/Playlist(   89): PlaylistPlayer::popMoniterEvent wakeup with event size:1
D/Playlist(   89): 
E/        (   89): <Client> _hndlr_x_mtkpbctrl_nfy_fct ---> is called @Line: 360!
E/        (   89): <Client> _hndlr_x_mtkpbctrl_nfy_fct ---> is called @Line: 360!
E/        (   89): <Client> _hndlr_x_mtkpbctrl_nfy_fct ---> is called @Line: 360!
E/        (   89): <Client> _hndlr_x_mtkpbctrl_nfy_fct ---> is called @Line: 360!
E/        (   89): <Client> _hndlr_x_mtkpbctrl_nfy_fct ---> is called @Line: 360!
D/Playlist(   89): [popMoniterEvent][1380]-------
D/Playlist(   89): PlaylistPlayer::popMoniterEvent wakeup with event size:1
D/Playlist(   89): 
E/        (   89): <Client> _hndlr_x_mtkpbctrl_nfy_fct ---> is called @Line: 360!
E/        (   89): <Client> _hndlr_x_mtkpbctrl_nfy_fct ---> is called @Line: 360!
E/        (   89): <Client> _hndlr_x_mtkpbctrl_nfy_fct ---> is called @Line: 360!
V/MediaPlayer(  754): getCurrentPosition
V/MediaPlayerService(   89): getCurrentPosition
I/        (   89): CmpbHttpLiveStreaming::getCurrentPosition!
I/        (   89): CmpbHttpLiveStreaming::getCurrentPosition(return 1454000) exit!
V/MediaPlayerService(   89): [6] getCurrentPosition = 1454000
E/        (   89): <Client> _hndlr_x_mtkpbctrl_nfy_fct ---> is called @Line: 360!
E/        (   89): <Client> _hndlr_x_mtkpbctrl_nfy_fct ---> is called @Line: 360!
D/Playlist(   89): [popMoniterEvent][1380]-------
D/Playlist(   89): PlaylistPlayer::popMoniterEvent wakeup with event size:1
D/Playlist(   89): 
E/        (   89): <Client> _hndlr_x_mtkpbctrl_nfy_fct ---> is called @Line: 360!
E/        (   89): <Client> _hndlr_x_mtkpbctrl_nfy_fct ---> is called @Line: 360!
E/        (   89): <Client> _hndlr_x_mtkpbctrl_nfy_fct ---> is called @Line: 360!
E/        (   89): <Client> _hndlr_x_mtkpbctrl_nfy_fct ---> is called @Line: 360!
E/        (   89): <Client> _hndlr_x_mtkpbctrl_nfy_fct ---> is called @Line: 360!
D/Playlist(   89): [popMoniterEvent][1380]-------
D/Playlist(   89): PlaylistPlayer::popMoniterEvent wakeup with event size:1
D/Playlist(   89): 
E/        (   89): <Client> _hndlr_x_mtkpbctrl_nfy_fct ---> is called @Line: 360!
E/        (   89): <Client> _hndlr_x_mtkpbctrl_nfy_fct ---> is called @Line: 360!
D/dalvikvm(  604): GC_CONCURRENT freed 450K, 14% free 5728K/6599K, paused 1ms+1ms
V/MediaPlayer(  754): getCurrentPosition
V/MediaPlayerService(   89): getCurrentPosition
I/        (   89): CmpbHttpLiveStreaming::getCurrentPosition!
I/        (   89): CmpbHttpLiveStreaming::getCurrentPosition(return 1455000) exit!
V/MediaPlayerService(   89): [6] getCurrentPosition = 1455000
E/        (   89): <Client> _hndlr_x_mtkpbctrl_nfy_fct ---> is called @Line: 360!
E/        (   89): <Client> _hndlr_x_mtkpbctrl_nfy_fct ---> is called @Line: 360!
E/        (   89): <Client> _hndlr_x_mtkpbctrl_nfy_fct ---> is called @Line: 360!
D/Playlist(   89): [popMoniterEvent][1380]-------
D/Playlist(   89): PlaylistPlayer::popMoniterEvent wakeup with event size:1
D/Playlist(   89): 
D/dalvikvm(  604): GC_CONCURRENT freed 453K, 14% free 5728K/6599K, paused 1ms+2ms
E/        (   89): <Client> _hndlr_x_mtkpbctrl_nfy_fct ---> is called @Line: 360!
E/        (   89): <Client> _hndlr_x_mtkpbctrl_nfy_fct ---> is called @Line: 360!
D/dalvikvm(  604): GC_CONCURRENT freed 450K, 14% free 5728K/6599K, paused 1ms+1ms
E/        (   89): <Client> _hndlr_x_mtkpbctrl_nfy_fct ---> is called @Line: 360!
E/        (   89): <Client> _hndlr_x_mtkpbctrl_nfy_fct ---> is called @Line: 360!
D/dalvikvm(  604): GC_CONCURRENT freed 453K, 14% free 5728K/6599K, paused 2ms+2ms
E/        (   89): <Client> _hndlr_x_mtkpbctrl_nfy_fct ---> is called @Line: 360!
D/Playlist(   89): [popMoniterEvent][1380]-------
D/Playlist(   89): PlaylistPlayer::popMoniterEvent wakeup with event size:1
D/Playlist(   89): 
E/        (   89): <Client> _hndlr_x_mtkpbctrl_nfy_fct ---> is called @Line: 360!
E/        (   89): <Client> _hndlr_x_mtkpbctrl_nfy_fct ---> is called @Line: 360!
D/dalvikvm(  604): GC_CONCURRENT freed 453K, 14% free 5728K/6599K, paused 1ms+1ms
V/MediaPlayer(  754): getCurrentPosition
V/MediaPlayerService(   89): getCurrentPosition
I/        (   89): CmpbHttpLiveStreaming::getCurrentPosition!
I/        (   89): CmpbHttpLiveStreaming::getCurrentPosition(return 1456000) exit!
V/MediaPlayerService(   89): [6] getCurrentPosition = 1456000
E/        (   89): <Client> _hndlr_x_mtkpbctrl_nfy_fct ---> is called @Line: 360!
E/        (   89): <Client> _hndlr_x_mtkpbctrl_nfy_fct ---> is called @Line: 360!
D/dalvikvm(  604): GC_CONCURRENT freed 453K, 14% free 5728K/6599K, paused 1ms+2ms
E/        (   89): <Client> _hndlr_x_mtkpbctrl_nfy_fct ---> is called @Line: 360!
D/Playlist(   89): [popMoniterEvent][1380]-------
D/Playlist(   89): PlaylistPlayer::popMoniterEvent wakeup with event size:1
D/Playlist(   89): 
E/        (   89): <Client> _hndlr_x_mtkpbctrl_nfy_fct ---> is called @Line: 360!
E/        (   89): <Client> _hndlr_x_mtkpbctrl_nfy_fct ---> is called @Line: 360!
E/        (   89): <Client> _hndlr_x_mtkpbctrl_nfy_fct ---> is called @Line: 360!
D/HomePlayerLib(  604): hostaddress count is 1
E/        (   89): <Client> _hndlr_x_mtkpbctrl_nfy_fct ---> is called @Line: 360!
D/dalvikvm(  604): GC_CONCURRENT freed 497K, 14% free 5736K/6599K, paused 1ms+2ms
E/        (   89): <Client> _hndlr_x_mtkpbctrl_nfy_fct ---> is called @Line: 360!
D/Playlist(   89): [popMoniterEvent][1380]-------
D/Playlist(   89): PlaylistPlayer::popMoniterEvent wakeup with event size:1
D/Playlist(   89): 
D/dalvikvm(  604): GC_CONCURRENT freed 505K, 14% free 5739K/6599K, paused 1ms+1ms
E/        (   89): <Client> _hndlr_x_mtkpbctrl_nfy_fct ---> is called @Line: 360!
D/dalvikvm(  604): GC_CONCURRENT freed 507K, 14% free 5740K/6599K, paused 1ms+1ms
E/        (   89): <Client> _hndlr_x_mtkpbctrl_nfy_fct ---> is called @Line: 360!
V/MediaPlayer(  754): getCurrentPosition
V/MediaPlayerService(   89): getCurrentPosition
I/        (   89): CmpbHttpLiveStreaming::getCurrentPosition!
I/        (   89): CmpbHttpLiveStreaming::getCurrentPosition(return 1457000) exit!
V/MediaPlayerService(   89): [6] getCurrentPosition = 1457000
E/        (   89): <Client> _hndlr_x_mtkpbctrl_nfy_fct ---> is called @Line: 360!
E/        (   89): <Client> _hndlr_x_mtkpbctrl_nfy_fct ---> is called @Line: 360!
D/dalvikvm(  604): GC_CONCURRENT freed 508K, 13% free 5743K/6599K, paused 1ms+1ms
E/        (   89): <Client> _hndlr_x_mtkpbctrl_nfy_fct ---> is called @Line: 360!
D/Playlist(   89): [popMoniterEvent][1380]-------
D/Playlist(   89): PlaylistPlayer::popMoniterEvent wakeup with event size:1
D/Playlist(   89): 
D/dalvikvm(  604): GC_CONCURRENT freed 424K, 14% free 5730K/6599K, paused 1ms+1ms
E/        (   89): <Client> _hndlr_x_mtkpbctrl_nfy_fct ---> is called @Line: 360!
E/        (   89): <Client> _hndlr_x_mtkpbctrl_nfy_fct ---> is called @Line: 360!
E/        (   89): <Client> _hndlr_x_mtkpbctrl_nfy_fct ---> is called @Line: 360!
E/        (   89): <Client> _hndlr_x_mtkpbctrl_nfy_fct ---> is called @Line: 360!
E/        (   89): <Client> _hndlr_x_mtkpbctrl_nfy_fct ---> is called @Line: 360!
D/Playlist(   89): [popMoniterEvent][1380]-------
D/Playlist(   89): PlaylistPlayer::popMoniterEvent wakeup with event size:1
D/Playlist(   89): 
E/        (   89): <Client> _hndlr_x_mtkpbctrl_nfy_fct ---> is called @Line: 360!
E/        (   89): <Client> _hndlr_x_mtkpbctrl_nfy_fct ---> is called @Line: 360!
V/MediaPlayer(  754): getCurrentPosition
V/MediaPlayerService(   89): getCurrentPosition
I/        (   89): CmpbHttpLiveStreaming::getCurrentPosition!
I/        (   89): CmpbHttpLiveStreaming::getCurrentPosition(return 1458000) exit!
V/MediaPlayerService(   89): [6] getCurrentPosition = 1458000
E/        (   89): <Client> _hndlr_x_mtkpbctrl_nfy_fct ---> is called @Line: 360!
E/        (   89): <Client> _hndlr_x_mtkpbctrl_nfy_fct ---> is called @Line: 360!
E/        (   89): <Client> _hndlr_x_mtkpbctrl_nfy_fct ---> is called @Line: 360!
D/Playlist(   89): [popMoniterEvent][1380]-------
D/Playlist(   89): PlaylistPlayer::popMoniterEvent wakeup with event size:1
D/Playlist(   89): 
E/        (   89): <Client> _hndlr_x_mtkpbctrl_nfy_fct ---> is called @Line: 360!
E/        (   89): <Client> _hndlr_x_mtkpbctrl_nfy_fct ---> is called @Line: 360!
E/        (   89): <Client> _hndlr_x_mtkpbctrl_nfy_fct ---> is called @Line: 360!
E/        (   89): <Client> _hndlr_x_mtkpbctrl_nfy_fct ---> is called @Line: 360!
E/        (   89): <Client> _hndlr_x_mtkpbctrl_nfy_fct ---> is called @Line: 360!
D/Playlist(   89): [popMoniterEvent][1380]-------
D/Playlist(   89): PlaylistPlayer::popMoniterEvent wakeup with event size:1
D/Playlist(   89): 
E/        (   89): <Client> _hndlr_x_mtkpbctrl_nfy_fct ---> is called @Line: 360!
E/        (   89): <Client> _hndlr_x_mtkpbctrl_nfy_fct ---> is called @Line: 360!
D/dalvikvm(  604): GC_CONCURRENT freed 431K, 13% free 5743K/6599K, paused 1ms+1ms
V/MediaPlayer(  754): getCurrentPosition
V/MediaPlayerService(   89): getCurrentPosition
I/        (   89): CmpbHttpLiveStreaming::getCurrentPosition!
I/        (   89): CmpbHttpLiveStreaming::getCurrentPosition(return 1459000) exit!
V/MediaPlayerService(   89): [6] getCurrentPosition = 1459000
E/        (   89): <Client> _hndlr_x_mtkpbctrl_nfy_fct ---> is called @Line: 360!
E/        (   89): <Client> _hndlr_x_mtkpbctrl_nfy_fct ---> is called @Line: 360!
E/        (   89): <Client> _hndlr_x_mtkpbctrl_nfy_fct ---> is called @Line: 360!
D/Playlist(   89): [popMoniterEvent][1380]-------
D/Playlist(   89): PlaylistPlayer::popMoniterEvent wakeup with event size:1
D/Playlist(   89): 
E/        (   89): <Client> _hndlr_x_mtkpbctrl_nfy_fct ---> is called @Line: 360!
E/        (   89): <Client> _hndlr_x_mtkpbctrl_nfy_fct ---> is called @Line: 360!
E/        (   89): <Client> _hndlr_x_mtkpbctrl_nfy_fct ---> is called @Line: 360!
E/        (   89): <Client> _hndlr_x_mtkpbctrl_nfy_fct ---> is called @Line: 360!
E/        (   89): <Client> _hndlr_x_mtkpbctrl_nfy_fct ---> is called @Line: 360!
D/Playlist(   89): [popMoniterEvent][1380]-------
D/Playlist(   89): PlaylistPlayer::popMoniterEvent wakeup with event size:1
D/Playlist(   89): 
E/        (   89): <Client> _hndlr_x_mtkpbctrl_nfy_fct ---> is called @Line: 360!
E/        (   89): <Client> _hndlr_x_mtkpbctrl_nfy_fct ---> is called @Line: 360!
V/MediaPlayer(  754): getCurrentPosition
V/MediaPlayerService(   89): getCurrentPosition
I/        (   89): CmpbHttpLiveStreaming::getCurrentPosition!
I/        (   89): CmpbHttpLiveStreaming::getCurrentPosition(return 1460000) exit!
V/MediaPlayerService(   89): [6] getCurrentPosition = 1460000
E/        (   89): <Client> _hndlr_x_mtkpbctrl_nfy_fct ---> is called @Line: 360!
E/        (   89): <Client> _hndlr_x_mtkpbctrl_nfy_fct ---> is called @Line: 360!
E/        (   89): <Client> _hndlr_x_mtkpbctrl_nfy_fct ---> is called @Line: 360!
D/Playlist(   89): [popMoniterEvent][1380]-------
D/Playlist(   89): PlaylistPlayer::popMoniterEvent wakeup with event size:1
D/Playlist(   89): 
E/        (   89): <Client> _hndlr_x_mtkpbctrl_nfy_fct ---> is called @Line: 360!
E/        (   89): <Client> _hndlr_x_mtkpbctrl_nfy_fct ---> is called @Line: 360!
E/        (   89): <Client> _hndlr_x_mtkpbctrl_nfy_fct ---> is called @Line: 360!
E/        (   89): <Client> _hndlr_x_mtkpbctrl_nfy_fct ---> is called @Line: 360!
E/        (   89): <Client> _hndlr_x_mtkpbctrl_nfy_fct ---> is called @Line: 360!
D/Playlist(   89): [popMoniterEvent][1380]-------
D/Playlist(   89): PlaylistPlayer::popMoniterEvent wakeup with event size:1
D/Playlist(   89): 
E/        (   89): <Client> _hndlr_x_mtkpbctrl_nfy_fct ---> is called @Line: 360!
E/        (   89): <Client> _hndlr_x_mtkpbctrl_nfy_fct ---> is called @Line: 360!
V/MediaPlayer(  754): getCurrentPosition
V/MediaPlayerService(   89): getCurrentPosition
I/        (   89): CmpbHttpLiveStreaming::getCurrentPosition!
I/        (   89): CmpbHttpLiveStreaming::getCurrentPosition(return 1461000) exit!
V/MediaPlayerService(   89): [6] getCurrentPosition = 1461000
E/        (   89): <Client> _hndlr_x_mtkpbctrl_nfy_fct ---> is called @Line: 360!
E/        (   89): <Client> _hndlr_x_mtkpbctrl_nfy_fct ---> is called @Line: 360!
E/        (   89): <Client> _hndlr_x_mtkpbctrl_nfy_fct ---> is called @Line: 360!
D/Playlist(   89): [popMoniterEvent][1380]-------
D/Playlist(   89): PlaylistPlayer::popMoniterEvent wakeup with event size:1
D/Playlist(   89): 
E/        (   89): <Client> _hndlr_x_mtkpbctrl_nfy_fct ---> is called @Line: 360!
E/        (   89): <Client> _hndlr_x_mtkpbctrl_nfy_fct ---> is called @Line: 360!
E/        (   89): <Client> _hndlr_x_mtkpbctrl_nfy_fct ---> is called @Line: 360!
E/        (   89): <Client> _hndlr_x_mtkpbctrl_nfy_fct ---> is called @Line: 360!
E/        (   89): <Client> _hndlr_x_mtkpbctrl_nfy_fct ---> is called @Line: 360!
D/Playlist(   89): [popMoniterEvent][1380]-------
D/Playlist(   89): PlaylistPlayer::popMoniterEvent wakeup with event size:1
D/Playlist(   89): 
E/        (   89): <Client> _hndlr_x_mtkpbctrl_nfy_fct ---> is called @Line: 360!
E/        (   89): <Client> _hndlr_x_mtkpbctrl_nfy_fct ---> is called @Line: 360!
V/MediaPlayer(  754): getCurrentPosition
V/MediaPlayerService(   89): getCurrentPosition
I/        (   89): CmpbHttpLiveStreaming::getCurrentPosition!
I/        (   89): CmpbHttpLiveStreaming::getCurrentPosition(return 1462000) exit!
V/MediaPlayerService(   89): [6] getCurrentPosition = 1462000
E/        (   89): <Client> _hndlr_x_mtkpbctrl_nfy_fct ---> is called @Line: 360!
D/dalvikvm(  754): GC_CONCURRENT freed 1919K, 6% free 56439K/59463K, paused 2ms+11ms
E/        (   89): <Client> _hndlr_x_mtkpbctrl_nfy_fct ---> is called @Line: 360!
E/        (   89): <Client> _hndlr_x_mtkpbctrl_nfy_fct ---> is called @Line: 360!
D/Playlist(   89): [popMoniterEvent][1380]-------
D/Playlist(   89): PlaylistPlayer::popMoniterEvent wakeup with event size:1
D/Playlist(   89): 
E/        (   89): <Client> _hndlr_x_mtkpbctrl_nfy_fct ---> is called @Line: 360!
E/        (   89): <Client> _hndlr_x_mtkpbctrl_nfy_fct ---> is called @Line: 360!
E/        (   89): <Client> _hndlr_x_mtkpbctrl_nfy_fct ---> is called @Line: 360!
E/        (   89): <Client> _hndlr_x_mtkpbctrl_nfy_fct ---> is called @Line: 360!
E/        (   89): <Client> _hndlr_x_mtkpbctrl_nfy_fct ---> is called @Line: 360!
D/Playlist(   89): [popMoniterEvent][1380]-------
D/Playlist(   89): PlaylistPlayer::popMoniterEvent wakeup with event size:1
D/Playlist(   89): 
E/        (   89): <Client> _hndlr_x_mtkpbctrl_nfy_fct ---> is called @Line: 360!
E/        (   89): <Client> _hndlr_x_mtkpbctrl_nfy_fct ---> is called @Line: 360!
V/MediaPlayer(  754): getCurrentPosition
V/MediaPlayerService(   89): getCurrentPosition
I/        (   89): CmpbHttpLiveStreaming::getCurrentPosition!
I/        (   89): CmpbHttpLiveStreaming::getCurrentPosition(return 1463000) exit!
V/MediaPlayerService(   89): [6] getCurrentPosition = 1463000
E/        (   89): <Client> _hndlr_x_mtkpbctrl_nfy_fct ---> is called @Line: 360!
E/        (   89): <Client> _hndlr_x_mtkpbctrl_nfy_fct ---> is called @Line: 360!
E/        (   89): <Client> _hndlr_x_mtkpbctrl_nfy_fct ---> is called @Line: 360!
D/Playlist(   89): [popMoniterEvent][1380]-------
D/Playlist(   89): PlaylistPlayer::popMoniterEvent wakeup with event size:1
D/Playlist(   89): 
E/        (   89): <Client> _hndlr_x_mtkpbctrl_nfy_fct ---> is called @Line: 360!
E/        (   89): <Client> _hndlr_x_mtkpbctrl_nfy_fct ---> is called @Line: 360!
E/        (   89): <Client> _hndlr_x_mtkpbctrl_nfy_fct ---> is called @Line: 360!
E/        (   89): <Client> _hndlr_x_mtkpbctrl_nfy_fct ---> is called @Line: 360!
E/        (   89): <Client> _hndlr_x_mtkpbctrl_nfy_fct ---> is called @Line: 360!
D/Playlist(   89): [popMoniterEvent][1380]-------
D/Playlist(   89): PlaylistPlayer::popMoniterEvent wakeup with event size:1
D/Playlist(   89): 
E/        (   89): <Client> _hndlr_x_mtkpbctrl_nfy_fct ---> is called @Line: 360!
E/        (   89): <Client> _hndlr_x_mtkpbctrl_nfy_fct ---> is called @Line: 360!
V/MediaPlayer(  754): getCurrentPosition
V/MediaPlayerService(   89): getCurrentPosition
I/        (   89): CmpbHttpLiveStreaming::getCurrentPosition!
I/        (   89): CmpbHttpLiveStreaming::getCurrentPosition(return 1464000) exit!
V/MediaPlayerService(   89): [6] getCurrentPosition = 1464000
E/        (   89): <Client> _hndlr_x_mtkpbctrl_nfy_fct ---> is called @Line: 360!
E/        (   89): <Client> _hndlr_x_mtkpbctrl_nfy_fct ---> is called @Line: 360!
E/        (   89): <Client> _hndlr_x_mtkpbctrl_nfy_fct ---> is called @Line: 360!
D/Playlist(   89): [popMoniterEvent][1380]-------
D/Playlist(   89): PlaylistPlayer::popMoniterEvent wakeup with event size:1
D/Playlist(   89): 
E/        (   89): <Client> _hndlr_x_mtkpbctrl_nfy_fct ---> is called @Line: 360!
E/        (   89): <Client> _hndlr_x_mtkpbctrl_nfy_fct ---> is called @Line: 360!
E/        (   89): <Client> _hndlr_x_mtkpbctrl_nfy_fct ---> is called @Line: 360!
E/        (   89): <Client> _hndlr_x_mtkpbctrl_nfy_fct ---> is called @Line: 360!
E/        (   89): <Client> _hndlr_x_mtkpbctrl_nfy_fct ---> is called @Line: 360!
D/Playlist(   89): [popMoniterEvent][1380]-------
D/Playlist(   89): PlaylistPlayer::popMoniterEvent wakeup with event size:1
D/Playlist(   89): 
E/        (   89): <Client> _hndlr_x_mtkpbctrl_nfy_fct ---> is called @Line: 360!
V/MediaPlayer(  754): getCurrentPosition
V/MediaPlayerService(   89): getCurrentPosition
I/        (   89): CmpbHttpLiveStreaming::getCurrentPosition!
I/        (   89): CmpbHttpLiveStreaming::getCurrentPosition(return 1465000) exit!
V/MediaPlayerService(   89): [6] getCurrentPosition = 1465000
E/        (   89): <Client> _hndlr_x_mtkpbctrl_nfy_fct ---> is called @Line: 360!
E/        (   89): <Client> _hndlr_x_mtkpbctrl_nfy_fct ---> is called @Line: 360!
E/        (   89): <Client> _hndlr_x_mtkpbctrl_nfy_fct ---> is called @Line: 360!
E/        (   89): <Client> _hndlr_x_mtkpbctrl_nfy_fct ---> is called @Line: 360!
D/Playlist(   89): [popMoniterEvent][1380]-------
D/Playlist(   89): PlaylistPlayer::popMoniterEvent wakeup with event size:1
D/Playlist(   89): 
E/        (   89): <Client> _hndlr_x_mtkpbctrl_nfy_fct ---> is called @Line: 360!
E/        (   89): <Client> _hndlr_x_mtkpbctrl_nfy_fct ---> is called @Line: 360!
E/        (   89): <Client> _hndlr_x_mtkpbctrl_nfy_fct ---> is called @Line: 360!
E/        (   89): <Client> _hndlr_x_mtkpbctrl_nfy_fct ---> is called @Line: 360!
E/        (   89): <Client> _hndlr_x_mtkpbctrl_nfy_fct ---> is called @Line: 360!
D/Playlist(   89): [popMoniterEvent][1380]-------
D/Playlist(   89): PlaylistPlayer::popMoniterEvent wakeup with event size:1
D/Playlist(   89): 
E/        (   89): <Client> _hndlr_x_mtkpbctrl_nfy_fct ---> is called @Line: 360!
D/dalvikvm(  604): GC_CONCURRENT freed 467K, 14% free 5728K/6599K, paused 1ms+1ms
V/MediaPlayer(  754): getCurrentPosition
V/MediaPlayerService(   89): getCurrentPosition
I/        (   89): CmpbHttpLiveStreaming::getCurrentPosition!
I/        (   89): CmpbHttpLiveStreaming::getCurrentPosition(return 1466000) exit!
V/MediaPlayerService(   89): [6] getCurrentPosition = 1466000
E/        (   89): <Client> _hndlr_x_mtkpbctrl_nfy_fct ---> is called @Line: 360!
E/        (   89): <Client> _hndlr_x_mtkpbctrl_nfy_fct ---> is called @Line: 360!
D/dalvikvm(  604): GC_CONCURRENT freed 452K, 14% free 5728K/6599K, paused 1ms+2ms
E/        (   89): <Client> _hndlr_x_mtkpbctrl_nfy_fct ---> is called @Line: 360!
E/        (   89): <Client> _hndlr_x_mtkpbctrl_nfy_fct ---> is called @Line: 360!
D/Playlist(   89): [popMoniterEvent][1380]-------
D/Playlist(   89): PlaylistPlayer::popMoniterEvent wakeup with event size:1
D/Playlist(   89): 
E/        (   89): <Client> _hndlr_x_mtkpbctrl_nfy_fct ---> is called @Line: 360!
D/dalvikvm(  604): GC_CONCURRENT freed 452K, 14% free 5728K/6599K, paused 1ms+1ms
E/        (   89): <Client> _hndlr_x_mtkpbctrl_nfy_fct ---> is called @Line: 360!
E/        (   89): <Client> _hndlr_x_mtkpbctrl_nfy_fct ---> is called @Line: 360!
D/dalvikvm(  604): GC_CONCURRENT freed 453K, 14% free 5728K/6599K, paused 1ms+1ms
E/        (   89): <Client> _hndlr_x_mtkpbctrl_nfy_fct ---> is called @Line: 360!
E/        (   89): <Client> _hndlr_x_mtkpbctrl_nfy_fct ---> is called @Line: 360!
D/Playlist(   89): [popMoniterEvent][1380]-------
D/Playlist(   89): PlaylistPlayer::popMoniterEvent wakeup with event size:1
D/Playlist(   89): 
E/        (   89): <Client> _hndlr_x_mtkpbctrl_nfy_fct ---> is called @Line: 360!
D/dalvikvm(  604): GC_CONCURRENT freed 453K, 14% free 5728K/6599K, paused 1ms+1ms
V/MediaPlayer(  754): getCurrentPosition
V/MediaPlayerService(   89): getCurrentPosition
I/        (   89): CmpbHttpLiveStreaming::getCurrentPosition!
I/        (   89): CmpbHttpLiveStreaming::getCurrentPosition(return 1467000) exit!
V/MediaPlayerService(   89): [6] getCurrentPosition = 1467000
E/        (   89): <Client> _hndlr_x_mtkpbctrl_nfy_fct ---> is called @Line: 360!
E/        (   89): <Client> _hndlr_x_mtkpbctrl_nfy_fct ---> is called @Line: 360!
D/dalvikvm(  604): GC_CONCURRENT freed 453K, 14% free 5728K/6599K, paused 1ms+1ms
E/        (   89): <Client> _hndlr_x_mtkpbctrl_nfy_fct ---> is called @Line: 360!
E/        (   89): <Client> _hndlr_x_mtkpbctrl_nfy_fct ---> is called @Line: 360!
D/Playlist(   89): [popMoniterEvent][1380]-------
D/Playlist(   89): PlaylistPlayer::popMoniterEvent wakeup with event size:1
D/Playlist(   89): 
E/        (   89): <Client> _hndlr_x_mtkpbctrl_nfy_fct ---> is called @Line: 360!
D/HomePlayerLib(  604): hostaddress count is 1
D/dalvikvm(  604): GC_CONCURRENT freed 497K, 14% free 5736K/6599K, paused 2ms+2ms
E/        (   89): <Client> _hndlr_x_mtkpbctrl_nfy_fct ---> is called @Line: 360!
E/        (   89): <Client> _hndlr_x_mtkpbctrl_nfy_fct ---> is called @Line: 360!
D/dalvikvm(  604): GC_CONCURRENT freed 505K, 14% free 5739K/6599K, paused 1ms+1ms
E/        (   89): <Client> _hndlr_x_mtkpbctrl_nfy_fct ---> is called @Line: 360!
D/dalvikvm(  604): GC_CONCURRENT freed 507K, 14% free 5740K/6599K, paused 1ms+2ms
E/        (   89): <Client> _hndlr_x_mtkpbctrl_nfy_fct ---> is called @Line: 360!
D/Playlist(   89): [popMoniterEvent][1380]-------
D/Playlist(   89): PlaylistPlayer::popMoniterEvent wakeup with event size:1
D/Playlist(   89): 
D/dalvikvm(  604): GC_CONCURRENT freed 395K, 12% free 5815K/6599K, paused 1ms+1ms
E/        (   89): <Client> _hndlr_x_mtkpbctrl_nfy_fct ---> is called @Line: 360!
V/MediaPlayer(  754): getCurrentPosition
V/MediaPlayerService(   89): getCurrentPosition
I/        (   89): CmpbHttpLiveStreaming::getCurrentPosition!
I/        (   89): CmpbHttpLiveStreaming::getCurrentPosition(return 1468000) exit!
V/MediaPlayerService(   89): [6] getCurrentPosition = 1468000
E/        (   89): <Client> _hndlr_x_mtkpbctrl_nfy_fct ---> is called @Line: 360!
E/        (   89): <Client> _hndlr_x_mtkpbctrl_nfy_fct ---> is called @Line: 360!
D/dalvikvm(  604): GC_CONCURRENT freed 552K, 14% free 5726K/6599K, paused 1ms+1ms
E/        (   89): <Client> _hndlr_x_mtkpbctrl_nfy_fct ---> is called @Line: 360!
E/        (   89): <Client> _hndlr_x_mtkpbctrl_nfy_fct ---> is called @Line: 360!
D/Playlist(   89): [popMoniterEvent][1380]-------
D/Playlist(   89): PlaylistPlayer::popMoniterEvent wakeup with event size:1
D/Playlist(   89): 
E/        (   89): <Client> _hndlr_x_mtkpbctrl_nfy_fct ---> is called @Line: 360!
E/        (   89): <Client> _hndlr_x_mtkpbctrl_nfy_fct ---> is called @Line: 360!
E/        (   89): <Client> _hndlr_x_mtkpbctrl_nfy_fct ---> is called @Line: 360!
E/        (   89): <Client> _hndlr_x_mtkpbctrl_nfy_fct ---> is called @Line: 360!
E/        (   89): <Client> _hndlr_x_mtkpbctrl_nfy_fct ---> is called @Line: 360!
D/Playlist(   89): [popMoniterEvent][1380]-------
D/Playlist(   89): PlaylistPlayer::popMoniterEvent wakeup with event size:1
D/Playlist(   89): 
E/        (   89): <Client> _hndlr_x_mtkpbctrl_nfy_fct ---> is called @Line: 360!
V/MediaPlayer(  754): getCurrentPosition
V/MediaPlayerService(   89): getCurrentPosition
I/        (   89): CmpbHttpLiveStreaming::getCurrentPosition!
I/        (   89): CmpbHttpLiveStreaming::getCurrentPosition(return 1469000) exit!
V/MediaPlayerService(   89): [6] getCurrentPosition = 1469000
E/        (   89): <Client> _hndlr_x_mtkpbctrl_nfy_fct ---> is called @Line: 360!
E/        (   89): <Client> _hndlr_x_mtkpbctrl_nfy_fct ---> is called @Line: 360!
E/        (   89): <Client> _hndlr_x_mtkpbctrl_nfy_fct ---> is called @Line: 360!
E/        (   89): <Client> _hndlr_x_mtkpbctrl_nfy_fct ---> is called @Line: 360!
D/Playlist(   89): [popMoniterEvent][1380]-------
D/Playlist(   89): PlaylistPlayer::popMoniterEvent wakeup with event size:1
D/Playlist(   89): 
E/        (   89): <Client> _hndlr_x_mtkpbctrl_nfy_fct ---> is called @Line: 360!
E/        (   89): <Client> _hndlr_x_mtkpbctrl_nfy_fct ---> is called @Line: 360!
E/        (   89): <Client> _hndlr_x_mtkpbctrl_nfy_fct ---> is called @Line: 360!
E/        (   89): <Client> _hndlr_x_mtkpbctrl_nfy_fct ---> is called @Line: 360!
E/        (   89): <Client> _hndlr_x_mtkpbctrl_nfy_fct ---> is called @Line: 360!
D/Playlist(   89): [popMoniterEvent][1380]-------
D/Playlist(   89): PlaylistPlayer::popMoniterEvent wakeup with event size:1
D/Playlist(   89): 
E/        (   89): <Client> _hndlr_x_mtkpbctrl_nfy_fct ---> is called @Line: 360!
V/MediaPlayer(  754): getCurrentPosition
V/MediaPlayerService(   89): getCurrentPosition
I/        (   89): CmpbHttpLiveStreaming::getCurrentPosition!
I/        (   89): CmpbHttpLiveStreaming::getCurrentPosition(return 1470000) exit!
V/MediaPlayerService(   89): [6] getCurrentPosition = 1470000
E/        (   89): <Client> _hndlr_x_mtkpbctrl_nfy_fct ---> is called @Line: 360!
E/        (   89): <Client> _hndlr_x_mtkpbctrl_nfy_fct ---> is called @Line: 360!
E/        (   89): <Client> _hndlr_x_mtkpbctrl_nfy_fct ---> is called @Line: 360!
E/        (   89): <Client> _hndlr_x_mtkpbctrl_nfy_fct ---> is called @Line: 360!
D/Playlist(   89): [popMoniterEvent][1380]-------
D/Playlist(   89): PlaylistPlayer::popMoniterEvent wakeup with event size:1
D/Playlist(   89): 
E/        (   89): <Client> _hndlr_x_mtkpbctrl_nfy_fct ---> is called @Line: 360!
E/        (   89): <Client> _hndlr_x_mtkpbctrl_nfy_fct ---> is called @Line: 360!
E/        (   89): <Client> _hndlr_x_mtkpbctrl_nfy_fct ---> is called @Line: 360!
E/        (   89): <Client> _hndlr_x_mtkpbctrl_nfy_fct ---> is called @Line: 360!
E/        (   89): <Client> _hndlr_x_mtkpbctrl_nfy_fct ---> is called @Line: 360!
D/Playlist(   89): [popMoniterEvent][1380]-------
D/Playlist(   89): PlaylistPlayer::popMoniterEvent wakeup with event size:1
D/Playlist(   89): 
E/        (   89): <Client> _hndlr_x_mtkpbctrl_nfy_fct ---> is called @Line: 360!
V/MediaPlayer(  754): getCurrentPosition
V/MediaPlayerService(   89): getCurrentPosition
I/        (   89): CmpbHttpLiveStreaming::getCurrentPosition!
I/        (   89): CmpbHttpLiveStreaming::getCurrentPosition(return 1471000) exit!
V/MediaPlayerService(   89): [6] getCurrentPosition = 1471000
E/        (   89): <Client> _hndlr_x_mtkpbctrl_nfy_fct ---> is called @Line: 360!
E/        (   89): <Client> _hndlr_x_mtkpbctrl_nfy_fct ---> is called @Line: 360!
E/        (   89): <Client> _hndlr_x_mtkpbctrl_nfy_fct ---> is called @Line: 360!
E/        (   89): <Client> _hndlr_x_mtkpbctrl_nfy_fct ---> is called @Line: 360!
D/Playlist(   89): [popMoniterEvent][1380]-------
D/Playlist(   89): PlaylistPlayer::popMoniterEvent wakeup with event size:1
D/Playlist(   89): 
E/        (   89): <Client> _hndlr_x_mtkpbctrl_nfy_fct ---> is called @Line: 360!
E/        (   89): <Client> _hndlr_x_mtkpbctrl_nfy_fct ---> is called @Line: 360!
E/        (   89): <Client> _hndlr_x_mtkpbctrl_nfy_fct ---> is called @Line: 360!
E/        (   89): <Client> _hndlr_x_mtkpbctrl_nfy_fct ---> is called @Line: 360!
E/        (   89): <Client> _hndlr_x_mtkpbctrl_nfy_fct ---> is called @Line: 360!
D/Playlist(   89): [popMoniterEvent][1380]-------
D/Playlist(   89): PlaylistPlayer::popMoniterEvent wakeup with event size:1
D/Playlist(   89): 
E/        (   89): <Client> _hndlr_x_mtkpbctrl_nfy_fct ---> is called @Line: 360!
V/MediaPlayer(  754): getCurrentPosition
V/MediaPlayerService(   89): getCurrentPosition
I/        (   89): CmpbHttpLiveStreaming::getCurrentPosition!
I/        (   89): CmpbHttpLiveStreaming::getCurrentPosition(return 1472000) exit!
V/MediaPlayerService(   89): [6] getCurrentPosition = 1472000
D/dalvikvm(  604): GC_CONCURRENT freed 450K, 14% free 5728K/6599K, paused 1ms+1ms
E/        (   89): <Client> _hndlr_x_mtkpbctrl_nfy_fct ---> is called @Line: 360!
E/        (   89): <Client> _hndlr_x_mtkpbctrl_nfy_fct ---> is called @Line: 360!
E/        (   89): <Client> _hndlr_x_mtkpbctrl_nfy_fct ---> is called @Line: 360!
D/dalvikvm(  604): GC_CONCURRENT freed 451K, 14% free 5728K/6599K, paused 1ms+1ms
E/        (   89): <Client> _hndlr_x_mtkpbctrl_nfy_fct ---> is called @Line: 360!
D/Playlist(   89): [popMoniterEvent][1380]-------
D/Playlist(   89): PlaylistPlayer::popMoniterEvent wakeup with event size:1
D/Playlist(   89): 
E/        (   89): <Client> _hndlr_x_mtkpbctrl_nfy_fct ---> is called @Line: 360!
D/dalvikvm(  604): GC_CONCURRENT freed 450K, 14% free 5728K/6599K, paused 1ms+1ms
E/        (   89): <Client> _hndlr_x_mtkpbctrl_nfy_fct ---> is called @Line: 360!
E/        (   89): <Client> _hndlr_x_mtkpbctrl_nfy_fct ---> is called @Line: 360!
E/        (   89): <Client> _hndlr_x_mtkpbctrl_nfy_fct ---> is called @Line: 360!
D/dalvikvm(  604): GC_CONCURRENT freed 451K, 14% free 5728K/6599K, paused 1ms+1ms
E/        (   89): <Client> _hndlr_x_mtkpbctrl_nfy_fct ---> is called @Line: 360!
D/Playlist(   89): [popMoniterEvent][1380]-------
D/Playlist(   89): PlaylistPlayer::popMoniterEvent wakeup with event size:1
D/Playlist(   89): 
E/        (   89): <Client> _hndlr_x_mtkpbctrl_nfy_fct ---> is called @Line: 360!
V/MediaPlayer(  754): getCurrentPosition
V/MediaPlayerService(   89): getCurrentPosition
I/        (   89): CmpbHttpLiveStreaming::getCurrentPosition!
I/        (   89): CmpbHttpLiveStreaming::getCurrentPosition(return 1473000) exit!
V/MediaPlayerService(   89): [6] getCurrentPosition = 1473000
D/dalvikvm(  604): GC_CONCURRENT freed 451K, 14% free 5728K/6599K, paused 1ms+1ms
E/        (   89): <Client> _hndlr_x_mtkpbctrl_nfy_fct ---> is called @Line: 360!
E/        (   89): <Client> _hndlr_x_mtkpbctrl_nfy_fct ---> is called @Line: 360!
E/        (   89): <Client> _hndlr_x_mtkpbctrl_nfy_fct ---> is called @Line: 360!
E/        (   89): <Client> _hndlr_x_mtkpbctrl_nfy_fct ---> is called @Line: 360!
D/Playlist(   89): [popMoniterEvent][1380]-------
D/Playlist(   89): PlaylistPlayer::popMoniterEvent wakeup with event size:1
D/Playlist(   89): 
E/        (   89): <Client> _hndlr_x_mtkpbctrl_nfy_fct ---> is called @Line: 360!
E/        (   89): <Client> _hndlr_x_mtkpbctrl_nfy_fct ---> is called @Line: 360!
E/        (   89): <Client> _hndlr_x_mtkpbctrl_nfy_fct ---> is called @Line: 360!
E/        (   89): <Client> _hndlr_x_mtkpbctrl_nfy_fct ---> is called @Line: 360!
E/        (   89): <Client> _hndlr_x_mtkpbctrl_nfy_fct ---> is called @Line: 360!
D/Playlist(   89): [popMoniterEvent][1380]-------
D/Playlist(   89): PlaylistPlayer::popMoniterEvent wakeup with event size:1
D/Playlist(   89): 
E/        (   89): <Client> _hndlr_x_mtkpbctrl_nfy_fct ---> is called @Line: 360!
V/MediaPlayer(  754): getCurrentPosition
V/MediaPlayerService(   89): getCurrentPosition
I/        (   89): CmpbHttpLiveStreaming::getCurrentPosition!
I/        (   89): CmpbHttpLiveStreaming::getCurrentPosition(return 1474000) exit!
V/MediaPlayerService(   89): [6] getCurrentPosition = 1474000
E/        (   89): <Client> _hndlr_x_mtkpbctrl_nfy_fct ---> is called @Line: 360!
E/        (   89): <Client> _hndlr_x_mtkpbctrl_nfy_fct ---> is called @Line: 360!
E/        (   89): <Client> _hndlr_x_mtkpbctrl_nfy_fct ---> is called @Line: 360!
E/        (   89): <Client> _hndlr_x_mtkpbctrl_nfy_fct ---> is called @Line: 360!
D/Playlist(   89): [popMoniterEvent][1380]-------
D/Playlist(   89): PlaylistPlayer::popMoniterEvent wakeup with event size:1
D/Playlist(   89): 
E/        (   89): <Client> _hndlr_x_mtkpbctrl_nfy_fct ---> is called @Line: 360!
E/        (   89): <Client> _hndlr_x_mtkpbctrl_nfy_fct ---> is called @Line: 360!
E/        (   89): <Client> _hndlr_x_mtkpbctrl_nfy_fct ---> is called @Line: 360!
E/        (   89): <Client> _hndlr_x_mtkpbctrl_nfy_fct ---> is called @Line: 360!
E/        (   89): <Client> _hndlr_x_mtkpbctrl_nfy_fct ---> is called @Line: 360!
D/Playlist(   89): [popMoniterEvent][1380]-------
D/Playlist(   89): PlaylistPlayer::popMoniterEvent wakeup with event size:1
D/Playlist(   89): 
V/MediaPlayer(  754): getCurrentPosition
V/MediaPlayerService(   89): getCurrentPosition
I/        (   89): CmpbHttpLiveStreaming::getCurrentPosition!
I/        (   89): CmpbHttpLiveStreaming::getCurrentPosition(return 1475000) exit!
V/MediaPlayerService(   89): [6] getCurrentPosition = 1475000
E/        (   89): <Client> _hndlr_x_mtkpbctrl_nfy_fct ---> is called @Line: 360!
E/        (   89): <Client> _hndlr_x_mtkpbctrl_nfy_fct ---> is called @Line: 360!
E/        (   89): <Client> _hndlr_x_mtkpbctrl_nfy_fct ---> is called @Line: 360!
E/        (   89): <Client> _hndlr_x_mtkpbctrl_nfy_fct ---> is called @Line: 360!
E/        (   89): <Client> _hndlr_x_mtkpbctrl_nfy_fct ---> is called @Line: 360!
D/Playlist(   89): [popMoniterEvent][1380]-------
D/Playlist(   89): PlaylistPlayer::popMoniterEvent wakeup with event size:1
D/Playlist(   89): 
E/        (   89): <Client> _hndlr_x_mtkpbctrl_nfy_fct ---> is called @Line: 360!
E/        (   89): <Client> _hndlr_x_mtkpbctrl_nfy_fct ---> is called @Line: 360!
E/        (   89): <Client> _hndlr_x_mtkpbctrl_nfy_fct ---> is called @Line: 360!
E/        (   89): <Client> _hndlr_x_mtkpbctrl_nfy_fct ---> is called @Line: 360!
E/        (   89): <Client> _hndlr_x_mtkpbctrl_nfy_fct ---> is called @Line: 360!
D/Playlist(   89): [popMoniterEvent][1380]-------
D/Playlist(   89): PlaylistPlayer::popMoniterEvent wakeup with event size:1
D/Playlist(   89): 
V/MediaPlayer(  754): getCurrentPosition
V/MediaPlayerService(   89): getCurrentPosition
I/        (   89): CmpbHttpLiveStreaming::getCurrentPosition!
I/        (   89): CmpbHttpLiveStreaming::getCurrentPosition(return 1476000) exit!
V/MediaPlayerService(   89): [6] getCurrentPosition = 1476000
E/        (   89): <Client> _hndlr_x_mtkpbctrl_nfy_fct ---> is called @Line: 360!
E/        (   89): <Client> _hndlr_x_mtkpbctrl_nfy_fct ---> is called @Line: 360!
E/        (   89): <Client> _hndlr_x_mtkpbctrl_nfy_fct ---> is called @Line: 360!
E/        (   89): <Client> _hndlr_x_mtkpbctrl_nfy_fct ---> is called @Line: 360!
E/        (   89): <Client> _hndlr_x_mtkpbctrl_nfy_fct ---> is called @Line: 360!
D/Playlist(   89): [popMoniterEvent][1380]-------
D/Playlist(   89): PlaylistPlayer::popMoniterEvent wakeup with event size:1
D/Playlist(   89): 
E/        (   89): <Client> _hndlr_x_mtkpbctrl_nfy_fct ---> is called @Line: 360!
D/dalvikvm(  604): GC_CONCURRENT freed 451K, 14% free 5728K/6599K, paused 1ms+1ms
E/        (   89): <Client> _hndlr_x_mtkpbctrl_nfy_fct ---> is called @Line: 360!
E/        (   89): <Client> _hndlr_x_mtkpbctrl_nfy_fct ---> is called @Line: 360!
D/dalvikvm(  604): GC_CONCURRENT freed 452K, 14% free 5728K/6599K, paused 1ms+1ms
E/        (   89): <Client> _hndlr_x_mtkpbctrl_nfy_fct ---> is called @Line: 360!
E/        (   89): <Client> _hndlr_x_mtkpbctrl_nfy_fct ---> is called @Line: 360!
D/Playlist(   89): [popMoniterEvent][1380]-------
D/Playlist(   89): PlaylistPlayer::popMoniterEvent wakeup with event size:1
D/Playlist(   89): 
V/MediaPlayer(  754): getCurrentPosition
V/MediaPlayerService(   89): getCurrentPosition
I/        (   89): CmpbHttpLiveStreaming::getCurrentPosition!
I/        (   89): CmpbHttpLiveStreaming::getCurrentPosition(return 1477000) exit!
V/MediaPlayerService(   89): [6] getCurrentPosition = 1477000
D/dalvikvm(  604): GC_CONCURRENT freed 453K, 14% free 5728K/6599K, paused 1ms+1ms
E/        (   89): <Client> _hndlr_x_mtkpbctrl_nfy_fct ---> is called @Line: 360!
E/        (   89): <Client> _hndlr_x_mtkpbctrl_nfy_fct ---> is called @Line: 360!
E/        (   89): <Client> _hndlr_x_mtkpbctrl_nfy_fct ---> is called @Line: 360!
D/dalvikvm(  604): GC_CONCURRENT freed 450K, 14% free 5728K/6599K, paused 1ms+1ms
E/        (   89): <Client> _hndlr_x_mtkpbctrl_nfy_fct ---> is called @Line: 360!
E/        (   89): <Client> _hndlr_x_mtkpbctrl_nfy_fct ---> is called @Line: 360!
D/Playlist(   89): [popMoniterEvent][1380]-------
D/Playlist(   89): PlaylistPlayer::popMoniterEvent wakeup with event size:1
D/Playlist(   89): 
D/dalvikvm(  604): GC_CONCURRENT freed 453K, 14% free 5728K/6599K, paused 1ms+1ms
E/        (   89): <Client> _hndlr_x_mtkpbctrl_nfy_fct ---> is called @Line: 360!
E/        (   89): <Client> _hndlr_x_mtkpbctrl_nfy_fct ---> is called @Line: 360!
E/        (   89): <Client> _hndlr_x_mtkpbctrl_nfy_fct ---> is called @Line: 360!
D/dalvikvm(  604): GC_CONCURRENT freed 453K, 14% free 5728K/6599K, paused 1ms+1ms
E/        (   89): <Client> _hndlr_x_mtkpbctrl_nfy_fct ---> is called @Line: 360!
E/        (   89): <Client> _hndlr_x_mtkpbctrl_nfy_fct ---> is called @Line: 360!
D/Playlist(   89): [popMoniterEvent][1380]-------
D/Playlist(   89): PlaylistPlayer::popMoniterEvent wakeup with event size:1
D/Playlist(   89): 
V/MediaPlayer(  754): getCurrentPosition
V/MediaPlayerService(   89): getCurrentPosition
I/        (   89): CmpbHttpLiveStreaming::getCurrentPosition!
I/        (   89): CmpbHttpLiveStreaming::getCurrentPosition(return 1478000) exit!
V/MediaPlayerService(   89): [6] getCurrentPosition = 1478000
E/        (   89): <Client> _hndlr_x_mtkpbctrl_nfy_fct ---> is called @Line: 360!
E/        (   89): <Client> _hndlr_x_mtkpbctrl_nfy_fct ---> is called @Line: 360!
D/HomePlayerLib(  604): hostaddress count is 1
D/dalvikvm(  604): GC_CONCURRENT freed 491K, 14% free 5736K/6599K, paused 1ms+1ms
E/        (   89): <Client> _hndlr_x_mtkpbctrl_nfy_fct ---> is called @Line: 360!
D/dalvikvm(  604): GC_CONCURRENT freed 527K, 14% free 5720K/6599K, paused 1ms+1ms
E/        (   89): <Client> _hndlr_x_mtkpbctrl_nfy_fct ---> is called @Line: 360!
E/        (   89): <Client> _hndlr_x_mtkpbctrl_nfy_fct ---> is called @Line: 360!
D/Playlist(   89): [popMoniterEvent][1380]-------
D/Playlist(   89): PlaylistPlayer::popMoniterEvent wakeup with event size:1
D/Playlist(   89): 
D/dalvikvm(  604): GC_CONCURRENT freed 495K, 14% free 5736K/6599K, paused 1ms+2ms
