D/Playlist(   89): PlaylistPlayer::popMoniterEvent wakeup with event size:1
D/Playlist(   89): 
E/        (   89): <Client> _hndlr_x_mtkpbctrl_nfy_fct ---> is called @Line: 360!
E/        (   89): <Client> _hndlr_x_mtkpbctrl_nfy_fct ---> is called @Line: 360!
V/MediaPlayer(  754): getCurrentPosition
V/MediaPlayerService(   89): getCurrentPosition
I/        (   89): CmpbHttpLiveStreaming::getCurrentPosition!
I/        (   89): CmpbHttpLiveStreaming::getCurrentPosition(return 1511500) exit!
V/MediaPlayerService(   89): [6] getCurrentPosition = 1511500
E/        (   89): <Client> _hndlr_x_mtkpbctrl_nfy_fct ---> is called @Line: 360!
D/dalvikvm(  604): GC_CONCURRENT freed 458K, 14% free 5728K/6599K, paused 1ms+1ms
E/        (   89): <Client> _hndlr_x_mtkpbctrl_nfy_fct ---> is called @Line: 360!
E/        (   89): <Client> _hndlr_x_mtkpbctrl_nfy_fct ---> is called @Line: 360!
D/Playlist(   89): [popMoniterEvent][1380]-------
D/Playlist(   89): PlaylistPlayer::popMoniterEvent wakeup with event size:1
D/Playlist(   89): 
D/dalvikvm(  604): GC_CONCURRENT freed 451K, 14% free 5727K/6599K, paused 1ms+1ms
E/        (   89): <Client> _hndlr_x_mtkpbctrl_nfy_fct ---> is called @Line: 360!
E/        (   89): <Client> _hndlr_x_mtkpbctrl_nfy_fct ---> is called @Line: 360!
D/dalvikvm(  604): GC_CONCURRENT freed 450K, 14% free 5728K/6599K, paused 1ms+2ms
E/        (   89): <Client> _hndlr_x_mtkpbctrl_nfy_fct ---> is called @Line: 360!
E/        (   89): <Client> _hndlr_x_mtkpbctrl_nfy_fct ---> is called @Line: 360!
E/        (   89): <Client> _hndlr_x_mtkpbctrl_nfy_fct ---> is called @Line: 360!
D/Playlist(   89): [popMoniterEvent][1380]-------
D/Playlist(   89): PlaylistPlayer::popMoniterEvent wakeup with event size:1
D/Playlist(   89): 
D/dalvikvm(  604): GC_CONCURRENT freed 452K, 14% free 5727K/6599K, paused 1ms+2ms
E/        (   89): <Client> _hndlr_x_mtkpbctrl_nfy_fct ---> is called @Line: 360!
E/        (   89): <Client> _hndlr_x_mtkpbctrl_nfy_fct ---> is called @Line: 360!
V/MediaPlayer(  754): getCurrentPosition
V/MediaPlayerService(   89): getCurrentPosition
I/        (   89): CmpbHttpLiveStreaming::getCurrentPosition!
I/        (   89): CmpbHttpLiveStreaming::getCurrentPosition(return 1512500) exit!
V/MediaPlayerService(   89): [6] getCurrentPosition = 1512500
D/dalvikvm(  604): GC_CONCURRENT freed 451K, 14% free 5728K/6599K, paused 1ms+1ms
E/        (   89): <Client> _hndlr_x_mtkpbctrl_nfy_fct ---> is called @Line: 360!
E/        (   89): <Client> _hndlr_x_mtkpbctrl_nfy_fct ---> is called @Line: 360!
E/        (   89): <Client> _hndlr_x_mtkpbctrl_nfy_fct ---> is called @Line: 360!
D/Playlist(   89): [popMoniterEvent][1380]-------
D/Playlist(   89): PlaylistPlayer::popMoniterEvent wakeup with event size:1
D/Playlist(   89): 
E/        (   89): <Client> _hndlr_x_mtkpbctrl_nfy_fct ---> is called @Line: 360!
E/        (   89): <Client> _hndlr_x_mtkpbctrl_nfy_fct ---> is called @Line: 360!
E/        (   89): <Client> _hndlr_x_mtkpbctrl_nfy_fct ---> is called @Line: 360!
E/        (   89): <Client> _hndlr_x_mtkpbctrl_nfy_fct ---> is called @Line: 360!
E/        (   89): <Client> _hndlr_x_mtkpbctrl_nfy_fct ---> is called @Line: 360!
D/Playlist(   89): [popMoniterEvent][1380]-------
D/Playlist(   89): PlaylistPlayer::popMoniterEvent wakeup with event size:1
D/Playlist(   89): 
E/        (   89): <Client> _hndlr_x_mtkpbctrl_nfy_fct ---> is called @Line: 360!
E/        (   89): <Client> _hndlr_x_mtkpbctrl_nfy_fct ---> is called @Line: 360!
V/MediaPlayer(  754): getCurrentPosition
V/MediaPlayerService(   89): getCurrentPosition
I/        (   89): CmpbHttpLiveStreaming::getCurrentPosition!
I/        (   89): CmpbHttpLiveStreaming::getCurrentPosition(return 1513500) exit!
V/MediaPlayerService(   89): [6] getCurrentPosition = 1513500
E/        (   89): <Client> _hndlr_x_mtkpbctrl_nfy_fct ---> is called @Line: 360!
E/        (   89): <Client> _hndlr_x_mtkpbctrl_nfy_fct ---> is called @Line: 360!
E/        (   89): <Client> _hndlr_x_mtkpbctrl_nfy_fct ---> is called @Line: 360!
D/Playlist(   89): [popMoniterEvent][1380]-------
D/Playlist(   89): PlaylistPlayer::popMoniterEvent wakeup with event size:1
D/Playlist(   89): 
E/        (   89): <Client> _hndlr_x_mtkpbctrl_nfy_fct ---> is called @Line: 360!
E/        (   89): <Client> _hndlr_x_mtkpbctrl_nfy_fct ---> is called @Line: 360!
E/        (   89): <Client> _hndlr_x_mtkpbctrl_nfy_fct ---> is called @Line: 360!
E/        (   89): <Client> _hndlr_x_mtkpbctrl_nfy_fct ---> is called @Line: 360!
E/        (   89): <Client> _hndlr_x_mtkpbctrl_nfy_fct ---> is called @Line: 360!
D/Playlist(   89): [popMoniterEvent][1380]-------
D/Playlist(   89): PlaylistPlayer::popMoniterEvent wakeup with event size:1
D/Playlist(   89): 
E/        (   89): <Client> _hndlr_x_mtkpbctrl_nfy_fct ---> is called @Line: 360!
V/MediaPlayer(  754): getCurrentPosition
V/MediaPlayerService(   89): getCurrentPosition
I/        (   89): CmpbHttpLiveStreaming::getCurrentPosition!
I/        (   89): CmpbHttpLiveStreaming::getCurrentPosition(return 1514500) exit!
V/MediaPlayerService(   89): [6] getCurrentPosition = 1514500
E/        (   89): <Client> _hndlr_x_mtkpbctrl_nfy_fct ---> is called @Line: 360!
E/        (   89): <Client> _hndlr_x_mtkpbctrl_nfy_fct ---> is called @Line: 360!
E/        (   89): <Client> _hndlr_x_mtkpbctrl_nfy_fct ---> is called @Line: 360!
E/        (   89): <Client> _hndlr_x_mtkpbctrl_nfy_fct ---> is called @Line: 360!
D/Playlist(   89): [popMoniterEvent][1380]-------
D/Playlist(   89): PlaylistPlayer::popMoniterEvent wakeup with event size:1
D/Playlist(   89): 
E/        (   89): <Client> _hndlr_x_mtkpbctrl_nfy_fct ---> is called @Line: 360!
E/        (   89): <Client> _hndlr_x_mtkpbctrl_nfy_fct ---> is called @Line: 360!
E/        (   89): <Client> _hndlr_x_mtkpbctrl_nfy_fct ---> is called @Line: 360!
E/        (   89): <Client> _hndlr_x_mtkpbctrl_nfy_fct ---> is called @Line: 360!
E/        (   89): <Client> _hndlr_x_mtkpbctrl_nfy_fct ---> is called @Line: 360!
D/Playlist(   89): [popMoniterEvent][1380]-------
D/Playlist(   89): PlaylistPlayer::popMoniterEvent wakeup with event size:1
D/Playlist(   89): 
E/        (   89): <Client> _hndlr_x_mtkpbctrl_nfy_fct ---> is called @Line: 360!
V/MediaPlayer(  754): getCurrentPosition
V/MediaPlayerService(   89): getCurrentPosition
I/        (   89): CmpbHttpLiveStreaming::getCurrentPosition!
I/        (   89): CmpbHttpLiveStreaming::getCurrentPosition(return 1515500) exit!
V/MediaPlayerService(   89): [6] getCurrentPosition = 1515500
E/        (   89): <Client> _hndlr_x_mtkpbctrl_nfy_fct ---> is called @Line: 360!
E/        (   89): <Client> _hndlr_x_mtkpbctrl_nfy_fct ---> is called @Line: 360!
E/        (   89): <Client> _hndlr_x_mtkpbctrl_nfy_fct ---> is called @Line: 360!
E/        (   89): <Client> _hndlr_x_mtkpbctrl_nfy_fct ---> is called @Line: 360!
D/Playlist(   89): [popMoniterEvent][1380]-------
D/Playlist(   89): PlaylistPlayer::popMoniterEvent wakeup with event size:1
D/Playlist(   89): 
E/        (   89): <Client> _hndlr_x_mtkpbctrl_nfy_fct ---> is called @Line: 360!
E/        (   89): <Client> _hndlr_x_mtkpbctrl_nfy_fct ---> is called @Line: 360!
E/        (   89): <Client> _hndlr_x_mtkpbctrl_nfy_fct ---> is called @Line: 360!
E/        (   89): <Client> _hndlr_x_mtkpbctrl_nfy_fct ---> is called @Line: 360!
E/        (   89): <Client> _hndlr_x_mtkpbctrl_nfy_fct ---> is called @Line: 360!
D/Playlist(   89): [popMoniterEvent][1380]-------
D/Playlist(   89): PlaylistPlayer::popMoniterEvent wakeup with event size:1
D/Playlist(   89): 
E/        (   89): <Client> _hndlr_x_mtkpbctrl_nfy_fct ---> is called @Line: 360!
V/MediaPlayer(  754): getCurrentPosition
V/MediaPlayerService(   89): getCurrentPosition
I/        (   89): CmpbHttpLiveStreaming::getCurrentPosition!
I/        (   89): CmpbHttpLiveStreaming::getCurrentPosition(return 1516500) exit!
V/MediaPlayerService(   89): [6] getCurrentPosition = 1516500
E/        (   89): <Client> _hndlr_x_mtkpbctrl_nfy_fct ---> is called @Line: 360!
E/        (   89): <Client> _hndlr_x_mtkpbctrl_nfy_fct ---> is called @Line: 360!
E/        (   89): <Client> _hndlr_x_mtkpbctrl_nfy_fct ---> is called @Line: 360!
E/        (   89): <Client> _hndlr_x_mtkpbctrl_nfy_fct ---> is called @Line: 360!
D/Playlist(   89): [popMoniterEvent][1380]-------
D/Playlist(   89): PlaylistPlayer::popMoniterEvent wakeup with event size:1
D/Playlist(   89): 
E/        (   89): <Client> _hndlr_x_mtkpbctrl_nfy_fct ---> is called @Line: 360!
E/        (   89): <Client> _hndlr_x_mtkpbctrl_nfy_fct ---> is called @Line: 360!
E/        (   89): <Client> _hndlr_x_mtkpbctrl_nfy_fct ---> is called @Line: 360!
E/        (   89): <Client> _hndlr_x_mtkpbctrl_nfy_fct ---> is called @Line: 360!
E/        (   89): <Client> _hndlr_x_mtkpbctrl_nfy_fct ---> is called @Line: 360!
D/Playlist(   89): [popMoniterEvent][1380]-------
D/Playlist(   89): PlaylistPlayer::popMoniterEvent wakeup with event size:1
D/Playlist(   89): 
E/        (   89): <Client> _hndlr_x_mtkpbctrl_nfy_fct ---> is called @Line: 360!
V/MediaPlayer(  754): getCurrentPosition
V/MediaPlayerService(   89): getCurrentPosition
I/        (   89): CmpbHttpLiveStreaming::getCurrentPosition!
I/        (   89): CmpbHttpLiveStreaming::getCurrentPosition(return 1517500) exit!
V/MediaPlayerService(   89): [6] getCurrentPosition = 1517500
E/        (   89): <Client> _hndlr_x_mtkpbctrl_nfy_fct ---> is called @Line: 360!
E/        (   89): <Client> _hndlr_x_mtkpbctrl_nfy_fct ---> is called @Line: 360!
E/        (   89): <Client> _hndlr_x_mtkpbctrl_nfy_fct ---> is called @Line: 360!
E/        (   89): <Client> _hndlr_x_mtkpbctrl_nfy_fct ---> is called @Line: 360!
D/Playlist(   89): [popMoniterEvent][1380]-------
D/Playlist(   89): PlaylistPlayer::popMoniterEvent wakeup with event size:1
D/Playlist(   89): 
E/        (   89): <Client> _hndlr_x_mtkpbctrl_nfy_fct ---> is called @Line: 360!
E/        (   89): <Client> _hndlr_x_mtkpbctrl_nfy_fct ---> is called @Line: 360!
E/        (   89): <Client> _hndlr_x_mtkpbctrl_nfy_fct ---> is called @Line: 360!
E/        (   89): <Client> _hndlr_x_mtkpbctrl_nfy_fct ---> is called @Line: 360!
E/        (   89): <Client> _hndlr_x_mtkpbctrl_nfy_fct ---> is called @Line: 360!
D/Playlist(   89): [popMoniterEvent][1380]-------
D/Playlist(   89): PlaylistPlayer::popMoniterEvent wakeup with event size:1
D/Playlist(   89): 
E/        (   89): <Client> _hndlr_x_mtkpbctrl_nfy_fct ---> is called @Line: 360!
V/MediaPlayer(  754): getCurrentPosition
V/MediaPlayerService(   89): getCurrentPosition
I/        (   89): CmpbHttpLiveStreaming::getCurrentPosition!
I/        (   89): CmpbHttpLiveStreaming::getCurrentPosition(return 1518500) exit!
V/MediaPlayerService(   89): [6] getCurrentPosition = 1518500
E/        (   89): <Client> _hndlr_x_mtkpbctrl_nfy_fct ---> is called @Line: 360!
E/        (   89): <Client> _hndlr_x_mtkpbctrl_nfy_fct ---> is called @Line: 360!
E/        (   89): <Client> _hndlr_x_mtkpbctrl_nfy_fct ---> is called @Line: 360!
E/        (   89): <Client> _hndlr_x_mtkpbctrl_nfy_fct ---> is called @Line: 360!
D/Playlist(   89): [popMoniterEvent][1380]-------
D/Playlist(   89): PlaylistPlayer::popMoniterEvent wakeup with event size:1
D/Playlist(   89): 
D/dalvikvm(  604): GC_CONCURRENT freed 451K, 14% free 5728K/6599K, paused 1ms+1ms
E/        (   89): <Client> _hndlr_x_mtkpbctrl_nfy_fct ---> is called @Line: 360!
E/        (   89): <Client> _hndlr_x_mtkpbctrl_nfy_fct ---> is called @Line: 360!
E/        (   89): <Client> _hndlr_x_mtkpbctrl_nfy_fct ---> is called @Line: 360!
D/dalvikvm(  604): GC_CONCURRENT freed 452K, 14% free 5728K/6599K, paused 1ms+1ms
E/        (   89): <Client> _hndlr_x_mtkpbctrl_nfy_fct ---> is called @Line: 360!
E/        (   89): <Client> _hndlr_x_mtkpbctrl_nfy_fct ---> is called @Line: 360!
D/Playlist(   89): [popMoniterEvent][1380]-------
D/Playlist(   89): PlaylistPlayer::popMoniterEvent wakeup with event size:1
D/Playlist(   89): 
D/dalvikvm(  604): GC_CONCURRENT freed 453K, 14% free 5728K/6599K, paused 1ms+1ms
E/        (   89): <Client> _hndlr_x_mtkpbctrl_nfy_fct ---> is called @Line: 360!
V/MediaPlayer(  754): getCurrentPosition
V/MediaPlayerService(   89): getCurrentPosition
I/        (   89): CmpbHttpLiveStreaming::getCurrentPosition!
I/        (   89): CmpbHttpLiveStreaming::getCurrentPosition(return 1519500) exit!
V/MediaPlayerService(   89): [6] getCurrentPosition = 1519500
E/        (   89): <Client> _hndlr_x_mtkpbctrl_nfy_fct ---> is called @Line: 360!
E/        (   89): <Client> _hndlr_x_mtkpbctrl_nfy_fct ---> is called @Line: 360!
E/        (   89): <Client> _hndlr_x_mtkpbctrl_nfy_fct ---> is called @Line: 360!
E/        (   89): <Client> _hndlr_x_mtkpbctrl_nfy_fct ---> is called @Line: 360!
D/Playlist(   89): [popMoniterEvent][1380]-------
D/Playlist(   89): PlaylistPlayer::popMoniterEvent wakeup with event size:1
D/Playlist(   89): 
E/        (   89): <Client> _hndlr_x_mtkpbctrl_nfy_fct ---> is called @Line: 360!
E/        (   89): <Client> _hndlr_x_mtkpbctrl_nfy_fct ---> is called @Line: 360!
E/        (   89): <Client> _hndlr_x_mtkpbctrl_nfy_fct ---> is called @Line: 360!
E/        (   89): <Client> _hndlr_x_mtkpbctrl_nfy_fct ---> is called @Line: 360!
D/dalvikvm(  604): GC_CONCURRENT freed 452K, 14% free 5728K/6599K, paused 1ms+1ms
E/        (   89): <Client> _hndlr_x_mtkpbctrl_nfy_fct ---> is called @Line: 360!
D/Playlist(   89): [popMoniterEvent][1380]-------
D/Playlist(   89): PlaylistPlayer::popMoniterEvent wakeup with event size:1
D/Playlist(   89): 
E/        (   89): <Client> _hndlr_x_mtkpbctrl_nfy_fct ---> is called @Line: 360!
V/MediaPlayer(  754): getCurrentPosition
V/MediaPlayerService(   89): getCurrentPosition
I/        (   89): CmpbHttpLiveStreaming::getCurrentPosition!
I/        (   89): CmpbHttpLiveStreaming::getCurrentPosition(return 1520500) exit!
V/MediaPlayerService(   89): [6] getCurrentPosition = 1520500
D/dalvikvm(  604): GC_CONCURRENT freed 452K, 14% free 5728K/6599K, paused 1ms+2ms
E/        (   89): <Client> _hndlr_x_mtkpbctrl_nfy_fct ---> is called @Line: 360!
D/HomePlayerLib(  604): hostaddress count is 1
D/dalvikvm(  604): GC_CONCURRENT freed 447K, 14% free 5739K/6599K, paused 1ms+1ms
E/        (   89): <Client> _hndlr_x_mtkpbctrl_nfy_fct ---> is called @Line: 360!
D/dalvikvm(  604): GC_CONCURRENT freed 510K, 14% free 5741K/6599K, paused 1ms+1ms
E/        (   89): <Client> _hndlr_x_mtkpbctrl_nfy_fct ---> is called @Line: 360!
E/        (   89): <Client> _hndlr_x_mtkpbctrl_nfy_fct ---> is called @Line: 360!
D/Playlist(   89): [popMoniterEvent][1380]-------
D/Playlist(   89): PlaylistPlayer::popMoniterEvent wakeup with event size:1
D/Playlist(   89): 
D/dalvikvm(  604): GC_CONCURRENT freed 515K, 14% free 5731K/6599K, paused 1ms+2ms
E/        (   89): <Client> _hndlr_x_mtkpbctrl_nfy_fct ---> is called @Line: 360!
D/dalvikvm(  604): GC_CONCURRENT freed 502K, 14% free 5738K/6599K, paused 1ms+1ms
E/        (   89): <Client> _hndlr_x_mtkpbctrl_nfy_fct ---> is called @Line: 360!
E/        (   89): <Client> _hndlr_x_mtkpbctrl_nfy_fct ---> is called @Line: 360!
D/dalvikvm(  604): GC_CONCURRENT freed 464K, 13% free 5744K/6599K, paused 1ms+2ms
E/        (   89): <Client> _hndlr_x_mtkpbctrl_nfy_fct ---> is called @Line: 360!
E/        (   89): <Client> _hndlr_x_mtkpbctrl_nfy_fct ---> is called @Line: 360!
D/Playlist(   89): [popMoniterEvent][1380]-------
D/Playlist(   89): PlaylistPlayer::popMoniterEvent wakeup with event size:1
D/Playlist(   89): 
D/dalvikvm(  604): GC_CONCURRENT freed 469K, 14% free 5728K/6599K, paused 1ms+1ms
E/        (   89): <Client> _hndlr_x_mtkpbctrl_nfy_fct ---> is called @Line: 360!
V/MediaPlayer(  754): getCurrentPosition
V/MediaPlayerService(   89): getCurrentPosition
I/        (   89): CmpbHttpLiveStreaming::getCurrentPosition!
I/        (   89): CmpbHttpLiveStreaming::getCurrentPosition(return 1521500) exit!
V/MediaPlayerService(   89): [6] getCurrentPosition = 1521500
E/        (   89): <Client> _hndlr_x_mtkpbctrl_nfy_fct ---> is called @Line: 360!
E/        (   89): <Client> _hndlr_x_mtkpbctrl_nfy_fct ---> is called @Line: 360!
D/dalvikvm(  604): GC_CONCURRENT freed 453K, 14% free 5728K/6599K, paused 1ms+1ms
E/        (   89): <Client> _hndlr_x_mtkpbctrl_nfy_fct ---> is called @Line: 360!
E/        (   89): <Client> _hndlr_x_mtkpbctrl_nfy_fct ---> is called @Line: 360!
D/Playlist(   89): [popMoniterEvent][1380]-------
D/Playlist(   89): PlaylistPlayer::popMoniterEvent wakeup with event size:1
D/Playlist(   89): 
E/        (   89): <Client> _hndlr_x_mtkpbctrl_nfy_fct ---> is called @Line: 360!
E/        (   89): <Client> _hndlr_x_mtkpbctrl_nfy_fct ---> is called @Line: 360!
E/        (   89): <Client> _hndlr_x_mtkpbctrl_nfy_fct ---> is called @Line: 360!
D/dalvikvm(  604): GC_CONCURRENT freed 450K, 14% free 5728K/6599K, paused 1ms+1ms
E/        (   89): <Client> _hndlr_x_mtkpbctrl_nfy_fct ---> is called @Line: 360!
E/        (   89): <Client> _hndlr_x_mtkpbctrl_nfy_fct ---> is called @Line: 360!
D/Playlist(   89): [popMoniterEvent][1380]-------
D/Playlist(   89): PlaylistPlayer::popMoniterEvent wakeup with event size:1
D/Playlist(   89): 
D/dalvikvm(  604): GC_CONCURRENT freed 453K, 14% free 5728K/6599K, paused 1ms+2ms
E/        (   89): <Client> _hndlr_x_mtkpbctrl_nfy_fct ---> is called @Line: 360!
V/MediaPlayer(  754): getCurrentPosition
V/MediaPlayerService(   89): getCurrentPosition
I/        (   89): CmpbHttpLiveStreaming::getCurrentPosition!
I/        (   89): CmpbHttpLiveStreaming::getCurrentPosition(return 1522500) exit!
V/MediaPlayerService(   89): [6] getCurrentPosition = 1522500
E/        (   89): <Client> _hndlr_x_mtkpbctrl_nfy_fct ---> is called @Line: 360!
E/        (   89): <Client> _hndlr_x_mtkpbctrl_nfy_fct ---> is called @Line: 360!
D/dalvikvm(  604): GC_CONCURRENT freed 453K, 14% free 5728K/6599K, paused 1ms+1ms
E/        (   89): <Client> _hndlr_x_mtkpbctrl_nfy_fct ---> is called @Line: 360!
E/        (   89): <Client> _hndlr_x_mtkpbctrl_nfy_fct ---> is called @Line: 360!
D/Playlist(   89): [popMoniterEvent][1380]-------
D/Playlist(   89): PlaylistPlayer::popMoniterEvent wakeup with event size:1
D/Playlist(   89): 
E/        (   89): <Client> _hndlr_x_mtkpbctrl_nfy_fct ---> is called @Line: 360!
E/        (   89): <Client> _hndlr_x_mtkpbctrl_nfy_fct ---> is called @Line: 360!
E/        (   89): <Client> _hndlr_x_mtkpbctrl_nfy_fct ---> is called @Line: 360!
E/        (   89): <Client> _hndlr_x_mtkpbctrl_nfy_fct ---> is called @Line: 360!
E/        (   89): <Client> _hndlr_x_mtkpbctrl_nfy_fct ---> is called @Line: 360!
D/Playlist(   89): [popMoniterEvent][1380]-------
D/Playlist(   89): PlaylistPlayer::popMoniterEvent wakeup with event size:1
D/Playlist(   89): 
E/        (   89): <Client> _hndlr_x_mtkpbctrl_nfy_fct ---> is called @Line: 360!
V/MediaPlayer(  754): getCurrentPosition
V/MediaPlayerService(   89): getCurrentPosition
I/        (   89): CmpbHttpLiveStreaming::getCurrentPosition!
I/        (   89): CmpbHttpLiveStreaming::getCurrentPosition(return 1523500) exit!
V/MediaPlayerService(   89): [6] getCurrentPosition = 1523500
E/        (   89): <Client> _hndlr_x_mtkpbctrl_nfy_fct ---> is called @Line: 360!
E/        (   89): <Client> _hndlr_x_mtkpbctrl_nfy_fct ---> is called @Line: 360!
E/        (   89): <Client> _hndlr_x_mtkpbctrl_nfy_fct ---> is called @Line: 360!
E/        (   89): <Client> _hndlr_x_mtkpbctrl_nfy_fct ---> is called @Line: 360!
D/Playlist(   89): [popMoniterEvent][1380]-------
D/Playlist(   89): PlaylistPlayer::popMoniterEvent wakeup with event size:1
D/Playlist(   89): 
E/        (   89): <Client> _hndlr_x_mtkpbctrl_nfy_fct ---> is called @Line: 360!
E/        (   89): <Client> _hndlr_x_mtkpbctrl_nfy_fct ---> is called @Line: 360!
E/        (   89): <Client> _hndlr_x_mtkpbctrl_nfy_fct ---> is called @Line: 360!
E/        (   89): <Client> _hndlr_x_mtkpbctrl_nfy_fct ---> is called @Line: 360!
E/        (   89): <Client> _hndlr_x_mtkpbctrl_nfy_fct ---> is called @Line: 360!
D/Playlist(   89): [popMoniterEvent][1380]-------
D/Playlist(   89): PlaylistPlayer::popMoniterEvent wakeup with event size:1
D/Playlist(   89): 
V/MediaPlayer(  754): getCurrentPosition
V/MediaPlayerService(   89): getCurrentPosition
I/        (   89): CmpbHttpLiveStreaming::getCurrentPosition!
I/        (   89): CmpbHttpLiveStreaming::getCurrentPosition(return 1524500) exit!
V/MediaPlayerService(   89): [6] getCurrentPosition = 1524500
E/        (   89): <Client> _hndlr_x_mtkpbctrl_nfy_fct ---> is called @Line: 360!
E/        (   89): <Client> _hndlr_x_mtkpbctrl_nfy_fct ---> is called @Line: 360!
E/        (   89): <Client> _hndlr_x_mtkpbctrl_nfy_fct ---> is called @Line: 360!
E/        (   89): <Client> _hndlr_x_mtkpbctrl_nfy_fct ---> is called @Line: 360!
E/        (   89): <Client> _hndlr_x_mtkpbctrl_nfy_fct ---> is called @Line: 360!
D/Playlist(   89): [popMoniterEvent][1380]-------
D/Playlist(   89): PlaylistPlayer::popMoniterEvent wakeup with event size:1
D/Playlist(   89): 
E/        (   89): <Client> _hndlr_x_mtkpbctrl_nfy_fct ---> is called @Line: 360!
E/        (   89): <Client> _hndlr_x_mtkpbctrl_nfy_fct ---> is called @Line: 360!
E/        (   89): <Client> _hndlr_x_mtkpbctrl_nfy_fct ---> is called @Line: 360!
E/        (   89): <Client> _hndlr_x_mtkpbctrl_nfy_fct ---> is called @Line: 360!
E/        (   89): <Client> _hndlr_x_mtkpbctrl_nfy_fct ---> is called @Line: 360!
D/Playlist(   89): [popMoniterEvent][1380]-------
D/Playlist(   89): PlaylistPlayer::popMoniterEvent wakeup with event size:1
D/Playlist(   89): 
V/MediaPlayer(  754): getCurrentPosition
V/MediaPlayerService(   89): getCurrentPosition
I/        (   89): CmpbHttpLiveStreaming::getCurrentPosition!
I/        (   89): CmpbHttpLiveStreaming::getCurrentPosition(return 1525500) exit!
V/MediaPlayerService(   89): [6] getCurrentPosition = 1525500
E/        (   89): <Client> _hndlr_x_mtkpbctrl_nfy_fct ---> is called @Line: 360!
E/        (   89): <Client> _hndlr_x_mtkpbctrl_nfy_fct ---> is called @Line: 360!
E/        (   89): <Client> _hndlr_x_mtkpbctrl_nfy_fct ---> is called @Line: 360!
E/        (   89): <Client> _hndlr_x_mtkpbctrl_nfy_fct ---> is called @Line: 360!
E/        (   89): <Client> _hndlr_x_mtkpbctrl_nfy_fct ---> is called @Line: 360!
D/Playlist(   89): [popMoniterEvent][1380]-------
D/Playlist(   89): PlaylistPlayer::popMoniterEvent wakeup with event size:1
D/Playlist(   89): 
E/        (   89): <Client> _hndlr_x_mtkpbctrl_nfy_fct ---> is called @Line: 360!
E/        (   89): <Client> _hndlr_x_mtkpbctrl_nfy_fct ---> is called @Line: 360!
E/        (   89): <Client> _hndlr_x_mtkpbctrl_nfy_fct ---> is called @Line: 360!
E/        (   89): <Client> _hndlr_x_mtkpbctrl_nfy_fct ---> is called @Line: 360!
E/        (   89): <Client> _hndlr_x_mtkpbctrl_nfy_fct ---> is called @Line: 360!
D/Playlist(   89): [popMoniterEvent][1380]-------
D/Playlist(   89): PlaylistPlayer::popMoniterEvent wakeup with event size:1
D/Playlist(   89): 
V/MediaPlayer(  754): getCurrentPosition
V/MediaPlayerService(   89): getCurrentPosition
I/        (   89): CmpbHttpLiveStreaming::getCurrentPosition!
I/        (   89): CmpbHttpLiveStreaming::getCurrentPosition(return 1526500) exit!
V/MediaPlayerService(   89): [6] getCurrentPosition = 1526500
E/        (   89): <Client> _hndlr_x_mtkpbctrl_nfy_fct ---> is called @Line: 360!
E/        (   89): <Client> _hndlr_x_mtkpbctrl_nfy_fct ---> is called @Line: 360!
E/        (   89): <Client> _hndlr_x_mtkpbctrl_nfy_fct ---> is called @Line: 360!
E/        (   89): <Client> _hndlr_x_mtkpbctrl_nfy_fct ---> is called @Line: 360!
E/        (   89): <Client> _hndlr_x_mtkpbctrl_nfy_fct ---> is called @Line: 360!
D/Playlist(   89): [popMoniterEvent][1380]-------
D/Playlist(   89): PlaylistPlayer::popMoniterEvent wakeup with event size:1
D/Playlist(   89): 
E/        (   89): <Client> _hndlr_x_mtkpbctrl_nfy_fct ---> is called @Line: 360!
E/        (   89): <Client> _hndlr_x_mtkpbctrl_nfy_fct ---> is called @Line: 360!
E/        (   89): <Client> _hndlr_x_mtkpbctrl_nfy_fct ---> is called @Line: 360!
E/        (   89): <Client> _hndlr_x_mtkpbctrl_nfy_fct ---> is called @Line: 360!
E/        (   89): <Client> _hndlr_x_mtkpbctrl_nfy_fct ---> is called @Line: 360!
D/Playlist(   89): [popMoniterEvent][1380]-------
D/Playlist(   89): PlaylistPlayer::popMoniterEvent wakeup with event size:1
D/Playlist(   89): 
V/MediaPlayer(  754): getCurrentPosition
V/MediaPlayerService(   89): getCurrentPosition
I/        (   89): CmpbHttpLiveStreaming::getCurrentPosition!
I/        (   89): CmpbHttpLiveStreaming::getCurrentPosition(return 1527500) exit!
V/MediaPlayerService(   89): [6] getCurrentPosition = 1527500
E/        (   89): <Client> _hndlr_x_mtkpbctrl_nfy_fct ---> is called @Line: 360!
E/        (   89): <Client> _hndlr_x_mtkpbctrl_nfy_fct ---> is called @Line: 360!
E/        (   89): <Client> _hndlr_x_mtkpbctrl_nfy_fct ---> is called @Line: 360!
E/        (   89): <Client> _hndlr_x_mtkpbctrl_nfy_fct ---> is called @Line: 360!
E/        (   89): <Client> _hndlr_x_mtkpbctrl_nfy_fct ---> is called @Line: 360!
D/Playlist(   89): [popMoniterEvent][1380]-------
D/Playlist(   89): PlaylistPlayer::popMoniterEvent wakeup with event size:1
D/Playlist(   89): 
E/        (   89): <Client> _hndlr_x_mtkpbctrl_nfy_fct ---> is called @Line: 360!
E/        (   89): <Client> _hndlr_x_mtkpbctrl_nfy_fct ---> is called @Line: 360!
E/        (   89): <Client> _hndlr_x_mtkpbctrl_nfy_fct ---> is called @Line: 360!
E/        (   89): <Client> _hndlr_x_mtkpbctrl_nfy_fct ---> is called @Line: 360!
E/        (   89): <Client> _hndlr_x_mtkpbctrl_nfy_fct ---> is called @Line: 360!
D/Playlist(   89): [popMoniterEvent][1380]-------
D/Playlist(   89): PlaylistPlayer::popMoniterEvent wakeup with event size:1
D/Playlist(   89): 
V/MediaPlayer(  754): getCurrentPosition
V/MediaPlayerService(   89): getCurrentPosition
I/        (   89): CmpbHttpLiveStreaming::getCurrentPosition!
I/        (   89): CmpbHttpLiveStreaming::getCurrentPosition(return 1528500) exit!
V/MediaPlayerService(   89): [6] getCurrentPosition = 1528500
E/        (   89): <Client> _hndlr_x_mtkpbctrl_nfy_fct ---> is called @Line: 360!
E/        (   89): <Client> _hndlr_x_mtkpbctrl_nfy_fct ---> is called @Line: 360!
E/        (   89): <Client> _hndlr_x_mtkpbctrl_nfy_fct ---> is called @Line: 360!
E/        (   89): <Client> _hndlr_x_mtkpbctrl_nfy_fct ---> is called @Line: 360!
E/        (   89): <Client> _hndlr_x_mtkpbctrl_nfy_fct ---> is called @Line: 360!
D/Playlist(   89): [popMoniterEvent][1380]-------
D/Playlist(   89): PlaylistPlayer::popMoniterEvent wakeup with event size:1
D/Playlist(   89): 
E/        (   89): <Client> _hndlr_x_mtkpbctrl_nfy_fct ---> is called @Line: 360!
E/        (   89): <Client> _hndlr_x_mtkpbctrl_nfy_fct ---> is called @Line: 360!
E/        (   89): <Client> _hndlr_x_mtkpbctrl_nfy_fct ---> is called @Line: 360!
E/        (   89): <Client> _hndlr_x_mtkpbctrl_nfy_fct ---> is called @Line: 360!
E/        (   89): <Client> _hndlr_x_mtkpbctrl_nfy_fct ---> is called @Line: 360!
D/Playlist(   89): [popMoniterEvent][1380]-------
D/Playlist(   89): PlaylistPlayer::popMoniterEvent wakeup with event size:1
D/Playlist(   89): 
V/MediaPlayer(  754): getCurrentPosition
V/MediaPlayerService(   89): getCurrentPosition
I/        (   89): CmpbHttpLiveStreaming::getCurrentPosition!
I/        (   89): CmpbHttpLiveStreaming::getCurrentPosition(return 1529500) exit!
V/MediaPlayerService(   89): [6] getCurrentPosition = 1529500
E/        (   89): <Client> _hndlr_x_mtkpbctrl_nfy_fct ---> is called @Line: 360!
E/        (   89): <Client> _hndlr_x_mtkpbctrl_nfy_fct ---> is called @Line: 360!
E/        (   89): <Client> _hndlr_x_mtkpbctrl_nfy_fct ---> is called @Line: 360!
E/        (   89): <Client> _hndlr_x_mtkpbctrl_nfy_fct ---> is called @Line: 360!
E/        (   89): <Client> _hndlr_x_mtkpbctrl_nfy_fct ---> is called @Line: 360!
D/Playlist(   89): [popMoniterEvent][1380]-------
D/Playlist(   89): PlaylistPlayer::popMoniterEvent wakeup with event size:1
D/Playlist(   89): 
E/        (   89): <Client> _hndlr_x_mtkpbctrl_nfy_fct ---> is called @Line: 360!
D/dalvikvm(  604): GC_CONCURRENT freed 450K, 14% free 5728K/6599K, paused 1ms+1ms
E/        (   89): <Client> _hndlr_x_mtkpbctrl_nfy_fct ---> is called @Line: 360!
E/        (   89): <Client> _hndlr_x_mtkpbctrl_nfy_fct ---> is called @Line: 360!
D/dalvikvm(  604): GC_CONCURRENT freed 453K, 14% free 5728K/6599K, paused 1ms+1ms
E/        (   89): <Client> _hndlr_x_mtkpbctrl_nfy_fct ---> is called @Line: 360!
E/        (   89): <Client> _hndlr_x_mtkpbctrl_nfy_fct ---> is called @Line: 360!
D/Playlist(   89): [popMoniterEvent][1380]-------
D/Playlist(   89): PlaylistPlayer::popMoniterEvent wakeup with event size:1
D/Playlist(   89): 
V/MediaPlayer(  754): getCurrentPosition
V/MediaPlayerService(   89): getCurrentPosition
I/        (   89): CmpbHttpLiveStreaming::getCurrentPosition!
I/        (   89): CmpbHttpLiveStreaming::getCurrentPosition(return 1530500) exit!
V/MediaPlayerService(   89): [6] getCurrentPosition = 1530500
E/        (   89): <Client> _hndlr_x_mtkpbctrl_nfy_fct ---> is called @Line: 360!
E/        (   89): <Client> _hndlr_x_mtkpbctrl_nfy_fct ---> is called @Line: 360!
E/        (   89): <Client> _hndlr_x_mtkpbctrl_nfy_fct ---> is called @Line: 360!
D/dalvikvm(  604): GC_CONCURRENT freed 453K, 14% free 5728K/6599K, paused 1ms+1ms
E/        (   89): <Client> _hndlr_x_mtkpbctrl_nfy_fct ---> is called @Line: 360!
E/        (   89): <Client> _hndlr_x_mtkpbctrl_nfy_fct ---> is called @Line: 360!
D/Playlist(   89): [popMoniterEvent][1380]-------
D/Playlist(   89): PlaylistPlayer::popMoniterEvent wakeup with event size:1
D/Playlist(   89): 
E/        (   89): <Client> _hndlr_x_mtkpbctrl_nfy_fct ---> is called @Line: 360!
D/dalvikvm(  604): GC_CONCURRENT freed 450K, 14% free 5728K/6599K, paused 1ms+2ms
D/HomePlayerLib(  604): hostaddress count is 1
D/dalvikvm(  604): GC_CONCURRENT freed 496K, 14% free 5736K/6599K, paused 1ms+2ms
E/        (   89): <Client> _hndlr_x_mtkpbctrl_nfy_fct ---> is called @Line: 360!
D/dalvikvm(  604): GC_CONCURRENT freed 518K, 10% free 5947K/6599K, paused 1ms+1ms
E/        (   89): <Client> _hndlr_x_mtkpbctrl_nfy_fct ---> is called @Line: 360!
E/        (   89): <Client> _hndlr_x_mtkpbctrl_nfy_fct ---> is called @Line: 360!
E/        (   89): <Client> _hndlr_x_mtkpbctrl_nfy_fct ---> is called @Line: 360!
D/Playlist(   89): [popMoniterEvent][1380]-------
D/Playlist(   89): PlaylistPlayer::popMoniterEvent wakeup with event size:1
D/Playlist(   89): 
D/dalvikvm(  604): GC_CONCURRENT freed 718K, 14% free 5736K/6599K, paused 1ms+1ms
V/MediaPlayer(  754): getCurrentPosition
V/MediaPlayerService(   89): getCurrentPosition
I/        (   89): CmpbHttpLiveStreaming::getCurrentPosition!
I/        (   89): CmpbHttpLiveStreaming::getCurrentPosition(return 1531500) exit!
V/MediaPlayerService(   89): [6] getCurrentPosition = 1531500
E/        (   89): <Client> _hndlr_x_mtkpbctrl_nfy_fct ---> is called @Line: 360!
D/dalvikvm(  604): GC_CONCURRENT freed 482K, 14% free 5731K/6599K, paused 1ms+1ms
E/        (   89): <Client> _hndlr_x_mtkpbctrl_nfy_fct ---> is called @Line: 360!
E/        (   89): <Client> _hndlr_x_mtkpbctrl_nfy_fct ---> is called @Line: 360!
D/dalvikvm(  604): GC_CONCURRENT freed 461K, 14% free 5733K/6599K, paused 1ms+1ms
E/        (   89): <Client> _hndlr_x_mtkpbctrl_nfy_fct ---> is called @Line: 360!
E/        (   89): <Client> _hndlr_x_mtkpbctrl_nfy_fct ---> is called @Line: 360!
D/Playlist(   89): [popMoniterEvent][1380]-------
D/Playlist(   89): PlaylistPlayer::popMoniterEvent wakeup with event size:1
D/Playlist(   89): 
E/        (   89): <Client> _hndlr_x_mtkpbctrl_nfy_fct ---> is called @Line: 360!
D/dalvikvm(  604): GC_CONCURRENT freed 457K, 14% free 5728K/6599K, paused 1ms+1ms
E/        (   89): <Client> _hndlr_x_mtkpbctrl_nfy_fct ---> is called @Line: 360!
E/        (   89): <Client> _hndlr_x_mtkpbctrl_nfy_fct ---> is called @Line: 360!
D/dalvikvm(  604): GC_CONCURRENT freed 451K, 14% free 5728K/6599K, paused 1ms+1ms
E/        (   89): <Client> _hndlr_x_mtkpbctrl_nfy_fct ---> is called @Line: 360!
E/        (   89): <Client> _hndlr_x_mtkpbctrl_nfy_fct ---> is called @Line: 360!
D/Playlist(   89): [popMoniterEvent][1380]-------
D/Playlist(   89): PlaylistPlayer::popMoniterEvent wakeup with event size:1
D/Playlist(   89): 
V/MediaPlayer(  754): getCurrentPosition
V/MediaPlayerService(   89): getCurrentPosition
I/        (   89): CmpbHttpLiveStreaming::getCurrentPosition!
I/        (   89): CmpbHttpLiveStreaming::getCurrentPosition(return 1532500) exit!
V/MediaPlayerService(   89): [6] getCurrentPosition = 1532500
E/        (   89): <Client> _hndlr_x_mtkpbctrl_nfy_fct ---> is called @Line: 360!
D/dalvikvm(  604): GC_CONCURRENT freed 453K, 14% free 5728K/6599K, paused 1ms+1ms
E/        (   89): <Client> _hndlr_x_mtkpbctrl_nfy_fct ---> is called @Line: 360!
E/        (   89): <Client> _hndlr_x_mtkpbctrl_nfy_fct ---> is called @Line: 360!
D/dalvikvm(  604): GC_CONCURRENT freed 450K, 14% free 5728K/6599K, paused 1ms+1ms
E/        (   89): <Client> _hndlr_x_mtkpbctrl_nfy_fct ---> is called @Line: 360!
E/        (   89): <Client> _hndlr_x_mtkpbctrl_nfy_fct ---> is called @Line: 360!
D/Playlist(   89): [popMoniterEvent][1380]-------
D/Playlist(   89): PlaylistPlayer::popMoniterEvent wakeup with event size:1
D/Playlist(   89): 
D/dalvikvm(  604): GC_CONCURRENT freed 451K, 14% free 5728K/6599K, paused 1ms+1ms
E/        (   89): <Client> _hndlr_x_mtkpbctrl_nfy_fct ---> is called @Line: 360!
E/        (   89): <Client> _hndlr_x_mtkpbctrl_nfy_fct ---> is called @Line: 360!
E/        (   89): <Client> _hndlr_x_mtkpbctrl_nfy_fct ---> is called @Line: 360!
D/dalvikvm(  604): GC_CONCURRENT freed 452K, 14% free 5728K/6599K, paused 1ms+1ms
E/        (   89): <Client> _hndlr_x_mtkpbctrl_nfy_fct ---> is called @Line: 360!
E/        (   89): <Client> _hndlr_x_mtkpbctrl_nfy_fct ---> is called @Line: 360!
D/Playlist(   89): [popMoniterEvent][1380]-------
D/Playlist(   89): PlaylistPlayer::popMoniterEvent wakeup with event size:1
D/Playlist(   89): 
V/MediaPlayer(  754): getCurrentPosition
V/MediaPlayerService(   89): getCurrentPosition
I/        (   89): CmpbHttpLiveStreaming::getCurrentPosition!
I/        (   89): CmpbHttpLiveStreaming::getCurrentPosition(return 1533500) exit!
V/MediaPlayerService(   89): [6] getCurrentPosition = 1533500
D/dalvikvm(  604): GC_CONCURRENT freed 452K, 14% free 5728K/6599K, paused 1ms+1ms
E/        (   89): <Client> _hndlr_x_mtkpbctrl_nfy_fct ---> is called @Line: 360!
E/        (   89): <Client> _hndlr_x_mtkpbctrl_nfy_fct ---> is called @Line: 360!
E/        (   89): <Client> _hndlr_x_mtkpbctrl_nfy_fct ---> is called @Line: 360!
E/        (   89): <Client> _hndlr_x_mtkpbctrl_nfy_fct ---> is called @Line: 360!
E/        (   89): <Client> _hndlr_x_mtkpbctrl_nfy_fct ---> is called @Line: 360!
D/Playlist(   89): [popMoniterEvent][1380]-------
D/Playlist(   89): PlaylistPlayer::popMoniterEvent wakeup with event size:1
D/Playlist(   89): 
E/        (   89): <Client> _hndlr_x_mtkpbctrl_nfy_fct ---> is called @Line: 360!
E/        (   89): <Client> _hndlr_x_mtkpbctrl_nfy_fct ---> is called @Line: 360!
E/        (   89): <Client> _hndlr_x_mtkpbctrl_nfy_fct ---> is called @Line: 360!
E/        (   89): <Client> _hndlr_x_mtkpbctrl_nfy_fct ---> is called @Line: 360!
E/        (   89): <Client> _hndlr_x_mtkpbctrl_nfy_fct ---> is called @Line: 360!
V/MediaPlayer(  754): getCurrentPosition
V/MediaPlayerService(   89): getCurrentPosition
I/        (   89): CmpbHttpLiveStreaming::getCurrentPosition!
I/        (   89): CmpbHttpLiveStreaming::getCurrentPosition(return 1534000) exit!
V/MediaPlayerService(   89): [6] getCurrentPosition = 1534000
D/Playlist(   89): [popMoniterEvent][1380]-------
D/Playlist(   89): PlaylistPlayer::popMoniterEvent wakeup with event size:1
D/Playlist(   89): 
E/        (   89): <Client> _hndlr_x_mtkpbctrl_nfy_fct ---> is called @Line: 360!
E/        (   89): <Client> _hndlr_x_mtkpbctrl_nfy_fct ---> is called @Line: 360!
E/        (   89): <Client> _hndlr_x_mtkpbctrl_nfy_fct ---> is called @Line: 360!
E/        (   89): <Client> _hndlr_x_mtkpbctrl_nfy_fct ---> is called @Line: 360!
E/        (   89): <Client> _hndlr_x_mtkpbctrl_nfy_fct ---> is called @Line: 360!
D/Playlist(   89): [popMoniterEvent][1380]-------
D/Playlist(   89): PlaylistPlayer::popMoniterEvent wakeup with event size:1
D/Playlist(   89): 
E/        (   89): <Client> _hndlr_x_mtkpbctrl_nfy_fct ---> is called @Line: 360!
E/        (   89): <Client> _hndlr_x_mtkpbctrl_nfy_fct ---> is called @Line: 360!
E/        (   89): <Client> _hndlr_x_mtkpbctrl_nfy_fct ---> is called @Line: 360!
E/        (   89): <Client> _hndlr_x_mtkpbctrl_nfy_fct ---> is called @Line: 360!
V/MediaPlayer(  754): getCurrentPosition
V/MediaPlayerService(   89): getCurrentPosition
I/        (   89): CmpbHttpLiveStreaming::getCurrentPosition!
I/        (   89): CmpbHttpLiveStreaming::getCurrentPosition(return 1535000) exit!
V/MediaPlayerService(   89): [6] getCurrentPosition = 1535000
E/        (   89): <Client> _hndlr_x_mtkpbctrl_nfy_fct ---> is called @Line: 360!
D/Playlist(   89): [popMoniterEvent][1380]-------
D/Playlist(   89): PlaylistPlayer::popMoniterEvent wakeup with event size:1
D/Playlist(   89): 
E/        (   89): <Client> _hndlr_x_mtkpbctrl_nfy_fct ---> is called @Line: 360!
E/        (   89): <Client> _hndlr_x_mtkpbctrl_nfy_fct ---> is called @Line: 360!
E/        (   89): <Client> _hndlr_x_mtkpbctrl_nfy_fct ---> is called @Line: 360!
E/        (   89): <Client> _hndlr_x_mtkpbctrl_nfy_fct ---> is called @Line: 360!
E/        (   89): <Client> _hndlr_x_mtkpbctrl_nfy_fct ---> is called @Line: 360!
D/Playlist(   89): [popMoniterEvent][1380]-------
D/Playlist(   89): PlaylistPlayer::popMoniterEvent wakeup with event size:1
D/Playlist(   89): 
E/        (   89): <Client> _hndlr_x_mtkpbctrl_nfy_fct ---> is called @Line: 360!
E/        (   89): <Client> _hndlr_x_mtkpbctrl_nfy_fct ---> is called @Line: 360!
E/        (   89): <Client> _hndlr_x_mtkpbctrl_nfy_fct ---> is called @Line: 360!
E/        (   89): <Client> _hndlr_x_mtkpbctrl_nfy_fct ---> is called @Line: 360!
V/MediaPlayer(  754): getCurrentPosition
V/MediaPlayerService(   89): getCurrentPosition
I/        (   89): CmpbHttpLiveStreaming::getCurrentPosition!
I/        (   89): CmpbHttpLiveStreaming::getCurrentPosition(return 1536000) exit!
V/MediaPlayerService(   89): [6] getCurrentPosition = 1536000
E/        (   89): <Client> _hndlr_x_mtkpbctrl_nfy_fct ---> is called @Line: 360!
D/Playlist(   89): [popMoniterEvent][1380]-------
D/Playlist(   89): PlaylistPlayer::popMoniterEvent wakeup with event size:1
D/Playlist(   89): 
E/        (   89): <Client> _hndlr_x_mtkpbctrl_nfy_fct ---> is called @Line: 360!
E/        (   89): <Client> _hndlr_x_mtkpbctrl_nfy_fct ---> is called @Line: 360!
E/        (   89): <Client> _hndlr_x_mtkpbctrl_nfy_fct ---> is called @Line: 360!
E/        (   89): <Client> _hndlr_x_mtkpbctrl_nfy_fct ---> is called @Line: 360!
E/        (   89): <Client> _hndlr_x_mtkpbctrl_nfy_fct ---> is called @Line: 360!
D/Playlist(   89): [popMoniterEvent][1380]-------
D/Playlist(   89): PlaylistPlayer::popMoniterEvent wakeup with event size:1
D/Playlist(   89): 
E/        (   89): <Client> _hndlr_x_mtkpbctrl_nfy_fct ---> is called @Line: 360!
E/        (   89): <Client> _hndlr_x_mtkpbctrl_nfy_fct ---> is called @Line: 360!
E/        (   89): <Client> _hndlr_x_mtkpbctrl_nfy_fct ---> is called @Line: 360!
E/        (   89): <Client> _hndlr_x_mtkpbctrl_nfy_fct ---> is called @Line: 360!
V/MediaPlayer(  754): getCurrentPosition
V/MediaPlayerService(   89): getCurrentPosition
I/        (   89): CmpbHttpLiveStreaming::getCurrentPosition!
I/        (   89): CmpbHttpLiveStreaming::getCurrentPosition(return 1537000) exit!
V/MediaPlayerService(   89): [6] getCurrentPosition = 1537000
E/        (   89): <Client> _hndlr_x_mtkpbctrl_nfy_fct ---> is called @Line: 360!
D/Playlist(   89): [popMoniterEvent][1380]-------
D/Playlist(   89): PlaylistPlayer::popMoniterEvent wakeup with event size:1
D/Playlist(   89): 
E/        (   89): <Client> _hndlr_x_mtkpbctrl_nfy_fct ---> is called @Line: 360!
E/        (   89): <Client> _hndlr_x_mtkpbctrl_nfy_fct ---> is called @Line: 360!
E/        (   89): <Client> _hndlr_x_mtkpbctrl_nfy_fct ---> is called @Line: 360!
E/        (   89): <Client> _hndlr_x_mtkpbctrl_nfy_fct ---> is called @Line: 360!
E/        (   89): <Client> _hndlr_x_mtkpbctrl_nfy_fct ---> is called @Line: 360!
D/Playlist(   89): [popMoniterEvent][1380]-------
D/Playlist(   89): PlaylistPlayer::popMoniterEvent wakeup with event size:1
D/Playlist(   89): 
E/        (   89): <Client> _hndlr_x_mtkpbctrl_nfy_fct ---> is called @Line: 360!
E/        (   89): <Client> _hndlr_x_mtkpbctrl_nfy_fct ---> is called @Line: 360!
E/        (   89): <Client> _hndlr_x_mtkpbctrl_nfy_fct ---> is called @Line: 360!
E/        (   89): <Client> _hndlr_x_mtkpbctrl_nfy_fct ---> is called @Line: 360!
V/MediaPlayer(  754): getCurrentPosition
V/MediaPlayerService(   89): getCurrentPosition
I/        (   89): CmpbHttpLiveStreaming::getCurrentPosition!
I/        (   89): CmpbHttpLiveStreaming::getCurrentPosition(return 1538000) exit!
V/MediaPlayerService(   89): [6] getCurrentPosition = 1538000
E/        (   89): <Client> _hndlr_x_mtkpbctrl_nfy_fct ---> is called @Line: 360!
D/Playlist(   89): [popMoniterEvent][1380]-------
D/Playlist(   89): PlaylistPlayer::popMoniterEvent wakeup with event size:1
D/Playlist(   89): 
E/        (   89): <Client> _hndlr_x_mtkpbctrl_nfy_fct ---> is called @Line: 360!
E/        (   89): <Client> _hndlr_x_mtkpbctrl_nfy_fct ---> is called @Line: 360!
E/        (   89): <Client> _hndlr_x_mtkpbctrl_nfy_fct ---> is called @Line: 360!
E/        (   89): <Client> _hndlr_x_mtkpbctrl_nfy_fct ---> is called @Line: 360!
E/        (   89): <Client> _hndlr_x_mtkpbctrl_nfy_fct ---> is called @Line: 360!
D/Playlist(   89): [popMoniterEvent][1380]-------
D/Playlist(   89): PlaylistPlayer::popMoniterEvent wakeup with event size:1
D/Playlist(   89): 
E/        (   89): <Client> _hndlr_x_mtkpbctrl_nfy_fct ---> is called @Line: 360!
E/        (   89): <Client> _hndlr_x_mtkpbctrl_nfy_fct ---> is called @Line: 360!
E/        (   89): <Client> _hndlr_x_mtkpbctrl_nfy_fct ---> is called @Line: 360!
E/        (   89): <Client> _hndlr_x_mtkpbctrl_nfy_fct ---> is called @Line: 360!
V/MediaPlayer(  754): getCurrentPosition
V/MediaPlayerService(   89): getCurrentPosition
I/        (   89): CmpbHttpLiveStreaming::getCurrentPosition!
I/        (   89): CmpbHttpLiveStreaming::getCurrentPosition(return 1539000) exit!
V/MediaPlayerService(   89): [6] getCurrentPosition = 1539000
E/        (   89): <Client> _hndlr_x_mtkpbctrl_nfy_fct ---> is called @Line: 360!
D/Playlist(   89): [popMoniterEvent][1380]-------
D/Playlist(   89): PlaylistPlayer::popMoniterEvent wakeup with event size:1
D/Playlist(   89): 
E/        (   89): <Client> _hndlr_x_mtkpbctrl_nfy_fct ---> is called @Line: 360!
E/        (   89): <Client> _hndlr_x_mtkpbctrl_nfy_fct ---> is called @Line: 360!
E/        (   89): <Client> _hndlr_x_mtkpbctrl_nfy_fct ---> is called @Line: 360!
D/NetworkStats(  149): problem reading network stats
E/        (   89): <Client> _hndlr_x_mtkpbctrl_nfy_fct ---> is called @Line: 360!
E/        (   89): <Client> _hndlr_x_mtkpbctrl_nfy_fct ---> is called @Line: 360!
D/Playlist(   89): [popMoniterEvent][1380]-------
D/Playlist(   89): PlaylistPlayer::popMoniterEvent wakeup with event size:1
D/Playlist(   89): 
E/        (   89): <Client> _hndlr_x_mtkpbctrl_nfy_fct ---> is called @Line: 360!
E/        (   89): <Client> _hndlr_x_mtkpbctrl_nfy_fct ---> is called @Line: 360!
E/        (   89): <Client> _hndlr_x_mtkpbctrl_nfy_fct ---> is called @Line: 360!
E/        (   89): <Client> _hndlr_x_mtkpbctrl_nfy_fct ---> is called @Line: 360!
V/MediaPlayer(  754): getCurrentPosition
V/MediaPlayerService(   89): getCurrentPosition
I/        (   89): CmpbHttpLiveStreaming::getCurrentPosition!
I/        (   89): CmpbHttpLiveStreaming::getCurrentPosition(return 1540000) exit!
V/MediaPlayerService(   89): [6] getCurrentPosition = 1540000
E/        (   89): <Client> _hndlr_x_mtkpbctrl_nfy_fct ---> is called @Line: 360!
D/Playlist(   89): [popMoniterEvent][1380]-------
D/Playlist(   89): PlaylistPlayer::popMoniterEvent wakeup with event size:1
D/Playlist(   89): 
E/        (   89): <Client> _hndlr_x_mtkpbctrl_nfy_fct ---> is called @Line: 360!
E/        (   89): <Client> _hndlr_x_mtkpbctrl_nfy_fct ---> is called @Line: 360!
E/        (   89): <Client> _hndlr_x_mtkpbctrl_nfy_fct ---> is called @Line: 360!
E/        (   89): <Client> _hndlr_x_mtkpbctrl_nfy_fct ---> is called @Line: 360!
E/        (   89): <Client> _hndlr_x_mtkpbctrl_nfy_fct ---> is called @Line: 360!
D/Playlist(   89): [popMoniterEvent][1380]-------
D/Playlist(   89): PlaylistPlayer::popMoniterEvent wakeup with event size:1
D/Playlist(   89): 
E/        (   89): <Client> _hndlr_x_mtkpbctrl_nfy_fct ---> is called @Line: 360!
D/dalvikvm(  604): GC_CONCURRENT freed 451K, 14% free 5728K/6599K, paused 1ms+2ms
E/        (   89): <Client> _hndlr_x_mtkpbctrl_nfy_fct ---> is called @Line: 360!
E/        (   89): <Client> _hndlr_x_mtkpbctrl_nfy_fct ---> is called @Line: 360!
E/        (   89): <Client> _hndlr_x_mtkpbctrl_nfy_fct ---> is called @Line: 360!
D/dalvikvm(  604): GC_CONCURRENT freed 452K, 14% free 5728K/6599K, paused 1ms+1ms
V/MediaPlayer(  754): getCurrentPosition
V/MediaPlayerService(   89): getCurrentPosition
I/        (   89): CmpbHttpLiveStreaming::getCurrentPosition!
I/        (   89): CmpbHttpLiveStreaming::getCurrentPosition(return 1541000) exit!
V/MediaPlayerService(   89): [6] getCurrentPosition = 1541000
E/        (   89): <Client> _hndlr_x_mtkpbctrl_nfy_fct ---> is called @Line: 360!
D/Playlist(   89): [popMoniterEvent][1380]-------
D/Playlist(   89): PlaylistPlayer::popMoniterEvent wakeup with event size:1
D/Playlist(   89): 
E/        (   89): <Client> _hndlr_x_mtkpbctrl_nfy_fct ---> is called @Line: 360!
D/dalvikvm(  604): GC_CONCURRENT freed 453K, 14% free 5728K/6599K, paused 2ms+1ms
E/        (   89): <Client> _hndlr_x_mtkpbctrl_nfy_fct ---> is called @Line: 360!
E/        (   89): <Client> _hndlr_x_mtkpbctrl_nfy_fct ---> is called @Line: 360!
D/HomePlayerLib(  604): hostaddress count is 1
D/dalvikvm(  604): GC_CONCURRENT freed 497K, 14% free 5736K/6599K, paused 1ms+1ms
E/        (   89): <Client> _hndlr_x_mtkpbctrl_nfy_fct ---> is called @Line: 360!
E/        (   89): <Client> _hndlr_x_mtkpbctrl_nfy_fct ---> is called @Line: 360!
D/Playlist(   89): [popMoniterEvent][1380]-------
D/Playlist(   89): PlaylistPlayer::popMoniterEvent wakeup with event size:1
D/Playlist(   89): 
D/dalvikvm(  604): GC_CONCURRENT freed 505K, 14% free 5739K/6599K, paused 1ms+2ms
E/        (   89): <Client> _hndlr_x_mtkpbctrl_nfy_fct ---> is called @Line: 360!
E/        (   89): <Client> _hndlr_x_mtkpbctrl_nfy_fct ---> is called @Line: 360!
D/dalvikvm(  604): GC_CONCURRENT freed 508K, 14% free 5739K/6599K, paused 1ms+1ms
E/        (   89): <Client> _hndlr_x_mtkpbctrl_nfy_fct ---> is called @Line: 360!
E/        (   89): <Client> _hndlr_x_mtkpbctrl_nfy_fct ---> is called @Line: 360!
D/dalvikvm(  604): GC_CONCURRENT freed 440K, 10% free 5954K/6599K, paused 1ms+1ms
V/MediaPlayer(  754): getCurrentPosition
V/MediaPlayerService(   89): getCurrentPosition
I/        (   89): CmpbHttpLiveStreaming::getCurrentPosition!
I/        (   89): CmpbHttpLiveStreaming::getCurrentPosition(return 1542000) exit!
V/MediaPlayerService(   89): [6] getCurrentPosition = 1542000
E/        (   89): <Client> _hndlr_x_mtkpbctrl_nfy_fct ---> is called @Line: 360!
D/Playlist(   89): [popMoniterEvent][1380]-------
D/Playlist(   89): PlaylistPlayer::popMoniterEvent wakeup with event size:1
D/Playlist(   89): 
E/        (   89): <Client> _hndlr_x_mtkpbctrl_nfy_fct ---> is called @Line: 360!
D/dalvikvm(  604): GC_CONCURRENT freed 710K, 14% free 5735K/6599K, paused 1ms+1ms
E/        (   89): <Client> _hndlr_x_mtkpbctrl_nfy_fct ---> is called @Line: 360!
E/        (   89): <Client> _hndlr_x_mtkpbctrl_nfy_fct ---> is called @Line: 360!
D/dalvikvm(  604): GC_CONCURRENT freed 464K, 14% free 5733K/6599K, paused 2ms+1ms
E/        (   89): <Client> _hndlr_x_mtkpbctrl_nfy_fct ---> is called @Line: 360!
E/        (   89): <Client> _hndlr_x_mtkpbctrl_nfy_fct ---> is called @Line: 360!
D/Playlist(   89): [popMoniterEvent][1380]-------
D/Playlist(   89): PlaylistPlayer::popMoniterEvent wakeup with event size:1
D/Playlist(   89): 
E/        (   89): <Client> _hndlr_x_mtkpbctrl_nfy_fct ---> is called @Line: 360!
D/dalvikvm(  604): GC_CONCURRENT freed 459K, 14% free 5728K/6599K, paused 1ms+1ms
E/        (   89): <Client> _hndlr_x_mtkpbctrl_nfy_fct ---> is called @Line: 360!
E/        (   89): <Client> _hndlr_x_mtkpbctrl_nfy_fct ---> is called @Line: 360!
D/dalvikvm(  604): GC_CONCURRENT freed 453K, 14% free 5728K/6599K, paused 2ms+1ms
E/        (   89): <Client> _hndlr_x_mtkpbctrl_nfy_fct ---> is called @Line: 360!
V/MediaPlayer(  754): getCurrentPosition
V/MediaPlayerService(   89): getCurrentPosition
I/        (   89): CmpbHttpLiveStreaming::getCurrentPosition!
I/        (   89): CmpbHttpLiveStreaming::getCurrentPosition(return 1543000) exit!
V/MediaPlayerService(   89): [6] getCurrentPosition = 1543000
E/        (   89): <Client> _hndlr_x_mtkpbctrl_nfy_fct ---> is called @Line: 360!
D/Playlist(   89): [popMoniterEvent][1380]-------
D/Playlist(   89): PlaylistPlayer::popMoniterEvent wakeup with event size:1
D/Playlist(   89): 
E/        (   89): <Client> _hndlr_x_mtkpbctrl_nfy_fct ---> is called @Line: 360!
E/        (   89): <Client> _hndlr_x_mtkpbctrl_nfy_fct ---> is called @Line: 360!
E/        (   89): <Client> _hndlr_x_mtkpbctrl_nfy_fct ---> is called @Line: 360!
E/        (   89): <Client> _hndlr_x_mtkpbctrl_nfy_fct ---> is called @Line: 360!
E/        (   89): <Client> _hndlr_x_mtkpbctrl_nfy_fct ---> is called @Line: 360!
D/Playlist(   89): [popMoniterEvent][1380]-------
