I//lib/ld-linux.so.3(  748): FrmCnt:122(0,0,0) Rate:25 Sys:197251 STC:604627 VPTS:604600 APTS:604642 Delay:13(40) V:0 A:129 VES:0x3dd070 AES:0x8010 PCM:0x4b000 AudioErr:0x0
D/dalvikvm( 1344): GC_CONCURRENT freed 394K, 78% free 1304K/5891K, paused 1ms+1ms
D/DataSource_M3U8(  744): u32HLSSreamNum[0]===>u32BandWidth:1433000 
D/DataSource_M3U8(  744): getHLSPlayListInex  DownloadBandWidth:24219498   uInDex=0
D/DataSource_M3U8(  744): [M3U8] checkShouldStartNext :[11](1786188/1786188)   sequence:0  start next:12  
D/DataSource_M3U8(  744): 
D/DataSource_M3U8(  744): 
D/DataSource_M3U8(  744): 
D/DataSource_M3U8(  744): [M3U8]-7----->This :0x25130 --> post cmd for start next url:http://cibn-iss1.longvisionmedia.com:8088/vod/CIBN2013_CIBN2013040701173549_1433/15.ts, knowedFileSize:0, mCurDowningIndex:11
D/DataSource_M3U8(  744): 
D/DataSource_M3U8(  744): 
D/Downloader(  744): [downloadThread]Downloader::removeTask  
D/Downloader(  744): [downloadThread]StartTask:url :http://cibn-iss1.longvisionmedia.com:8088/vod/CIBN2013_CIBN2013040701173549_1433/15.ts
D/Downloader(  744): [downloadThread]task have range string:0- 
D/Downloader(  744): header_callback : -->HTTP/1.0 206 Partial Content
D/Downloader(  744): 
D/Downloader(  744): header_callback : -->Server: nginx/1.2.2
D/Downloader(  744): 
D/Downloader(  744): header_callback : -->Date: Mon, 15 Apr 2013 08:46:16 GMT
D/Downloader(  744): 
D/Downloader(  744): header_callback : -->Content-Type: application/octet-stream
D/Downloader(  744): 
D/Downloader(  744): header_callback : -->Expires: Tue, 15 Apr 2014 08:46:16 GMT
D/Downloader(  744): 
D/Downloader(  744): header_callback : -->Powered-By-ChinaCache: HIT from CHN-NT-3-3FC
D/Downloader(  744): 
D/Downloader(  744): header_callback : -->Content-Range: bytes 0-1303591/1303592
D/Downloader(  744): 
D/Downloader(  744): header_callback : -->Content-Length: 1303592
D/Downloader(  744): 
D/Downloader(  744): header_callback : -->Age: 2651317
D/Downloader(  744): 
D/Downloader(  744): header_callback : -->Powered-By-ChinaCache: HIT from CHN-DG-4-35I
D/Downloader(  744): 
D/Downloader(  744): header_callback : -->Connection: keep-alive
D/Downloader(  744): 
D/Downloader(  744): header_callback : -->
D/Downloader(  744): 
D/dalvikvm( 1344): GC_CONCURRENT freed 389K, 78% free 1318K/5891K, paused 3ms+3ms
D/HomePlayerLib( 1344): hostaddress count is 2
D/dalvikvm( 1344): GC_CONCURRENT freed 406K, 77% free 1400K/5891K, paused 2ms+2ms
D/dalvikvm( 1344): GC_CONCURRENT freed 490K, 77% free 1399K/5891K, paused 1ms+4ms
D/dalvikvm( 1344): GC_CONCURRENT freed 488K, 76% free 1418K/5891K, paused 1ms+1ms
D/dalvikvm( 1344): GC_CONCURRENT freed 489K, 78% free 1351K/5891K, paused 1ms+1ms
D/dalvikvm( 1344): GC_CONCURRENT freed 422K, 76% free 1419K/5891K, paused 1ms+1ms
D/Downloader(  744): Downloadserver bandWidth:19714056
D/Downloader(  744): Downloadserver bandWidth:19714056
D/Downloader(  744): Downloadserver bandWidth:19714056
D/Downloader(  744): Downloadserver bandWidth:19714056
D/dalvikvm( 1344): GC_CONCURRENT freed 502K, 76% free 1415K/5891K, paused 1ms+1ms
D/dalvikvm( 1344): GC_CONCURRENT freed 486K, 77% free 1400K/5891K, paused 1ms+1ms
D/dalvikvm( 1344): GC_CONCURRENT freed 482K, 76% free 1431K/5891K, paused 1ms+1ms
D/dalvikvm( 1344): GC_CONCURRENT freed 505K, 78% free 1344K/5891K, paused 1ms+1ms
D/dalvikvm( 1344): GC_CONCURRENT freed 433K, 78% free 1324K/5891K, paused 1ms+1ms
D/DataSource_M3U8(  744): u32HLSSreamNum[0]===>u32BandWidth:1433000 
D/DataSource_M3U8(  744): getHLSPlayListInex  DownloadBandWidth:19714056   uInDex=0
D/DataSource_M3U8(  744): [M3U8] checkShouldStartNext :[12](1303592/1303592)   sequence:0  start next:13  
D/DataSource_M3U8(  744): 
D/DataSource_M3U8(  744): 
D/DataSource_M3U8(  744): 
D/DataSource_M3U8(  744): [M3U8]-7----->This :0x25130 --> post cmd for start next url:http://cibn-iss1.longvisionmedia.com:8088/vod/CIBN2013_CIBN2013040701173549_1433/16.ts, knowedFileSize:0, mCurDowningIndex:12
D/DataSource_M3U8(  744): 
D/DataSource_M3U8(  744): 
D/Downloader(  744): [downloadThread]Downloader::removeTask  
D/Downloader(  744): [downloadThread]StartTask:url :http://cibn-iss1.longvisionmedia.com:8088/vod/CIBN2013_CIBN2013040701173549_1433/16.ts
D/Downloader(  744): [downloadThread]task have range string:0- 
D/Downloader(  744): header_callback : -->HTTP/1.0 206 Partial Content
D/Downloader(  744): 
D/Downloader(  744): header_callback : -->Server: nginx/1.2.2
D/Downloader(  744): 
D/Downloader(  744): header_callback : -->Date: Mon, 15 Apr 2013 08:46:22 GMT
D/Downloader(  744): 
D/Downloader(  744): header_callback : -->Content-Type: application/octet-stream
D/Downloader(  744): 
D/Downloader(  744): header_callback : -->Expires: Tue, 15 Apr 2014 08:46:22 GMT
D/Downloader(  744): 
D/Downloader(  744): header_callback : -->Powered-By-ChinaCache: HIT from CHN-BI-3-3n4
D/Downloader(  744): 
D/Downloader(  744): header_callback : -->Content-Range: bytes 0-2198283/2198284
D/Downloader(  744): 
D/Downloader(  744): header_callback : -->Content-Length: 2198284
D/Downloader(  744): 
D/Downloader(  744): header_callback : -->Age: 2651312
D/Downloader(  744): 
D/Downloader(  744): header_callback : -->Powered-By-ChinaCache: HIT from CHN-DG-4-35I
D/Downloader(  744): 
D/Downloader(  744): header_callback : -->Connection: keep-alive
D/Downloader(  744): 
D/Downloader(  744): header_callback : -->
D/Downloader(  744): 
D/dalvikvm( 1344): GC_CONCURRENT freed 400K, 76% free 1420K/5891K, paused 1ms+1ms
D/dalvikvm( 1344): GC_CONCURRENT freed 489K, 77% free 1401K/5891K, paused 1ms+1ms
D/dalvikvm( 1344): GC_CONCURRENT freed 472K, 77% free 1368K/5891K, paused 1ms+1ms
I//lib/ld-linux.so.3(  748): FrmCnt:159(0,0,0) Rate:24 Sys:198761 STC:606138 VPTS:606080 APTS:606150 Delay:-18(40) V:0 A:130 VES:0x3e86e0 AES:0x8000 PCM:0x4b380 AudioErr:0x0
D/dalvikvm( 1344): GC_CONCURRENT freed 444K, 76% free 1417K/5891K, paused 1ms+2ms
D/dalvikvm( 1344): GC_CONCURRENT freed 489K, 76% free 1418K/5891K, paused 1ms+1ms
D/Downloader(  744): Downloadserver bandWidth:23669275
D/Downloader(  744): Downloadserver bandWidth:23669275
D/Downloader(  744): Downloadserver bandWidth:23669275
D/Downloader(  744): Downloadserver bandWidth:23669275
D/dalvikvm( 1344): GC_CONCURRENT freed 487K, 77% free 1365K/5891K, paused 1ms+1ms
D/dalvikvm( 1344): GC_CONCURRENT freed 447K, 76% free 1416K/5891K, paused 0ms+1ms
D/DataSource_M3U8(  744): u32HLSSreamNum[0]===>u32BandWidth:1433000 
D/DataSource_M3U8(  744): getHLSPlayListInex  DownloadBandWidth:23669275   uInDex=0
D/DataSource_M3U8(  744): [M3U8] checkShouldStartNext :[13](2198284/2198284)   sequence:0  start next:14  
D/DataSource_M3U8(  744): 
D/DataSource_M3U8(  744): 
D/DataSource_M3U8(  744): 
D/DataSource_M3U8(  744): [M3U8]-7----->This :0x25130 --> post cmd for start next url:http://cibn-iss1.longvisionmedia.com:8088/vod/CIBN2013_CIBN2013040701173549_1433/17.ts, knowedFileSize:0, mCurDowningIndex:13
D/DataSource_M3U8(  744): 
D/DataSource_M3U8(  744): 
D/Downloader(  744): [downloadThread]Downloader::removeTask  
D/Downloader(  744): [downloadThread]StartTask:url :http://cibn-iss1.longvisionmedia.com:8088/vod/CIBN2013_CIBN2013040701173549_1433/17.ts
D/Downloader(  744): [downloadThread]task have range string:0- 
D/MediaPlayerService(  744): [2] notify (0x23ce0, 3, 5, 0)
D/Downloader(  744): header_callback : -->HTTP/1.0 206 Partial Content
D/Downloader(  744): 
D/Downloader(  744): header_callback : -->Server: nginx/1.2.2
D/Downloader(  744): 
D/Downloader(  744): header_callback : -->Date: Tue, 23 Apr 2013 09:32:44 GMT
D/Downloader(  744): 
D/Downloader(  744): header_callback : -->Content-Type: application/octet-stream
D/Downloader(  744): 
D/Downloader(  744): header_callback : -->Expires: Wed, 23 Apr 2014 09:32:44 GMT
D/Downloader(  744): 
D/Downloader(  744): header_callback : -->Powered-By-ChinaCache: HIT from CHN-NT-3-3FC
D/Downloader(  744): 
D/Downloader(  744): header_callback : -->Content-Range: bytes 0-1712115/1712116
D/Downloader(  744): 
D/Downloader(  744): header_callback : -->Content-Length: 1712116
D/Downloader(  744): 
D/Downloader(  744): header_callback : -->Age: 1957331
D/Downloader(  744): 
D/Downloader(  744): header_callback : -->Powered-By-ChinaCache: HIT from CHN-DG-4-35I
D/Downloader(  744): 
D/Downloader(  744): header_callback : -->Connection: keep-alive
D/Downloader(  744): 
D/Downloader(  744): header_callback : -->
D/Downloader(  744): 
D/dalvikvm( 1344): GC_CONCURRENT freed 489K, 76% free 1439K/5891K, paused 1ms+1ms
D/dalvikvm( 1344): GC_CONCURRENT freed 514K, 78% free 1323K/5891K, paused 1ms+2ms
D/Downloader(  744): Downloadserver bandWidth:33244970
D/Downloader(  744): Downloadserver bandWidth:33244970
D/Downloader(  744): Downloadserver bandWidth:33244970
D/Downloader(  744): Downloadserver bandWidth:33244970
D/DataSource_M3U8(  744): u32HLSSreamNum[0]===>u32BandWidth:1433000 
D/DataSource_M3U8(  744): getHLSPlayListInex  DownloadBandWidth:33244970   uInDex=0
D/DataSource_M3U8(  744): [M3U8] checkShouldStartNext :[14](1712116/1712116)   sequence:0  start next:15  
D/DataSource_M3U8(  744): 
D/DataSource_M3U8(  744): 
D/DataSource_M3U8(  744): 
D/DataSource_M3U8(  744): [M3U8]-7----->This :0x25130 --> post cmd for start next url:http://cibn-iss1.longvisionmedia.com:8088/vod/CIBN2013_CIBN2013040701173549_1433/19.ts, knowedFileSize:0, mCurDowningIndex:14
D/DataSource_M3U8(  744): 
D/DataSource_M3U8(  744): 
D/Downloader(  744): [downloadThread]Downloader::removeTask  
D/Downloader(  744): [downloadThread]StartTask:url :http://cibn-iss1.longvisionmedia.com:8088/vod/CIBN2013_CIBN2013040701173549_1433/19.ts
D/Downloader(  744): [downloadThread]task have range string:0- 
D/Downloader(  744): header_callback : -->HTTP/1.0 206 Partial Content
D/Downloader(  744): 
D/Downloader(  744): header_callback : -->Server: nginx/1.2.2
D/Downloader(  744): 
D/Downloader(  744): header_callback : -->Date: Mon, 15 Apr 2013 08:46:42 GMT
D/Downloader(  744): 
D/Downloader(  744): header_callback : -->Content-Type: application/octet-stream
D/Downloader(  744): 
D/Downloader(  744): header_callback : -->Expires: Tue, 15 Apr 2014 08:46:42 GMT
D/Downloader(  744): 
D/Downloader(  744): header_callback : -->Powered-By-ChinaCache: HIT from CHN-NT-3-3FC
D/Downloader(  744): 
D/Downloader(  744): header_callback : -->Content-Range: bytes 0-2847071/2847072
D/Downloader(  744): 
D/Downloader(  744): header_callback : -->Content-Length: 2847072
D/Downloader(  744): 
D/Downloader(  744): header_callback : -->Age: 2651294
D/Downloader(  744): 
D/Downloader(  744): header_callback : -->Powered-By-ChinaCache: HIT from CHN-DG-4-35I
D/Downloader(  744): 
D/Downloader(  744): header_callback : -->Connection: keep-alive
D/Downloader(  744): 
D/Downloader(  744): header_callback : -->
D/Downloader(  744): 
D/dalvikvm( 1344): GC_CONCURRENT freed 405K, 76% free 1414K/5891K, paused 1ms+1ms
D/dalvikvm( 1344): GC_CONCURRENT freed 490K, 76% free 1414K/5891K, paused 1ms+1ms
I//lib/ld-linux.so.3(  748): FrmCnt:197(0,0,0) Rate:25 Sys:200263 STC:607640 VPTS:607600 APTS:607653 Delay:0(40) V:0 A:130 VES:0x3f0050 AES:0x8000 PCM:0x4bd00 AudioErr:0x0
D/dalvikvm( 1344): GC_CONCURRENT freed 502K, 78% free 1336K/5891K, paused 1ms+1ms
D/Downloader(  744): Downloadserver bandWidth:36153295
D/Downloader(  744): Downloadserver bandWidth:36096000
D/Downloader(  744): Downloadserver bandWidth:36096000
D/Downloader(  744): Downloadserver bandWidth:36096000
D/DataSource_M3U8(  744): u32HLSSreamNum[0]===>u32BandWidth:1433000 
D/DataSource_M3U8(  744): getHLSPlayListInex  DownloadBandWidth:36096000   uInDex=0
D/DataSource_M3U8(  744): [M3U8] checkShouldStartNext :[15](2847072/2847072)   sequence:0  start next:16  
D/DataSource_M3U8(  744): 
D/DataSource_M3U8(  744): 
D/DataSource_M3U8(  744): 
D/DataSource_M3U8(  744): [M3U8]-7----->This :0x25130 --> post cmd for start next url:http://cibn-iss1.longvisionmedia.com:8088/vod/CIBN2013_CIBN2013040701173549_1433/21.ts, knowedFileSize:0, mCurDowningIndex:15
D/DataSource_M3U8(  744): 
D/DataSource_M3U8(  744): 
D/Downloader(  744): [downloadThread]Downloader::removeTask  
D/Downloader(  744): [downloadThread]StartTask:url :http://cibn-iss1.longvisionmedia.com:8088/vod/CIBN2013_CIBN2013040701173549_1433/21.ts
D/Downloader(  744): [downloadThread]task have range string:0- 
D/Downloader(  744): header_callback : -->HTTP/1.0 206 Partial Content
D/Downloader(  744): 
D/Downloader(  744): header_callback : -->Server: nginx/1.2.2
D/Downloader(  744): 
D/Downloader(  744): header_callback : -->Date: Mon, 15 Apr 2013 08:46:55 GMT
D/Downloader(  744): 
D/Downloader(  744): header_callback : -->Content-Type: application/octet-stream
D/Downloader(  744): 
D/Downloader(  744): header_callback : -->Expires: Tue, 15 Apr 2014 08:46:55 GMT
D/Downloader(  744): 
D/Downloader(  744): header_callback : -->Powered-By-ChinaCache: HIT from CHN-BI-3-3n4
D/Downloader(  744): 
D/Downloader(  744): header_callback : -->Content-Range: bytes 0-1323143/1323144
D/Downloader(  744): 
D/Downloader(  744): header_callback : -->Content-Length: 1323144
D/Downloader(  744): 
D/Downloader(  744): header_callback : -->Age: 2651282
D/Downloader(  744): 
D/Downloader(  744): header_callback : -->Powered-By-ChinaCache: HIT from CHN-DG-4-35I
D/Downloader(  744): 
D/Downloader(  744): header_callback : -->Connection: keep-alive
D/Downloader(  744): 
D/Downloader(  744): header_callback : -->
D/Downloader(  744): 
D/Downloader(  744): Downloadserver bandWidth:24616632
D/Downloader(  744): Downloadserver bandWidth:24559517
D/Downloader(  744): Downloadserver bandWidth:24559517
D/Downloader(  744): Downloadserver bandWidth:24559517
D/DataSource_M3U8(  744): u32HLSSreamNum[0]===>u32BandWidth:1433000 
D/DataSource_M3U8(  744): getHLSPlayListInex  DownloadBandWidth:24559517   uInDex=0
D/DataSource_M3U8(  744): [M3U8] checkShouldStartNext :[16](1323144/1323144)   sequence:0  start next:17  
D/DataSource_M3U8(  744): 
D/DataSource_M3U8(  744): 
D/DataSource_M3U8(  744): 
D/DataSource_M3U8(  744): [M3U8]-7----->This :0x25130 --> post cmd for start next url:http://cibn-iss1.longvisionmedia.com:8088/vod/CIBN2013_CIBN2013040701173549_1433/22.ts, knowedFileSize:0, mCurDowningIndex:16
D/DataSource_M3U8(  744): 
D/DataSource_M3U8(  744): 
D/Downloader(  744): [downloadThread]Downloader::removeTask  
D/Downloader(  744): [downloadThread]StartTask:url :http://cibn-iss1.longvisionmedia.com:8088/vod/CIBN2013_CIBN2013040701173549_1433/22.ts
D/Downloader(  744): [downloadThread]task have range string:0- 
D/MediaPlayerService(  744): [2] notify (0x23ce0, 3, 6, 0)
D/Downloader(  744): header_callback : -->HTTP/1.0 206 Partial Content
D/Downloader(  744): 
D/Downloader(  744): header_callback : -->Server: nginx/1.2.2
D/Downloader(  744): 
D/Downloader(  744): header_callback : -->Date: Mon, 15 Apr 2013 08:47:01 GMT
D/Downloader(  744): 
D/Downloader(  744): header_callback : -->Content-Type: application/octet-stream
D/Downloader(  744): 
D/Downloader(  744): header_callback : -->Expires: Tue, 15 Apr 2014 08:47:01 GMT
D/Downloader(  744): 
D/Downloader(  744): header_callback : -->Powered-By-ChinaCache: HIT from CHN-NT-3-3FC
D/Downloader(  744): 
D/Downloader(  744): header_callback : -->Content-Range: bytes 0-1022343/1022344
D/Downloader(  744): 
D/Downloader(  744): header_callback : -->Content-Length: 1022344
D/Downloader(  744): 
D/Downloader(  744): header_callback : -->Age: 2651276
D/Downloader(  744): 
D/Downloader(  744): header_callback : -->Powered-By-ChinaCache: HIT from CHN-DG-4-35I
D/Downloader(  744): 
D/Downloader(  744): header_callback : -->Connection: keep-alive
D/Downloader(  744): 
D/Downloader(  744): header_callback : -->
D/Downloader(  744): 
D/Downloader(  744): Downloadserver bandWidth:30291674
D/Downloader(  744): Downloadserver bandWidth:30291674
D/Downloader(  744): Downloadserver bandWidth:30291674
D/Downloader(  744): Downloadserver bandWidth:30291674
I//lib/ld-linux.so.3(  748): FrmCnt:234(0,0,0) Rate:24 Sys:201764 STC:609141 VPTS:609080 APTS:609156 Delay:-21(40) V:0 A:129 VES:0x4035e0 AES:0x8010 PCM:0x4b680 AudioErr:0x0
I//lib/ld-linux.so.3(  748): FrmCnt:273(0,0,0) Rate:25 Sys:203295 STC:610672 VPTS:610640 APTS:610686 Delay:8(40) V:1 A:130 VES:0x3f09d0 AES:0x8000 PCM:0x4b800 AudioErr:0x0
D/dalvikvm( 1344): GC_CONCURRENT freed 412K, 78% free 1315K/5891K, paused 1ms+1ms
D/dalvikvm( 1344): GC_CONCURRENT freed 392K, 77% free 1413K/5891K, paused 1ms+1ms
D/dalvikvm( 1344): GC_CONCURRENT freed 501K, 77% free 1413K/5891K, paused 1ms+1ms
D/DataSource_M3U8(  744): u32HLSSreamNum[0]===>u32BandWidth:1433000 
D/DataSource_M3U8(  744): getHLSPlayListInex  DownloadBandWidth:30291674   uInDex=0
D/DataSource_M3U8(  744): [M3U8] checkShouldStartNext :[17](1022344/1022344)   sequence:0  start next:18  
D/DataSource_M3U8(  744): 
D/DataSource_M3U8(  744): 
D/DataSource_M3U8(  744): 
D/DataSource_M3U8(  744): [M3U8]-7----->This :0x25130 --> post cmd for start next url:http://cibn-iss1.longvisionmedia.com:8088/vod/CIBN2013_CIBN2013040701173549_1433/23.ts, knowedFileSize:0, mCurDowningIndex:17
D/DataSource_M3U8(  744): 
D/DataSource_M3U8(  744): 
D/Downloader(  744): [downloadThread]Downloader::removeTask  
D/Downloader(  744): [downloadThread]StartTask:url :http://cibn-iss1.longvisionmedia.com:8088/vod/CIBN2013_CIBN2013040701173549_1433/23.ts
D/Downloader(  744): [downloadThread]task have range string:0- 
D/Downloader(  744): header_callback : -->HTTP/1.0 206 Partial Content
D/Downloader(  744): 
D/Downloader(  744): header_callback : -->Server: nginx/1.2.2
D/Downloader(  744): 
D/Downloader(  744): header_callback : -->Date: Tue, 23 Apr 2013 09:33:00 GMT
D/Downloader(  744): 
D/Downloader(  744): header_callback : -->Content-Type: application/octet-stream
D/Downloader(  744): 
D/Downloader(  744): header_callback : -->Expires: Wed, 23 Apr 2014 09:33:00 GMT
D/Downloader(  744): 
D/Downloader(  744): header_callback : -->Powered-By-ChinaCache: HIT from CHN-NT-3-3FC
D/Downloader(  744): 
D/Downloader(  744): header_callback : -->Content-Range: bytes 0-1960087/1960088
D/Downloader(  744): 
D/Downloader(  744): header_callback : -->Content-Length: 1960088
D/Downloader(  744): 
D/Downloader(  744): header_callback : -->Age: 1957320
D/Downloader(  744): 
D/Downloader(  744): header_callback : -->Powered-By-ChinaCache: HIT from CHN-DG-4-35I
D/Downloader(  744): 
D/Downloader(  744): header_callback : -->Connection: keep-alive
D/Downloader(  744): 
D/Downloader(  744): header_callback : -->
D/Downloader(  744): 
D/dalvikvm( 1344): GC_CONCURRENT freed 498K, 76% free 1415K/5891K, paused 1ms+2ms
D/dalvikvm( 1344): GC_CONCURRENT freed 491K, 77% free 1401K/5891K, paused 2ms+1ms
I//lib/ld-linux.so.3(  748): FrmCnt:311(0,0,0) Rate:24 Sys:204832 STC:612209 VPTS:612160 APTS:612221 Delay:-8(40) V:1 A:130 VES:0x3ecac0 AES:0x8010 PCM:0x4b980 AudioErr:0x0
D/Downloader(  744): Downloadserver bandWidth:35882617
D/Downloader(  744): Downloadserver bandWidth:35882617
D/Downloader(  744): Downloadserver bandWidth:35882617
D/Downloader(  744): Downloadserver bandWidth:35882617
D/dalvikvm( 1344): GC_CONCURRENT freed 473K, 77% free 1364K/5891K, paused 1ms+1ms
D/dalvikvm( 1344): GC_CONCURRENT freed 443K, 76% free 1430K/5891K, paused 1ms+2ms
D/dalvikvm( 1344): GC_CONCURRENT freed 517K, 77% free 1413K/5891K, paused 1ms+1ms
D/dalvikvm( 1344): GC_CONCURRENT freed 488K, 78% free 1318K/5891K, paused 1ms+2ms
I//lib/ld-linux.so.3(  748): FrmCnt:350(0,0,0) Rate:25 Sys:206366 STC:613743 VPTS:613720 APTS:613758 Delay:17(40) V:0 A:129 VES:0x3f22b0 AES:0x7fd0 PCM:0x4ba80 AudioErr:0x0
I//lib/ld-linux.so.3(  748): FrmCnt:388(0,0,0) Rate:24 Sys:207895 STC:615272 VPTS:615240 APTS:615278 Delay:8(40) V:0 A:129 VES:0x404160 AES:0x8000 PCM:0x4b200 AudioErr:0x0
D/dalvikvm( 1344): GC_CONCURRENT freed 403K, 78% free 1305K/5891K, paused 1ms+1ms
D/dalvikvm( 1344): GC_CONCURRENT freed 395K, 78% free 1328K/5891K, paused 1ms+1ms
D/dalvikvm( 1344): GC_CONCURRENT freed 406K, 78% free 1317K/5891K, paused 2ms+2ms
D/dalvikvm( 1344): GC_CONCURRENT freed 393K, 78% free 1317K/5891K, paused 1ms+2ms
D/dalvikvm( 1344): GC_CONCURRENT freed 393K, 78% free 1316K/5891K, paused 2ms+1ms
D/dalvikvm( 1344): GC_CONCURRENT freed 393K, 77% free 1404K/5891K, paused 1ms+1ms
D/dalvikvm( 1344): GC_CONCURRENT freed 480K, 76% free 1422K/5891K, paused 1ms+1ms
D/HomePlayerLib( 1344): hostaddress count is 2
D/dalvikvm( 1344): GC_CONCURRENT freed 498K, 77% free 1401K/5891K, paused 0ms+1ms
I//lib/ld-linux.so.3(  748): FrmCnt:426(0,0,0) Rate:24 Sys:209435 STC:616812 VPTS:616760 APTS:616827 Delay:-12(40) V:0 A:130 VES:0x410990 AES:0x7fa0 PCM:0x4bd80 AudioErr:0x0
D/dalvikvm( 1344): GC_CONCURRENT freed 486K, 76% free 1426K/5891K, paused 1ms+1ms
D/dalvikvm( 1344): GC_CONCURRENT freed 519K, 77% free 1396K/5891K, paused 2ms+1ms
D/dalvikvm( 1344): GC_CONCURRENT freed 460K, 77% free 1384K/5891K, paused 1ms+1ms
D/dalvikvm( 1344): GC_CONCURRENT freed 465K, 76% free 1414K/5891K, paused 1ms+1ms
D/dalvikvm( 1344): GC_CONCURRENT freed 476K, 76% free 1435K/5891K, paused 1ms+2ms
D/dalvikvm( 1344): GC_CONCURRENT freed 504K, 78% free 1326K/5891K, paused 2ms+1ms
D/dalvikvm( 1344): GC_CONCURRENT freed 404K, 76% free 1418K/5891K, paused 2ms+2ms
D/dalvikvm( 1344): GC_CONCURRENT freed 487K, 76% free 1414K/5891K, paused 2ms+1ms
D/dalvikvm( 1344): GC_CONCURRENT freed 466K, 76% free 1459K/5891K, paused 0ms+2ms
D/dalvikvm( 1344): GC_CONCURRENT freed 546K, 76% free 1418K/5891K, paused 1ms+1ms
D/dalvikvm( 1344): GC_CONCURRENT freed 488K, 76% free 1422K/5891K, paused 1ms+2ms
D/dalvikvm( 1344): GC_CONCURRENT freed 496K, 76% free 1445K/5891K, paused 1ms+1ms
D/dalvikvm( 1344): GC_CONCURRENT freed 517K, 76% free 1419K/5891K, paused 1ms+1ms
I//lib/ld-linux.so.3(  748): FrmCnt:465(0,0,0) Rate:25 Sys:210974 STC:618351 VPTS:618320 APTS:618366 Delay:9(40) V:0 A:130 VES:0x3f49f0 AES:0x8010 PCM:0x4b900 AudioErr:0x0
D/dalvikvm( 1344): GC_CONCURRENT freed 487K, 78% free 1324K/5891K, paused 1ms+1ms
D/dalvikvm( 1344): GC_CONCURRENT freed 405K, 76% free 1414K/5891K, paused 2ms+1ms
D/dalvikvm( 1344): GC_CONCURRENT freed 488K, 76% free 1414K/5891K, paused 1ms+1ms
D/dalvikvm( 1344): GC_CONCURRENT freed 502K, 78% free 1336K/5891K, paused 1ms+1ms
D/dalvikvm( 1344): GC_CONCURRENT freed 418K, 77% free 1397K/5891K, paused 1ms+1ms
D/dalvikvm( 1344): GC_CONCURRENT freed 477K, 77% free 1386K/5891K, paused 1ms+2ms
I//lib/ld-linux.so.3(  748): FrmCnt:503(0,0,0) Rate:24 Sys:212505 STC:619882 VPTS:619840 APTS:619893 Delay:-2(40) V:0 A:130 VES:0x3c8980 AES:0x8020 PCM:0x4b080 AudioErr:0x0
D/CheckNetWork( 1659): isOk true
D/CheckNetWork( 1659): ActInfoNetworkInfo: type: ETH[], state: CONNECTED/CONNECTED, reason: (unspecified), extra: (none), roaming: false, failover: false, isAvailable: true
D/PushMsgCenter( 1627): mDownUpRun run while (true)
D/PushMsgCenter( 1627): down  
D/CheckNetWork( 1659): infoNetworkInfo: type: ETH[], state: CONNECTED/CONNECTED, reason: (unspecified), extra: (none), roaming: false, failover: false, isAvailable: true
D/PushMsgCenter( 1627): down conn.getResponseCode() status = 404
D/DataSource_M3U8(  744): u32HLSSreamNum[0]===>u32BandWidth:1433000 
D/DataSource_M3U8(  744): getHLSPlayListInex  DownloadBandWidth:35882617   uInDex=0
D/DataSource_M3U8(  744): [M3U8] checkShouldStartNext :[18](1960088/1960088)   sequence:0  start next:19  
D/DataSource_M3U8(  744): 
D/DataSource_M3U8(  744): 
D/DataSource_M3U8(  744): 
D/DataSource_M3U8(  744): [M3U8]-7----->This :0x25130 --> post cmd for start next url:http://cibn-iss1.longvisionmedia.com:8088/vod/CIBN2013_CIBN2013040701173549_1433/24.ts, knowedFileSize:0, mCurDowningIndex:18
D/DataSource_M3U8(  744): 
D/DataSource_M3U8(  744): 
D/Downloader(  744): [downloadThread]Downloader::removeTask  
D/Downloader(  744): [downloadThread]StartTask:url :http://cibn-iss1.longvisionmedia.com:8088/vod/CIBN2013_CIBN2013040701173549_1433/24.ts
D/Downloader(  744): [downloadThread]task have range string:0- 
D/Downloader(  744): header_callback : -->HTTP/1.0 206 Partial Content
D/Downloader(  744): 
D/Downloader(  744): header_callback : -->Server: nginx/1.2.2
D/Downloader(  744): 
D/Downloader(  744): header_callback : -->Date: Tue, 23 Apr 2013 09:33:06 GMT
D/Downloader(  744): 
D/Downloader(  744): header_callback : -->Content-Type: application/octet-stream
D/Downloader(  744): 
D/Downloader(  744): header_callback : -->Expires: Wed, 23 Apr 2014 09:33:06 GMT
D/Downloader(  744): 
D/Downloader(  744): header_callback : -->Powered-By-ChinaCache: HIT from CHN-BI-3-3n4
D/Downloader(  744): 
D/Downloader(  744): header_callback : -->Content-Range: bytes 0-722483/722484
D/Downloader(  744): 
D/Downloader(  744): header_callback : -->Content-Length: 722484
D/Downloader(  744): 
D/Downloader(  744): header_callback : -->Age: 1957324
D/Downloader(  744): 
D/Downloader(  744): header_callback : -->Powered-By-ChinaCache: HIT from CHN-DG-4-35I
D/Downloader(  744): 
D/Downloader(  744): header_callback : -->Connection: keep-alive
D/Downloader(  744): 
D/Downloader(  744): header_callback : -->
D/Downloader(  744): 
I//lib/ld-linux.so.3(  748): FrmCnt:541(0,0,0) Rate:24 Sys:214030 STC:621407 VPTS:621360 APTS:621421 Delay:-7(40) V:0 A:130 VES:0x3c8f70 AES:0x8000 PCM:0x4b800 AudioErr:0x0
D/Downloader(  744): Downloadserver bandWidth:43133373
D/Downloader(  744): Downloadserver bandWidth:43133373
D/Downloader(  744): Downloadserver bandWidth:43133373
D/Downloader(  744): Downloadserver bandWidth:42813866
D/dalvikvm( 1344): GC_CONCURRENT freed 473K, 77% free 1377K/5891K, paused 2ms+1ms
D/dalvikvm( 1344): GC_CONCURRENT freed 456K, 78% free 1334K/5891K, paused 1ms+1ms
D/dalvikvm( 1344): GC_CONCURRENT freed 409K, 78% free 1317K/5891K, paused 1ms+1ms
I//lib/ld-linux.so.3(  748): FrmCnt:579(0,0,0) Rate:24 Sys:215557 STC:622934 VPTS:622880 APTS:622942 Delay:-14(40) V:0 A:129 VES:0x3cc480 AES:0x7f70 PCM:0x4af80 AudioErr:0x0
D/dalvikvm( 1344): GC_CONCURRENT freed 392K, 78% free 1317K/5891K, paused 1ms+1ms
D/dalvikvm( 1344): GC_CONCURRENT freed 392K, 78% free 1316K/5891K, paused 1ms+1ms
D/dalvikvm( 1344): GC_CONCURRENT freed 393K, 76% free 1440K/5891K, paused 1ms+1ms
D/dalvikvm( 1344): GC_CONCURRENT freed 523K, 78% free 1315K/5891K, paused 1ms+1ms
D/dalvikvm( 1344): GC_CONCURRENT freed 436K, 77% free 1387K/5891K, paused 1ms+1ms
D/dalvikvm( 1235): GC_CONCURRENT freed 403K, 71% free 1756K/5955K, paused 1ms+4ms
I/CheckinService( 1235): Preparing to send checkin request
I/EventLogService( 1235): Accumulating logs since 1368666867352
W/CheckinRequestBuilder( 1235): Unknown phone type: 0 id=null
I/CheckinTask( 1235): Sending checkin request (1017 bytes)
D/dalvikvm( 1344): GC_CONCURRENT freed 474K, 76% free 1417K/5891K, paused 1ms+1ms
D/dalvikvm( 1344): GC_CONCURRENT freed 496K, 77% free 1389K/5891K, paused 1ms+1ms
D/dalvikvm( 1235): GC_CONCURRENT freed 390K, 71% free 1752K/5955K, paused 2ms+2ms
E/CheckinTask( 1235): Checkin failed: https://android.clients.google.com/checkin (request #0)
E/CheckinTask( 1235): java.io.IOException: Rejected response from server: HTTP/1.1 400 invalid hardware identifier: "000000000000" is not a valid MAC address (expect 12 hex digits)
E/CheckinTask( 1235):   at com.google.android.gsf.checkin.CheckinTask.parseResponse(CheckinTask.java:313)
E/CheckinTask( 1235):   at com.google.android.gsf.checkin.CheckinTask.sendRequest(CheckinTask.java:261)
E/CheckinTask( 1235):   at com.google.android.gsf.checkin.CheckinTask.doInBackground(CheckinTask.java:150)
E/CheckinTask( 1235):   at com.google.android.gsf.checkin.CheckinService$1.doInBackground(CheckinService.java:221)
E/CheckinTask( 1235):   at com.google.android.gsf.checkin.CheckinService$1.doInBackground(CheckinService.java:214)
E/CheckinTask( 1235):   at android.os.AsyncTask$2.call(AsyncTask.java:264)
E/CheckinTask( 1235):   at java.util.concurrent.FutureTask$Sync.innerRun(FutureTask.java:305)
E/CheckinTask( 1235):   at java.util.concurrent.FutureTask.run(FutureTask.java:137)
E/CheckinTask( 1235):   at java.util.concurrent.ThreadPoolExecutor.runWorker(ThreadPoolExecutor.java:1076)
E/CheckinTask( 1235):   at java.util.concurrent.ThreadPoolExecutor$Worker.run(ThreadPoolExecutor.java:569)
E/CheckinTask( 1235):   at java.lang.Thread.run(Thread.java:856)
D/dalvikvm( 1344): GC_CONCURRENT freed 478K, 78% free 1305K/5891K, paused 1ms+1ms
I//lib/ld-linux.so.3(  748): FrmCnt:617(0,0,0) Rate:24 Sys:217093 STC:624470 VPTS:624440 APTS:624489 Delay:10(40) V:0 A:130 VES:0x3d7f40 AES:0x8020 PCM:0x4ba80 AudioErr:0x0
D/dalvikvm( 1344): GC_CONCURRENT freed 395K, 78% free 1313K/5891K, paused 2ms+1ms
D/dalvikvm( 1344): GC_CONCURRENT freed 393K, 76% free 1417K/5891K, paused 1ms+1ms
D/dalvikvm( 1344): GC_CONCURRENT freed 503K, 77% free 1408K/5891K, paused 1ms+1ms
D/dalvikvm( 1344): GC_CONCURRENT freed 483K, 77% free 1401K/5891K, paused 1ms+1ms
D/DataSource_M3U8(  744): u32HLSSreamNum[0]===>u32BandWidth:1433000 
D/DataSource_M3U8(  744): getHLSPlayListInex  DownloadBandWidth:42813866   uInDex=0
D/DataSource_M3U8(  744): [M3U8] checkShouldStartNext :[19](722484/722484)   sequence:0  start next:20  
D/DataSource_M3U8(  744): 
D/DataSource_M3U8(  744): 
D/DataSource_M3U8(  744): 
D/DataSource_M3U8(  744): [M3U8]-7----->This :0x25130 --> post cmd for start next url:http://cibn-iss1.longvisionmedia.com:8088/vod/CIBN2013_CIBN2013040701173549_1433/25.ts, knowedFileSize:0, mCurDowningIndex:19
D/DataSource_M3U8(  744): 
D/DataSource_M3U8(  744): 
D/Downloader(  744): [downloadThread]Downloader::removeTask  
D/Downloader(  744): [downloadThread]StartTask:url :http://cibn-iss1.longvisionmedia.com:8088/vod/CIBN2013_CIBN2013040701173549_1433/25.ts
D/Downloader(  744): [downloadThread]task have range string:0- 
D/dalvikvm( 1344): GC_CONCURRENT freed 474K, 78% free 1318K/5891K, paused 1ms+1ms
D/Downloader(  744): header_callback : -->HTTP/1.0 206 Partial Content
D/Downloader(  744): 
D/Downloader(  744): header_callback : -->Server: nginx/1.2.2
D/Downloader(  744): 
D/Downloader(  744): header_callback : -->Date: Fri, 26 Apr 2013 01:13:10 GMT
D/Downloader(  744): 
D/Downloader(  744): header_callback : -->Content-Type: application/octet-stream
D/Downloader(  744): 
D/Downloader(  744): header_callback : -->Powered-By-ChinaCache: MISS from CHN-NT-3-3FC
D/Downloader(  744): 
D/Downloader(  744): header_callback : -->Expires: Sat, 26 Apr 2014 01:13:10 GMT
D/Downloader(  744): 
D/Downloader(  744): header_callback : -->Content-Range: bytes 0-1687675/1687676
D/Downloader(  744): 
D/Downloader(  744): header_callback : -->Content-Length: 1687676
D/Downloader(  744): 
D/Downloader(  744): header_callback : -->Age: 1728124
D/Downloader(  744): 
D/Downloader(  744): header_callback : -->Powered-By-ChinaCache: HIT from CHN-DG-4-35I
D/Downloader(  744): 
D/Downloader(  744): header_callback : -->Connection: keep-alive
D/Downloader(  744): 
D/Downloader(  744): header_callback : -->
D/Downloader(  744): 
D/dalvikvm( 1344): GC_CONCURRENT freed 394K, 78% free 1322K/5891K, paused 2ms+2ms
D/Downloader(  744): Downloadserver bandWidth:50567071
D/Downloader(  744): Downloadserver bandWidth:50567071
D/Downloader(  744): Downloadserver bandWidth:50567071
D/Downloader(  744): Downloadserver bandWidth:50567071
I//lib/ld-linux.so.3(  748): FrmCnt:656(0,0,0) Rate:25 Sys:218632 STC:626008 VPTS:625960 APTS:626022 Delay:-8(40) V:0 A:129 VES:0x3da440 AES:0x8010 PCM:0x4bc00 AudioErr:0x0
D/dalvikvm( 1344): GC_CONCURRENT freed 402K, 77% free 1388K/5891K, paused 1ms+1ms
D/dalvikvm( 1344): GC_CONCURRENT freed 476K, 77% free 1412K/5891K, paused 1ms+2ms
D/DataSource_M3U8(  744): ----------UpdatePlaylistThread runing... 
D/dalvikvm( 1344): GC_CONCURRENT freed 488K, 78% free 1317K/5891K, paused 2ms+2ms
I//lib/ld-linux.so.3(  748): FrmCnt:693(0,0,0) Rate:24 Sys:220161 STC:627538 VPTS:627480 APTS:627557 Delay:-18(40) V:0 A:130 VES:0x3e9d00 AES:0x8020 PCM:0x4bd80 AudioErr:0x0
D/dalvikvm( 1344): GC_CONCURRENT freed 394K, 78% free 1322K/5891K, paused 2ms+1ms
D/dalvikvm( 1344): GC_CONCURRENT freed 404K, 76% free 1414K/5891K, paused 1ms+1ms
D/dalvikvm( 1344): GC_CONCURRENT freed 489K, 77% free 1358K/5891K, paused 1ms+1ms
D/dalvikvm( 1344): GC_CONCURRENT freed 433K, 78% free 1317K/5891K, paused 1ms+2ms
D/dalvikvm( 1344): GC_CONCURRENT freed 393K, 78% free 1318K/5891K, paused 1ms+1ms
D/HomePlayerLib( 1344): hostaddress count is 2
D/dalvikvm( 1344): GC_CONCURRENT freed 410K, 77% free 1410K/5891K, paused 1ms+1ms
D/dalvikvm( 1344): GC_CONCURRENT freed 495K, 76% free 1432K/5891K, paused 1ms+1ms
D/dalvikvm( 1344): GC_CONCURRENT freed 505K, 77% free 1390K/5891K, paused 2ms+1ms
D/dalvikvm( 1344): GC_CONCURRENT freed 479K, 78% free 1303K/5891K, paused 1ms+1ms
D/dalvikvm( 1344): GC_CONCURRENT freed 379K, 76% free 1416K/5891K, paused 1ms+1ms
D/dalvikvm( 1344): GC_CONCURRENT freed 465K, 76% free 1419K/5891K, paused 1ms+1ms
D/dalvikvm( 1344): GC_CONCURRENT freed 507K, 78% free 1316K/5891K, paused 1ms+1ms
D/dalvikvm( 1344): GC_CONCURRENT freed 400K, 76% free 1422K/5891K, paused 1ms+1ms
I//lib/ld-linux.so.3(  748): FrmCnt:733(0,0,0) Rate:26 Sys:221696 STC:629073 VPTS:629040 APTS:629093 Delay:7(40) V:0 A:129 VES:0x3f9410 AES:0x7f60 PCM:0x4af00 AudioErr:0x0
D/dalvikvm( 1344): GC_CONCURRENT freed 503K, 78% free 1314K/5891K, paused 1ms+1ms
D/dalvikvm( 1344): GC_CONCURRENT freed 381K, 78% free 1340K/5891K, paused 1ms+1ms
D/dalvikvm( 1344): GC_CONCURRENT freed 427K, 78% free 1297K/5891K, paused 1ms+1ms
D/dalvikvm( 1344): GC_CONCURRENT freed 380K, 78% free 1342K/5891K, paused 1ms+2ms
D/dalvikvm( 1344): GC_CONCURRENT freed 403K, 77% free 1366K/5891K, paused 0ms+2ms
D/dalvikvm( 1344): GC_CONCURRENT freed 449K, 78% free 1319K/5891K, paused 1ms+2ms
D/dalvikvm( 1344): GC_CONCURRENT freed 391K, 78% free 1319K/5891K, paused 1ms+2ms
D/dalvikvm( 1344): GC_CONCURRENT freed 392K, 78% free 1321K/5891K, paused 1ms+2ms
D/dalvikvm( 1344): GC_CONCURRENT freed 405K, 78% free 1324K/5891K, paused 1ms+1ms
D/dalvikvm( 1344): GC_CONCURRENT freed 403K, 76% free 1414K/5891K, paused 1ms+1ms
D/dalvikvm( 1344): GC_CONCURRENT freed 490K, 76% free 1414K/5891K, paused 1ms+2ms
D/dalvikvm( 1344): GC_CONCURRENT freed 502K, 78% free 1336K/5891K, paused 1ms+1ms
I//lib/ld-linux.so.3(  748): FrmCnt:771(0,0,0) Rate:24 Sys:223233 STC:630610 VPTS:630560 APTS:630622 Delay:-10(40) V:0 A:130 VES:0x40f420 AES:0x8010 PCM:0x4b080 AudioErr:0x0
D/dalvikvm( 1344): GC_CONCURRENT freed 418K, 76% free 1414K/5891K, paused 1ms+1ms
I//lib/ld-linux.so.3(  748): FrmCnt:809(0,0,0) Rate:24 Sys:224759 STC:632135 VPTS:632080 APTS:632149 Delay:-15(40) V:0 A:129 VES:0x3ff070 AES:0x8010 PCM:0x4b800 AudioErr:0x0
D/DataSource_M3U8(  744): u32HLSSreamNum[0]===>u32BandWidth:1433000 
D/DataSource_M3U8(  744): getHLSPlayListInex  DownloadBandWidth:50567071   uInDex=0
D/DataSource_M3U8(  744): [M3U8] checkShouldStartNext :[20](1687676/1687676)   sequence:0  start next:21  
D/DataSource_M3U8(  744): 
D/DataSource_M3U8(  744): 
D/DataSource_M3U8(  744): 
D/DataSource_M3U8(  744): [M3U8]-7----->This :0x25130 --> post cmd for start next url:http://cibn-iss1.longvisionmedia.com:8088/vod/CIBN2013_CIBN2013040701173549_1433/26.ts, knowedFileSize:0, mCurDowningIndex:20
D/DataSource_M3U8(  744): 
D/DataSource_M3U8(  744): 
D/Downloader(  744): [downloadThread]Downloader::removeTask  
D/Downloader(  744): [downloadThread]StartTask:url :http://cibn-iss1.longvisionmedia.com:8088/vod/CIBN2013_CIBN2013040701173549_1433/26.ts
D/Downloader(  744): [downloadThread]task have range string:0- 
D/MediaPlayerService(  744): [2] notify (0x23ce0, 3, 7, 0)
D/Downloader(  744): header_callback : -->HTTP/1.0 206 Partial Content
D/Downloader(  744): 
D/Downloader(  744): header_callback : -->Server: nginx/1.2.2
D/Downloader(  744): 
D/Downloader(  744): header_callback : -->Date: Mon, 15 Apr 2013 08:47:27 GMT
D/Downloader(  744): 
D/Downloader(  744): header_callback : -->Content-Type: application/octet-stream
D/Downloader(  744): 
D/Downloader(  744): header_callback : -->Expires: Tue, 15 Apr 2014 08:47:27 GMT
D/Downloader(  744): 
D/Downloader(  744): header_callback : -->Powered-By-ChinaCache: HIT from CHN-NT-3-3FC
D/Downloader(  744): 
D/Downloader(  744): header_callback : -->Content-Range: bytes 0-898827/898828
D/Downloader(  744): 
D/Downloader(  744): header_callback : -->Content-Length: 898828
D/Downloader(  744): 
D/Downloader(  744): header_callback : -->Age: 2651274
D/Downloader(  744): 
D/Downloader(  744): header_callback : -->Powered-By-ChinaCache: HIT from CHN-DG-4-35I
D/Downloader(  744): 
D/Downloader(  744): header_callback : -->Connection: keep-alive
D/Downloader(  744): 
D/Downloader(  744): header_callback : -->
D/Downloader(  744): 
D/Downloader(  744): Downloadserver bandWidth:47306736
D/Downloader(  744): Downloadserver bandWidth:46997542
D/Downloader(  744): Downloadserver bandWidth:46997542
D/Downloader(  744): Downloadserver bandWidth:46997542
I//lib/ld-linux.so.3(  748): FrmCnt:847(0,0,0) Rate:24 Sys:226285 STC:633662 VPTS:633600 APTS:633677 Delay:-22(40) V:1 A:130 VES:0x3fe7a0 AES:0x7f60 PCM:0x4af00 AudioErr:0x0
D/dalvikvm( 1344): GC_CONCURRENT freed 489K, 76% free 1414K/5891K, paused 1ms+1ms
D/dalvikvm( 1344): GC_CONCURRENT freed 500K, 78% free 1336K/5891K, paused 1ms+1ms
D/dalvikvm( 1344): GC_CONCURRENT freed 418K, 77% free 1374K/5891K, paused 1ms+1ms
D/dalvikvm( 1344): GC_CONCURRENT freed 450K, 78% free 1316K/5891K, paused 1ms+1ms
D/dalvikvm( 1344): GC_CONCURRENT freed 394K, 77% free 1399K/5891K, paused 2ms+1ms
D/dalvikvm( 1344): GC_CONCURRENT freed 472K, 77% free 1363K/5891K, paused 1ms+1ms
D/dalvikvm( 1344): GC_CONCURRENT freed 444K, 78% free 1330K/5891K, paused 1ms+1ms
D/dalvikvm( 1344): GC_CONCURRENT freed 409K, 78% free 1318K/5891K, paused 1ms+1ms
I//lib/ld-linux.so.3(  748): FrmCnt:886(0,0,0) Rate:25 Sys:227817 STC:635194 VPTS:635160 APTS:635206 Delay:6(40) V:1 A:130 VES:0x3f7000 AES:0x8000 PCM:0x4b080 AudioErr:0x0
D/dalvikvm( 1344): GC_CONCURRENT freed 394K, 78% free 1318K/5891K, paused 1ms+1ms
D/dalvikvm( 1344): GC_CONCURRENT freed 393K, 78% free 1317K/5891K, paused 1ms+2ms
I//lib/ld-linux.so.3(  748): FrmCnt:924(0,0,0) Rate:24 Sys:229349 STC:636726 VPTS:636680 APTS:636746 Delay:-6(40) V:0 A:129 VES:0x3e33b0 AES:0x8000 PCM:0x4b200 AudioErr:0x0
D/DataSource_M3U8(  744): u32HLSSreamNum[0]===>u32BandWidth:1433000 
D/DataSource_M3U8(  744): getHLSPlayListInex  DownloadBandWidth:46997542   uInDex=0
D/DataSource_M3U8(  744): [M3U8] checkShouldStartNext :[21](898828/898828)   sequence:0  start next:22  
D/DataSource_M3U8(  744): 
D/DataSource_M3U8(  744): 
D/DataSource_M3U8(  744): 
D/DataSource_M3U8(  744): [M3U8]-7----->This :0x25130 --> post cmd for start next url:http://cibn-iss1.longvisionmedia.com:8088/vod/CIBN2013_CIBN2013040701173549_1433/27.ts, knowedFileSize:0, mCurDowningIndex:21
D/DataSource_M3U8(  744): 
D/DataSource_M3U8(  744): 
D/Downloader(  744): [downloadThread]Downloader::removeTask  
D/Downloader(  744): [downloadThread]StartTask:url :http://cibn-iss1.longvisionmedia.com:8088/vod/CIBN2013_CIBN2013040701173549_1433/27.ts
D/Downloader(  744): [downloadThread]task have range string:0- 
D/Downloader(  744): header_callback : -->HTTP/1.0 206 Partial Content
D/Downloader(  744): 
D/Downloader(  744): header_callback : -->Server: nginx/1.2.2
D/Downloader(  744): 
D/Downloader(  744): header_callback : -->Date: Mon, 15 Apr 2013 08:47:31 GMT
D/Downloader(  744): 
D/Downloader(  744): header_callback : -->Content-Type: application/octet-stream
D/Downloader(  744): 
D/Downloader(  744): header_callback : -->Expires: Tue, 15 Apr 2014 08:47:31 GMT
D/Downloader(  744): 
D/Downloader(  744): header_callback : -->Powered-By-ChinaCache: HIT from CHN-BI-3-3n4
D/Downloader(  744): 
D/Downloader(  744): header_callback : -->Content-Range: bytes 0-1729975/1729976
D/Downloader(  744): 
D/Downloader(  744): header_callback : -->Content-Length: 1729976
D/Downloader(  744): 
D/Downloader(  744): header_callback : -->Age: 2651275
D/Downloader(  744): 
D/Downloader(  744): header_callback : -->Powered-By-ChinaCache: HIT from CHN-DG-4-35I
D/Downloader(  744): 
D/Downloader(  744): header_callback : -->Connection: keep-alive
D/Downloader(  744): 
D/Downloader(  744): header_callback : -->
D/Downloader(  744): 
D/Downloader(  744): Downloadserver bandWidth:56720524
D/Downloader(  744): Downloadserver bandWidth:56720524
D/Downloader(  744): Downloadserver bandWidth:56489012
D/Downloader(  744): Downloadserver bandWidth:56489012
I//lib/ld-linux.so.3(  748): FrmCnt:962(0,0,0) Rate:24 Sys:230877 STC:638254 VPTS:638200 APTS:638270 Delay:-14(40) V:0 A:129 VES:0x3e1a10 AES:0x7fb0 PCM:0x4b980 AudioErr:0x0
D/dalvikvm( 1344): GC_CONCURRENT freed 392K, 77% free 1413K/5891K, paused 1ms+1ms
D/dalvikvm( 1344): GC_CONCURRENT freed 505K, 78% free 1310K/5891K, paused 2ms+1ms
D/dalvikvm( 1344): GC_CONCURRENT freed 385K, 77% free 1403K/5891K, paused 1ms+2ms
D/dalvikvm( 1344): GC_CONCURRENT freed 477K, 77% free 1399K/5891K, paused 1ms+1ms
D/dalvikvm( 1344): GC_CONCURRENT freed 475K, 77% free 1364K/5891K, paused 1ms+1ms
I//lib/ld-linux.so.3(  748): FrmCnt:1001(0,0,0) Rate:25 Sys:232407 STC:639784 VPTS:639760 APTS:639797 Delay:16(40) V:1 A:130 VES:0x3c9cb0 AES:0x8010 PCM:0x4b100 AudioErr:0x0
D/dalvikvm( 1344): GC_CONCURRENT freed 442K, 76% free 1471K/5891K, paused 1ms+1ms
D/dalvikvm( 1344): GC_CONCURRENT freed 561K, 78% free 1351K/5891K, paused 1ms+1ms
D/HomePlayerLib( 1344): hostaddress count is 2
D/dalvikvm( 1344): GC_CONCURRENT freed 444K, 78% free 1310K/5891K, paused 2ms+2ms
D/dalvikvm( 1344): GC_CONCURRENT freed 389K, 76% free 1415K/5891K, paused 1ms+1ms
D/dalvikvm( 1344): GC_CONCURRENT freed 479K, 75% free 1495K/5891K, paused 2ms+1ms
D/dalvikvm( 1344): GC_CONCURRENT freed 573K, 78% free 1310K/5891K, paused 1ms+1ms
D/dalvikvm( 1344): GC_CONCURRENT freed 395K, 76% free 1415K/5891K, paused 1ms+1ms
D/dalvikvm( 1344): GC_CONCURRENT freed 486K, 77% free 1404K/5891K, paused 2ms+1ms
D/dalvikvm( 1344): GC_CONCURRENT freed 485K, 76% free 1436K/5891K, paused 1ms+1ms
D/dalvikvm( 1344): GC_CONCURRENT freed 496K, 78% free 1353K/5891K, paused 1ms+2ms
D/dalvikvm( 1344): GC_CONCURRENT freed 423K, 78% free 1327K/5891K, paused 1ms+1ms
D/dalvikvm( 1344): GC_CONCURRENT freed 385K, 76% free 1450K/5891K, paused 1ms+1ms
D/dalvikvm( 1344): GC_CONCURRENT freed 520K, 76% free 1419K/5891K, paused 1ms+1ms
D/dalvikvm( 1344): GC_CONCURRENT freed 502K, 76% free 1420K/5891K, paused 1ms+1ms
I//lib/ld-linux.so.3(  748): FrmCnt:1039(0,0,0) Rate:24 Sys:233946 STC:641323 VPTS:641280 APTS:641340 Delay:-3(40) V:1 A:130 VES:0x3f17a0 AES:0x8000 PCM:0x4bc80 AudioErr:0x0
D/dalvikvm( 1344): GC_CONCURRENT freed 496K, 76% free 1419K/5891K, paused 1ms+1ms
D/dalvikvm( 1344): GC_CONCURRENT freed 490K, 77% free 1404K/5891K, paused 1ms+2ms
D/dalvikvm( 1344): GC_CONCURRENT freed 475K, 78% free 1347K/5891K, paused 2ms+1ms
D/dalvikvm( 1344): GC_CONCURRENT freed 438K, 78% free 1310K/5891K, paused 1ms+1ms
D/dalvikvm( 1344): GC_CONCURRENT freed 385K, 78% free 1333K/5891K, paused 0ms+1ms
D/dalvikvm( 1344): GC_CONCURRENT freed 423K, 77% free 1413K/5891K, paused 1ms+2ms
D/dalvikvm( 1344): GC_CONCURRENT freed 488K, 77% free 1404K/5891K, paused 2ms+2ms
D/dalvikvm( 1344): GC_CONCURRENT freed 484K, 78% free 1305K/5891K, paused 1ms+1ms
D/dalvikvm( 1344): GC_CONCURRENT freed 395K, 77% free 1412K/5891K, paused 2ms+1ms
I//lib/ld-linux.so.3(  748): FrmCnt:1077(0,0,0) Rate:24 Sys:235478 STC:642855 VPTS:642800 APTS:642870 Delay:-14(40) V:0 A:130 VES:0x410800 AES:0x7f50 PCM:0x4b580 AudioErr:0x0
D/dalvikvm( 1344): GC_CONCURRENT freed 487K, 76% free 1424K/5891K, paused 1ms+2ms
D/dalvikvm( 1344): GC_CONCURRENT freed 513K, 78% free 1299K/5891K, paused 2ms+2ms
D/dalvikvm( 1344): GC_CONCURRENT freed 377K, 77% free 1399K/5891K, paused 1ms+2ms
D/dalvikvm( 1344): GC_CONCURRENT freed 475K, 76% free 1423K/5891K, paused 1ms+1ms
D/dalvikvm( 1344): GC_CONCURRENT freed 513K, 78% free 1323K/5891K, paused 1ms+1ms
D/dalvikvm( 1344): GC_CONCURRENT freed 404K, 76% free 1430K/5891K, paused 1ms+1ms
I//lib/ld-linux.so.3(  748): FrmCnt:1116(0,0,0) Rate:25 Sys:237008 STC:644385 VPTS:644360 APTS:644400 Delay:15(40) V:0 A:130 VES:0x41b2a0 AES:0x8020 PCM:0x4b500 AudioErr:0x0
D/DataSource_M3U8(  744): u32HLSSreamNum[0]===>u32BandWidth:1433000 
D/DataSource_M3U8(  744): getHLSPlayListInex  DownloadBandWidth:56489012   uInDex=0
D/DataSource_M3U8(  744): [M3U8] checkShouldStartNext :[22](1729976/1729976)   sequence:0  start next:23  
D/DataSource_M3U8(  744): 
D/DataSource_M3U8(  744): 
D/DataSource_M3U8(  744): 
D/DataSource_M3U8(  744): [M3U8]-7----->This :0x25130 --> post cmd for start next url:http://cibn-iss1.longvisionmedia.com:8088/vod/CIBN2013_CIBN2013040701173549_1433/28.ts, knowedFileSize:0, mCurDowningIndex:22
D/DataSource_M3U8(  744): 
D/DataSource_M3U8(  744): 
D/Downloader(  744): [downloadThread]Downloader::removeTask  
D/Downloader(  744): [downloadThread]StartTask:url :http://cibn-iss1.longvisionmedia.com:8088/vod/CIBN2013_CIBN2013040701173549_1433/28.ts
D/Downloader(  744): [downloadThread]task have range string:0- 
D/Downloader(  744): header_callback : -->HTTP/1.0 206 Partial Content
D/Downloader(  744): 
D/Downloader(  744): header_callback : -->Server: nginx/1.2.2
D/Downloader(  744): 
D/Downloader(  744): header_callback : -->Date: Fri, 26 Apr 2013 01:13:18 GMT
D/Downloader(  744): 
D/Downloader(  744): header_callback : -->Content-Type: application/octet-stream
D/Downloader(  744): 
D/Downloader(  744): header_callback : -->Powered-By-ChinaCache: MISS from CHN-NT-3-3FC
D/Downloader(  744): 
D/Downloader(  744): header_callback : -->Expires: Sat, 26 Apr 2014 01:13:18 GMT
D/Downloader(  744): 
D/Downloader(  744): header_callback : -->Content-Range: bytes 0-764595/764596
D/Downloader(  744): 
D/Downloader(  744): header_callback : -->Content-Length: 764596
D/Downloader(  744): 
D/Downloader(  744): header_callback : -->Age: 1728135
D/Downloader(  744): 
D/Downloader(  744): header_callback : -->Powered-By-ChinaCache: HIT from CHN-DG-4-35I
D/Downloader(  744): 
D/Downloader(  744): header_callback : -->Connection: keep-alive
D/Downloader(  744): 
D/Downloader(  744): header_callback : -->
D/Downloader(  744): 
D/dalvikvm( 1344): GC_CONCURRENT freed 516K, 78% free 1346K/5891K, paused 1ms+1ms
D/Downloader(  744): Downloadserver bandWidth:43381333
D/Downloader(  744): Downloadserver bandWidth:43381333
D/Downloader(  744): Downloadserver bandWidth:43381333
D/Downloader(  744): Downloadserver bandWidth:43381333
D/dalvikvm( 1344): GC_CONCURRENT freed 433K, 77% free 1376K/5891K, paused 1ms+1ms
D/dalvikvm( 1344): GC_CONCURRENT freed 457K, 76% free 1415K/5891K, paused 1ms+1ms
D/dalvikvm( 1344): GC_CONCURRENT freed 491K, 76% free 1414K/5891K, paused 1ms+1ms
D/dalvikvm( 1344): GC_CONCURRENT freed 502K, 78% free 1336K/5891K, paused 1ms+1ms
I//lib/ld-linux.so.3(  748): FrmCnt:1154(0,0,0) Rate:24 Sys:238543 STC:645919 VPTS:645880 APTS:645934 Delay:1(40) V:0 A:130 VES:0x417700 AES:0x8020 PCM:0x4b680 AudioErr:0x0
D/dalvikvm( 1344): GC_CONCURRENT freed 423K, 78% free 1323K/5891K, paused 2ms+3ms
D/dalvikvm( 1344): GC_CONCURRENT freed 401K, 78% free 1318K/5891K, paused 2ms+1ms
D/dalvikvm( 1344): GC_CONCURRENT freed 393K, 78% free 1316K/5891K, paused 0ms+1ms
D/dalvikvm( 1344): GC_CONCURRENT freed 393K, 77% free 1400K/5891K, paused 1ms+1ms
D/dalvikvm( 1344): GC_CONCURRENT freed 474K, 77% free 1363K/5891K, paused 1ms+1ms
I//lib/ld-linux.so.3(  748): FrmCnt:1192(0,0,0) Rate:24 Sys:240073 STC:647449 VPTS:647400 APTS:647462 Delay:-9(40) V:0 A:129 VES:0x4092b0 AES:0x8010 PCM:0x4b800 AudioErr:0x0
D/DataSource_M3U8(  744): u32HLSSreamNum[0]===>u32BandWidth:1433000 
D/DataSource_M3U8(  744): getHLSPlayListInex  DownloadBandWidth:43381333   uInDex=0
D/DataSource_M3U8(  744): [M3U8] checkShouldStartNext :[23](764596/764596)   sequence:0  start next:24  
D/DataSource_M3U8(  744): 
D/DataSource_M3U8(  744): 
D/DataSource_M3U8(  744): 
D/DataSource_M3U8(  744): [M3U8]-7----->This :0x25130 --> post cmd for start next url:http://cibn-iss1.longvisionmedia.com:8088/vod/CIBN2013_CIBN2013040701173549_1433/29.ts, knowedFileSize:0, mCurDowningIndex:23
D/DataSource_M3U8(  744): 
D/DataSource_M3U8(  744): 
D/Downloader(  744): [downloadThread]Downloader::removeTask  
D/Downloader(  744): [downloadThread]StartTask:url :http://cibn-iss1.longvisionmedia.com:8088/vod/CIBN2013_CIBN2013040701173549_1433/29.ts
D/Downloader(  744): [downloadThread]task have range string:0- 
D/MediaPlayerService(  744): [2] notify (0x23ce0, 3, 8, 0)
D/Downloader(  744): header_callback : -->HTTP/1.0 206 Partial Content
D/Downloader(  744): 
D/Downloader(  744): header_callback : -->Server: nginx/1.2.2
D/Downloader(  744): 
D/Downloader(  744): header_callback : -->Date: Mon, 15 Apr 2013 08:47:42 GMT
D/Downloader(  744): 
D/Downloader(  744): header_callback : -->Content-Type: application/octet-stream
D/Downloader(  744): 
D/Downloader(  744): header_callback : -->Expires: Tue, 15 Apr 2014 08:47:42 GMT
D/Downloader(  744): 
D/Downloader(  744): header_callback : -->Powered-By-ChinaCache: HIT from CHN-BI-3-3n4
D/Downloader(  744): 
D/Downloader(  744): header_callback : -->Content-Range: bytes 0-970079/970080
D/Downloader(  744): 
D/Downloader(  744): header_callback : -->Content-Length: 970080
D/Downloader(  744): 
D/Downloader(  744): header_callback : -->Age: 2651275
D/Downloader(  744): 
D/Downloader(  744): header_callback : -->Powered-By-ChinaCache: HIT from CHN-DG-4-35I
D/Downloader(  744): 
D/Downloader(  744): header_callback : -->Connection: keep-alive
D/Downloader(  744): 
D/Downloader(  744): header_callback : -->
D/Downloader(  744): 
D/Downloader(  744): Downloadserver bandWidth:58350676
D/Downloader(  744): Downloadserver bandWidth:58350676
D/Downloader(  744): Downloadserver bandWidth:58350676
D/Downloader(  744): Downloadserver bandWidth:58350676
I//lib/ld-linux.so.3(  748): FrmCnt:1230(0,0,0) Rate:24 Sys:241598 STC:648975 VPTS:648920 APTS:648995 Delay:-15(40) V:1 A:130 VES:0x40cad0 AES:0x7f90 PCM:0x4af80 AudioErr:0x0
