I//lib/ld-linux.so.3(  748): Frame Buffer:0x49607000    Size:0x1b00000
I//lib/ld-linux.so.3(  748): MVD Buffer:0x4b107000      Size:0x800000
I//lib/ld-linux.so.3(  748): TSP FW Buffer:0x411d7000   Size:0x70000
I//lib/ld-linux.so.3(  748): Data Buffer:0x163d1000     Size:0x36f000
I//lib/ld-linux.so.3(  748): Attached File Buffer Size:0xffffffff
I//lib/ld-linux.so.3(  748): -> Demuxer:0x164f8000      Size:0x248000
I//lib/ld-linux.so.3(  748): -> SeqHeader:0x43fd8000    Size:0x1000
I//lib/ld-linux.so.3(  748): -> MOV Table:0x49607000    Size:0x1b00000
I//lib/ld-linux.so.3(  748): -> MOV Static:0x43fd9000   Size:0x100000
I//lib/ld-linux.so.3(  748): -> DRM Payload:0x440d9000  Size:0x4000
I//lib/ld-linux.so.3(  748): -> DRM Playback Context:0x440dd000 Size:0x1000
I//lib/ld-linux.so.3(  748): -> MADExtend:0x440df000    Size:0x20000
I//lib/ld-linux.so.3(  748): -> NonCache Area:0x440de000        Size:0x1000
I//lib/ld-linux.so.3(  748): -> Reserved Size:0x0
I//lib/ld-linux.so.3(  748): ==============================================================================================
I//lib/ld-linux.so.3(  748): Initialize TS HW
I//lib/ld-linux.so.3(  748): HAL_VPU_EX_SetDbgLevel eLevel=0x1
D/dalvikvm( 1344): GC_CONCURRENT freed 405K, 78% free 1328K/5891K, paused 1ms+2ms
I//lib/ld-linux.so.3(  748): Load AAC Audio Codec.
I//lib/ld-linux.so.3(  748): ========AAC Audio Codec========
I//lib/ld-linux.so.3(  748): ===== Check Audio Decoder Protection from hash-key IP =====
I//lib/ld-linux.so.3(  748): Hash-key Support DD.
I//lib/ld-linux.so.3(  748): Hash-key Support DD+.
I//lib/ld-linux.so.3(  748): Hash-key Support Generic HE-AAC !!
I//lib/ld-linux.so.3(  748): Hash-key Support WMA.
I//lib/ld-linux.so.3(  748): Hash-key Support DRA.
I//lib/ld-linux.so.3(  748): ===== Check Protection IP End                         =====
I//lib/ld-linux.so.3(  748): ******Amplifier_TI5707_SWMute(0)
I//lib/ld-linux.so.3(  748): 5707write fail = 7
I//lib/ld-linux.so.3(  748): 5707write fail = 7
I//lib/ld-linux.so.3(  748): 5707write fail = 7
I//lib/ld-linux.so.3(  748): 5707write fail = 7
I//lib/ld-linux.so.3(  748): 5707write fail = 6
I//lib/ld-linux.so.3(  748): DS enable = 1
I//lib/ld-linux.so.3(  748): Blocking Read: 50, size: 0x4000.
I//lib/ld-linux.so.3(  748): To ask Dynscaling Size from vdec  0xc00
I//lib/ld-linux.so.3(  748): To check Dynscaling by vdec
I//lib/ld-linux.so.3(  748): Size(1280x720), Disp(1280x720), Par(1x1), FrameRate:23976, Interlace:0
I//lib/ld-linux.so.3(  748): 1st sequence header Decode Ready!! **
D/dalvikvm( 1344): GC_CONCURRENT freed 392K, 77% free 1370K/5891K, paused 1ms+1ms
I//lib/ld-linux.so.3(  748): [CI][HbbTV-VOD]<INFO>:[1368667165.806778] MM init done
D/MstarPlayer(  744): Get E_EVENT_INIT_OK event.
D/DataSource_M3U8(  744): 
D/DataSource_M3U8(  744):  notify : 0 
D/IMMPlayer(  744): Send MM_EnableSubtitleShow
D/IMMPlayer(  744): u32Item:1
D/IMMPlayer(  744): bEnable:1
D/IMMPlayer(  744): Get ret:1
D/MstarPlayer(  744): <<<<<set init done flag
I//lib/ld-linux.so.3(  748): E_CPCODEC_MSG_INIT_OK: 469407.
D/MstarPlayer(  744): <<<<<<<<<Init done
D/IMMPlayer(  744): Send MM_GetMetaData
D/IMMPlayer(  744): u32Item:1
D/IMMPlayer(  744): eMetadata:11
D/IMMPlayer(  744): u32BuffSize:4
D/IMMPlayer(  744): Get ret:0
D/IMMPlayer(  744): Send MM_GetMetaData
D/IMMPlayer(  744): u32Item:1
D/IMMPlayer(  744): eMetadata:12
D/IMMPlayer(  744): u32BuffSize:4
D/IMMPlayer(  744): Get ret:0
D/MediaPlayerService(  744): [3] notify (0x558f0, 5, 1280, 720)
D/MstarPlayer(  744): MstarPlayer::initRender
V/MediaControler( 1157): onVideoSizeChanged called
D/MstarPlayer(  744): MstarPlayer::initRender Done.
D/MstarPlayer(  744): prepare done....video size 1280,720
D/MediaPlayerService(  744): [3] notify (0x558f0, 1, 0, 0)
D/MediaControler( 1157): onPrepared ok
D/MediaControler( 1157): width:1280
D/MediaControler( 1157): height:720
D/MediaControler( 1157): start play
D/MstarPlayer(  744): MstarPlayer::setLooping=0
D/MstarPlayer(  744): playerType
D/MstarPlayer(  744): MstarPlayer::setLooping=0
D/IMMPlayer(  744): Send MM_Play
D/IMMPlayer(  744): u32Item:1
D/IMMPlayer(  744): Get ret:0
D/MediaControler( 1157): start play
D/VideoPlayer( 1157): onPlayStart
I//lib/ld-linux.so.3(  748): mapi_cpcodec::Play(): 469422.
I//lib/ld-linux.so.3(  748): [CI][HbbTV-VOD]<INFO>:[1368667165.871896] MM play start
D/VideoPlayer( 1157): clicked id:2131165310
D/Test    ( 1157): request Url  :http://cibn-ido.longvisionmedia.com:8088/msis/getRelateAsset?version=V001&terminalType=1&resolution=1280*720&zip=1&zip=1&zip=1&zip=1&resourceCode=13132&userCode=20130502211502246018&authKey=16d3e58b2659e4b93a4289d9fb88f32b
I//lib/ld-linux.so.3(  748): MApp_VDPlayer_Play
I//lib/ld-linux.so.3(  748): [CI][HbbTV-VOD]<INFO>:[1368667165.883719] MM setup display start
I//lib/ld-linux.so.3(  748): Display Msg: 33.
I//lib/ld-linux.so.3(  748): Screen Setting: 1.
I//lib/ld-linux.so.3(  748): Set Black Screen ON.
I//lib/ld-linux.so.3(  748): Video set up display.
I//lib/ld-linux.so.3(  748): Scaler frame buffer mode.
I//lib/ld-linux.so.3(  748): stDisplayInfo.u32OutputRate: 0.
I//lib/ld-linux.so.3(  748): Display Msg: 28.
I//lib/ld-linux.so.3(  748):  DS:IP on 1, OP on 1, depth=16
I//lib/ld-linux.so.3(  748): Video Width: 1280, Height: 720, FrameRate: 23976, Interlace: 0.
I//lib/ld-linux.so.3(  748): crop: left=0, right=0, top=0, bottom=0
I//lib/ld-linux.so.3(  748): Video Type: 2.
I//lib/ld-linux.so.3(  748): Video PAR Width: 1280, Height: 720.
I//lib/ld-linux.so.3(  748): Video Aspect Ratio: 16x9.
I//lib/ld-linux.so.3(  748): 1. Display Rect: x: 0, y: 0, width: 1280, height: 720.
I//lib/ld-linux.so.3(  748): 2. Display Rect: x: 0, y: 0, width: 1280, height: 720.
I//lib/ld-linux.so.3(  748): CropRect u16X=0, u16Y=0, u16Width=1280, u16Height=720
I//lib/ld-linux.so.3(  748): DispRect u16X=0, u16Y=0, u16Width=1280, u16Height=720
I//lib/ld-linux.so.3(  748): Scaler start: 0x17bc1000, size: 0x1800000.
I//lib/ld-linux.so.3(  748): MVOP switch to MIU 0.
I//lib/ld-linux.so.3(  748): ->u16FrameRate = 23976
I//lib/ld-linux.so.3(  748): ->u8Interlace = 0
I//lib/ld-linux.so.3(  748): ->u16HorSize = 1920
I//lib/ld-linux.so.3(  748): ->u16VerSize = 1080
I//lib/ld-linux.so.3(  748): Crop Win, X: 0, Y: 0, W: 1280, H: 720.
I//lib/ld-linux.so.3(  748): Diso Win, X: 0, Y: 0, W: 1280, H: 720.
I//lib/ld-linux.so.3(  748): [MApi_Video] CropWin assigned: x,y,w,h=0,0,1280,720
I//lib/ld-linux.so.3(  748): [MApi_Video] DstWin assigned: x,y,w,h=0,0,1280,720
I//lib/ld-linux.so.3(  748): [MApi_Video] SrcWin1[Win=0]: x,y,w,h=152,18,1920,1080
I//lib/ld-linux.so.3(  748): [MApi_Video] CropWin1: x,y,w,h=0,0,1280,720
I//lib/ld-linux.so.3(  748): [MApi_Video] DispWin1: x,y,w,h=0,0,1280,720
I//lib/ld-linux.so.3(  748): === open 3D OverScan ===
I//lib/ld-linux.so.3(  748): [MApi_Video] SrcWin2: x,y,w,h=152,18,1920,1080
I//lib/ld-linux.so.3(  748): [MApi_Video] CropWin2: x,y,w,h=0,0,1280,720
I//lib/ld-linux.so.3(  748): [MApi_Video] DispWin2: x,y,w,h=0,0,1280,720
I//lib/ld-linux.so.3(  748): [MApi_Video] SrcWin3: x,y,w,h=152,18,1920,1080
I//lib/ld-linux.so.3(  748): [MApi_Video] CropWin3: x,y,w,h=0,0,1280,720
I//lib/ld-linux.so.3(  748): [MApi_Video] DispWin3: x,y,w,h=0,0,1280,720
I//lib/ld-linux.so.3(  748): [MApi_Video] SrcWin5[Win=0]: x,y,w,h=152,18,1920,1080
I//lib/ld-linux.so.3(  748): [MApi_Video] CropWin5: x,y,w,h=0,0,1280,720
I//lib/ld-linux.so.3(  748): [MApi_Video] DispWin5: x,y,w,h=0,0,1280,720
D/VideoPlayer( 1157): onPause
D/Downloader(  744): Downloadserver bandWidth:6332339
D/Downloader(  744): Downloadserver bandWidth:6324560
D/Downloader(  744): Downloadserver bandWidth:6324560
D/Downloader(  744): Downloadserver bandWidth:6324560
I//lib/ld-linux.so.3(  748): [MApi_Video] DLC cap Hstart=1, Hend=501, Vstart=5a, Vend=276
I//lib/ld-linux.so.3(  748):  ****** MApi_SC_ForceFreerun  TRUE ****** 
E/VideoPlayer( 1157): addBookMark:13132
D/MediaControler( 1157): stop
D/MstarPlayer(  744): MstarPlayer::stop
D/MstarPlayer(  744): request to exit async thread
D/Test    ( 1157): request Url  :http://cibn-ido.longvisionmedia.com:8088/userCenter/addBookMark?version=V001&terminalType=1&resolution=1280*720&zip=1&zip=1&zip=1&zip=1&zip=1&bookMark=0&userName=20130502211502246018&resourceCode=13132&resPkgCode=&userCode=20130502211502246018&authKey=5a56a8f9376a7c3a2c671ed9f893689c
D/MstarPlayer(  744): exit async proc thread
D/IMMPlayer(  744): Send MM_Stop
D/IMMPlayer(  744): u32Item:1
I//lib/ld-linux.so.3(  748): DS_UpdateXCStatus, eCmd=1
I//lib/ld-linux.so.3(  748): Read Bandwidthtable.bin
D/dalvikvm( 1344): GC_CONCURRENT freed 433K, 77% free 1410K/5891K, paused 1ms+1ms
D/HttpClient( 1157): ╩§ЙПХ┴╚А╩Д░▄БА
I//lib/ld-linux.so.3(  748): enPQMNRType is 1
I//lib/ld-linux.so.3(  748): enPQFLType is 1
I//lib/ld-linux.so.3(  748):    [Plugins_PatchPQ]Customer Path PQ Add here
D/DataSource_M3U8(  744): u32HLSSreamNum[0]===>u32BandWidth:1433000 
D/DataSource_M3U8(  744): getHLSPlayListInex  DownloadBandWidth:6324560   uInDex=0
D/DataSource_M3U8(  744): [M3U8] checkShouldStartNext :[1](643524/643524)   sequence:0  start next:2  
D/DataSource_M3U8(  744): 
D/DataSource_M3U8(  744): 
D/DataSource_M3U8(  744): 
D/DataSource_M3U8(  744): [M3U8]-7----->This :0x25130 --> post cmd for start next url:http://cibn-iss1.longvisionmedia.com:8088/vod/CIBN2013_CIBN2013040700764581_1433/2.ts, knowedFileSize:0, mCurDowningIndex:1
D/DataSource_M3U8(  744): 
D/DataSource_M3U8(  744): 
D/Downloader(  744): [downloadThread]Downloader::removeTask  
D/Downloader(  744): [downloadThread]StartTask:url :http://cibn-iss1.longvisionmedia.com:8088/vod/CIBN2013_CIBN2013040700764581_1433/2.ts
D/Downloader(  744): [downloadThread]task have range string:0- 
D/MstarPlayer(  744): Get E_EVENT_DECODE_FIRST_FRAME_DONE event.
I//lib/ld-linux.so.3(  748): 2. Set up display: 469725.
I//lib/ld-linux.so.3(  748): Display Msg: 46.
I//lib/ld-linux.so.3(  748): DS_UpdateXCStatus, eCmd=2
I//lib/ld-linux.so.3(  748): [CI][HbbTV-VOD]<INFO>:[1368667166.175380] MM setup display done
I//lib/ld-linux.so.3(  748): MApp_VDPlayer_Stop interrupt
I//lib/ld-linux.so.3(  748): MApp_VDPlayer_Stop
I//lib/ld-linux.so.3(  748): E_VDP_DECODE_STATE_STOP --> E_VDP_DECODE_STATE_STANDBY
I//lib/ld-linux.so.3(  748): E_VDP_PHASE_DECODE --> E_VDP_PHASE_STOP
I//lib/ld-linux.so.3(  748): Clear ES buffer
D/MstarPlayer(  744): player waiting exit
I//lib/ld-linux.so.3(  748): E_VDP_PHASE_STOP --> E_VDP_PHASE_STANDBY
I//lib/ld-linux.so.3(  748): Error code 0; Stop Pos:0x00 Time:0
I//lib/ld-linux.so.3(  748): Get MB_VDPLAYER_STOP command.
D/IMMPlayer(  744): Get ret:0
D/IMMPlayer(  744): Send MM_DeleteMediaItem
D/IMMPlayer(  744): u32Item:1
D/IMMPlayer(  744): Get ret:0
D/IMMPlayer(  744): Send PLAYER_COMMAND_REMOVE_EVENT_RECIPIENT_FPTR
D/IMMPlayer(  744): Get ret:1
D/IMMPlayer(  744): Send FINALIZE
I//lib/ld-linux.so.3(  748): Sbtitle de-init: 0.
I//lib/ld-linux.so.3(  748): MMPlayerService::Client::MM_Finalize()
I//lib/ld-linux.so.3(  748): MSrv_MM_PhotoPlayer::Finalize().
I//lib/ld-linux.so.3(  748): mapi_cpcodec::Finalize().
I//lib/ld-linux.so.3(  748): mapi_cpcodec::Finalize().
I//lib/ld-linux.so.3(  748): Do mapi_cpcodec::Finalize().
D/IMMPlayer(  744): Get ret:0
D/MMPlayer(  744): disconnect
D/MMPlayer(  744): 
D/IMMPlayer(  744): Send DISCONNECT
D/MMPlayer(  744): destructor: 0x446f8
D/MMPlayer(  744): 
D/MMPlayer(  744): disconnect
D/MMPlayer(  744): 
D/MstarPlayer(  744): MstarPlayer::clearAllSource
D/Downloader(  744): Enter Downloader::ForceExit ! 
D/DataSource_M3U8(  744): [M3U8]request to exit download thread
D/DataSource_M3U8(  744): [ContentSource_M3U8] DownloadThread Exit Done..
D/DataSource_M3U8(  744): [M3U8]request to exit mPlaylistThread thread
I//lib/ld-linux.so.3(  748): MM_Finalize done
I//lib/ld-linux.so.3(  748): V/MMPlayerService( 754 754): disconnect(callingPid 744, clientPid 744)
I//lib/ld-linux.so.3(  748): D/MMPlayerService( 754 754): setState =3
I//lib/ld-linux.so.3(  748): V/MMPlayerService( 754 754): Disconnet finalize OK.
I//lib/ld-linux.so.3(  748): V/MMPlayerService( 754 754): removeClient(callingPid 744)
I//lib/ld-linux.so.3(  748): V/MMPlayerService( 754 1044): MMPlayerService::Client destructor(callingPid 744)
D/dalvikvm( 1344): GC_CONCURRENT freed 484K, 76% free 1426K/5891K, paused 1ms+1ms
W/ActivityManager(  950): Activity pause timeout for ActivityRecord{416ab838 com.fiship.media/.player.VideoPlayer}
I/Process (  950): Sending signal. PID: 1157 SIG: 3
I/dalvikvm( 1157): threadid=3: reacting to signal 3
I/dalvikvm( 1157): Wrote stack traces to '/data/anr/traces.txt'
D/dalvikvm( 1344): GC_CONCURRENT freed 491K, 76% free 1434K/5891K, paused 1ms+1ms
D/Downloader(  744): Enter Downloader::ForceExit ! 
D/Downloader(  744): [downloadThread]Downloader::removeTask  
D/Downloader(  744): ~Downloader
D/DataSource_M3U8(  744): [M3U8]~ContentSource_M3U8 done.
D/MstarPlayer(  744): setInstance: 0x0
D/MstarPlayer(  744): ==========MstarPlayer::reset : 0x0x254d0==========
D/MstarPlayer(  744): MstarPlayer::clearAllSource
D/MstarPlayer(  744): setInstance: 0x0
D/MstarPlayer(  744): reset done
D/MstarPlayer(  744): 
D/MstarPlayer(  744): =======Destroy mstar player  : 0x0x254d0========
D/VideoPlayer( 1157): onPlayStop
D/VideoPlayer( 1157): -- onRestart --
D/VideoPlayer( 1157): onPlayStart duration:0 timeCode:0
E/VideoPlayer( 1157): isPalying:false
D/SubCatalogActivity( 1157): -- onResume --
D/dalvikvm( 1344): GC_CONCURRENT freed 502K, 78% free 1348K/5891K, paused 1ms+1ms
D/OpenGLRenderer( 1157): Flushing caches (mode 0)
D/dalvikvm( 1344): GC_CONCURRENT freed 418K, 78% free 1344K/5891K, paused 1ms+3ms
D/MediaControler( 1157): onDestroy
D/VideoPlayer( 1157): onPlayStop
W/ActivityManager(  950): Duplicate finish request for ActivityRecord{416ab838 com.fiship.media/.player.VideoPlayer}
D/dalvikvm( 1157): GC_EXPLICIT freed 1899K, 16% free 53816K/63747K, paused 2ms+8ms
E/StrictMode( 1157): class com.fiship.media.player.VideoPlayer; instances=2; limit=1
E/StrictMode( 1157): android.os.StrictMode$InstanceCountViolation: class com.fiship.media.player.VideoPlayer; instances=2; limit=1
E/StrictMode( 1157):    at android.os.StrictMode.setClassInstanceLimit(StrictMode.java:1)
D/OtOService( 1157): TVContentReceiver: ACTION_TV_CONTENT_CHANGED, playType: 0 ,resourceCode: null

[  471.965121] IR: [03932] scan key value is 0xec13c936 
[  471.965125]  D/SmoothGridView( 1157): onKeyDown

[  472.016301] IR: [03932] scan key value is 0xec13c936 
[  472.016305]  I/ActivityManager(  950): START {cmp=com.fiship.media/.ProgramDetailActivity (has extras)} from pid 1157
D/SubCatalogActivity( 1157): -- onRestart --
D/ProgramDetailActivity( 1157): -- onCreate --
D/ProgramDetailActivity( 1157): start load program details.
D/ProgramDetailActivity( 1157): -- onResume --
D/Test    ( 1157): request Url  :http://cibn-ido.longvisionmedia.com:8088/msis/getAssetDetail?version=V001&terminalType=1&resolution=1280*720&resourceCode=13132&userCode=20130502211502246018&authKey=99bdb02ece5d5ffe122e5b92d1dafa3c
D/dalvikvm(  950): GC_EXPLICIT freed 1749K, 62% free 3590K/9219K, paused 13ms+5ms
D/Test    ( 1157): request Url  :http://cibn-ido.longvisionmedia.com:8088/userCenter/getBookMark?version=V001&terminalType=1&resolution=1280*720&userCode=20130502211502246018&userName=20130502211502246018&ResourceCode=13132&authKey=a7bb81a4dbc0ff32157b82d9f83d74d8
I/ProgramDetailActivity( 1157): movie count:1
D/HttpClient( 1157): ╩§ЙПХ┴╚А╩Д░▄БА
I/ActivityManager(  950): Displayed com.fiship.media/.ProgramDetailActivity: +464ms
D/Test    ( 1157): request Url  :http://cibn-ido.longvisionmedia.com:8088/userCenter/getFavorite?version=V001&terminalType=1&resolution=1280*720&userCode=20130502211502246018&userName=20130502211502246018&authKey=f1aad0f32a212940d8792b85f396d30a
D/HttpClient( 1157): ╩§ЙПХ┴╚А╩Д░▄БА
E/        ( 1157): get vaddr failed:pvaddr_read=0x5d63e000,pvaddr_internal=0x61b39000,pvaddr_write=0x0
D/dalvikvm( 1157): GC_FOR_ALLOC freed 933K, 15% free 54651K/63747K, paused 50ms
D/Test    ( 1157): request Url  :http://cibn-ido.longvisionmedia.com:8088/msis/getRelateAsset?version=V001&terminalType=1&resolution=1280*720&userCode=20130502211502246018&resourceCode=13132&authKey=2480d5a8d4f12e2bfdef221151da0603
D/dalvikvm( 1157): GC_CONCURRENT freed 1966K, 15% free 54617K/63747K, paused 2ms+8ms
D/ProgramDetailActivity( 1157): initRelateResource:10

[  473.976830] IR: [03932] scan key value is 0xea15c936 
[  473.976835]  
[  474.028489] IR: [03932] scan key value is 0xea15c936 
[  474.028494]  D/InputEventConsistencyVerifier( 1157): KeyEvent: ACTION_UP but key was not down.
D/InputEventConsistencyVerifier( 1157):   in android.widget.RelativeLayout@42aec350
D/InputEventConsistencyVerifier( 1157):   0: sent at 474200000000, KeyEvent { action=ACTION_UP, keyCode=KEYCODE_DPAD_DOWN, scanCode=108, metaState=0, flags=0x8, repeatCount=0, eventTime=474200, downTime=473982, deviceId=1, source=0x101 }

[  474.596694] IR: [03932] scan key value is 0xed12c936 
[  474.596699]  
[  474.648175] IR: [03932] scan key value is 0xed12c936 
[  474.648181]  
[  474.757600] IR: [03932] scan key value is 0xed12c936 
[  474.757605]  
[  474.867052] IR: [03932] scan key value is 0xed12c936 
[  474.867057]  D/dalvikvm( 1344): GC_CONCURRENT freed 407K, 78% free 1328K/5891K, paused 1ms+1ms

[  474.976484] IR: [03932] scan key value is 0xed12c936 
[  474.976489]  D/dalvikvm( 1344): GC_CONCURRENT freed 392K, 78% free 1327K/5891K, paused 2ms+2ms

[  475.085935] IR: [03932] scan key value is 0xed12c936 
[  475.085940]  
[  475.195410] IR: [03932] scan key value is 0xed12c936 
[  475.195415]  D/dalvikvm( 1344): GC_CONCURRENT freed 393K, 77% free 1370K/5891K, paused 1ms+1ms

[  475.304813] IR: [03932] scan key value is 0xed12c936 
[  475.304818]  D/dalvikvm( 1344): GC_CONCURRENT freed 433K, 78% free 1328K/5891K, paused 1ms+2ms

[  475.414273] IR: [03932] scan key value is 0xed12c936 
[  475.414278]  
[  475.523721] IR: [03932] scan key value is 0xed12c936 
[  475.523727]  D/dalvikvm( 1344): GC_CONCURRENT freed 391K, 78% free 1328K/5891K, paused 1ms+1ms

[  475.633145] IR: [03932] scan key value is 0xed12c936 
[  475.633150]  D/dalvikvm( 1344): GC_CONCURRENT freed 392K, 78% free 1333K/5891K, paused 1ms+1ms

[  475.921737] IR: [03932] scan key value is 0xeb14c936 
[  475.921742]  
[  475.972666] IR: [03932] scan key value is 0xeb14c936 
[  475.972671]  D/dalvikvm( 1344): GC_CONCURRENT freed 402K, 76% free 1428K/5891K, paused 1ms+1ms

[  476.085471] IR: [03932] scan key value is 0xeb14c936 
[  476.085476]  D/dalvikvm( 1344): GC_CONCURRENT freed 490K, 78% free 1329K/5891K, paused 1ms+1ms

[  476.193539] IR: [03932] scan key value is 0xeb14c936 
[  476.193545]  
[  476.306375] IR: [03932] scan key value is 0xeb14c936 
[  476.306381]  D/dalvikvm( 1344): GC_CONCURRENT freed 394K, 78% free 1328K/5891K, paused 1ms+1ms

[  476.414379] IR: [03932] scan key value is 0xeb14c936 
[  476.414385]  D/dalvikvm( 1344): GC_CONCURRENT freed 392K, 77% free 1393K/5891K, paused 2ms+1ms

[  476.527192] IR: [03932] scan key value is 0xeb14c936 
[  476.527196]  D/dalvikvm( 1344): GC_CONCURRENT freed 472K, 78% free 1312K/5891K, paused 1ms+1ms
D/dalvikvm( 1344): GC_CONCURRENT freed 379K, 78% free 1352K/5891K, paused 3ms+1ms
D/dalvikvm( 1344): GC_CONCURRENT freed 543K, 78% free 1319K/5891K, paused 1ms+8ms
D/dalvikvm( 1344): GC_CONCURRENT freed 396K, 77% free 1387K/5891K, paused 1ms+1ms
D/dalvikvm( 1344): GC_CONCURRENT freed 455K, 78% free 1316K/5891K, paused 1ms+1ms
D/dalvikvm( 1344): GC_CONCURRENT freed 396K, 76% free 1429K/5891K, paused 0ms+1ms

[  477.656886] IR: [03932] scan key value is 0xed12c936 
[  477.656891]  
[  477.708336] IR: [03932] scan key value is 0xed12c936 
[  477.708341]  D/dalvikvm( 1344): GC_CONCURRENT freed 487K, 76% free 1453K/5891K, paused 1ms+3ms
D/InputEventConsistencyVerifier( 1157): KeyEvent: ACTION_UP but key was not down.
D/InputEventConsistencyVerifier( 1157):   in com.fiship.media.view.CostomImaggeBut@42dd8708
D/InputEventConsistencyVerifier( 1157):   0: sent at 477872000000, KeyEvent { action=ACTION_UP, keyCode=KEYCODE_DPAD_LEFT, scanCode=105, metaState=0, flags=0x8, repeatCount=0, eventTime=477872, downTime=477662, deviceId=1, source=0x101 }
D/InputEventConsistencyVerifier( 1157):   -- recent events --
D/InputEventConsistencyVerifier( 1157):   1: sent at 476631000000, (unhandled) KeyEvent { action=ACTION_DOWN, keyCode=KEYCODE_DPAD_RIGHT, scanCode=106, metaState=0, flags=0x8, repeatCount=5, eventTime=476631, downTime=475927, deviceId=1, source=0x101 }
D/dalvikvm( 1344): GC_CONCURRENT freed 526K, 76% free 1426K/5891K, paused 1ms+2ms

[  478.153815] IR: [03932] scan key value is 0xed12c936 
[  478.153819]  
[  478.205315] IR: [03932] scan key value is 0xed12c936 
[  478.205320]  D/InputEventConsistencyVerifier( 1157): KeyEvent: ACTION_UP but key was not down.
D/InputEventConsistencyVerifier( 1157):   in com.fiship.media.view.CostomImaggeBut@41bdfd30
D/InputEventConsistencyVerifier( 1157):   0: sent at 478372000000, KeyEvent { action=ACTION_UP, keyCode=KEYCODE_DPAD_LEFT, scanCode=105, metaState=0, flags=0x8, repeatCount=0, eventTime=478372, downTime=478159, deviceId=1, source=0x101 }
D/InputEventConsistencyVerifier( 1157):   -- recent events --
D/InputEventConsistencyVerifier( 1157):   1: sent at 476580000000, (unhandled) KeyEvent { action=ACTION_DOWN, keyCode=KEYCODE_DPAD_RIGHT, scanCode=106, metaState=0, flags=0x8, repeatCount=4, eventTime=476580, downTime=475927, deviceId=1, source=0x101 }

[  478.486488] IR: [03932] scan key value is 0xed12c936 
[  478.486493]  D/dalvikvm( 1344): GC_CONCURRENT freed 501K, 76% free 1436K/5891K, paused 1ms+1m
[  478.538028] IR: [03932] scan key value is 0xed12c936 
[  478.538033]  s
D/HomePlayerLib( 1344): hostaddress count is 2
D/dalvikvm( 1344): GC_CONCURRENT freed 516K, 77% free 1409K/5891K, paused 1ms+1ms
D/dalvikvm( 1344): GC_CONCURRENT freed 485K, 76% free 1422K/5891K, paused 1ms+3ms
D/InputEventConsistencyVerifier( 1157): KeyEvent: ACTION_UP but key was not down.
D/InputEventConsistencyVerifier( 1157):   in com.fiship.media.view.CostomImaggeBut@42db3980
D/InputEventConsistencyVerifier( 1157):   0: sent at 478708000000, KeyEvent { action=ACTION_UP, keyCode=KEYCODE_DPAD_LEFT, scanCode=105, metaState=0, flags=0x8, repeatCount=0, eventTime=478708, downTime=478492, deviceId=1, source=0x101 }
D/InputEventConsistencyVerifier( 1157):   -- recent events --
D/InputEventConsistencyVerifier( 1157):   1: sent at 476529000000, (unhandled) KeyEvent { action=ACTION_DOWN, keyCode=KEYCODE_DPAD_RIGHT, scanCode=106, metaState=0, flags=0x8, repeatCount=3, eventTime=476529, downTime=475927, deviceId=1, source=0x101 }
D/dalvikvm( 1344): GC_CONCURRENT freed 476K, 77% free 1374K/5891K, paused 1ms+1ms
D/dalvikvm( 1344): GC_CONCURRENT freed 438K, 78% free 1331K/5891K, paused 1ms+1ms

[  478.938215] IR: [03932] scan key value is 0xed12c936 
[  478.938220]  D/dalvikvm( 1344): GC_CONCURRENT
[  478.989715] IR: [03932] scan key value is 0xed12c936 
[  478.989721]   freed 360K, 77% free 1378K/5891K, paused 1ms+1ms
D/dalvikvm( 1344): GC_CONCURRENT freed 452K, 78% free 1346K/5891K, paused 2ms+1ms
D/dalvikvm( 1344): GC_CONCURRENT freed 406K, 78% free 1346K/5891K, paused 1ms+1ms
D/dalvikvm( 1344): GC_CONCURRENT freed 417K, 77% free 1392K/5891K, paused 1ms+1ms
D/dalvikvm( 1344): GC_CONCURRENT freed 466K, 77% free 1414K/5891K, paused 2ms+1ms
D/dalvikvm( 1344): GC_CONCURRENT freed 491K, 76% free 1429K/5891K, paused 1ms+1ms
D/dalvikvm( 1344): GC_CONCURRENT freed 500K, 78% free 1352K/5891K, paused 1ms+1ms

[  479.678072] IR: [03932] scan key value is 0xee11c936 
[  479.678077]  
[  479.729485] IR: [03932] scan key value is 0xee11c936 
[  479.729490]  D/dalvikvm( 1344): GC_CONCURRENT freed 417K, 76% free 1444K/5891K, paused 10ms+1ms
D/dalvikvm( 1344): GC_CONCURRENT freed 515K, 76% free 1428K/5891K, paused 1ms+1ms
D/InputEventConsistencyVerifier( 1157): KeyEvent: ACTION_UP but key was not down.
D/InputEventConsistencyVerifier( 1157):   in android.support.v4.view.ViewPager@41caf008
D/InputEventConsistencyVerifier( 1157):   0: sent at 479896000000, KeyEvent { action=ACTION_UP, keyCode=KEYCODE_DPAD_UP, scanCode=103, metaState=0, flags=0x8, repeatCount=0, eventTime=479896, downTime=479683, deviceId=1, source=0x101 }
D/InputEventConsistencyVerifier( 1157):   -- recent events --
D/InputEventConsistencyVerifier( 1157):   1: sent at 473982000000, (unhandled) KeyEvent { action=ACTION_DOWN, keyCode=KEYCODE_DPAD_DOWN, scanCode=108, metaState=0, flags=0x8, repeatCount=0, eventTime=473982, downTime=473982, deviceId=1, source=0x101 }
D/dalvikvm( 1344): GC_CONCURRENT freed 486K, 78% free 1334K/5891K, paused 1ms+2ms
D/dalvikvm( 1344): GC_CONCURRENT freed 410K, 78% free 1309K/5891K, paused 1ms+1ms
D/dalvikvm( 1344): GC_CONCURRENT freed 377K, 78% free 1327K/5891K, paused 1ms+1ms
D/dalvikvm( 1344): GC_CONCURRENT freed 392K, 78% free 1328K/5891K, paused 1ms+1ms
D/dalvikvm( 1344): GC_CONCURRENT freed 392K, 78% free 1328K/5891K, paused 1ms+1ms
D/dalvikvm( 1344): GC_CONCURRENT freed 393K, 78% free 1328K/5891K, paused 1ms+1ms

[  480.787250] IR: [03932] scan key value is 0xec13c936 
[  480.787254]  
[  480.838426] IR: [03932] scan key value is 0xec13c936 
[  480.838431]  D/dalvikvm( 1344): GC_CONCURRENT freed 393K, 78% free 1328K/5891K, paused 1ms+1ms
I/ActivityManager(  950): START {flg=0x78000000 cmp=com.fiship.media/.player.VideoPlayer (has extras)} from pid 1157
D/ProgramDetailActivity( 1157): -- onRestart --
D/VideoPlayer( 1157): -- onCreate --
W/MediaPlayer.java( 1157): setScreenOnWhilePlaying(true) is ineffective without a SurfaceHolder
I/VideoPlayer( 1157): playSource:2
I/VideoPlayer( 1157): getLivePlayEvent playEvent:null
I/VideoPlayer( 1157): providerId:CIBN2013/assertName:х§║Биунк/assertId:CIBN2013040700764581/resourceCode:13132
D/VideoPlayer( 1157): -- onResume --
D/OpenGLRenderer( 1157): Flushing caches (mode 0)
D/Test    ( 1157): request Url  :http://cibn-ido.longvisionmedia.com:8088/ads/vodAdDeliveryMgr.action??version=V001&terminalType=1&resolution=1280*720&zip=1&zip=1&zip=1&zip=1&zip=1&zip=1&assetId=13132&providerId=20130502211502246018&authKey=e022752d7bf55402dce589431e838556
D/dalvikvm( 1344): GC_CONCURRENT freed 392K, 77% free 1384K/5891K, paused 2ms+1ms
D/MediaControler( 1157): surfaceChanged
I/ActivityManager(  950): Displayed com.fiship.media/.player.VideoPlayer: +215ms
E/VideoPlayer( 1157): parseAdsJson:<html>
E/VideoPlayer( 1157): <head>
E/VideoPlayer( 1157): <meta http-equiv="Content-Type" content="text/html; charset=ISO-8859-1"/>
E/VideoPlayer( 1157): <title>Error 500 com.opensymphony.xwork2.config.providers.InterceptorBuilder.constructInterceptorReference(Lcom/opensymphony/xwork2/config/entities/PackageConfig;Ljava/lang/String;Ljava/util/Map;Lcom/opensymphony/xwork2/util/location/Location;Lcom/opensymphony/xwork2/ObjectFactory;)Ljava/util/List;</title>
E/VideoPlayer( 1157): </head>
E/VideoPlayer( 1157): <body><h2>HTTP ERROR 500</h2>
E/VideoPlayer( 1157): <p>Problem accessing /ads/vodAdDeliveryMgr.action. Reason:
E/VideoPlayer( 1157): <pre>    com.opensymphony.xwork2.config.providers.InterceptorBuilder.constructInterceptorReference(Lcom/opensymphony/xwork2/config/entities/PackageConfig;Ljava/lang/String;Ljava/util/Map;Lcom/opensymphony/xwork2/util/location/Location;Lcom/opensymphony/xwork2/ObjectFactory;)Ljava/util/List;</pre></p><h3>Caused by:</h3><pre>java.lang.NoSuchMethodError: com.opensymphony.xwork2.config.providers.InterceptorBuilder.constructInterceptorReference(Lcom/opensymphony/xwork2/config/entities/PackageConfig;Ljava/lang/String;Ljava/util/Map;Lcom/opensymphony/xwork2/util/location/Location;Lcom/opensymphony/xwork2/ObjectFactory;)Ljava/util/List;
E/VideoPlayer( 1157):   at org.texturemedia.smarturls.SmartURLsUnknownHandler.handleUnknownAction(SmartURLsUnknownHandler.java:151)
E/VideoPlayer( 1157):   at com.opensymphony.xwork2.DefaultUnknownHandlerManager.handleUnknownAction(DefaultUnknownHandlerManager.java:106)
E/VideoPlayer( 1157):   at com.opensymphony.xwork2.DefaultActionProxy.prepare(DefaultActionProxy.java:164)
E/VideoPlayer( 1157):   at org.apache.struts2.impl.StrutsActionProxy.prepare(StrutsActionProxy.java:61)
E/VideoPlayer( 1157):   at org.apache.struts2.impl.StrutsActionProxyFactory.createActionProxy(StrutsActionProxyFactory.java:39)
E/VideoPlayer( 1157):   at com.opensymphony.xwork2.DefaultActionProxyFactory.createActionProxy(DefaultActionProxyFactory.java:47)
E/VideoPlayer( 1157):   at org.apache.struts2.dispatcher.Dispatcher.serviceAction(Dispatcher.java:478)
E/VideoPlayer( 1157):   at org.apache.struts2.dispatcher.FilterDispatcher.doFilter(FilterDispatcher.java:395)
E/VideoPlayer( 1157):   at org.mortbay.jetty.servlet.ServletHandler$CachedChain.doFilter(ServletHandler.java:1157)
E/VideoPlayer( 1157):   at org.texturemedia.smarturls.SmartURLsFilter.doFilter(SmartURLsFilter.java:122)
E/VideoPlayer( 1157):   at org.mortbay.jetty.servlet.ServletHandler$CachedChain.doFilter(ServletHandler.java:1157)
E/VideoPlayer( 1157):   at org.springframework.web.filter.CharacterEncodingFilter.doFilterInternal(CharacterEncodingFilter.java:96)
E/VideoPlayer( 1157):   at org.springframework.web.filter.OncePerRequestFilter.doFilter(OncePerRequestFilter.java:76)
E/VideoPlayer( 1157):   at org.mortbay.jetty.servlet.ServletHandler$CachedChain.doFilter(ServletHandler.java:1157)
E/VideoPlayer( 1157):   at org.mortbay.jetty.servlet.ServletHandler.handle(ServletHandler.java:388)
E/VideoPlayer( 1157):   at org.mortbay.jetty.security.SecurityHandler.handle(SecurityHandler.java:216)
E/VideoPlayer( 1157):   at org.mortbay.jetty.servlet.SessionHandler.handle(SessionHandler.java:182)
E/VideoPlayer( 1157):   at org.mortbay.jetty.handler.ContextHandler.handle(ContextHandler.java:765)
E/VideoPlayer( 1157):   at org.mortbay.jetty.webapp.WebAppContext.handle(WebAppContext.java:418)
E/VideoPlayer( 1157):   at org.mortbay.jetty.handler.ContextHandlerCollection.handle(ContextHandlerCollection.java:230)
E/VideoPlayer( 1157):   at org.mortbay.jetty.handler.HandlerCollection.handle(HandlerCollection.java:114)
E/VideoPlayer( 1157):   at org.mortbay.jetty.handler.HandlerWrapper.handle(HandlerWrapper.java:152)
E/VideoPlayer( 1157):   at org.mortbay.jetty.Server.handle(Server.java:326)
E/VideoPlayer( 1157):   at org.mortbay.jetty.HttpConnection.handleRequest(HttpConnection.java:536)
E/VideoPlayer( 1157):   at org.mortbay.jetty.HttpConnection$RequestHandler.headerComplete(HttpConnection.java:915)
E/VideoPlayer( 1157):   at org.mortbay.jetty.HttpParser.parseNext(HttpParser.java:539)
E/VideoPlayer( 1157):   at org.mortbay.jetty.HttpParser.parseAvailable(HttpParser.java:212)
E/VideoPlayer( 1157):   at org.mortbay.jetty.HttpConnection.handle(HttpConnection.java:405)
E/VideoPlayer( 1157):   at org.mortbay.io.nio.SelectChannelEndPoint.run(SelectChannelEndPoint.java:409)
E/VideoPlayer( 1157):   at org.mortbay.thread.QueuedThreadPool$PoolThread.run(QueuedThreadPool.java:582)
E/VideoPlayer( 1157): </pre>
E/VideoPlayer( 1157): <hr /><i><small>Powered by Jetty://</small></i><br/>                                                
E/VideoPlayer( 1157): <br/>                                                
E/VideoPlayer( 1157): <br/>                                                
E/VideoPlayer( 1157): <br/>                                                
E/VideoPlayer( 1157): <br/>                                                
E/VideoPlayer( 1157): <br/>                               
E/VideoPlayer( 1157): result:<html>
E/VideoPlayer( 1157): <head>
E/VideoPlayer( 1157): <meta http-equiv="Content-Type" content="text/html; charset=ISO-8859-1"/>
E/VideoPlayer( 1157): <title>Error 500 com.opensymphony.xwork2.config.providers.InterceptorBuilder.constructInterceptorReference(Lcom/opensymphony/xwork2/config/entities/PackageConfig;Ljava/lang/String;Ljava/util/Map;Lcom/opensymphony/xwork2/util/location/Location;Lcom/opensymphony/xwork2/ObjectFactory;)Ljava/util/List;</title>
E/VideoPlayer( 1157): </head>
E/VideoPlayer( 1157): <body><h2>HTTP ERROR 500</h2>
E/VideoPlayer( 1157): <p>Problem accessing /ads/vodAdDeliveryMgr.action. Reason:
E/VideoPlayer( 1157): <pre>    com.opensymphony.xwork2.config.providers.InterceptorBuilder.constructInterceptorReference(Lcom/opensymphony/xwork2/config/entities/PackageConfig;Ljava/lang/String;Ljava/util/Map;Lcom/opensymphony/xwork2/util/location/Location;Lcom/opensymphony/xwork2/ObjectFactory;)Ljava/util/List;</pre></p><h3>Caused by:</h3><pre>java.lang.NoSuchMethodError: com.opensymphony.xwork2.config.providers.InterceptorBuilder.constructInterceptorReference(Lcom/opensymphony/xwork2/config/entities/PackageConfig;Ljava/lang/String;Ljava/util/Map;Lcom/opensymphony/xwork2/util/location/Location;Lcom/opensymphony/xwork2/ObjectFactory;)Ljava/util/List;
E/VideoPlayer( 1157):   at org.texturemedia.smarturls.SmartURLsUnknownHandler.handleUnknownAction(SmartURLsUnknownHandler.java:151)
E/VideoPlayer( 1157):   at com.opensymphony.xwork2.DefaultUnknownHandlerManager.handleUnknownAction(DefaultUnknownHandlerManager.java:106)
E/VideoPlayer( 1157):   at com.opensymphony.xwork2.DefaultActionProxy.prepare(DefaultActionProxy.java:164)
E/VideoPlayer( 1157):   at org.apache.struts2.impl.StrutsActionProxy.prepare(StrutsActionProxy.java:61)
E/VideoPlayer( 1157):   at org.apache.struts2.impl.StrutsActionProxyFactory.createActionProxy(StrutsActionProxyFactory.java:39)
E/VideoPlayer( 1157):   at com.opensymphony.xwork2.DefaultActionProxyFactory.createActionProxy(DefaultActionProxyFactory.java:47)
E/VideoPlayer( 1157):   at org.apache.struts2.dispatcher.Dispatcher.serviceAction(Dispatcher.java:478)
E/VideoPlayer( 1157):   at org.apache.struts2.dispatcher.FilterDispatcher.doFilter(FilterDispatcher.java:395)
E/VideoPlayer( 1157):   at org.mortbay.jetty.servlet.ServletHandler$CachedChain.doFilter(ServletHandler.java:1157)
E/VideoPlayer( 1157):   at org.texturemedia.smarturls.SmartURLsFilter.doFilter(SmartURLsFilter.java:122)
E/VideoPlayer( 1157):   at org.mortbay.jetty.servlet.ServletHandler$CachedChain.doFilter(ServletHandler.java:1157)
E/VideoPlayer( 1157):   at org.springframework.web.filter.CharacterEncodingFilter.doFilterInternal(CharacterEncodingFilter.java:96)
E/VideoPlayer( 1157):   at org.springframework.web.filter.OncePerRequestFilter.doFilter(OncePerRequestFilter.java:76)
E/VideoPlayer( 1157):   at org.mortbay.jetty.servlet.ServletHandler$CachedChain.doFilter(ServletHandler.java:1157)
E/VideoPlayer( 1157):   at org.mortbay.jetty.servlet.ServletHandler.handle(ServletHandler.java:388)
E/VideoPlayer( 1157):   at org.mortbay.jetty.security.SecurityHandler.handle(SecurityHandler.java:216)
E/VideoPlayer( 1157):   at org.mortbay.jetty.servlet.SessionHandler.handle(SessionHandler.java:182)
E/VideoPlayer( 1157):   at org.mortbay.jetty.handler.ContextHandler.handle(ContextHandler.java:765)
E/VideoPlayer( 1157):   at org.mortbay.jetty.webapp.WebAppContext.handle(WebAppContext.java:418)
E/VideoPlayer( 1157):   at org.mortbay.jetty.handler.ContextHandlerCollection.handle(ContextHandlerCollection.java:230)
E/VideoPlayer( 1157):   at org.mortbay.jetty.handler.HandlerCollection.handle(HandlerCollection.java:114)
E/VideoPlayer( 1157):   at org.mortbay.jetty.handler.HandlerWrapper.handle(HandlerWrapper.java:152)
E/VideoPlayer( 1157):   at org.mortbay.jetty.Server.handle(Server.java:326)
E/VideoPlayer( 1157):   at org.mortbay.jetty.HttpConnection.handleRequest(HttpConnection.java:536)
E/VideoPlayer( 1157):   at org.mortbay.jetty.HttpConnection$RequestHandler.headerComplete(HttpConnection.java:915)
E/VideoPlayer( 1157):   at org.mortbay.jetty.HttpParser.parseNext(HttpParser.java:539)
E/VideoPlayer( 1157):   at org.mortbay.jetty.HttpParser.parseAvailable(HttpParser.java:212)
E/VideoPlayer( 1157):   at org.mortbay.jetty.HttpConnection.handle(HttpConnection.java:405)
E/VideoPlayer( 1157):   at org.mortbay.io.nio.SelectChannelEndPoint.run(SelectChannelEndPoint.java:409)
E/VideoPlayer( 1157):   at org.mortbay.thread.QueuedThreadPool$PoolThread.run(QueuedThreadPool.java:582)
E/VideoPlayer( 1157): </pre>
E/VideoPlayer( 1157): <hr /><i><small>Powered by Jetty://</small></i><br/>                                                
E/VideoPlayer( 1157): <br/>                                                
E/VideoPlayer( 1157): <br/>                                                
E/VideoPlayer( 1157): <br/>                                                
E/VideoPlayer( 1157): <br/>                                                
E/VideoPlayer( 1157): <br/>                                     
W/System.err( 1157): org.json.JSONException: Value <html> of type java.lang.String cannot be converted to JSONObject
W/System.err( 1157):    at org.json.JSON.typeMismatch(JSON.java:111)
W/System.err( 1157):    at org.json.JSONObject.<init>(JSONObject.java:158)
W/System.err( 1157):    at org.json.JSONObject.<init>(JSONObject.java:171)
W/System.err( 1157):    at com.fiship.media.player.VideoPlayer.parseAdsJson(VideoPlayer.java:2465)
W/System.err( 1157):    at com.fiship.media.player.VideoPlayer.onGetADsResource(VideoPlayer.java:2435)
W/System.err( 1157):    at com.fiship.media.player.VideoPlayer.access$4300(VideoPlayer.java:85)
W/System.err( 1157):    at com.fiship.media.player.VideoPlayer$6.handleMessage(VideoPlayer.java:2218)
W/System.err( 1157):    at android.os.Handler.dispatchMessage(Handler.java:99)
W/System.err( 1157):    at android.os.Looper.loop(Looper.java:137)
W/System.err( 1157):    at android.app.ActivityThread.main(ActivityThread.java:4424)
W/System.err( 1157):    at java.lang.reflect.Method.invokeNative(Native Method)
W/System.err( 1157):    at java.lang.reflect.Method.invoke(Method.java:511)
W/System.err( 1157):    at com.android.internal.os.ZygoteInit$MethodAndArgsCaller.run(ZygoteInit.java:848)
W/System.err( 1157):    at com.android.internal.os.ZygoteInit.main(ZygoteInit.java:575)
W/System.err( 1157):    at dalvik.system.NativeStart.main(Native Method)
I/VideoPlayer( 1157): prase err
E/VideoPlayer( 1157): parseAdsJson advertInfos:0
D/VideoPlayer( 1157): subId:---resourceCode:13132---timeCode:0---assertId:---providerId:
D/OpenGLRenderer( 1157): Flushing caches (mode 0)
D/Test    ( 1157): request Url  :http://cibn-ido.longvisionmedia.com:8088/msis/getPlayURL?version=V001&terminalType=2&resolution=1280*720&resourceCode=13132&playType=1&delay=0&shifttime=0&shiftend=0&timecode=0&assetID=&providerID=&urlType=3&authKey=4f608d69ccf0e6c116f37ad8ee5745ea
D/VideoPlayer( 1157): play url:http://cibn-iss1.longvisionmedia.com:8088/vod/CIBN2013,CIBN2013040700764581.m3u8?fmt=x264_0k_mpegts&sora=1&timecode=0&sk=AFE22991AEBC31C2D0F8C08595F84DB4&UUID=996e8b74-12e9-49cd-b953-d3fab6e6c545&userCode=default&userName=default&spCode=484581254562&productCode=1&resourceCode=13132&subId=123&resourceName=&authType=2
D/dalvikvm( 1344): GC_CONCURRENT freed 465K, 78% free 1318K/5891K, paused 1ms+1ms
D/dalvikvm( 1344): GC_CONCURRENT freed 384K, 78% free 1328K/5891K, paused 1ms+0ms
D/dalvikvm( 1344): GC_CONCURRENT freed 396K, 76% free 1434K/5891K, paused 1ms+1ms
D/dalvikvm( 1344): GC_CONCURRENT freed 502K, 77% free 1366K/5891K, paused 1ms+1ms
D/dalvikvm( 1344): GC_CONCURRENT freed 434K, 78% free 1347K/5891K, paused 1ms+1ms
D/dalvikvm( 1344): GC_CONCURRENT freed 418K, 77% free 1400K/5891K, paused 1ms+1ms
D/MediaPlayerService(  744):  Create MstarPlayer
D/MstarPlayer(  744): Create MstarPlayer:0x0x527e8,Version:Release Mstar player lib Version:0015,Base CL:690305  Date:2012/11/06
D/MstarPlayer(  744): TV Local Time :  Thu May 16 09:19:38 2013
D/MstarPlayer(  744):  
D/MstarPlayer(  744): setInstance: 0x527e8
D/MstarPlayer(  744): mstar player set listener
D/MstarPlayer(  744): MstarPlayer::initCheck
D/MediaPlayerService(  744): [4] setVideoSurfaceTexture(0x52a08)
D/MstarPlayer(  744): MstarPlayer::setVideoSurfaceTexture 
D/MstarPlayer(  744): open mHwcFifoFD = 31
D/MstarPlayer(  744): MstarPlayer::prepareAsync
D/MstarPlayer(  744): 
D/MstarPlayer(  744):  MstarPlayer::doSetDataSource
D/MstarPlayer(  744): MstarPlayer::clearAllSource
D/MstarPlayer(  744): 
D/MstarPlayer(  744):  MstarPlayer::doSetDataSource: url=http://cibn-iss1.longvisionmedia.com:8088/vod/CIBN2013,CIBN2013040700764581.m3u8?fmt=x264_0k_mpegts&sora=1&timecode=0&sk=AFE22991AEBC31C2D0F8C08595F84DB4&UUID=996e8b74-12e9-49cd-b953-d3fab6e6c545&userCode=default&userName=default&spCode=484581254562&productCode=1&resourceCode=13132&subId=123&resourceName=&authType=2
D/Downloader(  744): Release Mstar Content Source CL:505596  Date:2013/04/17
D/Downloader(  744): Curl Version:libcurl/7.21.7 OpenSSL/1.0.0e
D/Downloader(  744): [downloadThread]init a multi curl done.curlm:0x32ae8 pRingBuffer:0x464d0
D/DataSource_M3U8(  744): [M3U8]ContentSource_M3U8 contruct done
D/DataSource_M3U8(  744): [M3U8] try parseURLs=http://cibn-iss1.longvisionmedia.com:8088/vod/CIBN2013,CIBN2013040700764581.m3u8?fmt=x264_0k_mpegts&sora=1&timecode=0&sk=AFE22991AEBC31C2D0F8C08595F84DB4&UUID=996e8b74-12e9-49cd-b953-d3fab6e6c545&userCode=default&userName=default&spCode=484581254562&productCode=1&resourceCode=13132&subId=123&resourceName=&authType=2
D/DataSource_M3U8(  744): bg thread ready to run
D/DataSource_M3U8(  744): bg thread 273744
D/DataSource_M3U8(  744): bg thread ready to run
D/Downloader(  744): [downloadThread]Downloader::removeTask  
D/Downloader(  744): [downloadThread]StartTask:url :http://cibn-iss1.longvisionmedia.com:8088/vod/CIBN2013,CIBN2013040700764581.m3u8?fmt=x264_0k_mpegts&sora=1&timecode=0&sk=AFE22991AEBC31C2D0F8C08595F84DB4&UUID=996e8b74-12e9-49cd-b953-d3fab6e6c545&userCode=default&userName=default&spCode=484581254562&productCode=1&resourceCode=13132&subId=123&resourceName=&authType=2
D/Downloader(  744): header_callback : -->HTTP/1.0 200 OK
D/Downloader(  744): 
D/Downloader(  744): header_callback : -->Server: nginx/1.2.2
D/Downloader(  744): 
D/Downloader(  744): header_callback : -->Date: Thu, 16 May 2013 01:19:38 GMT
D/Downloader(  744): 
D/Downloader(  744): header_callback : -->Content-Type: application/octet-stream
D/Downloader(  744): 
D/Downloader(  744): Content-Type: application/octet-stream
D/Downloader(  744): 
D/Downloader(  744): header_callback : -->Content-Length: 97
D/Downloader(  744): 
D/Downloader(  744): Content-Length: 97
D/Downloader(  744): 
D/Downloader(  744): header_callback : -->Powered-By-ChinaCache: MISS from CHN-NT-3-3FC
D/Downloader(  744): 
D/Downloader(  744): header_callback : -->Powered-By-ChinaCache: MISS from CHN-DG-4-35F
D/Downloader(  744): 
D/Downloader(  744): header_callback : -->Connection: keep-alive
D/Downloader(  744): 
D/Downloader(  744): header_callback : -->
D/Downloader(  744): 
D/Downloader(  744): Downloadserver bandWidth:5139
D/Downloader(  744): Downloadserver bandWidth:5139
D/Downloader(  744): Downloadserver bandWidth:5139
D/Downloader(  744): Downloadserver bandWidth:5139
D/DataSource_M3U8(  744): parseURLs : waiting 160 ms 
D/DataSource_M3U8(  744): [M3U8] file: NULL line 
D/DataSource_M3U8(  744): HLS=====>> Live Stream!!!!
D/DataSource_M3U8(  744):  bMultAlterBandwidthStream = 1  urlNum=1 
D/Downloader(  744): [downloadThread]background worker recv DOWNLOADER_COMMAND_REMOVE_TASK
D/Downloader(  744): [downloadThread]Downloader::removeTask  
D/Downloader(  744): [downloadThread]DOWNLOADER_COMMAND_REMOVE_TASK done
D/DataSource_M3U8(  744): [M3U8] try parseURLs=http://cibn-iss1.longvisionmedia.com:8088/vod/CIBN2013_CIBN2013040700764581_1433.m3u8
D/Downloader(  744): [downloadThread]Downloader::removeTask  
D/Downloader(  744): [downloadThread]StartTask:url :http://cibn-iss1.longvisionmedia.com:8088/vod/CIBN2013_CIBN2013040700764581_1433.m3u8
D/dalvikvm( 1157): GC_EXPLICIT freed 492K, 15% free 54782K/63747K, paused 2ms+10ms
E/StrictMode( 1157): class com.fiship.media.ProgramDetailActivity; instances=3; limit=1
E/StrictMode( 1157): android.os.StrictMode$InstanceCountViolation: class com.fiship.media.ProgramDetailActivity; instances=3; limit=1
E/StrictMode( 1157):    at android.os.StrictMode.setClassInstanceLimit(StrictMode.java:1)
D/Downloader(  744): header_callback : -->HTTP/1.0 200 OK
D/Downloader(  744): 
D/Downloader(  744): header_callback : -->Server: nginx/1.2.2
D/Downloader(  744): 
D/Downloader(  744): header_callback : -->Date: Thu, 16 May 2013 01:19:39 GMT
D/Downloader(  744): 
D/Downloader(  744): header_callback : -->Content-Type: application/octet-stream
D/Downloader(  744): 
D/Downloader(  744): Content-Type: application/octet-stream
D/Downloader(  744): 
D/Downloader(  744): header_callback : -->Content-Length: 47591
D/Downloader(  744): 
D/Downloader(  744): Content-Length: 47591
D/Downloader(  744): 
D/Downloader(  744): header_callback : -->Powered-By-ChinaCache: MISS from CHN-BI-3-3n4
D/Downloader(  744): 
D/Downloader(  744): header_callback : -->Powered-By-ChinaCache: MISS from CHN-DG-4-35F
D/Downloader(  744): 
D/Downloader(  744): header_callback : -->Connection: keep-alive
D/Downloader(  744): 
D/Downloader(  744): header_callback : -->
D/Downloader(  744): 
D/dalvikvm( 1344): GC_CONCURRENT freed 473K, 76% free 1448K/5891K, paused 1ms+1ms
D/Downloader(  744): Downloadserver bandWidth:1100369
D/Downloader(  744): Downloadserver bandWidth:1100369
D/Downloader(  744): Downloadserver bandWidth:1100369
D/Downloader(  744): Downloadserver bandWidth:1100369
D/DataSource_M3U8(  744): parseURLs : waiting 350 ms 
D/DataSource_M3U8(  744): [M3U8]clear mFragements[0]
D/DataSource_M3U8(  744): bSupportAutoChangeServer = 1 
D/DataSource_M3U8(  744): u32HLSSreamNum[0]===>u32BandWidth:1433000 
D/DataSource_M3U8(  744): getHLSPlayListInex  DownloadBandWidth:1100369   uInDex=0
D/Downloader(  744): [downloadThread]background worker recv DOWNLOADER_COMMAND_REMOVE_TASK
D/Downloader(  744): [downloadThread]Downloader::removeTask  
D/Downloader(  744): [downloadThread]DOWNLOADER_COMMAND_REMOVE_TASK done
D/DataSource_M3U8(  744): 
D/DataSource_M3U8(  744):  parseM3u8SubStreamType :  E_CONTENT_VIDEO_TS
D/DataSource_M3U8(  744): [M3U8]----->post cmd for start first url:http://cibn-iss1.longvisionmedia.com:8088/vod/CIBN2013_CIBN2013040700764581_1433/1.ts, knowedFileSize:0
D/MstarPlayer(  744): getTimeCode() pcTimeCode:timecode=0&sk=AFE22991AEBC31C2D0F8C08595F84DB4&UUID=996e8b74-12e9-49cd-b953-d3fab6e6c545&userCode=default&userName=default&spCode=484581254562&productCode=1&resourceCode=13132&subId=123&resourceName=&authType=2
D/MstarPlayer(  744): pengyao:url:http://cibn-iss1.longvisionmedia.com:8088/vod/CIBN2013,CIBN2013040700764581.m3u8?fmt=x264_0k_mpegts&sora=1&timecode=0&sk=AFE22991AEBC31C2D0F8C08595F84DB4&UUID=996e8b74-12e9-49cd-b953-d3fab6e6c545&userCode=default&userName=default&spCode=48458
[  483.074762] [irq_proc_open][373] -16
1254562&productCode=1&resourceCode=13132&subId=123&resourceName=&authType=2 
D/MstarPlayer(  744): pengyao:timecode:0 
D/MstarPlayer(  744): MstarPlayer::doPrepare
D/MstarPlayer(  744): create MSrv_MM_PlayerInterface
D/Downloader(  744): [downloadThread]Downloader::removeTask  
D/Downloader(  744): [downloadThread]StartTask:url :http://cibn-iss1.longvisionmedia.com:8088/vod/CIBN2013_CIBN2013040700764581_1433/1.ts
D/MstarPlayer(  744): E_CONTENT_VIDEO_TS
D/MstarPlayer(  744): ===> GET source FILE Size -1 
D/MstarPlayer(  744): play content is video
D/MMPlayer(  744): constructor: 0x42b88
D/MMPlayer(  744): 
D/MMPlayer(  744): connect
D/MMPlayer(  744): 
D/MMPlayer(  744): getMMPlayerService
D/IMMPlayerService(  744): Send CONNECT
D/IMMPlayer(  744): Send INITIALIZE
I//lib/ld-linux.so.3(  748): V/MMPlayerService( 754 1270): MMPlayerService::connect(callingPid 744, client 0x6df00648)
I//lib/ld-linux.so.3(  748): V/MMPlayerService( 754 1270): MMPlayerService::Client constructor(callingPid 744)
I//lib/ld-linux.so.3(  748): D/MMPlayerService( 754 1270): setState =0
I//lib/ld-linux.so.3(  748): MMPlayerService::Client::MM_Initialize()
I//lib/ld-linux.so.3(  748): MSrv_MM_PhotoPlayer::Initialize().
I//lib/ld-linux.so.3(  748): mapi_cpcodec::Initialize(). eDecoderPath:2
I//lib/ld-linux.so.3(  748): Thread name: mapi_cpcodec.
I//lib/ld-linux.so.3(  748): MIU interval 0x60000000.
I//lib/ld-linux.so.3(  748): E_MMAP_ID_XC_MAIN_FB PA: 0x17bc1000, VA: 0x457c8000, size: 0x1800000, IsMIU0: 1.
I//lib/ld-linux.so.3(  748): E_MMAP_ID_PHOTO_SHAREMEM PA: 0x167bc000, VA: 0x443c3000, size: 0x400, IsMIU0: 1.
I//lib/ld-linux.so.3(  748): E_MMAP_ID_JPD_READ PA: 0x167bc400, VA: 0x443c3400, size: 0x50080, IsMIU0: 1.
I//lib/ld-linux.so.3(  748): E_MMAP_ID_JPD_WRITE PA: 0x1680c480, VA: 0x44413480, size: 0x3fc000, IsMIU0: 1.
I//lib/ld-linux.so.3(  748): E_MMAP_ID_PHOTO_DISPLAY PA: 0x163c0000, VA: 0x43fc7000, size: 0x3fc000, IsMIU0: 1.
I//lib/ld-linux.so.3(  748): E_MMAP_ID_PHOTO_INTER PA: 0x16c08480, VA: 0x4480f480, size: 0x630000, IsMIU0: 1.
I//lib/ld-linux.so.3(  748): E_MMAP_ID_PHOTO_MPO_INTER PA: 0x17238480, VA: 0x44e3f480, size: 0x3fc000, IsMIU0: 1.
I//lib/ld-linux.so.3(  748): E_MMAP_ID_VDPLAYER_DATA PA: 0x163c0000, VA: 0x43fc7000, size: 0x1000, IsMIU0: 1.
I//lib/ld-linux.so.3(  748): E_MMAP_ID_VDPLAYER_BITSTREAM PA: 0x16d40000, VA: 0x44947000, size: 0x400000, IsMIU0: 1.
I//lib/ld-linux.so.3(  748): E_MMAP_ID_VDPLAYER_BITSTREAM_EXT PA: 0x16940000, VA: 0x44547000, size: 0x400000, IsMIU0: 1.
I//lib/ld-linux.so.3(  748): E_MMAP_ID_SUBTITLE PA: 0x16740000, VA: 0x44347000, size: 0x1e0000, IsMIU0: 1.
I//lib/ld-linux.so.3(  748): E_MMAP_ID_MAD_DEC PA: 0x15c40000, VA: 0x43847000, size: 0x280000, IsMIU0: 1.
I//lib/ld-linux.so.3(  748): E_MMAP_ID_VDEC_CPU PA: 0x1b800000, VA: 0x49407000, size: 0x200000, IsMIU0: 1.
I//lib/ld-linux.so.3(  748): E_MMAP_ID_VDEC_FRAMEBUFFER PA: 0x1ba00000, VA: 0x49607000, size: 0x1b00000, IsMIU0: 1.
I//lib/ld-linux.so.3(  748): E_MMAP_ID_VDEC_FRAMEBUFFERSD PA: 0x1ba00000, VA: 0x49607000, size: 0x1b00000, IsMIU0: 1.
I//lib/ld-linux.so.3(  748): E_MMAP_ID_VDEC_BITSTREAM PA: 0x1d500000, VA: 0x4b107000, size: 0x800000, IsMIU0: 1.
I//lib/ld-linux.so.3(  748): E_MMAP_ID_VDEC_MVC_FRAMEBUFFER PA: 0x1ba00000, VA: 0x49607000, size: 0x2b00000, IsMIU0: 1.
