shell@android:/ # logcat
--------- beginning of /dev/log/system
I/Vold    (  738): Vold 2.1 (the revenge) firing up
E/Vold    (  738): Error reading configuration (No such file or directory)... continuing anyways
D/Vold    (  738): can not get the uuid of /dev/block/vold/8:0 when device add
D/Vold    (  738): can not get the uuid of /dev/block/vold/8:0 when device remove
I/SystemServer(  950): Entered the Android system server!
I/SystemServer(  950): Entropy Service
I/SystemServer(  950): Power Manager
I/SystemServer(  950): Activity Manager
I/ActivityManager(  950): Enabled StrictMode logging for AThread's Looper
I/SystemServer(  950): Telephony Registry
I/SystemServer(  950): Package Manager
W/PackageManager(  950): Running ENG build: no pre-dexopt!
W/PackageManager(  950): Library not found: /system/framework/com.android.future.usb.accessory.jar
W/PackageParser(  950): No actions in intent filter at /system/app/Bluetooth.apk Binary XML file line #125
I/PackageParser(  950): com.coship.HS: compat added android.permission.WRITE_EXTERNAL_STORAGE android.permission.READ_PHONE_STATE
W/PackageParser(  950): No actions in intent filter at /system/app/CIBN_out.apk Binary XML file line #172
W/PackageParser(  950): No actions in intent filter at /system/app/Contacts.apk Binary XML file line #525
I/PackageParser(  950): com.coship.cw880: compat added android.permission.WRITE_EXTERNAL_STORAGE android.permission.READ_PHONE_STATE
W/PackageParser(  950): Problem in package /system/app/STB-Settings.apk:
W/PackageParser(  950): Unknown element under <activity>: data at /system/app/STB-Settings.apk Binary XML file line #145
W/PackageParser(  950): Problem in package /system/app/STB-Settings.apk:
W/PackageParser(  950): Unknown element under <activity>: action at /system/app/STB-Settings.apk Binary XML file line #231
W/PackageParser(  950): Problem in package /system/app/STB-Settings.apk:
W/PackageParser(  950): Unknown element under <activity>: action at /system/app/STB-Settings.apk Binary XML file line #232
W/PackageParser(  950): Problem in package /system/app/STB-Settings.apk:
W/PackageParser(  950): Unknown element under <activity>: action at /system/app/STB-Settings.apk Binary XML file line #289
W/PackageParser(  950): Problem in package /system/app/STB-Settings.apk:
W/PackageParser(  950): Unknown element under <activity>: action at /system/app/STB-Settings.apk Binary XML file line #393
W/PackageParser(  950): Problem in package /system/app/STB-Settings.apk:
W/PackageParser(  950): Unknown element under <activity>: action at /system/app/STB-Settings.apk Binary XML file line #394
I/PackageParser(  950): com.iflytek.vaf.TouchKey: compat added android.permission.WRITE_EXTERNAL_STORAGE android.permission.READ_PHONE_STATE
W/PackageParser(  950): No actions in intent filter at /system/app/com.coship.Multimedia.apk Binary XML file line #97
W/PackageParser(  950): No actions in intent filter at /system/app/com.coship.Multimedia.apk Binary XML file line #104
I/PackageParser(  950): com.coship.Multimedia: compat added android.permission.READ_PHONE_STATE
W/PackageParser(  950): No actions in intent filter at /system/app/com.coship.NetworkNavigation.apk Binary XML file line #24
W/PackageParser(  950): No actions in intent filter at /system/app/com.coship.NetworkNavigation.apk Binary XML file line #31
W/PackageParser(  950): No actions in intent filter at /system/app/com.coship.NetworkNavigation.apk Binary XML file line #38
W/PackageParser(  950): No actions in intent filter at /system/app/com.coship.NetworkNavigation.apk Binary XML file line #45
W/PackageParser(  950): No actions in intent filter at /system/app/com.coship.NetworkNavigation.apk Binary XML file line #52
W/PackageParser(  950): No actions in intent filter at /system/app/com.coship.app.vaf.apk Binary XML file line #58
I/PackageParser(  950): com.coship.dvbplayer: compat added android.permission.READ_PHONE_STATE
W/PackageParser(  950): No actions in intent filter at /system/app/com.coship.dvbsetting.apk Binary XML file line #103
W/PackageParser(  950): No actions in intent filter at /system/app/com.coship.dvbsetting.apk Binary XML file line #111
W/PackageParser(  950): No actions in intent filter at /system/app/com.coship.dvbsetting.apk Binary XML file line #119
W/PackageParser(  950): No actions in intent filter at /system/app/com.coship.dvbsetting.apk Binary XML file line #127
W/PackageParser(  950): No actions in intent filter at /system/app/com.coship.dvbsetting.apk Binary XML file line #135
W/PackageParser(  950): No actions in intent filter at /system/app/com.coship.dvbsetting.apk Binary XML file line #141
W/PackageParser(  950): No actions in intent filter at /system/app/com.coship.dvbsetting.apk Binary XML file line #155
W/PackageParser(  950): No actions in intent filter at /system/app/com.coship.dvbsetting.apk Binary XML file line #163
W/PackageParser(  950): No actions in intent filter at /system/app/com.coship.dvbsetting.apk Binary XML file line #172
W/PackageParser(  950): No actions in intent filter at /system/app/com.coship.dvbsetting.apk Binary XML file line #180
W/PackageParser(  950): No actions in intent filter at /system/app/com.coship.dvbsetting.apk Binary XML file line #187
W/PackageParser(  950): No actions in intent filter at /system/app/com.coship.dvbsetting.apk Binary XML file line #195
W/PackageParser(  950): No actions in intent filter at /system/app/com.coship.dvbsetting.apk Binary XML file line #202
W/PackageParser(  950): No actions in intent filter at /system/app/com.coship.dvbsetting.apk Binary XML file line #210
W/PackageParser(  950): No actions in intent filter at /system/app/com.coship.dvbsetting.apk Binary XML file line #217
W/PackageParser(  950): No actions in intent filter at /system/app/com.coship.dvbsetting.apk Binary XML file line #223
W/PackageParser(  950): No actions in intent filter at /system/app/com.coship.dvbsetting.apk Binary XML file line #230
W/PackageParser(  950): No actions in intent filter at /system/app/com.coship.dvbsetting.apk Binary XML file line #236
I/PackageParser(  950): com.coship.dvbsetting: compat added android.permission.READ_PHONE_STATE
W/PackageManager(  950): Unable to update from com.android.settings to com.coship.dvbsetting: old package still exists
I/Installer(  950): connecting...
I/PackageManager(  950): Time to scan packages: 1.826 seconds
W/PackageManager(  950): Unknown permission android.permission.APPWIDGET_LIST in package com.iflytek.vaf
W/PackageManager(  950): Unknown permission android.permission.APPWIDGET_LIST in package com.biaoqi.stbwidget.host
W/PackageManager(  950): Unknown permission com.android.launcher.permission.READ_SETTINGS in package com.coship.dvbsetting
W/PackageManager(  950): Unknown permission com.android.launcher.permission.WRITE_SETTINGS in package com.coship.dvbsetting
W/PackageManager(  950): Unknown permission android.permission.APPWIDGET_LIST in package com.mstar.appwidget
W/PackageManager(  950): Unknown permission android.permission.ADD_SYSTEM_SERVICE in package com.coship.sdp.sce.tvappstore
W/PackageManager(  950): Unknown permission android.permission.READ_EXTERNAL_STORAGE in package com.coship.sdp.sce.tvappstore
W/PackageManager(  950): Unknown permission com.google.android.gm.permission.WRITE_GMAIL in package com.coship.sdp.sce.tvappstore
W/PackageManager(  950): Unknown permission com.google.android.gm.permission.READ_GMAIL in package com.coship.sdp.sce.tvappstore
W/PackageManager(  950): Unknown permission com.android.launcher.permission.INSTALL_SHORTCUT in package com.android.browser
W/PackageManager(  950): Unknown permission com.google.android.gm.permission.WRITE_GMAIL in package com.coship.app.vaf
W/PackageManager(  950): Unknown permission com.google.android.gm.permission.READ_GMAIL in package com.coship.app.vaf
W/PackageManager(  950): Unknown permission com.android.launcher.permission.READ_SETTINGS in package com.coship.app.vaf
W/PackageManager(  950): Unknown permission com.android.launcher.permission.WRITE_SETTINGS in package com.coship.app.vaf
W/PackageManager(  950): Unknown permission com.google.android.gm.permission.WRITE_GMAIL in package com.coship.TestApp
W/PackageManager(  950): Unknown permission com.google.android.gm.permission.READ_GMAIL in package com.coship.TestApp
W/PackageManager(  950): Unknown permission com.android.launcher.permission.READ_SETTINGS in package com.coship.TestApp
W/PackageManager(  950): Unknown permission com.android.launcher.permission.WRITE_SETTINGS in package com.coship.TestApp
W/PackageManager(  950): Unknown permission android.permission.WRITE_OWNER_DATA in package com.iflytek.speech
W/PackageManager(  950): Unknown permission android.permission.BAIDU_LOCATION_SERVICE in package com.iflytek.speech
W/PackageManager(  950): Unknown permission android.permission.WRITE_OWNER_DATA in package com.coship.UpdateApp
W/PackageManager(  950): Unknown permission android.permission.READ_OWNER_DATA in package com.coship.UpdateApp
W/PackageManager(  950): Unknown permission android.permission.APPWIDGET_LIST in package com.iflytek.xiri.recorder.svc
W/PackageManager(  950): Unknown permission android.permission.ADD_SYSTEM_SERVICE in package com.coship.netfirmware
W/PackageManager(  950): Unknown permission android.permission.READ_SETTINGS in package com.android.settings
W/PackageManager(  950): Unknown permission com.android.launcher.permission.READ_SETTINGS in package com.android.settings
W/PackageManager(  950): Unknown permission com.android.launcher.permission.WRITE_SETTINGS in package com.android.settings
W/PackageManager(  950): Unknown permission android.permission.WRITE_OWNER_DATA in package com.coship.Multimedia
W/PackageManager(  950): Unknown permission android.permission.READ_OWNER_DATA in package com.coship.Multimedia
W/PackageManager(  950): Unknown permission android.permission.WRITE_OWNER_DATA in package com.coship.NetworkNavigation
W/PackageManager(  950): Unknown permission android.permission.READ_OWNER_DATA in package com.coship.NetworkNavigation
I/SystemServer(  950): Account Manager
I/SystemServer(  950): Content Manager
I/SystemServer(  950): System Content Providers
I/SystemServer(  950): Lights Service
I/SystemServer(  950): Battery Service
I/SystemServer(  950): Pppoe Service
I/SystemServer(  950): Vibrator Service
I/SystemServer(  950): Alarm Manager
I/SystemServer(  950): Init Watchdog
I/SystemServer(  950): Window Manager
I/InputManager(  950): Initializing input manager
W/StatusBarManager(  950): warning: no STATUS_BAR_SERVICE
I/InputManager(  950): Starting input manager
I/WindowManager(  950): Enabled StrictMode logging for WMThread's Looper
I/SystemServer(  950): Bluetooth Service
I/WindowManager(  950): Enabled StrictMode for PolicyThread's Looper
I/SystemServer(  950): Input Method Service
W/InputManagerService(  950): Couldn't create dir.: /data/system/inputmethod
I/SystemServer(  950): Accessibility Manager
I/ActivityManager(  950): Config changed: {1.0 0mcc0mnc zh_CN layoutdir=0 sw720dp w1280dp h720dp xlrg long land ?uimode ?night -touch -keyb/v/h -nav/h s.2}
I/SystemServer(  950): TV
I/SystemServer(  950): Device Policy
I/SystemServer(  950): Status Bar
I/SystemServer(  950): Clipboard Service
I/SystemServer(  950): NetworkManagement Service
I/SystemServer(  950): Text Service Manager Service
W/TextServicesManagerService(  950): no available spell checker services found
I/SystemServer(  950): NetworkStats Service
I/SystemServer(  950): NetworkPolicy Service
I/SystemServer(  950): Wi-Fi P2pService
D/WifiP2pService(  950): P2pDisabledState
E/WifiP2pService(  950): Failed to reload sta firmware java.lang.NullPointerException
D/WifiP2pService(  950): mThisDevice.deviceAddress=a6:a8:20:13:03:6e
I/SystemServer(  950): Wi-Fi Service
D/WifiP2pService(  950): P2pDisabledState{ what=69633 when=0 }
D/WifiP2pService(  950): DefaultState{ what=69633 when=-1ms }
D/WifiP2pService(  950): P2pDisabledState{ what=69632 when=0 obj=com.android.internal.util.AsyncChannel@41475e78 }
D/WifiP2pService(  950): DefaultState{ what=69632 when=0 obj=com.android.internal.util.AsyncChannel@41475e78 }
D/WifiP2pService(  950): Full connection with WifiStateMachine established
D/WifiP2pService(  950): P2pDisabledState{ what=69633 when=0 }
D/WifiP2pService(  950): DefaultState{ what=69633 when=0 }
D/WifiP2pService(  950): P2pDisabledState{ what=69632 when=0 obj=com.android.internal.util.AsyncChannel@415448c0 }
D/WifiP2pService(  950): DefaultState{ what=69632 when=0 obj=com.android.internal.util.AsyncChannel@415448c0 }
D/WifiP2pService(  950): Full connection with WifiStateMachine established
I/SystemServer(  950): Connectivity Service
D/ConnectivityService(  950): ConnectivityService starting up
E/ConnectivityService(  950): Error in radioAttributes - ignoring attempt to redefine type 1
D/ConnectivityService(  950): Starting Pppoe StateTracker
D/ConnectivityService(  950): Starting Ethernet Service.
V/EthernetStateTracker(  950): Ethernet State Tracker v1.0.6
V/EthernetStateTracker(  950): successed to init device!
I/EthernetService(  950): Ethernet dev enabled 2
V/EthernetService(  950): device 0 name eth0
V/EthernetStateTracker(  950): start to monitor the ethernet devices . . .
I/EthernetManager(  950): Init Ethernet Manager, service: com.android.server.EthernetService@415793b0
I/EthernetStateTracker(  950): reset device eth0
V/EthernetMonitor(  950): go poll events
I/EthernetStateTracker(  950): trigger dhcp for device eth0
I/EthernetStateTracker(  950): reset device eth0
D/EthernetStateTracker(  950): DhcpHandler: DHCP request started
I/EthernetStateTracker(  950): trigger dhcp for device eth0
E/MobileDataStateTracker(  950): default: Ignoring feature request because could not acquire PhoneService
E/MobileDataStateTracker(  950): default: Could not enable APN type "default"
D/NetworkManagementService(  950): Registering observer
D/NetworkManagementService(  950): Registering observer
I/WifiService(  950): WifiService starting up with Wi-Fi enabled
D/WifiP2pService(  950): P2pDisabledState{ what=131203 when=0 }
I/WifiService(  950): WifiService starting up with Wi-Fi AP disabled
I/SystemServer(  950): Throttle Service
I/SystemServer(  950): Mount Service
D/MountService(  950): got storage path: /mnt/sdcard description: USB 存储器 primary: true removable: false emulated: false mtpReserve: 0 allowMassStorage: false maxFileSize: 0
D/MountService(
[  798.651211] IR: [03932] scan key value is 0xec13c936 
[  798.651216]    950): mExternalStoragePath:/mnt/sdcard
I/SystemServer(  950): Notification Manager
I/SystemServer(  950): Device Storage Monitor
I/SystemServer(  950): Location Manager
I/SystemServer(  950): Country Detector
I/SystemServer(  950): Search Service
I/SystemServer(  950): DropBox Service
I/SystemServer(  950): Wallpaper Service
D/VoldCmdListener(  738): volume list
I/SystemServer(  950): Audio Service
I/SystemServer(  950): Camera Observer
I/SystemServer(  950): Microphone Observer
I/SystemServer(  950): Wired A
[  798.703809] IR: [03932] scan key value is 0xec13c936 
[  798.703814]  ccessory Observer
I/SystemServer(  950): USB Service
I/SystemServer(  950): UI Mode Manager Service
I/SystemServer(  950): Backup Service
V/BackupManagerService(  950): Initializing package tracking
V/BackupManagerService(  950): No ancestral data
V/BackupManagerService(  950): addPackageParticipantsLocked: all
I/BackupManagerService(  950): New app android never backed up; scheduling
I/BackupManagerService(  950): New app com.android.browser never backed up; scheduling
I/BackupManagerService(  950): New app com.android.providers.settings never backed up; scheduling
I/BackupManagerService(  950): New app com.android.providers.userdictionary never backed up; scheduling
I/BackupManagerService(  950): New app com.android.sharedstoragebackup never backed up; scheduling
V/BackupManagerService(  950): Registering transport android/com.android.internal.backup.LocalTransport = com.android.internal.backup.LocalTransport@41623080
V/BackupManagerService(  950): Starting with transport android/com.android.internal.backup.LocalTransport
V/BackupManagerService(  950): Google transport not present
I/BackupManagerService(  950): Backup enabled => false
I/BackupManagerService(  950): Opting out of backup
I/SystemServer(  950): AppWidget Service
I/SystemServer(  950): Recognition Service
I/SystemServer(  950): DiskStats Service
I/SystemServer(  950): SamplingProfiler Service
I/SystemServer(  950): NetworkTimeUpdateService
D/PowerManagerService(  950): system ready!
I/ActivityManager(  950): System now ready
I/SystemServer(  950): Making services ready
I/ActivityManager(  950): Start proc com.mstar.dbprovider for content provider com.mstar.dbprovider/.MstTvUserSettingProvider: pid=1122 uid=10017 gids={}
D/NetworkManagementService(  950): rsp <213 a4:a8:20:13:03:6e 0.0.0.0 0 [down broadcast multicast]>
D/NetworkManagementService(  950): flags <[down broadcast multicast]>
D/SystemServer(  950): Starting service: Intent { cmp=com.android.systemui/.SystemUIService }
V/EthernetMonitor(  950): get event 
V/EthernetMonitor(  950): go poll events
I/ActivityManager(  950): Start proc com.android.systemui for service com.android.systemui/.SystemUIService: pid=1141 uid=1000 gids={3003, 1015, 3002, 3001, 3004}
D/NetworkManagementService(  950): enabling bandwidth control
D/SystemUIService( 1141): loading: class com.android.systemui.statusbar.tablet.TabletStatusBar
D/SystemUIService( 1141): running: com.android.systemui.statusbar.tablet.TabletStatusBar@413aec70
I/ActivityManager(  950): Memory class: 64
D/NetworkManagementService(  950): Registering observer
D/NetworkManagementService(  950): Registering observer
I/ActivityManager(  950): Config changed: {1.0 0mcc0mnc zh_CN layoutdir=0 sw720dp w1280dp h720dp xlrg long land -touch -keyb/v/h -nav/h s.3}
W/RecognitionManagerService(  950): no available voice recognition services found
W/InputManagerService(  950): Ignoring setImeWindowStatus of uid 1000 token: null
I/ActivityManager(  950): Start proc com.android.inputmethod.pinyin for service com.android.inputmethod.pinyin/.PinyinIME: pid=1196 uid=10020 gids={3003}
D/NetworkManagementService(  950): Registering observer
I/SystemServer(  950): SIP Service
W/ThrottleService(  950): unable to find stats for iface rmnet0
I/ActivityManager(  950): Start proc com.google.process.gapps for service com.google.android.location/.NetworkLocationService: pid=1229 uid=10012 gids={3003, 1015, 2001, 1007}
I/ActivityManager(  950): Start proc com.fiship.cibn for added application com.fiship.cibn: pid=1243 uid=10005 gids={3003, 1015}
I/ActivityManager(  950): Start proc com.coship.sdp.sce.tvappstore for added application com.coship.sdp.sce.tvappstore: pid=1250 uid=1000 gids={3003, 1015, 3002, 3001, 3004}
I/ActivityManager(  950): Start proc com.coship.easycontrolime for added application com.coship.easycontrolime: pid=1262 uid=10011 gids={3003}
I/ActivityManager(  950): Start proc com.coship.netfirmware for added application com.coship.netfirmware: pid=1277 uid=1000 gids={3003, 1015, 3002, 3001, 3004}
I/ActivityManager(  950): Start proc com.iflytek.vaf.TouchKey for added application com.iflytek.vaf.TouchKey: pid=1287 uid=10030 gids={1015}
D/ActivityManager(  950): propValue:1
D/ActivityManager(  950): start startWizard......
I/ActivityManager(  950): START {act=android.intent.action.startwizard cat=[android.intent.category.DEFAULT] flg=0x10000000 cmp=com.coship.BootWizard/.main} from pid 0
I/ActivityManager(  950): Start proc com.coship.BootWizard for activity com.coship.BootWizard/.main: pid=1304 uid=1000 gids={3003, 1015, 3002, 3001, 3004}
I/SystemServer(  950): Enabled StrictMode for system server main thread.
I/EthernetStateTracker(  950): received interface reset event
I/EthernetStateTracker(  950): reset device eth0
I/EthernetStateTracker(  950): trigger dhcp for device eth0
I/StatusBar.HeightReceiver( 1141): Resizing status bar plugged=false height=48 old=0
W/ActivityThread( 1229): ClassLoader.loadClass: The class loader returned by Thread.getContextClassLoader() may fail for processes that host multiple applications. You should explicitly specify a context class loader. For example: Thread.setContextClassLoader(getClass().getClassLoader());
W/MountService(  950): getVolumeState(/mnt/sdcard): Unknown volume
W/MountService(  950): getVolumeState(/mnt/sdcard): Unknown volume
I/StatusBarManagerService(  950): registerStatusBar bar=com.android.internal.statusbar.IStatusBar$Stub$Proxy@415919f8
D/SystemUIService( 1141): loading: class com.android.systemui.power.PowerUI
D/SystemUIService( 1141): running: com.android.systemui.power.PowerUI@41452610
I/StatusBar.HeightReceiver( 1141): Resizing status bar plugged=false height=48 old=48
I/StatusBar.HeightReceiver( 1141): Resizing status bar plugged=false height=48 old=48
D/WifiService(  950): New client listening to asynchronous messages
D/PowerManagerService(  950): bootCompleted
V/DevicePolicyManagerService(  950): Sending password expiration notifications for action android.intent.action.BOOT_COMPLETED
I/ActivityManager(  950): Start proc com.android.contacts for broadcast com.android.contacts/.calllog.CallLogReceiver: pid=1351 uid=10001 gids={3003, 1015}
V/WiredAccessoryObserver(  950): init()
W/WiredAccessoryObserver(  950): This kernel does not have wired headset support
W/WiredAccessoryObserver(  950): This kernel does not have wired headset support
W/WiredAccessoryObserver(  950): This kernel does not have wired headset support
I/ActivityManager(  950): Start proc com.fiship.media for broadcast com.fiship.media/com.fiship.otoService.BootReceiver: pid=1384 uid=10000 gids={3003, 1015}
I/ActivityManager(  950): Start proc android.process.acore for content provider com.android.providers.contacts/.CallLogProvider: pid=1426 uid=10001 gids={3003, 1015}
V/EthernetMonitor(  950): get event eth0:17:
V/EthernetMonitor(  950): dev: eth0 ev 17
I/EthernetStateTracker(  950): report new state DISCONNECTED on dev eth0
V/EthernetStateTracker(  950): update network state tracker
V/EthernetMonitor(  950): go poll events
V/EthernetMonitor(  950): get event eth0:17:
V/EthernetMonitor(  950): dev: eth0 ev 17
I/EthernetStateTracker(  950): report new state DISCONNECTED on dev eth0
V/EthernetStateTracker(  950): update network state tracker
V/EthernetMonitor(  950): go poll events
I/EthernetStateTracker(  950): received disconnected events, stack=false CC=false
I/EthernetStateTracker(  950): setState, skip: 4
I/EthernetStateTracker(  950): received disconnected events, stack=false CC=false
I/EthernetStateTracker(  950): setState, skip: 4
W/MountService(  950): getVolumeState(/mnt/sdcard): Unknown volume
I/ActivityManager(  950): Start proc android.process.media for content provider com.android.providers.downloads/.DownloadProvider: pid=1469 uid=10010 gids={1015, 1023, 1024, 2001, 3003, 3007}
I/MicrophoneObserver(  950): Microphone PLUG_IN
W/MountService(  950): getVolumeState(/mnt/sdcard): Unknown volume
I/ActivityManager(  950): Start proc com.coship.HS for broadcast com.coship.HS/.AutoStartReceiver: pid=1496 uid=1000 gids={3003, 1015, 3002, 3001, 3004}
V/EthernetMonitor(  950): get event 
V/EthernetMonitor(  950): go poll events
V/EthernetMonitor(  950): get event 
V/EthernetMonitor(  950): go poll events
I/ActivityManager(  950): Start proc com.android.providers.calendar for broadcast com.android.providers.calendar/.CalendarReceiver: pid=1511 uid=10006 gids={3003, 1015}
I/ActivityManager(  950): Start proc com.coship.cw880 for broadcast com.coship.cw880/.BootCw880Recive: pid=1536 uid=1000 gids={3003, 1015, 3002, 3001, 3004}
I/ActivityManager(  950): START {flg=0x10000000 cmp=com.google.android.gsf/.update.SystemUpdateInstallDialog} from pid 1229
I/ActivityManager(  950): Start proc com.android.settings for broadcast com.android.settings/.SettingGlobalReceiver: pid=1562 uid=
[  799.485422] IR: [03932] scan key value is 0xec13c936 
[  799.485426]  1000 gids={3003, 1015, 3002, 3001, 3004}
I/ActivityManager(  950): Start proc com.iflytek.vac for broadcast com.iflytek.vaf/com.iflytek.vocmd.Loader: pid=1578 uid=10028 gids={3003, 1015}
W/InputManagerService(  950): Window already focused, ignoring focus gain of: com.android.internal.view.IInputMethodClient$Stub$Proxy@4165bac0
I/ActivityManager(  950): Start proc com.coship.changetheaudiooutput for broadcast com.coship.changetheaudiooutput/.BootCompletedReceiver: pid=1596 uid=10032 gids={3002, 3001, 3004}
I/ActivityMa
[  799.538019] IR: [03932] scan key value is 0xec13c936 
[  799.538024]  nager(  950): Start proc com.iflytek.vaf.svc.rec for service com.iflytek.vaf/.svc.VAFSvc: pid=1610 uid=10028 gids={3003, 1015}
I/ActivityManager(  950): Start proc com.coship.Multimedia for broadcast com.coship.Multimedia/.view.BootCompletedReceiver: pid=1623 uid=1000 gids={3003, 1015, 3002, 3001, 3004}
I/ActivityManager(  950): Start proc com.iflytek.xiri.recorder.svc for service com.iflytek.xiri.recorder.svc/.PCMRecorderSvc: pid=1638 uid=10029 gids={3003, 1015}
I/ActivityManager(  950): Start proc com.coship.TestApp for broadcast com.coship.TestApp/.BootCompletedReceiver: pid=1650 uid=1000 gids={3003, 1015, 3002, 3001, 3004}
I/ActivityManager(  950): Start proc com.android.phone for content provider com.android.providers.telephony/.TelephonyProvider: pid=1662 uid=1001 gids={1015}
I/ActivityManager(  950): Start proc com.iflytek.speech for service com.iflytek.speech/.SpeechService: pid=1677 uid=10025 gids={1015, 3003, 1007}
I/ActivityManager(  950): Start proc com.coship.stpservice for broadcast com.coship.stpservice/.StpReceiver: pid=1698 uid=1000 gids={3003, 1015, 3002, 3001, 3004}
I/ActivityManager(  950): Start proc com.coship.adjustthevolume for broadcast com.coship.adjustthevolume/.BootCompletedReceiver: pid=1728 uid=1000 gids={3003, 1015, 3002, 3001, 3004}
V/CheckBackdoors( 1698): add new backdoor. actionName=com.coship.adjustthevolume, backdoor.mBackdoorKey=0x5252525252
V/CheckBackdoors( 1698): add new backdoor. actionName=com.coship.adjustthevolume.Volup, backdoor.mBackdoorKey=0x18
V/CheckBackdoors( 1698): add new backdoor. actionName=com.coship.adjustthevolume.VolDown, backdoor.mBackdoorKey=0x19
I/ActivityManager(  950): Start proc com.iflytek.xiri.remotecmd for service com.iflytek.xiri.remotecmd/com.iflytek.xiri.vocmd.MyService: pid=1744 uid=10031 gids={}
I/ActivityManager(  950): START {flg=0x10000000 cmp=com.android.systemui/.net.NoNetworkActivity} from pid 1141
W/InputManagerService(  950): Starting input on non-focused client com.android.internal.view.IInputMethodClient$Stub$Proxy@415af2e8 (uid=1000 pid=1304)
V/EthernetMonitor(  950): get event 
V/EthernetMonitor(  950): go poll events
V/EthernetMonitor(  950): get event 
V/EthernetMonitor(  950): go poll events
E/EthernetStateTracker(  950): DhcpHandler: DHCP request failed: Timed out waiting for DHCP to finish
D/EthernetStateTracker(  950): DhcpHandler: DHCP request started
V/EthernetStateTracker(  950): configureInterfaceAutoIP skip!
E/EthernetStateTracker(  950): DhcpHandler: DHCP request failed: DHCP result was failed
V/EthernetStateTracker(  950): configureInterfaceAutoIP skip!
V/EthernetMonitor(  950): get event 
V/EthernetMonitor(  950): go poll events
V/EthernetMonitor(  950): get event 
V/EthernetMonitor(  950): go poll events
V/EthernetMonitor(  950): get event 
V/EthernetMonitor(  950): go poll events
V/EthernetMonitor(  950): get event 
V/EthernetMonitor(  950): go poll events
I/ActivityManager(  950): START {cmp=com.coship.dvbsetting/.netsetting.netSet} from pid 1141
I/ActivityManager(  950): Start proc com.coship.dvbsetting for activity com.coship.dvbsetting/.netsetting.netSet: pid=1779 uid=1000 gids={3003, 1015, 3002, 3001, 3004}
I/EthernetManager( 1779): Init Ethernet Manager, service: android.net.ethernet.IEthernetManager$Stub$Proxy@41517c78
V/TabletStatusBar( 1141): setLightsOn(true)
W/InputManagerService(  950): Starting input on non-focused client com.android.internal.view.IInputMethodClient$Stub$Proxy@413b9168 (uid=1000 pid=1141)
V/EthernetMonitor(  950): get event 
V/EthernetMonitor(  950): go poll events
V/EthernetMonitor(  950): get event 
V/EthernetMonitor(  950): go poll events
W/ThrottleService(  950): unable to find stats for iface rmnet0
I/ActivityManager(  950): START {cmp=com.coship.dvbsetting/.netsetting.dialog.WifiPWDialog (has extras)} from pid 1779
V/TabletStatusBar( 1141): setLightsOn(true)
V/EthernetMonitor(  950): get event 
V/EthernetMonitor(  950): go poll events
V/EthernetMonitor(  950): get event 
V/EthernetMonitor(  950): go poll events
V/TabletStatusBar( 1141): setLightsOn(true)
V/EthernetMonitor(  950): get event 
V/EthernetMonitor(  950): go poll events
V/EthernetMonitor(  950): get event 
V/EthernetMonitor(  950): go poll events
V/EthernetMonitor(  950): get event 
V/EthernetMonitor(  950): go poll events
V/EthernetMonitor(  950): get event 
V/EthernetMonitor(  950): go poll events
V/EthernetMonitor(  950): get event 
V/EthernetMonitor(  950): go poll events
V/EthernetMonitor(  950): get event 
V/EthernetMonitor(  950): go poll events
V/EthernetMonitor(  950): get event 
V/EthernetMonitor(  950): go poll events
V/EthernetMonitor(  950): get event 
V/EthernetMonitor(  950): go poll events
I/ActivityManager(  950): Start proc com.biaoqi.stbwidget.host for broadcast com.biaoqi.stbwidget.host/.NetworkStatusChangeReceiver: pid=1837 uid=10027 gids={3003}
V/EthernetMonitor(  950): get event 
V/EthernetMonitor(  950): go poll events
D/ConnectivityService(  950): ConnectivityChange for WIFI: CONNECTED/CONNECTED
D/ConnectivityService(  950): ConnectivityChange for WIFI: CONNECTED/CONNECTED
D/ConnectivityService(  950): handleConnectivityChange: address are the same reset per doReset linkProperty[1]: resetMask=0
D/ConnectivityService(  950): tearing down NetworkInfo: type: WIFI[], state: CONNECTED/CONNECTED, reason: (unspecified), extra: (none), roaming: false, failover: false, isAvailable: true in enforcePreference
D/ConnectivityService(  950): tearing down NetworkInfo: type: WIFI[], state: CONNECTED/CONNECTED, reason: (unspecified), extra: (none), roaming: false, failover: false, isAvailable: true in enforcePreference
I/ActivityManager(  950): Process com.coship.sdp.sce.tvappstore (pid 1250) has died.
W/ActivityManager(  950): Scheduling restart of crashed service com.coship.sdp.sce.tvappstore/.app.service.AppStoreCoreService in 1250ms
I/ActivityManager(  950): Start proc com.coship.sdp.sce.tvappstore for restart com.coship.sdp.sce.tvappstore: pid=1911 uid=1000 gids={3003, 1015, 3002, 3001, 3004}
W/MountService(  950): getVolumeState(/mnt/sdcard): Unknown volume
W/MountService(  950): getVolumeState(/mnt/sdcard): Unknown volume
D/ConnectivityService(  950): handleInetConditionHoldEnd: net=1, condition=0, published condition=0
W/InputManagerService(  950): Starting input on non-focused client com.android.internal.view.IInputMethodClient$Stub$Proxy@41615bb8 (uid=1000 pid=1779)
E/ActivityThread( 1779): Activity com.coship.dvbsetting.netsetting.netSet has leaked ServiceConnection android.bluetooth.BluetoothHeadset$1@4166cd18 that was originally bound here
E/ActivityThread( 1779): android.app.ServiceConnectionLeaked: Activity com.coship.dvbsetting.netsetting.netSet has leaked ServiceConnection android.bluetooth.BluetoothHeadset$1@4166cd18 that was originally bound here
E/ActivityThread( 1779):        at android.app.LoadedApk$ServiceDispatcher.<init>(LoadedApk.java:936)
E/ActivityThread( 1779):        at android.app.LoadedApk.getServiceDispatcher(LoadedApk.java:830)
E/ActivityThread( 1779):        at android.app.ContextImpl.bindService(ContextImpl.java:1142)
E/ActivityThread( 1779):        at android.content.ContextWrapper.bindService(ContextWrapper.java:370)
E/ActivityThread( 1779):        at android.bluetooth.BluetoothHeadset.<init>(BluetoothHeadset.java:231)
E/ActivityThread( 1779):        at android.bluetooth.BluetoothAdapter.getProfileProxy(BluetoothAdapter.java:1168)
E/ActivityThread( 1779):        at com.coship.dvbsetting.bluetooth.HeadsetProfile.<init>(HeadsetProfile.java:111)
E/ActivityThread( 1779):        at com.coship.dvbsetting.netsetting.BluetoothSet.init(BluetoothSet.java:160)
E/ActivityThread( 1779):        at com.coship.dvbsetting.netsetting.BluetoothSet.<init>(BluetoothSet.java:131)
E/ActivityThread( 1779):        at com.coship.dvbsetting.netsetting.BluetoothSet.getInstance(BluetoothSet.java:110)
E/ActivityThread( 1779):        at com.coship.dvbsetting.netsetting.netSet.onCreate(netSet.java:81)
E/ActivityThread( 1779):        at android.app.Activity.performCreate(Activity.java:4465)
E/ActivityThread( 1779):        at android.app.Instrumentation.callActivityOnCreate(Instrumentation.java:1049)
E/ActivityThread( 1779):        at android.app.ActivityThread.performLaunchActivity(ActivityThread.java:1920)
E/ActivityThread( 1779):        at android.app.ActivityThread.handleLaunchActivity(ActivityThread.java:1981)
E/ActivityThread( 1779):        at android.app.ActivityThread.access$600(ActivityThread.java:123)
E/ActivityThread( 1779):        at android.app.ActivityThread$H.handleMessage(ActivityThread.java:1147)
E/ActivityThread( 1779):        at android.os.Handler.dispatchMessage(Handler.java:99)
E/ActivityThread( 1779):        at android.os.Looper.loop(Looper.java:137)
E/ActivityThread( 1779):        at android.app.ActivityThread.main(ActivityThread.java:4424)
E/ActivityThread( 1779):        at java.lang.reflect.Method.invokeNative(Native Method)
E/ActivityThread( 1779):        at java.lang.reflect.Method.invoke(Method.java:511)
E/ActivityThread( 1779):        at com.android.internal.os.ZygoteInit$MethodAndArgsCaller.run(ZygoteInit.java:848)
E/ActivityThread( 1779):        at com.android.internal.os.ZygoteInit.main(ZygoteInit.java:575)
E/ActivityThread( 1779):        at dalvik.system.NativeStart.main(Native Method)
W/ActivityManager(  950): Unbind failed: could not find connection for android.os.BinderProxy@41617aa0
V/EthernetMonitor(  950): get event 
V/EthernetMonitor(  950): go poll events
V/EthernetMonitor(  950): get event 
V/EthernetMonitor(  950): go poll events
I/NetworkPolicy(  950): no policy for active mobile network; generating default policy
V/EthernetMonitor(  950): get event 
V/EthernetMonitor(  950): go poll events
V/EthernetMonitor(  950): get event 
V/EthernetMonitor(  950): go poll events
V/EthernetMonitor(  950): get event 
V/EthernetMonitor(  950): go poll events
V/EthernetMonitor(  950): get event 
V/EthernetMonitor(  950): go poll events
D/ConnectivityService(  950): ConnectivityChange for WIFI: DISCONNECTED/DISCONNECTED
E/MobileDataStateTracker(  950): default: Ignoring feature request because could not acquire PhoneService
E/MobileDataStateTracker(  950): default: Could not enable APN type "default"
D/ConnectivityService(  950): Attempting to switch to mobile
I/EthernetStateTracker(  950): reset device eth0
I/EthernetManager( 1304): Init Ethernet Manager, service: android.net.ethernet.IEthernetManager$Stub$Proxy@42467530
I/EthernetStateTracker(  950): trigger dhcp for device eth0
D/EthernetStateTracker(  950): DhcpHandler: DHCP request started
D/ConnectivityService(  950): Attempting to switch to ETH
D/ConnectivityService(  950): Attempting to switch to pppoe
D/ConnectivityService(  950): now reset wlan0, resetMask = 3
D/ConnectivityService(  950): resetConnections(wlan0, 3)
I/EthernetStateTracker(  950): received interface reset event
I/EthernetStateTracker(  950): reset device eth0
D/ConnectivityService(  950): ConnectivityChange for WIFI: DISCONNECTED/DISCONNECTED
E/MobileDataStateTracker(  950): default: Ignoring feature request because could not acquire PhoneService
E/MobileDataStateTracker(  950): default: Could not enable APN type "default"
D/ConnectivityService(  950): Attempting to switch to mobile
W/EthernetStateTracker(  950): Could not stop DHCP
I/EthernetStateTracker(  950): trigger dhcp for device eth0
I/EthernetStateTracker(  950): reset device eth0
I/EthernetStateTracker(  950): trigger dhcp for device eth0
D/ConnectivityService(  950): Attempting to switch to ETH
D/ConnectivityService(  950): Attempting to switch to pppoe
D/ConnectivityService(  950): now reset wlan0, resetMask = 3
D/ConnectivityService(  950): resetConnections(wlan0, 3)
V/EthernetMonitor(  950): get event 
V/EthernetMonitor(  950): go poll events
V/EthernetMonitor(  950): get event 
V/EthernetMonitor(  950): go poll events
E/EthernetStateTracker(  950): DhcpHandler: DHCP request failed: Timed out waiting for dhcpcd to start
D/EthernetStateTracker(  950): DhcpHandler: DHCP request started
V/EthernetStateTracker(  950): configureInterfaceAutoIP skip!
I/ActivityManager(  950): START {flg=0x10000000 cmp=com.android.systemui/.net.NoNetworkActivity} from pid 1141
W/InputManagerService(  950): Starting input on non-focused client com.android.internal.view.IInputMethodClient$Stub$Proxy@415af2e8 (uid=1000 pid=1304)
V/EthernetMonitor(  950): get event 
V/EthernetMonitor(  950): go poll events
V/EthernetMonitor(  950): get event 
V/EthernetMonitor(  950): go poll events
--------- beginning of /dev/log/main
V/netConnectStep( 1304): ----------------------HAVE_WIFI_HOTSPOT-----------
V/netConnectStep( 1304): [HAVE_WIFI_HOTPOT]list_ret:true
E/dhcpcd  ( 1974): timed out
D/dhcpcd  ( 1974): executing `/system/etc/dhcpcd/dhcpcd-run-hooks', reason FAIL
D/dhcpcd  ( 1974): broadcasting for a lease
D/dhcpcd  ( 1974): sending DHCP_DISCOVER with xid 0x7e15f31, next in 3.57 seconds
E/EthernetStateTrack
[  800.671134] IR: [03932] scan key value is 0xec13c936 
[  800.671140]  er(  950): DhcpHandler: DHCP request failed: Timed out waiting for DHCP to finish
V/EthernetStateTracker(  950): configureInterfaceAutoIP skip!
D/dhcpcd  ( 1974): sending DHCP_DISCOVER with xid 0x7e15f31, next in 7.18 seconds
V/EthernetMonitor(  950): get event 
V/EthernetMonitor(  950): go poll events
V/EthernetMonitor(  950): get event 
V/EthernetMonitor(  950): go poll events
D/HomePlayerLib( 1623): hostaddress count is 0
D/dalvikvm( 1623): GC_CONCURRENT freed 703K, 62% free 2899K/7555K, paused 2ms+2ms
D/dhcpcd
[  800.723741] IR: [03932] scan key value is 0xec13c936 
[  800.723745]    ( 1974): sending DHCP_DISCOVER with xid 0x7e15f31, next in 16.85 seconds
D/PushMsgCenter( 1578): mDownUpRun run while (true)
D/PushMsgCenter( 1578): down  
W/System.err( 1578): java.net.UnknownHostException: Unable to resolve host "vitv.voicecloud.cn": No address associated with hostname
W/System.err( 1578):    at java.net.InetAddress.lookupHostByName(InetAddress.java:426)
W/System.err( 1578):    at java.net.InetAddress.getAllByNameImpl(InetAddress.java:242)
W/System.err( 1578):    at java.net.InetAddress.getAllByName(InetAddress.java:220)
W/System.err( 1578):    at libcore.net.http.HttpConnection.<init>(HttpConnection.java:71)
W/System.err( 1578):    at libcore.net.http.HttpConnection.<init>(HttpConnection.java:50)
W/System.err( 1578):    at libcore.net.http.HttpConnection$Address.connect(HttpConnection.java:351)
W/System.err( 1578):    at libcore.net.http.HttpConnectionPool.get(HttpConnectionPool.java:86)
W/System.err( 1578):    at libcore.net.http.HttpConnection.connect(HttpConnection.java:128)
W/System.err( 1578):    at libcore.net.http.HttpEngine.openSocketConnection(HttpEngine.java:308)
W/System.err( 1578):    at libcore.net.http.HttpEngine.connect(HttpEngine.java:303)
W/System.err( 1578):    at libcore.net.http.HttpEngine.sendSocketRequest(HttpEngine.java:282)
W/System.err( 1578):    at libcore.net.http.HttpEngine.sendRequest(HttpEngine.java:232)
W/System.err( 1578):    at libcore.net.http.HttpURLConnectionImpl.getResponse(HttpURLConnectionImpl.java:273)
W/System.err( 1578):    at libcore.net.http.HttpURLConnectionImpl.getResponseCode(HttpURLConnectionImpl.java:479)
W/System.err( 1578):    at com.iflytek.push.PushMsgCenter.down(PushMsgCenter.java:270)
W/System.err( 1578):    at com.iflytek.push.PushMsgCenter.access$500(PushMsgCenter.java:37)
W/System.err( 1578):    at com.iflytek.push.PushMsgCenter$2.run(PushMsgCenter.java:175)
W/System.err( 1578):    at java.lang.Thread.run(Thread.java:856)
W/System.err( 1578): Caused by: libcore.io.GaiException: getaddrinfo failed: EAI_NODATA (No address associated with hostname)
W/System.err( 1578):    at libcore.io.Posix.getaddrinfo(Native Method)
W/System.err( 1578):    at libcore.io.ForwardingOs.getaddrinfo(ForwardingOs.java:55)
W/System.err( 1578):    at java.net.InetAddress.lookupHostByName(InetAddress.java:411)
W/System.err( 1578):    ... 17 more
D/CheckNetWork( 1610): isOk true
D/CheckNetWork( 1610): ActInfonull
D/HomePlayerLib( 1623): hostaddress count is 0
D/ConnectivityService(  950): NetTransition Wakelock for WifiStateMachine released by timeout
E/CheckinTask( 1229): Checkin failed: https://android.clients.google.com/checkin (request #0)
E/CheckinTask( 1229): java.net.SocketTimeoutException: Read timed out
E/CheckinTask( 1229):   at org.apache.harmony.xnet.provider.jsse.NativeCrypto.SSL_read(Native Method)
E/CheckinTask( 1229):   at org.apache.harmony.xnet.provider.jsse.OpenSSLSocketImpl$SSLInputStream.read(OpenSSLSocketImpl.java:671)
E/CheckinTask( 1229):   at org.apache.http.impl.io.AbstractSessionInputBuffer.fillBuffer(AbstractSessionInputBuffer.java:103)
E/CheckinTask( 1229):   at org.apache.http.impl.io.AbstractSessionInputBuffer.readLine(AbstractSessionInputBuffer.java:191)
E/CheckinTask( 1229):   at org.apache.http.impl.conn.DefaultResponseParser.parseHead(DefaultResponseParser.java:82)
E/CheckinTask( 1229):   at org.apache.http.impl.io.AbstractMessageParser.parse(AbstractMessageParser.java:174)
E/CheckinTask( 1229):   at org.apache.http.impl.AbstractHttpClientConnection.receiveResponseHeader(AbstractHttpClientConnection.java:180)
E/CheckinTask( 1229):   at org.apache.http.impl.conn.DefaultClientConnection.receiveResponseHeader(DefaultClientConnection.java:235)
E/CheckinTask( 1229):   at org.apache.http.impl.conn.AbstractClientConnAdapter.receiveResponseHeader(AbstractClientConnAdapter.java:259)
E/CheckinTask( 1229):   at org.apache.http.protocol.HttpRequestExecutor.doReceiveResponse(HttpRequestExecutor.java:279)
E/CheckinTask( 1229):   at org.apache.http.protocol.HttpRequestExecutor.execute(HttpRequestExecutor.java:121)
E/CheckinTask( 1229):   at org.apache.http.impl.client.DefaultRequestDirector.execute(DefaultRequestDirector.java:428)
E/CheckinTask( 1229):   at org.apache.http.impl.client.AbstractHttpClient.execute(AbstractHttpClient.java:555)
E/CheckinTask( 1229):   at org.apache.http.impl.client.AbstractHttpClient.execute(AbstractHttpClient.java:487)
E/CheckinTask( 1229):   at android.net.http.AndroidHttpClient.execute(AndroidHttpClient.java:257)
E/CheckinTask( 1229):   at com.google.android.common.http.GoogleHttpClient.executeWithoutRewriting(GoogleHttpClient.java:203)
E/CheckinTask( 1229):   at com.google.android.common.http.GoogleHttpClient.execute(GoogleHttpClient.java:245)
E/CheckinTask( 1229):   at com.google.android.common.http.GoogleHttpClient.execute(GoogleHttpClient.java:313)
E/CheckinTask( 1229):   at com.google.android.gsf.checkin.CheckinTask.sendRequest(CheckinTask.java:254)
E/CheckinTask( 1229):   at com.google.android.gsf.checkin.CheckinTask.doInBackground(CheckinTask.java:150)
E/CheckinTask( 1229):   at com.google.android.gsf.checkin.CheckinService$1.doInBackground(CheckinService.java:221)
E/CheckinTask( 1229):   at com.google.android.gsf.checkin.CheckinService$1.doInBackground(CheckinService.java:214)
E/CheckinTask( 1229):   at android.os.AsyncTask$2.call(AsyncTask.java:264)
E/CheckinTask( 1229):   at java.util.concurrent.FutureTask$Sync.innerRun(FutureTask.java:305)
E/CheckinTask( 1229):   at java.util.concurrent.FutureTask.run(FutureTask.java:137)
E/CheckinTask( 1229):   at java.util.concurrent.ThreadPoolExecutor.runWorker(ThreadPoolExecutor.java:1076)
E/CheckinTask( 1229):   at java.util.concurrent.ThreadPoolExecutor$Worker.run(ThreadPoolExecutor.java:569)
E/CheckinTask( 1229):   at java.lang.Thread.run(Thread.java:856)
D/netConnectStep( 1304): refresh list
V/netConnectStep( 1304): [SearchWifiTask]deviceList:[SSID: liwenjuan, BSSID: 5c:63:bf:f8:5d:de, capabilities: [WPA-PSK-CCMP][WPA2-PSK-CCMP][WPS][ESS], level: -31, frequency: 2437, SSID: 卧室里的飞看123, BSSID: 58:87:e2:0b:2d:66, capabilities: [WPA2-PSK-CCMP][ESS], level: -31, frequency: 2437, SSID: TP_LINK_TEST_2.4GHz, BSSID: 8c:21:0a:d8:07:09, capabilities: [WPA-PSK-CCMP][WPA2-PSK-CCMP][WPS][ESS], level: -37, frequency: 2437, SSID: TP_LINK_TEST_5GHz_D8070A, BSSID: 8c:21:0a:d8:07:0a, capabilities: [WPA-PSK-CCMP][WPA2-PSK-CCMP][WPS][ESS], level: -37, frequency: 5805, SSID: smarttv_2.4, BSSID: c8:3a:35:34:4e:b8, capabilities: [WPA-PSK-CCMP][ESS], level: -48, frequency: 2452, SSID: smarttv_5.8, BSSID: c8:3a:35:34:4e:bc, capabilities: [WPA-PSK-TKIP+CCMP][WPA2-PSK-TKIP+CCMP][ESS], level: -56, frequency: 5785, SSID: IPTV_Hakuki_AP, BSSID: ec:88:8f:96:d0:ca, capabilities: [WPA2-PSK-CCMP][WPS][ESS], level: -53, frequency: 2412, SSID: Panard_TT, BSSID: 00:90:4c:c0:04:53, capabilities: [WPA2-PSK-CCMP][ESS], level: -59, frequency: 2447, SSID: tenda_26a5bp, BSSID: c8:3a:35:21:76:78, capabilities: [WPA-PSK-CCMP][WPA2-PSK-CCMP][WPS][ESS], level: -63, frequency: 2412, SSID: AndroidAP, BSSID: a4:a8:0f:ff:fe:92, capabilities: [WPA2-PSK-CCMP][ESS], level: -60, frequency: 2437, SSID: TP-LINK_5GHz_A41DF0, BSSID: ec:17:2f:a4:1d:f0, capabilities: [WPA-PSK-CCMP][WPA2-PSK-CCMP][WPS][ESS], level: -71, frequency: 5765, SSID: 客厅里的飞看, BSSID: 58:87:e2:0b:29:48, capabilities: [ESS], level: -36, frequency: 2437, SSID: SmartBox, BSSID: a4:a8:0f:ff:fe:34, capabilities: [ESS], level: -47, frequency: 2452, SSID: 6310, BSSID: 00:0e:09:00:18:08, capabilities: [ESS]
[  801.382746] IR: [03932] scan key value is 0xec13c936 
[  801.382751]  , level: -61, frequency: 2437, SSID: 客厅里的飞看, BSSID: 58:87:e2:0b:2a:86, capabilities: [ESS], level: -72, frequency: 2437, SSID: TR950_a497, BSSID: 78:52:62:04:a4:97, capabilities: [WPA-PSK-CCMP][ESS], level: -68, frequency: 2457, SSID: Test_group, BSSID: f4:ec:38:70:80:70, capabilities: [WPA-PSK-CCMP][WPA2-PSK-CCMP][WPS][ESS], level: -70, frequency: 2452, SSID: ChinaNet-7CAc, BSSID: ac:6e:1a:e6:02:49, capabilities: [WPA-PSK-TKIP+CCMP][WPA2-PSK-TKIP+CCMP][ESS], level: -77, frequency: 2412, SSID: andy_xyc, BSSID: 
[  801.435341] IR: [03932] scan key value is 0xec13c936 
[  801.435347]  a4:a8:0f:ff:fe:24, capabilities: [ESS], level: -71, frequency: 2437, SSID: COSHIP_02:13:13:00:05:07, BSSID: 02:13:13:00:05:07, capabilities: [WPA2-PSK-CCMP][WPS][ESS], level: -71, frequency: 2412, SSID: Longshi_test, BSSID: 8c:21:0a:38:b3:ee, capabilities: [WPA-PSK-CCMP][WPA2-PSK-CCMP][WPS][ESS], level: -75, frequency: 2412, SSID: YYZXGW, BSSID: ec:88:8f:3f:19:84, capabilities: [WPA-PSK-CCMP][WPA2-PSK-CCMP][WPS][ESS], level: -76, frequency: 2412, SSID: SZ_SEVOO, BSSID: 30:46:9a:8f:8e:92, capabilities: [WPA-PSK-TKIP+CCMP][WPA2-PSK-TKIP+CCMP][WPS][ESS], level: -71, frequency: 2462, SSID: COSHIP_02:13:13:00:05:c9, BSSID: 02:13:13:00:05:c9, capabilities: [WPA2-PSK-CCMP][WPS][ESS][P2P], level: -70, frequency: 2412]
V/netConnectStep( 1304): ----------------------HAVE_WIFI_HOTSPOT-----------
V/netConnectStep( 1304): [HAVE_WIFI_HOTPOT]list_ret:true
D/UpdateInstallAppStatusTimerTask( 1911):  ------:: UpdateInstallAppStatusTimerTask execute...
V/EthernetMonitor(  950): get event 
V/EthernetMonitor(  950): go poll events
V/EthernetMonitor(  950): get event 
V/EthernetMonitor(  950): go poll events
D/dhcpcd  ( 1974): sending DHCP_DISCOVER with xid 0x7e15f31, next in 32.47 seconds
D/dalvikvm( 1623): GC_CONCURRENT freed 751K, 61% free 2976K/7555K, paused 2ms+2ms
D/HomePlayerLib( 1623): hostaddress count is 0
D/HomePlayerLib( 1623): hostaddress count is 0
D/dalvikvm( 1623): GC_CONCURRENT freed 864K, 62% free 2941K/7555K, paused 2ms+2ms
D/netConnectStep( 1304): refresh list
