V/netConnectStep( 1304): [SearchWifiTask]deviceList:[SSID: liwenjuan, BSSID: 5c:63:bf:f8:5d:de, capabilities: [WPA-PSK-CCMP][WPA2-PSK-CCMP][WPS][ESS], level: -29, frequency: 2437, SSID: 卧室里的飞看123, BSSID: 58:87:e2:0b:2d:66, capabilities: [WPA2-PSK-CCMP][ESS], level: -32, frequency: 2437, SSID: TP_LINK_TEST_2.4GHz, BSSID: 8c:21:0a:d8:07:09, capabilities: [WPA-PSK-CCMP][WPA2-PSK-CCMP][WPS][ESS], level: -36, frequency: 2437, SSID: TP_LINK_TEST_5GHz_D8070A, BSSID: 8c:21:0a:d8:07:0a, capabilities: [WPA-PSK-CCMP][WPA2-PSK-CCMP][WPS][ESS], level: -37, frequency: 5805, SSID: smarttv_2.4, BSSID: c8:3a:35:34:4e:b8, capabilities: [WPA-PSK-CCMP][ESS], level: -41, frequency: 2452, SSID: smarttv_5.8, BSSID: c8:3a:35:34:4e:bc, capabilities: [WPA-PSK-TKIP+CCMP][WPA2-PSK-TKIP+CCMP][ESS], level: -50, frequency: 5785, SSID: IPTV_Hakuki_AP, BSSID: ec:88:8f:96:d0:ca, capabilities: [WPA2-PSK-CCMP][WPS][ESS], level: -52, frequency: 2412, SSID: Panard_TT, BSSID: 00:90:4c:c0:04:53, capabilities: [WPA2-PSK-CCMP][ESS], level: -64, frequency: 2447, SSID: tenda_26a5bp, BSSID: c8:3a:35:21:76:78, capabilities: [WPA-PSK-CCMP][WPA2-PSK-CCMP][WPS][ESS], level: -56, frequency: 2412, SSID: TP-LINK_5GHz_A41DF0, BSSID: ec:17:2f:a4:1d:f0, capabilities: [WPA-PSK-CCMP][WPA2-PSK-CCMP][WPS][ESS], level: -67, frequency: 5765, SSID: 客厅里的飞看, BSSID: 58:87:e2:0b:29:48, capabilities: [ESS], level: -37, frequency: 2437, SSID: SmartBox, BSSID: a4:a8:0f:ff:fe:34, capabilities: [ESS], level: -59, frequency: 2452, SSID: 6310, BSSID: 00:0e:09:00:18:08, capabilities: [ESS], level: -62, frequency: 2437, SSID: 客厅里的飞看, BSSID: 58:87:e2:0b:2a:86, capabilities: [ESS], level: -65, frequency: 2437, SSID: TR950_a497, BSSID: 78:52:62:04:a4:97, capabilities: [WPA-PSK-CCMP][ESS], level: -67, frequency: 2457, SSID: Test_group, BSSID: f4:ec:38:70:80:70, capabilities: [WPA-PSK-CCMP][WPA2-PSK-CCMP][ESS], level: -68, frequency: 2452, SSID: andy_xyc, BSSID: a4:a8:0f:ff:fe:24, capabilities: [ESS], level: -71, frequency: 2437, SSID: Longshi_test, BSSID: 8c:21:0a:38:b3:ee, capabilities: [WPA-PSK-CCMP][WPA2-PSK-CCMP][WPS][ESS], level: -74, frequency: 2412, SSID: YYZXGW, BSSID: ec:88:8f:3f:19:84, capabilities: [WPA-PSK-CCMP][WPA2-PSK-CCMP][WPS][ESS], level: -76, frequency: 2412, SSID: COSHIP_02:13:13:00:05:c9, BSSID: 02:13:13:00:05:c9, capabilities: [WPA2-PSK-CCMP][WPS][ESS][P2P], level: -70, frequency: 2412, SSID: 办公室里的飞看, BSSID: 58:87:e2:0b:2c:62, capabilities: [ESS], level: -81, frequency: 5745]
V/netConnectStep( 1304): ----------------------HAVE_WIFI_HOTSPOT-----------
V/netConnectStep( 1304): [HAVE_WIFI_HOTPOT]list_ret:true
V/EthernetMonitor(  950): get event 
V/EthernetMonitor(  950): go poll events
V/EthernetMonitor(  950): get event 
V/EthernetMonitor(  950): go poll events
D/HomePlayerLib( 1623): hostaddress count is 0
D/HomePlayerLib( 1623): hostaddress count is 0
D/dalvikvm( 1623): GC_CONCURRENT freed 819K, 62% free 2908K/7555K, paused 2ms+2ms
D/netConnectStep( 1304): refresh list
V/netConnectStep( 1304): [SearchWifiTask]deviceList:[SSID: liwenjuan, BSSID: 5c:63:bf:f8:5d:de, capabilities: [WPA-PSK-CCMP][WPA2-PSK-CCMP][WPS][ESS], level: -31, frequency: 2437, SSID: 卧室里的飞看123, BSSID: 58:87:e2:0b:2d:66, capabilities: [WPA2-PSK-CCMP][ESS], level: -30, frequency: 2437, SSID: TP_LINK_TEST_2.4GHz, BSSID: 8c:21:0a:d8:07:09, capabilities: [WPA-PSK-CCMP][WPA2-PSK-CCMP][WPS][ESS], level: -37, frequency: 2437, SSID: TP_LINK_TEST_5GHz_D8070A, BSSID: 8c:21:0a:d8:07:0a, capabilities: [WPA-PSK-CCMP][WPA2-PSK-CCMP][WPS][ESS], level: -36, frequency: 5805, SSID: smarttv_2.4, BSSID: c8:3a:35:34:4e:b8, capabilities: [WPA-PSK-CCMP][ESS], level: -41, frequency: 2452, SSID: smarttv_5.8, BSSID: c8:3a:35:34:4e:bc, capabilities: [WPA-PSK-TKIP+CCMP][WPA2-PSK-TKIP+CCMP][ESS], level: -49, frequency: 5785, SSID: IPTV_Hakuki_AP, BSSID: ec:88:8f:96:d0:ca, capabilities: [WPA2-PSK-CCMP][WPS][ESS], level: -52, frequency: 2412, SSID: Panard_TT, BSSID: 00:90:4c:c0:04:53, capabilities: [WPA2-PSK-CCMP][ESS], level: -64, frequency: 2447, SSID: tenda_26a5bp, BSSID: c8:3a:35:21:76:78, capabilities: [WPA-PSK-CCMP][WPA2-PSK-CCMP][WPS][ESS], level: -56, frequency: 2412, SSID: TP-LINK_5GHz_A41DF0, BSSID: ec:17:2f:a4:1d:f0, capabilities: [WPA-PSK-CCMP][WPA2-PSK-CCMP][WPS][ESS], level: -68, frequency: 5765, SSID: 客厅里的飞看, BSSID: 58:87:e2:0b:29:48, capabilities: [ESS], level: -36, frequency: 2437, SSID: SmartBox, BSSID: a4:a8:0f:ff:fe:34, capabilities: [ESS], level: -59, frequency: 2452, SSID: 6310, BSSID: 00:0e:09:00:18:08, capabilities: [ESS], level: -62, frequency: 2437, SSID: 客厅里的飞看, BSSID: 58:87:e2:0b:2a:86, capabilities: [ESS], level: -65, frequency: 2437, SSID: TR950_a497, BSSID: 78:52:62:04:a4:97, capabilities: [WPA-PSK-CCMP][ESS], level: -67, frequency: 2457, SSID: Test_group, BSSID: f4:ec:38:70:80:70, capabilities: [WPA-PSK-CCMP][WPA2-PSK-CCMP][ESS], level: -68, frequency: 2452, SSID: andy_xyc, BSSID: a4:a8:0f:ff:fe:24, capabilities: [ESS], level: -68, frequency: 2437, SSID: Longshi_test, BSSID: 8c:21:0a:38:b3:ee, capabilities: [WPA-PSK-CCMP][WPA2-PSK-CCMP][WPS][ESS], level: -74, frequency: 2412, SSID: COSHIP_02:13:13:00:05:c9, BSSID: 02:13:13:00:05:c9, capabilities: [WPA2-PSK-CCMP][WPS][ESS][P2P], level: -70, frequency: 2412, SSID: 办公室里的飞看, BSSID: 58:87:e2:0b:2c:62, capabilities: [ESS], level: -83, frequency: 5745, SSID: AndroidAP, BSSID: a4:a8:0f:ff:fe:92, capabilities: [WPA2-PSK-CCMP][ESS], level: -67, frequency: 2437]
V/netConnectStep( 1304): ----------------------HAVE_WIFI_HOTSPOT-----------
V/netConnectStep( 1304): [HAVE_WIFI_HOTPOT]list_ret:true
D/dhcpcd  ( 1974): sendin
[  802.066656] IR: [03932] scan key value is 0xec13c936 
[  802.066661]  g DHCP_DISCOVER with xid 0x7e15f31, next in 64.06 seconds
E/dhcpcd  ( 1974): timed out
D/dhcpcd  ( 1974): executing `/system/etc/dhcpcd/dhcpcd-run-hooks', reason FAIL
D/dhcpcd  ( 1974): broadcasting for a lease
D/dhcpcd  ( 1974): sending DHCP_DISCOVER with xid 0xa96b3040, next in 3.57 seconds
V/EthernetMonitor(  950): get event 
V/EthernetMonitor(  950): go poll events
V/EthernetMonitor(  950): get event 
V/EthernetMonitor(  950): go poll events
D/dhcpcd  ( 1974): sending DHCP_DISCOVER with xid 0xa96b3040, next in
[  802.119258] IR: [03932] scan key value is 0xec13c936 
[  802.119264]   8.42 seconds
D/HomePlayerLib( 1623): hostaddress count is 0
I/wpa_supplicant( 1139): wlan0: CTRL-EVENT-DRIVER-STATE STOPPED
V/EthernetMonitor(  950): get event 
V/EthernetMonitor(  950): go poll events
D/dhcpcd  ( 1974): sending DHCP_DISCOVER with xid 0xa96b3040, next in 15.60 seconds
D/CheckNetWork( 1610): isOk true
D/CheckNetWork( 1610): ActInfonull
D/dalvikvm( 1623): GC_CONCURRENT freed 784K, 63% free 2842K/7555K, paused 2ms+3ms
D/HomePlayerLib( 1623): hostaddress count is 0
D/netConnectStep( 1304): refresh list
V/netConnectStep( 1304): [SearchWifiTask]deviceList:null
D/dalvikvm( 1623): GC_CONCURRENT freed 677K, 63% free 2853K/7555K, paused 2ms+3ms
D/HomePlayerLib( 1623): hostaddress count is 0
D/dhcpcd  ( 1974): sending DHCP_DISCOVER with xid 0xa96b3040, next in 31.30 seconds
D/netConnectStep( 1304): refresh list
V/netConnectStep( 1304): [SearchWifiTask]deviceList:null
D/dalvikvm( 1623): GC_CONCURRENT freed 703K, 63% free 2853K/7555K, paused 2ms+3ms
D/HomePlayerLib( 1623): hostaddress count is 0
D/HomePlayerLib( 1623): hostaddress count is 0
D/netConnectStep( 1304): refresh list
D/dalvikvm( 1623): GC_CONCURRENT freed 703K, 62% free 2894K/7555K, paused 2ms+3ms
V/netConnectStep( 1304): [SearchWifiTask]deviceList:null
D/HomePlayerLib( 1623): hostaddress count is 0
D/dhcpcd  ( 1974): sending DHCP_DISCOVER with xid 0xa96b3040, next in 64.59 seconds
E/dhcpcd  ( 1974): timed out
D/dhcpcd  ( 1974): executing `/system/etc/dhcpcd/dhcpcd-run-hooks', reason FAIL
D/dhcpcd  ( 1974): broadcasting for a lease
D/dhcpcd  ( 1974): sending DHCP_DISCOVER with xid 0x590cdb33, next in 3.39 seconds
D/HomePlayerLib( 1623): hostaddress count is 0
D/dhcpcd  ( 1974): sending DHCP_DISCOVER with xid 0x590cdb33, next in 7.97 seconds
D/CheckNetWork( 1610): isOk true
D/CheckNetWork( 1610): ActInfonull
D/dhcpcd  ( 1974): sending DHCP_DISCOVER with xid 0x590cdb33, next in 15.93 seconds
D/netConnectStep( 1304): refresh list
V/netConnectStep( 1304): [SearchWifiTask]deviceList:null
D/dalvikvm( 1623): GC_CONCURRENT freed 751K, 61% free 2957K/7555K, paused 2ms+2ms
D/HomePlayerLib( 1623): hostaddress count is 0
D/dalvikvm( 1623): GC_CONCURRENT freed 849K, 63% free 2830K/7555K, paused 1ms+2ms
D/HomePlayerLib( 1623): hostaddress count is 0
D/dhcpcd  ( 1974): sending DHCP_DISCOVER with xid 0x590cdb33, next in 31.90 seconds
D/netConnectStep( 1304): refresh list
V/netConnectStep( 1304): [SearchWifiTask]deviceList:null
D/dalvikvm( 1623): GC_CONCURRENT freed 679K, 63% free 2853K/7555K, paused 2ms+2ms
D/HomePlayerLib( 1623): hostaddress count is 0
D/HomePlayerLib( 1623): hostaddress count is 0
D/netConnectStep( 1304): refresh list
V/netConnectStep( 1304): [SearchWifiTask]deviceList:null
D/dalvikvm( 1623): GC_CONCURRENT freed 703K, 63% free 2853K/7555K, paused 2ms+3ms
D/HomePlayerLib( 1623): hostaddress count is 0
D/dhcpcd  ( 1974): sending DHCP_DISCOVER with xid 0x590cdb33, next in 64.64 seconds
E/dhcpcd  ( 1974): timed out
D/dhcpcd  ( 1974): executing `/system/etc/dhcpcd/dhcpcd-run-hooks', reason FAIL
D/dhcpcd  ( 1974): broadcasting for a lease
D/dhcpcd  ( 1974): sending DHCP_DISCOVER with xid 0xa19e74c9, next in 4.26 seconds
D/dalvikvm( 1623): GC_CONCURRENT freed 703K, 63% free 2853K/7555K, paused 3ms+2ms
D/HomePlayerLib( 1623): hostaddress count is 0
D/dhcpcd  ( 1974): sending DHCP_DISCOVER with xid 0xa19e74c9, next in 7.28 seconds
D/PushMsgCenter( 1578): mDownUpRun run while (true)
D/PushMsgCenter( 1578): down  
W/System.err( 1578): java.net.UnknownHostException: Unable to resolve host "vitv.voicecloud.cn": No address associated with hostname
W/System.err( 1578):    at java.net.InetAddress.lookupHostByName(InetAddress.java:426)
W/System.err( 1578):    at java.net.InetAddress.getAllByNameImpl(InetAddress.java:242)
W/System.err( 1578):    at java.net.InetAddress.getAllByName(InetAddress.java:220)
W/System.err( 1578):    at libcore.net.http.HttpConnection.<init>(HttpConnection.java:71)
W/System.err( 1578):    at libcore.net.http.HttpConnection.<init>(HttpConnection.java:50)
W/System.err( 1578):    at libcore.net.http.HttpConnection$Address.connect(HttpConnection.java:351)
W/System.err( 1578):    at libcore.net.http.HttpConnectionPool.get(HttpConnectionPool.java:86)
W/System.err( 1578):    at libcore.net.http.HttpConnection.connect(HttpConnection.java:128)
W/System.err( 1578):    at libcore.net.http.HttpEngine.openSocketConnection(HttpEngine.java:308)
W/System.err( 1578):    at libcore.net.http.HttpEngine.connect(HttpEngine.java:303)
W/System.err( 1578):    at libcore.net.http.HttpEngine.sendSocketRequest(HttpEngine.java:282)
W/System.err( 1578):    at libcore.net.http.HttpEngine.sendRequest(HttpEngine.java:232)
W/System.err( 1578):    at libcore.net.http.HttpURLConnectionImpl.getResponse(HttpURLConnectionImpl.java:273)
W/System.err( 1578):    at libcore.net.http.HttpURLConnectionImpl.getResponseCode(HttpURLConnectionImpl.java:479)
W/System.err( 1578):    at com.iflytek.push.PushMsgCenter.down(PushMsgCenter.java:270)
W/System.err( 1578):    at com.iflytek.push.PushMsgCenter.access$500(PushMsgCenter.java:37)
W/System.err( 1578):    at com.iflytek.push.PushMsgCenter$2.run(PushMsgCenter.java:175)
W/System.err( 1578):    at java.lang.Thread.run(Thread.java:856)
W/System.err( 1578): Caused by: libcore.io.GaiException: getaddrinfo failed: EAI_NODATA (No address associated with hostname)
W/System.err( 1578):    at libcore.io.Posix.getaddrinfo(Native Method)
W/System.err( 1578):    at libcore.io.ForwardingOs.getaddrinfo(ForwardingOs.java:55)
W/System.err( 1578):    at java.net.InetAddress.lookupHostByName(InetAddress.java:411)
W/System.err( 1578):    ... 17 more
D/CheckNetWork( 1610): isOk true
D/CheckNetWork( 1610): ActInfonull
D/netConnectStep( 1304): refresh list
V/netConnectStep( 1304): [SearchWifiTask]deviceList:null
D/HomePlayerLib( 1623): hostaddress count is 0
D/dhcpcd  ( 1974): sending DHCP_DISCOVER with xid 0xa19e74c9, next in 15.79 seconds
W/InputManagerService(  950): Starting input on non-focused client com.android.internal.view.IInputMethodClient$Stub$Proxy@413b9168 (uid=1000 pid=1141)
D/dalvikvm( 1623): GC_CONCURRENT freed 710K, 63% free 2851K/7555K, paused 2ms+3ms
D/HomePlayerLib( 1623): hostaddress count is 0
D/netConnectStep( 1304): $$$$$$$$$$$$$$$$$$$$$$$$$$$$$$$$$$$$$$$$$$
E/InputMethodService( 1196): Unexpected null in startExtractingText : mExtractedText = null, input connection = com.android.internal.view.InputConnectionWrapper@41e064d8
D/InputEventConsistencyVerifier( 1304): KeyEvent: ACTION_UP but key was not down.
D/InputEventConsistencyVerifier( 1304):   in com.android.internal.policy.impl.PhoneWindow$DecorView@413ed228
D/InputEventConsistencyVerifier( 1304):   0: sent at 406844000000, KeyEvent { action=ACTION_UP, keyCode=KEYCODE_DPAD_RIGHT, scanCode=106, metaState=0, flags=0x8, repeatCount=0, eventTime=406844, downTime=406631, deviceId=1, source=0x101 }
D/InputEventConsistencyVerifier( 1304):   -- recent events --
D/InputEventConsistencyVerifier( 1304):   1: sent at 404088000000, KeyEvent { action=ACTION_UP, keyCode=KEYCODE_ENTER, scanCode=28, metaState=0, flags=0x8, repeatCount=0, eventTime=404088, downTime=403874, deviceId=1, source=0x101 }
D/InputEventConsistencyVerifier( 1304):   2: sent at 403874000000, KeyEvent { action=
[  802.758847] IR: [03932] scan key value is 0xec13c936 
[  802.758852]  ACTION_DOWN, keyCode=KEYCODE_ENTER, scanCode=28, metaState=0, flags=0x8, repeatCount=0, eventTime=403874, downTime=403874, deviceId=1, source=0x101 }
D/InputEventConsistencyVerifier( 1304):   3: sent at 150152000000, (unhandled) KeyEvent { action=ACTION_UP, keyCode=KEYCODE_DPAD_RIGHT, scanCode=106, metaState=0, flags=0x8, repeatCount=0, eventTime=150152, downTime=149937, deviceId=1, source=0x101 }
D/InputEventConsistencyVerifier( 1304):   4: sent at 149937000000, (unhandled) KeyEvent { action=ACTION_DOWN, keyCode=KEYCODE_DPAD_RIGHT, scanCode=106, metaState=0, flags=0x8, repeatCount=0, eventTime=149937, downTime=149937, deviceId=1, source=0x101 }
D/InputEventConsistencyVerifier( 1304):   5: sent at 148188000000, (unhandled) KeyEvent { action=ACTION_UP, keyCode=KEYCODE_BACK, scanCode=158, metaState=0, flags=0x80000008, repeatCount=0, eventTime=148188, downTime=147974, deviceId=1, source=0x101 }
D/InputEventConsistencyVerifier( 1304): KeyEvent: ACTION_UP but key was not down.
D/InputEventConsistencyVerifier( 1304):   in com.android.internal.policy.impl.PhoneWindow$DecorView@413ed228
D/InputEventConsistencyVerifier( 1304):   0: sent at 407264000000, KeyEvent { action=ACTION_UP, keyCode=KEYCODE_DPAD_LEFT, scanCode=105, metaState=0, flags=0x8, repeatCount=0, eventTime=407264, downTime=407052, deviceId=1, source=0x101 }
D/InputEventConsistencyVerifier( 1304):   -- recent events --
D/InputEventConsistencyVerifier( 1304):   1: sent at 406844000000, (unhandled) KeyEvent { action=ACTION_UP, keyCode=KEYCODE_DPAD_RIGHT, scanCode=106, metaState=0, flags=0x80000008, repeatCount=0, eventTime=406844, downTime=406631, deviceId=1, source=0x101 }
D/InputEventConsistencyVerifier( 1304):   2: sent at 404088000000, KeyEvent { action=ACTION_UP, keyCode=KEYCODE_ENTER, scanCode=28, metaState=0, flags=0x8, repeatCount=0, eventTime=404088, downTime=403874, deviceId=1, source=0x101 }
D/InputEventConsistencyVerifier( 1304):   3: sent at 403874000000, KeyEvent { action=ACTION_DOWN, keyCode=KEYCODE_ENTER, scanCode=28, metaState=0, flags=0x8, repeatCount=0, eventTime=403874, downTime=403874, deviceId=1, source=0x101 }
D/InputEventConsistencyVerifier( 1304):   4: sent at 150152000000, (unhandled) KeyEvent { action=ACTION_UP, keyCode=KEYCODE_DPAD_RIGHT, scanCode=106, metaState=0, flags=0x8, repeatCount=0, eventTime=150152, downTime=149937, deviceId=1, source=0x101 }
D/InputEventConsistencyVerifier( 1304):   5: sent at 149937000000, (unhandled) KeyEvent { action=ACTION_DOWN, keyCode=KEYCODE_DPAD_RIGHT, scanCode=106, metaState=0, flags=0x8, repeatCount=0, eventTime=149937, downTime=149937, deviceId=1, source=0x101 }
I/System.out( 1196): [SkbContainer]:mSoftKeyDown--->9
I/System.out( 1196): [SkbContainer]:mSoftKeyDown--->9
I/System.out( 1196): [SkbContainer]:mSoftKeyDown--->9
I/System.out( 1196): [SkbContainer]:mSoftKeyDown--->9
D/dhcpcd  ( 1974): sending DHCP_DISCOVER with xid 0xa19e74c9, next in 31.23 seconds
I/System.out( 1196): [SkbContainer]:mSoftKeyDown--->9
I/System.out( 1196): [SkbContainer]:mSoftKeyDown--->9
D/netConnectStep( 1304): refresh list
V/netConnectStep( 1304): [SearchWifiTask]deviceList:null
I/System.out( 1196): [SkbContainer]:mSoftKeyDown--->9
I/System.out( 1196): [SkbContainer]:mSoftKeyDown--->9
D/dalvikvm( 1623): GC_CONCURRENT freed 704K, 61% free 2958K/7555K, paused 2ms+2ms
D/HomePlayerLib( 1623): hostaddress count is 0
I/System.out( 1196): [SkbContainer]:mSoftKeyDown--->9
I/System.out( 1196): [SkbContainer]:mSoftKeyDown--->9
I/System.out( 1196): [SkbContainer]:mSoftKeyDown--->9
I/System.out( 1196): [SkbContainer]:mSoftKeyDown--->9
V/main    ( 1304): ++++keyCode+++22
D/dalvikvm(  950): GC_CONCURRENT freed 571K, 59% free 3629K/8771K, paused 2ms+5ms
D/InputEventConsistencyVerifier( 1304): KeyEvent: ACTION_UP but key was not down.
D/InputEventConsistencyVerifier( 1304):   in android.widget.ImageButton@41be6b80
D/InputEventConsistencyVerifier( 1304):   0: sent at 417252000000, KeyEvent { action=ACTION_UP, keyCode=KEYCODE_DPAD_RIGHT, scanCode=106, metaState=0, flags=0x8, repeatCount=0, eventTime=417252, downTime=417088, deviceId=1, source=0x101 }
I/netConnectStep( 1304): !!!<getConfig>: accessPoint.security ==AccessPoint.SECURITY_PSK
D/netConnectStep( 1304): CONNECT_WIFI_HOTSPOT
D/netConnectStep( 1304): status:IDLE
D/netConnectStep( 1304): ********************IDLE*****************
V/netConnectStep( 1304): [getView]show it
D/netConnectStep( 1304): status:IDLE
D/netConnectStep( 1304): status:IDLE
D/netConnectStep( 1304): status:IDLE
D/netConnectStep( 1304): status:IDLE
D/HomePlayerLib( 1623): hostaddress count is 0
D/netConnectStep( 1304): status:IDLE
D/netConnectStep( 1304): status:IDLE
D/netConnectStep( 1304): status:IDLE
D/netConnectStep( 1304): status:IDLE
D/netConnectStep( 1304): status:IDLE
D/netConnectStep( 1304): status:IDLE
D/netConnectStep( 1304): status:IDLE
D/netConnectStep( 1304): status:IDLE
D/netConnectStep( 1304): refresh list
V/netConnectStep( 1304): [SearchWifiTask]deviceList:null
D/dalvikvm( 1623): GC_CONCURRENT freed 849K, 63% free 2830K/7555K, paused 5ms+3ms
D/netConnectStep( 1304): status:IDLE
D/netConnectStep( 1304): status:IDLE
D/netConnectStep( 1304): status:IDLE
D/HomePlayerLib( 1623): hostaddress count is 0
D/netConnectStep( 1304): status:IDLE
D/netConnectStep( 1304): status:IDLE
D/netConnectStep( 1304): status:IDLE
D/netConnectStep( 1304): status:IDLE
D/netConnectStep( 1304): ********************FAILED*****************
D/dhcpcd  ( 1974): sending DHCP_DISCOVER with xid 0xa19e74c9, next in 63.09 seconds
D/HomePlayerLib( 1623): hostaddress count is 0
D/dalvikvm( 1623): GC_CONCURRENT freed 680K, 62% free 2899K/7555K, paused 2ms+2ms
E/dhcpcd  ( 1974): timed out
D/dhcpcd  ( 1974): executing `/system/etc/dhcpcd/dhcpcd-run-hooks', reason FAIL
D/dhcpcd  ( 1974): broadcasting for a lease
D/dhcpcd  ( 1974): sending DHCP_DISCOVER with xid 0x97fafb81, next in 4.46 seconds
V/NetFirmwareService( 1277): mServicePath--->http://update.coship.com/update/system/S1001
I/NetFirmwareService( 1277): mHwvStr--->002104
I/NetFirmwareService( 1277): mSwv--->211333
I/FileUtils( 1277): mkFilePath--->/data/data/com.coship.netfirmware/versioncode.dat
I/HttpDownLoad( 1277): network is error
D/dalvikvm( 1277): GC_CONCURRENT freed 146K, 86% free 652K/4483K, paused 3ms+1ms
D/NetFirmwareService( 1277): charset detect...
W/System.err( 1277): java.io.FileNotFoundException: /data/data/com.coship.netfirmware/versioncode.dat: open failed: ENOENT (No such file or directory)
W/System.err( 1277):    at libcore.io.IoBridge.open(IoBridge.java:406)
W/System.err( 1277):    at java.io.FileInputStream.<init>(FileInputStream.java:78)
W/System.err( 1277):    at libcore.net.url.FileURLConnection.connect(FileURLConnection.java:82)
W/System.err( 1277):    at libcore.net.url.FileURLConnection.getInputStream(FileURLConnection.java:181)
W/System.err( 1277):    at java.net.URL.openStream(URL.java:462)
W/System.err( 1277):    at info.monitorenter.cpdetector.io.UnicodeDetector.detectCodepage(UnicodeDetector.java:170)
W/System.err( 1277):    at info.monitorenter.cpdetector.io.CodepageDetectorProxy.detectCodepage(CodepageDetectorProxy.java:135)
W/System.err( 1277):    at com.coship.netfirmware.NetFirmwareService.getUpdateInfo(NetFirmwareService.java:1820)
W/System.err( 1277):    at com.coship.netfirmware.NetFirmwareService.downFileFormService(NetFirmwareService.java:1787)
W/System.err( 1277):    at com.coship.netfirmwar
[  803.415031] IR: [03932] scan key value is 0xec13c936 
[  803.415036]  e.NetFirmwareService.access$3800(NetFirmwareService.java:76)
W/System.err( 1277):    at com.coship.netfirmware.NetFirmwareService$7.run(NetFirmwareService.java:1414)
W/System.err( 1277): Caused by: libcore.io.ErrnoException: open failed: ENOENT (No such file or directory)
W/System.err( 1277):    at libcore.io.Posix.open(Native Method)
W/System.err( 1277):    at libcore.io.BlockGuardOs.open(BlockGuardOs.java:110)
W/System.err( 1277):    at libcore.io.IoBridge.open(IoBridge.java:390)
W/System.err( 1277):    ... 10 more
W/System
[  803.467623] IR: [03932] scan key value is 0xec13c936 
[  803.467629]  .err( 1277): java.io.FileNotFoundException: /data/data/com.coship.netfirmware/versioncode.dat: open failed: ENOENT (No such file or directory)
W/System.err( 1277):    at libcore.io.IoBridge.open(IoBridge.java:406)
W/System.err( 1277):    at java.io.FileInputStream.<init>(FileInputStream.java:78)
W/System.err( 1277):    at java.io.FileInputStream.<init>(FileInputStream.java:105)
W/System.err( 1277):    at com.coship.netfirmware.NetFirmwareService.getUpdateInfo(NetFirmwareService.java:1830)
W/System.err( 1277):    at com.coship.netfirmware.NetFirmwareService.downFileFormService(NetFirmwareService.java:1787)
W/System.err( 1277):    at com.coship.netfirmware.NetFirmwareService.access$3800(NetFirmwareService.java:76)
W/System.err( 1277):    at com.coship.netfirmware.NetFirmwareService$7.run(NetFirmwareService.java:1414)
W/System.err( 1277): Caused by: libcore.io.ErrnoException: open failed: ENOENT (No such file or directory)
W/System.err( 1277):    at libcore.io.Posix.open(Native Method)
W/System.err( 1277):    at libcore.io.BlockGuardOs.open(BlockGuardOs.java:110)
W/System.err( 1277):    at libcore.io.IoBridge.open(IoBridge.java:390)
W/System.err( 1277):    ... 6 more
I/NetFirmwareService( 1277): v--->null
I/NetFirmwareService( 1277): q--->null
I/NetFirmwareService( 1277): c--->null
D/NetFirmwareService( 1277): Network Connection Success!
D/NetFirmwareService( 1277): Not Found Upgrade File!
D/CheckNetWork( 1610): isOk true
D/CheckNetWork( 1610): ActInfonull
D/netConnectStep( 1304): refresh list
V/netConnectStep( 1304): [SearchWifiTask]deviceList:null
D/dhcpcd  ( 1974): sending DHCP_DISCOVER with xid 0x97fafb81, next in 8.63 seconds
D/HomePlayerLib( 1623): hostaddress count is 0
D/dhcpcd  ( 1974): sending DHCP_DISCOVER with xid 0x97fafb81, next in 15.19 seconds
D/dalvikvm( 1623): GC_CONCURRENT freed 750K, 61% free 2977K/7555K, paused 105ms+2ms
D/HomePlayerLib( 1623): hostaddress count is 0
D/netConnectStep( 1304): refresh list
V/netConnectStep( 1304): [SearchWifiTask]deviceList:null
D/HomePlayerLib( 1623): hostaddress count is 0
D/dalvikvm( 1623): GC_CONCURRENT freed 864K, 62% free 2941K/7555K, paused 2ms+3ms
D/dhcpcd  ( 1974): sending DHCP_DISCOVER with xid 0x97fafb81, next in 32.24 seconds
D/HomePlayerLib( 1623): hostaddress count is 0
D/netConnectStep( 1304): refresh list
V/netConnectStep( 1304): [SearchWifiTask]deviceList:null
D/dalvikvm( 1623): GC_CONCURRENT freed 820K, 61% free 2964K/7555K, paused 2ms+3ms
D/HomePlayerLib( 1623): hostaddress count is 0
D/HomePlayerLib( 1623): hostaddress count is 0
D/dhcpcd  ( 1974): sending DHCP_DISCOVER with xid 0x97fafb81, next in 64.78 seconds
D/CheckNetWork( 1610): isOk true
D/CheckNetWork( 1610): ActInfonull
D/netConnectStep( 1304): refresh list
V/netConnectStep( 1304): [SearchWifiTask]deviceList:null
D/dalvikvm( 1623): GC_CONCURRENT freed 838K, 62% free 2940K/7555K, paused 2ms+3ms
E/dhcpcd  ( 1974): timed out
D/dhcpcd  ( 1974): executing `/system/etc/dhcpcd/dhcpcd-run-hooks', reason FAIL
D/dhcpcd  ( 1974): broadcasting for a lease
D/dhcpcd  ( 1974): sending DHCP_DISCOVER with xid 0x6f3dd356, next in 3.65 seconds
D/HomePlayerLib( 1623): hostaddress count is 0
D/dhcpcd  ( 1974): sending DHCP_DISCOVER with xid 0x6f3dd356, next in 7.15 seconds
D/dhcpcd  ( 1974): sending DHCP_DISCOVER with xid 0x6f3dd356, next in 16.23 seconds
D/HomePlayerLib( 1623): hostaddress count is 0
D/netConnectStep( 1304): refresh list
V/netConnectStep( 1304): [SearchWifiTask]deviceList:null
D/dalvikvm( 1623): GC_CONCURRENT freed 819K, 61% free 2963K/7555K, paused 2ms+2ms
D/HomePlayerLib( 1623): hostaddress count is 0
D/dhcpcd  ( 1974): sending DHCP_DISCOVER with xid 0x6f3dd356, next in 31.05 seconds
D/HomePlayerLib( 1623): hostaddress count is 0
D/dalvikvm( 1623): GC_CONCURRENT freed 837K, 62% free 2941K/7555K, paused 2ms+2ms
D/netConnectStep( 1304): refresh list
V/netConnectStep( 1304): [SearchWifiTask]deviceList:null
D/HomePlayerLib( 1623): hostaddress count is 0
D/dalvikvm( 1623): GC_CONCURRENT freed 819K, 62% free 2931K/7555K, paused 2ms+2ms
D/HomePlayerLib( 1623): hostaddress count is 0
D/PushMsgCenter( 1578): mDownUpRun run while (true)
D/PushMsgCenter( 1578): down  
W/System.err( 1578): java.net.UnknownHostException: Unable to resolve host "vitv.voicecloud.cn": No address associated with hostname
W/System.err( 1578):    at java.net.InetAddress.lookupHostByName(InetAddress.java:426)
W/System.err( 1578):    at java.net.InetAddress.getAllByNameImpl(InetAddress.java:242)
W/System.err( 1578):    at java.net.InetAddress.getAllByName(InetAddress.java:220)
W/System.err( 1578):    at libcore.net.http.HttpConnection.<init>(HttpConnection.java:71)
W/System.err( 1578):    at libcore.net.http.HttpConnection.<init>(HttpConnection.java:50)
W/System.err( 1578):    at libcore.net.http.HttpConnection$Address.connect(HttpConnection.java:351)
W/System.err( 1578):    at libcore.net.http.HttpConnectionPool.get(HttpConnectionPool.java:86)
W/System.err( 1578):    at libcore.net.http.HttpConnection.connect(HttpConnection.java:128)
W/System.err( 1578):    at libcore.net.http.HttpEngine.openSocketConnection(HttpEngine.java:308)
W/System.err( 1578):    at libcore.net.http.HttpEngine.connect(HttpEngine.java:303)
W/System.err( 1578):    at libcore.net.http.HttpEngine.sendSocketRequest(HttpEngine.java:282)
W/System.err( 1578):    at libcore.net.http.HttpEngine.sendRequest(HttpEngine.java:232)
W/System.err( 1578):    at libcore.net.http.HttpURLConnectionImpl.getResponse(HttpURLConnectionImpl.java:273)
W/System.err( 1578):    at libcore.net.http.HttpURLConnectionImpl.getResponseCode(HttpURLConnectionImpl.java:479)
W/System.err( 1578):    at com.iflytek.push.PushMsgCenter.down(PushMsgCenter.java:270)
W/System.err( 1578):    at com.iflytek.push.PushMsgCenter.access$500(PushMsgCenter.java:37)
W/System.err( 1578):    at com.iflytek.push.PushMsgCenter$2.run(PushMsgCenter.java:175)
W/System.err( 1578):    at java.lang.Thread.run(Thread.java:856)
W/System.err( 1578): Caused by: libcore.io.GaiException: getaddrinfo failed: EAI_NODATA (No address associated with hostname)
W/System.err( 1578):    at libcore.io.Posix.getaddrinfo(Native Method)
W/System.err( 1578):    at libcore.io.ForwardingOs.getaddrinfo(ForwardingOs.java:55)
W/System.err( 1578):    at java.net.InetAddress.lookupHostByName(InetAddress.java:411)
W/System.err( 1578):    ... 17 more
D/CheckNetWork( 1610): isOk true
D/CheckNetWork( 1610): ActInfonull
D/dhcpcd  ( 1974): sending DHCP_DISCOVER with xid 0x6f3dd356, next in 63.46 seconds
D/netConnectStep( 1304): refresh list
V/netConnectStep( 1304): [SearchWifiTask]deviceList:null
E/dhcpcd  ( 1974): timed out
D/dhcpcd  ( 1974): executing `/system/etc/dhcpcd/dhcpcd-run-hooks', reason FAIL
D/dalvikvm( 1623): GC_CONCURRENT freed 798K, 62% free 2918K/7555K, paused 2ms+3ms
D/HomePlayerLib( 1623): hostaddress count is 0
D/dhcpcd  ( 1974): broadcasting for a lease
D/dhcpcd  ( 1974): sending DHCP_DISCOVER with xid 0x1f0909f7, next in 4.01 seconds
D/dhcpcd  ( 1974): sending DHCP_DISCOVER with xid 0x1f0909f7, next 
[  804.086407] IR: [03932] scan key value is 0xec13c936 
[  804.086413]  in 7.32 seconds
D/HomePlayerLib( 1623): hostaddress count is 0
D/dhcpcd  ( 1974): sending DHCP_DISCOVER with xid 0x1f0909f7, next in 15.11 seconds
D/netConnectStep( 1304): refresh list
V/netConnectStep( 1304): [SearchWifiTask]deviceList:null
D/dalvikvm( 1623): GC_CONCURRENT freed 784K, 63% free 2859K/7555K, paused 3ms+2ms
D/HomePlayerLib( 1623): hostaddress count is 0
D/dhcpcd  ( 1974): sending DHCP_DISCOVER with xid 0x1f0909f7, next in 31.73 seconds
D/HomePlayerLib( 1623): hostaddress count is 0
D/netConnectStep(
[  804.139001] IR: [03932] scan key value is 0xec13c936 
[  804.139006]   1304): refresh list
V/netConnectStep( 1304): [SearchWifiTask]deviceList:null
D/dalvikvm( 1623): GC_CONCURRENT freed 736K, 62% free 2932K/7555K, paused 2ms+2ms
D/HomePlayerLib( 1623): hostaddress count is 0
D/dalvikvm( 1623): GC_CONCURRENT freed 799K, 61% free 2959K/7555K, paused 3ms+2ms
D/HomePlayerLib( 1623): hostaddress count is 0
D/HomePlayerLib( 1623): hostaddress count is 0
D/CheckNetWork( 1610): isOk true
D/CheckNetWork( 1610): ActInfonull
D/netConnectStep( 1304): refresh list
V/netConnectStep( 1304): [SearchWifiTask]deviceList:null
D/dhcpcd  ( 1974): sending DHCP_DISCOVER with xid 0x1f0909f7, next in 63.41 seconds
D/netConnectStep( 1304): $$$$$$$$$$$$$$$$$$$$$$$$$$$$$$$$$$$$$$$$$$
E/InputMethodService( 1196): Unexpected null in startExtractingText : mExtractedText = null, input connection = com.android.internal.view.InputConnectionWrapper@41e064d8
E/InputMethodService( 1196): Unexpected null in startExtractingText : mExtractedText = null, input connection = com.android.internal.view.InputConnectionWrapper@41e064d8
D/dalvikvm( 1196): GC_CONCURRENT freed 649K, 30% free 10715K/15107K, paused 1ms+3ms
D/dalvikvm( 1623): GC_CONCURRENT freed 831K, 61% free 2976K/7555K, paused 2ms+2ms
D/HomePlayerLib( 1623): hostaddress count is 0
I/System.out( 1196): [SkbContainer]:mSoftKeyDown--->9
D/ImplicitAppManagerTimerTask( 1911):  ------:: ImplicitAppManagerTimerTask execute...1369028992198
I/System.out( 1196): [SkbContainer]:mSoftKeyDown--->9
I/System.out( 1196): [SkbContainer]:mSoftKeyDown--->9
I/System.out( 1196): [SkbContainer]:mSoftKeyDown--->9
E/dhcpcd  ( 1974): timed out
D/dhcpcd  ( 1974): executing `/system/etc/dhcpcd/dhcpcd-run-hooks', reason FAIL
D/dhcpcd  ( 1974): broadcasting for a lease
D/dhcpcd  ( 1974): sending DHCP_DISCOVER with xid 0xcba692a6, next in 4.64 seconds
I/System.out( 1196): [SkbContainer]:mSoftKeyDown--->9
I/System.out( 1196): [SkbContainer]:mSoftKeyDown--->9
I/System.out( 1196): [SkbContainer]:mSoftKeyDown--->9
I/System.out( 1196): [SkbContainer]:mSoftKeyDown--->9
D/InputEventConsistencyVerifier( 1304): KeyEvent: ACTION_UP but key was not down.
D/InputEventConsistencyVerifier( 1304):   in com.android.internal.policy.impl.PhoneWindow$DecorView@413ed228
D/InputEventConsistencyVerifier( 1304):   0: sent at 644188000000, KeyEvent { action=ACTION_UP, keyCode=KEYCODE_DPAD_RIGHT, scanCode=106, metaState=0, flags=0x8, repeatCount=0, eventTime=644188, downTime=644030, deviceId=1, source=0x101 }
D/InputEventConsistencyVerifier( 1304):   -- recent events --
D/InputEventConsistencyVerifier( 1304):   1: sent at 635768000000, KeyEvent { action=ACTION_UP, keyCode=KEYCODE_ENTER, scanCode=28, metaState=0, flags=0x8, repeatCount=0, eventTime=635768, downTime=635557, deviceId=1, source=0x101 }
D/InputEventConsistencyVerifier( 1304):   2: sent at 635557000000, KeyEvent { action=ACTION_DOWN, keyCode=KEYCODE_ENTER, scanCode=28, metaState=0, flags=0x8, repeatCount=0, eventTime=635557, downTime=635557, deviceId=1, source=0x101 }
D/InputEventConsistencyVerifier( 1304):   3: sent at 634740000000, KeyEvent { action=ACTION_UP, keyCode=KEYCODE_ENTER, scanCode=28, metaState=0, flags=0x8, repeatCount=0, eventTime=634740, downTime=634529, deviceId=1, source=0x101 }
D/InputEventConsistencyVerifier( 1304):   4: sent at 634529000000, KeyEvent { action=ACTION_DOWN, keyCode=KEYCODE_ENTER, scanCode=28, metaState=0, flags=0x8, repeatCount=0, eventTime=634529, downTime=634529, deviceId=1, source=0x101 }
D/InputEventConsistencyVerifier( 1304):   5: sent at 417644000000, KeyEvent { action=ACTION_UP, keyCode=KEYCODE_ENTER, scanCode=28, metaState=0, flags=0x8, repeatCount=0, eventTime=417644, downTime=417432, deviceId=1, source=0x101 }
D/dhcpcd  ( 1974): sending DHCP_DISCOVER with xid 0xcba692a6, next in 8.25 seconds
D/dalvikvm( 1304): GC_CONCURRENT freed 1202K, 22% free 17835K/22787K, paused 6ms+7ms
V/main    ( 1304): ++++keyCode+++22
D/InputEventConsistencyVerifier( 1304): KeyEvent: ACTION_UP but key was not down.
D/InputEventConsistencyVerifier( 1304):   in android.widget.ImageButton@41be6b80
D/InputEventConsistencyVerifier( 1304):   0: sent at 646212000000, KeyEvent { action=ACTION_UP, keyCode=KEYCODE_DPAD_RIGHT, scanCode=106, metaState=0, flags=0x8, repeatCount=0, eventTime=646212, downTime=645997, deviceId=1, source=0x101 }
D/InputEventConsistencyVerifier( 1304):   -- recent events --
D/InputEventConsistencyVerifier( 1304):   1: sent at 417644000000, KeyEvent { action=ACTION_UP, keyCode=KEYCODE_ENTER, scanCode=28, metaState=0, flags=0x8, repeatCount=0, eventTime=417644, downTime=417432, deviceId=1, source=0x101 }
D/InputEventConsistencyVerifier( 1304):   2: sent at 417432000000, KeyEvent { action=ACTION_DOWN, keyCode=KEYCODE_ENTER, scanCode=28, metaState=0, flags=0x8, repeatCount=0, eventTime=417432, downTime=417432, deviceId=1, source=0x101 }
D/InputEventConsistencyVerifier( 1304):   3: sent at 417252000000, (unhandled) KeyEvent { action=ACTION_UP, keyCode=KEYCODE_DPAD_RIGHT, scanCode=106, metaState=0, flags=0x80000008, repeatCount=0, eventTime=417252, downTime=417088, deviceId=1, source=0x101 }
D/HomePlayerLib( 1623): hostaddress count is 0
I/netConnectStep( 1304): !!!<getConfig>: accessPoint.security ==AccessPoint.SECURITY_PSK
D/netConnectStep( 1304): CONNECT_WIFI_HOTSPOT
D/netConnectStep( 1304): status:IDLE
D/netConnectStep( 1304): ********************IDLE*****************
V/netConnectStep( 1304): [getView]show it
D/netConnectStep( 1304): status:IDLE
D/netConnectStep( 1304): status:IDLE
D/netConnectStep( 1304): status:IDLE
D/netConnectStep( 1304): refresh list
V/netConnectStep( 1304): [SearchWifiTask]deviceList:null
D/dalvikvm( 1623): GC_CONCURRENT freed 865K, 62% free 2895K/7555K, paused 2ms+3ms
D/netConnectStep( 1304): status:IDLE
D/netConnectStep( 1304): status:IDLE
D/dhcpcd  ( 1974): sending DHCP_DISCOVER with xid 0xcba692a6, next in 16.76 seconds
D/netConnectStep( 1304): status:IDLE
D/netConnectStep( 1304): status:IDLE
D/netConnectStep( 1304): status:IDLE
D/netConnectStep( 1304): status:IDLE
D/HomePlayerLib( 1623): hostaddress count is 0
D/netConnectStep( 1304): status:IDLE
D/netConnectStep( 1304): status:IDLE
D/netConnectStep( 1304): status:IDLE
D/netConnectStep( 1304): status:IDLE
D/netConnectStep( 1304): status:IDLE
D/netConnectStep( 1304): status:IDLE
D/netConnectStep( 1304): status:IDLE
D/netConnectStep( 1304): status:IDLE
D/netConnectStep( 1304): status:IDLE
D/netConnectStep( 1304): status:IDLE
D/netConnectStep( 1304): ********************FAILED*****************
D/dalvikvm( 1623): GC_CONCURRENT freed 745K, 63% free 2855K/7555K, paused 2ms+3ms
D/HomePlayerLib( 1623): hostaddress count is 0
D/dhcpcd  ( 1974): sending DHCP_DISCOVER with xid 0xcba692a6, next in 31.60 seconds
D/netConnectStep( 1304): refresh list
V/netConnectStep( 1304): [SearchWifiTask]deviceList:null
D/netConnectStep( 1304): $$$$$$$$$$$$$$$$$$$$$$$$$$$$$$$$$$$$$$$$$$
E/InputMethodService( 1196): Unexpected null in startExtractingText : mExtractedText = null, input connection = com.android.internal.view.InputConnectionWrapper@41e064d8
E/InputMethodService( 1196): Unexpected null in startExtractingText : mExtractedText = null, input connection = com.android.internal.view.InputConnectionWrapper@41e064d8
D/InputEventConsistencyVerifier( 1304): KeyEvent: ACTION_UP but key was not down.
D/InputEventConsistenc
[  804.788114] IR: [03932] scan key value is 0xec13c936 
[  804.788120]  yVerifier( 1304):   in com.android.internal.policy.impl.PhoneWindow$DecorView@413ed228
D/InputEventConsistencyVerifier( 1304):   0: sent at 673484000000, KeyEvent { action=ACTION_UP, keyCode=KEYCODE_DPAD_LEFT, scanCode=105, metaState=0, flags=0x8, repeatCount=0, eventTime=673484, downTime=673272, deviceId=1, source=0x101 }
D/InputEventConsistencyVerifier( 1304):   -- recent events --
D/InputEventConsistencyVerifier( 1304):   1: sent at 671996000000, KeyEvent { action=ACTION_UP, keyCode=KEYCODE_ENTER, scanCode=28, metaSt
[  804.840714] IR: [03932] scan key value is 0xec13c936 
[  804.840720]  ate=0, flags=0x8, repeatCount=0, eventTime=671996, downTime=671782, deviceId=1, source=0x101 }
D/InputEventConsistencyVerifier( 1304):   2: sent at 671782000000, KeyEvent { action=ACTION_DOWN, keyCode=KEYCODE_ENTER, scanCode=28, metaState=0, flags=0x8, repeatCount=0, eventTime=671782, downTime=671782, deviceId=1, source=0x101 }
D/InputEventConsistencyVerifier( 1304):   3: sent at 670964000000, KeyEvent { action=ACTION_UP, keyCode=KEYCODE_ENTER, scanCode=28, metaState=0, flags=0x8, repeatCount=0, eventTime=670964, downTime=670753, deviceId=1, source=0x101 }
D/InputEventConsistencyVerifier( 1304):   4: sent at 670753000000, KeyEvent { action=ACTION_DOWN, keyCode=KEYCODE_ENTER, scanCode=28, metaState=0, flags=0x8, repeatCount=0, eventTime=670753, downTime=670753, deviceId=1, source=0x101 }
D/InputEventConsistencyVerifier( 1304):   5: sent at 646900000000, KeyEvent { action=ACTION_UP, keyCode=KEYCODE_ENTER, scanCode=28, metaState=0, flags=0x8, repeatCount=0, eventTime=646900, downTime=646741, deviceId=1, source=0x101 }
I/System.out( 1196): [SkbContainer]:mSoftKeyDown--->9
I/dalvikvm(  950): Jit: resizing JitTable from 4096 to 8192
I/System.out( 1196): [SkbContainer]:mSoftKeyDown--->9
D/dalvikvm(  950): GC_EXPLICIT freed 347K, 60% free 3580K/8771K, paused 10ms+5ms
I/System.out( 1196): [SkbContainer]:mSoftKeyDown--->9
I/System.out( 1196): [SkbContainer]:mSoftKeyDown--->9
I/System.out( 1196): [SkbContainer]:mSoftKeyDown--->9
D/HomePlayerLib( 1623): hostaddress count is 0
I/System.out( 1196): [SkbContainer]:mSoftKeyDown--->9
I/System.out( 1196): [SkbContainer]:mSoftKeyDown--->9
I/System.out( 1196): [SkbContainer]:mSoftKeyDown--->9
D/InputEventConsistencyVerifier( 1304): KeyEvent: ACTION_UP but key was not down.
D/InputEventConsistencyVerifier( 1304):   in com.android.internal.policy.impl.PhoneWindow$DecorView@413ed228
D/InputEventConsistencyVerifier( 1304):   0: sent at 679692000000, KeyEvent { action=ACTION_UP, keyCode=KEYCODE_DPAD_RIGHT, scanCode=106, metaState=0, flags=0x8, repeatCount=0, eventTime=679692, downTime=679532, deviceId=1, source=0x101 }
D/InputEventConsistencyVerifier( 1304):   -- recent events --
D/InputEventConsistencyVerifier( 1304):   1: sent at 673484000000, (unhandled) KeyEvent { action=ACTION_UP, keyCode=KEYCODE_DPAD_LEFT, scanCode=105, metaState=0, flags=0x80000008, repeatCount=0, eventTime=673484, downTime=673272, deviceId=1, source=0x101 }
D/InputEventConsistencyVerifier( 1304):   2: sent at 671996000000, KeyEvent { action=ACTION_UP, keyCode=KEYCODE_ENTER, scanCode=28, metaState=0, flags=0x8, repeatCount=0, eventTime=671996, downTime=671782, deviceId=1, source=0x101 }
D/InputEventConsistencyVerifier( 1304):   3: sent at 671782000000, KeyEvent { action=ACTION_DOWN, keyCode=KEYCODE_ENTER, scanCode=28, metaState=0, flags=0x8, repeatCount=0, eventTime=671782, downTime=671782, deviceId=1, source=0x101 }
D/InputEventConsistencyVerifier( 1304):   4: sent at 670964000000, KeyEvent { action=ACTION_UP, keyCode=KEYCODE_ENTER, scanCode=28, metaState=0, flags=0x8, repeatCount=0, eventTime=670964, downTime=670753, deviceId=1, source=0x101 }
D/InputEventConsistencyVerifier( 1304):   5: sent at 670753000000, KeyEvent { action=ACTION_DOWN, keyCode=KEYCODE_ENTER, scanCode=28, metaState=0, flags=0x8, repeatCount=0, eventTime=670753, downTime=670753, deviceId=1, source=0x101 }
V/main    ( 1304): ++++keyCode+++22
D/InputEventConsistencyVerifier( 1304): KeyEvent: ACTION_UP but key was not down.
D/InputEventConsistencyVerifier( 1304):   in android.widget.ImageButton@41be6b80
D/InputEventConsistencyVerifier( 1304):   0: sent at 681752000000, KeyEvent { action=ACTION_UP, keyCode=KEYCODE_DPAD_RIGHT, scanCode=106, metaState=0, flags=0x8, repeatCount=0, eventTime=681752, downTime=681538, deviceId=1, source=0x101 }
D/InputEventConsistencyVerifier( 1304):   -- recent events --
D/InputEventConsistencyVerifier( 1304):   1: sent at 646900000000, KeyEvent { action=ACTION_UP, keyCode=KEYCODE_ENTER, scanCode=28, metaState=0, flags=0x8, repeatCount=0, eventTime=646900, downTime=646741, deviceId=1, source=0x101 }
D/InputEventConsistencyVerifier( 1304):   2: sent at 646741000000, KeyEvent { action=ACTION_DOWN, keyCode=KEYCODE_ENTER, scanCode=28, metaState=0, flags=0x8, repeatCount=0, eventTime=646741, downTime=646741, deviceId=1, source=0x101 }
D/InputEventConsistencyVerifier( 1304):   3: sent at 646212000000, (unhandled) KeyEvent { action=ACTION_UP, keyCode=KEYCODE_DPAD_RIGHT, scanCode=106, metaState=0, flags=0x80000008, repeatCount=0, eventTime=646212, downTime=645997, deviceId=1, source=0x101 }
D/InputEventConsistencyVerifier( 1304):   4: sent at 417644000000, KeyEvent { action=ACTION_UP, keyCode=KEYCODE_ENTER, scanCode=28, metaState=0, flags=0x8, repeatCount=0, eventTime=417644, downTime=417432, deviceId=1, source=0x101 }
D/InputEventConsistencyVerifier( 1304):   5: sent at 417432000000, KeyEvent { action=ACTION_DOWN, keyCode=KEYCODE_ENTER, scanCode=28, metaState=0, flags=0x8, repeatCount=0, eventTime=417432, downTime=417432, deviceId=1, source=0x101 }
I/netConnectStep( 1304): !!!<getConfig>: accessPoint.security ==AccessPoint.SECURITY_PSK
D/netConnectStep( 1304): CONNECT_WIFI_HOTSPOT
D/netConnectStep( 1304): status:IDLE
D/netConnectStep( 1304): ********************IDLE*****************
V/netConnectStep( 1304): [getView]show it
D/netConnectStep( 1304): status:IDLE
D/netConnectStep( 1304): status:IDLE
D/netConnectStep( 1304): status:IDLE
D/netConnectStep( 1304): status:IDLE
D/netConnectStep( 1304): status:IDLE
D/dalvikvm( 1623): GC_CONCURRENT freed 710K, 63% free 2852K/7555K, paused 2ms+3ms
D/HomePlayerLib( 1623): hostaddress count is 0
D/netConnectStep( 1304): status:IDLE
D/CheckNetWork( 1610): isOk true
D/CheckNetWork( 1610): ActInfonull
D/netConnectStep( 1304): status:IDLE
D/netConnectStep( 1304): status:IDLE
D/netConnectStep( 1304): refresh list
V/netConnectStep( 1304): [SearchWifiTask]deviceList:null
D/netConnectStep( 1304): status:IDLE
D/netConnectStep( 1304): status:IDLE
D/netConnectStep( 1304): status:IDLE
D/netConnectStep( 1304): status:IDLE
D/netConnectStep( 1304): status:IDLE
D/netConnectStep( 1304): status:IDLE
D/netConnectStep( 1304): status:IDLE
D/dalvikvm( 1623): GC_CONCURRENT freed 704K, 61% free 2958K/7555K, paused 5ms+3ms
D/HomePlayerLib( 1623): hostaddress count is 0
D/netConnectStep( 1304): status:IDLE
D/netConnectStep( 1304): status:IDLE
D/netConnectStep( 1304): status:IDLE
D/netConnectStep( 1304): status:IDLE
D/dhcpcd  ( 1974): sending DHCP_DISCOVER with xid 0xcba692a6, next in 64.39 seconds
D/netConnectStep( 1304): ********************FAILED*****************
E/dhcpcd  ( 1974): timed out
D/dhcpcd  ( 1974): executing `/system/etc/dhcpcd/dhcpcd-run-hooks', reason FAIL
D/dhcpcd  ( 1974): broadcasting for a lease
D/dhcpcd  ( 1974): sending DHCP_DISCOVER with xid 0x1126e7af, next in 3.92 seconds
W/ThrottleService(  950): unable to find stats for iface rmnet0
D/dhcpcd  ( 1974): sending DHCP_DISCOVER with xid 0x1126e7af, next in 7.20 seconds
D/HomePlayerLib( 1623): hostaddress count is 0
D/netConnectStep( 1304): refresh list
V/netConnectStep( 1304): [SearchWifiTask]deviceList:null
D/dalvikvm( 1623): GC_CONCURRENT freed 849K, 63% free 2830K/7555K, paused 2ms+2ms
D/dhcpcd  ( 1974): sending DHCP_DISCOVER with xid 0x1126e7af, next in 15.70 seconds
D/HomePlayerLib( 1623): hostaddress count is 0
D/HomePlayerLib( 1623): hostaddress count is 0
D/dalvikvm( 1623): GC_CONCURRENT freed 679K, 62% free 2899K/7555K, paused 2ms+3ms
D/netConnectStep( 1304): refresh list
V/netConnectStep( 1304): [SearchWifiTask]deviceList:null
D/dhcpcd  ( 1974): sending DHCP_DISCOVER with xid 0x1126e7af, next in 32.30 seconds
D/HomePlayerLib( 1623): hostaddress count is 0
D/PushMsgCenter( 1578): mDownUpRun run w
[  805.524919] IR: [03932] scan key value is 0xec13c936 
[  805.524924]  hile (true)
D/PushMsgCenter( 1578): down  
W/System.err( 1578): java.net.UnknownHostException: Unable to resolve host "vitv.voicecloud.cn": No address associated with hostname
W/System.err( 1578):    at java.net.InetAddress.lookupHostByName(InetAddress.java:426)
W/System.err( 1578):    at java.net.InetAddress.getAllByNameImpl(InetAddress.java:242)
W/System.err( 1578):    at java.net.InetAddress.getAllByName(InetAddress.java:220)
W/System.err( 1578):    at libcore.net.http.HttpConnection.<init>(HttpConnection.java:71)
W/Syst
[  805.577523] IR: [03932] scan key value is 0xec13c936 
[  805.577528]  em.err( 1578):  at libcore.net.http.HttpConnection.<init>(HttpConnection.java:50)
W/System.err( 1578):    at libcore.net.http.HttpConnection$Address.connect(HttpConnection.java:351)
W/System.err( 1578):    at libcore.net.http.HttpConnectionPool.get(HttpConnectionPool.java:86)
W/System.err( 1578):    at libcore.net.http.HttpConnection.connect(HttpConnection.java:128)
W/System.err( 1578):    at libcore.net.http.HttpEngine.openSocketConnection(HttpEngine.java:308)
W/System.err( 1578):    at libcore.net.http.HttpEngine.connect(HttpEngine.java:303)
W/System.err( 1578):    at libcore.net.http.HttpEngine.sendSocketRequest(HttpEngine.java:282)
W/System.err( 1578):    at libcore.net.http.HttpEngine.sendRequest(HttpEngine.java:232)
W/System.err( 1578):    at libcore.net.http.HttpURLConnectionImpl.getResponse(HttpURLConnectionImpl.java:273)
W/System.err( 1578):    at libcore.net.http.HttpURLConnectionImpl.getResponseCode(HttpURLConnectionImpl.java:479)
W/System.err( 1578):    at com.iflytek.push.PushMsgCenter.down(PushMsgCenter.java:270)
W/System.err( 1578):    at com.iflytek.push.PushMsgCenter.access$500(PushMsgCenter.java:37)
W/System.err( 1578):    at com.iflytek.push.PushMsgCenter$2.run(PushMsgCenter.java:175)
W/System.err( 1578):    at java.lang.Thread.run(Thread.java:856)
W/System.err( 1578): Caused by: libcore.io.GaiException: getaddrinfo failed: EAI_NODATA (No address associated with hostname)
W/System.err( 1578):    at libcore.io.Posix.getaddrinfo(Native Method)
W/System.err( 1578):    at libcore.io.ForwardingOs.getaddrinfo(ForwardingOs.java:55)
W/System.err( 1578):    at java.net.InetAddress.lookupHostByName(InetAddress.java:411)
W/System.err( 1578):    ... 17 more
D/CheckNetWork( 1610): isOk true
D/CheckNetWork( 1610): ActInfonull
D/dalvikvm( 1623): GC_CONCURRENT freed 750K, 63% free 2853K/7555K, paused 3ms+2ms
D/HomePlayerLib( 1623): hostaddress count is 0
D/netConnectStep( 1304): refresh list
V/netConnectStep( 1304): [SearchWifiTask]deviceList:null
D/dalvikvm( 1623): GC_CONCURRENT freed 704K, 62% free 2896K/7555K, paused 2ms+2ms
D/HomePlayerLib( 1623): hostaddress count is 0
D/netConnectStep( 1304): $$$$$$$$$$$$$$$$$$$$$$$$$$$$$$$$$$$$$$$$$$
E/InputMethodService( 1196): Unexpected null in startExtractingText : mExtractedText = null, input connection = com.android.internal.view.InputConnectionWrapper@41e064d8
E/InputMethodService( 1196): Unexpected null in startExtractingText : mExtractedText = null, input connection = com.android.internal.view.InputConnectionWrapper@41e064d8
D/InputEventConsistencyVerifier( 1304): KeyEvent: ACTION_UP but key was not down.
D/InputEventConsistencyVerifier( 1304):   in com.android.internal.policy.impl.PhoneWindow$DecorView@413ed228
D/InputEventConsistencyVerifier( 1304):   0: sent at 761140000000, KeyEvent { action=ACTION_UP, keyCode=KEYCODE_DPAD_LEFT, scanCode=105, metaState=0, flags=0x8, repeatCount=0, eventTime=761140, downTime=760926, deviceId=1, source=0x101 }
D/InputEventConsistencyVerifier( 1304):   -- recent events --
D/InputEventConsistencyVerifier( 1304):   1: sent at 759748000000, KeyEvent { action=ACTION_UP, keyCode=KEYCODE_ENTER, scanCode=28, metaState=0, flags=0x8, repeatCount=0, eventTime=759748, downTime=759538, deviceId=1, source=0x101 }
D/InputEventConsistencyVerifier( 1304):   2: sent at 759538000000, KeyEvent { action=ACTION_DOWN, keyCode=KEYCODE_ENTER, scanCode=28, metaState=0, flags=0x8, repeatCount=0, eventTime=759538, downTime=759538, deviceId=1, source=0x101 }
D/InputEventConsistencyVerifier( 1304):   3: sent at 758980000000, KeyEvent { action=ACTION_UP, keyCode=KEYCODE_ENTER, scanCode=28, metaState=0, flags=0x8, repeatCount=0, eventTime=758980, downTime=758769, deviceId=1, source=0x101 }
D/InputEventConsistencyVerifier( 1304):   4: sent at 758769000000, KeyEvent { action=ACTION_DOWN, keyCode=KEYCODE_ENTER, scanCode=28, metaState=0, flags=0x8, repeatCount=0, eventTime=758769, downTime=758769, deviceId=1, source=0x101 }
D/InputEventConsistencyVerifier( 1304):   5: sent at 682148000000, KeyEvent { action=ACTION_UP, keyCode=KEYCODE_ENTER, scanCode=28, metaState=0, flags=0x8, repeatCount=0, eventTime=682148, downTime=681935, deviceId=1, source=0x101 }
I/System.out( 1196): [SkbContainer]:mSoftKeyDown--->9
I/System.out( 1196): [SkbContainer]:mSoftKeyDown--->9
