[ 6487.285990] IR: [03932] scan key value is 0xee11c936 
[ 6487.285994]  C_CONCURRENT freed 520K, 79% free 1295K/6019K, paused 1ms+1ms
D/dalvikvm( 1161): GC_CONCURRENT freed 373K, 77% free 1420K/6019K, paused 1ms+1ms
D/dalvikvm( 1161): GC_CONCURRENT freed 488K, 79% free 1322K/6019K, paused 0ms+1ms
D/dalvikvm( 1161): GC_CONCURRENT freed 393K, 77% free 1427K/6019K, paused 1ms+1ms
D/dalvikvm( 1161): GC_CONCURRENT freed 513K, 79% free 1307K/6019K, paused 1ms+1ms
D/WifiP2pService(  959): wait for wifi sta and softap disabled!!
D/dalvikvm( 1161): GC_CONCURRENT freed 377K, 77% free 1429K/6019K, paused 1ms+2ms
D/dalvikvm( 1161): GC_CONCURRENT freed 515K, 79% free 1297K/6019K, paused 1ms+1ms
D/dalvikvm( 1161): GC_CONCURRENT freed 381K, 77% free 1421K/6019K, paused 1ms+1ms
D/dalvikvm( 1161): GC_CONCURRENT freed 496K, 79% free 1311K/6019K, paused 1ms+1ms
D/dalvikvm( 1161): GC_CONCURRENT freed 396K, 79% free 1300K/6019K, paused 1ms+1ms
D/dalvikvm( 1161): GC_CONCURRENT freed 365K, 79% free 1320K/6019K, paused 1ms+1ms
D/WifiP2pService(  959): wait for wifi sta and softap disabled!!
D/dalvikvm( 1161): GC_CONCURRENT freed 392K, 77% free 1427K/6019K, paused 1ms+1ms
D/dalvikvm( 1161): GC_CONCURRENT freed 501K, 79% free 1310K/6019K, paused 1ms+1ms
D/SlideManagerRootImpl( 1259): slideTo = 1
D/dalvikvm( 1161): GC_CONCURRENT freed 394K, 78% free 1340K/6019K, paused 0ms+2ms
D/dalvikvm( 1161): GC_CONCURRENT freed 418K, 79% free 1310K/6019K, paused 1ms+1ms
D/WifiP2pService(  959): wait for wifi sta and softap disabled!!
D/dalvikvm( 1161): GC_CONCURRENT freed 394K, 79% free 1308K/6019K, paused 1ms+1ms
D/dalvikvm( 1161): GC_CONCURRENT freed 433K, 78% free 1383K/6019K, paused 0ms+1ms
D/dalvikvm( 1161): GC_CONCURRENT freed 447K, 77% free 1409K/6019K, paused 1ms+1ms
D/dalvikvm( 1161): GC_CONCURRENT freed 485K, 79% free 1310K/6019K, paused 0ms+1ms
D/WifiP2pService(  959): wait for wifi sta and softap disabled!!
D/dalvikvm( 1161): GC_CONCURRENT freed 395K, 77% free 1417K/6019K, paused 1ms+1ms
D/dalvikvm( 1161): GC_CONCURRENT freed 486K, 79% free 1322K/6019K, paused 1ms+1ms
D/dalvikvm( 1161): GC_CONCURRENT freed 394K, 77% free 1408K/6019K, paused 1ms+1ms
D/dalvikvm( 1161): GC_CONCURRENT freed 494K, 78% free 1382K/6019K, paused 1ms+1ms
D/dalvikvm( 1161): GC_CONCURRENT freed 465K, 79% free 1309K/6019K, paused 1ms+1ms
D/dalvikvm( 1161): GC_CONCURRENT freed 394K, 79% free 1309K/6019K, paused 0ms+1ms
D/WifiP2pService(  959): wait for wifi sta and softap disabled!!
D/dalvikvm( 1161): GC_CONCURRENT freed 393K, 79% free 1309K/6019K, paused 1ms+1ms
D/dalvikvm( 1161): GC_CONCURRENT freed 393K, 79% free 1309K/6019K, paused 1ms+1ms
D/dalvikvm( 1161): GC_CONCURRENT freed 394K, 79% free 1309K/6019K, paused 1ms+1ms
D/dalvikvm( 1161): GC_CONCURRENT freed 398K, 79% free 1298K/6019K, paused 0ms+1ms
D/dalvikvm( 1161): GC_CONCURRENT freed 384K, 79% free 1306K/6019K, paused 1ms+1ms
D/WifiP2pService(  959): wait for wifi sta and softap disabled!!
D/dalvikvm( 1161): GC_CONCURRENT freed 394K, 77% free 1406K/6019K, paused 1ms+1ms
D/dalvikvm( 1161): GC_CONCURRENT freed 474K, 77% free 1428K/6019K, paused 1ms+1ms
D/dalvikvm( 1161): GC_CONCURRENT freed 513K, 79% free 1307K/6019K, paused 1ms+1ms
D/dalvikvm( 1161): GC_CONCURRENT freed 380K, 77% free 1404K/6019K, paused 0ms+1ms
D/dalvikvm( 1161): GC_CONCURRENT freed 476K, 79% free 1322K/6019K, paused 1ms+1ms
D/WifiP2pService(  959): wait for wifi sta and softap disabled!!
D/WifiP2pService(  959): wait for wifi sta and softap disabled!!
D/SlideManagerRootImpl( 1259): slideTo = 2
D/WifiP2pService(  959): wait for wifi sta and softap disabled!!
D/dalvikvm( 1161): GC_CONCURRENT freed 405K, 79% free 1316K/6019K, paused 1ms+1ms
D/WifiP2pService(  959): wait for wifi sta and softap disabled!!
D/dalvikvm( 1161): GC_CONCURRENT freed 387K, 79% free 1320K/6019K, paused 1ms+1ms
D/HomePlayerLib( 1161): hostaddress count is 2
D/dalvikvm( 1161): GC_CONCURRENT freed 408K, 79% free 1314K/6019K, paused 1ms+1ms
D/dalvikvm( 1161): GC_CONCURRENT freed 389K, 79% free 1320K/6019K, paused 1ms+1ms
D/dalvikvm( 1161): GC_CONCURRENT freed 405K, 79% free 1308K/6019K, paused 1ms+1ms
D/dalvikvm( 1161): GC_CONCURRENT freed 390K, 75% free 1510K/6019K, paused 2ms+1ms
D/dalvikvm( 1161): GC_CONCURRENT freed 577K, 77% free 1384K/6019K, paused 1ms+1ms
D/dalvikvm( 1161): GC_CONCURRENT freed 443K, 76% free 1453K/6019K, paused 0ms+1ms
D/dalvikvm( 1161): GC_CONCURRENT freed 534K, 78% free 1346K/6019K, paused 0ms+1ms
D/dalvikvm( 1161): GC_CONCURRENT freed 428K, 79% free 1323K/6019K, paused 1ms+1ms
D/dalvikvm( 1161): GC_CONCURRENT freed 397K, 79% free 1310K/6019K, paused 1ms+1ms
D/dalvikvm( 1161): GC_CONCURRENT freed 392K, 77% free 1420K/6019K, paused 1ms+1ms
D/WifiP2pService(  959): wait for wifi sta and softap disabled!!
D/dalvikvm( 1161): GC_CONCURRENT freed 487K, 77% free 1413K/6019K, paused 1ms+1ms
D/dalvikvm( 1161): GC_CONCURRENT freed 496K, 78% free 1367K/6019K, paused 1ms+1ms
D/dalvikvm( 1161): GC_CONCURRENT freed 435K, 78% free 1326K/6019K, paused 1ms+1ms
D/dalvikvm( 1161): GC_CONCURRENT freed 393K, 78% free 1324K/6019K, paused 1ms+1ms
D/dalvikvm( 1161): GC_CONCURRENT freed 392K, 78% free 1326K/6019K, paused 1ms+1ms
D/dalvikvm( 1161): GC_CONCURRENT freed 405K, 79% free 1323K/6019K, paused 1ms+1ms
D/dalvi
[ 6487.748446] IR: [03932] scan key value is 0xea15c936 
[ 6487.748451]  kvm( 1161): GC_CONCURRENT freed 395K, 79% free 1322K/6019K, paused 1ms+1ms
D/dalvikvm( 1161): GC_CONCURRENT freed 393K, 79% free 1322K/6019K, paused 0ms+1ms
D/WifiP2pService(  959): wait for wifi sta and softap disabled!!
D/dalvikvm( 1161): GC_CONCURRENT freed 403K, 79% free 1319K/6019K, paused 1ms+1ms
D/dalvikvm( 1161): GC_CONCURRENT freed 396K, 79% free 1317K/6019K, paused 1ms+2ms
D/dalvikvm( 1161): GC_CONCURRENT freed 394K, 79% free 1317K/6019K, paused 1ms+1ms
D/dalvikvm( 1161): GC_CONCURRENT freed 394K, 79% free 
[ 6487.800984] IR: [03932] scan key value is 0xea15c936 
[ 6487.800989]  1308K/6019K, paused 1ms+1ms
D/WifiP2pService(  959): wait for wifi sta and softap disabled!!
D/WifiP2pService(  959): wait for wifi sta and softap disabled!!
D/SlideManagerRootImpl( 1259): slideTo = 3
D/dalvikvm( 1161): GC_CONCURRENT freed 391K, 79% free 1318K/6019K, paused 1ms+1ms
D/dalvikvm( 1161): GC_CONCURRENT freed 405K, 79% free 1322K/6019K, paused 1ms+1ms
D/dalvikvm( 1161): GC_CONCURRENT freed 393K, 78% free 1362K/6019K, paused 1ms+2ms
D/WifiP2pService(  959): wait for wifi sta and softap disabled!!
D/dalvikvm( 1161): GC_CONCURRENT freed 444K, 79% free 1302K/6019K, paused 1ms+1ms
D/dalvikvm( 1161): GC_CONCURRENT freed 369K, 79% free 1320K/6019K, paused 1ms+1ms
D/dalvikvm( 1161): GC_CONCURRENT freed 392K, 79% free 1321K/6019K, paused 1ms+1ms
D/dalvikvm( 1161): GC_CONCURRENT freed 392K, 79% free 1321K/6019K, paused 1ms+1ms
D/dalvikvm( 1161): GC_CONCURRENT freed 393K, 79% free 1321K/6019K, paused 1ms+1ms
D/dalvikvm( 1161): GC_CONCURRENT freed 393K, 79% free 1321K/6019K, paused 1ms+1ms
D/WifiP2pService(  959): wait for wifi sta and softap disabled!!
D/dalvikvm( 1161): GC_CONCURRENT freed 393K, 79% free 1321K/6019K, paused 1ms+1ms
D/dalvikvm( 1161): GC_CONCURRENT freed 393K, 78% free 1368K/6019K, paused 1ms+1ms
D/SlideManagerRootImpl( 1259): stop = 3
D/WifiP2pService(  959): wait for wifi sta and softap disabled!!
D/SlideManagerRootImpl( 1259): stop = 3
D/SlideManagerRootImpl( 1259): stop = 3
D/dalvikvm( 1161): GC_CONCURRENT freed 442K, 78% free 1335K/6019K, paused 1ms+1ms
D/dalvikvm( 1161): GC_CONCURRENT freed 409K, 77% free 1427K/6019K, paused 1ms+3ms
D/dalvikvm( 1161): GC_CONCURRENT freed 502K, 78% free 1335K/6019K, paused 0ms+1ms
D/MainActivity( 1259): position = 3
D/SlideManagerRootImpl( 1259): stop = 3
D/dalvikvm(  959): GC_CONCURRENT freed 674K, 61% free 3765K/9539K, paused 1ms+6ms
D/dalvikvm( 1161): GC_CONCURRENT freed 407K, 79% free 1322K/6019K, paused 1ms+2ms
D/InputEventConsistencyVerifier( 1259): KeyEvent: ACTION_UP but key was not down.
D/InputEventConsistencyVerifier( 1259):   in android.widget.RadioButton@417a9890
D/InputEventConsistencyVerifier( 1259):   0: sent at 6400493000000, KeyEvent { action=ACTION_UP, keyCode=KEYCODE_DPAD_RIGHT, scanCode=106, metaState=0, flags=0x8, repeatCount=
[ 6488.004705] IR: [03932] scan key value is 0xea15c936 
[ 6488.004710]  0, eventTime=6400493, downTime=6400279, deviceId=1, source=0x101 }
D/InputEventConsistencyVerifier( 1259):   -- recent events --
D/InputEventConsistencyVerifier( 1259):   1: sent at 3110863000000, (unhandled) KeyEvent { action=ACTION_UP, keyCode=KEYCODE_BACK, scanCode=4, metaState=0, flags=0x8, repeatCount=0, eventTime=3110863, downTime=3110863, deviceId=2, source=0x301 }
D/InputEventConsistencyVerifier( 1259):   2: sent at 3110863000000, (unhandled) KeyEvent { action=ACTION_DOWN, keyCode=KEYCODE_BACK, scanCode=4, metaS
[ 6488.057267] IR: [03932] scan key value is 0xea15c936 
[ 6488.057272]  tate=0, flags=0x8, repeatCount=0, eventTime=3110863, downTime=3110863, deviceId=2, source=0x301 }
D/InputEventConsistencyVerifier( 1259):   3: sent at 3109433000000, (unhandled) KeyEvent { action=ACTION_UP, keyCode=KEYCODE_DPAD_RIGHT, scanCode=106, metaState=0, flags=0x80000008, repeatCount=0, eventTime=3109433, downTime=3109108, deviceId=1, source=0x101 }
D/InputEventConsistencyVerifier( 1259):   4: sent at 3085782000000, (unhandled) KeyEvent { action=ACTION_UP, keyCode=KEYCODE_BACK, scanCode=4, metaState=0, flags=0x8, repeatCount=0, eventTime=3085782, downTime=3085782, deviceId=2, source=0x301 }
D/InputEventConsistencyVerifier( 1259):   5: sent at 3085782000000, (unhandled) KeyEvent { action=ACTION_DOWN, keyCode=KEYCODE_BACK, scanCode=4, metaState=0, flags=0x8, repeatCount=0, eventTime=3085782, downTime=3085782, deviceId=2, source=0x301 }
D/WifiP2pService(  959): wait for wifi sta and softap disabled!!
D/dalvikvm( 1161): GC_CONCURRENT freed 393K, 79% free 1322K/6019K, paused 4ms+1ms
D/MainActivity( 1259): position = 4
D/ScaleViewPanel( 1259): dispatchDraw
D/InputEventConsistencyVerifier( 1259): KeyEvent: ACTION_UP but key was not down.
D/InputEventConsistencyVerifier( 1259):   in com.fiship.widget.viewflow.ViewFlow@417aa010
D/InputEventConsistencyVerifier( 1259):   0: sent at 6400989000000, KeyEvent { action=ACTION_UP, keyCode=KEYCODE_DPAD_DOWN, scanCode=108, metaState=0, flags=0x8, repeatCount=0, eventTime=6400989, downTime=6400775, deviceId=1, source=0x101 }
D/InputEventConsistencyVerifier( 1259):   -- recent events --
D/InputEventConsistencyVerifier( 1259):   1: sent at 495281000000, KeyEvent { action=ACTION_UP, keyCode=KEYCODE_ENTER, scanCode=28, metaState=0, flags=0x8, repeatCount=0, eventTime=495281, downTime=495122, deviceId=1, source=0x101 }
D/InputEventConsistencyVerifier( 1259):   2: sent at 495122000000, KeyEvent { action=ACTION_DOWN, keyCode=KEYCODE_ENTER, scanCode=28, metaState=0, flags=0x8, repeatCount=0, eventTime=495122, downTime=495122, deviceId=1, source=0x101 }
D/InputEventConsistencyVerifier( 1259):   3: sent at 494993000000, (unhandled) KeyEvent { action=ACTION_UP, keyCode=KEYCODE_DPAD_UP, scanCode=103, metaState=0, flags=0x8, repeatCount=0, eventTime=494993, downTime=494780, devi
[ 6488.259695] IR: [03932] scan key value is 0xea15c936 
[ 6488.259699]  ceId=1, source=0x101 }
D/InputEventConsistencyVerifier( 1259):   4: sent at 494780000000, (unhandled) KeyEvent { action=ACTION_DOWN, keyCode=KEYCODE_DPAD_UP, scanCode=103, metaState=0, flags=0x8, repeatCount=0, eventTime=494780, downTime=494780, deviceId=1, source=0x101 }
D/InputEventConsistencyVerifier( 1259):   5: sent at 494581000000, (unhandled) KeyEvent { action=ACTION_UP, keyCode=KEYCODE_DPAD_DOWN, scanCode=108, metaState=0, flags=0x8, repeatCount=0, eventTime=494581, downTime=494369, deviceId=1, source=0x101 }
D/
[ 6488.312236] IR: [03932] scan key value is 0xea15c936 
[ 6488.312241]  ScaleViewPanel( 1259): dispatchDraw
I/MainActivity( 1259): onClick -> 52066
I/ActivityManager(  959): START {flg=0x10000000 cmp=com.coship.dvbsetting/.main (has extras)} from pid 1259
V/MainActivity( 1259): onlineMovice  null
V/MainActivity( 1259): userName = null ;passwd = null ; DiviceId = null
I/MainActivity( 1259):  onPause
D/WifiP2pService(  959): wait for wifi sta and softap disabled!!
D/OpenGLRenderer( 1259): Flushing caches (mode 0)
V/TabletStatusBar( 1177): setLightsOn(true)
W/InputManagerService(  959): Starting input on non-focused client com.android.internal.view.IInputMethodClient$Stub$Proxy@41652258 (uid=10005 pid=1259)
I/NetworkConnect( 1979): //////@Override//////@Override//////@Override//////@Override//////@Override//////@Override//////@Override//////@Override
I/NetworkConnect( 1979): Execute command :ping -c 1 -w 100 www.baidu.com
D/dalvikvm( 1979): GC_CONCURRENT freed 1403K, 15% free 29234K/34371K, paused 3ms+7ms
I/NetworkConnect( 1979): //////@Override//////@Override//////@Override//////@Override//////@Override//////@Override//////@Override//////@Override0
I/System  ( 1979): Failed to destroy process 2365
I/System  ( 1979): libcore.io.ErrnoException: kill failed: ESRCH (No such process)
I/System  ( 1979):      at libcore.io.Posix.kill(Native Method)
I/System  ( 1979):      at libcore.io.ForwardingOs.kill(ForwardingOs.java:77)
I/System  ( 1979):      at java.lang.ProcessManager$ProcessImpl.destroy(ProcessManager.java:257)
I/System  ( 1979):      at com.coship.dvbsetting.netsetting.quicksetservice.NetworkConnect.execueteCommand(NetworkConnect.java:167)
I/System  ( 1979):      at com.coship.dvbsetting.netsetting.quicksetservice.NetworkConnect.CheckNet(NetworkConnect.java:70)
I/System  ( 1979):      at com.coship.dvbsetting.netsetting.StateSet$2.run(StateSet.java:458)
I/System  ( 1979):      at java.lang.Thread.run(Thread.java:856)
I/StateSet( 1979): -------you xian-----tv_Ip=192.168.2.6
I/MainActivity( 1259):  onStop
D/OpenGLRenderer( 1259): Flushing caches (mode 1)
D/WifiP2pService(  959): wait for wifi sta and softap disabled!!
D/dalvikvm( 1161): GC_CONCURRENT freed 401K, 78% free 1335K/6019K, paused 1ms+1ms
D/dalvikvm( 1161): GC_CONCURRENT freed 409K, 79% free 1322K/6019K, paused 1ms+1ms
D/dalvikvm( 1161): GC_CONCURRENT freed 394K, 79% free 1321K/6019K, paused 1ms+2ms
D/WifiP2pService(  959): wait for wifi sta and softap disabled!!
D/dalvikvm( 1161): GC_CONCURRENT freed 391K, 79% free 1321K/6019K, paused 1ms+1ms
D/dalvikvm( 1161): GC_CONCURRENT freed 392K, 79% free 1322K/6019K, paused 1ms+1ms
D/dalvikvm( 1161): GC_CONCURRENT freed 393K, 79% free 1322K/6019K, paused 1ms+1ms
D/dalvikvm( 1161): GC_CONCURRENT freed 392K, 79% free 1322K/6019K, paused 1ms+1ms
D/dalvikvm( 1161): GC_CONCURRENT freed 393K, 79% free 1322K/6019K, paused 1ms+1ms
D/HomePlayerLib( 1161): hostaddress count is 2
D/dalvikvm( 1161): GC_CONCURRENT freed 465K, 78% free 1361K/6019K, paused 0ms+1ms
D/dalvikvm( 1161): GC_CONCURRENT freed 434K, 77% free 1433K/6019K, paused 1ms+1ms
D/dalvikvm( 1161): GC_CONCURRENT freed 503K, 77% free 1427K/6019K, paused 1ms+1ms
D/dalvikvm( 1161): GC_CONCURRENT freed 488K, 76% free 1450K/6019K, paused 1ms+1ms
D/dalvikvm( 1161): GC_CONCURRENT freed 512K, 78% free 1333K/6019K, paused 1ms+1ms
D/WifiP2pService(  959): wait for wifi sta and softap disabled!!
D/dalvikvm( 1161): GC_CONCURRENT freed 415K, 77% free 1434K/6019K, paused 1ms+1ms
D/dalvikvm( 1161): GC_CONCURRENT freed 504K, 77% free 1438K/6019K, paused 0ms+1ms
D/dalvikvm( 1161): GC_CONCURRENT freed 526K, 79% free 1303K/6019K, paused 0ms+1ms
D/dalvikvm( 1161): GC_CONCURRENT freed 376K, 79% free 1323K/6019K, paused 1ms+1ms
D/dalvikvm( 1161): GC_CONCURRENT freed 408K, 79% free 1323K/6019K, paused 0ms+1ms
D/dalvikvm( 1161): GC_CONCURRENT freed 393K, 78% free 1325K/6019K, paused 0ms+1ms
D/dalvikvm( 1161): GC_CONCURRENT freed 394K, 78% free 1325K/6019K, paused 0ms+1ms
D/dalvikvm( 1161): GC_CONCURRENT freed 393K, 78% free 1324K/6019K, paused 1ms+1ms
D/dalvikvm( 1161): GC_CONCURRENT freed 390K, 78% free 1326K/6019K, paused 1ms+1ms
D/dalvikvm( 1161): GC_CONCURRENT freed 393K, 77% free 1387K/6019K, paused 1ms+1ms
D/WifiP2pService(  959): wait for wifi sta and softap disabled!!
D/dalvikvm( 1161): GC_CONCURRENT freed 454K, 78% free 1327K/6019K, paused 2ms+1ms
D/dalvikvm( 1161): GC_CONCURRENT freed 404K, 77% free 1432K/6019K, paused 1ms+1ms
D/dalvikvm( 1161): GC_CONCURRENT freed 505K, 79% free 1311K/6019K, paused 1ms+2ms
D/dalvikvm( 1161): GC_CONCURRENT freed 394K, 79% free 1318K/6019K, paused 1ms+1ms
D/dalvikvm( 1161): GC_CONCURRENT freed 439K, 79% f
[ 6488.722272] IR: [03932] scan key value is 0xeb14c936 
[ 6488.722277]  ree 1295K/6019K, paused 1ms+8ms
D/dalvikvm( 1161): GC_CONCURRENT freed 372K, 77% free 1434K/6019K, paused 1ms+1ms
D/dalvikvm( 1161): GC_CONCURRENT freed 517K, 79% free 1319K/6019K, paused 1ms+1ms
D/dalvikvm( 1161): GC_CONCURRENT freed 395K, 79% free 1318K/6019K, paused 1ms+1ms
D/dalvikvm( 1161): GC_CONCURRENT freed 393K, 79% free 1318K/6019K, paused 1ms+1ms
D/WifiP2pService(  959): wait for wifi sta and softap disabled!!
D/WifiP2pService(  959): wait for wifi sta and softap disabled!!
D/dalvikvm( 1161): GC_CONCURREN
[ 6488.774805] IR: [03932] scan key value is 0xeb14c936 
[ 6488.774810]  T freed 404K, 79% free 1322K/6019K, paused 1ms+1ms
D/dalvikvm( 1161): GC_CONCURRENT freed 403K, 79% free 1319K/6019K, paused 1ms+1ms
D/dalvikvm( 1161): GC_CONCURRENT freed 396K, 79% free 1317K/6019K, paused 1ms+1ms
D/dalvikvm( 1161): GC_CONCURRENT freed 394K, 78% free 1334K/6019K, paused 1ms+1ms
D/dalvikvm( 1161): GC_FOR_ALLOC freed 527K, 79% free 1306K/6019K, paused 10ms
D/dalvikvm( 1161): GC_CONCURRENT freed 5K, 78% free 1363K/6019K, paused 1ms+1ms
I/HighSet_CableNetwork( 1979): [SelectConnectMode] ~~~~~~~~~~~~~~~~~~~~~~~~~ConnectMode:dhcp
D/WifiP2pService(  959): wait for wifi sta and softap disabled!!
D/dalvikvm( 1161): GC_CONCURRENT freed 449K, 79% free 1323K/6019K, paused 1ms+1ms
D/dalvikvm( 1161): GC_CONCURRENT freed 397K, 79% free 1321K/6019K, paused 1ms+1ms
D/dalvikvm( 1161): GC_CONCURRENT freed 394K, 79% free 1322K/6019K, paused 1ms+1ms
D/dalvikvm( 1161): GC_CONCURRENT freed 393K, 79% free 1321K/6019K, paused 1ms+1ms
D/dalvikvm( 1161): GC_CONCURRENT freed 393K, 79% free 1321K/6019K, paused 1ms+1ms
D/WifiP2pService(  959): wait for wifi sta and softap disabled!!
D/WifiP2pService(  959): wait for wifi sta and softap disabled!!
D/dalvikvm( 1161): GC_CONCURRENT freed 392K, 79% free 1322K/6019K, paused 1ms+1ms
D/dalvikvm( 1161): GC_CONCURRENT freed 392K, 78% free 1368K/6019K, paused 1ms+1ms
D/dalvikvm( 1161): GC_CONCURRENT freed 444K, 77% free 1419K/6019K, paused 0ms+1ms
D/dalvikvm( 1161): GC_CONCURRENT freed 491K, 79% free 1322K/6019K, paused 0ms+1ms
D/WifiP2pService(  959): wait for wifi sta and softap disabled!!
D/dalvikvm( 1161): GC_CONCURRENT freed 394K, 79% free 1321K/6019K, paused 1ms+1ms
D/dalvikvm( 1161): GC_CONCURRENT freed 404K, 79% free 1307K/6019K, paused 1ms+1ms
D/InputEventConsistencyVerifier( 1979): KeyEvent: ACTION_UP but key was not down.
D/InputEventConsistencyVerifier( 1979):   in com.android.internal.policy.impl.PhoneWindow$DecorView@416de870
D/InputEventConsistencyVerifier( 1979):   0: sent at 6412417000000, KeyEvent { action=ACTION_UP, keyCode=KEYCODE_DPAD_RIGHT, scanCode=106, metaState=0, flags=0x8, repeatCount=0, eventTime=6412417, downTime=6412205, deviceId=1, source=0x101 }
D/InputEventConsistencyVerifier( 1979):   -- recent events --
D/InputEventConsistencyVerifier( 1979):   1: sent at 6409437000000, (unhandled) KeyEvent { action=ACTION_UP, keyCode=KEYCODE_DPAD_DOWN, scanCode=108, metaState=0, flags=0x8, repeatCount=0, eventTime=6409437, downTime=6409222, deviceId=1, source=0x101 }
D/InputEventConsistencyVerifier( 1979):   2: sent at 6409222000000, KeyEvent { action=ACTION_DOWN, keyCode=KEYCODE_DPAD_DOWN, scanCode=108, metaState=0, flags=0x8, repeatCount=0, eventTime=6409222, downTime=6409222, deviceId=1, source=0x101 }
D/InputEventConsistencyVerifier( 1979):   3: sent at 6408601000000, (unhandled) KeyEvent { action=ACTION_UP, keyCode=KEYCODE_DPAD_DOWN, scanCode=108, metaState=0, flags=0x8, repeatCount=0, eventTime=6408601, downTime=6408384, deviceId=1, source=0x101 }
D/InputEventConsistencyVerifier( 1979):   4: sent at 6408384000000, KeyEvent { action=ACTION_DOWN, keyCode=KEYCODE_DPAD_DOWN, scanCode=108, metaState=0, flags=0x8, repeatCount=0, eventTime=6408384, downTime=6408384, deviceId=1, source=0x101 }
D/InputEventConsistencyVerifier( 1979):   5: sent at 6407269000000, (unhandled) KeyEvent { action=ACTION_UP, keyCode=KEYCODE_DPAD_DOWN, scanCode=108, metaState=0, flags=0x8, repeatCount=0, eventTime=6407269, downTime=6407057, deviceId=1, source=0x101 }
D/WifiP2pService(  959): wait for wifi sta and softap disabled!!
D/InputEventConsistencyVerifier( 1979): KeyEvent: ACTION_UP but key was not down.
D/InputEventConsistencyVerifier( 1
[ 6489.099953] IR: [03932] scan key value is 0xec13c936 
[ 6489.099958]  979):   in android.widget.LinearLayout@4167bd88
D/InputEventConsistencyVerifier( 1979):   0: sent at 6413101000000, KeyEvent { action=ACTION_UP, keyCode=KEYCODE_DPAD_LEFT, scanCode=105, metaState=0, flags=0x8, repeatCount=0, eventTime=6413101, downTime=6412886, deviceId=1, source=0x101 }
D/InputEventConsistencyVerifier( 1979):   -- recent events --
D/InputEventConsistencyVerifier( 1979):   1: sent at 6409437000000, (unhandled) KeyEvent { action=ACTION_UP, keyCode=KEYCODE_DPAD_DOWN, scanCode=108, metaState=0, flags=0x8, 
[ 6489.152481] IR: [03932] scan key value is 0xec13c936 
[ 6489.152485]  repeatCount=0, eventTime=6409437, downTime=6409222, deviceId=1, source=0x101 }
D/InputEventConsistencyVerifier( 1979):   2: sent at 6409222000000, KeyEvent { action=ACTION_DOWN, keyCode=KEYCODE_DPAD_DOWN, scanCode=108, metaState=0, flags=0x8, repeatCount=0, eventTime=6409222, downTime=6409222, deviceId=1, source=0x101 }
D/InputEventConsistencyVerifier( 1979):   3: sent at 6408601000000, (unhandled) KeyEvent { action=ACTION_UP, keyCode=KEYCODE_DPAD_DOWN, scanCode=108, metaState=0, flags=0x8, repeatCount=0, eventTime=6408601, downTime=6408384, deviceId=1, source=0x101 }
D/InputEventConsistencyVerifier( 1979):   4: sent at 6408384000000, KeyEvent { action=ACTION_DOWN, keyCode=KEYCODE_DPAD_DOWN, scanCode=108, metaState=0, flags=0x8, repeatCount=0, eventTime=6408384, downTime=6408384, deviceId=1, source=0x101 }
D/InputEventConsistencyVerifier( 1979):   5: sent at 6407269000000, (unhandled) KeyEvent { action=ACTION_UP, keyCode=KEYCODE_DPAD_DOWN, scanCode=108, metaState=0, flags=0x8, repeatCount=0, eventTime=6407269, downTime=6407057, deviceId=1, source=0x101 }
D/WifiP2pService(  959): wait for wifi sta and softap disabled!!
D/WifiP2pService(  959): wait for wifi sta and softap disabled!!
D/WifiP2pService(  959): wait for wifi sta and softap disabled!!
D/InputEventConsistencyVerifier( 1979): KeyEvent: ACTION_UP but key was not down.
D/InputEventConsistencyVerifier( 1979):   in com.android.internal.policy.impl.PhoneWindow$DecorView@416de870
D/InputEventConsistencyVerifier( 1979):   0: sent at 6415569000000, KeyEvent { action=ACTION_UP, keyCode=KEYCODE_DPAD_RIGHT, scanCode=106, metaState=0, flags=0x8, repeatCount=0, eventTime=6415569, downTime=6415357, deviceId=1, source=0x101 }
D/InputEventConsistencyVerifier( 1979):   -- recent events --
D/InputEventConsistencyVerifier( 1979):   1: sent at 6413101000000, (unhandled) KeyEvent { action=ACTION_UP, keyCode=KEYCODE_DPAD_LEFT, scanCode=105, metaState=0, flags=0x8, repeatCount=0, eventTime=6413101, downTime=6412886, deviceId=1, source=0x101 }
D/InputEventConsistencyVerifier( 1979):   2: sent at 6412886000000, (unhandled) KeyEvent { action=ACTION_DOWN, keyCode=KEYCODE_DPAD_LEFT, scanCode=105, metaState=0, flags=0x8, repeatCount=0, eventTime=6412886, downTime=6412886, deviceId=1, source=0x101 }
D/InputEventConsistencyVerifier( 1979):   3: sent at 6412417000000, (unhandled) KeyEvent { action=ACTION_UP, keyCode=KEYCODE_DPAD_RIGHT, scanCode=106, metaState=0, flags=0x80000008, repeatCount=0, eventTime=6412417, downTime=6412205, deviceId=1, source=0x101 }
D/InputEventConsistencyVerifier( 1979):   4: sent at 6409437000000, (unhandled) KeyEvent { action=ACTION_UP, keyCode=KEYCODE_DPAD_DOWN, scanCode=108, metaState=0, flags=0x8, repeatCount=0, eventTime=6409437, downTime=6409222, deviceId=1, source=0x101 }
D/InputEventConsistencyVerifier( 1979):   5: sent at 6409222000000, KeyEvent { action=ACTION_DOWN, keyCode=KEYCODE_DPAD_DOWN, scanCode=108, metaState=0, flags=0x8, repeatCount=0, eventTime=6409222, downTime=6409222, deviceId=1, source=0x101 }
D/HomePlayerLib( 1161): hostaddress count is 2
D/dalvikvm( 1161): GC_CONCURRENT freed 387K, 77% free 1424K/6019K, paused 1ms+1ms
D/dalvikvm( 1161): GC_CONCURRENT freed 503K, 79% free 1320K/6019K, paused 1ms+1ms
D/dalvikvm( 1161): GC_CONCURRENT freed 404K, 77% free 1416K/6019K, paused 1ms+1ms
D/dalvikvm( 1161): GC_CONCURRENT freed 498K, 79% free 1302K/6019K, paused 1ms+1ms
D/dalvikvm( 1161): GC_CONCURRENT freed 374K, 78% free 1325K/6019K, paused 1ms+4ms
D/dalvikvm( 1161): GC_CONCURRENT freed 387K, 76% free 1450K/6019K, paused 0ms+2ms
D/WifiP2pService(  959): wait for wifi sta and softap disabled!!
D/dalvikvm( 1161): GC_CONCURRENT freed 520K, 78% free 1327K/6019K, paused 1ms+3ms
D/dalvikvm( 1161): GC_CONCURRENT freed 398K, 77% free 1440K/6019K, paused 1ms+1ms
D/dalvikvm( 1161): GC_CONCURRENT freed 522K, 77% free 1421K/6019K, paused 1ms+1ms
D/dalvikvm( 1161): GC_CONCURRENT freed 485K, 77% free 1411K/6019K, paused 1ms+1ms
D/dalvikvm( 1161): GC_CONCURRENT freed 492K, 78% free 1339K/6019K, paused 1ms+1ms
D/dalvikvm( 1161): GC_CONCURRENT freed 382K, 76% free 1473K/6019K, paused 1ms+1ms
D/dalvikvm( 1161): GC_CONCURRENT freed 535K, 77% free 1435K/6019K, paused 0ms+1ms
D/dalvikvm( 1161): GC_CONCURRENT freed 507K, 77% free 1434K/6019K, paused 1ms+1ms
D/dalvikvm( 1161): GC_CONCURRENT freed 515K, 79% free 1312K/6019K, paused 1ms+1ms
D/WifiP2pService(  959): wait for wifi sta and softap disabled!!
D/dalvikvm( 1161): GC_CONCURRENT freed 396K, 77% free 1422K/6019K, paused 1ms+1ms
D/InputEventConsistencyVerifier( 1979): KeyEvent: ACTION_UP but key was not down.
D/InputEventConsistencyVerifier( 1979):   in android.widget.LinearLayout@4167bd88
D/InputEventConsistencyVerifier( 1979):   0: sent at 6417905000000, KeyEvent { action=ACTION_UP, keyCode=KEYCODE_DPAD_LEFT, scanCode=105, metaState=0, flags=0x8, repeatCount=0, eventTime=6417905, downTime=6417691, deviceId=1, source=0x101 }
D/InputEventConsistencyVerifier( 1979):   -- recent events --
D/InputEventConsistencyVerifier( 1979):   1: sent at 6413101000000, (unhandled) KeyEvent { action=ACTION_UP, keyCode=KEYCODE_DPAD_LEFT, scanCode=105, metaState=0, flags=0x80000008, repeatCount=0, eventTime=6413101, downTime=6412886, deviceId=1, source=0x101 }
D/InputEventConsistencyVerifier( 1979):   2: sent at 6409437000000, (unhandled) KeyEvent { action=ACTION_UP, keyCode=KEYCODE_DPAD_DOWN, scanCode=108, metaState=0, flags=0x8, repeatCount=0, eventTime=6409437, downTime=6409222, deviceId=1, source=0x101 }
D/InputEventConsistencyVerifier( 1979):   3: sent at 6409222000000, KeyEvent { action=ACTION_DOWN, keyCode=KEYCODE_DPAD_DOWN, scanCode=108, metaState=0, flags=0x8, repeatCount=0, eventTime=6409222, downTime=6409222, deviceId=1, source=0x101 }
D/InputEventConsistencyVerifier( 1979):   4: sent at 6408601000000, (unhandled) KeyEvent { action=ACTION_UP, keyCode=KEYCODE_DPAD_DOWN, scanCode=108, metaState=0, flags=0x8, repeatCount=0, eventTime=6408601, downTime=6408384, deviceId=1, source=0x101 }
D/InputEventConsistencyVerifier( 1979):   5: sent at 6408384000000, KeyEvent { action=ACTION_DOWN, keyCode=KEYCODE_DPAD_DOWN, scanCode=108, metaState=0, flags=0x8, repeatCount=0, eventTime=6408384, downTime=6408384, deviceId=1, source=0x101 }
D/dalvikvm( 1161): GC_CONCURRENT freed 498K, 78% free 1336K/6019K, paused 1ms+1ms
I/HighSet_CableNetwork( 1979): [SelectConnectMode] ~~~~~~~~~~~~~~~~~~~~~~~~~ConnectMode:dhcp
D/WifiP2pService(  959): wait for wifi sta and softap disabled!!
E/WindowManager(  959): ##############################dispatchUnhandledKey
D/WifiP2pService(  959): wait for wifi sta and softap disabled!!
D/InputEventConsistencyVerifier( 1979): KeyEvent: ACTION_UP but key was not down.
D/InputEventConsistencyVerifier( 1979):   in com.android.internal.policy.impl.PhoneWindow$DecorView@416de870
D/InputEventConsistencyVerifier( 1979):   0: sent at 6420465000000, KeyEvent { action=ACTION_UP, keyCode=KEYCODE_DPAD_RIGHT, scanCode=106, metaState=0, flags=0x8, repeatCount=0, eventTime=6420465, downTime=6420253, deviceId=1, source=0x101 }
D/InputEventConsistencyVerifier( 1979):   -- recent events --
D/InputEventConsistencyVerifier( 1979):   1: sent at 6419885000000, (unhandled) KeyEvent { action=ACTION_UP, keyCode=KEYCODE_DPAD_UP, scanCode=103, metaState=0, flags=0x8, repeatCount=0, eventTime=6419885, downTime=6419721, deviceId=1, source=0x101 }
D/InputEventConsistencyVerifier( 1979):   2: sent at 6419721000000, KeyEvent { action=ACTION_DOWN, keyCode=KEYCODE_DPAD_UP, scanCode=103, metaState=0, flags=0x8, repeatCount=0, eventTime=6419721, downTime=6419721, deviceId=1, source=0x101 }
D/InputEventConsistencyVerifier( 1979):   3: sent at 6419157000000, (unhandled) KeyEvent { action=ACTION_UP, keyCode=KEYCODE_DPAD_RIGHT, scanCode=106, metaState=0, flags=0x8, repeatCount=0, eventTime=6419157, downTime=6418942, deviceId=1, source=0x101 }
D/InputEventConsistencyVerifier( 1979):   4: sent at 6418942000000, (unhandled) KeyEvent { action=ACTION_DOWN, keyCode=KEYCODE_DPAD_RIGHT, scanCode=106, metaState=0, flags=0x8, repeatCount=0, eventTime=6418942, downTime=6418942, deviceId=1, source=0x101 }
D/InputEventConsistencyVerifier( 1979):   5: sent at 6418709000000, (unhandled) KeyEvent { action=ACTION_UP, keyCode=KEYCODE_DPAD_UP, scanCode=103, metaState=0, flags=0x8, repeatCount=0, eventTime=6418709, downTime=6418280, deviceId=1, source=0x101 }
D/WifiP2pService(  959): wait for wifi sta and softap disabled!!
D/WifiHW  (  959): is_wifi_device_exist
E/WifiHW  (  959): get_wifi_device_num is 1
D/WifiStateMachine(  959): gary test mWifiApState = 10
D/NetworkManagementService(  959): rsp <213 a4:a8:20:13:03:6e 192.168.43.1 24 [up broadcast running multicast]>
D/CommandListener(  739): Setting iface cfg
D/NetworkManagementService(  959): flags <[up broadcast running multicast]>
V/EthernetMonitor(  959): get event 
V/EthernetMonitor(  959): go poll events
D/CommandListener(  739): Trying to bring up uap0
D/CommandListener(  739): broadcast flag ignored
E/WifiApStateMachine(  959): Error resetting interface uap0, :java.lang.IllegalStateException: Unable to communicate with native daemon to interface setcfg - com.android.server.NativeDaemonConnectorException: Cmd {interface setcfg uap0 0.0.0.0 0 [up broadcast running multicast]} failed with code 501 : {Flag unsupported}
D/Tethering(  959): Untethering uap0
D/Tethering(  959): TetheredState.processMessage what=3
I/BootCompletedReceiver( 1161): [onReceive] Action??android.net.wifi.WIFI_AP_STATE_CHANGED
V/BootCompletedReceiver( 1161): ++++mWifiApState++++10
W/GpsLocationProvider(  959): Failed to enable location provider
D/WifiApSetting( 1979): handleWifiApStateChanged
D/WifiApSetting( 1979): WIFI_AP_STATE_DISABLING
D/Tethering(  959): Untethered uap0
D/Tethering(  959): sendTetherStateChangedBroadcast 1, 0, 0
D/Tethering(  959): TetherModeAliveState.processMessage what=2
D/TetherController(  739): Stopping tethering services
I/dnsmasq ( 1341): exiting on receipt of SIGTERM
D/TetherController(  739): Tethering services stopped
D/TetherController(  739): Setting IP forward enable = 0
D/Tethering(  959): notifying tethered with iface =null
D/SoftapController(  739): Stopping Softap service
W/NetworkStats(  959): dropping UID delta from unknown iface: iface=uap0 uid=0 set=DEFAULT tag=0x0 rxBytes=0 rxPackets=0 txBytes=40 txPackets=1 operations=0
W/NetworkStats(  959): dropping UID delta from unknown iface: iface=uap0 uid=1000 set=DEFAULT tag=0x0 rxBytes=38448 rxPackets=108 txBytes=38448 txPackets=108 operations=0
W/NetworkStats(  959): dropping UID delta from unknown iface: iface=uap0 uid=1000 set=FOREGROUND tag=0x0 rxBytes=8544 rxPackets=24 txBytes=8544 txPackets=24 operations=0
W/NetworkStats(  959): found non-monotonic values; saving to dropbox
W/hostapd ( 1146): uap0: Could not connect to kernel driver
W/NetworkStats(  959): found non-monotonic values; saving to dropbox
D/Tethering(  959): InitialState.processMessage what=4
D/Tethering(  959): sendTetherStateChangedBroadcast 0, 0, 0
V/EthernetMonitor(  959): get event 
V/EthernetMonitor(  959): go poll events
V/EthernetMonitor(  959): get event 
V/EthernetMonitor(  959): go poll events
W/NetworkStats(  959): found non-monotonic values; saving to dropbox
D/SoftapController(  739): Softap service stopped: 0
D/dalvikvm(  959): GC_CONCURRENT freed 690K, 61% free 3795K/9539K, paused 2ms+4ms
D/WifiP2pService(  959): wait for wifi sta and softap disabled!!
D/SoftapController(  739): Softap driver stop: 0
E/WifiHW  (  739): wifi_change_fw_path: STA
D/SoftapController(  739): Softap fwReload - Ok
D/WifiApStateMachine(  959): isDriverShouldRemove = true
D/WifiStateMachine(  959): gary test mWifiApState = 11
D/WifiApSetting( 1979): handleWifiApStateChanged
D/WifiApSetting( 1979): WIFI_AP_STATE_DISABLED
I/BootCompletedReceiver( 1161): [onReceive] Action??android.net.wifi.WIFI_AP_STATE_CHANGED
V/BootCompletedReceiver( 1161): ++++mWifiApState++++11
D/WifiApStateMachine(  959): wifip2pservice p2p_enable_proceed
D/WifiP2pManager( 1710): Ignored { what=139267 when=0 }
E/WifiHW  (  739): wifi_change_fw_path: P2P
E/WifiHW  (  739): get_wifi_device_num is 1
D/WifiP2pService(  959): wifi sta and softap disable!!
D/WifiP2pService(  959): WaitForWifiDisableState
D/WifiP2pService(  959): WaitForWifiDisableState{ what=139268 when=-1h46m30s204ms }
D/WifiP2pService(  959): WaitForWifiDisableState{ what=139265 when=-1h38m42s916ms }
D/WifiP2pService(  959): WaitForWifiDisableState{ what=139268 when=-1h38m42s915ms }
D/WifiP2pService(  959): WaitForWifiDisableState{ what=331908 when=-2ms }
D/WifiHW  (  739): wifi_driver has loaded!
D/SoftapController(  739): Softap fwReload - Ok
D/CommandListener(  739): Setting iface cfg
D/CommandListener(  739): Trying to bring down wfd0
D/CommandListener(  739): broadcast flag ignored
D/CommandListener(  739): multicast flag ignored
D/NetworkManagementService(  959): rsp <213 a6:a8:20:13:03:6e 0.0.0.0 0 [down broadcast multicast]>
D/NetworkManagementService(  959): flags <[down broadcast multicast]>
D/WifiHW  (  959): config_file = /data/misc/wifi/p2p_supplicant.conf
D/WifiHW  (  959): ctl.start daemon_cmd = mrl_supplicant:-iwfd0 -c/data/misc/wifi/p2p_supplicant.conf
D/WifiP2pService(  959): P2pEnablingState
D/WifiP2pService(  959): P2pEnablingState{ what=139268 when=-1h47m2s554ms }
D/WifiP2pService(  959): P2pEnablingState{ what=139265 when=-1h47m2s554ms }
D/WifiP2pService(  959): P2pEnablingState{ what=139268 when=-1h47m2s554ms }
I/wpa_supplicant( 2406): rfkill: Cannot open RFKILL control device
V/EthernetMonitor(  959): get event 
V/EthernetMonitor(  959): go poll events
D/InputEventConsistencyVerifier( 1979): KeyEvent: ACTION_UP but key was not down.
D/InputEventConsistencyVerifier( 1979):   in android.widget.LinearLayout@4167bd88
D/InputEventConsistencyVerifier( 1979):   0: sent at 6422637000000, KeyEvent { action=ACTION_UP, keyCode=KEYCODE_DPAD_LEFT, scanCode=105, metaState=0, flags=0x8, repeatCount=0, eventTime=6422637, downTime=6422424, deviceId=1, source=0x101 }
D/InputEventConsistencyVerifier( 1979):   -- recent events --
D/InputEventConsistencyVerifier( 1979):   1: sent at 6419885000000, (unhandled) KeyEvent { action=ACTION_UP, keyCode=KEYCODE_DPAD_UP, scanCode=103, metaState=0, flags=0x8, repeatCount=0, eventTime=6419885, downTime=6419721, deviceId=1, source=0x101 }
D/InputEventConsistencyVerifier( 1979):   2: sent at 6419721000000, KeyEvent { action=ACTION_DOWN, keyCode=KEYCODE_DPAD_UP, scanCode=103, metaState=0, flags=0x8, repeatCount=0, eventTime=6419721, downTime=6419721, deviceId=1, source=0x101 }
D/InputEventConsistencyVerifier( 1979):   3: sent at 6419157000000, (unhandled) KeyEvent { action=ACTION_UP, keyCode=KEYCODE_DPAD_RIGHT, scanCode=106, metaState=0, flags=0x8, repeatCount=0, eventTime=6419157, downTime=6418942, deviceId=1, source=0x101 }
D/InputEventConsistencyVerifier( 1979):   4: sent at 6418942000000, (unhandled) KeyEvent { action=ACTION_DOWN, keyCode=KEYCODE_DPAD_RIGHT, scanCode=106, metaState=0, flags=0x8, repeatCount=0, eventTime=6418942, downTime=6418942, deviceId=1, source=0x101 }
D/InputEventConsistencyVerifier( 1979):   5: sent at 6418709000000, (unhandled) KeyEvent { action=ACTION_UP, keyCode=KEYCODE_DPAD_UP, scanCode=103, metaState=0, flags=0x8, repeatCount=0, eventTime=6418709, downTime=6418280, deviceId=1, source=0x101 }
D/WifiP2pService(  959): P2pEnablingState{ what=147457 when=0 }
D/WifiP2pService(  959): P2p start successful
D/WifiP2pService(  959): P2pEnabledState
I/TabletStatusBar( 1177): receiver broadcast
D/MiracastControl( 1710): android.net.wifi.p2p.STATE_CHANGED
D/WifiDirectSetting( 1979): ----------------WIFI_P2P_STATE_CHANGED_ACTION
D/WifiDirectSetting( 1979): handleP2pStateChanged
D/WifiDirectSetting( 1979): WIFI_P2P_STATE_ENABLED
I/TabletStatusBar( 1177): receiver broadcast
D/MiracastControl( 1710): android.net.wifi.p2p.THIS_DEVICE_CHANGED
D/WifiDirectSetting( 1979): --------------WIFI_P2P_THIS_DEVICE_CHANGED_ACTION
D/WifiDirectSetting( 1979): ------------mThisDevice.String()Device: 
D/WifiDirectSetting( 1979):  deviceAddress: null
D/WifiDirectSetting( 1979):  primary type: 10-0050F204-5
D/WifiDirectSetting( 1979):  secondary type: null
D/WifiDirectSetting( 1979):  wps: 0
D/WifiDirectSetting( 1979):  grpcapab: 0
D/WifiDirectSetting( 1979):  devcapab: 0
D/WifiDirectSetting( 1979):  status: 4
D/WifiDirectSetting( 1979):  wfdInfo: WFD enabled: trueWFD DeviceInfo: 17
D/WifiDirectSetting( 1979):  WFD CtrlPort: 554
D/WifiDirectSetting( 1979):  WFD MaxThroughput: 14
I/TabletStatusBar( 1177): receiver broadcast
D/MiracastControl( 1710): android.net.wifi.p2p.THIS_DEVICE_CHANGED
D/MiracastControl( 1710): P2p This Device Name is : 
D/MiracastControl( 1710): current:3 pre:-1
D/WifiDirectSetting( 1979): --------------WIFI_P2P_THIS_DEVICE_CHANGED_ACTION
D/WifiDirectSetting( 1979): ------------mThisDevice.String()Device: 
D/WifiDirectSetting( 1979):  deviceAddress: a6:a8:20:13:03:6e
D/WifiDirectSetting( 1979):  primary type: 10-0050F204-5
D/WifiDirectSetting( 1979):  secondary type: null
D/WifiDirectSetting( 1979):  wps: 0
D/WifiDirectSetting( 1979):  grpcapab: 0
D/WifiDirectSetting( 1979):  devcapab: 0
D/WifiDirectSetting( 1979):  status: 3
D/WifiDirectSetting( 1979):  wfdInfo: WFD enabled: trueWFD DeviceInfo: 17
D/WifiDirectSetting( 1979):  WFD CtrlPort: 554
D/WifiDirectSetting( 1979):  WFD MaxThroughput: 14
D/WifiP2pService(  959): DeviceAddress: a6:a8:20:13:03:6e
D/WifiP2pService(  959): InactiveState
D/WifiP2pManager( 1710): Ignored { what=139270 when=-1ms }
D/WifiP2pService(  959): InactiveState{ what=139268 when=-1h47m2s900ms }
D/WifiP2pService(  959): P2pEnabledState{ what=139268 when=-1h47m2s900ms }
D/MiracastControl( 1710): android.net.wifi.p2p.STATE_CHANGED
D/WifiP2pService(  959): P2pDisablingState
D/WifiP2pService(  959): stopping supplicant
D/WifiP2pService(  959): P2pDisablingState{ what=139265 when=-1h47m2s911ms }
D/WifiP2pService(  959): P2pDisablingState{ what=139268 when=-1h47m2s911ms }
D/WifiP2pService(  959): P2pDisablingState{ what=139265 when=-230ms }
D/WifiP2pService(  959): P2pDisablingState{ what=139268 when=-230ms }
D/WifiP2pService(  959): P2pDisablingState{ what=139271 when=-29ms }
D/WifiP2pService(  959): DefaultState{ what=139271 when=-30ms }
D/WifiP2pService(  959): P2pDisablingState{ what=147462 when=-3ms obj=android.net.wifi.StateChangeResult@4167f068 }
D/WifiP2pService(  959): DefaultState{ what=147462 when=-3ms obj=android.net.wifi.StateChangeResult@4167f068 }
E/WifiP2pService(  959): Unhandled message { what=147462 when=-16ms obj=android.net.wifi.StateChangeResult@4167f068 }
D/WifiDirectSetting( 1979): ----------------WIFI_P2P_STATE_CHANGED_ACTION
D/WifiDirectSetting( 1979): handleP2pStateChanged
D/WifiDirectSetting( 1979): WIFI_P2P_STATE_DISABLED and Open wifi
V/EthernetMonitor(  959): get event 
V/EthernetMonitor(  959): go poll events
I/wpa_supplicant( 2406): wfd0: CTRL-EVENT-TERMINATING 
D/WifiP2pService(  959): P2pDisablingState{ what=147458 when=-1ms }
D/WifiP2pService(  959): Supplicant connection lost
I/TabletStatusBar( 1177): receiver broadcast
I/HighSet_CableNetwork( 1979): [SelectConnectMode] ~~~~~~~~~~~~~~~~~~~~~~~~~ConnectMode:dhcp
E/WifiHW  (  739): wifi_change_fw_path: STA
D/SoftapController(  739): Softap fwReload - Ok
D/WifiP2pService(  959): P2pDisabledState
D/WifiP2pService(  959): P2pDisabledState{ what=139265 when=-1h47m4s119ms }
D/WifiApStateMachine(  959): wifip2pservice p2p_enable_proceed
D/WifiP2pManager( 1710): Ignored { what=139267 when=0 }
E/WifiHW  (  739): wifi_change_fw_path: P2P
E/WifiHW  (  739): get_wifi_device_num is 1
D/WifiP2pService(  959): wifi sta and softap disable!!
D/WifiP2pService(  959): WaitForWifiDisableState
D/WifiP2pService(  959): WaitForWifiDisableState{ what=139268 when=-1h47m4s120ms }
D/WifiP2pService(  959): WaitForWifiDisableState{ what=139265 when=-1h47m4s120ms }
D/WifiP2pService(  959): WaitForWifiDisableState{ what=139268 when=-1h47m4s120ms }
D/WifiP2pService(  959): WaitForWifiDisableState{ what=331908 when=0 }
D/WifiHW  (  739): wifi_driver has loaded!
D/SoftapController(  739): Softap fwReload - Ok
D/CommandListener(  739): Setting iface cfg
D/CommandListener(  739): Trying to bring down wfd0
D/CommandListener(  739): broadcast flag ignored
D/CommandListener(  739): multicast flag ignored
D/WifiHW  (  959): config_file = /data/misc/wifi/p2p_supplicant.conf
D/NetworkManagementService(  959): rsp <213 a6:a8:20:13:03:6e 0.0.0.0 0 [down broadcast multicast]>
D/NetworkManagementService(  959): flags <[down broadcast multicast]>
D/WifiHW  (  959): ctl.start daemon_cmd = mrl_supplicant:-iwfd0 -c/data/misc/wifi/p2p_supplicant.conf
I/wpa_supplicant( 2413): rfkill: Cannot open RFKILL control device
V/EthernetMonitor(  959): get event 
V/EthernetMonitor(  959): go poll events
D/WifiP2pService(  959): P2pEnablingState
D/WifiP2pService(  959): P2pEnablingState{ what=139268 when=-1h47m4s229ms }
D/WifiP2pService(  959): P2pEnablingState{ what=139265 when=-1h47m4s229ms }
D/WifiP2pService(  959): P2pEnablingState{ what=139268 when=-1h47m4s229ms }
D/WifiP2pService(  959): P2pEnablingState{ what=147457 when=0 }
D/WifiP2pService(  959): P2p start successful
D/WifiP2pService(  959): P2pEnabledState
D/MiracastControl( 1710): android.net.wifi.p2p.STATE_CHANGED
I/TabletStatusBar( 1177): receiver broadcast
D/WifiDirectSetting( 1979): ----------------WIFI_P2P_STATE_CHANGED_ACTION
D/WifiDirectSetting( 1979): handleP2pStateChanged
D/WifiDirectSetting( 1979): WIFI_P2P_STATE_ENABLED
D/MiracastControl( 1710): android.net.wifi.p2p.THIS_DEVICE_CHANGED
I/TabletStatusBar( 1177): receiver broadcast
D/MiracastControl( 1710): P2p This Device Name is : 
D/MiracastControl( 1710): current:3 pre:3
D/WifiDirectSetting( 1979): --------------WIFI_P2P_THIS_DEVICE_CHANGED_ACTION
D/WifiDirectSetting( 1979): ------------mThisDevice.String()Device: 
D/WifiDirectSetting( 1979):  deviceAddress: a6:a8:20:13:03:6e
D/WifiDirectSetting( 1979):  primary type: 10-0050F204-5
D/WifiDirectSetting( 1979):  secondary type: null
D/WifiDirectSetting( 1979):  wps: 0
D/WifiDirectSetting( 1979):  grpcapab: 0
D/WifiDirectSetting( 1979):  devcapab: 0
D/WifiDirectSetting( 1979):  status: 3
D/WifiDirectSetting( 1979):  wfdInfo: WFD enabled: trueWFD DeviceInfo: 17
D/WifiDirectSetting( 1979):  WFD CtrlPort: 554
D/WifiDirectSetting( 1979):  WFD MaxThroughput: 14
I/TabletStatusBar( 1177): receiver broadcast
D/MiracastControl( 1710): android.net.wifi.p2p.THIS_DEVICE_CHANGED
D/MiracastControl( 1710): P2p This Device Name is : 
D/MiracastControl( 1710): current:3 pre:3
D/WifiDirectSetting( 1979): --------------WIFI_P2P_THIS_DEVICE_CHANGED_ACTION
D/WifiDirectSetting( 1979): ------------mThisDevice.String()Device: 
D/WifiDirectSetting( 1979):  deviceAddress: a6:a8:20:13:03:6e
D/WifiDirectSetting( 1979):  primary type: 10-0050F204-5
D/WifiDirectSetting( 1979):  secondary type: null
D/WifiDirectSetting( 1979):  wps: 0
D/WifiDirectSetting( 1979):  grpcapab: 0
D/WifiDirectSetting( 1979):  devcapab: 0
D/WifiDirectSetting( 1979):  status: 3
D/WifiDirectSetting( 1979):  wfdInfo: WFD enabled: trueWFD DeviceInfo: 17
D/WifiDirectSetting( 1979):  WFD CtrlPort: 554
D/WifiDirectSetting( 1979):  WFD MaxThroughput: 14
D/WifiP2pService(  959): DeviceAddress: a6:a8:20:13:03:6e
D/WifiP2pService(  959): InactiveState
D/InputEventConsistencyVerifier( 1979): KeyEvent: ACTION_UP but key was not down.
D/InputEventConsistencyVerifier( 1979):   in com.android.internal.policy.impl.PhoneWindow$DecorView@416de870
D/InputEventConsistencyVerifier( 1979):   0: sent at 6424269000000, KeyEvent { action=ACTION_UP, keyCode=KEYCODE_DPAD_RIGHT, scanCode=106, metaState=0, flags=0x8, repeatCount=0, eventTime=6424269, downTime=6424056, deviceId=1, source=0x101 }
D/InputEventConsistencyVerifier( 1979):   -- recent events --
D/InputEventConsistencyVerifier( 1979):   1: sent at 6423541000000, (unhandled) KeyEvent { action=ACTION_UP, keyCode=KEYCODE_DPAD_DOWN, scanCode=108, metaState=0, flags=0x8, repeatCount=0, eventTime=6423541, downTime=6423380, deviceId=1, source=0x101 }
D/InputEventConsistencyVerifier( 1979):   2: sent at 6423380000000, KeyEvent { action=ACTION_DOWN, keyCode=KEYCODE_DPAD_DOWN, scanCode=108, metaState=0, flags=0x8, repeatCount=0, eventTime=6423380, downTime=6423380, deviceId=1, source=0x101 }
D/InputEventConsistencyVerifier( 1979):   3: sent at 6423353000000, (unhandled) KeyEvent { action=ACTION_UP, keyCode=KEYCODE_DPAD_DOWN, scanCode=108, metaState=0, flags=0x8, repeatCount=0, eventTime=6423353, downTime=6423136, deviceId=1, source=0x101 }
D/InputEventConsistencyVerifier( 1979):   4: sent at 6423136000000, KeyEvent { action=ACTION_DOWN, keyCode=KEYCODE_DPAD_DOWN, scanCode=108, metaState=0, flags=0x8, repeatCount=0, eventTime=6423136, downTime=6423136, deviceId=1, source=0x101 }
D/InputEventConsistencyVerifier( 1979):   5: sent at 6423085000000, (unhandled) KeyEvent { action=ACTION_UP, keyCode=KEYCODE_DPAD_DOWN, scanCode=108, metaState=0, flags=0x8, repeatCount=0, eventTime=6423085, downTime=6422871, deviceId=1, source=0x101 }
D/WifiP2pService(  959): InactiveState{ what=139268 when=-1h47m4s268ms }
D/WifiP2pService(  959): P2pEnabledState{ what=139268 when=-1h47m4s269ms }
D/WifiP2pManager( 1710): Ignored { what=139270 when=0 }
D/MiracastControl( 1710): android.net.wifi.p2p.STATE_CHANGED
V/EthernetMonitor(  959): get event eth0:17:
V/EthernetMonitor(  959): dev: eth0 ev 17
I/EthernetStateTracker(  959): report new state DISCONNECTED on dev eth0
V/EthernetStateTracker(  959): update network state tracker
V/EthernetMonitor(  959): go poll events
D/WifiDirectSetting( 1979): ----------------WIFI_P2P_STATE_CHANGED_ACTION
D/WifiDirectSetting( 1979): handleP2pStateChanged
D/WifiDirectSetting( 1979): WIFI_P2P_STATE_DISABLED and Open wifi
I/EthernetStateTracker(  959): received disconnected events, stack=true CC=true
I/EthernetStateTracker(  959): stop dhcp and interface
D/WifiP2pService(  959): P2pDisablingState
D/WifiP2pService(  959): stopping supplicant
D/WifiP2pService(  959): P2pDisablingState{ what=139265 when=-1h47m4s285ms }
D/WifiP2pService(  959): P2pDisablingState{ what=139268 when=-1h47m4s286ms }
D/WifiP2pService(  959): P2pDisablingState{ what=139271 when=-3ms }
D/WifiP2pService(  959): DefaultState{ what=139271 when=-3ms }
D/WifiP2pService(  959): P2pDisablingState{ what=147462 when=-1ms obj=android.net.wifi.StateChangeResult@4159bb30 }
D/WifiP2pService(  959): DefaultState{ what=147462 when=-1ms obj=android.net.wifi.StateChangeResult@4159bb30 }
E/WifiP2pService(  959): Unhandled message { what=147462 when=-2ms obj=android.net.wifi.StateChangeResult@4159bb30 }
I/TabletStatusBar( 1177): receiver broadcast
D/NetUtils(  959): android_net_utils_resetConnections in env=0xf7888 clazz=0x51700001 iface=eth0 mask=0x3
V/EthernetMonitor(  959): get event eth0:21:
V/EthernetMonitor(  959): dev: eth0 ev 21
V/EthernetStateTracker(  959): report address is removed for eth0
W/EthernetStateTracker(  959): stopInterface --> clearAddresses ret = true
D/ConnectivityService(  959): ConnectivityChange for ETH: DISCONNECTED/DISCONNECTED
E/MobileDataStateTracker(  959): default: Ignoring feature request because could not acquire PhoneService
E/MobileDataStateTracker(  959): default: Could not enable APN type "default"
D/ConnectivityService(  959): Attempting to switch to mobile
D/ConnectivityService(  959): Attempting to switch to WIFI
D/ConnectivityService(  959): Attempting to switch to pppoe
E/ConnectivityService(  959): Exception trying to remove a route: java.lang.IllegalStateException: Unable to communicate with native dameon to add routes - com.android.server.NativeDaemonConnectorException: Cmd {interface route remove eth0 default 192.168.2.1 32 0.0.0.0} failed with code 400 : {Failed to remove route from default table (No such process)}
E/ConnectivityService(  959): Exception trying to remove a route: java.lang.IllegalStateException: Unable to communicate with native dameon to add routes - com.android.server.NativeDaemonConnectorException: Cmd {interface route remove eth0 default 0.0.0.0 0 192.168.2.1} failed with code 400 : {Failed to remove route from default table (No such process)}
I/EthernetStateTracker(  959): IntentBroadcast, event=4
V/EthernetMonitor(  959): go poll events
I/PppoeStateTracker(  959): receive EthernetStateTracker.EVENT_HW_DISCONNECTED
I/EthernetStateTracker(  959): received interface address remove event
V/EthernetStateTracker(  959): configureInterfaceAutoIP skip!
I/TabletStatusBar( 1177): receiver broadcast
V/EthernetMonitor(  959): get event 
V/EthernetMonitor(  959): go poll events
I/wpa_supplicant( 2413): wfd0: CTRL-EVENT-TERMINATING 
D/WifiP2pService(  959): P2pDisablingState{ what=147458 when=0 }
