05-21 19:46:33.718   959  1117 D WifiP2pService: WaitForWifiDisableState{ what=139268 when=-1h47m4s120ms }
05-21 19:46:33.718   959  1117 D WifiP2pService: WaitForWifiDisableState{ what=331908 when=0 }
05-21 19:46:33.722   739   846 D WifiHW  : wifi_driver has loaded!
05-21 19:46:33.722   739   846 D SoftapController: Softap fwReload - Ok
05-21 19:46:33.722   739   846 D CommandListener: Setting iface cfg
05-21 19:46:33.722   739   846 D CommandListener: Trying to bring down wfd0
05-21 19:46:33.722   739   846 D CommandListener: broadcast flag ignored
05-21 19:46:33.722   739   846 D CommandListener: multicast flag ignored
05-21 19:46:33.722   959  1117 D WifiHW  : config_file = /data/misc/wifi/p2p_supplicant.conf
05-21 19:46:33.722   959  1117 D NetworkManagementService: rsp <213 a6:a8:20:13:03:6e 0.0.0.0 0 [down broadcast multicast]>
05-21 19:46:33.722   959  1117 D NetworkManagementService: flags <[down broadcast multicast]>
05-21 19:46:33.726   959  1117 D WifiHW  : ctl.start daemon_cmd = mrl_supplicant:-iwfd0 -c/data/misc/wifi/p2p_supplicant.conf
05-21 19:46:33.738  2413  2413 I wpa_supplicant: rfkill: Cannot open RFKILL control device
05-21 19:46:33.738   959  1129 V EthernetMonitor: get event 
05-21 19:46:33.738   959  1129 V EthernetMonitor: go poll events
05-21 19:46:33.826   959  1117 D WifiP2pService: P2pEnablingState
05-21 19:46:33.826   959  1117 D WifiP2pService: P2pEnablingState{ what=139268 when=-1h47m4s229ms }
05-21 19:46:33.826   959  1117 D WifiP2pService: P2pEnablingState{ what=139265 when=-1h47m4s229ms }
05-21 19:46:33.826   959  1117 D WifiP2pService: P2pEnablingState{ what=139268 when=-1h47m4s229ms }
05-21 19:46:33.826   959  1117 D WifiP2pService: P2pEnablingState{ what=147457 when=0 }
05-21 19:46:33.826   959  1117 D WifiP2pService: P2p start successful
05-21 19:46:33.826   959  1117 D WifiP2pService: P2pEnabledState
05-21 19:46:33.830  1710  1710 D MiracastControl: android.net.wifi.p2p.STATE_CHANGED
05-21 19:46:33.830  1177  1177 I TabletStatusBar: receiver broadcast
05-21 19:46:33.830  1979  1979 D WifiDirectSetting: ----------------WIFI_P2P_STATE_CHANGED_ACTION
05-21 19:46:33.830  1979  1979 D WifiDirectSetting: handleP2pStateChanged
05-21 19:46:33.830  1979  1979 D WifiDirectSetting: WIFI_P2P_STATE_ENABLED
05-21 19:46:33.834  1710  1710 D MiracastControl: android.net.wifi.p2p.THIS_DEVICE_CHANGED
05-21 19:46:33.834  1177  1177 I TabletStatusBar: receiver broadcast
05-21 19:46:33.834  1710  1710 D MiracastControl: P2p This Device Name is : 
05-21 19:46:33.834  1710  1710 D MiracastControl: current:3 pre:3
05-21 19:46:33.838  1979  1979 D WifiDirectSetting: --------------WIFI_P2P_THIS_DEVICE_CHANGED_ACTION
05-21 19:46:33.838  1979  1979 D WifiDirectSetting: ------------mThisDevice.String()Device: 
05-21 19:46:33.838  1979  1979 D WifiDirectSetting:  deviceAddress: a6:a8:20:13:03:6e
05-21 19:46:33.838  1979  1979 D WifiDirectSetting:  primary type: 10-0050F204-5
05-21 19:46:33.838  1979  1979 D WifiDirectSetting:  secondary type: null
05-21 19:46:33.838  1979  1979 D WifiDirectSetting:  wps: 0
05-21 19:46:33.838  1979  1979 D WifiDirectSetting:  grpcapab: 0
05-21 19:46:33.838  1979  1979 D WifiDirectSetting:  devcapab: 0
05-21 19:46:33.838  1979  1979 D WifiDirectSetting:  status: 3
05-21 19:46:33.838  1979  1979 D WifiDirectSetting:  wfdInfo: WFD enabled: trueWFD DeviceInfo: 17
05-21 19:46:33.838  1979  1979 D WifiDirectSetting:  WFD CtrlPort: 554
05-21 19:46:33.838  1979  1979 D WifiDirectSetting:  WFD MaxThroughput: 14
05-21 19:46:33.846  1177  1177 I TabletStatusBar: receiver broadcast
05-21 19:46:33.846  1710  1710 D MiracastControl: android.net.wifi.p2p.THIS_DEVICE_CHANGED
05-21 19:46:33.846  1710  1710 D MiracastControl: P2p This Device Name is : 
05-21 19:46:33.846  1710  1710 D MiracastControl: current:3 pre:3
05-21 19:46:33.846  1979  1979 D WifiDirectSetting: --------------WIFI_P2P_THIS_DEVICE_CHANGED_ACTION
05-21 19:46:33.846  1979  1979 D WifiDirectSetting: ------------mThisDevice.String()Device: 
05-21 19:46:33.846  1979  1979 D WifiDirectSetting:  deviceAddress: a6:a8:20:13:03:6e
05-21 19:46:33.846  1979  1979 D WifiDirectSetting:  primary type: 10-0050F204-5
05-21 19:46:33.846  1979  1979 D WifiDirectSetting:  secondary type: null
05-21 19:46:33.846  1979  1979 D WifiDirectSetting:  wps: 0
05-21 19:46:33.846  1979  1979 D WifiDirectSetting:  grpcapab: 0
05-21 19:46:33.846  1979  1979 D WifiDirectSetting:  devcapab: 0
05-21 19:46:33.846  1979  1979 D WifiDirectSetting:  status: 3
05-21 19:46:33.846  1979  1979 D WifiDirectSetting:  wfdInfo: WFD enabled: trueWFD DeviceInfo: 17
05-21 19:46:33.846  1979  1979 D WifiDirectSetting:  WFD CtrlPort: 554
05-21 19:46:33.846  1979  1979 D WifiDirectSetting:  WFD MaxThroughput: 14
05-21 19:46:33.850   959  1117 D WifiP2pService: DeviceAddress: a6:a8:20:13:03:6e
05-21 19:46:33.850   959  1117 D WifiP2pService: InactiveState
05-21 19:46:33.866  1979  1979 D InputEventConsistencyVerifier: KeyEvent: ACTION_UP but key was not down.
05-21 19:46:33.866  1979  1979 D InputEventConsistencyVerifier:   in com.android.internal.policy.impl.PhoneWindow$DecorView@416de870
05-21 19:46:33.866  1979  1979 D InputEventConsistencyVerifier:   0: sent at 6424269000000, KeyEvent { action=ACTION_UP, keyCode=KEYCODE_DPAD_RIGHT, scanCode=106, metaState=0, flags=0x8, repeatCount=0, eventTime=6424269, downTime=6424056, deviceId=1, source=0x101 }
05-21 19:46:33.866  1979  1979 D InputEventConsistencyVerifier:   -- recent events --
05-21 19:46:33.866  1979  1979 D InputEventConsistencyVerifier:   1: sent at 6423541000000, (unhandled) KeyEvent { action=ACTION_UP, keyCode=KEYCODE_DPAD_DOWN, scanCode=108, metaState=0, flags=0x8, repeatCount=0, eventTime=6423541, downTime=6423380, deviceId=1, source=0x101 }
05-21 19:46:33.866  1979  1979 D InputEventConsistencyVerifier:   2: sent at 6423380000000, KeyEvent { action=ACTION_DOWN, keyCode=KEYCODE_DPAD_DOWN, scanCode=108, metaState=0, flags=0x8, repeatCount=0, eventTime=6423380, downTime=6423380, deviceId=1, source=0x101 }
05-21 19:46:33.866  1979  1979 D InputEventConsistencyVerifier:   3: sent at 6423353000000, (unhandled) KeyEvent { action=ACTION_UP, keyCode=KEYCODE_DPAD_DOWN, scanCode=108, metaState=0, flags=0x8, repeatCount=0, eventTime=6423353, downTime=6423136, deviceId=1, source=0x101 }
05-21 19:46:33.866  1979  1979 D InputEventConsistencyVerifier:   4: sent at 6423136000000, KeyEvent { action=ACTION_DOWN, keyCode=KEYCODE_DPAD_DOWN, scanCode=108, metaState=0, flags=0x8, repeatCount=0, eventTime=6423136, downTime=6423136, deviceId=1, source=0x101 }
05-21 19:46:33.866  1979  1979 D InputEventConsistencyVerifier:   5: sent at 6423085000000, (unhandled) KeyEvent { action=ACTION_UP, keyCode=KEYCODE_DPAD_DOWN, scanCode=108, metaState=0, flags=0x8, repeatCount=0, eventTime=6423085, downTime=6422871, deviceId=1, source=0x101 }
D/WifiP2pService(  959): wait for wifi sta and softap disabled!!
D/WifiP2pService(  959): wait for wifi sta and softap disabled!!
D/SlideManagerRootImpl( 1259): slideTo = 3
D/dalvikvm( 1161): GC_CONCURRENT freed 391K, 79% free 1318K/6019K, paused 1ms+1ms
D/dalvikvm( 1161): GC_CONCURRENT freed 405K, 79% free 1322K/6019K, paused 1ms+1ms
D/dalvikvm( 1161): GC_CONCURRENT freed 393K, 78% free 1362K/6019K, paused 1ms+2ms
05-21 19:46:33.866   959  1117 D WifiP2pService: InactiveState{ what=139268 when=-1h47m4s268ms }
05-21 19:46:33.866   959  1117 D WifiP2pService: P2pEnabledState{ what=139268 when=-1h47m4s269ms }
05-21 19:46:33.870  1710  1710 D WifiP2pManager: Ignored { what=139270 when=0 }
05-21 19:46:33.874  1710  1710 D MiracastControl: android.net.wifi.p2p.STATE_CHANGED
05-21 19:46:33.874   959  1129 V EthernetMonitor: get event eth0:17:
05-21 19:46:33.874   959  1129 V EthernetMonitor: dev: eth0 ev 17
05-21 19:46:33.874   959  1129 I EthernetStateTracker: report new state DISCONNECTED on dev eth0
05-21 19:46:33.874   959  1129 V EthernetStateTracker: update network state tracker
05-21 19:46:33.874   959  1129 V EthernetMonitor: go poll events
05-21 19:46:33.878  1979  1979 D WifiDirectSetting: ----------------WIFI_P2P_STATE_CHANGED_ACTION
05-21 19:46:33.878  1979  1979 D WifiDirectSetting: handleP2pStateChanged
05-21 19:46:33.878  1979  1979 D WifiDirectSetting: WIFI_P2P_STATE_DISABLED and Open wifi
05-21 19:46:33.878   959   992 I EthernetStateTracker: received disconnected events, stack=true CC=true
05-21 19:46:33.878   959   992 I EthernetStateTracker: stop dhcp and interface
05-21 19:46:33.882   959  1117 D WifiP2pService: P2pDisablingState
05-21 19:46:33.882   959  1117 D WifiP2pService: stopping supplicant
05-21 19:46:33.882   959  1117 D WifiP2pService: P2pDisablingState{ what=139265 when=-1h47m4s285ms }
05-21 19:46:33.882   959  1117 D WifiP2pService: P2pDisablingState{ what=139268 when=-1h47m4s286ms }
05-21 19:46:33.882   959  1117 D WifiP2pService: P2pDisablingState{ what=139271 when=-3ms }
05-21 19:46:33.882   959  1117 D WifiP2pService: DefaultState{ what=139271 when=-3ms }
05-21 19:46:33.882   959  1117 D WifiP2pService: P2pDisablingState{ what=147462 when=-1ms obj=android.net.wifi.StateChangeResult@4159bb30 }
05-21 19:46:33.882   959  1117 D WifiP2pService: DefaultState{ what=147462 when=-1ms obj=android.net.wifi.StateChangeResult@4159bb30 }
05-21 19:46:33.882   959  1117 E WifiP2pService: Unhandled message { what=147462 when=-2ms obj=android.net.wifi.StateChangeResult@4159bb30 }
05-21 19:46:33.886  1177  1177 I TabletStatusBar: receiver broadcast
05-21 19:46:33.930   959   992 D NetUtils: android_net_utils_resetConnections in env=0xf7888 clazz=0x51700001 iface=eth0 mask=0x3
05-21 19:46:33.950   959  1129 V EthernetMonitor: get event eth0:21:
05-21 19:46:33.950   959  1129 V EthernetMonitor: dev: eth0 ev 21
05-21 19:46:33.950   959  1129 V EthernetStateTracker: report address is removed for eth0
05-21 19:46:33.950   959   992 W EthernetStateTracker: stopInterface --> clearAddresses ret = true
05-21 19:46:33.954   959  1126 D ConnectivityService: ConnectivityChange for ETH: DISCONNECTED/DISCONNECTED
05-21 19:46:33.954   959  1126 E MobileDataStateTracker: default: Ignoring feature request because could not acquire PhoneService
05-21 19:46:33.954   959  1126 E MobileDataStateTracker: default: Could not enable APN type "default"
05-21 19:46:33.954   959  1126 D ConnectivityService: Attempting to switch to mobile
05-21 19:46:33.954   959  1126 D ConnectivityService: Attempting to switch to WIFI
05-21 19:46:33.954   959  1126 D ConnectivityService: Attempting to switch to pppoe
05-21 19:46:33.954   959  1126 E ConnectivityService: Exception trying to remove a route: java.lang.IllegalStateException: Unable to communicate with native dameon to add routes - com.android.server.NativeDaemonConnectorException: Cmd {interface route remove eth0 default 192.168.2.1 32 0.0.0.0} failed with code 400 : {Failed to remove route from default table (No such process)}
05-21 19:46:33.958   959  1126 E ConnectivityService: Exception trying to remove a route: java.lang.IllegalStateException: Unable to communicate with native dameon to add routes - com.android.server.NativeDaemonConnectorException: Cmd {interface route remove eth0 default 0.0.0.0 0 192.168.2.1} failed with code 400 : {Failed to remove route from default table (No such process)}
05-21 19:46:33.962   959   992 I EthernetStateTracker: IntentBroadcast, event=4
05-21 19:46:33.962   959  1129 V EthernetMonitor: go poll events
05-21 19:46:33.962   959   992 I PppoeStateTracker: receive EthernetStateTracker.EVENT_HW_DISCONNECTED
05-21 19:46:33.966   959   992 I EthernetStateTracker: received interface address remove event
05-21 19:46:33.966   959   992 V EthernetStateTracker: configureInterfaceAutoIP skip!
05-21 19:46:33.970  1177  1177 I TabletStatusBar: receiver broadcast
05-21 19:46:33.978   959  1129 V EthernetMonitor: get event 
05-21 19:46:33.978   959  1129 V EthernetMonitor: go poll events
05-21 19:46:33.986  2413  2413 I wpa_supplicant: wfd0: CTRL-EVENT-TERMINATING 
05-21 19:46:33.986   959  1117 D WifiP2pService: P2pDisablingState{ what=147458 when=0 }
05-21 19:46:33.986   959  1117 D WifiP2pService: Supplicant connection lost
05-21 19:46:33.990   959  1115 W NetworkStats: found non-monotonic values; saving to dropbox
05-21 19:46:34.006  1979  1979 I StateSet: -------you xian-----tv_Ip=192.168.2.6
05-21 19:46:34.006  1979  1979 I StateSet: -----unConnect--------
05-21 19:46:34.078  1593  1593 D SettingGlobalReceiver==>: android.net.ethernet.ETHERNET_STATE_CHANGED
05-21 19:46:34.122  1787  1787 I NetworkStatusChangeReceiver: action::::::::android.net.ethernet.ETHERNET_STATE_CHANGED
05-21 19:46:34.122  1787  1787 I System.out: 
05-21 19:46:34.126  1787  2416 I System.out: BabaoWebWidget---network not connect---
05-21 19:46:34.130  1787  1787 I System.out: A3STB-WidgetHost1.0.11(Jacky.Zhu)
05-21 19:46:34.130  1787  2417 I System.out: WeatherWidgetProvider----network not connect----------
05-21 19:46:34.270   959  1330 D WifiHW  : is_wifi_device_exist
05-21 19:46:34.270   959  1330 E WifiHW  : get_wifi_device_num is 1
05-21 19:46:34.338   959  1344 W GpsLocationProvider: Failed to enable location provider
05-21 19:46:34.390  1979  1979 V HighSet_WirlessNetwork: !!!!!!!!!<init>  wifi is colose !!!!!!! open wifi
05-21 19:46:35.086   739   846 E WifiHW  : wifi_change_fw_path: STA
05-21 19:46:35.086   739   846 D SoftapController: Softap fwReload - Ok
05-21 19:46:35.086   959  1117 D WifiP2pService: P2pDisabledState
05-21 19:46:35.090   959  1122 D WifiApStateMachine: wifip2pservice p2p_enable_proceed
05-21 19:46:35.090  1710  1710 D WifiP2pManager: Ignored { what=139267 when=-1ms }
05-21 19:46:35.090   739   846 E WifiHW  : wifi_change_fw_path: P2P
05-21 19:46:35.090   959  1117 D WifiP2pService: P2pDisabledState{ what=139265 when=-1h47m5s492ms }
05-21 19:46:35.090   959  1117 D WifiP2pService: wifi sta and softap disable!!
05-21 19:46:35.090   959  1117 D WifiP2pService: WaitForWifiDisableState
05-21 19:46:35.090   959  1117 D WifiP2pService: WaitForWifiDisableState{ what=139268 when=-1h47m5s493ms }
05-21 19:46:35.090   959  1117 D WifiP2pService: WaitForWifiDisableState{ what=131203 when=-817ms }
05-21 19:46:35.090   959  1117 D WifiP2pService: P2pDisabledState{ what=131203 when=-817ms }
05-21 19:46:35.090   959  1117 D WifiP2pService: WaitForWifiDisableState{ what=331908 when=0 }
05-21 19:46:35.094   739   846 E WifiHW  : get_wifi_device_num is 1
05-21 19:46:35.094   739   846 D WifiHW  : wifi_driver has loaded!
05-21 19:46:35.094   739   846 D SoftapController: Softap fwReload - Ok
05-21 19:46:35.098   959  1117 D NetworkManagementService: rsp <213 a6:a8:20:13:03:6e 0.0.0.0 0 [down broadcast multicast]>
05-21 19:46:35.098   959  1117 D NetworkManagementService: flags <[down broadcast multicast]>
05-21 19:46:35.102   959  2421 E WifiHW  : get_wifi_device_num is 1
05-21 19:46:35.102   739   846 D CommandListener: Setting iface cfg
05-21 19:46:35.102   739   846 D CommandListener: Trying to bring down wfd0
05-21 19:46:35.102   739   846 D CommandListener: broadcast flag ignored
05-21 19:46:35.102   739   846 D CommandListener: multicast flag ignored
05-21 19:46:35.102   959  2421 D WifiHW  : wifi_driver has loaded!
05-21 19:46:35.102   959  1117 D WifiHW  : config_file = /data/misc/wifi/p2p_supplicant.conf
05-21 19:46:35.102   959  1117 D WifiHW  : ctl.start daemon_cmd = mrl_supplicant:-iwfd0 -c/data/misc/wifi/p2p_supplicant.conf
05-21 19:46:35.102   739   846 E WifiHW  : wifi_change_fw_path: STA
05-21 19:46:35.102   739   846 D SoftapController: Softap fwReload - Ok
05-21 19:46:35.106   739   846 D CommandListener: Setting iface cfg
05-21 19:46:35.106   739   846 D CommandListener: Trying to bring down wlan0
05-21 19:46:35.106   739   846 D CommandListener: broadcast flag ignored
05-21 19:46:35.106   739   846 D CommandListener: multicast flag ignored
05-21 19:46:35.106   959  1119 D NetworkManagementService: rsp <213 a4:a8:20:13:03:6e 0.0.0.0 0 [down broadcast multicast]>
05-21 19:46:35.106   959  1119 D NetworkManagementService: flags <[down broadcast multicast]>
05-21 19:46:35.106   959  1117 D WifiP2pService: P2pEnablingState
05-21 19:46:35.110   739   846 E CommandListener: Failed to open /proc/sys/net/ipv6/conf/wlan0/use_tempaddr: No such file or directory
05-21 19:46:35.110   959  1119 E WifiStateMachine: Unable to change interface settings: java.lang.IllegalStateException: Unable to communicate with native daemon to set ipv6privacyextensions - com.android.server.NativeDaemonConnectorException: Cmd {interface ipv6privacyextensions wlan0 enable} failed with code 400 : {Failed to set ipv6 privacy extensions (No such file or directory)}
05-21 19:46:35.110   959  1119 D WifiHW  : config_file = /data/misc/wifi/wpa_supplicant.conf
05-21 19:46:35.110   959  1117 D WifiP2pService: P2pEnablingState{ what=139268 when=-1h47m5s513ms }
05-21 19:46:35.118  2422  2422 I wpa_supplicant: rfkill: Cannot open RFKILL control device
05-21 19:46:35.122   959  1129 V EthernetMonitor: get event 
05-21 19:46:35.122   959  1129 V EthernetMonitor: go poll events
05-21 19:46:35.178  1177  1177 I TabletStatusBar: receiver broadcast
05-21 19:46:35.178   959  1117 D WifiP2pService: P2pEnablingState{ what=147457 when=0 }
05-21 19:46:35.178   959  1117 D WifiP2pService: P2p start successful
05-21 19:46:35.178   959  1117 D WifiP2pService: P2pEnabledState
05-21 19:46:35.182  1979  1979 D WifiDirectSetting: ----------------WIFI_P2P_STATE_CHANGED_ACTION
05-21 19:46:35.182  1979  1979 D WifiDirectSetting: handleP2pStateChanged
05-21 19:46:35.182  1979  1979 D WifiDirectSetting: WIFI_P2P_STATE_ENABLED
05-21 19:46:35.182  1710  1710 D MiracastControl: android.net.wifi.p2p.STATE_CHANGED
05-21 19:46:35.182   959  1119 E WifiConfigStore: Error parsing configurationjava.io.FileNotFoundException: /data/misc/wifi/ipconfig.txt: open failed: ENOENT (No such file or directory)
05-21 19:46:35.186  1979  1979 V HighSet_WirlessNetwork: !!!!!<BroadcastReceiver>====wifi opened==
05-21 19:46:35.186   959  1117 E WifiP2pService: Failed to set wfd properties
05-21 19:46:35.190  1177  1177 I TabletStatusBar: receiver broadcast
05-21 19:46:35.190   959  1117 D WifiP2pService: DeviceAddress: a6:a8:20:13:03:6e
05-21 19:46:35.194  1710  1710 D MiracastControl: android.net.wifi.p2p.THIS_DEVICE_CHANGED
05-21 19:46:35.194  1710  1710 D MiracastControl: P2p This Device Name is : 
05-21 19:46:35.194  1710  1710 D MiracastControl: current:3 pre:3
05-21 19:46:35.194   959  1117 D WifiP2pService: InactiveState
05-21 19:46:35.194   959  1117 D WifiP2pService: InactiveState{ what=139268 when=-1h47m5s599ms }
05-21 19:46:35.194   959  1117 D WifiP2pService: P2pEnabledState{ what=139268 when=-1h47m5s599ms }
05-21 19:46:35.198   959  1117 D WifiP2pService: P2pDisablingState
05-21 19:46:35.198   959  1117 D WifiP2pService: stopping supplicant
05-21 19:46:35.202  1710  1710 D WifiP2pManager: Ignored { what=139270 when=-1ms }
05-21 19:46:35.202  1710  1710 D MiracastControl: android.net.wifi.p2p.STATE_CHANGED
05-21 19:46:35.206  1979  2426 I HighSet_WirlessNetwork: -----------------------wifi????-------------------
05-21 19:46:35.238   959  1117 D WifiP2pService: P2pDisablingState{ what=147462 when=0 obj=android.net.wifi.StateChangeResult@41708a30 }
05-21 19:46:35.238   959  1117 D WifiP2pService: DefaultState{ what=147462 when=0 obj=android.net.wifi.StateChangeResult@41708a30 }
05-21 19:46:35.238   959  1117 E WifiP2pService: Unhandled message { what=147462 when=0 obj=android.net.wifi.StateChangeResult@41708a30 }
05-21 19:46:35.242  1979  1979 D WifiDirectSetting: --------------WIFI_P2P_THIS_DEVICE_CHANGED_ACTION
05-21 19:46:35.242  1979  1979 D WifiDirectSetting: ------------mThisDevice.String()Device: 
05-21 19:46:35.242  1979  1979 D WifiDirectSetting:  deviceAddress: a6:a8:20:13:03:6e
05-21 19:46:35.242  1979  1979 D WifiDirectSetting:  primary type: 10-0050F204-5
05-21 19:46:35.242  1979  1979 D WifiDirectSetting:  secondary type: null
05-21 19:46:35.242  1979  1979 D WifiDirectSetting:  wps: 0
05-21 19:46:35.242  1979  1979 D WifiDirectSetting:  grpcapab: 0
05-21 19:46:35.242  1979  1979 D WifiDirectSetting:  devcapab: 0
05-21 19:46:35.242  1979  1979 D WifiDirectSetting:  status: 3
05-21 19:46:35.242  1979  1979 D WifiDirectSetting:  wfdInfo: WFD enabled: trueWFD DeviceInfo: 17
05-21 19:46:35.242  1979  1979 D WifiDirectSetting:  WFD CtrlPort: 554
05-21 19:46:35.242  1979  1979 D WifiDirectSetting:  WFD MaxThroughput: 14
05-21 19:46:35.242  1979  1979 D WifiDirectSetting: ----------------WIFI_P2P_STATE_CHANGED_ACTION
05-21 19:46:35.242  1979  1979 D WifiDirectSetting: handleP2pStateChanged
05-21 19:46:35.242  1979  1979 D WifiDirectSetting: WIFI_P2P_STATE_DISABLED and Open wifi
05-21 19:46:35.242   959  1117 D WifiP2pService: P2pDisablingState{ what=139271 when=0 }
05-21 19:46:35.246   959  1117 D WifiP2pService: DefaultState{ what=139271 when=0 }
05-21 19:46:35.250  1177  1177 I TabletStatusBar: receiver broadcast
05-21 19:46:35.298   959  1129 V EthernetMonitor: get event 
05-21 19:46:35.298   959  1129 V EthernetMonitor: go poll events
05-21 19:46:35.302  2422  2422 I wpa_supplicant: wfd0: CTRL-EVENT-TERMINATING 
05-21 19:46:35.874   959   961 D dalvikvm: GC_CONCURRENT freed 629K, 59% free 3967K/9539K, paused 101ms+4ms
05-21 19:46:36.974   959  1131 D Tethering: MasterInitialState.processMessage what=3
05-21 19:46:36.978  1710  1710 D StpService: receive Broadcast Info NetworkInfo: type: ETH[], state: DISCONNECTED/DISCONNECTED, reason: (unspecified), extra: (none), roaming: false, failover: false, isAvailable: false
05-21 19:46:36.982  1177  1177 I NetworkMonitorService: onReceive CONNECTIVITY_CHANGE
05-21 19:46:36.982  1177  2428 I NetworkMonitorService: will start NoNetworkActivity
05-21 19:46:37.002  1345  1345 D GTalkService: lost connectivity, notify
05-21 19:46:37.114  1161  1161 I BootCompletedReceiver: [onReceive] Action??android.net.conn.CONNECTIVITY_CHANGE
05-21 19:46:37.114  1161  1161 D BootCompletedReceiver: [onReceive] renderer was configed as autoboot,start backservice
05-21 19:46:37.118  1161  1161 D Multimedia_BackService: BackService onStart called
05-21 19:46:37.118  1161  1161 D Multimedia_BackService: device Name:
05-21 19:46:37.118  1161  1161 I AirplayService: in setAirplayDevName
05-21 19:46:37.198  1345  1347 D dalvikvm: GC_CONCURRENT freed 590K, 74% free 1666K/6275K, paused 1ms+3ms
05-21 19:46:37.290  1161  1163 D dalvikvm: GC_CONCURRENT freed 426K, 79% free 1317K/6019K, paused 2ms+1ms
05-21 19:46:37.326  1161  1283 D HomePlayerLib: hostaddress count is 0
05-21 19:46:40.250  1177  2438 I NetworkMonitorService: will start NoNetworkActivity
05-21 19:46:41.482  1161  1163 D dalvikvm: GC_CONCURRENT freed 389K, 79% free 1319K/6019K, paused 1ms+2ms
05-21 19:46:45.206  1979  2426 I HighSet_WirlessNetwork: -----------------------wifi????-------------------
05-21 19:46:45.250   959  1119 D WifiHW  : 'DRIVER RXFILTER-ADD 3' command timed out.
05-21 19:46:45.250   959  1119 E WifiStateMachine: Failed to set frequency band 0
05-21 19:46:45.250   959  1119 E WifiStateMachine: Connection lost, restart supplicant
05-21 19:46:45.250   739   846 D CommandListener: Clearing all IP addresses on wlan0
05-21 19:46:45.258   959  1126 D NetUtils: android_net_utils_resetConnections in env=0x179148 clazz=0x37600001 iface=eth0 mask=0x3
05-21 19:46:45.258  1177  1177 I TabletStatusBar: receiver broadcast
05-21 19:46:45.258   959  1126 D ConnectivityService: ConnectivityChange for WIFI: DISCONNECTED/DISCONNECTED
05-21 19:46:45.258   959  1126 E MobileDataStateTracker: default: Ignoring feature request because could not acquire PhoneService
05-21 19:46:45.258   959  1126 E MobileDataStateTracker: default: Could not enable APN type "default"
05-21 19:46:45.258   959  1126 D ConnectivityService: Attempting to switch to mobile
05-21 19:46:45.258   959  1126 I EthernetStateTracker: reset device eth0
05-21 19:46:45.270   739   846 E WifiHW  : wifi_change_fw_path: STA
05-21 19:46:45.270   739   846 D SoftapController: Softap fwReload - Ok
05-21 19:46:45.278   959  1119 D NetworkManagementService: rsp <213 a4:a8:20:13:03:6e 0.0.0.0 0 [down broadcast multicast]>
05-21 19:46:45.282   739   846 D CommandListener: Setting iface cfg
05-21 19:46:45.282   739   846 D CommandListener: Trying to bring down wlan0
05-21 19:46:45.282   739   846 D CommandListener: broadcast flag ignored
05-21 19:46:45.282   739   846 D CommandListener: multicast flag ignored
05-21 19:46:45.282   959  1119 D NetworkManagementService: flags <[down broadcast multicast]>
05-21 19:46:45.286  1593  1593 I System.out: GolableWifiChangeReceiver:::::
05-21 19:46:45.286   739   846 E CommandListener: Failed to open /proc/sys/net/ipv6/conf/wlan0/use_tempaddr: No such file or directory
05-21 19:46:45.286  1593  1593 I System.out: WIFI_CONNECT:false
05-21 19:46:45.290  1787  1787 I NetworkStatusChangeReceiver: action::::::::android.net.wifi.STATE_CHANGE
05-21 19:46:45.294   959  1119 E WifiStateMachine: Unable to change interface settings: java.lang.IllegalStateException: Unable to communicate with native daemon to set ipv6privacyextensions - com.android.server.NativeDaemonConnectorException: Cmd {interface ipv6privacyextensions wlan0 enable} failed with code 400 : {Failed to set ipv6 privacy extensions (No such file or directory)}
05-21 19:46:45.294   959  1119 D WifiHW  : config_file = /data/misc/wifi/wpa_supplicant.conf
05-21 19:46:45.294  1787  1787 I System.out: 
05-21 19:46:45.302  1787  2439 I System.out: BabaoWebWidget---network not connect---
05-21 19:46:45.306  1787  1787 I System.out: A3STB-WidgetHost1.0.11(Jacky.Zhu)
05-21 19:46:45.310   959  1119 D WifiHW  : ctl.start daemon_cmd = mrl_supplicant:-iwlan0 -c/data/misc/wifi/wpa_supplicant.conf
05-21 19:46:45.314  1787  2441 I System.out: WeatherWidgetProvider----network not connect----------
05-21 19:46:45.318   959  2442 E WifiHW  : wpa_ctrl_open failed 9 :No such file or directory
05-21 19:46:45.330  1979  1979 I StateSet: -------you xian-----tv_Ip=192.168.2.6
05-21 19:46:45.330  1979  1979 I StateSet: -----unConnect--------
05-21 19:46:45.330  2440  2440 I wpa_supplicant: rfkill: Cannot open RFKILL control device
05-21 19:46:45.334   959  1129 V EthernetMonitor: get event 
05-21 19:46:45.334   959  1129 V EthernetMonitor: go poll events
05-21 19:46:45.334   959  1126 I EthernetStateTracker: trigger dhcp for device eth0
05-21 19:46:45.334   959  1126 D ConnectivityService: Attempting to switch to ETH
05-21 19:46:45.334   959  1126 D ConnectivityService: Attempting to switch to pppoe
05-21 19:46:45.334   959  1128 D EthernetStateTracker: DhcpHandler: DHCP request started
05-21 19:46:45.342   959  1126 D NetUtils: android_net_utils_resetConnections in env=0x179148 clazz=0x3a400001 iface=eth0 mask=0x3
05-21 19:46:45.342   959  1126 D ConnectivityService: ConnectivityChange for WIFI: DISCONNECTED/DISCONNECTED
05-21 19:46:45.342   959  1126 E MobileDataStateTracker: default: Ignoring feature request because could not acquire PhoneService
05-21 19:46:45.342   959  1126 E MobileDataStateTracker: default: Could not enable APN type "default"
05-21 19:46:45.342   959  1126 D ConnectivityService: Attempting to switch to mobile
05-21 19:46:45.342   959  1126 I EthernetStateTracker: reset device eth0
05-21 19:46:45.354   959  1115 W NetworkStats: found non-monotonic values; saving to dropbox
05-21 19:46:45.386  2443  2443 D dhcpcd  : dhcpcd 4.0.15 starting
05-21 19:46:45.390  2443  2443 D dhcpcd  : hardware address = 84:62:23:08:00:5a
05-21 19:46:45.390  2443  2443 D dhcpcd  : executing `/system/etc/dhcpcd/dhcpcd-run-hooks', reason PREINIT
05-21 19:46:45.442   959  1126 I EthernetStateTracker: trigger dhcp for device eth0
05-21 19:46:45.442   959  1126 D ConnectivityService: Attempting to switch to ETH
05-21 19:46:45.442   959  1126 D ConnectivityService: Attempting to switch to pppoe
05-21 19:46:45.454   959  1115 W NetworkStats: found non-monotonic values; saving to dropbox
05-21 19:46:45.638   959  1128 E EthernetStateTracker: DhcpHandler: DHCP request failed: DHCP result was failed
05-21 19:46:45.638   959  1128 D EthernetStateTracker: DhcpHandler: DHCP request started
05-21 19:46:45.638   959   992 V EthernetStateTracker: configureInterfaceAutoIP skip!
05-21 19:46:45.646  2446  2446 D dhcpcd  : dhcpcd 4.0.15 starting
05-21 19:46:45.646  2446  2446 D dhcpcd  : hardware address = 84:62:23:08:00:5a
05-21 19:46:45.646  2446  2446 D dhcpcd  : executing `/system/etc/dhcpcd/dhcpcd-run-hooks', reason PREINIT
05-21 19:46:45.690  2446  2446 D dhcpcd  : host does not support a monotonic clock - timing can skew
05-21 19:46:45.690  2446  2446 D dhcpcd  : broadcasting for a lease
05-21 19:46:45.690  2446  2446 D dhcpcd  : sending DHCP_DISCOVER with xid 0x63a52388, next in 4.57 seconds
05-21 19:46:45.822  1979  1979 V HighSet_WirlessNetwork: !!!!!<BroadcastReceiver>====wifi opened==
05-21 19:46:45.830   959  1119 E WifiConfigStore: Error parsing configurationjava.io.FileNotFoundException: /data/misc/wifi/ipconfig.txt: open failed: ENOENT (No such file or directory)
05-21 19:46:45.846  1979  2453 I HighSet_WirlessNetwork: -----------------------wifi????-------------------
05-21 19:46:46.410   739   846 D CommandListener: Clearing all IP addresses on wlan0
05-21 19:46:46.418  1177  1177 I TabletStatusBar: receiver broadcast
05-21 19:46:46.426  1593  1593 I System.out: GolableWifiChangeReceiver:::::
05-21 19:46:46.426  1593  1593 I System.out: WIFI_CONNECT:false
05-21 19:46:46.442  1787  1787 I NetworkStatusChangeReceiver: action::::::::android.net.wifi.STATE_CHANGE
05-21 19:46:46.442  1787  1787 I System.out: 
05-21 19:46:46.450  1787  2454 I System.out: BabaoWebWidget---network not connect---
05-21 19:46:46.454  1787  1787 I System.out: A3STB-WidgetHost1.0.11(Jacky.Zhu)
05-21 19:46:46.458  1787  2455 I System.out: WeatherWidgetProvider----network not connect----------
05-21 19:46:46.462  2440  2440 I wpa_supplicant: wlan0: CTRL-EVENT-TERMINATING 
05-21 19:46:46.462   959  1129 V EthernetMonitor: get event 
05-21 19:46:46.462   959  1129 V EthernetMonitor: go poll events
05-21 19:46:46.470   959  2456 D WifiStateMachine: isDriverShouldRemove = true
05-21 19:46:46.478  1979  1979 I StateSet: -------you xian-----tv_Ip=192.168.2.6
05-21 19:46:46.478  1979  1979 I StateSet: -----unConnect--------
05-21 19:46:46.486   959  1344 W GpsLocationProvider: Failed to enable location provider
05-21 19:46:46.586  1979  1979 V HighSet_WirlessNetwork: !!!!!<BroadcastReceiver>====wifi closed==
05-21 19:46:47.482  1161  1163 D dalvikvm: GC_CONCURRENT freed 401K, 77% free 1430K/6019K, paused 1ms+1ms
05-21 19:46:47.482  1161  1283 D HomePlayerLib: hostaddress count is 0
05-21 19:46:48.346   959  1131 D Tethering: MasterInitialState.processMessage what=3
05-21 19:46:48.350  1710  1710 D StpService: receive Broadcast Info NetworkInfo: type: WIFI[], state: DISCONNECTED/DISCONNECTED, reason: (unspecified), extra: (none), roaming: false, failover: false, isAvailable: false
05-21 19:46:48.350  1345  1345 D GTalkService: lost connectivity, notify
05-21 19:46:48.354  1177  1177 I NetworkMonitorService: onReceive CONNECTIVITY_CHANGE
05-21 19:46:48.354  1177  2458 I NetworkMonitorService: will start NoNetworkActivity
05-21 19:46:48.366   959  1117 D WifiP2pService: P2pDisablingState{ what=131203 when=0 }
05-21 19:46:48.366   959  1117 D WifiP2pService: DefaultState{ what=131203 when=0 }
05-21 19:46:48.366   959  1117 D WifiP2pService: P2pDisablingState{ what=139268 when=0 }
05-21 19:46:48.390  1161  1161 I BootCompletedReceiver: [onReceive] Action??android.net.conn.CONNECTIVITY_CHANGE
05-21 19:46:48.394  1161  1161 D BootCompletedReceiver: [onReceive] renderer was configed as autoboot,start backservice
05-21 19:46:48.394  1161  1161 D Multimedia_BackService: BackService onStart called
05-21 19:46:48.394  1161  1161 D Multimedia_BackService: device Name:
05-21 19:46:48.394  1161  1161 I AirplayService: in setAirplayDevName
05-21 19:46:48.442   959  1344 W GpsLocationProvider: Failed to enable location provider
05-21 19:46:48.446   959  1131 D Tethering: MasterInitialState.processMessage what=3
05-21 19:46:48.450  1710  1710 D StpService: receive Broadcast Info NetworkInfo: type: WIFI[], state: DISCONNECTED/DISCONNECTED, reason: (unspecified), extra: (none), roaming: false, failover: false, isAvailable: false
05-21 19:46:48.454  1177  1177 I NetworkMonitorService: onReceive CONNECTIVITY_CHANGE
05-21 19:46:48.454  1177  2464 I NetworkMonitorService: will start NoNetworkActivity
05-21 19:46:48.494  1345  1347 D dalvikvm: GC_CONCURRENT freed 405K, 74% free 1655K/6275K, paused 2ms+3ms
05-21 19:46:48.510  1345  1345 D GTalkService: lost connectivity, notify
05-21 19:46:48.534  1161  1161 I BootCompletedReceiver: [onReceive] Action??android.net.conn.CONNECTIVITY_CHANGE
05-21 19:46:48.538  1161  1161 D BootCompletedReceiver: [onReceive] renderer was configed as autoboot,start backservice
05-21 19:46:48.538  1161  1161 D Multimedia_BackService: BackService onStart called
05-21 19:46:48.538  1161  1161 D Multimedia_BackService: device Name:
05-21 19:46:48.538  1161  1161 I AirplayService: in setAirplayDevName
05-21 19:46:49.374   959   975 D WifiHW  : is_wifi_device_exist
05-21 19:46:49.374   959   975 E WifiHW  : get_wifi_device_num is 1
05-21 19:46:49.374  1979  1979 V HighSet_WirlessNetwork: !!!!!!!!!<init>  wifi is colose !!!!!!! open wifi
05-21 19:46:50.262  2446  2446 D dhcpcd  : sending DHCP_DISCOVER with xid 0x63a52388, next in 8.68 seconds
05-21 19:46:50.414   959   961 D dalvikvm: GC_CONCURRENT freed 923K, 60% free 3839K/9539K, paused 2ms+4ms
05-21 19:46:51.986   959   975 I ActivityManager: START {flg=0x10000000 cmp=com.android.systemui/.net.NoNetworkActivity} from pid 1177
05-21 19:46:52.038  1177  1177 D dalvikvm: GC_FOR_ALLOC freed 544K, 59% free 3092K/7363K, paused 18ms
05-21 19:46:52.046  1177  1177 I dalvikvm-heap: Grow heap (frag case) to 7.484MB for 909232-byte allocation
05-21 19:46:52.094  1177  1178 D dalvikvm: GC_CONCURRENT freed 53K, 53% free 3926K/8259K, paused 2ms+6ms
05-21 19:46:52.210  1177  1177 D libEGL  : loaded /system/lib/egl/libGLES_android.so
05-21 19:46:52.222  1177  1177 D libEGL  : loaded /system/lib/egl/libEGL_mali.so
05-21 19:46:52.242  1177  1177 D libEGL  : loaded /system/lib/egl/libGLESv1_CM_mali.so
05-21 19:46:52.242  1177  1177 D libEGL  : loaded /system/lib/egl/libGLESv2_mali.so
05-21 19:46:52.282  1177  1177 D OpenGLRenderer: Enabling debug mode 0
05-21 19:46:52.290   959  1338 W InputManagerService: Starting input on non-focused client com.android.internal.view.IInputMethodClient$Stub$Proxy@416aedc8 (uid=1000 pid=1979)
05-21 19:46:52.334   959  1100 I ActivityManager: Displayed com.android.systemui/.net.NoNetworkActivity: +329ms
05-21 19:46:54.422  1177  1177 D OpenGLRenderer: Flushing caches (mode 0)
05-21 19:46:54.422  1177  1177 V TabletStatusBar: setLightsOn(true)
05-21 19:46:54.430   959   975 W InputManagerService: Starting input on non-focused client com.android.internal.view.IInputMethodClient$Stub$Proxy@41599c20 (uid=1000 pid=1177)
05-21 19:46:57.710  1161  1283 D HomePlayerLib: hostaddress count is 0
05-21 19:46:57.710  1161  1163 D dalvikvm: GC_CONCURRENT freed 512K, 78% free 1366K/6019K, paused 2ms+1ms
05-21 19:46:58.950  2446  2446 D dhcpcd  : sending DHCP_DISCOVER with xid 0x63a52388, next in 15.93 seconds
05-21 19:47:02.686  1979  1979 D InputEventConsistencyVerifier: KeyEvent: ACTION_UP but key was not down.
05-21 19:47:02.686  1979  1979 D InputEventConsistencyVerifier:   in android.widget.LinearLayout@4167bd88
05-21 19:47:02.686  1979  1979 D InputEventConsistencyVerifier:   0: sent at 6453077000000, KeyEvent { action=ACTION_UP, keyCode=KEYCODE_DPAD_LEFT, scanCode=105, metaState=0, flags=0x8, repeatCount=0, eventTime=6453077, downTime=6452864, deviceId=1, source=0x101 }
05-21 19:47:02.686  1979  1979 D InputEventConsistencyVerifier:   -- recent events --
05-21 19:47:02.686  1979  1979 D InputEventConsistencyVerifier:   1: sent at 6423541000000, (unhandled) KeyEvent { action=ACTION_UP, keyCode=KEYCODE_DPAD_DOWN, scanCode=108, metaState=0, flags=0x8, repeatCount=0, eventTime=6423541, downTime=6423380, deviceId=1, source=0x101 }
05-21 19:47:02.686  1979  1979 D InputEventConsistencyVerifier:   2: sent at 6423380000000, KeyEvent { action=ACTION_DOWN, keyCode=KEYCODE_DPAD_DOWN, scanCode=108, metaState=0, flags=0x8, repeatCount=0, eventTime=6423380, downTime=6423380, deviceId=1, source=0x101 }
05-21 19:47:02.686  1979  1979 D InputEventConsistencyVerifier:   3: sent at 6423353000000, (unhandled) KeyEvent { action=ACTION_UP, keyCode=KEYCODE_DPAD_DOWN, scanCode=108, metaState=0, flags=0x8, repeatCount=0, eventTime=6423353, downTime=6423136, deviceId=1, source=0x101 }
05-21 19:47:02.686  1979  1979 D InputEventConsistencyVerifier:   4: sent at 6423136000000, KeyEvent { action=ACTION_DOWN, keyCode=KEYCODE_DPAD_DOWN, scanCode=108, metaState=0, flags=0x8, repeatCount=0, eventTime=6423136, downTime=6423136, deviceId=1, source=0x101 }
05-21 19:47:02.686  1979  1979 D InputEventConsistencyVerifier:   5: sent at 6423085000000, (unhandled) KeyEvent { action=ACTION_UP, keyCode=KEYCODE_DPAD_DOWN, scanCode=108, metaState=0, flags=0x8, repeatCount=0, eventTime=6423085, downTime=6422871, deviceId=1, source=0x101 }
05-21 19:47:03.358   959  1338 I ActivityManager: START {flg=0x10000000 cmp=com.android.systemui/.net.NoNetworkActivity} from pid 1177
05-21 19:47:03.434   959  1306 W InputManagerService: Starting input on non-focused client com.android.internal.view.IInputMethodClient$Stub$Proxy@416aedc8 (uid=1000 pid=1979)
05-21 19:47:03.442   959  1100 I ActivityManager: Displayed com.android.systemui/.net.NoNetworkActivity: +68ms
05-21 19:47:03.486   959  1104 E WindowManager: ##############################dispatchUnhandledKey
05-21 19:47:05.386  1177  1177 V TabletStatusBar: setLightsOn(true)
05-21 19:47:05.386   959  1338 W InputManagerService: Starting input on non-focused client com.android.internal.view.IInputMethodClient$Stub$Proxy@41599c20 (uid=1000 pid=1177)
05-21 19:47:05.406  1177  1177 D dalvikvm: GC_EXPLICIT freed 1068K, 61% free 3437K/8771K, paused 1ms+1ms
05-21 19:47:05.414  1177  1177 E StrictMode: class com.android.systemui.net.NoNetworkActivity; instances=2; limit=1
05-21 19:47:05.414  1177  1177 E StrictMode: android.os.StrictMode$InstanceCountViolation: class com.android.systemui.net.NoNetworkActivity; instances=2; limit=1
05-21 19:47:05.414  1177  1177 E StrictMode:    at android.os.StrictMode.setClassInstanceLimit(StrictMode.java:1)
05-21 19:47:06.130  1979  1979 I HighSet_CableNetwork: [SelectConnectMode] ~~~~~~~~~~~~~~~~~~~~~~~~~ConnectMode:dhcp
05-21 19:47:07.950  1161  1163 D dalvikvm: GC_CONCURRENT freed 450K, 77% free 1421K/6019K, paused 0ms+1ms
05-21 19:47:07.958  1161  1283 D HomePlayerLib: hostaddress count is 0
05-21 19:47:08.046  1979  1979 I HighSet_CableNetwork: [SelectConnectMode] ~~~~~~~~~~~~~~~~~~~~~~~~~ConnectMode:dhcp
05-21 19:47:14.894  2446  2446 D dhcpcd  : sending DHCP_DISCOVER with xid 0x63a52388, next in 32.64 seconds
05-21 19:47:15.690  2446  2446 E dhcpcd  : timed out
05-21 19:47:15.702  2446  2446 D dhcpcd  : executing `/system/etc/dhcpcd/dhcpcd-run-hooks', reason FAIL
05-21 19:47:15.754   959  1128 E EthernetStateTracker: DhcpHandler: DHCP request failed: DHCP result was failed
05-21 19:47:15.758   959   992 V EthernetStateTracker: configureInterfaceAutoIP skip!
05-21 19:47:15.766  2446  2446 D dhcpcd  : broadcasting for a lease
05-21 19:47:15.766  2446  2446 D dhcpcd  : sending DHCP_DISCOVER with xid 0xcb341ff9, next in 4.61 seconds
05-21 19:47:18.246  1161  1163 D dalvikvm: GC_CONCURRENT freed 509K, 79% free 1320K/6019K, paused 1ms+1ms
05-21 19:47:18.250  1161  1283 D HomePlayerLib: hostaddress count is 0
05-21 19:47:20.374  2446  2446 D dhcpcd  : sending DHCP_DISCOVER with xid 0xcb341ff9, next in 7.67 seconds
05-21 19:47:21.562  1161  1163 D dalvikvm: GC_CONCURRENT freed 403K, 79% free 1308K/6019K, paused 1ms+1ms
05-21 19:47:28.054  2446  2446 D dhcpcd  : sending DHCP_DISCOVER with xid 0xcb341ff9, next in 16.13 seconds
05-21 19:47:28.522  1161  1283 D HomePlayerLib: hostaddress count is 0
05-21 19:47:35.334   959  1104 E WindowManager: ##############################dispatchUnhandledKey
05-21 19:47:35.830  1979  1979 I HighSet_CableNetwork: [SelectConnectMode] ~~~~~~~~~~~~~~~~~~~~~~~~~ConnectMode:dhcp
05-21 19:47:37.685  1979  1979 I HighSet_CableNetwork: [SelectConnectMode] ~~~~~~~~~~~~~~~~~~~~~~~~~ConnectMode:dhcp
05-21 19:47:38.542  1979  1979 D InputEventConsistencyVerifier: KeyEvent: ACTION_UP but key was not down.
05-21 19:47:38.542  1979  1979 D InputEventConsistencyVerifier:   in com.android.internal.policy.impl.PhoneWindow$DecorView@416de870
05-21 19:47:38.542  1979  1979 D InputEventConsistencyVerifier:   0: sent at 6488941000000, KeyEvent { action=ACTION_UP, keyCode=KEYCODE_DPAD_RIGHT, scanCode=106, metaState=0, flags=0x8, repeatCount=0, eventTime=6488941, downTime=6488728, deviceId=1, source=0x101 }
05-21 19:47:38.542  1979  1979 D InputEventConsistencyVerifier:   -- recent events --
05-21 19:47:38.542  1979  1979 D InputEventConsistencyVerifier:   1: sent at 6488477000000, (unhandled) KeyEvent { action=ACTION_UP, keyCode=KEYCODE_DPAD_DOWN, scanCode=108, metaState=0, flags=0x8, repeatCount=0, eventTime=6488477, downTime=6488266, deviceId=1, source=0x101 }
05-21 19:47:38.542  1979  1979 D InputEventConsistencyVerifier:   2: sent at 6488266000000, KeyEvent { action=ACTION_DOWN, keyCode=KEYCODE_DPAD_DOWN, scanCode=108, metaState=0, flags=0x8, repeatCount=0, eventTime=6488266, downTime=6488266, deviceId=1, source=0x101 }
05-21 19:47:38.542  1979  1979 D InputEventConsistencyVerifier:   3: sent at 6488225000000, (unhandled) KeyEvent { action=ACTION_UP, keyCode=KEYCODE_DPAD_DOWN, scanCode=108, metaState=0, flags=0x8, repeatCount=0, eventTime=6488225, downTime=6488010, deviceId=1, source=0x101 }
05-21 19:47:38.542  1979  1979 D InputEventConsistencyVerifier:   4: sent at 6488010000000, KeyEvent { action=ACTION_DOWN, keyCode=KEYCODE_DPAD_DOWN, scanCode=108, metaState=0, flags=0x8, repeatCount=0, eventTime=6488010, downTime=6488010, deviceId=1, source=0x101 }
05-21 19:47:38.542  1979  1979 D InputEventConsistencyVerifier:   5: sent at 6487969000000, (unhandled) KeyEvent { action=ACTION_UP, keyCode=KEYCODE_DPAD_DOWN, scanCode=108, metaState=0, flags=0x8, repeatCount=0, eventTime=6487969, downTime=6487754, deviceId=1, source=0x101 }
05-21 19:47:38.546  1161  1163 D dalvikvm: GC_CONCURRENT freed 394K, 78% free 1359K/6019K, paused 1ms+1ms
05-21 19:47:38.562  1161  1283 D HomePlayerLib: hostaddress count is 0
05-21 19:47:38.918   959  1306 D WifiHW  : is_wifi_device_exist
05-21 19:47:38.922   959  1306 E WifiHW  : get_wifi_device_num is 1
05-21 19:47:38.922  1979  1979 V HighSet_WirlessNetwork: !!!!!!!!!<init>  wifi is colose !!!!!!! open wifi
05-21 19:47:41.590  1161  1163 D dalvikvm: GC_CONCURRENT freed 443K, 79% free 1307K/6019K, paused 1ms+1ms
05-21 19:47:44.198  2446  2446 D dhcpcd  : sending DHCP_DISCOVER with xid 0xcb341ff9, next in 32.63 seconds
05-21 19:47:48.626  1161  1163 D dalvikvm: GC_CONCURRENT freed 388K, 79% free 1319K/6019K, paused 0ms+0ms
05-21 19:47:48.634  1161  1283 D HomePlayerLib: hostaddress count is 0
05-21 19:47:58.786  1161  1163 D dalvikvm: GC_CONCURRENT freed 402K, 79% free 1307K/6019K, paused 1ms+1ms
05-21 19:47:58.790  1161  1283 D HomePlayerLib: hostaddress count is 0
05-21 19:48:01.646  1161  1163 D dalvikvm: GC_CONCURRENT freed 387K, 78% free 1325K/6019K, paused 1ms+1ms
05-21 19:48:09.066  1161  1283 D HomePlayerLib: hostaddress count is 0
05-21 19:48:16.854  2446  2446 D dhcpcd  : sending DHCP_DISCOVER with xid 0xcb341ff9, next in 64.26 seconds
05-21 19:48:19.130  1161  1163 D dalvikvm: GC_CONCURRENT freed 409K, 79% free 1306K/6019K, paused 1ms+1ms
05-21 19:48:19.146  1161  1283 D HomePlayerLib: hostaddress count is 0
05-21 19:48:20.374  2446  2446 E dhcpcd  : timed out
05-21 19:48:20.386  2446  2446 D dhcpcd  : executing `/system/etc/dhcpcd/dhcpcd-run-hooks', reason FAIL
05-21 19:48:20.466  2446  2446 D dhcpcd  : broadcasting for a lease
05-21 19:48:20.466  2446  2446 D dhcpcd  : sending DHCP_DISCOVER with xid 0x1d58b403, next in 3.04 seconds
05-21 19:48:21.678  1161  1163 D dalvikvm: GC_CONCURRENT freed 468K, 78% free 1344K/6019K, paused 0ms+1ms
05-21 19:48:23.510  2446  2446 D dhcpcd  : sending DHCP_DISCOVER with xid 0x1d58b403, next in 8.97 seconds
05-21 19:48:29.350  1161  1163 D dalvikvm: GC_CONCURRENT freed 415K, 79% free 1319K/6019K, paused 1ms+1ms
05-21 19:48:29.350  1161  1283 D HomePlayerLib: hostaddress count is 0
05-21 19:48:32.486  2446  2446 D dhcpcd  : sending DHCP_DISCOVER with xid 0x1d58b403, next in 16.50 seconds
05-21 19:48:39.402  1161  1283 D HomePlayerLib: hostaddress count is 0
05-21 19:48:41.710  1161  1163 D dalvikvm: GC_CONCURRENT freed 462K, 78% free 1376K/6019K, paused 1ms+1ms
05-21 19:48:48.998  2446  2446 D dhcpcd  : sending DHCP_DISCOVER with xid 0x1d58b403, next in 31.92 seconds
05-21 19:48:49.510  1161  1163 D dalvikvm: GC_CONCURRENT freed 456K, 79% free 1319K/6019K, paused 1ms+1ms
05-21 19:48:49.518  1161  1283 D HomePlayerLib: hostaddress count is 0
05-21 19:48:59.846  1161  1283 D HomePlayerLib: hostaddress count is 0
05-21 19:48:59.850  1161  1163 D dalvikvm: GC_CONCURRENT freed 402K, 78% free 1379K/6019K, paused 1ms+1ms
05-21 19:49:09.906  1161  1163 D dalvikvm: GC_CONCURRENT freed 462K, 78% free 1333K/6019K, paused 1ms+1ms
05-21 19:49:09.922  1161  1283 D HomePlayerLib: hostaddress count is 0
05-21 19:49:19.994  1161  1163 D dalvikvm: GC_CONCURRENT freed 416K, 79% free 1307K/6019K, paused 0ms+1ms
05-21 19:49:20.010  1161  1283 D HomePlayerLib: hostaddress count is 0
05-21 19:49:20.954  2446  2446 D dhcpcd  : sending DHCP_DISCOVER with xid 0x1d58b403, next in 63.17 seconds
05-21 19:49:21.770  1161  1163 D dalvikvm: GC_CONCURRENT freed 387K, 78% free 1362K/6019K, paused 1ms+1ms
05-21 19:49:24.086  2446  2446 E dhcpcd  : timed out
05-21 19:49:24.098  2446  2446 D dhcpcd  : executing `/system/etc/dhcpcd/dhcpcd-run-hooks', reason FAIL
05-21 19:49:24.162  2446  2446 D dhcpcd  : broadcasting for a lease
05-21 19:49:24.162  2446  2446 D dhcpcd  : sending DHCP_DISCOVER with xid 0x1fe8c892, next in 4.05 seconds
05-21 19:49:28.214  2446  2446 D dhcpcd  : sending DHCP_DISCOVER with xid 0x1fe8c892, next in 7.38 seconds
05-21 19:49:30.070  1161  1163 D dalvikvm: GC_CONCURRENT freed 442K, 79% free 1307K/6019K, paused 1ms+1ms
05-21 19:49:30.070  1161  1283 D HomePlayerLib: hostaddress count is 0
05-21 19:49:35.602  2446  2446 D dhcpcd  : sending DHCP_DISCOVER with xid 0x1fe8c892, next in 16.31 seconds
05-21 19:49:40.198  1161  1283 D HomePlayerLib: hostaddress count is 0
05-21 19:49:41.786  1161  1163 D dalvikvm: GC_CONCURRENT freed 394K, 79% free 1319K/6019K, paused 1ms+1ms
05-21 19:49:50.506  1161  1163 D dalvikvm: GC_CONCURRENT freed 522K, 79% free 1296K/6019K, paused 0ms+1ms
05-21 19:49:50.514  1161  1283 D HomePlayerLib: hostaddress count is 0
05-21 19:49:51.926  2446  2446 D dhcpcd  : sending DHCP_DISCOVER with xid 0x1fe8c892, next in 32.50 seconds
05-21 19:50:00.750  1161  1163 D dalvikvm: GC_CONCURRENT freed 376K, 79% free 1307K/6019K, paused 0ms+1ms
05-21 19:50:00.754  1161  1283 D HomePlayerLib: hostaddress count is 0
05-21 19:50:01.834  1161  1163 D dalvikvm: GC_CONCURRENT freed 387K, 79% free 1319K/6019K, paused 0ms+1ms
05-21 19:50:11.006  1161  1283 D HomePlayerLib: hostaddress count is 0
05-21 19:50:21.218  1161  1163 D dalvikvm: GC_CONCURRENT freed 409K, 78% free 1374K/6019K, paused 1ms+1ms
05-21 19:50:21.234  1161  1283 D HomePlayerLib: hostaddress count is 0
05-21 19:50:21.870  1161  1163 D dalvikvm: GC_CONCURRENT freed 455K, 77% free 1430K/6019K, paused 1ms+1ms
05-21 19:50:24.458  2446  2446 D dhcpcd  : sending DHCP_DISCOVER with xid 0x1fe8c892, next in 63.94 seconds
05-21 19:50:28.350  2446  2446 E dhcpcd  : timed out
05-21 19:50:28.358  2446  2446 D dhcpcd  : executing `/system/etc/dhcpcd/dhcpcd-run-hooks', reason FAIL
05-21 19:50:28.422  2446  2446 D dhcpcd  : broadcasting for a lease
05-21 19:50:28.422  2446  2446 D dhcpcd  : sending DHCP_DISCOVER with xid 0x77e034e6, next in 3.67 seconds
05-21 19:50:31.446  1161  1283 D HomePlayerLib: hostaddress count is 0
05-21 19:50:32.098  2446  2446 D dhcpcd  : sending DHCP_DISCOVER with xid 0x77e034e6, next in 8.13 seconds
05-21 19:50:40.238  2446  2446 D dhcpcd  : sending DHCP_DISCOVER with xid 0x77e034e6, next in 16.10 seconds
05-21 19:50:41.722  1161  1163 D dalvikvm: GC_CONCURRENT freed 515K, 79% free 1319K/6019K, paused 1ms+1ms
05-21 19:50:41.742  1161  1283 D HomePlayerLib: hostaddress count is 0
05-21 19:50:41.894  1161  1163 D dalvikvm: GC_CONCURRENT freed 497K, 78% free 1327K/6019K, paused 0ms+1ms
05-21 19:50:51.998  1161  1163 D dalvikvm: GC_CONCURRENT freed 415K, 79% free 1320K/6019K, paused 1ms+1ms
05-21 19:50:51.998  1161  1283 D HomePlayerLib: hostaddress count is 0
05-21 19:50:56.354  2446  2446 D dhcpcd  : sending DHCP_DISCOVER with xid 0x77e034e6, next in 32.61 seconds
05-21 19:51:02.274  1161  1163 D dalvikvm: GC_CONCURRENT freed 408K, 77% free 1421K/6019K, paused 1ms+1ms
05-21 19:51:02.286  1161  1283 D HomePlayerLib: hostaddress count is 0
05-21 19:51:11.366   959  1330 D WifiHW  : is_wifi_device_exist
05-21 19:51:11.366   959  1330 E WifiHW  : get_wifi_device_num is 1
05-21 19:51:11.370  1979  1979 V HighSet_WirlessNetwork: !!!!!!!!!<init>  wifi is colose !!!!!!! open wifi
05-21 19:51:12.474  1161  1163 D dalvikvm: GC_CONCURRENT freed 509K, 79% free 1322K/6019K, paused 1ms+1ms
05-21 19:51:12.478  1161  1283 D HomePlayerLib: hostaddress count is 0
05-21 19:51:15.710   959  1243 W ThrottleService: unable to find stats for iface rmnet0
05-21 19:51:21.934  1161  1163 D dalvikvm: GC_CONCURRENT freed 403K, 79% free 1307K/6019K, paused 1ms+1ms
05-21 19:51:22.718  1161  1283 D HomePlayerLib: hostaddress count is 0
05-21 19:51:22.718  1161  1163 D dalvikvm: GC_CONCURRENT freed 387K, 78% free 1325K/6019K, paused 0ms+1ms
