D/Downloader(  744): header_callback : -->Content-Range: bytes 0-2219339/2219340
D/Downloader(  744): 
D/Downloader(  744): header_callback : -->Content-Length: 2219340
D/Downloader(  744): 
D/Downloader(  744): header_callback : -->Powered-By-ChinaCache: MISS from CHN-DG-4-35F
D/Downloader(  744): 
D/Downloader(  744): header_callback : -->Connection: keep-alive
D/Downloader(  744): 
D/Downloader(  744): header_callback : -->
D/Downloader(  744): 
D/dalvikvm( 1652): GC_CONCURRENT freed 675K, 63% free 2897K/7683K, paused 3ms+5ms
I//lib/ld-linux.so.3(  748): MB_VDPLAYER_DMX_RESET
D/IMMPlayer(  744): Get ret:0
D/MstarPlayer(  744): buffer valide data size :0x63096 ,waiting....
I//lib/ld-linux.so.3(  748): DemuxReset, done
E/fbdev   ( 1029): Attention! GFLIP time out, force update gop ring buffer!
D/MstarPlayer(  744): buffer valide data size :0x204724 ,waiting....
E/fbdev   ( 1029): Attention! GFLIP time out, force update gop ring buffer!
D/dalvikvm( 1652): GC_CONCURRENT freed 843K, 63% free 2879K/7683K, paused 3ms+3ms
D/MstarPlayer(  744): buffer valide data size :0x343416 ,waiting....
E/fbdev   ( 1029): Attention! GFLIP time out, force update gop ring buffer!
D/MstarPlayer(  744): buffer valide data size :0x485044 ,waiting....
E/fbdev   ( 1029): Attention! GFLIP time out, force update gop ring buffer!
D/IMMPlayer(  744): Send MM_SetTrickMode
D/IMMPlayer(  744): u32Item:1
D/IMMPlayer(  744): stTrickInfo->eMode:0
D/IMMPlayer(  744): stTrickInfo->eSpeed:1
D/IMMPlayer(  744): Get ret:0
D/MediaPlayerService(  744): [15] notify (0x9d1b20, 4, 0, 0)
D/MediaPlayerService(  744): [15] notify (0x9d1b20, 200, 32774, 0)
D/MstarPlayer(  744): <<<<<<< seek done>>>>>>>>>
W/MediaPlayer( 4057): info/warning (32774, 0)
D/MediaControler( 4057): onSeekComplete
D/MediaPlayerService(  744): [15] notify (0x9d1b20, 3, 39, 0)
I/MediaPlayer.java( 4057): Info (32774,0)
I/VideoPlayer( 4057): 
                                               D/seekOnLoading( 4057): seekOnLoading timer is cancle!
D/dalvikvm( 1652): GC_CONCURRENT freed 822K, 63% free 2873K/7683K, paused 4ms+3ms
I//lib/ld-linux.so.3(  748): 1. Mode: 0, Speed: 1.
I//lib/ld-linux.so.3(  748): SetTrickMode, Mode: 0, Speed: 1.
I//lib/ld-linux.so.3(  748): Send to Co-processor: eMode: 0, eSpeed: 1.
E/fbdev   ( 1029): Attention! GFLIP time out, force update gop ring buffer!
E/fbdev   ( 1029): Attention! GFLIP time out, force update gop ring buffer!
E/fbdev   ( 1029): Attention! GFLIP time out, force update gop ring buffer!
E/fbdev   ( 1029): Attention! GFLIP time out, force update gop ring buffer!
E/fbdev   ( 1029): Attention! GFLIP time out, force update gop ring buffer!
E/fbdev   ( 1029): Attention! GFLIP time out, force update gop ring buffer!
E/fbdev   ( 1029): Attention! GFLIP time out, force update gop ring buffer!
E/fbdev   ( 1029): Attention! GFLIP time out, force update gop ring buffer!
E/fbdev   ( 1029): Attention! GFLIP time out, force update gop ring buffer!
E/fbdev   ( 1029): Attention! GFLIP time out, force update gop ring buffer!
E/fbdev   ( 1029): Attention! GFLIP time out, force update gop ring buffer!
D/dalvikvm( 1652): GC_CONCURRENT freed 800K, 64% free 2777K/7683K, paused 3ms+7ms
E/fbdev   ( 1029): Attention! GFLIP time out, force update gop ring buffer!
E/fbdev   ( 1029): Attention! GFLIP time out, force update gop ring buffer!
E/fbdev   ( 1029): Attention! GFLIP time out, force update gop ring buffer!
E/fbdev   ( 1029): Attention! GFLIP time out, force update gop ring buffer!
E/fbdev   ( 1029): Attention! GFLIP time out, force update gop ring buffer!
D/dalvikvm( 1652): GC_CONCURRENT freed 661K, 64% free 2820K/7683K, paused 5ms+4ms
D/MstarPlayer(  744): Get Others event : 22
I//lib/ld-linux.so.3(  748): STC Updated by Video: (1133432->1589360)
D/dalvikvm( 1652): GC_CONCURRENT freed 746K, 64% free 2788K/7683K, paused 4ms+4ms
D/Downloader(  744): Downloadserver bandWidth:9300534
D/Downloader(  744): Downloadserver bandWidth:9300534
D/Downloader(  744): Downloadserver bandWidth:9300534
D/Downloader(  744): Downloadserver bandWidth:9300534
D/dalvikvm( 1652): GC_CONCURRENT freed 708K, 64% free 2787K/7683K, paused 4ms+3ms
I//lib/ld-linux.so.3(  748): FrmCnt:3001(0,0,0) Rate:2088933 Sys:1636228 STC:1589925 VPTS:1589360 APTS:0 Delay:-525(40) V:13 A:11 VES:0x75610 AES:0x57d0 PCM:0xc700 AudioErr:0x0
D/DataSource_M3U8(  744): u32HLSSreamNum[0]===>u32BandWidth:1433000 
D/DataSource_M3U8(  744): getHLSPlayListInex  DownloadBandWidth:9300534   uInDex=0
D/DataSource_M3U8(  744): [M3U8] checkShouldStartNext :[133](2219340/2219340)   sequence:0  start next:134  
D/DataSource_M3U8(  744): 
D/DataSource_M3U8(  744): 
D/DataSource_M3U8(  744): 
D/DataSource_M3U8(  744): [M3U8]-7----->This :0x5fd70 --> post cmd for start next url:http://cibn-iss1.longvisionmedia.com:8088/vod/CIBN2013_CIBN2013040701173526_1433/167.ts, knowedFileSize:0, mCurDowningIndex:133
D/DataSource_M3U8(  744): 
D/DataSource_M3U8(  744): 
D/Downloader(  744): [downloadThread]Downloader::removeTask  
D/Downloader(  744): [downloadThread]StartTask:url :http://cibn-iss1.longvisionmedia.com:8088/vod/CIBN2013_CIBN2013040701173526_1433/167.ts
D/Downloader(  744): [downloadThread]task have range string:0- 
D/MediaPlayerService(  744): [15] notify (0x9d1b20, 3, 40, 0)
I//lib/ld-linux.so.3(  748): Audio Sync STC mode.(TS) 
I//lib/ld-linux.so.3(  748): Clr Sync STC
D/dalvikvm( 1652): GC_CONCURRENT freed 707K, 64% free 2787K/7683K, paused 3ms+3ms
D/Downloader(  744): header_callback : -->HTTP/1.0 206 Partial Content
D/Downloader(  744): 
D/Downloader(  744): header_callback : -->Server: nginx/1.2.2
D/Downloader(  744): 
D/Downloader(  744): header_callback : -->Date: Mon, 20 May 2013 13:19:43 GMT
D/Downloader(  744): 
D/Downloader(  744): header_callback : -->Content-Type: application/octet-stream
D/Downloader(  744): 
D/Downloader(  744): header_callback : -->Powered-By-ChinaCache: MISS from CHN-BI-3-3n4
D/Downloader(  744): 
D/Downloader(  744): header_callback : -->Content-Range: bytes 0-539371/539372
D/Downloader(  744): 
D/Downloader(  744): header_callback : -->Content-Length: 539372
D/Downloader(  744): 
D/Downloader(  744): header_callback : -->Powered-By-ChinaCache: MISS from CHN-DG-4-35F
D/Downloader(  744): 
D/Downloader(  744): header_callback : -->Connection: keep-alive
D/Downloader(  744): 
D/Downloader(  744): header_callback : -->
D/Downloader(  744): 
D/dalvikvm( 1652): GC_CONCURRENT freed 707K, 64% free 2786K/7683K, paused 3ms+3ms
D/dalvikvm( 1652): GC_CONCURRENT freed 716K, 64% free 2774K/7683K, paused 2ms+3ms
D/DataSource_M3U8(  744): 
D/DataSource_M3U8(  744):  Warnig::  getValidBufferLength()  <  Codec require !!!
E/fbdev   ( 1029): Attention! GFLIP time out, force update gop ring buffer!
D/dalvikvm( 1652): GC_CONCURRENT freed 666K, 64% free 2814K/7683K, paused 3ms+3ms
D/Downloader(  744): Downloadserver bandWidth:3104299
D/Downloader(  744): Downloadserver bandWidth:3104299
D/Downloader(  744): Downloadserver bandWidth:3104299
D/Downloader(  744): Downloadserver bandWidth:3104299
I//lib/ld-linux.so.3(  748): FrmCnt:3052(0,4,11) Rate:33 Sys:1637740 STC:1591437 VPTS:1591400 APTS:1591422 Delay:4(40) V:0 A:26 VES:0x184e30 AES:0x7ff0 PCM:0x4ba80 AudioErr:0x0
D/DataSource_M3U8(  744): u32HLSSreamNum[0]===>u32BandWidth:1433000 
D/DataSource_M3U8(  744): getHLSPlayListInex  DownloadBandWidth:3104299   uInDex=0
D/DataSource_M3U8(  744): [M3U8] checkShouldStartNext :[134](539372/539372)   sequence:0  start next:135  
D/DataSource_M3U8(  744): 
D/DataSource_M3U8(  744): 
D/DataSource_M3U8(  744): 
D/DataSource_M3U8(  744): [M3U8]-7----->This :0x5fd70 --> post cmd for start next url:http://cibn-iss1.longvisionmedia.com:8088/vod/CIBN2013_CIBN2013040701173526_1433/168.ts, knowedFileSize:0, mCurDowningIndex:134
D/DataSource_M3U8(  744): 
D/DataSource_M3U8(  744): 
D/Downloader(  744): [downloadThread]Downloader::removeTask  
D/Downloader(  744): [downloadThread]StartTask:url :http://cibn-iss1.longvisionmedia.com:8088/vod/CIBN2013_CIBN2013040701173526_1433/168.ts
D/Downloader(  744): [downloadThread]task have range string:0- 
D/dalvikvm( 1652): GC_CONCURRENT freed 734K, 64% free 2781K/7683K, paused 3ms+2ms
D/Downloader(  744): header_callback : -->HTTP/1.0 206 Partial Content
D/Downloader(  744): 
D/Downloader(  744): header_callback : -->Server: nginx/1.2.2
D/Downloader(  744): 
D/Downloader(  744): header_callback : -->Date: Mon, 20 May 2013 13:19:44 GMT
D/Downloader(  744): 
D/Downloader(  744): header_callback : -->Content-Type: application/octet-stream
D/Downloader(  744): 
D/Downloader(  744): header_callback : -->Powered-By-ChinaCache: MISS from CHN-NT-3-3FC
D/Downloader(  744): 
D/Downloader(  744): header_callback : -->Content-Range: bytes 0-1644623/1644624
D/Downloader(  744): 
D/Downloader(  744): header_callback : -->Content-Length: 1644624
D/Downloader(  744): 
D/Downloader(  744): header_callback : -->Powered-By-ChinaCache: MISS from CHN-DG-4-35F
D/Downloader(  744): 
D/Downloader(  744): header_callback : -->Connection: keep-alive
D/Downloader(  744): 
D/Downloader(  744): header_callback : -->
D/Downloader(  744): 
D/dalvikvm( 1652): GC_CONCURRENT freed 700K, 64% free 2771K/7683K, paused 2ms+3ms
E/fbdev   ( 1029): Attention! GFLIP time out, force update gop ring buffer!
E/fbdev   ( 1029): Attention! GFLIP time out, force update gop ring buffer!
D/dalvikvm( 1652): GC_CONCURRENT freed 663K, 64% free 2813K/7683K, paused 5ms+2ms
E/fbdev   ( 1029): Attention! GFLIP time out, force update gop ring buffer!
E/fbdev   ( 1029): Attention! GFLIP time out, force update gop ring buffer!
D/DataSource_M3U8(  744): 
D/DataSource_M3U8(  744):  Warnig::  getValidBufferLength()  <  Codec require !!!
E/fbdev   ( 1029): Attention! GFLIP time out, force update gop ring buffer!
E/fbdev   ( 1029): Attention! GFLIP time out, force update gop ring buffer!
E/fbdev   ( 1029): Attention! GFLIP time out, force update gop ring buffer!
E/fbdev   ( 1029): Attention! GFLIP time out, force update gop ring buffer!
E/fbdev   ( 1029): Attention! GFLIP time out, force update gop ring buffer!
E/fbdev   ( 1029): Attention! GFLIP time out, force update gop ring buffer!
E/fbdev   ( 1029): Attention! GFLIP time out, force update gop ring buffer!
E/fbdev   ( 1029): Attention! GFLIP time out, force update gop ring buffer!
E/fbdev   ( 1029): Attention! GFLIP time out, force update gop ring buffer!
E/fbdev   ( 1029): Attention! GFLIP time out, force update gop ring buffer!
E/fbdev   ( 1029): Attention! GFLIP time out, force update gop ring buffer!
E/fbdev   ( 1029): Attention! GFLIP time out, force update gop ring buffer!
E/fbdev   ( 1029): Attention! GFLIP time out, force update gop ring buffer!
E/fbdev   ( 1029): Attention! GFLIP time out, force update gop ring buffer!
E/fbdev   ( 1029): Attention! GFLIP time out, force update gop ring buffer!
E/fbdev   ( 1029): Attention! GFLIP time out, force update gop ring buffer!
E/fbdev   ( 1029): Attention! GFLIP time out, force update gop ring buffer!
E/fbdev   ( 1029): Attention! GFLIP time out, force update gop ring buffer!
E/fbdev   ( 1029): Attention! GFLIP time out, force update gop ring buffer!
E/fbdev   ( 1029): Attention! GFLIP time out, force update gop ring buffer!
E/fbdev   ( 1029): Attention! GFLIP time out, force update gop ring buffer!
E/fbdev   ( 1029): Attention! GFLIP time out, force update gop ring buffer!
E/fbdev   ( 1029): Attention! GFLIP time out, force update gop ring buffer!
E/fbdev   ( 1029): Attention! GFLIP time out, force update gop ring buffer!
E/fbdev   ( 1029): Attention! GFLIP time out, force update gop ring buffer!
E/fbdev   ( 1029): Attention! GFLIP time out, force update gop ring buffer!
E/fbdev   ( 1029): Attention! GFLIP time out, force update gop ring buffer!
E/fbdev   ( 1029): Attention! GFLIP time out, force update gop ring buffer!
E/fbdev   ( 1029): Attention! GFLIP time out, force update gop ring buffer!
E/fbdev   ( 1029): Attention! GFLIP time out, force update gop ring buffer!
E/fbdev   ( 1029): Attention! GFLIP time out, force update gop ring buffer!
E/fbdev   ( 1029): Attention! GFLIP time out, force update gop ring buffer!
E/fbdev   ( 1029): Attention! GFLIP time out, force update gop ring buffer!
E/fbdev   ( 1029): Attention! GFLIP time out, force update gop ring buffer!
E/fbdev   ( 1029): Attention! GFLIP time out, force update gop ring buffer!
E/fbdev   ( 1029): Attention! GFLIP time out, force update gop ring buffer!
E/fbdev   ( 1029): Attention! GFLIP time out, force update gop ring buffer!
E/fbdev   ( 1029): Attention! GFLIP time out, force update gop ring buffer!
E/fbdev   ( 1029): Attention! GFLIP time out, force update gop ring buffer!
E/fbdev   ( 1029): Attention! GFLIP time out, force update gop ring buffer!
E/fbdev   ( 1029): Attention! GFLIP time out, force update gop ring buffer!
E/fbdev   ( 1029): Attention! GFLIP time out, force update gop ring buffer!
D/dalvikvm( 1652): GC_CONCURRENT freed 733K, 64% free 2787K/7683K, paused 4ms+3ms
E/fbdev   ( 1029): Attention! GFLIP time out, force update gop ring buffer!
E/fbdev   ( 1029): Attention! GFLIP time out, force update gop ring buffer!
E/fbdev   ( 1029): Attention! GFLIP time out, force update gop ring buffer!
E/fbdev   ( 1029): Attention! GFLIP time out, force update gop ring buffer!
E/fbdev   ( 1029): Attention! GFLIP time out, force update gop ring buffer!
E/fbdev   ( 1029): Attention! GFLIP time out, force update gop ring buffer!
E/fbdev   ( 1029): Attention! GFLIP time out, force update gop ring buffer!
E/fbdev   ( 1029): Attention! GFLIP time out, force update gop ring buffer!
D/dalvikvm( 1652): GC_CONCURRENT freed 704K, 64% free 2787K/7683K, paused 3ms+3ms
D/Downloader(  744): Downloadserver bandWidth:8932105
D/Downloader(  744): Downloadserver bandWidth:8932105
D/Downloader(  744): Downloadserver bandWidth:8932105
D/Downloader(  744): Downloadserver bandWidth:8932105
D/DataSource_M3U8(  744): u32HLSSreamNum[0]===>u32BandWidth:1433000 
D/DataSource_M3U8(  744): getHLSPlayListInex  DownloadBandWidth:8932105   uInDex=0
D/DataSource_M3U8(  744): [M3U8] checkShouldStartNext :[135](1644624/1644624)   sequence:0  start next:136  
D/DataSource_M3U8(  744): 
D/DataSource_M3U8(  744): 
D/DataSource_M3U8(  744): 
D/DataSource_M3U8(  744): [M3U8]-7----->This :0x5fd70 --> post cmd for start next url:http://cibn-iss1.longvisionmedia.com:8088/vod/CIBN2013_CIBN2013040701173526_1433/169.ts, knowedFileSize:0, mCurDowningIndex:135
D/DataSource_M3U8(  744): 
D/DataSource_M3U8(  744): 
D/Downloader(  744): [downloadThread]Downloader::removeTask  
D/Downloader(  744): [downloadThread]StartTask:url :http://cibn-iss1.longvisionmedia.com:8088/vod/CIBN2013_CIBN2013040701173526_1433/169.ts
D/Downloader(  744): [downloadThread]task have range string:0- 
I//lib/ld-linux.so.3(  748): FrmCnt:3090(0,4,11) Rate:25 Sys:1639260 STC:1592957 VPTS:1592920 APTS:1592940 Delay:3(40) V:0 A:59 VES:0x24df00 AES:0x8000 PCM:0x4b800 AudioErr:0x0
D/dalvikvm( 1652): GC_CONCURRENT freed 707K, 64% free 2787K/7683K, paused 2ms+3ms
E/fbdev   ( 1029): Attention! GFLIP time out, force update gop ring buffer!
D/Downloader(  744): header_callback : -->HTTP/1.0 206 Partial Content
D/Downloader(  744): 
D/Downloader(  744): header_callback : -->Server: nginx/1.2.2
D/Downloader(  744): 
D/Downloader(  744): header_callback : -->Date: Mon, 20 May 2013 13:19:46 GMT
D/Downloader(  744): 
D/Downloader(  744): header_callback : -->Content-Type: application/octet-stream
D/Downloader(  744): 
D/Downloader(  744): header_callback : -->Powered-By-ChinaCache: MISS from CHN-BI-3-3n4
D/Downloader(  744): 
D/Downloader(  744): header_callback : -->Content-Range: bytes 0-2369175/2369176
D/Downloader(  744): 
D/Downloader(  744): header_callback : -->Content-Length: 2369176
D/Downloader(  744): 
D/Downloader(  744): header_callback : -->Powered-By-ChinaCache: MISS from CHN-DG-4-35F
D/Downloader(  744): 
D/Downloader(  744): header_callback : -->Connection: keep-alive
D/Downloader(  744): 
D/Downloader(  744): header_callback : -->
D/Downloader(  744): 
D/dalvikvm( 1652): GC_CONCURRENT freed 704K, 64% free 2787K/7683K, paused 2ms+4ms
D/DataSource_M3U8(  744): 
D/DataSource_M3U8(  744):  Warnig::  getValidBufferLength()  <  Codec require !!!
D/dalvikvm( 1652): GC_CONCURRENT freed 706K, 64% free 2787K/7683K, paused 3ms+3ms
D/dalvikvm( 1652): GC_CONCURRENT freed 704K, 64% free 2787K/7683K, paused 2ms+4ms
D/dalvikvm( 1652): GC_CONCURRENT freed 707K, 64% free 2787K/7683K, paused 2ms+2ms
I//lib/ld-linux.so.3(  748): FrmCnt:3129(0,4,11) Rate:25 Sys:1640800 STC:1594497 VPTS:1594480 APTS:1594483 Delay:23(40) V:0 A:70 VES:0x2a9070 AES:0x8000 PCM:0x4b380 AudioErr:0x0
D/DataSource_M3U8(  744): 
D/DataSource_M3U8(  744):  Warnig::  getValidBufferLength()  <  Codec require !!!
D/dalvikvm( 1652): GC_CONCURRENT freed 705K, 64% free 2787K/7683K, paused 2ms+2ms
D/dalvikvm( 1652): GC_CONCURRENT freed 705K, 64% free 2787K/7683K, paused 3ms+3ms
D/dalvikvm( 1652): GC_CONCURRENT freed 707K, 64% free 2787K/7683K, paused 2ms+3ms
D/dalvikvm( 1652): GC_CONCURRENT freed 705K, 64% free 2787K/7683K, paused 2ms+3ms
D/DataSource_M3U8(  744): 
D/DataSource_M3U8(  744):  Warnig::  getValidBufferLength()  <  Codec require !!!
D/dalvikvm( 1652): GC_CONCURRENT freed 705K, 64% free 2787K/7683K, paused 2ms+5ms
I//lib/ld-linux.so.3(  748): FrmCnt:3167(0,4,11) Rate:24 Sys:1642341 STC:1596037 VPTS:1596000 APTS:1596024 Delay:3(40) V:0 A:113 VES:0x39f1d0 AES:0x7f50 PCM:0x4ae80 AudioErr:0x0
D/dalvikvm( 1652): GC_CONCURRENT freed 707K, 64% free 2787K/7683K, paused 3ms+4ms
D/dalvikvm( 1652): GC_CONCURRENT freed 707K, 64% free 2787K/7683K, paused 4ms+3ms
D/Downloader(  744): Downloadserver bandWidth:5088163
D/Downloader(  744): Downloadserver bandWidth:5088163
D/Downloader(  744): Downloadserver bandWidth:5088163
D/Downloader(  744): Downloadserver bandWidth:5088163
D/dalvikvm( 1652): GC_CONCURRENT freed 705K, 64% free 2787K/7683K, paused 3ms+3ms
D/DataSource_M3U8(  744): u32HLSSreamNum[0]===>u32BandWidth:1433000 
D/DataSource_M3U8(  744): getHLSPlayListInex  DownloadBandWidth:5088163   uInDex=0
D/DataSource_M3U8(  744): [M3U8] checkShouldStartNext :[136](2369176/2369176)   sequence:0  start next:137  
D/DataSource_M3U8(  744): 
D/DataSource_M3U8(  744): 
D/DataSource_M3U8(  744): 
D/DataSource_M3U8(  744): [M3U8]-7----->This :0x5fd70 --> post cmd for start next url:http://cibn-iss1.longvisionmedia.com:8088/vod/CIBN2013_CIBN2013040701173526_1433/170.ts, knowedFileSize:0, mCurDowningIndex:136
D/DataSource_M3U8(  744): 
D/DataSource_M3U8(  744): 
D/Downloader(  744): [downloadThread]Downloader::removeTask  
D/Downloader(  744): [downloadThread]StartTask:url :http://cibn-iss1.longvisionmedia.com:8088/vod/CIBN2013_CIBN2013040701173526_1433/170.ts
D/Downloader(  744): [downloadThread]task have range string:0- 
D/dalvikvm( 1652): GC_CONCURRENT freed 704K, 64% free 2787K/7683K, paused 2ms+2ms
D/Downloader(  744): header_callback : -->HTTP/1.0 206 Partial Content
D/Downloader(  744): 
D/Downloader(  744): header_callback : -->Server: nginx/1.2.2
D/Downloader(  744): 
D/Downloader(  744): header_callback : -->Date: Mon, 20 May 2013 13:19:49 GMT
D/Downloader(  744): 
D/Downloader(  744): header_callback : -->Content-Type: application/octet-stream
D/Downloader(  744): 
D/Downloader(  744): header_callback : -->Powered-By-ChinaCache: MISS from CHN-BI-3-3n4
D/Downloader(  744): 
D/Downloader(  744): header_callback : -->Content-Range: bytes 0-363403/363404
D/Downloader(  744): 
D/Downloader(  744): header_callback : -->Content-Length: 363404
D/Downloader(  744): 
D/Downloader(  744): header_callback : -->Powered-By-ChinaCache: MISS from CHN-DG-4-35F
D/Downloader(  744): 
D/Downloader(  744): header_callback : -->Connection: keep-alive
D/Downloader(  744): 
D/Downloader(  744): header_callback : -->
D/Downloader(  744): 
D/dalvikvm( 1652): GC_CONCURRENT freed 706K, 64% free 2787K/7683K, paused 3ms+2ms
I//lib/ld-linux.so.3(  748): FrmCnt:3206(0,4,11) Rate:25 Sys:1643880 STC:1597577 VPTS:1597560 APTS:1597566 Delay:23(40) V:1 A:130 VES:0x40a210 AES:0x8000 PCM:0x4ba00 AudioErr:0x0
D/dalvikvm( 1652): GC_CONCURRENT freed 705K, 64% free 2781K/7683K, paused 3ms+4ms
D/dalvikvm( 1652): GC_CONCURRENT freed 676K, 64% free 2814K/7683K, paused 2ms+4ms
D/Downloader(  744): Downloadserver bandWidth:2112813
D/Downloader(  744): Downloadserver bandWidth:2112813
D/Downloader(  744): Downloadserver bandWidth:2111279
D/Downloader(  744): Downloadserver bandWidth:2111279
D/dalvikvm( 1652): GC_CONCURRENT freed 734K, 64% free 2787K/7683K, paused 4ms+2ms
D/DataSource_M3U8(  744): u32HLSSreamNum[0]===>u32BandWidth:1433000 
D/DataSource_M3U8(  744): getHLSPlayListInex  DownloadBandWidth:2111279   uInDex=0
D/DataSource_M3U8(  744): [M3U8] checkShouldStartNext :[137](363404/363404)   sequence:0  start next:138  
D/DataSource_M3U8(  744): 
D/DataSource_M3U8(  744): 
D/DataSource_M3U8(  744): 
D/DataSource_M3U8(  744): [M3U8]-7----->This :0x5fd70 --> post cmd for start next url:http://cibn-iss1.longvisionmedia.com:8088/vod/CIBN2013_CIBN2013040701173526_1433/171.ts, knowedFileSize:0, mCurDowningIndex:137
D/DataSource_M3U8(  744): 
D/DataSource_M3U8(  744): 
D/Downloader(  744): [downloadThread]Downloader::removeTask  
D/Downloader(  744): [downloadThread]StartTask:url :http://cibn-iss1.longvisionmedia.com:8088/vod/CIBN2013_CIBN2013040701173526_1433/171.ts
D/Downloader(  744): [downloadThread]task have range string:0- 
D/dhcpcd  ( 2694): sending DHCP_DISCOVER with xid 0x520b044b, next in 64.30 seconds
D/MediaPlayerService(  744): [15] notify (0x9d1b20, 3, 41, 0)
D/dalvikvm( 1652): GC_CONCURRENT freed 705K, 64% free 2787K/7683K, paused 3ms+3ms
D/Downloader(  744): header_callback : -->HTTP/1.0 206 Partial Content
D/Downloader(  744): 
D/Downloader(  744): header_callback : -->Server: nginx/1.2.2
D/Downloader(  744): 
D/Downloader(  744): header_callback : -->Date: Mon, 20 May 2013 13:19:51 GMT
D/Downloader(  744): 
D/Downloader(  744): header_callback : -->Content-Type: application/octet-stream
D/Downloader(  744): 
D/Downloader(  744): header_callback : -->Powered-By-ChinaCache: MISS from CHN-NT-3-3FC
D/Downloader(  744): 
D/Downloader(  744): header_callback : -->Content-Range: bytes 0-1666807/1666808
D/Downloader(  744): 
D/Downloader(  744): header_callback : -->Content-Length: 1666808
D/Downloader(  744): 
D/Downloader(  744): header_callback : -->Powered-By-ChinaCache: MISS from CHN-DG-4-35F
D/Downloader(  744): 
D/Downloader(  744): header_callback : -->Connection: keep-alive
D/Downloader(  744): 
D/Downloader(  744): header_callback : -->
D/Downloader(  744): 
D/dalvikvm( 1652): GC_CONCURRENT freed 705K, 65% free 2755K/7683K, paused 4ms+4ms
I//lib/ld-linux.so.3(  748): FrmCnt:3244(0,4,11) Rate:24 Sys:1645418 STC:1599115 VPTS:1599080 APTS:1599101 Delay:5(40) V:0 A:130 VES:0x3fccc0 AES:0x8020 PCM:0x4bb80 AudioErr:0x0
D/dalvikvm( 1652): GC_CONCURRENT freed 666K, 64% free 2827K/7683K, paused 3ms+4ms
D/dalvikvm( 1652): GC_CONCURRENT freed 760K, 63% free 2856K/7683K, paused 3ms+3ms
D/HomePlayerLib( 1652): hostaddress count is 1
D/dalvikvm( 1652): GC_CONCURRENT freed 801K, 63% free 2863K/7683K, paused 2ms+3ms
D/dalvikvm( 1652): GC_CONCURRENT freed 796K, 64% free 2773K/7683K, paused 3ms+3ms
D/Downloader(  744): Downloadserver bandWidth:8292577
D/Downloader(  744): Downloadserver bandWidth:8292577
D/Downloader(  744): Downloadserver bandWidth:8287423
D/Downloader(  744): Downloadserver bandWidth:8287423
D/dalvikvm( 1652): GC_CONCURRENT freed 689K, 63% free 2869K/7683K, paused 5ms+3ms
D/dalvikvm( 1652): GC_CONCURRENT freed 800K, 64% free 2771K/7683K, paused 2ms+3ms
D/DataSource_M3U8(  744): u32HLSSreamNum[0]===>u32BandWidth:1433000 
D/DataSource_M3U8(  744): getHLSPlayListInex  DownloadBandWidth:8287423   uInDex=0
D/DataSource_M3U8(  744): [M3U8] checkShouldStartNext :[138](1666808/1666808)   sequence:0  start next:139  
D/DataSource_M3U8(  744): 
D/DataSource_M3U8(  744): 
D/DataSource_M3U8(  744): 
D/DataSource_M3U8(  744): [M3U8]-7----->This :0x5fd70 --> post cmd for start next url:http://cibn-iss1.longvisionmedia.com:8088/vod/CIBN2013_CIBN2013040701173526_1433/172.ts, knowedFileSize:0, mCurDowningIndex:138
D/DataSource_M3U8(  744): 
D/DataSource_M3U8(  744): 
D/Downloader(  744): [downloadThread]Downloader::removeTask  
D/Downloader(  744): [downloadThread]StartTask:url :http://cibn-iss1.longvisionmedia.com:8088/vod/CIBN2013_CIBN2013040701173526_1433/172.ts
D/Downloader(  744): [downloadThread]task have range string:0- 
D/dalvikvm( 1652): GC_CONCURRENT freed 677K, 63% free 2851K/7683K, paused 3ms+2ms
I//lib/ld-linux.so.3(  748): FrmCnt:3282(0,4,11) Rate:25 Sys:1646922 STC:1600618 VPTS:1600600 APTS:1600602 Delay:22(40) V:0 A:130 VES:0x40b3d0 AES:0x8000 PCM:0x4b500 AudioErr:0x0
D/Downloader(  744): header_callback : -->HTTP/1.0 206 Partial Content
D/Downloader(  744): 
D/Downloader(  744): header_callback : -->Server: nginx/1.2.2
D/Downloader(  744): 
D/Downloader(  744): header_callback : -->Date: Mon, 20 May 2013 13:19:53 GMT
D/Downloader(  744): 
D/Downloader(  744): header_callback : -->Content-Type: application/octet-stream
D/Downloader(  744): 
D/Downloader(  744): header_callback : -->Powered-By-ChinaCache: MISS from CHN-NT-3-3FC
D/Downloader(  744): 
D/Downloader(  744): header_callback : -->Content-Range: bytes 0-1136459/1136460
D/Downloader(  744): 
D/Downloader(  744): header_callback : -->Content-Length: 1136460
D/Downloader(  744): 
D/Downloader(  744): header_callback : -->Powered-By-ChinaCache: MISS from CHN-DG-4-35F
D/Downloader(  744): 
D/Downloader(  744): header_callback : -->Connection: keep-alive
D/Downloader(  744): 
D/Downloader(  744): header_callback : -->
D/Downloader(  744): 
D/dalvikvm( 1652): GC_CONCURRENT freed 786K, 64% free 2774K/7683K, paused 6ms+4ms
D/dalvikvm( 1652): GC_CONCURRENT freed 666K, 64% free 2769K/7683K, paused 3ms+3ms
D/Downloader(  744): Downloadserver bandWidth:8560903
D/Downloader(  744): Downloadserver bandWidth:8560903
D/Downloader(  744): Downloadserver bandWidth:8560903
D/Downloader(  744): Downloadserver bandWidth:8560903
D/dalvikvm( 1652): GC_CONCURRENT freed 662K, 64% free 2769K/7683K, paused 3ms+3ms
D/dalvikvm( 1652): GC_CONCURRENT freed 666K, 64% free 2768K/7683K, paused 3ms+3ms
D/DataSource_M3U8(  744): u32HLSSreamNum[0]===>u32BandWidth:1433000 
D/DataSource_M3U8(  744): getHLSPlayListInex  DownloadBandWidth:8560903   uInDex=0
D/DataSource_M3U8(  744): [M3U8] checkShouldStartNext :[139](1136460/1136460)   sequence:0  start next:140  
D/DataSource_M3U8(  744): 
D/DataSource_M3U8(  744): 
D/DataSource_M3U8(  744): 
D/DataSource_M3U8(  744): [M3U8]-7----->This :0x5fd70 --> post cmd for start next url:http://cibn-iss1.longvisionmedia.com:8088/vod/CIBN2013_CIBN2013040701173526_1433/173.ts, knowedFileSize:0, mCurDowningIndex:139
D/DataSource_M3U8(  744): 
D/DataSource_M3U8(  744): 
D/Downloader(  744): [downloadThread]Downloader::removeTask  
D/Downloader(  744): [downloadThread]StartTask:url :http://cibn-iss1.longvisionmedia.com:8088/vod/CIBN2013_CIBN2013040701173526_1433/173.ts
D/Downloader(  744): [downloadThread]task have range string:0- 
I//lib/ld-linux.so.3(  748): FrmCnt:3320(0,4,11) Rate:24 Sys:1648460 STC:1602157 VPTS:1602120 APTS:1602145 Delay:3(40) V:1 A:130 VES:0x3ef590 AES:0x8000 PCM:0x4b080 AudioErr:0x0
D/dalvikvm( 1652): GC_CONCURRENT freed 680K, 63% free 2874K/7683K, paused 2ms+2ms
D/Downloader(  744): header_callback : -->HTTP/1.0 206 Partial Content
D/Downloader(  744): 
D/Downloader(  744): header_callback : -->Server: nginx/1.2.2
D/Downloader(  744): 
D/Downloader(  744): header_callback : -->Date: Mon, 20 May 2013 13:19:55 GMT
D/Downloader(  744): 
D/Downloader(  744): header_callback : -->Content-Type: application/octet-stream
D/Downloader(  744): 
D/Downloader(  744): header_callback : -->Powered-By-ChinaCache: MISS from CHN-BI-3-3n4
D/Downloader(  744): 
D/Downloader(  744): header_callback : -->Content-Range: bytes 0-2220467/2220468
D/Downloader(  744): 
D/Downloader(  744): header_callback : -->Content-Length: 2220468
D/Downloader(  744): 
D/Downloader(  744): header_callback : -->Powered-By-ChinaCache: MISS from CHN-DG-4-35F
D/Downloader(  744): 
D/Downloader(  744): header_callback : -->Connection: keep-alive
D/Downloader(  744): 
D/Downloader(  744): header_callback : -->
D/Downloader(  744): 
D/dalvikvm( 1652): GC_CONCURRENT freed 810K, 64% free 2815K/7683K, paused 2ms+3ms
D/dalvikvm( 1652): GC_CONCURRENT freed 734K, 64% free 2786K/7683K, paused 3ms+3ms
D/dalvikvm( 1652): GC_CONCURRENT freed 705K, 64% free 2787K/7683K, paused 4ms+3ms
D/dalvikvm( 1652): GC_CONCURRENT freed 707K, 64% free 2781K/7683K, paused 3ms+4ms
I//lib/ld-linux.so.3(  748): FrmCnt:3359(0,4,11) Rate:25 Sys:1650000 STC:1603697 VPTS:1603680 APTS:1603687 Delay:23(40) V:0 A:130 VES:0x3e67f0 AES:0x8020 PCM:0x4bc00 AudioErr:0x0
E/dhcpcd  ( 2694): timed out
D/dhcpcd  ( 2694): executing `/system/etc/dhcpcd/dhcpcd-run-hooks', reason FAIL
D/dhcpcd  ( 2694): broadcasting for a lease
D/dhcpcd  ( 2694): sending DHCP_DISCOVER with xid 0x686447ee, next in 4.74 seconds
D/dalvikvm( 1652): GC_CONCURRENT freed 679K, 64% free 2814K/7683K, paused 4ms+4ms
D/dalvikvm( 1652): GC_CONCURRENT freed 734K, 64% free 2781K/7683K, paused 3ms+3ms
D/dalvikvm( 1652): GC_CONCURRENT freed 676K, 64% free 2814K/7683K, paused 2ms+3ms
D/dalvikvm( 1652): GC_CONCURRENT freed 734K, 64% free 2781K/7683K, paused 5ms+3ms
D/dalvikvm( 1652): GC_CONCURRENT freed 678K, 64% free 2814K/7683K, paused 2ms+4ms
I//lib/ld-linux.so.3(  748): FrmCnt:3397(0,4,11) Rate:24 Sys:1651539 STC:1605235 VPTS:1605200 APTS:1605220 Delay:5(40) V:0 A:129 VES:0x3f9c80 AES:0x8000 PCM:0x4bd00 AudioErr:0x0
D/dalvikvm( 1652): GC_CONCURRENT freed 732K, 64% free 2787K/7683K, paused 3ms+5ms
D/dalvikvm( 1652): GC_CONCURRENT freed 706K, 64% free 2787K/7683K, paused 2ms+3ms
D/dalvikvm( 1652): GC_CONCURRENT freed 707K, 64% free 2787K/7683K, paused 2ms+2ms
D/Downloader(  744): Downloadserver bandWidth:4098694
D/Downloader(  744): Downloadserver bandWidth:4098694
D/Downloader(  744): Downloadserver bandWidth:4098694
D/Downloader(  744): Downloadserver bandWidth:4098694
D/dalvikvm( 1652): GC_CONCURRENT freed 707K, 64% free 2787K/7683K, paused 2ms+3ms
D/DataSource_M3U8(  744): u32HLSSreamNum[0]===>u32BandWidth:1433000 
D/DataSource_M3U8(  744): getHLSPlayListInex  DownloadBandWidth:4098694   uInDex=0
D/DataSource_M3U8(  744): [M3U8] checkShouldStartNext :[140](2220468/2220468)   sequence:0  start next:141  
D/DataSource_M3U8(  744): 
D/DataSource_M3U8(  744): 
D/DataSource_M3U8(  744): 
D/DataSource_M3U8(  744): [M3U8]-7----->This :0x5fd70 --> post cmd for start next url:http://cibn-iss1.longvisionmedia.com:8088/vod/CIBN2013_CIBN2013040701173526_1433/174.ts, knowedFileSize:0, mCurDowningIndex:140
D/DataSource_M3U8(  744): 
D/DataSource_M3U8(  744): 
D/Downloader(  744): [downloadThread]Downloader::removeTask  
D/Downloader(  744): [downloadThread]StartTask:url :http://cibn-iss1.longvisionmedia.com:8088/vod/CIBN2013_CIBN2013040701173526_1433/174.ts
D/Downloader(  744): [downloadThread]task have range string:0- 
D/MediaPlayerService(  744): [15] notify (0x9d1b20, 3, 42, 0)
D/dalvikvm( 1652): GC_CONCURRENT freed 702K, 64% free 2786K/7683K, paused 2ms+2ms
D/Downloader(  744): header_callback : -->HTTP/1.0 206 Partial Content
D/Downloader(  744): 
D/Downloader(  744): header_callback : -->Server: nginx/1.2.2
D/Downloader(  744): 
D/Downloader(  744): header_callback : -->Date: Mon, 20 May 2013 13:19:59 GMT
D/Downloader(  744): 
D/Downloader(  744): header_callback : -->Content-Type: application/octet-stream
D/Downloader(  744): 
D/Downloader(  744): header_callback : -->Powered-By-ChinaCache: MISS from CHN-NT-3-3FC
D/Downloader(  744): 
D/Downloader(  744): header_callback : -->Content-Range: bytes 0-1486327/1486328
D/Downloader(  744): 
D/Downloader(  744): header_callback : -->Content-Length: 1486328
D/Downloader(  744): 
D/Downloader(  744): header_callback : -->Powered-By-ChinaCache: MISS from CHN-DG-4-35F
D/Downloader(  744): 
D/Downloader(  744): header_callback : -->Connection: keep-alive
D/Downloader(  744): 
D/Downloader(  744): header_callback : -->
D/Downloader(  744): 
I//lib/ld-linux.so.3(  748): FrmCnt:3436(0,4,11) Rate:25 Sys:1653078 STC:1606775 VPTS:1606760 APTS:1606763 Delay:25(40) V:0 A:130 VES:0x400750 AES:0x8020 PCM:0x4b880 AudioErr:0x0
D/dalvikvm( 1652): GC_CONCURRENT freed 705K, 64% free 2787K/7683K, paused 2ms+4ms
D/dalvikvm( 1652): GC_CONCURRENT freed 705K, 64% free 2787K/7683K, paused 3ms+3ms
D/dalvikvm( 1652): GC_CONCURRENT freed 704K, 64% free 2787K/7683K, paused 2ms+3ms
D/Downloader(  744): Downloadserver bandWidth:8072385
D/Downloader(  744): Downloadserver bandWidth:8072385
D/Downloader(  744): Downloadserver bandWidth:8072385
D/Downloader(  744): Downloadserver bandWidth:8072385
D/dalvikvm( 1652): GC_CONCURRENT freed 706K, 64% free 2787K/7683K, paused 3ms+3ms
D/DataSource_M3U8(  744): u32HLSSreamNum[0]===>u32BandWidth:1433000 
D/DataSource_M3U8(  744): getHLSPlayListInex  DownloadBandWidth:8072385   uInDex=0
D/DataSource_M3U8(  744): [M3U8] checkShouldStartNext :[141](1486328/1486328)   sequence:0  start next:142  
D/DataSource_M3U8(  744): 
D/DataSource_M3U8(  744): 
D/DataSource_M3U8(  744): 
D/DataSource_M3U8(  744): [M3U8]-7----->This :0x5fd70 --> post cmd for start next url:http://cibn-iss1.longvisionmedia.com:8088/vod/CIBN2013_CIBN2013040701173526_1433/176.ts, knowedFileSize:0, mCurDowningIndex:141
D/DataSource_M3U8(  744): 
D/DataSource_M3U8(  744): 
D/Downloader(  744): [downloadThread]Downloader::removeTask  
D/Downloader(  744): [downloadThread]StartTask:url :http://cibn-iss1.longvisionmedia.com:8088/vod/CIBN2013_CIBN2013040701173526_1433/176.ts
D/Downloader(  744): [downloadThread]task have range string:0- 
I//lib/ld-linux.so.3(  748): FrmCnt:3474(0,4,11) Rate:24 Sys:1654615 STC:1608311 VPTS:1608280 APTS:1608298 Delay:9(40) V:0 A:130 VES:0x40b360 AES:0x8010 PCM:0x4ba00 AudioErr:0x0
D/dalvikvm( 1652): GC_CONCURRENT freed 704K, 64% free 2787K/7683K, paused 2ms+2ms
D/Downloader(  744): header_callback : -->HTTP/1.0 206 Partial Content
D/Downloader(  744): 
D/Downloader(  744): header_callback : -->Server: nginx/1.2.2
D/Downloader(  744): 
D/Downloader(  744): header_callback : -->Date: Mon, 20 May 2013 13:20:01 GMT
D/Downloader(  744): 
D/Downloader(  744): header_callback : -->Content-Type: application/octet-stream
D/Downloader(  744): 
D/Downloader(  744): header_callback : -->Powered-By-ChinaCache: MISS from CHN-NT-3-3FC
D/Downloader(  744): 
D/Downloader(  744): header_callback : -->Content-Range: bytes 0-1783555/1783556
D/Downloader(  744): 
D/Downloader(  744): header_callback : -->Content-Length: 1783556
D/Downloader(  744): 
D/Downloader(  744): header_callback : -->Powered-By-ChinaCache: MISS from CHN-DG-4-35F
D/Downloader(  744): 
D/Downloader(  744): header_callback : -->Connection: keep-alive
D/Downloader(  744): 
D/Downloader(  744): header_callback : -->
D/Downloader(  744): 
D/dhcpcd  ( 2694): sending DHCP_DISCOVER with xid 0x686447ee, next in 7.29 seconds
D/dalvikvm( 1652): GC_CONCURRENT freed 706K, 64% free 2781K/7683K, paused 3ms+4ms
D/dalvikvm( 1652): GC_CONCURRENT freed 679K, 64% free 2814K/7683K, paused 3ms+3ms
D/dalvikvm( 1652): GC_CONCURRENT freed 744K, 64% free 2773K/7683K, paused 3ms+4ms
D/dalvikvm( 1652): GC_CONCURRENT freed 666K, 64% free 2814K/7683K, paused 2ms+4ms
D/Downloader(  744): Downloadserver bandWidth:8600631
D/Downloader(  744): Downloadserver bandWidth:8600631
D/Downloader(  744): Downloadserver bandWidth:8600631
D/Downloader(  744): Downloadserver bandWidth:8600631
I//lib/ld-linux.so.3(  748): FrmCnt:3512(0,4,11) Rate:25 Sys:1656122 STC:1609819 VPTS:1609800 APTS:1609806 Delay:21(40) V:0 A:129 VES:0x3fecf0 AES:0x8010 PCM:0x4bd80 AudioErr:0x0
D/dalvikvm( 1652): GC_CONCURRENT freed 743K, 64% free 2774K/7683K, paused 3ms+3ms
D/DataSource_M3U8(  744): u32HLSSreamNum[0]===>u32BandWidth:1433000 
D/DataSource_M3U8(  744): getHLSPlayListInex  DownloadBandWidth:8600631   uInDex=0
D/DataSource_M3U8(  744): [M3U8] checkShouldStartNext :[142](1783556/1783556)   sequence:0  start next:143  
D/DataSource_M3U8(  744): 
D/DataSource_M3U8(  744): 
D/DataSource_M3U8(  744): 
D/DataSource_M3U8(  744): [M3U8]-7----->This :0x5fd70 --> post cmd for start next url:http://cibn-iss1.longvisionmedia.com:8088/vod/CIBN2013_CIBN2013040701173526_1433/177.ts, knowedFileSize:0, mCurDowningIndex:142
D/DataSource_M3U8(  744): 
D/DataSource_M3U8(  744): 
D/Downloader(  744): [downloadThread]Downloader::removeTask  
D/Downloader(  744): [downloadThread]StartTask:url :http://cibn-iss1.longvisionmedia.com:8088/vod/CIBN2013_CIBN2013040701173526_1433/177.ts
D/Downloader(  744): [downloadThread]task have range string:0- 
D/dalvikvm( 1652): GC_CONCURRENT freed 667K, 64% free 2814K/7683K, paused 2ms+2ms
D/HomePlayerLib( 1652): hostaddress count is 1
D/dalvikvm( 1652): GC_CONCURRENT freed 744K, 63% free 2864K/7683K, paused 2ms+3ms
D/Downloader(  744): header_callback : -->HTTP/1.0 206 Partial Content
D/Downloader(  744): 
D/Downloader(  744): header_callback : -->Server: nginx/1.2.2
D/Downloader(  744): 
D/Downloader(  744): header_callback : -->Date: Mon, 20 May 2013 13:20:03 GMT
D/Downloader(  744): 
D/Downloader(  744): header_callback : -->Content-Type: application/octet-stream
D/Downloader(  744): 
D/Downloader(  744): header_callback : -->Powered-By-ChinaCache: MISS from CHN-BI-3-3n4
D/Downloader(  744): 
D/Downloader(  744): header_callback : -->Content-Range: bytes 0-1491027/1491028
D/Downloader(  744): 
D/Downloader(  744): header_callback : -->Content-Length: 1491028
D/Downloader(  744): 
D/Downloader(  744): header_callback : -->Powered-By-ChinaCache: MISS from CHN-DG-4-35F
D/Downloader(  744): 
D/Downloader(  744): header_callback : -->Connection: keep-alive
D/Downloader(  744): 
D/Downloader(  744): header_callback : -->
D/Downloader(  744): 
D/dalvikvm( 1652): GC_CONCURRENT freed 804K, 63% free 2899K/7683K, paused 3ms+4ms
D/dalvikvm( 1652): GC_CONCURRENT freed 836K, 63% free 2861K/7683K, paused 2ms+3ms
D/dalvikvm( 1652): GC_CONCURRENT freed 786K, 64% free 2777K/7683K, paused 5ms+2ms
D/dalvikvm( 1652): GC_CONCURRENT freed 691K, 64% free 2790K/7683K, paused 5ms+4ms
I//lib/ld-linux.so.3(  748): FrmCnt:3551(0,4,11) Rate:25 Sys:1657666 STC:1611362 VPTS:1611360 APTS:1611350 Delay:38(40) V:0 A:129 VES:0x3fb240 AES:0x8000 PCM:0x4b900 AudioErr:0x0
D/dalvikvm( 1652): GC_CONCURRENT freed 691K, 64% free 2816K/7683K, paused 3ms+3ms
D/dalvikvm( 1652): GC_CONCURRENT freed 731K, 64% free 2780K/7683K, paused 3ms+2ms
D/dalvikvm( 1652): GC_CONCURRENT freed 692K, 64% free 2781K/7683K, paused 4ms+5ms
D/dalvikvm( 1652): GC_CONCURRENT freed 676K, 64% free 2813K/7683K, paused 3ms+3ms
D/dalvikvm( 1652): GC_CONCURRENT freed 733K, 64% free 2787K/7683K, paused 4ms+4ms
I//lib/ld-linux.so.3(  748): FrmCnt:3588(0,4,11) Rate:24 Sys:1659167 STC:1612863 VPTS:1612840 APTS:1612852 Delay:17(40) V:0 A:130 VES:0x410b20 AES:0x8010 PCM:0x4b280 AudioErr:0x0
D/dalvikvm( 1652): GC_CONCURRENT freed 707K, 64% free 2787K/7683K, paused 2ms+4ms
D/dalvikvm( 1652): GC_CONCURRENT freed 704K, 64% free 2781K/7683K, paused 2ms+4ms
D/DataSource_M3U8(  744): ----------UpdatePlaylistThread runing... 
D/dalvikvm( 1652): GC_CONCURRENT freed 679K, 64% free 2813K/7683K, paused 3ms+2ms
D/BackService( 1652): [actionControlReceived] Name:GetTransportInfo
D/dalvikvm( 1652): GC_CONCURRENT freed 748K, 63% free 2859K/7683K, paused 2ms+2ms
I//lib/ld-linux.so.3(  748): FrmCnt:3626(0,4,11) Rate:25 Sys:1660674 STC:1614371 VPTS:1614360 APTS:1614353 Delay:30(40) V:0 A:129 VES:0x419d50 AES:0x8000 PCM:0x4bc00 AudioErr:0x0
D/dalvikvm( 1652): GC_CONCURRENT freed 800K, 64% free 2788K/7683K, paused 2ms+3ms
D/Downloader(  744): Downloadserver bandWidth:2591402
D/Downloader(  744): Downloadserver bandWidth:2591402
D/Downloader(  744): Downloadserver bandWidth:2591402
D/Downloader(  744): Downloadserver bandWidth:2591402
D/dalvikvm( 1652): GC_CONCURRENT freed 708K, 64% free 2787K/7683K, paused 3ms+3ms
D/dalvikvm( 1652): GC_CONCURRENT freed 704K, 64% free 2781K/7683K, paused 3ms+4ms
D/DataSource_M3U8(  744): u32HLSSreamNum[0]===>u32BandWidth:1433000 
D/DataSource_M3U8(  744): getHLSPlayListInex  DownloadBandWidth:2591402   uInDex=0
D/DataSource_M3U8(  744): [M3U8] checkShouldStartNext :[143](1491028/1491028)   sequence:0  start next:144  
D/DataSource_M3U8(  744): 
D/DataSource_M3U8(  744): 
D/DataSource_M3U8(  744): 
D/DataSource_M3U8(  744): [M3U8]-7----->This :0x5fd70 --> post cmd for start next url:http://cibn-iss1.longvisionmedia.com:8088/vod/CIBN2013_CIBN2013040701173526_1433/178.ts, knowedFileSize:0, mCurDowningIndex:143
D/DataSource_M3U8(  744): 
D/DataSource_M3U8(  744): 
D/Downloader(  744): [downloadThread]Downloader::removeTask  
D/Downloader(  744): [downloadThread]StartTask:url :http://cibn-iss1.longvisionmedia.com:8088/vod/CIBN2013_CIBN2013040701173526_1433/178.ts
D/Downloader(  744): [downloadThread]task have range string:0- 
D/dalvikvm( 1652): GC_CONCURRENT freed 679K, 64% free 2814K/7683K, paused 3ms+4ms
D/Downloader(  744): header_callback : -->HTTP/1.0 206 Partial Content
D/Downloader(  744): 
D/Downloader(  744): header_callback : -->Server: nginx/1.2.2
D/Downloader(  744): 
D/Downloader(  744): header_callback : -->Date: Mon, 20 May 2013 13:20:08 GMT
D/Downloader(  744): 
D/Downloader(  744): header_callback : -->Content-Type: application/octet-stream
D/Downloader(  744): 
D/Downloader(  744): header_callback : -->Powered-By-ChinaCache: MISS from CHN-BI-3-3n4
D/Downloader(  744): 
D/Downloader(  744): header_callback : -->Content-Range: bytes 0-1987535/1987536
D/Downloader(  744): 
D/Downloader(  744): header_callback : -->Content-Length: 1987536
D/Downloader(  744): 
D/Downloader(  744): header_callback : -->Powered-By-ChinaCache: MISS from CHN-DG-4-35F
D/Downloader(  744): 
D/Downloader(  744): header_callback : -->Connection: keep-alive
D/Downloader(  744): 
D/Downloader(  744): header_callback : -->
D/Downloader(  744): 
D/dalvikvm( 1652): GC_CONCURRENT freed 734K, 64% free 2786K/7683K, paused 2ms+2ms
D/dhcpcd  ( 2694): sending DHCP_DISCOVER with xid 0x686447ee, next in 15.85 seconds
I//lib/ld-linux.so.3(  748): FrmCnt:3664(0,4,11) Rate:24 Sys:1662210 STC:1615907 VPTS:1615880 APTS:1615896 Delay:13(40) V:0 A:129 VES:0x41e0b0 AES:0x8000 PCM:0x4b780 AudioErr:0x0
D/dalvikvm( 1652): GC_CONCURRENT freed 704K, 64% free 2787K/7683K, paused 2ms+4ms
D/dalvikvm( 1652): GC_CONCURRENT freed 706K, 64% free 2787K/7683K, paused 4ms+3ms
D/dalvikvm( 1652): GC_CONCURRENT freed 707K, 64% free 2787K/7683K, paused 4ms+3ms
D/dalvikvm( 1652): GC_CONCURRENT freed 704K, 64% free 2787K/7683K, paused 3ms+2ms
D/dalvikvm( 1652): GC_CONCURRENT freed 707K, 64% free 2787K/7683K, paused 4ms+3ms
I//lib/ld-linux.so.3(  748): FrmCnt:3703(0,4,11) Rate:25 Sys:1663749 STC:1617445 VPTS:1617440 APTS:1617430 Delay:35(40) V:0 A:130 VES:0x408090 AES:0x8020 PCM:0x4b880 AudioErr:0x0
D/dalvikvm( 1652): GC_CONCURRENT freed 706K, 64% free 2781K/7683K, paused 2ms+4ms
D/dalvikvm( 1652): GC_CONCURRENT freed 679K, 64% free 2767K/7683K, paused 2ms+3ms
D/dalvikvm( 1652): GC_CONCURRENT freed 661K, 63% free 2855K/7683K, paused 2ms+3ms
D/dalvikvm( 1652): GC_CONCURRENT freed 787K, 64% free 2774K/7683K, paused 2ms+2ms
D/dalvikvm( 1652): GC_CONCURRENT freed 692K, 64% free 2787K/7683K, paused 2ms+3ms
I//lib/ld-linux.so.3(  748): FrmCnt:3740(0,4,11) Rate:24 Sys:1665253 STC:1618949 VPTS:1618920 APTS:1618932 Delay:11(40) V:1 A:130 VES:0x3f2310 AES:0x8020 PCM:0x4b200 AudioErr:0x0
D/dalvikvm( 1652): GC_CONCURRENT freed 704K, 64% free 2787K/7683K, paused 2ms+3ms
D/dalvikvm( 1652): GC_CONCURRENT freed 706K, 64% free 2787K/7683K, paused 2ms+3ms
D/Downloader(  744): Downloadserver bandWidth:3497643
D/Downloader(  744): Downloadserver bandWidth:3497643
D/Downloader(  744): Downloadserver bandWidth:3497643
D/Downloader(  744): Downloadserver bandWidth:3497643
D/dalvikvm( 1652): GC_CONCURRENT freed 704K, 64% free 2787K/7683K, paused 3ms+3ms
D/DataSource_M3U8(  744): u32HLSSreamNum[0]===>u32BandWidth:1433000 
D/DataSource_M3U8(  744): getHLSPlayListInex  DownloadBandWidth:3497643   uInDex=0
D/DataSource_M3U8(  744): [M3U8] checkShouldStartNext :[144](1987536/1987536)   sequence:0  start next:145  
D/DataSource_M3U8(  744): 
D/DataSource_M3U8(  744): 
D/DataSource_M3U8(  744): 
D/DataSource_M3U8(  744): [M3U8]-7----->This :0x5fd70 --> post cmd for start next url:http://cibn-iss1.longvisionmedia.com:8088/vod/CIBN2013_CIBN2013040701173526_1433/180.ts, knowedFileSize:0, mCurDowningIndex:144
D/DataSource_M3U8(  744): 
D/DataSource_M3U8(  744): 
D/Downloader(  744): [downloadThread]Downloader::removeTask  
D/Downloader(  744): [downloadThread]StartTask:url :http://cibn-iss1.longvisionmedia.com:8088/vod/CIBN2013_CIBN2013040701173526_1433/180.ts
D/Downloader(  744): [downloadThread]task have range string:0- 
D/MediaPlayerService(  744): [15] notify (0x9d1b20, 3, 43, 0)
D/dalvikvm( 1652): GC_CONCURRENT freed 705K, 64% free 2787K/7683K, paused 2ms+3ms
D/dalvikvm( 1652): GC_CONCURRENT freed 705K, 64% free 2787K/7683K, paused 2ms+3ms
I//lib/ld-linux.so.3(  748): FrmCnt:3778(0,4,11) Rate:25 Sys:1666756 STC:1620453 VPTS:1620440 APTS:1620442 Delay:27(40) V:1 A:130 VES:0x3f8940 AES:0x8010 PCM:0x4b580 AudioErr:0x0
D/dalvikvm( 1652): GC_CONCURRENT freed 706K, 65% free 2764K/7683K, paused 2ms+2ms
D/Downloader(  744): header_callback : -->HTTP/1.0 206 Partial Content
D/Downloader(  744): 
D/Downloader(  744): header_callback : -->Server: nginx/1.2.2
D/Downloader(  744): 
D/Downloader(  744): header_callback : -->Date: Mon, 20 May 2013 13:20:13 GMT
D/Downloader(  744): 
D/Downloader(  744): header_callback : -->Content-Type: application/octet-stream
D/Downloader(  744): 
D/Downloader(  744): header_callback : -->Powered-By-ChinaCache: MISS from CHN-BI-3-3n4
D/Downloader(  744): 
D/Downloader(  744): header_callback : -->Content-Range: bytes 0-2008779/2008780
D/Downloader(  744): 
D/Downloader(  744): header_callback : -->Content-Length: 2008780
D/Downloader(  744): 
D/Downloader(  744): header_callback : -->Powered-By-ChinaCache: MISS from CHN-DG-4-35F
D/Downloader(  744): 
D/Downloader(  744): header_callback : -->Connection: keep-alive
D/Downloader(  744): 
D/Downloader(  744): header_callback : -->
D/Downloader(  744): 
D/dalvikvm( 1652): GC_CONCURRENT freed 675K, 64% free 2819K/7683K, paused 2ms+3ms
D/dalvikvm( 1652): GC_CONCURRENT freed 750K, 64% free 2774K/7683K, paused 2ms+3ms
D/HomePlayerLib( 1652): hostaddress count is 1
D/dalvikvm( 1652): GC_CONCURRENT freed 689K, 63% free 2896K/7683K, paused 2ms+4ms
D/dalvikvm( 1652): GC_CONCURRENT freed 845K, 63% free 2861K/7683K, paused 3ms+2ms
D/dalvikvm( 1652): GC_CONCURRENT freed 797K, 64% free 2789K/7683K, paused 3ms+4ms
I//lib/ld-linux.so.3(  748): FrmCnt:3816(0,4,11) Rate:25 Sys:1668265 STC:1621961 VPTS:1621960 APTS:1621942 Delay:39(40) V:0 A:129 VES:0x3fb310 AES:0x7f70 PCM:0x4af00 AudioErr:0x0
D/dalvikvm( 1652): GC_CONCURRENT freed 687K, 63% free 2890K/7683K, paused 2ms+3ms
D/dalvikvm( 1652): GC_CONCURRENT freed 817K, 64% free 2777K/7683K, paused 3ms+2ms
D/dalvikvm( 1652): GC_CONCURRENT freed 676K, 64% free 2815K/7683K, paused 3ms+6ms
D/dalvikvm( 1652): GC_CONCURRENT freed 735K, 64% free 2787K/7683K, paused 2ms+3ms
D/dalvikvm( 1652): GC_CONCURRENT freed 707K, 64% free 2787K/7683K, paused 2ms+3ms
I//lib/ld-linux.so.3(  748): FrmCnt:3853(0,4,11) Rate:24 Sys:1669778 STC:1623475 VPTS:1623440 APTS:1623462 Delay:5(40) V:0 A:127 VES:0x401310 AES:0x8010 PCM:0x4bc80 AudioErr:0x0
D/CheckNetWork( 1637): isOk true
D/CheckNetWork( 1637): ActInfoNetworkInfo: type: WIFI[], state: CONNECTED/CONNECTED, reason: (unspecified), extra: (none), roaming: false, failover: false, isAvailable: true
D/CheckNetWork( 1637): infoNetworkInfo: type: WIFI[], state: CONNECTED/CONNECTED, reason: (unspecified), extra: (none), roaming: false, failover: false, isAvailable: true
D/dalvikvm( 1652): GC_CONCURRENT freed 704K, 64% free 2787K/7683K, paused 3ms+3ms
D/Downloader(  744): Downloadserver bandWidth:4306066
D/Downloader(  744): Downloadserver bandWidth:4306066
D/Downloader(  744): Downloadserver bandWidth:4306066
D/Downloader(  744): Downloadserver bandWidth:4306066
D/dalvikvm( 1652): GC_CONCURRENT freed 706K, 64% free 2787K/7683K, paused 2ms+3ms
D/DataSource_M3U8(  744): u32HLSSreamNum[0]===>u32BandWidth:1433000 
D/DataSource_M3U8(  744): getHLSPlayListInex  DownloadBandWidth:4306066   uInDex=0
D/DataSource_M3U8(  744): [M3U8] checkShouldStartNext :[145](2008780/2008780)   sequence:0  start next:146  
D/DataSource_M3U8(  744): 
D/DataSource_M3U8(  744): 
D/DataSource_M3U8(  744): 
D/DataSource_M3U8(  744): [M3U8]-7----->This :0x5fd70 --> post cmd for start next url:http://cibn-iss1.longvisionmedia.com:8088/vod/CIBN2013_CIBN2013040701173526_1433/181.ts, knowedFileSize:0, mCurDowningIndex:145
D/DataSource_M3U8(  744): 
D/DataSource_M3U8(  744): 
D/Downloader(  744): [downloadThread]Downloader::removeTask  
D/Downloader(  744): [downloadThread]StartTask:url :http://cibn-iss1.longvisionmedia.com:8088/vod/CIBN2013_CIBN2013040701173526_1433/181.ts
D/Downloader(  744): [downloadThread]task have range string:0- 
D/dalvikvm( 1652): GC_CONCURRENT freed 707K, 64% free 2787K/7683K, paused 2ms+3ms
D/Downloader(  744): header_callback : -->HTTP/1.0 206 Partial Content
D/Downloader(  744): 
D/Downloader(  744): header_callback : -->Server: nginx/1.2.2
D/Downloader(  744): 
D/Downloader(  744): header_callback : -->Date: Mon, 20 May 2013 13:20:17 GMT
D/Downloader(  744): 
D/Downloader(  744): header_callback : -->Content-Type: application/octet-stream
D/Downloader(  744): 
D/Downloader(  744): header_callback : -->Powered-By-ChinaCache: MISS from CHN-NT-3-3FC
D/Downloader(  744): 
D/Downloader(  744): header_callback : -->Content-Range: bytes 0-2110487/2110488
D/Downloader(  744): 
D/Downloader(  744): header_callback : -->Content-Length: 2110488
D/Downloader(  744): 
D/Downloader(  744): header_callback : -->Powered-By-ChinaCache: MISS from CHN-DG-4-35F
D/Downloader(  744): 
