D/dalvikvm( 1652): GC_CONCURRENT freed 704K, 65% free 2747K/7683K, paused 2ms+4ms
D/dalvikvm( 1652): GC_CONCURRENT freed 638K, 64% free 2767K/7683K, paused 2ms+2ms
I//lib/ld-linux.so.3(  748): FrmCnt:2131(0,133,19) Rate:25 Sys:1594514 STC:1092283 VPTS:1092280 APTS:1092269 Delay:37(40) V:0 A:130 VES:0x404f80 AES:0x8000 PCM:0x4b680 AudioErr:0x0
D/dalvikvm( 1652): GC_CONCURRENT freed 665K, 64% free 2767K/7683K, paused 2ms+3ms
D/dalvikvm( 1652): GC_CONCURRENT freed 664K, 64% free 2767K/7683K, paused 2ms+3ms
D/Downloader(  744): Downloadserver bandWidth:9696861
D/Downloader(  744): Downloadserver bandWidth:9696861
D/Downloader(  744): Downloadserver bandWidth:9696861
D/Downloader(  744): Downloadserver bandWidth:9696861
D/DataSource_M3U8(  744): u32HLSSreamNum[0]===>u32BandWidth:1433000 
D/DataSource_M3U8(  744): getHLSPlayListInex  DownloadBandWidth:9696861   uInDex=0
D/DataSource_M3U8(  744): [M3U8] checkShouldStartNext :[77](2430276/2430276)   sequence:0  start next:78  
D/DataSource_M3U8(  744): 
D/DataSource_M3U8(  744): 
D/DataSource_M3U8(  744): 
D/DataSource_M3U8(  744): [M3U8]-7----->This :0x5fd70 --> post cmd for start next url:http://cibn-iss1.longvisionmedia.com:8088/vod/CIBN2013_CIBN2013040701173526_1433/100.ts, knowedFileSize:0, mCurDowningIndex:77
D/DataSource_M3U8(  744): 
D/DataSource_M3U8(  744): 
D/Downloader(  744): [downloadThread]Downloader::removeTask  
D/Downloader(  744): [downloadThread]StartTask:url :http://cibn-iss1.longvisionmedia.com:8088/vod/CIBN2013_CIBN2013040701173526_1433/100.ts
D/Downloader(  744): [downloadThread]task have range string:0- 
D/dalvikvm( 1652): GC_CONCURRENT freed 664K, 63% free 2873K/7683K, paused 2ms+2ms
D/dalvikvm( 1652): GC_CONCURRENT freed 814K, 63% free 2864K/7683K, paused 2ms+2ms
D/Downloader(  744): header_callback : -->HTTP/1.0 206 Partial Content
D/Downloader(  744): 
D/Downloader(  744): header_callback : -->Server: nginx/1.2.2
D/Downloader(  744): 
D/Downloader(  744): header_callback : -->Date: Mon, 20 May 2013 13:19:01 GMT
D/Downloader(  744): 
D/Downloader(  744): header_callback : -->Content-Type: application/octet-stream
D/Downloader(  744): 
D/Downloader(  744): header_callback : -->Powered-By-ChinaCache: MISS from CHN-BI-3-3n4
D/Downloader(  744): 
D/Downloader(  744): header_callback : -->Content-Range: bytes 0-1056747/1056748
D/Downloader(  744): 
D/Downloader(  744): header_callback : -->Content-Length: 1056748
D/Downloader(  744): 
D/Downloader(  744): header_callback : -->Powered-By-ChinaCache: MISS from CHN-DG-4-35F
D/Downloader(  744): 
D/Downloader(  744): header_callback : -->Connection: keep-alive
D/Downloader(  744): 
D/Downloader(  744): header_callback : -->
D/Downloader(  744): 
D/dalvikvm( 1652): GC_CONCURRENT freed 800K, 64% free 2774K/7683K, paused 3ms+3ms
I//lib/ld-linux.so.3(  748): FrmCnt:2168(0,133,19) Rate:24 Sys:1596015 STC:1093785 VPTS:1093760 APTS:1093771 Delay:16(40) V:0 A:129 VES:0x405700 AES:0x8000 PCM:0x4b000 AudioErr:0x0
D/dalvikvm( 1652): GC_CONCURRENT freed 691K, 64% free 2782K/7683K, paused 2ms+4ms
D/dalvikvm( 1652): GC_CONCURRENT freed 679K, 64% free 2814K/7683K, paused 2ms+3ms
D/BackService( 1652): [actionControlReceived] Name:GetTransportInfo
D/dalvikvm( 1652): GC_CONCURRENT freed 733K, 64% free 2785K/7683K, paused 6ms+5ms
D/dhcpcd  ( 2694): sending DHCP_DISCOVER with xid 0x520b044b, next in 16.32 seconds
D/dalvikvm( 1652): GC_CONCURRENT freed 709K, 63% free 2865K/7683K, paused 2ms+3ms
D/dalvikvm( 1652): GC_CONCURRENT freed 788K, 64% free 2815K/7683K, paused 3ms+3ms
I//lib/ld-linux.so.3(  748): FrmCnt:2207(0,133,19) Rate:25 Sys:1597551 STC:1095320 VPTS:1095320 APTS:1095299 Delay:40(40) V:1 A:130 VES:0x4013c0 AES:0x8010 PCM:0x4b180 AudioErr:0x0
D/dalvikvm( 1652): GC_CONCURRENT freed 733K, 64% free 2829K/7683K, paused 2ms+4ms
D/dalvikvm( 1652): GC_CONCURRENT freed 765K, 63% free 2864K/7683K, paused 2ms+3ms
D/Downloader(  744): Downloadserver bandWidth:2633639
D/Downloader(  744): Downloadserver bandWidth:2633639
D/Downloader(  744): Downloadserver bandWidth:2633639
D/Downloader(  744): Downloadserver bandWidth:2633639
D/dalvikvm( 1652): GC_CONCURRENT freed 788K, 63% free 2890K/7683K, paused 5ms+3ms
D/DataSource_M3U8(  744): u32HLSSreamNum[0]===>u32BandWidth:1433000 
D/DataSource_M3U8(  744): getHLSPlayListInex  DownloadBandWidth:2633639   uInDex=0
D/DataSource_M3U8(  744): [M3U8] checkShouldStartNext :[78](1056748/1056748)   sequence:0  start next:79  
D/DataSource_M3U8(  744): 
D/DataSource_M3U8(  744): 
D/DataSource_M3U8(  744): 
D/DataSource_M3U8(  744): [M3U8]-7----->This :0x5fd70 --> post cmd for start next url:http://cibn-iss1.longvisionmedia.com:8088/vod/CIBN2013_CIBN2013040701173526_1433/101.ts, knowedFileSize:0, mCurDownin
[ 1631.691534] IR: [03932] scan key value is 0xeb14c936 
[ 1631.691539]  gIndex:78
D/DataSource_M3U8(  744): 
D/DataSource_M3U8(  744): 
D/Downloader(  744): [downloadThread]Downloader::removeTask  
D/Downloader(  744): [downloadThread]StartTask:url :http://cibn-iss1.longvisionmedia.com:8088/vod/CIBN2013_CIBN2013040701173526_1433/101.ts
D/Downloader(  744): [downloadThread]task have range string:0- 
D/MediaPlayerService(  744): [15] notify (0x9d1b20, 3, 24, 0)
D/dalvikvm( 1652): GC_CONCURRENT freed 827K, 63% free 2856K/7683K, paused 3ms+3ms
D/Downloader(  744): header_callback : -->HTTP
[ 1631.744070] IR: [03932] scan key value is 0xeb14c936 
[ 1631.744074]  /1.0 206 Partial Content
D/Downloader(  744): 
D/Downloader(  744): header_callback : -->Server: nginx/1.2.2
D/Downloader(  744): 
D/Downloader(  744): header_callback : -->Date: Mon, 20 May 2013 13:19:05 GMT
D/Downloader(  744): 
D/Downloader(  744): header_callback : -->Content-Type: application/octet-stream
D/Downloader(  744): 
D/Downloader(  744): header_callback : -->Powered-By-ChinaCache: MISS from CHN-BI-3-3n4
D/Downloader(  744): 
D/Downloader(  744): header_callback : -->Content-Range: bytes 0-266771/266772
D/Downloader(  744): 
D/Downloader(  744): header_callback : -->Content-Length: 266772
D/Downloader(  744): 
D/Downloader(  744): header_callback : -->Powered-By-ChinaCache: MISS from CHN-DG-4-35F
D/Downloader(  744): 
D/Downloader(  744): header_callback : -->Connection: keep-alive
D/Downloader(  744): 
D/Downloader(  744): header_callback : -->
D/Downloader(  744): 
D/dalvikvm( 1652): GC_CONCURRENT freed 787K, 64% free 2774K/7683K, paused 2ms+2ms
I//lib/ld-linux.so.3(  748): FrmCnt:2245(0,133,19) Rate:24 Sys:1599088 STC:1096857 VPTS:1096840 APTS:1096848 Delay:23(40) V:0 A:130 VES:0x409900 AES:0x8000 PCM:0
[ 1631.852287] IR: [03932] scan key value is 0xeb14c936 
[ 1631.852293]  x4bd00 AudioErr:0x0
D/dalvikvm( 1652): GC_CONCURRENT freed 667K, 64% free 2813K/7683K, paused 3ms+4ms
D/DataSource_M3U8(  744): ----------UpdatePlaylistThread runing... 
D/dalvikvm( 1652): GC_CONCURRENT freed 732K, 64% free 2786K/7683K, paused 3ms+2ms
D/Downloader(  744): Downloadserver bandWidth:1705976
D/Downloader(  744): Downloadserver bandWidth:1705976
D/Downloader(  744): Downloadserver bandWidth:1705976
D/Downloader(  744): Downloadserver bandWidth:1705976
D/dalvikvm( 1652): GC_CONCURRENT freed 705K, 65% free 2755K/7683K, paused 2ms+2ms
D/DataSource_M3U8(  744): u32HLSSreamNum[0]===>u32BandWidth:1433000 
D/DataSource_M3U8(  744): getHLSPlayListInex  DownloadBandWidth:1705976   uInDex=0
D/DataSource_M3U8(  744): [M3U8] checkShouldStartNext :[79](266772/266772)   sequence:0  start next:80  
D/DataSource_M3U8(  744): 
D/DataSource_M3U8(  744): 
D/DataSource_M3U8(  744): 
D/DataSource_M3U8(  744): [M3U8]-7----->This :0x5fd70 --> post cmd for start next url:http://cibn-iss1.longvisionmedia.com:8088/vod/CIBN2013_CIBN2013040701173526_1433/102.ts, knowedFileSize:0, mCurDowningIndex:79
D/DataSource_M3U8(  744): 
D/DataSource_M3U8(  744
[ 1631.960479] IR: [03932] scan key value is 0xeb14c936 
[ 1631.960484]  ): 
D/Downloader(  744): [downloadThread]Downloader::removeTask  
D/Downloader(  744): [downloadThread]StartTask:url :http://cibn-iss1.longvisionmedia.com:8088/vod/CIBN2013_CIBN2013040701173526_1433/102.ts
D/Downloader(  744): [downloadThread]task have range string:0- 
D/dalvikvm( 1652): GC_CONCURRENT freed 666K, 64% free 2827K/7683K, paused 3ms+2ms
D/Downloader(  744): header_callback : -->HTTP/1.0 206 Partial Content
D/Downloader(  744): 
D/Downloader(  744): header_callback : -->Server: nginx/1.2.2
D/Downloader(  744): 
D/Downloader(  744): header_callback : -->Date: Mon, 20 May 2013 13:19:06 GMT
D/Downloader(  744): 
D/Downloader(  744): header_callback : -->Content-Type: application/octet-stream
D/Downloader(  744): 
D/Downloader(  744): header_callback : -->Powered-By-ChinaCache: MISS from CHN-NT-3-3FC
D/Downloader(  744): 
D/Downloader(  744): header_callback : -->Content-Range: bytes 0-1637667/1637668
D/Downloader(  744): 
D/Downloader(  744): header_callback : -->Content-Length: 1637668
D/Downloader(  744): 
D/Downloader(  744): header_callback : -->Powered-By-ChinaCache: MISS from CHN-DG-4-35F
D/Downloader(  744)
[ 1632.068718] IR: [03932] scan key value is 0xeb14c936 
[ 1632.068726]  : 
D/Downloader(  744): header_callback : -->Connection: keep-alive
D/Downloader(  744): 
D/Downloader(  744): header_callback : -->
D/Downloader(  744): 
I//lib/ld-linux.so.3(  748): FrmCnt:2284(0,133,19) Rate:25 Sys:1600623 STC:1098392 VPTS:1098400 APTS:1098379 Delay:48(40) V:0 A:130 VES:0x403cd0 AES:0x7f60 PCM:0x4ae80 AudioErr:0x0
D/dalvikvm( 1652): GC_CONCURRENT freed 759K, 64% free 2774K/7683K, paused 3ms+3ms
D/dalvikvm( 1652): GC_CONCURRENT freed 690K, 64% free 2788K/7683K, paused 2ms+3ms
D/dalvikvm( 1652): GC_CONCURRENT freed 708K, 64% free 2787K/7683K, paused 2ms+3ms
D/Downloader(  744): Downloadserver bandWidth:9174610
D/Downloader(  744): Downloadserver bandWidth:9174610
D/Downloader(  744): Downloadserver bandWidth:9174610
D/Downloader(  744): Downloadserver bandWidth:9174610
D/dalvikvm( 1652): GC_CONCURRENT freed 692K, 63% free 2885K/7683K, paused 2ms+4ms
D/HomePlayerLib( 1652): hostaddress count is 1
D/DataSource_M3U8(  744): u32HLSSreamNum[0]===>u32BandWidth:1433000 
D/DataSource_M3U8(  744): getHLSPlayListInex  DownloadBandWidth:9174610   uInDex=0
D/DataSource_M3U8(  744): [M3U8] checkShouldStartNext :[80](1637668/16
[ 1632.176915] IR: [03932] scan key value is 0xeb14c936 
[ 1632.176921]  37668)   sequence:0  start next:81  
D/DataSource_M3U8(  744): 
D/DataSource_M3U8(  744): 
D/DataSource_M3U8(  744): 
D/DataSource_M3U8(  744): [M3U8]-7----->This :0x5fd70 --> post cmd for start next url:http://cibn-iss1.longvisionmedia.com:8088/vod/CIBN2013_CIBN2013040701173526_1433/103.ts, knowedFileSize:0, mCurDowningIndex:80
D/DataSource_M3U8(  744): 
D/DataSource_M3U8(  744): 
D/Downloader(  744): [downloadThread]Downloader::removeTask  
D/Downloader(  744): [downloadThread]StartTask:url :http://cibn-iss1.longvisionmedia.com:8088/vod/CIBN2013_CIBN2013040701173526_1433/103.ts
D/Downloader(  744): [downloadThread]task have range string:0- 
D/dalvikvm( 1652): GC_CONCURRENT freed 829K, 64% free 2821K/7683K, paused 3ms+3ms
D/dalvikvm( 1652): GC_CONCURRENT freed 743K, 63% free 2881K/7683K, paused 2ms+3ms
D/Downloader(  744): header_callback : -->HTTP/1.0 206 Partial Content
D/Downloader(  744): 
D/Downloader(  744): header_callback : -->Server: nginx/1.2.2
D/Downloader(  744): 
D/Downloader(  744): header_callback : -->Date: Mon, 20 May 2013 13:19:08 GMT
D/Downloader(  744): 
D/Downloader(  744): header_callback : -->Content-Type:
[ 1632.285126] IR: [03932] scan key value is 0xeb14c936 
[ 1632.285132]   application/octet-stream
D/Downloader(  744): 
D/Downloader(  744): header_callback : -->Powered-By-ChinaCache: MISS from CHN-BI-3-3n4
D/Downloader(  744): 
D/Downloader(  744): header_callback : -->Content-Range: bytes 0-1588411/1588412
D/Downloader(  744): 
D/Downloader(  744): header_callback : -->Content-Length: 1588412
D/Downloader(  744): 
D/Downloader(  744): header_callback : -->Powered-By-ChinaCache: MISS from CHN-DG-4-35F
D/Downloader(  744): 
D/Downloader(  744): header_callback : -->Connection: keep-alive
D/Downloader(  744): 
D/Downloader(  744): header_callback : -->
D/Downloader(  744): 
D/dalvikvm( 1652): GC_CONCURRENT freed 825K, 62% free 2932K/7683K, paused 5ms+3ms
I//lib/ld-linux.so.3(  748): FrmCnt:2322(0,133,19) Rate:24 Sys:1602164 STC:1099933 VPTS:1099920 APTS:1099924 Delay:27(40) V:1 A:130 VES:0x3e9570 AES:0x8010 PCM:0x4ba00 AudioErr:0x0
D/dalvikvm( 1652): GC_CONCURRENT freed 872K, 63% free 2902K/7683K, paused 5ms+2ms
D/dalvikvm( 1652): GC_CONCURRENT freed 859K, 63% free 2872K/7683K, paused 2ms+3ms
D/dalvikvm( 1652): GC_CONCURRENT freed 801K, 64% free 2774K/7683K, paused 2ms+4ms
D/dalvikvm( 1652): GC_
[ 1632.393335] IR: [03932] scan key value is 0xeb14c936 
[ 1632.393340]  CONCURRENT freed 667K, 64% free 2813K/7683K, paused 2ms+4ms
D/dalvikvm( 1652): GC_CONCURRENT freed 742K, 64% free 2774K/7683K, paused 2ms+3ms
I//lib/ld-linux.so.3(  748): FrmCnt:2360(0,133,19) Rate:24 Sys:1603698 STC:1101467 VPTS:1101440 APTS:1101459 Delay:13(40) V:1 A:129 VES:0x3fa850 AES:0x7f90 PCM:0x4bb00 AudioErr:0x0
D/dalvikvm( 1652): GC_CONCURRENT freed 666K, 64% free 2813K/7683K, paused 2ms+3ms
D/dalvikvm( 1652): GC_CONCURRENT freed 732K, 64% free 2786K/7683K, paused 2ms+2ms
D/dalvikvm( 1652): GC_CONCURRENT freed 705K, 64% free 2787K/7683K, paused 2ms+3ms
D/dalvikvm( 1652): GC_CONCURRENT freed 707K, 64% free 2787K/7683K, paused 2ms+4ms
D/dalvikvm( 1652): GC_CONCURRENT freed 705K, 64% free 2787K/7683K, paused 4ms+3ms
I//lib/ld-linux.so.3(  748): FrmCnt:2398(0,133,19) Rate:25 Sys:1605199 STC:1102968 VPTS:1102960 APTS:1102947 Delay:32(40) V:0 A:130 VES:0x3fde60 AES:0x8000 PCM:0x4b480 AudioErr:0x0
D/dalvikvm( 1652): GC_CONCURRENT freed 705K, 64% free 2787K/7683K, paused 2ms+3ms
D/dalvikvm( 1652): GC_CONCURRENT freed 704K, 64% free 2787K/7683K, paused 2ms+5ms
D/dalvikvm( 1652): GC_CONCURRENT freed 706K, 64
[ 1632.501533] IR: [03932] scan key value is 0xeb14c936 
[ 1632.501538]  % free 2787K/7683K, paused 2ms+3ms
D/dalvikvm( 1652): GC_CONCURRENT freed 707K, 64% free 2787K/7683K, paused 4ms+3ms
D/dalvikvm( 1652): GC_CONCURRENT freed 705K, 64% free 2787K/7683K, paused 2ms+3ms
D/Downloader(  744): Downloadserver bandWidth:2531333
D/Downloader(  744): Downloadserver bandWidth:2531333
D/Downloader(  744): Downloadserver bandWidth:2531333
D/Downloader(  744): Downloadserver bandWidth:2531333
I//lib/ld-linux.so.3(  748): FrmCnt:2436(0,133,19) Rate:25 Sys:1606704 STC:1104473 VPTS:1104480 APTS:1104464 Delay:47(40) V:0 A:129 VES:0x41a380 AES:0x7f80 PCM:0x4ae00 AudioErr:0x0
D/dalvikvm( 1652): GC_CONCURRENT freed 705K, 64% free 2787K/7683K, paused 2ms+3ms
D/DataSource_M3U8(  744): u32HLSSreamNum[0]===>u32BandWidth:1433000 
D/DataSource_M3U8(  744): getHLSPlayListInex  DownloadBandWidth:2531333   uInDex=0
D/DataSource_M3U8(  744): [M3U8] checkShouldStartNext :[81](1588412/1588412)   sequence:0  start next:82  
D/DataSource_M3U8(  744): 
D/DataSource_M3U8(  744): 
D/DataSource_M3U8(  744): 
D/DataSource_M3U8(  744): [M3U8]-7----->This :0x5fd70 --> post cmd for start next url:http://cibn-iss1.longvisionmedia.com:8088/vod/CIB
[ 1632.609754] IR: [03932] scan key value is 0xeb14c936 
[ 1632.609760]  N2013_CIBN2013040701173526_1433/104.ts, knowedFileSize:0, mCurDowningIndex:81
D/DataSource_M3U8(  744): 
D/DataSource_M3U8(  744): 
D/Downloader(  744): [downloadThread]Downloader::removeTask  
D/Downloader(  744): [downloadThread]StartTask:url :http://cibn-iss1.longvisionmedia.com:8088/vod/CIBN2013_CIBN2013040701173526_1433/104.ts
D/Downloader(  744): [downloadThread]task have range string:0- 
D/dalvikvm( 1652): GC_CONCURRENT freed 707K, 64% free 2787K/7683K, paused 3ms+4ms
D/dalvikvm( 1652): GC_CONCURRENT freed 707K, 64% free 2787K/7683K, paused 2ms+3ms
D/Downloader(  744): header_callback : -->HTTP/1.0 206 Partial Content
D/Downloader(  744): 
D/Downloader(  744): header_callback : -->Server: nginx/1.2.2
D/Downloader(  744): 
D/Downloader(  744): header_callback : -->Date: Mon, 20 May 2013 13:19:13 GMT
D/Downloader(  744): 
D/Downloader(  744): header_callback : -->Content-Type: application/octet-stream
D/Downloader(  744): 
D/Downloader(  744): header_callback : -->Powered-By-ChinaCache: MISS from CHN-BI-3-3n4
D/Downloader(  744): 
D/Downloader(  744): header_callback : -->Content-Range: bytes 0-1017267/1017268
D/Download
[ 1632.717962] IR: [03932] scan key value is 0xeb14c936 
[ 1632.717967]  er(  744): 
D/Downloader(  744): header_callback : -->Content-Length: 1017268
D/Downloader(  744): 
D/Downloader(  744): header_callback : -->Powered-By-ChinaCache: MISS from CHN-DG-4-35F
D/Downloader(  744): 
D/Downloader(  744): header_callback : -->Connection: keep-alive
D/Downloader(  744): 
D/Downloader(  744): header_callback : -->
D/Downloader(  744): 
D/dalvikvm( 1652): GC_CONCURRENT freed 707K, 64% free 2787K/7683K, paused 3ms+4ms
D/dalvikvm( 1652): GC_CONCURRENT freed 707K, 64% free 2782K/7683K, paused 2ms+3ms
I//lib/ld-linux.so.3(  748): FrmCnt:2474(0,133,19) Rate:24 Sys:1608244 STC:1106013 VPTS:1106000 APTS:1106003 Delay:27(40) V:1 A:130 VES:0x410590 AES:0x8060 PCM:0x4b980 AudioErr:0x0
D/dalvikvm( 1652): GC_CONCURRENT freed 701K, 64% free 2789K/7683K, paused 2ms+6ms
D/dalvikvm( 1652): GC_CONCURRENT freed 709K, 64% free 2787K/7683K, paused 5ms+4ms
D/Downloader(  744): Downloadserver bandWidth:4351948
D/Downloader(  744): Downloadserver bandWidth:4351948
D/Downloader(  744): Downloadserver bandWidth:4351948
D/Downloader(  744): Downloadserver bandWidth:4351948
D/dalvikvm( 1652): GC_CONCURRENT freed 704K, 64% free 2787K
[ 1632.826179] IR: [03932] scan key value is 0xeb14c936 
[ 1632.826184]  /7683K, paused 2ms+2ms
D/DataSource_M3U8(  744): u32HLSSreamNum[0]===>u32BandWidth:1433000 
D/DataSource_M3U8(  744): getHLSPlayListInex  DownloadBandWidth:4351948   uInDex=0
D/DataSource_M3U8(  744): [M3U8] checkShouldStartNext :[82](1017268/1017268)   sequence:0  start next:83  
D/DataSource_M3U8(  744): 
D/DataSource_M3U8(  744): 
D/DataSource_M3U8(  744): 
D/DataSource_M3U8(  744): [M3U8]-7----->This :0x5fd70 --> post cmd for start next url:http://cibn-iss1.longvisionmedia.com:8088/vod/CIBN2013_CIBN2013040701173526_1433/105.ts, knowedFileSize:0, mCurDowningIndex:82
D/DataSource_M3U8(  744): 
D/DataSource_M3U8(  744): 
D/Downloader(  744): [downloadThread]Downloader::removeTask  
D/Downloader(  744): [downloadThread]StartTask:url :http://cibn-iss1.longvisionmedia.com:8088/vod/CIBN2013_CIBN2013040701173526_1433/105.ts
D/Downloader(  744): [downloadThread]task have range string:0- 
D/MediaPlayerService(  744): [15] notify (0x9d1b20, 3, 25, 0)
D/dalvikvm( 1652): GC_CONCURRENT freed 706K, 64% free 2787K/7683K, paused 3ms+2ms
D/Downloader(  744): header_callback : -->HTTP/1.0 206 Partial Content
D/Downloader(  744): 
D/Downloader(  74
[ 1632.934382] IR: [03932] scan key value is 0xeb14c936 
[ 1632.934388]  4): header_callback : -->Server: nginx/1.2.2
D/Downloader(  744): 
D/Downloader(  744): header_callback : -->Date: Mon, 20 May 2013 13:19:15 GMT
D/Downloader(  744): 
D/Downloader(  744): header_callback : -->Content-Type: application/octet-stream
D/Downloader(  744): 
D/Downloader(  744): header_callback : -->Powered-By-ChinaCache: MISS from CHN-NT-3-3FC
D/Downloader(  744): 
D/Downloader(  744): header_callback : -->Content-Range: bytes 0-2110675/2110676
D/Downloader(  744): 
D/Downloader(  744): header_callback : -->Content-Length: 2110676
D/Downloader(  744): 
D/Downloader(  744): header_callback : -->Powered-By-ChinaCache: MISS from CHN-DG-4-35F
D/Downloader(  744): 
D/Downloader(  744): header_callback : -->Connection: keep-alive
D/Downloader(  744): 
D/Downloader(  744): header_callback : -->
D/Downloader(  744): 
D/dalvikvm( 1652): GC_CONCURRENT freed 707K, 64% free 2787K/7683K, paused 3ms+5ms
I//lib/ld-linux.so.3(  748): FrmCnt:2512(0,133,19) Rate:25 Sys:1609755 STC:1107524 VPTS:1107520 APTS:1107507 Delay:36(40) V:0 A:129 VES:0x406930 AES:0x7fb0 PCM:0x4bd00 AudioErr:0x0
D/CheckNetWork( 1637): isOk true
D/CheckNe
[ 1633.042589] IR: [03932] scan key value is 0xeb14c936 
[ 1633.042594]  tWork( 1637): ActInfoNetworkInfo: type: WIFI[], state: CONNECTED/CONNECTED, reason: (unspecified), extra: (none), roaming: false, failover: false, isAvailable: true
D/CheckNetWork( 1637): infoNetworkInfo: type: WIFI[], state: CONNECTED/CONNECTED, reason: (unspecified), extra: (none), roaming: false, failover: false, isAvailable: true
D/dalvikvm( 1652): GC_CONCURRENT freed 704K, 64% free 2787K/7683K, paused 3ms+3ms
D/dalvikvm( 1652): GC_CONCURRENT freed 706K, 64% free 2787K/7683K, paused 4ms+4ms
D/dalvikvm( 1652): GC_CONCURRENT freed 702K, 64% free 2786K/7683K, paused 2ms+3ms
D/Downloader(  744): Downloadserver bandWidth:9839981
D/Downloader(  744): Downloadserver bandWidth:9839981
D/Downloader(  744): Downloadserver bandWidth:9839981
D/Downloader(  744): Downloadserver bandWidth:9839981
D/dalvikvm( 1652): GC_CONCURRENT freed 706K, 64% free 2787K/7683K, paused 1ms+3ms
I//lib/ld-linux.so.3(  748): FrmCnt:2550(0,133,19) Rate:25 Sys:1611269 STC:1109038 VPTS:1109040 APTS:1109024 Delay:42(40) V:0 A:129 VES:0x40a4a0 AES:0x8000 PCM:0x4b080 AudioErr:0x0
D/dalvikvm( 1652): GC_CONCURRENT freed 706K, 64% free 2787K/7683K, paused 2ms+2ms
D/dalvikvm( 1652): GC_CONCURRENT freed 703K, 64% free 2786K/7683K, paused 1ms+3ms
D/dalvikvm( 1652): GC_CONCURRENT freed 706K, 64% free 2787K/7683K, paused 2ms+3ms
D/dalvikvm( 1652): GC_CONCURRENT freed 707K, 64% free 2787K/7683K, paused 2ms+3ms
D/HomePlayerLib( 1652): hostaddress count is 1
D/dalvikvm( 1652): GC_CONCURRENT freed 702K, 63% free 2869K/7683K, paused 2ms+3ms
D/dalvikvm( 1652): GC_CONCURRENT freed 817K, 63% free 2905K/7683K, paused 2ms+3ms
I//lib/ld-linux.so.3(  748): FrmCnt:2588(0,133,19) Rate:24 Sys:1612807 STC:1110576 VPTS:1110560 APTS:1110563 Delay:24(40) V:0 A:130 VES:0x3fbc60 AES:0x8020 PCM:0x4bc00 AudioErr:0x0
D/dalvikvm( 1652): GC_CONCURRENT freed 852K, 63% free 2880K/7683K, paused 2ms+3ms
D/dalvikvm( 1652): GC_CONCURRENT freed 825K, 63% free 2874K/7683K, paused 2ms+3ms
D/dalvikvm( 1652): GC_CONCURRENT freed 801K, 63% free 2893K/7683K, paused 2ms+2ms
D/dhcpcd  ( 2694): sending DHCP_DISCOVER with xid 0x520b044b, next in 31.34 seconds
D/dalvikvm( 1652): GC_CONCURRENT freed 837K, 63% free 2858K/7683K, paused 2ms+3ms
D/dalvikvm( 1652): GC_CONCURRENT freed 791K, 64% free 2774K/7683K, paused 2ms+2ms
D/DataSource_M3U8(  744): u32HLSSreamNum[0]===>u32BandWidth:1433000 
D/DataSource_M3U8(  744): getHLSPlayListInex  DownloadBandWidth:9839981   uInDex=0
D/DataSource_M3U8(  744): [M3U8] checkShouldStartNext :[83](2110676/2110676)   sequence:0  start next:84  
D/DataSource_M3U8(  744): 
D/DataSource_M3U8(  744): 
D/DataSource_M3U8(  744): 
D/DataSource_M3U8(  744): [M3U8]-7----->This :0x5fd70 --> post cmd for start next url:http://cibn-iss1.longvisionmedia.com:8088/vod/CIBN2013_CIBN2013040701173526_1433/106.ts, knowedFileSize:0, mCurDowningIndex:83
D/DataSource_M3U8(  744): 
D/DataSource_M3U8(  744): 
D/Downloader(  744): [downloadThread]Downloader::removeTask  
D/Downloader(  744): [downloadThread]StartTask:url :http://cibn-iss1.longvisionmedia.com:8088/vod/CIBN2013_CIBN2013040701173526_1433/106.ts
D/Downloader(  744): [downloadThread]task have range string:0- 
D/dalvikvm( 1652): GC_CONCURRENT freed 667K, 64% free 2814K/7683K, paused 2ms+2ms
I//lib/ld-linux.so.3(  748): FrmCnt:2627(0,133,19) Rate:25 Sys:1614345 STC:1112114 VPTS:1112120 APTS:1112101 Delay:46(40) V:0 A:130 VES:0x3fbb30 AES:0x8000 PCM:0x4bd80 AudioErr:0x0
D/Downloader(  744): header_callback : -->HTTP/1.0 206 Partial Content
D/Downloader(  744): 
D/Downloader(  744): header_callback : -->Server: nginx/1.2.2
D/Downloader(  744): 
D/Downloader(  744): header_callback : -->Date: Mon, 20 May 2013 13:19:20 GMT
D/Downloader(  744): 
D/Downloader(  744): header_callback : -->Content-Type: application/octet-stream
D/Downloader(  744): 
D/Downloader(  744): header_callback : -->Powered-By-ChinaCache: MISS from CHN-NT-3-3FC
D/Downloader(  744): 
D/Downloader(  744): header_callback : -->Content-Range: bytes 0-1802543/1802544
D/Downloader(  744): 
D/Downloader(  744): header_callback : -->Content-Length: 1802544
D/Downloader(  744): 
D/Downloader(  744): header_callback : -->Powered-By-ChinaCache: MISS from CHN-DG-4-35F
D/Downloader(  744): 
D/Downloader(  744): header_callback : -->Connection: keep-alive
D/Downloader(  744): 
D/Downloader(  744): header_callback : -->
D/Downloader(  744): 
D/dalvikvm( 1652): GC_CONCURRENT freed 743K, 64% free 2774K/7683K, paused 2ms+6ms
D/dalvikvm( 1652): GC_CONCURRENT freed 667K, 64% free 2767K/7683K, paused 4ms+3ms
D/dalvikvm( 1652): GC_CONCURRENT freed 665K, 63% free 2855K/7683K, paused 3ms+2ms
D/dalvikvm( 1652): GC_CONCURRENT freed 784K, 64% free 2774K/7683K, paused 4ms+3ms
D/Downloader(  744): Downloadserver bandWidth:9155779
D/Downloader(  744): Downloadserver bandWidth:9155779
D/Downloader(  744): Downloadserver bandWidth:9155779
D/Downloader(  744): Downloadserver bandWidth:9155779
D/dalvikvm( 1652): GC_CONCURRENT freed 692K, 64% free 2787K/7683K, paused 2ms+3ms
I//lib/ld-linux.so.3(  748): FrmCnt:2664(0,133,19) Rate:24 Sys:1615856 STC:1113625 VPTS:1113600 APTS:1113611 Delay:15(40) V:0 A:130 VES:0x3f0380 AES:0x8010 PCM:0x4b100 AudioErr:0x0
D/dalvikvm( 1652): GC_CONCURRENT freed 706K, 64% free 2787K/7683K, paused 2ms+2ms
D/dalvikvm( 1652): GC_CONCURRENT freed 707K, 64% free 2787K/7683K, paused 2ms+3ms
D/dalvikvm( 1652): GC_CONCURRENT freed 704K, 64% free 2787K/7683K, paused 2ms+2ms
D/dalvikvm( 1652): GC_CONCURRENT freed 706K, 64% free 2787K/7683K, paused 2ms+2ms
D/dalvikvm( 1652): GC_CONCURRENT freed 707K, 64% free 2787K/7683K, paused 3ms+3ms
I//lib/ld-linux.so.3(  748): FrmCnt:2703(0,133,19) Rate:25 Sys:1617387 STC:1115156 VPTS:1115160 APTS:1115139 Delay:44(40) V:0 A:130 VES:0x3eddd0 AES:0x8020 PCM:0x4b280 AudioErr:0x0
D/dalvikvm( 1652): GC_CONCURRENT freed 707K, 64% free 2787K/7683K, paused 3ms+2ms
D/dalvikvm( 1652): GC_CONCURRENT freed 702K, 64% free 2789K/7683K, paused 3ms+3ms
D/dalvikvm( 1652): GC_CONCURRENT freed 702K, 64% free 2773K/7683K, paused 2ms+3ms
D/dalvikvm( 1652): GC_CONCURRENT freed 666K, 64% free 2814K/7683K, paused 2ms+2ms
D/dalvikvm( 1652): GC_CONCURRENT freed 734K, 64% free 2787K/7683K, paused 4ms+3ms
I//lib/ld-linux.so.3(  748): FrmCnt:2741(0,133,19) Rate:24 Sys:1618921 STC:1116690 VPTS:1116680 APTS:1116680 Delay:30(40) V:0 A:129 VES:0x403260 AES:0x8020 PCM:0x4b380 AudioErr:0x0
D/dalvikvm( 1652): GC_CONCURRENT freed 705K, 64% free 2781K/7683K, paused 2ms+3ms
D/dalvikvm( 1652): GC_CONCURRENT freed 678K, 64% free 2814K/7683K, paused 2ms+2ms
D/dalvikvm( 1652): GC_CONCURRENT freed 732K, 64% free 2781K/7683K, paused 2ms+3ms
D/dalvikvm( 1652): GC_CONCURRENT freed 678K, 64% free 2814K/7683K, paused 3ms+2ms
D/dalvikvm( 1652): GC_CONCURRENT freed 734K, 65% free 2764K/7683K, paused 2ms+4ms
I//lib/ld-linux.so.3(  748): FrmCnt:2779(0,133,19) Rate:24 Sys:1620455 STC:1118224 VPTS:1118200 APTS:1118211 Delay:16(40) V:0 A:130 VES:0x3f6c20 AES:0x8010 PCM:0x4b500 AudioErr:0x0
D/dalvikvm( 1652): GC_CONCURRENT freed 678K, 64% free 2814K/7683K, paused 2ms+3ms
D/dalvikvm( 1652): GC_CONCURRENT freed 733K, 64% free 2787K/7683K, paused 2ms+3ms
D/dalvikvm( 1652): GC_CONCURRENT freed 707K, 64% free 2787K/7683K, paused 2ms+2ms
D/dalvikvm( 1652): GC_CONCURRENT freed 705K, 64% free 2787K/7683K, paused 2ms+2ms
D/dalvikvm( 1652): GC_CONCURRENT freed 705K, 64% free 2787K/7683K, paused 2ms+3ms
I//lib/ld-linux.so.3(  748): FrmCnt:2818(0,133,19) Rate:25 Sys:1621988 STC:1119757 VPTS:1119760 APTS:1119748 Delay:43(40) V:0 A:129 VES:0x3ee260 AES:0x7ff0 PCM:0x4b680 AudioErr:0x0
D/dalvikvm( 1652): GC_CONCURRENT freed 707K, 64% free 2787K/7683K, paused 2ms+3ms
D/dalvikvm( 1652): GC_CONCURRENT freed 705K, 64% free 2787K/7683K, paused 2ms+2ms
D/DataSource_M3U8(  744): u32HLSSreamNum[0]===>u32BandWidth:1433000 
D/DataSource_M3U8(  744): getHLSPlayListInex  DownloadBandWidth:9155779   uInDex=0
D/DataSource_M3U8(  744): [M3U8] checkShouldStartNext :[84](1802544/1802544)   sequence:0  start next:85  
D/DataSource_M3U8(  744): 
D/DataSource_M3U8(  744): 
D/DataSource_M3U8(  744): 
D/DataSource_M3U8(  744): [M3U8]-7----->This :0x5fd70 --> post cmd for start next url:http://cibn-iss1.longvisionmedia.com:8088/vod/CIBN2013_CIBN2013040701173526_1433/108.ts, knowedFileSize:0, mCurDowningIndex:84
D/DataSource_M3U8(  744): 
D/DataSource_M3U8(  744): 
D/Downloader(  744): [downloadThread]Downloader::removeTask  
D/Downloader(  744): [downloadThread]StartTask:url :http://cibn-iss1.longvisionmedia.com:8088/vod/CIBN2013_CIBN2013040701173526_1433/108.ts
D/Downloader(  744): [downloadThread]task have range string:0- 
D/dalvikvm( 1652): GC_CONCURRENT freed 704K, 64% free 2787K/7683K, paused 3ms+3ms
D/dalvikvm( 1652): GC_CONCURRENT freed 706K, 65% free 2756K/7683K, paused 3ms+3ms
D/Downloader(  744): header_callback : -->HTTP/1.0 206 Partial Content
D/Downloader(  744): 
D/Downloader(  744): header_callback : -->Server: nginx/1.2.2
D/Downloader(  744): 
D/Downloader(  744): header_callback : -->Date: Mon, 20 May 2013 13:19:29 GMT
D/Downloader(  744): 
D/Downloader(  744): header_callback : -->Content-Type: application/octet-stream
D/Downloader(  744): 
D/Downloader(  744): header_callback : -->Powered-By-ChinaCache: MISS from CHN-BI-3-3n4
D/Downloader(  744): 
D/Downloader(  744): header_callback : -->Content-Range: bytes 0-1513775/1513776
D/Downloader(  744): 
D/Downloader(  744): header_callback : -->Content-Length: 1513776
D/Downloader(  744): 
D/Downloader(  744): header_callback : -->Powered-By-ChinaCache: MISS from CHN-DG-4-35F
D/Downloader(  744): 
D/Downloader(  744): header_callback : -->Connection: keep-alive
D/Downloader(  744): 
D/Downloader(  744): header_callback : -->
D/Downloader(  744): 
D/dalvikvm( 1652): GC_CONCURRENT freed 662K, 64% free 2826K/7683K, paused 3ms+2ms
D/HomePlayerLib( 1652): hostaddress count is 1
D/dalvikvm( 1652): GC_CONCURRENT freed 735K, 64% free 2775K/7683K, paused 4ms+4ms
I//lib/ld-linux.so.3(  748): FrmCnt:2856(0,133,19) Rate:24 Sys:1623521 STC:1121290 VPTS:1121280 APTS:1121282 Delay:30(40) V:0 A:129 VES:0x3f7ee0 AES:0x8020 PCM:0x4b800 AudioErr:0x0
D/dalvikvm( 1652): GC_CONCURRENT freed 677K, 64% free 2796K/7683K, paused 4ms+3ms
D/dalvikvm( 1652): GC_CONCURRENT freed 704K, 64% free 2797K/7683K, paused 2ms+3ms
D/dalvikvm( 1652): GC_CONCURRENT freed 704K, 63% free 2888K/7683K, paused 1ms+3ms
D/dalvikvm( 1652): GC_CONCURRENT freed 819K, 63% free 2877K/7683K, paused 2ms+3ms
D/dalvikvm( 1652): GC_CONCURRENT freed 826K, 64% free 2826K/7683K, paused 3ms+3ms
D/dalvikvm( 1652): GC_CONCURRENT freed 761K, 64% free 2769K/7683K, paused 3ms+3ms
I//lib/ld-linux.so.3(  748): FrmCnt:2894(0,133,19) Rate:25 Sys:1625024 STC:1122793 VPTS:1122800 APTS:1122779 Delay:47(40) V:1 A:130 VES:0x4002d0 AES:0x8000 PCM:0x4b180 AudioErr:0x0
D/Downloader(  744): Downloadserver bandWidth:4987729
D/Downloader(  744): Downloadserver bandWidth:4987729
D/Downloader(  744): Downloadserver bandWidth:4987729
D/Downloader(  744): Downloadserver bandWidth:4987729
D/dalvikvm( 1652): GC_CONCURRENT freed 666K, 64% free 2768K/7683K, paused 3ms+3ms
D/dalvikvm( 1652): GC_CONCURRENT freed 664K, 64% free 2767K/7683K, paused 2ms+4ms
D/dalvikvm( 1652): GC_CONCURRENT freed 664K, 63% free 2872K/7683K, paused 2ms+3ms
D/dalvikvm( 1652): GC_CONCURRENT freed 814K, 64% free 2782K/7683K, paused 3ms+3ms
I//lib/ld-linux.so.3(  748): FrmCnt:2932(0,133,19) Rate:24 Sys:1626556 STC:1124325 VPTS:1124320 APTS:1124309 Delay:35(40) V:1 A:130 VES:0x3f9880 AES:0x8000 PCM:0x4b900 AudioErr:0x0
D/dalvikvm( 1652): GC_CONCURRENT freed 680K, 63% free 2874K/7683K, paused 3ms+3ms
D/dalvikvm( 1652): GC_CONCURRENT freed 813K, 64% free 2782K/7683K, paused 3ms+3ms
D/dalvikvm( 1652): GC_CONCURRENT freed 678K, 64% free 2769K/7683K, paused 4ms+3ms
D/dalvikvm( 1652): GC_CONCURRENT freed 688K, 64% free 2829K/7683K, paused 2ms+3ms
D/dalvikvm( 1652): GC_CONCURRENT freed 762K, 64% free 2774K/7683K, paused 3ms+2ms
I//lib/ld-linux.so.3(  748): FrmCnt:2970(0,133,19) Rate:24 Sys:1628087 STC:1125856 VPTS:1125840 APTS:1125843 Delay:24(40) V:0 A:129 VES:0x3ddd30 AES:0x8010 PCM:0x4ba80 AudioErr:0x0
D/dalvikvm( 1652): GC_CONCURRENT freed 667K, 64% free 2814K/7683K, paused 3ms+2ms
D/dalvikvm( 1652): GC_CONCURRENT freed 734K, 64% free 2786K/7683K, paused 3ms+2ms
D/dalvikvm( 1652): GC_CONCURRENT freed 705K, 64% free 2787K/7683K, paused 2ms+3ms
D/dalvikvm( 1652): GC_CONCURRENT freed 705K, 64% free 2787K/7683K, paused 2ms+3ms
D/dalvikvm( 1652): GC_CONCURRENT freed 704K, 64% free 2787K/7683K, paused 2ms+2ms
I//lib/ld-linux.so.3(  748): FrmCnt:3008(0,133,19) Rate:24 Sys:1629617 STC:1127386 VPTS:1127360 APTS:1127371 Delay:14(40) V:0 A:129 VES:0x3ca080 AES:0x8000 PCM:0x4bc00 AudioErr:0x0
D/dalvikvm( 1652): GC_CONCURRENT freed 706K, 64% free 2787K/7683K, paused 2ms+3ms
D/DataSource_M3U8(  744): ----------UpdatePlaylistThread runing... 
D/DataSource_M3U8(  744): u32HLSSreamNum[0]===>u32BandWidth:1433000 
D/DataSource_M3U8(  744): getHLSPlayListInex  DownloadBandWidth:4987729   uInDex=0
D/DataSource_M3U8(  744): [M3U8] checkShouldStartNext :[85](1513776/1513776)   sequence:0  start next:86  
D/DataSource_M3U8(  744): 
D/DataSource_M3U8(  744): 
D/DataSource_M3U8(  744): 
D/DataSource_M3U8(  744): [M3U8]-7----->This :0x5fd70 --> post cmd for start next url:http://cibn-iss1.longvisionmedia.com:8088/vod/CIBN2013_CIBN2013040701173526_1433/109.ts, knowedFileSize:0, mCurDowningIndex:85
D/DataSource_M3U8(  744): 
D/DataSource_M3U8(  744): 
D/Downloader(  744): [downloadThread]Downloader::removeTask  
D/Downloader(  744): [downloadThread]StartTask:url :http://cibn-iss1.longvisionmedia.com:8088/vod/CIBN2013_CIBN2013040701173526_1433/109.ts
D/Downloader(  744): [downloadThread]task have range string:0- 
D/MediaPlayerService(  744): [15] notify (0x9d1b20, 3, 26, 0)
D/Downloader(  744): header_callback : -->HTTP/1.0 206 Partial Content
D/Downloader(  744): 
D/Downloader(  744): header_callback : -->Server: nginx/1.2.2
D/Downloader(  744): 
D/Downloader(  744): header_callback : -->Date: Mon, 20 May 2013 13:19:36 GMT
D/Downloader(  744): 
D/Downloader(  744): header_callback : -->Content-Type: application/octet-stream
D/Downloader(  744): 
D/Downloader(  744): header_callback : -->Powered-By-ChinaCache: MISS from CHN-NT-3-3FC
D/Downloader(  744): 
D/Downloader(  744): header_callback : -->Content-Range: bytes 0-1248695/1248696
D/Downloader(  744): 
D/Downloader(  744): header_callback : -->Content-Length: 1248696
D/Downloader(  744): 
D/Downloader(  744): header_callback : -->Powered-By-ChinaCache: MISS from CHN-DG-4-35F
D/Downloader(  744): 
D/Downloader(  744): header_callback : -->Connection: keep-alive
D/Downloader(  744): 
D/Downloader(  744): header_callback : -->
D/Downloader(  744): 
D/dalvikvm( 1652): GC_CONCURRENT freed 704K, 65% free 2764K/7683K, paused 2ms+4ms
D/dalvikvm( 1652): GC_CONCURRENT freed 666K, 64% free 2781K/7683K, paused 3ms+3ms
D/dalvikvm( 1652): GC_CONCURRENT freed 697K, 64% free 2835K/7683K, paused 4ms+2ms
D/Downloader(  744): Downloadserver bandWidth:8366472
D/Downloader(  744): Downloadserver bandWidth:8366472
D/Downloader(  744): Downloadserver bandWidth:8366472
D/Downloader(  744): Downloadserver bandWidth:8366472
D/dalvikvm( 1652): GC_CONCURRENT freed 768K, 64% free 2773K/7683K, paused 3ms+4ms
I//lib/ld-linux.so.3(  748): FrmCnt:3047(0,133,19) Rate:25 Sys:1631153 STC:1128922 VPTS:1128920 APTS:1128912 Delay:38(40) V:0 A:130 VES:0x3bf450 AES:0x8000 PCM:0x4bd00 AudioErr:0x0
D/dalvikvm( 1652): GC_CONCURRENT freed 665K, 64% free 2769K/7683K, paused 4ms+3ms
D/dalvikvm( 1652): GC_CONCURRENT freed 664K, 64% free 2768K/7683K, paused 2ms+3ms
E/fbdev   ( 1029): Attention! GFLIP time out, force update gop ring buffer!
E/fbdev   ( 1029): Attention! GFLIP time out, force update gop ring buffer!
E/fbdev   ( 1029): Attention! GFLIP time out, force update gop ring buffer!
E/fbdev   ( 1029): Attention! GFLIP time out, force update gop ring buffer!
E/fbdev   ( 1029): Attention! GFLIP time out, force update gop ring buffer!
E/fbdev   ( 1029): Attention! GFLIP time out, force update gop ring buffer!
E/fbdev   ( 1029): Attention! GFLIP time out, force update gop ring buffer!
E/fbdev   ( 1029): Attention! GFLIP time out, force update gop ring buffer!
E/fbdev   ( 1029): Attention! GFLIP time out, force update gop ring buffer!
E/fbdev   ( 1029): Attention! GFLIP time out, force update gop ring buffer!
E/fbdev   ( 1029): Attention! GFLIP time out, force update gop ring buffer!
E/fbdev   ( 1029): Attention! GFLIP time out, force update gop ring buffer!
E/fbdev   ( 1029): Attention! GFLIP time out, force update gop ring buffer!
E/fbdev   ( 1029): Attention! GFLIP time out, force update gop ring buffer!
E/fbdev   ( 1029): Attention! GFLIP time out, force update gop ring buffer!
E/fbdev   ( 1029): Attention! GFLIP time out, force update gop ring buffer!
E/fbdev   ( 1029): Attention! GFLIP time out, force update gop ring buffer!
E/fbdev   ( 1029): Attention! GFLIP time out, force update gop ring buffer!
E/fbdev   ( 1029): Attention! GFLIP time out, force update gop ring buffer!
E/fbdev   ( 1029): Attention! GFLIP time out, force update gop ring buffer!
E/fbdev   ( 1029): Attention! GFLIP time out, force update gop ring buffer!
E/fbdev   ( 1029): Attention! GFLIP time out, force update gop ring buffer!
E/fbdev   ( 1029): Attention! GFLIP time out, force update gop ring buffer!
E/fbdev   ( 1029): Attention! GFLIP time out, force update gop ring buffer!
E/fbdev   ( 1029): Attention! GFLIP time out, force update gop ring buffer!
D/dalvikvm( 1652): GC_CONCURRENT freed 666K, 63% free 2850K/7683K, paused 6ms+4ms
E/fbdev   ( 1029): Attention! GFLIP time out, force update gop ring buffer!
E/fbdev   ( 1029): Attention! GFLIP time out, force update gop ring buffer!
E/fbdev   ( 1029): Attention! GFLIP time out, force update gop ring buffer!
E/fbdev   ( 1029): Attention! GFLIP time out, force update gop ring buffer!
E/fbdev   ( 1029): Attention! GFLIP time out, force update gop ring buffer!
E/fbdev   ( 1029): Attention! GFLIP time out, force update gop ring buffer!
E/fbdev   ( 1029): Attention! GFLIP time out, force update gop ring buffer!
E/fbdev   ( 1029): Attention! GFLIP time o
ut, force update gop ring buffer!
E/fbdev   ( 1029): Attention! GFLIP time out, force update gop ring buffer!
E/fbdev   ( 1029): Attention! GFLIP time out, force update gop ring buffer!
E/fbdev   ( 1029): Attention! GFLIP time out, force update gop ring buffer!
E/fbdev   ( 1029): Attention! GFLIP time out, force update gop ring buffer!
E/fbdev   ( 1029): Attention! GFLIP time out, force update gop ring buffer!
E/fbdev   ( 1029): Attention! GFLIP time out, force update gop ring buffer!
E/fbdev   ( 1029): Attention! GFLIP time out, force update gop ring buffer!
E/fbdev   ( 1029): Attention! GFLIP time out, force update gop ring buffer!
E/fbdev   ( 1029): Attention! GFLIP time out, force update gop ring buffer!
E/fbdev   ( 1029): Attention! GFLIP time out, force update gop ring buffer!
E/fbdev   ( 1029): Attention! GFLIP time out, force update gop ring buffer!
E/fbdev   ( 1029): Attention! GFLIP time out, force update gop ring buffer!
E/fbdev   ( 1029): Attention! GFLIP time out, force update gop ring buffer!
E/fbdev   ( 1029): Attention! GFLIP time out, force update gop ring buffer!
E/fbdev   ( 1029): Attention! GFLIP time out, force update gop ring buffer!
E/fbdev   ( 1029): Attention! GFLIP time out, force update gop ring buffer!
E/fbdev   ( 1029): Attention! GFLIP time out, force update gop ring buffer!
E/fbdev   ( 1029): Attention! GFLIP time out, force update gop ring buffer!
E/fbdev   ( 1029): Attention! GFLIP time out, force update gop ring buffer!
E/fbdev   ( 1029): Attention! GFLIP time out, force update gop ring buffer!
E/fbdev   ( 1029): Attention! GFLIP time out, force update gop ring buffer!
E/fbdev   ( 1029): Attention! GFLIP time out, force update gop ring buffer!
D/dalvikvm( 1652): GC_CONCURRENT freed 786K, 64% free 2815K/7683K, paused 7ms+3ms
E/fbdev   ( 1029): Attention! GFLIP time out, force update gop ring buffer!
E/fbdev   ( 1029): Attention! GFLIP time out, force update gop ring buffer!
E/fbdev   ( 1029): Attention! GFLIP time out, force update gop ring buffer!
E/fbdev   ( 1029): Attention! GFLIP time out, force update gop ring buffer!
E/fbdev   ( 1029): Attention! GFLIP time out, force update gop ring buffer!
E/fbdev   ( 1029): Attention! GFLIP time out, force update gop ring buffer!
E/fbdev   ( 1029): Attention! GFLIP time out, force update gop ring buffer!
E/fbdev   ( 1029): Attention! GFLIP time out, force update gop ring buffer!
E/fbdev   ( 1029): Attention! GFLIP time out, force update gop ring buffer!
E/fbdev   ( 1029): Attention! GFLIP time out, force update gop ring buffer!
E/fbdev   ( 1029): Attention! GFLIP time out, force update gop ring buffer!
E/fbdev   ( 1029): Attention! GFLIP time out, force update gop ring buffer!
I//lib/ld-linux.so.3(  748): FrmCnt:3085(0,133,19) Rate:25 Sys:1632670 STC:1130439 VPTS:1130440 APTS:1130427 Delay:41(40) V:0 A:130 VES:0x3d19e0 AES:0x8020 PCM:0x4ba80 AudioErr:0x0
E/fbdev   ( 1029): Attention! GFLIP time out, force update gop ring buffer!
D/dalvikvm( 1652): GC_CONCURRENT freed 733K, 65% free 2755K/7683K, paused 3ms+3ms
E/fbdev   ( 1029): Attention! GFLIP time out, force update gop ring buffer!
E/fbdev   ( 1029): Attention! GFLIP time out, force update gop ring buffer!
E/fbdev   ( 1029): Attention! GFLIP time out, force update gop ring buffer!
E/fbdev   ( 1029): Attention! GFLIP time out, force update gop ring buffer!
E/fbdev   ( 1029): Attention! GFLIP time out, force update gop ring buffer!
E/fbdev   ( 1029): Attention! GFLIP time out, force update gop ring buffer!
E/fbdev   ( 1029): Attention! GFLIP time out, force update gop ring buffer!
E/fbdev   ( 1029): Attention! GFLIP time out, force update gop ring buffer!
E/fbdev   ( 1029): Attention! GFLIP time out, force update gop ring buffer!
E/fbdev   ( 1029): Attention! GFLIP time out, force update gop ring buffer!
E/fbdev   ( 1029): Attention! GFLIP time out, force update gop ring buffer!
E/fbdev   ( 1029): Attention! GFLIP time out, force update gop ring buffer!
E/fbdev   ( 1029): Attention! GFLIP time out, force update gop ring buffer!
D/dalvikvm( 1652): GC_CONCURRENT freed 666K, 64% free 2827K/7683K, paused 4ms+4ms
E/fbdev   ( 1029): Attention! GFLIP time out, force update gop ring buffer!
E/fbdev   ( 1029): Attention! GFLIP time out, force update gop ring buffer!
E/fbdev   ( 1029): Attention! GFLIP time out, force update gop ring buffer!
E/fbdev   ( 1029): Attention! GFLIP time out, force update gop ring buffer!
E/fbdev   ( 1029): Attention! GFLIP time out, force update gop ring buffer!
E/fbdev   ( 1029): Attention! GFLIP time out, force update gop ring buffer!
E/fbdev   ( 1029): Attention! GFLIP time out, force update gop ring buffer!
E/fbdev   ( 1029): Attention! GFLIP time out, force update gop ring buffer!
D/InputEventConsistencyVerifier( 4057): KeyEvent: ACTION_UP but key was not down.
D/InputEventConsistencyVerifier( 4057):   in com.android.internal.policy.impl.PhoneWindow$DecorView@41ea5400
D/InputEventConsistencyVerifier( 4057):   0: sent at 1633216000000, KeyEvent { action=ACTION_UP, keyCode=KEYCODE_DPAD_RIGHT, scanCode=106, metaState=0, flags=0x8, repeatCount=0, eventTime=1633216, downTime=1631698, deviceId=2, source=0x101 }
D/InputEventConsistencyVerifier( 4057):   -- recent events --
D/InputEventConsistencyVerifier( 4057):   1: sent at 1532032000000, (unhandled) KeyEvent { action=ACTION_UP, keyCode=KEYCODE_DPAD_UP, scanCode=103, metaState=0, flags=0x80000008, repeatCount=0, eventTime=1532032, downTime=1530399, deviceId=2, source=0x101 }
D/InputEventConsistencyVerifier( 4057):   2: sent at 1530224000000, (unhandled) KeyEvent { action=ACTION_UP, keyCode=KEYCODE_DPAD_DOWN, scanCode=108, metaState=0, flags=0x80000008, repeatCount=0, eventTime=1530224, downTime=1528062, deviceId=2, source=0x101 }
D/InputEventConsistencyVerifier( 4057):   3: sent at 1528024000000, (unhandled) KeyEvent { action=ACTION_UP, keyCode=KEYCODE_DPAD_DOWN, scanCode=108, metaState=0, flags=0x80000008, repeatCount=0, eventTime=1528024, downTime=1525962, deviceId=2, source=0x101 }
D/InputEventConsistencyVerifier( 4057):   4: sent at 1526776000000, (unhandled) KeyEvent { action=ACTION_UP, keyCode=KEYCODE_DPAD_DOWN, scanCode=108, metaState=0, flags=0x80000028, repeatCount=0, eventTime=1526776, downTime=1525962, deviceId=2, source=0x101 }
D/InputEventConsistencyVerifier( 4057):   5: sent at 1525776000000, (unhandled) KeyEvent { action=ACTION_UP, keyCode=KEYCODE_DPAD_RIGHT, scanCode=106, metaState=0, flags=0x80000008, repeatCount=0, eventTime=1525776, downTime=1524267, deviceId=2, source=0x101 }
E/fbdev   ( 1029): Attention! GFLIP time out, force update gop ring buffer!
D/dalvikvm( 1652): GC_CONCURRENT freed 756K, 64% free 2773K/7683K, paused 3ms+3ms
D/dalvikvm( 1652): GC_CONCURRENT freed 690K, 64% free 2788K/7683K, paused 3ms+3ms
D/dalvikvm( 1652): GC_CONCURRENT freed 705K, 64% free 2786K/7683K, paused 3ms+3ms
I//lib/ld-linux.so.3(  748): FrmCnt:3122(0,133,19) Rate:24 Sys:1634172 STC:1131941 VPTS:1131920 APTS:1131931 Delay:20(40) V:1 A:130 VES:0x3d6cf0 AES:0x8010 PCM:0x4b400 AudioErr:0x0
E/MediaControler( 4057): seek:991000
E/MediaControler( 4057): tmp tmp:2555999
E/MediaControler( 4057): seek actual:991000
D/MstarPlayer(  744): ==========MstarPlayer::seekTo 991000
D/MediaPlayerService(  744): [15] notify (0x9d1b20, 200, 32773, 0)
D/MstarPlayer(  744): set MS_PLAYER_DO_SEEK:msec=991000
D/VideoPlayer( 4057): onPlayResume
W/MediaPlayer( 4057): info/warning (32773, 0)
I/MediaPlayer.java( 4057): Info (32773,0)
I/VideoPlayer( 4057): 
                                                                  D/seekOnLoading( 4057): seekOnLoading timer is start!
D/IMMPlayer(  744): Send MM_SetTrickMode
D/IMMPlayer(  744): u32Item:1
D/IMMPlayer(  744): stTrickInfo->eMode:1
D/IMMPlayer(  744): stTrickInfo->eSpeed:1
D/IMMPlayer(  744): Get ret:0
D/DataSource_M3U8(  744): =========seekByTime  mBitRate : -1  
D/Downloader(  744): [downloadThread]background worker recv DOWNLOADER_COMMAND_REMOVE_TASK
D/Downloader(  744): [downloadThread]Downloader::removeTask  
D/Downloader(  744): [downloadThread]DOWNLOADER_COMMAND_REMOVE_TASK done
E/fbdev   ( 1029): Attention! GFLIP time out, force update gop ring buffer!
I//lib/ld-linux.so.3(  748): 1. Mode: 1, Speed: 1.
I//lib/ld-linux.so.3(  748): SetTrickMode, Mode: 1, Speed: 1.
I//lib/ld-linux.so.3(  748): Send to Co-processor: eMode: 0, eSpeed: 0.
E/fbdev   ( 1029): Attention! GFLIP time out, force update gop ring buffer!
D/DataSource_M3U8(  744): =========[M3U8]------>post cmd for seek to new url:http://cibn-iss1.longvisionmedia.com:8088/vod/CIBN2013_CIBN2013040701173526_1433/165.ts, knowedFileSize:0, mCurDowningIndex:0
D/Downloader(  744): [downloadThread]Downloader::removeTask  
D/Downloader(  744): [downloadThread]StartTask:url :http://cibn-iss1.longvisionmedia.com:8088/vod/CIBN2013_CIBN2013040701173526_1433/165.ts
D/Downloader(  744): [downloadThread]task have range string:0- 
D/IMMPlayer(  744): Send MM_DemuxReset with bDisableSync
I//lib/ld-linux.so.3(  748): DemuxReset
E/fbdev   ( 1029): Attention! GFLIP time out, force update gop ring buffer!
E/fbdev   ( 1029): Attention! GFLIP time out, force update gop ring buffer!
E/fbdev   ( 1029): Attention! GFLIP time out, force update gop ring buffer!
E/fbdev   ( 1029): Attention! GFLIP time out, force update gop ring buffer!
E/fbdev   ( 1029): Attention! GFLIP time out, force update gop ring buffer!
E/fbdev   ( 1029): Attention! GFLIP time out, force update gop ring buffer!
E/fbdev   ( 1029): Attention! GFLIP time out, force update gop ring buffer!
E/fbdev   ( 1029): Attention! GFLIP time out, force update gop ring buffer!
E/fbdev   ( 1029): Attention! GFLIP time out, force update gop ring buffer!
E/fbdev   ( 1029): Attention! GFLIP time out, force update gop ring buffer!
E/fbdev   ( 1029): Attention! GFLIP time out, force update gop ring buffer!
E/fbdev   ( 1029): Attention! GFLIP time out, force update gop ring buffer!
E/fbdev   ( 1029): Attention! GFLIP time out, force update gop ring buffer!
E/fbdev   ( 1029): Attention! GFLIP time out, force update gop ring buffer!
D/dalvikvm( 1652): GC_CONCURRENT freed 706K, 64% free 2787K/7683K, paused 3ms+14ms
E/fbdev   ( 1029): Attention! GFLIP time out, force update gop ring buffer!
E/fbdev   ( 1029): Attention! GFLIP time out, force update gop ring buffer!
E/fbdev   ( 1029): Attention! GFLIP time out, force update gop ring buffer!
E/fbdev   ( 1029): Attention! GFLIP time out, force update gop ring buffer!
D/HomePlayerLib( 1652): hostaddress count is 1
E/fbdev   ( 1029): Attention! GFLIP time out, force update gop ring buffer!
I//lib/ld-linux.so.3(  748): Load AAC Audio Codec.
I//lib/ld-linux.so.3(  748): ========AAC Audio Codec========
I//lib/ld-linux.so.3(  748): ===== Check Audio Decoder Protection from hash-key IP =====
I//lib/ld-linux.so.3(  748): Hash-key Support DD.
I//lib/ld-linux.so.3(  748): Hash-key Support DD+.
I//lib/ld-linux.so.3(  748): Hash-key Support Generic HE-AAC !!
I//lib/ld-linux.so.3(  748): Hash-key Support WMA.
I//lib/ld-linux.so.3(  748): Hash-key Support DRA.
I//lib/ld-linux.so.3(  748): ===== Check Protection IP End                         =====
I//lib/ld-linux.so.3(  748): ******Amplifier_TI5707_SWMute(0)
I//lib/ld-linux.so.3(  748): 5707write fail = 7
I//lib/ld-linux.so.3(  748): 5707write fail = 7
I//lib/ld-linux.so.3(  748): 5707write fail = 7
I//lib/ld-linux.so.3(  748): 5707write fail = 7
I//lib/ld-linux.so.3(  748): 5707write fail = 6
D/Downloader(  744): header_callback : -->HTTP/1.0 206 Partial Content
D/Downloader(  744): 
D/Downloader(  744): header_callback : -->Server: nginx/1.2.2
D/Downloader(  744): 
D/Downloader(  744): header_callback : -->Date: Mon, 20 May 2013 13:19:40 GMT
D/Downloader(  744): 
D/Downloader(  744): header_callback : -->Content-Type: application/octet-stream
D/Downloader(  744): 
D/Downloader(  744): header_callback : -->Powered-By-ChinaCache: MISS from CHN-NT-3-3FC
D/Downloader(  744): 
