D/InputEventConsistencyVerifier( 2904):   3: sent at 925975652000, MotionEvent { action=ACTION_MOVE, id[0]=0, x[0]=620.5152, y[0]=404.258, toolType[0]=TOOL_TYPE_FINGER, buttonState=0, metaState=0, flags=0x0, edgeFlags=0x0, pointerCount=1, historySize=0, eventTime=925975, downTime=925784, deviceId=4, source=0x1002 }
D/InputEventConsistencyVerifier( 2904):   4: sent at 925964213000, MotionEvent { action=ACTION_MOVE, id[0]=0, x[0]=631.50665, y[0]=394.27185, toolType[0]=TOOL_TYPE_FINGER, buttonState=0, metaState=0, flags=0x0, edgeFlags=0x0, pointerCount=1, historySize=0, eventTime=925964, downTime=925784, deviceId=4, source=0x1002 }
D/InputEventConsistencyVerifier( 2904):   5: sent at 925940577000, MotionEvent { action=ACTION_MOVE, id[0]=0, x[0]=681.4676, y[0]=359.3204, toolType[0]=TOOL_TYPE_FINGER, buttonState=0, metaState=0, flags=0x0, edgeFlags=0x0, pointerCount=1, historySize=0, eventTime=925940, downTime=925784, deviceId=4, source=0x1002 }
D/ScaleViewPanel( 2904): dispatchDraw
D/dalvikvm( 1754): GC_CONCURRENT freed 736K, 65% free 2646K/7491K, paused 3ms+3ms
W/ActivityManager( 1082): Activity destroy timeout for ActivityRecord{418104d8 com.eshore.efilm/.Efilm}
D/dalvikvm( 1754): GC_CONCURRENT freed 712K, 66% free 2614K/7491K, paused 2ms+2ms

[  930.929934] IR: [03932] scan key value is 0xed12c936 
[  930.929938]  D/ScaleViewPanel( 2904): dispatchDraw
D/InputEventConsistencyVerifier( 2904): KeyEvent: ACTION_UP but key was not down.
D/InputEventConsistencyVerifier( 2904):   in com.fiship.cibn.view.ScaleViewPanel@416dbcd8
D/InputEventConsistencyVerifier( 2904):   0: sent at 931100000000, KeyEvent { action=ACTION_UP, keyCode=KEYCODE_DPAD_LEFT, scanCode=105, metaState=0, flags=0x8, repeatCount=0, eventTime=931100, downTime=930935, deviceId=1, source=0x101 }
D/dalvikvm( 1754): GC_CONCURRENT freed 686K, 65% free 2652K/7491K, paused 4ms+3ms
D/ScaleViewPanel( 2904): dispatchDraw
D/MonitorCw880( 1659): counter=4 && isHeartbeatTimeout=false

[  931.440859] IR: [03932] scan key value is 0xeb14c936 
[  931.440865]  D/dalvikvm( 1754): GC_CONCURRENT freed 733K, 65% free 2650K/7491K, paused 2ms+3ms
D/ScaleViewPanel( 2904): dispatchDraw

[  931.493398] IR: [03932] scan key value is 0xeb14c936 
[  931.493403]  D/InputEventConsistencyVerifier( 2904): KeyEvent: ACTION_UP but key was not down.
D/InputEventConsistencyVerifier( 2904):   in com.fiship.cibn.view.ScaleViewPanel@416dc340
D/InputEventConsistencyVerifier( 2904):   0: sent at 931660000000, KeyEvent { action=ACTION_UP, keyCode=KEYCODE_DPAD_RIGHT, scanCode=106, metaState=0, flags=0x8, repeatCount=0, eventTime=931660, downTime=931446, deviceId=1, source=0x101 }
D/InputEventConsistencyVerifier( 2904):   -- recent events --
D/InputEventConsistencyVerifier( 2904):   1: sent at 930935000000, (unhandled) KeyEvent { action=ACTION_DOWN, keyCode=KEYCODE_DPAD_LEFT, scanCode=105, metaState=0, flags=0x8, repeatCount=0, eventTime=930935, downTime=930935, deviceId=1, source=0x101 }
D/InputEventConsistencyVerifier( 2904):   2: sent at 930656000000, (unhandled) KeyEvent { action=ACTION_UP, keyCode=KEYCODE_DPAD_DOWN, scanCode=108, metaState=0, flags=0x80000008, repeatCount=0, eventTime=930656, downTime=930443, deviceId=1, source=0x101 }
D/ScaleViewPanel( 2904): dispatchDraw
D/dalvikvm( 1754): GC_CONCURRENT freed 730K, 66% free 2614K/7491K, paused 2ms+2ms

[  931.881382] IR: [03932] scan key value is 0xed12c936 
[  931.881387]  D/ScaleViewPanel( 2904): dispatchDraw

[  931.933939] IR: [03932] scan key value is 0xed12c936 
[  931.933944]  D/dalvikvm( 1754): GC_CONCURRENT freed 669K, 65% free 2643K/7491K, paused 2ms+2ms
D/InputEventConsistencyVerifier( 2904): KeyEvent: ACTION_UP but key was not down.
D/InputEventConsistencyVerifier( 2904):   in com.fiship.cibn.view.ScaleViewPanel@416dbcd8
D/InputEventConsistencyVerifier( 2904):   0: sent at 932100000000, KeyEvent { action=ACTION_UP, keyCode=KEYCODE_DPAD_LEFT, scanCode=105, metaState=0, flags=0x8, repeatCount=0, eventTime=932100, downTime=931887, deviceId=1, source=0x101 }
D/InputEventConsistencyVerifier( 2904):   -- recent events --
D/InputEventConsistencyVerifier( 2904):   1: sent at 931446000000, (unhandled) KeyEvent { action=ACTION_DOWN, keyCode=KEYCODE_DPAD_RIGHT, scanCode=106, metaState=0, flags=0x8, repeatCount=0, eventTime=931446, downTime=931446, deviceId=1, source=0x101 }
D/InputEventConsistencyVerifier( 2904):   2: sent at 931100000000, (unhandled) KeyEvent { action=ACTION_UP, keyCode=KEYCODE_DPAD_LEFT, scanCode=105, metaState=0, flags=0x80000008, repeatCount=0, eventTime=931100, downTime=930935, deviceId=1, source=0x101 }
D/ScaleViewPanel( 2904): dispatchDraw

[  932.246567] IR: [03932] scan key value is 0xea15c936 
[  932.246571]  E/WindowManager( 1082): ##############################dispatchUnhandledKey

[  932.299122] IR: [03932] scan key value is 0xea15c936 
[  932.299127]  D/dalvikvm( 1754): GC_CONCURRENT freed 703K, 66% free 2558K/7491K, paused 3ms+2ms

[  932.627670] IR: [03932] scan key value is 0xeb14c936 
[  932.627674]  D/dalvikvm( 1754): GC_CONCURRENT freed 606K, 66% free 2568K/7491K, paused 2ms+3ms

[  932.680231] IR: [03932] scan key value is 0xeb14c936 
[  932.680237]  D/dalvikvm( 2904): GC_FOR_ALLOC freed 1526K, 22% free 26801K/34179K, paused 60ms
I/dalvikvm-heap( 2904): Grow heap (frag case) to 30.420MB for 679632-byte allocation
D/dalvikvm( 2904): GC_FOR_ALLOC freed 2K, 22% free 27462K/34883K, paused 56ms
I/PortalRefreshService( 2904): PortalService downloading...  CConstants.DOWNLOAD_DATA_INDEX = 3
I/PortalRefreshService( 2904):      PortalService downlaod Recommand data OK...
I/PortalRefreshService( 2904):  === PortalService send Broadcast OK...
D/ScaleViewPanel( 2904): dispatchDraw
I/MainActivity( 2904):  === Get Broadcast And Start Update Data...
I/MainActivity( 2904):  === MainActivity start updateData...
I/AVZoneManagerImpl( 2904): AVZone - UpdateData
E/        ( 2904): get vaddr failed:pvaddr_read=0x601cc000,pvaddr_internal=0x602cc000,pvaddr_write=0x0
E/        ( 2904): get vaddr failed:pvaddr_read=0x601cc000,pvaddr_internal=0x602cc000,pvaddr_write=0x0
D/dalvikvm( 2904): GC_FOR_ALLOC freed 1699K, 23% free 26876K/34883K, paused 45ms
I/dalvikvm-heap( 2904): Grow heap (frag case) to 30.560MB for 748560-byte allocation
D/dalvikvm( 1754): GC_CONCURRENT freed 629K, 65% free 2637K/7491K, paused 2ms+2ms
D/dalvikvm( 2904): GC_FOR_ALLOC freed 1K, 23% free 27605K/35651K, paused 49ms
E/        ( 2904): get vaddr failed:pvaddr_read=0x601cc000,pvaddr_internal=0x602cc000,pvaddr_write=0x0
E/        ( 2904): get vaddr failed:pvaddr_read=0x601cc000,pvaddr_internal=0x602cc000,pvaddr_write=0x0
E/        ( 2904): get vaddr failed:pvaddr_read=0x601cc000,pvaddr_internal=0x602cc000,pvaddr_write=0x0
E/        ( 2904): get vaddr failed:pvaddr_read=0x601cc000,pvaddr_internal=0x602cc000,pvaddr_write=0x0
D/dalvikvm( 2904): GC_CONCURRENT freed 1722K, 22% free 27808K/35651K, paused 2ms+8ms
E/        ( 2904): get vaddr failed:pvaddr_read=0x601cc000,pvaddr_internal=0x602cc000,pvaddr_write=0x0
E/        ( 2904): get vaddr failed:pvaddr_read=0x601cc000,pvaddr_internal=0x602cc000,pvaddr_write=0x0
D/dalvikvm( 2904): GC_FOR_ALLOC freed 598K, 22% free 27971K/35651K, paused 42ms
I/dalvikvm-heap( 2904): Grow heap (frag case) to 31.630MB for 748560-byte allocation
D/MonitorCw880( 1659): counter=6 && isHeartbeatTimeout=false
D/dalvikvm( 2904): GC_FOR_ALLOC freed <1K, 22% free 28702K/36419K, paused 52ms
D/dalvikvm( 1754): GC_CONCURRENT freed 718K, 65% free 2657K/7491K, paused 2ms+2ms
E/        ( 2904): get vaddr failed:pvaddr_read=0x601cc000,pvaddr_internal=0x602cc000,pvaddr_write=0x0
E/        ( 2904): get vaddr failed:pvaddr_read=0x601cc000,pvaddr_internal=0x602cc000,pvaddr_write=0x0
E/        ( 2904): get vaddr failed:pvaddr_read=0x601cc000,pvaddr_internal=0x602cc000,pvaddr_write=0x0
D/dalvikvm( 2904): GC_CONCURRENT freed 1588K, 20% free 29137K/36419K, paused 3ms+7ms
E/        ( 2904): get vaddr failed:pvaddr_read=0x601cc000,pvaddr_internal=0x602cc000,pvaddr_write=0x0
D/InputEventConsistencyVerifier( 2904): KeyEvent: ACTION_UP but key was not down.
D/InputEventConsistencyVerifier( 2904):   in com.fiship.cibn.view.ScaleViewPanel@416dc340
D/InputEventConsistencyVerifier( 2904):   0: sent at 932844000000, KeyEvent { action=ACTION_UP, keyCode=KEYCODE_DPAD_RIGHT, scanCode=106, metaState=0, flags=0x8, repeatCount=0, eventTime=932844, downTime=932633, deviceId=1, source=0x101 }
D/InputEventConsistencyVerifier( 2904):   -- recent events --
D/InputEventConsistencyVerifier( 2904):   1: sent at 931887000000, (unhandled) KeyEvent { action=ACTION_DOWN, keyCode=KEYCODE_DPAD_LEFT, scanCode=105, metaState=0, flags=0x8, repeatCount=0, eventTime=931887, downTime=931887, deviceId=1, source=0x101 }
D/InputEventConsistencyVerifier( 2904):   2: sent at 931660000000, (unhandled) KeyEvent { action=ACTION_UP, keyCode=KEYCODE_DPAD_RIGHT, scanCode=106, metaState=0, flags=0x80000008, repeatCount=0, eventTime=931660, downTime=931446, deviceId=1, source=0x101 }
D/InputEventConsistencyVerifier( 2904):   3: sent at 930935000000, (unhandled) KeyEvent { action=ACTION_DOWN, keyCode=KEYCODE_DPAD_LEFT, scanCode=105, metaState=0, flags=0x8, repeatCount=0, eventTime=930935, downTime=930935, deviceId=1, source=0x101 }
D/InputEventConsistencyVerifier( 2904):   4: sent at 930656000000, (unhandled) KeyEvent { action=ACTION_UP, keyCode=KEYCODE_DPAD_DOWN, scanCode=108, metaState=0, flags=0x80000008, repeatCount=0, eventTime=930656, downTime=930443, deviceId=1, source=0x101 }
D/ScaleViewPanel( 2904): dispatchDraw
D/dalvikvm( 1754
[  933.607129] IR: [03932] scan key value is 0xea15c936 
[  933.607134]  ): GC_CONCURRENT freed 743K, 65% free 2659K/7491K, paused 1ms+2ms
D/ScaleViewPanel( 2904): dispatchDraw
D/ScaleViewPanel( 2904): dispatchDraw
D/InputEventConsistencyVerifier( 2904): KeyEvent: ACTION_UP but key was not down.
D/InputEventConsistencyVerifier( 2904):   in com.fiship.cibn.view.ScaleViewPanel@415d45c8
D/InputEventConsistencyVerifier( 2904):   0: sent at 933772000000, KeyEvent { action=ACTION_UP, keyCode=KEYCODE_DPAD_DOWN, scanCode=108, metaState=0, flags=0x8, repeatCount=0, eventTime=933772, downTime=933613, deviceId=1, source=0x101 }
D/ScaleViewPanel( 2904): dispatchDraw
D/dalvikvm( 1754): GC_CONCURRENT freed 745K, 65% free 2659K/7491K, paused 4ms+2ms
D/dalvikvm( 1754): GC_CONCURRENT freed 739K, 65% free 2656K/7491K, paused 2ms+2ms

[  934.233661] IR: [03932] scan key value is 0xeb14c936 
[  934.233666]  D/ScaleViewPanel( 2904): dispatchDraw
D/ScaleViewPanel( 2904): dispatchDraw

[  934.286220] IR: [03932] scan key value is 0xeb14c936 
[  934.286225]  D/InputEventConsistencyVerifier( 2904): KeyEvent: ACTION_UP but key was not down.
D/InputEventConsistencyVerifier( 2904):   in com.fiship.cibn.view.ScaleViewPanel@415d7ae0
D/InputEventConsistencyVerifier( 2904):   0: sent at 934456000000, KeyEvent { action=ACTION_UP, keyCode=KEYCODE_DPAD_RIGHT, scanCode=106, metaState=0, flags=0x8, repeatCount=0, eventTime=934456, downTime=934239, deviceId=1, source=0x101 }
D/ScaleViewPanel( 2904): dispatchDraw
D/dalvikvm( 1754): GC_CONCURRENT freed 740K, 66% free 2616K/7491K, paused 2ms+3ms

[  934.732634] IR: [03932] scan key value is 0xeb14c936 
[  934.732639]  D/ScaleViewPanel( 2904): dispatchDraw
D/dalvikvm( 1754): GC_CONCURRENT freed 672K, 66% free 2557K/7491K, paused 3ms+3ms
D/InputEventConsistencyVerifier( 2904): KeyEvent: ACTION_UP but key was not down.
D/InputEventConsistencyVerifier( 2904):   in com.fiship.cibn.view.ScaleViewPanel@417b6a08
D/InputEventConsistencyVerifier( 2904):   0: sent at 934900000000, KeyEvent { action=ACTION_UP, keyCode=KEYCODE_DPAD_RIGHT, scanCode=106, metaState=0, flags=0x8, repeatCount=0, eventTime=934900, downTime=934738, deviceId=1, source=0x101 }
D/ScaleViewPanel( 2904): dispatchDraw

[  935.067780] IR: [03932] scan key value is 0xec13c936 
[  935.067785]  D/dalvikvm( 1754): GC_CONCURRENT freed 608K, 66% free 2569K/7491K, paused 1ms+2ms
I/MainActivity( 2904): onClick -> 52060
I/ActivityManager( 1082): START {cmp=com.fiship.cibn/.activity.MyAppActivity (has extras)} from pid 2904
D/MonitorCw880( 1659): counter=8 && isHeartbeatTimeout=false
W/WindowManager( 1082): Token{41485010 ActivityRecord{41457cb0 com.fiship.cibn/.activity.MyAppActivity}} failed creating starting window
W/WindowManager( 1082): android.view.InflateException: Binary XML file line #34: Error inflating class <unknown>
W/WindowManager( 1082):         at android.view.LayoutInflater.createView(LayoutInflater.java:606)
W/WindowManager( 1082):         at com.android.internal.policy.impl.PhoneLayoutInflater.onCreateView(PhoneLayoutInflater.java:56)
W/WindowManager( 1082):         at android.view.LayoutInflater.onCreateView(LayoutInflater.java:653)
W/WindowManager( 1082):         at android.view.LayoutInflater.createViewFromTag(LayoutInflater.java:678)
W/WindowManager( 1082):         at android.view.LayoutInflater.rInflate(LayoutInflater.java:739)
W/WindowManager( 1082):         at android.view.LayoutInflater.inflate(LayoutInflater.java:489)
W/WindowManager( 1082):         at android.view.LayoutInflater.inflate(LayoutInflater.java:396)
W/WindowManager( 1082):         at android.view.LayoutInflater.inflate(LayoutInflater.java:352)
W/WindowManager( 1082):         at com.android.internal.policy.impl.PhoneWindow.generateLayout(PhoneWindow.java:2707)
W/WindowManager( 1082):         at com.android.internal.policy.impl.PhoneWindow.installDecor(PhoneWindow.java:2767)
W/WindowManager( 1082):         at com.android.internal.policy.impl.PhoneWindow.getDecorView(PhoneWindow.java:1534)
W/WindowManager( 1082):         at com.android.internal.policy.impl.PhoneWindowManager.addStartingWindow(PhoneWindowManager.java:1340)
W/WindowManager( 1082):         at com.android.server.wm.WindowManagerService$H.handleMessage(WindowManagerService.java:6631)
W/WindowManager( 1082):         at android.os.Handler.dispatchMessage(Handler.java:99)
W/WindowManager( 1082):         at android.os.Looper.loop(Looper.java:137)
W/WindowManager( 1082):         at com.android.server.wm.WindowManagerService$WMThread.run(WindowManagerService.java:704)
W/WindowManager( 1082): Caused by: java.lang.reflect.InvocationTargetException
W/WindowManager( 1082):         at java.lang.reflect.Constructor.constructNative(Native Method)
W/WindowManager( 1082):         at java.lang.reflect.Constructor.newInstance(Constructor.java:417)
W/WindowManager( 1082):         at android.view.LayoutInflater.createView(LayoutInflater.java:586)
W/WindowManager( 1082):         ... 15 more
W/WindowManager( 1082): Caused by: android.content.res.Resources$NotFoundException: Resource is not a Drawable (color or path): TypedValue{t=0x2/d=0x1010059 a=-1}
W/WindowManager( 1082):         at android.content.res.Resources.loadDrawable(Resources.java:1897)
W/WindowManager( 1082):         at android.content.res.TypedArray.getDrawable(TypedArray.java:601)
W/WindowManager( 1082):         at android.widget.FrameLayout.<init>(FrameLayout.java:107)
W/WindowManager( 1082):         at android.widget.FrameLayout.<init>(FrameLayout.java:95)
W/WindowManager( 1082):         ... 18 more
V/MainActivity( 2904): onlineMovice  null
V/MainActivity( 2904): userName = null ;passwd = null ; DiviceId = null
I/MainActivity( 2904):  onPause
D/dalvikvm( 1754): GC_CONCURRENT freed 623K, 67% free 2542K/7491K, paused 2ms+5ms
D/dalvikvm( 1754): GC_CONCURRENT freed 573K, 66% free 2599K/7491K, paused 2ms+10ms
I/Process ( 1082): Sending signal. PID: 2904 SIG: 3
I/dalvikvm( 2904): threadid=3: reacting to signal 3
I/dalvikvm( 2904): Wrote stack traces to '/data/anr/traces.txt'
I/PortalRefreshService( 2904): PortalService downloading...  CConstants.DOWNLOAD_DATA_INDEX = 4
I/PortalRefreshService( 2904):      PortalService downlaod Flysee data OK...
I/PortalRefreshService( 2904):  === PortalService send Broadcast OK...
D/dalvikvm( 1754): GC_CONCURRENT freed 660K, 65% free 2643K/7491K, paused 2ms+2ms
D/dalvikvm( 2904): GC_CONCURRENT freed 3975K, 26% free 27137K/36419K, paused 3ms+13ms
I/Process ( 1082): Sending signal. PID: 2904 SIG: 3
I/dalvikvm( 2904): threadid=3: reacting to signal 3
D/dalvikvm( 2904): ExtrMon: insns 0x0 not valid (0x0 - 0x0)
I/dalvikvm( 2904): Wrote stack traces to '/data/anr/traces.txt'
D/dalvikvm( 1754): GC_CONCURRENT freed 704K, 65% free 2644K/7491K, paused 2ms+3ms
D/dalvikvm( 2904): GC_FOR_ALLOC freed 286K, 22% free 28724K/36419K, paused 44ms
D/dalvikvm( 1754): GC_CONCURRENT freed 705K, 65% free 2644K/7491K, paused 2ms+3ms
I/Process ( 1082): Sending signal. PID: 2904 SIG: 3
I/dalvikvm( 2904): threadid=3: reacting to signal 3
I/dalvikvm( 2904): Wrote stack traces to '/data/anr/traces.txt'
D/dalvikvm( 2904): GC_CONCURRENT freed 397K, 17% free 30318K/36419K, paused 2ms+8ms
I/MainActivity( 2904):  === Get Broadcast And Start Update Data...
I/MainActivity( 2904):  === MainActivity start updateData...
D/dalvikvm( 1754): GC_CONCURRENT freed 704K, 65% free 2643K/7491K, paused 2ms+3ms
D/MonitorCw880( 1659): counter=10 && isHeartbeatTimeout=false
I/BrandZoneManagerImpl( 2904): BrandZone - UpdateData
I/Process ( 1082): Sending signal. PID: 2904 SIG: 3
I/dalvikvm( 2904): threadid=3: reacting to signal 3
D/dalvikvm( 2904): ExtrMon: insns 0x0 not valid (0x0 - 0x0)
I/dalvikvm( 2904): Wrote stack traces to '/data/anr/traces.txt'
E/        ( 2904): get vaddr failed:pvaddr_read=0x601cc000,pvaddr_internal=0x602cc000,pvaddr_write=0x0
E/        ( 2904): get vaddr failed:pvaddr_read=0x601cc000,pvaddr_internal=0x602cc000,pvaddr_write=0x0
D/dalvikvm( 1754): GC_CONCURRENT freed 703K, 65% free 2644K/7491K, paused 5ms+4ms
E/        ( 2904): get vaddr failed:pvaddr_read=0x601cc000,pvaddr_internal=0x602cc000,pvaddr_write=0x0
E/        ( 2904): get vaddr failed:pvaddr_read=0x601cc000,pvaddr_internal=0x602cc000,pvaddr_write=0x0
D/dalvikvm( 2904): GC_FOR_ALLOC freed 1185K, 16% free 30927K/36419K, paused 53ms
E/        ( 2904): get vaddr failed:pvaddr_read=0x601cc000,pvaddr_internal=0x602cc000,pvaddr_write=0x0
E/        ( 2904): get vaddr failed:pvaddr_read=0x601cc000,pvaddr_internal=0x602cc000,pvaddr_write=0x0
D/dalvikvm( 2904): GC_FOR_ALLOC freed 584K, 15% free 31104K/36419K, paused 54ms
E/        ( 2904): get vaddr failed:pvaddr_read=0x601cc000,pvaddr_internal=0x602cc000,pvaddr_write=0x0
E/        ( 2904): get vaddr failed:pvaddr_read=0x601cc000,pvaddr_internal=0x602cc000,pvaddr_write=0x0
D/dalvikvm( 2904): GC_FOR_ALLOC freed 582K, 15% free 31283K/36611K, paused 55ms
E/        ( 2904): get vaddr failed:pvaddr_read=0x601cc000,pvaddr_internal=0x602cc000,pvaddr_write=0x0
E/        ( 2904): get vaddr failed:pvaddr_read=0x601cc000,pvaddr_internal=0x602cc000,pvaddr_write=0x0
D/dalvikvm( 1754): GC_CONCURRENT freed 728K, 66% free 2619K/7491K, paused 2ms+2ms
D/dalvikvm( 2904): GC_FOR_ALLOC freed 582K, 15% free 31463K/36803K, paused 55ms
E/        ( 2904): get vaddr failed:pvaddr_read=0x601cc000,pvaddr_internal=0x602cc000,pvaddr_write=0x0
E/        ( 2904): get vaddr failed:pvaddr_read=0x601cc000,pvaddr_internal=0x602cc000,pvaddr_write=0x0
D/dalvikvm( 2904): GC_FOR_ALLOC freed 582K, 15% free 31642K/36995K, paused 57ms
E/        ( 2904): get vaddr failed:pvaddr_read=0x601cc000,pvaddr_internal=0x602cc000,pvaddr_write=0x0
E/        ( 2904): get vaddr failed:pvaddr_read=0x601cc000,pvaddr_internal=0x602cc000,pvaddr_write=0x0
I/Process ( 1082): Sending signal. PID: 2904 SIG: 3
I/dalvikvm( 2904): threadid=3: reacting to signal 3
I/dalvikvm( 2904): Wrote stack traces to '/data/anr/traces.txt'
I/dalvikvm( 1082): Jit: resizing JitTable from 8192 to 16384
D/dalvikvm( 2904): GC_FOR_ALLOC freed 582K, 15% free 31821K/37187K, paused 53ms
E/        ( 2904): get vaddr failed:pvaddr_read=0x601cc000,pvaddr_internal=0x602cc000,pvaddr_write=0x0
E/        ( 2904): get vaddr failed:pvaddr_read=0x601cc000,pvaddr_internal=0x602cc000,pvaddr_write=0x0
D/dalvikvm( 2904): GC_FOR_ALLOC freed 580K, 15% free 32000K/37379K, paused 70ms
D/dalvikvm( 1754): GC_CONCURRENT freed 679K, 65% free 2643K/7491K, paused 3ms+3ms
E/        ( 2904): get vaddr failed:pvaddr_read=0x601cc000,pvaddr_internal=0x602cc000,pvaddr_write=0x0
E/        ( 2904): get vaddr failed:pvaddr_read=0x601cc000,pvaddr_internal=0x602cc000,pvaddr_write=0x0
D/dalvikvm( 2904): GC_FOR_ALLOC freed 1318K, 16% free 32015K/37699K, paused 53ms
E/        ( 2904): get vaddr failed:pvaddr_read=0x601cc000,pvaddr_internal=0x602cc000,pvaddr_write=0x0
E/        ( 2904): get vaddr failed:pvaddr_read=0x601cc000,pvaddr_internal=0x602cc000,pvaddr_write=0x0
E/        ( 2904): get vaddr failed:pvaddr_read=0x601cc000,pvaddr_internal=0x602cc000,pvaddr_write=0x0
E/        ( 2904): get vaddr failed:pvaddr_read=0x601cc000,pvaddr_internal=0x602cc000,pvaddr_write=0x0
D/dalvikvm( 2904): GC_FOR_ALLOC freed 1338K, 16% free 31963K/37699K, paused 52ms
D/dalvikvm( 1754): GC_CONCURRENT freed 703K, 65% free 2644K/7491K, paused 2ms+3ms
I/Process ( 1082): Sending signal. PID: 2904 SIG: 3
I/dalvikvm( 2904): threadid=3: reacting to signal 3
I/dalvikvm( 2904): Wrote stack traces to '/data/anr/traces.txt'
W/ResourceType( 1082): Skipping entry 0x7f040002 in package table 0 because it is not complex!
I/ActivityManager( 1082): Displayed com.fiship.cibn/.activity.MyAppActivity: +3s111ms
W/ResourceType( 1082): Skipping entry 0x7f040005 in package table 0 because it is not complex!
D/OpenGLRenderer( 2904): Flushing caches (mode 0)
D/dalvikvm( 1754): GC_CONCURRENT freed 704K, 65% free 2643K/7491K, paused 3ms+2ms
I/MainActivity( 2904):  onStop
D/dalvikvm( 1754): GC_CONCURRENT freed 703K, 66% free 2558K/7491K, paused 2ms+3ms
I/PortalRefreshService( 2904): PortalService DownlaodThread Stop...
D/dalvikvm( 1754): GC_CONCURRENT freed 610K, 66% free 2568K/7491K, paused 2ms+3ms
D/MonitorCw880( 1659): counter=12 && isHeartbeatTimeout=false
D/dalvikvm( 1754): GC_CONCURRENT freed 622K, 66% free 2568K/7491K, paused 2ms+2ms
D/dalvikvm( 1754): GC_CONCURRENT freed 613K, 66% free 2556K/7491K, paused 3ms+2ms

[  939.715742] IR: [03932] scan key value is 0xea15c936 
[  939.715747]  
[  939.768355] IR: [03932] scan key value is 0xea15c936 
[  939.768364]  D/InputEventConsistencyVerifier( 2904): KeyEvent: ACTION_UP but key was not down.
D/InputEventConsistencyVerifier( 2904):   in com.fiship.cibn.view.MyAppItemView@42b0c310
D/InputEventConsistencyVerifier( 2904):   0: sent at 939936000000, KeyEvent { action=ACTION_UP, keyCode=KEYCODE_DPAD_DOWN, scanCode=108, metaState=0, flags=0x8, repeatCount=0, eventTime=939936, downTime=939721, deviceId=1, source=0x101 }
D/dalvikvm( 1754): GC_CONCURRENT freed 609K, 66% free 2569K/7491K, paused 3ms+3ms
D/HomePlayerLib( 1754): hostaddress count is 2
I/MainActivity( 2904):   --RoadPath ViewId: 52060
I/MainActivity( 2904):   --RoadPath ViewId: 52059
I/MainActivity( 2904):   --RoadPath ViewId: 52058
I/MainActivity( 2904):   --RoadPath ViewId: 52055
I/MainActivity( 2904):   --RoadPath ViewId: 52054
I/MainActivity( 2904):   --RoadPath ViewId: 2131492916
I/MainActivity( 2904):   --RoadPath ViewId: 2131492914
I/MainActivity( 2904):   --RoadPath ViewId: 2131492915
I/MainActivity( 2904):   --RoadPath ViewId: 2131492913
D/dalvikvm( 1754): GC_CONCURRENT freed 620K, 65% free 2691K/7491K, paused 2ms+2ms
I/UpdateCibnApkService( 2904): onCreate
I/UpdateCibnApkService( 2904): onStartCommand
I/UpdateCibnApkService( 2904): onStart
V/WeatherService( 2904): onStartCommand
V/WeatherService( 2904): send msg to handler.
V/WeatherService( 2904):  start the WeatherService
V/WeatherService( 2904): begin to get the weather url!
V/WeatherPosterTask( 2904): the get weather url : http://cibn-iepg.coship.com:8088/iepg/getPram?PramName=weather&version=weather
D/dalvikvm( 1754): GC_CONCURRENT freed 787K, 66% free 2555K/7491K, paused 3ms+5ms
V/WeatherPosterTask( 2904): urlhttp://php.weather.sina.com.cn/iframe/index/w_cl.php?day=1
V/WeatherService( 2904): begin to get data!
V/WeatherTask( 2904): init WeatherTask
V/WeatherTask( 2904): run()
V/WeatherTask( 2904): connect the url is ok : http://php.weather.sina.com.cn/iframe/index/w_cl.php?day=1
V/WeatherTask( 2904):   weatherPinYin ==> duoyun
V/WeatherTask( 2904): the weather poster url : http://cibn-iepg.coship.com:8088/weather/duoyun.png
D/dalvikvm( 1754): GC_CONCURRENT freed 599K, 65% free 2671K/7491K, paused 2ms+2ms
V/MainActivity( 2904): the weather result  : 

[  940.609980] IR: [03932] scan key value is 0xed12c936 
[  940.609985]  D/dalvikvm( 1754): GC_CONCURRENT freed 711K, 64% free 2714K/7491K, paused 2ms+2ms

[  940.662561] IR: [03932] scan key value is 0xed12c936 
[  940.662566]  D/dalvikvm( 1754): GC_CONCURRENT freed 814K, 65% free 2667K/7491K, paused 2ms+3ms
D/InputEventConsistencyVerifier( 2904): KeyEvent: ACTION_UP but key was not down.
D/InputEventConsistencyVerifier( 2904):   in com.fiship.cibn.view.MyAppView@42d88fb8
D/InputEventConsistencyVerifier( 2904):   0: sent at 940828000000, KeyEvent { action=ACTION_UP, keyCode=KEYCODE_DPAD_LEFT, scanCode=105, metaState=0, flags=0x8, repeatCount=0, eventTime=940828, downTime=940615, deviceId=1, source=0x101 }
D/dalvikvm( 1754): GC_CONCURRENT freed 767K, 65% free 2647K/7491K, paused 2ms+4ms
D/dalvikvm( 1754): GC_CONCURRENT freed 719K, 65% free 2671K/7491K, paused 2ms+2ms
D/dalvikvm( 1754): GC_CONCURRENT freed 763K, 65% free 2661K/7491K, paused 2ms+3ms
D/MonitorCw880( 1659): counter=4 && isHeartbeatTimeout=false
D/dalvikvm( 1754): GC_CONCURRENT freed 737K, 65% free 2674K/7491K, paused 3ms+3ms
D/dalvikvm( 1754): GC_CONCURRENT freed 724K, 66% free 2576K/7491K, paused 2ms+3ms
D/dalvikvm( 1754): GC_CONCURRENT freed 638K, 65% free 2653K/7491K, paused 2ms+3ms
D/dalvikvm( 1754): GC_CONCURRENT freed 733K, 65% free 2667K/7491K, paused 2ms+3ms
D/dalvikvm( 1754): GC_CONCURRENT freed 730K, 66% free 2561K/7491K, paused 2ms+2ms
D/dalvikvm( 1754): GC_CONCURRENT freed 665K, 66% free 2601K/7491K, paused 1ms+3ms
D/dalvikvm( 1754): GC_CONCURRENT freed 672K, 66% free 2556K/7491K, paused 2ms+2ms
D/dalvikvm( 1754): GC_CONCURRENT freed 600K, 66% free 2554K/7491K, paused 2ms+2ms
D/dalvikvm( 1754): GC_CONCURRENT freed 607K, 64% free 2699K/7491K, paused 2ms+2ms
D/dalvikvm( 1754): GC_CONCURRENT freed 797K, 65% free 2624K/7491K, paused 1ms+2ms
D/dalvikvm( 1754): GC_CONCURRENT freed 689K, 66% free 2597K/7491K, paused 2ms+2ms
D/dalvikvm( 1754): GC_CONCURRENT freed 663K, 66% free 2557K/7491K, paused 2ms+2ms
D/dalvikvm( 1754): GC_CONCURRENT freed 611K, 65% free 2657K/7491K, paused 2ms+3ms
D/MonitorCw880( 1659): counter=6 && isHeartbeatTimeout=false
D/dalvikvm( 1754): GC_CONCURRENT freed 745K, 67% free 2544K/7491K, paused 2ms+2ms
D/MonitorCw880( 1659): counter=8 && isHeartbeatTimeout=false
D/MonitorCw880( 1659): counter=10 && isHeartbeatTimeout=false
D/dalvikvm( 1754): GC_CONCURRENT freed 595K, 66% free 2556K/7491K, paused 2ms+2ms
D/dalvikvm( 1754): GC_CONCURRENT freed 598K, 66% free 2559K/7491K, paused 1ms+2ms
D/dalvikvm( 1754): GC_CONCURRENT freed 607K, 65% free 2656K/7491K, paused 2ms+3ms
D/MonitorCw880( 1659): counter=12 && isHeartbeatTimeout=false
D/dalvikvm( 1754): GC_CONCURRENT freed 744K, 66% free 2617K/7491K, paused 2ms+2ms
D/dalvikvm( 1754): GC_CONCURRENT freed 679K, 66% free 2557K/7491K, paused 2ms+2ms
D/dalvikvm( 1754): GC_CONCURRENT freed 610K, 67% free 2543K/7491K, paused 2ms+2ms
D/dalvikvm( 1754): GC_CONCURRENT freed 594K, 66% free 2555K/7491K, paused 2ms+3ms
D/dalvikvm( 1754): GC_CONCURRENT freed 600K, 66% free 2553K/7491K, paused 2ms+2ms
D/dalvikvm( 1754): GC_CONCURRENT freed 607K, 65% free 2634K/7491K, paused 2ms+2ms
D/dalvikvm( 1754): GC_CONCURRENT freed 715K, 66% free 2557K/7491K, paused 2ms+2ms
D/MonitorCw880( 1659): counter=4 && isHeartbeatTimeout=false
D/dalvikvm( 1754): GC_CONCURRENT freed 609K, 66% free 2568K/7491K, paused 1ms+3ms
D/dalvikvm( 1754): GC_CONCURRENT freed 623K, 66% free 2568K/7491K, paused 2ms+2ms
D/dalvikvm( 1754): GC_CONCURRENT freed 613K, 66% free 2554K/7491K, paused 2ms+2ms
D/HomePlayerLib( 1754): hostaddress count is 2
D/dalvikvm( 1754): GC_CONCURRENT freed 615K, 67% free 2533K/7491K, paused 2ms+2ms
D/dalvikvm( 1754): GC_CONCURRENT freed 543K, 65% free 2693K/7491K, paused 2ms+2ms
D/dalvikvm( 1754): GC_CONCURRENT freed 773K, 65% free 2681K/7491K, paused 2ms+2ms
D/dalvikvm( 1754): GC_CONCURRENT freed 768K, 65% free 2662K/7491K, paused 2ms+2ms
D/dalvikvm( 1754): GC_CONCURRENT freed 746K, 65% free 2636K/7491K, paused 2ms+2ms
D/dalvikvm( 1754): GC_CONCURRENT freed 703K, 65% free 2638K/7491K, paused 2ms+2ms
D/dalvikvm( 1754): GC_CONCURRENT freed 719K, 65% free 2657K/7491K, paused 2ms+2ms
D/dalvikvm( 1754): GC_CONCURRENT freed 731K, 66% free 2579K/7491K, paused 2ms+3ms
D/dalvikvm( 1754): GC_CONCURRENT freed 622K, 66% free 2562K/7491K, paused 13ms+2ms
D/dalvikvm( 1754): GC_CONCURRENT freed 577K, 66% free 2609K/7491K, paused 1ms+2ms
D/dalvikvm( 1754): GC_CONCURRENT freed 679K, 67% free 2536K/7491K, paused 2ms+2ms
D/dalvikvm( 1754): GC_CONCURRENT freed 577K, 66% free 2555K/7491K, paused 2ms+3ms
D/MonitorCw880( 1659): counter=6 && isHeartbeatTimeout=false
D/dalvikvm( 1754): GC_CONCURRENT freed 642K, 66% free 2621K/7491K, paused 1ms+2ms
D/dalvikvm( 1754): GC_CONCURRENT freed 676K, 65% free 2665K/7491K, paused 2ms+2ms
D/dalvikvm( 1754): GC_CONCURRENT freed 744K, 65% free 2659K/7491K, paused 2ms+2ms
D/MonitorCw880( 1659): counter=8 && isHeartbeatTimeout=false
D/dalvikvm( 1754): GC_CONCURRENT freed 746K, 67% free 2546K/7491K, paused 2ms+3ms
D/dalvikvm( 1754): GC_CONCURRENT freed 596K, 65% free 2653K/7491K, paused 2ms+2ms
D/dalvikvm( 1754): GC_CONCURRENT freed 741K, 66% free 2557K/7491K, paused 3ms+2ms
D/dalvikvm( 1754): GC_CONCURRENT freed 611K, 65% free 2665K/7491K, paused 1ms+2ms
D/dalvikvm( 1754): GC_CONCURRENT freed 756K, 66% free 2557K/7491K, paused 2ms+2ms
D/MonitorCw880( 1659): counter=10 && isHeartbeatTimeout=false
D/MonitorCw880( 1659): counter=12 && isHeartbeatTimeout=false
D/CheckNetWork( 1740): isOk true
D/CheckNetWork( 1740): ActInfoNetworkInfo: type: ETH[], state: CONNECTED/CONNECTED, reason: (unspecified), extra: (none), roaming: false, failover: false, isAvailable: true
D/CheckNetWork( 1740): infoNetworkInfo: type: ETH[], state: CONNECTED/CONNECTED, reason: (unspecified), extra: (none), roaming: false, failover: false, isAvailable: true
D/dalvikvm( 1754): GC_CONCURRENT freed 610K, 67% free 2543K/7491K, paused 1ms+2ms
D/dalvikvm( 1754): GC_CONCURRENT freed 597K, 67% free 2542K/7491K, paused 2ms+2ms
D/dalvikvm( 1754): GC_CONCURRENT freed 594K, 67% free 2540K/7491K, paused 2ms+2ms
D/dalvikvm( 1754): GC_CONCURRENT freed 580K, 66% free 2555K/7491K, paused 2ms+2ms
D/dalvikvm( 1754): GC_CONCURRENT freed 599K, 66% free 2556K/7491K, paused 2ms+2ms
D/dalvikvm( 1754): GC_CONCURRENT freed 607K, 66% free 2569K/7491K, paused 2ms+3ms
D/MonitorCw880( 1659): counter=4 && isHeartbeatTimeout=false
D/dalvikvm( 1754): GC_CONCURRENT freed 622K, 66% free 2568K/7491K, paused 2ms+2ms
D/dalvikvm( 1754): GC_CONCURRENT freed 623K, 67% free 2542K/7491K, paused 2ms+2ms
D/dalvikvm( 1754): GC_CONCURRENT freed 573K, 66% free 2600K/7491K, paused 2ms+3ms
D/dalvikvm( 1754): GC_CONCURRENT freed 659K, 65% free 2643K/7491K, paused 1ms+2ms
D/dalvikvm( 1754): GC_CONCURRENT freed 705K, 65% free 2642K/7491K, paused 2ms+3ms
D/dalvikvm( 1754): GC_CONCURRENT freed 705K, 66% free 2558K/7491K, paused 2ms+3ms
D/dalvikvm( 1754): GC_CONCURRENT freed 608K, 66% free 2555K/7491K, paused 2ms+3ms
D/dalvikvm( 1754): GC_CONCURRENT freed 608K, 66% free 2568K/7491K, paused 2ms+3ms
D/dalvikvm( 1754): GC_CONCURRENT freed 612K, 66% free 2555K/7491K, paused 2ms+3ms
D/MonitorCw880( 1659): counter=6 && isHeartbeatTimeout=false
D/dalvikvm( 1754): GC_CONCURRENT freed 606K, 65% free 2656K/7491K, paused 2ms+2ms
D/dalvikvm( 1754): GC_CONCURRENT freed 744K, 66% free 2617K/7491K, paused 2ms+2ms
D/HomePlayerLib( 1754): hostaddress count is 2
D/dalvikvm( 1754): GC_CONCURRENT freed 742K, 66% free 2610K/7491K, paused 1ms+2ms
D/dalvikvm( 1754): GC_CONCURRENT freed 662K, 65% free 2681K/7491K, paused 2ms+3ms
D/dalvikvm( 1754): GC_CONCURRENT freed 774K, 65% free 2656K/7491K, paused 1ms+2ms
D/dalvikvm( 1754): GC_CONCURRENT freed 740K, 65% free 2659K/7491K, paused 2ms+2ms
D/dalvikvm( 1754): GC_CONCURRENT freed 744K, 65% free 2665K/7491K, paused 2ms+2ms
D/dalvikvm( 1754): GC_CONCURRENT freed 743K, 66% free 2561K/7491K, paused 2ms+2ms
D/dalvikvm( 1754): GC_CONCURRENT freed 600K, 65% free 2679K/7491K, paused 2ms+2ms
D/dalvikvm( 1754): GC_CONCURRENT freed 766K, 65% free 2669K/7491K, paused 2ms+2ms
D/dalvikvm( 1754): GC_CONCURRENT freed 754K, 66% free 2561K/7491K, paused 2ms+2ms
D/dalvikvm( 1754): GC_CONCURRENT freed 610K, 67% free 2545K/7491K, paused 2ms+2ms
D/MonitorCw880( 1659): counter=8 && isHeartbeatTimeout=false
D/dalvikvm( 1754): GC_CONCURRENT freed 571K, 66% free 2569K/7491K, paused 3ms+2ms
D/dalvikvm( 1754): GC_CONCURRENT freed 620K, 67% free 2544K/7491K, paused 2ms+2ms
D/MonitorCw880( 1659): counter=10 && isHeartbeatTimeout=false
D/MonitorCw880( 1659): counter=12 && isHeartbeatTimeout=false
D/dalvikvm( 1754): GC_CONCURRENT freed 596K, 66% free 2555K/7491K, paused 2ms+2ms
D/dalvikvm( 1754): GC_CONCURRENT freed 598K, 66% free 2555K/7491K, paused 2ms+2ms
D/dalvikvm( 1754): GC_CONCURRENT freed 608K, 65% free 2656K/7491K, paused 1ms+2ms
D/MonitorCw880( 1659): counter=4 && isHeartbeatTimeout=false
D/dalvikvm( 1754): GC_CONCURRENT freed 742K, 66% free 2617K/7491K, paused 2ms+2ms
D/dalvikvm( 1754): GC_CONCURRENT freed 678K, 65% free 2643K/7491K, paused 1ms+2ms
D/dalvikvm( 1754): GC_CONCURRENT freed 706K, 66% free 2557K/7491K, paused 2ms+2ms
D/dalvikvm( 1754): GC_CONCURRENT freed 612K, 67% free 2543K/7491K, paused 1ms+3ms
D/dalvikvm( 1754): GC_CONCURRENT freed 593K, 66% free 2555K/7491K, paused 2ms+2ms
D/dalvikvm( 1754): GC_CONCURRENT freed 600K, 66% free 2600K/7491K, paused 2ms+2ms
D/dalvikvm( 1754): GC_CONCURRENT freed 662K, 65% free 2643K/7491K, paused 2ms+2ms
D/MonitorCw880( 1659): counter=6 && isHeartbeatTimeout=false
D/dalvikvm( 1754): GC_CONCURRENT freed 704K, 66% free 2557K/7491K, paused 2ms+3ms
D/dalvikvm( 1754): GC_CONCURRENT freed 610K, 66% free 2552K/7491K, paused 2ms+2ms
D/dalvikvm( 1754): GC_CONCURRENT freed 595K, 66% free 2554K/7491K, paused 2ms+2ms
D/dalvikvm( 1754): GC_CONCURRENT freed 600K, 66% free 2554K/7491K, paused 2ms+2ms
D/dalvikvm( 1754): GC_CONCURRENT freed 605K, 66% free 2568K/7491K, paused 2ms+2ms
D/dalvikvm( 1754): GC_CONCURRENT freed 623K, 66% free 2568K/7491K, paused 2ms+2ms
D/dalvikvm( 1754): GC_CONCURRENT freed 623K, 66% free 2567K/7491K, paused 2ms+3ms
D/MonitorCw880( 1659): counter=8 && isHeartbeatTimeout=false
D/dalvikvm( 1754): GC_CONCURRENT freed 611K, 66% free 2555K/7491K, paused 2ms+2ms
D/dalvikvm( 1754): GC_CONCURRENT freed 603K, 66% free 2554K/7491K, paused 2ms+2ms
D/HomePlayerLib( 1754): hostaddress count is 2
D/dalvikvm( 1754): GC_CONCURRENT freed 669K, 66% free 2568K/7491K, paused 2ms+2ms
D/dalvikvm( 1754): GC_CONCURRENT freed 631K, 67% free 2541K/7491K, paused 2ms+3ms
D/dalvikvm( 1754): GC_CONCURRENT freed 591K, 67% free 2546K/7491K, paused 2ms+2ms
D/dalvikvm( 1754): GC_CONCURRENT freed 597K, 67% free 2547K/7491K, paused 3ms+3ms
D/dalvikvm( 1754): GC_CONCURRENT freed 591K, 66% free 2560K/7491K, paused 3ms+2ms
D/dalvikvm( 1754): GC_CONCURRENT freed 589K, 63% free 2811K/7491K, paused 3ms+3ms
D/dalvikvm( 1754): GC_CONCURRENT freed 927K, 65% free 2690K/7491K, paused 2ms+2ms
D/dalvikvm( 1754): GC_CONCURRENT freed 787K, 67% free 2535K/7491K, paused 1ms+2ms
D/dalvikvm( 1754): GC_CONCURRENT freed 579K, 65% free 2656K/7491K, paused 1ms+2ms
D/dalvikvm( 1754): GC_CONCURRENT freed 741K, 65% free 2634K/7491K, paused 2ms+3ms
D/dalvikvm( 1754): GC_CONCURRENT freed 691K, 65% free 2664K/7491K, paused 2ms+2ms
D/dalvikvm( 1754): GC_CONCURRENT freed 742K, 66% free 2608K/7491K, paused 2ms+2ms
D/dalvikvm( 1754): GC_CONCURRENT freed 664K, 66% free 2598K/7491K, paused 2ms+2ms
D/dalvikvm( 1754): GC_CONCURRENT freed 660K, 65% free 2659K/7491K, paused 2ms+2ms
D/MonitorCw880( 1659): counter=10 && isHeartbeatTimeout=false
D/dalvikvm( 1754): GC_CONCURRENT freed 747K, 65% free 2657K/7491K, paused 2ms+2ms
D/MonitorCw880( 1659): counter=12 && isHeartbeatTimeout=false
D/MonitorCw880( 1659): counter=4 && isHeartbeatTimeout=false
D/dalvikvm( 1754): GC_CONCURRENT freed 745K, 66% free 2571K/7491K, paused 2ms+3ms
D/dalvikvm( 1754): GC_CONCURRENT freed 624K, 66% free 2569K/7491K, paused 2ms+2ms
D/dalvikvm( 1754): GC_CONCURRENT freed 624K, 66% free 2552K/7491K, paused 2ms+3ms
D/dalvikvm( 1754): GC_CONCURRENT freed 609K, 67% free 2541K/7491K, paused 1ms+4ms
I/CheckinService( 1435): Preparing to send checkin request
I/EventLogService( 1435): Accumulating logs since 1369296383827
W/CheckinRequestBuilder( 1435): Unknown phone type: 0 id=null
V/CheckinRequestBuilder( 1435): pre-froyo android id is 0
D/dalvikvm( 1754): GC_CONCURRENT freed 594K, 67% free 2545K/7491K, paused 2ms+2ms
D/dalvikvm( 1435): GC_EXPLICIT freed 165K, 74% free 1617K/6083K, paused 3ms+1ms
D/dalvikvm( 1754): GC_CONCURRENT freed 594K, 66% free 2554K/7491K, paused 3ms+3ms
D/dalvikvm( 1435): GC_CONCURRENT freed 120K, 69% free 1916K/6083K, paused 2ms+13ms
I/CheckinTask( 1435): Sending checkin request (10242 bytes)
D/MonitorCw880( 1659): counter=6 && isHeartbeatTimeout=false
D/dalvikvm( 1754): GC_CONCURRENT freed 608K, 65% free 2658K/7491K, paused 2ms+4ms
E/CheckinTask( 1435): Checkin failed: https://android.clients.google.com/checkin (request #0)
E/CheckinTask( 1435): java.io.IOException: Rejected response from server: HTTP/1.1 400 invalid hardware identifier: "000000000000" is not a valid MAC address (expect 12 hex digits)
E/CheckinTask( 1435):   at com.google.android.gsf.checkin.CheckinTask.parseResponse(CheckinTask.java:313)
E/CheckinTask( 1435):   at com.google.android.gsf.checkin.CheckinTask.sendRequest(CheckinTask.java:261)
E/CheckinTask( 1435):   at com.google.android.gsf.checkin.CheckinTask.doInBackground(CheckinTask.java:150)
E/CheckinTask( 1435):   at com.google.android.gsf.checkin.CheckinService$1.doInBackground(CheckinService.java:221)
E/CheckinTask( 1435):   at com.google.android.gsf.checkin.CheckinService$1.doInBackground(CheckinService.java:214)
E/CheckinTask( 1435):   at android.os.AsyncTask$2.call(AsyncTask.java:264)
E/CheckinTask( 1435):   at java.util.concurrent.FutureTask$Sync.innerRun(FutureTask.java:305)
E/CheckinTask( 1435):   at java.util.concurrent.FutureTask.run(FutureTask.java:137)
E/CheckinTask( 1435):   at java.util.concurrent.ThreadPoolExecutor.runWorker(ThreadPoolExecutor.java:1076)
E/CheckinTask( 1435):   at java.util.concurrent.ThreadPoolExecutor$Worker.run(ThreadPoolExecutor.java:569)
E/CheckinTask( 1435):   at java.lang.Thread.run(Thread.java:856)
D/dalvikvm( 1754): GC_CONCURRENT freed 744K, 65% free 2653K/7491K, paused 2ms+4ms
D/dalvikvm( 1754): GC_CONCURRENT freed 717K, 65% free 2680K/7491K, paused 2ms+2ms
D/dalvikvm( 1754): GC_CONCURRENT freed 773K, 67% free 2544K/7491K, paused 2ms+2ms
D/dalvikvm( 1754): GC_CONCURRENT freed 596K, 65% free 2653K/7491K, paused 2ms+2ms
D/dalvikvm( 1754): GC_CONCURRENT freed 731K, 65% free 2676K/7491K, paused 1ms+2ms
D/dalvikvm( 1754): GC_CONCURRENT freed 759K, 65% free 2695K/7491K, paused 2ms+2ms
D/MonitorCw880( 1659): counter=8 && isHeartbeatTimeout=false
D/dalvikvm( 1754): GC_CONCURRENT freed 785K, 66% free 2558K/7491K, paused 2ms+2ms
D/dalvikvm( 1754): GC_CONCURRENT freed 611K, 65% free 2657K/7491K, paused 2ms+3ms
D/dalvikvm( 1754): GC_CONCURRENT freed 744K, 65% free 2659K/7491K, paused 2ms+2ms
D/dalvikvm( 1754): GC_CONCURRENT freed 742K, 66% free 2555K/7491K, paused 2ms+2ms
D/HomePlayerLib( 1754): hostaddress count is 2
D/dalvikvm( 1754): GC_CONCURRENT freed 616K, 66% free 2548K/7491K, paused 2ms+2ms
D/MonitorCw880( 1659): counter=10 && isHeartbeatTimeout=false
D/dalvikvm( 1754): GC_CONCURRENT freed 591K, 66% free 2555K/7491K, paused 2ms+3ms
D/dalvikvm( 1754): GC_CONCURRENT freed 572K, 66% free 2581K/7491K, paused 2ms+2ms
D/dalvikvm( 1754): GC_CONCURRENT freed 642K, 67% free 2542K/7491K, paused 2ms+2ms
D/dalvikvm( 1754): GC_CONCURRENT freed 580K, 65% free 2664K/7491K, paused 2ms+2ms
D/dalvikvm( 1754): GC_CONCURRENT freed 740K, 66% free 2558K/7491K, paused 2ms+3ms
D/dalvikvm( 1754): GC_CONCURRENT freed 591K, 65% free 2681K/7491K, paused 2ms+2ms
D/dalvikvm( 1754): GC_CONCURRENT freed 775K, 65% free 2672K/7491K, paused 2ms+3ms
D/dalvikvm( 1754): GC_CONCURRENT freed 756K, 65% free 2667K/7491K, paused 2ms+2ms
D/dalvikvm( 1754): GC_CONCURRENT freed 745K, 65% free 2666K/7491K, paused 2ms+2ms
D/dalvikvm( 1754): GC_CONCURRENT freed 752K, 65% free 2651K/7491K, paused 2ms+2ms
D/MonitorCw880( 1659): counter=12 && isHeartbeatTimeout=false
D/MonitorCw880( 1659): counter=4 && isHeartbeatTimeout=false
D/dalvikvm( 1754): GC_CONCURRENT freed 737K, 67% free 2533K/7491K, paused 1ms+2ms
D/dalvikvm( 1754): GC_CONCURRENT freed 582K, 65% free 2655K/7491K, paused 2ms+2ms
D/MonitorCw880( 1659): counter=6 && isHeartbeatTimeout=false
D/dalvikvm( 1754): GC_CONCURRENT freed 719K, 65% free 2679K/7491K, paused 2ms+2ms
D/dalvikvm( 1754): GC_CONCURRENT freed 772K, 66% free 2570K/7491K, paused 2ms+2ms
D/dalvikvm( 1754): GC_CONCURRENT freed 624K, 67% free 2543K/7491K, paused 2ms+2ms
D/dalvikvm( 1754): GC_CONCURRENT freed 596K, 66% free 2555K/7491K, paused 2ms+2ms
D/dalvikvm( 1754): GC_CONCURRENT freed 600K, 66% free 2554K/7491K, paused 1ms+2ms
D/dalvikvm( 1754): GC_CONCURRENT freed 605K, 66% free 2553K/7491K, paused 2ms+2ms
D/MonitorCw880( 1659): counter=8 && isHeartbeatTimeout=false
D/dalvikvm( 1754): GC_CONCURRENT freed 596K, 66% free 2556K/7491K, paused 2ms+2ms
D/dalvikvm( 1754): GC_CONCURRENT freed 600K, 66% free 2559K/7491K, paused 2ms+2ms
D/dalvikvm( 1754): GC_CONCURRENT freed 607K, 65% free 2656K/7491K, paused 2ms+2ms
D/dalvikvm( 1754): GC_CONCURRENT freed 743K, 67% free 2545K/7491K, paused 2ms+2ms
D/dalvikvm( 1754): GC_CONCURRENT freed 595K, 65% free 2653K/7491K, paused 2ms+2ms
D/dalvikvm( 1754): GC_CONCURRENT freed 731K, 66% free 2611K/7491K, paused 2ms+2ms
D/dalvikvm( 1754): GC_CONCURRENT freed 675K, 66% free 2557K/7491K, paused 3ms+2ms
D/MonitorCw880( 1659): counter=10 && isHeartbeatTimeout=false
D/dalvikvm( 1754): GC_CONCURRENT freed 609K, 65% free 2657K/7491K, paused 2ms+2ms
D/dalvikvm( 1754): GC_CONCURRENT freed 744K, 65% free 2659K/7491K, paused 1ms+2ms
D/dalvikvm( 1754): GC_CONCURRENT freed 746K, 67% free 2544K/7491K, paused 2ms+2ms
D/dalvikvm( 1754): GC_CONCURRENT freed 596K, 65% free 2638K/7491K, paused 1ms+2ms
D/dalvikvm( 1754): GC_CONCURRENT freed 703K, 65% free 2663K/7491K, paused 1ms+2ms
D/dalvikvm( 1754): GC_CONCURRENT freed 746K, 65% free 2663K/7491K, paused 2ms+2ms
D/dalvikvm( 1754): GC_CONCURRENT freed 756K, 66% free 2610K/7491K, paused 1ms+2ms
D/HomePlayerLib( 1754): hostaddress count is 2
D/dalvikvm( 1754): GC_CONCURRENT freed 684K, 65% free 2658K/7491K, paused 2ms+2ms
D/dalvikvm( 1754): GC_CONCURRENT freed 739K, 65% free 2663K/7491K, paused 2ms+2ms
D/MonitorCw880( 1659): counter=12 && isHeartbeatTimeout=false
D/dalvikvm( 1754): GC_CONCURRENT freed 739K, 65% free 2648K/7491K, paused 2ms+2ms
D/dalvikvm( 1754): GC_CONCURRENT freed 731K, 66% free 2620K/7491K, paused 2ms+2ms
D/dalvikvm( 1754): GC_CONCURRENT freed 677K, 65% free 2674K/7491K, paused 2ms+2ms
D/dalvikvm( 1754): GC_CONCURRENT freed 755K, 66% free 2605K/7491K, paused 2ms+2ms
D/dalvikvm( 1754): GC_CONCURRENT freed 664K, 66% free 2560K/7491K, paused 1ms+2ms
D/dalvikvm( 1754): GC_CONCURRENT freed 609K, 64% free 2701K/7491K, paused 3ms+2ms
D/dalvikvm( 1754): GC_CONCURRENT freed 795K, 66% free 2560K/7491K, paused 2ms+3ms
D/dalvikvm( 1754): GC_CONCURRENT freed 596K, 65% free 2639K/7491K, paused 2ms+2ms
D/dalvikvm( 1754): GC_CONCURRENT freed 706K, 66% free 2558K/7491K, paused 1ms+2ms
D/MonitorCw880( 1659): counter=4 && isHeartbeatTimeout=false
D/MonitorCw880( 1659): counter=6 && isHeartbeatTimeout=false
D/ByPush  ( 1960): Watch Dog Run.
D/ByPush  ( 1960): Push Time:30420
D/ByPush  ( 1960): fetch process exist:false
D/ByPush  ( 1960): service delayStartPush:0
D/ByPush  ( 1960): startWatchDog, will run in 900 seconds.
D/ByPush  ( 1960): Push Run.
D/ByPush  ( 1960): service startPush
D/ByPush  ( 1960): FetchProcess cleanFetch
D/ByPush  ( 1960): dayTime Hour:16
D/ByPush  ( 1960): delayStartFetch:2, id:0
D/dalvikvm( 1754): GC_CONCURRENT freed 605K, 64% free 2719K/7491K, paused 3ms+2ms
D/dalvikvm( 1754): GC_CONCURRENT freed 822K, 66% free 2557K/7491K, paused 2ms+2ms
D/dalvikvm( 1754): GC_CONCURRENT freed 612K, 66% free 2568K/7491K, paused 2ms+2ms
D/dalvikvm( 1754): GC_CONCURRENT freed 613K, 66% free 2555K/7491K, paused 3ms+3ms
D/MonitorCw880( 1659): counter=8 && isHeartbeatTimeout=false
D/ByPush  ( 1960): FetchProcess start fetch.
D/ByPush  ( 1960): fetch url:http://www.bypush.com/rpc/startup?uuid=9301b09526f824b8de29ad1bafb52939&appid=bp46214246dqlgk&version=1.0.0&system=android&testMode=false&imei=&iccid=&imsi=&mac=00%3A00%3A00%3A00%3A00%3A00&type=S1001&resolution=1280*720&osVer=4.0.4
D/dalvikvm( 1754): GC_CONCURRENT freed 606K, 66% free 2552K/7491K, paused 2ms+2ms
D/ByPush  ( 1960): application/json; charset=UTF-8
D/ByPush  ( 1960): Fetch OK
D/ByPush  ( 1960): Content:{"ret": false}
D/ByPush  ( 1960): fetch ok of id:0
D/dalvikvm( 1754): GC_CONCURRENT freed 596K, 66% free 2555K/7491K, paused 2ms+3ms
D/dalvikvm( 1754): GC_CONCURRENT freed 610K, 65% free 2653K/7491K, paused 2ms+2ms
D/dalvikvm( 1754): GC_CONCURRENT freed 741K, 65% free 2654K/7491K, paused 2ms+2ms
D/dalvikvm( 1754): GC_CONCURRENT freed 720K, 64% free 2736K/7491K, paused 2ms+2ms
D/dalvikvm( 1754): GC_CONCURRENT freed 825K, 65% free 2685K/7491K, paused 2ms+3ms
D/MonitorCw880( 1659): counter=10 && isHeartbeatTimeout=false
D/dalvikvm( 1754): GC_CONCURRENT freed 773K, 66% free 2617K/7491K, paused 1ms+2ms
D/dalvikvm( 1754): GC_CONCURRENT freed 679K, 66% free 2556K/7491K, paused 2ms+3ms
D/ByPush  ( 1978): Watch Dog Run.
D/ByPush  ( 1978): Push Time:33000
D/ByPush  ( 1978): fetch process exist:false
D/ByPush  ( 1978): service delayStartPush:0
D/ByPush  ( 1978): startWatchDog, will run in 900 seconds.
D/ByPush  ( 1978): Push Run.
D/ByPush  ( 1978): service startPush
D/ByPush  ( 1978): FetchProcess cleanFetch
D/ByPush  ( 1978): dayTime Hour:16
D/ByPush  ( 1978): delayStartFetch:2, id:0
D/dalvikvm( 1754): GC_CONCURRENT freed 612K, 65% free 2657K/7491K, paused 2ms+2ms
D/dalvikvm( 1754): GC_CONCURRENT freed 742K, 65% free 2659K/7491K, paused 2ms+2ms
D/dalvikvm( 1754): GC_CONCURRENT freed 745K, 65% free 2657K/7491K, paused 2ms+2ms
D/dalvikvm( 1754): GC_CONCURRENT freed 746K, 66% free 2612K/7491K, paused 1ms+2ms
D/MonitorCw880( 1659): counter=12 && isHeartbeatTimeout=false
D/ByPush  ( 1978): FetchProcess start fetch.
D/ByPush  ( 1978): fetch url:http://www.bypush.com/rpc/startup?uuid=9301b09526f824b8de29ad1bafb52939&appid=bp47254606elrsn&version=1.0.0&system=android&testMode=false&imei=&iccid=&imsi=&mac=00%3A00%3A00%3A00%3A00%3A00&type=S1001&resolution=1280*720&osVer=4.0.4
D/ByPush  ( 1978): application/json; charset=UTF-8
D/ByPush  ( 1978): fetch ok of id:0
D/ByPush  ( 1978): Fetch OK
D/ByPush  ( 1978): Content:{"ret": false}
D/HomePlayerLib( 1754): hostaddress count is 2
D/dalvikvm( 1754): GC_CONCURRENT freed 686K, 65% free 2656K/7491K, paused 2ms+2ms
D/dalvikvm( 1754): GC_CONCURRENT freed 747K, 66% free 2598K/7491K, paused 2ms+2ms
D/dalvikvm( 1754): GC_CONCURRENT freed 662K, 66% free 2585K/7491K, paused 2ms+2ms
D/dalvikvm( 1754): GC_CONCURRENT freed 631K, 65% free 2647K/7491K, paused 1ms+2ms
D/dalvikvm( 1754): GC_CONCURRENT freed 711K, 66% free 2605K/7491K, paused 2ms+2ms
D/MonitorCw880( 1659): counter=4 && isHeartbeatTimeout=false
D/dalvikvm( 1754): GC_CONCURRENT freed 653K, 65% free 2681K/7491K, paused 2ms+2ms
D/dalvikvm( 1754): GC_CONCURRENT freed 759K, 66% free 2561K/7491K, paused 2ms+2ms
D/dalvikvm( 1754): GC_CONCURRENT freed 590K, 66% free 2590K/7491K, paused 2ms+2ms
D/dalvikvm( 1754): GC_CONCURRENT freed 651K, 65% free 2666K/7491K, paused 2ms+2ms
D/dalvikvm( 1754): GC_CONCURRENT freed 757K, 66% free 2558K/7491K, paused 1ms+2ms
D/dalvikvm( 1754): GC_CONCURRENT freed 612K, 66% free 2568K/7491K, paused 2ms+3ms
D/dalvikvm( 1754): GC_CONCURRENT freed 613K, 66% free 2555K/7491K, paused 2ms+3ms
D/MonitorCw880( 1659): counter=6 && isHeartbeatTimeout=false
D/dalvikvm( 1754): GC_CONCURRENT freed 606K, 66% free 2568K/7491K, paused 2ms+2ms
D/dalvikvm( 1754): GC_CONCURRENT freed 623K, 66% free 2568K/7491K, paused 2ms+3ms
D/MonitorCw880( 1659): counter=8 && isHeartbeatTimeout=false
D/dalvikvm( 1754): GC_CONCURRENT freed 621K, 65% free 2667K/7491K, paused 2ms+2ms
D/dalvikvm( 1754): GC_CONCURRENT freed 757K, 66% free 2557K/7491K, paused 2ms+2ms
D/dalvikvm( 1754): GC_CONCURRENT freed 601K, 66% free 2555K/7491K, paused 2ms+2ms
D/dalvikvm( 1754): GC_CONCURRENT freed 606K, 66% free 2568K/7491K, paused 2ms+3ms
D/dalvikvm( 1754): GC_CONCURRENT freed 622K, 66% free 2584K/7491K, paused 2ms+2ms
D/dalvikvm( 1754): GC_CONCURRENT freed 634K, 66% free 2555K/7491K, paused 2ms+2ms
D/dalvikvm( 1754): GC_CONCURRENT freed 600K, 66% free 2554K/7491K, paused 2ms+2ms
D/MonitorCw880( 1659): counter=10 && isHeartbeatTimeout=false
D/dalvikvm( 1754): GC_CONCURRENT freed 606K, 66% free 2569K/7491K, paused 2ms+3ms
D/dalvikvm( 1754): GC_CONCURRENT freed 623K, 65% free 2666K/7491K, paused 1ms+2ms
D/dalvikvm( 1754): GC_CONCURRENT freed 745K, 66% free 2553K/7491K, paused 1ms+2ms
D/dalvikvm( 1754): GC_CONCURRENT freed 594K, 66% free 2555K/7491K, paused 2ms+3ms
D/dalvikvm( 1754): GC_CONCURRENT freed 599K, 66% free 2557K/7491K, paused 3ms+2ms
D/dalvikvm( 1754): GC_CONCURRENT freed 607K, 66% free 2569K/7491K, paused 2ms+2ms
D/PushMsgCenter( 1711): mDownUpRun run while (true)
D/PushMsgCenter( 1711): down  
D/PushMsgCenter( 1711): down conn.getResponseCode() status = 404
D/dalvikvm( 1754): GC_CONCURRENT freed 622K, 66% free 2568K/7491K, paused 2ms+2ms
D/MonitorCw880( 1659): counter=12 && isHeartbeatTimeout=false
D/CheckNetWork( 1740): isOk true
D/CheckNetWork( 1740): ActInfoNetworkInfo: type: ETH[], state: CONNECTED/CONNECTED, reason: (unspecified), extra: (none), roaming: false, failover: false, isAvailable: true
D/CheckNetWork( 1740): infoNetworkInfo: type: ETH[], state: CONNECTED/CONNECTED, reason: (unspecified), extra: (none), roaming: false, failover: false, isAvailable: true
