D/dalvikvm( 1082): GC_FOR_ALLOC freed 11K, 59% free 5198K/12419K, paused 47ms
I/ActivityManager( 1082): Start proc com.eshore.efilm for activity com.eshore.efilm/.Efilm: pid=3000 uid=10054 gids={3003, 1015}
I/InputReader( 1082): Reconfiguring input devices.  changes=0x00000004
I/InputReader( 1082): Device reconfigured: id=4, name='Stp touch', surface size is now 1280x720, mode is 1
I/InputReader( 1082): Device reconfigured: id=5, name='Stp MT-touch', surface size is now 1280x720, mode is 1
D/dalvikvm( 1082): GC_CONCURRENT freed <1K, 59% free 5207K/12419K, paused 2ms+4ms
I/ActivityManager( 1082): Config changed: {1.0 0mcc0mnc zh_CN layoutdir=0 sw720dp w720dp h1280dp xlrg long port -touch -keyb/v/h -nav/h s.8}
I/StatusBar.HeightReceiver( 1247): Resizing status bar plugged=false height=48 old=48
D/OpenGLRenderer( 2904): Flushing caches (mode 0)
I/EasyControlIME( 1303): ----isExtractViewShowm()
D/OpenGLRenderer( 2904): Flushing caches (mode 0)
D/OpenGLRenderer( 2904): Flushing caches (mode 1)
I/TabletStatusBar( 1247): receiver broadcast
D/jachensy.chen( 1247): basal setting action configuration changed.......
D/dalvikvm( 1754): GC_CONCURRENT freed 704K, 65% free 2655K/7491K, paused 3ms+2ms
D/AndroidRuntime( 3000): Shutting down VM
W/dalvikvm( 3000): threadid=1: thread exiting with uncaught exception (group=0x40fa81f8)
I/System.out( 3000): java.lang.RuntimeException: Unable to create application com.eshore.efilm.ui.EfilmApplication: java.lang.NullPointerException
I/System.out( 3000):    at android.app.ActivityThread.handleBindApplication(ActivityThread.java:3957)
I/System.out( 3000):    at android.app.ActivityThread.access$1300(ActivityThread.java:123)
I/System.out( 3000):    at android.app.ActivityThread$H.handleMessage(ActivityThread.java:1185)
I/System.out( 3000):    at android.os.Handler.dispatchMessage(Handler.java:99)
I/System.out( 3000):    at android.os.Looper.loop(Looper.java:137)
I/System.out( 3000):    at android.app.ActivityThread.main(ActivityThread.java:4424)
I/System.out( 3000):    at java.lang.reflect.Method.invokeNative(Native Method)
I/System.out( 3000):    at java.lang.reflect.Method.invoke(Method.java:511)
I/System.out( 3000):    at com.android.internal.os.ZygoteInit$MethodAndArgsCaller.run(ZygoteInit.java:848)
I/System.out( 3000):    at com.android.internal.os.ZygoteInit.main(ZygoteInit.java:575)
I/System.out( 3000):    at dalvik.system.NativeStart.main(Native Method)
I/System.out( 3000): Caused by: java.lang.NullPointerException
I/System.out( 3000):    at com.a.a.a.a.c.b(Unknown Source)
I/System.out( 3000):    at com.a.a.a.a.c.<init>(Unknown Source)
I/System.out( 3000):    at com.a.a.a.a.a.b.<init>(Unknown Source)
I/System.out( 3000):    at com.a.a.a.a.a.b.<init>(Unknown Source)
I/System.out( 3000):    at com.eshore.efilm.ui.EfilmApplication.onCreate(Unknown Source)
I/System.out( 3000):    at android.app.Instrumentation.callApplicationOnCreate(Instrumentation.java:969)
I/System.out( 3000):    at android.app.ActivityThread.handleBindApplication(ActivityThread.java:3954)
I/System.out( 3000):    ... 10 more
I/System.out( 3000): get:##Unable to create application com.eshore.efilm.ui.EfilmApplication: java.lang.NullPointerException
D/MonitorCw880( 1659): counter=6 && isHeartbeatTimeout=false
W/System.err( 3000): java.io.IOException: open failed: EACCES (Permission denied)
W/System.err( 3000):    at java.io.File.createNewFile(File.java:940)
W/System.err( 3000):    at com.eshore.efilm.util.e.uncaughtException(Unknown Source)
W/System.err( 3000):    at java.lang.ThreadGroup.uncaughtException(ThreadGroup.java:693)
W/System.err( 3000):    at java.lang.ThreadGroup.uncaughtException(ThreadGroup.java:690)
W/System.err( 3000):    at dalvik.system.NativeStart.main(Native Method)
W/System.err( 3000): Caused by: libcore.io.ErrnoException: open failed: EACCES (Permission denied)
W/System.err( 3000):    at libcore.io.Posix.open(Native Method)
W/System.err( 3000):    at libcore.io.BlockGuardOs.open(BlockGuardOs.java:110)
W/System.err( 3000):    at java.io.File.createNewFile(File.java:933)
W/System.err( 3000):    ... 4 more
E/AndroidRuntime( 3000): FATAL EXCEPTION: main
E/AndroidRuntime( 3000): java.lang.RuntimeException: Unable to create application com.eshore.efilm.ui.EfilmApplication: java.lang.NullPointerException
E/AndroidRuntime( 3000):        at android.app.ActivityThread.handleBindApplication(ActivityThread.java:3957)
E/AndroidRuntime( 3000):        at android.app.ActivityThread.access$1300(ActivityThread.java:123)
E/AndroidRuntime( 3000):        at android.app.ActivityThread$H.handleMessage(ActivityThread.java:1185)
E/AndroidRuntime( 3000):        at android.os.Handler.dispatchMessage(Handler.java:99)
E/AndroidRuntime( 3000):        at android.os.Looper.loop(Looper.java:137)
E/AndroidRuntime( 3000):        at android.app.ActivityThread.main(ActivityThread.java:4424)
E/AndroidRuntime( 3000):        at java.lang.reflect.Method.invokeNative(Native Method)
E/AndroidRuntime( 3000):        at java.lang.reflect.Method.invoke(Method.java:511)
E/AndroidRuntime( 3000):        at com.android.internal.os.ZygoteInit$MethodAndArgsCaller.run(ZygoteInit.java:848)
E/AndroidRuntime( 3000):        at com.android.internal.os.ZygoteInit.main(ZygoteInit.java:575)
E/AndroidRuntime( 3000):        at dalvik.system.NativeStart.main(Native Method)
E/AndroidRuntime( 3000): Caused by: java.lang.NullPointerException
E/AndroidRuntime( 3000):        at com.a.a.a.a.c.b(Unknown Source)
E/AndroidRuntime( 3000):        at com.a.a.a.a.c.<init>(Unknown Source)
E/AndroidRuntime( 3000):        at com.a.a.a.a.a.b.<init>(Unknown Source)
E/AndroidRuntime( 3000):        at com.a.a.a.a.a.b.<init>(Unknown Source)
E/AndroidRuntime( 3000):        at com.eshore.efilm.ui.EfilmApplication.onCreate(Unknown Source)
E/AndroidRuntime( 3000):        at android.app.Instrumentation.callApplicationOnCreate(Instrumentation.java:969)
E/AndroidRuntime( 3000):        at android.app.ActivityThread.handleBindApplication(ActivityThread.java:3954)
E/AndroidRuntime( 3000):        ... 10 more
W/ActivityManager( 1082):   Force finishing activity com.eshore.efilm/.Efilm
W/ActivityManager( 1082):   Force finishing activity com.fiship.cibn/.activity.MyAppActivity
I/Process ( 1082): Sending signal. PID: 3000 SIG: 3
I/dalvikvm( 3000): threadid=3: reacting to signal 3
I/dalvikvm( 3000): Wrote stack traces to '/data/anr/traces.txt'
D/dalvikvm( 1082): GC_CONCURRENT freed 189K, 51% free 6146K/12419K, paused 8ms+4ms
I/InputReader( 1082): Reconfiguring input devices.  changes=0x00000004
I/InputReader( 1082): Device reconfigured: id=4, name='Stp touch', surface size is now 1280x720, mode is 1
I/InputReader( 1082): Device reconfigured: id=5, name='Stp MT-touch', surface size is now 1280x720, mode is 1
I/ActivityManager( 1082): Config changed: {1.0 0mcc0mnc zh_CN layoutdir=0 sw720dp w1280dp h720dp xlrg long land -touch -keyb/v/h -nav/h s.9}
I/StatusBar.HeightReceiver( 1247): Resizing status bar plugged=false height=48 old=48
W/ActivityManager( 1082): Activity pause timeout for ActivityRecord{41519d00 com.eshore.efilm/.Efilm}
I/Process ( 1082): Sending signal. PID: 3000 SIG: 3
I/dalvikvm( 3000): threadid=3: reacting to signal 3
I/dalvikvm( 3000): Wrote stack traces to '/data/anr/traces.txt'
I/MainActivity( 2904):  onStart
I/MainActivity( 2904):  onResume
D/SlideManagerRootImpl( 2904): stop = 1
I/TabletStatusBar( 1247): receiver broadcast
D/jachensy.chen( 1247): basal setting action configuration changed.......
I/EasyControlIME( 1303): ----isExtractViewShowm()
D/dalvikvm( 1303): GC_CONCURRENT freed 262K, 84% free 815K/4995K, paused 41ms+2ms
D/dalvikvm( 2904): GC_EXPLICIT freed 166K, 17% free 31637K/37699K, paused 3ms+12ms
E/StrictMode( 2904): class com.fiship.cibn.activity.MyAppActivity; instances=2; limit=1
E/StrictMode( 2904): android.os.StrictMode$InstanceCountViolation: class com.fiship.cibn.activity.MyAppActivity; instances=2; limit=1
E/StrictMode( 2904):    at android.os.StrictMode.setClassInstanceLimit(StrictMode.java:1)
D/dalvikvm( 1754): GC_CONCURRENT freed 719K, 66% free 2557K/7491K, paused 2ms+2ms
D/MonitorCw880( 1659): counter=8 && isHeartbeatTimeout=false
D/dalvikvm( 1754): GC_CONCURRENT freed 610K, 67% free 2542K/7491K, paused 3ms+2ms
D/dalvikvm( 1754): GC_CONCURRENT freed 572K, 66% free 2600K/7491K, paused 2ms+2ms
D/dalvikvm( 1754): GC_CONCURRENT freed 658K, 65% free 2643K/7491K, paused 2ms+2ms
D/dalvikvm( 1082): GC_EXPLICIT freed 861K, 57% free 5453K/12419K, paused 2ms+4ms
D/dalvikvm( 1754): GC_CONCURRENT freed 703K, 65% free 2644K/7491K, paused 1ms+2ms
D/dalvikvm( 1754): GC_CONCURRENT freed 705K, 65% free 2644K/7491K, paused 2ms+2ms
D/dalvikvm( 1754): GC_CONCURRENT freed 728K, 66% free 2619K/7491K, paused 2ms+3ms
D/dalvikvm( 1754): GC_CONCURRENT freed 680K, 65% free 2644K/7491K, paused 1ms+3ms
D/MonitorCw880( 1659): counter=10 && isHeartbeatTimeout=false
D/dalvikvm( 1754): GC_CONCURRENT freed 728K, 66% free 2618K/7491K, paused 2ms+2ms
D/dalvikvm( 1754): GC_CONCURRENT freed 680K, 65% free 2644K/7491K, paused 2ms+2ms
D/dalvikvm( 1754): GC_CONCURRENT freed 705K, 65% free 2641K/7491K, paused 2ms+2ms
D/dalvikvm( 1754): GC_CONCURRENT freed 704K, 66% free 2559K/7491K, paused 2ms+3ms
D/dalvikvm( 1754): GC_CONCURRENT freed 610K, 66% free 2568K/7491K, paused 2ms+2ms
D/dalvikvm( 1754): GC_CONCURRENT freed 623K, 67% free 2544K/7491K, paused 2ms+2ms
D/dalvikvm( 1754): GC_CONCURRENT freed 573K, 66% free 2600K/7491K, paused 2ms+2ms
D/MonitorCw880( 1659): counter=12 && isHeartbeatTimeout=false
D/dalvikvm( 1754): GC_CONCURRENT freed 660K, 66% free 2557K/7491K, paused 2ms+2ms
D/dalvikvm( 1754): GC_CONCURRENT freed 584K, 66% free 2570K/7491K, paused 2ms+2ms
D/HomePlayerLib( 1754): hostaddress count is 2
D/dalvikvm( 1754): GC_CONCURRENT freed 628K, 66% free 2552K/7491K, paused 2ms+2ms
D/dalvikvm( 1754): GC_CONCURRENT freed 612K, 67% free 2540K/7491K, paused 2ms+3ms
D/dalvikvm( 1754): GC_CONCURRENT freed 587K, 66% free 2612K/7491K, paused 1ms+2ms
D/dalvikvm( 1754): GC_CONCURRENT freed 683K, 65% free 2656K/7491K, paused 2ms+2ms
D/dalvikvm( 1754): GC_CONCURRENT freed 733K, 65% free 2661K/7491K, paused 2ms+2ms
D/dalvikvm( 1754): GC_CONCURRENT freed 726K, 65% free 2667K/7491K, paused 2ms+3ms
D/dalvikvm( 1754): GC_CONCURRENT freed 746K, 66% free 2550K/7491K, paused 2ms+3ms
D/dalvikvm( 1754): GC_CONCURRENT freed 595K, 65% free 2662K/7491K, paused 2ms+2ms
D/MonitorCw880( 1659): counter=4 && isHeartbeatTimeout=false
D/dalvikvm( 1754): GC_CONCURRENT freed 740K, 66% free 2561K/7491K, paused 2ms+2ms
D/dalvikvm( 1754): GC_CONCURRENT freed 611K, 67% free 2546K/7491K, paused 2ms+2ms
D/dalvikvm( 1754): GC_CONCURRENT freed 591K, 65% free 2667K/7491K, paused 2ms+2ms
D/dalvikvm( 1754): GC_CONCURRENT freed 757K, 65% free 2655K/7491K, paused 2ms+2ms
D/dalvikvm( 1754): GC_CONCURRENT freed 734K, 67% free 2544K/7491K, paused 2ms+2ms
D/dalvikvm( 1754): GC_CONCURRENT freed 573K, 66% free 2559K/7491K, paused 2ms+2ms
D/dalvikvm( 1754): GC_CONCURRENT freed 605K, 66% free 2569K/7491K, paused 2ms+2ms
D/MonitorCw880( 1659): counter=6 && isHeartbeatTimeout=false
D/dalvikvm( 1754): GC_CONCURRENT freed 623K, 66% free 2570K/7491K, paused 2ms+2ms
D/dalvikvm( 1754): GC_CONCURRENT freed 624K, 65% free 2652K/7491K, paused 1ms+2ms
D/dalvikvm( 1754): GC_CONCURRENT freed 722K, 65% free 2656K/7491K, paused 1ms+2ms
D/dalvikvm( 1754): GC_CONCURRENT freed 745K, 67% free 2532K/7491K, paused 2ms+2ms
W/ActivityManager( 1082): Activity destroy timeout for ActivityRecord{41519d00 com.eshore.efilm/.Efilm}
D/dalvikvm( 1754): GC_CONCURRENT freed 580K, 67% free 2531K/7491K, paused 2ms+2ms
D/dalvikvm( 1754): GC_CONCURRENT freed 578K, 66% free 2554K/7491K, paused 2ms+2ms
D/MonitorCw880( 1659): counter=8 && isHeartbeatTimeout=false
D/MonitorCw880( 1659): counter=10 && isHeartbeatTimeout=false
D/dalvikvm( 1754): GC_CONCURRENT freed 606K, 65% free 2666K/7491K, paused 2ms+3ms
D/dalvikvm( 1754): GC_CONCURRENT freed 757K, 65% free 2642K/7491K, paused 1ms+2ms
D/dalvikvm( 1754): GC_CONCURRENT freed 705K, 66% free 2558K/7491K, paused 2ms+2ms
D/dalvikvm( 1754): GC_CONCURRENT freed 610K, 66% free 2569K/7491K, paused 2ms+2ms
D/dalvikvm( 1754): GC_CONCURRENT freed 623K, 66% free 2568K/7491K, paused 2ms+2ms
D/dalvikvm( 1754): GC_CONCURRENT freed 613K, 66% free 2555K/7491K, paused 2ms+2ms
D/dalvikvm( 1754): GC_CONCURRENT freed 607K, 66% free 2569K/7491K, paused 2ms+3ms
D/dalvikvm( 1754): GC_CONCURRENT freed 623K, 66% free 2569K/7491K, paused 2ms+2ms
D/MonitorCw880( 1659): counter=12 && isHeartbeatTimeout=false
D/dalvikvm( 1754): GC_CONCURRENT freed 623K, 66% free 2569K/7491K, paused 1ms+2ms
D/dalvikvm( 1754): GC_CONCURRENT freed 613K, 66% free 2555K/7491K, paused 2ms+2ms
D/dalvikvm( 1754): GC_CONCURRENT freed 605K, 66% free 2569K/7491K, paused 2ms+2ms
D/MonitorCw880( 1659): counter=4 && isHeartbeatTimeout=false
D/dalvikvm( 1754): GC_CONCURRENT freed 623K, 66% free 2569K/7491K, paused 2ms+3ms
D/dalvikvm( 1754): GC_CONCURRENT freed 619K, 66% free 2554K/7491K, paused 2ms+2ms
D/HomePlayerLib( 1754): hostaddress count is 2
D/dalvikvm( 1754): GC_CONCURRENT freed 588K, 65% free 2637K/7491K, paused 2ms+3ms
D/dalvikvm( 1754): GC_CONCURRENT freed 718K, 66% free 2554K/7491K, paused 2ms+3ms
D/dalvikvm( 1754): GC_CONCURRENT freed 606K, 66% free 2569K/7491K, paused 2ms+2ms
D/dalvikvm( 1754): GC_CONCURRENT freed 617K, 64% free 2713K/7491K, paused 2ms+3ms
D/dalvikvm( 1754): GC_CONCURRENT freed 795K, 65% free 2647K/7491K, paused 2ms+2ms
D/dalvikvm( 1754): GC_CONCURRENT freed 705K, 65% free 2648K/7491K, paused 2ms+2ms
D/dalvikvm( 1754): GC_CONCURRENT freed 716K, 66% free 2617K/7491K, paused 2ms+3ms
D/dalvikvm( 1754): GC_CONCURRENT freed 664K, 63% free 2783K/7491K, paused 2ms+2ms
D/dalvikvm( 1754): GC_CONCURRENT freed 886K, 66% free 2562K/7491K, paused 2ms+3ms
D/dalvikvm( 1754): GC_CONCURRENT freed 601K, 66% free 2559K/7491K, paused 2ms+3ms
D/MonitorCw880( 1659): counter=6 && isHeartbeatTimeout=false
D/dalvikvm( 1754): GC_CONCURRENT freed 593K, 66% free 2558K/7491K, paused 3ms+2ms
D/dalvikvm( 1754): GC_CONCURRENT freed 693K, 66% free 2576K/7491K, paused 2ms+2ms
D/dalvikvm( 1754): GC_CONCURRENT freed 634K, 66% free 2556K/7491K, paused 2ms+3ms
D/dalvikvm( 1754): GC_CONCURRENT freed 600K, 66% free 2554K/7491K, paused 2ms+3ms
D/dalvikvm( 1754): GC_CONCURRENT freed 608K, 66% free 2553K/7491K, paused 2ms+2ms
D/MonitorCw880( 1659): counter=8 && isHeartbeatTimeout=false
D/dalvikvm( 1754): GC_CONCURRENT freed 595K, 66% free 2557K/7491K, paused 2ms+3ms
D/dalvikvm( 1754): GC_CONCURRENT freed 609K, 66% free 2610K/7491K, paused 1ms+3ms
D/dalvikvm( 1754): GC_CONCURRENT freed 686K, 67% free 2531K/7491K, paused 2ms+2ms
D/dalvikvm( 1754): GC_CONCURRENT freed 573K, 67% free 2543K/7491K, paused 1ms+2ms
D/dalvikvm( 1754): GC_CONCURRENT freed 593K, 65% free 2653K/7491K, paused 2ms+2ms
D/dalvikvm( 1754): GC_CONCURRENT freed 730K, 65% free 2668K/7491K, paused 2ms+3ms
D/dalvikvm( 1754): GC_CONCURRENT freed 757K, 65% free 2655K/7491K, paused 2ms+3ms
D/dalvikvm( 1754): GC_CONCURRENT freed 732K, 65% free 2657K/7491K, paused 2ms+2ms
D/MonitorCw880( 1659): counter=10 && isHeartbeatTimeout=false
D/dalvikvm( 1754): GC_CONCURRENT freed 745K, 66% free 2617K/7491K, paused 2ms+2ms
D/dalvikvm( 1754): GC_CONCURRENT freed 676K, 66% free 2557K/7491K, paused 3ms+3ms
D/dalvikvm( 1754): GC_CONCURRENT freed 611K, 65% free 2658K/7491K, paused 1ms+2ms
D/MonitorCw880( 1659): counter=12 && isHeartbeatTimeout=false
D/dalvikvm( 1754): GC_CONCURRENT freed 744K, 67% free 2545K/7491K, paused 2ms+2ms
D/dalvikvm( 1754): GC_CONCURRENT freed 596K, 66% free 2555K/7491K, paused 2ms+2ms
D/dalvikvm( 1754): GC_CONCURRENT freed 600K, 66% free 2554K/7491K, paused 2ms+2ms
D/CheckNetWork( 1740): isOk true
D/CheckNetWork( 1740): ActInfoNetworkInfo: type: ETH[], state: CONNECTED/CONNECTED, reason: (unspecified), extra: (none), roaming: false, failover: false, isAvailable: true
D/CheckNetWork( 1740): infoNetworkInfo: type: ETH[], state: CONNECTED/CONNECTED, reason: (unspecified), extra: (none), roaming: false, failover: false, isAvailable: true
D/dalvikvm( 1754): GC_CONCURRENT freed 608K, 66% free 2569K/7491K, paused 2ms+3ms
D/dalvikvm( 1754): GC_CONCURRENT freed 623K, 67% free 2544K/7491K, paused 1ms+2ms
D/dalvikvm( 1754): GC_CONCURRENT freed 594K, 66% free 2596K/7491K, paused 2ms+2ms
D/dalvikvm( 1754): GC_CONCURRENT freed 666K, 67% free 2534K/7491K, paused 2ms+2ms
D/dalvikvm( 1754): GC_CONCURRENT freed 582K, 67% free 2544K/7491K, paused 3ms+3ms
D/MonitorCw880( 1659): counter=4 && isHeartbeatTimeout=false
D/dalvikvm( 1754): GC_CONCURRENT freed 594K, 65% free 2637K/7491K, paused 2ms+2ms
D/dalvikvm( 1754): GC_CONCURRENT freed 704K, 66% free 2597K/7491K, paused 2ms+2ms
D/dalvikvm( 1754): GC_CONCURRENT freed 691K, 65% free 2628K/7491K, paused 2ms+2ms
D/MonitorCw880( 1659): counter=6 && isHeartbeatTimeout=false
D/HomePlayerLib( 1754): hostaddress count is 2
D/dalvikvm( 1754): GC_CONCURRENT freed 712K, 65% free 2652K/7491K, paused 2ms+2ms
D/dalvikvm( 1754): GC_CONCURRENT freed 723K, 65% free 2660K/7491K, paused 2ms+2ms
D/dalvikvm( 1754): GC_CONCURRENT freed 740K, 65% free 2660K/7491K, paused 2ms+2ms
D/dalvikvm( 1754): GC_CONCURRENT freed 742K, 65% free 2637K/7491K, paused 2ms+2ms
D/dalvikvm( 1754): GC_CONCURRENT freed 700K, 65% free 2623K/7491K, paused 2ms+5ms
D/dalvikvm( 1754): GC_CONCURRENT freed 689K, 66% free 2547K/7491K, paused 2ms+3ms
D/dalvikvm( 1754): GC_CONCURRENT freed 592K, 65% free 2662K/7491K, paused 2ms+3ms
D/dalvikvm( 1754): GC_CONCURRENT freed 745K, 65% free 2655K/7491K, paused 2ms+2ms
D/dalvikvm( 1754): GC_CONCURRENT freed 742K, 65% free 2660K/7491K, paused 2ms+3ms
D/dalvikvm( 1754): GC_CONCURRENT freed 726K, 65% free 2646K/7491K, paused 2ms+3ms
D/dalvikvm( 1754): GC_CONCURRENT freed 707K, 66% free 2557K/7491K, paused 2ms+3ms
D/MonitorCw880( 1659): counter=8 && isHeartbeatTimeout=false
D/dalvikvm( 1754): GC_CONCURRENT freed 612K, 67% free 2544K/7491K, paused 1ms+2ms
D/dalvikvm( 1754): GC_CONCURRENT freed 593K, 66% free 2556K/7491K, paused 2ms+3ms
D/dalvikvm( 1754): GC_CONCURRENT freed 600K, 66% free 2596K/7491K, paused 2ms+3ms
D/dalvikvm( 1754): GC_CONCURRENT freed 662K, 66% free 2557K/7491K, paused 2ms+2ms
D/dalvikvm( 1754): GC_CONCURRENT freed 610K, 66% free 2611K/7491K, paused 2ms+2ms
D/dalvikvm( 1754): GC_CONCURRENT freed 675K, 66% free 2557K/7491K, paused 2ms+2ms
D/MonitorCw880( 1659): counter=10 && isHeartbeatTimeout=false
D/dalvikvm( 1754): GC_CONCURRENT freed 611K, 67% free 2542K/7491K, paused 2ms+2ms
D/dalvikvm( 1754): GC_CONCURRENT freed 573K, 65% free 2640K/7491K, paused 2ms+2ms
D/MonitorCw880( 1659): counter=12 && isHeartbeatTimeout=false
D/dalvikvm( 1754): GC_CONCURRENT freed 699K, 66% free 2557K/7491K, paused 2ms+3ms
D/dalvikvm( 1754): GC_CONCURRENT freed 611K, 65% free 2657K/7491K, paused 1ms+2ms
D/dalvikvm( 1754): GC_CONCURRENT freed 745K, 67% free 2545K/7491K, paused 1ms+2ms
D/dalvikvm( 1754): GC_CONCURRENT freed 594K, 66% free 2555K/7491K, paused 1ms+2ms
D/dalvikvm( 1754): GC_CONCURRENT freed 599K, 66% free 2555K/7491K, paused 2ms+3ms
D/MonitorCw880( 1659): counter=4 && isHeartbeatTimeout=false
D/dalvikvm( 1754): GC_CONCURRENT freed 608K, 65% free 2656K/7491K, paused 2ms+2ms
D/dalvikvm( 1754): GC_CONCURRENT freed 743K, 66% free 2617K/7491K, paused 2ms+2ms
D/dalvikvm( 1435): GC_CONCURRENT freed 654K, 74% free 1671K/6211K, paused 1ms+2ms
I/CheckinService( 1435): Preparing to send checkin request
I/EventLogService( 1435): Accumulating logs since 1369297002921
W/CheckinRequestBuilder( 1435): Unknown phone type: 0 id=null
V/CheckinRequestBuilder( 1435): pre-froyo android id is 0
D/dalvikvm( 1435): GC_CONCURRENT freed 229K, 70% free 1920K/6211K, paused 1ms+1ms
I/CheckinTask( 1435): Sending checkin request (10242 bytes)
D/dalvikvm( 1754): GC_CONCURRENT freed 677K, 66% free 2557K/7491K, paused 2ms+2ms
D/dalvikvm( 1754): GC_CONCURRENT freed 611K, 65% free 2658K/7491K, paused 2ms+2ms
E/CheckinTask( 1435): Checkin failed: https://android.clients.google.com/checkin (request #0)
E/CheckinTask( 1435): java.io.IOException: Rejected response from server: HTTP/1.1 400 invalid hardware identifier: "000000000000" is not a valid MAC address (expect 12 hex digits)
E/CheckinTask( 1435):   at com.google.android.gsf.checkin.CheckinTask.parseResponse(CheckinTask.java:313)
E/CheckinTask( 1435):   at com.google.android.gsf.checkin.CheckinTask.sendRequest(CheckinTask.java:261)
E/CheckinTask( 1435):   at com.google.android.gsf.checkin.CheckinTask.doInBackground(CheckinTask.java:150)
E/CheckinTask( 1435):   at com.google.android.gsf.checkin.CheckinService$1.doInBackground(CheckinService.java:221)
E/CheckinTask( 1435):   at com.google.android.gsf.checkin.CheckinService$1.doInBackground(CheckinService.java:214)
E/CheckinTask( 1435):   at android.os.AsyncTask$2.call(AsyncTask.java:264)
E/CheckinTask( 1435):   at java.util.concurrent.FutureTask$Sync.innerRun(FutureTask.java:305)
E/CheckinTask( 1435):   at java.util.concurrent.FutureTask.run(FutureTask.java:137)
E/CheckinTask( 1435):   at java.util.concurrent.ThreadPoolExecutor.runWorker(ThreadPoolExecutor.java:1076)
E/CheckinTask( 1435):   at java.util.concurrent.ThreadPoolExecutor$Worker.run(ThreadPoolExecutor.java:569)
E/CheckinTask( 1435):   at java.lang.Thread.run(Thread.java:856)
D/dalvikvm( 1754): GC_CONCURRENT freed 743K, 65% free 2659K/7491K, paused 2ms+2ms
D/dalvikvm( 1754): GC_CONCURRENT freed 744K, 65% free 2658K/7491K, paused 2ms+2ms
D/dalvikvm( 1754): GC_CONCURRENT freed 746K, 66% free 2617K/7491K, paused 2ms+2ms
D/MonitorCw880( 1659): counter=6 && isHeartbeatTimeout=false
D/dalvikvm( 1754): GC_CONCURRENT freed 689K, 66% free 2567K/7491K, paused 2ms+3ms
D/HomePlayerLib( 1754): hostaddress count is 2
D/dalvikvm( 1754): GC_CONCURRENT freed 628K, 65% free 2657K/7491K, paused 2ms+2ms
D/dalvikvm( 1754): GC_CONCURRENT freed 740K, 65% free 2632K/7491K, paused 2ms+2ms
D/MonitorCw880( 1659): counter=8 && isHeartbeatTimeout=false
D/dalvikvm( 1754): GC_CONCURRENT freed 698K, 66% free 2549K/7491K, paused 2ms+2ms
D/dalvikvm( 1754): GC_CONCURRENT freed 594K, 65% free 2666K/7491K, paused 2ms+2ms
D/dalvikvm( 1754): GC_CONCURRENT freed 728K, 65% free 2682K/7491K, paused 2ms+2ms
D/dalvikvm( 1754): GC_CONCURRENT freed 760K, 66% free 2562K/7491K, paused 2ms+3ms
D/dalvikvm( 1754): GC_CONCURRENT freed 612K, 66% free 2589K/7491K, paused 1ms+2ms
D/dalvikvm( 1754): GC_CONCURRENT freed 633K, 65% free 2643K/7491K, paused 2ms+2ms
D/dalvikvm( 1754): GC_CONCURRENT freed 726K, 65% free 2657K/7491K, paused 2ms+2ms
D/dalvikvm( 1754): GC_CONCURRENT freed 729K, 65% free 2671K/7491K, paused 1ms+2ms
D/dalvikvm( 1754): GC_CONCURRENT freed 748K, 65% free 2676K/7491K, paused 2ms+2ms
D/dalvikvm( 1754): GC_CONCURRENT freed 765K, 65% free 2665K/7491K, paused 2ms+2ms
D/dalvikvm( 1754): GC_CONCURRENT freed 739K, 65% free 2677K/7491K, paused 2ms+3ms
D/dalvikvm( 1754): GC_CONCURRENT freed 769K, 66% free 2554K/7491K, paused 2ms+2ms
D/dalvikvm( 1754): GC_CONCURRENT freed 597K, 65% free 2662K/7491K, paused 1ms+2ms
D/dalvikvm( 1754): GC_CONCURRENT freed 745K, 65% free 2644K/7491K, paused 1ms+3ms
D/MonitorCw880( 1659): counter=10 && isHeartbeatTimeout=false
D/dalvikvm( 1754): GC_CONCURRENT freed 729K, 66% free 2618K/7491K, paused 2ms+2ms
D/dalvikvm( 1754): GC_CONCURRENT freed 680K, 65% free 2644K/7491K, paused 2ms+2ms
D/dalvikvm( 1754): GC_CONCURRENT freed 706K, 65% free 2644K/7491K, paused 2ms+2ms
D/dalvikvm( 1754): GC_CONCURRENT freed 728K, 66% free 2619K/7491K, paused 2ms+2ms
D/dalvikvm( 1754): GC_CONCURRENT freed 680K, 65% free 2644K/7491K, paused 2ms+3ms
D/MonitorCw880( 1659): counter=12 && isHeartbeatTimeout=false
D/dalvikvm( 1754): GC_CONCURRENT freed 705K, 66% free 2557K/7491K, paused 2ms+3ms
D/dalvikvm( 1754): GC_CONCURRENT freed 609K, 67% free 2543K/7491K, paused 2ms+2ms
D/MonitorCw880( 1659): counter=4 && isHeartbeatTimeout=false
D/dalvikvm( 1754): GC_CONCURRENT freed 595K, 66% free 2555K/7491K, paused 2ms+2ms
D/dalvikvm( 1754): GC_CONCURRENT freed 600K, 66% free 2600K/7491K, paused 1ms+3ms
D/dalvikvm( 1754): GC_CONCURRENT freed 660K, 66% free 2557K/7491K, paused 1ms+2ms
D/dalvikvm( 1754): GC_CONCURRENT freed 609K, 67% free 2543K/7491K, paused 1ms+2ms
D/dalvikvm( 1754): GC_CONCURRENT freed 596K, 66% free 2555K/7491K, paused 2ms+2ms
D/dalvikvm( 1754): GC_CONCURRENT freed 600K, 66% free 2578K/7491K, paused 2ms+3ms
D/MonitorCw880( 1659): counter=6 && isHeartbeatTimeout=false
D/dalvikvm( 1754): GC_CONCURRENT freed 618K, 65% free 2681K/7491K, paused 2ms+2ms
D/dalvikvm( 1754): GC_CONCURRENT freed 772K, 67% free 2545K/7491K, paused 2ms+2ms
D/dalvikvm( 1754): GC_CONCURRENT freed 595K, 65% free 2662K/7491K, paused 2ms+2ms
D/dalvikvm( 1754): GC_CONCURRENT freed 754K, 67% free 2544K/7491K, paused 2ms+3ms
D/dalvikvm( 1754): GC_CONCURRENT freed 596K, 66% free 2556K/7491K, paused 1ms+2ms
D/dalvikvm( 1754): GC_CONCURRENT freed 610K, 66% free 2567K/7491K, paused 2ms+2ms
D/dalvikvm( 1754): GC_CONCURRENT freed 613K, 66% free 2555K/7491K, paused 2ms+3ms
D/MonitorCw880( 1659): counter=8 && isHeartbeatTimeout=false
D/HomePlayerLib( 1754): hostaddress count is 2
D/dalvikvm( 1754): GC_CONCURRENT freed 614K, 66% free 2549K/7491K, paused 2ms+3ms
D/dalvikvm( 1754): GC_CONCURRENT freed 601K, 66% free 2552K/7491K, paused 2ms+2ms
D/dalvikvm( 1754): GC_CONCURRENT freed 591K, 66% free 2588K/7491K, paused 2ms+2ms
D/dalvikvm( 1754): GC_CONCURRENT freed 636K, 66% free 2559K/7491K, paused 2ms+2ms
D/MonitorCw880( 1659): counter=10 && isHeartbeatTimeout=false
D/dalvikvm( 1754): GC_CONCURRENT freed 596K, 65% free 2674K/7491K, paused 2ms+3ms
D/dalvikvm( 1754): GC_CONCURRENT freed 766K, 65% free 2637K/7491K, paused 2ms+2ms
D/dalvikvm( 1754): GC_CONCURRENT freed 685K, 65% free 2638K/7491K, paused 2ms+2ms
D/dalvikvm( 1754): GC_CONCURRENT freed 702K, 65% free 2639K/7491K, paused 2ms+2ms
D/dalvikvm( 1754): GC_CONCURRENT freed 697K, 65% free 2646K/7491K, paused 2ms+2ms
D/dalvikvm( 1754): GC_CONCURRENT freed 727K, 65% free 2632K/7491K, paused 2ms+3ms
D/dalvikvm( 1754): GC_CONCURRENT freed 692K, 66% free 2558K/7491K, paused 2ms+2ms
D/dalvikvm( 1754): GC_CONCURRENT freed 614K, 67% free 2543K/7491K, paused 1ms+3ms
D/MonitorCw880( 1659): counter=12 && isHeartbeatTimeout=false
D/dalvikvm( 1754): GC_CONCURRENT freed 593K, 66% free 2556K/7491K, paused 1ms+2ms
D/dalvikvm( 1754): GC_CONCURRENT freed 600K, 66% free 2600K/7491K, paused 2ms+2ms
D/dalvikvm( 1754): GC_CONCURRENT freed 662K, 66% free 2556K/7491K, paused 2ms+2ms
D/dalvikvm( 1754): GC_CONCURRENT freed 610K, 66% free 2569K/7491K, paused 2ms+3ms
D/dalvikvm( 1754): GC_CONCURRENT freed 622K, 66% free 2568K/7491K, paused 2ms+2ms
D/dalvikvm( 1754): GC_CONCURRENT freed 612K, 66% free 2557K/7491K, paused 2ms+3ms
D/dalvikvm( 1754): GC_CONCURRENT freed 609K, 66% free 2569K/7491K, paused 2ms+2ms
D/MonitorCw880( 1659): counter=4 && isHeartbeatTimeout=false
D/dalvikvm( 1754): GC_CONCURRENT freed 621K, 66% free 2569K/7491K, paused 2ms+2ms
D/dalvikvm( 1754): GC_CONCURRENT freed 623K, 66% free 2568K/7491K, paused 2ms+3ms
D/dalvikvm( 1754): GC_CONCURRENT freed 613K, 66% free 2555K/7491K, paused 2ms+2ms
D/MonitorCw880( 1659): counter=6 && isHeartbeatTimeout=false
D/dalvikvm( 1754): GC_CONCURRENT freed 607K, 66% free 2553K/7491K, paused 2ms+2ms
D/dalvikvm( 1754): GC_CONCURRENT freed 595K, 66% free 2557K/7491K, paused 2ms+2ms
D/dalvikvm( 1754): GC_CONCURRENT freed 610K, 66% free 2567K/7491K, paused 2ms+2ms
D/dalvikvm( 1754): GC_CONCURRENT freed 611K, 66% free 2555K/7491K, paused 2ms+2ms
D/dalvikvm( 1754): GC_CONCURRENT freed 607K, 67% free 2544K/7491K, paused 2ms+2ms
D/dalvikvm( 1754): GC_CONCURRENT freed 596K, 66% free 2556K/7491K, paused 2ms+3ms
D/MonitorCw880( 1659): counter=8 && isHeartbeatTimeout=false
D/dalvikvm( 1754): GC_CONCURRENT freed 598K, 66% free 2555K/7491K, paused 2ms+3ms
D/dalvikvm( 1754): GC_CONCURRENT freed 607K, 65% free 2656K/7491K, paused 2ms+2ms
D/dalvikvm( 1754): GC_CONCURRENT freed 744K, 67% free 2533K/7491K, paused 2ms+2ms
D/dalvikvm( 1754): GC_CONCURRENT freed 558K, 66% free 2556K/7491K, paused 1ms+3ms
D/dalvikvm( 1754): GC_CONCURRENT freed 608K, 66% free 2567K/7491K, paused 2ms+2ms
D/dalvikvm( 1754): GC_CONCURRENT freed 611K, 66% free 2554K/7491K, paused 2ms+2ms
D/dalvikvm( 1754): GC_CONCURRENT freed 608K, 66% free 2552K/7491K, paused 2ms+2ms
D/dalvikvm( 1754): GC_CONCURRENT freed 593K, 65% free 2637K/7491K, paused 2ms+2ms
D/MonitorCw880( 1659): counter=10 && isHeartbeatTimeout=false
D/dalvikvm( 1754): GC_CONCURRENT freed 702K, 65% free 2663K/7491K, paused 2ms+2ms
D/dalvikvm( 1754): GC_CONCURRENT freed 745K, 65% free 2663K/7491K, paused 2ms+2ms
D/HomePlayerLib( 1754): hostaddress count is 2
D/dalvikvm( 1754): GC_CONCURRENT freed 753K, 66% free 2554K/7491K, paused 2ms+2ms
D/dalvikvm( 1754): GC_CONCURRENT freed 589K, 66% free 2553K/7491K, paused 3ms+2ms
D/dalvikvm( 1754): GC_CONCURRENT freed 611K, 67% free 2532K/7491K, paused 1ms+3ms
D/dalvikvm( 1754): GC_CONCURRENT freed 575K, 66% free 2559K/7491K, paused 2ms+2ms
D/dalvikvm( 1754): GC_CONCURRENT freed 595K, 65% free 2674K/7491K, paused 2ms+3ms
D/MonitorCw880( 1659): counter=12 && isHeartbeatTimeout=false
D/dalvikvm( 1754): GC_CONCURRENT freed 756K, 65% free 2670K/7491K, paused 2ms+3ms
D/dalvikvm( 1754): GC_CONCURRENT freed 755K, 65% free 2674K/7491K, paused 2ms+3ms
D/dalvikvm( 1754): GC_CONCURRENT freed 757K, 66% free 2608K/7491K, paused 2ms+2ms
D/dalvikvm( 1754): GC_CONCURRENT freed 663K, 64% free 2705K/7491K, paused 2ms+3ms
D/dalvikvm( 1754): GC_CONCURRENT freed 782K, 66% free 2566K/7491K, paused 2ms+2ms
D/dalvikvm( 1754): GC_CONCURRENT freed 623K, 66% free 2554K/7491K, paused 2ms+2ms
D/dalvikvm( 1754): GC_CONCURRENT freed 597K, 66% free 2556K/7491K, paused 3ms+3ms

[ 1660.637199] IR: [03932] scan key value is 0xec13c936 
[ 1660.637204]  
[ 1660.689761] IR: [03932] scan key value is 0xec13c936 
[ 1660.689765]  D/dalvikvm( 1754): GC_FOR_ALLOC freed 730K, 67% free 2536K/7491K, paused 25ms
D/dalvikvm( 1754): GC_CONCURRENT freed 11K, 67% free 2534K/7491K, paused 2ms+2ms
I/Process ( 3000): Sending signal. PID: 3000 SIG: 9
I/ActivityManager( 1082): Process com.eshore.efilm (pid 3000) has died.
D/dalvikvm( 1754): GC_CONCURRENT freed 585K, 67% free 2530K/7491K, paused 2ms+5ms
D/dalvikvm( 1754): GC_CONCURRENT freed 560K, 66% free 2554K/7491K, paused 2ms+3ms
D/MonitorCw880( 1659): counter=4 && isHeartbeatTimeout=false
D/dalvikvm( 1754): GC_CONCURRENT freed 619K, 66% free 2556K/7491K, paused 2ms+3ms
D/dalvikvm( 1754): GC_CONCURRENT freed 664K, 66% free 2557K/7491K, paused 1ms+3ms

[ 1662.081977] IR: [03932] scan key value is 0xea15c936 
[ 1662.081982]  D/dalvikvm( 1754): GC_CONCURRENT freed 610K, 65% free 2652K/7491K, paused 2ms+3ms
D/ScaleViewPanel( 2904): dispatchDraw

[ 1662.134549] IR: [03932] scan key value is 0xea15c936 
[ 1662.134554]  
[ 1662.323366] IR: [03932] scan key value is 0xea15c936 
[ 1662.323371]  D/InputEventConsistencyVerifier( 2904): KeyEvent: ACTION_UP but key was not down.
D/InputEventConsistencyVerifier( 2904):   in com.fiship.widget.viewflow.ViewFlow@41608ad8
D/InputEventConsistencyVerifier( 2904):   0: sent at 1662300000000, KeyEvent { action=ACTION_UP, keyCode=KEYCODE_D
[ 1662.375924] IR: [03932] scan key value is 0xea15c936 
[ 1662.375928]  PAD_DOWN, scanCode=108, metaState=0, flags=0x8, repeatCount=0, eventTime=1662300, downTime=1662087, deviceId=1, source=0x101 }
D/InputEventConsistencyVerifier( 2904):   -- recent events --
D/InputEventConsistencyVerifier( 2904):   1: sent at 1565219179000, MotionEvent { action=ACTION_UP, id[0]=0, x[0]=1061.1709, y[0]=402.26074, toolType[0]=TOOL_TYPE_FINGER, buttonState=0, metaState=0, flags=0x0, edgeFlags=0x0, pointerCount=1, historySize=0, eventTime=1565219, downTime=1565191, deviceId=4, source=0x1002 }
D/InputEventConsistencyVerifier( 2904):   2: sent at 1565191776000, MotionEvent { action=ACTION_DOWN, id[0]=0, x[0]=1061.1709, y[0]=402.26074, toolType[0]=TOOL_TYPE_FINGER, buttonState=0, metaState=0, flags=0x0, edgeFlags=0x0, pointerCount=1, historySize=0, eventTime=1565191, downTime=1565191, deviceId=4, source=0x1002 }
D/InputEventConsistencyVerifier( 2904):   3: sent at 1231307000000, (unhandled) KeyEvent { action=ACTION_DOWN, keyCode=KEYCODE_DPAD_UP, scanCode=103, metaState=0, flags=0x8, repeatCount=0, eventTime=1231307, downTime=1231307, deviceId=1, source=0x101 }
D/InputEventConsistencyVerifier( 2904):   4: sent at 1231004000000, (unhandled) KeyEvent { action=ACTION_UP, keyCode=KEYCODE_DPAD_LEFT, scanCode=105, metaState=0, flags=0x8, repeatCount=0, eventTime=1231004, downTime=1230793, deviceId=1, source=0x101 }
D/InputEventConsistencyVerifier( 2904):   5: sent at 1230793000000, (unhandled) KeyEvent { action=ACTION_DOWN, keyCode=KEYCODE_DPAD_LEFT, scanCode=105, metaState=0, flags=0x8, repeatCount=0, eventTime=1230793, downTime=1230793, deviceId=1, source=0x101 }
D/ScaleViewPanel( 2904): dispatchDraw
D/ScaleViewPanel( 2904): dispatchDraw
D/dalvikvm( 1754): GC_CONCURRENT freed 716K, 66% free 2556K/7491K, paused 28ms+2ms
D/InputEventConsistencyVerifier( 2904): KeyEvent: ACTION_UP but key was not down.
D/InputEventConsistencyVerifier( 2904):   in com.fiship.cibn.view.ScaleViewPanel@415d45c8
D/InputEventConsistencyVerifier( 2904):   0: sent at 1662548000000, KeyEvent { action=ACTION_UP, keyCode=KEYCODE_DPAD_DOWN, scanCode=108, metaState=0, flags=0x8, repeatCount=0, eventTime=1662548, downTime=1662329, deviceId=1, source=0x101 }
D/InputEventConsistencyVerifier( 2904):   -- recent events --
D/InputEventConsistencyVerifier( 2904):   1: sent at 934239000000, (unhandled) KeyEvent { action=ACTION_DOWN, keyCode=KEYCODE_DPAD_RIGHT, scanCode=106, metaState=0, flags=0x8, repeatCount=0, eventTime=934239, downTime=934239, deviceId=1, source=0x101 }
D/InputEventConsistencyVerifier( 2904):   2: sent at 933772000000, (unhandled) KeyEvent { action=ACTION_UP, keyCode=KEYCODE_DPAD_DOWN, scanCode=108, metaState=0, flags=0x80000008, repeatCount=0, eventTime=933772, downTime=933613, deviceId=1, source=0x101 }
D/ScaleViewPanel( 2904): dispatchDraw
D/dalvikvm( 1754): GC_CONCURRENT freed 600K, 66% free 2600K/7491K, paused 2ms+2ms

[ 1662.885816] IR: [03932] scan key value is 0xeb14c936 
[ 1662.885821]  D/ScaleViewPanel( 2904): dispatchDraw

[ 1662.938388] IR: [03932] scan key value is 0xeb14c936 
[ 1662.938394]  D/dalvikvm( 1754): GC_CONCURRENT freed 662K, 66% free 2597K/7491K, paused 8ms+3ms
D/ScaleViewPanel( 2904): dispatchDraw
D/dalvikvm( 1754): GC_CONCURRENT freed 665K, 66% free 2556K/7491K, paused 1ms+2ms

[ 1663.347436] IR: [03932] scan key value is 0xeb14c936 
[ 1663.347441]  D/ScaleViewPanel( 2904): dispatchDraw

[ 1663.400007] IR: [03932] scan key value is 0xeb14c936 
[ 1663.400012]  D/MonitorCw880( 1659): counter=6 && isHeartbeatTimeout=false
D/InputEventConsistencyVerifier( 2904): KeyEvent: ACTION_UP but key was not down.
D/InputEventConsistencyVerifier( 2904):   in com.fiship.cibn.view.ScaleViewPanel@417b6a08
D/InputEventConsistencyVerifier( 2904):   0: sent at 1663564000000, KeyEvent { action=ACTION_UP, keyCode=KEYCODE_DPAD_RIGHT, scanCode=106, metaState=0, flags=0x8, repeatCount=0, eventTime=1663564, downTime=1663352, deviceId=1, source=0x101 }
D/InputEventConsistencyVerifier
[ 1663.633820] IR: [03932] scan key value is 0xec13c936 
[ 1663.633825]  ( 2904):   -- recent events --
D/InputEventConsistencyVerifier( 2904):   1: sent at 1565219179000, MotionEvent { action=ACTION_UP, id[0]=0, x[0]=122.1709, y[0]=132.26074, toolType[0]=TOOL_TYPE_FINGER, buttonState=0, metaState=0, flags=0x0, edgeFlags=0x0, pointerCount=1, historySize=0, eventTime=1565219, downTime=1565191, deviceId=4, source=0x1002 }
D/InputEventConsistencyVerifier( 2904):   2: sent at 1565191776000, MotionEvent { action=ACTION_DOWN, id[0]=0, x[0]=122.1709, y[0]=132.26074, toolType[0]=TOOL_TYPE_FINGER, but
[ 1663.686378] IR: [03932] scan key value is 0xec13c936 
[ 1663.686383]  tonState=0, metaState=0, flags=0x0, edgeFlags=0x0, pointerCount=1, historySize=0, eventTime=1565191, downTime=1565191, deviceId=4, source=0x1002 }
D/InputEventConsistencyVerifier( 2904):   3: sent at 1229192000000, (unhandled) KeyEvent { action=ACTION_DOWN, keyCode=KEYCODE_DPAD_LEFT, scanCode=105, metaState=0, flags=0x8, repeatCount=0, eventTime=1229192, downTime=1229192, deviceId=1, source=0x101 }
D/InputEventConsistencyVerifier( 2904):   4: sent at 935236000000, KeyEvent { action=ACTION_UP, keyCode=KEYCODE_ENTER, scanCode=28, metaState=0, flags=0x8, repeatCount=0, eventTime=935236, downTime=935073, deviceId=1, source=0x101 }
D/InputEventConsistencyVerifier( 2904):   5: sent at 935073000000, KeyEvent { action=ACTION_DOWN, keyCode=KEYCODE_ENTER, scanCode=28, metaState=0, flags=0x8, repeatCount=0, eventTime=935073, downTime=935073, deviceId=1, source=0x101 }
D/ScaleViewPanel( 2904): dispatchDraw
I/MainActivity( 2904): onClick -> 52060
I/ActivityManager( 1082): START {cmp=com.fiship.cibn/.activity.MyAppActivity (has extras)} from pid 2904
W/WindowManager( 1082): Token{414e0708 ActivityRecord{41649698 com.fiship.cibn/.activity.MyAppActivity}} failed creating starting window
W/WindowManager( 1082): android.view.InflateException: Binary XML file line #34: Error inflating class <unknown>
W/WindowManager( 1082):         at android.view.LayoutInflater.createView(LayoutInflater.java:606)
W/WindowManager( 1082):         at com.android.internal.policy.impl.PhoneLayoutInflater.onCreateView(PhoneLayoutInflater.java:56)
W/WindowManager( 1082):         at android.view.LayoutInflater.onCreateView(LayoutInflater.java:653)
W/WindowManager( 1082):         at android.view.LayoutInflater.createViewFromTag(LayoutInflater.java:678)
W/WindowManager( 1082):         at android.view.LayoutInflater.rInflate(LayoutInflater.java:739)
W/WindowManager( 1082):         at android.view.LayoutInflater.inflate(LayoutInflater.java:489)
W/WindowManager( 1082):         at android.view.LayoutInflater.inflate(LayoutInflater.java:396)
W/WindowManager( 1082):         at android.view.LayoutInflater.inflate(LayoutInflater.java:352)
W/WindowManager( 1082):         at com.android.internal.policy.impl.PhoneWindow.generateLayout(PhoneWindow.java:2707)
W/WindowManager( 1082):         at com.android.internal.policy.impl.PhoneWindow.installDecor(PhoneWindow.java:2767)
W/WindowManager( 1082):         at com.android.internal.policy.impl.PhoneWindow.getDecorView(PhoneWindow.java:1534)
W/WindowManager( 1082):         at com.android.internal.policy.impl.PhoneWindowManager.addStartingWindow(PhoneWindowManager.java:1340)
W/WindowManager( 1082):         at com.android.server.wm.WindowManagerService$H.handleMessage(WindowManagerService.java:6631)
W/WindowManager( 1082):         at android.os.Handler.dispatchMessage(Handler.java:99)
W/WindowManager( 1082):         at android.os.Looper.loop(Looper.java:137)
W/WindowManager( 1082):         at com.android.server.wm.WindowManagerService$WMThread.run(WindowManagerService.java:704)
W/WindowManager( 1082): Caused by: java.lang.reflect.InvocationTargetException
W/WindowManager( 1082):         at java.lang.reflect.Constructor.constructNative(Native Method)
W/WindowManager( 1082):         at java.lang.reflect.Constructor.newInstance(Constructor.java:417)
W/WindowManager( 1082):         at android.view.LayoutInflater.createView(LayoutInflater.java:586)
W/WindowManager( 1082):         ... 15 more
W/WindowManager( 1082): Caused by: android.content.res.Resources$NotFoundException: Resource is not a Drawable (color or path): TypedValue{t=0x2/d=0x1010059 a=-1}
W/WindowManager( 1082):         at android.content.res.Resources.loadDrawable(Resources.java:1897)
W/WindowManager( 1082):         at android.content.res.TypedArray.getDrawable(TypedArray.java:601)
W/WindowManager( 1082):         at android.widget.FrameLayout.<init>(FrameLayout.java:107)
W/WindowManager( 1082):         at android.widget.FrameLayout.<init>(FrameLayout.java:95)
W/WindowManager( 1082):         ... 18 more
V/MainActivity( 2904): onlineMovice  null
V/MainActivity( 2904): userName = null ;passwd = null ; DiviceId = null
I/MainActivity( 2904):  onPause
D/dalvikvm( 2904): GC_CONCURRENT freed 1105K, 14% free 32517K/37699K, paused 2ms+10ms
D/dalvikvm( 1082): GC_EXPLICIT freed 1319K, 64% free 4475K/12419K, paused 2ms+4ms
I/Process ( 1082): Sending signal. PID: 2904 SIG: 3
I/dalvikvm( 2904): threadid=3: reacting to signal 3
I/dalvikvm( 2904): Wrote stack traces to '/data/anr/traces.txt'
W/ResourceType( 1082): Skipping entry 0x7f040002 in package table 0 because it is not complex!
I/ActivityManager( 1082): Displayed com.fiship.cibn/.activity.MyAppActivity: +698ms (total +1m11s821ms)
W/ResourceType( 1082): Skipping entry 0x7f040005 in package table 0 because it is not complex!
D/OpenGLRenderer( 2904): Flushing caches (mode 0)
I/MainActivity( 2904):  onStop
D/dalvikvm( 1754): GC_CONCURRENT freed 605K, 66% free 2555K/7491K, paused 2ms+2ms
D/MonitorCw880( 1659): counter=8 && isHeartbeatTimeout=false
D/dalvikvm( 1754): GC_CONCURRENT freed 606K, 66% free 2567K/7491K, paused 2ms+2ms
D/dalvikvm( 1754): GC_CONCURRENT freed 611K, 66% free 2555K/7491K, paused 2ms+2ms
D/dalvikvm( 1754): GC_CONCURRENT freed 660K, 66% free 2604K/7491K, paused 2ms+2ms

[ 1666.187521] IR: [03932] scan key value is 0xea15c936 
[ 1666.187526]  
[ 1666.240091] IR: [03932] scan key value is 0xea15c936 
[ 1666.240096]  D/dalvikvm( 1754): GC_CONCURRENT freed 664K, 66% free 2558K/7491K, paused 1ms+5ms
D/InputEventConsistencyVerifier( 2904): KeyEvent: ACTION_UP but key was not down.
D/InputEventConsistencyVerifier( 2904):   in com.fiship.cibn.view.MyAppItemView@41e5e0f8
D/InputEventConsistencyVerifier( 2904):   0: sent at 1666408000000, KeyEvent { action=ACTION_UP, keyCode=KEYCODE_DPAD_DOWN, scanCode=108, metaState=0, flags=0x8, repeatCount=0, eventTime=1666408, downTime=1666192, deviceId=1, source=0x101 }
D/dalvikvm( 1754): GC_CONCURRENT freed 611K, 67% free 2535K/7491K, paused 2ms+3ms
D/dalvikvm( 1754): GC_CONCURRENT freed 572K, 66% free 2559K/7491K, paused 2ms+3ms

[ 1667.020756] IR: [03932] scan key value is 0xed12c936 
[ 1667.020761]  
[ 1667.073344] IR: [03932] scan key value is 0xed12c936 
[ 1667.073348]  D/dalvikvm( 1754): GC_CONCURRENT freed 606K, 67% free 2543K/7491K, paused 4ms+3ms
D/InputEventConsistencyVerifier( 2904): KeyEvent: ACTION_UP but key was not down.
D/InputEventConsistencyVerifier( 2904):   in com.fiship.cibn.view.MyAppView@433ffde0
D/InputEventConsistencyVerifier( 2904):   0: sent at 1667244000000, KeyEvent { action=ACTION_UP, keyCode=KEYCODE_DPAD_LEFT, scanCode=105, metaState=0, flags=0x8, repeatCount=0, eventTime=1667244, downTime=1667026, deviceId=1, source=0x101 }
D/MonitorCw880( 1659): counter=10 && isHeartbeatTimeout=false

[ 1667.429851] IR: [03932] scan key value is 0xed12c936 
[ 1667.429856]  
[ 1667.482417] IR: [03932] scan key value is 0xed12c936 
[ 1667.482422]  D/dalvikvm( 1754): GC_CONCURRENT freed 583K, 65% free 2666K/7491K, paused 2ms+9ms
D/InputEventConsistencyVerifier( 2904): KeyEvent: ACTION_UP but key was not down.
D/InputEventConsistencyVerifier( 2904):   in com.fiship.cibn.view.MyAppItemView@42b17670
D/InputEventConsistencyVerifier( 2904):   0: sent at 1667648000000, KeyEvent { action=ACTION_UP, keyCode=KEYCODE_DPAD_LEFT, scanCode=105, metaState=0, flags=0x8, repeatCount=0, eventTime=1667648, downTime=1667435, deviceId=1, source=0x101 }
D/dalvikvm( 1754): GC_CONCURRENT freed 757K, 64% free 2721K/7491K, paused 3ms+5ms

[ 1668.699433] IR: [03932] scan key value is 0xec13c936 
[ 1668.699438]  
[ 1668.751996] IR: [03932] scan key value is 0xec13c936 
[ 1668.752001]  I/ActivityManager( 1082): START {act=android.intent.action.MAIN cat=[android.intent.category.LAUNCHER] flg=0x10000000 pkg=com.junzy.mobile.android cmp=com.junzy.mobile.android/.activity.RecommendationActivity} from pid 2904
D/dalvikvm( 1082): GC_FOR_ALLOC freed 64K, 64% free 4479K/12419K, paused 44ms
I/dalvikvm-heap( 1082): Grow heap (frag case) to 8.975MB for 1048592-byte allocation
D/dalvikvm( 1082): GC_FOR_ALLOC freed 8K, 56% free 5495K/12419K, paused 44ms
D/dalvikvm( 1082): GC_CONCURRENT freed <1K, 56% free 5497K/12419K, paused 2ms+4ms
I/MyAppActivity( 2904): onUserLeaveHint
D/dalvikvm( 3028): Not late-enabling CheckJNI (already on)
I/ActivityManager( 1082): Start proc com.junzy.mobile.android for activity com.junzy.mobile.android/.activity.RecommendationActivity: pid=3028 uid=10049 gids={3003, 1015, 1006}
I/dalvikvm( 3028): Turning on JNI app bug workarounds for target SDK version 11...
D/OpenGLRenderer( 2904): Flushing caches (mode 1)
D/OpenGLRenderer( 2904): Flushing caches (mode 0)
D/MonitorCw880( 1659): counter=12 && isHeartbeatTimeout=false
I/Process 