[   85.440026]  
shell@android:/ $ 
shell@android:/ $ logcat、
/system/bin/sh: logcat、: not found
127|shell@android:/ $ logcat                                                   
/system/bin/sh: logcat not found
127|shell@android:/ $ logcat                                                   
--------- beginning of /dev/log/system
I/Vold    (  738): Vold 2.1 (the revenge) firing up
E/Vold    (  738): Error reading configuration (No such file or directory)... continuing anyways
D/Vold    (  738): can not get the uuid of /dev/block/vold/8:0 when device add
D/Vold    (  738): can not get the uuid of /dev/block/vold/8:0 when device remove
I/SystemServer(  950): Entered the Android system server!
I/SystemServer(  950): Entropy Service
I/SystemServer(  950): Power Manager
I/SystemServer(  950): Activity Manager
I/ActivityManager(  950): Enabled StrictMode logging for AThread's Looper
I/SystemServer(  950): Telephony Registry
I/SystemServer(  950): Package Manager
W/PackageManager(  950): Running ENG build: no pre-dexopt!
W/PackageManager(  950): Library not found: /system/framework/com.android.future.usb.accessory.jar
W/PackageParser(  950): No actions in intent filter at /system/app/Bluetooth.apk Binary XML file line #125
I/PackageParser(  950): com.coship.HS: compat added android.permission.WRITE_EXTERNAL_STORAGE android.permission.READ_PHONE_STATE
W/PackageParser(  950): No actions in intent filter at /system/app/CIBN_out.apk Binary XML file line #191
W/PackageParser(  950): No actions in intent filter at /system/app/Contacts.apk Binary XML file line #525
W/PackageParser(  950): Problem in package /system/app/STB-Settings.apk:
W/PackageParser(  950): Unknown element under <activity>: data at /system/app/STB-Settings.apk Binary XML file line #145
W/PackageParser(  950): Problem in package /system/app/STB-Settings.apk:
W/PackageParser(  950): Unknown element under <activity>: action at /system/app/STB-Settings.apk Binary XML file line #231
W/PackageParser(  950): Problem in package /system/app/STB-Settings.apk:
W/PackageParser(  950): Unknown element under <activity>: action at /system/app/STB-Settings.apk Binary XML file line #232
W/PackageParser(  950): Problem in package /system/app/STB-Settings.apk:
W/PackageParser(  950): Unknown element under <activity>: action at /system/app/STB-Settings.apk Binary XML file line #289
W/PackageParser(  950): Problem in package /system/app/STB-Settings.apk:
W/PackageParser(  950): Unknown element under <activity>: action at /system/app/STB-Settings.apk Binary XML file line #393
W/PackageParser(  950): Problem in package /system/app/STB-Settings.apk:
W/PackageParser(  950): Unknown element under <activity>: action at /system/app/STB-Settings.apk Binary XML file line #394
W/PackageParser(  950): No actions in intent filter at /system/app/com.coship.Multimedia.apk Binary XML file line #97
W/PackageParser(  950): No actions in intent filter at /system/app/com.coship.Multimedia.apk Binary XML file line #104
I/PackageParser(  950): com.coship.Multimedia: compat added android.permission.READ_PHONE_STATE
W/PackageParser(  950): No actions in intent filter at /system/app/com.coship.NetworkNavigation.apk Binary XML file line #24
W/PackageParser(  950): No actions in intent filter at /system/app/com.coship.NetworkNavigation.apk Binary XML file line #31
W/PackageParser(  950): No actions in intent filter at /system/app/com.coship.NetworkNavigation.apk Binary XML file line #38
W/PackageParser(  950): No actions in intent filter at /system/app/com.coship.NetworkNavigation.apk Binary XML file line #45
W/PackageParser(  950): No actions in intent filter at /system/app/com.coship.NetworkNavigation.apk Binary XML file line #52
W/PackageParser(  950): No actions in intent filter at /system/app/com.coship.app.vaf.apk Binary XML file line #58
I/PackageParser(  950): com.coship.dvbplayer: compat added android.permission.READ_PHONE_STATE
W/PackageParser(  950): No actions in intent filter at /system/app/com.coship.dvbsetting.apk Binary XML file line #103
W/PackageParser(  950): No actions in intent filter at /system/app/com.coship.dvbsetting.apk Binary XML file line #111
W/PackageParser(  950): No actions in intent filter at /system/app/com.coship.dvbsetting.apk Binary XML file line #119
W/PackageParser(  950): No actions in intent filter at /system/app/com.coship.dvbsetting.apk Binary XML file line #127
W/PackageParser(  950): No actions in intent filter at /system/app/com.coship.dvbsetting.apk Binary XML file line #135
W/PackageParser(  950): No actions in intent filter at /system/app/com.coship.dvbsetting.apk Binary XML file line #141
W/PackageParser(  950): No actions in intent filter at /system/app/com.coship.dvbsetting.apk Binary XML file line #155
W/PackageParser(  950): No actions in intent filter at /system/app/com.coship.dvbsetting.apk Binary XML file line #163
W/PackageParser(  950): No actions in intent filter at /system/app/com.coship.dvbsetting.apk Binary XML file line #172
W/PackageParser(  950): No actions in intent filter at /system/app/com.coship.dvbsetting.apk Binary XML file line #180
W/PackageParser(  950): No actions in intent filter at /system/app/com.coship.dvbsetting.apk Binary XML file line #187
W/PackageParser(  950): No actions in intent filter at /system/app/com.coship.dvbsetting.apk Binary XML file line #195
W/PackageParser(  950): No actions in intent filter at /system/app/com.coship.dvbsetting.apk Binary XML file line #202
W/PackageParser(  950): No actions in intent filter at /system/app/com.coship.dvbsetting.apk Binary XML file line #210
W/PackageParser(  950): No actions in intent filter at /system/app/com.coship.dvbsetting.apk Binary XML file line #217
W/PackageParser(  950): No actions in intent filter at /system/app/com.coship.dvbsetting.apk Binary XML file line #223
W/PackageParser(  950): No actions in intent filter at /system/app/com.coship.dvbsetting.apk Binary XML file line #230
W/PackageParser(  950): No actions in intent filter at /system/app/com.coship.dvbsetting.apk Binary XML file line #236
I/PackageParser(  950): com.coship.dvbsetting: compat added android.permission.READ_PHONE_STATE
W/PackageManager(  950): Unable to update from com.android.settings to com.coship.dvbsetting: old package still exists
I/Installer(  950): connecting...
W/PackageParser(  950): Unknown element under <manifest>: fr at /data/app/jixianmotuo2TrialXtreme2HD_V2.96_mumayi_57e5b.apk Binary XML file line #33
I/PackageManager(  950): Time to scan packages: 4.043 seconds
W/PackageManager(  950): Unknown permission android.permission.APPWIDGET_LIST in package com.biaoqi.stbwidget.host
W/PackageManager(  950): Unknown permission com.android.launcher.permission.READ_SETTINGS in package com.coship.dvbsetting
W/PackageManager(  950): Unknown permission com.android.launcher.permission.WRITE_SETTINGS in package com.coship.dvbsetting
W/PackageManager(  950): Unknown permission android.permission.APPWIDGET_LIST in package com.mstar.appwidget
W/PackageManager(  950): Unknown permission android.permission.ADD_SYSTEM_SERVICE in package com.coship.sdp.sce.tvappstore
W/PackageManager(  950): Unknown permission android.permission.READ_EXTERNAL_STORAGE in package com.coship.sdp.sce.tvappstore
W/PackageManager(  950): Unknown permission com.google.android.gm.permission.WRITE_GMAIL in package com.coship.sdp.sce.tvappstore
W/PackageManager(  950): Unknown permission com.google.android.gm.permission.READ_GMAIL in package com.coship.sdp.sce.tvappstore
W/PackageManager(  950): Unknown permission com.android.launcher.permission.INSTALL_SHORTCUT in package com.android.browser
W/PackageManager(  950): Unknown permission com.google.android.gm.permission.WRITE_GMAIL in package com.coship.app.vaf
W/PackageManager(  950): Unknown permission com.google.android.gm.permission.READ_GMAIL in package com.coship.app.vaf
W/PackageManager(  950): Unknown permission com.android.launcher.permission.READ_SETTINGS in package com.coship.app.vaf
W/PackageManager(  950): Unknown permission com.android.launcher.permission.WRITE_SETTINGS in package com.coship.app.vaf
W/PackageManager(  950): Unknown permission com.google.android.gm.permission.WRITE_GMAIL in package com.coship.TestApp
W/PackageManager(  950): Unknown permission com.google.android.gm.permission.READ_GMAIL in package com.coship.TestApp
W/PackageManager(  950): Unknown permission com.android.launcher.permission.READ_SETTINGS in package com.coship.TestApp
W/PackageManager(  950): Unknown permission com.android.launcher.permission.WRITE_SETTINGS in package com.coship.TestApp
W/PackageManager(  950): Unknown permission android.permission.WRITE_OWNER_DATA in package com.iflytek.speech
W/PackageManager(  950): Unknown permission android.permission.BAIDU_LOCATION_SERVICE in package com.iflytek.speech
W/PackageManager(  950): Unknown permission android.permission.WRITE_OWNER_DATA in package com.coship.UpdateApp
W/PackageManager(  950): Unknown permission android.permission.READ_OWNER_DATA in package com.coship.UpdateApp
W/PackageManager(  950): Unknown permission android.permission.ADD_SYSTEM_SERVICE in package com.coship.netfirmware
W/PackageManager(  950): Unknown permission android.permission.READ_SETTINGS in package com.android.settings
W/PackageManager(  950): Unknown permission com.android.launcher.permission.READ_SETTINGS in package com.android.settings
W/PackageManager(  950): Unknown permission com.android.launcher.permission.WRITE_SETTINGS in package com.android.settings
W/PackageManager(  950): Unknown permission android.webkit.permission.PLUGIN in package com.adobe.flashplayer
W/PackageManager(  950): Unknown permission android.permission.READ_OWNER_DATA in package com.adobe.flashplayer
W/PackageManager(  950): Unknown permission android.permission.WRITE_OWNER_DATA in package com.adobe.flashplayer
W/PackageManager(  950): Unknown permission android.permission.READ_EXTERNAL_STORAGE in package com.adobe.flashplayer
W/PackageManager(  950): Unknown permission com.android.vending.BILLING in package com.trinitigame.android.kkjsdfsnfjr
W/PackageManager(  950): Unknown permission com.android.launcher.permission.INSTALL_SHORTCUT in package com.trinitigame.android.kkjsdfsnfjr
W/PackageManager(  950): Unknown permission android.permission.WRITE_OWNER_DATA in package com.coship.Multimedia
W/PackageManager(  950): Unknown permission android.permission.READ_OWNER_DATA in package com.coship.Multimedia
W/PackageManager(  950): Unknown permission com.android.launcher.permission.INSTALL_SHORTCUT in package com.game.SkaterBoyword
W/PackageManager(  950): Unknown permission android.permission.WRITE_OWNER_DATA in package com.coship.NetworkNavigation
W/PackageManager(  950): Unknown permission android.permission.READ_OWNER_DATA in package com.coship.NetworkNavigation
W/PackageManager(  950): Unknown permission android.permission.READ_EXTERNAL_STORAGE in package com.rovio.angrybirdsstarwars.ads.iap
W/PackageManager(  950): Unknown permission com.google.android.c2dm.permission.REGISTRATION in package com.rovio.angrybirdsstarwars.ads.iap
W/PackageManager(  950): Unknown permission com.android.vending.BILLING in package com.rovio.angrybirdsstarwars.ads.iap
I/SystemServer(  950): Account Manager
I/SystemServer(  950): Content Manager
I/SystemServer(  950): System Content Providers
I/SystemServer(  950): Lights Service
I/SystemServer(  950): Battery Service
I/ActivityManager(  950): Memory class: 64
I/SystemServer(  950): Pppoe Service
I/SystemServer(  950): Vibrator Service
I/SystemServer(  950): Alarm Manager
I/SystemServer(  950): Init Watchdog
I/SystemServer(  950): Window Manager
I/InputManager(  950): Initializing input manager
W/StatusBarManager(  950): warning: no STATUS_BAR_SERVICE
I/InputManager(  950): Starting input manager
I/WindowManager(  950): Enabled StrictMode for PolicyThread's Looper
I/WindowManager(  950): Enabled StrictMode logging for WMThread's Looper
I/SystemServer(  950): Bluetooth Service
I/SystemServer(  950): Input Method Service
W/InputManagerService(  950): Couldn't create dir.: /data/system/inputmethod
I/SystemServer(  950): Accessibility Manager
I/ActivityManager(  950): Config changed: {1.0 0mcc0mnc zh_CN layoutdir=0 sw720dp w1280dp h720dp xlrg long land ?uimode ?night -touch -keyb/v/h -nav/h s.2}
I/SystemServer(  950): TV
I/SystemServer(  950): Device Policy
I/SystemServer(  950): Status Bar
I/SystemServer(  950): Clipboard Service
I/SystemServer(  950): NetworkManagement Service
I/SystemServer(  950): Text Service Manager Service
W/TextServicesManagerService(  950): no available spell checker services found
I/SystemServer(  950): NetworkStats Service
I/SystemServer(  950): NetworkPolicy Service
I/SystemServer(  950): Wi-Fi P2pService
D/WifiP2pService(  950): P2pDisabledState
E/WifiP2pService(  950): Failed to reload sta firmware java.lang.NullPointerException
D/WifiP2pService(  950): mThisDevice.deviceAddress=5a:87:e2:0b:29:48
I/SystemServer(  950): Wi-Fi Service
D/WifiP2pService(  950): P2pDisabledState{ what=69633 when=0 }
D/WifiP2pService(  950): DefaultState{ what=69633 when=0 }
D/WifiP2pService(  950): P2pDisabledState{ what=69632 when=-1ms obj=com.android.internal.util.AsyncChannel@414c0af8 }
D/WifiP2pService(  950): DefaultState{ what=69632 when=-1ms obj=com.android.internal.util.AsyncChannel@414c0af8 }
D/WifiP2pService(  950): Full connection with WifiStateMachine established
D/WifiP2pService(  950): P2pDisabledState{ what=69633 when=-1ms }
D/WifiP2pService(  950): DefaultState{ what=69633 when=-1ms }
D/WifiP2pService(  950): P2pDisabledState{ what=69632 when=0 obj=com.android.internal.util.AsyncChannel@4150f998 }
D/WifiP2pService(  950): DefaultState{ what=69632 when=0 obj=com.android.internal.util.AsyncChannel@4150f998 }
D/WifiP2pService(  950): Full connection with WifiStateMachine established
I/SystemServer(  950): Connectivity Service
D/ConnectivityService(  950): ConnectivityService starting up
E/ConnectivityService(  950): Error in radioAttributes - ignoring attempt to redefine type 1
D/ConnectivityService(  950): Starting Pppoe StateTracker
D/ConnectivityService(  950): Starting Ethernet Service.
V/EthernetStateTracker(  950): Ethernet State Tracker v1.0.6
V/EthernetStateTracker(  950): successed to init device!
I/EthernetService(  950): Ethernet dev enabled 2
V/EthernetService(  950): device 0 name eth0
V/EthernetMonitor(  950): go poll events
V/EthernetStateTracker(  950): start to monitor the ethernet devices . . .
I/EthernetManager(  950): Init Ethernet Manager, service: com.android.server.EthernetService@4157ce90
I/EthernetStateTracker(  950): reset device eth0
I/EthernetStateTracker(  950): trigger dhcp for device eth0
D/EthernetStateTracker(  950): DhcpHandler: DHCP request started
I/EthernetStateTracker(  950): reset device eth0
I/EthernetStateTracker(  950): trigger dhcp for device eth0
E/MobileDataStateTracker(  950): default: Ignoring feature request because could not acquire PhoneService
E/MobileDataStateTracker(  950): default: Could not enable APN type "default"
D/NetworkManagementService(  950): Registering observer
D/NetworkManagementService(  950): Registering observer
I/WifiService(  950): WifiService starting up with Wi-Fi enabled
D/WifiP2pService(  950): P2pDisabledState{ what=131203 when=0 }
I/WifiService(  950): WifiService starting up with Wi-Fi AP disabled
I/SystemServer(  950): Throttle Service
I/SystemServer(  950): Mount Service
D/MountService(  950): got storage path: /mnt/sdcard description: USB 瀛樺偍鍣primary: true removable: false emulated: false mtpReserve: 0 allowMassStorage: false maxFileSize: 0
D/MountService(  950): mExternalStoragePath:/mnt/sdcard
I/SystemServer(  950): Notification Manager
D/VoldCmdListener(  738): volume list
I/SystemServer(  950): Device Storage Monitor
I/SystemServer(  950): Location Manager
I/SystemServer(  950): Country Detector
I/SystemServer(  950): Search Service
I/SystemServer(  950): DropBox Service
I/SystemServer(  950): Wallpaper Service
I/SystemServer(  950): Audio Service
I/SystemServer(  950): Camera Observer
I/SystemServer(  950): Microphone Observer
I/SystemServer(  950): Wired Accessory Observer
I/SystemServer(  950): USB Service
I/SystemServer(  950): UI Mode Manager Service
I/SystemServer(  950): Backup Service
V/BackupManagerService(  950): Initializing package tracking
V/BackupManagerService(  950): No ancestral data
V/BackupManagerService(  950): addPackageParticipantsLocked: all
I/BackupManagerService(  950): New app android never backed up; scheduling
I/BackupManagerService(  950): New app com.android.browser never backed up; scheduling
I/BackupManagerService(  950): New app com.android.providers.settings never backed up; scheduling
I/BackupManagerService(  950): New app com.android.providers.userdictionary never backed up; scheduling
I/BackupManagerService(  950): New app com.android.sharedstoragebackup never backed up; scheduling
V/BackupManagerService(  950): Registering transport android/com.android.internal.backup.LocalTransport = com.android.internal.backup.LocalTransport@415b4d30
V/BackupManagerService(  950): Starting with transport android/com.android.internal.backup.LocalTransport
V/BackupManagerService(  950): Google transport not present
I/BackupManagerService(  950): Backup enabled => false
I/BackupManagerService(  950): Opting out of backup
I/SystemServer(  950): AppWidget Service
I/SystemServer(  950): Recognition Service
I/SystemServer(  950): DiskStats Service
I/SystemServer(  950): SamplingProfiler Service
I/SystemServer(  950): NetworkTimeUpdateService
D/PowerManagerService(  950): system ready!
I/ActivityManager(  950): System now ready
I/SystemServer(  950): Making services ready
I/ActivityManager(  950): Start proc com.mstar.dbprovider for content provider com.mstar.dbprovider/.MstTvUserSettingProvider: pid=1122 uid=10017 gids={}
D/SystemServer(  950): Starting service: Intent { cmp=com.android.systemui/.SystemUIService }
I/ActivityManager(  950): Start proc com.android.systemui for service com.android.systemui/.SystemUIService: pid=1139 uid=1000 gids={3003, 1015, 3002, 3001, 3004}
D/NetworkManagementService(  950): enabling bandwidth control
D/SystemUIService( 1139): loading: class com.android.systemui.statusbar.tablet.TabletStatusBar
D/SystemUIService( 1139): running: com.android.systemui.statusbar.tablet.TabletStatusBar@413aec70
D/NetworkManagementService(  950): rsp <213 58:87:e2:0b:29:48 0.0.0.0 0 [down broadcast multicast]>
D/NetworkManagementService(  950): flags <[down broadcast multicast]>
D/NetworkManagementService(  950): Registering observer
D/NetworkManagementService(  950): Registering observer
I/ActivityManager(  950): Config changed: {1.0 0mcc0mnc zh_CN layoutdir=0 sw720dp w1280dp h720dp xlrg long land -touch -keyb/v/h -nav/h s.3}
W/RecognitionManagerService(  950): no available voice recognition services found
W/InputManagerService(  950): Ignoring setImeWindowStatus of uid 1000 token: null
I/ActivityManager(  950): Start proc com.android.inputmethod.pinyin for service com.android.inputmethod.pinyin/.PinyinIME: pid=1196 uid=10020 gids={3003}
D/NetworkManagementService(  950): Registering observer
I/SystemServer(  950): SIP Service
W/ThrottleService(  950): unable to find stats for iface rmnet0
I/ActivityManager(  950): Start proc com.google.process.gapps for service com.google.android.location/.NetworkLocationService: pid=1214 uid=10012 gids={3003, 1015, 2001, 1007}
I/ActivityManager(  950): Start proc com.fiship.cibn for added application com.fiship.cibn: pid=1228 uid=10005 gids={3003, 1015}
I/ActivityManager(  950): Start proc com.coship.sdp.sce.tvappstore for added application com.coship.sdp.sce.tvappstore: pid=1244 uid=1000 gids={3003, 1015, 3002, 3001, 3004}
I/ActivityManager(  950): Start proc com.coship.easycontrolime for added application com.coship.easycontrolime: pid=1259 uid=10011 gids={3003}
I/ActivityManager(  950): Start proc com.coship.netfirmware for added application com.coship.netfirmware: pid=1273 uid=1000 gids={3003, 1015, 3002, 3001, 3004}
D/ActivityManager(  950): propValue:2
D/ActivityManager(  950): start launcher......
I/ActivityManager(  950): START {act=android.intent.action.MAIN cat=[android.intent.category.HOME] flg=0x10000000 cmp=com.fiship.cibn/.MainActivity} from pid 0
I/SystemServer(  950): Enabled StrictMode for system server main thread.
I/EthernetStateTracker(  950): received interface reset event
I/EthernetStateTracker(  950): reset device eth0
I/EthernetStateTracker(  950): trigger dhcp for device eth0
I/StatusBar.HeightReceiver( 1139): Resizing status bar plugged=false height=48 old=0
V/EthernetMonitor(  950): get event 
V/EthernetMonitor(  950): go poll events
W/ActivityThread( 1214): ClassLoader.loadClass: The class loader returned by Thread.getContextClassLoader() may fail for processes that host multiple applications. You should explicitly specify a context class loader. For example: Thread.setContextClassLoader(getClass().getClassLoader());
W/MountService(  950): getVolumeState(/mnt/sdcard): Unknown volume
W/MountService(  950): getVolumeState(/mnt/sdcard): Unknown volume
I/StatusBarManagerService(  950): registerStatusBar bar=com.android.internal.statusbar.IStatusBar$Stub$Proxy@41625ac0
D/SystemUIService( 1139): loading: class com.android.systemui.power.PowerUI
D/SystemUIService( 1139): running: com.android.systemui.power.PowerUI@41437ae0
I/StatusBar.HeightReceiver( 1139): Resizing status bar plugged=false height=48 old=48
I/StatusBar.HeightReceiver( 1139): Resizing status bar plugged=false height=48 old=48
D/WifiService(  950): New client listening to asynchronous messages
D/PowerManagerService(  950): bootCompleted
V/DevicePolicyManagerService(  950): Sending password expiration notifications for action android.intent.action.BOOT_COMPLETED
I/ActivityManager(  950): Start proc com.android.contacts for broadcast com.android.contacts/.calllog.CallLogReceiver: pid=1332 uid=10001 gids={3003, 1015}
V/WiredAccessoryObserver(  950): init()
W/WiredAccessoryObserver(  950): This kernel does not have wired headset support
W/WiredAccessoryObserver(  950): This kernel does not have wired headset support
W/WiredAccessoryObserver(  950): This kernel does not have wired headset support
I/ActivityManager(  950): Start proc com.coship.HS for broadcast com.coship.HS/.AutoStartReceiver: pid=1357 uid=1000 gids={3003, 1015, 3002, 3001, 3004}
I/BootReceiver(  950): Copying /data/tombstones/tombstone_00 to DropBox (SYSTEM_TOMBSTONE)
I/ActivityManager(  950): Start proc android.process.media for content provider com.android.providers.downloads/.DownloadProvider: pid=1371 uid=10010 gids={1015, 1023, 1024, 2001, 3003, 3007}
I/ActivityManager(  950): Start proc com.android.providers.calendar for broadcast com.android.providers.calendar/.CalendarReceiver: pid=1388 uid=10006 gids={3003, 1015}
I/MicrophoneObserver(  950): Microphone PLUG_IN
V/EthernetMonitor(  950): get event 
V/EthernetMonitor(  950): go poll events
V/EthernetMonitor(  950): get event 
V/EthernetMonitor(  950): go poll events
V/EthernetMonitor(  950): get event 
V/EthernetMonitor(  950): go poll events
V/EthernetMonitor(  950): get event eth0:16:
V/EthernetMonitor(  950): dev: eth0 ev 16
V/EthernetStateTracker(  950): report interface is up for eth0
V/EthernetMonitor(  950): go poll events
I/EthernetStateTracker(  950): received interface up event, kick off connection request
I/ActivityManager(  950): Start proc android.process.acore for content provider com.android.providers.contacts/.CallLogProvider: pid=1457 uid=10001 gids={3003, 1015}
I/EthernetStateTracker(  950): IntentBroadcast, event=5
I/EthernetStateTracker(  950): reset device eth0
W/MountService(  950): getVolumeState(/mnt/sdcard): Unknown volume
I/EthernetStateTracker(  950): trigger dhcp for device eth0
E/EthernetStateTracker(  950): DhcpHandler: DHCP request failed: DHCP result was failed
V/EthernetMonitor(  950): get event 
V/EthernetMonitor(  950): go poll events
I/ActivityManager(  950): Start proc com.coship.cw880 for broadcast com.coship.cw880/.BootCw880Recive: pid=1491 uid=1000 gids={3003, 1015, 3002, 3001, 3004}
D/EthernetStateTracker(  950): DhcpHandler: DHCP request started
I/EthernetStateTracker(  950): configureInterfaceAutoIP : ipaddr 169.254.1.35 gateway 0.0.0.0 netmask 255.255.0.0 dns1 0.0.0.0 dns2 0.0.0.0 DHCP server 0.0.0.0 lease 0 seconds
V/EthernetMonitor(  950): get event eth0:20:
V/EthernetMonitor(  950): dev: eth0 ev 20
I/EthernetStateTracker(  950): report new state CONNECTED on dev eth0
V/EthernetStateTracker(  950): update network state tracker
V/EthernetStateTracker(  950): configureInterfaceAutoIP succeeded
I/EthernetStateTracker(  950): received HW connected, stack=false CC=true
V/EthernetMonitor(  950): go poll events
D/ConnectivityService(  950): ConnectivityChange for WIFI: CONNECTED/CONNECTED
D/ConnectivityService(  950): ConnectivityChange for WIFI: CONNECTED/CONNECTED
D/ConnectivityService(  950): handleConnectivityChange: address are the same reset per doReset linkProperty[1]: resetMask=0
I/ActivityManager(  950): START {flg=0x10000000 cmp=com.google.android.gsf/.update.SystemUpdateInstallDialog} from pid 1214
I/ActivityManager(  950): Start proc com.android.settings for broadcast com.android.settings/.SettingGlobalReceiver: pid=1552 uid=1000 gids={3003, 1015, 3002, 3001, 3004}
I/ActivityManager(  950): Start proc com.coship.changetheaudiooutput for broadcast com.coship.changetheaudiooutput/.BootCompletedReceiver: pid=1566 uid=10028 gids={3002, 3001, 3004}
W/InputManagerService(  950): Window already focused, ignoring focus gain of: com.android.internal.view.IInputMethodClient$Stub$Proxy@41548a48
I/ActivityManager(  950): Start proc com.coship.Multimedia for broadcast com.coship.Multimedia/.view.BootCompletedReceiver: pid=1582 uid=1000 gids={3003, 1015, 3002, 3001, 3004}
I/ActivityManager(  950): Start proc com.coship.stpservice for broadcast com.coship.stpservice/.StpReceiver: pid=1597 uid=1000 gids={3003, 1015, 3002, 3001, 3004}
I/ActivityManager(  950): Start proc com.android.phone for content provider com.android.providers.telephony/.TelephonyProvider: pid=1616 uid=1001 gids={1015}
I/ActivityManager(  950): Start proc com.game.SkaterBoyword fo
[  131.077159] IR: [03932] scan key value is 0xec13c936 
[  131.077163]  r broadcast com.game.SkaterBoyword/net.iusys828.AdPushReceiver: pid=1637 uid=10037 gids={3003, 1015}
V/EthernetMonitor(  950): get event eth0:21:
V/EthernetMonitor(  950): dev: eth0 ev 21
V/EthernetStateTracker(  950): report address is removed for eth0
V/EthernetMonitor(  950): go poll events
I/EthernetStateTracker(  950): received interface address remove event
V/EthernetMonitor(  950): get event eth0:20:
V/EthernetMonitor(  950): dev: eth0 ev 20
I/EthernetStateTracker(  950): report new state CONNECTED on dev et
[  131.129627] IR: [03932] scan key value is 0xec13c936 
[  131.129632]  h0
V/EthernetStateTracker(  950): update network state tracker
W/MountService(  950): getVolumeState(/mnt/sdcard): Unknown volume
V/EthernetStateTracker(  950): getEthernetIPAddr : 192.168.2.19
V/EthernetStateTracker(  950): configureInterfaceAutoIP skip!!
V/EthernetMonitor(  950): go poll events
I/EthernetStateTracker(  950): received HW connected, stack=true CC=true
I/ActivityManager(  950): Start proc com.trinitigame.android.kkjsdfsnfjr for broadcast com.trinitigame.android.kkjsdfsnfjr/com.baitui.BootReceiver: pid=1670 uid=10040 gids={3003, 1015}
D/EthernetStateTracker(  950): DhcpHandler: DHCP request succeeded: addr: 192.168.2.19/24 mRoutes: 0.0.0.0/0 -> 192.168.2.1 |  dns: 192.168.2.1,192.168.99.5 dhcpServer: 192.168.2.1 leaseDuration: 3600
I/EthernetStateTracker(  950): received configured succeeded, stack=true CC=true
D/ConnectivityService(  950): ConnectivityChange for ETH: CONNECTED/CONNECTED
D/ConnectivityService(  950): Policy requires WIFI teardown
I/EthernetStateTracker(  950): IntentBroadcast, event=1
W/MountService(  950): getVolumeState(/mnt/sdcard): Unknown volume
I/ActivityManager(  950): Start proc com.biaoqi.stbwidget.host for broadcast com.biaoqi.stbwidget.host/.NetworkStatusChangeReceiver: pid=1694 uid=10027 gids={3003}
I/ActivityManager(  950): START {flg=0x10000000 cmp=com.coship.dvbsetting/.main (has extras)} from pid 1228
I/ActivityManager(  950): Start proc com.coship.dvbsetting for activity com.coship.dvbsetting/.main: pid=1725 uid=1000 gids={3003, 1015, 3002, 3001, 3004}
V/EthernetMonitor(  950): get event 
V/EthernetMonitor(  950): go poll events
V/EthernetMonitor(  950): get event 
V/EthernetMonitor(  950): go poll events
V/EthernetMonitor(  950): get event 
V/EthernetMonitor(  950): go poll events
V/EthernetMonitor(  950): get event 
V/EthernetMonitor(  950): go poll events
D/ConnectivityService(  950): ConnectivityChange for WIFI: DISCONNECTED/DISCONNECTED
E/MobileDataStateTracker(  950): default: Ignoring feature request because could not acquire PhoneService
E/MobileDataStateTracker(  950): default: Could not enable APN type "default"
D/ConnectivityService(  950): Attempting to switch to mobile
D/ConnectivityService(  950): Attempting to switch to ETH
D/ConnectivityService(  950): Attempting to switch to pppoe
D/ConnectivityService(  950): now reset wlan0, resetMask = 3
D/ConnectivityService(  950): resetConnections(wlan0, 3)
D/ConnectivityService(  950): ConnectivityChange for WIFI: DISCONNECTED/DISCONNECTED
V/EthernetMonitor(  950): get event 
V/EthernetMonitor(  950): go poll events
E/MobileDataStateTracker(  950): default: Ignoring feature request because could not acquire PhoneService
E/MobileDataStateTracker(  950): default: Could not enable APN type "default"
D/ConnectivityService(  950): Attempting to switch to mobile
D/ConnectivityService(  950): Attempting to switch to ETH
D/ConnectivityService(  950): Attempting to switch to pppoe
D/ConnectivityService(  950): now reset wlan0, resetMask = 3
D/ConnectivityService(  950): resetConnections(wlan0, 3)
V/TabletStatusBar( 1139): setLightsOn(true)
W/InputManagerService(  950): Starting input on non-focused client com.android.internal.view.IInputMethodClient$Stub$Proxy@415a0f60 (uid=10005 pid=1228)
I/ActivityManager(  950): START {cmp=com.coship.dvbsetting/.netsetting.netSet} from pid 1725
I/EthernetManager( 1725): Init Ethernet Manager, service: android.net.ethernet.IEthernetManager$Stub$Proxy@4144df78
D/ConnectivityService(  950): handleInetConditionHoldEnd: net=9, condition=0, published condition=0
V/TabletStatusBar( 1139): setLightsOn(true)
D/WifiP2pService(  950): P2pDisabledState{ what=331907 when=0 }
V/EthernetMonitor(  950): get event 
V/EthernetMonitor(  950): go poll events
V/EthernetMonitor(  950): get event 
V/EthernetMonitor(  950): go poll events
V/EthernetMonitor(  950): get event 
V/EthernetMonitor(  950): go poll events
V/EthernetMonitor(  950): get event 
V/EthernetMonitor(  950): go poll events
D/NetworkManagementService(  950): rsp <213 58:87:e2:0b:29:48 0.0.0.0 0 [up broadcast running multicast]>
D/NetworkManagementService(  950): flags <[up broadcast running multicast]>
V/EthernetMonitor(  950): get event 
V/EthernetMonitor(  950): go poll events
D/NetworkManagementService(  950): rsp <213 58:87:e2:0b:29:48 192.168.43.1 24 [up broadcast running multicast]>
D/NetworkManagementService(  950): flags <[up broadcast running multicast]>
V/EthernetMonitor(  950): get event 
V/EthernetMonitor(  950): go poll events
V/EthernetMonitor(  950): get event 
V/EthernetMonitor(  950): go poll events
V/EthernetMonitor(  950): get event 
V/EthernetMonitor(  950): go poll events
W/MountService(  950): getVolumeState(/mnt/sdcard): Unknown volume
D/WifiP2pService(  950): P2pDisabledState{ what=131203 when=-2ms }
D/NetworkManagementService(  950): rsp <213 58:87:e2:0b:29:48 0.0.0.0 0 [down broadcast multicast]>
D/NetworkManagementService(  950): flags <[down broadcast multicast]>
V/EthernetMonitor(  950): get event 
V/EthernetMonitor(  950): go poll events
I/ActivityManager(  950): Process com.coship.sdp.sce.tvappstore (pid 1244) has died.
W/ActivityManager(  950): Scheduling restart of crashed service com.coship.sdp.sce.tvappstore/.app.service.AppStoreCoreService in 1250ms
I/ActivityManager(  950): Start proc com.coship.sdp.sce.tvappstore for restart com.coship.sdp.sce.tvappstore: pid=1969 uid=1000 gids={3003, 1015, 3002, 3001, 3004}
W/MountService(  950): getVolumeState(/mnt/sdcard): Unknown volume
W/MountService(  950): getVolumeState(/mnt/sdcard): Unknown volume
V/EthernetMonitor(  950): get event 
V/EthernetMonitor(  950): go poll events
V/EthernetMonitor(  950): get event 
V/EthernetMonitor(  950): go poll events
V/EthernetMonitor(  950): get event 
V/EthernetMonitor(  950): go poll events
--------- beginning of /dev/log/main
I/HighSet_WirlessNetwork( 1725): -------------------------SSID= liwenjuan ----------Adress= 5c:63:bf:f8:5d:de
I/HighSet_WirlessNetwork( 1725): -------------------------SSID= TP_LINK_TEST_5GHz_D8070A ----------Adress= 8c:21:0a:d8:07:0a
V/HighSet_WirlessNetwork( 1725): !!!!!!!! remove ssid:123
I/HighSet_WirlessNetwork( 1725): -------------------------SSID= liwenjuan ----------Adress= 5c:63:bf:f8:5d:de
I/HighSet_WirlessNetwork( 1725): -------------------------SSID= TP_LINK_TEST_5GHz_D8070A ----------Adress= 8c:21:0a:d8:07:0a
V/HighSet_WirlessNetwork( 1725): !!!!!!!! remove ssid:123
I/HighSet_WirlessNetwork( 1725): -------------------------SSID= liwenjuan ----------Adress= 5c:63:bf:f8:5d:de
I/HighSet_WirlessNetwork( 1725): -------------------------SSID= TP_LINK_TEST_5GHz_D8070A ----------Adress= 8c:21:0a:d8:07:0a
V/HighSet_WirlessNetwork( 1725): !!!!!!!! remove ssid:123
I/HighSet_WirlessNetwork( 1725): -------------------------SSID= liwenjuan ----------Adress= 5c:63:bf:f8:5d:de
I/HighSet_WirlessNetwork( 1725): -------------------------SSID= TP_LINK_TEST_5GHz_D8070A ----------Adress= 8c:21:0a:d8:07:0a
V/HighSet_WirlessNetwork( 1725): !!!!!!!! remove ssid:123
W/CheckinRequestBuilder( 1214): Unknown phone type: 0 id=null
I/CheckinTask( 1214): Checkin success: https://android.clients.google.com/checkin (1 requests sent)
D/dalvikvm( 1214): GC_CONCURRENT freed 354K, 70% free 1791K/5891K, paused 2ms+2ms
D/SlideManagerRootImpl( 1228): slideTo = 4
E/        ( 1228): get vaddr failed:pvaddr_read=0x5e9e7000,pvaddr_internal=0x5eae7000,pvaddr_write=0x0
E/        ( 1228): get vaddr failed:pvaddr_read=0x5e9e7000,pvaddr_internal=0x5eae7000,pvaddr_write=0x0
D/dalvikvm( 1228): GC_FOR_ALLOC freed 1837K, 23% free 28717K/37251K, paused 46ms
D/InputEventConsistencyVerifier( 1725): KeyEvent: ACTION_UP but key was not down.
D/InputEventConsistencyVerifier( 1725):   in android.widget.Button@41e96f58
D/InputEventConsistencyVerifier( 1725):   0: sent at 57453000000, KeyEvent { action=ACTION_UP, keyCode=KEYCODE_DPAD_DOWN, scanCode=108, metaState=0, flags=0x8, repeatCount=0, eventTime=57453, downTime=57132, deviceId=1, source=0x101 }
D/dalvikvm( 1228): GC_FOR_ALLOC freed 325K, 20% free 30052K/37251K, paused 38ms
V/EthernetMonitor(  950): get event 
V/EthernetMonitor(  950): go poll events
D/InputEventConsistencyVerifier( 1725): KeyEvent: ACTION_UP but key was not down.
D/InputEventConsistencyVerifier( 1725):   in android.widget.ListView@41e97280
D/InputEventConsistencyVerifier( 1725):   0: sent at 57809000000, KeyEvent { action=ACTION_UP, keyCode=KEYCODE_DPAD_DOWN, scanCode=108, metaState=0, flags=0x8, repeatCount=0, eventTime=57809, downTime=57595, deviceId=1, source=0x101 }
I/TabletStatusBar( 1139): receiver broadcast
D/ConnectivityService(  950): ConnectivityChange for WIFI: CONNECTED/CONNECTED
D/ConnectivityService(  950): ConnectivityChange for WIFI: CONNECTED/CONNECTED
I/System.out( 1552): GolableWifiChangeReceiver:::::
I/System.out( 1552): WIFI_CONNECT:true
I/NetworkStatusChangeReceiver( 1694): action::::::::android.net.wifi.STATE_CHANGE
I/System.out( 1694): 缃戠粶杩炴帴锛氾細锛氾細锛氾細锛
I/System.out( 1694): 椤圭洰鍚嶇О锛欰3STB-WidgetHost锛岀増鏈彿锛.0.11锛屽彂甯冧汉锛氭湵閬撲笓(Jacky.Zhu)
I/System.out( 1694): BabaoWebWidget---network connect---
I/System.out( 1694): WeatherWidgetProvider----network connect----------
I/NetworkConnect( 1725): //////@Override//////@Override//////@Override//////@Override//////@Override//////@Override//////@Override//////@Override
I/NetworkConnect( 1725): Execute command :ping -c 1 -w 100 www.baidu.com
I/HighSet_WirlessNetwork( 1725): -------------------------SSID= liwenjuan ----------Adress= 5c:63:bf:f8:5d:de
I/HighSet_WirlessNetwork( 1725): -------------------------SSID= TP_LINK_TEST_5GHz_D8070A ----------Adress= 8c:21:0a:d8:07:0a
V/HighSet_WirlessNetwork( 1725): !!!!!!!! remove ssid:123
I/NetworkConnect( 1725): //////@Override//////@Override//////@Override//////@Override//////@Override//////@Override//////@Override//////@Override0
I/System  ( 1725): Failed to destroy process 2035
I/System  ( 1725): libcore.io.ErrnoException: kill failed: ESRCH (No such process)
I/System  ( 1725):      at libcore.io.Posix.kill(Native Method)
I/System  ( 1725):      at libcore.io.ForwardingOs.kill(ForwardingOs.java:77)
I/System  ( 1725):      at java.lang.ProcessManager$ProcessImpl.destroy(ProcessManager.java:257)
I/System  ( 1725):      at com.coship.dvbsetting.netsetting.quicksetservice.NetworkConnect.execueteCommand(NetworkConnect.java:167)
I/System  ( 1725):      at com.coship.dvbsetting.netsetting.quicksetservice.NetworkConnect.CheckNet(NetworkConnect.java:70)
I/System  ( 1725):      at com.coship.dvbsetting.netsetting.StateSet$1$1.run(StateSet.java:212)
I/System  ( 1725):      at java.lang.Thread.run(Thread.java:856)
W/System.err( 1694): org.json.JSONException: Value <?xml of type java.lang.String cannot be converted to JSONObject
W/System.err( 1694):    at org.json.JSON.typeMismatch(JSON.java:111)
W/System.err( 1694):    at org.json.JSONObject.<init>(JSONObject.java:158)
W/System.err( 1694):    at org.json.JSONObject.<init>(JSONObject.java:171)
W/System.err( 1694):    at com.biaoqi.stbwidget.host.BabaoWebHelper.getSinaWebNews(BabaoWebHelper.java:55)
W/System.err( 1694):    at com.biaoqi.stbwid
[  132.111726] IR: [03932] scan key value is 0xec13c936 
[  132.111731]  get.host.BabaoWebWidget$1.run(BabaoWebWidget.java:46)
W/System.err( 1694):    at java.lang.Thread.run(Thread.java:856)
D/dalvikvm( 1694): GC_CONCURRENT freed 645K, 70% free 2160K/7107K, paused 2ms+2ms
E/StrictMode( 1694): A resource was acquired at attached stack trace but never released. See java.io.Closeable for information on avoiding resource leaks.
E/StrictMode( 1694): java.lang.Throwable: Explicit termination method 'end' not called
E/StrictMode( 1694):    at dalvik.system.CloseGuard.open(CloseGuard.java:184)
E/Str
[  132.164208] IR: [03932] scan key value is 0xec13c936 
[  132.164213]  ictMode( 1694):         at java.util.zip.Inflater.<init>(Inflater.java:82)
E/StrictMode( 1694):    at java.util.zip.GZIPInputStream.<init>(GZIPInputStream.java:96)
E/StrictMode( 1694):    at java.util.zip.GZIPInputStream.<init>(GZIPInputStream.java:81)
E/StrictMode( 1694):    at libcore.net.http.HttpEngine.initContentStream(HttpEngine.java:512)
E/StrictMode( 1694):    at libcore.net.http.HttpEngine.readResponse(HttpEngine.java:805)
E/StrictMode( 1694):    at libcore.net.http.HttpURLConnectionImpl.getResponse(HttpURLConnectionImpl.java:274)
E/StrictMode( 1694):    at libcore.net.http.HttpURLConnectionImpl.getInputStream(HttpURLConnectionImpl.java:168)
E/StrictMode( 1694):    at com.biaoqi.stbwidget.host.WeatherWidgetHelper.getWeatherContent(WeatherWidgetHelper.java:57)
E/StrictMode( 1694):    at com.biaoqi.stbwidget.host.WeatherWidgetHelper.getCurrentCityWeather(WeatherWidgetHelper.java:87)
E/StrictMode( 1694):    at com.biaoqi.stbwidget.host.WeatherWidgetProvider$1.run(WeatherWidgetProvider.java:64)
E/StrictMode( 1694):    at java.lang.Thread.run(Thread.java:856)
E/StrictMode( 1694): A resource was acquired at attached stack trace but never released. See java.io.Closeable for information on avoiding resource leaks.
E/StrictMode( 1694): java.lang.Throwable: Explicit termination method 'end' not called
E/StrictMode( 1694):    at dalvik.system.CloseGuard.open(CloseGuard.java:184)
E/StrictMode( 1694):    at java.util.zip.Inflater.<init>(Inflater.java:82)
E/StrictMode( 1694):    at java.util.zip.GZIPInputStream.<init>(GZIPInputStream.java:96)
E/StrictMode( 1694):    at java.util.zip.GZIPInputStream.<init>(GZIPInputStream.java:81)
E/StrictMode( 1694):    at libcore.net.http.HttpEngine.initContentStream(HttpEngine.java:512)
E/StrictMode( 1694):    at libcore.net.http.HttpEngine.readResponse(HttpEngine.java:805)
E/StrictMode( 1694):    at libcore.net.http.HttpURLConnectionImpl.getResponse(HttpURLConnectionImpl.java:274)
E/StrictMode( 1694):    at libcore.net.http.HttpURLConnectionImpl.getInputStream(HttpURLConnectionImpl.java:168)
E/StrictMode( 1694):    at com.biaoqi.stbwidget.host.BabaoWebHelper.getSinaWebNews(BabaoWebHelper.java:42)
E/StrictMode( 1694):    at com.biaoqi.stbwidget.host.BabaoWebWidget$1.run(BabaoWebWidget.java:46)
E/StrictMode( 1694):    at java.lang.Thread.run(Thread.java:856)
I/StateSet( 1725): -----wifi------dhcpinfo.toString()=ipaddr 192.168.2.3 gateway 192.168.2.1 netmask 255.255.255.0 dns1 192.168.2.1 dns2 192.168.99.5 DHCP server 192.168.2.1 lease 3600 seconds
D/dalvikvm( 1694): GC_CONCURRENT freed 526K, 71% free 2090K/7107K, paused 1ms+2ms
E/StrictMode( 1694): A resource was acquired at attached stack trace but never released. See java.io.Closeable for information on avoiding resource leaks.
E/StrictMode( 1694): java.lang.Throwable: Explicit termination method 'end' not called
E/StrictMode( 1694):    at dalvik.system.CloseGuard.open(CloseGuard.java:184)
E/StrictMode( 1694):    at java.util.zip.Inflater.<init>(Inflater.java:82)
E/StrictMode( 1694):    at java.util.zip.GZIPInputStream.<init>(GZIPInputStream.java:96)
E/StrictMode( 1694):    at java.util.zip.GZIPInputStream.<init>(GZIPInputStream.java:81)
E/StrictMode( 1694):    at libcore.net.http.HttpEngine.initContentStream(HttpEngine.java:512)
E/StrictMode( 1694):    at libcore.net.http.HttpEngine.readResponse(HttpEngine.java:805)
E/StrictMode( 1694):    at libcore.net.http.HttpURLConnectionImpl.getResponse(HttpURLConnectionImpl.java:274)
E/StrictMode( 1694):    at libcore.net.http.HttpURLConnectionImpl.getInputStream(HttpURLConnectionImpl.java:168)
E/StrictMode( 1694):    at com.biaoqi.stbwidget.host.WeatherWidgetHelper.getWeatherContent(WeatherWidgetHelper.java:57)
E/StrictMode( 1694):    at com.biaoqi.stbwidget.host.WeatherWidgetHelper.getCurrentCityWeather(WeatherWidgetHelper.java:86)
E/StrictMode( 1694):    at com.biaoqi.stbwidget.host.WeatherWidgetProvider$1.run(WeatherWidgetProvider.java:62)
E/StrictMode( 1694):    at java.lang.Thread.run(Thread.java:856)
E/StrictMode( 1694): A resource was acquired at attached stack trace but never released. See java.io.Closeable for information on avoiding resource leaks.
E/StrictMode( 1694): java.lang.Throwable: Explicit termination method 'end' not called
E/StrictMode( 1694):    at dalvik.system.CloseGuard.open(CloseGuard.java:184)
E/StrictMode( 1694):    at java.util.zip.Inflater.<init>(Inflater.java:82)
E/StrictMode( 1694):    at java.util.zip.GZIPInputStream.<init>(GZIPInputStream.java:96)
E/StrictMode( 1694):    at java.util.zip.GZIPInputStream.<init>(GZIPInputStream.java:81)
E/StrictMode( 1694):    at libcore.net.http.HttpEngine.initContentStream(HttpEngine.java:512)
E/StrictMode( 1694):    at libcore.net.http.HttpEngine.readResponse(HttpEngine.java:805)
E/StrictMode( 1694):    at libcore.net.http.HttpURLConnectionImpl.getResponse(HttpURLConnectionImpl.java:274)
E/StrictMode( 1694):    at libcore.net.http.HttpURLConnectionImpl.getInputStream(HttpURLConnectionImpl.java:168)
E/StrictMode( 1694):    at com.biaoqi.stbwidget.host.WeatherWidgetHelper.getWeatherContent(WeatherWidgetHelper.java:57)
E/StrictMode( 1694):    at com.biaoqi.stbwidget.host.WeatherWidgetHelper.getCurrentCityWeather(WeatherWidgetHelper.java:87)
E/StrictMode( 1694):    at com.biaoqi.stbwidget.host.WeatherWidgetProvider$1.run(WeatherWidgetProvider.java:62)
E/StrictMode( 1694):    at java.lang.Thread.run(Thread.java:856)
D/dalvikvm( 1582): GC_CONCURRENT freed 644K, 66% free 2373K/6979K, paused 1ms+2ms
D/Multimedia_BackService( 1582): onIpChanged called,new ip is 192.168.2.19
W/Multimedia_BackService( 1582): stop mediarenerer because IP changed
D/dalvikvm(  950): GC_CONCURRENT freed 801K, 62% free 3574K/9283K, paused 2ms+5ms
D/dalvikvm( 1582): GC_CONCURRENT freed 644K, 66% free 2380K/6979K, paused 3ms+2ms
D/HomePlayerLib( 1582): hostaddress count is 2
D/dalvikvm( 1582): GC_CONCURRENT freed 668K, 67% free 2365K/6979K, paused 2ms+2ms
D/dalvikvm( 1694): GC_CONCURRENT freed 441K, 71% free 2087K/7107K, paused 3ms+4ms
E/StrictMode( 1694): A resource was acquired at attached stack trace but never released. See java.io.Closeable for information on avoiding resource leaks.
E/StrictMode( 1694): java.lang.Throwable: Explicit termination method 'end' not called
E/StrictMode( 1694):    at dalvik.system.CloseGuard.open(CloseGuard.java:184)
E/StrictMode( 1694):    at java.util.zip.Inflater.<init>(Inflater.java:82)
E/StrictMode( 1694):    at java.util.zip.GZIPInputStream.<init>(GZIPInputStream.java:96)
E/StrictMode( 1694):    at java.util.zip.GZIPInputStream.<init>(GZIPInputStream.java:81)
E/StrictMode( 1694):    at libcore.net.http.HttpEngine.initContentStream(HttpEngine.java:512)
E/StrictMode( 1694):    at libcore.net.http.HttpEngine.readResponse(HttpEngine.java:805)
E/StrictMode( 1694):    at libcore.net.http.HttpURLConnectionImpl.getResponse(HttpURLConnectionImpl.java:274)
E/StrictMode( 1694):    at libcore.net.http.HttpURLConnectionImpl.getInputStream(HttpURLConnectionImpl.java:168)
E/StrictMode( 1694):    at com.biaoqi.stbwidget.host.WeatherWidgetHelper.getWeatherContent(WeatherWidgetHelper.java:57)
E/StrictMode( 1694):    at com.biaoqi.stbwidget.host.WeatherWidgetHelper.getCurrentCityWeather(WeatherWidgetHelper.java:86)
E/StrictMode( 1694):    at com.biaoqi.stbwidget.host.WeatherWidgetProvider$1.run(WeatherWidgetProvider.java:63)
E/StrictMode( 1694):    at java.lang.Thread.run(Thread.java:856)
D/dalvikvm( 1582): GC_CONCURRENT freed 616K, 66% free 2396K/6979K, paused 2ms+2ms
D/dalvikvm( 1582): GC_CONCURRENT freed 684K, 68% free 2272K/6979K, paused 1ms+2ms
D/dalvikvm( 1694): GC_CONCURRENT freed 427K, 70% free 2166K/7107K, paused 3ms+13ms
E/StrictMode( 1694): A resource was acquired at attached stack trace but never released. See java.io.Closeable for information on avoiding resource leaks.
E/StrictMode( 1694): java.lang.Throwable: Explicit termination method 'end' not called
E/StrictMode( 1694):    at dalvik.system.CloseGuard.open(CloseGuard.java:184)
E/StrictMode( 1694):    at java.util.zip.Inflater.<init>(Inflater.java:82)
E/StrictMode( 1694):    at java.util.zip.GZIPInputStream.<init>(GZIPInputStream.java:96)
E/StrictMode( 1694):    at java.util.zip.GZIPInputStream.<init>(GZIPInputStream.java:81)
E/StrictMode( 1694):    at libcore.net.http.HttpEngine.initContentStream(HttpEngine.java:512)
E/StrictMode( 1694):    at libcore.net.http.HttpEngine.readResponse(HttpEngine.java:805)
E/StrictMode( 1694):    at libcore.net.http.HttpURLConnectionImpl.getResponse(HttpURLConnectionImpl.java:274)
E/StrictMode( 1694):    at libcore.net.http.HttpURLConnectionImpl.getInputStream(HttpURLConnectionImpl.java:168)
E/StrictMode( 1694):    at com.biaoqi.stbwidget.host.WeatherWidgetHelper.getWeatherContent(WeatherWidgetHelper.java:57)
E/StrictMode( 1694):    at com.biaoqi.stbwidget.host.WeatherWidgetHelper.getCurrentCityWeather(WeatherWidgetHelper.java:87)
E/StrictMode( 1694):    at com.biaoqi.stbwidget.host.WeatherWidgetProvider$1.run(WeatherWidgetProvider.java:63)
E/StrictMode( 1694):    at java.lang.Thread.run(Thread.java:856)
D/dalvikvm( 1582): GC_CONCURRENT freed 522K, 67% free 2370K/6979K, paused 2ms+17ms
D/dalvikvm( 1694): GC_CONCURRENT freed 529K, 70% free 2181K/7107K, paused 68ms+5ms
E/StrictMode( 1694): A resource was acquired at attached stack trace but never released. See java.io.Closeable for information on avoiding resource leaks.
E/StrictMode( 1694): java.lang.Throwable: Explicit termination method 'end' not called
E/StrictMode( 1694):    at dalvik.system.CloseGuard.open(CloseGuard.java:184)
E/StrictMode( 1694):    at java.util.zip.Inflater.<init>(Inflater.java:82)
E/StrictMode( 1694):    at java.util.zip.GZIPInputStream.<init>(GZIPInputStream.java:96)
E/StrictMode( 1694):    at java.util.zip.GZIPInputStream.<init>(GZIPInputStream.java:81)
E/StrictMode( 1694):    at libcore.net.http.HttpEngine.initContentStream(HttpEngine.java:512)
E/StrictMode( 1694):    at libcore.net.http.HttpEngine.readResponse(HttpEngine.java:805)
E/StrictMode( 1694):    at libcore.net.http.HttpURLConnectionImpl.getResponse(HttpURLConnectionImpl.java:274)
E/StrictMode( 1694):    at libcore.net.http.HttpURLConnectionImpl.getInputStream(HttpURLConnectionImpl.java:168)
E/StrictMode( 1694):    at com.biaoqi.stbwidget.host.WeatherWidgetHelper.getWeatherContent(WeatherWidgetHelper.java:57)
E/StrictMode( 1694):    at com.biaoqi.stbwidget.host.WeatherWidgetHelper.getCurrentCityWeather(WeatherWidgetHelper.java:86)
E/StrictMode( 1694):    at com.biaoqi.stbwidget.host.WeatherWidgetProvider$1.run(WeatherWidgetProvider.java:64)
E/StrictMode( 1694):    at java.lang.Thread.run(Thread.java:856)
D/dalvikvm( 1582): GC_CONCURRENT freed 632K, 66% free 2384K/6979K, paused 2ms+3ms
D/dalvikvm( 1582): GC_CONCURRENT freed 668K, 67% free 2369K/6979K, paused 1ms+2ms
D/dalvikvm( 1582): GC_CONCURRENT freed 646K, 68% free 2274K/6979K, paused 2ms+2ms
D/dalvikvm( 1582): GC_CONCURRENT freed 525K, 67% free 2370K/6979K, paused 2ms+2ms
D/dalvikvm( 1582): GC_CONCURRENT freed 649K, 66% free 2374K/6979K, paused 2ms+2ms
V/WifiConfig( 1725): !!!!!!<getConfig>:   password: null------accessPoint.security=2
I/ActivityManager(  950): START {cmp=com.coship.dvbsetting/.netsetting.dialog.WifiStateDialog (has extras)} from pid 1725
D/dalvikvm( 1725): GC_FOR_ALLOC freed 654K, 16% free 26195K/31171K, paused 45ms
