D/dalvikvm( 1582): GC_CONCURRENT freed 521K, 66% free 2438K/6979K, paused 2ms+2ms
D/dalvikvm( 1582): GC_CONCURRENT freed 730K, 66% free 2381K/6979K, paused 1ms+2ms
D/dalvikvm( 1582): GC_CONCURRENT freed 653K, 66% free 2384K/6979K, paused 1ms+1ms
D/dalvikvm( 1582): GC_CONCURRENT freed 661K, 68% free 2280K/6979K, paused 1ms+2ms
D/dalvikvm( 1582): GC_CONCURRENT freed 511K, 68% free 2269K/6979K, paused 2ms+2ms
D/dalvikvm( 1582): GC_CONCURRENT freed 515K, 68% free 2268K/6979K, paused 2ms+2ms
D/dalvikvm( 1582): GC_CONCURRENT freed 515K, 65% free 2488K/6979K, paused 3ms+2ms
D/dalvikvm( 1582): GC_CONCURRENT freed 775K, 66% free 2393K/6979K, paused 2ms+3ms
D/dalvikvm( 1582): GC_CONCURRENT freed 671K, 68% free 2258K/6979K, paused 1ms+2ms
D/dalvikvm( 1582): GC_CONCURRENT freed 508K, 68% free 2238K/6979K, paused 2ms+2ms
D/dalvikvm( 1582): GC_CONCURRENT freed 471K, 68% free 2264K/6979K, paused 1ms+2ms
D/dalvikvm( 1582): GC_CONCURRENT freed 505K, 66% free 2374K/6979K, paused 2ms+2ms
V/WifiConfig( 1725): !!!!!!<getConfig>:   password: null------accessPoint.security=2
I/ActivityManager(  950): START {cmp=com.coship.dvbsetting/.netsetting.dialog.WifiStateDialog (has extras)} from pid 1725
V/WifiSTATEialog( 1725): !!!!<onCreate>   getExtras    ssid: TP_LINK_TEST_5GHz_D8070A
V/WifiSTATEialog( 1725): !!!!<onCreate>   getExtras    mrssi: -48
V/WifiSTATEialog( 1725): !!!!<onCreate>   getExtras    networkid: 2
V/WifiSTATEialog( 1725): !!!!<onCreate>   mwificfg.SSID: "TP_LINK_TEST_5GHz_D8070A"
V/WifiSTATEialog( 1725): !!!!<onCreate>   connName: "null"
V/WifiSTATEialog( 1725): !!!!<onCreate>   mwificfg.status: 2
V/WifiSTATEialog( 1725): !!!!<onCreate>   mwificfg.networkId: 2
V/WifiSTATEialog( 1725): !!!!!!!<onCreate> status: 2!!!!!!!!!!!!!
V/WifiSTATEialog( 1725): !!!!!!!!!!<onCreate> status: !!!!!!!!!!!!!!mrssi:-48
V/TabletStatusBar( 1139): setLightsOn(true)
D/dalvikvm( 1582): GC_CONCURRENT freed 659K, 67% free 2362K/6979K, paused 3ms+5ms
I/ActivityManager(  950): Displayed com.coship.dvbsetting/.netsetting.dialog.WifiStateDialog: +99ms
D/dalvikvm( 1582): GC_CONCURRENT freed 634K, 66% free 2373K/6979K, paused 1ms+2ms
D/dalvikvm( 1582): GC_CONCURRENT freed 650K, 66% free 2377K/6979K, paused 2ms+2ms
D/dalvikvm( 1582): GC_CONCURRENT freed 652K, 68% free 2270K/6979K, paused 2ms+2ms
V/WifiSTATEialog( 1725): !!!!!!!!!!<onClick> v: android.widget.Button@42f72ae8 !!!!!!!!!
V/WifiSTATEialog( 1725): !!!!! <SendResult> results: connect!!!!!!!!!!
V/TabletStatusBar( 1139): setLightsOn(true)
V/onActivityResult( 1725): !!!!!!!!!!!!!!!!! Result: connect
I/HighSet_WirlessNetwork( 1725): ---connect()-----mwificfg="TP_LINK_TEST_5GHz_D8070A"-----------networkId=2
V/onActivityResult( 1725): !!!!!!!!!!!!!!!!! security: 0  ssid: null    password: null
D/dalvikvm( 1582): GC_CONCURRENT freed 501K, 67% free 2308K/6979K, paused 2ms+2ms
D/dalvikvm( 1725): GC_EXPLICIT freed 82K, 16% free 27744K/32771K, paused 2ms+5ms
E/StrictMode( 1725): class com.coship.dvbsetting.netsetting.dialog.WifiStateDialog; instances=2; limit=1
E/StrictMode( 1725): android.os.StrictMode$InstanceCountViolation: class com.coship.dvbsetting.netsetting.dialog.WifiStateDialog; instances=2; limit=1
E/StrictMode( 1725):    at android.os.StrictMode.setClassInstanceLimit(StrictMode.java:1)
D/dalvikvm( 1582): GC_CONCURRENT freed 559K, 68% free 2270K/6979K, paused 2ms+1ms
D/dalvikvm( 1582): GC_CONCURRENT freed 502K, 68% free 2266K/6979K, paused 2ms+2ms
D/dalvikvm( 1582): GC_CONCURRENT freed 506K, 68% free 2260K/6979K, paused 2ms+2ms
D/dalvikvm( 1582): GC_CONCURRENT freed 503K, 68% free 2277K/6979K, paused 2ms+2ms
D/dalvikvm( 1582): GC_CONCURRENT freed 532K, 68% free 2264K/6979K, paused 2ms+2ms
D/dalvikvm( 1582): GC_CONCURRENT freed 510K, 68% free 2282K/6979K, paused 1ms+3ms
D/dalvikvm( 1582): GC_CONCURRENT freed 516K, 68% free 2269K/6979K, paused 2ms+2ms
D/dalvikvm( 1582): GC_CONCURRENT freed 520K, 68% free 2265K/6979K, paused 2ms+2ms
D/dalvikvm( 1582): GC_CONCURRENT freed 503K, 68% free 2267K/6979K, paused 1ms+2ms
D/SlideManagerRootImpl( 1228): slideTo = 2
V/WifiConfig( 1725): !!!!!!<getConfig>:   password: null------accessPoint.security=2
I/ActivityManager(  950): START {cmp=com.coship.dvbsetting/.netsetting.dialog.WifiStateDialog (has extras)} from pid 1725
V/WifiSTATEialog( 1725): !!!!<onCreate>   getExtras    ssid: liwenjuan
V/WifiSTATEialog( 1725): !!!!<onCreate>   getExtras    mrssi: -41
V/WifiSTATEialog( 1725): !!!!<onCreate>   getExtras    networkid: 1
V/WifiSTATEialog( 1725): !!!!<onCreate>   mwificfg.SSID: "liwenjuan"
V/WifiSTATEialog( 1725): !!!!<onCreate>   connName: "null"
V/WifiSTATEialog( 1725): !!!!<onCreate>   mwificfg.status: 1
V/WifiSTATEialog( 1725): !!!!<onCreate>   mwificfg.networkId: 1
V/WifiSTATEialog( 1725): !!!!!!!<onCreate> status: 1!!!!!!!!!!!!!
V/WifiSTATEialog( 1725): !!!!!!!!!!<onCreate> status: !!!!!!!!!!!!!!mrssi:-41
V/TabletStatusBar( 1139): setLightsOn(true)
I/ActivityManager(  950): Displayed com.coship.dvbsetting/.netsetting.dialog.WifiStateDialog: +87ms
V/WifiSTATEialog( 1725): !!!!!!!!!!<onClick> v: android.widget.Button@42d07a80 !!!!!!!!!
V/WifiSTATEialog( 1725): !!!!! <SendResult> results: connect!!!!!!!!!!
V/TabletStatusBar( 1139): setLightsOn(true)
V/onActivityResult( 1725): !!!!!!!!!!!!!!!!! Result: connect
I/HighSet_WirlessNetwork( 1725): ---connect()-----mwificfg="liwenjuan"-----------networkId=1
V/onActivityResult( 1725): !!!!!!!!!!!!!!!!! security: 0  ssid: null    password: null
D/dalvikvm( 1725): GC_EXPLICIT freed 82K, 16% free 27744K/32771K, paused 2ms+5ms
E/StrictMode( 1725): class com.coship.dvbsetting.netsetting.dialog.WifiStateDialog; instances=2; limit=1
E/StrictMode( 1725): android.os.StrictMode$InstanceCountViolation: class com.coship.dvbsetting.netsetting.dialog.WifiStateDialog; instances=2; limit=1
E/StrictMode( 1725):    at android.os.StrictMode.setClassInstanceLimit(StrictMode.java:1)
D/dalvikvm( 1582): GC_CONCURRENT freed 515K, 67% free 2309K/6979K, paused 1ms+2ms
D/dalvikvm( 1582): GC_CONCURRENT freed 568K, 68% free 2264K/6979K, paused 2ms+3ms
D/dalvikvm( 1582): GC_CONCURRENT freed 492K, 68% free 2265K/6979K, paused 2ms+2ms
D/dalvikvm( 1582): GC_CONCURRENT freed 502K, 68% free 2267K/6979K, paused 2ms+3ms
D/dalvikvm( 1582): GC_CONCURRENT freed 518K, 68% free 2265K/6979K, paused 2ms+2ms
D/dalvikvm( 1582): GC_CONCURRENT freed 511K, 68% free 2277K/6979K, paused 2ms+2ms
D/HomePlayerLib( 1582): hostaddress count is 2
D/dalvikvm( 1582): GC_CONCURRENT freed 512K, 66% free 2385K/6979K, paused 1ms+2ms
D/dalvikvm( 1582): GC_CONCURRENT freed 672K, 67% free 2371K/6979K, paused 1ms+2ms
D/dalvikvm( 1582): GC_CONCURRENT freed 632K, 66% free 2392K/6979K, paused 2ms+2ms
D/dalvikvm( 1582): GC_CONCURRENT freed 660K, 66% free 2378K/6979K, paused 2ms+2ms
D/dalvikvm( 1582): GC_CONCURRENT freed 652K, 66% free 2382K/6979K, paused 1ms+2ms
D/dalvikvm( 1582): GC_CONCURRENT freed 664K, 68% free 2287K/6979K, paused 1ms+2ms
D/dalvikvm( 1582): GC_CONCURRENT freed 511K, 66% free 2401K/6979K, paused 2ms+2ms
D/dalvikvm( 1582): GC_CONCURRENT freed 684K, 66% free 2376K/6979K, paused 1ms+2ms
D/dalvikvm( 1582): GC_CONCURRENT freed 651K, 66% free 2379K/6979K, paused 2ms+2ms
D/dalvikvm( 1582): GC_FOR_ALLOC freed 776K, 68% free 2252K/6979K, paused 19ms
D/SlideManagerRootImpl( 1228): slideTo = 3
D/dalvikvm( 1582): GC_CONCURRENT freed <1K, 66% free 2380K/6979K, paused 1ms+2ms
D/dalvikvm( 1582): GC_CONCURRENT freed 652K, 66% free 2383K/6979K, paused 2ms+2ms
D/dalvikvm( 1582): GC_CONCURRENT freed 789K, 68% free 2248K/6979K, paused 1ms+2ms
D/dalvikvm( 1582): GC_CONCURRENT freed 480K, 64% free 2514K/6979K, paused 2ms+1ms
D/dalvikvm( 1582): GC_CONCURRENT freed 830K, 66% free 2385K/6979K, paused 2ms+2ms
D/dalvikvm( 1582): GC_CONCURRENT freed 651K, 66% free 2392K/6979K, paused 2ms+2ms
D/dalvikvm( 1582): GC_CONCURRENT freed 683K, 68% free 2250K/6979K, paused 1ms+2ms

[  143.818373] IR: [03932] scan key value is 0xea15c936 
[  143.818378]  
[  143.870862] IR: [03932] scan key value is 0xea15c936 
[  143.870867]  
[  143.978937] IR: [03932] scan key value is 0xea15c936 
[  143.978942]  
[  144.191588] IR: [03932] scan key value is 0xea15c936 
[  144.191593]  
[  144.244074] IR: [03932] scan key value is 0xea15c936 
[  144.244079]  
[  144.471481] IR: [03932] scan key value is 0xea15c936 
[  144.471485]  
[  144.523976] IR: [03932] scan key value is 0xea15c936 
[  144.523981]  
[  145.099736] IR: [03932] scan key value is 0xec13c936 
[  145.099741]  V/WifiConfig( 1725): !!!!!!<getConfig>:   password: null------accessPoint.security=2
I/WifiConfig( 1725): ---getConfig---open WifiPWDialog
I/ActivityManager(  950): START {cmp=com.coship.dvbsetting/.netsetting.dialog.WifiPWDialog (has extras)} from pid 1725
V/WifiPWDialog( 1725): !!!!!!!! get security: 2  ssid: smarttv_2.4
V/TabletStatusBar( 1139): setLightsOn(true)
I/ActivityManager(  950): Displayed com.coship.dvbsetting/.netsetting.dialog.WifiPWDialog: +153ms
D/dalvikvm( 1196): GC_FOR_ALLOC freed 96K, 84% free 782K/4611K, paused 9ms
I/dalvikvm-heap( 1196): Grow heap (frag case) to 5.360MB for 1048592-byte allocation
D/dalvikvm( 1196): GC_CONCURRENT freed 1K, 69% free 1804K/5699K, paused 1ms+1ms
D/TextLayoutCache( 1196): Using debug level: 0 - Debug Enabled: 0
D/##SoftKeyboardView( 1196): SoftKeyboardView
D/##SoftKeyboardView( 1196): SoftKeyboardView
D/dalvikvm( 1196): GC_FOR_ALLOC freed 137K, 66% free 2005K/5827K, paused 8ms
I/dalvikvm-heap( 1196): Grow heap (frag case) to 9.055MB for 3670336-byte allocation
D/dalvikvm( 1196): GC_CONCURRENT freed 8K, 42% free 5581K/9475K, paused 1ms+1ms
D/dalvikvm( 1196): GC_FOR_ALLOC freed 20K, 41% free 5627K/9475K, paused 9ms
I/dalvikvm-heap( 1196): Grow heap (frag case) to 12.798MB for 3886096-byte allocation
D/dalvikvm( 1196): GC_CONCURRENT freed 2K, 30% free 9420K/13315K, paused 1ms+1ms
D/AAAAAAAAAAAAa( 1196): skbCoreWidth:1280/skbCoreHeight:315
D/SlideManagerRootImpl( 1228): slideTo = 4

[  147.922625] IR: [03932] scan key value is 0xf10ec936 
[  147.922630]  
[  147.975102] IR: [03932] scan key value is 0xf10ec936 
[  147.975107]  
[  148.083182] IR: [03932] scan key value is 0xf10ec936 
[  148.083187]  D/dalvikvm( 1582): GC_CONCURRENT freed 492K, 67% free 2322K/6979K, paused 3ms+3ms

[  148.819764] IR: [03932] scan key value is 0xf10ec936 
[  148.819769]  
[  148.872237] IR: [03932] scan key value is 0xf10ec936 
[  148.872243]  V/WifiPWDialog( 1725): !!!!! <SendResult> results: password!!!!!!!!!!
D/dalvikvm(  950): GC_CONCURRENT freed 654K, 62% free 3585K/9283K, paused 2ms+4ms
E/WindowManager(  950): ##############################dispatchUnhandledKey
V/TabletStatusBar( 1139): setLightsOn(true)
V/onActivityResult( 1725): !!!!!!!!!!!!!!!!! Result: password
V/onActivityResult( 1725): !!!!!!!!!!!!!!!!! security: 0  ssid: null    password: null
D/dalvikvm( 1582): GC_CONCURRENT freed 582K, 67% free 2369K/6979K, paused 4ms+2ms
D/InputEventConsistencyVerifier( 1725): KeyEvent: ACTION_UP but key was not down.
D/InputEventConsistencyVerifier( 1725):   in Handler (android.view.ViewRootImpl) {428b7d08}
D/InputEventConsistencyVerifier( 1725):   0: sent at 149037000000, KeyEvent { action=ACTION_UP, keyCode=KEYCODE_BACK, scanCode=158, metaState=0, flags=0x8, repeatCount=0, eventTime=149037, downTime=148825, deviceId=1, source=0x101 }
D/InputEventConsistencyVerifier( 1725):   -- recent events --
D/InputEventConsistencyVerifier( 1725):   1: sent at 145265000000, KeyEvent { action=ACTION_UP, keyCode=KEYCODE_ENTER, scanCode=28, metaState=0, flags=0x8, repeatCount=0, eventTime=145265, downTime=145105, deviceId=1, source=0x101 }
D/InputEventConsistencyVerifier( 1725):   2: sent at 145105000000, KeyEvent { action=ACTION_DOWN, keyCode=KEYCODE_ENTER, scanCode=28, metaState=0, flags=0x8, repeatCount=0, eventTime=145105, downTime=145105, deviceId=1, source=0x101 }
D/InputEventConsistencyVerifier( 1725):   3: sent at 144689000000, KeyEvent { action=ACTION_UP, keyCode=KEYCODE_DPAD_DOWN, scanCode=108, metaState=0, flags=0x8, repeatCount=0, eventTime=144689, downTime=144477, deviceId=1, source=0x101 }
D/InputEventConsistencyVerifier( 1725):   4: sent at 144477000000, KeyEvent { action=ACTION_DOWN, keyCode=KEYCODE_DPAD_DOWN, scanCode=108, metaState=0, flags=0x8, repeatCount=0, eventTime=144477, downTime=144477, deviceId=1, source=0x101 }
D/InputEventConsistencyVerifier( 1725):   5: sent at 144409000000, KeyEvent { action=ACTION_UP, keyCode=KEYCODE_DPAD_DOWN, scanCode=108, metaState=0, flags=0x8, repeatCount=0, eventTime=144409, downTime=144197, deviceId=1, source=0x101 }
D/dalvikvm( 1582): GC_CONCURRENT freed 642K, 68% free 2285K/6979K, paused 2ms+2ms
D/dalvikvm( 1582): GC_CONCURRENT freed 515K, 68% free 2266K/6979K, paused 1ms+2ms

[  149.571872] IR: [03932] scan key value is 0xec13c936 
[  149.571877]  
[  149.624357] IR: [03932] scan key value is 0xec13c936 
[  149.624362]  D/dalvikvm( 1582): GC_CONCURRENT freed 506K, 68% free 2277K/6979K, paused 2ms+2ms
V/WifiConfig( 1725): !!!!!!<getConfig>:   password: null------accessPoint.security=2
I/WifiConfig( 1725): ---getConfig---open WifiPWDialog
I/ActivityManager(  950): START {cmp=com.coship.dvbsetting/.netsetting.dialog.WifiPWDialog (has extras)} from pid 1725
V/WifiPWDialog( 1725): !!!!!!!! get security: 2  ssid: smarttv_2.4
V/TabletStatusBar( 1139): setLightsOn(true)
D/dalvikvm( 1582): GC_CONCURRENT freed 565K, 67% free 2334K/6979K, paused 2ms+2ms
I/ActivityManager(  950): Displayed com.coship.dvbsetting/.netsetting.dialog.WifiPWDialog: +113ms

[  150.068291] IR: [03932] scan key value is 0xec13c936 
[  150.068298]  
[  150.120754] IR: [03932] scan key value is 0xec13c936 
[  150.120759]  I/System.out( 1196): [SkbContainer]:mSoftKeyDown--->8
D/dalvikvm( 1582): GC_CONCURRENT freed 596K, 67% free 2309K/6979K, paused 60ms+2ms
D/dalvikvm( 1582): GC_CONCURRENT freed 561K, 67% free 2352K/6979K, paused 3ms+3ms
D/dalvikvm( 1582): GC_CONCURRENT freed 624K, 66% free 2374K/6979K, paused 1ms+2ms

[  151.016932] IR: [03932] scan key value is 0xf10ec936 
[  151.016937]  
[  151.069421] IR: [03932] scan key value is 0xf10ec936 
[  151.069426]  D/dalvikvm( 1582): GC_CONCURRENT freed 651K, 67% free 2322K/6979K, paused 2ms+2ms

[  151.531138] IR: [03932] scan key value is 0xf10ec936 
[  151.531143]  D/dalvikvm( 1582): GC_CONCURRENT freed 571K, 68%
[  151.583617] IR: [03932] scan key value is 0xf10ec936 
[  151.583622]   free 2271K/6979K, paused 5ms+2ms
V/WifiPWDialog( 1725): !!!!! <SendResult> results: password!!!!!!!!!!
E/WindowManager(  950): ##############################dispatchUnhandledKey
I/ActivityManager(  950): START {cmp=com.coship.dvbsetting/.netsetting.dialog.WifiPWDErrorDialog} from pid 1725
D/dalvikvm( 1582): GC_CONCURRENT freed 500K, 67% free 2350K/6979K, paused 3ms+3ms
V/TabletStatusBar( 1139): setLightsOn(true)
D/InputEventConsistencyVerifier( 1725): KeyEvent: ACTION_UP but key was not down.
D/InputEventConsistencyVerifier( 1725):   in Handler (android.view.ViewRootImpl) {42d1eec0}
D/InputEventConsistencyVerifier( 1725):   0: sent at 151749000000, KeyEvent { action=ACTION_UP, keyCode=KEYCODE_BACK, scanCode=158, metaState=0, flags=0x8, repeatCount=0, eventTime=151749, downTime=151536, deviceId=1, source=0x101 }
I/ActivityManager(  950): Displayed com.coship.dvbsetting/.netsetting.dialog.WifiPWDErrorDialog: +133ms
D/dalvikvm( 1582): GC_CONCURRENT freed 618K, 68% free 2267K/6979K, paused 6ms+2ms
D/dalvikvm( 1582): GC_CONCURRENT freed 503K, 67% free 2359K/6979K, paused 1ms+2ms
D/HomePlayerLib( 1582): hostaddress count is 2
D/dalvikvm( 1725): GC_EXPLICIT freed 214K, 16% free 27848K/32771K, paused 2ms+8ms
E/StrictMode( 1725): class com.coship.dvbsetting.netsetting.dialog.WifiPWDialog; instances=2; limit=1
E/StrictMode( 1725): android.os.StrictMode$InstanceCountViolation: class com.coship.dvbsetting.netsetting.dialog.WifiPWDialog; instances=
[  152.348238] IR: [03932] scan key value is 0xee11c936 
[  152.348243]  2; limit=1
E/StrictMode( 1725):    at android.os.StrictMode.setClassInstanceLimit(StrictMode.java:1)
E/WindowManager(  950): ##############################dispatchUnhandledKey
D/dalvikvm( 1582): GC_CONCURRENT freed 616K, 67%
[  152.400716] IR: [03932] scan key value is 0xee11c936 
[  152.400721]   free 2348K/6979K, paused 2ms+2ms
D/dalvikvm( 1582): GC_CONCURRENT freed 583K, 68% free 2291K/6979K, paused 2ms+2ms
D/dalvikvm( 1582): GC_CONCURRENT freed 547K, 67% free 2367K/6979K, paused 1ms+2ms
D/dalvikvm( 1582): GC_CONCURRENT freed 629K, 67% free 2359K/6979K, paused 2ms+2ms
D/dalvikvm( 1582): GC_CONCURRENT freed 622K, 66% free 2377K/6979K, paused 2ms+2ms
D/dalvikvm( 1582): GC_CONCURRENT freed 648K, 66% free 2384K/6979K, paused 1ms+2ms
D/dalvikvm( 1582): GC_CONCURRENT freed 653K, 67% free 2356K/6979K, paused 2ms+2ms
D/dalvikvm( 1582): GC_CONCURRENT freed 612K, 66% free 2391K/6979K, paused 1ms+2ms

[  153.161343] IR: [03932] scan key value is 0xec13c936 
[  153.161348]  D/dalvikvm( 1582): GC_CONCURRENT freed 670K, 68% free 2266K/6979K, paused 2ms+2ms

[  153.213823] IR: [03932] scan key value is 0xec13c936 
[  153.213827]  D/dalvikvm( 1582): GC_CONCURRENT freed 490K, 68% free 2281K/6979K, paused 2ms+2ms
D/dalvikvm( 1582): GC_CONCURRENT freed 496K, 65% free 2452K/6979K, paused 2ms+2ms
V/TabletStatusBar( 1139): setLightsOn(true)
V/onActivityResult( 1725): !!!!!!!!!!!!!!!!! Result: password
V/onActivityResult( 1725): !!!!!!!!!!!!!!!!! security: 0  ssid: null    password: null
V/onActivityResult( 1725): !!!!!!!!!!!!!!!!! Result: pwd_erro
V/onActivityResult( 1725): !!!!!!!!!!!!!!!!! security: 0  ssid: null    password: null
D/dalvikvm( 1582): GC_CONCURRENT freed 753K, 68% free 2273K/6979K, paused 6ms+2ms
D/dalvikvm( 1582): GC_CONCURRENT freed 509K, 68% free 2273K/6979K, paused 2ms+2ms
D/SlideManagerRootImpl( 1228): slideTo = 0
D/dalvikvm( 1582): GC_CONCURRENT freed 508K, 67% free 2333K/6979K, paused 2ms+2ms

[  153.978487] IR: [03932] scan key value is 0xee11c936 
[  153.978492]  
[  154.030965] IR: [03932] scan key value is 0xee11c936 
[  154.030971]  D/dalvikvm( 1582): GC_CONCURRENT freed 603K, 68% free 2243K/6979K, paused 1ms+2ms

[  154.344119] IR: [03932] scan key value is 0xee11c936 
[  154.344124]  
[  154.396603] IR: [03932] scan key value is 0xee11c936 
[  154.396608]  D/dalvikvm( 1582): GC_CONCURRENT freed 486K, 67% free 2366K/6979K, paused 2ms+2ms

[  154.788222] IR: [03932] scan key value is 0xee11c936 
[  154.788226]  
[  154.840705] IR: [03932] scan key value is 0xee11c936 
[  154.840710]  
[  155.161138] IR: [03932] scan key value is 0xec13c936 
[  155.161143]  
[  155.213623] IR: [03932] scan key value is 0xec13c936 
[  155.213627]  V/WifiConfig( 1725): !!!!!!<getConfig>:   password: null------accessPoint.security=2
I/ActivityManager(  950): START {cmp=com.coship.dvbsetting/.netsetting.dialog.WifiStateDialog (has extras)} from pid 1725
V/WifiSTATEialog( 1725): !!!!<onCreate>   getExtras    ssid: liwenjuan
V/WifiSTATEialog( 1725): !!!!<onCreate>   getExtras    mrssi: -41
V/WifiSTATEialog( 1725): !!!!<onCreate>   getExtras    networkid: 1
V/WifiSTATEialog( 1725): !!!!<onCreate>   mwificfg.SSID: "liwenjuan"
V/WifiSTATEialog( 1725): !!!!<onCreate>   connName: "null"
V/WifiSTATEialog( 1725): !!!!<onCreate>   mwificfg.status: 1
V/WifiSTATEialog( 1725): !!!!<onCreate>   mwificfg.networkId: 1
V/WifiSTATEialog( 1725): !!!!!!!<onCreate> status: 1!!!!!!!!!!!!!
V/WifiSTATEialog( 1725): !!!!!!!!!!<onCreate> status: !!!!!!!!!!!!!!mrssi:-41
V/TabletStatusBar( 1139): setLightsOn(true)
I/ActivityManager(  950): Displayed com.coship.dvbsetting/.netsetting.dialog.WifiStateDialog: +86ms

[  156.173309] IR: [03932] scan key value is 0xec13c936 
[  156.173314]  
[  156.225787] IR: [03932] scan key value is 0xec13c936 
[  156.225792]  V/WifiSTATEialog( 1725): !!!!!!!!!!<onClick> v: android.widget.Button@42827b38 !!!!!!!!!
V/WifiSTATEialog( 1725): !!!!! <SendResult> results: connect!!!!!!!!!!
V/TabletStatusBar( 1139): setLightsOn(true)
V/onActivityResult( 1725): !!!!!!!!!!!!!!!!! Result: connect
I/HighSet_WirlessNetwork( 1725): ---connect()-----mwificfg="liwenjuan"-----------networkId=1
V/onActivityResult( 1725): !!!!!!!!!!!!!!!!! security: 0  ssid: null    password: null
D/dalvikvm( 1582): GC_CONCURRENT freed 635K, 66% free 2374K/6979K, paused 2ms+2ms

[  157.727861] IR: [03932] scan key value is 0xec13c936 
[  157.727866]  
[  157.780314] IR: [03932] scan key value is 0xec13c936 
[  157.780319]  V/WifiConfig( 1725): !!!!!!<getConfig>:   password: null------accessPoint.security=2
I/ActivityManager(  950): START {cmp=com.coship.dvbsetting/.netsetting.dialog.WifiStateDialog (has extras)} from pid 1725
D/dalvikvm( 1582): GC_CONCURRENT freed 653K, 68% free 2281K/6979K, paused 2ms+2ms
D/dalvikvm(  950): GC_CONCURRENT freed 644K, 61% free 3648K/9283K, paused 2ms+5ms
V/WifiSTATEialog( 1725): !!!!<onCreate>   getExtras    ssid: liwenjuan
V/WifiSTATEialog( 1725): !!!!<onCreate>   getExtras    mrssi: -41
V/WifiSTATEialog( 1725): !!!!<onCreate>   getExtras    networkid: 1
V/WifiSTATEialog( 1725): !!!!<onCreate>   mwificfg.SSID: "liwenjuan"
V/WifiSTATEialog( 1725): !!!!<onCreate>   connName: "null"
V/WifiSTATEialog( 1725): !!!!<onCreate>   mwificfg.status: 1
V/WifiSTATEialog( 1725): !!!!<onCreate>   mwificfg.networkId: 1
V/WifiSTATEialog( 1725): !!!!!!!<onCreate> status: 1!!!!!!!!!!!!!
V/WifiSTATEialog( 1725): !!!!!!!!!!<onCreate> status: !!!!!!!!!!!!!!mrssi:-41
V/TabletStatusBar( 1139): setLightsOn(true)
I/ActivityManager(  950): Displayed com.coship.dvbsetting/.netsetting.dialog.WifiStateDialog: +103ms
D/dalvikvm( 1582): GC_CONCURRENT freed 534K, 68% free 2248K/6979K, paused 2ms+2ms
D/dalvikvm( 1582): GC_CONCURRENT freed 476K, 68% free 2270K/6979K, paused 2ms+2ms

[  158.578031] IR: [03932] scan key value is 0xeb14c936 
[  158.578036]  
[  158.630500] IR: [03932] scan key value is 0xeb14c936 
[  158.630505]  D/dalvikvm( 1582): GC_CONCURRENT freed 502K, 67% free 2307K/6979K, paused 1ms+2ms
D/InputEventConsistencyVerifier( 1725): KeyEvent: ACTION_UP but key was not down.
D/InputEventConsistencyVerifier( 1725):   in android.widget.Button@42823870
D/InputEventConsistencyVerifier( 1725):   0: sent at 158797000000, KeyEvent { action=ACTION_UP, keyCode=KEYCODE_DPAD_RIGHT, scanCode=106, metaState=0, flags=0x8, repeatCount=0, eventTime=158797, downTime=158583, deviceId=1, source=0x101 }
D/dalvikvm( 1582): GC_CONCURRENT freed 559K, 68% free 2271K/6979K, paused 2ms+2ms

[  158.952640] IR: [03932] scan key value is 0xec13c936 
[  158.952645]  
[  159.005118] IR: [03932] scan key value is 0xec13c936 
[  159.005123]  D/dalvikvm( 1582): GC_CONCURRENT freed 504K, 68% free 2267K/6979K, paused 1ms+2ms
V/WifiSTATEialog( 1725): !!!!!!!!!!<onClick> v: android.widget.Button@42823870 !!!!!!!!!
V/WifiSTATEialog( 1725): !!!!! <SendResult> results: ignore!!!!!!!!!!
V/TabletStatusBar( 1139): setLightsOn(true)
V/onActivityResult( 1725): !!!!!!!!!!!!!!!!! Result: ignore
V/onActivityResult( 1725): !!!!!!!!!!!!!!!!! security: 0  ssid: null    password: null
D/dalvikvm( 1725): GC_EXPLICIT freed 199K, 16% free 27820K/32771K, paused 2ms+6ms
E/StrictMode( 1725): class com.coship.dvbsetting.netsetting.dialog.WifiStateDialog; instances=2; limit=1
E/StrictMode( 1725): android.os.StrictMode$InstanceCountViolation: class com.coship.dvbsetting.netsetting.dialog.WifiStateDialog; instances=2; limit=1
E/StrictMode( 1725):    at android.os.StrictMode.setClassInstanceLimit(StrictMode.java:1)
D/dalvikvm( 1582): GC_CONCURRENT freed 506K, 68% free 2277K/6979K, paused 6ms+3ms
D/dalvikvm( 1582): GC_CONCURRENT freed 515K, 68% free 2266K/6979K, paused 2ms+2ms
D/SlideManagerRootImpl( 1228): slideTo = 1
D/dalvikvm( 1582): GC_CONCURRENT freed 506K, 67% free 2365K/6979K, paused 2ms+2ms

[  160.290510] IR: [03932] scan key value is 0xec13c936 
[  160.290514]  
[  160.342983] IR: [03932] scan key value is 0xec13c936 
[  160.342988]  V/WifiConfig( 1725): !!!!!!<getConfig>:   password: null------accessPoint.security=2
I/ActivityManager(  950): START {cmp=com.coship.dvbsetting/.netsetting.dialog.WifiStateDialog (has extras)} from pid 1725
V/WifiSTATEialog( 1725): !!!!<onCreate>   getExtras    ssid: liwenjuan
V/WifiSTATEialog( 1725): !!!!<onCreate>   getExtras    mrssi: -41
V/WifiSTATEialog( 1725): !!!!<onCreate>   getExtras    networkid: 1
V/WifiSTATEialog( 1725): !!!!<onCreate>   mwificfg.SSID: "liwenjuan"
V/WifiSTATEialog( 1725): !!!!<onCreate>   connName: "null"
V/WifiSTATEialog( 1725): !!!!<onCreate>   mwificfg.status: 1
V/WifiSTATEialog( 1725): !!!!<onCreate>   mwificfg.networkId: 1
V/WifiSTATEialog( 1725): !!!!!!!<onCreate> status: 1!!!!!!!!!!!!!
V/WifiSTATEialog( 1725): !!!!!!!!!!<onCreate> status: !!!!!!!!!!!!!!mrssi:-41
V/TabletStatusBar( 1139): setLightsOn(true)
I/ActivityManager(  950): Displayed com.coship.dvbsetting/.netsetting.dialog.WifiStateDialog: +88ms

[  161.465043] IR: [03932] scan key value is 0xec13c936 
[  161.465048]  
[  161.517517] IR: [03932] scan key value is 0xec13c936 
[  161.517522]  V/WifiSTATEialog( 1725): !!!!!!!!!!<onClick> v: android.widget.Button@42f8b910 !!!!!!!!!
V/WifiSTATEialog( 1725): !!!!! <SendResult> results: connect!!!!!!!!!!
V/TabletStatusBar( 1139): setLightsOn(true)
V/onActivityResult( 1725): !!!!!!!!!!!!!!!!! Result: connect
I/HighSet_WirlessNetwork( 1725): ---connect()-----mwificfg="liwenjuan"-----------networkId=1
V/onActivityResult( 1725): !!!!!!!!!!!!!!!!! security: 0  ssid: null    password: null
D/dalvikvm( 1725): GC_EXPLICIT freed 146K, 16% free 27756K/32771K, paused 2ms+5ms
E/StrictMode( 1725): class com.coship.dvbsetting.netsetting.dialog.WifiStateDialog; instances=2; limit=1
E/StrictMode( 1725): android.os.StrictMode$InstanceCountViolation: class com.coship.dvbsetting.netsetting.dialog.WifiStateDialog; instances=2; limit=1
E/StrictMode( 1725):    at android.os.StrictMode.setClassInstanceLimit(StrictMode.java:1)

[  162.320862] IR: [03932] scan key value is 0xec13c936 
[  162.320867]  
[  162.373319] IR: [03932] scan key value is 0xec13c936 
[  162.373324]  V/WifiConfig( 1725): !!!!!!<getConfig>:   password: null------accessPoint.security=2
I/ActivityManager(  950): START {cmp=com.coship.dvbsetting/.netsetting.dialog.WifiStateDialog (has extras)} from pid 1725
V/WifiSTATEialog( 1725): !!!!<onCreate>   getExtras    ssid: liwenjuan
V/WifiSTATEialog( 1725): !!!!<onCreate>   getExtras    mrssi: -41
V/WifiSTATEialog( 1725): !!!!<onCreate>   getExtras    networkid: 1
V/WifiSTATEialog( 1725): !!!!<onCreate>   mwificfg.SSID: "liwenjuan"
V/WifiSTATEialog( 1725): !!!!<onCreate>   connName: "null"
V/WifiSTATEialog( 1725): !!!!<onCreate>   mwificfg.status: 1
V/WifiSTATEialog( 1725): !!!!<onCreate>   mwificfg.networkId: 1
V/WifiSTATEialog( 1725): !!!!!!!<onCreate> status: 1!!!!!!!!!!!!!
V/WifiSTATEialog( 1725): !!!!!!!!!!<onCreate> status: !!!!!!!!!!!!!!mrssi:-41
V/TabletStatusBar( 1139): setLightsOn(true)
I/ActivityManager(  950): Displayed com.coship.dvbsetting/.netsetting.dialog.WifiStateDialog: +80ms

[  162.939093] IR: [03932] scan key value is 0xeb14c936 
[  162.939098]  
[  162.991538] IR: [03932] scan key value is 0xeb14c936 
[  162.991543]  D/InputEventConsistencyVerifier( 1725): KeyEvent: ACTION_UP but key was not down.
D/InputEventConsistencyVerifier( 1725):   in android.widget.Button@42d325d8
D/InputEventConsistencyVerifier( 1725):   0: sent at 163157000000, KeyEvent { action=ACTION_UP, keyCode=KEYCODE_DPAD_RIGHT, scanCode=106, metaState=0, flags=0x8, repeatCount=0, eventTime=163157, downTime=162944, deviceId=1, source=0x101 }

[  163.314264] IR: [03932] scan key value is 0xec13c936 
[  163.314268]  
[  163.366744] IR: [03932] scan key value is 0xec13c936 
[  163.366749]  V/WifiSTATEialog( 1725): !!!!!!!!!!<onClick> v: android.widget.Button@42d325d8 !!!!!!!!!
V/WifiSTATEialog( 1725): !!!!! <SendResult> results: ignore!!!!!!!!!!
V/TabletStatusBar( 1139): setLightsOn(true)
V/onActivityResult( 1725): !!!!!!!!!!!!!!!!! Result: ignore
V/onActivityResult( 1725): !!!!!!!!!!!!!!!!! security: 0  ssid: null    password: null
D/dalvikvm( 1725): GC_EXPLICIT freed 79K, 16% free 27754K/32771K, paused 2ms+8ms
E/StrictMode( 1725): class com.coship.dvbsetting.netsetting.dialog.WifiStateDialog; instances=2; limit=1
E/StrictMode( 1725): android.os.StrictMode$InstanceCountViolation: class com.coship.dvbsetting.netsetting.dialog.WifiStateDialog; instances=2; limit=1
E/StrictMode( 1725):    at android.os.StrictMode.setClassInstanceLimit(StrictMode.java:1)
D/dalvikvm( 1582): GC_CONCURRENT freed 644K, 68% free 2297K/6979K, paused 1ms+3ms
D/HomePlayerLib( 1582): hostaddress count is 2
D/dalvikvm( 1582): GC_CONCURRENT freed 556K, 68% free 2261K/6979K, paused 2ms+2ms
D/dalvikvm( 1582): GC_CONCURRENT freed 504K, 68% free 2275K/6979K, paused 1ms+2ms
D/dalvikvm( 1582): GC_CONCURRENT freed 508K, 68% free 2267K/6979K, paused 2ms+2ms

[  164.099842] IR: [03932] scan key value is 0xec13c936 
[  164.099847]  D/dalvikvm( 1582): GC_CONCURRENT freed 513K, 66% free 2397K/6979K, paused 2ms+4ms

[  164.152321] IR: [03932] scan key value is 0xec13c936 
[  164.152327]  D/dalvikvm( 1582): GC_CONCURRENT freed 685K, 66% free 2374K/6979K, paused 1ms+2ms
V/WifiConfig( 1725): !!!!!!<getConfig>:   password: null------accessPoint.security=2
I/ActivityManager(  950): START {cmp=com.coship.dvbsetting/.netsetting.dialog.WifiStateDialog (has extras)} from pid 1725
V/WifiSTATEialog( 1725): !!!!<onCreate>   getExtras    ssid: liwenjuan
V/WifiSTATEialog( 1725): !!!!<onCreate>   getExtras    mrssi: -41
V/WifiSTATEialog( 1725): !!!!<onCreate>   getExtras    networkid: 1
V/WifiSTATEialog( 1725): !!!!<onCreate>   mwificfg.SSID: "liwenjuan"
V/WifiSTATEialog( 1725): !!!!<onCreate>   connName: "null"
V/WifiSTATEialog( 1725): !!!!<onCreate>   mwificfg.status: 1
V/WifiSTATEialog( 1725): !!!!<onCreate>   mwificfg.networkId: 1
V/WifiSTATEialog( 1725): !!!!!!!<onCreate> status: 1!!!!!!!!!!!!!
V/WifiSTATEialog( 1725): !!!!!!!!!!<onCreate> status: !!!!!!!!!!!!!!mrssi:-41
V/TabletStatusBar( 1139): setLightsOn(true)
I/ActivityManager(  950): Displayed com.coship.dvbsetting/.netsetting.dialog.WifiStateDialog: +84ms
D/dalvikvm( 1582): GC_CONCURRENT freed 636K, 66% free 2377K/6979K, paused 2ms+2ms
D/dalvikvm( 1582): GC_CONCURRENT freed 660K, 67% free 2368K/6979K, paused 2ms+1ms
D/dalvikvm( 1582): GC_CONCURRENT freed 652K, 67% free 2359K/6979K, paused 1ms+1ms
D/dalvikvm( 1582): GC_CONCURRENT freed 621K, 67% free 2317K/6979K, paused 2ms+1ms
D/dalvikvm( 1582): GC_CONCURRENT freed 570K, 68% free 2266K/6979K, paused 1ms+2ms
D/dalvikvm( 1582): GC_CONCURRENT freed 500K, 68% free 2267K/6979K, paused 2ms+2ms
D/dalvikvm( 1582): GC_CONCURRENT freed 500K, 68% free 2268K/6979K, paused 1ms+2ms

[  165.381252] IR: [03932] scan key value is 0xeb14c936 
[  165.381257]  
[  165.433705] IR: [03932] scan key value is 0xeb14c936 
[  165.433710]  D/dalvikvm( 1582): GC_CONCURRENT freed 518K, 68% free 2265K/6979K, paused 2ms+2ms
D/InputEventConsistencyVerifier( 1725): KeyEvent: ACTION_UP but key was not down.
D/InputEventConsistencyVerifier( 1725):   in android.widget.Button@42f84638
D/InputEventConsistencyVerifier( 1725):   0: sent at 165601000000, KeyEvent { action=ACTION_UP, keyCode=KEYCODE_DPAD_RIGHT, scanCode=106, metaState=0, flags=0x8, repeatCount=0, eventTime=165601, downTime=165386, deviceId=1, source=0x101 }
D/SlideManagerRootImpl( 1228): slideTo = 2

[  165.688162] IR: [03932] scan key value is 0xeb14c936 
[  165.688167]  
[  165.740637] IR: [03932] scan key value is 0xeb14c936 
[  165.740641]  D/dalvikvm( 1582): GC_CONCURRENT freed 499K, 68% free 2266K/6979K, paused 1ms+3ms
D/InputEventConsistencyVerifier( 1725): KeyEvent: ACTION_UP but key was not down.
D/InputEventConsistencyVerifier( 1725):   in android.widget.Button@42daeed0
D/InputEventConsistencyVerifier( 1725):   0: sent at 165905000000, KeyEvent { action=ACTION_UP, keyCode=KEYCODE_DPAD_RIGHT, scanCode=106, metaState=0, flags=0x8, repeatCount=0, eventTime=165905, downTime=165693, deviceId=1, source=0x101 }

[  166.045074] IR: [03932] scan key value is 0xeb14c936 
[  166.045079]  E/WindowManager(  950): ##############################dispatchUnhandledKey
D/dalvikvm( 1582): GC_CONCURRENT freed 507K, 66% free 2376K/6979K, paused 1ms+2ms

[  166.600418] IR: [03932] scan key value is 0xec13c936 
[  166.600423]  
[  166.652895] IR: [03932] scan key value is 0xec13c936 
[  166.652900]  V/WifiSTATEialog( 1725): !!!!!!!!!!<onClick> v: android.widget.Button@42daeed0 !!!!!!!!!
V/WifiSTATEialog( 1725): !!!!! <SendResult> results: cancel!!!!!!!!!!
V/TabletStatusBar( 1139): setLightsOn(true)
V/onActivityResult( 1725): !!!!!!!!!!!!!!!!! Result: cancel
V/onActivityResult( 1725): !!!!!!!!!!!!!!!!! security: 0  ssid: null    password: null
D/dalvikvm( 1582): GC_CONCURRENT freed 660K, 67% free 2365K/6979K, paused 3ms+2ms
D/dalvikvm( 1725): GC_EXPLICIT freed 75K, 16% free 27757K/32771K, paused 2ms+4ms
E/StrictMode( 1725): class com.coship.dvbsetting.netsetting.dialog.WifiStateDialog; instances=2; limit=1
E/StrictMode( 1725): android.os.StrictMode$InstanceCountViolation: class com.coship.dvbsetting.netsetting.dialog.WifiStateDialog; instances=2; limit=1
E/StrictMode( 1725):    at android.os.StrictMode.setClassInstanceLimit(StrictMode.java:1)
D/dalvikvm(  950): GC_CONCURRENT freed 744K, 62% free 3587K/9283K, paused 4ms+5ms
D/dalvikvm( 1582): GC_CONCURRENT freed 641K, 68% free 2267K/6979K, paused 2ms+3ms

[  167.193227] IR: [03932] scan key value is 0xec13c936 
[  167.193232]  
[  167.245679] IR: [03932] scan key value is 0xec13c936 
[  167.245684]  
[  167.353748] IR: [03932] scan key value is 0xec13c936 
[  167.353753]  D/dalvikvm( 1582): GC_CONCURRENT freed 508K, 67% free 2364K/6979K, paused 2ms+2ms
V/WifiConfig( 1725): !!!!!!<getConfig>:   password: null------accessPoint.security=2
I/ActivityManager(  950): START {cmp=com.coship.dvbsetting/.netsetting.dialog.WifiStateDialog (has extras)} from pid 1725
V/WifiSTATEialog( 1725): !!!!<onCreate>   getExtras    ssid: liwenjuan
V/WifiSTATEialog( 1725): !!!!<onCreate>   getExtras    mrssi: -41
V/WifiSTATEialog( 1725): !!!!<onCreate>   getExtras    networkid: 1
V/WifiSTATEialog( 1725): !!!!<onCreate>   mwificfg.SSID: "liwenjuan"
V/WifiSTATEialog( 1725): !!!!<onCreate>   connName: "null"
V/WifiSTATEialog( 1725): !!!!<onCreate>   mwificfg.status: 1
V/WifiSTATEialog( 1725): !!!!<onCreate>   mwificfg.networkId: 1
V/WifiSTATEialog( 1725): !!!!!!!<onCreate> status: 1!!!!!!!!!!!!!
V/WifiSTATEialog( 1725): !!!!!!!!!!<onCreate> status: !!!!!!!!!!!!!!mrssi:-41
V/TabletStatusBar( 1139): setLightsOn(true)
I/ActivityManager(  950): Displayed com.coship.dvbsetting/.netsetting.dialog.WifiStateDialog: +93ms
D/dalvikvm( 1582): GC_CONCURRENT freed 636K, 66% free 2406K/6979K, paused 2ms+3ms
D/dalvikvm( 1582): GC_CONCURRENT freed 696K, 68% free 2281K/6979K, paused 2ms+2ms
D/dalvikvm( 1582): GC_CONCURRENT freed 534K, 68% free 2270K/6979K, paused 2ms+2ms

[  168.140584] IR: [03932] scan key value is 0xec13c936 
[  168.140588]  
[  168.193058] IR: [03932] scan key value is 0xec13c936 
[  168.193063]  V/WifiSTATEialog( 1725): !!!!!!!!!!<onClick> v: android.widget.Button@42dea878 !!!!!!!!!
V/WifiSTATEialog( 1725): !!!!! <SendResult> results: connect!!!!!!!!!!
V/TabletStatusBar( 1139): setLightsOn(true)
V/onActivityResult( 1725): !!!!!!!!!!!!!!!!! Result: connect
I/HighSet_WirlessNetwork( 1725): ---connect()-----mwificfg="liwenjuan"-----------networkId=1
V/onActivityResult( 1725): !!!!!!!!!!!!!!!!! security: 0  ssid: null    password: null
D/dalvikvm( 1582): GC_CONCURRENT freed 502K, 67% free 2372K/6979K, paused 13ms+3ms
D/dalvikvm( 1725): GC_EXPLICIT freed 80K, 16% free 27758K/32771K, paused 2ms+6ms
E/StrictMode( 1725): class com.coship.dvbsetting.netsetting.dialog.WifiStateDialog; instances=2; limit=1
E/StrictMode( 1725): android.os.StrictMode$InstanceCountViolation: class com.coship.dvbsetting.netsetting.dialog.WifiStateDialog; instances=2; limit=1
E/StrictMode( 1725):    at android.os.StrictMode.setClassInstanceLimit(StrictMode.java:1)

[  168.865950] IR: [03932] scan key value is 0xec13c936 
[  168.865954]  
[  168.918425] IR: [03932] scan key value is 0xec13c936 
[  168.918431]  V/WifiConfig( 1725): !!!!!!<getConfig>:   password: null------accessPoint.security=2
I/ActivityManager(  950): START {cmp=com.coship.dvbsetting/.netsetting.dialog.WifiStateDialog (has extras)} from pid 1725
V/WifiSTATEialog( 1725): !!!!<onCreate>   getExtras    ssid: liwenjuan
V/WifiSTATEialog( 1725): !!!!<onCreate>   getExtras    mrssi: -41
V/WifiSTATEialog( 1725): !!!!<onCreate>   getExtras    networkid: 1
V/WifiSTATEialog( 1725): !!!!<onCreate>   mwificfg.SSID: "liwenjuan"
V/WifiSTATEialog( 1725): !!!!<onCreate>   connName: "null"
V/WifiSTATEialog( 1725): !!!!<onCreate>   mwificfg.status: 1
V/WifiSTATEialog( 1725): !!!!<onCreate>   mwificfg.networkId: 1
V/WifiSTATEialog( 1725): !!!!!!!<onCreate> status: 1!!!!!!!!!!!!!
V/WifiSTATEialog( 1725): !!!!!!!!!!<onCreate> status: !!!!!!!!!!!!!!mrssi:-41
V/TabletStatusBar( 1139): setLightsOn(true)
I/ActivityManager(  950): Displayed com.coship.dvbsetting/.netsetting.dialog.WifiStateDialog: +83ms

[  169.547296] IR: [03932] scan key value is 0xec13c936 
[  169.547302]  
[  169.599754] IR: [03932] scan key value is 0xec13c936 
[  169.599759]  V/WifiSTATEialog( 1725): !!!!!!!!!!<onClick> v: android.widget.Button@42f88928 !!!!!!!!!
V/WifiSTATEialog( 1725): !!!!! <SendResult> results: connect!!!!!!!!!!
V/TabletStatusBar( 1139): setLightsOn(true)
V/onActivityResult( 1725): !!!!!!!!!!!!!!!!! Result: connect
I/HighSet_WirlessNetwork( 1725): ---connect()-----mwificfg="liwenjuan"-----------networkId=1
V/onActivityResult( 1725): !!!!!!!!!!!!!!!!! security: 0  ssid: null    password: null
D/dalvikvm( 1725): GC_EXPLICIT freed 84K, 16% free 27755K/32771K, paused 2ms+5ms
E/StrictMode( 1725): class com.coship.dvbsetting.netsetting.dialog.WifiStateDialog; instances=2; limit=1
E/StrictMode( 1725): android.os.StrictMode$InstanceCountViolation: class com.coship.dvbsetting.netsetting.dialog.WifiStateDialog; instances=2; limit=1
E/StrictMode( 1725):    at android.os.StrictMode.setClassInstanceLimit(StrictMode.java:1)
D/dalvikvm( 1582): GC_CONCURRENT freed 647K, 66% free 2429K/6979K, paused 2ms+3ms

[  170.158375] IR: [03932] scan key value is 0xec13c936 
[  170.158380]  
[  170.210852] IR: [03932] scan key value is 0xec13c936 
[  170.210857]  V/WifiConfig( 1725): !!!!!!<getConfig>:   password: null------accessPoint.security=2
I/ActivityManager(  950): START {cmp=com.coship.dvbsetting/.netsetting.dialog.WifiStateDialog (has extras)} from pid 1725
V/WifiSTATEialog( 1725): !!!!<onCreate>   getExtras    ssid: liwenjuan
V/WifiSTATEialog( 1725): !!!!<onCreate>   getExtras    mrssi: -41
V/WifiSTATEialog( 1725): !!!!<onCreate>   getExtras    networkid: 1
V/WifiSTATEialog( 1725): !!!!<onCreate>   mwificfg.SSID: "liwenjuan"
V/WifiSTATEialog( 1725): !!!!<onCreate>   connName: "null"
V/WifiSTATEialog( 1725): !!!!<onCreate>   mwificfg.status: 1
V/WifiSTATEialog( 1725): !!!!<onCreate>   mwificfg.networkId: 1
V/WifiSTATEialog( 1725): !!!!!!!<onCreate> status: 1!!!!!!!!!!!!!
V/WifiSTATEialog( 1725): !!!!!!!!!!<onCreate> status: !!!!!!!!!!!!!!mrssi:-41
V/TabletStatusBar( 1139): setLightsOn(true)
I/ActivityManager(  950): Displayed com.coship.dvbsetting/.netsetting.dialog.WifiStateDialog: +82ms
D/dalvikvm( 1582): GC_CONCURRENT freed 726K, 67% free 2347K/6979K, paused 4ms+3ms

[  171.010104] IR: [03932] scan key value is 0xec13c936 
[  171.010109]  D/dalvikvm( 1582): GC_CONCURRENT freed 623K, 67% free 2366K/6979K, paused 3ms+2ms

[  171.062559] IR: [03932] scan key value is 0xec13c936 
[  171.062564]  D/dalvikvm( 1582): GC_CONCURRENT freed 639K, 68% free 2279K/6979K, paused 1ms+2ms
V/WifiSTATEialog( 1725): !!!!!!!!!!<onClick> v: android.widget.Button@42f84638 !!!!!!!!!
V/WifiSTATEialog( 1725): !!!!! <SendResult> results: connect!!!!!!!!!!
V/TabletStatusBar( 1139): setLightsOn(true)
V/onActivityResult( 1725): !!!!!!!!!!!!!!!!! Result: connect
I/HighSet_WirlessNetwork( 1725): ---connect()-----mwificfg="liwenjuan"-----------networkId=1
V/onActivityResult( 1725): !!!!!!!!!!!!!!!!! security: 0  ssid: null    password: null
D/dalvikvm( 1725): GC_EXPLICIT freed 81K, 16% free 27756K/32771K, paused 2ms+7ms
E/StrictMode( 1725): class com.coship.dvbsetting.netsetting.dialog.WifiStateDialog; instances=2; limit=1
E/StrictMode( 1725): android.os.StrictMode$InstanceCountViolation: class com.coship.dvbsetting.netsetting.dialog.WifiStateDialog; instances=2; limit=1
E/StrictMode( 1725):    at android.os.StrictMode.setClassInstanceLimit(StrictMode.java:1)
I/ActivityManager(  950): START {cmp=com.coship.dvbsetting/.netsetting.dialog.WifiPWDErrorDialog} from pid 1725
V/TabletStatusBar( 1139): setLightsOn(true)
I/ActivityManager(  950): Displayed com.coship.dvbsetting/.netsetting.dialog.WifiPWDErrorDialog: +93ms
D/dalvikvm( 1582): GC_CONCURRENT freed 512K, 68% free 2267K/6979K, paused 2ms+2ms
D/SlideManagerRootImpl( 1228): slideTo = 3
D/dalvikvm( 1582): GC_CONCURRENT freed 516K, 67% free 2311K/6979K, paused 2ms+2ms
D/dalvikvm( 1582): GC_CONCURRENT freed 567K, 68% free 2279K/6979K, paused 2ms+2ms
D/dalvikvm( 1582): GC_CONCURRENT freed 514K, 68% free 2264K/6979K, paused 1ms+2ms
D/HomePlayerLib( 1582): hostaddress count is 2
D/dalvikvm( 1582): GC_CONCURRENT freed 504K, 68% free 2263K/6979K, paused 2ms+2ms
D/dalvikvm( 1582): GC_CONCURRENT freed 498K, 68% free 2264K/6979K, paused 3ms+2ms
D/dalvikvm( 1582): GC_CONCURRENT freed 509K, 68% free 2270K/6979K, paused 2ms+2ms
D/dalvikvm( 1582): GC_CONCURRENT freed 527K, 68% free 2287K/6979K, paused 2ms+2ms

[  175.583401] IR: [03932] scan key value is 0xec13c936 
[  175.583406]  D/dalvikvm( 1582): GC_CONCURRENT freed 516K, 64% free 2534K/6979K, paused 2ms+2ms

[  175.635881] IR: [03932] scan key value is 0xec13c936 
[  175.635885]  D/dalvikvm( 1582): GC_CONCURRENT freed 826K, 65% free 2473K/6979K, paused 2ms+2ms
V/TabletStatusBar( 1139): setLightsOn(true)
D/dalvikvm(  950): GC_CONCURRENT freed 667K, 61% free 3651K/9283K, paused 2ms+5ms
V/onActivityResult( 1725): !!!!!!!!!!!!!!!!! Result: pwd_erro
V/onActivityResult( 1725): !!!!!!!!!!!!!!!!! security: 0  ssid: null    password: null
D/dalvikvm( 1582): GC_CONCURRENT freed 781K, 67% free 2332K/6979K, paused 2ms+5ms
D/dalvikvm( 1582): GC_CONCURRENT freed 572K, 65% free 2459K/6979K, paused 3ms+3ms
D/dalvikvm( 1582): GC_CONCURRENT freed 751K, 66% free 2386K/6979K, paused 2ms+2ms
D/dalvikvm( 1582): GC_CONCURRENT freed 621K, 66% free 2384K/6979K, paused 2ms+2ms
D/dalvikvm( 1582): GC_CONCURRENT freed 652K, 66% free 2377K/6979K, paused 1ms+2ms
D/dalvikvm( 1582): GC_CONCURRENT freed 660K, 68% free 2256K/6979K, paused 2ms+2ms
D/dalvikvm( 1582): GC_CONCURRENT freed 478K, 68% free 2275K/6979K, paused 1ms+2ms
D/dalvikvm( 1582): GC_CONCURRENT freed 524K, 68% free 2295K/6979K, paused 2ms+2ms
D/dalvikvm( 1582): GC_CONCURRENT freed 529K, 68% free 2269K/6979K, paused 1ms+2ms
D/dalvikvm( 1582): GC_CONCURRENT freed 529K, 68% free 2275K/6979K, paused 2ms+2ms
D/dalvikvm( 1582): GC_CONCURRENT freed 511K, 68% free 2267K/6979K, paused 1ms+2ms
D/dalvikvm( 1582): GC_CONCURRENT freed 506K, 68% free 2277K/6979K, paused 2ms+3ms
D/dalvikvm( 1582): GC_CONCURRENT freed 514K, 68% free 2267K/6979K, paused 2ms+3ms
D/dalvikvm( 1582): GC_CONCURRENT freed 518K, 68% free 2265K/6979K, paused 2ms+2ms
D/dalvikvm( 1582): GC_CONCURRENT freed 502K, 68% free 2266K/6979K, paused 1ms+3ms
D/SlideManagerRootImpl( 1228): slideTo = 4
D/dalvikvm( 1582): GC_CONCURRENT freed 507K, 68% free 2277K/6979K, paused 2ms+2ms
D/dalvikvm( 1582): GC_CONCURRENT freed 530K, 68% free 2243K/6979K, paused 2ms+2ms

[  180.086057] IR: [03932] scan key value is 0xed12c936 
[  180.086062]  
[  180.138474] IR: [03932] scan key value is 0xed12c936 
[  180.138479]  D/InputEventConsistencyVerifier( 1725): KeyEvent: ACTION_UP but key was not down.
D/InputEventConsistencyVerifier( 1725):   in android.widget.LinearLayout@428ad9a0
D/InputEventConsistencyVerifier( 1725):   0: sent at 180305000000, KeyEvent { action=ACTION_UP, keyCode=KEYCODE_DPAD_LEFT, scanCode=105, metaState=0, flags=0x8, repeatCount=0, eventTime=180305, downTime=180091, deviceId=1, source=0x101 }
D/InputEventConsistencyVerifier( 1725):   -- recent events --
D/InputEventConsistencyVerifier( 1725):   1: sent at 48969000000, (unhandled) KeyEvent { action=ACTION_UP, keyCode=KEYCODE_DPAD_DOWN, scanCode=108, metaState=0, flags=0x8, repeatCount=0, eventTime=48969, downTime=48756, deviceId=1, source=0x101 }
D/InputEventConsistencyVerifier( 1725):   2: sent at 48756000000, KeyEvent { action=ACTION_DOWN, keyCode=KEYCODE_DPAD_DOWN, scanCode=108, metaState=0, flags=0x8, repeatCount=0, eventTime=48756, downTime=48756, deviceId=1, source=0x101 }
D/InputEventConsistencyVerifier( 1725):   3: sent at 48621000000, (unhandled) KeyEvent { action=ACTION_UP, keyCode=KEYCODE_DPAD_DOWN, scanCode=108, metaState=0, flags=0x8, repeatCount=0, eventTime=48621, downTime=48407, deviceId=1, source=0x101 }
D/InputEventConsistencyVerifier( 1725):   4: sent at 48407000000, KeyEvent { action=ACTION_DOWN, keyCode=KEYCODE_DPAD_DOWN, scanCode=108, metaState=0, flags=0x8, repeatCount=0, eventTime=48407, downTime=48407, deviceId=1, source=0x101 }
D/InputEventConsistencyVerifier( 1725):   5: sent at 48285000000, (unhandled) KeyEvent { action=ACTION_UP, keyCode=KEYCODE_DPAD_DOWN, scanCode=108, metaState=0, flags=0x8, repeatCount=0, eventTime=48285, downTime=48071, deviceId=1, source=0x101 }

[  182.753924] IR: [03932] scan key value is 0xea15c936 
[  182.753929]  
[  182.806319] IR: [03932] scan key value is 0xea15c936 
[  182.806325]  V/PPPOESetting===>( 1725): ++++status++++disconnect
D/SlideManagerRootImpl( 1228): slideTo = 0

[  183.872079] IR: [03932] scan key value is 0xed12c936 
[  183.872084]  E/WindowManager(  950): ##############################dispatchUnhandledKey

[  183.924546] IR: [03932] scan key value is 0xed12c936 
[  183.924551]  D/dalvikvm( 1582): GC_CONCURRENT freed 463K, 68% free 2266K/6979K, paused 2ms+2ms
D/dalvikvm( 1582): GC_CONCURRENT freed 516K, 68% free 2265K/6979K, paused 2ms+2ms
D/dalvikvm( 1582): GC_CONCURRENT freed 503K, 68% free 2267K/6979K, paused 1ms+2ms
D/dalvikvm( 1582): GC_CONCURRENT freed 518K, 68% free 2265K/6979K, paused 2ms+2ms
D/dalvikvm( 1582): GC_CONCURRENT freed 502K, 68% free 2266K/6979K, paused 2ms+2ms
D/dalvikvm( 1582): GC_CONCURRENT freed 507K, 68% free 2277K/6979K, paused 2ms+2ms

[  185.661426] IR: [03932] scan key value is 0xed12c936 
[  185.661430]  E/WindowManager(  950): ##############################dispatchUnhandledKey

[  185.713816] IR: [03932] scan key value is 0xed12c936 
[  185.713821]  D/dalvikvm( 1582): GC_CONCURRENT freed 530K, 68% free 2242K/6979K, paused 2ms+2ms
D/dalvikvm( 1582): GC_CONCURRENT freed 464K, 68% free 2266K/6979K, paused 2ms+3ms

[  186.115261] IR: [03932] scan key value is 0xeb14c936 
[  186.115267]  D/dalvikvm( 1582): GC_CONCURRENT freed 505K, 67% free 2324K/6979K, paused 2ms+3ms

[  186.167651] IR: [03932] scan key value is 0xeb14c936 
[  186.167656]  E/InputMethodService( 1196): Unexpected null in startExtractingText : mExtractedText = null, input connection = com.android.internal.view.InputConnectionWrapper@413a3bd8
D/dalvikvm( 1582): GC_CONCURRENT freed 582K, 66% free 2378K/6979K, paused 2ms+2ms
D/HomePlayerLib( 1582): hostaddress count is 2
D/dalvikvm( 1582): GC_CONCURRENT freed 643K, 68% free 2264K/6979K, paused 1ms+2ms
D/dalvikvm( 1582): GC_CONCURRENT freed 497K, 66% free 2377K/6979K, paused 1ms+2ms
D/dalvikvm( 1582): GC_CONCURRENT freed 657K, 67% free 2355K/6979
[  186.857347] IR: [03932] scan key value is 0xeb14c936 
[  186.857353]  K, paused 2ms+1ms

[  186.909762] IR: [03932] scan key value is 0xeb14c936 
[  186.909767]  D/dalvikvm( 1582): GC_CONCURRENT freed 585K, 66% free 2400K/6979K, paused 2ms+2ms
D/InputEventConsistencyVerifier( 1725): KeyEvent: ACTION_UP but key was not down.
D/InputEventConsistencyVerifier( 1725):   in com.android.internal.policy.impl.PhoneWindow$DecorView@414a9858
D/InputEventConsistencyVerifier( 1725):   0: sent at 187077000000, KeyEvent { action=ACTION_UP, keyCode=KEYCODE_DPAD_RIGHT, scanCode=106, metaState=0, flags=0x8, repeatCount=0, eventTime=187077, downTime=186863, deviceId=1, source=0x101 }
D/InputEventConsistencyVerifier( 1725):   -- recent events --
D/InputEventConsistencyVerifier( 1725):   1: sent at 185881000000, (unhandled) KeyEvent { action=ACTION_UP, keyCode=KEYCODE_DPAD_LEFT, scanCode=105, metaState=0, flags=0x8, repeatCount=0, eventTime=185881, downTime=185666, deviceId=1, source=0x101 }
D/InputEventConsistencyVerifier( 1725):   2: sent at 185666000000, (unhandled) KeyEvent { action=ACTION_DOWN, keyCode=KEYCODE_DPAD_LEFT, scanCode=105, metaState=0, flags=0x8, repeatCount=0, eventTime=185666, downTime=185666, deviceId=1, source=0x101 }
D/InputEventConsistencyVerifier( 1725):   3: sent at 184089000000, (unhandled) KeyEvent { action=ACTION_UP, keyCode=KEYCODE_DPAD_LEFT, scanCode=105, metaState=0, flags=0x8, repeatCount=0, eventTime=184089, downTime=183877, deviceId=1, source=0x101 }
D/InputEventConsistencyVerifier( 1725):   4: sent at 183877000000, (unhandled) KeyEvent { action=ACTION_DOWN, keyCode=KEYCODE_DPAD_LEFT, scanCode=105, metaState=0, flags=0x8, repeatCount=0, eventTime=183877, downTime=183877, deviceId=1, source=0x101 }
D/InputEventConsistencyVerifier( 1725):   5: sent at 182973000000, (unhandled) KeyEvent { action=ACTION_UP, keyCode=KEYCODE_DPAD_DOWN, scanCode=108, metaState=0, flags=0x8, repeatCount=0, eventTime=182973, downTime=182759, deviceId=1, source=0x101 }
D/dalvikvm( 1582): GC_CONCURRENT freed 681K, 67% free 2370K/6979K, paused 2ms+2ms

[  187.400700] IR: [03932] scan key value is 0xeb14c936 
[  187.400705]  D/dalvikvm( 1582): GC_CONCURRENT freed 635K, 66% free 2387K/6979K, paused 1ms+2ms
D/InputEventConsistencyVerifier( 1725): KeyEvent: ACTION_UP but key was not down.
D/InputEventConsistencyVerifier( 1725):   in com.android.internal.policy.impl.PhoneWindow$DecorView@414a9858
D/InputEventConsistencyVerifier( 1725):   0: sent at 187565000000, KeyEvent { action=ACTION_UP, keyCode=KEYCODE_DPAD_RIGHT, scanCode=106, metaState=0, flags=0x8, repeatCount=0, eventTime=187565, downTime=187406, deviceId=1, source=0x101 }
