D/NetUpdate( 2093): progressValue--->0
D/NetUpdate( 2093): mWriteSD--->true
D/NetUpdate( 2093): mBootCheckZipExist--->false
D/NetUpdate( 2093): progressValue--->0
D/NetUpdate( 2093): mWriteSD--->true
D/NetUpdate( 2093): mBootCheckZipExist--->false
D/NetUpdate( 2093): progressValue--->0
D/NetUpdate( 2093): mWriteSD--->true
D/NetUpdate( 2093): mBootCheckZipExist--->false
D/NetUpdate( 2093): progressValue--->0
D/NetUpdate( 2093): mWriteSD--->true
D/NetUpdate( 2093): mBootCheckZipExist--->false
D/HomePlayerLib(29217): hostaddress count is 2
D/dalvikvm(29217): GC_CONCURRENT freed 2041K, 46% free 7384K/13443K, paused 2ms+3ms
D/dalvikvm(29217): GC_CONCURRENT freed 2097K, 46% free 7334K/13443K, paused 2ms+3ms
D/NetUpdate( 2093): progressValue--->0
D/NetUpdate( 2093): mWriteSD--->true
D/NetUpdate( 2093): mBootCheckZipExist--->false
D/NetUpdate( 2093): progressValue--->0
D/NetUpdate( 2093): mWriteSD--->true
D/NetUpdate( 2093): mBootCheckZipExist--->false
D/dalvikvm(29217): GC_CONCURRENT freed 2048K, 45% free 7479K/13443K, paused 3ms+4ms
D/dalvikvm(29217): GC_CONCURRENT freed 2169K, 45% free 7471K/13443K, paused 2ms+3ms
D/NetUpdate( 2093): progressValue--->0
D/NetUpdate( 2093): mWriteSD--->true
D/NetUpdate( 2093): mBootCheckZipExist--->false
D/dalvikvm(29217): GC_CONCURRENT freed 2187K, 46% free 7286K/13443K, paused 2ms+4ms
D/NetUpdate( 2093): progressValue--->0
D/NetUpdate( 2093): mWriteSD--->true
D/NetUpdate( 2093): mBootCheckZipExist--->false
D/NetUpdate( 2093): progressValue--->0
D/NetUpdate( 2093): mWriteSD--->true
D/NetUpdate( 2093): mBootCheckZipExist--->false
D/NetUpdate( 2093): progressValue--->0
D/NetUpdate( 2093): mWriteSD--->true
D/NetUpdate( 2093): mBootCheckZipExist--->false
D/NetUpdate( 2093): progressValue--->0
D/NetUpdate( 2093): mWriteSD--->true
D/NetUpdate( 2093): mBootCheckZipExist--->false
D/NetUpdate( 2093): progressValue--->0
D/NetUpdate( 2093): mWriteSD--->true
D/NetUpdate( 2093): mBootCheckZipExist--->false
D/NetUpdate( 2093): progressValue--->0
D/NetUpdate( 2093): mWriteSD--->true
D/NetUpdate( 2093): mBootCheckZipExist--->false
D/NetUpdate( 2093): progressValue--->0
D/NetUpdate( 2093): mWriteSD--->true
D/NetUpdate( 2093): mBootCheckZipExist--->false
D/NetUpdate( 2093): progressValue--->0
D/NetUpdate( 2093): mWriteSD--->true
D/NetUpdate( 2093): mBootCheckZipExist--->false
D/dalvikvm(29217): GC_CONCURRENT freed 1995K, 47% free 7240K/13443K, paused 2ms+3ms
D/NetUpdate( 2093): progressValue--->0
D/NetUpdate( 2093): mWriteSD--->true
D/NetUpdate( 2093): mBootCheckZipExist--->false
D/NetUpdate( 2093): progressValue--->0
D/NetUpdate( 2093): mWriteSD--->true
D/NetUpdate( 2093): mBootCheckZipExist--->false
D/NetUpdate( 2093): progressValue--->0
D/NetUpdate( 2093): mWriteSD--->true
D/NetUpdate( 2093): mBootCheckZipExist--->false
D/dalvikvm(29217): GC_CONCURRENT freed 1943K, 46% free 7264K/13443K, paused 3ms+4ms
D/HomePlayerLib(29217): hostaddress count is 2
D/dalvikvm(29217): GC_CONCURRENT freed 1956K, 46% free 7366K/13443K, paused 2ms+3ms
D/NetUpdate( 2093): progressValue--->0
D/NetUpdate( 2093): mWriteSD--->true
D/NetUpdate( 2093): mBootCheckZipExist--->false
D/dalvikvm(29217): GC_CONCURRENT freed 2079K, 46% free 7332K/13443K, paused 2ms+3ms
D/dalvikvm(29217): GC_CONCURRENT freed 2025K, 44% free 7573K/13443K, paused 2ms+3ms
D/NetUpdate( 2093): progressValue--->0
D/NetUpdate( 2093): mWriteSD--->true
D/NetUpdate( 2093): mBootCheckZipExist--->false
D/NetUpdate( 2093): progressValue--->0
D/NetUpdate( 2093): mWriteSD--->true
D/NetUpdate( 2093): mBootCheckZipExist--->false
D/dalvikvm(29217): GC_CONCURRENT freed 2268K, 47% free 7230K/13443K, paused 2ms+3ms
D/NetUpdate( 2093): progressValue--->0
D/NetUpdate( 2093): mWriteSD--->true
D/NetUpdate( 2093): mBootCheckZipExist--->false
D/NetUpdate( 2093): progressValue--->0
D/NetUpdate( 2093): mWriteSD--->true
D/NetUpdate( 2093): mBootCheckZipExist--->false
D/NetUpdate( 2093): progressValue--->0
D/NetUpdate( 2093): mWriteSD--->true
D/NetUpdate( 2093): mBootCheckZipExist--->false
D/NetUpdate( 2093): progressValue--->0
D/NetUpdate( 2093): mWriteSD--->true
D/NetUpdate( 2093): mBootCheckZipExist--->false
D/NetUpdate( 2093): progressValue--->0
D/NetUpdate( 2093): mWriteSD--->true
D/NetUpdate( 2093): mBootCheckZipExist--->false
D/NetUpdate( 2093): progressValue--->0
D/NetUpdate( 2093): mWriteSD--->true
D/NetUpdate( 2093): mBootCheckZipExist--->false
D/NetUpdate( 2093): progressValue--->0
D/NetUpdate( 2093): mWriteSD--->true
D/NetUpdate( 2093): mBootCheckZipExist--->false
D/NetUpdate( 2093): progressValue--->0
D/NetUpdate( 2093): mWriteSD--->true
D/NetUpdate( 2093): mBootCheckZipExist--->false
D/dalvikvm(29217): GC_CONCURRENT freed 1944K, 47% free 7240K/13443K, paused 2ms+3ms
D/NetUpdate( 2093): progressValue--->0
D/NetUpdate( 2093): mWriteSD--->true
D/NetUpdate( 2093): mBootCheckZipExist--->false
D/NetUpdate( 2093): progressValue--->0
D/NetUpdate( 2093): mWriteSD--->true
D/NetUpdate( 2093): mBootCheckZipExist--->false
D/NetUpdate( 2093): progressValue--->0
D/NetUpdate( 2093): mWriteSD--->true
D/NetUpdate( 2093): mBootCheckZipExist--->false
D/NetUpdate( 2093): progressValue--->0
D/NetUpdate( 2093): mWriteSD--->true
D/NetUpdate( 2093): mBootCheckZipExist--->false
D/dalvikvm(29217): GC_CONCURRENT freed 2044K, 47% free 7243K/13443K, paused 2ms+3ms
D/HomePlayerLib(29217): hostaddress count is 2
D/dalvikvm(29217): GC_CONCURRENT freed 1923K, 45% free 7462K/13443K, paused 2ms+3ms
D/dalvikvm(29217): GC_CONCURRENT freed 2171K, 47% free 7241K/13443K, paused 2ms+3ms
D/NetUpdate( 2093): progressValue--->0
D/NetUpdate( 2093): mWriteSD--->true
D/NetUpdate( 2093): mBootCheckZipExist--->false
D/dalvikvm(29217): GC_CONCURRENT freed 1942K, 46% free 7342K/13443K, paused 3ms+3ms
D/NetUpdate( 2093): progressValue--->0
D/NetUpdate( 2093): mWriteSD--->true
D/NetUpdate( 2093): mBootCheckZipExist--->false
D/NetUpdate( 2093): progressValue--->0
D/NetUpdate( 2093): mWriteSD--->true
D/NetUpdate( 2093): mBootCheckZipExist--->false
D/NetUpdate( 2093): progressValue--->0
D/NetUpdate( 2093): mWriteSD--->true
D/NetUpdate( 2093): mBootCheckZipExist--->false
D/NetUpdate( 2093): progressValue--->0
D/NetUpdate( 2093): mWriteSD--->true
D/NetUpdate( 2093): mBootCheckZipExist--->false
D/dalvikvm(29217): GC_CONCURRENT freed 2057K, 46% free 7326K/13443K, paused 2ms+3ms
D/NetUpdate( 2093): progressValue--->0
D/NetUpdate( 2093): mWriteSD--->true
D/NetUpdate( 2093): mBootCheckZipExist--->false
D/dalvikvm(29217): GC_CONCURRENT freed 2033K, 47% free 7255K/13443K, paused 2ms+3ms
D/NetUpdate( 2093): progressValue--->0
D/NetUpdate( 2093): mWriteSD--->true
D/NetUpdate( 2093): mBootCheckZipExist--->false
D/NetUpdate( 2093): progressValue--->0
D/NetUpdate( 2093): mWriteSD--->true
D/NetUpdate( 2093): mBootCheckZipExist--->false
D/NetUpdate( 2093): progressValue--->0
D/NetUpdate( 2093): mWriteSD--->true
D/NetUpdate( 2093): mBootCheckZipExist--->false
D/dalvikvm(29217): GC_CONCURRENT freed 1977K, 47% free 7203K/13443K, paused 2ms+3ms
D/NetUpdate( 2093): progressValue--->0
D/NetUpdate( 2093): mWriteSD--->true
D/NetUpdate( 2093): mBootCheckZipExist--->false
D/NetUpdate( 2093): progressValue--->0
D/NetUpdate( 2093): mWriteSD--->true
D/NetUpdate( 2093): mBootCheckZipExist--->false
D/HomePlayerLib(29217): hostaddress count is 2
D/dalvikvm(29217): GC_CONCURRENT freed 1926K, 47% free 7236K/13443K, paused 3ms+4ms
D/NetUpdate( 2093): progressValue--->0
D/NetUpdate( 2093): mWriteSD--->true
D/NetUpdate( 2093): mBootCheckZipExist--->false
D/dalvikvm(29217): GC_CONCURRENT freed 1958K, 46% free 7332K/13443K, paused 2ms+3ms
D/dalvikvm(29217): GC_CONCURRENT freed 2028K, 47% free 7232K/13443K, paused 2ms+4ms
D/NetUpdate( 2093): progressValue--->0
D/NetUpdate( 2093): mWriteSD--->true
D/NetUpdate( 2093): mBootCheckZipExist--->false
D/dalvikvm(29217): GC_CONCURRENT freed 1949K, 47% free 7239K/13443K, paused 2ms+4ms
D/NetUpdate( 2093): progressValue--->0
D/NetUpdate( 2093): mWriteSD--->true
D/NetUpdate( 2093): mBootCheckZipExist--->false
D/NetUpdate( 2093): progressValue--->0
D/NetUpdate( 2093): mWriteSD--->true
D/NetUpdate( 2093): mBootCheckZipExist--->false
D/NetUpdate( 2093): progressValue--->0
D/NetUpdate( 2093): mWriteSD--->true
D/NetUpdate( 2093): mBootCheckZipExist--->false
D/NetUpdate( 2093): progressValue--->0
D/NetUpdate( 2093): mWriteSD--->true
D/NetUpdate( 2093): mBootCheckZipExist--->false
D/NetUpdate( 2093): progressValue--->0
D/NetUpdate( 2093): mWriteSD--->true
D/NetUpdate( 2093): mBootCheckZipExist--->false
D/NetUpdate( 2093): progressValue--->0
D/NetUpdate( 2093): mWriteSD--->true
D/NetUpdate( 2093): mBootCheckZipExist--->false
D/NetUpdate( 2093): progressValue--->0
D/NetUpdate( 2093): mWriteSD--->true
D/NetUpdate( 2093): mBootCheckZipExist--->false
D/NetUpdate( 2093): progressValue--->0
D/NetUpdate( 2093): mWriteSD--->true
D/NetUpdate( 2093): mBootCheckZipExist--->false
D/dalvikvm(29217): GC_CONCURRENT freed 1944K, 47% free 7229K/13443K, paused 2ms+4ms
D/NetUpdate( 2093): progressValue--->0
D/NetUpdate( 2093): mWriteSD--->true
D/NetUpdate( 2093): mBootCheckZipExist--->false
D/NetUpdate( 2093): progressValue--->0
D/NetUpdate( 2093): mWriteSD--->true
D/NetUpdate( 2093): mBootCheckZipExist--->false
D/NetUpdate( 2093): progressValue--->0
D/NetUpdate( 2093): mWriteSD--->true
D/NetUpdate( 2093): mBootCheckZipExist--->false
D/NetUpdate( 2093): progressValue--->0
D/NetUpdate( 2093): mWriteSD--->true
D/NetUpdate( 2093): mBootCheckZipExist--->false
D/dalvikvm(29217): GC_CONCURRENT freed 1963K, 46% free 7303K/13443K, paused 2ms+3ms
D/HomePlayerLib(29217): hostaddress count is 2
D/dalvikvm(29217): GC_CONCURRENT freed 2013K, 46% free 7338K/13443K, paused 2ms+3ms
D/dalvikvm(29217): GC_CONCURRENT freed 2039K, 46% free 7308K/13443K, paused 2ms+3ms
D/NetUpdate( 2093): progressValue--->0
D/NetUpdate( 2093): mWriteSD--->true
D/NetUpdate( 2093): mBootCheckZipExist--->false
D/dalvikvm(29217): GC_CONCURRENT freed 2021K, 46% free 7269K/13443K, paused 2ms+3ms
D/NetUpdate( 2093): progressValue--->0
D/NetUpdate( 2093): mWriteSD--->true
D/NetUpdate( 2093): mBootCheckZipExist--->false
D/NetUpdate( 2093): progressValue--->0
D/NetUpdate( 2093): mWriteSD--->true
D/NetUpdate( 2093): mBootCheckZipExist--->false
D/dalvikvm(29217): GC_CONCURRENT freed 1980K, 46% free 7337K/13443K, paused 2ms+3ms
D/NetUpdate( 2093): progressValue--->0
D/NetUpdate( 2093): mWriteSD--->true
D/NetUpdate( 2093): mBootCheckZipExist--->false
D/dalvikvm(29217): GC_CONCURRENT freed 2045K, 46% free 7269K/13443K, paused 3ms+4ms
D/NetUpdate( 2093): progressValue--->0
D/NetUpdate( 2093): mWriteSD--->true
D/NetUpdate( 2093): mBootCheckZipExist--->false
D/NetUpdate( 2093): progressValue--->0
D/NetUpdate( 2093): mWriteSD--->true
D/NetUpdate( 2093): mBootCheckZipExist--->false
D/NetUpdate( 2093): progressValue--->0
D/NetUpdate( 2093): mWriteSD--->true
D/NetUpdate( 2093): mBootCheckZipExist--->false
D/NetUpdate( 2093): progressValue--->0
D/NetUpdate( 2093): mWriteSD--->true
D/NetUpdate( 2093): mBootCheckZipExist--->false
D/NetUpdate( 2093): progressValue--->0
D/NetUpdate( 2093): mWriteSD--->true
D/NetUpdate( 2093): mBootCheckZipExist--->false
D/dalvikvm(29217): GC_CONCURRENT freed 1969K, 47% free 7224K/13443K, paused 2ms+3ms
D/NetUpdate( 2093): progressValue--->0
D/NetUpdate( 2093): mWriteSD--->true
D/NetUpdate( 2093): mBootCheckZipExist--->false
D/NetUpdate( 2093): progressValue--->0
D/NetUpdate( 2093): mWriteSD--->true
D/NetUpdate( 2093): mBootCheckZipExist--->false
D/NetUpdate( 2093): progressValue--->0
D/NetUpdate( 2093): mWriteSD--->true
D/NetUpdate( 2093): mBootCheckZipExist--->false
D/NetUpdate( 2093): progressValue--->0
D/NetUpdate( 2093): mWriteSD--->true
D/NetUpdate( 2093): mBootCheckZipExist--->false
D/HomePlayerLib(29217): hostaddress count is 2
D/dalvikvm(29217): GC_CONCURRENT freed 1948K, 46% free 7358K/13443K, paused 2ms+3ms
D/dalvikvm(29217): GC_CONCURRENT freed 2073K, 46% free 7322K/13443K, paused 2ms+3ms
D/dalvikvm(29217): GC_CONCURRENT freed 2033K, 46% free 7333K/13443K, paused 2ms+3ms
D/NetUpdate( 2093): progressValue--->0
D/NetUpdate( 2093): mWriteSD--->true
D/NetUpdate( 2093): mBootCheckZipExist--->false
D/dalvikvm(29217): GC_CONCURRENT freed 2026K, 45% free 7472K/13443K, paused 2ms+3ms
D/NetUpdate( 2093): progressValue--->0
D/NetUpdate( 2093): mWriteSD--->true
D/NetUpdate( 2093): mBootCheckZipExist--->false
D/NetUpdate( 2093): progressValue--->0
D/NetUpdate( 2093): mWriteSD--->true
D/NetUpdate( 2093): mBootCheckZipExist--->false
D/NetUpdate( 2093): progressValue--->0
D/NetUpdate( 2093): mWriteSD--->true
D/NetUpdate( 2093): mBootCheckZipExist--->false
D/NetUpdate( 2093): progressValue--->0
D/NetUpdate( 2093): mWriteSD--->true
D/NetUpdate( 2093): mBootCheckZipExist--->false
D/NetUpdate( 2093): progressValue--->0
D/NetUpdate( 2093): mWriteSD--->true
D/NetUpdate( 2093): mBootCheckZipExist--->false
D/NetUpdate( 2093): progressValue--->0
D/NetUpdate( 2093): mWriteSD--->true
D/NetUpdate( 2093): mBootCheckZipExist--->false
D/NetUpdate( 2093): progressValue--->0
D/NetUpdate( 2093): mWriteSD--->true
D/NetUpdate( 2093): mBootCheckZipExist--->false
D/NetUpdate( 2093): progressValue--->0
D/NetUpdate( 2093): mWriteSD--->true
D/NetUpdate( 2093): mBootCheckZipExist--->false
D/dalvikvm(29217): GC_CONCURRENT freed 2188K, 47% free 7211K/13443K, paused 2ms+3ms
D/NetUpdate( 2093): progressValue--->0
D/NetUpdate( 2093): mWriteSD--->true
D/NetUpdate( 2093): mBootCheckZipExist--->false
D/NetUpdate( 2093): progressValue--->0
D/NetUpdate( 2093): mWriteSD--->true
D/NetUpdate( 2093): mBootCheckZipExist--->false
D/NetUpdate( 2093): progressValue--->0
D/NetUpdate( 2093): mWriteSD--->true
D/NetUpdate( 2093): mBootCheckZipExist--->false
D/NetUpdate( 2093): progressValue--->0
D/NetUpdate( 2093): mWriteSD--->true
D/NetUpdate( 2093): mBootCheckZipExist--->false
D/dalvikvm(29217): GC_CONCURRENT freed 1929K, 46% free 7277K/13443K, paused 2ms+3ms
D/HomePlayerLib(29217): hostaddress count is 2
D/NetUpdate( 2093): progressValue--->0
D/NetUpdate( 2093): mWriteSD--->true
D/NetUpdate( 2093): mBootCheckZipExist--->false
D/dalvikvm(29217): GC_CONCURRENT freed 1998K, 45% free 7399K/13443K, paused 2ms+3ms
D/dalvikvm(29217): GC_CONCURRENT freed 2085K, 46% free 7361K/13443K, paused 2ms+4ms
D/dalvikvm(29217): GC_CONCURRENT freed 2060K, 46% free 7347K/13443K, paused 2ms+4ms
D/NetUpdate( 2093): progressValue--->0
D/NetUpdate( 2093): mWriteSD--->true
D/NetUpdate( 2093): mBootCheckZipExist--->false
D/dalvikvm(29217): GC_CONCURRENT freed 2056K, 46% free 7296K/13443K, paused 2ms+3ms
D/dalvikvm(29217): GC_CONCURRENT freed 2015K, 46% free 7324K/13443K, paused 2ms+3ms
D/NetUpdate( 2093): progressValue--->0
D/NetUpdate( 2093): mWriteSD--->true
D/NetUpdate( 2093): mBootCheckZipExist--->false
D/NetUpdate( 2093): progressValue--->0
D/NetUpdate( 2093): mWriteSD--->true
D/NetUpdate( 2093): mBootCheckZipExist--->false
D/NetUpdate( 2093): progressValue--->0
D/NetUpdate( 2093): mWriteSD--->true
D/NetUpdate( 2093): mBootCheckZipExist--->false
D/NetUpdate( 2093): progressValue--->0
D/NetUpdate( 2093): mWriteSD--->true
D/NetUpdate( 2093): mBootCheckZipExist--->false
D/NetUpdate( 2093): progressValue--->0
D/NetUpdate( 2093): mWriteSD--->true
D/NetUpdate( 2093): mBootCheckZipExist--->false
D/NetUpdate( 2093): progressValue--->0
D/NetUpdate( 2093): mWriteSD--->true
D/NetUpdate( 2093): mBootCheckZipExist--->false
D/dalvikvm(29217): GC_CONCURRENT freed 2036K, 46% free 7268K/13443K, paused 3ms+4ms
D/NetUpdate( 2093): progressValue--->0
D/NetUpdate( 2093): mWriteSD--->true
D/NetUpdate( 2093): mBootCheckZipExist--->false
D/NetUpdate( 2093): progressValue--->0
D/NetUpdate( 2093): mWriteSD--->true
D/NetUpdate( 2093): mBootCheckZipExist--->false
D/NetUpdate( 2093): progressValue--->0
D/NetUpdate( 2093): mWriteSD--->true
D/NetUpdate( 2093): mBootCheckZipExist--->false
D/NetUpdate( 2093): progressValue--->0
D/NetUpdate( 2093): mWriteSD--->true
D/NetUpdate( 2093): mBootCheckZipExist--->false
D/NetUpdate( 2093): progressValue--->0
D/NetUpdate( 2093): mWriteSD--->true
D/NetUpdate( 2093): mBootCheckZipExist--->false
D/WifiP2pService(  945): P2pDisabledState{ what=143363 when=-90ms arg1=2 }
D/WifiP2pService(  945): DefaultState{ what=143363 when=-90ms arg1=2 }
D/NetUpdate( 2093): progressValue--->0
D/NetUpdate( 2093): mWriteSD--->true
D/NetUpdate( 2093): mBootCheckZipExist--->false
D/HomePlayerLib(29217): hostaddress count is 2
D/dalvikvm(29217): GC_CONCURRENT freed 1973K, 47% free 7233K/13443K, paused 3ms+3ms
D/dalvikvm(29217): GC_CONCURRENT freed 1935K, 44% free 7566K/13443K, paused 2ms+4ms
D/NetUpdate( 2093): progressValue--->0
D/NetUpdate( 2093): mWriteSD--->true
D/NetUpdate( 2093): mBootCheckZipExist--->false
D/dalvikvm(29217): GC_CONCURRENT freed 2283K, 46% free 7270K/13443K, paused 2ms+3ms
D/NetUpdate( 2093): progressValue--->0
D/NetUpdate( 2093): mWriteSD--->true
D/NetUpdate( 2093): mBootCheckZipExist--->false
D/dalvikvm(29217): GC_CONCURRENT freed 1968K, 46% free 7350K/13443K, paused 2ms+3ms
D/NetUpdate( 2093): progressValue--->0
D/NetUpdate( 2093): mWriteSD--->true
D/NetUpdate( 2093): mBootCheckZipExist--->false
D/NetUpdate( 2093): progressValue--->0
D/NetUpdate( 2093): mWriteSD--->true
D/NetUpdate( 2093): mBootCheckZipExist--->false
D/NetUpdate( 2093): progressValue--->0
D/NetUpdate( 2093): mWriteSD--->true
D/NetUpdate( 2093): mBootCheckZipExist--->false
D/NetUpdate( 2093): progressValue--->0
D/NetUpdate( 2093): mWriteSD--->true
D/NetUpdate( 2093): mBootCheckZipExist--->false
D/NetUpdate( 2093): progressValue--->0
D/NetUpdate( 2093): mWriteSD--->true
D/NetUpdate( 2093): mBootCheckZipExist--->false
D/dalvikvm(29217): GC_CONCURRENT freed 2063K, 46% free 7321K/13443K, paused 3ms+3ms
D/NetUpdate( 2093): progressValue--->0
D/NetUpdate( 2093): mWriteSD--->true
D/NetUpdate( 2093): mBootCheckZipExist--->false
D/NetUpdate( 2093): progressValue--->0
D/NetUpdate( 2093): mWriteSD--->true
D/NetUpdate( 2093): mBootCheckZipExist--->false
D/NetUpdate( 2093): progressValue--->0
D/NetUpdate( 2093): mWriteSD--->true
D/NetUpdate( 2093): mBootCheckZipExist--->false
D/dalvikvm(29217): GC_CONCURRENT freed 2035K, 46% free 7321K/13443K, paused 3ms+3ms
D/dalvikvm(29217): GC_CONCURRENT freed 2022K, 47% free 7230K/13443K, paused 2ms+3ms
D/NetUpdate( 2093): progressValue--->0
D/NetUpdate( 2093): mWriteSD--->true
D/NetUpdate( 2093): mBootCheckZipExist--->false
D/NetUpdate( 2093): progressValue--->0
D/NetUpdate( 2093): mWriteSD--->true
D/NetUpdate( 2093): mBootCheckZipExist--->false
D/NetUpdate( 2093): progressValue--->0
D/NetUpdate( 2093): mWriteSD--->true
D/NetUpdate( 2093): mBootCheckZipExist--->false
D/HomePlayerLib(29217): hostaddress count is 2
D/NetUpdate( 2093): progressValue--->0
D/NetUpdate( 2093): mWriteSD--->true
D/NetUpdate( 2093): mBootCheckZipExist--->false
D/dalvikvm(29217): GC_CONCURRENT freed 1944K, 46% free 7326K/13443K, paused 2ms+3ms
D/dalvikvm(29217): GC_CONCURRENT freed 2001K, 45% free 7462K/13443K, paused 2ms+4ms
D/dalvikvm(29217): GC_CONCURRENT freed 2173K, 47% free 7258K/13443K, paused 3ms+4ms
D/NetUpdate( 2093): progressValue--->0
D/NetUpdate( 2093): mWriteSD--->true
D/NetUpdate( 2093): mBootCheckZipExist--->false
D/dalvikvm(29217): GC_CONCURRENT freed 1956K, 47% free 7231K/13443K, paused 2ms+3ms
D/NetUpdate( 2093): progressValue--->0
D/NetUpdate( 2093): mWriteSD--->true
D/NetUpdate( 2093): mBootCheckZipExist--->false
D/NetUpdate( 2093): progressValue--->0
D/NetUpdate( 2093): mWriteSD--->true
D/NetUpdate( 2093): mBootCheckZipExist--->false
D/NetUpdate( 2093): progressValue--->0
D/NetUpdate( 2093): mWriteSD--->true
D/NetUpdate( 2093): mBootCheckZipExist--->false
D/NetUpdate( 2093): progressValue--->0
D/NetUpdate( 2093): mWriteSD--->true
D/NetUpdate( 2093): mBootCheckZipExist--->false
D/dalvikvm(29217): GC_CONCURRENT freed 1941K, 46% free 7336K/13443K, paused 2ms+3ms
D/NetUpdate( 2093): progressValue--->0
D/NetUpdate( 2093): mWriteSD--->true
D/NetUpdate( 2093): mBootCheckZipExist--->false
D/NetUpdate( 2093): progressValue--->0
D/NetUpdate( 2093): mWriteSD--->true
D/NetUpdate( 2093): mBootCheckZipExist--->false
D/NetUpdate( 2093): progressValue--->0
D/NetUpdate( 2093): mWriteSD--->true
D/NetUpdate( 2093): mBootCheckZipExist--->false
D/NetUpdate( 2093): progressValue--->0
D/NetUpdate( 2093): mWriteSD--->true
D/NetUpdate( 2093): mBootCheckZipExist--->false
D/NetUpdate( 2093): progressValue--->0
D/NetUpdate( 2093): mWriteSD--->true
D/NetUpdate( 2093): mBootCheckZipExist--->false
D/NetUpdate( 2093): progressValue--->0
D/NetUpdate( 2093): mWriteSD--->true
D/NetUpdate( 2093): mBootCheckZipExist--->false
D/WifiP2pService(  945): P2pDisabledState{ what=143363 when=-19ms arg1=3 }
D/WifiP2pService(  945): DefaultState{ what=143363 when=-19ms arg1=3 }
I/dnsmasq (29414): DHCPDISCOVER(uap0) 00:90:4c:00:03:10 
I/dnsmasq (29414): DHCPOFFER(uap0) 192.168.43.73 00:90:4c:00:03:10 
I/dnsmasq (29414): DHCPREQUEST(uap0) 192.168.43.73 00:90:4c:00:03:10 
I/dnsmasq (29414): DHCPACK(uap0) 192.168.43.73 00:90:4c:00:03:10 android-5e7727c0f0309ee0
D/NetUpdate( 2093): progressValue--->0
D/NetUpdate( 2093): mWriteSD--->true
D/NetUpdate( 2093): mBootCheckZipExist--->false
D/HomePlayerLib(29217): hostaddress count is 2
D/NetUpdate( 2093): progressValue--->0
D/NetUpdate( 2093): mWriteSD--->true
D/NetUpdate( 2093): mBootCheckZipExist--->false
D/dalvikvm(29217): GC_CONCURRENT freed 2040K, 47% free 7244K/13443K, paused 3ms+3ms
D/dalvikvm(29217): GC_CONCURRENT freed 1959K, 47% free 7231K/13443K, paused 2ms+4ms
D/dalvikvm(29217): GC_CONCURRENT freed 1950K, 46% free 7328K/13443K, paused 2ms+4ms
D/NetUpdate( 2093): progressValue--->0
D/NetUpdate( 2093): mWriteSD--->true
D/NetUpdate( 2093): mBootCheckZipExist--->false
D/NetUpdate( 2093): progressValue--->0
D/NetUpdate( 2093): mWriteSD--->true
D/NetUpdate( 2093): mBootCheckZipExist--->false
D/dalvikvm(29217): GC_CONCURRENT freed 2044K, 46% free 7329K/13443K, paused 2ms+3ms
D/NetUpdate( 2093): progressValue--->0
D/NetUpdate( 2093): mWriteSD--->true
D/NetUpdate( 2093): mBootCheckZipExist--->false
D/NetUpdate( 2093): progressValue--->0
D/NetUpdate( 2093): mWriteSD--->true
D/NetUpdate( 2093): mBootCheckZipExist--->false
D/NetUpdate( 2093): progressValue--->0
D/NetUpdate( 2093): mWriteSD--->true
D/NetUpdate( 2093): mBootCheckZipExist--->false
D/NetUpdate( 2093): progressValue--->0
D/NetUpdate( 2093): mWriteSD--->true
D/NetUpdate( 2093): mBootCheckZipExist--->false
D/NetUpdate( 2093): progressValue--->0
D/NetUpdate( 2093): mWriteSD--->true
D/NetUpdate( 2093): mBootCheckZipExist--->false
D/dalvikvm(29217): GC_CONCURRENT freed 2026K, 47% free 7230K/13443K, paused 2ms+4ms
D/NetUpdate( 2093): progressValue--->0
D/NetUpdate( 2093): mWriteSD--->true
D/NetUpdate( 2093): mBootCheckZipExist--->false
D/dalvikvm(29217): GC_CONCURRENT freed 1939K, 46% free 7336K/13443K, paused 2ms+3ms
D/dalvikvm(29217): GC_CONCURRENT freed 2044K, 47% free 7227K/13443K, paused 2ms+3ms
D/NetUpdate( 2093): progressValue--->0
D/NetUpdate( 2093): mWriteSD--->true
D/NetUpdate( 2093): mBootCheckZipExist--->false
D/NetUpdate( 2093): progressValue--->0
D/NetUpdate( 2093): mWriteSD--->true
D/NetUpdate( 2093): mBootCheckZipExist--->false
D/NetUpdate( 2093): progressValue--->0
D/NetUpdate( 2093): mWriteSD--->true
D/NetUpdate( 2093): mBootCheckZipExist--->false
D/NetUpdate( 2093): progressValue--->0
D/NetUpdate( 2093): mWriteSD--->true
D/NetUpdate( 2093): mBootCheckZipExist--->false
D/NetUpdate( 2093): progressValue--->0
D/NetUpdate( 2093): mWriteSD--->true
D/NetUpdate( 2093): mBootCheckZipExist--->false
D/NetUpdate( 2093): progressValue--->0
D/NetUpdate( 2093): mWriteSD--->true
D/NetUpdate( 2093): mBootCheckZipExist--->false
D/HomePlayerLib(29217): hostaddress count is 2
D/dalvikvm(29217): GC_CONCURRENT freed 1950K, 47% free 7236K/13443K, paused 2ms+3ms
D/dalvikvm(29217): GC_CONCURRENT freed 1914K, 46% free 7378K/13443K, paused 2ms+4ms
D/NetUpdate( 2093): progressValue--->0
D/NetUpdate( 2093): mWriteSD--->true
D/NetUpdate( 2093): mBootCheckZipExist--->false
D/NetUpdate( 2093): progressValue--->0
D/NetUpdate( 2093): mWriteSD--->true
D/NetUpdate( 2093): mBootCheckZipExist--->false
D/dalvikvm(29217): GC_CONCURRENT freed 2084K, 46% free 7292K/13443K, paused 2ms+4ms
D/dalvikvm(29217): GC_CONCURRENT freed 2008K, 47% free 7214K/13443K, paused 2ms+3ms
D/NetUpdate( 2093): progressValue--->0
D/NetUpdate( 2093): mWriteSD--->true
D/NetUpdate( 2093): mBootCheckZipExist--->false
D/NetUpdate( 2093): progressValue--->0
D/NetUpdate( 2093): mWriteSD--->true
D/NetUpdate( 2093): mBootCheckZipExist--->false
D/NetUpdate( 2093): progressValue--->0
D/NetUpdate( 2093): mWriteSD--->true
D/NetUpdate( 2093): mBootCheckZipExist--->false
D/NetUpdate( 2093): progressValue--->0
D/NetUpdate( 2093): mWriteSD--->true
D/NetUpdate( 2093): mBootCheckZipExist--->false
D/NetUpdate( 2093): progressValue--->0
D/NetUpdate( 2093): mWriteSD--->true
D/NetUpdate( 2093): mBootCheckZipExist--->false
D/dalvikvm(29217): GC_CONCURRENT freed 1927K, 46% free 7331K/13443K, paused 2ms+3ms
D/NetUpdate( 2093): progressValue--->0
D/NetUpdate( 2093): mWriteSD--->true
D/NetUpdate( 2093): mBootCheckZipExist--->false
D/NetUpdate( 2093): progressValue--->0
D/NetUpdate( 2093): mWriteSD--->true
D/NetUpdate( 2093): mBootCheckZipExist--->false
D/NetUpdate( 2093): progressValue--->0
D/NetUpdate( 2093): mWriteSD--->true
D/NetUpdate( 2093): mBootCheckZipExist--->false
D/NetUpdate( 2093): progressValue--->0
D/NetUpdate( 2093): mWriteSD--->true
D/NetUpdate( 2093): mBootCheckZipExist--->false
D/NetUpdate( 2093): progressValue--->0
D/NetUpdate( 2093): mWriteSD--->true
D/NetUpdate( 2093): mBootCheckZipExist--->false
D/NetUpdate( 2093): progressValue--->0
D/NetUpdate( 2093): mWriteSD--->true
D/NetUpdate( 2093): mBootCheckZipExist--->false
D/NetUpdate( 2093): progressValue--->0
D/NetUpdate( 2093): mWriteSD--->true
D/NetUpdate( 2093): mBootCheckZipExist--->false
D/NetUpdate( 2093): progressValue--->0
D/NetUpdate( 2093): mWriteSD--->true
D/NetUpdate( 2093): mBootCheckZipExist--->false
D/HomePlayerLib(29217): hostaddress count is 2
D/dalvikvm(29217): GC_CONCURRENT freed 2054K, 46% free 7322K/13443K, paused 2ms+3ms
D/dalvikvm(29217): GC_CONCURRENT freed 2032K, 46% free 7337K/13443K, paused 2ms+3ms
D/NetUpdate( 2093): progressValue--->0
D/NetUpdate( 2093): mWriteSD--->true
D/NetUpdate( 2093): mBootCheckZipExist--->false
D/dalvikvm(29217): GC_CONCURRENT freed 2054K, 46% free 7387K/13443K, paused 4ms+4ms
D/NetUpdate( 2093): progressValue--->0
D/NetUpdate( 2093): mWriteSD--->true
D/NetUpdate( 2093): mBootCheckZipExist--->false
D/dalvikvm(29217): GC_CONCURRENT freed 2096K, 46% free 7273K/13443K, paused 2ms+3ms
D/NetUpdate( 2093): progressValue--->0
D/NetUpdate( 2093): mWriteSD--->true
D/NetUpdate( 2093): mBootCheckZipExist--->false
D/NetUpdate( 2093): progressValue--->0
D/NetUpdate( 2093): mWriteSD--->true
D/NetUpdate( 2093): mBootCheckZipExist--->false
D/dalvikvm(29217): GC_CONCURRENT freed 1982K, 47% free 7213K/13443K, paused 3ms+4ms
D/dalvikvm(29217): GC_CONCURRENT freed 1930K, 47% free 7211K/13443K, paused 2ms+3ms
D/NetUpdate( 2093): progressValue--->0
D/NetUpdate( 2093): mWriteSD--->true
D/NetUpdate( 2093): mBootCheckZipExist--->false
D/NetUpdate( 2093): progressValue--->0
D/NetUpdate( 2093): mWriteSD--->true
D/NetUpdate( 2093): mBootCheckZipExist--->false
D/dalvikvm(29217): GC_CONCURRENT freed 1925K, 46% free 7331K/13443K, paused 3ms+3ms
D/NetUpdate( 2093): progressValue--->0
D/NetUpdate( 2093): mWriteSD--->true
D/NetUpdate( 2093): mBootCheckZipExist--->false
I/MonitorCw880( 5694): SystemPropertiesClass:class android.os.Sy[156542.390586] [SD_CTL_TASK] send msg to IMAN: msgid=0x511. ret = 0
stemProperties
W/MonitorCw880( 5694): ~~~~~~~~~~~~~~~~~~~~~~method:public static java.lang.String android.os.Sy[156542.407069] CW880 :rtsk=0x17, stsk=0x15,msgid=0x512,msglen=4
stemProperties.get(java.lang.Str[156542.414660] [SD_CTL_TASK] send msg to IMAN: msgid=0x150a. ret = 0
ing,java.lang.St[156542.423149] CW880 :rtsk=0x17, stsk=0x15,msgid=0x150b,msglen=4
ring)
W/Monitor[156542.430617] Dest_ip=0xc0a82b49,TS_port=1234
Cw880( 5694): ge[156542.435213] CW880 API set ts info  ip is  192.168.43.73
tProperties persist.sys.resoluti[156542.443547] [SD_CTL_TASK] send msg to IMAN: msgid=0x503. ret = 0
on return value:0
D/MonitorCw880( 5694): getProperties -> persi[156542.455083] CW880 :rtsk=0x17, stsk=0x15,msgid=0x504,msglen=24
st.sys.resolutio[156542.462844] [SD_CTL_TASK] send msg to IMAN: msgid=0x1503. ret = 0
n=0
I/MonitorCw[156542.471089] CW880 :rtsk=0x17, stsk=0x15,msgid=0x1516,msglen=4
880( 5694): ====[156542.477584] [SD_CTL_TASK] send msg to IMAN: msgid=0x508. ret = 0
mDisplaymode = 0
D/MonitorCw880[156542.487083] CW880 :rtsk=0x17, stsk=0x15,msgid=0x1505,msglen=4
( 5694): handleHandshake() -> recevice action=handshake
I/MonitorCw880( 5694): SystemPropertiesClass:class android.os.SystemProperties
W/MonitorCw880( 5694): ~~~~~~~~~~~~~~~~~~~~~~method:public static java.lang.String android.os.SystemProperties.get(java.lang.String,java.lang.String)
W/MonitorCw880( 5694): getProperties sys.cw880.ready return value:true
W/WimoApp ( 5694): Q to be created is for module index:23,pid=5694
W/WimoApp ( 5694): Q_Addr is:0x1001701
W/WimoApp ( 5694): 
W/WimoApp ( 5694):  [U_MSGQ]create msgq for module(id=23) succeed!
W/WimoApp ( 5694): 
W/WimoApp ( 5694):  [WIM_M]send MODULE_HEART_BEAT_CHECK toMODULE(21) succeed!
W/WimoApp ( 5694): 
W/WimoApp ( 5694):  [APK]Received MODULE_HEART_BEAT_REPLY msg!
D/MonitorCw880( 5694): handleHandshake() -> Cw880BootState is cw880_reboot_completed
W/WimoApp ( 5694): Q to be created is for module index:23,pid=5694
W/WimoApp ( 5694): Q_Addr is:0x1001701
W/WimoApp ( 5694): 
W/WimoApp ( 5694):  [U_MSGQ]create msgq for module(id=23) succeed!
W/WimoApp ( 5694): 
W/WimoApp ( 5694):  [WIM_M]send IMAN_STREAM_GOING_CHECK toMODULE(21) succeed!
W/WimoApp ( 5694): 
W/WimoApp ( 5694):  [APK]Received IMAN_STREAM_GOING_REPLY msg!
W/WimoApp ( 5694): 
W/WimoApp ( 5694):  [APK]Received IMAN_STREAM_GOING_REPLY failed!
D/Cw880jni( 5694): [com_coship_chuanping_SetCw880CommunicateType, 139] type = 0
W/WimoApp ( 5694): Q to be created is for module index:23,pid=5694
W/WimoApp ( 5694): Q_Addr is:0x1001701
W/WimoApp ( 5694): 
W/WimoApp ( 5694):  [U_MSGQ]create msgq for module(id=23) succeed!
W/WimoApp ( 5694): 
W/WimoApp ( 5694):  [WIM_M]send TS_INFOR_MSG toMODULE(18) succeed!
W/WimoApp ( 5694): 
W/WimoApp ( 5694):  [APK]Received WIMO_AP_SET_COMMUNICATE_TYPE_REPLY msg!
D/Cw880jni( 5694): [com_coship_chuanping_SetCw880CommunicateType, 146] set communicate type 0 success !
W/MonitorCw880( 5694): setCw880CommunicateType()=0, return=6
V/Cw880jni( 5694): =native ip = 192.168.43.73
V/Cw880jni( 5694): [192]====currentip = c0000000
V/Cw880jni( 5694): [196]====currentip = c0a80000
V/Cw880jni( 5694): [200]====currentip = c0a82b00
V/Cw880jni( 5694): [209]==tempip=73==retIP=c0a82b49
V/Cw880jni( 5694): [225]===socketip=c0a82b49
W/WimoApp ( 5694): Q to be created is for module index:23,pid=5694
W/WimoApp ( 5694): Q_Addr is:0x1001701
W/WimoApp ( 5694): 
W/WimoApp ( 5694):  [U_MSGQ]create msgq for module(id=23) succeed!
W/WimoApp ( 5694): 
W/WimoApp ( 5694):  [WIM_M]send TS_INFOR_MSG toMODULE(18) succeed!
W/WimoApp ( 5694): 
W/WimoApp ( 5694):  [APK]Received WIMO_AP_TS_DEST_INFOR_REPLY msg!
V/Cw880jni( 5694): [229]===cw_api_set_tsinfo back = 0
V/Cw880jni( 5694): ==========mode = 0
V/Cw880jni( 5694): ==========bandwidth = 4
V/Cw880jni( 5694): [240]===set 1080p displaymode 
W/WimoApp ( 5694): Q to be created is for module index:23,pid=5694
W/WimoApp ( 5694): Q_Addr is:0x1001701
W/WimoApp ( 5694): 
W/WimoApp ( 5694):  [U_MSGQ]create msgq for module(id=23) succeed!
W/WimoApp ( 5694): 
W/WimoApp ( 5694):  [WIMO_T]Input Resolution:Rel.width=1920, Rel.height=1080
W/WimoApp ( 5694): 
W/WimoApp ( 5694):  [WIMO_T]Resolution Change Request as:Rel.width=1280, Rel.height=720,Actual.fps=30
W/WimoApp ( 5694): 
W/WimoApp ( 5694):  [WIM_M]send WIMO_AP_RESOL_CHNG_REQ toMODULE(21) succeed!
W/WimoApp ( 5694): 
W/WimoApp ( 5694):  [APK]Received WIMO_AP_RESOL_CHNG_REPLY msg!
W/WimoApp ( 5694): 
W/WimoApp ( 5694):  [APK]bandwidth required is 4M
W/WimoApp ( 5694): Q to be created is for module index:23,pid=5694
W/WimoApp ( 5694): Q_Addr is:0x1001701
W/WimoApp ( 5694): 
W/WimoApp ( 5694):  [U_MSGQ]create msgq for module(id=23) succeed!
W/WimoApp ( 5694): 
W/WimoApp ( 5694):  [WIM_M]send TS_BAND_WIDTH_ADJUST toMODULE(21) succeed!
W/WimoApp ( 5694): 
W/WimoApp ( 5694):  [APK]Received IMAN_COMMAND_COMPLETE_EPLY msg!
V/Cw880jni( 5694): [264]====cw_api_set_ts_bandwidth back = 0
W/WimoApp ( 5694): Q to be created is for module index:23,pid=5694
W/WimoApp ( 5694): Q_Addr is:0x1001701
W/WimoApp ( 5694): 
W/WimoApp ( 5694):  [U_MSGQ]create msgq for module(id=23) succeed!
W/WimoApp ( 5694): 
W/WimoApp ( 5694):  [WIM_M]send IMAN_STREAM_OUTPUT_START toMODULE(21) succeed!
W/WimoApp ( 5694): 
W/WimoApp ( 5694):  [APK]Received IMAN_STREAM_OUTPUT_START msg!
V/Cw880jni( 5694): [266]===cw_api_stream_start back =0
V/Cw880jni( 5694): [272]====yes cw880 set success 
W/MonitorCw880( 5694): StartCw880() -> result=6
D/MonitorCw880( 5694): handleHandshake() -> easybusMsgOld is empty,new object.
D/MonitorCw880( 5694): =========will to handle request=handshake
D/MonitorCw880( 5694): return action=handshake result= success
D/MonitorCw880( 5694):  send result -> 192.168.43.73:47588 msgType= easyscreen, msgData=action=handshake&result=success&playurl=udp://192.168.43.73:1234&video=null&audio=null&protocol=udp&transfermode=unicast&streamformat=ts&resolution=1080p&videobitrate=1536&version=1
I/MonitorCw880( 5694): SystemPropertiesClass:class android.os.SystemProperties
W/MonitorCw880( 5694): ~~~~~~~~~~~~~~~~~~~~~~method:public static java.lang.String android.os.SystemProperties.get(java.lang.String,java.lang.String)
W/MonitorCw880( 5694): getProperties persist.sys.resolution return value:0
D/MonitorCw880( 5694): getProperties -> persist.sys.resolution=0
I/MonitorCw880( 5694): ====mDisplaymode = 0
D/MonitorCw880( 5694): handleStart() -> recevice action=start
I/MonitorCw880( 5694): SystemPropertiesClass:class android.os.SystemProperties
W/MonitorCw880( 5694): ~~~~~~~~~~~~~~~~~~~~~~method:public static java.lang.String android.os.SystemProperties.get(java.lang.String,java.lang.String)
W/MonitorCw880( 5694): getProperties sys.cw880.ready return value:true
D/MonitorCw880( 5694): =========will to handle request=start
D/MonitorCw880( 5694): return action=start result= success
D/MonitorCw880( 5694):  send result -> 192.168.43.73:47588 msgType= easyscreen, msgData=action=start&result=success
D/NetUpdate( 2093): progressValue--->0
D/NetUpdate( 2093): mWriteSD--->true
D/NetUpdate( 2093): mBootCheckZipExist--->false
D/MonitorCw880( 5694): counter=7 && isHeartbeatTimeout=false
D/NetUpdate( 2093): progressValue--->0
D/NetUpdate( 2093): mWriteSD--->true
D/NetUpdate( 2093): mBootCheckZipExist--->false
D/NetUpdate( 2093): progressValue--->0
D/NetUpdate( 2093): mWriteSD--->true
D/NetUpdate( 2093): mBootCheckZipExist--->false
D/InputEventConsistencyVerifier( 2093): KeyEvent: ACTION_UP but key was not down.
D/InputEventConsistencyVerifier( 2093):   in com.android.internal.policy.impl.PhoneWindow$DecorView@4303f918
D/InputEventConsistencyVerifier( 2093):   0: sent at 156544750000000, KeyEvent { action=ACTION_UP, keyCode=KEYCODE_BACK, scanCode=4, metaState=0, flags=0x8, repeatCount=0, eventTime=156544750, downTime=156544750, deviceId=2, source=0x301 }
D/InputEventConsistencyVerifier( 2093):   -- recent events --
D/InputEventConsistencyVerifier( 2093):   1: sent at 156312100000000, KeyEvent { action=ACTION_UP, keyCode=KEYCODE_ENTER, scanCode=28, metaState=0, flags=0x8, repeatCount=0, eventTime=156312100, downTime=156311887, deviceId=1, source=0x101 }
D/InputEventConsistencyVerifier( 2093):   2: sent at 156311887000000, KeyEvent { action=ACTION_DOWN, keyCode=KEYCODE_ENTER, scanCode=28, metaState=0, flags=0x8, repeatCount=0, eventTime=156311887, downTime=156311887, deviceId=1, source=0x101 }
D/InputEventConsistencyVerifier( 2093):   3: sent at 156311624000000, (unhandled) KeyEvent { action=ACTION_UP, keyCode=KEYCODE_DPAD_RIGHT, scanCode=106, metaState=0, flags=0x80000008, repeatCount=0, eventTime=156311624, downTime=156311411, deviceId=1, source=0x101 }
D/InputEventConsistencyVerifier( 2093):   4: sent at 156311060000000, KeyEvent { action=ACTION_UP, keyCode=KEYCODE_ENTER, scanCode=28, metaState=0, flags=0x8, repeatCount=0, eventTime=156311060, downTime=156310846, deviceId=1, source=0x101 }
D/InputEventConsistencyVerifier( 2093):   5: sent at 156310846000000, KeyEvent { action=ACTION_DOWN, keyCode=KEYCODE_ENTER, scanCode=28, metaState=0, flags=0x8, repeatCount=0, eventTime=156310846, downTime=156310846, deviceId=1, source=0x101 }
D/MonitorCw880( 5694): counter=9 && isHeartbeatTimeout=false
D/NetUpdate( 2093): progressValue--->0
D/NetUpdate( 2093): mWriteSD--->true
D/NetUpdate( 2093): mBootCheckZipExist--->false
D/NetUpdate( 2093): progressValue--->0
D/NetUpdate( 2093): mWriteSD--->true
D/NetUpdate( 2093): mBootCheckZipExist--->false
D/HomePlayerLib(29217): hostaddress count is 2
D/dalvikvm(29217): GC_CONCURRENT freed 2052K, 47% free 7250K/13443K, paused 2ms+3ms
D/MonitorCw880( 5694): counter=11 && isHeartbeatTimeout=false
D/NetUpdate( 2093): progressValue--->0
D/NetUpdate( 2093): mWriteSD--->true
D/NetUpdate( 2093): mBootCheckZipExist--->false
D/dalvikvm(29217): GC_CONCURRENT freed 1971K, 47% free 7255K/13443K, paused 3ms+3ms
D/dalvikvm(29217): GC_CONCURRENT freed 1965K, 46% free 7331K/13443K, paused 3ms+3ms
I/MonitorCw880( 5694): SystemPro[156548.549545] [SD_CTL_TASK] send msg to IMAN: msgid=0x513. ret = 0
pertiesClass:class android.os.SystemProperties
[156548.559156] CW880 :rtsk=0x17, stsk=0x15,msgid=0x1509,msglen=4
W/MonitorCw880( 5694): ~~~~~~~~~~~~~~~~~~~~~~method:public static java.lang.String android.os.SystemProperties.get(java.lang.String,java.lang.String)
W/MonitorCw880( 5694): getProperties persist.sys.resolution return value:0
D/MonitorCw880( 5694): getProperties -> persist.sys.resolution=0
I/MonitorCw880( 5694): ====mDisplaymode = 0
D/MonitorCw880( 5694): handleStop() -> recevice action=stop
W/WimoApp ( 5694): Q to be created is for module index:23,pid=5694
W/WimoApp ( 5694): Q_Addr is:0x1001701
W/WimoApp ( 5694): 
W/WimoApp ( 5694):  [U_MSGQ]create msgq for module(id=23) succeed!
W/WimoApp ( 5694): 
W/WimoApp ( 5694):  [WIM_M]send AP_MODULE_EXIT toMODULE(21) succeed!
W/WimoApp ( 5694): 
W/WimoApp ( 5694):  [APK]Received IMAN_STREAM_STOPED msg!
V/Cw880jni( 5694): [419]===cw_api_stream_stop back = 0 
W/MonitorCw880( 5694): action=Stop result=7,currentRemoteHost=null mip=192.168.43.73
D/MonitorCw880( 5694): =========will to handle request=stop
D/MonitorCw880( 5694): return action=stop result= success
D/MonitorCw880( 5694):  send result -> 192.168.43.73:47588 msgType= easyscreen, msgData=action=stop&result=success
D/NetUpdate( 2093): progressValue--->0
D/NetUpdate( 2093): mWriteSD--->true
D/NetUpdate( 2093): mBootCheckZipExist--->false
D/dalvikvm(29217): GC_CONCURRENT freed 2044K, 47% free 7231K/13443K, paused 3ms+4ms
D/NetUpdate( 2093): progressValue--->0
D/NetUpdate( 2093): mWriteSD--->true
D/NetUpdate( 2093): mBootCheckZipExist--->false
D/NetUpdate( 2093): progressValue--->0
D/NetUpdate( 2093): mWriteSD--->true
D/NetUpdate( 2093): mBootCheckZipExist--->false
D/NetUpdate( 2093): progressValue--->0
D/NetUpdate( 2093): mWriteSD--->true
D/NetUpdate( 2093): mBootCheckZipExist--->false
D/dalvikvm(29217): GC_CONCURRENT freed 1933K, 46% free 7310K/13443K, paused 2ms+3ms
D/NetUpdate( 2093): progressValue--->0
D/NetUpdate( 2093): mWriteSD--->true
D/NetUpdate( 2093): mBootCheckZipExist--->false
D/NetUpdate( 2093): progressValue--->0
D/NetUpdate( 2093): mWriteSD--->true
D/NetUpdate( 2093): mBootCheckZipExist--->false
D/NetUpdate( 2093): progressValue--->0
D/NetUpdate( 2093): mWriteSD--->true
D/NetUpdate( 2093): mBootCheckZipExist--->false
D/NetUpdate( 2093): progressValue--->0
D/NetUpdate( 2093): mWriteSD--->true
D/NetUpdate( 2093): mBootCheckZipExist--->false
D/NetUpdate( 2093): progressValue--->0
D/NetUpdate( 2093): mWriteSD--->true
D/NetUpdate( 2093): mBootCheckZipExist--->false
D/NetUpdate( 2093): progressValue--->0
D/NetUpdate( 2093): mWriteSD--->true
D/NetUpdate( 2093): mBootCheckZipExist--->false
D/MiracastControl( 1620): receive addr: 192.168.43.73:58121 msgType: easysetting msgData: action=setnetwork&type=p2p&name=Android_5e77&mac=02:90:4c:00:03:10&state=on
D/MiracastControl( 1620): send addr: 192.168.43.73:58121 msgType: easysetting msgData: state=on&action=setnetwork&result=success&mac=a6:a8:20:13:03:6e&type=p2p&name=tc123
D/WifiStateMachine(  945): gary test mWifiApState = 10
D/WifiApSetting( 2093): handleWifiApStateChanged
D/WifiApSetting( 2093): WIFI_AP_STATE_DISABLING
D/CommandListener(  739): Setting iface cfg
D/NetworkManagementService(  945): rsp <213 a4:a8:20:13:03:6e 192.168.43.1 24 [up broadcast running multicast]>
D/NetworkManagementService(  945): flags <[up broadcast running multicast]>
D/CommandListener(  739): Trying to bring up uap0
D/CommandListener(  739): broadcast flag ignored
V/EthernetMonitor(  945): get event 
V/EthernetMonitor(  945): go poll events
I/BootCompletedReceiver(29217): [onReceive] Action??android.net.wifi.WIFI_AP_STATE_CHANGED
V/BootCompletedReceiver(29217): ++++mWifiApState++++10
E/WifiApStateMachine(  945): Error resetting interface uap0, :java.lang.IllegalStateException: Unable to communicate with native daemon to interface setcfg - com.android.server.NativeDaemonConnectorException: Cmd {interface setcfg uap0 0.0.0.0 0 [up broadcast running multicast]} failed with code 501 : {Flag unsupported}
D/Tethering(  945): Untethering uap0
D/Tethering(  945): TetheredState.processMessage what=3
D/MiracastControl( 1620): enableWifiP2PMode mIsWifiStaPreEnable:false mIsWifiApPreEnable:true
D/WifiP2pService(  945): P2pDisabledState{ what=139265 when=0 }
D/WifiP2pService(  945): wait for wifi sta and softap disabled!!
W/GpsLocationProvider(  945): Failed to enable location provider
D/Tethering(  945): Untethered uap0
D/Tethering(  945): sendTetherStateChangedBroadcast 1, 0, 0
D/SoftapController(  739): Stopping Softap service
W/hostapd (29412): uap0: Could not connect to kernel driver
D/Tethering(  945): TetherModeAliveState.processMessage what=2
W/NetworkStats(  945): dropping UID delta from unknown iface: iface=uap0 uid=0 set=DEFAULT tag=0x0 rxBytes=58474 rxPackets=619 txBytes=1803615 txPackets=1381 operations=0
W/NetworkStats(  945): dropping UID delta from unknown iface: iface=uap0 uid=1000 set=FOREGROUND tag=0x0 rxBytes=65760 rxPackets=190 txBytes=68660 txPackets=200 operations=0
V/EthernetMonitor(  945): get event 
V/EthernetMonitor(  945): go poll events
V/EthernetMonitor(  945): get event 
V/EthernetMonitor(  945): go poll events
D/SoftapController(  739): Softap service stopped: 0
D/NetUpdate( 2093): progressValue--->0
D/NetUpdate( 2093): mWriteSD--->true
D/NetUpdate( 2093): mBootCheckZipExist--->false
D/TetherController(  739): Stopping tethering services
I/dnsmasq (29414): exiting on receipt of SIGTERM
D/TetherController(  739): Tethering services stopped
D/SoftapController(  739): Softap driver stop: 0
D/TetherController(  739): Setting IP forward enable = 0
D/Tethering(  945): notifying tethered with iface =null
E/WifiHW  (  739): wifi_change_fw_path: STA
D/SoftapController(  739): Softap fwReload - Ok
D/Tethering(  945): InitialState.processMessage what=4
D/Tethering(  945): sendTetherStateChangedBroadcast 0, 0, 0
D/WifiApStateMachine(  945): isDriverShouldRemove = true
D/WifiStateMachine(  945): gary test mWifiApState = 11
D/WifiApSetting( 2093): handleWifiApStateChanged
D/WifiApSetting( 2093): WIFI_AP_STATE_DISABLED
I/BootCompletedReceiver(29217): [onReceive] Action??android.net.wifi.WIFI_AP_STATE_CHANGED
V/BootCompletedReceiver(29217): ++++mWifiApState++++11
D/WifiP2pService(  945): wifi sta and softap disable!!
D/WifiP2pManager( 1620): Ignored { what=139267 when=0 }
D/WifiApStateMachine(  945): wifip2pservice p2p_enable_proceed
E/MiracastControl( 1620):  discover fail 2
D/WifiP2pService(  945): WaitForWifiDisableState
D/WifiP2pService(  945): WaitForWifiDisableState{ what=139271 when=-1s0ms arg2=21 }
D/WifiP2pService(  945): P2pDisabledState{ what=139271 when=-1s2ms arg2=21 }
D/WifiP2pService(  945): DefaultState{ what=139271 when=-1s2ms arg2=21 }
D/WifiP2pService(  945): WaitForWifiDisableState{ what=331908 when=-1ms }
E/WifiHW  (  739): wifi_change_fw_path: P2P
E/WifiHW  (  739): get_wifi_device_num is 1
D/WifiHW  (  739): wifi_driver has loaded!
D/SoftapController(  739): Softap fwReload - Ok
D/NetworkManagementService(  945): rsp <213 a6:a8:20:13:03:6e 0.0.0.0 0 [down broadcast multicast]>
D/Co[156557.559240] ADDRCONF(NETDEV_UP): wfd0: link is not ready
mmandListener(  739): Setting iface cfg
D/CommandListener(  739): Trying to bring down wfd0
D/NetworkManagementService(  945): flags <[down broadcast multicast]>
D/CommandListener(  739): broadcast flag ignored
D/CommandListener(  739): multicast flag ignored
D/WifiHW  (  945): config_file = /data/misc/wifi/p2p_supplicant.conf
D/WifiHW  (  945): ctl.start daemon_cmd = mrl_supplicant:-iwfd0 -c/data/misc/wifi/p2p_supplicant.conf
D/dalvikvm(  945): GC_CONCURRENT freed 1002K, 56% free 4849K/10947K, pause[156557.608161] Can not set data rate in disconnected state
d 3ms+6ms
I/wpa_supplicant(29450): rfkill: Cannot open RFKILL control device
D/WifiP2pService(  945): P2pEnablingState
V/EthernetMonitor(  945): get event 
V/EthernetMonitor(  945): go poll events
D/WifiP2pService(  945): P2pEnablingState{ what=147457 when=-1ms }
D/WifiP2pService(  945): P2p start successful
I/TabletStatusBar( 1155): receiver broadcast
I/TabletStatusBar( 1155): the p2pdevices is null or UNAVAILABLE
D/MiracastControl( 1620): android.net.wifi.p2p.STATE_CHANGED
D/WifiDirectSetting( 2093): ----------------WIFI_P2P_STATE_CHANGED_ACTION
D/WifiDirectSetting( 2093): handleP2pStateChanged
D/WifiDirectSetting( 2093): WIFI_P2P_STATE_ENABLED
D/WifiP2pService(  945): P2pEnabledState
I/TabletStatusBar( 1155): receiver broadcast
I/TabletStatusBar( 1155): the p2pdevices status is :3
D/MiracastControl( 1620): android.net.wifi.p2p.THIS_DEVICE_CHANGED
D/MiracastControl( 1620): P2p This Device Name is : tc123
D/WifiDirectSetting( 2093): --------------WIFI_P2P_THIS_DEVICE_CHANGED_ACTION
D/WifiDirectSetting( 2093): ------------mThisDevice.String()Device: tc123
D/WifiDirectSetting( 2093):  deviceAddress: a6:a8:20:13:03:6e
D/WifiDirectSetting( 2093):  primary type: 10-0050F204-5
D/WifiDirectSetting( 2093):  secondary type: null
D/WifiDirectSetting( 2093):  wps: 0
D/WifiDirectSetting( 2093):  grpcapab: 0
D/WifiDirectSetting( 2093):  devcapab: 0
D/WifiDirectSetting( 2093):  status: 3
D/WifiDirectSetting( 2093):  wfdInfo: WFD enabled: trueWFD DeviceInfo: 17
D/WifiDirectSetting( 2093):  WFD CtrlPort: 554
D/WifiDirectSetting( 2093):  WFD MaxThroughput: 14
D/MiracastControl( 1620): current:3 pre:3
D/WifiP2pService(  945): DeviceAddress: a6:a8:20:13:03:6e
D/MiracastControl( 1620): android.net.wifi.p2p.THIS_DEVICE_CHANGED
D/MiracastControl( 1620): P2p This Device Name is : tc123
D/MiracastControl( 1620): current:3 pre:3
D/WifiDirectSetting( 2093): --------------WIFI_P2P_THIS_DEVICE_CHANGED_ACTION
I/TabletStatusBar( 1155): receiver broadcast
D/WifiDirectSetting( 2093): ------------mThisDevice.String()Device: tc123
D/WifiDirectSetting( 2093):  deviceAddress: a6:a8:20:13:03:6e
D/WifiDirectSetting( 2093):  primary type: 10-0050F204-5
D/WifiDirectSetting( 2093):  secondary type: null
D/WifiDirectSetting( 2093):  wps: 0
D/WifiDirectSetting( 2093):  grpcapab: 0
D/WifiDirectSetting( 2093):  devcapab: 0
D/WifiDirectSetting( 2093):  status: 3
D/WifiDirectSetting( 2093):  wfdInfo: WFD enabled: trueWFD DeviceInfo: 17
D/WifiDirectSetting( 2093):  WFD CtrlPort: 554
D/WifiDirectSetting( 2093):  WFD MaxThroughput: 14
I/TabletStatusBar( 1155): the p2pdevices status is :3
D/WifiP2pService(  945): InactiveState
D/WifiP2pService(  945): InactiveState{ what=139271 when=0 }
D/WifiP2pService(  945): P2pEnabledState{ what=139271 when=0 }
D/NetUpdate( 2093): progressValue--->0
D/NetUpdate( 2093): mWriteSD--->true
D/NetUpdate( 2093): mBootCheckZipExist--->false
D/NetUpdate( 2093): progressValue--->0
D/NetUpdate( 2093): mWriteSD--->true
D/NetUpdate( 2093): mBootCheckZipExist--->false
D/HomePlayerLib(29217): hostaddress count is 1
D/dalvikvm(29217): GC_CONCURRENT freed 2031K, 46% free 7363K/13443K, paused 2ms+3ms
D/NetUpdate( 2093): progressValue--->0
D/NetUpdate( 2093): mWriteSD--->true
D/NetUpdate( 2093): mBootCheckZipExist--->false
D/dalvikvm(29217): GC_CONCURRENT freed 2078K, 46% free 7321K/13443K, paused 2ms+3ms
D/NetUpdate( 2093): progressValue--->0
D/NetUpdate( 2093): mWriteSD--->true
D/NetUpdate( 2093): mBootCheckZipExist--->false
D/NetUpdate( 2093): progressValue--->0
D/NetUpdate( 2093): mWriteSD--->true
D/NetUpdate( 2093): mBootCheckZipExist--->false
D/dalvikvm(29217): GC_CONCURRENT freed 2032K, 46% free 7364K/13443K, paused 2ms+3ms
D/NetUpdate( 2093): progressValue--->0
D/NetUpdate( 2093): mWriteSD--->true
D/NetUpdate( 2093): mBootCheckZipExist--->false
D/NetUpdate( 2093): progressValue--->0
D/NetUpdate( 2093): mWriteSD--->true
D/NetUpdate( 2093): mBootCheckZipExist--->false
D/dalvikvm(29217): GC_CONCURRENT freed 2072K, 45% free 7404K/13443K, paused 2ms+4ms
D/NetUpdate( 2093): progressValue--->0
D/NetUpdate( 2093): mWriteSD--->true
D/NetUpdate( 2093): mBootCheckZipExist--->false
[156563.773977] Fail to get chan with freq: channel=1 freq=5005
D/NetUpdate( 2093): progressValue--->0
D/NetUpdate( 2093): mWriteSD--->true
D/NetUpdate( 2093): mBootCheckZipExist--->false
I/wpa_supplicant(29450): wfd0: P2P-DEVICE-FOUND 02:90:4c:78:01:93 p2p_dev_addr=02:90:4c:78:01:93 pri_dev_type=10-0050F204-5 name='Android_aa99' config_methods=0x188 dev_capab=0x24 group_capab=0x0 wfd_dev_info=0x0000060010216a0014
I/TabletStatusBar( 1155): receiver broadcast
D/MiracastControl( 1620): android.net.wifi.p2p.PEERS_CHANGED
D/WifiDirectSetting( 2093): --------------WIFI_P2P_PEERS_CHANGED_ACTION
D/WifiP2pService(  945): InactiveState{ what=147477 when=0 obj=Device: Android_aa99
