D/dalvikvm( 1142): GC_CONCURRENT freed 513K, 78% free 1325K/6019K, paused 1ms+1ms
D/dalvikvm( 1142): GC_CONCURRENT freed 393K, 78% free 1370K/6019K, paused 1ms+1ms
D/dalvikvm( 1142): GC_CONCURRENT freed 444K, 77% free 1422K/6019K, paused 1ms+1ms
D/dalvikvm( 1142): GC_CONCURRENT freed 491K, 77% free 1431K/6019K, paused 1ms+1ms
D/dalvikvm( 1142): GC_CONCURRENT freed 502K, 78% free 1344K/6019K, paused 1ms+1ms
D/dalvikvm( 1142): GC_CONCURRENT freed 419K, 77% free 1437K/6019K, paused 1ms+1ms
D/dalvikvm( 1142): GC_CONCURRENT freed 518K, 77% free 1422K/6019K, paused 1ms+1ms
W/System.err( 1233): org.apache.http.conn.ConnectionPoolTimeoutException: Timeout waiting for connection
W/System.err( 1233):    at org.apache.http.impl.conn.tsccm.ConnPoolByRoute.getEntryBlocking(ConnPoolByRoute.java:353)
W/System.err( 1233):    at org.apache.http.impl.conn.tsccm.ConnPoolByRoute$1.getPoolEntry(ConnPoolByRoute.java:238)
W/System.err( 1233):    at org.apache.http.impl.conn.tsccm.ThreadSafeClientConnManager$1.getConnection(ThreadSafeClientConnManager.java:177)
W/System.err( 1233):    at org.apache.http.impl.client.DefaultRequestDirector.execute(DefaultRequestDirector.java:326)
W/System.err( 1233):    at org.apache.http.impl.client.AbstractHttpClient.execute(AbstractHttpClient.java:555)
W/System.err( 1233):    at org.apache.http.impl.client.AbstractHttpClient.execute(AbstractHttpClient.java:487)
W/System.err( 1233):    at org.apache.http.impl.client.AbstractHttpClient.execute(AbstractHttpClient.java:465)
W/System.err( 1233):    at com.fiship.cibn.common.NetworkUtil.isConnectToServerByHttp(NetworkUtil.java:39)
W/System.err( 1233):    at com.fiship.cibn.weather.WeatherTask.doInBackground(WeatherTask.java:184)
W/System.err( 1233):    at com.fiship.cibn.weather.WeatherTask.doInBackground(WeatherTask.java:31)
W/System.err( 1233):    at android.os.AsyncTask$2.call(AsyncTask.java:264)
W/System.err( 1233):    at java.util.concurrent.FutureTask$Sync.innerRun(FutureTask.java:305)
W/System.err( 1233):    at java.util.concurrent.FutureTask.run(FutureTask.java:137)
W/System.err( 1233):    at android.os.AsyncTask$SerialExecutor$1.run(AsyncTask.java:208)
W/System.err( 1233):    at java.util.concurrent.ThreadPoolExecutor.runWorker(ThreadPoolExecutor.java:1076)
W/System.err( 1233):    at java.util.concurrent.ThreadPoolExecutor$Worker.run(ThreadPoolExecutor.java:569)
W/System.err( 1233):    at java.lang.Thread.run(Thread.java:856)
E/WeatherTask( 1233): can't connect the url : http://php.weather.sina.com.cn/iframe/index/w_cl.php?day=1
D/dalvikvm( 1142): GC_CONCURRENT freed 487K, 78% free 1325K/6019K, paused 0ms+1ms
D/dalvikvm( 1142): GC_CONCURRENT freed 521K, 79% free 1309K/6019K, paused 1ms+1ms
D/HomePlayerLib( 1142): hostaddress count is 2
D/dalvikvm( 1142): GC_CONCURRENT freed 386K, 79% free 1309K/6019K, paused 1ms+1ms
D/dalvikvm( 1142): GC_CONCURRENT freed 382K, 78% free 1324K/6019K, paused 1ms+2ms
D/dalvikvm( 1142): GC_CONCURRENT freed 405K, 79% free 1311K/6019K, paused 1ms+2ms
D/dalvikvm( 1142): GC_CONCURRENT freed 397K, 79% free 1305K/6019K, paused 1ms+2ms
D/dalvikvm( 1142): GC_CONCURRENT freed 380K, 78% free 1328K/6019K, paused 1ms+1ms
D/dalvikvm( 1142): GC_CONCURRENT freed 392K, 78% free 1328K/6019K, paused 1ms+1ms
D/dalvikvm( 1142): GC_CONCURRENT freed 475K, 78% free 1353K/6019K, paused 1ms+1ms
D/dalvikvm( 1142): GC_CONCURRENT freed 409K, 76% free 1452K/6019K, paused 1ms+0ms
D/dalvikvm( 1142): GC_CONCURRENT freed 522K, 77% free 1435K/6019K, paused 1ms+1ms
D/dalvikvm( 1142): GC_CONCURRENT freed 503K, 78% free 1326K/6019K, paused 1ms+2ms
D/dalvikvm( 1142): GC_CONCURRENT freed 423K, 77% free 1396K/6019K, paused 0ms+1ms
D/dalvikvm( 1142): GC_CONCURRENT freed 470K, 79% free 1315K/6019K, paused 1ms+1ms
D/dalvikvm( 1142): GC_CONCURRENT freed 391K, 79% free 1311K/6019K, paused 1ms+1ms
D/dalvikvm( 1142): GC_CONCURRENT freed 380K, 78% free 1326K/6019K, paused 1ms+1ms
D/dalvikvm( 1142): GC_CONCURRENT freed 392K, 78% free 1328K/6019K, paused 1ms+1ms
D/dalvikvm( 1142): GC_CONCURRENT freed 392K, 78% free 1326K/6019K, paused 1ms+1ms
D/dalvikvm( 1142): GC_CONCURRENT freed 390K, 78% free 1328K/6019K, paused 1ms+1ms
D/dalvikvm( 1142): GC_CONCURRENT freed 392K, 78% free 1328K/6019K, paused 1ms+1ms
D/dalvikvm( 1142): GC_CONCURRENT freed 392K, 78% free 1327K/6019K, paused 1ms+1ms
D/dalvikvm( 1142): GC_CONCURRENT freed 408K, 79% free 1303K/6019K, paused 1ms+1ms
D/dalvikvm( 1142): GC_CONCURRENT freed 376K, 79% free 1323K/6019K, paused 1ms+1ms
D/dalvikvm( 1142): GC_CONCURRENT freed 394K, 79% free 1324K/6019K, paused 1ms+1ms
D/dalvikvm( 1142): GC_CONCURRENT freed 392K, 79% free 1323K/6019K, paused 1ms+1ms
D/dalvikvm( 1142): GC_CONCURRENT freed 392K, 77% free 1430K/6019K, paused 1ms+1ms
D/dalvikvm( 1142): GC_CONCURRENT freed 501K, 79% free 1313K/6019K, paused 1ms+1ms
D/dalvikvm( 1142): GC_CONCURRENT freed 400K, 79% free 1309K/6019K, paused 1ms+1ms
D/dalvikvm( 1142): GC_CONCURRENT freed 385K, 79% free 1308K/6019K, paused 1ms+1ms
D/dalvikvm( 1142): GC_CONCURRENT freed 379K, 77% free 1427K/6019K, paused 1ms+1ms
D/dalvikvm( 1142): GC_CONCURRENT freed 510K, 78% free 1325K/6019K, paused 1ms+0ms
D/dalvikvm( 1142): GC_CONCURRENT freed 393K, 78% free 1324K/6019K, paused 0ms+1ms
D/dalvikvm( 1142): GC_CONCURRENT freed 393K, 78% free 1329K/6019K, paused 1ms+0ms
D/dalvikvm( 1142): GC_CONCURRENT freed 404K, 79% free 1312K/6019K, paused 1ms+1ms
D/dalvikvm( 1142): GC_CONCURRENT freed 396K, 79% free 1311K/6019K, paused 1ms+1ms
D/dalvikvm( 1142): GC_CONCURRENT freed 393K, 79% free 1311K/6019K, paused 1ms+1ms
D/dalvikvm( 1142): GC_CONCURRENT freed 392K, 77% free 1419K/6019K, paused 1ms+0ms
D/dalvikvm( 1142): GC_CONCURRENT freed 487K, 78% free 1371K/6019K, paused 1ms+1ms
D/dalvikvm( 1142): GC_CONCURRENT freed 444K, 77% free 1421K/6019K, paused 1ms+1ms
D/dalvikvm( 1142): GC_CONCURRENT freed 489K, 77% free 1431K/6019K, paused 1ms+1ms
D/dalvikvm( 1142): GC_CONCURRENT freed 502K, 79% free 1313K/6019K, paused 1ms+1ms
D/dalvikvm( 1142): GC_CONCURRENT freed 399K, 79% free 1314K/6019K, paused 1ms+1ms
D/dalvikvm( 1142): GC_CONCURRENT freed 385K, 77% free 1409K/6019K, paused 1ms+1ms
D/dalvikvm( 1142): GC_CONCURRENT freed 477K, 78% free 1324K/6019K, paused 1ms+1ms
D/dalvikvm( 1142): GC_CONCURRENT freed 421K, 77% free 1403K/6019K, paused 1ms+1ms
D/dalvikvm( 1142): GC_CONCURRENT freed 486K, 79% free 1306K/6019K, paused 1ms+1ms
D/dalvikvm( 1142): GC_CONCURRENT freed 377K, 79% free 1323K/6019K, paused 1ms+1ms
D/dalvikvm( 1142): GC_CONCURRENT freed 395K, 79% free 1323K/6019K, paused 1ms+1ms
D/dalvikvm( 1142): GC_CONCURRENT freed 392K, 77% free 1420K/6019K, paused 1ms+1ms
D/dalvikvm( 1142): GC_CONCURRENT freed 499K, 79% free 1322K/6019K, paused 1ms+1ms
D/dalvikvm( 1142): GC_CONCURRENT freed 394K, 79% free 1312K/6019K, paused 1ms+2ms
D/dalvikvm( 1142): GC_CONCURRENT freed 398K, 79% free 1301K/6019K, paused 0ms+1ms
D/dalvikvm( 1142): GC_CONCURRENT freed 381K, 78% free 1324K/6019K, paused 1ms+1ms
D/dalvikvm( 1142): GC_CONCURRENT freed 396K, 77% free 1430K/6019K, paused 1ms+1ms
D/dalvikvm( 1142): GC_CONCURRENT freed 513K, 77% free 1412K/6019K, paused 1ms+1ms
D/dalvikvm( 1142): GC_CONCURRENT freed 485K, 77% free 1405K/6019K, paused 1ms+1ms
D/dalvikvm( 1142): GC_CONCURRENT freed 478K, 77% free 1419K/6019K, paused 1ms+1ms
D/dalvikvm( 1142): GC_CONCURRENT freed 488K, 78% free 1371K/6019K, paused 1ms+1ms
D/dalvikvm( 1142): GC_CONCURRENT freed 442K, 77% free 1422K/6019K, paused 1ms+1ms
D/dalvikvm( 1142): GC_CONCURRENT freed 491K, 75% free 1514K/6019K, paused 1ms+1ms
D/HomePlayerLib( 1142): hostaddress count is 2
D/dalvikvm( 1142): GC_CONCURRENT freed 586K, 79% free 1323K/6019K, paused 1ms+1ms
D/dalvikvm( 1142): GC_CONCURRENT freed 404K, 74% free 1591K/6019K, paused 0ms+0ms
D/dalvikvm( 1142): GC_CONCURRENT freed 666K, 77% free 1392K/6019K, paused 0ms+1ms
D/dalvikvm( 1142): GC_CONCURRENT freed 466K, 79% free 1314K/6019K, paused 1ms+1ms
D/dalvikvm( 1142): GC_CONCURRENT freed 391K, 79% free 1316K/6019K, paused 0ms+1ms
D/dalvikvm( 1142): GC_CONCURRENT freed 383K, 77% free 1442K/6019K, paused 0ms+1ms
D/dalvikvm( 1142): GC_CONCURRENT freed 520K, 78% free 1329K/6019K, paused 1ms+1ms
D/dalvikvm( 1142): GC_CONCURRENT freed 390K, 78% free 1352K/6019K, paused 1ms+1ms
D/dalvikvm( 1142): GC_CONCURRENT freed 420K, 77% free 1417K/6019K, paused 0ms+1ms
D/dalvikvm( 1142): GC_CONCURRENT freed 494K, 79% free 1308K/6019K, paused 1ms+1ms
D/dalvikvm( 1142): GC_CONCURRENT freed 373K, 77% free 1431K/6019K, paused 1ms+1ms
D/dalvikvm( 1142): GC_CONCURRENT freed 502K, 77% free 1440K/6019K, paused 1ms+1ms
D/dalvikvm( 1142): GC_CONCURRENT freed 502K, 78% free 1333K/6019K, paused 1ms+1ms
D/dalvikvm( 1142): GC_CONCURRENT freed 402K, 77% free 1442K/6019K, paused 1ms+1ms
D/dalvikvm( 1142): GC_CONCURRENT freed 570K, 78% free 1376K/6019K, paused 1ms+1ms
D/dalvikvm( 1142): GC_CONCURRENT freed 432K, 78% free 1334K/6019K, paused 1ms+1ms
D/dalvikvm( 1142): GC_CONCURRENT freed 385K, 76% free 1459K/6019K, paused 1ms+1ms
D/dalvikvm( 1142): GC_CONCURRENT freed 535K, 77% free 1424K/6019K, paused 1ms+1ms
D/dalvikvm( 1142): GC_CONCURRENT freed 501K, 78% free 1332K/6019K, paused 1ms+1ms
D/dalvikvm( 1142): GC_CONCURRENT freed 406K, 79% free 1313K/6019K, paused 0ms+1ms
D/dalvikvm( 1142): GC_CONCURRENT freed 395K, 77% free 1420K/6019K, paused 1ms+1ms
D/dalvikvm( 1142): GC_CONCURRENT freed 487K, 77% free 1407K/6019K, paused 1ms+2ms
D/dalvikvm( 1142): GC_CONCURRENT freed 475K, 78% free 1325K/6019K, paused 1ms+1ms
D/dalvikvm( 1142): GC_CONCURRENT freed 405K, 79% free 1321K/6019K, paused 1ms+1ms
D/dalvikvm( 1142): GC_CONCURRENT freed 407K, 79% free 1307K/6019K, paused 1ms+1ms
D/dalvikvm( 1142): GC_CONCURRENT freed 381K, 79% free 1320K/6019K, paused 1ms+1ms
D/dalvikvm( 1142): GC_CONCURRENT freed 393K, 79% free 1320K/6019K, paused 1ms+1ms
D/dalvikvm( 1142): GC_CONCURRENT freed 393K, 79% free 1320K/6019K, paused 1ms+1ms
D/dalvikvm( 1142): GC_CONCURRENT freed 393K, 79% free 1320K/6019K, paused 1ms+1ms
D/dalvikvm( 1142): GC_CONCURRENT freed 405K, 78% free 1324K/6019K, paused 1ms+1ms
D/dalvikvm( 1142): GC_CONCURRENT freed 392K, 78% free 1324K/6019K, paused 1ms+1ms
D/dalvikvm( 1142): GC_CONCURRENT freed 404K, 79% free 1321K/6019K, paused 1ms+1ms
D/dalvikvm( 1142): GC_CONCURRENT freed 396K, 79% free 1319K/6019K, paused 1ms+1ms
D/dalvikvm( 1142): GC_CONCURRENT freed 394K, 78% free 1337K/6019K, paused 1ms+1ms
D/dalvikvm( 1142): GC_CONCURRENT freed 406K, 78% free 1324K/6019K, paused 1ms+1ms
D/dalvikvm( 1142): GC_CONCURRENT freed 392K, 78% free 1324K/6019K, paused 1ms+1ms
D/dalvikvm( 1142): GC_CONCURRENT freed 392K, 78% free 1324K/6019K, paused 1ms+1ms
D/dalvikvm( 1142): GC_CONCURRENT freed 393K, 78% free 1324K/6019K, paused 1ms+1ms
D/dalvikvm( 1142): GC_CONCURRENT freed 393K, 78% free 1325K/6019K, paused 1ms+2ms
D/dalvikvm( 1142): GC_CONCURRENT freed 404K, 79% free 1321K/6019K, paused 1ms+2ms
D/dalvikvm( 1142): GC_CONCURRENT freed 407K, 79% free 1307K/6019K, paused 1ms+1ms
D/dalvikvm( 1142): GC_CONCURRENT freed 381K, 79% free 1310K/6019K, paused 1ms+1ms
D/dalvikvm( 1142): GC_CONCURRENT freed 393K, 79% free 1320K/6019K, paused 1ms+1ms
D/dalvikvm( 1142): GC_CONCURRENT freed 393K, 79% free 1320K/6019K, paused 1ms+1ms
D/dalvikvm( 1142): GC_CONCURRENT freed 393K, 79% free 1320K/6019K, paused 1ms+1ms
D/dalvikvm( 1142): GC_CONCURRENT freed 393K, 79% free 1320K/6019K, paused 1ms+1ms
D/dalvikvm( 1142): GC_CONCURRENT freed 404K, 78% free 1325K/6019K, paused 1ms+1ms
D/dalvikvm( 1142): GC_CONCURRENT freed 403K, 79% free 1321K/6019K, paused 1ms+1ms
D/dalvikvm( 1142): GC_CONCURRENT freed 396K, 79% free 1311K/6019K, paused 1ms+1ms
D/dalvikvm( 1142): GC_CONCURRENT freed 394K, 79% free 1320K/6019K, paused 1ms+1ms
D/dalvikvm( 1142): GC_CONCURRENT freed 394K, 79% free 1312K/6019K, paused 1ms+1ms
D/dalvikvm( 1142): GC_CONCURRENT freed 389K, 79% free 1321K/6019K, paused 1ms+1ms
D/HomePlayerLib( 1142): hostaddress count is 2
D/dalvikvm( 1142): GC_CONCURRENT freed 402K, 79% free 1309K/6019K, paused 1ms+1ms
D/dalvikvm( 1142): GC_CONCURRENT freed 387K, 79% free 1323K/6019K, paused 1ms+1ms
D/dalvikvm( 1142): GC_CONCURRENT freed 401K, 79% free 1321K/6019K, paused 1ms+2ms
D/dalvikvm( 1142): GC_CONCURRENT freed 398K, 79% free 1316K/6019K, paused 1ms+1ms
D/dalvikvm( 1142): GC_CONCURRENT freed 398K, 78% free 1369K/6019K, paused 0ms+1ms
D/dalvikvm( 1142): GC_CONCURRENT freed 436K, 77% free 1442K/6019K, paused 1ms+2ms
D/dalvikvm( 1142): GC_CONCURRENT freed 521K, 77% free 1431K/6019K, paused 1ms+1ms
W/System.err( 1233): org.apache.http.conn.ConnectionPoolTimeoutException: Timeout waiting for connection
W/System.err( 1233):    at org.apache.http.impl.conn.tsccm.ConnPoolByRoute.getEntryBlocking(ConnPoolByRoute.java:353)
W/System.err( 1233):    at org.apache.http.impl.conn.tsccm.ConnPoolByRoute$1.getPoolEntry(ConnPoolByRoute.java:238)
W/System.err( 1233):    at org.apache.http.impl.conn.tsccm.ThreadSafeClientConnManager$1.getConnection(ThreadSafeClientConnManager.java:177)
W/System.err( 1233):    at org.apache.http.impl.client.DefaultRequestDirector.execute(DefaultRequestDirector.java:326)
W/System.err( 1233):    at org.apache.http.impl.client.AbstractHttpClient.execute(AbstractHttpClient.java:555)
W/System.err( 1233):    at org.apache.http.impl.client.AbstractHttpClient.execute(AbstractHttpClient.java:487)
W/System.err( 1233):    at org.apache.http.impl.client.AbstractHttpClient.execute(AbstractHttpClient.java:465)
W/System.err( 1233):    at com.fiship.cibn.common.NetworkUtil.isConnectToServerByHttp(NetworkUtil.java:39)
W/System.err( 1233):    at com.fiship.cibn.weather.WeatherTask.doInBackground(WeatherTask.java:184)
W/System.err( 1233):    at com.fiship.cibn.weather.WeatherTask.doInBackground(WeatherTask.java:31)
W/System.err( 1233):    at android.os.AsyncTask$2.call(AsyncTask.java:264)
W/System.err( 1233):    at java.util.concurrent.FutureTask$Sync.innerRun(FutureTask.java:305)
W/System.err( 1233):    at java.util.concurrent.FutureTask.run(FutureTask.java:137)
W/System.err( 1233):    at android.os.AsyncTask$SerialExecutor$1.run(AsyncTask.java:208)
W/System.err( 1233):    at java.util.concurrent.ThreadPoolExecutor.runWorker(ThreadPoolExecutor.java:1076)
W/System.err( 1233):    at java.util.concurrent.ThreadPoolExecutor$Worker.run(ThreadPoolExecutor.java:569)
W/System.err( 1233):    at java.lang.Thread.run(Thread.java:856)
E/WeatherTask( 1233): can't connect the url : http://php.weather.sina.com.cn/iframe/index/w_cl.php?day=1
D/dalvikvm( 1142): GC_CONCURRENT freed 489K, 76% free 1451K/6019K, paused 1ms+1ms
D/dalvikvm( 1142): GC_CONCURRENT freed 512K, 78% free 1325K/6019K, paused 1ms+1ms
D/dalvikvm( 1142): GC_CONCURRENT freed 417K, 77% free 1420K/6019K, paused 1ms+1ms
D/dalvikvm( 1142): GC_CONCURRENT freed 497K, 77% free 1426K/6019K, paused 1ms+1ms
D/dalvikvm( 1142): GC_CONCURRENT freed 484K, 78% free 1332K/6019K, paused 1ms+2ms
D/dalvikvm( 1142): GC_CONCURRENT freed 417K, 79% free 1300K/6019K, paused 1ms+1ms
D/dalvikvm( 1142): GC_CONCURRENT freed 372K, 77% free 1439K/6019K, paused 1ms+1ms
D/dalvikvm( 1142): GC_CONCURRENT freed 519K, 77% free 1427K/6019K, paused 1ms+1ms
D/dalvikvm( 1142): GC_CONCURRENT freed 488K, 78% free 1330K/6019K, paused 1ms+1ms
D/dalvikvm( 1142): GC_CONCURRENT freed 406K, 78% free 1363K/6019K, paused 1ms+1ms
D/dalvikvm( 1142): GC_CONCURRENT freed 433K, 79% free 1322K/6019K, paused 1ms+1ms
D/dalvikvm( 1142): GC_CONCURRENT freed 389K, 78% free 1324K/6019K, paused 1ms+1ms
D/dalvikvm( 1142): GC_CONCURRENT freed 392K, 78% free 1324K/6019K, paused 1ms+1ms
D/dalvikvm( 1142): GC_CONCURRENT freed 393K, 77% free 1405K/6019K, paused 1ms+2ms
D/dalvikvm( 1142): GC_CONCURRENT freed 482K, 77% free 1429K/6019K, paused 1ms+1ms
D/dalvikvm( 1142): GC_CONCURRENT freed 490K, 78% free 1324K/6019K, paused 1ms+1ms
D/dalvikvm( 1142): GC_CONCURRENT freed 394K, 79% free 1324K/6019K, paused 0ms+1ms
D/dalvikvm( 1142): GC_CONCURRENT freed 392K, 79% free 1324K/6019K, paused 0ms+1ms
D/dalvikvm( 1142): GC_CONCURRENT freed 393K, 78% free 1370K/6019K, paused 1ms+1ms
D/dalvikvm( 1142): GC_CONCURRENT freed 442K, 77% free 1438K/6019K, paused 1ms+1ms
D/dalvikvm( 1142): GC_CONCURRENT freed 516K, 79% free 1312K/6019K, paused 1ms+1ms
D/dalvikvm( 1142): GC_CONCURRENT freed 394K, 79% free 1312K/6019K, paused 1ms+1ms
D/dalvikvm( 1142): GC_CONCURRENT freed 393K, 79% free 1320K/6019K, paused 1ms+1ms
D/dalvikvm( 1142): GC_CONCURRENT freed 404K, 78% free 1325K/6019K, paused 1ms+1ms
D/dalvikvm( 1142): GC_CONCURRENT freed 403K, 77% free 1422K/6019K, paused 1ms+1ms
D/dalvikvm( 1142): GC_CONCURRENT freed 490K, 77% free 1421K/6019K, paused 1ms+1ms
D/dalvikvm( 1142): GC_CONCURRENT freed 502K, 78% free 1344K/6019K, paused 1ms+1ms
D/dalvikvm( 1142): GC_CONCURRENT freed 415K, 77% free 1421K/6019K, paused 1ms+1ms
D/dalvikvm( 1142): GC_CONCURRENT freed 490K, 78% free 1324K/6019K, paused 1ms+1ms
D/dalvikvm( 1142): GC_CONCURRENT freed 394K, 77% free 1420K/6019K, paused 1ms+1ms
D/dalvikvm( 1142): GC_CONCURRENT freed 504K, 79% free 1300K/6019K, paused 0ms+1ms
D/dalvikvm( 1142): GC_CONCURRENT freed 376K, 79% free 1321K/6019K, paused 1ms+1ms
D/dalvikvm( 1142): GC_CONCURRENT freed 396K, 79% free 1310K/6019K, paused 0ms+1ms
D/dalvikvm( 1142): GC_CONCURRENT freed 394K, 79% free 1311K/6019K, paused 1ms+1ms
D/dalvikvm( 1142): GC_CONCURRENT freed 392K, 79% free 1320K/6019K, paused 1ms+1ms
D/dalvikvm( 1142): GC_CONCURRENT freed 405K, 78% free 1324K/6019K, paused 1ms+1ms
D/dalvikvm( 1142): GC_CONCURRENT freed 394K, 78% free 1324K/6019K, paused 1ms+1ms
D/dalvikvm( 1142): GC_CONCURRENT freed 393K, 78% free 1324K/6019K, paused 0ms+1ms
D/dalvikvm( 1142): GC_CONCURRENT freed 393K, 78% free 1325K/6019K, paused 1ms+2ms
D/dalvikvm( 1142): GC_CONCURRENT freed 403K, 79% free 1321K/6019K, paused 1ms+1ms
D/dalvikvm( 1142): GC_CONCURRENT freed 395K, 79% free 1319K/6019K, paused 1ms+1ms
D/dalvikvm( 1142): GC_CONCURRENT freed 394K, 78% free 1336K/6019K, paused 1ms+1ms
D/dalvikvm( 1142): GC_CONCURRENT freed 423K, 77% free 1413K/6019K, paused 0ms+1ms
D/dalvikvm( 1142): GC_CONCURRENT freed 496K, 78% free 1331K/6019K, paused 0ms+1ms
D/dalvikvm( 1142): GC_CONCURRENT freed 404K, 79% free 1312K/6019K, paused 1ms+1ms
D/dalvikvm( 1142): GC_CONCURRENT freed 396K, 77% free 1434K/6019K, paused 1ms+1ms
D/dalvikvm( 1142): GC_CONCURRENT freed 515K, 79% free 1321K/6019K, paused 0ms+1ms
D/dalvikvm( 1142): GC_CONCURRENT freed 394K, 79% free 1320K/6019K, paused 1ms+1ms
D/dalvikvm( 1142): GC_CONCURRENT freed 393K, 79% free 1321K/6019K, paused 1ms+2ms
D/dalvikvm( 1142): GC_CONCURRENT freed 369K, 78% free 1338K/6019K, paused 1ms+1ms
D/HomePlayerLib( 1142): hostaddress count is 2
D/dalvikvm( 1142): GC_CONCURRENT freed 421K, 79% free 1321K/6019K, paused 1ms+1ms
D/dalvikvm( 1142): GC_CONCURRENT freed 402K, 79% free 1318K/6019K, paused 1ms+1ms
D/dalvikvm( 1142): GC_CONCURRENT freed 389K, 79% free 1323K/6019K, paused 1ms+1ms
D/dalvikvm( 1142): GC_CONCURRENT freed 405K, 78% free 1327K/6019K, paused 1ms+1ms
D/dalvikvm( 1142): GC_CONCURRENT freed 390K, 78% free 1329K/6019K, paused 1ms+1ms
D/dalvikvm( 1142): GC_CONCURRENT freed 392K, 78% free 1328K/6019K, paused 1ms+1ms
D/dalvikvm( 1142): GC_CONCURRENT freed 394K, 79% free 1318K/6019K, paused 1ms+1ms
D/dalvikvm( 1142): GC_CONCURRENT freed 398K, 79% free 1320K/6019K, paused 1ms+1ms
D/dalvikvm( 1142): GC_CONCURRENT freed 389K, 76% free 1463K/6019K, paused 1ms+1ms
D/dalvikvm( 1142): GC_CONCURRENT freed 532K, 77% free 1387K/6019K, paused 1ms+1ms
D/dalvikvm( 1142): GC_CONCURRENT freed 457K, 79% free 1316K/6019K, paused 1ms+1ms
D/dalvikvm( 1142): GC_CONCURRENT freed 395K, 79% free 1315K/6019K, paused 1ms+1ms
D/dalvikvm( 1142): GC_CONCURRENT freed 394K, 77% free 1429K/6019K, paused 1ms+1ms
D/dalvikvm( 1142): GC_CONCURRENT freed 486K, 77% free 1414K/6019K, paused 1ms+1ms
D/dalvikvm( 1142): GC_CONCURRENT freed 493K, 79% free 1315K/6019K, paused 1ms+1ms
D/dalvikvm( 1142): GC_CONCURRENT freed 399K, 79% free 1310K/6019K, paused 1ms+1ms
D/dalvikvm( 1142): GC_CONCURRENT freed 393K, 79% free 1311K/6019K, paused 1ms+1ms
D/dalvikvm( 1142): GC_CONCURRENT freed 394K, 78% free 1378K/6019K, paused 1ms+1ms
D/dalvikvm( 1142): GC_CONCURRENT freed 447K, 78% free 1324K/6019K, paused 1ms+1ms
D/dalvikvm( 1142): GC_CONCURRENT freed 392K, 78% free 1324K/6019K, paused 1ms+1ms
D/dalvikvm( 1142): GC_CONCURRENT freed 392K, 78% free 1329K/6019K, paused 1ms+1ms
D/dalvikvm( 1142): GC_CONCURRENT freed 403K, 79% free 1312K/6019K, paused 1ms+1ms
D/dalvikvm( 1142): GC_CONCURRENT freed 394K, 77% free 1434K/6019K, paused 1ms+1ms
D/dalvikvm( 1142): GC_CONCURRENT freed 515K, 79% free 1312K/6019K, paused 1ms+1ms
D/dalvikvm( 1142): GC_CONCURRENT freed 395K, 79% free 1311K/6019K, paused 0ms+1ms
D/dalvikvm( 1142): GC_CONCURRENT freed 393K, 78% free 1343K/6019K, paused 1ms+1ms
D/dalvikvm( 1142): GC_CONCURRENT freed 417K, 77% free 1396K/6019K, paused 1ms+1ms
D/dalvikvm( 1142): GC_CONCURRENT freed 476K, 78% free 1378K/6019K, paused 1ms+1ms
D/dalvikvm( 1142): GC_CONCURRENT freed 446K, 77% free 1411K/6019K, paused 1ms+1ms
D/dalvikvm( 1142): GC_CONCURRENT freed 485K, 79% free 1313K/6019K, paused 1ms+1ms
D/dalvikvm( 1142): GC_CONCURRENT freed 397K, 77% free 1421K/6019K, paused 0ms+1ms
D/dalvikvm( 1142): GC_CONCURRENT freed 487K, 77% free 1407K/6019K, paused 1ms+1ms
D/dalvikvm( 1142): GC_CONCURRENT freed 475K, 78% free 1330K/6019K, paused 1ms+1ms
D/dalvikvm( 1142): GC_CONCURRENT freed 404K, 79% free 1312K/6019K, paused 1ms+1ms
D/dalvikvm( 1142): GC_CONCURRENT freed 395K, 79% free 1310K/6019K, paused 1ms+1ms
D/dalvikvm( 1142): GC_CONCURRENT freed 394K, 79% free 1311K/6019K, paused 1ms+1ms
D/dalvikvm( 1142): GC_CONCURRENT freed 392K, 77% free 1425K/6019K, paused 1ms+1ms
D/dalvikvm( 1142): GC_CONCURRENT freed 486K, 78% free 1325K/6019K, paused 1ms+1ms
D/dalvikvm( 1142): GC_CONCURRENT freed 394K, 78% free 1329K/6019K, paused 1ms+1ms
D/dalvikvm( 1142): GC_CONCURRENT freed 404K, 77% free 1437K/6019K, paused 1ms+1ms
D/dalvikvm( 1142): GC_CONCURRENT freed 518K, 77% free 1421K/6019K, paused 1ms+1ms
D/dalvikvm( 1142): GC_CONCURRENT freed 488K, 78% free 1330K/6019K, paused 0ms+1ms
D/dalvikvm( 1142): GC_CONCURRENT freed 404K, 77% free 1437K/6019K, paused 1ms+1ms
D/dalvikvm( 1142): GC_CONCURRENT freed 516K, 77% free 1427K/6019K, paused 1ms+1ms
D/dalvikvm( 1142): GC_CONCURRENT freed 488K, 78% free 1330K/6019K, paused 1ms+1ms
D/dalvikvm( 1142): GC_CONCURRENT freed 405K, 77% free 1421K/6019K, paused 1ms+1ms
D/dalvikvm( 1142): GC_CONCURRENT freed 491K, 77% free 1431K/6019K, paused 1ms+1ms
D/dalvikvm( 1142): GC_CONCURRENT freed 502K, 78% free 1344K/6019K, paused 1ms+1ms
D/HomePlayerLib( 1142): hostaddress count is 2
D/dalvikvm( 1142): GC_CONCURRENT freed 425K, 79% free 1308K/6019K, paused 1ms+1ms
D/dalvikvm( 1142): GC_CONCURRENT freed 387K, 79% free 1321K/6019K, paused 1ms+1ms
D/dalvikvm( 1142): GC_CONCURRENT freed 403K, 79% free 1310K/6019K, paused 1ms+1ms
D/dalvikvm( 1142): GC_CONCURRENT freed 378K, 78% free 1326K/6019K, paused 1ms+1ms
D/dalvikvm( 1142): GC_CONCURRENT freed 389K, 77% free 1415K/6019K, paused 1ms+1ms
D/dalvikvm( 1142): GC_CONCURRENT freed 447K, 78% free 1356K/6019K, paused 0ms+1ms
D/dalvikvm( 1142): GC_CONCURRENT freed 433K, 79% free 1321K/6019K, paused 1ms+1ms
D/dalvikvm( 1142): GC_CONCURRENT freed 385K, 77% free 1411K/6019K, paused 1ms+0ms
D/dalvikvm( 1142): GC_CONCURRENT freed 473K, 77% free 1432K/6019K, paused 1ms+1ms
D/dalvikvm( 1142): GC_CONCURRENT freed 497K, 77% free 1415K/6019K, paused 1ms+1ms
D/dalvikvm( 1142): GC_CONCURRENT freed 475K, 78% free 1325K/6019K, paused 1ms+1ms
D/dalvikvm( 1142): GC_CONCURRENT freed 407K, 77% free 1425K/6019K, paused 1ms+1ms
D/dalvikvm( 1142): GC_CONCURRENT freed 577K, 78% free 1355K/6019K, paused 1ms+1ms
D/dalvikvm( 1142): GC_CONCURRENT freed 435K, 77% free 1426K/6019K, paused 1ms+1ms
D/dalvikvm( 1142): GC_CONCURRENT freed 501K, 79% free 1315K/6019K, paused 1ms+1ms
D/dalvikvm( 1142): GC_CONCURRENT freed 397K, 79% free 1319K/6019K, paused 1ms+1ms
D/dalvikvm( 1142): GC_CONCURRENT freed 397K, 77% free 1393K/6019K, paused 1ms+1ms
D/dalvikvm( 1142): GC_CONCURRENT freed 466K, 79% free 1311K/6019K, paused 1ms+1ms
D/dalvikvm( 1142): GC_CONCURRENT freed 394K, 79% free 1311K/6019K, paused 1ms+1ms
D/dalvikvm( 1142): GC_CONCURRENT freed 391K, 79% free 1311K/6019K, paused 1ms+1ms
D/dalvikvm( 1142): GC_CONCURRENT freed 392K, 79% free 1311K/6019K, paused 1ms+1ms
D/dalvikvm( 1142): GC_CONCURRENT freed 393K, 78% free 1342K/6019K, paused 0ms+1ms
W/System.err( 1233): org.apache.http.conn.ConnectionPoolTimeoutException: Timeout waiting for connection
W/System.err( 1233):    at org.apache.http.impl.conn.tsccm.ConnPoolByRoute.getEntryBlocking(ConnPoolByRoute.java:353)
W/System.err( 1233):    at org.apache.http.impl.conn.tsccm.ConnPoolByRoute$1.getPoolEntry(ConnPoolByRoute.java:238)
W/System.err( 1233):    at org.apache.http.impl.conn.tsccm.ThreadSafeClientConnManager$1.getConnection(ThreadSafeClientConnManager.java:177)
W/System.err( 1233):    at org.apache.http.impl.client.DefaultRequestDirector.execute(DefaultRequestDirector.java:326)
W/System.err( 1233):    at org.apache.http.impl.client.AbstractHttpClient.execute(AbstractHttpClient.java:555)
W/System.err( 1233):    at org.apache.http.impl.client.AbstractHttpClient.execute(AbstractHttpClient.java:487)
W/System.err( 1233):    at org.apache.http.impl.client.AbstractHttpClient.execute(AbstractHttpClient.java:465)
W/System.err( 1233):    at com.fiship.cibn.common.NetworkUtil.isConnectToServerByHttp(NetworkUtil.java:39)
W/System.err( 1233):    at com.fiship.cibn.weather.WeatherTask.doInBackground(WeatherTask.java:184)
W/System.err( 1233):    at com.fiship.cibn.weather.WeatherTask.doInBackground(WeatherTask.java:31)
W/System.err( 1233):    at android.os.AsyncTask$2.call(AsyncTask.java:264)
W/System.err( 1233):    at java.util.concurrent.FutureTask$Sync.innerRun(FutureTask.java:305)
W/System.err( 1233):    at java.util.concurrent.FutureTask.run(FutureTask.java:137)
W/System.err( 1233):    at android.os.AsyncTask$SerialExecutor$1.run(AsyncTask.java:208)
W/System.err( 1233):    at java.util.concurrent.ThreadPoolExecutor.runWorker(ThreadPoolExecutor.java:1076)
W/System.err( 1233):    at java.util.concurrent.ThreadPoolExecutor$Worker.run(ThreadPoolExecutor.java:569)
W/System.err( 1233):    at java.lang.Thread.run(Thread.java:856)
E/WeatherTask( 1233): can't connect the url : http://php.weather.sina.com.cn/iframe/index/w_cl.php?day=1
D/dalvikvm( 1142): GC_CONCURRENT freed 414K, 77% free 1438K/6019K, paused 1ms+2ms
D/dalvikvm( 1142): GC_CONCURRENT freed 516K, 77% free 1403K/6019K, paused 1ms+1ms
D/dalvikvm( 1142): GC_CONCURRENT freed 475K, 78% free 1344K/6019K, paused 1ms+2ms
D/dalvikvm( 1142): GC_CONCURRENT freed 416K, 77% free 1405K/6019K, paused 1ms+1ms
D/dalvikvm( 1142): GC_CONCURRENT freed 477K, 77% free 1420K/6019K, paused 1ms+1ms
D/dalvikvm( 1142): GC_CONCURRENT freed 486K, 78% free 1371K/6019K, paused 1ms+1ms
D/dalvikvm( 1142): GC_CONCURRENT freed 443K, 77% free 1396K/6019K, paused 0ms+1ms
D/dalvikvm( 1142): GC_CONCURRENT freed 477K, 77% free 1403K/6019K, paused 1ms+1ms
D/dalvikvm( 1142): GC_CONCURRENT freed 475K, 79% free 1312K/6019K, paused 1ms+1ms
D/dalvikvm( 1142): GC_CONCURRENT freed 394K, 78% free 1343K/6019K, paused 1ms+1ms
D/dalvikvm( 1142): GC_CONCURRENT freed 414K, 79% free 1312K/6019K, paused 1ms+1ms
D/dalvikvm( 1142): GC_CONCURRENT freed 396K, 77% free 1426K/6019K, paused 1ms+1ms
D/dalvikvm( 1142): GC_CONCURRENT freed 487K, 77% free 1407K/6019K, paused 1ms+1ms
D/dalvikvm( 1142): GC_CONCURRENT freed 475K, 78% free 1330K/6019K, paused 0ms+1ms
D/dalvikvm( 1142): GC_CONCURRENT freed 403K, 77% free 1437K/6019K, paused 1ms+1ms
D/dalvikvm( 1142): GC_CONCURRENT freed 516K, 79% free 1312K/6019K, paused 1ms+1ms
D/dalvikvm( 1142): GC_CONCURRENT freed 395K, 79% free 1311K/6019K, paused 1ms+2ms
D/dalvikvm( 1142): GC_CONCURRENT freed 393K, 79% free 1312K/6019K, paused 1ms+1ms
D/dalvikvm( 1142): GC_CONCURRENT freed 393K, 79% free 1312K/6019K, paused 1ms+2ms
D/dalvikvm( 1142): GC_CONCURRENT freed 398K, 79% free 1310K/6019K, paused 1ms+1ms
D/dalvikvm( 1142): GC_CONCURRENT freed 382K, 77% free 1432K/6019K, paused 1ms+1ms
D/dalvikvm( 1142): GC_CONCURRENT freed 504K, 77% free 1403K/6019K, paused 1ms+1ms
D/dalvikvm( 1142): GC_CONCURRENT freed 475K, 78% free 1344K/6019K, paused 1ms+1ms
D/dalvikvm( 1142): GC_CONCURRENT freed 417K, 77% free 1438K/6019K, paused 0ms+1ms
D/dalvikvm( 1142): GC_CONCURRENT freed 516K, 78% free 1382K/6019K, paused 1ms+1ms
D/dalvikvm( 1142): GC_CONCURRENT freed 448K, 78% free 1325K/6019K, paused 1ms+1ms
D/dalvikvm( 1142): GC_CONCURRENT freed 394K, 78% free 1325K/6019K, paused 1ms+1ms
D/dalvikvm( 1142): GC_CONCURRENT freed 404K, 79% free 1321K/6019K, paused 1ms+1ms
D/dalvikvm( 1142): GC_CONCURRENT freed 396K, 79% free 1319K/6019K, paused 1ms+1ms
D/dalvikvm( 1142): GC_CONCURRENT freed 405K, 79% free 1307K/6019K, paused 1ms+1ms
D/dalvikvm( 1142): GC_CONCURRENT freed 392K, 78% free 1324K/6019K, paused 1ms+2ms
D/dalvikvm( 1142): GC_CONCURRENT freed 394K, 78% free 1324K/6019K, paused 1ms+1ms
D/dalvikvm( 1142): GC_CONCURRENT freed 393K, 78% free 1324K/6019K, paused 0ms+1ms
D/dalvikvm( 1142): GC_CONCURRENT freed 393K, 78% free 1324K/6019K, paused 1ms+1ms
D/dalvikvm( 1142): GC_CONCURRENT freed 393K, 78% free 1325K/6019K, paused 1ms+1ms
D/HomePlayerLib( 1142): hostaddress count is 2
D/dalvikvm( 1142): GC_CONCURRENT freed 450K, 77% free 1384K/6019K, paused 1ms+1ms
D/dalvikvm( 1142): GC_CONCURRENT freed 469K, 79% free 1322K/6019K, paused 1ms+1ms
D/dalvikvm( 1142): GC_CONCURRENT freed 403K, 78% free 1359K/6019K, paused 1ms+1ms
D/dalvikvm( 1142): GC_CONCURRENT freed 439K, 77% free 1428K/6019K, paused 0ms+1ms
D/dalvikvm( 1142): GC_CONCURRENT freed 503K, 77% free 1426K/6019K, paused 1ms+1ms
D/dalvikvm( 1142): GC_CONCURRENT freed 487K, 78% free 1328K/6019K, paused 1ms+1ms
D/dalvikvm( 1142): GC_CONCURRENT freed 484K, 78% free 1350K/6019K, paused 1ms+2ms
D/dalvikvm( 1142): GC_CONCURRENT freed 409K, 77% free 1425K/6019K, paused 0ms+1ms
D/dalvikvm( 1142): GC_CONCURRENT freed 490K, 77% free 1440K/6019K, paused 1ms+1ms
D/dalvikvm( 1142): GC_CONCURRENT freed 522K, 77% free 1424K/6019K, paused 1ms+1ms
D/dalvikvm( 1142): GC_CONCURRENT freed 488K, 76% free 1447K/6019K, paused 1ms+1ms
D/dalvikvm( 1142): GC_CONCURRENT freed 523K, 77% free 1432K/6019K, paused 1ms+1ms
D/dalvikvm( 1142): GC_CONCURRENT freed 489K, 77% free 1412K/6019K, paused 1ms+1ms
D/dalvikvm( 1142): GC_CONCURRENT freed 472K, 78% free 1329K/6019K, paused 1ms+1ms
D/dalvikvm( 1142): GC_CONCURRENT freed 410K, 79% free 1305K/6019K, paused 1ms+1ms
D/dalvikvm( 1142): GC_CONCURRENT freed 377K, 77% free 1430K/6019K, paused 1ms+1ms
D/dalvikvm( 1142): GC_CONCURRENT freed 503K, 77% free 1435K/6019K, paused 1ms+2ms
D/dalvikvm( 1142): GC_CONCURRENT freed 520K, 79% free 1314K/6019K, paused 0ms+1ms
D/dalvikvm( 1142): GC_CONCURRENT freed 383K, 77% free 1432K/6019K, paused 1ms+1ms
D/dalvikvm( 1142): GC_CONCURRENT freed 504K, 77% free 1420K/6019K, paused 0ms+0ms
D/dalvikvm( 1142): GC_CONCURRENT freed 488K, 78% free 1326K/6019K, paused 1ms+1ms
D/dalvikvm( 1142): GC_CONCURRENT freed 404K, 79% free 1313K/6019K, paused 1ms+2ms
D/dalvikvm( 1142): GC_CONCURRENT freed 395K, 79% free 1319K/6019K, paused 1ms+1ms
D/dalvikvm( 1142): GC_CONCURRENT freed 394K, 79% free 1320K/6019K, paused 1ms+1ms
D/dalvikvm( 1142): GC_CONCURRENT freed 393K, 79% free 1320K/6019K, paused 1ms+0ms
D/dalvikvm( 1142): GC_CONCURRENT freed 394K, 79% free 1311K/6019K, paused 1ms+1ms
D/dalvikvm( 1142): GC_CONCURRENT freed 393K, 77% free 1418K/6019K, paused 0ms+1ms
D/dalvikvm( 1142): GC_CONCURRENT freed 494K, 77% free 1424K/6019K, paused 1ms+1ms
D/dalvikvm( 1142): GC_CONCURRENT freed 491K, 77% free 1431K/6019K, paused 1ms+1ms
D/dalvikvm( 1142): GC_CONCURRENT freed 502K, 78% free 1344K/6019K, paused 1ms+1ms
D/dalvikvm( 1142): GC_CONCURRENT freed 417K, 79% free 1313K/6019K, paused 1ms+1ms
D/dalvikvm( 1142): GC_CONCURRENT freed 395K, 77% free 1426K/6019K, paused 1ms+1ms
D/dalvikvm( 1142): GC_CONCURRENT freed 487K, 78% free 1324K/6019K, paused 0ms+1ms
D/dalvikvm( 1142): GC_CONCURRENT freed 394K, 77% free 1411K/6019K, paused 0ms+1ms
D/dalvikvm( 1142): GC_CONCURRENT freed 485K, 77% free 1397K/6019K, paused 1ms+1ms
D/dalvikvm( 1142): GC_CONCURRENT freed 478K, 79% free 1312K/6019K, paused 1ms+1ms
D/dalvikvm( 1142): GC_CONCURRENT freed 393K, 79% free 1311K/6019K, paused 1ms+1ms
D/dalvikvm( 1142): GC_CONCURRENT freed 392K, 79% free 1311K/6019K, paused 1ms+1ms
D/dalvikvm( 1142): GC_CONCURRENT freed 393K, 79% free 1312K/6019K, paused 0ms+1ms
D/dalvikvm( 1142): GC_CONCURRENT freed 393K, 79% free 1312K/6019K, paused 1ms+2ms
D/dalvikvm( 1142): GC_CONCURRENT freed 398K, 79% free 1298K/6019K, paused 0ms+1ms
D/dalvikvm( 1142): GC_CONCURRENT freed 368K, 79% free 1323K/6019K, paused 0ms+1ms
D/dalvikvm( 1142): GC_CONCURRENT freed 392K, 79% free 1323K/6019K, paused 1ms+1ms
D/dalvikvm( 1142): GC_CONCURRENT freed 393K, 77% free 1406K/6019K, paused 1ms+0ms
D/dalvikvm( 1142): GC_CONCURRENT freed 474K, 78% free 1325K/6019K, paused 1ms+1ms
D/dalvikvm( 1142): GC_CONCURRENT freed 394K, 78% free 1324K/6019K, paused 1ms+1ms
D/dalvikvm( 1142): GC_CONCURRENT freed 393K, 78% free 1325K/6019K, paused 1ms+1ms
D/dalvikvm( 1142): GC_CONCURRENT freed 402K, 79% free 1321K/6019K, paused 1ms+1ms
D/dalvikvm( 1142): GC_CONCURRENT freed 407K, 79% free 1307K/6019K, paused 1ms+1ms
D/dalvikvm( 1142): GC_CONCURRENT freed 382K, 79% free 1320K/6019K, paused 1ms+1ms
D/dalvikvm( 1142): GC_CONCURRENT freed 393K, 79% free 1320K/6019K, paused 1ms+1ms
D/dalvikvm( 1142): GC_CONCURRENT freed 404K, 78% free 1324K/6019K, paused 1ms+2ms
D/dalvikvm( 1142): GC_CONCURRENT freed 392K, 78% free 1324K/6019K, paused 1ms+1ms
D/dalvikvm( 1142): GC_CONCURRENT freed 393K, 78% free 1324K/6019K, paused 1ms+1ms
D/dalvikvm( 1142): GC_CONCURRENT freed 391K, 78% free 1325K/6019K, paused 1ms+1ms
D/dalvikvm( 1142): GC_CONCURRENT freed 400K, 79% free 1324K/6019K, paused 1ms+1ms
D/HomePlayerLib( 1142): hostaddress count is 2
D/dalvikvm( 1142): GC_CONCURRENT freed 405K, 79% free 1318K/6019K, paused 1ms+1ms
D/dalvikvm( 1142): GC_CONCURRENT freed 387K, 78% free 1375K/6019K, paused 0ms+1ms
D/dalvikvm( 1142): GC_CONCURRENT freed 448K, 78% free 1367K/6019K, paused 1ms+1ms
D/dalvikvm( 1142): GC_CONCURRENT freed 452K, 79% free 1304K/6019K, paused 1ms+1ms
D/dalvikvm( 1142): GC_CONCURRENT freed 380K, 78% free 1383K/6019K, paused 0ms+1ms
D/dalvikvm( 1142): GC_CONCURRENT freed 440K, 77% free 1412K/6019K, paused 1ms+1ms
D/dalvikvm( 1142): GC_CONCURRENT freed 520K, 78% free 1358K/6019K, paused 1ms+1ms
D/dalvikvm( 1142): GC_CONCURRENT freed 427K, 78% free 1325K/6019K, paused 1ms+2ms
D/dalvikvm( 1142): GC_CONCURRENT freed 435K, 76% free 1469K/6019K, paused 1ms+1ms
D/dalvikvm( 1142): GC_CONCURRENT freed 553K, 79% free 1322K/6019K, paused 1ms+1ms
D/dalvikvm( 1142): GC_CONCURRENT freed 380K, 78% free 1327K/6019K, paused 1ms+2ms
D/dalvikvm( 1142): GC_CONCURRENT freed 401K, 77% free 1431K/6019K, paused 1ms+1ms
D/dalvikvm( 1142): GC_CONCURRENT freed 488K, 78% free 1328K/6019K, paused 1ms+1ms
D/dalvikvm( 1142): GC_CONCURRENT freed 393K, 78% free 1328K/6019K, paused 1ms+2ms
D/dalvikvm( 1142): GC_CONCURRENT freed 404K, 78% free 1326K/6019K, paused 1ms+1ms
D/dalvikvm( 1142): GC_CONCURRENT freed 434K, 78% free 1330K/6019K, paused 1ms+1ms
D/dalvikvm( 1142): GC_CONCURRENT freed 404K, 77% free 1421K/6019K, paused 1ms+1ms
D/dalvikvm( 1142): GC_CONCURRENT freed 491K, 78% free 1324K/6019K, paused 1ms+1ms
D/dalvikvm( 1142): GC_CONCURRENT freed 394K, 79% free 1324K/6019K, paused 1ms+1ms
D/dalvikvm( 1142): GC_CONCURRENT freed 392K, 77% free 1411K/6019K, paused 1ms+1ms
D/dalvikvm( 1142): GC_CONCURRENT freed 483K, 79% free 1314K/6019K, paused 0ms+1ms
D/dalvikvm( 1142): GC_CONCURRENT freed 397K, 77% free 1419K/6019K, paused 1ms+1ms
D/dalvikvm( 1142): GC_CONCURRENT freed 488K, 78% free 1325K/6019K, paused 1ms+1ms
D/dalvikvm( 1142): GC_CONCURRENT freed 395K, 77% free 1410K/6019K, paused 1ms+1ms
W/System.err( 1233): org.apache.http.conn.ConnectionPoolTimeoutException: Timeout waiting for connection
W/System.err( 1233):    at org.apache.http.impl.conn.tsccm.ConnPoolByRoute.getEntryBlocking(ConnPoolByRoute.java:353)
W/System.err( 1233):    at org.apache.http.impl.conn.tsccm.ConnPoolByRoute$1.getPoolEntry(ConnPoolByRoute.java:238)
W/System.err( 1233):    at org.apache.http.impl.conn.tsccm.ThreadSafeClientConnManager$1.getConnection(ThreadSafeClientConnManager.java:177)
W/System.err( 1233):    at org.apache.http.impl.client.DefaultRequestDirector.execute(DefaultRequestDirector.java:326)
W/System.err( 1233):    at org.apache.http.impl.client.AbstractHttpClient.execute(AbstractHttpClient.java:555)
W/System.err( 1233):    at org.apache.http.impl.client.AbstractHttpClient.execute(AbstractHttpClient.java:487)
W/System.err( 1233):    at org.apache.http.impl.client.AbstractHttpClient.execute(AbstractHttpClient.java:465)
W/System.err( 1233):    at com.fiship.cibn.common.NetworkUtil.isConnectToServerByHttp(NetworkUtil.java:39)
W/System.err( 1233):    at com.fiship.cibn.weather.WeatherTask.doInBackground(WeatherTask.java:184)
W/System.err( 1233):    at com.fiship.cibn.weather.WeatherTask.doInBackground(WeatherTask.java:31)
W/System.err( 1233):    at android.os.AsyncTask$2.call(AsyncTask.java:264)
W/System.err( 1233):    at java.util.concurrent.FutureTask$Sync.innerRun(FutureTask.java:305)
W/System.err( 1233):    at java.util.concurrent.FutureTask.run(FutureTask.java:137)
W/System.err( 1233):    at android.os.AsyncTask$SerialExecutor$1.run(AsyncTask.java:208)
W/System.err( 1233):    at java.util.concurrent.ThreadPoolExecutor.runWorker(ThreadPoolExecutor.java:1076)
W/System.err( 1233):    at java.util.concurrent.ThreadPoolExecutor$Worker.run(ThreadPoolExecutor.java:569)
W/System.err( 1233):    at java.lang.Thread.run(Thread.java:856)
E/WeatherTask( 1233): can't connect the url : http://php.weather.sina.com.cn/iframe/index/w_cl.php?day=1
D/dalvikvm( 1142): GC_CONCURRENT freed 481K, 79% free 1313K/6019K, paused 0ms+1ms
D/dalvikvm( 1142): GC_CONCURRENT freed 396K, 77% free 1419K/6019K, paused 1ms+1ms
D/dalvikvm( 1142): GC_CONCURRENT freed 487K, 77% free 1431K/6019K, paused 1ms+1ms
D/dalvikvm( 1142): GC_CONCURRENT freed 513K, 79% free 1308K/6019K, paused 1ms+1ms
D/dalvikvm( 1142): GC_CONCURRENT freed 378K, 77% free 1409K/6019K, paused 0ms+1ms
D/dalvikvm( 1142): GC_CONCURRENT freed 476K, 78% free 1324K/6019K, paused 0ms+1ms
D/dalvikvm( 1142): GC_CONCURRENT freed 394K, 79% free 1324K/6019K, paused 1ms+1ms
D/dalvikvm( 1142): GC_CONCURRENT freed 392K, 78% free 1324K/6019K, paused 1ms+1ms
D/dalvikvm( 1142): GC_CONCURRENT freed 392K, 78% free 1324K/6019K, paused 1ms+1ms
D/dalvikvm( 1142): GC_CONCURRENT freed 393K, 78% free 1325K/6019K, paused 1ms+2ms
D/dalvikvm( 1142): GC_CONCURRENT freed 404K, 79% free 1312K/6019K, paused 1ms+1ms
D/dalvikvm( 1142): GC_CONCURRENT freed 396K, 79% free 1311K/6019K, paused 1ms+1ms
D/dalvikvm( 1142): GC_CONCURRENT freed 394K, 79% free 1320K/6019K, paused 1ms+1ms
D/dalvikvm( 1142): GC_CONCURRENT freed 394K, 79% free 1320K/6019K, paused 1ms+1ms
D/dalvikvm( 1142): GC_CONCURRENT freed 394K, 79% free 1312K/6019K, paused 1ms+1ms
D/dalvikvm( 1142): GC_CONCURRENT freed 392K, 79% free 1320K/6019K, paused 0ms+2ms
D/dalvikvm( 1142): GC_CONCURRENT freed 405K, 78% free 1324K/6019K, paused 1ms+1ms
D/dalvikvm( 1142): GC_CONCURRENT freed 393K, 78% free 1326K/6019K, paused 0ms+1ms
D/dalvikvm( 1142): GC_CONCURRENT freed 404K, 79% free 1321K/6019K, paused 1ms+1ms
D/dalvikvm( 1142): GC_CONCURRENT freed 396K, 79% free 1319K/6019K, paused 1ms+1ms
D/dalvikvm( 1142): GC_CONCURRENT freed 401K, 79% free 1312K/6019K, paused 1ms+1ms
D/dalvikvm( 1142): GC_CONCURRENT freed 397K, 79% free 1324K/6019K, paused 1ms+2ms
D/dalvikvm( 1142): GC_CONCURRENT freed 393K, 78% free 1324K/6019K, paused 1ms+1ms
D/dalvikvm( 1142): GC_CONCURRENT freed 393K, 78% free 1324K/6019K, paused 1ms+1ms
D/dalvikvm( 1142): GC_CONCURRENT freed 418K, 78% free 1345K/6019K, paused 1ms+1ms
D/dalvikvm( 1142): GC_CONCURRENT freed 484K, 78% free 1362K/6019K, paused 1ms+1ms
D/HomePlayerLib( 1142): hostaddress count is 2
D/dalvikvm( 1142): GC_CONCURRENT freed 431K, 78% free 1364K/6019K, paused 1ms+1ms
D/dalvikvm( 1142): GC_CONCURRENT freed 442K, 79% free 1319K/6019K, paused 1ms+1ms
D/dalvikvm( 1142): GC_CONCURRENT freed 404K, 79% free 1299K/6019K, paused 1ms+1ms
D/dalvikvm( 1142): GC_CONCURRENT freed 371K, 78% free 1328K/6019K, paused 1ms+1ms
D/dalvikvm( 1142): GC_CONCURRENT freed 393K, 78% free 1325K/6019K, paused 1ms+1ms
D/dalvikvm( 1142): GC_CONCURRENT freed 391K, 78% free 1328K/6019K, paused 1ms+1ms
D/dalvikvm( 1142): GC_CONCURRENT freed 393K, 78% free 1329K/6019K, paused 1ms+1ms
D/dalvikvm( 1142): GC_CONCURRENT freed 393K, 78% free 1327K/6019K, paused 1ms+1ms
D/dalvikvm( 1142): GC_CONCURRENT freed 392K, 76% free 1465K/6019K, paused 1ms+1ms
D/dalvikvm( 1142): GC_CONCURRENT freed 536K, 78% free 1341K/6019K, paused 1ms+1ms
D/dalvikvm( 1142): GC_CONCURRENT freed 408K, 78% free 1328K/6019K, paused 1ms+1ms
D/dalvikvm( 1142): GC_CONCURRENT freed 393K, 78% free 1327K/6019K, paused 1ms+1ms
D/dalvikvm( 1142): GC_CONCURRENT freed 392K, 77% free 1412K/6019K, paused 0ms+1ms
D/dalvikvm( 1142): GC_CONCURRENT freed 472K, 78% free 1334K/6019K, paused 1ms+1ms
D/dalvikvm( 1142): GC_CONCURRENT freed 523K, 79% free 1319K/6019K, paused 1ms+1ms
D/dalvikvm( 1142): GC_CONCURRENT freed 396K, 79% free 1316K/6019K, paused 1ms+1ms
D/dalvikvm( 1142): GC_CONCURRENT freed 378K, 76% free 1453K/6019K, paused 0ms+1ms
D/dalvikvm( 1142): GC_CONCURRENT freed 527K, 77% free 1423K/6019K, paused 1ms+2ms
D/dalvikvm( 1142): GC_CONCURRENT freed 490K, 78% free 1325K/6019K, paused 1ms+1ms
D/dalvikvm( 1142): GC_CONCURRENT freed 393K, 79% free 1324K/6019K, paused 1ms+1ms
D/dalvikvm( 1142): GC_CONCURRENT freed 393K, 78% free 1324K/6019K, paused 1ms+1ms
D/dalvikvm( 1142): GC_CONCURRENT freed 393K, 79% free 1324K/6019K, paused 1ms+2ms
D/dalvikvm( 1142): GC_CONCURRENT freed 393K, 78% free 1329K/6019K, paused 1ms+1ms
D/dalvikvm( 1142): GC_CONCURRENT freed 403K, 77% free 1437K/6019K, paused 1ms+1ms
D/dalvikvm( 1142): GC_CONCURRENT freed 513K, 77% free 1429K/6019K, paused 0ms+1ms
D/dalvikvm( 1142): GC_CONCURRENT freed 511K, 79% free 1308K/6019K, paused 1ms+1ms
D/dalvikvm( 1142): GC_CONCURRENT freed 378K, 77% free 1422K/6019K, paused 2ms+1ms
D/dalvikvm( 1142): GC_CONCURRENT freed 502K, 79% free 1312K/6019K, paused 1ms+1ms
D/dalvikvm( 1142): GC_CONCURRENT freed 394K, 77% free 1424K/6019K, paused 0ms+1ms
D/dalvikvm( 1142): GC_CONCURRENT freed 497K, 78% free 1381K/6019K, paused 0ms+1ms
D/dalvikvm( 1142): GC_CONCURRENT freed 451K, 78% free 1324K/6019K, paused 1ms+1ms
D/dalvikvm( 1142): GC_CONCURRENT freed 394K, 79% free 1324K/6019K, paused 0ms+1ms
D/dalvikvm( 1142): GC_CONCURRENT freed 394K, 78% free 1324K/6019K, paused 0ms+1ms
D/dalvikvm( 1142): GC_CONCURRENT freed 393K, 78% free 1324K/6019K, paused 1ms+1ms
D/dalvikvm( 1142): GC_CONCURRENT freed 392K, 78% free 1324K/6019K, paused 1ms+1ms
D/dalvikvm( 1142): GC_CONCURRENT freed 392K, 78% free 1325K/6019K, paused 1ms+1ms
D/dalvikvm( 1142): GC_CONCURRENT freed 404K, 79% free 1312K/6019K, paused 1ms+1ms
D/dalvikvm( 1142): GC_CONCURRENT freed 396K, 79% free 1311K/6019K, paused 1ms+1ms
D/dalvikvm( 1142): GC_CONCURRENT freed 394K, 77% free 1425K/6019K, paused 0ms+1ms
D/dalvikvm( 1142): GC_CONCURRENT freed 485K, 78% free 1324K/6019K, paused 0ms+1ms
D/dalvikvm( 1142): GC_CONCURRENT freed 393K, 79% free 1324K/6019K, paused 1ms+1ms
D/dalvikvm( 1142): GC_CONCURRENT freed 393K, 78% free 1329K/6019K, paused 1ms+1ms
D/dalvikvm( 1142): GC_CONCURRENT freed 402K, 77% free 1436K/6019K, paused 1ms+1ms
D/dalvikvm( 1142): GC_CONCURRENT freed 516K, 79% free 1321K/6019K, paused 1ms+1ms
D/dalvikvm( 1142): GC_CONCURRENT freed 394K, 79% free 1320K/6019K, paused 1ms+1ms
D/dalvikvm( 1142): GC_CONCURRENT freed 404K, 79% free 1308K/6019K, paused 1ms+1ms
D/dalvikvm( 1142): GC_CONCURRENT freed 380K, 79% free 1321K/6019K, paused 1ms+1ms
D/dalvikvm( 1142): GC_CONCURRENT freed 404K, 79% free 1301K/6019K, paused 1ms+1ms
D/dalvikvm( 1142): GC_CONCURRENT freed 376K, 78% free 1325K/6019K, paused 1ms+1ms
D/dalvikvm( 1142): GC_CONCURRENT freed 395K, 79% free 1324K/6019K, paused 0ms+1ms
D/dalvikvm( 1142): GC_CONCURRENT freed 394K, 79% free 1324K/6019K, paused 0ms+1ms
D/dalvikvm( 1142): GC_CONCURRENT freed 394K, 78% free 1324K/6019K, paused 1ms+1ms
D/dalvikvm( 1142): GC_CONCURRENT freed 393K, 78% free 1324K/6019K, paused 1ms+1ms
D/dalvikvm( 1142): GC_CONCURRENT freed 392K, 78% free 1324K/6019K, paused 1ms+1ms
D/dalvikvm( 1142): GC_CONCURRENT freed 392K, 78% free 1324K/6019K, paused 1ms+1ms
D/dalvikvm( 1142): GC_CONCURRENT freed 393K, 78% free 1325K/6019K, paused 1ms+2ms
D/dalvikvm( 1142): GC_CONCURRENT freed 404K, 78% free 1337K/6019K, paused 1ms+1ms
D/dalvikvm( 1142): GC_CONCURRENT freed 409K, 78% free 1324K/6019K, paused 1ms+2ms
D/dalvikvm( 1142): GC_CONCURRENT freed 404K, 79% free 1309K/6019K, paused 1ms+1ms
D/HomePlayerLib( 1142): hostaddress count is 2
D/dalvikvm( 1142): GC_CONCURRENT freed 387K, 79% free 1322K/6019K, paused 1ms+1ms
D/dalvikvm( 1142): GC_CONCURRENT freed 401K, 79% free 1318K/6019K, paused 1ms+2ms
D/dalvikvm( 1142): GC_CONCURRENT freed 389K, 79% free 1323K/6019K, paused 1ms+1ms
D/dalvikvm( 1142): GC_CONCURRENT freed 412K, 79% free 1315K/6019K, paused 1ms+1ms
D/dalvikvm( 1142): GC_CONCURRENT freed 389K, 77% free 1437K/6019K, paused 1ms+1ms
D/dalvikvm( 1142): GC_CONCURRENT freed 518K, 77% free 1442K/6019K, paused 1ms+1ms
D/dalvikvm( 1142): GC_CONCURRENT freed 510K, 78% free 1331K/6019K, paused 0ms+1ms
D/dalvikvm( 1142): GC_CONCURRENT freed 413K, 79% free 1315K/6019K, paused 1ms+1ms
D/dalvikvm( 1142): GC_CONCURRENT freed 388K, 78% free 1326K/6019K, paused 1ms+1ms
D/dalvikvm( 1142): GC_CONCURRENT freed 391K, 76% free 1450K/6019K, paused 1ms+1ms
D/dalvikvm( 1142): GC_CONCURRENT freed 514K, 78% free 1330K/6019K, paused 1ms+1ms
D/dalvikvm( 1142): GC_CONCURRENT freed 403K, 75% free 1525K/6019K, paused 1ms+2ms
D/dalvikvm( 1142): GC_CONCURRENT freed 596K, 78% free 1327K/6019K, paused 1ms+2ms
D/dalvikvm( 1142): GC_CONCURRENT freed 406K, 78% free 1328K/6019K, paused 1ms+1ms
D/dalvikvm( 1142): GC_CONCURRENT freed 409K, 79% free 1305K/6019K, paused 1ms+1ms
D/dalvikvm( 1142): GC_CONCURRENT freed 376K, 79% free 1323K/6019K, paused 0ms+1ms
D/dalvikvm( 1142): GC_CONCURRENT freed 394K, 79% free 1323K/6019K, paused 1ms+1ms
D/dalvikvm( 1142): GC_CONCURRENT freed 392K, 78% free 1365K/6019K, paused 0ms+1ms
D/dalvikvm( 1142): GC_CONCURRENT freed 434K, 78% free 1324K/6019K, paused 1ms+1ms
D/dalvikvm( 1142): GC_CONCURRENT freed 392K, 78% free 1324K/6019K, paused 1ms+1ms
D/dalvikvm( 1142): GC_CONCURRENT freed 393K, 78% free 1324K/6019K, paused 1ms+0ms
D/dalvikvm( 1142): GC_CONCURRENT freed 393K, 78% free 1325K/6019K, paused 1ms+1ms
D/dalvikvm( 1142): GC_CONCURRENT freed 404K, 79% free 1321K/6019K, paused 1ms+1ms
D/dalvikvm( 1142): GC_CONCURRENT freed 407K, 79% free 1323K/6019K, paused 1ms+1ms
D/dalvikvm( 1142): GC_CONCURRENT freed 393K, 78% free 1324K/6019K, paused 1ms+1ms
D/dalvikvm( 1142): GC_CONCURRENT freed 393K, 78% free 1324K/6019K, paused 1ms+1ms
D/dalvikvm( 1142): GC_CONCURRENT freed 393K, 78% free 1324K/6019K, paused 1ms+1ms
D/dalvikvm( 1142): GC_CONCURRENT freed 393K, 78% free 1324K/6019K, paused 1ms+1ms
D/dalvikvm( 1142): GC_CONCURRENT freed 393K, 78% free 1324K/6019K, paused 1ms+1ms
D/dalvikvm( 1142): GC_CONCURRENT freed 392K, 78% free 1325K/6019K, paused 1ms+1ms
D/dalvikvm( 1142): GC_CONCURRENT freed 403K, 78% free 1338K/6019K, paused 1ms+2ms
W/System.err( 1233): org.apache.http.conn.ConnectionPoolTimeoutException: Timeout waiting for connection
W/System.err( 1233):    at org.apache.http.impl.conn.tsccm.ConnPoolByRoute.getEntryBlocking(ConnPoolByRoute.java:353)
W/System.err( 1233):    at org.apache.http.impl.conn.tsccm.ConnPoolByRoute$1.getPoolEntry(ConnPoolByRoute.java:238)
W/System.err( 1233):    at org.apache.http.impl.conn.tsccm.ThreadSafeClientConnManager$1.getConnection(ThreadSafeClientConnManager.java:177)
W/System.err( 1233):    at org.apache.http.impl.client.DefaultRequestDirector.execute(DefaultRequestDirector.java:326)
W/System.err( 1233):    at org.apache.http.impl.client.AbstractHttpClient.execute(AbstractHttpClient.java:555)
W/System.err( 1233):    at org.apache.http.impl.client.AbstractHttpClient.execute(AbstractHttpClient.java:487)
W/System.err( 1233):    at org.apache.http.impl.client.AbstractHttpClient.execute(AbstractHttpClient.java:465)
W/System.err( 1233):    at com.fiship.cibn.common.NetworkUtil.isConnectToServerByHttp(NetworkUtil.java:39)
W/System.err( 1233):    at com.fiship.cibn.weather.WeatherTask.doInBackground(WeatherTask.java:184)
W/System.err( 1233):    at com.fiship.cibn.weather.WeatherTask.doInBackground(WeatherTask.java:31)
W/System.err( 1233):    at android.os.AsyncTask$2.call(AsyncTask.java:264)
W/System.err( 1233):    at java.util.concurrent.FutureTask$Sync.innerRun(FutureTask.java:305)
W/System.err( 1233):    at java.util.concurrent.FutureTask.run(FutureTask.java:137)
W/System.err( 1233):    at android.os.AsyncTask$SerialExecutor$1.run(AsyncTask.java:208)
W/System.err( 1233):    at java.util.concurrent.ThreadPoolExecutor.runWorker(ThreadPoolExecutor.java:1076)
W/System.err( 1233):    at java.util.concurrent.ThreadPoolExecutor$Worker.run(ThreadPoolExecutor.java:569)
W/System.err( 1233):    at java.lang.Thread.run(Thread.java:856)
E/WeatherTask( 1233): can't connect the url : http://php.weather.sina.com.cn/iframe/index/w_cl.php?day=1
D/dalvikvm( 1142): GC_CONCURRENT freed 409K, 78% free 1324K/6019K, paused 1ms+1ms
D/dalvikvm( 1142): GC_CONCURRENT freed 394K, 79% free 1324K/6019K, paused 1ms+2ms
D/dalvikvm( 1142): GC_CONCURRENT freed 394K, 78% free 1324K/6019K, paused 1ms+1ms
D/dalvikvm( 1142): GC_CONCURRENT freed 392K, 78% free 1324K/6019K, paused 1ms+1ms
D/dalvikvm( 1142): GC_CONCURRENT freed 392K, 78% free 1324K/6019K, paused 1ms+1ms
D/dalvikvm( 1142): GC_CONCURRENT freed 393K, 78% free 1324K/6019K, paused 1ms+1ms
D/dalvikvm( 1142): GC_CONCURRENT freed 393K, 78% free 1324K/6019K, paused 1ms+1ms
D/dalvikvm( 1142): GC_CONCURRENT freed 404K, 79% free 1321K/6019K, paused 1ms+2ms
D/dalvikvm( 1142): GC_CONCURRENT freed 403K, 78% free 1327K/6019K, paused 1ms+1ms
D/dalvikvm( 1142): GC_CONCURRENT freed 397K, 78% free 1324K/6019K, paused 1ms+1ms
D/dalvikvm( 1142): GC_CONCURRENT freed 393K, 78% free 1324K/6019K, paused 1ms+1ms
D/dalvikvm( 1142): GC_CONCURRENT freed 393K, 79% free 1324K/6019K, paused 1ms+1ms
D/dalvikvm( 1142): GC_CONCURRENT freed 393K, 78% free 1324K/6019K, paused 1ms+2ms
D/dalvikvm( 1142): GC_CONCURRENT freed 393K, 78% free 1324K/6019K, paused 1ms+1ms
D/dalvikvm( 1142): GC_CONCURRENT freed 391K, 78% free 1329K/6019K, paused 1ms+1ms
D/dalvikvm( 1142): GC_CONCURRENT freed 403K, 79% free 1321K/6019K, paused 1ms+1ms
D/dalvikvm( 1142): GC_CONCURRENT freed 396K, 79% free 1311K/6019K, paused 0ms+1ms
D/dalvikvm( 1142): GC_CONCURRENT freed 394K, 79% free 1320K/6019K, paused 1ms+1ms
D/dalvikvm( 1142): GC_CONCURRENT freed 394K, 79% free 1320K/6019K, paused 1ms+1ms
D/dalvikvm( 1142): GC_CONCURRENT freed 414K, 78% free 1337K/6019K, paused 1ms+1ms
D/HomePlayerLib( 1142): hostaddress count is 2
D/dalvikvm( 1142): GC_CONCURRENT freed 417K, 79% free 1310K/6019K, paused 0ms+1ms
D/dalvikvm( 1142): GC_CONCURRENT freed 395K, 77% free 1421K/6019K, paused 1ms+0ms
D/dalvikvm( 1142): GC_CONCURRENT freed 487K, 77% free 1409K/6019K, paused 1ms+1ms
D/dalvikvm( 1142): GC_CONCURRENT freed 471K, 78% free 1375K/6019K, paused 1ms+1ms
D/dalvikvm( 1142): GC_CONCURRENT freed 456K, 79% free 1303K/6019K, paused 1ms+1ms
D/dalvikvm( 1142): GC_CONCURRENT freed 382K, 77% free 1424K/6019K, paused 1ms+1ms
D/dalvikvm( 1142): GC_CONCURRENT freed 487K, 77% free 1428K/6019K, paused 0ms+1ms
D/dalvikvm( 1142): GC_CONCURRENT freed 508K, 79% free 1306K/6019K, paused 1ms+1ms
D/dalvikvm( 1142): GC_CONCURRENT freed 380K, 77% free 1432K/6019K, paused 1ms+1ms
D/dalvikvm( 1142): GC_CONCURRENT freed 491K, 77% free 1410K/6019K, paused 1ms+0ms
D/dalvikvm( 1142): GC_CONCURRENT freed 473K, 78% free 1375K/6019K, paused 1ms+1ms
D/dalvikvm( 1142): GC_CONCURRENT freed 482K, 77% free 1405K/6019K, paused 1ms+1ms
D/dalvikvm( 1142): GC_CONCURRENT freed 516K, 77% free 1400K/6019K, paused 1ms+1ms
D/dalvikvm( 1142): GC_CONCURRENT freed 495K, 77% free 1431K/6019K, paused 1ms+1ms
D/dalvikvm( 1142): GC_CONCURRENT freed 535K, 75% free 1552K/6019K, paused 1ms+2ms
D/dalvikvm( 1142): GC_CONCURRENT freed 619K, 76% free 1478K/6019K, paused 1ms+1ms
D/dalvikvm( 1142): GC_CONCURRENT freed 556K, 78% free 1324K/6019K, paused 1ms+1ms
D/dalvikvm( 1142): GC_CONCURRENT freed 410K, 77% free 1405K/6019K, paused 1ms+1ms
D/dalvikvm( 1142): GC_CONCURRENT freed 486K, 77% free 1421K/6019K, paused 1ms+1ms
D/dalvikvm( 1142): GC_CONCURRENT freed 489K, 78% free 1371K/6019K, paused 1ms+1ms
D/dalvikvm( 1142): GC_CONCURRENT freed 484K, 78% free 1324K/6019K, paused 1ms+1ms
D/dalvikvm( 1142): GC_CONCURRENT freed 391K, 79% free 1324K/6019K, paused 1ms+1ms
D/dalvikvm( 1142): GC_CONCURRENT freed 392K, 79% free 1324K/6019K, paused 1ms+1ms
D/dalvikvm( 1142): GC_CONCURRENT freed 393K, 78% free 1324K/6019K, paused 1ms+2ms
D/dalvikvm( 1142): GC_CONCURRENT freed 393K, 78% free 1324K/6019K, paused 0ms+1ms
D/dalvikvm( 1142): GC_CONCURRENT freed 391K, 78% free 1324K/6019K, paused 1ms+1ms
D/dalvikvm( 1142): GC_CONCURRENT freed 392K, 78% free 1325K/6019K, paused 1ms+1ms
D/dalvikvm( 1142): GC_CONCURRENT freed 404K, 78% free 1337K/6019K, paused 1ms+1ms
D/dalvikvm( 1142): GC_CONCURRENT freed 407K, 79% free 1323K/6019K, paused 1ms+1ms
D/dalvikvm( 1142): GC_CONCURRENT freed 393K, 77% free 1406K/6019K, paused 1ms+1ms
D/dalvikvm( 1142): GC_CONCURRENT freed 474K, 78% free 1324K/6019K, paused 1ms+1ms
D/dalvikvm( 1142): GC_CONCURRENT freed 394K, 78% free 1370K/6019K, paused 0ms+1ms
D/dalvikvm( 1142): GC_CONCURRENT freed 442K, 77% free 1396K/6019K, paused 1ms+1ms
D/dalvikvm( 1142): GC_CONCURRENT freed 477K, 77% free 1420K/6019K, paused 1ms+1ms
D/dalvikvm( 1142): GC_CONCURRENT freed 488K, 78% free 1325K/6019K, paused 1ms+1ms
D/dalvikvm( 1142): GC_CONCURRENT freed 392K, 78% free 1325K/6019K, paused 1ms+1ms
D/dalvikvm( 1142): GC_CONCURRENT freed 403K, 79% free 1321K/6019K, paused 1ms+1ms
D/dalvikvm( 1142): GC_CONCURRENT freed 396K, 79% free 1319K/6019K, paused 1ms+1ms
D/dalvikvm( 1142): GC_CONCURRENT freed 394K, 79% free 1320K/6019K, paused 1ms+1ms
D/dalvikvm( 1142): GC_CONCURRENT freed 394K, 79% free 1312K/6019K, paused 1ms+1ms
D/dalvikvm( 1142): GC_CONCURRENT freed 392K, 77% free 1426K/6019K, paused 1ms+1ms
D/dalvikvm( 1142): GC_CONCURRENT freed 486K, 78% free 1330K/6019K, paused 0ms+1ms
D/dalvikvm( 1142): GC_CONCURRENT freed 405K, 79% free 1312K/6019K, paused 1ms+1ms
D/dalvikvm( 1142): GC_CONCURRENT freed 394K, 77% free 1393K/6019K, paused 1ms+1ms
D/dalvikvm( 1142): GC_CONCURRENT freed 473K, 77% free 1420K/6019K, paused 0ms+1ms
D/dalvikvm( 1142): GC_CONCURRENT freed 488K, 78% free 1326K/6019K, paused 1ms+1ms
D/dalvikvm( 1142): GC_CONCURRENT freed 405K, 79% free 1312K/6019K, paused 1ms+1ms
D/dalvikvm( 1142): GC_CONCURRENT freed 396K, 75% free 1542K/6019K, paused 1ms+2ms
D/dalvikvm( 1142): GC_CONCURRENT freed 609K, 78% free 1332K/6019K, paused 1ms+1ms
D/dalvikvm( 1142): GC_CONCURRENT freed 405K, 79% free 1312K/6019K, paused 1ms+1ms
D/dalvikvm( 1142): GC_CONCURRENT freed 395K, 77% free 1393K/6019K, paused 1ms+1ms
D/dalvikvm( 1142): GC_CONCURRENT freed 474K, 77% free 1427K/6019K, paused 1ms+1ms
D/dalvikvm( 1142): GC_CONCURRENT freed 488K, 78% free 1330K/6019K, paused 1ms+1ms
D/dalvikvm( 1142): GC_CONCURRENT freed 405K, 77% free 1437K/6019K, paused 0ms+1ms
D/dalvikvm( 1142): GC_CONCURRENT freed 513K, 77% free 1429K/6019K, paused 1ms+0ms
D/HomePlayerLib( 1142): hostaddress count is 2
D/dalvikvm( 1142): GC_CONCURRENT freed 503K, 79% free 1322K/6019K, paused 1ms+1ms
D/dalvikvm( 1142): GC_CONCURRENT freed 405K, 79% free 1310K/6019K, paused 1ms+1ms
D/dalvikvm( 1142): GC_CONCURRENT freed 378K, 78% free 1326K/6019K, paused 1ms+1ms
D/dalvikvm( 1142): GC_CONCURRENT freed 390K, 77% free 1398K/6019K, paused 1ms+1ms
D/dalvikvm( 1142): GC_CONCURRENT freed 472K, 78% free 1375K/6019K, paused 1ms+1ms
D/dalvikvm( 1142): GC_CONCURRENT freed 443K, 79% free 1317K/6019K, paused 1ms+1ms
D/dalvikvm( 1142): GC_CONCURRENT freed 395K, 77% free 1398K/6019K, paused 1ms+2ms
D/dalvikvm( 1142): GC_CONCURRENT freed 473K, 76% free 1449K/6019K, paused 0ms+1ms
D/dalvikvm( 1142): GC_CONCURRENT freed 533K, 77% free 1413K/6019K, paused 0ms+1ms
D/dalvikvm( 1142): GC_CONCURRENT freed 481K, 78% free 1350K/6019K, paused 1ms+1ms
D/dalvikvm( 1142): GC_CONCURRENT freed 407K, 78% free 1328K/6019K, paused 1ms+1ms
D/dalvikvm( 1142): GC_CONCURRENT freed 394K, 77% free 1433K/6019K, paused 1ms+2ms
D/dalvikvm( 1142): GC_CONCURRENT freed 489K, 76% free 1455K/6019K, paused 1ms+1ms
D/dalvikvm( 1142): GC_CONCURRENT freed 537K, 79% free 1302K/6019K, paused 1ms+1ms
D/dalvikvm( 1142): GC_CONCURRENT freed 380K, 77% free 1425K/6019K, paused 1ms+1ms
D/dalvikvm( 1142): GC_CONCURRENT freed 496K, 77% free 1433K/6019K, paused 1ms+1ms
D/dalvikvm( 1142): GC_CONCURRENT freed 490K, 78% free 1327K/6019K, paused 0ms+1ms
D/dalvikvm( 1142): GC_CONCURRENT freed 392K, 77% free 1434K/6019K, paused 1ms+1ms
D/dalvikvm( 1142): GC_CONCURRENT freed 522K, 77% free 1410K/6019K, paused 1ms+1ms
D/dalvikvm( 1142): GC_CONCURRENT freed 491K, 77% free 1428K/6019K, paused 0ms+1ms
D/dalvikvm( 1142): GC_CONCURRENT freed 490K, 78% free 1371K/6019K, paused 1ms+1ms
D/dalvikvm( 1142): GC_CONCURRENT freed 444K, 79% free 1312K/6019K, paused 1ms+1ms
D/dalvikvm( 1142): GC_CONCURRENT freed 395K, 77% free 1426K/6019K, paused 1ms+1ms
D/dalvikvm( 1142): GC_CONCURRENT freed 487K, 77% free 1407K/6019K, paused 1ms+1ms
D/dalvikvm( 1142): GC_CONCURRENT freed 475K, 78% free 1330K/6019K, paused 1ms+1ms
D/dalvikvm( 1142): GC_CONCURRENT freed 405K, 77% free 1437K/6019K, paused 1ms+1ms
D/dalvikvm( 1142): GC_CONCURRENT freed 516K, 79% free 1312K/6019K, paused 1ms+2ms
D/dalvikvm( 1142): GC_CONCURRENT freed 393K, 79% free 1312K/6019K, paused 0ms+1ms
D/dalvikvm( 1142): GC_CONCURRENT freed 393K, 78% free 1383K/6019K, paused 0ms+1ms
D/dalvikvm( 1142): GC_CONCURRENT freed 457K, 79% free 1313K/6019K, paused 1ms+1ms
D/dalvikvm( 1142): GC_CONCURRENT freed 397K, 77% free 1426K/6019K, paused 0ms+1ms
D/dalvikvm( 1142): GC_CONCURRENT freed 486K, 76% free 1447K/6019K, paused 1ms+1ms
D/dalvikvm( 1142): GC_CONCURRENT freed 524K, 77% free 1429K/6019K, paused 0ms+1ms
D/dalvikvm( 1142): GC_CONCURRENT freed 490K, 78% free 1325K/6019K, paused 1ms+1ms
D/dalvikvm( 1142): GC_CONCURRENT freed 393K, 79% free 1324K/6019K, paused 1ms+1ms
D/dalvikvm( 1142): GC_CONCURRENT freed 393K, 77% free 1411K/6019K, paused 1ms+1ms
D/dalvikvm( 1142): GC_CONCURRENT freed 485K, 79% free 1313K/6019K, paused 0ms+1ms
W/System.err( 1233): org.apache.http.conn.ConnectionPoolTimeoutException: Timeout waiting for connection
W/System.err( 1233):    at org.apache.http.impl.conn.tsccm.ConnPoolByRoute.getEntryBlocking(ConnPoolByRoute.java:353)
W/System.err( 1233):    at org.apache.http.impl.conn.tsccm.ConnPoolByRoute$1.getPoolEntry(ConnPoolByRoute.java:238)
W/System.err( 1233):    at org.apache.http.impl.conn.tsccm.ThreadSafeClientConnManager$1.getConnection(ThreadSafeClientConnManager.java:177)
W/System.err( 1233):    at org.apache.http.impl.client.DefaultRequestDirector.execute(DefaultRequestDirector.java:326)
W/System.err( 1233):    at org.apache.http.impl.client.AbstractHttpClient.execute(AbstractHttpClient.java:555)
W/System.err( 1233):    at org.apache.http.impl.client.AbstractHttpClient.execute(AbstractHttpClient.java:487)
W/System.err( 1233):    at org.apache.http.impl.client.AbstractHttpClient.execute(AbstractHttpClient.java:465)
W/System.err( 1233):    at com.fiship.cibn.common.NetworkUtil.isConnectToServerByHttp(NetworkUtil.java:39)
W/System.err( 1233):    at com.fiship.cibn.weather.WeatherTask.doInBackground(WeatherTask.java:184)
W/System.err( 1233):    at com.fiship.cibn.weather.WeatherTask.doInBackground(WeatherTask.java:31)
W/System.err( 1233):    at android.os.AsyncTask$2.call(AsyncTask.java:264)
W/System.err( 1233):    at java.util.concurrent.FutureTask$Sync.innerRun(FutureTask.java:305)
W/System.err( 1233):    at java.util.concurrent.FutureTask.run(FutureTask.java:137)
W/System.err( 1233):    at android.os.AsyncTask$SerialExecutor$1.run(AsyncTask.java:208)
W/System.err( 1233):    at java.util.concurrent.ThreadPoolExecutor.runWorker(ThreadPoolExecutor.java:1076)
W/System.err( 1233):    at java.util.concurrent.ThreadPoolExecutor$Worker.run(ThreadPoolExecutor.java:569)
W/System.err( 1233):    at java.lang.Thread.run(Thread.java:856)
E/WeatherTask( 1233): can't connect the url : http://php.weather.sina.com.cn/iframe/index/w_cl.php?day=1
D/dalvikvm( 1142): GC_CONCURRENT freed 397K, 77% free 1393K/6019K, paused 1ms+1ms
D/dalvikvm( 1142): GC_CONCURRENT freed 474K, 79% free 1312K/6019K, paused 1ms+1ms
D/dalvikvm( 1142): GC_CONCURRENT freed 394K, 77% free 1420K/6019K, paused 1ms+1ms
D/dalvikvm( 1142): GC_CONCURRENT freed 496K, 77% free 1422K/6019K, paused 0ms+1ms
D/dalvikvm( 1142): GC_CONCURRENT freed 490K, 78% free 1325K/6019K, paused 1ms+1ms
D/dalvikvm( 1142): GC_CONCURRENT freed 394K, 78% free 1324K/6019K, paused 1ms+1ms
D/dalvikvm( 1142): GC_CONCURRENT freed 393K, 78% free 1324K/6019K, paused 0ms+1ms
D/dalvikvm( 1142): GC_CONCURRENT freed 393K, 78% free 1324K/6019K, paused 1ms+1ms
D/dalvikvm( 1142): GC_CONCURRENT freed 393K, 78% free 1325K/6019K, paused 1ms+1ms
D/dalvikvm( 1142): GC_CONCURRENT freed 398K, 79% free 1323K/6019K, paused 1ms+1ms
D/dalvikvm( 1142): GC_CONCURRENT freed 393K, 79% free 1323K/6019K, paused 1ms+1ms
D/dalvikvm( 1142): GC_CONCURRENT freed 394K, 78% free 1324K/6019K, paused 1ms+1ms
D/dalvikvm( 1142): GC_CONCURRENT freed 404K, 79% free 1318K/6019K, paused 1ms+1ms
D/HomePlayerLib( 1142): hostaddress count is 2
D/dalvikvm( 1142): GC_CONCURRENT freed 387K, 79% free 1322K/6019K, paused 1ms+1ms
D/dalvikvm( 1142): GC_CONCURRENT freed 401K, 79% free 1312K/6019K, paused 1ms+1ms
D/dalvikvm( 1142): GC_CONCURRENT freed 393K, 77% free 1421K/6019K, paused 0ms+1ms
D/dalvikvm( 1142): GC_CONCURRENT freed 496K, 77% free 1422K/6019K, paused 1ms+1ms
D/dalvikvm( 1142): GC_CONCURRENT freed 486K, 77% free 1409K/6019K, paused 1ms+1ms
D/dalvikvm( 1142): GC_CONCURRENT freed 451K, 78% free 1345K/6019K, paused 1ms+1ms
D/dalvikvm( 1142): GC_CONCURRENT freed 438K, 77% free 1418K/6019K, paused 1ms+1ms
D/dalvikvm( 1142): GC_CONCURRENT freed 521K, 77% free 1428K/6019K, paused 1ms+1ms
D/dalvikvm( 1142): GC_CONCURRENT freed 519K, 77% free 1405K/6019K, paused 1ms+1ms
D/dalvikvm( 1142): GC_CONCURRENT freed 456K, 76% free 1460K/6019K, paused 1ms+1ms
D/dalvikvm( 1142): GC_CONCURRENT freed 532K, 77% free 1440K/6019K, paused 2ms+1ms
D/dalvikvm( 1142): GC_CONCURRENT freed 516K, 77% free 1425K/6019K, paused 1ms+1ms
D/dalvikvm( 1142): GC_CONCURRENT freed 487K, 78% free 1335K/6019K, paused 1ms+1ms
D/dalvikvm( 1142): GC_CONCURRENT freed 413K, 77% free 1433K/6019K, paused 0ms+1ms
D/dalvikvm( 1142): GC_CONCURRENT freed 510K, 75% free 1542K/6019K, paused 1ms+1ms
D/dalvikvm( 1142): GC_CONCURRENT freed 599K, 76% free 1453K/6019K, paused 1ms+1ms
D/dalvikvm( 1142): GC_CONCURRENT freed 509K, 77% free 1433K/6019K, paused 1ms+1ms
D/dalvikvm( 1142): GC_CONCURRENT freed 507K, 77% free 1434K/6019K, paused 1ms+1ms
D/dalvikvm( 1142): GC_CONCURRENT freed 486K, 76% free 1456K/6019K, paused 1ms+1ms
D/dalvikvm( 1142): GC_CONCURRENT freed 523K, 77% free 1442K/6019K, paused 1ms+1ms
D/dalvikvm( 1142): GC_CONCURRENT freed 514K, 76% free 1454K/6019K, paused 1ms+1ms
D/dalvikvm( 1142): GC_CONCURRENT freed 526K, 78% free 1331K/6019K, paused 0ms+1ms
D/dalvikvm( 1142): GC_CONCURRENT freed 404K, 79% free 1312K/6019K, paused 1ms+1ms
D/dalvikvm( 1142): GC_CONCURRENT freed 396K, 79% free 1311K/6019K, paused 1ms+1ms
D/dalvikvm( 1142): GC_CONCURRENT freed 394K, 79% free 1320K/6019K, paused 1ms+1ms
D/dalvikvm( 1142): GC_CONCURRENT freed 393K, 79% free 1320K/6019K, paused 1ms+1ms
D/dalvikvm( 1142): GC_CONCURRENT freed 405K, 79% free 1324K/6019K, paused 1ms+1ms
D/dalvikvm( 1142): GC_CONCURRENT freed 409K, 77% free 1394K/6019K, paused 1ms+1ms
D/dalvikvm( 1142): GC_CONCURRENT freed 468K, 77% free 1438K/6019K, paused 0ms+1ms
D/dalvikvm( 1142): GC_CONCURRENT freed 518K, 77% free 1427K/6019K, paused 1ms+1ms
D/dalvikvm( 1142): GC_CONCURRENT freed 488K, 78% free 1330K/6019K, paused 1ms+1ms
D/dalvikvm( 1142): GC_CONCURRENT freed 402K, 79% free 1313K/6019K, paused 1ms+1ms
D/dalvikvm( 1142): GC_CONCURRENT freed 396K, 77% free 1434K/6019K, paused 1ms+1ms
D/dalvikvm( 1142): GC_CONCURRENT freed 515K, 77% free 1425K/6019K, paused 1ms+1ms
D/dalvikvm( 1142): GC_CONCURRENT freed 498K, 78% free 1381K/6019K, paused 0ms+1ms
D/dalvikvm( 1142): GC_CONCURRENT freed 450K, 78% free 1324K/6019K, paused 1ms+1ms
D/dalvikvm( 1142): GC_CONCURRENT freed 435K, 77% free 1389K/6019K, paused 0ms+1ms
D/dalvikvm( 1142): GC_CONCURRENT freed 461K, 78% free 1343K/6019K, paused 1ms+1ms
D/dalvikvm( 1142): GC_CONCURRENT freed 415K, 77% free 1438K/6019K, paused 1ms+1ms
D/dalvikvm( 1142): GC_CONCURRENT freed 518K, 77% free 1420K/6019K, paused 0ms+1ms
D/dalvikvm( 1142): GC_CONCURRENT freed 488K, 78% free 1330K/6019K, paused 1ms+1ms
D/dalvikvm( 1142): GC_CONCURRENT freed 405K, 79% free 1321K/6019K, paused 1ms+1ms
D/dalvikvm( 1142): GC_CONCURRENT freed 397K, 78% free 1352K/6019K, paused 1ms+1ms
D/dalvikvm( 1142): GC_CONCURRENT freed 434K, 79% free 1312K/6019K, paused 1ms+1ms
D/dalvikvm( 1142): GC_CONCURRENT freed 394K, 79% free 1311K/6019K, paused 1ms+1ms
D/dalvikvm( 1142): GC_CONCURRENT freed 391K, 79% free 1311K/6019K, paused 1ms+1ms
D/dalvikvm( 1142): GC_CONCURRENT freed 392K, 79% free 1312K/6019K, paused 0ms+1ms
D/dalvikvm( 1142): GC_CONCURRENT freed 393K, 78% free 1343K/6019K, paused 0ms+1ms
D/dalvikvm( 1142): GC_CONCURRENT freed 417K, 77% free 1421K/6019K, paused 0ms+1ms
D/dalvikvm( 1142): GC_CONCURRENT freed 491K, 77% free 1431K/6019K, paused 1ms+1ms
D/dalvikvm( 1142): GC_CONCURRENT freed 513K, 78% free 1325K/6019K, paused 1ms+1ms
D/dalvikvm( 1142): GC_CONCURRENT freed 404K, 78% free 1354K/6019K, paused 1ms+1ms
D/dalvikvm( 1142): GC_CONCURRENT freed 437K, 79% free 1320K/6019K, paused 1ms+2ms
D/dalvikvm( 1142): GC_CONCURRENT freed 394K, 79% free 1320K/6019K, paused 1ms+1ms
D/dalvikvm( 1142): GC_CONCURRENT freed 393K, 78% free 1336K/6019K, paused 0ms+1ms
D/dalvikvm( 1142): GC_CONCURRENT freed 416K, 79% free 1318K/6019K, paused 1ms+1ms
D/HomePlayerLib( 1142): hostaddress count is 2
D/dalvikvm( 1142): GC_CONCURRENT freed 387K, 79% free 1322K/6019K, paused 1ms+2ms
D/dalvikvm( 1142): GC_CONCURRENT freed 409K, 79% free 1310K/6019K, paused 1ms+1ms
D/dalvikvm( 1142): GC_CONCURRENT freed 379K, 78% free 1325K/6019K, paused 1ms+1ms
D/dalvikvm( 1142): GC_CONCURRENT freed 390K, 78% free 1328K/6019K, paused 1ms+1ms
D/dalvikvm( 1142): GC_CONCURRENT freed 400K, 78% free 1354K/6019K, paused 1ms+1ms
D/dalvikvm( 1142): GC_CONCURRENT freed 424K, 78% free 1327K/6019K, paused 1ms+1ms
D/dalvikvm( 1142): GC_CONCURRENT freed 391K, 78% free 1329K/6019K, paused 1ms+1ms
D/dalvikvm( 1142): GC_CONCURRENT freed 390K, 78% free 1325K/6019K, paused 1ms+1ms
D/dalvikvm( 1142): GC_CONCURRENT freed 406K, 79% free 1304K/6019K, paused 1ms+1ms
D/dalvikvm( 1142): GC_CONCURRENT freed 376K, 78% free 1359K/6019K, paused 1ms+1ms
D/dalvikvm( 1142): GC_CONCURRENT freed 402K, 78% free 1355K/6019K, paused 1ms+1ms
D/dalvikvm( 1142): GC_CONCURRENT freed 429K, 77% free 1398K/6019K, paused 1ms+1ms
D/dalvikvm( 1142): GC_CONCURRENT freed 471K, 78% free 1327K/6019K, paused 1ms+1ms
D/dalvikvm( 1142): GC_CONCURRENT freed 392K, 78% free 1329K/6019K, paused 1ms+1ms
D/dalvikvm( 1142): GC_CONCURRENT freed 412K, 79% free 1302K/6019K, paused 1ms+2ms
D/dalvikvm( 1142): GC_CONCURRENT freed 367K, 78% free 1366K/6019K, paused 1ms+2ms
D/dalvikvm( 1142): GC_CONCURRENT freed 438K, 77% free 1442K/6019K, paused 1ms+1ms
D/dalvikvm( 1142): GC_CONCURRENT freed 514K, 78% free 1325K/6019K, paused 0ms+1ms
D/dalvikvm( 1142): GC_CONCURRENT freed 394K, 78% free 1339K/6019K, paused 1ms+1ms
D/dalvikvm( 1142): GC_FOR_ALLOC freed 539K, 79% free 1311K/6019K, paused 10ms
D/dalvikvm( 1142): GC_CONCURRENT freed 9K, 77% free 1415K/6019K, paused 0ms+1ms
D/dalvikvm( 1142): GC_CONCURRENT freed 495K, 79% free 1322K/6019K, paused 1ms+1ms
D/dalvikvm( 1142): GC_CONCURRENT freed 405K, 79% free 1301K/6019K, paused 1ms+1ms
D/dalvikvm( 1142): GC_CONCURRENT freed 380K, 78% free 1325K/6019K, paused 1ms+1ms
D/ByPush  ( 1646): Watch Dog Run.
D/ByPush  ( 1646): Push Time:28560
D/ByPush  ( 1646): fetch process exist:false
D/ByPush  ( 1646): service delayStartPush:0
D/ByPush  ( 1646): startWatchDog, will run in 900 seconds.
D/ByPush  ( 1646): Push Run.
D/ByPush  ( 1646): service startPush
D/ByPush  ( 1646): FetchProcess cleanFetch
D/ByPush  ( 1646): dayTime Hour:8
D/ByPush  ( 1646): delayStartFetch:2, id:0
D/dalvikvm( 1142): GC_CONCURRENT freed 394K, 78% free 1324K/6019K, paused 1ms+1ms
D/dalvikvm( 1142): GC_CONCURRENT freed 393K, 79% free 1324K/6019K, paused 1ms+1ms
D/dalvikvm( 1142): GC_CONCURRENT freed 393K, 79% free 1324K/6019K, paused 1ms+1ms
D/dalvikvm( 1142): GC_CONCURRENT freed 393K, 78% free 1324K/6019K, paused 0ms+1ms
D/ByPush  ( 1662): Watch Dog Run.
D/ByPush  ( 1662): Push Time:28500
D/ByPush  ( 1662): fetch process exist:false
D/ByPush  ( 1662): service delayStartPush:0
D/ByPush  ( 1662): startWatchDog, will run in 900 seconds.
D/ByPush  ( 1662): Push Run.
D/ByPush  ( 1662): service startPush
D/ByPush  ( 1662): FetchProcess cleanFetch
D/ByPush  ( 1662): dayTime Hour:8
D/ByPush  ( 1662): delayStartFetch:2, id:0
D/dalvikvm( 1142): GC_CONCURRENT freed 393K, 78% free 1324K/6019K, paused 0ms+1ms
D/dalvikvm( 1142): GC_CONCURRENT freed 393K, 78% free 1324K/6019K, paused 1ms+1ms
D/dalvikvm( 1142): GC_CONCURRENT freed 392K, 78% free 1325K/6019K, paused 1ms+1ms
D/dalvikvm( 1142): GC_CONCURRENT freed 403K, 79% free 1321K/6019K, paused 1ms+2ms
D/dalvikvm( 1142): GC_CONCURRENT freed 396K, 79% free 1311K/6019K, paused 1ms+1ms
D/dalvikvm( 1142): GC_CONCURRENT freed 394K, 79% free 1320K/6019K, paused 1ms+1ms
D/ByPush  ( 1646): FetchProcess start fetch.
D/ByPush  ( 1646): fetch url:http://www.bypush.com/rpc/startup?uuid=9301b09526f824b8de29ad1bafb52939&appid=bp46214246dqlgk&version=1.0.0&system=android&testMode=false&imei=&iccid=&imsi=&mac=00%3A00%3A00%3A00%3A00%3A00&type=S1001&resolution=1280*720&osVer=4.0.4
D/dalvikvm( 1142): GC_CONCURRENT freed 394K, 78% free 1352K/6019K, paused 1ms+1ms
D/dalvikvm( 1142): GC_CONCURRENT freed 542K, 79% free 1296K/6019K, paused 0ms+1ms
D/ByPush  ( 1646): application/json; charset=UTF-8
D/ByPush  ( 1646): Fetch OK
D/ByPush  ( 1646): Content:{"ret": false}
D/ByPush  ( 1646): fetch ok of id:0
D/dalvikvm( 1142): GC_CONCURRENT freed 368K, 78% free 1381K/6019K, paused 1ms+1ms
D/dalvikvm( 1142): GC_CONCURRENT freed 450K, 78% free 1324K/6019K, paused 1ms+1ms
D/dalvikvm( 1142): GC_CONCURRENT freed 394K, 79% free 1324K/6019K, paused 1ms+1ms
D/dalvikvm( 1142): GC_CONCURRENT freed 419K, 79% free 1300K/6019K, paused 1ms+1ms
D/dalvikvm( 1142): GC_CONCURRENT freed 368K, 79% free 1324K/6019K, paused 1ms+1ms
D/ByPush  ( 1662): FetchProcess start fetch.
D/ByPush  ( 1662): fetch url:http://www.bypush.com/rpc/startup?uuid=9301b09526f824b8de29ad1bafb52939&appid=bp47254606elrsn&version=1.0.0&system=android&testMode=false&imei=&iccid=&imsi=&mac=00%3A00%3A00%3A00%3A00%3A00&type=S1001&resolution=1280*720&osVer=4.0.4
D/dalvikvm( 1142): GC_CONCURRENT freed 391K, 78% free 1324K/6019K, paused 1ms+1ms
D/ByPush  ( 1662): application/json; charset=UTF-8
D/ByPush  ( 1662): fetch ok of id:0
D/ByPush  ( 1662): Fetch OK
D/ByPush  ( 1662): Content:{"ret": false}
D/dalvikvm( 1142): GC_CONCURRENT freed 392K, 78% free 1325K/6019K, paused 1ms+1ms
D/dalvikvm( 1142): GC_CONCURRENT freed 404K, 79% free 1321K/6019K, paused 1ms+1ms
D/dalvikvm( 1142): GC_CONCURRENT freed 396K, 79% free 1319K/6019K, paused 1ms+1ms
D/dalvikvm( 1142): GC_CONCURRENT freed 394K, 79% free 1320K/6019K, paused 1ms+1ms
D/dalvikvm( 1142): GC_CONCURRENT freed 404K, 79% free 1324K/6019K, paused 1ms+1ms
D/dalvikvm( 1142): GC_CONCURRENT freed 392K, 78% free 1324K/6019K, paused 2ms+1ms
D/dalvikvm( 1142): GC_CONCURRENT freed 393K, 78% free 1325K/6019K, paused 1ms+1ms
D/dalvikvm( 1142): GC_CONCURRENT freed 393K, 79% free 1323K/6019K, paused 1ms+1ms
W/System.err( 1233): org.apache.http.conn.ConnectionPoolTimeoutException: Timeout waiting for connection
W/System.err( 1233):    at org.apache.http.impl.conn.tsccm.ConnPoolByRoute.getEntryBlocking(ConnPoolByRoute.java:353)
W/System.err( 1233):    at org.apache.http.impl.conn.tsccm.ConnPoolByRoute$1.getPoolEntry(ConnPoolByRoute.java:238)
W/System.err( 1233):    at org.apache.http.impl.conn.tsccm.ThreadSafeClientConnManager$1.getConnection(ThreadSafeClientConnManager.java:177)
W/System.err( 1233):    at org.apache.http.impl.client.DefaultRequestDirector.execute(DefaultRequestDirector.java:326)
W/System.err( 1233):    at org.apache.http.impl.client.AbstractHttpClient.execute(AbstractHttpClient.java:555)
W/System.err( 1233):    at org.apache.http.impl.client.AbstractHttpClient.execute(AbstractHttpClient.java:487)
W/System.err( 1233):    at org.apache.http.impl.client.AbstractHttpClient.execute(AbstractHttpClient.java:465)
W/System.err( 1233):    at com.fiship.cibn.common.NetworkUtil.isConnectToServerByHttp(NetworkUtil.java:39)
W/System.err( 1233):    at com.fiship.cibn.weather.WeatherTask.doInBackground(WeatherTask.java:184)
W/System.err( 1233):    at com.fiship.cibn.weather.WeatherTask.doInBackground(WeatherTask.java:31)
W/System.err( 1233):    at android.os.AsyncTask$2.call(AsyncTask.java:264)
W/System.err( 1233):    at java.util.concurrent.FutureTask$Sync.innerRun(FutureTask.java:305)
W/System.err( 1233):    at java.util.concurrent.FutureTask.run(FutureTask.java:137)
W/System.err( 1233):    at android.os.AsyncTask$SerialExecutor$1.run(AsyncTask.java:208)
W/System.err( 1233):    at java.util.concurrent.ThreadPoolExecutor.runWorker(ThreadPoolExecutor.java:1076)
W/System.err( 1233):    at java.util.concurrent.ThreadPoolExecutor$Worker.run(ThreadPoolExecutor.java:569)
W/System.err( 1233):    at java.lang.Thread.run(Thread.java:856)
E/WeatherTask( 1233): can't connect the url : http://php.weather.sina.com.cn/iframe/index/w_cl.php?day=1
D/dalvikvm( 1142): GC_CONCURRENT freed 391K, 78% free 1329K/6019K, paused 1ms+1ms
D/dalvikvm( 1142): GC_CONCURRENT freed 403K, 77% free 1437K/6019K, paused 1ms+1ms
D/dalvikvm( 1142): GC_CONCURRENT freed 516K, 79% free 1312K/6019K, paused 1ms+1ms
D/dalvikvm( 1142): GC_CONCURRENT freed 394K, 77% free 1424K/6019K, paused 1ms+1ms
D/dalvikvm( 1142): GC_CONCURRENT freed 496K, 79% free 1313K/6019K, paused 1ms+1ms
D/dalvikvm( 1142): GC_CONCURRENT freed 396K, 76% free 1484K/6019K, paused 1ms+1ms
D/dalvikvm( 1142): GC_CONCURRENT freed 555K, 79% free 1313K/6019K, paused 1ms+0ms
D/dalvikvm( 1142): GC_CONCURRENT freed 395K, 78% free 1343K/6019K, paused 1ms+1ms
D/dalvikvm( 1142): GC_CONCURRENT freed 418K, 79% free 1312K/6019K, paused 1ms+1ms
D/dalvikvm( 1142): GC_CONCURRENT freed 361K, 78% free 1348K/6019K, paused 1ms+1ms
D/HomePlayerLib( 1142): hostaddress count is 2
D/dalvikvm( 1142): GC_CONCURRENT freed 433K, 79% free 1318K/6019K, paused 1ms+1ms
D/dalvikvm( 1142): GC_CONCURRENT freed 387K, 79% free 1322K/6019K, paused 1ms+1ms
D/dalvikvm( 1142): GC_CONCURRENT freed 403K, 79% free 1319K/6019K, paused 1ms+1ms
D/dalvikvm( 1142): GC_CONCURRENT freed 377K, 78% free 1327K/6019K, paused 1ms+1ms
D/dalvikvm( 1142): GC_CONCURRENT freed 390K, 78% free 1327K/6019K, paused 1ms+1ms
D/dalvikvm( 1142): GC_FOR_ALLOC freed 521K, 79% free 1311K/6019K, paused 10ms
D/dalvikvm( 1142): GC_CONCURRENT freed 9K, 79% free 1310K/6019K, paused 1ms+1ms
D/dalvikvm( 1142): GC_CONCURRENT freed 387K, 79% free 1314K/6019K, paused 1ms+1ms
D/dalvikvm( 1142): GC_CONCURRENT freed 392K, 79% free 1316K/6019K, paused 1ms+1ms
D/dalvikvm( 1142): GC_CONCURRENT freed 393K, 79% free 1316K/6019K, paused 1ms+1ms
D/dalvikvm( 1142): GC_CONCURRENT freed 391K, 77% free 1395K/6019K, paused 0ms+1ms
D/dalvikvm( 1142): GC_CONCURRENT freed 469K, 77% free 1400K/6019K, paused 1ms+1ms
D/dalvikvm( 1142): GC_CONCURRENT freed 456K, 77% free 1398K/6019K, paused 1ms+1ms
D/dalvikvm( 1142): GC_CONCURRENT freed 465K, 78% free 1329K/6019K, paused 1ms+1ms
D/dalvikvm( 1142): GC_CONCURRENT freed 393K, 78% free 1328K/6019K, paused 1ms+1ms
D/dalvikvm( 1142): GC_CONCURRENT freed 403K, 78% free 1325K/6019K, paused 1ms+1ms
D/dalvikvm( 1142): GC_CONCURRENT freed 408K, 78% free 1327K/6019K, paused 1ms+1ms
D/dalvikvm( 1142): GC_CONCURRENT freed 391K, 78% free 1328K/6019K, paused 1ms+2ms
D/dalvikvm( 1142): GC_CONCURRENT freed 393K, 78% free 1328K/6019K, paused 1ms+1ms
D/dalvikvm( 1142): GC_CONCURRENT freed 392K, 78% free 1329K/6019K, paused 1ms+1ms
D/dalvikvm( 1142): GC_CONCURRENT freed 406K, 78% free 1326K/6019K, paused 1ms+1ms
D/dalvikvm( 1142): GC_CONCURRENT freed 395K, 78% free 1324K/6019K, paused 1ms+1ms
D/dalvikvm( 1142): GC_CONCURRENT freed 393K, 78% free 1325K/6019K, paused 1ms+1ms
D/dalvikvm( 1142): GC_CONCURRENT freed 444K, 77% free 1388K/6019K, paused 1ms+1ms
D/dalvikvm( 1142): GC_CONCURRENT freed 451K, 78% free 1365K/6019K, paused 1ms+1ms
D/dalvikvm( 1142): GC_CONCURRENT freed 433K, 78% free 1324K/6019K, paused 1ms+1ms
D/dalvikvm( 1142): GC_CONCURRENT freed 392K, 78% free 1324K/6019K, paused 1ms+1ms
D/dalvikvm( 1142): GC_CONCURRENT freed 393K, 78% free 1325K/6019K, paused 1ms+1ms
D/dalvikvm( 1142): GC_CONCURRENT freed 404K, 79% free 1321K/6019K, paused 0ms+1ms
D/dalvikvm( 1142): GC_CONCURRENT freed 396K, 79% free 1319K/6019K, paused 1ms+1ms
D/dalvikvm( 1142): GC_CONCURRENT freed 404K, 79% free 1308K/6019K, paused 1ms+2ms
D/dalvikvm( 1142): GC_CONCURRENT freed 393K, 79% free 1323K/6019K, paused 1ms+2ms
D/dalvikvm( 1142): GC_CONCURRENT freed 394K, 78% free 1324K/6019K, paused 1ms+2ms
D/dalvikvm( 1142): GC_CONCURRENT freed 393K, 78% free 1324K/6019K, paused 1ms+1ms
D/dalvikvm( 1142): GC_CONCURRENT freed 393K, 78% free 1325K/6019K, paused 1ms+1ms
D/dalvikvm( 1142): GC_CONCURRENT freed 393K, 78% free 1325K/6019K, paused 1ms+1ms
D/dalvikvm( 1142): GC_CONCURRENT freed 401K, 79% free 1321K/6019K, paused 1ms+2ms
D/dalvikvm( 1142): GC_CONCURRENT freed 396K, 79% free 1310K/6019K, paused 1ms+1ms
D/dalvikvm( 1142): GC_CONCURRENT freed 394K, 79% free 1320K/6019K, paused 1ms+1ms
D/dalvikvm( 1142): GC_CONCURRENT freed 474K, 77% free 1404K/6019K, paused 1ms+1ms
D/dalvikvm( 1142): GC_CONCURRENT freed 487K, 79% free 1301K/6019K, paused 1ms+1ms
D/dalvikvm( 1142): GC_CONCURRENT freed 377K, 79% free 1324K/6019K, paused 1ms+1ms
D/dalvikvm( 1142): GC_CONCURRENT freed 395K, 79% free 1323K/6019K, paused 0ms+1ms
D/dalvikvm( 1142): GC_CONCURRENT freed 394K, 77% free 1408K/6019K, paused 1ms+1ms
D/dalvikvm( 1142): GC_CONCURRENT freed 474K, 77% free 1412K/6019K, paused 1ms+1ms
D/dalvikvm( 1142): GC_CONCURRENT freed 484K, 79% free 1313K/6019K, paused 1ms+1ms
D/dalvikvm( 1142): GC_CONCURRENT freed 395K, 77% free 1426K/6019K, paused 1ms+1ms
D/dalvikvm( 1142): GC_CONCURRENT freed 487K, 78% free 1325K/6019K, paused 1ms+1ms
D/dalvikvm( 1142): GC_CONCURRENT freed 394K, 77% free 1411K/6019K, paused 1ms+1ms
D/dalvikvm( 1142): GC_CONCURRENT freed 485K, 77% free 1423K/6019K, paused 1ms+2ms
D/dalvikvm( 1142): GC_CONCURRENT freed 501K, 79% free 1310K/6019K, paused 1ms+1ms
D/HomePlayerLib( 1142): hostaddress count is 2
D/dalvikvm( 1142): GC_CONCURRENT freed 388K, 77% free 1433K/6019K, paused 0ms+1ms
D/dalvikvm( 1142): GC_CONCURRENT freed 504K, 79% free 1323K/6019K, paused 1ms+1ms
D/dalvikvm( 1142): GC_CONCURRENT freed 406K, 79% free 1310K/6019K, paused 1ms+1ms
D/dalvikvm( 1142): GC_CONCURRENT freed 404K, 77% free 1417K/6019K, paused 1ms+1ms
D/dalvikvm( 1142): GC_CONCURRENT freed 488K, 78% free 1346K/6019K, paused 0ms+1ms
D/dalvikvm( 1142): GC_CONCURRENT freed 452K, 77% free 1405K/6019K, paused 0ms+1ms
D/dalvikvm( 1142): GC_CONCURRENT freed 471K, 79% free 1320K/6019K, paused 1ms+1ms
D/dalvikvm( 1142): GC_CONCURRENT freed 381K, 78% free 1333K/6019K, paused 0ms+1ms
D/dalvikvm( 1142): GC_CONCURRENT freed 402K, 77% free 1385K/6019K, paused 1ms+1ms
D/dalvikvm( 1142): GC_CONCURRENT freed 466K, 76% free 1481K/6019K, paused 1ms+1ms
D/dalvikvm( 1142): GC_CONCURRENT freed 557K, 79% free 1317K/6019K, paused 1ms+1ms
D/dalvikvm( 1142): GC_CONCURRENT freed 395K, 77% free 1419K/6019K, paused 1ms+1ms
D/dalvikvm( 1142): GC_CONCURRENT freed 489K, 77% free 1441K/6019K, paused 1ms+1ms
D/dalvikvm( 1142): GC_CONCURRENT freed 510K, 78% free 1327K/6019K, paused 1ms+1ms
D/dalvikvm( 1142): GC_CONCURRENT freed 393K, 77% free 1415K/6019K, paused 1ms+1ms
D/dalvikvm( 1142): GC_CONCURRENT freed 483K, 78% free 1342K/6019K, paused 1ms+1ms
D/dalvikvm( 1142): GC_CONCURRENT freed 409K, 76% free 1464K/6019K, paused 1ms+1ms
D/dalvikvm( 1142): GC_CONCURRENT freed 539K, 77% free 1389K/6019K, paused 1ms+1ms
D/dalvikvm( 1142): GC_CONCURRENT freed 458K, 77% free 1442K/6019K, paused 1ms+1ms
D/dalvikvm( 1142): GC_CONCURRENT freed 516K, 77% free 1424K/6019K, paused 1ms+1ms
D/dalvikvm( 1142): GC_CONCURRENT freed 488K, 78% free 1329K/6019K, paused 1ms+1ms
D/dalvikvm( 1142): GC_CONCURRENT freed 413K, 78% free 1324K/6019K, paused 1ms+1ms
D/dalvikvm( 1142): GC_CONCURRENT freed 394K, 79% free 1323K/6019K, paused 1ms+1ms
D/dalvikvm( 1142): GC_CONCURRENT freed 393K, 77% free 1430K/6019K, paused 1ms+1ms
D/dalvikvm( 1142): GC_CONCURRENT freed 501K, 79% free 1312K/6019K, paused 1ms+1ms
D/dalvikvm( 1142): GC_CONCURRENT freed 394K, 79% free 1312K/6019K, paused 1ms+1ms
D/dalvikvm( 1142): GC_CONCURRENT freed 398K, 79% free 1301K/6019K, paused 1ms+1ms
D/dalvikvm( 1142): GC_CONCURRENT freed 382K, 78% free 1325K/6019K, paused 1ms+1ms
D/dalvikvm( 1142): GC_FOR_ALLOC freed 517K, 79% free 1308K/6019K, paused 10ms
D/dalvikvm( 1142): GC_CONCURRENT freed 6K, 79% free 1318K/6019K, paused 0ms+1ms
D/dalvikvm( 1142): GC_CONCURRENT freed 385K, 78% free 1324K/6019K, paused 1ms+1ms
D/dalvikvm( 1142): GC_CONCURRENT freed 392K, 78% free 1324K/6019K, paused 1ms+1ms
D/dalvikvm( 1142): GC_CONCURRENT freed 393K, 78% free 1324K/6019K, paused 1ms+1ms
D/dalvikvm( 1142): GC_CONCURRENT freed 402K, 77% free 1421K/6019K, paused 1ms+1ms
D/dalvikvm( 1142): GC_CONCURRENT freed 490K, 77% free 1431K/6019K, paused 1ms+1ms
D/dalvikvm( 1142): GC_CONCURRENT freed 502K, 78% free 1344K/6019K, paused 1ms+1ms
D/dalvikvm( 1142): GC_CONCURRENT freed 417K, 75% free 1545K/6019K, paused 1ms+1ms
D/dalvikvm( 1142): GC_CONCURRENT freed 610K, 78% free 1327K/6019K, paused 1ms+1ms
D/dalvikvm( 1142): GC_CONCURRENT freed 395K, 78% free 1329K/6019K, paused 1ms+1ms
D/dalvikvm( 1142): GC_CONCURRENT freed 404K, 77% free 1421K/6019K, paused 1ms+1ms
D/dalvikvm( 1142): GC_CONCURRENT freed 491K, 77% free 1431K/6019K, paused 0ms+1ms
D/dalvikvm( 1142): GC_CONCURRENT freed 513K, 78% free 1331K/6019K, paused 1ms+1ms
D/dalvikvm( 1142): GC_CONCURRENT freed 404K, 77% free 1437K/6019K, paused 0ms+1ms
D/dalvikvm( 1142): GC_CONCURRENT freed 517K, 77% free 1427K/6019K, paused 1ms+1ms
D/dalvikvm( 1142): GC_CONCURRENT freed 488K, 78% free 1325K/6019K, paused 1ms+1ms
D/dalvikvm( 1142): GC_CONCURRENT freed 403K, 79% free 1312K/6019K, paused 1ms+1ms
D/dalvikvm( 1142): GC_CONCURRENT freed 395K, 77% free 1418K/6019K, paused 1ms+1ms
D/dalvikvm( 1142): GC_CONCURRENT freed 488K, 78% free 1325K/6019K, paused 1ms+1ms
D/dalvikvm( 1142): GC_CONCURRENT freed 394K, 77% free 1411K/6019K, paused 1ms+1ms
D/dalvikvm( 1142): GC_CONCURRENT freed 485K, 79% free 1313K/6019K, paused 1ms+1ms
D/dalvikvm( 1142): GC_CONCURRENT freed 396K, 79% free 1310K/6019K, paused 1ms+1ms
D/dalvikvm( 1142): GC_CONCURRENT freed 392K, 79% free 1311K/6019K, paused 0ms+1ms
D/dalvikvm( 1142): GC_CONCURRENT freed 394K, 79% free 1311K/6019K, paused 1ms+1ms
D/dalvikvm( 1142): GC_CONCURRENT freed 393K, 77% free 1402K/6019K, paused 0ms+1ms
D/dalvikvm( 1142): GC_CONCURRENT freed 474K, 78% free 1344K/6019K, paused 1ms+1ms
D/dalvikvm( 1142): GC_CONCURRENT freed 417K, 77% free 1422K/6019K, paused 1ms+1ms
D/dalvikvm( 1142): GC_CONCURRENT freed 489K, 77% free 1431K/6019K, paused 1ms+1ms
W/System.err( 1233): org.apache.http.conn.ConnectionPoolTimeoutException: Timeout waiting for connection
W/System.err( 1233):    at org.apache.http.impl.conn.tsccm.ConnPoolByRoute.getEntryBlocking(ConnPoolByRoute.java:353)
W/System.err( 1233):    at org.apache.http.impl.conn.tsccm.ConnPoolByRoute$1.getPoolEntry(ConnPoolByRoute.java:238)
W/System.err( 1233):    at org.apache.http.impl.conn.tsccm.ThreadSafeClientConnManager$1.getConnection(ThreadSafeClientConnManager.java:177)
W/System.err( 1233):    at org.apache.http.impl.client.DefaultRequestDirector.execute(DefaultRequestDirector.java:326)
W/System.err( 1233):    at org.apache.http.impl.client.AbstractHttpClient.execute(AbstractHttpClient.java:555)
W/System.err( 1233):    at org.apache.http.impl.client.AbstractHttpClient.execute(AbstractHttpClient.java:487)
W/System.err( 1233):    at org.apache.http.impl.client.AbstractHttpClient.execute(AbstractHttpClient.java:465)
W/System.err( 1233):    at com.fiship.cibn.common.NetworkUtil.isConnectToServerByHttp(NetworkUtil.java:39)
W/System.err( 1233):    at com.fiship.cibn.weather.WeatherTask.doInBackground(WeatherTask.java:184)
W/System.err( 1233):    at com.fiship.cibn.weather.WeatherTask.doInBackground(WeatherTask.java:31)
W/System.err( 1233):    at android.os.AsyncTask$2.call(AsyncTask.java:264)
W/System.err( 1233):    at java.util.concurrent.FutureTask$Sync.innerRun(FutureTask.java:305)
W/System.err( 1233):    at java.util.concurrent.FutureTask.run(FutureTask.java:137)
W/System.err( 1233):    at android.os.AsyncTask$SerialExecutor$1.run(AsyncTask.java:208)
W/System.err( 1233):    at java.util.concurrent.ThreadPoolExecutor.runWorker(ThreadPoolExecutor.java:1076)
W/System.err( 1233):    at java.util.concurrent.ThreadPoolExecutor$Worker.run(ThreadPoolExecutor.java:569)
W/System.err( 1233):    at java.lang.Thread.run(Thread.java:856)
E/WeatherTask( 1233): can't connect the url : http://php.weather.sina.com.cn/iframe/index/w_cl.php?day=1
D/dalvikvm( 1142): GC_CONCURRENT freed 502K, 78% free 1344K/6019K, paused 1ms+1ms
D/HomePlayerLib( 1142): hostaddress count is 2
D/dalvikvm( 1142): GC_CONCURRENT freed 414K, 78% free 1380K/6019K, paused 1ms+1ms
D/dalvikvm( 1142): GC_CONCURRENT freed 440K, 76% free 1446K/6019K, paused 0ms+1ms
D/dalvikvm( 1142): GC_CONCURRENT freed 513K, 78% free 1373K/6019K, paused 1ms+1ms
D/dalvikvm( 1142): GC_CONCURRENT freed 456K, 77% free 1429K/6019K, paused 1ms+1ms
D/dalvikvm( 1142): GC_CONCURRENT freed 501K, 77% free 1430K/6019K, paused 1ms+1ms
D/dalvikvm( 1142): GC_CONCURRENT freed 509K, 76% free 1453K/6019K, paused 0ms+1ms
D/dalvikvm( 1142): GC_CONCURRENT freed 518K, 78% free 1332K/6019K, paused 1ms+1ms
D/dalvikvm( 1142): GC_CONCURRENT freed 393K, 77% free 1415K/6019K, paused 1ms+1ms
D/dalvikvm( 1142): GC_CONCURRENT freed 484K, 77% free 1441K/6019K, paused 0ms+1ms
D/dalvikvm( 1142): GC_CONCURRENT freed 517K, 79% free 1308K/6019K, paused 1ms+1ms
D/dalvikvm( 1142): GC_CONCURRENT freed 391K, 77% free 1429K/6019K, paused 1ms+1ms
D/dalvikvm( 1142): GC_CONCURRENT freed 510K, 76% free 1501K/6019K, paused 1ms+1ms
D/dalvikvm( 1142): GC_CONCURRENT freed 564K, 77% free 1422K/6019K, paused 0ms+1ms
D/dalvikvm( 1142): GC_CONCURRENT freed 491K, 76% free 1448K/6019K, paused 1ms+1ms
D/dalvikvm( 1142): GC_CONCURRENT freed 516K, 79% free 1316K/6019K, paused 1ms+1ms
D/dalvikvm( 1142): GC_CONCURRENT freed 393K, 77% free 1423K/6019K, paused 1ms+1ms
D/dalvikvm( 1142): GC_CONCURRENT freed 502K, 79% free 1306K/6019K, paused 1ms+2ms
D/dalvikvm( 1142): GC_CONCURRENT freed 378K, 79% free 1323K/6019K, paused 1ms+1ms
D/dalvikvm( 1142): GC_CONCURRENT freed 394K, 77% free 1406K/6019K, paused 1ms+1ms
D/dalvikvm( 1142): GC_CONCURRENT freed 473K, 78% free 1325K/6019K, paused 1ms+1ms
D/dalvikvm( 1142): GC_CONCURRENT freed 393K, 78% free 1324K/6019K, paused 1ms+1ms
D/dalvikvm( 1142): GC_CONCURRENT freed 393K, 79% free 1324K/6019K, paused 0ms+1ms
D/dalvikvm( 1142): GC_CONCURRENT freed 393K, 78% free 1329K/6019K, paused 0ms+1ms
D/dalvikvm( 1142): GC_CONCURRENT freed 404K, 77% free 1421K/6019K, paused 1ms+1ms
D/dalvikvm( 1142): GC_CONCURRENT freed 489K, 77% free 1431K/6019K, paused 1ms+1ms
D/dalvikvm( 1142): GC_CONCURRENT freed 513K, 78% free 1326K/6019K, paused 1ms+1ms
D/dalvikvm( 1142): GC_CONCURRENT freed 405K, 79% free 1312K/6019K, paused 1ms+1ms
D/dalvikvm( 1142): GC_CONCURRENT freed 396K, 78% free 1379K/6019K, paused 1ms+1ms
D/dalvikvm( 1142): GC_CONCURRENT freed 447K, 78% free 1325K/6019K, paused 1ms+1ms
D/dalvikvm( 1142): GC_CONCURRENT freed 392K, 78% free 1324K/6019K, paused 1ms+1ms
D/dalvikvm( 1142): GC_CONCURRENT freed 432K, 78% free 1370K/6019K, paused 1ms+1ms
D/dalvikvm( 1142): GC_CONCURRENT freed 444K, 77% free 1421K/6019K, paused 0ms+1ms
D/dalvikvm( 1142): GC_CONCURRENT freed 491K, 77% free 1431K/6019K, paused 1ms+1ms
D/dalvikvm( 1142): GC_CONCURRENT freed 502K, 78% free 1344K/6019K, paused 1ms+0ms
D/dalvikvm( 1142): GC_CONCURRENT freed 415K, 77% free 1422K/6019K, paused 1ms+1ms
D/dalvikvm( 1142): GC_CONCURRENT freed 490K, 77% free 1408K/6019K, paused 1ms+1ms
D/dalvikvm( 1142): GC_CONCURRENT freed 475K, 78% free 1371K/6019K, paused 1ms+1ms
D/dalvikvm( 1142): GC_CONCURRENT freed 442K, 77% free 1438K/6019K, paused 1ms+2ms
D/dalvikvm( 1142): GC_CONCURRENT freed 518K, 77% free 1427K/6019K, paused 0ms+1ms
D/dalvikvm( 1142): GC_CONCURRENT freed 488K, 78% free 1325K/6019K, paused 1ms+2ms
D/dalvikvm( 1142): GC_CONCURRENT freed 405K, 79% free 1312K/6019K, paused 1ms+1ms
D/dalvikvm( 1142): GC_CONCURRENT freed 396K, 77% free 1426K/6019K, paused 0ms+1ms
D/dalvikvm( 1142): GC_CONCURRENT freed 488K, 78% free 1324K/6019K, paused 1ms+1ms
D/dalvikvm( 1142): GC_CONCURRENT freed 393K, 77% free 1411K/6019K, paused 1ms+1ms
D/dalvikvm( 1142): GC_CONCURRENT freed 483K, 77% free 1438K/6019K, paused 1ms+1ms
D/dalvikvm( 1142): GC_CONCURRENT freed 518K, 79% free 1312K/6019K, paused 1ms+1ms
D/dalvikvm( 1142): GC_CONCURRENT freed 394K, 77% free 1424K/6019K, paused 1ms+1ms
D/dalvikvm( 1142): GC_CONCURRENT freed 494K, 77% free 1407K/6019K, paused 1ms+1ms
D/HomePlayerLib( 1142): hostaddress count is 2
D/dalvikvm( 1142): GC_CONCURRENT freed 486K, 77% free 1401K/6019K, paused 1ms+1ms
D/dalvikvm( 1142): GC_CONCURRENT freed 468K, 77% free 1438K/6019K, paused 1ms+1ms
D/dalvikvm( 1142): GC_CONCURRENT freed 496K, 77% free 1410K/6019K, paused 1ms+1ms
D/dalvikvm( 1142): GC_CONCURRENT freed 472K, 78% free 1327K/6019K, paused 0ms+1ms
D/dalvikvm( 1142): GC_CONCURRENT freed 391K, 78% free 1374K/6019K, paused 1ms+1ms
D/dalvikvm( 1142): GC_CONCURRENT freed 423K, 76% free 1459K/6019K, paused 1ms+1ms
D/dalvikvm( 1142): GC_CONCURRENT freed 531K, 77% free 1437K/6019K, paused 1ms+1ms
D/dalvikvm( 1142): GC_CONCURRENT freed 502K, 78% free 1351K/6019K, paused 1ms+1ms
D/dalvikvm( 1142): GC_CONCURRENT freed 424K, 78% free 1357K/6019K, paused 1ms+2ms
D/dalvikvm( 1142): GC_CONCURRENT freed 427K, 78% free 1328K/6019K, paused 1ms+1ms
D/dalvikvm( 1142): GC_CONCURRENT freed 393K, 78% free 1327K/6019K, paused 1ms+1ms
D/dalvikvm( 1142): GC_CONCURRENT freed 392K, 78% free 1328K/6019K, paused 1ms+1ms
D/dalvikvm( 1142): GC_CONCURRENT freed 406K, 79% free 1309K/6019K, paused 1ms+1ms
D/dalvikvm( 1142): GC_CONCURRENT freed 393K, 78% free 1370K/6019K, paused 1ms+1ms
D/dalvikvm( 1142): GC_CONCURRENT freed 439K, 77% free 1430K/6019K, paused 1ms+1ms
D/dalvikvm( 1142): GC_CONCURRENT freed 503K, 79% free 1321K/6019K, paused 1ms+1ms
D/dalvikvm( 1142): GC_CONCURRENT freed 394K, 79% free 1311K/6019K, paused 1ms+1ms
D/dalvikvm( 1142): GC_CONCURRENT freed 393K, 79% free 1311K/6019K, paused 1ms+2ms
D/dalvikvm( 1142): GC_CONCURRENT freed 393K, 79% free 1312K/6019K, paused 1ms+1ms
D/dalvikvm( 1142): GC_CONCURRENT freed 398K, 79% free 1300K/6019K, paused 1ms+1ms
D/dalvikvm( 1142): GC_CONCURRENT freed 382K, 78% free 1324K/6019K, paused 1ms+1ms
D/dalvikvm( 1142): GC_CONCURRENT freed 395K, 79% free 1323K/6019K, paused 1ms+1ms
D/dalvikvm( 1142): GC_CONCURRENT freed 392K, 79% free 1324K/6019K, paused 1ms+1ms
D/dalvikvm( 1142): GC_CONCURRENT freed 392K, 77% free 1430K/6019K, paused 1ms+1ms
D/dalvikvm( 1142): GC_CONCURRENT freed 501K, 78% free 1344K/6019K, paused 1ms+1ms
D/dalvikvm( 1142): GC_CONCURRENT freed 416K, 79% free 1322K/6019K, paused 1ms+1ms
D/dalvikvm( 1142): GC_CONCURRENT freed 396K, 79% free 1310K/6019K, paused 1ms+1ms
D/dalvikvm( 1142): GC_CONCURRENT freed 392K, 79% free 1311K/6019K, paused 0ms+1ms
D/dalvikvm( 1142): GC_CONCURRENT freed 392K, 77% free 1425K/6019K, paused 1ms+1ms
D/dalvikvm( 1142): GC_CONCURRENT freed 487K, 78% free 1325K/6019K, paused 1ms+1ms
D/dalvikvm( 1142): GC_CONCURRENT freed 394K, 78% free 1324K/6019K, paused 1ms+1ms
D/dalvikvm( 1142): GC_CONCURRENT freed 404K, 77% free 1428K/6019K, paused 1ms+1ms
D/dalvikvm( 1142): GC_CONCURRENT freed 489K, 76% free 1450K/6019K, paused 1ms+1ms
D/dalvikvm( 1142): GC_CONCURRENT freed 514K, 78% free 1331K/6019K, paused 1ms+1ms
D/dalvikvm( 1142): GC_CONCURRENT freed 405K, 79% free 1312K/6019K, paused 1ms+1ms
D/dalvikvm( 1142): GC_CONCURRENT freed 394K, 79% free 1310K/6019K, paused 1ms+1ms
D/dalvikvm( 1142): GC_CONCURRENT freed 392K, 79% free 1311K/6019K, paused 0ms+1ms
D/dalvikvm( 1142): GC_CONCURRENT freed 393K, 79% free 1311K/6019K, paused 0ms+1ms
D/dalvikvm( 1142): GC_CONCURRENT freed 394K, 79% free 1311K/6019K, paused 1ms+1ms
D/dalvikvm( 1142): GC_CONCURRENT freed 393K, 79% free 1311K/6019K, paused 1ms+1ms
D/dalvikvm( 1142): GC_CONCURRENT freed 393K, 79% free 1311K/6019K, paused 1ms+1ms
D/dalvikvm( 1142): GC_CONCURRENT freed 391K, 79% free 1312K/6019K, paused 1ms+1ms
D/dalvikvm( 1142): GC_CONCURRENT freed 399K, 79% free 1298K/6019K, paused 1ms+1ms
D/dalvikvm( 1142): GC_CONCURRENT freed 370K, 77% free 1395K/6019K, paused 0ms+1ms
D/dalvikvm( 1142): GC_CONCURRENT freed 476K, 79% free 1304K/6019K, paused 1ms+1ms
D/dalvikvm( 1142): GC_CONCURRENT freed 367K, 76% free 1448K/6019K, paused 1ms+1ms
D/dalvikvm( 1142): GC_CONCURRENT freed 512K, 78% free 1331K/6019K, paused 1ms+1ms
D/dalvikvm( 1142): GC_CONCURRENT freed 404K, 79% free 1312K/6019K, paused 1ms+1ms
D/dalvikvm( 1142): GC_CONCURRENT freed 397K, 79% free 1310K/6019K, paused 1ms+1ms
D/dalvikvm( 1142): GC_CONCURRENT freed 394K, 79% free 1311K/6019K, paused 1ms+1ms
D/dalvikvm( 1142): GC_CONCURRENT freed 393K, 77% free 1425K/6019K, paused 1ms+1ms
D/dalvikvm( 1142): GC_CONCURRENT freed 487K, 78% free 1371K/6019K, paused 1ms+1ms
D/dalvikvm( 1142): GC_CONCURRENT freed 444K, 79% free 1312K/6019K, paused 1ms+2ms
D/dalvikvm( 1142): GC_CONCURRENT freed 395K, 77% free 1418K/6019K, paused 1ms+1ms
D/dalvikvm( 1142): GC_CONCURRENT freed 488K, 77% free 1421K/6019K, paused 1ms+1ms
D/dalvikvm( 1142): GC_CONCURRENT freed 504K, 79% free 1300K/6019K, paused 1ms+1ms
D/dalvikvm( 1142): GC_CONCURRENT freed 376K, 79% free 1313K/6019K, paused 0ms+1ms
D/dalvikvm( 1142): GC_CONCURRENT freed 473K, 78% free 1347K/6019K, paused 1ms+1ms
D/HomePlayerLib( 1142): hostaddress count is 2
D/dalvikvm( 1142): GC_CONCURRENT freed 415K, 79% free 1322K/6019K, paused 1ms+1ms
D/dalvikvm( 1142): GC_CONCURRENT freed 401K, 77% free 1385K/6019K, paused 1ms+1ms
D/dalvikvm( 1142): GC_CONCURRENT freed 467K, 77% free 1425K/6019K, paused 0ms+1ms
D/dalvikvm( 1142): GC_CONCURRENT freed 500K, 77% free 1406K/6019K, paused 1ms+1ms
D/dalvikvm( 1142): GC_CONCURRENT freed 461K, 76% free 1456K/6019K, paused 1ms+1ms
D/dalvikvm( 1142): GC_CONCURRENT freed 522K, 77% free 1412K/6019K, paused 1ms+1ms
D/dalvikvm( 1142): GC_CONCURRENT freed 472K, 78% free 1325K/6019K, paused 1ms+1ms
D/dalvikvm( 1142): GC_CONCURRENT freed 376K, 78% free 1338K/6019K, paused 1ms+1ms
D/dalvikvm( 1142): GC_CONCURRENT freed 421K, 79% free 1302K/6019K, paused 1ms+1ms
D/dalvikvm( 1142): GC_CONCURRENT freed 379K, 77% free 1425K/6019K, paused 0ms+1ms
D/dalvikvm( 1142): GC_CONCURRENT freed 501K, 79% free 1308K/6019K, paused 1ms+1ms
D/dalvikvm( 1142): GC_CONCURRENT freed 366K, 77% free 1400K/6019K, paused 1ms+1ms
D/dalvikvm( 1142): GC_CONCURRENT freed 472K, 78% free 1329K/6019K, paused 1ms+1ms
D/dalvikvm( 1142): GC_CONCURRENT freed 413K, 79% free 1301K/6019K, paused 1ms+1ms
D/dalvikvm( 1142): GC_CONCURRENT freed 372K, 79% free 1323K/6019K, paused 1ms+1ms
D/dalvikvm( 1142): GC_CONCURRENT freed 393K, 79% free 1324K/6019K, paused 1ms+1ms
D/dalvikvm( 1142): GC_CONCURRENT freed 394K, 78% free 1324K/6019K, paused 1ms+1ms
W/ThrottleService(  945): unable to find stats for iface rmnet0
D/dalvikvm( 1142): GC_CONCURRENT freed 394K, 78% free 1324K/6019K, paused 1ms+1ms
W/System.err( 1233): org.apache.http.conn.ConnectionPoolTimeoutException: Timeout waiting for connection
W/System.err( 1233):    at org.apache.http.impl.conn.tsccm.ConnPoolByRoute.getEntryBlocking(ConnPoolByRoute.java:353)
W/System.err( 1233):    at org.apache.http.impl.conn.tsccm.ConnPoolByRoute$1.getPoolEntry(ConnPoolByRoute.java:238)
W/System.err( 1233):    at org.apache.http.impl.conn.tsccm.ThreadSafeClientConnManager$1.getConnection(ThreadSafeClientConnManager.java:177)
W/System.err( 1233):    at org.apache.http.impl.client.DefaultRequestDirector.execute(DefaultRequestDirector.java:326)
W/System.err( 1233):    at org.apache.http.impl.client.AbstractHttpClient.execute(AbstractHttpClient.java:555)
W/System.err( 1233):    at org.apache.http.impl.client.AbstractHttpClient.execute(AbstractHttpClient.java:487)
W/System.err( 1233):    at org.apache.http.impl.client.AbstractHttpClient.execute(AbstractHttpClient.java:465)
W/System.err( 1233):    at com.fiship.cibn.common.NetworkUtil.isConnectToServerByHttp(NetworkUtil.java:39)
W/System.err( 1233):    at com.fiship.cibn.weather.WeatherTask.doInBackground(WeatherTask.java:184)
W/System.err( 1233):    at com.fiship.cibn.weather.WeatherTask.doInBackground(WeatherTask.java:31)
W/System.err( 1233):    at android.os.AsyncTask$2.call(AsyncTask.java:264)
W/System.err( 1233):    at java.util.concurrent.FutureTask$Sync.innerRun(FutureTask.java:305)
W/System.err( 1233):    at java.util.concurrent.FutureTask.run(FutureTask.java:137)
W/System.err( 1233):    at android.os.AsyncTask$SerialExecutor$1.run(AsyncTask.java:208)
W/System.err( 1233):    at java.util.concurrent.ThreadPoolExecutor.runWorker(ThreadPoolExecutor.java:1076)
W/System.err( 1233):    at java.util.concurrent.ThreadPoolExecutor$Worker.run(ThreadPoolExecutor.java:569)
W/System.err( 1233):    at java.lang.Thread.run(Thread.java:856)
E/WeatherTask( 1233): can't connect the url : http://php.weather.sina.com.cn/iframe/index/w_cl.php?day=1
D/dalvikvm( 1142): GC_CONCURRENT freed 392K, 79% free 1324K/6019K, paused 1ms+1ms
D/dalvikvm( 1142): GC_CONCURRENT freed 392K, 78% free 1324K/6019K, paused 1ms+1ms
D/dalvikvm( 1142): GC_CONCURRENT freed 393K, 78% free 1324K/6019K, paused 1ms+1ms
D/dalvikvm( 1142): GC_CONCURRENT freed 393K, 78% free 1324K/6019K, paused 1ms+1ms
D/dalvikvm( 1142): GC_CONCURRENT freed 401K, 77% free 1428K/6019K, paused 1ms+1ms
D/dalvikvm( 1142): GC_CONCURRENT freed 490K, 78% free 1324K/6019K, paused 1ms+1ms
D/dalvikvm( 1142): GC_CONCURRENT freed 394K, 79% free 1324K/6019K, paused 0ms+1ms
D/dalvikvm( 1142): GC_CONCURRENT freed 393K, 77% free 1411K/6019K, paused 1ms+1ms
D/dalvikvm( 1142): GC_CONCURRENT freed 485K, 77% free 1396K/6019K, paused 1ms+1ms
D/dalvikvm( 1142): GC_CONCURRENT freed 477K, 79% free 1313K/6019K, paused 1ms+1ms
D/dalvikvm( 1142): GC_CONCURRENT freed 393K, 77% free 1426K/6019K, paused 1ms+1ms
D/dalvikvm( 1142): GC_CONCURRENT freed 487K, 78% free 1330K/6019K, paused 1ms+1ms
D/dalvikvm( 1142): GC_CONCURRENT freed 405K, 77% free 1436K/6019K, paused 0ms+1ms
D/dalvikvm( 1142): GC_CONCURRENT freed 518K, 78% free 1340K/6019K, paused 1ms+1ms
D/dalvikvm( 1142): GC_CONCURRENT freed 406K, 77% free 1411K/6019K, paused 1ms+1ms
D/dalvikvm( 1142): GC_CONCURRENT freed 484K, 79% free 1313K/6019K, paused 1ms+1ms
D/dalvikvm( 1142): GC_CONCURRENT freed 397K, 79% free 1310K/6019K, paused 1ms+1ms
D/dalvikvm( 1142): GC_CONCURRENT freed 393K, 77% free 1425K/6019K, paused 1ms+1ms
D/dalvikvm( 1142): GC_CONCURRENT freed 487K, 77% free 1412K/6019K, paused 0ms+1ms
D/dalvikvm( 1142): GC_CONCURRENT freed 484K, 77% free 1438K/6019K, paused 1ms+1ms
D/dalvikvm( 1142): GC_CONCURRENT freed 514K, 79% free 1323K/6019K, paused 1ms+1ms
D/dalvikvm( 1142): GC_CONCURRENT freed 391K, 77% free 1411K/6019K, paused 0ms+1ms
D/dalvikvm( 1142): GC_CONCURRENT freed 484K, 77% free 1438K/6019K, paused 1ms+1ms
D/dalvikvm( 1142): GC_CONCURRENT freed 518K, 79% free 1304K/6019K, paused 1ms+1ms
D/dalvikvm( 1142): GC_CONCURRENT freed 367K, 79% free 1323K/6019K, paused 0ms+1ms
D/dalvikvm( 1142): GC_CONCURRENT freed 391K, 77% free 1411K/6019K, paused 1ms+1ms
D/dalvikvm( 1142): GC_CONCURRENT freed 484K, 79% free 1313K/6019K, paused 1ms+1ms
D/dalvikvm( 1142): GC_CONCURRENT freed 397K, 79% free 1310K/6019K, paused 1ms+1ms
D/dalvikvm( 1142): GC_CONCURRENT freed 390K, 79% free 1321K/6019K, paused 1ms+1ms
D/HomePlayerLib( 1142): hostaddress count is 2
D/dalvikvm( 1142): GC_CONCURRENT freed 401K, 77% free 1418K/6019K, paused 0ms+1ms
D/dalvikvm( 1142): GC_CONCURRENT freed 487K, 77% free 1437K/6019K, paused 0ms+1ms
D/dalvikvm( 1142): GC_CONCURRENT freed 505K, 78% free 1364K/6019K, paused 1ms+1ms
D/dalvikvm( 1142): GC_CONCURRENT freed 434K, 79% free 1314K/6019K, paused 1ms+1ms
D/dalvikvm( 1142): GC_CONCURRENT freed 391K, 77% free 1388K/6019K, paused 1ms+1ms
D/dalvikvm( 1142): GC_CONCURRENT freed 436K, 76% free 1467K/6019K, paused 1ms+1ms
D/dalvikvm( 1142): GC_CONCURRENT freed 546K, 78% free 1330K/6019K, paused 1ms+1ms
D/dalvikvm( 1142): GC_CONCURRENT freed 402K, 76% free 1446K/6019K, paused 1ms+1ms
D/dalvikvm( 1142): GC_CONCURRENT freed 516K, 78% free 1325K/6019K, paused 1ms+1ms
D/dalvikvm( 1142): GC_CONCURRENT freed 405K, 78% free 1324K/6019K, paused 1ms+1ms
D/dalvikvm( 1142): GC_CONCURRENT freed 401K, 79% free 1314K/6019K, paused 1ms+1ms
D/dalvikvm( 1142): GC_CONCURRENT freed 387K, 79% free 1316K/6019K, paused 1ms+1ms
D/dalvikvm( 1142): GC_CONCURRENT freed 386K, 78% free 1366K/6019K, paused 1ms+1ms
D/dalvikvm( 1142): GC_CONCURRENT freed 403K, 76% free 1494K/6019K, paused 1ms+2ms
D/dalvikvm( 1142): GC_CONCURRENT freed 573K, 79% free 1305K/6019K, paused 1ms+1ms
D/dalvikvm( 1142): GC_CONCURRENT freed 370K, 78% free 1327K/6019K, paused 0ms+1ms
D/dalvikvm( 1142): GC_CONCURRENT freed 391K, 77% free 1425K/6019K, paused 1ms+1ms
D/dalvikvm( 1142): GC_CONCURRENT freed 480K, 76% free 1455K/6019K, paused 1ms+1ms
D/dalvikvm( 1142): GC_CONCURRENT freed 533K, 77% free 1427K/6019K, paused 1ms+1ms
D/dalvikvm( 1142): GC_CONCURRENT freed 501K, 78% free 1324K/6019K, paused 1ms+1ms
D/dalvikvm( 1142): GC_CONCURRENT freed 407K, 79% free 1303K/6019K, paused 1ms+1ms
D/dalvikvm( 1142): GC_CONCURRENT freed 373K, 77% free 1439K/6019K, paused 1ms+1ms
D/dalvikvm( 1142): GC_CONCURRENT freed 519K, 79% free 1304K/6019K, paused 1ms+1ms
D/dalvikvm( 1142): GC_CONCURRENT freed 367K, 76% free 1449K/6019K, paused 1ms+1ms
D/dalvikvm( 1142): GC_CONCURRENT freed 524K, 79% free 1313K/6019K, paused 1ms+1ms
D/dalvikvm( 1142): GC_CONCURRENT freed 397K, 77% free 1426K/6019K, paused 0ms+1ms
D/dalvikvm( 1142): GC_CONCURRENT freed 488K, 78% free 1325K/6019K, paused 1ms+1ms
D/dalvikvm( 1142): GC_CONCURRENT freed 393K, 77% free 1411K/6019K, paused 1ms+1ms
D/dalvikvm( 1142): GC_CONCURRENT freed 484K, 78% free 1355K/6019K, paused 1ms+1ms
D/dalvikvm( 1142): GC_CONCURRENT freed 437K, 79% free 1320K/6019K, paused 1ms+1ms
D/dalvikvm( 1142): GC_CONCURRENT freed 405K, 78% free 1324K/6019K, paused 1ms+1ms
D/dalvikvm( 1142): GC_CONCURRENT freed 392K, 78% free 1324K/6019K, paused 0ms+1ms
D/dalvikvm( 1142): GC_CONCURRENT freed 393K, 78% free 1324K/6019K, paused 1ms+2ms
D/dalvikvm( 1142): GC_CONCURRENT freed 393K, 78% free 1324K/6019K, paused 1ms+1ms
D/dalvikvm( 1142): GC_CONCURRENT freed 393K, 78% free 1325K/6019K, paused 0ms+1ms
D/dalvikvm( 1142): GC_CONCURRENT freed 404K, 79% free 1313K/6019K, paused 1ms+1ms
D/dalvikvm( 1142): GC_CONCURRENT freed 397K, 79% free 1319K/6019K, paused 1ms+1ms
D/dalvikvm( 1142): GC_CONCURRENT freed 393K, 79% free 1311K/6019K, paused 1ms+1ms
D/dalvikvm( 1142): GC_CONCURRENT freed 392K, 79% free 1320K/6019K, paused 1ms+1ms
D/dalvikvm( 1142): GC_CONCURRENT freed 393K, 79% free 1320K/6019K, paused 1ms+1ms
D/dalvikvm( 1142): GC_CONCURRENT freed 393K, 79% free 1320K/6019K, paused 1ms+1ms
D/dalvikvm( 1142): GC_CONCURRENT freed 405K, 78% free 1324K/6019K, paused 1ms+1ms
D/dalvikvm( 1142): GC_CONCURRENT freed 392K, 78% free 1325K/6019K, paused 1ms+1ms
D/dalvikvm( 1142): GC_CONCURRENT freed 404K, 79% free 1313K/6019K, paused 1ms+1ms
D/dalvikvm( 1142): GC_CONCURRENT freed 396K, 79% free 1310K/6019K, paused 1ms+1ms
D/dalvikvm( 1142): GC_CONCURRENT freed 394K, 78% free 1337K/6019K, paused 1ms+1ms
D/dalvikvm( 1142): GC_CONCURRENT freed 407K, 78% free 1324K/6019K, paused 1ms+1ms
D/dalvikvm( 1142): GC_CONCURRENT freed 394K, 78% free 1324K/6019K, paused 1ms+1ms
D/dalvikvm( 1142): GC_CONCURRENT freed 392K, 78% free 1324K/6019K, paused 1ms+1ms
D/dalvikvm( 1142): GC_CONCURRENT freed 392K, 78% free 1324K/6019K, paused 0ms+1ms
D/dalvikvm( 1142): GC_CONCURRENT freed 393K, 78% free 1325K/6019K, paused 1ms+1ms
D/dalvikvm( 1142): GC_CONCURRENT freed 404K, 79% free 1321K/6019K, paused 1ms+1ms
D/dalvikvm( 1142): GC_CONCURRENT freed 407K, 79% free 1307K/6019K, paused 1ms+0ms
D/dalvikvm( 1142): GC_CONCURRENT freed 381K, 79% free 1320K/6019K, paused 1ms+1ms
D/dalvikvm( 1142): GC_CONCURRENT freed 393K, 79% free 1311K/6019K, paused 1ms+1ms
D/dalvikvm( 1142): GC_CONCURRENT freed 394K, 79% free 1320K/6019K, paused 1ms+1ms
D/dalvikvm( 1142): GC_CONCURRENT freed 393K, 79% free 1320K/6019K, paused 1ms+1ms
D/dalvikvm( 1142): GC_CONCURRENT freed 393K, 79% free 1321K/6019K, paused 1ms+1ms
D/dalvikvm( 1142): GC_CONCURRENT freed 393K, 79% free 1312K/6019K, paused 1ms+1ms
D/HomePlayerLib( 1142): hostaddress count is 2
D/dalvikvm( 1142): GC_CONCURRENT freed 396K, 79% free 1320K/6019K, paused 1ms+1ms
D/dalvikvm( 1142): GC_CONCURRENT freed 402K, 79% free 1309K/6019K, paused 1ms+1ms
D/dalvikvm( 1142): GC_CONCURRENT freed 389K, 79% free 1322K/6019K, paused 1ms+1ms
D/dalvikvm( 1142): GC_CONCURRENT freed 405K, 78% free 1326K/6019K, paused 1ms+1ms
D/dalvikvm( 1142): GC_CONCURRENT freed 390K, 78% free 1328K/6019K, paused 1ms+1ms
D/dalvikvm( 1142): GC_CONCURRENT freed 465K, 79% free 1300K/6019K, paused 1ms+1ms
D/dalvikvm( 1142): GC_CONCURRENT freed 382K, 77% free 1428K/6019K, paused 1ms+1ms
D/dalvikvm( 1142): GC_CONCURRENT freed 503K, 78% free 1383K/6019K, paused 0ms+1ms
D/dalvikvm( 1142): GC_CONCURRENT freed 448K, 78% free 1330K/6019K, paused 1ms+1ms
D/dalvikvm( 1142): GC_CONCURRENT freed 390K, 78% free 1325K/6019K, paused 1ms+1ms
D/dalvikvm( 1142): GC_CONCURRENT freed 359K, 78% free 1354K/6019K, paused 1ms+1ms
D/dalvikvm( 1142): GC_CONCURRENT freed 425K, 78% free 1328K/6019K, paused 1ms+2ms
D/dalvikvm( 1142): GC_CONCURRENT freed 393K, 77% free 1432K/6019K, paused 0ms+1ms
D/dalvikvm( 1142): GC_CONCURRENT freed 462K, 76% free 1482K/6019K, paused 1ms+1ms
D/dalvikvm( 1142): GC_CONCURRENT freed 559K, 76% free 1491K/6019K, paused 1ms+1ms
D/dalvikvm( 1142): GC_CONCURRENT freed 559K, 78% free 1325K/6019K, paused 1ms+1ms
D/dalvikvm( 1142): GC_CONCURRENT freed 395K, 78% free 1370K/6019K, paused 1ms+1ms
D/dalvikvm( 1142): GC_CONCURRENT freed 445K, 77% free 1422K/6019K, paused 1ms+1ms
W/System.err( 1233): org.apache.http.conn.ConnectionPoolTimeoutException: Timeout waiting for connection
W/System.err( 1233):    at org.apache.http.impl.conn.tsccm.ConnPoolByRoute.getEntryBlocking(ConnPoolByRoute.java:353)
W/System.err( 1233):    at org.apache.http.impl.conn.tsccm.ConnPoolByRoute$1.getPoolEntry(ConnPoolByRoute.java:238)
W/System.err( 1233):    at org.apache.http.impl.conn.tsccm.ThreadSafeClientConnManager$1.getConnection(ThreadSafeClientConnManager.java:177)
W/System.err( 1233):    at org.apache.http.impl.client.DefaultRequestDirector.execute(DefaultRequestDirector.java:326)
W/System.err( 1233):    at org.apache.http.impl.client.AbstractHttpClient.execute(AbstractHttpClient.java:555)
W/System.err( 1233):    at org.apache.http.impl.client.AbstractHttpClient.execute(AbstractHttpClient.java:487)
W/System.err( 1233):    at org.apache.http.impl.client.AbstractHttpClient.execute(AbstractHttpClient.java:465)
W/System.err( 1233):    at com.fiship.cibn.common.NetworkUtil.isConnectToServerByHttp(NetworkUtil.java:39)
W/System.err( 1233):    at com.fiship.cibn.weather.WeatherTask.doInBackground(WeatherTask.java:184)
W/System.err( 1233):    at com.fiship.cibn.weather.WeatherTask.doInBackground(WeatherTask.java:31)
W/System.err( 1233):    at android.os.AsyncTask$2.call(AsyncTask.java:264)
W/System.err( 1233):    at java.util.concurrent.FutureTask$Sync.innerRun(FutureTask.java:305)
W/System.err( 1233):    at java.util.concurrent.FutureTask.run(FutureTask.java:137)
W/System.err( 1233):    at android.os.AsyncTask$SerialExecutor$1.run(AsyncTask.java:208)
W/System.err( 1233):    at java.util.concurrent.ThreadPoolExecutor.runWorker(ThreadPoolExecutor.java:1076)
W/System.err( 1233):    at java.util.concurrent.ThreadPoolExecutor$Worker.run(ThreadPoolExecutor.java:569)
W/System.err( 1233):    at java.lang.Thread.run(Thread.java:856)
E/WeatherTask( 1233): can't connect the url : http://php.weather.sina.com.cn/iframe/index/w_cl.php?day=1
D/dalvikvm( 1142): GC_CONCURRENT freed 489K, 78% free 1324K/6019K, paused 1ms+1ms
D/dalvikvm( 1142): GC_CONCURRENT freed 393K, 77% free 1430K/6019K, paused 1ms+0ms
D/dalvikvm( 1142): GC_CONCURRENT freed 512K, 79% free 1301K/6019K, paused 1ms+1ms
D/dalvikvm( 1142): GC_CONCURRENT freed 380K, 78% free 1325K/6019K, paused 1ms+1ms
D/dalvikvm( 1142): GC_CONCURRENT freed 395K, 78% free 1366K/6019K, paused 1ms+1ms
D/dalvikvm( 1142): GC_CONCURRENT freed 433K, 77% free 1430K/6019K, paused 1ms+1ms
D/dalvikvm( 1142): GC_CONCURRENT freed 513K, 79% free 1309K/6019K, paused 1ms+1ms
D/dalvikvm( 1142): GC_CONCURRENT freed 388K, 77% free 1425K/6019K, paused 1ms+1ms
D/dalvikvm( 1142): GC_CONCURRENT freed 488K, 78% free 1324K/6019K, paused 1ms+1ms
D/dalvikvm( 1142): GC_CONCURRENT freed 394K, 78% free 1324K/6019K, paused 1ms+1ms
D/dalvikvm( 1142): GC_CONCURRENT freed 393K, 79% free 1324K/6019K, paused 1ms+1ms
D/dalvikvm( 1142): GC_CONCURRENT freed 431K, 78% free 1330K/6019K, paused 1ms+2ms
D/dalvikvm( 1142): GC_CONCURRENT freed 404K, 79% free 1313K/6019K, paused 1ms+1ms
D/dalvikvm( 1142): GC_CONCURRENT freed 395K, 79% free 1311K/6019K, paused 1ms+2ms
D/dalvikvm( 1142): GC_CONCURRENT freed 392K, 77% free 1425K/6019K, paused 1ms+1ms
D/dalvikvm( 1142): GC_CONCURRENT freed 487K, 77% free 1412K/6019K, paused 1ms+1ms
D/dalvikvm( 1142): GC_CONCURRENT freed 485K, 77% free 1423K/6019K, paused 1ms+1ms
D/dalvikvm( 1142): GC_CONCURRENT freed 490K, 78% free 1339K/6019K, paused 1ms+1ms
D/dalvikvm( 1142): GC_CONCURRENT freed 420K, 77% free 1394K/6019K, paused 0ms+1ms
D/dalvikvm( 1142): GC_CONCURRENT freed 479K, 79% free 1301K/6019K, paused 1ms+1ms
D/dalvikvm( 1142): GC_CONCURRENT freed 385K, 77% free 1425K/6019K, paused 1ms+1ms
D/dalvikvm( 1142): GC_CONCURRENT freed 505K, 79% free 1312K/6019K, paused 1ms+1ms
D/dalvikvm( 1142): GC_CONCURRENT freed 393K, 79% free 1311K/6019K, paused 1ms+1ms
D/dalvikvm( 1142): GC_CONCURRENT freed 392K, 78% free 1383K/6019K, paused 1ms+1ms
D/dalvikvm( 1142): GC_CONCURRENT freed 458K, 79% free 1312K/6019K, paused 1ms+1ms
D/dalvikvm( 1142): GC_CONCURRENT freed 396K, 79% free 1311K/6019K, paused 0ms+2ms
D/dalvikvm( 1142): GC_CONCURRENT freed 394K, 79% free 1311K/6019K, paused 1ms+1ms
D/dalvikvm( 1142): GC_CONCURRENT freed 394K, 79% free 1320K/6019K, paused 1ms+1ms
D/dalvikvm( 1142): GC_CONCURRENT freed 394K, 79% free 1320K/6019K, paused 1ms+1ms
D/dalvikvm( 1142): GC_CONCURRENT freed 393K, 79% free 1320K/6019K, paused 1ms+1ms
D/dalvikvm( 1142): GC_CONCURRENT freed 404K, 78% free 1324K/6019K, paused 1ms+1ms
D/dalvikvm( 1142): GC_CONCURRENT freed 392K, 78% free 1325K/6019K, paused 1ms+2ms
D/dalvikvm( 1142): GC_CONCURRENT freed 481K, 78% free 1349K/6019K, paused 1ms+1ms
D/HomePlayerLib( 1142): hostaddress count is 2
D/dalvikvm( 1142): GC_CONCURRENT freed 418K, 77% free 1428K/6019K, paused 1ms+1ms
D/dalvikvm( 1142): GC_CONCURRENT freed 503K, 77% free 1430K/6019K, paused 1ms+1ms
D/dalvikvm( 1142): GC_CONCURRENT freed 507K, 77% free 1434K/6019K, paused 1ms+1ms
D/dalvikvm( 1142): GC_CONCURRENT freed 496K, 78% free 1333K/6019K, paused 1ms+1ms
D/dalvikvm( 1142): GC_CONCURRENT freed 412K, 78% free 1329K/6019K, paused 0ms+1ms
D/dalvikvm( 1142): GC_CONCURRENT freed 418K, 77% free 1423K/6019K, paused 1ms+1ms
D/dalvikvm( 1142): GC_CONCURRENT freed 489K, 78% free 1329K/6019K, paused 1ms+1ms
D/dalvikvm( 1142): GC_CONCURRENT freed 394K, 77% free 1392K/6019K, paused 1ms+1ms
D/dalvikvm( 1142): GC_CONCURRENT freed 456K, 77% free 1436K/6019K, paused 0ms+1ms
D/dalvikvm( 1142): GC_CONCURRENT freed 515K, 78% free 1372K/6019K, paused 1ms+1ms
D/dalvikvm( 1142): GC_CONCURRENT freed 435K, 78% free 1375K/6019K, paused 1ms+1ms
D/dalvikvm( 1142): GC_CONCURRENT freed 455K, 77% free 1425K/6019K, paused 0ms+1ms
D/dalvikvm( 1142): GC_CONCURRENT freed 489K, 76% free 1445K/6019K, paused 1ms+1ms
D/dalvikvm( 1142): GC_CONCURRENT freed 515K, 77% free 1408K/6019K, paused 1ms+1ms
D/dalvikvm( 1142): GC_CONCURRENT freed 484K, 79% free 1317K/6019K, paused 1ms+1ms
D/dalvikvm( 1142): GC_CONCURRENT freed 410K, 79% free 1321K/6019K, paused 1ms+1ms
D/dalvikvm( 1142): GC_CONCURRENT freed 387K, 77% free 1413K/6019K, paused 1ms+1ms
D/dalvikvm( 1142): GC_CONCURRENT freed 476K, 78% free 1330K/6019K, paused 1ms+1ms
D/dalvikvm( 1142): GC_CONCURRENT freed 403K, 78% free 1377K/6019K, paused 1ms+1ms
D/dalvikvm( 1142): GC_CONCURRENT freed 428K, 76% free 1466K/6019K, paused 1ms+1ms
D/dalvikvm( 1142): GC_CONCURRENT freed 549K, 78% free 1372K/6019K, paused 0ms+1ms
D/dalvikvm( 1142): GC_CONCURRENT freed 446K, 79% free 1313K/6019K, paused 1ms+1ms
D/dalvikvm( 1142): GC_CONCURRENT freed 397K, 79% free 1310K/6019K, paused 1ms+1ms
D/dalvikvm( 1142): GC_CONCURRENT freed 392K, 78% free 1378K/6019K, paused 1ms+1ms
D/dalvikvm( 1142): GC_CONCURRENT freed 445K, 78% free 1325K/6019K, paused 0ms+2ms
D/dalvikvm( 1142): GC_CONCURRENT freed 394K, 78% free 1324K/6019K, paused 1ms+1ms
D/dalvikvm( 1142): GC_CONCURRENT freed 393K, 79% free 1324K/6019K, paused 1ms+2ms
D/dalvikvm( 1142): GC_CONCURRENT freed 393K, 78% free 1329K/6019K, paused 1ms+1ms
D/dalvikvm( 1142): GC_CONCURRENT freed 403K, 79% free 1321K/6019K, paused 1ms+1ms
D/dalvikvm( 1142): GC_CONCURRENT freed 395K, 79% free 1319K/6019K, paused 1ms+1ms
D/dalvikvm( 1142): GC_CONCURRENT freed 432K, 77% free 1396K/6019K, paused 0ms+1ms
D/dalvikvm( 1142): GC_CONCURRENT freed 476K, 77% free 1384K/6019K, paused 1ms+1ms
D/dalvikvm( 1142): GC_CONCURRENT freed 459K, 77% free 1437K/6019K, paused 1ms+1ms
D/dalvikvm( 1142): GC_CONCURRENT freed 516K, 77% free 1420K/6019K, paused 1ms+1ms
D/dalvikvm( 1142): GC_CONCURRENT freed 487K, 78% free 1325K/6019K, paused 0ms+1ms
D/dalvikvm( 1142): GC_CONCURRENT freed 403K, 78% free 1381K/6019K, paused 1ms+1ms
D/dalvikvm( 1142): GC_CONCURRENT freed 449K, 78% free 1325K/6019K, paused 1ms+1ms
D/dalvikvm( 1142): GC_CONCURRENT freed 394K, 78% free 1324K/6019K, paused 1ms+1ms
D/dalvikvm( 1142): GC_CONCURRENT freed 392K, 78% free 1324K/6019K, paused 1ms+1ms
D/dalvikvm( 1142): GC_CONCURRENT freed 392K, 78% free 1324K/6019K, paused 1ms+1ms
D/dalvikvm( 1142): GC_CONCURRENT freed 393K, 79% free 1324K/6019K, paused 1ms+1ms
D/dalvikvm( 1142): GC_CONCURRENT freed 393K, 78% free 1325K/6019K, paused 1ms+2ms
D/dalvikvm( 1142): GC_CONCURRENT freed 404K, 79% free 1313K/6019K, paused 1ms+2ms
D/dalvikvm( 1142): GC_CONCURRENT freed 396K, 79% free 1319K/6019K, paused 1ms+1ms
D/dalvikvm( 1142): GC_CONCURRENT freed 394K, 79% free 1311K/6019K, paused 1ms+1ms
D/dalvikvm( 1142): GC_CONCURRENT freed 394K, 79% free 1311K/6019K, paused 1ms+1ms
D/dalvikvm( 1142): GC_CONCURRENT freed 394K, 79% free 1311K/6019K, paused 1ms+1ms
D/dalvikvm( 1142): GC_CONCURRENT freed 392K, 79% free 1312K/6019K, paused 1ms+1ms
D/dalvikvm( 1142): GC_CONCURRENT freed 392K, 78% free 1337K/6019K, paused 1ms+1ms
D/dalvikvm( 1142): GC_CONCURRENT freed 406K, 78% free 1325K/6019K, paused 1ms+1ms
D/dalvikvm( 1142): GC_CONCURRENT freed 404K, 79% free 1321K/6019K, paused 1ms+1ms
D/dalvikvm( 1142): GC_CONCURRENT freed 396K, 78% free 1336K/6019K, paused 1ms+1ms
D/dalvikvm( 1142): GC_CONCURRENT freed 407K, 79% free 1324K/6019K, paused 1ms+1ms
D/dalvikvm( 1142): GC_CONCURRENT freed 394K, 78% free 1324K/6019K, paused 1ms+1ms
D/dalvikvm( 1142): GC_CONCURRENT freed 404K, 79% free 1318K/6019K, paused 1ms+1ms
D/HomePlayerLib( 1142): hostaddress count is 2
D/dalvikvm( 1142): GC_CONCURRENT freed 387K, 79% free 1322K/6019K, paused 1ms+2ms
D/dalvikvm( 1142): GC_CONCURRENT freed 409K, 79% free 1318K/6019K, paused 1ms+2ms
D/dalvikvm( 1142): GC_CONCURRENT freed 378K, 78% free 1326K/6019K, paused 1ms+1ms
D/dalvikvm( 1142): GC_CONCURRENT freed 390K, 78% free 1328K/6019K, paused 1ms+1ms
D/dalvikvm( 1142): GC_CONCURRENT freed 457K, 79% free 1321K/6019K, paused 1ms+1ms
D/dalvikvm( 1142): GC_CONCURRENT freed 396K, 79% free 1324K/6019K, paused 1ms+1ms
D/dalvikvm( 1142): GC_CONCURRENT freed 483K, 79% free 1315K/6019K, paused 1ms+1ms
D/dalvikvm( 1142): GC_CONCURRENT freed 377K, 79% free 1324K/6019K, paused 1ms+1ms
D/dalvikvm( 1142): GC_CONCURRENT freed 407K, 79% free 1300K/6019K, paused 1ms+2ms
D/dalvikvm( 1142): GC_CONCURRENT freed 379K, 79% free 1315K/6019K, paused 1ms+1ms
D/dalvikvm( 1142): GC_CONCURRENT freed 392K, 79% free 1317K/6019K, paused 1ms+1ms
D/dalvikvm( 1142): GC_CONCURRENT freed 392K, 78% free 1325K/6019K, paused 0ms+1ms
D/dalvikvm( 1142): GC_CONCURRENT freed 394K, 78% free 1324K/6019K, paused 1ms+1ms
D/dalvikvm( 1142): GC_CONCURRENT freed 405K, 78% free 1327K/6019K, paused 1ms+1ms
D/dalvikvm( 1142): GC_CONCURRENT freed 390K, 78% free 1329K/6019K, paused 1ms+1ms
D/dalvikvm( 1142): GC_CONCURRENT freed 413K, 79% free 1302K/6019K, paused 1ms+1ms
D/dalvikvm( 1142): GC_CONCURRENT freed 373K, 79% free 1323K/6019K, paused 1ms+1ms
D/dalvikvm( 1142): GC_CONCURRENT freed 394K, 79% free 1324K/6019K, paused 1ms+1ms
D/dalvikvm( 1142): GC_CONCURRENT freed 394K, 79% free 1324K/6019K, paused 1ms+1ms
D/dalvikvm( 1142): GC_CONCURRENT freed 404K, 77% free 1390K/6019K, paused 0ms+1ms
D/dalvikvm( 1142): GC_CONCURRENT freed 470K, 79% free 1312K/6019K, paused 1ms+1ms
D/dalvikvm( 1142): GC_CONCURRENT freed 398K, 79% free 1314K/6019K, paused 0ms+1ms
D/dalvikvm( 1142): GC_CONCURRENT freed 384K, 76% free 1497K/6019K, paused 1ms+1ms
D/dalvikvm( 1142): GC_CONCURRENT freed 558K, 78% free 1326K/6019K, paused 0ms+1ms
D/dalvikvm( 1142): GC_CONCURRENT freed 395K, 78% free 1370K/6019K, paused 1ms+1ms
D/dalvikvm( 1142): GC_CONCURRENT freed 453K, 78% free 1325K/6019K, paused 1ms+1ms
D/dalvikvm( 1142): GC_CONCURRENT freed 397K, 79% free 1324K/6019K, paused 1ms+1ms
D/dalvikvm( 1142): GC_CONCURRENT freed 393K, 79% free 1324K/6019K, paused 1ms+1ms
W/System.err( 1233): org.apache.http.conn.ConnectionPoolTimeoutException: Timeout waiting for connection
W/System.err( 1233):    at org.apache.http.impl.conn.tsccm.ConnPoolByRoute.getEntryBlocking(ConnPoolByRoute.java:353)
W/System.err( 1233):    at org.apache.http.impl.conn.tsccm.ConnPoolByRoute$1.getPoolEntry(ConnPoolByRoute.java:238)
W/System.err( 1233):    at org.apache.http.impl.conn.tsccm.ThreadSafeClientConnManager$1.getConnection(ThreadSafeClientConnManager.java:177)
W/System.err( 1233):    at org.apache.http.impl.client.DefaultRequestDirector.execute(DefaultRequestDirector.java:326)
W/System.err( 1233):    at org.apache.http.impl.client.AbstractHttpClient.execute(AbstractHttpClient.java:555)
W/System.err( 1233):    at org.apache.http.impl.client.AbstractHttpClient.execute(AbstractHttpClient.java:487)
W/System.err( 1233):    at org.apache.http.impl.client.AbstractHttpClient.execute(AbstractHttpClient.java:465)
W/System.err( 1233):    at com.fiship.cibn.common.NetworkUtil.isConnectToServerByHttp(NetworkUtil.java:39)
W/System.err( 1233):    at com.fiship.cibn.weather.WeatherTask.doInBackground(WeatherTask.java:184)
W/System.err( 1233):    at com.fiship.cibn.weather.WeatherTask.doInBackground(WeatherTask.java:31)
W/System.err( 1233):    at android.os.AsyncTask$2.call(AsyncTask.java:264)
W/System.err( 1233):    at java.util.concurrent.FutureTask$Sync.innerRun(FutureTask.java:305)
W/System.err( 1233):    at java.util.concurrent.FutureTask.run(FutureTask.java:137)
W/System.err( 1233):    at android.os.AsyncTask$SerialExecutor$1.run(AsyncTask.java:208)
W/System.err( 1233):    at java.util.concurrent.ThreadPoolExecutor.runWorker(ThreadPoolExecutor.java:1076)
W/System.err( 1233):    at java.util.concurrent.ThreadPoolExecutor$Worker.run(ThreadPoolExecutor.java:569)
W/System.err( 1233):    at java.lang.Thread.run(Thread.java:856)
E/WeatherTask( 1233): can't connect the url : http://php.weather.sina.com.cn/iframe/index/w_cl.php?day=1
D/dalvikvm( 1142): GC_CONCURRENT freed 391K, 79% free 1324K/6019K, paused 1ms+1ms
D/dalvikvm( 1142): GC_CONCURRENT freed 392K, 78% free 1324K/6019K, paused 1ms+1ms
D/dalvikvm( 1142): GC_CONCURRENT freed 393K, 78% free 1324K/6019K, paused 1ms+1ms
D/dalvikvm( 1142): GC_CONCURRENT freed 392K, 78% free 1324K/6019K, paused 1ms+1ms
D/dalvikvm( 1142): GC_CONCURRENT freed 393K, 78% free 1325K/6019K, paused 1ms+1ms
D/dalvikvm( 1142): GC_CONCURRENT freed 402K, 79% free 1321K/6019K, paused 1ms+1ms
D/dalvikvm( 1142): GC_CONCURRENT freed 395K, 79% free 1319K/6019K, paused 0ms+1ms
D/dalvikvm( 1142): GC_CONCURRENT freed 394K, 77% free 1419K/6019K, paused 1ms+1ms
I/dnsmasq ( 4222): DHCPREQUEST(uap0) 192.168.43.186 00:90:4c:78:03:ff 
I/dnsmasq ( 4222): DHCPACK(uap0) 192.168.43.186 00:90:4c:78:03:ff android-1860196aa0422c37
D/dalvikvm( 1142): GC_CONCURRENT freed 485K, 78% free 1324K/6019K, paused 1ms+1ms
D/dalvikvm( 1142): GC_CONCURRENT freed 393K, 78% free 1370K/6019K, paused 1ms+1ms
D/dalvikvm( 1142): GC_CONCURRENT freed 444K, 79% free 1313K/6019K, paused 1ms+1ms
D/dalvikvm( 1142): GC_CONCURRENT freed 397K, 79% free 1310K/6019K, paused 1ms+1ms
D/dalvikvm( 1142): GC_CONCURRENT freed 393K, 77% free 1425K/6019K, paused 1ms+1ms
D/dalvikvm( 1142): GC_CONCURRENT freed 487K, 77% free 1412K/6019K, paused 1ms+0ms
D/dalvikvm( 1142): GC_CONCURRENT freed 484K, 77% free 1438K/6019K, paused 1ms+1ms
D/dalvikvm( 1142): GC_CONCURRENT freed 517K, 77% free 1420K/6019K, paused 1ms+1ms
D/dalvikvm( 1142): GC_CONCURRENT freed 488K, 78% free 1330K/6019K, paused 1ms+1ms
D/dalvikvm( 1142): GC_CONCURRENT freed 404K, 77% free 1437K/6019K, paused 1ms+2ms
D/dalvikvm( 1142): GC_CONCURRENT freed 516K, 77% free 1427K/6019K, paused 1ms+1ms
D/dalvikvm( 1142): GC_CONCURRENT freed 488K, 78% free 1330K/6019K, paused 1ms+1ms
D/dalvikvm( 1142): GC_CONCURRENT freed 405K, 79% free 1312K/6019K, paused 1ms+1ms
D/dalvikvm( 1142): GC_CONCURRENT freed 396K, 79% free 1319K/6019K, paused 0ms+1ms
D/dalvikvm( 1142): GC_CONCURRENT freed 394K, 79% free 1320K/6019K, paused 1ms+1ms
D/dalvikvm( 1142): GC_CONCURRENT freed 394K, 79% free 1320K/6019K, paused 1ms+1ms
D/dalvikvm( 1142): GC_CONCURRENT freed 405K, 78% free 1324K/6019K, paused 1ms+1ms
D/dalvikvm( 1142): GC_CONCURRENT freed 392K, 78% free 1324K/6019K, paused 1ms+1ms
D/dalvikvm( 1142): GC_CONCURRENT freed 393K, 78% free 1324K/6019K, paused 1ms+1ms
D/dalvikvm( 1142): GC_CONCURRENT freed 393K, 78% free 1325K/6019K, paused 1ms+1ms
D/dalvikvm( 1142): GC_CONCURRENT freed 404K, 79% free 1312K/6019K, paused 0ms+1ms
D/dalvikvm( 1142): GC_CONCURRENT freed 418K, 76% free 1499K/6019K, paused 1ms+1ms
D/HomePlayerLib( 1142): hostaddress count is 2
D/dalvikvm( 1142): GC_CONCURRENT freed 584K, 77% free 1411K/6019K, paused 1ms+1ms
D/dalvikvm( 1142): GC_CONCURRENT freed 490K, 77% free 1433K/6019K, paused 1ms+1ms
D/dalvikvm( 1142): GC_CONCURRENT freed 498K, 78% free 1359K/6019K, paused 1ms+2ms
D/dalvikvm( 1142): GC_CONCURRENT freed 428K, 77% free 1411K/6019K, paused 1ms+1ms
D/dalvikvm( 1142): GC_CONCURRENT freed 475K, 78% free 1327K/6019K, paused 1ms+1ms
D/dalvikvm( 1142): GC_CONCURRENT freed 391K, 78% free 1328K/6019K, paused 1ms+1ms
D/dalvikvm( 1142): GC_CONCURRENT freed 392K, 78% free 1326K/6019K, paused 1ms+1ms
D/dalvikvm( 1142): GC_CONCURRENT freed 392K, 78% free 1374K/6019K, paused 1ms+1ms
D/dalvikvm( 1142): GC_CONCURRENT freed 455K, 77% free 1430K/6019K, paused 1ms+1ms
D/dalvikvm( 1142): GC_CONCURRENT freed 489K, 76% free 1453K/6019K, paused 0ms+1ms
D/dalvikvm( 1142): GC_CONCURRENT freed 514K, 78% free 1333K/6019K, paused 1ms+1ms
D/dalvikvm( 1142): GC_CONCURRENT freed 403K, 77% free 1440K/6019K, paused 1ms+1ms
D/dalvikvm( 1142): GC_CONCURRENT freed 517K, 77% free 1431K/6019K, paused 1ms+1ms
D/dalvikvm( 1142): GC_CONCURRENT freed 499K, 78% free 1332K/6019K, paused 1ms+1ms
D/dalvikvm( 1142): GC_CONCURRENT freed 406K, 79% free 1312K/6019K, paused 1ms+1ms
D/dalvikvm( 1142): GC_CONCURRENT freed 396K, 77% free 1419K/6019K, paused 1ms+1ms
D/dalvikvm( 1142): GC_CONCURRENT freed 488K, 77% free 1407K/6019K, paused 0ms+1ms
D/dalvikvm( 1142): GC_CONCURRENT freed 475K, 78% free 1326K/6019K, paused 1ms+1ms
D/dalvikvm( 1142): GC_CONCURRENT freed 402K, 79% free 1312K/6019K, paused 1ms+1ms
D/dalvikvm( 1142): GC_CONCURRENT freed 396K, 79% free 1310K/6019K, paused 1ms+2ms
D/dalvikvm( 1142): GC_CONCURRENT freed 394K, 79% free 1310K/6019K, paused 1ms+1ms
D/dalvikvm( 1142): GC_CONCURRENT freed 394K, 79% free 1311K/6019K, paused 1ms+2ms
D/dalvikvm( 1142): GC_CONCURRENT freed 393K, 79% free 1312K/6019K, paused 1ms+1ms
D/dalvikvm( 1142): GC_CONCURRENT freed 392K, 79% free 1320K/6019K, paused 1ms+1ms
D/dalvikvm( 1142): GC_CONCURRENT freed 405K, 78% free 1324K/6019K, paused 1ms+1ms
D/dalvikvm( 1142): GC_CONCURRENT freed 393K, 78% free 1325K/6019K, paused 1ms+1ms
D/dalvikvm( 1142): GC_CONCURRENT freed 404K, 79% free 1312K/6019K, paused 0ms+1ms
D/dalvikvm( 1142): GC_CONCURRENT freed 396K, 77% free 1426K/6019K, paused 1ms+1ms
D/dalvikvm( 1142): GC_CONCURRENT freed 486K, 77% free 1421K/6019K, paused 1ms+2ms
D/dalvikvm( 1142): GC_CONCURRENT freed 506K, 79% free 1315K/6019K, paused 1ms+1ms
D/dalvikvm( 1142): GC_CONCURRENT freed 385K, 76% free 1448K/6019K, paused 0ms+1ms
D/dalvikvm( 1142): GC_CONCURRENT freed 516K, 76% free 1448K/6019K, paused 0ms+1ms
D/dalvikvm( 1142): GC_CONCURRENT freed 524K, 79% free 1314K/6019K, paused 1ms+1ms
D/dalvikvm( 1142): GC_CONCURRENT freed 398K, 77% free 1425K/6019K, paused 1ms+1ms
D/dalvikvm( 1142): GC_CONCURRENT freed 487K, 77% free 1408K/6019K, paused 1ms+1ms
D/dalvikvm( 1142): GC_CONCURRENT freed 473K, 78% free 1325K/6019K, paused 1ms+1ms
D/dalvikvm( 1142): GC_CONCURRENT freed 403K, 79% free 1313K/6019K, paused 0ms+1ms
D/dalvikvm( 1142): GC_CONCURRENT freed 396K, 79% free 1320K/6019K, paused 0ms+1ms
D/dalvikvm( 1142): GC_CONCURRENT freed 394K, 78% free 1336K/6019K, paused 1ms+1ms
D/dalvikvm( 1142): GC_CONCURRENT freed 406K, 78% free 1324K/6019K, paused 1ms+1ms
D/dalvikvm( 1142): GC_CONCURRENT freed 394K, 78% free 1324K/6019K, paused 1ms+2ms
D/dalvikvm( 1142): GC_CONCURRENT freed 392K, 78% free 1324K/6019K, paused 1ms+1ms
D/dalvikvm( 1142): GC_CONCURRENT freed 393K, 78% free 1324K/6019K, paused 1ms+1ms
D/dalvikvm( 1142): GC_CONCURRENT freed 392K, 78% free 1324K/6019K, paused 1ms+1ms
D/dalvikvm( 1142): GC_CONCURRENT freed 404K, 79% free 1312K/6019K, paused 1ms+1ms
D/dalvikvm( 1142): GC_CONCURRENT freed 396K, 76% free 1475K/6019K, paused 1ms+1ms
D/dalvikvm( 1142): GC_CONCURRENT freed 555K, 77% free 1385K/6019K, paused 1ms+1ms
D/dalvikvm( 1142): GC_CONCURRENT freed 562K, 78% free 1324K/6019K, paused 1ms+1ms
D/HomePlayerLib( 1142): hostaddress count is 2
D/dalvikvm( 1142): GC_CONCURRENT freed 393K, 77% free 1428K/6019K, paused 0ms+1ms
D/dalvikvm( 1142): GC_CONCURRENT freed 503K, 77% free 1406K/6019K, paused 1ms+1ms
D/dalvikvm( 1142): GC_CONCURRENT freed 488K, 78% free 1328K/6019K, paused 1ms+1ms
D/dalvikvm( 1142): GC_CONCURRENT freed 395K, 78% free 1329K/6019K, paused 1ms+1ms
D/dalvikvm( 1142): GC_CONCURRENT freed 389K, 77% free 1412K/6019K, paused 1ms+1ms
D/dalvikvm( 1142): GC_CONCURRENT freed 492K, 77% free 1428K/6019K, paused 0ms+1ms
D/dalvikvm( 1142): GC_CONCURRENT freed 501K, 77% free 1436K/6019K, paused 1ms+1ms
D/dalvikvm( 1142): GC_CONCURRENT freed 502K, 78% free 1333K/6019K, paused 0ms+1ms
D/dalvikvm( 1142): GC_CONCURRENT freed 403K, 77% free 1426K/6019K, paused 1ms+1ms
D/dalvikvm( 1142): GC_CONCURRENT freed 490K, 78% free 1327K/6019K, paused 1ms+1ms
D/dalvikvm( 1142): GC_CONCURRENT freed 393K, 77% free 1434K/6019K, paused 1ms+1ms
D/dalvikvm( 1142): GC_CONCURRENT freed 514K, 79% free 1304K/6019K, paused 1ms+1ms
D/dalvikvm( 1142): GC_CONCURRENT freed 375K, 77% free 1435K/6019K, paused 1ms+1ms
D/dalvikvm( 1142): GC_CONCURRENT freed 514K, 77% free 1428K/6019K, paused 1ms+1ms
D/dalvikvm( 1142): GC_CONCURRENT freed 488K, 78% free 1332K/6019K, paused 1ms+1ms
D/dalvikvm( 1142): GC_CONCURRENT freed 407K, 77% free 1421K/6019K, paused 1ms+1ms
D/dalvikvm( 1142): GC_CONCURRENT freed 498K, 77% free 1406K/6019K, paused 1ms+1ms
D/dalvikvm( 1142): GC_CONCURRENT freed 489K, 78% free 1330K/6019K, paused 1ms+1ms
D/dalvikvm( 1142): GC_CONCURRENT freed 413K, 79% free 1309K/6019K, paused 1ms+1ms
D/dalvikvm( 1142): GC_CONCURRENT freed 383K, 77% free 1435K/6019K, paused 1ms+1ms
D/dalvikvm( 1142): GC_CONCURRENT freed 514K, 77% free 1425K/6019K, paused 1ms+1ms
D/dalvikvm( 1142): GC_CONCURRENT freed 504K, 77% free 1416K/6019K, paused 1ms+1ms
D/dalvikvm( 1142): GC_CONCURRENT freed 483K, 77% free 1406K/6019K, paused 1ms+1ms
D/dalvikvm( 1142): GC_CONCURRENT freed 473K, 78% free 1371K/6019K, paused 1ms+1ms
D/dalvikvm( 1142): GC_CONCURRENT freed 445K, 79% free 1313K/6019K, paused 1ms+1ms
D/dalvikvm( 1142): GC_CONCURRENT freed 395K, 79% free 1310K/6019K, paused 1ms+1ms
D/dalvikvm( 1142): GC_CONCURRENT freed 392K, 77% free 1420K/6019K, paused 1ms+1ms
D/dalvikvm( 1142): GC_CONCURRENT freed 487K, 77% free 1412K/6019K, paused 0ms+1ms
D/dalvikvm( 1142): GC_CONCURRENT freed 486K, 77% free 1422K/6019K, paused 1ms+1ms
D/dalvikvm( 1142): GC_CONCURRENT freed 491K, 77% free 1431K/6019K, paused 1ms+1ms
D/dalvikvm( 1142): GC_CONCURRENT freed 513K, 78% free 1326K/6019K, paused 1ms+1ms
D/dalvikvm( 1142): GC_CONCURRENT freed 404K, 79% free 1312K/6019K, paused 1ms+1ms
D/dalvikvm( 1142): GC_CONCURRENT freed 396K, 79% free 1310K/6019K, paused 0ms+1ms
D/dalvikvm( 1142): GC_CONCURRENT freed 394K, 79% free 1311K/6019K, paused 1ms+1ms
D/dalvikvm( 1142): GC_CONCURRENT freed 394K, 77% free 1392K/6019K, paused 0ms+1ms
D/dalvikvm( 1142): GC_CONCURRENT freed 472K, 79% free 1312K/6019K, paused 1ms+1ms
D/dalvikvm( 1142): GC_CONCURRENT freed 392K, 78% free 1343K/6019K, paused 1ms+1ms
D/dalvikvm( 1142): GC_CONCURRENT freed 415K, 77% free 1421K/6019K, paused 1ms+1ms
D/dalvikvm( 1142): GC_CONCURRENT freed 489K, 77% free 1431K/6019K, paused 1ms+1ms
D/dalvikvm( 1142): GC_CONCURRENT freed 502K, 79% free 1313K/6019K, paused 1ms+1ms
D/dalvikvm( 1142): GC_CONCURRENT freed 399K, 79% free 1300K/6019K, paused 0ms+1ms
D/dalvikvm( 1142): GC_CONCURRENT freed 372K, 77% free 1421K/6019K, paused 1ms+1ms
D/dalvikvm( 1142): GC_CONCURRENT freed 490K, 78% free 1324K/6019K, paused 1ms+1ms
W/System.err( 1233): org.apache.http.conn.ConnectionPoolTimeoutException: Timeout waiting for connection
W/System.err( 1233):    at org.apache.http.impl.conn.tsccm.ConnPoolByRoute.getEntryBlocking(ConnPoolByRoute.java:353)
W/System.err( 1233):    at org.apache.http.impl.conn.tsccm.ConnPoolByRoute$1.getPoolEntry(ConnPoolByRoute.java:238)
W/System.err( 1233):    at org.apache.http.impl.conn.tsccm.ThreadSafeClientConnManager$1.getConnection(ThreadSafeClientConnManager.java:177)
W/System.err( 1233):    at org.apache.http.impl.client.DefaultRequestDirector.execute(DefaultRequestDirector.java:326)
W/System.err( 1233):    at org.apache.http.impl.client.AbstractHttpClient.execute(AbstractHttpClient.java:555)
W/System.err( 1233):    at org.apache.http.impl.client.AbstractHttpClient.execute(AbstractHttpClient.java:487)
W/System.err( 1233):    at org.apache.http.impl.client.AbstractHttpClient.execute(AbstractHttpClient.java:465)
W/System.err( 1233):    at com.fiship.cibn.common.NetworkUtil.isConnectToServerByHttp(NetworkUtil.java:39)
W/System.err( 1233):    at com.fiship.cibn.weather.WeatherTask.doInBackground(WeatherTask.java:184)
W/System.err( 1233):    at com.fiship.cibn.weather.WeatherTask.doInBackground(WeatherTask.java:31)
W/System.err( 1233):    at android.os.AsyncTask$2.call(AsyncTask.java:264)
W/System.err( 1233):    at java.util.concurrent.FutureTask$Sync.innerRun(FutureTask.java:305)
W/System.err( 1233):    at java.util.concurrent.FutureTask.run(FutureTask.java:137)
W/System.err( 1233):    at android.os.AsyncTask$SerialExecutor$1.run(AsyncTask.java:208)
W/System.err( 1233):    at java.util.concurrent.ThreadPoolExecutor.runWorker(ThreadPoolExecutor.java:1076)
W/System.err( 1233):    at java.util.concurrent.ThreadPoolExecutor$Worker.run(ThreadPoolExecutor.java:569)
W/System.err( 1233):    at java.lang.Thread.run(Thread.java:856)
E/WeatherTask( 1233): can't connect the url : http://php.weather.sina.com.cn/iframe/index/w_cl.php?day=1
D/dalvikvm( 1142): GC_CONCURRENT freed 395K, 77% free 1406K/6019K, paused 1ms+1ms
D/dalvikvm( 1142): GC_CONCURRENT freed 472K, 78% free 1330K/6019K, paused 1ms+1ms
D/dalvikvm( 1142): GC_CONCURRENT freed 404K, 77% free 1437K/6019K, paused 0ms+1ms
D/dalvikvm( 1142): GC_CONCURRENT freed 518K, 77% free 1421K/6019K, paused 1ms+1ms
D/dalvikvm( 1142): GC_CONCURRENT freed 487K, 78% free 1330K/6019K, paused 1ms+1ms
D/dalvikvm( 1142): GC_CONCURRENT freed 404K, 76% free 1487K/6019K, paused 1ms+1ms
D/dalvikvm( 1142): GC_CONCURRENT freed 558K, 79% free 1314K/6019K, paused 1ms+1ms
D/dalvikvm( 1142): GC_CONCURRENT freed 395K, 79% free 1312K/6019K, paused 1ms+1ms
D/dalvikvm( 1142): GC_CONCURRENT freed 393K, 78% free 1342K/6019K, paused 1ms+1ms
D/dalvikvm( 1142): GC_CONCURRENT freed 417K, 79% free 1312K/6019K, paused 1ms+1ms
D/dalvikvm( 1142): GC_CONCURRENT freed 396K, 77% free 1426K/6019K, paused 1ms+1ms
D/dalvikvm( 1142): GC_CONCURRENT freed 511K, 79% free 1323K/6019K, paused 1ms+1ms
D/HomePlayerLib( 1142): hostaddress count is 2
D/dalvikvm( 1142): GC_CONCURRENT freed 403K, 79% free 1309K/6019K, paused 0ms+1ms
D/dalvikvm( 1142): GC_CONCURRENT freed 395K, 76% free 1488K/6019K, paused 1ms+1ms
D/dalvikvm( 1142): GC_CONCURRENT freed 567K, 77% free 1411K/6019K, paused 1ms+1ms
D/dalvikvm( 1142): GC_CONCURRENT freed 481K, 77% free 1433K/6019K, paused 1ms+1ms
D/dalvikvm( 1142): GC_CONCURRENT freed 490K, 76% free 1451K/6019K, paused 1ms+1ms
D/dalvikvm( 1142): GC_CONCURRENT freed 514K, 78% free 1330K/6019K, paused 0ms+1ms
D/dalvikvm( 1142): GC_FOR_ALLOC freed 526K, 79% free 1309K/6019K, paused 10ms
D/dalvikvm( 1142): GC_CONCURRENT freed 0K, 77% free 1425K/6019K, paused 0ms+1ms
D/dalvikvm( 1142): GC_CONCURRENT freed 486K, 78% free 1325K/6019K, paused 1ms+1ms
D/dalvikvm( 1142): GC_CONCURRENT freed 385K, 76% free 1451K/6019K, paused 1ms+1ms
D/dalvikvm( 1142): GC_CONCURRENT freed 522K, 77% free 1412K/6019K, paused 0ms+1ms
D/dalvikvm( 1142): GC_CONCURRENT freed 478K, 78% free 1327K/6019K, paused 1ms+1ms
D/dalvikvm( 1142): GC_CONCURRENT freed 389K, 78% free 1326K/6019K, paused 1ms+1ms
D/dalvikvm( 1142): GC_CONCURRENT freed 390K, 78% free 1329K/6019K, paused 1ms+1ms
D/dalvikvm( 1142): GC_CONCURRENT freed 403K, 78% free 1324K/6019K, paused 1ms+1ms
D/dalvikvm( 1142): GC_CONCURRENT freed 395K, 79% free 1324K/6019K, paused 1ms+1ms
D/dalvikvm( 1142): GC_CONCURRENT freed 406K, 78% free 1338K/6019K, paused 1ms+1ms
D/dalvikvm( 1142): GC_CONCURRENT freed 408K, 78% free 1324K/6019K, paused 1ms+1ms
D/dalvikvm( 1142): GC_CONCURRENT freed 392K, 79% free 1324K/6019K, paused 1ms+1ms
D/dalvikvm( 1142): GC_CONCURRENT freed 392K, 78% free 1324K/6019K, paused 1ms+1ms
D/dalvikvm( 1142): GC_CONCURRENT freed 393K, 78% free 1324K/6019K, paused 1ms+1ms
D/dalvikvm( 1142): GC_CONCURRENT freed 393K, 78% free 1324K/6019K, paused 1ms+1ms
D/dalvikvm( 1142): GC_CONCURRENT freed 404K, 78% free 1339K/6019K, paused 1ms+2ms
D/dalvikvm( 1142): GC_CONCURRENT freed 407K, 79% free 1323K/6019K, paused 1ms+0ms
D/dalvikvm( 1142): GC_CONCURRENT freed 393K, 77% free 1407K/6019K, paused 1ms+1ms
D/dalvikvm( 1142): GC_CONCURRENT freed 474K, 77% free 1412K/6019K, paused 1ms+1ms
D/dalvikvm( 1142): GC_CONCURRENT freed 486K, 79% free 1313K/6019K, paused 1ms+1ms
D/dalvikvm( 1142): GC_CONCURRENT freed 397K, 76% free 1461K/6019K, paused 1ms+1ms
D/dalvikvm( 1142): GC_CONCURRENT freed 526K, 78% free 1325K/6019K, paused 1ms+1ms
D/dalvikvm( 1142): GC_CONCURRENT freed 393K, 78% free 1370K/6019K, paused 1ms+1ms
D/dalvikvm( 1142): GC_CONCURRENT freed 444K, 79% free 1313K/6019K, paused 0ms+1ms
D/dalvikvm( 1142): GC_CONCURRENT freed 395K, 77% free 1421K/6019K, paused 1ms+1ms
D/dalvikvm( 1142): GC_CONCURRENT freed 486K, 78% free 1381K/6019K, paused 1ms+1ms
D/dalvikvm( 1142): GC_CONCURRENT freed 461K, 78% free 1343K/6019K, paused 1ms+0ms
D/dalvikvm( 1142): GC_CONCURRENT freed 418K, 76% free 1503K/6019K, paused 1ms+1ms
D/dalvikvm( 1142): GC_CONCURRENT freed 571K, 77% free 1412K/6019K, paused 1ms+1ms
D/dalvikvm( 1142): GC_CONCURRENT freed 484K, 77% free 1438K/6019K, paused 1ms+1ms
D/dalvikvm( 1142): GC_CONCURRENT freed 518K, 77% free 1420K/6019K, paused 1ms+1ms
D/dalvikvm( 1142): GC_CONCURRENT freed 488K, 78% free 1330K/6019K, paused 1ms+1ms
D/dalvikvm( 1142): GC_CONCURRENT freed 405K, 77% free 1421K/6019K, paused 1ms+1ms
D/dalvikvm( 1142): GC_CONCURRENT freed 489K, 77% free 1407K/6019K, paused 1ms+1ms
D/dalvikvm( 1142): GC_CONCURRENT freed 474K, 78% free 1325K/6019K, paused 1ms+1ms
D/dalvikvm( 1142): GC_CONCURRENT freed 394K, 78% free 1329K/6019K, paused 0ms+1ms
D/dalvikvm( 1142): GC_CONCURRENT freed 441K, 77% free 1399K/6019K, paused 1ms+1ms
D/dalvikvm( 1142): GC_CONCURRENT freed 474K, 77% free 1431K/6019K, paused 1ms+1ms
D/dalvikvm( 1142): GC_CONCURRENT freed 513K, 79% free 1310K/6019K, paused 1ms+1ms
D/dalvikvm( 1142): GC_CONCURRENT freed 381K, 79% free 1323K/6019K, paused 1ms+1ms
D/dalvikvm( 1142): GC_CONCURRENT freed 500K, 78% free 1329K/6019K, paused 1ms+1ms
D/HomePlayerLib( 1142): hostaddress count is 2
D/dalvikvm( 1142): GC_CONCURRENT freed 416K, 77% free 1410K/6019K, paused 1ms+1ms
D/dalvikvm( 1142): GC_CONCURRENT freed 491K, 79% free 1310K/6019K, paused 1ms+1ms
D/dalvikvm( 1142): GC_CONCURRENT freed 379K, 78% free 1326K/6019K, paused 1ms+1ms
D/dalvikvm( 1142): GC_CONCURRENT freed 389K, 77% free 1392K/6019K, paused 1ms+1ms
D/dalvikvm( 1142): GC_CONCURRENT freed 472K, 78% free 1376K/6019K, paused 0ms+1ms
D/dalvikvm( 1142): GC_CONCURRENT freed 443K, 76% free 1502K/6019K, paused 1ms+1ms
D/dalvikvm( 1142): GC_CONCURRENT freed 564K, 77% free 1421K/6019K, paused 1ms+1ms
D/dalvikvm( 1142): GC_CONCURRENT freed 491K, 77% free 1427K/6019K, paused 1ms+1ms
D/dalvikvm( 1142): GC_CONCURRENT freed 491K, 77% free 1435K/6019K, paused 1ms+1ms
D/dalvikvm( 1142): GC_CONCURRENT freed 506K, 77% free 1440K/6019K, paused 1ms+1ms
D/dalvikvm( 1142): GC_CONCURRENT freed 598K, 78% free 1343K/6019K, paused 1ms+1ms
D/dalvikvm( 1142): GC_CONCURRENT freed 421K, 78% free 1344K/6019K, paused 0ms+1ms
D/dalvikvm( 1142): GC_CONCURRENT freed 387K, 77% free 1436K/6019K, paused 1ms+2ms
D/dalvikvm( 1142): GC_CONCURRENT freed 507K, 79% free 1323K/6019K, paused 1ms+1ms
D/dalvikvm( 1142): GC_CONCURRENT freed 392K, 75% free 1517K/6019K, paused 1ms+1ms
D/dalvikvm( 1142): GC_CONCURRENT freed 585K, 77% free 1386K/6019K, paused 0ms+1ms
D/dalvikvm( 1142): GC_CONCURRENT freed 467K, 79% free 1317K/6019K, paused 1ms+1ms
D/dalvikvm( 1142): GC_CONCURRENT freed 393K, 78% free 1324K/6019K, paused 1ms+2ms
D/dalvikvm( 1142): GC_CONCURRENT freed 405K, 78% free 1329K/6019K, paused 1ms+1ms
D/dalvikvm( 1142): GC_CONCURRENT freed 393K, 76% free 1447K/6019K, paused 1ms+1ms
D/dalvikvm( 1142): GC_CONCURRENT freed 509K, 78% free 1327K/6019K, paused 1ms+1ms
D/dalvikvm( 1142): GC_CONCURRENT freed 397K, 77% free 1430K/6019K, paused 1ms+1ms
D/dalvikvm( 1142): GC_CONCURRENT freed 501K, 77% free 1384K/6019K, paused 0ms+1ms
D/dalvikvm( 1142): GC_CONCURRENT freed 459K, 77% free 1396K/6019K, paused 1ms+1ms
D/dalvikvm( 1142): GC_CONCURRENT freed 476K, 79% free 1312K/6019K, paused 1ms+1ms
D/dalvikvm( 1142): GC_CONCURRENT freed 393K, 77% free 1426K/6019K, paused 1ms+1ms
D/dalvikvm( 1142): GC_CONCURRENT freed 487K, 78% free 1330K/6019K, paused 1ms+1ms
D/dalvikvm( 1142): GC_CONCURRENT freed 405K, 79% free 1312K/6019K, paused 1ms+1ms
D/dalvikvm( 1142): GC_CONCURRENT freed 397K, 79% free 1310K/6019K, paused 1ms+1ms
D/dalvikvm( 1142): GC_CONCURRENT freed 392K, 77% free 1425K/6019K, paused 1ms+1ms
D/dalvikvm( 1142): GC_CONCURRENT freed 486K, 77% free 1412K/6019K, paused 1ms+1ms
D/dalvikvm( 1142): GC_CONCURRENT freed 485K, 77% free 1397K/6019K, paused 1ms+1ms
D/dalvikvm( 1142): GC_CONCURRENT freed 479K, 79% free 1312K/6019K, paused 1ms+1ms
D/dalvikvm( 1142): GC_CONCURRENT freed 394K, 79% free 1311K/6019K, paused 1ms+1ms
D/dalvikvm( 1142): GC_CONCURRENT freed 392K, 79% free 1311K/6019K, paused 1ms+1ms
D/dalvikvm( 1142): GC_CONCURRENT freed 392K, 79% free 1311K/6019K, paused 0ms+1ms
D/dalvikvm( 1142): GC_CONCURRENT freed 393K, 79% free 1312K/6019K, paused 1ms+1ms
D/dalvikvm( 1142): GC_CONCURRENT freed 398K, 79% free 1299K/6019K, paused 1ms+1ms
D/dalvikvm( 1142): GC_CONCURRENT freed 382K, 78% free 1324K/6019K, paused 1ms+1ms
D/dalvikvm( 1142): GC_CONCURRENT freed 396K, 77% free 1406K/6019K, paused 0ms+1ms
D/dalvikvm( 1142): GC_CONCURRENT freed 475K, 78% free 1325K/6019K, paused 1ms+1ms
I/dnsmasq ( 4222): DHCPREQUEST(uap0) 192.168.43.186 00:90:4c:78:03:ff 
I/dnsmasq ( 4222): DHCPACK(uap0) 192.168.43.186 00:90:4c:78:03:ff android-1860196aa0422c37
D/dalvikvm( 1142): GC_CONCURRENT freed 394K, 78% free 1324K/6019K, paused 1ms+1ms
D/dalvikvm( 1142): GC_CONCURRENT freed 392K, 78% free 1324K/6019K, paused 1ms+1ms
D/dalvikvm( 1142): GC_CONCURRENT freed 392K, 78% free 1329K/6019K, paused 1ms+1ms
D/dalvikvm( 1142): GC_CONCURRENT freed 403K, 77% free 1437K/6019K, paused 1ms+1ms
D/dalvikvm( 1142): GC_CONCURRENT freed 518K, 79% free 1313K/6019K, paused 1ms+1ms
D/dalvikvm( 1142): GC_CONCURRENT freed 395K, 79% free 1312K/6019K, paused 1ms+1ms
D/dalvikvm( 1142): GC_CONCURRENT freed 393K, 79% free 1312K/6019K, paused 1ms+1ms
D/dalvikvm( 1142): GC_CONCURRENT freed 393K, 78% free 1342K/6019K, paused 1ms+1ms
D/dalvikvm( 1142): GC_CONCURRENT freed 414K, 79% free 1321K/6019K, paused 1ms+1ms
D/dalvikvm( 1142): GC_CONCURRENT freed 396K, 79% free 1311K/6019K, paused 1ms+1ms
D/dalvikvm( 1142): GC_CONCURRENT freed 394K, 77% free 1402K/6019K, paused 0ms+1ms
D/dalvikvm( 1142): GC_CONCURRENT freed 474K, 77% free 1395K/6019K, paused 1ms+0ms
D/dalvikvm( 1142): GC_CONCURRENT freed 480K, 79% free 1316K/6019K, paused 1ms+1ms
W/System.err( 1233): org.apache.http.conn.ConnectionPoolTimeoutException: Timeout waiting for connection
W/System.err( 1233):    at org.apache.http.impl.conn.tsccm.ConnPoolByRoute.getEntryBlocking(ConnPoolByRoute.java:353)
W/System.err( 1233):    at org.apache.http.impl.conn.tsccm.ConnPoolByRoute$1.getPoolEntry(ConnPoolByRoute.java:238)
W/System.err( 1233):    at org.apache.http.impl.conn.tsccm.ThreadSafeClientConnManager$1.getConnection(ThreadSafeClientConnManager.java:177)
W/System.err( 1233):    at org.apache.http.impl.client.DefaultRequestDirector.execute(DefaultRequestDirector.java:326)
W/System.err( 1233):    at org.apache.http.impl.client.AbstractHttpClient.execute(AbstractHttpClient.java:555)
W/System.err( 1233):    at org.apache.http.impl.client.AbstractHttpClient.execute(AbstractHttpClient.java:487)
W/System.err( 1233):    at org.apache.http.impl.client.AbstractHttpClient.execute(AbstractHttpClient.java:465)
W/System.err( 1233):    at com.fiship.cibn.common.NetworkUtil.isConnectToServerByHttp(NetworkUtil.java:39)
W/System.err( 1233):    at com.fiship.cibn.weather.WeatherTask.doInBackground(WeatherTask.java:184)
W/System.err( 1233):    at com.fiship.cibn.weather.WeatherTask.doInBackground(WeatherTask.java:31)
W/System.err( 1233):    at android.os.AsyncTask$2.call(AsyncTask.java:264)
W/System.err( 1233):    at java.util.concurrent.FutureTask$Sync.innerRun(FutureTask.java:305)
W/System.err( 1233):    at java.util.concurrent.FutureTask.run(FutureTask.java:137)
W/System.err( 1233):    at android.os.AsyncTask$SerialExecutor$1.run(AsyncTask.java:208)
W/System.err( 1233):    at java.util.concurrent.ThreadPoolExecutor.runWorker(ThreadPoolExecutor.java:1076)
W/System.err( 1233):    at java.util.concurrent.ThreadPoolExecutor$Worker.run(ThreadPoolExecutor.java:569)
W/System.err( 1233):    at java.lang.Thread.run(Thread.java:856)
E/WeatherTask( 1233): can't connect the url : http://php.weather.sina.com.cn/iframe/index/w_cl.php?day=1
D/dalvikvm( 1142): GC_CONCURRENT freed 397K, 79% free 1319K/6019K, paused 1ms+1ms
D/HomePlayerLib( 1142): hostaddress count is 2
D/dalvikvm( 1142): GC_CONCURRENT freed 390K, 79% free 1321K/6019K, paused 1ms+1ms
D/dalvikvm( 1142): GC_CONCURRENT freed 401K, 79% free 1309K/6019K, paused 1ms+1ms
D/dalvikvm( 1142): GC_CONCURRENT freed 389K, 77% free 1404K/6019K, paused 1ms+0ms
D/dalvikvm( 1142): GC_CONCURRENT freed 488K, 77% free 1420K/6019K, paused 1ms+1ms
D/dalvikvm( 1142): GC_CONCURRENT freed 487K, 78% free 1374K/6019K, paused 1ms+1ms
D/dalvikvm( 1142): GC_CONCURRENT freed 438K, 78% free 1328K/6019K, paused 1ms+1ms
D/dalvikvm( 1142): GC_CONCURRENT freed 383K, 76% free 1462K/6019K, paused 1ms+1ms
D/dalvikvm( 1142): GC_CONCURRENT freed 535K, 77% free 1424K/6019K, paused 1ms+1ms
D/dalvikvm( 1142): GC_CONCURRENT freed 485K, 77% free 1407K/6019K, paused 0ms+1ms
D/dalvikvm( 1142): GC_CONCURRENT freed 497K, 77% free 1410K/6019K, paused 1ms+1ms
D/dalvikvm( 1142): GC_CONCURRENT freed 463K, 76% free 1457K/6019K, paused 0ms+1ms
D/dalvikvm( 1142): GC_CONCURRENT freed 529K, 78% free 1346K/6019K, paused 1ms+1ms
D/dalvikvm( 1142): GC_CONCURRENT freed 427K, 77% free 1427K/6019K, paused 1ms+1ms
D/dalvikvm( 1142): GC_CONCURRENT freed 502K, 79% free 1316K/6019K, paused 1ms+1ms
D/dalvikvm( 1142): GC_CONCURRENT freed 394K, 77% free 1428K/6019K, paused 1ms+1ms
D/dalvikvm( 1142): GC_CONCURRENT freed 509K, 77% free 1439K/6019K, paused 1ms+1ms
D/dalvikvm( 1142): GC_CONCURRENT freed 521K, 77% free 1427K/6019K, paused 1ms+1ms
D/dalvikvm( 1142): GC_CONCURRENT freed 487K, 78% free 1326K/6019K, paused 1ms+1ms
D/dalvikvm( 1142): GC_CONCURRENT freed 404K, 79% free 1313K/6019K, paused 1ms+1ms
D/dalvikvm( 1142): GC_CONCURRENT freed 396K, 79% free 1311K/6019K, paused 1ms+1ms
D/dalvikvm( 1142): GC_CONCURRENT freed 394K, 79% free 1311K/6019K, paused 1ms+1ms
D/dalvikvm( 1142): GC_CONCURRENT freed 394K, 78% free 1351K/6019K, paused 1ms+1ms
D/dalvikvm( 1142): GC_CONCURRENT freed 432K, 79% free 1312K/6019K, paused 1ms+1ms
D/dalvikvm( 1142): GC_CONCURRENT freed 392K, 79% free 1311K/6019K, paused 1ms+1ms
D/dalvikvm( 1142): GC_CONCURRENT freed 393K, 79% free 1312K/6019K, paused 1ms+1ms
D/dalvikvm( 1142): GC_CONCURRENT freed 399K, 79% free 1297K/6019K, paused 0ms+1ms
D/dalvikvm( 1142): GC_CONCURRENT freed 372K, 79% free 1312K/6019K, paused 1ms+1ms
D/dalvikvm( 1142): GC_CONCURRENT freed 392K, 79% free 1320K/6019K, paused 1ms+1ms
D/dalvikvm( 1142): GC_CONCURRENT freed 390K, 79% free 1323K/6019K, paused 1ms+1ms
D/dalvikvm( 1142): GC_CONCURRENT freed 392K, 79% free 1323K/6019K, paused 1ms+1ms
D/dalvikvm( 1142): GC_CONCURRENT freed 393K, 77% free 1420K/6019K, paused 1ms+1ms
D/dalvikvm( 1142): GC_CONCURRENT freed 505K, 79% free 1314K/6019K, paused 0ms+1ms
D/dalvikvm( 1142): GC_CONCURRENT freed 384K, 78% free 1326K/6019K, paused 0ms+1ms
D/dalvikvm( 1142): GC_CONCURRENT freed 396K, 79% free 1324K/6019K, paused 1ms+1ms
D/dalvikvm( 1142): GC_CONCURRENT freed 394K, 79% free 1324K/6019K, paused 1ms+1ms
D/dalvikvm( 1142): GC_CONCURRENT freed 394K, 77% free 1406K/6019K, paused 1ms+1ms
D/dalvikvm( 1142): GC_CONCURRENT freed 474K, 78% free 1371K/6019K, paused 1ms+1ms
D/dalvikvm( 1142): GC_CONCURRENT freed 444K, 77% free 1396K/6019K, paused 1ms+2ms
D/dalvikvm( 1142): GC_CONCURRENT freed 476K, 76% free 1460K/6019K, paused 1ms+1ms
D/dalvikvm( 1142): GC_CONCURRENT freed 528K, 78% free 1328K/6019K, paused 1ms+1ms
D/dalvikvm( 1142): GC_CONCURRENT freed 404K, 79% free 1321K/6019K, paused 1ms+1ms
D/dalvikvm( 1142): GC_CONCURRENT freed 395K, 79% free 1319K/6019K, paused 0ms+1ms
D/dalvikvm( 1142): GC_CONCURRENT freed 394K, 79% free 1320K/6019K, paused 0ms+1ms
D/dalvikvm( 1142): GC_CONCURRENT freed 393K, 79% free 1320K/6019K, paused 1ms+1ms
D/dalvikvm( 1142): GC_CONCURRENT freed 393K, 79% free 1320K/6019K, paused 1ms+2ms
D/dalvikvm( 1142): GC_CONCURRENT freed 393K, 79% free 1320K/6019K, paused 1ms+1ms
D/dalvikvm( 1142): GC_CONCURRENT freed 404K, 78% free 1324K/6019K, paused 1ms+1ms
D/dalvikvm( 1142): GC_CONCURRENT freed 392K, 78% free 1329K/6019K, paused 1ms+1ms
D/dalvikvm( 1142): GC_CONCURRENT freed 404K, 79% free 1312K/6019K, paused 1ms+2ms
D/dalvikvm( 1142): GC_CONCURRENT freed 394K, 79% free 1319K/6019K, paused 1ms+1ms
D/dalvikvm( 1142): GC_CONCURRENT freed 394K, 79% free 1311K/6019K, paused 1ms+1ms
D/dalvikvm( 1142): GC_CONCURRENT freed 392K, 79% free 1320K/6019K, paused 1ms+1ms
D/dalvikvm( 1142): GC_CONCURRENT freed 393K, 79% free 1320K/6019K, paused 1ms+1ms
D/dalvikvm( 1142): GC_CONCURRENT freed 389K, 79% free 1322K/6019K, paused 1ms+1ms
D/HomePlayerLib( 1142): hostaddress count is 2
D/dalvikvm( 1142): GC_CONCURRENT freed 401K, 79% free 1310K/6019K, paused 1ms+1ms
D/dalvikvm( 1142): GC_CONCURRENT freed 377K, 78% free 1350K/6019K, paused 1ms+1ms
D/dalvikvm( 1142): GC_CONCURRENT freed 531K, 78% free 1335K/6019K, paused 1ms+1ms
D/dalvikvm( 1142): GC_CONCURRENT freed 408K, 78% free 1327K/6019K, paused 1ms+1ms
D/dalvikvm( 1142): GC_CONCURRENT freed 395K, 78% free 1360K/6019K, paused 1ms+1ms
D/dalvikvm( 1142): GC_CONCURRENT freed 440K, 77% free 1396K/6019K, paused 1ms+1ms
D/dalvikvm( 1142): GC_CONCURRENT freed 461K, 78% free 1372K/6019K, paused 1ms+1ms
D/dalvikvm( 1142): GC_CONCURRENT freed 447K, 79% free 1314K/6019K, paused 1ms+1ms
D/dalvikvm( 1142): GC_CONCURRENT freed 381K, 78% free 1330K/6019K, paused 1ms+1ms
D/dalvikvm( 1142): GC_CONCURRENT freed 413K, 79% free 1306K/6019K, paused 1ms+1ms
D/dalvikvm( 1142): GC_CONCURRENT freed 398K, 79% free 1304K/6019K, paused 1ms+1ms
D/dalvikvm( 1142): GC_CONCURRENT freed 359K, 78% free 1331K/6019K, paused 0ms+1ms
D/dalvikvm( 1142): GC_CONCURRENT freed 408K, 78% free 1324K/6019K, paused 1ms+1ms
D/dalvikvm( 1142): GC_CONCURRENT freed 415K, 77% free 1421K/6019K, paused 1ms+1ms
D/dalvikvm( 1142): GC_CONCURRENT freed 495K, 79% free 1314K/6019K, paused 1ms+1ms
D/dalvikvm( 1142): GC_CONCURRENT freed 391K, 78% free 1347K/6019K, paused 0ms+1ms
D/dalvikvm( 1142): GC_CONCURRENT freed 427K, 77% free 1428K/6019K, paused 1ms+1ms
D/dalvikvm( 1142): GC_CONCURRENT freed 502K, 77% free 1431K/6019K, paused 1ms+1ms
D/dalvikvm( 1142): GC_CONCURRENT freed 487K, 78% free 1328K/6019K, paused 1ms+1ms
D/dalvikvm( 1142): GC_CONCURRENT freed 403K, 77% free 1432K/6019K, paused 1ms+1ms
D/dalvikvm( 1142): GC_CONCURRENT freed 503K, 78% free 1344K/6019K, paused 1ms+1ms
D/dalvikvm( 1142): GC_CONCURRENT freed 422K, 77% free 1424K/6019K, paused 1ms+1ms
D/dalvikvm( 1142): GC_CONCURRENT freed 497K, 77% free 1423K/6019K, paused 1ms+1ms
D/dalvikvm( 1142): GC_CONCURRENT freed 491K, 77% free 1407K/6019K, paused 1ms+0ms
D/dalvikvm( 1142): GC_CONCURRENT freed 475K, 78% free 1325K/6019K, paused 1ms+1ms
D/dalvikvm( 1142): GC_CONCURRENT freed 394K, 78% free 1324K/6019K, paused 1ms+1ms
D/dalvikvm( 1142): GC_CONCURRENT freed 403K, 79% free 1313K/6019K, paused 0ms+1ms
D/dalvikvm( 1142): GC_CONCURRENT freed 395K, 79% free 1310K/6019K, paused 1ms+1ms
D/dalvikvm( 1142): GC_CONCURRENT freed 393K, 77% free 1421K/6019K, paused 1ms+1ms
D/dalvikvm( 1142): GC_CONCURRENT freed 487K, 77% free 1412K/6019K, paused 1ms+1ms
D/dalvikvm( 1142): GC_CONCURRENT freed 486K, 77% free 1396K/6019K, paused 1ms+1ms
D/dalvikvm( 1142): GC_CONCURRENT freed 477K, 79% free 1312K/6019K, paused 1ms+1ms
D/dalvikvm( 1142): GC_CONCURRENT freed 393K, 77% free 1426K/6019K, paused 0ms+1ms
D/dalvikvm( 1142): GC_CONCURRENT freed 487K, 78% free 1330K/6019K, paused 1ms+1ms
D/dalvikvm( 1142): GC_CONCURRENT freed 405K, 79% free 1312K/6019K, paused 1ms+2ms
D/dalvikvm( 1142): GC_CONCURRENT freed 394K, 79% free 1310K/6019K, paused 1ms+1ms
D/dalvikvm( 1142): GC_CONCURRENT freed 393K, 79% free 1311K/6019K, paused 1ms+1ms
D/dalvikvm( 1142): GC_CONCURRENT freed 393K, 77% free 1419K/6019K, paused 1ms+1ms
D/dalvikvm( 1142): GC_CONCURRENT freed 487K, 78% free 1325K/6019K, paused 1ms+1ms
D/dalvikvm( 1142): GC_CONCURRENT freed 394K, 78% free 1324K/6019K, paused 0ms+1ms
D/dalvikvm( 1142): GC_CONCURRENT freed 401K, 79% free 1312K/6019K, paused 1ms+1ms
D/dalvikvm( 1142): GC_CONCURRENT freed 396K, 79% free 1311K/6019K, paused 0ms+1ms
D/dalvikvm( 1142): GC_CONCURRENT freed 394K, 77% free 1420K/6019K, paused 1ms+1ms
D/dalvikvm( 1142): GC_CONCURRENT freed 487K, 78% free 1324K/6019K, paused 0ms+1ms
D/dalvikvm( 1142): GC_CONCURRENT freed 394K, 78% free 1324K/6019K, paused 1ms+1ms
D/dalvikvm( 1142): GC_CONCURRENT freed 393K, 78% free 1324K/6019K, paused 1ms+1ms
D/dalvikvm( 1142): GC_CONCURRENT freed 401K, 79% free 1312K/6019K, paused 0ms+1ms
D/dalvikvm( 1142): GC_CONCURRENT freed 396K, 79% free 1310K/6019K, paused 0ms+1ms
D/dalvikvm( 1142): GC_CONCURRENT freed 394K, 77% free 1419K/6019K, paused 1ms+1ms
D/dalvikvm( 1142): GC_CONCURRENT freed 487K, 78% free 1325K/6019K, paused 1ms+1ms
D/dalvikvm( 1142): GC_CONCURRENT freed 394K, 78% free 1370K/6019K, paused 1ms+1ms
D/dalvikvm( 1142): GC_CONCURRENT freed 441K, 75% free 1529K/6019K, paused 1ms+0ms
D/HomePlayerLib( 1142): hostaddress count is 2
D/dalvikvm( 1142): GC_CONCURRENT freed 606K, 77% free 1433K/6019K, paused 0ms+1ms
D/dalvikvm( 1142): GC_CONCURRENT freed 506K, 77% free 1419K/6019K, paused 1ms+1ms
D/dalvikvm( 1142): GC_CONCURRENT freed 500K, 79% free 1302K/6019K, paused 0ms+1ms
D/dalvikvm( 1142): GC_CONCURRENT freed 378K, 78% free 1347K/6019K, paused 1ms+1ms
D/dalvikvm( 1142): GC_CONCURRENT freed 427K, 77% free 1431K/6019K, paused 1ms+1ms
D/dalvikvm( 1142): GC_CONCURRENT freed 514K, 77% free 1429K/6019K, paused 0ms+1ms
D/dalvikvm( 1142): GC_CONCURRENT freed 516K, 78% free 1360K/6019K, paused 1ms+1ms
D/dalvikvm( 1142): GC_CONCURRENT freed 516K, 78% free 1353K/6019K, paused 0ms+1ms
W/System.err( 1233): org.apache.http.conn.ConnectionPoolTimeoutException: Timeout waiting for connection
W/System.err( 1233):    at org.apache.http.impl.conn.tsccm.ConnPoolByRoute.getEntryBlocking(ConnPoolByRoute.java:353)
D/dalvikvm( 1142): GC_CONCURRENT freed 432K, 77% free 1413K/6019K, paused 0ms+1ms
W/System.err( 1233):    at org.apache.http.impl.conn.tsccm.ConnPoolByRoute$1.getPoolEntry(ConnPoolByRoute.java:238)
W/System.err( 1233):    at org.apache.http.impl.conn.tsccm.ThreadSafeClientConnManager$1.getConnection(ThreadSafeClientConnManager.java:177)
W/System.err( 1233):    at org.apache.http.impl.client.DefaultRequestDirector.execute(DefaultRequestDirector.java:326)
W/System.err( 1233):    at org.apache.http.impl.client.AbstractHttpClient.execute(AbstractHttpClient.java:555)
W/System.err( 1233):    at org.apache.http.impl.client.AbstractHttpClient.execute(AbstractHttpClient.java:487)
W/System.err( 1233):    at org.apache.http.impl.client.AbstractHttpClient.execute(AbstractHttpClient.java:465)
W/System.err( 1233):    at com.fiship.cibn.common.NetworkUtil.isConnectToServerByHttp(NetworkUtil.java:39)
W/System.err( 1233):    at com.fiship.cibn.weather.WeatherTask.doInBackground(WeatherTask.java:184)
W/System.err( 1233):    at com.fiship.cibn.weather.WeatherTask.doInBackground(WeatherTask.java:31)
W/System.err( 1233):    at android.os.AsyncTask$2.call(AsyncTask.java:264)
W/System.err( 1233):    at java.util.concurrent.FutureTask$Sync.innerRun(FutureTask.java:305)
W/System.err( 1233):    at java.util.concurrent.FutureTask.run(FutureTask.java:137)
W/System.err( 1233):    at android.os.AsyncTask$SerialExecutor$1.run(AsyncTask.java:208)
W/System.err( 1233):    at java.util.concurrent.ThreadPoolExecutor.runWorker(ThreadPoolExecutor.java:1076)
W/System.err( 1233):    at java.util.concurrent.ThreadPoolExecutor$Worker.run(ThreadPoolExecutor.java:569)
W/System.err( 1233):    at java.lang.Thread.run(Thread.java:856)
E/WeatherTask( 1233): can't connect the url : http://php.weather.sina.com.cn/iframe/index/w_cl.php?day=1
D/dalvikvm( 1142): GC_CONCURRENT freed 482K, 77% free 1442K/6019K, paused 1ms+1ms
D/dalvikvm( 1142): GC_CONCURRENT freed 518K, 77% free 1433K/6019K, paused 1ms+1ms
D/dalvikvm( 1142): GC_CONCURRENT freed 514K, 79% free 1324K/6019K, paused 1ms+1ms
D/dalvikvm( 1142): GC_CONCURRENT freed 416K, 77% free 1409K/6019K, paused 1ms+1ms
D/dalvikvm( 1142): GC_CONCURRENT freed 515K, 77% free 1422K/6019K, paused 1ms+1ms
D/dalvikvm( 1142): GC_CONCURRENT freed 551K, 77% free 1397K/6019K, paused 1ms+2ms
D/dalvikvm( 1142): GC_CONCURRENT freed 465K, 76% free 1470K/6019K, paused 1ms+1ms
D/dalvikvm( 1142): GC_CONCURRENT freed 539K, 77% free 1439K/6019K, paused 1ms+1ms
D/dalvikvm( 1142): GC_CONCURRENT freed 503K, 78% free 1326K/6019K, paused 0ms+1ms
D/dalvikvm( 1142): GC_CONCURRENT freed 396K, 79% free 1323K/6019K, paused 1ms+1ms
D/dalvikvm( 1142): GC_CONCURRENT freed 393K, 78% free 1324K/6019K, paused 1ms+1ms
D/dalvikvm( 1142): GC_CONCURRENT freed 393K, 78% free 1324K/6019K, paused 1ms+1ms
D/dalvikvm( 1142): GC_CONCURRENT freed 392K, 78% free 1329K/6019K, paused 1ms+1ms
D/dalvikvm( 1142): GC_CONCURRENT freed 403K, 77% free 1437K/6019K, paused 0ms+1ms
D/dalvikvm( 1142): GC_CONCURRENT freed 517K, 79% free 1304K/6019K, paused 1ms+1ms
D/dalvikvm( 1142): GC_CONCURRENT freed 367K, 76% free 1451K/6019K, paused 1ms+1ms
D/dalvikvm( 1142): GC_CONCURRENT freed 525K, 78% free 1331K/6019K, paused 1ms+1ms
D/dalvikvm( 1142): GC_CONCURRENT freed 416K, 79% free 1312K/6019K, paused 1ms+1ms
D/dalvikvm( 1142): GC_CONCURRENT freed 393K, 79% free 1320K/6019K, paused 0ms+1ms
D/dalvikvm( 1142): GC_CONCURRENT freed 393K, 78% free 1378K/6019K, paused 2ms+2ms
D/dalvikvm( 1142): GC_CONCURRENT freed 446K, 78% free 1324K/6019K, paused 1ms+1ms
D/dalvikvm( 1142): GC_CONCURRENT freed 391K, 78% free 1329K/6019K, paused 1ms+1ms
D/dalvikvm( 1142): GC_CONCURRENT freed 403K, 76% free 1503K/6019K, paused 1ms+1ms
D/dalvikvm( 1142): GC_CONCURRENT freed 569K, 77% free 1407K/6019K, paused 1ms+1ms
D/dalvikvm( 1142): GC_CONCURRENT freed 486K, 78% free 1338K/6019K, paused 1ms+1ms
D/dalvikvm( 1142): GC_CONCURRENT freed 408K, 78% free 1324K/6019K, paused 1ms+2ms
D/dalvikvm( 1142): GC_CONCURRENT freed 393K, 79% free 1324K/6019K, paused 1ms+1ms
D/dalvikvm( 1142): GC_CONCURRENT freed 393K, 79% free 1324K/6019K, paused 1ms+2ms
D/dalvikvm( 1142): GC_CONCURRENT freed 393K, 78% free 1324K/6019K, paused 1ms+1ms
D/dalvikvm( 1142): GC_CONCURRENT freed 393K, 78% free 1324K/6019K, paused 1ms+1ms
D/dalvikvm( 1142): GC_CONCURRENT freed 393K, 78% free 1370K/6019K, paused 1ms+2ms
D/dalvikvm( 1142): GC_CONCURRENT freed 441K, 78% free 1354K/6019K, paused 1ms+1ms
D/dalvikvm( 1142): GC_CONCURRENT freed 438K, 76% free 1462K/6019K, paused 1ms+1ms
D/dalvikvm( 1142): GC_CONCURRENT freed 526K, 78% free 1371K/6019K, paused 1ms+1ms
D/dalvikvm( 1142): GC_CONCURRENT freed 444K, 79% free 1312K/6019K, paused 1ms+1ms
D/dalvikvm( 1142): GC_CONCURRENT freed 397K, 79% free 1310K/6019K, paused 0ms+1ms
D/dalvikvm( 1142): GC_CONCURRENT freed 394K, 77% free 1425K/6019K, paused 1ms+1ms
D/dalvikvm( 1142): GC_CONCURRENT freed 487K, 78% free 1325K/6019K, paused 1ms+1ms
D/dalvikvm( 1142): GC_CONCURRENT freed 394K, 78% free 1324K/6019K, paused 1ms+1ms
D/dalvikvm( 1142): GC_CONCURRENT freed 393K, 78% free 1324K/6019K, paused 1ms+1ms
D/dalvikvm( 1142): GC_CONCURRENT freed 401K, 79% free 1313K/6019K, paused 1ms+0ms
D/dalvikvm( 1142): GC_CONCURRENT freed 396K, 79% free 1310K/6019K, paused 1ms+1ms
D/dalvikvm( 1142): GC_CONCURRENT freed 393K, 77% free 1419K/6019K, paused 1ms+1ms
D/dalvikvm( 1142): GC_CONCURRENT freed 487K, 77% free 1412K/6019K, paused 1ms+1ms
D/dalvikvm( 1142): GC_CONCURRENT freed 486K, 77% free 1422K/6019K, paused 1ms+1ms
D/dalvikvm( 1142): GC_CONCURRENT freed 489K, 78% free 1324K/6019K, paused 1ms+1ms
D/dalvikvm( 1142): GC_CONCURRENT freed 405K, 78% free 1371K/6019K, paused 1ms+1ms
D/HomePlayerLib( 1142): hostaddress count is 2
D/dalvikvm( 1142): GC_CONCURRENT freed 446K, 77% free 1433K/6019K, paused 1ms+1ms
D/dalvikvm( 1142): GC_CONCURRENT freed 544K, 79% free 1323K/6019K, paused 0ms+1ms
D/dalvikvm( 1142): GC_CONCURRENT freed 404K, 77% free 1391K/6019K, paused 1ms+1ms
D/dalvikvm( 1142): GC_CONCURRENT freed 468K, 77% free 1431K/6019K, paused 1ms+1ms
D/dalvikvm( 1142): GC_CONCURRENT freed 488K, 78% free 1329K/6019K, paused 1ms+1ms
D/dalvikvm( 1142): GC_CONCURRENT freed 394K, 77% free 1435K/6019K, paused 1ms+1ms
D/dalvikvm( 1142): GC_CONCURRENT freed 514K, 79% free 1305K/6019K, paused 1ms+1ms
D/dalvikvm( 1142): GC_CONCURRENT freed 376K, 77% free 1435K/6019K, paused 1ms+1ms
D/dalvikvm( 1142): GC_CONCURRENT freed 503K, 79% free 1316K/6019K, paused 0ms+1ms
D/dalvikvm( 1142): GC_CONCURRENT freed 492K, 78% free 1334K/6019K, paused 1ms+1ms
D/dalvikvm( 1142): GC_FOR_ALLOC freed 535K, 79% free 1305K/6019K, paused 10ms
D/dalvikvm( 1142): GC_CONCURRENT freed 0K, 76% free 1499K/6019K, paused 0ms+1ms
D/dalvikvm( 1142): GC_CONCURRENT freed 578K, 77% free 1432K/6019K, paused 1ms+1ms
D/dalvikvm( 1142): GC_CONCURRENT freed 490K, 77% free 1401K/6019K, paused 1ms+1ms
D/dalvikvm( 1142): GC_CONCURRENT freed 474K, 78% free 1327K/6019K, paused 1ms+1ms
D/dalvikvm( 1142): GC_CONCURRENT freed 393K, 78% free 1328K/6019K, paused 1ms+2ms
D/dalvikvm( 1142): GC_FOR_ALLOC freed 523K, 79% free 1309K/6019K, paused 10ms
D/dalvikvm( 1142): GC_CONCURRENT freed 0K, 75% free 1512K/6019K, paused 1ms+1ms
D/dalvikvm( 1142): GC_CONCURRENT freed 592K, 77% free 1431K/6019K, paused 1ms+1ms
D/dalvikvm( 1142): GC_CONCURRENT freed 494K, 78% free 1380K/6019K, paused 1ms+1ms
D/dalvikvm( 1142): GC_CONCURRENT freed 462K, 78% free 1384K/6019K, paused 1ms+1ms
D/dalvikvm( 1142): GC_CONCURRENT freed 457K, 78% free 1339K/6019K, paused 1ms+1ms
D/dalvikvm( 1142): GC_CONCURRENT freed 408K, 77% free 1420K/6019K, paused 1ms+1ms
D/dalvikvm( 1142): GC_CONCURRENT freed 502K, 79% free 1321K/6019K, paused 1ms+1ms
D/dalvikvm( 1142): GC_CONCURRENT freed 394K, 78% free 1338K/6019K, paused 1ms+1ms
D/dalvikvm( 1142): GC_CONCURRENT freed 407K, 78% free 1325K/6019K, paused 1ms+1ms
D/dalvikvm( 1142): GC_CONCURRENT freed 403K, 77% free 1428K/6019K, paused 0ms+1ms
D/dalvikvm( 1142): GC_CONCURRENT freed 489K, 76% free 1450K/6019K, paused 1ms+1ms
D/dalvikvm( 1142): GC_CONCURRENT freed 515K, 78% free 1331K/6019K, paused 1ms+1ms
D/dalvikvm( 1142): GC_CONCURRENT freed 403K, 79% free 1321K/6019K, paused 1ms+1ms
D/dalvikvm( 1142): GC_CONCURRENT freed 396K, 79% free 1319K/6019K, paused 0ms+1ms
D/dalvikvm( 1142): GC_CONCURRENT freed 394K, 79% free 1311K/6019K, paused 1ms+1ms
D/dalvikvm( 1142): GC_CONCURRENT freed 393K, 79% free 1320K/6019K, paused 1ms+1ms
D/dalvikvm( 1142): GC_CONCURRENT freed 394K, 79% free 1320K/6019K, paused 1ms+1ms
D/dalvikvm( 1142): GC_CONCURRENT freed 393K, 79% free 1320K/6019K, paused 1ms+1ms
D/dalvikvm( 1142): GC_CONCURRENT freed 393K, 79% free 1312K/6019K, paused 0ms+1ms
D/dhcpcd  ( 4127): renewing lease of 192.168.2.6
D/dhcpcd  ( 4127): sending DHCP_REQUEST with xid 0xc37afd08, next in 4.03 seconds
D/dhcpcd  ( 4127): acknowledged 192.168.2.6 from 192.168.2.1 `dhcpcd  ( 4127): leased 192.168.2.6 for 3600 seconds
D/dhcpcd  ( 4127): adding IP address 192.168.2.6/24
D/dhcpcd  ( 4127): adding route to 0.0.0.0/0 via 192.168.2.1
D/dhcpcd  ( 4127): executing `/system/etc/dhcpcd/dhcpcd-run-hooks', reason RENEW
D/dalvikvm( 1142): GC_CONCURRENT freed 391K, 78% free 1337K/6019K, paused 3ms+1ms
D/dhcpcd  ( 4127): renew in 1796 seconds
D/dalvikvm( 1142): GC_CONCURRENT freed 416K, 79% free 1312K/6019K, paused 1ms+1ms
D/dalvikvm( 1142): GC_CONCURRENT freed 396K, 79% free 1310K/6019K, paused 1ms+1ms
D/dalvikvm( 1142): GC_CONCURRENT freed 392K, 79% free 1303K/6019K, paused 1ms+1ms
D/dalvikvm( 1142): GC_CONCURRENT freed 365K, 79% free 1323K/6019K, paused 0ms+1ms
D/dalvikvm( 1142): GC_CONCURRENT freed 393K, 77% free 1430K/6019K, paused 1ms+1ms
D/dalvikvm( 1142): GC_CONCURRENT freed 501K, 78% free 1344K/6019K, paused 1ms+1ms
D/dalvikvm( 1142): GC_CONCURRENT freed 419K, 79% free 1312K/6019K, paused 1ms+1ms
D/dalvikvm( 1142): GC_CONCURRENT freed 396K, 79% free 1302K/6019K, paused 1ms+1ms
D/dalvikvm( 1142): GC_CONCURRENT freed 366K, 79% free 1324K/6019K, paused 1ms+1ms
D/dalvikvm( 1142): GC_CONCURRENT freed 394K, 76% free 1470K/6019K, paused 1ms+1ms
D/dalvikvm( 1142): GC_CONCURRENT freed 553K, 78% free 1331K/6019K, paused 1ms+1ms
D/dalvikvm( 1142): GC_CONCURRENT freed 405K, 77% free 1437K/6019K, paused 0ms+1ms
D/dalvikvm( 1142): GC_CONCURRENT freed 517K, 79% free 1312K/6019K, paused 1ms+1ms
D/dalvikvm( 1142): GC_CONCURRENT freed 395K, 77% free 1424K/6019K, paused 0ms+1ms
D/HomePlayerLib( 1142): hostaddress count is 2
D/dalvikvm( 1142): GC_CONCURRENT freed 505K, 78% free 1345K/6019K, paused 0ms+1ms
D/dalvikvm( 1142): GC_CONCURRENT freed 400K, 78% free 1348K/6019K, paused 1ms+1ms
D/dalvikvm( 1142): GC_CONCURRENT freed 421K, 79% free 1322K/6019K, paused 1ms+1ms
D/dalvikvm( 1142): GC_CONCURRENT freed 403K, 79% free 1310K/6019K, paused 1ms+1ms
D/dalvikvm( 1142): GC_CONCURRENT freed 378K, 78% free 1372K/6019K, paused 1ms+1ms
D/dalvikvm( 1142): GC_CONCURRENT freed 439K, 77% free 1401K/6019K, paused 1ms+1ms
D/dalvikvm( 1142): GC_CONCURRENT freed 555K, 79% free 1303K/6019K, paused 1ms+1ms
D/dalvikvm( 1142): GC_CONCURRENT freed 368K, 78% free 1368K/6019K, paused 0ms+1ms
D/dalvikvm( 1142): GC_CONCURRENT freed 446K, 76% free 1500K/6019K, paused 1ms+2ms
D/dalvikvm( 1142): GC_CONCURRENT freed 675K, 78% free 1332K/6019K, paused 1ms+2ms
D/dalvikvm( 1142): GC_CONCURRENT freed 411K, 79% free 1323K/6019K, paused 0ms+1ms
D/dalvikvm( 1142): GC_CONCURRENT freed 406K, 78% free 1327K/6019K, paused 1ms+1ms
D/dalvikvm( 1142): GC_CONCURRENT freed 393K, 78% free 1328K/6019K, paused 1ms+1ms
D/dalvikvm( 1142): GC_CONCURRENT freed 393K, 78% free 1326K/6019K, paused 1ms+1ms
D/dalvikvm( 1142): GC_CONCURRENT freed 392K, 78% free 1328K/6019K, paused 1ms+1ms
D/dalvikvm( 1142): GC_CONCURRENT freed 404K, 78% free 1326K/6019K, paused 1ms+2ms
D/dalvikvm( 1142): GC_CONCURRENT freed 372K, 78% free 1340K/6019K, paused 1ms+2ms
D/dalvikvm( 1142): GC_CONCURRENT freed 416K, 79% free 1323K/6019K, paused 1ms+1ms
D/dalvikvm( 1142): GC_CONCURRENT freed 401K, 78% free 1337K/6019K, paused 0ms+1ms
D/dalvikvm( 1142): GC_CONCURRENT freed 409K, 78% free 1324K/6019K, paused 1ms+2ms
D/dalvikvm( 1142): GC_CONCURRENT freed 394K, 79% free 1324K/6019K, paused 1ms+1ms
D/dalvikvm( 1142): GC_CONCURRENT freed 393K, 79% free 1324K/6019K, paused 1ms+1ms
D/dalvikvm( 1142): GC_CONCURRENT freed 393K, 77% free 1430K/6019K, paused 1ms+1ms
D/dalvikvm( 1142): GC_CONCURRENT freed 514K, 79% free 1308K/6019K, paused 1ms+1ms
D/dalvikvm( 1142): GC_CONCURRENT freed 380K, 77% free 1422K/6019K, paused 0ms+1ms
D/dalvikvm( 1142): GC_CONCURRENT freed 501K, 79% free 1312K/6019K, paused 0ms+1ms
D/dalvikvm( 1142): GC_CONCURRENT freed 393K, 77% free 1424K/6019K, paused 1ms+1ms
W/System.err( 1233): org.apache.http.conn.ConnectionPoolTimeoutException: Timeout waiting for connection
W/System.err( 1233):    at org.apache.http.impl.conn.tsccm.ConnPoolByRoute.getEntryBlocking(ConnPoolByRoute.java:353)
W/System.err( 1233):    at org.apache.http.impl.conn.tsccm.ConnPoolByRoute$1.getPoolEntry(ConnPoolByRoute.java:238)
W/System.err( 1233):    at org.apache.http.impl.conn.tsccm.ThreadSafeClientConnManager$1.getConnection(ThreadSafeClientConnManager.java:177)
W/System.err( 1233):    at org.apache.http.impl.client.DefaultRequestDirector.execute(DefaultRequestDirector.java:326)
W/System.err( 1233):    at org.apache.http.impl.client.AbstractHttpClient.execute(AbstractHttpClient.java:555)
W/System.err( 1233):    at org.apache.http.impl.client.AbstractHttpClient.execute(AbstractHttpClient.java:487)
W/System.err( 1233):    at org.apache.http.impl.client.AbstractHttpClient.execute(AbstractHttpClient.java:465)
W/System.err( 1233):    at com.fiship.cibn.common.NetworkUtil.isConnectToServerByHttp(NetworkUtil.java:39)
W/System.err( 1233):    at com.fiship.cibn.weather.WeatherTask.doInBackground(WeatherTask.java:184)
W/System.err( 1233):    at com.fiship.cibn.weather.WeatherTask.doInBackground(WeatherTask.java:31)
W/System.err( 1233):    at android.os.AsyncTask$2.call(AsyncTask.java:264)
W/System.err( 1233):    at java.util.concurrent.FutureTask$Sync.innerRun(FutureTask.java:305)
W/System.err( 1233):    at java.util.concurrent.FutureTask.run(FutureTask.java:137)
W/System.err( 1233):    at android.os.AsyncTask$SerialExecutor$1.run(AsyncTask.java:208)
W/System.err( 1233):    at java.util.concurrent.ThreadPoolExecutor.runWorker(ThreadPoolExecutor.java:1076)
W/System.err( 1233):    at java.util.concurrent.ThreadPoolExecutor$Worker.run(ThreadPoolExecutor.java:569)
W/System.err( 1233):    at java.lang.Thread.run(Thread.java:856)
E/WeatherTask( 1233): can't connect the url : http://php.weather.sina.com.cn/iframe/index/w_cl.php?day=1
D/dalvikvm( 1142): GC_CONCURRENT freed 497K, 79% free 1313K/6019K, paused 1ms+1ms
D/dalvikvm( 1142): GC_CONCURRENT freed 395K, 79% free 1310K/6019K, paused 1ms+1ms
D/dalvikvm( 1142): GC_CONCURRENT freed 393K, 77% free 1425K/6019K, paused 1ms+1ms
D/dalvikvm( 1142): GC_CONCURRENT freed 487K, 77% free 1412K/6019K, paused 1ms+1ms
D/dalvikvm( 1142): GC_CONCURRENT freed 484K, 77% free 1424K/6019K, paused 1ms+1ms
D/dalvikvm( 1142): GC_CONCURRENT freed 490K, 78% free 1366K/6019K, paused 0ms+1ms
D/dalvikvm( 1142): GC_CONCURRENT freed 433K, 78% free 1324K/6019K, paused 1ms+1ms
D/dalvikvm( 1142): GC_CONCURRENT freed 392K, 78% free 1370K/6019K, paused 0ms+1ms
D/dalvikvm( 1142): GC_CONCURRENT freed 444K, 77% free 1422K/6019K, paused 0ms+1ms
D/dalvikvm( 1142): GC_CONCURRENT freed 491K, 77% free 1421K/6019K, paused 1ms+0ms
D/dalvikvm( 1142): GC_CONCURRENT freed 502K, 79% free 1313K/6019K, paused 1ms+1ms
D/dalvikvm( 1142): GC_CONCURRENT freed 399K, 79% free 1299K/6019K, paused 1ms+1ms
D/dalvikvm( 1142): GC_CONCURRENT freed 383K, 78% free 1367K/6019K, paused 0ms+1ms
D/dalvikvm( 1142): GC_CONCURRENT freed 435K, 78% free 1324K/6019K, paused 1ms+1ms
D/dalvikvm( 1142): GC_CONCURRENT freed 393K, 79% free 1324K/6019K, paused 1ms+1ms
D/dalvikvm( 1142): GC_CONCURRENT freed 393K, 79% free 1324K/6019K, paused 0ms+1ms
D/dalvikvm( 1142): GC_CONCURRENT freed 393K, 78% free 1324K/6019K, paused 1ms+0ms
D/dalvikvm( 1142): GC_CONCURRENT freed 393K, 78% free 1324K/6019K, paused 0ms+1ms
D/dalvikvm( 1142): GC_CONCURRENT freed 393K, 78% free 1329K/6019K, paused 1ms+2ms
D/dalvikvm( 1142): GC_CONCURRENT freed 404K, 77% free 1423K/6019K, paused 0ms+1ms
D/dalvikvm( 1142): GC_CONCURRENT freed 491K, 77% free 1421K/6019K, paused 1ms+1ms
D/dalvikvm( 1142): GC_CONCURRENT freed 500K, 79% free 1313K/6019K, paused 1ms+1ms
D/dalvikvm( 1142): GC_CONCURRENT freed 399K, 79% free 1298K/6019K, paused 1ms+1ms
D/dalvikvm( 1142): GC_CONCURRENT freed 371K, 77% free 1437K/6019K, paused 1ms+1ms
D/dalvikvm( 1142): GC_CONCURRENT freed 517K, 79% free 1312K/6019K, paused 1ms+1ms
D/dalvikvm( 1142): GC_CONCURRENT freed 395K, 77% free 1393K/6019K, paused 1ms+1ms
D/dalvikvm( 1142): GC_CONCURRENT freed 479K, 79% free 1302K/6019K, paused 1ms+1ms
D/dalvikvm( 1142): GC_CONCURRENT freed 383K, 78% free 1325K/6019K, paused 1ms+1ms
D/dalvikvm( 1142): GC_CONCURRENT freed 396K, 77% free 1430K/6019K, paused 1ms+0ms
D/dalvikvm( 1142): GC_CONCURRENT freed 502K, 77% free 1425K/6019K, paused 1ms+1ms
D/dalvikvm( 1142): GC_CONCURRENT freed 495K, 75% free 1529K/6019K, paused 0ms+1ms
D/HomePlayerLib( 1142): hostaddress count is 2
D/dalvikvm( 1142): GC_CONCURRENT freed 607K, 77% free 1408K/6019K, paused 1ms+1ms
D/dalvikvm( 1142): GC_CONCURRENT freed 479K, 77% free 1429K/6019K, paused 0ms+1ms
D/dalvikvm( 1142): GC_CONCURRENT freed 486K, 78% free 1368K/6019K, paused 0ms+1ms
D/dalvikvm( 1142): GC_CONCURRENT freed 431K, 78% free 1329K/6019K, paused 1ms+1ms
D/dalvikvm( 1142): GC_CONCURRENT freed 402K, 79% free 1315K/6019K, paused 1ms+1ms
D/dalvikvm( 1142): GC_CONCURRENT freed 362K, 76% free 1450K/6019K, paused 1ms+1ms
D/dalvikvm( 1142): GC_CONCURRENT freed 518K, 78% free 1329K/6019K, paused 1ms+1ms
D/dalvikvm( 1142): GC_CONCURRENT freed 391K, 78% free 1324K/6019K, paused 1ms+1ms
D/dalvikvm( 1142): GC_CONCURRENT freed 383K, 76% free 1452K/6019K, paused 1ms+1ms
D/dalvikvm( 1142): GC_CONCURRENT freed 521K, 77% free 1434K/6019K, paused 0ms+1ms
D/dalvikvm( 1142): GC_CONCURRENT freed 512K, 78% free 1351K/6019K, paused 1ms+1ms
D/dalvikvm( 1142): GC_CONCURRENT freed 425K, 78% free 1345K/6019K, paused 1ms+1ms
D/dalvikvm( 1142): GC_CONCURRENT freed 414K, 77% free 1440K/6019K, paused 1ms+1ms
D/dalvikvm( 1142): GC_CONCURRENT freed 505K, 77% free 1444K/6019K, paused 1ms+1ms
D/dalvikvm( 1142): GC_CONCURRENT freed 516K, 77% free 1434K/6019K, paused 0ms+1ms
D/dalvikvm( 1142): GC_CONCURRENT freed 509K, 77% free 1425K/6019K, paused 1ms+1ms
D/dalvikvm( 1142): GC_CONCURRENT freed 488K, 78% free 1329K/6019K, paused 1ms+1ms
D/dalvikvm( 1142): GC_CONCURRENT freed 406K, 78% free 1349K/6019K, paused 1ms+1ms
D/dalvikvm( 1142): GC_CONCURRENT freed 419K, 77% free 1442K/6019K, paused 1ms+1ms
D/dalvikvm( 1142): GC_CONCURRENT freed 511K, 77% free 1438K/6019K, paused 1ms+1ms
D/dalvikvm( 1142): GC_CONCURRENT freed 521K, 79% free 1310K/6019K, paused 0ms+1ms
D/dalvikvm( 1142): GC_CONCURRENT freed 379K, 79% free 1324K/6019K, paused 1ms+1ms
D/dalvikvm( 1142): GC_CONCURRENT freed 394K, 77% free 1407K/6019K, paused 1ms+1ms
D/dalvikvm( 1142): GC_CONCURRENT freed 474K, 77% free 1431K/6019K, paused 1ms+1ms
D/dalvikvm( 1142): GC_CONCURRENT freed 513K, 79% free 1310K/6019K, paused 1ms+1ms
D/dalvikvm( 1142): GC_CONCURRENT freed 380K, 77% free 1422K/6019K, paused 1ms+1ms
D/dalvikvm( 1142): GC_CONCURRENT freed 502K, 77% free 1420K/6019K, paused 1ms+1ms
D/dalvikvm( 1142): GC_CONCURRENT freed 487K, 78% free 1330K/6019K, paused 1ms+1ms
D/dalvikvm( 1142): GC_CONCURRENT freed 403K, 77% free 1423K/6019K, paused 1ms+1ms
D/dalvikvm( 1142): GC_CONCURRENT freed 489K, 76% free 1447K/6019K, paused 1ms+1ms
D/dalvikvm( 1142): GC_CONCURRENT freed 515K, 78% free 1326K/6019K, paused 1ms+1ms
D/dalvikvm( 1142): GC_CONCURRENT freed 405K, 79% free 1312K/6019K, paused 1ms+1ms
D/dalvikvm( 1142): GC_CONCURRENT freed 396K, 77% free 1393K/6019K, paused 1ms+1ms
D/dalvikvm( 1142): GC_CONCURRENT freed 475K, 77% free 1420K/6019K, paused 1ms+1ms
D/dalvikvm( 1142): GC_CONCURRENT freed 488K, 78% free 1326K/6019K, paused 0ms+1ms
D/dalvikvm( 1142): GC_CONCURRENT freed 395K, 78% free 1326K/6019K, paused 1ms+1ms
D/dalvikvm( 1142): GC_CONCURRENT freed 398K, 79% free 1324K/6019K, paused 1ms+1ms
D/dalvikvm( 1142): GC_CONCURRENT freed 392K, 78% free 1324K/6019K, paused 1ms+1ms
D/dalvikvm( 1142): GC_CONCURRENT freed 393K, 79% free 1324K/6019K, paused 1ms+1ms
D/dalvikvm( 1142): GC_CONCURRENT freed 393K, 78% free 1324K/6019K, paused 1ms+1ms
D/dalvikvm( 1142): GC_CONCURRENT freed 393K, 78% free 1324K/6019K, paused 1ms+1ms
D/dalvikvm( 1142): GC_CONCURRENT freed 393K, 78% free 1324K/6019K, paused 1ms+1ms
D/dalvikvm( 1142): GC_CONCURRENT freed 392K, 78% free 1324K/6019K, paused 1ms+1ms
D/dalvikvm( 1142): GC_CONCURRENT freed 403K, 79% free 1313K/6019K, paused 1ms+1ms
D/dalvikvm( 1142): GC_CONCURRENT freed 396K, 79% free 1319K/6019K, paused 1ms+2ms
D/dalvikvm( 1142): GC_CONCURRENT freed 394K, 78% free 1337K/6019K, paused 1ms+1ms
D/dalvikvm( 1142): GC_CONCURRENT freed 406K, 78% free 1324K/6019K, paused 1ms+1ms
D/dalvikvm( 1142): GC_CONCURRENT freed 391K, 78% free 1324K/6019K, paused 1ms+1ms
D/dalvikvm( 1142): GC_CONCURRENT freed 452K, 79% free 1314K/6019K, paused 1ms+1ms
D/HomePlayerLib( 1142): hostaddress count is 2
D/dalvikvm( 1142): GC_CONCURRENT freed 429K, 76% free 1455K/6019K, paused 1ms+2ms
D/dalvikvm( 1142): GC_CONCURRENT freed 538K, 77% free 1428K/6019K, paused 1ms+1ms
D/dalvikvm( 1142): GC_CONCURRENT freed 509K, 77% free 1425K/6019K, paused 1ms+1ms
D/dalvikvm( 1142): GC_CONCURRENT freed 500K, 79% free 1317K/6019K, paused 1ms+1ms
D/dalvikvm( 1142): GC_CONCURRENT freed 393K, 77% free 1424K/6019K, paused 0ms+1ms
D/dalvikvm( 1142): GC_CONCURRENT freed 496K, 77% free 1432K/6019K, paused 1ms+1ms
D/dalvikvm( 1142): GC_CONCURRENT freed 488K, 77% free 1412K/6019K, paused 1ms+1ms
D/dalvikvm( 1142): GC_CONCURRENT freed 474K, 78% free 1343K/6019K, paused 1ms+1ms
D/dalvikvm( 1142): GC_CONCURRENT freed 414K, 75% free 1519K/6019K, paused 1ms+1ms
D/dalvikvm( 1142): GC_CONCURRENT freed 597K, 78% free 1377K/6019K, paused 0ms+1ms
D/dalvikvm( 1142): GC_CONCURRENT freed 450K, 77% free 1438K/6019K, paused 1ms+1ms
D/dalvikvm( 1142): GC_CONCURRENT freed 497K, 76% free 1451K/6019K, paused 1ms+1ms
D/dalvikvm( 1142): GC_CONCURRENT freed 513K, 78% free 1335K/6019K, paused 1ms+1ms
D/dalvikvm( 1142): GC_CONCURRENT freed 404K, 77% free 1442K/6019K, paused 0ms+1ms
D/dalvikvm( 1142): GC_CONCURRENT freed 517K, 77% free 1431K/6019K, paused 1ms+1ms
D/dalvikvm( 1142): GC_CONCURRENT freed 487K, 78% free 1347K/6019K, paused 1ms+1ms
D/dalvikvm( 1142): GC_CONCURRENT freed 410K, 77% free 1441K/6019K, paused 1ms+1ms
D/dalvikvm( 1142): GC_CONCURRENT freed 522K, 78% free 1328K/6019K, paused 1ms+1ms
D/dalvikvm( 1142): GC_CONCURRENT freed 405K, 78% free 1328K/6019K, paused 1ms+2ms
D/dalvikvm( 1142): GC_CONCURRENT freed 394K, 78% free 1324K/6019K, paused 0ms+1ms
D/dalvikvm( 1142): GC_CONCURRENT freed 391K, 78% free 1348K/6019K, paused 0ms+1ms
D/dalvikvm( 1142): GC_CONCURRENT freed 416K, 78% free 1326K/6019K, paused 1ms+1ms
D/dalvikvm( 1142): GC_CONCURRENT freed 364K, 78% free 1350K/6019K, paused 1ms+1ms
D/dalvikvm( 1142): GC_CONCURRENT freed 426K, 77% free 1430K/6019K, paused 0ms+1ms
D/dalvikvm( 1142): GC_CONCURRENT freed 502K, 77% free 1384K/6019K, paused 1ms+1ms
D/dalvikvm( 1142): GC_CONCURRENT freed 458K, 77% free 1438K/6019K, paused 1ms+1ms
D/dalvikvm( 1142): GC_CONCURRENT freed 518K, 79% free 1313K/6019K, paused 1ms+1ms
D/dalvikvm( 1142): GC_CONCURRENT freed 395K, 79% free 1311K/6019K, paused 1ms+1ms
W/System.err( 1233): org.apache.http.conn.ConnectionPoolTimeoutException: Timeout waiting for connection
W/System.err( 1233):    at org.apache.http.impl.conn.tsccm.ConnPoolByRoute.getEntryBlocking(ConnPoolByRoute.java:353)
W/System.err( 1233):    at org.apache.http.impl.conn.tsccm.ConnPoolByRoute$1.getPoolEntry(ConnPoolByRoute.java:238)
W/System.err( 1233):    at org.apache.http.impl.conn.tsccm.ThreadSafeClientConnManager$1.getConnection(ThreadSafeClientConnManager.java:177)
W/System.err( 1233):    at org.apache.http.impl.client.DefaultRequestDirector.execute(DefaultRequestDirector.java:326)
W/System.err( 1233):    at org.apache.http.impl.client.AbstractHttpClient.execute(AbstractHttpClient.java:555)
W/System.err( 1233):    at org.apache.http.impl.client.AbstractHttpClient.execute(AbstractHttpClient.java:487)
W/System.err( 1233):    at org.apache.http.impl.client.AbstractHttpClient.execute(AbstractHttpClient.java:465)
W/System.err( 1233):    at com.fiship.cibn.common.NetworkUtil.isConnectToServerByHttp(NetworkUtil.java:39)
W/System.err( 1233):    at com.fiship.cibn.weather.WeatherTask.doInBackground(WeatherTask.java:184)
W/System.err( 1233):    at com.fiship.cibn.weather.WeatherTask.doInBackground(WeatherTask.java:31)
W/System.err( 1233):    at android.os.AsyncTask$2.call(AsyncTask.java:264)
W/System.err( 1233):    at java.util.concurrent.FutureTask$Sync.innerRun(FutureTask.java:305)
W/System.err( 1233):    at java.util.concurrent.FutureTask.run(FutureTask.java:137)
W/System.err( 1233):    at android.os.AsyncTask$SerialExecutor$1.run(AsyncTask.java:208)
W/System.err( 1233):    at java.util.concurrent.ThreadPoolExecutor.runWorker(ThreadPoolExecutor.java:1076)
W/System.err( 1233):    at java.util.concurrent.ThreadPoolExecutor$Worker.run(ThreadPoolExecutor.java:569)
W/System.err( 1233):    at java.lang.Thread.run(Thread.java:856)
E/WeatherTask( 1233): can't connect the url : http://php.weather.sina.com.cn/iframe/index/w_cl.php?day=1
D/dalvikvm( 1142): GC_CONCURRENT freed 392K, 78% free 1337K/6019K, paused 1ms+1ms
D/dalvikvm( 1142): GC_CONCURRENT freed 405K, 78% free 1325K/6019K, paused 1ms+1ms
D/dalvikvm( 1142): GC_CONCURRENT freed 404K, 79% free 1321K/6019K, paused 1ms+1ms
D/dalvikvm( 1142): GC_CONCURRENT freed 396K, 79% free 1319K/6019K, paused 1ms+1ms
D/dalvikvm( 1142): GC_CONCURRENT freed 405K, 79% free 1324K/6019K, paused 1ms+1ms
D/dalvikvm( 1142): GC_CONCURRENT freed 393K, 78% free 1324K/6019K, paused 1ms+1ms
D/dalvikvm( 1142): GC_CONCURRENT freed 393K, 77% free 1430K/6019K, paused 1ms+1ms
D/dalvikvm( 1142): GC_CONCURRENT freed 513K, 79% free 1302K/6019K, paused 1ms+1ms
D/dalvikvm( 1142): GC_CONCURRENT freed 377K, 78% free 1325K/6019K, paused 1ms+1ms
D/dalvikvm( 1142): GC_CONCURRENT freed 395K, 79% free 1324K/6019K, paused 1ms+1ms
D/dalvikvm( 1142): GC_CONCURRENT freed 394K, 78% free 1324K/6019K, paused 1ms+1ms
D/dalvikvm( 1142): GC_FOR_ALLOC freed 515K, 79% free 1309K/6019K, paused 10ms
D/dalvikvm( 1142): GC_CONCURRENT freed 6K, 78% free 1364K/6019K, paused 1ms+1ms
D/dalvikvm( 1142): GC_CONCURRENT freed 438K, 77% free 1437K/6019K, paused 1ms+1ms
D/dalvikvm( 1142): GC_CONCURRENT freed 518K, 77% free 1427K/6019K, paused 1ms+1ms
D/dalvikvm( 1142): GC_CONCURRENT freed 488K, 78% free 1330K/6019K, paused 1ms+1ms
D/dalvikvm( 1142): GC_CONCURRENT freed 402K, 79% free 1313K/6019K, paused 0ms+1ms
D/dalvikvm( 1142): GC_CONCURRENT freed 396K, 79% free 1311K/6019K, paused 1ms+1ms
D/dalvikvm( 1142): GC_CONCURRENT freed 394K, 79% free 1311K/6019K, paused 1ms+1ms
D/dalvikvm( 1142): GC_CONCURRENT freed 393K, 77% free 1425K/6019K, paused 0ms+1ms
D/dalvikvm( 1142): GC_CONCURRENT freed 487K, 78% free 1371K/6019K, paused 1ms+1ms
D/dalvikvm( 1142): GC_CONCURRENT freed 443K, 79% free 1312K/6019K, paused 1ms+1ms
D/dalvikvm( 1142): GC_CONCURRENT freed 396K, 77% free 1393K/6019K, paused 1ms+1ms
D/dalvikvm( 1142): GC_CONCURRENT freed 474K, 77% free 1426K/6019K, paused 1ms+1ms
D/dalvikvm( 1142): GC_CONCURRENT freed 488K, 78% free 1330K/6019K, paused 1ms+1ms
D/dalvikvm( 1142): GC_CONCURRENT freed 403K, 77% free 1387K/6019K, paused 1ms+1ms
D/dalvikvm( 1142): GC_CONCURRENT freed 473K, 77% free 1420K/6019K, paused 1ms+1ms
D/HomePlayerLib( 1142): hostaddress count is 2
D/dalvikvm( 1142): GC_CONCURRENT freed 496K, 77% free 1435K/6019K, paused 1ms+0ms
D/dalvikvm( 1142): GC_CONCURRENT freed 513K, 77% free 1433K/6019K, paused 1ms+1ms
D/dalvikvm( 1142): GC_CONCURRENT freed 506K, 79% free 1324K/6019K, paused 1ms+1ms
D/dalvikvm( 1142): GC_CONCURRENT freed 414K, 77% free 1426K/6019K, paused 1ms+2ms
D/dalvikvm( 1142): GC_CONCURRENT freed 474K, 76% free 1465K/6019K, paused 1ms+2ms
D/dalvikvm( 1142): GC_CONCURRENT freed 531K, 78% free 1328K/6019K, paused 1ms+1ms
D/dalvikvm( 1142): GC_CONCURRENT freed 394K, 79% free 1320K/6019K, paused 1ms+1ms
D/dalvikvm( 1142): GC_CONCURRENT freed 421K, 79% free 1324K/6019K, paused 1ms+2ms
D/dalvikvm( 1142): GC_CONCURRENT freed 396K, 77% free 1416K/6019K, paused 1ms+1ms
D/dalvikvm( 1142): GC_CONCURRENT freed 495K, 79% free 1323K/6019K, paused 1ms+1ms
D/dalvikvm( 1142): GC_CONCURRENT freed 401K, 79% free 1312K/6019K, paused 1ms+1ms
D/dalvikvm( 1142): GC_CONCURRENT freed 377K, 75% free 1557K/6019K, paused 1ms+1ms
D/dalvikvm( 1142): GC_CONCURRENT freed 638K, 79% free 1303K/6019K, paused 1ms+1ms
D/dalvikvm( 1142): GC_CONCURRENT freed 367K, 78% free 1372K/6019K, paused 1ms+1ms
D/dalvikvm( 1142): GC_CONCURRENT freed 443K, 77% free 1441K/6019K, paused 1ms+1ms
D/dalvikvm( 1142): GC_CONCURRENT freed 517K, 77% free 1430K/6019K, paused 1ms+1ms
D/dalvikvm( 1142): GC_CONCURRENT freed 485K, 78% free 1329K/6019K, paused 1ms+1ms
D/dalvikvm( 1142): GC_CONCURRENT freed 410K, 79% free 1303K/6019K, paused 1ms+1ms
D/dalvikvm( 1142): GC_CONCURRENT freed 376K, 77% free 1430K/6019K, paused 1ms+1ms
D/dalvikvm( 1142): GC_CONCURRENT freed 502K, 77% free 1436K/6019K, paused 1ms+1ms
D/dalvikvm( 1142): GC_CONCURRENT freed 536K, 77% free 1408K/6019K, paused 1ms+1ms
D/dalvikvm( 1142): GC_CONCURRENT freed 491K, 77% free 1423K/6019K, paused 1ms+1ms
D/dalvikvm( 1142): GC_CONCURRENT freed 502K, 79% free 1313K/6019K, paused 0ms+1ms
D/dalvikvm( 1142): GC_CONCURRENT freed 400K, 79% free 1315K/6019K, paused 1ms+1ms
D/dalvikvm( 1142): GC_CONCURRENT freed 385K, 78% free 1324K/6019K, paused 0ms+1ms
D/dalvikvm( 1142): GC_CONCURRENT freed 420K, 79% free 1322K/6019K, paused 1ms+1ms
D/dalvikvm( 1142): GC_CONCURRENT freed 390K, 79% free 1323K/6019K, paused 1ms+1ms
D/dalvikvm( 1142): GC_CONCURRENT freed 392K, 77% free 1430K/6019K, paused 1ms+1ms
D/dalvikvm( 1142): GC_CONCURRENT freed 512K, 79% free 1309K/6019K, paused 1ms+1ms
D/dalvikvm( 1142): GC_CONCURRENT freed 378K, 78% free 1325K/6019K, paused 1ms+1ms
D/dalvikvm( 1142): GC_CONCURRENT freed 394K, 79% free 1323K/6019K, paused 1ms+1ms
D/dalvikvm( 1142): GC_CONCURRENT freed 394K, 77% free 1406K/6019K, paused 1ms+1ms
D/dalvikvm( 1142): GC_CONCURRENT freed 474K, 78% free 1325K/6019K, paused 1ms+1ms
D/dalvikvm( 1142): GC_CONCURRENT freed 392K, 78% free 1324K/6019K, paused 1ms+1ms
D/dalvikvm( 1142): GC_CONCURRENT freed 393K, 78% free 1325K/6019K, paused 2ms+1ms
D/dalvikvm( 1142): GC_CONCURRENT freed 403K, 79% free 1321K/6019K, paused 1ms+1ms
W/NetworkStats(  945): dropping UID delta from unknown iface: iface=uap0 uid=0 set=DEFAULT tag=0x0 rxBytes=16975 rxPackets=133 txBytes=9306 txPackets=39 operations=0
W/NetworkStats(  945): dropping UID delta from unknown iface: iface=uap0 uid=1000 set=DEFAULT tag=0x0 rxBytes=670704 rxPackets=1884 txBytes=670704 txPackets=1884 operations=0
D/dalvikvm( 1142): GC_CONCURRENT freed 407K, 79% free 1298K/6019K, paused 1ms+1ms
D/dalvikvm( 1142): GC_CONCURRENT freed 381K, 77% free 1425K/6019K, paused 1ms+1ms
D/dalvikvm( 1142): GC_CONCURRENT freed 486K, 77% free 1412K/6019K, paused 1ms+1ms
D/dalvikvm( 1142): GC_CONCURRENT freed 483K, 77% free 1396K/6019K, paused 0ms+1ms
D/dalvikvm( 1142): GC_CONCURRENT freed 478K, 75% free 1506K/6019K, paused 1ms+1ms
D/dalvikvm( 1142): GC_CONCURRENT freed 578K, 77% free 1424K/6019K, paused 1ms+1ms
D/dalvikvm( 1142): GC_CONCURRENT freed 491K, 77% free 1431K/6019K, paused 1ms+1ms
D/dalvikvm( 1142): GC_CONCURRENT freed 502K, 78% free 1344K/6019K, paused 1ms+1ms
D/dalvikvm( 1142): GC_CONCURRENT freed 419K, 79% free 1312K/6019K, paused 0ms+1ms
D/dalvikvm( 1142): GC_CONCURRENT freed 396K, 79% free 1310K/6019K, paused 0ms+1ms
D/dalvikvm( 1142): GC_CONCURRENT freed 394K, 77% free 1418K/6019K, paused 1ms+1ms
D/dalvikvm( 1142): GC_CONCURRENT freed 485K, 77% free 1412K/6019K, paused 0ms+1ms
D/dalvikvm( 1142): GC_CONCURRENT freed 484K, 77% free 1438K/6019K, paused 0ms+1ms
D/dalvikvm( 1142): GC_CONCURRENT freed 514K, 79% free 1323K/6019K, paused 1ms+1ms
D/HomePlayerLib( 1142): hostaddress count is 2
D/dalvikvm( 1142): GC_CONCURRENT freed 403K, 77% free 1396K/6019K, paused 1ms+1ms
D/dalvikvm( 1142): GC_CONCURRENT freed 477K, 77% free 1430K/6019K, paused 1ms+1ms
D/dalvikvm( 1142): GC_CONCURRENT freed 487K, 76% free 1453K/6019K, paused 1ms+1ms
D/dalvikvm( 1142): GC_CONCURRENT freed 524K, 79% free 1315K/6019K, paused 1ms+1ms
D/dalvikvm( 1142): GC_CONCURRENT freed 392K, 77% free 1433K/6019K, paused 1ms+1ms
D/dalvikvm( 1142): GC_CONCURRENT freed 489K, 77% free 1429K/6019K, paused 1ms+1ms
D/dalvikvm( 1142): GC_CONCURRENT freed 493K, 76% free 1452K/6019K, paused 1ms+1ms
D/dalvikvm( 1142): GC_CONCURRENT freed 522K, 77% free 1435K/6019K, paused 1ms+1ms
D/dalvikvm( 1142): GC_CONCURRENT freed 514K, 78% free 1330K/6019K, paused 1ms+1ms
D/dalvikvm( 1142): GC_CONCURRENT freed 459K, 78% free 1330K/6019K, paused 1ms+1ms
D/dalvikvm( 1142): GC_CONCURRENT freed 393K, 76% free 1461K/6019K, paused 1ms+1ms
D/dalvikvm( 1142): GC_CONCURRENT freed 538K, 79% free 1323K/6019K, paused 1ms+1ms
D/dalvikvm( 1142): GC_CONCURRENT freed 400K, 78% free 1326K/6019K, paused 1ms+1ms
D/dalvikvm( 1142): GC_CONCURRENT freed 398K, 78% free 1329K/6019K, paused 1ms+1ms
D/dalvikvm( 1142): GC_CONCURRENT freed 394K, 77% free 1434K/6019K, paused 1ms+1ms
D/dalvikvm( 1142): GC_CONCURRENT freed 465K, 77% free 1412K/6019K, paused 1ms+1ms
D/dalvikvm( 1142): GC_CONCURRENT freed 484K, 78% free 1332K/6019K, paused 1ms+1ms
D/dalvikvm( 1142): GC_CONCURRENT freed 407K, 77% free 1436K/6019K, paused 0ms+1ms
D/dalvikvm( 1142): GC_CONCURRENT freed 494K, 76% free 1449K/6019K, paused 1ms+1ms
D/dalvikvm( 1142): GC_CONCURRENT freed 515K, 78% free 1326K/6019K, paused 1ms+1ms
D/dalvikvm( 1142): GC_CONCURRENT freed 406K, 79% free 1312K/6019K, paused 1ms+1ms
D/dalvikvm( 1142): GC_CONCURRENT freed 396K, 77% free 1420K/6019K, paused 1ms+1ms
D/dalvikvm( 1142): GC_CONCURRENT freed 487K, 78% free 1366K/6019K, paused 1ms+1ms
D/dalvikvm( 1142): GC_CONCURRENT freed 435K, 78% free 1370K/6019K, paused 1ms+1ms
D/dalvikvm( 1142): GC_CONCURRENT freed 443K, 77% free 1438K/6019K, paused 1ms+1ms
D/dalvikvm( 1142): GC_CONCURRENT freed 518K, 79% free 1313K/6019K, paused 1ms+1ms
D/dalvikvm( 1142): GC_CONCURRENT freed 393K, 77% free 1421K/6019K, paused 1ms+1ms
D/dalvikvm( 1142): GC_CONCURRENT freed 498K, 78% free 1338K/6019K, paused 1ms+1ms
D/dalvikvm( 1142): GC_CONCURRENT freed 410K, 78% free 1324K/6019K, paused 1ms+1ms
D/dalvikvm( 1142): GC_CONCURRENT freed 394K, 79% free 1324K/6019K, paused 1ms+2ms
W/System.err( 1233): org.apache.http.conn.ConnectionPoolTimeoutException: Timeout waiting for connection
W/System.err( 1233):    at org.apache.http.impl.conn.tsccm.ConnPoolByRoute.getEntryBlocking(ConnPoolByRoute.java:353)
W/System.err( 1233):    at org.apache.http.impl.conn.tsccm.ConnPoolByRoute$1.getPoolEntry(ConnPoolByRoute.java:238)
W/System.err( 1233):    at org.apache.http.impl.conn.tsccm.ThreadSafeClientConnManager$1.getConnection(ThreadSafeClientConnManager.java:177)
W/System.err( 1233):    at org.apache.http.impl.client.DefaultRequestDirector.execute(DefaultRequestDirector.java:326)
W/System.err( 1233):    at org.apache.http.impl.client.AbstractHttpClient.execute(AbstractHttpClient.java:555)
W/System.err( 1233):    at org.apache.http.impl.client.AbstractHttpClient.execute(AbstractHttpClient.java:487)
W/System.err( 1233):    at org.apache.http.impl.client.AbstractHttpClient.execute(AbstractHttpClient.java:465)
W/System.err( 1233):    at com.fiship.cibn.common.NetworkUtil.isConnectToServerByHttp(NetworkUtil.java:39)
W/System.err( 1233):    at com.fiship.cibn.weather.WeatherTask.doInBackground(WeatherTask.java:184)
W/System.err( 1233):    at com.fiship.cibn.weather.WeatherTask.doInBackground(WeatherTask.java:31)
W/System.err( 1233):    at android.os.AsyncTask$2.call(AsyncTask.java:264)
W/System.err( 1233):    at java.util.concurrent.FutureTask$Sync.innerRun(FutureTask.java:305)
W/System.err( 1233):    at java.util.concurrent.FutureTask.run(FutureTask.java:137)
W/System.err( 1233):    at android.os.AsyncTask$SerialExecutor$1.run(AsyncTask.java:208)
W/System.err( 1233):    at java.util.concurrent.ThreadPoolExecutor.runWorker(ThreadPoolExecutor.java:1076)
W/System.err( 1233):    at java.util.concurrent.ThreadPoolExecutor$Worker.run(ThreadPoolExecutor.java:569)
W/System.err( 1233):    at java.lang.Thread.run(Thread.java:856)
E/WeatherTask( 1233): can't connect the url : http://php.weather.sina.com.cn/iframe/index/w_cl.php?day=1
D/dalvikvm( 1142): GC_CONCURRENT freed 392K, 77% free 1407K/6019K, paused 1ms+1ms
D/dalvikvm( 1142): GC_CONCURRENT freed 473K, 78% free 1325K/6019K, paused 1ms+1ms
D/dalvikvm( 1142): GC_CONCURRENT freed 394K, 78% free 1326K/6019K, paused 1ms+1ms
D/dalvikvm( 1142): GC_CONCURRENT freed 404K, 79% free 1321K/6019K, paused 1ms+1ms
D/dalvikvm( 1142): GC_CONCURRENT freed 407K, 79% free 1323K/6019K, paused 1ms+1ms
D/dalvikvm( 1142): GC_CONCURRENT freed 393K, 78% free 1366K/6019K, paused 1ms+1ms
D/dalvikvm( 1142): GC_CONCURRENT freed 434K, 78% free 1325K/6019K, paused 1ms+1ms
D/dalvikvm( 1142): GC_CONCURRENT freed 394K, 78% free 1324K/6019K, paused 1ms+1ms
D/dalvikvm( 1142): GC_CONCURRENT freed 392K, 78% free 1324K/6019K, paused 1ms+2ms
D/dalvikvm( 1142): GC_CONCURRENT freed 392K, 78% free 1325K/6019K, paused 1ms+1ms
D/dalvikvm( 1142): GC_CONCURRENT freed 404K, 79% free 1322K/6019K, paused 1ms+2ms
D/dalvikvm( 1142): GC_CONCURRENT freed 425K, 79% free 1307K/6019K, paused 1ms+1ms
D/dalvikvm( 1142): GC_CONCURRENT freed 375K, 79% free 1323K/6019K, paused 0ms+1ms
D/dalvikvm( 1142): GC_CONCURRENT freed 393K, 77% free 1430K/6019K, paused 0ms+1ms
D/dalvikvm( 1142): GC_CONCURRENT freed 501K, 78% free 1344K/6019K, paused 0ms+1ms
D/dalvikvm( 1142): GC_CONCURRENT freed 418K, 77% free 1437K/6019K, paused 1ms+2ms
D/dalvikvm( 1142): GC_CONCURRENT freed 518K, 79% free 1312K/6019K, paused 1ms+1ms
D/dalvikvm( 1142): GC_CONCURRENT freed 395K, 79% free 1320K/6019K, paused 1ms+1ms
D/dalvikvm( 1142): GC_CONCURRENT freed 405K, 78% free 1325K/6019K, paused 1ms+1ms
D/dalvikvm( 1142): GC_CONCURRENT freed 392K, 78% free 1330K/6019K, paused 1ms+1ms
D/dalvikvm( 1142): GC_CONCURRENT freed 404K, 79% free 1321K/6019K, paused 1ms+1ms
D/dalvikvm( 1142): GC_CONCURRENT freed 396K, 79% free 1319K/6019K, paused 1ms+2ms
D/dalvikvm( 1142): GC_CONCURRENT freed 394K, 79% free 1312K/6019K, paused 1ms+1ms
D/dalvikvm( 1142): GC_CONCURRENT freed 394K, 79% free 1320K/6019K, paused 1ms+1ms
D/dalvikvm( 1142): GC_CONCURRENT freed 389K, 78% free 1324K/6019K, paused 1ms+1ms
D/HomePlayerLib( 1142): hostaddress count is 2
D/dalvikvm( 1142): GC_CONCURRENT freed 367K, 78% free 1350K/6019K, paused 1ms+2ms
D/dalvikvm( 1142): GC_CONCURRENT freed 424K, 79% free 1313K/6019K, paused 1ms+1ms
D/dalvikvm( 1142): GC_CONCURRENT freed 399K, 79% free 1322K/6019K, paused 1ms+1ms
D/dalvikvm( 1142): GC_CONCURRENT freed 405K, 77% free 1425K/6019K, paused 1ms+1ms
D/dalvikvm( 1142): GC_CONCURRENT freed 500K, 79% free 1309K/6019K, paused 1ms+1ms
D/dalvikvm( 1142): GC_CONCURRENT freed 383K, 77% free 1413K/6019K, paused 1ms+2ms
D/dalvikvm( 1142): GC_CONCURRENT freed 478K, 78% free 1329K/6019K, paused 1ms+1ms
D/dalvikvm( 1142): GC_CONCURRENT freed 409K, 78% free 1333K/6019K, paused 1ms+2ms
D/dalvikvm( 1142): GC_CONCURRENT freed 387K, 78% free 1353K/6019K, paused 1ms+1ms
D/dalvikvm( 1142): GC_CONCURRENT freed 422K, 78% free 1329K/6019K, paused 1ms+1ms
D/dalvikvm( 1142): GC_CONCURRENT freed 506K, 79% free 1302K/6019K, paused 1ms+1ms
D/dalvikvm( 1142): GC_CONCURRENT freed 382K, 78% free 1325K/6019K, paused 0ms+1ms
D/dalvikvm( 1142): GC_CONCURRENT freed 396K, 77% free 1440K/6019K, paused 1ms+1ms
D/dalvikvm( 1142): GC_CONCURRENT freed 503K, 77% free 1444K/6019K, paused 1ms+1ms
D/dalvikvm( 1142): GC_CONCURRENT freed 603K, 78% free 1345K/6019K, paused 1ms+1ms
D/dalvikvm( 1142): GC_CONCURRENT freed 406K, 78% free 1354K/6019K, paused 1ms+1ms
D/dalvikvm( 1142): GC_CONCURRENT freed 460K, 77% free 1395K/6019K, paused 1ms+1ms
D/dalvikvm( 1142): GC_CONCURRENT freed 462K, 78% free 1328K/6019K, paused 1ms+1ms
D/dalvikvm( 1142): GC_CONCURRENT freed 402K, 79% free 1323K/6019K, paused 1ms+1ms
D/dalvikvm( 1142): GC_CONCURRENT freed 397K, 78% free 1325K/6019K, paused 0ms+1ms
D/dalvikvm( 1142): GC_CONCURRENT freed 394K, 79% free 1324K/6019K, paused 1ms+1ms
D/dalvikvm( 1142): GC_CONCURRENT freed 393K, 78% free 1324K/6019K, paused 1ms+1ms
D/dalvikvm( 1142): GC_CONCURRENT freed 393K, 78% free 1324K/6019K, paused 1ms+1ms
D/dalvikvm( 1142): GC_CONCURRENT freed 393K, 78% free 1324K/6019K, paused 0ms+1ms
D/dalvikvm( 1142): GC_CONCURRENT freed 393K, 78% free 1329K/6019K, paused 1ms+1ms
D/dalvikvm( 1142): GC_CONCURRENT freed 439K, 78% free 1364K/6019K, paused 1ms+1ms
D/dalvikvm( 1142): GC_CONCURRENT freed 432K, 78% free 1325K/6019K, paused 1ms+1ms
D/dalvikvm( 1142): GC_CONCURRENT freed 394K, 78% free 1324K/6019K, paused 1ms+1ms
D/dalvikvm( 1142): GC_CONCURRENT freed 393K, 78% free 1324K/6019K, paused 1ms+1ms
D/dalvikvm( 1142): GC_CONCURRENT freed 391K, 78% free 1324K/6019K, paused 1ms+1ms
D/dalvikvm( 1142): GC_CONCURRENT freed 392K, 78% free 1325K/6019K, paused 1ms+2ms
D/dalvikvm( 1142): GC_CONCURRENT freed 497K, 78% free 1333K/6019K, paused 1ms+1ms
D/dalvikvm( 1142): GC_CONCURRENT freed 396K, 76% free 1446K/6019K, paused 1ms+1ms
D/dalvikvm( 1142): GC_CONCURRENT freed 514K, 78% free 1326K/6019K, paused 1ms+1ms
D/dalvikvm( 1142): GC_CONCURRENT freed 402K, 77% free 1428K/6019K, paused 1ms+1ms
D/dalvikvm( 1142): GC_CONCURRENT freed 490K, 78% free 1324K/6019K, paused 1ms+1ms
D/dalvikvm( 1142): GC_CONCURRENT freed 394K, 77% free 1430K/6019K, paused 1ms+1ms
D/dalvikvm( 1142): GC_CONCURRENT freed 513K, 79% free 1307K/6019K, paused 1ms+1ms
D/dalvikvm( 1142): GC_CONCURRENT freed 378K, 77% free 1409K/6019K, paused 1ms+1ms
D/dalvikvm( 1142): GC_CONCURRENT freed 476K, 78% free 1324K/6019K, paused 1ms+1ms
D/dalvikvm( 1142): GC_CONCURRENT freed 393K, 78% free 1324K/6019K, paused 1ms+1ms
D/dalvikvm( 1142): GC_CONCURRENT freed 392K, 78% free 1324K/6019K, paused 1ms+1ms
D/dalvikvm( 1142): GC_CONCURRENT freed 393K, 78% free 1324K/6019K, paused 1ms+1ms
D/dalvikvm( 1142): GC_CONCURRENT freed 393K, 78% free 1324K/6019K, paused 1ms+1ms
D/dalvikvm( 1142): GC_CONCURRENT freed 402K, 77% free 1395K/6019K, paused 0ms+1ms
D/dalvikvm( 1142): GC_CONCURRENT freed 476K, 77% free 1421K/6019K, paused 1ms+1ms
D/dalvikvm( 1142): GC_CONCURRENT freed 488K, 78% free 1325K/6019K, paused 1ms+1ms
D/dalvikvm( 1142): GC_CONCURRENT freed 394K, 78% free 1325K/6019K, paused 1ms+1ms
D/dalvikvm( 1142): GC_CONCURRENT freed 404K, 79% free 1321K/6019K, paused 1ms+1ms
D/dalvikvm( 1142): GC_CONCURRENT freed 396K, 79% free 1311K/6019K, paused 1ms+1ms
D/dalvikvm( 1142): GC_CONCURRENT freed 394K, 79% free 1312K/6019K, paused 1ms+1ms
D/dalvikvm( 1142): GC_CONCURRENT freed 394K, 79% free 1320K/6019K, paused 1ms+1ms
D/dalvikvm( 1142): GC_CONCURRENT freed 394K, 79% free 1320K/6019K, paused 1ms+1ms
D/dalvikvm( 1142): GC_CONCURRENT freed 393K, 79% free 1320K/6019K, paused 1ms+1ms
D/dalvikvm( 1142): GC_CONCURRENT freed 404K, 78% free 1324K/6019K, paused 1ms+1ms
D/dalvikvm( 1142): GC_CONCURRENT freed 392K, 78% free 1329K/6019K, paused 1ms+1ms
D/dalvikvm( 1142): GC_CONCURRENT freed 400K, 78% free 1380K/6019K, paused 0ms+1ms
D/HomePlayerLib( 1142): hostaddress count is 2
D/dalvikvm( 1142): GC_CONCURRENT freed 462K, 79% free 1313K/6019K, paused 1ms+1ms
D/dalvikvm( 1142): GC_CONCURRENT freed 357K, 78% free 1350K/6019K, paused 0ms+1ms
D/dalvikvm( 1142): GC_CONCURRENT freed 433K, 79% free 1311K/6019K, paused 1ms+1ms
D/dalvikvm( 1142): GC_CONCURRENT freed 389K, 79% free 1323K/6019K, paused 1ms+1ms
D/dalvikvm( 1142): GC_CONCURRENT freed 396K, 78% free 1355K/6019K, paused 1ms+1ms
D/dalvikvm( 1142): GC_CONCURRENT freed 425K, 78% free 1328K/6019K, paused 1ms+1ms
D/dalvikvm( 1142): GC_CONCURRENT freed 403K, 77% free 1432K/6019K, paused 1ms+1ms
D/dalvikvm( 1142): GC_CONCURRENT freed 503K, 78% free 1328K/6019K, paused 0ms+1ms
D/dalvikvm( 1142): GC_CONCURRENT freed 391K, 77% free 1441K/6019K, paused 1ms+1ms
D/dalvikvm( 1142): GC_CONCURRENT freed 496K, 76% free 1455K/6019K, paused 1ms+1ms
D/dalvikvm( 1142): GC_CONCURRENT freed 516K, 78% free 1376K/6019K, paused 1ms+1ms
D/dalvikvm( 1142): GC_CONCURRENT freed 455K, 77% free 1430K/6019K, paused 1ms+1ms
D/dalvikvm( 1142): GC_CONCURRENT freed 510K, 77% free 1431K/6019K, paused 1ms+1ms
D/dalvikvm( 1142): GC_CONCURRENT freed 497K, 78% free 1347K/6019K, paused 0ms+1ms
D/dalvikvm( 1142): GC_CONCURRENT freed 524K, 78% free 1329K/6019K, paused 1ms+1ms
D/dalvikvm( 1142): GC_CONCURRENT freed 398K, 79% free 1315K/6019K, paused 0ms+1ms
D/dalvikvm( 1142): GC_CONCURRENT freed 393K, 77% free 1428K/6019K, paused 1ms+1ms
D/dalvikvm( 1142): GC_CONCURRENT freed 497K, 79% free 1316K/6019K, paused 1ms+1ms
D/dalvikvm( 1142): GC_CONCURRENT freed 448K, 78% free 1376K/6019K, paused 1ms+1ms
D/dalvikvm( 1142): GC_CONCURRENT freed 434K, 78% free 1328K/6019K, paused 1ms+1ms
D/dalvikvm( 1142): GC_CONCURRENT freed 392K, 75% free 1558K/6019K, paused 0ms+1ms
D/dalvikvm( 1142): GC_CONCURRENT freed 618K, 76% free 1447K/6019K, paused 1ms+1ms
D/dalvikvm( 1142): GC_CONCURRENT freed 517K, 79% free 1314K/6019K, paused 1ms+1ms
D/dalvikvm( 1142): GC_CONCURRENT freed 399K, 79% free 1300K/6019K, paused 1ms+1ms
D/dalvikvm( 1142): GC_CONCURRENT freed 386K, 75% free 1531K/6019K, paused 1ms+1ms
D/dalvikvm( 1142): GC_CONCURRENT freed 597K, 78% free 1372K/6019K, paused 1ms+2ms
D/dalvikvm( 1142): GC_CONCURRENT freed 446K, 77% free 1396K/6019K, paused 1ms+1ms
D/dalvikvm( 1142): GC_CONCURRENT freed 478K, 77% free 1426K/6019K, paused 1ms+1ms
D/dalvikvm( 1142): GC_CONCURRENT freed 488K, 78% free 1371K/6019K, paused 1ms+1ms
D/dalvikvm( 1142): GC_CONCURRENT freed 443K, 79% free 1312K/6019K, paused 1ms+1ms
D/dalvikvm( 1142): GC_CONCURRENT freed 396K, 77% free 1418K/6019K, paused 1ms+1ms
D/dalvikvm( 1142): GC_CONCURRENT freed 487K, 78% free 1324K/6019K, paused 1ms+1ms
D/dalvikvm( 1142): GC_CONCURRENT freed 394K, 77% free 1411K/6019K, paused 1ms+2ms
D/dalvikvm( 1142): GC_CONCURRENT freed 482K, 75% free 1528K/6019K, paused 1ms+1ms
D/dalvikvm( 1142): GC_CONCURRENT freed 599K, 79% free 1314K/6019K, paused 1ms+1ms
D/dalvikvm( 1142): GC_CONCURRENT freed 395K, 79% free 1312K/6019K, paused 0ms+1ms
D/dalvikvm( 1142): GC_CONCURRENT freed 399K, 79% free 1300K/6019K, paused 1ms+1ms
D/dalvikvm( 1142): GC_CONCURRENT freed 381K, 77% free 1408K/6019K, paused 1ms+1ms
D/dalvikvm( 1142): GC_CONCURRENT freed 477K, 77% free 1430K/6019K, paused 1ms+1ms
W/System.err( 1233): org.apache.http.conn.ConnectionPoolTimeoutException: Timeout waiting for connection
W/System.err( 1233):    at org.apache.http.impl.conn.tsccm.ConnPoolByRoute.getEntryBlocking(ConnPoolByRoute.java:353)
W/System.err( 1233):    at org.apache.http.impl.conn.tsccm.ConnPoolByRoute$1.getPoolEntry(ConnPoolByRoute.java:238)
W/System.err( 1233):    at org.apache.http.impl.conn.tsccm.ThreadSafeClientConnManager$1.getConnection(ThreadSafeClientConnManager.java:177)
W/System.err( 1233):    at org.apache.http.impl.client.DefaultRequestDirector.execute(DefaultRequestDirector.java:326)
W/System.err( 1233):    at org.apache.http.impl.client.AbstractHttpClient.execute(AbstractHttpClient.java:555)
W/System.err( 1233):    at org.apache.http.impl.client.AbstractHttpClient.execute(AbstractHttpClient.java:487)
W/System.err( 1233):    at org.apache.http.impl.client.AbstractHttpClient.execute(AbstractHttpClient.java:465)
W/System.err( 1233):    at com.fiship.cibn.common.NetworkUtil.isConnectToServerByHttp(NetworkUtil.java:39)
W/System.err( 1233):    at com.fiship.cibn.weather.WeatherTask.doInBackground(WeatherTask.java:184)
W/System.err( 1233):    at com.fiship.cibn.weather.WeatherTask.doInBackground(WeatherTask.java:31)
W/System.err( 1233):    at android.os.AsyncTask$2.call(AsyncTask.java:264)
W/System.err( 1233):    at java.util.concurrent.FutureTask$Sync.innerRun(FutureTask.java:305)
W/System.err( 1233):    at java.util.concurrent.FutureTask.run(FutureTask.java:137)
W/System.err( 1233):    at android.os.AsyncTask$SerialExecutor$1.run(AsyncTask.java:208)
W/System.err( 1233):    at java.util.concurrent.ThreadPoolExecutor.runWorker(ThreadPoolExecutor.java:1076)
W/System.err( 1233):    at java.util.concurrent.ThreadPoolExecutor$Worker.run(ThreadPoolExecutor.java:569)
W/System.err( 1233):    at java.lang.Thread.run(Thread.java:856)
E/WeatherTask( 1233): can't connect the url : http://php.weather.sina.com.cn/iframe/index/w_cl.php?day=1
D/dalvikvm( 1142): GC_CONCURRENT freed 502K, 78% free 1344K/6019K, paused 1ms+1ms
D/dalvikvm( 1142): GC_CONCURRENT freed 417K, 77% free 1438K/6019K, paused 1ms+1ms
D/dalvikvm( 1142): GC_CONCURRENT freed 516K, 79% free 1313K/6019K, paused 1ms+1ms
D/dalvikvm( 1142): GC_CONCURRENT freed 395K, 79% free 1312K/6019K, paused 1ms+1ms
D/dalvikvm( 1142): GC_CONCURRENT freed 407K, 78% free 1369K/6019K, paused 1ms+1ms
D/dalvikvm( 1142): GC_CONCURRENT freed 444K, 77% free 1437K/6019K, paused 1ms+1ms
D/dalvikvm( 1142): GC_CONCURRENT freed 518K, 77% free 1422K/6019K, paused 1ms+1ms
D/dalvikvm( 1142): GC_CONCURRENT freed 488K, 78% free 1330K/6019K, paused 1ms+1ms
D/dalvikvm( 1142): GC_CONCURRENT freed 402K, 79% free 1312K/6019K, paused 0ms+1ms
D/dalvikvm( 1142): GC_CONCURRENT freed 396K, 77% free 1426K/6019K, paused 1ms+1ms
D/dalvikvm( 1142): GC_CONCURRENT freed 487K, 76% free 1448K/6019K, paused 1ms+1ms
D/dalvikvm( 1142): GC_CONCURRENT freed 523K, 77% free 1429K/6019K, paused 1ms+1ms
D/dalvikvm( 1142): GC_CONCURRENT freed 510K, 79% free 1323K/6019K, paused 1ms+1ms
D/HomePlayerLib( 1142): hostaddress count is 2
D/dalvikvm( 1142): GC_CONCURRENT freed 400K, 78% free 1324K/6019K, paused 1ms+1ms
D/dalvikvm( 1142): GC_CONCURRENT freed 400K, 79% free 1311K/6019K, paused 1ms+1ms
D/dalvikvm( 1142): GC_CONCURRENT freed 395K, 79% free 1322K/6019K, paused 1ms+1ms
D/dalvikvm( 1142): GC_CONCURRENT freed 406K, 78% free 1328K/6019K, paused 1ms+1ms
D/dalvikvm( 1142): GC_CONCURRENT freed 362K, 78% free 1352K/6019K, paused 1ms+1ms
D/dalvikvm( 1142): GC_CONCURRENT freed 421K, 78% free 1329K/6019K, paused 1ms+1ms
D/dalvikvm( 1142): GC_CONCURRENT freed 394K, 78% free 1329K/6019K, paused 1ms+1ms
D/dalvikvm( 1142): GC_CONCURRENT freed 392K, 78% free 1329K/6019K, paused 1ms+1ms
D/dalvikvm( 1142): GC_CONCURRENT freed 392K, 78% free 1327K/6019K, paused 0ms+1ms
D/dalvikvm( 1142): GC_CONCURRENT freed 391K, 78% free 1329K/6019K, paused 1ms+1ms
D/dalvikvm( 1142): GC_CONCURRENT freed 404K, 77% free 1433K/6019K, paused 1ms+1ms
D/dalvikvm( 1142): GC_CONCURRENT freed 490K, 78% free 1329K/6019K, paused 1ms+0ms
D/dalvikvm( 1142): GC_CONCURRENT freed 393K, 78% free 1382K/6019K, paused 1ms+1ms
D/dalvikvm( 1142): GC_CONCURRENT freed 459K, 78% free 1348K/6019K, paused 0ms+1ms
D/dalvikvm( 1142): GC_CONCURRENT freed 440K, 77% free 1421K/6019K, paused 1ms+1ms
D/dalvikvm( 1142): GC_CONCURRENT freed 473K, 77% free 1444K/6019K, paused 1ms+1ms
D/dalvikvm( 1142): GC_CONCURRENT freed 530K, 79% free 1300K/6019K, paused 1ms+1ms
D/dalvikvm( 1142): GC_CONCURRENT freed 358K, 78% free 1337K/6019K, paused 1ms+1ms
D/dalvikvm( 1142): GC_CONCURRENT freed 466K, 78% free 1383K/6019K, paused 1ms+1ms
D/dalvikvm( 1142): GC_CONCURRENT freed 458K, 77% free 1429K/6019K, paused 1ms+1ms
D/dalvikvm( 1142): GC_CONCURRENT freed 509K, 76% free 1487K/6019K, paused 1ms+1ms
D/dalvikvm( 1142): GC_CONCURRENT freed 557K, 79% free 1314K/6019K, paused 1ms+1ms
D/dalvikvm( 1142): GC_CONCURRENT freed 396K, 78% free 1383K/6019K, paused 1ms+1ms
D/dalvikvm( 1142): GC_CONCURRENT freed 458K, 77% free 1437K/6019K, paused 1ms+1ms
D/dalvikvm( 1142): GC_CONCURRENT freed 516K, 79% free 1312K/6019K, paused 1ms+1ms
D/dalvikvm( 1142): GC_CONCURRENT freed 393K, 77% free 1423K/6019K, paused 1ms+1ms
D/dalvikvm( 1142): GC_CONCURRENT freed 497K, 77% free 1425K/6019K, paused 1ms+1ms
D/dalvikvm( 1142): GC_CONCURRENT freed 489K, 77% free 1407K/6019K, paused 1ms+1ms
D/dalvikvm( 1142): GC_CONCURRENT freed 474K, 78% free 1325K/6019K, paused 1ms+2ms
D/dalvikvm( 1142): GC_CONCURRENT freed 394K, 78% free 1325K/6019K, paused 1ms+1ms
D/dalvikvm( 1142): GC_CONCURRENT freed 402K, 78% free 1337K/6019K, paused 1ms+2ms
D/dalvikvm( 1142): GC_CONCURRENT freed 409K, 78% free 1324K/6019K, paused 1ms+1ms
D/dalvikvm( 1142): GC_CONCURRENT freed 392K, 79% free 1324K/6019K, paused 1ms+1ms
D/dalvikvm( 1142): GC_CONCURRENT freed 392K, 79% free 1324K/6019K, paused 1ms+1ms
D/dalvikvm( 1142): GC_CONCURRENT freed 393K, 78% free 1324K/6019K, paused 1ms+1ms
D/dalvikvm( 1142): GC_CONCURRENT freed 393K, 78% free 1324K/6019K, paused 1ms+1ms
D/dalvikvm( 1142): GC_CONCURRENT freed 393K, 78% free 1324K/6019K, paused 1ms+1ms
D/dalvikvm( 1142): GC_CONCURRENT freed 393K, 78% free 1325K/6019K, paused 1ms+1ms
D/dalvikvm( 1142): GC_CONCURRENT freed 401K, 79% free 1321K/6019K, paused 1ms+1ms
D/dalvikvm( 1142): GC_CONCURRENT freed 396K, 79% free 1319K/6019K, paused 1ms+1ms
D/dalvikvm( 1142): GC_CONCURRENT freed 394K, 79% free 1320K/6019K, paused 1ms+2ms
D/dalvikvm( 1142): GC_CONCURRENT freed 405K, 79% free 1324K/6019K, paused 1ms+2ms
D/dalvikvm( 1142): GC_CONCURRENT freed 392K, 78% free 1324K/6019K, paused 1ms+1ms
D/dalvikvm( 1142): GC_CONCURRENT freed 393K, 78% free 1324K/6019K, paused 1ms+1ms
D/dalvikvm( 1142): GC_CONCURRENT freed 393K, 78% free 1324K/6019K, paused 1ms+1ms
D/dalvikvm( 1142): GC_CONCURRENT freed 392K, 78% free 1325K/6019K, paused 1ms+1ms
D/dalvikvm( 1142): GC_CONCURRENT freed 402K, 79% free 1313K/6019K, paused 1ms+1ms
D/dalvikvm( 1142): GC_CONCURRENT freed 396K, 79% free 1319K/6019K, paused 1ms+1ms
D/dalvikvm( 1142): GC_CONCURRENT freed 394K, 79% free 1311K/6019K, paused 1ms+1ms
D/dalvikvm( 1142): GC_CONCURRENT freed 394K, 79% free 1312K/6019K, paused 1ms+1ms
D/dalvikvm( 1142): GC_CONCURRENT freed 393K, 79% free 1311K/6019K, paused 1ms+1ms
D/dalvikvm( 1142): GC_CONCURRENT freed 392K, 79% free 1312K/6019K, paused 1ms+1ms
D/dalvikvm( 1142): GC_CONCURRENT freed 392K, 79% free 1312K/6019K, paused 1ms+1ms
D/dalvikvm( 1142): GC_CONCURRENT freed 393K, 79% free 1312K/6019K, paused 1ms+1ms
D/dalvikvm( 1142): GC_CONCURRENT freed 399K, 79% free 1303K/6019K, paused 1ms+1ms
D/dalvikvm( 1142): GC_CONCURRENT freed 385K, 78% free 1325K/6019K, paused 1ms+1ms
D/dalvikvm( 1142): GC_CONCURRENT freed 396K, 79% free 1324K/6019K, paused 1ms+1ms
D/dalvikvm( 1142): GC_CONCURRENT freed 392K, 78% free 1324K/6019K, paused 1ms+1ms
D/dalvikvm( 1142): GC_CONCURRENT freed 392K, 78% free 1324K/6019K, paused 1ms+1ms
D/dalvikvm( 1142): GC_CONCURRENT freed 393K, 78% free 1324K/6019K, paused 1ms+1ms
D/dalvikvm( 1142): GC_CONCURRENT freed 393K, 78% free 1324K/6019K, paused 1ms+1ms
D/dalvikvm( 1142): GC_CONCURRENT freed 393K, 78% free 1324K/6019K, paused 1ms+1ms
D/HomePlayerLib( 1142): hostaddress count is 2
D/dalvikvm( 1142): GC_CONCURRENT freed 392K, 78% free 1348K/6019K, paused 1ms+1ms
D/dalvikvm( 1142): GC_CONCURRENT freed 434K, 79% free 1310K/6019K, paused 1ms+1ms
D/dalvikvm( 1142): GC_CONCURRENT freed 389K, 79% free 1322K/6019K, paused 1ms+1ms
D/dalvikvm( 1142): GC_CONCURRENT freed 485K, 78% free 1349K/6019K, paused 1ms+1ms
D/dalvikvm( 1142): GC_CONCURRENT freed 436K, 79% free 1306K/6019K, paused 1ms+1ms
D/dalvikvm( 1142): GC_CONCURRENT freed 368K, 76% free 1456K/6019K, paused 1ms+1ms
D/dalvikvm( 1142): GC_CONCURRENT freed 519K, 77% free 1435K/6019K, paused 1ms+1ms
D/dalvikvm( 1142): GC_CONCURRENT freed 523K, 77% free 1419K/6019K, paused 1ms+1ms
D/dalvikvm( 1142): GC_CONCURRENT freed 485K, 77% free 1440K/6019K, paused 1ms+1ms
D/dalvikvm( 1142): GC_CONCURRENT freed 507K, 78% free 1348K/6019K, paused 1ms+1ms
D/dalvikvm( 1142): GC_CONCURRENT freed 428K, 77% free 1423K/6019K, paused 1ms+1ms
D/dalvikvm( 1142): GC_CONCURRENT freed 491K, 78% free 1327K/6019K, paused 1ms+2ms
D/dalvikvm( 1142): GC_CONCURRENT freed 393K, 78% free 1328K/6019K, paused 1ms+1ms
D/dalvikvm( 1142): GC_CONCURRENT freed 474K, 78% free 1334K/6019K, paused 1ms+1ms
D/dalvikvm( 1142): GC_CONCURRENT freed 415K, 77% free 1411K/6019K, paused 1ms+1ms
D/dalvikvm( 1142): GC_CONCURRENT freed 475K, 77% free 1433K/6019K, paused 0ms+1ms
D/dalvikvm( 1142): GC_CONCURRENT freed 512K, 78% free 1335K/6019K, paused 1ms+1ms
D/dalvikvm( 1142): GC_CONCURRENT freed 417K, 77% free 1426K/6019K, paused 1ms+1ms
D/dalvikvm( 1142): GC_CONCURRENT freed 493K, 77% free 1431K/6019K, paused 1ms+1ms
D/dalvikvm( 1142): GC_CONCURRENT freed 502K, 79% free 1313K/6019K, paused 0ms+1ms
D/dalvikvm( 1142): GC_CONCURRENT freed 399K, 79% free 1301K/6019K, paused 1ms+1ms
D/dalvikvm( 1142): GC_CONCURRENT freed 382K, 78% free 1325K/6019K, paused 1ms+2ms
D/dalvikvm( 1142): GC_CONCURRENT freed 396K, 79% free 1324K/6019K, paused 1ms+1ms
D/dalvikvm( 1142): GC_CONCURRENT freed 394K, 78% free 1324K/6019K, paused 1ms+1ms
D/dalvikvm( 1142): GC_CONCURRENT freed 394K, 79% free 1324K/6019K, paused 1ms+1ms
D/dalvikvm( 1142): GC_CONCURRENT freed 392K, 76% free 1452K/6019K, paused 1ms+1ms
D/dalvikvm( 1142): GC_CONCURRENT freed 524K, 79% free 1314K/6019K, paused 1ms+1ms
D/dalvikvm( 1142): GC_CONCURRENT freed 397K, 77% free 1421K/6019K, paused 1ms+1ms
D/dalvikvm( 1142): GC_CONCURRENT freed 486K, 78% free 1324K/6019K, paused 0ms+1ms
D/dalvikvm( 1142): GC_CONCURRENT freed 393K, 77% free 1411K/6019K, paused 1ms+1ms
D/dalvikvm( 1142): GC_CONCURRENT freed 484K, 77% free 1438K/6019K, paused 1ms+2ms
D/dalvikvm( 1142): GC_CONCURRENT freed 518K, 79% free 1313K/6019K, paused 1ms+1ms
D/dalvikvm( 1142): GC_CONCURRENT freed 395K, 77% free 1424K/6019K, paused 1ms+1ms
D/dalvikvm( 1142): GC_CONCURRENT freed 498K, 79% free 1313K/6019K, paused 1ms+1ms
D/dalvikvm( 1142): GC_CONCURRENT freed 395K, 77% free 1426K/6019K, paused 0ms+1ms
D/dalvikvm( 1142): GC_CONCURRENT freed 511K, 79% free 1323K/6019K, paused 1ms+1ms
D/dalvikvm( 1142): GC_CONCURRENT freed 391K, 79% free 1324K/6019K, paused 1ms+1ms
D/dalvikvm( 1142): GC_CONCURRENT freed 393K, 78% free 1329K/6019K, paused 0ms+1ms
D/dalvikvm( 1142): GC_CONCURRENT freed 402K, 77% free 1421K/6019K, paused 1ms+2ms
D/dalvikvm( 1142): GC_CONCURRENT freed 489K, 77% free 1431K/6019K, paused 0ms+1ms
D/dalvikvm( 1142): GC_CONCURRENT freed 502K, 79% free 1313K/6019K, paused 1ms+1ms
D/dalvikvm( 1142): GC_CONCURRENT freed 399K, 79% free 1315K/6019K, paused 1ms+1ms
D/dalvikvm( 1142): GC_CONCURRENT freed 385K, 77% free 1409K/6019K, paused 0ms+1ms
D/dalvikvm( 1142): GC_CONCURRENT freed 477K, 77% free 1430K/6019K, paused 1ms+1ms
D/dalvikvm( 1142): GC_CONCURRENT freed 502K, 78% free 1344K/6019K, paused 1ms+1ms
D/dalvikvm( 1142): GC_CONCURRENT freed 415K, 77% free 1438K/6019K, paused 0ms+1ms
W/System.err( 1233): org.apache.http.conn.ConnectionPoolTimeoutException: Timeout waiting for connection
W/System.err( 1233):    at org.apache.http.impl.conn.tsccm.ConnPoolByRoute.getEntryBlocking(ConnPoolByRoute.java:353)
W/System.err( 1233):    at org.apache.http.impl.conn.tsccm.ConnPoolByRoute$1.getPoolEntry(ConnPoolByRoute.java:238)
W/System.err( 1233):    at org.apache.http.impl.conn.tsccm.ThreadSafeClientConnManager$1.getConnection(ThreadSafeClientConnManager.java:177)
W/System.err( 1233):    at org.apache.http.impl.client.DefaultRequestDirector.execute(DefaultRequestDirector.java:326)
W/System.err( 1233):    at org.apache.http.impl.client.AbstractHttpClient.execute(AbstractHttpClient.java:555)
W/System.err( 1233):    at org.apache.http.impl.client.AbstractHttpClient.execute(AbstractHttpClient.java:487)
W/System.err( 1233):    at org.apache.http.impl.client.AbstractHttpClient.execute(AbstractHttpClient.java:465)
W/System.err( 1233):    at com.fiship.cibn.common.NetworkUtil.isConnectToServerByHttp(NetworkUtil.java:39)
W/System.err( 1233):    at com.fiship.cibn.weather.WeatherTask.doInBackground(WeatherTask.java:184)
W/System.err( 1233):    at com.fiship.cibn.weather.WeatherTask.doInBackground(WeatherTask.java:31)
W/System.err( 1233):    at android.os.AsyncTask$2.call(AsyncTask.java:264)
W/System.err( 1233):    at java.util.concurrent.FutureTask$Sync.innerRun(FutureTask.java:305)
W/System.err( 1233):    at java.util.concurrent.FutureTask.run(FutureTask.java:137)
W/System.err( 1233):    at android.os.AsyncTask$SerialExecutor$1.run(AsyncTask.java:208)
W/System.err( 1233):    at java.util.concurrent.ThreadPoolExecutor.runWorker(ThreadPoolExecutor.java:1076)
W/System.err( 1233):    at java.util.concurrent.ThreadPoolExecutor$Worker.run(ThreadPoolExecutor.java:569)
W/System.err( 1233):    at java.lang.Thread.run(Thread.java:856)
E/WeatherTask( 1233): can't connect the url : http://php.weather.sina.com.cn/iframe/index/w_cl.php?day=1
D/dalvikvm( 1142): GC_CONCURRENT freed 517K, 77% free 1427K/6019K, paused 1ms+1ms
D/dalvikvm( 1142): GC_CONCURRENT freed 488K, 78% free 1330K/6019K, paused 0ms+1ms
D/HomePlayerLib( 1142): hostaddress count is 2
D/dalvikvm( 1142): GC_CONCURRENT freed 409K, 77% free 1429K/6019K, paused 1ms+1ms
D/dalvikvm( 1142): GC_CONCURRENT freed 490K, 76% free 1450K/6019K, paused 1ms+1ms
D/dalvikvm( 1142): GC_CONCURRENT freed 532K, 77% free 1426K/6019K, paused 1ms+1ms
D/dalvikvm( 1142): GC_CONCURRENT freed 504K, 77% free 1431K/6019K, paused 0ms+1ms
D/dalvikvm( 1142): GC_CONCURRENT freed 516K, 77% free 1412K/6019K, paused 1ms+1ms
D/dalvikvm( 1142): GC_CONCURRENT freed 492K, 78% free 1329K/6019K, paused 0ms+1ms
D/dalvikvm( 1142): GC_CONCURRENT freed 392K, 77% free 1434K/6019K, paused 0ms+1ms
D/dalvikvm( 1142): GC_CONCURRENT freed 512K, 78% free 1324K/6019K, paused 1ms+1ms
D/dalvikvm( 1142): GC_CONCURRENT freed 373K, 76% free 1459K/6019K, paused 1ms+1ms
D/dalvikvm( 1142): GC_CONCURRENT freed 519K, 76% free 1452K/6019K, paused 1ms+1ms
D/dalvikvm( 1142): GC_CONCURRENT freed 526K, 77% free 1434K/6019K, paused 1ms+1ms
D/dalvikvm( 1142): GC_CONCURRENT freed 505K, 77% free 1438K/6019K, paused 1ms+1ms
D/dalvikvm( 1142): GC_CONCURRENT freed 508K, 77% free 1417K/6019K, paused 0ms+1ms
D/dalvikvm( 1142): GC_CONCURRENT freed 459K, 76% free 1462K/6019K, paused 0ms+1ms
D/dalvikvm( 1142): GC_CONCURRENT freed 517K, 77% free 1416K/6019K, paused 0ms+1ms
D/dalvikvm( 1142): GC_CONCURRENT freed 485K, 77% free 1441K/6019K, paused 1ms+1ms
D/dalvikvm( 1142): GC_CONCURRENT freed 516K, 77% free 1436K/6019K, paused 1ms+1ms
D/dalvikvm( 1142): GC_CONCURRENT freed 515K, 77% free 1430K/6019K, paused 1ms+1ms
D/dalvikvm( 1142): GC_CONCURRENT freed 509K, 78% free 1381K/6019K, paused 1ms+1ms
D/dalvikvm( 1142): GC_CONCURRENT freed 449K, 77% free 1411K/6019K, paused 1ms+1ms
D/dalvikvm( 1142): GC_CONCURRENT freed 483K, 77% free 1438K/6019K, paused 1ms+1ms
D/dalvikvm( 1142): GC_CONCURRENT freed 518K, 79% free 1312K/6019K, paused 1ms+1ms
D/dalvikvm( 1142): GC_CONCURRENT freed 394K, 77% free 1424K/6019K, paused 1ms+1ms
D/dalvikvm( 1142): GC_CONCURRENT freed 498K, 77% free 1438K/6019K, paused 1ms+1ms
D/dalvikvm( 1142): GC_CONCURRENT freed 519K, 77% free 1427K/6019K, paused 1ms+1ms
D/dalvikvm( 1142): GC_CONCURRENT freed 487K, 78% free 1325K/6019K, paused 1ms+1ms
D/dalvikvm( 1142): GC_CONCURRENT freed 404K, 79% free 1312K/6019K, paused 0ms+1ms
D/dalvikvm( 1142): GC_CONCURRENT freed 396K, 79% free 1310K/6019K, paused 1ms+1ms
D/dalvikvm( 1142): GC_CONCURRENT freed 394K, 77% free 1425K/6019K, paused 1ms+1ms
D/dalvikvm( 1142): GC_CONCURRENT freed 487K, 78% free 1325K/6019K, paused 1ms+1ms
D/dalvikvm( 1142): GC_CONCURRENT freed 393K, 78% free 1370K/6019K, paused 1ms+1ms
D/dalvikvm( 1142): GC_CONCURRENT freed 443K, 79% free 1312K/6019K, paused 0ms+1ms
D/dalvikvm( 1142): GC_CONCURRENT freed 396K, 79% free 1302K/6019K, paused 1ms+1ms
D/dalvikvm( 1142): GC_CONCURRENT freed 366K, 79% free 1322K/6019K, paused 1ms+1ms
D/dalvikvm( 1142): GC_CONCURRENT freed 392K, 77% free 1429K/6019K, paused 0ms+0ms
D/dalvikvm( 1142): GC_CONCURRENT freed 513K, 78% free 1325K/6019K, paused 1ms+1ms
D/dalvikvm( 1142): GC_CONCURRENT freed 394K, 78% free 1329K/6019K, paused 1ms+1ms
D/dalvikvm( 1142): GC_CONCURRENT freed 404K, 77% free 1437K/6019K, paused 1ms+1ms
D/dalvikvm( 1142): GC_CONCURRENT freed 518K, 77% free 1427K/6019K, paused 1ms+1ms
D/dalvikvm( 1142): GC_CONCURRENT freed 488K, 78% free 1330K/6019K, paused 1ms+1ms
D/dalvikvm( 1142): GC_CONCURRENT freed 402K, 77% free 1395K/6019K, paused 1ms+1ms
D/dalvikvm( 1142): GC_CONCURRENT freed 477K, 77% free 1426K/6019K, paused 1ms+1ms
D/dalvikvm( 1142): GC_CONCURRENT freed 488K, 78% free 1371K/6019K, paused 1ms+1ms
D/dalvikvm( 1142): GC_CONCURRENT freed 442K, 77% free 1438K/6019K, paused 1ms+1ms
D/dalvikvm( 1142): GC_CONCURRENT freed 518K, 79% free 1312K/6019K, paused 0ms+1ms
D/dalvikvm( 1142): GC_CONCURRENT freed 395K, 79% free 1311K/6019K, paused 1ms+1ms
D/dalvikvm( 1142): GC_CONCURRENT freed 393K, 79% free 1312K/6019K, paused 0ms+1ms
D/dalvikvm( 1142): GC_CONCURRENT freed 393K, 78% free 1343K/6019K, paused 0ms+0ms
D/dalvikvm( 1142): GC_CONCURRENT freed 418K, 79% free 1321K/6019K, paused 1ms+2ms
D/dalvikvm( 1142): GC_CONCURRENT freed 403K, 79% free 1311K/6019K, paused 1ms+2ms
D/dalvikvm( 1142): GC_CONCURRENT freed 385K, 79% free 1320K/6019K, paused 1ms+1ms
D/dalvikvm( 1142): GC_CONCURRENT freed 393K, 79% free 1320K/6019K, paused 0ms+1ms
D/dalvikvm( 1142): GC_CONCURRENT freed 393K, 79% free 1320K/6019K, paused 1ms+1ms
D/dalvikvm( 1142): GC_CONCURRENT freed 393K, 79% free 1320K/6019K, paused 1ms+1ms
D/dalvikvm( 1142): GC_CONCURRENT freed 395K, 78% free 1360K/6019K, paused 1ms+1ms
D/HomePlayerLib( 1142): hostaddress count is 2
D/dalvikvm( 1142): GC_CONCURRENT freed 435K, 79% free 1321K/6019K, paused 1ms+1ms
D/dalvikvm( 1142): GC_CONCURRENT freed 402K, 77% free 1400K/6019K, paused 1ms+1ms
D/dalvikvm( 1142): GC_CONCURRENT freed 470K, 79% free 1323K/6019K, paused 0ms+1ms
D/dalvikvm( 1142): GC_CONCURRENT freed 406K, 78% free 1327K/6019K, paused 1ms+1ms
D/dalvikvm( 1142): GC_CONCURRENT freed 390K, 78% free 1337K/6019K, paused 1ms+1ms
D/dalvikvm( 1142): GC_CONCURRENT freed 520K, 79% free 1320K/6019K, paused 0ms+1ms
D/dalvikvm( 1142): GC_CONCURRENT freed 396K, 79% free 1316K/6019K, paused 1ms+1ms
D/dalvikvm( 1142): GC_CONCURRENT freed 390K, 77% free 1430K/6019K, paused 1ms+1ms
D/dalvikvm( 1142): GC_CONCURRENT freed 506K, 77% free 1435K/6019K, paused 1ms+1ms
D/dalvikvm( 1142): GC_CONCURRENT freed 495K, 76% free 1451K/6019K, paused 1ms+1ms
D/dalvikvm( 1142): GC_CONCURRENT freed 514K, 78% free 1333K/6019K, paused 1ms+1ms
D/dalvikvm( 1142): GC_CONCURRENT freed 404K, 77% free 1441K/6019K, paused 1ms+1ms
D/dalvikvm( 1142): GC_CONCURRENT freed 570K, 78% free 1370K/6019K, paused 1ms+1ms
D/dalvikvm( 1142): GC_CONCURRENT freed 432K, 78% free 1330K/6019K, paused 1ms+1ms
D/dalvikvm( 1142): GC_CONCURRENT freed 413K, 79% free 1301K/6019K, paused 1ms+1ms
D/dalvikvm( 1142): GC_CONCURRENT freed 372K, 79% free 1323K/6019K, paused 1ms+1ms
D/dalvikvm( 1142): GC_CONCURRENT freed 394K, 79% free 1324K/6019K, paused 1ms+1ms
D/dalvikvm( 1142): GC_CONCURRENT freed 394K, 78% free 1324K/6019K, paused 1ms+1ms
D/dalvikvm( 1142): GC_CONCURRENT freed 392K, 77% free 1421K/6019K, paused 1ms+1ms
D/dalvikvm( 1142): GC_CONCURRENT freed 500K, 79% free 1305K/6019K, paused 0ms+1ms
D/dalvikvm( 1142): GC_CONCURRENT freed 367K, 78% free 1329K/6019K, paused 1ms+1ms
D/dalvikvm( 1142): GC_CONCURRENT freed 404K, 79% free 1312K/6019K, paused 1ms+1ms
D/dalvikvm( 1142): GC_CONCURRENT freed 396K, 79% free 1311K/6019K, paused 1ms+1ms
D/dalvikvm( 1142): GC_CONCURRENT freed 431K, 79% free 1322K/6019K, paused 0ms+1ms
D/dalvikvm( 1142): GC_CONCURRENT freed 389K, 78% free 1324K/6019K, paused 1ms+1ms
D/dalvikvm( 1142): GC_CONCURRENT freed 392K, 78% free 1324K/6019K, paused 1ms+1ms
D/dalvikvm( 1142): GC_CONCURRENT freed 393K, 78% free 1370K/6019K, paused 1ms+1ms
D/dalvikvm( 1142): GC_CONCURRENT freed 444K, 76% free 1478K/6019K, paused 1ms+1ms
D/dalvikvm( 1142): GC_CONCURRENT freed 558K, 77% free 1420K/6019K, paused 1ms+1ms
D/dalvikvm( 1142): GC_CONCURRENT freed 496K, 79% free 1313K/6019K, paused 1ms+2ms
D/dalvikvm( 1142): GC_CONCURRENT freed 396K, 77% free 1420K/6019K, paused 1ms+1ms
D/dalvikvm( 1142): GC_CONCURRENT freed 487K, 78% free 1325K/6019K, paused 1ms+1ms
D/dalvikvm( 1142): GC_CONCURRENT freed 392K, 77% free 1411K/6019K, paused 1ms+1ms
D/dalvikvm( 1142): GC_CONCURRENT freed 483K, 77% free 1437K/6019K, paused 1ms+1ms
D/dalvikvm( 1142): GC_CONCURRENT freed 517K, 77% free 1427K/6019K, paused 1ms+1ms
D/dalvikvm( 1142): GC_CONCURRENT freed 488K, 78% free 1330K/6019K, paused 1ms+1ms
D/dalvikvm( 1142): GC_CONCURRENT freed 403K, 77% free 1422K/6019K, paused 1ms+1ms
D/dalvikvm( 1142): GC_CONCURRENT freed 489K, 77% free 1431K/6019K, paused 1ms+1ms
D/dalvikvm( 1142): GC_CONCURRENT freed 502K, 78% free 1344K/6019K, paused 1ms+1ms
D/dalvikvm( 1142): GC_CONCURRENT freed 418K, 76% free 1464K/6019K, paused 1ms+1ms
D/dalvikvm( 1142): GC_CONCURRENT freed 531K, 77% free 1431K/6019K, paused 1ms+1ms
D/dalvikvm( 1142): GC_CONCURRENT freed 514K, 79% free 1307K/6019K, paused 1ms+1ms
D/dalvikvm( 1142): GC_CONCURRENT freed 378K, 77% free 1407K/6019K, paused 0ms+1ms
D/dalvikvm( 1142): GC_CONCURRENT freed 476K, 77% free 1430K/6019K, paused 1ms+1ms
D/dalvikvm( 1142): GC_CONCURRENT freed 513K, 78% free 1331K/6019K, paused 1ms+1ms
D/dalvikvm( 1142): GC_CONCURRENT freed 404K, 77% free 1422K/6019K, paused 1ms+1ms
D/dalvikvm( 1142): GC_CONCURRENT freed 490K, 77% free 1409K/6019K, paused 1ms+1ms
D/dalvikvm( 1142): GC_CONCURRENT freed 475K, 78% free 1371K/6019K, paused 1ms+1ms
D/dalvikvm( 1142): GC_CONCURRENT freed 468K, 77% free 1420K/6019K, paused 0ms+1ms
D/HomePlayerLib( 1142): hostaddress count is 2
D/dalvikvm( 1142): GC_CONCURRENT freed 491K, 74% free 1594K/6019K, paused 1ms+1ms
D/dalvikvm( 1142): GC_CONCURRENT freed 666K, 78% free 1325K/6019K, paused 0ms+1ms
D/dalvikvm( 1142): GC_CONCURRENT freed 406K, 77% free 1391K/6019K, paused 1ms+1ms
D/dalvikvm( 1142): GC_CONCURRENT freed 437K, 76% free 1496K/6019K, paused 0ms+1ms
D/dalvikvm( 1142): GC_CONCURRENT freed 558K, 78% free 1330K/6019K, paused 1ms+1ms
D/dalvikvm( 1142): GC_CONCURRENT freed 397K, 77% free 1444K/6019K, paused 1ms+1ms
D/dalvikvm( 1142): GC_CONCURRENT freed 521K, 79% free 1316K/6019K, paused 1ms+1ms
D/dalvikvm( 1142): GC_CONCURRENT freed 395K, 77% free 1430K/6019K, paused 1ms+1ms
D/dalvikvm( 1142): GC_CONCURRENT freed 487K, 77% free 1416K/6019K, paused 1ms+1ms
D/dalvikvm( 1142): GC_CONCURRENT freed 465K, 76% free 1460K/6019K, paused 1ms+1ms
D/dalvikvm( 1142): GC_CONCURRENT freed 532K, 78% free 1356K/6019K, paused 0ms+1ms
D/dalvikvm( 1142): GC_CONCURRENT freed 433K, 75% free 1545K/6019K, paused 1ms+1ms
D/dalvikvm( 1142): GC_CONCURRENT freed 608K, 78% free 1331K/6019K, paused 1ms+2ms
D/dalvikvm( 1142): GC_CONCURRENT freed 395K, 78% free 1330K/6019K, paused 1ms+1ms
D/dalvikvm( 1142): GC_CONCURRENT freed 393K, 78% free 1329K/6019K, paused 1ms+1ms
D/dalvikvm( 1142): GC_CONCURRENT freed 393K, 78% free 1363K/6019K, paused 1ms+2ms
D/dalvikvm( 1142): GC_CONCURRENT freed 484K, 77% free 1388K/6019K, paused 0ms+1ms
D/dalvikvm( 1142): GC_CONCURRENT freed 449K, 78% free 1328K/6019K, paused 1ms+1ms
D/dalvikvm( 1142): GC_CONCURRENT freed 383K, 76% free 1456K/6019K, paused 1ms+1ms
D/dalvikvm( 1142): GC_CONCURRENT freed 534K, 77% free 1408K/6019K, paused 1ms+1ms
D/dalvikvm( 1142): GC_CONCURRENT freed 488K, 77% free 1428K/6019K, paused 1ms+1ms
D/dalvikvm( 1142): GC_CONCURRENT freed 490K, 78% free 1371K/6019K, paused 1ms+1ms
W/System.err( 1233): org.apache.http.conn.ConnectionPoolTimeoutException: Timeout waiting for connection
W/System.err( 1233):    at org.apache.http.impl.conn.tsccm.ConnPoolByRoute.getEntryBlocking(ConnPoolByRoute.java:353)
W/System.err( 1233):    at org.apache.http.impl.conn.tsccm.ConnPoolByRoute$1.getPoolEntry(ConnPoolByRoute.java:238)
W/System.err( 1233):    at org.apache.http.impl.conn.tsccm.ThreadSafeClientConnManager$1.getConnection(ThreadSafeClientConnManager.java:177)
W/System.err( 1233):    at org.apache.http.impl.client.DefaultRequestDirector.execute(DefaultRequestDirector.java:326)
W/System.err( 1233):    at org.apache.http.impl.client.AbstractHttpClient.execute(AbstractHttpClient.java:555)
W/System.err( 1233):    at org.apache.http.impl.client.AbstractHttpClient.execute(AbstractHttpClient.java:487)
W/System.err( 1233):    at org.apache.http.impl.client.AbstractHttpClient.execute(AbstractHttpClient.java:465)
W/System.err( 1233):    at com.fiship.cibn.common.NetworkUtil.isConnectToServerByHttp(NetworkUtil.java:39)
W/System.err( 1233):    at com.fiship.cibn.weather.WeatherTask.doInBackground(WeatherTask.java:184)
W/System.err( 1233):    at com.fiship.cibn.weather.WeatherTask.doInBackground(WeatherTask.java:31)
W/System.err( 1233):    at android.os.AsyncTask$2.call(AsyncTask.java:264)
W/System.err( 1233):    at java.util.concurrent.FutureTask$Sync.innerRun(FutureTask.java:305)
W/System.err( 1233):    at java.util.concurrent.FutureTask.run(FutureTask.java:137)
W/System.err( 1233):    at android.os.AsyncTask$SerialExecutor$1.run(AsyncTask.java:208)
W/System.err( 1233):    at java.util.concurrent.ThreadPoolExecutor.runWorker(ThreadPoolExecutor.java:1076)
W/System.err( 1233):    at java.util.concurrent.ThreadPoolExecutor$Worker.run(ThreadPoolExecutor.java:569)
W/System.err( 1233):    at java.lang.Thread.run(Thread.java:856)
E/WeatherTask( 1233): can't connect the url : http://php.weather.sina.com.cn/iframe/index/w_cl.php?day=1
D/dalvikvm( 1142): GC_CONCURRENT freed 444K, 79% free 1312K/6019K, paused 1ms+1ms
D/dalvikvm( 1142): GC_CONCURRENT freed 395K, 79% free 1310K/6019K, paused 1ms+1ms
D/dalvikvm( 1142): GC_CONCURRENT freed 394K, 79% free 1311K/6019K, paused 1ms+1ms
D/dalvikvm( 1142): GC_CONCURRENT freed 393K, 79% free 1311K/6019K, paused 1ms+1ms
D/dalvikvm( 1142): GC_CONCURRENT freed 394K, 79% free 1311K/6019K, paused 1ms+1ms
D/dalvikvm( 1142): GC_CONCURRENT freed 394K, 78% free 1380K/6019K, paused 0ms+1ms
D/dalvikvm( 1142): GC_CONCURRENT freed 445K, 78% free 1325K/6019K, paused 1ms+1ms
D/dalvikvm( 1142): GC_CONCURRENT freed 403K, 77% free 1395K/6019K, paused 1ms+1ms
D/dalvikvm( 1142): GC_CONCURRENT freed 477K, 79% free 1312K/6019K, paused 1ms+1ms
D/dalvikvm( 1142): GC_CONCURRENT freed 395K, 79% free 1320K/6019K, paused 1ms+1ms
D/dalvikvm( 1142): GC_CONCURRENT freed 393K, 79% free 1311K/6019K, paused 1ms+1ms
D/dalvikvm( 1142): GC_CONCURRENT freed 392K, 79% free 1312K/6019K, paused 1ms+1ms
D/dalvikvm( 1142): GC_CONCURRENT freed 392K, 79% free 1321K/6019K, paused 1ms+2ms
D/dalvikvm( 1142): GC_CONCURRENT freed 404K, 79% free 1301K/6019K, paused 1ms+1ms
D/dalvikvm( 1142): GC_CONCURRENT freed 379K, 78% free 1324K/6019K, paused 1ms+1ms
D/dalvikvm( 1142): GC_CONCURRENT freed 395K, 79% free 1324K/6019K, paused 1ms+1ms
D/dalvikvm( 1142): GC_CONCURRENT freed 392K, 78% free 1324K/6019K, paused 1ms+1ms
D/dalvikvm( 1142): GC_CONCURRENT freed 392K, 78% free 1324K/6019K, paused 1ms+1ms
D/dalvikvm( 1142): GC_CONCURRENT freed 393K, 78% free 1324K/6019K, paused 1ms+1ms
D/dalvikvm( 1142): GC_CONCURRENT freed 500K, 79% free 1303K/6019K, paused 1ms+1ms
D/dalvikvm( 1142): GC_CONCURRENT freed 377K, 79% free 1312K/6019K, paused 1ms+1ms
D/dalvikvm( 1142): GC_CONCURRENT freed 395K, 79% free 1310K/6019K, paused 0ms+1ms
D/dalvikvm( 1142): GC_CONCURRENT freed 394K, 77% free 1425K/6019K, paused 1ms+1ms
D/dalvikvm( 1142): GC_CONCURRENT freed 487K, 77% free 1412K/6019K, paused 0ms+1ms
D/dalvikvm( 1142): GC_CONCURRENT freed 486K, 79% free 1313K/6019K, paused 1ms+1ms
D/dalvikvm( 1142): GC_CONCURRENT freed 397K, 77% free 1426K/6019K, paused 1ms+1ms
D/dalvikvm( 1142): GC_CONCURRENT freed 486K, 76% free 1447K/6019K, paused 1ms+1ms
D/dalvikvm( 1142): GC_CONCURRENT freed 524K, 77% free 1429K/6019K, paused 1ms+1ms
D/dalvikvm( 1142): GC_CONCURRENT freed 491K, 77% free 1408K/6019K, paused 0ms+1ms
D/dalvikvm( 1142): GC_CONCURRENT freed 475K, 78% free 1371K/6019K, paused 1ms+1ms
D/HomePlayerLib( 1142): hostaddress count is 2
D/dalvikvm( 1142): GC_CONCURRENT freed 452K, 77% free 1419K/6019K, paused 1ms+1ms
D/dalvikvm( 1142): GC_CONCURRENT freed 495K, 77% free 1436K/6019K, paused 1ms+1ms
D/dalvikvm( 1142): GC_CONCURRENT freed 516K, 77% free 1431K/6019K, paused 1ms+1ms
D/dalvikvm( 1142): GC_CONCURRENT freed 508K, 78% free 1369K/6019K, paused 1ms+1ms
D/dalvikvm( 1142): GC_CONCURRENT freed 431K, 78% free 1329K/6019K, paused 1ms+1ms
D/dalvikvm( 1142): GC_CONCURRENT freed 393K, 78% free 1328K/6019K, paused 1ms+1ms
D/dalvikvm( 1142): GC_CONCURRENT freed 401K, 78% free 1342K/6019K, paused 1ms+1ms
D/dalvikvm( 1142): GC_CONCURRENT freed 408K, 77% free 1409K/6019K, paused 1ms+1ms
D/dalvikvm( 1142): GC_CONCURRENT freed 513K, 77% free 1395K/6019K, paused 1ms+1ms
D/dalvikvm( 1142): GC_CONCURRENT freed 475K, 79% free 1305K/6019K, paused 1ms+1ms
D/dalvikvm( 1142): GC_CONCURRENT freed 375K, 79% free 1314K/6019K, paused 0ms+1ms
D/dalvikvm( 1142): GC_CONCURRENT freed 447K, 78% free 1376K/6019K, paused 1ms+1ms
D/dalvikvm( 1142): GC_CONCURRENT freed 433K, 77% free 1412K/6019K, paused 1ms+1ms
D/dalvikvm( 1142): GC_CONCURRENT freed 478K, 78% free 1367K/6019K, paused 1ms+1ms
D/dalvikvm( 1142): GC_CONCURRENT freed 441K, 79% free 1324K/6019K, paused 1ms+1ms
D/dalvikvm( 1142): GC_CONCURRENT freed 406K, 78% free 1326K/6019K, paused 1ms+1ms
D/dalvikvm( 1142): GC_CONCURRENT freed 392K, 78% free 1328K/6019K, paused 1ms+1ms
D/dalvikvm( 1142): GC_CONCURRENT freed 406K, 78% free 1326K/6019K, paused 0ms+1ms
D/dalvikvm( 1142): GC_CONCURRENT freed 395K, 78% free 1324K/6019K, paused 1ms+1ms
D/dalvikvm( 1142): GC_CONCURRENT freed 392K, 78% free 1324K/6019K, paused 1ms+1ms
D/dalvikvm( 1142): GC_CONCURRENT freed 392K, 78% free 1325K/6019K, paused 1ms+1ms
D/dalvikvm( 1142): GC_CONCURRENT freed 404K, 78% free 1337K/6019K, paused 1ms+1ms
D/dalvikvm( 1142): GC_CONCURRENT freed 409K, 78% free 1324K/6019K, paused 1ms+1ms
D/dalvikvm( 1142): GC_CONCURRENT freed 394K, 79% free 1324K/6019K, paused 1ms+1ms
D/dalvikvm( 1142): GC_CONCURRENT freed 404K, 77% free 1399K/6019K, paused 0ms+1ms
D/dalvikvm( 1142): GC_CONCURRENT freed 482K, 78% free 1331K/6019K, paused 1ms+0ms
D/dalvikvm( 1142): GC_CONCURRENT freed 405K, 79% free 1312K/6019K, paused 1ms+1ms
D/dalvikvm( 1142): GC_CONCURRENT freed 396K, 79% free 1302K/6019K, paused 0ms+1ms
D/dalvikvm( 1142): GC_CONCURRENT freed 366K, 79% free 1323K/6019K, paused 1ms+1ms
D/dalvikvm( 1142): GC_CONCURRENT freed 394K, 79% free 1324K/6019K, paused 1ms+1ms
D/dalvikvm( 1142): GC_CONCURRENT freed 392K, 79% free 1323K/6019K, paused 1ms+1ms
D/dalvikvm( 1142): GC_CONCURRENT freed 392K, 78% free 1324K/6019K, paused 1ms+1ms
D/dalvikvm( 1142): GC_CONCURRENT freed 393K, 78% free 1324K/6019K, paused 1ms+0ms
D/dalvikvm( 1142): GC_CONCURRENT freed 391K, 79% free 1324K/6019K, paused 0ms+1ms
D/dalvikvm( 1142): GC_CONCURRENT freed 392K, 78% free 1329K/6019K, paused 0ms+1ms
D/dalvikvm( 1142): GC_CONCURRENT freed 404K, 79% free 1312K/6019K, paused 0ms+1ms
D/dalvikvm( 1142): GC_CONCURRENT freed 396K, 77% free 1426K/6019K, paused 0ms+1ms
D/dalvikvm( 1142): GC_CONCURRENT freed 487K, 78% free 1325K/6019K, paused 1ms+1ms
D/dalvikvm( 1142): GC_CONCURRENT freed 392K, 79% free 1324K/6019K, paused 1ms+1ms
D/dalvikvm( 1142): GC_CONCURRENT freed 392K, 79% free 1324K/6019K, paused 1ms+1ms
D/dalvikvm( 1142): GC_CONCURRENT freed 393K, 78% free 1329K/6019K, paused 0ms+1ms
D/dalvikvm( 1142): GC_CONCURRENT freed 402K, 77% free 1421K/6019K, paused 1ms+1ms
D/dalvikvm( 1142): GC_CONCURRENT freed 490K, 78% free 1324K/6019K, paused 1ms+1ms
D/dalvikvm( 1142): GC_CONCURRENT freed 394K, 77% free 1430K/6019K, paused 1ms+1ms
D/dalvikvm( 1142): GC_CONCURRENT freed 513K, 79% free 1307K/6019K, paused 1ms+1ms
D/dalvikvm( 1142): GC_CONCURRENT freed 378K, 77% free 1421K/6019K, paused 1ms+1ms
D/dalvikvm( 1142): GC_CONCURRENT freed 503K, 77% free 1420K/6019K, paused 1ms+1ms
D/dalvikvm( 1142): GC_CONCURRENT freed 488K, 78% free 1330K/6019K, paused 1ms+1ms
D/dalvikvm( 1142): GC_CONCURRENT freed 404K, 79% free 1312K/6019K, paused 1ms+2ms
D/dalvikvm( 1142): GC_CONCURRENT freed 395K, 76% free 1474K/6019K, paused 1ms+1ms
D/dalvikvm( 1142): GC_CONCURRENT freed 555K, 77% free 1385K/6019K, paused 1ms+0ms
D/dalvikvm( 1142): GC_CONCURRENT freed 459K, 77% free 1437K/6019K, paused 1ms+1ms
D/dalvikvm( 1142): GC_CONCURRENT freed 518K, 77% free 1420K/6019K, paused 1ms+1ms
D/dalvikvm( 1142): GC_CONCURRENT freed 487K, 78% free 1330K/6019K, paused 1ms+1ms
D/dalvikvm( 1142): GC_CONCURRENT freed 404K, 79% free 1312K/6019K, paused 1ms+1ms
D/dalvikvm( 1142): GC_CONCURRENT freed 396K, 77% free 1420K/6019K, paused 0ms+1ms
D/dalvikvm( 1142): GC_CONCURRENT freed 488K, 77% free 1407K/6019K, paused 1ms+1ms
D/dalvikvm( 1142): GC_CONCURRENT freed 473K, 78% free 1330K/6019K, paused 0ms+1ms
D/dalvikvm( 1142): GC_CONCURRENT freed 403K, 77% free 1421K/6019K, paused 1ms+1ms
D/dalvikvm( 1142): GC_CONCURRENT freed 490K, 77% free 1408K/6019K, paused 1ms+1ms
D/dalvikvm( 1142): GC_CONCURRENT freed 475K, 78% free 1325K/6019K, paused 1ms+1ms
D/dalvikvm( 1142): GC_CONCURRENT freed 394K, 78% free 1328K/6019K, paused 0ms+1ms
D/dalvikvm( 1142): GC_CONCURRENT freed 403K, 77% free 1424K/6019K, paused 1ms+1ms
D/dalvikvm( 1142): GC_CONCURRENT freed 489K, 78% free 1325K/6019K, paused 1ms+1ms
D/dalvikvm( 1142): GC_CONCURRENT freed 394K, 78% free 1324K/6019K, paused 0ms+1ms
D/dalvikvm( 1142): GC_CONCURRENT freed 393K, 78% free 1365K/6019K, paused 1ms+1ms
D/dalvikvm( 1142): GC_CONCURRENT freed 434K, 78% free 1330K/6019K, paused 1ms+1ms
D/dalvikvm( 1142): GC_CONCURRENT freed 401K, 77% free 1430K/6019K, paused 1ms+1ms
D/HomePlayerLib( 1142): hostaddress count is 2
D/dalvikvm( 1142): GC_CONCURRENT freed 498K, 78% free 1338K/6019K, paused 0ms+1ms
D/dalvikvm( 1142): GC_CONCURRENT freed 415K, 79% free 1322K/6019K, paused 1ms+1ms
D/dalvikvm( 1142): GC_CONCURRENT freed 409K, 79% free 1303K/6019K, paused 1ms+1ms
D/dalvikvm( 1142): GC_CONCURRENT freed 381K, 79% free 1315K/6019K, paused 0ms+1ms
D/dalvikvm( 1142): GC_CONCURRENT freed 393K, 77% free 1430K/6019K, paused 1ms+1ms
D/dalvikvm( 1142): GC_CONCURRENT freed 487K, 78% free 1327K/6019K, paused 1ms+1ms
D/dalvikvm( 1142): GC_CONCURRENT freed 392K, 77% free 1431K/6019K, paused 1ms+1ms
D/dalvikvm( 1142): GC_CONCURRENT freed 493K, 76% free 1450K/6019K, paused 0ms+1ms
D/dalvikvm( 1142): GC_CONCURRENT freed 527K, 77% free 1432K/6019K, paused 1ms+1ms
D/dalvikvm( 1142): GC_CONCURRENT freed 520K, 77% free 1424K/6019K, paused 1ms+1ms
D/dalvikvm( 1142): GC_CONCURRENT freed 480K, 76% free 1453K/6019K, paused 1ms+1ms
D/dalvikvm( 1142): GC_CONCURRENT freed 520K, 78% free 1348K/6019K, paused 0ms+1ms
D/dalvikvm( 1142): GC_CONCURRENT freed 429K, 77% free 1412K/6019K, paused 1ms+1ms
D/dalvikvm( 1142): GC_CONCURRENT freed 475K, 78% free 1329K/6019K, paused 1ms+1ms
D/dalvikvm( 1142): GC_CONCURRENT freed 394K, 78% free 1328K/6019K, paused 1ms+1ms
D/dalvikvm( 1142): GC_CONCURRENT freed 405K, 78% free 1326K/6019K, paused 0ms+1ms
D/dalvikvm( 1142): GC_CONCURRENT freed 395K, 78% free 1325K/6019K, paused 1ms+2ms
D/dalvikvm( 1142): GC_CONCURRENT freed 393K, 78% free 1325K/6019K, paused 1ms+1ms
D/dalvikvm( 1142): GC_CONCURRENT freed 401K, 79% free 1313K/6019K, paused 1ms+1ms
D/dalvikvm( 1142): GC_CONCURRENT freed 396K, 79% free 1310K/6019K, paused 0ms+1ms
W/System.err( 1233): org.apache.http.conn.ConnectionPoolTimeoutException: Timeout waiting for connection
W/System.err( 1233):    at org.apache.http.impl.conn.tsccm.ConnPoolByRoute.getEntryBlocking(ConnPoolByRoute.java:353)
W/System.err( 1233):    at org.apache.http.impl.conn.tsccm.ConnPoolByRoute$1.getPoolEntry(ConnPoolByRoute.java:238)
W/System.err( 1233):    at org.apache.http.impl.conn.tsccm.ThreadSafeClientConnManager$1.getConnection(ThreadSafeClientConnManager.java:177)
W/System.err( 1233):    at org.apache.http.impl.client.DefaultRequestDirector.execute(DefaultRequestDirector.java:326)
W/System.err( 1233):    at org.apache.http.impl.client.AbstractHttpClient.execute(AbstractHttpClient.java:555)
W/System.err( 1233):    at org.apache.http.impl.client.AbstractHttpClient.execute(AbstractHttpClient.java:487)
W/System.err( 1233):    at org.apache.http.impl.client.AbstractHttpClient.execute(AbstractHttpClient.java:465)
W/System.err( 1233):    at com.fiship.cibn.common.NetworkUtil.isConnectToServerByHttp(NetworkUtil.java:39)
W/System.err( 1233):    at com.fiship.cibn.weather.WeatherTask.doInBackground(WeatherTask.java:184)
W/System.err( 1233):    at com.fiship.cibn.weather.WeatherTask.doInBackground(WeatherTask.java:31)
W/System.err( 1233):    at android.os.AsyncTask$2.call(AsyncTask.java:264)
W/System.err( 1233):    at java.util.concurrent.FutureTask$Sync.innerRun(FutureTask.java:305)
W/System.err( 1233):    at java.util.concurrent.FutureTask.run(FutureTask.java:137)
W/System.err( 1233):    at android.os.AsyncTask$SerialExecutor$1.run(AsyncTask.java:208)
W/System.err( 1233):    at java.util.concurrent.ThreadPoolExecutor.runWorker(ThreadPoolExecutor.java:1076)
W/System.err( 1233):    at java.util.concurrent.ThreadPoolExecutor$Worker.run(ThreadPoolExecutor.java:569)
W/System.err( 1233):    at java.lang.Thread.run(Thread.java:856)
E/WeatherTask( 1233): can't connect the url : http://php.weather.sina.com.cn/iframe/index/w_cl.php?day=1
D/dalvikvm( 1142): GC_CONCURRENT freed 393K, 77% free 1425K/6019K, paused 1ms+0ms
D/dalvikvm( 1142): GC_CONCURRENT freed 486K, 77% free 1407K/6019K, paused 1ms+1ms
D/dalvikvm( 1142): GC_CONCURRENT freed 484K, 77% free 1422K/6019K, paused 1ms+1ms
D/dalvikvm( 1142): GC_CONCURRENT freed 491K, 77% free 1431K/6019K, paused 1ms+1ms
D/dalvikvm( 1142): GC_CONCURRENT freed 502K, 78% free 1343K/6019K, paused 1ms+0ms
D/dalvikvm( 1142): GC_CONCURRENT freed 419K, 77% free 1422K/6019K, paused 1ms+1ms
D/dalvikvm( 1142): GC_CONCURRENT freed 490K, 77% free 1421K/6019K, paused 1ms+1ms
D/dalvikvm( 1142): GC_CONCURRENT freed 500K, 79% free 1313K/6019K, paused 0ms+1ms
D/dalvikvm( 1142): GC_CONCURRENT freed 398K, 79% free 1315K/6019K, paused 0ms+1ms
D/dalvikvm( 1142): GC_CONCURRENT freed 384K, 77% free 1432K/6019K, paused 1ms+1ms
D/dalvikvm( 1142): GC_CONCURRENT freed 504K, 79% free 1313K/6019K, paused 1ms+1ms
D/dalvikvm( 1142): GC_CONCURRENT freed 395K, 79% free 1311K/6019K, paused 1ms+1ms
D/dalvikvm( 1142): GC_CONCURRENT freed 391K, 79% free 1311K/6019K, paused 1ms+1ms
D/dalvikvm( 1142): GC_CONCURRENT freed 392K, 78% free 1343K/6019K, paused 1ms+1ms
D/dalvikvm( 1142): GC_CONCURRENT freed 417K, 77% free 1422K/6019K, paused 1ms+1ms
D/dalvikvm( 1142): GC_CONCURRENT freed 491K, 77% free 1408K/6019K, paused 0ms+1ms
D/dalvikvm( 1142): GC_CONCURRENT freed 475K, 78% free 1325K/6019K, paused 1ms+1ms
D/dalvikvm( 1142): GC_CONCURRENT freed 392K, 78% free 1324K/6019K, paused 1ms+1ms
D/dalvikvm( 1142): GC_CONCURRENT freed 402K, 77% free 1421K/6019K, paused 1ms+1ms
D/dalvikvm( 1142): GC_CONCURRENT freed 490K, 76% free 1447K/6019K, paused 1ms+0ms
D/dalvikvm( 1142): GC_CONCURRENT freed 515K, 78% free 1325K/6019K, paused 1ms+1ms
D/dalvikvm( 1142): GC_CONCURRENT freed 404K, 79% free 1313K/6019K, paused 1ms+1ms
D/dalvikvm( 1142): GC_CONCURRENT freed 395K, 79% free 1310K/6019K, paused 1ms+0ms
D/dalvikvm( 1142): GC_CONCURRENT freed 394K, 79% free 1311K/6019K, paused 0ms+1ms
D/dalvikvm( 1142): GC_CONCURRENT freed 393K, 77% free 1425K/6019K, paused 1ms+1ms
D/dalvikvm( 1142): GC_CONCURRENT freed 487K, 78% free 1324K/6019K, paused 1ms+1ms
D/dalvikvm( 1142): GC_CONCURRENT freed 394K, 78% free 1329K/6019K, paused 1ms+1ms
D/dalvikvm( 1142): GC_CONCURRENT freed 401K, 79% free 1321K/6019K, paused 1ms+1ms
D/dalvikvm( 1142): GC_CONCURRENT freed 396K, 77% free 1393K/6019K, paused 1ms+1ms
D/dalvikvm( 1142): GC_CONCURRENT freed 474K, 79% free 1312K/6019K, paused 1ms+1ms
D/dalvikvm( 1142): GC_CONCURRENT freed 394K, 79% free 1303K/6019K, paused 0ms+1ms
D/dalvikvm( 1142): GC_CONCURRENT freed 366K, 79% free 1324K/6019K, paused 1ms+1ms
D/dalvikvm( 1142): GC_CONCURRENT freed 391K, 78% free 1370K/6019K, paused 1ms+1ms
D/dalvikvm( 1142): GC_CONCURRENT freed 443K, 77% free 1438K/6019K, paused 1ms+1ms
D/dalvikvm( 1142): GC_CONCURRENT freed 518K, 79% free 1312K/6019K, paused 1ms+1ms
D/dalvikvm( 1142): GC_CONCURRENT freed 395K, 79% free 1320K/6019K, paused 1ms+1ms
D/dalvikvm( 1142): GC_CONCURRENT freed 393K, 78% free 1383K/6019K, paused 1ms+1ms
D/HomePlayerLib( 1142): hostaddress count is 2
D/dalvikvm( 1142): GC_CONCURRENT freed 478K, 77% free 1421K/6019K, paused 1ms+1ms
D/HomePlayerLib( 1142): hostaddress count is 2
D/dalvikvm( 1142): GC_CONCURRENT freed 497K, 77% free 1436K/6019K, paused 1ms+1ms
D/dalvikvm( 1142): GC_CONCURRENT freed 510K, 77% free 1438K/6019K, paused 1ms+0ms
D/dalvikvm( 1142): GC_CONCURRENT freed 493K, 75% free 1516K/6019K, paused 1ms+1ms
D/dalvikvm( 1142): GC_CONCURRENT freed 577K, 76% free 1456K/6019K, paused 1ms+1ms
D/dalvikvm( 1142): GC_CONCURRENT freed 510K, 77% free 1385K/6019K, paused 0ms+1ms
D/dalvikvm( 1142): GC_CONCURRENT freed 474K, 77% free 1429K/6019K, paused 1ms+1ms
D/dalvikvm( 1142): GC_CONCURRENT freed 504K, 76% free 1449K/6019K, paused 1ms+1ms
D/dalvikvm( 1142): GC_CONCURRENT freed 508K, 76% free 1474K/6019K, paused 0ms+1ms
D/dalvikvm( 1142): GC_CONCURRENT freed 542K, 77% free 1440K/6019K, paused 1ms+1ms
D/dalvikvm( 1142): GC_CONCURRENT freed 512K, 78% free 1332K/6019K, paused 1ms+1ms
D/dalvikvm( 1142): GC_CONCURRENT freed 394K, 77% free 1437K/6019K, paused 1ms+1ms
D/dalvikvm( 1142): GC_CONCURRENT freed 510K, 77% free 1426K/6019K, paused 1ms+1ms
D/dalvikvm( 1142): GC_CONCURRENT freed 499K, 77% free 1436K/6019K, paused 0ms+1ms
D/dalvikvm( 1142): GC_CONCURRENT freed 489K, 76% free 1451K/6019K, paused 1ms+1ms
D/dalvikvm( 1142): GC_CONCURRENT freed 511K, 77% free 1443K/6019K, paused 1ms+1ms
D/dalvikvm( 1142): GC_CONCURRENT freed 507K, 76% free 1445K/6019K, paused 1ms+2ms
D/dalvikvm( 1142): GC_CONCURRENT freed 520K, 78% free 1378K/6019K, paused 1ms+1ms
D/dalvikvm( 1142): GC_CONCURRENT freed 443K, 76% free 1446K/6019K, paused 1ms+1ms
D/dalvikvm( 1142): GC_CONCURRENT freed 498K, 76% free 1460K/6019K, paused 1ms+1ms
D/dalvikvm( 1142): GC_CONCURRENT freed 523K, 78% free 1377K/6019K, paused 1ms+1ms
D/dalvikvm( 1142): GC_CONCURRENT freed 531K, 79% free 1303K/6019K, paused 0ms+1ms
D/dalvikvm( 1142): GC_CONCURRENT freed 372K, 79% free 1324K/6019K, paused 1ms+1ms
D/dalvikvm( 1142): GC_CONCURRENT freed 393K, 78% free 1333K/6019K, paused 1ms+1ms
D/dalvikvm( 1142): GC_CONCURRENT freed 394K, 78% free 1324K/6019K, paused 1ms+1ms
D/dalvikvm( 1142): GC_CONCURRENT freed 393K, 78% free 1324K/6019K, paused 0ms+1ms
D/dalvikvm( 1142): GC_CONCURRENT freed 393K, 78% free 1325K/6019K, paused 0ms+1ms
D/dalvikvm( 1142): GC_CONCURRENT freed 402K, 78% free 1337K/6019K, paused 1ms+1ms
D/dalvikvm( 1142): GC_CONCURRENT freed 408K, 79% free 1323K/6019K, paused 1ms+1ms
D/dalvikvm( 1142): GC_CONCURRENT freed 392K, 79% free 1324K/6019K, paused 1ms+1ms
D/dalvikvm( 1142): GC_CONCURRENT freed 393K, 79% free 1324K/6019K, paused 1ms+1ms
D/dalvikvm( 1142): GC_CONCURRENT freed 392K, 78% free 1324K/6019K, paused 1ms+1ms
D/dalvikvm( 1142): GC_CONCURRENT freed 392K, 78% free 1325K/6019K, paused 1ms+1ms
D/dalvikvm( 1142): GC_CONCURRENT freed 393K, 78% free 1370K/6019K, paused 0ms+1ms
D/dalvikvm( 1142): GC_CONCURRENT freed 444K, 77% free 1438K/6019K, paused 1ms+1ms
D/dalvikvm( 1142): GC_CONCURRENT freed 517K, 79% free 1312K/6019K, paused 1ms+1ms
D/dalvikvm( 1142): GC_CONCURRENT freed 394K, 79% free 1312K/6019K, paused 1ms+1ms
D/dalvikvm( 1142): GC_CONCURRENT freed 392K, 78% free 1383K/6019K, paused 1ms+1ms
D/dalvikvm( 1142): GC_CONCURRENT freed 510K, 78% free 1383K/6019K, paused 1ms+1ms
D/dalvikvm( 1142): GC_CONCURRENT freed 462K, 79% free 1312K/6019K, paused 0ms+1ms
D/dalvikvm( 1142): GC_CONCURRENT freed 393K, 77% free 1419K/6019K, paused 1ms+1ms
D/dalvikvm( 1142): GC_CONCURRENT freed 551K, 78% free 1375K/6019K, paused 1ms+1ms
D/dalvikvm( 1142): GC_CONCURRENT freed 438K, 78% free 1324K/6019K, paused 1ms+1ms
D/dalvikvm( 1142): GC_CONCURRENT freed 394K, 77% free 1430K/6019K, paused 1ms+1ms
D/dalvikvm( 1142): GC_CONCURRENT freed 518K, 79% free 1305K/6019K, paused 1ms+1ms
D/dalvikvm( 1142): GC_CONCURRENT freed 370K, 77% free 1412K/6019K, paused 1ms+1ms
D/dalvikvm( 1142): GC_CONCURRENT freed 482K, 77% free 1430K/6019K, paused 1ms+1ms
D/dalvikvm( 1142): GC_CONCURRENT freed 502K, 78% free 1344K/6019K, paused 1ms+1ms
D/dalvikvm( 1142): GC_CONCURRENT freed 415K, 77% free 1438K/6019K, paused 0ms+1ms
D/dalvikvm( 1142): GC_CONCURRENT freed 517K, 77% free 1427K/6019K, paused 1ms+1ms
D/dalvikvm( 1142): GC_CONCURRENT freed 488K, 78% free 1330K/6019K, paused 1ms+1ms
D/dalvikvm( 1142): GC_CONCURRENT freed 405K, 79% free 1312K/6019K, paused 1ms+1ms
D/dalvikvm( 1142): GC_CONCURRENT freed 395K, 79% free 1310K/6019K, paused 0ms+1ms
D/dalvikvm( 1142): GC_CONCURRENT freed 393K, 79% free 1310K/6019K, paused 1ms+1ms
D/dalvikvm( 1142): GC_CONCURRENT freed 393K, 79% free 1311K/6019K, paused 1ms+1ms
D/dalvikvm( 1142): GC_CONCURRENT freed 394K, 79% free 1311K/6019K, paused 1ms+1ms
D/dalvikvm( 1142): GC_CONCURRENT freed 393K, 77% free 1424K/6019K, paused 1ms+1ms
D/dalvikvm( 1142): GC_CONCURRENT freed 497K, 79% free 1313K/6019K, paused 1ms+1ms
D/dalvikvm( 1142): GC_CONCURRENT freed 396K, 79% free 1311K/6019K, paused 1ms+1ms
D/dalvikvm( 1142): GC_CONCURRENT freed 394K, 79% free 1311K/6019K, paused 0ms+1ms
D/dalvikvm( 1142): GC_CONCURRENT freed 393K, 77% free 1425K/6019K, paused 1ms+1ms
D/dalvikvm( 1142): GC_CONCURRENT freed 487K, 78% free 1371K/6019K, paused 1ms+1ms
D/dalvikvm( 1142): GC_CONCURRENT freed 444K, 77% free 1423K/6019K, paused 1ms+1ms
D/dalvikvm( 1142): GC_CONCURRENT freed 489K, 77% free 1431K/6019K, paused 1ms+1ms
D/dalvikvm( 1142): GC_CONCURRENT freed 502K, 78% free 1344K/6019K, paused 1ms+1ms
D/dalvikvm( 1142): GC_CONCURRENT freed 419K, 79% free 1312K/6019K, paused 1ms+1ms
D/dalvikvm( 1142): GC_CONCURRENT freed 396K, 79% free 1310K/6019K, paused 1ms+1ms
D/dalvikvm( 1142): GC_CONCURRENT freed 392K, 79% free 1311K/6019K, paused 1ms+1ms
D/dalvikvm( 1142): GC_CONCURRENT freed 392K, 79% free 1311K/6019K, paused 1ms+1ms
D/dalvikvm( 1142): GC_CONCURRENT freed 393K, 79% free 1311K/6019K, paused 1ms+1ms
D/dalvikvm( 1142): GC_CONCURRENT freed 394K, 77% free 1424K/6019K, paused 0ms+1ms
D/dalvikvm( 1142): GC_CONCURRENT freed 498K, 77% free 1424K/6019K, paused 1ms+1ms
D/dalvikvm( 1142): GC_CONCURRENT freed 502K, 79% free 1310K/6019K, paused 1ms+0ms
D/HomePlayerLib( 1142): hostaddress count is 2
D/dalvikvm( 1142): GC_CONCURRENT freed 388K, 79% free 1321K/6019K, paused 1ms+0ms
D/dalvikvm( 1142): GC_CONCURRENT freed 401K, 77% free 1429K/6019K, paused 0ms+0ms
D/dalvikvm( 1142): GC_CONCURRENT freed 509K, 77% free 1425K/6019K, paused 0ms+1ms
D/dalvikvm( 1142): GC_CONCURRENT freed 498K, 77% free 1389K/6019K, paused 1ms+1ms
D/dalvikvm( 1142): GC_CONCURRENT freed 469K, 77% free 1431K/6019K, paused 1ms+1ms
D/dalvikvm( 1142): GC_CONCURRENT freed 472K, 76% free 1463K/6019K, paused 1ms+1ms
D/dalvikvm( 1142): GC_CONCURRENT freed 519K, 78% free 1328K/6019K, paused 1ms+1ms
D/dalvikvm( 1142): GC_CONCURRENT freed 403K, 78% free 1343K/6019K, paused 1ms+1ms
D/dalvikvm( 1142): GC_CONCURRENT freed 406K, 76% free 1449K/6019K, paused 1ms+1ms
D/dalvikvm( 1142): GC_CONCURRENT freed 529K, 77% free 1409K/6019K, paused 1ms+1ms
D/dalvikvm( 1142): GC_CONCURRENT freed 477K, 77% free 1389K/6019K, paused 1ms+1ms
D/dalvikvm( 1142): GC_CONCURRENT freed 456K, 77% free 1433K/6019K, paused 1ms+1ms
D/dalvikvm( 1142): GC_CONCURRENT freed 512K, 78% free 1376K/6019K, paused 1ms+1ms
D/dalvikvm( 1142): GC_CONCURRENT freed 457K, 77% free 1424K/6019K, paused 1ms+1ms
D/dalvikvm( 1142): GC_CONCURRENT freed 492K, 77% free 1431K/6019K, paused 1ms+1ms
D/dalvikvm( 1142): GC_CONCURRENT freed 502K, 78% free 1344K/6019K, paused 1ms+2ms
D/dalvikvm( 1142): GC_CONCURRENT freed 417K, 77% free 1396K/6019K, paused 0ms+1ms
D/dalvikvm( 1142): GC_CONCURRENT freed 476K, 79% free 1321K/6019K, paused 0ms+1ms
D/dalvikvm( 1142): GC_CONCURRENT freed 394K, 79% free 1311K/6019K, paused 1ms+1ms
D/dalvikvm( 1142): GC_CONCURRENT freed 393K, 77% free 1424K/6019K, paused 1ms+1ms
D/dalvikvm( 1142): GC_CONCURRENT freed 498K, 77% free 1438K/6019K, paused 0ms+1ms
D/dalvikvm( 1142): GC_CONCURRENT freed 517K, 79% free 1312K/6019K, paused 1ms+1ms
D/dalvikvm( 1142): GC_CONCURRENT freed 393K, 79% free 1320K/6019K, paused 1ms+1ms
D/dalvikvm( 1142): GC_CONCURRENT freed 393K, 78% free 1378K/6019K, paused 1ms+1ms
D/dalvikvm( 1142): GC_CONCURRENT freed 458K, 77% free 1422K/6019K, paused 1ms+1ms
D/dalvikvm( 1142): GC_CONCURRENT freed 491K, 77% free 1407K/6019K, paused 1ms+0ms
W/System.err( 1233): org.apache.http.conn.ConnectionPoolTimeoutException: Timeout waiting for connection
W/System.err( 1233):    at org.apache.http.impl.conn.tsccm.ConnPoolByRoute.getEntryBlocking(ConnPoolByRoute.java:353)
W/System.err( 1233):    at org.apache.http.impl.conn.tsccm.ConnPoolByRoute$1.getPoolEntry(ConnPoolByRoute.java:238)
W/System.err( 1233):    at org.apache.http.impl.conn.tsccm.ThreadSafeClientConnManager$1.getConnection(ThreadSafeClientConnManager.java:177)
W/System.err( 1233):    at org.apache.http.impl.client.DefaultRequestDirector.execute(DefaultRequestDirector.java:326)
W/System.err( 1233):    at org.apache.http.impl.client.AbstractHttpClient.execute(AbstractHttpClient.java:555)
W/System.err( 1233):    at org.apache.http.impl.client.AbstractHttpClient.execute(AbstractHttpClient.java:487)
W/System.err( 1233):    at org.apache.http.impl.client.AbstractHttpClient.execute(AbstractHttpClient.java:465)
W/System.err( 1233):    at com.fiship.cibn.common.NetworkUtil.isConnectToServerByHttp(NetworkUtil.java:39)
W/System.err( 1233):    at com.fiship.cibn.weather.WeatherTask.doInBackground(WeatherTask.java:184)
W/System.err( 1233):    at com.fiship.cibn.weather.WeatherTask.doInBackground(WeatherTask.java:31)
W/System.err( 1233):    at android.os.AsyncTask$2.call(AsyncTask.java:264)
W/System.err( 1233):    at java.util.concurrent.FutureTask$Sync.innerRun(FutureTask.java:305)
W/System.err( 1233):    at java.util.concurrent.FutureTask.run(FutureTask.java:137)
W/System.err( 1233):    at android.os.AsyncTask$SerialExecutor$1.run(AsyncTask.java:208)
W/System.err( 1233):    at java.util.concurrent.ThreadPoolExecutor.runWorker(ThreadPoolExecutor.java:1076)
W/System.err( 1233):    at java.util.concurrent.ThreadPoolExecutor$Worker.run(ThreadPoolExecutor.java:569)
W/System.err( 1233):    at java.lang.Thread.run(Thread.java:856)
E/WeatherTask( 1233): can't connect the url : http://php.weather.sina.com.cn/iframe/index/w_cl.php?day=1
D/dalvikvm( 1142): GC_CONCURRENT freed 473K, 78% free 1324K/6019K, paused 1ms+1ms
D/dalvikvm( 1142): GC_CONCURRENT freed 393K, 78% free 1324K/6019K, paused 1ms+1ms
D/dalvikvm( 1142): GC_CONCURRENT freed 404K, 79% free 1312K/6019K, paused 1ms+1ms
D/dalvikvm( 1142): GC_CONCURRENT freed 396K, 78% free 1336K/6019K, paused 1ms+1ms
D/dalvikvm( 1142): GC_CONCURRENT freed 407K, 77% free 1407K/6019K, paused 1ms+1ms
D/dalvikvm( 1142): GC_CONCURRENT freed 473K, 78% free 1325K/6019K, paused 1ms+1ms
D/dalvikvm( 1142): GC_CONCURRENT freed 393K, 78% free 1324K/6019K, paused 1ms+1ms
D/dalvikvm( 1142): GC_CONCURRENT freed 393K, 78% free 1329K/6019K, paused 0ms+1ms
D/dalvikvm( 1142): GC_CONCURRENT freed 400K, 77% free 1406K/6019K, paused 0ms+1ms
D/dalvikvm( 1142): GC_CONCURRENT freed 475K, 77% free 1406K/6019K, paused 0ms+1ms
D/dalvikvm( 1142): GC_CONCURRENT freed 475K, 78% free 1324K/6019K, paused 1ms+1ms
D/dalvikvm( 1142): GC_CONCURRENT freed 392K, 78% free 1329K/6019K, paused 1ms+1ms
D/dalvikvm( 1142): GC_CONCURRENT freed 403K, 79% free 1312K/6019K, paused 1ms+0ms
D/dalvikvm( 1142): GC_CONCURRENT freed 396K, 79% free 1319K/6019K, paused 1ms+1ms
D/dalvikvm( 1142): GC_CONCURRENT freed 394K, 79% free 1312K/6019K, paused 1ms+1ms
D/dalvikvm( 1142): GC_CONCURRENT freed 393K, 79% free 1311K/6019K, paused 1ms+0ms
D/dalvikvm( 1142): GC_CONCURRENT freed 392K, 79% free 1311K/6019K, paused 1ms+1ms
D/dalvikvm( 1142): GC_CONCURRENT freed 392K, 79% free 1312K/6019K, paused 0ms+1ms
D/dalvikvm( 1142): GC_CONCURRENT freed 393K, 79% free 1312K/6019K, paused 1ms+1ms
D/dalvikvm( 1142): GC_CONCURRENT freed 393K, 79% free 1312K/6019K, paused 1ms+1ms
D/dalvikvm( 1142): GC_CONCURRENT freed 398K, 79% free 1301K/6019K, paused 0ms+1ms
D/dalvikvm( 1142): GC_CONCURRENT freed 382K, 78% free 1325K/6019K, paused 1ms+1ms
D/dalvikvm( 1142): GC_CONCURRENT freed 396K, 78% free 1324K/6019K, paused 1ms+1ms
D/dalvikvm( 1142): GC_CONCURRENT freed 393K, 79% free 1324K/6019K, paused 0ms+1ms
D/dalvikvm( 1142): GC_CONCURRENT freed 405K, 79% free 1317K/6019K, paused 1ms+2ms
D/HomePlayerLib( 1142): hostaddress count is 2
D/dalvikvm( 1142): GC_CONCURRENT freed 377K, 76% free 1450K/6019K, paused 1ms+2ms
D/dalvikvm( 1142): GC_CONCURRENT freed 528K, 78% free 1363K/6019K, paused 1ms+1ms
D/dalvikvm( 1142): GC_CONCURRENT freed 445K, 79% free 1310K/6019K, paused 1ms+1ms
D/dalvikvm( 1142): GC_CONCURRENT freed 389K, 79% free 1315K/6019K, paused 1ms+1ms
D/dalvikvm( 1142): GC_CONCURRENT freed 375K, 78% free 1375K/6019K, paused 0ms+1ms
D/dalvikvm( 1142): GC_CONCURRENT freed 436K, 78% free 1330K/6019K, paused 0ms+1ms
D/dalvikvm( 1142): GC_CONCURRENT freed 426K, 78% free 1380K/6019K, paused 0ms+1ms
D/dalvikvm( 1142): GC_CONCURRENT freed 435K, 78% free 1356K/6019K, paused 0ms+1ms
D/dalvikvm( 1142): GC_CONCURRENT freed 427K, 77% free 1440K/6019K, paused 1ms+1ms
D/dalvikvm( 1142): GC_CONCURRENT freed 641K, 79% free 1307K/6019K, paused 0ms+1ms
D/dalvikvm( 1142): GC_CONCURRENT freed 370K, 77% free 1410K/6019K, paused 1ms+1ms
D/dalvikvm( 1142): GC_CONCURRENT freed 487K, 74% free 1597K/6019K, paused 1ms+1ms
D/dalvikvm( 1142): GC_CONCURRENT freed 676K, 77% free 1433K/6019K, paused 0ms+1ms
D/dalvikvm( 1142): GC_CONCURRENT freed 512K, 77% free 1431K/6019K, paused 1ms+1ms
D/dalvikvm( 1142): GC_CONCURRENT freed 489K, 76% free 1454K/6019K, paused 1ms+1ms
D/dalvikvm( 1142): GC_CONCURRENT freed 525K, 77% free 1440K/6019K, paused 0ms+1ms
D/dalvikvm( 1142): GC_CONCURRENT freed 516K, 77% free 1431K/6019K, paused 1ms+1ms
D/dalvikvm( 1142): GC_CONCURRENT freed 487K, 76% free 1452K/6019K, paused 0ms+1ms
D/dalvikvm( 1142): GC_CONCURRENT freed 505K, 78% free 1341K/6019K, paused 1ms+1ms
D/dalvikvm( 1142): GC_CONCURRENT freed 415K, 79% free 1315K/6019K, paused 1ms+1ms
D/dalvikvm( 1142): GC_CONCURRENT freed 377K, 78% free 1325K/6019K, paused 1ms+1ms
D/dalvikvm( 1142): GC_CONCURRENT freed 395K, 77% free 1411K/6019K, paused 1ms+1ms
D/dalvikvm( 1142): GC_FOR_ALLOC freed 619K, 79% free 1303K/6019K, paused 11ms
D/dalvikvm( 1142): GC_CONCURRENT freed 10K, 79% free 1319K/6019K, paused 1ms+1ms
D/dalvikvm( 1142): GC_CONCURRENT freed 388K, 78% free 1324K/6019K, paused 0ms+1ms
D/dalvikvm( 1142): GC_CONCURRENT freed 393K, 77% free 1429K/6019K, paused 1ms+1ms
D/dalvikvm( 1142): GC_CONCURRENT freed 498K, 77% free 1424K/6019K, paused 1ms+1ms
D/dalvikvm( 1142): GC_CONCURRENT freed 504K, 79% free 1321K/6019K, paused 1ms+1ms
D/dalvikvm( 1142): GC_CONCURRENT freed 406K, 78% free 1324K/6019K, paused 1ms+1ms
D/dalvikvm( 1142): GC_CONCURRENT freed 393K, 78% free 1324K/6019K, paused 1ms+1ms
D/dalvikvm( 1142): GC_CONCURRENT freed 393K, 78% free 1325K/6019K, paused 1ms+1ms
D/dalvikvm( 1142): GC_CONCURRENT freed 443K, 79% free 1301K/6019K, paused 1ms+1ms
D/dalvikvm( 1142): GC_CONCURRENT freed 369K, 79% free 1324K/6019K, paused 1ms+1ms
D/dalvikvm( 1142): GC_CONCURRENT freed 392K, 79% free 1323K/6019K, paused 0ms+1ms
D/dalvikvm( 1142): GC_CONCURRENT freed 393K, 78% free 1324K/6019K, paused 1ms+1ms
D/dalvikvm( 1142): GC_CONCURRENT freed 419K, 77% free 1404K/6019K, paused 1ms+1ms
D/dalvikvm( 1142): GC_CONCURRENT freed 487K, 79% free 1309K/6019K, paused 1ms+1ms
D/dalvikvm( 1142): GC_CONCURRENT freed 379K, 77% free 1432K/6019K, paused 1ms+1ms
D/dalvikvm( 1142): GC_CONCURRENT freed 515K, 77% free 1423K/6019K, paused 1ms+1ms
D/dalvikvm( 1142): GC_CONCURRENT freed 508K, 79% free 1315K/6019K, paused 1ms+1ms
D/dalvikvm( 1142): GC_CONCURRENT freed 386K, 77% free 1410K/6019K, paused 1ms+1ms
D/dalvikvm( 1142): GC_CONCURRENT freed 477K, 78% free 1324K/6019K, paused 2ms+1ms
D/dalvikvm( 1142): GC_CONCURRENT freed 393K, 79% free 1323K/6019K, paused 1ms+1ms
D/dalvikvm( 1142): GC_CONCURRENT freed 392K, 77% free 1411K/6019K, paused 1ms+1ms
D/dalvikvm( 1142): GC_CONCURRENT freed 484K, 75% free 1528K/6019K, paused 1ms+1ms
D/dalvikvm( 1142): GC_CONCURRENT freed 599K, 77% free 1385K/6019K, paused 1ms+1ms
D/dalvikvm( 1142): GC_CONCURRENT freed 458K, 77% free 1438K/6019K, paused 1ms+1ms
D/dalvikvm( 1142): GC_CONCURRENT freed 517K, 77% free 1394K/6019K, paused 1ms+2ms
D/dalvikvm( 1142): GC_CONCURRENT freed 475K, 79% free 1312K/6019K, paused 0ms+1ms
D/dalvikvm( 1142): GC_CONCURRENT freed 399K, 79% free 1315K/6019K, paused 1ms+1ms
D/dalvikvm( 1142): GC_CONCURRENT freed 385K, 78% free 1324K/6019K, paused 1ms+1ms
D/dalvikvm( 1142): GC_CONCURRENT freed 407K, 76% free 1481K/6019K, paused 1ms+1ms
D/HomePlayerLib( 1142): hostaddress count is 2
D/dalvikvm( 1142): GC_CONCURRENT freed 548K, 77% free 1436K/6019K, paused 1ms+1ms
D/dalvikvm( 1142): GC_CONCURRENT freed 506K, 77% free 1429K/6019K, paused 1ms+1ms
D/dalvikvm( 1142): GC_CONCURRENT freed 487K, 78% free 1373K/6019K, paused 1ms+1ms
D/dalvikvm( 1142): GC_CONCURRENT freed 453K, 78% free 1328K/6019K, paused 1ms+1ms
D/dalvikvm( 1142): GC_CONCURRENT freed 395K, 77% free 1409K/6019K, paused 1ms+1ms
D/dalvikvm( 1142): GC_CONCURRENT freed 472K, 77% free 1413K/6019K, paused 1ms+1ms
D/dalvikvm( 1142): GC_CONCURRENT freed 472K, 78% free 1328K/6019K, paused 1ms+1ms
D/dalvikvm( 1142): GC_CONCURRENT freed 360K, 78% free 1355K/6019K, paused 1ms+1ms
D/dalvikvm( 1142): GC_CONCURRENT freed 425K, 78% free 1327K/6019K, paused 1ms+1ms
D/dalvikvm( 1142): GC_CONCURRENT freed 392K, 78% free 1328K/6019K, paused 1ms+1ms
D/dalvikvm( 1142): GC_CONCURRENT freed 394K, 75% free 1506K/6019K, paused 1ms+1ms
D/dalvikvm( 1142): GC_CONCURRENT freed 570K, 77% free 1444K/6019K, paused 1ms+1ms
D/dalvikvm( 1142): GC_CONCURRENT freed 524K, 77% free 1427K/6019K, paused 1ms+1ms
D/dalvikvm( 1142): GC_CONCURRENT freed 467K, 76% free 1469K/6019K, paused 1ms+1ms
D/dalvikvm( 1142): GC_CONCURRENT freed 547K, 78% free 1329K/6019K, paused 1ms+2ms
D/dalvikvm( 1142): GC_CONCURRENT freed 395K, 78% free 1328K/6019K, paused 1ms+1ms
D/dalvikvm( 1142): GC_CONCURRENT freed 392K, 78% free 1328K/6019K, paused 0ms+1ms
D/dalvikvm( 1142): GC_CONCURRENT freed 405K, 78% free 1366K/6019K, paused 1ms+1ms
D/dalvikvm( 1142): GC_CONCURRENT freed 435K, 78% free 1324K/6019K, paused 1ms+1ms
D/dalvikvm( 1142): GC_CONCURRENT freed 405K, 79% free 1312K/6019K, paused 0ms+1ms
D/dalvikvm( 1142): GC_CONCURRENT freed 396K, 77% free 1426K/6019K, paused 1ms+1ms
D/dalvikvm( 1142): GC_CONCURRENT freed 488K, 76% free 1449K/6019K, paused 0ms+1ms
D/dalvikvm( 1142): GC_CONCURRENT freed 523K, 77% free 1424K/6019K, paused 1ms+1ms
D/dalvikvm( 1142): GC_CONCURRENT freed 491K, 77% free 1431K/6019K, paused 1ms+1ms
D/dalvikvm( 1142): GC_CONCURRENT freed 502K, 78% free 1344K/6019K, paused 1ms+1ms
D/dalvikvm( 1142): GC_CONCURRENT freed 418K, 79% free 1312K/6019K, paused 1ms+1ms
D/dalvikvm( 1142): GC_CONCURRENT freed 392K, 76% free 1485K/6019K, paused 1ms+1ms
D/dalvikvm( 1142): GC_CONCURRENT freed 551K, 78% free 1372K/6019K, paused 1ms+1ms
D/dalvikvm( 1142): GC_CONCURRENT freed 444K, 77% free 1438K/6019K, paused 0ms+1ms
D/dalvikvm( 1142): GC_CONCURRENT freed 517K, 77% free 1420K/6019K, paused 1ms+1ms
D/dalvikvm( 1142): GC_CONCURRENT freed 486K, 78% free 1330K/6019K, paused 1ms+1ms
W/System.err( 1233): org.apache.http.conn.ConnectionPoolTimeoutException: Timeout waiting for connection
W/System.err( 1233):    at org.apache.http.impl.conn.tsccm.ConnPoolByRoute.getEntryBlocking(ConnPoolByRoute.java:353)
W/System.err( 1233):    at org.apache.http.impl.conn.tsccm.ConnPoolByRoute$1.getPoolEntry(ConnPoolByRoute.java:238)
W/System.err( 1233):    at org.apache.http.impl.conn.tsccm.ThreadSafeClientConnManager$1.getConnection(ThreadSafeClientConnManager.java:177)
W/System.err( 1233):    at org.apache.http.impl.client.DefaultRequestDirector.execute(DefaultRequestDirector.java:326)
W/System.err( 1233):    at org.apache.http.impl.client.AbstractHttpClient.execute(AbstractHttpClient.java:555)
W/System.err( 1233):    at org.apache.http.impl.client.AbstractHttpClient.execute(AbstractHttpClient.java:487)
W/System.err( 1233):    at org.apache.http.impl.client.AbstractHttpClient.execute(AbstractHttpClient.java:465)
W/System.err( 1233):    at com.fiship.cibn.common.NetworkUtil.isConnectToServerByHttp(NetworkUtil.java:39)
W/System.err( 1233):    at com.fiship.cibn.weather.WeatherTask.doInBackground(WeatherTask.java:184)
W/System.err( 1233):    at com.fiship.cibn.weather.WeatherTask.doInBackground(WeatherTask.java:31)
W/System.err( 1233):    at android.os.AsyncTask$2.call(AsyncTask.java:264)
W/System.err( 1233):    at java.util.concurrent.FutureTask$Sync.innerRun(FutureTask.java:305)
W/System.err( 1233):    at java.util.concurrent.FutureTask.run(FutureTask.java:137)
W/System.err( 1233):    at android.os.AsyncTask$SerialExecutor$1.run(AsyncTask.java:208)
W/System.err( 1233):    at java.util.concurrent.ThreadPoolExecutor.runWorker(ThreadPoolExecutor.java:1076)
W/System.err( 1233):    at java.util.concurrent.ThreadPoolExecutor$Worker.run(ThreadPoolExecutor.java:569)
W/System.err( 1233):    at java.lang.Thread.run(Thread.java:856)
E/WeatherTask( 1233): can't connect the url : http://php.weather.sina.com.cn/iframe/index/w_cl.php?day=1
D/dalvikvm( 1142): GC_CONCURRENT freed 403K, 77% free 1437K/6019K, paused 1ms+1ms
D/dalvikvm( 1142): GC_CONCURRENT freed 516K, 78% free 1379K/6019K, paused 1ms+1ms
D/dalvikvm( 1142): GC_CONCURRENT freed 447K, 78% free 1371K/6019K, paused 1ms+1ms
D/dalvikvm( 1142): GC_CONCURRENT freed 443K, 79% free 1312K/6019K, paused 1ms+1ms
D/dalvikvm( 1142): GC_CONCURRENT freed 395K, 77% free 1420K/6019K, paused 1ms+1ms
D/dalvikvm( 1142): GC_CONCURRENT freed 488K, 77% free 1431K/6019K, paused 0ms+1ms
D/dalvikvm( 1142): GC_CONCURRENT freed 513K, 79% free 1310K/6019K, paused 1ms+1ms
D/dalvikvm( 1142): GC_CONCURRENT freed 381K, 76% free 1450K/6019K, paused 1ms+1ms
D/dalvikvm( 1142): GC_CONCURRENT freed 515K, 78% free 1325K/6019K, paused 1ms+2ms
D/dalvikvm( 1142): GC_CONCURRENT freed 393K, 78% free 1324K/6019K, paused 1ms+2ms
D/dalvikvm( 1142): GC_CONCURRENT freed 393K, 78% free 1324K/6019K, paused 1ms+1ms
D/dalvikvm( 1142): GC_CONCURRENT freed 393K, 78% free 1329K/6019K, paused 1ms+1ms
D/dalvikvm( 1142): GC_CONCURRENT freed 405K, 79% free 1321K/6019K, paused 1ms+1ms
D/dalvikvm( 1142): GC_CONCURRENT freed 407K, 79% free 1307K/6019K, paused 1ms+1ms
D/dalvikvm( 1142): GC_CONCURRENT freed 380K, 79% free 1320K/6019K, paused 1ms+1ms
D/dalvikvm( 1142): GC_CONCURRENT freed 393K, 79% free 1320K/6019K, paused 1ms+1ms
D/dalvikvm( 1142): GC_CONCURRENT freed 393K, 79% free 1320K/6019K, paused 1ms+1ms
D/dalvikvm( 1142): GC_CONCURRENT freed 393K, 79% free 1320K/6019K, paused 1ms+1ms
D/dalvikvm( 1142): GC_CONCURRENT freed 393K, 79% free 1320K/6019K, paused 1ms+1ms
D/dalvikvm( 1142): GC_CONCURRENT freed 404K, 78% free 1325K/6019K, paused 1ms+2ms
D/dalvikvm( 1142): GC_CONCURRENT freed 403K, 79% free 1321K/6019K, paused 2ms+1ms
D/dalvikvm( 1142): GC_CONCURRENT freed 396K, 79% free 1310K/6019K, paused 1ms+1ms
D/dalvikvm( 1142): GC_CONCURRENT freed 394K, 78% free 1336K/6019K, paused 1ms+1ms
D/dalvikvm( 1142): GC_CONCURRENT freed 407K, 77% free 1429K/6019K, paused 0ms+1ms
D/HomePlayerLib( 1142): hostaddress count is 2
D/dalvikvm( 1142): GC_CONCURRENT freed 497K, 77% free 1436K/6019K, paused 1ms+1ms
D/dalvikvm( 1142): GC_CONCURRENT freed 504K, 77% free 1428K/6019K, paused 1ms+2ms
D/dalvikvm( 1142): GC_CONCURRENT freed 498K, 78% free 1356K/6019K, paused 1ms+1ms
D/dalvikvm( 1142): GC_CONCURRENT freed 428K, 78% free 1344K/6019K, paused 0ms+1ms
D/dalvikvm( 1142): GC_CONCURRENT freed 421K, 78% free 1325K/6019K, paused 1ms+1ms
D/dalvikvm( 1142): GC_CONCURRENT freed 373K, 78% free 1354K/6019K, paused 1ms+1ms
D/dalvikvm( 1142): GC_CONCURRENT freed 424K, 76% free 1470K/6019K, paused 1ms+1ms
D/dalvikvm( 1142): GC_CONCURRENT freed 536K, 78% free 1332K/6019K, paused 0ms+1ms
D/dalvikvm( 1142): GC_CONCURRENT freed 404K, 79% free 1314K/6019K, paused 1ms+1ms
D/dalvikvm( 1142): GC_CONCURRENT freed 492K, 78% free 1325K/6019K, paused 0ms+1ms
D/dalvikvm( 1142): GC_CONCURRENT freed 394K, 77% free 1406K/6019K, paused 1ms+1ms
D/dalvikvm( 1142): GC_CONCURRENT freed 467K, 77% free 1412K/6019K, paused 1ms+1ms
D/dalvikvm( 1142): GC_CONCURRENT freed 491K, 78% free 1327K/6019K, paused 1ms+1ms
D/dalvikvm( 1142): GC_CONCURRENT freed 392K, 78% free 1331K/6019K, paused 1ms+1ms
D/dalvikvm( 1142): GC_CONCURRENT freed 394K, 78% free 1328K/6019K, paused 1ms+0ms
D/dalvikvm( 1142): GC_CONCURRENT freed 392K, 78% free 1326K/6019K, paused 1ms+1ms
D/dalvikvm( 1142): GC_CONCURRENT freed 392K, 78% free 1350K/6019K, paused 1ms+1ms
D/dalvikvm( 1142): GC_CONCURRENT freed 409K, 76% free 1452K/6019K, paused 1ms+1ms
D/dalvikvm( 1142): GC_CONCURRENT freed 521K, 77% free 1435K/6019K, paused 1ms+2ms
D/dalvikvm( 1142): GC_CONCURRENT freed 527K, 79% free 1304K/6019K, paused 1ms+1ms
D/dalvikvm( 1142): GC_CONCURRENT freed 373K, 78% free 1327K/6019K, paused 1ms+1ms
D/dalvikvm( 1142): GC_CONCURRENT freed 397K, 79% free 1323K/6019K, paused 1ms+1ms
D/dalvikvm( 1142): GC_CONCURRENT freed 393K, 77% free 1436K/6019K, paused 1ms+1ms
D/dalvikvm( 1142): GC_CONCURRENT freed 496K, 77% free 1433K/6019K, paused 1ms+1ms
D/dalvikvm( 1142): GC_CONCURRENT freed 511K, 78% free 1344K/6019K, paused 1ms+1ms
D/dalvikvm( 1142): GC_CONCURRENT freed 426K, 76% free 1455K/6019K, paused 1ms+1ms
D/dalvikvm( 1142): GC_CONCURRENT freed 537K, 79% free 1301K/6019K, paused 1ms+1ms
D/dalvikvm( 1142): GC_CONCURRENT freed 387K, 79% free 1299K/6019K, paused 1ms+1ms
D/dalvikvm( 1142): GC_CONCURRENT freed 382K, 78% free 1325K/6019K, paused 0ms+1ms
D/dalvikvm( 1142): GC_CONCURRENT freed 396K, 79% free 1324K/6019K, paused 1ms+1ms
D/dalvikvm( 1142): GC_CONCURRENT freed 394K, 79% free 1324K/6019K, paused 1ms+1ms
D/dalvikvm( 1142): GC_CONCURRENT freed 394K, 76% free 1493K/6019K, paused 1ms+1ms
D/dalvikvm( 1142): GC_CONCURRENT freed 564K, 77% free 1439K/6019K, paused 1ms+2ms
D/dalvikvm( 1142): GC_CONCURRENT freed 518K, 77% free 1427K/6019K, paused 1ms+1ms
D/dalvikvm( 1142): GC_CONCURRENT freed 488K, 78% free 1330K/6019K, paused 1ms+1ms
D/dalvikvm( 1142): GC_CONCURRENT freed 405K, 77% free 1421K/6019K, paused 1ms+1ms
D/dalvikvm( 1142): GC_CONCURRENT freed 490K, 77% free 1431K/6019K, paused 1ms+1ms
D/dalvikvm( 1142): GC_CONCURRENT freed 513K, 78% free 1331K/6019K, paused 1ms+1ms
D/dalvikvm( 1142): GC_CONCURRENT freed 404K, 79% free 1312K/6019K, paused 1ms+1ms
D/dalvikvm( 1142): GC_CONCURRENT freed 396K, 77% free 1426K/6019K, paused 1ms+1ms
D/dalvikvm( 1142): GC_CONCURRENT freed 488K, 76% free 1449K/6019K, paused 1ms+1ms
D/dalvikvm( 1142): GC_CONCURRENT freed 525K, 79% free 1313K/6019K, paused 1ms+1ms
D/dalvikvm( 1142): GC_CONCURRENT freed 396K, 76% free 1459K/6019K, paused 1ms+1ms
D/dalvikvm( 1142): GC_CONCURRENT freed 528K, 78% free 1325K/6019K, paused 1ms+1ms
D/dalvikvm( 1142): GC_CONCURRENT freed 394K, 79% free 1324K/6019K, paused 1ms+1ms
D/dalvikvm( 1142): GC_CONCURRENT freed 393K, 78% free 1329K/6019K, paused 1ms+1ms
D/dalvikvm( 1142): GC_CONCURRENT freed 467K, 78% free 1371K/6019K, paused 1ms+1ms
D/HomePlayerLib( 1142): hostaddress count is 2
D/dalvikvm( 1142): GC_CONCURRENT freed 423K, 76% free 1458K/6019K, paused 1ms+1ms
D/dalvikvm( 1142): GC_CONCURRENT freed 547K, 77% free 1411K/6019K, paused 1ms+0ms
D/dalvikvm( 1142): GC_CONCURRENT freed 481K, 77% free 1420K/6019K, paused 1ms+1ms
D/dalvikvm( 1142): GC_CONCURRENT freed 486K, 78% free 1348K/6019K, paused 1ms+1ms
D/dalvikvm( 1142): GC_CONCURRENT freed 413K, 78% free 1329K/6019K, paused 1ms+1ms
D/dalvikvm( 1142): GC_CONCURRENT freed 396K, 77% free 1434K/6019K, paused 1ms+1ms
D/dalvikvm( 1142): GC_CONCURRENT freed 514K, 79% free 1311K/6019K, paused 1ms+1ms
D/dalvikvm( 1142): GC_CONCURRENT freed 391K, 78% free 1375K/6019K, paused 1ms+1ms
D/dalvikvm( 1142): GC_CONCURRENT freed 452K, 77% free 1434K/6019K, paused 1ms+1ms
D/dalvikvm( 1142): GC_CONCURRENT freed 508K, 77% free 1431K/6019K, paused 1ms+1ms
D/dalvikvm( 1142): GC_CONCURRENT freed 502K, 77% free 1440K/6019K, paused 1ms+1ms
D/dalvikvm( 1142): GC_CONCURRENT freed 532K, 77% free 1441K/6019K, paused 1ms+1ms
D/dalvikvm( 1142): GC_CONCURRENT freed 521K, 78% free 1333K/6019K, paused 1ms+1ms
D/dalvikvm( 1142): GC_CONCURRENT freed 403K, 77% free 1441K/6019K, paused 1ms+1ms
D/dalvikvm( 1142): GC_CONCURRENT freed 516K, 77% free 1431K/6019K, paused 1ms+1ms
D/dalvikvm( 1142): GC_CONCURRENT freed 481K, 76% free 1462K/6019K, paused 1ms+1ms
D/dalvikvm( 1142): GC_CONCURRENT freed 533K, 78% free 1325K/6019K, paused 0ms+1ms
D/dalvikvm( 1142): GC_CONCURRENT freed 417K, 78% free 1334K/6019K, paused 1ms+1ms
D/dalvikvm( 1142): GC_CONCURRENT freed 410K, 79% free 1313K/6019K, paused 1ms+1ms
D/dalvikvm( 1142): GC_CONCURRENT freed 376K, 78% free 1326K/6019K, paused 1ms+1ms
D/dalvikvm( 1142): GC_CONCURRENT freed 393K, 78% free 1347K/6019K, paused 1ms+1ms
D/dalvikvm( 1142): GC_CONCURRENT freed 417K, 78% free 1326K/6019K, paused 1ms+2ms
D/dalvikvm( 1142): GC_CONCURRENT freed 396K, 79% free 1324K/6019K, paused 1ms+1ms
D/dalvikvm( 1142): GC_CONCURRENT freed 394K, 79% free 1324K/6019K, paused 1ms+1ms
D/dalvikvm( 1142): GC_CONCURRENT freed 394K, 78% free 1324K/6019K, paused 1ms+1ms
D/dalvikvm( 1142): GC_CONCURRENT freed 393K, 78% free 1324K/6019K, paused 1ms+1ms
D/dalvikvm( 1142): GC_CONCURRENT freed 393K, 78% free 1324K/6019K, paused 1ms+1ms
D/dalvikvm( 1142): GC_CONCURRENT freed 441K, 79% free 1302K/6019K, paused 0ms+1ms
D/dalvikvm( 1142): GC_CONCURRENT freed 386K, 77% free 1409K/6019K, paused 0ms+1ms
D/dalvikvm( 1142): GC_CONCURRENT freed 477K, 77% free 1430K/6019K, paused 1ms+1ms
D/dalvikvm( 1142): GC_CONCURRENT freed 502K, 79% free 1313K/6019K, paused 1ms+1ms
D/dalvikvm( 1142): GC_CONCURRENT freed 398K, 79% free 1313K/6019K, paused 1ms+1ms
D/dalvikvm( 1142): GC_CONCURRENT freed 383K, 77% free 1432K/6019K, paused 1ms+1ms
D/dalvikvm( 1142): GC_CONCURRENT freed 516K, 77% free 1423K/6019K, paused 1ms+1ms
D/dalvikvm( 1142): GC_CONCURRENT freed 508K, 79% free 1299K/6019K, paused 1ms+1ms
D/dalvikvm( 1142): GC_CONCURRENT freed 383K, 77% free 1424K/6019K, paused 1ms+1ms
D/dalvikvm( 1142): GC_CONCURRENT freed 503K, 77% free 1422K/6019K, paused 1ms+1ms
D/dalvikvm( 1142): GC_CONCURRENT freed 488K, 78% free 1326K/6019K, paused 1ms+1ms
D/dalvikvm( 1142): GC_CONCURRENT freed 405K, 79% free 1321K/6019K, paused 1ms+2ms
D/dalvikvm( 1142): GC_CONCURRENT freed 396K, 79% free 1319K/6019K, paused 1ms+1ms
D/dalvikvm( 1142): GC_CONCURRENT freed 405K, 79% free 1308K/6019K, paused 1ms+1ms
D/dalvikvm( 1142): GC_CONCURRENT freed 393K, 79% free 1324K/6019K, paused 1ms+1ms
D/dalvikvm( 1142): GC_CONCURRENT freed 393K, 78% free 1324K/6019K, paused 1ms+1ms
D/dalvikvm( 1142): GC_CONCURRENT freed 393K, 78% free 1324K/6019K, paused 1ms+1ms
D/dalvikvm( 1142): GC_CONCURRENT freed 393K, 78% free 1324K/6019K, paused 1ms+1ms
D/dalvikvm( 1142): GC_CONCURRENT freed 393K, 78% free 1325K/6019K, paused 1ms+1ms
W/System.err( 1233): org.apache.http.conn.ConnectionPoolTimeoutException: Timeout waiting for connection
W/System.err( 1233):    at org.apache.http.impl.conn.tsccm.ConnPoolByRoute.getEntryBlocking(ConnPoolByRoute.java:353)
W/System.err( 1233):    at org.apache.http.impl.conn.tsccm.ConnPoolByRoute$1.getPoolEntry(ConnPoolByRoute.java:238)
W/System.err( 1233):    at org.apache.http.impl.conn.tsccm.ThreadSafeClientConnManager$1.getConnection(ThreadSafeClientConnManager.java:177)
W/System.err( 1233):    at org.apache.http.impl.client.DefaultRequestDirector.execute(DefaultRequestDirector.java:326)
W/System.err( 1233):    at org.apache.http.impl.client.AbstractHttpClient.execute(AbstractHttpClient.java:555)
W/System.err( 1233):    at org.apache.http.impl.client.AbstractHttpClient.execute(AbstractHttpClient.java:487)
W/System.err( 1233):    at org.apache.http.impl.client.AbstractHttpClient.execute(AbstractHttpClient.java:465)
W/System.err( 1233):    at com.fiship.cibn.common.NetworkUtil.isConnectToServerByHttp(NetworkUtil.java:39)
W/System.err( 1233):    at com.fiship.cibn.weather.WeatherTask.doInBackground(WeatherTask.java:184)
W/System.err( 1233):    at com.fiship.cibn.weather.WeatherTask.doInBackground(WeatherTask.java:31)
W/System.err( 1233):    at android.os.AsyncTask$2.call(AsyncTask.java:264)
W/System.err( 1233):    at java.util.concurrent.FutureTask$Sync.innerRun(FutureTask.java:305)
W/System.err( 1233):    at java.util.concurrent.FutureTask.run(FutureTask.java:137)
W/System.err( 1233):    at android.os.AsyncTask$SerialExecutor$1.run(AsyncTask.java:208)
W/System.err( 1233):    at java.util.concurrent.ThreadPoolExecutor.runWorker(ThreadPoolExecutor.java:1076)
W/System.err( 1233):    at java.util.concurrent.ThreadPoolExecutor$Worker.run(ThreadPoolExecutor.java:569)
W/System.err( 1233):    at java.lang.Thread.run(Thread.java:856)
E/WeatherTask( 1233): can't connect the url : http://php.weather.sina.com.cn/iframe/index/w_cl.php?day=1
D/dalvikvm( 1142): GC_CONCURRENT freed 401K, 78% free 1337K/6019K, paused 1ms+1ms
D/dalvikvm( 1142): GC_CONCURRENT freed 409K, 78% free 1324K/6019K, paused 1ms+1ms
D/dalvikvm( 1142): GC_CONCURRENT freed 394K, 79% free 1324K/6019K, paused 1ms+1ms
D/dalvikvm( 1142): GC_CONCURRENT freed 394K, 79% free 1324K/6019K, paused 1ms+1ms
D/dalvikvm( 1142): GC_CONCURRENT freed 394K, 78% free 1324K/6019K, paused 1ms+1ms
D/dalvikvm( 1142): GC_CONCURRENT freed 392K, 78% free 1324K/6019K, paused 1ms+1ms
D/dalvikvm( 1142): GC_CONCURRENT freed 392K, 78% free 1324K/6019K, paused 1ms+1ms
D/dalvikvm( 1142): GC_CONCURRENT freed 393K, 78% free 1324K/6019K, paused 1ms+1ms
D/dalvikvm( 1142): GC_CONCURRENT freed 404K, 77% free 1437K/6019K, paused 1ms+1ms
D/dalvikvm( 1142): GC_CONCURRENT freed 518K, 77% free 1420K/6019K, paused 1ms+1ms
D/dalvikvm( 1142): GC_CONCURRENT freed 487K, 78% free 1330K/6019K, paused 1ms+1ms
D/dalvikvm( 1142): GC_CONCURRENT freed 404K, 77% free 1437K/6019K, paused 1ms+1ms
D/dalvikvm( 1142): GC_CONCURRENT freed 517K, 77% free 1420K/6019K, paused 1ms+1ms
D/HomePlayerLib( 1142): hostaddress count is 2
D/dalvikvm( 1142): GC_CONCURRENT freed 506K, 77% free 1420K/6019K, paused 1ms+1ms
D/dalvikvm( 1142): GC_CONCURRENT freed 480K, 76% free 1449K/6019K, paused 1ms+1ms
D/dalvikvm( 1142): GC_CONCURRENT freed 534K, 79% free 1300K/6019K, paused 1ms+1ms
D/dalvikvm( 1142): GC_CONCURRENT freed 373K, 79% free 1312K/6019K, paused 1ms+1ms
D/dalvikvm( 1142): GC_CONCURRENT freed 377K, 78% free 1350K/6019K, paused 1ms+2ms
D/dalvikvm( 1142): GC_CONCURRENT freed 419K, 76% free 1450K/6019K, paused 1ms+1ms
D/dalvikvm( 1142): GC_CONCURRENT freed 513K, 77% free 1436K/6019K, paused 1ms+1ms
D/dalvikvm( 1142): GC_CONCURRENT freed 496K, 78% free 1329K/6019K, paused 1ms+1ms
D/dalvikvm( 1142): GC_CONCURRENT freed 395K, 76% free 1483K/6019K, paused 0ms+1ms
D/dalvikvm( 1142): GC_CONCURRENT freed 554K, 78% free 1331K/6019K, paused 1ms+1ms
D/dalvikvm( 1142): GC_CONCURRENT freed 524K, 79% free 1319K/6019K, paused 1ms+1ms
D/dalvikvm( 1142): GC_CONCURRENT freed 396K, 79% free 1312K/6019K, paused 1ms+1ms
D/dalvikvm( 1142): GC_CONCURRENT freed 389K, 77% free 1434K/6019K, paused 1ms+1ms
D/dalvikvm( 1142): GC_CONCURRENT freed 515K, 77% free 1428K/6019K, paused 1ms+1ms
D/dalvikvm( 1142): GC_CONCURRENT freed 490K, 76% free 1447K/6019K, paused 0ms+1ms
D/dalvikvm( 1142): GC_CONCURRENT freed 519K, 77% free 1438K/6019K, paused 1ms+1ms
D/dalvikvm( 1142): GC_CONCURRENT freed 504K, 77% free 1443K/6019K, paused 1ms+1ms
D/dalvikvm( 1142): GC_CONCURRENT freed 525K, 77% free 1423K/6019K, paused 1ms+1ms
D/dalvikvm( 1142): GC_CONCURRENT freed 481K, 78% free 1344K/6019K, paused 1ms+1ms
D/dalvikvm( 1142): GC_CONCURRENT freed 406K, 78% free 1326K/6019K, paused 1ms+1ms
D/dalvikvm( 1142): GC_CONCURRENT freed 395K, 78% free 1324K/6019K, paused 1ms+1ms
D/dalvikvm( 1142): GC_CONCURRENT freed 393K, 78% free 1324K/6019K, paused 1ms+2ms
D/dalvikvm( 1142): GC_CONCURRENT freed 393K, 78% free 1324K/6019K, paused 1ms+1ms
D/dalvikvm( 1142): GC_CONCURRENT freed 393K, 78% free 1324K/6019K, paused 0ms+1ms
D/dalvikvm( 1142): GC_CONCURRENT freed 391K, 78% free 1325K/6019K, paused 0ms+2ms
D/dalvikvm( 1142): GC_CONCURRENT freed 403K, 79% free 1312K/6019K, paused 1ms+1ms
D/dalvikvm( 1142): GC_CONCURRENT freed 396K, 79% free 1310K/6019K, paused 1ms+2ms
D/dalvikvm( 1142): GC_CONCURRENT freed 394K, 79% free 1320K/6019K, paused 1ms+1ms
D/dalvikvm( 1142): GC_CONCURRENT freed 394K, 79% free 1312K/6019K, paused 1ms+1ms
D/dalvikvm( 1142): GC_CONCURRENT freed 392K, 78% free 1336K/6019K, paused 1ms+1ms
D/dalvikvm( 1142): GC_CONCURRENT freed 405K, 78% free 1324K/6019K, paused 1ms+1ms
D/dalvikvm( 1142): GC_CONCURRENT freed 393K, 78% free 1324K/6019K, paused 1ms+2ms
D/dalvikvm( 1142): GC_CONCURRENT freed 393K, 78% free 1325K/6019K, paused 1ms+1ms
D/dalvikvm( 1142): GC_CONCURRENT freed 404K, 79% free 1312K/6019K, paused 1ms+1ms
D/dalvikvm( 1142): GC_CONCURRENT freed 407K, 77% free 1413K/6019K, paused 1ms+1ms
D/dalvikvm( 1142): GC_CONCURRENT freed 474K, 78% free 1324K/6019K, paused 0ms+1ms
D/dalvikvm( 1142): GC_CONCURRENT freed 394K, 77% free 1411K/6019K, paused 0ms+1ms
D/dalvikvm( 1142): GC_CONCURRENT freed 485K, 79% free 1322K/6019K, paused 1ms+2ms
D/dalvikvm( 1142): GC_CONCURRENT freed 397K, 79% free 1319K/6019K, paused 1ms+1ms
D/dalvikvm( 1142): GC_CONCURRENT freed 405K, 79% free 1308K/6019K, paused 2ms+1ms
D/dalvikvm( 1142): GC_CONCURRENT freed 393K, 78% free 1324K/6019K, paused 1ms+2ms
D/dalvikvm( 1142): GC_CONCURRENT freed 393K, 78% free 1324K/6019K, paused 1ms+1ms
D/dalvikvm( 1142): GC_CONCURRENT freed 392K, 78% free 1324K/6019K, paused 1ms+1ms
D/dalvikvm( 1142): GC_CONCURRENT freed 392K, 78% free 1324K/6019K, paused 1ms+2ms
D/dalvikvm( 1142): GC_CONCURRENT freed 393K, 78% free 1325K/6019K, paused 1ms+1ms
D/dalvikvm( 1142): GC_CONCURRENT freed 404K, 79% free 1321K/6019K, paused 1ms+2ms
D/dalvikvm( 1142): GC_FOR_ALLOC freed 513K, 79% free 1306K/6019K, paused 10ms
D/dalvikvm( 1142): GC_CONCURRENT freed 4K, 76% free 1464K/6019K, paused 1ms+1ms
D/dalvikvm( 1142): GC_CONCURRENT freed 543K, 79% free 1312K/6019K, paused 1ms+1ms
D/HomePlayerLib( 1142): hostaddress count is 2
D/dalvikvm( 1142): GC_CONCURRENT freed 431K, 77% free 1388K/6019K, paused 0ms+1ms
D/dalvikvm( 1142): GC_CONCURRENT freed 447K, 76% free 1452K/6019K, paused 1ms+1ms
D/dalvikvm( 1142): GC_CONCURRENT freed 532K, 77% free 1430K/6019K, paused 1ms+1ms
D/dalvikvm( 1142): GC_CONCURRENT freed 487K, 77% free 1414K/6019K, paused 0ms+1ms
D/dalvikvm( 1142): GC_CONCURRENT freed 482K, 79% free 1317K/6019K, paused 1ms+1ms
D/dalvikvm( 1142): GC_CONCURRENT freed 395K, 77% free 1430K/6019K, paused 1ms+1ms
D/dalvikvm( 1142): GC_CONCURRENT freed 491K, 76% free 1447K/6019K, paused 1ms+1ms
D/dalvikvm( 1142): GC_CONCURRENT freed 575K, 78% free 1376K/6019K, paused 1ms+1ms
D/dalvikvm( 1142): GC_CONCURRENT freed 443K, 77% free 1442K/6019K, paused 1ms+1ms
D/dalvikvm( 1142): GC_CONCURRENT freed 504K, 76% free 1470K/6019K, paused 1ms+1ms
D/dalvikvm( 1142): GC_CONCURRENT freed 542K, 77% free 1440K/6019K, paused 1ms+1ms
D/dalvikvm( 1142): GC_CONCURRENT freed 569K, 78% free 1375K/6019K, paused 0ms+2ms
D/dalvikvm( 1142): GC_CONCURRENT freed 445K, 79% free 1315K/6019K, paused 0ms+1ms
D/dalvikvm( 1142): GC_CONCURRENT freed 394K, 79% free 1315K/6019K, paused 1ms+1ms
D/dalvikvm( 1142): GC_CONCURRENT freed 393K, 79% free 1316K/6019K, paused 1ms+1ms
D/dalvikvm( 1142): GC_CONCURRENT freed 393K, 77% free 1430K/6019K, paused 1ms+1ms
D/dalvikvm( 1142): GC_CONCURRENT freed 510K, 77% free 1428K/6019K, paused 1ms+1ms
D/dalvikvm( 1142): GC_CONCURRENT freed 503K, 77% free 1426K/6019K, paused 0ms+1ms
D/dalvikvm( 1142): GC_CONCURRENT freed 488K, 78% free 1335K/6019K, paused 1ms+1ms
D/dalvikvm( 1142): GC_CONCURRENT freed 410K, 77% free 1433K/6019K, paused 1ms+1ms
D/dalvikvm( 1142): GC_CONCURRENT freed 507K, 77% free 1434K/6019K, paused 1ms+1ms
D/dalvikvm( 1142): GC_CONCURRENT freed 500K, 78% free 1332K/6019K, paused 1ms+1ms
D/dalvikvm( 1142): GC_CONCURRENT freed 405K, 77% free 1437K/6019K, paused 1ms+1ms
D/dalvikvm( 1142): GC_CONCURRENT freed 517K, 77% free 1427K/6019K, paused 1ms+1ms
D/dalvikvm( 1142): GC_CONCURRENT freed 488K, 78% free 1330K/6019K, paused 1ms+1ms
D/dalvikvm( 1142): GC_CONCURRENT freed 405K, 78% free 1382K/6019K, paused 0ms+1ms
D/dalvikvm( 1142): GC_CONCURRENT freed 440K, 78% free 1328K/6019K, paused 1ms+1ms
D/dalvikvm( 1142): GC_CONCURRENT freed 400K, 79% free 1324K/6019K, paused 1ms+1ms
D/dalvikvm( 1142): GC_CONCURRENT freed 393K, 78% free 1324K/6019K, paused 1ms+1ms
D/dalvikvm( 1142): GC_CONCURRENT freed 392K, 78% free 1324K/6019K, paused 1ms+1ms
D/dalvikvm( 1142): GC_CONCURRENT freed 393K, 78% free 1324K/6019K, paused 1ms+1ms
D/dalvikvm( 1142): GC_CONCURRENT freed 393K, 78% free 1325K/6019K, paused 1ms+1ms
D/dalvikvm( 1142): GC_CONCURRENT freed 401K, 79% free 1321K/6019K, paused 1ms+1ms
D/dalvikvm( 1142): GC_CONCURRENT freed 396K, 79% free 1319K/6019K, paused 1ms+1ms
D/dalvikvm( 1142): GC_CONCURRENT freed 394K, 79% free 1311K/6019K, paused 1ms+1ms
D/dalvikvm( 1142): GC_CONCURRENT freed 394K, 79% free 1320K/6019K, paused 1ms+1ms
D/dalvikvm( 1142): GC_CONCURRENT freed 394K, 79% free 1320K/6019K, paused 1ms+1ms
D/dalvikvm( 1142): GC_CONCURRENT freed 405K, 78% free 1324K/6019K, paused 1ms+1ms
D/dalvikvm( 1142): GC_CONCURRENT freed 392K, 78% free 1324K/6019K, paused 1ms+2ms
D/dalvikvm( 1142): GC_CONCURRENT freed 393K, 78% free 1324K/6019K, paused 1ms+1ms
D/dalvikvm( 1142): GC_CONCURRENT freed 404K, 79% free 1321K/6019K, paused 1ms+1ms
D/dalvikvm( 1142): GC_CONCURRENT freed 396K, 79% free 1319K/6019K, paused 1ms+1ms
D/dalvikvm( 1142): GC_CONCURRENT freed 405K, 78% free 1324K/6019K, paused 1ms+1ms
D/dalvikvm( 1142): GC_CONCURRENT freed 393K, 79% free 1324K/6019K, paused 1ms+1ms
D/dalvikvm( 1142): GC_CONCURRENT freed 393K, 78% free 1324K/6019K, paused 1ms+1ms
D/dalvikvm( 1142): GC_CONCURRENT freed 392K, 78% free 1324K/6019K, paused 1ms+1ms
D/dalvikvm( 1142): GC_CONCURRENT freed 392K, 78% free 1324K/6019K, paused 1ms+2ms
D/dalvikvm( 1142): GC_CONCURRENT freed 393K, 78% free 1325K/6019K, paused 1ms+1ms
D/dalvikvm( 1142): GC_CONCURRENT freed 404K, 79% free 1321K/6019K, paused 1ms+1ms
D/dalvikvm( 1142): GC_CONCURRENT freed 396K, 78% free 1337K/6019K, paused 1ms+1ms
D/dalvikvm( 1142): GC_CONCURRENT freed 407K, 78% free 1324K/6019K, paused 1ms+1ms
D/dalvikvm( 1142): GC_CONCURRENT freed 394K, 79% free 1324K/6019K, paused 1ms+1ms
D/dalvikvm( 1142): GC_CONCURRENT freed 392K, 78% free 1324K/6019K, paused 1ms+1ms
D/dalvikvm( 1142): GC_CONCURRENT freed 392K, 78% free 1324K/6019K, paused 1ms+1ms
D/dalvikvm( 1142): GC_CONCURRENT freed 393K, 78% free 1324K/6019K, paused 1ms+1ms
W/System.err( 1233): org.apache.http.conn.ConnectionPoolTimeoutException: Timeout waiting for connection
W/System.err( 1233):    at org.apache.http.impl.conn.tsccm.ConnPoolByRoute.getEntryBlocking(ConnPoolByRoute.java:353)
W/System.err( 1233):    at org.apache.http.impl.conn.tsccm.ConnPoolByRoute$1.getPoolEntry(ConnPoolByRoute.java:238)
W/System.err( 1233):    at org.apache.http.impl.conn.tsccm.ThreadSafeClientConnManager$1.getConnection(ThreadSafeClientConnManager.java:177)
W/System.err( 1233):    at org.apache.http.impl.client.DefaultRequestDirector.execute(DefaultRequestDirector.java:326)
W/System.err( 1233):    at org.apache.http.impl.client.AbstractHttpClient.execute(AbstractHttpClient.java:555)
W/System.err( 1233):    at org.apache.http.impl.client.AbstractHttpClient.execute(AbstractHttpClient.java:487)
W/System.err( 1233):    at org.apache.http.impl.client.AbstractHttpClient.execute(AbstractHttpClient.java:465)
W/System.err( 1233):    at com.fiship.cibn.common.NetworkUtil.isConnectToServerByHttp(NetworkUtil.java:39)
W/System.err( 1233):    at com.fiship.cibn.weather.WeatherTask.doInBackground(WeatherTask.java:184)
W/System.err( 1233):    at com.fiship.cibn.weather.WeatherTask.doInBackground(WeatherTask.java:31)
W/System.err( 1233):    at android.os.AsyncTask$2.call(AsyncTask.java:264)
W/System.err( 1233):    at java.util.concurrent.FutureTask$Sync.innerRun(FutureTask.java:305)
W/System.err( 1233):    at java.util.concurrent.FutureTask.run(FutureTask.java:137)
W/System.err( 1233):    at android.os.AsyncTask$SerialExecutor$1.run(AsyncTask.java:208)
W/System.err( 1233):    at java.util.concurrent.ThreadPoolExecutor.runWorker(ThreadPoolExecutor.java:1076)
W/System.err( 1233):    at java.util.concurrent.ThreadPoolExecutor$Worker.run(ThreadPoolExecutor.java:569)
W/System.err( 1233):    at java.lang.Thread.run(Thread.java:856)
E/WeatherTask( 1233): can't connect the url : http://php.weather.sina.com.cn/iframe/index/w_cl.php?day=1
D/dalvikvm( 1142): GC_CONCURRENT freed 393K, 78% free 1325K/6019K, paused 1ms+1ms
D/HomePlayerLib( 1142): hostaddress count is 2
D/dalvikvm( 1142): GC_CONCURRENT freed 411K, 79% free 1317K/6019K, paused 1ms+1ms
D/dalvikvm( 1142): GC_CONCURRENT freed 387K, 79% free 1322K/6019K, paused 1ms+1ms
D/dalvikvm( 1142): GC_CONCURRENT freed 365K, 78% free 1350K/6019K, paused 1ms+1ms
D/dalvikvm( 1142): GC_CONCURRENT freed 410K, 78% free 1350K/6019K, paused 1ms+1ms
D/dalvikvm( 1142): GC_CONCURRENT freed 425K, 79% free 1314K/6019K, paused 1ms+1ms
D/dalvikvm( 1142): GC_CONCURRENT freed 379K, 77% free 1444K/6019K, paused 1ms+1ms
D/dalvikvm( 1142): GC_CONCURRENT freed 522K, 78% free 1328K/6019K, paused 1ms+1ms
D/dalvikvm( 1142): GC_CONCURRENT freed 438K, 77% free 1401K/6019K, paused 0ms+1ms
D/dalvikvm( 1142): GC_CONCURRENT freed 463K, 78% free 1340K/6019K, paused 0ms+1ms
D/dalvikvm( 1142): GC_FOR_ALLOC freed 545K, 79% free 1306K/6019K, paused 11ms
D/dalvikvm( 1142): GC_CONCURRENT freed 0K, 79% free 1322K/6019K, paused 1ms+1ms
D/dalvikvm( 1142): GC_CONCURRENT freed 364K, 78% free 1353K/6019K, paused 0ms+1ms
D/dalvikvm( 1142): GC_CONCURRENT freed 420K, 78% free 1381K/6019K, paused 1ms+1ms
D/dalvikvm( 1142): GC_CONCURRENT freed 439K, 76% free 1450K/6019K, paused 0ms+1ms
D/dalvikvm( 1142): GC_CONCURRENT freed 576K, 77% free 1385K/6019K, paused 0ms+1ms
D/dalvikvm( 1142): GC_CONCURRENT freed 452K, 76% free 1445K/6019K, paused 1ms+2ms
D/dalvikvm( 1142): GC_CONCURRENT freed 577K, 78% free 1328K/6019K, paused 1ms+1ms
D/dalvikvm( 1142): GC_CONCURRENT freed 374K, 76% free 1464K/6019K, paused 0ms+1ms
D/dalvikvm( 1142): GC_CONCURRENT freed 547K, 79% free 1314K/6019K, paused 1ms+1ms
D/dalvikvm( 1142): GC_CONCURRENT freed 401K, 78% free 1334K/6019K, paused 1ms+1ms
D/dalvikvm( 1142): GC_CONCURRENT freed 368K, 76% free 1484K/6019K, paused 1ms+1ms
D/dalvikvm( 1142): GC_CONCURRENT freed 535K, 76% free 1460K/6019K, paused 1ms+1ms
D/dalvikvm( 1142): GC_CONCURRENT freed 524K, 79% free 1324K/6019K, paused 1ms+1ms
D/dalvikvm( 1142): GC_CONCURRENT freed 395K, 77% free 1430K/6019K, paused 1ms+1ms
D/dalvikvm( 1142): GC_CONCURRENT freed 502K, 79% free 1312K/6019K, paused 1ms+1ms
D/dalvikvm( 1142): GC_CONCURRENT freed 394K, 78% free 1343K/6019K, paused 1ms+1ms
D/dalvikvm( 1142): GC_CONCURRENT freed 414K, 77% free 1422K/6019K, paused 1ms+1ms
D/dalvikvm( 1142): GC_CONCURRENT freed 490K, 78% free 1367K/6019K, paused 1ms+1ms
D/dalvikvm( 1142): GC_CONCURRENT freed 435K, 78% free 1325K/6019K, paused 1ms+1ms
D/dalvikvm( 1142): GC_CONCURRENT freed 394K, 78% free 1324K/6019K, paused 0ms+1ms
D/dalvikvm( 1142): GC_CONCURRENT freed 414K, 79% free 1299K/6019K, paused 1ms+1ms
D/dalvikvm( 1142): GC_CONCURRENT freed 377K, 77% free 1432K/6019K, paused 1ms+1ms
D/dalvikvm( 1142): GC_CONCURRENT freed 515K, 77% free 1407K/6019K, paused 1ms+1ms
D/dalvikvm( 1142): GC_CONCURRENT freed 475K, 78% free 1330K/6019K, paused 1ms+1ms
D/dalvikvm( 1142): GC_CONCURRENT freed 405K, 79% free 1312K/6019K, paused 1ms+1ms
D/dalvikvm( 1142): GC_CONCURRENT freed 396K, 79% free 1319K/6019K, paused 1ms+1ms
D/dalvikvm( 1142): GC_CONCURRENT freed 404K, 78% free 1324K/6019K, paused 1ms+2ms
D/dalvikvm( 1142): GC_CONCURRENT freed 419K, 77% free 1404K/6019K, paused 1ms+1ms
D/dalvikvm( 1142): GC_CONCURRENT freed 475K, 78% free 1344K/6019K, paused 1ms+1ms
D/dalvikvm( 1142): GC_CONCURRENT freed 416K, 79% free 1312K/6019K, paused 1ms+1ms
D/dalvikvm( 1142): GC_CONCURRENT freed 395K, 79% free 1310K/6019K, paused 1ms+1ms
D/dalvikvm( 1142): GC_CONCURRENT freed 394K, 79% free 1312K/6019K, paused 1ms+1ms
D/dalvikvm( 1142): GC_CONCURRENT freed 394K, 79% free 1312K/6019K, paused 1ms+1ms
D/dalvikvm( 1142): GC_CONCURRENT freed 393K, 79% free 1312K/6019K, paused 1ms+1ms
D/dalvikvm( 1142): GC_CONCURRENT freed 391K, 79% free 1312K/6019K, paused 1ms+1ms
D/dalvikvm( 1142): GC_CONCURRENT freed 392K, 79% free 1320K/6019K, paused 1ms+1ms
D/dalvikvm( 1142): GC_CONCURRENT freed 393K, 79% free 1321K/6019K, paused 1ms+1ms
D/dalvikvm( 1142): GC_CONCURRENT freed 404K, 79% free 1302K/6019K, paused 1ms+1ms
D/dalvikvm( 1142): GC_CONCURRENT freed 378K, 78% free 1324K/6019K, paused 1ms+1ms
D/dalvikvm( 1142): GC_CONCURRENT freed 395K, 79% free 1324K/6019K, paused 1ms+1ms
D/dalvikvm( 1142): GC_CONCURRENT freed 404K, 79% free 1318K/6019K, paused 1ms+1ms
D/HomePlayerLib( 1142): hostaddress count is 2
D/dalvikvm( 1142): GC_CONCURRENT freed 387K, 78% free 1324K/6019K, paused 0ms+1ms
D/dalvikvm( 1142): GC_CONCURRENT freed 404K, 79% free 1318K/6019K, paused 1ms+1ms
D/dalvikvm( 1142): GC_CONCURRENT freed 403K, 79% free 1323K/6019K, paused 1ms+1ms
D/dalvikvm( 1142): GC_CONCURRENT freed 401K, 79% free 1321K/6019K, paused 1ms+1ms
D/dalvikvm( 1142): GC_CONCURRENT freed 403K, 78% free 1328K/6019K, paused 1ms+1ms
D/dalvikvm( 1142): GC_CONCURRENT freed 434K, 77% free 1393K/6019K, paused 1ms+1ms
D/dalvikvm( 1142): GC_CONCURRENT freed 473K, 78% free 1327K/6019K, paused 1ms+1ms
D/dalvikvm( 1142): GC_CONCURRENT freed 392K, 78% free 1337K/6019K, paused 1ms+1ms
D/dalvikvm( 1142): GC_CONCURRENT freed 414K, 77% free 1434K/6019K, paused 1ms+1ms
D/dalvikvm( 1142): GC_FOR_ALLOC freed 610K, 78% free 1335K/6019K, paused 11ms
D/dalvikvm( 1142): GC_CONCURRENT freed 0K, 72% free 1716K/6019K, paused 1ms+1ms
D/dalvikvm( 1142): GC_CONCURRENT freed 788K, 77% free 1435K/6019K, paused 1ms+2ms
D/dalvikvm( 1142): GC_CONCURRENT freed 509K, 77% free 1438K/6019K, paused 1ms+1ms
D/dalvikvm( 1142): GC_CONCURRENT freed 525K, 77% free 1425K/6019K, paused 0ms+1ms
D/dalvikvm( 1142): GC_CONCURRENT freed 506K, 79% free 1302K/6019K, paused 1ms+1ms
D/dalvikvm( 1142): GC_CONCURRENT freed 367K, 77% free 1442K/6019K, paused 1ms+1ms
D/dalvikvm( 1142): GC_CONCURRENT freed 624K, 78% free 1327K/6019K, paused 1ms+1ms
D/dalvikvm( 1142): GC_CONCURRENT freed 389K, 77% free 1434K/6019K, paused 1ms+1ms
D/dalvikvm( 1142): GC_CONCURRENT freed 491K, 76% free 1495K/6019K, paused 1ms+1ms
D/dalvikvm( 1142): GC_CONCURRENT freed 564K, 78% free 1329K/6019K, paused 1ms+1ms
D/dalvikvm( 1142): GC_CONCURRENT freed 394K, 77% free 1434K/6019K, paused 1ms+1ms
D/dalvikvm( 1142): GC_CONCURRENT freed 514K, 78% free 1345K/6019K, paused 0ms+1ms
D/dalvikvm( 1142): GC_CONCURRENT freed 420K, 77% free 1395K/6019K, paused 0ms+1ms
D/dalvikvm( 1142): GC_CONCURRENT freed 470K, 77% free 1433K/6019K, paused 1ms+1ms
D/dalvikvm( 1142): GC_CONCURRENT freed 486K, 76% free 1458K/6019K, paused 1ms+1ms
D/dalvikvm( 1142): GC_CONCURRENT freed 499K, 78% free 1351K/6019K, paused 1ms+1ms
D/dalvikvm( 1142): GC_CONCURRENT freed 426K, 77% free 1437K/6019K, paused 0ms+1ms
D/dalvikvm( 1142): GC_CONCURRENT freed 520K, 78% free 1344K/6019K, paused 1ms+1ms
D/dalvikvm( 1142): GC_CONCURRENT freed 418K, 77% free 1437K/6019K, paused 1ms+1ms
D/dalvikvm( 1142): GC_CONCURRENT freed 518K, 77% free 1421K/6019K, paused 1ms+1ms
D/dalvikvm( 1142): GC_CONCURRENT freed 488K, 78% free 1330K/6019K, paused 1ms+1ms
D/dalvikvm( 1142): GC_CONCURRENT freed 402K, 77% free 1396K/6019K, paused 1ms+1ms
D/dalvikvm( 1142): GC_CONCURRENT freed 477K, 79% free 1304K/6019K, paused 1ms+1ms
D/dalvikvm( 1142): GC_CONCURRENT freed 367K, 76% free 1448K/6019K, paused 1ms+1ms
D/dalvikvm( 1142): GC_CONCURRENT freed 514K, 78% free 1331K/6019K, paused 1ms+1ms
D/dalvikvm( 1142): GC_CONCURRENT freed 404K, 77% free 1437K/6019K, paused 0ms+1ms
D/dalvikvm( 1142): GC_CONCURRENT freed 516K, 79% free 1313K/6019K, paused 0ms+1ms
D/dalvikvm( 1142): GC_CONCURRENT freed 395K, 79% free 1311K/6019K, paused 1ms+0ms
D/dalvikvm( 1142): GC_CONCURRENT freed 393K, 78% free 1383K/6019K, paused 1ms+1ms
D/dalvikvm( 1142): GC_CONCURRENT freed 454K, 77% free 1438K/6019K, paused 1ms+1ms
D/dalvikvm( 1142): GC_CONCURRENT freed 518K, 79% free 1312K/6019K, paused 1ms+1ms
D/dalvikvm( 1142): GC_CONCURRENT freed 395K, 78% free 1381K/6019K, paused 1ms+1ms
D/dalvikvm( 1142): GC_CONCURRENT freed 446K, 78% free 1330K/6019K, paused 1ms+1ms
D/dalvikvm( 1142): GC_CONCURRENT freed 405K, 77% free 1395K/6019K, paused 1ms+1ms
D/dalvikvm( 1142): GC_CONCURRENT freed 477K, 77% free 1426K/6019K, paused 1ms+1ms
D/dalvikvm( 1142): GC_CONCURRENT freed 486K, 78% free 1371K/6019K, paused 1ms+1ms
D/dalvikvm( 1142): GC_CONCURRENT freed 444K, 77% free 1421K/6019K, paused 1ms+1ms
D/dalvikvm( 1142): GC_CONCURRENT freed 490K, 76% free 1447K/6019K, paused 0ms+1ms
D/dalvikvm( 1142): GC_CONCURRENT freed 515K, 78% free 1326K/6019K, paused 1ms+1ms
D/dalvikvm( 1142): GC_CONCURRENT freed 404K, 79% free 1312K/6019K, paused 1ms+1ms
D/dalvikvm( 1142): GC_CONCURRENT freed 395K, 79% free 1319K/6019K, paused 1ms+1ms
D/dalvikvm( 1142): GC_CONCURRENT freed 394K, 78% free 1336K/6019K, paused 1ms+1ms
D/dalvikvm( 1142): GC_CONCURRENT freed 406K, 78% free 1324K/6019K, paused 1ms+1ms
D/dalvikvm( 1142): GC_CONCURRENT freed 394K, 78% free 1324K/6019K, paused 1ms+1ms
D/dalvikvm( 1142): GC_CONCURRENT freed 393K, 78% free 1324K/6019K, paused 1ms+1ms
D/dalvikvm( 1142): GC_CONCURRENT freed 392K, 78% free 1324K/6019K, paused 0ms+1ms
D/dalvikvm( 1142): GC_CONCURRENT freed 392K, 78% free 1325K/6019K, paused 1ms+1ms
D/HomePlayerLib( 1142): hostaddress count is 2
D/dalvikvm( 1142): GC_CONCURRENT freed 411K, 79% free 1309K/6019K, paused 0ms+1ms
D/dalvikvm( 1142): GC_CONCURRENT freed 388K, 79% free 1321K/6019K, paused 1ms+1ms
D/dalvikvm( 1142): GC_CONCURRENT freed 392K, 78% free 1325K/6019K, paused 1ms+1ms
D/dalvikvm( 1142): GC_CONCURRENT freed 409K, 79% free 1309K/6019K, paused 1ms+1ms
D/dalvikvm( 1142): GC_CONCURRENT freed 373K, 78% free 1326K/6019K, paused 1ms+1ms
D/dalvikvm( 1142): GC_CONCURRENT freed 381K, 76% free 1457K/6019K, paused 1ms+1ms
D/dalvikvm( 1142): GC_CONCURRENT freed 548K, 77% free 1401K/6019K, paused 1ms+1ms
D/dalvikvm( 1142): GC_CONCURRENT freed 461K, 78% free 1372K/6019K, paused 1ms+1ms
D/dalvikvm( 1142): GC_CONCURRENT freed 449K, 78% free 1328K/6019K, paused 0ms+1ms
D/dalvikvm( 1142): GC_CONCURRENT freed 402K, 78% free 1357K/6019K, paused 1ms+1ms
D/dalvikvm( 1142): GC_CONCURRENT freed 416K, 78% free 1355K/6019K, paused 1ms+1ms
D/dalvikvm( 1142): GC_CONCURRENT freed 426K, 78% free 1328K/6019K, paused 1ms+1ms
D/dalvikvm( 1142): GC_CONCURRENT freed 390K, 78% free 1325K/6019K, paused 1ms+1ms
D/dalvikvm( 1142): GC_CONCURRENT freed 407K, 78% free 1327K/6019K, paused 1ms+1ms
D/dalvikvm( 1142): GC_CONCURRENT freed 392K, 78% free 1328K/6019K, paused 1ms+1ms
D/dalvikvm( 1142): GC_CONCURRENT freed 393K, 78% free 1330K/6019K, paused 1ms+1ms
D/dalvikvm(  945): GC_CONCURRENT freed 872K, 61% free 4359K/10947K, paused 2ms+4ms
D/dalvikvm( 1142): GC_CONCURRENT freed 401K, 78% free 1356K/6019K, paused 1ms+5ms
D/dalvikvm( 1142): GC_CONCURRENT freed 412K, 78% free 1328K/6019K, paused 0ms+1ms
D/dalvikvm( 1142): GC_CONCURRENT freed 395K, 76% free 1479K/6019K, paused 1ms+1ms
W/System.err( 1233): org.apache.http.conn.ConnectionPoolTimeoutException: Timeout waiting for connection
W/System.err( 1233):    at org.apache.http.impl.conn.tsccm.ConnPoolByRoute.getEntryBlocking(ConnPoolByRoute.java:353)
W/System.err( 1233):    at org.apache.http.impl.conn.tsccm.ConnPoolByRoute$1.getPoolEntry(ConnPoolByRoute.java:238)
W/System.err( 1233):    at org.apache.http.impl.conn.tsccm.ThreadSafeClientConnManager$1.getConnection(ThreadSafeClientConnManager.java:177)
W/System.err( 1233):    at org.apache.http.impl.client.DefaultRequestDirector.execute(DefaultRequestDirector.java:326)
W/System.err( 1233):    at org.apache.http.impl.client.AbstractHttpClient.execute(AbstractHttpClient.java:555)
W/System.err( 1233):    at org.apache.http.impl.client.AbstractHttpClient.execute(AbstractHttpClient.java:487)
W/System.err( 1233):    at org.apache.http.impl.client.AbstractHttpClient.execute(AbstractHttpClient.java:465)
W/System.err( 1233):    at com.fiship.cibn.common.NetworkUtil.isConnectToServerByHttp(NetworkUtil.java:39)
W/System.err( 1233):    at com.fiship.cibn.weather.WeatherTask.doInBackground(WeatherTask.java:184)
W/System.err( 1233):    at com.fiship.cibn.weather.WeatherTask.doInBackground(WeatherTask.java:31)
W/System.err( 1233):    at android.os.AsyncTask$2.call(AsyncTask.java:264)
W/System.err( 1233):    at java.util.concurrent.FutureTask$Sync.innerRun(FutureTask.java:305)
W/System.err( 1233):    at java.util.concurrent.FutureTask.run(FutureTask.java:137)
W/System.err( 1233):    at android.os.AsyncTask$SerialExecutor$1.run(AsyncTask.java:208)
W/System.err( 1233):    at java.util.concurrent.ThreadPoolExecutor.runWorker(ThreadPoolExecutor.java:1076)
W/System.err( 1233):    at java.util.concurrent.ThreadPoolExecutor$Worker.run(ThreadPoolExecutor.java:569)
W/System.err( 1233):    at java.lang.Thread.run(Thread.java:856)
E/WeatherTask( 1233): can't connect the url : http://php.weather.sina.com.cn/iframe/index/w_cl.php?day=1
D/dalvikvm( 1142): GC_CONCURRENT freed 558K, 78% free 1328K/6019K, paused 1ms+1ms
D/dalvikvm( 1142): GC_CONCURRENT freed 408K, 79% free 1321K/6019K, paused 1ms+1ms
D/dalvikvm( 1142): GC_CONCURRENT freed 396K, 79% free 1319K/6019K, paused 1ms+1ms
D/dalvikvm( 1142): GC_CONCURRENT freed 390K, 78% free 1362K/6019K, paused 1ms+1ms
D/dalvikvm( 1142): GC_CONCURRENT freed 429K, 76% free 1447K/6019K, paused 1ms+1ms
D/dalvikvm( 1142): GC_CONCURRENT freed 524K, 78% free 1339K/6019K, paused 1ms+2ms
D/dalvikvm( 1142): GC_CONCURRENT freed 410K, 78% free 1324K/6019K, paused 1ms+1ms
D/dalvikvm( 1142): GC_CONCURRENT freed 392K, 79% free 1324K/6019K, paused 1ms+1ms
D/dalvikvm( 1142): GC_CONCURRENT freed 392K, 78% free 1324K/6019K, paused 1ms+1ms
D/dalvikvm( 1142): GC_CONCURRENT freed 393K, 78% free 1324K/6019K, paused 1ms+1ms
D/dalvikvm( 1142): GC_CONCURRENT freed 419K, 79% free 1299K/6019K, paused 1ms+1ms
D/dalvikvm( 1142): GC_CONCURRENT freed 366K, 79% free 1324K/6019K, paused 1ms+1ms
D/dalvikvm( 1142): GC_CONCURRENT freed 392K, 78% free 1324K/6019K, paused 1ms+1ms
D/dalvikvm( 1142): GC_CONCURRENT freed 401K, 78% free 1380K/6019K, paused 1ms+1ms
D/dalvikvm( 1142): GC_CONCURRENT freed 450K, 78% free 1324K/6019K, paused 1ms+1ms
D/dalvikvm( 1142): GC_CONCURRENT freed 394K, 79% free 1324K/6019K, paused 1ms+1ms
D/dalvikvm( 1142): GC_CONCURRENT freed 394K, 78% free 1324K/6019K, paused 1ms+1ms
D/dalvikvm( 1142): GC_CONCURRENT freed 393K, 78% free 1324K/6019K, paused 0ms+1ms
D/dalvikvm( 1142): GC_CONCURRENT freed 392K, 78% free 1324K/6019K, paused 1ms+1ms
D/dalvikvm( 1142): GC_CONCURRENT freed 392K, 78% free 1325K/6019K, paused 1ms+1ms
D/dalvikvm( 1142): GC_CONCURRENT freed 402K, 79% free 1321K/6019K, paused 1ms+1ms
D/dalvikvm( 1142): GC_CONCURRENT freed 395K, 79% free 1319K/6019K, paused 1ms+1ms
D/dalvikvm( 1142): GC_CONCURRENT freed 394K, 79% free 1320K/6019K, paused 0ms+1ms
D/dalvikvm( 1142): GC_CONCURRENT freed 393K, 79% free 1320K/6019K, paused 1ms+1ms
D/dalvikvm( 1142): GC_CONCURRENT freed 405K, 78% free 1324K/6019K, paused 1ms+1ms
D/dalvikvm( 1142): GC_CONCURRENT freed 392K, 78% free 1324K/6019K, paused 1ms+1ms
D/dalvikvm( 1142): GC_CONCURRENT freed 393K, 78% free 1324K/6019K, paused 1ms+1ms
D/dalvikvm( 1142): GC_CONCURRENT freed 393K, 78% free 1325K/6019K, paused 1ms+1ms
D/dalvikvm( 1142): GC_CONCURRENT freed 404K, 79% free 1321K/6019K, paused 1ms+1ms
D/dalvikvm( 1142): GC_CONCURRENT freed 396K, 79% free 1311K/6019K, paused 0ms+1ms
D/dalvikvm( 1142): GC_CONCURRENT freed 394K, 77% free 1425K/6019K, paused 1ms+1ms
D/dalvikvm( 1142): GC_CONCURRENT freed 487K, 78% free 1325K/6019K, paused 1ms+1ms
D/dalvikvm( 1142): GC_CONCURRENT freed 394K, 78% free 1370K/6019K, paused 1ms+1ms
D/dalvikvm( 1142): GC_CONCURRENT freed 443K, 77% free 1438K/6019K, paused 1ms+2ms
D/dalvikvm( 1142): GC_CONCURRENT freed 517K, 77% free 1421K/6019K, paused 1ms+0ms
D/dalvikvm( 1142): GC_CONCURRENT freed 488K, 78% free 1325K/6019K, paused 1ms+1ms
D/dalvikvm( 1142): GC_CONCURRENT freed 405K, 77% free 1428K/6019K, paused 0ms+1ms
D/dalvikvm( 1142): GC_CONCURRENT freed 490K, 77% free 1421K/6019K, paused 1ms+1ms
D/dalvikvm( 1142): GC_CONCURRENT freed 500K, 78% free 1344K/6019K, paused 1ms+1ms
D/dalvikvm( 1142): GC_CONCURRENT freed 382K, 76% free 1473K/6019K, paused 1ms+1ms
D/HomePlayerLib( 1142): hostaddress count is 2
D/dalvikvm( 1142): GC_CONCURRENT freed 557K, 77% free 1426K/6019K, paused 1ms+1ms
D/dalvikvm( 1142): GC_CONCURRENT freed 505K, 77% free 1433K/6019K, paused 1ms+1ms
D/dalvikvm( 1142): GC_CONCURRENT freed 491K, 77% free 1397K/6019K, paused 1ms+1ms
D/dalvikvm( 1142): GC_CONCURRENT freed 472K, 79% free 1314K/6019K, paused 1ms+1ms
D/dalvikvm( 1142): GC_CONCURRENT freed 402K, 79% free 1306K/6019K, paused 0ms+1ms
D/dalvikvm( 1142): GC_CONCURRENT freed 372K, 78% free 1327K/6019K, paused 1ms+2ms
D/dalvikvm( 1142): GC_CONCURRENT freed 397K, 78% free 1328K/6019K, paused 1ms+1ms
D/dalvikvm( 1142): GC_CONCURRENT freed 394K, 78% free 1328K/6019K, paused 1ms+2ms
D/dalvikvm( 1142): GC_CONCURRENT freed 393K, 78% free 1329K/6019K, paused 1ms+1ms
D/dalvikvm( 1142): GC_CONCURRENT freed 410K, 77% free 1430K/6019K, paused 1ms+1ms
D/dalvikvm( 1142): GC_FOR_ALLOC freed 624K, 79% free 1312K/6019K, paused 10ms
D/dalvikvm( 1142): GC_CONCURRENT freed 12K, 77% free 1403K/6019K, paused 1ms+1ms
D/dalvikvm( 1142): GC_CONCURRENT freed 471K, 77% free 1388K/6019K, paused 1ms+2ms
D/dalvikvm( 1142): GC_CONCURRENT freed 468K, 77% free 1407K/6019K, paused 1ms+1ms
D/dalvikvm( 1142): GC_CONCURRENT freed 476K, 76% free 1480K/6019K, paused 0ms+1ms
D/dalvikvm( 1142): GC_CONCURRENT freed 562K, 79% free 1315K/6019K, paused 1ms+1ms
D/dalvikvm( 1142): GC_CONCURRENT freed 381K, 78% free 1327K/6019K, paused 1ms+1ms
D/dalvikvm( 1142): GC_CONCURRENT freed 393K, 76% free 1492K/6019K, paused 1ms+1ms
D/dalvikvm( 1142): GC_CONCURRENT freed 555K, 78% free 1376K/6019K, paused 1ms+1ms
D/dalvikvm( 1142): GC_CONCURRENT freed 458K, 78% free 1384K/6019K, paused 1ms+1ms
D/dalvikvm( 1142): GC_CONCURRENT freed 453K, 78% free 1324K/6019K, paused 1ms+1ms
D/dalvikvm( 1142): GC_CONCURRENT freed 392K, 77% free 1430K/6019K, paused 1ms+1ms
D/dalvikvm( 1142): GC_CONCURRENT freed 512K, 78% free 1331K/6019K, paused 1ms+1ms
D/dalvikvm( 1142): GC_CONCURRENT freed 406K, 77% free 1437K/6019K, paused 1ms+1ms
D/dalvikvm( 1142): GC_CONCURRENT freed 516K, 79% free 1312K/6019K, paused 1ms+1ms
D/dalvikvm( 1142): GC_CONCURRENT freed 393K, 79% free 1311K/6019K, paused 1ms+1ms
D/dalvikvm( 1142): GC_CONCURRENT freed 393K, 79% free 1312K/6019K, paused 1ms+1ms
D/dalvikvm( 1142): GC_CONCURRENT freed 391K, 79% free 1312K/6019K, paused 0ms+1ms
D/dalvikvm( 1142): GC_CONCURRENT freed 399K, 79% free 1299K/6019K, paused 1ms+1ms
D/dalvikvm( 1142): GC_CONCURRENT freed 383K, 79% free 1300K/6019K, paused 1ms+1ms
D/dalvikvm( 1142): GC_CONCURRENT freed 383K, 77% free 1425K/6019K, paused 0ms+1ms
D/dalvikvm( 1142): GC_CONCURRENT freed 487K, 76% free 1448K/6019K, paused 1ms+1ms
D/dalvikvm( 1142): GC_CONCURRENT freed 526K, 77% free 1397K/6019K, paused 1ms+1ms
D/dalvikvm( 1142): GC_CONCURRENT freed 477K, 77% free 1426K/6019K, paused 0ms+1ms
D/dalvikvm( 1142): GC_CONCURRENT freed 486K, 78% free 1371K/6019K, paused 1ms+1ms
D/dalvikvm( 1142): GC_CONCURRENT freed 445K, 77% free 1437K/6019K, paused 0ms+1ms
D/dalvikvm( 1142): GC_CONCURRENT freed 518K, 77% free 1420K/6019K, paused 1ms+1ms
D/dalvikvm( 1142): GC_CONCURRENT freed 488K, 78% free 1330K/6019K, paused 1ms+1ms
D/dalvikvm( 1142): GC_CONCURRENT freed 405K, 77% free 1436K/6019K, paused 0ms+1ms
D/dalvikvm( 1142): GC_CONCURRENT freed 518K, 77% free 1427K/6019K, paused 1ms+1ms
D/dalvikvm( 1142): GC_CONCURRENT freed 487K, 78% free 1325K/6019K, paused 0ms+1ms
D/dalvikvm( 1142): GC_CONCURRENT freed 404K, 79% free 1312K/6019K, paused 1ms+1ms
D/dalvikvm( 1142): GC_CONCURRENT freed 396K, 79% free 1302K/6019K, paused 1ms+1ms
D/dalvikvm( 1142): GC_CONCURRENT freed 366K, 78% free 1324K/6019K, paused 1ms+1ms
D/dalvikvm( 1142): GC_CONCURRENT freed 394K, 77% free 1406K/6019K, paused 1ms+1ms
D/dalvikvm( 1142): GC_CONCURRENT freed 472K, 78% free 1324K/6019K, paused 1ms+1ms
D/dalvikvm( 1142): GC_CONCURRENT freed 393K, 78% free 1324K/6019K, paused 0ms+1ms
D/dalvikvm( 1142): GC_CONCURRENT freed 393K, 78% free 1325K/6019K, paused 1ms+1ms
D/dalvikvm( 1142): GC_CONCURRENT freed 404K, 79% free 1312K/6019K, paused 0ms+1ms
D/dalvikvm( 1142): GC_CONCURRENT freed 460K, 78% free 1360K/6019K, paused 0ms+1ms
D/HomePlayerLib( 1142): hostaddress count is 2
D/dalvikvm( 1142): GC_CONCURRENT freed 510K, 78% free 1337K/6019K, paused 1ms+2ms
D/dalvikvm( 1142): GC_CONCURRENT freed 409K, 78% free 1351K/6019K, paused 1ms+1ms
D/dalvikvm( 1142): GC_CONCURRENT freed 437K, 79% free 1310K/6019K, paused 1ms+1ms
D/dalvikvm( 1142): GC_CONCURRENT freed 378K, 77% free 1432K/6019K, paused 1ms+1ms
D/dalvikvm( 1142): GC_CONCURRENT freed 510K, 78% free 1335K/6019K, paused 1ms+1ms
D/dalvikvm( 1142): GC_CONCURRENT freed 415K, 77% free 1428K/6019K, paused 1ms+1ms
D/dalvikvm( 1142): GC_CONCURRENT freed 503K, 77% free 1425K/6019K, paused 1ms+1ms
D/dalvikvm( 1142): GC_CONCURRENT freed 488K, 78% free 1333K/6019K, paused 1ms+1ms
D/dalvikvm( 1142): GC_CONCURRENT freed 413K, 78% free 1382K/6019K, paused 1ms+1ms
D/dalvikvm( 1142): GC_CONCURRENT freed 479K, 78% free 1324K/6019K, paused 1ms+2ms
D/dalvikvm( 1142): GC_CONCURRENT freed 406K, 77% free 1423K/6019K, paused 1ms+1ms
D/dalvikvm( 1142): GC_CONCURRENT freed 502K, 77% free 1429K/6019K, paused 1ms+1ms
D/dalvikvm( 1142): GC_CONCURRENT freed 507K, 79% free 1305K/6019K, paused 1ms+2ms
D/dalvikvm( 1142): GC_CONCURRENT freed 382K, 77% free 1428K/6019K, paused 1ms+1ms
D/dalvikvm( 1142): GC_CONCURRENT freed 484K, 78% free 1335K/6019K, paused 0ms+1ms
D/dalvikvm( 1142): GC_CONCURRENT freed 417K, 77% free 1407K/6019K, paused 1ms+1ms
D/dalvikvm( 1142): GC_CONCURRENT freed 480K, 79% free 1311K/6019K, paused 1ms+1ms
D/dalvikvm( 1142): GC_CONCURRENT freed 390K, 79% free 1321K/6019K, paused 1ms+1ms
D/dalvikvm( 1142): GC_CONCURRENT freed 391K, 78% free 1324K/6019K, paused 1ms+1ms
D/dalvikvm( 1142): GC_CONCURRENT freed 391K, 79% free 1324K/6019K, paused 1ms+1ms
D/dalvikvm( 1142): GC_CONCURRENT freed 392K, 78% free 1329K/6019K, paused 1ms+1ms
D/dalvikvm( 1142): GC_CONCURRENT freed 404K, 77% free 1421K/6019K, paused 1ms+1ms
D/dalvikvm( 1142): GC_CONCURRENT freed 488K, 77% free 1431K/6019K, paused 1ms+2ms
W/System.err( 1233): org.apache.http.conn.ConnectionPoolTimeoutException: Timeout waiting for connection
W/System.err( 1233):    at org.apache.http.impl.conn.tsccm.ConnPoolByRoute.getEntryBlocking(ConnPoolByRoute.java:353)
W/System.err( 1233):    at org.apache.http.impl.conn.tsccm.ConnPoolByRoute$1.getPoolEntry(ConnPoolByRoute.java:238)
W/System.err( 1233):    at org.apache.http.impl.conn.tsccm.ThreadSafeClientConnManager$1.getConnection(ThreadSafeClientConnManager.java:177)
W/System.err( 1233):    at org.apache.http.impl.client.DefaultRequestDirector.execute(DefaultRequestDirector.java:326)
W/System.err( 1233):    at org.apache.http.impl.client.AbstractHttpClient.execute(AbstractHttpClient.java:555)
W/System.err( 1233):    at org.apache.http.impl.client.AbstractHttpClient.execute(AbstractHttpClient.java:487)
W/System.err( 1233):    at org.apache.http.impl.client.AbstractHttpClient.execute(AbstractHttpClient.java:465)
W/System.err( 1233):    at com.fiship.cibn.common.NetworkUtil.isConnectToServerByHttp(NetworkUtil.java:39)
W/System.err( 1233):    at com.fiship.cibn.weather.WeatherTask.doInBackground(WeatherTask.java:184)
W/System.err( 1233):    at com.fiship.cibn.weather.WeatherTask.doInBackground(WeatherTask.java:31)
W/System.err( 1233):    at android.os.AsyncTask$2.call(AsyncTask.java:264)
W/System.err( 1233):    at java.util.concurrent.FutureTask$Sync.innerRun(FutureTask.java:305)
W/System.err( 1233):    at java.util.concurrent.FutureTask.run(FutureTask.java:137)
W/System.err( 1233):    at android.os.AsyncTask$SerialExecutor$1.run(AsyncTask.java:208)
W/System.err( 1233):    at java.util.concurrent.ThreadPoolExecutor.runWorker(ThreadPoolExecutor.java:1076)
W/System.err( 1233):    at java.util.concurrent.ThreadPoolExecutor$Worker.run(ThreadPoolExecutor.java:569)
W/System.err( 1233):    at java.lang.Thread.run(Thread.java:856)
E/WeatherTask( 1233): can't connect the url : http://php.weather.sina.com.cn/iframe/index/w_cl.php?day=1
D/dalvikvm( 1142): GC_CONCURRENT freed 514K, 78% free 1331K/6019K, paused 1ms+1ms
D/dalvikvm( 1142): GC_CONCURRENT freed 404K, 77% free 1437K/6019K, paused 0ms+1ms
D/dalvikvm( 1142): GC_CONCURRENT freed 517K, 77% free 1420K/6019K, paused 1ms+1ms
D/dalvikvm( 1142): GC_CONCURRENT freed 488K, 78% free 1325K/6019K, paused 1ms+1ms
D/dalvikvm( 1142): GC_CONCURRENT freed 402K, 77% free 1428K/6019K, paused 1ms+1ms
D/dalvikvm( 1142): GC_CONCURRENT freed 490K, 76% free 1448K/6019K, paused 1ms+1ms
D/dalvikvm( 1142): GC_CONCURRENT freed 513K, 78% free 1325K/6019K, paused 1ms+1ms
D/dalvikvm( 1142): GC_CONCURRENT freed 404K, 79% free 1321K/6019K, paused 1ms+1ms
D/dalvikvm( 1142): GC_CONCURRENT freed 396K, 79% free 1319K/6019K, paused 1ms+1ms
D/dalvikvm( 1142): GC_CONCURRENT freed 404K, 79% free 1308K/6019K, paused 1ms+1ms
D/dalvikvm( 1142): GC_CONCURRENT freed 393K, 79% free 1324K/6019K, paused 1ms+1ms
D/dalvikvm( 1142): GC_CONCURRENT freed 393K, 78% free 1324K/6019K, paused 1ms+1ms
D/dalvikvm( 1142): GC_CONCURRENT freed 393K, 78% free 1324K/6019K, paused 1ms+0ms
D/dalvikvm( 1142): GC_CONCURRENT freed 393K, 78% free 1324K/6019K, paused 1ms+1ms
D/dalvikvm( 1142): GC_CONCURRENT freed 393K, 78% free 1329K/6019K, paused 1ms+1ms
D/dalvikvm( 1142): GC_CONCURRENT freed 403K, 79% free 1312K/6019K, paused 1ms+1ms
D/dalvikvm( 1142): GC_CONCURRENT freed 394K, 79% free 1311K/6019K, paused 0ms+1ms
D/dalvikvm( 1142): GC_CONCURRENT freed 394K, 76% free 1460K/6019K, paused 1ms+1ms
D/dalvikvm( 1142): GC_CONCURRENT freed 528K, 78% free 1325K/6019K, paused 0ms+1ms
D/dalvikvm( 1142): GC_CONCURRENT freed 395K, 78% free 1329K/6019K, paused 1ms+1ms
D/dalvikvm( 1142): GC_CONCURRENT freed 404K, 78% free 1381K/6019K, paused 1ms+1ms
D/dalvikvm( 1142): GC_CONCURRENT freed 556K, 78% free 1324K/6019K, paused 1ms+1ms
D/dalvikvm( 1142): GC_CONCURRENT freed 397K, 78% free 1337K/6019K, paused 1ms+1ms
D/dalvikvm( 1142): GC_CONCURRENT freed 406K, 78% free 1324K/6019K, paused 1ms+1ms
D/dalvikvm( 1142): GC_CONCURRENT freed 401K, 77% free 1421K/6019K, paused 1ms+1ms
D/dalvikvm( 1142): GC_CONCURRENT freed 490K, 77% free 1406K/6019K, paused 1ms+1ms
D/dalvikvm( 1142): GC_CONCURRENT freed 475K, 78% free 1371K/6019K, paused 1ms+1ms
D/dalvikvm( 1142): GC_CONCURRENT freed 445K, 77% free 1437K/6019K, paused 1ms+1ms
D/dalvikvm( 1142): GC_CONCURRENT freed 516K, 77% free 1427K/6019K, paused 1ms+2ms
D/dalvikvm( 1142): GC_CONCURRENT freed 487K, 78% free 1325K/6019K, paused 1ms+1ms
D/dalvikvm( 1142): GC_CONCURRENT freed 405K, 79% free 1321K/6019K, paused 1ms+1ms
D/dalvikvm( 1142): GC_CONCURRENT freed 396K, 79% free 1311K/6019K, paused 0ms+1ms
D/dalvikvm( 1142): GC_CONCURRENT freed 394K, 79% free 1320K/6019K, paused 1ms+1ms
D/dalvikvm( 1142): GC_CONCURRENT freed 389K, 79% free 1322K/6019K, paused 1ms+1ms
D/HomePlayerLib( 1142): hostaddress count is 2
D/dalvikvm( 1142): GC_CONCURRENT freed 402K, 77% free 1428K/6019K, paused 0ms+1ms
D/dalvikvm( 1142): GC_CONCURRENT freed 503K, 77% free 1419K/6019K, paused 1ms+1ms
D/dalvikvm( 1142): GC_CONCURRENT freed 500K, 79% free 1311K/6019K, paused 1ms+1ms
D/dalvikvm( 1142): GC_CONCURRENT freed 391K, 79% free 1312K/6019K, paused 1ms+1ms
D/dalvikvm( 1142): GC_CONCURRENT freed 392K, 78% free 1373K/6019K, paused 0ms+1ms
D/dalvikvm( 1142): GC_CONCURRENT freed 442K, 79% free 1316K/6019K, paused 1ms+1ms
D/dalvikvm( 1142): GC_CONCURRENT freed 364K, 78% free 1341K/6019K, paused 1ms+1ms
D/dalvikvm( 1142): GC_CONCURRENT freed 421K, 79% free 1320K/6019K, paused 1ms+1ms
D/dalvikvm( 1142): GC_CONCURRENT freed 380K, 78% free 1326K/6019K, paused 0ms+1ms
D/dalvikvm( 1142): GC_CONCURRENT freed 359K, 78% free 1355K/6019K, paused 1ms+1ms
D/dalvikvm( 1142): GC_CONCURRENT freed 424K, 78% free 1327K/6019K, paused 1ms+1ms
D/dalvikvm( 1142): GC_CONCURRENT freed 392K, 78% free 1328K/6019K, paused 1ms+1ms
D/dalvikvm( 1142): GC_CONCURRENT freed 402K, 78% free 1384K/6019K, paused 1ms+1ms
D/dalvikvm( 1142): GC_CONCURRENT freed 446K, 78% free 1329K/6019K, paused 1ms+1ms
D/dalvikvm( 1142): GC_CONCURRENT freed 394K, 78% free 1328K/6019K, paused 1ms+1ms
D/dalvikvm( 1142): GC_CONCURRENT freed 406K, 78% free 1325K/6019K, paused 1ms+1ms
D/dalvikvm( 1142): GC_CONCURRENT freed 395K, 79% free 1324K/6019K, paused 1ms+1ms
D/dalvikvm( 1142): GC_CONCURRENT freed 393K, 78% free 1324K/6019K, paused 1ms+1ms
D/dalvikvm( 1142): GC_CONCURRENT freed 393K, 78% free 1324K/6019K, paused 0ms+1ms
D/dalvikvm( 1142): GC_CONCURRENT freed 392K, 78% free 1324K/6019K, paused 1ms+1ms
D/dalvikvm( 1142): GC_CONCURRENT freed 392K, 78% free 1325K/6019K, paused 1ms+1ms
D/dalvikvm( 1142): GC_CONCURRENT freed 404K, 78% free 1337K/6019K, paused 1ms+1ms
D/dalvikvm( 1142): GC_CONCURRENT freed 409K, 78% free 1324K/6019K, paused 1ms+2ms
D/dalvikvm( 1142): GC_CONCURRENT freed 392K, 78% free 1324K/6019K, paused 0ms+1ms
D/dalvikvm( 1142): GC_CONCURRENT freed 392K, 78% free 1324K/6019K, paused 1ms+1ms
D/dalvikvm( 1142): GC_CONCURRENT freed 393K, 78% free 1324K/6019K, paused 1ms+1ms
D/dalvikvm( 1142): GC_CONCURRENT freed 393K, 78% free 1324K/6019K, paused 1ms+2ms
D/dalvikvm( 1142): GC_CONCURRENT freed 393K, 78% free 1324K/6019K, paused 1ms+2ms
D/dalvikvm( 1142): GC_CONCURRENT freed 393K, 78% free 1325K/6019K, paused 1ms+1ms
D/dalvikvm( 1142): GC_CONCURRENT freed 401K, 78% free 1337K/6019K, paused 1ms+1ms
D/dalvikvm( 1142): GC_CONCURRENT freed 409K, 78% free 1324K/6019K, paused 1ms+1ms
D/dalvikvm( 1142): GC_CONCURRENT freed 394K, 79% free 1323K/6019K, paused 1ms+1ms
D/dalvikvm( 1142): GC_CONCURRENT freed 393K, 79% free 1324K/6019K, paused 1ms+1ms
D/dalvikvm( 1142): GC_CONCURRENT freed 393K, 78% free 1324K/6019K, paused 1ms+1ms
D/dalvikvm( 1142): GC_CONCURRENT freed 393K, 78% free 1324K/6019K, paused 1ms+1ms
D/dalvikvm( 1142): GC_CONCURRENT freed 392K, 78% free 1324K/6019K, paused 1ms+1ms
D/dalvikvm( 1142): GC_CONCURRENT freed 392K, 78% free 1325K/6019K, paused 1ms+1ms
D/dalvikvm( 1142): GC_CONCURRENT freed 404K, 79% free 1321K/6019K, paused 1ms+1ms
D/dalvikvm( 1142): GC_CONCURRENT freed 396K, 79% free 1311K/6019K, paused 1ms+1ms
D/dalvikvm( 1142): GC_CONCURRENT freed 394K, 79% free 1320K/6019K, paused 1ms+1ms
D/dalvikvm( 1142): GC_CONCURRENT freed 405K, 79% free 1324K/6019K, paused 1ms+1ms
D/dalvikvm( 1142): GC_CONCURRENT freed 392K, 78% free 1324K/6019K, paused 1ms+1ms
D/dalvikvm( 1142): GC_CONCURRENT freed 393K, 78% free 1324K/6019K, paused 1ms+1ms
D/dalvikvm( 1142): GC_CONCURRENT freed 403K, 79% free 1312K/6019K, paused 1ms+1ms
D/dalvikvm( 1142): GC_CONCURRENT freed 398K, 79% free 1302K/6019K, paused 1ms+1ms
D/dalvikvm( 1142): GC_CONCURRENT freed 383K, 78% free 1325K/6019K, paused 1ms+1ms
D/dalvikvm( 1142): GC_CONCURRENT freed 394K, 79% free 1324K/6019K, paused 1ms+1ms
D/dalvikvm( 1142): GC_CONCURRENT freed 393K, 79% free 1324K/6019K, paused 1ms+1ms
D/dalvikvm( 1142): GC_CONCURRENT freed 393K, 78% free 1324K/6019K, paused 1ms+1ms
D/dalvikvm( 1142): GC_CONCURRENT freed 410K, 77% free 1413K/6019K, paused 0ms+1ms
D/HomePlayerLib( 1142): hostaddress count is 2
D/dalvikvm( 1142): GC_CONCURRENT freed 488K, 77% free 1429K/6019K, paused 1ms+1ms
D/dalvikvm( 1142): GC_CONCURRENT freed 496K, 77% free 1423K/6019K, paused 1ms+1ms
D/dalvikvm( 1142): GC_CONCURRENT freed 504K, 77% free 1430K/6019K, paused 0ms+1ms
D/dalvikvm( 1142): GC_CONCURRENT freed 508K, 77% free 1433K/6019K, paused 1ms+1ms
D/dalvikvm( 1142): GC_CONCURRENT freed 497K, 76% free 1448K/6019K, paused 1ms+1ms
D/dalvikvm( 1142): GC_CONCURRENT freed 535K, 78% free 1346K/6019K, paused 1ms+1ms
D/dalvikvm( 1142): GC_CONCURRENT freed 404K, 76% free 1453K/6019K, paused 0ms+1ms
D/dalvikvm( 1142): GC_CONCURRENT freed 572K, 77% free 1391K/6019K, paused 0ms+1ms
D/dalvikvm( 1142): GC_CONCURRENT freed 455K, 77% free 1444K/6019K, paused 1ms+1ms
D/dalvikvm( 1142): GC_CONCURRENT freed 541K, 79% free 1303K/6019K, paused 0ms+1ms
D/dalvikvm( 1142): GC_CONCURRENT freed 384K, 77% free 1430K/6019K, paused 1ms+1ms
D/dalvikvm( 1142): GC_CONCURRENT freed 507K, 77% free 1434K/6019K, paused 1ms+1ms
D/dalvikvm( 1142): GC_CONCURRENT freed 496K, 78% free 1335K/6019K, paused 1ms+1ms
D/dalvikvm( 1142): GC_CONCURRENT freed 403K, 79% free 1317K/6019K, paused 0ms+1ms
D/dalvikvm( 1142): GC_CONCURRENT freed 396K, 79% free 1314K/6019K, paused 1ms+1ms
D/dalvikvm( 1142): GC_CONCURRENT freed 422K, 77% free 1401K/6019K, paused 1ms+0ms
D/dalvikvm( 1142): GC_CONCURRENT freed 484K, 77% free 1388K/6019K, paused 0ms+1ms
D/dalvikvm( 1142): GC_CONCURRENT freed 495K, 77% free 1403K/6019K, paused 1ms+1ms
D/dalvikvm( 1142): GC_CONCURRENT freed 479K, 78% free 1344K/6019K, paused 1ms+1ms
D/dalvikvm( 1142): GC_CONCURRENT freed 421K, 79% free 1313K/6019K, paused 1ms+1ms
D/dalvikvm( 1142): GC_CONCURRENT freed 368K, 77% free 1395K/6019K, paused 1ms+1ms
D/dalvikvm( 1142): GC_CONCURRENT freed 466K, 78% free 1330K/6019K, paused 1ms+1ms
D/dalvikvm( 1142): GC_CONCURRENT freed 389K, 78% free 1327K/6019K, paused 1ms+1ms
D/dalvikvm( 1142): GC_CONCURRENT freed 383K, 76% free 1451K/6019K, paused 1ms+1ms
D/dalvikvm( 1142): GC_CONCURRENT freed 532K, 79% free 1320K/6019K, paused 1ms+1ms
D/dalvikvm( 1142): GC_CONCURRENT freed 393K, 78% free 1361K/6019K, paused 1ms+1ms
D/dalvikvm( 1142): GC_CONCURRENT freed 429K, 77% free 1408K/6019K, paused 1ms+1ms
D/dalvikvm( 1142): GC_CONCURRENT freed 476K, 77% free 1408K/6019K, paused 1ms+1ms
W/System.err( 1233): org.apache.http.conn.ConnectionPoolTimeoutException: Timeout waiting for connection
W/System.err( 1233):    at org.apache.http.impl.conn.tsccm.ConnPoolByRoute.getEntryBlocking(ConnPoolByRoute.java:353)
W/System.err( 1233):    at org.apache.http.impl.conn.tsccm.ConnPoolByRoute$1.getPoolEntry(ConnPoolByRoute.java:238)
W/System.err( 1233):    at org.apache.http.impl.conn.tsccm.ThreadSafeClientConnManager$1.getConnection(ThreadSafeClientConnManager.java:177)
W/System.err( 1233):    at org.apache.http.impl.client.DefaultRequestDirector.execute(DefaultRequestDirector.java:326)
W/System.err( 1233):    at org.apache.http.impl.client.AbstractHttpClient.execute(AbstractHttpClient.java:555)
W/System.err( 1233):    at org.apache.http.impl.client.AbstractHttpClient.execute(AbstractHttpClient.java:487)
W/System.err( 1233):    at org.apache.http.impl.client.AbstractHttpClient.execute(AbstractHttpClient.java:465)
W/System.err( 1233):    at com.fiship.cibn.common.NetworkUtil.isConnectToServerByHttp(NetworkUtil.java:39)
W/System.err( 1233):    at com.fiship.cibn.weather.WeatherTask.doInBackground(WeatherTask.java:184)
W/System.err( 1233):    at com.fiship.cibn.weather.WeatherTask.doInBackground(WeatherTask.java:31)
W/System.err( 1233):    at android.os.AsyncTask$2.call(AsyncTask.java:264)
W/System.err( 1233):    at java.util.concurrent.FutureTask$Sync.innerRun(FutureTask.java:305)
W/System.err( 1233):    at java.util.concurrent.FutureTask.run(FutureTask.java:137)
W/System.err( 1233):    at android.os.AsyncTask$SerialExecutor$1.run(AsyncTask.java:208)
W/System.err( 1233):    at java.util.concurrent.ThreadPoolExecutor.runWorker(ThreadPoolExecutor.java:1076)
W/System.err( 1233):    at java.util.concurrent.ThreadPoolExecutor$Worker.run(ThreadPoolExecutor.java:569)
W/System.err( 1233):    at java.lang.Thread.run(Thread.java:856)
E/WeatherTask( 1233): can't connect the url : http://php.weather.sina.com.cn/iframe/index/w_cl.php?day=1
D/dalvikvm( 1142): GC_CONCURRENT freed 475K, 78% free 1371K/6019K, paused 0ms+1ms
D/dalvikvm( 1142): GC_CONCURRENT freed 443K, 79% free 1313K/6019K, paused 1ms+1ms
D/dalvikvm( 1142): GC_CONCURRENT freed 396K, 77% free 1419K/6019K, paused 0ms+1ms
D/dalvikvm( 1142): GC_CONCURRENT freed 487K, 77% free 1422K/6019K, paused 1ms+1ms
D/dalvikvm( 1142): GC_CONCURRENT freed 507K, 79% free 1316K/6019K, paused 1ms+1ms
D/dalvikvm( 1142): GC_CONCURRENT freed 386K, 77% free 1432K/6019K, paused 1ms+1ms
D/dalvikvm( 1142): GC_CONCURRENT freed 504K, 79% free 1313K/6019K, paused 1ms+1ms
D/dalvikvm( 1142): GC_CONCURRENT freed 395K, 79% free 1311K/6019K, paused 1ms+1ms
D/dalvikvm( 1142): GC_CONCURRENT freed 391K, 78% free 1383K/6019K, paused 1ms+1ms
D/dalvikvm( 1142): GC_CONCURRENT freed 456K, 79% free 1322K/6019K, paused 1ms+1ms
D/dalvikvm( 1142): GC_CONCURRENT freed 396K, 77% free 1435K/6019K, paused 1ms+1ms
D/dalvikvm( 1142): GC_CONCURRENT freed 515K, 77% free 1420K/6019K, paused 0ms+1ms
D/dalvikvm( 1142): GC_CONCURRENT freed 497K, 77% free 1422K/6019K, paused 1ms+1ms
D/dalvikvm( 1142): GC_CONCURRENT freed 490K, 77% free 1431K/6019K, paused 0ms+1ms
D/dalvikvm( 1142): GC_CONCURRENT freed 502K, 79% free 1313K/6019K, paused 1ms+1ms
D/dalvikvm( 1142): GC_CONCURRENT freed 399K, 79% free 1301K/6019K, paused 1ms+1ms
D/dalvikvm( 1142): GC_CONCURRENT freed 385K, 79% free 1308K/6019K, paused 1ms+1ms
D/dalvikvm( 1142): GC_CONCURRENT freed 394K, 77% free 1422K/6019K, paused 1ms+1ms
D/dalvikvm( 1142): GC_CONCURRENT freed 501K, 79% free 1312K/6019K, paused 1ms+1ms
D/dalvikvm( 1142): GC_CONCURRENT freed 394K, 79% free 1312K/6019K, paused 1ms+1ms
D/dalvikvm( 1142): GC_CONCURRENT freed 393K, 78% free 1343K/6019K, paused 1ms+1ms
D/dalvikvm( 1142): GC_CONCURRENT freed 418K, 78% free 1381K/6019K, paused 1ms+1ms
D/dalvikvm( 1142): GC_CONCURRENT freed 449K, 77% free 1405K/6019K, paused 0ms+1ms
D/dalvikvm( 1142): GC_CONCURRENT freed 473K, 78% free 1325K/6019K, paused 1ms+1ms
D/dalvikvm( 1142): GC_CONCURRENT freed 394K, 78% free 1324K/6019K, paused 1ms+1ms
D/dalvikvm( 1142): GC_CONCURRENT freed 393K, 78% free 1325K/6019K, paused 1ms+1ms
D/dalvikvm( 1142): GC_CONCURRENT freed 400K, 79% free 1323K/6019K, paused 0ms+1ms
D/HomePlayerLib( 1142): hostaddress count is 2
D/dalvikvm( 1142): GC_CONCURRENT freed 405K, 79% free 1310K/6019K, paused 1ms+1ms
D/dalvikvm( 1142): GC_CONCURRENT freed 387K, 77% free 1432K/6019K, paused 1ms+1ms
D/dalvikvm( 1142): GC_CONCURRENT freed 510K, 79% free 1307K/6019K, paused 0ms+1ms
D/dalvikvm( 1142): GC_CONCURRENT freed 393K, 79% free 1302K/6019K, paused 1ms+1ms
D/dalvikvm( 1142): GC_CONCURRENT freed 375K, 78% free 1327K/6019K, paused 0ms+1ms
D/dalvikvm( 1142): GC_CONCURRENT freed 393K, 78% free 1328K/6019K, paused 1ms+1ms
D/dalvikvm( 1142): GC_CONCURRENT freed 393K, 78% free 1326K/6019K, paused 1ms+2ms
D/dalvikvm( 1142): GC_CONCURRENT freed 392K, 78% free 1329K/6019K, paused 1ms+1ms
D/dalvikvm( 1142): GC_CONCURRENT freed 393K, 78% free 1327K/6019K, paused 2ms+1ms
D/dalvikvm( 1142): GC_CONCURRENT freed 391K, 77% free 1415K/6019K, paused 1ms+1ms
D/dalvikvm( 1142): GC_CONCURRENT freed 494K, 78% free 1327K/6019K, paused 1ms+1ms
D/dalvikvm( 1142): GC_CONCURRENT freed 410K, 78% free 1326K/6019K, paused 1ms+1ms
D/dalvikvm( 1142): GC_CONCURRENT freed 393K, 78% free 1328K/6019K, paused 1ms+2ms
D/dalvikvm( 1142): GC_CONCURRENT freed 392K, 78% free 1328K/6019K, paused 1ms+1ms
D/dalvikvm( 1142): GC_CONCURRENT freed 393K, 78% free 1326K/6019K, paused 1ms+1ms
D/dalvikvm( 1142): GC_CONCURRENT freed 390K, 76% free 1500K/6019K, paused 1ms+2ms
D/dalvikvm( 1142): GC_CONCURRENT freed 578K, 77% free 1428K/6019K, paused 0ms+1ms
D/dalvikvm( 1142): GC_CONCURRENT freed 489K, 78% free 1326K/6019K, paused 1ms+1ms
D/dalvikvm( 1142): GC_CONCURRENT freed 396K, 78% free 1324K/6019K, paused 0ms+1ms
D/dalvikvm( 1142): GC_CONCURRENT freed 393K, 78% free 1324K/6019K, paused 1ms+1ms
D/dalvikvm( 1142): GC_CONCURRENT freed 401K, 79% free 1321K/6019K, paused 1ms+1ms
D/dalvikvm( 1142): GC_CONCURRENT freed 396K, 78% free 1336K/6019K, paused 1ms+1ms
D/dalvikvm( 1142): GC_CONCURRENT freed 405K, 79% free 1324K/6019K, paused 1ms+1ms
D/dalvikvm( 1142): GC_CONCURRENT freed 392K, 78% free 1324K/6019K, paused 1ms+1ms
D/dalvikvm( 1142): GC_CONCURRENT freed 433K, 77% free 1390K/6019K, paused 0ms+1ms
D/dalvikvm( 1142): GC_CONCURRENT freed 472K, 79% free 1309K/6019K, paused 1ms+1ms
D/dalvikvm( 1142): GC_CONCURRENT freed 380K, 77% free 1407K/6019K, paused 1ms+1ms
D/dalvikvm( 1142): GC_CONCURRENT freed 477K, 77% free 1421K/6019K, paused 1ms+0ms
D/dalvikvm( 1142): GC_CONCURRENT freed 502K, 78% free 1344K/6019K, paused 1ms+1ms
D/dalvikvm( 1142): GC_CONCURRENT freed 417K, 79% free 1312K/6019K, paused 0ms+1ms
D/dalvikvm( 1142): GC_CONCURRENT freed 395K, 79% free 1310K/6019K, paused 0ms+1ms
D/dalvikvm( 1142): GC_CONCURRENT freed 394K, 79% free 1311K/6019K, paused 0ms+1ms
D/dalvikvm( 1142): GC_CONCURRENT freed 393K, 79% free 1311K/6019K, paused 0ms+1ms
D/dalvikvm( 1142): GC_CONCURRENT freed 394K, 77% free 1418K/6019K, paused 1ms+1ms
D/dalvikvm( 1142): GC_CONCURRENT freed 487K, 78% free 1325K/6019K, paused 0ms+1ms
D/dalvikvm( 1142): GC_CONCURRENT freed 399K, 79% free 1323K/6019K, paused 1ms+1ms
D/dalvikvm( 1142): GC_CONCURRENT freed 433K, 77% free 1389K/6019K, paused 1ms+1ms
D/dalvikvm( 1142): GC_CONCURRENT freed 461K, 79% free 1321K/6019K, paused 1ms+1ms
D/dalvikvm( 1142): GC_CONCURRENT freed 394K, 79% free 1320K/6019K, paused 1ms+1ms
D/dalvikvm( 1142): GC_CONCURRENT freed 393K, 79% free 1321K/6019K, paused 1ms+1ms
D/dalvikvm( 1142): GC_CONCURRENT freed 405K, 79% free 1306K/6019K, paused 1ms+1ms
D/dalvikvm( 1142): GC_CONCURRENT freed 376K, 77% free 1407K/6019K, paused 1ms+1ms
D/dalvikvm( 1142): GC_CONCURRENT freed 476K, 78% free 1324K/6019K, paused 1ms+1ms
D/dalvikvm( 1142): GC_CONCURRENT freed 394K, 77% free 1430K/6019K, paused 1ms+1ms
D/dalvikvm( 1142): GC_CONCURRENT freed 512K, 79% free 1307K/6019K, paused 1ms+1ms
D/dalvikvm( 1142): GC_CONCURRENT freed 378K, 79% free 1323K/6019K, paused 1ms+1ms
D/dalvikvm( 1142): GC_CONCURRENT freed 393K, 79% free 1324K/6019K, paused 1ms+1ms
D/dalvikvm( 1142): GC_CONCURRENT freed 394K, 79% free 1323K/6019K, paused 1ms+1ms
D/dalvikvm( 1142): GC_CONCURRENT freed 393K, 79% free 1324K/6019K, paused 1ms+1ms
D/dalvikvm( 1142): GC_CONCURRENT freed 392K, 79% free 1324K/6019K, paused 1ms+1ms
D/dalvikvm( 1142): GC_CONCURRENT freed 392K, 78% free 1324K/6019K, paused 1ms+1ms
D/dalvikvm( 1142): GC_CONCURRENT freed 393K, 78% free 1324K/6019K, paused 0ms+1ms
D/dalvikvm( 1142): GC_CONCURRENT freed 393K, 78% free 1325K/6019K, paused 0ms+1ms
D/dalvikvm( 1142): GC_CONCURRENT freed 404K, 77% free 1422K/6019K, paused 1ms+1ms
D/dalvikvm( 1142): GC_CONCURRENT freed 489K, 77% free 1431K/6019K, paused 1ms+2ms
D/dalvikvm( 1142): GC_CONCURRENT freed 514K, 78% free 1325K/6019K, paused 1ms+1ms
D/dalvikvm( 1142): GC_CONCURRENT freed 405K, 77% free 1421K/6019K, paused 1ms+2ms
D/dalvikvm( 1142): GC_CONCURRENT freed 500K, 77% free 1435K/6019K, paused 0ms+1ms
D/HomePlayerLib( 1142): hostaddress count is 2
D/dalvikvm( 1142): GC_CONCURRENT freed 515K, 77% free 1436K/6019K, paused 1ms+1ms
D/dalvikvm( 1142): GC_CONCURRENT freed 518K, 77% free 1405K/6019K, paused 1ms+1ms
D/dalvikvm( 1142): GC_CONCURRENT freed 491K, 78% free 1354K/6019K, paused 1ms+1ms
D/dalvikvm( 1142): GC_CONCURRENT freed 430K, 75% free 1538K/6019K, paused 1ms+1ms
D/dalvikvm( 1142): GC_CONCURRENT freed 601K, 78% free 1331K/6019K, paused 1ms+1ms
D/dalvikvm( 1142): GC_CONCURRENT freed 404K, 76% free 1465K/6019K, paused 1ms+2ms
D/dalvikvm( 1142): GC_CONCURRENT freed 529K, 78% free 1330K/6019K, paused 1ms+1ms
D/dalvikvm( 1142): GC_CONCURRENT freed 394K, 78% free 1326K/6019K, paused 1ms+1ms
D/dalvikvm( 1142): GC_CONCURRENT freed 392K, 78% free 1374K/6019K, paused 0ms+1ms
D/dalvikvm( 1142): GC_CONCURRENT freed 454K, 77% free 1425K/6019K, paused 1ms+1ms
D/dalvikvm( 1142): GC_CONCURRENT freed 491K, 77% free 1433K/6019K, paused 1ms+1ms
D/dalvikvm( 1142): GC_CONCURRENT freed 500K, 79% free 1317K/6019K, paused 1ms+1ms
D/dalvikvm( 1142): GC_CONCURRENT freed 406K, 79% free 1308K/6019K, paused 1ms+1ms
D/dalvikvm( 1142): GC_CONCURRENT freed 374K, 77% free 1442K/6019K, paused 1ms+1ms
D/dalvikvm( 1142): GC_CONCURRENT freed 513K, 77% free 1435K/6019K, paused 0ms+1ms
D/dalvikvm( 1142): GC_CONCURRENT freed 517K, 79% free 1302K/6019K, paused 1ms+1ms
D/dalvikvm( 1142): GC_CONCURRENT freed 378K, 79% free 1312K/6019K, paused 1ms+1ms
D/dalvikvm( 1142): GC_CONCURRENT freed 396K, 79% free 1311K/6019K, paused 1ms+1ms
D/dalvikvm( 1142): GC_CONCURRENT freed 392K, 77% free 1425K/6019K, paused 1ms+1ms
D/dalvikvm( 1142): GC_CONCURRENT freed 486K, 78% free 1325K/6019K, paused 0ms+1ms
D/dalvikvm( 1142): GC_CONCURRENT freed 394K, 78% free 1324K/6019K, paused 1ms+1ms
D/dalvikvm( 1142): GC_CONCURRENT freed 393K, 79% free 1324K/6019K, paused 1ms+1ms
D/dalvikvm( 1142): GC_CONCURRENT freed 401K, 79% free 1312K/6019K, paused 1ms+1ms
D/dalvikvm( 1142): GC_CONCURRENT freed 396K, 79% free 1310K/6019K, paused 1ms+1ms
D/dalvikvm( 1142): GC_CONCURRENT freed 394K, 79% free 1311K/6019K, paused 1ms+1ms
D/dalvikvm( 1142): GC_CONCURRENT freed 394K, 79% free 1311K/6019K, paused 0ms+1ms
D/dalvikvm( 1142): GC_CONCURRENT freed 393K, 79% free 1311K/6019K, paused 0ms+1ms
D/dalvikvm( 1142): GC_CONCURRENT freed 394K, 79% free 1311K/6019K, paused 1ms+1ms
D/dalvikvm( 1142): GC_CONCURRENT freed 393K, 79% free 1312K/6019K, paused 0ms+1ms
D/dalvikvm( 1142): GC_CONCURRENT freed 391K, 78% free 1343K/6019K, paused 1ms+1ms
D/dalvikvm( 1142): GC_CONCURRENT freed 416K, 77% free 1438K/6019K, paused 2ms+1ms
D/dalvikvm( 1142): GC_CONCURRENT freed 517K, 77% free 1427K/6019K, paused 0ms+1ms
W/System.err( 1233): org.apache.http.conn.ConnectionPoolTimeoutException: Timeout waiting for connection
W/System.err( 1233):    at org.apache.http.impl.conn.tsccm.ConnPoolByRoute.getEntryBlocking(ConnPoolByRoute.java:353)
W/System.err( 1233):    at org.apache.http.impl.conn.tsccm.ConnPoolByRoute$1.getPoolEntry(ConnPoolByRoute.java:238)
W/System.err( 1233):    at org.apache.http.impl.conn.tsccm.ThreadSafeClientConnManager$1.getConnection(ThreadSafeClientConnManager.java:177)
W/System.err( 1233):    at org.apache.http.impl.client.DefaultRequestDirector.execute(DefaultRequestDirector.java:326)
W/System.err( 1233):    at org.apache.http.impl.client.AbstractHttpClient.execute(AbstractHttpClient.java:555)
W/System.err( 1233):    at org.apache.http.impl.client.AbstractHttpClient.execute(AbstractHttpClient.java:487)
W/System.err( 1233):    at org.apache.http.impl.client.AbstractHttpClient.execute(AbstractHttpClient.java:465)
W/System.err( 1233):    at com.fiship.cibn.common.NetworkUtil.isConnectToServerByHttp(NetworkUtil.java:39)
W/System.err( 1233):    at com.fiship.cibn.weather.WeatherTask.doInBackground(WeatherTask.java:184)
W/System.err( 1233):    at com.fiship.cibn.weather.WeatherTask.doInBackground(WeatherTask.java:31)
W/System.err( 1233):    at android.os.AsyncTask$2.call(AsyncTask.java:264)
W/System.err( 1233):    at java.util.concurrent.FutureTask$Sync.innerRun(FutureTask.java:305)
W/System.err( 1233):    at java.util.concurrent.FutureTask.run(FutureTask.java:137)
W/System.err( 1233):    at android.os.AsyncTask$SerialExecutor$1.run(AsyncTask.java:208)
W/System.err( 1233):    at java.util.concurrent.ThreadPoolExecutor.runWorker(ThreadPoolExecutor.java:1076)
W/System.err( 1233):    at java.util.concurrent.ThreadPoolExecutor$Worker.run(ThreadPoolExecutor.java:569)
W/System.err( 1233):    at java.lang.Thread.run(Thread.java:856)
E/WeatherTask( 1233): can't connect the url : http://php.weather.sina.com.cn/iframe/index/w_cl.php?day=1
D/dalvikvm( 1142): GC_CONCURRENT freed 488K, 78% free 1330K/6019K, paused 2ms+1ms
D/dalvikvm( 1142): GC_CONCURRENT freed 403K, 77% free 1436K/6019K, paused 1ms+1ms
D/dalvikvm( 1142): GC_CONCURRENT freed 516K, 79% free 1312K/6019K, paused 1ms+2ms
D/dalvikvm( 1142): GC_CONCURRENT freed 395K, 78% free 1379K/6019K, paused 1ms+1ms
D/dalvikvm( 1142): GC_CONCURRENT freed 446K, 78% free 1325K/6019K, paused 1ms+1ms
D/dalvikvm( 1142): GC_CONCURRENT freed 405K, 79% free 1312K/6019K, paused 1ms+1ms
D/dalvikvm( 1142): GC_CONCURRENT freed 394K, 77% free 1426K/6019K, paused 1ms+1ms
D/dalvikvm( 1142): GC_CONCURRENT freed 486K, 76% free 1447K/6019K, paused 1ms+1ms
D/dalvikvm( 1142): GC_CONCURRENT freed 526K, 78% free 1364K/6019K, paused 1ms+1ms
D/dalvikvm( 1142): GC_CONCURRENT freed 438K, 79% free 1320K/6019K, paused 1ms+1ms
D/dalvikvm( 1142): GC_CONCURRENT freed 394K, 79% free 1312K/6019K, paused 1ms+1ms
D/dalvikvm( 1142): GC_CONCURRENT freed 392K, 79% free 1320K/6019K, paused 1ms+1ms
D/dalvikvm( 1142): GC_CONCURRENT freed 392K, 77% free 1436K/6019K, paused 1ms+1ms
D/HomePlayerLib( 1142): hostaddress count is 2
D/dalvikvm( 1142): GC_CONCURRENT freed 503K, 78% free 1334K/6019K, paused 1ms+1ms
D/dalvikvm( 1142): GC_CONCURRENT freed 417K, 77% free 1423K/6019K, paused 1ms+1ms
D/dalvikvm( 1142): GC_CONCURRENT freed 497K, 78% free 1359K/6019K, paused 1ms+1ms
D/dalvikvm( 1142): GC_CONCURRENT freed 437K, 77% free 1430K/6019K, paused 1ms+2ms
D/dalvikvm( 1142): GC_CONCURRENT freed 485K, 76% free 1477K/6019K, paused 0ms+1ms
D/dalvikvm( 1142): GC_CONCURRENT freed 557K, 77% free 1431K/6019K, paused 1ms+1ms
D/dalvikvm( 1142): GC_CONCURRENT freed 487K, 76% free 1455K/6019K, paused 1ms+1ms
D/dalvikvm( 1142): GC_CONCURRENT freed 517K, 76% free 1446K/6019K, paused 0ms+1ms
D/dalvikvm( 1142): GC_CONCURRENT freed 511K, 77% free 1431K/6019K, paused 0ms+1ms
D/dalvikvm( 1142): GC_CONCURRENT freed 502K, 77% free 1406K/6019K, paused 1ms+1ms
D/dalvikvm( 1142): GC_CONCURRENT freed 465K, 76% free 1452K/6019K, paused 1ms+1ms
D/dalvikvm( 1142): GC_CONCURRENT freed 522K, 77% free 1435K/6019K, paused 1ms+1ms
D/dalvikvm( 1142): GC_CONCURRENT freed 515K, 78% free 1326K/6019K, paused 1ms+1ms
D/dalvikvm( 1142): GC_CONCURRENT freed 405K, 78% free 1325K/6019K, paused 1ms+1ms
D/dalvikvm( 1142): GC_CONCURRENT freed 407K, 78% free 1338K/6019K, paused 1ms+1ms
D/dalvikvm( 1142): GC_CONCURRENT freed 407K, 78% free 1324K/6019K, paused 1ms+1ms
D/dalvikvm( 1142): GC_CONCURRENT freed 392K, 78% free 1324K/6019K, paused 1ms+2ms
D/dalvikvm( 1142): GC_CONCURRENT freed 393K, 78% free 1324K/6019K, paused 1ms+1ms
D/dalvikvm( 1142): GC_CONCURRENT freed 393K, 78% free 1324K/6019K, paused 1ms+1ms
D/dalvikvm( 1142): GC_CONCURRENT freed 393K, 78% free 1325K/6019K, paused 1ms+1ms
D/dalvikvm( 1142): GC_CONCURRENT freed 403K, 79% free 1321K/6019K, paused 1ms+1ms
D/dalvikvm( 1142): GC_CONCURRENT freed 395K, 79% free 1319K/6019K, paused 1ms+1ms
D/dalvikvm( 1142): GC_CONCURRENT freed 394K, 79% free 1320K/6019K, paused 0ms+1ms
D/dalvikvm( 1142): GC_CONCURRENT freed 393K, 79% free 1320K/6019K, paused 1ms+1ms
D/dalvikvm( 1142): GC_CONCURRENT freed 394K, 79% free 1320K/6019K, paused 1ms+1ms
D/dalvikvm( 1142): GC_CONCURRENT freed 405K, 78% free 1324K/6019K, paused 1ms+1ms
D/dalvikvm( 1142): GC_CONCURRENT freed 392K, 78% free 1324K/6019K, paused 1ms+1ms
D/dalvikvm( 1142): GC_CONCURRENT freed 393K, 78% free 1325K/6019K, paused 1ms+1ms
D/dalvikvm( 1142): GC_CONCURRENT freed 404K, 79% free 1321K/6019K, paused 1ms+1ms
D/dalvikvm( 1142): GC_FOR_ALLOC freed 530K, 79% free 1300K/6019K, paused 10ms
D/dalvikvm( 1142): GC_CONCURRENT freed 7K, 79% free 1301K/6019K, paused 1ms+1ms
D/dalvikvm( 1142): GC_CONCURRENT freed 374K, 77% free 1424K/6019K, paused 1ms+1ms
D/dalvikvm( 1142): GC_CONCURRENT freed 491K, 77% free 1408K/6019K, paused 1ms+1ms
D/dalvikvm( 1142): GC_CONCURRENT freed 474K, 78% free 1325K/6019K, paused 0ms+1ms
D/dalvikvm( 1142): GC_CONCURRENT freed 394K, 77% free 1406K/6019K, paused 0ms+1ms
D/dalvikvm( 1142): GC_CONCURRENT freed 473K, 78% free 1330K/6019K, paused 1ms+1ms
D/dalvikvm( 1142): GC_CONCURRENT freed 414K, 76% free 1497K/6019K, paused 1ms+1ms
D/dalvikvm( 1142): GC_CONCURRENT freed 558K, 78% free 1325K/6019K, paused 1ms+1ms
D/dalvikvm( 1142): GC_CONCURRENT freed 393K, 79% free 1324K/6019K, paused 1ms+1ms
D/dalvikvm( 1142): GC_CONCURRENT freed 393K, 78% free 1325K/6019K, paused 1ms+1ms
D/dalvikvm( 1142): GC_CONCURRENT freed 402K, 79% free 1321K/6019K, paused 1ms+1ms
D/dalvikvm( 1142): GC_CONCURRENT freed 395K, 79% free 1319K/6019K, paused 1ms+1ms
D/dalvikvm( 1142): GC_CONCURRENT freed 394K, 79% free 1312K/6019K, paused 1ms+1ms
D/dalvikvm( 1142): GC_CONCURRENT freed 393K, 78% free 1336K/6019K, paused 0ms+1ms
D/dalvikvm( 1142): GC_CONCURRENT freed 406K, 78% free 1324K/6019K, paused 1ms+1ms
D/dalvikvm( 1142): GC_CONCURRENT freed 394K, 78% free 1324K/6019K, paused 1ms+1ms
D/dalvikvm( 1142): GC_CONCURRENT freed 392K, 78% free 1324K/6019K, paused 1ms+1ms
D/dalvikvm( 1142): GC_CONCURRENT freed 392K, 78% free 1325K/6019K, paused 1ms+1ms
D/dalvikvm( 1142): GC_CONCURRENT freed 404K, 79% free 1321K/6019K, paused 1ms+1ms
D/dalvikvm( 1142): GC_CONCURRENT freed 396K, 76% free 1502K/6019K, paused 1ms+1ms
D/dalvikvm( 1142): GC_CONCURRENT freed 568K, 78% free 1325K/6019K, paused 1ms+1ms
D/dalvikvm( 1142): GC_CONCURRENT freed 393K, 78% free 1324K/6019K, paused 1ms+1ms
D/dalvikvm( 1142): GC_CONCURRENT freed 506K, 79% free 1323K/6019K, paused 1ms+1ms
D/HomePlayerLib( 1142): hostaddress count is 2
D/dalvikvm( 1142): GC_CONCURRENT freed 427K, 78% free 1362K/6019K, paused 1ms+1ms
D/dalvikvm( 1142): GC_CONCURRENT freed 414K, 75% free 1515K/6019K, paused 1ms+1ms
D/dalvikvm( 1142): GC_CONCURRENT freed 598K, 77% free 1429K/6019K, paused 1ms+1ms
D/dalvikvm( 1142): GC_CONCURRENT freed 509K, 77% free 1429K/6019K, paused 0ms+1ms
D/dalvikvm( 1142): GC_CONCURRENT freed 489K, 78% free 1329K/6019K, paused 1ms+1ms
D/dalvikvm( 1142): GC_CONCURRENT freed 394K, 78% free 1328K/6019K, paused 1ms+1ms
D/dalvikvm( 1142): GC_CONCURRENT freed 424K, 78% free 1337K/6019K, paused 1ms+1ms
D/dalvikvm( 1142): GC_CONCURRENT freed 401K, 78% free 1328K/6019K, paused 0ms+1ms
D/dalvikvm( 1142): GC_CONCURRENT freed 402K, 78% free 1333K/6019K, paused 1ms+1ms
D/dalvikvm( 1142): GC_CONCURRENT freed 376K, 78% free 1355K/6019K, paused 0ms+1ms
D/dalvikvm( 1142): GC_CONCURRENT freed 424K, 78% free 1329K/6019K, paused 0ms+1ms
D/dalvikvm( 1142): GC_CONCURRENT freed 393K, 78% free 1328K/6019K, paused 1ms+1ms
D/dalvikvm( 1142): GC_CONCURRENT freed 392K, 78% free 1370K/6019K, paused 1ms+1ms
D/dalvikvm( 1142): GC_CONCURRENT freed 434K, 78% free 1329K/6019K, paused 1ms+1ms
D/dalvikvm( 1142): GC_CONCURRENT freed 406K, 79% free 1311K/6019K, paused 1ms+1ms
D/dalvikvm( 1142): GC_CONCURRENT freed 396K, 79% free 1299K/6019K, paused 1ms+1ms
D/dalvikvm( 1142): GC_CONCURRENT freed 440K, 79% free 1305K/6019K, paused 1ms+1ms
D/dalvikvm( 1142): GC_CONCURRENT freed 379K, 77% free 1394K/6019K, paused 1ms+1ms
D/dalvikvm( 1142): GC_CONCURRENT freed 463K, 78% free 1328K/6019K, paused 1ms+1ms
D/dalvikvm( 1142): GC_CONCURRENT freed 382K, 78% free 1332K/6019K, paused 1ms+1ms
D/dalvikvm( 1142): GC_CONCURRENT freed 424K, 79% free 1311K/6019K, paused 1ms+1ms
D/dalvikvm( 1142): GC_CONCURRENT freed 388K, 79% free 1320K/6019K, paused 0ms+1ms
D/dalvikvm( 1142): GC_CONCURRENT freed 472K, 78% free 1360K/6019K, paused 1ms+1ms
D/dalvikvm( 1142): GC_CONCURRENT freed 443K, 79% free 1301K/6019K, paused 1ms+1ms
D/dalvikvm( 1142): GC_CONCURRENT freed 369K, 77% free 1411K/6019K, paused 1ms+1ms
D/dalvikvm( 1142): GC_CONCURRENT freed 485K, 77% free 1437K/6019K, paused 0ms+1ms
D/dalvikvm( 1142): GC_CONCURRENT freed 517K, 77% free 1420K/6019K, paused 1ms+1ms
D/dalvikvm( 1142): GC_CONCURRENT freed 487K, 78% free 1325K/6019K, paused 1ms+1ms
D/dalvikvm( 1142): GC_CONCURRENT freed 404K, 77% free 1395K/6019K, paused 1ms+1ms
D/dalvikvm( 1142): GC_CONCURRENT freed 476K, 79% free 1321K/6019K, paused 1ms+1ms
D/dalvikvm( 1142): GC_CONCURRENT freed 406K, 78% free 1324K/6019K, paused 1ms+1ms
D/dalvikvm( 1142): GC_CONCURRENT freed 393K, 78% free 1324K/6019K, paused 1ms+1ms
D/dalvikvm( 1142): GC_CONCURRENT freed 393K, 78% free 1324K/6019K, paused 1ms+1ms
D/dalvikvm( 1142): GC_CONCURRENT freed 393K, 78% free 1325K/6019K, paused 0ms+1ms
D/dalvikvm( 1142): GC_CONCURRENT freed 404K, 79% free 1322K/6019K, paused 1ms+1ms
D/dalvikvm( 1142): GC_CONCURRENT freed 397K, 79% free 1319K/6019K, paused 1ms+1ms
D/dalvikvm( 1142): GC_CONCURRENT freed 405K, 79% free 1308K/6019K, paused 1ms+1ms
D/dalvikvm( 1142): GC_CONCURRENT freed 392K, 78% free 1324K/6019K, paused 1ms+2ms
D/dalvikvm( 1142): GC_CONCURRENT freed 394K, 78% free 1324K/6019K, paused 1ms+1ms
D/dalvikvm( 1142): GC_CONCURRENT freed 393K, 78% free 1324K/6019K, paused 1ms+1ms
D/dalvikvm( 1142): GC_CONCURRENT freed 393K, 78% free 1324K/6019K, paused 1ms+2ms
D/dalvikvm( 1142): GC_CONCURRENT freed 393K, 78% free 1325K/6019K, paused 0ms+1ms
D/dalvikvm( 1142): GC_CONCURRENT freed 401K, 79% free 1321K/6019K, paused 1ms+1ms
D/dalvikvm( 1142): GC_CONCURRENT freed 396K, 79% free 1319K/6019K, paused 0ms+1ms
D/dalvikvm( 1142): GC_CONCURRENT freed 394K, 79% free 1312K/6019K, paused 1ms+1ms
D/dalvikvm( 1142): GC_CONCURRENT freed 394K, 79% free 1320K/6019K, paused 1ms+1ms
W/System.err( 1233): org.apache.http.conn.ConnectionPoolTimeoutException: Timeout waiting for connection
W/System.err( 1233):    at org.apache.http.impl.conn.tsccm.ConnPoolByRoute.getEntryBlocking(ConnPoolByRoute.java:353)
W/System.err( 1233):    at org.apache.http.impl.conn.tsccm.ConnPoolByRoute$1.getPoolEntry(ConnPoolByRoute.java:238)
W/System.err( 1233):    at org.apache.http.impl.conn.tsccm.ThreadSafeClientConnManager$1.getConnection(ThreadSafeClientConnManager.java:177)
W/System.err( 1233):    at org.apache.http.impl.client.DefaultRequestDirector.execute(DefaultRequestDirector.java:326)
W/System.err( 1233):    at org.apache.http.impl.client.AbstractHttpClient.execute(AbstractHttpClient.java:555)
W/System.err( 1233):    at org.apache.http.impl.client.AbstractHttpClient.execute(AbstractHttpClient.java:487)
W/System.err( 1233):    at org.apache.http.impl.client.AbstractHttpClient.execute(AbstractHttpClient.java:465)
W/System.err( 1233):    at com.fiship.cibn.common.NetworkUtil.isConnectToServerByHttp(NetworkUtil.java:39)
W/System.err( 1233):    at com.fiship.cibn.weather.WeatherTask.doInBackground(WeatherTask.java:184)
W/System.err( 1233):    at com.fiship.cibn.weather.WeatherTask.doInBackground(WeatherTask.java:31)
W/System.err( 1233):    at android.os.AsyncTask$2.call(AsyncTask.java:264)
W/System.err( 1233):    at java.util.concurrent.FutureTask$Sync.innerRun(FutureTask.java:305)
W/System.err( 1233):    at java.util.concurrent.FutureTask.run(FutureTask.java:137)
W/System.err( 1233):    at android.os.AsyncTask$SerialExecutor$1.run(AsyncTask.java:208)
W/System.err( 1233):    at java.util.concurrent.ThreadPoolExecutor.runWorker(ThreadPoolExecutor.java:1076)
W/System.err( 1233):    at java.util.concurrent.ThreadPoolExecutor$Worker.run(ThreadPoolExecutor.java:569)
W/System.err( 1233):    at java.lang.Thread.run(Thread.java:856)
E/WeatherTask( 1233): can't connect the url : http://php.weather.sina.com.cn/iframe/index/w_cl.php?day=1
D/dalvikvm( 1142): GC_CONCURRENT freed 394K, 77% free 1443K/6019K, paused 1ms+2ms
D/dalvikvm( 1142): GC_CONCURRENT freed 525K, 78% free 1350K/6019K, paused 1ms+2ms
D/dalvikvm( 1142): GC_CONCURRENT freed 419K, 78% free 1324K/6019K, paused 1ms+0ms
D/dalvikvm( 1142): GC_CONCURRENT freed 395K, 77% free 1429K/6019K, paused 1ms+1ms
D/dalvikvm( 1142): GC_CONCURRENT freed 476K, 76% free 1465K/6019K, paused 1ms+1ms
D/HomePlayerLib( 1142): hostaddress count is 2
D/dalvikvm( 1142): GC_CONCURRENT freed 545K, 79% free 1323K/6019K, paused 0ms+1ms
D/dalvikvm( 1142): GC_CONCURRENT freed 402K, 79% free 1309K/6019K, paused 0ms+1ms
D/dalvikvm( 1142): GC_CONCURRENT freed 389K, 77% free 1431K/6019K, paused 1ms+1ms
D/dalvikvm( 1142): GC_CONCURRENT freed 503K, 77% free 1439K/6019K, paused 1ms+1ms
D/dalvikvm( 1142): GC_CONCURRENT freed 508K, 77% free 1441K/6019K, paused 1ms+1ms
D/dalvikvm( 1142): GC_CONCURRENT freed 534K, 77% free 1418K/6019K, paused 1ms+1ms
D/dalvikvm( 1142): GC_CONCURRENT freed 437K, 76% free 1492K/6019K, paused 0ms+1ms
D/dalvikvm( 1142): GC_CONCURRENT freed 569K, 78% free 1333K/6019K, paused 1ms+1ms
D/dalvikvm( 1142): GC_CONCURRENT freed 403K, 79% free 1316K/6019K, paused 1ms+1ms
D/dalvikvm( 1142): GC_CONCURRENT freed 396K, 77% free 1430K/6019K, paused 1ms+1ms
D/dalvikvm( 1142): GC_CONCURRENT freed 487K, 76% free 1454K/6019K, paused 0ms+1ms
D/dalvikvm( 1142): GC_CONCURRENT freed 525K, 77% free 1427K/6019K, paused 1ms+1ms
D/dalvikvm( 1142): GC_CONCURRENT freed 498K, 78% free 1341K/6019K, paused 1ms+1ms
D/dalvikvm( 1142): GC_CONCURRENT freed 415K, 78% free 1351K/6019K, paused 0ms+1ms
D/dalvikvm( 1142): GC_CONCURRENT freed 430K, 78% free 1361K/6019K, paused 1ms+1ms
D/dalvikvm( 1142): GC_CONCURRENT freed 431K, 79% free 1315K/6019K, paused 1ms+1ms
D/dalvikvm( 1142): GC_CONCURRENT freed 393K, 79% free 1315K/6019K, paused 1ms+1ms
D/dalvikvm( 1142): GC_CONCURRENT freed 428K, 78% free 1363K/6019K, paused 1ms+1ms
D/dalvikvm( 1142): GC_CONCURRENT freed 423K, 78% free 1330K/6019K, paused 1ms+1ms
D/dalvikvm( 1142): GC_CONCURRENT freed 370K, 78% free 1361K/6019K, paused 1ms+1ms
D/dalvikvm( 1142): GC_CONCURRENT freed 425K, 78% free 1327K/6019K, paused 1ms+1ms
D/dalvikvm( 1142): GC_CONCURRENT freed 403K, 79% free 1309K/6019K, paused 1ms+1ms
D/dalvikvm( 1142): GC_CONCURRENT freed 374K, 77% free 1397K/6019K, paused 1ms+1ms
D/dalvikvm( 1142): GC_CONCURRENT freed 448K, 76% free 1465K/6019K, paused 0ms+1ms
D/dalvikvm( 1142): GC_CONCURRENT freed 546K, 78% free 1330K/6019K, paused 1ms+2ms
D/dalvikvm( 1142): GC_CONCURRENT freed 404K, 77% free 1437K/6019K, paused 0ms+1ms
D/dalvikvm( 1142): GC_CONCURRENT freed 517K, 79% free 1312K/6019K, paused 1ms+1ms
D/dalvikvm( 1142): GC_CONCURRENT freed 393K, 77% free 1394K/6019K, paused 0ms+1ms
D/dalvikvm( 1142): GC_CONCURRENT freed 480K, 79% free 1301K/6019K, paused 1ms+1ms
D/dalvikvm( 1142): GC_CONCURRENT freed 385K, 74% free 1574K/6019K, paused 1ms+1ms
D/dalvikvm( 1142): GC_CONCURRENT freed 638K, 78% free 1326K/6019K, paused 1ms+1ms
D/dalvikvm( 1142): GC_CONCURRENT freed 407K, 77% free 1421K/6019K, paused 1ms+1ms
D/dalvikvm( 1142): GC_CONCURRENT freed 488K, 77% free 1431K/6019K, paused 0ms+1ms
D/dalvikvm( 1142): GC_CONCURRENT freed 513K, 78% free 1325K/6019K, paused 1ms+1ms
D/dalvikvm( 1142): GC_CONCURRENT freed 404K, 77% free 1421K/6019K, paused 1ms+1ms
D/dalvikvm( 1142): GC_CONCURRENT freed 488K, 78% free 1324K/6019K, paused 1ms+1ms
D/dalvikvm( 1142): GC_CONCURRENT freed 393K, 78% free 1365K/6019K, paused 1ms+1ms
D/dalvikvm( 1142): GC_CONCURRENT freed 433K, 78% free 1324K/6019K, paused 1ms+1ms
D/dalvikvm( 1142): GC_CONCURRENT freed 392K, 78% free 1324K/6019K, paused 0ms+1ms
D/dalvikvm( 1142): GC_CONCURRENT freed 403K, 79% free 1312K/6019K, paused 1ms+1ms
D/dalvikvm( 1142): GC_CONCURRENT freed 396K, 79% free 1310K/6019K, paused 1ms+1ms
D/dalvikvm( 1142): GC_CONCURRENT freed 393K, 78% free 1336K/6019K, paused 1ms+1ms
D/dalvikvm( 1142): GC_CONCURRENT freed 405K, 78% free 1324K/6019K, paused 1ms+1ms
D/dalvikvm( 1142): GC_CONCURRENT freed 393K, 78% free 1324K/6019K, paused 1ms+1ms
D/dalvikvm( 1142): GC_CONCURRENT freed 393K, 78% free 1324K/6019K, paused 0ms+1ms
D/dalvikvm( 1142): GC_CONCURRENT freed 393K, 78% free 1324K/6019K, paused 1ms+1ms
D/dalvikvm( 1142): GC_CONCURRENT freed 393K, 78% free 1325K/6019K, paused 1ms+1ms
D/dalvikvm( 1142): GC_CONCURRENT freed 401K, 79% free 1321K/6019K, paused 1ms+1ms
D/dalvikvm( 1142): GC_CONCURRENT freed 396K, 79% free 1319K/6019K, paused 1ms+1ms
D/dalvikvm( 1142): GC_CONCURRENT freed 394K, 79% free 1320K/6019K, paused 1ms+1ms
D/dalvikvm( 1142): GC_CONCURRENT freed 394K, 79% free 1320K/6019K, paused 1ms+1ms
D/dalvikvm( 1142): GC_CONCURRENT freed 393K, 79% free 1320K/6019K, paused 1ms+1ms
D/dalvikvm( 1142): GC_CONCURRENT freed 405K, 78% free 1324K/6019K, paused 1ms+1ms
D/dalvikvm( 1142): GC_CONCURRENT freed 392K, 78% free 1324K/6019K, paused 1ms+1ms
D/dalvikvm( 1142): GC_CONCURRENT freed 393K, 78% free 1325K/6019K, paused 1ms+2ms
D/dalvikvm( 1142): GC_CONCURRENT freed 404K, 79% free 1321K/6019K, paused 1ms+1ms
D/dalvikvm( 1142): GC_CONCURRENT freed 396K, 78% free 1336K/6019K, paused 1ms+1ms
D/dalvikvm( 1142): GC_CONCURRENT freed 405K, 79% free 1324K/6019K, paused 1ms+1ms
D/dalvikvm( 1142): GC_CONCURRENT freed 392K, 78% free 1324K/6019K, paused 1ms+1ms
D/dalvikvm( 1142): GC_CONCURRENT freed 393K, 78% free 1324K/6019K, paused 1ms+2ms
D/dalvikvm( 1142): GC_CONCURRENT freed 393K, 77% free 1438K/6019K, paused 1ms+1ms
D/HomePlayerLib( 1142): hostaddress count is 2
D/dalvikvm( 1142): GC_CONCURRENT freed 505K, 76% free 1445K/6019K, paused 1ms+1ms
D/dalvikvm( 1142): GC_CONCURRENT freed 523K, 77% free 1387K/6019K, paused 1ms+1ms
D/dalvikvm( 1142): GC_CONCURRENT freed 422K, 78% free 1352K/6019K, paused 1ms+1ms
D/dalvikvm( 1142): GC_CONCURRENT freed 427K, 79% free 1322K/6019K, paused 0ms+1ms
D/dalvikvm( 1142): GC_CONCURRENT freed 437K, 78% free 1354K/6019K, paused 1ms+1ms
D/dalvikvm( 1142): GC_CONCURRENT freed 420K, 78% free 1383K/6019K, paused 1ms+1ms
D/dalvikvm( 1142): GC_CONCURRENT freed 456K, 78% free 1327K/6019K, paused 1ms+1ms
D/dalvikvm( 1142): GC_CONCURRENT freed 399K, 78% free 1326K/6019K, paused 1ms+1ms
D/dalvikvm( 1142): GC_CONCURRENT freed 396K, 79% free 1324K/6019K, paused 1ms+1ms
D/dalvikvm( 1142): GC_CONCURRENT freed 406K, 79% free 1304K/6019K, paused 1ms+1ms
D/dalvikvm( 1142): GC_CONCURRENT freed 359K, 78% free 1331K/6019K, paused 1ms+1ms
D/dalvikvm( 1142): GC_CONCURRENT freed 411K, 79% free 1304K/6019K, paused 1ms+1ms
D/dalvikvm( 1142): GC_CONCURRENT freed 367K, 78% free 1328K/6019K, paused 1ms+1ms
D/dalvikvm( 1142): GC_CONCURRENT freed 408K, 79% free 1307K/6019K, paused 1ms+1ms
D/dalvikvm( 1142): GC_CONCURRENT freed 377K, 79% free 1323K/6019K, paused 1ms+1ms
D/dalvikvm( 1142): GC_CONCURRENT freed 383K, 78% free 1330K/6019K, paused 1ms+1ms
D/dalvikvm( 1142): GC_CONCURRENT freed 412K, 79% free 1305K/6019K, paused 1ms+2ms
D/dalvikvm( 1142): GC_CONCURRENT freed 377K, 78% free 1329K/6019K, paused 1ms+1ms
D/dalvikvm( 1142): GC_CONCURRENT freed 394K, 78% free 1328K/6019K, paused 1ms+1ms
D/dalvikvm( 1142): GC_CONCURRENT freed 393K, 78% free 1334K/6019K, paused 1ms+1ms
D/dalvikvm( 1142): GC_CONCURRENT freed 391K, 78% free 1328K/6019K, paused 1ms+1ms
D/dalvikvm( 1142): GC_CONCURRENT freed 392K, 78% free 1328K/6019K, paused 1ms+1ms
D/dalvikvm( 1142): GC_CONCURRENT freed 393K, 77% free 1431K/6019K, paused 1ms+1ms
D/dalvikvm( 1142): GC_CONCURRENT freed 496K, 77% free 1415K/6019K, paused 1ms+1ms
D/dalvikvm( 1142): GC_CONCURRENT freed 478K, 77% free 1426K/6019K, paused 1ms+0ms
D/dalvikvm( 1142): GC_CONCURRENT freed 487K, 78% free 1373K/6019K, paused 0ms+1ms
D/dalvikvm( 1142): GC_CONCURRENT freed 447K, 77% free 1423K/6019K, paused 1ms+1ms
D/dalvikvm( 1142): GC_CONCURRENT freed 458K, 76% free 1463K/6019K, paused 0ms+1ms
D/dalvikvm( 1142): GC_CONCURRENT freed 516K, 78% free 1337K/6019K, paused 1ms+1ms
D/dalvikvm( 1142): GC_CONCURRENT freed 424K, 79% free 1298K/6019K, paused 1ms+1ms
D/dalvikvm( 1142): GC_CONCURRENT freed 377K, 78% free 1324K/6019K, paused 1ms+1ms
D/dalvikvm( 1142): GC_CONCURRENT freed 395K, 79% free 1324K/6019K, paused 1ms+1ms
D/dalvikvm( 1142): GC_CONCURRENT freed 394K, 79% free 1324K/6019K, paused 0ms+1ms
D/dalvikvm( 1142): GC_CONCURRENT freed 393K, 79% free 1324K/6019K, paused 1ms+1ms
D/dalvikvm( 1142): GC_CONCURRENT freed 393K, 78% free 1324K/6019K, paused 1ms+1ms
D/dalvikvm( 1142): GC_CONCURRENT freed 393K, 78% free 1324K/6019K, paused 1ms+1ms
D/dalvikvm( 1142): GC_CONCURRENT freed 392K, 78% free 1324K/6019K, paused 1ms+1ms
D/dalvikvm( 1142): GC_CONCURRENT freed 392K, 78% free 1325K/6019K, paused 1ms+1ms
D/dalvikvm( 1142): GC_CONCURRENT freed 404K, 79% free 1313K/6019K, paused 0ms+1ms
D/dalvikvm( 1142): GC_CONCURRENT freed 396K, 79% free 1310K/6019K, paused 1ms+1ms
D/dalvikvm( 1142): GC_CONCURRENT freed 394K, 79% free 1303K/6019K, paused 1ms+1ms
D/dalvikvm( 1142): GC_CONCURRENT freed 390K, 77% free 1419K/6019K, paused 1ms+1ms
D/dalvikvm( 1142): GC_CONCURRENT freed 496K, 78% free 1344K/6019K, paused 0ms+1ms
D/dalvikvm( 1142): GC_CONCURRENT freed 416K, 76% free 1463K/6019K, paused 1ms+1ms
D/dalvikvm( 1142): GC_CONCURRENT freed 531K, 78% free 1326K/6019K, paused 1ms+1ms
D/dalvikvm( 1142): GC_CONCURRENT freed 392K, 78% free 1324K/6019K, paused 1ms+1ms
D/dalvikvm( 1142): GC_CONCURRENT freed 392K, 78% free 1324K/6019K, paused 1ms+1ms
W/System.err( 1233): org.apache.http.conn.ConnectionPoolTimeoutException: Timeout waiting for connection
W/System.err( 1233):    at org.apache.http.impl.conn.tsccm.ConnPoolByRoute.getEntryBlocking(ConnPoolByRoute.java:353)
W/System.err( 1233):    at org.apache.http.impl.conn.tsccm.ConnPoolByRoute$1.getPoolEntry(ConnPoolByRoute.java:238)
W/System.err( 1233):    at org.apache.http.impl.conn.tsccm.ThreadSafeClientConnManager$1.getConnection(ThreadSafeClientConnManager.java:177)
W/System.err( 1233):    at org.apache.http.impl.client.DefaultRequestDirector.execute(DefaultRequestDirector.java:326)
W/System.err( 1233):    at org.apache.http.impl.client.AbstractHttpClient.execute(AbstractHttpClient.java:555)
W/System.err( 1233):    at org.apache.http.impl.client.AbstractHttpClient.execute(AbstractHttpClient.java:487)
W/System.err( 1233):    at org.apache.http.impl.client.AbstractHttpClient.execute(AbstractHttpClient.java:465)
W/System.err( 1233):    at com.fiship.cibn.common.NetworkUtil.isConnectToServerByHttp(NetworkUtil.java:39)
W/System.err( 1233):    at com.fiship.cibn.weather.WeatherTask.doInBackground(WeatherTask.java:184)
W/System.err( 1233):    at com.fiship.cibn.weather.WeatherTask.doInBackground(WeatherTask.java:31)
W/System.err( 1233):    at android.os.AsyncTask$2.call(AsyncTask.java:264)
W/System.err( 1233):    at java.util.concurrent.FutureTask$Sync.innerRun(FutureTask.java:305)
W/System.err( 1233):    at java.util.concurrent.FutureTask.run(FutureTask.java:137)
W/System.err( 1233):    at android.os.AsyncTask$SerialExecutor$1.run(AsyncTask.java:208)
W/System.err( 1233):    at java.util.concurrent.ThreadPoolExecutor.runWorker(ThreadPoolExecutor.java:1076)
W/System.err( 1233):    at java.util.concurrent.ThreadPoolExecutor$Worker.run(ThreadPoolExecutor.java:569)
W/System.err( 1233):    at java.lang.Thread.run(Thread.java:856)
E/WeatherTask( 1233): can't connect the url : http://php.weather.sina.com.cn/iframe/index/w_cl.php?day=1
D/dalvikvm( 1142): GC_CONCURRENT freed 393K, 78% free 1325K/6019K, paused 1ms+1ms
D/dalvikvm( 1142): GC_CONCURRENT freed 402K, 79% free 1312K/6019K, paused 1ms+1ms
D/dalvikvm( 1142): GC_CONCURRENT freed 396K, 79% free 1319K/6019K, paused 1ms+2ms
D/dalvikvm( 1142): GC_CONCURRENT freed 393K, 79% free 1320K/6019K, paused 1ms+1ms
D/dalvikvm( 1142): GC_CONCURRENT freed 389K, 79% free 1322K/6019K, paused 0ms+2ms
D/HomePlayerLib( 1142): hostaddress count is 2
D/dalvikvm( 1142): GC_CONCURRENT freed 402K, 79% free 1309K/6019K, paused 1ms+1ms
D/dalvikvm( 1142): GC_CONCURRENT freed 390K, 77% free 1436K/6019K, paused 0ms+1ms
D/dalvikvm( 1142): GC_CONCURRENT freed 512K, 77% free 1428K/6019K, paused 1ms+1ms
D/dalvikvm( 1142): GC_CONCURRENT freed 494K, 77% free 1414K/6019K, paused 1ms+1ms
D/dalvikvm( 1142): GC_CONCURRENT freed 491K, 77% free 1435K/6019K, paused 1ms+1ms
D/dalvikvm( 1142): GC_CONCURRENT freed 472K, 76% free 1475K/6019K, paused 1ms+1ms
D/dalvikvm( 1142): GC_CONCURRENT freed 585K, 77% free 1401K/6019K, paused 1ms+1ms
D/dalvikvm( 1142): GC_CONCURRENT freed 488K, 78% free 1373K/6019K, paused 1ms+1ms
D/dalvikvm( 1142): GC_CONCURRENT freed 461K, 77% free 1421K/6019K, paused 0ms+1ms
D/dalvikvm( 1142): GC_CONCURRENT freed 498K, 73% free 1628K/6019K, paused 1ms+1ms
D/dalvikvm( 1142): GC_CONCURRENT freed 681K, 78% free 1361K/6019K, paused 1ms+2ms
D/dalvikvm( 1142): GC_CONCURRENT freed 409K, 76% free 1471K/6019K, paused 1ms+1ms
D/dalvikvm( 1142): GC_CONCURRENT freed 532K, 78% free 1380K/6019K, paused 1ms+1ms
D/dalvikvm( 1142): GC_CONCURRENT freed 458K, 77% free 1437K/6019K, paused 1ms+1ms
D/dalvikvm( 1142): GC_CONCURRENT freed 515K, 77% free 1432K/6019K, paused 1ms+1ms
D/dalvikvm( 1142): GC_CONCURRENT freed 511K, 77% free 1432K/6019K, paused 1ms+1ms
D/dalvikvm( 1142): GC_CONCURRENT freed 498K, 78% free 1342K/6019K, paused 1ms+1ms
D/dalvikvm( 1142): GC_CONCURRENT freed 402K, 77% free 1437K/6019K, paused 1ms+1ms
D/dalvikvm( 1142): GC_CONCURRENT freed 506K, 76% free 1451K/6019K, paused 1ms+1ms
D/dalvikvm( 1142): GC_CONCURRENT freed 522K, 75% free 1506K/6019K, paused 1ms+1ms
D/dalvikvm( 1142): GC_CONCURRENT freed 582K, 78% free 1341K/6019K, paused 1ms+1ms
D/dalvikvm( 1142): GC_CONCURRENT freed 390K, 78% free 1338K/6019K, paused 1ms+1ms
D/dalvikvm( 1142): GC_CONCURRENT freed 404K, 78% free 1326K/6019K, paused 1ms+1ms
D/dalvikvm( 1142): GC_CONCURRENT freed 396K, 77% free 1440K/6019K, paused 1ms+1ms
D/dalvikvm( 1142): GC_CONCURRENT freed 510K, 77% free 1442K/6019K, paused 0ms+1ms
D/dalvikvm( 1142): GC_CONCURRENT freed 525K, 79% free 1312K/6019K, paused 0ms+1ms
D/dalvikvm( 1142): GC_CONCURRENT freed 395K, 79% free 1311K/6019K, paused 1ms+1ms
D/dalvikvm( 1142): GC_CONCURRENT freed 392K, 79% free 1311K/6019K, paused 1ms+1ms
D/dalvikvm( 1142): GC_CONCURRENT freed 392K, 78% free 1383K/6019K, paused 1ms+1ms
D/dalvikvm( 1142): GC_CONCURRENT freed 458K, 79% free 1313K/6019K, paused 1ms+1ms
D/dalvikvm( 1142): GC_CONCURRENT freed 396K, 77% free 1419K/6019K, paused 1ms+1ms
D/dalvikvm( 1142): GC_CONCURRENT freed 488K, 78% free 1325K/6019K, paused 1ms+1ms
D/dalvikvm( 1142): GC_CONCURRENT freed 394K, 79% free 1324K/6019K, paused 1ms+1ms
D/dalvikvm( 1142): GC_CONCURRENT freed 393K, 78% free 1370K/6019K, paused 1ms+1ms
D/dalvikvm( 1142): GC_CONCURRENT freed 441K, 77% free 1438K/6019K, paused 1ms+1ms
D/dalvikvm( 1142): GC_CONCURRENT freed 518K, 77% free 1427K/6019K, paused 1ms+1ms
D/dalvikvm( 1142): GC_CONCURRENT freed 488K, 78% free 1330K/6019K, paused 1ms+1ms
D/dalvikvm( 1142): GC_CONCURRENT freed 405K, 79% free 1313K/6019K, paused 1ms+1ms
D/dalvikvm( 1142): GC_CONCURRENT freed 395K, 79% free 1310K/6019K, paused 1ms+1ms
D/dalvikvm( 1142): GC_CONCURRENT freed 392K, 77% free 1425K/6019K, paused 1ms+0ms
D/dalvikvm( 1142): GC_CONCURRENT freed 487K, 77% free 1412K/6019K, paused 1ms+1ms
D/dalvikvm( 1142): GC_CONCURRENT freed 486K, 77% free 1396K/6019K, paused 1ms+1ms
D/dalvikvm( 1142): GC_CONCURRENT freed 478K, 79% free 1312K/6019K, paused 1ms+1ms
D/dalvikvm( 1142): GC_CONCURRENT freed 393K, 77% free 1419K/6019K, paused 1ms+1ms
D/dalvikvm( 1142): GC_CONCURRENT freed 486K, 78% free 1330K/6019K, paused 0ms+1ms
D/dalvikvm( 1142): GC_CONCURRENT freed 405K, 77% free 1421K/6019K, paused 1ms+1ms
D/dalvikvm( 1142): GC_CONCURRENT freed 489K, 78% free 1365K/6019K, paused 1ms+1ms
D/dalvikvm( 1142): GC_CONCURRENT freed 433K, 77% free 1411K/6019K, paused 0ms+1ms
D/dalvikvm( 1142): GC_CONCURRENT freed 507K, 79% free 1300K/6019K, paused 0ms+1ms
D/HomePlayerLib( 1142): hostaddress count is 2
D/dalvikvm( 1142): GC_CONCURRENT freed 366K, 78% free 1325K/6019K, paused 1ms+1ms
D/dalvikvm( 1142): GC_CONCURRENT freed 400K, 77% free 1395K/6019K, paused 1ms+1ms
D/dalvikvm( 1142): GC_CONCURRENT freed 474K, 78% free 1371K/6019K, paused 0ms+1ms
D/dalvikvm( 1142): GC_CONCURRENT freed 454K, 78% free 1326K/6019K, paused 1ms+1ms
D/dalvikvm( 1142): GC_CONCURRENT freed 387K, 78% free 1331K/6019K, paused 1ms+1ms
D/dalvikvm( 1142): GC_CONCURRENT freed 398K, 78% free 1329K/6019K, paused 1ms+1ms
D/dalvikvm( 1142): GC_CONCURRENT freed 391K, 78% free 1328K/6019K, paused 1ms+1ms
D/dalvikvm( 1142): GC_CONCURRENT freed 393K, 77% free 1413K/6019K, paused 1ms+1ms
D/dalvikvm( 1142): GC_CONCURRENT freed 490K, 77% free 1434K/6019K, paused 1ms+1ms
D/dalvikvm( 1142): GC_CONCURRENT freed 508K, 77% free 1431K/6019K, paused 0ms+1ms
D/dalvikvm( 1142): GC_CONCURRENT freed 512K, 78% free 1379K/6019K, paused 1ms+1ms
D/dalvikvm( 1142): GC_CONCURRENT freed 440K, 76% free 1451K/6019K, paused 1ms+1ms
D/dalvikvm( 1142): GC_CONCURRENT freed 520K, 78% free 1329K/6019K, paused 0ms+1ms
D/dalvikvm( 1142): GC_CONCURRENT freed 394K, 78% free 1328K/6019K, paused 1ms+0ms
D/dalvikvm( 1142): GC_CONCURRENT freed 393K, 78% free 1328K/6019K, paused 1ms+1ms
D/dalvikvm( 1142): GC_CONCURRENT freed 384K, 78% free 1331K/6019K, paused 1ms+1ms
D/dalvikvm( 1142): GC_CONCURRENT freed 407K, 76% free 1446K/6019K, paused 1ms+1ms
D/dalvikvm( 1142): GC_CONCURRENT freed 522K, 77% free 1424K/6019K, paused 0ms+1ms
D/dalvikvm( 1142): GC_CONCURRENT freed 492K, 77% free 1444K/6019K, paused 1ms+1ms
D/dalvikvm( 1142): GC_CONCURRENT freed 523K, 75% free 1550K/6019K, paused 1ms+2ms
D/dalvikvm( 1142): GC_CONCURRENT freed 621K, 77% free 1411K/6019K, paused 1ms+1ms
D/dalvikvm( 1142): GC_CONCURRENT freed 484K, 76% free 1470K/6019K, paused 0ms+1ms
D/dalvikvm( 1142): GC_CONCURRENT freed 538K, 76% free 1446K/6019K, paused 0ms+1ms
D/dalvikvm( 1142): GC_CONCURRENT freed 531K, 78% free 1363K/6019K, paused 1ms+1ms
D/dalvikvm( 1142): GC_CONCURRENT freed 442K, 79% free 1323K/6019K, paused 1ms+1ms
D/dalvikvm( 1142): GC_CONCURRENT freed 392K, 78% free 1332K/6019K, paused 1ms+1ms
D/dalvikvm( 1142): GC_CONCURRENT freed 404K, 77% free 1408K/6019K, paused 1ms+1ms
D/dalvikvm( 1142): GC_CONCURRENT freed 485K, 78% free 1341K/6019K, paused 1ms+1ms
D/dalvikvm( 1142): GC_CONCURRENT freed 426K, 79% free 1300K/6019K, paused 1ms+1ms
D/dalvikvm( 1142): GC_CONCURRENT freed 368K, 79% free 1324K/6019K, paused 0ms+1ms
D/dalvikvm( 1142): GC_CONCURRENT freed 393K, 78% free 1324K/6019K, paused 1ms+1ms
D/dalvikvm( 1142): GC_CONCURRENT freed 412K, 79% free 1298K/6019K, paused 1ms+1ms
D/dalvikvm( 1142): GC_CONCURRENT freed 376K, 78% free 1325K/6019K, paused 1ms+1ms
D/dalvikvm( 1142): GC_CONCURRENT freed 396K, 79% free 1323K/6019K, paused 0ms+1ms
D/dalvikvm( 1142): GC_CONCURRENT freed 392K, 77% free 1429K/6019K, paused 1ms+1ms
D/dalvikvm( 1142): GC_CONCURRENT freed 513K, 78% free 1371K/6019K, paused 1ms+1ms
D/dalvikvm( 1142): GC_CONCURRENT freed 445K, 77% free 1438K/6019K, paused 1ms+1ms
D/dalvikvm( 1142): GC_CONCURRENT freed 517K, 77% free 1427K/6019K, paused 1ms+1ms
D/dalvikvm( 1142): GC_CONCURRENT freed 486K, 78% free 1330K/6019K, paused 1ms+1ms
D/dalvikvm( 1142): GC_CONCURRENT freed 403K, 77% free 1437K/6019K, paused 0ms+1ms
D/dalvikvm( 1142): GC_CONCURRENT freed 516K, 77% free 1427K/6019K, paused 1ms+1ms
D/dalvikvm( 1142): GC_CONCURRENT freed 488K, 78% free 1325K/6019K, paused 1ms+1ms
D/dalvikvm( 1142): GC_CONCURRENT freed 405K, 77% free 1428K/6019K, paused 1ms+1ms
D/dalvikvm( 1142): GC_CONCURRENT freed 490K, 76% free 1447K/6019K, paused 1ms+1ms
D/dalvikvm( 1142): GC_CONCURRENT freed 513K, 78% free 1331K/6019K, paused 1ms+1ms
D/dalvikvm( 1142): GC_CONCURRENT freed 404K, 79% free 1312K/6019K, paused 0ms+1ms
D/dalvikvm( 1142): GC_CONCURRENT freed 396K, 77% free 1426K/6019K, paused 1ms+1ms
D/dalvikvm( 1142): GC_CONCURRENT freed 488K, 77% free 1407K/6019K, paused 1ms+2ms
D/dalvikvm( 1142): GC_CONCURRENT freed 475K, 78% free 1330K/6019K, paused 1ms+2ms
D/dalvikvm( 1142): GC_CONCURRENT freed 402K, 77% free 1437K/6019K, paused 0ms+1ms
D/dalvikvm( 1142): GC_CONCURRENT freed 517K, 77% free 1427K/6019K, paused 1ms+1ms
D/dalvikvm( 1142): GC_CONCURRENT freed 488K, 78% free 1325K/6019K, paused 0ms+1ms
D/dalvikvm( 1142): GC_CONCURRENT freed 405K, 77% free 1421K/6019K, paused 1ms+1ms
D/dalvikvm( 1142): GC_CONCURRENT freed 489K, 77% free 1431K/6019K, paused 0ms+1ms
D/dalvikvm( 1142): GC_CONCURRENT freed 513K, 78% free 1331K/6019K, paused 1ms+1ms
D/dalvikvm( 1142): GC_CONCURRENT freed 402K, 78% free 1345K/6019K, paused 1ms+1ms
D/dalvikvm( 1142): GC_CONCURRENT freed 400K, 76% free 1464K/6019K, paused 1ms+1ms
D/HomePlayerLib( 1142): hostaddress count is 2
D/dalvikvm( 1142): GC_CONCURRENT freed 530K, 77% free 1426K/6019K, paused 1ms+1ms
D/dalvikvm( 1142): GC_CONCURRENT freed 505K, 77% free 1429K/6019K, paused 1ms+2ms
D/dalvikvm( 1142): GC_CONCURRENT freed 478K, 76% free 1463K/6019K, paused 1ms+1ms
D/dalvikvm( 1142): GC_CONCURRENT freed 533K, 79% free 1317K/6019K, paused 1ms+1ms
D/dalvikvm( 1142): GC_CONCURRENT freed 401K, 77% free 1424K/6019K, paused 1ms+1ms
D/dalvikvm( 1142): GC_CONCURRENT freed 561K, 78% free 1334K/6019K, paused 0ms+1ms
D/dalvikvm( 1142): GC_CONCURRENT freed 403K, 79% free 1316K/6019K, paused 1ms+1ms
D/dalvikvm( 1142): GC_CONCURRENT freed 389K, 77% free 1432K/6019K, paused 1ms+1ms
D/dalvikvm( 1142): GC_CONCURRENT freed 493K, 77% free 1425K/6019K, paused 1ms+1ms
D/dalvikvm( 1142): GC_CONCURRENT freed 466K, 76% free 1466K/6019K, paused 1ms+1ms
D/dalvikvm( 1142): GC_CONCURRENT freed 499K, 76% free 1476K/6019K, paused 1ms+1ms
D/dalvikvm( 1142): GC_CONCURRENT freed 574K, 77% free 1413K/6019K, paused 1ms+1ms
D/dalvikvm( 1142): GC_CONCURRENT freed 491K, 77% free 1421K/6019K, paused 1ms+1ms
D/dalvikvm( 1142): GC_CONCURRENT freed 485K, 77% free 1402K/6019K, paused 1ms+1ms
D/dalvikvm( 1142): GC_CONCURRENT freed 531K, 77% free 1430K/6019K, paused 1ms+1ms
D/dalvikvm( 1142): GC_CONCURRENT freed 511K, 77% free 1407K/6019K, paused 1ms+1ms
D/dalvikvm( 1142): GC_CONCURRENT freed 460K, 77% free 1402K/6019K, paused 1ms+1ms
D/dalvikvm( 1142): GC_CONCURRENT freed 479K, 77% free 1415K/6019K, paused 1ms+1ms
D/dalvikvm( 1142): GC_CONCURRENT freed 478K, 77% free 1411K/6019K, paused 1ms+1ms
W/System.err( 1233): org.apache.http.conn.ConnectionPoolTimeoutException: Timeout waiting for connection
W/System.err( 1233):    at org.apache.http.impl.conn.tsccm.ConnPoolByRoute.getEntryBlocking(ConnPoolByRoute.java:353)
W/System.err( 1233):    at org.apache.http.impl.conn.tsccm.ConnPoolByRoute$1.getPoolEntry(ConnPoolByRoute.java:238)
W/System.err( 1233):    at org.apache.http.impl.conn.tsccm.ThreadSafeClientConnManager$1.getConnection(ThreadSafeClientConnManager.java:177)
W/System.err( 1233):    at org.apache.http.impl.client.DefaultRequestDirector.execute(DefaultRequestDirector.java:326)
W/System.err( 1233):    at org.apache.http.impl.client.AbstractHttpClient.execute(AbstractHttpClient.java:555)
W/System.err( 1233):    at org.apache.http.impl.client.AbstractHttpClient.execute(AbstractHttpClient.java:487)
W/System.err( 1233):    at org.apache.http.impl.client.AbstractHttpClient.execute(AbstractHttpClient.java:465)
W/System.err( 1233):    at com.fiship.cibn.common.NetworkUtil.isConnectToServerByHttp(NetworkUtil.java:39)
W/System.err( 1233):    at com.fiship.cibn.weather.WeatherTask.doInBackground(WeatherTask.java:184)
W/System.err( 1233):    at com.fiship.cibn.weather.WeatherTask.doInBackground(WeatherTask.java:31)
W/System.err( 1233):    at android.os.AsyncTask$2.call(AsyncTask.java:264)
W/System.err( 1233):    at java.util.concurrent.FutureTask$Sync.innerRun(FutureTask.java:305)
W/System.err( 1233):    at java.util.concurrent.FutureTask.run(FutureTask.java:137)
W/System.err( 1233):    at android.os.AsyncTask$SerialExecutor$1.run(AsyncTask.java:208)
W/System.err( 1233):    at java.util.concurrent.ThreadPoolExecutor.runWorker(ThreadPoolExecutor.java:1076)
W/System.err( 1233):    at java.util.concurrent.ThreadPoolExecutor$Worker.run(ThreadPoolExecutor.java:569)
W/System.err( 1233):    at java.lang.Thread.run(Thread.java:856)
E/WeatherTask( 1233): can't connect the url : http://php.weather.sina.com.cn/iframe/index/w_cl.php?day=1
D/dalvikvm( 1142): GC_CONCURRENT freed 491K, 79% free 1305K/6019K, paused 1ms+1ms
D/dalvikvm( 1142): GC_CONCURRENT freed 377K, 79% free 1322K/6019K, paused 1ms+1ms
D/dalvikvm( 1142): GC_CONCURRENT freed 394K, 77% free 1430K/6019K, paused 1ms+1ms
D/dalvikvm( 1142): GC_CONCURRENT freed 502K, 77% free 1425K/6019K, paused 1ms+1ms
D/dalvikvm( 1142): GC_CONCURRENT freed 499K, 79% free 1313K/6019K, paused 1ms+1ms
D/dalvikvm( 1142): GC_CONCURRENT freed 397K, 79% free 1302K/6019K, paused 1ms+1ms
D/dalvikvm( 1142): GC_CONCURRENT freed 367K, 77% free 1406K/6019K, paused 1ms+1ms
D/dalvikvm( 1142): GC_CONCURRENT freed 474K, 78% free 1324K/6019K, paused 1ms+1ms
D/dalvikvm( 1142): GC_CONCURRENT freed 392K, 78% free 1324K/6019K, paused 1ms+1ms
D/dalvikvm( 1142): GC_CONCURRENT freed 392K, 78% free 1324K/6019K, paused 1ms+1ms
D/dalvikvm( 1142): GC_CONCURRENT freed 393K, 78% free 1325K/6019K, paused 1ms+1ms
D/dalvikvm( 1142): GC_CONCURRENT freed 404K, 79% free 1313K/6019K, paused 1ms+1ms
D/dalvikvm( 1142): GC_CONCURRENT freed 396K, 79% free 1319K/6019K, paused 1ms+1ms
D/dalvikvm( 1142): GC_CONCURRENT freed 405K, 79% free 1308K/6019K, paused 1ms+1ms
D/dalvikvm( 1142): GC_CONCURRENT freed 393K, 79% free 1323K/6019K, paused 1ms+1ms
D/dalvikvm( 1142): GC_CONCURRENT freed 393K, 79% free 1324K/6019K, paused 1ms+1ms
D/dalvikvm( 1142): GC_CONCURRENT freed 393K, 78% free 1324K/6019K, paused 0ms+1ms
D/dalvikvm( 1142): GC_CONCURRENT freed 393K, 78% free 1324K/6019K, paused 0ms+1ms
D/dalvikvm( 1142): GC_CONCURRENT freed 393K, 78% free 1329K/6019K, paused 1ms+1ms
D/dalvikvm( 1142): GC_CONCURRENT freed 401K, 79% free 1321K/6019K, paused 1ms+1ms
D/dalvikvm( 1142): GC_CONCURRENT freed 396K, 79% free 1311K/6019K, paused 0ms+1ms
D/dalvikvm( 1142): GC_CONCURRENT freed 394K, 79% free 1320K/6019K, paused 1ms+2ms
D/dalvikvm( 1142): GC_CONCURRENT freed 394K, 79% free 1320K/6019K, paused 1ms+1ms
D/dalvikvm( 1142): GC_CONCURRENT freed 394K, 79% free 1320K/6019K, paused 1ms+1ms
D/dalvikvm( 1142): GC_CONCURRENT freed 405K, 77% free 1410K/6019K, paused 1ms+1ms
D/dalvikvm( 1142): GC_CONCURRENT freed 483K, 77% free 1423K/6019K, paused 1ms+1ms
D/dalvikvm( 1142): GC_CONCURRENT freed 491K, 77% free 1407K/6019K, paused 1ms+1ms
D/dalvikvm( 1142): GC_CONCURRENT freed 475K, 78% free 1371K/6019K, paused 1ms+1ms
D/dalvikvm( 1142): GC_CONCURRENT freed 444K, 77% free 1423K/6019K, paused 0ms+1ms
D/dalvikvm( 1142): GC_CONCURRENT freed 489K, 78% free 1325K/6019K, paused 1ms+1ms
D/dalvikvm( 1142): GC_CONCURRENT freed 394K, 78% free 1324K/6019K, paused 1ms+1ms
D/dalvikvm( 1142): GC_CONCURRENT freed 393K, 78% free 1324K/6019K, paused 0ms+1ms
D/HomePlayerLib( 1142): hostaddress count is 2
D/dalvikvm( 1142): GC_CONCURRENT freed 403K, 77% free 1426K/6019K, paused 0ms+1ms
D/dalvikvm( 1142): GC_CONCURRENT freed 503K, 77% free 1425K/6019K, paused 1ms+1ms
D/dalvikvm( 1142): GC_CONCURRENT freed 488K, 76% free 1448K/6019K, paused 1ms+1ms
D/dalvikvm( 1142): GC_CONCURRENT freed 524K, 77% free 1422K/6019K, paused 0ms+1ms
D/dalvikvm( 1142): GC_CONCURRENT freed 489K, 77% free 1444K/6019K, paused 1ms+1ms
D/dalvikvm( 1142): GC_CONCURRENT freed 537K, 77% free 1416K/6019K, paused 1ms+1ms
D/dalvikvm( 1142): GC_CONCURRENT freed 489K, 78% free 1381K/6019K, paused 1ms+1ms
D/dalvikvm( 1142): GC_CONCURRENT freed 460K, 79% free 1311K/6019K, paused 1ms+1ms
D/dalvikvm( 1142): GC_CONCURRENT freed 368K, 76% free 1455K/6019K, paused 1ms+1ms
D/dalvikvm( 1142): GC_CONCURRENT freed 521K, 77% free 1443K/6019K, paused 1ms+1ms
D/dalvikvm( 1142): GC_CONCURRENT freed 512K, 78% free 1359K/6019K, paused 1ms+1ms
D/dalvikvm( 1142): GC_CONCURRENT freed 427K, 77% free 1442K/6019K, paused 1ms+1ms
D/dalvikvm( 1142): GC_CONCURRENT freed 496K, 76% free 1453K/6019K, paused 0ms+1ms
D/dalvikvm( 1142): GC_CONCURRENT freed 548K, 77% free 1410K/6019K, paused 0ms+1ms
D/dalvikvm( 1142): GC_CONCURRENT freed 478K, 76% free 1467K/6019K, paused 1ms+1ms
D/dalvikvm( 1142): GC_CONCURRENT freed 528K, 78% free 1333K/6019K, paused 1ms+1ms
D/dalvikvm( 1142): GC_CONCURRENT freed 404K, 77% free 1428K/6019K, paused 1ms+2ms
D/dalvikvm( 1142): GC_CONCURRENT freed 491K, 77% free 1435K/6019K, paused 1ms+1ms
D/dalvikvm( 1142): GC_CONCURRENT freed 513K, 78% free 1345K/6019K, paused 1ms+1ms
D/dalvikvm( 1142): GC_CONCURRENT freed 417K, 79% free 1313K/6019K, paused 0ms+1ms
D/dalvikvm( 1142): GC_CONCURRENT freed 397K, 77% free 1426K/6019K, paused 1ms+1ms
D/dalvikvm( 1142): GC_CONCURRENT freed 488K, 78% free 1367K/6019K, paused 1ms+1ms
D/dalvikvm( 1142): GC_CONCURRENT freed 435K, 78% free 1370K/6019K, paused 1ms+1ms
D/dalvikvm( 1142): GC_CONCURRENT freed 438K, 77% free 1430K/6019K, paused 1ms+2ms
D/dalvikvm( 1142): GC_CONCURRENT freed 514K, 77% free 1423K/6019K, paused 1ms+1ms
D/dalvikvm( 1142): GC_CONCURRENT freed 508K, 79% free 1315K/6019K, paused 1ms+1ms
D/dalvikvm( 1142): GC_CONCURRENT freed 383K, 78% free 1324K/6019K, paused 1ms+1ms
D/dalvikvm( 1142): GC_CONCURRENT freed 395K, 77% free 1430K/6019K, paused 1ms+1ms
D/dalvikvm( 1142): GC_CONCURRENT freed 501K, 77% free 1425K/6019K, paused 0ms+1ms
D/dalvikvm( 1142): GC_CONCURRENT freed 497K, 78% free 1380K/6019K, paused 0ms+1ms
D/dalvikvm( 1142): GC_CONCURRENT freed 450K, 79% free 1324K/6019K, paused 1ms+1ms
D/dalvikvm( 1142): GC_CONCURRENT freed 392K, 78% free 1324K/6019K, paused 1ms+1ms
D/dalvikvm( 1142): GC_CONCURRENT freed 392K, 78% free 1324K/6019K, paused 1ms+1ms
D/dalvikvm( 1142): GC_CONCURRENT freed 393K, 78% free 1324K/6019K, paused 1ms+1ms
D/dalvikvm( 1142): GC_CONCURRENT freed 466K, 79% free 1297K/6019K, paused 1ms+1ms
D/dalvikvm( 1142): GC_CONCURRENT freed 373K, 77% free 1421K/6019K, paused 1ms+1ms
D/dalvikvm( 1142): GC_CONCURRENT freed 488K, 76% free 1472K/6019K, paused 0ms+1ms
D/dalvikvm( 1142): GC_CONCURRENT freed 554K, 79% free 1309K/6019K, paused 1ms+1ms
D/dalvikvm( 1142): GC_CONCURRENT freed 380K, 78% free 1324K/6019K, paused 1ms+1ms
D/dalvikvm( 1142): GC_CONCURRENT freed 395K, 79% free 1324K/6019K, paused 1ms+1ms
D/dalvikvm( 1142): GC_CONCURRENT freed 394K, 79% free 1323K/6019K, paused 1ms+1ms
D/dalvikvm( 1142): GC_CONCURRENT freed 392K, 77% free 1430K/6019K, paused 1ms+1ms
D/dalvikvm( 1142): GC_CONCURRENT freed 512K, 78% free 1331K/6019K, paused 1ms+1ms
D/dalvikvm( 1142): GC_CONCURRENT freed 405K, 77% free 1421K/6019K, paused 1ms+1ms
D/dalvikvm( 1142): GC_CONCURRENT freed 490K, 77% free 1431K/6019K, paused 1ms+1ms
D/dalvikvm( 1142): GC_CONCURRENT freed 502K, 79% free 1313K/6019K, paused 1ms+1ms
D/dalvikvm( 1142): GC_CONCURRENT freed 398K, 79% free 1313K/6019K, paused 1ms+1ms
D/dalvikvm( 1142): GC_CONCURRENT freed 383K, 78% free 1326K/6019K, paused 1ms+1ms
D/dalvikvm( 1142): GC_CONCURRENT freed 396K, 77% free 1408K/6019K, paused 1ms+1ms
D/dalvikvm( 1142): GC_CONCURRENT freed 475K, 78% free 1324K/6019K, paused 1ms+1ms
D/dalvikvm( 1142): GC_CONCURRENT freed 394K, 77% free 1411K/6019K, paused 1ms+1ms
D/dalvikvm( 1142): GC_CONCURRENT freed 482K, 77% free 1423K/6019K, paused 0ms+1ms
D/dalvikvm( 1142): GC_CONCURRENT freed 571K, 79% free 1309K/6019K, paused 1ms+1ms
D/dalvikvm( 1142): GC_CONCURRENT freed 382K, 79% free 1311K/6019K, paused 1ms+1ms
D/dalvikvm( 1142): GC_CONCURRENT freed 393K, 79% free 1312K/6019K, paused 1ms+1ms
D/HomePlayerLib( 1142): hostaddress count is 2
D/dalvikvm( 1142): GC_CONCURRENT freed 396K, 77% free 1420K/6019K, paused 1ms+1ms
D/dalvikvm( 1142): GC_CONCURRENT freed 496K, 77% free 1404K/6019K, paused 1ms+1ms
D/dalvikvm( 1142): GC_CONCURRENT freed 449K, 78% free 1352K/6019K, paused 1ms+1ms
D/dalvikvm( 1142): GC_CONCURRENT freed 426K, 79% free 1321K/6019K, paused 1ms+1ms
D/dalvikvm( 1142): GC_CONCURRENT freed 374K, 78% free 1344K/6019K, paused 1ms+1ms
D/dalvikvm( 1142): GC_CONCURRENT freed 394K, 78% free 1343K/6019K, paused 1ms+1ms
D/dalvikvm( 1142): GC_CONCURRENT freed 396K, 75% free 1512K/6019K, paused 1ms+1ms
D/dalvikvm( 1142): GC_CONCURRENT freed 588K, 78% free 1333K/6019K, paused 1ms+1ms
D/dalvikvm( 1142): GC_CONCURRENT freed 402K, 77% free 1440K/6019K, paused 1ms+1ms
D/dalvikvm( 1142): GC_CONCURRENT freed 516K, 78% free 1325K/6019K, paused 1ms+1ms
D/dalvikvm( 1142): GC_CONCURRENT freed 401K, 77% free 1435K/6019K, paused 1ms+1ms
D/dalvikvm( 1142): GC_FOR_ALLOC freed 615K, 79% free 1316K/6019K, paused 10ms
D/dalvikvm( 1142): GC_CONCURRENT freed 5K, 76% free 1464K/6019K, paused 1ms+1ms
D/dalvikvm( 1142): GC_CONCURRENT freed 515K, 78% free 1350K/6019K, paused 1ms+1ms
D/dalvikvm( 1142): GC_CONCURRENT freed 422K, 78% free 1328K/6019K, paused 1ms+1ms
D/dalvikvm( 1142): GC_CONCURRENT freed 397K, 78% free 1328K/6019K, paused 1ms+1ms
D/dalvikvm( 1142): GC_CONCURRENT freed 392K, 76% free 1453K/6019K, paused 1ms+1ms
D/dalvikvm( 1142): GC_CONCURRENT freed 527K, 78% free 1327K/6019K, paused 1ms+1ms
D/dalvikvm( 1142): GC_CONCURRENT freed 407K, 78% free 1363K/6019K, paused 1ms+1ms
D/dalvikvm( 1142): GC_CONCURRENT freed 448K, 77% free 1408K/6019K, paused 1ms+1ms
D/dalvikvm( 1142): GC_CONCURRENT freed 474K, 77% free 1407K/6019K, paused 1ms+1ms
D/dalvikvm( 1142): GC_CONCURRENT freed 485K, 77% free 1424K/6019K, paused 0ms+1ms
D/dalvikvm( 1142): GC_CONCURRENT freed 491K, 76% free 1493K/6019K, paused 1ms+1ms
W/ThrottleService(  945): unable to find stats for iface rmnet0
W/System.err( 1233): org.apache.http.conn.ConnectionPoolTimeoutException: Timeout waiting for connection
W/System.err( 1233):    at org.apache.http.impl.conn.tsccm.ConnPoolByRoute.getEntryBlocking(ConnPoolByRoute.java:353)
W/System.err( 1233):    at org.apache.http.impl.conn.tsccm.ConnPoolByRoute$1.getPoolEntry(ConnPoolByRoute.java:238)
W/System.err( 1233):    at org.apache.http.impl.conn.tsccm.ThreadSafeClientConnManager$1.getConnection(ThreadSafeClientConnManager.java:177)
W/System.err( 1233):    at org.apache.http.impl.client.DefaultRequestDirector.execute(DefaultRequestDirector.java:326)
W/System.err( 1233):    at org.apache.http.impl.client.AbstractHttpClient.execute(AbstractHttpClient.java:555)
W/System.err( 1233):    at org.apache.http.impl.client.AbstractHttpClient.execute(AbstractHttpClient.java:487)
W/System.err( 1233):    at org.apache.http.impl.client.AbstractHttpClient.execute(AbstractHttpClient.java:465)
W/System.err( 1233):    at com.fiship.cibn.common.NetworkUtil.isConnectToServerByHttp(NetworkUtil.java:39)
W/System.err( 1233):    at com.fiship.cibn.weather.WeatherTask.doInBackground(WeatherTask.java:184)
W/System.err( 1233):    at com.fiship.cibn.weather.WeatherTask.doInBackground(WeatherTask.java:31)
W/System.err( 1233):    at android.os.AsyncTask$2.call(AsyncTask.java:264)
W/System.err( 1233):    at java.util.concurrent.FutureTask$Sync.innerRun(FutureTask.java:305)
W/System.err( 1233):    at java.util.concurrent.FutureTask.run(FutureTask.java:137)
W/System.err( 1233):    at android.os.AsyncTask$SerialExecutor$1.run(AsyncTask.java:208)
W/System.err( 1233):    at java.util.concurrent.ThreadPoolExecutor.runWorker(ThreadPoolExecutor.java:1076)
W/System.err( 1233):    at java.util.concurrent.ThreadPoolExecutor$Worker.run(ThreadPoolExecutor.java:569)
W/System.err( 1233):    at java.lang.Thread.run(Thread.java:856)
E/WeatherTask( 1233): can't connect the url : http://php.weather.sina.com.cn/iframe/index/w_cl.php?day=1
D/dalvikvm( 1142): GC_CONCURRENT freed 565K, 77% free 1424K/6019K, paused 1ms+1ms
D/dalvikvm( 1142): GC_CONCURRENT freed 491K, 78% free 1324K/6019K, paused 1ms+1ms
D/dalvikvm( 1142): GC_CONCURRENT freed 394K, 78% free 1324K/6019K, paused 1ms+1ms
D/dalvikvm( 1142): GC_CONCURRENT freed 393K, 78% free 1324K/6019K, paused 0ms+1ms
D/dalvikvm( 1142): GC_CONCURRENT freed 393K, 79% free 1324K/6019K, paused 1ms+1ms
D/dalvikvm( 1142): GC_CONCURRENT freed 393K, 78% free 1329K/6019K, paused 6ms+1ms
D/dalvikvm( 1142): GC_CONCURRENT freed 401K, 79% free 1312K/6019K, paused 0ms+1ms
D/dalvikvm( 1142): GC_CONCURRENT freed 396K, 77% free 1420K/6019K, paused 1ms+1ms
D/dalvikvm( 1142): GC_CONCURRENT freed 488K, 77% free 1431K/6019K, paused 0ms+1ms
D/dalvikvm( 1142): GC_CONCURRENT freed 513K, 79% free 1302K/6019K, paused 1ms+2ms
D/dalvikvm( 1142): GC_CONCURRENT freed 378K, 79% free 1307K/6019K, paused 1ms+1ms
D/dalvikvm( 1142): GC_CONCURRENT freed 382K, 79% free 1311K/6019K, paused 1ms+1ms
D/dalvikvm( 1142): GC_CONCURRENT freed 394K, 79% free 1311K/6019K, paused 1ms+1ms
D/dalvikvm( 1142): GC_CONCURRENT freed 394K, 77% free 1419K/6019K, paused 1ms+1ms
D/dalvikvm( 1142): GC_CONCURRENT freed 487K, 78% free 1371K/6019K, paused 1ms+1ms
D/dalvikvm( 1142): GC_CONCURRENT freed 444K, 77% free 1438K/6019K, paused 1ms+1ms
D/dalvikvm( 1142): GC_CONCURRENT freed 517K, 77% free 1427K/6019K, paused 0ms+2ms
D/dalvikvm( 1142): GC_CONCURRENT freed 488K, 78% free 1330K/6019K, paused 1ms+1ms
D/dalvikvm( 1142): GC_CONCURRENT freed 405K, 79% free 1312K/6019K, paused 0ms+1ms
D/dalvikvm( 1142): GC_CONCURRENT freed 396K, 77% free 1426K/6019K, paused 1ms+1ms
D/dalvikvm( 1142): GC_CONCURRENT freed 486K, 76% free 1451K/6019K, paused 0ms+1ms
D/dalvikvm( 1142): GC_CONCURRENT freed 524K, 77% free 1423K/6019K, paused 1ms+1ms
D/dalvikvm( 1142): GC_CONCURRENT freed 491K, 77% free 1421K/6019K, paused 1ms+1ms
D/dalvikvm( 1142): GC_CONCURRENT freed 505K, 79% free 1308K/6019K, paused 1ms+2ms
D/HomePlayerLib( 1142): hostaddress count is 2
D/dalvikvm( 1142): GC_CONCURRENT freed 363K, 78% free 1348K/6019K, paused 1ms+1ms
D/dalvikvm( 1142): GC_CONCURRENT freed 434K, 79% free 1318K/6019K, paused 1ms+1ms
D/dalvikvm( 1142): GC_CONCURRENT freed 389K, 79% free 1323K/6019K, paused 1ms+1ms
D/dalvikvm( 1142): GC_CONCURRENT freed 405K, 78% free 1351K/6019K, paused 1ms+1ms
D/dalvikvm( 1142): GC_CONCURRENT freed 419K, 78% free 1325K/6019K, paused 1ms+1ms
D/dalvikvm( 1142): GC_CONCURRENT freed 407K, 79% free 1306K/6019K, paused 1ms+1ms
D/dalvikvm( 1142): GC_CONCURRENT freed 399K, 77% free 1408K/6019K, paused 1ms+1ms
D/dalvikvm( 1142): GC_CONCURRENT freed 488K, 77% free 1429K/6019K, paused 1ms+1ms
D/dalvikvm( 1142): GC_CONCURRENT freed 502K, 78% free 1363K/6019K, paused 1ms+1ms
D/dalvikvm( 1142): GC_CONCURRENT freed 428K, 77% free 1414K/6019K, paused 1ms+1ms
D/dalvikvm( 1142): GC_CONCURRENT freed 490K, 77% free 1434K/6019K, paused 1ms+1ms
D/dalvikvm( 1142): GC_CONCURRENT freed 526K, 77% free 1399K/6019K, paused 1ms+1ms
D/dalvikvm( 1142): GC_CONCURRENT freed 441K, 76% free 1470K/6019K, paused 1ms+1ms
D/dalvikvm( 1142): GC_CONCURRENT freed 547K, 79% free 1318K/6019K, paused 1ms+1ms
D/dalvikvm( 1142): GC_CONCURRENT freed 385K, 77% free 1431K/6019K, paused 1ms+1ms
D/dalvikvm( 1142): GC_CONCURRENT freed 500K, 76% free 1473K/6019K, paused 1ms+1ms
D/dalvikvm( 1142): GC_CONCURRENT freed 544K, 78% free 1326K/6019K, paused 1ms+1ms
D/dalvikvm( 1142): GC_CONCURRENT freed 383K, 76% free 1461K/6019K, paused 1ms+1ms
D/dalvikvm( 1142): GC_CONCURRENT freed 524K, 78% free 1338K/6019K, paused 1ms+1ms
D/dalvikvm( 1142): GC_CONCURRENT freed 405K, 78% free 1326K/6019K, paused 1ms+1ms
D/dalvikvm( 1142): GC_CONCURRENT freed 394K, 79% free 1324K/6019K, paused 1ms+1ms
D/dalvikvm( 1142): GC_CONCURRENT freed 391K, 78% free 1324K/6019K, paused 1ms+1ms
D/dalvikvm( 1142): GC_CONCURRENT freed 393K, 78% free 1325K/6019K, paused 1ms+1ms
D/dalvikvm( 1142): GC_CONCURRENT freed 402K, 79% free 1321K/6019K, paused 1ms+1ms
D/dalvikvm( 1142): GC_CONCURRENT freed 377K, 78% free 1350K/6019K, paused 1ms+1ms
D/dalvikvm( 1142): GC_CONCURRENT freed 404K, 77% free 1431K/6019K, paused 1ms+1ms
D/dalvikvm( 1142): GC_CONCURRENT freed 498K, 79% free 1323K/6019K, paused 1ms+1ms
D/dalvikvm( 1142): GC_CONCURRENT freed 392K, 78% free 1325K/6019K, paused 1ms+1ms
D/dalvikvm( 1142): GC_CONCURRENT freed 391K, 78% free 1325K/6019K, paused 1ms+1ms
D/dalvikvm( 1142): GC_CONCURRENT freed 403K, 79% free 1312K/6019K, paused 1ms+1ms
D/dalvikvm( 1142): GC_CONCURRENT freed 394K, 79% free 1311K/6019K, paused 0ms+1ms
D/dalvikvm( 1142): GC_CONCURRENT freed 394K, 77% free 1443K/6019K, paused 1ms+1ms
D/dalvikvm( 1142): GC_CONCURRENT freed 514K, 79% free 1313K/6019K, paused 1ms+1ms
D/dalvikvm( 1142): GC_CONCURRENT freed 392K, 78% free 1343K/6019K, paused 1ms+1ms
D/dalvikvm( 1142): GC_CONCURRENT freed 416K, 78% free 1381K/6019K, paused 1ms+1ms
D/dalvikvm( 1142): GC_CONCURRENT freed 450K, 78% free 1324K/6019K, paused 1ms+1ms
D/dalvikvm( 1142): GC_CONCURRENT freed 394K, 79% free 1324K/6019K, paused 1ms+1ms
D/dalvikvm( 1142): GC_CONCURRENT freed 393K, 78% free 1324K/6019K, paused 1ms+1ms
D/dalvikvm( 1142): GC_CONCURRENT freed 433K, 78% free 1324K/6019K, paused 1ms+1ms
D/dalvikvm( 1142): GC_CONCURRENT freed 392K, 78% free 1324K/6019K, paused 1ms+1ms
D/dalvikvm( 1142): GC_CONCURRENT freed 402K, 79% free 1321K/6019K, paused 1ms+1ms
D/dalvikvm( 1142): GC_CONCURRENT freed 395K, 79% free 1319K/6019K, paused 0ms+1ms
D/dalvikvm( 1142): GC_CONCURRENT freed 488K, 78% free 1325K/6019K, paused 1ms+1ms
D/dalvikvm( 1142): GC_CONCURRENT freed 393K, 79% free 1323K/6019K, paused 1ms+1ms
D/dalvikvm( 1142): GC_CONCURRENT freed 393K, 79% free 1324K/6019K, paused 0ms+1ms
D/dalvikvm( 1142): GC_CONCURRENT freed 393K, 78% free 1329K/6019K, paused 1ms+1ms
D/dalvikvm( 1142): GC_CONCURRENT freed 405K, 79% free 1312K/6019K, paused 1ms+1ms
D/dalvikvm( 1142): GC_CONCURRENT freed 395K, 79% free 1310K/6019K, paused 1ms+1ms
D/dalvikvm( 1142): GC_CONCURRENT freed 393K, 79% free 1311K/6019K, paused 1ms+1ms
D/dalvikvm( 1142): GC_CONCURRENT freed 393K, 79% free 1320K/6019K, paused 1ms+1ms
D/dalvikvm( 1142): GC_CONCURRENT freed 393K, 79% free 1320K/6019K, paused 1ms+1ms
D/dalvikvm( 1142): GC_CONCURRENT freed 393K, 78% free 1336K/6019K, paused 0ms+1ms
D/dalvikvm( 1142): GC_CONCURRENT freed 406K, 78% free 1325K/6019K, paused 1ms+1ms
D/dalvikvm( 1142): GC_CONCURRENT freed 393K, 78% free 1325K/6019K, paused 1ms+1ms
D/dalvikvm( 1142): GC_CONCURRENT freed 520K, 79% free 1309K/6019K, paused 1ms+1ms
D/HomePlayerLib( 1142): hostaddress count is 2
D/dalvikvm( 1142): GC_CONCURRENT freed 393K, 77% free 1427K/6019K, paused 1ms+1ms
D/dalvikvm( 1142): GC_CONCURRENT freed 538K, 77% free 1397K/6019K, paused 1ms+1ms
D/dalvikvm( 1142): GC_CONCURRENT freed 466K, 77% free 1429K/6019K, paused 1ms+1ms
D/dalvikvm( 1142): GC_CONCURRENT freed 486K, 78% free 1333K/6019K, paused 1ms+1ms
D/dalvikvm( 1142): GC_CONCURRENT freed 401K, 79% free 1316K/6019K, paused 0ms+1ms
D/dalvikvm( 1142): GC_CONCURRENT freed 396K, 77% free 1430K/6019K, paused 1ms+0ms
D/dalvikvm( 1142): GC_CONCURRENT freed 503K, 77% free 1438K/6019K, paused 0ms+1ms
D/dalvikvm( 1142): GC_CONCURRENT freed 510K, 77% free 1440K/6019K, paused 0ms+1ms
D/dalvikvm( 1142): GC_CONCURRENT freed 516K, 78% free 1342K/6019K, paused 1ms+1ms
D/dalvikvm( 1142): GC_CONCURRENT freed 398K, 76% free 1456K/6019K, paused 1ms+1ms
D/dalvikvm( 1142): GC_CONCURRENT freed 532K, 78% free 1348K/6019K, paused 1ms+0ms
D/dalvikvm( 1142): GC_CONCURRENT freed 467K, 79% free 1316K/6019K, paused 1ms+1ms
D/dalvikvm( 1142): GC_CONCURRENT freed 366K, 78% free 1342K/6019K, paused 1ms+1ms
D/dalvikvm( 1142): GC_CONCURRENT freed 408K, 78% free 1329K/6019K, paused 1ms+1ms
D/dalvikvm( 1142): GC_CONCURRENT freed 398K, 78% free 1328K/6019K, paused 1ms+1ms
D/dalvikvm( 1142): GC_CONCURRENT freed 392K, 78% free 1334K/6019K, paused 1ms+1ms
D/dalvikvm( 1142): GC_CONCURRENT freed 445K, 77% free 1400K/6019K, paused 1ms+1ms
D/dalvikvm( 1142): GC_CONCURRENT freed 457K, 78% free 1361K/6019K, paused 1ms+1ms
D/dalvikvm( 1142): GC_CONCURRENT freed 420K, 78% free 1341K/6019K, paused 1ms+1ms
D/dalvikvm( 1142): GC_CONCURRENT freed 402K, 78% free 1384K/6019K, paused 1ms+1ms
D/dalvikvm( 1142): GC_CONCURRENT freed 459K, 77% free 1412K/6019K, paused 1ms+1ms
D/dalvikvm( 1142): GC_CONCURRENT freed 492K, 79% free 1304K/6019K, paused 1ms+1ms
D/dalvikvm( 1142): GC_CONCURRENT freed 369K, 78% free 1378K/6019K, paused 1ms+1ms
D/dalvikvm( 1142): GC_CONCURRENT freed 446K, 78% free 1326K/6019K, paused 1ms+1ms
D/dalvikvm( 1142): GC_CONCURRENT freed 395K, 78% free 1325K/6019K, paused 1ms+1ms
D/dalvikvm( 1142): GC_CONCURRENT freed 404K, 79% free 1321K/6019K, paused 1ms+1ms
W/System.err( 1233): org.apache.http.conn.ConnectionPoolTimeoutException: Timeout waiting for connection
W/System.err( 1233):    at org.apache.http.impl.conn.tsccm.ConnPoolByRoute.getEntryBlocking(ConnPoolByRoute.java:353)
W/System.err( 1233):    at org.apache.http.impl.conn.tsccm.ConnPoolByRoute$1.getPoolEntry(ConnPoolByRoute.java:238)
W/System.err( 1233):    at org.apache.http.impl.conn.tsccm.ThreadSafeClientConnManager$1.getConnection(ThreadSafeClientConnManager.java:177)
W/System.err( 1233):    at org.apache.http.impl.client.DefaultRequestDirector.execute(DefaultRequestDirector.java:326)
W/System.err( 1233):    at org.apache.http.impl.client.AbstractHttpClient.execute(AbstractHttpClient.java:555)
W/System.err( 1233):    at org.apache.http.impl.client.AbstractHttpClient.execute(AbstractHttpClient.java:487)
W/System.err( 1233):    at org.apache.http.impl.client.AbstractHttpClient.execute(AbstractHttpClient.java:465)
W/System.err( 1233):    at com.fiship.cibn.common.NetworkUtil.isConnectToServerByHttp(NetworkUtil.java:39)
W/System.err( 1233):    at com.fiship.cibn.weather.WeatherTask.doInBackground(WeatherTask.java:184)
W/System.err( 1233):    at com.fiship.cibn.weather.WeatherTask.doInBackground(WeatherTask.java:31)
W/System.err( 1233):    at android.os.AsyncTask$2.call(AsyncTask.java:264)
W/System.err( 1233):    at java.util.concurrent.FutureTask$Sync.innerRun(FutureTask.java:305)
W/System.err( 1233):    at java.util.concurrent.FutureTask.run(FutureTask.java:137)
W/System.err( 1233):    at android.os.AsyncTask$SerialExecutor$1.run(AsyncTask.java:208)
W/System.err( 1233):    at java.util.concurrent.ThreadPoolExecutor.runWorker(ThreadPoolExecutor.java:1076)
W/System.err( 1233):    at java.util.concurrent.ThreadPoolExecutor$Worker.run(ThreadPoolExecutor.java:569)
W/System.err( 1233):    at java.lang.Thread.run(Thread.java:856)
E/WeatherTask( 1233): can't connect the url : http://php.weather.sina.com.cn/iframe/index/w_cl.php?day=1
D/dalvikvm( 1142): GC_CONCURRENT freed 407K, 79% free 1323K/6019K, paused 1ms+1ms
D/dalvikvm( 1142): GC_CONCURRENT freed 393K, 79% free 1324K/6019K, paused 1ms+1ms
D/dalvikvm( 1142): GC_CONCURRENT freed 393K, 78% free 1324K/6019K, paused 1ms+1ms
D/dalvikvm( 1142): GC_CONCURRENT freed 393K, 78% free 1324K/6019K, paused 2ms+1ms
D/dalvikvm( 1142): GC_CONCURRENT freed 393K, 78% free 1324K/6019K, paused 0ms+1ms
D/dalvikvm( 1142): GC_CONCURRENT freed 392K, 78% free 1324K/6019K, paused 1ms+1ms
D/dalvikvm( 1142): GC_CONCURRENT freed 392K, 78% free 1329K/6019K, paused 1ms+1ms
D/dalvikvm( 1142): GC_CONCURRENT freed 404K, 79% free 1321K/6019K, paused 1ms+2ms
D/dalvikvm( 1142): GC_CONCURRENT freed 396K, 79% free 1319K/6019K, paused 1ms+1ms
D/dalvikvm( 1142): GC_CONCURRENT freed 394K, 79% free 1320K/6019K, paused 1ms+1ms
D/dalvikvm( 1142): GC_CONCURRENT freed 405K, 78% free 1364K/6019K, paused 1ms+1ms
D/dalvikvm( 1142): GC_CONCURRENT freed 433K, 77% free 1411K/6019K, paused 1ms+1ms
D/dalvikvm( 1142): GC_CONCURRENT freed 485K, 77% free 1423K/6019K, paused 1ms+1ms
D/dalvikvm( 1142): GC_CONCURRENT freed 491K, 77% free 1431K/6019K, paused 0ms+1ms
D/dalvikvm( 1142): GC_CONCURRENT freed 513K, 78% free 1331K/6019K, paused 1ms+1ms
D/dalvikvm( 1142): GC_CONCURRENT freed 404K, 76% free 1446K/6019K, paused 1ms+1ms
D/dalvikvm( 1142): GC_CONCURRENT freed 520K, 77% free 1422K/6019K, paused 1ms+1ms
D/dalvikvm( 1142): GC_CONCURRENT freed 504K, 79% free 1309K/6019K, paused 1ms+1ms
D/dalvikvm( 1142): GC_CONCURRENT freed 380K, 77% free 1408K/6019K, paused 1ms+1ms
D/dalvikvm( 1142): GC_CONCURRENT freed 476K, 77% free 1430K/6019K, paused 1ms+1ms
D/dalvikvm( 1142): GC_CONCURRENT freed 502K, 79% free 1322K/6019K, paused 1ms+1ms
D/dalvikvm( 1142): GC_CONCURRENT freed 405K, 79% free 1305K/6019K, paused 1ms+1ms
D/dalvikvm( 1142): GC_CONCURRENT freed 376K, 78% free 1324K/6019K, paused 1ms+1ms
D/dalvikvm( 1142): GC_CONCURRENT freed 394K, 79% free 1323K/6019K, paused 1ms+1ms
D/dalvikvm( 1142): GC_CONCURRENT freed 392K, 79% free 1324K/6019K, paused 0ms+1ms
D/dalvikvm( 1142): GC_CONCURRENT freed 392K, 79% free 1324K/6019K, paused 0ms+1ms
D/dalvikvm( 1142): GC_CONCURRENT freed 393K, 77% free 1408K/6019K, paused 1ms+1ms
D/dalvikvm( 1142): GC_CONCURRENT freed 472K, 77% free 1438K/6019K, paused 1ms+1ms
D/HomePlayerLib( 1142): hostaddress count is 2
D/dalvikvm( 1142): GC_CONCURRENT freed 506K, 77% free 1428K/6019K, paused 1ms+1ms
D/dalvikvm( 1142): GC_CONCURRENT freed 496K, 78% free 1377K/6019K, paused 1ms+1ms
D/dalvikvm( 1142): GC_CONCURRENT freed 436K, 77% free 1430K/6019K, paused 1ms+1ms
D/dalvikvm( 1142): GC_CONCURRENT freed 494K, 77% free 1433K/6019K, paused 1ms+1ms
D/dalvikvm( 1142): GC_CONCURRENT freed 511K, 79% free 1312K/6019K, paused 1ms+1ms
D/dalvikvm( 1142): GC_CONCURRENT freed 404K, 77% free 1408K/6019K, paused 0ms+1ms
D/dalvikvm( 1142): GC_CONCURRENT freed 488K, 78% free 1369K/6019K, paused 1ms+1ms
D/dalvikvm( 1142): GC_CONCURRENT freed 434K, 78% free 1327K/6019K, paused 1ms+1ms
D/dalvikvm( 1142): GC_CONCURRENT freed 392K, 78% free 1334K/6019K, paused 0ms+1ms
D/dalvikvm( 1142): GC_CONCURRENT freed 402K, 77% free 1442K/6019K, paused 1ms+1ms
D/dalvikvm( 1142): GC_CONCURRENT freed 517K, 77% free 1425K/6019K, paused 1ms+1ms
D/dalvikvm( 1142): GC_CONCURRENT freed 487K, 78% free 1328K/6019K, paused 1ms+1ms
D/dalvikvm( 1142): GC_CONCURRENT freed 403K, 77% free 1385K/6019K, paused 1ms+1ms
D/dalvikvm( 1142): GC_CONCURRENT freed 520K, 78% free 1377K/6019K, paused 1ms+2ms
D/dalvikvm( 1142): GC_CONCURRENT freed 442K, 78% free 1325K/6019K, paused 1ms+1ms
D/dalvikvm( 1142): GC_CONCURRENT freed 407K, 78% free 1350K/6019K, paused 1ms+1ms
D/dalvikvm( 1142): GC_CONCURRENT freed 416K, 77% free 1437K/6019K, paused 1ms+1ms
D/dalvikvm( 1142): GC_CONCURRENT freed 516K, 77% free 1413K/6019K, paused 1ms+1ms
D/dalvikvm( 1142): GC_CONCURRENT freed 473K, 78% free 1334K/6019K, paused 1ms+1ms
D/dalvikvm( 1142): GC_CONCURRENT freed 415K, 78% free 1331K/6019K, paused 0ms+1ms
D/dalvikvm( 1142): GC_CONCURRENT freed 389K, 78% free 1330K/6019K, paused 1ms+1ms
D/dalvikvm( 1142): GC_CONCURRENT freed 399K, 78% free 1328K/6019K, paused 1ms+1ms
D/dalvikvm( 1142): GC_CONCURRENT freed 393K, 78% free 1328K/6019K, paused 1ms+1ms
D/dalvikvm( 1142): GC_CONCURRENT freed 393K, 78% free 1328K/6019K, paused 1ms+1ms
D/dalvikvm( 1142): GC_CONCURRENT freed 393K, 78% free 1350K/6019K, paused 1ms+1ms
D/dalvikvm( 1142): GC_CONCURRENT freed 432K, 79% free 1323K/6019K, paused 1ms+1ms
D/dalvikvm( 1142): GC_CONCURRENT freed 409K, 79% free 1306K/6019K, paused 1ms+1ms
D/dalvikvm( 1142): GC_CONCURRENT freed 370K, 78% free 1326K/6019K, paused 1ms+1ms
D/dalvikvm( 1142): GC_CONCURRENT freed 402K, 77% free 1430K/6019K, paused 0ms+1ms
D/dalvikvm( 1142): GC_CONCURRENT freed 513K, 79% free 1309K/6019K, paused 1ms+1ms
D/dalvikvm( 1142): GC_CONCURRENT freed 393K, 78% free 1370K/6019K, paused 1ms+1ms
D/dalvikvm( 1142): GC_CONCURRENT freed 444K, 78% free 1383K/6019K, paused 1ms+1ms
D/dalvikvm( 1142): GC_CONCURRENT freed 451K, 78% free 1324K/6019K, paused 1ms+1ms
D/dalvikvm( 1142): GC_CONCURRENT freed 394K, 78% free 1324K/6019K, paused 1ms+2ms
D/dalvikvm( 1142): GC_CONCURRENT freed 392K, 78% free 1324K/6019K, paused 1ms+2ms
D/dalvikvm( 1142): GC_CONCURRENT freed 392K, 77% free 1411K/6019K, paused 1ms+1ms
D/dalvikvm( 1142): GC_CONCURRENT freed 484K, 77% free 1438K/6019K, paused 1ms+1ms
D/dalvikvm( 1142): GC_CONCURRENT freed 517K, 77% free 1427K/6019K, paused 1ms+1ms
D/dalvikvm( 1142): GC_CONCURRENT freed 487K, 78% free 1330K/6019K, paused 1ms+1ms
D/dalvikvm( 1142): GC_CONCURRENT freed 405K, 77% free 1437K/6019K, paused 1ms+1ms
D/dalvikvm( 1142): GC_CONCURRENT freed 518K, 79% free 1313K/6019K, paused 1ms+0ms
D/dalvikvm( 1142): GC_CONCURRENT freed 394K, 79% free 1312K/6019K, paused 0ms+1ms
D/dalvikvm( 1142): GC_CONCURRENT freed 394K, 78% free 1352K/6019K, paused 1ms+0ms
D/dalvikvm( 1142): GC_CONCURRENT freed 436K, 79% free 1300K/6019K, paused 1ms+1ms
D/dalvikvm( 1142): GC_CONCURRENT freed 372K, 79% free 1312K/6019K, paused 1ms+1ms
D/dalvikvm( 1142): GC_CONCURRENT freed 395K, 79% free 1311K/6019K, paused 1ms+1ms
D/dalvikvm( 1142): GC_CONCURRENT freed 394K, 79% free 1320K/6019K, paused 0ms+1ms
D/dalvikvm( 1142): GC_CONCURRENT freed 394K, 79% free 1320K/6019K, paused 1ms+1ms
D/dalvikvm( 1142): GC_CONCURRENT freed 393K, 79% free 1311K/6019K, paused 1ms+1ms
D/dalvikvm( 1142): GC_CONCURRENT freed 392K, 79% free 1311K/6019K, paused 0ms+1ms
D/dalvikvm( 1142): GC_CONCURRENT freed 392K, 79% free 1311K/6019K, paused 1ms+1ms
D/dalvikvm( 1142): GC_CONCURRENT freed 393K, 78% free 1343K/6019K, paused 1ms+1ms
D/dalvikvm( 1142): GC_CONCURRENT freed 417K, 77% free 1437K/6019K, paused 1ms+1ms
D/dalvikvm( 1142): GC_CONCURRENT freed 514K, 79% free 1323K/6019K, paused 1ms+1ms
D/HomePlayerLib( 1142): hostaddress count is 2
D/dalvikvm( 1142): GC_CONCURRENT freed 383K, 78% free 1325K/6019K, paused 1ms+1ms
D/dalvikvm( 1142): GC_CONCURRENT freed 386K, 76% free 1450K/6019K, paused 1ms+1ms
D/dalvikvm( 1142): GC_CONCURRENT freed 532K, 75% free 1515K/6019K, paused 1ms+1ms
D/dalvikvm( 1142): GC_CONCURRENT freed 589K, 77% free 1433K/6019K, paused 1ms+1ms
D/dalvikvm( 1142): GC_CONCURRENT freed 489K, 78% free 1329K/6019K, paused 1ms+1ms
D/dalvikvm( 1142): GC_CONCURRENT freed 393K, 76% free 1446K/6019K, paused 1ms+1ms
D/dalvikvm( 1142): GC_CONCURRENT freed 499K, 78% free 1336K/6019K, paused 1ms+1ms
D/dalvikvm( 1142): GC_CONCURRENT freed 418K, 77% free 1428K/6019K, paused 1ms+1ms
D/dalvikvm( 1142): GC_CONCURRENT freed 489K, 77% free 1435K/6019K, paused 1ms+2ms
D/dalvikvm( 1142): GC_CONCURRENT freed 514K, 79% free 1310K/6019K, paused 1ms+1ms
D/dalvikvm( 1142): GC_CONCURRENT freed 385K, 77% free 1429K/6019K, paused 1ms+2ms
D/dalvikvm( 1142): GC_CONCURRENT freed 498K, 77% free 1439K/6019K, paused 1ms+1ms
D/dalvikvm( 1142): GC_CONCURRENT freed 496K, 78% free 1328K/6019K, paused 0ms+1ms
D/dalvikvm( 1142): GC_CONCURRENT freed 403K, 77% free 1432K/6019K, paused 1ms+1ms
D/dalvikvm( 1142): GC_CONCURRENT freed 489K, 76% free 1454K/6019K, paused 1ms+1ms
D/dalvikvm( 1142): GC_CONCURRENT freed 514K, 78% free 1335K/6019K, paused 1ms+1ms
D/dalvikvm( 1142): GC_CONCURRENT freed 405K, 77% free 1440K/6019K, paused 1ms+1ms
D/dalvikvm( 1142): GC_CONCURRENT freed 515K, 77% free 1436K/6019K, paused 1ms+1ms
D/dalvikvm( 1142): GC_CONCURRENT freed 499K, 78% free 1327K/6019K, paused 1ms+1ms
D/dalvikvm( 1142): GC_CONCURRENT freed 406K, 77% free 1428K/6019K, paused 1ms+1ms
D/dalvikvm( 1142): GC_CONCURRENT freed 490K, 76% free 1448K/6019K, paused 1ms+1ms
D/dalvikvm( 1142): GC_CONCURRENT freed 515K, 78% free 1331K/6019K, paused 1ms+1ms
D/dalvikvm( 1142): GC_CONCURRENT freed 402K, 78% free 1382K/6019K, paused 1ms+1ms
D/dalvikvm( 1142): GC_CONCURRENT freed 450K, 78% free 1325K/6019K, paused 0ms+2ms
D/dalvikvm( 1142): GC_CONCURRENT freed 394K, 79% free 1324K/6019K, paused 1ms+1ms
D/dalvikvm( 1142): GC_CONCURRENT freed 394K, 78% free 1324K/6019K, paused 1ms+1ms
D/dalvikvm( 1142): GC_CONCURRENT freed 460K, 78% free 1344K/6019K, paused 1ms+1ms
D/dalvikvm( 1142): GC_CONCURRENT freed 413K, 77% free 1430K/6019K, paused 1ms+2ms
D/dalvikvm( 1142): GC_CONCURRENT freed 514K, 77% free 1407K/6019K, paused 1ms+1ms
D/dalvikvm( 1142): GC_CONCURRENT freed 475K, 78% free 1330K/6019K, paused 1ms+1ms
D/dalvikvm( 1142): GC_CONCURRENT freed 403K, 79% free 1312K/6019K, paused 1ms+2ms
D/dalvikvm( 1142): GC_CONCURRENT freed 394K, 79% free 1311K/6019K, paused 1ms+1ms
D/dalvikvm( 1142): GC_CONCURRENT freed 394K, 79% free 1320K/6019K, paused 1ms+1ms
W/System.err( 1233): org.apache.http.conn.ConnectionPoolTimeoutException: Timeout waiting for connection
W/System.err( 1233):    at org.apache.http.impl.conn.tsccm.ConnPoolByRoute.getEntryBlocking(ConnPoolByRoute.java:353)
W/System.err( 1233):    at org.apache.http.impl.conn.tsccm.ConnPoolByRoute$1.getPoolEntry(ConnPoolByRoute.java:238)
W/System.err( 1233):    at org.apache.http.impl.conn.tsccm.ThreadSafeClientConnManager$1.getConnection(ThreadSafeClientConnManager.java:177)
W/System.err( 1233):    at org.apache.http.impl.client.DefaultRequestDirector.execute(DefaultRequestDirector.java:326)
W/System.err( 1233):    at org.apache.http.impl.client.AbstractHttpClient.execute(AbstractHttpClient.java:555)
W/System.err( 1233):    at org.apache.http.impl.client.AbstractHttpClient.execute(AbstractHttpClient.java:487)
W/System.err( 1233):    at org.apache.http.impl.client.AbstractHttpClient.execute(AbstractHttpClient.java:465)
W/System.err( 1233):    at com.fiship.cibn.common.NetworkUtil.isConnectToServerByHttp(NetworkUtil.java:39)
W/System.err( 1233):    at com.fiship.cibn.weather.WeatherTask.doInBackground(WeatherTask.java:184)
W/System.err( 1233):    at com.fiship.cibn.weather.WeatherTask.doInBackground(WeatherTask.java:31)
W/System.err( 1233):    at android.os.AsyncTask$2.call(AsyncTask.java:264)
W/System.err( 1233):    at java.util.concurrent.FutureTask$Sync.innerRun(FutureTask.java:305)
W/System.err( 1233):    at java.util.concurrent.FutureTask.run(FutureTask.java:137)
W/System.err( 1233):    at android.os.AsyncTask$SerialExecutor$1.run(AsyncTask.java:208)
W/System.err( 1233):    at java.util.concurrent.ThreadPoolExecutor.runWorker(ThreadPoolExecutor.java:1076)
W/System.err( 1233):    at java.util.concurrent.ThreadPoolExecutor$Worker.run(ThreadPoolExecutor.java:569)
W/System.err( 1233):    at java.lang.Thread.run(Thread.java:856)
E/WeatherTask( 1233): can't connect the url : http://php.weather.sina.com.cn/iframe/index/w_cl.php?day=1
D/dalvikvm( 1142): GC_CONCURRENT freed 393K, 78% free 1378K/6019K, paused 1ms+1ms
D/dalvikvm( 1142): GC_CONCURRENT freed 444K, 78% free 1325K/6019K, paused 1ms+1ms
D/dalvikvm( 1142): GC_CONCURRENT freed 393K, 78% free 1370K/6019K, paused 1ms+1ms
D/dalvikvm( 1142): GC_CONCURRENT freed 442K, 77% free 1438K/6019K, paused 1ms+1ms
D/dalvikvm( 1142): GC_CONCURRENT freed 518K, 79% free 1312K/6019K, paused 0ms+1ms
D/dalvikvm( 1142): GC_CONCURRENT freed 394K, 77% free 1424K/6019K, paused 0ms+1ms
D/dalvikvm( 1142): GC_CONCURRENT freed 498K, 79% free 1314K/6019K, paused 1ms+1ms
D/dalvikvm( 1142): GC_CONCURRENT freed 396K, 79% free 1319K/6019K, paused 1ms+1ms
D/dalvikvm( 1142): GC_CONCURRENT freed 392K, 77% free 1434K/6019K, paused 0ms+1ms
D/dalvikvm( 1142): GC_CONCURRENT freed 514K, 77% free 1385K/6019K, paused 1ms+1ms
D/dalvikvm( 1142): GC_CONCURRENT freed 459K, 77% free 1424K/6019K, paused 1ms+2ms
D/dalvikvm( 1142): GC_CONCURRENT freed 491K, 77% free 1406K/6019K, paused 0ms+1ms
D/dalvikvm( 1142): GC_CONCURRENT freed 473K, 78% free 1371K/6019K, paused 1ms+1ms
D/dalvikvm( 1142): GC_CONCURRENT freed 444K, 77% free 1396K/6019K, paused 1ms+1ms
D/dalvikvm( 1142): GC_CONCURRENT freed 477K, 77% free 1426K/6019K, paused 1ms+1ms
D/dalvikvm( 1142): GC_CONCURRENT freed 488K, 78% free 1371K/6019K, paused 1ms+1ms
D/dalvikvm( 1142): GC_CONCURRENT freed 444K, 77% free 1396K/6019K, paused 0ms+1ms
D/dalvikvm( 1142): GC_CONCURRENT freed 476K, 78% free 1337K/6019K, paused 1ms+1ms
D/dalvikvm( 1142): GC_CONCURRENT freed 434K, 77% free 1403K/6019K, paused 1ms+1ms
D/dalvikvm( 1142): GC_CONCURRENT freed 495K, 78% free 1324K/6019K, paused 1ms+1ms
D/HomePlayerLib( 1142): hostaddress count is 2
D/dalvikvm( 1142): GC_CONCURRENT freed 396K, 78% free 1337K/6019K, paused 1ms+1ms
D/dalvikvm( 1142): GC_CONCURRENT freed 383K, 78% free 1349K/6019K, paused 1ms+1ms
D/dalvikvm( 1142): GC_CONCURRENT freed 434K, 79% free 1310K/6019K, paused 1ms+2ms
D/dalvikvm( 1142): GC_CONCURRENT freed 389K, 79% free 1323K/6019K, paused 1ms+1ms
D/dalvikvm( 1142): GC_CONCURRENT freed 356K, 76% free 1485K/6019K, paused 1ms+1ms
D/dalvikvm( 1142): GC_CONCURRENT freed 562K, 78% free 1331K/6019K, paused 1ms+1ms
D/dalvikvm( 1142): GC_CONCURRENT freed 412K, 77% free 1392K/6019K, paused 1ms+1ms
D/dalvikvm( 1142): GC_CONCURRENT freed 464K, 78% free 1348K/6019K, paused 0ms+1ms
D/dalvikvm( 1142): GC_CONCURRENT freed 511K, 78% free 1347K/6019K, paused 1ms+1ms
D/dalvikvm( 1142): GC_CONCURRENT freed 440K, 75% free 1507K/6019K, paused 1ms+1ms
D/dalvikvm( 1142): GC_CONCURRENT freed 583K, 77% free 1428K/6019K, paused 0ms+1ms
D/dalvikvm( 1142): GC_CONCURRENT freed 506K, 77% free 1426K/6019K, paused 1ms+1ms
D/dalvikvm( 1142): GC_CONCURRENT freed 510K, 77% free 1425K/6019K, paused 1ms+1ms
D/dalvikvm( 1142): GC_CONCURRENT freed 529K, 77% free 1403K/6019K, paused 1ms+1ms
D/dalvikvm( 1142): GC_CONCURRENT freed 464K, 78% free 1332K/6019K, paused 1ms+1ms
D/dalvikvm( 1142): GC_CONCURRENT freed 403K, 77% free 1440K/6019K, paused 1ms+1ms
D/dalvikvm( 1142): GC_CONCURRENT freed 518K, 78% free 1363K/6019K, paused 1ms+1ms
D/dalvikvm( 1142): GC_CONCURRENT freed 485K, 77% free 1397K/6019K, paused 1ms+2ms
D/dalvikvm( 1142): GC_CONCURRENT freed 473K, 78% free 1326K/6019K, paused 1ms+1ms
D/dalvikvm( 1142): GC_CONCURRENT freed 395K, 78% free 1324K/6019K, paused 1ms+1ms
D/dalvikvm( 1142): GC_CONCURRENT freed 393K, 79% free 1324K/6019K, paused 1ms+1ms
D/dalvikvm( 1142): GC_CONCURRENT freed 393K, 78% free 1324K/6019K, paused 1ms+1ms
D/dalvikvm( 1142): GC_CONCURRENT freed 393K, 78% free 1324K/6019K, paused 1ms+1ms
D/dalvikvm( 1142): GC_CONCURRENT freed 393K, 79% free 1324K/6019K, paused 1ms+1ms
D/dalvikvm( 1142): GC_CONCURRENT freed 391K, 78% free 1325K/6019K, paused 1ms+1ms
D/dalvikvm( 1142): GC_CONCURRENT freed 403K, 79% free 1312K/6019K, paused 1ms+1ms
D/dalvikvm( 1142): GC_CONCURRENT freed 396K, 77% free 1426K/6019K, paused 0ms+1ms
D/dalvikvm( 1142): GC_CONCURRENT freed 488K, 76% free 1449K/6019K, paused 1ms+1ms
D/dalvikvm( 1142): GC_CONCURRENT freed 525K, 79% free 1313K/6019K, paused 1ms+1ms
D/dalvikvm( 1142): GC_CONCURRENT freed 396K, 79% free 1310K/6019K, paused 1ms+1ms
D/dalvikvm( 1142): GC_CONCURRENT freed 393K, 79% free 1303K/6019K, paused 0ms+1ms
D/dalvikvm( 1142): GC_CONCURRENT freed 366K, 76% free 1448K/6019K, paused 1ms+1ms
D/dalvikvm( 1142): GC_CONCURRENT freed 514K, 78% free 1325K/6019K, paused 1ms+1ms
D/dalvikvm( 1142): GC_CONCURRENT freed 394K, 78% free 1329K/6019K, paused 1ms+1ms
D/dalvikvm( 1142): GC_CONCURRENT freed 401K, 79% free 1312K/6019K, paused 1ms+1ms
D/dalvikvm( 1142): GC_CONCURRENT freed 396K, 77% free 1402K/6019K, paused 1ms+1ms
D/dalvikvm( 1142): GC_CONCURRENT freed 474K, 77% free 1436K/6019K, paused 1ms+1ms
D/dalvikvm( 1142): GC_CONCURRENT freed 521K, 79% free 1316K/6019K, paused 1ms+1ms
D/dalvikvm( 1142): GC_CONCURRENT freed 384K, 78% free 1325K/6019K, paused 0ms+1ms
D/dalvikvm( 1142): GC_CONCURRENT freed 395K, 79% free 1323K/6019K, paused 1ms+1ms
D/dalvikvm( 1142): GC_CONCURRENT freed 394K, 77% free 1430K/6019K, paused 1ms+1ms
D/dalvikvm( 1142): GC_CONCURRENT freed 501K, 77% free 1384K/6019K, paused 0ms+1ms
D/dalvikvm( 1142): GC_CONCURRENT freed 459K, 77% free 1437K/6019K, paused 1ms+1ms
D/dalvikvm( 1142): GC_CONCURRENT freed 517K, 79% free 1312K/6019K, paused 1ms+1ms
D/dalvikvm( 1142): GC_CONCURRENT freed 393K, 77% free 1424K/6019K, paused 1ms+1ms
D/dalvikvm( 1142): GC_CONCURRENT freed 498K, 77% free 1437K/6019K, paused 1ms+1ms
D/dalvikvm( 1142): GC_CONCURRENT freed 518K, 77% free 1439K/6019K, paused 1ms+1ms
D/HomePlayerLib( 1142): hostaddress count is 2
D/dalvikvm( 1142): GC_CONCURRENT freed 519K, 79% free 1305K/6019K, paused 1ms+1ms
D/dalvikvm( 1142): GC_CONCURRENT freed 376K, 77% free 1428K/6019K, paused 1ms+1ms
D/dalvikvm( 1142): GC_CONCURRENT freed 497K, 77% free 1429K/6019K, paused 1ms+1ms
D/dalvikvm( 1142): GC_CONCURRENT freed 506K, 77% free 1432K/6019K, paused 1ms+1ms
D/dalvikvm( 1142): GC_CONCURRENT freed 495K, 76% free 1455K/6019K, paused 0ms+1ms
D/dalvikvm( 1142): GC_CONCURRENT freed 547K, 77% free 1410K/6019K, paused 1ms+1ms
D/dalvikvm( 1142): GC_CONCURRENT freed 490K, 79% free 1304K/6019K, paused 0ms+1ms
D/dalvikvm( 1142): GC_CONCURRENT freed 380K, 77% free 1425K/6019K, paused 1ms+0ms
D/dalvikvm( 1142): GC_CONCURRENT freed 477K, 76% free 1485K/6019K, paused 1ms+1ms
D/dalvikvm( 1142): GC_CONCURRENT freed 549K, 76% free 1447K/6019K, paused 1ms+1ms
D/dalvikvm( 1142): GC_CONCURRENT freed 512K, 78% free 1376K/6019K, paused 1ms+1ms
D/dalvikvm( 1142): GC_CONCURRENT freed 427K, 76% free 1460K/6019K, paused 1ms+1ms
D/dalvikvm( 1142): GC_CONCURRENT freed 520K, 77% free 1411K/6019K, paused 1ms+1ms
D/dalvikvm( 1142): GC_CONCURRENT freed 475K, 78% free 1334K/6019K, paused 1ms+1ms
D/dalvikvm( 1142): GC_CONCURRENT freed 404K, 77% free 1442K/6019K, paused 1ms+1ms
D/dalvikvm( 1142): GC_CONCURRENT freed 556K, 77% free 1397K/6019K, paused 1ms+1ms
D/dalvikvm( 1142): GC_CONCURRENT freed 478K, 79% free 1305K/6019K, paused 1ms+1ms
D/dalvikvm( 1142): GC_CONCURRENT freed 386K, 77% free 1427K/6019K, paused 1ms+1ms
D/dalvikvm( 1142): GC_CONCURRENT freed 502K, 77% free 1431K/6019K, paused 1ms+1ms
D/dalvikvm( 1142): GC_CONCURRENT freed 488K, 78% free 1330K/6019K, paused 1ms+1ms
D/dalvikvm( 1142): GC_CONCURRENT freed 410K, 79% free 1304K/6019K, paused 1ms+1ms
D/dalvikvm( 1142): GC_CONCURRENT freed 377K, 77% free 1430K/6019K, paused 0ms+1ms
D/dalvikvm( 1142): GC_CONCURRENT freed 498K, 77% free 1429K/6019K, paused 1ms+1ms
D/dalvikvm( 1142): GC_CONCURRENT freed 511K, 79% free 1302K/6019K, paused 1ms+1ms
D/dalvikvm( 1142): GC_CONCURRENT freed 377K, 79% free 1323K/6019K, paused 1ms+1ms
D/dalvikvm( 1142): GC_CONCURRENT freed 394K, 79% free 1324K/6019K, paused 0ms+1ms
D/dalvikvm( 1142): GC_CONCURRENT freed 392K, 78% free 1324K/6019K, paused 1ms+1ms
D/dalvikvm( 1142): GC_CONCURRENT freed 392K, 78% free 1324K/6019K, paused 1ms+1ms
D/dalvikvm( 1142): GC_CONCURRENT freed 393K, 78% free 1324K/6019K, paused 1ms+1ms
D/dalvikvm( 1142): GC_CONCURRENT freed 392K, 79% free 1324K/6019K, paused 1ms+1ms
D/dalvikvm( 1142): GC_CONCURRENT freed 393K, 78% free 1325K/6019K, paused 1ms+1ms
D/dalvikvm( 1142): GC_CONCURRENT freed 393K, 78% free 1325K/6019K, paused 1ms+1ms
D/dalvikvm( 1142): GC_CONCURRENT freed 401K, 79% free 1321K/6019K, paused 1ms+2ms
D/dalvikvm( 1142): GC_CONCURRENT freed 396K, 79% free 1311K/6019K, paused 1ms+1ms
D/dalvikvm( 1142): GC_CONCURRENT freed 393K, 79% free 1320K/6019K, paused 1ms+2ms
D/dalvikvm( 1142): GC_CONCURRENT freed 394K, 79% free 1311K/6019K, paused 1ms+1ms
D/dalvikvm( 1142): GC_CONCURRENT freed 394K, 79% free 1320K/6019K, paused 1ms+1ms
D/dalvikvm( 1142): GC_CONCURRENT freed 404K, 78% free 1324K/6019K, paused 1ms+1ms
D/dalvikvm( 1142): GC_CONCURRENT freed 392K, 78% free 1324K/6019K, paused 0ms+1ms
D/dalvikvm( 1142): GC_CONCURRENT freed 393K, 78% free 1329K/6019K, paused 1ms+1ms
D/dalvikvm( 1142): GC_CONCURRENT freed 404K, 76% free 1464K/6019K, paused 1ms+1ms
D/dalvikvm( 1142): GC_CONCURRENT freed 531K, 78% free 1367K/6019K, paused 1ms+1ms
D/dalvikvm( 1142): GC_CONCURRENT freed 434K, 78% free 1370K/6019K, paused 1ms+1ms
D/dalvikvm( 1142): GC_CONCURRENT freed 443K, 77% free 1438K/6019K, paused 1ms+1ms
D/dalvikvm( 1142): GC_CONCURRENT freed 518K, 79% free 1304K/6019K, paused 1ms+1ms
D/dalvikvm( 1142): GC_CONCURRENT freed 368K, 76% free 1448K/6019K, paused 1ms+1ms
D/dalvikvm( 1142): GC_CONCURRENT freed 523K, 77% free 1422K/6019K, paused 1ms+1ms
D/dalvikvm( 1142): GC_CONCURRENT freed 490K, 77% free 1431K/6019K, paused 1ms+1ms
D/dalvikvm( 1142): GC_CONCURRENT freed 502K, 79% free 1313K/6019K, paused 1ms+1ms
D/dalvikvm( 1142): GC_CONCURRENT freed 399K, 79% free 1315K/6019K, paused 1ms+1ms
D/dalvikvm( 1142): GC_CONCURRENT freed 385K, 78% free 1324K/6019K, paused 1ms+1ms
W/System.err( 1233): org.apache.http.conn.ConnectionPoolTimeoutException: Timeout waiting for connection
W/System.err( 1233):    at org.apache.http.impl.conn.tsccm.ConnPoolByRoute.getEntryBlocking(ConnPoolByRoute.java:353)
W/System.err( 1233):    at org.apache.http.impl.conn.tsccm.ConnPoolByRoute$1.getPoolEntry(ConnPoolByRoute.java:238)
W/System.err( 1233):    at org.apache.http.impl.conn.tsccm.ThreadSafeClientConnManager$1.getConnection(ThreadSafeClientConnManager.java:177)
W/System.err( 1233):    at org.apache.http.impl.client.DefaultRequestDirector.execute(DefaultRequestDirector.java:326)
W/System.err( 1233):    at org.apache.http.impl.client.AbstractHttpClient.execute(AbstractHttpClient.java:555)
W/System.err( 1233):    at org.apache.http.impl.client.AbstractHttpClient.execute(AbstractHttpClient.java:487)
W/System.err( 1233):    at org.apache.http.impl.client.AbstractHttpClient.execute(AbstractHttpClient.java:465)
W/System.err( 1233):    at com.fiship.cibn.common.NetworkUtil.isConnectToServerByHttp(NetworkUtil.java:39)
W/System.err( 1233):    at com.fiship.cibn.weather.WeatherTask.doInBackground(WeatherTask.java:184)
W/System.err( 1233):    at com.fiship.cibn.weather.WeatherTask.doInBackground(WeatherTask.java:31)
W/System.err( 1233):    at android.os.AsyncTask$2.call(AsyncTask.java:264)
W/System.err( 1233):    at java.util.concurrent.FutureTask$Sync.innerRun(FutureTask.java:305)
W/System.err( 1233):    at java.util.concurrent.FutureTask.run(FutureTask.java:137)
W/System.err( 1233):    at android.os.AsyncTask$SerialExecutor$1.run(AsyncTask.java:208)
W/System.err( 1233):    at java.util.concurrent.ThreadPoolExecutor.runWorker(ThreadPoolExecutor.java:1076)
W/System.err( 1233):    at java.util.concurrent.ThreadPoolExecutor$Worker.run(ThreadPoolExecutor.java:569)
W/System.err( 1233):    at java.lang.Thread.run(Thread.java:856)
E/WeatherTask( 1233): can't connect the url : http://php.weather.sina.com.cn/iframe/index/w_cl.php?day=1
D/dalvikvm( 1142): GC_CONCURRENT freed 395K, 77% free 1430K/6019K, paused 1ms+1ms
D/dalvikvm( 1142): GC_CONCURRENT freed 513K, 77% free 1412K/6019K, paused 1ms+1ms
D/dalvikvm( 1142): GC_CONCURRENT freed 486K, 77% free 1438K/6019K, paused 1ms+1ms
D/dalvikvm( 1142): GC_CONCURRENT freed 519K, 79% free 1312K/6019K, paused 1ms+1ms
D/HomePlayerLib( 1142): hostaddress count is 2
D/dalvikvm( 1142): GC_CONCURRENT freed 390K, 77% free 1409K/6019K, paused 1ms+1ms
D/dalvikvm( 1142): GC_CONCURRENT freed 489K, 77% free 1424K/6019K, paused 1ms+1ms
D/dalvikvm( 1142): GC_CONCURRENT freed 486K, 76% free 1449K/6019K, paused 1ms+1ms
D/dalvikvm( 1142): GC_CONCURRENT freed 524K, 77% free 1430K/6019K, paused 0ms+1ms
D/dalvikvm( 1142): GC_CONCURRENT freed 486K, 76% free 1467K/6019K, paused 1ms+1ms
D/dalvikvm( 1142): GC_CONCURRENT freed 556K, 79% free 1316K/6019K, paused 0ms+1ms
D/dalvikvm( 1142): GC_CONCURRENT freed 394K, 77% free 1434K/6019K, paused 0ms+1ms
D/dalvikvm( 1142): GC_CONCURRENT freed 496K, 77% free 1434K/6019K, paused 1ms+1ms
D/dalvikvm( 1142): GC_CONCURRENT freed 465K, 76% free 1480K/6019K, paused 1ms+1ms
D/dalvikvm( 1142): GC_CONCURRENT freed 549K, 77% free 1443K/6019K, paused 1ms+1ms
D/dalvikvm( 1142): GC_CONCURRENT freed 493K, 76% free 1461K/6019K, paused 1ms+1ms
D/dalvikvm( 1142): GC_CONCURRENT freed 594K, 78% free 1378K/6019K, paused 1ms+1ms
D/dalvikvm( 1142): GC_CONCURRENT freed 455K, 78% free 1373K/6019K, paused 0ms+1ms
D/dalvikvm( 1142): GC_CONCURRENT freed 443K, 77% free 1441K/6019K, paused 1ms+1ms
D/dalvikvm( 1142): GC_CONCURRENT freed 518K, 79% free 1308K/6019K, paused 1ms+1ms
D/dalvikvm( 1142): GC_CONCURRENT freed 367K, 77% free 1411K/6019K, paused 1ms+1ms
D/dalvikvm( 1142): GC_CONCURRENT freed 473K, 78% free 1333K/6019K, paused 1ms+1ms
D/dalvikvm( 1142): GC_CONCURRENT freed 413K, 77% free 1413K/6019K, paused 1ms+1ms
D/dalvikvm( 1142): GC_CONCURRENT freed 475K, 78% free 1328K/6019K, paused 1ms+1ms
D/dalvikvm( 1142): GC_CONCURRENT freed 406K, 78% free 1325K/6019K, paused 1ms+1ms
D/dalvikvm( 1142): GC_CONCURRENT freed 395K, 77% free 1411K/6019K, paused 0ms+1ms
D/dalvikvm( 1142): GC_CONCURRENT freed 485K, 79% free 1313K/6019K, paused 1ms+1ms
I/MonitorCw880( 5694): SystemPropertiesClass:class android.os.SystemProperties
W/MonitorCw880( 5694): ~~~~~~~~~~~~~~~~~~~~~~method:public static java.lang.String android.os.SystemProperties.get(java.lang.String,java.lang.String)
W/Monitor[148989.149475] [SD_CTL_TASK] send msg to IMAN: msgid=0x511. ret = 0
Cw880( 5694): getProperties pers[148989.158856] CW880 :rtsk=0x17, stsk=0x15,msgid=0x512,msglen=4
ist.sys.resoluti[148989.166014] [SD_CTL_TASK] send msg to IMAN: msgid=0x150a. ret = 0
on return value:2
D/MonitorCw88[148989.174850] CW880 :rtsk=0x17, stsk=0x15,msgid=0x150b,msglen=4
0( 5694): getPro[148989.182099] Dest_ip=0xc0a82bba,TS_port=1234
perties -> persi[148989.186695] CW880 API set ts info  ip is  192.168.43.186
st.sys.resolutio[148989.194301] [SD_CTL_TASK] send msg to IMAN: msgid=0x503. ret = 0
n=2
I/MonitorCw880( 5694): ====mDisplaymode = 1
D/MonitorCw880( 5694): handleHandshake() -> recevice action=handshake
I/MonitorCw880( 5694): SystemPropertiesClass:class andr[148989.214828] CW880 :rtsk=0x17, stsk=0x15,msgid=0x504,msglen=24
oid.os.SystemPro[148989.222852] [SD_CTL_TASK] send msg to IMAN: msgid=0x1503. ret = 0
perties
W/Monit[148989.230852] CW880 :rtsk=0x17, stsk=0x15,msgid=0x1516,msglen=4
orCw880( 5694): [148989.237500] [SD_CTL_TASK] send msg to IMAN: msgid=0x508. ret = 0
~~~~~~~~~~~~~~~~~~~~~~method:pub[148989.246844] CW880 :rtsk=0x17, stsk=0x15,msgid=0x1505,msglen=4
lic static java.lang.String android.os.SystemProperties.get(java.lang.String,java.lang.String)
[148989.260310] [SD_CTL_TASK] send msg to IMAN: msgid=0x513. ret = 0
W/MonitorCw880( 5694): getProperties sys.cw880.ready return value:true
W/WimoApp ( 5694): Q to be created is for module index:23,pid=5694
W/WimoApp ( 5694): Q_Addr is:0x1001701
W/WimoApp ( 5694): 
W/WimoApp ( 5694):  [U_MSGQ]create msgq for module(id=23) succeed!
W/WimoApp ( 5694): 
W/WimoApp ( 5694):  [WIM_M]send MODULE_HEART_BEAT_CHECK toMODULE(21) succeed!
W/WimoApp ( 5694): 
W/WimoApp ( 5694):  [APK]Received MODULE_HEART_BEAT_REPLY msg!
D/MonitorC[148989.306886] CW880 :rtsk=0x17, stsk=0x15,msgid=0x1509,msglen=4
w880( 5694): handleHandshake() -> Cw880BootState is cw880_reboot_completed
W/WimoApp ( 5694): Q to be created is for module index:23,pid=5694
W/WimoApp ( 5694): Q_Addr is:0x1[148989.328765] [SD_CTL_TASK] send msg to IMAN: msgid=0x150a. ret = 0
001701
W/WimoApp ( 5694): 
W/WimoApp ( 5694): [148989.338888] CW880 :rtsk=0x17, stsk=0x15,msgid=0x150b,msglen=4
 [U_MSGQ]create [148989.346547] Dest_ip=0xc0a82bba,TS_port=1234
msgq for module([148989.350994] CW880 API set ts info  ip is  192.168.43.186
[148989.358643] [SD_CTL_TASK] send msg to IMAN: msgid=0x503. ret = 0

W/WimoApp ( 5694): 
W/WimoApp ( 5694):  [WIM_M]send IMAN_STREAM_GOING_CHECK to[148989.370900] CW880 :rtsk=0x17, stsk=0x15,msgid=0x504,msglen=24
MODULE(21) succe[148989.378952] [SD_CTL_TASK] send msg to IMAN: msgid=0x1503. ret = 0
ed!
W/WimoApp ([148989.386906] CW880 :rtsk=0x17, stsk=0x15,msgid=0x1516,msglen=4
 5694): 
W/Wimo[148989.393583] [SD_CTL_TASK] send msg to IMAN: msgid=0x508. ret = 0
App ( 5694):  [APK]Received IMAN[148989.402908] CW880 :rtsk=0x17, stsk=0x15,msgid=0x1505,msglen=4
_STREAM_GOING_REPLY msg!
W/WimoApp ( 5694): 
W/WimoApp ( 5694):  [APK]Received IMAN_STREAM_GOING_REPLY failed!
D/Cw880jni( 5694): [com_coship_chuanping_SetCw880CommunicateType, 139] type = 1
W/WimoApp ( 5694): Q to be created is for module index:23,pid=5694
W/WimoApp ( 5694): Q_Addr is:0x1001701
W/WimoApp ( 5694): 
W/WimoApp ( 5694):  [U_MSGQ]create msgq for module(id=23) succeed!
W/WimoApp ( 5694): 
W/WimoApp ( 5694):  [WIM_M]send TS_INFOR_MSG toMODULE(18) succeed!
W/WimoApp ( 5694): 
W/WimoApp ( 5694):  [APK]Received WIMO_AP_SET_COMMUNICATE_TYPE_REPLY msg!
D/Cw880jni( 5694): [com_coship_chuanping_SetCw880CommunicateType, 146] set communicate type 1 success !
W/MonitorCw880( 5694): setCw880CommunicateType()=1, return=6
V/Cw880jni( 5694): =native ip = 192.168.43.186
V/Cw880jni( 5694): [192]====currentip = c0000000
V/Cw880jni( 5694): [196]====currentip = c0a80000
V/Cw880jni( 5694): [200]====currentip = c0a82b00
V/Cw880jni( 5694): [209]==tempip=186==retIP=c0a82bba
V/Cw880jni( 5694): [225]===socketip=c0a82bba
W/WimoApp ( 5694): Q to be created is for module index:23,pid=5694
W/WimoApp ( 5694): Q_Addr is:0x1001701
W/WimoApp ( 5694): 
W/WimoApp ( 5694):  [U_MSGQ]create msgq for module(id=23) succeed!
W/WimoApp ( 5694): 
W/WimoApp ( 5694):  [WIM_M]send TS_INFOR_MSG toMODULE(18) succeed!
W/WimoApp ( 5694): 
W/WimoApp ( 5694):  [APK]Received WIMO_AP_TS_DEST_INFOR_REPLY msg!
V/Cw880jni( 5694): [229]===cw_api_set_tsinfo back = 0
V/Cw880jni( 5694): ==========mode = 1
V/Cw880jni( 5694): ==========bandwidth = 4
V/Cw880jni( 5694): [245]===set 720p displaymode 
W/WimoApp ( 5694): Q to be created is for module index:23,pid=5694
W/WimoApp ( 5694): Q_Addr is:0x1001701
W/WimoApp ( 5694): 
W/WimoApp ( 5694):  [U_MSGQ]create msgq for module(id=23) succeed!
W/WimoApp ( 5694): 
W/WimoApp ( 5694):  [WIMO_T]Input Resolution:Rel.width=1280, Rel.height=720
W/WimoApp ( 5694): 
W/WimoApp ( 5694):  [WIMO_T]Resolution Change Request as:Rel.width=1280, Rel.height=720,Actual.fps=30
W/WimoApp ( 5694): 
W/WimoApp ( 5694):  [WIM_M]send WIMO_AP_RESOL_CHNG_REQ toMODULE(21) succeed!
W/WimoApp ( 5694): 
W/WimoApp ( 5694):  [APK]Received WIMO_AP_RESOL_CHNG_REPLY msg!
W/WimoApp ( 5694): 
W/WimoApp ( 5694):  [APK]bandwidth required is 4M
W/WimoApp ( 5694): Q to be created is for module index:23,pid=5694
W/WimoApp ( 5694): Q_Addr is:0x1001701
W/WimoApp ( 5694): 
W/WimoApp ( 5694):  [U_MSGQ]create msgq for module(id=23) succeed!
W/WimoApp ( 5694): 
W/WimoApp ( 5694):  [WIM_M]send TS_BAND_WIDTH_ADJUST toMODULE(21) succeed!
W/WimoApp ( 5694): 
W/WimoApp ( 5694):  [APK]Received IMAN_COMMAND_COMPLETE_EPLY msg!
V/Cw880jni( 5694): [264]====cw_api_set_ts_bandwidth back = 0
W/WimoApp ( 5694): Q to be created is for module index:23,pid=5694
W/WimoApp ( 5694): Q_Addr is:0x1001701
W/WimoApp ( 5694): 
W/WimoApp ( 5694):  [U_MSGQ]create msgq for module(id=23) succeed!
W/WimoApp ( 5694): 
W/WimoApp ( 5694):  [WIM_M]send IMAN_STREAM_OUTPUT_START toMODULE(21) succeed!
W/WimoApp ( 5694): 
W/WimoApp ( 5694):  [APK]Received IMAN_STREAM_OUTPUT_START msg!
V/Cw880jni( 5694): [266]===cw_api_stream_start back =0
V/Cw880jni( 5694): [272]====yes cw880 set success 
W/MonitorCw880( 5694): StartCw880() -> result=6
D/MonitorCw880( 5694): handleHandshake() -> easybusMsgOld is empty,new object.
D/MonitorCw880( 5694): =========will to handle request=handshake
D/MonitorCw880( 5694): return action=handshake result= success
D/MonitorCw880( 5694):  send result -> 192.168.43.186:59148 msgType= easyscreen, msgData=action=handshake&result=success&playurl=mmkhttp://192.168.43.1:1234&video=null&audio=null&protocol=http&transfermode=unicast&streamformat=ts&resolution=720p&videobitrate=1536&version=1
I/MonitorCw880( 5694): SystemPropertiesClass:class android.os.SystemProperties
W/MonitorCw880( 5694): ~~~~~~~~~~~~~~~~~~~~~~method:public static java.lang.String android.os.SystemProperties.get(java.lang.String,java.lang.String)
W/MonitorCw880( 5694): getProperties persist.sys.resolution return value:2
D/MonitorCw880( 5694): getProperties -> persist.sys.resolution=2
I/MonitorCw880( 5694): ====mDisplaymode = 1
D/MonitorCw880( 5694): handleStop() -> recevice action=stop
W/WimoApp ( 5694): Q to be created is for module index:23,pid=5694
W/WimoApp ( 5694): Q_Addr is:0x1001701
W/WimoApp ( 5694): 
W/WimoApp ( 5694):  [U_MSGQ]create msgq for module(id=23) succeed!
W/WimoApp ( 5694): 
W/WimoApp ( 5694):  [WIM_M]send AP_MODULE_EXIT toMODULE(21) succeed!
W/WimoApp ( 5694): 
W/WimoApp ( 5694):  [APK]Received IMAN_STREAM_STOPED msg!
V/Cw880jni( 5694): [419]===cw_api_stream_stop back = 0 
W/MonitorCw880( 5694): action=Stop result=7,currentRemoteHost=null mip=192.168.43.186
D/MonitorCw880( 5694): =========will to handle request=stop
D/MonitorCw880( 5694): return action=stop result= success
D/MonitorCw880( 5694):  send result -> 192.168.43.186:59148 msgType= easyscreen, msgData=action=stop&result=success
D/dalvikvm(  945): GC_EXPLICIT freed 184K, 61% free 4328K/10947K, paused 2ms+4ms
I/MonitorCw880( 5694): SystemPropertiesClass:class android.os.SystemProperties
W/MonitorCw880( 5694): ~~~~~~~~~~~~~~~~~~~~~~method:public static java.lang.String android.os.SystemProperties.get(java.lang.String,java.lang.String)
W/MonitorCw880( 5694): getProperties persist.sys.resolution return value:2
D/MonitorCw880( 5694): getProperties -> persist.sys.resolution=2
I/MonitorCw880( 5694): ====mDisplaymode = 1
D/MonitorCw880( 5694): handleStart() -> recevice action=start
I/MonitorCw880( 5694): SystemPropertiesClass:class android.os.SystemProperties
W/MonitorCw880( 5694): ~~~~~~~~~~~~~~~~~~~~~~method:public static java.lang.String android.os.SystemProperties.get(java.lang.String,java.lang.String)
W/MonitorCw880( 5694): getProperties sys.cw880.ready return value:true
W/WimoApp ( 5694): Q to be created is for module index:23,pid=5694
W/WimoApp ( 5694): Q_Addr is:0x1001701
W/WimoApp ( 5694): 
W/WimoApp ( 5694):  [U_MSGQ]create msgq for module(id=23) succeed!
W/WimoApp ( 5694): 
W/WimoApp ( 5694):  [WIM_M]send IMAN_STREAM_GOING_CHECK toMODULE(21) succeed!
W/WimoApp ( 5694): 
W/WimoApp ( 5694):  [APK]Received IMAN_STREAM_GOING_REPLY msg!
W/WimoApp ( 5694): 
W/WimoApp ( 5694):  [APK]Received IMAN_STREAM_GOING_REPLY failed!
D/Cw880jni( 5694): [com_coship_chuanping_SetCw880CommunicateType, 139] type = 1
W/WimoApp ( 5694): Q to be created is for module index:23,pid=5694
W/WimoApp ( 5694): Q_Addr is:0x1001701
W/WimoApp ( 5694): 
W/WimoApp ( 5694):  [U_MSGQ]create msgq for module(id=23) succeed!
W/WimoApp ( 5694): 
W/WimoApp ( 5694):  [WIM_M]send TS_INFOR_MSG toMODULE(18) succeed!
W/WimoApp ( 5694): 
W/WimoApp ( 5694):  [APK]Received WIMO_AP_SET_COMMUNICATE_TYPE_REPLY msg!
D/Cw880jni( 5694): [com_coship_chuanping_SetCw880CommunicateType, 146] set communicate type 1 success !
W/MonitorCw880( 5694): setCw880CommunicateType()=1, return=6
V/Cw880jni( 5694): =native ip = 192.168.43.186
V/Cw880jni( 5694): [192]====currentip = c0000000
V/Cw880jni( 5694): [196]====currentip = c0a80000
V/Cw880jni( 5694): [200]====currentip = c0a82b00
V/Cw880jni( 5694): [209]==tempip=186==retIP=c0a82bba
V/Cw880jni( 5694): [225]===socketip=c0a82bba
W/WimoApp ( 5694): Q to be created is for module index:23,pid=5694
W/WimoApp ( 5694): Q_Addr is:0x1001701
W/WimoApp ( 5694): 
W/WimoApp ( 5694):  [U_MSGQ]create msgq for module(id=23) succeed!
W/WimoApp ( 5694): 
W/WimoApp ( 5694):  [WIM_M]send TS_INFOR_MSG toMODULE(18) succeed!
W/WimoApp ( 5694): 
W/WimoApp ( 5694):  [APK]Received WIMO_AP_TS_DEST_INFOR_REPLY msg!
V/Cw880jni( 5694): [229]===cw_api_set_tsinfo back = 0
V/Cw880jni( 5694): ==========mode = 1
V/Cw880jni( 5694): ==========bandwidth = 4
V/Cw880jni( 5694): [245]===set 720p displaymode 
W/WimoApp ( 5694): Q to be created is for module index:23,pid=5694
W/WimoApp ( 5694): Q_Addr is:0x1001701
W/WimoApp ( 5694): 
W/WimoApp ( 5694):  [U_MSGQ]create msgq for module(id=23) succeed!
W/WimoApp ( 5694): 
W/WimoApp ( 5694):  [WIMO_T]Input Resolution:Rel.width=1280, Rel.height=720
W/WimoApp ( 5694): 
W/WimoApp ( 5694):  [WIMO_T]Resolution Change Request as:Rel.width=1280, Rel.height=720,Actual.fps=30
W/WimoApp ( 5694): 
W/WimoApp ( 5694):  [WIM_M]send WIMO_AP_RESOL_CHNG_REQ toMODULE(21) succeed!
W/WimoApp ( 5694): 
W/WimoApp ( 5694):  [APK]Received WIMO_AP_RESOL_CHNG_REPLY msg!
W/WimoApp ( 5694): 
W/WimoApp ( 5694):  [APK]bandwidth required is 4M
W/WimoApp ( 5694): Q to be created is for module index:23,pid=5694
W/WimoApp ( 5694): Q_Addr is:0x1001701
W/WimoApp ( 5694): 
W/WimoApp ( 5694):  [U_MSGQ]create msgq for module(id=23) succeed!
W/WimoApp ( 5694): 
W/WimoApp ( 5694):  [WIM_M]send TS_BAND_WIDTH_ADJUST toMODULE(21) succeed!
W/WimoApp ( 5694): 
W/WimoApp ( 5694):  [APK]Received IMAN_COMMAND_COMPLETE_EPLY msg!
V/Cw880jni( 5694): [264]====cw_api_set_ts_bandwidth back = 0
W/WimoApp ( 5694): Q to be created is for module index:23,pid=5694
W/WimoApp ( 5694): Q_Addr is:0x1001701
W/WimoApp ( 5694): 
W/WimoApp ( 5694):  [U_MSGQ]create msgq for module(id=23) succeed!
W/WimoApp ( 5694): 
W/WimoApp ( 5694):  [WIM_M]send IMAN_STREAM_OUTPUT_START toMODULE(21) succeed!
W/WimoApp ( 5694): 
W/WimoApp ( 5694):  [APK]Received IMAN_STREAM_OUTPUT_START msg!
V/Cw880jni( 5694): [266]===cw_api_stream_start back =0
V/Cw880jni( 5694): [272]====yes cw880 set success 
W/MonitorCw880( 5694): StartCw880() -> result=6
D/MonitorCw880( 5694): -> easybusMsgOld
D/MonitorCw880( 5694): =========will to handle request=start
D/MonitorCw880( 5694): return action=start result= success
D/MonitorCw880( 5694):  send result -> 192.168.43.186:59148 msgType= easyscreen, msgData=action=start&result=success
D/dalvikvm( 1142): GC_CONCURRENT freed 395K, 79% free 1311K/6019K, paused 1ms+1ms
D/dalvikvm( 1142): GC_CONCURRENT freed 393K, 79% free 1311K/6019K, paused 1ms+1ms
D/dalvikvm( 1142): GC_CONCURRENT freed 393K, 78% free 1378K/6019K, paused 1ms+1ms
D/dalvikvm( 1142): GC_CONCURRENT freed 446K, 79% free 1324K/6019K, paused 1ms+1ms
D/dalvikvm( 1142): GC_CONCURRENT freed 394K, 78% free 1324K/6019K, paused 1ms+1ms
D/MonitorCw880( 5694): counter=2 && isHeartbeatTimeout=false
D/dalvikvm( 1142): GC_CONCURRENT freed 393K, 78% free 1329K/6019K, paused 1ms+1ms
D/dalvikvm( 1142): GC_CONCURRENT freed 401K, 78% free 1337K/6019K, paused 2ms+1ms
D/dalvikvm( 1142): GC_CONCURRENT freed 409K, 79% free 1323K/6019K, paused 1ms+2ms
D/dalvikvm( 1142): GC_CONCURRENT freed 394K, 78% free 1325K/6019K, paused 1ms+1ms
D/dalvikvm( 1142): GC_CONCURRENT freed 394K, 78% free 1324K/6019K, paused 1ms+3ms
D/dalvikvm( 1142): GC_CONCURRENT freed 393K, 79% free 1324K/6019K, paused 1ms+1ms
D/MonitorCw880( 5694): counter=2 && isHeartbeatTimeout=false
D/dalvikvm( 1142): GC_CONCURRENT freed 392K, 78% free 1380K/6019K, paused 1ms+2ms
D/dalvikvm( 1142): GC_CONCURRENT freed 465K, 79% free 1302K/6019K, paused 1ms+0ms
D/MonitorCw880( 5694): counter=2 && isHeartbeatTimeout=false
D/dalvikvm( 1142): GC_CONCURRENT freed 385K, 78% free 1324K/6019K, paused 1ms+1ms
D/dalvikvm( 1142): GC_CONCURRENT freed 396K, 79% free 1323K/6019K, paused 1ms+1ms
D/dalvikvm( 1142): GC_CONCURRENT freed 394K, 79% free 1324K/6019K, paused 1ms+1ms
D/dalvikvm( 1142): GC_CONCURRENT freed 392K, 77% free 1430K/6019K, paused 0ms+1ms
D/dalvikvm( 1142): GC_CONCURRENT freed 513K, 78% free 1331K/6019K, paused 1ms+0ms
D/dalvikvm( 1142): GC_CONCURRENT freed 405K, 77% free 1437K/6019K, paused 1ms+1ms
D/dalvikvm( 1142): GC_CONCURRENT freed 517K, 77% free 1422K/6019K, paused 1ms+1ms
D/dalvikvm( 1142): GC_CONCURRENT freed 488K, 78% free 1330K/6019K, paused 1ms+1ms
D/MonitorCw880( 5694): counter=2 && isHeartbeatTimeout=false
D/dalvikvm( 1142): GC_CONCURRENT freed 402K, 79% free 1312K/6019K, paused 1ms+1ms
D/dalvikvm( 1142): GC_CONCURRENT freed 396K, 79% free 1310K/6019K, paused 1ms+1ms
D/dalvikvm( 1142): GC_CONCURRENT freed 393K, 78% free 1379K/6019K, paused 0ms+1ms
D/HomePlayerLib( 1142): hostaddress count is 2
D/dalvikvm( 1142): GC_CONCURRENT freed 457K, 77% free 1423K/6019K, paused 0ms+1ms
D/dalvikvm( 1142): GC_CONCURRENT freed 503K, 77% free 1401K/6019K, paused 1ms+1ms
D/dalvikvm( 1142): GC_CONCURRENT freed 475K, 77% free 1430K/6019K, paused 1ms+1ms
D/dalvikvm( 1142): GC_CONCURRENT freed 476K, 76% free 1458K/6019K, paused 1ms+1ms
D/dalvikvm( 1142): GC_CONCURRENT freed 532K, 79% free 1317K/6019K, paused 1ms+1ms
D/dalvikvm( 1142): GC_CONCURRENT freed 383K, 76% free 1452K/6019K, paused 1ms+1ms
D/dalvikvm( 1142): GC_CONCURRENT freed 544K, 77% free 1419K/6019K, paused 0ms+1ms
D/dalvikvm( 1142): GC_CONCURRENT freed 485K, 76% free 1445K/6019K, paused 1ms+1ms
D/dalvikvm( 1142): GC_CONCURRENT freed 521K, 78% free 1328K/6019K, paused 1ms+1ms
D/dalvikvm( 1142): GC_CONCURRENT freed 402K, 76% free 1478K/6019K, paused 1ms+1ms
D/dalvikvm( 1142): GC_CONCURRENT freed 549K, 77% free 1441K/6019K, paused 1ms+1ms
D/dalvikvm( 1142): GC_CONCURRENT freed 513K, 77% free 1434K/6019K, paused 0ms+1ms
D/dalvikvm( 1142): GC_CONCURRENT freed 501K, 77% free 1440K/6019K, paused 1ms+1ms
W/WimoApp ( 5694[148998.771450] [SD_CTL_TASK] send msg to IMAN: msgid=0x513. ret = 0
): Q to be created is for module index:23,pid=5694
W/WimoApp ( [148998.782920] CW880 :rtsk=0x17, stsk=0x15,msgid=0x1509,msglen=4
5694): Q_Addr is:0x1001701
W/WimoApp ( 5694): 
W/WimoApp ( 5694):  [U_MSGQ]create msgq for module(id=23) succeed!
W/WimoApp ( 5694): 
W/WimoApp ( 5694):  [WIM_M]send AP_MODULE_EXIT toMODULE(21) succeed!
W/WimoApp ( 5694): 
W/WimoApp ( 5694):  [APK]Received IMAN_STREAM_STOPED msg!
V/Cw880jni( 5694): [419]===cw_api_stream_stop back = 0 
D/MonitorCw880( 5694): HeartbeatTimeout -> StopCw880()=7, counter=2
D/dalvikvm( 1142): GC_CONCURRENT freed 528K, 77% free 1442K/6019K, paused 1ms+1ms
D/dalvikvm( 1142): GC_CONCURRENT freed 511K, 77% free 1428K/6019K, paused 1ms+1ms
D/dalvikvm( 1142): GC_CONCURRENT freed 539K, 79% free 1300K/6019K, paused 1ms+0ms
D/dalvikvm( 1142): GC_CONCURRENT freed 376K, 77% free 1435K/6019K, paused 1ms+1ms
D/dalvikvm( 1142): GC_CONCURRENT freed 509K, 77% free 1437K/6019K, paused 0ms+1ms
D/dalvikvm( 1142): GC_CONCURRENT freed 502K, 77% free 1444K/6019K, paused 0ms+1ms
D/dalvikvm( 1142): GC_CONCURRENT freed 513K, 77% free 1440K/6019K, paused 1ms+1ms
D/dalvikvm( 1142): GC_CONCURRENT freed 514K, 78% free 1324K/6019K, paused 1ms+1ms
D/dalvikvm( 1142): GC_CONCURRENT freed 406K, 79% free 1320K/6019K, paused 1ms+1ms
D/dalvikvm( 1142): GC_CONCURRENT freed 389K, 77% free 1406K/6019K, paused 1ms+1ms
D/dalvikvm( 1142): GC_CONCURRENT freed 472K, 78% free 1350K/6019K, paused 1ms+1ms
D/dalvikvm( 1142): GC_CONCURRENT freed 416K, 78% free 1328K/6019K, paused 1ms+1ms
D/dalvikvm( 1142): GC_CONCURRENT freed 407K, 79% free 1309K/6019K, paused 1ms+1ms
D/dalvikvm( 1142): GC_CONCURRENT freed 389K, 78% free 1361K/6019K, paused 1ms+1ms
D/dalvikvm( 1142): GC_CONCURRENT freed 428K, 77% free 1423K/6019K, paused 1ms+1ms
D/dalvikvm( 1142): GC_CONCURRENT freed 505K, 79% free 1304K/6019K, paused 1ms+1ms
D/dalvikvm( 1142): GC_CONCURRENT freed 367K, 79% free 1324K/6019K, paused 1ms+1ms
D/dalvikvm( 1142): GC_CONCURRENT freed 393K, 78% free 1324K/6019K, paused 1ms+1ms
D/dalvikvm( 1142): GC_CONCURRENT freed 391K, 79% free 1324K/6019K, paused 1ms+1ms
D/MonitorCw880( 5694): counter=2 && isHeartbeatTimeout=true
D/dalvikvm( 1142): GC_CONCURRENT freed 393K, 78% free 1329K/6019K, paused 1ms+1ms
D/dalvikvm( 1142): GC_CONCURRENT freed 403K, 77% free 1437K/6019K, paused 1ms+1ms
D/dalvikvm( 1142): GC_CONCURRENT freed 516K, 79% free 1312K/6019K, paused 1ms+1ms
D/dalvikvm( 1142): GC_CONCURRENT freed 394K, 79% free 1311K/6019K, paused 1ms+1ms
D/dalvikvm( 1142): GC_CONCURRENT freed 393K, 78% free 1383K/6019K, paused 1ms+1ms
D/dalvikvm( 1142): GC_CONCURRENT freed 454K, 79% free 1313K/6019K, paused 0ms+1ms
D/dalvikvm( 1142): GC_CONCURRENT freed 397K, 77% free 1419K/6019K, paused 1ms+0ms
D/dalvikvm( 1142): GC_CONCURRENT freed 488K, 77% free 1407K/6019K, paused 1ms+1ms
D/dalvikvm( 1142): GC_CONCURRENT freed 475K, 78% free 1330K/6019K, paused 1ms+1ms
D/dalvikvm( 1142): GC_CONCURRENT freed 403K, 79% free 1312K/6019K, paused 1ms+1ms
D/dalvikvm( 1142): GC_CONCURRENT freed 395K, 79% free 1302K/6019K, paused 0ms+1ms
D/MonitorCw880( 5694): counter=2 && isHeartbeatTimeout=true
D/dalvikvm( 1142): GC_CONCURRENT freed 366K, 79% free 1322K/6019K, paused 1ms+1ms
D/dalvikvm( 1142): GC_CONCURRENT freed 393K, 77% free 1405K/6019K, paused 1ms+1ms
D/dalvikvm( 1142): GC_CONCURRENT freed 474K, 78% free 1325K/6019K, paused 0ms+1ms
D/dalvikvm( 1142): GC_CONCURRENT freed 394K, 78% free 1365K/6019K, paused 1ms+1ms
D/MonitorCw880( 5694): counter=2 && isHeartbeatTimeout=true
D/dalvikvm( 1142): GC_CONCURRENT freed 441K, 79% free 1313K/6019K, paused 1ms+1ms
D/dalvikvm( 1142): GC_CONCURRENT freed 396K, 79% free 1310K/6019K, paused 1ms+1ms
D/dalvikvm( 1142): GC_CONCURRENT freed 393K, 77% free 1402K/6019K, paused 1ms+1ms
D/dalvikvm( 1142): GC_CONCURRENT freed 474K, 79% free 1313K/6019K, paused 0ms+1ms
D/dalvikvm( 1142): GC_CONCURRENT freed 394K, 78% free 1383K/6019K, paused 1ms+1ms
D/MonitorCw880( 5694): counter=2 && isHeartbeatTimeout=true
D/dalvikvm( 1142): GC_CONCURRENT freed 454K, 79% free 1313K/6019K, paused 1ms+1ms
D/dalvikvm( 1142): GC_CONCURRENT freed 396K, 79% free 1311K/6019K, paused 0ms+1ms
D/dalvikvm( 1142): GC_CONCURRENT freed 394K, 79% free 1310K/6019K, paused 1ms+1ms
D/dalvikvm( 1142): GC_CONCURRENT freed 393K, 77% free 1425K/6019K, paused 1ms+1ms
D/dalvikvm( 1142): GC_CONCURRENT freed 487K, 78% free 1325K/6019K, paused 1ms+1ms
D/MonitorCw880( 5694): counter=2 && isHeartbeatTimeout=true
D/dalvikvm( 1142): GC_CONCURRENT freed 392K, 78% free 1329K/6019K, paused 1ms+1ms
D/dalvikvm( 1142): GC_CONCURRENT freed 403K, 77% free 1437K/6019K, paused 1ms+1ms
D/dalvikvm( 1142): GC_CONCURRENT freed 517K, 76% free 1466K/6019K, paused 1ms+1ms
D/dalvikvm( 1142): GC_CONCURRENT freed 536K, 76% free 1448K/6019K, paused 1ms+1ms
D/HomePlayerLib( 1142): hostaddress count is 2
W/System.err( 1233): org.apache.http.conn.ConnectionPoolTimeoutException: Timeout waiting for connection
W/System.err( 1233):    at org.apache.http.impl.conn.tsccm.ConnPoolByRoute.getEntryBlocking(ConnPoolByRoute.java:353)
W/System.err( 1233):    at org.apache.http.impl.conn.tsccm.ConnPoolByRoute$1.getPoolEntry(ConnPoolByRoute.java:238)
W/System.err( 1233):    at org.apache.http.impl.conn.tsccm.ThreadSafeClientConnManager$1.getConnection(ThreadSafeClientConnManager.java:177)
W/System.err( 1233):    at org.apache.http.impl.client.DefaultRequestDirector.execute(DefaultRequestDirector.java:326)
W/System.err( 1233):    at org.apache.http.impl.client.AbstractHttpClient.execute(AbstractHttpClient.java:555)
W/System.err( 1233):    at org.apache.http.impl.client.AbstractHttpClient.execute(AbstractHttpClient.java:487)
W/System.err( 1233):    at org.apache.http.impl.client.AbstractHttpClient.execute(AbstractHttpClient.java:465)
W/System.err( 1233):    at com.fiship.cibn.common.NetworkUtil.isConnectToServerByHttp(NetworkUtil.java:39)
W/System.err( 1233):    at com.fiship.cibn.weather.WeatherTask.doInBackground(WeatherTask.java:184)
W/System.err( 1233):    at com.fiship.cibn.weather.WeatherTask.doInBackground(WeatherTask.java:31)
W/System.err( 1233):    at android.os.AsyncTask$2.call(AsyncTask.java:264)
W/System.err( 1233):    at java.util.concurrent.FutureTask$Sync.innerRun(FutureTask.java:305)
W/System.err( 1233):    at java.util.concurrent.FutureTask.run(FutureTask.java:137)
W/System.err( 1233):    at android.os.AsyncTask$SerialExecutor$1.run(AsyncTask.java:208)
W/System.err( 1233):    at java.util.concurrent.ThreadPoolExecutor.runWorker(ThreadPoolExecutor.java:1076)
W/System.err( 1233):    at java.util.concurrent.ThreadPoolExecutor$Worker.run(ThreadPoolExecutor.java:569)
W/System.err( 1233):    at java.lang.Thread.run(Thread.java:856)
E/WeatherTask( 1233): can't connect the url : http://php.weather.sina.com.cn/iframe/index/w_cl.php?day=1
D/dalvikvm( 1142): GC_CONCURRENT freed 567K, 77% free 1388K/6019K, paused 1ms+1ms
D/dalvikvm( 1142): GC_CONCURRENT freed 446K, 78% free 1327K/6019K, paused 1ms+1ms
D/dalvikvm( 1142): GC_CONCURRENT freed 413K, 79% free 1311K/6019K, paused 1ms+1ms
D/dalvikvm( 1142): GC_CONCURRENT freed 378K, 78% free 1326K/6019K, paused 1ms+2ms
D/dalvikvm( 1142): GC_CONCURRENT freed 390K, 78% free 1328K/6019K, paused 1ms+1ms
D/dalvikvm( 1142): GC_CONCURRENT freed 392K, 78% free 1328K/6019K, paused 1ms+1ms
D/dalvikvm( 1142): GC_CONCURRENT freed 392K, 78% free 1327K/6019K, paused 1ms+1ms
D/dalvikvm( 1142): GC_CONCURRENT freed 390K, 78% free 1329K/6019K, paused 1ms+1ms
D/dalvikvm( 1142): GC_CONCURRENT freed 392K, 78% free 1329K/6019K, paused 1ms+1ms
D/dalvikvm( 1142): GC_CONCURRENT freed 404K, 78% free 1326K/6019K, paused 1ms+1ms
D/dalvikvm( 1142): GC_CONCURRENT freed 401K, 78% free 1338K/6019K, paused 1ms+1ms
D/dalvikvm( 1142): GC_CONCURRENT freed 368K, 78% free 1355K/6019K, paused 1ms+1ms
D/dalvikvm( 1142): GC_CONCURRENT freed 421K, 78% free 1324K/6019K, paused 1ms+1ms
D/dalvikvm( 1142): GC_CONCURRENT freed 407K, 79% free 1304K/6019K, paused 1ms+1ms
D/dalvikvm( 1142): GC_CONCURRENT freed 379K, 78% free 1360K/6019K, paused 1ms+1ms
D/dalvikvm( 1142): GC_CONCURRENT freed 423K, 78% free 1331K/6019K, paused 1ms+1ms
D/dalvikvm( 1142): GC_CONCURRENT freed 414K, 79% free 1313K/6019K, paused 0ms+1ms
D/dalvikvm( 1142): GC_CONCURRENT freed 379K, 78% free 1328K/6019K, paused 1ms+1ms
D/dalvikvm( 1142): GC_CONCURRENT freed 388K, 78% free 1371K/6019K, paused 1ms+1ms
D/dalvikvm( 1142): GC_CONCURRENT freed 440K, 78% free 1328K/6019K, paused 1ms+1ms
D/MonitorCw880( 5694): counter=2 && isHeartbeatTimeout=true
D/dalvikvm( 1142): GC_CONCURRENT freed 404K, 78% free 1326K/6019K, paused 1ms+1ms
D/dalvikvm( 1142): GC_CONCURRENT freed 394K, 78% free 1324K/6019K, paused 1ms+1ms
D/dalvikvm( 1142): GC_CONCURRENT freed 393K, 78% free 1324K/6019K, paused 1ms+2ms
D/dalvikvm( 1142): GC_CONCURRENT freed 393K, 78% free 1325K/6019K, paused 1ms+1ms
D/dalvikvm( 1142): GC_CONCURRENT freed 404K, 79% free 1321K/6019K, paused 1ms+1ms
D/dalvikvm( 1142): GC_CONCURRENT freed 407K, 79% free 1307K/6019K, paused 1ms+1ms
D/dalvikvm( 1142): GC_CONCURRENT freed 380K, 79% free 1320K/6019K, paused 1ms+1ms
D/dalvikvm( 1142): GC_CONCURRENT freed 393K, 79% free 1311K/6019K, paused 1ms+1ms
D/dalvikvm( 1142): GC_CONCURRENT freed 393K, 79% free 1320K/6019K, paused 1ms+1ms
D/dalvikvm( 1142): GC_CONCURRENT freed 393K, 79% free 1312K/6019K, paused 1ms+1ms
D/MonitorCw880( 5694): counter=2 && isHeartbeatTimeout=true
D/dalvikvm( 1142): GC_CONCURRENT freed 393K, 79% free 1312K/6019K, paused 1ms+1ms
D/dalvikvm( 1142): GC_CONCURRENT freed 392K, 79% free 1313K/6019K, paused 1ms+1ms
D/dalvikvm( 1142): GC_CONCURRENT freed 399K, 79% free 1302K/6019K, paused 1ms+1ms
D/dalvikvm( 1142): GC_CONCURRENT freed 383K, 78% free 1325K/6019K, paused 0ms+1ms
D/dalvikvm( 1142): GC_CONCURRENT freed 396K, 79% free 1323K/6019K, paused 1ms+1ms
D/dalvikvm( 1142): GC_CONCURRENT freed 394K, 79% free 1324K/6019K, paused 1ms+1ms
D/MonitorCw880( 5694): counter=2 && isHeartbeatTimeout=true
D/MonitorCw880( 5694): counter=2 && isHeartbeatTimeout=true
D/dalvikvm( 1142): GC_CONCURRENT freed 392K, 77% free 1430K/6019K, paused 1ms+1ms
D/dalvikvm( 1142): GC_CONCURRENT freed 512K, 78% free 1325K/6019K, paused 1ms+1ms
D/dalvikvm( 1142): GC_CONCURRENT freed 405K, 77% free 1428K/6019K, paused 1ms+1ms
D/dalvikvm( 1142): GC_CONCURRENT freed 490K, 77% free 1407K/6019K, paused 1ms+2ms
D/dalvikvm( 1142): GC_CONCURRENT freed 475K, 78% free 1371K/6019K, paused 1ms+1ms
D/dalvikvm( 1142): GC_CONCURRENT freed 442K, 77% free 1422K/6019K, paused 1ms+1ms
D/dalvikvm( 1142): GC_CONCURRENT freed 491K, 77% free 1439K/6019K, paused 0ms+1ms
D/dalvikvm( 1142): GC_CONCURRENT freed 524K, 79% free 1302K/6019K, paused 1ms+1ms
D/MonitorCw880( 5694): counter=2 && isHeartbeatTimeout=true
D/dalvikvm( 1142): GC_CONCURRENT freed 377K, 77% free 1437K/6019K, paused 1ms+1ms
D/dalvikvm( 1142): GC_CONCURRENT freed 517K, 79% free 1312K/6019K, paused 1ms+1ms
D/dalvikvm( 1142): GC_CONCURRENT freed 393K, 77% free 1424K/6019K, paused 1ms+0ms
D/dalvikvm( 1142): GC_CONCURRENT freed 496K, 79% free 1314K/6019K, paused 1ms+1ms
D/dalvikvm( 1142): GC_CONCURRENT freed 397K, 79% free 1310K/6019K, paused 0ms+1ms
D/dalvikvm( 1142): GC_CONCURRENT freed 391K, 77% free 1425K/6019K, paused 1ms+1ms
D/dalvikvm( 1142): GC_CONCURRENT freed 486K, 78% free 1381K/6019K, paused 1ms+1ms
D/dalvikvm( 1142): GC_CONCURRENT freed 467K, 79% free 1302K/6019K, paused 1ms+1ms
D/dalvikvm( 1142): GC_CONCURRENT freed 383K, 78% free 1325K/6019K, paused 1ms+1ms
D/dalvikvm( 1142): GC_CONCURRENT freed 396K, 79% free 1323K/6019K, paused 1ms+2ms
D/dalvikvm( 1142): GC_CONCURRENT freed 392K, 79% free 1323K/6019K, paused 1ms+2ms
D/MonitorCw880( 5694): counter=2 && isHeartbeatTimeout=true
D/dalvikvm( 1142): GC_CONCURRENT freed 392K, 77% free 1430K/6019K, paused 1ms+1ms
D/dalvikvm( 1142): GC_CONCURRENT freed 497K, 79% free 1323K/6019K, paused 1ms+1ms
D/HomePlayerLib( 1142): hostaddress count is 2
D/dalvikvm( 1142): GC_CONCURRENT freed 410K, 79% free 1308K/6019K, paused 1ms+1ms
D/dalvikvm( 1142): GC_CONCURRENT freed 392K, 78% free 1341K/6019K, paused 1ms+1ms
D/dalvikvm( 1142): GC_CONCURRENT freed 398K, 76% free 1492K/6019K, paused 1ms+1ms
D/dalvikvm( 1142): GC_CONCURRENT freed 568K, 79% free 1318K/6019K, paused 1ms+1ms
D/dalvikvm( 1142): GC_CONCURRENT freed 377K, 76% free 1444K/6019K, paused 1ms+1ms
D/dalvikvm( 1142): GC_CONCURRENT freed 505K, 78% free 1328K/6019K, paused 0ms+1ms
D/dalvikvm( 1142): GC_CONCURRENT freed 396K, 77% free 1444K/6019K, paused 1ms+1ms
D/dalvikvm( 1142): GC_CONCURRENT freed 523K, 77% free 1431K/6019K, paused 0ms+1ms
D/dalvikvm( 1142): GC_CONCURRENT freed 489K, 77% free 1411K/6019K, paused 0ms+1ms
D/dalvikvm( 1142): GC_CONCURRENT freed 474K, 78% free 1331K/6019K, paused 1ms+1ms
D/dalvikvm( 1142): GC_CONCURRENT freed 402K, 77% free 1385K/6019K, paused 1ms+1ms
D/dalvikvm( 1142): GC_CONCURRENT freed 450K, 78% free 1329K/6019K, paused 0ms+1ms
D/dalvikvm( 1142): GC_CONCURRENT freed 405K, 77% free 1434K/6019K, paused 1ms+1ms
D/dalvikvm( 1142): GC_CONCURRENT freed 515K, 77% free 1415K/6019K, paused 1ms+1ms
D/dalvikvm( 1142): GC_CONCURRENT freed 485K, 79% free 1316K/6019K, paused 1ms+1ms
D/dalvikvm( 1142): GC_CONCURRENT freed 394K, 77% free 1424K/6019K, paused 1ms+1ms
D/dalvikvm( 1142): GC_CONCURRENT freed 486K, 78% free 1375K/6019K, paused 1ms+1ms
D/dalvikvm( 1142): GC_CONCURRENT freed 444K, 77% free 1440K/6019K, paused 1ms+0ms
D/dalvikvm( 1142): GC_CONCURRENT freed 515K, 77% free 1424K/6019K, paused 0ms+1ms
D/dalvikvm( 1142): GC_CONCURRENT freed 488K, 78% free 1335K/6019K, paused 1ms+1ms
D/dalvikvm( 1142): GC_CONCURRENT freed 411K, 77% free 1435K/6019K, paused 0ms+1ms
D/dalvikvm( 1142): GC_CONCURRENT freed 509K, 77% free 1424K/6019K, paused 1ms+1ms
D/dalvikvm( 1142): GC_CONCURRENT freed 488K, 78% free 1335K/6019K, paused 1ms+1ms
D/dalvikvm( 1142): GC_CONCURRENT freed 417K, 77% free 1415K/6019K, paused 1ms+1ms
D/MonitorCw880( 5694): counter=2 && isHeartbeatTimeout=true
D/dalvikvm( 1142): GC_CONCURRENT freed 486K, 77% free 1438K/6019K, paused 1ms+1ms
D/dalvikvm( 1142): GC_CONCURRENT freed 520K, 78% free 1331K/6019K, paused 1ms+1ms
D/dalvikvm( 1142): GC_CONCURRENT freed 405K, 79% free 1312K/6019K, paused 1ms+1ms
D/dalvikvm( 1142): GC_CONCURRENT freed 396K, 79% free 1311K/6019K, paused 1ms+1ms
D/dalvikvm( 1142): GC_CONCURRENT freed 394K, 77% free 1419K/6019K, paused 1ms+1ms
D/dalvikvm( 1142): GC_CONCURRENT freed 486K, 78% free 1325K/6019K, paused 1ms+1ms
D/dalvikvm( 1142): GC_CONCURRENT freed 393K, 78% free 1324K/6019K, paused 1ms+1ms
D/dalvikvm( 1142): GC_CONCURRENT freed 393K, 78% free 1325K/6019K, paused 1ms+1ms
D/dalvikvm( 1142): GC_CONCURRENT freed 404K, 79% free 1321K/6019K, paused 1ms+1ms
D/MonitorCw880( 5694): counter=2 && isHeartbeatTimeout=true
D/dalvikvm( 1142): GC_CONCURRENT freed 396K, 79% free 1319K/6019K, paused 1ms+1ms
D/MonitorCw880( 5694): counter=2 && isHeartbeatTimeout=true
D/MonitorCw880( 5694): counter=2 && isHeartbeatTimeout=true
D/dalvikvm( 1142): GC_CONCURRENT freed 400K, 78% free 1328K/6019K, paused 1ms+2ms
D/dalvikvm( 1142): GC_CONCURRENT freed 397K, 78% free 1324K/6019K, paused 0ms+1ms
D/dalvikvm( 1142): GC_CONCURRENT freed 393K, 78% free 1324K/6019K, paused 1ms+1ms
D/dalvikvm( 1142): GC_CONCURRENT freed 393K, 78% free 1324K/6019K, paused 1ms+2ms
D/dalvikvm( 1142): GC_CONCURRENT freed 393K, 78% free 1324K/6019K, paused 1ms+2ms
D/dalvikvm( 1142): GC_CONCURRENT freed 393K, 78% free 1326K/6019K, paused 1ms+1ms
D/dalvikvm( 1142): GC_CONCURRENT freed 401K, 78% free 1338K/6019K, paused 1ms+2ms
D/dalvikvm( 1142): GC_CONCURRENT freed 409K, 77% free 1430K/6019K, paused 1ms+0ms
D/dalvikvm( 1142): GC_CONCURRENT freed 502K, 79% free 1313K/6019K, paused 1ms+1ms
D/dalvikvm( 1142): GC_CONCURRENT freed 394K, 78% free 1383K/6019K, paused 1ms+1ms
D/MonitorCw880( 5694): counter=2 && isHeartbeatTimeout=true
D/dalvikvm( 1142): GC_CONCURRENT freed 456K, 79% free 1313K/6019K, paused 1ms+1ms
D/dalvikvm( 1142): GC_CONCURRENT freed 395K, 79% free 1312K/6019K, paused 1ms+1ms
D/dalvikvm( 1142): GC_CONCURRENT freed 384K, 78% free 1336K/6019K, paused 1ms+1ms
D/HomePlayerLib( 1142): hostaddress count is 2
D/dalvikvm( 1142): GC_CONCURRENT freed 421K, 76% free 1464K/6019K, paused 1ms+1ms
D/MonitorCw880( 5694): counter=2 && isHeartbeatTimeout=true
D/dalvikvm( 1142): GC_CONCURRENT freed 544K, 77% free 1430K/6019K, paused 1ms+1ms
D/dalvikvm( 1142): GC_CONCURRENT freed 504K, 77% free 1437K/6019K, paused 1ms+1ms
D/dalvikvm( 1142): GC_CONCURRENT freed 508K, 79% free 1316K/6019K, paused 1ms+1ms
D/dalvikvm( 1142): GC_CONCURRENT freed 395K, 77% free 1430K/6019K, paused 0ms+1ms
D/dalvikvm( 1142): GC_CONCURRENT freed 502K, 77% free 1439K/6019K, paused 1ms+0ms
D/dalvikvm( 1142): GC_CONCURRENT freed 510K, 77% free 1440K/6019K, paused 1ms+1ms
D/dalvikvm( 1142): GC_CONCURRENT freed 515K, 77% free 1398K/6019K, paused 1ms+1ms
D/dalvikvm( 1142): GC_CONCURRENT freed 474K, 78% free 1366K/6019K, paused 1ms+0ms
D/dalvikvm( 1142): GC_CONCURRENT freed 432K, 77% free 1442K/6019K, paused 1ms+1ms
D/dalvikvm( 1142): GC_CONCURRENT freed 515K, 76% free 1457K/6019K, paused 1ms+1ms
D/dalvikvm( 1142): GC_CONCURRENT freed 531K, 77% free 1442K/6019K, paused 1ms+1ms
D/dalvikvm( 1142): GC_CONCURRENT freed 518K, 76% free 1492K/6019K, paused 1ms+2ms
D/dalvikvm( 1142): GC_CONCURRENT freed 558K, 78% free 1329K/6019K, paused 1ms+1ms
D/dalvikvm( 1142): GC_CONCURRENT freed 367K, 78% free 1373K/6019K, paused 1ms+1ms
D/dalvikvm( 1142): GC_CONCURRENT freed 442K, 77% free 1442K/6019K, paused 0ms+1ms
D/dalvikvm( 1142): GC_CONCURRENT freed 518K, 79% free 1317K/6019K, paused 1ms+1ms
D/dalvikvm( 1142): GC_CONCURRENT freed 415K, 77% free 1411K/6019K, paused 1ms+1ms
D/dalvikvm( 1142): GC_CONCURRENT freed 540K, 78% free 1382K/6019K, paused 0ms+1ms
D/dalvikvm( 1142): GC_CONCURRENT freed 500K, 78% free 1327K/6019K, paused 0ms+1ms
D/dalvikvm( 1142): GC_CONCURRENT freed 377K, 76% free 1462K/6019K, paused 1ms+1ms
D/dalvikvm( 1142): GC_CONCURRENT freed 539K, 79% free 1309K/6019K, paused 0ms+1ms
D/dalvikvm( 1142): GC_CONCURRENT freed 506K, 79% free 1295K/6019K, paused 0ms+1ms
D/dalvikvm( 1142): GC_CONCURRENT freed 365K, 78% free 1342K/6019K, paused 1ms+1ms
W/System.err( 1233): org.apache.http.conn.ConnectionPoolTimeoutException: Timeout waiting for connection
W/System.err( 1233):    at org.apache.http.impl.conn.tsccm.ConnPoolByRoute.getEntryBlocking(ConnPoolByRoute.java:353)
W/System.err( 1233):    at org.apache.http.impl.conn.tsccm.ConnPoolByRoute$1.getPoolEntry(ConnPoolByRoute.java:238)
W/System.err( 1233):    at org.apache.http.impl.conn.tsccm.ThreadSafeClientConnManager$1.getConnection(ThreadSafeClientConnManager.java:177)
W/System.err( 1233):    at org.apache.http.impl.client.DefaultRequestDirector.execute(DefaultRequestDirector.java:326)
W/System.err( 1233):    at org.apache.http.impl.client.AbstractHttpClient.execute(AbstractHttpClient.java:555)
W/System.err( 1233):    at org.apache.http.impl.client.AbstractHttpClient.execute(AbstractHttpClient.java:487)
W/System.err( 1233):    at org.apache.http.impl.client.AbstractHttpClient.execute(AbstractHttpClient.java:465)
W/System.err( 1233):    at com.fiship.cibn.common.NetworkUtil.isConnectToServerByHttp(NetworkUtil.java:39)
W/System.err( 1233):    at com.fiship.cibn.weather.WeatherTask.doInBackground(WeatherTask.java:184)
W/System.err( 1233):    at com.fiship.cibn.weather.WeatherTask.doInBackground(WeatherTask.java:31)
W/System.err( 1233):    at android.os.AsyncTask$2.call(AsyncTask.java:264)
W/System.err( 1233):    at java.util.concurrent.FutureTask$Sync.innerRun(FutureTask.java:305)
W/System.err( 1233):    at java.util.concurrent.FutureTask.run(FutureTask.java:137)
W/System.err( 1233):    at android.os.AsyncTask$SerialExecutor$1.run(AsyncTask.java:208)
W/System.err( 1233):    at java.util.concurrent.ThreadPoolExecutor.runWorker(ThreadPoolExecutor.java:1076)
W/System.err( 1233):    at java.util.concurrent.ThreadPoolExecutor$Worker.run(ThreadPoolExecutor.java:569)
W/System.err( 1233):    at java.lang.Thread.run(Thread.java:856)
E/WeatherTask( 1233): can't connect the url : http://php.weather.sina.com.cn/iframe/index/w_cl.php?day=1
D/dalvikvm( 1142): GC_CONCURRENT freed 411K, 79% free 1315K/6019K, paused 1ms+2ms
D/dalvikvm( 1142): GC_CONCURRENT freed 392K, 78% free 1325K/6019K, paused 1ms+1ms
D/MonitorCw880( 5694): counter=2 && isHeartbeatTimeout=true
D/dalvikvm( 1142): GC_CONCURRENT freed 399K, 78% free 1324K/6019K, paused 1ms+1ms
D/dalvikvm( 1142): GC_CONCURRENT freed 500K, 79% free 1324K/6019K, paused 0ms+1ms
D/dalvikvm( 1142): GC_CONCURRENT freed 408K, 79% free 1307K/6019K, paused 1ms+1ms
D/dalvikvm( 1142): GC_CONCURRENT freed 376K, 77% free 1431K/6019K, paused 0ms+1ms
D/dalvikvm( 1142): GC_CONCURRENT freed 503K, 77% free 1403K/6019K, paused 0ms+1ms
D/dalvikvm( 1142): GC_CONCURRENT freed 475K, 78% free 1344K/6019K, paused 1ms+1ms
D/dalvikvm( 1142): GC_CONCURRENT freed 418K, 77% free 1421K/6019K, paused 1ms+1ms
D/MonitorCw880( 5694): counter=2 && isHeartbeatTimeout=true
D/dalvikvm( 1142): GC_CONCURRENT freed 501K, 79% free 1319K/6019K, paused 1ms+1ms
D/MonitorCw880( 5694): counter=2 && isHeartbeatTimeout=true
D/dalvikvm( 1142): GC_CONCURRENT freed 403K, 78% free 1324K/6019K, paused 1ms+1ms
D/dalvikvm( 1142): GC_CONCURRENT freed 392K, 78% free 1366K/6019K, paused 0ms+1ms
D/dalvikvm( 1142): GC_CONCURRENT freed 444K, 79% free 1312K/6019K, paused 0ms+1ms
D/dalvikvm( 1142): GC_CONCURRENT freed 394K, 77% free 1426K/6019K, paused 1ms+1ms
D/dalvikvm( 1142): GC_CONCURRENT freed 486K, 76% free 1451K/6019K, paused 1ms+1ms
D/dalvikvm( 1142): GC_CONCURRENT freed 524K, 79% free 1314K/6019K, paused 1ms+1ms
D/dalvikvm( 1142): GC_CONCURRENT freed 397K, 77% free 1426K/6019K, paused 1ms+1ms
D/dalvikvm( 1142): GC_CONCURRENT freed 487K, 77% free 1407K/6019K, paused 1ms+1ms
D/dalvikvm( 1142): GC_CONCURRENT freed 473K, 78% free 1330K/6019K, paused 1ms+1ms
D/dalvikvm( 1142): GC_CONCURRENT freed 403K, 77% free 1395K/6019K, paused 1ms+1ms
D/dalvikvm( 1142): GC_CONCURRENT freed 477K, 77% free 1426K/6019K, paused 1ms+1ms
D/MonitorCw880( 5694): counter=2 && isHeartbeatTimeout=true
D/dalvikvm( 1142): GC_CONCURRENT freed 488K, 78% free 1324K/6019K, paused 1ms+1ms
D/dalvikvm( 1142): GC_CONCURRENT freed 394K, 78% free 1329K/6019K, paused 1ms+1ms
D/dalvikvm( 1142): GC_CONCURRENT freed 401K, 77% free 1421K/6019K, paused 1ms+1ms
D/dalvikvm( 1142): GC_CONCURRENT freed 490K, 77% free 1431K/6019K, paused 1ms+1ms
D/dalvikvm( 1142): GC_CONCURRENT freed 502K, 78% free 1344K/6019K, paused 1ms+1ms
D/dalvikvm( 1142): GC_CONCURRENT freed 419K, 77% free 1423K/6019K, paused 0ms+1ms
D/MonitorCw880( 5694): counter=2 && isHeartbeatTimeout=true
D/dalvikvm( 1142): GC_CONCURRENT freed 489K, 77% free 1421K/6019K, paused 1ms+1ms
D/dalvikvm( 1142): GC_CONCURRENT freed 501K, 79% free 1305K/6019K, paused 1ms+1ms
D/dalvikvm( 1142): GC_CONCURRENT freed 367K, 79% free 1324K/6019K, paused 0ms+1ms
D/dalvikvm( 1142): GC_CONCURRENT freed 401K, 77% free 1428K/6019K, paused 1ms+1ms
D/dalvikvm( 1142): GC_CONCURRENT freed 481K, 76% free 1453K/6019K, paused 1ms+1ms
D/HomePlayerLib( 1142): hostaddress count is 2
D/dalvikvm( 1142): GC_CONCURRENT freed 535K, 77% free 1429K/6019K, paused 1ms+1ms
D/MonitorCw880( 5694): counter=2 && isHeartbeatTimeout=true
D/dalvikvm( 1142): GC_CONCURRENT freed 499K, 76% free 1464K/6019K, paused 1ms+1ms
D/dalvikvm( 1142): GC_CONCURRENT freed 517K, 78% free 1363K/6019K, paused 1ms+1ms
D/dalvikvm( 1142): GC_CONCURRENT freed 427K, 78% free 1328K/6019K, paused 1ms+1ms
D/dalvikvm( 1142): GC_CONCURRENT freed 394K, 75% free 1538K/6019K, paused 1ms+1ms
D/dalvikvm( 1142): GC_CONCURRENT freed 604K, 74% free 1591K/6019K, paused 0ms+1ms
D/dalvikvm( 1142): GC_CONCURRENT freed 657K, 77% free 1440K/6019K, paused 1ms+1ms
D/dalvikvm( 1142): GC_CONCURRENT freed 498K, 76% free 1453K/6019K, paused 1ms+1ms
D/dalvikvm( 1142): GC_CONCURRENT freed 515K, 78% free 1376K/6019K, paused 1ms+1ms
D/dalvikvm( 1142): GC_CONCURRENT freed 445K, 77% free 1442K/6019K, paused 0ms+1ms
D/dalvikvm( 1142): GC_CONCURRENT freed 497K, 78% free 1341K/6019K, paused 0ms+1ms
D/dalvikvm( 1142): GC_CONCURRENT freed 414K, 77% free 1424K/6019K, paused 1ms+1ms
D/dalvikvm( 1142): GC_CONCURRENT freed 506K, 78% free 1369K/6019K, paused 1ms+1ms
D/dalvikvm( 1142): GC_CONCURRENT freed 451K, 78% free 1327K/6019K, paused 1ms+1ms
D/dalvikvm( 1142): GC_CONCURRENT freed 391K, 77% free 1444K/6019K, paused 1ms+1ms
D/dalvikvm( 1142): GC_CONCURRENT freed 505K, 77% free 1440K/6019K, paused 0ms+1ms
D/dalvikvm( 1142): GC_CONCURRENT freed 509K, 76% free 1446K/6019K, paused 1ms+1ms
D/dalvikvm( 1142): GC_CONCURRENT freed 460K, 76% free 1497K/6019K, paused 1ms+1ms
D/dalvikvm( 1142): GC_CONCURRENT freed 620K, 77% free 1386K/6019K, paused 1ms+1ms
D/dalvikvm( 1142): GC_CONCURRENT freed 449K, 77% free 1425K/6019K, paused 1ms+1ms
D/dalvikvm( 1142): GC_CONCURRENT freed 497K, 77% free 1439K/6019K, paused 1ms+1ms
D/dalvikvm( 1142): GC_CONCURRENT freed 520K, 77% free 1427K/6019K, paused 1ms+2ms
D/dalvikvm( 1142): GC_CONCURRENT freed 488K, 78% free 1330K/6019K, paused 1ms+1ms
D/dalvikvm( 1142): GC_CONCURRENT freed 405K, 79% free 1312K/6019K, paused 1ms+1ms
D/dalvikvm( 1142): GC_CONCURRENT freed 408K, 77% free 1411K/6019K, paused 1ms+1ms
D/MonitorCw880( 5694): counter=2 && isHeartbeatTimeout=true
D/dalvikvm( 1142): GC_CONCURRENT freed 474K, 77% free 1406K/6019K, paused 1ms+1ms
D/dalvikvm( 1142): GC_CONCURRENT freed 473K, 78% free 1330K/6019K, paused 1ms+1ms
D/dalvikvm( 1142): GC_CONCURRENT freed 405K, 79% free 1312K/6019K, paused 1ms+1ms
D/dalvikvm( 1142): GC_CONCURRENT freed 396K, 77% free 1434K/6019K, paused 1ms+1ms
D/dalvikvm( 1142): GC_CONCURRENT freed 515K, 79% free 1321K/6019K, paused 1ms+2ms
D/MonitorCw880( 5694): counter=2 && isHeartbeatTimeout=true
D/MonitorCw880( 5694): counter=2 && isHeartbeatTimeout=true
D/dalvikvm( 1142): GC_CONCURRENT freed 406K, 78% free 1324K/6019K, paused 1ms+1ms
D/dalvikvm( 1142): GC_CONCURRENT freed 392K, 78% free 1324K/6019K, paused 1ms+1ms
D/dalvikvm( 1142): GC_CONCURRENT freed 404K, 79% free 1321K/6019K, paused 1ms+1ms
D/dalvikvm( 1142): GC_CONCURRENT freed 396K, 79% free 1319K/6019K, paused 1ms+1ms
D/dalvikvm( 1142): GC_CONCURRENT freed 394K, 79% free 1320K/6019K, paused 1ms+1ms
D/dalvikvm( 1142): GC_CONCURRENT freed 405K, 78% free 1324K/6019K, paused 1ms+1ms
D/MonitorCw880( 5694): counter=2 && isHeartbeatTimeout=true
D/dalvikvm( 1142): GC_CONCURRENT freed 392K, 78% free 1324K/6019K, paused 1ms+1ms
D/dalvikvm( 1142): GC_CONCURRENT freed 393K, 78% free 1324K/6019K, paused 1ms+1ms
D/dalvikvm( 1142): GC_CONCURRENT freed 393K, 78% free 1324K/6019K, paused 1ms+1ms
D/dalvikvm( 1142): GC_CONCURRENT freed 393K, 78% free 1325K/6019K, paused 1ms+1ms
D/MonitorCw880( 5694): counter=2 && isHeartbeatTimeout=true
D/dalvikvm( 1142): GC_CONCURRENT freed 403K, 78% free 1383K/6019K, paused 1ms+1ms
D/dalvikvm( 1142): GC_CONCURRENT freed 448K, 78% free 1324K/6019K, paused 1ms+1ms
D/dalvikvm( 1142): GC_CONCURRENT freed 394K, 79% free 1323K/6019K, paused 1ms+1ms
D/dalvikvm( 1142): GC_CONCURRENT freed 393K, 79% free 1323K/6019K, paused 1ms+0ms
D/dalvikvm( 1142): GC_CONCURRENT freed 393K, 77% free 1411K/6019K, paused 0ms+1ms
D/dalvikvm( 1142): GC_CONCURRENT freed 483K, 79% free 1313K/6019K, paused 1ms+1ms
D/dalvikvm( 1142): GC_CONCURRENT freed 396K, 79% free 1310K/6019K, paused 1ms+1ms
D/dalvikvm( 1142): GC_CONCURRENT freed 394K, 77% free 1418K/6019K, paused 1ms+1ms
D/dalvikvm( 1142): GC_CONCURRENT freed 497K, 79% free 1311K/6019K, paused 1ms+1ms
D/HomePlayerLib( 1142): hostaddress count is 2
D/dalvikvm( 1142): GC_CONCURRENT freed 388K, 79% free 1322K/6019K, paused 1ms+1ms
D/dalvikvm( 1142): GC_CONCURRENT freed 388K, 78% free 1370K/6019K, paused 1ms+1ms
D/dalvikvm( 1142): GC_CONCURRENT freed 448K, 77% free 1435K/6019K, paused 1ms+1ms
D/dalvikvm( 1142): GC_CONCURRENT freed 508K, 78% free 1327K/6019K, paused 1ms+1ms
D/dalvikvm( 1142): GC_CONCURRENT freed 397K, 77% free 1442K/6019K, paused 1ms+1ms
D/MonitorCw880( 5694): counter=2 && isHeartbeatTimeout=true
D/dalvikvm( 1142): GC_FOR_ALLOC freed 639K, 79% free 1310K/6019K, paused 11ms
D/dalvikvm( 1142): GC_CONCURRENT freed 0K, 74% free 1615K/6019K, paused 1ms+1ms
D/dalvikvm( 1142): GC_CONCURRENT freed 679K, 78% free 1330K/6019K, paused 1ms+1ms
D/dalvikvm( 1142): GC_CONCURRENT freed 394K, 78% free 1328K/6019K, paused 1ms+1ms
D/dalvikvm( 1142): GC_CONCURRENT freed 393K, 78% free 1329K/6019K, paused 1ms+1ms
D/dalvikvm( 1142): GC_CONCURRENT freed 395K, 77% free 1443K/6019K, paused 1ms+1ms
D/dalvikvm( 1142): GC_CONCURRENT freed 522K, 77% free 1427K/6019K, paused 1ms+1ms
D/dalvikvm( 1142): GC_CONCURRENT freed 488K, 78% free 1352K/6019K, paused 1ms+1ms
D/dalvikvm( 1142): GC_CONCURRENT freed 428K, 76% free 1455K/6019K, paused 1ms+1ms
D/dalvikvm( 1142): GC_CONCURRENT freed 525K, 77% free 1442K/6019K, paused 1ms+1ms
D/dalvikvm( 1142): GC_CONCURRENT freed 520K, 78% free 1372K/6019K, paused 1ms+1ms
D/dalvikvm( 1142): GC_CONCURRENT freed 483K, 77% free 1401K/6019K, paused 0ms+1ms
D/dalvikvm( 1142): GC_CONCURRENT freed 479K, 78% free 1375K/6019K, paused 0ms+1ms
D/dalvikvm( 1142): GC_CONCURRENT freed 456K, 78% free 1344K/6019K, paused 0ms+1ms
D/dalvikvm( 1142): GC_CONCURRENT freed 390K, 76% free 1465K/6019K, paused 0ms+1ms
D/dalvikvm( 1142): GC_CONCURRENT freed 530K, 78% free 1327K/6019K, paused 1ms+1ms
D/dalvikvm( 1142): GC_CONCURRENT freed 422K, 78% free 1343K/6019K, paused 1ms+1ms
D/dalvikvm( 1142): GC_CONCURRENT freed 418K, 79% free 1312K/6019K, paused 1ms+1ms
D/dalvikvm( 1142): GC_CONCURRENT freed 389K, 77% free 1432K/6019K, paused 1ms+1ms
D/dalvikvm( 1142): GC_CONCURRENT freed 512K, 77% free 1431K/6019K, paused 1ms+1ms
D/dalvikvm( 1142): GC_CONCURRENT freed 510K, 77% free 1422K/6019K, paused 0ms+1ms
D/dalvikvm( 1142): GC_CONCURRENT freed 484K, 77% free 1436K/6019K, paused 1ms+1ms
D/dalvikvm( 1142): GC_CONCURRENT freed 503K, 78% free 1346K/6019K, paused 1ms+1ms
D/MonitorCw880( 5694): counter=2 && isHeartbeatTimeout=true
D/dalvikvm( 1142): GC_CONCURRENT freed 416K, 77% free 1432K/6019K, paused 1ms+1ms
D/dalvikvm( 1142): GC_CONCURRENT freed 516K, 77% free 1423K/6019K, paused 1ms+1ms
D/dalvikvm( 1142): GC_CONCURRENT freed 508K, 79% free 1299K/6019K, paused 1ms+1ms
D/dalvikvm( 1142): GC_CONCURRENT freed 383K, 77% free 1424K/6019K, paused 0ms+1ms
D/dalvikvm( 1142): GC_CONCURRENT freed 502K, 77% free 1427K/6019K, paused 1ms+1ms
W/System.err( 1233): org.apache.http.conn.ConnectionPoolTimeoutException: Timeout waiting for connection
W/System.err( 1233):    at org.apache.http.impl.conn.tsccm.ConnPoolByRoute.getEntryBlocking(ConnPoolByRoute.java:353)
W/System.err( 1233):    at org.apache.http.impl.conn.tsccm.ConnPoolByRoute$1.getPoolEntry(ConnPoolByRoute.java:238)
W/System.err( 1233):    at org.apache.http.impl.conn.tsccm.ThreadSafeClientConnManager$1.getConnection(ThreadSafeClientConnManager.java:177)
W/System.err( 1233):    at org.apache.http.impl.client.DefaultRequestDirector.execute(DefaultRequestDirector.java:326)
W/System.err( 1233):    at org.apache.http.impl.client.AbstractHttpClient.execute(AbstractHttpClient.java:555)
W/System.err( 1233):    at org.apache.http.impl.client.AbstractHttpClient.execute(AbstractHttpClient.java:487)
W/System.err( 1233):    at org.apache.http.impl.client.AbstractHttpClient.execute(AbstractHttpClient.java:465)
W/System.err( 1233):    at com.fiship.cibn.common.NetworkUtil.isConnectToServerByHttp(NetworkUtil.java:39)
W/System.err( 1233):    at com.fiship.cibn.weather.WeatherTask.doInBackground(WeatherTask.java:184)
W/System.err( 1233):    at com.fiship.cibn.weather.WeatherTask.doInBackground(WeatherTask.java:31)
W/System.err( 1233):    at android.os.AsyncTask$2.call(AsyncTask.java:264)
W/System.err( 1233):    at java.util.concurrent.FutureTask$Sync.innerRun(FutureTask.java:305)
W/System.err( 1233):    at java.util.concurrent.FutureTask.run(FutureTask.java:137)
W/System.err( 1233):    at android.os.AsyncTask$SerialExecutor$1.run(AsyncTask.java:208)
W/System.err( 1233):    at java.util.concurrent.ThreadPoolExecutor.runWorker(ThreadPoolExecutor.java:1076)
W/System.err( 1233):    at java.util.concurrent.ThreadPoolExecutor$Worker.run(ThreadPoolExecutor.java:569)
W/System.err( 1233):    at java.lang.Thread.run(Thread.java:856)
E/WeatherTask( 1233): can't connect the url : http://php.weather.sina.com.cn/iframe/index/w_cl.php?day=1
D/dalvikvm( 1142): GC_CONCURRENT freed 487K, 78% free 1330K/6019K, paused 1ms+1ms
D/dalvikvm( 1142): GC_CONCURRENT freed 403K, 77% free 1437K/6019K, paused 0ms+1ms
D/dalvikvm( 1142): GC_CONCURRENT freed 517K, 79% free 1312K/6019K, paused 1ms+1ms
D/dalvikvm( 1142): GC_CONCURRENT freed 394K, 79% free 1311K/6019K, paused 1ms+2ms
D/MonitorCw880( 5694): counter=2 && isHeartbeatTimeout=true
D/MonitorCw880( 5694): counter=2 && isHeartbeatTimeout=true
D/dalvikvm( 1142): GC_CONCURRENT freed 392K, 79% free 1311K/6019K, paused 1ms+1ms
D/dalvikvm( 1142): GC_CONCURRENT freed 392K, 78% free 1342K/6019K, paused 1ms+1ms
D/dalvikvm( 1142): GC_CONCURRENT freed 416K, 77% free 1437K/6019K, paused 1ms+1ms
D/dalvikvm( 1142): GC_CONCURRENT freed 518K, 77% free 1394K/6019K, paused 0ms+1ms
D/dalvikvm( 1142): GC_CONCURRENT freed 475K, 79% free 1313K/6019K, paused 1ms+2ms
D/dalvikvm( 1142): GC_CONCURRENT freed 398K, 79% free 1313K/6019K, paused 1ms+1ms
D/dalvikvm( 1142): GC_CONCURRENT freed 383K, 77% free 1408K/6019K, paused 1ms+0ms
D/dalvikvm( 1142): GC_CONCURRENT freed 477K, 78% free 1324K/6019K, paused 0ms+1ms
D/dalvikvm( 1142): GC_CONCURRENT freed 394K, 77% free 1406K/6019K, paused 1ms+1ms
D/MonitorCw880( 5694): counter=2 && isHeartbeatTimeout=true
D/dalvikvm( 1142): GC_CONCURRENT freed 474K, 78% free 1325K/6019K, paused 0ms+1ms
D/dalvikvm( 1142): GC_CONCURRENT freed 402K, 79% free 1312K/6019K, paused 1ms+1ms
D/dalvikvm( 1142): GC_CONCURRENT freed 396K, 78% free 1379K/6019K, paused 1ms+1ms
D/dalvikvm( 1142): GC_CONCURRENT freed 447K, 77% free 1407K/6019K, paused 1ms+1ms
D/dalvikvm( 1142): GC_CONCURRENT freed 475K, 78% free 1325K/6019K, paused 1ms+1ms
D/MonitorCw880( 5694): counter=2 && isHeartbeatTimeout=true
D/dalvikvm( 1142): GC_CONCURRENT freed 394K, 78% free 1329K/6019K, paused 0ms+1ms
D/dalvikvm( 1142): GC_CONCURRENT freed 401K, 79% free 1312K/6019K, paused 1ms+1ms
D/dalvikvm( 1142): GC_CONCURRENT freed 396K, 79% free 1310K/6019K, paused 1ms+1ms
D/dalvikvm( 1142): GC_CONCURRENT freed 393K, 77% free 1419K/6019K, paused 1ms+1ms
D/dalvikvm( 1142): GC_CONCURRENT freed 487K, 77% free 1408K/6019K, paused 1ms+1ms
D/dalvikvm( 1142): GC_CONCURRENT freed 508K, 77% free 1405K/6019K, paused 0ms+1ms
D/HomePlayerLib( 1142): hostaddress count is 2
D/dalvikvm( 1142): GC_CONCURRENT freed 473K, 77% free 1429K/6019K, paused 1ms+1ms
D/dalvikvm( 1142): GC_CONCURRENT freed 500K, 78% free 1327K/6019K, paused 0ms+1ms
D/dalvikvm( 1142): GC_CONCURRENT freed 398K, 79% free 1322K/6019K, paused 1ms+1ms
D/dalvikvm( 1142): GC_CONCURRENT freed 405K, 78% free 1326K/6019K, paused 1ms+1ms
D/dalvikvm( 1142): GC_CONCURRENT freed 391K, 78% free 1328K/6019K, paused 1ms+1ms
D/dalvikvm( 1142): GC_CONCURRENT freed 392K, 78% free 1329K/6019K, paused 1ms+1ms
D/dalvikvm( 1142): GC_CONCURRENT freed 393K, 78% free 1329K/6019K, paused 1ms+1ms
D/dalvikvm( 1142): GC_CONCURRENT freed 384K, 77% free 1437K/6019K, paused 1ms+1ms
D/dalvikvm( 1142): GC_CONCURRENT freed 507K, 78% free 1328K/6019K, paused 1ms+1ms
D/dalvikvm( 1142): GC_CONCURRENT freed 395K, 78% free 1328K/6019K, paused 1ms+1ms
D/MonitorCw880( 5694): counter=2 && isHeartbeatTimeout=true
D/dalvikvm( 1142): GC_CONCURRENT freed 392K, 77% free 1427K/6019K, paused 1ms+1ms
D/dalvikvm( 1142): GC_CONCURRENT freed 492K, 77% free 1440K/6019K, paused 1ms+1ms
D/dalvikvm( 1142): GC_CONCURRENT freed 518K, 77% free 1408K/6019K, paused 1ms+1ms
D/dalvikvm( 1142): GC_CONCURRENT freed 479K, 76% free 1455K/6019K, paused 1ms+1ms
D/dalvikvm( 1142): GC_CONCURRENT freed 535K, 77% free 1431K/6019K, paused 1ms+1ms
D/dalvikvm( 1142): GC_CONCURRENT freed 488K, 77% free 1409K/6019K, paused 1ms+1ms
D/dalvikvm( 1142): GC_CONCURRENT freed 473K, 78% free 1353K/6019K, paused 1ms+1ms
D/dalvikvm( 1142): GC_CONCURRENT freed 417K, 77% free 1435K/6019K, paused 1ms+1ms
D/dalvikvm( 1142): GC_CONCURRENT freed 503K, 77% free 1441K/6019K, paused 0ms+1ms
D/dalvikvm( 1142): GC_CONCURRENT freed 527K, 79% free 1304K/6019K, paused 1ms+1ms
D/dalvikvm( 1142): GC_CONCURRENT freed 383K, 78% free 1344K/6019K, paused 1ms+1ms
D/dalvikvm( 1142): GC_CONCURRENT freed 421K, 79% free 1307K/6019K, paused 1ms+1ms
D/dalvikvm( 1142): GC_CONCURRENT freed 372K, 77% free 1435K/6019K, paused 1ms+1ms
D/dalvikvm( 1142): GC_CONCURRENT freed 497K, 76% free 1449K/6019K, paused 1ms+1ms
D/dalvikvm( 1142): GC_CONCURRENT freed 523K, 76% free 1492K/6019K, paused 1ms+1ms
D/dalvikvm( 1142): GC_CONCURRENT freed 556K, 78% free 1372K/6019K, paused 1ms+1ms
D/MonitorCw880( 5694): counter=2 && isHeartbeatTimeout=true
D/MonitorCw880( 5694): counter=2 && isHeartbeatTimeout=true
D/dalvikvm( 1142): GC_CONCURRENT freed 445K, 79% free 1321K/6019K, paused 1ms+1ms
D/dalvikvm( 1142): GC_CONCURRENT freed 395K, 79% free 1311K/6019K, paused 0ms+1ms
D/MonitorCw880( 5694): counter=2 && isHeartbeatTimeout=true
D/dalvikvm( 1142): GC_CONCURRENT freed 394K, 79% free 1320K/6019K, paused 1ms+1ms
D/dalvikvm( 1142): GC_CONCURRENT freed 393K, 79% free 1320K/6019K, paused 1ms+1ms
D/dalvikvm( 1142): GC_CONCURRENT freed 432K, 79% free 1300K/6019K, paused 1ms+1ms
D/dalvikvm( 1142): GC_CONCURRENT freed 369K, 78% free 1324K/6019K, paused 1ms+1ms
D/dalvikvm( 1142): GC_CONCURRENT freed 391K, 78% free 1370K/6019K, paused 1ms+1ms
D/dalvikvm( 1142): GC_CONCURRENT freed 443K, 79% free 1312K/6019K, paused 1ms+1ms
D/dalvikvm( 1142): GC_CONCURRENT freed 396K, 75% free 1507K/6019K, paused 1ms+0ms
D/dalvikvm( 1142): GC_CONCURRENT freed 569K, 78% free 1326K/6019K, paused 0ms+1ms
D/dalvikvm( 1142): GC_CONCURRENT freed 395K, 78% free 1329K/6019K, paused 1ms+1ms
D/MonitorCw880( 5694): counter=2 && isHeartbeatTimeout=true
D/dalvikvm( 1142): GC_CONCURRENT freed 401K, 77% free 1437K/6019K, paused 1ms+1ms
D/dalvikvm( 1142): GC_CONCURRENT freed 517K, 79% free 1304K/6019K, paused 1ms+1ms
D/dalvikvm( 1142): GC_CONCURRENT freed 367K, 79% free 1323K/6019K, paused 1ms+1ms
D/dalvikvm( 1142): GC_CONCURRENT freed 393K, 77% free 1411K/6019K, paused 1ms+1ms
D/dalvikvm( 1142): GC_CONCURRENT freed 483K, 77% free 1438K/6019K, paused 1ms+2ms
D/dalvikvm( 1142): GC_CONCURRENT freed 514K, 77% free 1423K/6019K, paused 0ms+1ms
D/MonitorCw880( 5694): counter=2 && isHeartbeatTimeout=true
D/dalvikvm( 1142): GC_CONCURRENT freed 507K, 79% free 1312K/6019K, paused 0ms+1ms
D/dalvikvm( 1142): GC_CONCURRENT freed 382K, 78% free 1325K/6019K, paused 1ms+0ms
D/dalvikvm( 1142): GC_CONCURRENT freed 394K, 77% free 1430K/6019K, paused 1ms+1ms
D/dalvikvm( 1142): GC_CONCURRENT freed 513K, 79% free 1300K/6019K, paused 1ms+1ms
D/HomePlayerLib( 1142): hostaddress count is 2
D/dalvikvm( 1142): GC_CONCURRENT freed 380K, 77% free 1429K/6019K, paused 1ms+1ms
D/dalvikvm( 1142): GC_CONCURRENT freed 537K, 77% free 1401K/6019K, paused 0ms+1ms
D/dalvikvm( 1142): GC_CONCURRENT freed 479K, 77% free 1411K/6019K, paused 1ms+1ms
D/dalvikvm( 1142): GC_CONCURRENT freed 482K, 76% free 1450K/6019K, paused 1ms+1ms
D/dalvikvm( 1142): GC_CONCURRENT freed 520K, 77% free 1423K/6019K, paused 1ms+2ms
D/dalvikvm( 1142): GC_CONCURRENT freed 595K, 78% free 1332K/6019K, paused 1ms+1ms
D/dalvikvm( 1142): GC_CONCURRENT freed 412K, 77% free 1430K/6019K, paused 1ms+1ms
D/dalvikvm( 1142): GC_CONCURRENT freed 486K, 78% free 1335K/6019K, paused 1ms+1ms
D/dalvikvm( 1142): GC_CONCURRENT freed 410K, 77% free 1434K/6019K, paused 1ms+0ms
D/dalvikvm( 1142): GC_CONCURRENT freed 494K, 76% free 1449K/6019K, paused 1ms+1ms
D/dalvikvm( 1142): GC_CONCURRENT freed 506K, 77% free 1399K/6019K, paused 0ms+1ms
D/dalvikvm( 1142): GC_CONCURRENT freed 458K, 76% free 1452K/6019K, paused 1ms+2ms
D/dalvikvm( 1142): GC_CONCURRENT freed 521K, 78% free 1329K/6019K, paused 1ms+1ms
D/dalvikvm( 1142): GC_CONCURRENT freed 372K, 76% free 1468K/6019K, paused 1ms+1ms
D/dalvikvm( 1142): GC_CONCURRENT freed 524K, 76% free 1465K/6019K, paused 1ms+1ms
D/dalvikvm( 1142): GC_CONCURRENT freed 538K, 77% free 1400K/6019K, paused 1ms+1ms
D/dalvikvm( 1142): GC_CONCURRENT freed 470K, 77% free 1442K/6019K, paused 1ms+1ms
D/dalvikvm( 1142): GC_CONCURRENT freed 484K, 76% free 1461K/6019K, paused 1ms+1ms
D/dalvikvm( 1142): GC_CONCURRENT freed 537K, 76% free 1494K/6019K, paused 0ms+1ms
D/MonitorCw880( 5694): counter=2 && isHeartbeatTimeout=true
D/dalvikvm( 1142): GC_CONCURRENT freed 572K, 77% free 1430K/6019K, paused 1ms+1ms
D/dalvikvm( 1142): GC_CONCURRENT freed 512K, 79% free 1316K/6019K, paused 1ms+1ms
D/dalvikvm( 1142): GC_CONCURRENT freed 383K, 78% free 1351K/6019K, paused 1ms+1ms
D/dalvikvm( 1142): GC_CONCURRENT freed 429K, 77% free 1385K/6019K, paused 0ms+1ms
D/dalvikvm( 1142): GC_CONCURRENT freed 468K, 77% free 1414K/6019K, paused 1ms+1ms
D/dalvikvm( 1142): GC_CONCURRENT freed 469K, 76% free 1454K/6019K, paused 0ms+1ms
D/dalvikvm( 1142): GC_CONCURRENT freed 536K, 77% free 1429K/6019K, paused 0ms+1ms
D/dalvikvm( 1142): GC_CONCURRENT freed 489K, 78% free 1325K/6019K, paused 1ms+1ms
D/dalvikvm( 1142): GC_CONCURRENT freed 402K, 79% free 1312K/6019K, paused 1ms+1ms
D/dalvikvm( 1142): GC_CONCURRENT freed 396K, 79% free 1310K/6019K, paused 1ms+1ms
D/dalvikvm( 1142): GC_CONCURRENT freed 394K, 79% free 1311K/6019K, paused 1ms+1ms
D/dalvikvm( 1142): GC_CONCURRENT freed 394K, 77% free 1402K/6019K, paused 0ms+1ms
D/dalvikvm( 1142): GC_CONCURRENT freed 474K, 79% free 1313K/6019K, paused 1ms+1ms
D/dalvikvm( 1142): GC_CONCURRENT freed 394K, 78% free 1343K/6019K, paused 0ms+1ms
D/MonitorCw880( 5694): counter=2 && isHeartbeatTimeout=true
W/System.err( 1233): org.apache.http.conn.ConnectionPoolTimeoutException: Timeout waiting for connection
W/System.err( 1233):    at org.apache.http.impl.conn.tsccm.ConnPoolByRoute.getEntryBlocking(ConnPoolByRoute.java:353)
W/System.err( 1233):    at org.apache.http.impl.conn.tsccm.ConnPoolByRoute$1.getPoolEntry(ConnPoolByRoute.java:238)
W/System.err( 1233):    at org.apache.http.impl.conn.tsccm.ThreadSafeClientConnManager$1.getConnection(ThreadSafeClientConnManager.java:177)
W/System.err( 1233):    at org.apache.http.impl.client.DefaultRequestDirector.execute(DefaultRequestDirector.java:326)
W/System.err( 1233):    at org.apache.http.impl.client.AbstractHttpClient.execute(AbstractHttpClient.java:555)
W/System.err( 1233):    at org.apache.http.impl.client.AbstractHttpClient.execute(AbstractHttpClient.java:487)
W/System.err( 1233):    at org.apache.http.impl.client.AbstractHttpClient.execute(AbstractHttpClient.java:465)
W/System.err( 1233):    at com.fiship.cibn.common.NetworkUtil.isConnectToServerByHttp(NetworkUtil.java:39)
W/System.err( 1233):    at com.fiship.cibn.weather.WeatherTask.doInBackground(WeatherTask.java:184)
W/System.err( 1233):    at com.fiship.cibn.weather.WeatherTask.doInBackground(WeatherTask.java:31)
W/System.err( 1233):    at android.os.AsyncTask$2.call(AsyncTask.java:264)
W/System.err( 1233):    at java.util.concurrent.FutureTask$Sync.innerRun(FutureTask.java:305)
W/System.err( 1233):    at java.util.concurrent.FutureTask.run(FutureTask.java:137)
W/System.err( 1233):    at android.os.AsyncTask$SerialExecutor$1.run(AsyncTask.java:208)
W/System.err( 1233):    at java.util.concurrent.ThreadPoolExecutor.runWorker(ThreadPoolExecutor.java:1076)
W/System.err( 1233):    at java.util.concurrent.ThreadPoolExecutor$Worker.run(ThreadPoolExecutor.java:569)
W/System.err( 1233):    at java.lang.Thread.run(Thread.java:856)
E/WeatherTask( 1233): can't connect the url : http://php.weather.sina.com.cn/iframe/index/w_cl.php?day=1
D/MonitorCw880( 5694): counter=2 && isHeartbeatTimeout=true
D/dalvikvm( 1142): GC_CONCURRENT freed 416K, 77% free 1421K/6019K, paused 1ms+1ms
D/dalvikvm( 1142): GC_CONCURRENT freed 489K, 78% free 1368K/6019K, paused 1ms+1ms
D/dalvikvm( 1142): GC_CONCURRENT freed 434K, 78% free 1381K/6019K, paused 1ms+1ms
D/dalvikvm( 1142): GC_CONCURRENT freed 466K, 79% free 1305K/6019K, paused 1ms+1ms
D/MonitorCw880( 5694): counter=2 && isHeartbeatTimeout=true
D/dalvikvm( 1142): GC_CONCURRENT freed 386K, 78% free 1325K/6019K, paused 1ms+1ms
D/dalvikvm( 1142): GC_CONCURRENT freed 394K, 79% free 1323K/6019K, paused 1ms+1ms
D/dalvikvm( 1142): GC_CONCURRENT freed 393K, 77% free 1429K/6019K, paused 1ms+1ms
D/dalvikvm( 1142): GC_CONCURRENT freed 501K, 79% free 1312K/6019K, paused 1ms+0ms
D/dalvikvm( 1142): GC_CONCURRENT freed 394K, 79% free 1321K/6019K, paused 1ms+1ms
D/dalvikvm( 1142): GC_CONCURRENT freed 404K, 79% free 1309K/6019K, paused 0ms+1ms
D/dalvikvm( 1142): GC_CONCURRENT freed 378K, 78% free 1324K/6019K, paused 1ms+1ms
D/dalvikvm( 1142): GC_CONCURRENT freed 394K, 79% free 1324K/6019K, paused 1ms+1ms
D/dalvikvm( 1142): GC_CONCURRENT freed 394K, 79% free 1324K/6019K, paused 1ms+1ms
D/dalvikvm( 1142): GC_CONCURRENT freed 393K, 79% free 1324K/6019K, paused 1ms+1ms
D/dalvikvm( 1142): GC_CONCURRENT freed 393K, 76% free 1447K/6019K, paused 1ms+1ms
D/MonitorCw880( 5694): counter=2 && isHeartbeatTimeout=true
D/dalvikvm( 1142): GC_CONCURRENT freed 524K, 79% free 1313K/6019K, paused 1ms+1ms
D/dalvikvm( 1142): GC_CONCURRENT freed 396K, 77% free 1426K/6019K, paused 1ms+1ms
D/dalvikvm( 1142): GC_CONCURRENT freed 488K, 76% free 1449K/6019K, paused 1ms+1ms
D/dalvikvm( 1142): GC_CONCURRENT freed 526K, 79% free 1313K/6019K, paused 1ms+1ms
D/dalvikvm( 1142): GC_CONCURRENT freed 376K, 79% free 1324K/6019K, paused 1ms+1ms
D/HomePlayerLib( 1142): hostaddress count is 2
D/dalvikvm( 1142): GC_CONCURRENT freed 392K, 79% free 1322K/6019K, paused 1ms+1ms
D/dalvikvm( 1142): GC_CONCURRENT freed 401K, 79% free 1309K/6019K, paused 1ms+1ms
D/dalvikvm( 1142): GC_CONCURRENT freed 389K, 78% free 1372K/6019K, paused 1ms+1ms
D/dalvikvm( 1142): GC_CONCURRENT freed 490K, 77% free 1393K/6019K, paused 1ms+1ms
D/MonitorCw880( 5694): counter=2 && isHeartbeatTimeout=true
D/dalvikvm( 1142): GC_CONCURRENT freed 452K, 76% free 1451K/6019K, paused 1ms+1ms
D/dalvikvm( 1142): GC_CONCURRENT freed 530K, 77% free 1432K/6019K, paused 1ms+1ms
D/dalvikvm( 1142): GC_CONCURRENT freed 491K, 76% free 1449K/6019K, paused 1ms+1ms
D/dalvikvm( 1142): GC_CONCURRENT freed 505K, 77% free 1416K/6019K, paused 1ms+1ms
D/dalvikvm( 1142): GC_CONCURRENT freed 486K, 79% free 1317K/6019K, paused 1ms+1ms
D/dalvikvm( 1142): GC_CONCURRENT freed 497K, 78% free 1332K/6019K, paused 1ms+1ms
D/dalvikvm( 1142): GC_CONCURRENT freed 451K, 77% free 1392K/6019K, paused 1ms+1ms
D/dalvikvm( 1142): GC_CONCURRENT freed 473K, 77% free 1431K/6019K, paused 1ms+1ms
D/dalvikvm( 1142): GC_CONCURRENT freed 488K, 76% free 1451K/6019K, paused 1ms+1ms
D/dalvikvm( 1142): GC_CONCURRENT freed 513K, 78% free 1330K/6019K, paused 0ms+1ms
D/dalvikvm( 1142): GC_CONCURRENT freed 404K, 76% free 1466K/6019K, paused 0ms+1ms
D/dalvikvm( 1142): GC_CONCURRENT freed 535K, 77% free 1432K/6019K, paused 1ms+1ms
D/dalvikvm( 1142): GC_CONCURRENT freed 512K, 79% free 1310K/6019K, paused 1ms+1ms
D/dalvikvm( 1142): GC_CONCURRENT freed 375K, 78% free 1327K/6019K, paused 1ms+1ms
D/dalvikvm( 1142): GC_CONCURRENT freed 395K, 77% free 1434K/6019K, paused 0ms+1ms
D/dalvikvm( 1142): GC_CONCURRENT freed 513K, 77% free 1416K/6019K, paused 1ms+1ms
D/dalvikvm( 1142): GC_CONCURRENT freed 498K, 77% free 1424K/6019K, paused 1ms+2ms
D/dalvikvm( 1142): GC_CONCURRENT freed 493K, 77% free 1431K/6019K, paused 1ms+1ms
D/dalvikvm( 1142): GC_CONCURRENT freed 502K, 78% free 1362K/6019K, paused 1ms+1ms
D/dalvikvm( 1142): GC_CONCURRENT freed 432K, 77% free 1442K/6019K, paused 1ms+2ms
D/dalvikvm( 1142): GC_CONCURRENT freed 518K, 77% free 1431K/6019K, paused 1ms+1ms
D/dalvikvm( 1142): GC_CONCURRENT freed 521K, 79% free 1303K/6019K, paused 0ms+1ms
D/MonitorCw880( 5694): counter=2 && isHeartbeatTimeout=true
D/MonitorCw880( 5694): counter=2 && isHeartbeatTimeout=true
D/MonitorCw880( 5694): counter=2 && isHeartbeatTimeout=true
D/dalvikvm( 1142): GC_CONCURRENT freed 373K, 77% free 1430K/6019K, paused 1ms+1ms
D/dalvikvm( 1142): GC_CONCURRENT freed 513K, 77% free 1423K/6019K, paused 1ms+1ms
D/dalvikvm( 1142): GC_CONCURRENT freed 508K, 79% free 1315K/6019K, paused 0ms+1ms
D/dalvikvm( 1142): GC_CONCURRENT freed 385K, 77% free 1432K/6019K, paused 0ms+1ms
D/dalvikvm( 1142): GC_CONCURRENT freed 504K, 77% free 1435K/6019K, paused 1ms+1ms
D/dalvikvm( 1142): GC_CONCURRENT freed 519K, 79% free 1314K/6019K, paused 0ms+1ms
D/dalvikvm( 1142): GC_CONCURRENT freed 384K, 78% free 1325K/6019K, paused 1ms+1ms
D/dalvikvm( 1142): GC_CONCURRENT freed 407K, 77% free 1423K/6019K, paused 1ms+0ms
D/MonitorCw880( 5694): counter=2 && isHeartbeatTimeout=true
D/dalvikvm( 1142): GC_CONCURRENT freed 484K, 77% free 1412K/6019K, paused 1ms+1ms
D/dalvikvm( 1142): GC_CONCURRENT freed 484K, 77% free 1405K/6019K, paused 1ms+1ms
D/dalvikvm( 1142): GC_CONCURRENT freed 489K, 77% free 1423K/6019K, paused 0ms+1ms
D/dalvikvm( 1142): GC_CONCURRENT freed 502K, 79% free 1313K/6019K, paused 1ms+1ms
D/dalvikvm( 1142): GC_CONCURRENT freed 399K, 79% free 1313K/6019K, paused 1ms+1ms
D/dalvikvm( 1142): GC_CONCURRENT freed 383K, 78% free 1324K/6019K, paused 1ms+1ms
D/dalvikvm( 1142): GC_CONCURRENT freed 396K, 79% free 1323K/6019K, paused 0ms+1ms
D/dalvikvm( 1142): GC_CONCURRENT freed 432K, 77% free 1389K/6019K, paused 1ms+1ms
D/dalvikvm( 1142): GC_CONCURRENT freed 473K, 79% free 1300K/6019K, paused 1ms+1ms
D/dalvikvm( 1142): GC_CONCURRENT freed 380K, 78% free 1343K/6019K, paused 1ms+1ms
D/dalvikvm( 1142): GC_CONCURRENT freed 415K, 77% free 1437K/6019K, paused 1ms+1ms
D/MonitorCw880( 5694): counter=2 && isHeartbeatTimeout=true
D/dalvikvm( 1142): GC_CONCURRENT freed 517K, 77% free 1422K/6019K, paused 1ms+1ms
D/dalvikvm( 1142): GC_CONCURRENT freed 488K, 78% free 1330K/6019K, paused 1ms+1ms
D/HomePlayerLib( 1142): hostaddress count is 2
D/dalvikvm( 1142): GC_CONCURRENT freed 412K, 78% free 1376K/6019K, paused 0ms+1ms
D/dalvikvm( 1142): GC_CONCURRENT freed 444K, 77% free 1438K/6019K, paused 1ms+0ms
D/dalvikvm( 1142): GC_CONCURRENT freed 499K, 77% free 1437K/6019K, paused 0ms+1ms
D/dalvikvm( 1142): GC_CONCURRENT freed 496K, 76% free 1452K/6019K, paused 1ms+1ms
D/dalvikvm( 1142): GC_CONCURRENT freed 513K, 78% free 1376K/6019K, paused 0ms+1ms
D/dalvikvm( 1142): GC_CONCURRENT freed 456K, 77% free 1431K/6019K, paused 1ms+1ms
D/dalvikvm( 1142): GC_CONCURRENT freed 574K, 78% free 1364K/6019K, paused 1ms+1ms
D/dalvikvm( 1142): GC_CONCURRENT freed 446K, 79% free 1306K/6019K, paused 1ms+1ms
D/dalvikvm( 1142): GC_CONCURRENT freed 375K, 77% free 1441K/6019K, paused 1ms+1ms
D/dalvikvm( 1142): GC_CONCURRENT freed 595K, 78% free 1351K/6019K, paused 1ms+1ms
D/dalvikvm( 1142): GC_CONCURRENT freed 407K, 78% free 1328K/6019K, paused 0ms+1ms
D/dalvikvm( 1142): GC_CONCURRENT freed 404K, 79% free 1317K/6019K, paused 1ms+1ms
D/dalvikvm( 1142): GC_CONCURRENT freed 377K, 76% free 1448K/6019K, paused 1ms+1ms
D/dalvikvm( 1142): GC_CONCURRENT freed 582K, 78% free 1377K/6019K, paused 1ms+1ms
D/dalvikvm( 1142): GC_CONCURRENT freed 456K, 78% free 1365K/6019K, paused 0ms+1ms
D/dalvikvm( 1142): GC_CONCURRENT freed 504K, 77% free 1386K/6019K, paused 1ms+1ms
D/dalvikvm( 1142): GC_CONCURRENT freed 534K, 78% free 1346K/6019K, paused 1ms+1ms
D/HomePlayerLib( 1142): hostaddress count is 2
D/dalvikvm( 1142): GC_CONCURRENT freed 388K, 78% free 1353K/6019K, paused 1ms+1ms
D/dalvikvm( 1142): GC_CONCURRENT freed 422K, 77% free 1432K/6019K, paused 1ms+1ms
D/dalvikvm( 1142): GC_CONCURRENT freed 475K, 76% free 1466K/6019K, paused 1ms+1ms
D/dalvikvm( 1142): GC_CONCURRENT freed 507K, 76% free 1470K/6019K, paused 1ms+1ms
D/dalvikvm( 1142): GC_CONCURRENT freed 567K, 77% free 1414K/6019K, paused 0ms+1ms
D/dalvikvm( 1142): GC_CONCURRENT freed 469K, 76% free 1472K/6019K, paused 1ms+1ms
D/dalvikvm( 1142): GC_CONCURRENT freed 561K, 75% free 1552K/6019K, paused 1ms+1ms
D/dalvikvm( 1142): GC_CONCURRENT freed 626K, 77% free 1437K/6019K, paused 1ms+1ms
D/dalvikvm( 1142): GC_CONCURRENT freed 494K, 76% free 1454K/6019K, paused 1ms+1ms
D/dalvikvm( 1142): GC_CONCURRENT freed 587K, 78% free 1366K/6019K, paused 1ms+1ms
D/dalvikvm( 1142): GC_CONCURRENT freed 424K, 78% free 1327K/6019K, paused 1ms+2ms
D/MonitorCw880( 5694): counter=2 && isHeartbeatTimeout=true
D/dalvikvm( 1142): GC_CONCURRENT freed 391K, 78% free 1352K/6019K, paused 1ms+2ms
D/dalvikvm( 1142): GC_CONCURRENT freed 424K, 77% free 1439K/6019K, paused 1ms+1ms
D/dalvikvm( 1142): GC_CONCURRENT freed 511K, 77% free 1434K/6019K, paused 1ms+1ms
D/dalvikvm( 1142): GC_CONCURRENT freed 522K, 79% free 1302K/6019K, paused 0ms+1ms
D/dalvikvm( 1142): GC_CONCURRENT freed 397K, 77% free 1406K/6019K, paused 0ms+1ms
D/dalvikvm( 1142): GC_CONCURRENT freed 486K, 78% free 1329K/6019K, paused 1ms+1ms
D/dalvikvm( 1142): GC_CONCURRENT freed 394K, 77% free 1415K/6019K, paused 1ms+1ms
D/dalvikvm( 1142): GC_CONCURRENT freed 496K, 78% free 1383K/6019K, paused 1ms+2ms
D/dalvikvm( 1142): GC_CONCURRENT freed 452K, 78% free 1324K/6019K, paused 1ms+1ms
D/dalvikvm( 1142): GC_CONCURRENT freed 392K, 77% free 1426K/6019K, paused 1ms+1ms
D/dalvikvm( 1142): GC_CONCURRENT freed 501K, 78% free 1344K/6019K, paused 0ms+1ms
D/dalvikvm( 1142): GC_CONCURRENT freed 417K, 77% free 1438K/6019K, paused 1ms+1ms
D/dalvikvm( 1142): GC_CONCURRENT freed 517K, 77% free 1427K/6019K, paused 1ms+1ms
D/dalvikvm( 1142): GC_CONCURRENT freed 488K, 78% free 1330K/6019K, paused 0ms+1ms
D/dalvikvm( 1142): GC_CONCURRENT freed 405K, 77% free 1436K/6019K, paused 0ms+1ms
D/dalvikvm( 1142): GC_CONCURRENT freed 518K, 77% free 1427K/6019K, paused 0ms+1ms
D/dalvikvm( 1142): GC_CONCURRENT freed 487K, 78% free 1330K/6019K, paused 1ms+1ms
D/dalvikvm( 1142): GC_CONCURRENT freed 404K, 79% free 1321K/6019K, paused 1ms+1ms
D/dalvikvm( 1142): GC_CONCURRENT freed 396K, 79% free 1310K/6019K, paused 0ms+1ms
D/dalvikvm( 1142): GC_CONCURRENT freed 393K, 79% free 1311K/6019K, paused 1ms+1ms
D/dalvikvm( 1142): GC_CONCURRENT freed 394K, 79% free 1311K/6019K, paused 1ms+1ms
D/MonitorCw880( 5694): counter=2 && isHeartbeatTimeout=true
D/dalvikvm( 1142): GC_CONCURRENT freed 394K, 79% free 1311K/6019K, paused 1ms+1ms
D/MonitorCw880( 5694): counter=2 && isHeartbeatTimeout=true
D/MonitorCw880( 5694): counter=2 && isHeartbeatTimeout=true
D/dalvikvm( 1142): GC_CONCURRENT freed 392K, 77% free 1424K/6019K, paused 1ms+1ms
W/System.err( 1233): org.apache.http.conn.ConnectionPoolTimeoutException: Timeout waiting for connection
W/System.err( 1233):    at org.apache.http.impl.conn.tsccm.ConnPoolByRoute.getEntryBlocking(ConnPoolByRoute.java:353)
W/System.err( 1233):    at org.apache.http.impl.conn.tsccm.ConnPoolByRoute$1.getPoolEntry(ConnPoolByRoute.java:238)
W/System.err( 1233):    at org.apache.http.impl.conn.tsccm.ThreadSafeClientConnManager$1.getConnection(ThreadSafeClientConnManager.java:177)
W/System.err( 1233):    at org.apache.http.impl.client.DefaultRequestDirector.execute(DefaultRequestDirector.java:326)
W/System.err( 1233):    at org.apache.http.impl.client.AbstractHttpClient.execute(AbstractHttpClient.java:555)
W/System.err( 1233):    at org.apache.http.impl.client.AbstractHttpClient.execute(AbstractHttpClient.java:487)
W/System.err( 1233):    at org.apache.http.impl.client.AbstractHttpClient.execute(AbstractHttpClient.java:465)
W/System.err( 1233):    at com.fiship.cibn.common.NetworkUtil.isConnectToServerByHttp(NetworkUtil.java:39)
W/System.err( 1233):    at com.fiship.cibn.weather.WeatherTask.doInBackground(WeatherTask.java:184)
W/System.err( 1233):    at com.fiship.cibn.weather.WeatherTask.doInBackground(WeatherTask.java:31)
W/System.err( 1233):    at android.os.AsyncTask$2.call(AsyncTask.java:264)
W/System.err( 1233):    at java.util.concurrent.FutureTask$Sync.innerRun(FutureTask.java:305)
W/System.err( 1233):    at java.util.concurrent.FutureTask.run(FutureTask.java:137)
W/System.err( 1233):    at android.os.AsyncTask$SerialExecutor$1.run(AsyncTask.java:208)
W/System.err( 1233):    at java.util.concurrent.ThreadPoolExecutor.runWorker(ThreadPoolExecutor.java:1076)
W/System.err( 1233):    at java.util.concurrent.ThreadPoolExecutor$Worker.run(ThreadPoolExecutor.java:569)
W/System.err( 1233):    at java.lang.Thread.run(Thread.java:856)
E/WeatherTask( 1233): can't connect the url : http://php.weather.sina.com.cn/iframe/index/w_cl.php?day=1
D/dalvikvm( 1142): GC_CONCURRENT freed 496K, 77% free 1438K/6019K, paused 1ms+1ms
D/dalvikvm( 1142): GC_CONCURRENT freed 518K, 77% free 1404K/6019K, paused 1ms+1ms
D/dalvikvm( 1142): GC_CONCURRENT freed 475K, 78% free 1344K/6019K, paused 1ms+1ms
D/dalvikvm( 1142): GC_CONCURRENT freed 415K, 77% free 1438K/6019K, paused 1ms+1ms
D/dalvikvm( 1142): GC_CONCURRENT freed 517K, 77% free 1427K/6019K, paused 1ms+1ms
D/dalvikvm( 1142): GC_CONCURRENT freed 488K, 78% free 1325K/6019K, paused 1ms+1ms
D/MonitorCw880( 5694): counter=2 && isHeartbeatTimeout=true
D/dalvikvm( 1142): GC_CONCURRENT freed 403K, 77% free 1428K/6019K, paused 1ms+1ms
D/dalvikvm( 1142): GC_CONCURRENT freed 489K, 78% free 1324K/6019K, paused 1ms+1ms
D/dalvikvm( 1142): GC_CONCURRENT freed 394K, 77% free 1430K/6019K, paused 1ms+1ms
D/dalvikvm( 1142): GC_CONCURRENT freed 513K, 79% free 1309K/6019K, paused 1ms+1ms
D/dalvikvm( 1142): GC_CONCURRENT freed 380K, 79% free 1324K/6019K, paused 1ms+1ms
D/dalvikvm( 1142): GC_CONCURRENT freed 395K, 79% free 1324K/6019K, paused 1ms+1ms
D/dalvikvm( 1142): GC_CONCURRENT freed 394K, 79% free 1324K/6019K, paused 1ms+1ms
D/dalvikvm( 1142): GC_CONCURRENT freed 392K, 76% free 1493K/6019K, paused 1ms+1ms
D/dalvikvm( 1142): GC_CONCURRENT freed 564K, 79% free 1314K/6019K, paused 1ms+1ms
D/dalvikvm( 1142): GC_CONCURRENT freed 398K, 77% free 1435K/6019K, paused 0ms+1ms
D/MonitorCw880( 5694): counter=2 && isHeartbeatTimeout=true
D/dalvikvm( 1142): GC_CONCURRENT freed 515K, 79% free 1313K/6019K, paused 1ms+1ms
D/dalvikvm( 1142): GC_CONCURRENT freed 395K, 78% free 1383K/6019K, paused 1ms+1ms
D/HomePlayerLib( 1142): hostaddress count is 2
D/dalvikvm( 1142): GC_CONCURRENT freed 464K, 77% free 1417K/6019K, paused 0ms+1ms
D/dalvikvm( 1142): GC_CONCURRENT freed 524K, 77% free 1409K/6019K, paused 1ms+2ms
D/dalvikvm( 1142): GC_CONCURRENT freed 495K, 79% free 1310K/6019K, paused 1ms+1ms
D/dalvikvm( 1142): GC_CONCURRENT freed 378K, 77% free 1408K/6019K, paused 0ms+1ms
D/dalvikvm( 1142): GC_CONCURRENT freed 471K, 77% free 1435K/6019K, paused 0ms+1ms
D/dalvikvm( 1142): GC_CONCURRENT freed 536K, 78% free 1363K/6019K, paused 1ms+1ms
D/dalvikvm( 1142): GC_CONCURRENT freed 408K, 76% free 1453K/6019K, paused 1ms+1ms
D/dalvikvm( 1142): GC_CONCURRENT freed 532K, 78% free 1340K/6019K, paused 1ms+2ms
D/dalvikvm( 1142): GC_CONCURRENT freed 405K, 78% free 1352K/6019K, paused 0ms+1ms
D/dalvikvm( 1142): GC_CONCURRENT freed 416K, 78% free 1327K/6019K, paused 1ms+1ms
D/dalvikvm( 1142): GC_CONCURRENT freed 395K, 77% free 1443K/6019K, paused 1ms+1ms
D/dalvikvm( 1142): GC_CONCURRENT freed 539K, 77% free 1414K/6019K, paused 0ms+1ms
D/dalvikvm( 1142): GC_CONCURRENT freed 487K, 77% free 1433K/6019K, paused 1ms+1ms
D/dalvikvm( 1142): GC_CONCURRENT freed 502K, 76% free 1470K/6019K, paused 1ms+1ms
D/dalvikvm( 1142): GC_CONCURRENT freed 537K, 77% free 1444K/6019K, paused 1ms+1ms
D/dalvikvm( 1142): GC_CONCURRENT freed 480K, 76% free 1471K/6019K, paused 1ms+1ms
D/dalvikvm( 1142): GC_CONCURRENT freed 553K, 79% free 1307K/6019K, paused 1ms+1ms
D/dalvikvm( 1142): GC_CONCURRENT freed 375K, 77% free 1441K/6019K, paused 1ms+1ms
D/dalvikvm( 1142): GC_CONCURRENT freed 517K, 77% free 1431K/6019K, paused 1ms+1ms
D/dalvikvm( 1142): GC_CONCURRENT freed 487K, 76% free 1451K/6019K, paused 1ms+1ms
D/MonitorCw880( 5694): counter=2 && isHeartbeatTimeout=true
D/dalvikvm( 1142): GC_CONCURRENT freed 511K, 78% free 1326K/6019K, paused 1ms+1ms
D/dalvikvm( 1142): GC_CONCURRENT freed 397K, 77% free 1421K/6019K, paused 1ms+1ms
D/dalvikvm( 1142): GC_CONCURRENT freed 501K, 78% free 1344K/6019K, paused 1ms+1ms
D/dalvikvm( 1142): GC_CONCURRENT freed 419K, 79% free 1312K/6019K, paused 1ms+2ms
D/dalvikvm( 1142): GC_CONCURRENT freed 391K, 77% free 1433K/6019K, paused 1ms+1ms
D/dalvikvm( 1142): GC_CONCURRENT freed 493K, 76% free 1448K/6019K, paused 1ms+1ms
D/MonitorCw880( 5694): counter=2 && isHeartbeatTimeout=true
D/dalvikvm( 1142): GC_CONCURRENT freed 523K, 77% free 1429K/6019K, paused 1ms+1ms
D/dalvikvm( 1142): GC_CONCURRENT freed 491K, 76% free 1448K/6019K, paused 1ms+1ms
D/dalvikvm( 1142): GC_CONCURRENT freed 515K, 78% free 1331K/6019K, paused 1ms+1ms
D/dalvikvm( 1142): GC_CONCURRENT freed 406K, 79% free 1312K/6019K, paused 1ms+1ms
D/dalvikvm( 1142): GC_CONCURRENT freed 395K, 79% free 1310K/6019K, paused 1ms+1ms
D/MonitorCw880( 5694): counter=2 && isHeartbeatTimeout=true
D/dalvikvm( 1142): GC_CONCURRENT freed 390K, 77% free 1416K/6019K, paused 1ms+1ms
D/dalvikvm( 1142): GC_CONCURRENT freed 497K, 77% free 1384K/6019K, paused 1ms+1ms
D/dalvikvm( 1142): GC_CONCURRENT freed 459K, 79% free 1312K/6019K, paused 0ms+1ms
D/dalvikvm( 1142): GC_CONCURRENT freed 394K, 77% free 1426K/6019K, paused 1ms+1ms
D/dalvikvm( 1142): GC_CONCURRENT freed 486K, 76% free 1451K/6019K, paused 1ms+1ms
D/dalvikvm( 1142): GC_CONCURRENT freed 525K, 79% free 1323K/6019K, paused 1ms+1ms
D/dalvikvm( 1142): GC_CONCURRENT freed 408K, 77% free 1406K/6019K, paused 1ms+1ms
D/dalvikvm( 1142): GC_CONCURRENT freed 474K, 78% free 1325K/6019K, paused 1ms+1ms
D/dalvikvm( 1142): GC_CONCURRENT freed 394K, 77% free 1411K/6019K, paused 0ms+1ms
D/dalvikvm( 1142): GC_CONCURRENT freed 483K, 77% free 1438K/6019K, paused 1ms+1ms
D/dalvikvm( 1142): GC_CONCURRENT freed 518K, 79% free 1312K/6019K, paused 1ms+1ms
D/dalvikvm( 1142): GC_CONCURRENT freed 395K, 77% free 1424K/6019K, paused 1ms+1ms
D/MonitorCw880( 5694): counter=2 && isHeartbeatTimeout=true
D/dalvikvm( 1142): GC_CONCURRENT freed 496K, 77% free 1438K/6019K, paused 1ms+1ms
D/dalvikvm( 1142): GC_CONCURRENT freed 517K, 77% free 1403K/6019K, paused 1ms+1ms
D/dalvikvm( 1142): GC_CONCURRENT freed 475K, 78% free 1344K/6019K, paused 1ms+1ms
D/dalvikvm( 1142): GC_CONCURRENT freed 418K, 77% free 1422K/6019K, paused 1ms+1ms
D/dalvikvm( 1142): GC_CONCURRENT freed 489K, 77% free 1431K/6019K, paused 1ms+1ms
D/dalvikvm( 1142): GC_CONCURRENT freed 513K, 78% free 1331K/6019K, paused 1ms+1ms
D/dalvikvm( 1142): GC_CONCURRENT freed 406K, 77% free 1436K/6019K, paused 1ms+1ms
D/dalvikvm( 1142): GC_CONCURRENT freed 517K, 77% free 1427K/6019K, paused 1ms+0ms
D/dalvikvm( 1142): GC_CONCURRENT freed 488K, 78% free 1330K/6019K, paused 1ms+1ms
D/dalvikvm( 1142): GC_CONCURRENT freed 404K, 79% free 1312K/6019K, paused 1ms+1ms
D/dalvikvm( 1142): GC_CONCURRENT freed 395K, 77% free 1426K/6019K, paused 1ms+1ms
D/MonitorCw880( 5694): counter=2 && isHeartbeatTimeout=true
D/dalvikvm( 1142): GC_CONCURRENT freed 487K, 76% free 1448K/6019K, paused 1ms+2ms
D/dalvikvm( 1142): GC_CONCURRENT freed 526K, 77% free 1429K/6019K, paused 1ms+1ms
D/dalvikvm( 1142): GC_CONCURRENT freed 492K, 78% free 1324K/6019K, paused 1ms+1ms
D/dalvikvm( 1142): GC_CONCURRENT freed 393K, 77% free 1430K/6019K, paused 1ms+1ms
D/dalvikvm( 1142): GC_CONCURRENT freed 512K, 79% free 1308K/6019K, paused 1ms+1ms
D/dalvikvm( 1142): GC_CONCURRENT freed 379K, 78% free 1324K/6019K, paused 1ms+1ms
D/dalvikvm( 1142): GC_CONCURRENT freed 395K, 77% free 1430K/6019K, paused 1ms+1ms
D/dalvikvm( 1142): GC_CONCURRENT freed 502K, 77% free 1424K/6019K, paused 1ms+1ms
D/MonitorCw880( 5694): counter=2 && isHeartbeatTimeout=true
D/HomePlayerLib( 1142): hostaddress count is 2
D/dalvikvm( 1142): GC_CONCURRENT freed 506K, 79% free 1318K/6019K, paused 1ms+2ms
D/dalvikvm( 1142): GC_CONCURRENT freed 456K, 78% free 1360K/6019K, paused 0ms+1ms
D/dalvikvm( 1142): GC_CONCURRENT freed 430K, 78% free 1378K/6019K, paused 1ms+1ms
D/dalvikvm( 1142): GC_CONCURRENT freed 454K, 77% free 1442K/6019K, paused 1ms+1ms
D/dalvikvm( 1142): GC_CONCURRENT freed 496K, 76% free 1458K/6019K, paused 1ms+2ms
D/dalvikvm( 1142): GC_CONCURRENT freed 547K, 78% free 1326K/6019K, paused 1ms+2ms
D/dalvikvm( 1142): GC_CONCURRENT freed 370K, 76% free 1467K/6019K, paused 1ms+1ms
D/dalvikvm( 1142): GC_CONCURRENT freed 547K, 78% free 1359K/6019K, paused 1ms+1ms
D/dalvikvm( 1142): GC_CONCURRENT freed 462K, 76% free 1457K/6019K, paused 1ms+2ms
D/dalvikvm( 1142): GC_CONCURRENT freed 538K, 77% free 1430K/6019K, paused 1ms+1ms
D/dalvikvm( 1142): GC_CONCURRENT freed 525K, 75% free 1541K/6019K, paused 1ms+1ms
D/dalvikvm( 1142): GC_CONCURRENT freed 609K, 77% free 1418K/6019K, paused 1ms+1ms
D/dalvikvm( 1142): GC_CONCURRENT freed 488K, 77% free 1442K/6019K, paused 1ms+1ms
D/dalvikvm( 1142): GC_CONCURRENT freed 518K, 77% free 1426K/6019K, paused 1ms+1ms
D/dalvikvm( 1142): GC_CONCURRENT freed 488K, 77% free 1435K/6019K, paused 1ms+1ms
D/dalvikvm( 1142): GC_CONCURRENT freed 501K, 76% free 1444K/6019K, paused 1ms+1ms
D/dalvikvm( 1142): GC_CONCURRENT freed 586K, 79% free 1317K/6019K, paused 1ms+1ms
D/dalvikvm( 1142): GC_CONCURRENT freed 381K, 78% free 1330K/6019K, paused 1ms+1ms
D/dalvikvm( 1142): GC_CONCURRENT freed 394K, 77% free 1434K/6019K, paused 1ms+1ms
D/dalvikvm( 1142): GC_CONCURRENT freed 502K, 79% free 1316K/6019K, paused 1ms+1ms
D/dalvikvm( 1142): GC_CONCURRENT freed 379K, 77% free 1412K/6019K, paused 0ms+1ms
D/dalvikvm( 1142): GC_CONCURRENT freed 486K, 77% free 1438K/6019K, paused 0ms+1ms
D/dalvikvm( 1142): GC_CONCURRENT freed 518K, 77% free 1420K/6019K, paused 1ms+1ms
D/dalvikvm( 1142): GC_CONCURRENT freed 488K, 78% free 1325K/6019K, paused 1ms+1ms
D/MonitorCw880( 5694): counter=2 && isHeartbeatTimeout=true
D/dalvikvm( 1142): GC_CONCURRENT freed 405K, 77% free 1428K/6019K, paused 1ms+1ms
D/MonitorCw880( 5694): counter=2 && isHeartbeatTimeout=true
D/MonitorCw880( 5694): counter=2 && isHeartbeatTimeout=true
D/dalvikvm( 1142): GC_CONCURRENT freed 489K, 77% free 1408K/6019K, paused 1ms+1ms
D/dalvikvm( 1142): GC_CONCURRENT freed 474K, 78% free 1371K/6019K, paused 1ms+1ms
D/dalvikvm( 1142): GC_CONCURRENT freed 445K, 76% free 1464K/6019K, paused 1ms+1ms
D/dalvikvm( 1142): GC_CONCURRENT freed 531K, 77% free 1431K/6019K, paused 1ms+1ms
D/MonitorCw880( 5694): counter=2 && isHeartbeatTimeout=true
D/dalvikvm( 1142): GC_CONCURRENT freed 514K, 79% free 1308K/6019K, paused 0ms+1ms
D/dalvikvm( 1142): GC_CONCURRENT freed 377K, 77% free 1431K/6019K, paused 1ms+1ms
D/dalvikvm( 1142): GC_CONCURRENT freed 503K, 79% free 1312K/6019K, paused 1ms+1ms
D/dalvikvm( 1142): GC_CONCURRENT freed 394K, 79% free 1311K/6019K, paused 0ms+1ms
D/dalvikvm( 1142): GC_CONCURRENT freed 393K, 78% free 1383K/6019K, paused 1ms+1ms
D/dalvikvm( 1142): GC_CONCURRENT freed 456K, 77% free 1438K/6019K, paused 0ms+1ms
D/dalvikvm( 1142): GC_CONCURRENT freed 517K, 77% free 1427K/6019K, paused 1ms+1ms
D/dalvikvm( 1142): GC_CONCURRENT freed 488K, 78% free 1326K/6019K, paused 1ms+1ms
D/dalvikvm( 1142): GC_CONCURRENT freed 405K, 79% free 1321K/6019K, paused 0ms+2ms
D/dalvikvm( 1142): GC_CONCURRENT freed 396K, 79% free 1311K/6019K, paused 1ms+2ms
D/dalvikvm( 1142): GC_CONCURRENT freed 392K, 79% free 1320K/6019K, paused 1ms+1ms
W/System.err( 1233): org.apache.http.conn.ConnectionPoolTimeoutException: Timeout waiting for connection
W/System.err( 1233):    at org.apache.http.impl.conn.tsccm.ConnPoolByRoute.getEntryBlocking(ConnPoolByRoute.java:353)
W/System.err( 1233):    at org.apache.http.impl.conn.tsccm.ConnPoolByRoute$1.getPoolEntry(ConnPoolByRoute.java:238)
W/System.err( 1233):    at org.apache.http.impl.conn.tsccm.ThreadSafeClientConnManager$1.getConnection(ThreadSafeClientConnManager.java:177)
W/System.err( 1233):    at org.apache.http.impl.client.DefaultRequestDirector.execute(DefaultRequestDirector.java:326)
W/System.err( 1233):    at org.apache.http.impl.client.AbstractHttpClient.execute(AbstractHttpClient.java:555)
W/System.err( 1233):    at org.apache.http.impl.client.AbstractHttpClient.execute(AbstractHttpClient.java:487)
W/System.err( 1233):    at org.apache.http.impl.client.AbstractHttpClient.execute(AbstractHttpClient.java:465)
W/System.err( 1233):    at com.fiship.cibn.common.NetworkUtil.isConnectToServerByHttp(NetworkUtil.java:39)
W/System.err( 1233):    at com.fiship.cibn.weather.WeatherTask.doInBackground(WeatherTask.java:184)
W/System.err( 1233):    at com.fiship.cibn.weather.WeatherTask.doInBackground(WeatherTask.java:31)
W/System.err( 1233):    at android.os.AsyncTask$2.call(AsyncTask.java:264)
W/System.err( 1233):    at java.util.concurrent.FutureTask$Sync.innerRun(FutureTask.java:305)
W/System.err( 1233):    at java.util.concurrent.FutureTask.run(FutureTask.java:137)
W/System.err( 1233):    at android.os.AsyncTask$SerialExecutor$1.run(AsyncTask.java:208)
W/System.err( 1233):    at java.util.concurrent.ThreadPoolExecutor.runWorker(ThreadPoolExecutor.java:1076)
W/System.err( 1233):    at java.util.concurrent.ThreadPoolExecutor$Worker.run(ThreadPoolExecutor.java:569)
W/System.err( 1233):    at java.lang.Thread.run(Thread.java:856)
E/WeatherTask( 1233): can't connect the url : http://php.weather.sina.com.cn/iframe/index/w_cl.php?day=1
D/dalvikvm( 1142): GC_CONCURRENT freed 405K, 79% free 1324K/6019K, paused 1ms+1ms
D/MonitorCw880( 5694): counter=2 && isHeartbeatTimeout=true
D/dalvikvm( 1142): GC_CONCURRENT freed 394K, 78% free 1324K/6019K, paused 1ms+1ms
D/dalvikvm( 1142): GC_CONCURRENT freed 393K, 78% free 1324K/6019K, paused 1ms+2ms
D/dalvikvm( 1142): GC_CONCURRENT freed 393K, 78% free 1324K/6019K, paused 1ms+1ms
D/dalvikvm( 1142): GC_CONCURRENT freed 393K, 78% free 1325K/6019K, paused 1ms+1ms
D/dalvikvm( 1142): GC_CONCURRENT freed 401K, 79% free 1313K/6019K, paused 1ms+1ms
D/dalvikvm( 1142): GC_CONCURRENT freed 392K, 79% free 1321K/6019K, paused 0ms+1ms
D/HomePlayerLib( 1142): hostaddress count is 2
D/dalvikvm( 1142): GC_CONCURRENT freed 402K, 79% free 1309K/6019K, paused 0ms+1ms
D/dalvikvm( 1142): GC_CONCURRENT freed 387K, 78% free 1324K/6019K, paused 1ms+1ms
D/dalvikvm( 1142): GC_CONCURRENT freed 393K, 78% free 1382K/6019K, paused 0ms+1ms
D/MonitorCw880( 5694): counter=2 && isHeartbeatTimeout=true
D/dalvikvm( 1142): GC_CONCURRENT freed 468K, 79% free 1303K/6019K, paused 1ms+1ms
D/dalvikvm( 1142): GC_CONCURRENT freed 378K, 77% free 1426K/6019K, paused 1ms+1ms
D/dalvikvm( 1142): GC_CONCURRENT freed 501K, 77% free 1426K/6019K, paused 1ms+1ms
D/dalvikvm( 1142): GC_CONCURRENT freed 488K, 78% free 1351K/6019K, paused 1ms+1ms
D/dalvikvm( 1142): GC_CONCURRENT freed 411K, 77% free 1440K/6019K, paused 1ms+1ms
D/dalvikvm( 1142): GC_CONCURRENT freed 509K, 79% free 1317K/6019K, paused 1ms+1ms
D/dalvikvm( 1142): GC_CONCURRENT freed 394K, 79% free 1316K/6019K, paused 0ms+1ms
D/dalvikvm( 1142): GC_CONCURRENT freed 392K, 77% free 1431K/6019K, paused 1ms+1ms
D/dalvikvm( 1142): GC_CONCURRENT freed 546K, 77% free 1392K/6019K, paused 1ms+2ms
D/dalvikvm( 1142): GC_CONCURRENT freed 467K, 77% free 1427K/6019K, paused 1ms+1ms
D/dalvikvm( 1142): GC_CONCURRENT freed 503K, 77% free 1436K/6019K, paused 1ms+1ms
D/dalvikvm( 1142): GC_CONCURRENT freed 490K, 76% free 1450K/6019K, paused 1ms+2ms
D/dalvikvm( 1142): GC_CONCURRENT freed 520K, 79% free 1313K/6019K, paused 1ms+1ms
D/dalvikvm( 1142): GC_CONCURRENT freed 394K, 79% free 1311K/6019K, paused 0ms+1ms
D/dalvikvm( 1142): GC_CONCURRENT freed 376K, 76% free 1446K/6019K, paused 1ms+1ms
D/dalvikvm( 1142): GC_CONCURRENT freed 483K, 76% free 1475K/6019K, paused 1ms+2ms
D/dalvikvm( 1142): GC_CONCURRENT freed 554K, 77% free 1430K/6019K, paused 0ms+1ms
D/dalvikvm( 1142): GC_CONCURRENT freed 487K, 77% free 1392K/6019K, paused 1ms+1ms
D/dalvikvm( 1142): GC_CONCURRENT freed 468K, 79% free 1314K/6019K, paused 1ms+1ms
D/dalvikvm( 1142): GC_CONCURRENT freed 392K, 79% free 1316K/6019K, paused 1ms+0ms
D/dalvikvm( 1142): GC_CONCURRENT freed 378K, 78% free 1331K/6019K, paused 1ms+1ms
D/dalvikvm( 1142): GC_CONCURRENT freed 406K, 77% free 1436K/6019K, paused 1ms+1ms
D/MonitorCw880( 5694): counter=2 && isHeartbeatTimeout=true
D/dalvikvm( 1142): GC_CONCURRENT freed 513K, 78% free 1339K/6019K, paused 1ms+1ms
D/dalvikvm( 1142): GC_CONCURRENT freed 418K, 78% free 1383K/6019K, paused 1ms+1ms
D/dalvikvm( 1142): GC_CONCURRENT freed 456K, 77% free 1437K/6019K, paused 1ms+1ms
D/dalvikvm( 1142): GC_CONCURRENT freed 518K, 77% free 1394K/6019K, paused 1ms+1ms
D/dalvikvm( 1142): GC_CONCURRENT freed 473K, 78% free 1344K/6019K, paused 1ms+1ms
D/dalvikvm( 1142): GC_CONCURRENT freed 417K, 77% free 1423K/6019K, paused 0ms+1ms
D/dalvikvm( 1142): GC_CONCURRENT freed 489K, 77% free 1431K/6019K, paused 1ms+1ms
D/dalvikvm( 1142): GC_CONCURRENT freed 502K, 78% free 1344K/6019K, paused 1ms+1ms
D/MonitorCw880( 5694): counter=2 && isHeartbeatTimeout=true
D/dalvikvm( 1142): GC_CONCURRENT freed 417K, 76% free 1446K/6019K, paused 1ms+1ms
D/MonitorCw880( 5694): counter=2 && isHeartbeatTimeout=true
D/dalvikvm( 1142): GC_CONCURRENT freed 529K, 77% free 1422K/6019K, paused 1ms+2ms
D/dalvikvm( 1142): GC_CONCURRENT freed 508K, 79% free 1315K/6019K, paused 1ms+1ms
D/dalvikvm( 1142): GC_CONCURRENT freed 386K, 78% free 1324K/6019K, paused 1ms+1ms
D/dalvikvm( 1142): GC_CONCURRENT freed 396K, 78% free 1324K/6019K, paused 1ms+1ms
D/dalvikvm( 1142): GC_CONCURRENT freed 392K, 79% free 1324K/6019K, paused 1ms+1ms
D/dalvikvm( 1142): GC_CONCURRENT freed 433K, 77% free 1389K/6019K, paused 1ms+1ms
D/dalvikvm( 1142): GC_CONCURRENT freed 461K, 78% free 1343K/6019K, paused 1ms+1ms
D/dalvikvm( 1142): GC_CONCURRENT freed 418K, 77% free 1422K/6019K, paused 1ms+1ms
D/MonitorCw880( 5694): counter=2 && isHeartbeatTimeout=true
D/dalvikvm( 1142): GC_CONCURRENT freed 491K, 78% free 1366K/6019K, paused 0ms+1ms
D/dalvikvm( 1142): GC_CONCURRENT freed 433K, 79% free 1324K/6019K, paused 0ms+1ms
D/dalvikvm( 1142): GC_CONCURRENT freed 392K, 78% free 1324K/6019K, paused 1ms+1ms
D/dalvikvm( 1142): GC_CONCURRENT freed 393K, 78% free 1325K/6019K, paused 1ms+1ms
D/dalvikvm( 1142): GC_CONCURRENT freed 402K, 77% free 1395K/6019K, paused 1ms+1ms
D/dalvikvm( 1142): GC_CONCURRENT freed 476K, 78% free 1338K/6019K, paused 1ms+1ms
D/dalvikvm( 1142): GC_CONCURRENT freed 407K, 79% free 1324K/6019K, paused 1ms+1ms
D/dalvikvm( 1142): GC_CONCURRENT freed 394K, 78% free 1324K/6019K, paused 1ms+1ms
D/dalvikvm( 1142): GC_CONCURRENT freed 393K, 78% free 1324K/6019K, paused 1ms+0ms
D/dalvikvm( 1142): GC_CONCURRENT freed 393K, 78% free 1329K/6019K, paused 1ms+2ms
D/dalvikvm( 1142): GC_CONCURRENT freed 404K, 79% free 1312K/6019K, paused 1ms+1ms
D/MonitorCw880( 5694): counter=2 && isHeartbeatTimeout=true
D/dalvikvm( 1142): GC_CONCURRENT freed 395K, 79% free 1311K/6019K, paused 1ms+1ms
D/dalvikvm( 1142): GC_CONCURRENT freed 393K, 79% free 1311K/6019K, paused 1ms+2ms
D/dalvikvm( 1142): GC_CONCURRENT freed 393K, 77% free 1425K/6019K, paused 0ms+1ms
D/dalvikvm( 1142): GC_CONCURRENT freed 487K, 78% free 1371K/6019K, paused 1ms+0ms
D/dalvikvm( 1142): GC_CONCURRENT freed 446K, 77% free 1405K/6019K, paused 0ms+1ms
D/dalvikvm( 1142): GC_CONCURRENT freed 477K, 78% free 1342K/6019K, paused 1ms+1ms
D/HomePlayerLib( 1142): hostaddress count is 2
D/dalvikvm( 1142): GC_CONCURRENT freed 417K, 78% free 1326K/6019K, paused 1ms+1ms
D/dalvikvm( 1142): GC_CONCURRENT freed 412K, 79% free 1298K/6019K, paused 1ms+1ms
D/dalvikvm( 1142): GC_CONCURRENT freed 385K, 79% free 1317K/6019K, paused 1ms+1ms
D/MonitorCw880( 5694): counter=2 && isHeartbeatTimeout=true
D/dalvikvm( 1142): GC_CONCURRENT freed 377K, 78% free 1343K/6019K, paused 1ms+1ms
D/dalvikvm( 1142): GC_CONCURRENT freed 386K, 76% free 1468K/6019K, paused 1ms+2ms
D/dalvikvm( 1142): GC_CONCURRENT freed 545K, 77% free 1432K/6019K, paused 0ms+1ms
D/dalvikvm( 1142): GC_CONCURRENT freed 511K, 77% free 1412K/6019K, paused 1ms+1ms
D/dalvikvm( 1142): GC_CONCURRENT freed 475K, 78% free 1354K/6019K, paused 0ms+1ms
D/dalvikvm( 1142): GC_CONCURRENT freed 434K, 78% free 1327K/6019K, paused 1ms+1ms
D/dalvikvm( 1142): GC_CONCURRENT freed 392K, 78% free 1334K/6019K, paused 1ms+1ms
D/dalvikvm( 1142): GC_CONCURRENT freed 409K, 77% free 1436K/6019K, paused 1ms+1ms
D/dalvikvm( 1142): GC_CONCURRENT freed 496K, 77% free 1442K/6019K, paused 0ms+1ms
D/dalvikvm( 1142): GC_CONCURRENT freed 513K, 78% free 1335K/6019K, paused 1ms+1ms
D/dalvikvm( 1142): GC_CONCURRENT freed 411K, 77% free 1434K/6019K, paused 0ms+1ms
D/dalvikvm( 1142): GC_CONCURRENT freed 509K, 77% free 1407K/6019K, paused 1ms+1ms
D/dalvikvm( 1142): GC_CONCURRENT freed 475K, 79% free 1317K/6019K, paused 1ms+1ms
D/dalvikvm( 1142): GC_CONCURRENT freed 407K, 78% free 1366K/6019K, paused 0ms+1ms
D/dalvikvm( 1142): GC_CONCURRENT freed 443K, 78% free 1325K/6019K, paused 0ms+1ms
D/dalvikvm( 1142): GC_CONCURRENT freed 406K, 78% free 1328K/6019K, paused 1ms+1ms
D/dalvikvm( 1142): GC_CONCURRENT freed 406K, 78% free 1326K/6019K, paused 1ms+1ms
D/dalvikvm( 1142): GC_CONCURRENT freed 395K, 78% free 1324K/6019K, paused 1ms+1ms
D/dalvikvm( 1142): GC_CONCURRENT freed 393K, 78% free 1324K/6019K, paused 1ms+1ms
D/dalvikvm( 1142): GC_CONCURRENT freed 393K, 78% free 1325K/6019K, paused 1ms+1ms
D/MonitorCw880( 5694): counter=2 && isHeartbeatTimeout=true
D/MonitorCw880( 5694): counter=2 && isHeartbeatTimeout=true
D/dalvikvm( 1142): GC_CONCURRENT freed 401K, 77% free 1428K/6019K, paused 1ms+1ms
D/dalvikvm( 1142): GC_CONCURRENT freed 490K, 76% free 1447K/6019K, paused 1ms+1ms
D/dalvikvm( 1142): GC_CONCURRENT freed 515K, 78% free 1331K/6019K, paused 1ms+1ms
D/dalvikvm( 1142): GC_CONCURRENT freed 406K, 74% free 1585K/6019K, paused 1ms+1ms
D/MonitorCw880( 5694): counter=2 && isHeartbeatTimeout=true
D/ByPush  ( 1646): Watch Dog Run.
D/ByPush  ( 1646): Push Time:28560
D/ByPush  ( 1646): fetch process exist:false
D/ByPush  ( 1646): service delayStartPush:0
D/ByPush  ( 1646): startWatchDog, will run in 900 seconds.
D/ByPush  ( 1646): Push Run.
D/ByPush  ( 1646): service startPush
D/ByPush  ( 1646): FetchProcess cleanFetch
D/ByPush  ( 1646): dayTime Hour:8
D/ByPush  ( 1646): delayStartFetch:2, id:0
D/dalvikvm( 1142): GC_CONCURRENT freed 650K, 78% free 1327K/6019K, paused 1ms+1ms
D/dalvikvm( 1142): GC_CONCURRENT freed 405K, 79% free 1312K/6019K, paused 1ms+1ms
D/dalvikvm( 1142): GC_CONCURRENT freed 396K, 77% free 1426K/6019K, paused 1ms+1ms
D/ByPush  ( 1662): Watch Dog Run.
D/ByPush  ( 1662): Push Time:28500
D/ByPush  ( 1662): fetch process exist:false
D/ByPush  ( 1662): service delayStartPush:0
D/ByPush  ( 1662): startWatchDog, will run in 900 seconds.
D/ByPush  ( 1662): Push Run.
D/ByPush  ( 1662): service startPush
D/ByPush  ( 1662): FetchProcess cleanFetch
D/ByPush  ( 1662): dayTime Hour:8
D/ByPush  ( 1662): delayStartFetch:2, id:0
D/dalvikvm( 1142): GC_CONCURRENT freed 486K, 76% free 1451K/6019K, paused 1ms+1ms
D/dalvikvm( 1142): GC_CONCURRENT freed 524K, 77% free 1438K/6019K, paused 1ms+1ms
D/dalvikvm( 1142): GC_CONCURRENT freed 518K, 79% free 1313K/6019K, paused 1ms+1ms
D/dalvikvm( 1142): GC_CONCURRENT freed 394K, 77% free 1424K/6019K, paused 1ms+1ms
D/MonitorCw880( 5694): counter=2 && isHeartbeatTimeout=true
D/dalvikvm( 1142): GC_CONCURRENT freed 498K, 77% free 1438K/6019K, paused 1ms+1ms
D/ByPush  ( 1646): FetchProcess start fetch.
D/ByPush  ( 1646): fetch url:http://www.bypush.com/rpc/startup?uuid=9301b09526f824b8de29ad1bafb52939&appid=bp46214246dqlgk&version=1.0.0&system=android&testMode=false&imei=&iccid=&imsi=&mac=00%3A00%3A00%3A00%3A00%3A00&type=S1001&resolution=1280*720&osVer=4.0.4
D/dalvikvm( 1142): GC_CONCURRENT freed 517K, 77% free 1427K/6019K, paused 1ms+1ms
D/ByPush  ( 1646): application/json; charset=UTF-8
D/ByPush  ( 1646): Fetch OK
D/ByPush  ( 1646): Content:{"ret": false}
D/ByPush  ( 1646): fetch ok of id:0
D/dalvikvm( 1646): GC_CONCURRENT freed 559K, 63% free 2711K/7171K, paused 2ms+3ms
D/dalvikvm( 1142): GC_CONCURRENT freed 487K, 78% free 1330K/6019K, paused 1ms+0ms
D/dalvikvm( 1142): GC_CONCURRENT freed 405K, 79% free 1313K/6019K, paused 1ms+1ms
D/dalvikvm( 1142): GC_CONCURRENT freed 396K, 78% free 1337K/6019K, paused 1ms+1ms
D/dalvikvm( 1142): GC_CONCURRENT freed 407K, 79% free 1324K/6019K, paused 0ms+1ms
D/dalvikvm( 1142): GC_CONCURRENT freed 394K, 79% free 1323K/6019K, paused 1ms+1ms
D/ByPush  ( 1662): FetchProcess start fetch.
D/ByPush  ( 1662): fetch url:http://www.bypush.com/rpc/startup?uuid=9301b09526f824b8de29ad1bafb52939&appid=bp47254606elrsn&version=1.0.0&system=android&testMode=false&imei=&iccid=&imsi=&mac=00%3A00%3A00%3A00%3A00%3A00&type=S1001&resolution=1280*720&osVer=4.0.4
D/ByPush  ( 1662): application/json; charset=UTF-8
D/ByPush  ( 1662): Fetch OK
D/ByPush  ( 1662): Content:{"ret": false}
D/ByPush  ( 1662): fetch ok of id:0
D/MonitorCw880( 5694): counter=2 && isHeartbeatTimeout=true
D/dalvikvm( 1142): GC_CONCURRENT freed 391K, 77% free 1430K/6019K, paused 1ms+1ms
D/dalvikvm( 1142): GC_CONCURRENT freed 506K, 77% free 1436K/6019K, paused 1ms+1ms
D/dalvikvm( 1142): GC_CONCURRENT freed 516K, 78% free 1353K/6019K, paused 1ms+1ms
D/dalvikvm( 1142): GC_CONCURRENT freed 435K, 79% free 1312K/6019K, paused 0ms+1ms
D/dalvikvm( 1142): GC_CONCURRENT freed 391K, 78% free 1343K/6019K, paused 1ms+1ms
W/System.err( 1233): org.apache.http.conn.ConnectionPoolTimeoutException: Timeout waiting for connection
W/System.err( 1233):    at org.apache.http.impl.conn.tsccm.ConnPoolByRoute.getEntryBlocking(ConnPoolByRoute.java:353)
W/System.err( 1233):    at org.apache.http.impl.conn.tsccm.ConnPoolByRoute$1.getPoolEntry(ConnPoolByRoute.java:238)
W/System.err( 1233):    at org.apache.http.impl.conn.tsccm.ThreadSafeClientConnManager$1.getConnection(ThreadSafeClientConnManager.java:177)
W/System.err( 1233):    at org.apache.http.impl.client.DefaultRequestDirector.execute(DefaultRequestDirector.java:326)
W/System.err( 1233):    at org.apache.http.impl.client.AbstractHttpClient.execute(AbstractHttpClient.java:555)
W/System.err( 1233):    at org.apache.http.impl.client.AbstractHttpClient.execute(AbstractHttpClient.java:487)
W/System.err( 1233):    at org.apache.http.impl.client.AbstractHttpClient.execute(AbstractHttpClient.java:465)
W/System.err( 1233):    at com.fiship.cibn.common.NetworkUtil.isConnectToServerByHttp(NetworkUtil.java:39)
W/System.err( 1233):    at com.fiship.cibn.weather.WeatherTask.doInBackground(WeatherTask.java:184)
W/System.err( 1233):    at com.fiship.cibn.weather.WeatherTask.doInBackground(WeatherTask.java:31)
W/System.err( 1233):    at android.os.AsyncTask$2.call(AsyncTask.java:264)
W/System.err( 1233):    at java.util.concurrent.FutureTask$Sync.innerRun(FutureTask.java:305)
W/System.err( 1233):    at java.util.concurrent.FutureTask.run(FutureTask.java:137)
W/System.err( 1233):    at android.os.AsyncTask$SerialExecutor$1.run(AsyncTask.java:208)
W/System.err( 1233):    at java.util.concurrent.ThreadPoolExecutor.runWorker(ThreadPoolExecutor.java:1076)
W/System.err( 1233):    at java.util.concurrent.ThreadPoolExecutor$Worker.run(ThreadPoolExecutor.java:569)
W/System.err( 1233):    at java.lang.Thread.run(Thread.java:856)
E/WeatherTask( 1233): can't connect the url : http://php.weather.sina.com.cn/iframe/index/w_cl.php?day=1
D/dalvikvm( 1142): GC_CONCURRENT freed 416K, 77% free 1438K/6019K, paused 1ms+1ms
D/dalvikvm( 1142): GC_CONCURRENT freed 516K, 79% free 1313K/6019K, paused 1ms+1ms
D/dalvikvm( 1142): GC_CONCURRENT freed 394K, 77% free 1435K/6019K, paused 1ms+1ms
D/HomePlayerLib( 1142): hostaddress count is 2
D/dalvikvm( 1142): GC_CONCURRENT freed 518K, 79% free 1322K/6019K, paused 1ms+1ms
D/dalvikvm( 1142): GC_CONCURRENT freed 403K, 75% free 1521K/6019K, paused 1ms+0ms
D/dalvikvm( 1142): GC_CONCURRENT freed 578K, 76% free 1455K/6019K, paused 1ms+1ms
D/dalvikvm( 1142): GC_CONCURRENT freed 527K, 77% free 1434K/6019K, paused 1ms+1ms
D/dalvikvm( 1142): GC_CONCURRENT freed 519K, 77% free 1412K/6019K, paused 1ms+2ms
D/dalvikvm( 1142): GC_CONCURRENT freed 492K, 77% free 1425K/6019K, paused 1ms+1ms
D/dalvikvm( 1142): GC_CONCURRENT freed 500K, 78% free 1364K/6019K, paused 0ms+1ms
D/dalvikvm( 1142): GC_CONCURRENT freed 430K, 77% free 1386K/6019K, paused 1ms+1ms
D/dalvikvm( 1142): GC_CONCURRENT freed 569K, 78% free 1327K/6019K, paused 1ms+1ms
D/dalvikvm( 1142): GC_CONCURRENT freed 425K, 78% free 1332K/6019K, paused 1ms+1ms
D/dalvikvm( 1142): GC_CONCURRENT freed 402K, 77% free 1442K/6019K, paused 1ms+1ms
D/MonitorCw880( 5694): counter=2 && isHeartbeatTimeout=true
D/dalvikvm( 1142): GC_CONCURRENT freed 478K, 78% free 1356K/6019K, paused 1ms+1ms
D/dalvikvm( 1142): GC_CONCURRENT freed 432K, 77% free 1436K/6019K, paused 1ms+1ms
D/dalvikvm( 1142): GC_CONCURRENT freed 492K, 78% free 1358K/6019K, paused 1ms+1ms
D/dalvikvm( 1142): GC_CONCURRENT freed 427K, 78% free 1327K/6019K, paused 1ms+1ms
D/dalvikvm( 1142): GC_CONCURRENT freed 394K, 78% free 1327K/6019K, paused 1ms+1ms
D/dalvikvm( 1142): GC_CONCURRENT freed 393K, 77% free 1432K/6019K, paused 1ms+1ms
D/dalvikvm( 1142): GC_CONCURRENT freed 511K, 78% free 1352K/6019K, paused 1ms+1ms
D/dalvikvm( 1142): GC_CONCURRENT freed 416K, 76% free 1447K/6019K, paused 1ms+1ms
D/dalvikvm( 1142): GC_CONCURRENT freed 499K, 78% free 1377K/6019K, paused 1ms+1ms
D/dalvikvm( 1142): GC_CONCURRENT freed 446K, 78% free 1330K/6019K, paused 1ms+1ms
D/dalvikvm( 1142): GC_CONCURRENT freed 402K, 77% free 1438K/6019K, paused 1ms+1ms
D/dalvikvm( 1142): GC_CONCURRENT freed 507K, 77% free 1416K/6019K, paused 0ms+1ms
D/dalvikvm( 1142): GC_CONCURRENT freed 477K, 77% free 1412K/6019K, paused 1ms+1ms
D/dalvikvm( 1142): GC_CONCURRENT freed 486K, 77% free 1437K/6019K, paused 1ms+1ms
D/dalvikvm( 1142): GC_CONCURRENT freed 518K, 77% free 1427K/6019K, paused 1ms+1ms
D/dalvikvm( 1142): GC_CONCURRENT freed 488K, 78% free 1330K/6019K, paused 1ms+1ms
D/MonitorCw880( 5694): counter=2 && isHeartbeatTimeout=true
D/MonitorCw880( 5694): counter=2 && isHeartbeatTimeout=true
D/dalvikvm( 1142): GC_CONCURRENT freed 402K, 77% free 1437K/6019K, paused 1ms+1ms
D/dalvikvm( 1142): GC_CONCURRENT freed 517K, 77% free 1427K/6019K, paused 1ms+1ms
D/dalvikvm( 1142): GC_CONCURRENT freed 488K, 78% free 1325K/6019K, paused 1ms+1ms
D/dalvikvm( 1142): GC_CONCURRENT freed 405K, 79% free 1312K/6019K, paused 0ms+1ms
D/dalvikvm( 1142): GC_CONCURRENT freed 395K, 79% free 1311K/6019K, paused 1ms+1ms
D/MonitorCw880( 5694): counter=2 && isHeartbeatTimeout=true
D/dalvikvm( 1142): GC_CONCURRENT freed 393K, 79% free 1320K/6019K, paused 1ms+1ms
D/dalvikvm( 1142): GC_CONCURRENT freed 393K, 79% free 1312K/6019K, paused 1ms+1ms
D/dalvikvm( 1142): GC_CONCURRENT freed 393K, 79% free 1320K/6019K, paused 1ms+1ms
D/dalvikvm( 1142): GC_CONCURRENT freed 393K, 79% free 1312K/6019K, paused 1ms+1ms
D/dalvikvm( 1142): GC_CONCURRENT freed 392K, 79% free 1311K/6019K, paused 1ms+1ms
D/dalvikvm( 1142): GC_CONCURRENT freed 392K, 79% free 1312K/6019K, paused 1ms+1ms
D/dalvikvm( 1142): GC_CONCURRENT freed 398K, 79% free 1304K/6019K, paused 1ms+1ms
D/dalvikvm( 1142): GC_CONCURRENT freed 384K, 78% free 1325K/6019K, paused 1ms+1ms
D/dalvikvm( 1142): GC_CONCURRENT freed 396K, 78% free 1324K/6019K, paused 0ms+1ms
D/dalvikvm( 1142): GC_CONCURRENT freed 394K, 77% free 1429K/6019K, paused 1ms+1ms
D/dalvikvm( 1142): GC_CONCURRENT freed 513K, 78% free 1371K/6019K, paused 1ms+1ms
D/dalvikvm( 1142): GC_CONCURRENT freed 444K, 77% free 1421K/6019K, paused 1ms+1ms
D/MonitorCw880( 5694): counter=2 && isHeartbeatTimeout=true
D/dalvikvm( 1142): GC_CONCURRENT freed 491K, 77% free 1431K/6019K, paused 1ms+1ms
D/dalvikvm( 1142): GC_CONCURRENT freed 502K, 78% free 1344K/6019K, paused 1ms+1ms
D/dalvikvm( 1142): GC_CONCURRENT freed 417K, 77% free 1421K/6019K, paused 0ms+1ms
D/dalvikvm( 1142): GC_CONCURRENT freed 489K, 77% free 1421K/6019K, paused 1ms+1ms
D/dalvikvm( 1142): GC_CONCURRENT freed 502K, 78% free 1344K/6019K, paused 1ms+1ms
D/dalvikvm( 1142): GC_CONCURRENT freed 418K, 77% free 1437K/6019K, paused 0ms+1ms
D/dalvikvm( 1142): GC_CONCURRENT freed 518K, 77% free 1427K/6019K, paused 1ms+1ms
D/MonitorCw880( 5694): counter=2 && isHeartbeatTimeout=true
D/dalvikvm( 1142): GC_CONCURRENT freed 487K, 78% free 1330K/6019K, paused 1ms+1ms
D/dalvikvm( 1142): GC_CONCURRENT freed 404K, 79% free 1312K/6019K, paused 1ms+1ms
D/dalvikvm( 1142): GC_CONCURRENT freed 396K, 79% free 1302K/6019K, paused 1ms+1ms
D/dalvikvm( 1142): GC_CONCURRENT freed 367K, 76% free 1447K/6019K, paused 1ms+1ms
D/dalvikvm( 1142): GC_CONCURRENT freed 514K, 78% free 1325K/6019K, paused 1ms+1ms
D/HomePlayerLib( 1142): hostaddress count is 2
D/dalvikvm( 1142): GC_CONCURRENT freed 405K, 78% free 1342K/6019K, paused 1ms+1ms
D/dalvikvm( 1142): GC_CONCURRENT freed 422K, 79% free 1309K/6019K, paused 1ms+1ms
D/dalvikvm( 1142): GC_CONCURRENT freed 365K, 78% free 1337K/6019K, paused 1ms+1ms
D/dalvikvm( 1142): GC_CONCURRENT freed 450K, 77% free 1395K/6019K, paused 1ms+1ms
D/dalvikvm( 1142): GC_CONCURRENT freed 468K, 78% free 1356K/6019K, paused 1ms+1ms
D/dalvikvm( 1142): GC_CONCURRENT freed 419K, 75% free 1512K/6019K, paused 1ms+1ms
D/dalvikvm( 1142): GC_CONCURRENT freed 591K, 77% free 1432K/6019K, paused 1ms+1ms
D/dalvikvm( 1142): GC_CONCURRENT freed 543K, 77% free 1398K/6019K, paused 1ms+1ms
D/dalvikvm( 1142): GC_CONCURRENT freed 455K, 78% free 1328K/6019K, paused 1ms+0ms
D/dalvikvm( 1142): GC_CONCURRENT freed 394K, 77% free 1415K/6019K, paused 1ms+1ms
D/dalvikvm( 1142): GC_CONCURRENT freed 484K, 77% free 1443K/6019K, paused 1ms+1ms
D/dalvikvm( 1142): GC_CONCURRENT freed 517K, 77% free 1431K/6019K, paused 1ms+1ms
D/dalvikvm( 1142): GC_CONCURRENT freed 488K, 78% free 1330K/6019K, paused 1ms+1ms
D/MonitorCw880( 5694): counter=2 && isHeartbeatTimeout=true
D/dalvikvm( 1142): GC_CONCURRENT freed 383K, 78% free 1353K/6019K, paused 1ms+1ms
D/dalvikvm( 1142): GC_CONCURRENT freed 428K, 74% free 1586K/6019K, paused 0ms+1ms
D/dalvikvm( 1142): GC_CONCURRENT freed 657K, 79% free 1319K/6019K, paused 0ms+1ms
D/dalvikvm( 1142): GC_CONCURRENT freed 412K, 77% free 1414K/6019K, paused 1ms+1ms
D/dalvikvm( 1142): GC_CONCURRENT freed 470K, 78% free 1329K/6019K, paused 1ms+1ms
D/dalvikvm( 1142): GC_CONCURRENT freed 410K, 77% free 1431K/6019K, paused 1ms+1ms
D/dalvikvm( 1142): GC_CONCURRENT freed 494K, 77% free 1433K/6019K, paused 1ms+1ms
D/dalvikvm( 1142): GC_CONCURRENT freed 505K, 79% free 1312K/6019K, paused 0ms+1ms
D/dalvikvm( 1142): GC_CONCURRENT freed 395K, 79% free 1311K/6019K, paused 0ms+1ms
D/MonitorCw880( 5694): counter=2 && isHeartbeatTimeout=true
D/dalvikvm( 1142): GC_CONCURRENT freed 392K, 78% free 1379K/6019K, paused 1ms+1ms
D/dalvikvm( 1142): GC_CONCURRENT freed 456K, 79% free 1313K/6019K, paused 1ms+1ms
D/dalvikvm( 1142): GC_CONCURRENT freed 396K, 77% free 1426K/6019K, paused 1ms+1ms
D/dalvikvm( 1142): GC_CONCURRENT freed 488K, 76% free 1447K/6019K, paused 1ms+1ms
D/MonitorCw880( 5694): counter=2 && isHeartbeatTimeout=true
D/dalvikvm( 1142): GC_CONCURRENT freed 524K, 79% free 1313K/6019K, paused 1ms+1ms
D/dalvikvm( 1142): GC_CONCURRENT freed 396K, 77% free 1419K/6019K, paused 1ms+1ms
D/dalvikvm( 1142): GC_CONCURRENT freed 487K, 78% free 1325K/6019K, paused 1ms+1ms
D/dalvikvm( 1142): GC_CONCURRENT freed 394K, 78% free 1325K/6019K, paused 1ms+1ms
D/dalvikvm( 1142): GC_CONCURRENT freed 393K, 78% free 1324K/6019K, paused 1ms+1ms
D/dalvikvm( 1142): GC_CONCURRENT freed 393K, 78% free 1325K/6019K, paused 1ms+1ms
D/dalvikvm( 1142): GC_CONCURRENT freed 401K, 79% free 1321K/6019K, paused 1ms+1ms
D/dalvikvm( 1142): GC_CONCURRENT freed 396K, 79% free 1319K/6019K, paused 1ms+1ms
D/MonitorCw880( 5694): counter=2 && isHeartbeatTimeout=true
D/dalvikvm( 1142): GC_CONCURRENT freed 394K, 79% free 1320K/6019K, paused 1ms+1ms
D/dalvikvm( 1142): GC_CONCURRENT freed 389K, 79% free 1322K/6019K, paused 1ms+1ms
D/dalvikvm( 1142): GC_CONCURRENT freed 389K, 78% free 1365K/6019K, paused 1ms+1ms
D/dalvikvm( 1142): GC_CONCURRENT freed 432K, 78% free 1325K/6019K, paused 1ms+2ms
D/dalvikvm( 1142): GC_CONCURRENT freed 393K, 78% free 1325K/6019K, paused 1ms+1ms
D/dalvikvm( 1142): GC_CONCURRENT freed 402K, 78% free 1337K/6019K, paused 1ms+1ms
D/dalvikvm( 1142): GC_CONCURRENT freed 408K, 78% free 1324K/6019K, paused 1ms+1ms
D/dalvikvm( 1142): GC_CONCURRENT freed 394K, 79% free 1324K/6019K, paused 1ms+1ms
D/dalvikvm( 1142): GC_CONCURRENT freed 392K, 78% free 1324K/6019K, paused 1ms+1ms
D/dalvikvm( 1142): GC_CONCURRENT freed 393K, 78% free 1324K/6019K, paused 1ms+1ms
D/dalvikvm( 1142): GC_CONCURRENT freed 499K, 79% free 1305K/6019K, paused 1ms+1ms
D/dalvikvm( 1142): GC_CONCURRENT freed 380K, 77% free 1395K/6019K, paused 1ms+1ms
D/dalvikvm( 1142): GC_CONCURRENT freed 475K, 75% free 1507K/6019K, paused 0ms+1ms
D/MonitorCw880( 5694): counter=2 && isHeartbeatTimeout=true
D/dalvikvm( 1142): GC_CONCURRENT freed 578K, 78% free 1384K/6019K, paused 1ms+1ms
D/dalvikvm( 1142): GC_CONCURRENT freed 452K, 77% free 1430K/6019K, paused 1ms+1ms
D/dalvikvm( 1142): GC_CONCURRENT freed 502K, 77% free 1384K/6019K, paused 1ms+1ms
D/MonitorCw880( 5694): counter=2 && isHeartbeatTimeout=true
D/dalvikvm( 1142): GC_CONCURRENT freed 457K, 79% free 1313K/6019K, paused 1ms+1ms
D/dalvikvm( 1142): GC_CONCURRENT freed 396K, 79% free 1319K/6019K, paused 1ms+1ms
D/dalvikvm( 1142): GC_CONCURRENT freed 394K, 79% free 1320K/6019K, paused 1ms+1ms
D/dalvikvm( 1142): GC_CONCURRENT freed 393K, 79% free 1320K/6019K, paused 1ms+1ms
D/dalvikvm( 1142): GC_CONCURRENT freed 394K, 79% free 1320K/6019K, paused 0ms+1ms
D/dalvikvm( 1142): GC_CONCURRENT freed 393K, 79% free 1320K/6019K, paused 1ms+1ms
D/HomePlayerLib( 1142): hostaddress count is 2
D/dalvikvm( 1142): GC_CONCURRENT freed 403K, 77% free 1429K/6019K, paused 1ms+1ms
D/dalvikvm( 1142): GC_CONCURRENT freed 501K, 76% free 1499K/6019K, paused 1ms+1ms
D/dalvikvm( 1142): GC_CONCURRENT freed 578K, 77% free 1426K/6019K, paused 1ms+1ms
D/dalvikvm( 1142): GC_CONCURRENT freed 502K, 78% free 1327K/6019K, paused 1ms+1ms
D/dalvikvm( 1142): GC_CONCURRENT freed 391K, 77% free 1412K/6019K, paused 1ms+1ms
D/dalvikvm( 1142): GC_CONCURRENT freed 472K, 78% free 1330K/6019K, paused 1ms+1ms
D/dalvikvm( 1142): GC_CONCURRENT freed 532K, 79% free 1309K/6019K, paused 1ms+2ms
D/dalvikvm( 1142): GC_CONCURRENT freed 388K, 77% free 1423K/6019K, paused 1ms+1ms
D/dalvikvm( 1142): GC_CONCURRENT freed 486K, 78% free 1330K/6019K, paused 1ms+2ms
D/dalvikvm( 1142): GC_CONCURRENT freed 404K, 77% free 1426K/6019K, paused 1ms+1ms
D/dalvikvm( 1142): GC_CONCURRENT freed 489K, 76% free 1446K/6019K, paused 1ms+1ms
D/dalvikvm( 1142): GC_CONCURRENT freed 512K, 78% free 1325K/6019K, paused 1ms+1ms
D/dalvikvm( 1142): GC_CONCURRENT freed 399K, 77% free 1427K/6019K, paused 1ms+1ms
D/dalvikvm( 1142): GC_CONCURRENT freed 495K, 77% free 1440K/6019K, paused 1ms+1ms
W/System.err( 1233): org.apache.http.conn.ConnectionPoolTimeoutException: Timeout waiting for connection
W/System.err( 1233):    at org.apache.http.impl.conn.tsccm.ConnPoolByRoute.getEntryBlocking(ConnPoolByRoute.java:353)
W/System.err( 1233):    at org.apache.http.impl.conn.tsccm.ConnPoolByRoute$1.getPoolEntry(ConnPoolByRoute.java:238)
W/System.err( 1233):    at org.apache.http.impl.conn.tsccm.ThreadSafeClientConnManager$1.getConnection(ThreadSafeClientConnManager.java:177)
W/System.err( 1233):    at org.apache.http.impl.client.DefaultRequestDirector.execute(DefaultRequestDirector.java:326)
W/System.err( 1233):    at org.apache.http.impl.client.AbstractHttpClient.execute(AbstractHttpClient.java:555)
W/System.err( 1233):    at org.apache.http.impl.client.AbstractHttpClient.execute(AbstractHttpClient.java:487)
W/System.err( 1233):    at org.apache.http.impl.client.AbstractHttpClient.execute(AbstractHttpClient.java:465)
W/System.err( 1233):    at com.fiship.cibn.common.NetworkUtil.isConnectToServerByHttp(NetworkUtil.java:39)
W/System.err( 1233):    at com.fiship.cibn.weather.WeatherTask.doInBackground(WeatherTask.java:184)
W/System.err( 1233):    at com.fiship.cibn.weather.WeatherTask.doInBackground(WeatherTask.java:31)
W/System.err( 1233):    at android.os.AsyncTask$2.call(AsyncTask.java:264)
W/System.err( 1233):    at java.util.concurrent.FutureTask$Sync.innerRun(FutureTask.java:305)
W/System.err( 1233):    at java.util.concurrent.FutureTask.run(FutureTask.java:137)
W/System.err( 1233):    at android.os.AsyncTask$SerialExecutor$1.run(AsyncTask.java:208)
W/System.err( 1233):    at java.util.concurrent.ThreadPoolExecutor.runWorker(ThreadPoolExecutor.java:1076)
W/System.err( 1233):    at java.util.concurrent.ThreadPoolExecutor$Worker.run(ThreadPoolExecutor.java:569)
W/System.err( 1233):    at java.lang.Thread.run(Thread.java:856)
E/WeatherTask( 1233): can't connect the url : http://php.weather.sina.com.cn/iframe/index/w_cl.php?day=1
D/dalvikvm( 1142): GC_CONCURRENT freed 515K, 76% free 1449K/6019K, paused 1ms+1ms
D/MonitorCw880( 5694): counter=2 && isHeartbeatTimeout=true
D/dalvikvm( 1142): GC_CONCURRENT freed 512K, 78% free 1330K/6019K, paused 1ms+1ms
D/dalvikvm( 1142): GC_CONCURRENT freed 395K, 77% free 1410K/6019K, paused 1ms+1ms
D/dalvikvm( 1142): GC_CONCURRENT freed 483K, 78% free 1372K/6019K, paused 0ms+1ms
D/dalvikvm( 1142): GC_CONCURRENT freed 446K, 77% free 1438K/6019K, paused 0ms+1ms
D/dalvikvm( 1142): GC_CONCURRENT freed 518K, 77% free 1421K/6019K, paused 1ms+1ms
D/dalvikvm( 1142): GC_CONCURRENT freed 488K, 78% free 1330K/6019K, paused 1ms+1ms
D/dalvikvm( 1142): GC_CONCURRENT freed 403K, 77% free 1423K/6019K, paused 0ms+1ms
D/dalvikvm( 1142): GC_CONCURRENT freed 489K, 77% free 1431K/6019K, paused 0ms+1ms
D/MonitorCw880( 5694): counter=2 && isHeartbeatTimeout=true
D/dalvikvm( 1142): GC_CONCURRENT freed 502K, 78% free 1344K/6019K, paused 1ms+1ms
D/dalvikvm( 1142): GC_CONCURRENT freed 418K, 77% free 1421K/6019K, paused 1ms+1ms
D/dalvikvm( 1142): GC_CONCURRENT freed 491K, 77% free 1408K/6019K, paused 1ms+1ms
D/dalvikvm( 1142): GC_CONCURRENT freed 473K, 78% free 1324K/6019K, paused 1ms+1ms
D/dalvikvm( 1142): GC_CONCURRENT freed 392K, 78% free 1324K/6019K, paused 1ms+1ms
D/dalvikvm( 1142): GC_CONCURRENT freed 404K, 79% free 1313K/6019K, paused 1ms+1ms
D/MonitorCw880( 5694): counter=2 && isHeartbeatTimeout=true
D/dalvikvm( 1142): GC_CONCURRENT freed 396K, 79% free 1311K/6019K, paused 0ms+1ms
D/dalvikvm( 1142): GC_CONCURRENT freed 394K, 79% free 1311K/6019K, paused 1ms+1ms
D/dalvikvm( 1142): GC_CONCURRENT freed 392K, 79% free 1311K/6019K, paused 0ms+1ms
D/dalvikvm( 1142): GC_CONCURRENT freed 392K, 78% free 1379K/6019K, paused 1ms+0ms
D/dalvikvm( 1142): GC_CONCURRENT freed 447K, 78% free 1325K/6019K, paused 1ms+1ms
D/dalvikvm( 1142): GC_CONCURRENT freed 393K, 78% free 1325K/6019K, paused 1ms+1ms
D/MonitorCw880( 5694): counter=2 && isHeartbeatTimeout=true
D/dalvikvm( 1142): GC_CONCURRENT freed 404K, 79% free 1321K/6019K, paused 1ms+1ms
D/dalvikvm( 1142): GC_CONCURRENT freed 448K, 78% free 1381K/6019K, paused 1ms+1ms
D/dalvikvm( 1142): GC_CONCURRENT freed 460K, 77% free 1425K/6019K, paused 1ms+1ms
D/dalvikvm( 1142): GC_CONCURRENT freed 498K, 79% free 1314K/6019K, paused 1ms+1ms
D/dalvikvm( 1142): GC_CONCURRENT freed 397K, 77% free 1419K/6019K, paused 1ms+1ms
D/dalvikvm( 1142): GC_CONCURRENT freed 488K, 77% free 1407K/6019K, paused 1ms+1ms
D/MonitorCw880( 5694): counter=2 && isHeartbeatTimeout=true
D/dalvikvm( 1142): GC_CONCURRENT freed 473K, 78% free 1326K/6019K, paused 1ms+1ms
D/dalvikvm( 1142): GC_CONCURRENT freed 404K, 79% free 1321K/6019K, paused 1ms+2ms
D/MonitorCw880( 5694): counter=2 && isHeartbeatTimeout=true
D/dalvikvm( 1142): GC_CONCURRENT freed 450K, 78% free 1380K/6019K, paused 0ms+1ms
D/dalvikvm( 1142): GC_CONCURRENT freed 461K, 77% free 1424K/6019K, paused 0ms+1ms
D/dalvikvm( 1142): GC_CONCURRENT freed 520K, 77% free 1405K/6019K, paused 1ms+1ms
D/HomePlayerLib( 1142): hostaddress count is 2
D/dalvikvm( 1142): GC_CONCURRENT freed 490K, 77% free 1426K/6019K, paused 1ms+1ms
D/dalvikvm( 1142): GC_CONCURRENT freed 545K, 77% free 1388K/6019K, paused 1ms+1ms
D/dalvikvm( 1142): GC_CONCURRENT freed 458K, 77% free 1429K/6019K, paused 2ms+1ms
D/dalvikvm( 1142): GC_CONCURRENT freed 502K, 77% free 1435K/6019K, paused 1ms+1ms
D/dalvikvm( 1142): GC_CONCURRENT freed 508K, 79% free 1316K/6019K, paused 1ms+2ms
D/dalvikvm( 1142): GC_CONCURRENT freed 394K, 77% free 1423K/6019K, paused 1ms+1ms
D/dalvikvm( 1142): GC_CONCURRENT freed 486K, 78% free 1345K/6019K, paused 1ms+1ms
D/dalvikvm( 1142): GC_CONCURRENT freed 412K, 77% free 1442K/6019K, paused 1ms+1ms
D/dalvikvm( 1142): GC_CONCURRENT freed 521K, 77% free 1432K/6019K, paused 1ms+1ms
D/dalvikvm( 1142): GC_CONCURRENT freed 523K, 77% free 1422K/6019K, paused 0ms+1ms
D/dalvikvm( 1142): GC_CONCURRENT freed 512K, 77% free 1408K/6019K, paused 0ms+1ms
D/dalvikvm( 1142): GC_CONCURRENT freed 458K, 77% free 1440K/6019K, paused 0ms+1ms
D/dalvikvm( 1142): GC_CONCURRENT freed 511K, 77% free 1438K/6019K, paused 1ms+1ms
D/dalvikvm( 1142): GC_CONCURRENT freed 510K, 77% free 1438K/6019K, paused 1ms+1ms
D/dalvikvm( 1142): GC_CONCURRENT freed 501K, 77% free 1385K/6019K, paused 1ms+1ms
D/dalvikvm( 1142): GC_CONCURRENT freed 457K, 79% free 1317K/6019K, paused 1ms+1ms
D/dalvikvm( 1142): GC_CONCURRENT freed 382K, 78% free 1325K/6019K, paused 0ms+1ms
D/dalvikvm( 1142): GC_CONCURRENT freed 394K, 79% free 1324K/6019K, paused 1ms+1ms
D/dalvikvm( 1142): GC_CONCURRENT freed 393K, 78% free 1324K/6019K, paused 1ms+1ms
D/MonitorCw880( 5694): counter=2 && isHeartbeatTimeout=true
D/dalvikvm( 1142): GC_CONCURRENT freed 393K, 78% free 1370K/6019K, paused 0ms+1ms
D/dalvikvm( 1142): GC_CONCURRENT freed 443K, 77% free 1438K/6019K, paused 0ms+1ms
D/dalvikvm( 1142): GC_CONCURRENT freed 517K, 79% free 1321K/6019K, paused 1ms+1ms
D/dalvikvm( 1142): GC_CONCURRENT freed 475K, 79% free 1301K/6019K, paused 1ms+1ms
D/dalvikvm( 1142): GC_CONCURRENT freed 367K, 78% free 1329K/6019K, paused 1ms+1ms
D/dalvikvm( 1142): GC_CONCURRENT freed 404K, 78% free 1381K/6019K, paused 1ms+1ms
D/dalvikvm( 1142): GC_CONCURRENT freed 450K, 78% free 1324K/6019K, paused 1ms+1ms
D/MonitorCw880( 5694): counter=2 && isHeartbeatTimeout=true
D/dalvikvm( 1142): GC_CONCURRENT freed 392K, 79% free 1324K/6019K, paused 0ms+1ms
D/dalvikvm( 1142): GC_CONCURRENT freed 404K, 79% free 1318K/6019K, paused 1ms+2ms
D/dalvikvm( 1142): GC_CONCURRENT freed 402K, 79% free 1324K/6019K, paused 1ms+1ms
D/dalvikvm( 1142): GC_CONCURRENT freed 393K, 78% free 1324K/6019K, paused 1ms+1ms
D/dalvikvm( 1142): GC_CONCURRENT freed 402K, 79% free 1313K/6019K, paused 1ms+1ms
D/dalvikvm( 1142): GC_CONCURRENT freed 395K, 79% free 1311K/6019K, paused 1ms+1ms
D/dalvikvm( 1142): GC_CONCURRENT freed 394K, 79% free 1320K/6019K, paused 1ms+1ms
D/dalvikvm( 1142): GC_CONCURRENT freed 404K, 78% free 1324K/6019K, paused 1ms+1ms
D/dalvikvm( 1142): GC_CONCURRENT freed 393K, 78% free 1324K/6019K, paused 1ms+1ms
D/dalvikvm( 1142): GC_CONCURRENT freed 393K, 78% free 1324K/6019K, paused 1ms+1ms
D/dalvikvm( 1142): GC_CONCURRENT freed 392K, 78% free 1324K/6019K, paused 1ms+1ms
D/dalvikvm( 1142): GC_CONCURRENT freed 392K, 78% free 1325K/6019K, paused 1ms+1ms
D/dalvikvm( 1142): GC_CONCURRENT freed 404K, 79% free 1321K/6019K, paused 1ms+1ms
D/MonitorCw880( 5694): counter=2 && isHeartbeatTimeout=true
D/dalvikvm( 1142): GC_CONCURRENT freed 396K, 79% free 1319K/6019K, paused 1ms+1ms
D/dalvikvm( 1142): GC_CONCURRENT freed 394K, 78% free 1336K/6019K, paused 1ms+1ms
D/dalvikvm( 1142): GC_CONCURRENT freed 405K, 79% free 1324K/6019K, paused 1ms+1ms
D/dalvikvm( 1142): GC_CONCURRENT freed 392K, 78% free 1324K/6019K, paused 1ms+1ms
D/dalvikvm( 1142): GC_CONCURRENT freed 393K, 78% free 1324K/6019K, paused 1ms+1ms
D/dalvikvm( 1142): GC_CONCURRENT freed 393K, 78% free 1324K/6019K, paused 1ms+1ms
D/dalvikvm( 1142): GC_CONCURRENT freed 393K, 78% free 1325K/6019K, paused 1ms+1ms
D/dalvikvm( 1142): GC_CONCURRENT freed 403K, 79% free 1312K/6019K, paused 1ms+1ms
D/dalvikvm( 1142): GC_CONCURRENT freed 395K, 79% free 1319K/6019K, paused 1ms+2ms
D/dalvikvm( 1142): GC_CONCURRENT freed 394K, 78% free 1336K/6019K, paused 1ms+1ms
D/dalvikvm( 1142): GC_CONCURRENT freed 406K, 78% free 1324K/6019K, paused 1ms+2ms
D/dalvikvm( 1142): GC_CONCURRENT freed 394K, 78% free 1324K/6019K, paused 1ms+2ms
D/MonitorCw880( 5694): counter=2 && isHeartbeatTimeout=true
D/dalvikvm( 1142): GC_CONCURRENT freed 393K, 78% free 1324K/6019K, paused 1ms+1ms
D/MonitorCw880( 5694): counter=2 && isHeartbeatTimeout=true
D/dalvikvm( 1142): GC_CONCURRENT freed 392K, 78% free 1324K/6019K, paused 1ms+2ms
D/dalvikvm( 1142): GC_CONCURRENT freed 422K, 79% free 1300K/6019K, paused 1ms+1ms
D/dalvikvm( 1142): GC_CONCURRENT freed 375K, 78% free 1338K/6019K, paused 1ms+1ms
D/dalvikvm( 1142): GC_CONCURRENT freed 409K, 77% free 1406K/6019K, paused 1ms+1ms
D/dalvikvm( 1142): GC_CONCURRENT freed 485K, 77% free 1420K/6019K, paused 1ms+1ms
D/HomePlayerLib( 1142): hostaddress count is 2
D/dalvikvm( 1142): GC_CONCURRENT freed 503K, 78% free 1338K/6019K, paused 1ms+1ms
D/dalvikvm( 1142): GC_CONCURRENT freed 401K, 78% free 1365K/6019K, paused 1ms+1ms
D/dalvikvm( 1142): GC_CONCURRENT freed 451K, 79% free 1310K/6019K, paused 1ms+1ms
D/dalvikvm( 1142): GC_CONCURRENT freed 378K, 78% free 1327K/6019K, paused 1ms+1ms
D/dalvikvm( 1142): GC_CONCURRENT freed 389K, 78% free 1328K/6019K, paused 1ms+1ms
D/dalvikvm( 1142): GC_CONCURRENT freed 392K, 78% free 1334K/6019K, paused 1ms+0ms
D/MonitorCw880( 5694): counter=2 && isHeartbeatTimeout=true
D/dalvikvm( 1142): GC_CONCURRENT freed 408K, 77% free 1437K/6019K, paused 1ms+1ms
D/dalvikvm( 1142): GC_CONCURRENT freed 509K, 77% free 1440K/6019K, paused 1ms+1ms
D/dalvikvm( 1142): GC_CONCURRENT freed 525K, 79% free 1315K/6019K, paused 1ms+1ms
D/dalvikvm( 1142): GC_CONCURRENT freed 380K, 76% free 1446K/6019K, paused 0ms+1ms
D/dalvikvm( 1142): GC_CONCURRENT freed 515K, 77% free 1436K/6019K, paused 1ms+1ms
D/dalvikvm( 1142): GC_CONCURRENT freed 515K, 78% free 1331K/6019K, paused 1ms+1ms
D/dalvikvm( 1142): GC_CONCURRENT freed 384K, 76% free 1459K/6019K, paused 0ms+1ms
D/dalvikvm( 1142): GC_CONCURRENT freed 537K, 79% free 1322K/6019K, paused 1ms+2ms
D/dalvikvm( 1142): GC_CONCURRENT freed 381K, 78% free 1327K/6019K, paused 1ms+1ms
D/dalvikvm( 1142): GC_CONCURRENT freed 388K, 78% free 1336K/6019K, paused 1ms+1ms
D/dalvikvm( 1142): GC_CONCURRENT freed 399K, 78% free 1326K/6019K, paused 0ms+1ms
D/dalvikvm( 1142): GC_CONCURRENT freed 393K, 77% free 1440K/6019K, paused 1ms+1ms
D/dalvikvm( 1142): GC_CONCURRENT freed 490K, 76% free 1462K/6019K, paused 1ms+1ms
D/dalvikvm( 1142): GC_CONCURRENT freed 517K, 78% free 1335K/6019K, paused 1ms+1ms
D/dalvikvm( 1142): GC_CONCURRENT freed 404K, 79% free 1316K/6019K, paused 1ms+1ms
D/dalvikvm( 1142): GC_CONCURRENT freed 391K, 77% free 1437K/6019K, paused 1ms+1ms
D/dalvikvm( 1142): GC_CONCURRENT freed 519K, 77% free 1428K/6019K, paused 1ms+0ms
D/dalvikvm( 1142): GC_CONCURRENT freed 504K, 77% free 1435K/6019K, paused 1ms+1ms
D/dalvikvm( 1142): GC_CONCURRENT freed 517K, 77% free 1427K/6019K, paused 1ms+1ms
D/dalvikvm( 1142): GC_CONCURRENT freed 501K, 79% free 1323K/6019K, paused 1ms+1ms
D/dalvikvm( 1142): GC_CONCURRENT freed 403K, 77% free 1423K/6019K, paused 1ms+1ms
D/MonitorCw880( 5694): counter=2 && isHeartbeatTimeout=true
W/System.err( 1233): org.apache.http.conn.ConnectionPoolTimeoutException: Timeout waiting for connection
W/System.err( 1233):    at org.apache.http.impl.conn.tsccm.ConnPoolByRoute.getEntryBlocking(ConnPoolByRoute.java:353)
W/System.err( 1233):    at org.apache.http.impl.conn.tsccm.ConnPoolByRoute$1.getPoolEntry(ConnPoolByRoute.java:238)
W/System.err( 1233):    at org.apache.http.impl.conn.tsccm.ThreadSafeClientConnManager$1.getConnection(ThreadSafeClientConnManager.java:177)
W/System.err( 1233):    at org.apache.http.impl.client.DefaultRequestDirector.execute(DefaultRequestDirector.java:326)
W/System.err( 1233):    at org.apache.http.impl.client.AbstractHttpClient.execute(AbstractHttpClient.java:555)
W/System.err( 1233):    at org.apache.http.impl.client.AbstractHttpClient.execute(AbstractHttpClient.java:487)
W/System.err( 1233):    at org.apache.http.impl.client.AbstractHttpClient.execute(AbstractHttpClient.java:465)
W/System.err( 1233):    at com.fiship.cibn.common.NetworkUtil.isConnectToServerByHttp(NetworkUtil.java:39)
W/System.err( 1233):    at com.fiship.cibn.weather.WeatherTask.doInBackground(WeatherTask.java:184)
W/System.err( 1233):    at com.fiship.cibn.weather.WeatherTask.doInBackground(WeatherTask.java:31)
W/System.err( 1233):    at android.os.AsyncTask$2.call(AsyncTask.java:264)
W/System.err( 1233):    at java.util.concurrent.FutureTask$Sync.innerRun(FutureTask.java:305)
W/System.err( 1233):    at java.util.concurrent.FutureTask.run(FutureTask.java:137)
W/System.err( 1233):    at android.os.AsyncTask$SerialExecutor$1.run(AsyncTask.java:208)
W/System.err( 1233):    at java.util.concurrent.ThreadPoolExecutor.runWorker(ThreadPoolExecutor.java:1076)
W/System.err( 1233):    at java.util.concurrent.ThreadPoolExecutor$Worker.run(ThreadPoolExecutor.java:569)
W/System.err( 1233):    at java.lang.Thread.run(Thread.java:856)
E/WeatherTask( 1233): can't connect the url : http://php.weather.sina.com.cn/iframe/index/w_cl.php?day=1
D/dalvikvm( 1142): GC_CONCURRENT freed 489K, 78% free 1325K/6019K, paused 0ms+1ms
D/dalvikvm( 1142): GC_CONCURRENT freed 393K, 77% free 1430K/6019K, paused 1ms+1ms
D/dalvikvm( 1142): GC_CONCURRENT freed 512K, 79% free 1309K/6019K, paused 1ms+1ms
D/MonitorCw880( 5694): counter=2 && isHeartbeatTimeout=true
D/dalvikvm( 1142): GC_CONCURRENT freed 380K, 77% free 1432K/6019K, paused 1ms+1ms
D/dalvikvm( 1142): GC_CONCURRENT freed 504K, 77% free 1394K/6019K, paused 1ms+1ms
D/MonitorCw880( 5694): counter=2 && isHeartbeatTimeout=true
D/dalvikvm( 1142): GC_CONCURRENT freed 474K, 78% free 1343K/6019K, paused 1ms+1ms
D/dalvikvm( 1142): GC_CONCURRENT freed 416K, 77% free 1396K/6019K, paused 1ms+1ms
D/dalvikvm( 1142): GC_CONCURRENT freed 477K, 79% free 1312K/6019K, paused 1ms+1ms
D/dalvikvm( 1142): GC_CONCURRENT freed 395K, 79% free 1311K/6019K, paused 1ms+1ms
D/dalvikvm( 1142): GC_CONCURRENT freed 393K, 79% free 1311K/6019K, paused 1ms+1ms
D/dalvikvm( 1142): GC_CONCURRENT freed 392K, 78% free 1383K/6019K, paused 1ms+0ms
D/dalvikvm( 1142): GC_CONCURRENT freed 456K, 77% free 1422K/6019K, paused 0ms+1ms
D/dalvikvm( 1142): GC_CONCURRENT freed 491K, 77% free 1431K/6019K, paused 0ms+1ms
D/dalvikvm( 1142): GC_CONCURRENT freed 502K, 78% free 1344K/6019K, paused 1ms+1ms
D/MonitorCw880( 5694): counter=2 && isHeartbeatTimeout=true
D/MonitorCw880( 5694): counter=2 && isHeartbeatTimeout=true
D/dalvikvm( 1142): GC_CONCURRENT freed 417K, 79% free 1312K/6019K, paused 0ms+1ms
D/dalvikvm( 1142): GC_CONCURRENT freed 395K, 77% free 1426K/6019K, paused 1ms+1ms
D/dalvikvm( 1142): GC_CONCURRENT freed 487K, 76% free 1450K/6019K, paused 1ms+1ms
D/dalvikvm( 1142): GC_CONCURRENT freed 526K, 77% free 1423K/6019K, paused 1ms+1ms
D/dalvikvm( 1142): GC_CONCURRENT freed 492K, 77% free 1421K/6019K, paused 1ms+1ms
D/dalvikvm( 1142): GC_CONCURRENT freed 501K, 78% free 1338K/6019K, paused 1ms+1ms
D/HomePlayerLib( 1142): hostaddress count is 2
D/dalvikvm( 1142): GC_CONCURRENT freed 425K, 77% free 1423K/6019K, paused 1ms+1ms
D/dalvikvm( 1142): GC_CONCURRENT freed 508K, 79% free 1323K/6019K, paused 1ms+0ms
D/dalvikvm( 1142): GC_CONCURRENT freed 394K, 78% free 1367K/6019K, paused 1ms+1ms
D/dalvikvm( 1142): GC_CONCURRENT freed 440K, 79% free 1313K/6019K, paused 0ms+1ms
D/dalvikvm( 1142): GC_CONCURRENT freed 396K, 78% free 1359K/6019K, paused 1ms+1ms
D/dalvikvm( 1142): GC_CONCURRENT freed 431K, 77% free 1441K/6019K, paused 1ms+1ms
D/dalvikvm( 1142): GC_CONCURRENT freed 512K, 78% free 1346K/6019K, paused 1ms+1ms
D/dalvikvm( 1142): GC_CONCURRENT freed 414K, 77% free 1442K/6019K, paused 1ms+1ms
D/dalvikvm( 1142): GC_CONCURRENT freed 516K, 77% free 1423K/6019K, paused 1ms+1ms
D/MonitorCw880( 5694): counter=2 && isHeartbeatTimeout=true
D/dalvikvm( 1142): GC_CONCURRENT freed 485K, 78% free 1353K/6019K, paused 1ms+1ms
D/dalvikvm( 1142): GC_CONCURRENT freed 417K, 78% free 1384K/6019K, paused 1ms+0ms
D/dalvikvm( 1142): GC_CONCURRENT freed 432K, 76% free 1472K/6019K, paused 1ms+1ms
D/dalvikvm( 1142): GC_FOR_ALLOC freed 678K, 79% free 1304K/6019K, paused 10ms
D/dalvikvm( 1142): GC_CONCURRENT freed 378K, 77% free 1432K/6019K, paused 1ms+1ms
D/dalvikvm( 1142): GC_CONCURRENT freed 499K, 77% free 1407K/6019K, paused 1ms+1ms
D/dalvikvm( 1142): GC_CONCURRENT freed 472K, 78% free 1383K/6019K, paused 1ms+1ms
D/dalvikvm( 1142): GC_CONCURRENT freed 449K, 78% free 1327K/6019K, paused 1ms+1ms
D/dalvikvm( 1142): GC_CONCURRENT freed 409K, 79% free 1323K/6019K, paused 1ms+1ms
D/dalvikvm( 1142): GC_CONCURRENT freed 395K, 78% free 1382K/6019K, paused 2ms+1ms
D/dalvikvm( 1142): GC_CONCURRENT freed 444K, 78% free 1342K/6019K, paused 1ms+1ms
D/dalvikvm( 1142): GC_CONCURRENT freed 427K, 78% free 1326K/6019K, paused 1ms+1ms
D/dalvikvm( 1142): GC_CONCURRENT freed 404K, 77% free 1397K/6019K, paused 1ms+1ms
D/dalvikvm( 1142): GC_CONCURRENT freed 467K, 77% free 1439K/6019K, paused 1ms+1ms
D/dalvikvm( 1142): GC_CONCURRENT freed 522K, 77% free 1425K/6019K, paused 1ms+1ms
D/dalvikvm( 1142): GC_CONCURRENT freed 493K, 77% free 1431K/6019K, paused 1ms+1ms
D/dalvikvm( 1142): GC_CONCURRENT freed 465K, 76% free 1461K/6019K, paused 1ms+1ms
D/dalvikvm( 1142): GC_CONCURRENT freed 523K, 78% free 1330K/6019K, paused 1ms+2ms
D/dalvikvm( 1142): GC_CONCURRENT freed 406K, 76% free 1460K/6019K, paused 1ms+1ms
D/dalvikvm( 1142): GC_CONCURRENT freed 531K, 78% free 1327K/6019K, paused 1ms+1ms
D/dalvikvm( 1142): GC_CONCURRENT freed 403K, 78% free 1337K/6019K, paused 1ms+1ms
D/MonitorCw880( 5694): counter=2 && isHeartbeatTimeout=true
D/dalvikvm( 1142): GC_CONCURRENT freed 408K, 78% free 1324K/6019K, paused 1ms+1ms
D/dalvikvm( 1142): GC_CONCURRENT freed 394K, 78% free 1324K/6019K, paused 1ms+1ms
D/dalvikvm( 1142): GC_CONCURRENT freed 392K, 79% free 1324K/6019K, paused 1ms+1ms
D/dalvikvm( 1142): GC_CONCURRENT freed 393K, 78% free 1324K/6019K, paused 1ms+1ms
D/dalvikvm( 1142): GC_CONCURRENT freed 393K, 78% free 1324K/6019K, paused 1ms+1ms
D/dalvikvm( 1142): GC_CONCURRENT freed 392K, 78% free 1324K/6019K, paused 1ms+1ms
D/dalvikvm( 1142): GC_CONCURRENT freed 392K, 78% free 1325K/6019K, paused 1ms+1ms
D/dalvikvm( 1142): GC_CONCURRENT freed 404K, 79% free 1321K/6019K, paused 1ms+1ms
D/dalvikvm( 1142): GC_CONCURRENT freed 396K, 79% free 1319K/6019K, paused 1ms+1ms
D/dalvikvm( 1142): GC_CONCURRENT freed 394K, 78% free 1336K/6019K, paused 1ms+2ms
D/MonitorCw880( 5694): counter=2 && isHeartbeatTimeout=true
D/dalvikvm( 1142): GC_CONCURRENT freed 405K, 78% free 1324K/6019K, paused 1ms+1ms
D/dalvikvm( 1142): GC_CONCURRENT freed 392K, 78% free 1324K/6019K, paused 1ms+1ms
D/dalvikvm( 1142): GC_CONCURRENT freed 393K, 78% free 1324K/6019K, paused 1ms+1ms
D/MonitorCw880( 5694): counter=2 && isHeartbeatTimeout=true
D/dalvikvm( 1142): GC_CONCURRENT freed 393K, 78% free 1324K/6019K, paused 1ms+1ms
D/dalvikvm( 1142): GC_CONCURRENT freed 393K, 78% free 1325K/6019K, paused 1ms+2ms
D/dalvikvm( 1142): GC_CONCURRENT freed 403K, 79% free 1321K/6019K, paused 1ms+1ms
D/dalvikvm( 1142): GC_CONCURRENT freed 395K, 78% free 1335K/6019K, paused 1ms+1ms
D/dalvikvm( 1142): GC_CONCURRENT freed 406K, 78% free 1324K/6019K, paused 1ms+2ms
D/dalvikvm( 1142): GC_CONCURRENT freed 393K, 78% free 1324K/6019K, paused 1ms+1ms
D/dalvikvm( 1142): GC_CONCURRENT freed 394K, 78% free 1324K/6019K, paused 1ms+1ms
D/dalvikvm( 1142): GC_CONCURRENT freed 393K, 78% free 1324K/6019K, paused 1ms+1ms
D/MonitorCw880( 5694): counter=2 && isHeartbeatTimeout=true
D/MonitorCw880( 5694): counter=2 && isHeartbeatTimeout=true
D/dalvikvm( 1142): GC_CONCURRENT freed 392K, 78% free 1324K/6019K, paused 1ms+1ms
D/dalvikvm( 1142): GC_CONCURRENT freed 392K, 78% free 1329K/6019K, paused 1ms+1ms
D/dalvikvm( 1142): GC_CONCURRENT freed 404K, 79% free 1321K/6019K, paused 0ms+1ms
D/dalvikvm( 1142): GC_CONCURRENT freed 395K, 79% free 1319K/6019K, paused 1ms+1ms
D/dalvikvm( 1142): GC_CONCURRENT freed 392K, 79% free 1320K/6019K, paused 0ms+1ms
D/dalvikvm( 1142): GC_CONCURRENT freed 389K, 79% free 1322K/6019K, paused 1ms+1ms
D/HomePlayerLib( 1142): hostaddress count is 2
D/dalvikvm( 1142): GC_CONCURRENT freed 402K, 79% free 1309K/6019K, paused 1ms+0ms
D/dalvikvm( 1142): GC_CONCURRENT freed 379K, 78% free 1354K/6019K, paused 1ms+1ms
D/dalvikvm( 1142): GC_CONCURRENT freed 437K, 79% free 1318K/6019K, paused 1ms+1ms
D/dalvikvm( 1142): GC_CONCURRENT freed 378K, 78% free 1326K/6019K, paused 1ms+1ms
D/dalvikvm( 1142): GC_CONCURRENT freed 392K, 78% free 1328K/6019K, paused 1ms+1ms
D/dalvikvm( 1142): GC_CONCURRENT freed 392K, 78% free 1328K/6019K, paused 1ms+1ms
D/dalvikvm( 1142): GC_CONCURRENT freed 393K, 78% free 1328K/6019K, paused 1ms+1ms
D/dalvikvm( 1142): GC_CONCURRENT freed 393K, 78% free 1329K/6019K, paused 1ms+1ms
D/dalvikvm( 1142): GC_CONCURRENT freed 391K, 78% free 1328K/6019K, paused 1ms+0ms
D/dalvikvm( 1142): GC_CONCURRENT freed 393K, 78% free 1329K/6019K, paused 1ms+1ms
D/dalvikvm( 1142): GC_CONCURRENT freed 404K, 78% free 1354K/6019K, paused 1ms+1ms
D/dalvikvm( 1142): GC_CONCURRENT freed 432K, 79% free 1313K/6019K, paused 1ms+2ms
D/dalvikvm( 1142): GC_CONCURRENT freed 374K, 78% free 1329K/6019K, paused 1ms+1ms
D/dalvikvm( 1142): GC_CONCURRENT freed 396K, 78% free 1328K/6019K, paused 0ms+1ms
D/dalvikvm( 1142): GC_CONCURRENT freed 393K, 78% free 1328K/6019K, paused 1ms+1ms
D/dalvikvm( 1142): GC_CONCURRENT freed 392K, 78% free 1327K/6019K, paused 1ms+1ms
D/dalvikvm( 1142): GC_CONCURRENT freed 391K, 78% free 1329K/6019K, paused 1ms+1ms
D/dalvikvm( 1142): GC_CONCURRENT freed 393K, 78% free 1364K/6019K, paused 1ms+1ms
D/dalvikvm( 1142): GC_CONCURRENT freed 482K, 77% free 1392K/6019K, paused 1ms+1ms
D/MonitorCw880( 5694): counter=2 && isHeartbeatTimeout=true
D/dalvikvm( 1142): GC_CONCURRENT freed 451K, 78% free 1328K/6019K, paused 0ms+1ms
D/dalvikvm( 1142): GC_CONCURRENT freed 394K, 77% free 1425K/6019K, paused 1ms+1ms
D/dalvikvm( 1142): GC_CONCURRENT freed 514K, 79% free 1321K/6019K, paused 1ms+1ms
D/dalvikvm( 1142): GC_CONCURRENT freed 389K, 78% free 1325K/6019K, paused 1ms+1ms
D/dalvikvm( 1142): GC_CONCURRENT freed 397K, 79% free 1324K/6019K, paused 0ms+1ms
D/dalvikvm( 1142): GC_CONCURRENT freed 394K, 79% free 1324K/6019K, paused 1ms+1ms
D/dalvikvm( 1142): GC_CONCURRENT freed 394K, 78% free 1324K/6019K, paused 1ms+1ms
D/dalvikvm( 1142): GC_CONCURRENT freed 393K, 78% free 1324K/6019K, paused 1ms+2ms
D/dalvikvm( 1142): GC_CONCURRENT freed 393K, 78% free 1324K/6019K, paused 1ms+1ms
D/dalvikvm( 1142): GC_CONCURRENT freed 393K, 78% free 1324K/6019K, paused 1ms+1ms
D/dalvikvm( 1142): GC_CONCURRENT freed 393K, 78% free 1325K/6019K, paused 1ms+1ms
D/dalvikvm( 1142): GC_CONCURRENT freed 401K, 79% free 1321K/6019K, paused 1ms+2ms
D/dalvikvm( 1142): GC_CONCURRENT freed 396K, 79% free 1319K/6019K, paused 1ms+1ms
D/dalvikvm( 1142): GC_CONCURRENT freed 394K, 79% free 1311K/6019K, paused 1ms+1ms
D/dalvikvm( 1142): GC_CONCURRENT freed 394K, 79% free 1320K/6019K, paused 1ms+1ms
D/dalvikvm( 1142): GC_CONCURRENT freed 394K, 78% free 1336K/6019K, paused 1ms+1ms
D/MonitorCw880( 5694): counter=2 && isHeartbeatTimeout=true
W/System.err( 1233): org.apache.http.conn.ConnectionPoolTimeoutException: Timeout waiting for connection
W/System.err( 1233):    at org.apache.http.impl.conn.tsccm.ConnPoolByRoute.getEntryBlocking(ConnPoolByRoute.java:353)
W/System.err( 1233):    at org.apache.http.impl.conn.tsccm.ConnPoolByRoute$1.getPoolEntry(ConnPoolByRoute.java:238)
W/System.err( 1233):    at org.apache.http.impl.conn.tsccm.ThreadSafeClientConnManager$1.getConnection(ThreadSafeClientConnManager.java:177)
W/System.err( 1233):    at org.apache.http.impl.client.DefaultRequestDirector.execute(DefaultRequestDirector.java:326)
W/System.err( 1233):    at org.apache.http.impl.client.AbstractHttpClient.execute(AbstractHttpClient.java:555)
W/System.err( 1233):    at org.apache.http.impl.client.AbstractHttpClient.execute(AbstractHttpClient.java:487)
W/System.err( 1233):    at org.apache.http.impl.client.AbstractHttpClient.execute(AbstractHttpClient.java:465)
W/System.err( 1233):    at com.fiship.cibn.common.NetworkUtil.isConnectToServerByHttp(NetworkUtil.java:39)
W/System.err( 1233):    at com.fiship.cibn.weather.WeatherTask.doInBackground(WeatherTask.java:184)
W/System.err( 1233):    at com.fiship.cibn.weather.WeatherTask.doInBackground(WeatherTask.java:31)
W/System.err( 1233):    at android.os.AsyncTask$2.call(AsyncTask.java:264)
W/System.err( 1233):    at java.util.concurrent.FutureTask$Sync.innerRun(FutureTask.java:305)
W/System.err( 1233):    at java.util.concurrent.FutureTask.run(FutureTask.java:137)
W/System.err( 1233):    at android.os.AsyncTask$SerialExecutor$1.run(AsyncTask.java:208)
W/System.err( 1233):    at java.util.concurrent.ThreadPoolExecutor.runWorker(ThreadPoolExecutor.java:1076)
W/System.err( 1233):    at java.util.concurrent.ThreadPoolExecutor$Worker.run(ThreadPoolExecutor.java:569)
W/System.err( 1233):    at java.lang.Thread.run(Thread.java:856)
E/WeatherTask( 1233): can't connect the url : http://php.weather.sina.com.cn/iframe/index/w_cl.php?day=1
D/MonitorCw880( 5694): counter=2 && isHeartbeatTimeout=true
D/dalvikvm( 1142): GC_CONCURRENT freed 404K, 78% free 1325K/6019K, paused 1ms+1ms
D/dalvikvm( 1142): GC_CONCURRENT freed 392K, 78% free 1324K/6019K, paused 1ms+1ms
D/dalvikvm( 1142): GC_CONCURRENT freed 393K, 78% free 1325K/6019K, paused 1ms+1ms
D/dalvikvm( 1142): GC_CONCURRENT freed 404K, 79% free 1312K/6019K, paused 1ms+1ms
D/dalvikvm( 1142): GC_CONCURRENT freed 396K, 79% free 1320K/6019K, paused 1ms+1ms
D/dalvikvm( 1142): GC_CONCURRENT freed 405K, 79% free 1308K/6019K, paused 1ms+1ms
D/MonitorCw880( 5694): counter=2 && isHeartbeatTimeout=true
D/dalvikvm( 1142): GC_CONCURRENT freed 393K, 79% free 1324K/6019K, paused 1ms+2ms
D/dalvikvm( 1142): GC_CONCURRENT freed 393K, 78% free 1324K/6019K, paused 1ms+1ms
D/dalvikvm( 1142): GC_CONCURRENT freed 459K, 78% free 1345K/6019K, paused 1ms+1ms
D/dalvikvm( 1142): GC_CONCURRENT freed 420K, 77% free 1437K/6019K, paused 1ms+1ms
D/MonitorCw880( 5694): counter=2 && isHeartbeatTimeout=true
D/dalvikvm( 1142): GC_CONCURRENT freed 516K, 79% free 1312K/6019K, paused 1ms+1ms
D/dalvikvm( 1142): GC_CONCURRENT freed 393K, 77% free 1419K/6019K, paused 1ms+1ms
D/dalvikvm( 1142): GC_CONCURRENT freed 493K, 77% free 1431K/6019K, paused 1ms+1ms
D/dalvikvm( 1142): GC_CONCURRENT freed 503K, 77% free 1420K/6019K, paused 1ms+1ms
D/dalvikvm( 1142): GC_CONCURRENT freed 485K, 78% free 1330K/6019K, paused 1ms+2ms
D/dalvikvm( 1142): GC_CONCURRENT freed 404K, 79% free 1312K/6019K, paused 1ms+1ms
D/dalvikvm( 1142): GC_CONCURRENT freed 394K, 79% free 1310K/6019K, paused 1ms+1ms
D/dalvikvm( 1142): GC_CONCURRENT freed 393K, 77% free 1425K/6019K, paused 1ms+1ms
D/dalvikvm( 1142): GC_CONCURRENT freed 487K, 77% free 1412K/6019K, paused 1ms+1ms
D/dalvikvm( 1142): GC_CONCURRENT freed 483K, 77% free 1422K/6019K, paused 1ms+1ms
D/dalvikvm( 1142): GC_CONCURRENT freed 491K, 77% free 1406K/6019K, paused 1ms+1ms
D/dalvikvm( 1142): GC_CONCURRENT freed 473K, 78% free 1371K/6019K, paused 1ms+1ms
D/MonitorCw880( 5694): counter=2 && isHeartbeatTimeout=true
D/dalvikvm( 1142): GC_CONCURRENT freed 444K, 77% free 1423K/6019K, paused 1ms+1ms
D/dalvikvm( 1142): GC_CONCURRENT freed 491K, 77% free 1431K/6019K, paused 1ms+1ms
D/dalvikvm( 1142): GC_CONCURRENT freed 502K, 78% free 1344K/6019K, paused 0ms+1ms
D/HomePlayerLib( 1142): hostaddress count is 2
D/dalvikvm( 1142): GC_CONCURRENT freed 426K, 77% free 1423K/6019K, paused 1ms+1ms
D/dalvikvm( 1142): GC_CONCURRENT freed 508K, 76% free 1455K/6019K, paused 1ms+1ms
D/dalvikvm( 1142): GC_CONCURRENT freed 490K, 77% free 1436K/6019K, paused 1ms+0ms
D/dalvikvm( 1142): GC_CONCURRENT freed 508K, 79% free 1314K/6019K, paused 1ms+1ms
D/dalvikvm( 1142): GC_CONCURRENT freed 371K, 77% free 1412K/6019K, paused 1ms+1ms
D/dalvikvm( 1142): GC_CONCURRENT freed 467K, 78% free 1334K/6019K, paused 1ms+0ms
D/dalvikvm( 1142): GC_CONCURRENT freed 403K, 77% free 1442K/6019K, paused 1ms+1ms
D/dalvikvm( 1142): GC_CONCURRENT freed 517K, 77% free 1423K/6019K, paused 1ms+1ms
D/dalvikvm( 1142): GC_CONCURRENT freed 487K, 78% free 1329K/6019K, paused 1ms+1ms
D/dalvikvm( 1142): GC_CONCURRENT freed 403K, 76% free 1491K/6019K, paused 1ms+1ms
D/dalvikvm( 1142): GC_CONCURRENT freed 558K, 77% free 1399K/6019K, paused 1ms+1ms
D/dalvikvm( 1142): GC_CONCURRENT freed 484K, 79% free 1313K/6019K, paused 1ms+0ms
D/dalvikvm( 1142): GC_CONCURRENT freed 379K, 77% free 1436K/6019K, paused 1ms+1ms
D/dalvikvm( 1142): GC_CONCURRENT freed 504K, 77% free 1425K/6019K, paused 1ms+1ms
D/dalvikvm( 1142): GC_CONCURRENT freed 485K, 78% free 1358K/6019K, paused 1ms+1ms
D/dalvikvm( 1142): GC_CONCURRENT freed 431K, 77% free 1436K/6019K, paused 1ms+1ms
D/dalvikvm( 1142): GC_CONCURRENT freed 484K, 76% free 1460K/6019K, paused 1ms+1ms
D/dalvikvm( 1142): GC_CONCURRENT freed 524K, 78% free 1334K/6019K, paused 1ms+1ms
D/dalvikvm( 1142): GC_CONCURRENT freed 402K, 77% free 1433K/6019K, paused 1ms+1ms
D/dalvikvm( 1142): GC_CONCURRENT freed 485K, 74% free 1570K/6019K, paused 0ms+1ms
D/MonitorCw880( 5694): counter=2 && isHeartbeatTimeout=true
D/dalvikvm( 1142): GC_CONCURRENT freed 650K, 77% free 1427K/6019K, paused 0ms+1ms
D/dalvikvm( 1142): GC_CONCURRENT freed 503K, 79% free 1317K/6019K, paused 1ms+1ms
D/dalvikvm( 1142): GC_CONCURRENT freed 393K, 78% free 1347K/6019K, paused 1ms+1ms
D/dalvikvm( 1142): GC_CONCURRENT freed 415K, 77% free 1442K/6019K, paused 1ms+1ms
D/dalvikvm( 1142): GC_CONCURRENT freed 503K, 78% free 1326K/6019K, paused 0ms+1ms
D/dalvikvm( 1142): GC_CONCURRENT freed 396K, 77% free 1422K/6019K, paused 1ms+1ms
D/dalvikvm( 1142): GC_CONCURRENT freed 507K, 79% free 1315K/6019K, paused 1ms+1ms
D/dalvikvm( 1142): GC_CONCURRENT freed 385K, 77% free 1432K/6019K, paused 0ms+1ms
D/dalvikvm( 1142): GC_CONCURRENT freed 504K, 77% free 1420K/6019K, paused 1ms+1ms
D/MonitorCw880( 5694): counter=2 && isHeartbeatTimeout=true
D/MonitorCw880( 5694): counter=2 && isHeartbeatTimeout=true
D/dalvikvm( 1142): GC_CONCURRENT freed 486K, 78% free 1326K/6019K, paused 1ms+1ms
D/dalvikvm( 1142): GC_CONCURRENT freed 404K, 79% free 1312K/6019K, paused 1ms+1ms
D/dalvikvm( 1142): GC_CONCURRENT freed 396K, 77% free 1426K/6019K, paused 1ms+1ms
D/dalvikvm( 1142): GC_CONCURRENT freed 488K, 76% free 1447K/6019K, paused 1ms+1ms
D/dalvikvm( 1142): GC_CONCURRENT freed 524K, 77% free 1422K/6019K, paused 1ms+1ms
D/dalvikvm( 1142): GC_CONCURRENT freed 490K, 76% free 1488K/6019K, paused 1ms+1ms
D/MonitorCw880( 5694): counter=2 && isHeartbeatTimeout=true
D/dalvikvm( 1142): GC_CONCURRENT freed 566K, 75% free 1519K/6019K, paused 0ms+1ms
D/dalvikvm( 1142): GC_CONCURRENT freed 600K, 79% free 1314K/6019K, paused 1ms+1ms
D/dalvikvm( 1142): GC_CONCURRENT freed 396K, 79% free 1312K/6019K, paused 1ms+2ms
D/MonitorCw880( 5694): counter=2 && isHeartbeatTimeout=true
D/dalvikvm( 1142): GC_CONCURRENT freed 398K, 79% free 1301K/6019K, paused 1ms+1ms
D/dalvikvm( 1142): GC_CONCURRENT freed 382K, 78% free 1324K/6019K, paused 1ms+1ms
D/dalvikvm( 1142): GC_CONCURRENT freed 396K, 76% free 1487K/6019K, paused 1ms+1ms
D/dalvikvm( 1142): GC_CONCURRENT freed 555K, 78% free 1372K/6019K, paused 1ms+1ms
D/dalvikvm( 1142): GC_CONCURRENT freed 445K, 77% free 1396K/6019K, paused 1ms+1ms
D/dalvikvm( 1142): GC_CONCURRENT freed 476K, 77% free 1419K/6019K, paused 1ms+1ms
D/dalvikvm( 1142): GC_CONCURRENT freed 488K, 78% free 1371K/6019K, paused 1ms+1ms
D/dalvikvm( 1142): GC_CONCURRENT freed 445K, 77% free 1437K/6019K, paused 1ms+1ms
D/dalvikvm( 1142): GC_CONCURRENT freed 518K, 79% free 1313K/6019K, paused 1ms+1ms
D/dalvikvm( 1142): GC_CONCURRENT freed 393K, 77% free 1424K/6019K, paused 0ms+1ms
D/MonitorCw880( 5694): counter=2 && isHeartbeatTimeout=true
D/dalvikvm( 1142): GC_CONCURRENT freed 496K, 77% free 1423K/6019K, paused 1ms+1ms
D/dalvikvm( 1142): GC_CONCURRENT freed 491K, 78% free 1325K/6019K, paused 1ms+1ms
D/dalvikvm( 1142): GC_CONCURRENT freed 404K, 77% free 1432K/6019K, paused 1ms+1ms
D/HomePlayerLib( 1142): hostaddress count is 2
D/dalvikvm( 1142): GC_CONCURRENT freed 488K, 76% free 1455K/6019K, paused 1ms+2ms
D/dalvikvm( 1142): GC_CONCURRENT freed 530K, 77% free 1432K/6019K, paused 1ms+1ms
D/dalvikvm( 1142): GC_CONCURRENT freed 508K, 78% free 1326K/6019K, paused 0ms+1ms
D/dalvikvm( 1142): GC_CONCURRENT freed 402K, 77% free 1426K/6019K, paused 1ms+1ms
D/dalvikvm( 1142): GC_CONCURRENT freed 505K, 77% free 1430K/6019K, paused 1ms+1ms
D/dalvikvm( 1142): GC_CONCURRENT freed 496K, 77% free 1413K/6019K, paused 0ms+1ms
D/dalvikvm( 1142): GC_CONCURRENT freed 476K, 78% free 1328K/6019K, paused 1ms+1ms
D/dalvikvm( 1142): GC_CONCURRENT freed 393K, 78% free 1328K/6019K, paused 1ms+1ms
D/dalvikvm( 1142): GC_CONCURRENT freed 392K, 78% free 1329K/6019K, paused 1ms+1ms
D/dalvikvm( 1142): GC_CONCURRENT freed 393K, 78% free 1329K/6019K, paused 1ms+2ms
D/dalvikvm( 1142): GC_CONCURRENT freed 390K, 78% free 1325K/6019K, paused 1ms+1ms
D/dalvikvm( 1142): GC_CONCURRENT freed 382K, 78% free 1330K/6019K, paused 1ms+1ms
D/dalvikvm( 1142): GC_CONCURRENT freed 395K, 77% free 1412K/6019K, paused 1ms+1ms
D/dalvikvm( 1142): GC_CONCURRENT freed 481K, 78% free 1338K/6019K, paused 1ms+1ms
D/dalvikvm( 1142): GC_CONCURRENT freed 394K, 78% free 1328K/6019K, paused 1ms+1ms
D/dalvikvm( 1142): GC_CONCURRENT freed 393K, 78% free 1327K/6019K, paused 1ms+2ms
D/dalvikvm( 1142): GC_CONCURRENT freed 391K, 78% free 1330K/6019K, paused 0ms+1ms
D/dalvikvm( 1142): GC_CONCURRENT freed 391K, 78% free 1329K/6019K, paused 1ms+1ms
D/dalvikvm( 1142): GC_CONCURRENT freed 403K, 79% free 1316K/6019K, paused 1ms+1ms
D/dalvikvm( 1142): GC_CONCURRENT freed 390K, 77% free 1437K/6019K, paused 1ms+1ms
D/dalvikvm( 1142): GC_CONCURRENT freed 504K, 77% free 1432K/6019K, paused 1ms+1ms
D/MonitorCw880( 5694): counter=2 && isHeartbeatTimeout=true
D/dalvikvm( 1142): GC_CONCURRENT freed 515K, 79% free 1301K/6019K, paused 1ms+1ms
D/dalvikvm( 1142): GC_CONCURRENT freed 380K, 77% free 1432K/6019K, paused 1ms+1ms
D/dalvikvm( 1142): GC_CONCURRENT freed 504K, 79% free 1313K/6019K, paused 0ms+1ms
D/MonitorCw880( 5694): counter=2 && isHeartbeatTimeout=true
D/MonitorCw880( 5694): counter=2 && isHeartbeatTimeout=true
D/dalvikvm( 1142): GC_CONCURRENT freed 392K, 79% free 1320K/6019K, paused 1ms+1ms
D/dalvikvm( 1142): GC_CONCURRENT freed 405K, 78% free 1324K/6019K, paused 1ms+1ms
D/dalvikvm( 1142): GC_CONCURRENT freed 413K, 79% free 1308K/6019K, paused 1ms+1ms
D/dalvikvm( 1142): GC_CONCURRENT freed 378K, 78% free 1324K/6019K, paused 0ms+1ms
D/dalvikvm( 1142): GC_CONCURRENT freed 393K, 77% free 1420K/6019K, paused 1ms+1ms
D/dalvikvm( 1142): GC_CONCURRENT freed 500K, 79% free 1313K/6019K, paused 1ms+1ms
W/System.err( 1233): org.apache.http.conn.ConnectionPoolTimeoutException: Timeout waiting for connection
W/System.err( 1233):    at org.apache.http.impl.conn.tsccm.ConnPoolByRoute.getEntryBlocking(ConnPoolByRoute.java:353)
W/System.err( 1233):    at org.apache.http.impl.conn.tsccm.ConnPoolByRoute$1.getPoolEntry(ConnPoolByRoute.java:238)
W/System.err( 1233):    at org.apache.http.impl.conn.tsccm.ThreadSafeClientConnManager$1.getConnection(ThreadSafeClientConnManager.java:177)
W/System.err( 1233):    at org.apache.http.impl.client.DefaultRequestDirector.execute(DefaultRequestDirector.java:326)
W/System.err( 1233):    at org.apache.http.impl.client.AbstractHttpClient.execute(AbstractHttpClient.java:555)
W/System.err( 1233):    at org.apache.http.impl.client.AbstractHttpClient.execute(AbstractHttpClient.java:487)
W/System.err( 1233):    at org.apache.http.impl.client.AbstractHttpClient.execute(AbstractHttpClient.java:465)
W/System.err( 1233):    at com.fiship.cibn.common.NetworkUtil.isConnectToServerByHttp(NetworkUtil.java:39)
D/dalvikvm( 1233): GC_CONCURRENT freed 1924K, 27% free 25414K/34691K, paused 1ms+7ms
W/System.err( 1233):    at com.fiship.cibn.weather.WeatherTask.doInBackground(WeatherTask.java:184)
W/System.err( 1233):    at com.fiship.cibn.weather.WeatherTask.doInBackground(WeatherTask.java:31)
W/System.err( 1233):    at android.os.AsyncTask$2.call(AsyncTask.java:264)
W/System.err( 1233):    at java.util.concurrent.FutureTask$Sync.innerRun(FutureTask.java:305)
W/System.err( 1233):    at java.util.concurrent.FutureTask.run(FutureTask.java:137)
W/System.err( 1233):    at android.os.AsyncTask$SerialExecutor$1.run(AsyncTask.java:208)
W/System.err( 1233):    at java.util.concurrent.ThreadPoolExecutor.runWorker(ThreadPoolExecutor.java:1076)
W/System.err( 1233):    at java.util.concurrent.ThreadPoolExecutor$Worker.run(ThreadPoolExecutor.java:569)
W/System.err( 1233):    at java.lang.Thread.run(Thread.java:856)
E/WeatherTask( 1233): can't connect the url : http://php.weather.sina.com.cn/iframe/index/w_cl.php?day=1
D/dalvikvm( 1142): GC_CONCURRENT freed 394K, 78% free 1378K/6019K, paused 2ms+2ms
D/dalvikvm( 1142): GC_CONCURRENT freed 456K, 79% free 1322K/6019K, paused 1ms+1ms
D/dalvikvm( 1142): GC_CONCURRENT freed 396K, 79% free 1311K/6019K, paused 1ms+1ms
D/dalvikvm( 1142): GC_CONCURRENT freed 392K, 77% free 1419K/6019K, paused 1ms+1ms
D/dalvikvm( 1142): GC_CONCURRENT freed 486K, 78% free 1325K/6019K, paused 1ms+1ms
D/dalvikvm( 1142): GC_CONCURRENT freed 394K, 78% free 1324K/6019K, paused 1ms+0ms
D/dalvikvm( 1142): GC_CONCURRENT freed 393K, 78% free 1325K/6019K, paused 1ms+1ms
D/MonitorCw880( 5694): counter=2 && isHeartbeatTimeout=true
D/dalvikvm( 1142): GC_CONCURRENT freed 405K, 79% free 1321K/6019K, paused 1ms+1ms
D/dalvikvm( 1142): GC_CONCURRENT freed 395K, 78% free 1336K/6019K, paused 1ms+2ms
D/dalvikvm( 1142): GC_CONCURRENT freed 406K, 78% free 1324K/6019K, paused 0ms+1ms
D/dalvikvm( 1142): GC_CONCURRENT freed 394K, 79% free 1324K/6019K, paused 1ms+2ms
D/dalvikvm( 1142): GC_CONCURRENT freed 393K, 78% free 1324K/6019K, paused 1ms+1ms
D/dalvikvm( 1142): GC_CONCURRENT freed 393K, 78% free 1324K/6019K, paused 1ms+1ms
D/dalvikvm( 1142): GC_CONCURRENT freed 393K, 78% free 1324K/6019K, paused 1ms+1ms
D/dalvikvm( 1142): GC_CONCURRENT freed 392K, 78% free 1325K/6019K, paused 1ms+1ms
D/dalvikvm( 1142): GC_CONCURRENT freed 403K, 79% free 1321K/6019K, paused 1ms+1ms
D/dalvikvm( 1142): GC_CONCURRENT freed 396K, 79% free 1319K/6019K, paused 1ms+1ms
D/dalvikvm( 1142): GC_CONCURRENT freed 394K, 79% free 1320K/6019K, paused 1ms+1ms
D/dalvikvm( 1142): GC_CONCURRENT freed 404K, 78% free 1324K/6019K, paused 1ms+1ms
D/dalvikvm( 1142): GC_CONCURRENT freed 392K, 78% free 1324K/6019K, paused 1ms+1ms
D/MonitorCw880( 5694): counter=2 && isHeartbeatTimeout=true
D/dalvikvm( 1142): GC_CONCURRENT freed 393K, 78% free 1324K/6019K, paused 1ms+1ms
D/dalvikvm( 1142): GC_CONCURRENT freed 393K, 78% free 1324K/6019K, paused 1ms+1ms
D/dalvikvm( 1142): GC_CONCURRENT freed 391K, 78% free 1325K/6019K, paused 1ms+1ms
D/dalvikvm( 1142): GC_CONCURRENT freed 403K, 79% free 1321K/6019K, paused 1ms+1ms
D/dalvikvm( 1142): GC_FOR_ALLOC freed 530K, 79% free 1300K/6019K, paused 10ms
D/dalvikvm( 1142): GC_CONCURRENT freed 7K, 79% free 1301K/6019K, paused 1ms+1ms
D/dalvikvm( 1142): GC_CONCURRENT freed 374K, 77% free 1424K/6019K, paused 1ms+1ms
D/dalvikvm( 1142): GC_CONCURRENT freed 498K, 78% free 1340K/6019K, paused 1ms+1ms
D/dalvikvm( 1142): GC_CONCURRENT freed 410K, 78% free 1324K/6019K, paused 1ms+1ms
D/dalvikvm( 1142): GC_CONCURRENT freed 394K, 79% free 1324K/6019K, paused 1ms+1ms
D/dalvikvm( 1142): GC_CONCURRENT freed 392K, 79% free 1324K/6019K, paused 1ms+1ms
D/dalvikvm( 1142): GC_CONCURRENT freed 392K, 79% free 1324K/6019K, paused 0ms+1ms
D/dalvikvm( 1142): GC_CONCURRENT freed 393K, 78% free 1324K/6019K, paused 1ms+1ms
D/dalvikvm( 1142): GC_CONCURRENT freed 403K, 79% free 1309K/6019K, paused 1ms+1ms
D/HomePlayerLib( 1142): hostaddress count is 2
D/MonitorCw880( 5694): counter=2 && isHeartbeatTimeout=true
D/dalvikvm( 1142): GC_CONCURRENT freed 394K, 77% free 1424K/6019K, paused 1ms+1ms
D/dalvikvm( 1142): GC_CONCURRENT freed 493K, 77% free 1442K/6019K, paused 1ms+1ms
D/dalvikvm( 1142): GC_CONCURRENT freed 527K, 77% free 1423K/6019K, paused 1ms+1ms
D/dalvikvm( 1142): GC_CONCURRENT freed 491K, 77% free 1444K/6019K, paused 1ms+1ms
D/dalvikvm( 1142): GC_CONCURRENT freed 503K, 76% free 1452K/6019K, paused 1ms+1ms
D/dalvikvm( 1142): GC_CONCURRENT freed 523K, 77% free 1435K/6019K, paused 1ms+1ms
D/dalvikvm( 1142): GC_CONCURRENT freed 514K, 78% free 1376K/6019K, paused 1ms+1ms
D/dalvikvm( 1142): GC_CONCURRENT freed 444K, 77% free 1442K/6019K, paused 1ms+1ms
D/dalvikvm( 1142): GC_CONCURRENT freed 517K, 77% free 1423K/6019K, paused 1ms+1ms
D/dalvikvm( 1142): GC_CONCURRENT freed 485K, 78% free 1329K/6019K, paused 1ms+1ms
D/dalvikvm( 1142): GC_CONCURRENT freed 401K, 77% free 1439K/6019K, paused 1ms+1ms
D/dalvikvm( 1142): GC_CONCURRENT freed 539K, 78% free 1344K/6019K, paused 1ms+1ms
D/dalvikvm( 1142): GC_CONCURRENT freed 414K, 77% free 1419K/6019K, paused 1ms+1ms
D/dalvikvm( 1142): GC_CONCURRENT freed 495K, 79% free 1309K/6019K, paused 1ms+1ms
D/dalvikvm( 1142): GC_CONCURRENT freed 493K, 79% free 1302K/6019K, paused 1ms+1ms
D/dalvikvm( 1142): GC_CONCURRENT freed 381K, 77% free 1428K/6019K, paused 1ms+1ms
D/dalvikvm( 1142): GC_CONCURRENT freed 503K, 77% free 1433K/6019K, paused 1ms+1ms
D/dalvikvm( 1142): GC_CONCURRENT freed 494K, 78% free 1366K/6019K, paused 1ms+1ms
D/dalvikvm( 1142): GC_CONCURRENT freed 435K, 78% free 1329K/6019K, paused 1ms+1ms
D/dalvikvm( 1142): GC_CONCURRENT freed 393K, 78% free 1372K/6019K, paused 0ms+1ms
D/dalvikvm( 1142): GC_CONCURRENT freed 441K, 77% free 1442K/6019K, paused 1ms+1ms
D/dalvikvm( 1142): GC_CONCURRENT freed 502K, 78% free 1326K/6019K, paused 1ms+1ms
D/dalvikvm( 1142): GC_CONCURRENT freed 395K, 77% free 1406K/6019K, paused 1ms+1ms
D/dalvikvm( 1142): GC_CONCURRENT freed 474K, 78% free 1325K/6019K, paused 1ms+1ms
D/dalvikvm( 1142): GC_CONCURRENT freed 405K, 77% free 1432K/6019K, paused 1ms+1ms
D/dalvikvm( 1142): GC_CONCURRENT freed 516K, 77% free 1424K/6019K, paused 1ms+1ms
D/MonitorCw880( 5694): counter=2 && isHeartbeatTimeout=true
D/dalvikvm( 1142): GC_CONCURRENT freed 490K, 78% free 1330K/6019K, paused 1ms+1ms
D/MonitorCw880( 5694): counter=2 && isHeartbeatTimeout=true
D/dalvikvm( 1142): GC_CONCURRENT freed 404K, 79% free 1321K/6019K, paused 1ms+1ms
D/dalvikvm( 1142): GC_CONCURRENT freed 395K, 79% free 1319K/6019K, paused 1ms+2ms
D/MonitorCw880( 5694): counter=2 && isHeartbeatTimeout=true
D/dalvikvm( 1142): GC_CONCURRENT freed 394K, 78% free 1336K/6019K, paused 1ms+1ms
D/dalvikvm( 1142): GC_CONCURRENT freed 406K, 78% free 1324K/6019K, paused 1ms+2ms
D/dalvikvm( 1142): GC_CONCURRENT freed 394K, 78% free 1324K/6019K, paused 2ms+1ms
D/dalvikvm( 1142): GC_CONCURRENT freed 393K, 78% free 1324K/6019K, paused 1ms+1ms
D/dalvikvm( 1142): GC_CONCURRENT freed 392K, 78% free 1324K/6019K, paused 1ms+1ms
D/dalvikvm( 1142): GC_CONCURRENT freed 392K, 78% free 1325K/6019K, paused 0ms+1ms
D/dalvikvm( 1142): GC_CONCURRENT freed 404K, 79% free 1321K/6019K, paused 1ms+1ms
D/dalvikvm( 1142): GC_CONCURRENT freed 396K, 79% free 1319K/6019K, paused 1ms+1ms
D/dalvikvm( 1142): GC_CONCURRENT freed 394K, 79% free 1320K/6019K, paused 1ms+2ms
D/dalvikvm( 1142): GC_CONCURRENT freed 404K, 78% free 1324K/6019K, paused 1ms+2ms
D/MonitorCw880( 5694): counter=2 && isHeartbeatTimeout=true
D/dalvikvm( 1142): GC_CONCURRENT freed 392K, 77% free 1430K/6019K, paused 1ms+1ms
D/dalvikvm( 1142): GC_CONCURRENT freed 512K, 79% free 1309K/6019K, paused 1ms+2ms
D/dalvikvm( 1142): GC_CONCURRENT freed 380K, 77% free 1407K/6019K, paused 1ms+1ms
D/dalvikvm( 1142): GC_CONCURRENT freed 476K, 77% free 1430K/6019K, paused 0ms+1ms
D/dalvikvm( 1142): GC_CONCURRENT freed 513K, 78% free 1325K/6019K, paused 1ms+1ms
D/dalvikvm( 1142): GC_CONCURRENT freed 404K, 77% free 1422K/6019K, paused 1ms+1ms
D/dalvikvm( 1142): GC_CONCURRENT freed 490K, 78% free 1324K/6019K, paused 1ms+1ms
D/dalvikvm( 1142): GC_CONCURRENT freed 394K, 77% free 1420K/6019K, paused 1ms+1ms
D/dalvikvm( 1142): GC_CONCURRENT freed 504K, 79% free 1300K/6019K, paused 1ms+1ms
V/WeatherTask( 1233): connect the url is ok : http://php.weather.sina.com.cn/iframe/index/w_cl.php?day=1
V/WeatherTask( 1233):   weatherPinYin ==> zhongyu
V/MainActivity( 1233): the weather result  : 
D/MonitorCw880( 5694): counter=2 && isHeartbeatTimeout=true
D/dalvikvm( 1142): GC_CONCURRENT freed 373K, 77% free 1422K/6019K, paused 0ms+0ms
D/dalvikvm( 1142): GC_CONCURRENT freed 490K, 77% free 1408K/6019K, paused 1ms+1ms
D/dalvikvm( 1142): GC_CONCURRENT freed 475K, 78% free 1371K/6019K, paused 1ms+0ms
D/dalvikvm( 1142): GC_CONCURRENT freed 446K, 79% free 1322K/6019K, paused 1ms+2ms
D/dalvikvm( 1142): GC_CONCURRENT freed 407K, 79% free 1307K/6019K, paused 1ms+1ms
D/dalvikvm( 1142): GC_CONCURRENT freed 380K, 79% free 1320K/6019K, paused 1ms+1ms
D/dalvikvm( 1142): GC_CONCURRENT freed 393K, 79% free 1320K/6019K, paused 1ms+1ms
D/dalvikvm( 1142): GC_CONCURRENT freed 393K, 79% free 1312K/6019K, paused 1ms+1ms
D/dalvikvm( 1142): GC_CONCURRENT freed 393K, 79% free 1320K/6019K, paused 1ms+1ms
D/dalvikvm( 1142): GC_CONCURRENT freed 393K, 79% free 1312K/6019K, paused 1ms+1ms
D/dalvikvm( 1142): GC_CONCURRENT freed 389K, 79% free 1322K/6019K, paused 1ms+1ms
D/HomePlayerLib( 1142): hostaddress count is 2
D/dalvikvm( 1142): GC_CONCURRENT freed 409K, 79% free 1309K/6019K, paused 1ms+1ms
D/dalvikvm( 1142): GC_CONCURRENT freed 389K, 79% free 1322K/6019K, paused 1ms+1ms
D/MonitorCw880( 5694): counter=2 && isHeartbeatTimeout=true
D/dalvikvm( 1142): GC_CONCURRENT freed 405K, 79% free 1310K/6019K, paused 1ms+1ms
D/dalvikvm( 1142): GC_CONCURRENT freed 391K, 78% free 1327K/6019K, paused 1ms+1ms
D/dalvikvm( 1142): GC_CONCURRENT freed 390K, 78% free 1329K/6019K, paused 1ms+1ms
D/dalvikvm( 1142): GC_CONCURRENT freed 393K, 78% free 1326K/6019K, paused 1ms+1ms
D/dalvikvm( 1142): GC_CONCURRENT freed 388K, 78% free 1328K/6019K, paused 1ms+1ms
D/dalvikvm( 1142): GC_CONCURRENT freed 398K, 77% free 1399K/6019K, paused 1ms+1ms
D/dalvikvm( 1142): GC_CONCURRENT freed 467K, 78% free 1329K/6019K, paused 1ms+1ms
D/dalvikvm( 1142): GC_CONCURRENT freed 394K, 78% free 1328K/6019K, paused 1ms+1ms
D/dalvikvm( 1142): GC_CONCURRENT freed 393K, 78% free 1327K/6019K, paused 1ms+1ms
D/dalvikvm( 1142): GC_CONCURRENT freed 392K, 78% free 1328K/6019K, paused 1ms+1ms
D/dalvikvm( 1142): GC_CONCURRENT freed 393K, 78% free 1329K/6019K, paused 1ms+1ms
D/dalvikvm( 1142): GC_CONCURRENT freed 393K, 78% free 1328K/6019K, paused 1ms+1ms
D/dalvikvm( 1142): GC_CONCURRENT freed 400K, 79% free 1316K/6019K, paused 1ms+1ms
D/dalvikvm( 1142): GC_CONCURRENT freed 380K, 79% free 1324K/6019K, paused 1ms+1ms
D/dalvikvm( 1142): GC_CONCURRENT freed 395K, 78% free 1324K/6019K, paused 1ms+1ms
D/dalvikvm( 1142): GC_CONCURRENT freed 394K, 79% free 1324K/6019K, paused 0ms+1ms
D/dalvikvm( 1142): GC_CONCURRENT freed 394K, 78% free 1324K/6019K, paused 1ms+1ms
D/MonitorCw880( 5694): counter=2 && isHeartbeatTimeout=true
D/dalvikvm( 1142): GC_CONCURRENT freed 391K, 79% free 1324K/6019K, paused 1ms+1ms
D/dalvikvm( 1142): GC_CONCURRENT freed 392K, 78% free 1324K/6019K, paused 1ms+1ms
D/dalvikvm( 1142): GC_CONCURRENT freed 403K, 79% free 1319K/6019K, paused 1ms+2ms
D/dalvikvm( 1142): GC_CONCURRENT freed 403K, 79% free 1300K/6019K, paused 0ms+1ms
D/dalvikvm( 1142): GC_CONCURRENT freed 376K, 77% free 1431K/6019K, paused 1ms+1ms
D/dalvikvm( 1142): GC_CONCURRENT freed 515K, 77% free 1423K/6019K, paused 1ms+1ms
D/dalvikvm( 1142): GC_CONCURRENT freed 508K, 79% free 1300K/6019K, paused 1ms+1ms
D/dalvikvm( 1142): GC_CONCURRENT freed 383K, 77% free 1424K/6019K, paused 1ms+1ms
D/dalvikvm( 1142): GC_CONCURRENT freed 504K, 79% free 1312K/6019K, paused 1ms+1ms
D/MonitorCw880( 5694): counter=2 && isHeartbeatTimeout=true
D/dalvikvm( 1142): GC_CONCURRENT freed 393K, 79% free 1311K/6019K, paused 1ms+1ms
D/dalvikvm( 1142): GC_CONCURRENT freed 392K, 78% free 1383K/6019K, paused 0ms+1ms
D/dalvikvm( 1142): GC_CONCURRENT freed 457K, 77% free 1438K/6019K, paused 1ms+1ms
D/dalvikvm( 1142): GC_CONCURRENT freed 518K, 79% free 1312K/6019K, paused 0ms+1ms
D/dalvikvm( 1142): GC_CONCURRENT freed 395K, 79% free 1312K/6019K, paused 1ms+2ms
D/MonitorCw880( 5694): counter=2 && isHeartbeatTimeout=true
D/dalvikvm( 1142): GC_CONCURRENT freed 392K, 79% free 1311K/6019K, paused 1ms+1ms
D/dalvikvm( 1142): GC_CONCURRENT freed 392K, 79% free 1312K/6019K, paused 1ms+1ms
D/dalvikvm( 1142): GC_CONCURRENT freed 398K, 79% free 1300K/6019K, paused 1ms+1ms
D/dalvikvm( 1142): GC_CONCURRENT freed 384K, 77% free 1425K/6019K, paused 0ms+1ms
D/dalvikvm( 1142): GC_CONCURRENT freed 505K, 79% free 1312K/6019K, paused 0ms+1ms
D/dalvikvm( 1142): GC_CONCURRENT freed 393K, 77% free 1419K/6019K, paused 1ms+1ms
D/dalvikvm( 1142): GC_CONCURRENT freed 496K, 77% free 1423K/6019K, paused 1ms+1ms
D/dalvikvm( 1142): GC_CONCURRENT freed 491K, 78% free 1325K/6019K, paused 1ms+1ms
D/dalvikvm( 1142): GC_CONCURRENT freed 395K, 78% free 1324K/6019K, paused 1ms+1ms
D/dalvikvm( 1142): GC_CONCURRENT freed 393K, 78% free 1324K/6019K, paused 0ms+1ms
D/MonitorCw880( 5694): counter=2 && isHeartbeatTimeout=true
D/dalvikvm( 1142): GC_CONCURRENT freed 392K, 78% free 1324K/6019K, paused 1ms+1ms
D/dalvikvm( 1142): GC_CONCURRENT freed 392K, 78% free 1325K/6019K, paused 1ms+1ms
D/dalvikvm( 1142): GC_CONCURRENT freed 404K, 78% free 1337K/6019K, paused 1ms+1ms
D/dalvikvm( 1142): GC_CONCURRENT freed 409K, 78% free 1324K/6019K, paused 1ms+1ms
D/dalvikvm( 1142): GC_CONCURRENT freed 394K, 79% free 1324K/6019K, paused 1ms+1ms
D/dalvikvm( 1142): GC_CONCURRENT freed 392K, 78% free 1324K/6019K, paused 1ms+1ms
D/dalvikvm( 1142): GC_CONCURRENT freed 392K, 79% free 1324K/6019K, paused 1ms+2ms
D/dalvikvm( 1142): GC_CONCURRENT freed 393K, 78% free 1324K/6019K, paused 1ms+2ms
D/dalvikvm( 1142): GC_CONCURRENT freed 392K, 78% free 1370K/6019K, paused 1ms+1ms
D/MonitorCw880( 5694): counter=2 && isHeartbeatTimeout=true
D/dalvikvm( 1142): GC_CONCURRENT freed 442K, 77% free 1438K/6019K, paused 1ms+1ms
D/dalvikvm( 1142): GC_CONCURRENT freed 518K, 77% free 1427K/6019K, paused 1ms+1ms
D/dalvikvm( 1142): GC_CONCURRENT freed 488K, 78% free 1330K/6019K, paused 0ms+1ms
D/dalvikvm( 1142): GC_CONCURRENT freed 405K, 76% free 1503K/6019K, paused 1ms+1ms
D/dalvikvm( 1142): GC_CONCURRENT freed 571K, 77% free 1412K/6019K, paused 0ms+1ms
D/dalvikvm( 1142): GC_FOR_ALLOC freed 604K, 79% free 1309K/6019K, paused 11ms
D/dalvikvm( 1142): GC_CONCURRENT freed 7K, 77% free 1415K/6019K, paused 1ms+1ms
D/HomePlayerLib( 1142): hostaddress count is 2
D/dalvikvm( 1142): GC_CONCURRENT freed 491K, 79% free 1323K/6019K, paused 0ms+1ms
D/dalvikvm( 1142): GC_CONCURRENT freed 410K, 79% free 1310K/6019K, paused 1ms+1ms
D/dalvikvm( 1142): GC_CONCURRENT freed 379K, 78% free 1325K/6019K, paused 1ms+1ms
D/dalvikvm( 1142): GC_CONCURRENT freed 390K, 78% free 1328K/6019K, paused 0ms+1ms
D/dalvikvm( 1142): GC_CONCURRENT freed 392K, 77% free 1416K/6019K, paused 1ms+1ms
D/dalvikvm( 1142): GC_CONCURRENT freed 473K, 78% free 1373K/6019K, paused 1ms+1ms
D/MonitorCw880( 5694): counter=2 && isHeartbeatTimeout=true
D/dalvikvm( 1142): GC_CONCURRENT freed 523K, 78% free 1360K/6019K, paused 1ms+1ms
D/dalvikvm( 1142): GC_CONCURRENT freed 436K, 79% free 1316K/6019K, paused 1ms+1ms
D/dalvikvm( 1142): GC_CONCURRENT freed 393K, 77% free 1428K/6019K, paused 0ms+1ms
D/dalvikvm( 1142): GC_CONCURRENT freed 508K, 79% free 1315K/6019K, paused 1ms+1ms
D/dalvikvm( 1142): GC_CONCURRENT freed 396K, 78% free 1349K/6019K, paused 1ms+1ms
D/dalvikvm( 1142): GC_CONCURRENT freed 426K, 79% free 1316K/6019K, paused 1ms+1ms
D/dalvikvm( 1142): GC_CONCURRENT freed 397K, 79% free 1303K/6019K, paused 1ms+1ms
D/dalvikvm( 1142): GC_CONCURRENT freed 365K, 77% free 1427K/6019K, paused 1ms+1ms
D/dalvikvm( 1142): GC_CONCURRENT freed 509K, 78% free 1324K/6019K, paused 1ms+1ms
D/dalvikvm( 1142): GC_CONCURRENT freed 393K, 77% free 1410K/6019K, paused 0ms+1ms
D/dalvikvm( 1142): GC_CONCURRENT freed 479K, 78% free 1325K/6019K, paused 1ms+1ms
D/dalvikvm( 1142): GC_CONCURRENT freed 394K, 79% free 1324K/6019K, paused 0ms+1ms
D/MonitorCw880( 5694): counter=2 && isHeartbeatTimeout=true
D/MonitorCw880( 5694): counter=2 && isHeartbeatTimeout=true
D/dalvikvm( 1142): GC_CONCURRENT freed 392K, 77% free 1411K/6019K, paused 1ms+1ms
D/dalvikvm( 1142): GC_CONCURRENT freed 484K, 79% free 1313K/6019K, paused 0ms+1ms
D/dalvikvm( 1142): GC_CONCURRENT freed 396K, 77% free 1426K/6019K, paused 1ms+1ms
D/dalvikvm( 1142): GC_CONCURRENT freed 488K, 76% free 1449K/6019K, paused 1ms+1ms
D/dalvikvm( 1142): GC_CONCURRENT freed 525K, 78% free 1340K/6019K, paused 1ms+1ms
D/dalvikvm( 1142): GC_CONCURRENT freed 409K, 79% free 1323K/6019K, paused 1ms+1ms
D/dalvikvm( 1142): GC_CONCURRENT freed 394K, 79% free 1323K/6019K, paused 1ms+1ms
D/dalvikvm( 1142): GC_CONCURRENT freed 393K, 77% free 1406K/6019K, paused 1ms+1ms
D/dalvikvm( 1142): GC_CONCURRENT freed 474K, 78% free 1324K/6019K, paused 1ms+1ms
D/dalvikvm( 1142): GC_CONCURRENT freed 392K, 78% free 1329K/6019K, paused 1ms+1ms
D/MonitorCw880( 5694): counter=2 && isHeartbeatTimeout=true
D/dalvikvm( 1142): GC_CONCURRENT freed 403K, 79% free 1312K/6019K, paused 0ms+1ms
D/dalvikvm( 1142): GC_CONCURRENT freed 396K, 77% free 1426K/6019K, paused 1ms+1ms
D/dalvikvm( 1142): GC_CONCURRENT freed 487K, 76% free 1450K/6019K, paused 0ms+1ms
D/dalvikvm( 1142): GC_CONCURRENT freed 526K, 77% free 1429K/6019K, paused 1ms+1ms
D/MonitorCw880( 5694): counter=2 && isHeartbeatTimeout=true
D/dalvikvm( 1142): GC_CONCURRENT freed 490K, 78% free 1325K/6019K, paused 1ms+1ms
D/dalvikvm( 1142): GC_CONCURRENT freed 393K, 78% free 1324K/6019K, paused 1ms+1ms
D/dalvikvm( 1142): GC_CONCURRENT freed 393K, 78% free 1324K/6019K, paused 1ms+1ms
D/dalvikvm( 1142): GC_CONCURRENT freed 392K, 78% free 1370K/6019K, paused 1ms+1ms
D/dalvikvm( 1142): GC_CONCURRENT freed 443K, 79% free 1322K/6019K, paused 1ms+1ms
D/dalvikvm( 1142): GC_CONCURRENT freed 396K, 79% free 1319K/6019K, paused 1ms+1ms
D/dalvikvm( 1142): GC_CONCURRENT freed 394K, 79% free 1312K/6019K, paused 2ms+1ms
D/dalvikvm( 1142): GC_CONCURRENT freed 394K, 79% free 1312K/6019K, paused 1ms+1ms
D/dalvikvm( 1142): GC_CONCURRENT freed 393K, 79% free 1311K/6019K, paused 1ms+1ms
D/dalvikvm( 1142): GC_CONCURRENT freed 391K, 79% free 1312K/6019K, paused 1ms+1ms
D/MonitorCw880( 5694): counter=2 && isHeartbeatTimeout=true
D/dalvikvm( 1142): GC_CONCURRENT freed 406K, 78% free 1370K/6019K, paused 1ms+1ms
D/dalvikvm( 1142): GC_CONCURRENT freed 443K, 75% free 1535K/6019K, paused 1ms+1ms
D/dalvikvm( 1142): GC_CONCURRENT freed 620K, 79% free 1300K/6019K, paused 1ms+1ms
D/dalvikvm( 1142): GC_CONCURRENT freed 368K, 78% free 1325K/6019K, paused 1ms+1ms
D/dalvikvm( 1142): GC_CONCURRENT freed 404K, 79% free 1321K/6019K, paused 1ms+1ms
D/dalvikvm( 1142): GC_CONCURRENT freed 396K, 79% free 1319K/6019K, paused 1ms+1ms
D/dalvikvm( 1142): GC_CONCURRENT freed 512K, 79% free 1313K/6019K, paused 1ms+1ms
D/dalvikvm( 1142): GC_CONCURRENT freed 394K, 79% free 1312K/6019K, paused 1ms+1ms
D/dalvikvm( 1142): GC_CONCURRENT freed 389K, 79% free 1323K/6019K, paused 1ms+1ms
D/HomePlayerLib( 1142): hostaddress count is 2
D/dalvikvm( 1142): GC_CONCURRENT freed 391K, 78% free 1326K/6019K, paused 1ms+1ms
D/dalvikvm( 1142): GC_CONCURRENT freed 392K, 78% free 1348K/6019K, paused 1ms+1ms
D/dalvikvm( 1142): GC_CONCURRENT freed 434K, 77% free 1421K/6019K, paused 1ms+1ms
D/dalvikvm( 1142): GC_CONCURRENT freed 500K, 79% free 1311K/6019K, paused 1ms+1ms
D/dalvikvm( 1142): GC_CONCURRENT freed 414K, 77% free 1409K/6019K, paused 1ms+1ms
D/dalvikvm( 1142): GC_CONCURRENT freed 495K, 77% free 1415K/6019K, paused 1ms+1ms
D/dalvikvm( 1142): GC_CONCURRENT freed 495K, 77% free 1432K/6019K, paused 1ms+1ms
D/dalvikvm( 1142): GC_CONCURRENT freed 497K, 77% free 1435K/6019K, paused 1ms+1ms
D/dalvikvm( 1142): GC_CONCURRENT freed 514K, 78% free 1376K/6019K, paused 0ms+1ms
D/dalvikvm( 1142): GC_CONCURRENT freed 542K, 78% free 1364K/6019K, paused 0ms+1ms
D/dalvikvm( 1142): GC_CONCURRENT freed 441K, 77% free 1438K/6019K, paused 0ms+1ms
D/MonitorCw880( 5694): counter=2 && isHeartbeatTimeout=true
D/dalvikvm( 1142): GC_CONCURRENT freed 526K, 77% free 1423K/6019K, paused 1ms+1ms
D/dalvikvm( 1142): GC_CONCURRENT freed 491K, 78% free 1329K/6019K, paused 1ms+1ms
D/dalvikvm( 1142): GC_CONCURRENT freed 393K, 77% free 1433K/6019K, paused 1ms+1ms
D/dalvikvm( 1142): GC_CONCURRENT freed 513K, 79% free 1312K/6019K, paused 1ms+2ms
D/dalvikvm( 1142): GC_CONCURRENT freed 379K, 77% free 1435K/6019K, paused 1ms+1ms
D/dalvikvm( 1142): GC_CONCURRENT freed 503K, 77% free 1399K/6019K, paused 1ms+1ms
D/dalvikvm( 1142): GC_CONCURRENT freed 487K, 78% free 1328K/6019K, paused 1ms+1ms
D/dalvikvm( 1142): GC_CONCURRENT freed 411K, 77% free 1384K/6019K, paused 1ms+2ms
D/dalvikvm( 1142): GC_CONCURRENT freed 453K, 79% free 1324K/6019K, paused 1ms+1ms
D/dalvikvm( 1142): GC_CONCURRENT freed 394K, 78% free 1324K/6019K, paused 1ms+1ms
D/dalvikvm( 1142): GC_CONCURRENT freed 394K, 78% free 1324K/6019K, paused 1ms+1ms
D/dalvikvm( 1142): GC_CONCURRENT freed 393K, 78% free 1324K/6019K, paused 1ms+1ms
D/MonitorCw880( 5694): counter=2 && isHeartbeatTimeout=true
D/dalvikvm( 1142): GC_CONCURRENT freed 392K, 78% free 1324K/6019K, paused 1ms+1ms
D/MonitorCw880( 5694): counter=2 && isHeartbeatTimeout=true
D/dalvikvm( 1142): GC_CONCURRENT freed 392K, 78% free 1325K/6019K, paused 1ms+1ms
D/dalvikvm( 1142): GC_CONCURRENT freed 404K, 76% free 1446K/6019K, paused 1ms+1ms
D/dalvikvm( 1142): GC_CONCURRENT freed 518K, 79% free 1313K/6019K, paused 1ms+1ms
D/dalvikvm( 1142): GC_CONCURRENT freed 395K, 77% free 1424K/6019K, paused 1ms+1ms
D/dalvikvm( 1142): GC_CONCURRENT freed 495K, 77% free 1406K/6019K, paused 1ms+1ms
D/dalvikvm( 1142): GC_CONCURRENT freed 478K, 77% free 1421K/6019K, paused 0ms+1ms
D/dalvikvm( 1142): GC_CONCURRENT freed 487K, 78% free 1371K/6019K, paused 0ms+1ms
D/dalvikvm( 1142): GC_CONCURRENT freed 444K, 79% free 1312K/6019K, paused 1ms+1ms
D/dalvikvm( 1142): GC_CONCURRENT freed 396K, 79% free 1319K/6019K, paused 0ms+1ms
D/dalvikvm( 1142): GC_CONCURRENT freed 394K, 79% free 1320K/6019K, paused 1ms+1ms
D/dalvikvm( 1142): GC_CONCURRENT freed 394K, 79% free 1320K/6019K, paused 1ms+1ms
D/MonitorCw880( 5694): counter=2 && isHeartbeatTimeout=true
D/dalvikvm( 1142): GC_CONCURRENT freed 393K, 78% free 1378K/6019K, paused 0ms+1ms
D/dalvikvm( 1142): GC_CONCURRENT freed 447K, 78% free 1325K/6019K, paused 0ms+1ms
D/dalvikvm( 1142): GC_CONCURRENT freed 394K, 78% free 1325K/6019K, paused 1ms+1ms
D/dalvikvm( 1142): GC_CONCURRENT freed 401K, 78% free 1381K/6019K, paused 0ms+1ms
D/MonitorCw880( 5694): counter=2 && isHeartbeatTimeout=true
D/dalvikvm( 1142): GC_CONCURRENT freed 450K, 79% free 1324K/6019K, paused 1ms+1ms
D/dalvikvm( 1142): GC_CONCURRENT freed 394K, 77% free 1406K/6019K, paused 1ms+1ms
D/dalvikvm( 1142): GC_CONCURRENT freed 474K, 78% free 1371K/6019K, paused 1ms+1ms
D/dalvikvm( 1142): GC_CONCURRENT freed 442K, 78% free 1381K/6019K, paused 0ms+1ms
D/dalvikvm( 1142): GC_CONCURRENT freed 450K, 77% free 1430K/6019K, paused 0ms+1ms
D/dalvikvm( 1142): GC_CONCURRENT freed 502K, 77% free 1384K/6019K, paused 1ms+1ms
D/dalvikvm( 1142): GC_CONCURRENT freed 459K, 78% free 1384K/6019K, paused 1ms+1ms
D/dalvikvm( 1142): GC_CONCURRENT freed 451K, 78% free 1367K/6019K, paused 1ms+1ms
D/dalvikvm( 1142): GC_CONCURRENT freed 459K, 77% free 1404K/6019K, paused 0ms+1ms
D/dalvikvm( 1142): GC_CONCURRENT freed 487K, 79% free 1308K/6019K, paused 1ms+1ms
D/dalvikvm( 1142): GC_CONCURRENT freed 379K, 77% free 1431K/6019K, paused 1ms+1ms
D/MonitorCw880( 5694): counter=2 && isHeartbeatTimeout=true
D/dalvikvm( 1142): GC_CONCURRENT freed 504K, 79% free 1312K/6019K, paused 1ms+1ms
D/dalvikvm( 1142): GC_CONCURRENT freed 394K, 77% free 1424K/6019K, paused 1ms+1ms
D/HomePlayerLib( 1142): hostaddress count is 2
D/dalvikvm( 1142): GC_CONCURRENT freed 505K, 79% free 1318K/6019K, paused 0ms+1ms
D/dalvikvm( 1142): GC_CONCURRENT freed 388K, 79% free 1321K/6019K, paused 1ms+0ms
D/dalvikvm( 1142): GC_CONCURRENT freed 403K, 77% free 1424K/6019K, paused 1ms+1ms
D/dalvikvm( 1142): GC_CONCURRENT freed 498K, 78% free 1333K/6019K, paused 1ms+1ms
D/dalvikvm( 1142): GC_CONCURRENT freed 400K, 75% free 1526K/6019K, paused 1ms+1ms
D/dalvikvm( 1142): GC_CONCURRENT freed 603K, 78% free 1382K/6019K, paused 0ms+1ms
D/dalvikvm( 1142): GC_CONCURRENT freed 451K, 78% free 1325K/6019K, paused 1ms+2ms
D/dalvikvm( 1142): GC_CONCURRENT freed 446K, 77% free 1390K/6019K, paused 1ms+1ms
D/dalvikvm( 1142): GC_CONCURRENT freed 448K, 76% free 1453K/6019K, paused 1ms+1ms
D/dalvikvm( 1142): GC_CONCURRENT freed 524K, 79% free 1318K/6019K, paused 1ms+1ms
D/dalvikvm( 1142): GC_CONCURRENT freed 409K, 77% free 1415K/6019K, paused 1ms+1ms
D/dalvikvm( 1142): GC_CONCURRENT freed 481K, 78% free 1355K/6019K, paused 1ms+1ms
D/dalvikvm( 1142): GC_CONCURRENT freed 426K, 78% free 1373K/6019K, paused 1ms+1ms
D/dalvikvm( 1142): GC_CONCURRENT freed 453K, 79% free 1314K/6019K, paused 1ms+1ms
D/dalvikvm( 1142): GC_CONCURRENT freed 398K, 79% free 1310K/6019K, paused 1ms+1ms
D/MonitorCw880( 5694): counter=2 && isHeartbeatTimeout=true
D/dalvikvm( 1142): GC_CONCURRENT freed 394K, 77% free 1420K/6019K, paused 1ms+2ms
D/dalvikvm( 1142): GC_CONCURRENT freed 487K, 77% free 1412K/6019K, paused 1ms+2ms
D/MonitorCw880( 5694): counter=2 && isHeartbeatTimeout=true
D/dalvikvm( 1142): GC_CONCURRENT freed 484K, 79% free 1313K/6019K, paused 1ms+1ms
D/dalvikvm( 1142): GC_CONCURRENT freed 396K, 79% free 1310K/6019K, paused 1ms+1ms
D/dalvikvm( 1142): GC_CONCURRENT freed 393K, 79% free 1311K/6019K, paused 1ms+1ms
D/dalvikvm( 1142): GC_CONCURRENT freed 394K, 79% free 1311K/6019K, paused 1ms+1ms
D/dalvikvm( 1142): GC_CONCURRENT freed 393K, 77% free 1421K/6019K, paused 1ms+1ms
D/dalvikvm( 1142): GC_CONCURRENT freed 487K, 78% free 1330K/6019K, paused 1ms+1ms
D/dalvikvm( 1142): GC_CONCURRENT freed 402K, 77% free 1437K/6019K, paused 0ms+1ms
D/dalvikvm( 1142): GC_CONCURRENT freed 517K, 79% free 1312K/6019K, paused 1ms+1ms
D/MonitorCw880( 5694): counter=2 && isHeartbeatTimeout=true
D/dalvikvm( 1142): GC_CONCURRENT freed 393K, 77% free 1424K/6019K, paused 1ms+1ms
D/dalvikvm( 1142): GC_CONCURRENT freed 496K, 79% free 1313K/6019K, paused 1ms+1ms
D/dalvikvm( 1142): GC_CONCURRENT freed 397K, 77% free 1426K/6019K, paused 1ms+1ms
D/dalvikvm( 1142): GC_CONCURRENT freed 488K, 78% free 1324K/6019K, paused 1ms+1ms
D/dalvikvm( 1142): GC_CONCURRENT freed 394K, 78% free 1324K/6019K, paused 1ms+1ms
D/dalvikvm( 1142): GC_CONCURRENT freed 393K, 78% free 1370K/6019K, paused 0ms+1ms
D/dalvikvm( 1142): GC_CONCURRENT freed 445K, 79% free 1312K/6019K, paused 1ms+1ms
D/MonitorCw880( 5694): counter=2 && isHeartbeatTimeout=true
D/dalvikvm( 1142): GC_CONCURRENT freed 394K, 79% free 1310K/6019K, paused 1ms+0ms
D/dalvikvm( 1142): GC_CONCURRENT freed 392K, 79% free 1311K/6019K, paused 1ms+1ms
D/dalvikvm( 1142): GC_CONCURRENT freed 393K, 77% free 1418K/6019K, paused 1ms+1ms
D/dalvikvm( 1142): GC_CONCURRENT freed 497K, 78% free 1342K/6019K, paused 1ms+1ms
D/dalvikvm( 1142): GC_CONCURRENT freed 413K, 77% free 1422K/6019K, paused 1ms+1ms
D/dalvikvm( 1142): GC_CONCURRENT freed 489K, 77% free 1431K/6019K, paused 0ms+1ms
D/dalvikvm( 1142): GC_CONCURRENT freed 502K, 79% free 1313K/6019K, paused 0ms+1ms
D/dalvikvm( 1142): GC_CONCURRENT freed 399K, 79% free 1300K/6019K, paused 0ms+1ms
D/dalvikvm( 1142): GC_CONCURRENT freed 383K, 78% free 1325K/6019K, paused 1ms+1ms
D/dalvikvm( 1142): GC_CONCURRENT freed 394K, 79% free 1324K/6019K, paused 1ms+1ms
D/dalvikvm( 1142): GC_CONCURRENT freed 392K, 79% free 1324K/6019K, paused 0ms+1ms
D/dalvikvm( 1142): GC_CONCURRENT freed 393K, 79% free 1324K/6019K, paused 1ms+1ms
D/dalvikvm( 1142): GC_CONCURRENT freed 393K, 77% free 1430K/6019K, paused 1ms+1ms
D/MonitorCw880( 5694): counter=2 && isHeartbeatTimeout=true
D/dalvikvm( 1142): GC_CONCURRENT freed 513K, 79% free 1310K/6019K, paused 1ms+1ms
D/dalvikvm( 1142): GC_CONCURRENT freed 379K, 77% free 1408K/6019K, paused 1ms+1ms
D/dalvikvm( 1142): GC_CONCURRENT freed 475K, 77% free 1430K/6019K, paused 1ms+1ms
D/dalvikvm( 1142): GC_CONCURRENT freed 502K, 78% free 1344K/6019K, paused 1ms+1ms
D/dalvikvm( 1142): GC_CONCURRENT freed 418K, 77% free 1396K/6019K, paused 1ms+2ms
D/dalvikvm( 1142): GC_CONCURRENT freed 478K, 78% free 1337K/6019K, paused 1ms+1ms
D/dalvikvm( 1142): GC_CONCURRENT freed 405K, 78% free 1324K/6019K, paused 1ms+1ms
D/dalvikvm( 1142): GC_CONCURRENT freed 392K, 78% free 1324K/6019K, paused 1ms+1ms
D/dalvikvm( 1142): GC_CONCURRENT freed 393K, 78% free 1324K/6019K, paused 1ms+1ms
D/dalvikvm( 1142): GC_CONCURRENT freed 393K, 78% free 1324K/6019K, paused 1ms+1ms
D/dalvikvm( 1142): GC_CONCURRENT freed 404K, 79% free 1305K/6019K, paused 1ms+1ms
D/dalvikvm( 1142): GC_CONCURRENT freed 387K, 78% free 1324K/6019K, paused 1ms+1ms
D/HomePlayerLib( 1142): hostaddress count is 2
D/dalvikvm( 1142): GC_CONCURRENT freed 407K, 79% free 1310K/6019K, paused 0ms+1ms
D/dalvikvm( 1142): GC_CONCURRENT freed 387K, 79% free 1322K/6019K, paused 1ms+1ms
D/dalvikvm( 1142): GC_CONCURRENT freed 403K, 79% free 1310K/6019K, paused 1ms+1ms
D/dalvikvm( 1142): GC_CONCURRENT freed 378K, 78% free 1326K/6019K, paused 1ms+1ms
D/MonitorCw880( 5694): counter=2 && isHeartbeatTimeout=true
D/dalvikvm( 1142): GC_CONCURRENT freed 389K, 78% free 1329K/6019K, paused 1ms+1ms
D/dalvikvm( 1142): GC_CONCURRENT freed 397K, 78% free 1331K/6019K, paused 1ms+1ms
D/dalvikvm( 1142): GC_CONCURRENT freed 412K, 78% free 1330K/6019K, paused 1ms+2ms
D/dalvikvm( 1142): GC_CONCURRENT freed 394K, 77% free 1428K/6019K, paused 0ms+1ms
D/dalvikvm( 1142): GC_CONCURRENT freed 500K, 77% free 1389K/6019K, paused 0ms+1ms
D/dalvikvm( 1142): GC_CONCURRENT freed 468K, 77% free 1425K/6019K, paused 1ms+1ms
D/dalvikvm( 1142): GC_CONCURRENT freed 491K, 76% free 1496K/6019K, paused 1ms+1ms
D/dalvikvm( 1142): GC_CONCURRENT freed 563K, 77% free 1443K/6019K, paused 1ms+1ms
D/dalvikvm( 1142): GC_CONCURRENT freed 612K, 78% free 1329K/6019K, paused 1ms+1ms
D/dalvikvm( 1142): GC_CONCURRENT freed 393K, 78% free 1329K/6019K, paused 1ms+0ms
D/dalvikvm( 1142): GC_CONCURRENT freed 403K, 79% free 1315K/6019K, paused 1ms+1ms
D/dalvikvm( 1142): GC_CONCURRENT freed 379K, 79% free 1324K/6019K, paused 1ms+1ms
D/dalvikvm( 1142): GC_CONCURRENT freed 396K, 77% free 1430K/6019K, paused 1ms+1ms
D/dalvikvm( 1142): GC_CONCURRENT freed 502K, 79% free 1312K/6019K, paused 1ms+1ms
D/MonitorCw880( 5694): counter=2 && isHeartbeatTimeout=true
D/MonitorCw880( 5694): counter=2 && isHeartbeatTimeout=true
D/dalvikvm( 1142): GC_CONCURRENT freed 393K, 79% free 1311K/6019K, paused 0ms+1ms
D/dalvikvm( 1142): GC_CONCURRENT freed 392K, 79% free 1312K/6019K, paused 1ms+1ms
D/dalvikvm( 1142): GC_CONCURRENT freed 398K, 79% free 1313K/6019K, paused 1ms+1ms
D/dalvikvm( 1142): GC_CONCURRENT freed 382K, 78% free 1325K/6019K, paused 1ms+1ms
D/dalvikvm( 1142): GC_CONCURRENT freed 396K, 77% free 1407K/6019K, paused 1ms+1ms
D/dalvikvm( 1142): GC_CONCURRENT freed 474K, 78% free 1324K/6019K, paused 1ms+1ms
D/dalvikvm( 1142): GC_CONCURRENT freed 394K, 79% free 1324K/6019K, paused 1ms+1ms
D/dalvikvm( 1142): GC_CONCURRENT freed 393K, 78% free 1370K/6019K, paused 1ms+1ms
D/dalvikvm( 1142): GC_CONCURRENT freed 443K, 77% free 1396K/6019K, paused 1ms+0ms
D/dalvikvm( 1142): GC_CONCURRENT freed 476K, 77% free 1426K/6019K, paused 1ms+1ms
D/dalvikvm( 1142): GC_CONCURRENT freed 488K, 78% free 1371K/6019K, paused 1ms+1ms
D/MonitorCw880( 5694): counter=2 && isHeartbeatTimeout=true
D/dalvikvm( 1142): GC_CONCURRENT freed 445K, 77% free 1437K/6019K, paused 1ms+1ms
D/dalvikvm( 1142): GC_CONCURRENT freed 518K, 79% free 1312K/6019K, paused 1ms+1ms
D/dalvikvm( 1142): GC_CONCURRENT freed 395K, 79% free 1311K/6019K, paused 1ms+1ms
D/dalvikvm( 1142): GC_CONCURRENT freed 393K, 79% free 1303K/6019K, paused 1ms+1ms
D/dalvikvm( 1142): GC_CONCURRENT freed 364K, 79% free 1323K/6019K, paused 1ms+1ms
D/dalvikvm( 1142): GC_CONCURRENT freed 392K, 78% free 1329K/6019K, paused 1ms+1ms
D/MonitorCw880( 5694): counter=2 && isHeartbeatTimeout=true
D/dalvikvm( 1142): GC_CONCURRENT freed 404K, 77% free 1421K/6019K, paused 0ms+1ms
D/dalvikvm( 1142): GC_CONCURRENT freed 491K, 78% free 1324K/6019K, paused 1ms+1ms
D/dalvikvm( 1142): GC_CONCURRENT freed 394K, 77% free 1407K/6019K, paused 1ms+1ms
D/dalvikvm( 1142): GC_CONCURRENT freed 472K, 78% free 1325K/6019K, paused 1ms+1ms
D/dalvikvm( 1142): GC_CONCURRENT freed 404K, 77% free 1421K/6019K, paused 0ms+1ms
D/dalvikvm( 1142): GC_CONCURRENT freed 490K, 78% free 1325K/6019K, paused 0ms+1ms
D/dalvikvm( 1142): GC_CONCURRENT freed 395K, 79% free 1324K/6019K, paused 1ms+1ms
D/MonitorCw880( 5694): counter=2 && isHeartbeatTimeout=true
D/dalvikvm( 1142): GC_CONCURRENT freed 393K, 78% free 1324K/6019K, paused 1ms+1ms
D/dalvikvm( 1142): GC_CONCURRENT freed 392K, 78% free 1324K/6019K, paused 1ms+2ms
D/dalvikvm( 1142): GC_CONCURRENT freed 392K, 78% free 1325K/6019K, paused 1ms+1ms
D/dalvikvm( 1142): GC_CONCURRENT freed 404K, 79% free 1312K/6019K, paused 1ms+1ms
D/dalvikvm( 1142): GC_CONCURRENT freed 396K, 79% free 1310K/6019K, paused 1ms+1ms
D/dalvikvm( 1142): GC_CONCURRENT freed 394K, 79% free 1311K/6019K, paused 0ms+1ms
D/dalvikvm( 1142): GC_CONCURRENT freed 389K, 77% free 1427K/6019K, paused 1ms+1ms
D/HomePlayerLib( 1142): hostaddress count is 2
D/dalvikvm( 1142): GC_CONCURRENT freed 495K, 77% free 1436K/6019K, paused 0ms+1ms
D/dalvikvm( 1142): GC_CONCURRENT freed 505K, 77% free 1405K/6019K, paused 1ms+1ms
D/dalvikvm( 1142): GC_CONCURRENT freed 486K, 78% free 1373K/6019K, paused 1ms+1ms
D/dalvikvm( 1142): GC_CONCURRENT freed 453K, 78% free 1328K/6019K, paused 0ms+1ms
D/dalvikvm( 1142): GC_CONCURRENT freed 395K, 77% free 1433K/6019K, paused 0ms+1ms
D/dalvikvm( 1142): GC_CONCURRENT freed 512K, 77% free 1417K/6019K, paused 0ms+1ms
D/MonitorCw880( 5694): counter=2 && isHeartbeatTimeout=true
D/dalvikvm( 1142): GC_CONCURRENT freed 486K, 77% free 1442K/6019K, paused 1ms+2ms
D/dalvikvm( 1142): GC_CONCURRENT freed 522K, 77% free 1431K/6019K, paused 1ms+1ms
D/dalvikvm( 1142): GC_CONCURRENT freed 495K, 78% free 1332K/6019K, paused 1ms+1ms
D/dalvikvm( 1142): GC_CONCURRENT freed 402K, 77% free 1442K/6019K, paused 1ms+1ms
D/dalvikvm( 1142): GC_CONCURRENT freed 511K, 77% free 1436K/6019K, paused 1ms+1ms
D/dalvikvm( 1142): GC_CONCURRENT freed 492K, 78% free 1329K/6019K, paused 1ms+1ms
D/dalvikvm( 1142): GC_CONCURRENT freed 402K, 77% free 1431K/6019K, paused 1ms+1ms
D/dalvikvm( 1142): GC_CONCURRENT freed 489K, 78% free 1329K/6019K, paused 0ms+1ms
D/dalvikvm( 1142): GC_CONCURRENT freed 406K, 78% free 1326K/6019K, paused 1ms+1ms
D/dalvikvm( 1142): GC_CONCURRENT freed 395K, 78% free 1324K/6019K, paused 1ms+1ms
D/dalvikvm( 1142): GC_CONCURRENT freed 393K, 79% free 1324K/6019K, paused 1ms+1ms
D/MonitorCw880( 5694): counter=2 && isHeartbeatTimeout=true
D/dalvikvm( 1142): GC_CONCURRENT freed 392K, 78% free 1325K/6019K, paused 1ms+1ms
D/dalvikvm( 1142): GC_CONCURRENT freed 403K, 78% free 1337K/6019K, paused 1ms+1ms
D/dalvikvm( 1142): GC_CONCURRENT freed 409K, 79% free 1323K/6019K, paused 1ms+1ms
D/dalvikvm( 1142): GC_CONCURRENT freed 462K, 78% free 1362K/6019K, paused 0ms+1ms
D/MonitorCw880( 5694): counter=2 && isHeartbeatTimeout=true
D/dalvikvm( 1142): GC_CONCURRENT freed 446K, 78% free 1324K/6019K, paused 1ms+1ms
D/dalvikvm( 1142): GC_CONCURRENT freed 392K, 78% free 1324K/6019K, paused 1ms+1ms
D/dalvikvm( 1142): GC_CONCURRENT freed 400K, 79% free 1323K/6019K, paused 1ms+1ms
D/dalvikvm( 1142): GC_CONCURRENT freed 420K, 77% free 1403K/6019K, paused 1ms+1ms
D/dalvikvm( 1142): GC_CONCURRENT freed 475K, 77% free 1425K/6019K, paused 1ms+1ms
D/dalvikvm( 1142): GC_CONCURRENT freed 497K, 77% free 1438K/6019K, paused 1ms+1ms
D/dalvikvm( 1142): GC_CONCURRENT freed 517K, 79% free 1312K/6019K, paused 1ms+1ms
D/dalvikvm( 1142): GC_CONCURRENT freed 394K, 77% free 1424K/6019K, paused 1ms+1ms
D/dalvikvm( 1142): GC_CONCURRENT freed 495K, 78% free 1356K/6019K, paused 1ms+1ms
D/dalvikvm( 1142): GC_CONCURRENT freed 436K, 79% free 1312K/6019K, paused 1ms+1ms
D/dalvikvm( 1142): GC_CONCURRENT freed 394K, 79% free 1320K/6019K, paused 1ms+1ms
D/dalvikvm( 1142): GC_CONCURRENT freed 405K, 78% free 1324K/6019K, paused 1ms+1ms
D/dalvikvm( 1142): GC_CONCURRENT freed 393K, 78% free 1324K/6019K, paused 1ms+1ms
D/MonitorCw880( 5694): counter=2 && isHeartbeatTimeout=true
D/dalvikvm( 1142): GC_CONCURRENT freed 393K, 78% free 1325K/6019K, paused 1ms+1ms
D/dalvikvm( 1142): GC_CONCURRENT freed 393K, 78% free 1325K/6019K, paused 1ms+2ms
D/dalvikvm( 1142): GC_CONCURRENT freed 401K, 79% free 1313K/6019K, paused 1ms+1ms
D/dalvikvm( 1142): GC_CONCURRENT freed 396K, 79% free 1319K/6019K, paused 1ms+1ms
D/dalvikvm( 1142): GC_CONCURRENT freed 394K, 77% free 1419K/6019K, paused 1ms+1ms
D/dalvikvm( 1142): GC_CONCURRENT freed 487K, 78% free 1325K/6019K, paused 1ms+1ms
D/dalvikvm( 1142): GC_CONCURRENT freed 394K, 78% free 1324K/6019K, paused 1ms+2ms
D/dalvikvm( 1142): GC_CONCURRENT freed 392K, 78% free 1325K/6019K, paused 1ms+1ms
D/dalvikvm( 1142): GC_CONCURRENT freed 403K, 79% free 1321K/6019K, paused 1ms+1ms
D/dalvikvm( 1142): GC_CONCURRENT freed 396K, 79% free 1319K/6019K, paused 1ms+1ms
D/dalvikvm( 1142): GC_CONCURRENT freed 394K, 79% free 1320K/6019K, paused 1ms+1ms
D/MonitorCw880( 5694): counter=2 && isHeartbeatTimeout=true
D/dalvikvm( 1142): GC_CONCURRENT freed 394K, 79% free 1320K/6019K, paused 1ms+1ms
D/dalvikvm( 1142): GC_CONCURRENT freed 404K, 78% free 1324K/6019K, paused 1ms+1ms
D/dalvikvm( 1142): GC_CONCURRENT freed 392K, 78% free 1324K/6019K, paused 1ms+2ms
D/dalvikvm( 1142): GC_CONCURRENT freed 393K, 78% free 1324K/6019K, paused 1ms+1ms
D/dalvikvm( 1142): GC_CONCURRENT freed 393K, 78% free 1325K/6019K, paused 1ms+1ms
D/dalvikvm( 1142): GC_CONCURRENT freed 404K, 77% free 1396K/6019K, paused 1ms+1ms
D/dalvikvm( 1142): GC_CONCURRENT freed 476K, 77% free 1420K/6019K, paused 0ms+1ms
D/dalvikvm( 1142): GC_CONCURRENT freed 487K, 78% free 1371K/6019K, paused 0ms+1ms
D/MonitorCw880( 5694): counter=2 && isHeartbeatTimeout=true
D/dalvikvm( 1142): GC_CONCURRENT freed 445K, 79% free 1312K/6019K, paused 0ms+1ms
D/dalvikvm( 1142): GC_CONCURRENT freed 397K, 78% free 1378K/6019K, paused 1ms+1ms
D/dalvikvm( 1142): GC_CONCURRENT freed 448K, 77% free 1430K/6019K, paused 1ms+1ms
D/dalvikvm( 1142): GC_CONCURRENT freed 498K, 79% free 1323K/6019K, paused 1ms+1ms
D/HomePlayerLib( 1142): hostaddress count is 2
D/dalvikvm( 1142): GC_CONCURRENT freed 410K, 79% free 1308K/6019K, paused 1ms+1ms
D/dalvikvm( 1142): GC_CONCURRENT freed 389K, 77% free 1428K/6019K, paused 1ms+1ms
D/dalvikvm( 1142): GC_CONCURRENT freed 486K, 77% free 1414K/6019K, paused 1ms+1ms
D/dalvikvm( 1142): GC_CONCURRENT freed 493K, 78% free 1329K/6019K, paused 1ms+1ms
D/dalvikvm( 1142): GC_CONCURRENT freed 395K, 78% free 1368K/6019K, paused 1ms+1ms
D/dalvikvm( 1142): GC_CONCURRENT freed 432K, 78% free 1329K/6019K, paused 1ms+1ms
D/dalvikvm( 1142): GC_CONCURRENT freed 391K, 78% free 1324K/6019K, paused 1ms+1ms
D/dalvikvm( 1142): GC_CONCURRENT freed 398K, 76% free 1479K/6019K, paused 1ms+2ms
D/dalvikvm( 1142): GC_CONCURRENT freed 651K, 78% free 1332K/6019K, paused 1ms+2ms
D/dalvikvm( 1142): GC_CONCURRENT freed 407K, 79% free 1312K/6019K, paused 1ms+1ms
D/dalvikvm( 1142): GC_CONCURRENT freed 385K, 79% free 1323K/6019K, paused 0ms+1ms
D/dalvikvm( 1142): GC_CONCURRENT freed 391K, 78% free 1347K/6019K, paused 1ms+1ms
D/MonitorCw880( 5694): counter=2 && isHeartbeatTimeout=true
D/dalvikvm( 1142): GC_CONCURRENT freed 428K, 79% free 1323K/6019K, paused 1ms+1ms
D/dalvikvm( 1142): GC_CONCURRENT freed 397K, 79% free 1319K/6019K, paused 1ms+1ms
D/dalvikvm( 1142): GC_CONCURRENT freed 394K, 79% free 1320K/6019K, paused 1ms+1ms
D/dalvikvm( 1142): GC_CONCURRENT freed 393K, 79% free 1320K/6019K, paused 1ms+2ms
D/dalvikvm( 1142): GC_CONCURRENT freed 393K, 79% free 1320K/6019K, paused 1ms+1ms
D/dalvikvm( 1142): GC_CONCURRENT freed 394K, 79% free 1320K/6019K, paused 1ms+1ms
D/MonitorCw880( 5694): counter=2 && isHeartbeatTimeout=true
D/dalvikvm( 1142): GC_CONCURRENT freed 404K, 78% free 1324K/6019K, paused 1ms+1ms
D/dalvikvm( 1142): GC_CONCURRENT freed 392K, 78% free 1325K/6019K, paused 1ms+1ms
D/dalvikvm( 1142): GC_CONCURRENT freed 404K, 78% free 1381K/6019K, paused 1ms+1ms
D/dalvikvm( 1142): GC_CONCURRENT freed 450K, 78% free 1324K/6019K, paused 1ms+1ms
D/dalvikvm( 1142): GC_CONCURRENT freed 394K, 79% free 1324K/6019K, paused 1ms+1ms
D/dalvikvm( 1142): GC_CONCURRENT freed 392K, 77% free 1430K/6019K, paused 1ms+1ms
D/dalvikvm( 1142): GC_CONCURRENT freed 512K, 79% free 1301K/6019K, paused 1ms+1ms
D/dalvikvm( 1142): GC_CONCURRENT freed 379K, 77% free 1431K/6019K, paused 1ms+1ms
D/dalvikvm( 1142): GC_CONCURRENT freed 504K, 79% free 1313K/6019K, paused 1ms+1ms
D/MonitorCw880( 5694): counter=2 && isHeartbeatTimeout=true
D/dalvikvm( 1142): GC_CONCURRENT freed 394K, 77% free 1424K/6019K, paused 1ms+1ms
D/dalvikvm( 1142): GC_CONCURRENT freed 495K, 77% free 1438K/6019K, paused 1ms+1ms
D/dalvikvm( 1142): GC_CONCURRENT freed 518K, 79% free 1313K/6019K, paused 1ms+1ms
D/dalvikvm( 1142): GC_CONCURRENT freed 395K, 79% free 1311K/6019K, paused 0ms+1ms
D/dalvikvm( 1142): GC_CONCURRENT freed 393K, 79% free 1311K/6019K, paused 1ms+1ms
D/dalvikvm( 1142): GC_CONCURRENT freed 393K, 78% free 1343K/6019K, paused 1ms+1ms
D/dalvikvm( 1142): GC_CONCURRENT freed 414K, 77% free 1438K/6019K, paused 1ms+1ms
D/MonitorCw880( 5694): counter=2 && isHeartbeatTimeout=true
D/dalvikvm( 1142): GC_CONCURRENT freed 517K, 77% free 1427K/6019K, paused 1ms+1ms
D/dalvikvm( 1142): GC_CONCURRENT freed 488K, 78% free 1330K/6019K, paused 0ms+1ms
D/dalvikvm( 1142): GC_CONCURRENT freed 406K, 79% free 1321K/6019K, paused 1ms+1ms
D/MonitorCw880( 5694): counter=2 && isHeartbeatTimeout=true
D/dalvikvm( 1142): GC_CONCURRENT freed 395K, 77% free 1435K/6019K, paused 1ms+1ms
D/dalvikvm( 1142): GC_CONCURRENT freed 513K, 77% free 1425K/6019K, paused 1ms+1ms
D/dalvikvm( 1142): GC_CONCURRENT freed 499K, 77% free 1422K/6019K, paused 1ms+1ms
D/dalvikvm( 1142): GC_CONCURRENT freed 559K, 78% free 1363K/6019K, paused 0ms+1ms
D/dalvikvm( 1142): GC_CONCURRENT freed 435K, 78% free 1343K/6019K, paused 1ms+1ms
D/dalvikvm( 1142): GC_CONCURRENT freed 415K, 79% free 1313K/6019K, paused 1ms+1ms
D/dalvikvm( 1142): GC_CONCURRENT freed 396K, 77% free 1426K/6019K, paused 1ms+1ms
D/MonitorCw880( 5694): counter=2 && isHeartbeatTimeout=true
D/dalvikvm( 1142): GC_CONCURRENT freed 488K, 78% free 1325K/6019K, paused 1ms+1ms
D/dalvikvm( 1142): GC_CONCURRENT freed 369K, 78% free 1350K/6019K, paused 1ms+1ms
D/HomePlayerLib( 1142): hostaddress count is 2
D/dalvikvm( 1142): GC_CONCURRENT freed 428K, 79% free 1320K/6019K, paused 1ms+1ms
D/dalvikvm( 1142): GC_CONCURRENT freed 394K, 77% free 1405K/6019K, paused 1ms+0ms
D/dalvikvm( 1142): GC_CONCURRENT freed 484K, 79% free 1320K/6019K, paused 1ms+1ms
D/dalvikvm( 1142): GC_CONCURRENT freed 397K, 76% free 1492K/6019K, paused 1ms+1ms
D/dalvikvm( 1142): GC_CONCURRENT freed 559K, 77% free 1436K/6019K, paused 1ms+1ms
D/dalvikvm( 1142): GC_CONCURRENT freed 515K, 77% free 1415K/6019K, paused 1ms+1ms
D/dalvikvm( 1142): GC_CONCURRENT freed 495K, 77% free 1431K/6019K, paused 1ms+1ms
D/dalvikvm( 1142): GC_CONCURRENT freed 505K, 79% free 1316K/6019K, paused 1ms+1ms
D/dalvikvm( 1142): GC_CONCURRENT freed 391K, 77% free 1437K/6019K, paused 1ms+1ms
D/dalvikvm( 1142): GC_CONCURRENT freed 481K, 76% free 1468K/6019K, paused 1ms+2ms
D/dalvikvm( 1142): GC_CONCURRENT freed 511K, 78% free 1354K/6019K, paused 1ms+1ms
D/dalvikvm( 1142): GC_CONCURRENT freed 431K, 79% free 1314K/6019K, paused 1ms+1ms
D/dalvikvm( 1142): GC_CONCURRENT freed 391K, 78% free 1325K/6019K, paused 1ms+1ms
D/dalvikvm( 1142): GC_CONCURRENT freed 405K, 78% free 1327K/6019K, paused 1ms+1ms
D/dalvikvm( 1142): GC_CONCURRENT freed 410K, 79% free 1302K/6019K, paused 1ms+2ms
D/dalvikvm( 1142): GC_CONCURRENT freed 372K, 79% free 1323K/6019K, paused 1ms+1ms
D/dalvikvm( 1142): GC_CONCURRENT freed 394K, 79% free 1324K/6019K, paused 1ms+1ms
D/dalvikvm( 1142): GC_CONCURRENT freed 394K, 78% free 1324K/6019K, paused 1ms+2ms
D/MonitorCw880( 5694): counter=2 && isHeartbeatTimeout=true
D/dalvikvm( 1142): GC_CONCURRENT freed 391K, 78% free 1324K/6019K, paused 1ms+1ms
D/dalvikvm( 1142): GC_CONCURRENT freed 393K, 78% free 1324K/6019K, paused 1ms+1ms
D/dalvikvm( 1142): GC_CONCURRENT freed 392K, 78% free 1324K/6019K, paused 0ms+1ms
D/dalvikvm( 1142): GC_CONCURRENT freed 393K, 78% free 1325K/6019K, paused 1ms+1ms
D/dalvikvm( 1142): GC_CONCURRENT freed 407K, 78% free 1334K/6019K, paused 1ms+1ms
D/dalvikvm( 1142): GC_CONCURRENT freed 411K, 79% free 1319K/6019K, paused 0ms+1ms
D/dalvikvm( 1142): GC_CONCURRENT freed 393K, 79% free 1320K/6019K, paused 1ms+1ms
D/dalvikvm( 1142): GC_CONCURRENT freed 431K, 77% free 1396K/6019K, paused 1ms+1ms
D/dalvikvm( 1142): GC_CONCURRENT freed 474K, 79% free 1312K/6019K, paused 1ms+1ms
D/dalvikvm( 1142): GC_CONCURRENT freed 399K, 79% free 1297K/6019K, paused 1ms+1ms
D/dalvikvm( 1142): GC_CONCURRENT freed 370K, 77% free 1395K/6019K, paused 1ms+1ms
D/dalvikvm( 1142): GC_CONCURRENT freed 475K, 79% free 1312K/6019K, paused 1ms+1ms
D/dalvikvm( 1142): GC_CONCURRENT freed 394K, 77% free 1426K/6019K, paused 1ms+1ms
D/dalvikvm( 1142): GC_CONCURRENT freed 487K, 78% free 1325K/6019K, paused 1ms+1ms
D/MonitorCw880( 5694): counter=2 && isHeartbeatTimeout=true
D/dalvikvm( 1142): GC_CONCURRENT freed 405K, 79% free 1312K/6019K, paused 1ms+1ms
D/dalvikvm( 1142): GC_CONCURRENT freed 394K, 77% free 1426K/6019K, paused 1ms+1ms
D/dalvikvm( 1142): GC_CONCURRENT freed 486K, 77% free 1431K/6019K, paused 1ms+1ms
D/dalvikvm( 1142): GC_CONCURRENT freed 513K, 79% free 1310K/6019K, paused 1ms+1ms
D/dalvikvm( 1142): GC_CONCURRENT freed 380K, 79% free 1323K/6019K, paused 1ms+1ms
D/dalvikvm( 1142): GC_CONCURRENT freed 395K, 79% free 1322K/6019K, paused 1ms+1ms
D/dalvikvm( 1142): GC_CONCURRENT freed 392K, 79% free 1323K/6019K, paused 1ms+1ms
D/dalvikvm( 1142): GC_CONCURRENT freed 392K, 77% free 1420K/6019K, paused 1ms+1ms
D/dalvikvm( 1142): GC_CONCURRENT freed 501K, 78% free 1344K/6019K, paused 1ms+1ms
D/MonitorCw880( 5694): counter=2 && isHeartbeatTimeout=true
D/dalvikvm( 1142): GC_CONCURRENT freed 418K, 78% free 1382K/6019K, paused 0ms+1ms
D/dalvikvm( 1142): GC_CONCURRENT freed 450K, 78% free 1325K/6019K, paused 1ms+1ms
D/dalvikvm( 1142): GC_CONCURRENT freed 392K, 78% free 1324K/6019K, paused 0ms+1ms
D/dalvikvm( 1142): GC_CONCURRENT freed 392K, 78% free 1324K/6019K, paused 1ms+1ms
D/dalvikvm( 1142): GC_CONCURRENT freed 393K, 78% free 1324K/6019K, paused 1ms+1ms
D/dalvikvm( 1142): GC_CONCURRENT freed 393K, 78% free 1324K/6019K, paused 1ms+1ms
D/dalvikvm( 1142): GC_CONCURRENT freed 393K, 78% free 1324K/6019K, paused 1ms+1ms
D/MonitorCw880( 5694): counter=2 && isHeartbeatTimeout=true
D/MonitorCw880( 5694): counter=2 && isHeartbeatTimeout=true
D/dalvikvm( 1142): GC_CONCURRENT freed 402K, 77% free 1421K/6019K, paused 1ms+1ms
D/dalvikvm( 1142): GC_CONCURRENT freed 489K, 78% free 1324K/6019K, paused 0ms+1ms
D/dalvikvm( 1142): GC_CONCURRENT freed 394K, 78% free 1324K/6019K, paused 1ms+2ms
D/dalvikvm( 1142): GC_CONCURRENT freed 393K, 78% free 1324K/6019K, paused 2ms+1ms
D/dalvikvm( 1142): GC_CONCURRENT freed 393K, 78% free 1324K/6019K, paused 0ms+1ms
D/dalvikvm( 1142): GC_CONCURRENT freed 393K, 78% free 1324K/6019K, paused 0ms+1ms
D/dalvikvm( 1142): GC_CONCURRENT freed 401K, 79% free 1312K/6019K, paused 1ms+1ms
D/dalvikvm( 1142): GC_CONCURRENT freed 396K, 79% free 1311K/6019K, paused 1ms+1ms
D/dalvikvm( 1142): GC_CONCURRENT freed 394K, 79% free 1320K/6019K, paused 1ms+1ms
D/dalvikvm( 1142): GC_CONCURRENT freed 397K, 78% free 1334K/6019K, paused 1ms+1ms
D/HomePlayerLib( 1142): hostaddress count is 2
D/dalvikvm( 1142): GC_CONCURRENT freed 407K, 76% free 1475K/6019K, paused 1ms+1ms
D/dalvikvm( 1142): GC_CONCURRENT freed 545K, 77% free 1430K/6019K, paused 1ms+1ms
D/dalvikvm( 1142): GC_CONCURRENT freed 479K, 76% free 1463K/6019K, paused 1ms+1ms
D/dalvikvm( 1142): GC_CONCURRENT freed 574K, 78% free 1384K/6019K, paused 1ms+1ms
D/dalvikvm( 1142): GC_CONCURRENT freed 449K, 78% free 1329K/6019K, paused 1ms+1ms
D/dalvikvm( 1142): GC_CONCURRENT freed 393K, 78% free 1327K/6019K, paused 1ms+1ms
D/dalvikvm( 1142): GC_CONCURRENT freed 390K, 78% free 1328K/6019K, paused 1ms+1ms
D/dalvikvm( 1142): GC_CONCURRENT freed 393K, 78% free 1329K/6019K, paused 1ms+1ms
D/MonitorCw880( 5694): counter=2 && isHeartbeatTimeout=true
D/dalvikvm( 1142): GC_CONCURRENT freed 403K, 79% free 1315K/6019K, paused 1ms+1ms
D/dalvikvm( 1142): GC_CONCURRENT freed 391K, 77% free 1435K/6019K, paused 1ms+1ms
D/dalvikvm( 1142): GC_CONCURRENT freed 525K, 78% free 1337K/6019K, paused 1ms+1ms
D/dalvikvm( 1142): GC_CONCURRENT freed 410K, 78% free 1374K/6019K, paused 1ms+1ms
D/dalvikvm( 1142): GC_CONCURRENT freed 443K, 78% free 1366K/6019K, paused 1ms+1ms
D/dalvikvm( 1142): GC_CONCURRENT freed 441K, 77% free 1432K/6019K, paused 1ms+1ms
D/dalvikvm( 1142): GC_CONCURRENT freed 507K, 77% free 1403K/6019K, paused 1ms+1ms
D/dalvikvm( 1142): GC_CONCURRENT freed 469K, 78% free 1329K/6019K, paused 1ms+1ms
D/dalvikvm( 1142): GC_CONCURRENT freed 409K, 79% free 1308K/6019K, paused 1ms+1ms
D/dalvikvm( 1142): GC_CONCURRENT freed 383K, 77% free 1418K/6019K, paused 1ms+1ms
D/dalvikvm( 1142): GC_CONCURRENT freed 487K, 77% free 1412K/6019K, paused 1ms+1ms
D/MonitorCw880( 5694): counter=2 && isHeartbeatTimeout=true
D/dalvikvm( 1142): GC_CONCURRENT freed 483K, 78% free 1355K/6019K, paused 0ms+1ms
D/dalvikvm( 1142): GC_CONCURRENT freed 438K, 79% free 1320K/6019K, paused 1ms+1ms
D/dalvikvm( 1142): GC_CONCURRENT freed 394K, 79% free 1311K/6019K, paused 1ms+1ms
D/dalvikvm( 1142): GC_CONCURRENT freed 394K, 79% free 1320K/6019K, paused 1ms+1ms
D/dalvikvm( 1142): GC_CONCURRENT freed 393K, 79% free 1320K/6019K, paused 1ms+1ms
D/MonitorCw880( 5694): counter=2 && isHeartbeatTimeout=true
D/dalvikvm( 1142): GC_CONCURRENT freed 405K, 78% free 1324K/6019K, paused 1ms+1ms
D/dalvikvm( 1142): GC_CONCURRENT freed 392K, 78% free 1325K/6019K, paused 1ms+1ms
D/dalvikvm( 1142): GC_CONCURRENT freed 404K, 79% free 1312K/6019K, paused 1ms+1ms
D/dalvikvm( 1142): GC_CONCURRENT freed 396K, 79% free 1302K/6019K, paused 1ms+1ms
D/dalvikvm( 1142): GC_CONCURRENT freed 366K, 79% free 1322K/6019K, paused 0ms+1ms
D/dalvikvm( 1142): GC_CONCURRENT freed 392K, 79% free 1324K/6019K, paused 1ms+1ms
D/dalvikvm( 1142): GC_CONCURRENT freed 392K, 79% free 1324K/6019K, paused 1ms+1ms
D/dalvikvm( 1142): GC_CONCURRENT freed 393K, 79% free 1323K/6019K, paused 1ms+1ms
D/dalvikvm( 1142): GC_CONCURRENT freed 393K, 77% free 1411K/6019K, paused 0ms+1ms
D/MonitorCw880( 5694): counter=2 && isHeartbeatTimeout=true
D/dalvikvm( 1142): GC_CONCURRENT freed 482K, 77% free 1438K/6019K, paused 1ms+1ms
D/dalvikvm( 1142): GC_CONCURRENT freed 518K, 79% free 1312K/6019K, paused 1ms+1ms
D/dalvikvm( 1142): GC_CONCURRENT freed 394K, 77% free 1420K/6019K, paused 1ms+1ms
D/dalvikvm( 1142): GC_CONCURRENT freed 498K, 77% free 1429K/6019K, paused 1ms+1ms
D/dalvikvm( 1142): GC_CONCURRENT freed 491K, 78% free 1324K/6019K, paused 1ms+1ms
D/dalvikvm( 1142): GC_CONCURRENT freed 394K, 77% free 1420K/6019K, paused 1ms+0ms
D/MonitorCw880( 5694): counter=2 && isHeartbeatTimeout=true
D/dalvikvm( 1142): GC_CONCURRENT freed 505K, 79% free 1314K/6019K, paused 0ms+1ms
D/dalvikvm( 1142): GC_CONCURRENT freed 384K, 77% free 1407K/6019K, paused 1ms+1ms
D/MonitorCw880( 5694): counter=2 && isHeartbeatTimeout=true
D/dalvikvm( 1142): GC_CONCURRENT freed 477K, 77% free 1408K/6019K, paused 1ms+1ms
D/dalvikvm( 1142): GC_CONCURRENT freed 473K, 78% free 1371K/6019K, paused 1ms+1ms
D/dalvikvm( 1142): GC_CONCURRENT freed 507K, 78% free 1375K/6019K, paused 1ms+1ms
D/dalvikvm( 1142): GC_CONCURRENT freed 448K, 77% free 1430K/6019K, paused 1ms+1ms
D/dalvikvm( 1142): GC_CONCURRENT freed 513K, 79% free 1307K/6019K, paused 1ms+1ms
D/dalvikvm( 1142): GC_CONCURRENT freed 377K, 79% free 1323K/6019K, paused 1ms+1ms
D/dalvikvm( 1142): GC_CONCURRENT freed 406K, 79% free 1309K/6019K, paused 1ms+1ms
D/HomePlayerLib( 1142): hostaddress count is 2
D/dalvikvm( 1142): GC_CONCURRENT freed 387K, 79% free 1321K/6019K, paused 1ms+1ms
D/dalvikvm( 1142): GC_CONCURRENT freed 404K, 77% free 1424K/6019K, paused 1ms+1ms
D/dalvikvm( 1142): GC_CONCURRENT freed 517K, 77% free 1404K/6019K, paused 1ms+1ms
D/dalvikvm( 1142): GC_CONCURRENT freed 462K, 77% free 1423K/6019K, paused 1ms+1ms
D/dalvikvm( 1142): GC_CONCURRENT freed 498K, 78% free 1355K/6019K, paused 1ms+1ms
D/dalvikvm( 1142): GC_CONCURRENT freed 429K, 77% free 1436K/6019K, paused 1ms+1ms
D/dalvikvm( 1142): GC_CONCURRENT freed 500K, 76% free 1447K/6019K, paused 1ms+1ms
D/dalvikvm( 1142): GC_CONCURRENT freed 529K, 79% free 1308K/6019K, paused 1ms+1ms
D/dalvikvm( 1142): GC_CONCURRENT freed 439K, 78% free 1378K/6019K, paused 1ms+1ms
D/dalvikvm( 1142): GC_CONCURRENT freed 441K, 78% free 1372K/6019K, paused 1ms+1ms
D/dalvikvm( 1142): GC_CONCURRENT freed 417K, 75% free 1538K/6019K, paused 0ms+2ms
D/dalvikvm( 1142): GC_CONCURRENT freed 613K, 79% free 1317K/6019K, paused 1ms+1ms
D/MonitorCw880( 5694): counter=2 && isHeartbeatTimeout=true
D/dalvikvm( 1142): GC_CONCURRENT freed 343K, 77% free 1406K/6019K, paused 1ms+1ms
D/dalvikvm( 1142): GC_CONCURRENT freed 445K, 75% free 1539K/6019K, paused 1ms+1ms
D/dalvikvm( 1142): GC_CONCURRENT freed 608K, 77% free 1440K/6019K, paused 1ms+1ms
D/dalvikvm( 1142): GC_FOR_ALLOC freed 638K, 79% free 1314K/6019K, paused 11ms
D/dalvikvm( 1142): GC_CONCURRENT freed 0K, 76% free 1459K/6019K, paused 1ms+0ms
D/dalvikvm( 1142): GC_CONCURRENT freed 522K, 78% free 1369K/6019K, paused 1ms+2ms
D/dalvikvm( 1142): GC_CONCURRENT freed 422K, 77% free 1399K/6019K, paused 1ms+2ms
D/dalvikvm( 1142): GC_CONCURRENT freed 464K, 79% free 1324K/6019K, paused 1ms+1ms
D/dalvikvm( 1142): GC_CONCURRENT freed 406K, 78% free 1339K/6019K, paused 1ms+1ms
D/dalvikvm( 1142): GC_CONCURRENT freed 416K, 77% free 1409K/6019K, paused 1ms+1ms
D/dalvikvm( 1142): GC_CONCURRENT freed 487K, 78% free 1341K/6019K, paused 0ms+1ms
D/dalvikvm( 1142): GC_CONCURRENT freed 416K, 77% free 1437K/6019K, paused 0ms+1ms
D/dalvikvm( 1142): GC_CONCURRENT freed 518K, 77% free 1395K/6019K, paused 1ms+1ms
D/dalvikvm( 1142): GC_CONCURRENT freed 475K, 79% free 1304K/6019K, paused 1ms+1ms
D/dalvikvm( 1142): GC_CONCURRENT freed 367K, 78% free 1325K/6019K, paused 1ms+1ms
D/dalvikvm( 1142): GC_CONCURRENT freed 401K, 77% free 1421K/6019K, paused 1ms+1ms
D/dalvikvm( 1142): GC_CONCURRENT freed 490K, 78% free 1325K/6019K, paused 0ms+1ms
D/dalvikvm( 1142): GC_CONCURRENT freed 394K, 78% free 1324K/6019K, paused 0ms+1ms
D/dalvikvm( 1142): GC_CONCURRENT freed 393K, 78% free 1324K/6019K, paused 0ms+1ms
D/dalvikvm( 1142): GC_CONCURRENT freed 393K, 78% free 1370K/6019K, paused 1ms+1ms
D/MonitorCw880( 5694): counter=2 && isHeartbeatTimeout=true
D/MonitorCw880( 5694): counter=2 && isHeartbeatTimeout=true
D/dalvikvm( 1142): GC_CONCURRENT freed 442K, 79% free 1321K/6019K, paused 1ms+1ms
D/dalvikvm( 1142): GC_CONCURRENT freed 396K, 79% free 1319K/6019K, paused 1ms+1ms
D/dalvikvm( 1142): GC_CONCURRENT freed 394K, 78% free 1336K/6019K, paused 1ms+1ms
D/dalvikvm( 1142): GC_CONCURRENT freed 405K, 78% free 1324K/6019K, paused 1ms+1ms
D/dalvikvm( 1142): GC_CONCURRENT freed 392K, 78% free 1324K/6019K, paused 1ms+1ms
D/dalvikvm( 1142): GC_CONCURRENT freed 393K, 78% free 1324K/6019K, paused 1ms+1ms
D/dalvikvm( 1142): GC_CONCURRENT freed 393K, 78% free 1325K/6019K, paused 1ms+1ms
D/dalvikvm( 1142): GC_CONCURRENT freed 393K, 78% free 1325K/6019K, paused 1ms+1ms
D/dalvikvm( 1142): GC_CONCURRENT freed 404K, 79% free 1321K/6019K, paused 1ms+1ms
D/dalvikvm( 1142): GC_CONCURRENT freed 396K, 79% free 1319K/6019K, paused 1ms+2ms
D/dalvikvm( 1142): GC_CONCURRENT freed 405K, 79% free 1308K/6019K, paused 1ms+1ms
D/dalvikvm( 1142): GC_CONCURRENT freed 393K, 79% free 1324K/6019K, paused 1ms+1ms
D/MonitorCw880( 5694): counter=2 && isHeartbeatTimeout=true
D/dalvikvm( 1142): GC_CONCURRENT freed 501K, 79% free 1323K/6019K, paused 1ms+1ms
D/dalvikvm( 1142): GC_CONCURRENT freed 406K, 79% free 1300K/6019K, paused 1ms+1ms
D/dalvikvm( 1142): GC_CONCURRENT freed 379K, 78% free 1324K/6019K, paused 1ms+1ms
D/MonitorCw880( 5694): counter=2 && isHeartbeatTimeout=true
D/dalvikvm( 1142): GC_CONCURRENT freed 394K, 79% free 1323K/6019K, paused 1ms+1ms
D/dalvikvm( 1142): GC_CONCURRENT freed 393K, 79% free 1324K/6019K, paused 1ms+1ms
D/dalvikvm( 1142): GC_CONCURRENT freed 393K, 79% free 1324K/6019K, paused 0ms+1ms
D/dalvikvm( 1142): GC_CONCURRENT freed 393K, 79% free 1323K/6019K, paused 1ms+1ms
D/MonitorCw880( 5694): counter=2 && isHeartbeatTimeout=true
D/dalvikvm( 1142): GC_CONCURRENT freed 393K, 77% free 1411K/6019K, paused 1ms+1ms
D/dalvikvm( 1142): GC_CONCURRENT freed 483K, 77% free 1438K/6019K, paused 1ms+1ms
D/dalvikvm( 1142): GC_CONCURRENT freed 517K, 77% free 1420K/6019K, paused 0ms+1ms
D/dalvikvm( 1142): GC_CONCURRENT freed 463K, 78% free 1352K/6019K, paused 1ms+1ms
D/HomePlayerLib( 1142): hostaddress count is 2
D/dalvikvm( 1142): GC_CONCURRENT freed 437K, 77% free 1391K/6019K, paused 1ms+1ms
D/dalvikvm( 1142): GC_CONCURRENT freed 468K, 77% free 1405K/6019K, paused 0ms+1ms
D/dalvikvm( 1142): GC_CONCURRENT freed 491K, 78% free 1340K/6019K, paused 1ms+1ms
D/dalvikvm( 1142): GC_CONCURRENT freed 416K, 77% free 1433K/6019K, paused 1ms+1ms
D/dalvikvm( 1142): GC_CONCURRENT freed 493K, 78% free 1329K/6019K, paused 0ms+1ms
D/dalvikvm( 1142): GC_CONCURRENT freed 394K, 77% free 1411K/6019K, paused 0ms+1ms
D/dalvikvm( 1142): GC_CONCURRENT freed 488K, 77% free 1434K/6019K, paused 0ms+1ms
D/dalvikvm( 1142): GC_CONCURRENT freed 515K, 77% free 1420K/6019K, paused 1ms+1ms
D/dalvikvm( 1142): GC_CONCURRENT freed 483K, 78% free 1334K/6019K, paused 0ms+1ms
D/dalvikvm( 1142): GC_CONCURRENT freed 404K, 77% free 1442K/6019K, paused 1ms+1ms
D/dalvikvm( 1142): GC_CONCURRENT freed 514K, 77% free 1396K/6019K, paused 1ms+1ms
D/dalvikvm( 1142): GC_CONCURRENT freed 462K, 78% free 1373K/6019K, paused 1ms+1ms
D/dalvikvm( 1142): GC_CONCURRENT freed 442K, 76% free 1465K/6019K, paused 1ms+1ms
D/dalvikvm( 1142): GC_CONCURRENT freed 529K, 77% free 1413K/6019K, paused 1ms+1ms
D/dalvikvm( 1142): GC_CONCURRENT freed 474K, 78% free 1334K/6019K, paused 1ms+1ms
D/dalvikvm( 1142): GC_CONCURRENT freed 415K, 78% free 1329K/6019K, paused 0ms+1ms
D/dalvikvm( 1142): GC_CONCURRENT freed 402K, 77% free 1439K/6019K, paused 1ms+2ms
D/MonitorCw880( 5694): counter=2 && isHeartbeatTimeout=true
D/dalvikvm( 1142): GC_CONCURRENT freed 509K, 77% free 1437K/6019K, paused 1ms+1ms
D/dalvikvm( 1142): GC_CONCURRENT freed 509K, 77% free 1433K/6019K, paused 1ms+1ms
D/dalvikvm( 1142): GC_CONCURRENT freed 505K, 77% free 1436K/6019K, paused 1ms+1ms
D/dalvikvm( 1142): GC_CONCURRENT freed 526K, 79% free 1310K/6019K, paused 1ms+1ms
D/dalvikvm( 1142): GC_CONCURRENT freed 381K, 77% free 1432K/6019K, paused 0ms+1ms
D/dalvikvm( 1142): GC_CONCURRENT freed 503K, 77% free 1436K/6019K, paused 1ms+1ms
D/MonitorCw880( 5694): counter=2 && isHeartbeatTimeout=true
D/dalvikvm( 1142): GC_CONCURRENT freed 522K, 79% free 1303K/6019K, paused 1ms+1ms
D/dalvikvm( 1142): GC_CONCURRENT freed 382K, 78% free 1324K/6019K, paused 1ms+1ms
D/dalvikvm( 1142): GC_CONCURRENT freed 396K, 77% free 1406K/6019K, paused 1ms+1ms
D/dalvikvm( 1142): GC_CONCURRENT freed 474K, 77% free 1407K/6019K, paused 1ms+1ms
D/dalvikvm( 1142): GC_CONCURRENT freed 475K, 78% free 1329K/6019K, paused 1ms+2ms
D/MonitorCw880( 5694): counter=2 && isHeartbeatTimeout=true
D/dalvikvm( 1142): GC_CONCURRENT freed 404K, 79% free 1321K/6019K, paused 1ms+1ms
D/dalvikvm( 1142): GC_CONCURRENT freed 395K, 78% free 1378K/6019K, paused 0ms+1ms
D/dalvikvm( 1142): GC_CONCURRENT freed 447K, 79% free 1324K/6019K, paused 1ms+1ms
D/dalvikvm( 1142): GC_CONCURRENT freed 394K, 77% free 1407K/6019K, paused 1ms+1ms
D/dalvikvm( 1142): GC_CONCURRENT freed 474K, 78% free 1325K/6019K, paused 1ms+1ms
D/dalvikvm( 1142): GC_CONCURRENT freed 403K, 77% free 1428K/6019K, paused 1ms+1ms
D/dalvikvm( 1142): GC_CONCURRENT freed 489K, 76% free 1450K/6019K, paused 0ms+1ms
D/dalvikvm( 1142): GC_CONCURRENT freed 515K, 78% free 1331K/6019K, paused 1ms+1ms
D/dalvikvm( 1142): GC_CONCURRENT freed 405K, 77% free 1423K/6019K, paused 1ms+1ms
D/dalvikvm( 1142): GC_CONCURRENT freed 490K, 77% free 1431K/6019K, paused 1ms+1ms
D/MonitorCw880( 5694): counter=2 && isHeartbeatTimeout=true
D/dalvikvm( 1142): GC_CONCURRENT freed 513K, 78% free 1326K/6019K, paused 1ms+1ms
D/dalvikvm( 1142): GC_CONCURRENT freed 404K, 79% free 1312K/6019K, paused 1ms+1ms
D/dalvikvm( 1142): GC_CONCURRENT freed 395K, 79% free 1311K/6019K, paused 1ms+1ms
D/dalvikvm( 1142): GC_CONCURRENT freed 390K, 79% free 1321K/6019K, paused 1ms+1ms
D/dalvikvm( 1142): GC_CONCURRENT freed 389K, 79% free 1324K/6019K, paused 1ms+1ms
D/dalvikvm( 1142): GC_CONCURRENT freed 392K, 78% free 1324K/6019K, paused 1ms+1ms
D/dalvikvm( 1142): GC_CONCURRENT freed 393K, 78% free 1325K/6019K, paused 1ms+1ms
D/dalvikvm( 1142): GC_CONCURRENT freed 392K, 78% free 1324K/6019K, paused 1ms+1ms
D/dalvikvm( 1142): GC_CONCURRENT freed 393K, 78% free 1329K/6019K, paused 1ms+1ms
D/MonitorCw880( 5694): counter=2 && isHeartbeatTimeout=true
D/dalvikvm( 1142): GC_CONCURRENT freed 402K, 77% free 1437K/6019K, paused 1ms+1ms
D/dalvikvm( 1142): GC_CONCURRENT freed 516K, 77% free 1426K/6019K, paused 1ms+1ms
D/dalvikvm( 1142): GC_CONCURRENT freed 488K, 78% free 1330K/6019K, paused 1ms+1ms
D/dalvikvm( 1142): GC_CONCURRENT freed 405K, 77% free 1437K/6019K, paused 1ms+1ms
D/dalvikvm( 1142): GC_CONCURRENT freed 518K, 77% free 1427K/6019K, paused 1ms+1ms
D/dalvikvm( 1142): GC_CONCURRENT freed 487K, 78% free 1325K/6019K, paused 0ms+1ms
D/MonitorCw880( 5694): counter=2 && isHeartbeatTimeout=true
D/dalvikvm( 1142): GC_CONCURRENT freed 400K, 77% free 1408K/6019K, paused 1ms+1ms
D/HomePlayerLib( 1142): hostaddress count is 2
D/dalvikvm( 1142): GC_CONCURRENT freed 485K, 77% free 1419K/6019K, paused 1ms+1ms
D/dalvikvm( 1142): GC_CONCURRENT freed 461K, 76% free 1465K/6019K, paused 1ms+0ms
D/dalvikvm( 1142): GC_CONCURRENT freed 532K, 77% free 1420K/6019K, paused 1ms+1ms
D/dalvikvm( 1142): GC_CONCURRENT freed 487K, 78% free 1373K/6019K, paused 1ms+1ms
D/dalvikvm( 1142): GC_CONCURRENT freed 450K, 76% free 1449K/6019K, paused 1ms+1ms
D/dalvikvm( 1142): GC_CONCURRENT freed 520K, 77% free 1436K/6019K, paused 1ms+1ms
D/dalvikvm( 1142): GC_CONCURRENT freed 515K, 79% free 1311K/6019K, paused 1ms+1ms
D/dalvikvm( 1142): GC_CONCURRENT freed 345K, 76% free 1477K/6019K, paused 1ms+1ms
D/dalvikvm( 1142): GC_CONCURRENT freed 544K, 77% free 1432K/6019K, paused 0ms+1ms
D/dalvikvm( 1142): GC_CONCURRENT freed 489K, 78% free 1369K/6019K, paused 1ms+1ms
D/dalvikvm( 1142): GC_CONCURRENT freed 420K, 78% free 1336K/6019K, paused 1ms+1ms
D/dalvikvm( 1142): GC_CONCURRENT freed 397K, 78% free 1332K/6019K, paused 1ms+1ms
D/dalvikvm( 1142): GC_CONCURRENT freed 400K, 76% free 1496K/6019K, paused 1ms+1ms
D/dalvikvm( 1142): GC_CONCURRENT freed 582K, 79% free 1322K/6019K, paused 1ms+1ms
D/dalvikvm( 1142): GC_CONCURRENT freed 385K, 76% free 1448K/6019K, paused 1ms+1ms
D/dalvikvm( 1142): GC_CONCURRENT freed 507K, 76% free 1452K/6019K, paused 1ms+1ms
D/dalvikvm( 1142): GC_CONCURRENT freed 520K, 77% free 1444K/6019K, paused 1ms+1ms
D/dalvikvm( 1142): GC_CONCURRENT freed 498K, 76% free 1456K/6019K, paused 0ms+1ms
D/dalvikvm( 1142): GC_CONCURRENT freed 528K, 78% free 1329K/6019K, paused 1ms+1ms
D/dalvikvm( 1142): GC_CONCURRENT freed 409K, 77% free 1428K/6019K, paused 1ms+1ms
D/dalvikvm( 1142): GC_CONCURRENT freed 500K, 77% free 1437K/6019K, paused 0ms+1ms
D/dalvikvm( 1142): GC_CONCURRENT freed 501K, 78% free 1328K/6019K, paused 1ms+1ms
D/MonitorCw880( 5694): counter=2 && isHeartbeatTimeout=true
D/dalvikvm( 1142): GC_CONCURRENT freed 403K, 77% free 1437K/6019K, paused 1ms+1ms
D/dalvikvm( 1142): GC_CONCURRENT freed 517K, 77% free 1421K/6019K, paused 0ms+1ms
D/MonitorCw880( 5694): counter=2 && isHeartbeatTimeout=true
D/dalvikvm( 1142): GC_CONCURRENT freed 487K, 78% free 1330K/6019K, paused 1ms+1ms
D/dalvikvm( 1142): GC_CONCURRENT freed 403K, 79% free 1312K/6019K, paused 1ms+1ms
D/dalvikvm( 1142): GC_CONCURRENT freed 396K, 77% free 1402K/6019K, paused 0ms+1ms
D/dalvikvm( 1142): GC_CONCURRENT freed 475K, 79% free 1312K/6019K, paused 1ms+1ms
D/dalvikvm( 1142): GC_CONCURRENT freed 394K, 79% free 1311K/6019K, paused 1ms+1ms
D/dalvikvm( 1142): GC_CONCURRENT freed 392K, 79% free 1303K/6019K, paused 1ms+1ms
D/dalvikvm( 1142): GC_CONCURRENT freed 365K, 79% free 1323K/6019K, paused 1ms+1ms
D/dalvikvm( 1142): GC_CONCURRENT freed 393K, 78% free 1324K/6019K, paused 1ms+1ms
D/MonitorCw880( 5694): counter=2 && isHeartbeatTimeout=true
D/dalvikvm( 1142): GC_CONCURRENT freed 404K, 79% free 1321K/6019K, paused 1ms+1ms
D/dalvikvm( 1142): GC_CONCURRENT freed 396K, 78% free 1378K/6019K, paused 1ms+1ms
D/dalvikvm( 1142): GC_CONCURRENT freed 445K, 77% free 1430K/6019K, paused 1ms+1ms
D/dalvikvm( 1142): GC_CONCURRENT freed 513K, 78% free 1331K/6019K, paused 1ms+1ms
D/dalvikvm( 1142): GC_CONCURRENT freed 406K, 79% free 1312K/6019K, paused 1ms+1ms
D/dalvikvm( 1142): GC_CONCURRENT freed 396K, 77% free 1420K/6019K, paused 1ms+0ms
D/dalvikvm( 1142): GC_CONCURRENT freed 488K, 77% free 1431K/6019K, paused 1ms+1ms
D/MonitorCw880( 5694): counter=2 && isHeartbeatTimeout=true
D/MonitorCw880( 5694): counter=2 && isHeartbeatTimeout=true
D/dalvikvm( 1142): GC_CONCURRENT freed 514K, 79% free 1307K/6019K, paused 1ms+1ms
D/dalvikvm( 1142): GC_CONCURRENT freed 378K, 77% free 1431K/6019K, paused 1ms+1ms
D/dalvikvm( 1142): GC_CONCURRENT freed 503K, 79% free 1313K/6019K, paused 0ms+1ms
D/dalvikvm( 1142): GC_CONCURRENT freed 394K, 77% free 1424K/6019K, paused 1ms+1ms
D/HomePlayerLib( 1142): hostaddress count is 2
D/dalvikvm( 1142): GC_CONCURRENT freed 505K, 77% free 1424K/6019K, paused 1ms+1ms
D/dalvikvm( 1142): GC_CONCURRENT freed 461K, 78% free 1350K/6019K, paused 1ms+1ms
D/dalvikvm( 1142): GC_CONCURRENT freed 410K, 78% free 1350K/6019K, paused 1ms+1ms
D/dalvikvm( 1142): GC_CONCURRENT freed 435K, 79% free 1299K/6019K, paused 1ms+1ms
D/dalvikvm( 1142): GC_CONCURRENT freed 379K, 79% free 1307K/6019K, paused 1ms+1ms
D/dalvikvm( 1142): GC_CONCURRENT freed 341K, 76% free 1477K/6019K, paused 1ms+1ms
D/dalvikvm( 1142): GC_CONCURRENT freed 546K, 77% free 1434K/6019K, paused 1ms+1ms
D/dalvikvm( 1142): GC_CONCURRENT freed 464K, 76% free 1482K/6019K, paused 0ms+1ms
D/dalvikvm( 1142): GC_CONCURRENT freed 549K, 77% free 1434K/6019K, paused 1ms+1ms
D/MonitorCw880( 5694): counter=2 && isHeartbeatTimeout=true
D/dalvikvm( 1142): GC_CONCURRENT freed 491K, 76% free 1459K/6019K, paused 1ms+1ms
D/dalvikvm( 1142): GC_CONCURRENT freed 524K, 76% free 1446K/6019K, paused 1ms+1ms
D/dalvikvm( 1142): GC_FOR_ALLOC freed 624K, 79% free 1322K/6019K, paused 10ms
D/dalvikvm( 1142): GC_CONCURRENT freed <1K, 75% free 1548K/6019K, paused 1ms+1ms
D/dalvikvm( 1142): GC_CONCURRENT freed 605K, 77% free 1392K/6019K, paused 0ms+1ms
D/dalvikvm( 1142): GC_CONCURRENT freed 456K, 78% free 1330K/6019K, paused 1ms+1ms
D/dalvikvm( 1142): GC_CONCURRENT freed 397K, 78% free 1328K/6019K, paused 1ms+1ms
D/dalvikvm( 1142): GC_CONCURRENT freed 394K, 78% free 1328K/6019K, paused 1ms+1ms
D/dalvikvm( 1142): GC_CONCURRENT freed 392K, 78% free 1343K/6019K, paused 0ms+1ms
D/dalvikvm( 1142): GC_CONCURRENT freed 420K, 79% free 1314K/6019K, paused 1ms+1ms
D/dalvikvm( 1142): GC_CONCURRENT freed 392K, 78% free 1324K/6019K, paused 1ms+1ms
D/dalvikvm( 1142): GC_CONCURRENT freed 404K, 78% free 1329K/6019K, paused 0ms+1ms
D/dalvikvm( 1142): GC_CONCURRENT freed 405K, 78% free 1356K/6019K, paused 1ms+1ms
D/dalvikvm( 1142): GC_CONCURRENT freed 435K, 78% free 1343K/6019K, paused 0ms+1ms
D/dalvikvm( 1142): GC_CONCURRENT freed 407K, 78% free 1328K/6019K, paused 0ms+1ms
D/dalvikvm( 1142): GC_CONCURRENT freed 393K, 78% free 1330K/6019K, paused 0ms+1ms
D/dalvikvm( 1142): GC_CONCURRENT freed 406K, 78% free 1326K/6019K, paused 0ms+1ms
D/dalvikvm( 1142): GC_CONCURRENT freed 395K, 78% free 1324K/6019K, paused 1ms+1ms
D/dalvikvm( 1142): GC_CONCURRENT freed 393K, 78% free 1325K/6019K, paused 1ms+1ms
D/dalvikvm( 1142): GC_CONCURRENT freed 404K, 79% free 1312K/6019K, paused 1ms+1ms
D/MonitorCw880( 5694): counter=2 && isHeartbeatTimeout=true
D/dalvikvm( 1142): GC_CONCURRENT freed 394K, 77% free 1426K/6019K, paused 1ms+1ms
D/dalvikvm( 1142): GC_CONCURRENT freed 486K, 77% free 1422K/6019K, paused 1ms+0ms
D/dalvikvm( 1142): GC_CONCURRENT freed 507K, 79% free 1315K/6019K, paused 1ms+1ms
D/dalvikvm( 1142): GC_CONCURRENT freed 386K, 78% free 1325K/6019K, paused 0ms+1ms
D/dalvikvm( 1142): GC_CONCURRENT freed 396K, 79% free 1323K/6019K, paused 1ms+1ms
D/MonitorCw880( 5694): counter=2 && isHeartbeatTimeout=true
D/dalvikvm( 1142): GC_CONCURRENT freed 392K, 79% free 1324K/6019K, paused 1ms+1ms
D/dalvikvm( 1142): GC_CONCURRENT freed 392K, 77% free 1430K/6019K, paused 1ms+1ms
D/dalvikvm( 1142): GC_CONCURRENT freed 501K, 79% free 1313K/6019K, paused 0ms+1ms
D/dalvikvm( 1142): GC_CONCURRENT freed 455K, 76% free 1488K/6019K, paused 1ms+1ms
D/dalvikvm( 1142): GC_CONCURRENT freed 553K, 78% free 1326K/6019K, paused 0ms+1ms
D/dalvikvm( 1142): GC_CONCURRENT freed 394K, 78% free 1325K/6019K, paused 1ms+1ms
D/dalvikvm( 1142): GC_CONCURRENT freed 402K, 78% free 1339K/6019K, paused 1ms+1ms
D/dalvikvm( 1142): GC_CONCURRENT freed 409K, 79% free 1324K/6019K, paused 1ms+2ms
D/dalvikvm( 1142): GC_CONCURRENT freed 393K, 78% free 1324K/6019K, paused 1ms+1ms
D/dalvikvm( 1142): GC_CONCURRENT freed 392K, 78% free 1324K/6019K, paused 1ms+1ms
D/dalvikvm( 1142): GC_CONCURRENT freed 392K, 78% free 1324K/6019K, paused 1ms+1ms
D/dalvikvm( 1142): GC_CONCURRENT freed 393K, 78% free 1325K/6019K, paused 1ms+1ms
D/dalvikvm( 1142): GC_CONCURRENT freed 393K, 78% free 1324K/6019K, paused 1ms+1ms
D/MonitorCw880( 5694): counter=2 && isHeartbeatTimeout=true
D/dalvikvm( 1142): GC_CONCURRENT freed 393K, 78% free 1325K/6019K, paused 1ms+1ms
D/dalvikvm( 1142): GC_CONCURRENT freed 403K, 79% free 1321K/6019K, paused 1ms+1ms
D/dalvikvm( 1142): GC_CONCURRENT freed 395K, 79% free 1319K/6019K, paused 1ms+1ms
D/dalvikvm( 1142): GC_CONCURRENT freed 394K, 78% free 1337K/6019K, paused 1ms+1ms
D/dalvikvm( 1142): GC_CONCURRENT freed 406K, 78% free 1324K/6019K, paused 1ms+1ms
D/dalvikvm( 1142): GC_CONCURRENT freed 394K, 78% free 1324K/6019K, paused 1ms+2ms
D/dalvikvm( 1142): GC_CONCURRENT freed 393K, 78% free 1324K/6019K, paused 1ms+1ms
D/MonitorCw880( 5694): counter=2 && isHeartbeatTimeout=true
D/dalvikvm( 1142): GC_CONCURRENT freed 392K, 78% free 1324K/6019K, paused 1ms+1ms
D/MonitorCw880( 5694): counter=2 && isHeartbeatTimeout=true
D/dalvikvm( 1142): GC_CONCURRENT freed 392K, 78% free 1329K/6019K, paused 1ms+1ms
D/dalvikvm( 1142): GC_CONCURRENT freed 404K, 77% free 1437K/6019K, paused 1ms+1ms
D/dalvikvm( 1142): GC_CONCURRENT freed 516K, 79% free 1313K/6019K, paused 1ms+1ms
D/dalvikvm( 1142): GC_CONCURRENT freed 393K, 79% free 1311K/6019K, paused 1ms+1ms
D/dalvikvm( 1142): GC_CONCURRENT freed 393K, 79% free 1311K/6019K, paused 1ms+1ms
D/dalvikvm( 1142): GC_CONCURRENT freed 393K, 78% free 1343K/6019K, paused 1ms+1ms
D/dalvikvm( 1142): GC_CONCURRENT freed 417K, 79% free 1313K/6019K, paused 1ms+1ms
D/dalvikvm( 1142): GC_CONCURRENT freed 395K, 77% free 1427K/6019K, paused 1ms+1ms
D/HomePlayerLib( 1142): hostaddress count is 2
D/dalvikvm( 1142): GC_CONCURRENT freed 504K, 77% free 1433K/6019K, paused 1ms+1ms
D/dalvikvm( 1142): GC_CONCURRENT freed 510K, 77% free 1429K/6019K, paused 1ms+0ms
D/dalvikvm( 1142): GC_CONCURRENT freed 498K, 77% free 1437K/6019K, paused 1ms+1ms
D/dalvikvm( 1142): GC_CONCURRENT freed 503K, 77% free 1444K/6019K, paused 1ms+1ms
D/dalvikvm( 1142): GC_CONCURRENT freed 521K, 77% free 1427K/6019K, paused 1ms+1ms
D/dalvikvm( 1142): GC_CONCURRENT freed 515K, 77% free 1419K/6019K, paused 1ms+1ms
D/dalvikvm( 1142): GC_CONCURRENT freed 498K, 77% free 1430K/6019K, paused 1ms+1ms
D/dalvikvm( 1142): GC_CONCURRENT freed 505K, 77% free 1390K/6019K, paused 1ms+1ms
D/dalvikvm( 1142): GC_CONCURRENT freed 467K, 77% free 1431K/6019K, paused 1ms+1ms
D/dalvikvm( 1142): GC_CONCURRENT freed 489K, 77% free 1429K/6019K, paused 0ms+1ms
D/dalvikvm( 1142): GC_CONCURRENT freed 492K, 77% free 1437K/6019K, paused 1ms+1ms
D/MonitorCw880( 5694): counter=2 && isHeartbeatTimeout=true
D/dalvikvm( 1142): GC_CONCURRENT freed 510K, 76% free 1450K/6019K, paused 1ms+1ms
D/dalvikvm( 1142): GC_CONCURRENT freed 514K, 77% free 1403K/6019K, paused 1ms+1ms
D/dalvikvm( 1142): GC_CONCURRENT freed 474K, 77% free 1435K/6019K, paused 0ms+1ms
D/dalvikvm( 1142): GC_CONCURRENT freed 493K, 76% free 1453K/6019K, paused 1ms+1ms
D/dalvikvm( 1142): GC_CONCURRENT freed 547K, 77% free 1410K/6019K, paused 1ms+1ms
D/dalvikvm( 1142): GC_CONCURRENT freed 478K, 79% free 1316K/6019K, paused 1ms+1ms
D/dalvikvm( 1142): GC_CONCURRENT freed 377K, 77% free 1407K/6019K, paused 1ms+1ms
D/dalvikvm( 1142): GC_CONCURRENT freed 474K, 78% free 1325K/6019K, paused 1ms+1ms
D/dalvikvm( 1142): GC_CONCURRENT freed 404K, 79% free 1312K/6019K, paused 1ms+1ms
D/dalvikvm( 1142): GC_CONCURRENT freed 396K, 77% free 1393K/6019K, paused 1ms+1ms
D/dalvikvm( 1142): GC_CONCURRENT freed 475K, 77% free 1426K/6019K, paused 1ms+1ms
D/dalvikvm( 1142): GC_CONCURRENT freed 486K, 78% free 1325K/6019K, paused 0ms+1ms
D/dalvikvm( 1142): GC_CONCURRENT freed 404K, 79% free 1312K/6019K, paused 1ms+1ms
D/MonitorCw880( 5694): counter=2 && isHeartbeatTimeout=true
D/dalvikvm( 1142): GC_CONCURRENT freed 396K, 79% free 1311K/6019K, paused 1ms+1ms
D/dalvikvm( 1142): GC_CONCURRENT freed 394K, 79% free 1312K/6019K, paused 1ms+1ms
D/dalvikvm( 1142): GC_CONCURRENT freed 394K, 79% free 1311K/6019K, paused 1ms+1ms
D/MonitorCw880( 5694): counter=2 && isHeartbeatTimeout=true
D/dalvikvm( 1142): GC_CONCURRENT freed 392K, 79% free 1320K/6019K, paused 1ms+2ms
D/dalvikvm( 1142): GC_CONCURRENT freed 405K, 78% free 1324K/6019K, paused 0ms+1ms
D/dalvikvm( 1142): GC_CONCURRENT freed 394K, 78% free 1324K/6019K, paused 1ms+1ms
D/dalvikvm( 1142): GC_CONCURRENT freed 393K, 78% free 1325K/6019K, paused 1ms+1ms
D/dalvikvm( 1142): GC_CONCURRENT freed 404K, 79% free 1321K/6019K, paused 0ms+1ms
D/dalvikvm( 1142): GC_CONCURRENT freed 407K, 79% free 1307K/6019K, paused 0ms+1ms
D/dalvikvm( 1142): GC_CONCURRENT freed 380K, 79% free 1320K/6019K, paused 1ms+1ms
D/dalvikvm( 1142): GC_CONCURRENT freed 393K, 79% free 1311K/6019K, paused 1ms+1ms
D/dalvikvm( 1142): GC_CONCURRENT freed 393K, 79% free 1312K/6019K, paused 1ms+1ms
D/dalvikvm( 1142): GC_CONCURRENT freed 394K, 79% free 1311K/6019K, paused 0ms+1ms
D/dalvikvm( 1142): GC_CONCURRENT freed 393K, 79% free 1312K/6019K, paused 0ms+1ms
D/MonitorCw880( 5694): counter=2 && isHeartbeatTimeout=true
D/MonitorCw880( 5694): counter=2 && isHeartbeatTimeout=true
D/dalvikvm( 1142): GC_CONCURRENT freed 392K, 78% free 1342K/6019K, paused 1ms+0ms
D/dalvikvm( 1142): GC_CONCURRENT freed 415K, 76% free 1464K/6019K, paused 1ms+1ms
D/dalvikvm( 1142): GC_CONCURRENT freed 531K, 78% free 1325K/6019K, paused 1ms+1ms
D/dalvikvm( 1142): GC_CONCURRENT freed 395K, 79% free 1323K/6019K, paused 1ms+1ms
D/dalvikvm( 1142): GC_CONCURRENT freed 393K, 79% free 1324K/6019K, paused 0ms+1ms
D/dalvikvm( 1142): GC_CONCURRENT freed 391K, 78% free 1329K/6019K, paused 1ms+1ms
D/MonitorCw880( 5694): counter=2 && isHeartbeatTimeout=true
D/dalvikvm( 1142): GC_CONCURRENT freed 403K, 79% free 1312K/6019K, paused 1ms+1ms
D/dalvikvm( 1142): GC_CONCURRENT freed 396K, 77% free 1426K/6019K, paused 1ms+1ms
D/dalvikvm( 1142): GC_CONCURRENT freed 488K, 76% free 1449K/6019K, paused 1ms+1ms
D/dalvikvm( 1142): GC_CONCURRENT freed 604K, 78% free 1366K/6019K, paused 0ms+1ms
D/HomePlayerLib( 1142): hostaddress count is 2
D/dalvikvm( 1142): GC_CONCURRENT freed 449K, 77% free 1424K/6019K, paused 0ms+1ms
D/dalvikvm( 1142): GC_CONCURRENT freed 490K, 76% free 1445K/6019K, paused 1ms+1ms
D/dalvikvm( 1142): GC_CONCURRENT freed 526K, 77% free 1431K/6019K, paused 1ms+1ms
D/dalvikvm( 1142): GC_CONCURRENT freed 508K, 77% free 1432K/6019K, paused 1ms+1ms
D/dalvikvm( 1142): GC_CONCURRENT freed 488K, 78% free 1329K/6019K, paused 1ms+1ms
D/dalvikvm( 1142): GC_CONCURRENT freed 394K, 76% free 1446K/6019K, paused 1ms+1ms
D/dalvikvm( 1142): GC_CONCURRENT freed 522K, 77% free 1432K/6019K, paused 1ms+1ms
D/dalvikvm( 1142): GC_CONCURRENT freed 490K, 76% free 1453K/6019K, paused 1ms+1ms
D/dalvikvm( 1142): GC_CONCURRENT freed 515K, 78% free 1335K/6019K, paused 1ms+1ms
D/dalvikvm( 1142): GC_CONCURRENT freed 404K, 77% free 1442K/6019K, paused 1ms+1ms
D/dalvikvm( 1142): GC_CONCURRENT freed 516K, 77% free 1431K/6019K, paused 1ms+1ms
D/dalvikvm( 1142): GC_CONCURRENT freed 488K, 78% free 1335K/6019K, paused 1ms+1ms
D/dalvikvm( 1142): GC_CONCURRENT freed 415K, 77% free 1425K/6019K, paused 1ms+1ms
D/dalvikvm( 1142): GC_CONCURRENT freed 550K, 79% free 1319K/6019K, paused 1ms+1ms
D/dalvikvm( 1142): GC_CONCURRENT freed 400K, 79% free 1303K/6019K, paused 0ms+1ms
D/dalvikvm( 1142): GC_CONCURRENT freed 367K, 78% free 1326K/6019K, paused 1ms+1ms
D/dalvikvm( 1142): GC_CONCURRENT freed 390K, 78% free 1334K/6019K, paused 1ms+1ms
D/dalvikvm( 1142): GC_CONCURRENT freed 415K, 78% free 1328K/6019K, paused 1ms+1ms
D/MonitorCw880( 5694): counter=2 && isHeartbeatTimeout=true
D/dalvikvm( 1142): GC_CONCURRENT freed 404K, 77% free 1436K/6019K, paused 1ms+2ms
D/dalvikvm( 1142): GC_CONCURRENT freed 547K, 78% free 1373K/6019K, paused 1ms+1ms
D/dalvikvm( 1142): GC_CONCURRENT freed 516K, 78% free 1366K/6019K, paused 1ms+1ms
D/dalvikvm( 1142): GC_CONCURRENT freed 446K, 79% free 1310K/6019K, paused 0ms+1ms
D/dalvikvm( 1142): GC_CONCURRENT freed 382K, 77% free 1427K/6019K, paused 1ms+0ms
D/dalvikvm( 1142): GC_CONCURRENT freed 520K, 77% free 1407K/6019K, paused 1ms+1ms
D/dalvikvm( 1142): GC_CONCURRENT freed 476K, 79% free 1322K/6019K, paused 0ms+1ms
D/dalvikvm( 1142): GC_CONCURRENT freed 389K, 79% free 1323K/6019K, paused 1ms+1ms
D/dalvikvm( 1142): GC_CONCURRENT freed 392K, 79% free 1324K/6019K, paused 1ms+1ms
D/dalvikvm( 1142): GC_CONCURRENT freed 393K, 78% free 1324K/6019K, paused 1ms+1ms
D/dalvikvm( 1142): GC_CONCURRENT freed 391K, 78% free 1325K/6019K, paused 0ms+1ms
D/dalvikvm( 1142): GC_CONCURRENT freed 403K, 79% free 1313K/6019K, paused 0ms+0ms
D/dalvikvm( 1142): GC_CONCURRENT freed 394K, 78% free 1337K/6019K, paused 1ms+1ms
D/dalvikvm( 1142): GC_CONCURRENT freed 405K, 77% free 1407K/6019K, paused 1ms+1ms
D/dalvikvm( 1142): GC_CONCURRENT freed 474K, 78% free 1324K/6019K, paused 1ms+1ms
D/dalvikvm( 1142): GC_CONCURRENT freed 394K, 78% free 1370K/6019K, paused 1ms+1ms
D/MonitorCw880( 5694): counter=2 && isHeartbeatTimeout=true
D/dalvikvm( 1142): GC_CONCURRENT freed 445K, 79% free 1312K/6019K, paused 0ms+1ms
D/MonitorCw880( 5694): counter=2 && isHeartbeatTimeout=true
D/dalvikvm( 1142): GC_CONCURRENT freed 395K, 77% free 1402K/6019K, paused 0ms+1ms
D/dalvikvm( 1142): GC_CONCURRENT freed 486K, 77% free 1423K/6019K, paused 1ms+1ms
D/dalvikvm( 1142): GC_CONCURRENT freed 508K, 79% free 1301K/6019K, paused 1ms+1ms
D/dalvikvm( 1142): GC_CONCURRENT freed 373K, 76% free 1464K/6019K, paused 1ms+1ms
D/dalvikvm( 1142): GC_CONCURRENT freed 530K, 78% free 1325K/6019K, paused 1ms+1ms
D/dalvikvm( 1142): GC_CONCURRENT freed 393K, 78% free 1324K/6019K, paused 1ms+1ms
D/dalvikvm( 1142): GC_CONCURRENT freed 392K, 78% free 1324K/6019K, paused 0ms+1ms
D/dalvikvm( 1142): GC_CONCURRENT freed 393K, 78% free 1324K/6019K, paused 0ms+1ms
D/dalvikvm( 1142): GC_CONCURRENT freed 404K, 79% free 1312K/6019K, paused 1ms+1ms
D/dalvikvm( 1142): GC_CONCURRENT freed 396K, 79% free 1302K/6019K, paused 0ms+1ms
D/MonitorCw880( 5694): counter=2 && isHeartbeatTimeout=true
D/dalvikvm( 1142): GC_CONCURRENT freed 365K, 79% free 1323K/6019K, paused 1ms+1ms
D/MonitorCw880( 5694): counter=2 && isHeartbeatTimeout=true
D/dalvikvm( 1142): GC_CONCURRENT freed 392K, 79% free 1324K/6019K, paused 1ms+1ms
D/dalvikvm( 1142): GC_CONCURRENT freed 393K, 79% free 1324K/6019K, paused 1ms+1ms
D/dalvikvm( 1142): GC_CONCURRENT freed 393K, 78% free 1324K/6019K, paused 1ms+1ms
D/dalvikvm( 1142): GC_CONCURRENT freed 393K, 78% free 1324K/6019K, paused 1ms+1ms
D/dalvikvm( 1142): GC_CONCURRENT freed 393K, 78% free 1324K/6019K, paused 1ms+2ms
D/dalvikvm( 1142): GC_CONCURRENT freed 392K, 78% free 1324K/6019K, paused 0ms+1ms
D/dalvikvm( 1142): GC_CONCURRENT freed 403K, 77% free 1428K/6019K, paused 1ms+1ms
D/dalvikvm( 1142): GC_CONCURRENT freed 490K, 78% free 1325K/6019K, paused 1ms+1ms
D/dalvikvm( 1142): GC_CONCURRENT freed 394K, 79% free 1324K/6019K, paused 1ms+1ms
D/dalvikvm( 1142): GC_CONCURRENT freed 393K, 77% free 1411K/6019K, paused 0ms+1ms
D/MonitorCw880( 5694): counter=2 && isHeartbeatTimeout=true
D/dalvikvm( 1142): GC_CONCURRENT freed 482K, 77% free 1422K/6019K, paused 1ms+1ms
D/dalvikvm( 1142): GC_CONCURRENT freed 491K, 78% free 1324K/6019K, paused 1ms+1ms
D/dalvikvm( 1142): GC_CONCURRENT freed 392K, 76% free 1453K/6019K, paused 1ms+1ms
D/HomePlayerLib( 1142): hostaddress count is 2
D/dalvikvm( 1142): GC_CONCURRENT freed 534K, 79% free 1310K/6019K, paused 1ms+1ms
D/dalvikvm( 1142): GC_CONCURRENT freed 388K, 77% free 1427K/6019K, paused 1ms+1ms
D/dalvikvm( 1142): GC_CONCURRENT freed 497K, 77% free 1397K/6019K, paused 1ms+1ms
D/dalvikvm( 1142): GC_CONCURRENT freed 465K, 77% free 1442K/6019K, paused 0ms+1ms
D/dalvikvm( 1142): GC_CONCURRENT freed 520K, 78% free 1336K/6019K, paused 1ms+1ms
D/dalvikvm( 1142): GC_CONCURRENT freed 392K, 78% free 1329K/6019K, paused 1ms+2ms
D/dalvikvm( 1142): GC_CONCURRENT freed 393K, 78% free 1328K/6019K, paused 1ms+1ms
D/dalvikvm( 1142): GC_CONCURRENT freed 392K, 78% free 1329K/6019K, paused 1ms+1ms
D/dalvikvm( 1142): GC_CONCURRENT freed 403K, 78% free 1324K/6019K, paused 1ms+1ms
D/dalvikvm( 1142): GC_CONCURRENT freed 404K, 78% free 1379K/6019K, paused 1ms+1ms
D/dalvikvm( 1142): GC_CONCURRENT freed 441K, 77% free 1411K/6019K, paused 1ms+1ms
D/dalvikvm( 1142): GC_CONCURRENT freed 481K, 78% free 1327K/6019K, paused 1ms+1ms
D/dalvikvm( 1142): GC_CONCURRENT freed 391K, 78% free 1350K/6019K, paused 1ms+1ms
D/dalvikvm( 1142): GC_CONCURRENT freed 416K, 77% free 1437K/6019K, paused 1ms+1ms
D/dalvikvm( 1142): GC_CONCURRENT freed 517K, 77% free 1428K/6019K, paused 1ms+1ms
D/dalvikvm( 1142): GC_CONCURRENT freed 505K, 79% free 1311K/6019K, paused 1ms+1ms
D/dalvikvm( 1142): GC_CONCURRENT freed 383K, 77% free 1437K/6019K, paused 1ms+1ms
D/MonitorCw880( 5694): counter=2 && isHeartbeatTimeout=true
D/dalvikvm( 1142): GC_CONCURRENT freed 519K, 79% free 1312K/6019K, paused 1ms+1ms
D/dalvikvm( 1142): GC_CONCURRENT freed 393K, 79% free 1311K/6019K, paused 0ms+1ms
D/dalvikvm( 1142): GC_CONCURRENT freed 393K, 78% free 1383K/6019K, paused 1ms+1ms
D/dalvikvm( 1142): GC_CONCURRENT freed 456K, 77% free 1423K/6019K, paused 1ms+1ms
D/dalvikvm( 1142): GC_CONCURRENT freed 458K, 76% free 1463K/6019K, paused 1ms+1ms
D/dalvikvm( 1142): GC_CONCURRENT freed 534K, 78% free 1344K/6019K, paused 0ms+1ms
D/dalvikvm( 1142): GC_CONCURRENT freed 419K, 77% free 1437K/6019K, paused 1ms+1ms
I/EventLogService( 1307): Aggregate from 1369613997579 (log), 1369613997579 (data)
D/MonitorCw880( 5694): counter=2 && isHeartbeatTimeout=true
D/dalvikvm( 1142): GC_CONCURRENT freed 516K, 77% free 1427K/6019K, paused 1ms+1ms
D/dalvikvm( 1142): GC_CONCURRENT freed 487K, 78% free 1330K/6019K, paused 0ms+1ms
D/dalvikvm( 1142): GC_CONCURRENT freed 405K, 79% free 1312K/6019K, paused 1ms+1ms
D/dalvikvm( 1142): GC_CONCURRENT freed 396K, 77% free 1426K/6019K, paused 1ms+1ms
D/MonitorCw880( 5694): counter=2 && isHeartbeatTimeout=true
D/dalvikvm( 1142): GC_CONCURRENT freed 488K, 78% free 1325K/6019K, paused 1ms+1ms
D/dalvikvm( 1142): GC_CONCURRENT freed 393K, 78% free 1324K/6019K, paused 0ms+1ms
D/dalvikvm( 1142): GC_CONCURRENT freed 392K, 78% free 1324K/6019K, paused 1ms+1ms
D/dalvikvm( 1142): GC_CONCURRENT freed 393K, 78% free 1324K/6019K, paused 1ms+1ms
D/dalvikvm( 1142): GC_CONCURRENT freed 404K, 79% free 1312K/6019K, paused 1ms+1ms
D/dalvikvm( 1142): GC_CONCURRENT freed 396K, 77% free 1426K/6019K, paused 1ms+1ms
D/MonitorCw880( 5694): counter=2 && isHeartbeatTimeout=true
D/dalvikvm( 1142): GC_CONCURRENT freed 486K, 76% free 1451K/6019K, paused 1ms+1ms
D/dalvikvm( 1142): GC_CONCURRENT freed 525K, 79% free 1313K/6019K, paused 0ms+1ms
D/dalvikvm( 1142): GC_CONCURRENT freed 397K, 76% free 1484K/6019K, paused 1ms+1ms
D/dalvikvm( 1142): GC_CONCURRENT freed 555K, 77% free 1385K/6019K, paused 1ms+0ms
D/MonitorCw880( 5694): counter=2 && isHeartbeatTimeout=true
D/dalvikvm( 1142): GC_CONCURRENT freed 457K, 77% free 1438K/6019K, paused 1ms+1ms
D/dalvikvm( 1142): GC_CONCURRENT freed 516K, 77% free 1427K/6019K, paused 1ms+1ms
D/dalvikvm( 1142): GC_CONCURRENT freed 488K, 78% free 1330K/6019K, paused 1ms+1ms
D/dalvikvm( 1142): GC_CONCURRENT freed 402K, 76% free 1503K/6019K, paused 1ms+1ms
D/dalvikvm( 1142): GC_CONCURRENT freed 581K, 78% free 1383K/6019K, paused 1ms+1ms
D/dalvikvm( 1142): GC_CONCURRENT freed 456K, 77% free 1438K/6019K, paused 1ms+2ms
D/dalvikvm( 1142): GC_CONCURRENT freed 516K, 77% free 1403K/6019K, paused 1ms+1ms
D/dalvikvm( 1142): GC_CONCURRENT freed 475K, 79% free 1313K/6019K, paused 1ms+1ms
D/dalvikvm( 1142): GC_CONCURRENT freed 399K, 79% free 1299K/6019K, paused 1ms+1ms
D/dalvikvm( 1142): GC_CONCURRENT freed 381K, 78% free 1325K/6019K, paused 1ms+1ms
D/dalvikvm( 1142): GC_CONCURRENT freed 396K, 77% free 1430K/6019K, paused 0ms+1ms
D/HomePlayerLib( 1142): hostaddress count is 2
D/dalvikvm( 1142): GC_CONCURRENT freed 498K, 77% free 1434K/6019K, paused 1ms+1ms
D/dalvikvm( 1142): GC_CONCURRENT freed 503K, 77% free 1429K/6019K, paused 1ms+1ms
D/dalvikvm( 1142): GC_CONCURRENT freed 503K, 77% free 1437K/6019K, paused 0ms+1ms
D/dalvikvm( 1142): GC_CONCURRENT freed 507K, 77% free 1434K/6019K, paused 1ms+2ms
D/dalvikvm( 1142): GC_CONCURRENT freed 489K, 76% free 1455K/6019K, paused 1ms+1ms
D/MonitorCw880( 5694): counter=2 && isHeartbeatTimeout=true
D/dalvikvm( 1142): GC_CONCURRENT freed 538K, 77% free 1436K/6019K, paused 1ms+1ms
D/dalvikvm( 1142): GC_CONCURRENT freed 506K, 79% free 1318K/6019K, paused 1ms+1ms
D/dalvikvm( 1142): GC_FOR_ALLOC freed 488K, 78% free 1334K/6019K, paused 11ms
D/dalvikvm( 1142): GC_CONCURRENT freed 0K, 74% free 1591K/6019K, paused 1ms+0ms
D/dalvikvm( 1142): GC_CONCURRENT freed 669K, 77% free 1390K/6019K, paused 1ms+1ms
D/dalvikvm( 1142): GC_CONCURRENT freed 458K, 77% free 1426K/6019K, paused 1ms+1ms
D/dalvikvm( 1142): GC_CONCURRENT freed 482K, 77% free 1385K/6019K, paused 1ms+1ms
D/dalvikvm( 1142): GC_CONCURRENT freed 464K, 78% free 1328K/6019K, paused 1ms+1ms
D/dalvikvm( 1142): GC_CONCURRENT freed 410K, 79% free 1313K/6019K, paused 1ms+1ms
D/dalvikvm( 1142): GC_CONCURRENT freed 379K, 77% free 1437K/6019K, paused 1ms+1ms
D/dalvikvm( 1142): GC_CONCURRENT freed 510K, 79% free 1316K/6019K, paused 0ms+1ms
D/dalvikvm( 1142): GC_CONCURRENT freed 394K, 77% free 1416K/6019K, paused 1ms+1ms
D/dalvikvm( 1142): GC_CONCURRENT freed 465K, 76% free 1500K/6019K, paused 1ms+2ms
D/dalvikvm( 1142): GC_CONCURRENT freed 560K, 78% free 1329K/6019K, paused 1ms+1ms
D/dalvikvm( 1142): GC_CONCURRENT freed 395K, 78% free 1327K/6019K, paused 1ms+1ms
D/dalvikvm( 1142): GC_CONCURRENT freed 392K, 78% free 1328K/6019K, paused 1ms+1ms
D/dalvikvm( 1142): GC_CONCURRENT freed 406K, 78% free 1372K/6019K, paused 1ms+1ms
D/dalvikvm( 1142): GC_CONCURRENT freed 445K, 79% free 1312K/6019K, paused 0ms+1ms
D/dalvikvm( 1142): GC_CONCURRENT freed 396K, 77% free 1426K/6019K, paused 1ms+1ms
D/dalvikvm( 1142): GC_CONCURRENT freed 486K, 78% free 1324K/6019K, paused 1ms+1ms
D/dalvikvm( 1142): GC_CONCURRENT freed 394K, 77% free 1411K/6019K, paused 1ms+1ms
D/dalvikvm( 1142): GC_CONCURRENT freed 485K, 79% free 1314K/6019K, paused 1ms+1ms
D/dalvikvm( 1142): GC_CONCURRENT freed 396K, 77% free 1402K/6019K, paused 0ms+1ms
D/dalvikvm( 1142): GC_CONCURRENT freed 475K, 79% free 1312K/6019K, paused 1ms+0ms
D/dalvikvm( 1142): GC_CONCURRENT freed 394K, 79% free 1311K/6019K, paused 1ms+1ms
D/MonitorCw880( 5694): counter=2 && isHeartbeatTimeout=true
D/MonitorCw880( 5694): counter=2 && isHeartbeatTimeout=true
D/dalvikvm( 1142): GC_CONCURRENT freed 392K, 78% free 1383K/6019K, paused 1ms+1ms
D/dalvikvm( 1142): GC_CONCURRENT freed 456K, 79% free 1313K/6019K, paused 1ms+1ms
D/dalvikvm( 1142): GC_CONCURRENT freed 397K, 79% free 1319K/6019K, paused 1ms+1ms
D/dalvikvm( 1142): GC_CONCURRENT freed 394K, 79% free 1312K/6019K, paused 1ms+1ms
D/dalvikvm( 1142): GC_CONCURRENT freed 394K, 79% free 1320K/6019K, paused 1ms+1ms
D/MonitorCw880( 5694): counter=2 && isHeartbeatTimeout=true
D/dalvikvm( 1142): GC_CONCURRENT freed 404K, 78% free 1324K/6019K, paused 1ms+1ms
D/dalvikvm( 1142): GC_CONCURRENT freed 392K, 78% free 1324K/6019K, paused 1ms+1ms
D/dalvikvm( 1142): GC_CONCURRENT freed 393K, 78% free 1324K/6019K, paused 1ms+1ms
D/dalvikvm( 1142): GC_CONCURRENT freed 393K, 78% free 1325K/6019K, paused 1ms+1ms
D/dalvikvm( 1142): GC_CONCURRENT freed 404K, 79% free 1321K/6019K, paused 1ms+1ms
D/dalvikvm( 1142): GC_CONCURRENT freed 403K, 78% free 1328K/6019K, paused 1ms+1ms
D/dalvikvm( 1142): GC_CONCURRENT freed 397K, 78% free 1324K/6019K, paused 1ms+1ms
D/dalvikvm( 1142): GC_CONCURRENT freed 393K, 78% free 1324K/6019K, paused 1ms+1ms
D/dalvikvm( 1142): GC_CONCURRENT freed 393K, 79% free 1324K/6019K, paused 1ms+1ms
D/dalvikvm( 1142): GC_CONCURRENT freed 393K, 78% free 1324K/6019K, paused 1ms+1ms
D/dalvikvm( 1142): GC_CONCURRENT freed 393K, 78% free 1324K/6019K, paused 1ms+1ms
D/MonitorCw880( 5694): counter=2 && isHeartbeatTimeout=true
D/dalvikvm( 1142): GC_CONCURRENT freed 392K, 78% free 1325K/6019K, paused 0ms+1ms
D/MonitorCw880( 5694): counter=2 && isHeartbeatTimeout=true
D/dalvikvm( 1142): GC_CONCURRENT freed 402K, 79% free 1321K/6019K, paused 1ms+1ms
D/dalvikvm( 1142): GC_CONCURRENT freed 396K, 79% free 1319K/6019K, paused 1ms+1ms
D/dalvikvm( 1142): GC_CONCURRENT freed 394K, 78% free 1336K/6019K, paused 1ms+1ms
D/dalvikvm( 1142): GC_CONCURRENT freed 406K, 79% free 1324K/6019K, paused 1ms+1ms
D/dalvikvm( 1142): GC_CONCURRENT freed 392K, 78% free 1324K/6019K, paused 1ms+1ms
D/dalvikvm( 1142): GC_CONCURRENT freed 392K, 78% free 1324K/6019K, paused 1ms+1ms
D/dalvikvm( 1142): GC_CONCURRENT freed 393K, 78% free 1324K/6019K, paused 1ms+1ms
D/dalvikvm( 1142): GC_CONCURRENT freed 393K, 78% free 1325K/6019K, paused 1ms+1ms
D/dalvikvm( 1142): GC_CONCURRENT freed 400K, 79% free 1323K/6019K, paused 1ms+2ms
D/HomePlayerLib( 1142): hostaddress count is 2
D/dalvikvm( 1142): GC_CONCURRENT freed 405K, 76% free 1476K/6019K, paused 0ms+1ms
D/dalvikvm( 1142): GC_CONCURRENT freed 528K, 76% free 1454K/6019K, paused 1ms+1ms
D/dalvikvm( 1142): GC_CONCURRENT freed 532K, 77% free 1418K/6019K, paused 1ms+1ms
D/dalvikvm( 1142): GC_CONCURRENT freed 496K, 79% free 1307K/6019K, paused 1ms+1ms
D/dalvikvm( 1142): GC_CONCURRENT freed 382K, 77% free 1433K/6019K, paused 1ms+1ms
D/dalvikvm( 1142): GC_CONCURRENT freed 509K, 77% free 1436K/6019K, paused 1ms+1ms
D/dalvikvm( 1142): GC_CONCURRENT freed 515K, 78% free 1372K/6019K, paused 1ms+1ms
D/dalvikvm( 1142): GC_CONCURRENT freed 445K, 75% free 1548K/6019K, paused 1ms+1ms
D/dalvikvm( 1142): GC_CONCURRENT freed 627K, 77% free 1433K/6019K, paused 0ms+1ms
D/dalvikvm( 1142): GC_CONCURRENT freed 512K, 79% free 1317K/6019K, paused 1ms+1ms
D/MonitorCw880( 5694): counter=2 && isHeartbeatTimeout=true
D/dalvikvm( 1142): GC_CONCURRENT freed 394K, 77% free 1430K/6019K, paused 1ms+1ms
D/dalvikvm( 1142): GC_CONCURRENT freed 519K, 77% free 1415K/6019K, paused 0ms+1ms
D/dalvikvm( 1142): GC_CONCURRENT freed 480K, 77% free 1442K/6019K, paused 1ms+1ms
D/dalvikvm( 1142): GC_CONCURRENT freed 514K, 78% free 1329K/6019K, paused 1ms+1ms
D/dalvikvm( 1142): GC_CONCURRENT freed 395K, 78% free 1374K/6019K, paused 1ms+1ms
D/dalvikvm( 1142): GC_CONCURRENT freed 457K, 77% free 1428K/6019K, paused 1ms+1ms
D/dalvikvm( 1142): GC_CONCURRENT freed 503K, 79% free 1314K/6019K, paused 1ms+1ms
D/dalvikvm( 1142): GC_CONCURRENT freed 391K, 77% free 1428K/6019K, paused 0ms+1ms
D/dalvikvm( 1142): GC_CONCURRENT freed 498K, 77% free 1385K/6019K, paused 1ms+1ms
D/dalvikvm( 1142): GC_CONCURRENT freed 458K, 77% free 1439K/6019K, paused 1ms+1ms
D/dalvikvm( 1142): GC_CONCURRENT freed 506K, 78% free 1375K/6019K, paused 1ms+1ms
D/MonitorCw880( 5694): counter=2 && isHeartbeatTimeout=true
D/MonitorCw880( 5694): counter=2 && isHeartbeatTimeout=true
D/dalvikvm( 1142): GC_CONCURRENT freed 456K, 79% free 1315K/6019K, paused 1ms+1ms
D/dalvikvm( 1142): GC_CONCURRENT freed 397K, 79% free 1319K/6019K, paused 0ms+1ms
D/dalvikvm( 1142): GC_CONCURRENT freed 394K, 79% free 1311K/6019K, paused 1ms+1ms
D/dalvikvm( 1142): GC_CONCURRENT freed 393K, 79% free 1320K/6019K, paused 1ms+1ms
D/dalvikvm( 1142): GC_CONCURRENT freed 394K, 79% free 1312K/6019K, paused 0ms+1ms
D/dalvikvm( 1142): GC_CONCURRENT freed 393K, 79% free 1312K/6019K, paused 1ms+1ms
D/dalvikvm( 1142): GC_CONCURRENT freed 391K, 78% free 1383K/6019K, paused 1ms+1ms
D/dalvikvm( 1142): GC_CONCURRENT freed 456K, 79% free 1322K/6019K, paused 0ms+1ms
D/MonitorCw880( 5694): counter=2 && isHeartbeatTimeout=true
D/dalvikvm( 1142): GC_CONCURRENT freed 397K, 77% free 1443K/6019K, paused 1ms+1ms
D/dalvikvm( 1142): GC_CONCURRENT freed 515K, 79% free 1312K/6019K, paused 1ms+1ms
D/dalvikvm( 1142): GC_CONCURRENT freed 395K, 79% free 1312K/6019K, paused 0ms+1ms
D/dalvikvm( 1142): GC_CONCURRENT freed 391K, 78% free 1343K/6019K, paused 1ms+1ms
D/dalvikvm( 1142): GC_CONCURRENT freed 439K, 77% free 1419K/6019K, paused 1ms+1ms
D/dalvikvm( 1142): GC_CONCURRENT freed 488K, 78% free 1325K/6019K, paused 1ms+2ms
D/dalvikvm( 1142): GC_CONCURRENT freed 392K, 78% free 1324K/6019K, paused 1ms+1ms
D/dalvikvm( 1142): GC_CONCURRENT freed 392K, 78% free 1324K/6019K, paused 1ms+2ms
D/dalvikvm( 1142): GC_CONCURRENT freed 393K, 78% free 1325K/6019K, paused 1ms+1ms
D/dalvikvm( 1142): GC_CONCURRENT freed 402K, 79% free 1321K/6019K, paused 1ms+1ms
D/dalvikvm( 1142): GC_CONCURRENT freed 395K, 78% free 1336K/6019K, paused 1ms+1ms
D/dalvikvm( 1142): GC_CONCURRENT freed 406K, 79% free 1324K/6019K, paused 1ms+1ms
D/dalvikvm( 1142): GC_CONCURRENT freed 392K, 79% free 1324K/6019K, paused 1ms+1ms
D/MonitorCw880( 5694): counter=2 && isHeartbeatTimeout=true
D/dalvikvm( 1142): GC_CONCURRENT freed 393K, 78% free 1324K/6019K, paused 1ms+2ms
D/dalvikvm( 1142): GC_CONCURRENT freed 393K, 78% free 1324K/6019K, paused 1ms+1ms
D/dalvikvm( 1142): GC_CONCURRENT freed 393K, 78% free 1324K/6019K, paused 1ms+1ms
D/dalvikvm( 1142): GC_CONCURRENT freed 393K, 78% free 1325K/6019K, paused 1ms+2ms
D/dalvikvm( 1142): GC_CONCURRENT freed 403K, 79% free 1321K/6019K, paused 1ms+1ms
D/dalvikvm( 1142): GC_CONCURRENT freed 395K, 79% free 1319K/6019K, paused 1ms+1ms
D/dalvikvm( 1142): GC_CONCURRENT freed 394K, 79% free 1320K/6019K, paused 1ms+1ms
D/dalvikvm( 1142): GC_CONCURRENT freed 393K, 79% free 1320K/6019K, paused 1ms+1ms
D/dalvikvm( 1142): GC_CONCURRENT freed 393K, 79% free 1311K/6019K, paused 1ms+1ms
D/dalvikvm( 1142): GC_CONCURRENT freed 393K, 79% free 1320K/6019K, paused 1ms+1ms
D/MonitorCw880( 5694): counter=2 && isHeartbeatTimeout=true
D/dalvikvm( 1142): GC_CONCURRENT freed 404K, 78% free 1324K/6019K, paused 1ms+1ms
D/dalvikvm( 1142): GC_CONCURRENT freed 392K, 78% free 1325K/6019K, paused 1ms+1ms
D/dalvikvm( 1142): GC_CONCURRENT freed 404K, 78% free 1380K/6019K, paused 1ms+1ms
D/dalvikvm( 1142): GC_CONCURRENT freed 450K, 78% free 1324K/6019K, paused 1ms+1ms
D/dalvikvm( 1142): GC_CONCURRENT freed 392K, 79% free 1324K/6019K, paused 1ms+1ms
D/dalvikvm( 1142): GC_CONCURRENT freed 392K, 78% free 1324K/6019K, paused 1ms+1ms
D/dalvikvm( 1142): GC_CONCURRENT freed 393K, 78% free 1324K/6019K, paused 1ms+1ms
D/dalvikvm( 1142): GC_CONCURRENT freed 393K, 78% free 1324K/6019K, paused 1ms+1ms
D/HomePlayerLib( 1142): hostaddress count is 2
D/dalvikvm( 1142): GC_CONCURRENT freed 411K, 79% free 1317K/6019K, paused 1ms+1ms
D/dalvikvm( 1142): GC_CONCURRENT freed 387K, 79% free 1322K/6019K, paused 1ms+1ms
D/dalvikvm( 1142): GC_CONCURRENT freed 382K, 78% free 1333K/6019K, paused 1ms+1ms
D/dalvikvm( 1142): GC_CONCURRENT freed 409K, 79% free 1313K/6019K, paused 0ms+1ms
D/dalvikvm( 1142): GC_CONCURRENT freed 384K, 78% free 1326K/6019K, paused 1ms+1ms
D/dalvikvm( 1142): GC_CONCURRENT freed 404K, 79% free 1307K/6019K, paused 1ms+1ms
D/dalvikvm( 1142): GC_CONCURRENT freed 361K, 78% free 1339K/6019K, paused 1ms+1ms
D/dalvikvm( 1142): GC_CONCURRENT freed 411K, 78% free 1332K/6019K, paused 1ms+1ms
D/dalvikvm( 1142): GC_CONCURRENT freed 414K, 75% free 1521K/6019K, paused 1ms+1ms
D/dalvikvm( 1142): GC_CONCURRENT freed 595K, 78% free 1375K/6019K, paused 1ms+1ms
D/dalvikvm( 1142): GC_CONCURRENT freed 439K, 78% free 1331K/6019K, paused 1ms+1ms
D/dalvikvm( 1142): GC_CONCURRENT freed 413K, 79% free 1302K/6019K, paused 1ms+1ms
D/dalvikvm( 1142): GC_CONCURRENT freed 367K, 77% free 1411K/6019K, paused 1ms+1ms
D/dalvikvm( 1142): GC_CONCURRENT freed 474K, 77% free 1433K/6019K, paused 1ms+1ms
D/MonitorCw880( 5694): counter=2 && isHeartbeatTimeout=true
D/dalvikvm( 1142): GC_CONCURRENT freed 513K, 77% free 1396K/6019K, paused 1ms+1ms
D/dalvikvm( 1142): GC_CONCURRENT freed 471K, 77% free 1409K/6019K, paused 1ms+2ms
D/dalvikvm( 1142): GC_CONCURRENT freed 476K, 78% free 1366K/6019K, paused 0ms+1ms
D/dalvikvm( 1142): GC_CONCURRENT freed 433K, 78% free 1325K/6019K, paused 1ms+1ms
D/dalvikvm( 1142): GC_CONCURRENT freed 404K, 79% free 1321K/6019K, paused 1ms+1ms
D/dalvikvm( 1142): GC_CONCURRENT freed 396K, 79% free 1319K/6019K, paused 1ms+1ms
D/dalvikvm( 1142): GC_CONCURRENT freed 394K, 79% free 1320K/6019K, paused 1ms+1ms
D/MonitorCw880( 5694): counter=2 && isHeartbeatTimeout=true
D/MonitorCw880( 5694): counter=2 && isHeartbeatTimeout=true
D/dalvikvm( 1142): GC_CONCURRENT freed 404K, 78% free 1324K/6019K, paused 1ms+2ms
D/dalvikvm( 1142): GC_CONCURRENT freed 392K, 78% free 1324K/6019K, paused 1ms+1ms
D/dalvikvm( 1142): GC_CONCURRENT freed 393K, 78% free 1324K/6019K, paused 0ms+1ms
D/dalvikvm( 1142): GC_CONCURRENT freed 393K, 78% free 1324K/6019K, paused 1ms+1ms
D/dalvikvm( 1142): GC_CONCURRENT freed 393K, 78% free 1325K/6019K, paused 0ms+1ms
D/dalvikvm( 1142): GC_CONCURRENT freed 401K, 78% free 1337K/6019K, paused 1ms+1ms
D/dalvikvm( 1142): GC_CONCURRENT freed 409K, 78% free 1324K/6019K, paused 0ms+1ms
D/dalvikvm( 1142): GC_CONCURRENT freed 394K, 78% free 1324K/6019K, paused 1ms+1ms
D/dalvikvm( 1142): GC_CONCURRENT freed 392K, 78% free 1324K/6019K, paused 1ms+1ms
D/dalvikvm( 1142): GC_CONCURRENT freed 392K, 78% free 1324K/6019K, paused 1ms+1ms
D/dalvikvm( 1142): GC_CONCURRENT freed 393K, 78% free 1324K/6019K, paused 1ms+1ms
D/dalvikvm( 1142): GC_CONCURRENT freed 393K, 78% free 1324K/6019K, paused 1ms+1ms
D/dalvikvm( 1142): GC_CONCURRENT freed 393K, 78% free 1325K/6019K, paused 1ms+1ms
D/MonitorCw880( 5694): counter=2 && isHeartbeatTimeout=true
D/dalvikvm( 1142): GC_CONCURRENT freed 404K, 79% free 1321K/6019K, paused 1ms+1ms
D/dalvikvm( 1142): GC_CONCURRENT freed 396K, 79% free 1319K/6019K, paused 1ms+1ms
D/dalvikvm( 1142): GC_CONCURRENT freed 394K, 79% free 1320K/6019K, paused 1ms+2ms
D/MonitorCw880( 5694): counter=2 && isHeartbeatTimeout=true
D/dalvikvm( 1142): GC_CONCURRENT freed 405K, 78% free 1324K/6019K, paused 1ms+1ms
D/dalvikvm( 1142): GC_CONCURRENT freed 392K, 78% free 1324K/6019K, paused 1ms+1ms
D/dalvikvm( 1142): GC_CONCURRENT freed 393K, 78% free 1324K/6019K, paused 1ms+1ms
D/dalvikvm( 1142): GC_CONCURRENT freed 393K, 78% free 1324K/6019K, paused 1ms+1ms
D/dalvikvm( 1142): GC_CONCURRENT freed 393K, 78% free 1325K/6019K, paused 1ms+2ms
D/dalvikvm( 1142): GC_CONCURRENT freed 403K, 79% free 1321K/6019K, paused 1ms+2ms
D/dalvikvm( 1142): GC_CONCURRENT freed 395K, 79% free 1319K/6019K, paused 1ms+1ms
D/MonitorCw880( 5694): counter=2 && isHeartbeatTimeout=true
D/dalvikvm( 1142): GC_CONCURRENT freed 394K, 79% free 1320K/6019K, paused 0ms+1ms
D/dalvikvm( 1142): GC_CONCURRENT freed 393K, 79% free 1320K/6019K, paused 1ms+1ms
D/dalvikvm( 1142): GC_CONCURRENT freed 389K, 79% free 1322K/6019K, paused 1ms+1ms
D/HomePlayerLib( 1142): hostaddress count is 2
D/dalvikvm( 1142): GC_CONCURRENT freed 391K, 78% free 1366K/6019K, paused 1ms+1ms
D/dalvikvm( 1142): GC_CONCURRENT freed 430K, 78% free 1348K/6019K, paused 1ms+1ms
D/dalvikvm( 1142): GC_CONCURRENT freed 435K, 77% free 1422K/6019K, paused 1ms+1ms
D/dalvikvm( 1142): GC_CONCURRENT freed 501K, 79% free 1311K/6019K, paused 1ms+1ms
D/dalvikvm( 1142): GC_CONCURRENT freed 391K, 78% free 1375K/6019K, paused 1ms+1ms
D/dalvikvm( 1142): GC_CONCURRENT freed 455K, 77% free 1428K/6019K, paused 1ms+1ms
D/dalvikvm( 1142): GC_CONCURRENT freed 503K, 77% free 1414K/6019K, paused 1ms+1ms
D/dalvikvm( 1142): GC_CONCURRENT freed 487K, 77% free 1436K/6019K, paused 0ms+1ms
D/dalvikvm( 1142): GC_CONCURRENT freed 498K, 78% free 1329K/6019K, paused 1ms+1ms
D/dalvikvm( 1142): GC_CONCURRENT freed 436K, 77% free 1393K/6019K, paused 1ms+1ms
D/dalvikvm( 1142): GC_CONCURRENT freed 461K, 79% free 1316K/6019K, paused 1ms+1ms
D/dalvikvm( 1142): GC_CONCURRENT freed 382K, 78% free 1367K/6019K, paused 1ms+1ms
D/dalvikvm( 1142): GC_CONCURRENT freed 441K, 78% free 1338K/6019K, paused 1ms+1ms
D/dalvikvm( 1142): GC_CONCURRENT freed 405K, 78% free 1328K/6019K, paused 1ms+1ms
D/dalvikvm( 1142): GC_CONCURRENT freed 372K, 78% free 1341K/6019K, paused 1ms+1ms
D/dalvikvm( 1142): GC_CONCURRENT freed 409K, 78% free 1329K/6019K, paused 1ms+1ms
D/dalvikvm( 1142): GC_CONCURRENT freed 398K, 78% free 1328K/6019K, paused 1ms+1ms
D/dalvikvm( 1142): GC_CONCURRENT freed 393K, 78% free 1328K/6019K, paused 1ms+1ms
D/dalvikvm( 1142): GC_CONCURRENT freed 393K, 78% free 1329K/6019K, paused 1ms+1ms
D/dalvikvm( 1142): GC_CONCURRENT freed 416K, 78% free 1327K/6019K, paused 1ms+1ms
D/dalvikvm( 1142): GC_CONCURRENT freed 431K, 77% free 1406K/6019K, paused 0ms+1ms
D/dalvikvm( 1142): GC_CONCURRENT freed 478K, 77% free 1425K/6019K, paused 1ms+1ms
D/dalvikvm( 1142): GC_CONCURRENT freed 499K, 77% free 1423K/6019K, paused 1ms+1ms
D/MonitorCw880( 5694): counter=2 && isHeartbeatTimeout=true
D/dalvikvm( 1142): GC_CONCURRENT freed 491K, 78% free 1325K/6019K, paused 1ms+1ms
D/MonitorCw880( 5694): counter=2 && isHeartbeatTimeout=true
D/dalvikvm( 1142): GC_CONCURRENT freed 392K, 77% free 1430K/6019K, paused 1ms+1ms
D/dalvikvm( 1142): GC_CONCURRENT freed 512K, 79% free 1308K/6019K, paused 1ms+1ms
D/dalvikvm( 1142): GC_CONCURRENT freed 379K, 77% free 1408K/6019K, paused 1ms+1ms
D/dalvikvm( 1142): GC_CONCURRENT freed 474K, 77% free 1430K/6019K, paused 0ms+1ms
D/dalvikvm( 1142): GC_CONCURRENT freed 488K, 76% free 1464K/6019K, paused 0ms+1ms
D/dalvikvm( 1142): GC_CONCURRENT freed 536K, 79% free 1312K/6019K, paused 1ms+1ms
D/dalvikvm( 1142): GC_CONCURRENT freed 393K, 79% free 1311K/6019K, paused 1ms+1ms
D/dalvikvm( 1142): GC_CONCURRENT freed 393K, 79% free 1311K/6019K, paused 1ms+1ms
D/dalvikvm( 1142): GC_CONCURRENT freed 392K, 79% free 1303K/6019K, paused 0ms+1ms
D/dalvikvm( 1142): GC_CONCURRENT freed 364K, 78% free 1370K/6019K, paused 1ms+0ms
D/dalvikvm( 1142): GC_CONCURRENT freed 443K, 79% free 1322K/6019K, paused 1ms+1ms
D/MonitorCw880( 5694): counter=2 && isHeartbeatTimeout=true
D/dalvikvm( 1142): GC_CONCURRENT freed 407K, 79% free 1307K/6019K, paused 1ms+1ms
D/dalvikvm( 1142): GC_CONCURRENT freed 393K, 79% free 1324K/6019K, paused 1ms+1ms
D/dalvikvm( 1142): GC_CONCURRENT freed 394K, 78% free 1324K/6019K, paused 1ms+1ms
D/dalvikvm( 1142): GC_CONCURRENT freed 393K, 78% free 1324K/6019K, paused 1ms+1ms
D/dalvikvm( 1142): GC_CONCURRENT freed 393K, 78% free 1324K/6019K, paused 1ms+1ms
D/dalvikvm( 1142): GC_CONCURRENT freed 393K, 78% free 1324K/6019K, paused 2ms+1ms
D/dalvikvm( 1142): GC_CONCURRENT freed 393K, 78% free 1325K/6019K, paused 1ms+1ms
D/dalvikvm( 1142): GC_CONCURRENT freed 403K, 79% free 1321K/6019K, paused 1ms+1ms
D/dalvikvm( 1142): GC_CONCURRENT freed 395K, 79% free 1319K/6019K, paused 1ms+1ms
D/dalvikvm( 1142): GC_CONCURRENT freed 394K, 78% free 1336K/6019K, paused 1ms+1ms
D/dalvikvm( 1142): GC_CONCURRENT freed 406K, 78% free 1324K/6019K, paused 1ms+1ms
D/dalvikvm( 1142): GC_CONCURRENT freed 393K, 78% free 1324K/6019K, paused 1ms+1ms
D/dalvikvm( 1142): GC_CONCURRENT freed 393K, 78% free 1324K/6019K, paused 1ms+1ms
D/MonitorCw880( 5694): counter=2 && isHeartbeatTimeout=true
D/dalvikvm( 1142): GC_CONCURRENT freed 393K, 78% free 1324K/6019K, paused 1ms+1ms
D/MonitorCw880( 5694): counter=2 && isHeartbeatTimeout=true
D/dalvikvm( 1142): GC_CONCURRENT freed 392K, 78% free 1325K/6019K, paused 1ms+1ms
D/dalvikvm( 1142): GC_CONCURRENT freed 403K, 78% free 1337K/6019K, paused 1ms+2ms
D/dalvikvm( 1142): GC_CONCURRENT freed 407K, 78% free 1324K/6019K, paused 1ms+1ms
D/dalvikvm( 1142): GC_CONCURRENT freed 393K, 77% free 1430K/6019K, paused 1ms+1ms
D/dalvikvm( 1142): GC_CONCURRENT freed 501K, 77% free 1384K/6019K, paused 0ms+1ms
D/dalvikvm( 1142): GC_CONCURRENT freed 458K, 77% free 1438K/6019K, paused 1ms+1ms
D/dalvikvm( 1142): GC_CONCURRENT freed 518K, 77% free 1427K/6019K, paused 1ms+1ms
D/dalvikvm( 1142): GC_CONCURRENT freed 488K, 78% free 1330K/6019K, paused 1ms+1ms
D/dalvikvm( 1142): GC_CONCURRENT freed 400K, 76% free 1462K/6019K, paused 1ms+1ms
D/HomePlayerLib( 1142): hostaddress count is 2
D/dalvikvm( 1142): GC_CONCURRENT freed 541K, 77% free 1424K/6019K, paused 1ms+1ms
D/dalvikvm( 1142): GC_CONCURRENT freed 506K, 77% free 1424K/6019K, paused 1ms+1ms
D/dalvikvm( 1142): GC_CONCURRENT freed 498K, 77% free 1424K/6019K, paused 1ms+1ms
D/dalvikvm( 1142): GC_CONCURRENT freed 504K, 77% free 1432K/6019K, paused 1ms+1ms
D/dalvikvm( 1142): GC_CONCURRENT freed 494K, 77% free 1435K/6019K, paused 1ms+1ms
D/MonitorCw880( 5694): counter=2 && isHeartbeatTimeout=true
D/dalvikvm( 1142): GC_CONCURRENT freed 502K, 78% free 1348K/6019K, paused 1ms+1ms
D/dalvikvm( 1142): GC_CONCURRENT freed 430K, 77% free 1430K/6019K, paused 1ms+1ms
D/dalvikvm( 1142): GC_CONCURRENT freed 477K, 75% free 1525K/6019K, paused 1ms+1ms
D/dalvikvm( 1142): GC_CONCURRENT freed 661K, 78% free 1381K/6019K, paused 1ms+1ms
D/dalvikvm( 1142): GC_CONCURRENT freed 436K, 77% free 1386K/6019K, paused 0ms+1ms
D/dalvikvm( 1142): GC_CONCURRENT freed 461K, 78% free 1324K/6019K, paused 1ms+1ms
D/dalvikvm( 1142): GC_CONCURRENT freed 414K, 77% free 1411K/6019K, paused 1ms+1ms
D/dalvikvm( 1142): GC_CONCURRENT freed 479K, 79% free 1316K/6019K, paused 1ms+1ms
D/dalvikvm( 1142): GC_CONCURRENT freed 391K, 77% free 1393K/6019K, paused 0ms+1ms
D/dalvikvm( 1142): GC_CONCURRENT freed 460K, 78% free 1373K/6019K, paused 1ms+1ms
D/dalvikvm( 1142): GC_CONCURRENT freed 450K, 77% free 1431K/6019K, paused 1ms+1ms
D/dalvikvm( 1142): GC_CONCURRENT freed 494K, 76% free 1446K/6019K, paused 1ms+1ms
D/dalvikvm( 1142): GC_CONCURRENT freed 534K, 79% free 1300K/6019K, paused 1ms+1ms
D/dalvikvm( 1142): GC_CONCURRENT freed 381K, 77% free 1429K/6019K, paused 1ms+1ms
D/dalvikvm( 1142): GC_CONCURRENT freed 492K, 78% free 1325K/6019K, paused 1ms+1ms
D/dalvikvm( 1142): GC_CONCURRENT freed 395K, 78% free 1324K/6019K, paused 1ms+1ms
D/dalvikvm( 1142): GC_CONCURRENT freed 393K, 79% free 1324K/6019K, paused 1ms+0ms
D/MonitorCw880( 5694): counter=2 && isHeartbeatTimeout=true
W/ThrottleService(  945): unable to find stats for iface rmnet0
D/MonitorCw880( 5694): counter=2 && isHeartbeatTimeout=true
D/dalvikvm( 1142): GC_CONCURRENT freed 392K, 78% free 1324K/6019K, paused 1ms+2ms
D/dalvikvm( 1142): GC_CONCURRENT freed 392K, 78% free 1325K/6019K, paused 1ms+1ms
D/dalvikvm( 1142): GC_CONCURRENT freed 404K, 79% free 1321K/6019K, paused 1ms+1ms
D/dalvikvm( 1142): GC_CONCURRENT freed 396K, 79% free 1319K/6019K, paused 1ms+1ms
D/dalvikvm( 1142): GC_CONCURRENT freed 394K, 79% free 1311K/6019K, paused 1ms+1ms
D/dalvikvm( 1142): GC_CONCURRENT freed 392K, 79% free 1311K/6019K, paused 1ms+1ms
D/dalvikvm( 1142): GC_CONCURRENT freed 392K, 79% free 1303K/6019K, paused 1ms+1ms
D/dalvikvm( 1142): GC_CONCURRENT freed 366K, 77% free 1406K/6019K, paused 0ms+1ms
D/MonitorCw880( 5694): counter=2 && isHeartbeatTimeout=true
D/dalvikvm( 1142): GC_CONCURRENT freed 473K, 78% free 1325K/6019K, paused 1ms+1ms
D/dalvikvm( 1142): GC_CONCURRENT freed 405K, 79% free 1321K/6019K, paused 0ms+1ms
D/dalvikvm( 1142): GC_CONCURRENT freed 395K, 77% free 1435K/6019K, paused 1ms+1ms
D/dalvikvm( 1142): GC_CONCURRENT freed 513K, 77% free 1425K/6019K, paused 1ms+1ms
D/dalvikvm( 1142): GC_CONCURRENT freed 499K, 77% free 1397K/6019K, paused 0ms+1ms
D/dalvikvm( 1142): GC_CONCURRENT freed 478K, 77% free 1426K/6019K, paused 1ms+1ms
D/dalvikvm( 1142): GC_CONCURRENT freed 488K, 78% free 1325K/6019K, paused 1ms+1ms
D/MonitorCw880( 5694): counter=2 && isHeartbeatTimeout=true
D/dalvikvm( 1142): GC_CONCURRENT freed 392K, 78% free 1325K/6019K, paused 1ms+1ms
D/dalvikvm( 1142): GC_CONCURRENT freed 403K, 79% free 1321K/6019K, paused 1ms+2ms
D/MonitorCw880( 5694): counter=2 && isHeartbeatTimeout=true
D/dalvikvm( 1142): GC_CONCURRENT freed 396K, 79% free 1319K/6019K, paused 0ms+1ms
D/dalvikvm( 1142): GC_CONCURRENT freed 404K, 79% free 1324K/6019K, paused 1ms+1ms
D/dalvikvm( 1142): GC_CONCURRENT freed 393K, 79% free 1324K/6019K, paused 0ms+1ms
D/dalvikvm( 1142): GC_CONCURRENT freed 393K, 78% free 1324K/6019K, paused 1ms+1ms
D/dalvikvm( 1142): GC_CONCURRENT freed 393K, 78% free 1324K/6019K, paused 1ms+1ms
D/dalvikvm( 1142): GC_CONCURRENT freed 393K, 78% free 1324K/6019K, paused 2ms+1ms
D/dalvikvm( 1142): GC_CONCURRENT freed 393K, 78% free 1325K/6019K, paused 1ms+1ms
D/dalvikvm( 1142): GC_CONCURRENT freed 417K, 77% free 1415K/6019K, paused 1ms+1ms
D/dalvikvm( 1142): GC_CONCURRENT freed 500K, 77% free 1421K/6019K, paused 1ms+1ms
D/HomePlayerLib( 1142): hostaddress count is 2
D/dalvikvm( 1142): GC_CONCURRENT freed 505K, 77% free 1420K/6019K, paused 1ms+1ms
D/dalvikvm( 1142): GC_CONCURRENT freed 570K, 78% free 1361K/6019K, paused 1ms+1ms
D/dalvikvm( 1142): GC_CONCURRENT freed 446K, 77% free 1414K/6019K, paused 1ms+1ms
D/dalvikvm( 1142): GC_CONCURRENT freed 490K, 77% free 1424K/6019K, paused 1ms+1ms
D/dalvikvm( 1142): GC_CONCURRENT freed 487K, 78% free 1375K/6019K, paused 1ms+1ms
D/dalvikvm( 1142): GC_CONCURRENT freed 444K, 77% free 1441K/6019K, paused 1ms+1ms
D/dalvikvm( 1142): GC_CONCURRENT freed 516K, 77% free 1431K/6019K, paused 1ms+1ms
D/dalvikvm( 1142): GC_CONCURRENT freed 487K, 78% free 1351K/6019K, paused 1ms+1ms
D/dalvikvm( 1142): GC_CONCURRENT freed 409K, 78% free 1380K/6019K, paused 0ms+1ms
D/MonitorCw880( 5694): counter=2 && isHeartbeatTimeout=true
D/dalvikvm( 1142): GC_CONCURRENT freed 444K, 78% free 1329K/6019K, paused 1ms+1ms
D/dalvikvm( 1142): GC_CONCURRENT freed 394K, 78% free 1328K/6019K, paused 0ms+1ms
D/dalvikvm( 1142): GC_CONCURRENT freed 465K, 79% free 1311K/6019K, paused 0ms+1ms
D/dalvikvm( 1142): GC_CONCURRENT freed 354K, 78% free 1341K/6019K, paused 1ms+1ms
D/dalvikvm( 1142): GC_CONCURRENT freed 406K, 76% free 1500K/6019K, paused 0ms+1ms
D/dalvikvm( 1142): GC_CONCURRENT freed 577K, 79% free 1313K/6019K, paused 1ms+1ms
D/dalvikvm( 1142): GC_CONCURRENT freed 352K, 78% free 1355K/6019K, paused 1ms+2ms
D/dalvikvm( 1142): GC_CONCURRENT freed 410K, 77% free 1406K/6019K, paused 0ms+1ms
D/dalvikvm( 1142): GC_CONCURRENT freed 455K, 76% free 1496K/6019K, paused 1ms+1ms
D/dalvikvm( 1142): GC_CONCURRENT freed 575K, 79% free 1315K/6019K, paused 1ms+1ms
D/dalvikvm( 1142): GC_CONCURRENT freed 373K, 76% free 1453K/6019K, paused 1ms+1ms
D/dalvikvm( 1142): GC_CONCURRENT freed 566K, 77% free 1399K/6019K, paused 1ms+1ms
D/dalvikvm( 1142): GC_CONCURRENT freed 475K, 77% free 1413K/6019K, paused 1ms+2ms
D/dalvikvm( 1142): GC_CONCURRENT freed 539K, 78% free 1327K/6019K, paused 1ms+2ms
D/dalvikvm( 1142): GC_CONCURRENT freed 397K, 79% free 1324K/6019K, paused 0ms+1ms
D/dalvikvm( 1142): GC_CONCURRENT freed 392K, 77% free 1440K/6019K, paused 1ms+2ms
D/dalvikvm( 1142): GC_CONCURRENT freed 514K, 78% free 1331K/6019K, paused 1ms+1ms
D/dalvikvm( 1142): GC_CONCURRENT freed 406K, 78% free 1353K/6019K, paused 1ms+1ms
D/dalvikvm( 1142): GC_CONCURRENT freed 435K, 79% free 1320K/6019K, paused 1ms+1ms
D/dalvikvm( 1142): GC_CONCURRENT freed 394K, 79% free 1320K/6019K, paused 1ms+1ms
D/dalvikvm( 1142): GC_CONCURRENT freed 393K, 79% free 1320K/6019K, paused 1ms+1ms
D/MonitorCw880( 5694): counter=2 && isHeartbeatTimeout=true
D/dalvikvm( 1142): GC_CONCURRENT freed 405K, 78% free 1324K/6019K, paused 1ms+1ms
D/dalvikvm( 1142): GC_CONCURRENT freed 392K, 78% free 1324K/6019K, paused 1ms+2ms
D/dalvikvm( 1142): GC_CONCURRENT freed 393K, 78% free 1325K/6019K, paused 0ms+1ms
D/dalvikvm( 1142): GC_CONCURRENT freed 404K, 79% free 1313K/6019K, paused 1ms+1ms
D/MonitorCw880( 5694): counter=2 && isHeartbeatTimeout=true
D/dalvikvm( 1142): GC_CONCURRENT freed 396K, 79% free 1319K/6019K, paused 1ms+1ms
D/dalvikvm( 1142): GC_CONCURRENT freed 393K, 79% free 1320K/6019K, paused 1ms+1ms
D/dalvikvm( 1142): GC_CONCURRENT freed 405K, 78% free 1324K/6019K, paused 1ms+1ms
D/dalvikvm( 1142): GC_CONCURRENT freed 394K, 78% free 1324K/6019K, paused 1ms+1ms
D/dalvikvm( 1142): GC_CONCURRENT freed 393K, 78% free 1324K/6019K, paused 1ms+1ms
D/dalvikvm( 1142): GC_CONCURRENT freed 393K, 78% free 1324K/6019K, paused 1ms+1ms
D/dalvikvm( 1142): GC_CONCURRENT freed 393K, 78% free 1325K/6019K, paused 1ms+1ms
D/MonitorCw880( 5694): counter=2 && isHeartbeatTimeout=true
D/dalvikvm( 1142): GC_CONCURRENT freed 401K, 79% free 1321K/6019K, paused 1ms+2ms
D/dalvikvm( 1142): GC_CONCURRENT freed 396K, 79% free 1319K/6019K, paused 1ms+1ms
D/dalvikvm( 1142): GC_CONCURRENT freed 394K, 79% free 1320K/6019K, paused 1ms+1ms
D/dalvikvm( 1142): GC_CONCURRENT freed 394K, 79% free 1320K/6019K, paused 1ms+1ms
D/dalvikvm( 1142): GC_CONCURRENT freed 394K, 79% free 1312K/6019K, paused 1ms+1ms
D/MonitorCw880( 5694): counter=2 && isHeartbeatTimeout=true
D/dalvikvm( 1142): GC_CONCURRENT freed 392K, 79% free 1312K/6019K, paused 1ms+1ms
D/dalvikvm( 1142): GC_CONCURRENT freed 392K, 78% free 1337K/6019K, paused 1ms+1ms
D/dalvikvm( 1142): GC_CONCURRENT freed 406K, 78% free 1325K/6019K, paused 1ms+1ms
D/dalvikvm( 1142): GC_CONCURRENT freed 404K, 77% free 1428K/6019K, paused 1ms+1ms
D/dalvikvm( 1142): GC_CONCURRENT freed 490K, 77% free 1421K/6019K, paused 1ms+1ms
D/dalvikvm( 1142): GC_CONCURRENT freed 500K, 79% free 1313K/6019K, paused 1ms+1ms
D/dalvikvm( 1142): GC_CONCURRENT freed 398K, 79% free 1314K/6019K, paused 1ms+1ms
D/MonitorCw880( 5694): counter=2 && isHeartbeatTimeout=true
D/dalvikvm( 1142): GC_CONCURRENT freed 384K, 78% free 1325K/6019K, paused 1ms+1ms
D/dalvikvm( 1142): GC_CONCURRENT freed 396K, 79% free 1323K/6019K, paused 1ms+1ms
D/dalvikvm( 1142): GC_CONCURRENT freed 394K, 79% free 1323K/6019K, paused 0ms+1ms
D/dalvikvm( 1142): GC_CONCURRENT freed 392K, 79% free 1324K/6019K, paused 1ms+1ms
D/dalvikvm( 1142): GC_CONCURRENT freed 392K, 78% free 1365K/6019K, paused 1ms+1ms
D/dalvikvm( 1142): GC_CONCURRENT freed 433K, 78% free 1325K/6019K, paused 1ms+1ms
D/dalvikvm( 1142): GC_CONCURRENT freed 393K, 78% free 1325K/6019K, paused 1ms+1ms
D/HomePlayerLib( 1142): hostaddress count is 2
D/dalvikvm( 1142): GC_CONCURRENT freed 411K, 79% free 1318K/6019K, paused 1ms+1ms
D/dalvikvm( 1142): GC_CONCURRENT freed 392K, 79% free 1312K/6019K, paused 1ms+1ms
D/dalvikvm( 1142): GC_CONCURRENT freed 396K, 77% free 1421K/6019K, paused 1ms+1ms
D/dalvikvm( 1142): GC_CONCURRENT freed 490K, 79% free 1323K/6019K, paused 1ms+1ms
D/dalvikvm( 1142): GC_CONCURRENT freed 407K, 78% free 1381K/6019K, paused 1ms+1ms
D/dalvikvm( 1142): GC_CONCURRENT freed 497K, 77% free 1392K/6019K, paused 1ms+1ms
D/dalvikvm( 1142): GC_CONCURRENT freed 473K, 78% free 1374K/6019K, paused 1ms+1ms
D/dalvikvm( 1142): GC_CONCURRENT freed 454K, 77% free 1428K/6019K, paused 1ms+1ms
D/dalvikvm( 1142): GC_CONCURRENT freed 504K, 77% free 1431K/6019K, paused 0ms+1ms
D/dalvikvm( 1142): GC_CONCURRENT freed 514K, 78% free 1339K/6019K, paused 1ms+1ms
D/dalvikvm( 1142): GC_CONCURRENT freed 411K, 77% free 1438K/6019K, paused 1ms+1ms
D/dalvikvm( 1142): GC_CONCURRENT freed 507K, 77% free 1410K/6019K, paused 0ms+1ms
D/dalvikvm( 1142): GC_CONCURRENT freed 474K, 78% free 1334K/6019K, paused 1ms+1ms
D/MonitorCw880( 5694): counter=2 && isHeartbeatTimeout=true
D/dalvikvm( 1142): GC_CONCURRENT freed 404K, 78% free 1383K/6019K, paused 1ms+1ms
D/dalvikvm( 1142): GC_CONCURRENT freed 459K, 78% free 1326K/6019K, paused 1ms+1ms
D/dalvikvm( 1142): GC_CONCURRENT freed 395K, 79% free 1324K/6019K, paused 1ms+1ms
D/dalvikvm( 1142): GC_CONCURRENT freed 393K, 79% free 1324K/6019K, paused 1ms+1ms
D/dalvikvm( 1142): GC_CONCURRENT freed 393K, 78% free 1324K/6019K, paused 1ms+1ms
D/dalvikvm( 1142): GC_CONCURRENT freed 393K, 78% free 1324K/6019K, paused 0ms+1ms
D/dalvikvm( 1142): GC_CONCURRENT freed 393K, 78% free 1329K/6019K, paused 1ms+1ms
D/MonitorCw880( 5694): counter=2 && isHeartbeatTimeout=true
D/dalvikvm( 1142): GC_CONCURRENT freed 401K, 77% free 1437K/6019K, paused 1ms+1ms
D/dalvikvm( 1142): GC_CONCURRENT freed 517K, 77% free 1427K/6019K, paused 1ms+1ms
D/dalvikvm( 1142): GC_CONCURRENT freed 488K, 78% free 1330K/6019K, paused 1ms+1ms
D/dalvikvm( 1142): GC_CONCURRENT freed 406K, 79% free 1312K/6019K, paused 0ms+1ms
D/MonitorCw880( 5694): counter=2 && isHeartbeatTimeout=true
D/dalvikvm( 1142): GC_CONCURRENT freed 394K, 77% free 1426K/6019K, paused 0ms+0ms
D/dalvikvm( 1142): GC_CONCURRENT freed 486K, 78% free 1324K/6019K, paused 1ms+1ms
D/dalvikvm( 1142): GC_CONCURRENT freed 394K, 77% free 1389K/6019K, paused 1ms+1ms
D/dalvikvm( 1142): GC_CONCURRENT freed 472K, 79% free 1309K/6019K, paused 1ms+1ms
D/dalvikvm( 1142): GC_CONCURRENT freed 380K, 77% free 1432K/6019K, paused 1ms+1ms
D/dalvikvm( 1142): GC_CONCURRENT freed 515K, 79% free 1308K/6019K, paused 1ms+1ms
D/dalvikvm( 1142): GC_CONCURRENT freed 393K, 79% free 1299K/6019K, paused 1ms+1ms
D/dalvikvm( 1142): GC_CONCURRENT freed 380K, 78% free 1383K/6019K, paused 0ms+1ms
D/dalvikvm( 1142): GC_CONCURRENT freed 457K, 77% free 1424K/6019K, paused 0ms+1ms
D/dalvikvm( 1142): GC_CONCURRENT freed 491K, 77% free 1431K/6019K, paused 1ms+1ms
D/MonitorCw880( 5694): counter=2 && isHeartbeatTimeout=true
D/dalvikvm( 1142): GC_CONCURRENT freed 513K, 78% free 1331K/6019K, paused 1ms+1ms
D/dalvikvm( 1142): GC_CONCURRENT freed 404K, 77% free 1438K/6019K, paused 1ms+1ms
D/dalvikvm( 1142): GC_CONCURRENT freed 517K, 77% free 1422K/6019K, paused 1ms+1ms
D/MonitorCw880( 5694): counter=2 && isHeartbeatTimeout=true
D/dalvikvm( 1142): GC_CONCURRENT freed 486K, 78% free 1330K/6019K, paused 1ms+1ms
D/dalvikvm( 1142): GC_CONCURRENT freed 404K, 77% free 1396K/6019K, paused 1ms+1ms
D/dalvikvm( 1142): GC_CONCURRENT freed 477K, 79% free 1312K/6019K, paused 0ms+1ms
D/dalvikvm( 1142): GC_CONCURRENT freed 394K, 79% free 1312K/6019K, paused 1ms+1ms
D/dalvikvm( 1142): GC_CONCURRENT freed 389K, 77% free 1424K/6019K, paused 1ms+1ms
D/dalvikvm( 1142): GC_CONCURRENT freed 492K, 78% free 1326K/6019K, paused 1ms+1ms
D/dalvikvm( 1142): GC_CONCURRENT freed 397K, 79% free 1324K/6019K, paused 0ms+1ms
D/dalvikvm( 1142): GC_CONCURRENT freed 392K, 79% free 1324K/6019K, paused 1ms+1ms
D/dalvikvm( 1142): GC_CONCURRENT freed 393K, 79% free 1324K/6019K, paused 0ms+1ms
D/dalvikvm( 1142): GC_CONCURRENT freed 393K, 78% free 1324K/6019K, paused 0ms+1ms
D/dalvikvm( 1142): GC_CONCURRENT freed 393K, 79% free 1324K/6019K, paused 1ms+1ms
D/dalvikvm( 1142): GC_CONCURRENT freed 392K, 78% free 1370K/6019K, paused 1ms+1ms
D/MonitorCw880( 5694): counter=2 && isHeartbeatTimeout=true
D/dalvikvm( 1142): GC_CONCURRENT freed 443K, 77% free 1438K/6019K, paused 1ms+1ms
D/dalvikvm( 1142): GC_CONCURRENT freed 518K, 77% free 1422K/6019K, paused 1ms+1ms
D/dalvikvm( 1142): GC_CONCURRENT freed 488K, 78% free 1330K/6019K, paused 1ms+1ms
D/HomePlayerLib( 1142): hostaddress count is 2
D/dalvikvm( 1142): GC_CONCURRENT freed 412K, 77% free 1409K/6019K, paused 0ms+1ms
D/dalvikvm( 1142): GC_CONCURRENT freed 478K, 78% free 1328K/6019K, paused 1ms+1ms
D/dalvikvm( 1142): GC_CONCURRENT freed 411K, 79% free 1318K/6019K, paused 1ms+1ms
D/dalvikvm( 1142): GC_CONCURRENT freed 389K, 79% free 1323K/6019K, paused 1ms+1ms
D/dalvikvm( 1142): GC_CONCURRENT freed 404K, 79% free 1304K/6019K, paused 1ms+1ms
D/dalvikvm( 1142): GC_CONCURRENT freed 373K, 77% free 1411K/6019K, paused 1ms+1ms
D/dalvikvm( 1142): GC_CONCURRENT freed 475K, 77% free 1412K/6019K, paused 1ms+1ms
D/dalvikvm( 1142): GC_CONCURRENT freed 473K, 78% free 1329K/6019K, paused 1ms+1ms
D/dalvikvm( 1142): GC_CONCURRENT freed 393K, 78% free 1350K/6019K, paused 1ms+1ms
D/dalvikvm( 1142): GC_CONCURRENT freed 415K, 78% free 1330K/6019K, paused 1ms+1ms
D/dalvikvm( 1142): GC_CONCURRENT freed 396K, 76% free 1445K/6019K, paused 1ms+1ms
D/dalvikvm( 1142): GC_CONCURRENT freed 555K, 77% free 1396K/6019K, paused 1ms+2ms
D/dalvikvm( 1142): GC_CONCURRENT freed 459K, 77% free 1388K/6019K, paused 1ms+1ms
D/dalvikvm( 1142): GC_CONCURRENT freed 444K, 76% free 1456K/6019K, paused 1ms+1ms
D/dalvikvm( 1142): GC_CONCURRENT freed 529K, 79% free 1315K/6019K, paused 0ms+1ms
D/dalvikvm( 1142): GC_CONCURRENT freed 383K, 78% free 1327K/6019K, paused 1ms+1ms
D/dalvikvm( 1142): GC_CONCURRENT freed 402K, 79% free 1316K/6019K, paused 0ms+1ms
D/dalvikvm( 1142): GC_CONCURRENT freed 394K, 79% free 1323K/6019K, paused 1ms+1ms
D/dalvikvm( 1142): GC_CONCURRENT freed 406K, 75% free 1536K/6019K, paused 1ms+1ms
D/dalvikvm( 1142): GC_CONCURRENT freed 603K, 79% free 1319K/6019K, paused 1ms+1ms
D/dalvikvm( 1142): GC_CONCURRENT freed 392K, 75% free 1509K/6019K, paused 1ms+1ms
D/MonitorCw880( 5694): counter=2 && isHeartbeatTimeout=true
D/dalvikvm( 1142): GC_CONCURRENT freed 572K, 78% free 1330K/6019K, paused 1ms+1ms
D/dalvikvm( 1142): GC_CONCURRENT freed 408K, 78% free 1330K/6019K, paused 1ms+1ms
D/dalvikvm( 1142): GC_CONCURRENT freed 404K, 79% free 1312K/6019K, paused 1ms+1ms
D/dalvikvm( 1142): GC_CONCURRENT freed 394K, 77% free 1393K/6019K, paused 0ms+1ms
D/dalvikvm( 1142): GC_CONCURRENT freed 474K, 79% free 1312K/6019K, paused 1ms+1ms
D/dalvikvm( 1142): GC_CONCURRENT freed 394K, 77% free 1419K/6019K, paused 1ms+1ms
D/dalvikvm( 1142): GC_CONCURRENT freed 498K, 77% free 1397K/6019K, paused 1ms+1ms
D/MonitorCw880( 5694): counter=2 && isHeartbeatTimeout=true
D/dalvikvm( 1142): GC_CONCURRENT freed 477K, 79% free 1312K/6019K, paused 0ms+1ms
D/dalvikvm( 1142): GC_CONCURRENT freed 393K, 79% free 1320K/6019K, paused 1ms+1ms
D/dalvikvm( 1142): GC_CONCURRENT freed 393K, 79% free 1320K/6019K, paused 1ms+2ms
D/MonitorCw880( 5694): counter=2 && isHeartbeatTimeout=true
D/dalvikvm( 1142): GC_CONCURRENT freed 393K, 79% free 1320K/6019K, paused 1ms+1ms
D/dalvikvm( 1142): GC_CONCURRENT freed 393K, 79% free 1313K/6019K, paused 1ms+1ms
D/dalvikvm( 1142): GC_CONCURRENT freed 399K, 79% free 1301K/6019K, paused 1ms+1ms
D/dalvikvm( 1142): GC_CONCURRENT freed 381K, 78% free 1325K/6019K, paused 1ms+1ms
D/dalvikvm( 1142): GC_CONCURRENT freed 396K, 79% free 1324K/6019K, paused 1ms+1ms
D/dalvikvm( 1142): GC_CONCURRENT freed 394K, 79% free 1324K/6019K, paused 1ms+1ms
D/dalvikvm( 1142): GC_CONCURRENT freed 394K, 79% free 1324K/6019K, paused 1ms+1ms
D/dalvikvm( 1142): GC_CONCURRENT freed 394K, 78% free 1324K/6019K, paused 1ms+1ms
D/MonitorCw880( 5694): counter=2 && isHeartbeatTimeout=true
D/dalvikvm( 1142): GC_CONCURRENT freed 392K, 78% free 1324K/6019K, paused 1ms+1ms
D/dalvikvm( 1142): GC_CONCURRENT freed 392K, 78% free 1324K/6019K, paused 1ms+1ms
D/dalvikvm( 1142): GC_CONCURRENT freed 393K, 78% free 1325K/6019K, paused 1ms+2ms
D/dalvikvm( 1142): GC_CONCURRENT freed 404K, 79% free 1321K/6019K, paused 1ms+1ms
D/dalvikvm( 1142): GC_CONCURRENT freed 396K, 79% free 1319K/6019K, paused 1ms+1ms
D/MonitorCw880( 5694): counter=2 && isHeartbeatTimeout=true
D/dalvikvm( 1142): GC_CONCURRENT freed 401K, 79% free 1312K/6019K, paused 1ms+1ms
D/dalvikvm( 1142): GC_CONCURRENT freed 397K, 79% free 1323K/6019K, paused 1ms+1ms
D/dalvikvm( 1142): GC_CONCURRENT freed 420K, 77% free 1403K/6019K, paused 1ms+1ms
D/dalvikvm( 1142): GC_CONCURRENT freed 486K, 79% free 1309K/6019K, paused 1ms+1ms
D/dalvikvm( 1142): GC_CONCURRENT freed 380K, 78% free 1368K/6019K, paused 1ms+1ms
D/MonitorCw880( 5694): counter=2 && isHeartbeatTimeout=true
D/dalvikvm( 1142): GC_CONCURRENT freed 434K, 78% free 1324K/6019K, paused 1ms+1ms
D/dalvikvm( 1142): GC_CONCURRENT freed 393K, 78% free 1324K/6019K, paused 1ms+1ms
D/dalvikvm( 1142): GC_CONCURRENT freed 404K, 79% free 1318K/6019K, paused 1ms+1ms
D/HomePlayerLib( 1142): hostaddress count is 2
D/dalvikvm( 1142): GC_CONCURRENT freed 387K, 78% free 1325K/6019K, paused 0ms+1ms
D/dalvikvm( 1142): GC_CONCURRENT freed 393K, 77% free 1437K/6019K, paused 1ms+1ms
D/dalvikvm( 1142): GC_CONCURRENT freed 505K, 77% free 1429K/6019K, paused 1ms+1ms
D/dalvikvm( 1142): GC_CONCURRENT freed 487K, 78% free 1373K/6019K, paused 0ms+1ms
D/dalvikvm( 1142): GC_CONCURRENT freed 441K, 77% free 1442K/6019K, paused 1ms+1ms
D/dalvikvm( 1142): GC_CONCURRENT freed 518K, 77% free 1424K/6019K, paused 1ms+1ms
D/dalvikvm( 1142): GC_CONCURRENT freed 487K, 78% free 1328K/6019K, paused 1ms+0ms
D/dalvikvm( 1142): GC_CONCURRENT freed 402K, 77% free 1432K/6019K, paused 0ms+1ms
D/dalvikvm( 1142): GC_CONCURRENT freed 490K, 77% free 1386K/6019K, paused 1ms+1ms
D/dalvikvm( 1142): GC_CONCURRENT freed 462K, 77% free 1404K/6019K, paused 1ms+2ms
D/dalvikvm( 1142): GC_CONCURRENT freed 483K, 77% free 1430K/6019K, paused 1ms+1ms
D/dalvikvm( 1142): GC_CONCURRENT freed 576K, 78% free 1367K/6019K, paused 1ms+1ms
D/dalvikvm( 1142): GC_CONCURRENT freed 451K, 79% free 1304K/6019K, paused 1ms+1ms
D/dalvikvm( 1142): GC_CONCURRENT freed 379K, 77% free 1412K/6019K, paused 1ms+2ms
D/dalvikvm( 1142): GC_CONCURRENT freed 470K, 77% free 1439K/6019K, paused 1ms+1ms
D/dalvikvm( 1142): GC_CONCURRENT freed 518K, 78% free 1349K/6019K, paused 1ms+1ms
D/dalvikvm( 1142): GC_CONCURRENT freed 414K, 77% free 1414K/6019K, paused 0ms+1ms
D/dalvikvm( 1142): GC_CONCURRENT freed 476K, 78% free 1329K/6019K, paused 1ms+1ms
D/dalvikvm( 1142): GC_CONCURRENT freed 394K, 77% free 1425K/6019K, paused 1ms+1ms
D/dalvikvm( 1142): GC_CONCURRENT freed 486K, 78% free 1327K/6019K, paused 1ms+1ms
D/MonitorCw880( 5694): counter=2 && isHeartbeatTimeout=true
D/dalvikvm( 1142): GC_CONCURRENT freed 407K, 78% free 1383K/6019K, paused 0ms+1ms
D/dalvikvm( 1142): GC_CONCURRENT freed 417K, 78% free 1352K/6019K, paused 1ms+1ms
D/dalvikvm( 1142): GC_CONCURRENT freed 426K, 78% free 1326K/6019K, paused 1ms+1ms
D/dalvikvm( 1142): GC_CONCURRENT freed 394K, 78% free 1324K/6019K, paused 1ms+1ms
D/dalvikvm( 1142): GC_CONCURRENT freed 393K, 78% free 1324K/6019K, paused 1ms+2ms
D/MonitorCw880( 5694): counter=2 && isHeartbeatTimeout=true
D/dalvikvm( 1142): GC_CONCURRENT freed 392K, 78% free 1324K/6019K, paused 1ms+1ms
D/dalvikvm( 1142): GC_CONCURRENT freed 392K, 78% free 1325K/6019K, paused 1ms+1ms
D/dalvikvm( 1142): GC_CONCURRENT freed 404K, 79% free 1321K/6019K, paused 1ms+1ms
D/dalvikvm( 1142): GC_CONCURRENT freed 396K, 79% free 1319K/6019K, paused 1ms+1ms
D/dalvikvm( 1142): GC_CONCURRENT freed 394K, 79% free 1320K/6019K, paused 1ms+1ms
D/MonitorCw880( 5694): counter=2 && isHeartbeatTimeout=true
D/dalvikvm( 1142): GC_CONCURRENT freed 405K, 78% free 1324K/6019K, paused 1ms+1ms
D/dalvikvm( 1142): GC_CONCURRENT freed 392K, 78% free 1324K/6019K, paused 0ms+1ms
D/dalvikvm( 1142): GC_CONCURRENT freed 393K, 77% free 1411K/6019K, paused 1ms+1ms
D/dalvikvm( 1142): GC_CONCURRENT freed 485K, 78% free 1382K/6019K, paused 1ms+1ms
D/dalvikvm( 1142): GC_CONCURRENT freed 448K, 78% free 1325K/6019K, paused 1ms+1ms
D/dalvikvm( 1142): GC_CONCURRENT freed 404K, 79% free 1309K/6019K, paused 1ms+1ms
D/dalvikvm( 1142): GC_CONCURRENT freed 389K, 79% free 1312K/6019K, paused 1ms+1ms
D/dalvikvm( 1142): GC_CONCURRENT freed 393K, 78% free 1383K/6019K, paused 0ms+1ms
D/dalvikvm( 1142): GC_CONCURRENT freed 455K, 79% free 1322K/6019K, paused 1ms+1ms
D/dalvikvm( 1142): GC_CONCURRENT freed 395K, 79% free 1319K/6019K, paused 1ms+1ms
D/dalvikvm( 1142): GC_CONCURRENT freed 393K, 79% free 1312K/6019K, paused 1ms+1ms
D/dalvikvm( 1142): GC_CONCURRENT freed 392K, 79% free 1320K/6019K, paused 1ms+1ms
D/dalvikvm( 1142): GC_CONCURRENT freed 393K, 79% free 1320K/6019K, paused 1ms+1ms
D/MonitorCw880( 5694): counter=2 && isHeartbeatTimeout=true
D/dalvikvm( 1142): GC_CONCURRENT freed 393K, 79% free 1320K/6019K, paused 1ms+1ms
D/dalvikvm( 1142): GC_CONCURRENT freed 393K, 79% free 1320K/6019K, paused 1ms+1ms
D/dalvikvm( 1142): GC_CONCURRENT freed 404K, 78% free 1325K/6019K, paused 1ms+1ms
D/dalvikvm( 1142): GC_CONCURRENT freed 403K, 77% free 1421K/6019K, paused 1ms+1ms
D/dalvikvm( 1142): GC_CONCURRENT freed 490K, 78% free 1325K/6019K, paused 1ms+1ms
D/dalvikvm( 1142): GC_CONCURRENT freed 394K, 79% free 1323K/6019K, paused 1ms+1ms
D/dalvikvm( 1142): GC_CONCURRENT freed 393K, 77% free 1411K/6019K, paused 1ms+1ms
D/MonitorCw880( 5694): counter=2 && isHeartbeatTimeout=true
D/dalvikvm( 1142): GC_CONCURRENT freed 482K, 78% free 1339K/6019K, paused 1ms+1ms
D/dalvikvm( 1142): GC_CONCURRENT freed 410K, 78% free 1324K/6019K, paused 1ms+2ms
D/dalvikvm( 1142): GC_CONCURRENT freed 394K, 78% free 1324K/6019K, paused 1ms+1ms
D/dalvikvm( 1142): GC_CONCURRENT freed 394K, 78% free 1324K/6019K, paused 1ms+1ms
D/dalvikvm( 1142): GC_CONCURRENT freed 394K, 76% free 1464K/6019K, paused 1ms+0ms
D/HomePlayerLib( 1142): hostaddress count is 2
D/dalvikvm( 1142): GC_CONCURRENT freed 545K, 77% free 1405K/6019K, paused 1ms+1ms
D/dalvikvm( 1142): GC_CONCURRENT freed 483K, 77% free 1392K/6019K, paused 0ms+1ms
D/MonitorCw880( 5694): counter=2 && isHeartbeatTimeout=true
D/dalvikvm( 1142): GC_CONCURRENT freed 474K, 79% free 1302K/6019K, paused 2ms+1ms
D/dalvikvm( 1142): GC_CONCURRENT freed 367K, 76% free 1446K/6019K, paused 1ms+1ms
D/dalvikvm( 1142): GC_CONCURRENT freed 517K, 79% free 1317K/6019K, paused 1ms+1ms
D/dalvikvm( 1142): GC_CONCURRENT freed 393K, 79% free 1316K/6019K, paused 0ms+1ms
D/dalvikvm( 1142): GC_CONCURRENT freed 392K, 77% free 1388K/6019K, paused 0ms+1ms
D/dalvikvm( 1142): GC_CONCURRENT freed 438K, 76% free 1481K/6019K, paused 0ms+1ms
D/dalvikvm( 1142): GC_CONCURRENT freed 548K, 78% free 1330K/6019K, paused 1ms+1ms
D/dalvikvm( 1142): GC_CONCURRENT freed 395K, 77% free 1410K/6019K, paused 1ms+2ms
D/dalvikvm( 1142): GC_CONCURRENT freed 478K, 77% free 1437K/6019K, paused 1ms+1ms
D/dalvikvm( 1142): GC_CONCURRENT freed 495K, 76% free 1453K/6019K, paused 1ms+1ms
D/dalvikvm( 1142): GC_CONCURRENT freed 515K, 78% free 1335K/6019K, paused 1ms+1ms
D/dalvikvm( 1142): GC_CONCURRENT freed 382K, 76% free 1458K/6019K, paused 1ms+1ms
D/dalvikvm( 1142): GC_CONCURRENT freed 522K, 77% free 1429K/6019K, paused 1ms+1ms
D/dalvikvm( 1142): GC_CONCURRENT freed 500K, 78% free 1348K/6019K, paused 1ms+1ms
D/dalvikvm( 1142): GC_CONCURRENT freed 416K, 77% free 1443K/6019K, paused 1ms+1ms
D/dalvikvm( 1142): GC_CONCURRENT freed 523K, 77% free 1426K/6019K, paused 1ms+1ms
D/dalvikvm( 1142): GC_CONCURRENT freed 482K, 78% free 1333K/6019K, paused 1ms+1ms
D/dalvikvm( 1142): GC_CONCURRENT freed 402K, 77% free 1442K/6019K, paused 0ms+1ms
D/dalvikvm( 1142): GC_CONCURRENT freed 522K, 77% free 1424K/6019K, paused 0ms+1ms
D/dalvikvm( 1142): GC_CONCURRENT freed 481K, 78% free 1330K/6019K, paused 1ms+1ms
D/dalvikvm( 1142): GC_CONCURRENT freed 405K, 79% free 1316K/6019K, paused 0ms+1ms
D/dalvikvm( 1142): GC_CONCURRENT freed 381K, 77% free 1432K/6019K, paused 0ms+1ms
D/dalvikvm( 1142): GC_CONCURRENT freed 504K, 77% free 1436K/6019K, paused 2ms+2ms
D/dalvikvm( 1142): GC_CONCURRENT freed 538K, 77% free 1408K/6019K, paused 1ms+1ms
D/MonitorCw880( 5694): counter=2 && isHeartbeatTimeout=true
D/MonitorCw880( 5694): counter=2 && isHeartbeatTimeout=true
D/dalvikvm( 1142): GC_CONCURRENT freed 491K, 79% free 1308K/6019K, paused 1ms+1ms
D/dalvikvm( 1142): GC_CONCURRENT freed 393K, 78% free 1324K/6019K, paused 1ms+1ms
D/dalvikvm( 1142): GC_CONCURRENT freed 393K, 78% free 1324K/6019K, paused 1ms+1ms
D/dalvikvm( 1142): GC_CONCURRENT freed 393K, 78% free 1324K/6019K, paused 1ms+1ms
D/dalvikvm( 1142): GC_CONCURRENT freed 393K, 78% free 1325K/6019K, paused 1ms+1ms
D/dalvikvm( 1142): GC_CONCURRENT freed 403K, 79% free 1321K/6019K, paused 1ms+1ms
D/dalvikvm( 1142): GC_CONCURRENT freed 395K, 79% free 1319K/6019K, paused 1ms+1ms
D/dalvikvm( 1142): GC_CONCURRENT freed 394K, 79% free 1320K/6019K, paused 1ms+1ms
D/dalvikvm( 1142): GC_CONCURRENT freed 393K, 79% free 1311K/6019K, paused 1ms+1ms
D/dalvikvm( 1142): GC_CONCURRENT freed 394K, 79% free 1312K/6019K, paused 1ms+1ms
D/dalvikvm( 1142): GC_CONCURRENT freed 393K, 79% free 1311K/6019K, paused 1ms+1ms
D/MonitorCw880( 5694): counter=2 && isHeartbeatTimeout=true
D/dalvikvm( 1142): GC_CONCURRENT freed 392K, 79% free 1312K/6019K, paused 1ms+0ms
D/dalvikvm( 1142): GC_CONCURRENT freed 392K, 79% free 1321K/6019K, paused 1ms+1ms
D/dalvikvm( 1142): GC_CONCURRENT freed 404K, 79% free 1301K/6019K, paused 1ms+1ms
D/dalvikvm( 1142): GC_CONCURRENT freed 379K, 78% free 1325K/6019K, paused 1ms+1ms
D/dalvikvm( 1142): GC_CONCURRENT freed 395K, 78% free 1324K/6019K, paused 1ms+1ms
D/MonitorCw880( 5694): counter=2 && isHeartbeatTimeout=true
D/MonitorCw880( 5694): counter=2 && isHeartbeatTimeout=true
D/dalvikvm( 1142): GC_CONCURRENT freed 392K, 77% free 1429K/6019K, paused 0ms+1ms
D/dalvikvm( 1142): GC_CONCURRENT freed 513K, 79% free 1300K/6019K, paused 1ms+1ms
D/dalvikvm( 1142): GC_CONCURRENT freed 381K, 78% free 1343K/6019K, paused 1ms+0ms
D/dalvikvm( 1142): GC_CONCURRENT freed 415K, 77% free 1438K/6019K, paused 1ms+1ms
D/dalvikvm( 1142): GC_CONCURRENT freed 514K, 79% free 1323K/6019K, paused 0ms+1ms
D/HomePlayerLib( 1142): hostaddress count is 2
D/dalvikvm( 1142): GC_CONCURRENT freed 403K, 77% free 1396K/6019K, paused 0ms+1ms
D/dalvikvm( 1142): GC_CONCURRENT freed 477K, 77% free 1428K/6019K, paused 1ms+1ms
D/dalvikvm( 1142): GC_CONCURRENT freed 486K, 76% free 1450K/6019K, paused 1ms+1ms
D/dalvikvm( 1142): GC_CONCURRENT freed 524K, 79% free 1315K/6019K, paused 1ms+1ms
D/dalvikvm( 1142): GC_CONCURRENT freed 379K, 77% free 1442K/6019K, paused 0ms+1ms
D/MonitorCw880( 5694): counter=2 && isHeartbeatTimeout=true
D/dalvikvm( 1142): GC_CONCURRENT freed 527K, 77% free 1426K/6019K, paused 1ms+0ms
D/dalvikvm( 1142): GC_CONCURRENT freed 497K, 77% free 1440K/6019K, paused 1ms+1ms
D/dalvikvm( 1142): GC_CONCURRENT freed 517K, 77% free 1431K/6019K, paused 0ms+1ms
D/dalvikvm( 1142): GC_CONCURRENT freed 488K, 78% free 1353K/6019K, paused 1ms+1ms
D/dalvikvm( 1142): GC_CONCURRENT freed 414K, 76% free 1450K/6019K, paused 0ms+1ms
D/dalvikvm( 1142): GC_CONCURRENT freed 531K, 76% free 1473K/6019K, paused 1ms+0ms
D/dalvikvm( 1142): GC_CONCURRENT freed 533K, 76% free 1445K/6019K, paused 1ms+2ms
D/dalvikvm( 1142): GC_CONCURRENT freed 496K, 76% free 1458K/6019K, paused 1ms+1ms
D/dalvikvm( 1142): GC_CONCURRENT freed 544K, 77% free 1416K/6019K, paused 1ms+1ms
D/dalvikvm( 1142): GC_CONCURRENT freed 472K, 76% free 1456K/6019K, paused 1ms+1ms
D/dalvikvm( 1142): GC_CONCURRENT freed 529K, 78% free 1346K/6019K, paused 1ms+1ms
D/dalvikvm( 1142): GC_CONCURRENT freed 423K, 78% free 1349K/6019K, paused 1ms+1ms
D/dalvikvm( 1142): GC_CONCURRENT freed 409K, 78% free 1329K/6019K, paused 1ms+1ms
D/dalvikvm( 1142): GC_CONCURRENT freed 409K, 77% free 1430K/6019K, paused 1ms+1ms
D/dalvikvm( 1142): GC_CONCURRENT freed 500K, 78% free 1327K/6019K, paused 1ms+1ms
D/dalvikvm( 1142): GC_CONCURRENT freed 396K, 78% free 1329K/6019K, paused 1ms+1ms
D/dalvikvm( 1142): GC_CONCURRENT freed 442K, 77% free 1399K/6019K, paused 1ms+1ms
D/dalvikvm( 1142): GC_CONCURRENT freed 479K, 79% free 1312K/6019K, paused 1ms+1ms
D/dalvikvm( 1142): GC_CONCURRENT freed 394K, 77% free 1419K/6019K, paused 1ms+1ms
D/dalvikvm( 1142): GC_CONCURRENT freed 498K, 79% free 1314K/6019K, paused 1ms+1ms
D/dalvikvm( 1142): GC_CONCURRENT freed 451K, 78% free 1372K/6019K, paused 1ms+1ms
D/dalvikvm( 1142): GC_CONCURRENT freed 433K, 76% free 1451K/6019K, paused 1ms+1ms
D/MonitorCw880( 5694): counter=2 && isHeartbeatTimeout=true
D/dalvikvm( 1142): GC_CONCURRENT freed 524K, 79% free 1313K/6019K, paused 1ms+1ms
D/dalvikvm( 1142): GC_CONCURRENT freed 397K, 77% free 1425K/6019K, paused 1ms+1ms
D/dalvikvm( 1142): GC_CONCURRENT freed 488K, 78% free 1365K/6019K, paused 1ms+1ms
D/dalvikvm( 1142): GC_CONCURRENT freed 435K, 78% free 1324K/6019K, paused 1ms+1ms
D/dalvikvm( 1142): GC_CONCURRENT freed 392K, 78% free 1325K/6019K, paused 1ms+1ms
D/dalvikvm( 1142): GC_CONCURRENT freed 399K, 79% free 1324K/6019K, paused 1ms+1ms
D/dalvikvm( 1142): GC_CONCURRENT freed 393K, 79% free 1323K/6019K, paused 1ms+1ms
D/dalvikvm( 1142): GC_CONCURRENT freed 394K, 77% free 1429K/6019K, paused 0ms+1ms
D/dalvikvm( 1142): GC_CONCURRENT freed 501K, 77% free 1384K/6019K, paused 1ms+1ms
D/dalvikvm( 1142): GC_CONCURRENT freed 457K, 79% free 1314K/6019K, paused 0ms+1ms
D/dalvikvm( 1142): GC_CONCURRENT freed 395K, 77% free 1419K/6019K, paused 1ms+1ms
D/dalvikvm( 1142): GC_CONCURRENT freed 487K, 78% free 1325K/6019K, paused 1ms+1ms
D/dalvikvm( 1142): GC_CONCURRENT freed 394K, 78% free 1324K/6019K, paused 1ms+1ms
D/MonitorCw880( 5694): counter=2 && isHeartbeatTimeout=true
D/dalvikvm( 1142): GC_CONCURRENT freed 391K, 78% free 1324K/6019K, paused 1ms+1ms
D/dalvikvm( 1142): GC_CONCURRENT freed 392K, 78% free 1324K/6019K, paused 1ms+1ms
D/dalvikvm( 1142): GC_CONCURRENT freed 402K, 79% free 1312K/6019K, paused 1ms+1ms
D/dalvikvm( 1142): GC_CONCURRENT freed 396K, 79% free 1310K/6019K, paused 1ms+1ms
D/dalvikvm( 1142): GC_CONCURRENT freed 393K, 79% free 1311K/6019K, paused 1ms+1ms
D/dalvikvm( 1142): GC_CONCURRENT freed 392K, 77% free 1425K/6019K, paused 1ms+1ms
D/dalvikvm( 1142): GC_CONCURRENT freed 486K, 78% free 1371K/6019K, paused 1ms+1ms
D/dalvikvm( 1142): GC_CONCURRENT freed 445K, 77% free 1438K/6019K, paused 1ms+1ms
D/dalvikvm( 1142): GC_CONCURRENT freed 518K, 77% free 1427K/6019K, paused 1ms+1ms
D/dalvikvm( 1142): GC_CONCURRENT freed 488K, 78% free 1330K/6019K, paused 1ms+1ms
D/dalvikvm( 1142): GC_CONCURRENT freed 402K, 77% free 1437K/6019K, paused 1ms+1ms
D/dalvikvm( 1142): GC_CONCURRENT freed 517K, 77% free 1427K/6019K, paused 0ms+1ms
D/MonitorCw880( 5694): counter=2 && isHeartbeatTimeout=true
D/dalvikvm( 1142): GC_CONCURRENT freed 488K, 78% free 1330K/6019K, paused 1ms+1ms
D/dalvikvm( 1142): GC_CONCURRENT freed 404K, 79% free 1312K/6019K, paused 1ms+1ms
D/dalvikvm( 1142): GC_CONCURRENT freed 395K, 79% free 1311K/6019K, paused 1ms+1ms
D/dalvikvm( 1142): GC_CONCURRENT freed 394K, 79% free 1311K/6019K, paused 0ms+1ms
D/dalvikvm( 1142): GC_CONCURRENT freed 393K, 79% free 1311K/6019K, paused 1ms+1ms
D/dalvikvm( 1142): GC_CONCURRENT freed 394K, 79% free 1311K/6019K, paused 1ms+1ms
D/dalvikvm( 1142): GC_CONCURRENT freed 393K, 77% free 1424K/6019K, paused 1ms+1ms
D/MonitorCw880( 5694): counter=2 && isHeartbeatTimeout=true
D/MonitorCw880( 5694): counter=2 && isHeartbeatTimeout=true
D/dalvikvm( 1142): GC_CONCURRENT freed 496K, 77% free 1438K/6019K, paused 1ms+1ms
D/dalvikvm( 1142): GC_CONCURRENT freed 517K, 77% free 1394K/6019K, paused 1ms+1ms
D/dalvikvm( 1142): GC_CONCURRENT freed 475K, 78% free 1344K/6019K, paused 0ms+1ms
D/dalvikvm( 1142): GC_CONCURRENT freed 418K, 77% free 1437K/6019K, paused 1ms+1ms
D/dalvikvm( 1142): GC_CONCURRENT freed 516K, 79% free 1312K/6019K, paused 1ms+1ms
D/dalvikvm( 1142): GC_CONCURRENT freed 390K, 79% free 1322K/6019K, paused 0ms+1ms
D/HomePlayerLib( 1142): hostaddress count is 2
D/dalvikvm( 1142): GC_CONCURRENT freed 401K, 79% free 1310K/6019K, paused 1ms+1ms
D/dalvikvm( 1142): GC_CONCURRENT freed 390K, 77% free 1426K/6019K, paused 1ms+1ms
D/dalvikvm( 1142): GC_CONCURRENT freed 538K, 78% free 1356K/6019K, paused 0ms+1ms
D/dalvikvm( 1142): GC_CONCURRENT freed 428K, 78% free 1327K/6019K, paused 1ms+1ms
D/dalvikvm( 1142): GC_CONCURRENT freed 368K, 78% free 1374K/6019K, paused 1ms+1ms
D/dalvikvm( 1142): GC_CONCURRENT freed 457K, 77% free 1436K/6019K, paused 1ms+1ms
D/dalvikvm( 1142): GC_CONCURRENT freed 550K, 77% free 1395K/6019K, paused 1ms+1ms
D/dalvikvm( 1142): GC_CONCURRENT freed 523K, 78% free 1376K/6019K, paused 0ms+1ms
D/dalvikvm( 1142): GC_CONCURRENT freed 440K, 77% free 1434K/6019K, paused 1ms+1ms
D/dalvikvm( 1142): GC_CONCURRENT freed 514K, 78% free 1351K/6019K, paused 1ms+1ms
D/MonitorCw880( 5694): counter=2 && isHeartbeatTimeout=true
D/dalvikvm( 1142): GC_CONCURRENT freed 417K, 77% free 1443K/6019K, paused 1ms+1ms
D/dalvikvm( 1142): GC_CONCURRENT freed 522K, 77% free 1424K/6019K, paused 1ms+1ms
D/dalvikvm( 1142): GC_CONCURRENT freed 498K, 77% free 1437K/6019K, paused 1ms+2ms
D/dalvikvm( 1142): GC_CONCURRENT freed 510K, 79% free 1316K/6019K, paused 1ms+1ms
D/dalvikvm( 1142): GC_CONCURRENT freed 392K, 77% free 1430K/6019K, paused 1ms+1ms
D/dalvikvm( 1142): GC_CONCURRENT freed 504K, 78% free 1347K/6019K, paused 1ms+1ms
D/dalvikvm( 1142): GC_CONCURRENT freed 428K, 79% free 1307K/6019K, paused 1ms+1ms
D/dalvikvm( 1142): GC_CONCURRENT freed 365K, 78% free 1327K/6019K, paused 1ms+1ms
D/dalvikvm( 1142): GC_CONCURRENT freed 393K, 76% free 1445K/6019K, paused 1ms+0ms
D/dalvikvm( 1142): GC_CONCURRENT freed 514K, 77% free 1390K/6019K, paused 1ms+1ms
D/dalvikvm( 1142): GC_CONCURRENT freed 455K, 77% free 1437K/6019K, paused 1ms+1ms
D/dalvikvm( 1142): GC_CONCURRENT freed 505K, 79% free 1316K/6019K, paused 1ms+1ms
D/dalvikvm( 1142): GC_CONCURRENT freed 395K, 78% free 1324K/6019K, paused 1ms+1ms
D/dalvikvm( 1142): GC_CONCURRENT freed 393K, 79% free 1316K/6019K, paused 1ms+1ms
D/dalvikvm( 1142): GC_CONCURRENT freed 378K, 78% free 1326K/6019K, paused 1ms+1ms
D/dalvikvm( 1142): GC_CONCURRENT freed 395K, 78% free 1325K/6019K, paused 1ms+1ms
D/MonitorCw880( 5694): counter=2 && isHeartbeatTimeout=true
D/dalvikvm( 1142): GC_CONCURRENT freed 403K, 79% free 1321K/6019K, paused 1ms+1ms
D/dalvikvm( 1142): GC_CONCURRENT freed 395K, 79% free 1319K/6019K, paused 1ms+1ms
D/dalvikvm( 1142): GC_CONCURRENT freed 394K, 78% free 1336K/6019K, paused 1ms+1ms
D/dalvikvm( 1142): GC_CONCURRENT freed 406K, 78% free 1324K/6019K, paused 1ms+1ms
D/MonitorCw880( 5694): counter=2 && isHeartbeatTimeout=true
D/dalvikvm( 1142): GC_CONCURRENT freed 392K, 78% free 1324K/6019K, paused 1ms+1ms
D/dalvikvm( 1142): GC_CONCURRENT freed 392K, 78% free 1324K/6019K, paused 1ms+1ms
D/dalvikvm( 1142): GC_CONCURRENT freed 393K, 78% free 1324K/6019K, paused 1ms+1ms
D/dalvikvm( 1142): GC_CONCURRENT freed 393K, 78% free 1329K/6019K, paused 0ms+1ms
D/dalvikvm( 1142): GC_CONCURRENT freed 403K, 79% free 1321K/6019K, paused 1ms+1ms
D/dalvikvm( 1142): GC_CONCURRENT freed 395K, 79% free 1319K/6019K, paused 1ms+1ms
D/dalvikvm( 1142): GC_CONCURRENT freed 474K, 79% free 1321K/6019K, paused 1ms+1ms
D/dalvikvm( 1142): GC_CONCURRENT freed 394K, 79% free 1320K/6019K, paused 1ms+1ms
D/dalvikvm( 1142): GC_CONCURRENT freed 393K, 79% free 1320K/6019K, paused 0ms+1ms
D/dalvikvm( 1142): GC_CONCURRENT freed 393K, 79% free 1321K/6019K, paused 1ms+1ms
D/dalvikvm( 1142): GC_CONCURRENT freed 404K, 79% free 1301K/6019K, paused 1ms+1ms
D/dalvikvm( 1142): GC_CONCURRENT freed 380K, 78% free 1325K/6019K, paused 1ms+1ms
D/MonitorCw880( 5694): counter=2 && isHeartbeatTimeout=true
D/MonitorCw880( 5694): counter=2 && isHeartbeatTimeout=true
D/dalvikvm( 1142): GC_CONCURRENT freed 394K, 79% free 1324K/6019K, paused 1ms+1ms
D/dalvikvm( 1142): GC_CONCURRENT freed 392K, 79% free 1323K/6019K, paused 1ms+1ms
D/dalvikvm( 1142): GC_CONCURRENT freed 393K, 79% free 1324K/6019K, paused 1ms+2ms
D/dalvikvm( 1142): GC_CONCURRENT freed 393K, 78% free 1324K/6019K, paused 1ms+1ms
D/dalvikvm( 1142): GC_CONCURRENT freed 393K, 78% free 1324K/6019K, paused 1ms+1ms
D/dalvikvm( 1142): GC_CONCURRENT freed 393K, 79% free 1324K/6019K, paused 1ms+1ms
D/dalvikvm( 1142): GC_CONCURRENT freed 424K, 79% free 1297K/6019K, paused 1ms+1ms
D/MonitorCw880( 5694): counter=2 && isHeartbeatTimeout=true
D/dalvikvm( 1142): GC_CONCURRENT freed 370K, 77% free 1436K/6019K, paused 1ms+1ms
D/dalvikvm( 1142): GC_CONCURRENT freed 517K, 77% free 1427K/6019K, paused 0ms+1ms
D/dalvikvm( 1142): GC_CONCURRENT freed 486K, 78% free 1330K/6019K, paused 1ms+1ms
D/dalvikvm( 1142): GC_CONCURRENT freed 404K, 78% free 1380K/6019K, paused 1ms+1ms
D/dalvikvm( 1142): GC_CONCURRENT freed 460K, 79% free 1312K/6019K, paused 1ms+1ms
D/dalvikvm( 1142): GC_CONCURRENT freed 390K, 79% free 1320K/6019K, paused 1ms+1ms
D/dalvikvm( 1142): GC_CONCURRENT freed 393K, 79% free 1312K/6019K, paused 1ms+2ms
D/dalvikvm( 1142): GC_CONCURRENT freed 389K, 79% free 1322K/6019K, paused 1ms+1ms
D/HomePlayerLib( 1142): hostaddress count is 2
D/dalvikvm( 1142): GC_CONCURRENT freed 393K, 78% free 1326K/6019K, paused 1ms+1ms
D/dalvikvm( 1142): GC_CONCURRENT freed 404K, 78% free 1324K/6019K, paused 1ms+1ms
D/dalvikvm( 1142): GC_CONCURRENT freed 394K, 79% free 1322K/6019K, paused 1ms+1ms
D/dalvikvm( 1142): GC_CONCURRENT freed 392K, 77% free 1437K/6019K, paused 1ms+1ms
D/dalvikvm( 1142): GC_CONCURRENT freed 474K, 78% free 1356K/6019K, paused 1ms+1ms
D/dalvikvm( 1142): GC_CONCURRENT freed 439K, 79% free 1312K/6019K, paused 1ms+1ms
D/dalvikvm( 1142): GC_CONCURRENT freed 377K, 77% free 1428K/6019K, paused 1ms+1ms
D/dalvikvm( 1142): GC_CONCURRENT freed 495K, 77% free 1444K/6019K, paused 1ms+1ms
D/dalvikvm( 1142): GC_CONCURRENT freed 482K, 76% free 1486K/6019K, paused 1ms+2ms
D/dalvikvm( 1142): GC_CONCURRENT freed 564K, 78% free 1328K/6019K, paused 1ms+1ms
D/dalvikvm( 1142): GC_CONCURRENT freed 393K, 77% free 1411K/6019K, paused 2ms+1ms
D/dalvikvm( 1142): GC_CONCURRENT freed 474K, 78% free 1334K/6019K, paused 1ms+1ms
D/dalvikvm( 1142): GC_CONCURRENT freed 403K, 77% free 1426K/6019K, paused 1ms+1ms
D/dalvikvm( 1142): GC_CONCURRENT freed 489K, 78% free 1328K/6019K, paused 1ms+1ms
D/MonitorCw880( 5694): counter=2 && isHeartbeatTimeout=true
D/dalvikvm( 1142): GC_CONCURRENT freed 394K, 77% free 1434K/6019K, paused 1ms+1ms
D/dalvikvm( 1142): GC_FOR_ALLOC freed 619K, 79% free 1314K/6019K, paused 11ms
D/dalvikvm( 1142): GC_CONCURRENT freed 0K, 76% free 1487K/6019K, paused 1ms+1ms
D/dalvikvm( 1142): GC_CONCURRENT freed 558K, 78% free 1344K/6019K, paused 1ms+1ms
D/dalvikvm( 1142): GC_CONCURRENT freed 468K, 76% free 1464K/6019K, paused 1ms+1ms
D/dalvikvm( 1142): GC_CONCURRENT freed 546K, 77% free 1387K/6019K, paused 1ms+1ms
D/dalvikvm( 1142): GC_CONCURRENT freed 459K, 77% free 1423K/6019K, paused 1ms+1ms
D/dalvikvm( 1142): GC_CONCURRENT freed 491K, 78% free 1325K/6019K, paused 1ms+1ms
D/dalvikvm( 1142): GC_CONCURRENT freed 394K, 78% free 1324K/6019K, paused 1ms+1ms
D/dalvikvm( 1142): GC_CONCURRENT freed 393K, 78% free 1324K/6019K, paused 1ms+1ms
D/dalvikvm( 1142): GC_CONCURRENT freed 393K, 78% free 1324K/6019K, paused 0ms+1ms
D/dalvikvm( 1142): GC_CONCURRENT freed 393K, 78% free 1325K/6019K, paused 0ms+1ms
D/dalvikvm( 1142): GC_CONCURRENT freed 404K, 79% free 1321K/6019K, paused 1ms+1ms
D/dalvikvm( 1142): GC_CONCURRENT freed 396K, 79% free 1311K/6019K, paused 0ms+1ms
D/MonitorCw880( 5694): counter=2 && isHeartbeatTimeout=true
D/dalvikvm( 1142): GC_CONCURRENT freed 392K, 77% free 1425K/6019K, paused 0ms+1ms
D/dalvikvm( 1142): GC_CONCURRENT freed 485K, 77% free 1412K/6019K, paused 1ms+1ms
D/dalvikvm( 1142): GC_CONCURRENT freed 484K, 79% free 1313K/6019K, paused 1ms+1ms
D/dalvikvm( 1142): GC_CONCURRENT freed 396K, 79% free 1319K/6019K, paused 1ms+1ms
D/dalvikvm( 1142): GC_CONCURRENT freed 394K, 79% free 1320K/6019K, paused 1ms+1ms
D/dalvikvm( 1142): GC_CONCURRENT freed 393K, 79% free 1320K/6019K, paused 1ms+1ms
D/dalvikvm( 1142): GC_CONCURRENT freed 393K, 79% free 1312K/6019K, paused 1ms+1ms
D/dalvikvm( 1142): GC_CONCURRENT freed 393K, 79% free 1320K/6019K, paused 1ms+1ms
D/MonitorCw880( 5694): counter=2 && isHeartbeatTimeout=true
D/dalvikvm( 1142): GC_CONCURRENT freed 393K, 79% free 1320K/6019K, paused 0ms+1ms
D/dalvikvm( 1142): GC_CONCURRENT freed 393K, 79% free 1321K/6019K, paused 1ms+1ms
D/dalvikvm( 1142): GC_CONCURRENT freed 405K, 79% free 1301K/6019K, paused 1ms+1ms
D/dalvikvm( 1142): GC_CONCURRENT freed 404K, 77% free 1403K/6019K, paused 1ms+1ms
D/dalvikvm( 1142): GC_CONCURRENT freed 476K, 78% free 1379K/6019K, paused 1ms+1ms
D/dalvikvm( 1142): GC_CONCURRENT freed 447K, 78% free 1325K/6019K, paused 1ms+2ms
D/dalvikvm( 1142): GC_CONCURRENT freed 394K, 78% free 1325K/6019K, paused 0ms+1ms
D/MonitorCw880( 5694): counter=2 && isHeartbeatTimeout=true
D/dalvikvm( 1142): GC_CONCURRENT freed 403K, 78% free 1337K/6019K, paused 1ms+1ms
D/MonitorCw880( 5694): counter=2 && isHeartbeatTimeout=true
D/dalvikvm( 1142): GC_CONCURRENT freed 408K, 78% free 1324K/6019K, paused 1ms+1ms
D/dalvikvm( 1142): GC_CONCURRENT freed 394K, 79% free 1324K/6019K, paused 1ms+1ms
D/dalvikvm( 1142): GC_CONCURRENT freed 393K, 78% free 1324K/6019K, paused 1ms+1ms
D/dalvikvm( 1142): GC_CONCURRENT freed 393K, 79% free 1324K/6019K, paused 1ms+1ms
D/dalvikvm( 1142): GC_CONCURRENT freed 393K, 78% free 1324K/6019K, paused 1ms+1ms
D/dalvikvm( 1142): GC_CONCURRENT freed 392K, 78% free 1370K/6019K, paused 0ms+1ms
D/MonitorCw880( 5694): counter=2 && isHeartbeatTimeout=true
D/dalvikvm( 1142): GC_CONCURRENT freed 443K, 79% free 1313K/6019K, paused 1ms+1ms
D/dalvikvm( 1142): GC_CONCURRENT freed 396K, 79% free 1302K/6019K, paused 0ms+1ms
D/dalvikvm( 1142): GC_CONCURRENT freed 367K, 77% free 1406K/6019K, paused 1ms+1ms
D/dalvikvm( 1142): GC_CONCURRENT freed 474K, 77% free 1431K/6019K, paused 1ms+1ms
D/HomePlayerLib( 1142): hostaddress count is 2
D/dalvikvm( 1142): GC_CONCURRENT freed 505K, 77% free 1420K/6019K, paused 1ms+1ms
D/dalvikvm( 1142): GC_CONCURRENT freed 496K, 77% free 1428K/6019K, paused 0ms+1ms
D/dalvikvm( 1142): GC_CONCURRENT freed 501K, 77% free 1429K/6019K, paused 0ms+1ms
D/dalvikvm( 1142): GC_CONCURRENT freed 508K, 77% free 1424K/6019K, paused 1ms+1ms
D/dalvikvm( 1142): GC_CONCURRENT freed 488K, 76% free 1447K/6019K, paused 1ms+1ms
D/dalvikvm( 1142): GC_CONCURRENT freed 637K, 79% free 1319K/6019K, paused 0ms+1ms
D/dalvikvm( 1142): GC_CONCURRENT freed 388K, 77% free 1404K/6019K, paused 1ms+1ms
D/dalvikvm( 1142): GC_CONCURRENT freed 469K, 76% free 1447K/6019K, paused 0ms+1ms
D/dalvikvm( 1142): GC_CONCURRENT freed 490K, 74% free 1583K/6019K, paused 1ms+1ms
D/dalvikvm( 1142): GC_CONCURRENT freed 654K, 76% free 1498K/6019K, paused 1ms+1ms
D/dalvikvm( 1142): GC_CONCURRENT freed 570K, 76% free 1451K/6019K, paused 1ms+1ms
D/dalvikvm( 1142): GC_CONCURRENT freed 523K, 77% free 1439K/6019K, paused 0ms+1ms
D/dalvikvm( 1142): GC_CONCURRENT freed 514K, 78% free 1366K/6019K, paused 0ms+1ms
D/dalvikvm( 1142): GC_CONCURRENT freed 431K, 78% free 1328K/6019K, paused 0ms+1ms
D/dalvikvm( 1142): GC_FOR_ALLOC freed 517K, 79% free 1313K/6019K, paused 10ms
D/dalvikvm( 1142): GC_CONCURRENT freed 7K, 76% free 1450K/6019K, paused 1ms+1ms
D/dalvikvm( 1142): GC_CONCURRENT freed 529K, 77% free 1429K/6019K, paused 0ms+1ms
D/dalvikvm( 1142): GC_CONCURRENT freed 503K, 77% free 1431K/6019K, paused 1ms+1ms
D/MonitorCw880( 5694): counter=2 && isHeartbeatTimeout=true
D/dalvikvm( 1142): GC_CONCURRENT freed 500K, 78% free 1332K/6019K, paused 1ms+1ms
D/dalvikvm( 1142): GC_CONCURRENT freed 407K, 77% free 1396K/6019K, paused 1ms+2ms
D/dalvikvm( 1142): GC_CONCURRENT freed 478K, 79% free 1321K/6019K, paused 1ms+1ms
D/dalvikvm( 1142): GC_CONCURRENT freed 405K, 78% free 1324K/6019K, paused 1ms+1ms
D/MonitorCw880( 5694): counter=2 && isHeartbeatTimeout=true
D/dalvikvm( 1142): GC_CONCURRENT freed 392K, 78% free 1324K/6019K, paused 1ms+1ms
D/dalvikvm( 1142): GC_CONCURRENT freed 393K, 78% free 1324K/6019K, paused 1ms+1ms
D/dalvikvm( 1142): GC_CONCURRENT freed 393K, 78% free 1329K/6019K, paused 1ms+1ms
D/dalvikvm( 1142): GC_CONCURRENT freed 405K, 79% free 1321K/6019K, paused 1ms+1ms
D/dalvikvm( 1142): GC_CONCURRENT freed 407K, 79% free 1307K/6019K, paused 1ms+1ms
D/dalvikvm( 1142): GC_CONCURRENT freed 380K, 79% free 1320K/6019K, paused 1ms+2ms
D/dalvikvm( 1142): GC_CONCURRENT freed 393K, 79% free 1320K/6019K, paused 1ms+1ms
D/dalvikvm( 1142): GC_CONCURRENT freed 393K, 79% free 1320K/6019K, paused 1ms+1ms
D/dalvikvm( 1142): GC_CONCURRENT freed 393K, 79% free 1320K/6019K, paused 1ms+1ms
D/dalvikvm( 1142): GC_CONCURRENT freed 393K, 79% free 1320K/6019K, paused 1ms+1ms
D/dalvikvm( 1142): GC_CONCURRENT freed 404K, 78% free 1325K/6019K, paused 1ms+1ms
D/dalvikvm( 1142): GC_CONCURRENT freed 403K, 78% free 1337K/6019K, paused 1ms+1ms
D/MonitorCw880( 5694): counter=2 && isHeartbeatTimeout=true
D/dalvikvm( 1142): GC_CONCURRENT freed 409K, 78% free 1324K/6019K, paused 1ms+2ms
D/dalvikvm( 1142): GC_CONCURRENT freed 394K, 78% free 1324K/6019K, paused 1ms+1ms
D/dalvikvm( 1142): GC_CONCURRENT freed 394K, 78% free 1324K/6019K, paused 1ms+1ms
D/dalvikvm( 1142): GC_CONCURRENT freed 391K, 78% free 1324K/6019K, paused 0ms+1ms
D/MonitorCw880( 5694): counter=2 && isHeartbeatTimeout=true
D/dalvikvm( 1142): GC_CONCURRENT freed 392K, 78% free 1324K/6019K, paused 1ms+1ms
D/dalvikvm( 1142): GC_CONCURRENT freed 393K, 78% free 1324K/6019K, paused 1ms+2ms
D/dalvikvm( 1142): GC_CONCURRENT freed 393K, 78% free 1325K/6019K, paused 1ms+2ms
D/dalvikvm( 1142): GC_CONCURRENT freed 401K, 79% free 1321K/6019K, paused 1ms+1ms
D/dalvikvm( 1142): GC_CONCURRENT freed 396K, 79% free 1319K/6019K, paused 1ms+1ms
D/dalvikvm( 1142): GC_CONCURRENT freed 407K, 79% free 1307K/6019K, paused 1ms+1ms
D/dalvikvm( 1142): GC_CONCURRENT freed 372K, 79% free 1324K/6019K, paused 0ms+1ms
D/dalvikvm( 1142): GC_CONCURRENT freed 393K, 78% free 1324K/6019K, paused 1ms+1ms
D/dalvikvm( 1142): GC_CONCURRENT freed 393K, 78% free 1324K/6019K, paused 1ms+1ms
D/dalvikvm( 1142): GC_CONCURRENT freed 461K, 79% free 1301K/6019K, paused 0ms+1ms
D/dalvikvm( 1142): GC_CONCURRENT freed 374K, 77% free 1421K/6019K, paused 1ms+1ms
D/dalvikvm( 1142): GC_CONCURRENT freed 490K, 77% free 1431K/6019K, paused 1ms+1ms
D/dalvikvm( 1142): GC_CONCURRENT freed 502K, 78% free 1344K/6019K, paused 1ms+1ms
D/MonitorCw880( 5694): counter=2 && isHeartbeatTimeout=true
D/dalvikvm( 1142): GC_CONCURRENT freed 417K, 79% free 1312K/6019K, paused 0ms+1ms
D/dalvikvm( 1142): GC_CONCURRENT freed 394K, 77% free 1426K/6019K, paused 1ms+1ms
D/dalvikvm( 1142): GC_CONCURRENT freed 487K, 77% free 1421K/6019K, paused 1ms+1ms
D/dalvikvm( 1142): GC_CONCURRENT freed 507K, 79% free 1298K/6019K, paused 1ms+1ms
D/MonitorCw880( 5694): counter=2 && isHeartbeatTimeout=true
D/dalvikvm( 1142): GC_CONCURRENT freed 373K, 79% free 1312K/6019K, paused 1ms+1ms
D/dalvikvm( 1142): GC_CONCURRENT freed 392K, 77% free 1428K/6019K, paused 1ms+1ms
D/HomePlayerLib( 1142): hostaddress count is 2
D/dalvikvm( 1142): GC_CONCURRENT freed 496K, 77% free 1418K/6019K, paused 1ms+1ms
D/dalvikvm( 1142): GC_CONCURRENT freed 473K, 76% free 1455K/6019K, paused 1ms+1ms
D/dalvikvm( 1142): GC_CONCURRENT freed 532K, 77% free 1433K/6019K, paused 1ms+1ms
D/dalvikvm( 1142): GC_CONCURRENT freed 509K, 79% free 1316K/6019K, paused 1ms+1ms
D/dalvikvm( 1142): GC_CONCURRENT freed 391K, 74% free 1610K/6019K, paused 0ms+1ms
D/dalvikvm( 1142): GC_CONCURRENT freed 724K, 77% free 1397K/6019K, paused 1ms+2ms
D/dalvikvm( 1142): GC_CONCURRENT freed 437K, 76% free 1466K/6019K, paused 1ms+1ms
D/dalvikvm( 1142): GC_CONCURRENT freed 527K, 77% free 1430K/6019K, paused 1ms+2ms
D/dalvikvm( 1142): GC_CONCURRENT freed 587K, 78% free 1349K/6019K, paused 0ms+1ms
D/dalvikvm( 1142): GC_CONCURRENT freed 424K, 77% free 1435K/6019K, paused 1ms+1ms
D/dalvikvm( 1142): GC_CONCURRENT freed 508K, 77% free 1393K/6019K, paused 1ms+1ms
D/dalvikvm( 1142): GC_CONCURRENT freed 459K, 78% free 1333K/6019K, paused 1ms+1ms
D/dalvikvm( 1142): GC_CONCURRENT freed 397K, 78% free 1380K/6019K, paused 1ms+1ms
D/dalvikvm( 1142): GC_CONCURRENT freed 461K, 79% free 1305K/6019K, paused 1ms+1ms
D/dalvikvm( 1142): GC_CONCURRENT freed 375K, 78% free 1325K/6019K, paused 1ms+1ms
D/dalvikvm( 1142): GC_CONCURRENT freed 408K, 77% free 1424K/6019K, paused 0ms+1ms
D/dalvikvm( 1142): GC_CONCURRENT freed 499K, 79% free 1316K/6019K, paused 0ms+1ms
D/dalvikvm( 1142): GC_CONCURRENT freed 394K, 77% free 1386K/6019K, paused 0ms+1ms
D/dalvikvm( 1142): GC_CONCURRENT freed 467K, 77% free 1427K/6019K, paused 1ms+1ms
D/MonitorCw880( 5694): counter=2 && isHeartbeatTimeout=true
D/dalvikvm( 1142): GC_CONCURRENT freed 493K, 77% free 1406K/6019K, paused 1ms+1ms
D/dalvikvm( 1142): GC_CONCURRENT freed 475K, 78% free 1325K/6019K, paused 0ms+1ms
D/dalvikvm( 1142): GC_CONCURRENT freed 392K, 78% free 1324K/6019K, paused 1ms+1ms
D/dalvikvm( 1142): GC_CONCURRENT freed 402K, 77% free 1428K/6019K, paused 0ms+1ms
D/dalvikvm( 1142): GC_CONCURRENT freed 490K, 76% free 1449K/6019K, paused 1ms+1ms
D/dalvikvm( 1142): GC_CONCURRENT freed 515K, 78% free 1325K/6019K, paused 1ms+1ms
D/dalvikvm( 1142): GC_CONCURRENT freed 404K, 79% free 1312K/6019K, paused 1ms+1ms
D/MonitorCw880( 5694): counter=2 && isHeartbeatTimeout=true
D/dalvikvm( 1142): GC_CONCURRENT freed 395K, 77% free 1426K/6019K, paused 1ms+0ms
D/dalvikvm( 1142): GC_CONCURRENT freed 488K, 76% free 1449K/6019K, paused 1ms+1ms
D/dalvikvm( 1142): GC_CONCURRENT freed 526K, 77% free 1423K/6019K, paused 1ms+1ms
D/dalvikvm( 1142): GC_CONCURRENT freed 492K, 78% free 1325K/6019K, paused 1ms+1ms
D/dalvikvm( 1142): GC_CONCURRENT freed 393K, 79% free 1324K/6019K, paused 1ms+1ms
D/dalvikvm( 1142): GC_CONCURRENT freed 392K, 78% free 1324K/6019K, paused 1ms+1ms
D/dalvikvm( 1142): GC_CONCURRENT freed 393K, 79% free 1324K/6019K, paused 1ms+1ms
D/dalvikvm( 1142): GC_CONCURRENT freed 393K, 78% free 1329K/6019K, paused 1ms+1ms
D/dalvikvm( 1142): GC_CONCURRENT freed 404K, 77% free 1422K/6019K, paused 1ms+1ms
D/MonitorCw880( 5694): counter=2 && isHeartbeatTimeout=true
D/dalvikvm( 1142): GC_CONCURRENT freed 489K, 78% free 1325K/6019K, paused 1ms+1ms
D/MonitorCw880( 5694): counter=2 && isHeartbeatTimeout=true
D/dalvikvm( 1142): GC_CONCURRENT freed 393K, 77% free 1430K/6019K, paused 1ms+1ms
D/dalvikvm( 1142): GC_CONCURRENT freed 512K, 79% free 1309K/6019K, paused 1ms+1ms
D/dalvikvm( 1142): GC_CONCURRENT freed 380K, 77% free 1408K/6019K, paused 1ms+1ms
D/dalvikvm( 1142): GC_CONCURRENT freed 476K, 78% free 1324K/6019K, paused 1ms+1ms
D/MonitorCw880( 5694): counter=2 && isHeartbeatTimeout=true
D/dalvikvm( 1142): GC_CONCURRENT freed 393K, 79% free 1324K/6019K, paused 1ms+1ms
D/dalvikvm( 1142): GC_CONCURRENT freed 392K, 77% free 1411K/6019K, paused 1ms+1ms
D/dalvikvm( 1142): GC_CONCURRENT freed 484K, 77% free 1438K/6019K, paused 1ms+1ms
D/dalvikvm( 1142): GC_CONCURRENT freed 518K, 76% free 1466K/6019K, paused 1ms+1ms
D/dalvikvm( 1142): GC_CONCURRENT freed 538K, 77% free 1438K/6019K, paused 0ms+1ms
D/dalvikvm( 1142): GC_CONCURRENT freed 517K, 77% free 1427K/6019K, paused 1ms+1ms
D/MonitorCw880( 5694): counter=2 && isHeartbeatTimeout=true
D/HomePlayerLib( 1142): hostaddress count is 2
D/dalvikvm( 1142): GC_CONCURRENT freed 506K, 77% free 1425K/6019K, paused 1ms+1ms
D/dalvikvm( 1142): GC_CONCURRENT freed 510K, 79% free 1323K/6019K, paused 1ms+1ms
D/dalvikvm( 1142): GC_CONCURRENT freed 394K, 78% free 1325K/6019K, paused 1ms+1ms
D/dalvikvm( 1142): GC_CONCURRENT freed 390K, 77% free 1431K/6019K, paused 1ms+1ms
D/dalvikvm( 1142): GC_CONCURRENT freed 494K, 78% free 1329K/6019K, paused 1ms+1ms
D/dalvikvm( 1142): GC_CONCURRENT freed 405K, 79% free 1309K/6019K, paused 1ms+1ms
D/dalvikvm( 1142): GC_CONCURRENT freed 491K, 78% free 1324K/6019K, paused 1ms+1ms
D/dalvikvm( 1142): GC_CONCURRENT freed 356K, 76% free 1480K/6019K, paused 1ms+1ms
D/dalvikvm( 1142): GC_CONCURRENT freed 549K, 77% free 1433K/6019K, paused 1ms+1ms
D/dalvikvm( 1142): GC_CONCURRENT freed 501K, 76% free 1500K/6019K, paused 1ms+1ms
D/dalvikvm( 1142): GC_CONCURRENT freed 557K, 77% free 1399K/6019K, paused 1ms+2ms
D/dalvikvm( 1142): GC_CONCURRENT freed 471K, 76% free 1445K/6019K, paused 2ms+1ms
D/dalvikvm( 1142): GC_CONCURRENT freed 508K, 77% free 1436K/6019K, paused 1ms+1ms
D/dalvikvm( 1142): GC_CONCURRENT freed 504K, 77% free 1439K/6019K, paused 1ms+1ms
D/dalvikvm( 1142): GC_CONCURRENT freed 533K, 79% free 1315K/6019K, paused 1ms+1ms
D/dalvikvm( 1142): GC_CONCURRENT freed 378K, 78% free 1327K/6019K, paused 0ms+1ms
D/dalvikvm( 1142): GC_CONCURRENT freed 401K, 77% free 1391K/6019K, paused 1ms+0ms
D/dalvikvm( 1142): GC_CONCURRENT freed 473K, 77% free 1423K/6019K, paused 1ms+1ms
D/dalvikvm( 1142): GC_CONCURRENT freed 523K, 77% free 1408K/6019K, paused 0ms+1ms
D/dalvikvm( 1142): GC_CONCURRENT freed 480K, 79% free 1312K/6019K, paused 1ms+1ms
D/dalvikvm( 1142): GC_CONCURRENT freed 394K, 77% free 1426K/6019K, paused 1ms+1ms
D/dalvikvm( 1142): GC_CONCURRENT freed 487K, 78% free 1325K/6019K, paused 1ms+1ms
D/dalvikvm( 1142): GC_CONCURRENT freed 405K, 79% free 1312K/6019K, paused 1ms+1ms
D/dalvikvm( 1142): GC_CONCURRENT freed 390K, 79% free 1314K/6019K, paused 1ms+1ms
D/dalvikvm( 1142): GC_CONCURRENT freed 399K, 79% free 1299K/6019K, paused 1ms+1ms
D/MonitorCw880( 5694): counter=2 && isHeartbeatTimeout=true
D/dalvikvm( 1142): GC_CONCURRENT freed 366K, 76% free 1487K/6019K, paused 1ms+1ms
D/dalvikvm( 1142): GC_CONCURRENT freed 553K, 78% free 1331K/6019K, paused 0ms+1ms
D/dalvikvm( 1142): GC_CONCURRENT freed 405K, 79% free 1312K/6019K, paused 1ms+1ms
D/MonitorCw880( 5694): counter=2 && isHeartbeatTimeout=true
D/dalvikvm( 1142): GC_CONCURRENT freed 394K, 78% free 1339K/6019K, paused 1ms+1ms
D/dalvikvm( 1142): GC_CONCURRENT freed 405K, 79% free 1323K/6019K, paused 1ms+1ms
D/dalvikvm( 1142): GC_CONCURRENT freed 393K, 77% free 1421K/6019K, paused 1ms+1ms
D/dalvikvm( 1142): GC_CONCURRENT freed 501K, 78% free 1344K/6019K, paused 0ms+1ms
D/dalvikvm( 1142): GC_CONCURRENT freed 416K, 77% free 1396K/6019K, paused 1ms+1ms
D/dalvikvm( 1142): GC_CONCURRENT freed 530K, 77% free 1391K/6019K, paused 1ms+1ms
D/dalvikvm( 1142): GC_CONCURRENT freed 458K, 78% free 1328K/6019K, paused 0ms+1ms
D/dalvikvm( 1142): GC_CONCURRENT freed 400K, 77% free 1437K/6019K, paused 1ms+1ms
D/dalvikvm( 1142): GC_CONCURRENT freed 517K, 79% free 1312K/6019K, paused 1ms+1ms
D/dalvikvm( 1142): GC_CONCURRENT freed 394K, 79% free 1311K/6019K, paused 1ms+1ms
D/dalvikvm( 1142): GC_CONCURRENT freed 394K, 79% free 1311K/6019K, paused 1ms+1ms
D/dalvikvm( 1142): GC_CONCURRENT freed 392K, 79% free 1312K/6019K, paused 1ms+1ms
D/MonitorCw880( 5694): counter=2 && isHeartbeatTimeout=true
D/dalvikvm( 1142): GC_CONCURRENT freed 397K, 79% free 1298K/6019K, paused 1ms+1ms
D/dalvikvm( 1142): GC_CONCURRENT freed 371K, 77% free 1421K/6019K, paused 1ms+1ms
D/dalvikvm( 1142): GC_CONCURRENT freed 490K, 77% free 1421K/6019K, paused 1ms+1ms
D/dalvikvm( 1142): GC_CONCURRENT freed 502K, 78% free 1344K/6019K, paused 1ms+1ms
D/dalvikvm( 1142): GC_CONCURRENT freed 416K, 77% free 1437K/6019K, paused 1ms+1ms
D/dalvikvm( 1142): GC_CONCURRENT freed 517K, 77% free 1394K/6019K, paused 1ms+1ms
D/dalvikvm( 1142): GC_CONCURRENT freed 475K, 78% free 1344K/6019K, paused 1ms+0ms
D/dalvikvm( 1142): GC_CONCURRENT freed 419K, 79% free 1312K/6019K, paused 0ms+1ms
D/dalvikvm( 1142): GC_CONCURRENT freed 395K, 79% free 1310K/6019K, paused 1ms+2ms
D/dalvikvm( 1142): GC_CONCURRENT freed 392K, 77% free 1425K/6019K, paused 1ms+2ms
D/dalvikvm( 1142): GC_CONCURRENT freed 487K, 77% free 1412K/6019K, paused 1ms+1ms
D/MonitorCw880( 5694): counter=2 && isHeartbeatTimeout=true
D/dalvikvm( 1142): GC_CONCURRENT freed 485K, 77% free 1422K/6019K, paused 1ms+2ms
D/dalvikvm( 1142): GC_CONCURRENT freed 491K, 78% free 1325K/6019K, paused 1ms+1ms
D/dalvikvm( 1142): GC_CONCURRENT freed 393K, 79% free 1324K/6019K, paused 0ms+1ms
D/dalvikvm( 1142): GC_CONCURRENT freed 392K, 78% free 1324K/6019K, paused 1ms+1ms
D/dalvikvm( 1142): GC_CONCURRENT freed 393K, 78% free 1370K/6019K, paused 1ms+1ms
D/dalvikvm( 1142): GC_CONCURRENT freed 444K, 77% free 1437K/6019K, paused 0ms+1ms
D/MonitorCw880( 5694): counter=2 && isHeartbeatTimeout=true
D/dalvikvm( 1142): GC_CONCURRENT freed 518K, 77% free 1420K/6019K, paused 1ms+1ms
D/dalvikvm( 1142): GC_CONCURRENT freed 487K, 78% free 1325K/6019K, paused 1ms+1ms
D/dalvikvm( 1142): GC_CONCURRENT freed 404K, 79% free 1312K/6019K, paused 1ms+1ms
D/dalvikvm( 1142): GC_CONCURRENT freed 392K, 79% free 1322K/6019K, paused 1ms+1ms
D/HomePlayerLib( 1142): hostaddress count is 2
D/dalvikvm( 1142): GC_CONCURRENT freed 402K, 77% free 1407K/6019K, paused 1ms+1ms
D/dalvikvm( 1142): GC_CONCURRENT freed 460K, 76% free 1459K/6019K, paused 1ms+0ms
D/dalvikvm( 1142): GC_CONCURRENT freed 532K, 77% free 1430K/6019K, paused 1ms+1ms
D/dalvikvm( 1142): GC_CONCURRENT freed 487K, 78% free 1327K/6019K, paused 1ms+1ms
D/dalvikvm( 1142): GC_CONCURRENT freed 392K, 78% free 1329K/6019K, paused 1ms+2ms
D/dalvikvm( 1142): GC_CONCURRENT freed 371K, 78% free 1343K/6019K, paused 1ms+1ms
D/dalvikvm( 1142): GC_CONCURRENT freed 424K, 79% free 1316K/6019K, paused 1ms+1ms
D/dalvikvm( 1142): GC_CONCURRENT freed 364K, 78% free 1341K/6019K, paused 1ms+1ms
D/dalvikvm( 1142): GC_CONCURRENT freed 429K, 78% free 1377K/6019K, paused 1ms+1ms
D/dalvikvm( 1142): GC_CONCURRENT freed 453K, 78% free 1339K/6019K, paused 1ms+1ms
D/dalvikvm( 1142): GC_CONCURRENT freed 418K, 77% free 1395K/6019K, paused 0ms+2ms
D/dalvikvm( 1142): GC_CONCURRENT freed 438K, 76% free 1467K/6019K, paused 1ms+1ms
D/dalvikvm( 1142): GC_CONCURRENT freed 545K, 78% free 1329K/6019K, paused 0ms+1ms
D/dalvikvm( 1142): GC_CONCURRENT freed 398K, 77% free 1443K/6019K, paused 0ms+1ms
D/MonitorCw880( 5694): counter=2 && isHeartbeatTimeout=true
D/dalvikvm( 1142): GC_CONCURRENT freed 561K, 77% free 1392K/6019K, paused 1ms+1ms
D/dalvikvm( 1142): GC_CONCURRENT freed 450K, 77% free 1410K/6019K, paused 0ms+1ms
D/dalvikvm( 1142): GC_CONCURRENT freed 474K, 78% free 1334K/6019K, paused 1ms+1ms
D/dalvikvm( 1142): GC_CONCURRENT freed 412K, 77% free 1434K/6019K, paused 1ms+1ms
D/dalvikvm( 1142): GC_CONCURRENT freed 509K, 77% free 1431K/6019K, paused 1ms+1ms
D/dalvikvm( 1142): GC_CONCURRENT freed 499K, 78% free 1332K/6019K, paused 1ms+1ms
D/dalvikvm( 1142): GC_CONCURRENT freed 406K, 77% free 1437K/6019K, paused 1ms+1ms
D/dalvikvm( 1142): GC_CONCURRENT freed 516K, 77% free 1421K/6019K, paused 1ms+1ms
D/dalvikvm( 1142): GC_CONCURRENT freed 488K, 78% free 1345K/6019K, paused 1ms+1ms
D/dalvikvm( 1142): GC_CONCURRENT freed 416K, 78% free 1326K/6019K, paused 0ms+1ms
D/dalvikvm( 1142): GC_CONCURRENT freed 404K, 78% free 1335K/6019K, paused 0ms+1ms
D/dalvikvm( 1142): GC_CONCURRENT freed 443K, 77% free 1399K/6019K, paused 1ms+1ms
D/dalvikvm( 1142): GC_CONCURRENT freed 461K, 78% free 1368K/6019K, paused 1ms+1ms
D/dalvikvm( 1142): GC_CONCURRENT freed 443K, 77% free 1437K/6019K, paused 0ms+1ms
D/dalvikvm( 1142): GC_CONCURRENT freed 518K, 77% free 1427K/6019K, paused 1ms+1ms
D/MonitorCw880( 5694): counter=2 && isHeartbeatTimeout=true
D/dalvikvm( 1142): GC_CONCURRENT freed 487K, 78% free 1325K/6019K, paused 1ms+1ms
D/dalvikvm( 1142): GC_CONCURRENT freed 403K, 77% free 1428K/6019K, paused 0ms+1ms
D/dalvikvm( 1142): GC_CONCURRENT freed 490K, 77% free 1407K/6019K, paused 1ms+2ms
D/dalvikvm( 1142): GC_CONCURRENT freed 475K, 78% free 1371K/6019K, paused 1ms+1ms
D/dalvikvm( 1142): GC_CONCURRENT freed 444K, 77% free 1422K/6019K, paused 1ms+1ms
D/MonitorCw880( 5694): counter=2 && isHeartbeatTimeout=true
D/dalvikvm( 1142): GC_CONCURRENT freed 489K, 77% free 1408K/6019K, paused 1ms+1ms
D/dalvikvm( 1142): GC_CONCURRENT freed 475K, 78% free 1324K/6019K, paused 1ms+1ms
D/dalvikvm( 1142): GC_CONCURRENT freed 394K, 78% free 1329K/6019K, paused 1ms+1ms
D/dalvikvm( 1142): GC_CONCURRENT freed 404K, 79% free 1312K/6019K, paused 1ms+1ms
D/dalvikvm( 1142): GC_CONCURRENT freed 395K, 79% free 1310K/6019K, paused 1ms+1ms
D/dalvikvm( 1142): GC_CONCURRENT freed 392K, 77% free 1425K/6019K, paused 1ms+1ms
D/dalvikvm( 1142): GC_CONCURRENT freed 487K, 78% free 1325K/6019K, paused 1ms+1ms
D/dalvikvm( 1142): GC_CONCURRENT freed 394K, 78% free 1324K/6019K, paused 0ms+1ms
D/MonitorCw880( 5694): counter=2 && isHeartbeatTimeout=true
D/dalvikvm( 1142): GC_CONCURRENT freed 393K, 78% free 1324K/6019K, paused 1ms+1ms
D/MonitorCw880( 5694): counter=2 && isHeartbeatTimeout=true
D/dalvikvm( 1142): GC_CONCURRENT freed 402K, 77% free 1428K/6019K, paused 1ms+1ms
D/MonitorCw880( 5694): counter=2 && isHeartbeatTimeout=true
D/dalvikvm( 1142): GC_CONCURRENT freed 489K, 76% free 1449K/6019K, paused 1ms+1ms
D/dalvikvm( 1142): GC_CONCURRENT freed 515K, 78% free 1331K/6019K, paused 0ms+1ms
D/dalvikvm( 1142): GC_CONCURRENT freed 406K, 79% free 1312K/6019K, paused 1ms+0ms
D/dalvikvm( 1142): GC_CONCURRENT freed 452K, 78% free 1369K/6019K, paused 1ms+1ms
D/HomePlayerLib( 1142): hostaddress count is 2
D/dalvikvm( 1142): GC_CONCURRENT freed 436K, 77% free 1433K/6019K, paused 1ms+1ms
D/dalvikvm( 1142): GC_CONCURRENT freed 504K, 77% free 1430K/6019K, paused 1ms+1ms
D/dalvikvm( 1142): GC_CONCURRENT freed 479K, 76% free 1462K/6019K, paused 1ms+1ms
D/dalvikvm( 1142): GC_CONCURRENT freed 533K, 77% free 1441K/6019K, paused 1ms+1ms
D/dalvikvm( 1142): GC_CONCURRENT freed 514K, 79% free 1317K/6019K, paused 1ms+1ms
D/dalvikvm( 1142): GC_CONCURRENT freed 410K, 76% free 1481K/6019K, paused 1ms+1ms
D/dalvikvm( 1142): GC_CONCURRENT freed 560K, 77% free 1432K/6019K, paused 1ms+1ms
D/dalvikvm( 1142): GC_CONCURRENT freed 489K, 77% free 1416K/6019K, paused 1ms+1ms
D/dalvikvm( 1142): GC_CONCURRENT freed 519K, 77% free 1408K/6019K, paused 1ms+1ms
D/dalvikvm( 1142): GC_CONCURRENT freed 480K, 78% free 1337K/6019K, paused 1ms+2ms
D/dalvikvm( 1142): GC_CONCURRENT freed 401K, 78% free 1350K/6019K, paused 1ms+1ms
D/dalvikvm( 1142): GC_CONCURRENT freed 415K, 78% free 1360K/6019K, paused 1ms+1ms
D/dalvikvm( 1142): GC_CONCURRENT freed 441K, 79% free 1304K/6019K, paused 0ms+1ms
D/dalvikvm( 1142): GC_CONCURRENT freed 386K, 77% free 1419K/6019K, paused 1ms+1ms
D/dalvikvm( 1142): GC_CONCURRENT freed 494K, 78% free 1329K/6019K, paused 1ms+1ms
D/dalvikvm( 1142): GC_CONCURRENT freed 399K, 78% free 1329K/6019K, paused 1ms+1ms
D/dalvikvm( 1142): GC_CONCURRENT freed 393K, 78% free 1330K/6019K, paused 1ms+1ms
D/dalvikvm( 1142): GC_CONCURRENT freed 392K, 78% free 1329K/6019K, paused 1ms+1ms
D/dalvikvm( 1142): GC_CONCURRENT freed 495K, 78% free 1345K/6019K, paused 0ms+1ms
D/dalvikvm( 1142): GC_CONCURRENT freed 422K, 77% free 1433K/6019K, paused 1ms+1ms
D/dalvikvm( 1142): GC_CONCURRENT freed 498K, 78% free 1350K/6019K, paused 1ms+1ms
D/MonitorCw880( 5694): counter=2 && isHeartbeatTimeout=true
D/dalvikvm( 1142): GC_CONCURRENT freed 420K, 77% free 1441K/6019K, paused 1ms+1ms
D/dalvikvm( 1142): GC_CONCURRENT freed 517K, 77% free 1409K/6019K, paused 1ms+1ms
D/dalvikvm( 1142): GC_CONCURRENT freed 475K, 78% free 1345K/6019K, paused 1ms+1ms
D/dalvikvm( 1142): GC_CONCURRENT freed 419K, 78% free 1375K/6019K, paused 1ms+1ms
D/dalvikvm( 1142): GC_CONCURRENT freed 437K, 76% free 1449K/6019K, paused 1ms+1ms
D/dalvikvm( 1142): GC_CONCURRENT freed 515K, 78% free 1371K/6019K, paused 0ms+1ms
D/dalvikvm( 1142): GC_CONCURRENT freed 454K, 78% free 1325K/6019K, paused 0ms+1ms
D/dalvikvm( 1142): GC_CONCURRENT freed 397K, 77% free 1430K/6019K, paused 1ms+1ms
D/dalvikvm( 1142): GC_CONCURRENT freed 498K, 77% free 1410K/6019K, paused 1ms+1ms
D/dalvikvm( 1142): GC_CONCURRENT freed 481K, 77% free 1438K/6019K, paused 0ms+1ms
D/dalvikvm( 1142): GC_CONCURRENT freed 517K, 79% free 1312K/6019K, paused 1ms+1ms
D/dalvikvm( 1142): GC_CONCURRENT freed 394K, 77% free 1421K/6019K, paused 1ms+1ms
D/dalvikvm( 1142): GC_CONCURRENT freed 496K, 77% free 1406K/6019K, paused 1ms+1ms
D/dalvikvm( 1142): GC_CONCURRENT freed 478K, 77% free 1420K/6019K, paused 1ms+2ms
D/MonitorCw880( 5694): counter=2 && isHeartbeatTimeout=true
D/dalvikvm( 1142): GC_CONCURRENT freed 486K, 78% free 1325K/6019K, paused 1ms+1ms
D/dalvikvm( 1142): GC_CONCURRENT freed 393K, 78% free 1324K/6019K, paused 1ms+1ms
D/dalvikvm( 1142): GC_CONCURRENT freed 404K, 79% free 1312K/6019K, paused 1ms+1ms
D/dalvikvm( 1142): GC_CONCURRENT freed 396K, 79% free 1311K/6019K, paused 0ms+1ms
D/dalvikvm( 1142): GC_CONCURRENT freed 394K, 79% free 1303K/6019K, paused 1ms+1ms
D/dalvikvm( 1142): GC_CONCURRENT freed 365K, 76% free 1448K/6019K, paused 1ms+1ms
D/dalvikvm( 1142): GC_CONCURRENT freed 513K, 78% free 1371K/6019K, paused 1ms+1ms
D/dalvikvm( 1142): GC_CONCURRENT freed 445K, 78% free 1381K/6019K, paused 0ms+1ms
D/dalvikvm( 1142): GC_CONCURRENT freed 451K, 78% free 1325K/6019K, paused 1ms+1ms
D/MonitorCw880( 5694): counter=2 && isHeartbeatTimeout=true
D/dalvikvm( 1142): GC_CONCURRENT freed 394K, 79% free 1324K/6019K, paused 0ms+1ms
D/dalvikvm( 1142): GC_CONCURRENT freed 392K, 78% free 1324K/6019K, paused 1ms+1ms
D/dalvikvm( 1142): GC_CONCURRENT freed 392K, 78% free 1324K/6019K, paused 0ms+1ms
D/dalvikvm( 1142): GC_CONCURRENT freed 393K, 78% free 1324K/6019K, paused 1ms+1ms
D/dalvikvm( 1142): GC_CONCURRENT freed 393K, 78% free 1325K/6019K, paused 1ms+1ms
D/dalvikvm( 1142): GC_CONCURRENT freed 404K, 79% free 1321K/6019K, paused 1ms+1ms
D/MonitorCw880( 5694): counter=2 && isHeartbeatTimeout=true
D/MonitorCw880( 5694): counter=2 && isHeartbeatTimeout=true
D/dalvikvm( 1142): GC_CONCURRENT freed 407K, 79% free 1323K/6019K, paused 1ms+1ms
D/dalvikvm( 1142): GC_CONCURRENT freed 393K, 79% free 1324K/6019K, paused 1ms+1ms
D/dalvikvm( 1142): GC_CONCURRENT freed 459K, 78% free 1364K/6019K, paused 1ms+1ms
D/dalvikvm( 1142): GC_CONCURRENT freed 435K, 78% free 1343K/6019K, paused 0ms+1ms
D/dalvikvm( 1142): GC_CONCURRENT freed 418K, 77% free 1437K/6019K, paused 0ms+1ms
D/dalvikvm( 1142): GC_CONCURRENT freed 516K, 77% free 1427K/6019K, paused 1ms+1ms
D/HomePlayerLib( 1142): hostaddress count is 2
D/MonitorCw880( 5694): counter=2 && isHeartbeatTimeout=true
D/dalvikvm( 1142): GC_CONCURRENT freed 506K, 79% free 1309K/6019K, paused 1ms+1ms
D/dalvikvm( 1142): GC_CONCURRENT freed 371K, 76% free 1449K/6019K, paused 1ms+1ms
D/dalvikvm( 1142): GC_CONCURRENT freed 556K, 77% free 1403K/6019K, paused 1ms+1ms
D/dalvikvm( 1142): GC_CONCURRENT freed 470K, 77% free 1409K/6019K, paused 1ms+0ms
D/dalvikvm( 1142): GC_CONCURRENT freed 474K, 77% free 1435K/6019K, paused 1ms+1ms
D/dalvikvm( 1142): GC_CONCURRENT freed 556K, 77% free 1390K/6019K, paused 0ms+1ms
D/dalvikvm( 1142): GC_CONCURRENT freed 456K, 77% free 1433K/6019K, paused 0ms+1ms
D/dalvikvm( 1142): GC_CONCURRENT freed 512K, 78% free 1329K/6019K, paused 1ms+1ms
D/dalvikvm( 1142): GC_CONCURRENT freed 393K, 78% free 1328K/6019K, paused 1ms+1ms
D/dalvikvm( 1142): GC_CONCURRENT freed 412K, 78% free 1384K/6019K, paused 0ms+1ms
D/dalvikvm( 1142): GC_CONCURRENT freed 417K, 76% free 1476K/6019K, paused 0ms+2ms
D/dalvikvm( 1142): GC_CONCURRENT freed 546K, 78% free 1376K/6019K, paused 0ms+1ms
D/dalvikvm( 1142): GC_CONCURRENT freed 445K, 77% free 1400K/6019K, paused 1ms+1ms
D/dalvikvm( 1142): GC_CONCURRENT freed 457K, 76% free 1449K/6019K, paused 1ms+1ms
D/dalvikvm( 1142): GC_CONCURRENT freed 506K, 78% free 1375K/6019K, paused 1ms+1ms
D/dalvikvm( 1142): GC_CONCURRENT freed 445K, 77% free 1442K/6019K, paused 0ms+1ms
D/dalvikvm( 1142): GC_CONCURRENT freed 510K, 77% free 1437K/6019K, paused 1ms+1ms
D/dalvikvm( 1142): GC_CONCURRENT freed 494K, 78% free 1335K/6019K, paused 1ms+1ms
D/dalvikvm( 1142): GC_CONCURRENT freed 403K, 77% free 1442K/6019K, paused 1ms+1ms
D/dalvikvm( 1142): GC_CONCURRENT freed 503K, 77% free 1423K/6019K, paused 1ms+1ms
D/dalvikvm( 1142): GC_CONCURRENT freed 502K, 78% free 1344K/6019K, paused 1ms+1ms
D/dalvikvm( 1142): GC_CONCURRENT freed 418K, 77% free 1437K/6019K, paused 0ms+1ms
D/dalvikvm( 1142): GC_CONCURRENT freed 518K, 77% free 1427K/6019K, paused 1ms+1ms
D/dalvikvm( 1142): GC_CONCURRENT freed 488K, 78% free 1330K/6019K, paused 0ms+1ms
D/dalvikvm( 1142): GC_CONCURRENT freed 405K, 77% free 1396K/6019K, paused 1ms+1ms
D/MonitorCw880( 5694): counter=2 && isHeartbeatTimeout=true
D/MonitorCw880( 5694): counter=2 && isHeartbeatTimeout=true
D/dalvikvm( 1142): GC_CONCURRENT freed 473K, 79% free 1322K/6019K, paused 1ms+1ms
D/HomePlayerLib( 1142): hostaddress count is 2
D/dalvikvm( 1142): GC_CONCURRENT freed 403K, 79% free 1309K/6019K, paused 0ms+1ms
D/dalvikvm( 1142): GC_CONCURRENT freed 387K, 77% free 1385K/6019K, paused 1ms+1ms
D/dalvikvm( 1142): GC_CONCURRENT freed 454K, 77% free 1433K/6019K, paused 1ms+1ms
D/dalvikvm( 1142): GC_CONCURRENT freed 513K, 77% free 1431K/6019K, paused 1ms+1ms
D/dalvikvm( 1142): GC_CONCURRENT freed 572K, 78% free 1370K/6019K, paused 1ms+1ms
D/dalvikvm( 1142): GC_CONCURRENT freed 455K, 77% free 1435K/6019K, paused 1ms+2ms
D/dalvikvm( 1142): GC_CONCURRENT freed 499K, 77% free 1393K/6019K, paused 1ms+2ms
D/dalvikvm( 1142): GC_CONCURRENT freed 456K, 78% free 1324K/6019K, paused 1ms+2ms
D/dalvikvm( 1142): GC_CONCURRENT freed 388K, 76% free 1455K/6019K, paused 1ms+1ms
D/dalvikvm( 1142): GC_CONCURRENT freed 513K, 77% free 1414K/6019K, paused 1ms+1ms
D/dalvikvm( 1142): GC_CONCURRENT freed 483K, 78% free 1369K/6019K, paused 1ms+1ms
D/dalvikvm( 1142): GC_CONCURRENT freed 402K, 76% free 1475K/6019K, paused 1ms+1ms
D/dalvikvm( 1142): GC_CONCURRENT freed 536K, 76% free 1450K/6019K, paused 1ms+1ms
D/dalvikvm( 1142): GC_CONCURRENT freed 527K, 79% free 1308K/6019K, paused 1ms+1ms
D/dalvikvm( 1142): GC_CONCURRENT freed 381K, 79% free 1317K/6019K, paused 1ms+2ms
D/dalvikvm( 1142): GC_CONCURRENT freed 459K, 78% free 1370K/6019K, paused 1ms+1ms
D/dalvikvm( 1142): GC_CONCURRENT freed 446K, 78% free 1327K/6019K, paused 1ms+1ms
D/dalvikvm( 1142): GC_CONCURRENT freed 403K, 77% free 1430K/6019K, paused 1ms+1ms
D/dalvikvm( 1142): GC_CONCURRENT freed 498K, 76% free 1446K/6019K, paused 1ms+1ms
D/dalvikvm( 1142): GC_CONCURRENT freed 514K, 78% free 1331K/6019K, paused 1ms+1ms
D/dalvikvm( 1142): GC_CONCURRENT freed 405K, 79% free 1312K/6019K, paused 1ms+1ms
D/dalvikvm( 1142): GC_CONCURRENT freed 396K, 77% free 1426K/6019K, paused 1ms+1ms
D/dalvikvm( 1142): GC_CONCURRENT freed 487K, 77% free 1407K/6019K, paused 0ms+1ms
D/dalvikvm( 1142): GC_CONCURRENT freed 475K, 78% free 1330K/6019K, paused 1ms+1ms
D/MonitorCw880( 5694): counter=2 && isHeartbeatTimeout=true
D/dalvikvm( 1142): GC_CONCURRENT freed 405K, 79% free 1321K/6019K, paused 1ms+1ms
D/dalvikvm( 1142): GC_CONCURRENT freed 377K, 78% free 1350K/6019K, paused 2ms+1ms
D/dalvikvm( 1142): GC_CONCURRENT freed 425K, 77% free 1430K/6019K, paused 1ms+1ms
D/dalvikvm( 1142): GC_CONCURRENT freed 513K, 79% free 1301K/6019K, paused 1ms+1ms
D/dalvikvm( 1142): GC_CONCURRENT freed 381K, 79% free 1312K/6019K, paused 0ms+1ms
D/dalvikvm( 1142): GC_CONCURRENT freed 398K, 79% free 1315K/6019K, paused 1ms+2ms
D/dalvikvm( 1142): GC_CONCURRENT freed 385K, 78% free 1324K/6019K, paused 0ms+1ms
D/MonitorCw880( 5694): counter=2 && isHeartbeatTimeout=true
D/dalvikvm( 1142): GC_CONCURRENT freed 394K, 79% free 1323K/6019K, paused 1ms+1ms
D/MonitorCw880( 5694): counter=2 && isHeartbeatTimeout=true
D/dalvikvm( 1142): GC_CONCURRENT freed 392K, 77% free 1429K/6019K, paused 1ms+1ms
D/dalvikvm( 1142): GC_CONCURRENT freed 501K, 77% free 1384K/6019K, paused 1ms+1ms
D/dalvikvm( 1142): GC_CONCURRENT freed 456K, 77% free 1438K/6019K, paused 1ms+1ms
D/dalvikvm( 1142): GC_CONCURRENT freed 517K, 77% free 1403K/6019K, paused 1ms+1ms
D/dalvikvm( 1142): GC_CONCURRENT freed 475K, 78% free 1344K/6019K, paused 1ms+1ms
D/dalvikvm( 1142): GC_CONCURRENT freed 413K, 77% free 1438K/6019K, paused 1ms+1ms
D/dalvikvm( 1142): GC_CONCURRENT freed 514K, 77% free 1431K/6019K, paused 1ms+0ms
D/dalvikvm( 1142): GC_CONCURRENT freed 590K, 79% free 1322K/6019K, paused 1ms+2ms
D/HomePlayerLib( 1142): hostaddress count is 2
D/dalvikvm( 1142): GC_CONCURRENT freed 391K, 77% free 1414K/6019K, paused 1ms+1ms
D/dalvikvm( 1142): GC_CONCURRENT freed 486K, 76% free 1473K/6019K, paused 1ms+1ms
D/dalvikvm( 1142): GC_CONCURRENT freed 558K, 77% free 1420K/6019K, paused 0ms+1ms
D/dalvikvm( 1142): GC_CONCURRENT freed 488K, 78% free 1346K/6019K, paused 1ms+1ms
D/dalvikvm( 1142): GC_CONCURRENT freed 535K, 79% free 1320K/6019K, paused 0ms+1ms
D/dalvikvm( 1142): GC_CONCURRENT freed 397K, 78% free 1372K/6019K, paused 1ms+1ms
D/dalvikvm( 1142): GC_CONCURRENT freed 449K, 75% free 1508K/6019K, paused 0ms+1ms
D/dalvikvm( 1142): GC_CONCURRENT freed 576K, 78% free 1328K/6019K, paused 1ms+2ms
D/dalvikvm( 1142): GC_CONCURRENT freed 392K, 77% free 1434K/6019K, paused 0ms+1ms
D/dalvikvm( 1142): GC_CONCURRENT freed 513K, 79% free 1312K/6019K, paused 1ms+1ms
D/MonitorCw880( 5694): counter=2 && isHeartbeatTimeout=true
D/dalvikvm( 1142): GC_CONCURRENT freed 387K, 77% free 1436K/6019K, paused 1ms+1ms
D/dalvikvm( 1142): GC_CONCURRENT freed 475K, 78% free 1351K/6019K, paused 1ms+1ms
D/dalvikvm( 1142): GC_CONCURRENT freed 425K, 77% free 1426K/6019K, paused 1ms+1ms
D/dalvikvm( 1142): GC_CONCURRENT freed 496K, 77% free 1441K/6019K, paused 1ms+1ms
D/dalvikvm( 1142): GC_CONCURRENT freed 482K, 76% free 1470K/6019K, paused 0ms+1ms
D/dalvikvm( 1142): GC_CONCURRENT freed 551K, 79% free 1303K/6019K, paused 1ms+1ms
D/dalvikvm( 1142): GC_FOR_ALLOC freed 499K, 79% free 1310K/6019K, paused 11ms
D/dalvikvm( 1142): GC_CONCURRENT freed 9K, 78% free 1360K/6019K, paused 1ms+1ms
D/dalvikvm( 1142): GC_CONCURRENT freed 414K, 78% free 1332K/6019K, paused 1ms+1ms
D/dalvikvm( 1142): GC_CONCURRENT freed 406K, 77% free 1385K/6019K, paused 1ms+1ms
D/dalvikvm( 1142): GC_CONCURRENT freed 454K, 77% free 1442K/6019K, paused 1ms+1ms
D/dalvikvm( 1142): GC_CONCURRENT freed 503K, 76% free 1450K/6019K, paused 1ms+1ms
D/dalvikvm( 1142): GC_CONCURRENT freed 517K, 78% free 1331K/6019K, paused 0ms+1ms
D/dalvikvm( 1142): GC_CONCURRENT freed 403K, 77% free 1437K/6019K, paused 1ms+1ms
D/dalvikvm( 1142): GC_CONCURRENT freed 516K, 79% free 1321K/6019K, paused 1ms+1ms
D/dalvikvm( 1142): GC_CONCURRENT freed 395K, 79% free 1320K/6019K, paused 1ms+1ms
D/dalvikvm( 1142): GC_CONCURRENT freed 394K, 78% free 1383K/6019K, paused 1ms+1ms
D/dalvikvm( 1142): GC_CONCURRENT freed 457K, 77% free 1437K/6019K, paused 1ms+1ms
D/dalvikvm( 1142): GC_CONCURRENT freed 518K, 76% free 1466K/6019K, paused 0ms+1ms
D/dalvikvm( 1142): GC_CONCURRENT freed 539K, 79% free 1314K/6019K, paused 1ms+1ms
D/dalvikvm( 1142): GC_CONCURRENT freed 398K, 79% free 1310K/6019K, paused 1ms+1ms
D/MonitorCw880( 5694): counter=2 && isHeartbeatTimeout=true
D/dalvikvm( 1142): GC_CONCURRENT freed 392K, 79% free 1311K/6019K, paused 1ms+1ms
D/dalvikvm( 1142): GC_CONCURRENT freed 392K, 79% free 1311K/6019K, paused 1ms+1ms
D/dalvikvm( 1142): GC_CONCURRENT freed 393K, 77% free 1426K/6019K, paused 1ms+1ms
D/dalvikvm( 1142): GC_CONCURRENT freed 487K, 78% free 1330K/6019K, paused 1ms+1ms
D/MonitorCw880( 5694): counter=2 && isHeartbeatTimeout=true
D/dalvikvm( 1142): GC_CONCURRENT freed 405K, 77% free 1405K/6019K, paused 1ms+1ms
D/dalvikvm( 1142): GC_CONCURRENT freed 489K, 77% free 1421K/6019K, paused 0ms+1ms
D/dalvikvm( 1142): GC_CONCURRENT freed 501K, 79% free 1313K/6019K, paused 1ms+1ms
D/dalvikvm( 1142): GC_CONCURRENT freed 400K, 79% free 1314K/6019K, paused 1ms+0ms
D/dalvikvm( 1142): GC_CONCURRENT freed 385K, 77% free 1432K/6019K, paused 1ms+1ms
D/dalvikvm( 1142): GC_CONCURRENT freed 504K, 76% free 1465K/6019K, paused 1ms+1ms
D/dalvikvm( 1142): GC_CONCURRENT freed 536K, 77% free 1439K/6019K, paused 1ms+1ms
D/dalvikvm( 1142): GC_CONCURRENT freed 519K, 79% free 1312K/6019K, paused 1ms+1ms
D/dalvikvm( 1142): GC_CONCURRENT freed 394K, 77% free 1422K/6019K, paused 1ms+1ms
D/dalvikvm( 1142): GC_CONCURRENT freed 498K, 77% free 1422K/6019K, paused 1ms+1ms
D/MonitorCw880( 5694): counter=2 && isHeartbeatTimeout=true
D/MonitorCw880( 5694): counter=2 && isHeartbeatTimeout=true
D/dalvikvm( 1142): GC_CONCURRENT freed 490K, 78% free 1325K/6019K, paused 1ms+1ms
D/dalvikvm( 1142): GC_CONCURRENT freed 393K, 77% free 1407K/6019K, paused 0ms+1ms
D/MonitorCw880( 5694): counter=2 && isHeartbeatTimeout=true
D/dalvikvm( 1142): GC_CONCURRENT freed 474K, 78% free 1330K/6019K, paused 1ms+1ms
D/dalvikvm( 1142): GC_CONCURRENT freed 403K, 77% free 1437K/6019K, paused 1ms+1ms
D/dalvikvm( 1142): GC_CONCURRENT freed 516K, 77% free 1420K/6019K, paused 1ms+1ms
D/dalvikvm( 1142): GC_CONCURRENT freed 488K, 78% free 1330K/6019K, paused 1ms+1ms
D/HomePlayerLib( 1142): hostaddress count is 2
D/dalvikvm( 1142): GC_CONCURRENT freed 404K, 75% free 1528K/6019K, paused 0ms+1ms
D/dalvikvm( 1142): GC_CONCURRENT freed 604K, 77% free 1432K/6019K, paused 1ms+1ms
D/dalvikvm( 1142): GC_CONCURRENT freed 506K, 79% free 1311K/6019K, paused 1ms+1ms
D/dalvikvm( 1142): GC_CONCURRENT freed 378K, 77% free 1442K/6019K, paused 1ms+1ms
D/dalvikvm( 1142): GC_CONCURRENT freed 516K, 77% free 1433K/6019K, paused 1ms+1ms
D/dalvikvm( 1142): GC_CONCURRENT freed 534K, 77% free 1395K/6019K, paused 1ms+1ms
D/dalvikvm( 1142): GC_CONCURRENT freed 462K, 79% free 1316K/6019K, paused 1ms+1ms
D/dalvikvm( 1142): GC_CONCURRENT freed 392K, 78% free 1342K/6019K, paused 1ms+1ms
D/dalvikvm( 1142): GC_CONCURRENT freed 410K, 77% free 1444K/6019K, paused 0ms+1ms
D/dalvikvm( 1142): GC_CONCURRENT freed 523K, 77% free 1431K/6019K, paused 1ms+1ms
D/dalvikvm( 1142): GC_CONCURRENT freed 502K, 77% free 1441K/6019K, paused 0ms+1ms
D/dalvikvm( 1142): GC_CONCURRENT freed 550K, 76% free 1453K/6019K, paused 1ms+1ms
D/dalvikvm( 1142): GC_CONCURRENT freed 534K, 79% free 1303K/6019K, paused 1ms+1ms
D/dalvikvm( 1142): GC_CONCURRENT freed 384K, 76% free 1470K/6019K, paused 1ms+1ms
D/dalvikvm( 1142): GC_CONCURRENT freed 544K, 79% free 1317K/6019K, paused 1ms+1ms
D/dalvikvm( 1142): GC_CONCURRENT freed 356K, 76% free 1472K/6019K, paused 1ms+1ms
D/dalvikvm( 1142): GC_CONCURRENT freed 544K, 77% free 1438K/6019K, paused 1ms+1ms
D/dalvikvm( 1142): GC_CONCURRENT freed 507K, 77% free 1429K/6019K, paused 1ms+1ms
D/MonitorCw880( 5694): counter=2 && isHeartbeatTimeout=true
D/dalvikvm( 1142): GC_CONCURRENT freed 509K, 77% free 1431K/6019K, paused 1ms+1ms
D/dalvikvm( 1142): GC_CONCURRENT freed 499K, 77% free 1443K/6019K, paused 1ms+1ms
D/dalvikvm( 1142): GC_CONCURRENT freed 513K, 77% free 1441K/6019K, paused 1ms+1ms
D/dalvikvm( 1142): GC_CONCURRENT freed 609K, 78% free 1363K/6019K, paused 1ms+1ms
D/dalvikvm( 1142): GC_CONCURRENT freed 445K, 78% free 1324K/6019K, paused 1ms+1ms
D/dalvikvm( 1142): GC_CONCURRENT freed 404K, 77% free 1424K/6019K, paused 1ms+1ms
D/MonitorCw880( 5694): counter=2 && isHeartbeatTimeout=true
D/dalvikvm( 1142): GC_CONCURRENT freed 489K, 78% free 1325K/6019K, paused 1ms+1ms
D/dalvikvm( 1142): GC_CONCURRENT freed 393K, 77% free 1430K/6019K, paused 0ms+1ms
D/dalvikvm( 1142): GC_CONCURRENT freed 512K, 79% free 1309K/6019K, paused 1ms+1ms
D/dalvikvm( 1142): GC_CONCURRENT freed 380K, 79% free 1323K/6019K, paused 1ms+0ms
D/dalvikvm( 1142): GC_CONCURRENT freed 394K, 77% free 1421K/6019K, paused 1ms+1ms
D/dalvikvm( 1142): GC_CONCURRENT freed 500K, 77% free 1420K/6019K, paused 1ms+1ms
D/dalvikvm( 1142): GC_CONCURRENT freed 499K, 77% free 1406K/6019K, paused 0ms+1ms
D/MonitorCw880( 5694): counter=2 && isHeartbeatTimeout=true
D/dalvikvm( 1142): GC_CONCURRENT freed 489K, 77% free 1423K/6019K, paused 1ms+1ms
D/dalvikvm( 1142): GC_CONCURRENT freed 501K, 79% free 1313K/6019K, paused 1ms+1ms
D/dalvikvm( 1142): GC_CONCURRENT freed 399K, 79% free 1314K/6019K, paused 1ms+1ms
D/dalvikvm( 1142): GC_CONCURRENT freed 384K, 77% free 1423K/6019K, paused 1ms+1ms
D/dalvikvm( 1142): GC_CONCURRENT freed 505K, 79% free 1321K/6019K, paused 1ms+1ms
D/dalvikvm( 1142): GC_CONCURRENT freed 395K, 79% free 1320K/6019K, paused 1ms+1ms
D/dalvikvm( 1142): GC_CONCURRENT freed 393K, 79% free 1320K/6019K, paused 1ms+1ms
D/dalvikvm( 1142): GC_CONCURRENT freed 393K, 79% free 1312K/6019K, paused 1ms+1ms
D/MonitorCw880( 5694): counter=2 && isHeartbeatTimeout=true
D/dalvikvm( 1142): GC_CONCURRENT freed 398K, 79% free 1301K/6019K, paused 1ms+1ms
D/dalvikvm( 1142): GC_CONCURRENT freed 382K, 78% free 1325K/6019K, paused 1ms+1ms
D/dalvikvm( 1142): GC_CONCURRENT freed 395K, 79% free 1323K/6019K, paused 0ms+1ms
D/dalvikvm( 1142): GC_CONCURRENT freed 392K, 77% free 1429K/6019K, paused 1ms+0ms
D/dalvikvm( 1142): GC_CONCURRENT freed 513K, 79% free 1309K/6019K, paused 1ms+1ms
D/dalvikvm( 1142): GC_CONCURRENT freed 381K, 78% free 1343K/6019K, paused 1ms+1ms
D/dalvikvm( 1142): GC_CONCURRENT freed 415K, 77% free 1438K/6019K, paused 1ms+1ms
D/dalvikvm( 1142): GC_CONCURRENT freed 514K, 77% free 1420K/6019K, paused 1ms+1ms
D/MonitorCw880( 5694): counter=2 && isHeartbeatTimeout=true
D/dalvikvm( 1142): GC_CONCURRENT freed 505K, 79% free 1299K/6019K, paused 1ms+1ms
D/dalvikvm( 1142): GC_CONCURRENT freed 382K, 77% free 1409K/6019K, paused 1ms+1ms
D/dalvikvm( 1142): GC_CONCURRENT freed 477K, 79% free 1324K/6019K, paused 0ms+1ms
D/dalvikvm( 1142): GC_CONCURRENT freed 394K, 78% free 1324K/6019K, paused 1ms+1ms
D/dalvikvm( 1142): GC_CONCURRENT freed 393K, 78% free 1324K/6019K, paused 1ms+1ms
D/dalvikvm( 1142): GC_CONCURRENT freed 393K, 78% free 1324K/6019K, paused 1ms+1ms
D/dalvikvm( 1142): GC_CONCURRENT freed 392K, 78% free 1325K/6019K, paused 1ms+1ms
D/dalvikvm( 1142): GC_CONCURRENT freed 403K, 79% free 1312K/6019K, paused 1ms+1ms
D/dalvikvm( 1142): GC_CONCURRENT freed 396K, 77% free 1426K/6019K, paused 0ms+1ms
D/dalvikvm( 1142): GC_CONCURRENT freed 488K, 77% free 1408K/6019K, paused 1ms+1ms
D/MonitorCw880( 5694): counter=2 && isHeartbeatTimeout=true
D/dalvikvm( 1142): GC_CONCURRENT freed 475K, 78% free 1330K/6019K, paused 1ms+1ms
D/dalvikvm( 1142): GC_CONCURRENT freed 395K, 75% free 1507K/6019K, paused 1ms+1ms
D/HomePlayerLib( 1142): hostaddress count is 2
D/dalvikvm( 1142): GC_CONCURRENT freed 583K, 77% free 1412K/6019K, paused 1ms+1ms
D/dalvikvm( 1142): GC_CONCURRENT freed 493K, 77% free 1430K/6019K, paused 1ms+2ms
D/dalvikvm( 1142): GC_CONCURRENT freed 491K, 76% free 1450K/6019K, paused 1ms+1ms
D/dalvikvm( 1142): GC_CONCURRENT freed 506K, 78% free 1328K/6019K, paused 1ms+1ms
D/dalvikvm( 1142): GC_CONCURRENT freed 394K, 77% free 1434K/6019K, paused 1ms+1ms
D/dalvikvm( 1142): GC_CONCURRENT freed 513K, 77% free 1417K/6019K, paused 1ms+1ms
D/dalvikvm( 1142): GC_CONCURRENT freed 485K, 77% free 1401K/6019K, paused 0ms+1ms
D/dalvikvm( 1142): GC_CONCURRENT freed 444K, 76% free 1457K/6019K, paused 1ms+1ms
D/dalvikvm( 1142): GC_CONCURRENT freed 520K, 78% free 1376K/6019K, paused 1ms+1ms
D/dalvikvm( 1142): GC_CONCURRENT freed 446K, 77% free 1441K/6019K, paused 1ms+1ms
D/dalvikvm( 1142): GC_CONCURRENT freed 517K, 77% free 1429K/6019K, paused 1ms+1ms
D/dalvikvm( 1142): GC_CONCURRENT freed 487K, 78% free 1335K/6019K, paused 1ms+1ms
D/dalvikvm( 1142): GC_CONCURRENT freed 415K, 79% free 1314K/6019K, paused 0ms+1ms
D/dalvikvm( 1142): GC_CONCURRENT freed 409K, 77% free 1415K/6019K, paused 1ms+1ms
D/dalvikvm( 1142): GC_CONCURRENT freed 472K, 78% free 1327K/6019K, paused 0ms+1ms
D/dalvikvm( 1142): GC_CONCURRENT freed 391K, 76% free 1446K/6019K, paused 1ms+1ms
D/dalvikvm( 1142): GC_CONCURRENT freed 523K, 77% free 1432K/6019K, paused 1ms+1ms
D/dalvikvm( 1142): GC_CONCURRENT freed 502K, 77% free 1433K/6019K, paused 1ms+1ms
D/MonitorCw880( 5694): counter=2 && isHeartbeatTimeout=true
D/dalvikvm( 1142): GC_CONCURRENT freed 515K, 79% free 1301K/6019K, paused 0ms+1ms
D/dalvikvm( 1142): GC_CONCURRENT freed 381K, 78% free 1325K/6019K, paused 1ms+1ms
D/MonitorCw880( 5694): counter=2 && isHeartbeatTimeout=true
D/dalvikvm( 1142): GC_CONCURRENT freed 394K, 77% free 1430K/6019K, paused 1ms+1ms
D/dalvikvm( 1142): GC_CONCURRENT freed 513K, 77% free 1407K/6019K, paused 1ms+1ms
D/dalvikvm( 1142): GC_CONCURRENT freed 484K, 77% free 1396K/6019K, paused 1ms+1ms
D/dalvikvm( 1142): GC_CONCURRENT freed 477K, 79% free 1312K/6019K, paused 1ms+1ms
D/dalvikvm( 1142): GC_CONCURRENT freed 394K, 77% free 1426K/6019K, paused 1ms+1ms
D/dalvikvm( 1142): GC_CONCURRENT freed 487K, 78% free 1326K/6019K, paused 1ms+1ms
D/dalvikvm( 1142): GC_CONCURRENT freed 405K, 79% free 1313K/6019K, paused 0ms+1ms
D/dalvikvm( 1142): GC_CONCURRENT freed 396K, 79% free 1310K/6019K, paused 1ms+1ms
D/dalvikvm( 1142): GC_CONCURRENT freed 394K, 77% free 1419K/6019K, paused 1ms+1ms
D/dalvikvm( 1142): GC_CONCURRENT freed 487K, 77% free 1409K/6019K, paused 1ms+1ms
D/MonitorCw880( 5694): counter=2 && isHeartbeatTimeout=true
D/dalvikvm( 1142): GC_CONCURRENT freed 483K, 77% free 1422K/6019K, paused 0ms+1ms
D/dalvikvm( 1142): GC_CONCURRENT freed 491K, 77% free 1408K/6019K, paused 1ms+2ms
D/dalvikvm( 1142): GC_CONCURRENT freed 475K, 78% free 1325K/6019K, paused 1ms+1ms
D/dalvikvm( 1142): GC_CONCURRENT freed 394K, 78% free 1325K/6019K, paused 1ms+1ms
D/MonitorCw880( 5694): counter=2 && isHeartbeatTimeout=true
D/dalvikvm( 1142): GC_CONCURRENT freed 403K, 79% free 1321K/6019K, paused 1ms+1ms
D/dalvikvm( 1142): GC_CONCURRENT freed 395K, 79% free 1319K/6019K, paused 1ms+1ms
D/dalvikvm( 1142): GC_CONCURRENT freed 394K, 79% free 1320K/6019K, paused 1ms+1ms
D/MonitorCw880( 5694): counter=2 && isHeartbeatTimeout=true
D/dalvikvm( 1142): GC_CONCURRENT freed 393K, 79% free 1311K/6019K, paused 1ms+1ms
D/dalvikvm( 1142): GC_CONCURRENT freed 393K, 79% free 1320K/6019K, paused 1ms+1ms
D/dalvikvm( 1142): GC_CONCURRENT freed 393K, 79% free 1312K/6019K, paused 1ms+1ms
D/dalvikvm( 1142): GC_CONCURRENT freed 392K, 79% free 1320K/6019K, paused 0ms+1ms
D/dalvikvm( 1142): GC_CONCURRENT freed 404K, 78% free 1330K/6019K, paused 1ms+1ms
D/dalvikvm( 1142): GC_CONCURRENT freed 404K, 79% free 1321K/6019K, paused 1ms+1ms
D/dalvikvm( 1142): GC_CONCURRENT freed 396K, 79% free 1319K/6019K, paused 1ms+1ms
D/dalvikvm( 1142): GC_CONCURRENT freed 394K, 79% free 1320K/6019K, paused 1ms+1ms
D/dalvikvm( 1142): GC_CONCURRENT freed 404K, 78% free 1324K/6019K, paused 1ms+1ms
D/MonitorCw880( 5694): counter=2 && isHeartbeatTimeout=true
D/dalvikvm( 1142): GC_CONCURRENT freed 393K, 77% free 1430K/6019K, paused 1ms+1ms
D/dalvikvm( 1142): GC_CONCURRENT freed 521K, 78% free 1325K/6019K, paused 1ms+1ms
D/HomePlayerLib( 1142): hostaddress count is 2
D/dalvikvm( 1142): GC_CONCURRENT freed 406K, 79% free 1318K/6019K, paused 1ms+1ms
D/dalvikvm( 1142): GC_CONCURRENT freed 387K, 79% free 1324K/6019K, paused 1ms+1ms
D/dalvikvm( 1142): GC_CONCURRENT freed 479K, 78% free 1369K/6019K, paused 1ms+1ms
D/dalvikvm( 1142): GC_CONCURRENT freed 449K, 78% free 1325K/6019K, paused 0ms+1ms
D/dalvikvm( 1142): GC_CONCURRENT freed 393K, 77% free 1442K/6019K, paused 1ms+1ms
D/dalvikvm( 1142): GC_CONCURRENT freed 513K, 77% free 1438K/6019K, paused 1ms+1ms
D/dalvikvm( 1142): GC_CONCURRENT freed 498K, 76% free 1452K/6019K, paused 1ms+1ms
D/dalvikvm( 1142): GC_CONCURRENT freed 502K, 76% free 1465K/6019K, paused 1ms+1ms
D/dalvikvm( 1142): GC_CONCURRENT freed 540K, 78% free 1324K/6019K, paused 1ms+1ms
D/dalvikvm( 1142): GC_CONCURRENT freed 398K, 77% free 1437K/6019K, paused 1ms+1ms
D/dalvikvm( 1142): GC_CONCURRENT freed 495K, 78% free 1327K/6019K, paused 1ms+1ms
D/dalvikvm( 1142): GC_CONCURRENT freed 392K, 78% free 1329K/6019K, paused 1ms+1ms
D/dalvikvm( 1142): GC_CONCURRENT freed 393K, 78% free 1328K/6019K, paused 1ms+1ms
D/dalvikvm( 1142): GC_CONCURRENT freed 392K, 78% free 1328K/6019K, paused 1ms+1ms
D/dalvikvm( 1142): GC_CONCURRENT freed 402K, 76% free 1465K/6019K, paused 1ms+1ms
D/dalvikvm( 1142): GC_CONCURRENT freed 527K, 77% free 1435K/6019K, paused 1ms+1ms
D/dalvikvm( 1142): GC_CONCURRENT freed 519K, 79% free 1305K/6019K, paused 1ms+1ms
D/dalvikvm( 1142): GC_CONCURRENT freed 387K, 79% free 1308K/6019K, paused 1ms+1ms
D/dalvikvm( 1142): GC_CONCURRENT freed 383K, 78% free 1337K/6019K, paused 0ms+1ms
D/MonitorCw880( 5694): counter=2 && isHeartbeatTimeout=true
D/dalvikvm( 1142): GC_CONCURRENT freed 407K, 79% free 1324K/6019K, paused 1ms+1ms
D/dalvikvm( 1142): GC_CONCURRENT freed 392K, 79% free 1324K/6019K, paused 1ms+1ms
D/dalvikvm( 1142): GC_CONCURRENT freed 498K, 78% free 1324K/6019K, paused 0ms+1ms
D/dalvikvm( 1142): GC_CONCURRENT freed 407K, 79% free 1300K/6019K, paused 1ms+1ms
D/dalvikvm( 1142): GC_CONCURRENT freed 379K, 78% free 1325K/6019K, paused 1ms+1ms
D/dalvikvm( 1142): GC_CONCURRENT freed 394K, 78% free 1348K/6019K, paused 0ms+1ms
D/dalvikvm( 1142): GC_CONCURRENT freed 433K, 79% free 1299K/6019K, paused 1ms+1ms
D/MonitorCw880( 5694): counter=2 && isHeartbeatTimeout=true
D/dalvikvm( 1142): GC_CONCURRENT freed 381K, 76% free 1465K/6019K, paused 0ms+1ms
D/dalvikvm( 1142): GC_CONCURRENT freed 538K, 79% free 1313K/6019K, paused 1ms+1ms
D/dalvikvm( 1142): GC_CONCURRENT freed 397K, 79% free 1302K/6019K, paused 1ms+1ms
D/dalvikvm( 1142): GC_CONCURRENT freed 364K, 76% free 1449K/6019K, paused 1ms+1ms
D/dalvikvm( 1142): GC_CONCURRENT freed 513K, 78% free 1325K/6019K, paused 1ms+1ms
D/dalvikvm( 1142): GC_CONCURRENT freed 394K, 78% free 1370K/6019K, paused 1ms+1ms
D/dalvikvm( 1142): GC_CONCURRENT freed 442K, 77% free 1429K/6019K, paused 0ms+1ms
D/dalvikvm( 1142): GC_CONCURRENT freed 512K, 79% free 1308K/6019K, paused 1ms+1ms
D/dalvikvm( 1142): GC_CONCURRENT freed 393K, 79% free 1299K/6019K, paused 0ms+1ms
D/dalvikvm( 1142): GC_CONCURRENT freed 380K, 78% free 1383K/6019K, paused 1ms+1ms
D/dalvikvm( 1142): GC_CONCURRENT freed 456K, 79% free 1312K/6019K, paused 1ms+1ms
D/dalvikvm( 1142): GC_CONCURRENT freed 396K, 77% free 1426K/6019K, paused 1ms+1ms
D/MonitorCw880( 5694): counter=2 && isHeartbeatTimeout=true
D/dalvikvm( 1142): GC_CONCURRENT freed 487K, 78% free 1324K/6019K, paused 0ms+1ms
D/dalvikvm( 1142): GC_CONCURRENT freed 393K, 79% free 1324K/6019K, paused 1ms+1ms
D/dalvikvm( 1142): GC_CONCURRENT freed 392K, 79% free 1324K/6019K, paused 1ms+1ms
D/dalvikvm( 1142): GC_CONCURRENT freed 393K, 78% free 1329K/6019K, paused 1ms+0ms
D/dalvikvm( 1142): GC_CONCURRENT freed 404K, 77% free 1437K/6019K, paused 1ms+1ms
D/dalvikvm( 1142): GC_CONCURRENT freed 518K, 79% free 1313K/6019K, paused 1ms+1ms
D/MonitorCw880( 5694): counter=2 && isHeartbeatTimeout=true
D/dalvikvm( 1142): GC_CONCURRENT freed 393K, 79% free 1311K/6019K, paused 1ms+1ms
D/dalvikvm( 1142): GC_CONCURRENT freed 392K, 79% free 1312K/6019K, paused 1ms+1ms
D/dalvikvm( 1142): GC_CONCURRENT freed 393K, 79% free 1312K/6019K, paused 1ms+1ms
D/dalvikvm( 1142): GC_CONCURRENT freed 399K, 79% free 1303K/6019K, paused 1ms+1ms
D/dalvikvm( 1142): GC_CONCURRENT freed 384K, 78% free 1325K/6019K, paused 1ms+1ms
D/MonitorCw880( 5694): counter=2 && isHeartbeatTimeout=true
D/dalvikvm( 1142): GC_CONCURRENT freed 394K, 79% free 1324K/6019K, paused 1ms+1ms
D/dalvikvm( 1142): GC_CONCURRENT freed 393K, 78% free 1379K/6019K, paused 1ms+1ms
D/dalvikvm( 1142): GC_CONCURRENT freed 461K, 79% free 1321K/6019K, paused 1ms+1ms
D/dalvikvm( 1142): GC_CONCURRENT freed 394K, 79% free 1312K/6019K, paused 1ms+1ms
D/dalvikvm( 1142): GC_CONCURRENT freed 393K, 79% free 1312K/6019K, paused 1ms+1ms
D/dalvikvm( 1142): GC_CONCURRENT freed 399K, 79% free 1300K/6019K, paused 1ms+1ms
D/dalvikvm( 1142): GC_CONCURRENT freed 382K, 78% free 1369K/6019K, paused 1ms+1ms
D/dalvikvm( 1142): GC_CONCURRENT freed 437K, 78% free 1324K/6019K, paused 1ms+1ms
D/dalvikvm( 1142): GC_CONCURRENT freed 404K, 79% free 1310K/6019K, paused 1ms+1ms
D/HomePlayerLib( 1142): hostaddress count is 2
D/dalvikvm( 1142): GC_CONCURRENT freed 366K, 78% free 1338K/6019K, paused 1ms+2ms
D/dalvikvm( 1142): GC_CONCURRENT freed 414K, 79% free 1322K/6019K, paused 1ms+1ms
D/dalvikvm( 1142): GC_CONCURRENT freed 409K, 79% free 1309K/6019K, paused 0ms+1ms
D/dalvikvm( 1142): GC_CONCURRENT freed 378K, 78% free 1327K/6019K, paused 1ms+1ms
D/dalvikvm( 1142): GC_CONCURRENT freed 360K, 78% free 1359K/6019K, paused 1ms+2ms
D/dalvikvm( 1142): GC_CONCURRENT freed 439K, 77% free 1431K/6019K, paused 1ms+2ms
D/dalvikvm( 1142): GC_CONCURRENT freed 467K, 78% free 1354K/6019K, paused 1ms+1ms
D/dalvikvm( 1142): GC_CONCURRENT freed 424K, 78% free 1329K/6019K, paused 1ms+1ms
D/MonitorCw880( 5694): counter=2 && isHeartbeatTimeout=true
D/dalvikvm( 1142): GC_CONCURRENT freed 402K, 79% free 1316K/6019K, paused 0ms+1ms
D/dalvikvm( 1142): GC_CONCURRENT freed 394K, 79% free 1307K/6019K, paused 1ms+1ms
D/dalvikvm( 1142): GC_CONCURRENT freed 391K, 79% free 1312K/6019K, paused 1ms+1ms
D/dalvikvm( 1142): GC_CONCURRENT freed 372K, 78% free 1327K/6019K, paused 1ms+1ms
D/dalvikvm( 1142): GC_CONCURRENT freed 401K, 78% free 1382K/6019K, paused 0ms+1ms
D/dalvikvm( 1142): GC_CONCURRENT freed 459K, 77% free 1388K/6019K, paused 1ms+1ms
D/dalvikvm( 1142): GC_CONCURRENT freed 457K, 77% free 1440K/6019K, paused 1ms+1ms
D/dalvikvm( 1142): GC_CONCURRENT freed 515K, 77% free 1424K/6019K, paused 1ms+1ms
D/dalvikvm( 1142): GC_CONCURRENT freed 487K, 78% free 1335K/6019K, paused 1ms+1ms
D/dalvikvm( 1142): GC_CONCURRENT freed 404K, 77% free 1427K/6019K, paused 1ms+1ms
D/dalvikvm( 1142): GC_CONCURRENT freed 501K, 79% free 1309K/6019K, paused 1ms+1ms
D/dalvikvm( 1142): GC_CONCURRENT freed 383K, 79% free 1311K/6019K, paused 1ms+1ms
D/dalvikvm( 1142): GC_CONCURRENT freed 393K, 79% free 1311K/6019K, paused 1ms+1ms
D/MonitorCw880( 5694): counter=2 && isHeartbeatTimeout=true
D/dalvikvm( 1142): GC_CONCURRENT freed 391K, 78% free 1383K/6019K, paused 1ms+1ms
D/dalvikvm( 1142): GC_CONCURRENT freed 456K, 77% free 1438K/6019K, paused 1ms+1ms
D/dalvikvm( 1142): GC_CONCURRENT freed 518K, 77% free 1394K/6019K, paused 1ms+1ms
D/dalvikvm( 1142): GC_CONCURRENT freed 475K, 78% free 1344K/6019K, paused 0ms+1ms
D/dalvikvm( 1142): GC_CONCURRENT freed 417K, 77% free 1438K/6019K, paused 1ms+1ms
D/dalvikvm( 1142): GC_CONCURRENT freed 517K, 79% free 1312K/6019K, paused 1ms+1ms
D/dalvikvm( 1142): GC_CONCURRENT freed 394K, 77% free 1424K/6019K, paused 1ms+1ms
D/dalvikvm( 1142): GC_CONCURRENT freed 498K, 77% free 1438K/6019K, paused 1ms+1ms
D/dalvikvm( 1142): GC_CONCURRENT freed 518K, 79% free 1312K/6019K, paused 1ms+1ms
D/dalvikvm( 1142): GC_CONCURRENT freed 393K, 77% free 1424K/6019K, paused 1ms+1ms
D/MonitorCw880( 5694): counter=2 && isHeartbeatTimeout=true
D/dalvikvm( 1142): GC_CONCURRENT freed 496K, 77% free 1438K/6019K, paused 1ms+2ms
D/dalvikvm( 1142): GC_CONCURRENT freed 517K, 77% free 1427K/6019K, paused 1ms+1ms
D/dalvikvm( 1142): GC_CONCURRENT freed 487K, 78% free 1325K/6019K, paused 1ms+1ms
D/dalvikvm( 1142): GC_CONCURRENT freed 405K, 77% free 1422K/6019K, paused 1ms+1ms
D/dalvikvm( 1142): GC_CONCURRENT freed 491K, 78% free 1325K/6019K, paused 1ms+1ms
D/dalvikvm( 1142): GC_CONCURRENT freed 394K, 78% free 1324K/6019K, paused 2ms+1ms
D/dalvikvm( 1142): GC_CONCURRENT freed 393K, 78% free 1324K/6019K, paused 1ms+1ms
D/dalvikvm( 1142): GC_CONCURRENT freed 393K, 78% free 1324K/6019K, paused 1ms+1ms
D/dalvikvm( 1142): GC_CONCURRENT freed 392K, 78% free 1325K/6019K, paused 1ms+1ms
D/dalvikvm( 1142): GC_CONCURRENT freed 403K, 79% free 1321K/6019K, paused 1ms+1ms
D/dalvikvm( 1142): GC_CONCURRENT freed 396K, 79% free 1319K/6019K, paused 1ms+1ms
D/dalvikvm( 1142): GC_CONCURRENT freed 394K, 79% free 1320K/6019K, paused 1ms+1ms
D/dalvikvm( 1142): GC_CONCURRENT freed 394K, 79% free 1320K/6019K, paused 1ms+1ms
D/MonitorCw880( 5694): counter=2 && isHeartbeatTimeout=true
D/dalvikvm( 1142): GC_CONCURRENT freed 394K, 79% free 1320K/6019K, paused 1ms+1ms
D/dalvikvm( 1142): GC_CONCURRENT freed 404K, 78% free 1324K/6019K, paused 1ms+2ms
D/dalvikvm( 1142): GC_CONCURRENT freed 392K, 78% free 1324K/6019K, paused 1ms+1ms
D/dalvikvm( 1142): GC_CONCURRENT freed 393K, 78% free 1329K/6019K, paused 1ms+1ms
D/MonitorCw880( 5694): counter=2 && isHeartbeatTimeout=true
D/dalvikvm( 1142): GC_CONCURRENT freed 404K, 79% free 1321K/6019K, paused 1ms+1ms
D/dalvikvm( 1142): GC_CONCURRENT freed 396K, 79% free 1310K/6019K, paused 1ms+1ms
D/dalvikvm( 1142): GC_CONCURRENT freed 392K, 79% free 1311K/6019K, paused 1ms+2ms
D/dalvikvm( 1142): GC_CONCURRENT freed 392K, 79% free 1320K/6019K, paused 1ms+1ms
D/dalvikvm( 1142): GC_CONCURRENT freed 393K, 79% free 1311K/6019K, paused 1ms+1ms
D/MonitorCw880( 5694): counter=2 && isHeartbeatTimeout=true
D/dalvikvm( 1142): GC_CONCURRENT freed 393K, 79% free 1320K/6019K, paused 1ms+1ms
D/dalvikvm( 1142): GC_CONCURRENT freed 393K, 79% free 1320K/6019K, paused 1ms+1ms
D/dalvikvm( 1142): GC_CONCURRENT freed 393K, 79% free 1311K/6019K, paused 1ms+1ms
D/dalvikvm( 1142): GC_CONCURRENT freed 398K, 79% free 1298K/6019K, paused 1ms+1ms
D/dalvikvm( 1142): GC_CONCURRENT freed 382K, 77% free 1424K/6019K, paused 1ms+1ms
D/dalvikvm( 1142): GC_CONCURRENT freed 504K, 79% free 1312K/6019K, paused 1ms+1ms
D/HomePlayerLib( 1142): hostaddress count is 2
D/dalvikvm( 1142): GC_CONCURRENT freed 390K, 77% free 1424K/6019K, paused 0ms+1ms
D/dalvikvm( 1142): GC_CONCURRENT freed 487K, 76% free 1448K/6019K, paused 0ms+1ms
D/dalvikvm( 1142): GC_CONCURRENT freed 531K, 77% free 1428K/6019K, paused 1ms+1ms
D/dalvikvm( 1142): GC_CONCURRENT freed 495K, 77% free 1433K/6019K, paused 0ms+1ms
D/dalvikvm( 1142): GC_CONCURRENT freed 501K, 77% free 1441K/6019K, paused 1ms+1ms
D/dalvikvm( 1142): GC_CONCURRENT freed 503K, 77% free 1443K/6019K, paused 1ms+1ms
D/dalvikvm( 1142): GC_CONCURRENT freed 523K, 77% free 1426K/6019K, paused 1ms+1ms
D/dalvikvm( 1142): GC_CONCURRENT freed 499K, 78% free 1348K/6019K, paused 1ms+1ms
D/dalvikvm( 1142): GC_CONCURRENT freed 418K, 77% free 1442K/6019K, paused 1ms+1ms
D/dalvikvm( 1142): GC_CONCURRENT freed 535K, 77% free 1416K/6019K, paused 1ms+1ms
D/MonitorCw880( 5694): counter=2 && isHeartbeatTimeout=true
D/dalvikvm( 1142): GC_CONCURRENT freed 487K, 79% free 1315K/6019K, paused 1ms+1ms
D/dalvikvm( 1142): GC_CONCURRENT freed 492K, 78% free 1332K/6019K, paused 1ms+1ms
D/dalvikvm( 1142): GC_CONCURRENT freed 393K, 76% free 1450K/6019K, paused 1ms+1ms
D/dalvikvm( 1142): GC_CONCURRENT freed 514K, 78% free 1328K/6019K, paused 1ms+1ms
D/dalvikvm( 1142): GC_CONCURRENT freed 404K, 78% free 1383K/6019K, paused 1ms+1ms
D/dalvikvm( 1142): GC_CONCURRENT freed 448K, 77% free 1434K/6019K, paused 1ms+1ms
D/dalvikvm( 1142): GC_CONCURRENT freed 502K, 77% free 1388K/6019K, paused 1ms+1ms
D/dalvikvm( 1142): GC_CONCURRENT freed 437K, 76% free 1463K/6019K, paused 1ms+1ms
D/dalvikvm( 1142): GC_CONCURRENT freed 533K, 78% free 1384K/6019K, paused 0ms+1ms
D/dalvikvm( 1142): GC_CONCURRENT freed 460K, 78% free 1372K/6019K, paused 1ms+1ms
D/dalvikvm( 1142): GC_CONCURRENT freed 446K, 77% free 1438K/6019K, paused 1ms+1ms
D/dalvikvm( 1142): GC_CONCURRENT freed 517K, 79% free 1313K/6019K, paused 1ms+1ms
D/dalvikvm( 1142): GC_CONCURRENT freed 395K, 79% free 1303K/6019K, paused 1ms+1ms
D/dalvikvm( 1142): GC_CONCURRENT freed 365K, 77% free 1406K/6019K, paused 1ms+1ms
D/dalvikvm( 1142): GC_CONCURRENT freed 484K, 77% free 1424K/6019K, paused 1ms+1ms
D/dalvikvm( 1142): GC_CONCURRENT freed 501K, 77% free 1434K/6019K, paused 1ms+1ms
D/dalvikvm( 1142): GC_CONCURRENT freed 518K, 79% free 1314K/6019K, paused 1ms+1ms
D/dalvikvm( 1142): GC_CONCURRENT freed 382K, 77% free 1432K/6019K, paused 1ms+1ms
D/dalvikvm( 1142): GC_CONCURRENT freed 504K, 78% free 1380K/6019K, paused 1ms+1ms
D/dalvikvm( 1142): GC_CONCURRENT freed 447K, 78% free 1325K/6019K, paused 1ms+1ms
D/MonitorCw880( 5694): counter=2 && isHeartbeatTimeout=true
D/dalvikvm( 1142): GC_CONCURRENT freed 394K, 78% free 1325K/6019K, paused 0ms+1ms
D/dalvikvm( 1142): GC_CONCURRENT freed 403K, 79% free 1312K/6019K, paused 1ms+1ms
D/dalvikvm( 1142): GC_CONCURRENT freed 395K, 79% free 1310K/6019K, paused 0ms+1ms
D/dalvikvm( 1142): GC_CONCURRENT freed 393K, 77% free 1425K/6019K, paused 0ms+1ms
D/dalvikvm( 1142): GC_CONCURRENT freed 487K, 77% free 1412K/6019K, paused 1ms+1ms
D/dalvikvm( 1142): GC_CONCURRENT freed 486K, 77% free 1437K/6019K, paused 1ms+1ms
D/dalvikvm( 1142): GC_CONCURRENT freed 517K, 77% free 1427K/6019K, paused 1ms+1ms
D/dalvikvm( 1142): GC_CONCURRENT freed 487K, 78% free 1330K/6019K, paused 1ms+1ms
D/dalvikvm( 1142): GC_CONCURRENT freed 405K, 79% free 1312K/6019K, paused 0ms+1ms
D/dalvikvm( 1142): GC_CONCURRENT freed 396K, 77% free 1426K/6019K, paused 0ms+1ms
D/dalvikvm( 1142): GC_CONCURRENT freed 488K, 77% free 1408K/6019K, paused 1ms+1ms
D/MonitorCw880( 5694): counter=2 && isHeartbeatTimeout=true
D/MonitorCw880( 5694): counter=2 && isHeartbeatTimeout=true
D/dalvikvm( 1142): GC_CONCURRENT freed 473K, 78% free 1330K/6019K, paused 1ms+0ms
D/dalvikvm( 1142): GC_CONCURRENT freed 403K, 77% free 1437K/6019K, paused 1ms+1ms
D/dalvikvm( 1142): GC_CONCURRENT freed 517K, 79% free 1304K/6019K, paused 1ms+1ms
D/dalvikvm( 1142): GC_CONCURRENT freed 367K, 76% free 1446K/6019K, paused 1ms+1ms
D/MonitorCw880( 5694): counter=2 && isHeartbeatTimeout=true
D/dalvikvm( 1142): GC_CONCURRENT freed 523K, 79% free 1313K/6019K, paused 1ms+1ms
D/dalvikvm( 1142): GC_CONCURRENT freed 395K, 79% free 1311K/6019K, paused 0ms+1ms
D/dalvikvm( 1142): GC_CONCURRENT freed 394K, 79% free 1311K/6019K, paused 0ms+1ms
D/MonitorCw880( 5694): counter=2 && isHeartbeatTimeout=true
D/dalvikvm( 1142): GC_CONCURRENT freed 393K, 77% free 1425K/6019K, paused 1ms+1ms
D/dalvikvm( 1142): GC_CONCURRENT freed 487K, 78% free 1371K/6019K, paused 1ms+1ms
D/dalvikvm( 1142): GC_CONCURRENT freed 444K, 77% free 1438K/6019K, paused 1ms+1ms
D/dalvikvm( 1142): GC_CONCURRENT freed 517K, 79% free 1312K/6019K, paused 1ms+1ms
D/dalvikvm( 1142): GC_CONCURRENT freed 390K, 79% free 1321K/6019K, paused 1ms+1ms
D/HomePlayerLib( 1142): hostaddress count is 2
D/dalvikvm( 1142): GC_CONCURRENT freed 401K, 77% free 1431K/6019K, paused 1ms+0ms
D/dalvikvm( 1142): GC_CONCURRENT freed 508K, 77% free 1434K/6019K, paused 1ms+1ms
D/dalvikvm( 1142): GC_CONCURRENT freed 511K, 78% free 1370K/6019K, paused 1ms+1ms
D/dalvikvm( 1142): GC_CONCURRENT freed 442K, 78% free 1370K/6019K, paused 1ms+1ms
D/dalvikvm( 1142): GC_CONCURRENT freed 394K, 76% free 1473K/6019K, paused 1ms+1ms
D/dalvikvm( 1142): GC_CONCURRENT freed 570K, 79% free 1314K/6019K, paused 1ms+2ms
D/dalvikvm( 1142): GC_CONCURRENT freed 382K, 78% free 1332K/6019K, paused 1ms+1ms
D/dalvikvm( 1142): GC_CONCURRENT freed 439K, 78% free 1351K/6019K, paused 1ms+1ms
D/dalvikvm( 1142): GC_FOR_ALLOC freed 530K, 78% free 1327K/6019K, paused 11ms
D/dalvikvm( 1142): GC_CONCURRENT freed 9K, 72% free 1697K/6019K, paused 1ms+1ms
D/dalvikvm( 1142): GC_CONCURRENT freed 761K, 77% free 1402K/6019K, paused 1ms+1ms
D/dalvikvm( 1142): GC_CONCURRENT freed 472K, 79% free 1315K/6019K, paused 1ms+1ms
D/dalvikvm( 1142): GC_CONCURRENT freed 394K, 77% free 1424K/6019K, paused 1ms+1ms
D/dalvikvm( 1142): GC_CONCURRENT freed 486K, 78% free 1328K/6019K, paused 1ms+1ms
D/dalvikvm( 1142): GC_CONCURRENT freed 392K, 78% free 1329K/6019K, paused 1ms+1ms
D/dalvikvm( 1142): GC_CONCURRENT freed 408K, 78% free 1377K/6019K, paused 0ms+1ms
D/MonitorCw880( 5694): counter=2 && isHeartbeatTimeout=true
D/dalvikvm( 1142): GC_CONCURRENT freed 442K, 78% free 1328K/6019K, paused 1ms+1ms
D/dalvikvm( 1142): GC_CONCURRENT freed 393K, 78% free 1328K/6019K, paused 0ms+1ms
D/dalvikvm( 1142): GC_CONCURRENT freed 406K, 77% free 1439K/6019K, paused 1ms+1ms
D/dalvikvm( 1142): GC_CONCURRENT freed 515K, 78% free 1331K/6019K, paused 1ms+1ms
D/dalvikvm( 1142): GC_CONCURRENT freed 405K, 77% free 1422K/6019K, paused 0ms+1ms
D/dalvikvm( 1142): GC_CONCURRENT freed 491K, 78% free 1376K/6019K, paused 1ms+1ms
D/dalvikvm( 1142): GC_CONCURRENT freed 460K, 77% free 1386K/6019K, paused 1ms+1ms
D/dalvikvm( 1142): GC_CONCURRENT freed 460K, 77% free 1397K/6019K, paused 1ms+1ms
D/dalvikvm( 1142): GC_CONCURRENT freed 458K, 78% free 1327K/6019K, paused 1ms+1ms
D/MonitorCw880( 5694): counter=2 && isHeartbeatTimeout=true
D/dalvikvm( 1142): GC_CONCURRENT freed 412K, 79% free 1312K/6019K, paused 0ms+1ms
D/dalvikvm( 1142): GC_CONCURRENT freed 393K, 78% free 1352K/6019K, paused 1ms+1ms
D/dalvikvm( 1142): GC_CONCURRENT freed 433K, 78% free 1343K/6019K, paused 1ms+1ms
D/dalvikvm( 1142): GC_CONCURRENT freed 418K, 78% free 1383K/6019K, paused 1ms+1ms
D/dalvikvm( 1142): GC_CONCURRENT freed 491K, 77% free 1390K/6019K, paused 1ms+1ms
D/dalvikvm( 1142): GC_CONCURRENT freed 473K, 78% free 1371K/6019K, paused 1ms+1ms
D/dalvikvm( 1142): GC_CONCURRENT freed 444K, 77% free 1421K/6019K, paused 1ms+1ms
D/dalvikvm( 1142): GC_CONCURRENT freed 491K, 78% free 1324K/6019K, paused 1ms+1ms
D/dalvikvm( 1142): GC_CONCURRENT freed 394K, 77% free 1430K/6019K, paused 1ms+1ms
D/MonitorCw880( 5694): counter=2 && isHeartbeatTimeout=true
D/dalvikvm( 1142): GC_CONCURRENT freed 513K, 79% free 1308K/6019K, paused 1ms+1ms
D/dalvikvm( 1142): GC_CONCURRENT freed 377K, 77% free 1407K/6019K, paused 0ms+1ms
D/dalvikvm( 1142): GC_CONCURRENT freed 476K, 77% free 1421K/6019K, paused 0ms+1ms
D/dalvikvm( 1142): GC_CONCURRENT freed 502K, 79% free 1313K/6019K, paused 1ms+1ms
D/dalvikvm( 1142): GC_CONCURRENT freed 397K, 79% free 1299K/6019K, paused 1ms+1ms
D/MonitorCw880( 5694): counter=2 && isHeartbeatTimeout=true
D/dalvikvm( 1142): GC_CONCURRENT freed 373K, 79% free 1312K/6019K, paused 1ms+1ms
D/MonitorCw880( 5694): counter=2 && isHeartbeatTimeout=true
D/dalvikvm( 1142): GC_CONCURRENT freed 394K, 79% free 1310K/6019K, paused 0ms+1ms
D/dalvikvm( 1142): GC_CONCURRENT freed 394K, 76% free 1460K/6019K, paused 1ms+1ms
D/dalvikvm( 1142): GC_CONCURRENT freed 527K, 78% free 1325K/6019K, paused 1ms+1ms
D/dalvikvm( 1142): GC_CONCURRENT freed 392K, 78% free 1325K/6019K, paused 1ms+1ms
D/dalvikvm( 1142): GC_CONCURRENT freed 402K, 79% free 1312K/6019K, paused 1ms+1ms
D/dalvikvm( 1142): GC_CONCURRENT freed 394K, 77% free 1426K/6019K, paused 1ms+1ms
D/dalvikvm( 1142): GC_CONCURRENT freed 487K, 78% free 1324K/6019K, paused 1ms+1ms
D/dalvikvm( 1142): GC_CONCURRENT freed 393K, 79% free 1323K/6019K, paused 0ms+1ms
D/dalvikvm( 1142): GC_CONCURRENT freed 404K, 79% free 1319K/6019K, paused 1ms+2ms
D/dalvikvm( 1142): GC_CONCURRENT freed 402K, 79% free 1301K/6019K, paused 1ms+1ms
D/dalvikvm( 1142): GC_CONCURRENT freed 377K, 78% free 1366K/6019K, paused 1ms+1ms
D/dalvikvm( 1142): GC_CONCURRENT freed 435K, 78% free 1324K/6019K, paused 1ms+1ms
D/MonitorCw880( 5694): counter=2 && isHeartbeatTimeout=true
D/dalvikvm( 1142): GC_CONCURRENT freed 394K, 79% free 1323K/6019K, paused 1ms+1ms
D/dalvikvm( 1142): GC_CONCURRENT freed 385K, 78% free 1325K/6019K, paused 1ms+1ms
D/HomePlayerLib( 1142): hostaddress count is 2
D/dalvikvm( 1142): GC_CONCURRENT freed 399K, 78% free 1333K/6019K, paused 1ms+1ms
D/dalvikvm( 1142): GC_CONCURRENT freed 401K, 77% free 1435K/6019K, paused 1ms+1ms
D/dalvikvm( 1142): GC_CONCURRENT freed 504K, 79% free 1323K/6019K, paused 1ms+1ms
D/dalvikvm( 1142): GC_CONCURRENT freed 398K, 79% free 1317K/6019K, paused 0ms+1ms
D/dalvikvm( 1142): GC_CONCURRENT freed 398K, 78% free 1328K/6019K, paused 1ms+1ms
D/dalvikvm( 1142): GC_CONCURRENT freed 392K, 78% free 1329K/6019K, paused 2ms+1ms
D/dalvikvm( 1142): GC_CONCURRENT freed 382K, 76% free 1455K/6019K, paused 1ms+1ms
D/dalvikvm( 1142): GC_CONCURRENT freed 534K, 77% free 1395K/6019K, paused 1ms+1ms
D/dalvikvm( 1142): GC_CONCURRENT freed 473K, 78% free 1326K/6019K, paused 1ms+1ms
D/dalvikvm( 1142): GC_CONCURRENT freed 394K, 79% free 1317K/6019K, paused 1ms+1ms
D/dalvikvm( 1142): GC_CONCURRENT freed 400K, 79% free 1317K/6019K, paused 1ms+1ms
D/dalvikvm( 1142): GC_CONCURRENT freed 383K, 77% free 1434K/6019K, paused 1ms+1ms
D/dalvikvm( 1142): GC_CONCURRENT freed 508K, 77% free 1437K/6019K, paused 1ms+1ms
D/dalvikvm( 1142): GC_CONCURRENT freed 514K, 79% free 1315K/6019K, paused 1ms+1ms
D/dalvikvm( 1142): GC_CONCURRENT freed 408K, 77% free 1418K/6019K, paused 1ms+1ms
D/dalvikvm( 1142): GC_CONCURRENT freed 494K, 77% free 1398K/6019K, paused 0ms+1ms
D/dalvikvm( 1142): GC_CONCURRENT freed 438K, 74% free 1583K/6019K, paused 1ms+1ms
D/dalvikvm( 1142): GC_CONCURRENT freed 641K, 78% free 1327K/6019K, paused 1ms+1ms
D/dalvikvm( 1142): GC_CONCURRENT freed 396K, 77% free 1411K/6019K, paused 0ms+1ms
D/dalvikvm( 1142): GC_CONCURRENT freed 482K, 77% free 1438K/6019K, paused 1ms+1ms
D/dalvikvm( 1142): GC_CONCURRENT freed 517K, 79% free 1321K/6019K, paused 1ms+1ms
D/dalvikvm( 1142): GC_CONCURRENT freed 394K, 77% free 1424K/6019K, paused 1ms+1ms
D/dalvikvm( 1142): GC_CONCURRENT freed 592K, 78% free 1343K/6019K, paused 0ms+1ms
D/dalvikvm( 1142): GC_CONCURRENT freed 425K, 78% free 1377K/6019K, paused 1ms+1ms
D/dalvikvm( 1142): GC_CONCURRENT freed 447K, 78% free 1325K/6019K, paused 1ms+1ms
D/dalvikvm( 1142): GC_CONCURRENT freed 394K, 78% free 1325K/6019K, paused 1ms+1ms
D/MonitorCw880( 5694): counter=2 && isHeartbeatTimeout=true
D/dalvikvm( 1142): GC_CONCURRENT freed 404K, 79% free 1312K/6019K, paused 1ms+2ms
D/dalvikvm( 1142): GC_CONCURRENT freed 395K, 79% free 1319K/6019K, paused 1ms+1ms
D/dalvikvm( 1142): GC_CONCURRENT freed 393K, 79% free 1320K/6019K, paused 1ms+1ms
D/dalvikvm( 1142): GC_CONCURRENT freed 393K, 79% free 1320K/6019K, paused 1ms+1ms
D/dalvikvm( 1142): GC_CONCURRENT freed 393K, 79% free 1312K/6019K, paused 1ms+1ms
D/MonitorCw880( 5694): counter=2 && isHeartbeatTimeout=true
D/dalvikvm( 1142): GC_CONCURRENT freed 393K, 79% free 1320K/6019K, paused 1ms+1ms
D/dalvikvm( 1142): GC_CONCURRENT freed 393K, 79% free 1320K/6019K, paused 1ms+1ms
D/dalvikvm( 1142): GC_CONCURRENT freed 404K, 78% free 1325K/6019K, paused 1ms+1ms
D/dalvikvm( 1142): GC_CONCURRENT freed 403K, 79% free 1321K/6019K, paused 1ms+1ms
D/dalvikvm( 1142): GC_CONCURRENT freed 396K, 79% free 1311K/6019K, paused 1ms+1ms
D/dalvikvm( 1142): GC_CONCURRENT freed 394K, 79% free 1320K/6019K, paused 1ms+1ms
D/dalvikvm( 1142): GC_CONCURRENT freed 394K, 79% free 1320K/6019K, paused 1ms+2ms
D/MonitorCw880( 5694): counter=2 && isHeartbeatTimeout=true
D/dalvikvm( 1142): GC_CONCURRENT freed 405K, 78% free 1324K/6019K, paused 1ms+1ms
D/dalvikvm( 1142): GC_CONCURRENT freed 392K, 78% free 1324K/6019K, paused 1ms+1ms
D/dalvikvm( 1142): GC_CONCURRENT freed 393K, 78% free 1324K/6019K, paused 1ms+2ms
D/dalvikvm( 1142): GC_CONCURRENT freed 393K, 78% free 1325K/6019K, paused 0ms+1ms
D/dalvikvm( 1142): GC_CONCURRENT freed 404K, 79% free 1321K/6019K, paused 1ms+2ms
D/MonitorCw880( 5694): counter=2 && isHeartbeatTimeout=true
D/MonitorCw880( 5694): counter=2 && isHeartbeatTimeout=true
D/dalvikvm( 1142): GC_CONCURRENT freed 407K, 79% free 1299K/6019K, paused 1ms+1ms
D/dalvikvm( 1142): GC_CONCURRENT freed 380K, 79% free 1311K/6019K, paused 1ms+1ms
D/dalvikvm( 1142): GC_CONCURRENT freed 393K, 79% free 1312K/6019K, paused 1ms+1ms
D/dalvikvm( 1142): GC_CONCURRENT freed 394K, 79% free 1320K/6019K, paused 1ms+1ms
D/dalvikvm( 1142): GC_CONCURRENT freed 393K, 79% free 1320K/6019K, paused 1ms+2ms
D/dalvikvm( 1142): GC_CONCURRENT freed 393K, 77% free 1444K/6019K, paused 1ms+1ms
D/HomePlayerLib( 1142): hostaddress count is 2
D/dalvikvm( 1142): GC_CONCURRENT freed 518K, 77% free 1428K/6019K, paused 1ms+1ms
D/dalvikvm( 1142): GC_CONCURRENT freed 496K, 78% free 1372K/6019K, paused 1ms+1ms
D/dalvikvm( 1142): GC_CONCURRENT freed 447K, 78% free 1359K/6019K, paused 1ms+1ms
D/dalvikvm( 1142): GC_CONCURRENT freed 437K, 78% free 1332K/6019K, paused 1ms+1ms
D/dalvikvm( 1142): GC_CONCURRENT freed 394K, 77% free 1434K/6019K, paused 0ms+1ms
D/dalvikvm( 1142): GC_CONCURRENT freed 513K, 79% free 1305K/6019K, paused 1ms+1ms
D/dalvikvm( 1142): GC_CONCURRENT freed 390K, 79% free 1318K/6019K, paused 0ms+1ms
D/dalvikvm( 1142): GC_CONCURRENT freed 337K, 73% free 1674K/6019K, paused 1ms+1ms
D/MonitorCw880( 5694): counter=2 && isHeartbeatTimeout=true
D/dalvikvm( 1142): GC_CONCURRENT freed 739K, 77% free 1428K/6019K, paused 1ms+2ms
D/dalvikvm( 1142): GC_CONCURRENT freed 502K, 78% free 1359K/6019K, paused 1ms+2ms
D/dalvikvm( 1142): GC_CONCURRENT freed 460K, 78% free 1345K/6019K, paused 1ms+1ms
D/dalvikvm( 1142): GC_CONCURRENT freed 427K, 79% free 1302K/6019K, paused 1ms+1ms
D/dalvikvm( 1142): GC_CONCURRENT freed 355K, 78% free 1357K/6019K, paused 1ms+1ms
D/dalvikvm( 1142): GC_CONCURRENT freed 425K, 78% free 1327K/6019K, paused 0ms+1ms
D/dalvikvm( 1142): GC_CONCURRENT freed 404K, 78% free 1335K/6019K, paused 1ms+1ms
D/dalvikvm( 1142): GC_CONCURRENT freed 379K, 78% free 1340K/6019K, paused 0ms+1ms
D/dalvikvm( 1142): GC_CONCURRENT freed 421K, 79% free 1316K/6019K, paused 1ms+1ms
D/dalvikvm( 1142): GC_CONCURRENT freed 395K, 79% free 1315K/6019K, paused 0ms+1ms
D/dalvikvm( 1142): GC_CONCURRENT freed 370K, 78% free 1330K/6019K, paused 1ms+1ms
D/dalvikvm( 1142): GC_CONCURRENT freed 403K, 77% free 1438K/6019K, paused 1ms+1ms
D/dalvikvm( 1142): GC_CONCURRENT freed 490K, 78% free 1332K/6019K, paused 1ms+1ms
D/dalvikvm( 1142): GC_CONCURRENT freed 389K, 77% free 1417K/6019K, paused 1ms+1ms
D/dalvikvm( 1142): GC_CONCURRENT freed 483K, 77% free 1390K/6019K, paused 1ms+1ms
D/dalvikvm( 1142): GC_CONCURRENT freed 460K, 78% free 1325K/6019K, paused 1ms+1ms
D/dalvikvm( 1142): GC_CONCURRENT freed 391K, 77% free 1435K/6019K, paused 0ms+1ms
D/dalvikvm( 1142): GC_CONCURRENT freed 498K, 76% free 1449K/6019K, paused 1ms+1ms
D/dalvikvm( 1142): GC_CONCURRENT freed 524K, 77% free 1431K/6019K, paused 1ms+1ms
D/MonitorCw880( 5694): counter=2 && isHeartbeatTimeout=true
D/dalvikvm( 1142): GC_CONCURRENT freed 515K, 77% free 1408K/6019K, paused 1ms+1ms
D/dalvikvm( 1142): GC_CONCURRENT freed 474K, 78% free 1330K/6019K, paused 1ms+1ms
D/dalvikvm( 1142): GC_CONCURRENT freed 405K, 79% free 1312K/6019K, paused 0ms+1ms
D/dalvikvm( 1142): GC_CONCURRENT freed 396K, 77% free 1418K/6019K, paused 1ms+1ms
D/dalvikvm( 1142): GC_CONCURRENT freed 488K, 78% free 1325K/6019K, paused 1ms+1ms
D/MonitorCw880( 5694): counter=2 && isHeartbeatTimeout=true
D/dalvikvm( 1142): GC_CONCURRENT freed 393K, 78% free 1324K/6019K, paused 0ms+1ms
D/dalvikvm( 1142): GC_CONCURRENT freed 392K, 78% free 1324K/6019K, paused 1ms+1ms
D/dalvikvm( 1142): GC_CONCURRENT freed 393K, 78% free 1329K/6019K, paused 1ms+1ms
D/dalvikvm( 1142): GC_CONCURRENT freed 404K, 77% free 1396K/6019K, paused 1ms+1ms
D/dalvikvm( 1142): GC_CONCURRENT freed 477K, 77% free 1426K/6019K, paused 1ms+1ms
D/dalvikvm( 1142): GC_CONCURRENT freed 486K, 78% free 1371K/6019K, paused 0ms+1ms
D/dalvikvm( 1142): GC_CONCURRENT freed 444K, 77% free 1396K/6019K, paused 1ms+1ms
D/dalvikvm( 1142): GC_CONCURRENT freed 477K, 77% free 1419K/6019K, paused 1ms+1ms
D/dalvikvm( 1142): GC_CONCURRENT freed 488K, 78% free 1371K/6019K, paused 1ms+1ms
D/dalvikvm( 1142): GC_CONCURRENT freed 443K, 77% free 1421K/6019K, paused 1ms+1ms
D/MonitorCw880( 5694): counter=2 && isHeartbeatTimeout=true
D/dalvikvm( 1142): GC_CONCURRENT freed 489K, 76% free 1493K/6019K, paused 1ms+1ms
D/dalvikvm( 1142): GC_CONCURRENT freed 565K, 77% free 1423K/6019K, paused 1ms+1ms
D/dalvikvm( 1142): GC_CONCURRENT freed 490K, 78% free 1325K/6019K, paused 0ms+1ms
D/dalvikvm( 1142): GC_CONCURRENT freed 393K, 79% free 1324K/6019K, paused 1ms+0ms
D/dalvikvm( 1142): GC_CONCURRENT freed 393K, 79% free 1324K/6019K, paused 1ms+1ms
D/dalvikvm( 1142): GC_CONCURRENT freed 391K, 79% free 1324K/6019K, paused 1ms+1ms
D/dalvikvm( 1142): GC_CONCURRENT freed 393K, 78% free 1329K/6019K, paused 1ms+1ms
D/dalvikvm( 1142): GC_CONCURRENT freed 426K, 77% free 1404K/6019K, paused 1ms+1ms
D/MonitorCw880( 5694): counter=2 && isHeartbeatTimeout=true
D/MonitorCw880( 5694): counter=2 && isHeartbeatTimeout=true
D/dalvikvm( 1142): GC_CONCURRENT freed 487K, 77% free 1408K/6019K, paused 1ms+1ms
D/dalvikvm( 1142): GC_CONCURRENT freed 473K, 78% free 1330K/6019K, paused 1ms+1ms
D/dalvikvm( 1142): GC_CONCURRENT freed 403K, 77% free 1421K/6019K, paused 0ms+1ms
D/dalvikvm( 1142): GC_CONCURRENT freed 489K, 78% free 1325K/6019K, paused 1ms+1ms
D/dalvikvm( 1142): GC_CONCURRENT freed 405K, 79% free 1309K/6019K, paused 1ms+1ms
D/HomePlayerLib( 1142): hostaddress count is 2
D/dalvikvm( 1142): GC_CONCURRENT freed 387K, 79% free 1322K/6019K, paused 1ms+1ms
D/dalvikvm( 1142): GC_CONCURRENT freed 405K, 77% free 1425K/6019K, paused 1ms+1ms
D/dalvikvm( 1142): GC_CONCURRENT freed 498K, 79% free 1319K/6019K, paused 1ms+1ms
D/dalvikvm( 1142): GC_CONCURRENT freed 400K, 77% free 1424K/6019K, paused 1ms+1ms
D/dalvikvm( 1142): GC_CONCURRENT freed 441K, 75% free 1551K/6019K, paused 0ms+1ms
D/dalvikvm( 1142): GC_CONCURRENT freed 625K, 77% free 1396K/6019K, paused 0ms+1ms
D/dalvikvm( 1142): GC_CONCURRENT freed 438K, 75% free 1530K/6019K, paused 1ms+1ms
D/dalvikvm( 1142): GC_CONCURRENT freed 596K, 78% free 1378K/6019K, paused 1ms+1ms
D/dalvikvm( 1142): GC_CONCURRENT freed 440K, 78% free 1333K/6019K, paused 0ms+1ms
D/dalvikvm( 1142): GC_CONCURRENT freed 394K, 78% free 1329K/6019K, paused 1ms+1ms
D/dalvikvm( 1142): GC_CONCURRENT freed 412K, 79% free 1301K/6019K, paused 0ms+1ms
D/dalvikvm( 1142): GC_CONCURRENT freed 364K, 77% free 1398K/6019K, paused 0ms+1ms
D/dalvikvm( 1142): GC_CONCURRENT freed 474K, 77% free 1432K/6019K, paused 0ms+1ms
D/MonitorCw880( 5694): counter=2 && isHeartbeatTimeout=true
D/dalvikvm( 1142): GC_CONCURRENT freed 507K, 79% free 1315K/6019K, paused 1ms+1ms
D/dalvikvm( 1142): GC_CONCURRENT freed 382K, 77% free 1438K/6019K, paused 1ms+1ms
D/dalvikvm( 1142): GC_CONCURRENT freed 493K, 77% free 1436K/6019K, paused 1ms+1ms
D/dalvikvm( 1142): GC_CONCURRENT freed 604K, 78% free 1338K/6019K, paused 1ms+1ms
D/dalvikvm( 1142): GC_CONCURRENT freed 465K, 78% free 1378K/6019K, paused 1ms+2ms
D/dalvikvm( 1142): GC_CONCURRENT freed 452K, 77% free 1423K/6019K, paused 1ms+1ms
D/dalvikvm( 1142): GC_CONCURRENT freed 495K, 78% free 1341K/6019K, paused 1ms+1ms
D/dalvikvm( 1142): GC_CONCURRENT freed 410K, 78% free 1324K/6019K, paused 1ms+1ms
D/dalvikvm( 1142): GC_CONCURRENT freed 394K, 78% free 1324K/6019K, paused 1ms+1ms
D/dalvikvm( 1142): GC_CONCURRENT freed 394K, 78% free 1324K/6019K, paused 1ms+1ms
D/dalvikvm( 1142): GC_CONCURRENT freed 393K, 78% free 1324K/6019K, paused 1ms+1ms
D/dalvikvm( 1142): GC_CONCURRENT freed 393K, 78% free 1324K/6019K, paused 1ms+1ms
D/dalvikvm( 1142): GC_CONCURRENT freed 393K, 78% free 1324K/6019K, paused 1ms+1ms
D/dalvikvm( 1142): GC_CONCURRENT freed 393K, 78% free 1348K/6019K, paused 1ms+2ms
D/MonitorCw880( 5694): counter=2 && isHeartbeatTimeout=true
D/dalvikvm( 1142): GC_CONCURRENT freed 416K, 78% free 1326K/6019K, paused 1ms+1ms
D/dalvikvm( 1142): GC_CONCURRENT freed 395K, 79% free 1324K/6019K, paused 1ms+1ms
D/dalvikvm( 1142): GC_CONCURRENT freed 394K, 79% free 1323K/6019K, paused 1ms+1ms
D/dalvikvm( 1142): GC_CONCURRENT freed 393K, 79% free 1324K/6019K, paused 1ms+1ms
D/dalvikvm( 1142): GC_CONCURRENT freed 394K, 78% free 1324K/6019K, paused 1ms+1ms
D/dalvikvm( 1142): GC_CONCURRENT freed 393K, 78% free 1324K/6019K, paused 0ms+1ms
D/dalvikvm( 1142): GC_CONCURRENT freed 392K, 78% free 1324K/6019K, paused 1ms+1ms
D/dalvikvm( 1142): GC_CONCURRENT freed 392K, 78% free 1325K/6019K, paused 1ms+1ms
D/MonitorCw880( 5694): counter=2 && isHeartbeatTimeout=true
D/dalvikvm( 1142): GC_CONCURRENT freed 404K, 79% free 1312K/6019K, paused 1ms+1ms
D/dalvikvm( 1142): GC_CONCURRENT freed 396K, 79% free 1311K/6019K, paused 1ms+2ms
D/dalvikvm( 1142): GC_CONCURRENT freed 392K, 76% free 1483K/6019K, paused 1ms+1ms
D/dalvikvm( 1142): GC_CONCURRENT freed 566K, 78% free 1331K/6019K, paused 1ms+1ms
D/dalvikvm( 1142): GC_CONCURRENT freed 406K, 79% free 1312K/6019K, paused 0ms+1ms
D/dalvikvm( 1142): GC_CONCURRENT freed 396K, 79% free 1310K/6019K, paused 1ms+1ms
D/dalvikvm( 1142): GC_CONCURRENT freed 394K, 79% free 1311K/6019K, paused 1ms+1ms
D/dalvikvm( 1142): GC_CONCURRENT freed 394K, 79% free 1311K/6019K, paused 0ms+1ms
D/MonitorCw880( 5694): counter=2 && isHeartbeatTimeout=true
D/MonitorCw880( 5694): counter=2 && isHeartbeatTimeout=true
D/dalvikvm( 1142): GC_CONCURRENT freed 391K, 77% free 1393K/6019K, paused 1ms+1ms
D/MonitorCw880( 5694): counter=2 && isHeartbeatTimeout=true
D/dalvikvm( 1142): GC_CONCURRENT freed 472K, 78% free 1344K/6019K, paused 1ms+1ms
D/dalvikvm( 1142): GC_CONCURRENT freed 418K, 79% free 1312K/6019K, paused 1ms+1ms
D/dalvikvm( 1142): GC_CONCURRENT freed 396K, 77% free 1427K/6019K, paused 1ms+1ms
D/HomePlayerLib( 1142): hostaddress count is 2
D/dalvikvm( 1142): GC_CONCURRENT freed 518K, 77% free 1419K/6019K, paused 1ms+1ms
D/dalvikvm( 1142): GC_CONCURRENT freed 497K, 77% free 1419K/6019K, paused 1ms+1ms
D/dalvikvm( 1142): GC_CONCURRENT freed 498K, 77% free 1433K/6019K, paused 0ms+1ms
D/dalvikvm( 1142): GC_CONCURRENT freed 477K, 76% free 1453K/6019K, paused 0ms+1ms
D/dalvikvm( 1142): GC_CONCURRENT freed 496K, 76% free 1469K/6019K, paused 1ms+1ms
D/dalvikvm( 1142): GC_CONCURRENT freed 560K, 77% free 1415K/6019K, paused 1ms+2ms
D/dalvikvm( 1142): GC_CONCURRENT freed 490K, 78% free 1377K/6019K, paused 1ms+0ms
D/dalvikvm( 1142): GC_CONCURRENT freed 447K, 78% free 1329K/6019K, paused 1ms+2ms
D/dalvikvm( 1142): GC_CONCURRENT freed 393K, 78% free 1327K/6019K, paused 0ms+1ms
D/dalvikvm( 1142): GC_CONCURRENT freed 391K, 78% free 1352K/6019K, paused 1ms+1ms
D/dalvikvm( 1142): GC_CONCURRENT freed 417K, 77% free 1442K/6019K, paused 1ms+1ms
D/dalvikvm( 1142): GC_CONCURRENT freed 526K, 77% free 1440K/6019K, paused 1ms+1ms
D/dalvikvm( 1142): GC_CONCURRENT freed 525K, 78% free 1360K/6019K, paused 1ms+1ms
D/dalvikvm( 1142): GC_CONCURRENT freed 416K, 76% free 1448K/6019K, paused 1ms+1ms
D/dalvikvm( 1142): GC_CONCURRENT freed 511K, 77% free 1416K/6019K, paused 1ms+1ms
D/dalvikvm( 1142): GC_CONCURRENT freed 486K, 77% free 1442K/6019K, paused 1ms+1ms
D/dalvikvm( 1142): GC_CONCURRENT freed 538K, 77% free 1443K/6019K, paused 1ms+1ms
D/dalvikvm( 1142): GC_CONCURRENT freed 624K, 78% free 1346K/6019K, paused 1ms+1ms
D/dalvikvm( 1142): GC_CONCURRENT freed 438K, 77% free 1415K/6019K, paused 1ms+1ms
D/dalvikvm( 1142): GC_CONCURRENT freed 503K, 74% free 1587K/6019K, paused 1ms+1ms
D/MonitorCw880( 5694): counter=2 && isHeartbeatTimeout=true
D/dalvikvm( 1142): GC_CONCURRENT freed 654K, 78% free 1336K/6019K, paused 0ms+1ms
D/dalvikvm( 1142): GC_CONCURRENT freed 418K, 77% free 1425K/6019K, paused 0ms+1ms
D/dalvikvm( 1142): GC_CONCURRENT freed 492K, 78% free 1366K/6019K, paused 1ms+1ms
D/dalvikvm( 1142): GC_CONCURRENT freed 435K, 78% free 1325K/6019K, paused 1ms+1ms
D/dalvikvm( 1142): GC_CONCURRENT freed 394K, 78% free 1324K/6019K, paused 1ms+1ms
D/dalvikvm( 1142): GC_CONCURRENT freed 393K, 78% free 1325K/6019K, paused 1ms+1ms
D/dalvikvm( 1142): GC_CONCURRENT freed 402K, 79% free 1321K/6019K, paused 0ms+1ms
D/MonitorCw880( 5694): counter=2 && isHeartbeatTimeout=true
D/dalvikvm( 1142): GC_CONCURRENT freed 407K, 79% free 1323K/6019K, paused 1ms+1ms
D/dalvikvm( 1142): GC_CONCURRENT freed 394K, 78% free 1324K/6019K, paused 1ms+1ms
D/dalvikvm( 1142): GC_CONCURRENT freed 393K, 78% free 1324K/6019K, paused 1ms+1ms
D/dalvikvm( 1142): GC_CONCURRENT freed 391K, 79% free 1324K/6019K, paused 1ms+1ms
D/dalvikvm( 1142): GC_CONCURRENT freed 392K, 78% free 1324K/6019K, paused 1ms+1ms
D/dalvikvm( 1142): GC_CONCURRENT freed 393K, 78% free 1324K/6019K, paused 1ms+2ms
D/dalvikvm( 1142): GC_CONCURRENT freed 391K, 78% free 1325K/6019K, paused 1ms+1ms
D/dalvikvm( 1142): GC_CONCURRENT freed 403K, 78% free 1337K/6019K, paused 1ms+2ms
D/dalvikvm( 1142): GC_CONCURRENT freed 420K, 79% free 1309K/6019K, paused 1ms+1ms
D/dalvikvm( 1142): GC_CONCURRENT freed 389K, 77% free 1419K/6019K, paused 0ms+1ms
D/dalvikvm( 1142): GC_CONCURRENT freed 486K, 78% free 1325K/6019K, paused 1ms+1ms
D/dalvikvm( 1142): GC_CONCURRENT freed 394K, 78% free 1324K/6019K, paused 1ms+1ms
D/dalvikvm( 1142): GC_CONCURRENT freed 404K, 76% free 1477K/6019K, paused 1ms+1ms
D/MonitorCw880( 5694): counter=2 && isHeartbeatTimeout=true
D/dalvikvm( 1142): GC_CONCURRENT freed 556K, 77% free 1426K/6019K, paused 0ms+1ms
D/dalvikvm( 1142): GC_CONCURRENT freed 498K, 79% free 1314K/6019K, paused 1ms+1ms
D/dalvikvm( 1142): GC_CONCURRENT freed 397K, 79% free 1310K/6019K, paused 0ms+1ms
D/dalvikvm( 1142): GC_CONCURRENT freed 392K, 79% free 1303K/6019K, paused 0ms+1ms
D/dalvikvm( 1142): GC_CONCURRENT freed 365K, 77% free 1420K/6019K, paused 1ms+1ms
D/dalvikvm( 1142): GC_CONCURRENT freed 501K, 77% free 1384K/6019K, paused 1ms+1ms
D/dalvikvm( 1142): GC_CONCURRENT freed 459K, 76% free 1463K/6019K, paused 1ms+1ms
D/dalvikvm( 1142): GC_CONCURRENT freed 531K, 78% free 1326K/6019K, paused 1ms+1ms
D/dalvikvm( 1142): GC_CONCURRENT freed 395K, 79% free 1324K/6019K, paused 1ms+1ms
D/dalvikvm( 1142): GC_CONCURRENT freed 393K, 78% free 1324K/6019K, paused 1ms+1ms
D/dalvikvm( 1142): GC_CONCURRENT freed 393K, 78% free 1325K/6019K, paused 1ms+1ms
D/MonitorCw880( 5694): counter=2 && isHeartbeatTimeout=true
D/MonitorCw880( 5694): counter=2 && isHeartbeatTimeout=true
D/dalvikvm( 1142): GC_CONCURRENT freed 401K, 79% free 1321K/6019K, paused 0ms+1ms
D/dalvikvm( 1142): GC_CONCURRENT freed 396K, 77% free 1435K/6019K, paused 1ms+1ms
D/dalvikvm( 1142): GC_CONCURRENT freed 514K, 77% free 1421K/6019K, paused 1ms+1ms
D/dalvikvm( 1142): GC_CONCURRENT freed 499K, 78% free 1340K/6019K, paused 1ms+1ms
D/dalvikvm( 1142): GC_CONCURRENT freed 409K, 78% free 1365K/6019K, paused 1ms+1ms
D/MonitorCw880( 5694): counter=2 && isHeartbeatTimeout=true
D/dalvikvm( 1142): GC_CONCURRENT freed 433K, 78% free 1324K/6019K, paused 0ms+1ms
D/dalvikvm( 1142): GC_CONCURRENT freed 466K, 78% free 1357K/6019K, paused 1ms+1ms
D/HomePlayerLib( 1142): hostaddress count is 2
D/dalvikvm( 1142): GC_CONCURRENT freed 432K, 77% free 1428K/6019K, paused 0ms+1ms
D/dalvikvm( 1142): GC_CONCURRENT freed 496K, 76% free 1447K/6019K, paused 1ms+1ms
D/dalvikvm( 1142): GC_CONCURRENT freed 515K, 77% free 1440K/6019K, paused 1ms+1ms
D/dalvikvm( 1142): GC_CONCURRENT freed 521K, 78% free 1345K/6019K, paused 1ms+1ms
D/dalvikvm( 1142): GC_CONCURRENT freed 410K, 75% free 1516K/6019K, paused 1ms+1ms
D/dalvikvm( 1142): GC_CONCURRENT freed 602K, 79% free 1305K/6019K, paused 1ms+1ms
D/dalvikvm( 1142): GC_CONCURRENT freed 359K, 78% free 1339K/6019K, paused 1ms+1ms
D/dalvikvm( 1142): GC_CONCURRENT freed 411K, 78% free 1329K/6019K, paused 1ms+1ms
D/dalvikvm( 1142): GC_CONCURRENT freed 410K, 79% free 1315K/6019K, paused 1ms+1ms
D/dalvikvm( 1142): GC_CONCURRENT freed 380K, 78% free 1332K/6019K, paused 1ms+1ms
D/dalvikvm( 1142): GC_CONCURRENT freed 419K, 79% free 1301K/6019K, paused 1ms+1ms
D/dalvikvm( 1142): GC_CONCURRENT freed 433K, 77% free 1395K/6019K, paused 1ms+1ms
D/dalvikvm( 1142): GC_CONCURRENT freed 459K, 76% free 1500K/6019K, paused 1ms+1ms
D/dalvikvm( 1142): GC_CONCURRENT freed 591K, 77% free 1410K/6019K, paused 1ms+1ms
D/dalvikvm( 1142): GC_CONCURRENT freed 472K, 77% free 1410K/6019K, paused 1ms+1ms
D/dalvikvm( 1142): GC_CONCURRENT freed 479K, 77% free 1440K/6019K, paused 1ms+1ms
D/dalvikvm( 1142): GC_CONCURRENT freed 518K, 79% free 1315K/6019K, paused 1ms+1ms
D/dalvikvm( 1142): GC_CONCURRENT freed 381K, 78% free 1327K/6019K, paused 1ms+1ms
D/dalvikvm( 1142): GC_CONCURRENT freed 407K, 78% free 1328K/6019K, paused 1ms+1ms
D/dalvikvm( 1142): GC_CONCURRENT freed 412K, 79% free 1311K/6019K, paused 0ms+2ms
D/dalvikvm( 1142): GC_CONCURRENT freed 392K, 78% free 1354K/6019K, paused 1ms+1ms
D/dalvikvm( 1142): GC_CONCURRENT freed 428K, 78% free 1326K/6019K, paused 1ms+1ms
D/dalvikvm( 1142): GC_CONCURRENT freed 396K, 79% free 1324K/6019K, paused 0ms+1ms
D/MonitorCw880( 5694): counter=2 && isHeartbeatTimeout=true
D/dalvikvm( 1142): GC_CONCURRENT freed 394K, 79% free 1323K/6019K, paused 1ms+1ms
D/dalvikvm( 1142): GC_CONCURRENT freed 394K, 79% free 1323K/6019K, paused 1ms+1ms
D/dalvikvm( 1142): GC_CONCURRENT freed 392K, 78% free 1324K/6019K, paused 1ms+1ms
D/dalvikvm( 1142): GC_CONCURRENT freed 392K, 78% free 1324K/6019K, paused 1ms+1ms
D/dalvikvm( 1142): GC_CONCURRENT freed 393K, 78% free 1324K/6019K, paused 0ms+1ms
D/MonitorCw880( 5694): counter=2 && isHeartbeatTimeout=true
D/dalvikvm( 1142): GC_CONCURRENT freed 393K, 78% free 1325K/6019K, paused 0ms+0ms
D/dalvikvm( 1142): GC_CONCURRENT freed 401K, 79% free 1312K/6019K, paused 1ms+1ms
D/dalvikvm( 1142): GC_CONCURRENT freed 396K, 77% free 1426K/6019K, paused 1ms+1ms
D/dalvikvm( 1142): GC_CONCURRENT freed 488K, 77% free 1407K/6019K, paused 1ms+1ms
D/dalvikvm( 1142): GC_CONCURRENT freed 475K, 78% free 1330K/6019K, paused 1ms+1ms
D/dalvikvm( 1142): GC_CONCURRENT freed 405K, 79% free 1312K/6019K, paused 0ms+1ms
D/dalvikvm( 1142): GC_CONCURRENT freed 396K, 79% free 1311K/6019K, paused 1ms+0ms
D/dalvikvm( 1142): GC_CONCURRENT freed 392K, 79% free 1310K/6019K, paused 1ms+1ms
D/dalvikvm( 1142): GC_CONCURRENT freed 392K, 77% free 1425K/6019K, paused 1ms+0ms
D/dalvikvm( 1142): GC_CONCURRENT freed 487K, 78% free 1371K/6019K, paused 1ms+1ms
D/dalvikvm( 1142): GC_CONCURRENT freed 446K, 79% free 1313K/6019K, paused 1ms+1ms
D/dalvikvm( 1142): GC_CONCURRENT freed 397K, 79% free 1311K/6019K, paused 1ms+1ms
D/MonitorCw880( 5694): counter=2 && isHeartbeatTimeout=true
D/MonitorCw880( 5694): counter=2 && isHeartbeatTimeout=true
D/dalvikvm( 1142): GC_CONCURRENT freed 392K, 77% free 1425K/6019K, paused 1ms+1ms
D/dalvikvm( 1142): GC_CONCURRENT freed 485K, 78% free 1367K/6019K, paused 1ms+1ms
D/dalvikvm( 1142): GC_CONCURRENT freed 434K, 78% free 1325K/6019K, paused 0ms+1ms
D/dalvikvm( 1142): GC_CONCURRENT freed 405K, 79% free 1312K/6019K, paused 1ms+1ms
D/MonitorCw880( 5694): counter=2 && isHeartbeatTimeout=true
D/dalvikvm( 1142): GC_CONCURRENT freed 396K, 79% free 1310K/6019K, paused 1ms+1ms
D/dalvikvm( 1142): GC_CONCURRENT freed 392K, 79% free 1311K/6019K, paused 1ms+1ms
D/dalvikvm( 1142): GC_CONCURRENT freed 392K, 79% free 1311K/6019K, paused 1ms+1ms
D/dalvikvm( 1142): GC_CONCURRENT freed 393K, 79% free 1311K/6019K, paused 0ms+1ms
D/dalvikvm( 1142): GC_CONCURRENT freed 393K, 79% free 1311K/6019K, paused 1ms+1ms
D/dalvikvm( 1142): GC_CONCURRENT freed 393K, 79% free 1311K/6019K, paused 0ms+1ms
D/HomePlayerLib( 1142): hostaddress count is 2
D/dalvikvm( 1142): GC_CONCURRENT freed 389K, 77% free 1427K/6019K, paused 1ms+1ms
D/dalvikvm( 1142): GC_CONCURRENT freed 503K, 77% free 1406K/6019K, paused 1ms+1ms
D/dalvikvm( 1142): GC_CONCURRENT freed 465K, 78% free 1336K/6019K, paused 1ms+0ms
D/dalvikvm( 1142): GC_CONCURRENT freed 392K, 78% free 1354K/6019K, paused 1ms+1ms
D/dalvikvm( 1142): GC_CONCURRENT freed 423K, 78% free 1328K/6019K, paused 1ms+1ms
D/dalvikvm( 1142): GC_CONCURRENT freed 408K, 78% free 1346K/6019K, paused 1ms+1ms
D/dalvikvm( 1142): GC_CONCURRENT freed 426K, 78% free 1329K/6019K, paused 1ms+1ms
D/dalvikvm( 1142): GC_CONCURRENT freed 409K, 79% free 1316K/6019K, paused 1ms+2ms
D/dalvikvm( 1142): GC_CONCURRENT freed 393K, 79% free 1317K/6019K, paused 1ms+1ms
D/dalvikvm( 1142): GC_CONCURRENT freed 393K, 79% free 1324K/6019K, paused 1ms+1ms
D/dalvikvm( 1142): GC_CONCURRENT freed 409K, 79% free 1308K/6019K, paused 1ms+1ms
D/dalvikvm( 1142): GC_CONCURRENT freed 374K, 78% free 1328K/6019K, paused 1ms+1ms
D/MonitorCw880( 5694): counter=2 && isHeartbeatTimeout=true
D/dalvikvm( 1142): GC_CONCURRENT freed 394K, 78% free 1328K/6019K, paused 1ms+1ms
D/dalvikvm( 1142): GC_CONCURRENT freed 391K, 78% free 1326K/6019K, paused 1ms+1ms
D/dalvikvm( 1142): GC_CONCURRENT freed 400K, 78% free 1368K/6019K, paused 0ms+1ms
D/dalvikvm( 1142): GC_CONCURRENT freed 442K, 78% free 1327K/6019K, paused 1ms+1ms
D/dalvikvm( 1142): GC_CONCURRENT freed 392K, 78% free 1328K/6019K, paused 1ms+1ms
D/dalvikvm( 1142): GC_CONCURRENT freed 393K, 78% free 1329K/6019K, paused 1ms+1ms
D/dalvikvm( 1142): GC_CONCURRENT freed 401K, 77% free 1415K/6019K, paused 1ms+1ms
D/dalvikvm( 1142): GC_CONCURRENT freed 470K, 78% free 1367K/6019K, paused 1ms+1ms
D/dalvikvm( 1142): GC_CONCURRENT freed 437K, 79% free 1316K/6019K, paused 1ms+1ms
D/dalvikvm( 1142): GC_CONCURRENT freed 393K, 79% free 1323K/6019K, paused 1ms+1ms
D/dalvikvm( 1142): GC_CONCURRENT freed 403K, 78% free 1329K/6019K, paused 1ms+1ms
D/dalvikvm( 1142): GC_CONCURRENT freed 405K, 78% free 1362K/6019K, paused 1ms+1ms
D/dalvikvm( 1142): GC_CONCURRENT freed 442K, 76% free 1464K/6019K, paused 1ms+1ms
D/dalvikvm( 1142): GC_CONCURRENT freed 575K, 77% free 1387K/6019K, paused 1ms+1ms
D/dalvikvm( 1142): GC_CONCURRENT freed 468K, 77% free 1435K/6019K, paused 0ms+1ms
D/dalvikvm( 1142): GC_CONCURRENT freed 510K, 78% free 1324K/6019K, paused 1ms+1ms
D/dalvikvm( 1142): GC_CONCURRENT freed 394K, 78% free 1324K/6019K, paused 1ms+1ms
D/dalvikvm( 1142): GC_CONCURRENT freed 392K, 78% free 1325K/6019K, paused 1ms+2ms
D/dalvikvm( 1142): GC_CONCURRENT freed 399K, 79% free 1323K/6019K, paused 1ms+1ms
D/dalvikvm( 1142): GC_CONCURRENT freed 392K, 78% free 1324K/6019K, paused 0ms+1ms
D/dalvikvm( 1142): GC_CONCURRENT freed 394K, 79% free 1324K/6019K, paused 0ms+1ms
D/dalvikvm( 1142): GC_CONCURRENT freed 393K, 79% free 1324K/6019K, paused 1ms+1ms
D/MonitorCw880( 5694): counter=2 && isHeartbeatTimeout=true
D/dalvikvm( 1142): GC_CONCURRENT freed 392K, 78% free 1324K/6019K, paused 1ms+1ms
D/dalvikvm( 1142): GC_CONCURRENT freed 392K, 78% free 1324K/6019K, paused 1ms+1ms
D/dalvikvm( 1142): GC_CONCURRENT freed 466K, 79% free 1297K/6019K, paused 1ms+1ms
D/dalvikvm( 1142): GC_CONCURRENT freed 372K, 79% free 1312K/6019K, paused 1ms+1ms
D/dalvikvm( 1142): GC_CONCURRENT freed 396K, 77% free 1420K/6019K, paused 1ms+1ms
D/dalvikvm( 1142): GC_CONCURRENT freed 486K, 78% free 1324K/6019K, paused 1ms+0ms
D/dalvikvm( 1142): GC_CONCURRENT freed 393K, 77% free 1411K/6019K, paused 1ms+1ms
D/dalvikvm( 1142): GC_CONCURRENT freed 484K, 77% free 1438K/6019K, paused 1ms+1ms
D/dalvikvm( 1142): GC_CONCURRENT freed 518K, 77% free 1421K/6019K, paused 1ms+1ms
D/MonitorCw880( 5694): counter=2 && isHeartbeatTimeout=true
D/dalvikvm( 1142): GC_CONCURRENT freed 488K, 78% free 1325K/6019K, paused 1ms+1ms
D/dalvikvm( 1142): GC_CONCURRENT freed 402K, 77% free 1428K/6019K, paused 1ms+1ms
D/dalvikvm( 1142): GC_CONCURRENT freed 490K, 76% free 1449K/6019K, paused 1ms+1ms
D/dalvikvm( 1142): GC_CONCURRENT freed 515K, 78% free 1331K/6019K, paused 1ms+1ms
D/dalvikvm( 1142): GC_CONCURRENT freed 406K, 77% free 1436K/6019K, paused 1ms+1ms
D/MonitorCw880( 5694): counter=2 && isHeartbeatTimeout=true
D/MonitorCw880( 5694): counter=2 && isHeartbeatTimeout=true
D/dalvikvm( 1142): GC_CONCURRENT freed 516K, 77% free 1395K/6019K, paused 1ms+1ms
D/dalvikvm( 1142): GC_CONCURRENT freed 474K, 79% free 1313K/6019K, paused 1ms+1ms
D/dalvikvm( 1142): GC_CONCURRENT freed 399K, 79% free 1301K/6019K, paused 1ms+1ms
D/dalvikvm( 1142): GC_CONCURRENT freed 384K, 78% free 1325K/6019K, paused 0ms+1ms
D/dalvikvm( 1142): GC_CONCURRENT freed 396K, 77% free 1430K/6019K, paused 1ms+1ms
D/MonitorCw880( 5694): counter=2 && isHeartbeatTimeout=true
D/dalvikvm( 1142): GC_CONCURRENT freed 513K, 77% free 1412K/6019K, paused 1ms+1ms
D/dalvikvm( 1142): GC_CONCURRENT freed 485K, 77% free 1438K/6019K, paused 1ms+1ms
D/dalvikvm( 1142): GC_CONCURRENT freed 518K, 79% free 1304K/6019K, paused 0ms+1ms
D/dalvikvm( 1142): GC_CONCURRENT freed 390K, 79% free 1322K/6019K, paused 0ms+1ms
D/HomePlayerLib( 1142): hostaddress count is 2
D/dalvikvm( 1142): GC_CONCURRENT freed 387K, 78% free 1370K/6019K, paused 1ms+2ms
D/dalvikvm( 1142): GC_CONCURRENT freed 450K, 79% free 1312K/6019K, paused 1ms+1ms
D/dalvikvm( 1142): GC_CONCURRENT freed 396K, 79% free 1322K/6019K, paused 1ms+1ms
D/dalvikvm( 1142): GC_CONCURRENT freed 405K, 78% free 1326K/6019K, paused 1ms+1ms
D/dalvikvm( 1142): GC_CONCURRENT freed 392K, 78% free 1328K/6019K, paused 1ms+1ms
D/dalvikvm( 1142): GC_CONCURRENT freed 392K, 78% free 1328K/6019K, paused 1ms+1ms
D/dalvikvm( 1142): GC_CONCURRENT freed 392K, 78% free 1329K/6019K, paused 1ms+1ms
D/dalvikvm( 1142): GC_CONCURRENT freed 392K, 78% free 1335K/6019K, paused 1ms+1ms
D/dalvikvm( 1142): GC_CONCURRENT freed 413K, 77% free 1429K/6019K, paused 1ms+2ms
D/dalvikvm( 1142): GC_CONCURRENT freed 504K, 77% free 1431K/6019K, paused 1ms+1ms
D/dalvikvm( 1142): GC_CONCURRENT freed 488K, 78% free 1329K/6019K, paused 1ms+1ms
D/dalvikvm( 1142): GC_CONCURRENT freed 403K, 77% free 1431K/6019K, paused 1ms+1ms
D/dalvikvm( 1142): GC_CONCURRENT freed 489K, 78% free 1328K/6019K, paused 1ms+1ms
D/dalvikvm( 1142): GC_CONCURRENT freed 394K, 78% free 1328K/6019K, paused 1ms+1ms
D/dalvikvm( 1142): GC_CONCURRENT freed 390K, 78% free 1327K/6019K, paused 1ms+2ms
D/dalvikvm( 1142): GC_CONCURRENT freed 385K, 78% free 1343K/6019K, paused 1ms+1ms
D/dalvikvm( 1142): GC_CONCURRENT freed 416K, 78% free 1329K/6019K, paused 1ms+1ms
D/MonitorCw880( 5694): counter=2 && isHeartbeatTimeout=true
D/dalvikvm( 1142): GC_CONCURRENT freed 415K, 78% free 1372K/6019K, paused 1ms+1ms
D/dalvikvm( 1142): GC_CONCURRENT freed 435K, 77% free 1434K/6019K, paused 1ms+1ms
D/dalvikvm( 1142): GC_CONCURRENT freed 489K, 73% free 1664K/6019K, paused 1ms+1ms
D/dalvikvm( 1142): GC_CONCURRENT freed 725K, 78% free 1377K/6019K, paused 1ms+2ms
D/dalvikvm( 1142): GC_CONCURRENT freed 447K, 77% free 1441K/6019K, paused 1ms+1ms
D/dalvikvm( 1142): GC_CONCURRENT freed 517K, 77% free 1431K/6019K, paused 1ms+1ms
D/dalvikvm( 1142): GC_CONCURRENT freed 501K, 78% free 1327K/6019K, paused 1ms+1ms
D/dalvikvm( 1142): GC_CONCURRENT freed 404K, 77% free 1428K/6019K, paused 1ms+1ms
D/dalvikvm( 1142): GC_CONCURRENT freed 490K, 76% free 1449K/6019K, paused 1ms+1ms
D/dalvikvm( 1142): GC_CONCURRENT freed 515K, 78% free 1331K/6019K, paused 1ms+1ms
D/dalvikvm( 1142): GC_CONCURRENT freed 405K, 76% free 1464K/6019K, paused 1ms+1ms
D/MonitorCw880( 5694): counter=2 && isHeartbeatTimeout=true
D/dalvikvm( 1142): GC_CONCURRENT freed 529K, 78% free 1325K/6019K, paused 0ms+1ms
D/dalvikvm( 1142): GC_CONCURRENT freed 393K, 77% free 1411K/6019K, paused 1ms+1ms
D/dalvikvm( 1142): GC_CONCURRENT freed 485K, 79% free 1314K/6019K, paused 1ms+1ms
D/dalvikvm( 1142): GC_CONCURRENT freed 397K, 79% free 1310K/6019K, paused 1ms+1ms
D/dalvikvm( 1142): GC_CONCURRENT freed 394K, 78% free 1352K/6019K, paused 1ms+1ms
D/dalvikvm( 1142): GC_CONCURRENT freed 432K, 79% free 1311K/6019K, paused 1ms+1ms
D/dalvikvm( 1142): GC_CONCURRENT freed 392K, 77% free 1424K/6019K, paused 0ms+1ms
D/MonitorCw880( 5694): counter=2 && isHeartbeatTimeout=true
D/dalvikvm( 1142): GC_CONCURRENT freed 497K, 77% free 1438K/6019K, paused 1ms+1ms
D/dalvikvm( 1142): GC_CONCURRENT freed 518K, 79% free 1312K/6019K, paused 1ms+1ms
D/dalvikvm( 1142): GC_CONCURRENT freed 395K, 79% free 1303K/6019K, paused 1ms+1ms
D/MonitorCw880( 5694): counter=2 && isHeartbeatTimeout=true
D/dalvikvm( 1142): GC_CONCURRENT freed 365K, 79% free 1323K/6019K, paused 0ms+1ms
D/dalvikvm( 1142): GC_CONCURRENT freed 392K, 78% free 1324K/6019K, paused 1ms+1ms
D/dalvikvm( 1142): GC_CONCURRENT freed 393K, 78% free 1325K/6019K, paused 1ms+1ms
D/dalvikvm( 1142): GC_CONCURRENT freed 404K, 79% free 1321K/6019K, paused 1ms+1ms
D/dalvikvm( 1142): GC_CONCURRENT freed 396K, 77% free 1435K/6019K, paused 0ms+1ms
D/dalvikvm( 1142): GC_CONCURRENT freed 513K, 77% free 1420K/6019K, paused 1ms+1ms
D/MonitorCw880( 5694): counter=2 && isHeartbeatTimeout=true
D/dalvikvm( 1142): GC_CONCURRENT freed 497K, 76% free 1464K/6019K, paused 1ms+1ms
D/dalvikvm( 1142): GC_CONCURRENT freed 531K, 78% free 1325K/6019K, paused 0ms+1ms
D/dalvikvm( 1142): GC_CONCURRENT freed 392K, 78% free 1324K/6019K, paused 0ms+1ms
D/dalvikvm( 1142): GC_CONCURRENT freed 392K, 78% free 1370K/6019K, paused 1ms+1ms
D/dalvikvm( 1142): GC_CONCURRENT freed 442K, 77% free 1438K/6019K, paused 1ms+1ms
D/dalvikvm( 1142): GC_CONCURRENT freed 518K, 79% free 1312K/6019K, paused 1ms+1ms
D/dalvikvm( 1142): GC_CONCURRENT freed 394K, 79% free 1303K/6019K, paused 0ms+1ms
D/dalvikvm( 1142): GC_CONCURRENT freed 389K, 78% free 1368K/6019K, paused 1ms+1ms
D/dalvikvm( 1142): GC_CONCURRENT freed 439K, 79% free 1312K/6019K, paused 1ms+1ms
D/dalvikvm( 1142): GC_CONCURRENT freed 396K, 77% free 1419K/6019K, paused 0ms+1ms
D/MonitorCw880( 5694): counter=2 && isHeartbeatTimeout=true
D/dalvikvm( 1142): GC_CONCURRENT freed 488K, 78% free 1324K/6019K, paused 1ms+1ms
D/dalvikvm( 1142): GC_CONCURRENT freed 394K, 79% free 1324K/6019K, paused 0ms+1ms
D/dalvikvm( 1142): GC_CONCURRENT freed 393K, 78% free 1370K/6019K, paused 1ms+1ms
D/dalvikvm( 1142): GC_CONCURRENT freed 441K, 79% free 1312K/6019K, paused 1ms+1ms
D/dalvikvm( 1142): GC_CONCURRENT freed 397K, 79% free 1311K/6019K, paused 1ms+1ms
D/dalvikvm( 1142): GC_CONCURRENT freed 496K, 79% free 1304K/6019K, paused 1ms+1ms
D/HomePlayerLib( 1142): hostaddress count is 2
D/dalvikvm( 1142): GC_CONCURRENT freed 341K, 76% free 1482K/6019K, paused 1ms+1ms
D/dalvikvm( 1142): GC_CONCURRENT freed 557K, 77% free 1434K/6019K, paused 1ms+1ms
D/dalvikvm( 1142): GC_CONCURRENT freed 511K, 79% free 1307K/6019K, paused 1ms+1ms
D/dalvikvm( 1142): GC_CONCURRENT freed 384K, 77% free 1433K/6019K, paused 1ms+1ms
D/dalvikvm( 1142): GC_CONCURRENT freed 506K, 78% free 1325K/6019K, paused 1ms+1ms
D/dalvikvm( 1142): GC_CONCURRENT freed 395K, 77% free 1442K/6019K, paused 1ms+1ms
D/dalvikvm( 1142): GC_CONCURRENT freed 513K, 78% free 1354K/6019K, paused 1ms+1ms
D/dalvikvm( 1142): GC_CONCURRENT freed 509K, 78% free 1354K/6019K, paused 1ms+1ms
D/dalvikvm( 1142): GC_CONCURRENT freed 423K, 79% free 1316K/6019K, paused 1ms+1ms
D/dalvikvm( 1142): GC_CONCURRENT freed 390K, 77% free 1433K/6019K, paused 1ms+1ms
D/dalvikvm( 1142): GC_CONCURRENT freed 511K, 79% free 1308K/6019K, paused 0ms+1ms
D/dalvikvm( 1142): GC_CONCURRENT freed 368K, 76% free 1450K/6019K, paused 1ms+1ms
D/dalvikvm( 1142): GC_CONCURRENT freed 508K, 77% free 1440K/6019K, paused 0ms+1ms
D/MonitorCw880( 5694): counter=2 && isHeartbeatTimeout=true
D/dalvikvm( 1142): GC_CONCURRENT freed 520K, 77% free 1397K/6019K, paused 0ms+1ms
D/dalvikvm( 1142): GC_CONCURRENT freed 472K, 77% free 1433K/6019K, paused 1ms+1ms
D/dalvikvm( 1142): GC_CONCURRENT freed 542K, 78% free 1332K/6019K, paused 1ms+1ms
D/dalvikvm( 1142): GC_CONCURRENT freed 412K, 79% free 1313K/6019K, paused 1ms+1ms
D/dalvikvm( 1142): GC_CONCURRENT freed 410K, 77% free 1413K/6019K, paused 1ms+1ms
D/dalvikvm( 1142): GC_CONCURRENT freed 475K, 78% free 1324K/6019K, paused 0ms+1ms
D/dalvikvm( 1142): GC_CONCURRENT freed 394K, 77% free 1397K/6019K, paused 0ms+1ms
D/dalvikvm( 1142): GC_CONCURRENT freed 478K, 79% free 1322K/6019K, paused 0ms+1ms
D/dalvikvm( 1142): GC_CONCURRENT freed 373K, 78% free 1338K/6019K, paused 1ms+1ms
D/dalvikvm( 1142): GC_CONCURRENT freed 415K, 77% free 1411K/6019K, paused 1ms+2ms
D/dalvikvm( 1142): GC_CONCURRENT freed 482K, 78% free 1383K/6019K, paused 1ms+1ms
D/MonitorCw880( 5694): counter=2 && isHeartbeatTimeout=true
D/dalvikvm( 1142): GC_CONCURRENT freed 449K, 78% free 1326K/6019K, paused 1ms+1ms
D/dalvikvm( 1142): GC_CONCURRENT freed 403K, 79% free 1321K/6019K, paused 1ms+1ms
D/dalvikvm( 1142): GC_CONCURRENT freed 396K, 79% free 1319K/6019K, paused 1ms+1ms
D/dalvikvm( 1142): GC_CONCURRENT freed 394K, 79% free 1320K/6019K, paused 1ms+1ms
D/dalvikvm( 1142): GC_CONCURRENT freed 394K, 79% free 1312K/6019K, paused 1ms+1ms
D/dalvikvm( 1142): GC_CONCURRENT freed 392K, 79% free 1320K/6019K, paused 1ms+1ms
D/dalvikvm( 1142): GC_CONCURRENT freed 405K, 78% free 1324K/6019K, paused 1ms+1ms
D/dalvikvm( 1142): GC_CONCURRENT freed 393K, 78% free 1324K/6019K, paused 1ms+1ms
D/dalvikvm( 1142): GC_CONCURRENT freed 393K, 78% free 1325K/6019K, paused 1ms+1ms
D/dalvikvm( 1142): GC_CONCURRENT freed 404K, 79% free 1321K/6019K, paused 1ms+1ms
D/MonitorCw880( 5694): counter=2 && isHeartbeatTimeout=true
D/dalvikvm( 1142): GC_CONCURRENT freed 407K, 79% free 1323K/6019K, paused 0ms+2ms
D/dalvikvm( 1142): GC_CONCURRENT freed 393K, 79% free 1323K/6019K, paused 1ms+1ms
D/dalvikvm( 1142): GC_CONCURRENT freed 393K, 79% free 1323K/6019K, paused 1ms+1ms
D/MonitorCw880( 5694): counter=2 && isHeartbeatTimeout=true
D/dalvikvm( 1142): GC_CONCURRENT freed 393K, 78% free 1324K/6019K, paused 0ms+1ms
D/dalvikvm( 1142): GC_CONCURRENT freed 393K, 79% free 1324K/6019K, paused 1ms+1ms
D/dalvikvm( 1142): GC_CONCURRENT freed 393K, 78% free 1324K/6019K, paused 1ms+1ms
D/MonitorCw880( 5694): counter=2 && isHeartbeatTimeout=true
D/dalvikvm( 1142): GC_CONCURRENT freed 392K, 78% free 1325K/6019K, paused 1ms+2ms
D/dalvikvm( 1142): GC_CONCURRENT freed 403K, 78% free 1337K/6019K, paused 1ms+1ms
D/dalvikvm( 1142): GC_CONCURRENT freed 409K, 77% free 1430K/6019K, paused 0ms+1ms
D/dalvikvm( 1142): GC_CONCURRENT freed 502K, 79% free 1312K/6019K, paused 1ms+1ms
D/MonitorCw880( 5694): counter=2 && isHeartbeatTimeout=true
D/dalvikvm( 1142): GC_CONCURRENT freed 394K, 79% free 1311K/6019K, paused 1ms+1ms
D/dalvikvm( 1142): GC_CONCURRENT freed 391K, 78% free 1343K/6019K, paused 1ms+1ms
D/dalvikvm( 1142): GC_CONCURRENT freed 416K, 79% free 1313K/6019K, paused 1ms+1ms
D/dalvikvm( 1142): GC_CONCURRENT freed 393K, 79% free 1321K/6019K, paused 1ms+1ms
D/HomePlayerLib( 1142): hostaddress count is 2
D/dalvikvm( 1142): GC_CONCURRENT freed 402K, 77% free 1418K/6019K, paused 0ms+1ms
D/dalvikvm( 1142): GC_CONCURRENT freed 486K, 77% free 1438K/6019K, paused 1ms+2ms
D/dalvikvm( 1142): GC_CONCURRENT freed 506K, 77% free 1429K/6019K, paused 1ms+0ms
D/dalvikvm( 1142): GC_CONCURRENT freed 487K, 78% free 1327K/6019K, paused 1ms+1ms
D/dalvikvm( 1142): GC_CONCURRENT freed 392K, 78% free 1328K/6019K, paused 1ms+1ms
D/dalvikvm( 1142): GC_CONCURRENT freed 392K, 78% free 1329K/6019K, paused 0ms+1ms
D/dalvikvm( 1142): GC_CONCURRENT freed 408K, 77% free 1433K/6019K, paused 0ms+1ms
D/dalvikvm( 1142): GC_CONCURRENT freed 511K, 77% free 1423K/6019K, paused 1ms+1ms
D/dalvikvm( 1142): GC_CONCURRENT freed 491K, 77% free 1443K/6019K, paused 1ms+1ms
D/dalvikvm( 1142): GC_CONCURRENT freed 522K, 77% free 1431K/6019K, paused 0ms+1ms
D/dalvikvm( 1142): GC_CONCURRENT freed 487K, 78% free 1375K/6019K, paused 1ms+1ms
D/dalvikvm( 1142): GC_CONCURRENT freed 459K, 77% free 1422K/6019K, paused 1ms+1ms
D/dalvikvm( 1142): GC_CONCURRENT freed 497K, 77% free 1437K/6019K, paused 1ms+1ms
D/dalvikvm( 1142): GC_CONCURRENT freed 507K, 78% free 1327K/6019K, paused 1ms+0ms
D/dalvikvm( 1142): GC_CONCURRENT freed 403K, 77% free 1432K/6019K, paused 1ms+1ms
D/dalvikvm( 1142): GC_CONCURRENT freed 490K, 76% free 1451K/6019K, paused 1ms+1ms
D/dalvikvm( 1142): GC_CONCURRENT freed 514K, 78% free 1351K/6019K, paused 1ms+1ms
D/dalvikvm( 1142): GC_CONCURRENT freed 415K, 77% free 1437K/6019K, paused 1ms+1ms
D/dalvikvm( 1142): GC_CONCURRENT freed 504K, 77% free 1440K/6019K, paused 0ms+1ms
D/dalvikvm( 1142): GC_CONCURRENT freed 527K, 77% free 1419K/6019K, paused 0ms+1ms
D/MonitorCw880( 5694): counter=2 && isHeartbeatTimeout=true
D/dalvikvm( 1142): GC_CONCURRENT freed 486K, 77% free 1441K/6019K, paused 1ms+1ms
D/dalvikvm( 1142): GC_CONCURRENT freed 501K, 78% free 1373K/6019K, paused 1ms+1ms
D/dalvikvm( 1142): GC_CONCURRENT freed 447K, 78% free 1383K/6019K, paused 1ms+1ms
D/MonitorCw880( 5694): counter=2 && isHeartbeatTimeout=true
D/dalvikvm( 1142): GC_CONCURRENT freed 449K, 78% free 1324K/6019K, paused 1ms+1ms
D/dalvikvm( 1142): GC_CONCURRENT freed 393K, 78% free 1324K/6019K, paused 1ms+1ms
D/dalvikvm( 1142): GC_CONCURRENT freed 393K, 78% free 1324K/6019K, paused 1ms+1ms
D/dalvikvm( 1142): GC_CONCURRENT freed 393K, 78% free 1324K/6019K, paused 1ms+1ms
D/dalvikvm( 1142): GC_CONCURRENT freed 393K, 78% free 1324K/6019K, paused 1ms+1ms
D/dalvikvm( 1142): GC_CONCURRENT freed 393K, 78% free 1325K/6019K, paused 1ms+1ms
D/dalvikvm( 1142): GC_CONCURRENT freed 401K, 79% free 1321K/6019K, paused 1ms+1ms
D/dalvikvm( 1142): GC_CONCURRENT freed 396K, 79% free 1319K/6019K, paused 1ms+1ms
D/dalvikvm( 1142): GC_CONCURRENT freed 394K, 79% free 1312K/6019K, paused 1ms+1ms
D/dalvikvm( 1142): GC_CONCURRENT freed 393K, 79% free 1311K/6019K, paused 1ms+1ms
D/dalvikvm( 1142): GC_CONCURRENT freed 393K, 77% free 1426K/6019K, paused 1ms+1ms
D/dalvikvm( 1142): GC_CONCURRENT freed 485K, 78% free 1330K/6019K, paused 1ms+1ms
D/MonitorCw880( 5694): counter=2 && isHeartbeatTimeout=true
D/dalvikvm( 1142): GC_CONCURRENT freed 403K, 77% free 1437K/6019K, paused 1ms+1ms
D/dalvikvm( 1142): GC_CONCURRENT freed 517K, 77% free 1427K/6019K, paused 1ms+1ms
D/dalvikvm( 1142): GC_CONCURRENT freed 486K, 78% free 1330K/6019K, paused 0ms+1ms
D/dalvikvm( 1142): GC_CONCURRENT freed 404K, 77% free 1437K/6019K, paused 1ms+1ms
D/dalvikvm( 1142): GC_CONCURRENT freed 516K, 79% free 1312K/6019K, paused 0ms+1ms
D/dalvikvm( 1142): GC_CONCURRENT freed 394K, 77% free 1424K/6019K, paused 1ms+1ms
D/dalvikvm( 1142): GC_CONCURRENT freed 496K, 77% free 1423K/6019K, paused 1ms+1ms
D/dalvikvm( 1142): GC_CONCURRENT freed 501K, 77% free 1418K/6019K, paused 1ms+1ms
D/dalvikvm( 1142): GC_CONCURRENT freed 484K, 78% free 1325K/6019K, paused 1ms+1ms
D/dalvikvm( 1142): GC_CONCURRENT freed 405K, 77% free 1428K/6019K, paused 1ms+1ms
D/dalvikvm( 1142): GC_CONCURRENT freed 490K, 77% free 1407K/6019K, paused 0ms+1ms
D/MonitorCw880( 5694): counter=2 && isHeartbeatTimeout=true
D/dalvikvm( 1142): GC_CONCURRENT freed 475K, 78% free 1325K/6019K, paused 1ms+1ms
D/MonitorCw880( 5694): counter=2 && isHeartbeatTimeout=true
D/dalvikvm( 1142): GC_CONCURRENT freed 392K, 78% free 1325K/6019K, paused 1ms+1ms
D/dalvikvm( 1142): GC_CONCURRENT freed 403K, 78% free 1337K/6019K, paused 1ms+2ms
D/dalvikvm( 1142): GC_CONCURRENT freed 409K, 78% free 1324K/6019K, paused 1ms+1ms
D/dalvikvm( 1142): GC_CONCURRENT freed 394K, 79% free 1324K/6019K, paused 1ms+1ms
D/dalvikvm( 1142): GC_CONCURRENT freed 394K, 77% free 1430K/6019K, paused 1ms+1ms
D/dalvikvm( 1142): GC_CONCURRENT freed 512K, 78% free 1331K/6019K, paused 1ms+1ms
D/MonitorCw880( 5694): counter=2 && isHeartbeatTimeout=true
D/dalvikvm( 1142): GC_CONCURRENT freed 404K, 79% free 1312K/6019K, paused 1ms+1ms
D/dalvikvm( 1142): GC_CONCURRENT freed 394K, 77% free 1429K/6019K, paused 1ms+1ms
D/HomePlayerLib( 1142): hostaddress count is 2
D/dalvikvm( 1142): GC_CONCURRENT freed 576K, 78% free 1361K/6019K, paused 1ms+1ms
D/dalvikvm( 1142): GC_CONCURRENT freed 439K, 77% free 1404K/6019K, paused 1ms+1ms
D/dalvikvm( 1142): GC_CONCURRENT freed 501K, 79% free 1302K/6019K, paused 1ms+0ms
D/dalvikvm( 1142): GC_CONCURRENT freed 425K, 75% free 1513K/6019K, paused 1ms+1ms
D/dalvikvm( 1142): GC_CONCURRENT freed 570K, 78% free 1348K/6019K, paused 1ms+1ms
D/dalvikvm( 1142): GC_CONCURRENT freed 406K, 78% free 1380K/6019K, paused 1ms+1ms
D/dalvikvm( 1142): GC_CONCURRENT freed 446K, 78% free 1327K/6019K, paused 1ms+1ms
D/dalvikvm( 1142): GC_CONCURRENT freed 441K, 77% free 1390K/6019K, paused 1ms+1ms
D/dalvikvm( 1142): GC_CONCURRENT freed 448K, 77% free 1413K/6019K, paused 0ms+1ms
D/dalvikvm( 1142): GC_CONCURRENT freed 489K, 77% free 1435K/6019K, paused 1ms+1ms
D/dalvikvm( 1142): GC_CONCURRENT freed 496K, 76% free 1455K/6019K, paused 1ms+1ms
D/dalvikvm( 1142): GC_CONCURRENT freed 516K, 77% free 1414K/6019K, paused 1ms+1ms
D/dalvikvm( 1142): GC_CONCURRENT freed 484K, 77% free 1428K/6019K, paused 1ms+1ms
D/dalvikvm( 1142): GC_CONCURRENT freed 490K, 77% free 1442K/6019K, paused 0ms+1ms
D/dalvikvm( 1142): GC_CONCURRENT freed 514K, 78% free 1330K/6019K, paused 1ms+1ms
D/dalvikvm( 1142): GC_CONCURRENT freed 406K, 76% free 1477K/6019K, paused 1ms+1ms
D/dalvikvm( 1142): GC_CONCURRENT freed 543K, 77% free 1386K/6019K, paused 1ms+1ms
D/dalvikvm( 1142): GC_CONCURRENT freed 463K, 78% free 1328K/6019K, paused 1ms+1ms
D/dalvikvm( 1142): GC_CONCURRENT freed 401K, 79% free 1316K/6019K, paused 1ms+1ms
D/dalvikvm( 1142): GC_CONCURRENT freed 395K, 78% free 1351K/6019K, paused 1ms+1ms
D/dalvikvm( 1142): GC_CONCURRENT freed 419K, 77% free 1409K/6019K, paused 1ms+1ms
D/dalvikvm( 1142): GC_CONCURRENT freed 476K, 78% free 1324K/6019K, paused 0ms+1ms
D/MonitorCw880( 5694): counter=2 && isHeartbeatTimeout=true
D/dalvikvm( 1142): GC_CONCURRENT freed 394K, 78% free 1370K/6019K, paused 1ms+1ms
D/dalvikvm( 1142): GC_CONCURRENT freed 443K, 79% free 1313K/6019K, paused 0ms+1ms
D/dalvikvm( 1142): GC_CONCURRENT freed 395K, 79% free 1310K/6019K, paused 1ms+1ms
D/dalvikvm( 1142): GC_CONCURRENT freed 394K, 79% free 1311K/6019K, paused 1ms+1ms
D/dalvikvm( 1142): GC_CONCURRENT freed 393K, 77% free 1434K/6019K, paused 1ms+1ms
D/MonitorCw880( 5694): counter=2 && isHeartbeatTimeout=true
D/dalvikvm( 1142): GC_CONCURRENT freed 514K, 78% free 1344K/6019K, paused 1ms+1ms
D/dalvikvm( 1142): GC_CONCURRENT freed 417K, 77% free 1395K/6019K, paused 1ms+1ms
D/dalvikvm( 1142): GC_CONCURRENT freed 476K, 78% free 1337K/6019K, paused 1ms+1ms
D/dalvikvm( 1142): GC_CONCURRENT freed 407K, 78% free 1324K/6019K, paused 1ms+1ms
D/dalvikvm( 1142): GC_CONCURRENT freed 393K, 78% free 1324K/6019K, paused 1ms+1ms
D/dalvikvm( 1142): GC_CONCURRENT freed 393K, 78% free 1324K/6019K, paused 1ms+1ms
D/dalvikvm( 1142): GC_CONCURRENT freed 393K, 78% free 1325K/6019K, paused 0ms+1ms
D/dalvikvm( 1142): GC_CONCURRENT freed 401K, 79% free 1321K/6019K, paused 1ms+2ms
D/dalvikvm( 1142): GC_CONCURRENT freed 396K, 78% free 1337K/6019K, paused 1ms+1ms
D/dalvikvm( 1142): GC_CONCURRENT freed 407K, 78% free 1324K/6019K, paused 1ms+2ms
D/dalvikvm( 1142): GC_CONCURRENT freed 394K, 78% free 1324K/6019K, paused 1ms+1ms
D/MonitorCw880( 5694): counter=2 && isHeartbeatTimeout=true
D/dalvikvm( 1142): GC_CONCURRENT freed 394K, 78% free 1324K/6019K, paused 1ms+1ms
D/MonitorCw880( 5694): counter=2 && isHeartbeatTimeout=true
D/MonitorCw880( 5694): counter=2 && isHeartbeatTimeout=true
D/dalvikvm( 1142): GC_CONCURRENT freed 392K, 79% free 1323K/6019K, paused 1ms+1ms
D/dalvikvm( 1142): GC_CONCURRENT freed 392K, 78% free 1324K/6019K, paused 1ms+1ms
D/dalvikvm( 1142): GC_CONCURRENT freed 393K, 78% free 1325K/6019K, paused 1ms+2ms
D/dalvikvm( 1142): GC_CONCURRENT freed 401K, 79% free 1321K/6019K, paused 0ms+1ms
D/dalvikvm( 1142): GC_CONCURRENT freed 396K, 79% free 1319K/6019K, paused 1ms+1ms
D/dalvikvm( 1142): GC_CONCURRENT freed 394K, 79% free 1311K/6019K, paused 1ms+2ms
D/dalvikvm( 1142): GC_CONCURRENT freed 393K, 77% free 1418K/6019K, paused 0ms+1ms
D/dalvikvm( 1142): GC_CONCURRENT freed 487K, 78% free 1325K/6019K, paused 0ms+1ms
D/HomePlayerLib( 1142): hostaddress count is 2
D/dalvikvm( 1142): GC_CONCURRENT freed 411K, 79% free 1308K/6019K, paused 1ms+1ms
D/MonitorCw880( 5694): counter=2 && isHeartbeatTimeout=true
D/dalvikvm( 1142): GC_CONCURRENT freed 386K, 78% free 1362K/6019K, paused 0ms+1ms
D/dalvikvm( 1142): GC_CONCURRENT freed 428K, 78% free 1336K/6019K, paused 1ms+1ms
D/dalvikvm( 1142): GC_CONCURRENT freed 411K, 79% free 1319K/6019K, paused 0ms+1ms
D/dalvikvm( 1142): GC_CONCURRENT freed 378K, 78% free 1327K/6019K, paused 1ms+1ms
D/dalvikvm( 1142): GC_CONCURRENT freed 391K, 78% free 1329K/6019K, paused 1ms+1ms
D/dalvikvm( 1142): GC_CONCURRENT freed 392K, 78% free 1329K/6019K, paused 1ms+1ms
D/dalvikvm( 1142): GC_CONCURRENT freed 403K, 76% free 1450K/6019K, paused 1ms+1ms
D/dalvikvm( 1142): GC_CONCURRENT freed 519K, 77% free 1443K/6019K, paused 0ms+1ms
D/dalvikvm( 1142): GC_CONCURRENT freed 535K, 77% free 1419K/6019K, paused 1ms+1ms
D/dalvikvm( 1142): GC_CONCURRENT freed 553K, 78% free 1377K/6019K, paused 0ms+1ms
D/dalvikvm( 1142): GC_CONCURRENT freed 453K, 78% free 1328K/6019K, paused 1ms+1ms
D/dalvikvm( 1142): GC_CONCURRENT freed 411K, 79% free 1301K/6019K, paused 2ms+1ms
D/dalvikvm( 1142): GC_CONCURRENT freed 369K, 78% free 1327K/6019K, paused 1ms+1ms
D/dalvikvm( 1142): GC_CONCURRENT freed 393K, 78% free 1328K/6019K, paused 1ms+1ms
D/dalvikvm( 1142): GC_CONCURRENT freed 394K, 78% free 1328K/6019K, paused 0ms+1ms
D/dalvikvm( 1142): GC_CONCURRENT freed 393K, 78% free 1328K/6019K, paused 1ms+1ms
D/dalvikvm( 1142): GC_CONCURRENT freed 409K, 79% free 1305K/6019K, paused 1ms+1ms
D/dalvikvm( 1142): GC_CONCURRENT freed 367K, 77% free 1436K/6019K, paused 1ms+1ms
D/dalvikvm( 1142): GC_CONCURRENT freed 507K, 77% free 1436K/6019K, paused 1ms+1ms
D/dalvikvm( 1142): GC_CONCURRENT freed 584K, 78% free 1364K/6019K, paused 1ms+1ms
D/dalvikvm( 1142): GC_CONCURRENT freed 457K, 77% free 1409K/6019K, paused 1ms+1ms
D/dalvikvm( 1142): GC_CONCURRENT freed 489K, 79% free 1313K/6019K, paused 0ms+1ms
D/dalvikvm( 1142): GC_CONCURRENT freed 396K, 79% free 1311K/6019K, paused 1ms+1ms
D/dalvikvm( 1142): GC_CONCURRENT freed 393K, 77% free 1424K/6019K, paused 1ms+1ms
D/dalvikvm( 1142): GC_CONCURRENT freed 496K, 78% free 1383K/6019K, paused 1ms+1ms
D/MonitorCw880( 5694): counter=2 && isHeartbeatTimeout=true
D/dalvikvm( 1142): GC_CONCURRENT freed 449K, 78% free 1324K/6019K, paused 1ms+1ms
D/dalvikvm( 1142): GC_CONCURRENT freed 394K, 78% free 1324K/6019K, paused 1ms+2ms
D/dalvikvm( 1142): GC_CONCURRENT freed 459K, 78% free 1364K/6019K, paused 0ms+1ms
D/dalvikvm( 1142): GC_CONCURRENT freed 447K, 79% free 1301K/6019K, paused 1ms+1ms
D/dalvikvm( 1142): GC_CONCURRENT freed 377K, 75% free 1530K/6019K, paused 1ms+1ms
D/dalvikvm( 1142): GC_CONCURRENT freed 595K, 78% free 1372K/6019K, paused 1ms+1ms
D/dalvikvm( 1142): GC_CONCURRENT freed 445K, 77% free 1396K/6019K, paused 1ms+1ms
D/dalvikvm( 1142): GC_CONCURRENT freed 476K, 77% free 1426K/6019K, paused 1ms+1ms
D/dalvikvm( 1142): GC_CONCURRENT freed 511K, 79% free 1309K/6019K, paused 1ms+1ms
D/dalvikvm( 1142): GC_CONCURRENT freed 393K, 79% free 1305K/6019K, paused 0ms+1ms
D/dalvikvm( 1142): GC_CONCURRENT freed 376K, 77% free 1406K/6019K, paused 0ms+1ms
D/dalvikvm( 1142): GC_CONCURRENT freed 476K, 76% free 1447K/6019K, paused 0ms+1ms
D/MonitorCw880( 5694): counter=2 && isHeartbeatTimeout=true
D/dalvikvm( 1142): GC_CONCURRENT freed 515K, 78% free 1326K/6019K, paused 1ms+1ms
D/dalvikvm( 1142): GC_CONCURRENT freed 403K, 79% free 1321K/6019K, paused 1ms+1ms
D/dalvikvm( 1142): GC_CONCURRENT freed 396K, 79% free 1310K/6019K, paused 1ms+1ms
D/dalvikvm( 1142): GC_CONCURRENT freed 392K, 79% free 1311K/6019K, paused 0ms+1ms
D/dalvikvm( 1142): GC_CONCURRENT freed 392K, 79% free 1312K/6019K, paused 1ms+1ms
D/dalvikvm( 1142): GC_CONCURRENT freed 393K, 79% free 1311K/6019K, paused 1ms+1ms
D/dalvikvm( 1142): GC_CONCURRENT freed 393K, 79% free 1320K/6019K, paused 1ms+2ms
D/dalvikvm( 1142): GC_CONCURRENT freed 393K, 79% free 1312K/6019K, paused 1ms+1ms
D/dalvikvm( 1142): GC_CONCURRENT freed 393K, 79% free 1312K/6019K, paused 1ms+1ms
D/dalvikvm( 1142): GC_CONCURRENT freed 398K, 79% free 1310K/6019K, paused 1ms+2ms
D/dalvikvm( 1142): GC_CONCURRENT freed 385K, 77% free 1407K/6019K, paused 1ms+1ms
D/MonitorCw880( 5694): counter=2 && isHeartbeatTimeout=true
D/MonitorCw880( 5694): counter=2 && isHeartbeatTimeout=true
D/dalvikvm( 1142): GC_CONCURRENT freed 475K, 78% free 1325K/6019K, paused 1ms+1ms
D/dalvikvm( 1142): GC_CONCURRENT freed 393K, 78% free 1324K/6019K, paused 1ms+1ms
D/dalvikvm( 1142): GC_CONCURRENT freed 393K, 78% free 1324K/6019K, paused 1ms+1ms
D/dalvikvm( 1142): GC_CONCURRENT freed 393K, 78% free 1324K/6019K, paused 1ms+1ms
D/dalvikvm( 1142): GC_CONCURRENT freed 393K, 78% free 1325K/6019K, paused 1ms+1ms
D/MonitorCw880( 5694): counter=2 && isHeartbeatTimeout=true
D/dalvikvm( 1142): GC_CONCURRENT freed 403K, 79% free 1312K/6019K, paused 1ms+1ms
D/dalvikvm( 1142): GC_CONCURRENT freed 395K, 79% free 1310K/6019K, paused 1ms+1ms
D/dalvikvm( 1142): GC_CONCURRENT freed 394K, 77% free 1443K/6019K, paused 1ms+0ms
D/dalvikvm( 1142): GC_CONCURRENT freed 514K, 77% free 1385K/6019K, paused 1ms+1ms
D/dalvikvm( 1142): GC_CONCURRENT freed 459K, 77% free 1437K/6019K, paused 1ms+1ms
D/dalvikvm( 1142): GC_CONCURRENT freed 517K, 78% free 1380K/6019K, paused 1ms+1ms
D/dalvikvm( 1142): GC_CONCURRENT freed 446K, 78% free 1325K/6019K, paused 1ms+1ms
D/dalvikvm( 1142): GC_CONCURRENT freed 394K, 78% free 1325K/6019K, paused 1ms+1ms
D/HomePlayerLib( 1142): hostaddress count is 2
D/dalvikvm( 1142): GC_CONCURRENT freed 411K, 79% free 1318K/6019K, paused 1ms+1ms
D/dalvikvm( 1142): GC_CONCURRENT freed 399K, 79% free 1312K/6019K, paused 1ms+2ms
D/dalvikvm( 1142): GC_CONCURRENT freed 349K, 77% free 1409K/6019K, paused 1ms+1ms
D/dalvikvm( 1142): GC_CONCURRENT freed 488K, 79% free 1324K/6019K, paused 1ms+1ms
D/dalvikvm( 1142): GC_CONCURRENT freed 405K, 79% free 1302K/6019K, paused 1ms+1ms
D/dalvikvm( 1142): GC_CONCURRENT freed 391K, 77% free 1423K/6019K, paused 1ms+1ms
D/dalvikvm( 1142): GC_CONCURRENT freed 489K, 78% free 1337K/6019K, paused 1ms+1ms
D/dalvikvm( 1142): GC_CONCURRENT freed 403K, 77% free 1425K/6019K, paused 1ms+1ms
D/dalvikvm( 1142): GC_CONCURRENT freed 513K, 77% free 1419K/6019K, paused 1ms+1ms
D/MonitorCw880( 5694): counter=2 && isHeartbeatTimeout=true
D/dalvikvm( 1142): GC_CONCURRENT freed 499K, 77% free 1431K/6019K, paused 0ms+1ms
D/dalvikvm( 1142): GC_CONCURRENT freed 508K, 78% free 1354K/6019K, paused 1ms+1ms
D/dalvikvm( 1142): GC_CONCURRENT freed 436K, 78% free 1333K/6019K, paused 1ms+1ms
D/dalvikvm( 1142): GC_CONCURRENT freed 388K, 77% free 1394K/6019K, paused 1ms+1ms
D/dalvikvm( 1142): GC_FOR_ALLOC freed 600K, 79% free 1305K/6019K, paused 11ms
D/dalvikvm( 1142): GC_CONCURRENT freed 7K, 78% free 1328K/6019K, paused 1ms+1ms
D/dalvikvm( 1142): GC_CONCURRENT freed 393K, 79% free 1323K/6019K, paused 0ms+1ms
D/dalvikvm( 1142): GC_CONCURRENT freed 383K, 78% free 1325K/6019K, paused 1ms+1ms
D/dalvikvm( 1142): GC_CONCURRENT freed 394K, 79% free 1324K/6019K, paused 1ms+1ms
D/dalvikvm( 1142): GC_CONCURRENT freed 394K, 78% free 1324K/6019K, paused 1ms+2ms
D/dalvikvm( 1142): GC_CONCURRENT freed 393K, 78% free 1324K/6019K, paused 1ms+1ms
D/dalvikvm( 1142): GC_CONCURRENT freed 393K, 78% free 1324K/6019K, paused 1ms+1ms
D/dalvikvm( 1142): GC_CONCURRENT freed 393K, 78% free 1324K/6019K, paused 1ms+1ms
D/MonitorCw880( 5694): counter=2 && isHeartbeatTimeout=true
D/dalvikvm( 1142): GC_CONCURRENT freed 392K, 78% free 1324K/6019K, paused 1ms+1ms
D/dalvikvm( 1142): GC_CONCURRENT freed 392K, 78% free 1329K/6019K, paused 1ms+2ms
D/dalvikvm( 1142): GC_CONCURRENT freed 403K, 78% free 1338K/6019K, paused 1ms+1ms
D/dalvikvm( 1142): GC_CONCURRENT freed 408K, 77% free 1406K/6019K, paused 1ms+1ms
D/dalvikvm( 1142): GC_CONCURRENT freed 474K, 78% free 1325K/6019K, paused 1ms+1ms
D/dalvikvm( 1142): GC_CONCURRENT freed 394K, 78% free 1324K/6019K, paused 1ms+1ms
D/dalvikvm( 1142): GC_CONCURRENT freed 393K, 78% free 1324K/6019K, paused 1ms+0ms
D/MonitorCw880( 5694): counter=2 && isHeartbeatTimeout=true
D/dalvikvm( 1142): GC_CONCURRENT freed 393K, 78% free 1324K/6019K, paused 1ms+1ms
D/dalvikvm( 1142): GC_CONCURRENT freed 404K, 79% free 1312K/6019K, paused 0ms+1ms
D/dalvikvm( 1142): GC_CONCURRENT freed 397K, 79% free 1310K/6019K, paused 0ms+1ms
D/dalvikvm( 1142): GC_CONCURRENT freed 392K, 79% free 1311K/6019K, paused 0ms+1ms
D/dalvikvm( 1142): GC_CONCURRENT freed 392K, 77% free 1425K/6019K, paused 1ms+1ms
D/dalvikvm( 1142): GC_CONCURRENT freed 487K, 78% free 1371K/6019K, paused 1ms+1ms
D/dalvikvm( 1142): GC_CONCURRENT freed 445K, 77% free 1422K/6019K, paused 0ms+1ms
D/dalvikvm( 1142): GC_CONCURRENT freed 491K, 78% free 1325K/6019K, paused 1ms+1ms
D/MonitorCw880( 5694): counter=2 && isHeartbeatTimeout=true
D/MonitorCw880( 5694): counter=2 && isHeartbeatTimeout=true
D/dalvikvm( 1142): GC_CONCURRENT freed 393K, 79% free 1324K/6019K, paused 0ms+1ms
D/dalvikvm( 1142): GC_CONCURRENT freed 392K, 77% free 1407K/6019K, paused 1ms+1ms
D/dalvikvm( 1142): GC_CONCURRENT freed 484K, 77% free 1396K/6019K, paused 1ms+1ms
D/dalvikvm( 1142): GC_CONCURRENT freed 478K, 77% free 1426K/6019K, paused 1ms+1ms
D/dalvikvm( 1142): GC_CONCURRENT freed 488K, 78% free 1371K/6019K, paused 0ms+1ms
D/MonitorCw880( 5694): counter=2 && isHeartbeatTimeout=true
D/dalvikvm( 1142): GC_CONCURRENT freed 454K, 79% free 1301K/6019K, paused 1ms+1ms
D/dalvikvm( 1142): GC_CONCURRENT freed 384K, 79% free 1311K/6019K, paused 1ms+1ms
D/dalvikvm( 1142): GC_CONCURRENT freed 392K, 79% free 1312K/6019K, paused 1ms+1ms
D/dalvikvm( 1142): GC_CONCURRENT freed 392K, 78% free 1377K/6019K, paused 1ms+1ms
D/dalvikvm( 1142): GC_CONCURRENT freed 446K, 77% free 1406K/6019K, paused 1ms+1ms
D/dalvikvm( 1142): GC_CONCURRENT freed 513K, 77% free 1422K/6019K, paused 1ms+1ms
D/HomePlayerLib( 1142): hostaddress count is 2
D/dalvikvm( 1142): GC_CONCURRENT freed 523K, 77% free 1407K/6019K, paused 1ms+1ms
D/dalvikvm( 1142): GC_CONCURRENT freed 493K, 79% free 1309K/6019K, paused 1ms+1ms
D/dalvikvm( 1142): GC_CONCURRENT freed 390K, 77% free 1428K/6019K, paused 0ms+1ms
D/dalvikvm( 1142): GC_CONCURRENT freed 476K, 76% free 1461K/6019K, paused 1ms+1ms
D/dalvikvm( 1142): GC_CONCURRENT freed 533K, 77% free 1439K/6019K, paused 1ms+1ms
D/dalvikvm( 1142): GC_CONCURRENT freed 515K, 77% free 1425K/6019K, paused 1ms+1ms
D/dalvikvm( 1142): GC_CONCURRENT freed 497K, 78% free 1348K/6019K, paused 1ms+1ms
D/dalvikvm( 1142): GC_CONCURRENT freed 417K, 75% free 1522K/6019K, paused 1ms+1ms
D/dalvikvm( 1142): GC_CONCURRENT freed 613K, 77% free 1419K/6019K, paused 1ms+1ms
D/dalvikvm( 1142): GC_CONCURRENT freed 496K, 76% free 1452K/6019K, paused 1ms+1ms
D/dalvikvm( 1142): GC_CONCURRENT freed 515K, 78% free 1331K/6019K, paused 1ms+1ms
D/dalvikvm( 1142): GC_CONCURRENT freed 417K, 78% free 1329K/6019K, paused 1ms+1ms
D/dalvikvm( 1142): GC_CONCURRENT freed 396K, 78% free 1328K/6019K, paused 1ms+1ms
D/dalvikvm( 1142): GC_CONCURRENT freed 393K, 76% free 1463K/6019K, paused 1ms+1ms
D/dalvikvm( 1142): GC_CONCURRENT freed 539K, 79% free 1323K/6019K, paused 0ms+1ms
D/dalvikvm( 1142): GC_CONCURRENT freed 381K, 78% free 1327K/6019K, paused 0ms+1ms
D/dalvikvm( 1142): GC_CONCURRENT freed 398K, 77% free 1427K/6019K, paused 1ms+1ms
D/MonitorCw880( 5694): counter=2 && isHeartbeatTimeout=true
D/dalvikvm( 1142): GC_CONCURRENT freed 493K, 78% free 1335K/6019K, paused 1ms+2ms
D/dalvikvm( 1142): GC_CONCURRENT freed 395K, 78% free 1328K/6019K, paused 0ms+1ms
D/dalvikvm( 1142): GC_CONCURRENT freed 393K, 77% free 1423K/6019K, paused 1ms+1ms
D/dalvikvm( 1142): GC_CONCURRENT freed 494K, 78% free 1331K/6019K, paused 1ms+1ms
D/dalvikvm( 1142): GC_CONCURRENT freed 396K, 78% free 1383K/6019K, paused 0ms+1ms
D/dalvikvm( 1142): GC_CONCURRENT freed 460K, 77% free 1430K/6019K, paused 1ms+1ms
D/dalvikvm( 1142): GC_CONCURRENT freed 486K, 78% free 1335K/6019K, paused 1ms+1ms
D/dalvikvm( 1142): GC_CONCURRENT freed 405K, 76% free 1467K/6019K, paused 1ms+1ms
D/dalvikvm( 1142): GC_CONCURRENT freed 543K, 77% free 1433K/6019K, paused 1ms+1ms
D/dalvikvm( 1142): GC_CONCURRENT freed 517K, 79% free 1308K/6019K, paused 1ms+1ms
D/dalvikvm( 1142): GC_CONCURRENT freed 379K, 77% free 1423K/6019K, paused 0ms+1ms
D/dalvikvm( 1142): GC_CONCURRENT freed 503K, 79% free 1304K/6019K, paused 0ms+1ms
D/dalvikvm( 1142): GC_CONCURRENT freed 366K, 79% free 1324K/6019K, paused 1ms+1ms
D/dalvikvm( 1142): GC_CONCURRENT freed 392K, 78% free 1324K/6019K, paused 1ms+1ms
D/MonitorCw880( 5694): counter=2 && isHeartbeatTimeout=true
D/dalvikvm( 1142): GC_CONCURRENT freed 393K, 78% free 1325K/6019K, paused 1ms+2ms
D/dalvikvm( 1142): GC_CONCURRENT freed 393K, 78% free 1324K/6019K, paused 0ms+1ms
D/dalvikvm( 1142): GC_CONCURRENT freed 404K, 79% free 1312K/6019K, paused 1ms+1ms
D/dalvikvm( 1142): GC_CONCURRENT freed 395K, 79% free 1310K/6019K, paused 1ms+1ms
D/dalvikvm( 1142): GC_CONCURRENT freed 392K, 77% free 1425K/6019K, paused 0ms+1ms
D/dalvikvm( 1142): GC_CONCURRENT freed 487K, 77% free 1412K/6019K, paused 1ms+1ms
D/dalvikvm( 1142): GC_CONCURRENT freed 486K, 77% free 1397K/6019K, paused 1ms+1ms
D/dalvikvm( 1142): GC_CONCURRENT freed 478K, 77% free 1426K/6019K, paused 1ms+1ms
D/dalvikvm( 1142): GC_CONCURRENT freed 486K, 78% free 1371K/6019K, paused 0ms+1ms
D/dalvikvm( 1142): GC_CONCURRENT freed 444K, 79% free 1322K/6019K, paused 1ms+1ms
D/MonitorCw880( 5694): counter=2 && isHeartbeatTimeout=true
D/dalvikvm( 1142): GC_CONCURRENT freed 396K, 79% free 1319K/6019K, paused 1ms+1ms
D/dalvikvm( 1142): GC_CONCURRENT freed 394K, 79% free 1320K/6019K, paused 1ms+1ms
D/dalvikvm( 1142): GC_CONCURRENT freed 394K, 79% free 1320K/6019K, paused 1ms+1ms
D/MonitorCw880( 5694): counter=2 && isHeartbeatTimeout=true
D/dalvikvm( 1142): GC_CONCURRENT freed 405K, 78% free 1324K/6019K, paused 1ms+1ms
D/dalvikvm( 1142): GC_CONCURRENT freed 392K, 78% free 1324K/6019K, paused 1ms+1ms
D/dalvikvm( 1142): GC_CONCURRENT freed 393K, 78% free 1324K/6019K, paused 1ms+1ms
D/dalvikvm( 1142): GC_CONCURRENT freed 393K, 78% free 1325K/6019K, paused 1ms+2ms
D/MonitorCw880( 5694): counter=2 && isHeartbeatTimeout=true
D/dalvikvm( 1142): GC_CONCURRENT freed 404K, 79% free 1321K/6019K, paused 0ms+1ms
D/dalvikvm( 1142): GC_CONCURRENT freed 407K, 79% free 1307K/6019K, paused 1ms+1ms
D/dalvikvm( 1142): GC_CONCURRENT freed 381K, 79% free 1320K/6019K, paused 1ms+1ms
D/dalvikvm( 1142): GC_CONCURRENT freed 393K, 79% free 1320K/6019K, paused 1ms+1ms
D/dalvikvm( 1142): GC_CONCURRENT freed 393K, 79% free 1320K/6019K, paused 1ms+1ms
D/dalvikvm( 1142): GC_CONCURRENT freed 393K, 79% free 1320K/6019K, paused 1ms+1ms
D/dalvikvm( 1142): GC_CONCURRENT freed 393K, 79% free 1320K/6019K, paused 1ms+1ms
D/MonitorCw880( 5694): counter=2 && isHeartbeatTimeout=true
D/dalvikvm( 1142): GC_CONCURRENT freed 404K, 78% free 1325K/6019K, paused 1ms+1ms
D/dalvikvm( 1142): GC_CONCURRENT freed 403K, 79% free 1312K/6019K, paused 1ms+1ms
D/dalvikvm( 1142): GC_CONCURRENT freed 396K, 78% free 1336K/6019K, paused 1ms+1ms
D/dalvikvm( 1142): GC_CONCURRENT freed 407K, 78% free 1324K/6019K, paused 1ms+1ms
D/dalvikvm( 1142): GC_CONCURRENT freed 404K, 78% free 1359K/6019K, paused 1ms+1ms
D/HomePlayerLib( 1142): hostaddress count is 2
D/dalvikvm( 1142): GC_CONCURRENT freed 433K, 79% free 1314K/6019K, paused 1ms+1ms
D/dalvikvm( 1142): GC_CONCURRENT freed 390K, 78% free 1350K/6019K, paused 1ms+1ms
D/dalvikvm( 1142): GC_CONCURRENT freed 422K, 79% free 1323K/6019K, paused 1ms+1ms
D/dalvikvm( 1142): GC_CONCURRENT freed 405K, 78% free 1326K/6019K, paused 1ms+1ms
D/dalvikvm( 1142): GC_CONCURRENT freed 390K, 78% free 1328K/6019K, paused 1ms+1ms
D/dalvikvm( 1142): GC_CONCURRENT freed 392K, 78% free 1327K/6019K, paused 1ms+1ms
D/dalvikvm( 1142): GC_CONCURRENT freed 390K, 78% free 1328K/6019K, paused 1ms+1ms
D/dalvikvm( 1142): GC_CONCURRENT freed 393K, 78% free 1329K/6019K, paused 1ms+1ms
D/dalvikvm( 1142): GC_CONCURRENT freed 392K, 78% free 1327K/6019K, paused 1ms+1ms
D/dalvikvm( 1142): GC_CONCURRENT freed 403K, 79% free 1317K/6019K, paused 1ms+1ms
D/dalvikvm( 1142): GC_CONCURRENT freed 393K, 79% free 1312K/6019K, paused 1ms+1ms
D/dalvikvm( 1142): GC_CONCURRENT freed 380K, 78% free 1325K/6019K, paused 1ms+1ms
D/dalvikvm( 1142): GC_CONCURRENT freed 392K, 78% free 1328K/6019K, paused 0ms+1ms
D/dalvikvm( 1142): GC_CONCURRENT freed 393K, 78% free 1326K/6019K, paused 1ms+0ms
D/dalvikvm( 1142): GC_CONCURRENT freed 390K, 78% free 1328K/6019K, paused 1ms+1ms
D/MonitorCw880( 5694): counter=2 && isHeartbeatTimeout=true
D/dalvikvm( 1142): GC_CONCURRENT freed 392K, 78% free 1328K/6019K, paused 1ms+2ms
D/dalvikvm( 1142): GC_CONCURRENT freed 393K, 78% free 1327K/6019K, paused 1ms+1ms
D/dalvikvm( 1142): GC_CONCURRENT freed 391K, 78% free 1329K/6019K, paused 1ms+1ms
D/dalvikvm( 1142): GC_CONCURRENT freed 409K, 79% free 1304K/6019K, paused 1ms+1ms
D/dalvikvm( 1142): GC_CONCURRENT freed 377K, 79% free 1324K/6019K, paused 1ms+1ms
D/dalvikvm( 1142): GC_CONCURRENT freed 393K, 79% free 1324K/6019K, paused 1ms+1ms
D/dalvikvm( 1142): GC_CONCURRENT freed 393K, 78% free 1324K/6019K, paused 1ms+1ms
D/dalvikvm( 1142): GC_CONCURRENT freed 393K, 78% free 1324K/6019K, paused 1ms+1ms
D/dalvikvm( 1142): GC_CONCURRENT freed 393K, 77% free 1430K/6019K, paused 1ms+1ms
D/dalvikvm( 1142): GC_CONCURRENT freed 512K, 79% free 1310K/6019K, paused 1ms+1ms
D/MonitorCw880( 5694): counter=2 && isHeartbeatTimeout=true
D/dalvikvm( 1142): GC_CONCURRENT freed 379K, 78% free 1325K/6019K, paused 1ms+1ms
D/dalvikvm( 1142): GC_CONCURRENT freed 394K, 79% free 1323K/6019K, paused 1ms+1ms
D/dalvikvm( 1142): GC_CONCURRENT freed 394K, 77% free 1420K/6019K, paused 1ms+1ms
D/dalvikvm( 1142): GC_CONCURRENT freed 501K, 79% free 1304K/6019K, paused 0ms+1ms
D/dalvikvm( 1142): GC_CONCURRENT freed 367K, 79% free 1324K/6019K, paused 1ms+1ms
D/dalvikvm( 1142): GC_CONCURRENT freed 393K, 78% free 1329K/6019K, paused 1ms+1ms
D/dalvikvm( 1142): GC_CONCURRENT freed 401K, 77% free 1437K/6019K, paused 0ms+1ms
D/dalvikvm( 1142): GC_CONCURRENT freed 517K, 77% free 1420K/6019K, paused 1ms+1ms
D/dalvikvm( 1142): GC_CONCURRENT freed 488K, 78% free 1330K/6019K, paused 1ms+1ms
D/MonitorCw880( 5694): counter=2 && isHeartbeatTimeout=true
D/dalvikvm( 1142): GC_CONCURRENT freed 405K, 77% free 1421K/6019K, paused 1ms+1ms
D/dalvikvm( 1142): GC_CONCURRENT freed 488K, 78% free 1325K/6019K, paused 1ms+1ms
D/MonitorCw880( 5694): counter=2 && isHeartbeatTimeout=true
D/dalvikvm( 1142): GC_CONCURRENT freed 393K, 79% free 1324K/6019K, paused 1ms+1ms
D/dalvikvm( 1142): GC_CONCURRENT freed 393K, 77% free 1406K/6019K, paused 1ms+1ms
D/dalvikvm( 1142): GC_CONCURRENT freed 482K, 77% free 1429K/6019K, paused 1ms+1ms
D/dalvikvm( 1142): GC_CONCURRENT freed 490K, 77% free 1409K/6019K, paused 1ms+1ms
D/dalvikvm( 1142): GC_CONCURRENT freed 475K, 78% free 1371K/6019K, paused 0ms+1ms
D/dalvikvm( 1142): GC_CONCURRENT freed 443K, 77% free 1396K/6019K, paused 1ms+1ms
D/dalvikvm( 1142): GC_CONCURRENT freed 477K, 79% free 1312K/6019K, paused 1ms+1ms
D/dalvikvm( 1142): GC_CONCURRENT freed 393K, 79% free 1312K/6019K, paused 1ms+1ms
D/dalvikvm( 1142): GC_CONCURRENT freed 392K, 79% free 1312K/6019K, paused 1ms+2ms
D/dalvikvm( 1142): GC_CONCURRENT freed 389K, 79% free 1322K/6019K, paused 1ms+1ms
D/dalvikvm( 1142): GC_CONCURRENT freed 391K, 78% free 1325K/6019K, paused 1ms+1ms
D/dalvikvm( 1142): GC_CONCURRENT freed 404K, 79% free 1312K/6019K, paused 1ms+2ms
D/MonitorCw880( 5694): counter=2 && isHeartbeatTimeout=true
D/dalvikvm( 1142): GC_CONCURRENT freed 396K, 77% free 1426K/6019K, paused 1ms+1ms
D/dalvikvm( 1142): GC_CONCURRENT freed 486K, 78% free 1325K/6019K, paused 0ms+1ms
D/dalvikvm( 1142): GC_CONCURRENT freed 393K, 77% free 1405K/6019K, paused 0ms+1ms
D/dalvikvm( 1142): GC_CONCURRENT freed 484K, 78% free 1340K/6019K, paused 0ms+1ms
D/dalvikvm( 1142): GC_CONCURRENT freed 410K, 79% free 1323K/6019K, paused 1ms+1ms
D/dalvikvm( 1142): GC_CONCURRENT freed 394K, 79% free 1324K/6019K, paused 0ms+1ms
D/dalvikvm( 1142): GC_CONCURRENT freed 392K, 79% free 1324K/6019K, paused 1ms+1ms
D/MonitorCw880( 5694): counter=2 && isHeartbeatTimeout=true
D/dalvikvm( 1142): GC_CONCURRENT freed 392K, 78% free 1324K/6019K, paused 1ms+1ms
D/dalvikvm( 1142): GC_CONCURRENT freed 393K, 78% free 1324K/6019K, paused 1ms+1ms
D/dalvikvm( 1142): GC_CONCURRENT freed 393K, 79% free 1324K/6019K, paused 1ms+1ms
D/HomePlayerLib( 1142): hostaddress count is 2
D/dalvikvm( 1142): GC_CONCURRENT freed 411K, 77% free 1419K/6019K, paused 1ms+1ms
D/dalvikvm( 1142): GC_CONCURRENT freed 454K, 76% free 1470K/6019K, paused 1ms+1ms
D/dalvikvm( 1142): GC_CONCURRENT freed 555K, 77% free 1413K/6019K, paused 1ms+1ms
D/dalvikvm( 1142): GC_CONCURRENT freed 471K, 78% free 1327K/6019K, paused 0ms+1ms
D/dalvikvm( 1142): GC_CONCURRENT freed 392K, 78% free 1328K/6019K, paused 0ms+1ms
D/dalvikvm( 1142): GC_CONCURRENT freed 392K, 78% free 1328K/6019K, paused 1ms+1ms
D/dalvikvm( 1142): GC_CONCURRENT freed 382K, 76% free 1456K/6019K, paused 1ms+1ms
D/dalvikvm( 1142): GC_CONCURRENT freed 534K, 79% free 1315K/6019K, paused 1ms+1ms
D/dalvikvm( 1142): GC_CONCURRENT freed 393K, 77% free 1430K/6019K, paused 1ms+1ms
D/dalvikvm( 1142): GC_CONCURRENT freed 511K, 77% free 1393K/6019K, paused 0ms+1ms
D/dalvikvm( 1142): GC_CONCURRENT freed 471K, 79% free 1307K/6019K, paused 1ms+1ms
D/dalvikvm( 1142): GC_CONCURRENT freed 375K, 77% free 1444K/6019K, paused 1ms+1ms
D/dalvikvm( 1142): GC_CONCURRENT freed 506K, 77% free 1435K/6019K, paused 1ms+1ms
D/dalvikvm( 1142): GC_CONCURRENT freed 515K, 78% free 1377K/6019K, paused 1ms+1ms
D/dalvikvm( 1142): GC_CONCURRENT freed 452K, 79% free 1319K/6019K, paused 1ms+1ms
D/dalvikvm( 1142): GC_CONCURRENT freed 399K, 77% free 1416K/6019K, paused 1ms+1ms
D/dalvikvm( 1142): GC_CONCURRENT freed 487K, 78% free 1325K/6019K, paused 1ms+1ms
D/dalvikvm( 1142): GC_CONCURRENT freed 394K, 78% free 1325K/6019K, paused 1ms+2ms
D/MonitorCw880( 5694): counter=2 && isHeartbeatTimeout=true
D/dalvikvm( 1142): GC_CONCURRENT freed 403K, 79% free 1312K/6019K, paused 1ms+1ms
D/dalvikvm( 1142): GC_CONCURRENT freed 376K, 78% free 1351K/6019K, paused 1ms+1ms
D/dalvikvm( 1142): GC_CONCURRENT freed 426K, 77% free 1423K/6019K, paused 1ms+1ms
D/dalvikvm( 1142): GC_CONCURRENT freed 502K, 77% free 1384K/6019K, paused 1ms+1ms
D/dalvikvm( 1142): GC_CONCURRENT freed 458K, 77% free 1437K/6019K, paused 1ms+1ms
D/dalvikvm( 1142): GC_CONCURRENT freed 518K, 77% free 1427K/6019K, paused 1ms+1ms
D/dalvikvm( 1142): GC_CONCURRENT freed 487K, 78% free 1326K/6019K, paused 1ms+1ms
D/MonitorCw880( 5694): counter=2 && isHeartbeatTimeout=true
D/dalvikvm( 1142): GC_CONCURRENT freed 404K, 79% free 1312K/6019K, paused 1ms+1ms
D/dalvikvm( 1142): GC_CONCURRENT freed 396K, 77% free 1418K/6019K, paused 0ms+1ms
D/dalvikvm( 1142): GC_CONCURRENT freed 488K, 77% free 1431K/6019K, paused 0ms+1ms
D/dalvikvm( 1142): GC_CONCURRENT freed 514K, 79% free 1308K/6019K, paused 1ms+1ms
D/dalvikvm( 1142): GC_CONCURRENT freed 377K, 77% free 1431K/6019K, paused 1ms+1ms
D/dalvikvm( 1142): GC_CONCURRENT freed 503K, 79% free 1312K/6019K, paused 1ms+1ms
D/dalvikvm( 1142): GC_CONCURRENT freed 395K, 79% free 1311K/6019K, paused 1ms+1ms
D/dalvikvm( 1142): GC_CONCURRENT freed 393K, 79% free 1311K/6019K, paused 1ms+1ms
D/dalvikvm( 1142): GC_CONCURRENT freed 393K, 79% free 1312K/6019K, paused 1ms+1ms
D/MonitorCw880( 5694): counter=2 && isHeartbeatTimeout=true
D/dalvikvm( 1142): GC_CONCURRENT freed 398K, 79% free 1298K/6019K, paused 0ms+1ms
D/dalvikvm( 1142): GC_CONCURRENT freed 382K, 78% free 1369K/6019K, paused 1ms+1ms
D/dalvikvm( 1142): GC_CONCURRENT freed 437K, 78% free 1324K/6019K, paused 1ms+1ms
D/dalvikvm( 1142): GC_CONCURRENT freed 394K, 79% free 1324K/6019K, paused 1ms+1ms
D/MonitorCw880( 5694): counter=2 && isHeartbeatTimeout=true
D/dalvikvm( 1142): GC_CONCURRENT freed 394K, 78% free 1324K/6019K, paused 1ms+1ms
D/MonitorCw880( 5694): counter=2 && isHeartbeatTimeout=true
D/dalvikvm( 1142): GC_CONCURRENT freed 392K, 78% free 1324K/6019K, paused 1ms+1ms
D/dalvikvm( 1142): GC_CONCURRENT freed 392K, 78% free 1324K/6019K, paused 1ms+1ms
D/dalvikvm( 1142): GC_CONCURRENT freed 393K, 78% free 1325K/6019K, paused 1ms+1ms
D/dalvikvm( 1142): GC_CONCURRENT freed 404K, 78% free 1338K/6019K, paused 1ms+1ms
D/dalvikvm( 1142): GC_CONCURRENT freed 409K, 78% free 1324K/6019K, paused 1ms+1ms
D/dalvikvm( 1142): GC_CONCURRENT freed 392K, 78% free 1324K/6019K, paused 1ms+2ms
D/dalvikvm( 1142): GC_CONCURRENT freed 392K, 77% free 1430K/6019K, paused 0ms+1ms
D/dalvikvm( 1142): GC_CONCURRENT freed 501K, 79% free 1313K/6019K, paused 1ms+1ms
D/dalvikvm( 1142): GC_CONCURRENT freed 400K, 78% free 1348K/6019K, paused 1ms+1ms
D/dalvikvm( 1142): GC_CONCURRENT freed 416K, 77% free 1443K/6019K, paused 1ms+1ms
D/HomePlayerLib( 1142): hostaddress count is 2
D/dalvikvm( 1142): GC_CONCURRENT freed 518K, 79% free 1310K/6019K, paused 0ms+1ms
D/dalvikvm( 1142): GC_CONCURRENT freed 388K, 77% free 1429K/6019K, paused 1ms+1ms
D/dalvikvm( 1142): GC_CONCURRENT freed 505K, 76% free 1447K/6019K, paused 1ms+1ms
D/dalvikvm( 1142): GC_CONCURRENT freed 505K, 78% free 1328K/6019K, paused 1ms+1ms
D/MonitorCw880( 5694): counter=2 && isHeartbeatTimeout=true
D/dalvikvm( 1142): GC_CONCURRENT freed 390K, 78% free 1334K/6019K, paused 1ms+1ms
D/dalvikvm( 1142): GC_CONCURRENT freed 408K, 78% free 1330K/6019K, paused 1ms+1ms
D/dalvikvm( 1142): GC_CONCURRENT freed 402K, 77% free 1410K/6019K, paused 1ms+2ms
D/dalvikvm( 1142): GC_CONCURRENT freed 474K, 77% free 1434K/6019K, paused 1ms+1ms
D/dalvikvm( 1142): GC_CONCURRENT freed 489K, 76% free 1464K/6019K, paused 1ms+1ms
D/dalvikvm( 1142): GC_CONCURRENT freed 529K, 77% free 1443K/6019K, paused 1ms+1ms
D/dalvikvm( 1142): GC_CONCURRENT freed 522K, 78% free 1350K/6019K, paused 1ms+1ms
D/dalvikvm( 1142): GC_FOR_ALLOC freed 537K, 79% free 1315K/6019K, paused 10ms
D/dalvikvm( 1142): GC_CONCURRENT freed 9K, 76% free 1485K/6019K, paused 1ms+1ms
D/dalvikvm( 1142): GC_CONCURRENT freed 552K, 76% free 1445K/6019K, paused 0ms+1ms
D/dalvikvm( 1142): GC_CONCURRENT freed 524K, 77% free 1431K/6019K, paused 1ms+1ms
D/dalvikvm( 1142): GC_CONCURRENT freed 488K, 78% free 1335K/6019K, paused 1ms+1ms
D/dalvikvm( 1142): GC_CONCURRENT freed 416K, 77% free 1427K/6019K, paused 1ms+1ms
D/dalvikvm( 1142): GC_CONCURRENT freed 504K, 77% free 1435K/6019K, paused 1ms+1ms
D/dalvikvm( 1142): GC_CONCURRENT freed 499K, 78% free 1332K/6019K, paused 0ms+1ms
D/dalvikvm( 1142): GC_CONCURRENT freed 407K, 77% free 1437K/6019K, paused 0ms+1ms
D/dalvikvm( 1142): GC_CONCURRENT freed 517K, 79% free 1314K/6019K, paused 1ms+1ms
D/dalvikvm( 1142): GC_CONCURRENT freed 425K, 79% free 1308K/6019K, paused 1ms+1ms
D/dalvikvm( 1142): GC_CONCURRENT freed 377K, 78% free 1324K/6019K, paused 1ms+1ms
D/MonitorCw880( 5694): counter=2 && isHeartbeatTimeout=true
D/dalvikvm( 1142): GC_CONCURRENT freed 391K, 78% free 1325K/6019K, paused 1ms+2ms
D/dalvikvm( 1142): GC_CONCURRENT freed 402K, 79% free 1313K/6019K, paused 1ms+1ms
D/dalvikvm( 1142): GC_CONCURRENT freed 396K, 79% free 1319K/6019K, paused 1ms+1ms
D/MonitorCw880( 5694): counter=2 && isHeartbeatTimeout=true
D/dalvikvm( 1142): GC_CONCURRENT freed 404K, 79% free 1324K/6019K, paused 1ms+1ms
D/dalvikvm( 1142): GC_CONCURRENT freed 392K, 79% free 1324K/6019K, paused 1ms+2ms
D/dalvikvm( 1142): GC_CONCURRENT freed 393K, 78% free 1324K/6019K, paused 1ms+1ms
D/dalvikvm( 1142): GC_CONCURRENT freed 506K, 79% free 1298K/6019K, paused 0ms+1ms
D/dalvikvm( 1142): GC_CONCURRENT freed 371K, 79% free 1312K/6019K, paused 1ms+1ms
D/dalvikvm( 1142): GC_CONCURRENT freed 395K, 79% free 1310K/6019K, paused 1ms+1ms
D/dalvikvm( 1142): GC_CONCURRENT freed 393K, 79% free 1312K/6019K, paused 1ms+1ms
D/dalvikvm( 1142): GC_CONCURRENT freed 392K, 79% free 1311K/6019K, paused 1ms+1ms
D/dalvikvm( 1142): GC_CONCURRENT freed 393K, 77% free 1426K/6019K, paused 1ms+1ms
D/dalvikvm( 1142): GC_CONCURRENT freed 486K, 77% free 1438K/6019K, paused 1ms+1ms
D/dalvikvm( 1142): GC_CONCURRENT freed 510K, 77% free 1436K/6019K, paused 1ms+1ms
D/dalvikvm( 1142): GC_CONCURRENT freed 514K, 79% free 1313K/6019K, paused 1ms+1ms
D/MonitorCw880( 5694): counter=2 && isHeartbeatTimeout=true
D/dalvikvm( 1142): GC_CONCURRENT freed 400K, 79% free 1298K/6019K, paused 1ms+2ms
D/dalvikvm( 1142): GC_CONCURRENT freed 382K, 77% free 1409K/6019K, paused 1ms+1ms
D/dalvikvm( 1142): GC_CONCURRENT freed 478K, 78% free 1324K/6019K, paused 1ms+1ms
D/dalvikvm( 1142): GC_CONCURRENT freed 394K, 77% free 1430K/6019K, paused 0ms+1ms
D/dalvikvm( 1142): GC_CONCURRENT freed 513K, 79% free 1307K/6019K, paused 1ms+1ms
D/dalvikvm( 1142): GC_CONCURRENT freed 378K, 77% free 1431K/6019K, paused 1ms+1ms
D/dalvikvm( 1142): GC_CONCURRENT freed 503K, 77% free 1436K/6019K, paused 1ms+1ms
D/dalvikvm( 1142): GC_CONCURRENT freed 521K, 79% free 1301K/6019K, paused 1ms+1ms
D/MonitorCw880( 5694): counter=2 && isHeartbeatTimeout=true
D/dalvikvm( 1142): GC_CONCURRENT freed 384K, 78% free 1325K/6019K, paused 1ms+1ms
D/MonitorCw880( 5694): counter=2 && isHeartbeatTimeout=true
D/dalvikvm( 1142): GC_CONCURRENT freed 395K, 79% free 1323K/6019K, paused 1ms+1ms
D/dalvikvm( 1142): GC_CONCURRENT freed 394K, 79% free 1323K/6019K, paused 1ms+1ms
D/dalvikvm( 1142): GC_CONCURRENT freed 393K, 76% free 1448K/6019K, paused 1ms+1ms
D/dalvikvm( 1142): GC_CONCURRENT freed 514K, 78% free 1325K/6019K, paused 1ms+1ms
D/dalvikvm( 1142): GC_CONCURRENT freed 404K, 79% free 1312K/6019K, paused 1ms+1ms
D/dalvikvm( 1142): GC_CONCURRENT freed 395K, 79% free 1310K/6019K, paused 0ms+1ms
D/dalvikvm( 1142): GC_CONCURRENT freed 394K, 79% free 1311K/6019K, paused 1ms+1ms
D/dalvikvm( 1142): GC_CONCURRENT freed 393K, 77% free 1425K/6019K, paused 1ms+1ms
D/HomePlayerLib( 1142): hostaddress count is 2
D/dalvikvm( 1142): GC_CONCURRENT freed 514K, 77% free 1427K/6019K, paused 1ms+1ms
D/dalvikvm( 1142): GC_CONCURRENT freed 487K, 77% free 1435K/6019K, paused 0ms+1ms
D/dalvikvm( 1142): GC_CONCURRENT freed 515K, 79% free 1311K/6019K, paused 1ms+1ms
D/dalvikvm( 1142): GC_CONCURRENT freed 398K, 79% free 1297K/6019K, paused 1ms+1ms
D/dalvikvm( 1142): GC_CONCURRENT freed 363K, 78% free 1330K/6019K, paused 1ms+1ms
D/dalvikvm( 1142): GC_CONCURRENT freed 409K, 76% free 1495K/6019K, paused 1ms+1ms
D/dalvikvm( 1142): GC_CONCURRENT freed 545K, 76% free 1458K/6019K, paused 1ms+1ms
D/dalvikvm( 1142): GC_CONCURRENT freed 534K, 77% free 1431K/6019K, paused 1ms+1ms
D/dalvikvm( 1142): GC_CONCURRENT freed 488K, 77% free 1414K/6019K, paused 0ms+1ms
D/dalvikvm( 1142): GC_CONCURRENT freed 484K, 77% free 1442K/6019K, paused 1ms+1ms
D/dalvikvm( 1142): GC_CONCURRENT freed 518K, 79% free 1317K/6019K, paused 0ms+1ms
D/MonitorCw880( 5694): counter=2 && isHeartbeatTimeout=true
D/dalvikvm( 1142): GC_CONCURRENT freed 394K, 77% free 1434K/6019K, paused 1ms+1ms
D/dalvikvm( 1142): GC_CONCURRENT freed 508K, 77% free 1427K/6019K, paused 1ms+1ms
D/dalvikvm( 1142): GC_CONCURRENT freed 483K, 76% free 1451K/6019K, paused 1ms+1ms
D/dalvikvm( 1142): GC_CONCURRENT freed 522K, 79% free 1313K/6019K, paused 1ms+1ms
D/dalvikvm( 1142): GC_CONCURRENT freed 393K, 79% free 1305K/6019K, paused 1ms+1ms
D/dalvikvm( 1142): GC_CONCURRENT freed 384K, 74% free 1588K/6019K, paused 1ms+1ms
D/dalvikvm( 1142): GC_CONCURRENT freed 671K, 77% free 1420K/6019K, paused 1ms+1ms
D/dalvikvm( 1142): GC_CONCURRENT freed 499K, 77% free 1428K/6019K, paused 1ms+1ms
D/dalvikvm( 1142): GC_CONCURRENT freed 487K, 78% free 1372K/6019K, paused 1ms+1ms
D/dalvikvm( 1142): GC_CONCURRENT freed 447K, 79% free 1312K/6019K, paused 1ms+1ms
D/dalvikvm( 1142): GC_CONCURRENT freed 397K, 79% free 1310K/6019K, paused 1ms+0ms
D/dalvikvm( 1142): GC_CONCURRENT freed 394K, 75% free 1547K/6019K, paused 1ms+1ms
D/MonitorCw880( 5694): counter=2 && isHeartbeatTimeout=true
D/dalvikvm( 1142): GC_CONCURRENT freed 628K, 75% free 1549K/6019K, paused 0ms+1ms
D/dalvikvm( 1142): GC_CONCURRENT freed 628K, 78% free 1345K/6019K, paused 0ms+1ms
D/dalvikvm( 1142): GC_CONCURRENT freed 420K, 77% free 1422K/6019K, paused 1ms+1ms
D/dalvikvm( 1142): GC_CONCURRENT freed 491K, 77% free 1406K/6019K, paused 1ms+1ms
D/dalvikvm( 1142): GC_CONCURRENT freed 473K, 78% free 1324K/6019K, paused 1ms+1ms
D/dalvikvm( 1142): GC_CONCURRENT freed 393K, 78% free 1329K/6019K, paused 1ms+1ms
D/MonitorCw880( 5694): counter=2 && isHeartbeatTimeout=true
D/dalvikvm( 1142): GC_CONCURRENT freed 404K, 77% free 1421K/6019K, paused 1ms+1ms
D/dalvikvm( 1142): GC_CONCURRENT freed 491K, 78% free 1324K/6019K, paused 1ms+1ms
D/dalvikvm( 1142): GC_CONCURRENT freed 394K, 77% free 1430K/6019K, paused 1ms+1ms
D/dalvikvm( 1142): GC_CONCURRENT freed 513K, 79% free 1306K/6019K, paused 1ms+1ms
D/dalvikvm( 1142): GC_CONCURRENT freed 378K, 77% free 1431K/6019K, paused 1ms+1ms
D/dalvikvm( 1142): GC_CONCURRENT freed 503K, 79% free 1321K/6019K, paused 1ms+1ms
D/dalvikvm( 1142): GC_CONCURRENT freed 394K, 79% free 1312K/6019K, paused 0ms+1ms
D/dalvikvm( 1142): GC_CONCURRENT freed 393K, 79% free 1311K/6019K, paused 1ms+1ms
D/MonitorCw880( 5694): counter=2 && isHeartbeatTimeout=true
D/MonitorCw880( 5694): counter=2 && isHeartbeatTimeout=true
D/dalvikvm( 1142): GC_CONCURRENT freed 391K, 79% free 1312K/6019K, paused 0ms+1ms
D/dalvikvm( 1142): GC_CONCURRENT freed 398K, 79% free 1299K/6019K, paused 1ms+1ms
D/dalvikvm( 1142): GC_CONCURRENT freed 383K, 77% free 1425K/6019K, paused 0ms+1ms
D/MonitorCw880( 5694): counter=2 && isHeartbeatTimeout=true
D/dalvikvm( 1142): GC_CONCURRENT freed 505K, 77% free 1422K/6019K, paused 1ms+1ms
D/dalvikvm( 1142): GC_CONCURRENT freed 486K, 78% free 1330K/6019K, paused 1ms+1ms
D/dalvikvm( 1142): GC_CONCURRENT freed 404K, 79% free 1312K/6019K, paused 1ms+1ms
D/dalvikvm( 1142): GC_CONCURRENT freed 396K, 79% free 1311K/6019K, paused 1ms+1ms
D/dalvikvm( 1142): GC_CONCURRENT freed 498K, 79% free 1320K/6019K, paused 1ms+1ms
D/HomePlayerLib( 1142): hostaddress count is 2
D/dalvikvm( 1142): GC_CONCURRENT freed 388K, 78% free 1376K/6019K, paused 1ms+1ms
D/dalvikvm( 1142): GC_CONCURRENT freed 459K, 74% free 1597K/6019K, paused 1ms+1ms
D/dalvikvm( 1142): GC_CONCURRENT freed 678K, 79% free 1302K/6019K, paused 1ms+1ms
D/dalvikvm( 1142): GC_CONCURRENT freed 381K, 78% free 1329K/6019K, paused 1ms+1ms
D/dalvikvm( 1142): GC_CONCURRENT freed 428K, 75% free 1529K/6019K, paused 1ms+1ms
D/dalvikvm( 1142): GC_CONCURRENT freed 602K, 77% free 1438K/6019K, paused 1ms+2ms
D/dalvikvm( 1142): GC_CONCURRENT freed 505K, 76% free 1445K/6019K, paused 1ms+1ms
D/dalvikvm( 1142): GC_CONCURRENT freed 636K, 79% free 1320K/6019K, paused 1ms+1ms
D/dalvikvm( 1142): GC_FOR_ALLOC freed 512K, 79% free 1315K/6019K, paused 10ms
D/dalvikvm( 1142): GC_CONCURRENT freed <1K, 78% free 1378K/6019K, paused 1ms+0ms
D/dalvikvm( 1142): GC_CONCURRENT freed 458K, 79% free 1304K/6019K, paused 1ms+1ms
D/dalvikvm( 1142): GC_CONCURRENT freed 366K, 78% free 1329K/6019K, paused 0ms+1ms
D/dalvikvm( 1142): GC_CONCURRENT freed 358K, 78% free 1356K/6019K, paused 1ms+1ms
D/dalvikvm( 1142): GC_CONCURRENT freed 386K, 78% free 1355K/6019K, paused 1ms+1ms
D/dalvikvm( 1142): GC_CONCURRENT freed 425K, 78% free 1331K/6019K, paused 1ms+1ms
D/dalvikvm( 1142): GC_CONCURRENT freed 394K, 78% free 1328K/6019K, paused 1ms+1ms
D/dalvikvm( 1142): GC_CONCURRENT freed 393K, 77% free 1413K/6019K, paused 1ms+1ms
D/dalvikvm( 1142): GC_CONCURRENT freed 523K, 77% free 1401K/6019K, paused 0ms+1ms
D/dalvikvm( 1142): GC_CONCURRENT freed 464K, 78% free 1326K/6019K, paused 0ms+1ms
D/MonitorCw880( 5694): counter=2 && isHeartbeatTimeout=true
D/dalvikvm( 1142): GC_CONCURRENT freed 394K, 77% free 1430K/6019K, paused 1ms+1ms
D/dalvikvm( 1142): GC_CONCURRENT freed 515K, 79% free 1306K/6019K, paused 1ms+1ms
D/dalvikvm( 1142): GC_CONCURRENT freed 375K, 79% free 1324K/6019K, paused 1ms+1ms
D/dalvikvm( 1142): GC_CONCURRENT freed 394K, 76% free 1503K/6019K, paused 1ms+1ms
D/dalvikvm( 1142): GC_CONCURRENT freed 581K, 79% free 1313K/6019K, paused 1ms+1ms
D/dalvikvm( 1142): GC_CONCURRENT freed 400K, 79% free 1297K/6019K, paused 1ms+1ms
D/dalvikvm( 1142): GC_CONCURRENT freed 371K, 79% free 1312K/6019K, paused 1ms+1ms
D/dalvikvm( 1142): GC_CONCURRENT freed 395K, 77% free 1426K/6019K, paused 1ms+1ms
D/dalvikvm( 1142): GC_CONCURRENT freed 488K, 76% free 1449K/6019K, paused 0ms+1ms
D/dalvikvm( 1142): GC_CONCURRENT freed 522K, 78% free 1355K/6019K, paused 0ms+1ms
D/dalvikvm( 1142): GC_FOR_ALLOC freed 559K, 79% free 1305K/6019K, paused 10ms
D/dalvikvm( 1142): GC_CONCURRENT freed 7K, 77% free 1418K/6019K, paused 1ms+1ms
D/dalvikvm( 1142): GC_CONCURRENT freed 490K, 79% free 1313K/6019K, paused 1ms+1ms
D/dalvikvm( 1142): GC_CONCURRENT freed 396K, 79% free 1310K/6019K, paused 0ms+1ms
D/dalvikvm( 1142): GC_CONCURRENT freed 390K, 79% free 1321K/6019K, paused 1ms+1ms
D/MonitorCw880( 5694): counter=2 && isHeartbeatTimeout=true
D/dalvikvm( 1142): GC_CONCURRENT freed 389K, 77% free 1408K/6019K, paused 1ms+1ms
D/dalvikvm( 1142): GC_CONCURRENT freed 473K, 78% free 1371K/6019K, paused 1ms+1ms
D/dalvikvm( 1142): GC_CONCURRENT freed 445K, 79% free 1312K/6019K, paused 1ms+2ms
D/dalvikvm( 1142): GC_CONCURRENT freed 397K, 79% free 1310K/6019K, paused 1ms+1ms
D/dalvikvm( 1142): GC_CONCURRENT freed 394K, 79% free 1311K/6019K, paused 1ms+1ms
D/dalvikvm( 1142): GC_CONCURRENT freed 392K, 77% free 1419K/6019K, paused 1ms+2ms
D/dalvikvm( 1142): GC_CONCURRENT freed 486K, 78% free 1371K/6019K, paused 1ms+1ms
D/dalvikvm( 1142): GC_CONCURRENT freed 445K, 79% free 1313K/6019K, paused 0ms+1ms
D/dalvikvm( 1142): GC_CONCURRENT freed 396K, 77% free 1426K/6019K, paused 1ms+1ms
D/MonitorCw880( 5694): counter=2 && isHeartbeatTimeout=true
D/dalvikvm( 1142): GC_CONCURRENT freed 488K, 77% free 1421K/6019K, paused 0ms+1ms
D/dalvikvm( 1142): GC_CONCURRENT freed 506K, 79% free 1303K/6019K, paused 1ms+1ms
D/dalvikvm( 1142): GC_CONCURRENT freed 384K, 78% free 1325K/6019K, paused 1ms+1ms
D/dalvikvm( 1142): GC_CONCURRENT freed 396K, 79% free 1323K/6019K, paused 1ms+1ms
D/dalvikvm( 1142): GC_CONCURRENT freed 394K, 79% free 1324K/6019K, paused 0ms+1ms
D/dalvikvm( 1142): GC_CONCURRENT freed 394K, 78% free 1324K/6019K, paused 1ms+1ms
D/MonitorCw880( 5694): counter=2 && isHeartbeatTimeout=true
D/MonitorCw880( 5694): counter=2 && isHeartbeatTimeout=true
D/dalvikvm( 1142): GC_CONCURRENT freed 392K, 78% free 1324K/6019K, paused 0ms+1ms
D/dalvikvm( 1142): GC_CONCURRENT freed 392K, 78% free 1324K/6019K, paused 1ms+1ms
D/dalvikvm( 1142): GC_CONCURRENT freed 393K, 78% free 1324K/6019K, paused 0ms+1ms
D/dalvikvm( 1142): GC_CONCURRENT freed 392K, 78% free 1325K/6019K, paused 1ms+1ms
D/dalvikvm( 1142): GC_CONCURRENT freed 403K, 79% free 1312K/6019K, paused 1ms+1ms
D/dalvikvm( 1142): GC_CONCURRENT freed 396K, 79% free 1311K/6019K, paused 1ms+1ms
D/dalvikvm( 1142): GC_CONCURRENT freed 394K, 79% free 1320K/6019K, paused 1ms+1ms
D/MonitorCw880( 5694): counter=2 && isHeartbeatTimeout=true
D/dalvikvm( 1142): GC_CONCURRENT freed 394K, 79% free 1312K/6019K, paused 0ms+1ms
D/dalvikvm( 1142): GC_CONCURRENT freed 389K, 79% free 1322K/6019K, paused 1ms+1ms
D/HomePlayerLib( 1142): hostaddress count is 2
D/dalvikvm( 1142): GC_CONCURRENT freed 402K, 78% free 1342K/6019K, paused 1ms+1ms
D/dalvikvm( 1142): GC_CONCURRENT freed 420K, 76% free 1481K/6019K, paused 1ms+1ms
D/dalvikvm( 1142): GC_CONCURRENT freed 559K, 78% free 1380K/6019K, paused 1ms+1ms
D/dalvikvm( 1142): GC_CONCURRENT freed 460K, 78% free 1332K/6019K, paused 1ms+1ms
D/dalvikvm( 1142): GC_FOR_ALLOC freed 534K, 79% free 1307K/6019K, paused 10ms
D/dalvikvm( 1142): GC_CONCURRENT freed 9K, 79% free 1305K/6019K, paused 1ms+1ms
D/dalvikvm( 1142): GC_CONCURRENT freed 387K, 77% free 1437K/6019K, paused 0ms+1ms
D/dalvikvm( 1142): GC_CONCURRENT freed 514K, 77% free 1434K/6019K, paused 1ms+1ms
D/dalvikvm( 1142): GC_CONCURRENT freed 496K, 77% free 1410K/6019K, paused 1ms+1ms
D/dalvikvm( 1142): GC_CONCURRENT freed 488K, 77% free 1433K/6019K, paused 1ms+1ms
D/dalvikvm( 1142): GC_CONCURRENT freed 508K, 77% free 1437K/6019K, paused 1ms+1ms
D/dalvikvm( 1142): GC_CONCURRENT freed 532K, 77% free 1387K/6019K, paused 1ms+1ms
D/dalvikvm( 1142): GC_CONCURRENT freed 457K, 79% free 1317K/6019K, paused 1ms+1ms
D/dalvikvm( 1142): GC_CONCURRENT freed 396K, 79% free 1315K/6019K, paused 1ms+1ms
D/dalvikvm( 1142): GC_CONCURRENT freed 390K, 77% free 1426K/6019K, paused 0ms+1ms
D/dalvikvm( 1142): GC_CONCURRENT freed 489K, 78% free 1329K/6019K, paused 1ms+1ms
D/dalvikvm( 1142): GC_CONCURRENT freed 394K, 78% free 1328K/6019K, paused 1ms+1ms
D/dalvikvm( 1142): GC_CONCURRENT freed 393K, 78% free 1328K/6019K, paused 1ms+1ms
D/dalvikvm( 1142): GC_CONCURRENT freed 403K, 77% free 1426K/6019K, paused 1ms+1ms
D/dalvikvm( 1142): GC_CONCURRENT freed 487K, 78% free 1329K/6019K, paused 0ms+1ms
D/dalvikvm( 1142): GC_CONCURRENT freed 407K, 77% free 1432K/6019K, paused 0ms+1ms
D/dalvikvm( 1142): GC_CONCURRENT freed 514K, 79% free 1309K/6019K, paused 1ms+1ms
D/dalvikvm( 1142): GC_CONCURRENT freed 379K, 79% free 1323K/6019K, paused 0ms+1ms
D/dalvikvm( 1142): GC_CONCURRENT freed 395K, 79% free 1324K/6019K, paused 1ms+1ms
D/MonitorCw880( 5694): counter=2 && isHeartbeatTimeout=true
D/dalvikvm( 1142): GC_CONCURRENT freed 394K, 79% free 1324K/6019K, paused 1ms+1ms
D/dalvikvm( 1142): GC_CONCURRENT freed 392K, 77% free 1430K/6019K, paused 1ms+1ms
D/dalvikvm( 1142): GC_CONCURRENT freed 513K, 78% free 1331K/6019K, paused 1ms+1ms
D/MonitorCw880( 5694): counter=2 && isHeartbeatTimeout=true
D/dalvikvm( 1142): GC_CONCURRENT freed 405K, 77% free 1437K/6019K, paused 1ms+1ms
D/dalvikvm( 1142): GC_CONCURRENT freed 518K, 77% free 1422K/6019K, paused 1ms+1ms
D/dalvikvm( 1142): GC_CONCURRENT freed 488K, 78% free 1330K/6019K, paused 1ms+1ms
D/dalvikvm( 1142): GC_CONCURRENT freed 402K, 77% free 1437K/6019K, paused 1ms+1ms
D/dalvikvm( 1142): GC_CONCURRENT freed 517K, 77% free 1427K/6019K, paused 1ms+0ms
D/dalvikvm( 1142): GC_CONCURRENT freed 488K, 78% free 1330K/6019K, paused 1ms+1ms
D/dalvikvm( 1142): GC_CONCURRENT freed 406K, 79% free 1321K/6019K, paused 1ms+1ms
D/dalvikvm( 1142): GC_CONCURRENT freed 407K, 79% free 1307K/6019K, paused 1ms+1ms
D/dalvikvm( 1142): GC_CONCURRENT freed 380K, 79% free 1311K/6019K, paused 0ms+1ms
D/dalvikvm( 1142): GC_CONCURRENT freed 393K, 79% free 1311K/6019K, paused 0ms+1ms
D/dalvikvm( 1142): GC_CONCURRENT freed 393K, 79% free 1311K/6019K, paused 1ms+0ms
D/dalvikvm( 1142): GC_CONCURRENT freed 394K, 79% free 1312K/6019K, paused 1ms+1ms
D/MonitorCw880( 5694): counter=2 && isHeartbeatTimeout=true
D/dalvikvm( 1142): GC_CONCURRENT freed 393K, 78% free 1338K/6019K, paused 1ms+1ms
D/MonitorCw880( 5694): counter=2 && isHeartbeatTimeout=true
D/dalvikvm( 1142): GC_CONCURRENT freed 404K, 78% free 1324K/6019K, paused 1ms+1ms
D/MonitorCw880( 5694): counter=2 && isHeartbeatTimeout=true
D/dalvikvm( 1142): GC_CONCURRENT freed 401K, 79% free 1312K/6019K, paused 1ms+1ms
D/dalvikvm( 1142): GC_CONCURRENT freed 395K, 77% free 1418K/6019K, paused 1ms+1ms
D/dalvikvm( 1142): GC_CONCURRENT freed 488K, 76% free 1453K/6019K, paused 1ms+1ms
D/dalvikvm( 1142): GC_CONCURRENT freed 525K, 78% free 1383K/6019K, paused 1ms+1ms
D/dalvikvm( 1142): GC_CONCURRENT freed 449K, 78% free 1325K/6019K, paused 1ms+1ms
D/dalvikvm( 1142): GC_CONCURRENT freed 393K, 78% free 1324K/6019K, paused 1ms+1ms
D/dalvikvm( 1142): GC_CONCURRENT freed 393K, 78% free 1324K/6019K, paused 1ms+1ms
D/dalvikvm( 1142): GC_CONCURRENT freed 392K, 78% free 1324K/6019K, paused 1ms+1ms
D/dalvikvm( 1142): GC_CONCURRENT freed 403K, 79% free 1313K/6019K, paused 1ms+1ms
D/HomePlayerLib( 1142): hostaddress count is 2
D/dalvikvm( 1142): GC_CONCURRENT freed 367K, 78% free 1338K/6019K, paused 1ms+1ms
D/dalvikvm( 1142): GC_CONCURRENT freed 414K, 78% free 1329K/6019K, paused 1ms+1ms
D/dalvikvm( 1142): GC_CONCURRENT freed 410K, 79% free 1310K/6019K, paused 0ms+1ms
D/dalvikvm( 1142): GC_CONCURRENT freed 393K, 79% free 1301K/6019K, paused 1ms+1ms
D/dalvikvm( 1142): GC_CONCURRENT freed 376K, 78% free 1329K/6019K, paused 1ms+1ms
D/dalvikvm( 1142): GC_CONCURRENT freed 403K, 79% free 1314K/6019K, paused 1ms+1ms
D/dalvikvm( 1142): GC_CONCURRENT freed 389K, 78% free 1347K/6019K, paused 0ms+1ms
D/dalvikvm( 1142): GC_CONCURRENT freed 416K, 73% free 1626K/6019K, paused 1ms+1ms
D/dalvikvm( 1142): GC_CONCURRENT freed 701K, 77% free 1434K/6019K, paused 1ms+1ms
D/MonitorCw880( 5694): counter=2 && isHeartbeatTimeout=true
D/dalvikvm( 1142): GC_CONCURRENT freed 492K, 78% free 1329K/6019K, paused 1ms+1ms
D/dalvikvm( 1142): GC_CONCURRENT freed 393K, 77% free 1425K/6019K, paused 1ms+1ms
D/dalvikvm( 1142): GC_CONCURRENT freed 514K, 77% free 1423K/6019K, paused 1ms+1ms
D/dalvikvm( 1142): GC_CONCURRENT freed 492K, 77% free 1439K/6019K, paused 1ms+1ms
D/dalvikvm( 1142): GC_CONCURRENT freed 509K, 78% free 1348K/6019K, paused 0ms+1ms
D/dalvikvm( 1142): GC_CONCURRENT freed 397K, 78% free 1353K/6019K, paused 1ms+1ms
D/dalvikvm( 1142): GC_CONCURRENT freed 428K, 77% free 1423K/6019K, paused 1ms+1ms
D/dalvikvm( 1142): GC_CONCURRENT freed 486K, 78% free 1328K/6019K, paused 1ms+1ms
D/dalvikvm( 1142): GC_CONCURRENT freed 398K, 77% free 1442K/6019K, paused 1ms+1ms
D/dalvikvm( 1142): GC_CONCURRENT freed 573K, 78% free 1378K/6019K, paused 0ms+1ms
D/dalvikvm( 1142): GC_CONCURRENT freed 436K, 76% free 1453K/6019K, paused 1ms+1ms
D/dalvikvm( 1142): GC_CONCURRENT freed 523K, 77% free 1441K/6019K, paused 0ms+1ms
D/dalvikvm( 1142): GC_CONCURRENT freed 518K, 77% free 1424K/6019K, paused 1ms+1ms
D/dalvikvm( 1142): GC_CONCURRENT freed 488K, 78% free 1335K/6019K, paused 1ms+1ms
D/dalvikvm( 1142): GC_CONCURRENT freed 417K, 77% free 1426K/6019K, paused 1ms+1ms
D/dalvikvm( 1142): GC_CONCURRENT freed 491K, 78% free 1324K/6019K, paused 1ms+1ms
D/dalvikvm( 1142): GC_CONCURRENT freed 394K, 77% free 1430K/6019K, paused 1ms+1ms
D/dalvikvm( 1142): GC_CONCURRENT freed 518K, 79% free 1303K/6019K, paused 1ms+1ms
D/dalvikvm( 1142): GC_CONCURRENT freed 379K, 77% free 1427K/6019K, paused 1ms+1ms
D/dalvikvm( 1142): GC_CONCURRENT freed 511K, 78% free 1324K/6019K, paused 1ms+1ms
D/dalvikvm( 1142): GC_CONCURRENT freed 394K, 79% free 1324K/6019K, paused 1ms+1ms
D/dalvikvm( 1142): GC_CONCURRENT freed 393K, 78% free 1370K/6019K, paused 1ms+1ms
D/MonitorCw880( 5694): counter=2 && isHeartbeatTimeout=true
D/dalvikvm( 1142): GC_CONCURRENT freed 442K, 78% free 1381K/6019K, paused 1ms+1ms
D/dalvikvm( 1142): GC_CONCURRENT freed 450K, 78% free 1324K/6019K, paused 1ms+2ms
D/dalvikvm( 1142): GC_CONCURRENT freed 394K, 79% free 1324K/6019K, paused 1ms+1ms
D/dalvikvm( 1142): GC_CONCURRENT freed 393K, 78% free 1324K/6019K, paused 1ms+1ms
D/dalvikvm( 1142): GC_CONCURRENT freed 393K, 77% free 1411K/6019K, paused 1ms+1ms
D/dalvikvm( 1142): GC_CONCURRENT freed 482K, 77% free 1423K/6019K, paused 1ms+1ms
D/dalvikvm( 1142): GC_CONCURRENT freed 491K, 78% free 1324K/6019K, paused 1ms+1ms
D/dalvikvm( 1142): GC_CONCURRENT freed 394K, 79% free 1324K/6019K, paused 1ms+1ms
D/MonitorCw880( 5694): counter=2 && isHeartbeatTimeout=true
D/dalvikvm( 1142): GC_CONCURRENT freed 393K, 79% free 1324K/6019K, paused 1ms+1ms
D/dalvikvm( 1142): GC_CONCURRENT freed 393K, 78% free 1324K/6019K, paused 1ms+1ms
D/dalvikvm( 1142): GC_CONCURRENT freed 391K, 78% free 1329K/6019K, paused 1ms+1ms
D/dalvikvm( 1142): GC_CONCURRENT freed 403K, 79% free 1313K/6019K, paused 1ms+1ms
D/dalvikvm( 1142): GC_CONCURRENT freed 396K, 79% free 1310K/6019K, paused 1ms+1ms
D/dalvikvm( 1142): GC_CONCURRENT freed 394K, 79% free 1311K/6019K, paused 1ms+1ms
D/dalvikvm( 1142): GC_CONCURRENT freed 394K, 79% free 1303K/6019K, paused 1ms+1ms
D/MonitorCw880( 5694): counter=2 && isHeartbeatTimeout=true
D/MonitorCw880( 5694): counter=2 && isHeartbeatTimeout=true
D/dalvikvm( 1142): GC_CONCURRENT freed 365K, 77% free 1420K/6019K, paused 1ms+1ms
D/dalvikvm( 1142): GC_CONCURRENT freed 499K, 78% free 1344K/6019K, paused 1ms+1ms
D/dalvikvm( 1142): GC_CONCURRENT freed 418K, 77% free 1421K/6019K, paused 1ms+1ms
D/dalvikvm( 1142): GC_CONCURRENT freed 491K, 78% free 1324K/6019K, paused 1ms+1ms
D/dalvikvm( 1142): GC_CONCURRENT freed 394K, 79% free 1324K/6019K, paused 1ms+2ms
D/MonitorCw880( 5694): counter=2 && isHeartbeatTimeout=true
D/dalvikvm( 1142): GC_CONCURRENT freed 392K, 78% free 1324K/6019K, paused 1ms+1ms
D/dalvikvm( 1142): GC_CONCURRENT freed 392K, 78% free 1324K/6019K, paused 0ms+1ms
D/dalvikvm( 1142): GC_CONCURRENT freed 393K, 78% free 1324K/6019K, paused 1ms+1ms
D/dalvikvm( 1142): GC_CONCURRENT freed 404K, 79% free 1312K/6019K, paused 1ms+1ms
D/dalvikvm( 1142): GC_CONCURRENT freed 396K, 79% free 1310K/6019K, paused 0ms+1ms
D/dalvikvm( 1142): GC_CONCURRENT freed 383K, 77% free 1434K/6019K, paused 1ms+1ms
D/HomePlayerLib( 1142): hostaddress count is 2
D/dalvikvm( 1142): GC_CONCURRENT freed 502K, 77% free 1435K/6019K, paused 1ms+1ms
D/dalvikvm( 1142): GC_CONCURRENT freed 505K, 76% free 1446K/6019K, paused 1ms+1ms
D/dalvikvm( 1142): GC_CONCURRENT freed 502K, 77% free 1441K/6019K, paused 1ms+1ms
D/dalvikvm( 1142): GC_CONCURRENT freed 516K, 76% free 1450K/6019K, paused 1ms+1ms
D/dalvikvm( 1142): GC_CONCURRENT freed 504K, 77% free 1400K/6019K, paused 1ms+1ms
D/dalvikvm( 1142): GC_CONCURRENT freed 483K, 79% free 1304K/6019K, paused 1ms+1ms
D/dalvikvm( 1142): GC_CONCURRENT freed 365K, 76% free 1488K/6019K, paused 1ms+1ms
D/dalvikvm( 1142): GC_CONCURRENT freed 561K, 77% free 1428K/6019K, paused 1ms+0ms
D/dalvikvm( 1142): GC_CONCURRENT freed 498K, 78% free 1350K/6019K, paused 1ms+1ms
D/dalvikvm( 1142): GC_CONCURRENT freed 427K, 79% free 1314K/6019K, paused 1ms+1ms
D/dalvikvm( 1142): GC_CONCURRENT freed 387K, 78% free 1326K/6019K, paused 1ms+1ms
D/dalvikvm( 1142): GC_CONCURRENT freed 391K, 78% free 1328K/6019K, paused 1ms+1ms
D/dalvikvm( 1142): GC_CONCURRENT freed 393K, 78% free 1328K/6019K, paused 1ms+1ms
D/MonitorCw880( 5694): counter=2 && isHeartbeatTimeout=true
D/dalvikvm( 1142): GC_CONCURRENT freed 398K, 78% free 1330K/6019K, paused 1ms+1ms
D/dalvikvm( 1142): GC_CONCURRENT freed 389K, 78% free 1335K/6019K, paused 1ms+2ms
D/dalvikvm( 1142): GC_CONCURRENT freed 391K, 78% free 1334K/6019K, paused 1ms+1ms
D/dalvikvm( 1142): GC_CONCURRENT freed 410K, 77% free 1435K/6019K, paused 1ms+1ms
D/dalvikvm( 1142): GC_CONCURRENT freed 507K, 77% free 1431K/6019K, paused 1ms+1ms
D/dalvikvm( 1142): GC_CONCURRENT freed 499K, 78% free 1332K/6019K, paused 1ms+1ms
D/dalvikvm( 1142): GC_CONCURRENT freed 406K, 79% free 1312K/6019K, paused 1ms+1ms
D/dalvikvm( 1142): GC_CONCURRENT freed 396K, 79% free 1311K/6019K, paused 1ms+1ms
D/dalvikvm( 1142): GC_CONCURRENT freed 394K, 79% free 1311K/6019K, paused 1ms+1ms
D/MonitorCw880( 5694): counter=2 && isHeartbeatTimeout=true
D/dalvikvm( 1142): GC_CONCURRENT freed 392K, 79% free 1311K/6019K, paused 1ms+1ms
D/dalvikvm( 1142): GC_CONCURRENT freed 392K, 79% free 1311K/6019K, paused 0ms+1ms
D/dalvikvm( 1142): GC_CONCURRENT freed 393K, 77% free 1424K/6019K, paused 0ms+1ms
D/dalvikvm( 1142): GC_CONCURRENT freed 497K, 77% free 1438K/6019K, paused 1ms+1ms
D/dalvikvm( 1142): GC_CONCURRENT freed 517K, 76% free 1466K/6019K, paused 0ms+1ms
D/dalvikvm( 1142): GC_CONCURRENT freed 538K, 76% free 1464K/6019K, paused 1ms+1ms
D/dalvikvm( 1142): GC_CONCURRENT freed 532K, 77% free 1408K/6019K, paused 1ms+1ms
D/dalvikvm( 1142): GC_CONCURRENT freed 475K, 78% free 1330K/6019K, paused 0ms+1ms
D/dalvikvm( 1142): GC_CONCURRENT freed 402K, 77% free 1422K/6019K, paused 1ms+1ms
D/dalvikvm( 1142): GC_CONCURRENT freed 490K, 77% free 1431K/6019K, paused 1ms+1ms
D/dalvikvm( 1142): GC_CONCURRENT freed 502K, 78% free 1344K/6019K, paused 1ms+1ms
D/MonitorCw880( 5694): counter=2 && isHeartbeatTimeout=true
D/dalvikvm( 1142): GC_CONCURRENT freed 418K, 77% free 1421K/6019K, paused 1ms+1ms
D/dalvikvm( 1142): GC_CONCURRENT freed 491K, 77% free 1422K/6019K, paused 1ms+1ms
D/dalvikvm( 1142): GC_CONCURRENT freed 502K, 79% free 1313K/6019K, paused 1ms+1ms
D/MonitorCw880( 5694): counter=2 && isHeartbeatTimeout=true
D/dalvikvm( 1142): GC_CONCURRENT freed 399K, 79% free 1298K/6019K, paused 1ms+1ms
D/dalvikvm( 1142): GC_CONCURRENT freed 382K, 77% free 1424K/6019K, paused 1ms+1ms
D/dalvikvm( 1142): GC_CONCURRENT freed 504K, 77% free 1420K/6019K, paused 1ms+2ms
D/dalvikvm( 1142): GC_CONCURRENT freed 486K, 78% free 1326K/6019K, paused 1ms+1ms
D/dalvikvm( 1142): GC_CONCURRENT freed 404K, 79% free 1321K/6019K, paused 1ms+1ms
D/dalvikvm( 1142): GC_CONCURRENT freed 407K, 79% free 1323K/6019K, paused 1ms+1ms
D/dalvikvm( 1142): GC_CONCURRENT freed 394K, 79% free 1324K/6019K, paused 1ms+1ms
D/dalvikvm( 1142): GC_CONCURRENT freed 393K, 79% free 1324K/6019K, paused 1ms+1ms
D/dalvikvm( 1142): GC_CONCURRENT freed 404K, 79% free 1309K/6019K, paused 1ms+1ms
D/dalvikvm( 1142): GC_CONCURRENT freed 389K, 79% free 1320K/6019K, paused 1ms+1ms
D/MonitorCw880( 5694): counter=2 && isHeartbeatTimeout=true
D/dalvikvm( 1142): GC_CONCURRENT freed 405K, 78% free 1325K/6019K, paused 1ms+2ms
D/dalvikvm( 1142): GC_CONCURRENT freed 404K, 79% free 1321K/6019K, paused 1ms+1ms
D/dalvikvm( 1142): GC_CONCURRENT freed 396K, 79% free 1319K/6019K, paused 1ms+1ms
D/dalvikvm( 1142): GC_CONCURRENT freed 394K, 79% free 1320K/6019K, paused 1ms+1ms
D/MonitorCw880( 5694): counter=2 && isHeartbeatTimeout=true
D/dalvikvm( 1142): GC_FOR_ALLOC freed 526K, 79% free 1301K/6019K, paused 10ms
D/dalvikvm( 1142): GC_CONCURRENT freed 7K, 78% free 1364K/6019K, paused 1ms+1ms
D/dalvikvm( 1142): GC_CONCURRENT freed 437K, 79% free 1313K/6019K, paused 1ms+1ms
D/dalvikvm( 1142): GC_CONCURRENT freed 392K, 78% free 1363K/6019K, paused 1ms+1ms
D/HomePlayerLib( 1142): hostaddress count is 2
D/dalvikvm( 1142): GC_CONCURRENT freed 442K, 76% free 1451K/6019K, paused 1ms+1ms
D/dalvikvm( 1142): GC_CONCURRENT freed 526K, 77% free 1435K/6019K, paused 1ms+1ms
D/dalvikvm( 1142): GC_CONCURRENT freed 507K, 77% free 1430K/6019K, paused 1ms+1ms
D/dalvikvm( 1142): GC_CONCURRENT freed 487K, 78% free 1328K/6019K, paused 1ms+1ms
D/dalvikvm( 1142): GC_CONCURRENT freed 401K, 77% free 1432K/6019K, paused 1ms+1ms
D/dalvikvm( 1142): GC_CONCURRENT freed 490K, 76% free 1451K/6019K, paused 1ms+1ms
D/dalvikvm( 1142): GC_CONCURRENT freed 514K, 78% free 1335K/6019K, paused 1ms+1ms
D/dalvikvm( 1142): GC_CONCURRENT freed 399K, 77% free 1422K/6019K, paused 1ms+1ms
D/dalvikvm( 1142): GC_CONCURRENT freed 493K, 77% free 1436K/6019K, paused 1ms+1ms
D/dalvikvm( 1142): GC_CONCURRENT freed 515K, 78% free 1333K/6019K, paused 1ms+1ms
D/dalvikvm( 1142): GC_CONCURRENT freed 403K, 77% free 1436K/6019K, paused 0ms+1ms
D/dalvikvm( 1142): GC_CONCURRENT freed 504K, 77% free 1443K/6019K, paused 1ms+1ms
D/dalvikvm( 1142): GC_CONCURRENT freed 511K, 78% free 1328K/6019K, paused 1ms+1ms
D/dalvikvm( 1142): GC_CONCURRENT freed 404K, 79% free 1316K/6019K, paused 0ms+1ms
D/dalvikvm( 1142): GC_CONCURRENT freed 395K, 77% free 1430K/6019K, paused 1ms+1ms
D/dalvikvm( 1142): GC_CONCURRENT freed 487K, 76% free 1455K/6019K, paused 1ms+1ms
I/dnsmasq ( 4222): DHCPREQUEST(uap0) 192.168.43.186 00:90:4c:78:03:ff 
I/dnsmasq ( 4222): DHCPACK(uap0) 192.168.43.186 00:90:4c:78:03:ff android-1860196aa0422c37
D/dalvikvm( 1142): GC_CONCURRENT freed 525K, 77% free 1441K/6019K, paused 1ms+1ms
D/dalvikvm( 1142): GC_CONCURRENT freed 517K, 77% free 1431K/6019K, paused 1ms+1ms
D/dalvikvm( 1142): GC_CONCURRENT freed 487K, 78% free 1351K/6019K, paused 1ms+0ms
D/dalvikvm( 1142): GC_CONCURRENT freed 415K, 78% free 1329K/6019K, paused 1ms+1ms
D/dalvikvm( 1142): GC_CONCURRENT freed 409K, 78% free 1325K/6019K, paused 1ms+1ms
D/MonitorCw880( 5694): counter=2 && isHeartbeatTimeout=true
D/dalvikvm( 1142): GC_CONCURRENT freed 396K, 79% free 1324K/6019K, paused 1ms+1ms
D/dalvikvm( 1142): GC_CONCURRENT freed 394K, 79% free 1324K/6019K, paused 1ms+1ms
D/dalvikvm( 1142): GC_CONCURRENT freed 393K, 79% free 1324K/6019K, paused 1ms+1ms
D/dalvikvm( 1142): GC_CONCURRENT freed 392K, 78% free 1324K/6019K, paused 1ms+1ms
D/dalvikvm( 1142): GC_CONCURRENT freed 392K, 78% free 1324K/6019K, paused 1ms+1ms
D/dalvikvm( 1142): GC_CONCURRENT freed 393K, 78% free 1325K/6019K, paused 0ms+2ms
D/dalvikvm( 1142): GC_CONCURRENT freed 401K, 76% free 1462K/6019K, paused 1ms+1ms
D/MonitorCw880( 5694): counter=2 && isHeartbeatTimeout=true
D/dalvikvm( 1142): GC_CONCURRENT freed 530K, 78% free 1325K/6019K, paused 1ms+1ms
D/dalvikvm( 1142): GC_CONCURRENT freed 394K, 78% free 1324K/6019K, paused 1ms+1ms
D/dalvikvm( 1142): GC_CONCURRENT freed 393K, 78% free 1324K/6019K, paused 1ms+1ms
D/dalvikvm( 1142): GC_CONCURRENT freed 393K, 78% free 1325K/6019K, paused 0ms+1ms
D/dalvikvm( 1142): GC_CONCURRENT freed 404K, 79% free 1313K/6019K, paused 1ms+1ms
D/dalvikvm( 1142): GC_CONCURRENT freed 396K, 79% free 1310K/6019K, paused 1ms+1ms
D/dalvikvm( 1142): GC_CONCURRENT freed 392K, 77% free 1425K/6019K, paused 1ms+1ms
D/dalvikvm( 1142): GC_CONCURRENT freed 486K, 77% free 1412K/6019K, paused 1ms+1ms
D/dalvikvm( 1142): GC_CONCURRENT freed 485K, 77% free 1422K/6019K, paused 1ms+1ms
D/dalvikvm( 1142): GC_CONCURRENT freed 491K, 78% free 1325K/6019K, paused 1ms+1ms
D/dalvikvm( 1142): GC_CONCURRENT freed 394K, 78% free 1324K/6019K, paused 1ms+1ms
D/MonitorCw880( 5694): counter=2 && isHeartbeatTimeout=true
D/MonitorCw880( 5694): counter=2 && isHeartbeatTimeout=true
D/dalvikvm( 1142): GC_CONCURRENT freed 417K, 77% free 1385K/6019K, paused 1ms+1ms
D/dalvikvm( 1142): GC_CONCURRENT freed 458K, 77% free 1438K/6019K, paused 1ms+1ms
D/dalvikvm( 1142): GC_CONCURRENT freed 518K, 77% free 1420K/6019K, paused 1ms+1ms
D/dalvikvm( 1142): GC_CONCURRENT freed 488K, 78% free 1330K/6019K, paused 1ms+1ms
D/MonitorCw880( 5694): counter=2 && isHeartbeatTimeout=true
D/dalvikvm( 1142): GC_CONCURRENT freed 403K, 77% free 1397K/6019K, paused 1ms+1ms
D/dalvikvm( 1142): GC_CONCURRENT freed 476K, 79% free 1312K/6019K, paused 0ms+1ms
D/dalvikvm( 1142): GC_CONCURRENT freed 394K, 77% free 1426K/6019K, paused 0ms+1ms
D/MonitorCw880( 5694): counter=2 && isHeartbeatTimeout=true
D/dalvikvm( 1142): GC_CONCURRENT freed 487K, 76% free 1450K/6019K, paused 0ms+2ms
D/HomePlayerLib( 1142): hostaddress count is 2
D/dalvikvm( 1142): GC_CONCURRENT freed 533K, 77% free 1433K/6019K, paused 1ms+2ms
D/dalvikvm( 1142): GC_CONCURRENT freed 517K, 77% free 1405K/6019K, paused 1ms+1ms
D/dalvikvm( 1142): GC_CONCURRENT freed 475K, 77% free 1437K/6019K, paused 0ms+1ms
D/dalvikvm( 1142): GC_CONCURRENT freed 491K, 78% free 1379K/6019K, paused 1ms+1ms
D/dalvikvm( 1142): GC_CONCURRENT freed 451K, 77% free 1428K/6019K, paused 0ms+1ms
D/dalvikvm( 1142): GC_CONCURRENT freed 507K, 77% free 1420K/6019K, paused 1ms+1ms
D/dalvikvm( 1142): GC_CONCURRENT freed 485K, 78% free 1327K/6019K, paused 1ms+1ms
D/dalvikvm( 1142): GC_CONCURRENT freed 407K, 77% free 1397K/6019K, paused 1ms+1ms
D/dalvikvm( 1142): GC_CONCURRENT freed 466K, 78% free 1334K/6019K, paused 1ms+1ms
D/dalvikvm( 1142): GC_CONCURRENT freed 410K, 78% free 1328K/6019K, paused 1ms+1ms
D/dalvikvm( 1142): GC_CONCURRENT freed 392K, 78% free 1328K/6019K, paused 1ms+1ms
D/dalvikvm( 1142): GC_CONCURRENT freed 407K, 78% free 1328K/6019K, paused 1ms+1ms
D/dalvikvm( 1142): GC_CONCURRENT freed 414K, 79% free 1310K/6019K, paused 1ms+1ms
D/dalvikvm( 1142): GC_CONCURRENT freed 386K, 77% free 1433K/6019K, paused 1ms+1ms
D/dalvikvm( 1142): GC_CONCURRENT freed 509K, 79% free 1317K/6019K, paused 1ms+1ms
D/dalvikvm( 1142): GC_CONCURRENT freed 394K, 77% free 1428K/6019K, paused 1ms+1ms
D/dalvikvm( 1142): GC_FOR_ALLOC freed 630K, 79% free 1306K/6019K, paused 11ms
D/dalvikvm( 1142): GC_CONCURRENT freed 0K, 75% free 1518K/6019K, paused 1ms+1ms
D/dalvikvm( 1142): GC_CONCURRENT freed 565K, 76% free 1464K/6019K, paused 0ms+1ms
D/dalvikvm( 1142): GC_CONCURRENT freed 615K, 78% free 1353K/6019K, paused 0ms+1ms
D/dalvikvm( 1142): GC_CONCURRENT freed 435K, 79% free 1319K/6019K, paused 1ms+2ms
D/dalvikvm( 1142): GC_CONCURRENT freed 389K, 78% free 1324K/6019K, paused 0ms+1ms
D/dalvikvm( 1142): GC_CONCURRENT freed 396K, 79% free 1324K/6019K, paused 1ms+1ms
D/dalvikvm( 1142): GC_CONCURRENT freed 394K, 78% free 1324K/6019K, paused 1ms+1ms
D/MonitorCw880( 5694): counter=2 && isHeartbeatTimeout=true
D/dalvikvm( 1142): GC_CONCURRENT freed 392K, 78% free 1324K/6019K, paused 0ms+1ms
D/dalvikvm( 1142): GC_CONCURRENT freed 392K, 78% free 1324K/6019K, paused 1ms+1ms
D/dalvikvm( 1142): GC_CONCURRENT freed 393K, 78% free 1324K/6019K, paused 1ms+1ms
D/dalvikvm( 1142): GC_CONCURRENT freed 420K, 78% free 1344K/6019K, paused 1ms+1ms
D/dalvikvm( 1142): GC_CONCURRENT freed 418K, 77% free 1437K/6019K, paused 1ms+1ms
D/dalvikvm( 1142): GC_CONCURRENT freed 516K, 77% free 1420K/6019K, paused 1ms+1ms
D/dalvikvm( 1142): GC_CONCURRENT freed 487K, 78% free 1325K/6019K, paused 1ms+1ms
D/MonitorCw880( 5694): counter=2 && isHeartbeatTimeout=true
D/dalvikvm( 1142): GC_CONCURRENT freed 405K, 77% free 1424K/6019K, paused 0ms+1ms
D/dalvikvm( 1142): GC_CONCURRENT freed 490K, 77% free 1407K/6019K, paused 1ms+1ms
D/dalvikvm( 1142): GC_CONCURRENT freed 475K, 78% free 1324K/6019K, paused 1ms+1ms
D/dalvikvm( 1142): GC_CONCURRENT freed 392K, 78% free 1329K/6019K, paused 1ms+1ms
D/dalvikvm( 1142): GC_CONCURRENT freed 403K, 79% free 1312K/6019K, paused 1ms+1ms
D/dalvikvm( 1142): GC_CONCURRENT freed 394K, 79% free 1310K/6019K, paused 0ms+1ms
D/dalvikvm( 1142): GC_CONCURRENT freed 392K, 79% free 1311K/6019K, paused 1ms+1ms
D/dalvikvm( 1142): GC_CONCURRENT freed 394K, 77% free 1425K/6019K, paused 1ms+1ms
D/dalvikvm( 1142): GC_CONCURRENT freed 487K, 78% free 1366K/6019K, paused 1ms+1ms
D/dalvikvm( 1142): GC_CONCURRENT freed 443K, 79% free 1321K/6019K, paused 0ms+1ms
D/dalvikvm( 1142): GC_CONCURRENT freed 396K, 76% free 1458K/6019K, paused 1ms+1ms
D/dalvikvm( 1142): GC_CONCURRENT freed 535K, 79% free 1312K/6019K, paused 0ms+1ms
D/dalvikvm( 1142): GC_CONCURRENT freed 394K, 78% free 1343K/6019K, paused 0ms+1ms
D/MonitorCw880( 5694): counter=2 && isHeartbeatTimeout=true
D/dalvikvm( 1142): GC_CONCURRENT freed 416K, 79% free 1312K/6019K, paused 0ms+1ms
D/dalvikvm( 1142): GC_CONCURRENT freed 395K, 79% free 1311K/6019K, paused 1ms+1ms
D/dalvikvm( 1142): GC_CONCURRENT freed 394K, 79% free 1311K/6019K, paused 1ms+1ms
D/dalvikvm( 1142): GC_CONCURRENT freed 394K, 79% free 1320K/6019K, paused 1ms+1ms
D/dalvikvm( 1142): GC_CONCURRENT freed 405K, 79% free 1299K/6019K, paused 1ms+1ms
D/dalvikvm( 1142): GC_CONCURRENT freed 379K, 77% free 1422K/6019K, paused 0ms+1ms
D/MonitorCw880( 5694): counter=2 && isHeartbeatTimeout=true
D/dalvikvm( 1142): GC_CONCURRENT freed 497K, 77% free 1429K/6019K, paused 1ms+1ms
D/dalvikvm( 1142): GC_CONCURRENT freed 491K, 76% free 1447K/6019K, paused 1ms+1ms
D/dalvikvm( 1142): GC_CONCURRENT freed 515K, 78% free 1331K/6019K, paused 1ms+1ms
D/MonitorCw880( 5694): counter=2 && isHeartbeatTimeout=true
D/dalvikvm( 1142): GC_CONCURRENT freed 402K, 79% free 1312K/6019K, paused 1ms+1ms
D/dalvikvm( 1142): GC_CONCURRENT freed 396K, 77% free 1426K/6019K, paused 1ms+1ms
D/dalvikvm( 1142): GC_CONCURRENT freed 487K, 76% free 1450K/6019K, paused 1ms+2ms
D/HomePlayerLib( 1142): hostaddress count is 2
D/dalvikvm( 1142): GC_CONCURRENT freed 533K, 77% free 1425K/6019K, paused 1ms+1ms
D/dalvikvm( 1142): GC_CONCURRENT freed 510K, 77% free 1419K/6019K, paused 1ms+1ms
D/dalvikvm( 1142): GC_CONCURRENT freed 495K, 77% free 1436K/6019K, paused 1ms+1ms
D/dalvikvm( 1142): GC_CONCURRENT freed 508K, 77% free 1434K/6019K, paused 1ms+1ms
D/MonitorCw880( 5694): counter=2 && isHeartbeatTimeout=true
D/dalvikvm( 1142): GC_CONCURRENT freed 583K, 78% free 1355K/6019K, paused 1ms+1ms
D/dalvikvm( 1142): GC_CONCURRENT freed 424K, 77% free 1443K/6019K, paused 1ms+1ms
D/dalvikvm( 1142): GC_CONCURRENT freed 514K, 79% free 1318K/6019K, paused 1ms+1ms
D/dalvikvm( 1142): GC_CONCURRENT freed 404K, 77% free 1420K/6019K, paused 1ms+1ms
D/dalvikvm( 1142): GC_CONCURRENT freed 495K, 77% free 1436K/6019K, paused 1ms+1ms
D/dalvikvm( 1142): GC_CONCURRENT freed 508K, 77% free 1436K/6019K, paused 0ms+1ms
D/dalvikvm( 1142): GC_CONCURRENT freed 511K, 78% free 1359K/6019K, paused 1ms+1ms
D/dalvikvm( 1142): GC_CONCURRENT freed 400K, 76% free 1462K/6019K, paused 1ms+1ms
D/dalvikvm( 1142): GC_CONCURRENT freed 519K, 77% free 1433K/6019K, paused 0ms+1ms
D/dalvikvm( 1142): GC_CONCURRENT freed 499K, 77% free 1436K/6019K, paused 0ms+1ms
D/dalvikvm( 1142): GC_CONCURRENT freed 503K, 77% free 1389K/6019K, paused 1ms+2ms
D/dalvikvm( 1142): GC_CONCURRENT freed 439K, 76% free 1461K/6019K, paused 1ms+1ms
D/dalvikvm( 1142): GC_CONCURRENT freed 536K, 78% free 1326K/6019K, paused 1ms+1ms
D/dalvikvm( 1142): GC_CONCURRENT freed 405K, 79% free 1313K/6019K, paused 1ms+1ms
D/dalvikvm( 1142): GC_CONCURRENT freed 395K, 77% free 1400K/6019K, paused 0ms+1ms
D/dalvikvm( 1142): GC_CONCURRENT freed 469K, 78% free 1350K/6019K, paused 0ms+1ms
D/dalvikvm( 1142): GC_CONCURRENT freed 466K, 77% free 1436K/6019K, paused 1ms+1ms
D/dalvikvm( 1142): GC_CONCURRENT freed 513K, 78% free 1343K/6019K, paused 1ms+1ms
D/dalvikvm( 1142): GC_CONCURRENT freed 416K, 77% free 1422K/6019K, paused 1ms+1ms
D/dalvikvm( 1142): GC_CONCURRENT freed 490K, 77% free 1431K/6019K, paused 1ms+1ms
D/dalvikvm( 1142): GC_CONCURRENT freed 502K, 78% free 1344K/6019K, paused 1ms+1ms
D/dalvikvm( 1142): GC_CONCURRENT freed 418K, 78% free 1382K/6019K, paused 1ms+1ms
D/MonitorCw880( 5694): counter=2 && isHeartbeatTimeout=true
D/dalvikvm( 1142): GC_CONCURRENT freed 450K, 78% free 1325K/6019K, paused 1ms+1ms
D/dalvikvm( 1142): GC_CONCURRENT freed 392K, 79% free 1324K/6019K, paused 1ms+1ms
D/dalvikvm( 1142): GC_CONCURRENT freed 392K, 78% free 1324K/6019K, paused 1ms+1ms
D/dalvikvm( 1142): GC_CONCURRENT freed 393K, 78% free 1380K/6019K, paused 1ms+1ms
D/dalvikvm( 1142): GC_CONCURRENT freed 470K, 79% free 1301K/6019K, paused 1ms+1ms
D/dalvikvm( 1142): GC_CONCURRENT freed 382K, 76% free 1451K/6019K, paused 1ms+1ms
D/dalvikvm( 1142): GC_CONCURRENT freed 515K, 77% free 1422K/6019K, paused 1ms+1ms
D/dalvikvm( 1142): GC_CONCURRENT freed 507K, 78% free 1331K/6019K, paused 1ms+1ms
D/dalvikvm( 1142): GC_CONCURRENT freed 412K, 79% free 1313K/6019K, paused 1ms+1ms
D/MonitorCw880( 5694): counter=2 && isHeartbeatTimeout=true
D/dalvikvm( 1142): GC_CONCURRENT freed 397K, 79% free 1311K/6019K, paused 1ms+1ms
D/dalvikvm( 1142): GC_CONCURRENT freed 394K, 79% free 1312K/6019K, paused 1ms+1ms
D/MonitorCw880( 5694): counter=2 && isHeartbeatTimeout=true
D/dalvikvm( 1142): GC_CONCURRENT freed 392K, 79% free 1311K/6019K, paused 1ms+1ms
D/dalvikvm( 1142): GC_CONCURRENT freed 392K, 79% free 1311K/6019K, paused 0ms+1ms
D/dalvikvm( 1142): GC_CONCURRENT freed 393K, 79% free 1311K/6019K, paused 1ms+1ms
D/dalvikvm( 1142): GC_CONCURRENT freed 393K, 78% free 1343K/6019K, paused 0ms+1ms
D/dalvikvm( 1142): GC_CONCURRENT freed 418K, 77% free 1396K/6019K, paused 1ms+1ms
D/MonitorCw880( 5694): counter=2 && isHeartbeatTimeout=true
D/MonitorCw880( 5694): counter=2 && isHeartbeatTimeout=true
D/dalvikvm( 1142): GC_CONCURRENT freed 473K, 79% free 1322K/6019K, paused 1ms+1ms
D/HomePlayerLib( 1142): hostaddress count is 2
D/dalvikvm( 1142): GC_CONCURRENT freed 402K, 79% free 1310K/6019K, paused 0ms+1ms
D/dalvikvm( 1142): GC_CONCURRENT freed 387K, 79% free 1322K/6019K, paused 1ms+1ms
D/dalvikvm( 1142): GC_CONCURRENT freed 409K, 79% free 1303K/6019K, paused 1ms+1ms
D/dalvikvm( 1142): GC_CONCURRENT freed 386K, 77% free 1410K/6019K, paused 1ms+1ms
D/dalvikvm( 1142): GC_CONCURRENT freed 477K, 76% free 1445K/6019K, paused 1ms+1ms
D/dalvikvm( 1142): GC_CONCURRENT freed 521K, 77% free 1434K/6019K, paused 1ms+1ms
D/dalvikvm( 1142): GC_CONCURRENT freed 495K, 77% free 1412K/6019K, paused 1ms+1ms
D/dalvikvm( 1142): GC_CONCURRENT freed 474K, 78% free 1329K/6019K, paused 1ms+1ms
D/dalvikvm( 1142): GC_CONCURRENT freed 394K, 78% free 1374K/6019K, paused 1ms+1ms
D/dalvikvm( 1142): GC_CONCURRENT freed 448K, 78% free 1369K/6019K, paused 1ms+1ms
D/dalvikvm( 1142): GC_CONCURRENT freed 444K, 77% free 1421K/6019K, paused 0ms+1ms
D/dalvikvm( 1142): GC_CONCURRENT freed 485K, 77% free 1416K/6019K, paused 1ms+1ms
D/dalvikvm( 1142): GC_CONCURRENT freed 492K, 77% free 1417K/6019K, paused 1ms+1ms
D/dalvikvm( 1142): GC_CONCURRENT freed 482K, 78% free 1329K/6019K, paused 0ms+1ms
D/MonitorCw880( 5694): counter=2 && isHeartbeatTimeout=true
D/dalvikvm( 1142): GC_CONCURRENT freed 394K, 77% free 1411K/6019K, paused 1ms+1ms
D/dalvikvm( 1142): GC_CONCURRENT freed 473K, 78% free 1328K/6019K, paused 0ms+1ms
D/dalvikvm( 1142): GC_CONCURRENT freed 412K, 77% free 1425K/6019K, paused 0ms+1ms
D/dalvikvm( 1142): GC_CONCURRENT freed 494K, 78% free 1325K/6019K, paused 1ms+1ms
D/dalvikvm( 1142): GC_CONCURRENT freed 393K, 77% free 1430K/6019K, paused 1ms+1ms
D/dalvikvm( 1142): GC_CONCURRENT freed 513K, 79% free 1307K/6019K, paused 1ms+0ms
D/dalvikvm( 1142): GC_CONCURRENT freed 372K, 78% free 1339K/6019K, paused 1ms+1ms
D/dalvikvm( 1142): GC_CONCURRENT freed 400K, 76% free 1451K/6019K, paused 0ms+1ms
D/dalvikvm( 1142): GC_CONCURRENT freed 514K, 77% free 1412K/6019K, paused 1ms+1ms
D/dalvikvm( 1142): GC_CONCURRENT freed 483K, 77% free 1437K/6019K, paused 1ms+1ms
D/dalvikvm( 1142): GC_CONCURRENT freed 518K, 77% free 1420K/6019K, paused 1ms+1ms
D/dalvikvm( 1142): GC_CONCURRENT freed 487K, 78% free 1330K/6019K, paused 1ms+1ms
D/dalvikvm( 1142): GC_CONCURRENT freed 404K, 79% free 1313K/6019K, paused 1ms+1ms
D/dalvikvm( 1142): GC_CONCURRENT freed 394K, 76% free 1500K/6019K, paused 0ms+1ms
D/dalvikvm( 1142): GC_CONCURRENT freed 568K, 78% free 1326K/6019K, paused 1ms+1ms
D/dalvikvm( 1142): GC_CONCURRENT freed 395K, 78% free 1329K/6019K, paused 1ms+1ms
D/dalvikvm( 1142): GC_CONCURRENT freed 425K, 77% free 1404K/6019K, paused 1ms+1ms
D/dalvikvm( 1142): GC_CONCURRENT freed 488K, 78% free 1325K/6019K, paused 0ms+1ms
D/dalvikvm( 1142): GC_CONCURRENT freed 394K, 78% free 1324K/6019K, paused 1ms+1ms
D/MonitorCw880( 5694): counter=2 && isHeartbeatTimeout=true
D/dalvikvm( 1142): GC_CONCURRENT freed 393K, 78% free 1324K/6019K, paused 1ms+1ms
D/dalvikvm( 1142): GC_CONCURRENT freed 391K, 78% free 1325K/6019K, paused 1ms+1ms
D/dalvikvm( 1142): GC_CONCURRENT freed 403K, 79% free 1321K/6019K, paused 1ms+1ms
D/dalvikvm( 1142): GC_CONCURRENT freed 396K, 79% free 1311K/6019K, paused 1ms+1ms
D/dalvikvm( 1142): GC_CONCURRENT freed 394K, 79% free 1320K/6019K, paused 1ms+1ms
D/dalvikvm( 1142): GC_CONCURRENT freed 394K, 79% free 1320K/6019K, paused 1ms+1ms
D/dalvikvm( 1142): GC_CONCURRENT freed 394K, 79% free 1320K/6019K, paused 1ms+1ms
D/dalvikvm( 1142): GC_CONCURRENT freed 393K, 79% free 1320K/6019K, paused 0ms+1ms
D/dalvikvm( 1142): GC_CONCURRENT freed 405K, 78% free 1324K/6019K, paused 1ms+1ms
D/dalvikvm( 1142): GC_CONCURRENT freed 392K, 78% free 1325K/6019K, paused 1ms+1ms
D/dalvikvm( 1142): GC_CONCURRENT freed 404K, 79% free 1321K/6019K, paused 1ms+2ms
D/dalvikvm( 1142): GC_CONCURRENT freed 396K, 79% free 1310K/6019K, paused 1ms+1ms
D/MonitorCw880( 5694): counter=2 && isHeartbeatTimeout=true
D/dalvikvm( 1142): GC_CONCURRENT freed 394K, 79% free 1311K/6019K, paused 1ms+1ms
D/dalvikvm( 1142): GC_CONCURRENT freed 404K, 78% free 1368K/6019K, paused 1ms+1ms
D/dalvikvm( 1142): GC_CONCURRENT freed 433K, 78% free 1325K/6019K, paused 1ms+1ms
D/dalvikvm( 1142): GC_CONCURRENT freed 394K, 78% free 1324K/6019K, paused 1ms+1ms
D/dalvikvm( 1142): GC_CONCURRENT freed 393K, 78% free 1325K/6019K, paused 1ms+1ms
D/dalvikvm( 1142): GC_CONCURRENT freed 404K, 79% free 1313K/6019K, paused 1ms+1ms
D/dalvikvm( 1142): GC_CONCURRENT freed 394K, 79% free 1311K/6019K, paused 1ms+1ms
D/dalvikvm( 1142): GC_CONCURRENT freed 393K, 79% free 1320K/6019K, paused 1ms+1ms
D/dalvikvm( 1142): GC_CONCURRENT freed 433K, 77% free 1395K/6019K, paused 1ms+1ms
D/MonitorCw880( 5694): counter=2 && isHeartbeatTimeout=true
D/dalvikvm( 1142): GC_CONCURRENT freed 474K, 78% free 1344K/6019K, paused 1ms+1ms
D/dalvikvm( 1142): GC_CONCURRENT freed 418K, 77% free 1437K/6019K, paused 1ms+1ms
D/MonitorCw880( 5694): counter=2 && isHeartbeatTimeout=true
D/MonitorCw880( 5694): counter=2 && isHeartbeatTimeout=true
D/dalvikvm( 1142): GC_CONCURRENT freed 514K, 76% free 1445K/6019K, paused 1ms+1ms
D/HomePlayerLib( 1142): hostaddress count is 2
D/dalvikvm( 1142): GC_CONCURRENT freed 531K, 77% free 1420K/6019K, paused 1ms+1ms
D/dalvikvm( 1142): GC_CONCURRENT freed 498K, 77% free 1432K/6019K, paused 0ms+1ms
D/dalvikvm( 1142): GC_CONCURRENT freed 508K, 77% free 1424K/6019K, paused 1ms+1ms
D/dalvikvm( 1142): GC_CONCURRENT freed 487K, 78% free 1329K/6019K, paused 1ms+2ms
D/dalvikvm( 1142): GC_CONCURRENT freed 393K, 77% free 1433K/6019K, paused 1ms+1ms
D/dalvikvm( 1142): GC_CONCURRENT freed 517K, 77% free 1427K/6019K, paused 1ms+2ms
D/dalvikvm( 1142): GC_CONCURRENT freed 483K, 77% free 1441K/6019K, paused 1ms+1ms
D/dalvikvm( 1142): GC_CONCURRENT freed 546K, 73% free 1673K/6019K, paused 1ms+1ms
D/dalvikvm( 1142): GC_CONCURRENT freed 738K, 78% free 1363K/6019K, paused 1ms+1ms
D/dalvikvm( 1142): GC_CONCURRENT freed 444K, 77% free 1422K/6019K, paused 0ms+1ms
D/dalvikvm( 1142): GC_CONCURRENT freed 466K, 76% free 1467K/6019K, paused 1ms+1ms
D/dalvikvm( 1142): GC_CONCURRENT freed 548K, 77% free 1429K/6019K, paused 1ms+1ms
D/dalvikvm( 1142): GC_CONCURRENT freed 479K, 78% free 1342K/6019K, paused 1ms+1ms
D/dalvikvm( 1142): GC_CONCURRENT freed 419K, 79% free 1322K/6019K, paused 1ms+1ms
D/dalvikvm( 1142): GC_CONCURRENT freed 390K, 77% free 1386K/6019K, paused 1ms+1ms
D/dalvikvm( 1142): GC_CONCURRENT freed 454K, 78% free 1326K/6019K, paused 1ms+1ms
D/dalvikvm( 1142): GC_CONCURRENT freed 363K, 78% free 1350K/6019K, paused 1ms+1ms
D/dalvikvm( 1142): GC_CONCURRENT freed 429K, 75% free 1519K/6019K, paused 1ms+1ms
D/MonitorCw880( 5694): counter=2 && isHeartbeatTimeout=true
D/dalvikvm( 1142): GC_CONCURRENT freed 604K, 79% free 1305K/6019K, paused 1ms+1ms
D/dalvikvm( 1142): GC_CONCURRENT freed 364K, 78% free 1337K/6019K, paused 1ms+1ms
D/dalvikvm( 1142): GC_CONCURRENT freed 410K, 78% free 1344K/6019K, paused 1ms+1ms
D/dalvikvm( 1142): GC_CONCURRENT freed 392K, 78% free 1349K/6019K, paused 1ms+1ms
D/dalvikvm( 1142): GC_CONCURRENT freed 402K, 75% free 1531K/6019K, paused 0ms+1ms
D/dalvikvm( 1142): GC_CONCURRENT freed 603K, 78% free 1325K/6019K, paused 1ms+1ms
D/dalvikvm( 1142): GC_CONCURRENT freed 394K, 79% free 1324K/6019K, paused 1ms+1ms
D/dalvikvm( 1142): GC_CONCURRENT freed 392K, 77% free 1430K/6019K, paused 1ms+1ms
D/dalvikvm( 1142): GC_CONCURRENT freed 501K, 78% free 1344K/6019K, paused 1ms+1ms
D/dalvikvm( 1142): GC_CONCURRENT freed 418K, 79% free 1313K/6019K, paused 1ms+1ms
D/dalvikvm( 1142): GC_CONCURRENT freed 396K, 77% free 1425K/6019K, paused 1ms+1ms
D/dalvikvm( 1142): GC_CONCURRENT freed 487K, 78% free 1325K/6019K, paused 1ms+1ms
D/MonitorCw880( 5694): counter=2 && isHeartbeatTimeout=true
D/dalvikvm( 1142): GC_CONCURRENT freed 393K, 78% free 1324K/6019K, paused 1ms+2ms
D/dalvikvm( 1142): GC_CONCURRENT freed 392K, 78% free 1324K/6019K, paused 1ms+1ms
D/dalvikvm( 1142): GC_CONCURRENT freed 393K, 78% free 1325K/6019K, paused 1ms+1ms
D/dalvikvm( 1142): GC_CONCURRENT freed 404K, 79% free 1313K/6019K, paused 1ms+1ms
D/dalvikvm( 1142): GC_CONCURRENT freed 396K, 79% free 1319K/6019K, paused 1ms+1ms
D/dalvikvm( 1142): GC_CONCURRENT freed 405K, 79% free 1308K/6019K, paused 1ms+2ms
D/dalvikvm( 1142): GC_CONCURRENT freed 393K, 79% free 1324K/6019K, paused 1ms+1ms
D/dalvikvm( 1142): GC_CONCURRENT freed 394K, 78% free 1324K/6019K, paused 1ms+1ms
D/dalvikvm( 1142): GC_CONCURRENT freed 393K, 78% free 1324K/6019K, paused 1ms+1ms
D/dalvikvm( 1142): GC_CONCURRENT freed 463K, 79% free 1300K/6019K, paused 1ms+1ms
D/MonitorCw880( 5694): counter=2 && isHeartbeatTimeout=true
D/ByPush  ( 1646): Watch Dog Run.
D/ByPush  ( 1646): Push Time:28560
D/ByPush  ( 1646): fetch process exist:false
D/ByPush  ( 1646): service delayStartPush:0
D/ByPush  ( 1646): startWatchDog, will run in 900 seconds.
D/ByPush  ( 1646): Push Run.
D/ByPush  ( 1646): service startPush
D/ByPush  ( 1646): FetchProcess cleanFetch
D/ByPush  ( 1646): dayTime Hour:9
D/ByPush  ( 1646): delayStartFetch:2, id:0
D/dalvikvm( 1142): GC_CONCURRENT freed 374K, 79% free 1312K/6019K, paused 1ms+1ms
D/dalvikvm( 1142): GC_CONCURRENT freed 394K, 79% free 1320K/6019K, paused 1ms+1ms
D/dalvikvm( 1142): GC_CONCURRENT freed 394K, 79% free 1311K/6019K, paused 0ms+1ms
D/dalvikvm( 1142): GC_CONCURRENT freed 393K, 79% free 1320K/6019K, paused 1ms+1ms
D/dalvikvm( 1142): GC_CONCURRENT freed 394K, 79% free 1320K/6019K, paused 1ms+1ms
D/dalvikvm( 1142): GC_CONCURRENT freed 393K, 79% free 1320K/6019K, paused 1ms+1ms
D/ByPush  ( 1662): Watch Dog Run.
D/ByPush  ( 1662): Push Time:28500
D/ByPush  ( 1662): fetch process exist:false
D/ByPush  ( 1662): service delayStartPush:0
D/ByPush  ( 1662): startWatchDog, will run in 900 seconds.
D/ByPush  ( 1662): Push Run.
D/ByPush  ( 1662): service startPush
D/ByPush  ( 1662): FetchProcess cleanFetch
D/ByPush  ( 1662): dayTime Hour:9
D/ByPush  ( 1662): delayStartFetch:2, id:0
D/MonitorCw880( 5694): counter=2 && isHeartbeatTimeout=true
D/ByPush  ( 1646): FetchProcess start fetch.
D/ByPush  ( 1646): fetch url:http://www.bypush.com/rpc/startup?uuid=9301b09526f824b8de29ad1bafb52939&appid=bp46214246dqlgk&version=1.0.0&system=android&testMode=false&imei=&iccid=&imsi=&mac=00%3A00%3A00%3A00%3A00%3A00&type=S1001&resolution=1280*720&osVer=4.0.4
D/ByPush  ( 1646): application/json; charset=UTF-8
D/ByPush  ( 1646): fetch ok of id:0
D/ByPush  ( 1646): Fetch OK
D/ByPush  ( 1646): Content:{"ret": false}
D/ByPush  ( 1662): FetchProcess start fetch.
D/ByPush  ( 1662): fetch url:http://www.bypush.com/rpc/startup?uuid=9301b09526f824b8de29ad1bafb52939&appid=bp47254606elrsn&version=1.0.0&system=android&testMode=false&imei=&iccid=&imsi=&mac=00%3A00%3A00%3A00%3A00%3A00&type=S1001&resolution=1280*720&osVer=4.0.4
D/ByPush  ( 1662): application/json; charset=UTF-8
D/ByPush  ( 1662): Fetch OK
D/ByPush  ( 1662): Content:{"ret": false}
D/ByPush  ( 1662): fetch ok of id:0
D/dalvikvm( 1142): GC_CONCURRENT freed 404K, 78% free 1324K/6019K, paused 1ms+1ms
D/MonitorCw880( 5694): counter=2 && isHeartbeatTimeout=true
D/dalvikvm( 1142): GC_CONCURRENT freed 392K, 78% free 1325K/6019K, paused 1ms+1ms
D/dalvikvm( 1142): GC_CONCURRENT freed 404K, 78% free 1337K/6019K, paused 1ms+1ms
D/dalvikvm( 1142): GC_CONCURRENT freed 473K, 78% free 1364K/6019K, paused 1ms+1ms
D/dalvikvm( 1142): GC_CONCURRENT freed 448K, 77% free 1407K/6019K, paused 1ms+1ms
D/dalvikvm( 1142): GC_CONCURRENT freed 483K, 79% free 1313K/6019K, paused 1ms+1ms
D/dalvikvm( 1142): GC_CONCURRENT freed 397K, 79% free 1311K/6019K, paused 1ms+1ms
D/dalvikvm( 1142): GC_CONCURRENT freed 394K, 79% free 1311K/6019K, paused 1ms+1ms
D/dalvikvm( 1142): GC_CONCURRENT freed 389K, 79% free 1305K/6019K, paused 1ms+1ms
D/HomePlayerLib( 1142): hostaddress count is 2
D/dalvikvm( 1142): GC_CONCURRENT freed 374K, 77% free 1428K/6019K, paused 1ms+1ms
D/dalvikvm( 1142): GC_CONCURRENT freed 503K, 77% free 1405K/6019K, paused 1ms+1ms
D/dalvikvm( 1142): GC_CONCURRENT freed 487K, 77% free 1411K/6019K, paused 1ms+1ms
D/dalvikvm( 1142): GC_CONCURRENT freed 484K, 79% free 1315K/6019K, paused 1ms+1ms
D/dalvikvm( 1142): GC_CONCURRENT freed 354K, 78% free 1354K/6019K, paused 1ms+1ms
D/dalvikvm( 1142): GC_CONCURRENT freed 424K, 78% free 1328K/6019K, paused 1ms+1ms
D/dalvikvm( 1142): GC_CONCURRENT freed 393K, 77% free 1434K/6019K, paused 1ms+1ms
D/MonitorCw880( 5694): counter=2 && isHeartbeatTimeout=true
D/dalvikvm( 1142): GC_CONCURRENT freed 513K, 77% free 1412K/6019K, paused 1ms+1ms
D/dalvikvm( 1142): GC_CONCURRENT freed 485K, 79% free 1316K/6019K, paused 1ms+1ms
D/dalvikvm( 1142): GC_CONCURRENT freed 398K, 77% free 1425K/6019K, paused 1ms+1ms
D/dalvikvm( 1142): GC_CONCURRENT freed 506K, 78% free 1377K/6019K, paused 1ms+1ms
D/dalvikvm( 1142): GC_CONCURRENT freed 451K, 78% free 1345K/6019K, paused 1ms+1ms
D/dalvikvm( 1142): GC_CONCURRENT freed 415K, 77% free 1427K/6019K, paused 0ms+1ms
D/dalvikvm( 1142): GC_CONCURRENT freed 491K, 76% free 1447K/6019K, paused 1ms+1ms
D/dalvikvm( 1142): GC_CONCURRENT freed 514K, 78% free 1328K/6019K, paused 1ms+1ms
D/dalvikvm( 1142): GC_CONCURRENT freed 404K, 77% free 1432K/6019K, paused 1ms+1ms
D/dalvikvm( 1142): GC_CONCURRENT freed 489K, 76% free 1454K/6019K, paused 1ms+1ms
D/dalvikvm( 1142): GC_CONCURRENT freed 514K, 78% free 1347K/6019K, paused 1ms+1ms
D/dalvikvm( 1142): GC_CONCURRENT freed 414K, 78% free 1330K/6019K, paused 1ms+1ms
D/dalvikvm( 1142): GC_CONCURRENT freed 407K, 76% free 1450K/6019K, paused 1ms+1ms
D/dalvikvm( 1142): GC_CONCURRENT freed 516K, 77% free 1412K/6019K, paused 1ms+1ms
D/dalvikvm( 1142): GC_CONCURRENT freed 486K, 77% free 1396K/6019K, paused 1ms+1ms
D/dalvikvm( 1142): GC_CONCURRENT freed 478K, 79% free 1321K/6019K, paused 1ms+1ms
D/dalvikvm( 1142): GC_CONCURRENT freed 394K, 79% free 1312K/6019K, paused 1ms+1ms
D/dalvikvm( 1142): GC_CONCURRENT freed 393K, 78% free 1336K/6019K, paused 1ms+1ms
D/dalvikvm( 1142): GC_CONCURRENT freed 406K, 79% free 1324K/6019K, paused 1ms+1ms
D/dalvikvm( 1142): GC_CONCURRENT freed 393K, 78% free 1325K/6019K, paused 1ms+1ms
D/dalvikvm( 1142): GC_CONCURRENT freed 403K, 79% free 1312K/6019K, paused 1ms+1ms
D/dalvikvm( 1142): GC_CONCURRENT freed 394K, 77% free 1426K/6019K, paused 0ms+1ms
D/dalvikvm( 1142): GC_CONCURRENT freed 487K, 78% free 1324K/6019K, paused 0ms+1ms
D/MonitorCw880( 5694): counter=2 && isHeartbeatTimeout=true
D/dalvikvm( 1142): GC_CONCURRENT freed 394K, 78% free 1324K/6019K, paused 1ms+1ms
D/dalvikvm( 1142): GC_CONCURRENT freed 393K, 79% free 1324K/6019K, paused 0ms+1ms
D/dalvikvm( 1142): GC_CONCURRENT freed 393K, 78% free 1324K/6019K, paused 1ms+1ms
D/dalvikvm( 1142): GC_CONCURRENT freed 401K, 77% free 1396K/6019K, paused 1ms+1ms
D/dalvikvm( 1142): GC_CONCURRENT freed 477K, 77% free 1426K/6019K, paused 1ms+1ms
D/MonitorCw880( 5694): counter=2 && isHeartbeatTimeout=true
D/dalvikvm( 1142): GC_CONCURRENT freed 488K, 78% free 1325K/6019K, paused 1ms+1ms
D/dalvikvm( 1142): GC_CONCURRENT freed 394K, 78% free 1329K/6019K, paused 1ms+0ms
D/dalvikvm( 1142): GC_CONCURRENT freed 403K, 77% free 1396K/6019K, paused 1ms+1ms
D/dalvikvm( 1142): GC_CONCURRENT freed 476K, 79% free 1312K/6019K, paused 1ms+1ms
D/dalvikvm( 1142): GC_CONCURRENT freed 394K, 77% free 1421K/6019K, paused 1ms+1ms
D/dalvikvm( 1142): GC_CONCURRENT freed 487K, 78% free 1330K/6019K, paused 1ms+1ms
D/dalvikvm( 1142): GC_CONCURRENT freed 405K, 77% free 1423K/6019K, paused 1ms+1ms
D/dalvikvm( 1142): GC_CONCURRENT freed 489K, 77% free 1421K/6019K, paused 1ms+1ms
D/dalvikvm( 1142): GC_CONCURRENT freed 501K, 78% free 1344K/6019K, paused 1ms+1ms
D/dalvikvm( 1142): GC_CONCURRENT freed 418K, 77% free 1437K/6019K, paused 1ms+1ms
D/dalvikvm( 1142): GC_CONCURRENT freed 518K, 77% free 1420K/6019K, paused 1ms+1ms
D/MonitorCw880( 5694): counter=2 && isHeartbeatTimeout=true
D/dalvikvm( 1142): GC_CONCURRENT freed 488K, 78% free 1325K/6019K, paused 1ms+1ms
D/MonitorCw880( 5694): counter=2 && isHeartbeatTimeout=true
D/MonitorCw880( 5694): counter=2 && isHeartbeatTimeout=true
D/dalvikvm( 1142): GC_CONCURRENT freed 402K, 78% free 1337K/6019K, paused 1ms+2ms
D/dalvikvm( 1142): GC_CONCURRENT freed 409K, 78% free 1324K/6019K, paused 1ms+1ms
D/dalvikvm( 1142): GC_CONCURRENT freed 394K, 77% free 1437K/6019K, paused 0ms+1ms
D/HomePlayerLib( 1142): hostaddress count is 2
D/dalvikvm( 1142): GC_CONCURRENT freed 522K, 77% free 1426K/6019K, paused 1ms+1ms
D/dalvikvm( 1142): GC_CONCURRENT freed 506K, 77% free 1419K/6019K, paused 0ms+1ms
D/dalvikvm( 1142): GC_CONCURRENT freed 487K, 78% free 1327K/6019K, paused 1ms+1ms
D/dalvikvm( 1142): GC_CONCURRENT freed 431K, 78% free 1371K/6019K, paused 1ms+1ms
D/dalvikvm( 1142): GC_CONCURRENT freed 444K, 76% free 1462K/6019K, paused 1ms+1ms
D/dalvikvm( 1142): GC_FOR_ALLOC freed 653K, 79% free 1320K/6019K, paused 10ms
D/dalvikvm( 1142): GC_CONCURRENT freed <1K, 74% free 1601K/6019K, paused 1ms+1ms
D/dalvikvm( 1142): GC_CONCURRENT freed 678K, 77% free 1435K/6019K, paused 1ms+1ms
D/dalvikvm( 1142): GC_CONCURRENT freed 502K, 77% free 1437K/6019K, paused 1ms+1ms
D/dalvikvm( 1142): GC_CONCURRENT freed 493K, 78% free 1328K/6019K, paused 1ms+1ms
D/dalvikvm( 1142): GC_CONCURRENT freed 371K, 76% free 1479K/6019K, paused 1ms+1ms
D/dalvikvm( 1142): GC_CONCURRENT freed 538K, 76% free 1445K/6019K, paused 1ms+1ms
D/dalvikvm( 1142): GC_CONCURRENT freed 533K, 79% free 1311K/6019K, paused 1ms+1ms
D/dalvikvm( 1142): GC_CONCURRENT freed 382K, 77% free 1441K/6019K, paused 1ms+2ms
D/dalvikvm( 1142): GC_CONCURRENT freed 483K, 78% free 1346K/6019K, paused 1ms+1ms
D/MonitorCw880( 5694): counter=2 && isHeartbeatTimeout=true
D/dalvikvm( 1142): GC_CONCURRENT freed 426K, 79% free 1317K/6019K, paused 1ms+1ms
D/dalvikvm( 1142): GC_CONCURRENT freed 394K, 78% free 1325K/6019K, paused 1ms+1ms
D/dalvikvm( 1142): GC_CONCURRENT freed 404K, 78% free 1341K/6019K, paused 1ms+1ms
D/dalvikvm( 1142): GC_CONCURRENT freed 417K, 79% free 1311K/6019K, paused 1ms+1ms
D/dalvikvm( 1142): GC_CONCURRENT freed 381K, 77% free 1422K/6019K, paused 1ms+1ms
D/dalvikvm( 1142): GC_CONCURRENT freed 486K, 76% free 1457K/6019K, paused 1ms+1ms
D/dalvikvm( 1142): GC_CONCURRENT freed 525K, 79% free 1316K/6019K, paused 0ms+1ms
D/dalvikvm( 1142): GC_CONCURRENT freed 362K, 76% free 1480K/6019K, paused 1ms+1ms
D/dalvikvm( 1142): GC_CONCURRENT freed 555K, 79% free 1308K/6019K, paused 1ms+1ms
D/dalvikvm( 1142): GC_CONCURRENT freed 372K, 77% free 1412K/6019K, paused 1ms+1ms
D/dalvikvm( 1142): GC_CONCURRENT freed 486K, 77% free 1423K/6019K, paused 1ms+1ms
D/dalvikvm( 1142): GC_CONCURRENT freed 528K, 77% free 1393K/6019K, paused 1ms+1ms
D/dalvikvm( 1142): GC_CONCURRENT freed 465K, 78% free 1343K/6019K, paused 1ms+1ms
D/MonitorCw880( 5694): counter=2 && isHeartbeatTimeout=true
D/dalvikvm( 1142): GC_CONCURRENT freed 417K, 79% free 1312K/6019K, paused 1ms+2ms
D/dalvikvm( 1142): GC_CONCURRENT freed 395K, 77% free 1419K/6019K, paused 1ms+1ms
D/dalvikvm( 1142): GC_CONCURRENT freed 487K, 77% free 1407K/6019K, paused 1ms+1ms
D/dalvikvm( 1142): GC_CONCURRENT freed 475K, 78% free 1325K/6019K, paused 0ms+1ms
D/dalvikvm( 1142): GC_CONCURRENT freed 405K, 78% free 1338K/6019K, paused 1ms+1ms
D/MonitorCw880( 5694): counter=2 && isHeartbeatTimeout=true
D/dalvikvm( 1142): GC_CONCURRENT freed 408K, 78% free 1324K/6019K, paused 1ms+1ms
D/dalvikvm( 1142): GC_CONCURRENT freed 393K, 78% free 1324K/6019K, paused 1ms+1ms
D/dalvikvm( 1142): GC_CONCURRENT freed 393K, 79% free 1324K/6019K, paused 1ms+1ms
D/dalvikvm( 1142): GC_CONCURRENT freed 392K, 78% free 1324K/6019K, paused 1ms+1ms
D/dalvikvm( 1142): GC_CONCURRENT freed 392K, 78% free 1324K/6019K, paused 1ms+1ms
D/dalvikvm( 1142): GC_CONCURRENT freed 393K, 78% free 1324K/6019K, paused 1ms+1ms
D/dalvikvm( 1142): GC_CONCURRENT freed 393K, 78% free 1325K/6019K, paused 1ms+1ms
D/dalvikvm( 1142): GC_CONCURRENT freed 404K, 79% free 1321K/6019K, paused 1ms+1ms
D/dalvikvm( 1142): GC_CONCURRENT freed 409K, 77% free 1422K/6019K, paused 1ms+1ms
D/dalvikvm( 1142): GC_CONCURRENT freed 502K, 79% free 1312K/6019K, paused 1ms+1ms
D/dalvikvm( 1142): GC_CONCURRENT freed 394K, 79% free 1312K/6019K, paused 1ms+1ms
D/dalvikvm( 1142): GC_CONCURRENT freed 391K, 79% free 1312K/6019K, paused 1ms+1ms
D/MonitorCw880( 5694): counter=2 && isHeartbeatTimeout=true
D/dalvikvm( 1142): GC_CONCURRENT freed 397K, 79% free 1314K/6019K, paused 1ms+1ms
D/dalvikvm( 1142): GC_CONCURRENT freed 384K, 78% free 1325K/6019K, paused 0ms+1ms
D/dalvikvm( 1142): GC_CONCURRENT freed 394K, 77% free 1430K/6019K, paused 0ms+1ms
D/dalvikvm( 1142): GC_CONCURRENT freed 513K, 77% free 1412K/6019K, paused 1ms+1ms
D/dalvikvm( 1142): GC_CONCURRENT freed 484K, 77% free 1397K/6019K, paused 1ms+1ms
D/dalvikvm( 1142): GC_CONCURRENT freed 478K, 78% free 1380K/6019K, paused 1ms+1ms
D/dalvikvm( 1142): GC_CONCURRENT freed 447K, 78% free 1325K/6019K, paused 1ms+1ms
D/dalvikvm( 1142): GC_CONCURRENT freed 404K, 78% free 1335K/6019K, paused 1ms+1ms
D/MonitorCw880( 5694): counter=2 && isHeartbeatTimeout=true
D/dalvikvm( 1142): GC_CONCURRENT freed 412K, 78% free 1338K/6019K, paused 1ms+1ms
D/dalvikvm( 1142): GC_CONCURRENT freed 409K, 78% free 1324K/6019K, paused 1ms+1ms
D/dalvikvm( 1142): GC_CONCURRENT freed 394K, 79% free 1324K/6019K, paused 1ms+1ms
D/dalvikvm( 1142): GC_CONCURRENT freed 394K, 78% free 1324K/6019K, paused 1ms+1ms
D/dalvikvm( 1142): GC_CONCURRENT freed 394K, 78% free 1324K/6019K, paused 1ms+1ms
D/MonitorCw880( 5694): counter=2 && isHeartbeatTimeout=true
D/dalvikvm( 1142): GC_CONCURRENT freed 404K, 78% free 1335K/6019K, paused 1ms+1ms
D/HomePlayerLib( 1142): hostaddress count is 2
D/dalvikvm( 1142): GC_CONCURRENT freed 421K, 79% free 1308K/6019K, paused 1ms+1ms
D/dalvikvm( 1142): GC_CONCURRENT freed 389K, 78% free 1329K/6019K, paused 0ms+1ms
D/dalvikvm( 1142): GC_CONCURRENT freed 410K, 78% free 1362K/6019K, paused 1ms+1ms
D/dalvikvm( 1142): GC_CONCURRENT freed 428K, 78% free 1327K/6019K, paused 1ms+1ms
D/dalvikvm( 1142): GC_CONCURRENT freed 382K, 78% free 1334K/6019K, paused 1ms+2ms
D/dalvikvm( 1142): GC_CONCURRENT freed 389K, 78% free 1331K/6019K, paused 1ms+1ms
D/dalvikvm( 1142): GC_CONCURRENT freed 405K, 78% free 1326K/6019K, paused 1ms+1ms
D/dalvikvm( 1142): GC_CONCURRENT freed 394K, 77% free 1443K/6019K, paused 1ms+2ms
D/dalvikvm( 1142): GC_CONCURRENT freed 515K, 79% free 1320K/6019K, paused 1ms+1ms
D/dalvikvm( 1142): GC_CONCURRENT freed 383K, 76% free 1460K/6019K, paused 1ms+1ms
D/dalvikvm( 1142): GC_CONCURRENT freed 535K, 77% free 1432K/6019K, paused 1ms+1ms
D/dalvikvm( 1142): GC_CONCURRENT freed 505K, 77% free 1434K/6019K, paused 1ms+1ms
D/dalvikvm( 1142): GC_CONCURRENT freed 517K, 79% free 1301K/6019K, paused 1ms+0ms
D/dalvikvm( 1142): GC_CONCURRENT freed 380K, 77% free 1430K/6019K, paused 1ms+1ms
D/dalvikvm( 1142): GC_CONCURRENT freed 483K, 78% free 1375K/6019K, paused 1ms+1ms
D/dalvikvm( 1142): GC_CONCURRENT freed 439K, 77% free 1411K/6019K, paused 1ms+1ms
D/dalvikvm( 1142): GC_CONCURRENT freed 463K, 78% free 1341K/6019K, paused 1ms+1ms
D/MonitorCw880( 5694): counter=2 && isHeartbeatTimeout=true
D/dalvikvm( 1142): GC_CONCURRENT freed 414K, 79% free 1316K/6019K, paused 1ms+1ms
D/dalvikvm( 1142): GC_CONCURRENT freed 386K, 79% free 1319K/6019K, paused 1ms+1ms
D/dalvikvm( 1142): GC_CONCURRENT freed 399K, 79% free 1314K/6019K, paused 1ms+1ms
D/dalvikvm( 1142): GC_CONCURRENT freed 391K, 79% free 1318K/6019K, paused 1ms+1ms
D/dalvikvm( 1142): GC_CONCURRENT freed 378K, 78% free 1326K/6019K, paused 0ms+1ms
D/dalvikvm( 1142): GC_CONCURRENT freed 395K, 78% free 1324K/6019K, paused 1ms+1ms
D/dalvikvm( 1142): GC_CONCURRENT freed 393K, 78% free 1324K/6019K, paused 1ms+1ms
D/dalvikvm( 1142): GC_CONCURRENT freed 393K, 78% free 1327K/6019K, paused 1ms+1ms
D/dalvikvm( 1142): GC_CONCURRENT freed 405K, 79% free 1321K/6019K, paused 1ms+1ms
D/dalvikvm( 1142): GC_CONCURRENT freed 400K, 79% free 1318K/6019K, paused 1ms+1ms
D/dalvikvm( 1142): GC_CONCURRENT freed 403K, 79% free 1324K/6019K, paused 1ms+2ms
D/MonitorCw880( 5694): counter=2 && isHeartbeatTimeout=true
D/dalvikvm( 1142): GC_CONCURRENT freed 392K, 79% free 1324K/6019K, paused 1ms+1ms
D/dalvikvm( 1142): GC_CONCURRENT freed 392K, 78% free 1324K/6019K, paused 2ms+1ms
D/dalvikvm( 1142): GC_CONCURRENT freed 393K, 78% free 1324K/6019K, paused 1ms+1ms
D/dalvikvm( 1142): GC_CONCURRENT freed 392K, 78% free 1324K/6019K, paused 1ms+2ms
D/dalvikvm( 1142): GC_CONCURRENT freed 392K, 78% free 1324K/6019K, paused 1ms+1ms
D/dalvikvm( 1142): GC_CONCURRENT freed 404K, 79% free 1321K/6019K, paused 1ms+1ms
D/dalvikvm( 1142): GC_CONCURRENT freed 396K, 77% free 1434K/6019K, paused 0ms+1ms
D/dalvikvm( 1142): GC_CONCURRENT freed 515K, 77% free 1420K/6019K, paused 1ms+1ms
D/MonitorCw880( 5694): counter=2 && isHeartbeatTimeout=true
D/dalvikvm( 1142): GC_CONCURRENT freed 499K, 77% free 1422K/6019K, paused 1ms+1ms
D/dalvikvm( 1142): GC_CONCURRENT freed 491K, 77% free 1431K/6019K, paused 1ms+1ms
D/dalvikvm( 1142): GC_CONCURRENT freed 513K, 78% free 1331K/6019K, paused 1ms+1ms
D/dalvikvm( 1142): GC_CONCURRENT freed 404K, 77% free 1437K/6019K, paused 1ms+1ms
D/dalvikvm( 1142): GC_CONCURRENT freed 517K, 77% free 1427K/6019K, paused 1ms+1ms
D/dalvikvm( 1142): GC_CONCURRENT freed 488K, 78% free 1330K/6019K, paused 0ms+1ms
D/MonitorCw880( 5694): counter=2 && isHeartbeatTimeout=true
D/MonitorCw880( 5694): counter=2 && isHeartbeatTimeout=true
D/dalvikvm( 1142): GC_CONCURRENT freed 404K, 79% free 1312K/6019K, paused 1ms+1ms
D/dalvikvm( 1142): GC_CONCURRENT freed 394K, 77% free 1426K/6019K, paused 0ms+1ms
D/dalvikvm( 1142): GC_CONCURRENT freed 487K, 78% free 1325K/6019K, paused 1ms+1ms
D/dalvikvm( 1142): GC_CONCURRENT freed 394K, 77% free 1411K/6019K, paused 1ms+1ms
D/dalvikvm( 1142): GC_CONCURRENT freed 484K, 77% free 1438K/6019K, paused 1ms+1ms
D/MonitorCw880( 5694): counter=2 && isHeartbeatTimeout=true
D/dalvikvm( 1142): GC_CONCURRENT freed 514K, 77% free 1429K/6019K, paused 1ms+1ms
D/HomePlayerLib( 1142): hostaddress count is 2
D/dalvikvm( 1142): GC_CONCURRENT freed 503K, 77% free 1405K/6019K, paused 1ms+1ms
D/dalvikvm( 1142): GC_CONCURRENT freed 485K, 77% free 1425K/6019K, paused 1ms+1ms
D/dalvikvm( 1142): GC_CONCURRENT freed 500K, 79% free 1311K/6019K, paused 1ms+1ms
D/dalvikvm( 1142): GC_CONCURRENT freed 395K, 77% free 1412K/6019K, paused 1ms+1ms
D/dalvikvm( 1142): GC_CONCURRENT freed 492K, 77% free 1427K/6019K, paused 1ms+1ms
D/dalvikvm( 1142): GC_CONCURRENT freed 501K, 79% free 1318K/6019K, paused 0ms+1ms
D/dalvikvm( 1142): GC_CONCURRENT freed 400K, 79% free 1306K/6019K, paused 1ms+1ms
D/dalvikvm( 1142): GC_CONCURRENT freed 352K, 76% free 1452K/6019K, paused 1ms+1ms
D/dalvikvm( 1142): GC_CONCURRENT freed 502K, 76% free 1462K/6019K, paused 1ms+1ms
D/dalvikvm( 1142): GC_CONCURRENT freed 557K, 75% free 1555K/6019K, paused 1ms+1ms
D/dalvikvm( 1142): GC_CONCURRENT freed 632K, 77% free 1395K/6019K, paused 1ms+1ms
D/dalvikvm( 1142): GC_CONCURRENT freed 464K, 77% free 1426K/6019K, paused 0ms+1ms
D/dalvikvm( 1142): GC_CONCURRENT freed 503K, 77% free 1426K/6019K, paused 1ms+2ms
D/dalvikvm( 1142): GC_CONCURRENT freed 492K, 77% free 1441K/6019K, paused 2ms+1ms
D/dalvikvm( 1142): GC_CONCURRENT freed 521K, 77% free 1431K/6019K, paused 1ms+2ms
D/dalvikvm( 1142): GC_CONCURRENT freed 489K, 78% free 1375K/6019K, paused 1ms+1ms
D/dalvikvm( 1142): GC_CONCURRENT freed 456K, 76% free 1464K/6019K, paused 1ms+1ms
D/dalvikvm( 1142): GC_CONCURRENT freed 543K, 79% free 1320K/6019K, paused 1ms+2ms
D/dalvikvm( 1142): GC_CONCURRENT freed 395K, 79% free 1315K/6019K, paused 1ms+1ms
D/dalvikvm( 1142): GC_CONCURRENT freed 391K, 78% free 1347K/6019K, paused 0ms+1ms
D/MonitorCw880( 5694): counter=2 && isHeartbeatTimeout=true
D/dalvikvm( 1142): GC_CONCURRENT freed 429K, 79% free 1315K/6019K, paused 1ms+2ms
D/dalvikvm( 1142): GC_CONCURRENT freed 394K, 79% free 1315K/6019K, paused 1ms+1ms
D/dalvikvm( 1142): GC_CONCURRENT freed 398K, 79% free 1306K/6019K, paused 1ms+1ms
D/dalvikvm( 1142): GC_CONCURRENT freed 367K, 79% free 1324K/6019K, paused 1ms+1ms
D/dalvikvm( 1142): GC_CONCURRENT freed 393K, 78% free 1324K/6019K, paused 1ms+1ms
D/dalvikvm( 1142): GC_CONCURRENT freed 394K, 78% free 1324K/6019K, paused 1ms+1ms
D/dalvikvm( 1142): GC_CONCURRENT freed 392K, 78% free 1324K/6019K, paused 1ms+2ms
D/dalvikvm( 1142): GC_CONCURRENT freed 392K, 79% free 1324K/6019K, paused 1ms+1ms
D/MonitorCw880( 5694): counter=2 && isHeartbeatTimeout=true
D/dalvikvm( 1142): GC_CONCURRENT freed 393K, 78% free 1325K/6019K, paused 1ms+1ms
D/dalvikvm( 1142): GC_CONCURRENT freed 402K, 79% free 1313K/6019K, paused 1ms+1ms
D/dalvikvm( 1142): GC_CONCURRENT freed 395K, 79% free 1319K/6019K, paused 1ms+2ms
D/dalvikvm( 1142): GC_CONCURRENT freed 394K, 79% free 1320K/6019K, paused 1ms+1ms
D/dalvikvm( 1142): GC_CONCURRENT freed 393K, 79% free 1320K/6019K, paused 1ms+1ms
D/dalvikvm( 1142): GC_CONCURRENT freed 404K, 78% free 1324K/6019K, paused 1ms+1ms
D/dalvikvm( 1142): GC_CONCURRENT freed 392K, 78% free 1324K/6019K, paused 1ms+1ms
D/dalvikvm( 1142): GC_CONCURRENT freed 393K, 79% free 1324K/6019K, paused 1ms+2ms
D/dalvikvm( 1142): GC_CONCURRENT freed 391K, 78% free 1325K/6019K, paused 1ms+1ms
D/dalvikvm( 1142): GC_CONCURRENT freed 403K, 79% free 1321K/6019K, paused 1ms+1ms
D/dalvikvm( 1142): GC_CONCURRENT freed 396K, 79% free 1311K/6019K, paused 1ms+1ms
D/dalvikvm( 1142): GC_CONCURRENT freed 394K, 79% free 1311K/6019K, paused 1ms+1ms
D/dalvikvm( 1142): GC_CONCURRENT freed 383K, 78% free 1337K/6019K, paused 1ms+1ms
D/MonitorCw880( 5694): counter=2 && isHeartbeatTimeout=true
D/dalvikvm( 1142): GC_CONCURRENT freed 549K, 79% free 1298K/6019K, paused 1ms+1ms
D/dalvikvm( 1142): GC_CONCURRENT freed 372K, 79% free 1312K/6019K, paused 1ms+1ms
D/dalvikvm( 1142): GC_CONCURRENT freed 396K, 79% free 1311K/6019K, paused 1ms+0ms
D/dalvikvm( 1142): GC_CONCURRENT freed 394K, 79% free 1311K/6019K, paused 1ms+1ms
D/dalvikvm( 1142): GC_CONCURRENT freed 394K, 79% free 1311K/6019K, paused 1ms+1ms
D/dalvikvm( 1142): GC_CONCURRENT freed 392K, 79% free 1311K/6019K, paused 0ms+1ms
D/dalvikvm( 1142): GC_CONCURRENT freed 392K, 79% free 1311K/6019K, paused 1ms+1ms
D/dalvikvm( 1142): GC_CONCURRENT freed 393K, 79% free 1311K/6019K, paused 0ms+1ms
D/dalvikvm( 1142): GC_CONCURRENT freed 393K, 79% free 1312K/6019K, paused 1ms+1ms
D/dalvikvm( 1142): GC_CONCURRENT freed 399K, 79% free 1297K/6019K, paused 1ms+1ms
D/MonitorCw880( 5694): counter=2 && isHeartbeatTimeout=true
D/dalvikvm( 1142): GC_CONCURRENT freed 370K, 79% free 1312K/6019K, paused 1ms+1ms
D/dalvikvm( 1142): GC_CONCURRENT freed 394K, 79% free 1310K/6019K, paused 1ms+1ms
D/dalvikvm( 1142): GC_CONCURRENT freed 394K, 79% free 1311K/6019K, paused 1ms+1ms
D/dalvikvm( 1142): GC_CONCURRENT freed 393K, 77% free 1425K/6019K, paused 0ms+1ms
D/dalvikvm( 1142): GC_CONCURRENT freed 487K, 78% free 1371K/6019K, paused 0ms+1ms
D/MonitorCw880( 5694): counter=2 && isHeartbeatTimeout=true
D/MonitorCw880( 5694): counter=2 && isHeartbeatTimeout=true
D/dalvikvm( 1142): GC_CONCURRENT freed 444K, 79% free 1313K/6019K, paused 0ms+1ms
D/dalvikvm( 1142): GC_CONCURRENT freed 392K, 77% free 1427K/6019K, paused 1ms+1ms
D/HomePlayerLib( 1142): hostaddress count is 2
D/dalvikvm( 1142): GC_CONCURRENT freed 498K, 77% free 1440K/6019K, paused 1ms+1ms
D/dalvikvm( 1142): GC_CONCURRENT freed 519K, 77% free 1407K/6019K, paused 0ms+1ms
D/dalvikvm( 1142): GC_CONCURRENT freed 485K, 77% free 1433K/6019K, paused 1ms+1ms
D/dalvikvm( 1142): GC_CONCURRENT freed 505K, 77% free 1438K/6019K, paused 0ms+1ms
D/dalvikvm( 1142): GC_CONCURRENT freed 493K, 76% free 1467K/6019K, paused 1ms+1ms
D/dalvikvm( 1142): GC_CONCURRENT freed 549K, 79% free 1306K/6019K, paused 1ms+1ms
D/dalvikvm( 1142): GC_CONCURRENT freed 381K, 78% free 1373K/6019K, paused 1ms+1ms
D/dalvikvm( 1142): GC_CONCURRENT freed 437K, 76% free 1446K/6019K, paused 1ms+1ms
D/dalvikvm( 1142): GC_CONCURRENT freed 514K, 78% free 1374K/6019K, paused 0ms+1ms
D/dalvikvm( 1142): GC_CONCURRENT freed 498K, 77% free 1387K/6019K, paused 1ms+2ms
D/dalvikvm( 1142): GC_CONCURRENT freed 465K, 76% free 1479K/6019K, paused 1ms+1ms
D/dalvikvm( 1142): GC_CONCURRENT freed 549K, 77% free 1441K/6019K, paused 1ms+1ms
D/dalvikvm( 1142): GC_CONCURRENT freed 508K, 77% free 1438K/6019K, paused 1ms+1ms
D/dalvikvm( 1142): GC_CONCURRENT freed 512K, 77% free 1435K/6019K, paused 0ms+1ms
D/dalvikvm( 1142): GC_CONCURRENT freed 509K, 78% free 1342K/6019K, paused 1ms+1ms
D/dalvikvm( 1142): GC_CONCURRENT freed 407K, 77% free 1434K/6019K, paused 1ms+1ms
D/dalvikvm( 1142): GC_CONCURRENT freed 514K, 77% free 1418K/6019K, paused 1ms+1ms
D/dalvikvm( 1142): GC_CONCURRENT freed 491K, 77% free 1434K/6019K, paused 1ms+1ms
D/dalvikvm( 1142): GC_CONCURRENT freed 510K, 79% free 1317K/6019K, paused 0ms+1ms
D/dalvikvm( 1142): GC_CONCURRENT freed 378K, 78% free 1349K/6019K, paused 1ms+1ms
D/dalvikvm( 1142): GC_CONCURRENT freed 419K, 77% free 1442K/6019K, paused 0ms+1ms
D/dalvikvm( 1142): GC_CONCURRENT freed 518K, 79% free 1308K/6019K, paused 1ms+1ms
D/dalvikvm( 1142): GC_CONCURRENT freed 381K, 77% free 1424K/6019K, paused 0ms+1ms
D/MonitorCw880( 5694): counter=2 && isHeartbeatTimeout=true
W/ThrottleService(  945): unable to find stats for iface rmnet0
D/dalvikvm( 1142): GC_CONCURRENT freed 498K, 77% free 1437K/6019K, paused 0ms+1ms
D/dalvikvm( 1142): GC_CONCURRENT freed 517K, 79% free 1312K/6019K, paused 1ms+1ms
D/dalvikvm( 1142): GC_CONCURRENT freed 393K, 77% free 1424K/6019K, paused 1ms+1ms
D/dalvikvm( 1142): GC_CONCURRENT freed 497K, 77% free 1397K/6019K, paused 0ms+1ms
D/dalvikvm( 1142): GC_CONCURRENT freed 478K, 79% free 1312K/6019K, paused 1ms+1ms
D/dalvikvm( 1142): GC_CONCURRENT freed 394K, 77% free 1426K/6019K, paused 1ms+1ms
D/MonitorCw880( 5694): counter=2 && isHeartbeatTimeout=true
D/dalvikvm( 1142): GC_CONCURRENT freed 485K, 78% free 1325K/6019K, paused 1ms+1ms
D/dalvikvm( 1142): GC_CONCURRENT freed 403K, 77% free 1422K/6019K, paused 1ms+1ms
D/dalvikvm( 1142): GC_CONCURRENT freed 490K, 78% free 1324K/6019K, paused 0ms+1ms
D/dalvikvm( 1142): GC_CONCURRENT freed 394K, 79% free 1324K/6019K, paused 1ms+1ms
D/dalvikvm( 1142): GC_CONCURRENT freed 393K, 79% free 1324K/6019K, paused 1ms+1ms
D/dalvikvm( 1142): GC_CONCURRENT freed 392K, 78% free 1370K/6019K, paused 1ms+1ms
D/dalvikvm( 1142): GC_CONCURRENT freed 443K, 79% free 1313K/6019K, paused 1ms+1ms
D/dalvikvm( 1142): GC_CONCURRENT freed 396K, 77% free 1426K/6019K, paused 0ms+1ms
D/dalvikvm( 1142): GC_CONCURRENT freed 488K, 76% free 1447K/6019K, paused 1ms+1ms
D/MonitorCw880( 5694): counter=2 && isHeartbeatTimeout=true
D/dalvikvm( 1142): GC_CONCURRENT freed 525K, 79% free 1313K/6019K, paused 0ms+1ms
D/dalvikvm( 1142): GC_CONCURRENT freed 396K, 77% free 1426K/6019K, paused 1ms+1ms
D/MonitorCw880( 5694): counter=2 && isHeartbeatTimeout=true
D/dalvikvm( 1142): GC_CONCURRENT freed 487K, 77% free 1407K/6019K, paused 1ms+1ms
D/dalvikvm( 1142): GC_CONCURRENT freed 474K, 78% free 1330K/6019K, paused 1ms+1ms
D/dalvikvm( 1142): GC_CONCURRENT freed 405K, 78% free 1383K/6019K, paused 1ms+1ms
D/MonitorCw880( 5694): counter=2 && isHeartbeatTimeout=true
D/dalvikvm( 1142): GC_CONCURRENT freed 448K, 79% free 1324K/6019K, paused 1ms+1ms
D/dalvikvm( 1142): GC_CONCURRENT freed 404K, 77% free 1424K/6019K, paused 1ms+1ms
D/HomePlayerLib( 1142): hostaddress count is 2
D/dalvikvm( 1142): GC_CONCURRENT freed 502K, 77% free 1418K/6019K, paused 0ms+1ms
D/dalvikvm( 1142): GC_CONCURRENT freed 519K, 77% free 1411K/6019K, paused 1ms+1ms
D/dalvikvm( 1142): GC_CONCURRENT freed 496K, 79% free 1299K/6019K, paused 1ms+1ms
D/dalvikvm( 1142): GC_CONCURRENT freed 383K, 77% free 1401K/6019K, paused 0ms+1ms
D/dalvikvm( 1142): GC_CONCURRENT freed 459K, 76% free 1450K/6019K, paused 1ms+1ms
D/MonitorCw880( 5694): counter=2 && isHeartbeatTimeout=true
D/dalvikvm( 1142): GC_CONCURRENT freed 507K, 78% free 1372K/6019K, paused 1ms+1ms
D/dalvikvm( 1142): GC_CONCURRENT freed 452K, 78% free 1373K/6019K, paused 1ms+1ms
D/dalvikvm( 1142): GC_CONCURRENT freed 465K, 78% free 1373K/6019K, paused 1ms+1ms
D/dalvikvm( 1142): GC_CONCURRENT freed 447K, 78% free 1378K/6019K, paused 1ms+1ms
D/dalvikvm( 1142): GC_CONCURRENT freed 447K, 73% free 1667K/6019K, paused 1ms+2ms
D/dalvikvm( 1142): GC_CONCURRENT freed 747K, 79% free 1306K/6019K, paused 1ms+1ms
D/dalvikvm( 1142): GC_CONCURRENT freed 372K, 77% free 1434K/6019K, paused 1ms+1ms
D/dalvikvm( 1142): GC_CONCURRENT freed 502K, 79% free 1317K/6019K, paused 0ms+1ms
D/dalvikvm( 1142): GC_CONCURRENT freed 394K, 79% free 1316K/6019K, paused 1ms+1ms
D/dalvikvm( 1142): GC_CONCURRENT freed 393K, 77% free 1399K/6019K, paused 0ms+1ms
D/dalvikvm( 1142): GC_CONCURRENT freed 468K, 78% free 1330K/6019K, paused 1ms+1ms
D/dalvikvm( 1142): GC_CONCURRENT freed 395K, 78% free 1328K/6019K, paused 1ms+1ms
D/dalvikvm( 1142): GC_CONCURRENT freed 392K, 78% free 1328K/6019K, paused 1ms+1ms
D/dalvikvm( 1142): GC_CONCURRENT freed 397K, 78% free 1329K/6019K, paused 1ms+1ms
D/dalvikvm( 1142): GC_CONCURRENT freed 388K, 77% free 1426K/6019K, paused 1ms+2ms
D/dalvikvm( 1142): GC_CONCURRENT freed 513K, 79% free 1321K/6019K, paused 1ms+1ms
D/dalvikvm( 1142): GC_CONCURRENT freed 397K, 77% free 1428K/6019K, paused 0ms+1ms
D/dalvikvm( 1142): GC_CONCURRENT freed 462K, 78% free 1355K/6019K, paused 1ms+1ms
D/dalvikvm( 1142): GC_CONCURRENT freed 439K, 77% free 1415K/6019K, paused 1ms+1ms
D/dalvikvm( 1142): GC_CONCURRENT freed 491K, 77% free 1436K/6019K, paused 1ms+1ms
D/dalvikvm( 1142): GC_CONCURRENT freed 504K, 77% free 1441K/6019K, paused 1ms+1ms
D/dalvikvm( 1142): GC_CONCURRENT freed 526K, 79% free 1303K/6019K, paused 0ms+1ms
D/dalvikvm( 1142): GC_CONCURRENT freed 373K, 76% free 1489K/6019K, paused 1ms+1ms
D/dalvikvm( 1142): GC_CONCURRENT freed 555K, 77% free 1412K/6019K, paused 1ms+1ms
D/MonitorCw880( 5694): counter=2 && isHeartbeatTimeout=true
D/dalvikvm( 1142): GC_CONCURRENT freed 483K, 77% free 1405K/6019K, paused 1ms+1ms
D/dalvikvm( 1142): GC_CONCURRENT freed 478K, 77% free 1436K/6019K, paused 1ms+0ms
D/dalvikvm( 1142): GC_CONCURRENT freed 515K, 78% free 1344K/6019K, paused 1ms+1ms
D/dalvikvm( 1142): GC_CONCURRENT freed 419K, 77% free 1436K/6019K, paused 1ms+1ms
D/dalvikvm( 1142): GC_CONCURRENT freed 516K, 77% free 1427K/6019K, paused 1ms+1ms
D/dalvikvm( 1142): GC_CONCURRENT freed 487K, 78% free 1330K/6019K, paused 1ms+1ms
D/dalvikvm( 1142): GC_CONCURRENT freed 405K, 77% free 1437K/6019K, paused 1ms+1ms
D/dalvikvm( 1142): GC_CONCURRENT freed 518K, 79% free 1313K/6019K, paused 1ms+1ms
D/dalvikvm( 1142): GC_CONCURRENT freed 394K, 77% free 1424K/6019K, paused 1ms+1ms
D/dalvikvm( 1142): GC_CONCURRENT freed 495K, 78% free 1355K/6019K, paused 1ms+1ms
D/MonitorCw880( 5694): counter=2 && isHeartbeatTimeout=true
D/dalvikvm( 1142): GC_CONCURRENT freed 438K, 78% free 1336K/6019K, paused 0ms+1ms
D/dalvikvm( 1142): GC_CONCURRENT freed 407K, 78% free 1324K/6019K, paused 0ms+1ms
D/dalvikvm( 1142): GC_CONCURRENT freed 394K, 78% free 1324K/6019K, paused 1ms+1ms
D/dalvikvm( 1142): GC_CONCURRENT freed 393K, 78% free 1324K/6019K, paused 1ms+1ms
D/dalvikvm( 1142): GC_CONCURRENT freed 392K, 78% free 1324K/6019K, paused 1ms+2ms
D/dalvikvm( 1142): GC_CONCURRENT freed 392K, 78% free 1325K/6019K, paused 1ms+2ms
D/dalvikvm( 1142): GC_CONCURRENT freed 404K, 79% free 1321K/6019K, paused 1ms+1ms
D/dalvikvm( 1142): GC_CONCURRENT freed 396K, 79% free 1311K/6019K, paused 1ms+1ms
D/dalvikvm( 1142): GC_CONCURRENT freed 394K, 79% free 1311K/6019K, paused 1ms+1ms
D/MonitorCw880( 5694): counter=2 && isHeartbeatTimeout=true
D/dalvikvm( 1142): GC_CONCURRENT freed 392K, 79% free 1320K/6019K, paused 1ms+1ms
D/dalvikvm( 1142): GC_CONCURRENT freed 405K, 77% free 1430K/6019K, paused 1ms+1ms
D/dalvikvm( 1142): GC_CONCURRENT freed 513K, 79% free 1309K/6019K, paused 1ms+1ms
D/dalvikvm( 1142): GC_CONCURRENT freed 380K, 77% free 1431K/6019K, paused 1ms+1ms
D/dalvikvm( 1142): GC_CONCURRENT freed 504K, 79% free 1312K/6019K, paused 1ms+1ms
D/MonitorCw880( 5694): counter=2 && isHeartbeatTimeout=true
D/MonitorCw880( 5694): counter=2 && isHeartbeatTimeout=true
D/dalvikvm( 1142): GC_CONCURRENT freed 392K, 79% free 1312K/6019K, paused 1ms+1ms
D/dalvikvm( 1142): GC_CONCURRENT freed 392K, 79% free 1312K/6019K, paused 0ms+1ms
D/dalvikvm( 1142): GC_CONCURRENT freed 389K, 79% free 1322K/6019K, paused 1ms+1ms
D/HomePlayerLib( 1142): hostaddress count is 2
D/dalvikvm( 1142): GC_CONCURRENT freed 381K, 78% free 1325K/6019K, paused 0ms+1ms
D/dalvikvm( 1142): GC_CONCURRENT freed 394K, 79% free 1321K/6019K, paused 0ms+1ms
D/dalvikvm( 1142): GC_CONCURRENT freed 403K, 79% free 1302K/6019K, paused 1ms+1ms
D/dalvikvm( 1142): GC_CONCURRENT freed 378K, 76% free 1482K/6019K, paused 1ms+1ms
D/dalvikvm( 1142): GC_CONCURRENT freed 560K, 77% free 1431K/6019K, paused 1ms+1ms
D/dalvikvm( 1142): GC_CONCURRENT freed 493K, 76% free 1467K/6019K, paused 1ms+1ms
D/dalvikvm( 1142): GC_CONCURRENT freed 555K, 79% free 1312K/6019K, paused 1ms+1ms
D/dalvikvm( 1142): GC_CONCURRENT freed 373K, 76% free 1450K/6019K, paused 1ms+1ms
D/dalvikvm( 1142): GC_CONCURRENT freed 519K, 77% free 1435K/6019K, paused 1ms+1ms
D/MonitorCw880( 5694): counter=2 && isHeartbeatTimeout=true
D/dalvikvm( 1142): GC_CONCURRENT freed 513K, 79% free 1313K/6019K, paused 1ms+1ms
D/dalvikvm( 1142): GC_CONCURRENT freed 373K, 76% free 1451K/6019K, paused 0ms+1ms
D/dalvikvm( 1142): GC_CONCURRENT freed 519K, 77% free 1412K/6019K, paused 1ms+1ms
D/dalvikvm( 1142): GC_CONCURRENT freed 489K, 77% free 1412K/6019K, paused 1ms+1ms
D/dalvikvm( 1142): GC_CONCURRENT freed 480K, 78% free 1357K/6019K, paused 0ms+1ms
D/dalvikvm( 1142): GC_CONCURRENT freed 460K, 77% free 1407K/6019K, paused 1ms+1ms
D/dalvikvm( 1142): GC_CONCURRENT freed 465K, 78% free 1329K/6019K, paused 0ms+1ms
D/dalvikvm( 1142): GC_CONCURRENT freed 409K, 76% free 1480K/6019K, paused 1ms+1ms
D/dalvikvm( 1142): GC_CONCURRENT freed 550K, 77% free 1441K/6019K, paused 0ms+2ms
D/dalvikvm( 1142): GC_CONCURRENT freed 513K, 75% free 1509K/6019K, paused 1ms+1ms
D/dalvikvm( 1142): GC_CONCURRENT freed 539K, 76% free 1478K/6019K, paused 0ms+1ms
D/dalvikvm( 1142): GC_CONCURRENT freed 557K, 77% free 1422K/6019K, paused 1ms+1ms
D/dalvikvm( 1142): GC_CONCURRENT freed 489K, 78% free 1325K/6019K, paused 0ms+1ms
D/dalvikvm( 1142): GC_CONCURRENT freed 394K, 77% free 1411K/6019K, paused 1ms+1ms
D/dalvikvm( 1142): GC_CONCURRENT freed 523K, 77% free 1399K/6019K, paused 1ms+1ms
D/dalvikvm( 1142): GC_CONCURRENT freed 480K, 79% free 1313K/6019K, paused 1ms+1ms
D/dalvikvm( 1142): GC_CONCURRENT freed 394K, 77% free 1424K/6019K, paused 1ms+1ms
D/dalvikvm( 1142): GC_CONCURRENT freed 498K, 79% free 1313K/6019K, paused 1ms+1ms
D/dalvikvm( 1142): GC_CONCURRENT freed 397K, 77% free 1426K/6019K, paused 0ms+1ms
D/MonitorCw880( 5694): counter=2 && isHeartbeatTimeout=true
D/dalvikvm( 1142): GC_CONCURRENT freed 486K, 76% free 1451K/6019K, paused 1ms+1ms
D/dalvikvm( 1142): GC_CONCURRENT freed 524K, 79% free 1313K/6019K, paused 1ms+1ms
D/dalvikvm( 1142): GC_CONCURRENT freed 397K, 79% free 1302K/6019K, paused 1ms+1ms
D/dalvikvm( 1142): GC_CONCURRENT freed 366K, 79% free 1324K/6019K, paused 1ms+1ms
D/dalvikvm( 1142): GC_CONCURRENT freed 506K, 79% free 1317K/6019K, paused 0ms+1ms
D/MonitorCw880( 5694): counter=2 && isHeartbeatTimeout=true
D/dalvikvm( 1142): GC_CONCURRENT freed 401K, 79% free 1324K/6019K, paused 0ms+1ms
D/dalvikvm( 1142): GC_CONCURRENT freed 392K, 78% free 1329K/6019K, paused 1ms+1ms
D/dalvikvm( 1142): GC_CONCURRENT freed 404K, 76% free 1479K/6019K, paused 1ms+1ms
D/dalvikvm( 1142): GC_CONCURRENT freed 558K, 79% free 1313K/6019K, paused 1ms+1ms
D/dalvikvm( 1142): GC_CONCURRENT freed 395K, 78% free 1378K/6019K, paused 1ms+1ms
I/dnsmasq ( 4222): DHCPREQUEST(uap0) 192.168.43.186 00:90:4c:78:03:ff 
I/dnsmasq ( 4222): DHCPACK(uap0) 192.168.43.186 00:90:4c:78:03:ff android-1860196aa0422c37
D/dalvikvm( 1142): GC_CONCURRENT freed 454K, 77% free 1429K/6019K, paused 1ms+1ms
D/dalvikvm( 1142): GC_CONCURRENT freed 491K, 77% free 1421K/6019K, paused 1ms+1ms
D/dalvikvm( 1142): GC_CONCURRENT freed 502K, 79% free 1313K/6019K, paused 1ms+1ms
D/dalvikvm( 1142): GC_CONCURRENT freed 400K, 79% free 1297K/6019K, paused 1ms+1ms
D/MonitorCw880( 5694): counter=2 && isHeartbeatTimeout=true
D/dalvikvm( 1142): GC_CONCURRENT freed 370K, 77% free 1423K/6019K, paused 0ms+1ms
D/dalvikvm( 1142): GC_CONCURRENT freed 489K, 77% free 1409K/6019K, paused 0ms+1ms
D/dalvikvm( 1142): GC_CONCURRENT freed 475K, 78% free 1371K/6019K, paused 1ms+1ms
D/dalvikvm( 1142): GC_CONCURRENT freed 445K, 77% free 1437K/6019K, paused 1ms+1ms
D/dalvikvm( 1142): GC_CONCURRENT freed 518K, 77% free 1427K/6019K, paused 1ms+1ms
D/dalvikvm( 1142): GC_CONCURRENT freed 487K, 78% free 1330K/6019K, paused 1ms+1ms
D/MonitorCw880( 5694): counter=2 && isHeartbeatTimeout=true
D/dalvikvm( 1142): GC_CONCURRENT freed 404K, 79% free 1312K/6019K, paused 1ms+1ms
D/dalvikvm( 1142): GC_CONCURRENT freed 396K, 77% free 1419K/6019K, paused 1ms+1ms
D/dalvikvm( 1142): GC_CONCURRENT freed 488K, 78% free 1324K/6019K, paused 0ms+1ms
D/dalvikvm( 1142): GC_CONCURRENT freed 394K, 77% free 1411K/6019K, paused 1ms+1ms
D/dalvikvm( 1142): GC_CONCURRENT freed 494K, 78% free 1369K/6019K, paused 1ms+1ms
D/dalvikvm( 1142): GC_CONCURRENT freed 438K, 78% free 1324K/6019K, paused 1ms+1ms
D/dalvikvm( 1142): GC_CONCURRENT freed 433K, 77% free 1390K/6019K, paused 1ms+2ms
D/dalvikvm( 1142): GC_CONCURRENT freed 472K, 78% free 1325K/6019K, paused 1ms+1ms
D/dalvikvm( 1142): GC_CONCURRENT freed 403K, 77% free 1395K/6019K, paused 1ms+1ms
D/dalvikvm( 1142): GC_CONCURRENT freed 476K, 79% free 1313K/6019K, paused 1ms+1ms
D/dalvikvm( 1142): GC_CONCURRENT freed 394K, 79% free 1320K/6019K, paused 1ms+1ms
D/dalvikvm( 1142): GC_CONCURRENT freed 398K, 78% free 1335K/6019K, paused 1ms+1ms
D/dalvikvm( 1142): GC_CONCURRENT freed 411K, 79% free 1319K/6019K, paused 1ms+1ms
D/MonitorCw880( 5694): counter=2 && isHeartbeatTimeout=true
D/dalvikvm( 1142): GC_CONCURRENT freed 403K, 79% free 1301K/6019K, paused 1ms+1ms
D/dalvikvm( 1142): GC_CONCURRENT freed 377K, 78% free 1324K/6019K, paused 1ms+1ms
D/dalvikvm( 1142): GC_CONCURRENT freed 395K, 77% free 1437K/6019K, paused 1ms+1ms
D/HomePlayerLib( 1142): hostaddress count is 2
D/dalvikvm( 1142): GC_CONCURRENT freed 505K, 77% free 1443K/6019K, paused 1ms+1ms
D/dalvikvm( 1142): GC_CONCURRENT freed 524K, 77% free 1424K/6019K, paused 1ms+1ms
D/dalvikvm( 1142): GC_CONCURRENT freed 498K, 77% free 1392K/6019K, paused 1ms+1ms
D/dalvikvm( 1142): GC_CONCURRENT freed 451K, 76% free 1445K/6019K, paused 1ms+1ms
D/dalvikvm( 1142): GC_CONCURRENT freed 506K, 78% free 1329K/6019K, paused 0ms+1ms
D/dalvikvm( 1142): GC_CONCURRENT freed 393K, 77% free 1427K/6019K, paused 1ms+1ms
D/dalvikvm( 1142): GC_CONCURRENT freed 507K, 79% free 1304K/6019K, paused 1ms+1ms
D/dalvikvm( 1142): GC_CONCURRENT freed 375K, 77% free 1435K/6019K, paused 1ms+1ms
D/dalvikvm( 1142): GC_CONCURRENT freed 506K, 77% free 1440K/6019K, paused 1ms+0ms
D/dalvikvm( 1142): GC_CONCURRENT freed 526K, 79% free 1306K/6019K, paused 1ms+1ms
D/dalvikvm( 1142): GC_CONCURRENT freed 435K, 78% free 1383K/6019K, paused 0ms+1ms
D/dalvikvm( 1142): GC_CONCURRENT freed 458K, 77% free 1436K/6019K, paused 1ms+1ms
D/dalvikvm( 1142): GC_CONCURRENT freed 482K, 78% free 1358K/6019K, paused 0ms+1ms
D/dalvikvm( 1142): GC_CONCURRENT freed 427K, 78% free 1327K/6019K, paused 1ms+1ms
D/dalvikvm( 1142): GC_CONCURRENT freed 394K, 78% free 1328K/6019K, paused 1ms+1ms
D/MonitorCw880( 5694): counter=2 && isHeartbeatTimeout=true
D/dalvikvm( 1142): GC_CONCURRENT freed 394K, 78% free 1328K/6019K, paused 1ms+1ms
D/dalvikvm( 1142): GC_CONCURRENT freed 393K, 78% free 1337K/6019K, paused 1ms+1ms
D/dalvikvm( 1142): GC_CONCURRENT freed 417K, 77% free 1429K/6019K, paused 1ms+1ms
D/dalvikvm( 1142): GC_CONCURRENT freed 495K, 77% free 1443K/6019K, paused 1ms+1ms
D/dalvikvm( 1142): GC_CONCURRENT freed 510K, 77% free 1438K/6019K, paused 1ms+1ms
D/dalvikvm( 1142): GC_CONCURRENT freed 495K, 78% free 1327K/6019K, paused 1ms+1ms
D/dalvikvm( 1142): GC_CONCURRENT freed 451K, 77% free 1388K/6019K, paused 1ms+2ms
D/dalvikvm( 1142): GC_CONCURRENT freed 449K, 78% free 1375K/6019K, paused 1ms+1ms
D/dalvikvm( 1142): GC_CONCURRENT freed 436K, 78% free 1326K/6019K, paused 1ms+1ms
D/dalvikvm( 1142): GC_CONCURRENT freed 405K, 77% free 1424K/6019K, paused 1ms+0ms
D/dalvikvm( 1142): GC_CONCURRENT freed 502K, 79% free 1311K/6019K, paused 0ms+1ms
D/dalvikvm( 1142): GC_CONCURRENT freed 357K, 77% free 1411K/6019K, paused 1ms+1ms
D/dalvikvm( 1142): GC_CONCURRENT freed 493K, 79% free 1321K/6019K, paused 1ms+1ms
D/dalvikvm( 1142): GC_CONCURRENT freed 394K, 79% free 1311K/6019K, paused 1ms+1ms
D/MonitorCw880( 5694): counter=2 && isHeartbeatTimeout=true
D/dalvikvm( 1142): GC_CONCURRENT freed 391K, 79% free 1312K/6019K, paused 1ms+1ms
D/dalvikvm( 1142): GC_CONCURRENT freed 398K, 79% free 1314K/6019K, paused 1ms+1ms
D/dalvikvm( 1142): GC_CONCURRENT freed 384K, 78% free 1325K/6019K, paused 1ms+1ms
D/dalvikvm( 1142): GC_CONCURRENT freed 396K, 79% free 1324K/6019K, paused 1ms+1ms
D/dalvikvm( 1142): GC_CONCURRENT freed 394K, 79% free 1324K/6019K, paused 0ms+1ms
D/dalvikvm( 1142): GC_CONCURRENT freed 392K, 78% free 1324K/6019K, paused 1ms+1ms
D/dalvikvm( 1142): GC_CONCURRENT freed 392K, 78% free 1324K/6019K, paused 1ms+1ms
D/dalvikvm( 1142): GC_CONCURRENT freed 393K, 78% free 1324K/6019K, paused 1ms+1ms
D/MonitorCw880( 5694): counter=2 && isHeartbeatTimeout=true
D/dalvikvm( 1142): GC_CONCURRENT freed 393K, 78% free 1324K/6019K, paused 1ms+1ms
D/dalvikvm( 1142): GC_CONCURRENT freed 393K, 78% free 1325K/6019K, paused 1ms+1ms
D/dalvikvm( 1142): GC_CONCURRENT freed 402K, 78% free 1380K/6019K, paused 1ms+2ms
D/dalvikvm( 1142): GC_CONCURRENT freed 449K, 78% free 1324K/6019K, paused 1ms+1ms
D/dalvikvm( 1142): GC_CONCURRENT freed 394K, 79% free 1324K/6019K, paused 1ms+1ms
D/dalvikvm( 1142): GC_CONCURRENT freed 393K, 79% free 1324K/6019K, paused 1ms+1ms
D/dalvikvm( 1142): GC_CONCURRENT freed 393K, 79% free 1324K/6019K, paused 1ms+1ms
D/dalvikvm( 1142): GC_CONCURRENT freed 393K, 78% free 1370K/6019K, paused 1ms+1ms
D/MonitorCw880( 5694): counter=2 && isHeartbeatTimeout=true
D/MonitorCw880( 5694): counter=2 && isHeartbeatTimeout=true
D/dalvikvm( 1142): GC_CONCURRENT freed 441K, 77% free 1422K/6019K, paused 0ms+1ms
D/MonitorCw880( 5694): counter=2 && isHeartbeatTimeout=true
D/dalvikvm( 1142): GC_CONCURRENT freed 491K, 76% free 1450K/6019K, paused 1ms+1ms
D/dalvikvm( 1142): GC_CONCURRENT freed 513K, 78% free 1326K/6019K, paused 1ms+1ms
D/dalvikvm( 1142): GC_CONCURRENT freed 404K, 77% free 1422K/6019K, paused 0ms+1ms
D/dalvikvm( 1142): GC_CONCURRENT freed 490K, 78% free 1325K/6019K, paused 1ms+1ms
D/HomePlayerLib( 1142): hostaddress count is 2
D/dalvikvm( 1142): GC_CONCURRENT freed 405K, 76% free 1479K/6019K, paused 1ms+1ms
D/dalvikvm( 1142): GC_CONCURRENT freed 556K, 77% free 1429K/6019K, paused 1ms+1ms
D/dalvikvm( 1142): GC_CONCURRENT freed 503K, 77% free 1438K/6019K, paused 1ms+1ms
D/dalvikvm( 1142): GC_CONCURRENT freed 508K, 77% free 1433K/6019K, paused 0ms+1ms
D/dalvikvm( 1142): GC_CONCURRENT freed 512K, 77% free 1421K/6019K, paused 0ms+1ms
D/dalvikvm( 1142): GC_CONCURRENT freed 582K, 78% free 1367K/6019K, paused 1ms+1ms
D/dalvikvm( 1142): GC_CONCURRENT freed 432K, 78% free 1331K/6019K, paused 1ms+2ms
D/dalvikvm( 1142): GC_CONCURRENT freed 397K, 78% free 1327K/6019K, paused 1ms+1ms
D/dalvikvm( 1142): GC_CONCURRENT freed 391K, 78% free 1327K/6019K, paused 1ms+1ms
D/dalvikvm( 1142): GC_CONCURRENT freed 381K, 75% free 1535K/6019K, paused 1ms+1ms
D/dalvikvm( 1142): GC_CONCURRENT freed 603K, 78% free 1372K/6019K, paused 1ms+1ms
D/dalvikvm( 1142): GC_CONCURRENT freed 436K, 78% free 1327K/6019K, paused 1ms+1ms
D/dalvikvm( 1142): GC_CONCURRENT freed 391K, 78% free 1328K/6019K, paused 1ms+1ms
D/dalvikvm( 1142): GC_CONCURRENT freed 384K, 78% free 1355K/6019K, paused 1ms+1ms
D/dalvikvm( 1142): GC_CONCURRENT freed 425K, 77% free 1434K/6019K, paused 0ms+1ms
D/dalvikvm( 1142): GC_CONCURRENT freed 502K, 77% free 1429K/6019K, paused 1ms+1ms
D/dalvikvm( 1142): GC_CONCURRENT freed 510K, 79% free 1304K/6019K, paused 1ms+1ms
D/dalvikvm( 1142): GC_CONCURRENT freed 383K, 77% free 1430K/6019K, paused 1ms+0ms
D/dalvikvm( 1142): GC_CONCURRENT freed 487K, 76% free 1451K/6019K, paused 1ms+1ms
D/dalvikvm( 1142): GC_CONCURRENT freed 524K, 77% free 1433K/6019K, paused 1ms+1ms
D/MonitorCw880( 5694): counter=2 && isHeartbeatTimeout=true
D/dalvikvm( 1142): GC_CONCURRENT freed 502K, 77% free 1432K/6019K, paused 0ms+1ms
D/dalvikvm( 1142): GC_CONCURRENT freed 504K, 78% free 1344K/6019K, paused 1ms+1ms
D/dalvikvm( 1142): GC_CONCURRENT freed 418K, 79% free 1313K/6019K, paused 0ms+1ms
D/dalvikvm( 1142): GC_CONCURRENT freed 364K, 78% free 1337K/6019K, paused 0ms+1ms
D/dalvikvm( 1142): GC_CONCURRENT freed 398K, 76% free 1449K/6019K, paused 1ms+1ms
D/dalvikvm( 1142): GC_CONCURRENT freed 515K, 77% free 1412K/6019K, paused 1ms+1ms
D/MonitorCw880( 5694): counter=2 && isHeartbeatTimeout=true
D/dalvikvm( 1142): GC_CONCURRENT freed 483K, 79% free 1313K/6019K, paused 1ms+1ms
D/dalvikvm( 1142): GC_CONCURRENT freed 397K, 77% free 1426K/6019K, paused 1ms+1ms
D/dalvikvm( 1142): GC_CONCURRENT freed 487K, 78% free 1325K/6019K, paused 1ms+1ms
D/dalvikvm( 1142): GC_CONCURRENT freed 394K, 79% free 1324K/6019K, paused 1ms+1ms
D/dalvikvm( 1142): GC_CONCURRENT freed 393K, 78% free 1324K/6019K, paused 1ms+1ms
D/dalvikvm( 1142): GC_CONCURRENT freed 392K, 78% free 1329K/6019K, paused 1ms+1ms
D/dalvikvm( 1142): GC_CONCURRENT freed 402K, 77% free 1437K/6019K, paused 1ms+1ms
D/dalvikvm( 1142): GC_CONCURRENT freed 517K, 77% free 1427K/6019K, paused 1ms+1ms
D/dalvikvm( 1142): GC_CONCURRENT freed 488K, 78% free 1325K/6019K, paused 1ms+1ms
D/dalvikvm( 1142): GC_CONCURRENT freed 402K, 77% free 1428K/6019K, paused 1ms+1ms
D/MonitorCw880( 5694): counter=2 && isHeartbeatTimeout=true
D/dalvikvm( 1142): GC_CONCURRENT freed 490K, 76% free 1447K/6019K, paused 1ms+1ms
D/dalvikvm( 1142): GC_CONCURRENT freed 515K, 78% free 1331K/6019K, paused 1ms+1ms
D/dalvikvm( 1142): GC_CONCURRENT freed 406K, 77% free 1436K/6019K, paused 1ms+1ms
D/dalvikvm( 1142): GC_CONCURRENT freed 517K, 79% free 1322K/6019K, paused 0ms+1ms
D/dalvikvm( 1142): GC_CONCURRENT freed 406K, 79% free 1324K/6019K, paused 1ms+1ms
D/dalvikvm( 1142): GC_CONCURRENT freed 392K, 78% free 1324K/6019K, paused 1ms+1ms
D/dalvikvm( 1142): GC_CONCURRENT freed 393K, 78% free 1329K/6019K, paused 1ms+1ms
D/dalvikvm( 1142): GC_CONCURRENT freed 402K, 79% free 1312K/6019K, paused 0ms+1ms
D/dalvikvm( 1142): GC_CONCURRENT freed 395K, 77% free 1420K/6019K, paused 1ms+1ms
D/dalvikvm( 1142): GC_CONCURRENT freed 487K, 78% free 1325K/6019K, paused 1ms+1ms
D/dalvikvm( 1142): GC_CONCURRENT freed 392K, 78% free 1324K/6019K, paused 1ms+1ms
D/dalvikvm( 1142): GC_CONCURRENT freed 393K, 78% free 1324K/6019K, paused 1ms+1ms
D/MonitorCw880( 5694): counter=2 && isHeartbeatTimeout=true
D/dalvikvm( 1142): GC_CONCURRENT freed 412K, 79% free 1299K/6019K, paused 0ms+1ms
D/MonitorCw880( 5694): counter=2 && isHeartbeatTimeout=true
D/dalvikvm( 1142): GC_CONCURRENT freed 378K, 77% free 1432K/6019K, paused 1ms+1ms
D/dalvikvm( 1142): GC_CONCURRENT freed 516K, 77% free 1423K/6019K, paused 1ms+1ms
D/dalvikvm( 1142): GC_CONCURRENT freed 508K, 79% free 1315K/6019K, paused 1ms+1ms
D/dalvikvm( 1142): GC_CONCURRENT freed 385K, 77% free 1410K/6019K, paused 1ms+1ms
D/dalvikvm( 1142): GC_CONCURRENT freed 477K, 78% free 1324K/6019K, paused 1ms+1ms
D/dalvikvm( 1142): GC_CONCURRENT freed 392K, 77% free 1430K/6019K, paused 0ms+1ms
D/MonitorCw880( 5694): counter=2 && isHeartbeatTimeout=true
D/dalvikvm( 1142): GC_CONCURRENT freed 512K, 79% free 1302K/6019K, paused 1ms+2ms
D/dalvikvm( 1142): GC_FOR_ALLOC freed 511K, 79% free 1299K/6019K, paused 10ms
D/dalvikvm( 1142): GC_CONCURRENT freed 6K, 79% free 1305K/6019K, paused 1ms+0ms
D/HomePlayerLib( 1142): hostaddress count is 2
D/dalvikvm( 1142): GC_CONCURRENT freed 384K, 77% free 1433K/6019K, paused 0ms+1ms
D/dalvikvm( 1142): GC_CONCURRENT freed 503K, 77% free 1439K/6019K, paused 1ms+1ms
D/dalvikvm( 1142): GC_CONCURRENT freed 509K, 77% free 1441K/6019K, paused 1ms+1ms
D/dalvikvm( 1142): GC_CONCURRENT freed 516K, 77% free 1435K/6019K, paused 1ms+1ms
D/dalvikvm( 1142): GC_CONCURRENT freed 505K, 79% free 1315K/6019K, paused 1ms+1ms
D/dalvikvm( 1142): GC_CONCURRENT freed 387K, 79% free 1316K/6019K, paused 1ms+1ms
D/dalvikvm( 1142): GC_CONCURRENT freed 397K, 79% free 1323K/6019K, paused 1ms+1ms
D/dalvikvm( 1142): GC_CONCURRENT freed 395K, 76% free 1503K/6019K, paused 1ms+2ms
D/dalvikvm( 1142): GC_CONCURRENT freed 564K, 76% free 1446K/6019K, paused 1ms+1ms
D/dalvikvm( 1142): GC_CONCURRENT freed 527K, 76% free 1484K/6019K, paused 1ms+1ms
D/dalvikvm( 1142): GC_CONCURRENT freed 563K, 77% free 1427K/6019K, paused 0ms+1ms
D/dalvikvm( 1142): GC_CONCURRENT freed 524K, 77% free 1412K/6019K, paused 1ms+1ms
D/dalvikvm( 1142): GC_CONCURRENT freed 469K, 74% free 1618K/6019K, paused 1ms+1ms
D/dalvikvm( 1142): GC_CONCURRENT freed 684K, 77% free 1414K/6019K, paused 1ms+1ms
D/dalvikvm( 1142): GC_CONCURRENT freed 477K, 77% free 1416K/6019K, paused 1ms+1ms
D/dalvikvm( 1142): GC_CONCURRENT freed 485K, 77% free 1442K/6019K, paused 1ms+1ms
D/dalvikvm( 1142): GC_CONCURRENT freed 492K, 75% free 1549K/6019K, paused 1ms+2ms
D/dalvikvm( 1142): GC_CONCURRENT freed 618K, 78% free 1347K/6019K, paused 1ms+1ms
D/dalvikvm( 1142): GC_CONCURRENT freed 417K, 78% free 1341K/6019K, paused 1ms+1ms
D/dalvikvm( 1142): GC_CONCURRENT freed 412K, 79% free 1313K/6019K, paused 1ms+1ms
D/dalvikvm( 1142): GC_CONCURRENT freed 395K, 79% free 1303K/6019K, paused 1ms+1ms
D/MonitorCw880( 5694): counter=2 && isHeartbeatTimeout=true
D/dalvikvm( 1142): GC_CONCURRENT freed 366K, 77% free 1411K/6019K, paused 0ms+1ms
D/dalvikvm( 1142): GC_CONCURRENT freed 483K, 79% free 1313K/6019K, paused 1ms+1ms
D/dalvikvm( 1142): GC_CONCURRENT freed 396K, 79% free 1319K/6019K, paused 0ms+1ms
D/dalvikvm( 1142): GC_CONCURRENT freed 394K, 79% free 1320K/6019K, paused 1ms+1ms
D/dalvikvm( 1142): GC_CONCURRENT freed 393K, 79% free 1311K/6019K, paused 1ms+1ms
D/MonitorCw880( 5694): counter=2 && isHeartbeatTimeout=true
D/dalvikvm( 1142): GC_CONCURRENT freed 393K, 79% free 1320K/6019K, paused 1ms+1ms
D/dalvikvm( 1142): GC_CONCURRENT freed 405K, 78% free 1324K/6019K, paused 1ms+1ms
D/dalvikvm( 1142): GC_CONCURRENT freed 392K, 78% free 1324K/6019K, paused 1ms+1ms
D/dalvikvm( 1142): GC_CONCURRENT freed 393K, 78% free 1324K/6019K, paused 1ms+1ms
D/dalvikvm( 1142): GC_CONCURRENT freed 403K, 78% free 1337K/6019K, paused 0ms+2ms
D/dalvikvm( 1142): GC_CONCURRENT freed 408K, 78% free 1324K/6019K, paused 1ms+1ms
D/dalvikvm( 1142): GC_CONCURRENT freed 394K, 79% free 1324K/6019K, paused 1ms+1ms
D/dalvikvm( 1142): GC_CONCURRENT freed 393K, 78% free 1324K/6019K, paused 1ms+1ms
D/dalvikvm( 1142): GC_CONCURRENT freed 393K, 78% free 1324K/6019K, paused 1ms+1ms
D/dalvikvm( 1142): GC_CONCURRENT freed 393K, 78% free 1324K/6019K, paused 1ms+1ms
D/dalvikvm( 1142): GC_CONCURRENT freed 393K, 78% free 1324K/6019K, paused 1ms+1ms
D/dalvikvm( 1142): GC_CONCURRENT freed 393K, 78% free 1325K/6019K, paused 1ms+1ms
D/MonitorCw880( 5694): counter=2 && isHeartbeatTimeout=true
D/MonitorCw880( 5694): counter=2 && isHeartbeatTimeout=true
D/dalvikvm( 1142): GC_CONCURRENT freed 402K, 77% free 1396K/6019K, paused 1ms+1ms
D/dalvikvm( 1142): GC_CONCURRENT freed 476K, 77% free 1426K/6019K, paused 1ms+2ms
D/MonitorCw880( 5694): counter=2 && isHeartbeatTimeout=true
D/dalvikvm( 1142): GC_CONCURRENT freed 488K, 78% free 1349K/6019K, paused 1ms+1ms
D/dalvikvm( 1142): GC_CONCURRENT freed 433K, 79% free 1301K/6019K, paused 1ms+1ms
D/dalvikvm( 1142): GC_CONCURRENT freed 380K, 78% free 1325K/6019K, paused 1ms+1ms
D/dalvikvm( 1142): GC_CONCURRENT freed 394K, 79% free 1324K/6019K, paused 1ms+1ms
D/dalvikvm( 1142): GC_CONCURRENT freed 393K, 79% free 1324K/6019K, paused 1ms+2ms
D/dalvikvm( 1142): GC_CONCURRENT freed 393K, 79% free 1324K/6019K, paused 1ms+1ms
D/dalvikvm( 1142): GC_CONCURRENT freed 393K, 78% free 1324K/6019K, paused 1ms+1ms
D/dalvikvm( 1142): GC_CONCURRENT freed 393K, 78% free 1324K/6019K, paused 1ms+1ms
D/dalvikvm( 1142): GC_CONCURRENT freed 403K, 79% free 1310K/6019K, paused 1ms+1ms
D/HomePlayerLib( 1142): hostaddress count is 2
D/dalvikvm( 1142): GC_CONCURRENT freed 394K, 79% free 1321K/6019K, paused 1ms+1ms
D/MonitorCw880( 5694): counter=2 && isHeartbeatTimeout=true
D/dalvikvm( 1142): GC_CONCURRENT freed 410K, 77% free 1422K/6019K, paused 1ms+1ms
D/dalvikvm( 1142): GC_CONCURRENT freed 507K, 77% free 1402K/6019K, paused 1ms+1ms
D/dalvikvm( 1142): GC_CONCURRENT freed 482K, 79% free 1312K/6019K, paused 0ms+1ms
D/dalvikvm( 1142): GC_CONCURRENT freed 362K, 76% free 1458K/6019K, paused 1ms+1ms
D/dalvikvm( 1142): GC_CONCURRENT freed 521K, 76% free 1448K/6019K, paused 0ms+1ms
D/dalvikvm( 1142): GC_CONCURRENT freed 555K, 77% free 1404K/6019K, paused 1ms+1ms
D/dalvikvm( 1142): GC_CONCURRENT freed 478K, 77% free 1435K/6019K, paused 1ms+1ms
D/dalvikvm( 1142): GC_CONCURRENT freed 498K, 78% free 1331K/6019K, paused 1ms+1ms
D/dalvikvm( 1142): GC_CONCURRENT freed 399K, 78% free 1328K/6019K, paused 1ms+2ms
D/dalvikvm( 1142): GC_CONCURRENT freed 394K, 78% free 1328K/6019K, paused 1ms+1ms
D/dalvikvm( 1142): GC_CONCURRENT freed 480K, 78% free 1368K/6019K, paused 1ms+1ms
D/dalvikvm( 1142): GC_CONCURRENT freed 554K, 78% free 1325K/6019K, paused 0ms+1ms
D/dalvikvm( 1142): GC_CONCURRENT freed 534K, 79% free 1303K/6019K, paused 1ms+1ms
D/dalvikvm( 1142): GC_CONCURRENT freed 368K, 77% free 1415K/6019K, paused 1ms+1ms
D/dalvikvm( 1142): GC_CONCURRENT freed 483K, 77% free 1442K/6019K, paused 1ms+1ms
D/dalvikvm( 1142): GC_CONCURRENT freed 485K, 76% free 1462K/6019K, paused 1ms+1ms
D/dalvikvm( 1142): GC_CONCURRENT freed 518K, 78% free 1335K/6019K, paused 1ms+2ms
D/dalvikvm( 1142): GC_CONCURRENT freed 412K, 77% free 1434K/6019K, paused 1ms+1ms
D/dalvikvm( 1142): GC_CONCURRENT freed 508K, 78% free 1334K/6019K, paused 1ms+1ms
D/dalvikvm( 1142): GC_CONCURRENT freed 407K, 79% free 1313K/6019K, paused 1ms+1ms
D/dalvikvm( 1142): GC_CONCURRENT freed 393K, 78% free 1383K/6019K, paused 0ms+1ms
D/MonitorCw880( 5694): counter=2 && isHeartbeatTimeout=true
D/dalvikvm( 1142): GC_CONCURRENT freed 456K, 77% free 1438K/6019K, paused 1ms+1ms
D/dalvikvm( 1142): GC_CONCURRENT freed 518K, 79% free 1304K/6019K, paused 1ms+1ms
D/dalvikvm( 1142): GC_CONCURRENT freed 367K, 79% free 1324K/6019K, paused 1ms+1ms
D/dalvikvm( 1142): GC_CONCURRENT freed 391K, 78% free 1324K/6019K, paused 1ms+1ms
D/dalvikvm( 1142): GC_CONCURRENT freed 392K, 78% free 1324K/6019K, paused 1ms+1ms
D/dalvikvm( 1142): GC_CONCURRENT freed 393K, 78% free 1325K/6019K, paused 1ms+1ms
D/dalvikvm( 1142): GC_CONCURRENT freed 402K, 79% free 1313K/6019K, paused 1ms+1ms
D/dalvikvm( 1142): GC_CONCURRENT freed 396K, 79% free 1319K/6019K, paused 1ms+2ms
D/dalvikvm( 1142): GC_CONCURRENT freed 404K, 79% free 1308K/6019K, paused 1ms+1ms
D/dalvikvm( 1142): GC_CONCURRENT freed 393K, 79% free 1324K/6019K, paused 1ms+2ms
D/dalvikvm( 1142): GC_CONCURRENT freed 393K, 77% free 1406K/6019K, paused 0ms+1ms
D/dalvikvm( 1142): GC_CONCURRENT freed 472K, 78% free 1330K/6019K, paused 1ms+1ms
D/dalvikvm( 1142): GC_CONCURRENT freed 426K, 77% free 1414K/6019K, paused 1ms+1ms
D/MonitorCw880( 5694): counter=2 && isHeartbeatTimeout=true
D/dalvikvm( 1142): GC_CONCURRENT freed 489K, 77% free 1431K/6019K, paused 1ms+1ms
D/dalvikvm( 1142): GC_CONCURRENT freed 513K, 79% free 1309K/6019K, paused 1ms+1ms
D/dalvikvm( 1142): GC_CONCURRENT freed 380K, 77% free 1431K/6019K, paused 1ms+1ms
D/dalvikvm( 1142): GC_CONCURRENT freed 504K, 77% free 1421K/6019K, paused 1ms+1ms
D/dalvikvm( 1142): GC_CONCURRENT freed 486K, 78% free 1330K/6019K, paused 1ms+1ms
D/dalvikvm( 1142): GC_CONCURRENT freed 404K, 77% free 1421K/6019K, paused 1ms+1ms
D/dalvikvm( 1142): GC_CONCURRENT freed 491K, 77% free 1431K/6019K, paused 1ms+1ms
D/dalvikvm( 1142): GC_CONCURRENT freed 502K, 78% free 1344K/6019K, paused 1ms+1ms
D/dalvikvm( 1142): GC_CONCURRENT freed 419K, 77% free 1436K/6019K, paused 1ms+1ms
D/dalvikvm( 1142): GC_CONCURRENT freed 517K, 77% free 1427K/6019K, paused 0ms+1ms
D/MonitorCw880( 5694): counter=2 && isHeartbeatTimeout=true
D/MonitorCw880( 5694): counter=2 && isHeartbeatTimeout=true
D/dalvikvm( 1142): GC_CONCURRENT freed 487K, 78% free 1330K/6019K, paused 1ms+1ms
D/dalvikvm( 1142): GC_CONCURRENT freed 404K, 79% free 1312K/6019K, paused 1ms+1ms
D/dalvikvm( 1142): GC_CONCURRENT freed 396K, 77% free 1426K/6019K, paused 1ms+1ms
D/dalvikvm( 1142): GC_CONCURRENT freed 488K, 78% free 1324K/6019K, paused 1ms+1ms
D/dalvikvm( 1142): GC_CONCURRENT freed 394K, 78% free 1324K/6019K, paused 1ms+1ms
D/dalvikvm( 1142): GC_CONCURRENT freed 392K, 78% free 1366K/6019K, paused 1ms+1ms
D/dalvikvm( 1142): GC_CONCURRENT freed 443K, 79% free 1321K/6019K, paused 1ms+1ms
D/dalvikvm( 1142): GC_CONCURRENT freed 396K, 79% free 1319K/6019K, paused 1ms+1ms
D/MonitorCw880( 5694): counter=2 && isHeartbeatTimeout=true
D/dalvikvm( 1142): GC_CONCURRENT freed 394K, 79% free 1320K/6019K, paused 1ms+1ms
D/dalvikvm( 1142): GC_CONCURRENT freed 394K, 79% free 1311K/6019K, paused 1ms+1ms
D/dalvikvm( 1142): GC_CONCURRENT freed 392K, 79% free 1312K/6019K, paused 1ms+1ms
D/dalvikvm( 1142): GC_CONCURRENT freed 392K, 79% free 1311K/6019K, paused 1ms+1ms
D/dalvikvm( 1142): GC_CONCURRENT freed 393K, 79% free 1320K/6019K, paused 1ms+1ms
D/dalvikvm( 1142): GC_CONCURRENT freed 393K, 79% free 1321K/6019K, paused 1ms+1ms
D/dalvikvm( 1142): GC_CONCURRENT freed 404K, 79% free 1301K/6019K, paused 1ms+2ms
D/dalvikvm( 1142): GC_CONCURRENT freed 378K, 78% free 1325K/6019K, paused 1ms+1ms
D/dalvikvm( 1142): GC_CONCURRENT freed 394K, 79% free 1324K/6019K, paused 1ms+1ms
D/dalvikvm( 1142): GC_CONCURRENT freed 517K, 79% free 1314K/6019K, paused 0ms+1ms
D/HomePlayerLib( 1142): hostaddress count is 2
D/dalvikvm( 1142): GC_CONCURRENT freed 401K, 77% free 1425K/6019K, paused 1ms+1ms
D/dalvikvm( 1142): GC_CONCURRENT freed 505K, 78% free 1351K/6019K, paused 1ms+1ms
D/dalvikvm( 1142): GC_CONCURRENT freed 409K, 76% free 1502K/6019K, paused 1ms+2ms
D/MonitorCw880( 5694): counter=2 && isHeartbeatTimeout=true
D/dalvikvm( 1142): GC_CONCURRENT freed 573K, 77% free 1425K/6019K, paused 1ms+1ms
D/dalvikvm( 1142): GC_CONCURRENT freed 489K, 76% free 1446K/6019K, paused 0ms+1ms
D/dalvikvm( 1142): GC_CONCURRENT freed 525K, 77% free 1417K/6019K, paused 1ms+1ms
D/dalvikvm( 1142): GC_CONCURRENT freed 487K, 77% free 1441K/6019K, paused 1ms+1ms
D/dalvikvm( 1142): GC_CONCURRENT freed 502K, 78% free 1328K/6019K, paused 1ms+1ms
D/dalvikvm( 1142): GC_CONCURRENT freed 402K, 77% free 1393K/6019K, paused 1ms+1ms
D/dalvikvm( 1142): GC_CONCURRENT freed 456K, 78% free 1357K/6019K, paused 1ms+2ms
D/dalvikvm( 1142): GC_CONCURRENT freed 423K, 77% free 1440K/6019K, paused 1ms+1ms
D/dalvikvm( 1142): GC_CONCURRENT freed 481K, 77% free 1412K/6019K, paused 1ms+1ms
D/dalvikvm( 1142): GC_CONCURRENT freed 493K, 79% free 1310K/6019K, paused 1ms+1ms
D/dalvikvm( 1142): GC_CONCURRENT freed 389K, 79% free 1317K/6019K, paused 1ms+1ms
D/dalvikvm( 1142): GC_CONCURRENT freed 396K, 78% free 1324K/6019K, paused 1ms+1ms
D/dalvikvm( 1142): GC_CONCURRENT freed 355K, 78% free 1356K/6019K, paused 1ms+1ms
D/dalvikvm( 1142): GC_CONCURRENT freed 411K, 78% free 1353K/6019K, paused 1ms+1ms
D/dalvikvm( 1142): GC_CONCURRENT freed 435K, 78% free 1326K/6019K, paused 0ms+1ms
D/dalvikvm( 1142): GC_CONCURRENT freed 406K, 79% free 1321K/6019K, paused 1ms+1ms
D/dalvikvm( 1142): GC_CONCURRENT freed 396K, 79% free 1319K/6019K, paused 1ms+1ms
D/dalvikvm( 1142): GC_CONCURRENT freed 405K, 79% free 1308K/6019K, paused 1ms+1ms
D/MonitorCw880( 5694): counter=2 && isHeartbeatTimeout=true
D/dalvikvm( 1142): GC_CONCURRENT freed 393K, 79% free 1324K/6019K, paused 0ms+1ms
D/dalvikvm( 1142): GC_CONCURRENT freed 393K, 78% free 1324K/6019K, paused 1ms+1ms
D/dalvikvm( 1142): GC_CONCURRENT freed 393K, 78% free 1324K/6019K, paused 1ms+1ms
D/dalvikvm( 1142): GC_CONCURRENT freed 392K, 78% free 1324K/6019K, paused 1ms+1ms
D/dalvikvm( 1142): GC_CONCURRENT freed 392K, 78% free 1325K/6019K, paused 1ms+1ms
D/dalvikvm( 1142): GC_CONCURRENT freed 404K, 79% free 1313K/6019K, paused 1ms+1ms
D/dalvikvm( 1142): GC_CONCURRENT freed 396K, 79% free 1311K/6019K, paused 1ms+1ms
D/dalvikvm( 1142): GC_CONCURRENT freed 394K, 79% free 1320K/6019K, paused 1ms+1ms
D/dalvikvm( 1142): GC_CONCURRENT freed 394K, 79% free 1311K/6019K, paused 1ms+1ms
D/dalvikvm( 1142): GC_CONCURRENT freed 393K, 79% free 1312K/6019K, paused 1ms+1ms
D/dalvikvm( 1142): GC_CONCURRENT freed 392K, 79% free 1312K/6019K, paused 1ms+1ms
D/dalvikvm( 1142): GC_CONCURRENT freed 392K, 79% free 1311K/6019K, paused 1ms+1ms
D/dalvikvm( 1142): GC_CONCURRENT freed 393K, 79% free 1313K/6019K, paused 1ms+1ms
D/MonitorCw880( 5694): counter=2 && isHeartbeatTimeout=true
D/dalvikvm( 1142): GC_CONCURRENT freed 399K, 79% free 1303K/6019K, paused 1ms+1ms
D/dalvikvm( 1142): GC_CONCURRENT freed 384K, 78% free 1325K/6019K, paused 1ms+1ms
D/MonitorCw880( 5694): counter=2 && isHeartbeatTimeout=true
D/dalvikvm( 1142): GC_CONCURRENT freed 394K, 79% free 1324K/6019K, paused 1ms+1ms
D/dalvikvm( 1142): GC_CONCURRENT freed 393K, 79% free 1324K/6019K, paused 1ms+2ms
D/dalvikvm( 1142): GC_CONCURRENT freed 393K, 78% free 1324K/6019K, paused 1ms+1ms
D/MonitorCw880( 5694): counter=2 && isHeartbeatTimeout=true
D/dalvikvm( 1142): GC_CONCURRENT freed 393K, 78% free 1324K/6019K, paused 1ms+1ms
D/dalvikvm( 1142): GC_CONCURRENT freed 393K, 78% free 1324K/6019K, paused 1ms+1ms
D/dalvikvm( 1142): GC_CONCURRENT freed 393K, 78% free 1324K/6019K, paused 1ms+1ms
D/dalvikvm( 1142): GC_CONCURRENT freed 391K, 78% free 1325K/6019K, paused 1ms+1ms
D/MonitorCw880( 5694): counter=2 && isHeartbeatTimeout=true
D/dalvikvm( 1142): GC_CONCURRENT freed 402K, 79% free 1312K/6019K, paused 1ms+1ms
D/dalvikvm( 1142): GC_CONCURRENT freed 396K, 79% free 1319K/6019K, paused 1ms+1ms
D/dalvikvm( 1142): GC_CONCURRENT freed 404K, 79% free 1324K/6019K, paused 1ms+1ms
D/dalvikvm( 1142): GC_CONCURRENT freed 393K, 79% free 1324K/6019K, paused 1ms+1ms
D/dalvikvm( 1142): GC_CONCURRENT freed 393K, 78% free 1324K/6019K, paused 0ms+1ms
D/dalvikvm( 1142): GC_CONCURRENT freed 391K, 78% free 1324K/6019K, paused 1ms+1ms
D/dalvikvm( 1142): GC_CONCURRENT freed 393K, 78% free 1324K/6019K, paused 1ms+1ms
D/dalvikvm( 1142): GC_CONCURRENT freed 393K, 78% free 1325K/6019K, paused 1ms+1ms
D/dalvikvm( 1142): GC_CONCURRENT freed 401K, 79% free 1321K/6019K, paused 1ms+1ms
D/dalvikvm( 1142): GC_CONCURRENT freed 396K, 79% free 1319K/6019K, paused 1ms+1ms
D/dalvikvm( 1142): GC_CONCURRENT freed 390K, 79% free 1321K/6019K, paused 1ms+1ms
D/HomePlayerLib( 1142): hostaddress count is 2
D/dalvikvm( 1142): GC_CONCURRENT freed 431K, 77% free 1396K/6019K, paused 1ms+1ms
D/dalvikvm( 1142): GC_CONCURRENT freed 432K, 76% free 1475K/6019K, paused 1ms+1ms
D/dalvikvm( 1142): GC_CONCURRENT freed 557K, 77% free 1419K/6019K, paused 1ms+2ms
D/dalvikvm( 1142): GC_CONCURRENT freed 500K, 79% free 1303K/6019K, paused 1ms+1ms
D/dalvikvm( 1142): GC_CONCURRENT freed 395K, 77% free 1414K/6019K, paused 1ms+2ms
D/dalvikvm( 1142): GC_CONCURRENT freed 463K, 76% free 1461K/6019K, paused 1ms+1ms
D/MonitorCw880( 5694): counter=2 && isHeartbeatTimeout=true
D/dalvikvm( 1142): GC_CONCURRENT freed 533K, 77% free 1438K/6019K, paused 1ms+1ms
D/dalvikvm( 1142): GC_CONCURRENT freed 495K, 76% free 1451K/6019K, paused 0ms+1ms
D/dalvikvm( 1142): GC_CONCURRENT freed 598K, 78% free 1364K/6019K, paused 1ms+1ms
D/dalvikvm( 1142): GC_CONCURRENT freed 506K, 77% free 1439K/6019K, paused 1ms+1ms
D/dalvikvm( 1142): GC_CONCURRENT freed 511K, 77% free 1439K/6019K, paused 1ms+1ms
D/dalvikvm( 1142): GC_CONCURRENT freed 541K, 77% free 1410K/6019K, paused 1ms+1ms
D/dalvikvm( 1142): GC_CONCURRENT freed 479K, 78% free 1329K/6019K, paused 1ms+1ms
D/dalvikvm( 1142): GC_CONCURRENT freed 385K, 76% free 1455K/6019K, paused 1ms+1ms
D/dalvikvm( 1142): GC_CONCURRENT freed 564K, 77% free 1399K/6019K, paused 1ms+1ms
D/dalvikvm( 1142): GC_CONCURRENT freed 493K, 77% free 1415K/6019K, paused 0ms+1ms
D/dalvikvm( 1142): GC_CONCURRENT freed 493K, 77% free 1425K/6019K, paused 0ms+1ms
D/dalvikvm( 1142): GC_CONCURRENT freed 488K, 77% free 1416K/6019K, paused 1ms+1ms
D/dalvikvm( 1142): GC_CONCURRENT freed 496K, 77% free 1431K/6019K, paused 0ms+1ms
D/dalvikvm( 1142): GC_CONCURRENT freed 492K, 77% free 1431K/6019K, paused 0ms+1ms
D/dalvikvm( 1142): GC_CONCURRENT freed 513K, 78% free 1331K/6019K, paused 1ms+1ms
D/dalvikvm( 1142): GC_CONCURRENT freed 404K, 77% free 1437K/6019K, paused 1ms+1ms
D/dalvikvm( 1142): GC_CONCURRENT freed 517K, 79% free 1313K/6019K, paused 1ms+1ms
D/dalvikvm( 1142): GC_CONCURRENT freed 394K, 77% free 1394K/6019K, paused 1ms+0ms
D/dalvikvm( 1142): GC_CONCURRENT freed 496K, 77% free 1407K/6019K, paused 1ms+1ms
D/dalvikvm( 1142): GC_CONCURRENT freed 480K, 77% free 1444K/6019K, paused 1ms+1ms
D/dalvikvm( 1142): GC_CONCURRENT freed 515K, 79% free 1313K/6019K, paused 1ms+1ms
D/MonitorCw880( 5694): counter=2 && isHeartbeatTimeout=true
D/dalvikvm( 1142): GC_CONCURRENT freed 400K, 79% free 1299K/6019K, paused 1ms+1ms
D/dalvikvm( 1142): GC_CONCURRENT freed 382K, 78% free 1325K/6019K, paused 0ms+1ms
D/dalvikvm( 1142): GC_CONCURRENT freed 396K, 79% free 1324K/6019K, paused 1ms+1ms
D/dalvikvm( 1142): GC_CONCURRENT freed 394K, 79% free 1324K/6019K, paused 0ms+1ms
D/dalvikvm( 1142): GC_CONCURRENT freed 394K, 79% free 1324K/6019K, paused 1ms+0ms
D/dalvikvm( 1142): GC_CONCURRENT freed 394K, 77% free 1430K/6019K, paused 1ms+1ms
D/dalvikvm( 1142): GC_CONCURRENT freed 513K, 79% free 1301K/6019K, paused 1ms+1ms
D/dalvikvm( 1142): GC_CONCURRENT freed 378K, 78% free 1324K/6019K, paused 1ms+1ms
D/dalvikvm( 1142): GC_CONCURRENT freed 395K, 79% free 1323K/6019K, paused 1ms+1ms
D/dalvikvm( 1142): GC_CONCURRENT freed 394K, 77% free 1406K/6019K, paused 1ms+1ms
D/dalvikvm( 1142): GC_CONCURRENT freed 474K, 77% free 1411K/6019K, paused 1ms+1ms
D/MonitorCw880( 5694): counter=2 && isHeartbeatTimeout=true
D/MonitorCw880( 5694): counter=2 && isHeartbeatTimeout=true
D/dalvikvm( 1142): GC_CONCURRENT freed 483K, 79% free 1314K/6019K, paused 1ms+1ms
D/dalvikvm( 1142): GC_CONCURRENT freed 397K, 79% free 1311K/6019K, paused 1ms+1ms
D/dalvikvm( 1142): GC_CONCURRENT freed 394K, 79% free 1311K/6019K, paused 1ms+1ms
D/dalvikvm( 1142): GC_CONCURRENT freed 394K, 79% free 1311K/6019K, paused 1ms+1ms
D/dalvikvm( 1142): GC_CONCURRENT freed 394K, 79% free 1311K/6019K, paused 1ms+1ms
D/MonitorCw880( 5694): counter=2 && isHeartbeatTimeout=true
D/dalvikvm( 1142): GC_CONCURRENT freed 391K, 77% free 1424K/6019K, paused 1ms+1ms
D/MonitorCw880( 5694): counter=2 && isHeartbeatTimeout=true
D/dalvikvm( 1142): GC_CONCURRENT freed 497K, 79% free 1322K/6019K, paused 1ms+1ms
D/dalvikvm( 1142): GC_CONCURRENT freed 396K, 77% free 1435K/6019K, paused 1ms+1ms
D/dalvikvm( 1142): GC_CONCURRENT freed 515K, 79% free 1312K/6019K, paused 1ms+1ms
D/dalvikvm( 1142): GC_CONCURRENT freed 395K, 78% free 1383K/6019K, paused 0ms+1ms
D/dalvikvm( 1142): GC_CONCURRENT freed 455K, 77% free 1438K/6019K, paused 1ms+1ms
D/dalvikvm( 1142): GC_CONCURRENT freed 519K, 77% free 1430K/6019K, paused 0ms+1ms
D/HomePlayerLib( 1142): hostaddress count is 2
D/dalvikvm( 1142): GC_CONCURRENT freed 511K, 78% free 1344K/6019K, paused 1ms+1ms
D/dalvikvm( 1142): GC_CONCURRENT freed 423K, 77% free 1428K/6019K, paused 1ms+1ms
D/dalvikvm( 1142): GC_CONCURRENT freed 497K, 78% free 1378K/6019K, paused 1ms+1ms
D/dalvikvm( 1142): GC_CONCURRENT freed 425K, 76% free 1464K/6019K, paused 0ms+1ms
D/dalvikvm( 1142): GC_CONCURRENT freed 519K, 76% free 1454K/6019K, paused 1ms+1ms
D/dalvikvm( 1142): GC_CONCURRENT freed 515K, 77% free 1392K/6019K, paused 1ms+1ms
D/dalvikvm( 1142): GC_CONCURRENT freed 456K, 78% free 1372K/6019K, paused 1ms+1ms
D/dalvikvm( 1142): GC_CONCURRENT freed 436K, 78% free 1329K/6019K, paused 1ms+1ms
D/dalvikvm( 1142): GC_CONCURRENT freed 394K, 78% free 1328K/6019K, paused 1ms+1ms
D/dalvikvm( 1142): GC_CONCURRENT freed 392K, 78% free 1328K/6019K, paused 1ms+1ms
D/dalvikvm( 1142): GC_CONCURRENT freed 393K, 78% free 1330K/6019K, paused 1ms+1ms
D/dalvikvm( 1142): GC_CONCURRENT freed 392K, 78% free 1329K/6019K, paused 0ms+1ms
D/dalvikvm( 1142): GC_CONCURRENT freed 412K, 77% free 1425K/6019K, paused 1ms+1ms
D/dalvikvm( 1142): GC_CONCURRENT freed 492K, 77% free 1443K/6019K, paused 0ms+1ms
D/dalvikvm( 1142): GC_CONCURRENT freed 517K, 77% free 1436K/6019K, paused 1ms+2ms
D/MonitorCw880( 5694): counter=2 && isHeartbeatTimeout=true
D/dalvikvm( 1142): GC_CONCURRENT freed 497K, 78% free 1327K/6019K, paused 1ms+1ms
D/dalvikvm( 1142): GC_CONCURRENT freed 397K, 77% free 1441K/6019K, paused 0ms+1ms
D/dalvikvm( 1142): GC_FOR_ALLOC freed 613K, 78% free 1335K/6019K, paused 10ms
D/dalvikvm( 1142): GC_CONCURRENT freed 410K, 77% free 1422K/6019K, paused 1ms+2ms
D/dalvikvm( 1142): GC_CONCURRENT freed 503K, 79% free 1304K/6019K, paused 1ms+1ms
D/dalvikvm( 1142): GC_CONCURRENT freed 366K, 78% free 1370K/6019K, paused 1ms+1ms
D/dalvikvm( 1142): GC_CONCURRENT freed 444K, 77% free 1438K/6019K, paused 1ms+2ms
D/dalvikvm( 1142): GC_CONCURRENT freed 518K, 79% free 1312K/6019K, paused 1ms+1ms
D/dalvikvm( 1142): GC_CONCURRENT freed 395K, 77% free 1419K/6019K, paused 1ms+1ms
D/dalvikvm( 1142): GC_CONCURRENT freed 496K, 79% free 1313K/6019K, paused 1ms+1ms
D/dalvikvm( 1142): GC_CONCURRENT freed 396K, 79% free 1311K/6019K, paused 1ms+1ms
D/MonitorCw880( 5694): counter=2 && isHeartbeatTimeout=true
D/dalvikvm( 1142): GC_CONCURRENT freed 394K, 79% free 1311K/6019K, paused 1ms+1ms
D/dalvikvm( 1142): GC_CONCURRENT freed 393K, 77% free 1425K/6019K, paused 1ms+1ms
D/dalvikvm( 1142): GC_CONCURRENT freed 487K, 78% free 1371K/6019K, paused 1ms+1ms
D/dalvikvm( 1142): GC_CONCURRENT freed 444K, 77% free 1423K/6019K, paused 1ms+1ms
D/dalvikvm( 1142): GC_CONCURRENT freed 489K, 78% free 1326K/6019K, paused 1ms+1ms
D/dalvikvm( 1142): GC_CONCURRENT freed 394K, 78% free 1324K/6019K, paused 0ms+1ms
D/dalvikvm( 1142): GC_CONCURRENT freed 393K, 78% free 1324K/6019K, paused 1ms+1ms
D/dalvikvm( 1142): GC_CONCURRENT freed 393K, 78% free 1324K/6019K, paused 1ms+1ms
D/dalvikvm( 1142): GC_CONCURRENT freed 393K, 78% free 1325K/6019K, paused 1ms+1ms
D/MonitorCw880( 5694): counter=2 && isHeartbeatTimeout=true
D/dalvikvm( 1142): GC_CONCURRENT freed 401K, 79% free 1321K/6019K, paused 1ms+1ms
D/dalvikvm( 1142): GC_CONCURRENT freed 396K, 78% free 1337K/6019K, paused 1ms+1ms
D/dalvikvm( 1142): GC_CONCURRENT freed 407K, 79% free 1324K/6019K, paused 1ms+1ms
D/dalvikvm( 1142): GC_CONCURRENT freed 394K, 79% free 1323K/6019K, paused 1ms+1ms
D/dalvikvm( 1142): GC_CONCURRENT freed 393K, 79% free 1324K/6019K, paused 0ms+1ms
D/dalvikvm( 1142): GC_CONCURRENT freed 391K, 77% free 1411K/6019K, paused 1ms+1ms
D/MonitorCw880( 5694): counter=2 && isHeartbeatTimeout=true
D/dalvikvm( 1142): GC_CONCURRENT freed 483K, 77% free 1438K/6019K, paused 1ms+1ms
D/dalvikvm( 1142): GC_CONCURRENT freed 518K, 79% free 1313K/6019K, paused 1ms+1ms
D/dalvikvm( 1142): GC_CONCURRENT freed 393K, 79% free 1311K/6019K, paused 0ms+1ms
D/dalvikvm( 1142): GC_CONCURRENT freed 392K, 78% free 1383K/6019K, paused 0ms+1ms
D/dalvikvm( 1142): GC_CONCURRENT freed 456K, 79% free 1313K/6019K, paused 1ms+1ms
D/dalvikvm( 1142): GC_CONCURRENT freed 396K, 76% free 1484K/6019K, paused 1ms+1ms
D/dalvikvm( 1142): GC_CONCURRENT freed 555K, 79% free 1313K/6019K, paused 1ms+2ms
D/MonitorCw880( 5694): counter=2 && isHeartbeatTimeout=true
D/dalvikvm( 1142): GC_CONCURRENT freed 390K, 78% free 1327K/6019K, paused 1ms+1ms
D/dalvikvm( 1142): GC_CONCURRENT freed 399K, 77% free 1437K/6019K, paused 1ms+1ms
D/dalvikvm( 1142): GC_CONCURRENT freed 518K, 79% free 1321K/6019K, paused 0ms+1ms
D/dalvikvm( 1142): GC_CONCURRENT freed 394K, 79% free 1311K/6019K, paused 1ms+1ms
D/dalvikvm( 1142): GC_CONCURRENT freed 393K, 79% free 1320K/6019K, paused 1ms+1ms
D/MonitorCw880( 5694): counter=2 && isHeartbeatTimeout=true
D/dalvikvm( 1142): GC_CONCURRENT freed 393K, 79% free 1312K/6019K, paused 1ms+1ms
D/dalvikvm( 1142): GC_CONCURRENT freed 397K, 79% free 1301K/6019K, paused 1ms+1ms
D/dalvikvm( 1142): GC_CONCURRENT freed 366K, 79% free 1323K/6019K, paused 1ms+1ms
D/HomePlayerLib( 1142): hostaddress count is 2
D/dalvikvm( 1142): GC_CONCURRENT freed 394K, 76% free 1487K/6019K, paused 1ms+1ms
D/dalvikvm( 1142): GC_CONCURRENT freed 565K, 77% free 1441K/6019K, paused 1ms+0ms
D/dalvikvm( 1142): GC_CONCURRENT freed 519K, 77% free 1430K/6019K, paused 1ms+1ms
D/dalvikvm( 1142): GC_CONCURRENT freed 487K, 77% free 1391K/6019K, paused 1ms+1ms
D/dalvikvm( 1142): GC_CONCURRENT freed 451K, 76% free 1452K/6019K, paused 0ms+1ms
D/dalvikvm( 1142): GC_CONCURRENT freed 519K, 78% free 1329K/6019K, paused 0ms+1ms
D/dalvikvm( 1142): GC_CONCURRENT freed 393K, 78% free 1328K/6019K, paused 1ms+1ms
D/dalvikvm( 1142): GC_CONCURRENT freed 392K, 78% free 1374K/6019K, paused 1ms+1ms
D/dalvikvm( 1142): GC_CONCURRENT freed 455K, 78% free 1328K/6019K, paused 1ms+1ms
D/dalvikvm( 1142): GC_CONCURRENT freed 396K, 77% free 1433K/6019K, paused 1ms+1ms
D/dalvikvm( 1142): GC_CONCURRENT freed 501K, 78% free 1326K/6019K, paused 1ms+1ms
D/dalvikvm( 1142): GC_CONCURRENT freed 394K, 77% free 1442K/6019K, paused 1ms+1ms
D/dalvikvm( 1142): GC_CONCURRENT freed 522K, 77% free 1427K/6019K, paused 1ms+1ms
D/dalvikvm( 1142): GC_CONCURRENT freed 493K, 76% free 1445K/6019K, paused 0ms+1ms
D/dalvikvm( 1142): GC_CONCURRENT freed 547K, 77% free 1402K/6019K, paused 1ms+1ms
D/dalvikvm( 1142): GC_CONCURRENT freed 478K, 77% free 1443K/6019K, paused 1ms+1ms
D/dalvikvm( 1142): GC_CONCURRENT freed 592K, 78% free 1355K/6019K, paused 1ms+1ms
D/dalvikvm( 1142): GC_CONCURRENT freed 424K, 76% free 1456K/6019K, paused 1ms+1ms
D/dalvikvm( 1142): GC_CONCURRENT freed 526K, 79% free 1313K/6019K, paused 1ms+1ms
D/dalvikvm( 1142): GC_CONCURRENT freed 396K, 79% free 1301K/6019K, paused 1ms+1ms
D/dalvikvm( 1142): GC_CONCURRENT freed 375K, 79% free 1321K/6019K, paused 1ms+1ms
D/MonitorCw880( 5694): counter=2 && isHeartbeatTimeout=true
D/dalvikvm( 1142): GC_CONCURRENT freed 385K, 78% free 1341K/6019K, paused 1ms+1ms
D/dalvikvm( 1142): GC_CONCURRENT freed 415K, 77% free 1444K/6019K, paused 1ms+1ms
D/dalvikvm( 1142): GC_CONCURRENT freed 518K, 78% free 1325K/6019K, paused 1ms+1ms
D/dalvikvm( 1142): GC_CONCURRENT freed 395K, 78% free 1324K/6019K, paused 1ms+1ms
D/dalvikvm( 1142): GC_CONCURRENT freed 401K, 77% free 1428K/6019K, paused 0ms+1ms
D/dalvikvm( 1142): GC_CONCURRENT freed 490K, 76% free 1449K/6019K, paused 1ms+1ms
D/dalvikvm( 1142): GC_CONCURRENT freed 515K, 78% free 1331K/6019K, paused 1ms+2ms
D/MonitorCw880( 5694): counter=2 && isHeartbeatTimeout=true
D/dalvikvm( 1142): GC_CONCURRENT freed 406K, 79% free 1312K/6019K, paused 0ms+1ms
D/dalvikvm( 1142): GC_CONCURRENT freed 394K, 77% free 1426K/6019K, paused 1ms+1ms
D/dalvikvm( 1142): GC_CONCURRENT freed 486K, 78% free 1324K/6019K, paused 1ms+1ms
D/dalvikvm( 1142): GC_CONCURRENT freed 394K, 77% free 1411K/6019K, paused 1ms+1ms
D/dalvikvm( 1142): GC_CONCURRENT freed 485K, 78% free 1383K/6019K, paused 1ms+1ms
D/dalvikvm( 1142): GC_CONCURRENT freed 451K, 77% free 1430K/6019K, paused 1ms+1ms
D/MonitorCw880( 5694): counter=2 && isHeartbeatTimeout=true
D/dalvikvm( 1142): GC_CONCURRENT freed 513K, 78% free 1369K/6019K, paused 1ms+1ms
D/dalvikvm( 1142): GC_CONCURRENT freed 444K, 79% free 1322K/6019K, paused 1ms+1ms
D/dalvikvm( 1142): GC_CONCURRENT freed 396K, 79% free 1319K/6019K, paused 1ms+1ms
D/dalvikvm( 1142): GC_CONCURRENT freed 394K, 79% free 1311K/6019K, paused 1ms+1ms
D/dalvikvm( 1142): GC_CONCURRENT freed 394K, 79% free 1320K/6019K, paused 1ms+1ms
D/MonitorCw880( 5694): counter=2 && isHeartbeatTimeout=true
D/MonitorCw880( 5694): counter=2 && isHeartbeatTimeout=true
D/dalvikvm( 1142): GC_CONCURRENT freed 405K, 79% free 1324K/6019K, paused 1ms+1ms
D/dalvikvm( 1142): GC_CONCURRENT freed 392K, 79% free 1324K/6019K, paused 1ms+1ms
D/dalvikvm( 1142): GC_CONCURRENT freed 393K, 78% free 1370K/6019K, paused 1ms+1ms
D/dalvikvm( 1142): GC_CONCURRENT freed 444K, 77% free 1422K/6019K, paused 1ms+1ms
D/dalvikvm( 1142): GC_CONCURRENT freed 501K, 77% free 1394K/6019K, paused 0ms+1ms
D/HomePlayerLib( 1142): hostaddress count is 2
D/dalvikvm( 1142): GC_CONCURRENT freed 449K, 76% free 1455K/6019K, paused 1ms+1ms
D/dalvikvm( 1142): GC_CONCURRENT freed 530K, 77% free 1434K/6019K, paused 1ms+1ms
D/MonitorCw880( 5694): counter=2 && isHeartbeatTimeout=true
D/dalvikvm( 1142): GC_CONCURRENT freed 511K, 78% free 1339K/6019K, paused 1ms+1ms
D/dalvikvm( 1142): GC_CONCURRENT freed 409K, 77% free 1441K/6019K, paused 1ms+1ms
D/dalvikvm( 1142): GC_CONCURRENT freed 521K, 79% free 1317K/6019K, paused 1ms+1ms
D/dalvikvm( 1142): GC_CONCURRENT freed 393K, 79% free 1316K/6019K, paused 0ms+1ms
D/dalvikvm( 1142): GC_CONCURRENT freed 381K, 75% free 1510K/6019K, paused 1ms+1ms
D/dalvikvm( 1142): GC_CONCURRENT freed 589K, 77% free 1432K/6019K, paused 1ms+1ms
D/dalvikvm( 1142): GC_CONCURRENT freed 490K, 78% free 1374K/6019K, paused 1ms+1ms
D/dalvikvm( 1142): GC_CONCURRENT freed 442K, 78% free 1342K/6019K, paused 1ms+1ms
D/dalvikvm( 1142): GC_CONCURRENT freed 409K, 78% free 1328K/6019K, paused 1ms+1ms
D/dalvikvm( 1142): GC_CONCURRENT freed 393K, 78% free 1328K/6019K, paused 1ms+1ms
D/dalvikvm( 1142): GC_CONCURRENT freed 402K, 79% free 1313K/6019K, paused 1ms+1ms
D/dalvikvm( 1142): GC_CONCURRENT freed 396K, 78% free 1352K/6019K, paused 0ms+1ms
D/dalvikvm( 1142): GC_CONCURRENT freed 433K, 78% free 1372K/6019K, paused 0ms+1ms
D/dalvikvm( 1142): GC_CONCURRENT freed 442K, 77% free 1442K/6019K, paused 1ms+1ms
D/dalvikvm( 1142): GC_CONCURRENT freed 518K, 79% free 1308K/6019K, paused 1ms+1ms
D/dalvikvm( 1142): GC_CONCURRENT freed 366K, 76% free 1454K/6019K, paused 1ms+1ms
D/dalvikvm( 1142): GC_CONCURRENT freed 523K, 77% free 1441K/6019K, paused 1ms+1ms
D/dalvikvm( 1142): GC_CONCURRENT freed 505K, 77% free 1444K/6019K, paused 1ms+1ms
D/dalvikvm( 1142): GC_CONCURRENT freed 525K, 78% free 1325K/6019K, paused 1ms+1ms
D/dalvikvm( 1142): GC_CONCURRENT freed 403K, 77% free 1428K/6019K, paused 1ms+1ms
D/dalvikvm( 1142): GC_CONCURRENT freed 499K, 78% free 1346K/6019K, paused 0ms+1ms
D/dalvikvm( 1142): GC_CONCURRENT freed 406K, 77% free 1444K/6019K, paused 1ms+1ms
D/dalvikvm( 1142): GC_CONCURRENT freed 519K, 79% free 1312K/6019K, paused 1ms+1ms
D/dalvikvm( 1142): GC_CONCURRENT freed 394K, 78% free 1324K/6019K, paused 1ms+1ms
D/dalvikvm( 1142): GC_CONCURRENT freed 401K, 79% free 1308K/6019K, paused 1ms+2ms
D/MonitorCw880( 5694): counter=2 && isHeartbeatTimeout=true
D/dalvikvm( 1142): GC_CONCURRENT freed 375K, 78% free 1324K/6019K, paused 1ms+1ms
D/dalvikvm( 1142): GC_CONCURRENT freed 392K, 78% free 1324K/6019K, paused 1ms+2ms
D/dalvikvm( 1142): GC_CONCURRENT freed 393K, 78% free 1324K/6019K, paused 1ms+1ms
D/dalvikvm( 1142): GC_CONCURRENT freed 393K, 78% free 1324K/6019K, paused 2ms+1ms
D/MonitorCw880( 5694): counter=2 && isHeartbeatTimeout=true
D/dalvikvm( 1142): GC_CONCURRENT freed 391K, 78% free 1329K/6019K, paused 1ms+1ms
D/dalvikvm( 1142): GC_CONCURRENT freed 402K, 77% free 1437K/6019K, paused 1ms+1ms
D/dalvikvm( 1142): GC_CONCURRENT freed 517K, 79% free 1312K/6019K, paused 1ms+1ms
D/dalvikvm( 1142): GC_CONCURRENT freed 393K, 79% free 1311K/6019K, paused 1ms+0ms
D/dalvikvm( 1142): GC_CONCURRENT freed 392K, 79% free 1311K/6019K, paused 1ms+1ms
D/dalvikvm( 1142): GC_CONCURRENT freed 393K, 78% free 1343K/6019K, paused 1ms+1ms
D/dalvikvm( 1142): GC_CONCURRENT freed 415K, 77% free 1438K/6019K, paused 1ms+1ms
D/dalvikvm( 1142): GC_CONCURRENT freed 518K, 77% free 1394K/6019K, paused 1ms+0ms
D/dalvikvm( 1142): GC_CONCURRENT freed 474K, 78% free 1344K/6019K, paused 1ms+1ms
D/dalvikvm( 1142): GC_CONCURRENT freed 417K, 79% free 1313K/6019K, paused 1ms+1ms
D/dalvikvm( 1142): GC_CONCURRENT freed 395K, 77% free 1420K/6019K, paused 1ms+1ms
D/MonitorCw880( 5694): counter=2 && isHeartbeatTimeout=true
D/dalvikvm( 1142): GC_CONCURRENT freed 487K, 76% free 1453K/6019K, paused 1ms+1ms
D/dalvikvm( 1142): GC_CONCURRENT freed 521K, 77% free 1431K/6019K, paused 1ms+1ms
D/dalvikvm( 1142): GC_CONCURRENT freed 503K, 77% free 1436K/6019K, paused 1ms+1ms
D/dalvikvm( 1142): GC_CONCURRENT freed 521K, 79% free 1314K/6019K, paused 1ms+1ms
D/dalvikvm( 1142): GC_CONCURRENT freed 383K, 77% free 1408K/6019K, paused 1ms+1ms
D/dalvikvm( 1142): GC_CONCURRENT freed 477K, 77% free 1430K/6019K, paused 1ms+1ms
D/dalvikvm( 1142): GC_CONCURRENT freed 502K, 78% free 1344K/6019K, paused 1ms+1ms
D/dalvikvm( 1142): GC_CONCURRENT freed 419K, 79% free 1312K/6019K, paused 1ms+1ms
D/MonitorCw880( 5694): counter=2 && isHeartbeatTimeout=true
D/MonitorCw880( 5694): counter=2 && isHeartbeatTimeout=true
D/dalvikvm( 1142): GC_CONCURRENT freed 394K, 77% free 1426K/6019K, paused 1ms+2ms
D/dalvikvm( 1142): GC_CONCURRENT freed 486K, 78% free 1325K/6019K, paused 0ms+1ms
D/dalvikvm( 1142): GC_CONCURRENT freed 394K, 78% free 1324K/6019K, paused 1ms+1ms
D/dalvikvm( 1142): GC_CONCURRENT freed 393K, 78% free 1324K/6019K, paused 1ms+1ms
D/dalvikvm( 1142): GC_CONCURRENT freed 392K, 78% free 1329K/6019K, paused 1ms+1ms
D/dalvikvm( 1142): GC_CONCURRENT freed 399K, 78% free 1365K/6019K, paused 1ms+1ms
D/dalvikvm( 1142): GC_CONCURRENT freed 429K, 79% free 1323K/6019K, paused 1ms+1ms
D/HomePlayerLib( 1142): hostaddress count is 2
D/dalvikvm( 1142): GC_CONCURRENT freed 409K, 79% free 1309K/6019K, paused 1ms+1ms
D/dalvikvm( 1142): GC_CONCURRENT freed 387K, 79% free 1322K/6019K, paused 0ms+1ms
D/dalvikvm( 1142): GC_CONCURRENT freed 403K, 78% free 1329K/6019K, paused 1ms+1ms
D/dalvikvm( 1142): GC_CONCURRENT freed 397K, 79% free 1319K/6019K, paused 1ms+1ms
D/dalvikvm( 1142): GC_CONCURRENT freed 397K, 78% free 1328K/6019K, paused 1ms+1ms
D/dalvikvm( 1142): GC_CONCURRENT freed 394K, 78% free 1328K/6019K, paused 1ms+1ms
D/dalvikvm( 1142): GC_CONCURRENT freed 393K, 78% free 1326K/6019K, paused 1ms+1ms
D/dalvikvm( 1142): GC_CONCURRENT freed 391K, 78% free 1328K/6019K, paused 1ms+1ms
D/dalvikvm( 1142): GC_CONCURRENT freed 397K, 79% free 1318K/6019K, paused 1ms+1ms
D/MonitorCw880( 5694): counter=2 && isHeartbeatTimeout=true
D/dalvikvm( 1142): GC_CONCURRENT freed 390K, 78% free 1326K/6019K, paused 1ms+1ms
D/dalvikvm( 1142): GC_CONCURRENT freed 406K, 78% free 1325K/6019K, paused 1ms+1ms
D/dalvikvm( 1142): GC_CONCURRENT freed 409K, 79% free 1323K/6019K, paused 1ms+1ms
D/dalvikvm( 1142): GC_CONCURRENT freed 393K, 77% free 1414K/6019K, paused 1ms+1ms
D/dalvikvm( 1142): GC_CONCURRENT freed 480K, 78% free 1329K/6019K, paused 1ms+1ms
D/dalvikvm( 1142): GC_CONCURRENT freed 394K, 78% free 1328K/6019K, paused 1ms+1ms
D/dalvikvm( 1142): GC_CONCURRENT freed 393K, 78% free 1328K/6019K, paused 1ms+1ms
D/dalvikvm( 1142): GC_CONCURRENT freed 393K, 78% free 1339K/6019K, paused 0ms+1ms
D/dalvikvm( 1142): GC_CONCURRENT freed 419K, 79% free 1305K/6019K, paused 1ms+1ms
D/dalvikvm( 1142): GC_CONCURRENT freed 375K, 79% free 1316K/6019K, paused 0ms+1ms
D/dalvikvm( 1142): GC_CONCURRENT freed 394K, 77% free 1430K/6019K, paused 1ms+1ms
D/dalvikvm( 1142): GC_CONCURRENT freed 508K, 77% free 1430K/6019K, paused 1ms+1ms
D/dalvikvm( 1142): GC_CONCURRENT freed 513K, 76% free 1485K/6019K, paused 1ms+1ms
D/dalvikvm( 1142): GC_CONCURRENT freed 562K, 77% free 1426K/6019K, paused 0ms+1ms
D/dalvikvm( 1142): GC_CONCURRENT freed 500K, 77% free 1424K/6019K, paused 1ms+1ms
D/dalvikvm( 1142): GC_CONCURRENT freed 491K, 78% free 1325K/6019K, paused 1ms+1ms
D/dalvikvm( 1142): GC_CONCURRENT freed 452K, 78% free 1373K/6019K, paused 1ms+1ms
D/dalvikvm( 1142): GC_CONCURRENT freed 456K, 79% free 1309K/6019K, paused 1ms+1ms
D/MonitorCw880( 5694): counter=2 && isHeartbeatTimeout=true
D/dhcpcd  ( 4127): renewing lease of 192.168.2.6
D/dhcpcd  ( 4127): sending DHCP_REQUEST with xid 0x442ce5c0, next in 3.36 seconds
D/dhcpcd  ( 4127): acknowledged 192.168.2.6 from 192.168.2.1 `dhcpcd  ( 4127): leased 192.168.2.6 for 3600 seconds
D/dhcpcd  ( 4127): adding IP address 192.168.2.6/24
D/dhcpcd  ( 4127): adding route to 0.0.0.0/0 via 192.168.2.1
D/dhcpcd  ( 4127): executing `/system/etc/dhcpcd/dhcpcd-run-hooks', reason RENEW
D/dhcpcd  ( 4127): renew in 1796 seconds
D/dalvikvm( 1142): GC_CONCURRENT freed 378K, 77% free 1432K/6019K, paused 1ms+1ms
D/dalvikvm( 1142): GC_CONCURRENT freed 515K, 79% free 1300K/6019K, paused 0ms+1ms
D/dalvikvm( 1142): GC_CONCURRENT freed 382K, 77% free 1424K/6019K, paused 1ms+1ms
D/dalvikvm( 1142): GC_CONCURRENT freed 498K, 77% free 1422K/6019K, paused 1ms+1ms
D/MonitorCw880( 5694): counter=2 && isHeartbeatTimeout=true
D/dalvikvm( 1142): GC_CONCURRENT freed 491K, 78% free 1324K/6019K, paused 1ms+1ms
D/dalvikvm( 1142): GC_CONCURRENT freed 393K, 79% free 1323K/6019K, paused 1ms+1ms
D/dalvikvm( 1142): GC_CONCURRENT freed 392K, 77% free 1411K/6019K, paused 0ms+1ms
D/dalvikvm( 1142): GC_CONCURRENT freed 485K, 77% free 1437K/6019K, paused 1ms+0ms
D/dalvikvm( 1142): GC_CONCURRENT freed 518K, 79% free 1321K/6019K, paused 1ms+1ms
D/dalvikvm( 1142): GC_CONCURRENT freed 406K, 78% free 1324K/6019K, paused 1ms+1ms
D/dalvikvm( 1142): GC_CONCURRENT freed 392K, 78% free 1324K/6019K, paused 1ms+1ms
D/dalvikvm( 1142): GC_CONCURRENT freed 393K, 78% free 1325K/6019K, paused 1ms+1ms
D/dalvikvm( 1142): GC_CONCURRENT freed 404K, 78% free 1339K/6019K, paused 1ms+1ms
D/dalvikvm( 1142): GC_CONCURRENT freed 409K, 77% free 1430K/6019K, paused 1ms+1ms
D/dalvikvm( 1142): GC_CONCURRENT freed 502K, 79% free 1312K/6019K, paused 1ms+1ms
D/MonitorCw880( 5694): counter=2 && isHeartbeatTimeout=true
D/MonitorCw880( 5694): counter=2 && isHeartbeatTimeout=true
D/dalvikvm( 1142): GC_CONCURRENT freed 393K, 79% free 1311K/6019K, paused 1ms+1ms
D/dalvikvm( 1142): GC_CONCURRENT freed 391K, 78% free 1343K/6019K, paused 1ms+1ms
D/dalvikvm( 1142): GC_CONCURRENT freed 417K, 79% free 1312K/6019K, paused 1ms+1ms
D/MonitorCw880( 5694): counter=2 && isHeartbeatTimeout=true
D/dalvikvm( 1142): GC_CONCURRENT freed 397K, 79% free 1310K/6019K, paused 1ms+1ms
D/dalvikvm( 1142): GC_CONCURRENT freed 394K, 77% free 1433K/6019K, paused 1ms+1ms
D/dalvikvm( 1142): GC_CONCURRENT freed 513K, 79% free 1312K/6019K, paused 1ms+0ms
D/dalvikvm( 1142): GC_CONCURRENT freed 393K, 78% free 1343K/6019K, paused 1ms+1ms
D/dalvikvm( 1142): GC_CONCURRENT freed 413K, 79% free 1324K/6019K, paused 1ms+1ms
D/HomePlayerLib( 1142): hostaddress count is 2
D/dalvikvm( 1142): GC_CONCURRENT freed 453K, 78% free 1377K/6019K, paused 1ms+1ms
D/dalvikvm( 1142): GC_CONCURRENT freed 439K, 76% free 1450K/6019K, paused 0ms+1ms
D/dalvikvm( 1142): GC_CONCURRENT freed 532K, 77% free 1425K/6019K, paused 1ms+1ms
D/dalvikvm( 1142): GC_CONCURRENT freed 500K, 78% free 1327K/6019K, paused 1ms+1ms
D/dalvikvm( 1142): GC_CONCURRENT freed 383K, 78% free 1338K/6019K, paused 1ms+1ms
D/dalvikvm( 1142): GC_CONCURRENT freed 408K, 78% free 1334K/6019K, paused 1ms+1ms
D/dalvikvm( 1142): GC_CONCURRENT freed 408K, 78% free 1329K/6019K, paused 1ms+1ms
D/dalvikvm( 1142): GC_CONCURRENT freed 395K, 77% free 1434K/6019K, paused 1ms+1ms
D/dalvikvm( 1142): GC_CONCURRENT freed 502K, 78% free 1326K/6019K, paused 1ms+1ms
D/dalvikvm( 1142): GC_CONCURRENT freed 407K, 79% free 1310K/6019K, paused 0ms+1ms
D/dalvikvm( 1142): GC_CONCURRENT freed 390K, 79% free 1312K/6019K, paused 0ms+1ms
D/dalvikvm( 1142): GC_CONCURRENT freed 401K, 77% free 1411K/6019K, paused 0ms+1ms
D/dalvikvm( 1142): GC_CONCURRENT freed 479K, 77% free 1440K/6019K, paused 1ms+1ms
D/dalvikvm( 1142): GC_CONCURRENT freed 512K, 78% free 1379K/6019K, paused 1ms+1ms
D/MonitorCw880( 5694): counter=2 && isHeartbeatTimeout=true
D/dalvikvm( 1142): GC_CONCURRENT freed 440K, 76% free 1451K/6019K, paused 1ms+1ms
D/dalvikvm( 1142): GC_CONCURRENT freed 521K, 78% free 1329K/6019K, paused 1ms+1ms
D/dalvikvm( 1142): GC_CONCURRENT freed 394K, 78% free 1328K/6019K, paused 1ms+1ms
D/dalvikvm( 1142): GC_CONCURRENT freed 392K, 78% free 1374K/6019K, paused 1ms+1ms
D/dalvikvm( 1142): GC_CONCURRENT freed 454K, 76% free 1493K/6019K, paused 0ms+1ms
D/dalvikvm( 1142): GC_CONCURRENT freed 556K, 77% free 1417K/6019K, paused 1ms+1ms
D/dalvikvm( 1142): GC_CONCURRENT freed 485K, 77% free 1442K/6019K, paused 0ms+1ms
D/dalvikvm( 1142): GC_FOR_ALLOC freed 601K, 78% free 1343K/6019K, paused 10ms
D/dalvikvm( 1142): GC_CONCURRENT freed <1K, 72% free 1734K/6019K, paused 1ms+1ms
D/dalvikvm( 1142): GC_CONCURRENT freed 804K, 77% free 1430K/6019K, paused 1ms+1ms
D/dalvikvm( 1142): GC_CONCURRENT freed 506K, 78% free 1326K/6019K, paused 1ms+1ms
D/dalvikvm( 1142): GC_CONCURRENT freed 394K, 77% free 1430K/6019K, paused 1ms+1ms
D/dalvikvm( 1142): GC_CONCURRENT freed 522K, 77% free 1407K/6019K, paused 0ms+1ms
D/dalvikvm( 1142): GC_CONCURRENT freed 479K, 77% free 1436K/6019K, paused 1ms+1ms
D/dalvikvm( 1142): GC_CONCURRENT freed 513K, 78% free 1344K/6019K, paused 0ms+1ms
D/dalvikvm( 1142): GC_CONCURRENT freed 418K, 77% free 1437K/6019K, paused 1ms+1ms
D/dalvikvm( 1142): GC_CONCURRENT freed 517K, 77% free 1422K/6019K, paused 0ms+1ms
D/dalvikvm( 1142): GC_CONCURRENT freed 488K, 78% free 1330K/6019K, paused 1ms+1ms
D/MonitorCw880( 5694): counter=2 && isHeartbeatTimeout=true
D/dalvikvm( 1142): GC_CONCURRENT freed 399K, 78% free 1339K/6019K, paused 1ms+1ms
D/dalvikvm( 1142): GC_CONCURRENT freed 420K, 79% free 1320K/6019K, paused 1ms+1ms
D/dalvikvm( 1142): GC_CONCURRENT freed 394K, 79% free 1320K/6019K, paused 1ms+1ms
D/dalvikvm( 1142): GC_CONCURRENT freed 393K, 79% free 1320K/6019K, paused 1ms+1ms
D/dalvikvm( 1142): GC_CONCURRENT freed 393K, 79% free 1320K/6019K, paused 1ms+1ms
D/dalvikvm( 1142): GC_CONCURRENT freed 405K, 78% free 1324K/6019K, paused 1ms+1ms
D/dalvikvm( 1142): GC_CONCURRENT freed 392K, 78% free 1325K/6019K, paused 1ms+1ms
D/MonitorCw880( 5694): counter=2 && isHeartbeatTimeout=true
D/dalvikvm( 1142): GC_CONCURRENT freed 404K, 79% free 1321K/6019K, paused 1ms+1ms
D/dalvikvm( 1142): GC_CONCURRENT freed 395K, 79% free 1319K/6019K, paused 1ms+1ms
D/dalvikvm( 1142): GC_CONCURRENT freed 393K, 78% free 1336K/6019K, paused 0ms+1ms
D/dalvikvm( 1142): GC_CONCURRENT freed 406K, 76% free 1446K/6019K, paused 1ms+1ms
D/dalvikvm( 1142): GC_CONCURRENT freed 514K, 78% free 1326K/6019K, paused 1ms+1ms
D/dalvikvm( 1142): GC_CONCURRENT freed 405K, 79% free 1312K/6019K, paused 1ms+1ms
D/dalvikvm( 1142): GC_CONCURRENT freed 396K, 79% free 1311K/6019K, paused 1ms+1ms
D/dalvikvm( 1142): GC_CONCURRENT freed 394K, 79% free 1311K/6019K, paused 1ms+1ms
D/dalvikvm( 1142): GC_FOR_ALLOC freed 514K, 79% free 1304K/6019K, paused 10ms
D/dalvikvm( 1142): GC_CONCURRENT freed 7K, 78% free 1377K/6019K, paused 1ms+1ms
D/MonitorCw880( 5694): counter=2 && isHeartbeatTimeout=true
D/MonitorCw880( 5694): counter=2 && isHeartbeatTimeout=true
D/dalvikvm( 1142): GC_CONCURRENT freed 448K, 77% free 1422K/6019K, paused 0ms+1ms
D/dalvikvm( 1142): GC_CONCURRENT freed 491K, 78% free 1325K/6019K, paused 1ms+1ms
D/dalvikvm( 1142): GC_CONCURRENT freed 394K, 78% free 1324K/6019K, paused 1ms+1ms
D/dalvikvm( 1142): GC_CONCURRENT freed 393K, 78% free 1324K/6019K, paused 1ms+1ms
D/dalvikvm( 1142): GC_CONCURRENT freed 393K, 78% free 1324K/6019K, paused 1ms+1ms
D/MonitorCw880( 5694): counter=2 && isHeartbeatTimeout=true
D/dalvikvm( 1142): GC_CONCURRENT freed 392K, 78% free 1330K/6019K, paused 1ms+1ms
D/dalvikvm( 1142): GC_CONCURRENT freed 403K, 79% free 1312K/6019K, paused 1ms+1ms
D/dalvikvm( 1142): GC_CONCURRENT freed 396K, 77% free 1426K/6019K, paused 1ms+1ms
D/dalvikvm( 1142): GC_CONCURRENT freed 523K, 77% free 1414K/6019K, paused 0ms+1ms
D/HomePlayerLib( 1142): hostaddress count is 2
D/dalvikvm( 1142): GC_CONCURRENT freed 492K, 77% free 1434K/6019K, paused 1ms+1ms
D/dalvikvm( 1142): GC_CONCURRENT freed 516K, 77% free 1428K/6019K, paused 1ms+1ms
D/dalvikvm( 1142): GC_CONCURRENT freed 496K, 77% free 1434K/6019K, paused 1ms+1ms
D/dalvikvm( 1142): GC_CONCURRENT freed 501K, 77% free 1441K/6019K, paused 0ms+1ms
D/dalvikvm( 1142): GC_CONCURRENT freed 534K, 77% free 1412K/6019K, paused 1ms+1ms
D/dalvikvm( 1142): GC_CONCURRENT freed 486K, 77% free 1437K/6019K, paused 1ms+1ms
D/dalvikvm( 1142): GC_CONCURRENT freed 507K, 78% free 1346K/6019K, paused 1ms+1ms
D/dalvikvm( 1142): GC_CONCURRENT freed 415K, 77% free 1443K/6019K, paused 1ms+1ms
D/dalvikvm( 1142): GC_CONCURRENT freed 511K, 77% free 1436K/6019K, paused 0ms+1ms
D/dalvikvm( 1142): GC_CONCURRENT freed 509K, 77% free 1436K/6019K, paused 1ms+1ms
D/dalvikvm( 1142): GC_CONCURRENT freed 497K, 78% free 1326K/6019K, paused 1ms+0ms
D/dalvikvm( 1142): GC_CONCURRENT freed 392K, 77% free 1434K/6019K, paused 0ms+1ms
D/dalvikvm( 1142): GC_CONCURRENT freed 501K, 79% free 1317K/6019K, paused 1ms+1ms
D/dalvikvm( 1142): GC_CONCURRENT freed 397K, 79% free 1303K/6019K, paused 1ms+1ms
D/MonitorCw880( 5694): counter=2 && isHeartbeatTimeout=true
D/dalvikvm( 1142): GC_CONCURRENT freed 381K, 77% free 1419K/6019K, paused 1ms+1ms
D/dalvikvm( 1142): GC_CONCURRENT freed 498K, 77% free 1420K/6019K, paused 1ms+1ms
D/dalvikvm( 1142): GC_CONCURRENT freed 499K, 78% free 1351K/6019K, paused 1ms+1ms
D/dalvikvm( 1142): GC_CONCURRENT freed 415K, 76% free 1447K/6019K, paused 1ms+1ms
D/dalvikvm( 1142): GC_CONCURRENT freed 528K, 79% free 1302K/6019K, paused 1ms+1ms
D/dalvikvm( 1142): GC_CONCURRENT freed 383K, 79% free 1303K/6019K, paused 0ms+1ms
D/dalvikvm( 1142): GC_CONCURRENT freed 366K, 77% free 1410K/6019K, paused 1ms+1ms
D/dalvikvm( 1142): GC_CONCURRENT freed 485K, 77% free 1437K/6019K, paused 1ms+1ms
D/MonitorCw880( 5694): counter=2 && isHeartbeatTimeout=true
D/dalvikvm( 1142): GC_CONCURRENT freed 517K, 79% free 1312K/6019K, paused 0ms+1ms
D/dalvikvm( 1142): GC_CONCURRENT freed 393K, 79% free 1312K/6019K, paused 1ms+1ms
D/dalvikvm( 1142): GC_CONCURRENT freed 393K, 79% free 1311K/6019K, paused 1ms+1ms
D/dalvikvm( 1142): GC_CONCURRENT freed 393K, 79% free 1312K/6019K, paused 1ms+1ms
D/dalvikvm( 1142): GC_CONCURRENT freed 398K, 79% free 1300K/6019K, paused 1ms+1ms
D/dalvikvm( 1142): GC_CONCURRENT freed 383K, 79% free 1308K/6019K, paused 1ms+1ms
D/dalvikvm( 1142): GC_CONCURRENT freed 383K, 77% free 1435K/6019K, paused 1ms+1ms
D/dalvikvm( 1142): GC_CONCURRENT freed 514K, 79% free 1313K/6019K, paused 1ms+1ms
D/dalvikvm( 1142): GC_CONCURRENT freed 395K, 79% free 1312K/6019K, paused 1ms+0ms
D/dalvikvm( 1142): GC_CONCURRENT freed 394K, 79% free 1312K/6019K, paused 1ms+1ms
D/dalvikvm( 1142): GC_CONCURRENT freed 398K, 79% free 1300K/6019K, paused 1ms+1ms
D/MonitorCw880( 5694): counter=2 && isHeartbeatTimeout=true
D/dalvikvm( 1142): GC_CONCURRENT freed 382K, 77% free 1423K/6019K, paused 0ms+1ms
D/dalvikvm( 1142): GC_CONCURRENT freed 504K, 77% free 1427K/6019K, paused 0ms+1ms
D/dalvikvm( 1142): GC_CONCURRENT freed 488K, 78% free 1325K/6019K, paused 1ms+1ms
D/dalvikvm( 1142): GC_CONCURRENT freed 405K, 77% free 1396K/6019K, paused 0ms+1ms
D/MonitorCw880( 5694): counter=2 && isHeartbeatTimeout=true
D/dalvikvm( 1142): GC_CONCURRENT freed 476K, 79% free 1312K/6019K, paused 1ms+1ms
D/dalvikvm( 1142): GC_CONCURRENT freed 393K, 79% free 1303K/6019K, paused 1ms+1ms
D/dalvikvm( 1142): GC_CONCURRENT freed 366K, 79% free 1323K/6019K, paused 1ms+1ms
D/dalvikvm( 1142): GC_CONCURRENT freed 393K, 79% free 1324K/6019K, paused 1ms+0ms
D/MonitorCw880( 5694): counter=2 && isHeartbeatTimeout=true
D/dalvikvm( 1142): GC_CONCURRENT freed 391K, 78% free 1370K/6019K, paused 1ms+0ms
D/dalvikvm( 1142): GC_CONCURRENT freed 442K, 74% free 1587K/6019K, paused 0ms+1ms
D/dalvikvm( 1142): GC_CONCURRENT freed 652K, 78% free 1332K/6019K, paused 1ms+1ms
D/dalvikvm( 1142): GC_CONCURRENT freed 404K, 79% free 1312K/6019K, paused 1ms+0ms
D/dalvikvm( 1142): GC_CONCURRENT freed 395K, 77% free 1426K/6019K, paused 0ms+1ms
D/dalvikvm( 1142): GC_CONCURRENT freed 486K, 78% free 1325K/6019K, paused 1ms+1ms
D/dalvikvm( 1142): GC_CONCURRENT freed 394K, 78% free 1324K/6019K, paused 1ms+1ms
D/dalvikvm( 1142): GC_CONCURRENT freed 393K, 78% free 1324K/6019K, paused 0ms+1ms
D/dalvikvm( 1142): GC_CONCURRENT freed 393K, 78% free 1329K/6019K, paused 0ms+1ms
D/MonitorCw880( 5694): counter=2 && isHeartbeatTimeout=true
D/dalvikvm( 1142): GC_CONCURRENT freed 401K, 79% free 1313K/6019K, paused 0ms+1ms
D/dalvikvm( 1142): GC_CONCURRENT freed 392K, 77% free 1428K/6019K, paused 1ms+1ms
D/dalvikvm( 1142): GC_CONCURRENT freed 499K, 79% free 1312K/6019K, paused 1ms+1ms
D/dalvikvm( 1142): GC_CONCURRENT freed 407K, 77% free 1431K/6019K, paused 1ms+1ms
D/HomePlayerLib( 1142): hostaddress count is 2
D/dalvikvm( 1142): GC_CONCURRENT freed 505K, 79% free 1322K/6019K, paused 1ms+1ms
D/dalvikvm( 1142): GC_CONCURRENT freed 402K, 77% free 1416K/6019K, paused 1ms+1ms
D/dalvikvm( 1142): GC_CONCURRENT freed 476K, 78% free 1341K/6019K, paused 1ms+1ms
D/dalvikvm( 1142): GC_CONCURRENT freed 418K, 77% free 1434K/6019K, paused 0ms+1ms
D/dalvikvm( 1142): GC_CONCURRENT freed 506K, 77% free 1440K/6019K, paused 0ms+1ms
D/dalvikvm( 1142): GC_CONCURRENT freed 507K, 76% free 1454K/6019K, paused 0ms+1ms
D/dalvikvm( 1142): GC_CONCURRENT freed 520K, 78% free 1330K/6019K, paused 0ms+1ms
D/dalvikvm( 1142): GC_CONCURRENT freed 393K, 78% free 1329K/6019K, paused 1ms+1ms
D/dalvikvm( 1142): GC_CONCURRENT freed 393K, 78% free 1327K/6019K, paused 1ms+2ms
D/dalvikvm( 1142): GC_CONCURRENT freed 392K, 78% free 1329K/6019K, paused 1ms+1ms
D/dalvikvm( 1142): GC_CONCURRENT freed 392K, 78% free 1329K/6019K, paused 1ms+1ms
D/dalvikvm( 1142): GC_CONCURRENT freed 413K, 79% free 1301K/6019K, paused 1ms+2ms
D/dalvikvm( 1142): GC_CONCURRENT freed 377K, 77% free 1421K/6019K, paused 1ms+1ms
D/dalvikvm( 1142): GC_CONCURRENT freed 473K, 76% free 1459K/6019K, paused 1ms+0ms
D/dalvikvm( 1142): GC_CONCURRENT freed 514K, 77% free 1416K/6019K, paused 1ms+1ms
D/dalvikvm( 1142): GC_CONCURRENT freed 494K, 78% free 1327K/6019K, paused 1ms+1ms
D/dalvikvm( 1142): GC_CONCURRENT freed 398K, 77% free 1441K/6019K, paused 1ms+1ms
D/dalvikvm( 1142): GC_CONCURRENT freed 553K, 77% free 1398K/6019K, paused 1ms+1ms
D/dalvikvm( 1142): GC_CONCURRENT freed 472K, 76% free 1467K/6019K, paused 1ms+2ms
D/dalvikvm( 1142): GC_CONCURRENT freed 538K, 78% free 1346K/6019K, paused 1ms+1ms
D/dalvikvm( 1142): GC_CONCURRENT freed 420K, 77% free 1395K/6019K, paused 1ms+1ms
D/MonitorCw880( 5694): counter=2 && isHeartbeatTimeout=true
D/dalvikvm( 1142): GC_CONCURRENT freed 477K, 77% free 1420K/6019K, paused 1ms+1ms
D/dalvikvm( 1142): GC_CONCURRENT freed 488K, 78% free 1371K/6019K, paused 1ms+1ms
D/dalvikvm( 1142): GC_CONCURRENT freed 444K, 79% free 1312K/6019K, paused 1ms+1ms
D/dalvikvm( 1142): GC_CONCURRENT freed 395K, 77% free 1420K/6019K, paused 1ms+1ms
D/dalvikvm( 1142): GC_CONCURRENT freed 488K, 78% free 1324K/6019K, paused 0ms+1ms
D/dalvikvm( 1142): GC_CONCURRENT freed 394K, 78% free 1324K/6019K, paused 1ms+1ms
D/dalvikvm( 1142): GC_CONCURRENT freed 393K, 78% free 1324K/6019K, paused 1ms+1ms
D/dalvikvm( 1142): GC_CONCURRENT freed 393K, 78% free 1325K/6019K, paused 0ms+1ms
D/MonitorCw880( 5694): counter=2 && isHeartbeatTimeout=true
D/dalvikvm( 1142): GC_CONCURRENT freed 401K, 79% free 1313K/6019K, paused 1ms+1ms
D/dalvikvm( 1142): GC_CONCURRENT freed 396K, 79% free 1310K/6019K, paused 1ms+1ms
D/dalvikvm( 1142): GC_CONCURRENT freed 394K, 77% free 1425K/6019K, paused 0ms+1ms
D/dalvikvm( 1142): GC_CONCURRENT freed 487K, 78% free 1324K/6019K, paused 0ms+1ms
D/dalvikvm( 1142): GC_CONCURRENT freed 394K, 78% free 1370K/6019K, paused 1ms+1ms
D/dalvikvm( 1142): GC_CONCURRENT freed 441K, 77% free 1422K/6019K, paused 1ms+1ms
D/dalvikvm( 1142): GC_CONCURRENT freed 491K, 78% free 1324K/6019K, paused 1ms+1ms
D/dalvikvm( 1142): GC_CONCURRENT freed 394K, 78% free 1324K/6019K, paused 1ms+2ms
D/dalvikvm( 1142): GC_CONCURRENT freed 393K, 78% free 1324K/6019K, paused 1ms+1ms
D/dalvikvm( 1142): GC_CONCURRENT freed 393K, 78% free 1325K/6019K, paused 1ms+1ms
D/MonitorCw880( 5694): counter=2 && isHeartbeatTimeout=true
D/MonitorCw880( 5694): counter=2 && isHeartbeatTimeout=true
D/dalvikvm( 1142): GC_CONCURRENT freed 391K, 78% free 1329K/6019K, paused 0ms+1ms
D/dalvikvm( 1142): GC_CONCURRENT freed 402K, 79% free 1312K/6019K, paused 1ms+1ms
D/dalvikvm( 1142): GC_CONCURRENT freed 396K, 77% free 1426K/6019K, paused 1ms+1ms
D/dalvikvm( 1142): GC_CONCURRENT freed 488K, 78% free 1324K/6019K, paused 1ms+2ms
D/dalvikvm( 1142): GC_CONCURRENT freed 394K, 79% free 1324K/6019K, paused 1ms+1ms
D/MonitorCw880( 5694): counter=2 && isHeartbeatTimeout=true
D/dalvikvm( 1142): GC_CONCURRENT freed 392K, 79% free 1324K/6019K, paused 0ms+1ms
D/dalvikvm( 1142): GC_CONCURRENT freed 392K, 78% free 1324K/6019K, paused 1ms+1ms
D/dalvikvm( 1142): GC_CONCURRENT freed 400K, 76% free 1487K/6019K, paused 1ms+1ms
D/HomePlayerLib( 1142): hostaddress count is 2
D/dalvikvm( 1142): GC_CONCURRENT freed 555K, 77% free 1440K/6019K, paused 1ms+1ms
D/dalvikvm( 1142): GC_CONCURRENT freed 500K, 78% free 1380K/6019K, paused 1ms+1ms
D/dalvikvm( 1142): GC_CONCURRENT freed 464K, 79% free 1323K/6019K, paused 1ms+1ms
D/dalvikvm( 1142): GC_CONCURRENT freed 405K, 78% free 1327K/6019K, paused 1ms+1ms
D/MonitorCw880( 5694): counter=2 && isHeartbeatTimeout=true
D/dalvikvm( 1142): GC_CONCURRENT freed 392K, 78% free 1329K/6019K, paused 1ms+1ms
D/dalvikvm( 1142): GC_CONCURRENT freed 391K, 78% free 1329K/6019K, paused 0ms+1ms
D/dalvikvm( 1142): GC_CONCURRENT freed 403K, 77% free 1431K/6019K, paused 1ms+1ms
D/dalvikvm( 1142): GC_CONCURRENT freed 488K, 77% free 1390K/6019K, paused 1ms+1ms
D/dalvikvm( 1142): GC_CONCURRENT freed 467K, 78% free 1332K/6019K, paused 1ms+1ms
D/dalvikvm( 1142): GC_CONCURRENT freed 398K, 78% free 1329K/6019K, paused 1ms+1ms
D/dalvikvm( 1142): GC_CONCURRENT freed 403K, 78% free 1342K/6019K, paused 1ms+1ms
D/dalvikvm( 1142): GC_CONCURRENT freed 413K, 76% free 1490K/6019K, paused 0ms+1ms
D/dalvikvm( 1142): GC_CONCURRENT freed 547K, 76% free 1454K/6019K, paused 1ms+1ms
D/dalvikvm( 1142): GC_CONCURRENT freed 530K, 77% free 1433K/6019K, paused 1ms+1ms
D/dalvikvm( 1142): GC_CONCURRENT freed 579K, 78% free 1379K/6019K, paused 1ms+1ms
D/dalvikvm( 1142): GC_CONCURRENT freed 449K, 78% free 1352K/6019K, paused 1ms+1ms
D/dalvikvm( 1142): GC_CONCURRENT freed 428K, 77% free 1435K/6019K, paused 1ms+1ms
D/dalvikvm( 1142): GC_CONCURRENT freed 499K, 76% free 1458K/6019K, paused 0ms+1ms
D/dalvikvm( 1142): GC_CONCURRENT freed 601K, 78% free 1368K/6019K, paused 1ms+1ms
D/dalvikvm( 1142): GC_CONCURRENT freed 426K, 76% free 1453K/6019K, paused 1ms+1ms
D/dalvikvm( 1142): GC_CONCURRENT freed 522K, 77% free 1437K/6019K, paused 0ms+1ms
D/dalvikvm( 1142): GC_CONCURRENT freed 515K, 78% free 1355K/6019K, paused 0ms+1ms
D/dalvikvm( 1142): GC_CONCURRENT freed 437K, 79% free 1321K/6019K, paused 0ms+1ms
D/MonitorCw880( 5694): counter=2 && isHeartbeatTimeout=true
D/dalvikvm( 1142): GC_CONCURRENT freed 405K, 79% free 1307K/6019K, paused 1ms+1ms
D/dalvikvm( 1142): GC_CONCURRENT freed 376K, 79% free 1324K/6019K, paused 1ms+2ms
D/dalvikvm( 1142): GC_CONCURRENT freed 406K, 79% free 1309K/6019K, paused 0ms+1ms
D/dalvikvm( 1142): GC_CONCURRENT freed 359K, 78% free 1347K/6019K, paused 1ms+1ms
D/HomePlayerLib( 1142): hostaddress count is 2
D/dalvikvm( 1142): GC_CONCURRENT freed 415K, 78% free 1325K/6019K, paused 1ms+1ms
D/dalvikvm( 1142): GC_CONCURRENT freed 409K, 79% free 1318K/6019K, paused 1ms+1ms
D/dalvikvm( 1142): GC_CONCURRENT freed 389K, 79% free 1323K/6019K, paused 1ms+1ms
D/dalvikvm( 1142): GC_CONCURRENT freed 384K, 78% free 1383K/6019K, paused 1ms+1ms
D/dalvikvm( 1142): GC_CONCURRENT freed 464K, 78% free 1368K/6019K, paused 1ms+1ms
D/dalvikvm( 1142): GC_CONCURRENT freed 447K, 78% free 1329K/6019K, paused 1ms+1ms
D/dalvikvm( 1142): GC_CONCURRENT freed 393K, 77% free 1415K/6019K, paused 1ms+1ms
D/dalvikvm( 1142): GC_CONCURRENT freed 483K, 77% free 1443K/6019K, paused 1ms+1ms
D/dalvikvm( 1142): GC_CONCURRENT freed 512K, 76% free 1450K/6019K, paused 0ms+1ms
D/dalvikvm( 1142): GC_CONCURRENT freed 533K, 79% free 1302K/6019K, paused 0ms+1ms
D/dalvikvm( 1142): GC_CONCURRENT freed 375K, 77% free 1424K/6019K, paused 1ms+1ms
D/dalvikvm( 1142): GC_CONCURRENT freed 482K, 76% free 1453K/6019K, paused 1ms+1ms
D/dalvikvm( 1142): GC_CONCURRENT freed 521K, 78% free 1335K/6019K, paused 1ms+1ms
D/dalvikvm( 1142): GC_CONCURRENT freed 404K, 77% free 1440K/6019K, paused 1ms+1ms
D/dalvikvm( 1142): GC_CONCURRENT freed 516K, 77% free 1430K/6019K, paused 1ms+1ms
D/dalvikvm( 1142): GC_CONCURRENT freed 498K, 78% free 1332K/6019K, paused 1ms+1ms
D/dalvikvm( 1142): GC_CONCURRENT freed 404K, 79% free 1312K/6019K, paused 1ms+1ms
D/dalvikvm( 1142): GC_CONCURRENT freed 395K, 77% free 1426K/6019K, paused 1ms+1ms
D/dalvikvm( 1142): GC_CONCURRENT freed 488K, 77% free 1407K/6019K, paused 1ms+1ms
D/dalvikvm( 1142): GC_CONCURRENT freed 475K, 78% free 1330K/6019K, paused 1ms+1ms
D/MonitorCw880( 5694): counter=2 && isHeartbeatTimeout=true
[150296.996902] IR: [03932] scan key value is 0xec13c936 
[150296.996907]  D/dalvikvm( 1142): GC_CONCURRENT freed 405K, 77% free 1437K/6019K, paused 0ms+1ms

[150297.049426] IR: [03932] scan key value is 0xec13c936 
[150297.049431]  D/dalvikvm( 1142): GC_CONCURRENT freed 517K, 77% free 1427K/6019K, paused 0ms+1ms

[150297.157590] IR: [03932] scan key value is 0xec13c936 
[150297.157595]  D/dalvikvm( 1142): GC_CONCURRENT freed 488K, 78% free 1349K/6019K, paused 1ms+1ms
D/dalvikvm( 1142): GC_CONCURRENT freed 419K, 77% free 1432K/6019K, paused 1ms+0ms
E/ProgramDetailActivity( 2006): assetInfo:18809
I/ActivityManager(  945): START {flg=0x78000000[0037574362][MAD_ALSA][000882]     <6>Wake up Playback Monitor 0
 cmp=com.fiship.media/.player.VideoPlayer (has extras)} from pid 2006
D/ProgramDetailActivity( 2006): -- onRestart --
D/dalvikvm( 1142): GC_CONCURRENT freed 516K, 77% free 1407K/6019K, paused 1ms+1ms
D/VideoPlayer( 2006): -- onCreate --
D/dalvikvm(  945): GC_CONCURRENT freed 826K, 60% free 4395K/10947K, paused 7ms+5ms
W/MediaPlayer.java( 2006): setScreenOnWhilePlaying(true) is ineffective without a SurfaceHolder
I/VideoPlayer( 2006): playSource:2
D/OTTAsynTaskGetData( 2006): start load program details.
D/Test    ( 2006): request Url  :http://cibn-iepg.coship.com:8088/msis/getAssetListByPackageCode?version=V001&terminalType=1&resolution=1280*720&resourceCode=12520&userCode=20130502211502246018&authKey=c9611512611f0d17151babfd42e6dd90
D/dalvikvm( 1142): GC_CONCURRENT freed 474K, 78% free 1326K/6019K, paused 1ms+1ms
D/dalvikvm( 1142): GC_CONCURRENT freed 404K, 77% free 1428K/6019K, paused 1ms+1ms
I/Process (  945): Sending signal. PID: 2006 SIG: 3
I/dalvikvm( 2006): threadid=3: reacting to signal 3
I/dalvikvm( 2006): Wrote stack traces to '/data/anr/traces.txt'
D/dalvikvm( 2006): GC_FOR_ALLOC freed 1055K, 14% free 39084K/45443K, paused 82ms
D/dalvikvm( 1142): GC_CONCURRENT freed 490K, 78% free 1324K/6019K, paused 1ms+1ms
D/dalvikvm( 2006): GC_FOR_ALLOC freed 640K, 15% free 38960K/45443K, paused 73ms
D/dalvikvm( 1142): GC_CONCURRENT freed 395K, 77% free 1430K/6019K, paused 1ms+1ms
I/Process (  945): Sending signal. PID: 2006 SIG: 3
I/dalvikvm( 2006): threadid=3: reacting to signal 3
I/dalvikvm( 2006): Wrote stack traces to '/data/anr/traces.txt'
I/VideoPlayer( 2006): providerId:/assertName:/assertId:/resourceCode:18809
D/VideoPlayer( 2006): -- onResume --
D/OpenGLRenderer( 2006): Flushing caches (mode 0)
D/VideoPlayer( 2006): subId:---resourceCode:18809---timeCode:0---assertId:---providerId:
D/Test    ( 2006): request Url  :http://cibn-iepg.coship.com:8088/msis/getPlayURL?version=V001&terminalType=2&resolution=1280*720&resourceCode=18809&playType=1&delay=0&shifttime=0&shiftend=0&timecode=0&assetID=&providerID=&urlType=3&authKey=c6008d9a3d7f72534491b75a5fe6c894
D/dalvikvm( 2006): GC_CONCURRENT freed 2302K, 16% free 38585K/45443K, paused 3ms+10ms
D/MediaControler( 2006): surfaceChanged
I/ActivityManager(  945): Displayed com.fiship.media/.player.VideoPlayer: +1s368ms
D/VideoPlayer( 2006): play url:http://cibn-iss1.longvisionmedia.com:8088/vod/CIBN2013,CIBN2013040701144642.m3u8?fmt=x264_0k_mpegts&sora=1&timecode=0&sk=4CB7A24E075F5FE3AEE516B1D0FCEE44&UUID=3b3035ce-209a-43be-a0a2-116c673e51c2&userCode=default&userName=default&spCode=484581254562&productCode=1&resourceCode=18809&subId=123&resourceName=&authType=2
D/MonitorCw880( 5694): counter=2 && isHeartbeatTimeout=true
D/dalvikvm( 1142): GC_CONCURRENT freed 512K, 79% free 1302K/6019K, paused 1ms+1ms
D/dalvikvm( 1142): GC_CONCURRENT freed 377K, 77% free 1406K/6019K, paused 1ms+1ms
D/dalvikvm( 1142): GC_CONCURRENT freed 475K, 78% free 1325K/6019K, paused 1ms+1ms
D/dalvikvm( 1142): GC_CONCURRENT freed 392K, 78% free 1324K/6019K, paused 1ms+1ms
D/dalvikvm( 1142): GC_CONCURRENT freed 392K, 78% free 1324K/6019K, paused 1ms+1ms
D/dalvikvm( 1142): GC_CONCURRENT freed 393K, 78% free 1324K/6019K, paused 0ms+1ms
D/MediaPlayerService(  744):  Create MstarPlayer
D/MstarPlayer(  744): Create MstarPlayer:0x0x50cd8,Version:Release Mstar player lib Version:0015,Base CL:690305  Date:2013/05/20
D/MstarPlayer(  744): TV Local Time :  Mon May 27 09:04:05 2013
D/MstarPlayer(  744):  
D/MstarPlayer(  744): setInstance: 0x50cd8
D/MstarPlayer(  744): mstar player set listener
D/MstarPlayer(  744): MstarPlayer::initCheck
D/MediaPlayerService(  744): [97] setVideoSurfaceTexture(0x523c8)
D/MstarPlayer(  744): MstarPlayer::setVideoSurfaceTexture 
D/MstarPlayer(  744): open mHwcFifoFD = 29
D/MstarPlayer(  744): MstarPlayer::prepareAsync
D/MstarPlayer(  744): 
D/MstarPlayer(  744):  MstarPlayer::doSetDataSource
D/MstarPlayer(  744): MstarPlayer::clearAllSource
D/MstarPlayer(  744): 
D/MstarPlayer(  744):  MstarPlayer::doSetDataSource: url=http://cibn-iss1.longvisionmedia.com:8088/vod/CIBN2013,CIBN2013040701144642.m3u8?fmt=x264_0k_mpegts&sora=1&timecode=0&sk=4CB7A24E075F5FE3AEE516B1D0FCEE44&UUID=3b3035ce-209a-43be-a0a2-116c673e51c2&userCode=default&userName=default&spCode=484581254562&productCode=1&resourceCode=18809&subId=123&resourceName=&authType=2
D/Downloader(  744): Release Mstar Content Source CL:505596  Date:2013/04/17
D/Downloader(  744): Curl Version:libcurl/7.21.7 OpenSSL/1.0.0e
D/Downloader(  744): [downloadThread]init a multi curl done.curlm:0x4a440 pRingBuffer:0x947098
D/DataSource_M3U8(  744): [M3U8]ContentSource_M3U8 contruct done
D/DataSource_M3U8(  744): [M3U8] try parseURLs=http://cibn-iss1.longvisionmedia.com:8088/vod/CIBN2013,CIBN2013040701144642.m3u8?fmt=x264_0k_mpegts&sora=1&timecode=0&sk=4CB7A24E075F5FE3AEE516B1D0FCEE44&UUID=3b3035ce-209a-43be-a0a2-116c673e51c2&userCode=default&userName=default&spCode=484581254562&productCode=1&resourceCode=18809&subId=123&resourceName=&authType=2
D/DataSource_M3U8(  744): bg thread ready to run
D/DataSource_M3U8(  744): bg thread 1929000
D/OpenGLRenderer( 2006): Flushing caches (mode 0)
D/DataSource_M3U8(  744): bg thread ready to run
D/Downloader(  744): [downloadThread]Downloader::removeTask  
D/Downloader(  744): [downloadThread]StartTask:url :http://cibn-iss1.longvisionmedia.com:8088/vod/CIBN2013,CIBN2013040701144642.m3u8?fmt=x264_0k_mpegts&sora=1&timecode=0&sk=4CB7A24E075F5FE3AEE516B1D0FCEE44&UUID=3b3035ce-209a-43be-a0a2-116c673e51c2&userCode=default&userName=default&spCode=484581254562&productCode=1&resourceCode=18809&subId=123&resourceName=&authType=2
D/dalvikvm( 1142): GC_CONCURRENT freed 391K, 78% free 1329K/6019K, paused 1ms+3ms
W/NetworkStats(  945): dropping UID delta from unknown iface: iface=uap0 uid=0 set=DEFAULT tag=0x0 rxBytes=17627 rxPackets=136 txBytes=9490 txPackets=39 operations=0
W/NetworkStats(  945): dropping UID delta from unknown iface: iface=uap0 uid=1000 set=DEFAULT tag=0x0 rxBytes=683520 rxPackets=1920 txBytes=683520 txPackets=1920 operations=0
D/Downloader(  744): header_callback : -->HTTP/1.0 200 OK
D/Downloader(  744): 
D/Downloader(  744): header_callback : -->Server: nginx/1.2.2
D/Downloader(  744): 
D/Downloader(  744): header_callback : -->Date: Mon, 27 May 2013 01:04:07 GMT
D/Downloader(  744): 
D/Downloader(  744): header_callback : -->Content-Type: application/octet-stream
D/Downloader(  744): 
D/Downloader(  744): Content-Type: application/octet-stream
D/Downloader(  744): 
D/Downloader(  744): header_callback : -->Content-Length: 97
D/Downloader(  744): 
D/Downloader(  744): Content-Length: 97
D/Downloader(  744): 
D/Downloader(  744): header_callback : -->Powered-By-ChinaCache: MISS from CHN-BI-3-3n4
D/Downloader(  744): 
D/Downloader(  744): header_callback : -->Powered-By-ChinaCache: MISS from CHN-DG-4-35I
D/Downloader(  744): 
D/Downloader(  744): header_callback : -->Connection: keep-alive
D/Downloader(  744): 
D/Downloader(  744): header_callback : -->
D/Downloader(  744): 
D/Downloader(  744): Downloadserver bandWidth:3316
D/Downloader(  744): Downloadserver bandWidth:3316
D/Downloader(  744): Downloadserver bandWidth:3316
D/Downloader(  744): Downloadserver bandWidth:3316
D/DataSource_M3U8(  744): parseURLs : waiting 250 ms 
D/DataSource_M3U8(  744): [M3U8] file: NULL line 
D/DataSource_M3U8(  744): HLS=====>> Live Stream!!!!
D/DataSource_M3U8(  744):  bMultAlterBandwidthStream = 1  urlNum=1 
D/Downloader(  744): [downloadThread]background worker recv DOWNLOADER_COMMAND_REMOVE_TASK
D/Downloader(  744): [downloadThread]Downloader::removeTask  
D/Downloader(  744): [downloadThread]DOWNLOADER_COMMAND_REMOVE_TASK done
D/DataSource_M3U8(  744): [M3U8] try parseURLs=http://cibn-iss1.longvisionmedia.com:8088/vod/CIBN2013_CIBN2013040701144642_1433.m3u8
D/Downloader(  744): [downloadThread]Downloader::removeTask  
D/Downloader(  744): [downloadThread]StartTask:url :http://cibn-iss1.longvisionmedia.com:8088/vod/CIBN2013_CIBN2013040701144642_1433.m3u8
D/dalvikvm( 1142): GC_CONCURRENT freed 403K, 77% free 1396K/6019K, paused 1ms+1ms
D/dalvikvm( 1142): GC_CONCURRENT freed 476K, 77% free 1419K/6019K, paused 1ms+1ms
D/Downloader(  744): header_callback : -->HTTP/1.0 200 OK
D/Downloader(  744): 
D/Downloader(  744): header_callback : -->Server: nginx/1.2.2
D/Downloader(  744): 
D/Downloader(  744): header_callback : -->Date: Mon, 27 May 2013 01:04:07 GMT
D/Downloader(  744): 
D/Downloader(  744): header_callback : -->Content-Type: application/octet-stream
D/Downloader(  744): 
D/Downloader(  744): Content-Type: application/octet-stream
D/Downloader(  744): 
D/Downloader(  744): header_callback : -->Content-Length: 24449
D/Downloader(  744): 
D/Downloader(  744): Content-Length: 24449
D/Downloader(  744): 
D/Downloader(  744): header_callback : -->Powered-By-ChinaCache: MISS from CHN-NT-3-3FC
D/Downloader(  744): 
D/Downloader(  744): header_callback : -->Powered-By-ChinaCache: MISS from CHN-DG-4-35I
D/Downloader(  744): 
D/Downloader(  744): header_callback : -->Connection: keep-alive
D/Downloader(  744): 
D/Downloader(  744): header_callback : -->
D/Downloader(  744): 
D/Downloader(  744): Downloadserver bandWidth:667549
D/Downloader(  744): Downloadserver bandWidth:667549
D/Downloader(  744): Downloadserver bandWidth:667549
D/Downloader(  744): Downloadserver bandWidth:667549
D/DataSource_M3U8(  744): parseURLs : waiting 300 ms 
D/DataSource_M3U8(  744): [M3U8]clear mFragements[0]
D/DataSource_M3U8(  744): bSupportAutoChangeServer = 1 
D/DataSource_M3U8(  744): u32HLSSreamNum[0]===>u32BandWidth:1433000 
D/DataSource_M3U8(  744): getHLSPlayListInex  DownloadBandWidth:667549   uInDex=0
D/Downloader(  744): [downloadThread]background worker recv DOWNLOADER_COMMAND_REMOVE_TASK
D/Downloader(  744): [downloadThread]Downloader::removeTask  
D/Downloader(  744): [downloadThread]DOWNLOADER_COMMAND_REMOVE_TASK done
D/DataSource_M3U8(  744): 
D/DataSource_M3U8(  744):  parseM3u8SubStreamType :  E_CONTENT_VIDEO_TS
D/DataSource_M3U8(  744): [M3U8]----->post cmd for start first url:http://cibn-iss1.longvisionmedia.com:8088/vod/CIBN2013_CIBN2013040701144642_1433/1.ts, knowedFileSize:0
D/MstarPlayer(  744): getTimeCode() pcTimeCode:timecode=0&sk=4CB7A24E075F5FE3AEE516B1D0FCEE44&UUID=3b3035ce-209a-43be-a0a2-116c673e51c2&userCode=default&userName=default&spCode=484581254562&productCode=1&resourceCode=18809&subId=123&resourceName=&authType=2
D/MstarPlayer(  744): pengyao:url:http://cibn-iss1.longvisionmedia.com:8088/vod/CIBN2013,CIBN2013040701144642.m3u8?fmt=x264_0k_mpegts&sora=1&timecode=0&sk=4CB7A24E075F5FE3AEE516B1D0FCEE44&UUID=3b3035ce-209a-43be-a0a2-116c673e51c2&userCode=defa[150300.671697] [irq_proc_open][373] -16
ult&userName=default&spCode=484581254562&productCode=1&resourceCode=18809&subId=123&resourceName=&authType=2 
D/MstarPlayer(  744): pengyao:timecode:0 
D/MstarPlayer(  744): MstarPlayer::doPrepare
D/MstarPlayer(  744): create MSrv_MM_PlayerInterface
D/MstarPlayer(  744): E_CONTENT_VIDEO_TS
D/MstarPlayer(  744): ===> GET source FILE Size -1 
D/MstarPlayer(  744): play content is video
D/MMPlayer(  744): constructor: 0xc8a0c0
D/MMPlayer(  744): 
D/MMPlayer(  744): connect
D/MMPlayer(  744): 
D/MMPlayer(  744): getMMPlayerService
D/IMMPlayerService(  744): Send CONNECT
D/Downloader(  744): [downloadThread]Downloader::removeTask  
D/Downloader(  744): [downloadThread]StartTask:url :http://cibn-iss1.longvisionmedia.com:8088/vod/CIBN2013_CIBN2013040701144642_1433/1.ts
D/IMMPlayer(  744): Send INITIALIZE
I//lib/ld-linux.so.3(  748): V/MMPlayerService( 754 1045): MMPlayerService::connect(callingPid 744, client 0x2a0c7358)
I//lib/ld-linux.so.3(  748): V/MMPlayerService( 754 1045): MMPlayerService::Client constructor(callingPid 744)
I//lib/ld-linux.so.3(  748): D/MMPlayerService( 754 1045): setState =0
I//lib/ld-linux.so.3(  748): MMPlayerService::Client::MM_Initialize()
I//lib/ld-linux.so.3(  748): MSrv_MM_PhotoPlayer::Initialize().
I//lib/ld-linux.so.3(  748): mapi_cpcodec::Initialize(). eDecoderPath:2
I//lib/ld-linux.so.3(  748): MIU interval 0x60000000.
I//lib/ld-linux.so.3(  748): E_MMAP_ID_XC_MAIN_FB PA: 0x17bc1000, VA: 0x457c8000, size: 0x1800000, IsMIU0: 1.
I//lib/ld-linux.so.3(  748): E_MMAP_ID_PHOTO_SHAREMEM PA: 0x167bc000, VA: 0x443c3000, size: 0x400, IsMIU0: 1.
I//lib/ld-linux.so.3(  748): E_MMAP_ID_JPD_READ PA: 0x167bc400, VA: 0x443c3400, size: 0x50080, IsMIU0: 1.
I//lib/ld-linux.so.3(  748): E_MMAP_ID_JPD_WRITE PA: 0x1680c480, VA: 0x44413480, size: 0x3fc000, IsMIU0: 1.
I//lib/ld-linux.so.3(  748): E_MMAP_ID_PHOTO_DISPLAY PA: 0x163c0000, VA: 0x43fc7000, size: 0x3fc000, IsMIU0: 1.
I//lib/ld-linux.so.3(  748): E_MMAP_ID_PHOTO_INTER PA: 0x16c08480, VA: 0x4480f480, size: 0x630000, IsMIU0: 1.
I//lib/ld-linux.so.3(  748): E_MMAP_ID_PHOTO_MPO_INTER PA: 0x17238480, VA: 0x44e3f480, size: 0x3fc000, IsMIU0: 1.
I//lib/ld-linux.so.3(  748): E_MMAP_ID_VDPLAYER_DATA PA: 0x163c0000, VA: 0x43fc7000, size: 0x1000, IsMIU0: 1.
I//lib/ld-linux.so.3(  748): E_MMAP_ID_VDPLAYER_BITSTREAM PA: 0x16d40000, VA: 0x44947000, size: 0x400000, IsMIU0: 1.
I//lib/ld-linux.so.3(  748): E_MMAP_ID_VDPLAYER_BITSTREAM_EXT PA: 0x16940000, VA: 0x44547000, size: 0x400000, IsMIU0: 1.
I//lib/ld-linux.so.3(  748): E_MMAP_ID_SUBTITLE PA: 0x16740000, VA: 0x44347000, size: 0x1e0000, IsMIU0: 1.
I//lib/ld-linux.so.3(  748): E_MMAP_ID_MAD_DEC PA: 0x15c40000, VA: 0x43847000, size: 0x280000, IsMIU0: 1.
I//lib/ld-linux.so.3(  748): E_MMAP_ID_VDEC_CPU PA: 0x1b800000, VA: 0x49407000, size: 0x200000, IsMIU0: 1.
I//lib/ld-linux.so.3(  748): E_MMAP_ID_VDEC_FRAMEBUFFER PA: 0x1ba00000, VA: 0x49607000, size: 0x1b00000, IsMIU0: 1.
I//lib/ld-linux.so.3(  748): E_MMAP_ID_VDEC_FRAMEBUFFERSD PA: 0x1ba00000, VA: 0x49607000, size: 0x1b00000, IsMIU0: 1.
I//lib/ld-linux.so.3(  748): E_MMAP_ID_VDEC_BITSTREAM PA: 0x1d500000, VA: 0x4b107000, size: 0x800000, IsMIU0: 1.
I//lib/ld-linux.so.3(  748): E_MMAP_ID_VDEC_MVC_FRAMEBUFFER PA: 0x1ba00000, VA: 0x49607000, size: 0x2b00000, IsMIU0: 1.
I//lib/ld-linux.so.3(  748): E_MMAP_ID_VDEC_MVC_BITSTREAM PA: 0x1e500000, VA: 0x4c107000, size: 0x1600000, IsMIU0: 1.
I//lib/ld-linux.so.3(  748): E_MMAP_ID_DMX_SECBUF PA: 0xd0000, VA: 0x411d7000, size: 0x70000, IsMIU0: 1.
I//lib/ld-linux.so.3(  748): Thread name: mapi_cpcodec.
I//lib/ld-linux.so.3(  748): ???????? Important,The MMAP ID(110) does not existed!, please check it...
I//lib/ld-linux.so.3(  748): ???????? Please update the right system configure...
I//lib/ld-linux.so.3(  748): ???????? Important,The MMAP ID(111) does not existed!, please check it...
I//lib/ld-linux.so.3(  748): ???????? Please update the right system configure...
I//lib/ld-linux.so.3(  748): Panel width: 1280, heigt: 720.
I//lib/ld-linux.so.3(  748): MPO SBS width: 1792, heigt: 504.
I//lib/ld-linux.so.3(  748): Output Buffer start: 0x44413480, BUS address start: 0x5680c480, size: 0x3fc000.
I//lib/ld-linux.so.3(  748): Display Buffer start: 0x43fc7000, BUS address start: 0x563c0000, size: 0x3fc000.
I//lib/ld-linux.so.3(  748): Internal Buffer start: 0x4480f480, BUS address start: 0x56c08480, size: 0x630000.
I//lib/ld-linux.so.3(  748): MPO Internal Buffer start: 0x44e3f480, BUS address start: 0x57238480, size: 0x3fc000.
I//lib/ld-linux.so.3(  748): MSrv_MM_PhotoPlayer::Initialize() Done.
I//lib/ld-linux.so.3(  748): >>> MSrv_MM_VideoPlayer  Initialize 
I//lib/ld-linux.so.3(  748): mapi_cpcodec::Initialize(). eDecoderPath:2
I//lib/ld-linux.so.3(  748): ******Amplifier_TI5707_SWMute(0)
D/dalvikvm( 1142): GC_CONCURRENT freed 487K, 78% free 1371K/6019K, paused 1ms+1ms
I//lib/ld-linux.so.3(  748): 5707write fail = 7
I//lib/ld-linux.so.3(  748): 5707write fail = 7
I//lib/ld-linux.so.3(  748): 5707write fail = 7
I//lib/ld-linux.so.3(  748): 5707write fail = 7
I//lib/ld-linux.so.3(  748): 5707write fail = 6
D/IMMPlayer(  744): Get ret:0
D/IMMPlayer(  744): Send PLAYER_COMMAND_ADD_EVENT_RECIPIENT_FPTR
D/IMMPlayer(  744): Get ret:1
D/IMMPlayer(  744): Send MM_SetPlayerTimeOutValue
D/IMMPlayer(  744): pTimeOutInfo->u32FileIOTimeOut:4294967295
D/IMMPlayer(  744): pTimeOutInfo->u32FileReadTimeOut:4294967295
D/IMMPlayer(  744): pTimeOutInfo->u32FileSeekTimeOut:4294967295
D/IMMPlayer(  744): pTimeOutInfo->u32DecodeCtrlTimeOut:4294967295
D/IMMPlayer(  744): pTimeOutInfo->u32ESBuffCtrlTimeOut:-1
D/IMMPlayer(  744): Get ret:0
D/IMMPlayer(  744): Send MM_SetStreamTotalTime
D/IMMPlayer(  744): u32TotalTime:2771999
D/IMMPlayer(  744): Get ret:0
D/IMMPlayer(  744): Send MM_CreateMediaItem
D/IMMPlayer(  744): stMedia.u32FileID:304192
D/IMMPlayer(  744): stMedia.u32FileSecondID:0
D/IMMPlayer(  744): stMedia.u32FileThirdID:0
D/IMMPlayer(  744): stMedia.u32FileFourthID:0
D/IMMPlayer(  744): stMedia.u64FileLength:18446744073709551615
D/IMMPlayer(  744): stMedia.eMediaType:2
D/IMMPlayer(  744): stMedia.eMediaFileType:2
D/IMMPlayer(  744): stMedia.eMediaCreateMode:0
D/IMMPlayer(  744): stMedia.u32CtlFlag:66
I//lib/ld-linux.so.3(  748): Panel width: 01280, heigt: 720.
I//lib/ld-linux.so.3(  748): Thread name: MM_Audio.
I//lib/ld-linux.so.3(  748): Thread name: MM_Audio.
D/IMMPlayer(  744): Get ret:0
D/MstarPlayer(  744): media item 0x1
D/MstarPlayer(  744): [150301.243167] 
[150301.243176] irq_proc_write
MstarPlayer::doPrepare done
I//lib/ld-linux.so.3(  748): CurrentArcType:1
I//lib/ld-linux.so.3(  748): Video Item Info, file ID: 0x4a440, file length: 0xffffffff 0xffffffff.
I//lib/ld-linux.so.3(  748): Output Resolution: DISPLAY_DACOUT_576P or DISPLAY_[150301.270036] 
[150301.270045] irq_proc_write
DACOUT_720P_50 or DISPLAY_DACOUT_1080P_50.
I//lib/ld-linux.so.3(  748): >>>GetDRMSetting From EEPROM
I//lib/ld-linux.so.3(  748): mapi_cpcodec::CreateMedia(): 150300645.
I//lib/ld-linux.so.3(  748): 1 File ID: 0x4a440, 2 File ID: 0x0, 3 File ID: 0x0, 4 File ID: 0x0.
I//lib/ld-linux.so.3(  748): File size: 0xffffffff ffffffff.
I//lib/ld-linux.so.3(  748): Media Type: 0, File Type: 2, Create Mode: 0.
I//lib/ld-linux.so.3(  748): mapi_cpcodec::videoCreateMedia().
I//lib/ld-linux.so.3(  748): Reconfigure Buffer.
I//lib/ld-linux.so.3(  748): E_MMAP_ID_VDEC_FRAMEBUFFER PA: 0x1ba00000, VA: 0x49607000, size: 0x1b00000, IsMIU0: 1.
I//lib/ld-linux.so.3(  748): E_MMAP_ID_VDEC_FRAMEBUFFERSD PA: 0x1ba00000, VA: 0x49607000, size: 0x1b00000, IsMIU0: 1.
I//lib/ld-linux.so.3(  748): E_MMAP_ID_VDEC_BITSTREAM PA: 0x1d500000, VA: 0x4b107000, size: 0x800000, IsMIU0: 1.
I//lib/ld-linux.so.3(  748): E_MMAP_ID_VDEC_MVC_FRAMEBUFFER PA: 0x1ba00000, VA: 0x49607000, size: 0x2b00000, IsMIU0: 1.
I//lib/ld-linux.so.3(  748): E_MMAP_ID_VDEC_MVC_BITSTREAM PA: 0x1e500000, VA: 0x4c107000, size: 0x1600000, IsMIU0: 1.
I//lib/ld-linux.so.3(  748): Copy TSP FW bin 2a199008 -> 411d7000; 4400
I//lib/ld-linux.so.3(  748): drop error frame.
I//lib/ld-linux.so.3(  748): pCodecMedia eFileType:2,eAppType:0 
I//lib/ld-linux.so.3(  748): default unseekable Stream mode config: Set preload size 0x4000
I//lib/ld-linux.so.3(  748): Stream mode. Set read header require size: MIN_REQUIRE_SIZE
I//lib/ld-linux.so.3(  748): Stream mode. for ts,Set read header probe option: (E_VDP_READ_HEADER_PROBE_AUDIO_DISABLE | E_VDP_READ_HEADER_PROBE_DURATION_DISABLE)
I//lib/ld-linux.so.3(  748): TS total time is 2771999
I//lib/ld-linux.so.3(  748): >>>>  DRM start  DRM MODEL ID  0x3031
I//lib/ld-linux.so.3(  748): LoadDRMMemory();
I//lib/ld-linux.so.3(  748): Display Msg: 29.
I//lib/ld-linux.so.3(  748):  set Frame buffer info  MAX_FRAMENUM 4   MAX_FIELDNUM  16
I//lib/ld-linux.so.3(  748): Enable TS Subtitle codec state  1
I//lib/ld-linux.so.3(  748): [CI][HbbTV-VOD]<INFO>:[1369616646.491956] MM init start
I//lib/ld-linux.so.3(  748): videoCreateMedia Done.
I//lib/ld-linux.so.3(  748): Create CP Ccodec Video Media Done.
I//lib/ld-linux.so.3(  748): Device or resource busy
I//lib/ld-linux.so.3(  748): Cannot open interrupt descriptor for irq=147 Auth OK
I//lib/ld-linux.so.3(  748): Check S/W IP Statue
I//lib/ld-linux.so.3(  748): [0]:OFF; [1]:OFF; [2]:OFF; [3]:ON
I//lib/ld-linux.so.3(  748): [4]:OFF; [5]:OFF; [6]:OFF; [7]:OFF
I//lib/ld-linux.so.3(  748): [8]:OFF; [9]:OFF; [10]:OFF; [11]:ON
I//lib/ld-linux.so.3(  748): [12]:ON; [13]:OFF; [14]:OFF; [15]:OFF
I//lib/ld-linux.so.3(  748): [16]:OFF; [17]:OFF; [18]:OFF; [19]:ON
I//lib/ld-linux.so.3(  748): [20]:ON; [21]:ON; [22]:ON; [23]:ON
I//lib/ld-linux.so.3(  748): [24]:OFF; [25]:OFF; [26]:OFF; [27]:ON
I//lib/ld-linux.so.3(  748): [28]:ON; [29]:ON; [30]:ON; [31]:OFF
I//lib/ld-linux.so.3(  748): [32]:OFF; [33]:ON; [34]:ON; [35]:OFF
I//lib/ld-linux.so.3(  748): [36]:OFF; [37]:OFF; [38]:OFF; [39]:ON
I//lib/ld-linux.so.3(  748): [40]:ON; [41]:OFF; [42]:OFF; [43]:OFF
I//lib/ld-linux.so.3(  748): [44]:OFF; [45]:OFF; [46]:OFF; [47]:OFF
I//lib/ld-linux.so.3(  748): [48]:OFF; [49]:OFF; [50]:OFF; [51]:OFF
I//lib/ld-linux.so.3(  748): [52]:OFF; [53]:OFF; [54]:OFF; [55]:OFF
I//lib/ld-linux.so.3(  748): [56]:OFF; [57]:OFF; [58]:OFF; [59]:OFF
I//lib/ld-linux.so.3(  748): [60]:OFF; [61]:OFF; [62]:OFF; [63]:OFF
I//lib/ld-linux.so.3(  748): Subtitle File Open Fail !!
I//lib/ld-linux.so.3(  748): Attached File Open Fail !!
I//lib/ld-linux.so.3(  748): Audio File Fail!!
D/MediaPlayerService(  744): [97] notify (0xa390c0, 3, 1, 0)
D/Downloader(  744): header_callback : -->HTTP/1.0 200 OK
D/Downloader(  744): 
D/Downloader(  744): header_callback : -->Server: nginx/1.2.2
D/Downloader(  744): 
D/Downloader(  744): header_callback : -->Date: Mon, 27 May 2013 01:04:07 GMT
D/Downloader(  744): 
D/Downloader(  744): header_callback : -->Content-Type: application/octet-stream
D/Downloader(  744): 
D/Downloader(  744): header_callback : -->Content-Length: 1335740
D/Downloader(  744): 
D/Downloader(  744): Content-Length: 1335740
D/Downloader(  744): 
D/Downloader(  744): header_callback : -->Powered-By-ChinaCache: MISS from CHN-BI-3-3n4
D/Downloader(  744): 
D/Downloader(  744): header_callback : -->Powered-By-ChinaCache: MISS from CHN-DG-4-35I
D/Downloader(  744): 
D/Downloader(  744): header_callback : -->Connection: keep-alive
D/Downloader(  744): 
D/Downloader(  744): header_callback : -->
D/Downloader(  744): 
D/dalvikvm( 1142): GC_CONCURRENT freed 445K, 77% free 1423K/6019K, paused 1ms+1ms
D/MonitorCw880( 5694): counter=2 && isHeartbeatTimeout=true
D/dalvikvm( 1142): GC_CONCURRENT freed 491K, 77% free 1407K/6019K, paused 1ms+1ms
I//lib/ld-linux.so.3(  748): Blocking Read: 350, size: 0x1000.
I//lib/ld-linux.so.3(  748): Blocking Read: 50, size: 0x8000.
I//lib/ld-linux.so.3(  748): File format : TS
D/dalvikvm( 1142): GC_CONCURRENT freed 485K, 79% free 1314K/6019K, paused 1ms+2ms
I//lib/ld-linux.so.3(  748): Blocking Read: 150, size: 0x20000.
I//lib/ld-linux.so.3(  748): Bitrate = 262144 Byte/s, Duration = 2771999 ms
I//lib/ld-linux.so.3(  748): PackSize = 28200 Byte.
I//lib/ld-linux.so.3(  748): ==============================================================================================
I//lib/ld-linux.so.3(  748): Data:MIU0; Bits:MIU0; MAD:MIU0; MVD:MIU0; SVD:MIU0; FB:MIU0; TSP:MIU0; FBL:No
I//lib/ld-linux.so.3(  748): Bit Buffer:0x44947000      Size:0x400000
I//lib/ld-linux.so.3(  748): Subtitle Bit Buffer:0x44347000     Size:0x1b0000
I//lib/ld-linux.so.3(  748): MAD Buffer:0x43847000
I//lib/ld-linux.so.3(  748): MADExt Buffer:0x44547000   Size:0x400000
I//lib/ld-linux.so.3(  748): VDEC FW Buffer:0x49407000  Size:0x200000
I//lib/ld-linux.so.3(  748): Frame Buffer:0x49607000    Size:0x1b00000
I//lib/ld-linux.so.3(  748): MVD Buffer:0x4b107000      Size:0x800000
I//lib/ld-linux.so.3(  748): TSP FW Buffer:0x411d7000   Size:0x70000
I//lib/ld-linux.so.3(  748): Data Buffer:0x163d1000     Size:0x36f000
I//lib/ld-linux.so.3(  748): Attached File Buffer Size:0xffffffff
I//lib/ld-linux.so.3(  748): -> Demuxer:0x164f8000      Size:0x248000
I//lib/ld-linux.so.3(  748): -> SeqHeader:0x43fd8000    Size:0x1000
I//lib/ld-linux.so.3(  748): -> MOV Table:0x49607000    Size:0x1b00000
I//lib/ld-linux.so.3(  748): -> MOV Static:0x43fd9000   Size:0x100000
I//lib/ld-linux.so.3(  748): -> DRM Payload:0x440d9000  Size:0x4000
I//lib/ld-linux.so.3(  748): -> DRM Playback Context:0x440dd000 Size:0x1000
I//lib/ld-linux.so.3(  748): -> MADExtend:0x440df000    Size:0x20000
I//lib/ld-linux.so.3(  748): -> NonCache Area:0x440de000        Size:0x1000
I//lib/ld-linux.so.3(  748): -> Reserved Size:0x0
I//lib/ld-linux.so.3(  748): ==============================================================================================
I//lib/ld-linux.so.3(  748): Initialize TS HW
I//lib/ld-linux.so.3(  748): HAL_VPU_EX_SetDbgLevel eLevel=0x1
I//lib/ld-linux.so.3(  748): Load AAC Audio Codec.
I//lib/ld-linux.so.3(  748): ========AAC Audio Codec========
I//lib/ld-linux.so.3(  748): ===== Check Audio Decoder Protection from hash-key IP =====
I//lib/ld-linux.so.3(  748): Hash-key Support DD.
I//lib/ld-linux.so.3(  748): Hash-key Support DD+.
I//lib/ld-linux.so.3(  748): Hash-key Support Generic HE-AAC !!
I//lib/ld-linux.so.3(  748): Hash-key Support WMA.
I//lib/ld-linux.so.3(  748): Hash-key Support DRA.
I//lib/ld-linux.so.3(  748): ===== Check Protection IP End                         =====
I//lib/ld-linux.so.3(  748): ******Amplifier_TI5707_SWMute(0)
I//lib/ld-linux.so.3(  748): 5707write fail = 7
I//lib/ld-linux.so.3(  748): 5707write fail = 7
I//lib/ld-linux.so.3(  748): 5707write fail = 7
I//lib/ld-linux.so.3(  748): 5707write fail = 7
I//lib/ld-linux.so.3(  748): 5707write fail = 6
I//lib/ld-linux.so.3(  748): DS enable = 1
I//lib/ld-linux.so.3(  748): Blocking Read: 50, size: 0x4000.
I//lib/ld-linux.so.3(  748): To ask Dynscaling Size from vdec  0xc00
I//lib/ld-linux.so.3(  748): To check Dynscaling by vdec
I//lib/ld-linux.so.3(  748): Size(640x368), Disp(640x368), Par(1x1), FrameRate:29970, Interlace:0
I//lib/ld-linux.so.3(  748): 1st sequence header Decode Ready!! **
I//lib/ld-linux.so.3(  748): [CI][HbbTV-VOD]<INFO>:[1369616647.545851] MM init done
D/MstarPlayer(  744): Get E_EVENT_INIT_OK event.
D/DataSource_M3U8(  744): 
D/DataSource_M3U8(  744):  notify : 0 
D/IMMPlayer(  744): Send MM_EnableSubtitleShow
D/IMMPlayer(  744): u32Item:1
D/IMMPlayer(  744): bEnable:1
D/IMMPlayer(  744): Get ret:1
D/MstarPlayer(  744): <<<<<set init done flag
D/MstarPlayer(  744): <<<<<<<<<Init done
D/IMMPlayer(  744): Send MM_GetMetaData
D/IMMPlayer(  744): u32Item:1
D/IMMPlayer(  744): eMetadata:11
D/IMMPlayer(  744): u32BuffSize:4
D/IMMPlayer(  744): Get ret:0
D/IMMPlayer(  744): Send MM_GetMetaData
D/IMMPlayer(  744): u32Item:1
D/IMMPlayer(  744): eMetadata:12
D/IMMPlayer(  744): u32BuffSize:4
D/IMMPlayer(  744): Get ret:0
D/MediaPlayerService(  744): [97] notify (0xa390c0, 5, 640, 368)
D/MstarPlayer(  744): MstarPlayer::initRender
V/MediaControler( 2006): onVideoSizeChanged called
I//lib/ld-linux.so.3(  748): E_CPCODEC_MSG_INIT_OK: 150301750.
D/MstarPlayer(  744): MstarPlayer::initRender Done.
D/MstarPlayer(  744): prepare done....video size 640,368
D/MediaPlayerService(  744): [97] notify (0xa390c0, 1, 0, 0)
D/MediaControler( 2006): onPrepared ok
D/MediaControler( 2006): width:640
D/MediaControler( 2006): height:368
D/MediaControler( 2006): start play
D/MstarPlayer(  744): MstarPlayer::setLooping=0
D/MstarPlayer(  744): playerType
D/MstarPlayer(  744): MstarPlayer::setLooping=0
D/IMMPlayer(  744): Send MM_Play
D/IMMPlayer(  744): u32Item:1
D/IMMPlayer(  744): Get ret:0
D/MediaControler( 2006): start play
D/VideoPlayer( 2006): onPlayStart
I//lib/ld-linux.so.3(  748): mapi_cpcodec::Play(): 150301755.
I//lib/ld-linux.so.3(  748): [CI][HbbTV-VOD]<INFO>:[1369616647.601440] MM play start
D/Test    ( 2006): request Url  :http://cibn-iepg.coship.com:8088/msis/getRelateAsset?version=V001&terminalType=1&resolution=1280*720&userCode=20130502211502246018&resourceCode=12520&authKey=753220d723c7d967fc6764f80b4e8113
I//lib/ld-linux.so.3(  748): MApp_VDPlayer_Play
I//lib/ld-linux.so.3(  748): [CI][HbbTV-VOD]<INFO>:[1369616647.617853] MM setup display start
I//lib/ld-linux.so.3(  748): Display Msg: 33.
I//lib/ld-linux.so.3(  748): Screen Setting: 1.
I//lib/ld-linux.so.3(  748): Set Black Screen ON.
D/MediaControler( 2006): surfaceChanged
I//lib/ld-linux.so.3(  748): Video set up display.
I//lib/ld-linux.so.3(  748): Scaler frame buffer mode.
I//lib/ld-linux.so.3(  748): stDisplayInfo.u32OutputRate: 0.
I//lib/ld-linux.so.3(  748): Display Msg: 28.
I//lib/ld-linux.so.3(  748):  DS:IP on 1, OP on 1, depth=16
I//lib/ld-linux.so.3(  748): Video Width: 640, Height: 368, FrameRate: 29970, Interlace: 0.
I//lib/ld-linux.so.3(  748): crop: left=0, right=0, top=0, bottom=0
I//lib/ld-linux.so.3(  748): Video Type: 2.
I//lib/ld-linux.so.3(  748): set E_VIDEO_ASPECT_RATIO_16x9
I//lib/ld-linux.so.3(  748): Video Aspect Ratio: 16x9.
I//lib/ld-linux.so.3(  748): 1. Display Rect: x: 0, y: 0, width: 1280, height: 720.
I//lib/ld-linux.so.3(  748): 2. Display Rect: x: 0, y: 0, width: 1280, height: 720.
I//lib/ld-linux.so.3(  748): CropRect u16X=0, u16Y=0, u16Width=640, u16Height=368
I//lib/ld-linux.so.3(  748): DispRect u16X=0, u16Y=0, u16Width=1280, u16Height=720
I//lib/ld-linux.so.3(  748): Scaler start: 0x17bc1000, size: 0x1800000.
I//lib/ld-linux.so.3(  748): MVOP switch to MIU 0.
I//lib/ld-linux.so.3(  748): ->u16FrameRate = 29970
I//lib/ld-linux.so.3(  748): ->u8Interlace = 0
I//lib/ld-linux.so.3(  748): ->u16HorSize = 1920
I//lib/ld-linux.so.3(  748): ->u16VerSize = 1080
I//lib/ld-linux.so.3(  748): Crop Win, X: 0, Y: 0, W: 640, H: 368.
I//lib/ld-linux.so.3(  748): Diso Win, X: 0, Y: 0, W: 1280, H: 720.
I//lib/ld-linux.so.3(  748): [MApi_Video] CropWin assigned: x,y,w,h=0,0,640,368
I//lib/ld-linux.so.3(  748): [MApi_Video] DstWin assigned: x,y,w,h=0,0,1280,720
I//lib/ld-linux.so.3(  748): [MApi_Video] SrcWin1[Win=0]: x,y,w,h=152,18,1920,1080
I//lib/ld-linux.so.3(  748): [MApi_Video] CropWin1: x,y,w,h=0,0,640,368
I//lib/ld-linux.so.3(  748): [MApi_Video] DispWin1: x,y,w,h=0,0,1280,720
I//lib/ld-linux.so.3(  748): === open 3D OverScan ===
I//lib/ld-linux.so.3(  748): [MApi_Video] SrcWin2: x,y,w,h=152,18,1920,1080
I//lib/ld-linux.so.3(  748): [MApi_Video] CropWin2: x,y,w,h=0,0,640,368
I//lib/ld-linux.so.3(  748): [MApi_Video] DispWin2: x,y,w,h=0,0,1280,720
I//lib/ld-linux.so.3(  748): [MApi_Video] SrcWin3: x,y,w,h=152,18,1920,1080
I//lib/ld-linux.so.3(  748): [MApi_Video] CropWin3: x,y,w,h=0,0,640,368
I//lib/ld-linux.so.3(  748): [MApi_Video] DispWin3: x,y,w,h=0,0,1280,720
I//lib/ld-linux.so.3(  748): [MApi_Video] SrcWin5[Win=0]: x,y,w,h=152,18,1920,1080
I//lib/ld-linux.so.3(  748): [MApi_Video] CropWin5: x,y,w,h=0,0,640,368
I//lib/ld-linux.so.3(  748): [MApi_Video] DispWin5: x,y,w,h=0,0,1280,720
I//lib/ld-linux.so.3(  748): [MApi_Video] DLC cap Hstart=1, Hend=501, Vstart=5a, Vend=276
I//lib/ld-linux.so.3(  748):  ****** MApi_SC_ForceFreerun  TRUE ****** 
I//lib/ld-linux.so.3(  748): SetWindow
I//lib/ld-linux.so.3(  748): [MApi_Video] CropWin assigned: x,y,w,h=0,0,640,368
I//lib/ld-linux.so.3(  748): [MApi_Video] DstWin assigned: x,y,w,h=0,0,1280,720
I//lib/ld-linux.so.3(  748): [MApi_Video] SrcWin1[Win=0]: x,y,w,h=152,18,1920,1080
I//lib/ld-linux.so.3(  748): [MApi_Video] CropWin1: x,y,w,h=0,0,640,368
I//lib/ld-linux.so.3(  748): [MApi_Video] DispWin1: x,y,w,h=0,0,1280,720
I//lib/ld-linux.so.3(  748): === open 3D OverScan ===
I//lib/ld-linux.so.3(  748): [MApi_Video] SrcWin2: x,y,w,h=152,18,1920,1080
I//lib/ld-linux.so.3(  748): [MApi_Video] CropWin2: x,y,w,h=0,0,640,368
I//lib/ld-linux.so.3(  748): [MApi_Video] DispWin2: x,y,w,h=0,0,1280,720
I//lib/ld-linux.so.3(  748): [MApi_Video] SrcWin3: x,y,w,h=152,18,1920,1080
I//lib/ld-linux.so.3(  748): [MApi_Video] CropWin3: x,y,w,h=0,0,640,368
I//lib/ld-linux.so.3(  748): [MApi_Video] DispWin3: x,y,w,h=0,0,1280,720
I//lib/ld-linux.so.3(  748): [MApi_Video] SrcWin5[Win=0]: x,y,w,h=152,18,1920,1080
I//lib/ld-linux.so.3(  748): [MApi_Video] CropWin5: x,y,w,h=0,0,640,368
I//lib/ld-linux.so.3(  748): [MApi_Video] DispWin5: x,y,w,h=0,0,1280,720
I//lib/ld-linux.so.3(  748): [MApi_Video] DLC cap Hstart=1, Hend=501, Vstart=5a, Vend=276
I//lib/ld-linux.so.3(  748):  ****** MApi_SC_ForceFreerun  TRUE ****** 
I//lib/ld-linux.so.3(  748): DS_UpdateXCStatus, eCmd=1
I//lib/ld-linux.so.3(  748): Read Bandwidthtable.bin
I//lib/ld-linux.so.3(  748): enPQMNRType is 1
I//lib/ld-linux.so.3(  748): enPQFLType is 1
I//lib/ld-linux.so.3(  748):    [Plugins_PatchPQ]Customer Path PQ Add here
D/MstarPlayer(  744): Get E_EVENT_DECODE_FIRST_FRAME_DONE event.
D/MstarPlayer(  744): Read DisplayRectangle FIFO x 0, y 0, w 1280, h 720
D/MstarPlayer(  744): setDisplayRectangle  x 0, y 0, w 1280, h 720
D/IMMPlayer(  744): Send MM_SetDisplayRectangle
D/IMMPlayer(  744): u32Item:1
D/IMMPlayer(  744): stRect u16X:0
D/IMMPlayer(  744): stRect u16Y:0
D/IMMPlayer(  744): stRect u16Height:720
D/IMMPlayer(  744): stRect u16Width:1280
I//lib/ld-linux.so.3(  748): set E_VIDEO_ASPECT_RATIO_16x9
I//lib/ld-linux.so.3(  748): Video Aspect Ratio: 16x9.
I//lib/ld-linux.so.3(  748): 1. Display Rect: x: 0, y: 0, width: 1280, height: 720.
I//lib/ld-linux.so.3(  748): 2. Display Rect: x: 0, y: 0, width: 1280, height: 720.
I//lib/ld-linux.so.3(  748): CropRect u16X=0, u16Y=0, u16Width=640, u16Height=368
I//lib/ld-linux.so.3(  748): DispRect u16X=0, u16Y=0, u16Width=1280, u16Height=720
I//lib/ld-linux.so.3(  748): Crop Win, X: 0, Y: 0, W: 640, H: 368.
I//lib/ld-linux.so.3(  748): Diso Win, X: 0, Y: 0, W: 1280, H: 720.
I//lib/ld-linux.so.3(  748): [MApi_Video] CropWin assigned: x,y,w,h=0,0,640,368
I//lib/ld-linux.so.3(  748): [MApi_Video] DstWin assigned: x,y,w,h=0,0,1280,720
I//lib/ld-linux.so.3(  748): [MApi_Video] SrcWin1[Wi[150302.685004] IR: [03932] scan key value is 0xec13c936 
[150302.685009]  n=0]: x,y,w,h=152,18,1920,1080
I//lib/ld-linux.so.3(  748): [MApi_Video] CropWin1: x,y,w,h=0,0,640,368
I//lib/ld-linux.so.3(  748): [MApi_Video] DispWin1: x,y,w,h=0,0,1280,720
I//lib/ld-linux.so.3(  748): === open 3D OverScan ===
I//lib/ld-linux.so.3(  748): [MApi_Video] SrcWin2: x,y,w,h=152,18,1920,1080
I//lib/ld-linux.so.3(  748): [MApi_Video] CropWin2: x,y,w,h=0,0,640,368
I//lib/ld-linux.so.3(  748): [MApi_Video] DispWin2: x,y,w,h=0,0,1280,720
I//lib/ld-linux.so.3(  748): [MApi_Video] SrcWin3: x,y
[150302.737506] IR: [03932] scan key value is 0xec13c936 
[150302.737511]  ,w,h=152,18,1920,1080
I//lib/ld-linux.so.3(  748): [MApi_Video] CropWin3: x,y,w,h=0,0,640,368
I//lib/ld-linux.so.3(  748): [MApi_Video] DispWin3: x,y,w,h=0,0,1280,720
I//lib/ld-linux.so.3(  748): [MApi_Video] SrcWin5[Win=0]: x,y,w,h=152,18,1920,1080
I//lib/ld-linux.so.3(  748): [MApi_Video] CropWin5: x,y,w,h=0,0,640,368
I//lib/ld-linux.so.3(  748): [MApi_Video] DispWin5: x,y,w,h=0,0,1280,720
I//lib/ld-linux.so.3(  748): 2. Set up display: 150302196.
I//lib/ld-linux.so.3(  748): Display Msg: 46.
I//lib/ld-linux.so.3(  748): DS_UpdateXCStatus, eCmd=2
I//lib/ld-linux.so.3(  748): [CI][HbbTV-VOD]<INFO>:[1369616648.051372] MM setup display done
I//lib/ld-linux.so.3(  748): Video is in playing state.
I//lib/ld-linux.so.3(  748): FrmCnt:7(0,0,0) Rate:67 Sys:150302232 STC:0 VPTS:-1 APTS:0 Delay:32(33) V:0 A:3 VES:0xf520 AES:0x3510 PCM:0x18500 AudioErr:0x0
D/MstarPlayer(  744): E_EVENT_PLAYING_OK
I//lib/ld-linux.so.3(  748): [MApi_Video] DLC cap Hstart=1, Hend=501, Vstart=5a, Vend=276
I//lib/ld-linux.so.3(  748):  ****** MApi_SC_ForceFreerun  TRUE ****** 
D/MstarPlayer(  744): MstarPlayer::getDuration  mFlag: 0x5
D/VideoPlayer( 2006): onPlayStart duration:2771 timeCode:0
I//lib/ld-linux.so.3(  748): STC Updated by Video: (476->3068)
I//lib/ld-linux.so.3(  748): 1st Decode & Display Ready!!
I//lib/ld-linux.so.3(  748): Audio Sync STC mode.(TS) 
I//lib/ld-linux.so.3(  748): DS_UpdateXCStatus, eCmd=1
I//lib/ld-linux.so.3(  748): Clr Sync STC
D/IMMPlayer(  744): Get ret:0
D/Downloader(  744): Downloadserver bandWidth:5303186
D/Downloader(  744): Downloadserver bandWidth:5303186
D/Downloader(  744): Downloadserver bandWidth:5303186
D/Downloader(  744): Downloadserver bandWidth:5300555
D/DataSource_M3U8(  744): u32HLSSreamNum[0]===>u32BandWidth:1433000 
D/DataSource_M3U8(  744): getHLSPlayListInex  DownloadBandWidth:5300555   uInDex=0
D/DataSource_M3U8(  744): [M3U8] checkShouldStartNext :[1](1335740/1335740)   sequence:0  start next:2  
D/DataSource_M3U8(  744): 
D/DataSource_M3U8(  744): 
D/DataSource_M3U8(  744): 
D/DataSource_M3U8(  744): [M3U8]-7----->This :0x7e5a08 --> post cmd for start next url:http://cibn-iss1.longvisionmedia.com:8088/vod/CIBN2013_CIBN2013040701144642_1433/2.ts, knowedFileSize:0, mCurDowningIndex:1
D/DataSource_M3U8(  744): 
D/DataSource_M3U8(  744): 
D/Downloader(  744): [downloadThread]Downloader::removeTask  
D/Downloader(  744): [downloadThread]StartTask:url :http://cibn-iss1.longvisionmedia.com:8088/vod/CIBN2013_CIBN2013040701144642_1433/2.ts
D/Downloader(  744): [downloadThread]task have range string:0- 
D/InputEventConsistencyVerifier( 2006): KeyEvent: ACTION_UP but key was not down.
D/InputEventConsistencyVerifier( 2006):   in com.android.internal.policy.impl.PhoneWindow$DecorView@4317b6f8
D/InputEventConsistencyVerifier( 2006):   0: sent at 150302900000000, KeyEvent { action=ACTION_UP, keyCode=KEYCODE_ENTER, scanCode=28, metaState=0, flags=0x8, repeatCount=0, eventTime=150302900, downTime=150302687, deviceId=1, source=0x101 }
D/MonitorCw880( 5694): counter=2 && isHeartbeatTimeout=true
D/Downloader(  744): header_callback : -->HTTP/1.0 206 Partial Content
D/Downloader(  744): 
D/Downloader(  744): header_callback : -->Server: nginx/1.2.2
D/Downloader(  744): 
D/Downloader(  744): header_callback : -->Date: Mon, 27 May 2013 01:04:10 GMT
D/Downloader(  744): 
D/Downloader(  744): header_callback : -->Content-Type: application/octet-stream
D/Downloader(  744): 
D/Downloader(  744): header_callback : -->Powered-By-ChinaCache: MISS from CHN-NT-3-3FC
D/Downloader(  744): 
D/Downloader(  744): header_callback : -->Content-Range: bytes 0-822311/822312
D/Downloader(  744): 
D/Downloader(  744): header_callback : -->Content-Length: 822312
D/Downloader(  744): 
D/Downloader(  744): header_callback : -->Powered-By-ChinaCache: MISS from CHN-DG-4-35I
D/Downloader(  744): 
D/Downloader(  744): header_callback : -->Connection: keep-alive
D/Downloader(  744): 
D/Downloader(  744): header_callback : -->
D/Downloader(  744): 
D/DataSource_M3U8(  744): 
D/DataSource_M3U8(  744):  Warnig::  getValidBufferLength()  <  Codec require !!!
I//lib/ld-linux.so.3(  748): Display Msg: 33.
I//lib/ld-linux.so.3(  748): Screen Setting: 1.
I//lib/ld-linux.so.3(  748): 2. Set Black Screen OFF.
D/Downloader(  744): Downloadserver bandWidth:9465461
D/Downloader(  744): Downloadserver bandWidth:9465461
D/Downloader(  744): Downloadserver bandWidth:9451862
D/Downloader(  744): Downloadserver bandWidth:9451862
I//lib/ld-linux.so.3(  748): [CI][HbbTV-VOD]<INFO>:[1369616649.451720] MM play done
I//lib/ld-linux.so.3(  748): FrmCnt:47(0,5,8) Rate:26 Sys:150303747 STC:4551 VPTS:4336 APTS:4536 Delay:-182(33) V:0 A:1 VES:0x9a8a0 AES:0x8020 PCM:0x4b980 AudioErr:0x0
D/DataSource_M3U8(  744): u32HLSSreamNum[0]===>u32BandWidth:1433000 
D/DataSource_M3U8(  744): getHLSPlayListInex  DownloadBandWidth:9451862   uInDex=0
D/DataSource_M3U8(  744): [M3U8] checkShouldStartNext :[2](822312/822312)   sequence:0  start next:3  
D/DataSource_M3U8(  744): 
D/DataSource_M3U8(  744): 
D/DataSource_M3U8(  744): 
D/DataSource_M3U8(  744): [M3U8]-7----->This :0x7e5a08 --> post cmd for start next url:http://cibn-iss1.longvisionmedia.com:8088/vod/CIBN2013_CIBN2013040701144642_1433/3.ts, knowedFileSize:0, mCurDowningIndex:2
D/DataSource_M3U8(  744): 
D/DataSource_M3U8(  744): 
D/Downloader(  744): [downloadThread]Downloader::removeTask  
D/Downloader(  744): [downloadThread]StartTask:url :http://cibn-iss1.longvisionmedia.com:8088/vod/CIBN2013_CIBN2013040701144642_1433/3.ts
D/Downloader(  744): [downloadThread]task have range string:0- 
D/Downloader(  744): header_callback : -->HTTP/1.0 206 Partial Content
D/Downloader(  744): 
D/Downloader(  744): header_callback : -->Server: nginx/1.2.2
D/Downloader(  744): 
D/Downloader(  744): head
[150304.156160] IR: [03932] scan key value is 0xec13c936 
[150304.156165]  er_callback : -->Date: Mon, 27 May 2013 01:04:11 GMT
D/Downloader(  744): 
D/Downloader(  744): header_callback : -->Content-Type: application/octet-stream
D/Downloader(  744): 
D/Downloader(  744): header_callback : -->Powered-By-ChinaCache: MISS from CHN-BI-3-3n4
D/Downloader(  744): 
D/Downloader(  744): header_callback : -->Content-Range: bytes 0-1080247/1080248
D/Downloader(  744): 
D/Downloader(  744): header_callback : -->Content-Length: 1080248
D/Downloader(  744): 
D/Downloader(  744): header_callba
[150304.208690] IR: [03932] scan key value is 0xec13c936 
[150304.208696]  ck : -->Powered-By-ChinaCache: MISS from CHN-DG-4-35I
D/Downloader(  744): 
D/Downloader(  744): header_callback : -->Connection: keep-alive
D/Downloader(  744): 
D/Downloader(  744): header_callback : -->
D/Downloader(  744): 
D/dalvikvm( 1142): GC_CONCURRENT freed 400K, 79% free 1310K/6019K, paused 4ms+1ms
D/InputEventConsistencyVerifier( 2006): KeyEvent: ACTION_UP but key was not down.
D/InputEventConsistencyVerifier( 2006):   in com.android.internal.policy.impl.PhoneWindow$DecorView@4317b6f8
D/InputEventConsistencyVerifier( 2006):   0: sent at 150304372000000, KeyEvent { action=ACTION_UP, keyCode=KEYCODE_ENTER, scanCode=28, metaState=0, flags=0x8, repeatCount=0, eventTime=150304372, downTime=150304157, deviceId=1, source=0x101 }
D/InputEventConsistencyVerifier( 2006):   -- recent events --
D/InputEventConsistencyVerifier( 2006):   1: sent at 150302900000000, (unhandled) KeyEvent { action=ACTION_UP, keyCode=KEYCODE_ENTER, scanCode=28, metaState=0, flags=0x80000008, repeatCount=0, eventTime=150302900, downTime=150302687, deviceId=1, source=0x101 }
D/dalvikvm( 1142): GC_CONCURRENT freed 392K, 77% free 1415K/6019K, paused 2ms+2ms
D/HomePlayerLib( 1142): hostaddress count is 2
D/dalvikvm( 1142): GC_CONCURRENT freed 462K, 76% free 1464K/6019K, paused 1ms+1ms
D/DataSource_M3U8(  744): 
D/DataSource_M3U8(  744):  Warnig::  getValidBufferLength()  <  Codec require !!!
D/dalvikvm( 1142): GC_CONCURRENT freed 529K, 78% free 1380K/6019K, paused 1ms+1ms
D/dalvikvm( 1142): GC_CONCURRENT freed 458K, 77% free 1429K/6019K, paused 1ms+1ms
D/dalvikvm( 1142): GC_CONCURRENT freed 477K, 76% free 1462K/6019K, paused 1ms+1ms
D/dalvikvm( 1142): GC_CONCURRENT freed 534K, 77% free 1439K/6019K, paused 1ms+1ms
D/MonitorCw880( 5694): counter=2 && isHeartbeatTimeout=true
D/dalvikvm( 1142): GC_CONCURRENT freed 515K, 78% free 1358K/6019K, paused 6ms+1ms
D/dalvikvm( 1142): GC_CONCURRENT freed 446K, 77% free 1418K/6019K, paused 1ms+1ms

[150305.161977] IR: [03932] scan key value is 0xeb14c936 
[150305.161982]  D/dalvikvm( 1142): GC_CONCURRENT freed 493K, 77% free 1421K/6019K, paused 1ms+1ms

[150305.214483] IR: [03932] scan key value is 0xeb14c936 
[150305.214487]  D/dalvikvm( 1142): GC_CONCURRENT freed 481K, 78% free 1375K/6019K, paused 2ms+2ms
I//lib/ld-linux.so.3(  748): FrmCnt:96(0,6,11) Rate:32 Sys:150305252 STC:6055 VPTS:6037 APTS:6045 Delay:15(33) V:0 A:29 VES:0x12b6d0 AES:0x7f80 PCM:0x4bd00 AudioErr:0x0

[150305.322692] IR: [03932] scan key value is 0xeb14c936 
[150305.322698]  D/dalvikvm( 1142): GC_CONCURRENT freed 426K, 77% free 1413K/6019K, paused 1ms+1ms
D/dalvikvm( 1142): GC_CONCURRENT
[150305.430871] IR: [03932] scan key value is 0xeb14c936 
[150305.430876]   freed 492K, 77% free 1429K/6019K, paused 1ms+1ms

[150305.539072] IR: [03932] scan key value is 0xeb14c936 
[150305.539076]  D/dalvikvm( 1142): GC_CONCURRENT freed 493K, 78% free 1331K/6019K, paused 1ms+1ms
D/dalvikvm( 1142): GC_FOR_ALLOC freed 498K, 78% 
[150305.647284] IR: [03932] scan key value is 0xeb14c936 
[150305.647288]  free 1341K/6019K, paused 12ms
D/Downloader(  744): Downloadserver bandWidth:4943926
D/Downloader(  744): Downloadserver bandWidth:4943926
D/Downloader(  744): Downloadserver bandWidth:4943926
D/Downloader(  744): Downloadserver bandWidth:4943926
D/DataSource_M3U8(  744): 
D/DataSource_M3U8(  744):  Warnig::  getValidBufferLength()  <  Codec require !!!
D/dalvikvm( 1142): GC_CONCURRENT freed 5K, 75% free 1521K/6019K, paused 1ms+1ms

[150305.755485] IR: [03932] scan key value is 0xeb14c936 
[150305.755490]  D/dalvikvm( 1142): GC_CONCURRENT freed 601K, 78% free 1333K/6019K, paused 1ms+2ms

[150305.863656] IR: [03932] scan key value is 0xeb14c936 
[150305.863661]  D/dalvikvm( 1142): GC_CONCURRENT freed 384K, 76% free 1460K/6019K, paused 1ms+2ms
D/DataSource_M3U8(  744): u32HLSSreamNum[0]===>u32BandWidth:1433000 
D/DataSource_M3U8(  744): getHLSPlayListInex  DownloadBandWidth:4943926   uInDex=0
D/DataSource_M3U8(  744): [M3U8] checkShouldStartNext :[3](1080248/1080248)   sequence:0  start next:4  
D/DataSource
[150305.971870] IR: [03932] scan key value is 0xeb14c936 
[150305.971875]  _M3U8(  744): 
D/DataSource_M3U8(  744): 
D/DataSource_M3U8(  744): 
D/DataSource_M3U8(  744): [M3U8]-7----->This :0x7e5a08 --> post cmd for start next url:http://cibn-iss1.longvisionmedia.com:8088/vod/CIBN2013_CIBN2013040701144642_1433/4.ts, knowedFileSize:0, mCurDowningIndex:3
D/DataSource_M3U8(  744): 
D/DataSource_M3U8(  744): 
D/Downloader(  744): [downloadThread]Downloader::removeTask  
D/Downloader(  744): [downloadThread]StartTask:url :http://cibn-iss1.longvisionmedia.com:8088/vod/CIBN2013_CIBN2013040701144642_1433/4.ts
D/Downloader(  744): [downloadThread]task have range string:0- 

[150306.080045] IR: [03932] scan key value is 0xeb14c936 
[150306.080050]  D/dalvikvm( 1142): GC_CONCURRENT freed 536K, 75% free 1553K/6019K, paused 1ms+1ms
D/dalvikvm( 1142): GC_CONCURRENT freed 614K, 77% free 1389K/6019K, paused 16ms+2ms

[150306.188238] IR: [03932] scan key value is 0xeb14c936 
[150306.188244]  D/Downloader(  744): header_callback : -->HTTP/1.0 206 Partial Content
D/Downloader(  744): 
D/Downloader(  744): header_callback : -->Server: nginx/1.2.2
D/Downloader(  744): 
D/Downloader(  744): header_callback : -->Date: Mon, 27 May 2013 01:04:13 GMT
D/Downloader(  744): 
D/Downloader(  744): header_callback : -->Content-Type: application/octet-stream
D/Downloader(  744): 
D/Downloader(  744): header_callback : -->Powered-By-ChinaCache: MISS from CHN-BI-3-3n4
D/Downloader(  744): 
D/Downloader(  744): header_callback : -->Content-Range: bytes 0-991135/991136
D/Downloader(  744): 
D/Downloader(  744): header_callback : -->Content-Length: 991136
D/Downloader(  744): 
D/Downloader(  744): header_callback : -->Powered-By-ChinaCache: MISS from CHN-DG-4-35I
D/Downloader(  744): 
D/Downloader(  744): header_callback : -->Connection: keep-alive
D/Downloader(  744): 
D/Downloader(  744): header_callback : -->
D/Downloader(  744): 
D/dalvikvm( 1142): GC_CONCURRENT freed 455K, 78% free 1369K/6019K, paused 1ms+2ms

[150306.296426] IR: [03932] scan key value is 0xeb14c936 
[150306.296431]  D/dalvikvm( 1142): GC_CONCURRENT freed 433K, 78% free 1375K/6019K, paused 7ms+1ms

[150306.404639] IR: [03932] scan key value is 0xeb14c936 
[150306.404643]  D/dalvikvm( 1142): GC_CONCURRENT freed 453K, 77% free 1392K/6019K, paused 1ms+3ms

[150306.512827] IR: [03932] scan key value is 0xeb14c936 
[150306.512832]  D/dalvikvm( 1142): GC_CONCURRENT freed 467K, 77% free 1433K/6019K, paused 1ms+1ms

[150306.621020] IR: [03932] scan key value is 0xeb14c936 
[150306.621025]  D/dalvikvm( 1142): GC_CONCURRENT freed 491K, 78% free 1327K/6019K, paused 2ms+1ms

[150306.729207] IR: [03932] scan key value is 0xeb14c936 
[150306.729212]  D/DataSource_M3U8(  744): 
D/DataSource_M3U8(  744):  Warnig::  getValidBufferLength()  <  Codec require !!!
I//lib/ld-linux.so.3(  748): FrmCnt:142(0,6,11) Rate:30 Sys:150306766 STC:7570 VPTS:7572 APTS:7556 Delay:35(33) V:0 A:48 VES:0x19f900 AES:0x8010 PCM:0x4b080 AudioErr:0x0
D/dalvikvm( 1142): GC_CONCURRENT freed 404K, 78% free 1348K/6019K, paused 2ms+1ms

[150306.837406] IR: [03932] scan key value is 0xeb14c936 
[150306.837412]  
[150306.945572] IR: [03932] scan key value is 0xeb14c936 
[150306.945577]  D/dalvikvm( 1142): GC_CONCURRENT freed 418K, 77% free 1442K/6019K, paused 1ms+2ms
D/MonitorCw880( 5694): counter=2 && isHeartbeatTimeout=true

[150307.053788] IR: [03932] scan key value is 0xeb14c936 
[150307.053793]  D/dalvikvm( 1142): GC_CONCURRENT freed 484K, 76% free 1455K/6019K, paused 1ms+20ms

[150307.161975] IR: [03932] scan key value is 0xeb14c936 
[150307.161980]  D/dalvikvm( 1142): GC_CONCURRENT freed 500K, 77% free 1396K/6019K, paused 1ms+3ms

[150307.270172] IR: [03932] scan key value is 0xeb14c936 
[150307.270178]  
[150307.378367] IR: [03932] scan key value is 0xeb14c936 
[150307.378372]  D/dalvikvm( 1142): GC_CONCURRENT freed 468K, 78% free 1366K/6019K, paused 1ms+1ms
D/Downloader(  744): Downloadserver bandWidth:5192592
D/Downloader(  744): Downloadserver bandWidth:5192592
D/
[150307.486554] IR: [03932] scan key value is 0xeb14c936 
[150307.486560]  Downloader(  744): Downloadserver bandWidth:5192592
D/Downloader(  744): Downloadserver bandWidth:5192592
D/dalvikvm( 1142): GC_CONCURRENT freed 435K, 78% free 1324K/6019
[150307.594757] IR: [03932] scan key value is 0xeb14c936 
[150307.594762]  K, paused 1ms+1ms

[150307.702947] IR: [03932] scan key value is 0xeb14c936 
[150307.702953]  D/dalvikvm( 1142): GC_CONCURRENT freed 394K, 77% free 1407K/6019K, paused 1ms+1ms

[150307.811133] IR: [03932] scan key value is 0xeb14c936 
[150307.811138]  
[150307.919302] IR: [03932] scan key value is 0xeb14c936 
[150307.919307]  D/DataSource_M3U8(  744): u32HLSSreamNum[0]===>u32BandWidth:1433000 
D/DataSource_M3U8(  744): getHLSPlayListInex  DownloadBandWidth:5192592   uInDex=0
D/DataSource_M3U8(  744): [M3U8] checkShouldStartNext :[4](991136/991136)   sequence:0  start next:5  
D/DataSource_M3U8(  744): 
D/DataSource_M3U8(  744): 
D/DataSource_M3U8(  744): 
D/DataSource_M3U8(  744): [M3U8]-7----->This :0x7e5a08 --> post cmd for start next url:http://cibn-iss1.longvisionmedia.com:8088/vod/CIBN2013_CIBN2013040701144642_1433/5.ts, knowedFileSize:0, mCurDowningIndex:4
D/DataSource_M3U8(  744): 
D/DataSource_M3U8(  744): 
D/Downloader(  744): [downloadThread]Downloader::removeTask  
D/Downloader(  744): [downloadThread]StartTask:url :http://cibn-iss1.longvisionmedia.com:8088/vod/CIBN2013_CIBN2013040701144642_1433/5.ts
D/Downloader(  744): [downloadThread]task have range string:0- 
D/DataSource_M3U8(  744): 
D/DataSource_M3U8(  744):  Warnig::  getValidBufferLength()  <  Codec require !!!
D/MediaPlayerService(  744): [97] notify (0xa390c0, 3, 2, 0)
D/InputEventConsistencyVerifier( 2006): KeyEvent: ACTION_UP but key was not down.
D/InputEventConsistencyVerifier( 2006):   in com.android.internal.policy.impl.PhoneWindow$DecorView@4317b6f8
D/InputEventConsistencyVerifier( 2006):   0: sent at 150308080000000, KeyEvent { action=ACTION_UP, keyCode=KEYCODE_DPAD_RIGHT, scanCode=106, metaState=0, flags=0x8, repeatCount=0, eventTime=150308080, downTime=150305163, deviceId=1, source=0x101 }
D/InputEventConsistencyVerifier( 2006):   -- recent events --
D/InputEventConsistencyVerifier( 2006):   1: sent at 150304372000000, (unhandled) KeyEvent { action=ACTION_UP, keyCode=KEYCODE_ENTER, scanCode=28, metaState=0, flags=0x80000008, repeatCount=0, eventTime=150304372, downTime=150304157, deviceId=1, source=0x101 }
D/InputEventConsistencyVerifier( 2006):   2: sent at 150302900000000, (unhandled) KeyEvent { action=ACTION_UP, keyCode=KEYCODE_ENTER, scanCode=28, metaState=0, flags=0x80000008, repeatCount=0, eventTime=150302900, downTime=150302687, deviceId=1, source=0x101 }
D/dalvikvm( 1142): GC_CONCURRENT freed 472K, 78% free 1325K/6019K, paused 0ms+1ms
D/Downloader(  744): header_callback : -->HTTP/1.0 206 Partial Content
D/Downloader(  744): 
D/Downloader(  744): header_callback : -->Server: nginx/1.2.2
D/Downloader(  744): 
D/Downloader(  744): header_callback : -->Date: Mon, 27 May 2013 01:04:15 GMT
D/Downloader(  744): 
D/Downloader(  744): header_callback : -->Content-Type: application/octet-stream
D/Downloader(  744): 
D/Downloader(  744): header_callback : -->Powered-By-ChinaCache: MISS from CHN-NT-3-3FC
D/Downloader(  744): 
D/Downloader(  744): header_callback : -->Content-Range: bytes 0-1107883/1107884
D/Downloader(  744): 
D/Downloader(  744): header_callback : -->Content-Length: 1107884
D/Downloader(  744): 
D/Downloader(  744): header_callback : -->Powered-By-ChinaCache: MISS from CHN-DG-4-35I
D/Downloader(  744): 
D/Downloader(  744): header_callback : -->Connection: keep-alive
D/Downloader(  744): 
D/Downloader(  744): header_callback : -->
D/Downloader(  744): 
I//lib/ld-linux.so.3(  748): FrmCnt:187(0,6,11) Rate:29 Sys:150308284 STC:9088 VPTS:9074 APTS:9073 Delay:19(33) V:0 A:75 VES:0x22f9c0 AES:0x7ef0 PCM:0x4ae00 AudioErr:0x0
D/dalvikvm( 1142): GC_CONCURRENT freed 403K, 79% free 1312K/6019K, paused 1ms+1ms
D/dalvikvm( 1142): GC_CONCURRENT freed 396K, 79% free 1310K/6019K, paused 1ms+1ms
D/Downloader(  744): Downloadserver bandWidth:13189095
D/Downloader(  744): Downloadserver bandWidth:13169497
D/Downloader(  744): Downloadserver bandWidth:13169497
D/Downloader(  744): Downloadserver bandWidth:13169497
D/dalvikvm( 1142): GC_CONCURRENT freed 394K, 78% free 1351K/6019K, paused 1ms+1ms
D/dalvikvm( 1142): GC_CONCURRENT freed 434K, 77% free 1419K/6019K, paused 1ms+1ms

[150308.962429] IR: [03932] scan key value is 0xeb14c936 
[150308.962434]  D/DataSource_M3U8(  744): u32HLSSreamNum[0]===>u32BandWidth:1433000 
D/DataSource_M3U8(  744): getHLSPlayListInex  DownloadBandWidth:13169497   uInDex=0
D/DataSource_M3U8(  744): [M3U8] checkShouldStartNext :[5](1107884/1107884)   sequence:0  start next:6  
D/DataSource_M3U8(  744): 
D/DataSource_M3U8(  744): 
D/DataSource_M3U8(  744): 
D/DataSource_M3U8(  744): [M3U8]-7----->This :0x7e5a08 --> post cmd for
[150309.014934] IR: [03932] scan key value is 0xeb14c936 
[150309.014939]   start next url:http://cibn-iss1.longvisionmedia.com:8088/vod/CIBN2013_CIBN2013040701144642_1433/6.ts, knowedFileSize:0, mCurDowningIndex:5
D/DataSource_M3U8(  744): 
D/DataSource_M3U8(  744): 
D/Downloader(  744): [downloadThread]Downloader::removeTask  
D/Downloader(  744): [downloadThread]StartTask:url :http://cibn-iss1.longvisionmedia.com:8088/vod/CIBN2013_CIBN2013040701144642_1433/6.ts
D/Downloader(  744): [downloadThread]task have range string:0- 
D/MonitorCw880( 5694): counter=2 && isHeartbeatTimeout=true
D/dalvikvm( 1142): GC_CONCURRENT freed 486K, 78% free 1325K/6019K, paused 1ms+1ms

[150309.123146] IR: [03932] scan key value is 0xeb14c936 
[150309.123151]  D/Downloader(  744): header_callback : -->HTTP/1.0 206 Partial Content
D/Downloader(  744): 
D/Downloader(  744): header_callback : -->Server: nginx/1.2.2
D/Downloader(  744): 
D/Downloader(  744): header_callback : -->Date: Mon, 27 May 2013 01:04:16 GMT
D/Downloader(  744): 
D/Downloader(  744): header_callback : -->Content-Type: application/octet-stream
D/Downloader(  744): 
D/Downloader(  744): header_callback : -->Powered-By-ChinaCache: MISS from CHN-BI-3-3n4
D/Downloader(  744): 
D/Downloader(  744): header_callback : -->Content-Range: bytes 0-1049415/1049416
D/Downloader(  744): 
D/Downloader(  744): header_callback : -->Content-Length: 1049416
D/Downloader(  744): 
D/Downloader(  744): header_callback : -->Powered-By-ChinaCache: MISS from CHN-DG-4-35I
D/Downloader(  744): 
D/Downloader(  744): header_callback : -->Connection: keep-alive
D/Downloader(  744): 
D/Downloader(  744): header_callback : -->
D/Downloader(  744): 
D/InputEventConsistencyVerifier( 2006): KeyEvent: ACTION_UP but key was not down.
D/InputEventConsistencyVerifier( 2006):   in com.android.internal.policy.impl.PhoneWindow$DecorView@4317b6f8
D/InputEventConsistencyVerifier( 2006):   0: sent at 150309284000000, KeyEvent { action=ACTION_UP, keyCode=KEYCODE_DPAD_RIGHT, scanCode=106, metaState=0, flags=0x8, repeatCount=0, eventTime=150309284, downTime=150308963, deviceId=1, source=0x101 }
D/InputEventConsistencyVerifier( 2006):   -- recent events --
D/InputEventConsistencyVerifier( 2006):   1: sent at 150308080000000, (unhandled) KeyEvent { action=ACTION_UP, keyCode=KEYCODE_DPAD_RIGHT, scanCode=106, metaState=0, flags=0x80000008, repeatCount=0, eventTime=150308080, downTime=150305163, deviceId=1, source=0x101 }
D/InputEventConsistencyVerifier( 2006):   2: sent at 150304372000000, (unhandled) KeyEvent { action=ACTION_UP, keyCode=KEYCODE_ENTER, scanCode=28, metaState=0, flags=0x80000008, repeatCount=0, eventTime=150304372, downTime=150304157, deviceId=1, source=0x101 }
D/InputEventConsistencyVerifier( 2006):   3: sent at 150302900000000, (unhandled) KeyEvent { action=ACTION_UP, keyCode=KEYCODE_ENTER, scanCode=28, metaState=0, flags=0x80000008, repeatCount=0, eventTime=150302900, downTime=150302687, deviceId=1, source=0x101 }
D/dalvikvm( 1142): GC_CONCURRENT freed 404K, 79% free 1312K/6019K, paused 1ms+2ms
D/dalvikvm( 1142): GC_CONCURRENT freed 396K, 79% free 1310K/6019
[150309.494392] IR: [03932] scan key value is 0xeb14c936 
[150309.494397]  K, paused 1ms+2ms

[150309.546919] IR: [03932] scan key value is 0xeb14c936 
[150309.546924]  D/dalvikvm( 1142): GC_CONCURRENT freed 394K, 79% free 1311K/6019K, paused 1ms+2ms
D/InputEventConsistencyVerifier( 2006): KeyEvent: ACTION_UP but key was not down.
D/InputEventConsistencyVerifier( 2006):   in com.android.internal.policy.impl.PhoneWindow$DecorView@4317b6f8
D/InputEventConsistencyVerifier( 2006):   0: sent at 150309708000000, KeyEvent { action=ACTION_UP, keyCode=KEYCODE_DPAD_RIGHT, scanCode=106, metaState=0, flags=0x8, repeatCount=0, eventTime=150309708, downTime=150309497, deviceId=1, source=0x101 }
D/InputEventConsistenc
[150309.772171] IR: [03932] scan key value is 0xeb14c936 
[150309.772177]  yVerifier( 2006):   -- recent events --
D/InputEventConsistencyVerifier( 2006):   1: sent at 150309284000000, (unhandled) KeyEvent { action=ACTION_UP, keyCode=KEYCODE_DPAD_RIGHT, scanCode=106, metaState=0, flags=0x80000008, repeatCount=0, eventTime=150309284, downTime=150308963, deviceId=1, source=0x101 }
D/InputEventConsistencyVerifier( 2006):   2: sent at 150308080000000, (unhandled) KeyEvent { action=ACTION_UP, keyCode=KEYCODE_DPAD_RIGHT, scanCode=106, metaState=0, flags=0x80000008, repeatCount=0, eventTime=150308080, downTime=150305163, deviceId=1, source=0x101 }
D/InputEventConsistencyVerifier( 2006):   3: sent at 150304372000000, (unhandled) KeyEvent { action=ACTION_UP, keyCode=KEYCODE_ENTER, scanCode=28, metaState=0, flags=0x80000008, repeatCount=0, eventTime=150304372, downTime=150304157, deviceId=1, source=0x101 }
D/InputEventConsistencyVerifier( 2006):   4: sent at 150302900000000, (unhandled) KeyEvent { action=ACTION_UP, keyCode=KEYCODE_ENTER, scanCode=28, metaState=0, flags=0x80000008, repeatCount=0, eventTime=150302900, downTime=150302687, deviceId=1, source=0x101 }
D/DataSource_M3U8(  744): 
D/DataSource_M3U8(  744):  Warnig::  getValidBufferLength()  <  Codec require !!!
I//lib/ld-linux.so.3(  748): FrmCnt:232(0,6,11) Rate:29 Sys:150309789 STC:10592 VPTS:10575 APTS:10575 Delay:16(33) V:0 A:103 VES:0x2d21d0 AES:0x8010 PCM:0x4b780 AudioErr:0x0
D/dalvikvm( 1142): GC_CONCURRENT freed 394K, 79% free 1311K/6019K, paused 1ms+1ms
D/InputEventConsistencyVerifier( 2006): KeyEvent: ACTION_UP but key was not down.
D/InputEventConsistencyVerifier( 2006):   in com.android.internal.policy.impl.PhoneWindow$DecorView@4317b6f8
D/InputEventConsistencyVerifier( 2006):   0: sent at 150309932000000, KeyEvent { action=ACTION_UP, keyCode=KEYCODE_DPAD_RIGHT, scanCode=106, metaState=0, flags=0x8, repeatCount=0, eventTime=150309932, downTime=150309773, deviceId=1, source=0x101 }
D/InputEventConsistencyVerifier( 2006):   -- recent events --
D/InputEventConsistency
[150310.002531] IR: [03932] scan key value is 0xeb14c936 
[150310.002537]  Verifier( 2006):   1: sent at 150309708000000, (unhandled) KeyEvent { action=ACTION_UP, keyCode=KEYCODE_DPAD_RIGHT, scanCode=106, metaState=0, flags=0x80000008, repeatCount=0, eventTime=150309708, downTime=150309497, deviceId=1, source=0x101 }
D/InputEventConsistencyVerifier( 2006):   2: sent at 150309284000000, (unhandled) KeyEvent { action=ACTION_UP, keyCode=KEYCODE_DPAD_RIGHT, scanCode=106, metaState=0, flags=0x80000008, repeatCount=0, eventTime=150309284, downTime=150308963, deviceId=1, source=0x101 }
D/InputEventCon
[150310.055060] IR: [03932] scan key value is 0xeb14c936 
[150310.055065]  sistencyVerifier( 2006):   3: sent at 150308080000000, (unhandled) KeyEvent { action=ACTION_UP, keyCode=KEYCODE_DPAD_RIGHT, scanCode=106, metaState=0, flags=0x80000008, repeatCount=0, eventTime=150308080, downTime=150305163, deviceId=1, source=0x101 }
D/InputEventConsistencyVerifier( 2006):   4: sent at 150304372000000, (unhandled) KeyEvent { action=ACTION_UP, keyCode=KEYCODE_ENTER, scanCode=28, metaState=0, flags=0x80000008, repeatCount=0, eventTime=150304372, downTime=150304157, deviceId=1, source=0x101 }
D/InputEventConsistencyVerifier( 2006):   5: sent at 150302900000000, (unhandled) KeyEvent { action=ACTION_UP, keyCode=KEYCODE_ENTER, scanCode=28, metaState=0, flags=0x80000008, repeatCount=0, eventTime=150302900, downTime=150302687, deviceId=1, source=0x101 }
D/InputEventConsistencyVerifier( 2006): KeyEvent: ACTION_UP but key was not down.
D/InputEventConsistencyVerifier( 2006):   in com.android.internal.policy.impl.PhoneWindow$DecorView@4317b6f8
D/InputEventConsistencyVerifier( 2006):   0: sent at 150310216000000, KeyEvent { action=ACTION_UP, keyCode=KEYCODE_DPAD_RIGHT, scanCode=106, metaState=0, flags=0x8, repeatCount=0, eventTime=150310216, downTime=150310004, deviceId=1, source=0x101 }
D/InputEventConsistencyVerifier( 2006):   -- recent events --
D/InputEventConsistencyVerifier( 2006):   1: sent at 150309932000000, (unhandled) KeyEvent { action=ACTION_UP, keyCode=KEYCODE_DPAD_RIGHT, scanCode=106, metaState=0, flags=0x80000008, repeatCount=0, eventTime=150309932, downTime=150309773, deviceId=1, source=0x101 }
D/InputEventConsistencyVerifier( 2006):   2: sent at 150309708000000, (unhandled) KeyEvent { action=ACTION_UP, keyCode=KEYCODE_DPAD_RIGHT, scanCode=106, metaState=0, flags=0x80000008, repeatCount=0, eventTime=150309708, downTime=150309497, deviceId=1, source=0x101 }
D/InputEventConsistencyVerifier( 2006):   3: sent at 150309284000000, (unhandled) KeyEvent { action=ACTION_UP, keyCode=KEYCODE_DPAD_RIGHT, scanCode=106, metaState=0, flags=0x80000008, repeatCount=0, eventTime=150309284, downTime=150308963, deviceId=1, source=0x101 }
D/InputEventConsistencyVerifier( 2006):   4: sent at 150308080000000, (unhandled) KeyEvent { action=ACTION_UP, keyCode=KEYCODE_DPAD_RIGHT, scanCode=106, metaState=0, flags=0x80000008, repeatCount=0, eventTime=150308080, downTime=150305163, deviceId=1, source=0x101 }
D/InputEventConsistencyVerifier( 2006):   5: sent at 150304372000000, (unhandled) KeyEvent { action=ACTION_UP, keyCode=KEYCODE_ENTER, scanCode=28, metaState=0, flags=0x80000008, repeatCount=0, eventTime=150304372, downTime=150304157, deviceId=1, source=0x101 }
D/Downloader(  744): Downloadserver bandWidth:4753866
D/Downloader(  744): Downloadserver bandWidth:4753866
D/Downloader(  744): Downloadserver bandWidth:4753866
D/Downloader(  744): Downloadserver bandWidth:4753866

[150310.841773] IR: [03932] scan key value is 0xec13c936 
[150310.841779]  
[150310.894277] IR: [03932] scan key value is 0xec13c936 
[150310.894282]  D/DataSource_M3U8(  744): u32HLSSreamNum[0]===>u32BandWidth:1433000 
D/DataSource_M3U8(  744): getHLSPlayListInex  DownloadBandWidth:4753866   uInDex=0
D/DataSource_M3U8(  744): [M3U8] checkShouldStartNext :[6](1049416/1049416)   sequence:0  start next:7  
D/DataSource_M3U8(  744): 
D/DataSource_M3U8(  744): 
D/DataSource_M3U8(  744): 
D/DataSource_M3U8(  744): [M3U8]-7----->This :0x7e5a08 --> post cmd for start next url:http://cibn-iss1.longvisionmedia.com:8088/vod/CIBN2013_CIBN2013040701144642_1433/7.ts, knowedFileSize:0, mCurDowningIndex:6
D/DataSource_M3U8(  744): 
D/DataSource_M3U8(  744): 
D/MonitorCw880( 5694): counter=2 && isHeartbeatTimeout=true
D/Downloader(  744): [downloadThread]Downloader::removeTask  
D/Downloader(  744): [downloadThread]StartTask:url :http://cibn-iss1.longvisionmedia.com:8088/vod/CIBN2013_CIBN2013040701144642_1433/7.ts
D/Downloader(  744): [downloadThread]task have range string:0- 
E/MediaControler( 2006): seek:2625000
E/MediaControler( 2006): tmp tmp:2771999
E/MediaControler( 2006): seek actual:2625000
D/MstarPlayer(  744): ==========MstarPlayer::seekTo 2625000
D/MediaPlayerService(  744): [97] notify (0xa390c0, 200, 32773, 0)
D/MstarPlayer(  744): set MS_PLAYER_DO_SEEK:msec=2625000
W/MediaPlayer( 2006): info/warning (32773, 0)
D/VideoPlayer( 2006): onPlayResume
D/IMMPlayer(  744): Send MM_SetTrickMode
D/IMMPlayer(  744): u32Item:1
D/IMMPlayer(  744): stTrickInfo->eMode:1
D/IMMPlayer(  744): stTrickInfo->eSpeed:1
D/IMMPlayer(  744): Get ret:0
D/DataSource_M3U8(  744): =========seekByTime  mBitRate : -1  
D/Downloader(  744): [downloadThread]background worker recv DOWNLOADER_COMMAND_REMOVE_TASK
D/Downloader(  744): [downloadThread]Downloader::removeTask  
D/Downloader(  744): [downloadThread]DOWNLOADER_COMMAND_REMOVE_TASK done
I//lib/ld-linux.so.3(  748): 1. Mode: 1, Speed: 1.
I//lib/ld-linux.so.3(  748): SetTrickMode, Mode: 1, Speed: 1.
I//lib/ld-linux.so.3(  748): Send to Co-processor: eMode: 0, eSpeed: 0.
I/MediaPlayer.java( 2006): Info (32773,0)
I/VideoPlayer( 2006): ??????????????
D/seekOnLoading( 2006): seekOnLoading timer is start!
D/DataSource_M3U8(  744): =========[M3U8]------>post cmd for seek to new url:http://cibn-iss1.longvisionmedia.com:8088/vod/CIBN2013_CIBN2013040701144642_1433/438.ts, knowedFileSize:0, mCurDowningIndex:0
D/Downloader(  744): [downloadThread]Downloader::removeTask  
D/Downloader(  744): [downloadThread]StartTask:url :http://cibn-iss1.longvisionmedia.com:8088/vod/CIBN2013_CIBN2013040701144642_1433/438.ts
D/Downloader(  744): [downloadThread]task have range string:0- 
D/IMMPlayer(  744): Send MM_DemuxReset with bDisableSync
I//lib/ld-linux.so.3(  748): DemuxReset
D/InputEventConsistencyVerifier( 2006): KeyEvent: ACTION_UP but key was not down.
D/InputEventConsistencyVerifier( 2006):   in com.android.internal.policy.impl.PhoneWindow$DecorView@4317b6f8
D/InputEventConsistencyVerifier( 2006):   0: sent at 150311060000000, KeyEvent { action=ACTION_UP, keyCode=KEYCODE_ENTER, scanCode=28, metaState=0, flags=0x8, repeatCount=0, eventTime=150311060, downTime=150310843, deviceId=1, source=0x101 }
D/InputEventConsistencyVerifier( 2006):   -- recent events --
D/InputEventConsistencyVerifier( 2006):   1: sent at 150310216000000, (unhandled) KeyEvent { action=ACTION_UP, keyCode=KEYCODE_DPAD_RIGHT, scanCode=106, metaState=0, flags=0x80000008, repeatCount=0, eventTime=150310216, downTime=150310004, deviceId=1, source=0x101 }
D/InputEventConsistencyVerifier( 2006):   2: sent at 150309932000000, (unhandled) KeyEvent { action=ACTION_UP, keyCode=KEYCODE_DPAD_RIGHT, scanCode=106, metaState=0, flags=0x80000008, repeatCount=0, eventTime=150309932, downTime=150309773, deviceId=1, source=0x101 }
D/InputEventConsistencyVerifier( 2006):   3: sent at 150309708000000, (unhandled) KeyEvent { action=ACTION_UP, keyCode=KEYCODE_DPAD_RIGHT, scanCode=106, metaState=0, flags=0x80000008, repeatCount=0, eventTime=150309708, downTime=150309497, deviceId=1, source=0x101 }
D/InputEventConsistencyVerifier( 2006):   4: sent at 150309284000000, (unhandled) KeyEvent { action=ACTION_UP, keyCode=KEYCODE_DPAD_RIGHT, scanCode=106, metaState=0, flags=0x80000008, repeatCount=0, eventTime=150309284, downTime=150308963, deviceId=1, source=0x101 }
D/InputEventConsistencyVerifier( 2006):   5: sent at 150308080000000, (unhandled) KeyEvent { action=ACTION_UP, keyCode=KEYCODE_DPAD_RIGHT, scanCode=106, metaState=0, flags=0x80000008, repeatCount=0, eventTime=150308080, downTime=150305163, deviceId=1, source=0x101 }
D/Downloader(  744): header_callback : -->HTTP/1.0 206 Partial Content
D/Downloader(  744): 
D/Downloader(  744): header_callback : -->Server: nginx/1.2.2
D/Downloader(  744): 
D/Downloader(  744): header_callback : -->Date: Mon, 27 May 2013 01:04:18 GMT
D/Downloader(  744): 
D/Downloader(  744): header_callback : -->Content-Type: application/octet-stream
D/Downloader(  744): 
D/Downloader(  744): header_callback : -->Powered-By-ChinaCache: MISS from CHN-BI-3-3n4
D/Downloader(  744): 
D/Downloader(  744): header_callback : -->Content-Range: bytes 0-1173119/1173120
D/Downloader(  744): 
D/Downloader(  744): header_callback : -->Content-Length: 1173120
D/Downloader(  744): 
D/Downloader(  744): header_callback : -->Powered-By-ChinaCache: MISS from CHN-DG-4-35I
D/Downloader(  744): 
D/Downloader(  744): header_callback : -->Connection: keep-alive
D/Downloader(  744): 
D/Downloader(  744): header_callback : -->
D/Downloader(  744): 
D/dalvikvm( 1142): GC_CONCURRENT freed 392K, 77% free 1394K/6019K, paused 3ms+4ms
I//lib/ld-linux.
[150311.494092] irq_proc_write
so.3(  748): Load AAC Audio Codec.
I//lib/ld-linux.so.3(  748): ========AAC Audio Codec========
I//lib/ld-linux.so.3(  748): ===== Check Audio Decoder Protection from hash-key IP =====
I//lib/ld-linux.so.3(  748): Hash-key Support DD.
I//lib/ld-linux.so.3(  748): Hash-key Support DD+.
I//lib/ld-linux.so.3(  748): Hash-key Support Generic HE-AAC !!
I//lib/ld-linux.so.3(  748): Hash-key Support WMA.
I//lib/ld-linux.so.3(  748): Hash-key Support DRA.
I//lib/ld-linux.so.3(  748): ===== Check Protection IP End                         =====
I//lib/ld-linux.so.3(  748): ******Amplifier_TI5707_SWMute(0)
I//lib/ld-linux.so.3(  748): 5707write fail = 7
I//lib/ld-linux.so.3(  748): 5707write fail = 7
I//lib/ld-linux.so.3(  748): 5707write fail = 7
I//lib/ld-linux.so.3(  748): 5707write fail = 7
I//lib/ld-linux.so.3(  748): 5707write fail = 6
I//lib/ld-linux.so.3(  748): MB_VDPLAYER_DMX_RESET
D/IMMPlayer(  744): Get ret:0
D/MstarPlayer(  744): buffer valide data size :0x115498 ,waiting....
I//lib/ld-linux.so.3(  748): DemuxReset, done
D/dalvikvm( 1142): GC_CONCURRENT freed 472K, 78% free 1339K/6019K, paused 1ms+1ms
D/MstarPlayer(  744): buffer valide data size :0x210398 ,waiting....
D/MstarPlayer(  744): buffer valide data size :0x280478 ,waiting....
D/dalvikvm( 1142): GC_CONCURRENT freed 418K, 79% free 1312K/6019K, paused 1ms+1ms
D/MstarPlayer(  744): buffer valide data size :0x347638 ,waiting....
D/MstarPlayer(  744): buffer valide data size :0x426478 ,waiting....
D/dalvikvm( 1142): GC_CONCURRENT freed 396K, 79% free 1311K/6019K, paused 1ms+1ms
D/MstarPlayer(  744): buffer valide data size :0x503858 ,waiting....
D/IMMPlayer(  744): Send MM_SetTrickMode
D/IMMPlayer(  744): u32Item:1
D/IMMPlayer(  744): stTrickInfo->eMode:0
D/IMMPlayer(  744): stTrickInfo->eSpeed:1
D/IMMPlayer(  744): Get ret:0
D/MediaPlayerService(  744): [97] notify (0xa390c0, 4, 0, 0)
D/MediaPlayerService(  744): [97] notify (0xa390c0, 200, 32774, 0)
D/MstarPlayer(  744): <<<<<<< seek done>>>>>>>>>
W/MediaPlayer( 2006): info/warning (32774, 0)
D/MediaControler( 2006): onSeekComplete
I//lib/ld-linux.so.3(  748): 1. Mode: 0, Speed: 1.
I//lib/ld-linux.so.3(  748): SetTrickMode, Mode: 0, Speed: 1.
I//lib/ld-linux.so.3(  748): Send to Co-processor: eMode: 0, eSpeed: 1.
I/MediaPlayer.java( 2006): Info (32774,0)
I/VideoPlayer( 2006): 
D/seekOnLoading( 2006): seekOnLoading timer is cancle!
D/MediaPlayerService(  744): [97] notify (0xa390c0, 3, 95, 0)
D/dalvikvm( 1142): GC_CONCURRENT freed 394K, 79% free 1311K/6019K, paused 1ms+1ms
D/DataSource_M3U8(  744): 
D/DataSource_M3U8(  744):  Warnig::  getValidBufferLength()  <  Codec require !!!
D/MstarPlayer(  744): Get Others event : 22
I//lib/ld-linux.so.3(  748): STC Updated by Video: (13469->2623753)
D/Downloader(  744): Downloadserver bandWidth:5559810
D/Downloader(  744): Downloadserver bandWidth:5559810
D/Downloader(  744): Downloadserver bandWidth:5559810
D/Downloader(  744): Downloadserver bandWidth:5559810
D/MonitorCw880( 5694): counter=2 && isHeartbeatTimeout=true
D/DataSource_M3U8(  744): u32HLSSreamNum[0]===>u32BandWidth:1433000 
D/DataSource_M3U8(  744): getHLSPlayListInex  DownloadBandWidth:5559810   uInDex=0
D/DataSource_M3U8(  744): [M3U8] checkShouldStartNext :[438](1173120/1173120)   sequence:0  start next:439  
D/DataSource_M3U8(  744): 
D/DataSource_M3U8(  744): 
D/DataSource_M3U8(  744): 
D/DataSource_M3U8(  744): [M3U8]-7----->This :0x7e5a08 --> post cmd for start next url:http://cibn-iss1.longvisionmedia.com:8088/vod/CIBN2013_CIBN2013040701144642_1433/439.ts, knowedFileSize:0, mCurDowningIndex:438
D/DataSource_M3U8(  744): 
D/DataSource_M3U8(  744): 
D/Downloader(  744): [downloadThread]Downloader::removeTask  
D/Downloader(  744): [downloadThread]StartTask:url :http://cibn-iss1.longvisionmedia.com:8088/vod/CIBN2013_CIBN2013040701144642_1433/439.ts
D/Downloader(  744): [downloadThread]task have range string:0- 
D/MediaPlayerService(  744): [97] notify (0xa390c0, 3, 96, 0)
D/MediaPlayerService(  744): [97] notify (0xa390c0, 200, 32773, 0)
W/MediaPlayer( 2006): info/warning (32773, 0)
D/MediaPlayerService(  744): [97] notify (0xa390c0, 200, 701, 0)
I/MediaPlayer.java( 2006): Info (32773,0)
W/MediaPlayer( 2006): info/warning (701, 0)
D/MstarPlayer(  744): MstarPlayer::send MEDIA_INFO_BUFFERING_START  
D/IMMPlayer(  744): Send MM_SetTrickMode
D/IMMPlayer(  744): u32Item:1
D/IMMPlayer(  744): stTrickInfo->eMode:1
D/IMMPlayer(  744): stTrickInfo->eSpeed:1
I/VideoPlayer( 2006): ??????????????
D/IMMPlayer(  744): Get ret:0
D/MediaPlayerService(  744): [97] notify (0xa390c0, 200, 704, 0)
W/MediaPlayer( 2006): info/warning (704, 0)
I//lib/ld-linux.so.3(  748): 1. Mode: 1, Speed: 1.
I//lib/ld-linux.so.3(  748): SetTrickMode, Mode: 1, Speed: 1.
I//lib/ld-linux.so.3(  748): Send to Co-processor: eMode: 0, eSpeed: 0.
D/MstarPlayer(  744): percent: 0
D/seekOnLoading( 2006): seekOnLoading timer is start!
I/MediaPlayer.java( 2006): Info (701,0)
I/MediaPlayer.java( 2006): Info (704,0)
D/Downloader(  744): header_callback : -->HTTP/1.0 206 Partial Content
D/Downloader(  744): 
D/Downloader(  744): header_callback : -->Server: nginx/1.2.2
D/Downloader(  744): 
D/Downloader(  744): header_callback : -->Date: Mon, 27 May 2013 01:04:20 GMT
D/Downloader(  744): 
D/Downloader(  744): header_callback : -->Content-Type: application/octet-stream
D/Downloader(  744): 
D/Downloader(  744): header_callback : -->Powered-By-ChinaCache: MISS from CHN-NT-3-3FC
D/Downloader(  744): 
D/Downloader(  744): header_callback : -->Content-Range: bytes 0-909919/909920
D/Downloader(  744): 
D/Downloader(  744): header_callback : -->Content-Length: 909920
D/Downloader(  744): 
D/Downloader(  744): header_callback : -->Powered-By-ChinaCache: MISS from CHN-DG-4-35I
D/Downloader(  744): 
D/Downloader(  744): header_callback : -->Connection: keep-alive
D/Downloader(  744): 
D/Downloader(  744): header_callback : -->
D/Downloader(  744): 
D/MediaPlayerService(  744): [97] notify (0xa390c0, 200, 704, 0)
W/MediaPlayer( 2006): info/warning (704, 0)
D/MstarPlayer(  744): percent: 0
I/MediaPlayer.java( 2006): Info (704,0)
D/MediaPlayerService(  744): [97] notify (0xa390c0, 200, 704, 0)
W/MediaPlayer( 2006): info/warning (704, 0)
D/MstarPlayer(  744): percent: 0
I/MediaPlayer.java( 2006): Info (704,0)
D/MediaPlayerService(  744): [97] notify (0xa390c0, 200, 704, 0)
W/MediaPlayer( 2006): info/warning (704, 0)
D/MstarPlayer(  744): percent: 0
I/MediaPlayer.java( 2006): Info (704,0)
D/MediaPlayerService(  744): [97] notify (0xa390c0, 200, 704, 1)
W/MediaPlayer( 2006): info/warning (704, 1)
D/MstarPlayer(  744): percent: 1
I/MediaPlayer.java( 2006): Info (704,1)
D/MediaPlayerService(  744): [97] notify (0xa390c0, 200, 704, 4)
W/MediaPlayer( 2006): info/warning (704, 4)
D/MstarPlayer(  744): percent: 4
I/MediaPlayer.java( 2006): Info (704,4)
D/MediaPlayerService(  744): [97] notify (0xa390c0, 200, 704, 5)
W/MediaPlayer( 2006): info/warning (704, 5)
D/MstarPlayer(  744): percent: 5
I/MediaPlayer.java( 2006): Info (704,5)
D/MediaPlayerService(  744): [97] notify (0xa390c0, 200, 704, 10)
W/MediaPlayer( 2006): info/warning (704, 10)
D/MstarPlayer(  744): percent: 10
I/MediaPlayer.java( 2006): Info (704,10)
D/MediaPlayerService(  744): [97] notify (0xa390c0, 200, 704, 11)
W/MediaPlayer( 2006): info/warning (704, 11)
D/MstarPlayer(  744): percent: 11
I/MediaPlayer.java( 2006): Info (704,11)
D/MediaPlayerService(  744): [97] notify (0xa390c0, 200, 704, 11)
W/MediaPlayer( 2006): info/warning (704, 11)
D/MstarPlayer(  744): percent: 11
I/MediaPlayer.java( 2006): Info (704,11)
D/Downloader(  744): Downloadserver bandWidth:11572909
D/Downloader(  744): Downloadserver bandWidth:11572909
D/Downloader(  744): Downloadserver bandWidth:11572909
D/Downloader(  744): Downloadserver bandWidth:11572909
D/MediaPlayerService(  744): [97] notify (0xa390c0, 200, 704, 11)
W/MediaPlayer( 2006): info/warning (704, 11)
D/MstarPlayer(  744): percent: 11
I/MediaPlayer.java( 2006): Info (704,11)
I//lib/ld-linux.so.3(  748): FrmCnt:273(0,0,0) Rate:10 Sys:150313677 STC:2624764 VPTS:2623753 APTS:0 Delay:-978(33) V:25 A:24 VES:0x21ed0 AES:0x27e0 PCM:0x3200 AudioErr:0x0
I//lib/ld-linux.so.3(  748): Audio Sync STC mode.(TS) 
D/MediaPlayerService(  744): [97] notify (0xa390c0, 200, 704, 27)
W/MediaPlayer( 2006): info/warning (704, 27)
D/MstarPlayer(  744): percent: 27
I/MediaPlayer.java( 2006): Info (704,27)
D/MediaPlayerService(  744): [97] notify (0xa390c0, 200, 704, 27)
W/MediaPlayer( 2006): info/warning (704, 27)
D/MstarPlayer(  744): percent: 27
I/MediaPlayer.java( 2006): Info (704,27)
D/MediaPlayerService(  744): [97] notify (0xa390c0, 200, 704, 27)
W/MediaPlayer( 2006): info/warning (704, 27)
D/MstarPlayer(  744): percent: 27
I/MediaPlayer.java( 2006): Info (704,27)
D/MediaPlayerService(  744): [97] notify (0xa390c0, 200, 704, 27)
W/MediaPlayer( 2006): info/warning (704, 27)
D/MstarPlayer(  744): percent: 27
I/MediaPlayer.java( 2006): Info (704,27)
D/MediaPlayerService(  744): [97] notify (0xa390c0, 200, 704, 27)
W/MediaPlayer( 2006): info/warning (704, 27)
D/MstarPlayer(  744): percent: 27
I/MediaPlayer.java( 2006): Info (704,27)
D/MediaPlayerService(  744): [97] notify (0xa390c0, 200, 704, 27)
W/MediaPlayer( 2006): info/warning (704, 27)
D/MstarPlayer(  744): percent: 27
I/MediaPlayer.java( 2006): Info (704,27)
D/DataSource_M3U8(  744): u32HLSSreamNum[0]===>u32BandWidth:1433000 
D/DataSource_M3U8(  744): getHLSPlayListInex  DownloadBandWidth:11572909   uInDex=0
D/DataSource_M3U8(  744): [M3U8] checkShouldStartNext :[439](909920/909920)   sequence:0  start next:440  
D/DataSource_M3U8(  744): 
D/DataSource_M3U8(  744): 
D/DataSource_M3U8(  744): 
D/DataSource_M3U8(  744): [M3U8]-7----->This :0x7e5a08 --> post cmd for start next url:http://cibn-iss1.longvisionmedia.com:8088/vod/CIBN2013_CIBN2013040701144642_1433/440.ts, knowedFileSize:0, mCurDowningIndex:439
D/DataSource_M3U8(  744): 
D/DataSource_M3U8(  744): 
D/Downloader(  744): [downloadThread]Downloader::removeTask  
D/Downloader(  744): [downloadThread]StartTask:url :http://cibn-iss1.longvisionmedia.com:8088/vod/CIBN2013_CIBN2013040701144642_1433/440.ts
D/Downloader(  744): [downloadThread]task have range string:0- 
D/MediaPlayerService(  744): [97] notify (0xa390c0, 200, 704, 27)
W/MediaPlayer( 2006): info/warning (704, 27)
I/MediaPlayer.java( 2006): Info (704,27)
D/MstarPlayer(  744): percent: 27
D/MediaPlayerService(  744): [97] notify (0xa390c0, 200, 704, 27)
W/MediaPlayer( 2006): info/warning (704, 27)
I/MediaPlayer.java( 2006): Info (704,27)
D/MstarPlayer(  744): percent: 27
D/MediaPlayerService(  744): [97] notify (0xa390c0, 200, 704, 27)
W/MediaPlayer( 2006): info/warning (704, 27)
I/MediaPlayer.java( 2006): Info (704,27)
D/MstarPlayer(  744): percent: 27
D/MediaPlayerService(  744): [97] notify (0xa390c0, 200, 704, 27)
W/MediaPlayer( 2006): info/warning (704, 27)
I/MediaPlayer.java( 2006): Info (704,27)
D/MstarPlayer(  744): percent: 27
D/MediaPlayerService(  744): [97] notify (0xa390c0, 200, 704, 27)
W/MediaPlayer( 2006): info/warning (704, 27)
I/MediaPlayer.java( 2006): Info (704,27)
D/MstarPlayer(  744): percent: 27
D/MediaPlayerService(  744): [97] notify (0xa390c0, 200, 704, 27)
W/MediaPlayer( 2006): info/warning (704, 27)
D/MstarPlayer(  744): percent: 27
I/MediaPlayer.java( 2006): Info (704,27)
D/Downloader(  744): header_callback : -->HTTP/1.0 206 Partial Content
D/Downloader(  744): 
D/Downloader(  744): header_callback : -->Server: nginx/1.2.2
D/Downloader(  744): 
D/Downloader(  744): header_callback : -->Date: Mon, 27 May 2013 01:04:21 GMT
D/Downloader(  744): 
D/Downloader(  744): header_callback : -->Content-Type: application/octet-stream
D/Downloader(  744): 
D/Downloader(  744): header_callback : -->Powered-By-ChinaCache: MISS from CHN-BI-3-3n4
D/Downloader(  744): 
D/Downloader(  744): header_callback : -->Content-Range: bytes 0-1265427/1265428
D/Downloader(  744): 
D/Downloader(  744): header_callback : -->Content-Length: 1265428
D/Downloader(  744): 
D/Downloader(  744): header_callback : -->Powered-By-ChinaCache: MISS from CHN-DG-4-35I
D/Downloader(  744): 
D/Downloader(  744): header_callback : -->Connection: keep-alive
D/Downloader(  744): 
D/Downloader(  744): header_callback : -->
D/Downloader(  744): 
D/MediaPlayerService(  744): [97] notify (0xa390c0, 200, 704, 27)
W/MediaPlayer( 2006): info/warning (704, 27)
D/MstarPlayer(  744): percent: 27
I/MediaPlayer.java( 2006): Info (704,27)
D/MediaPlayerService(  744): [97] notify (0xa390c0, 200, 704, 27)
W/MediaPlayer( 2006): info/warning (704, 27)
D/MstarPlayer(  744): percent: 27
I/MediaPlayer.java( 2006): Info (704,27)
D/MediaPlayerService(  744): [97] notify (0xa390c0, 200, 704, 27)
W/MediaPlayer( 2006): info/warning (704, 27)
I/MediaPlayer.java( 2006): Info (704,27)
D/MstarPlayer(  744): percent: 27
D/MediaPlayerService(  744): [97] notify (0xa390c0, 200, 704, 28)
W/MediaPlayer( 2006): info/warning (704, 28)
D/MstarPlayer(  744): percent: 28
I/MediaPlayer.java( 2006): Info (704,28)
D/MediaPlayerService(  744): [97] notify (0xa390c0, 200, 704, 28)
W/MediaPlayer( 2006): info/warning (704, 28)
I/MediaPlayer.java( 2006): Info (704,28)
D/MstarPlayer(  744): percent: 28
D/MediaPlayerService(  744): [97] notify (0xa390c0, 200, 704, 29)
W/MediaPlayer( 2006): info/warning (704, 29)
D/MstarPlayer(  744): percent: 29
I/MediaPlayer.java( 2006): Info (704,29)
D/DataSource_M3U8(  744): 
D/DataSource_M3U8(  744):  Warnig::  getValidBufferLength()  <  Codec require !!!
D/MediaPlayerService(  744): [97] notify (0xa390c0, 200, 704, 29)
W/MediaPlayer( 2006): info/warning (704, 29)
D/MstarPlayer(  744): percent: 29
I/MediaPlayer.java( 2006): Info (704,29)
D/MediaPlayerService(  744): [97] notify (0xa390c0, 200, 704, 30)
W/MediaPlayer( 2006): info/warning (704, 30)
D/MstarPlayer(  744): percent: 30
I/MediaPlayer.java( 2006): Info (704,30)
D/MediaPlayerService(  744): [97] notify (0xa390c0, 200, 704, 31)
W/MediaPlayer( 2006): info/warning (704, 31)
D/MstarPlayer(  744): percent: 31
I/MediaPlayer.java( 2006): Info (704,31)
D/MediaPlayerService(  744): [97] notify (0xa390c0, 200, 704, 32)
W/MediaPlayer( 2006): info/warning (704, 32)
D/MstarPlayer(  744): percent: 32
I/MediaPlayer.java( 2006): Info (704,32)
D/MediaPlayerService(  744): [97] notify (0xa390c0, 200, 704, 32)
W/MediaPlayer( 2006): info/warning (704, 32)
D/MstarPlayer(  744): percent: 32
I/MediaPlayer.java( 2006): Info (704,32)
D/MediaPlayerService(  744): [97] notify (0xa390c0, 200, 704, 33)
W/MediaPlayer( 2006): info/warning (704, 33)
I/MediaPlayer.java( 2006): Info (704,33)
D/MstarPlayer(  744): percent: 33
D/MonitorCw880( 5694): counter=2 && isHeartbeatTimeout=true
D/MediaPlayerService(  744): [97] notify (0xa390c0, 200, 704, 34)
W/MediaPlayer( 2006): info/warning (704, 34)
D/MstarPlayer(  744): percent: 34
I/MediaPlayer.java( 2006): Info (704,34)
D/MediaPlayerService(  744): [97] notify (0xa390c0, 200, 704, 35)
W/MediaPlayer( 2006): info/warning (704, 35)
D/MstarPlayer(  744): percent: 35
I/MediaPlayer.java( 2006): Info (704,35)
D/MediaPlayerService(  744): [97] notify (0xa390c0, 200, 704, 35)
W/MediaPlayer( 2006): info/warning (704, 35)
I/MediaPlayer.java( 2006): Info (704,35)
D/MstarPlayer(  744): percent: 35
D/MediaPlayerService(  744): [97] notify (0xa390c0, 200, 704, 36)
D/MstarPlayer(  744): percent: 36
W/MediaPlayer( 2006): info/warning (704, 36)
I/MediaPlayer.java( 2006): Info (704,36)
D/MediaPlayerService(  744): [97] notify (0xa390c0, 200, 704, 37)
W/MediaPlayer( 2006): info/warning (704, 37)
D/MstarPlayer(  744): percent: 37
I/MediaPlayer.java( 2006): Info (704,37)
D/MediaPlayerService(  744): [97] notify (0xa390c0, 200, 704, 38)
D/MstarPlayer(  744): percent: 38
W/MediaPlayer( 2006): info/warning (704, 38)
I/MediaPlayer.java( 2006): Info (704,38)
D/MediaPlayerService(  744): [97] notify (0xa390c0, 200, 704, 38)
D/MstarPlayer(  744): percent: 38
W/MediaPlayer( 2006): info/warning (704, 38)
I/MediaPlayer.java( 2006): Info (704,38)
D/MediaPlayerService(  744): [97] notify (0xa390c0, 200, 704, 39)
W/MediaPlayer( 2006): info/warning (704, 39)
I/MediaPlayer.java( 2006): Info (704,39)
D/MstarPlayer(  744): percent: 39
D/MediaPlayerService(  744): [97] notify (0xa390c0, 200, 704, 40)
D/MstarPlayer(  744): percent: 40
W/MediaPlayer( 2006): info/warning (704, 40)
I/MediaPlayer.java( 2006): Info (704,40)
D/MediaPlayerService(  744): [97] notify (0xa390c0, 200, 704, 41)
D/MstarPlayer(  744): percent: 41
W/MediaPlayer( 2006): info/warning (704, 41)
I/MediaPlayer.java( 2006): Info (704,41)
D/MediaPlayerService(  744): [97] notify (0xa390c0, 200, 704, 42)
W/MediaPlayer( 2006): info/warning (704, 42)
I/MediaPlayer.java( 2006): Info (704,42)
D/MstarPlayer(  744): percent: 42
D/MediaPlayerService(  744): [97] notify (0xa390c0, 200, 704, 42)
D/MstarPlayer(  744): percent: 42
W/MediaPlayer( 2006): info/warning (704, 42)
I/MediaPlayer.java( 2006): Info (704,42)
D/MediaPlayerService(  744): [97] notify (0xa390c0, 200, 704, 43)
D/MstarPlayer(  744): percent: 43
W/MediaPlayer( 2006): info/warning (704, 43)
I/MediaPlayer.java( 2006): Info (704,43)
D/MediaPlayerService(  744): [97] notify (0xa390c0, 200, 704, 44)
W/MediaPlayer( 2006): info/warning (704, 44)
I/MediaPlayer.java( 2006): Info (704,44)
D/MstarPlayer(  744): percent: 44
D/DataSource_M3U8(  744): 
D/DataSource_M3U8(  744):  Warnig::  getValidBufferLength()  <  Codec require !!!
D/MediaPlayerService(  744): [97] notify (0xa390c0, 200, 704, 44)
D/MstarPlayer(  744): percent: 44
W/MediaPlayer( 2006): info/warning (704, 44)
I/MediaPlayer.java( 2006): Info (704,44)
D/MediaPlayerService(  744): [97] notify (0xa390c0, 200, 704, 45)
D/MstarPlayer(  744): percent: 45
W/MediaPlayer( 2006): info/warning (704, 45)
I/MediaPlayer.java( 2006): Info (704,45)
D/MediaPlayerService(  744): [97] notify (0xa390c0, 200, 704, 47)
D/MstarPlayer(  744): percent: 47
W/MediaPlayer( 2006): info/warning (704, 47)
I/MediaPlayer.java( 2006): Info (704,47)
D/MediaPlayerService(  744): [97] notify (0xa390c0, 200, 704, 47)
D/MstarPlayer(  744): percent: 47
W/MediaPlayer( 2006): info/warning (704, 47)
I/MediaPlayer.java( 2006): Info (704,47)
D/MediaPlayerService(  744): [97] notify (0xa390c0, 200, 704, 48)
W/MediaPlayer( 2006): info/warning (704, 48)
D/MstarPlayer(  744): percent: 48
I/MediaPlayer.java( 2006): Info (704,48)
D/Downloader(  744): Downloadserver bandWidth:5092265
D/Downloader(  744): Downloadserver bandWidth:5092265
D/Downloader(  744): Downloadserver bandWidth:5092265
D/Downloader(  744): Downloadserver bandWidth:5092265
D/DataSource_M3U8(  744): u32HLSSreamNum[0]===>u32BandWidth:1433000 
D/DataSource_M3U8(  744): getHLSPlayListInex  DownloadBandWidth:5092265   uInDex=0
D/DataSource_M3U8(  744): [M3U8] checkShouldStartNext :[440](1265428/1265428)   sequence:0  start next:441  
D/DataSource_M3U8(  744): 
D/DataSource_M3U8(  744): 
D/DataSource_M3U8(  744): 
D/DataSource_M3U8(  744): [M3U8]-7----->This :0x7e5a08 --> post cmd for start next url:http://cibn-iss1.longvisionmedia.com:8088/vod/CIBN2013_CIBN2013040701144642_1433/441.ts, knowedFileSize:0, mCurDowningIndex:440
D/DataSource_M3U8(  744): 
D/DataSource_M3U8(  744): 
D/Downloader(  744): [downloadThread]Downloader::removeTask  
D/Downloader(  744): [downloadThread]StartTask:url :http://cibn-iss1.longvisionmedia.com:8088/vod/CIBN2013_CIBN2013040701144642_1433/441.ts
D/Downloader(  744): [downloadThread]task have range string:0- 
D/MediaPlayerService(  744): [97] notify (0xa390c0, 200, 704, 49)
W/MediaPlayer( 2006): info/warning (704, 49)
D/MstarPlayer(  744): percent: 49
I/MediaPlayer.java( 2006): Info (704,49)
D/MediaPlayerService(  744): [97] notify (0xa390c0, 200, 704, 49)
W/MediaPlayer( 2006): info/warning (704, 49)
D/MstarPlayer(  744): percent: 49
I/MediaPlayer.java( 2006): Info (704,49)
D/MediaPlayerService(  744): [97] notify (0xa390c0, 200, 704, 49)
W/MediaPlayer( 2006): info/warning (704, 49)
D/MstarPlayer(  744): percent: 49
I/MediaPlayer.java( 2006): Info (704,49)
D/Downloader(  744): header_callback : -->HTTP/1.0 206 Partial Content
D/Downloader(  744): 
D/Downloader(  744): header_callback : -->Server: nginx/1.2.2
D/Downloader(  744): 
D/Downloader(  744): header_callback : -->Date: Mon, 27 May 2013 01:04:23 GMT
D/Downloader(  744): 
D/Downloader(  744): header_callback : -->Content-Type: application/octet-stream
D/Downloader(  744): 
D/Downloader(  744): header_callback : -->Powered-By-ChinaCache: MISS from CHN-NT-3-3FC
D/Downloader(  744): 
D/Downloader(  744): header_callback : -->Content-Range: bytes 0-1231587/1231588
D/Downloader(  744): 
D/Downloader(  744): header_callback : -->Content-Length: 1231588
D/Downloader(  744): 
D/Downloader(  744): header_callback : -->Powered-By-ChinaCache: MISS from CHN-DG-4-35I
D/Downloader(  744): 
D/Downloader(  744): header_callback : -->Connection: keep-alive
D/Downloader(  744): 
D/Downloader(  744): header_callback : -->
D/Downloader(  744): 
D/MediaPlayerService(  744): [97] notify (0xa390c0, 200, 704, 49)
W/MediaPlayer( 2006): info/warning (704, 49)
D/MstarPlayer(  744): percent: 49
I/MediaPlayer.java( 2006): Info (704,49)
D/MediaPlayerService(  744): [97] notify (0xa390c0, 200, 704, 49)
W/MediaPlayer( 2006): info/warning (704, 49)
D/MstarPlayer(  744): percent: 49
I/MediaPlayer.java( 2006): Info (704,49)
D/MediaPlayerService(  744): [97] notify (0xa390c0, 200, 704, 50)
W/MediaPlayer( 2006): info/warning (704, 50)
D/MstarPlayer(  744): percent: 50
I/MediaPlayer.java( 2006): Info (704,50)
D/dalvikvm( 1142): GC_CONCURRENT freed 392K, 79% free 1311K/6019K, paused 1ms+1ms
D/MediaPlayerService(  744): [97] notify (0xa390c0, 200, 704, 50)
W/MediaPlayer( 2006): info/warning (704, 50)
I/MediaPlayer.java( 2006): Info (704,50)
D/MstarPlayer(  744): percent: 50
D/MediaPlayerService(  744): [97] notify (0xa390c0, 200, 704, 53)
W/MediaPlayer( 2006): info/warning (704, 53)
D/MstarPlayer(  744): percent: 53
I/MediaPlayer.java( 2006): Info (704,53)
D/MediaPlayerService(  744): [97] notify (0xa390c0, 200, 704, 55)
W/MediaPlayer( 2006): info/warning (704, 55)
D/MstarPlayer(  744): percent: 55
I/MediaPlayer.java( 2006): Info (704,55)
D/dalvikvm( 1142): GC_CONCURRENT freed 392K, 79% free 1311K/6019K, paused 1ms+1ms
D/MediaPlayerService(  744): [97] notify (0xa390c0, 200, 704, 55)
W/MediaPlayer( 2006): info/warning (704, 55)
I/MediaPlayer.java( 2006): Info (704,55)
D/MstarPlayer(  744): percent: 55
D/MediaPlayerService(  744): [97] notify (0xa390c0, 200, 704, 58)
W/MediaPlayer( 2006): info/warning (704, 58)
I/MediaPlayer.java( 2006): Info (704,58)
D/MstarPlayer(  744): percent: 58
D/MediaPlayerService(  744): [97] notify (0xa390c0, 200, 704, 61)
D/MstarPlayer(  744): percent: 61
W/MediaPlayer( 2006): info/warning (704, 61)
I/MediaPlayer.java( 2006): Info (704,61)
D/Downloader(  744): Downloadserver bandWidth:14793849
D/Downloader(  744): Downloadserver bandWidth:14793849
D/Downloader(  744): Downloadserver bandWidth:14793849
D/Downloader(  744): Downloadserver bandWidth:14793849
D/MediaPlayerService(  744): [97] notify (0xa390c0, 200, 704, 70)
W/MediaPlayer( 2006): info/warning (704, 70)
D/MstarPlayer(  744): percent: 70
I/MediaPlayer.java( 2006): Info (704,70)
D/dalvikvm( 1142): GC_CONCURRENT freed 393K, 77% free 1419K/6019K, paused 1ms+1ms
D/MediaPlayerService(  744): [97] notify (0xa390c0, 200, 704, 70)
W/MediaPlayer( 2006): info/warning (704, 70)
D/MstarPlayer(  744): percent: 70
I/MediaPlayer.java( 2006): Info (704,70)
D/MediaPlayerService(  744): [97] notify (0xa390c0, 200, 704, 70)
W/MediaPlayer( 2006): info/warning (704, 70)
D/MstarPlayer(  744): percent: 70
I/MediaPlayer.java( 2006): Info (704,70)
D/MediaPlayerService(  744): [97] notify (0xa390c0, 200, 704, 70)
W/MediaPlayer( 2006): info/warning (704, 70)
D/MstarPlayer(  744): percent: 70
I/MediaPlayer.java( 2006): Info (704,70)
D/HomePlayerLib( 1142): hostaddress count is 2
D/dalvikvm( 1142): GC_CONCURRENT freed 461K, 75% free 1538K/6019K, paused 1ms+1ms
D/MediaPlayerService(  744): [97] notify (0xa390c0, 200, 704, 70)
W/MediaPlayer( 2006): info/warning (704, 70)
I/MediaPlayer.java( 2006): Info (704,70)
D/MstarPlayer(  744): percent: 70
D/dalvikvm( 1142): GC_CONCURRENT freed 580K, 78% free 1358K/6019K, paused 1ms+1ms
D/MediaPlayerService(  744): [97] notify (0xa390c0, 200, 704, 70)
W/MediaPlayer( 2006): info/warning (704, 70)
I/MediaPlayer.java( 2006): Info (704,70)
D/MstarPlayer(  744): percent: 70
D/MonitorCw880( 5694): counter=2 && isHeartbeatTimeout=true
D/MediaPlayerService(  744): [97] notify (0xa390c0, 200, 704, 70)
W/MediaPlayer( 2006): info/warning (704, 70)
I/MediaPlayer.java( 2006): Info (704,70)
D/MstarPlayer(  744): percent: 70
D/DataSource_M3U8(  744): u32HLSSreamNum[0]===>u32BandWidth:1433000 
D/DataSource_M3U8(  744): getHLSPlayListInex  DownloadBandWidth:14793849   uInDex=0
D/DataSource_M3U8(  744): [M3U8] checkShouldStartNext :[441](1231588/1231588)   sequence:0  start next:442  
D/DataSource_M3U8(  744): 
D/DataSource_M3U8(  744): 
D/DataSource_M3U8(  744): 
D/DataSource_M3U8(  744): [M3U8]-7----->This :0x7e5a08 --> post cmd for start next url:http://cibn-iss1.longvisionmedia.com:8088/vod/CIBN2013_CIBN2013040701144642_1433/442.ts, knowedFileSize:0, mCurDowningIndex:441
D/DataSource_M3U8(  744): 
D/DataSource_M3U8(  744): 
D/Downloader(  744): [downloadThread]Downloader::removeTask  
D/Downloader(  744): [downloadThread]StartTask:url :http://cibn-iss1.longvisionmedia.com:8088/vod/CIBN2013_CIBN2013040701144642_1433/442.ts
D/Downloader(  744): [downloadThread]task have range string:0- 
D/dalvikvm( 1142): GC_CONCURRENT freed 444K, 77% free 1418K/6019K, paused 6ms+1ms
D/MediaPlayerService(  744): [97] notify (0xa390c0, 200, 704, 70)
W/MediaPlayer( 2006): info/warning (704, 70)
I/MediaPlayer.java( 2006): Info (704,70)
D/MstarPlayer(  744): percent: 70
D/dalvikvm( 1142): GC_CONCURRENT freed 487K, 77% free 1408K/6019K, paused 1ms+1ms
D/MediaPlayerService(  744): [97] notify (0xa390c0, 200, 704, 70)
D/MstarPlayer(  744): percent: 70
W/MediaPlayer( 2006): info/warning (704, 70)
I/MediaPlayer.java( 2006): Info (704,70)
D/MediaPlayerService(  744): [97] notify (0xa390c0, 200, 704, 70)
D/MstarPlayer(  744): percent: 70
W/MediaPlayer( 2006): info/warning (704, 70)
I/MediaPlayer.java( 2006): Info (704,70)
D/dalvikvm( 1142): GC_CONCURRENT freed 488K, 78% free 1373K/6019K, paused 1ms+1ms
D/Downloader(  744): header_callback : -->HTTP/1.0 206 Partial Content
D/Downloader(  744): 
D/Downloader(  744): header_callback : -->Server: nginx/1.2.2
D/Downloader(  744): 
D/Downloader(  744): header_callback : -->Date: Mon, 27 May 2013 01:04:24 GMT
D/Downloader(  744): 
D/Downloader(  744): header_callback : -->Content-Type: application/octet-stream
D/Downloader(  744): 
D/Downloader(  744): header_callback : -->Powered-By-ChinaCache: MISS from CHN-BI-3-3n4
D/Downloader(  744): 
D/Downloader(  744): header_callback : -->Content-Range: bytes 0-923267/923268
D/Downloader(  744): 
D/Downloader(  744): header_callback : -->Content-Length: 923268
D/Downloader(  744): 
D/Downloader(  744): header_callback : -->Powered-By-ChinaCache: MISS from CHN-DG-4-35I
D/Downloader(  744): 
D/Downloader(  744): header_callback : -->Connection: keep-alive
D/Downloader(  744): 
D/Downloader(  744): header_callback : -->
D/Downloader(  744): 
D/MediaPlayerService(  744): [97] notify (0xa390c0, 200, 704, 70)
D/MstarPlayer(  744): percent: 70
W/MediaPlayer( 2006): info/warning (704, 70)
I/MediaPlayer.java( 2006): Info (704,70)
D/MediaPlayerService(  744): [97] notify (0xa390c0, 200, 704, 70)
D/MstarPlayer(  744): percent: 70
W/MediaPlayer( 2006): info/warning (704, 70)
I/MediaPlayer.java( 2006): Info (704,70)
D/dalvikvm( 1142): GC_CONCURRENT freed 443K, 77% free 1414K/6019K, paused 1ms+1ms
D/MediaPlayerService(  744): [97] notify (0xa390c0, 200, 704, 70)
D/MstarPlayer(  744): percent: 70
W/MediaPlayer( 2006): info/warning (704, 70)
I/MediaPlayer.java( 2006): Info (704,70)
D/dalvikvm( 1142): GC_CONCURRENT freed 470K, 76% free 1452K/6019K, paused 1ms+2ms
D/MediaPlayerService(  744): [97] notify (0xa390c0, 200, 704, 70)
D/MstarPlayer(  744): percent: 70
W/MediaPlayer( 2006): info/warning (704, 70)
I/MediaPlayer.java( 2006): Info (704,70)
D/MediaPlayerService(  744): [97] notify (0xa390c0, 200, 704, 71)
D/MstarPlayer(  744): percent: 71
W/MediaPlayer( 2006): info/warning (704, 71)
I/MediaPlayer.java( 2006): Info (704,71)
D/dalvikvm( 1142): GC_CONCURRENT freed 531K, 78% free 1333K/6019K, paused 1ms+1ms
D/MediaPlayerService(  744): [97] notify (0xa390c0, 200, 704, 71)
D/MstarPlayer(  744): percent: 71
W/MediaPlayer( 2006): info/warning (704, 71)
I/MediaPlayer.java( 2006): Info (704,71)
D/dalvikvm( 1142): GC_CONCURRENT freed 397K, 77% free 1433K/6019K, paused 1ms+1ms
D/MediaPlayerService(  744): [97] notify (0xa390c0, 200, 704, 72)
D/MstarPlayer(  744): percent: 72
W/MediaPlayer( 2006): info/warning (704, 72)
I/MediaPlayer.java( 2006): Info (704,72)
D/MediaPlayerService(  744): [97] notify (0xa390c0, 200, 704, 73)
D/MstarPlayer(  744): percent: 73
W/MediaPlayer( 2006): info/warning (704, 73)
I/MediaPlayer.java( 2006): Info (704,73)
D/MediaPlayerService(  744): [97] notify (0xa390c0, 200, 704, 73)
W/MediaPlayer( 2006): info/warning (704, 73)
D/MstarPlayer(  744): percent: 73
I/MediaPlayer.java( 2006): Info (704,73)
D/MediaPlayerService(  744): [97] notify (0xa390c0, 200, 704, 74)
D/MstarPlayer(  744): percent: 74
W/MediaPlayer( 2006): info/warning (704, 74)
I/MediaPlayer.java( 2006): Info (704,74)
D/dalvikvm( 1142): GC_CONCURRENT freed 484K, 76% free 1460K/6019K, paused 1ms+2ms
D/MediaPlayerService(  744): [97] notify (0xa390c0, 200, 704, 75)
D/MstarPlayer(  744): percent: 75
W/MediaPlayer( 2006): info/warning (704, 75)
I/MediaPlayer.java( 2006): Info (704,75)
D/dalvikvm( 1142): GC_CONCURRENT freed 549K, 77% free 1422K/6019K, paused 1ms+1ms
D/MediaPlayerService(  744): [97] notify (0xa390c0, 200, 704, 75)
W/MediaPlayer( 2006): info/warning (704, 75)
I/MediaPlayer.java( 2006): Info (704,75)
D/MstarPlayer(  744): percent: 75
D/MediaPlayerService(  744): [97] notify (0xa390c0, 200, 704, 76)
D/MstarPlayer(  744): percent: 76
W/MediaPlayer( 2006): info/warning (704, 76)
I/MediaPlayer.java( 2006): Info (704,76)
D/dalvikvm( 1142): GC_CONCURRENT freed 487K, 77% free 1433K/6019K, paused 4ms+1ms
D/MediaPlayerService(  744): [97] notify (0xa390c0, 200, 704, 76)
D/MstarPlayer(  744): percent: 76
W/MediaPlayer( 2006): info/warning (704, 76)
I/MediaPlayer.java( 2006): Info (704,76)
D/MediaPlayerService(  744): [97] notify (0xa390c0, 200, 704, 77)
W/MediaPlayer( 2006): info/warning (704, 77)
D/MstarPlayer(  744): percent: 77
I/MediaPlayer.java( 2006): Info (704,77)
D/dalvikvm( 1142): GC_CONCURRENT freed 465K, 76% free 1479K/6019K, paused 1ms+2ms
D/MediaPlayerService(  744): [97] notify (0xa390c0, 200, 704, 78)
D/MstarPlayer(  744): percent: 78
W/MediaPlayer( 2006): info/warning (704, 78)
I/MediaPlayer.java( 2006): Info (704,78)
D/MediaPlayerService(  744): [97] notify (0xa390c0, 200, 704, 79)
D/MstarPlayer(  744): percent: 79
W/MediaPlayer( 2006): info/warning (704, 79)
I/MediaPlayer.java( 2006): Info (704,79)
D/MediaPlayerService(  744): [97] notify (0xa390c0, 200, 704, 80)
W/MediaPlayer( 2006): info/warning (704, 80)
I/MediaPlayer.java( 2006): Info (704,80)
D/MstarPlayer(  744): percent: 80
D/dalvikvm( 1142): GC_CONCURRENT freed 544K, 77% free 1416K/6019K, paused 1ms+4ms
D/MediaPlayerService(  744): [97] notify (0xa390c0, 200, 704, 80)
D/MstarPlayer(  744): percent: 80
W/MediaPlayer( 2006): info/warning (704, 80)
I/MediaPlayer.java( 2006): Info (704,80)
D/MediaPlayerService(  744): [97] notify (0xa390c0, 200, 704, 81)
D/MstarPlayer(  744): percent: 81
W/MediaPlayer( 2006): info/warning (704, 81)
I/MediaPlayer.java( 2006): Info (704,81)
D/dalvikvm( 1142): GC_CONCURRENT freed 492K, 77% free 1435K/6019K, paused 1ms+1ms
D/MediaPlayerService(  744): [97] notify (0xa390c0, 200, 704, 82)
D/MstarPlayer(  744): percent: 82
W/MediaPlayer( 2006): info/warning (704, 82)
I/MediaPlayer.java( 2006): Info (704,82)
D/MediaPlayerService(  744): [97] notify (0xa390c0, 200, 704, 82)
D/MstarPlayer(  744): percent: 82
W/MediaPlayer( 2006): info/warning (704, 82)
I/MediaPlayer.java( 2006): Info (704,82)
D/MediaPlayerService(  744): [97] notify (0xa390c0, 200, 704, 83)
D/MstarPlayer(  744): percent: 83
W/MediaPlayer( 2006): info/warning (704, 83)
I/MediaPlayer.java( 2006): Info (704,83)
D/dalvikvm( 1142): GC_CONCURRENT freed 513K, 76% free 1445K/6019K, paused 2ms+1ms
D/MediaPlayerService(  744): [97] notify (0xa390c0, 200, 704, 84)
W/MediaPlayer( 2006): info/warning (704, 84)
D/MstarPlayer(  744): percent: 84
I/MediaPlayer.java( 2006): Info (704,84)
D/dalvikvm( 1142): GC_CONCURRENT freed 522K, 77% free 1433K/6019K, paused 1ms+1ms
D/MediaPlayerService(  744): [97] notify (0xa390c0, 200, 704, 85)
D/MstarPlayer(  744): percent: 85
W/MediaPlayer( 2006): info/warning (704, 85)
I/MediaPlayer.java( 2006): Info (704,85)
D/Downloader(  744): Downloadserver bandWidth:4830702
D/Downloader(  744): Downloadserver bandWidth:4830702
D/Downloader(  744): Downloadserver bandWidth:4830702
D/Downloader(  744): Downloadserver bandWidth:4830702
D/MediaPlayerService(  744): [97] notify (0xa390c0, 200, 704, 86)
D/MstarPlayer(  744): percent: 86
W/MediaPlayer( 2006): info/warning (704, 86)
I/MediaPlayer.java( 2006): Info (704,86)
D/MediaPlayerService(  744): [97] notify (0xa390c0, 200, 704, 86)
D/MstarPlayer(  744): percent: 86
W/MediaPlayer( 2006): info/warning (704, 86)
I/MediaPlayer.java( 2006): Info (704,86)
D/dalvikvm( 1142): GC_CONCURRENT freed 463K, 76% free 1477K/6019K, paused 1ms+1ms
D/MediaPlayerService(  744): [97] notify (0xa390c0, 200, 704, 86)
W/MediaPlayer( 2006): info/warning (704, 86)
D/MstarPlayer(  744): percent: 86
I/MediaPlayer.java( 2006): Info (704,86)
D/MediaPlayerService(  744): [97] notify (0xa390c0, 200, 704, 86)
W/MediaPlayer( 2006): info/warning (704, 86)
D/MstarPlayer(  744): percent: 86
I/MediaPlayer.java( 2006): Info (704,86)
D/dalvikvm( 1142): GC_CONCURRENT freed 666K, 79% free 1318K/6019K, paused 1ms+1ms
D/MediaPlayerService(  744): [97] notify (0xa390c0, 200, 704, 86)
D/MstarPlayer(  744): percent: 86
W/MediaPlayer( 2006): info/warning (704, 86)
I/MediaPlayer.java( 2006): Info (704,86)
D/MediaPlayerService(  744): [97] notify (0xa390c0, 200, 704, 86)
W/MediaPlayer( 2006): info/warning (704, 86)
D/MstarPlayer(  744): percent: 86
I/MediaPlayer.java( 2006): Info (704,86)
D/MediaPlayerService(  744): [97] notify (0xa390c0, 200, 704, 86)
W/MediaPlayer( 2006): info/warning (704, 86)
D/MstarPlayer(  744): percent: 86
I/MediaPlayer.java( 2006): Info (704,86)
D/dalvikvm( 1142): GC_CONCURRENT freed 371K, 76% free 1458K/6019K, paused 2ms+2ms
D/MediaPlayerService(  744): [97] notify (0xa390c0, 200, 704, 86)
D/MstarPlayer(  744): percent: 86
W/MediaPlayer( 2006): info/warning (704, 86)
I/MediaPlayer.java( 2006): Info (704,86)
D/MonitorCw880( 5694): counter=2 && isHeartbeatTimeout=true
D/MediaPlayerService(  744): [97] notify (0xa390c0, 200, 704, 86)
W/MediaPlayer( 2006): info/warning (704, 86)
D/MstarPlayer(  744): percent: 86
I/MediaPlayer.java( 2006): Info (704,86)
D/DataSource_M3U8(  744): u32HLSSreamNum[0]===>u32BandWidth:1433000 
D/DataSource_M3U8(  744): getHLSPlayListInex  DownloadBandWidth:4830702   uInDex=0
D/DataSource_M3U8(  744): [M3U8] checkShouldStartNext :[442](923268/923268)   sequence:0  start next:443  
D/DataSource_M3U8(  744): 
D/DataSource_M3U8(  744): 
D/DataSource_M3U8(  744): 
D/DataSource_M3U8(  744): [M3U8]-7----->This :0x7e5a08 --> post cmd for start next url:http://cibn-iss1.longvisionmedia.com:8088/vod/CIBN2013_CIBN2013040701144642_1433/443.ts, knowedFileSize:0, mCurDowningIndex:442
D/DataSource_M3U8(  744): 
D/DataSource_M3U8(  744): 
D/Downloader(  744): [downloadThread]Downloader::removeTask  
D/Downloader(  744): [downloadThread]StartTask:url :http://cibn-iss1.longvisionmedia.com:8088/vod/CIBN2013_CIBN2013040701144642_1433/443.ts
D/Downloader(  744): [downloadThread]task have range string:0- 
D/MediaPlayerService(  744): [97] notify (0xa390c0, 200, 704, 86)
W/MediaPlayer( 2006): info/warning (704, 86)
D/MstarPlayer(  744): percent: 86
I/MediaPlayer.java( 2006): Info (704,86)
D/MediaPlayerService(  744): [97] notify (0xa390c0, 200, 704, 86)
D/MstarPlayer(  744): percent: 86
W/MediaPlayer( 2006): info/warning (704, 86)
I/MediaPlayer.java( 2006): Info (704,86)
D/dalvikvm( 1142): GC_CONCURRENT freed 535K, 77% free 1432K/6019K, paused 2ms+2ms
D/MediaPlayerService(  744): [97] notify (0xa390c0, 200, 704, 86)
W/MediaPlayer( 2006): info/warning (704, 86)
D/MstarPlayer(  744): percent: 86
I/MediaPlayer.java( 2006): Info (704,86)
D/Downloader(  744): header_callback : -->HTTP/1.0 206 Partial Content
D/Downloader(  744): 
D/Downloader(  744): header_callback : -->Server: nginx/1.2.2
D/Downloader(  744): 
D/Downloader(  744): header_callback : -->Date: Mon, 27 May 2013 01:04:26 GMT
D/Downloader(  744): 
D/Downloader(  744): header_callback : -->Content-Type: application/octet-stream
D/Downloader(  744): 
D/Downloader(  744): header_callback : -->Powered-By-ChinaCache: MISS from CHN-NT-3-3FC
D/Downloader(  744): 
D/Downloader(  744): header_callback : -->Content-Range: bytes 0-1064643/1064644
D/Downloader(  744): 
D/Downloader(  744): header_callback : -->Content-Length: 1064644
D/Downloader(  744): 
D/Downloader(  744): header_callback : -->Powered-By-ChinaCache: MISS from CHN-DG-4-35I
D/Downloader(  744): 
D/Downloader(  744): header_callback : -->Connection: keep-alive
D/Downloader(  744): 
D/Downloader(  744): header_callback : -->
D/Downloader(  744): 
D/MediaPlayerService(  744): [97] notify (0xa390c0, 200, 704, 86)
W/MediaPlayer( 2006): info/warning (704, 86)
D/MstarPlayer(  744): percent: 86
I/MediaPlayer.java( 2006): Info (704,86)
D/dalvikvm( 1142): GC_CONCURRENT freed 500K, 77% free 1402K/6019K, paused 4ms+1ms
D/MediaPlayerService(  744): [97] notify (0xa390c0, 200, 704, 86)
D/MstarPlayer(  744): percent: 86
W/MediaPlayer( 2006): info/warning (704, 86)
I/MediaPlayer.java( 2006): Info (704,86)
D/MediaPlayerService(  744): [97] notify (0xa390c0, 200, 704, 86)
W/MediaPlayer( 2006): info/warning (704, 86)
D/MstarPlayer(  744): percent: 86
I/MediaPlayer.java( 2006): Info (704,86)
D/MediaPlayerService(  744): [97] notify (0xa390c0, 200, 704, 88)
W/MediaPlayer( 2006): info/warning (704, 88)
D/MstarPlayer(  744): percent: 88
I/MediaPlayer.java( 2006): Info (704,88)
D/MediaPlayerService(  744): [97] notify (0xa390c0, 200, 704, 91)
W/MediaPlayer( 2006): info/warning (704, 91)
D/MstarPlayer(  744): percent: 91
I/MediaPlayer.java( 2006): Info (704,91)
D/dalvikvm( 1142): GC_CONCURRENT freed 471K, 77% free 1429K/6019K, paused 2ms+3ms
D/MediaPlayerService(  744): [97] notify (0xa390c0, 200, 704, 94)
W/MediaPlayer( 2006): info/warning (704, 94)
D/MstarPlayer(  744): percent: 94
I/MediaPlayer.java( 2006): Info (704,94)
D/MediaPlayerService(  744): [97] notify (0xa390c0, 200, 704, 98)
W/MediaPlayer( 2006): info/warning (704, 98)
D/MstarPlayer(  744): percent: 98
I/MediaPlayer.java( 2006): Info (704,98)
D/MediaPlayerService(  744): [97] notify (0xa390c0, 200, 32774, 0)
W/MediaPlayer( 2006): info/warning (32774, 0)
D/MediaPlayerService(  744): [97] notify (0xa390c0, 200, 702, 0)
W/MediaPlayer( 2006): info/warning (702, 0)
D/MstarPlayer(  744): MstarPlayer:: send MEDIA_INFO_BUFFERING_END 
D/MstarPlayer(  744): 
D/IMMPlayer(  744): Send MM_SetTrickMode
D/IMMPlayer(  744): u32Item:1
D/IMMPlayer(  744): stTrickInfo->eMode:0
D/IMMPlayer(  744): stTrickInfo->eSpeed:1
D/IMMPlayer(  744): Get ret:0
I/MediaPlayer.java( 2006): Info (32774,0)
I/VideoPlayer( 2006): 
D/seekOnLoading( 2006): seekOnLoading timer is cancle!
I/MediaPlayer.java( 2006): Info (702,0)
I//lib/ld-linux.so.3(  748): 1. Mode: 0, Speed: 1.
I//lib/ld-linux.so.3(  748): SetTrickMode, Mode: 0, Speed: 1.
I//lib/ld-linux.so.3(  748): Send to Co-processor: eMode: 0, eSpeed: 1.
D/Downloader(  744): Downloadserver bandWidth:14101245
D/Downloader(  744): Downloadserver bandWidth:14101245
D/Downloader(  744): Downloadserver bandWidth:14101245
D/Downloader(  744): Downloadserver bandWidth:14101245
D/MstarPlayer(  744): Get Others event : 22
I//lib/ld-linux.so.3(  748): Clr Sync STC
I//lib/ld-linux.so.3(  748): FrmCnt:274(0,0,0) Rate:0 Sys:150319654 STC:2624814 VPTS:2623786 APTS:2624810 Delay:-995(33) V:129 A:128 VES:0x2ed00 AES:0x2860 PCM:0xd80 AudioErr:0x0
D/dalvikvm( 1142): GC_CONCURRENT freed 486K, 76% free 1454K/6019K, paused 3ms+2ms
D/dalvikvm( 1142): GC_CONCURRENT freed 523K, 78% free 1332K/6019K, paused 1ms+2ms
D/dalvikvm( 1142): GC_CONCURRENT freed 400K, 77% free 1442K/6019K, paused 1ms+1ms
D/DataSource_M3U8(  744): u32HLSSreamNum[0]===>u32BandWidth:1433000 
D/DataSource_M3U8(  744): getHLSPlayListInex  DownloadBandWidth:14101245   uInDex=0
D/DataSource_M3U8(  744): [M3U8] checkShouldStartNext :[443](1064644/1064644)   sequence:0  start next:444  
D/DataSource_M3U8(  744): 
D/DataSource_M3U8(  744): 
D/DataSource_M3U8(  744): 
D/DataSource_M3U8(  744): [M3U8]-7----->This :0x7e5a08 --> post cmd for start next url:http://cibn-iss1.longvisionmedia.com:8088/vod/CIBN2013_CIBN2013040701144642_1433/444.ts, knowedFileSize:0, mCurDowningIndex:443
D/DataSource_M3U8(  744): 
D/DataSource_M3U8(  744): 
D/Downloader(  744): [downloadThread]Downloader::removeTask  
D/Downloader(  744): [downloadThread]StartTask:url :http://cibn-iss1.longvisionmedia.com:8088/vod/CIBN2013_CIBN2013040701144642_1433/444.ts
D/Downloader(  744): [downloadThread]task have range string:0- 
D/MediaPlayerService(  744): [97] notify (0xa390c0, 3, 97, 0)
D/dalvikvm( 1142): GC_CONCURRENT freed 524K, 77% free 1403K/6019K, paused 2ms+2ms
D/dalvikvm( 1142): GC_CONCURRENT freed 486K, 78% free 1330K/6019K, paused 2ms+2ms
D/Downloader(  744): header_callback : -->HTTP/1.0 206 Partial Content
D/Downloader(  744): 
D/Downloader(  744): header_callback : -->Server: nginx/1.2.2
D/Downloader(  744): 
D/Downloader(  744): header_callback : -->Date: Mon, 27 May 2013 01:04:27 GMT
D/Downloader(  744): 
D/Downloader(  744): header_callback : -->Content-Type: application/octet-stream
D/Downloader(  744): 
D/Downloader(  744): header_callback : -->Powered-By-ChinaCache: MISS from CHN-BI-3-3n4
D/Downloader(  744): 
D/Downloader(  744): header_callback : -->Content-Range: bytes 0-1172931/1172932
D/Downloader(  744): 
D/Downloader(  744): header_callback : -->Content-Length: 1172932
D/Downloader(  744): 
D/Downloader(  744): header_callback : -->Powered-By-ChinaCache: MISS from CHN-DG-4-35I
D/Downloader(  744): 
D/Downloader(  744): header_callback : -->Connection: keep-alive
D/Downloader(  744): 
D/Downloader(  744): header_callback : -->
D/Downloader(  744): 
D/dalvikvm( 1142): GC_CONCURRENT freed 403K, 77% free 1421K/6019K, paused 2ms+1ms
D/dalvikvm( 1142): GC_CONCURRENT freed 490K, 77% free 1408K/6019K, paused 1ms+1ms
D/dalvikvm( 1142): GC_CONCURRENT freed 473K, 78% free 1371K/6019K, paused 1ms+2ms
D/MonitorCw880( 5694): counter=2 && isHeartbeatTimeout=true
I//lib/ld-linux.so.3(  748): FrmCnt:349(0,10,20) Rate:49 Sys:150321165 STC:2626325 VPTS:2626288 APTS:2626328 Delay:-4(33) V:17 A:130 VES:0x3066e0 AES:0x8000 PCM:0x4b100 AudioErr:0x0
D/dalvikvm( 1142): GC_CONCURRENT freed 440K, 78% free 1324K/6019K, paused 1ms+2ms
D/dalvikvm( 1142): GC_CONCURRENT freed 387K, 78% free 1326K/6019K, paused 3ms+2ms
D/dalvikvm( 1142): GC_CONCURRENT freed 399K, 77% free 1429K/6019K, paused 1ms+2ms
D/dalvikvm( 1142): GC_CONCURRENT freed 501K, 77% free 1384K/6019K, paused 1ms+1ms
D/dalvikvm( 1142): GC_CONCURRENT freed 456K, 78% free 1384K/6019K, paused 1ms+1ms
D/Downloader(  744): Downloadserver bandWidth:4887216
D/Downloader(  744): Downloadserver bandWidth:4887216
D/Downloader(  744): Downloadserver bandWidth:4887216
D/Downloader(  744): Downloadserver bandWidth:4887216
D/dalvikvm( 1142): GC_CONCURRENT freed 449K, 77% free 1406K/6019K, paused 1ms+1ms
D/DataSource_M3U8(  744): u32HLSSreamNum[0]===>u32BandWidth:1433000 
D/DataSource_M3U8(  744): getHLSPlayListInex  DownloadBandWidth:4887216   uInDex=0
D/DataSource_M3U8(  744): [M3U8] checkShouldStartNext :[444](1172932/1172932)   sequence:0  start next:445  
D/DataSource_M3U8(  744): 
D/DataSource_M3U8(  744): 
D/DataSource_M3U8(  744): 
D/DataSource_M3U8(  744): [M3U8]-7----->This :0x7e5a08 --> post cmd for start next url:http://cibn-iss1.longvisionmedia.com:8088/vod/CIBN2013_CIBN2013040701144642_1433/445.ts, knowedFileSize:0, mCurDowningIndex:444
D/DataSource_M3U8(  744): 
D/DataSource_M3U8(  744): 
D/Downloader(  744): [downloadThread]Downloader::removeTask  
D/Downloader(  744): [downloadThread]StartTask:url :http://cibn-iss1.longvisionmedia.com:8088/vod/CIBN2013_CIBN2013040701144642_1433/445.ts
D/Downloader(  744): [downloadThread]task have range string:0- 
D/dalvikvm( 1142): GC_CONCURRENT freed 474K, 77% free 1411K/6019K, paused 2ms+1ms
D/Downloader(  744): header_callback : -->HTTP/1.0 206 Partial Content
D/Downloader(  744): 
D/Downloader(  744): header_callback : -->Server: nginx/1.2.2
D/Downloader(  744): 
D/Downloader(  744): header_callback : -->Date: Mon, 27 May 2013 01:04:29 GMT
D/Downloader(  744): 
D/Downloader(  744): header_callback : -->Content-Type: application/octet-stream
D/Downloader(  744): 
D/Downloader(  744): header_callback : -->Powered-By-ChinaCache: MISS from CHN-NT-3-3FC
D/Downloader(  744): 
D/Downloader(  744): header_callback : -->Content-Range: bytes 0-1134579/1134580
D/Downloader(  744): 
D/Downloader(  744): header_callback : -->Content-Length: 1134580
D/Downloader(  744): 
D/Downloader(  744): header_callback : -->Powered-By-ChinaCache: MISS from CHN-DG-4-35I
D/Downloader(  744): 
D/Downloader(  744): header_callback : -->Connection: keep-alive
D/Downloader(  744): 
D/Downloader(  744): header_callback : -->
D/Downloader(  744): 
D/dalvikvm( 1142): GC_CONCURRENT freed 485K, 77% free 1396K/6019K, paused 1ms+1ms
D/dalvikvm( 1142): GC_CONCURRENT freed 478K, 77% free 1420K/6019K, paused 1ms+1ms
I//lib/ld-linux.so.3(  748): FrmCnt:395(0,10,20) Rate:30 Sys:150322687 STC:2627847 VPTS:2627823 APTS:2627827 Delay:9(33) V:0 A:130 VES:0x3719f0 AES:0x8000 PCM:0x4b880 AudioErr:0x0
D/Downloader(  744): Downloadserver bandWidth:14072310
D/Downloader(  744): Downloadserver bandWidth:14072310
D/Downloader(  744): Downloadserver bandWidth:14050526
D/Downloader(  744): Downloadserver bandWidth:14050526
D/dalvikvm( 1142): GC_CONCURRENT freed 486K, 78% free 1325K/6019K, paused 1ms+1ms
D/MonitorCw880( 5694): counter=2 && isHeartbeatTimeout=true
D/dalvikvm( 1142): GC_CONCURRENT freed 393K, 78% free 1329K/6019K, paused 1ms+1ms
D/DataSource_M3U8(  744): u32HLSSreamNum[0]===>u32BandWidth:1433000 
D/DataSource_M3U8(  744): getHLSPlayListInex  DownloadBandWidth:14050526   uInDex=0
D/DataSource_M3U8(  744): [M3U8] checkShouldStartNext :[445](1134580/1134580)   sequence:0  start next:446  
D/DataSource_M3U8(  744): 
D/DataSource_M3U8(  744): 
D/DataSource_M3U8(  744): 
D/DataSource_M3U8(  744): [M3U8]-7----->This :0x7e5a08 --> post cmd for start next url:http://cibn-iss1.longvisionmedia.com:8088/vod/CIBN2013_CIBN2013040701144642_1433/446.ts, knowedFileSize:0, mCurDowningIndex:445
D/DataSource_M3U8(  744): 
D/DataSource_M3U8(  744): 
D/Downloader(  744): [downloadThread]Downloader::removeTask  
D/Downloader(  744): [downloadThread]StartTask:url :http://cibn-iss1.longvisionmedia.com:8088/vod/CIBN2013_CIBN2013040701144642_1433/446.ts
D/Downloader(  744): [downloadThread]task have range string:0- 
D/dalvikvm( 1142): GC_CONCURRENT freed 404K, 78% free 1337K/6019K, paused 1ms+4ms
D/Downloader(  744): header_callback : -->HTTP/1.0 206 Partial Content
D/Downloader(  744): 
D/Downloader(  744): header_callback : -->Server: nginx/1.2.2
D/Downloader(  744): 
D/Downloader(  744): header_callback : -->Date: Mon, 27 May 2013 01:04:30 GMT
D/Downloader(  744): 
D/Downloader(  744): header_callback : -->Content-Type: application/octet-stream
D/Downloader(  744): 
D/Downloader(  744): header_callback : -->Powered-By-ChinaCache: MISS from CHN-BI-3-3n4
D/Downloader(  744): 
D/Downloader(  744): header_callback : -->Content-Range: bytes 0-1155823/1155824
D/Downloader(  744): 
D/Downloader(  744): header_callback : -->Content-Length: 1155824
D/Downloader(  744): 
D/Downloader(  744): header_callback : -->Powered-By-ChinaCache: MISS from CHN-DG-4-35I
D/Downloader(  744): 
D/Downloader(  744): header_callback : -->Connection: keep-alive
D/Downloader(  744): 
D/Downloader(  744): header_callback : -->
D/Downloader(  744): 
D/dalvikvm( 1142): GC_CONCURRENT freed 409K, 77% free 1405K/6019K, paused 1ms+1ms
D/dalvikvm( 1142): GC_CONCURRENT freed 475K, 77% free 1408K/6019K, paused 1ms+2ms
D/dalvikvm( 1142): GC_CONCURRENT freed 473K, 78% free 1330K/6019K, paused 1ms+2ms
D/dalvikvm( 1142): GC_CONCURRENT freed 404K, 79% free 1313K/6019K, paused 2ms+1ms
I//lib/ld-linux.so.3(  748): FrmCnt:440(0,10,20) Rate:29 Sys:150324189 STC:2629349 VPTS:2629325 APTS:2629334 Delay:9(33) V:0 A:130 VES:0x37bc00 AES:0x8010 PCM:0x4b200 AudioErr:0x0
D/dalvikvm( 1142): GC_CONCURRENT freed 396K, 79% free 1320K/6019K, paused 2ms+2ms
D/dalvikvm( 1142): GC_CONCURRENT freed 407K, 77% free 1421K/6019K, paused 1ms+1ms
D/dalvikvm( 1142): GC_CONCURRENT freed 501K, 77% free 1384K/6019K, paused 1ms+1ms
D/Downloader(  744): Downloadserver bandWidth:5338678
D/Downloader(  744): Downloadserver bandWidth:5338678
D/Downloader(  744): Downloadserver bandWidth:5338678
D/Downloader(  744): Downloadserver bandWidth:5338678
D/MonitorCw880( 5694): counter=2 && isHeartbeatTimeout=true
D/DataSource_M3U8(  744): u32HLSSreamNum[0]===>u32BandWidth:1433000 
D/DataSource_M3U8(  744): getHLSPlayListInex  DownloadBandWidth:5338678   uInDex=0
D/DataSource_M3U8(  744): [M3U8] checkShouldStartNext :[446](1155824/1155824)   sequence:0  start next:447  
D/DataSource_M3U8(  744): 
D/DataSource_M3U8(  744): 
D/DataSource_M3U8(  744): 
D/DataSource_M3U8(  744): [M3U8]-7----->This :0x7e5a08 --> post cmd for start next url:http://cibn-iss1.longvisionmedia.com:8088/vod/CIBN2013_CIBN2013040701144642_1433/447.ts, knowedFileSize:0, mCurDowningIndex:446
D/DataSource_M3U8(  744): 
D/DataSource_M3U8(  744): 
D/Downloader(  744): [downloadThread]Downloader::removeTask  
D/Downloader(  744): [downloadThread]StartTask:url :http://cibn-iss1.longvisionmedia.com:8088/vod/CIBN2013_CIBN2013040701144642_1433/447.ts
D/Downloader(  744): [downloadThread]task have range string:0- 
D/Downloader(  744): header_callback : -->HTTP/1.0 206 Partial Content
D/Downloader(  744): 
D/Downloader(  744): header_callback : -->Server: nginx/1.2.2
D/Downloader(  744): 
D/Downloader(  744): header_callback : -->Date: Mon, 27 May 2013 01:04:32 GMT
D/Downloader(  744): 
D/Downloader(  744): header_callback : -->Content-Type: application/octet-stream
D/Downloader(  744): 
D/Downloader(  744): header_callback : -->Powered-By-ChinaCache: MISS from CHN-NT-3-3FC
D/Downloader(  744): 
D/Downloader(  744): header_callback : -->Content-Range: bytes 0-1180451/1180452
D/Downloader(  744): 
D/Downloader(  744): header_callback : -->Content-Length: 1180452
D/Downloader(  744): 
D/Downloader(  744): header_callback : -->Powered-By-ChinaCache: MISS from CHN-DG-4-35I
D/Downloader(  744): 
D/Downloader(  744): header_callback : -->Connection: keep-alive
D/Downloader(  744): 
D/Downloader(  744): header_callback : -->
D/Downloader(  744): 
I//lib/ld-linux.so.3(  748): FrmCnt:486(0,10,20) Rate:30 Sys:150325716 STC:2630876 VPTS:2630860 APTS:2630860 Delay:17(33) V:0 A:129 VES:0x378960 AES:0x8020 PCM:0x4b980 AudioErr:0x0
D/Downloader(  744): Downloadserver bandWidth:13452444
D/Downloader(  744): Downloadserver bandWidth:13452444
D/Downloader(  744): Downloadserver bandWidth:13452444
D/Downloader(  744): Downloadserver bandWidth:13452444
D/DataSource_M3U8(  744): u32HLSSreamNum[0]===>u32BandWidth:1433000 
D/DataSource_M3U8(  744): getHLSPlayListInex  DownloadBandWidth:13452444   uInDex=0
D/DataSource_M3U8(  744): [M3U8] checkShouldStartNext :[447](1180452/1180452)   sequence:0  start next:448  
D/DataSource_M3U8(  744): 
D/DataSource_M3U8(  744): 
D/DataSource_M3U8(  744): 
D/DataSource_M3U8(  744): [M3U8]-7----->This :0x7e5a08 --> post cmd for start next url:http://cibn-iss1.longvisionmedia.com:8088/vod/CIBN2013_CIBN2013040701144642_1433/448.ts, knowedFileSize:0, mCurDowningIndex:447
D/DataSource_M3U8(  744): 
D/DataSource_M3U8(  744): 
D/Downloader(  744): [downloadThread]Downloader::removeTask  
D/Downloader(  744): [downloadThread]StartTask:url :http://cibn-iss1.longvisionmedia.com:8088/vod/CIBN2013_CIBN2013040701144642_1433/448.ts
D/Downloader(  744): [downloadThread]task have range string:0- 
D/Downloader(  744): header_callback : -->HTTP/1.0 206 Partial Content
D/Downloader(  744): 
D/Downloader(  744): header_callback : -->Server: nginx/1.2.2
D/Downloader(  744): 
D/Downloader(  744): header_callback : -->Date: Mon, 27 May 2013 01:04:33 GMT
D/Downloader(  744): 
D/Downloader(  744): header_callback : -->Content-Type: application/octet-stream
D/Downloader(  744): 
D/Downloader(  744): header_callback : -->Powered-By-ChinaCache: MISS from CHN-BI-3-3n4
D/Downloader(  744): 
D/Downloader(  744): header_callback : -->Content-Range: bytes 0-929471/929472
D/Downloader(  744): 
D/Downloader(  744): header_callback : -->Content-Length: 929472
D/Downloader(  744): 
D/Downloader(  744): header_callback : -->Powered-By-ChinaCache: MISS from CHN-DG-4-35I
D/Downloader(  744): 
D/Downloader(  744): header_callback : -->Connection: keep-alive
D/Downloader(  744): 
D/Downloader(  744): header_callback : -->
D/Downloader(  744): 
D/MonitorCw880( 5694): counter=2 && isHeartbeatTimeout=true
I//lib/ld-linux.so.3(  748): FrmCnt:532(0,10,20) Rate:30 Sys:150327247 STC:2632407 VPTS:2632395 APTS:2632384 Delay:21(33) V:0 A:129 VES:0x3715f0 AES:0x8020 PCM:0x4b100 AudioErr:0x0
D/Downloader(  744): Downloadserver bandWidth:4615627
D/Downloader(  744): Downloadserver bandWidth:4615627
D/Downloader(  744): Downloadserver bandWidth:4615627
D/Downloader(  744): Downloadserver bandWidth:4615627
D/dalvikvm( 1142): GC_CONCURRENT freed 456K, 76% free 1446K/6019K, paused 1ms+2ms
D/DataSource_M3U8(  744): u32HLSSreamNum[0]===>u32BandWidth:1433000 
D/DataSource_M3U8(  744): getHLSPlayListInex  DownloadBandWidth:4615627   uInDex=0
D/DataSource_M3U8(  744): [M3U8] checkShouldStartNext :[448](929472/929472)   sequence:0  start next:449  
D/DataSource_M3U8(  744): 
D/DataSource_M3U8(  744): 
D/DataSource_M3U8(  744): 
D/DataSource_M3U8(  744): [M3U8]-7----->This :0x7e5a08 --> post cmd for start next url:http://cibn-iss1.longvisionmedia.com:8088/vod/CIBN2013_CIBN2013040701144642_1433/449.ts, knowedFileSize:0, mCurDowningIndex:448
D/DataSource_M3U8(  744): 
D/DataSource_M3U8(  744): 
D/Downloader(  744): [downloadThread]Downloader::removeTask  
D/Downloader(  744): [downloadThread]StartTask:url :http://cibn-iss1.longvisionmedia.com:8088/vod/CIBN2013_CIBN2013040701144642_1433/449.ts
D/Downloader(  744): [downloadThread]task have range string:0- 
D/MediaPlayerService(  744): [97] notify (0xa390c0, 3, 98, 0)
D/dalvikvm( 1142): GC_CONCURRENT freed 518K, 78% free 1381K/6019K, paused 1ms+1ms
D/Downloader(  744): header_callback : -->HTTP/1.0 206 Partial Content
D/Downloader(  744): 
D/Downloader(  744): header_callback : -->Server: nginx/1.2.2
D/Downloader(  744): 
D/Downloader(  744): header_callback : -->Date: Mon, 27 May 2013 01:04:35 GMT
D/Downloader(  744): 
D/Downloader(  744): header_callback : -->Content-Type: application/octet-stream
D/Downloader(  744): 
D/Downloader(  744): header_callback : -->Powered-By-ChinaCache: MISS from CHN-NT-3-3FC
D/Downloader(  744): 
D/Downloader(  744): header_callback : -->Content-Range: bytes 0-1188911/1188912
D/Downloader(  744): 
D/Downloader(  744): header_callback : -->Content-Length: 1188912
D/Downloader(  744): 
D/Downloader(  744): header_callback : -->Powered-By-ChinaCache: MISS from CHN-DG-4-35I
D/Downloader(  744): 
D/Downloader(  744): header_callback : -->Connection: keep-alive
D/Downloader(  744): 
D/Downloader(  744): header_callback : -->
D/Downloader(  744): 
D/dalvikvm( 1142): GC_CONCURRENT freed 446K, 78% free 1371K/6019K, paused 1ms+1ms
D/dalvikvm( 1142): GC_CONCURRENT freed 444K, 77% free 1437K/6019K, paused 1ms+2ms
D/Downloader(  744): Downloadserver bandWidth:14345846
D/Downloader(  744): Downloadserver bandWidth:14345846
D/Downloader(  744): Downloadserver bandWidth:14345846
D/Downloader(  744): Downloadserver bandWidth:14345846
I//lib/ld-linux.so.3(  748): FrmCnt:577(0,10,20) Rate:29 Sys:150328770 STC:2633930 VPTS:2633896 APTS:2633913 Delay:-1(33) V:0 A:129 VES:0x379470 AES:0x8020 PCM:0x4b880 AudioErr:0x0
D/dalvikvm( 1142): GC_CONCURRENT freed 518K, 77% free 1394K/6019K, paused 1ms+2ms
D/dalvikvm( 1142): GC_CONCURRENT freed 463K, 76% free 1476K/6019K, paused 1ms+2ms
D/MonitorCw880( 5694): counter=2 && isHeartbeatTimeout=true
D/HomePlayerLib( 1142): hostaddress count is 2
D/dalvikvm( 1142): GC_CONCURRENT freed 558K, 78% free 1336K/6019K, paused 1ms+1ms
D/DataSource_M3U8(  744): u32HLSSreamNum[0]===>u32BandWidth:1433000 
D/DataSource_M3U8(  744): getHLSPlayListInex  DownloadBandWidth:14345846   uInDex=0
D/DataSource_M3U8(  744): [M3U8] checkShouldStartNext :[449](1188912/1188912)   sequence:0  start next:450  
D/DataSource_M3U8(  744): 
D/DataSource_M3U8(  744): 
D/DataSource_M3U8(  744): 
D/DataSource_M3U8(  744): [M3U8]-7----->This :0x7e5a08 --> post cmd for start next url:http://cibn-iss1.longvisionmedia.com:8088/vod/CIBN2013_CIBN2013040701144642_1433/450.ts, knowedFileSize:0, mCurDowningIndex:449
D/DataSource_M3U8(  744): 
D/DataSource_M3U8(  744): 
D/Downloader(  744): [downloadThread]Downloader::removeTask  
D/Downloader(  744): [downloadThread]StartTask:url :http://cibn-iss1.longvisionmedia.com:8088/vod/CIBN2013_CIBN2013040701144642_1433/450.ts
D/Downloader(  744): [downloadThread]task have range string:0- 
D/dalvikvm( 1142): GC_CONCURRENT freed 415K, 78% free 1347K/6019K, paused 2ms+1ms
D/dalvikvm( 1142): GC_CONCURRENT freed 407K, 76% free 1457K/6019K, paused 2ms+1ms
D/dalvikvm( 1142): GC_CONCURRENT freed 536K, 78% free 1327K/6019K, paused 1ms+1ms
D/dalvikvm( 1142): GC_CONCURRENT freed 383K, 76% free 1456K/6019K, paused 1ms+1ms
D/Downloader(  744): header_callback : -->HTTP/1.0 206 Partial Content
D/Downloader(  744): 
D/Downloader(  744): header_callback : -->Server: nginx/1.2.2
D/Downloader(  744): 
D/Downloader(  744): header_callback : -->Date: Mon, 27 May 2013 01:04:36 GMT
D/Downloader(  744): 
D/Downloader(  744): header_callback : -->Content-Type: application/octet-stream
D/Downloader(  744): 
D/Downloader(  744): header_callback : -->Powered-By-ChinaCache: MISS from CHN-BI-3-3n4
D/Downloader(  744): 
D/Downloader(  744): header_callback : -->Content-Range: bytes 0-1055995/1055996
D/Downloader(  744): 
D/Downloader(  744): header_callback : -->Content-Length: 1055996
D/Downloader(  744): 
D/Downloader(  744): header_callback : -->Powered-By-ChinaCache: MISS from CHN-DG-4-35I
D/Downloader(  744): 
D/Downloader(  744): header_callback : -->Connection: keep-alive
D/Downloader(  744): 
D/Downloader(  744): header_callback : -->
D/Downloader(  744): 
D/dalvikvm( 1142): GC_CONCURRENT freed 548K, 77% free 1394K/6019K, paused 1ms+1ms
D/dalvikvm( 1142): GC_CONCURRENT freed 448K, 75% free 1543K/6019K, paused 1ms+1ms
D/dalvikvm( 1142): GC_CONCURRENT freed 612K, 77% free 1427K/6019K, paused 1ms+1ms
D/dalvikvm( 1142): GC_CONCURRENT freed 480K, 76% free 1484K/6019K, paused 1ms+2ms
D/dalvikvm( 1142): GC_CONCURRENT freed 557K, 77% free 1440K/6019K, paused 1ms+1ms
D/dalvikvm( 1142): GC_CONCURRENT freed 511K, 79% free 1320K/6019K, paused 1ms+1ms
D/DataSource_M3U8(  744): ----------UpdatePlaylistThread runing... 
D/dalvikvm( 1142): GC_CONCURRENT freed 395K, 77% free 1420K/6019K, paused 1ms+1ms
D/dalvikvm( 1142): GC_CONCURRENT freed 478K, 76% free 1458K/6019K, paused 1ms+1ms
D/dalvikvm( 1142): GC_CONCURRENT freed 488K, 76% free 1471K/6019K, paused 3ms+1ms
I//lib/ld-linux.so.3(  748): FrmCnt:623(0,10,20) Rate:30 Sys:150330300 STC:2635460 VPTS:2635431 APTS:2635435 Delay:4(33) V:0 A:129 VES:0x37c860 AES:0x8010 PCM:0x4b000 AudioErr:0x0
D/dalvikvm( 1142): GC_CONCURRENT freed 547K, 78% free 1329K/6019K, paused 1ms+1ms
D/dalvikvm( 1142): GC_CONCURRENT freed 385K, 76% free 1452K/6019K, paused 1ms+1ms
D/dalvikvm( 1142): GC_CONCURRENT freed 534K, 79% free 1303K/6019K, paused 2ms+2ms
D/dalvikvm( 1142): GC_CONCURRENT freed 369K, 76% free 1448K/6019K, paused 1ms+1ms
D/dalvikvm( 1142): GC_CONCURRENT freed 565K, 79% free 1311K/6019K, paused 1ms+1ms
D/dalvikvm( 1142): GC_CONCURRENT freed 362K, 76% free 1457K/6019K, paused 1ms+1ms
D/Downloader(  744): Downloadserver bandWidth:4688106
D/Downloader(  744): Downloadserver bandWidth:4688106
D/Downloader(  744): Downloadserver bandWidth:4685506
D/Downloader(  744): Downloadserver bandWidth:4685506
D/MonitorCw880( 5694): counter=2 && isHeartbeatTimeout=true
D/dalvikvm( 1142): GC_CONCURRENT freed 536K, 77% free 1426K/6019K, paused 1ms+1ms
D/DataSource_M3U8(  744): u32HLSSreamNum[0]===>u32BandWidth:1433000 
D/DataSource_M3U8(  744): getHLSPlayListInex  DownloadBandWidth:4685506   uInDex=0
D/DataSource_M3U8(  744): [M3U8] checkShouldStartNext :[450](1055996/1055996)   sequence:0  start next:451  
D/DataSource_M3U8(  744): 
D/DataSource_M3U8(  744): 
D/DataSource_M3U8(  744): 
D/DataSource_M3U8(  744): [M3U8]-7----->This :0x7e5a08 --> post cmd for start next url:http://cibn-iss1.longvisionmedia.com:8088/vod/CIBN2013_CIBN2013040701144642_1433/451.ts, knowedFileSize:0, mCurDowningIndex:450
D/DataSource_M3U8(  744): 
D/DataSource_M3U8(  744): 
D/Downloader(  744): [downloadThread]Downloader::removeTask  
D/Downloader(  744): [downloadThread]StartTask:url :http://cibn-iss1.longvisionmedia.com:8088/vod/CIBN2013_CIBN2013040701144642_1433/451.ts
D/Downloader(  744): [downloadThread]task have range string:0- 
D/dalvikvm( 1142): GC_CONCURRENT freed 495K, 77% free 1422K/6019K, paused 1ms+2ms
D/dalvikvm( 1142): GC_CONCURRENT freed 503K, 77% free 1420K/6019K, paused 2ms+2ms
D/Downloader(  744): header_callback : -->HTTP/1.0 206 Partial Content
D/Downloader(  744): 
D/Downloader(  744): header_callback : -->Server: nginx/1.2.2
D/Downloader(  744): 
D/Downloader(  744): header_callback : -->Date: Mon, 27 May 2013 01:04:38 GMT
D/Downloader(  744): 
D/Downloader(  744): header_callback : -->Content-Type: application/octet-stream
D/Downloader(  744): 
D/Downloader(  744): header_callback : -->Powered-By-ChinaCache: MISS from CHN-NT-3-3FC
D/Downloader(  744): 
D/Downloader(  744): header_callback : -->Content-Range: bytes 0-1265239/1265240
D/Downloader(  744): 
D/Downloader(  744): header_callback : -->Content-Length: 1265240
D/Downloader(  744): 
D/Downloader(  744): header_callback : -->Powered-By-ChinaCache: MISS from CHN-DG-4-35I
D/Downloader(  744): 
D/Downloader(  744): header_callback : -->Connection: keep-alive
D/Downloader(  744): 
D/Downloader(  744): header_callback : -->
D/Downloader(  744): 
D/dalvikvm( 1142): GC_CONCURRENT freed 488K, 78% free 1347K/6019K, paused 2ms+2ms
D/dalvikvm( 1142): GC_CONCURRENT freed 417K, 76% free 1450K/6019K, paused 1ms+1ms
D/dalvikvm( 1142): GC_CONCURRENT freed 517K, 77% free 1422K/6019K, paused 1ms+1ms
D/dalvikvm( 1142): GC_CONCURRENT freed 507K, 79% free 1298K/6019K, paused 1ms+1ms
I//lib/ld-linux.so.3(  748): FrmCnt:669(0,10,20) Rate:30 Sys:150331822 STC:2636982 VPTS:2636966 APTS:2636965 Delay:17(33) V:0 A:130 VES:0x37d120 AES:0x8010 PCM:0x4b780 AudioErr:0x0
D/dalvikvm( 1142): GC_CONCURRENT freed 373K, 77% free 1404K/6019K, paused 1ms+1ms
D/Downloader(  744): Downloadserver bandWidth:10954458
D/Downloader(  744): Downloadserver bandWidth:10954458
D/Downloader(  744): Downloadserver bandWidth:10954458
D/Downloader(  744): Downloadserver bandWidth:10954458
D/DataSource_M3U8(  744): u32HLSSreamNum[0]===>u32BandWidth:1433000 
D/DataSource_M3U8(  744): getHLSPlayListInex  DownloadBandWidth:10954458   uInDex=0
D/DataSource_M3U8(  744): [M3U8] checkShouldStartNext :[451](1265240/1265240)   sequence:0  start next:452  
D/DataSource_M3U8(  744): 
D/DataSource_M3U8(  744): 
D/DataSource_M3U8(  744): 
D/DataSource_M3U8(  744): [M3U8]-7----->This :0x7e5a08 --> post cmd for start next url:http://cibn-iss1.longvisionmedia.com:8088/vod/CIBN2013_CIBN2013040701144642_1433/452.ts, knowedFileSize:0, mCurDowningIndex:451
D/DataSource_M3U8(  744): 
D/DataSource_M3U8(  744): 
D/Downloader(  744): [downloadThread]Downloader::removeTask  
D/Downloader(  744): [downloadThread]StartTask:url :http://cibn-iss1.longvisionmedia.com:8088/vod/CIBN2013_CIBN2013040701144642_1433/452.ts
D/Downloader(  744): [downloadThread]task have range string:0- 
D/dalvikvm( 1142): GC_CONCURRENT freed 488K, 77% free 1408K/6019K, paused 1ms+2ms
D/Downloader(  744): header_callback : -->HTTP/1.0 206 Partial Content
D/Downloader(  744): 
D/Downloader(  744): header_callback : -->Server: nginx/1.2.2
D/Downloader(  744): 
D/Downloader(  744): header_callback : -->Date: Mon, 27 May 2013 01:04:39 GMT
D/Downloader(  744): 
D/Downloader(  744): header_callback : -->Content-Type: application/octet-stream
D/Downloader(  744): 
D/Downloader(  744): header_callback : -->Powered-By-ChinaCache: MISS from CHN-BI-3-3n4
D/Downloader(  744): 
D/Downloader(  744): header_callback : -->Content-Range: bytes 0-1230835/1230836
D/Downloader(  744): 
D/Downloader(  744): header_callback : -->Content-Length: 1230836
D/Downloader(  744): 
D/Downloader(  744): header_callback : -->Powered-By-ChinaCache: MISS from CHN-DG-4-35I
D/Downloader(  744): 
D/Downloader(  744): header_callback : -->Connection: keep-alive
D/Downloader(  744): 
D/Downloader(  744): header_callback : -->
D/Downloader(  744): 
D/dalvikvm( 1142): GC_CONCURRENT freed 474K, 78% free 1371K/6019K, paused 1ms+2ms
D/dalvikvm( 1142): GC_CONCURRENT freed 445K, 77% free 1422K/6019K, paused 5ms+1ms
D/dalvikvm( 1142): GC_CONCURRENT freed 491K, 77% free 1408K/6019K, paused 1ms+1ms
D/dalvikvm( 1142): GC_CONCURRENT freed 475K, 78% free 1371K/6019K, paused 2ms+1ms
D/MonitorCw880( 5694): counter=2 && isHeartbeatTimeout=true
D/dalvikvm( 1142): GC_CONCURRENT freed 442K, 79% free 1321K/6019K, paused 1ms+1ms
I//lib/ld-linux.so.3(  748): FrmCnt:714(0,10,20) Rate:29 Sys:150333325 STC:2638485 VPTS:2638467 APTS:2638462 Delay:15(33) V:0 A:130 VES:0x37eb50 AES:0x8020 PCM:0x4b100 AudioErr:0x0
D/dalvikvm( 1142): GC_CONCURRENT freed 396K, 77% free 1393K/6019K, paused 0ms+2ms
D/dalvikvm( 1142): GC_CONCURRENT freed 474K, 77% free 1420K/6019K, paused 2ms+1ms
D/dalvikvm( 1142): GC_CONCURRENT freed 488K, 78% free 1330K/6019K, paused 2ms+2ms
D/Downloader(  744): Downloadserver bandWidth:5086099
D/Downloader(  744): Downloadserver bandWidth:5086099
D/Downloader(  744): Downloadserver bandWidth:5086099
D/Downloader(  744): Downloadserver bandWidth:5086099
D/DataSource_M3U8(  744): u32HLSSreamNum[0]===>u32BandWidth:1433000 
D/DataSource_M3U8(  744): getHLSPlayListInex  DownloadBandWidth:5086099   uInDex=0
D/DataSource_M3U8(  744): [M3U8] checkShouldStartNext :[452](1230836/1230836)   sequence:0  start next:453  
D/DataSource_M3U8(  744): 
D/DataSource_M3U8(  744): 
D/DataSource_M3U8(  744): 
D/DataSource_M3U8(  744): [M3U8]-7----->This :0x7e5a08 --> post cmd for start next url:http://cibn-iss1.longvisionmedia.com:8088/vod/CIBN2013_CIBN2013040701144642_1433/453.ts, knowedFileSize:0, mCurDowningIndex:452
D/DataSource_M3U8(  744): 
D/DataSource_M3U8(  744): 
D/Downloader(  744): [downloadThread]Downloader::removeTask  
D/Downloader(  744): [downloadThread]StartTask:url :http://cibn-iss1.longvisionmedia.com:8088/vod/CIBN2013_CIBN2013040701144642_1433/453.ts
D/Downloader(  744): [downloadThread]task have range string:0- 
D/MediaPlayerService(  744): [97] notify (0xa390c0, 3, 99, 0)
D/Downloader(  744): header_callback : -->HTTP/1.0 206 Partial Content
D/Downloader(  744): 
D/Downloader(  744): header_callback : -->Server: nginx/1.2.2
D/Downloader(  744): 
D/Downloader(  744): header_callback : -->Date: Mon, 27 May 2013 01:04:41 GMT
D/Downloader(  744): 
D/Downloader(  744): header_callback : -->Content-Type: application/octet-stream
D/Downloader(  744): 
D/Downloader(  744): header_callback : -->Powered-By-ChinaCache: MISS from CHN-NT-3-3FC
D/Downloader(  744): 
D/Downloader(  744): header_callback : -->Content-Range: bytes 0-1009747/1009748
D/Downloader(  744): 
D/Downloader(  744): header_callback : -->Content-Length: 1009748
D/Downloader(  744): 
D/Downloader(  744): header_callback : -->Powered-By-ChinaCache: MISS from CHN-DG-4-35I
D/Downloader(  744): 
D/Downloader(  744): header_callback : -->Connection: keep-alive
D/Downloader(  744): 
D/Downloader(  744): header_callback : -->
D/Downloader(  744): 
D/Downloader(  744): Downloadserver bandWidth:11539977
D/Downloader(  744): Downloadserver bandWidth:11523514
D/Downloader(  744): Downloadserver bandWidth:11523514
D/Downloader(  744): Downloadserver bandWidth:11523514
I//lib/ld-linux.so.3(  748): FrmCnt:760(0,10,20) Rate:30 Sys:150334856 STC:2640017 VPTS:2640002 APTS:2640001 Delay:18(33) V:0 A:130 VES:0x374a10 AES:0x8020 PCM:0x4b200 AudioErr:0x0
D/MonitorCw880( 5694): counter=2 && isHeartbeatTimeout=true
D/DataSource_M3U8(  744): u32HLSSreamNum[0]===>u32BandWidth:1433000 
D/DataSource_M3U8(  744): getHLSPlayListInex  DownloadBandWidth:11523514   uInDex=0
D/DataSource_M3U8(  744): [M3U8] checkShouldStartNext :[453](1009748/1009748)   sequence:0  start next:454  
D/DataSource_M3U8(  744): 
D/DataSource_M3U8(  744): 
D/DataSource_M3U8(  744): 
D/DataSource_M3U8(  744): [M3U8]-7----->This :0x7e5a08 --> post cmd for start next url:http://cibn-iss1.longvisionmedia.com:8088/vod/CIBN2013_CIBN2013040701144642_1433/454.ts, knowedFileSize:0, mCurDowningIndex:453
D/DataSource_M3U8(  744): 
D/DataSource_M3U8(  744): 
D/Downloader(  744): [downloadThread]Downloader::removeTask  
D/Downloader(  744): [downloadThread]StartTask:url :http://cibn-iss1.longvisionmedia.com:8088/vod/CIBN2013_CIBN2013040701144642_1433/454.ts
D/Downloader(  744): [downloadThread]task have range string:0- 
D/Downloader(  744): header_callback : -->HTTP/1.0 206 Partial Content
D/Downloader(  744): 
D/Downloader(  744): header_callback : -->Server: nginx/1.2.2
D/Downloader(  744): 
D/Downloader(  744): header_callback : -->Date: Mon, 27 May 2013 01:04:42 GMT
D/Downloader(  744): 
D/Downloader(  744): header_callback : -->Content-Type: application/octet-stream
D/Downloader(  744): 
D/Downloader(  744): header_callback : -->Powered-By-ChinaCache: MISS from CHN-BI-3-3n4
D/Downloader(  744): 
D/Downloader(  744): header_callback : -->Content-Range: bytes 0-1134579/1134580
D/Downloader(  744): 
D/Downloader(  744): header_callback : -->Content-Length: 1134580
D/Downloader(  744): 
D/Downloader(  744): header_callback : -->Powered-By-ChinaCache: MISS from CHN-DG-4-35I
D/Downloader(  744): 
D/Downloader(  744): header_callback : -->Connection: keep-alive
D/Downloader(  744): 
D/Downloader(  744): header_callback : -->
D/Downloader(  744): 
I//lib/ld-linux.so.3(  748): FrmCnt:805(0,10,20) Rate:29 Sys:150336371 STC:2641532 VPTS:2641504 APTS:2641512 Delay:5(33) V:1 A:130 VES:0x36f3e0 AES:0x8000 PCM:0x4b580 AudioErr:0x0
D/Downloader(  744): Downloadserver bandWidth:5477754
D/Downloader(  744): Downloadserver bandWidth:5477754
D/Downloader(  744): Downloadserver bandWidth:5477754
D/Downloader(  744): Downloadserver bandWidth:5477754
D/MonitorCw880( 5694): counter=2 && isHeartbeatTimeout=true
D/DataSource_M3U8(  744): u32HLSSreamNum[0]===>u32BandWidth:1433000 
D/DataSource_M3U8(  744): getHLSPlayListInex  DownloadBandWidth:5477754   uInDex=0
D/DataSource_M3U8(  744): [M3U8] checkShouldStartNext :[454](1134580/1134580)   sequence:0  start next:455  
D/DataSource_M3U8(  744): 
D/DataSource_M3U8(  744): 
D/DataSource_M3U8(  744): 
D/DataSource_M3U8(  744): [M3U8]-7----->This :0x7e5a08 --> post cmd for start next url:http://cibn-iss1.longvisionmedia.com:8088/vod/CIBN2013_CIBN2013040701144642_1433/455.ts, knowedFileSize:0, mCurDowningIndex:454
D/DataSource_M3U8(  744): 
D/DataSource_M3U8(  744): 
D/Downloader(  744): [downloadThread]Downloader::removeTask  
D/Downloader(  744): [downloadThread]StartTask:url :http://cibn-iss1.longvisionmedia.com:8088/vod/CIBN2013_CIBN2013040701144642_1433/455.ts
D/Downloader(  744): [downloadThread]task have range string:0- 
D/Downloader(  744): header_callback : -->HTTP/1.0 206 Partial Content
D/Downloader(  744): 
D/Downloader(  744): header_callback : -->Server: nginx/1.2.2
D/Downloader(  744): 
D/Downloader(  744): header_callback : -->Date: Mon, 27 May 2013 01:04:44 GMT
D/Downloader(  744): 
D/Downloader(  744): header_callback : -->Content-Type: application/octet-stream
D/Downloader(  744): 
D/Downloader(  744): header_callback : -->Powered-By-ChinaCache: MISS from CHN-NT-3-3FC
D/Downloader(  744): 
D/Downloader(  744): header_callback : -->Content-Range: bytes 0-1315811/1315812
D/Downloader(  744): 
D/Downloader(  744): header_callback : -->Content-Length: 1315812
D/Downloader(  744): 
D/Downloader(  744): header_callback : -->Powered-By-ChinaCache: MISS from CHN-DG-4-35I
D/Downloader(  744): 
D/Downloader(  744): header_callback : -->Connection: keep-alive
D/Downloader(  744): 
D/Downloader(  744): header_callback : -->
D/Downloader(  744): 
I//lib/ld-linux.so.3(  748): FrmCnt:850(0,10,20) Rate:29 Sys:150337877 STC:2643038 VPTS:2643005 APTS:2643020 Delay:0(33) V:1 A:128 VES:0x371990 AES:0x8770 PCM:0x4b900 AudioErr:0x0
D/Downloader(  744): Downloadserver bandWidth:11961927
D/Downloader(  744): Downloadserver bandWidth:11961927
D/Downloader(  744): Downloadserver bandWidth:11961927
D/Downloader(  744): Downloadserver bandWidth:11961927
D/DataSource_M3U8(  744): u32HLSSreamNum[0]===>u32BandWidth:1433000 
D/DataSource_M3U8(  744): getHLSPlayListInex  DownloadBandWidth:11961927   uInDex=0
D/DataSource_M3U8(  744): [M3U8] checkShouldStartNext :[455](1315812/1315812)   sequence:0  start next:456  
D/DataSource_M3U8(  744): 
D/DataSource_M3U8(  744): 
D/DataSource_M3U8(  744): 
D/DataSource_M3U8(  744): [M3U8]-7----->This :0x7e5a08 --> post cmd for start next url:http://cibn-iss1.longvisionmedia.com:8088/vod/CIBN2013_CIBN2013040701144642_1433/456.ts, knowedFileSize:0, mCurDowningIndex:455
D/DataSource_M3U8(  744): 
D/DataSource_M3U8(  744): 
D/Downloader(  744): [downloadThread]Downloader::removeTask  
D/Downloader(  744): [downloadThread]StartTask:url :http://cibn-iss1.longvisionmedia.com:8088/vod/CIBN2013_CIBN2013040701144642_1433/456.ts
D/Downloader(  744): [downloadThread]task have range string:0- 
D/Downloader(  744): header_callback : -->HTTP/1.0 206 Partial Content
D/Downloader(  744): 
D/Downloader(  744): header_callback : -->Server: nginx/1.2.2
D/Downloader(  744): 
D/Downloader(  744): header_callback : -->Date: Mon, 27 May 2013 01:04:45 GMT
D/Downloader(  744): 
D/Downloader(  744): header_callback : -->Content-Type: application/octet-stream
D/Downloader(  744): 
D/Downloader(  744): header_callback : -->Powered-By-ChinaCache: MISS from CHN-BI-3-3n4
D/Downloader(  744): 
D/Downloader(  744): header_callback : -->Content-Range: bytes 0-959927/959928
D/Downloader(  744): 
D/Downloader(  744): header_callback : -->Content-Length: 959928
D/Downloader(  744): 
D/Downloader(  744): header_callback : -->Powered-By-ChinaCache: MISS from CHN-DG-4-35I
D/Downloader(  744): 
D/Downloader(  744): header_callback : -->Connection: keep-alive
D/Downloader(  744): 
D/Downloader(  744): header_callback : -->
D/Downloader(  744): 
D/dalvikvm( 1142): GC_CONCURRENT freed 403K, 77% free 1422K/6019K, paused 1ms+2ms
D/MonitorCw880( 5694): counter=2 && isHeartbeatTimeout=true
D/dalvikvm( 1142): GC_CONCURRENT freed 489K, 76% free 1447K/6019K, paused 1ms+1ms
D/dalvikvm( 1142): GC_CONCURRENT freed 515K, 78% free 1331K/6019K, paused 1ms+1ms
I//lib/ld-linux.so.3(  748): FrmCnt:896(0,10,20) Rate:30 Sys:150339396 STC:2644556 VPTS:2644540 APTS:2644539 Delay:17(33) V:1 A:130 VES:0x379b60 AES:0x8020 PCM:0x4b680 AudioErr:0x0
D/dalvikvm( 1142): GC_CONCURRENT freed 403K, 76% free 1446K/6019K, paused 1ms+2ms
D/dalvikvm( 1142): GC_CONCURRENT freed 529K, 78% free 1326K/6019K, paused 1ms+2ms
D/Downloader(  744): Downloadserver bandWidth:4866555
D/Downloader(  744): Downloadserver bandWidth:4866555
D/Downloader(  744): Downloadserver bandWidth:4866555
D/Downloader(  744): Downloadserver bandWidth:4866555
D/dalvikvm( 1142): GC_CONCURRENT freed 395K, 78% free 1324K/6019K, paused 1ms+1ms
D/dalvikvm( 1142): GC_CONCURRENT freed 392K, 78% free 1370K/6019K, paused 1ms+2ms
D/DataSource_M3U8(  744): u32HLSSreamNum[0]===>u32BandWidth:1433000 
D/DataSource_M3U8(  744): getHLSPlayListInex  DownloadBandWidth:4866555   uInDex=0
D/DataSource_M3U8(  744): [M3U8] checkShouldStartNext :[456](959928/959928)   sequence:0  start next:457  
D/DataSource_M3U8(  744): 
D/DataSource_M3U8(  744): 
D/DataSource_M3U8(  744): 
D/DataSource_M3U8(  744): [M3U8]-7----->This :0x7e5a08 --> post cmd for start next url:http://cibn-iss1.longvisionmedia.com:8088/vod/CIBN2013_CIBN2013040701144642_1433/457.ts, knowedFileSize:0, mCurDowningIndex:456
D/DataSource_M3U8(  744): 
D/DataSource_M3U8(  744): 
D/Downloader(  744): [downloadThread]Downloader::removeTask  
D/Downloader(  744): [downloadThread]StartTask:url :http://cibn-iss1.longvisionmedia.com:8088/vod/CIBN2013_CIBN2013040701144642_1433/457.ts
D/Downloader(  744): [downloadThread]task have range string:0- 
D/dalvikvm( 1142): GC_CONCURRENT freed 443K, 77% free 1396K/6019K, paused 1ms+1ms
D/Downloader(  744): header_callback : -->HTTP/1.0 206 Partial Content
D/Downloader(  744): 
D/Downloader(  744): header_callback : -->Server: nginx/1.2.2
D/Downloader(  744): 
D/Downloader(  744): header_callback : -->Date: Mon, 27 May 2013 01:04:47 GMT
D/Downloader(  744): 
D/Downloader(  744): header_callback : -->Content-Type: application/octet-stream
D/Downloader(  744): 
D/Downloader(  744): header_callback : -->Powered-By-ChinaCache: MISS from CHN-NT-3-3FC
D/Downloader(  744): 
D/Downloader(  744): header_callback : -->Content-Range: bytes 0-1275579/1275580
D/Downloader(  744): 
D/Downloader(  744): header_callback : -->Content-Length: 1275580
D/Downloader(  744): 
D/Downloader(  744): header_callback : -->Powered-By-ChinaCache: MISS from CHN-DG-4-35I
D/Downloader(  744): 
D/Downloader(  744): header_callback : -->Connection: keep-alive
D/Downloader(  744): 
D/Downloader(  744): header_callback : -->
D/Downloader(  744): 
D/dalvikvm( 2006): GC_CONCURRENT freed 1867K, 15% free 38639K/45443K, paused 4ms+15ms
D/dalvikvm( 1142): GC_CONCURRENT freed 476K, 77% free 1420K/6019K, paused 1ms+2ms
D/dalvikvm( 1142): GC_CONCURRENT freed 487K, 78% free 1325K/6019K, paused 1ms+2ms
D/dalvikvm( 1142): GC_CONCURRENT freed 394K, 78% free 1325K/6019K, paused 2ms+1ms
I//lib/ld-linux.so.3(  748): FrmCnt:941(0,10,20) Rate:29 Sys:150340902 STC:2646063 VPTS:2646042 APTS:2646038 Delay:12(33) V:0 A:130 VES:0x383760 AES:0x8000 PCM:0x4b000 AudioErr:0x0
D/MonitorCw880( 5694): counter=2 && isHeartbeatTimeout=true
D/Downloader(  744): Downloadserver bandWidth:12567290
D/Downloader(  744): Downloadserver bandWidth:12567290
D/Downloader(  744): Downloadserver bandWidth:12567290
D/Downloader(  744): Downloadserver bandWidth:12567290
D/dalvikvm( 1142): GC_CONCURRENT freed 400K, 77% free 1393K/6019K, paused 1ms+1ms
D/HomePlayerLib( 1142): hostaddress count is 2
D/dalvikvm( 1142): GC_CONCURRENT freed 469K, 77% free 1435K/6019K, paused 1ms+1ms
D/dalvikvm( 1142): GC_CONCURRENT freed 504K, 77% free 1410K/6019K, paused 0ms+1ms
D/DataSource_M3U8(  744): u32HLSSreamNum[0]===>u32BandWidth:1433000 
D/DataSource_M3U8(  744): getHLSPlayListInex  DownloadBandWidth:12567290   uInDex=0
D/DataSource_M3U8(  744): [M3U8] checkShouldStartNext :[457](1275580/1275580)   sequence:0  start next:458  
D/DataSource_M3U8(  744): 
D/DataSource_M3U8(  744): 
D/DataSource_M3U8(  744): 
D/DataSource_M3U8(  744): [M3U8]-7----->This :0x7e5a08 --> post cmd for start next url:http://cibn-iss1.longvisionmedia.com:8088/vod/CIBN2013_CIBN2013040701144642_1433/458.ts, knowedFileSize:0, mCurDowningIndex:457
D/DataSource_M3U8(  744): 
D/DataSource_M3U8(  744): 
D/Downloader(  744): [downloadThread]Downloader::removeTask  
D/Downloader(  744): [downloadThread]StartTask:url :http://cibn-iss1.longvisionmedia.com:8088/vod/CIBN2013_CIBN2013040701144642_1433/458.ts
D/Downloader(  744): [downloadThread]task have range string:0- 
D/MediaPlayerService(  744): [97] notify (0xa390c0, 3, 100, 0)
D/dalvikvm( 1142): GC_CONCURRENT freed 492K, 77% free 1420K/6019K, paused 1ms+1ms
D/dalvikvm( 1142): GC_CONCURRENT freed 476K, 76% free 1455K/6019K, paused 1ms+1ms
D/Downloader(  744): header_callback : -->HTTP/1.0 206 Partial Content
D/Downloader(  744): 
D/Downloader(  744): header_callback : -->Server: nginx/1.2.2
D/Downloader(  744): 
D/Downloader(  744): header_callback : -->Date: Mon, 27 May 2013 01:04:48 GMT
D/Downloader(  744): 
D/Downloader(  744): header_callback : -->Content-Type: application/octet-stream
D/Downloader(  744): 
D/Downloader(  744): header_callback : -->Powered-By-ChinaCache: MISS from CHN-BI-3-3n4
D/Downloader(  744): 
D/Downloader(  744): header_callback : -->Content-Range: bytes 0-1116343/1116344
D/Downloader(  744): 
D/Downloader(  744): header_callback : -->Content-Length: 1116344
D/Downloader(  744): 
D/Downloader(  744): header_callback : -->Powered-By-ChinaCache: MISS from CHN-DG-4-35I
D/Downloader(  744): 
D/Downloader(  744): header_callback : -->Connection: keep-alive
D/Downloader(  744): 
D/Downloader(  744): header_callback : -->
D/Downloader(  744): 
D/dalvikvm( 1142): GC_CONCURRENT freed 515K, 75% free 1512K/6019K, paused 2ms+1ms
D/dalvikvm( 1142): GC_CONCURRENT freed 561K, 76% free 1460K/6019K, paused 1ms+1ms
D/dalvikvm( 1142): GC_CONCURRENT freed 523K, 78% free 1349K/6019K, paused 1ms+1ms
D/dalvikvm( 1142): GC_CONCURRENT freed 392K, 76% free 1485K/6019K, paused 1ms+1ms
D/dalvikvm( 1142): GC_CONCURRENT freed 566K, 79% free 1319K/6019K, paused 2ms+2ms
D/dalvikvm( 1142): GC_CONCURRENT freed 364K, 75% free 1507K/6019K, paused 5ms+1ms
D/dalvikvm( 1142): GC_CONCURRENT freed 580K, 77% free 1439K/6019K, paused 1ms+1ms
D/dalvikvm( 1142): GC_CONCURRENT freed 500K, 76% free 1455K/6019K, paused 1ms+2ms
D/dalvikvm( 1142): GC_CONCURRENT freed 523K, 76% free 1447K/6019K, paused 1ms+2ms
I//lib/ld-linux.so.3(  748): FrmCnt:986(0,10,20) Rate:29 Sys:150342420 STC:2647580 VPTS:2647543 APTS:2647560 Delay:-4(33) V:0 A:129 VES:0x379e70 AES:0x7f10 PCM:0x4b580 AudioErr:0x0
D/dalvikvm( 1142): GC_CONCURRENT freed 508K, 78% free 1326K/6019K, paused 1ms+1ms
D/dalvikvm( 1142): GC_CONCURRENT freed 366K, 76% free 1472K/6019K, paused 1ms+1ms
D/dalvikvm( 1142): GC_CONCURRENT freed 546K, 77% free 1434K/6019K, paused 1ms+1ms
D/dalvikvm( 1142): GC_CONCURRENT freed 512K, 78% free 1360K/6019K, paused 2ms+1ms
D/dalvikvm( 1142): GC_CONCURRENT freed 430K, 77% free 1441K/6019K, paused 1ms+2ms
D/Downloader(  744): Downloadserver bandWidth:5560866
D/Downloader(  744): Downloadserver bandWidth:5560866
D/Downloader(  744): Downloadserver bandWidth:5560866
D/Downloader(  744): Downloadserver bandWidth:5560866
D/dalvikvm( 1142): GC_CONCURRENT freed 518K, 78% free 1327K/6019K, paused 1ms+1ms
D/dalvikvm( 1142): GC_CONCURRENT freed 391K, 78% free 1330K/6019K, paused 1ms+1ms
D/MonitorCw880( 5694): counter=2 && isHeartbeatTimeout=true
D/dalvikvm( 1142): GC_CONCURRENT freed 470K, 78% free 1365K/6019K, paused 1ms+2ms
D/dalvikvm( 1142): GC_CONCURRENT freed 423K, 78% free 1380K/6019K, paused 1ms+1ms
D/dalvikvm( 1142): GC_CONCURRENT freed 460K, 78% free 1324K/6019K, paused 2ms+2ms
D/DataSource_M3U8(  744): u32HLSSreamNum[0]===>u32BandWidth:1433000 
D/DataSource_M3U8(  744): getHLSPlayListInex  DownloadBandWidth:5560866   uInDex=0
D/DataSource_M3U8(  744): [M3U8] checkShouldStartNext :[458](1116344/1116344)   sequence:0  start next:459  
D/DataSource_M3U8(  744): 
D/DataSource_M3U8(  744): 
D/DataSource_M3U8(  744): 
D/DataSource_M3U8(  744): [M3U8]-7----->This :0x7e5a08 --> post cmd for start next url:http://cibn-iss1.longvisionmedia.com:8088/vod/CIBN2013_CIBN2013040701144642_1433/459.ts, knowedFileSize:0, mCurDowningIndex:458
D/DataSource_M3U8(  744): 
D/DataSource_M3U8(  744): 
D/Downloader(  744): [downloadThread]Downloader::removeTask  
D/Downloader(  744): [downloadThread]StartTask:url :http://cibn-iss1.longvisionmedia.com:8088/vod/CIBN2013_CIBN2013040701144642_1433/459.ts
D/Downloader(  744): [downloadThread]task have range string:0- 
D/dalvikvm( 1142): GC_CONCURRENT freed 393K, 78% free 1366K/6019K, paused 1ms+1ms
D/Downloader(  744): header_callback : -->HTTP/1.0 206 Partial Content
D/Downloader(  744): 
D/Downloader(  744): header_callback : -->Server: nginx/1.2.2
D/Downloader(  744): 
D/Downloader(  744): header_callback : -->Date: Mon, 27 May 2013 01:04:50 GMT
D/Downloader(  744): 
D/Downloader(  744): header_callback : -->Content-Type: application/octet-stream
D/Downloader(  744): 
D/Downloader(  744): header_callback : -->Powered-By-ChinaCache: MISS from CHN-NT-3-3FC
D/Downloader(  744): 
D/Downloader(  744): header_callback : -->Content-Range: bytes 0-1304531/1304532
D/Downloader(  744): 
D/Downloader(  744): header_callback : -->Content-Length: 1304532
D/Downloader(  744): 
D/Downloader(  744): header_callback : -->Powered-By-ChinaCache: MISS from CHN-DG-4-35I
D/Downloader(  744): 
D/Downloader(  744): header_callback : -->Connection: keep-alive
D/Downloader(  744): 
D/Downloader(  744): header_callback : -->
D/Downloader(  744): 
D/dalvikvm( 1142): GC_CONCURRENT freed 442K, 78% free 1335K/6019K, paused 2ms+1ms
D/dalvikvm( 1142): GC_CONCURRENT freed 393K, 76% free 1453K/6019K, paused 1ms+1ms
D/dalvikvm( 1142): GC_CONCURRENT freed 525K, 77% free 1440K/6019K, paused 1ms+1ms
D/dalvikvm( 1142): GC_CONCURRENT freed 522K, 77% free 1420K/6019K, paused 1ms+1ms
I//lib/ld-linux.so.3(  748): FrmCnt:1032(0,10,20) Rate:30 Sys:150343932 STC:2649092 VPTS:2649045 APTS:2649073 Delay:-14(33) V:0 A:129 VES:0x3798c0 AES:0x8020 PCM:0x4bb00 AudioErr:0x0
D/Downloader(  744): Downloadserver bandWidth:13448783
D/Downloader(  744): Downloadserver bandWidth:13448783
D/Downloader(  744): Downloadserver bandWidth:13431474
D/Downloader(  744): Downloadserver bandWidth:13431474
D/dalvikvm( 1142): GC_CONCURRENT freed 487K, 77% free 1422K/6019K, paused 1ms+1ms
D/DataSource_M3U8(  744): u32HLSSreamNum[0]===>u32BandWidth:1433000 
D/DataSource_M3U8(  744): getHLSPlayListInex  DownloadBandWidth:13431474   uInDex=0
D/DataSource_M3U8(  744): [M3U8] checkShouldStartNext :[459](1304532/1304532)   sequence:0  start next:460  
D/DataSource_M3U8(  744): 
D/DataSource_M3U8(  744): 
D/DataSource_M3U8(  744): 
D/DataSource_M3U8(  744): [M3U8]-7----->This :0x7e5a08 --> post cmd for start next url:http://cibn-iss1.longvisionmedia.com:8088/vod/CIBN2013_CIBN2013040701144642_1433/460.ts, knowedFileSize:0, mCurDowningIndex:459
D/DataSource_M3U8(  744): 
D/DataSource_M3U8(  744): 
D/Downloader(  744): [downloadThread]Downloader::removeTask  
D/Downloader(  744): [downloadThread]StartTask:url :http://cibn-iss1.longvisionmedia.com:8088/vod/CIBN2013_CIBN2013040701144642_1433/460.ts
D/Downloader(  744): [downloadThread]task have range string:0- 
D/dalvikvm( 1142): GC_CONCURRENT freed 507K, 79% free 1315K/6019K, paused 1ms+1ms
D/Downloader(  744): header_callback : -->HTTP/1.0 206 Partial Content
D/Downloader(  744): 
D/Downloader(  744): header_callback : -->Server: nginx/1.2.2
D/Downloader(  744): 
D/Downloader(  744): header_callback : -->Date: Mon, 27 May 2013 01:04:51 GMT
D/Downloader(  744): 
D/Downloader(  744): header_callback : -->Content-Type: application/octet-stream
D/Downloader(  744): 
D/Downloader(  744): header_callback : -->Powered-By-ChinaCache: MISS from CHN-BI-3-3n4
D/Downloader(  744): 
D/Downloader(  744): header_callback : -->Content-Range: bytes 0-834343/834344
D/Downloader(  744): 
D/Downloader(  744): header_callback : -->Content-Length: 834344
D/Downloader(  744): 
D/Downloader(  744): header_callback : -->Powered-By-ChinaCache: MISS from CHN-DG-4-35I
D/Downloader(  744): 
D/Downloader(  744): header_callback : -->Connection: keep-alive
D/Downloader(  744): 
D/Downloader(  744): header_callback : -->
D/Downloader(  744): 
D/dalvikvm( 1142): GC_CONCURRENT freed 386K, 78% free 1367K/6019K, paused 1ms+1ms
D/dalvikvm( 1142): GC_CONCURRENT freed 437K, 78% free 1325K/6019K, paused 1ms+2ms
D/dalvikvm( 1142): GC_CONCURRENT freed 392K, 77% free 1407K/6019K, paused 0ms+1ms
D/dalvikvm( 1142): GC_CONCURRENT freed 473K, 78% free 1371K/6019K, paused 0ms+1ms
D/MonitorCw880( 5694): counter=2 && isHeartbeatTimeout=true
D/dalvikvm( 1142): GC_CONCURRENT freed 445K, 77% free 1396K/6019K, paused 1ms+1ms
D/dalvikvm( 1142): GC_CONCURRENT freed 478K, 79% free 1312K/6019K, paused 1ms+2ms
I//lib/ld-linux.so.3(  748): FrmCnt:1077(0,10,20) Rate:29 Sys:150345445 STC:2650605 VPTS:2650579 APTS:2650588 Delay:7(33) V:1 A:130 VES:0x372920 AES:0x7ef0 PCM:0x4ae80 AudioErr:0x0
D/dalvikvm( 1142): GC_CONCURRENT freed 394K, 77% free 1420K/6019K, paused 1ms+2ms
D/dalvikvm( 1142): GC_CONCURRENT freed 485K, 78% free 1330K/6019K, paused 1ms+1ms
D/Downloader(  744): Downloadserver bandWidth:3951895
D/Downloader(  744): Downloadserver bandWidth:3951895
D/Downloader(  744): Downloadserver bandWidth:3951895
D/Downloader(  744): Downloadserver bandWidth:3951895
D/dalvikvm( 1142): GC_CONCURRENT freed 404K, 79% free 1321K/6019K, paused 1ms+1ms
D/dalvikvm( 1142): GC_CONCURRENT freed 396K, 79% free 1319K/6019K, paused 1ms+1ms
D/DataSource_M3U8(  744): u32HLSSreamNum[0]===>u32BandWidth:1433000 
D/DataSource_M3U8(  744): getHLSPlayListInex  DownloadBandWidth:3951895   uInDex=0
D/DataSource_M3U8(  744): [M3U8] checkShouldStartNext :[460](834344/834344)   sequence:0  start next:461  
D/DataSource_M3U8(  744): 
D/DataSource_M3U8(  744): 
D/DataSource_M3U8(  744): 
D/DataSource_M3U8(  744): [M3U8]-7----->This :0x7e5a08 --> post cmd for start next url:http://cibn-iss1.longvisionmedia.com:8088/vod/CIBN2013_CIBN2013040701144642_1433/461.ts, knowedFileSize:0, mCurDowningIndex:460
D/DataSource_M3U8(  744): 
D/DataSource_M3U8(  744): 
D/Downloader(  744): [downloadThread]Downloader::removeTask  
D/Downloader(  744): [downloadThread]StartTask:url :http://cibn-iss1.longvisionmedia.com:8088/vod/CIBN2013_CIBN2013040701144642_1433/461.ts
D/Downloader(  744): [downloadThread]task have range string:0- 
D/dalvikvm( 1142): GC_CONCURRENT freed 394K, 78% free 1336K/6019K, paused 1ms+2ms
D/Downloader(  744): header_callback : -->HTTP/1.0 206 Partial Content
D/Downloader(  744): 
D/Downloader(  744): header_callback : -->Server: nginx/1.2.2
D/Downloader(  744): 
D/Downloader(  744): header_callback : -->Date: Mon, 27 May 2013 01:04:53 GMT
D/Downloader(  744): 
D/Downloader(  744): header_callback : -->Content-Type: application/octet-stream
D/Downloader(  744): 
D/Downloader(  744): header_callback : -->Powered-By-ChinaCache: MISS from CHN-NT-3-3FC
D/Downloader(  744): 
D/Downloader(  744): header_callback : -->Content-Range: bytes 0-1166163/1166164
D/Downloader(  744): 
D/Downloader(  744): header_callback : -->Content-Length: 1166164
D/Downloader(  744): 
D/Downloader(  744): header_callback : -->Powered-By-ChinaCache: MISS from CHN-DG-4-35I
D/Downloader(  744): 
D/Downloader(  744): header_callback : -->Connection: keep-alive
D/Downloader(  744): 
D/Downloader(  744): header_callback : -->
D/Downloader(  744): 
D/dalvikvm( 1142): GC_CONCURRENT freed 406K, 77% free 1421K/6019K, paused 2ms+2ms
I//lib/ld-linux.so.3(  748): FrmCnt:1123(0,10,20) Rate:30 Sys:150346967 STC:2652128 VPTS:2652114 APTS:2652108 Delay:19(33) V:0 A:129 VES:0x36db10 AES:0x8000 PCM:0x4b600 AudioErr:0x0
D/MonitorCw880( 5694): counter=2 && isHeartbeatTimeout=true
D/Downloader(  744): Downloadserver bandWidth:10822867
D/Downloader(  744): Downloadserver bandWidth:10822867
D/Downloader(  744): Downloadserver bandWidth:10822867
D/Downloader(  744): Downloadserver bandWidth:10822867
D/DataSource_M3U8(  744): u32HLSSreamNum[0]===>u32BandWidth:1433000 
D/DataSource_M3U8(  744): getHLSPlayListInex  DownloadBandWidth:10822867   uInDex=0
D/DataSource_M3U8(  744): [M3U8] checkShouldStartNext :[461](1166164/1166164)   sequence:0  start next:462  
D/DataSource_M3U8(  744): 
D/DataSource_M3U8(  744): 
D/DataSource_M3U8(  744): 
D/DataSource_M3U8(  744): [M3U8]-7----->This :0x7e5a08 --> post cmd for start next url:http://cibn-iss1.longvisionmedia.com:8088/vod/CIBN2013_CIBN2013040701144642_1433/462.ts, knowedFileSize:0, mCurDowningIndex:461
D/DataSource_M3U8(  744): 
D/DataSource_M3U8(  744): 
D/Downloader(  744): [downloadThread]Downloader::removeTask  
D/Downloader(  744): [downloadThread]StartTask:url :http://cibn-iss1.longvisionmedia.com:8088/vod/CIBN2013_CIBN2013040701144642_1433/462.ts
D/Downloader(  744): [downloadThread]task have range string:0- 
D/Downloader(  744): header_callback : -->HTTP/1.0 206 Partial Content
D/Downloader(  744): 
D/Downloader(  744): header_callback : -->Server: nginx/1.2.2
D/Downloader(  744): 
D/Downloader(  744): header_callback : -->Date: Mon, 27 May 2013 01:04:54 GMT
D/Downloader(  744): 
D/Downloader(  744): header_callback : -->Content-Type: application/octet-stream
D/Downloader(  744): 
D/Downloader(  744): header_callback : -->Powered-By-ChinaCache: MISS from CHN-BI-3-3n4
D/Downloader(  744): 
D/Downloader(  744): header_callback : -->Content-Range: bytes 0-1175751/1175752
D/Downloader(  744): 
D/Downloader(  744): header_callback : -->Content-Length: 1175752
D/Downloader(  744): 
D/Downloader(  744): header_callback : -->Powered-By-ChinaCache: MISS from CHN-DG-4-35I
D/Downloader(  744): 
D/Downloader(  744): header_callback : -->Connection: keep-alive
D/Downloader(  744): 
D/Downloader(  744): header_callback : -->
D/Downloader(  744): 
I//lib/ld-linux.so.3(  748): FrmCnt:1168(0,10,20) Rate:29 Sys:150348484 STC:2653644 VPTS:2653616 APTS:2653623 Delay:5(33) V:0 A:130 VES:0x3743d0 AES:0x8000 PCM:0x4b980 AudioErr:0x0
D/MonitorCw880( 5694): counter=2 && isHeartbeatTimeout=true
D/Downloader(  744): Downloadserver bandWidth:4559387
D/Downloader(  744): Downloadserver bandWidth:4559387
D/Downloader(  744): Downloadserver bandWidth:4559387
D/Downloader(  744): Downloadserver bandWidth:4559387
I//lib/ld-linux.so.3(  748): FrmCnt:1214(0,10,20) Rate:30 Sys:150350007 STC:2655168 VPTS:2655151 APTS:2655150 Delay:17(33) V:0 A:130 VES:0x380660 AES:0x8000 PCM:0x4b100 AudioErr:0x0
D/dalvikvm( 1142): GC_CONCURRENT freed 499K, 78% free 1344K/6019K, paused 1ms+1ms
D/dalvikvm( 1142): GC_CONCURRENT freed 417K, 77% free 1422K/6019K, paused 1ms+1ms
D/dalvikvm( 1142): GC_CONCURRENT freed 490K, 78% free 1325K/6019K, paused 1ms+1ms
D/dalvikvm( 1142): GC_CONCURRENT freed 394K, 78% free 1324K/6019K, paused 1ms+1ms
D/dalvikvm( 1142): GC_CONCURRENT freed 393K, 78% free 1324K/6019K, paused 1ms+1ms
D/MonitorCw880( 5694): counter=2 && isHeartbeatTimeout=true
I//lib/ld-linux.so.3(  748): FrmCnt:1259(0,10,20) Rate:29 Sys:150351520 STC:2656680 VPTS:2656652 APTS:2656658 Delay:5(33) V:0 A:130 VES:0x37d450 AES:0x8020 PCM:0x4b480 AudioErr:0x0
D/dalvikvm( 1142): GC_CONCURRENT freed 392K, 79% free 1324K/6019K, paused 1ms+1ms
D/dalvikvm( 1142): GC_CONCURRENT freed 417K, 79% free 1304K/6019K, paused 1ms+1ms
D/dalvikvm( 1142): GC_CONCURRENT freed 379K, 77% free 1395K/6019K, paused 0ms+1ms
D/dalvikvm( 1142): GC_CONCURRENT freed 477K, 78% free 1338K/6019K, paused 1ms+1ms
D/dalvikvm( 1142): GC_CONCURRENT freed 407K, 77% free 1430K/6019K, paused 2ms+1ms
D/MonitorCw880( 5694): counter=2 && isHeartbeatTimeout=true
D/dalvikvm( 1142): GC_CONCURRENT freed 513K, 79% free 1302K/6019K, paused 1ms+1ms
I//lib/ld-linux.so.3(  748): FrmCnt:1304(0,10,20) Rate:29 Sys:150353029 STC:2658189 VPTS:2658154 APTS:2658170 Delay:-2(33) V:1 A:130 VES:0x377e30 AES:0x8000 PCM:0x4b800 AudioErr:0x0
D/dalvikvm( 1142): GC_CONCURRENT freed 378K, 77% free 1407K/6019K, paused 4ms+1ms
[150353.278814] IR: [03932] scan key value is 0xec13c936 
[150353.278819]  
[150353.331299] IR: [03932] scan key value is 0xec13c936 
[150353.331305]  D/dalvikvm( 1142): GC_CONCURRENT freed 476K, 77% free 1430K/6019K, paused 2ms+1ms
D/InputEventConsistencyVerifier( 2006): KeyEvent: ACTION_UP but key was not down.
D/InputEventConsistencyVerifier( 2006):   in com.android.internal.policy.impl.PhoneWindow$DecorView@4317b6f8
D/InputEventConsistencyVerifier( 2006):   0: sent at 150353492000000, KeyEvent { action=ACTION_UP, keyCode=KEYCODE_ENTER, scanCode=28, metaState=0, flags=0x8, repeatCount=0, eventTime=150353492, downTime=150353279, deviceId=1, source=0x101 }
D/InputEventConsistencyVerifier( 2006):   -- recent events --
D/InputEventConsistencyVerifier( 2006):   1: sent at 150311060000000, (unhandled) KeyEvent { action=ACTION_UP, keyCode=KEYCODE_ENTER, scanCode=28, metaState=0, flags=0x80000008, repeatCount=0, eventTime=150311060, downTime=150310843, deviceId=1, source=0x101 }
D/InputEventConsistencyVerifier( 2006):   2: sent at 150310216000000, (unhandled) KeyEvent { action=ACTION_UP, keyCode=KEYCODE_DPAD_RIGHT, scanCode=106, metaState=0, flags=0x80000008, repeatCount=0, eventTime=150310216, downTime=150310004, deviceId=1, source=0x101 }
D/InputEventConsistencyVerifier( 2006):   3: sent at 150309932000000, (unhandled) KeyEvent { action=ACTION_UP, keyCode=KEYCODE_DPAD_RIGHT, scanCode=106, metaState=0, flags=0x80000008, repeatCount=0, eventTime=150309932, downTime=150309773, deviceId=1, source=0x101 }
D/InputEventConsistencyVerifier( 2006):   4: sent at 150309708000000, (unhandled) KeyEvent { action=ACTION_UP, keyCode=KEYCODE_DPAD_RIGHT, scanCode=106, metaState=0, flags=0x80000008, repeatCount=0, eventTime=150309708, downTime=150309497, deviceId=1, source=0x101 }
D/InputEventConsistencyVerifier( 2006):   5: sent at 150309284000000, (unhandled) KeyEvent { action=ACTION_UP, keyCode=KEYCODE_DPAD_RIGHT, scanCode=106, metaState=0, flags=0x80000008, repeatCount=0, eventTime=150309284, downTime=150308963, deviceId=1, source=0x101 }
D/dalvikvm( 1142): GC_CONCURRENT freed 505K, 76% free 1503K/6019K, paused 2ms+1ms
D/HomePlayerLib( 1142): hostaddress count is 2
D/dalvikvm( 1142): GC_CONCURRENT freed 584K, 77% free 1426K/6019K, paused 2ms+1ms
D/dalvikvm( 1142): GC_CONCURRENT freed 509K, 78% free 1349K/6019K, paused 1ms+1ms
D/dalvikvm( 1142): GC_CONCURRENT freed 410K, 78% free 1327K/6019K, paused 1ms+1ms
D/dalvikvm( 1142): GC_CONCURRENT freed 400K, 77% free 1408K/6019K, paused 2ms+1ms
D/dalvikvm( 1142): GC_CONCURRENT freed 470K, 78% free 1375K/6019K, paused 1ms+1ms
D/dalvikvm( 1142): GC_CONCURRENT freed 455K, 78% free 1328K/6019K, paused 1ms+2ms
D/dalvikvm( 1142): GC_CONCURRENT freed 395K, 77% free 1410K/6019K, paused 1ms+1ms
D/dalvikvm( 1142): GC_CONCURRENT freed 476K, 78% free 1358K/6019K, paused 0ms+1ms
D/dalvikvm( 1142): GC_CONCURRENT freed 432K, 78% free 1373K/6019K, paused 1ms+1ms
D/dalvikvm( 1142): GC_CONCURRENT freed 419K, 76% free 1468K/6019K, paused 1ms+2ms
D/dalvikvm( 1142): GC_CONCURRENT freed 530K, 76% free 1488K/6019K, paused 1ms+2ms
I//lib/ld-linux.so.3(  748): FrmCnt:1350(0,10,20) Rate:30 Sys:150354553 STC:2659713 VPTS:2659688 APTS:2659693 Delay:8(33) V:0 A:130 VES:0x37af50 AES:0x7f70 PCM:0x4af80 AudioErr:0x0
D/dalvikvm( 1142): GC_CONCURRENT freed 560K, 78% free 1324K/6019K, paused 1ms+2ms
D/dalvikvm( 1142): GC_CONCURRENT freed 380K, 75% free 1507K/6019K, paused 1ms+2ms
D/dalvikvm( 1142): GC_CONCURRENT freed 583K, 78% free 1374K/6019K, paused 1ms+1ms
D/dalvikvm( 1142): GC_CONCURRENT freed 457K, 77% free 1414K/6019K, paused 2ms+2ms
D/dalvikvm( 1142): GC_CONCURRENT freed 478K, 77% free 1425K/6019K, paused 1ms+1ms
D/dalvikvm( 1142): GC_CONCURRENT freed 504K, 78% free 1361K/6019K, paused 1ms+1ms
D/MonitorCw880( 5694): counter=2 && isHeartbeatTimeout=true
D/dalvikvm( 1142): GC_CONCURRENT freed 439K, 78% free 1327K/6019K, paused 1ms+2ms
D/dalvikvm( 1142): GC_CONCURRENT freed 396K, 77% free 1421K/6019K, paused 1ms+1ms
D/dalvikvm( 1142): GC_CONCURRENT freed 500K, 79% free 1321K/6019K, paused 1ms+2ms
D/dalvikvm( 1142): GC_CONCURRENT freed 394K, 78% free 1383K/6019K, paused 2ms+1ms
D/dalvikvm( 1142): GC_CONCURRENT freed 456K, 79% free 1312K/6019K, paused 1ms+1ms
D/dalvikvm( 1142): GC_CONCURRENT freed 396K, 77% free 1418K/6019K, paused 2ms+1ms
D/dalvikvm( 1142): GC_CONCURRENT freed 488K, 77% free 1431K/6019K, paused 1ms+1ms
D/dalvikvm( 1142): GC_CONCURRENT freed 513K, 79% free 1312K/6019K, paused 2ms+1ms
D/dalvikvm( 1142): GC_CONCURRENT freed 373K, 76% free 1450K/6019K, paused 1ms+1ms
D/dalvikvm( 1142): GC_CONCURRENT freed 521K, 77% free 1407K/6019K, paused 1ms+1ms
I//lib/ld-linux.so.3(  748): FrmCnt:1395(0,10,20) Rate:29 Sys:150356065 STC:2661225 VPTS:2661190 APTS:2661206 Delay:-2(33) V:0 A:130 VES:0x376490 AES:0x8000 PCM:0x4b300 AudioErr:0x0
D/dalvikvm( 1142): GC_CONCURRENT freed 475K, 78% free 1330K/6019K, paused 1ms+1ms
D/dalvikvm( 1142): GC_CONCURRENT freed 405K, 77% free 1405K/6019K, paused 1ms+1ms
D/dalvikvm( 1142): GC_CONCURRENT freed 477K, 78% free 1378K/6019K, paused 1ms+1ms
D/dalvikvm( 1142): GC_CONCURRENT freed 448K, 78% free 1326K/6019K, paused 2ms+2ms
D/dalvikvm( 1142): GC_CONCURRENT freed 394K, 78% free 1325K/6019K, paused 2ms+2ms
D/MonitorCw880( 5694): counter=2 && isHeartbeatTimeout=true
I//lib/ld-linux.so.3(  748): FrmCnt:1441(0,10,20) Rate:30 Sys:150357596 STC:2662756 VPTS:2662725 APTS:2662736 Delay:2(33) V:0 A:130 VES:0x374c30 AES:0x8020 PCM:0x4b480 AudioErr:0x0
D/dalvikvm( 1142): GC_CONCURRENT freed 391K, 78% free 1327K/6019K, paused 1ms+2ms
D/MonitorCw880( 5694): counter=2 && isHeartbeatTimeout=true
I//lib/ld-linux.so.3(  748): FrmCnt:1486(0,10,20) Rate:29 Sys:150359101 STC:2664261 VPTS:2664226 APTS:2664242 Delay:-2(33) V:0 A:130 VES:0x385200 AES:0x7f40 PCM:0x4b200 AudioErr:0x0
D/dalvikvm( 1142): GC_CONCURRENT freed 415K, 77% free 1409K/6019K, paused 1ms+1ms
D/dalvikvm( 1142): GC_CONCURRENT freed 477K, 77% free 1389K/6019K, paused 1ms+1ms
D/dalvikvm( 1142): GC_CONCURRENT freed 472K, 78% free 1371K/6019K, paused 1ms+2ms
D/dalvikvm( 1142): GC_CONCURRENT freed 444K, 78% free 1338K/6019K, paused 1ms+1ms
D/dalvikvm( 1142): GC_CONCURRENT freed 408K, 78% free 1324K/6019K, paused 1ms+2ms
D/dalvikvm( 1142): GC_CONCURRENT freed 394K, 79% free 1324K/6019K, paused 1ms+1ms
D/DataSource_M3U8(  744): ----------UpdatePlaylistThread runing... 
D/dalvikvm( 1142): GC_CONCURRENT freed 393K, 77% free 1408K/6019K, paused 1ms+1ms
I//lib/ld-linux.so.3(  748): FrmCnt:1531(0,10,20) Rate:29 Sys:150360613 STC:2665773 VPTS:2665728 APTS:2665752 Delay:-12(33) V:1 A:130 VES:0x377830 AES:0x8010 PCM:0x4b180 AudioErr:0x0
D/MonitorCw880( 5694): counter=2 && isHeartbeatTimeout=true
D/dalvikvm( 1142): GC_CONCURRENT freed 472K, 78% free 1328K/6019K, paused 1ms+1ms
D/dalvikvm( 1142): GC_CONCURRENT freed 393K, 78% free 1329K/6019K, paused 1ms+1ms
D/dalvikvm( 1142): GC_CONCURRENT freed 400K, 79% free 1323K/6019K, paused 1ms+1ms
D/dalvikvm( 1142): GC_CONCURRENT freed 393K, 77% free 1406K/6019K, paused 1ms+1ms
D/dalvikvm( 1142): GC_CONCURRENT freed 475K, 77% free 1407K/6019K, paused 1ms+1ms
D/dalvikvm( 1142): GC_CONCURRENT freed 475K, 78% free 1330K/6019K, paused 1ms+2ms
I//lib/ld-linux.so.3(  748): FrmCnt:1577(0,10,20) Rate:30 Sys:150362124 STC:2667284 VPTS:2667263 APTS:2667269 Delay:12(33) V:0 A:129 VES:0x379860 AES:0x7f20 PCM:0x4af00 AudioErr:0x0
D/MonitorCw880( 5694): counter=2 && isHeartbeatTimeout=true
I//lib/ld-linux.so.3(  748): FrmCnt:1622(0,10,20) Rate:29 Sys:150363644 STC:2668804 VPTS:2668764 APTS:2668788 Delay:-7(33) V:0 A:130 VES:0x382930 AES:0x8020 PCM:0x4bc00 AudioErr:0x0
D/dalvikvm( 1142): GC_CONCURRENT freed 402K, 79% free 1313K/6019K, paused 1ms+1ms
D/dalvikvm( 1142): GC_CONCURRENT freed 396K, 78% free 1336K/6019K, paused 1ms+1ms
D/dalvikvm( 1142): GC_CONCURRENT freed 407K, 77% free 1429K/6019K, paused 1ms+1ms
D/dalvikvm( 1142): GC_CONCURRENT freed 501K, 77% free 1384K/6019K, paused 1ms+1ms
D/dalvikvm( 1142): GC_CONCURRENT freed 457K, 79% free 1312K/6019K, paused 1ms+1ms
D/dalvikvm( 1142): GC_CONCURRENT freed 395K, 78% free 1336K/6019K, paused 2ms+1ms
D/dalvikvm( 1142): GC_CONCURRENT freed 432K, 77% free 1404K/6019K, paused 1ms+1ms
D/MonitorCw880( 5694): counter=2 && isHeartbeatTimeout=true
D/dalvikvm( 1142): GC_CONCURRENT freed 476K, 77% free 1384K/6019K, paused 0ms+4ms
I//lib/ld-linux.so.3(  748): FrmCnt:1668(0,10,20) Rate:30 Sys:150365160 STC:2670321 VPTS:2670299 APTS:2670304 Delay:11(33) V:0 A:129 VES:0x3765a0 AES:0x8020 PCM:0x4b980 AudioErr:0x0
D/dalvikvm( 1142): GC_CONCURRENT freed 459K, 76% free 1478K/6019K, paused 2ms+2ms
D/HomePlayerLib( 1142): hostaddress count is 2
D/dalvikvm( 1142): GC_CONCURRENT freed 530K, 76% free 1454K/6019K, paused 1ms+1ms
D/dalvikvm( 1142): GC_CONCURRENT freed 528K, 77% free 1406K/6019K, paused 1ms+1ms
D/dalvikvm( 1142): GC_CONCURRENT freed 485K, 77% free 1423K/6019K, paused 1ms+1ms
D/dalvikvm( 1142): GC_CONCURRENT freed 506K, 77% free 1400K/6019K, paused 1ms+1ms
D/dalvikvm( 1142): GC_CONCURRENT freed 457K, 76% free 1449K/6019K, paused 1ms+1ms
D/dalvikvm( 1142): GC_CONCURRENT freed 505K, 76% free 1450K/6019K, paused 0ms+1ms
D/dalvikvm( 1142): GC_CONCURRENT freed 524K, 77% free 1437K/6019K, paused 0ms+1ms
D/dalvikvm( 1142): GC_CONCURRENT freed 506K, 77% free 1419K/6019K, paused 1ms+1ms
D/dalvikvm( 1142): GC_CONCURRENT freed 487K, 77% free 1442K/6019K, paused 1ms+1ms
D/dalvikvm( 1142): GC_CONCURRENT freed 520K, 76% free 1457K/6019K, paused 1ms+1ms
D/dalvikvm( 1142): GC_CONCURRENT freed 505K, 76% free 1461K/6019K, paused 1ms+4ms
D/dalvikvm( 1142): GC_CONCURRENT freed 537K, 79% free 1308K/6019K, paused 1ms+1ms
D/dalvikvm( 1142): GC_CONCURRENT freed 368K, 77% free 1425K/6019K, paused 1ms+1ms
D/dalvikvm( 1142): GC_CONCURRENT freed 490K, 77% free 1443K/6019K, paused 1ms+1ms
D/dalvikvm( 1142): GC_CONCURRENT freed 523K, 76% free 1452K/6019K, paused 1ms+1ms
D/dalvikvm( 1142): GC_CONCURRENT freed 526K, 78% free 1332K/6019K, paused 4ms+1ms
D/dalvikvm( 1142): GC_CONCURRENT freed 404K, 77% free 1437K/6019K, paused 1ms+1ms
I//lib/ld-linux.so.3(  748): FrmCnt:1713(0,10,20) Rate:29 Sys:150366682 STC:2671842 VPTS:2671801 APTS:2671824 Delay:-8(33) V:0 A:130 VES:0x37d480 AES:0x8010 PCM:0x4b700 AudioErr:0x0
D/dalvikvm( 1142): GC_CONCURRENT freed 516K, 77% free 1403K/6019K, paused 0ms+1ms
D/dalvikvm( 1142): GC_CONCURRENT freed 475K, 78% free 1361K/6019K, paused 1ms+1ms
D/dalvikvm( 1142): GC_CONCURRENT freed 431K, 76% free 1445K/6019K, paused 0ms+1ms
D/MonitorCw880( 5694): counter=2 && isHeartbeatTimeout=true
D/dalvikvm( 1142): GC_CONCURRENT freed 486K, 77% free 1439K/6019K, paused 2ms+1ms
D/dalvikvm( 1142): GC_CONCURRENT freed 498K, 76% free 1453K/6019K, paused 1ms+2ms
D/dalvikvm( 1142): GC_CONCURRENT freed 516K, 76% free 1475K/6019K, paused 1ms+2ms
D/dalvikvm( 1142): GC_CONCURRENT freed 551K, 78% free 1330K/6019K, paused 1ms+4ms
D/dalvikvm( 1142): GC_CONCURRENT freed 402K, 77% free 1422K/6019K, paused 1ms+1ms
D/dalvikvm( 1142): GC_CONCURRENT freed 490K, 78% free 1325K/6019K, paused 1ms+1ms
D/dalvikvm( 1142): GC_CONCURRENT freed 394K, 79% free 1323K/6019K, paused 1ms+1ms
D/dalvikvm( 1142): GC_CONCURRENT freed 393K, 77% free 1406K/6019K, paused 0ms+1ms
I//lib/ld-linux.so.3(  748): FrmCnt:1759(0,10,20) Rate:29 Sys:150368218 STC:2673378 VPTS:2673335 APTS:2673355 Delay:-10(33) V:0 A:130 VES:0x37a010 AES:0x8000 PCM:0x4b880 AudioErr:0x0
D/dalvikvm( 1142): GC_CONCURRENT freed 485K, 78% free 1339K/6019K, paused 2ms+1ms
D/dalvikvm( 1142): GC_CONCURRENT freed 410K, 77% free 1430K/6019K, paused 1ms+1ms
D/MonitorCw880( 5694): counter=2 && isHeartbeatTimeout=true
I//lib/ld-linux.so.3(  748): FrmCnt:1804(0,10,20) Rate:29 Sys:150369719 STC:2674879 VPTS:2674837 APTS:2674861 Delay:-9(33) V:0 A:130 VES:0x378200 AES:0x8010 PCM:0x4b200 AudioErr:0x0
D/MonitorCw880( 5694): counter=2 && isHeartbeatTimeout=true
I//lib/ld-linux.so.3(  748): FrmCnt:1850(0,10,20) Rate:30 Sys:150371237 STC:2676398 VPTS:2676372 APTS:2676374 Delay:7(33) V:0 A:129 VES:0x3739e0 AES:0x7ff0 PCM:0x4af80 AudioErr:0x0
D/dalvikvm( 1142): GC_CONCURRENT freed 513K, 77% free 1412K/6019K, paused 0ms+1ms
D/dalvikvm( 1142): GC_CONCURRENT freed 485K, 77% free 1396K/6019K, paused 1ms+1ms
D/dalvikvm( 1142): GC_CONCURRENT freed 477K, 77% free 1421K/6019K, paused 1ms+1ms
D/dalvikvm( 1142): GC_CONCURRENT freed 488K, 78% free 1371K/6019K, paused 1ms+1ms
I//lib/ld-linux.so.3(  748): FrmCnt:1896(0,10,20) Rate:30 Sys:150372764 STC:2677924 VPTS:2677907 APTS:2677905 Delay:16(33) V:1 A:130 VES:0x37a120 AES:0x8010 PCM:0x4b700 AudioErr:0x0
D/MonitorCw880( 5694): counter=2 && isHeartbeatTimeout=true
I//lib/ld-linux.so.3(  748): FrmCnt:1941(0,10,20) Rate:29 Sys:150374278 STC:2679439 VPTS:2679408 APTS:2679422 Delay:2(33) V:0 A:130 VES:0x376b10 AES:0x8000 PCM:0x4b480 AudioErr:0x0
D/MonitorCw880( 5694): counter=2 && isHeartbeatTimeout=true
D/dalvikvm( 1142): GC_CONCURRENT freed 444K, 79% free 1312K/6019K, paused 1ms+1ms
D/dalvikvm( 1142): GC_CONCURRENT freed 395K, 77% free 1419K/6019K, paused 1ms+1ms
D/dalvikvm( 1142): GC_CONCURRENT freed 487K, 77% free 1407K/6019K, paused 1ms+1ms
I//lib/ld-linux.so.3(  748): FrmCnt:1986(0,10,20) Rate:29 Sys:150375784 STC:2680945 VPTS:2680910 APTS:2680924 Delay:-2(33) V:0 A:130 VES:0x381fa0 AES:0x7f00 PCM:0x4ae00 AudioErr:0x0
D/dalvikvm( 1142): GC_CONCURRENT freed 475K, 78% free 1330K/6019K, paused 1ms+1ms
D/dalvikvm( 1142): GC_CONCURRENT freed 405K, 79% free 1312K/6019K, paused 1ms+1ms
D/dalvikvm( 1142): GC_CONCURRENT freed 395K, 77% free 1402K/6019K, paused 1ms+1ms
D/dalvikvm( 1142): GC_CONCURRENT freed 486K, 77% free 1407K/6019K, paused 1ms+1ms
D/dalvikvm( 1142): GC_CONCURRENT freed 475K, 78% free 1330K/6019K, paused 1ms+2ms
D/HomePlayerLib( 1142): hostaddress count is 2
D/dalvikvm( 1142): GC_CONCURRENT freed 412K, 77% free 1423K/6019K, paused 1ms+1ms
D/dalvikvm( 1142): GC_CONCURRENT freed 508K, 77% free 1423K/6019K, paused 1ms+4ms
D/dalvikvm( 1142): GC_CONCURRENT freed 502K, 77% free 1430K/6019K, paused 1ms+1ms
D/dalvikvm( 1142): GC_CONCURRENT freed 509K, 77% free 1411K/6019K, paused 1ms+1ms
D/dalvikvm( 1142): GC_CONCURRENT freed 464K, 76% free 1458K/6019K, paused 1ms+1ms
D/MonitorCw880( 5694): counter=2 && isHeartbeatTimeout=true
D/dalvikvm( 1142): GC_CONCURRENT freed 526K, 77% free 1440K/6019K, paused 1ms+1ms
D/dalvikvm( 1142): GC_CONCURRENT freed 606K, 78% free 1346K/6019K, paused 1ms+1ms
D/dalvikvm( 1142): GC_CONCURRENT freed 419K, 77% free 1422K/6019K, paused 0ms+1ms
D/dalvikvm( 1142): GC_CONCURRENT freed 475K, 76% free 1458K/6019K, paused 1ms+2ms
I//lib/ld-linux.so.3(  748): FrmCnt:2032(0,10,20) Rate:30 Sys:150377305 STC:2682465 VPTS:2682445 APTS:2682450 Delay:13(33) V:0 A:130 VES:0x37a310 AES:0x8000 PCM:0x4b580 AudioErr:0x0
D/dalvikvm( 1142): GC_CONCURRENT freed 525K, 77% free 1444K/6019K, paused 1ms+1ms
D/dalvikvm( 1142): GC_CONCURRENT freed 497K, 76% free 1454K/6019K, paused 2ms+2ms
D/dalvikvm( 1142): GC_CONCURRENT freed 538K, 77% free 1387K/6019K, paused 1ms+1ms
D/dalvikvm( 1142): GC_CONCURRENT freed 450K, 76% free 1463K/6019K, paused 2ms+2ms
D/dalvikvm( 1142): GC_CONCURRENT freed 529K, 77% free 1442K/6019K, paused 0ms+1ms
D/dalvikvm( 1142): GC_CONCURRENT freed 513K, 75% free 1520K/6019K, paused 1ms+1ms
D/dalvikvm( 1142): GC_CONCURRENT freed 601K, 79% free 1303K/6019K, paused 1ms+1ms
D/dalvikvm( 1142): GC_CONCURRENT freed 372K, 77% free 1442K/6019K, paused 1ms+1ms
D/dalvikvm( 1142): GC_CONCURRENT freed 530K, 78% free 1360K/6019K, paused 1ms+1ms
D/dalvikvm( 1142): GC_CONCURRENT freed 433K, 79% free 1312K/6019K, paused 1ms+1ms
D/dalvikvm( 1142): GC_CONCURRENT freed 392K, 78% free 1341K/6019K, paused 2ms+2ms
D/dalvikvm( 1142): GC_CONCURRENT freed 415K, 78% free 1355K/6019K, paused 0ms+2ms
D/dalvikvm( 1142): GC_CONCURRENT freed 430K, 77% free 1437K/6019K, paused 1ms+1ms
D/dalvikvm( 1142): GC_CONCURRENT freed 486K, 78% free 1356K/6019K, paused 1ms+1ms
D/dalvikvm( 1142): GC_CONCURRENT freed 432K, 79% free 1310K/6019K, paused 1ms+1ms
D/dalvikvm( 1142): GC_CONCURRENT freed 394K, 79% free 1317K/6019K, paused 1ms+1ms
I//lib/ld-linux.so.3(  748): FrmCnt:2077(0,10,20) Rate:29 Sys:150378819 STC:2683980 VPTS:2683946 APTS:2683958 Delay:-1(33) V:0 A:129 VES:0x37a220 AES:0x8010 PCM:0x4b900 AudioErr:0x0
D/dalvikvm( 1142): GC_CONCURRENT freed 387K, 77% free 1442K/6019K, paused 1ms+1ms
D/MonitorCw880( 5694): counter=2 && isHeartbeatTimeout=true
D/dalvikvm( 1142): GC_CONCURRENT freed 512K, 78% free 1324K/6019K, paused 2ms+2ms
D/dalvikvm( 1142): GC_CONCURRENT freed 400K, 77% free 1411K/6019K, paused 1ms+1ms
D/dalvikvm( 1142): GC_CONCURRENT freed 482K, 78% free 1338K/6019K, paused 1ms+1ms
D/dalvikvm( 1142): GC_CONCURRENT freed 410K, 78% free 1324K/6019K, paused 1ms+1ms
D/dalvikvm( 1142): GC_CONCURRENT freed 394K, 77% free 1405K/6019K, paused 1ms+2ms
D/dalvikvm( 1142): GC_CONCURRENT freed 474K, 78% free 1325K/6019K, paused 1ms+2ms
D/dalvikvm( 1142): GC_CONCURRENT freed 394K, 78% free 1324K/6019K, paused 2ms+1ms
D/dalvikvm( 1142): GC_CONCURRENT freed 391K, 78% free 1324K/6019K, paused 1ms+2ms
I//lib/ld-linux.so.3(  748): FrmCnt:2122(0,10,20) Rate:29 Sys:150380329 STC:2685490 VPTS:2685448 APTS:2685471 Delay:-9(33) V:0 A:130 VES:0x37deb0 AES:0x8020 PCM:0x4bc80 AudioErr:0x0
D/dalvikvm( 1142): GC_CONCURRENT freed 402K, 77% free 1421K/6019K, paused 1ms+1ms
D/dalvikvm( 1142): GC_CONCURRENT freed 490K, 77% free 1408K/6019K, paused 1ms+1ms
D/dalvikvm( 1142): GC_CONCURRENT freed 473K, 78% free 1371K/6019K, paused 2ms+2ms
D/MonitorCw880( 5694): counter=2 && isHeartbeatTimeout=true
D/dalvikvm( 1142): GC_CONCURRENT freed 444K, 77% free 1423K/6019K, paused 2ms+1ms
D/dalvikvm( 1142): GC_CONCURRENT freed 489K, 77% free 1408K/6019K, paused 1ms+1ms
D/dalvikvm( 1142): GC_CONCURRENT freed 475K, 77% free 1437K/6019K, paused 1ms+1ms
D/dalvikvm( 1142): GC_CONCURRENT freed 509K, 77% free 1434K/6019K, paused 1ms+1ms
I//lib/ld-linux.so.3(  748): FrmCnt:2168(0,10,20) Rate:30 Sys:150381846 STC:2687006 VPTS:2686982 APTS:2686985 Delay:9(33) V:0 A:129 VES:0x384f10 AES:0x8000 PCM:0x4ba00 AudioErr:0x0
D/dalvikvm( 1142): GC_CONCURRENT freed 514K, 78% free 1338K/6019K, paused 1ms+1ms
D/MonitorCw880( 5694): counter=2 && isHeartbeatTimeout=true
D/dalvikvm( 1142): GC_CONCURRENT freed 406K, 78% free 1330K/6019K, paused 1ms+1ms
D/dalvikvm( 1142): GC_CONCURRENT freed 404K, 77% free 1421K/6019K, paused 1ms+2ms
I//lib/ld-linux.so.3(  748): FrmCnt:2213(0,10,20) Rate:29 Sys:150383356 STC:2688516 VPTS:2688484 APTS:2688498 Delay:1(33) V:0 A:130 VES:0x37db30 AES:0x7eb0 PCM:0x4bd80 AudioErr:0x0
D/dalvikvm( 1142): GC_CONCURRENT freed 491K, 76% free 1447K/6019K, paused 2ms+1ms
D/dalvikvm( 1142): GC_CONCURRENT freed 515K, 78% free 1331K/6019K, paused 1ms+2ms
I//lib/ld-linux.so.3(  748): FrmCnt:2259(0,10,20) Rate:30 Sys:150384878 STC:2690039 VPTS:2690019 APTS:2690019 Delay:13(33) V:0 A:129 VES:0x371090 AES:0x8000 PCM:0x4b500 AudioErr:0x0
D/MonitorCw880( 5694): counter=2 && isHeartbeatTimeout=true
D/dalvikvm( 1142): GC_CONCURRENT freed 402K, 77% free 1421K/6019K, paused 1ms+2ms
D/dalvikvm( 1142): GC_CONCURRENT freed 490K, 77% free 1409K/6019K, paused 1ms+1ms
D/dalvikvm( 1142): GC_CONCURRENT freed 475K, 78% free 1325K/6019K, paused 1ms+1ms
D/dalvikvm( 1142): GC_CONCURRENT freed 394K, 78% free 1329K/6019K, paused 1ms+2ms
I//lib/ld-linux.so.3(  748): FrmCnt:2304(0,10,20) Rate:29 Sys:150386405 STC:2691565 VPTS:2691520 APTS:2691551 Delay:-12(33) V:0 A:130 VES:0x378b00 AES:0x8010 PCM:0x4bc00 AudioErr:0x0
D/dalvikvm( 1142): GC_CONCURRENT freed 403K, 78% free 1338K/6019K, paused 1ms+1ms
D/MonitorCw880( 5694): counter=2 && isHeartbeatTimeout=true
D/dalvikvm( 1142): GC_CONCURRENT freed 408K, 76% free 1447K/6019K, paused 1ms+1ms
D/dalvikvm( 1142): GC_CONCURRENT freed 515K, 77% free 1409K/6019K, paused 2ms+1ms
D/dalvikvm( 1142): GC_CONCURRENT freed 485K, 77% free 1422K/6019K, paused 1ms+1ms
D/dalvikvm( 1142): GC_CONCURRENT freed 491K, 77% free 1422K/6019K, paused 4ms+1ms
D/dalvikvm( 1142): GC_CONCURRENT freed 500K, 78% free 1344K/6019K, paused 1ms+2ms
I//lib/ld-linux.so.3(  748): FrmCnt:2350(0,10,20) Rate:30 Sys:150387936 STC:2693097 VPTS:2693055 APTS:2693077 Delay:-9(33) V:1 A:130 VES:0x379380 AES:0x8000 PCM:0x4b380 AudioErr:0x0
D/dalvikvm( 1142): GC_CONCURRENT freed 417K, 76% free 1463K/6019K, paused 2ms+2ms
D/dalvikvm( 1142): GC_CONCURRENT freed 531K, 77% free 1439K/6019K, paused 0ms+1ms
D/HomePlayerLib( 1142): hostaddress count is 2
D/dalvikvm( 1142): GC_CONCURRENT freed 506K, 77% free 1405K/6019K, paused 2ms+1ms
D/dalvikvm( 1142): GC_CONCURRENT freed 484K, 77% free 1432K/6019K, paused 1ms+1ms
D/dalvikvm( 1142): GC_CONCURRENT freed 513K, 77% free 1428K/6019K, paused 1ms+1ms
D/dalvikvm( 1142): GC_CONCURRENT freed 510K, 77% free 1425K/6019K, paused 1ms+1ms
D/dalvikvm( 1142): GC_CONCURRENT freed 487K, 78% free 1333K/6019K, paused 2ms+2ms
D/dalvikvm( 1142): GC_CONCURRENT freed 416K, 78% free 1345K/6019K, paused 2ms+1ms
D/dalvikvm( 1142): GC_CONCURRENT freed 417K, 77% free 1441K/6019K, paused 2ms+2ms
D/MonitorCw880( 5694): counter=2 && isHeartbeatTimeout=true
D/dalvikvm( 1142): GC_CONCURRENT freed 546K, 77% free 1386K/6019K, paused 1ms+1ms
D/dalvikvm( 1142): GC_CONCURRENT freed 451K, 77% free 1434K/6019K, paused 1ms+2ms
D/dalvikvm( 1142): GC_CONCURRENT freed 495K, 76% free 1450K/6019K, paused 4ms+1ms
D/dalvikvm( 1142): GC_CONCURRENT freed 518K, 75% free 1534K/6019K, paused 1ms+2ms
I//lib/ld-linux.so.3(  748): FrmCnt:2396(0,10,20) Rate:30 Sys:150389451 STC:2694611 VPTS:2694590 APTS:2694594 Delay:12(33) V:0 A:129 VES:0x3844a0 AES:0x8010 PCM:0x4b100 AudioErr:0x0
D/dalvikvm( 1142): GC_CONCURRENT freed 615K, 76% free 1453K/6019K, paused 1ms+1ms
D/dalvikvm( 1142): GC_CONCURRENT freed 500K, 76% free 1465K/6019K, paused 1ms+1ms
D/dalvikvm( 1142): GC_CONCURRENT freed 533K, 77% free 1433K/6019K, paused 1ms+1ms
D/dalvikvm( 1142): GC_CONCURRENT freed 492K, 76% free 1452K/6019K, paused 1ms+1ms
D/dalvikvm( 1142): GC_CONCURRENT freed 521K, 77% free 1434K/6019K, paused 4ms+1ms
D/dalvikvm( 1142): GC_CONCURRENT freed 501K, 78% free 1360K/6019K, paused 1ms+2ms
D/dalvikvm( 1142): GC_CONCURRENT freed 426K, 76% free 1446K/6019K, paused 1ms+1ms
D/dalvikvm( 1142): GC_CONCURRENT freed 478K, 76% free 1480K/6019K, paused 2ms+1ms
D/DataSource_M3U8(  744): ----------UpdatePlaylistThread runing... 
D/dalvikvm( 1142): GC_CONCURRENT freed 557K, 79% free 1308K/6019K, paused 1ms+2ms
D/dalvikvm( 1142): GC_CONCURRENT freed 369K, 76% free 1448K/6019K, paused 1ms+2ms
D/dalvikvm( 1142): GC_CONCURRENT freed 512K, 77% free 1434K/6019K, paused 1ms+1ms
D/dalvikvm( 1142): GC_CONCURRENT freed 500K, 78% free 1328K/6019K, paused 1ms+1ms
D/dalvikvm( 1142): GC_CONCURRENT freed 403K, 77% free 1421K/6019K, paused 1ms+1ms
D/dalvikvm( 1142): GC_CONCURRENT freed 490K, 77% free 1408K/6019K, paused 3ms+2ms
D/dalvikvm( 1142): GC_CONCURRENT freed 475K, 78% free 1371K/6019K, paused 1ms+1ms
I//lib/ld-linux.so.3(  748): FrmCnt:2442(0,10,20) Rate:29 Sys:150390988 STC:2696148 VPTS:2696125 APTS:2696128 Delay:10(33) V:0 A:129 VES:0x3858b0 AES:0x8020 PCM:0x4b280 AudioErr:0x0
D/MonitorCw880( 5694): counter=2 && isHeartbeatTimeout=true
D/dalvikvm( 1142): GC_CONCURRENT freed 444K, 77% free 1421K/6019K, paused 1ms+2ms
D/dalvikvm( 1142): GC_CONCURRENT freed 489K, 78% free 1325K/6019K, paused 1ms+2ms
D/dalvikvm( 1142): GC_CONCURRENT freed 394K, 77% free 1430K/6019K, paused 1ms+1ms
D/dalvikvm( 1142): GC_CONCURRENT freed 512K, 79% free 1310K/6019K, paused 1ms+1ms
D/dalvikvm( 1142): GC_CONCURRENT freed 380K, 77% free 1408K/6019K, paused 0ms+1ms
I//lib/ld-linux.so.3(  748): FrmCnt:2487(0,10,20) Rate:29 Sys:150392490 STC:2697651 VPTS:2697626 APTS:2697628 Delay:8(33) V:0 A:129 VES:0x3866f0 AES:0x8020 PCM:0x4bc00 AudioErr:0x0
D/MonitorCw880( 5694): counter=2 && isHeartbeatTimeout=true
D/dalvikvm( 1142): GC_CONCURRENT freed 475K, 77% free 1430K/6019K, paused 1ms+1ms
D/dalvikvm( 1142): GC_CONCURRENT freed 513K, 78% free 1331K/6019K, paused 1ms+1ms
I//lib/ld-linux.so.3(  748): FrmCnt:2532(0,10,20) Rate:29 Sys:150394013 STC:2699173 VPTS:2699128 APTS:2699157 Delay:-12(33) V:0 A:130 VES:0x388900 AES:0x8000 PCM:0x4b380 AudioErr:0x0
D/dalvikvm( 1142): GC_CONCURRENT freed 405K, 77% free 1437K/6019K, paused 0ms+1ms
D/dalvikvm( 1142): GC_CONCURRENT freed 518K, 77% free 1427K/6019K, paused 1ms+4ms
D/MonitorCw880( 5694): counter=2 && isHeartbeatTimeout=true
I//lib/ld-linux.so.3(  748): FrmCnt:2578(0,10,20) Rate:30 Sys:150395519 STC:2700679 VPTS:2700663 APTS:2700655 Delay:17(33) V:0 A:129 VES:0x37ff70 AES:0x8000 PCM:0x4bd00 AudioErr:0x0
D/MonitorCw880( 5694): counter=2 && isHeartbeatTimeout=true
I//lib/ld-linux.so.3(  748): FrmCnt:2623(0,10,20) Rate:29 Sys:150397037 STC:2702197 VPTS:2702164 APTS:2702177 Delay:0(33) V:0 A:130 VES:0x37cc50 AES:0x8000 PCM:0x4ba80 AudioErr:0x0

[150397.747881] IR: [03932] scan key value is 0xec13c936 
[150397.747886]  
[150397.800370] IR: [03932] scan key value is 0xec13c936 
[150397.800375]  D/InputEventConsistencyVerifier( 2006): KeyEvent: ACTION_UP but key was not down.
D/InputEventConsistencyVerifier( 2006):   in com.android.internal.policy.impl.PhoneWindow$DecorView@4317b6f8
D/InputEventConsistencyVerifier( 2006):   0: sent at 150397960000000, KeyEvent { action=ACTION_UP, keyCode=KEYCODE_ENTER, scanCode=28, metaState=0, flags=0x8, repeatCount=0, eventTime=150397960, downTime=150397749, deviceId=1, source=0x101 }
D/InputEventConsistencyVerifier( 2006):   -- recent events --
D/InputEventConsistencyVerifier( 2006):   1: sent at 150353492000000, (unhandled) KeyEvent { action=ACTION_UP, keyCode=KEYCODE_ENTER, scanCode=28, metaState=0, flags=0x80000008, repeatCount=0, eventTime=150353492, downTime=150353279, deviceId=1, source=0x101 }
D/InputEventConsistencyVerifier( 2006):   2: sent at 150311060000000, (unhandled) KeyEvent { action=ACTION_UP, keyCode=KEYCODE_ENTER, scanCode=28, metaState=0, flags=0x80000008, repeatCount=0, eventTime=150311060, downTime=150310843, deviceId=1, source=0x101 }
D/InputEventConsistencyVerifier( 2006):   3: sent at 150310216000000, (unhandled) KeyEvent { action=ACTION_UP, keyCode=KEYCODE_DPAD_RIGHT, scanCode=106, metaState=0, flags=0x80000008, repeatCount=0, eventTime=150310216, downTime=150310004, deviceId=1, source=0x101 }
D/InputEventConsistencyVerifier( 2006):   4: sent at 150309932000000, (unhandled) KeyEvent { action=ACTION_UP, keyCode=KEYCODE_DPAD_RIGHT, scanCode=106, metaState=0, flags=0x80000008, repeatCount=0, eventTime=150309932, downTime=150309773, deviceId=1, source=0x101 }
D/InputEventConsistencyVerifier( 2006):   5: sent at 150309708000000, (unhandled) KeyEvent { action=ACTION_UP, keyCode=KEYCODE_DPAD_RIGHT, scanCode=106, metaState=0, flags=0x80000008, repeatCount=0, eventTime=150309708, downTime=150309497, deviceId=1, source=0x101 }
D/dalvikvm( 1142): GC_CONCURRENT freed 487K, 78% free 1330K/6019K, paused 1ms+1ms
D/dalvikvm( 1142): GC_CONCURRENT freed 404K, 77% free 1437K/6019K, paused 1ms+1ms
I//lib/ld-linux.so.3(  748): FrmCnt:2669(0,10,20) Rate:30 Sys:150398559 STC:2703720 VPTS:2703699 APTS:2703698 Delay:13(33) V:1 A:130 VES:0x385e40 AES:0x8020 PCM:0x4b200 AudioErr:0x0
D/dalvikvm( 1142): GC_CONCURRENT freed 517K, 78% free 1338K/6019K, paused 1ms+1ms
D/dalvikvm( 1142): GC_CONCURRENT freed 406K, 78% free 1324K/6019K, paused 1ms+1ms
D/dalvikvm( 1142): GC_CONCURRENT freed 392K, 78% free 1370K/6019K, paused 2ms+1ms
D/MonitorCw880( 5694): counter=2 && isHeartbeatTimeout=true
D/dalvikvm( 1142): GC_CONCURRENT freed 444K, 77% free 1422K/6019K, paused 1ms+2ms
D/dalvikvm( 1142): GC_CONCURRENT freed 491K, 77% free 1421K/6019K, paused 2ms+1ms
D/dalvikvm( 1142): GC_CONCURRENT freed 502K, 79% free 1314K/6019K, paused 1ms+2ms
D/dalvikvm( 1142): GC_CONCURRENT freed 400K, 79% free 1301K/6019K, paused 1ms+1ms
D/dalvikvm( 1142): GC_CONCURRENT freed 381K, 78% free 1325K/6019K, paused 1ms+1ms
I//lib/ld-linux.so.3(  748): FrmCnt:2714(0,10,20) Rate:29 Sys:150400065 STC:2705225 VPTS:2705201 APTS:2705205 Delay:9(33) V:0 A:129 VES:0x383d10 AES:0x8020 PCM:0x4bb80 AudioErr:0x0
D/dalvikvm( 1142): GC_CONCURRENT freed 396K, 77% free 1420K/6019K, paused 2ms+2ms
D/dalvikvm( 1142): GC_CONCURRENT freed 501K, 78% free 1379K/6019K, paused 2ms+1ms
D/dalvikvm( 1142): GC_CONCURRENT freed 446K, 77% free 1439K/6019K, paused 5ms+1ms
D/HomePlayerLib( 1142): hostaddress count is 2
D/dalvikvm( 1142): GC_CONCURRENT freed 505K, 77% free 1406K/6019K, paused 1ms+1ms
D/dalvikvm( 1142): GC_CONCURRENT freed 473K, 78% free 1381K/6019K, paused 1ms+1ms
D/dalvikvm( 1142): GC_CONCURRENT freed 433K, 78% free 1370K/6019K, paused 2ms+2ms
D/dalvikvm( 1142): GC_CONCURRENT freed 438K, 78% free 1327K/6019K, paused 1ms+2ms
D/dalvikvm( 1142): GC_CONCURRENT freed 392K, 77% free 1426K/6019K, paused 1ms+1ms
D/MonitorCw880( 5694): counter=2 && isHeartbeatTimeout=true
D/dalvikvm( 1142): GC_CONCURRENT freed 500K, 78% free 1348K/6019K, paused 1ms+2ms
D/dalvikvm( 1142): GC_CONCURRENT freed 426K, 77% free 1431K/6019K, paused 2ms+2ms
D/dalvikvm( 1142): GC_CONCURRENT freed 491K, 76% free 1448K/6019K, paused 1ms+1ms
D/dalvikvm( 1142): GC_CONCURRENT freed 504K, 78% free 1337K/6019K, paused 2ms+2ms
D/dalvikvm( 1142): GC_CONCURRENT freed 415K, 79% free 1312K/6019K, paused 1ms+1ms
D/dalvikvm( 1142): GC_CONCURRENT freed 382K, 79% free 1314K/6019K, paused 1ms+1ms
D/dalvikvm( 1142): GC_CONCURRENT freed 390K, 77% free 1425K/6019K, paused 1ms+1ms
I//lib/ld-linux.so.3(  748): FrmCnt:2759(0,10,20) Rate:29 Sys:150401566 STC:2706726 VPTS:2706702 APTS:2706708 Delay:9(33) V:0 A:129 VES:0x386980 AES:0x8010 PCM:0x4b500 AudioErr:0x0
D/dalvikvm( 1142): GC_CONCURRENT freed 460K, 76% free 1476K/6019K, paused 1ms+1ms
D/dalvikvm( 1142): GC_CONCURRENT freed 568K, 77% free 1419K/6019K, paused 1ms+1ms
D/dalvikvm( 1142): GC_CONCURRENT freed 498K, 77% free 1440K/6019K, paused 1ms+2ms
D/dalvikvm( 1142): GC_CONCURRENT freed 508K, 77% free 1415K/6019K, paused 1ms+2ms
D/dalvikvm( 1142): GC_CONCURRENT freed 478K, 77% free 1412K/6019K, paused 1ms+1ms
D/dalvikvm( 1142): GC_CONCURRENT freed 473K, 78% free 1375K/6019K, paused 1ms+1ms
D/dalvikvm( 1142): GC_CONCURRENT freed 425K, 76% free 1461K/6019K, paused 1ms+1ms
D/dalvikvm( 1142): GC_CONCURRENT freed 535K, 77% free 1425K/6019K, paused 1ms+1ms
D/dalvikvm( 1142): GC_CONCURRENT freed 487K, 78% free 1330K/6019K, paused 1ms+1ms
D/dalvikvm( 1142): GC_CONCURRENT freed 467K, 78% free 1370K/6019K, paused 1ms+2ms
D/dalvikvm( 1142): GC_CONCURRENT freed 433K, 78% free 1337K/6019K, paused 1ms+1ms
D/dalvikvm( 1142): GC_CONCURRENT freed 417K, 79% free 1323K/6019K, paused 1ms+1ms
D/dalvikvm( 1142): GC_CONCURRENT freed 391K, 78% free 1332K/6019K, paused 2ms+2ms
D/dalvikvm( 1142): GC_CONCURRENT freed 406K, 79% free 1314K/6019K, paused 2ms+1ms
D/dalvikvm( 1142): GC_CONCURRENT freed 401K, 79% free 1299K/6019K, paused 1ms+1ms
D/dalvikvm( 1142): GC_CONCURRENT freed 382K, 77% free 1408K/6019K, paused 1ms+2ms
D/dalvikvm( 1142): GC_CONCURRENT freed 476K, 77% free 1430K/6019K, paused 1ms+1ms
D/MonitorCw880( 5694): counter=2 && isHeartbeatTimeout=true
I//lib/ld-linux.so.3(  748): FrmCnt:2804(0,10,20) Rate:29 Sys:150403085 STC:2708245 VPTS:2708204 APTS:2708224 Delay:-8(33) V:0 A:130 VES:0x387260 AES:0x8010 PCM:0x4b280 AudioErr:0x0
D/dalvikvm( 1142): GC_CONCURRENT freed 502K, 78% free 1344K/6019K, paused 1ms+1ms
D/dalvikvm( 1142): GC_CONCURRENT freed 418K, 77% free 1396K/6019K, paused 1ms+1ms
D/dalvikvm( 1142): GC_CONCURRENT freed 478K, 77% free 1420K/6019K, paused 1ms+1ms
D/dalvikvm( 1142): GC_CONCURRENT freed 486K, 78% free 1371K/6019K, paused 2ms+2ms
D/dalvikvm( 1142): GC_CONCURRENT freed 444K, 77% free 1422K/6019K, paused 1ms+1ms
D/dalvikvm( 1142): GC_CONCURRENT freed 491K, 77% free 1431K/6019K, paused 1ms+2ms
D/dalvikvm( 1142): GC_CONCURRENT freed 502K, 78% free 1344K/6019K, paused 1ms+1ms
I//lib/ld-linux.so.3(  748): FrmCnt:2850(0,10,20) Rate:30 Sys:150404603 STC:2709764 VPTS:2709738 APTS:2709744 Delay:7(33) V:0 A:129 VES:0x384850 AES:0x8000 PCM:0x4b000 AudioErr:0x0
D/dalvikvm( 1142): GC_CONCURRENT freed 417K, 79% free 1312K/6019K, paused 0ms+2ms
D/dalvikvm( 1142): GC_CONCURRENT freed 395K, 77% free 1419K/6019K, paused 1ms+1ms
D/MonitorCw880( 5694): counter=2 && isHeartbeatTimeout=true
D/dalvikvm( 1142): GC_CONCURRENT freed 488K, 77% free 1408K/6019K, paused 2ms+2ms
D/dalvikvm( 1142): GC_CONCURRENT freed 475K, 78% free 1330K/6019K, paused 2ms+1ms
D/dalvikvm( 1142): GC_CONCURRENT freed 405K, 77% free 1421K/6019K, paused 0ms+1ms
^C
130|shell@android:/ # 
[150456.282256] IR: [03932] scan key value is 0xec13c936 
[150456.282261]  
[150456.334753] IR: [03932] scan key value is 0xec13c936 
[150456.334758]  
[150488.934123] IR: [03932] scan key value is 0xeb14c936 
[150488.934129]  
[150488.986614] IR: [03932] scan key value is 0xeb14c936 
[150488.986620]  
[150489.479784] IR: [03932] scan key value is 0xec13c936 
[150489.479789]  
[150489.532275] IR: [03932] scan key value is 0xec13c936 
[150489.532280]  
[150492.463698] IR: [03932] scan key value is 0xed12c936 
[150492.463703]  
[150492.516198] IR: [03932] scan key value is 0xed12c936 
[150492.516203]  
[150493.083840] IR: [03932] scan key value is 0xed12c936 
[150493.083845]  
[150493.136331] IR: [03932] scan key value is 0xed12c936 
[150493.136336]  
[150493.412519] IR: [03932] scan key value is 0xed12c936 
[150493.412524]  
[150493.465007] IR: [03932] scan key value is 0xed12c936 
[150493.465012]  
[150493.573105] IR: [03932] scan key value is 0xed12c936 
[150493.573110]  
[150493.681195] IR: [03932] scan key value is 0xed12c936 
[150493.681200]  
[150493.789296] IR: [03932] scan key value is 0xed12c936 
[150493.789301]  
[150493.897393] IR: [03932] scan key value is 0xed12c936 
[150493.897398]  
[150494.005493] IR: [03932] scan key value is 0xed12c936 
[150494.005499]  
[150494.113607] IR: [03932] scan key value is 0xed12c936 
[150494.113611]  
[150494.221686] IR: [03932] scan key value is 0xed12c936 
[150494.221691]  
[150494.329787] IR: [03932] scan key value is 0xed12c936 
[150494.329793]  
[150494.437885] IR: [03932] scan key value is 0xed12c936 
[150494.437890]  
[150494.545985] IR: [03932] scan key value is 0xed12c936 
[150494.545990]  
[150495.638298] IR: [03932] scan key value is 0xeb14c936 
[150495.638303]  
[150495.690796] IR: [03932] scan key value is 0xeb14c936 
[150495.690801]  
[150495.798888] IR: [03932] scan key value is 0xeb14c936 
[150495.798893]  
[150495.906990] IR: [03932] scan key value is 0xeb14c936 
[150495.906995]  
[150496.015096] IR: [03932] scan key value is 0xeb14c936 
[150496.015101]  
[150496.123195] IR: [03932] scan key value is 0xeb14c936 
[150496.123200]  
[150496.231305] IR: [03932] scan key value is 0xeb14c936 
[150496.231311]  
[150496.339404] IR: [03932] scan key value is 0xeb14c936 
[150496.339409]  
[150496.447508] IR: [03932] scan key value is 0xeb14c936 
[150496.447513]  
[150496.555613] IR: [03932] scan key value is 0xeb14c936 
[150496.555619]  
[150496.663705] IR: [03932] scan key value is 0xeb14c936 
[150496.663710]  
[150496.771817] IR: [03932] scan key value is 0xeb14c936 
[150496.771822]  
[150496.879914] IR: [03932] scan key value is 0xeb14c936 
[150496.879919]  
[150496.988021] IR: [03932] scan key value is 0xeb14c936 
[150496.988026]  
[150497.096127] IR: [03932] scan key value is 0xeb14c936 
[150497.096133]  
[150497.204223] IR: [03932] scan key value is 0xeb14c936 
[150497.204228]  
[150497.312315] IR: [03932] scan key value is 0xeb14c936 
[150497.312320]  
[150497.420411] IR: [03932] scan key value is 0xeb14c936 
[150497.420416]  
[150497.528510] IR: [03932] scan key value is 0xeb14c936 
[150497.528515]  
[150497.636610] IR: [03932] scan key value is 0xeb14c936 
[150497.636615]  
[150498.760938] IR: [03932] scan key value is 0xeb14c936 
[150498.760943]  
[150498.813439] IR: [03932] scan key value is 0xeb14c936 
[150498.813443]  
[150498.921527] IR: [03932] scan key value is 0xeb14c936 
[150498.921532]  
[150499.029626] IR: [03932] scan key value is 0xeb14c936 
[150499.029631]  
[150499.137731] IR: [03932] scan key value is 0xeb14c936 
[150499.137736]  
[150499.245834] IR: [03932] scan key value is 0xeb14c936 
[150499.245839]  
[150499.353939] IR: [03932] scan key value is 0xeb14c936 
[150499.353944]  
[150499.462040] IR: [03932] scan key value is 0xeb14c936 
[150499.462046]  
[150499.570137] IR: [03932] scan key value is 0xeb14c936 
[150499.570142]  
[150499.678237] IR: [03932] scan key value is 0xeb14c936 
[150499.678243]  
[150499.786338] IR: [03932] scan key value is 0xeb14c936 
[150499.786343]  
[150499.894443] IR: [03932] scan key value is 0xeb14c936 
[150499.894448]  
[150500.002532] IR: [03932] scan key value is 0xeb14c936 
[150500.002537]  
[150500.452057] IR: [03932] scan key value is 0xeb14c936 
[150500.452062]  
[150500.504550] IR: [03932] scan key value is 0xeb14c936 
[150500.504555]  
[150500.612644] IR: [03932] scan key value is 0xeb14c936 
[150500.612649]  
[150500.720735] IR: [03932] scan key value is 0xeb14c936 
[150500.720740]  
[150500.828836] IR: [03932] scan key value is 0xeb14c936 
[150500.828841]  
[150500.936929] IR: [03932] scan key value is 0xeb14c936 
[150500.936934]  
[150501.045027] IR: [03932] scan key value is 0xeb14c936 
[150501.045033]  
[150501.153125] IR: [03932] scan key value is 0xeb14c936 
[150501.153130]  
[150501.261210] IR: [03932] scan key value is 0xeb14c936 
[150501.261215]  
[150501.369305] IR: [03932] scan key value is 0xeb14c936 
[150501.369310]  
[150501.477392] IR: [03932] scan key value is 0xeb14c936 
[150501.477398]  
[150501.585486] IR: [03932] scan key value is 0xeb14c936 
[150501.585491]  
[150501.693576] IR: [03932] scan key value is 0xeb14c936 
[150501.693581]  
[150501.801667] IR: [03932] scan key value is 0xeb14c936 
[150501.801672]  
[150501.909757] IR: [03932] scan key value is 0xeb14c936 
[150501.909762]  
[150502.017850] IR: [03932] scan key value is 0xeb14c936 
[150502.017855]  
[150502.125937] IR: [03932] scan key value is 0xeb14c936 
[150502.125942]  
[150502.234027] IR: [03932] scan key value is 0xeb14c936 
[150502.234032]  
[150502.342124] IR: [03932] scan key value is 0xeb14c936 
[150502.342130]  
[150502.450213] IR: [03932] scan key value is 0xeb14c936 
[150502.450218]  
[150502.558310] IR: [03932] scan key value is 0xeb14c936 
[150502.558315]  
[150502.666401] IR: [03932] scan key value is 0xeb14c936 
[150502.666406]  
[150502.774493] IR: [03932] scan key value is 0xeb14c936 
[150502.774497]  
[150502.882591] IR: [03932] scan key value is 0xeb14c936 
[150502.882596]  
[150502.990706] IR: [03932] scan key value is 0xeb14c936 
[150502.990711]  
[150503.098784] IR: [03932] scan key value is 0xeb14c936 
[150503.098790]  
[150503.206874] IR: [03932] scan key value is 0xeb14c936 
[150503.206880]  
[150503.314967] IR: [03932] scan key value is 0xeb14c936 
[150503.314972]  
[150503.423067] IR: [03932] scan key value is 0xeb14c936 
[150503.423073]  
[150503.531161] IR: [03932] scan key value is 0xeb14c936 
[150503.531166]  
[150503.639252] IR: [03932] scan key value is 0xeb14c936 
[150503.639257]  
[150503.747346] IR: [03932] scan key value is 0xeb14c936 
[150503.747351]  
[150503.855438] IR: [03932] scan key value is 0xeb14c936 
[150503.855443]  
[150503.963534] IR: [03932] scan key value is 0xeb14c936 
[150503.963539]  
[150504.071635] IR: [03932] scan key value is 0xeb14c936 
[150504.071640]  
[150504.179726] IR: [03932] scan key value is 0xeb14c936 
[150504.179731]  
[150504.287820] IR: [03932] scan key value is 0xeb14c936 
[150504.287825]  
[150504.395913] IR: [03932] scan key value is 0xeb14c936 
[150504.395918]  
[150504.504009] IR: [03932] scan key value is 0xeb14c936 
[150504.504013]  
[150504.612101] IR: [03932] scan key value is 0xeb14c936 
[150504.612106]  
[150504.720199] IR: [03932] scan key value is 0xeb14c936 
[150504.720204]  
[150504.828295] IR: [03932] scan key value is 0xeb14c936 
[150504.828300]  
[150504.936387] IR: [03932] scan key value is 0xeb14c936 
[150504.936392]  
[150505.044481] IR: [03932] scan key value is 0xeb14c936 
[150505.044486]  
[150505.152575] IR: [03932] scan key value is 0xeb14c936 
[150505.152580]  
[150505.260672] IR: [03932] scan key value is 0xeb14c936 
[150505.260678]  
[150505.368768] IR: [03932] scan key value is 0xeb14c936 
[150505.368773]  
[150505.476867] IR: [03932] scan key value is 0xeb14c936 
[150505.476873]  
[150505.584957] IR: [03932] scan key value is 0xeb14c936 
[150505.584962]  
[150505.693058] IR: [03932] scan key value is 0xeb14c936 
[150505.693063]  
[150505.801152] IR: [03932] scan key value is 0xeb14c936 
[150505.801157]  
[150505.909247] IR: [03932] scan key value is 0xeb14c936 
[150505.909253]  
[150506.017343] IR: [03932] scan key value is 0xeb14c936 
[150506.017348]  
[150506.125447] IR: [03932] scan key value is 0xeb14c936 
[150506.125452]  
[150506.233537] IR: [03932] scan key value is 0xeb14c936 
[150506.233542]  
[150506.341636] IR: [03932] scan key value is 0xeb14c936 
[150506.341643]  
[150506.449744] IR: [03932] scan key value is 0xeb14c936 
[150506.449749]  
[150506.557820] IR: [03932] scan key value is 0xeb14c936 
[150506.557825]  
[150506.665912] IR: [03932] scan key value is 0xeb14c936 
[150506.665918]  
[150506.774012] IR: [03932] scan key value is 0xeb14c936 
[150506.774018]  
[150506.882101] IR: [03932] scan key value is 0xeb14c936 
[150506.882106]  
[150506.990196] IR: [03932] scan key value is 0xeb14c936 
[150506.990201]  
[150507.098292] IR: [03932] scan key value is 0xeb14c936 
[150507.098297]  
[150507.206390] IR: [03932] scan key value is 0xeb14c936 
[150507.206395]  
[150507.314487] IR: [03932] scan key value is 0xeb14c936 
[150507.314492]  
[150507.422590] IR: [03932] scan key value is 0xeb14c936 
[150507.422595]  
[150507.530697] IR: [03932] scan key value is 0xeb14c936 
[150507.530702]  
[150507.638779] IR: [03932] scan key value is 0xeb14c936 
[150507.638785]  
[150507.746875] IR: [03932] scan key value is 0xeb14c936 
[150507.746881]  
[150507.854966] IR: [03932] scan key value is 0xeb14c936 
[150507.854972]  
[150507.963072] IR: [03932] scan key value is 0xeb14c936 
[150507.963077]  
[150508.071168] IR: [03932] scan key value is 0xeb14c936 
[150508.071174]  
[150508.179269] IR: [03932] scan key value is 0xeb14c936 
[150508.179274]  
[150508.287364] IR: [03932] scan key value is 0xeb14c936 
[150508.287369]  
[150508.395462] IR: [03932] scan key value is 0xeb14c936 
[150508.395467]  
[150508.503559] IR: [03932] scan key value is 0xeb14c936 
[150508.503564]  
[150508.611660] IR: [03932] scan key value is 0xeb14c936 
[150508.611666]  
[150508.719756] IR: [03932] scan key value is 0xeb14c936 
[150508.719761]  
[150508.827861] IR: [03932] scan key value is 0xeb14c936 
[150508.827866]  
[150509.510793] IR: [03932] scan key value is 0xed12c936 
[150509.510798]  
[150509.563283] IR: [03932] scan key value is 0xed12c936 
[150509.563288]  
[150509.671374] IR: [03932] scan key value is 0xed12c936 
[150509.671378]  
[150510.473587] IR: [03932] scan key value is 0xec13c936 
[150510.473592]  
[150510.526074] IR: [03932] scan key value is 0xec13c936 
[150510.526079]  
[150538.852705] [SD_CTL_TASK] send msg to IMAN: msgid=0x513. ret = 0
[150538.862983] CW880 :rtsk=0x17, stsk=0x15,msgid=0x1509,msglen=4
[150877.713796] IR: [03932] scan key value is 0xed12c936 
[150877.713801]  
[150877.766313] IR: [03932] scan key value is 0xed12c936 
[150877.766317]  
[150878.449163] IR: [03932] scan key value is 0xec13c936 
[150878.449168]  
[150878.501671] IR: [03932] scan key value is 0xec13c936 
[150878.501676]  
[150882.409890] [irq_proc_open][373] -16
[150882.779726] 
[150882.779735] irq_proc_write
[150882.808046] 
[150882.808055] irq_proc_write
[151435.290063] IR: [03932] scan key value is 0xf10ec936 
[151435.290068]  
[151435.342576] IR: [03932] scan key value is 0xf10ec936 
[151435.342582]  
[151437.332771] IR: [03932] scan key value is 0xec13c936 
[151437.332777]  
[151437.385272] IR: [03932] scan key value is 0xec13c936 
[151437.385277]  
[151437.493385] IR: [03932] scan key value is 0xec13c936 
[151437.493390]  
[151933.837824] [SD_CTL_TASK] send msg to IMAN: msgid=0x511. ret = 0
[151933.846947] CW880 :rtsk=0x17, stsk=0x15,msgid=0x512,msglen=4
[151933.853594] [SD_CTL_TASK] send msg to IMAN: msgid=0x150a. ret = 0
[151933.862934] CW880 :rtsk=0x17, stsk=0x15,msgid=0x150b,msglen=4
[151933.869744] Dest_ip=0xc0a82bba,TS_port=1234
[151933.874062] CW880 API set ts info  ip is  192.168.43.186
[151933.880011] [SD_CTL_TASK] send msg to IMAN: msgid=0x503. ret = 0
[151933.890920] CW880 :rtsk=0x17, stsk=0x15,msgid=0x504,msglen=24
[151933.897214] [SD_CTL_TASK] send msg to IMAN: msgid=0x1503. ret = 0
[151933.906929] CW880 :rtsk=0x17, stsk=0x15,msgid=0x1516,msglen=4
[151933.913290] [SD_CTL_TASK] send msg to IMAN: msgid=0x508. ret = 0
[151933.922945] CW880 :rtsk=0x17, stsk=0x15,msgid=0x1505,msglen=4
[151933.950639] accepted a http connect , new connect ip is  192.168.43.186
[151933.957541]                           old connect ip is  192.168.43.186
[151933.992793] accept new client socket. close old socket
[151951.836699] Thread-222: unhandled page fault (11) at 0xdeadd00d, code 0x80d
[151952.046487] Thread-222: unhandled page fault (11) at 0xdeadd00d, code 0x80d
[151954.968500] Thread-222: unhandled page fault (11) at 0xdeadd00d, code 0x80d
[151954.976296] [COREDUMP] SIGNR:11
[151954.976305] 
[151985.684868] [SD_CTL_TASK] send msg to IMAN: msgid=0x513. ret = 0
[151985.694951] CW880 :rtsk=0x17, stsk=0x15,msgid=0x1509,msglen=4
[152004.491920] IR: [03932] scan key value is 0xeb14c936 
[152004.491925]  
[152004.544416] IR: [03932] scan key value is 0xeb14c936 
[152004.544421]  
[152005.090615] IR: [03932] scan key value is 0xeb14c936 
[152005.090620]  
[152005.143116] IR: [03932] scan key value is 0xeb14c936 
[152005.143121]  
[152005.341978] IR: [03932] scan key value is 0xeb14c936 
[152005.341983]  
[152005.394475] IR: [03932] scan key value is 0xeb14c936 
[152005.394480]  
[152005.502595] IR: [03932] scan key value is 0xeb14c936 
[152005.502600]  
[152005.610706] IR: [03932] scan key value is 0xeb14c936 
[152005.610711]  
[152005.718819] IR: [03932] scan key value is 0xeb14c936 
[152005.718825]  
[152005.826934] IR: [03932] scan key value is 0xeb14c936 
[152005.826939]  
[152006.495069] IR: [03932] scan key value is 0xea15c936 
[152006.495074]  
[152006.547579] IR: [03932] scan key value is 0xea15c936 
[152006.547584]  
[152006.918063] IR: [03932] scan key value is 0xec13c936 
[152006.918068]  
[152006.970557] IR: [03932] scan key value is 0xec13c936 
[152006.970562]  
[152008.576398] IR: [03932] scan key value is 0xec13c936 
[152008.576402]  
[152008.628893] IR: [03932] scan key value is 0xec13c936 
[152008.628898]  
[152010.356647] IR: [03932] scan key value is 0xea15c936 
[152010.356653]  
[152010.409112] IR: [03932] scan key value is 0xea15c936 
[152010.409117]  
[152010.618249] IR: [03932] scan key value is 0xea15c936 
[152010.618254]  
[152010.670713] IR: [03932] scan key value is 0xea15c936 
[152010.670718]  
[152011.057569] IR: [03932] scan key value is 0xea15c936 
[152011.057574]  
[152011.110039] IR: [03932] scan key value is 0xea15c936 
[152011.110045]  
[152011.734412] IR: [03932] scan key value is 0xea15c936 
[152011.734418]  
[152011.786879] IR: [03932] scan key value is 0xea15c936 
[152011.786884]  
[152012.282079] IR: [03932] scan key value is 0xeb14c936 
[152012.282084]  
[152012.334571] IR: [03932] scan key value is 0xeb14c936 
[152012.334577]  
[152012.735998] IR: [03932] scan key value is 0xec13c936 
[152012.736003]  
[152012.788492] IR: [03932] scan key value is 0xec13c936 
[152012.788497]  CC?0|shell@android:/ # 
130|shell@android:/ # 
130|shell@android:/ # 
130|shell@android:/ # 
130|shell@android:/ # 
130|shell@android:/ #  
130|shell@android:/ # 
130|shell@android:/ # 
130|shell@android:/ # su
shell@android:/ # 
shell@android:/ # 
shell@android:/ # 
[152387.936472] IR: [03932] scan key value is 0xec13c936 
[152387.936478]  
[152387.988959] IR: [03932] scan key value is 0xec13c936 
[152387.988963]  
[152388.213395] ADDRCONF(NETDEV_UP): uap0: link is not ready
[152389.111817] ADDRCONF(NETDEV_UP): uap0: link is not ready
[152389.129382] ADDRCONF(NETDEV_CHANGE): uap0: link becomes ready
[152456.888239] [SD_CTL_TASK] send msg to IMAN: msgid=0x511. ret = 0
[152456.895062] CW880 :rtsk=0x17, stsk=0x15,msgid=0x512,msglen=4
[152456.910985] [SD_CTL_TASK] send msg to IMAN: msgid=0x150a. ret = 0
[152456.919012] CW880 :rtsk=0x17, stsk=0x15,msgid=0x150b,msglen=4
[152456.925986] Dest_ip=0xc0a82bba,TS_port=1234
[152456.930308] CW880 API set ts info  ip is  192.168.43.186
[152456.936239] [SD_CTL_TASK] send msg to IMAN: msgid=0x503. ret = 0
[152456.946954] CW880 :rtsk=0x17, stsk=0x15,msgid=0x504,msglen=24
[152456.953254] [SD_CTL_TASK] send msg to IMAN: msgid=0x1503. ret = 0
[152456.962941] CW880 :rtsk=0x17, stsk=0x15,msgid=0x1516,msglen=4
[152456.969268] [SD_CTL_TASK] send msg to IMAN: msgid=0x508. ret = 0
[152456.978946] CW880 :rtsk=0x17, stsk=0x15,msgid=0x1505,msglen=4
[152457.013685] accepted a http connect , new connect ip is  192.168.43.186
[152457.020491]                           old connect ip is  192.168.43.186
[152457.052924] accept new client socket. close old socket
[152462.087023] [SD_CTL_TASK] send msg to IMAN: msgid=0x513. ret = 0
[152462.098953] CW880 :rtsk=0x17, stsk=0x15,msgid=0x1509,msglen=4
[152487.191969] IR: [03932] scan key value is 0xec13c936 
[152487.191973]  
[152487.244468] IR: [03932] scan key value is 0xec13c936 
[152487.244473]  
[152531.572148] [SD_CTL_TASK] send msg to IMAN: msgid=0x511. ret = 0
[152531.579011] CW880 :rtsk=0x17, stsk=0x15,msgid=0x512,msglen=4
[152531.585464] [SD_CTL_TASK] send msg to IMAN: msgid=0x150a. ret = 0
[152531.594957] CW880 :rtsk=0x17, stsk=0x15,msgid=0x150b,msglen=4
[152531.601654] Dest_ip=0xc0a80205,TS_port=1234
[152531.605969] CW880 API set ts info  ip is  192.168.2.5
[152531.611657] [SD_CTL_TASK] send msg to IMAN: msgid=0x503. ret = 0
[152531.622942] CW880 :rtsk=0x17, stsk=0x15,msgid=0x504,msglen=24
[152531.629322] [SD_CTL_TASK] send msg to IMAN: msgid=0x1503. ret = 0
[152531.638935] CW880 :rtsk=0x17, stsk=0x15,msgid=0x1516,msglen=4
[152531.645313] [SD_CTL_TASK] send msg to IMAN: msgid=0x508. ret = 0
[152531.654964] CW880 :rtsk=0x17, stsk=0x15,msgid=0x1505,msglen=4
[152531.787367] accepted a http connect , new connect ip is  192.168.2.5
[152531.793943]                           old connect ip is  192.168.2.5
[152531.884730] accept new client socket. close old socket
[152545.094032] [SD_CTL_TASK] send msg to IMAN: msgid=0x513. ret = 0
[152545.103011] CW880 :rtsk=0x17, stsk=0x15,msgid=0x1509,msglen=4
[152551.093007] IR: [03932] scan key value is 0xeb14c936 
[152551.093012]  
[152552.301849] IR: [03932] scan key value is 0xed12c936 
[152552.301853]  
[152552.354348] IR: [03932] scan key value is 0xed12c936 
[152552.354352]  
[152553.465912] IR: [03932] scan key value is 0xeb14c936 
[152553.465917]  
[152553.518410] IR: [03932] scan key value is 0xeb14c936 
[152553.518415]  
[152553.626528] IR: [03932] scan key value is 0xeb14c936 
[152553.626533]  
[152553.734652] IR: [03932] scan key value is 0xeb14c936 
[152553.734658]  
[152553.842772] IR: [03932] scan key value is 0xeb14c936 
[152553.842777]  
[152553.950889] IR: [03932] scan key value is 0xeb14c936 
[152553.950894]  
[152554.059011] IR: [03932] scan key value is 0xeb14c936 
[152554.059016]  
[152554.988611] IR: [03932] scan key value is 0xea15c936 
[152554.988616]  
[152555.041110] IR: [03932] scan key value is 0xea15c936 
[152555.041115]  
[152555.389170] IR: [03932] scan key value is 0xec13c936 
[152555.389175]  
[152555.441663] IR: [03932] scan key value is 0xec13c936 
[152555.441667]  
[152557.557812] IR: [03932] scan key value is 0xec13c936 
[152557.557817]  
[152557.610301] IR: [03932] scan key value is 0xec13c936 
[152557.610305]  
[152559.080847] IR: [03932] scan key value is 0xea15c936 
[152559.080853]  
[152559.133351] IR: [03932] scan key value is 0xea15c936 
[152559.133356]  
[152559.347610] IR: [03932] scan key value is 0xea15c936 
[152559.347615]  
[152559.400115] IR: [03932] scan key value is 0xea15c936 
[152559.400124]  
[152559.801138] IR: [03932] scan key value is 0xea15c936 
[152559.801143]  
[152559.853636] IR: [03932] scan key value is 0xea15c936 
[152559.853644]  
[152560.037824] IR: [03932] scan key value is 0xea15c936 
[152560.037829]  
[152560.090320] IR: [03932] scan key value is 0xea15c936 
[152560.090325]  
[152560.729148] IR: [03932] scan key value is 0xeb14c936 
[152560.729153]  
[152560.781645] IR: [03932] scan key value is 0xeb14c936 
[152560.781650]  
[152561.180007] IR: [03932] scan key value is 0xec13c936 
[152561.180012]  
[152561.232501] IR: [03932] scan key value is 0xec13c936 
[152561.232506]  
[152561.466560] ADDRCONF(NETDEV_UP): uap0: link is not ready
[152562.327207] ADDRCONF(NETDEV_UP): uap0: link is not ready
[152562.344904] ADDRCONF(NETDEV_CHANGE): uap0: link becomes ready
[152838.375195] IR: [03932] scan key value is 0xec13c936 
[152838.375200]  
[152838.427692] IR: [03932] scan key value is 0xec13c936 
[152838.427697]  
shell@android:/ # 
shell@android:/ # 
shell@android:/ # 
shell@android:/ #   
[153192.674566] IR: [03932] scan key value is 0xeb14c936 
[153192.674570]  
[153192.726981] IR: [03932] scan key value is 0xeb14c936 
[153192.726986]  
[153192.950724] IR: [03932] scan key value is 0xeb14c936 
[153192.950728]  
[153193.297198] IR: [03932] scan key value is 0xeb14c936 
[153193.297204]  
[153193.349617] IR: [03932] scan key value is 0xeb14c936 
[153193.349622]  
[153194.831057] IR: [03932] scan key value is 0xeb14c936 
[153194.831062]  
[153194.883479] IR: [03932] scan key value is 0xeb14c936 
[153194.883485]  
[153197.945287] IR: [03932] scan key value is 0xec13c936 
[153197.945292]  
[153198.166683] ADDRCONF(NETDEV_UP): uap0: link is not ready
[153198.914456] IR: [03932] scan key value is 0xeb14c936 
[153198.914461]  
[153198.966872] IR: [03932] scan key value is 0xeb14c936 
[153198.966877]  
[153199.035171] ADDRCONF(NETDEV_UP): uap0: link is not ready
[153199.056924] ADDRCONF(NETDEV_CHANGE): uap0: link becomes ready
[153199.559522] IR: [03932] scan key value is 0xec13c936 
[153199.559527]  
[153199.611937] IR: [03932] scan key value is 0xec13c936 
[153199.611942]  
[153200.266772] IR: [03932] scan key value is 0xeb14c936 
[153200.266778]  
[153200.319201] IR: [03932] scan key value is 0xeb14c936 
[153200.319207]  
[153200.803098] IR: [03932] scan key value is 0xea15c936 
[153200.803103]  
[153200.855523] IR: [03932] scan key value is 0xea15c936 
[153200.855528]  
[153201.515892] IR: [03932] scan key value is 0xec13c936 
[153201.515897]  
[153204.716271] IR: [03932] scan key value is 0xea15c936 
[153204.716276]  
[153205.890273] IR: [03932] scan key value is 0xec13c936 
[153205.890278]  
[153205.942695] IR: [03932] scan key value is 0xec13c936 
[153205.942700]  
[153206.843450] IR: [03932] scan key value is 0xeb14c936 
[153206.843456]  
[153206.895874] IR: [03932] scan key value is 0xeb14c936 
[153206.895878]  
[153207.507646] IR: [03932] scan key value is 0xec13c936 
[153207.507651]  
[153207.737257] ADDRCONF(NETDEV_UP): uap0: link is not ready
[153208.473445] IR: [03932] scan key value is 0xeb14c936 
[153208.473450]  
[153208.525867] IR: [03932] scan key value is 0xeb14c936 
[153208.525872]  
[153208.602668] ADDRCONF(NETDEV_UP): uap0: link is not ready
[153208.625367] ADDRCONF(NETDEV_CHANGE): uap0: link becomes ready
[153210.980690] IR: [03932] scan key value is 0xea15c936 
[153210.980695]  
[153211.033134] IR: [03932] scan key value is 0xea15c936 
[153211.033138]  
[153212.198068] IR: [03932] scan key value is 0xf10ec936 
[153212.198073]  
[153212.250495] IR: [03932] scan key value is 0xf10ec936 
[153212.250501]  
[153212.358522] IR: [03932] scan key value is 0xf10ec936 
[153212.358527]  
[153214.002830] IR: [03932] scan key value is 0xeb14c936 
[153214.002835]  
[153214.055245] IR: [03932] scan key value is 0xeb14c936 
[153214.055250]  
[153214.674446] IR: [03932] scan key value is 0xec13c936 
[153214.674451]  
[153214.726868] IR: [03932] scan key value is 0xec13c936 
[153214.726874]  
[153216.445119] IR: [03932] scan key value is 0xea15c936 
[153216.445124]  
[153216.497545] IR: [03932] scan key value is 0xea15c936 
[153216.497550]  
[153216.605568] IR: [03932] scan key value is 0xea15c936 
[153216.605573]  
[153216.854270] IR: [03932] scan key value is 0xea15c936 
[153216.854275]  
[153216.906696] IR: [03932] scan key value is 0xea15c936 
[153216.906701]  
[153217.014732] IR: [03932] scan key value is 0xea15c936 
[153217.014737]  
[153217.283903] IR: [03932] scan key value is 0xea15c936 
[153217.283908]  
[153217.860291] IR: [03932] scan key value is 0xea15c936 
[153217.860296]  
[153217.912716] IR: [03932] scan key value is 0xea15c936 
[153217.912722]  
[153218.020733] IR: [03932] scan key value is 0xea15c936 
[153218.020739]  
[153218.128758] IR: [03932] scan key value is 0xea15c936 
[153218.128763]  
[153218.912337] IR: [03932] scan key value is 0xea15c936 
[153218.912342]  
[153218.964760] IR: [03932] scan key value is 0xea15c936 
[153218.964765]  
[153219.523587] IR: [03932] scan key value is 0xec13c936 
[153219.523592]  
[153219.576009] IR: [03932] scan key value is 0xec13c936 
[153219.576014]  
[153220.709208] IR: [03932] scan key value is 0xeb14c936 
[153220.709213]  
[153220.761651] IR: [03932] scan key value is 0xeb14c936 
[153220.761655]  
[153220.869659] IR: [03932] scan key value is 0xeb14c936 
[153220.869664]  
[153221.634584] IR: [03932] scan key value is 0xea15c936 
[153221.634589]  
[153221.687034] IR: [03932] scan key value is 0xea15c936 
[153221.687039]  
[153222.429988] IR: [03932] scan key value is 0xec13c936 
[153222.429994]  
[153222.482426] IR: [03932] scan key value is 0xec13c936 
[153222.482431]  
[153241.245424] IR: [03932] scan key value is 0xf10ec936 
[153241.245429]  
[153241.297847] IR: [03932] scan key value is 0xf10ec936 
[153241.297852]  
[153300.947661] IR: [03932] scan key value is 0xeb14c936 
[153300.947666]  
[153301.000085] IR: [03932] scan key value is 0xeb14c936 
[153301.000091]  
[153934.266016] IR: [03932] scan key value is 0xed12c936 
[153934.266022]  
[153934.318384] IR: [03932] scan key value is 0xed12c936 
[153934.318389]  
[153935.312661] IR: [03932] scan key value is 0xec13c936 
[153935.312665]  
[153935.365037] IR: [03932] scan key value is 0xec13c936 
[153935.365042]  
[154165.818723] IR: [03932] scan key value is 0xeb14c936 
[154165.818728]  
[154165.871120] IR: [03932] scan key value is 0xeb14c936 
[154165.871128]  
[154166.391744] IR: [03932] scan key value is 0xeb14c936 
[154166.391749]  
[154166.444124] IR: [03932] scan key value is 0xeb14c936 
[154166.444129]  
[154166.989894] IR: [03932] scan key value is 0xeb14c936 
[154166.989899]  
[154167.914169] IR: [03932] scan key value is 0xea15c936 
[154167.914174]  
[154167.966620] IR: [03932] scan key value is 0xea15c936 
[154167.966629]  
[154171.541580] IR: [03932] scan key value is 0xeb14c936 
[154171.541585]  
[154171.593958] IR: [03932] scan key value is 0xeb14c936 
[154171.593967]  
[154172.113090] IR: [03932] scan key value is 0xec13c936 
[154172.113095]  
[154172.165468] IR: [03932] scan key value is 0xec13c936 
[154172.165473]  
[154172.411834] ADDRCONF(NETDEV_UP): uap0: link is not ready
[154173.258453] ADDRCONF(NETDEV_UP): uap0: link is not ready
[154173.277270] ADDRCONF(NETDEV_CHANGE): uap0: link becomes ready
[154175.225180] IR: [03932] scan key value is 0xea15c936 
[154175.225185]  
[154343.122871] IR: [03932] scan key value is 0xec13c936 
[154343.122876]  
[154343.388899] IR: [03932] scan key value is 0xec13c936 
[154343.388904]  
[154348.183089] IR: [03932] scan key value is 0xec13c936 
[154348.183094]  
[154348.235499] IR: [03932] scan key value is 0xec13c936 
[154348.235504]  
[154348.343541] IR: [03932] scan key value is 0xec13c936 
[154348.343546]  
[154348.603977] IR: [03932] scan key value is 0xec13c936 
[154348.603982]  
[154348.656412] IR: [03932] scan key value is 0xec13c936 
[154348.656417]  
[154348.764464] IR: [03932] scan key value is 0xec13c936 
[154348.764469]  
[154349.049266] IR: [03932] scan key value is 0xec13c936 
[154349.049275]  
[154349.296533] IR: [03932] scan key value is 0xec13c936 
[154349.296543]  
[154349.348941] IR: [03932] scan key value is 0xec13c936 
[154349.348947]  
[154349.614736] IR: [03932] scan key value is 0xec13c936 
[154349.614742]  
[154349.667144] IR: [03932] scan key value is 0xec13c936 
[154349.667149]  
[154353.249325] IR: [03932] scan key value is 0xec13c936 
[154353.249329]  
[154353.433093] IR: [03932] scan key value is 0xec13c936 
[154353.433099]  
[154353.629086] IR: [03932] scan key value is 0xec13c936 
[154353.629091]  
[154353.804332] IR: [03932] scan key value is 0xec13c936 
[154353.804337]  
[154374.260731] IR: [03932] scan key value is 0xec13c936 
[154374.260736]  
[154374.313137] IR: [03932] scan key value is 0xec13c936 
[154374.313141]  
[154375.467879] IR: [03932] scan key value is 0xec13c936 
[154375.467883]  
[154375.520261] IR: [03932] scan key value is 0xec13c936 
[154375.520266]  
[154379.648987] IR: [03932] scan key value is 0xea15c936 
[154379.648992]  
[154379.701439] IR: [03932] scan key value is 0xea15c936 
[154379.701443]  
[154380.290697] IR: [03932] scan key value is 0xea15c936 
[154380.290702]  
[154380.343160] IR: [03932] scan key value is 0xea15c936 
[154380.343165]  
[154380.731729] IR: [03932] scan key value is 0xee11c936 
[154380.731734]  
[154380.784204] IR: [03932] scan key value is 0xee11c936 
[154380.784213]  
[154381.006375] IR: [03932] scan key value is 0xee11c936 
[154381.006381]  
[154381.058825] IR: [03932] scan key value is 0xee11c936 
[154381.058830]  
[154381.272454] IR: [03932] scan key value is 0xee11c936 
[154381.272460]  
[154381.324933] IR: [03932] scan key value is 0xee11c936 
[154381.324940]  
[154382.222293] IR: [03932] scan key value is 0xee11c936 
[154382.222298]  
[154382.274694] IR: [03932] scan key value is 0xee11c936 
[154382.274699]  
[154384.255460] IR: [03932] scan key value is 0xee11c936 
[154384.255465]  
[154384.307889] IR: [03932] scan key value is 0xee11c936 
[154384.307893]  
[154401.444148] IR: [03932] scan key value is 0xec13c936 
[154401.444153]  
[154407.666864] IR: [03932] scan key value is 0xed12c936 
[154407.666869]  
[154407.719287] IR: [03932] scan key value is 0xed12c936 
[154407.719292]  
[154413.959645] IR: [03932] scan key value is 0xec13c936 
[154413.959650]  
[154414.012050] IR: [03932] scan key value is 0xec13c936 
[154414.012055]  
[154417.863631] IR: [03932] scan key value is 0xed12c936 
[154417.863637]  
[154417.916006] IR: [03932] scan key value is 0xed12c936 
[154417.916010]  
[154430.850536] IR: [03932] scan key value is 0xee11c936 
[154430.850541]  
[154430.902936] IR: [03932] scan key value is 0xee11c936 
[154430.902941]  
[154468.978399] IR: [03932] scan key value is 0xf10ec936 
[154468.978404]  
[154469.030803] IR: [03932] scan key value is 0xf10ec936 
[154469.030808]  
[154469.681328] IR: [03932] scan key value is 0xf10ec936 
[154469.681333]  
[154469.733767] IR: [03932] scan key value is 0xf10ec936 
[154469.733772]  
[154470.614584] IR: [03932] scan key value is 0xeb14c936 
[154470.614589]  
[154471.602006] IR: [03932] scan key value is 0xf10ec936 
[154471.602011]  
[154474.723294] IR: [03932] scan key value is 0xec13c936 
[154474.723300]  
[154476.433333] IR: [03932] scan key value is 0xea15c936 
[154476.433338]  
[154476.667836] IR: [03932] scan key value is 0xea15c936 
[154476.667841]  
[154476.912852] IR: [03932] scan key value is 0xea15c936 
[154476.912857]  
[154477.153862] IR: [03932] scan key value is 0xea15c936 
[154477.153867]  
[154477.815085] IR: [03932] scan key value is 0xee11c936 
[154477.815090]  
[154477.867516] IR: [03932] scan key value is 0xee11c936 
[154477.867520]  
[154478.550444] IR: [03932] scan key value is 0xeb14c936 
[154478.550449]  
[154478.602899] IR: [03932] scan key value is 0xeb14c936 
[154478.602904]  
[154480.729057] IR: [03932] scan key value is 0xec13c936 
[154480.729062]  
[154480.781456] IR: [03932] scan key value is 0xec13c936 
[154480.781460]  
[154482.696882] IR: [03932] scan key value is 0xec13c936 
[154482.696887]  
[154482.749263] IR: [03932] scan key value is 0xec13c936 
[154482.749268]  
[154508.320674] IR: [03932] scan key value is 0xf10ec936 
[154508.320679]  
[154508.373081] IR: [03932] scan key value is 0xf10ec936 
[154508.373087]  
[154509.079867] IR: [03932] scan key value is 0xf10ec936 
[154509.079872]  
[154509.132280] IR: [03932] scan key value is 0xf10ec936 
[154509.132284]  
[154509.831020] IR: [03932] scan key value is 0xeb14c936 
[154509.831026]  
[154509.883444] IR: [03932] scan key value is 0xeb14c936 
[154509.883449]  
[154510.386407] IR: [03932] scan key value is 0xec13c936 
[154510.386412]  
[154511.849219] IR: [03932] scan key value is 0xea15c936 
[154511.849224]  
[154511.901626] IR: [03932] scan key value is 0xea15c936 
[154511.901631]  
[154512.159784] IR: [03932] scan key value is 0xea15c936 
[154512.159789]  
[154512.212202] IR: [03932] scan key value is 0xea15c936 
[154512.212207]  
[154513.154800] IR: [03932] scan key value is 0xea15c936 
[154513.154805]  
[154513.207204] IR: [03932] scan key value is 0xea15c936 
[154513.207209]  
[154514.737319] IR: [03932] scan key value is 0xea15c936 
[154514.737323]  
[154514.789720] IR: [03932] scan key value is 0xea15c936 
[154514.789724]  
[154515.033335] IR: [03932] scan key value is 0xea15c936 
[154515.033340]  
[154515.085742] IR: [03932] scan key value is 0xea15c936 
[154515.085747]  
[154515.269904] IR: [03932] scan key value is 0xea15c936 
[154515.269909]  
[154515.322306] IR: [03932] scan key value is 0xea15c936 
[154515.322311]  
[154515.430373] IR: [03932] scan key value is 0xea15c936 
[154515.430378]  
[154515.538400] IR: [03932] scan key value is 0xea15c936 
[154515.538405]  
[154515.646439] IR: [03932] scan key value is 0xea15c936 
[154515.646444]  
[154515.754487] IR: [03932] scan key value is 0xea15c936 
[154515.754492]  
[154515.862532] IR: [03932] scan key value is 0xea15c936 
[154515.862537]  
[154515.970567] IR: [03932] scan key value is 0xea15c936 
[154515.970573]  
[154516.078640] IR: [03932] scan key value is 0xea15c936 
[154516.078645]  
[154516.186667] IR: [03932] scan key value is 0xea15c936 
[154516.186672]  
[154516.294712] IR: [03932] scan key value is 0xea15c936 
[154516.294718]  
[154516.402766] IR: [03932] scan key value is 0xea15c936 
[154516.402771]  
[154516.510814] IR: [03932] scan key value is 0xea15c936 
[154516.510819]  
[154516.618860] IR: [03932] scan key value is 0xea15c936 
[154516.618865]  
[154516.726908] IR: [03932] scan key value is 0xea15c936 
[154516.726913]  
[154517.485866] IR: [03932] scan key value is 0xee11c936 
[154517.485871]  
[154517.538303] IR: [03932] scan key value is 0xee11c936 
[154517.538308]  
[154517.818715] IR: [03932] scan key value is 0xee11c936 
[154517.818719]  
[154517.871141] IR: [03932] scan key value is 0xee11c936 
[154517.871145]  
[154518.373215] IR: [03932] scan key value is 0xee11c936 
[154518.373220]  
[154520.569326] IR: [03932] scan key value is 0xf10ec936 
[154520.569331]  
[154520.621737] IR: [03932] scan key value is 0xf10ec936 
[154520.621742]  
[154521.552102] IR: [03932] scan key value is 0xed12c936 
[154521.552107]  
[154521.604537] IR: [03932] scan key value is 0xed12c936 
[154521.604542]  
[154522.064372] IR: [03932] scan key value is 0xec13c936 
[154522.064378]  
[154522.116799] IR: [03932] scan key value is 0xec13c936 
[154522.116804]  
[154523.422514] IR: [03932] scan key value is 0xea15c936 
[154523.422519]  
[154523.474923] IR: [03932] scan key value is 0xea15c936 
[154523.474928]  
[154523.688751] IR: [03932] scan key value is 0xea15c936 
[154523.688757]  
[154523.741165] IR: [03932] scan key value is 0xea15c936 
[154523.741170]  
[154523.925337] IR: [03932] scan key value is 0xea15c936 
[154523.925344]  
[154523.977764] IR: [03932] scan key value is 0xea15c936 
[154523.977770]  
[154525.147731] IR: [03932] scan key value is 0xeb14c936 
[154525.147736]  
[154525.200141] IR: [03932] scan key value is 0xeb14c936 
[154525.200146]  
[154525.748959] IR: [03932] scan key value is 0xec13c936 
[154525.748963]  
[154530.954565] IR: [03932] scan key value is 0xed12c936 
[154530.954570]  
[154531.846317] IR: [03932] scan key value is 0xea15c936 
[154531.846321]  
[154531.898747] IR: [03932] scan key value is 0xea15c936 
[154531.898752]  
[154536.452994] IR: [03932] scan key value is 0xea15c936 
[154536.452998]  
[154536.505399] IR: [03932] scan key value is 0xea15c936 
[154536.505404]  
[154536.736816] IR: [03932] scan key value is 0xea15c936 
[154536.736820]  
[154538.184493] IR: [03932] scan key value is 0xea15c936 
[154538.184499]  
[154539.152046] IR: [03932] scan key value is 0xee11c936 
[154539.152051]  
[154539.204456] IR: [03932] scan key value is 0xee11c936 
[154539.204461]  
[154539.410072] IR: [03932] scan key value is 0xee11c936 
[154539.410077]  
[154539.462483] IR: [03932] scan key value is 0xee11c936 
[154539.462488]  
[154539.659345] IR: [03932] scan key value is 0xee11c936 
[154539.659351]  
[154539.711752] IR: [03932] scan key value is 0xee11c936 
[154539.711757]  
[154540.000436] IR: [03932] scan key value is 0xee11c936 
[154540.000441]  
[154540.052868] IR: [03932] scan key value is 0xee11c936 
[154540.052874]  
[154540.732204] IR: [03932] scan key value is 0xeb14c936 
[154540.732209]  
[154540.784635] IR: [03932] scan key value is 0xeb14c936 
[154540.784640]  
[154662.798890] IR: [03932] scan key value is 0xeb14c936 
[154662.798895]  
[154662.851281] IR: [03932] scan key value is 0xeb14c936 
[154662.851287]  
[154663.270215] IR: [03932] scan key value is 0xeb14c936 
[154663.270220]  
[154663.322653] IR: [03932] scan key value is 0xeb14c936 
[154663.322658]  
[154663.695829] IR: [03932] scan key value is 0xeb14c936 
[154663.695834]  
[154663.748239] IR: [03932] scan key value is 0xeb14c936 
[154663.748245]  
[154663.997097] IR: [03932] scan key value is 0xeb14c936 
[154663.997102]  
[154669.865156] IR: [03932] scan key value is 0xeb14c936 
[154669.865163]  
[154669.917506] IR: [03932] scan key value is 0xeb14c936 
[154669.917510]  
[154679.208244] IR: [03932] scan key value is 0xea15c936 
[154679.208249]  
[154679.260647] IR: [03932] scan key value is 0xea15c936 
[154679.260652]  
[154687.963934] IR: [03932] scan key value is 0xea15c936 
[154687.963940]  
[154703.538608] IR: [03932] scan key value is 0xea15c936 
[154703.538613]  
[154703.591016] IR: [03932] scan key value is 0xea15c936 
[154703.591021]  
[154709.460396] IR: [03932] scan key value is 0xec13c936 
[154709.460401]  
[154709.512772] IR: [03932] scan key value is 0xec13c936 
[154709.512776]  
[154711.398067] IR: [03932] scan key value is 0xec13c936 
[154711.398072]  
[154711.450419] IR: [03932] scan key value is 0xec13c936 
[154711.450424]  
[154712.852397] IR: [03932] scan key value is 0xea15c936 
[154712.852401]  
[154712.904792] IR: [03932] scan key value is 0xea15c936 
[154712.904797]  
[154713.153327] IR: [03932] scan key value is 0xea15c936 
[154713.153333]  
[154713.205690] IR: [03932] scan key value is 0xea15c936 
[154713.205696]  
[154714.971678] IR: [03932] scan key value is 0xeb14c936 
[154714.971684]  
[154715.024052] IR: [03932] scan key value is 0xeb14c936 
[154715.024057]  
[154715.684920] [irq_proc_open][373] -16
[154715.751933] IR: [03932] scan key value is 0xec13c936 
[154715.751938]  
[154716.358039] irq_proc_write
[154716.387372] 
[154716.387378] irq_proc_write
[154717.503971] IR: [03932] scan key value is 0xec13c936 
[154717.503977]  
[154717.556358] IR: [03932] scan key value is 0xec13c936 
[154717.556363]  
[154727.026763] IR: [03932] scan key value is 0xec13c936 
[154727.026768]  
[154727.079159] IR: [03932] scan key value is 0xec13c936 
[154727.079168]  
[154728.381238] IR: [03932] scan key value is 0xec13c936 
[154728.381243]  
[154728.433620] IR: [03932] scan key value is 0xec13c936 
[154728.433625]  
[154735.346981] IR: [03932] scan key value is 0xec13c936 
[154735.346986]  
[154735.399402] IR: [03932] scan key value is 0xec13c936 
[154735.399407]  
[154746.742199] IR: [03932] scan key value is 0xec13c936 
[154746.742204]  
[154748.487644] IR: [03932] scan key value is 0xea15c936 
[154748.487649]  
[154748.540049] IR: [03932] scan key value is 0xea15c936 
[154748.540054]  
[154748.648118] IR: [03932] scan key value is 0xea15c936 
[154748.648123]  
[154748.756156] IR: [03932] scan key value is 0xea15c936 
[154748.756162]  
[154749.225522] IR: [03932] scan key value is 0xea15c936 
[154749.225528]  
[154749.277946] IR: [03932] scan key value is 0xea15c936 
[154749.277953]  
[154749.685661] IR: [03932] scan key value is 0xea15c936 
[154749.685666]  
[154749.738070] IR: [03932] scan key value is 0xea15c936 
[154749.738076]  
[154750.839753] IR: [03932] scan key value is 0xeb14c936 
[154750.839758]  
[154750.892096] IR: [03932] scan key value is 0xeb14c936 
[154750.892102]  
[154751.430767] IR: [03932] scan key value is 0xea15c936 
[154751.430774]  
[154751.483148] IR: [03932] scan key value is 0xea15c936 
[154751.483157]  
[154751.591222] IR: [03932] scan key value is 0xea15c936 
[154751.591227]  
[154752.332473] IR: [03932] scan key value is 0xea15c936 
[154752.332478]  
[154752.384825] IR: [03932] scan key value is 0xea15c936 
[154752.384830]  
[154752.466216] irq_proc_write
[154752.835191] IR: [03932] scan key value is 0xec13c936 
[154752.835196]  
[154752.887548] IR: [03932] scan key value is 0xec13c936 
[154752.887553]  
[154810.668716] IR: [03932] scan key value is 0xeb14c936 
[154810.668721]  
[154810.721170] IR: [03932] scan key value is 0xeb14c936 
[154810.721175]  
[154811.313089] IR: [03932] scan key value is 0xec13c936 
[154811.313094]  
[154811.365490] IR: [03932] scan key value is 0xec13c936 
[154811.365495]  
[154812.324368] irq_proc_write
[154852.649088] IR: [03932] scan key value is 0xf10ec936 
[154852.649093]  
[154852.701580] IR: [03932] scan key value is 0xf10ec936 
[154852.701586]  
[154853.559911] IR: [03932] scan key value is 0xec13c936 
[154853.559916]  
[154853.612406] IR: [03932] scan key value is 0xec13c936 
[154853.612413]  
[154858.095889] IR: [03932] scan key value is 0xf10ec936 
[154858.095894]  
[154858.148378] IR: [03932] scan key value is 0xf10ec936 
[154858.148382]  
[154858.256491] IR: [03932] scan key value is 0xf10ec936 
[154858.256496]  
[154859.401816] IR: [03932] scan key value is 0xf10ec936 
[154859.401821]  
[154859.454303] IR: [03932] scan key value is 0xf10ec936 
[154859.454309]  
[155024.617687] IR: [03932] scan key value is 0xeb14c936 
[155024.617692]  
[155024.670190] IR: [03932] scan key value is 0xeb14c936 
[155024.670196]  
[155025.204506] IR: [03932] scan key value is 0xec13c936 
[155025.204511]  
[155025.257003] IR: [03932] scan key value is 0xec13c936 
[155025.257007]  
[155026.624580] IR: [03932] scan key value is 0xeb14c936 
[155026.624586]  
[155026.677083] IR: [03932] scan key value is 0xeb14c936 
[155026.677089]  
[155026.939536] IR: [03932] scan key value is 0xec13c936 
[155026.939541]  
[155026.992024] IR: [03932] scan key value is 0xec13c936 
[155026.992029]  
[155028.519386] IR: [03932] scan key value is 0xea15c936 
[155028.519392]  
[155028.571932] IR: [03932] scan key value is 0xea15c936 
[155028.571940]  
[155028.776745] IR: [03932] scan key value is 0xea15c936 
[155028.776750]  
[155028.829241] IR: [03932] scan key value is 0xea15c936 
[155028.829247]  
[155029.019994] IR: [03932] scan key value is 0xea15c936 
[155029.019999]  
[155029.072489] IR: [03932] scan key value is 0xea15c936 
[155029.072494]  
[155029.273694] IR: [03932] scan key value is 0xea15c936 
[155029.273698]  
[155029.326188] IR: [03932] scan key value is 0xea15c936 
[155029.326193]  
[155029.527710] IR: [03932] scan key value is 0xea15c936 
[155029.527715]  
[155029.580216] IR: [03932] scan key value is 0xea15c936 
[155029.580221]  
[155029.795761] IR: [03932] scan key value is 0xea15c936 
[155029.795766]  
[155029.848257] IR: [03932] scan key value is 0xea15c936 
[155029.848263]  
[155030.270014] IR: [03932] scan key value is 0xea15c936 
[155030.270019]  
[155030.322508] IR: [03932] scan key value is 0xea15c936 
[155030.322514]  
[155030.546090] IR: [03932] scan key value is 0xea15c936 
[155030.546095]  
[155030.598578] IR: [03932] scan key value is 0xea15c936 
[155030.598583]  
[155030.812911] IR: [03932] scan key value is 0xea15c936 
[155030.812916]  
[155030.865413] IR: [03932] scan key value is 0xea15c936 
[155030.865418]  
[155031.650522] IR: [03932] scan key value is 0xea15c936 
[155031.650527]  
[155031.703015] IR: [03932] scan key value is 0xea15c936 
[155031.703020]  
[155033.223594] IR: [03932] scan key value is 0xee11c936 
[155033.223599]  
[155033.276107] IR: [03932] scan key value is 0xee11c936 
[155033.276113]  
[155033.586332] IR: [03932] scan key value is 0xee11c936 
[155033.586337]  
[155033.638836] IR: [03932] scan key value is 0xee11c936 
[155033.638841]  
[155034.409881] IR: [03932] scan key value is 0xee11c936 
[155034.409886]  
[155034.462327] IR: [03932] scan key value is 0xee11c936 
[155034.462332]  
[155034.765241] IR: [03932] scan key value is 0xee11c936 
[155034.765247]  
[155035.610975] IR: [03932] scan key value is 0xea15c936 
[155035.610980]  
[155035.663476] IR: [03932] scan key value is 0xea15c936 
[155035.663481]  
[155035.952928] IR: [03932] scan key value is 0xea15c936 
[155035.952933]  
[155036.005446] IR: [03932] scan key value is 0xea15c936 
[155036.005451]  
[155036.385878] IR: [03932] scan key value is 0xea15c936 
[155036.385883]  
[155036.438364] IR: [03932] scan key value is 0xea15c936 
[155036.438368]  
[155036.884277] IR: [03932] scan key value is 0xea15c936 
[155036.884282]  
[155036.936778] IR: [03932] scan key value is 0xea15c936 
[155036.936783]  
[155037.167209] IR: [03932] scan key value is 0xea15c936 
[155037.167214]  
[155037.219709] IR: [03932] scan key value is 0xea15c936 
[155037.219714]  
[155037.515886] IR: [03932] scan key value is 0xea15c936 
[155037.515891]  
[155037.568422] IR: [03932] scan key value is 0xea15c936 
[155037.568431]  
[155041.559266] IR: [03932] scan key value is 0xea15c936 
[155041.559271]  
[155041.611759] IR: [03932] scan key value is 0xea15c936 
[155041.611764]  
[155043.307544] IR: [03932] scan key value is 0xee11c936 
[155043.307550]  
[155049.801703] IR: [03932] scan key value is 0xf10ec936 
[155049.801707]  
[155049.854202] IR: [03932] scan key value is 0xf10ec936 
[155049.854207]  
[155050.508000] IR: [03932] scan key value is 0xed12c936 
[155050.508005]  
[155050.560555] IR: [03932] scan key value is 0xed12c936 
[155050.560563]  
[155050.918782] IR: [03932] scan key value is 0xec13c936 
[155050.918787]  
[155050.971281] IR: [03932] scan key value is 0xec13c936 
[155050.971286]  
[155052.148240] IR: [03932] scan key value is 0xea15c936 
[155052.148245]  
[155052.200764] IR: [03932] scan key value is 0xea15c936 
[155052.200769]  
[155052.451268] IR: [03932] scan key value is 0xea15c936 
[155052.451273]  
[155052.503761] IR: [03932] scan key value is 0xea15c936 
[155052.503767]  
[155052.734327] IR: [03932] scan key value is 0xea15c936 
[155052.734331]  
[155052.786825] IR: [03932] scan key value is 0xea15c936 
[155052.786830]  
[155053.349930] IR: [03932] scan key value is 0xea15c936 
[155053.349934]  
[155053.402473] IR: [03932] scan key value is 0xea15c936 
[155053.402481]  
[155057.238524] IR: [03932] scan key value is 0xeb14c936 
[155057.238528]  
[155057.291033] IR: [03932] scan key value is 0xeb14c936 
[155057.291038]  
[155058.192993] IR: [03932] scan key value is 0xec13c936 
[155058.192998]  
[155058.245489] IR: [03932] scan key value is 0xec13c936 
[155058.245494]  
[155058.538549] ADDRCONF(NETDEV_UP): uap0: link is not ready
[155059.394646] ADDRCONF(NETDEV_UP): uap0: link is not ready
[155059.415417] ADDRCONF(NETDEV_CHANGE): uap0: link becomes ready
[155070.351193] IR: [03932] scan key value is 0xed12c936 
[155070.351198]  
[155070.403696] IR: [03932] scan key value is 0xed12c936 
[155070.403701]  
[155071.405566] IR: [03932] scan key value is 0xea15c936 
[155071.405571]  
[155071.458069] IR: [03932] scan key value is 0xea15c936 
[155071.458074]  
[155072.308374] IR: [03932] scan key value is 0xee11c936 
[155072.308379]  
[155072.360873] IR: [03932] scan key value is 0xee11c936 
[155072.360883]  
shell@android:/ # 
shell@android:/ # 
shell@android:/ # 
shell@android:/ # logcat -c;logcat
[156189.143025] IR: [03932] scan key value is 0xee11c936 
[156189.143030]  
[156189.195516] IR: [03932] scan key value is 0xee11c936 
[156189.195521]  
[156190.049721] IR: [03932] scan key value is 0xeb14c936 
[156190.049725]  
[156190.102218] IR: [03932] scan key value is 0xeb14c936 
[156190.102223]  
[156190.400428] IR: [03932] scan key value is 0xec13c936 
[156190.400433]  
[156190.452923] IR: [03932] scan key value is 0xec13c936 
[156190.452928]  
[156191.753802] IR: [03932] scan key value is 0xec13c936 
[156191.753807]  
[156191.806293] IR: [03932] scan key value is 0xec13c936 
[156191.806298]  
[156193.040519] ADDRCONF(NETDEV_UP): wfd0: link is not ready
[156193.097508] Can not set data rate in disconnected state
[156202.679545] IR: [03932] scan key value is 0xeb14c936 
[156202.679550]  
[156203.250975] IR: [03932] scan key value is 0xea15c936 
[156203.250980]  
[156203.303470] IR: [03932] scan key value is 0xea15c936 
[156203.303475]  
[156203.642578] IR: [03932] scan key value is 0xea15c936 
[156203.642583]  
[156203.695072] IR: [03932] scan key value is 0xea15c936 
[156203.695077]  
[156203.921842] IR: [03932] scan key value is 0xea15c936 
[156203.921847]  
[156203.974334] IR: [03932] scan key value is 0xea15c936 
[156203.974339]  
[156204.363953] IR: [03932] scan key value is 0xea15c936 
[156204.363959]  
[156204.416477] IR: [03932] scan key value is 0xea15c936 
[156204.416485]  
[156206.047485] IR: [03932] scan key value is 0xea15c936 
[156206.047490]  
[156206.099979] IR: [03932] scan key value is 0xea15c936 
[156206.099984]  
[156218.453722] IR: [03932] scan key value is 0xeb14c936 
[156218.453727]  
[156218.506210] IR: [03932] scan key value is 0xeb14c936 
[156218.506215]  
[156218.847019] IR: [03932] scan key value is 0xec13c936 
[156218.847024]  
[156218.899505] IR: [03932] scan key value is 0xec13c936 
[156218.899510]  
[156219.100547] Invalid country length
[156229.654158] IR: [03932] scan key value is 0xea15c936 
[156229.654163]  
[156229.706651] IR: [03932] scan key value is 0xea15c936 
[156229.706656]  
[156230.051780] IR: [03932] scan key value is 0xea15c936 
[156230.051786]  
[156230.104278] IR: [03932] scan key value is 0xea15c936 
[156230.104283]  
[156234.376613] IR: [03932] scan key value is 0xf10ec936 
[156234.376618]  
[156234.429111] IR: [03932] scan key value is 0xf10ec936 
[156234.429117]  
[156235.121454] IR: [03932] scan key value is 0xf10ec936 
[156235.121458]  
[156235.173955] IR: [03932] scan key value is 0xf10ec936 
[156235.173961]  
[156235.813182] IR: [03932] scan key value is 0xeb14c936 
[156235.813187]  
[156235.865677] IR: [03932] scan key value is 0xeb14c936 
[156235.865683]  
[156236.104863] IR: [03932] scan key value is 0xec13c936 
[156236.104868]  
[156236.157356] IR: [03932] scan key value is 0xec13c936 
[156236.157361]  
[156237.501356] IR: [03932] scan key value is 0xea15c936 
[156237.501361]  
[156237.553852] IR: [03932] scan key value is 0xea15c936 
[156237.553857]  
[156237.740129] IR: [03932] scan key value is 0xea15c936 
[156237.740135]  
[156237.792622] IR: [03932] scan key value is 0xea15c936 
[156237.792627]  
[156237.982329] IR: [03932] scan key value is 0xea15c936 
[156237.982333]  
[156238.034828] IR: [03932] scan key value is 0xea15c936 
[156238.034834]  
[156238.282467] IR: [03932] scan key value is 0xea15c936 
[156238.282472]  
[156238.334988] IR: [03932] scan key value is 0xea15c936 
[156238.334993]  
[156238.849776] IR: [03932] scan key value is 0xea15c936 
[156238.849781]  
[156238.902272] IR: [03932] scan key value is 0xea15c936 
[156238.902277]  
[156239.436540] IR: [03932] scan key value is 0xeb14c936 
[156239.436545]  
[156239.489029] IR: [03932] scan key value is 0xeb14c936 
[156239.489034]  
[156240.118934] IR: [03932] scan key value is 0xec13c936 
[156240.118939]  
[156240.171427] IR: [03932] scan key value is 0xec13c936 
[156240.171432]  
[156243.506303] IR: [03932] scan key value is 0xf10ec936 
[156243.506308]  
[156243.558801] IR: [03932] scan key value is 0xf10ec936 
[156243.558806]  
[156244.267684] IR: [03932] scan key value is 0xf10ec936 
[156244.267689]  
[156245.068383] IR: [03932] scan key value is 0xed12c936 
[156245.068388]  
[156245.120882] IR: [03932] scan key value is 0xed12c936 
[156245.120887]  
[156245.433561] IR: [03932] scan key value is 0xec13c936 
[156245.433566]  
[156245.486052] IR: [03932] scan key value is 0xec13c936 
[156245.486057]  
[156246.701883] IR: [03932] scan key value is 0xea15c936 
[156246.701888]  
[156246.754378] IR: [03932] scan key value is 0xea15c936 
[156246.754387]  
[156247.187577] IR: [03932] scan key value is 0xea15c936 
[156247.187582]  
[156247.240073] IR: [03932] scan key value is 0xea15c936 
[156247.240078]  
[156247.430528] IR: [03932] scan key value is 0xea15c936 
[156247.430533]  
[156247.483057] IR: [03932] scan key value is 0xea15c936 
[156247.483062]  
[156248.034330] IR: [03932] scan key value is 0xea15c936 
[156248.034335]  
[156248.086836] IR: [03932] scan key value is 0xea15c936 
[156248.086845]  
[156248.531702] IR: [03932] scan key value is 0xee11c936 
[156248.531707]  
[156248.584230] IR: [03932] scan key value is 0xee11c936 
[156248.584236]  
[156249.300140] IR: [03932] scan key value is 0xeb14c936 
[156249.300145]  
[156249.352633] IR: [03932] scan key value is 0xeb14c936 
[156249.352638]  
[156255.193127] IR: [03932] scan key value is 0xea15c936 
[156255.193132]  
[156255.245614] IR: [03932] scan key value is 0xea15c936 
[156255.245619]  
[156255.546898] IR: [03932] scan key value is 0xea15c936 
[156255.546903]  
[156255.599388] IR: [03932] scan key value is 0xea15c936 
[156255.599394]  
[156256.225259] IR: [03932] scan key value is 0xec13c936 
[156256.225263]  
[156256.277746] IR: [03932] scan key value is 0xec13c936 
[156256.277751]  
[156279.446922] IOCTL failed: id=0x10000, action=1, status_code=0x80000007
[156279.852764] CMD_RESP: 0x8006 been canceled!
[156291.792913] IR: [03932] scan key value is 0xea15c936 
[156291.792918]  
[156291.845446] IR: [03932] scan key value is 0xea15c936 
[156291.845454]  
[156292.743309] IR: [03932] scan key value is 0xea15c936 
[156292.743314]  
[156292.795802] IR: [03932] scan key value is 0xea15c936 
[156292.795808]  
[156294.692252] IR: [03932] scan key value is 0xee11c936 
[156294.692257]  
[156294.744744] IR: [03932] scan key value is 0xee11c936 
[156294.744749]  
[156306.907925] IR: [03932] scan key value is 0xee11c936 
[156306.907930]  
[156306.960419] IR: [03932] scan key value is 0xee11c936 
[156306.960423]  
[156307.158284] IR: [03932] scan key value is 0xee11c936 
[156307.158289]  
[156307.210779] IR: [03932] scan key value is 0xee11c936 
[156307.210785]  
[156307.318880] IR: [03932] scan key value is 0xee11c936 
[156307.318885]  
[156307.614862] IR: [03932] scan key value is 0xee11c936 
[156307.614867]  
[156307.667355] IR: [03932] scan key value is 0xee11c936 
[156307.667360]  
[156308.128693] IR: [03932] scan key value is 0xec13c936 
[156308.128698]  
[156308.181188] IR: [03932] scan key value is 0xec13c936 
[156308.181193]  
[156308.430074] Can not set data rate in disconnected state
[156308.723636] IR: [03932] scan key value is 0xed12c936 
[156308.723641]  
[156308.776131] IR: [03932] scan key value is 0xed12c936 
[156308.776136]  
[156309.117041] IR: [03932] scan key value is 0xea15c936 
[156309.117047]  
[156309.169537] IR: [03932] scan key value is 0xea15c936 
[156309.169542]  
[156309.374064] IR: [03932] scan key value is 0xea15c936 
[156309.374069]  
[156309.426563] IR: [03932] scan key value is 0xea15c936 
[156309.426568]  
[156310.073776] IR: [03932] scan key value is 0xee11c936 
[156310.073781]  
[156310.126271] IR: [03932] scan key value is 0xee11c936 
[156310.126277]  
[156310.845673] IR: [03932] scan key value is 0xec13c936 
[156310.845678]  
[156310.898161] IR: [03932] scan key value is 0xec13c936 
[156310.898166]  
[156311.410655] IR: [03932] scan key value is 0xeb14c936 
[156311.410660]  
[156311.463154] IR: [03932] scan key value is 0xeb14c936 
[156311.463159]  
[156311.886207] IR: [03932] scan key value is 0xec13c936 
[156311.886212]  
[156311.938695] IR: [03932] scan key value is 0xec13c936 
[156311.938700]  
[156312.176486] ADDRCONF(NETDEV_UP): uap0: link is not ready
[156313.031036] ADDRCONF(NETDEV_UP): uap0: link is not ready
[156313.048619] ADDRCONF(NETDEV_CHANGE): uap0: link becomes ready
[156346.937932] ADDRCONF(NETDEV_UP): wfd0: link is not ready
[156346.986921] Can not set data rate in disconnected state

--------- beginning of /dev/log/main
D/NetUpdate( 2093): progressValue--->0
D/NetUpdate( 2093): mWriteSD--->true
D/NetUpdate( 2093): mBootCheckZipExist--->false
D/NetUpdate( 2093): progressValue--->0
D/NetUpdate( 2093): mWriteSD--->true
D/NetUpdate( 2093): mBootCheckZipExist--->false
D/dalvikvm(29217): GC_CONCURRENT freed 2023K, 46% free 7359K/13443K, paused 2ms+3ms
D/ByPush  ( 1662): Watch Dog Run.
D/ByPush  ( 1662): Push Time:28500
D/ByPush  ( 1662): fetch process exist:false
D/ByPush  ( 1662): service delayStartPush:0
D/ByPush  ( 1662): startWatchDog, will run in 900 seconds.
D/ByPush  ( 1662): Push Run.
D/ByPush  ( 1662): service startPush
D/ByPush  ( 1662): FetchProcess cleanFetch
D/ByPush  ( 1662): dayTime Hour:10
D/ByPush  ( 1662): delayStartFetch:2, id:0
D/HomePlayerLib(29217): hostaddress count is 1
D/NetUpdate( 2093): progressValue--->0
D/NetUpdate( 2093): mWriteSD--->true
D/NetUpdate( 2093): mBootCheckZipExist--->false
D/dalvikvm(29217): GC_CONCURRENT freed 2081K, 47% free 7228K/13443K, paused 2ms+3ms
D/dalvikvm(29217): GC_CONCURRENT freed 1944K, 46% free 7325K/13443K, paused 2ms+4ms
D/ByPush  ( 1646): FetchProcess start fetch.
D/ByPush  ( 1646): fetch url:http://www.bypush.com/rpc/startup?uuid=9301b09526f824b8de29ad1bafb52939&appid=bp46214246dqlgk&version=1.0.0&system=android&testMode=false&imei=&iccid=&imsi=&mac=00%3A00%3A00%3A00%3A00%3A00&type=S1001&resolution=1280*720&osVer=4.0.4
D/ByPush  ( 1646): application/json; charset=UTF-8
D/ByPush  ( 1646): Fetch OK
D/ByPush  ( 1646): Content:{"ret": false}
D/ByPush  ( 1646): fetch ok of id:0
D/NetUpdate( 2093): progressValue--->0
D/NetUpdate( 2093): mWriteSD--->true
D/NetUpdate( 2093): mBootCheckZipExist--->false
D/NetUpdate( 2093): progressValue--->0
D/NetUpdate( 2093): mWriteSD--->true
D/NetUpdate( 2093): mBootCheckZipExist--->false
D/ByPush  ( 1662): FetchProcess start fetch.
D/ByPush  ( 1662): fetch url:http://www.bypush.com/rpc/startup?uuid=9301b09526f824b8de29ad1bafb52939&appid=bp47254606elrsn&version=1.0.0&system=android&testMode=false&imei=&iccid=&imsi=&mac=00%3A00%3A00%3A00%3A00%3A00&type=S1001&resolution=1280*720&osVer=4.0.4
D/ByPush  ( 1662): application/json; charset=UTF-8
D/ByPush  ( 1662): Fetch OK
D/ByPush  ( 1662): Content:{"ret": false}
D/ByPush  ( 1662): fetch ok of id:0
D/NetUpdate( 2093): progressValue--->0
D/NetUpdate( 2093): mWriteSD--->true
D/NetUpdate( 2093): mBootCheckZipExist--->false
D/dalvikvm(29217): GC_CONCURRENT freed 2033K, 47% free 7240K/13443K, paused 2ms+4ms
D/dalvikvm(29217): GC_CONCURRENT freed 1942K, 46% free 7264K/13443K, paused 2ms+3ms
D/NetUpdate( 2093): progressValue--->0
D/NetUpdate( 2093): mWriteSD--->true
D/NetUpdate( 2093): mBootCheckZipExist--->false
D/NetUpdate( 2093): progressValue--->0
D/NetUpdate( 2093): mWriteSD--->true
D/NetUpdate( 2093): mBootCheckZipExist--->false
D/NetUpdate( 2093): progressValue--->0
D/NetUpdate( 2093): mWriteSD--->true
D/NetUpdate( 2093): mBootCheckZipExist--->false
D/NetUpdate( 2093): progressValue--->0
D/NetUpdate( 2093): mWriteSD--->true
D/NetUpdate( 2093): mBootCheckZipExist--->false
D/NetUpdate( 2093): progressValue--->0
D/NetUpdate( 2093): mWriteSD--->true
D/NetUpdate( 2093): mBootCheckZipExist--->false
D/NetUpdate( 2093): progressValue--->0
D/NetUpdate( 2093): mWriteSD--->true
D/NetUpdate( 2093): mBootCheckZipExist--->false
D/NetUpdate( 2093): progressValue--->0
D/NetUpdate( 2093): mWriteSD--->true
D/NetUpdate( 2093): mBootCheckZipExist--->false
D/NetUpdate( 2093): progressValue--->0
D/NetUpdate( 2093): mWriteSD--->true
D/NetUpdate( 2093): mBootCheckZipExist--->false
D/NetUpdate( 2093): progressValue--->0
D/NetUpdate( 2093): mWriteSD--->true
D/NetUpdate( 2093): mBootCheckZipExist--->false
D/NetUpdate( 2093): progressValue--->0
D/NetUpdate( 2093): mWriteSD--->true
D/NetUpdate( 2093): mBootCheckZipExist--->false
D/NetUpdate( 2093): progressValue--->0
D/NetUpdate( 2093): mWriteSD--->true
D/NetUpdate( 2093): mBootCheckZipExist--->false
D/HomePlayerLib(29217): hostaddress count is 1
D/dalvikvm(29217): GC_CONCURRENT freed 1987K, 45% free 7400K/13443K, paused 3ms+4ms
D/NetUpdate( 2093): progressValue--->0
D/NetUpdate( 2093): mWriteSD--->true
D/NetUpdate( 2093): mBootCheckZipExist--->false
D/dalvikvm(29217): GC_CONCURRENT freed 2097K, 45% free 7472K/13443K, paused 3ms+3ms
D/dalvikvm(29217): GC_CONCURRENT freed 2188K, 46% free 7349K/13443K, paused 3ms+3ms
I/wpa_supplicant(29397): wfd0: P2P-DEVICE-FOUND 02:90:4c:00:03:10 p2p_dev_addr=02:90:4c:00:03:10 pri_dev_type=10-0050F204-5 name='Android_5e77' config_methods=0x188 dev_capab=0x24 group_capab=0x0 wfd_dev_info=0x0000060010216a0014
--------- beginning of /dev/log/system
D/WifiP2pService(  945): InactiveState{ what=147477 when=0 obj=Device: Android_5e77
D/WifiP2pService(  945):  deviceAddress: 02:90:4c:00:03:10
D/WifiP2pService(  945):  primary type: 10-0050F204-5
D/WifiP2pService(  945):  secondary type: null
D/WifiP2pService(  945):  wps: 392
D/WifiP2pService(  945):  grpcapab: 0
D/WifiP2pService(  945):  devcapab: 36
D/WifiP2pService(  945):  status: 3
D/WifiP2pService(  945):  wfdInfo: WFD enabled: trueWFD DeviceInfo: 16
D/WifiP2pService(  945):  WFD CtrlPort: 8554
D/WifiP2pService(  945):  WFD MaxThroughput: 20 }
D/WifiP2pService(  945): P2pEnabledState{ what=147477 when=-1ms obj=Device: Android_5e77
D/WifiP2pService(  945):  deviceAddress: 02:90:4c:00:03:10
D/WifiP2pService(  945):  primary type: 10-0050F204-5
D/WifiP2pService(  945):  secondary type: null
D/WifiP2pService(  945):  wps: 392
D/WifiP2pService(  945):  grpcapab: 0
D/WifiP2pService(  945):  devcapab: 36
D/WifiP2pService(  945):  status: 3
D/WifiP2pService(  945):  wfdInfo: WFD enabled: trueWFD DeviceInfo: 16
D/WifiP2pService(  945):  WFD CtrlPort: 8554
D/WifiP2pService(  945):  WFD MaxThroughput: 20 }
D/MiracastControl( 1620): android.net.wifi.p2p.PEERS_CHANGED
I/TabletStatusBar( 1155): receiver broadcast
D/WifiDirectSetting( 2093): --------------WIFI_P2P_PEERS_CHANGED_ACTION
D/WifiP2pService(  945): InactiveState{ what=139286 when=-1ms arg2=14 }
D/WifiP2pService(  945): P2pEnabledState{ what=139286 when=-1ms arg2=14 }
D/WifiP2pService(  945): DefaultState{ what=139286 when=-1ms arg2=14 }
D/WifiDirectSetting( 2093): peer=Device: Android_5e77
D/WifiDirectSetting( 2093):  deviceAddress: 02:90:4c:00:03:10
D/WifiDirectSetting( 2093):  primary type: 10-0050F204-5
D/WifiDirectSetting( 2093):  secondary type: null
D/WifiDirectSetting( 2093):  wps: 392
D/WifiDirectSetting( 2093):  grpcapab: 0
D/WifiDirectSetting( 2093):  devcapab: 36
D/WifiDirectSetting( 2093):  status: 3
D/WifiDirectSetting( 2093):  wfdInfo: WFD enabled: trueWFD DeviceInfo: 16
D/WifiDirectSetting( 2093):  WFD CtrlPort: 8554
D/WifiDirectSetting( 2093):  WFD MaxThroughput: 20
D/WifiDirectSetting( 2093): mPeers.size=0
D/WifiP2pService(  945): InactiveState{ what=139286 when=-3ms arg2=9 }
D/WifiP2pService(  945): P2pEnabledState{ what=139286 when=-4ms arg2=9 }
D/WifiP2pService(  945): DefaultState{ what=139286 when=-4ms arg2=9 }
D/NetUpdate( 2093): progressValue--->0
D/NetUpdate( 2093): mWriteSD--->true
D/NetUpdate( 2093): mBootCheckZipExist--->false
I/wpa_supplicant(29397): wfd0: P2P-GO-NEG-REQUEST 02:90:4c:00:03:10 dev_passwd_id=4
D/WifiP2pService(  945): InactiveState{ what=147479 when=-1ms obj=
D/WifiP2pService(  945):  address: 02:90:4c:00:03:10
D/WifiP2pService(  945):  wps:  setup: 0
D/WifiP2pService(  945):  BSSID: null
D/WifiP2pService(  945):  pin: null
D/WifiP2pService(  945): IP assignment: UNASSIGNED
D/WifiP2pService(  945)[156369.882255] Invalid country length
: Proxy settings: UNASSIGNED
D/WifiP2pService(  945): LinkAddresses: [] Routes: [] DnsAddresses: [] 
D/WifiP2pService(  945): 
D/WifiP2pService(  945):  groupOwnerIntent: 14
D/WifiP2pService(  945):  persist: SYSTEM_DEFAULT
D/WifiP2pService(  945):  freq: 5180 }
D/WifiP2pService(  945): UserAuthorizingGroupNegotiationState
D/WifiP2pService(  945): UserAuthorizingGroupNegotiationState{ what=143366 when=0 }
D/WifiP2pService(  945): UserAuthorizingGroupNegotiationState{ what=139274 when=-1ms obj=
D/WifiP2pService(  945):  address: 02:90:4c:00:03:10
D/WifiP2pService(  945):  wps:  setup: 0
D/WifiP2pService(  945):  BSSID: null
D/WifiP2pService(  945):  pin: null
D/WifiP2pService(  945): IP assignment: UNASSIGNED
D/WifiP2pService(  945): Proxy settings: UNASSIGNED
D/WifiP2pService(  945): LinkAddresses: [] Routes: [] DnsAddresses: [] 
D/WifiP2pService(  945): 
D/WifiP2pService(  945):  groupOwnerIntent: 14
D/WifiP2pService(  945):  persist: SYSTEM_DEFAULT
D/WifiP2pService(  945):  freq: 5180 }
D/WifiP2pService(  945): InactiveState{ what=139274 when=-1ms obj=
D/WifiP2pService(  945):  address: 02:90:4c:00:03:10
D/WifiP2pService(  945):  wps:  setup: 0
D/WifiP2pService(  945):  BSSID: null
D/WifiP2pService(  945):  pin: null
D/WifiP2pService(  945): IP assignment: UNASSIGNED
D/WifiP2pService(  945): Proxy settings: UNASSIGNED
D/WifiP2pService(  945): LinkAddresses: [] Routes: [] DnsAddresses: [] 
D/WifiP2pService(  945): 
D/WifiP2pService(  945):  groupOwnerIntent: 14
D/WifiP2pService(  945):  persist: SYSTEM_DEFAULT
D/WifiP2pService(  945):  freq: 5180 }
D/WifiP2pService(  945): P2pEnabledState{ what=139274 when=-1ms obj=
D/WifiP2pService(  945):  address: 02:90:4c:00:03:10
D/WifiP2pService(  945):  wps:  setup: 0
D/WifiP2pService(  945):  BSSID: null
D/WifiP2pService(  945):  pin: null
D/WifiP2pService(  945): IP assignment: UNASSIGNED
D/WifiP2pService(  945): Proxy settings: UNASSIGNED
D/WifiP2pService(  945): LinkAddresses: [] Routes: [] DnsAddresses: [] 
D/WifiP2pService(  945): 
D/WifiP2pService(  945):  groupOwnerIntent: 14
D/WifiP2pService(  945):  persist: SYSTEM_DEFAULT
D/WifiP2pService(  945):  freq: 5180 }
D/WifiP2pService(  945): P2pEnabledState sending connect
E/wpa_supplicant(29397): wpa_driver_nl80211_driver_cmd: failed to issue private commands
E/wpa_supplicant(29397): ret = -1 (Operation not permitted)
I/WifiNative(  945): when p2pconnect groupOwnerIntent :14; freq :-1
D/WifiNative(  945): P2P_CONNECT 02:90:4c:00:03:10 pbc go_intent=14 
D/MiracastControl( 1620): android.net.wifi.p2p.PEERS_CHANGED
I/TabletStatusBar( 1155): receiver broadcast
D/WifiDirectSetting( 2093): --------------WIFI_P2P_PEERS_CHANGED_ACTION
D/WifiP2pService(  945): GroupNegotiationState
D/WifiDirectSetting( 2093): peer=Device: Android_5e77
D/WifiDirectSetting( 2093):  deviceAddress: 02:90:4c:00:03:10
D/WifiDirectSetting( 2093):  primary type: 10-0050F204-5
D/WifiDirectSetting( 2093):  secondary type: null
D/WifiDirectSetting( 2093):  wps: 392
D/WifiDirectSetting( 2093):  grpcapab: 0
D/WifiDirectSetting( 2093):  devcapab: 36
D/WifiDirectSetting( 2093):  status: 1
D/WifiDirectSetting( 2093):  wfdInfo: WFD enabled: trueWFD DeviceInfo: 16
D/WifiDirectSetting( 2093):  WFD CtrlPort: 8554
D/WifiDirectSetting( 2093):  WFD MaxThroughput: 20
D/WifiDirectSetting( 2093): mPeers.size=1
D/WifiP2pService(  945): GroupNegotiationState{ what=139286 when=-2ms arg2=15 }
D/WifiP2pService(  945): P2pEnabledState{ what=139286 when=-2ms arg2=15 }
D/WifiP2pService(  945): DefaultState{ what=139286 when=-2ms arg2=15 }
D/WifiP2pService(  945): GroupNegotiationState{ what=139286 when=-2ms arg2=10 }
D/WifiP2pService(  945): P2pEnabledState{ what=139286 when=-2ms arg2=10 }
D/WifiP2pService(  945): DefaultState{ what=139286 when=-2ms arg2=10 }
I/wpa_supplicant(29397): wfd0: P2P-GO-NEG-SUCCESS 
D/WifiP2pService(  945): GroupNegotiationState{ what=147481 when=-1ms }
D/WifiP2pService(  945): GroupNegotiationState go success
D/WifiP2pService(  945): GroupNegotiationState{ what=147462 when=-1ms obj=android.net.wifi.StateChangeResult@4168e2d8 }
D/WifiP2pService(  945): P2pEnabledState{ what=147462 when=-2ms obj=android.net.wifi.StateChangeResult@4168e2d8 }
D/WifiP2pService(  945): DefaultState{ what=147462 when=-2ms obj=android.net.wifi.StateChangeResult@4168e2d8 }
E/WifiP2pService(  945): Unhandled message { what=147462 when=-2ms obj=android.net.wifi.StateChangeResult@4168e2d8 }
E/wpa_supplicant(29397): Failed to create interface m.wfd0: -95 (Operation not supported on transport endpoint)
W/wpa_supplicant(29397): nl80211: Driver does not support monitor interface type - try to run without it
E/wpa_supplicant(29397): Failed to update rate sets in kernel module
W/wpa_supplicant(29397): Could not connect to kernel driver.
E/wpa_supplicant(29397): Using interface wfd0 with hwaddr a6:a8:20:13:03:6e and ssid 'DIRECT-KX'
E/wpa_supplicant(29397): random: Cannot read from /dev/random: Try again
I/wpa_supplicant(29397): random: Only 14/20 bytes of strong random data available from /dev/random
I/wpa_supplicant(29397): random: Not enough entropy pool available for secure operations
I/wpa_supplicant(29397): WPA: Not enough entropy in random pool for secure operations - update keys later when the first station connects
E/wpa_supplicant(29397): WPA initialization failed.
E/wpa_supplicant(29397): wfd0: Unable to setup interface.
E/wpa_supplicant(29397): Failed to initialize AP interface
W/wpa_supplicant(29397): Could not connect to kernel driver.
D/NetUpdate( 2093): progressValue--->0
D/NetUpdate( 2093): mWriteSD--->true
D/NetUpdate( 2093): mBootCheckZipExist--->false
D/NetUpdate( 2093): progressValue--->0
D/NetUpdate( 2093): mWriteSD--->true
D/NetUpdate( 2093): mBootCheckZipExist--->false
D/NetUpdate( 2093): progressValue--->0
D/NetUpdate( 2093): mWriteSD--->true
D/NetUpdate( 2093): mBootCheckZipExist--->false
D/NetUpdate( 2093): progressValue--->0
D/NetUpdate( 2093): mWriteSD--->true
D/NetUpdate( 2093): mBootCheckZipExist--->false
D/NetUpdate( 2093): progressValue--->0
D/NetUpdate( 2093): mWriteSD--->true
D/NetUpdate( 2093): mBootCheckZipExist--->false
D/NetUpdate( 2093): progressValue--->0
D/NetUpdate( 2093): mWriteSD--->true
D/NetUpdate( 2093): mBootCheckZipExist--->false
D/NetUpdate( 2093): progressValue--->0
D/NetUpdate( 2093): mWriteSD--->true
D/NetUpdate( 2093): mBootCheckZipExist--->false
D/NetUpdate( 2093): progressValue--->0
D/NetUpdate( 2093): mWriteSD--->true
D/NetUpdate( 2093): mBootCheckZipExist--->false
D/NetUpdate( 2093): progressValue--->0
D/NetUpdate( 2093): mWriteSD--->true
D/NetUpdate( 2093): mBootCheckZipExist--->false
D/NetUpdate( 2093): progressValue--->0
D/NetUpdate( 2093): mWriteSD--->true
D/NetUpdate( 2093): mBootCheckZipExist--->false
D/NetUpdate( 2093): progressValue--->0
D/NetUpdate( 2093): mWriteSD--->true
D/NetUpdate( 2093): mBootCheckZipExist--->false
D/dalvikvm(29217): GC_CONCURRENT freed 2063K, 46% free 7344K/13443K, paused 3ms+3ms
D/HomePlayerLib(29217): hostaddress count is 1
D/dalvikvm(29217): GC_CONCURRENT freed 2055K, 46% free 7329K/13443K, paused 2ms+3ms
D/NetUpdate( 2093): progressValue--->0
D/NetUpdate( 2093): mWriteSD--->true
D/NetUpdate( 2093): mBootCheckZipExist--->false
D/dalvikvm(29217): GC_CONCURRENT freed 2039K, 47% free 7241K/13443K, paused 2ms+3ms
D/NetUpdate( 2093): progressValue--->0
D/NetUpdate( 2093): mWriteSD--->true
D/NetUpdate( 2093): mBootCheckZipExist--->false
D/dalvikvm(29217): GC_CONCURRENT freed 1958K, 47% free 7211K/13443K, paused 2ms+3ms
D/dalvikvm(29217): GC_CONCURRENT freed 1920K, 46% free 7331K/13443K, paused 2ms+3ms
D/NetUpdate( 2093): progressValue--->0
D/NetUpdate( 2093): mWriteSD--->true
D/NetUpdate( 2093): mBootCheckZipExist--->false
D/NetUpdate( 2093): progressValue--->0
D/NetUpdate( 2093): mWriteSD--->true
D/NetUpdate( 2093): mBootCheckZipExist--->false
D/NetUpdate( 2093): progressValue--->0
D/NetUpdate( 2093): mWriteSD--->true
D/NetUpdate( 2093): mBootCheckZipExist--->false
D/NetUpdate( 2093): progressValue--->0
D/NetUpdate( 2093): mWriteSD--->true
D/NetUpdate( 2093): mBootCheckZipExist--->false
D/NetUpdate( 2093): progressValue--->0
D/NetUpdate( 2093): mWriteSD--->true
D/NetUpdate( 2093): mBootCheckZipExist--->false
I/wpa_supplicant(29397): wfd0: P2P-GROUP-FORMATION-FAILURE 
I/wpa_supplicant(29397): wfd0: P2P-GROUP-REMOVED wfd0 GO
I/wpa_supplicant(29397): wfd0: P2P-DEVICE-LOST p2p_dev_addr=02:90:4c:00:03:10
D/WifiP2pService(  945): GroupNegotiationState{ what=147484 when=0 }
D/WifiP2pService(  945): GroupNegotiationState go failure
D/MiracastControl( 1620): android.net.wifi.p2p.PEERS_CHANGED
I/TabletStatusBar( 1155): receiver broadcast
D/WifiDirectSetting( 2093): --------------WIFI_P2P_PEERS_CHANGED_ACTION
D/WifiP2pService(  945): InactiveState
D/WifiP2pService(  945): InactiveState{ what=147486 when=-12ms obj=network: null
D/WifiP2pService(  945):  isGO: true
D/WifiP2pService(  945):  GO: null
D/WifiP2pService(  945):  interface: wfd0 }
D/WifiP2pService(  945): P2pEnabledState{ what=147486 when=-12ms obj=network: null
D/WifiP2pService(  945):  isGO: true
D/WifiP2pService(  945):  GO: null
D/WifiP2pService(  945):  interface: wfd0 }
D/WifiP2pService(  945): DefaultState{ what=147486 when=-13ms obj=network: null
D/WifiP2pService(  945):  isGO: true
D/WifiP2pService(  945):  GO: null
D/WifiP2pService(  945):  interface: wfd0 }
E/WifiP2pService(  945): Unhandled message { what=147486 when=-13ms obj=network: null
E/WifiP2pService(  945):  isGO: true
E/WifiP2pService(  945):  GO: null
E/WifiP2pService(  945):  interface: wfd0 }
D/WifiP2pService(  945): InactiveState{ what=147478 when=-13ms obj=Device: 
D/WifiP2pService(  945):  deviceAddress: 02:90:4c:00:03:10
D/WifiP2pService(  945):  primary type: null
D/WifiP2pService(  945):  secondary type: null
D/WifiP2pService(  945):  wps: 0
D/WifiP2pService(  945):  grpcapab: 0
D/WifiP2pService(  945):  devcapab: 0
D/WifiP2pService(  945):  status: 4
D/WifiP2pService(  945):  wfdInfo: null }
D/WifiP2pService(  945): P2pEnabledState{ what=147478 when=-13ms obj=Device: 
D/WifiP2pService(  945):  deviceAddress: 02:90:4c:00:03:10
D/WifiP2pService(  945):  primary type: null
D/WifiP2pService(  945):  secondary type: null
D/WifiP2pService(  945):  wps: 0
D/WifiP2pService(  945):  grpcapab: 0
D/WifiP2pService(  945):  devcapab: 0
D/WifiP2pService(  945):  status: 4
D/WifiP2pService(  945):  wfdInfo: null }
D/WifiP2pService(  945): InactiveState{ what=147462 when=-13ms obj=android.net.wifi.StateChangeResult@417db9b8 }
D/WifiDirectSetting( 2093): --------------WIFI_P2P_PEERS_CHANGED_ACTION
D/MiracastControl( 1620): android.net.wifi.p2p.PEERS_CHANGED
I/TabletStatusBar( 1155): receiver broadcast
D/WifiP2pService(  945): P2pEnabledState{ what=147462 when=-13ms obj=android.net.wifi.StateChangeResult@417db9b8 }
D/WifiP2pService(  945): DefaultState{ what=147462 when=-15ms obj=android.net.wifi.StateChangeResult@417db9b8 }
E/WifiP2pService(  945): Unhandled message { what=147462 when=-15ms obj=android.net.wifi.StateChangeResult@417db9b8 }
D/WifiDirectSetting( 2093): mPeers.size=1
D/WifiP2pService(  945): InactiveState{ what=139286 when=-13ms arg2=16 }
D/WifiP2pService(  945): P2pEnabledState{ what=139286 when=-13ms arg2=16 }
D/WifiP2pService(  945): DefaultState{ what=139286 when=-13ms arg2=16 }
D/WifiP2pService(  945): InactiveState{ what=139286 when=-13ms arg2=11 }
D/WifiP2pService(  945): P2pEnabledState{ what=139286 when=-14ms arg2=11 }
D/WifiP2pService(  945): DefaultState{ what=139286 when=-14ms arg2=11 }
D/WifiP2pService(  945): InactiveState{ what=139286 when=-3ms arg2=12 }
D/WifiP2pService(  945): P2pEnabledState{ what=139286 when=-3ms arg2=12 }
D/WifiP2pService(  945): DefaultState{ what=139286 when=-4ms arg2=12 }
D/WifiP2pService(  945): InactiveState{ what=139286 when=-4ms arg2=17 }
D/WifiDirectSetting( 2093): mPeers.size=0
D/WifiP2pService(  945): P2pEnabledState{ what=139286 when=-4ms arg2=17 }
D/WifiP2pService(  945): DefaultState{ what=139286 when=-5ms arg2=17 }
D/WifiP2pService(  945): InactiveState{ what=139271 when=0 }
D/WifiP2pService(  945): P2pEnabledState{ what=139271 when=-1ms }
D/NetUpdate( 2093): progressValue--->0
D/NetUpdate( 2093): mWriteSD--->true
D/NetUpdate( 2093): mBootCheckZipExist--->false
D/NetUpdate( 2093): progressValue--->0
D/NetUpdate( 2093): mWriteSD--->true
D/NetUpdate( 2093): mBootCheckZipExist--->false
D/NetUpdate( 2093): progressValue--->0
D/NetUpdate( 2093): mWriteSD--->true
D/NetUpdate( 2093): mBootCheckZipExist--->false
D/NetUpdate( 2093): progressValue--->0
D/NetUpdate( 2093): mWriteSD--->true
D/NetUpdate( 2093): mBootCheckZipExist--->false
D/NetUpdate( 2093): progressValue--->0
D/NetUpdate( 2093): mWriteSD--->true
D/NetUpdate( 2093): mBootCheckZipExist--->false
D/dalvikvm(29217): GC_CONCURRENT freed 2051K, 47% free 7225K/13443K, paused 2ms+3ms
D/HomePlayerLib(29217): hostaddress count is 1
D/dalvikvm(29217): GC_CONCURRENT freed 1948K, 46% free 7322K/13443K, paused 2ms+3ms
D/NetUpdate( 2093): progressValue--->0
D/NetUpdate( 2093): mWriteSD--->true
D/NetUpdate( 2093): mBootCheckZipExist--->false
D/dalvikvm(29217): GC_CONCURRENT freed 2037K, 46% free 7325K/13443K, paused 3ms+3ms
D/NetUpdate( 2093): progressValue--->0
D/NetUpdate( 2093): mWriteSD--->true
D/NetUpdate( 2093): mBootCheckZipExist--->false
I/wpa_supplicant(29397): wfd0: P2P-DEVICE-FOUND 02:90:4c:00:03:10 p2p_dev_addr=02:90:4c:00:03:10 pri_dev_type=10-0050F204-5 name='Android_5e77' config_methods=0x188 dev_capab=0x24 group_capab=0x0 wfd_dev_info=0x0000060010216a0014
I/TabletStatusBar( 1155): receiver broadcast
D/WifiDirectSetting( 2093): --------------WIFI_P2P_PEERS_CHANGED_ACTION
D/MiracastControl( 1620): android.net.wifi.p2p.PEERS_CHANGED
D/WifiP2pService(  945): InactiveState{ what=147477 when=0 obj=Device: Android_5e77
D/WifiP2pService(  945):  deviceAddress: 02:90:4c:00:03:10
D/WifiP2pService(  945):  primary type: 10-0050F204-5
D/WifiP2pService(  945):  secondary type: null
D/WifiP2pService(  945):  wps: 392
D/WifiP2pService(  945):  grpcapab: 0
D/WifiP2pService(  945):  devcapab: 36
D/WifiP2pService(  945):  status: 3
D/WifiP2pService(  945):  wfdInfo: WFD enabled: trueWFD DeviceInfo: 16
D/WifiP2pService(  945):  WFD CtrlPort: 8554
D/WifiP2pService(  945):  WFD MaxThroughput: 20 }
D/WifiP2pService(  945): P2pEnabledState{ what=147477 when=0 obj=Device: Android_5e77
D/WifiP2pService(  945):  deviceAddress: 02:90:4c:00:03:10
D/WifiP2pService(  945):  primary type: 10-0050F204-5
D/WifiP2pService(  945):  secondary type: null
D/WifiP2pService(  945):  wps: 392
D/WifiP2pService(  945):  grpcapab: 0
D/WifiP2pService(  945):  devcapab: 36
D/WifiP2pService(  945):  status: 3
D/WifiP2pService(  945):  wfdInfo: WFD enabled: trueWFD DeviceInfo: 16
D/WifiP2pService(  945):  WFD CtrlPort: 8554
D/WifiP2pService(  945):  WFD MaxThroughput: 20 }
D/WifiP2pService(  945): InactiveState{ what=139286 when=0 arg2=13 }
D/WifiDirectSetting( 2093): peer=Device: Android_5e77
D/WifiDirectSetting( 2093):  deviceAddress: 02:90:4c:00:03:10
D/WifiDirectSetting( 2093):  primary type: 10-0050F204-5
D/WifiDirectSetting( 2093):  secondary type: null
D/WifiDirectSetting( 2093):  wps: 392
D/WifiDirectSetting( 2093):  grpcapab: 0
D/WifiDirectSetting( 2093):  devcapab: 36
D/WifiDirectSetting( 2093):  status: 3
D/WifiDirectSetting( 2093):  wfdInfo: WFD enabled: trueWFD DeviceInfo: 16
D/WifiDirectSetting( 2093):  WFD CtrlPort: 8554
D/WifiDirectSetting( 2093):  WFD MaxThroughput: 20
D/WifiDirectSetting( 2093): mPeers.size=0
D/WifiP2pService(  945): P2pEnabledState{ what=139286 when=-1ms arg2=13 }
D/WifiP2pService(  945): DefaultState{ what=139286 when=-1ms arg2=13 }
D/WifiP2pService(  945): InactiveState{ what=139286 when=-2ms arg2=18 }
D/WifiP2pService(  945): P2pEnabledState{ what=139286 when=-2ms arg2=18 }
D/WifiP2pService(  945): DefaultState{ what=139286 when=-3ms arg2=18 }
I/wpa_supplicant(29397): wfd0: P2P-GO-NEG-REQUEST 02:90:4c:00:03:10 dev_passwd_id=4
D/WifiP2pService(  945): InactiveState{ what=147479 when=-1ms obj=
D/WifiP2pService(  945):  address: 02:90:4c:00:03:10
D/WifiP2pService(  945):  wps:  setup: 0
D/WifiP2pService(  945):  BSSID: null
D/WifiP2pService(  945):  pin: null
D/WifiP2pService(  945): IP assignment: UNASSIGNED
D/WifiP2pService(  945): Proxy settings: UNASSIGNED
D/WifiP2pService(  945): LinkAddresses: [] Routes: [] DnsAddresses: [] 
D/WifiP2pService(  945): 
D/WifiP2pService(  945):  groupOwnerIntent: 14
D/WifiP2pService(  945):  persist: SYSTEM_DEFAULT
D/WifiP2pService(  945):  freq: 5180 }
D/WifiP2pService(  945): UserAuthorizingGroupNegotiationState
D/WifiP2pService[156391.625029] Invalid country length
(  945): UserAuthorizingGroupNegotiationState{ what=143366 when=-1ms }
D/WifiP2pService(  945): UserAuthorizingGroupNegotiationState{ what=139274 when=0 obj=
D/WifiP2pService(  945):  address: 02:90:4c:00:03:10
D/WifiP2pService(  945):  wps:  setup: 0
D/WifiP2pService(  945):  BSSID: null
D/WifiP2pService(  945):  pin: null
D/WifiP2pService(  945): IP assignment: UNASSIGNED
D/WifiP2pService(  945): Proxy settings: UNASSIGNED
D/WifiP2pService(  945): LinkAddresses: [] Routes: [] DnsAddresses: [] 
D/WifiP2pService(  945): 
D/WifiP2pService(  945):  groupOwnerIntent: 14
D/WifiP2pService(  945):  persist: SYSTEM_DEFAULT
D/WifiP2pService(  945):  freq: 5180 }
D/WifiP2pService(  945): InactiveState{ what=139274 when=-1ms obj=
D/WifiP2pService(  945):  address: 02:90:4c:00:03:10
D/WifiP2pService(  945):  wps:  setup: 0
D/WifiP2pService(  945):  BSSID: null
D/WifiP2pService(  945):  pin: null
D/WifiP2pService(  945): IP assignment: UNASSIGNED
D/WifiP2pService(  945): Proxy settings: UNASSIGNED
D/WifiP2pService(  945): LinkAddresses: [] Routes: [] DnsAddresses: [] 
D/WifiP2pService(  945): 
D/WifiP2pService(  945):  groupOwnerIntent: 14
D/WifiP2pService(  945):  persist: SYSTEM_DEFAULT
D/WifiP2pService(  945):  freq: 5180 }
D/WifiP2pService(  945): P2pEnabledState{ what=139274 when=-1ms obj=
D/WifiP2pService(  945):  address: 02:90:4c:00:03:10
D/WifiP2pService(  945):  wps:  setup: 0
D/WifiP2pService(  945):  BSSID: null
D/WifiP2pService(  945):  pin: null
D/WifiP2pService(  945): IP assignment: UNASSIGNED
D/WifiP2pService(  945): Proxy settings: UNASSIGNED
D/WifiP2pService(  945): LinkAddresses: [] Routes: [] DnsAddresses: [] 
D/WifiP2pService(  945): 
D/WifiP2pService(  945):  groupOwnerIntent: 14
D/WifiP2pService(  945):  persist: SYSTEM_DEFAULT
D/WifiP2pService(  945):  freq: 5180 }
D/WifiP2pService(  945): P2pEnabledState sending connect
E/wpa_supplicant(29397): wpa_driver_nl80211_driver_cmd: failed to issue private commands
E/wpa_supplicant(29397): ret = -1 (Operation not permitted)
I/WifiNative(  945): when p2pconnect groupOwnerIntent :14; freq :-1
D/WifiNative(  945): P2P_CONNECT 02:90:4c:00:03:10 pbc go_intent=14 
I/TabletStatusBar( 1155): receiver broadcast
D/WifiDirectSetting( 2093): --------------WIFI_P2P_PEERS_CHANGED_ACTION
D/MiracastControl( 1620): android.net.wifi.p2p.PEERS_CHANGED
D/WifiP2pService(  945): GroupNegotiationState
D/WifiDirectSetting( 2093): peer=Device: Android_5e77
D/WifiDirectSetting( 2093):  deviceAddress: 02:90:4c:00:03:10
D/WifiDirectSetting( 2093):  primary type: 10-0050F204-5
D/WifiDirectSetting( 2093):  secondary type: null
D/WifiDirectSetting( 2093):  wps: 392
D/WifiDirectSetting( 2093):  grpcapab: 0
D/WifiDirectSetting( 2093):  devcapab: 36
D/WifiDirectSetting( 2093):  status: 1
D/WifiDirectSetting( 2093):  wfdInfo: WFD enabled: trueWFD DeviceInfo: 16
D/WifiDirectSetting( 2093):  WFD CtrlPort: 8554
D/WifiDirectSetting( 2093):  WFD MaxThroughput: 20
D/WifiDirectSetting( 2093): mPeers.size=1
D/WifiP2pService(  945): GroupNegotiationState{ what=139286 when=-1ms arg2=14 }
D/WifiP2pService(  945): P2pEnabledState{ what=139286 when=-2ms arg2=14 }
D/WifiP2pService(  945): DefaultState{ what=139286 when=-2ms arg2=14 }
D/WifiP2pService(  945): GroupNegotiationState{ what=139286 when=-4ms arg2=19 }
D/WifiP2pService(  945): P2pEnabledState{ what=139286 when=-4ms arg2=19 }
D/WifiP2pService(  945): DefaultState{ what=139286 when=-4ms arg2=19 }
I/wpa_supplicant(29397): wfd0: P2P-GO-NEG-SUCCESS 
D/WifiP2pService(  945): GroupNegotiationState{ what=147481 when=-1ms }
D/WifiP2pService(  945): GroupNegotiationState go success
D/WifiP2pService(  945): GroupNegotiationState{ what=147462 when=0 obj=android.net.wifi.StateChangeResult@418489b8 }
D/WifiP2pService(  945): P2pEnabledState{ what=147462 when=-1ms obj=android.net.wifi.StateChangeResult@418489b8 }
D/WifiP2pService(  945): DefaultState{ what=147462 when=-1ms obj=android.net.wifi.StateChangeResult@418489b8 }
E/WifiP2pService(  945): Unhandled message { what=147462 when=-2ms obj=android.net.wifi.StateChangeResult@418489b8 }
E/wpa_supplicant(29397): Failed to update rate sets in kernel module
W/wpa_supplicant(29397): Could not connect to kernel driver.
E/wpa_supplicant(29397): Using interface wfd0 with hwaddr a6:a8:20:13:03:6e and ssid 'DIRECT-Ew'
E/wpa_supplicant(29397): random: Cannot read from /dev/random: Try again
I/wpa_supplicant(29397): random: Only 14/20 bytes of strong random data available from /dev/random
I/wpa_supplicant(29397): random: Not enough entropy pool available for secure operations
I/wpa_supplicant(29397): WPA: Not enough entropy in random pool for secure operations - update keys later when the first station connects
E/wpa_supplicant(29397): WPA initialization failed.
E/wpa_supplicant(29397): wfd0: Unable to setup interface.
E/wpa_supplicant(29397): Failed to initialize AP interface
W/wpa_supplicant(29397): Could not connect to kernel driver.
D/NetUpdate( 2093): progressValue--->0
D/NetUpdate( 2093): mWriteSD--->true
D/NetUpdate( 2093): mBootCheckZipExist--->false
D/NetUpdate( 2093): progressValue--->0
D/NetUpdate( 2093): mWriteSD--->true
D/NetUpdate( 2093): mBootCheckZipExist--->false
D/NetUpdate( 2093): progressValue--->0
D/NetUpdate( 2093): mWriteSD--->true
D/NetUpdate( 2093): mBootCheckZipExist--->false
D/NetUpdate( 2093): progressValue--->0
D/NetUpdate( 2093): mWriteSD--->true
D/NetUpdate( 2093): mBootCheckZipExist--->false
I/MiracastControl( 1620): Toast time out nNeedToast is :1
D/MiracastControl( 1620): disableWifiP2PMode mIsWifiStaPreEnable:false mIsWifiApPreEnable:true
D/WifiP2pService(  945): GroupNegotiationState{ what=139268 when=0 }
D/WifiP2pService(  945): P2pEnabledState{ what=139268 when=0 }
I/wpa_supplicant(29397): wfd0: P2P-DEVICE-LOST p2p_dev_addr=02:90:4c:00:03:10
D/WifiP2pService(  945): P2pDisablingState
D/WifiP2pService(  945): stopping supplicant
D/WifiDirectSetting( 2093): --------------WIFI_P2P_PEERS_CHANGED_ACTION
D/WifiDirectSetting( 209[156395.919069] Can not set data rate in disconnected state
3): ----------------WIFI_P2P_STATE_CHANGED_ACTION
D/WifiDirectSetting( 2093): handleP2pStateChanged
D/WifiDirectSetting( 2093): WIFI_P2P_STATE_DISABLED and Open wifi
D/WifiP2pService(  945): P2pDisablingState{ what=331907 when=-8ms }
D/WifiP2pService(  945): DefaultState{ what=331907 when=-8ms }
D/WifiP2pService(  945): P2pDisablingState{ what=147478 when=-7ms obj=Device: 
D/WifiP2pService(  945):  deviceAddress: 02:90:4c:00:03:10
D/WifiP2pService(  945):  primary type: null
D/WifiP2pService(  945):  secondary type: null
D/WifiP2pService(  945):  wps: 0
D/WifiP2pService(  945):  grpcapab: 0
D/WifiP2pService(  945):  devcapab: 0
D/WifiP2pService(  945):  status: 4
D/WifiP2pService(  945):  wfdInfo: null }
D/WifiP2pService(  945): DefaultState{ what=147478 when=-8ms obj=Device: 
D/WifiP2pService(  945):  deviceAddress: 02:90:4c:00:03:10
D/WifiP2pService(  945):  primary type: null
D/WifiP2pService(  945):  secondary type: null
D/WifiP2pService(  945):  wps: 0
D/WifiP2pService(  945):  grpcapab: 0
D/WifiP2pService(  945):  devcapab: 0
D/WifiP2pService(  945):  status: 4
D/WifiP2pService(  945):  wfdInfo: null }
E/WifiP2pService(  945): Unhandled message { what=147478 when=-8ms obj=Device: 
E/WifiP2pService(  945):  deviceAddress: 02:90:4c:00:03:10
E/WifiP2pService(  945):  primary type: null
E/WifiP2pService(  945):  secondary type: null
E/WifiP2pService(  945):  wps: 0
E/WifiP2pService(  945):  grpcapab: 0
E/WifiP2pService(  945):  devcapab: 0
E/WifiP2pService(  945):  status: 4
E/WifiP2pService(  945):  wfdInfo: null }
D/WifiP2pService(  945): P2pDisablingState{ what=139286 when=-5ms arg2=15 }
D/WifiP2pService(  945): DefaultState{ what=139286 when=-5ms arg2=15 }
D/WifiDirectSetting( 2093): mPeers.size=1
D/WifiP2pService(  945): P2pDisablingState{ what=147462 when=-8ms obj=android.net.wifi.StateChangeResult@417771b8 }
D/WifiP2pService(  945): DefaultState{ what=147462 when=-9ms obj=android.net.wifi.StateChangeResult@417771b8 }
E/WifiP2pService(  945): Unhandled message { what=147462 when=-9ms obj=android.net.wifi.StateChangeResult@417771b8 }
D/WifiP2pService(  945): P2pDisablingState{ what=139268 when=-7ms }
I/TabletStatusBar( 1155): receiver broadcast
I/TabletStatusBar( 1155): receiver broadcast
I/TabletStatusBar( 1155): the p2pdevices is null or UNAVAILABLE
V/EthernetMonitor(  945): get event 
V/EthernetMonitor(  945): go poll events
I/wpa_supplicant(29397): wfd0: CTRL-EVENT-TERMINATING 
D/WifiP2pService(  945): P2pDisablingState{ what=147458 when=0 }
D/WifiP2pService(  945): Supplicant connection lost
W/GpsLocationProvider(  945): Failed to enable location provider
D/dalvikvm( 1620): GC_CONCURRENT freed 431K, 67% free 2175K/6403K, paused 2ms+2ms
D/WifiP2pManager( 1620): Ignored { what=139270 when=-147ms }
D/MiracastControl( 1620): android.net.wifi.p2p.PEERS_CHANGED
D/MiracastControl( 1620): android.net.wifi.p2p.STATE_CHANGED
D/NetUpdate( 2093): progressValue--->0
D/NetUpdate( 2093): mWriteSD--->true
D/NetUpdate( 2093): mBootCheckZipExist--->false
D/dalvikvm(  945): GC_CONCURRENT freed 1005K, 56% free 4859K/10947K, paused 4ms+5ms
E/WifiHW  (  739): wifi_change_fw_path: STA
D/SoftapController(  739): Softap fwReload - Ok
D/WifiP2pService(  945): P2pDisabledState
D/WifiP2pService(  945): P2pDisabledState{ what=331907 when=-1d19h26m36s942ms }
D/WifiP2pService(  945): P2pDisable[156396.970068] ADDRCONF(NETDEV_UP): uap0: link is not ready
dState{ what=139268 when=-1d19h26m36s942ms }
D/WifiP2pService(  945): P2pDisabledState{ what=139286 when=-927ms arg2=20 }
D/WifiP2pService(  945): DefaultState{ what=139286 when=-927ms arg2=20 }
D/WifiStateMachine(  945): gary test mWifiApState = 12
E/WifiHW  (  945): get_wifi_device_num is 1
D/WifiApSetting( 2093): handleWifiApStateChanged
D/WifiApSetting( 2093): WIFI_AP_STATE_ENABLING
I/BootCompletedReceiver(29217): [onReceive] Action??android.net.wifi.WIFI_AP_STATE_CHANGED
V/BootCompletedReceiver(29217): ++++mWifiApState++++12
D/WifiHW  (  945): wifi_driver has loaded!
E/WifiHW  (  739): wifi_change_fw_path: AP
D/SoftapController(  739): Softap fwReload - Ok
V/EthernetMonitor(  945): get event 
V/EthernetMonitor(  945): go poll events
D/NetUpdate( 2093): progressValue--->0
D/NetUpdate( 2093): mWriteSD--->true
D/NetUpdate( 2093): mBootCheckZipExist--->false
D/SoftapController(  739): Softap driver start: 0
D/SoftapController(  739): write cmd interface=uap0
D/SoftapController(  739): driver=nl80211
D/SoftapController(  739): ctrl_interface=/data/misc/wifi/hostapd
D/SoftapController(  739): ssid=tc123
D/SoftapController(  739): channel=149
D/SoftapController(  739): hw_mode=a
D/SoftapController(  739): ieee80211n=1
D/SoftapController(  739): Softap startap - Ok
E/hostapd (29412): Configuration file: /data[156397.822687] ADDRCONF(NETDEV_UP): uap0: link is not ready
/misc/wifi/hostapd.conf
I/hostapd (29412): rfkill: Cannot open RFKILL control device
V/EthernetMonitor(  945): get event 
V/EthernetMonitor(  945): go poll e[156397.842518] ADDRCONF(NETDEV_CHANGE): uap0: link becomes ready
vents
E/hostapd (29412): Failed to create interface mon.uap0: -95 (Operation not supported on transport endpoint)
V/EthernetMonitor(  945): get event 
V/EthernetMonitor(  945): go poll events
W/hostapd (29412): uap0: Could not connect to kernel driver
E/hostapd (29412): Using interface uap0 with hwaddr a4:a8:20:13:03:6e and ssid "tc123"
V/EthernetMonitor(  945): get event 
V/EthernetMonitor(  945): go poll events
D/Tethering(  945): sendTetherStateChangedBroadcast 1, 0, 0
W/NetworkStats(  945): dropping UID delta from unknown iface: iface=uap0 uid=0 set=DEFAULT tag=0x0 rxBytes=0 rxPackets=0 txBytes=80 txPackets=2 operations=0
D/WifiApSetting( 2093): handleWifiApStateChanged
D/WifiApSetting( 2093): WIFI_AP_STATE_ENABLED
D/WifiStateMachine(  945): gary test mWifiApState = 13
I/BootCompletedReceiver(29217): [onReceive] Action??android.net.wifi.WIFI_AP_STATE_CHANGED
V/BootCompletedReceiver(29217): ++++mWifiApState++++13
W/BootCompletedReceiver(29217): stop mediarenerer because IP changed
D/NetworkManagementService(  945): rsp <213 a4:a8:20:13:03:6e 0.0.0.0 0 [up broadcast running multicast]>
D/CommandListener(  739): Setting iface cfg
D/CommandListener(  739): Trying to bring up uap0
D/NetworkManagementService(  945): flags <[up broadcast running multicast]>
V/EthernetMonitor(  945): get event 
V/EthernetMonitor(  945): go poll events
D/Tethering(  945): Tethering uap0
D/Tethering(  945): InitialState.processMessage what=2
D/Tethering(  945): sendTetherStateChangedBroadcast 0, 0, 0
D/Tethering(  945): Tethered uap0
D/Tethering(  945): sendTetherStateChangedBroadcast 0, 1, 0
D/Tethering(  945): MasterInitialState.processMessage what=1
D/TetherController(  739): Setting IP forward enable = 1
D/TetherController(  739): Starting tethering services
D/TetherController(  739): Tethering services running
D/TetherController(  739): setDnsForwarders(0 = '8.8.8.8')
D/TetherController(  739): setDnsForwarders(1 = '8.8.4.4')
D/TetherController(  739): Sending update msg to dnsmasq [update_dns:8.8.8.8:8.8.4.4]
W/NetworkStats(  945): dropping UID delta from unknown iface: iface=uap0 uid=0 set=DEFAULT tag=0x0 rxBytes=0 rxPackets=0 txBytes=48 txPackets=1 operations=0
D/Tethering(  945): chooseUpstreamType(true), preferredApn =5, got type=9
D/TetherController(  739): setDnsForwarders(0 = '192.168.2.1')
D/TetherController(  739): setDnsForwarders(1 = '192.168.99.5')
D/TetherController(  739): Sending update msg to dnsmasq [update_dns:192.168.2.1:192.168.99.5]
D/Tethering(  945): notifying tethered with iface =eth0
D/Tethering(  945): TetheredState.processMessage what=12
I/dnsmasq (29414): started, version 2.51 cachesize 150
I/dnsmasq (29414): compile time options: no-IPv6 GNU-getopt no-DBus no-I18N DHCP no-scripts no-TFTP
W/dnsmasq (29414): warning: no upstream servers configured
I/dnsmasq (29414): DHCP, IP range 192.168.48.2 -- 192.168.48.254, lease time 1h
I/dnsmasq (29414): DHCP, IP range 192.168.47.2 -- 192.168.47.254, lease time 1h
I/dnsmasq (29414): DHCP, IP range 192.168.46.2 -- 192.168.46.254, lease time 1h
I/dnsmasq (29414): DHCP, IP range 192.168.45.2 -- 192.168.45.254, lease time 1h
I/dnsmasq (29414): DHCP, IP range 192.168.44.2 -- 192.168.44.254, lease time 1h
I/dnsmasq (29414): DHCP, IP range 192.168.43.2 -- 192.168.43.254, lease time 1h
I/dnsmasq (29414): DHCP, IP range 192.168.42.2 -- 192.168.42.254, lease time 1h
I/dnsmasq (29414): read /etc/hosts - 1 addresses
I/dnsmasq (29414): using nameserver 8.8.4.4#53
I/dnsmasq (29414): using nameserver 8.8.8.8#53
D/HomePlayerLib(29217): hostaddress count is 2
D/dalvikvm(29217): GC_CONCURRENT freed 2017K, 46% free 7332K/13443K, paused 4ms+3ms
D/dalvikvm(29217): GC_CONCURRENT freed 1990K, 46% free 7280K/13443K, paused 2ms+3ms
D/dalvikvm(29217): GC_CONCURRENT freed 1956K, 46% free 7367K/13443K, paused 2ms+3ms
D/NetUpdate( 2093): progressValue--->0
D/NetUpdate( 2093): mWriteSD--->true
D/NetUpdate( 2093): mBootCheckZipExist--->false
D/dalvikvm(29217): GC_CONCURRENT freed 2021K, 45% free 7399K/13443K, paused 3ms+3ms
D/HomePlayerLib(29217): MediaRenderer will start with ip addrss 192.168.2.6
D/HomePlayerLib(29217): hostaddress count is 2
D/HomePlayerLib(29217): hostaddress count is 2
D/dalvikvm(29217): GC_CONCURRENT freed 2083K, 47% free 7246K/13443K, paused 3ms+3ms
D/dalvikvm(29217): GC_CONCURRENT freed 1920K, 45% free 7416K/13443K, paused 2ms+3ms
D/dalvikvm(29217): GC_CONCURRENT freed 2089K, 46% free 7269K/13443K, paused 2ms+3ms
D/NetUpdate( 2093): progressValue--->0
D/NetUpdate( 2093): mWriteSD--->true
D/NetUpdate( 2093): mBootCheckZipExist--->false
D/HomePlayerLib(29217): hostaddress count is 2
D/dalvikvm(29217): GC_CONCURRENT freed 1932K, 45% free 7485K/13443K, paused 2ms+3ms
D/HomePlayerLib(29217): hostaddress count is 2
D/dalvikvm(29217): GC_CONCURRENT freed 2164K, 46% free 7379K/13443K, paused 2ms+3ms
D/dalvikvm(29217): GC_CONCURRENT freed 2063K, 46% free 7296K/13443K, paused 3ms+3ms
D/HomePlayerLib(29217): hostaddress count is 2
D/dalvikvm(29217): GC_CONCURRENT freed 1970K, 46% free 7365K/13443K, paused 3ms+3ms
D/NetUpdate( 2093): progressValue--->0
D/NetUpdate( 2093): mWriteSD--->true
D/NetUpdate( 2093): mBootCheckZipExist--->false
D/dalvikvm(29217): GC_CONCURRENT freed 2024K, 46% free 7290K/13443K, paused 2ms+3ms
D/dalvikvm(29217): GC_CONCURRENT freed 1962K, 46% free 7288K/13443K, paused 2ms+3ms
W/HomePlayerLib(29217): mediaRenderer start success 
D/NetUpdate( 2093): progressValue--->0
D/NetUpdate( 2093): mWriteSD--->true
D/NetUpdate( 2093): mBootCheckZipExist--->false
D/dalvikvm(29217): GC_CONCURRENT freed 1998K, 46% free 7336K/13443K, paused 3ms+4ms
D/NetUpdate( 2093): progressValue--->0
D/NetUpdate( 2093): mWriteSD--->true
D/NetUpdate( 2093): mBootCheckZipExist--->false
D/NetUpdate( 2093): progressValue--->0
D/NetUpdate( 2093): mWriteSD--->true
D/NetUpdate( 2093): mBootCheckZipExist--->false
D/NetUpdate( 2093): progressValue--->0
D/NetUpdate( 2093): mWriteSD--->true
D/NetUpdate( 2093): mBootCheckZipExist--->false
D/NetUpdate( 2093): progressValue--->0
D/NetUpdate( 2093): mWriteSD--->true
D/NetUpdate( 2093): mBootCheckZipExist--->false
D/NetUpdate( 2093): progressValue--->0
D/NetUpdate( 2093): mWriteSD--->true
D/NetUpdate( 2093): mBootCheckZipExist--->false
D/NetUpdate( 2093): progressValue--->0
D/NetUpdate( 2093): mWriteSD--->true
D/NetUpdate( 2093): mBootCheckZipExist--->false
D/NetUpdate( 2093): progressValue--->0
D/NetUpdate( 2093): mWriteSD--->true
D/NetUpdate( 2093): mBootCheckZipExist--->false
D/NetUpdate( 2093): progressValue--->0
D/NetUpdate( 2093): mWriteSD--->true
D/NetUpdate( 2093): mBootCheckZipExist--->false
D/NetUpdate( 2093): progressValue--->0
D/NetUpdate( 2093): mWriteSD--->true
D/NetUpdate( 2093): mBootCheckZipExist--->false
D/NetUpdate( 2093): progressValue--->0
D/NetUpdate( 2093): mWriteSD--->true
D/NetUpdate( 2093): mBootCheckZipExist--->false
D/HomePlayerLib(29217): hostaddress count is 2
D/dalvikvm(29217): GC_CONCURRENT freed 2041K, 46% free 7384K/13443K, paused 2ms+3ms
D/dalvikvm(29217): GC_CONCURRENT freed 2097K, 46% free 7334K/13443K, paused 2ms+3ms
D/NetUpdate( 2093): progressValue--->0
D/NetUpdate( 2093): mWriteSD--->true
D/NetUpdate( 2093): mBootCheckZipExist--->false
D/NetUpdate( 2093): progressValue--->0
D/NetUpdate( 2093): mWriteSD--->true
D/NetUpdate( 2093): mBootCheckZipExist--->false
D/dalvikvm(29217): GC_CONCURRENT freed 2048K, 45% free 7479K/13443K, paused 3ms+4ms
D/dalvikvm(29217): GC_CONCURRENT freed 2169K, 45% free 7471K/13443K, paused 2ms+3ms
D/NetUpdate( 2093): progressValue--->0
D/NetUpdate( 2093): mWriteSD--->true
D/NetUpdate( 2093): mBootCheckZipExist--->false
D/dalvikvm(29217): GC_CONCURRENT freed 2187K, 46% free 7286K/13443K, paused 2ms+4ms
D/NetUpdate( 2093): progressValue--->0
D/NetUpdate( 2093): mWriteSD--->true
D/NetUpdate( 2093): mBootCheckZipExist--->false
D/NetUpdate( 2093): progressValue--->0
D/NetUpdate( 2093): mWriteSD--->true
D/NetUpdate( 2093): mBootCheckZipExist--->false
D/NetUpdate( 2093): progressValue--->0
D/NetUpdate( 2093): mWriteSD--->true
D/NetUpdate( 2093): mBootCheckZipExist--->false
D/NetUpdate( 2093): progressValue--->0
D/NetUpdate( 2093): mWriteSD--->true
D/NetUpdate( 2093): mBootCheckZipExist--->false
D/NetUpdate( 2093): progressValue--->0
D/NetUpdate( 2093): mWriteSD--->true
D/NetUpdate( 2093): mBootCheckZipExist--->false
D/NetUpdate( 2093): progressValue--->0
D/NetUpdate( 2093): mWriteSD--->true
D/NetUpdate( 2093): mBootCheckZipExist--->false
D/NetUpdate( 2093): progressValue--->0
D/NetUpdate( 2093): mWriteSD--->true
D/NetUpdate( 2093): mBootCheckZipExist--->false
D/NetUpdate( 2093): progressValue--->0
D/NetUpdate( 2093): mWriteSD--->true
D/NetUpdate( 2093): mBootCheckZipExist--->false
D/dalvikvm(29217): GC_CONCURRENT freed 1995K, 47% free 7240K/13443K, paused 2ms+3ms
D/NetUpdate( 2093): progressValue--->0
D/NetUpdate( 2093): mWriteSD--->true
D/NetUpdate( 2093): mBootCheckZipExist--->false
D/NetUpdate( 2093): progressValue--->0
D/NetUpdate( 2093): mWriteSD--->true
D/NetUpdate( 2093): mBootCheckZipExist--->false
D/NetUpdate( 2093): progressValue--->0
D/NetUpdate( 2093): mWriteSD--->true
D/NetUpdate( 2093): mBootCheckZipExist--->false
D/dalvikvm(29217): GC_CONCURRENT freed 1943K, 46% free 7264K/13443K, paused 3ms+4ms
D/HomePlayerLib(29217): hostaddress count is 2
D/dalvikvm(29217): GC_CONCURRENT freed 1956K, 46% free 7366K/13443K, paused 2ms+3ms
D/NetUpdate( 2093): progressValue--->0
D/NetUpdate( 2093): mWriteSD--->true
D/NetUpdate( 2093): mBootCheckZipExist--->false
D/dalvikvm(29217): GC_CONCURRENT freed 2079K, 46% free 7332K/13443K, paused 2ms+3ms
D/dalvikvm(29217): GC_CONCURRENT freed 2025K, 44% free 7573K/13443K, paused 2ms+3ms
D/NetUpdate( 2093): progressValue--->0
D/NetUpdate( 2093): mWriteSD--->true
D/NetUpdate( 2093): mBootCheckZipExist--->false
D/NetUpdate( 2093): progressValue--->0
D/NetUpdate( 2093): mWriteSD--->true
D/NetUpdate( 2093): mBootCheckZipExist--->false
D/dalvikvm(29217): GC_CONCURRENT freed 2268K, 47% free 7230K/13443K, paused 2ms+3ms
D/NetUpdate( 2093): progressValue--->0
D/NetUpdate( 2093): mWriteSD--->true
D/NetUpdate( 2093): mBootCheckZipExist--->false
D/NetUpdate( 2093): progressValue--->0
D/NetUpdate( 2093): mWriteSD--->true
D/NetUpdate( 2093): mBootCheckZipExist--->false
D/NetUpdate( 2093): progressValue--->0
D/NetUpdate( 2093): mWriteSD--->true
D/NetUpdate( 2093): mBootCheckZipExist--->false
D/NetUpdate( 2093): progressValue--->0
D/NetUpdate( 2093): mWriteSD--->true
D/NetUpdate( 2093): mBootCheckZipExist--->false
D/NetUpdate( 2093): progressValue--->0
D/NetUpdate( 2093): mWriteSD--->true
D/NetUpdate( 2093): mBootCheckZipExist--->false
D/NetUpdate( 2093): progressValue--->0
D/NetUpdate( 2093): mWriteSD--->true
D/NetUpdate( 2093): mBootCheckZipExist--->false
D/NetUpdate( 2093): progressValue--->0
D/NetUpdate( 2093): mWriteSD--->true
D/NetUpdate( 2093): mBootCheckZipExist--->false
D/NetUpdate( 2093): progressValue--->0
D/NetUpdate( 2093): mWriteSD--->true
D/NetUpdate( 2093): mBootCheckZipExist--->false
D/dalvikvm(29217): GC_CONCURRENT freed 1944K, 47% free 7240K/13443K, paused 2ms+3ms
D/NetUpdate( 2093): progressValue--->0
D/NetUpdate( 2093): mWriteSD--->true
D/NetUpdate( 2093): mBootCheckZipExist--->false
D/NetUpdate( 2093): progressValue--->0
D/NetUpdate( 2093): mWriteSD--->true
D/NetUpdate( 2093): mBootCheckZipExist--->false
D/NetUpdate( 2093): progressValue--->0
D/NetUpdate( 2093): mWriteSD--->true
D/NetUpdate( 2093): mBootCheckZipExist--->false
D/NetUpdate( 2093): progressValue--->0
D/NetUpdate( 2093): mWriteSD--->true
D/NetUpdate( 2093): mBootCheckZipExist--->false
D/dalvikvm(29217): GC_CONCURRENT freed 2044K, 47% free 7243K/13443K, paused 2ms+3ms
D/HomePlayerLib(29217): hostaddress count is 2
D/dalvikvm(29217): GC_CONCURRENT freed 1923K, 45% free 7462K/13443K, paused 2ms+3ms
D/dalvikvm(29217): GC_CONCURRENT freed 2171K, 47% free 7241K/13443K, paused 2ms+3ms
D/NetUpdate( 2093): progressValue--->0
D/NetUpdate( 2093): mWriteSD--->true
D/NetUpdate( 2093): mBootCheckZipExist--->false
D/dalvikvm(29217): GC_CONCURRENT freed 1942K, 46% free 7342K/13443K, paused 3ms+3ms
D/NetUpdate( 2093): progressValue--->0
D/NetUpdate( 2093): mWriteSD--->true
D/NetUpdate( 2093): mBootCheckZipExist--->false
D/NetUpdate( 2093): progressValue--->0
D/NetUpdate( 2093): mWriteSD--->true
D/NetUpdate( 2093): mBootCheckZipExist--->false
D/NetUpdate( 2093): progressValue--->0
D/NetUpdate( 2093): mWriteSD--->true
D/NetUpdate( 2093): mBootCheckZipExist--->false
D/NetUpdate( 2093): progressValue--->0
D/NetUpdate( 2093): mWriteSD--->true
D/NetUpdate( 2093): mBootCheckZipExist--->false
D/dalvikvm(29217): GC_CONCURRENT freed 2057K, 46% free 7326K/13443K, paused 2ms+3ms
D/NetUpdate( 2093): progressValue--->0
D/NetUpdate( 2093): mWriteSD--->true
D/NetUpdate( 2093): mBootCheckZipExist--->false
D/dalvikvm(29217): GC_CONCURRENT freed 2033K, 47% free 7255K/13443K, paused 2ms+3ms
D/NetUpdate( 2093): progressValue--->0
D/NetUpdate( 2093): mWriteSD--->true
D/NetUpdate( 2093): mBootCheckZipExist--->false
D/NetUpdate( 2093): progressValue--->0
D/NetUpdate( 2093): mWriteSD--->true
D/NetUpdate( 2093): mBootCheckZipExist--->false
D/NetUpdate( 2093): progressValue--->0
D/NetUpdate( 2093): mWriteSD--->true
D/NetUpdate( 2093): mBootCheckZipExist--->false
D/dalvikvm(29217): GC_CONCURRENT freed 1977K, 47% free 7203K/13443K, paused 2ms+3ms
D/NetUpdate( 2093): progressValue--->0
D/NetUpdate( 2093): mWriteSD--->true
D/NetUpdate( 2093): mBootCheckZipExist--->false
D/NetUpdate( 2093): progressValue--->0
D/NetUpdate( 2093): mWriteSD--->true
D/NetUpdate( 2093): mBootCheckZipExist--->false
D/HomePlayerLib(29217): hostaddress count is 2
D/dalvikvm(29217): GC_CONCURRENT freed 1926K, 47% free 7236K/13443K, paused 3ms+4ms
D/NetUpdate( 2093): progressValue--->0
D/NetUpdate( 2093): mWriteSD--->true
D/NetUpdate( 2093): mBootCheckZipExist--->false
D/dalvikvm(29217): GC_CONCURRENT freed 1958K, 46% free 7332K/13443K, paused 2ms+3ms
D/dalvikvm(29217): GC_CONCURRENT freed 2028K, 47% free 7232K/13443K, paused 2ms+4ms
D/NetUpdate( 2093): progressValue--->0
D/NetUpdate( 2093): mWriteSD--->true
D/NetUpdate( 2093): mBootCheckZipExist--->false
D/dalvikvm(29217): GC_CONCURRENT freed 1949K, 47% free 7239K/13443K, paused 2ms+4ms
D/NetUpdate( 2093): progressValue--->0
D/NetUpdate( 2093): mWriteSD--->true
D/NetUpdate( 2093): mBootCheckZipExist--->false
D/NetUpdate( 2093): progressValue--->0
D/NetUpdate( 2093): mWriteSD--->true
D/NetUpdate( 2093): mBootCheckZipExist--->false
D/NetUpdate( 2093): progressValue--->0
D/NetUpdate( 2093): mWriteSD--->true
D/NetUpdate( 2093): mBootCheckZipExist--->false
D/NetUpdate( 2093): progressValue--->0
D/NetUpdate( 2093): mWriteSD--->true
D/NetUpdate( 2093): mBootCheckZipExist--->false
D/NetUpdate( 2093): progressValue--->0
D/NetUpdate( 2093): mWriteSD--->true
D/NetUpdate( 2093): mBootCheckZipExist--->false
D/NetUpdate( 2093): progressValue--->0
D/NetUpdate( 2093): mWriteSD--->true
D/NetUpdate( 2093): mBootCheckZipExist--->false
D/NetUpdate( 2093): progressValue--->0
D/NetUpdate( 2093): mWriteSD--->true
D/NetUpdate( 2093): mBootCheckZipExist--->false
D/NetUpdate( 2093): progressValue--->0
D/NetUpdate( 2093): mWriteSD--->true
D/NetUpdate( 2093): mBootCheckZipExist--->false
D/dalvikvm(29217): GC_CONCURRENT freed 1944K, 47% free 7229K/13443K, paused 2ms+4ms
D/NetUpdate( 2093): progressValue--->0
D/NetUpdate( 2093): mWriteSD--->true
D/NetUpdate( 2093): mBootCheckZipExist--->false
D/NetUpdate( 2093): progressValue--->0
D/NetUpdate( 2093): mWriteSD--->true
D/NetUpdate( 2093): mBootCheckZipExist--->false
D/NetUpdate( 2093): progressValue--->0
D/NetUpdate( 2093): mWriteSD--->true
D/NetUpdate( 2093): mBootCheckZipExist--->false
D/NetUpdate( 2093): progressValue--->0
D/NetUpdate( 2093): mWriteSD--->true
D/NetUpdate( 2093): mBootCheckZipExist--->false
D/dalvikvm(29217): GC_CONCURRENT freed 1963K, 46% free 7303K/13443K, paused 2ms+3ms
D/HomePlayerLib(29217): hostaddress count is 2
D/dalvikvm(29217): GC_CONCURRENT freed 2013K, 46% free 7338K/13443K, paused 2ms+3ms
D/dalvikvm(29217): GC_CONCURRENT freed 2039K, 46% free 7308K/13443K, paused 2ms+3ms
D/NetUpdate( 2093): progressValue--->0
D/NetUpdate( 2093): mWriteSD--->true
D/NetUpdate( 2093): mBootCheckZipExist--->false
D/dalvikvm(29217): GC_CONCURRENT freed 2021K, 46% free 7269K/13443K, paused 2ms+3ms
D/NetUpdate( 2093): progressValue--->0
D/NetUpdate( 2093): mWriteSD--->true
D/NetUpdate( 2093): mBootCheckZipExist--->false
D/NetUpdate( 2093): progressValue--->0
D/NetUpdate( 2093): mWriteSD--->true
D/NetUpdate( 2093): mBootCheckZipExist--->false
D/dalvikvm(29217): GC_CONCURRENT freed 1980K, 46% free 7337K/13443K, paused 2ms+3ms
D/NetUpdate( 2093): progressValue--->0
D/NetUpdate( 2093): mWriteSD--->true
D/NetUpdate( 2093): mBootCheckZipExist--->false
D/dalvikvm(29217): GC_CONCURRENT freed 2045K, 46% free 7269K/13443K, paused 3ms+4ms
D/NetUpdate( 2093): progressValue--->0
D/NetUpdate( 2093): mWriteSD--->true
D/NetUpdate( 2093): mBootCheckZipExist--->false
D/NetUpdate( 2093): progressValue--->0
D/NetUpdate( 2093): mWriteSD--->true
D/NetUpdate( 2093): mBootCheckZipExist--->false
D/NetUpdate( 2093): progressValue--->0
D/NetUpdate( 2093): mWriteSD--->true
D/NetUpdate( 2093): mBootCheckZipExist--->false
D/NetUpdate( 2093): progressValue--->0
D/NetUpdate( 2093): mWriteSD--->true
D/NetUpdate( 2093): mBootCheckZipExist--->false
D/NetUpdate( 2093): progressValue--->0
D/NetUpdate( 2093): mWriteSD--->true
D/NetUpdate( 2093): mBootCheckZipExist--->false
D/dalvikvm(29217): GC_CONCURRENT freed 1969K, 47% free 7224K/13443K, paused 2ms+3ms
D/NetUpdate( 2093): progressValue--->0
D/NetUpdate( 2093): mWriteSD--->true
D/NetUpdate( 2093): mBootCheckZipExist--->false
D/NetUpdate( 2093): progressValue--->0
D/NetUpdate( 2093): mWriteSD--->true
D/NetUpdate( 2093): mBootCheckZipExist--->false
D/NetUpdate( 2093): progressValue--->0
D/NetUpdate( 2093): mWriteSD--->true
D/NetUpdate( 2093): mBootCheckZipExist--->false
D/NetUpdate( 2093): progressValue--->0
D/NetUpdate( 2093): mWriteSD--->true
D/NetUpdate( 2093): mBootCheckZipExist--->false
D/HomePlayerLib(29217): hostaddress count is 2
D/dalvikvm(29217): GC_CONCURRENT freed 1948K, 46% free 7358K/13443K, paused 2ms+3ms
D/dalvikvm(29217): GC_CONCURRENT freed 2073K, 46% free 7322K/13443K, paused 2ms+3ms
D/dalvikvm(29217): GC_CONCURRENT freed 2033K, 46% free 7333K/13443K, paused 2ms+3ms
D/NetUpdate( 2093): progressValue--->0
D/NetUpdate( 2093): mWriteSD--->true
D/NetUpdate( 2093): mBootCheckZipExist--->false
D/dalvikvm(29217): GC_CONCURRENT freed 2026K, 45% free 7472K/13443K, paused 2ms+3ms
D/NetUpdate( 2093): progressValue--->0
D/NetUpdate( 2093): mWriteSD--->true
D/NetUpdate( 2093): mBootCheckZipExist--->false
D/NetUpdate( 2093): progressValue--->0
D/NetUpdate( 2093): mWriteSD--->true
D/NetUpdate( 2093): mBootCheckZipExist--->false
D/NetUpdate( 2093): progressValue--->0
D/NetUpdate( 2093): mWriteSD--->true
D/NetUpdate( 2093): mBootCheckZipExist--->false
D/NetUpdate( 2093): progressValue--->0
D/NetUpdate( 2093): mWriteSD--->true
D/NetUpdate( 2093): mBootCheckZipExist--->false
D/NetUpdate( 2093): progressValue--->0
D/NetUpdate( 2093): mWriteSD--->true
D/NetUpdate( 2093): mBootCheckZipExist--->false
D/NetUpdate( 2093): progressValue--->0
D/NetUpdate( 2093): mWriteSD--->true
D/NetUpdate( 2093): mBootCheckZipExist--->false
D/NetUpdate( 2093): progressValue--->0
D/NetUpdate( 2093): mWriteSD--->true
D/NetUpdate( 2093): mBootCheckZipExist--->false
D/NetUpdate( 2093): progressValue--->0
D/NetUpdate( 2093): mWriteSD--->true
D/NetUpdate( 2093): mBootCheckZipExist--->false
D/dalvikvm(29217): GC_CONCURRENT freed 2188K, 47% free 7211K/13443K, paused 2ms+3ms
D/NetUpdate( 2093): progressValue--->0
D/NetUpdate( 2093): mWriteSD--->true
D/NetUpdate( 2093): mBootCheckZipExist--->false
D/NetUpdate( 2093): progressValue--->0
D/NetUpdate( 2093): mWriteSD--->true
D/NetUpdate( 2093): mBootCheckZipExist--->false
D/NetUpdate( 2093): progressValue--->0
D/NetUpdate( 2093): mWriteSD--->true
D/NetUpdate( 2093): mBootCheckZipExist--->false
D/NetUpdate( 2093): progressValue--->0
D/NetUpdate( 2093): mWriteSD--->true
D/NetUpdate( 2093): mBootCheckZipExist--->false
D/dalvikvm(29217): GC_CONCURRENT freed 1929K, 46% free 7277K/13443K, paused 2ms+3ms
D/HomePlayerLib(29217): hostaddress count is 2
D/NetUpdate( 2093): progressValue--->0
D/NetUpdate( 2093): mWriteSD--->true
D/NetUpdate( 2093): mBootCheckZipExist--->false
D/dalvikvm(29217): GC_CONCURRENT freed 1998K, 45% free 7399K/13443K, paused 2ms+3ms
D/dalvikvm(29217): GC_CONCURRENT freed 2085K, 46% free 7361K/13443K, paused 2ms+4ms
D/dalvikvm(29217): GC_CONCURRENT freed 2060K, 46% free 7347K/13443K, paused 2ms+4ms
D/NetUpdate( 2093): progressValue--->0
D/NetUpdate( 2093): mWriteSD--->true
D/NetUpdate( 2093): mBootCheckZipExist--->false
D/dalvikvm(29217): GC_CONCURRENT freed 2056K, 46% free 7296K/13443K, paused 2ms+3ms
D/dalvikvm(29217): GC_CONCURRENT freed 2015K, 46% free 7324K/13443K, paused 2ms+3ms
D/NetUpdate( 2093): progressValue--->0
D/NetUpdate( 2093): mWriteSD--->true
D/NetUpdate( 2093): mBootCheckZipExist--->false
D/NetUpdate( 2093): progressValue--->0
D/NetUpdate( 2093): mWriteSD--->true
D/NetUpdate( 2093): mBootCheckZipExist--->false
D/NetUpdate( 2093): progressValue--->0
D/NetUpdate( 2093): mWriteSD--->true
D/NetUpdate( 2093): mBootCheckZipExist--->false
D/NetUpdate( 2093): progressValue--->0
D/NetUpdate( 2093): mWriteSD--->true
D/NetUpdate( 2093): mBootCheckZipExist--->false
D/NetUpdate( 2093): progressValue--->0
D/NetUpdate( 2093): mWriteSD--->true
D/NetUpdate( 2093): mBootCheckZipExist--->false
D/NetUpdate( 2093): progressValue--->0
D/NetUpdate( 2093): mWriteSD--->true
D/NetUpdate( 2093): mBootCheckZipExist--->false
D/dalvikvm(29217): GC_CONCURRENT freed 2036K, 46% free 7268K/13443K, paused 3ms+4ms
D/NetUpdate( 2093): progressValue--->0
D/NetUpdate( 2093): mWriteSD--->true
D/NetUpdate( 2093): mBootCheckZipExist--->false
D/NetUpdate( 2093): progressValue--->0
D/NetUpdate( 2093): mWriteSD--->true
D/NetUpdate( 2093): mBootCheckZipExist--->false
D/NetUpdate( 2093): progressValue--->0
D/NetUpdate( 2093): mWriteSD--->true
D/NetUpdate( 2093): mBootCheckZipExist--->false
D/NetUpdate( 2093): progressValue--->0
D/NetUpdate( 2093): mWriteSD--->true
D/NetUpdate( 2093): mBootCheckZipExist--->false
D/NetUpdate( 2093): progressValue--->0
D/NetUpdate( 2093): mWriteSD--->true
D/NetUpdate( 2093): mBootCheckZipExist--->false
D/WifiP2pService(  945): P2pDisabledState{ what=143363 when=-90ms arg1=2 }
D/WifiP2pService(  945): DefaultState{ what=143363 when=-90ms arg1=2 }
D/NetUpdate( 2093): progressValue--->0
D/NetUpdate( 2093): mWriteSD--->true
D/NetUpdate( 2093): mBootCheckZipExist--->false
D/HomePlayerLib(29217): hostaddress count is 2
D/dalvikvm(29217): GC_CONCURRENT freed 1973K, 47% free 7233K/13443K, paused 3ms+3ms
D/dalvikvm(29217): GC_CONCURRENT freed 1935K, 44% free 7566K/13443K, paused 2ms+4ms
D/NetUpdate( 2093): progressValue--->0
D/NetUpdate( 2093): mWriteSD--->true
D/NetUpdate( 2093): mBootCheckZipExist--->false
D/dalvikvm(29217): GC_CONCURRENT freed 2283K, 46% free 7270K/13443K, paused 2ms+3ms
D/NetUpdate( 2093): progressValue--->0
D/NetUpdate( 2093): mWriteSD--->true
D/NetUpdate( 2093): mBootCheckZipExist--->false
D/dalvikvm(29217): GC_CONCURRENT freed 1968K, 46% free 7350K/13443K, paused 2ms+3ms
D/NetUpdate( 2093): progressValue--->0
D/NetUpdate( 2093): mWriteSD--->true
D/NetUpdate( 2093): mBootCheckZipExist--->false
D/NetUpdate( 2093): progressValue--->0
D/NetUpdate( 2093): mWriteSD--->true
D/NetUpdate( 2093): mBootCheckZipExist--->false
D/NetUpdate( 2093): progressValue--->0
D/NetUpdate( 2093): mWriteSD--->true
D/NetUpdate( 2093): mBootCheckZipExist--->false
D/NetUpdate( 2093): progressValue--->0
D/NetUpdate( 2093): mWriteSD--->true
D/NetUpdate( 2093): mBootCheckZipExist--->false
D/NetUpdate( 2093): progressValue--->0
D/NetUpdate( 2093): mWriteSD--->true
D/NetUpdate( 2093): mBootCheckZipExist--->false
D/dalvikvm(29217): GC_CONCURRENT freed 2063K, 46% free 7321K/13443K, paused 3ms+3ms
D/NetUpdate( 2093): progressValue--->0
D/NetUpdate( 2093): mWriteSD--->true
D/NetUpdate( 2093): mBootCheckZipExist--->false
D/NetUpdate( 2093): progressValue--->0
D/NetUpdate( 2093): mWriteSD--->true
D/NetUpdate( 2093): mBootCheckZipExist--->false
D/NetUpdate( 2093): progressValue--->0
D/NetUpdate( 2093): mWriteSD--->true
D/NetUpdate( 2093): mBootCheckZipExist--->false
D/dalvikvm(29217): GC_CONCURRENT freed 2035K, 46% free 7321K/13443K, paused 3ms+3ms
D/dalvikvm(29217): GC_CONCURRENT freed 2022K, 47% free 7230K/13443K, paused 2ms+3ms
D/NetUpdate( 2093): progressValue--->0
D/NetUpdate( 2093): mWriteSD--->true
D/NetUpdate( 2093): mBootCheckZipExist--->false
D/NetUpdate( 2093): progressValue--->0
D/NetUpdate( 2093): mWriteSD--->true
D/NetUpdate( 2093): mBootCheckZipExist--->false
D/NetUpdate( 2093): progressValue--->0
D/NetUpdate( 2093): mWriteSD--->true
D/NetUpdate( 2093): mBootCheckZipExist--->false
D/HomePlayerLib(29217): hostaddress count is 2
D/NetUpdate( 2093): progressValue--->0
D/NetUpdate( 2093): mWriteSD--->true
D/NetUpdate( 2093): mBootCheckZipExist--->false
D/dalvikvm(29217): GC_CONCURRENT freed 1944K, 46% free 7326K/13443K, paused 2ms+3ms
D/dalvikvm(29217): GC_CONCURRENT freed 2001K, 45% free 7462K/13443K, paused 2ms+4ms
D/dalvikvm(29217): GC_CONCURRENT freed 2173K, 47% free 7258K/13443K, paused 3ms+4ms
D/NetUpdate( 2093): progressValue--->0
D/NetUpdate( 2093): mWriteSD--->true
D/NetUpdate( 2093): mBootCheckZipExist--->false
D/dalvikvm(29217): GC_CONCURRENT freed 1956K, 47% free 7231K/13443K, paused 2ms+3ms
D/NetUpdate( 2093): progressValue--->0
D/NetUpdate( 2093): mWriteSD--->true
D/NetUpdate( 2093): mBootCheckZipExist--->false
D/NetUpdate( 2093): progressValue--->0
D/NetUpdate( 2093): mWriteSD--->true
D/NetUpdate( 2093): mBootCheckZipExist--->false
D/NetUpdate( 2093): progressValue--->0
D/NetUpdate( 2093): mWriteSD--->true
D/NetUpdate( 2093): mBootCheckZipExist--->false
D/NetUpdate( 2093): progressValue--->0
D/NetUpdate( 2093): mWriteSD--->true
D/NetUpdate( 2093): mBootCheckZipExist--->false
D/dalvikvm(29217): GC_CONCURRENT freed 1941K, 46% free 7336K/13443K, paused 2ms+3ms
D/NetUpdate( 2093): progressValue--->0
D/NetUpdate( 2093): mWriteSD--->true
D/NetUpdate( 2093): mBootCheckZipExist--->false
D/NetUpdate( 2093): progressValue--->0
D/NetUpdate( 2093): mWriteSD--->true
D/NetUpdate( 2093): mBootCheckZipExist--->false
D/NetUpdate( 2093): progressValue--->0
D/NetUpdate( 2093): mWriteSD--->true
D/NetUpdate( 2093): mBootCheckZipExist--->false
D/NetUpdate( 2093): progressValue--->0
D/NetUpdate( 2093): mWriteSD--->true
D/NetUpdate( 2093): mBootCheckZipExist--->false
D/NetUpdate( 2093): progressValue--->0
D/NetUpdate( 2093): mWriteSD--->true
D/NetUpdate( 2093): mBootCheckZipExist--->false
D/NetUpdate( 2093): progressValue--->0
D/NetUpdate( 2093): mWriteSD--->true
D/NetUpdate( 2093): mBootCheckZipExist--->false
D/WifiP2pService(  945): P2pDisabledState{ what=143363 when=-19ms arg1=3 }
D/WifiP2pService(  945): DefaultState{ what=143363 when=-19ms arg1=3 }
I/dnsmasq (29414): DHCPDISCOVER(uap0) 00:90:4c:00:03:10 
I/dnsmasq (29414): DHCPOFFER(uap0) 192.168.43.73 00:90:4c:00:03:10 
I/dnsmasq (29414): DHCPREQUEST(uap0) 192.168.43.73 00:90:4c:00:03:10 
I/dnsmasq (29414): DHCPACK(uap0) 192.168.43.73 00:90:4c:00:03:10 android-5e7727c0f0309ee0
D/NetUpdate( 2093): progressValue--->0
D/NetUpdate( 2093): mWriteSD--->true
D/NetUpdate( 2093): mBootCheckZipExist--->false
D/HomePlayerLib(29217): hostaddress count is 2
D/NetUpdate( 2093): progressValue--->0
D/NetUpdate( 2093): mWriteSD--->true
D/NetUpdate( 2093): mBootCheckZipExist--->false
D/dalvikvm(29217): GC_CONCURRENT freed 2040K, 47% free 7244K/13443K, paused 3ms+3ms
D/dalvikvm(29217): GC_CONCURRENT freed 1959K, 47% free 7231K/13443K, paused 2ms+4ms
D/dalvikvm(29217): GC_CONCURRENT freed 1950K, 46% free 7328K/13443K, paused 2ms+4ms
D/NetUpdate( 2093): progressValue--->0
D/NetUpdate( 2093): mWriteSD--->true
D/NetUpdate( 2093): mBootCheckZipExist--->false
D/NetUpdate( 2093): progressValue--->0
D/NetUpdate( 2093): mWriteSD--->true
D/NetUpdate( 2093): mBootCheckZipExist--->false
D/dalvikvm(29217): GC_CONCURRENT freed 2044K, 46% free 7329K/13443K, paused 2ms+3ms
D/NetUpdate( 2093): progressValue--->0
D/NetUpdate( 2093): mWriteSD--->true
D/NetUpdate( 2093): mBootCheckZipExist--->false
D/NetUpdate( 2093): progressValue--->0
D/NetUpdate( 2093): mWriteSD--->true
D/NetUpdate( 2093): mBootCheckZipExist--->false
D/NetUpdate( 2093): progressValue--->0
D/NetUpdate( 2093): mWriteSD--->true
D/NetUpdate( 2093): mBootCheckZipExist--->false
D/NetUpdate( 2093): progressValue--->0
D/NetUpdate( 2093): mWriteSD--->true
D/NetUpdate( 2093): mBootCheckZipExist--->false
D/NetUpdate( 2093): progressValue--->0
D/NetUpdate( 2093): mWriteSD--->true
D/NetUpdate( 2093): mBootCheckZipExist--->false
D/dalvikvm(29217): GC_CONCURRENT freed 2026K, 47% free 7230K/13443K, paused 2ms+4ms
D/NetUpdate( 2093): progressValue--->0
D/NetUpdate( 2093): mWriteSD--->true
D/NetUpdate( 2093): mBootCheckZipExist--->false
D/dalvikvm(29217): GC_CONCURRENT freed 1939K, 46% free 7336K/13443K, paused 2ms+3ms
D/dalvikvm(29217): GC_CONCURRENT freed 2044K, 47% free 7227K/13443K, paused 2ms+3ms
D/NetUpdate( 2093): progressValue--->0
D/NetUpdate( 2093): mWriteSD--->true
D/NetUpdate( 2093): mBootCheckZipExist--->false
D/NetUpdate( 2093): progressValue--->0
D/NetUpdate( 2093): mWriteSD--->true
D/NetUpdate( 2093): mBootCheckZipExist--->false
D/NetUpdate( 2093): progressValue--->0
D/NetUpdate( 2093): mWriteSD--->true
D/NetUpdate( 2093): mBootCheckZipExist--->false
D/NetUpdate( 2093): progressValue--->0
D/NetUpdate( 2093): mWriteSD--->true
D/NetUpdate( 2093): mBootCheckZipExist--->false
D/NetUpdate( 2093): progressValue--->0
D/NetUpdate( 2093): mWriteSD--->true
D/NetUpdate( 2093): mBootCheckZipExist--->false
D/NetUpdate( 2093): progressValue--->0
D/NetUpdate( 2093): mWriteSD--->true
D/NetUpdate( 2093): mBootCheckZipExist--->false
D/HomePlayerLib(29217): hostaddress count is 2
D/dalvikvm(29217): GC_CONCURRENT freed 1950K, 47% free 7236K/13443K, paused 2ms+3ms
D/dalvikvm(29217): GC_CONCURRENT freed 1914K, 46% free 7378K/13443K, paused 2ms+4ms
D/NetUpdate( 2093): progressValue--->0
D/NetUpdate( 2093): mWriteSD--->true
D/NetUpdate( 2093): mBootCheckZipExist--->false
D/NetUpdate( 2093): progressValue--->0
D/NetUpdate( 2093): mWriteSD--->true
D/NetUpdate( 2093): mBootCheckZipExist--->false
D/dalvikvm(29217): GC_CONCURRENT freed 2084K, 46% free 7292K/13443K, paused 2ms+4ms
D/dalvikvm(29217): GC_CONCURRENT freed 2008K, 47% free 7214K/13443K, paused 2ms+3ms
D/NetUpdate( 2093): progressValue--->0
D/NetUpdate( 2093): mWriteSD--->true
D/NetUpdate( 2093): mBootCheckZipExist--->false
D/NetUpdate( 2093): progressValue--->0
D/NetUpdate( 2093): mWriteSD--->true
D/NetUpdate( 2093): mBootCheckZipExist--->false
D/NetUpdate( 2093): progressValue--->0
D/NetUpdate( 2093): mWriteSD--->true
D/NetUpdate( 2093): mBootCheckZipExist--->false
D/NetUpdate( 2093): progressValue--->0
D/NetUpdate( 2093): mWriteSD--->true
D/NetUpdate( 2093): mBootCheckZipExist--->false
D/NetUpdate( 2093): progressValue--->0
D/NetUpdate( 2093): mWriteSD--->true
D/NetUpdate( 2093): mBootCheckZipExist--->false
D/dalvikvm(29217): GC_CONCURRENT freed 1927K, 46% free 7331K/13443K, paused 2ms+3ms
D/NetUpdate( 2093): progressValue--->0
D/NetUpdate( 2093): mWriteSD--->true
D/NetUpdate( 2093): mBootCheckZipExist--->false
D/NetUpdate( 2093): progressValue--->0
D/NetUpdate( 2093): mWriteSD--->true
D/NetUpdate( 2093): mBootCheckZipExist--->false
D/NetUpdate( 2093): progressValue--->0
D/NetUpdate( 2093): mWriteSD--->true
D/NetUpdate( 2093): mBootCheckZipExist--->false
D/NetUpdate( 2093): progressValue--->0
D/NetUpdate( 2093): mWriteSD--->true
D/NetUpdate( 2093): mBootCheckZipExist--->false
D/NetUpdate( 2093): progressValue--->0
D/NetUpdate( 2093): mWriteSD--->true
D/NetUpdate( 2093): mBootCheckZipExist--->false
D/NetUpdate( 2093): progressValue--->0
D/NetUpdate( 2093): mWriteSD--->true
D/NetUpdate( 2093): mBootCheckZipExist--->false
D/NetUpdate( 2093): progressValue--->0
D/NetUpdate( 2093): mWriteSD--->true
D/NetUpdate( 2093): mBootCheckZipExist--->false
D/NetUpdate( 2093): progressValue--->0
D/NetUpdate( 2093): mWriteSD--->true
D/NetUpdate( 2093): mBootCheckZipExist--->false
D/HomePlayerLib(29217): hostaddress count is 2
D/dalvikvm(29217): GC_CONCURRENT freed 2054K, 46% free 7322K/13443K, paused 2ms+3ms
D/dalvikvm(29217): GC_CONCURRENT freed 2032K, 46% free 7337K/13443K, paused 2ms+3ms
D/NetUpdate( 2093): progressValue--->0
D/NetUpdate( 2093): mWriteSD--->true
D/NetUpdate( 2093): mBootCheckZipExist--->false
D/dalvikvm(29217): GC_CONCURRENT freed 2054K, 46% free 7387K/13443K, paused 4ms+4ms
D/NetUpdate( 2093): progressValue--->0
D/NetUpdate( 2093): mWriteSD--->true
D/NetUpdate( 2093): mBootCheckZipExist--->false
D/dalvikvm(29217): GC_CONCURRENT freed 2096K, 46% free 7273K/13443K, paused 2ms+3ms
D/NetUpdate( 2093): progressValue--->0
D/NetUpdate( 2093): mWriteSD--->true
D/NetUpdate( 2093): mBootCheckZipExist--->false
D/NetUpdate( 2093): progressValue--->0
D/NetUpdate( 2093): mWriteSD--->true
D/NetUpdate( 2093): mBootCheckZipExist--->false
D/dalvikvm(29217): GC_CONCURRENT freed 1982K, 47% free 7213K/13443K, paused 3ms+4ms
D/dalvikvm(29217): GC_CONCURRENT freed 1930K, 47% free 7211K/13443K, paused 2ms+3ms
D/NetUpdate( 2093): progressValue--->0
D/NetUpdate( 2093): mWriteSD--->true
D/NetUpdate( 2093): mBootCheckZipExist--->false
D/NetUpdate( 2093): progressValue--->0
D/NetUpdate( 2093): mWriteSD--->true
D/NetUpdate( 2093): mBootCheckZipExist--->false
D/dalvikvm(29217): GC_CONCURRENT freed 1925K, 46% free 7331K/13443K, paused 3ms+3ms
D/NetUpdate( 2093): progressValue--->0
D/NetUpdate( 2093): mWriteSD--->true
D/NetUpdate( 2093): mBootCheckZipExist--->false
I/MonitorCw880( 5694): SystemPropertiesClass:class android.os.Sy[156542.390586] [SD_CTL_TASK] send msg to IMAN: msgid=0x511. ret = 0
stemProperties
W/MonitorCw880( 5694): ~~~~~~~~~~~~~~~~~~~~~~method:public static java.lang.String android.os.Sy[156542.407069] CW880 :rtsk=0x17, stsk=0x15,msgid=0x512,msglen=4
stemProperties.get(java.lang.Str[156542.414660] [SD_CTL_TASK] send msg to IMAN: msgid=0x150a. ret = 0
ing,java.lang.St[156542.423149] CW880 :rtsk=0x17, stsk=0x15,msgid=0x150b,msglen=4
ring)
W/Monitor[156542.430617] Dest_ip=0xc0a82b49,TS_port=1234
Cw880( 5694): ge[156542.435213] CW880 API set ts info  ip is  192.168.43.73
tProperties persist.sys.resoluti[156542.443547] [SD_CTL_TASK] send msg to IMAN: msgid=0x503. ret = 0
on return value:0
D/MonitorCw880( 5694): getProperties -> persi[156542.455083] CW880 :rtsk=0x17, stsk=0x15,msgid=0x504,msglen=24
st.sys.resolutio[156542.462844] [SD_CTL_TASK] send msg to IMAN: msgid=0x1503. ret = 0
n=0
I/MonitorCw[156542.471089] CW880 :rtsk=0x17, stsk=0x15,msgid=0x1516,msglen=4
880( 5694): ====[156542.477584] [SD_CTL_TASK] send msg to IMAN: msgid=0x508. ret = 0
mDisplaymode = 0
D/MonitorCw880[156542.487083] CW880 :rtsk=0x17, stsk=0x15,msgid=0x1505,msglen=4
( 5694): handleHandshake() -> recevice action=handshake
I/MonitorCw880( 5694): SystemPropertiesClass:class android.os.SystemProperties
W/MonitorCw880( 5694): ~~~~~~~~~~~~~~~~~~~~~~method:public static java.lang.String android.os.SystemProperties.get(java.lang.String,java.lang.String)
W/MonitorCw880( 5694): getProperties sys.cw880.ready return value:true
W/WimoApp ( 5694): Q to be created is for module index:23,pid=5694
W/WimoApp ( 5694): Q_Addr is:0x1001701
W/WimoApp ( 5694): 
W/WimoApp ( 5694):  [U_MSGQ]create msgq for module(id=23) succeed!
W/WimoApp ( 5694): 
W/WimoApp ( 5694):  [WIM_M]send MODULE_HEART_BEAT_CHECK toMODULE(21) succeed!
W/WimoApp ( 5694): 
W/WimoApp ( 5694):  [APK]Received MODULE_HEART_BEAT_REPLY msg!
D/MonitorCw880( 5694): handleHandshake() -> Cw880BootState is cw880_reboot_completed
W/WimoApp ( 5694): Q to be created is for module index:23,pid=5694
W/WimoApp ( 5694): Q_Addr is:0x1001701
W/WimoApp ( 5694): 
W/WimoApp ( 5694):  [U_MSGQ]create msgq for module(id=23) succeed!
W/WimoApp ( 5694): 
W/WimoApp ( 5694):  [WIM_M]send IMAN_STREAM_GOING_CHECK toMODULE(21) succeed!
W/WimoApp ( 5694): 
W/WimoApp ( 5694):  [APK]Received IMAN_STREAM_GOING_REPLY msg!
W/WimoApp ( 5694): 
W/WimoApp ( 5694):  [APK]Received IMAN_STREAM_GOING_REPLY failed!
D/Cw880jni( 5694): [com_coship_chuanping_SetCw880CommunicateType, 139] type = 0
W/WimoApp ( 5694): Q to be created is for module index:23,pid=5694
W/WimoApp ( 5694): Q_Addr is:0x1001701
W/WimoApp ( 5694): 
W/WimoApp ( 5694):  [U_MSGQ]create msgq for module(id=23) succeed!
W/WimoApp ( 5694): 
W/WimoApp ( 5694):  [WIM_M]send TS_INFOR_MSG toMODULE(18) succeed!
W/WimoApp ( 5694): 
W/WimoApp ( 5694):  [APK]Received WIMO_AP_SET_COMMUNICATE_TYPE_REPLY msg!
D/Cw880jni( 5694): [com_coship_chuanping_SetCw880CommunicateType, 146] set communicate type 0 success !
W/MonitorCw880( 5694): setCw880CommunicateType()=0, return=6
V/Cw880jni( 5694): =native ip = 192.168.43.73
V/Cw880jni( 5694): [192]====currentip = c0000000
V/Cw880jni( 5694): [196]====currentip = c0a80000
V/Cw880jni( 5694): [200]====currentip = c0a82b00
V/Cw880jni( 5694): [209]==tempip=73==retIP=c0a82b49
V/Cw880jni( 5694): [225]===socketip=c0a82b49
W/WimoApp ( 5694): Q to be created is for module index:23,pid=5694
W/WimoApp ( 5694): Q_Addr is:0x1001701
W/WimoApp ( 5694): 
W/WimoApp ( 5694):  [U_MSGQ]create msgq for module(id=23) succeed!
W/WimoApp ( 5694): 
W/WimoApp ( 5694):  [WIM_M]send TS_INFOR_MSG toMODULE(18) succeed!
W/WimoApp ( 5694): 
W/WimoApp ( 5694):  [APK]Received WIMO_AP_TS_DEST_INFOR_REPLY msg!
V/Cw880jni( 5694): [229]===cw_api_set_tsinfo back = 0
V/Cw880jni( 5694): ==========mode = 0
V/Cw880jni( 5694): ==========bandwidth = 4
V/Cw880jni( 5694): [240]===set 1080p displaymode 
W/WimoApp ( 5694): Q to be created is for module index:23,pid=5694
W/WimoApp ( 5694): Q_Addr is:0x1001701
W/WimoApp ( 5694): 
W/WimoApp ( 5694):  [U_MSGQ]create msgq for module(id=23) succeed!
W/WimoApp ( 5694): 
W/WimoApp ( 5694):  [WIMO_T]Input Resolution:Rel.width=1920, Rel.height=1080
W/WimoApp ( 5694): 
W/WimoApp ( 5694):  [WIMO_T]Resolution Change Request as:Rel.width=1280, Rel.height=720,Actual.fps=30
W/WimoApp ( 5694): 
W/WimoApp ( 5694):  [WIM_M]send WIMO_AP_RESOL_CHNG_REQ toMODULE(21) succeed!
W/WimoApp ( 5694): 
W/WimoApp ( 5694):  [APK]Received WIMO_AP_RESOL_CHNG_REPLY msg!
W/WimoApp ( 5694): 
W/WimoApp ( 5694):  [APK]bandwidth required is 4M
W/WimoApp ( 5694): Q to be created is for module index:23,pid=5694
W/WimoApp ( 5694): Q_Addr is:0x1001701
W/WimoApp ( 5694): 
W/WimoApp ( 5694):  [U_MSGQ]create msgq for module(id=23) succeed!
W/WimoApp ( 5694): 
W/WimoApp ( 5694):  [WIM_M]send TS_BAND_WIDTH_ADJUST toMODULE(21) succeed!
W/WimoApp ( 5694): 
W/WimoApp ( 5694):  [APK]Received IMAN_COMMAND_COMPLETE_EPLY msg!
V/Cw880jni( 5694): [264]====cw_api_set_ts_bandwidth back = 0
W/WimoApp ( 5694): Q to be created is for module index:23,pid=5694
W/WimoApp ( 5694): Q_Addr is:0x1001701
W/WimoApp ( 5694): 
W/WimoApp ( 5694):  [U_MSGQ]create msgq for module(id=23) succeed!
W/WimoApp ( 5694): 
W/WimoApp ( 5694):  [WIM_M]send IMAN_STREAM_OUTPUT_START toMODULE(21) succeed!
W/WimoApp ( 5694): 
W/WimoApp ( 5694):  [APK]Received IMAN_STREAM_OUTPUT_START msg!
V/Cw880jni( 5694): [266]===cw_api_stream_start back =0
V/Cw880jni( 5694): [272]====yes cw880 set success 
W/MonitorCw880( 5694): StartCw880() -> result=6
D/MonitorCw880( 5694): handleHandshake() -> easybusMsgOld is empty,new object.
D/MonitorCw880( 5694): =========will to handle request=handshake
D/MonitorCw880( 5694): return action=handshake result= success
D/MonitorCw880( 5694):  send result -> 192.168.43.73:47588 msgType= easyscreen, msgData=action=handshake&result=success&playurl=udp://192.168.43.73:1234&video=null&audio=null&protocol=udp&transfermode=unicast&streamformat=ts&resolution=1080p&videobitrate=1536&version=1
I/MonitorCw880( 5694): SystemPropertiesClass:class android.os.SystemProperties
W/MonitorCw880( 5694): ~~~~~~~~~~~~~~~~~~~~~~method:public static java.lang.String android.os.SystemProperties.get(java.lang.String,java.lang.String)
W/MonitorCw880( 5694): getProperties persist.sys.resolution return value:0
D/MonitorCw880( 5694): getProperties -> persist.sys.resolution=0
I/MonitorCw880( 5694): ====mDisplaymode = 0
D/MonitorCw880( 5694): handleStart() -> recevice action=start
I/MonitorCw880( 5694): SystemPropertiesClass:class android.os.SystemProperties
W/MonitorCw880( 5694): ~~~~~~~~~~~~~~~~~~~~~~method:public static java.lang.String android.os.SystemProperties.get(java.lang.String,java.lang.String)
W/MonitorCw880( 5694): getProperties sys.cw880.ready return value:true
D/MonitorCw880( 5694): =========will to handle request=start
D/MonitorCw880( 5694): return action=start result= success
D/MonitorCw880( 5694):  send result -> 192.168.43.73:47588 msgType= easyscreen, msgData=action=start&result=success
D/NetUpdate( 2093): progressValue--->0
D/NetUpdate( 2093): mWriteSD--->true
D/NetUpdate( 2093): mBootCheckZipExist--->false
D/MonitorCw880( 5694): counter=7 && isHeartbeatTimeout=false
D/NetUpdate( 2093): progressValue--->0
D/NetUpdate( 2093): mWriteSD--->true
D/NetUpdate( 2093): mBootCheckZipExist--->false
D/NetUpdate( 2093): progressValue--->0
D/NetUpdate( 2093): mWriteSD--->true
D/NetUpdate( 2093): mBootCheckZipExist--->false
D/InputEventConsistencyVerifier( 2093): KeyEvent: ACTION_UP but key was not down.
D/InputEventConsistencyVerifier( 2093):   in com.android.internal.policy.impl.PhoneWindow$DecorView@4303f918
D/InputEventConsistencyVerifier( 2093):   0: sent at 156544750000000, KeyEvent { action=ACTION_UP, keyCode=KEYCODE_BACK, scanCode=4, metaState=0, flags=0x8, repeatCount=0, eventTime=156544750, downTime=156544750, deviceId=2, source=0x301 }
D/InputEventConsistencyVerifier( 2093):   -- recent events --
D/InputEventConsistencyVerifier( 2093):   1: sent at 156312100000000, KeyEvent { action=ACTION_UP, keyCode=KEYCODE_ENTER, scanCode=28, metaState=0, flags=0x8, repeatCount=0, eventTime=156312100, downTime=156311887, deviceId=1, source=0x101 }
D/InputEventConsistencyVerifier( 2093):   2: sent at 156311887000000, KeyEvent { action=ACTION_DOWN, keyCode=KEYCODE_ENTER, scanCode=28, metaState=0, flags=0x8, repeatCount=0, eventTime=156311887, downTime=156311887, deviceId=1, source=0x101 }
D/InputEventConsistencyVerifier( 2093):   3: sent at 156311624000000, (unhandled) KeyEvent { action=ACTION_UP, keyCode=KEYCODE_DPAD_RIGHT, scanCode=106, metaState=0, flags=0x80000008, repeatCount=0, eventTime=156311624, downTime=156311411, deviceId=1, source=0x101 }
D/InputEventConsistencyVerifier( 2093):   4: sent at 156311060000000, KeyEvent { action=ACTION_UP, keyCode=KEYCODE_ENTER, scanCode=28, metaState=0, flags=0x8, repeatCount=0, eventTime=156311060, downTime=156310846, deviceId=1, source=0x101 }
D/InputEventConsistencyVerifier( 2093):   5: sent at 156310846000000, KeyEvent { action=ACTION_DOWN, keyCode=KEYCODE_ENTER, scanCode=28, metaState=0, flags=0x8, repeatCount=0, eventTime=156310846, downTime=156310846, deviceId=1, source=0x101 }
D/MonitorCw880( 5694): counter=9 && isHeartbeatTimeout=false
D/NetUpdate( 2093): progressValue--->0
D/NetUpdate( 2093): mWriteSD--->true
D/NetUpdate( 2093): mBootCheckZipExist--->false
D/NetUpdate( 2093): progressValue--->0
D/NetUpdate( 2093): mWriteSD--->true
D/NetUpdate( 2093): mBootCheckZipExist--->false
D/HomePlayerLib(29217): hostaddress count is 2
D/dalvikvm(29217): GC_CONCURRENT freed 2052K, 47% free 7250K/13443K, paused 2ms+3ms
D/MonitorCw880( 5694): counter=11 && isHeartbeatTimeout=false
D/NetUpdate( 2093): progressValue--->0
D/NetUpdate( 2093): mWriteSD--->true
D/NetUpdate( 2093): mBootCheckZipExist--->false
D/dalvikvm(29217): GC_CONCURRENT freed 1971K, 47% free 7255K/13443K, paused 3ms+3ms
D/dalvikvm(29217): GC_CONCURRENT freed 1965K, 46% free 7331K/13443K, paused 3ms+3ms
I/MonitorCw880( 5694): SystemPro[156548.549545] [SD_CTL_TASK] send msg to IMAN: msgid=0x513. ret = 0
pertiesClass:class android.os.SystemProperties
[156548.559156] CW880 :rtsk=0x17, stsk=0x15,msgid=0x1509,msglen=4
W/MonitorCw880( 5694): ~~~~~~~~~~~~~~~~~~~~~~method:public static java.lang.String android.os.SystemProperties.get(java.lang.String,java.lang.String)
W/MonitorCw880( 5694): getProperties persist.sys.resolution return value:0
D/MonitorCw880( 5694): getProperties -> persist.sys.resolution=0
I/MonitorCw880( 5694): ====mDisplaymode = 0
D/MonitorCw880( 5694): handleStop() -> recevice action=stop
W/WimoApp ( 5694): Q to be created is for module index:23,pid=5694
W/WimoApp ( 5694): Q_Addr is:0x1001701
W/WimoApp ( 5694): 
W/WimoApp ( 5694):  [U_MSGQ]create msgq for module(id=23) succeed!
W/WimoApp ( 5694): 
W/WimoApp ( 5694):  [WIM_M]send AP_MODULE_EXIT toMODULE(21) succeed!
W/WimoApp ( 5694): 
W/WimoApp ( 5694):  [APK]Received IMAN_STREAM_STOPED msg!
V/Cw880jni( 5694): [419]===cw_api_stream_stop back = 0 
W/MonitorCw880( 5694): action=Stop result=7,currentRemoteHost=null mip=192.168.43.73
D/MonitorCw880( 5694): =========will to handle request=stop
D/MonitorCw880( 5694): return action=stop result= success
D/MonitorCw880( 5694):  send result -> 192.168.43.73:47588 msgType= easyscreen, msgData=action=stop&result=success
D/NetUpdate( 2093): progressValue--->0
D/NetUpdate( 2093): mWriteSD--->true
D/NetUpdate( 2093): mBootCheckZipExist--->false
D/dalvikvm(29217): GC_CONCURRENT freed 2044K, 47% free 7231K/13443K, paused 3ms+4ms
D/NetUpdate( 2093): progressValue--->0
D/NetUpdate( 2093): mWriteSD--->true
D/NetUpdate( 2093): mBootCheckZipExist--->false
D/NetUpdate( 2093): progressValue--->0
D/NetUpdate( 2093): mWriteSD--->true
D/NetUpdate( 2093): mBootCheckZipExist--->false
D/NetUpdate( 2093): progressValue--->0
D/NetUpdate( 2093): mWriteSD--->true
D/NetUpdate( 2093): mBootCheckZipExist--->false
D/dalvikvm(29217): GC_CONCURRENT freed 1933K, 46% free 7310K/13443K, paused 2ms+3ms
D/NetUpdate( 2093): progressValue--->0
D/NetUpdate( 2093): mWriteSD--->true
D/NetUpdate( 2093): mBootCheckZipExist--->false
D/NetUpdate( 2093): progressValue--->0
D/NetUpdate( 2093): mWriteSD--->true
D/NetUpdate( 2093): mBootCheckZipExist--->false
D/NetUpdate( 2093): progressValue--->0
D/NetUpdate( 2093): mWriteSD--->true
D/NetUpdate( 2093): mBootCheckZipExist--->false
D/NetUpdate( 2093): progressValue--->0
D/NetUpdate( 2093): mWriteSD--->true
D/NetUpdate( 2093): mBootCheckZipExist--->false
D/NetUpdate( 2093): progressValue--->0
D/NetUpdate( 2093): mWriteSD--->true
D/NetUpdate( 2093): mBootCheckZipExist--->false
D/NetUpdate( 2093): progressValue--->0
D/NetUpdate( 2093): mWriteSD--->true
D/NetUpdate( 2093): mBootCheckZipExist--->false
D/MiracastControl( 1620): receive addr: 192.168.43.73:58121 msgType: easysetting msgData: action=setnetwork&type=p2p&name=Android_5e77&mac=02:90:4c:00:03:10&state=on
D/MiracastControl( 1620): send addr: 192.168.43.73:58121 msgType: easysetting msgData: state=on&action=setnetwork&result=success&mac=a6:a8:20:13:03:6e&type=p2p&name=tc123
D/WifiStateMachine(  945): gary test mWifiApState = 10
D/WifiApSetting( 2093): handleWifiApStateChanged
D/WifiApSetting( 2093): WIFI_AP_STATE_DISABLING
D/CommandListener(  739): Setting iface cfg
D/NetworkManagementService(  945): rsp <213 a4:a8:20:13:03:6e 192.168.43.1 24 [up broadcast running multicast]>
D/NetworkManagementService(  945): flags <[up broadcast running multicast]>
D/CommandListener(  739): Trying to bring up uap0
D/CommandListener(  739): broadcast flag ignored
V/EthernetMonitor(  945): get event 
V/EthernetMonitor(  945): go poll events
I/BootCompletedReceiver(29217): [onReceive] Action??android.net.wifi.WIFI_AP_STATE_CHANGED
V/BootCompletedReceiver(29217): ++++mWifiApState++++10
E/WifiApStateMachine(  945): Error resetting interface uap0, :java.lang.IllegalStateException: Unable to communicate with native daemon to interface setcfg - com.android.server.NativeDaemonConnectorException: Cmd {interface setcfg uap0 0.0.0.0 0 [up broadcast running multicast]} failed with code 501 : {Flag unsupported}
D/Tethering(  945): Untethering uap0
D/Tethering(  945): TetheredState.processMessage what=3
D/MiracastControl( 1620): enableWifiP2PMode mIsWifiStaPreEnable:false mIsWifiApPreEnable:true
D/WifiP2pService(  945): P2pDisabledState{ what=139265 when=0 }
D/WifiP2pService(  945): wait for wifi sta and softap disabled!!
W/GpsLocationProvider(  945): Failed to enable location provider
D/Tethering(  945): Untethered uap0
D/Tethering(  945): sendTetherStateChangedBroadcast 1, 0, 0
D/SoftapController(  739): Stopping Softap service
W/hostapd (29412): uap0: Could not connect to kernel driver
D/Tethering(  945): TetherModeAliveState.processMessage what=2
W/NetworkStats(  945): dropping UID delta from unknown iface: iface=uap0 uid=0 set=DEFAULT tag=0x0 rxBytes=58474 rxPackets=619 txBytes=1803615 txPackets=1381 operations=0
W/NetworkStats(  945): dropping UID delta from unknown iface: iface=uap0 uid=1000 set=FOREGROUND tag=0x0 rxBytes=65760 rxPackets=190 txBytes=68660 txPackets=200 operations=0
V/EthernetMonitor(  945): get event 
V/EthernetMonitor(  945): go poll events
V/EthernetMonitor(  945): get event 
V/EthernetMonitor(  945): go poll events
D/SoftapController(  739): Softap service stopped: 0
D/NetUpdate( 2093): progressValue--->0
D/NetUpdate( 2093): mWriteSD--->true
D/NetUpdate( 2093): mBootCheckZipExist--->false
D/TetherController(  739): Stopping tethering services
I/dnsmasq (29414): exiting on receipt of SIGTERM
D/TetherController(  739): Tethering services stopped
D/SoftapController(  739): Softap driver stop: 0
D/TetherController(  739): Setting IP forward enable = 0
D/Tethering(  945): notifying tethered with iface =null
E/WifiHW  (  739): wifi_change_fw_path: STA
D/SoftapController(  739): Softap fwReload - Ok
D/Tethering(  945): InitialState.processMessage what=4
D/Tethering(  945): sendTetherStateChangedBroadcast 0, 0, 0
D/WifiApStateMachine(  945): isDriverShouldRemove = true
D/WifiStateMachine(  945): gary test mWifiApState = 11
D/WifiApSetting( 2093): handleWifiApStateChanged
D/WifiApSetting( 2093): WIFI_AP_STATE_DISABLED
I/BootCompletedReceiver(29217): [onReceive] Action??android.net.wifi.WIFI_AP_STATE_CHANGED
V/BootCompletedReceiver(29217): ++++mWifiApState++++11
D/WifiP2pService(  945): wifi sta and softap disable!!
D/WifiP2pManager( 1620): Ignored { what=139267 when=0 }
D/WifiApStateMachine(  945): wifip2pservice p2p_enable_proceed
E/MiracastControl( 1620):  discover fail 2
D/WifiP2pService(  945): WaitForWifiDisableState
D/WifiP2pService(  945): WaitForWifiDisableState{ what=139271 when=-1s0ms arg2=21 }
D/WifiP2pService(  945): P2pDisabledState{ what=139271 when=-1s2ms arg2=21 }
D/WifiP2pService(  945): DefaultState{ what=139271 when=-1s2ms arg2=21 }
D/WifiP2pService(  945): WaitForWifiDisableState{ what=331908 when=-1ms }
E/WifiHW  (  739): wifi_change_fw_path: P2P
E/WifiHW  (  739): get_wifi_device_num is 1
D/WifiHW  (  739): wifi_driver has loaded!
D/SoftapController(  739): Softap fwReload - Ok
D/NetworkManagementService(  945): rsp <213 a6:a8:20:13:03:6e 0.0.0.0 0 [down broadcast multicast]>
D/Co[156557.559240] ADDRCONF(NETDEV_UP): wfd0: link is not ready
mmandListener(  739): Setting iface cfg
D/CommandListener(  739): Trying to bring down wfd0
D/NetworkManagementService(  945): flags <[down broadcast multicast]>
D/CommandListener(  739): broadcast flag ignored
D/CommandListener(  739): multicast flag ignored
D/WifiHW  (  945): config_file = /data/misc/wifi/p2p_supplicant.conf
D/WifiHW  (  945): ctl.start daemon_cmd = mrl_supplicant:-iwfd0 -c/data/misc/wifi/p2p_supplicant.conf
D/dalvikvm(  945): GC_CONCURRENT freed 1002K, 56% free 4849K/10947K, pause[156557.608161] Can not set data rate in disconnected state
d 3ms+6ms
I/wpa_supplicant(29450): rfkill: Cannot open RFKILL control device
D/WifiP2pService(  945): P2pEnablingState
V/EthernetMonitor(  945): get event 
V/EthernetMonitor(  945): go poll events
D/WifiP2pService(  945): P2pEnablingState{ what=147457 when=-1ms }
D/WifiP2pService(  945): P2p start successful
I/TabletStatusBar( 1155): receiver broadcast
I/TabletStatusBar( 1155): the p2pdevices is null or UNAVAILABLE
D/MiracastControl( 1620): android.net.wifi.p2p.STATE_CHANGED
D/WifiDirectSetting( 2093): ----------------WIFI_P2P_STATE_CHANGED_ACTION
D/WifiDirectSetting( 2093): handleP2pStateChanged
D/WifiDirectSetting( 2093): WIFI_P2P_STATE_ENABLED
D/WifiP2pService(  945): P2pEnabledState
I/TabletStatusBar( 1155): receiver broadcast
I/TabletStatusBar( 1155): the p2pdevices status is :3
D/MiracastControl( 1620): android.net.wifi.p2p.THIS_DEVICE_CHANGED
D/MiracastControl( 1620): P2p This Device Name is : tc123
D/WifiDirectSetting( 2093): --------------WIFI_P2P_THIS_DEVICE_CHANGED_ACTION
D/WifiDirectSetting( 2093): ------------mThisDevice.String()Device: tc123
D/WifiDirectSetting( 2093):  deviceAddress: a6:a8:20:13:03:6e
D/WifiDirectSetting( 2093):  primary type: 10-0050F204-5
D/WifiDirectSetting( 2093):  secondary type: null
D/WifiDirectSetting( 2093):  wps: 0
D/WifiDirectSetting( 2093):  grpcapab: 0
D/WifiDirectSetting( 2093):  devcapab: 0
D/WifiDirectSetting( 2093):  status: 3
D/WifiDirectSetting( 2093):  wfdInfo: WFD enabled: trueWFD DeviceInfo: 17
D/WifiDirectSetting( 2093):  WFD CtrlPort: 554
D/WifiDirectSetting( 2093):  WFD MaxThroughput: 14
D/MiracastControl( 1620): current:3 pre:3
D/WifiP2pService(  945): DeviceAddress: a6:a8:20:13:03:6e
D/MiracastControl( 1620): android.net.wifi.p2p.THIS_DEVICE_CHANGED
D/MiracastControl( 1620): P2p This Device Name is : tc123
D/MiracastControl( 1620): current:3 pre:3
D/WifiDirectSetting( 2093): --------------WIFI_P2P_THIS_DEVICE_CHANGED_ACTION
I/TabletStatusBar( 1155): receiver broadcast
D/WifiDirectSetting( 2093): ------------mThisDevice.String()Device: tc123
D/WifiDirectSetting( 2093):  deviceAddress: a6:a8:20:13:03:6e
D/WifiDirectSetting( 2093):  primary type: 10-0050F204-5
D/WifiDirectSetting( 2093):  secondary type: null
D/WifiDirectSetting( 2093):  wps: 0
D/WifiDirectSetting( 2093):  grpcapab: 0
D/WifiDirectSetting( 2093):  devcapab: 0
D/WifiDirectSetting( 2093):  status: 3
D/WifiDirectSetting( 2093):  wfdInfo: WFD enabled: trueWFD DeviceInfo: 17
D/WifiDirectSetting( 2093):  WFD CtrlPort: 554
D/WifiDirectSetting( 2093):  WFD MaxThroughput: 14
I/TabletStatusBar( 1155): the p2pdevices status is :3
D/WifiP2pService(  945): InactiveState
D/WifiP2pService(  945): InactiveState{ what=139271 when=0 }
D/WifiP2pService(  945): P2pEnabledState{ what=139271 when=0 }
D/NetUpdate( 2093): progressValue--->0
D/NetUpdate( 2093): mWriteSD--->true
D/NetUpdate( 2093): mBootCheckZipExist--->false
D/NetUpdate( 2093): progressValue--->0
D/NetUpdate( 2093): mWriteSD--->true
D/NetUpdate( 2093): mBootCheckZipExist--->false
D/HomePlayerLib(29217): hostaddress count is 1
D/dalvikvm(29217): GC_CONCURRENT freed 2031K, 46% free 7363K/13443K, paused 2ms+3ms
D/NetUpdate( 2093): progressValue--->0
D/NetUpdate( 2093): mWriteSD--->true
D/NetUpdate( 2093): mBootCheckZipExist--->false
D/dalvikvm(29217): GC_CONCURRENT freed 2078K, 46% free 7321K/13443K, paused 2ms+3ms
D/NetUpdate( 2093): progressValue--->0
D/NetUpdate( 2093): mWriteSD--->true
D/NetUpdate( 2093): mBootCheckZipExist--->false
D/NetUpdate( 2093): progressValue--->0
D/NetUpdate( 2093): mWriteSD--->true
D/NetUpdate( 2093): mBootCheckZipExist--->false
D/dalvikvm(29217): GC_CONCURRENT freed 2032K, 46% free 7364K/13443K, paused 2ms+3ms
D/NetUpdate( 2093): progressValue--->0
D/NetUpdate( 2093): mWriteSD--->true
D/NetUpdate( 2093): mBootCheckZipExist--->false
D/NetUpdate( 2093): progressValue--->0
D/NetUpdate( 2093): mWriteSD--->true
D/NetUpdate( 2093): mBootCheckZipExist--->false
D/dalvikvm(29217): GC_CONCURRENT freed 2072K, 45% free 7404K/13443K, paused 2ms+4ms
D/NetUpdate( 2093): progressValue--->0
D/NetUpdate( 2093): mWriteSD--->true
D/NetUpdate( 2093): mBootCheckZipExist--->false
[156563.773977] Fail to get chan with freq: channel=1 freq=5005
D/NetUpdate( 2093): progressValue--->0
D/NetUpdate( 2093): mWriteSD--->true
D/NetUpdate( 2093): mBootCheckZipExist--->false
I/wpa_supplicant(29450): wfd0: P2P-DEVICE-FOUND 02:90:4c:78:01:93 p2p_dev_addr=02:90:4c:78:01:93 pri_dev_type=10-0050F204-5 name='Android_aa99' config_methods=0x188 dev_capab=0x24 group_capab=0x0 wfd_dev_info=0x0000060010216a0014
I/TabletStatusBar( 1155): receiver broadcast
D/MiracastControl( 1620): android.net.wifi.p2p.PEERS_CHANGED
D/WifiDirectSetting( 2093): --------------WIFI_P2P_PEERS_CHANGED_ACTION
D/WifiP2pService(  945): InactiveState{ what=147477 when=0 obj=Device: Android_aa99
D/WifiP2pService(  945):  deviceAddress: 02:90:4c:78:01:93
D/WifiP2pService(  945):  primary type: 10-0050F204-5
D/WifiP2pService(  945):  secondary type: null
D/WifiP2pService(  945):  wps: 392
D/WifiP2pService(  945):  grpcapab: 0
D/WifiP2pService(  945):  devcapab: 36
D/WifiP2pService(  945):  status: 3
D/WifiP2pService(  945):  wfdInfo: WFD enabled: trueWFD DeviceInfo: 16
D/WifiP2pService(  945):  WFD CtrlPort: 8554
D/WifiP2pService(  945):  WFD MaxThroughput: 20 }
D/WifiP2pService(  945): P2pEnabledState{ what=147477 when=-1ms obj=Device: Android_aa99
D/WifiP2pService(  945):  deviceAddress: 02:90:4c:78:01:93
D/WifiP2pService(  945):  primary type: 10-0050F204-5
D/WifiP2pService(  945):  secondary type: null
D/WifiP2pService(  945):  wps: 392
D/WifiP2pService(  945):  grpcapab: 0
D/WifiP2pService(  945):  devcapab: 36
D/WifiP2pService(  945):  status: 3
D/WifiP2pService(  945):  wfdInfo: WFD enabled: trueWFD DeviceInfo: 16
D/WifiP2pService(  945):  WFD CtrlPort: 8554
D/WifiP2pService(  945):  WFD MaxThroughput: 20 }
D/WifiP2pService(  945): InactiveState{ what=139286 when=0 arg2=22 }
D/WifiP2pService(  945): P2pEnabledState{ what=139286 when=0 arg2=22 }
D/WifiP2pService(  945): DefaultState{ what=139286 when=-1ms arg2=22 }
D/WifiP2pService(  945): InactiveState{ what=139286 when=-3ms arg2=16 }
D/WifiP2pService(  945): P2pEnabledState{ what=139286 when=-3ms arg2=16 }
D/WifiP2pService(  945): DefaultState{ what=139286 when=-3ms arg2=16 }
D/WifiDirectSetting( 2093): peer=Device: Android_aa99
D/WifiDirectSetting( 2093):  deviceAddress: 02:90:4c:78:01:93
D/WifiDirectSetting( 2093):  primary type: 10-0050F204-5
D/WifiDirectSetting( 2093):  secondary type: null
D/WifiDirectSetting( 2093):  wps: 392
D/WifiDirectSetting( 2093):  grpcapab: 0
D/WifiDirectSetting( 2093):  devcapab: 36
D/WifiDirectSetting( 2093):  status: 3
D/WifiDirectSetting( 2093):  wfdInfo: WFD enabled: trueWFD DeviceInfo: 16
D/WifiDirectSetting( 2093):  WFD CtrlPort: 8554
D/WifiDirectSetting( 2093):  WFD MaxThroughput: 20
D/WifiDirectSetting( 2093): mPeers.size=0
D/NetUpdate( 2093): progressValue--->0
D/NetUpdate( 2093): mWriteSD--->true
D/NetUpdate( 2093): mBootCheckZipExist--->false
D/NetUpdate( 2093): progressValue--->0
D/NetUpdate( 2093): mWriteSD--->true
D/NetUpdate( 2093): mBootCheckZipExist--->false
I/wpa_supplicant(29450): wfd0: P2P-DEVICE-FOUND 02:90:4c:00:03:10 p2p_dev_addr=02:90:4c:00:03:10 pri_dev_type=10-0050F204-5 name='Android_5e77' config_methods=0x188 dev_capab=0x24 group_capab=0x0 wfd_dev_info=0x0000060010216a0014
D/WifiP2pService(  945): InactiveState{ what=147477 when=0 obj=Device: Android_5e77
D/WifiP2pService(  945):  deviceAddress: 02:90:4c:00:03:10
D/WifiP2pService(  945):  primary type: 10-0050F204-5
D/WifiP2pService(  945):  secondary type: null
D/WifiP2pService(  945):  wps: 392
D/WifiP2pService(  945):  grpcapab: 0
D/WifiP2pService(  945):  devcapab: 36
D/WifiP2pService(  945):  status: 3
D/WifiP2pService(  945):  wfdInfo: WFD enabled: trueWFD DeviceInfo: 16
D/WifiP2pService(  945):  WFD CtrlPort: 8554
D/WifiP2pService(  945):  WFD MaxThroughput: 20 }
D/WifiP2pService(  945): P2pEnabledState{ what=147477 when=0 obj=Device: Android_5e77
D/WifiP2pService(  945):  deviceAddress: 02:90:4c:00:03:10
D/WifiP2pService(  945):  primary type: 10-0050F204-5
D/WifiP2pService(  945):  secondary type: null
D/WifiP2pService(  945):  wps: 392
D/WifiP2pService(  945):  grpcapab: 0
D/WifiP2pService(  945):  devcapab: 36
D/WifiP2pService(  945):  status: 3
D/WifiP2pService(  945):  wfdInfo: WFD enabled: trueWFD DeviceInfo: 16
D/WifiP2pService(  945):  WFD CtrlPort: 8554
D/WifiP2pService(  945):  WFD MaxThroughput: 20 }
I/TabletStatusBar( 1155): receiver broadcast
D/MiracastControl( 1620): android.net.wifi.p2p.PEERS_CHANGED
D/NetUpdate( 2093): progressValue--->0
D/NetUpdate( 2093): mWriteSD--->true
D/NetUpdate( 2093): mBootCheckZipExist--->false
D/WifiDirectSetting( 2093): --------------WIFI_P2P_PEERS_CHANGED_ACTION
D/WifiP2pService(  945): InactiveState{ what=139286 when=-2ms arg2=23 }
D/WifiP2pService(  945): P2pEnabledState{ what=139286 when=-4ms arg2=23 }
D/WifiP2pService(  945): DefaultState{ what=139286 when=-4ms arg2=23 }
D/WifiDirectSetting( 2093): peer=Device: Android_aa99
D/WifiDirectSetting( 2093):  deviceAddress: 02:90:4c:78:01:93
D/WifiDirectSetting( 2093):  primary type: 10-0050F204-5
D/WifiDirectSetting( 2093):  secondary type: null
D/WifiDirectSetting( 2093):  wps: 392
D/WifiDirectSetting( 2093):  grpcapab: 0
D/WifiDirectSetting( 2093):  devcapab: 36
D/WifiDirectSetting( 2093):  status: 3
D/WifiDirectSetting( 2093):  wfdInfo: WFD enabled: trueWFD DeviceInfo: 16
D/WifiDirectSetting( 2093):  WFD CtrlPort: 8554
D/WifiDirectSetting( 2093):  WFD MaxThroughput: 20
D/WifiDirectSetting( 2093): peer=Device: Android_5e77
D/WifiDirectSetting( 2093):  deviceAddress: 02:90:4c:00:03:10
D/WifiDirectSetting( 2093):  primary type: 10-0050F204-5
D/WifiDirectSetting( 2093):  secondary type: null
D/WifiDirectSetting( 2093):  wps: 392
D/WifiDirectSetting( 2093):  grpcapab: 0
D/WifiDirectSetting( 2093):  devcapab: 36
D/WifiDirectSetting( 2093):  status: 3
D/WifiDirectSetting( 2093):  wfdInfo: WFD enabled: trueWFD DeviceInfo: 16
D/WifiDirectSetting( 2093):  WFD CtrlPort: 8554
D/WifiDirectSetting( 2093):  WFD MaxThroughput: 20
D/WifiDirectSetting( 2093): mPeers.size=1
D/WifiP2pService(  945): InactiveState{ what=139286 when=-3ms arg2=17 }
D/WifiP2pService(  945): P2pEnabledState{ what=139286 when=-4ms arg2=17 }
D/WifiP2pService(  945): DefaultState{ what=139286 when=-4ms arg2=17 }
D/NetUpdate( 2093): progressValue--->0
D/NetUpdate( 2093): mWriteSD--->true
D/NetUpdate( 2093): mBootCheckZipExist--->false
D/NetUpdate( 2093): progressValue--->0
D/NetUpdate( 2093): mWriteSD--->true
D/NetUpdate( 2093): mBootCheckZipExist--->false
D/NetUpdate( 2093): progressValue--->0
D/NetUpdate( 2093): mWriteSD--->true
D/NetUpdate( 2093): mBootCheckZipExist--->false
D/NetUpdate( 2093): progressValue--->0
D/NetUpdate( 2093): mWriteSD--->true
D/NetUpdate( 2093): mBootCheckZipExist--->false
D/dalvikvm(29217): GC_CONCURRENT freed 2114K, 46% free 7363K/13443K, paused 2ms+3ms
D/HomePlayerLib(29217): hostaddress count is 1
D/dalvikvm(29217): GC_CONCURRENT freed 2082K, 47% free 7237K/13443K, paused 2ms+3ms
D/NetUpdate( 2093): progressValue--->0
D/NetUpdate( 2093): mWriteSD--->true
D/NetUpdate( 2093): mBootCheckZipExist--->false
D/dalvikvm(29217): GC_CONCURRENT freed 1952K, 47% free 7225K/13443K, paused 2ms+3ms
D/NetUpdate( 2093): progressValue--->0
D/NetUpdate( 2093): mWriteSD--->true
D/NetUpdate( 2093): mBootCheckZipExist--->false
D/NetUpdate( 2093): progressValue--->0
D/NetUpdate( 2093): mWriteSD--->true
D/NetUpdate( 2093): mBootCheckZipExist--->false
D/NetUpdate( 2093): progressValue--->0
D/NetUpdate( 2093): mWriteSD--->true
D/NetUpdate( 2093): mBootCheckZipExist--->false
D/dalvikvm(29217): GC_CONCURRENT freed 1939K, 46% free 7304K/13443K, paused 3ms+3ms
D/NetUpdate( 2093): progressValue--->0
D/NetUpdate( 2093): mWriteSD--->true
D/NetUpdate( 2093): mBootCheckZipExist--->false
D/NetUpdate( 2093): progressValue--->0
D/NetUpdate( 2093): mWriteSD--->true
D/NetUpdate( 2093): mBootCheckZipExist--->false
D/NetUpdate( 2093): progressValue--->0
D/NetUpdate( 2093): mWriteSD--->true
D/NetUpdate( 2093): mBootCheckZipExist--->false
I/wpa_supplicant(29450): wfd0: P2P-GO-NEG-REQUEST 02:90:4c:00:03:10 dev_passwd_id=4
D/WifiP2pService(  945): InactiveState{ what=147479 when=0 obj=
D/WifiP2pService(  945):  address: 02:90:4c:00:03:10
D/WifiP2pService(  945):  wps:  setup: 0
D/WifiP2pService(  945):  BSSID: null
D/WifiP2pService(  945):  pin: null
D/WifiP2pService(  945): IP assignment: UNASSIGNED
D/WifiP2pService(  945): Proxy settings: UNASSIGNED
D/WifiP2pService(  945): LinkAddresses: [] Routes: [] DnsAddresses: [] 
D/WifiP2pService(  945): 
D/WifiP2pService(  945):  groupOwnerIntent: 14
D/WifiP2pService(  945):  persist: SYSTEM_DEFAULT
D/WifiP2pService(  945):  freq: 5180 }
D/WifiP2pService(  945): UserAuthorizingGroupNegotiationState
D/WifiP2pService[156576.440655] Invalid country length
(  945): UserAuthorizingGroupNegotiationState{ what=143366 when=0 }
D/WifiP2pService(  945): UserAuthorizingGroupNegotiationState{ what=139274 when=0 obj=
D/WifiP2pService(  945):  address: 02:90:4c:00:03:10
D/WifiP2pService(  945):  wps:  setup: 0
D/WifiP2pService(  945):  BSSID: null
D/WifiP2pService(  945):  pin: null
D/WifiP2pService(  945): IP assignment: UNASSIGNED
D/WifiP2pService(  945): Proxy settings: UNASSIGNED
D/WifiP2pService(  945): LinkAddresses: [] Routes: [] DnsAddresses: [] 
D/WifiP2pService(  945): 
D/WifiP2pService(  945):  groupOwnerIntent: 14
D/WifiP2pService(  945):  persist: SYSTEM_DEFAULT
D/WifiP2pService(  945):  freq: 5180 }
D/WifiP2pService(  945): InactiveState{ what=139274 when=0 obj=
D/WifiP2pService(  945):  address: 02:90:4c:00:03:10
D/WifiP2pService(  945):  wps:  setup: 0
D/WifiP2pService(  945):  BSSID: null
D/WifiP2pService(  945):  pin: null
D/WifiP2pService(  945): IP assignment: UNASSIGNED
D/WifiP2pService(  945): Proxy settings: UNASSIGNED
D/WifiP2pService(  945): LinkAddresses: [] Routes: [] DnsAddresses: [] 
D/WifiP2pService(  945): 
D/WifiP2pService(  945):  groupOwnerIntent: 14
D/WifiP2pService(  945):  persist: SYSTEM_DEFAULT
D/WifiP2pService(  945):  freq: 5180 }
D/WifiP2pService(  945): P2pEnabledState{ what=139274 when=-1ms obj=
D/WifiP2pService(  945):  address: 02:90:4c:00:03:10
D/WifiP2pService(  945):  wps:  setup: 0
D/WifiP2pService(  945):  BSSID: null
D/WifiP2pService(  945):  pin: null
D/WifiP2pService(  945): IP assignment: UNASSIGNED
D/WifiP2pService(  945): Proxy settings: UNASSIGNED
D/WifiP2pService(  945): LinkAddresses: [] Routes: [] DnsAddresses: [] 
D/WifiP2pService(  945): 
D/WifiP2pService(  945):  groupOwnerIntent: 14
D/WifiP2pService(  945):  persist: SYSTEM_DEFAULT
D/WifiP2pService(  945):  freq: 5180 }
D/WifiP2pService(  945): P2pEnabledState sending connect
E/wpa_supplicant(29450): wpa_driver_nl80211_driver_cmd: failed to issue private commands
E/wpa_supplicant(29450): ret = -1 (Operation not permitted)
I/WifiNative(  945): when p2pconnect groupOwnerIntent :14; freq :-1
D/WifiNative(  945): P2P_CONNECT 02:90:4c:00:03:10 pbc go_intent=14 
I/TabletStatusBar( 1155): receiver broadcast
D/MiracastControl( 1620): android.net.wifi.p2p.PEERS_CHANGED
D/WifiDirectSetting( 2093): --------------WIFI_P2P_PEERS_CHANGED_ACTION
D/WifiP2pService(  945): GroupNegotiationState
D/WifiP2pService(  945): GroupNegotiationState{ what=139286 when=0 arg2=24 }
D/WifiP2pService(  945): P2pEnabledState{ what=139286 when=-1ms arg2=24 }
D/WifiDirectSetting( 2093): peer=Device: Android_aa99
D/WifiDirectSetting( 2093):  deviceAddress: 02:90:4c:78:01:93
D/WifiDirectSetting( 2093):  primary type: 10-0050F204-5
D/WifiDirectSetting( 2093):  secondary type: null
D/WifiDirectSetting( 2093):  wps: 392
D/WifiDirectSetting( 2093):  grpcapab: 0
D/WifiDirectSetting( 2093):  devcapab: 36
D/WifiDirectSetting( 2093):  status: 3
D/WifiDirectSetting( 2093):  wfdInfo: WFD enabled: trueWFD DeviceInfo: 16
D/WifiDirectSetting( 2093):  WFD CtrlPort: 8554
D/WifiDirectSetting( 2093):  WFD MaxThroughput: 20
D/WifiDirectSetting( 2093): peer=Device: Android_5e77
D/WifiDirectSetting( 2093):  deviceAddress: 02:90:4c:00:03:10
D/WifiDirectSetting( 2093):  primary type: 10-0050F204-5
D/WifiDirectSetting( 2093):  secondary type: null
D/WifiDirectSetting( 2093):  wps: 392
D/WifiDirectSetting( 2093):  grpcapab: 0
D/WifiDirectSetting( 2093):  devcapab: 36
D/WifiDirectSetting( 2093):  status: 1
D/WifiDirectSetting( 2093):  wfdInfo: WFD enabled: trueWFD DeviceInfo: 16
D/WifiDirectSetting( 2093):  WFD CtrlPort: 8554
D/WifiDirectSetting( 2093):  WFD MaxThroughput: 20
D/WifiDirectSetting( 2093): mPeers.size=2
D/WifiP2pService(  945): DefaultState{ what=139286 when=-1ms arg2=24 }
D/WifiP2pService(  945): GroupNegotiationState{ what=139286 when=-2ms arg2=18 }
D/WifiP2pService(  945): P2pEnabledState{ what=139286 when=-2ms arg2=18 }
D/WifiP2pService(  945): DefaultState{ what=139286 when=-2ms arg2=18 }
D/NetUpdate( 2093): progressValue--->0
D/NetUpdate( 2093): mWriteSD--->true
D/NetUpdate( 2093): mBootCheckZipExist--->false
D/NetUpdate( 2093): progressValue--->0
D/NetUpdate( 2093): mWriteSD--->true
D/NetUpdate( 2093): mBootCheckZipExist--->false
I/wpa_supplicant(29450): wfd0: P2P-GO-NEG-SUCCESS 
D/WifiP2pService(  945): GroupNegotiationState{ what=147481 when=0 }
D/WifiP2pService(  945): GroupNegotiationState go success
D/WifiP2pService(  945): GroupNegotiationState{ what=147462 when=0 obj=android.net.wifi.StateChangeResult@416c1f38 }
D/WifiP2pService(  945): P2pEnabledState{ what=147462 when=0 obj=android.net.wifi.StateChangeResult@416c1f38 }
D/WifiP2pService(  945): DefaultState{ what=147462 when=-1ms obj=android.net.wifi.StateChangeResult@416c1f38 }
E/WifiP2pService(  945): Unhandled message { what=147462 when=-1ms obj=android.net.wifi.StateChangeResult@416c1f38 }
E/wpa_supplicant(29450): Failed to create interface m.wfd0: -95 (Operation not supported on transport endpoint)
W/wpa_supplicant(29450): nl80211: Driver does not support monitor interface type - try to run without it
E/wpa_supplicant(29450): Failed to update rate sets in kernel module
W/wpa_supplicant(29450): Could not connect to kernel driver.
E/wpa_supplicant(29450): Using interface wfd0 with hwaddr a6:a8:20:13:03:6e and ssid 'DIRECT-tz'
E/wpa_supplicant(29450): random: Cannot read from /dev/random: Try again
I/wpa_supplicant(29450): random: Only 8/20 bytes of strong random data available from /dev/random
I/wpa_supplicant(29450): random: Not enough entropy pool available for secure operations
I/wpa_supplicant(29450): WPA: Not enough entropy in random pool for secure operations - update keys later when the first station connects
E/wpa_supplicant(29450): WPA initialization failed.
E/wpa_supplicant(29450): wfd0: Unable to setup interface.
E/wpa_supplicant(29450): Failed to initialize AP interface
W/wpa_supplicant(29450): Could not connect to kernel driver.
D/NetUpdate( 2093): progressValue--->0
D/NetUpdate( 2093): mWriteSD--->true
D/NetUpdate( 2093): mBootCheckZipExist--->false
D/dalvikvm(29217): GC_CONCURRENT freed 2020K, 46% free 7266K/13443K, paused 3ms+3ms
D/NetUpdate( 2093): progressValue--->0
D/NetUpdate( 2093): mWriteSD--->true
D/NetUpdate( 2093): mBootCheckZipExist--->false
D/HomePlayerLib(29217): hostaddress count is 1
D/dalvikvm(29217): GC_CONCURRENT freed 1986K, 47% free 7251K/13443K, paused 2ms+3ms
D/dalvikvm(29217): GC_CONCURRENT freed 1967K, 46% free 7323K/13443K, paused 2ms+4ms
D/NetUpdate( 2093): progressValue--->0
D/NetUpdate( 2093): mWriteSD--->true
D/NetUpdate( 2093): mBootCheckZipExist--->false
D/dalvikvm(29217): GC_CONCURRENT freed 2040K, 47% free 7243K/13443K, paused 2ms+3ms
D/NetUpdate( 2093): progressValue--->0
D/NetUpdate( 2093): mWriteSD--->true
D/NetUpdate( 2093): mBootCheckZipExist--->false
D/NetUpdate( 2093): progressValue--->0
D/NetUpdate( 2093): mWriteSD--->true
D/NetUpdate( 2093): mBootCheckZipExist--->false
D/NetUpdate( 2093): progressValue--->0
D/NetUpdate( 2093): mWriteSD--->true
D/NetUpdate( 2093): mBootCheckZipExist--->false
D/dalvikvm(29217): GC_CONCURRENT freed 1952K, 46% free 7281K/13443K, paused 2ms+4ms
D/NetUpdate( 2093): progressValue--->0
D/NetUpdate( 2093): mWriteSD--->true
D/NetUpdate( 2093): mBootCheckZipExist--->false
D/NetUpdate( 2093): progressValue--->0
D/NetUpdate( 2093): mWriteSD--->true
D/NetUpdate( 2093): mBootCheckZipExist--->false
D/NetUpdate( 2093): progressValue--->0
D/NetUpdate( 2093): mWriteSD--->true
D/NetUpdate( 2093): mBootCheckZipExist--->false
D/NetUpdate( 2093): progressValue--->0
D/NetUpdate( 2093): mWriteSD--->true
D/NetUpdate( 2093): mBootCheckZipExist--->false
D/NetUpdate( 2093): progressValue--->0
D/NetUpdate( 2093): mWriteSD--->true
D/NetUpdate( 2093): mBootCheckZipExist--->false
D/NetUpdate( 2093): progressValue--->0
D/NetUpdate( 2093): mWriteSD--->true
D/NetUpdate( 2093): mBootCheckZipExist--->false
D/NetUpdate( 2093): progressValue--->0
D/NetUpdate( 2093): mWriteSD--->true
D/NetUpdate( 2093): mBootCheckZipExist--->false
D/NetUpdate( 2093): progressValue--->0
D/NetUpdate( 2093): mWriteSD--->true
D/NetUpdate( 2093): mBootCheckZipExist--->false
D/HomePlayerLib(29217): hostaddress count is 1
D/NetUpdate( 2093): progressValue--->0
D/NetUpdate( 2093): mWriteSD--->true
D/NetUpdate( 2093): mBootCheckZipExist--->false
D/dalvikvm(29217): GC_CONCURRENT freed 1999K, 47% free 7236K/13443K, paused 3ms+4ms
D/dalvikvm(29217): GC_CONCURRENT freed 1947K, 46% free 7311K/13443K, paused 2ms+3ms
D/NetUpdate( 2093): progressValue--->0
D/NetUpdate( 2093): mWriteSD--->true
D/NetUpdate( 2093): mBootCheckZipExist--->false
D/NetUpdate( 2093): progressValue--->0
D/NetUpdate( 2093): mWriteSD--->true
D/NetUpdate( 2093): mBootCheckZipExist--->false
D/NetUpdate( 2093): progressValue--->0
D/NetUpdate( 2093): mWriteSD--->true
D/NetUpdate( 2093): mBootCheckZipExist--->false
D/NetUpdate( 2093): progressValue--->0
D/NetUpdate( 2093): mWriteSD--->true
D/NetUpdate( 2093): mBootCheckZipExist--->false
I/wpa_supplicant(29450): wfd0: P2P-GROUP-FORMATION-FAILURE 
I/wpa_supplicant(29450): wfd0: P2P-GROUP-REMOVED wfd0 GO
I/wpa_supplicant(29450): wfd0: P2P-DEVICE-LOST p2p_dev_addr=02:90:4c:00:03:10
I/wpa_supplicant(29450): wfd0: P2P-DEVICE-LOST p2p_dev_addr=02:90:4c:78:01:93
I/TabletStatusBar( 1155): receiver broadcast
D/WifiDirectSetting( 2093): --------------WIFI_P2P_PEERS_CHANGED_ACTION
D/MiracastControl( 1620): android.net.wifi.p2p.PEERS_CHANGED
D/WifiP2pService(  945): GroupNegotiationState{ what=147484 when=0 }
D/WifiP2pService(  945): GroupNegotiationState go failure
D/WifiP2pService(  945): InactiveState
D/WifiP2pService(  945): InactiveState{ what=147486 when=-12ms obj=network: null
D/WifiP2pService(  945):  isGO: true
D/WifiP2pService(  945):  GO: null
D/WifiP2pService(  945):  interface: wfd0 }
D/WifiP2pService(  945): P2pEnabledState{ what=147486 when=-12ms obj=network: null
D/WifiP2pService(  945):  isGO: true
D/WifiP2pService(  945):  GO: null
D/WifiP2pService(  945):  interface: wfd0 }
D/WifiP2pService(  945): DefaultState{ what=147486 when=-12ms obj=network: null
D/WifiP2pService(  945):  isGO: true
D/WifiP2pService(  945):  GO: null
D/WifiP2pService(  945):  interface: wfd0 }
E/WifiP2pService(  945): Unhandled message { what=147486 when=-12ms obj=network: null
E/WifiP2pService(  945):  isGO: true
E/WifiP2pService(  945):  GO: null
E/WifiP2pService(  945):  interface: wfd0 }
D/WifiP2pService(  945): InactiveState{ what=147478 when=-13ms obj=Device: 
D/WifiP2pService(  945):  deviceAddress: 02:90:4c:00:03:10
D/WifiP2pService(  945):  primary type: null
D/WifiP2pService(  945):  secondary type: null
D/WifiP2pService(  945):  wps: 0
D/WifiP2pService(  945):  grpcapab: 0
D/WifiP2pService(  945):  devcapab: 0
D/WifiP2pService(  945):  status: 4
D/WifiP2pService(  945):  wfdInfo: null }
I/TabletStatusBar( 1155): receiver broadcast
D/WifiP2pService(  945): P2pEnabledState{ what=147478 when=-13ms obj=Device: 
D/WifiP2pService(  945):  deviceAddress: 02:90:4c:00:03:10
D/WifiP2pService(  945):  primary type: null
D/WifiP2pService(  945):  secondary type: null
D/WifiP2pService(  945):  wps: 0
D/WifiP2pService(  945):  grpcapab: 0
D/WifiP2pService(  945):  devcapab: 0
D/WifiP2pService(  945):  status: 4
D/WifiP2pService(  945):  wfdInfo: null }
D/WifiP2pService(  945): InactiveState{ what=147462 when=-13ms obj=android.net.wifi.StateChangeResult@41593ca8 }
D/MiracastControl( 1620): android.net.wifi.p2p.PEERS_CHANGED
D/WifiDirectSetting( 2093): --------------WIFI_P2P_PEERS_CHANGED_ACTION
D/WifiP2pService(  945): P2pEnabledState{ what=147462 when=-16ms obj=android.net.wifi.StateChangeResult@41593ca8 }
D/WifiP2pService(  945): DefaultState{ what=147462 when=-17ms obj=android.net.wifi.StateChangeResult@41593ca8 }
E/WifiP2pService(  945): Unhandled message { what=147462 when=-17ms obj=android.net.wifi.StateChangeResult@41593ca8 }
D/WifiP2pService(  945): InactiveState{ what=139286 when=-15ms arg2=19 }
D/WifiP2pService(  945): P2pEnabledState{ what=139286 when=-15ms arg2=19 }
D/WifiP2pService(  945): DefaultState{ what=139286 when=-15ms arg2=19 }
D/WifiP2pService(  945): InactiveState{ what=139286 when=-16ms arg2=25 }
D/WifiP2pService(  945): P2pEnabledState{ what=139286 when=-16ms arg2=25 }
D/WifiDirectSetting( 2093): peer=Device: Android_aa99
D/WifiDirectSetting( 2093):  deviceAddress: 02:90:4c:78:01:93
D/WifiDirectSetting( 2093):  primary type: 10-0050F204-5
D/WifiDirectSetting( 2093):  secondary type: null
D/WifiDirectSetting( 2093):  wps: 392
D/WifiDirectSetting( 2093):  grpcapab: 0
D/WifiDirectSetting( 2093):  devcapab: 36
D/WifiDirectSetting( 2093):  status: 3
D/WifiDirectSetting( 2093):  wfdInfo: WFD enabled: trueWFD DeviceInfo: 16
D/WifiDirectSetting( 2093):  WFD CtrlPort: 8554
D/WifiDirectSetting( 2093):  WFD MaxThroughput: 20
D/WifiDirectSetting( 2093): mPeers.size=2
D/WifiP2pService(  945): DefaultState{ what=139286 when=-18ms arg2=25 }
D/WifiP2pService(  945): InactiveState{ what=147478 when=-18ms obj=Device: 
D/WifiP2pService(  945):  deviceAddress: 02:90:4c:78:01:93
D/WifiP2pService(  945):  primary type: null
D/WifiP2pService(  945):  secondary type: null
D/WifiP2pService(  945):  wps: 0
D/WifiP2pService(  945):  grpcapab: 0
D/WifiP2pService(  945):  devcapab: 0
D/WifiP2pService(  945):  status: 4
D/WifiP2pService(  945):  wfdInfo: null }
D/WifiP2pService(  945): P2pEnabledState{ what=147478 when=-18ms obj=Device: 
D/WifiP2pService(  945):  deviceAddress: 02:90:4c:78:01:93
D/WifiP2pService(  945):  primary type: null
D/WifiP2pService(  945):  secondary type: null
D/WifiP2pService(  945):  wps: 0
D/WifiP2pService(  945):  grpcapab: 0
D/WifiP2pService(  945):  devcapab: 0
D/WifiP2pService(  945):  status: 4
D/WifiP2pService(  945):  wfdInfo: null }
D/WifiP2pService(  945): InactiveState{ what=139286 when=-7ms arg2=26 }
I/TabletStatusBar( 1155): receiver broadcast
D/WifiDirectSetting( 2093): --------------WIFI_P2P_PEERS_CHANGED_ACTION
D/MiracastControl( 1620): android.net.wifi.p2p.PEERS_CHANGED
D/WifiDirectSetting( 2093): mPeers.size=1
D/WifiP2pService(  945): P2pEnabledState{ what=139286 when=-9ms arg2=26 }
D/WifiP2pService(  945): DefaultState{ what=139286 when=-9ms arg2=26 }
D/WifiP2pService(  945): InactiveState{ what=139286 when=-9ms arg2=20 }
D/WifiP2pService(  945): P2pEnabledState{ what=139286 when=-9ms arg2=20 }
D/WifiP2pService(  945): DefaultState{ what=139286 when=-10ms arg2=20 }
D/WifiDirectSetting( 2093): mPeers.size=0
D/WifiP2pService(  945): InactiveState{ what=139286 when=-3ms arg2=21 }
D/WifiP2pService(  945): P2pEnabledState{ what=139286 when=-3ms arg2=21 }
D/WifiP2pService(  945): DefaultState{ what=139286 when=-3ms arg2=21 }
D/WifiP2pService(  945): InactiveState{ what=139286 when=-3ms arg2=27 }
D/WifiP2pService(  945): P2pEnabledState{ what=139286 when=-4ms arg2=27 }
D/WifiP2pService(  945): DefaultState{ what=139286 when=-4ms arg2=27 }
D/WifiP2pService(  945): InactiveState{ what=139271 when=0 }
D/WifiP2pService(  945): P2pEnabledState{ what=139271 when=0 }
D/NetUpdate( 2093): progressValue--->0
D/NetUpdate( 2093): mWriteSD--->true
D/NetUpdate( 2093): mBootCheckZipExist--->false
D/NetUpdate( 2093): progressValue--->0
D/NetUpdate( 2093): mWriteSD--->true
D/NetUpdate( 2093): mBootCheckZipExist--->false
D/NetUpdate( 2093): progressValue--->0
D/NetUpdate( 2093): mWriteSD--->true
D/NetUpdate( 2093): mBootCheckZipExist--->false
D/dalvikvm(29217): GC_CONCURRENT freed 2020K, 46% free 7337K/13443K, paused 2ms+3ms
D/NetUpdate( 2093): progressValue--->0
D/NetUpdate( 2093): mWriteSD--->true
D/NetUpdate( 2093): mBootCheckZipExist--->false
D/NetUpdate( 2093): progressValue--->0
D/NetUpdate( 2093): mWriteSD--->true
D/NetUpdate( 2093): mBootCheckZipExist--->false
D/dalvikvm( 1279): GC_CONCURRENT freed 384K, 84% free 1338K/8131K, paused 2ms+1ms
D/NetUpdate( 2093): progressValue--->0
D/NetUpdate( 2093): mWriteSD--->true
D/NetUpdate( 2093): mBootCheckZipExist--->false
D/NetUpdate( 2093): progressValue--->0
D/NetUpdate( 2093): mWriteSD--->true
D/NetUpdate( 2093): mBootCheckZipExist--->false
D/dalvikvm(29217): GC_CONCURRENT freed 2044K, 47% free 7242K/13443K, paused 3ms+3ms
D/NetUpdate( 2093): progressValue--->0
D/NetUpdate( 2093): mWriteSD--->true
D/NetUpdate( 2093): mBootCheckZipExist--->false
I/wpa_supplicant(29450): wfd0: P2P-DEVICE-FOUND 02:90:4c:00:03:10 p2p_dev_addr=02:90:4c:00:03:10 pri_dev_type=10-0050F204-5 name='Android_5e77' config_methods=0x188 dev_capab=0x24 group_capab=0x0 wfd_dev_info=0x0000060010216a0014
D/WifiP2pService(  945): InactiveState{ what=147477 when=0 obj=Device: Android_5e77
D/WifiP2pService(  945):  deviceAddress: 02:90:4c:00:03:10
D/WifiP2pService(  945):  primary type: 10-0050F204-5
D/WifiP2pService(  945):  secondary type: null
D/WifiP2pService(  945):  wps: 392
D/WifiP2pService(  945):  grpcapab: 0
D/WifiP2pService(  945):  devcapab: 36
D/WifiP2pService(  945):  status: 3
D/WifiP2pService(  945):  wfdInfo: WFD enabled: trueWFD DeviceInfo: 16
D/WifiP2pService(  945):  WFD CtrlPort: 8554
D/WifiP2pService(  945):  WFD MaxThroughput: 20 }
D/WifiP2pService(  945): P2pEnabledState{ what=147477 when=0 obj=Device: Android_5e77
D/WifiP2pService(  945):  deviceAddress: 02:90:4c:00:03:10
D/WifiP2pService(  945):  primary type: 10-0050F204-5
D/WifiP2pService(  945):  secondary type: null
D/WifiP2pService(  945):  wps: 392
D/WifiP2pService(  945):  grpcapab: 0
D/WifiP2pService(  945):  devcapab: 36
D/WifiP2pService(  945):  status: 3
D/WifiP2pService(  945):  wfdInfo: WFD enabled: trueWFD DeviceInfo: 16
D/WifiP2pService(  945):  WFD CtrlPort: 8554
D/WifiP2pService(  945):  WFD MaxThroughput: 20 }
I/TabletStatusBar( 1155): receiver broadcast
D/WifiDirectSetting( 2093): --------------WIFI_P2P_PEERS_CHANGED_ACTION
D/MiracastControl( 1620): android.net.wifi.p2p.PEERS_CHANGED
D/WifiP2pService(  945): InactiveState{ what=139286 when=-1ms arg2=22 }
D/WifiP2pService(  945): P2pEnabledState{ what=139286 when=-1ms arg2=22 }
D/WifiP2pService(  945): DefaultState{ what=139286 when=-1ms arg2=22 }
D/WifiDirectSetting( 2093): peer=Device: Android_5e77
D/WifiDirectSetting( 2093):  deviceAddress: 02:90:4c:00:03:10
D/WifiDirectSetting( 2093):  primary type: 10-0050F204-5
D/WifiDirectSetting( 2093):  secondary type: null
D/WifiDirectSetting( 2093):  wps: 392
D/WifiDirectSetting( 2093):  grpcapab: 0
D/WifiDirectSetting( 2093):  devcapab: 36
D/WifiDirectSetting( 2093):  status: 3
D/WifiDirectSetting( 2093):  wfdInfo: WFD enabled: trueWFD DeviceInfo: 16
D/WifiDirectSetting( 2093):  WFD CtrlPort: 8554
D/WifiDirectSetting( 2093):  WFD MaxThroughput: 20
D/WifiDirectSetting( 2093): mPeers.size=0
D/WifiP2pService(  945): InactiveState{ what=139286 when=-3ms arg2=28 }
D/WifiP2pService(  945): P2pEnabledState{ what=139286 when=-3ms arg2=28 }
D/WifiP2pService(  945): DefaultState{ what=139286 when=-4ms arg2=28 }
D/dalvikvm(29217): GC_CONCURRENT freed 1957K, 46% free 7278K/13443K, paused 2ms+4ms
D/NetUpdate( 2093): progressValue--->0
D/NetUpdate( 2093): mWriteSD--->true
D/NetUpdate( 2093): mBootCheckZipExist--->false
[156601.005189] IR: [03932] scan key value is 0xee11c936 
[156601.005194]  
[156601.057690] IR: [03932] scan key value is 0xee11c936 
[156601.057696]  D/HomePlayerLib(29217): hostaddress count is 1
D/NetUpdate( 2093): progressValue--->0
D/NetUpdate( 2093): mWriteSD--->true
D/NetUpdate( 2093): mBootCheckZipExist--->false
D/dalvikvm(29217): GC_CONCURRENT freed 1997K, 46% free 7325K/13443K, paused 4ms+3ms
D/dalvikvm(29217): GC_CONCURRENT freed 2040K, 46% free 7327K/13443K, paused 2ms+3ms
I/wpa_supplicant(29450): wfd0: P2P-GO-NEG-REQUEST 02:90:4c:00:03:10 dev_passwd_id=4
D/WifiP2pService(  945): InactiveState{ what=147479 when=0 obj=
D/WifiP2pService(  945):  address: 02:90:4c:00:03:10
D/WifiP2pService(  945):  wps:  setup: 0
D/WifiP2pService(  945):  BSSID: null
D/WifiP2pService(  
[156602.806557] Invalid country length
945):  pin: null
D/WifiP2pService(  945): IP assignment: UNASSIGNED
D/WifiP2pService(  945): Proxy settings: UNASSIGNED
D/WifiP2pService(  945): LinkAddresses: [] Routes: [] DnsAddresses: [] 
D/WifiP2pService(  945): 
D/WifiP2pService(  945):  groupOwnerIntent: 14
D/WifiP2pService(  945):  persist: SYSTEM_DEFAULT
D/WifiP2pService(  945):  freq: 5180 }
D/WifiP2pService(  945): UserAuthorizingGroupNegotiationState
D/WifiP2pService(  945): UserAuthorizingGroupNegotiationState{ what=143366 when=0 }
D/WifiP2pService(  945): UserAuthorizingGroupNegotiationState{ what=139274 when=0 obj=
D/WifiP2pService(  945):  address: 02:90:4c:00:03:10
D/WifiP2pService(  945):  wps:  setup: 0
D/WifiP2pService(  945):  BSSID: null
D/WifiP2pService(  945):  pin: null
D/WifiP2pService(  945): IP assignment: UNASSIGNED
D/WifiP2pService(  945): Proxy settings: UNASSIGNED
D/WifiP2pService(  945): LinkAddresses: [] Routes: [] DnsAddresses: [] 
D/WifiP2pService(  945): 
D/WifiP2pService(  945):  groupOwnerIntent: 14
D/WifiP2pService(  945):  persist: SYSTEM_DEFAULT
D/WifiP2pService(  945):  freq: 5180 }
D/WifiP2pService(  945): InactiveState{ what=139274 when=0 obj=
D/WifiP2pService(  945):  address: 02:90:4c:00:03:10
D/WifiP2pService(  945):  wps:  setup: 0
D/WifiP2pService(  945):  BSSID: null
D/WifiP2pService(  945):  pin: null
D/WifiP2pService(  945): IP assignment: UNASSIGNED
D/WifiP2pService(  945): Proxy settings: UNASSIGNED
D/WifiP2pService(  945): LinkAddresses: [] Routes: [] DnsAddresses: [] 
D/WifiP2pService(  945): 
D/WifiP2pService(  945):  groupOwnerIntent: 14
D/WifiP2pService(  945):  persist: SYSTEM_DEFAULT
D/WifiP2pService(  945):  freq: 5180 }
D/WifiP2pService(  945): P2pEnabledState{ what=139274 when=-1ms obj=
D/WifiP2pService(  945):  address: 02:90:4c:00:03:10
D/WifiP2pService(  945):  wps:  setup: 0
D/WifiP2pService(  945):  BSSID: null
D/WifiP2pService(  945):  pin: null
D/WifiP2pService(  945): IP assignment: UNASSIGNED
D/WifiP2pService(  945): Proxy settings: UNASSIGNED
D/WifiP2pService(  945): LinkAddresses: [] Routes: [] DnsAddresses: [] 
D/WifiP2pService(  945): 
D/WifiP2pService(  945):  groupOwnerIntent: 14
D/WifiP2pService(  945):  persist: SYSTEM_DEFAULT
D/WifiP2pService(  945):  freq: 5180 }
D/WifiP2pService(  945): P2pEnabledState sending connect
E/wpa_supplicant(29450): wpa_driver_nl80211_driver_cmd: failed to issue private commands
E/wpa_supplicant(29450): ret = -1 (Operation not permitted)
I/WifiNative(  945): when p2pconnect groupOwnerIntent :14; freq :-1
I/TabletStatusBar( 1155): receiver broadcast
D/WifiNative(  945): P2P_CONNECT 02:90:4c:00:03:10 pbc go_intent=14 
D/WifiP2pService(  945): GroupNegotiationState
D/MiracastControl( 1620): android.net.wifi.p2p.PEERS_CHANGED
D/WifiDirectSetting( 2093): --------------WIFI_P2P_PEERS_CHANGED_ACTION
D/WifiP2pService(  945): GroupNegotiationState{ what=139286 when=-1ms arg2=29 }
D/WifiP2pService(  945): P2pEnabledState{ what=139286 when=-1ms arg2=29 }
D/WifiP2pService(  945): DefaultState{ what=139286 when=-1ms arg2=29 }
D/WifiP2pService(  945): GroupNegotiationState{ what=139286 when=-2ms arg2=23 }
D/WifiP2pService(  945): P2pEnabledState{ what=139286 when=-2ms arg2=23 }
D/WifiP2pService(  945): DefaultState{ what=139286 when=-2ms arg2=23 }
D/WifiDirectSetting( 2093): peer=Device: Android_5e77
D/WifiDirectSetting( 2093):  deviceAddress: 02:90:4c:00:03:10
D/WifiDirectSetting( 2093):  primary type: 10-0050F204-5
D/WifiDirectSetting( 2093):  secondary type: null
D/WifiDirectSetting( 2093):  wps: 392
D/WifiDirectSetting( 2093):  grpcapab: 0
D/WifiDirectSetting( 2093):  devcapab: 36
D/WifiDirectSetting( 2093):  status: 1
D/WifiDirectSetting( 2093):  wfdInfo: WFD enabled: trueWFD DeviceInfo: 16
D/WifiDirectSetting( 2093):  WFD CtrlPort: 8554
D/WifiDirectSetting( 2093):  WFD MaxThroughput: 20
D/WifiDirectSetting( 2093): mPeers.size=1
D/NetUpdate( 2093): progressValue--->0
D/NetUpdate( 2093): mWriteSD--->true
D/NetUpdate( 2093): mBootCheckZipExist--->false
I/wpa_supplicant(29450): wfd0: P2P-GO-NEG-SUCCESS 
D/WifiP2pService(  945): GroupNegotiationState{ what=147481 when=0 }
D/WifiP2pService(  945): GroupNegotiationState go success
D/WifiP2pService(  945): GroupNegotiationState{ what=147462 when=0 obj=android.net.wifi.StateChangeResult@4164d320 }
D/WifiP2pService(  945): P2pEnabledState{ what=147462 when=0 obj=android.net.wifi.StateChangeResult@4164d320 }
D/WifiP2pService(  945): DefaultState{ what=147462 when=0 obj=android.net.wifi.StateChangeResult@4164d320 }
E/WifiP2pService(  945): Unhandled message { what=147462 when=0 obj=android.net.wifi.StateChangeResult@4164d320 }
E/wpa_supplicant(29450): Failed to update rate sets in kernel module
W/wpa_supplicant(29450): Could not connect to kernel driver.
E/wpa_supplicant(29450): Using interface wfd0 with hwaddr a6:a8:20:13:03:6e and ssid 'DIRECT-Z9'
E/wpa_supplicant(29450): random: Cannot read from /dev/random: Try again
I/wpa_supplicant(29450): random: Only 8/20 bytes of strong random data available from /dev/random
I/wpa_supplicant(29450): random: Not enough entropy pool available for secure operations
I/wpa_supplicant(29450): WPA: Not enough entropy in random pool for secure operations - update keys later when the first station connects
E/wpa_supplicant(29450): WPA initialization failed.
E/wpa_supplicant(29450): wfd0: Unable to setup interface.
E/wpa_supplicant(29450): Failed to initialize AP interface
W/wpa_supplicant(29450): Could not connect to kernel driver.
D/NetUpdate( 2093): progressValue--->0
D/NetUpdate( 2093): mWriteSD--->true
D/NetUpdate( 2093): mBootCheckZipExist--->false
D/NetUpdate( 2093): progressValue--->0
D/NetUpdate( 2093): mWriteSD--->true
D/NetUpdate( 2093): mBootCheckZipExist--->false
D/NetUpdate( 2093): progressValue--->0
D/NetUpdate( 2093): mWriteSD--->true
D/NetUpdate( 2093): mBootCheckZipExist--->false
D/NetUpdate( 2093): progressValue--->0
D/NetUpdate( 2093): mWriteSD--->true
D/NetUpdate( 2093): mBootCheckZipExist--->false
I/MiracastControl( 1620): Toast time out nNeedToast is :1
D/MiracastControl( 1620): disableWifiP2PMode mIsWifiStaPreEnable:false mIsWifiApPreEnable:true
I/TabletStatusBar( 1155): receiver broadcast
D/WifiP2pService(  945): GroupNegotiationState{ what=139268 when=0 }
D/WifiP2pService(  945): P2pEnabledState{ what=139268 when=-1ms }
D/WifiDirectSetting( 2093): --------------WIFI_P2P_PEERS_CHANGED_ACTION
I/wpa_supplicant(29450): wfd0: P2P-DEVICE-LOST p2p_dev_addr=02:90:4c:00:03:10
D/WifiP2pService(  945): P2pDisablingState
D/WifiP2pService(  945): stopping supplicant
D/WifiDirectSetting( 2093): ----------------WIFI_P2P_STATE_CHANGED_ACTION
D/WifiDirectSetting( 2093): handleP2pStateChanged
D/WifiDirectSetting( 2093): WIFI_P2P_STATE_DISABLED and O[156606.463012] Can not set data rate in disconnected state
pen wifi
D/WifiP2pService(  945): P2pDisablingState{ what=331907 when=-9ms }
D/WifiP2pService(  945): DefaultState{ what=331907 when=-10ms }
D/WifiP2pService(  945): P2pDisablingState{ what=139286 when=-10ms arg2=24 }
D/WifiP2pService(  945): DefaultState{ what=139286 when=-10ms arg2=24 }
D/WifiP2pService(  945): P2pDisablingState{ what=147478 when=-26ms obj=Device: 
D/WifiP2pService(  945):  deviceAddress: 02:90:4c:00:03:10
D/WifiP2pService(  945):  primary type: null
D/WifiP2pService(  945):  secondary type: null
D/WifiP2pService(  945):  wps: 0
D/WifiP2pService(  945):  grpcapab: 0
D/WifiP2pService(  945):  devcapab: 0
D/WifiP2pService(  945):  status: 4
D/WifiP2pService(  945):  wfdInfo: null }
D/WifiP2pService(  945): DefaultState{ what=147478 when=-30ms obj=Device: 
D/WifiP2pService(  945):  deviceAddress: 02:90:4c:00:03:10
D/WifiP2pService(  945):  primary type: null
D/WifiP2pService(  945):  secondary type: null
D/WifiP2pService(  945):  wps: 0
D/WifiP2pService(  945):  grpcapab: 0
D/WifiP2pService(  945):  devcapab: 0
D/WifiP2pService(  945):  status: 4
D/WifiP2pService(  945):  wfdInfo: null }
E/WifiP2pService(  945): Unhandled message { what=147478 when=-31ms obj=Device: 
E/WifiP2pService(  945):  deviceAddress: 02:90:4c:00:03:10
E/WifiP2pService(  945):  primary type: null
E/WifiP2pService(  945):  secondary type: null
E/WifiP2pService(  945):  wps: 0
E/WifiP2pService(  945):  grpcapab: 0
E/WifiP2pService(  945):  devcapab: 0
E/WifiP2pService(  945):  status: 4
E/WifiP2pService(  945):  wfdInfo: null }
D/WifiP2pService(  945): P2pDisablingState{ what=147462 when=-31ms obj=android.net.wifi.StateChangeResult@41691ee0 }
D/WifiP2pService(  945): DefaultState{ what=147462 when=-32ms obj=android.net.wifi.StateChangeResult@41691ee0 }
E/WifiP2pService(  945): Unhandled message { what=147462 when=-32ms obj=android.net.wifi.StateChangeResult@41691ee0 }
D/WifiP2pService(  945): P2pDisablingState{ what=139268 when=-27ms }
I/TabletStatusBar( 1155): receiver broadcast
I/TabletStatusBar( 1155): the p2pdevices is null or UNAVAILABLE
D/WifiDirectSetting( 2093): mPeers.size=1
V/EthernetMonitor(  945): get event 
V/EthernetMonitor(  945): go poll events
I/wpa_supplicant(29450): wfd0: CTRL-EVENT-TERMINATING 
D/WifiP2pService(  945): P2pDisablingState{ what=147458 when=-1ms }
D/WifiP2pService(  945): Supplicant connection lost
D/WifiP2pManager( 1620): Ignored { what=139270 when=-105ms }
D/MiracastControl( 1620): android.net.wifi.p2p.PEERS_CHANGED
D/MiracastControl( 1620): android.net.wifi.p2p.STATE_CHANGED
W/GpsLocationProvider(  945): Failed to enable location provider
D/dalvikvm(29217): GC_CONCURRENT freed 2047K, 47% free 7241K/13443K, paused 3ms+3ms
D/NetUpdate( 2093): progressValue--->0
D/NetUpdate( 2093): mWriteSD--->true
D/NetUpdate( 2093): mBootCheckZipExist--->false
E/WifiHW  (  739): wifi_change_fw_path: STA
D/SoftapController(  739): Softap fwReload - Ok
D/WifiP2pService(  945): P2pDisabledState
D/WifiP2pService(  9[156607.606006] ADDRCONF(NETDEV_UP): uap0: link is not ready
45): P2pDisabledState{ what=331907 when=-1d19h30m7s586ms }
D/WifiP2pService(  945): P2pDisabledState{ what=139268 when=-1d19h30m7s587ms }
D/WifiP2pService(  945): P2pDisabledState{ what=139286 when=-1s85ms arg2=30 }
D/WifiP2pService(  945): DefaultState{ what=139286 when=-1s85ms arg2=30 }
E/WifiHW  (  945): get_wifi_device_num is 1
D/WifiStateMachine(  945): gary test mWifiApState = 12
D/WifiApSetting( 2093): handleWifiApStateChanged
D/WifiApSetting( 2093): WIFI_AP_STATE_ENABLING
I/BootCompletedReceiver(29217): [onReceive] Action??android.net.wifi.WIFI_AP_STATE_CHANGED
V/BootCompletedReceiver(29217): ++++mWifiApState++++12
D/WifiHW  (  945): wifi_driver has loaded!
E/WifiHW  (  739): wifi_change_fw_path: AP
D/SoftapController(  739): Softap fwReload - Ok
V/EthernetMonitor(  945): get event 
V/EthernetMonitor(  945): go poll events
D/NetUpdate( 2093): progressValue--->0
D/NetUpdate( 2093): mWriteSD--->true
D/NetUpdate( 2093): mBootCheckZipExist--->false
D/SoftapController(  739): Softap driver start: 0
D/SoftapController(  739): write cmd interface=uap0
D/SoftapController(  739): driver=nl80211
D/SoftapController(  739): ctrl_interface=/data/misc/wifi/hostapd
D/SoftapController(  739): ssid=tc123
D/SoftapController(  739): channel=149
D/SoftapController(  739): hw_mode=a
D/SoftapController(  739): ieee80211n=1
D/SoftapController(  739): Softap startap - Ok
E/hostapd (29458): Configuration file: /data[156608.458028] ADDRCONF(NETDEV_UP): uap0: link is not ready
/misc/wifi/hostapd.conf
I/hostapd (29458): rfkill: Cannot open RFKILL control device
V/EthernetMonitor(  945): get event 
V/EthernetMonitor(  945): go poll events
E/hostapd[156608.479503] ADDRCONF(NETDEV_CHANGE): uap0: link becomes ready
 (29458): Failed to create interface mon.uap0: -95 (Operation not supported on transport endpoint)
V/EthernetMonitor(  945): get event 
V/EthernetMonitor(  945): go poll events
W/hostapd (29458): uap0: Could not connect to kernel driver
E/hostapd (29458): Using interface uap0 with hwaddr a4:a8:20:13:03:6e and ssid "tc123"
V/EthernetMonitor(  945): get event 
V/EthernetMonitor(  945): go poll events
D/Tethering(  945): sendTetherStateChangedBroadcast 1, 0, 0
W/NetworkStats(  945): dropping UID delta from unknown iface: iface=uap0 uid=0 set=DEFAULT tag=0x0 rxBytes=0 rxPackets=0 txBytes=80 txPackets=2 operations=0
D/WifiApSetting( 2093): handleWifiApStateChanged
D/WifiApSetting( 2093): WIFI_AP_STATE_ENABLED
D/WifiStateMachine(  945): gary test mWifiApState = 13
I/BootCompletedReceiver(29217): [onReceive] Action??android.net.wifi.WIFI_AP_STATE_CHANGED
V/BootCompletedReceiver(29217): ++++mWifiApState++++13
W/BootCompletedReceiver(29217): stop mediarenerer because IP changed
D/NetworkManagementService(  945): rsp <213 a4:a8:20:13:03:6e 0.0.0.0 0 [up broadcast running multicast]>
D/NetworkManagementService(  945): flags <[up broadcast running multicast]>
D/CommandListener(  739): Setting iface cfg
D/CommandListener(  739): Trying to bring up uap0
V/EthernetMonitor(  945): get event 
V/EthernetMonitor(  945): go poll events
D/Tethering(  945): Tethering uap0
D/Tethering(  945): InitialState.processMessage what=2
D/Tethering(  945): sendTetherStateChangedBroadcast 0, 0, 0
D/Tethering(  945): Tethered uap0
D/Tethering(  945): sendTetherStateChangedBroadcast 0, 1, 0
D/Tethering(  945): MasterInitialState.processMessage what=1
D/TetherController(  739): Setting IP forward enable = 1
D/TetherController(  739): Starting tethering services
D/TetherController(  739): Tethering services running
D/TetherController(  739): setDnsForwarders(0 = '8.8.8.8')
D/TetherController(  739): setDnsForwarders(1 = '8.8.4.4')
D/TetherController(  739): Sending update msg to dnsmasq [update_dns:8.8.8.8:8.8.4.4]
D/Tethering(  945): chooseUpstreamType(true), preferredApn =5, got type=9
D/TetherController(  739): setDnsForwarders(0 = '192.168.2.1')
D/TetherController(  739): setDnsForwarders(1 = '192.168.99.5')
D/TetherController(  739): Sending update msg to dnsmasq [update_dns:192.168.2.1:192.168.99.5]
D/Tethering(  945): notifying tethered with iface =eth0
D/Tethering(  945): TetheredState.processMessage what=12
W/NetworkStats(  945): dropping UID delta from unknown iface: iface=uap0 uid=0 set=DEFAULT tag=0x0 rxBytes=0 rxPackets=0 txBytes=48 txPackets=1 operations=0
I/dnsmasq (29461): started, version 2.51 cachesize 150
I/dnsmasq (29461): compile time options: no-IPv6 GNU-getopt no-DBus no-I18N DHCP no-scripts no-TFTP
W/dnsmasq (29461): warning: no upstream servers configured
I/dnsmasq (29461): DHCP, IP range 192.168.48.2 -- 192.168.48.254, lease time 1h
I/dnsmasq (29461): DHCP, IP range 192.168.47.2 -- 192.168.47.254, lease time 1h
I/dnsmasq (29461): DHCP, IP range 192.168.46.2 -- 192.168.46.254, lease time 1h
I/dnsmasq (29461): DHCP, IP range 192.168.45.2 -- 192.168.45.254, lease time 1h
I/dnsmasq (29461): DHCP, IP range 192.168.44.2 -- 192.168.44.254, lease time 1h
I/dnsmasq (29461): DHCP, IP range 192.168.43.2 -- 192.168.43.254, lease time 1h
I/dnsmasq (29461): DHCP, IP range 192.168.42.2 -- 192.168.42.254, lease time 1h
I/dnsmasq (29461): read /etc/hosts - 1 addresses
I/dnsmasq (29461): using nameserver 8.8.4.4#53
I/dnsmasq (29461): using nameserver 8.8.8.8#53
D/HomePlayerLib(29217): hostaddress count is 2
D/dalvikvm( 1155): GC_CONCURRENT freed 1051K, 59% free 3842K/9219K, paused 2ms+10ms
D/dalvikvm(29217): GC_CONCURRENT freed 1930K, 46% free 7364K/13443K, paused 2ms+4ms
D/NetUpdate( 2093): progressValue--->0
D/NetUpdate( 2093): mWriteSD--->true
D/NetUpdate( 2093): mBootCheckZipExist--->false
D/dalvikvm(29217): GC_CONCURRENT freed 2030K, 46% free 7381K/13443K, paused 5ms+3ms
D/dalvikvm(29217): GC_CONCURRENT freed 2053K, 46% free 7368K/13443K, paused 2ms+3ms
D/NetUpdate( 2093): progressValue--->0
D/NetUpdate( 2093): mWriteSD--->true
D/NetUpdate( 2093): mBootCheckZipExist--->false
D/HomePlayerLib(29217): MediaRenderer will start with ip addrss 192.168.2.6
D/HomePlayerLib(29217): hostaddress count is 2
D/dalvikvm(29217): GC_CONCURRENT freed 2040K, 45% free 7403K/13443K, paused 2ms+3ms
D/HomePlayerLib(29217): hostaddress count is 2
D/dalvikvm(29217): GC_CONCURRENT freed 2052K, 45% free 7410K/13443K, paused 2ms+3ms
D/dalvikvm(29217): GC_CONCURRENT freed 2075K, 46% free 7280K/13443K, paused 2ms+3ms
D/NetUpdate( 2093): progressValue--->0
D/NetUpdate( 2093): mWriteSD--->true
D/NetUpdate( 2093): mBootCheckZipExist--->false
D/dalvikvm(29217): GC_CONCURRENT freed 1959K, 46% free 7285K/13443K, paused 2ms+3ms
D/HomePlayerLib(29217): hostaddress count is 2
D/NetUpdate( 2093): progressValue--->0
D/NetUpdate( 2093): mWriteSD--->true
D/NetUpdate( 2093): mBootCheckZipExist--->false
D/dalvikvm(29217): GC_CONCURRENT freed 1968K, 46% free 7357K/13443K, paused 3ms+3ms
D/HomePlayerLib(29217): hostaddress count is 2
D/dalvikvm(29217): GC_CONCURRENT freed 2031K, 46% free 7259K/13443K, paused 3ms+3ms
D/dalvikvm(29217): GC_CONCURRENT freed 1935K, 46% free 7260K/13443K, paused 3ms+3ms
D/HomePlayerLib(29217): hostaddress count is 2
D/dalvikvm(29217): GC_CONCURRENT freed 1937K, 46% free 7287K/13443K, paused 2ms+3ms
D/dalvikvm(29217): GC_CONCURRENT freed 1943K, 46% free 7266K/13443K, paused 2ms+4ms
D/NetUpdate( 2093): progressValue--->0
D/NetUpdate( 2093): mWriteSD--->true
D/NetUpdate( 2093): mBootCheckZipExist--->false
W/HomePlayerLib(29217): mediaRenderer start success 
D/dalvikvm(29217): GC_CONCURRENT freed 1971K, 46% free 7270K/13443K, paused 3ms+3ms
D/NetUpdate( 2093): progressValue--->0
D/NetUpdate( 2093): mWriteSD--->true
D/NetUpdate( 2093): mBootCheckZipExist--->false
D/dalvikvm(29217): GC_CONCURRENT freed 1981K, 47% free 7241K/13443K, paused 2ms+3ms
D/NetUpdate( 2093): progressValue--->0
D/NetUpdate( 2093): mWriteSD--->true
D/NetUpdate( 2093): mBootCheckZipExist--->false
D/NetUpdate( 2093): progressValue--->0
D/NetUpdate( 2093): mWriteSD--->true
D/NetUpdate( 2093): mBootCheckZipExist--->false
D/NetUpdate( 2093): progressValue--->0
D/NetUpdate( 2093): mWriteSD--->true
D/NetUpdate( 2093): mBootCheckZipExist--->false
D/dalvikvm(29217): GC_CONCURRENT freed 1942K, 47% free 7229K/13443K, paused 3ms+3ms
D/NetUpdate( 2093): progressValue--->0
D/NetUpdate( 2093): mWriteSD--->true
D/NetUpdate( 2093): mBootCheckZipExist--->false
D/NetUpdate( 2093): progressValue--->0
D/NetUpdate( 2093): mWriteSD--->true
D/NetUpdate( 2093): mBootCheckZipExist--->false
D/dalvikvm(29217): GC_CONCURRENT freed 1948K, 46% free 7324K/13443K, paused 2ms+3ms
D/NetUpdate( 2093): progressValue--->0
D/NetUpdate( 2093): mWriteSD--->true
D/NetUpdate( 2093): mBootCheckZipExist--->false
D/NetUpdate( 2093): progressValue--->0
D/NetUpdate( 2093): mWriteSD--->true
D/NetUpdate( 2093): mBootCheckZipExist--->false
D/NetUpdate( 2093): progressValue--->0
D/NetUpdate( 2093): mWriteSD--->true
D/NetUpdate( 2093): mBootCheckZipExist--->false
D/dalvikvm(29217): GC_CONCURRENT freed 2044K, 47% free 7241K/13443K, paused 3ms+4ms
D/HomePlayerLib(29217): hostaddress count is 2
D/dalvikvm(29217): GC_CONCURRENT freed 1950K, 47% free 7225K/13443K, paused 3ms+3ms
D/NetUpdate( 2093): progressValue--->0
D/NetUpdate( 2093): mWriteSD--->true
D/NetUpdate( 2093): mBootCheckZipExist--->false
D/dalvikvm(29217): GC_CONCURRENT freed 1940K, 46% free 7333K/13443K, paused 2ms+3ms
D/dalvikvm(29217): GC_CONCURRENT freed 2046K, 46% free 7333K/13443K, paused 2ms+3ms
D/NetUpdate( 2093): progressValue--->0
D/NetUpdate( 2093): mWriteSD--->true
D/NetUpdate( 2093): mBootCheckZipExist--->false
D/NetUpdate( 2093): progressValue--->0
D/NetUpdate( 2093): mWriteSD--->true
D/NetUpdate( 2093): mBootCheckZipExist--->false
D/dalvikvm(29217): GC_CONCURRENT freed 2051K, 47% free 7203K/13443K, paused 2ms+3ms
D/NetUpdate( 2093): progressValue--->0
D/NetUpdate( 2093): mWriteSD--->true
D/NetUpdate( 2093): mBootCheckZipExist--->false
D/NetUpdate( 2093): progressValue--->0
D/NetUpdate( 2093): mWriteSD--->true
D/NetUpdate( 2093): mBootCheckZipExist--->false
D/NetUpdate( 2093): progressValue--->0
D/NetUpdate( 2093): mWriteSD--->true
D/NetUpdate( 2093): mBootCheckZipExist--->false
D/NetUpdate( 2093): progressValue--->0
D/NetUpdate( 2093): mWriteSD--->true
D/NetUpdate( 2093): mBootCheckZipExist--->false
D/NetUpdate( 2093): progressValue--->0
D/NetUpdate( 2093): mWriteSD--->true
D/NetUpdate( 2093): mBootCheckZipExist--->false
D/dalvikvm(29217): GC_CONCURRENT freed 1914K, 46% free 7279K/13443K, paused 3ms+4ms
D/NetUpdate( 2093): progressValue--->0
D/NetUpdate( 2093): mWriteSD--->true
D/NetUpdate( 2093): mBootCheckZipExist--->false
D/NetUpdate( 2093): progressValue--->0
D/NetUpdate( 2093): mWriteSD--->true
D/NetUpdate( 2093): mBootCheckZipExist--->false
D/NetUpdate( 2093): progressValue--->0
D/NetUpdate( 2093): mWriteSD--->true
D/NetUpdate( 2093): mBootCheckZipExist--->false
D/NetUpdate( 2093): progressValue--->0
D/NetUpdate( 2093): mWriteSD--->true
D/NetUpdate( 2093): mBootCheckZipExist--->false
D/NetUpdate( 2093): progressValue--->0
D/NetUpdate( 2093): mWriteSD--->true
D/NetUpdate( 2093): mBootCheckZipExist--->false
D/NetUpdate( 2093): progressValue--->0
D/NetUpdate( 2093): mWriteSD--->true
D/NetUpdate( 2093): mBootCheckZipExist--->false
D/HomePlayerLib(29217): hostaddress count is 2
D/NetUpdate( 2093): progressValue--->0
D/NetUpdate( 2093): mWriteSD--->true
D/NetUpdate( 2093): mBootCheckZipExist--->false
D/dalvikvm(29217): GC_CONCURRENT freed 1992K, 47% free 7257K/13443K, paused 2ms+3ms
D/dalvikvm(29217): GC_CONCURRENT freed 1976K, 46% free 7278K/13443K, paused 2ms+3ms
D/dalvikvm(29217): GC_CONCURRENT freed 1989K, 47% free 7252K/13443K, paused 3ms+3ms
D/NetUpdate( 2093): progressValue--->0
D/NetUpdate( 2093): mWriteSD--->true
D/NetUpdate( 2093): mBootCheckZipExist--->false
D/dalvikvm(29217): GC_CONCURRENT freed 1973K, 47% free 7207K/13443K, paused 2ms+4ms
D/NetUpdate( 2093): progressValue--->0
D/NetUpdate( 2093): mWriteSD--->true
D/NetUpdate( 2093): mBootCheckZipExist--->false
D/NetUpdate( 2093): progressValue--->0
D/NetUpdate( 2093): mWriteSD--->true
D/NetUpdate( 2093): mBootCheckZipExist--->false
D/NetUpdate( 2093): progressValue--->0
D/NetUpdate( 2093): mWriteSD--->true
D/NetUpdate( 2093): mBootCheckZipExist--->false
D/NetUpdate( 2093): progressValue--->0
D/NetUpdate( 2093): mWriteSD--->true
D/NetUpdate( 2093): mBootCheckZipExist--->false
D/NetUpdate( 2093): progressValue--->0
D/NetUpdate( 2093): mWriteSD--->true
D/NetUpdate( 2093): mBootCheckZipExist--->false
D/dalvikvm(29217): GC_CONCURRENT freed 1921K, 46% free 7349K/13443K, paused 2ms+3ms
D/NetUpdate( 2093): progressValue--->0
D/NetUpdate( 2093): mWriteSD--->true
D/NetUpdate( 2093): mBootCheckZipExist--->false
D/NetUpdate( 2093): progressValue--->0
D/NetUpdate( 2093): mWriteSD--->true
D/NetUpdate( 2093): mBootCheckZipExist--->false
D/dalvikvm(29217): GC_CONCURRENT freed 2058K, 46% free 7323K/13443K, paused 3ms+3ms
D/NetUpdate( 2093): progressValue--->0
D/NetUpdate( 2093): mWriteSD--->true
D/NetUpdate( 2093): mBootCheckZipExist--->false
D/NetUpdate( 2093): progressValue--->0
D/NetUpdate( 2093): mWriteSD--->true
D/NetUpdate( 2093): mBootCheckZipExist--->false
[156642.360809] IR: [03932] scan key value is 0xea15c936 
[156642.360814]  
[156642.413302] IR: [03932] scan key value is 0xea15c936 
[156642.413307]  D/NetUpdate( 2093): progressValue--->0
D/NetUpdate( 2093): mWriteSD--->true
D/NetUpdate( 2093): mBootCheckZipExist--->false

[156643.212261] IR: [03932] scan key value is 0xee11c936 
[156643.212266]  
[156643.264754] IR: [03932] scan key value is 0xee11c936 
[156643.264759]  D/NetUpdate( 2093): progressValue--->0
D/NetUpdate( 2093): mWriteSD--->true
D/NetUpdate( 2093): mBootCheckZipExist--->false
D/NetUpdate( 2093): progressValue--->0
D/NetUpdate( 2093): mWriteSD--->true
D/NetUpdate( 2093): mBootCheckZipExist--->false
D/dalvikvm(29217): GC_CONCURRENT freed 2031K, 46% free 7281K/13443K, paused 3ms+4ms
D/HomePlayerLib(29217): hostaddress count is 2
D/dalvikvm(29217): GC_CONCURRENT freed 2004K, 47% free 7239K/13443K, paused 3ms+2ms
D/dalvikvm(29217): GC_CONCURRENT freed 1945K, 46% free 7338K/13443K, paused 3ms+3ms
D/NetUpdate( 2093): progressValue--->0
D/NetUpdate( 2093): mWriteSD--->true
D/NetUpdate( 2093): mBootCheckZipExist--->false
D/dalvikvm(29217): GC_CONCURRENT freed 2055K, 46% free 7325K/13443K, paused 2ms+3ms
D/dalvikvm(29217): GC_CONCURRENT freed 2024K, 47% free 7230K/13443K, paused 3ms+3ms
D/NetUpdate( 2093): progressValue--->0
D/NetUpdate( 2093): mWriteSD--->true
D/NetUpdate( 2093): mBootCheckZipExist--->false
D/NetUpdate( 2093): progressValue--->0
D/NetUpdate( 2093): mWriteSD--->true
D/NetUpdate( 2093): mBootCheckZipExist--->false
D/NetUpdate( 2093): progressValue--->0
D/NetUpdate( 2093): mWriteSD--->true
D/NetUpdate( 2093): mBootCheckZipExist--->false
D/NetUpdate( 2093): progressValue--->0
D/NetUpdate( 2093): mWriteSD--->true
D/NetUpdate( 2093): mBootCheckZipExist--->false
D/dalvikvm(29217): GC_CONCURRENT freed 1940K, 46% free 7294K/13443K, paused 2ms+4ms
D/NetUpdate( 2093): progressValue--->0
D/NetUpdate( 2093): mWriteSD--->true
D/NetUpdate( 2093): mBootCheckZipExist--->false
D/NetUpdate( 2093): progressValue--->0
D/NetUpdate( 2093): mWriteSD--->true
D/NetUpdate( 2093): mBootCheckZipExist--->false
D/NetUpdate( 2093): progressValue--->0
D/NetUpdate( 2093): mWriteSD--->true
D/NetUpdate( 2093): mBootCheckZipExist--->false
I/EventLogService( 1307): Aggregate from 1369621197911 (log), 1369621197911 (data)
D/dalvikvm(  945): GC_CONCURRENT freed 989K, 56% free 4853K/10947K, paused 2ms+5ms
D/NetUpdate( 2093): progressValue--->0
D/NetUpdate( 2093): mWriteSD--->true
D/NetUpdate( 2093): mBootCheckZipExist--->false
D/NetUpdate( 2093): progressValue--->0
D/NetUpdate( 2093): mWriteSD--->true
D/NetUpdate( 2093): mBootCheckZipExist--->false
D/NetUpdate( 2093): progressValue--->0
D/NetUpdate( 2093): mWriteSD--->true
D/NetUpdate( 2093): mBootCheckZipExist--->false
D/NetUpdate( 2093): progressValue--->0
D/NetUpdate( 2093): mWriteSD--->true
D/NetUpdate( 2093): mBootCheckZipExist--->false
D/NetUpdate( 2093): progressValue--->0
D/NetUpdate( 2093): mWriteSD--->true
D/NetUpdate( 2093): mBootCheckZipExist--->false
D/NetUpdate( 2093): progressValue--->0
D/NetUpdate( 2093): mWriteSD--->true
D/NetUpdate( 2093): mBootCheckZipExist--->false
D/HomePlayerLib(29217): hostaddress count is 2
D/dalvikvm(29217): GC_FOR_ALLOC freed 2145K, 47% free 7197K/13443K, paused 31ms
D/dalvikvm(29217): GC_CONCURRENT freed 23K, 45% free 7441K/13443K, paused 3ms+3ms
D/NetUpdate( 2093): progressValue--->0
D/NetUpdate( 2093): mWriteSD--->true
D/NetUpdate( 2093): mBootCheckZipExist--->false
D/dalvikvm(29217): GC_CONCURRENT freed 2135K, 46% free 7391K/13443K, paused 3ms+3ms
D/dalvikvm(29217): GC_CONCURRENT freed 2088K, 46% free 7269K/13443K, paused 3ms+4ms
D/NetUpdate( 2093): progressValue--->0
D/NetUpdate( 2093): mWriteSD--->true
D/NetUpdate( 2093): mBootCheckZipExist--->false
D/NetUpdate( 2093): progressValue--->0
D/NetUpdate( 2093): mWriteSD--->true
D/NetUpdate( 2093): mBootCheckZipExist--->false
D/dalvikvm(29217): GC_CONCURRENT freed 1965K, 46% free 7267K/13443K, paused 3ms+4ms
D/dalvikvm(29217): GC_CONCURRENT freed 1969K, 46% free 7265K/13443K, paused 2ms+4ms
D/NetUpdate( 2093): progressValue--->0
D/NetUpdate( 2093): mWriteSD--->true
D/NetUpdate( 2093): mBootCheckZipExist--->false
D/dalvikvm(29217): GC_CONCURRENT freed 1977K, 46% free 7327K/13443K, paused 2ms+3ms
D/NetUpdate( 2093): progressValue--->0
D/NetUpdate( 2093): mWriteSD--->true
D/NetUpdate( 2093): mBootCheckZipExist--->false
D/NetUpdate( 2093): progressValue--->0
D/NetUpdate( 2093): mWriteSD--->true
D/NetUpdate( 2093): mBootCheckZipExist--->false
D/NetUpdate( 2093): progressValue--->0
D/NetUpdate( 2093): mWriteSD--->true
D/NetUpdate( 2093): mBootCheckZipExist--->false
D/NetUpdate( 2093): progressValue--->0
D/NetUpdate( 2093): mWriteSD--->true
D/NetUpdate( 2093): mBootCheckZipExist--->false
D/NetUpdate( 2093): progressValue--->0
D/NetUpdate( 2093): mWriteSD--->true
D/NetUpdate( 2093): mBootCheckZipExist--->false
D/NetUpdate( 2093): progressValue--->0
D/NetUpdate( 2093): mWriteSD--->true
D/NetUpdate( 2093): mBootCheckZipExist--->false
D/NetUpdate( 2093): progressValue--->0
D/NetUpdate( 2093): mWriteSD--->true
D/NetUpdate( 2093): mBootCheckZipExist--->false
D/NetUpdate( 2093): progressValue--->0
D/NetUpdate( 2093): mWriteSD--->true
D/NetUpdate( 2093): mBootCheckZipExist--->false
D/NetUpdate( 2093): progressValue--->0
D/NetUpdate( 2093): mWriteSD--->true
D/NetUpdate( 2093): mBootCheckZipExist--->false
D/HomePlayerLib(29217): hostaddress count is 2
D/dalvikvm(29217): GC_CONCURRENT freed 2045K, 47% free 7250K/13443K, paused 2ms+4ms
D/NetUpdate( 2093): progressValue--->0
D/NetUpdate( 2093): mWriteSD--->true
D/NetUpdate( 2093): mBootCheckZipExist--->false
D/dalvikvm(29217): GC_CONCURRENT freed 1961K, 47% free 7226K/13443K, paused 3ms+4ms
D/dalvikvm(29217): GC_CONCURRENT freed 1943K, 46% free 7280K/13443K, paused 2ms+3ms
D/NetUpdate( 2093): progressValue--->0
D/NetUpdate( 2093): mWriteSD--->true
D/NetUpdate( 2093): mBootCheckZipExist--->false
D/dalvikvm(29217): GC_CONCURRENT freed 1989K, 46% free 7350K/13443K, paused 3ms+3ms
D/NetUpdate( 2093): progressValue--->0
D/NetUpdate( 2093): mWriteSD--->true
D/NetUpdate( 2093): mBootCheckZipExist--->false
D/NetUpdate( 2093): progressValue--->0
D/NetUpdate( 2093): mWriteSD--->true
D/NetUpdate( 2093): mBootCheckZipExist--->false
D/NetUpdate( 2093): progressValue--->0
D/NetUpdate( 2093): mWriteSD--->true
D/NetUpdate( 2093): mBootCheckZipExist--->false
D/dalvikvm(29217): GC_CONCURRENT freed 2064K, 47% free 7245K/13443K, paused 2ms+4ms
D/NetUpdate( 2093): progressValue--->0
D/NetUpdate( 2093): mWriteSD--->true
D/NetUpdate( 2093): mBootCheckZipExist--->false
D/NetUpdate( 2093): progressValue--->0
D/NetUpdate( 2093): mWriteSD--->true
D/NetUpdate( 2093): mBootCheckZipExist--->false
D/NetUpdate( 2093): progressValue--->0
D/NetUpdate( 2093): mWriteSD--->true
D/NetUpdate( 2093): mBootCheckZipExist--->false
D/NetUpdate( 2093): progressValue--->0
D/NetUpdate( 2093): mWriteSD--->true
D/NetUpdate( 2093): mBootCheckZipExist--->false
D/NetUpdate( 2093): progressValue--->0
D/NetUpdate( 2093): mWriteSD--->true
D/NetUpdate( 2093): mBootCheckZipExist--->false
D/NetUpdate( 2093): progressValue--->0
D/NetUpdate( 2093): mWriteSD--->true
D/NetUpdate( 2093): mBootCheckZipExist--->false
D/NetUpdate( 2093): progressValue--->0
D/NetUpdate( 2093): mWriteSD--->true
D/NetUpdate( 2093): mBootCheckZipExist--->false
D/NetUpdate( 2093): progressValue--->0
D/NetUpdate( 2093): mWriteSD--->true
D/NetUpdate( 2093): mBootCheckZipExist--->false
D/NetUpdate( 2093): progressValue--->0
D/NetUpdate( 2093): mWriteSD--->true
D/NetUpdate( 2093): mBootCheckZipExist--->false
D/dalvikvm(29217): GC_CONCURRENT freed 1955K, 47% free 7222K/13443K, paused 2ms+3ms
D/HomePlayerLib(29217): hostaddress count is 2
D/dalvikvm(29217): GC_CONCURRENT freed 1943K, 46% free 7324K/13443K, paused 3ms+3ms
D/dalvikvm(29217): GC_CONCURRENT freed 2041K, 45% free 7428K/13443K, paused 2ms+3ms
D/NetUpdate( 2093): progressValue--->0
D/NetUpdate( 2093): mWriteSD--->true
D/NetUpdate( 2093): mBootCheckZipExist--->false
D/NetUpdate( 2093): progressValue--->0
D/NetUpdate( 2093): mWriteSD--->true
D/NetUpdate( 2093): mBootCheckZipExist--->false
D/dalvikvm(29217): GC_CONCURRENT freed 2126K, 47% free 7251K/13443K, paused 2ms+3ms
D/dalvikvm(29217): GC_CONCURRENT freed 1964K, 46% free 7333K/13443K, paused 2ms+3ms
D/dalvikvm(29217): GC_CONCURRENT freed 2043K, 47% free 7242K/13443K, paused 2ms+3ms
D/NetUpdate( 2093): progressValue--->0
D/NetUpdate( 2093): mWriteSD--->true
D/NetUpdate( 2093): mBootCheckZipExist--->false
D/NetUpdate( 2093): progressValue--->0
D/NetUpdate( 2093): mWriteSD--->true
D/NetUpdate( 2093): mBootCheckZipExist--->false
D/NetUpdate( 2093): progressValue--->0
D/NetUpdate( 2093): mWriteSD--->true
D/NetUpdate( 2093): mBootCheckZipExist--->false
D/dalvikvm(29217): GC_CONCURRENT freed 1959K, 47% free 7239K/13443K, paused 2ms+4ms
D/NetUpdate( 2093): progressValue--->0
D/NetUpdate( 2093): mWriteSD--->true
D/NetUpdate( 2093): mBootCheckZipExist--->false
D/NetUpdate( 2093): progressValue--->0
D/NetUpdate( 2093): mWriteSD--->true
D/NetUpdate( 2093): mBootCheckZipExist--->false
D/NetUpdate( 2093): progressValue--->0
D/NetUpdate( 2093): mWriteSD--->true
D/NetUpdate( 2093): mBootCheckZipExist--->false
D/NetUpdate( 2093): progressValue--->0
D/NetUpdate( 2093): mWriteSD--->true
D/NetUpdate( 2093): mBootCheckZipExist--->false
D/NetUpdate( 2093): progressValue--->0
D/NetUpdate( 2093): mWriteSD--->true
D/NetUpdate( 2093): mBootCheckZipExist--->false
D/NetUpdate( 2093): progressValue--->0
D/NetUpdate( 2093): mWriteSD--->true
D/NetUpdate( 2093): mBootCheckZipExist--->false
D/NetUpdate( 2093): progressValue--->0
D/NetUpdate( 2093): mWriteSD--->true
D/NetUpdate( 2093): mBootCheckZipExist--->false
D/NetUpdate( 2093): progressValue--->0
D/NetUpdate( 2093): mWriteSD--->true
D/NetUpdate( 2093): mBootCheckZipExist--->false
D/NetUpdate( 2093): progressValue--->0
D/NetUpdate( 2093): mWriteSD--->true
D/NetUpdate( 2093): mBootCheckZipExist--->false
D/NetUpdate( 2093): progressValue--->0
D/NetUpdate( 2093): mWriteSD--->true
D/NetUpdate( 2093): mBootCheckZipExist--->false
D/HomePlayerLib(29217): hostaddress count is 2
D/dalvikvm(29217): GC_CONCURRENT freed 1962K, 47% free 7250K/13443K, paused 2ms+3ms
D/NetUpdate( 2093): progressValue--->0
D/NetUpdate( 2093): mWriteSD--->true
D/NetUpdate( 2093): mBootCheckZipExist--->false
D/dalvikvm(29217): GC_CONCURRENT freed 1971K, 45% free 7473K/13443K, paused 2ms+4ms
D/dalvikvm(29217): GC_CONCURRENT freed 2176K, 46% free 7270K/13443K, paused 2ms+4ms
D/NetUpdate( 2093): progressValue--->0
D/NetUpdate( 2093): mWriteSD--->true
D/NetUpdate( 2093): mBootCheckZipExist--->false
D/dalvikvm(29217): GC_CONCURRENT freed 1969K, 46% free 7272K/13443K, paused 2ms+3ms
D/NetUpdate( 2093): progressValue--->0
D/NetUpdate( 2093): mWriteSD--->true
D/NetUpdate( 2093): mBootCheckZipExist--->false
D/dalvikvm(29217): GC_CONCURRENT freed 1989K, 47% free 7242K/13443K, paused 3ms+3ms
D/NetUpdate( 2093): progressValue--->0
D/NetUpdate( 2093): mWriteSD--->true
D/NetUpdate( 2093): mBootCheckZipExist--->false
D/NetUpdate( 2093): progressValue--->0
D/NetUpdate( 2093): mWriteSD--->true
D/NetUpdate( 2093): mBootCheckZipExist--->false
D/NetUpdate( 2093): progressValue--->0
D/NetUpdate( 2093): mWriteSD--->true
D/NetUpdate( 2093): mBootCheckZipExist--->false
D/WifiP2pService(  945): P2pDisabledState{ what=143363 when=-89ms arg1=4 }
D/WifiP2pService(  945): DefaultState{ what=143363 when=-89ms arg1=4 }
D/NetUpdate( 2093): progressValue--->0
D/NetUpdate( 2093): mWriteSD--->true
D/NetUpdate( 2093): mBootCheckZipExist--->false
D/NetUpdate( 2093): progressValue--->0
D/NetUpdate( 2093): mWriteSD--->true
D/NetUpdate( 2093): mBootCheckZipExist--->false
D/NetUpdate( 2093): progressValue--->0
D/NetUpdate( 2093): mWriteSD--->true
D/NetUpdate( 2093): mBootCheckZipExist--->false
D/dalvikvm(29217): GC_CONCURRENT freed 1947K, 47% free 7229K/13443K, paused 3ms+3ms
D/dalvikvm(29217): GC_CONCURRENT freed 1936K, 47% free 7254K/13443K, paused 3ms+4ms
D/NetUpdate( 2093): progressValue--->0
D/NetUpdate( 2093): mWriteSD--->true
D/NetUpdate( 2093): mBootCheckZipExist--->false
D/NetUpdate( 2093): progressValue--->0
D/NetUpdate( 2093): mWriteSD--->true
D/NetUpdate( 2093): mBootCheckZipExist--->false
D/NetUpdate( 2093): progressValue--->0
D/NetUpdate( 2093): mWriteSD--->true
D/NetUpdate( 2093): mBootCheckZipExist--->false
D/NetUpdate( 2093): progressValue--->0
D/NetUpdate( 2093): mWriteSD--->true
D/NetUpdate( 2093): mBootCheckZipExist--->false
D/NetUpdate( 2093): progressValue--->0
D/NetUpdate( 2093): mWriteSD--->true
D/NetUpdate( 2093): mBootCheckZipExist--->false
D/HomePlayerLib(29217): hostaddress count is 2
D/dalvikvm(29217): GC_CONCURRENT freed 1957K, 47% free 7234K/13443K, paused 2ms+4ms
D/dalvikvm(29217): GC_CONCURRENT freed 1950K, 47% free 7251K/13443K, paused 2ms+4ms
D/NetUpdate( 2093): progressValue--->0
D/NetUpdate( 2093): mWriteSD--->true
D/NetUpdate( 2093): mBootCheckZipExist--->false
D/dalvikvm(29217): GC_CONCURRENT freed 1959K, 47% free 7241K/13443K, paused 3ms+4ms
D/dalvikvm(29217): GC_CONCURRENT freed 1950K, 47% free 7247K/13443K, paused 3ms+3ms
D/NetUpdate( 2093): progressValue--->0
D/NetUpdate( 2093): mWriteSD--->true
D/NetUpdate( 2093): mBootCheckZipExist--->false
D/dalvikvm(29217): GC_CONCURRENT freed 1952K, 46% free 7331K/13443K, paused 2ms+4ms
D/NetUpdate( 2093): progressValue--->0
D/NetUpdate( 2093): mWriteSD--->true
D/NetUpdate( 2093): mBootCheckZipExist--->false
D/NetUpdate( 2093): progressValue--->0
D/NetUpdate( 2093): mWriteSD--->true
D/NetUpdate( 2093): mBootCheckZipExist--->false
D/NetUpdate( 2093): progressValue--->0
D/NetUpdate( 2093): mWriteSD--->true
D/NetUpdate( 2093): mBootCheckZipExist--->false
D/NetUpdate( 2093): progressValue--->0
D/NetUpdate( 2093): mWriteSD--->true
D/NetUpdate( 2093): mBootCheckZipExist--->false
D/NetUpdate( 2093): progressValue--->0
D/NetUpdate( 2093): mWriteSD--->true
D/NetUpdate( 2093): mBootCheckZipExist--->false
W/ThrottleService(  945): unable to find stats for iface rmnet0
D/NetUpdate( 2093): progressValue--->0
D/NetUpdate( 2093): mWriteSD--->true
D/NetUpdate( 2093): mBootCheckZipExist--->false
D/NetUpdate( 2093): progressValue--->0
D/NetUpdate( 2093): mWriteSD--->true
D/NetUpdate( 2093): mBootCheckZipExist--->false
D/NetUpdate( 2093): progressValue--->0
D/NetUpdate( 2093): mWriteSD--->true
D/NetUpdate( 2093): mBootCheckZipExist--->false
I/dnsmasq (29461): DHCPDISCOVER(uap0) 00:90:4c:78:03:ff 
I/dnsmasq (29461): DHCPOFFER(uap0) 192.168.43.186 00:90:4c:78:03:ff 
I/dnsmasq (29461): DHCPREQUEST(uap0) 192.168.43.186 00:90:4c:78:03:ff 
I/dnsmasq (29461): DHCPACK(uap0) 192.168.43.186 00:90:4c:78:03:ff android-1860196aa0422c37
D/NetUpdate( 2093): progressValue--->0
D/NetUpdate( 2093): mWriteSD--->true
D/NetUpdate( 2093): mBootCheckZipExist--->false
D/NetUpdate( 2093): progressValue--->0
D/NetUpdate( 2093): mWriteSD--->true
D/NetUpdate( 2093): mBootCheckZipExist--->false
D/HomePlayerLib(29217): hostaddress count is 2
D/dalvikvm(29217): GC_CONCURRENT freed 2045K, 47% free 7237K/13443K, paused 2ms+4ms
D/NetUpdate( 2093): progressValue--->0
D/NetUpdate( 2093): mWriteSD--->true
D/NetUpdate( 2093): mBootCheckZipExist--->false
D/dalvikvm(29217): GC_CONCURRENT freed 1949K, 46% free 7308K/13443K, paused 2ms+4ms
D/dalvikvm(29217): GC_CONCURRENT freed 2024K, 47% free 7255K/13443K, paused 3ms+3ms
D/NetUpdate( 2093): progressValue--->0
D/NetUpdate( 2093): mWriteSD--->true
D/NetUpdate( 2093): mBootCheckZipExist--->false
D/dalvikvm(29217): GC_CONCURRENT freed 1956K, 46% free 7386K/13443K, paused 3ms+4ms
D/dalvikvm(29217): GC_CONCURRENT freed 2096K, 47% free 7245K/13443K, paused 2ms+3ms
D/NetUpdate( 2093): progressValue--->0
D/NetUpdate( 2093): mWriteSD--->true
D/NetUpdate( 2093): mBootCheckZipExist--->false
D/NetUpdate( 2093): progressValue--->0
D/NetUpdate( 2093): mWriteSD--->true
D/NetUpdate( 2093): mBootCheckZipExist--->false
D/NetUpdate( 2093): progressValue--->0
D/NetUpdate( 2093): mWriteSD--->true
D/NetUpdate( 2093): mBootCheckZipExist--->false
D/NetUpdate( 2093): progressValue--->0
D/NetUpdate( 2093): mWriteSD--->true
D/NetUpdate( 2093): mBootCheckZipExist--->false
D/dalvikvm(29217): GC_CONCURRENT freed 1957K, 47% free 7240K/13443K, paused 3ms+3ms
D/dalvikvm(29217): GC_CONCURRENT freed 1940K, 47% free 7229K/13443K, paused 2ms+4ms
D/NetUpdate( 2093): progressValue--->0
D/NetUpdate( 2093): mWriteSD--->true
D/NetUpdate( 2093): mBootCheckZipExist--->false
D/NetUpdate( 2093): progressValue--->0
D/NetUpdate( 2093): mWriteSD--->true
D/NetUpdate( 2093): mBootCheckZipExist--->false
D/NetUpdate( 2093): progressValue--->0
D/NetUpdate( 2093): mWriteSD--->true
D/NetUpdate( 2093): mBootCheckZipExist--->false
D/WifiP2pService(  945): P2pDisabledState{ what=143363 when=-26ms arg1=5 }
D/WifiP2pService(  945): DefaultState{ what=143363 when=-26ms arg1=5 }
D/NetUpdate( 2093): progressValue--->0
D/NetUpdate( 2093): mWriteSD--->true
D/NetUpdate( 2093): mBootCheckZipExist--->false
D/NetUpdate( 2093): progressValue--->0
D/NetUpdate( 2093): mWriteSD--->true
D/NetUpdate( 2093): mBootCheckZipExist--->false
D/NetUpdate( 2093): progressValue--->0
D/NetUpdate( 2093): mWriteSD--->true
D/NetUpdate( 2093): mBootCheckZipExist--->false
D/HomePlayerLib(29217): hostaddress count is 2
D/dalvikvm(29217): GC_CONCURRENT freed 1946K, 47% free 7235K/13443K, paused 3ms+3ms
D/dalvikvm(29217): GC_CONCURRENT freed 1942K, 46% free 7346K/13443K, paused 2ms+3ms
D/NetUpdate( 2093): progressValue--->0
D/NetUpdate( 2093): mWriteSD--->true
D/NetUpdate( 2093): mBootCheckZipExist--->false
D/dalvikvm(29217): GC_CONCURRENT freed 2043K, 47% free 7233K/13443K, paused 2ms+3ms
D/dalvikvm(29217): GC_CONCURRENT freed 1926K, 46% free 7268K/13443K, paused 2ms+4ms
D/dalvikvm(29217): GC_CONCURRENT freed 1984K, 46% free 7332K/13443K, paused 2ms+3ms
D/NetUpdate( 2093): progressValue--->0
D/NetUpdate( 2093): mWriteSD--->true
D/NetUpdate( 2093): mBootCheckZipExist--->false
D/NetUpdate( 2093): progressValue--->0
D/NetUpdate( 2093): mWriteSD--->true
D/NetUpdate( 2093): mBootCheckZipExist--->false
D/NetUpdate( 2093): progressValue--->0
D/NetUpdate( 2093): mWriteSD--->true
D/NetUpdate( 2093): mBootCheckZipExist--->false
D/NetUpdate( 2093): progressValue--->0
D/NetUpdate( 2093): mWriteSD--->true
D/NetUpdate( 2093): mBootCheckZipExist--->false
D/NetUpdate( 2093): progressValue--->0
D/NetUpdate( 2093): mWriteSD--->true
D/NetUpdate( 2093): mBootCheckZipExist--->false
D/NetUpdate( 2093): progressValue--->0
D/NetUpdate( 2093): mWriteSD--->true
D/NetUpdate( 2093): mBootCheckZipExist--->false
D/NetUpdate( 2093): progressValue--->0
D/NetUpdate( 2093): mWriteSD--->true
D/NetUpdate( 2093): mBootCheckZipExist--->false
D/NetUpdate( 2093): progressValue--->0
D/NetUpdate( 2093): mWriteSD--->true
D/NetUpdate( 2093): mBootCheckZipExist--->false
D/NetUpdate( 2093): progressValue--->0
D/NetUpdate( 2093): mWriteSD--->true
D/NetUpdate( 2093): mBootCheckZipExist--->false
D/NetUpdate( 2093): progressValue--->0
D/NetUpdate( 2093): mWriteSD--->true
D/NetUpdate( 2093): mBootCheckZipExist--->false
D/NetUpdate( 2093): progressValue--->0
D/NetUpdate( 2093): mWriteSD--->true
D/NetUpdate( 2093): mBootCheckZipExist--->false
D/dalvikvm(29217): GC_CONCURRENT freed 2029K, 46% free 7266K/13443K, paused 3ms+3ms
D/HomePlayerLib(29217): hostaddress count is 2
D/NetUpdate( 2093): progressValue--->0
D/NetUpdate( 2093): mWriteSD--->true
D/NetUpdate( 2093): mBootCheckZipExist--->false
D/dalvikvm(29217): GC_CONCURRENT freed 1987K, 46% free 7325K/13443K, paused 5ms+3ms
D/dalvikvm(29217): GC_CONCURRENT freed 2027K, 46% free 7331K/13443K, paused 2ms+3ms
D/dalvikvm(29217): GC_CONCURRENT freed 2037K, 46% free 7268K/13443K, paused 2ms+3ms
D/NetUpdate( 2093): progressValue--->0
D/NetUpdate( 2093): mWriteSD--->true
D/NetUpdate( 2093): mBootCheckZipExist--->false
D/dalvikvm(29217): GC_CONCURRENT freed 1942K, 46% free 7365K/13443K, paused 2ms+3ms
D/dalvikvm(29217): GC_CONCURRENT freed 2075K, 47% free 7244K/13443K, paused 3ms+4ms
D/NetUpdate( 2093): progressValue--->0
D/NetUpdate( 2093): mWriteSD--->true
D/NetUpdate( 2093): mBootCheckZipExist--->false

[156739.774061] IR: [03932] scan key value is 0xea15c936 
[156739.774066]  
[156739.826559] IR: [03932] scan key value is 0xea15c936 
[156739.826564]  D/dalvikvm(29217): GC_CONCURRENT freed 1957K, 47% free 7242K/13443K, paused 2ms+3ms
D/NetUpdate( 2093): progressValue--->0
D/NetUpdate( 2093): mWriteSD--->true
D/NetUpdate( 2093): mBootCheckZipExist--->false
D/NetUpdate( 2093): progressValue--->0
D/NetUpdate( 2093): mWriteSD--->true
D/NetUpdate( 2093): mBootCheckZipExist--->false
D/NetUpdate( 2093): progressValue--->0
D/NetUpdate( 2093): mWriteSD--->true
D/NetUpdate( 2093): mBootCheckZipExist--->false
D/NetUpdate( 2093): progressValue--->0
D/NetUpdate( 2093): mWriteSD--->true
D/NetUpdate( 2093): mBootCheckZipExist--->false
D/NetUpdate( 2093): progressValue--->0
D/NetUpdate( 2093): mWriteSD--->true
D/NetUpdate( 2093): mBootCheckZipExist--->false
D/NetUpdate( 2093): progressValue--->0
D/NetUpdate( 2093): mWriteSD--->true
D/NetUpdate( 2093): mBootCheckZipExist--->false
D/NetUpdate( 2093): progressValue--->0
D/NetUpdate( 2093): mWriteSD--->true
D/NetUpdate( 2093): mBootCheckZipExist--->false
D/NetUpdate( 2093): progressValue--->0
D/NetUpdate( 2093): mWriteSD--->true
D/NetUpdate( 2093): mBootCheckZipExist--->false
D/NetUpdate( 2093): progressValue--->0
D/NetUpdate( 2093): mWriteSD--->true
D/NetUpdate( 2093): mBootCheckZipExist--->false
D/NetUpdate( 2093): progressValue--->0
D/NetUpdate( 2093): mWriteSD--->true
D/NetUpdate( 2093): mBootCheckZipExist--->false
D/dalvikvm(29217): GC_CONCURRENT freed 1949K, 46% free 7336K/13443K, paused 3ms+3ms
D/NetUpdate( 2093): progressValue--->0
D/NetUpdate( 2093): mWriteSD--->true
D/NetUpdate( 2093): mBootCheckZipExist--->false
D/HomePlayerLib(29217): hostaddress count is 2
D/dalvikvm(29217): GC_CONCURRENT freed 2058K, 46% free 7304K/13443K, paused 2ms+3ms
D/dalvikvm(29217): GC_CONCURRENT freed 2011K, 45% free 7423K/13443K, paused 3ms+3ms
D/NetUpdate( 2093): progressValue--->0
D/NetUpdate( 2093): mWriteSD--->true
D/NetUpdate( 2093): mBootCheckZipExist--->false
D/dalvikvm(29217): GC_CONCURRENT freed 2122K, 46% free 7335K/13443K, paused 2ms+3ms
D/dalvikvm(29217): GC_CONCURRENT freed 2049K, 47% free 7226K/13443K, paused 2ms+3ms
D/NetUpdate( 2093): progressValue--->0
D/NetUpdate( 2093): mWriteSD--->true
D/NetUpdate( 2093): mBootCheckZipExist--->false
D/NetUpdate( 2093): progressValue--->0
D/NetUpdate( 2093): mWriteSD--->true
D/NetUpdate( 2093): mBootCheckZipExist--->false
D/NetUpdate( 2093): progressValue--->0
D/NetUpdate( 2093): mWriteSD--->true
D/NetUpdate( 2093): mBootCheckZipExist--->false
D/NetUpdate( 2093): progressValue--->0
D/NetUpdate( 2093): mWriteSD--->true
D/NetUpdate( 2093): mBootCheckZipExist--->false
D/MiracastControl( 1620): receive addr: 192.168.43.186:42584 msgType: easysetting msgData: action=getnetwork&type=p2p
D/MiracastControl( 1620): send addr: 192.168.43.186:42584 msgType: easysetting msgData: state=off&action=getnetwork&result=success&mac=a6:a8:20:13:03:6e&type=p2p&name=tc123
D/NetUpdate( 2093): progressValue--->0
D/NetUpdate( 2093): mWriteSD--->true
D/NetUpdate( 2093): mBootCheckZipExist--->false
D/MiracastControl( 1620): receive addr: 192.168.43.186:38546 msgType: easysetting msgData: action=getnetwork&type=p2p
D/MiracastControl( 1620): send addr: 192.168.43.186:38546 msgType: easysetting msgData: state=off&action=getnetwork&result=success&mac=a6:a8:20:13:03:6e&type=p2p&name=tc123
D/NetUpdate( 2093): progressValue--->0
D/NetUpdate( 2093): mWriteSD--->true
D/NetUpdate( 2093): mBootCheckZipExist--->false
D/MiracastControl( 1620): receive addr: 192.168.43.186:40841 msgType: easysetting msgData: action=setnetwork&type=p2p&name=Android_1860&mac=02:90:4c:78:03:ff&state=on
D/MiracastControl( 1620): send addr: 192.168.43.186:40841 msgType: easysetting msgData: state=on&action=setnetwork&result=success&mac=a6:a8:20:13:03:6e&type=p2p&name=tc123
D/WifiStateMachine(  945): gary test mWifiApState = 10
D/WifiApSetting( 2093): handleWifiApStateChanged
D/WifiApSetting( 2093): WIFI_AP_STATE_DISABLING
I/BootCompletedReceiver(29217): [onReceive] Action??android.net.wifi.WIFI_AP_STATE_CHANGED
V/BootCompletedReceiver(29217): ++++mWifiApState++++10
D/NetworkManagementService(  945): rsp <213 a4:a8:20:13:03:6e 192.168.43.1 24 [up broadcast running multicast]>
D/NetworkManagementService(  945): flags <[up broadcast running multicast]>
D/CommandListener(  739): Setting iface cfg
D/CommandListener(  739): Trying to bring up uap0
D/CommandListener(  739): broadcast flag ignored
V/EthernetMonitor(  945): get event 
V/EthernetMonitor(  945): go poll events
E/WifiApStateMachine(  945): Error resetting interface uap0, :java.lang.IllegalStateException: Unable to communicate with native daemon to interface setcfg - com.android.server.NativeDaemonConnectorException: Cmd {interface setcfg uap0 0.0.0.0 0 [up broadcast running multicast]} failed with code 501 : {Flag unsupported}
D/Tethering(  945): Untethering uap0
D/Tethering(  945): TetheredState.processMessage what=3
D/dalvikvm( 1620): GC_FOR_ALLOC freed 400K, 67% free 2141K/6467K, paused 30ms
D/MiracastControl( 1620): enableWifiP2PMode mIsWifiStaPreEnable:false mIsWifiApPreEnable:true
D/WifiP2pService(  945): P2pDisabledState{ what=139265 when=0 }
D/WifiP2pService(  945): wait for wifi sta and softap disabled!!
D/Tethering(  945): Untethered uap0
D/Tethering(  945): sendTetherStateChangedBroadcast 1, 0, 0
D/Tethering(  945): TetherModeAliveState.processMessage what=2
D/SoftapController(  739): Stopping Softap service
W/hostapd (29458): uap0: Could not connect to kernel driver
W/NetworkStats(  945): dropping UID delta from unknown iface: iface=uap0 uid=0 set=DEFAULT tag=0x0 rxBytes=11644 rxPackets=35 txBytes=11379 txPackets=33 operations=0
W/NetworkStats(  945): dropping UID delta from unknown iface: iface=uap0 uid=1000 set=FOREGROUND tag=0x0 rxBytes=61355 rxPackets=178 txBytes=64388 txPackets=188 operations=0
W/GpsLocationProvider(  945): Failed to enable location provider
V/EthernetMonitor(  945): get event 
V/EthernetMonitor(  945): go poll events
V/EthernetMonitor(  945): get event 
V/EthernetMonitor(  945): go poll events
D/SoftapController(  739): Softap service stopped: 0
D/SoftapController(  739): Softap driver stop: 0
E/WifiHW  (  739): wifi_change_fw_path: STA
D/SoftapController(  739): Softap fwReload - Ok
D/TetherController(  739): Stopping tethering services
I/dnsmasq (29461): exiting on receipt of SIGTERM
D/WifiApStateMachine(  945): isDriverShouldRemove = true
D/TetherController(  739): Tethering services stopped
D/TetherController(  739): Setting IP forward enable = 0
D/Tethering(  945): notifying tethered with iface =null
D/Tethering(  945): InitialState.processMessage what=4
D/WifiStateMachine(  945): gary test mWifiApState = 11
D/WifiApSetting( 2093): handleWifiApStateChanged
D/WifiApSetting( 2093): WIFI_AP_STATE_DISABLED
D/Tethering(  945): sendTetherStateChangedBroadcast 0, 0, 0
I/BootCompletedReceiver(29217): [onReceive] Action??android.net.wifi.WIFI_AP_STATE_CHANGED
V/BootCompletedReceiver(29217): ++++mWifiApState++++11
D/NetUpdate( 2093): progressValue--->0
D/NetUpdate( 2093): mWriteSD--->true
D/NetUpdate( 2093): mBootCheckZipExist--->false
D/WifiP2pService(  945): wifi sta and softap disable!!
D/WifiP2pService(  945): WaitForWifiDisableState
D/WifiP2pService(  945): WaitForWifiDisableState{ what=139271 when=-1s0ms arg2=31 }
D/WifiP2pService(  945): P2pDisabledState{ what=139271 when=-1s1m
[156756.864651] ADDRCONF(NETDEV_UP): wfd0: link is not ready
s arg2=31 }
D/WifiApStateMachine(  945): wifip2pservice p2p_enable_proceed
D/WifiP2pManager( 1620): Ignored { what=139267 when=0 }
E/MiracastControl( 1620):  discover fail 2
E/WifiHW  (  739): wifi_change_fw_path: P2P
E/WifiHW  (  739): get_wifi_device_num is 1
D/WifiP2pService(  945): DefaultState{ what=139271 when=-1s1ms arg2=31 }
D/WifiP2pService(  945): WaitForWifiDisableState{ what=331908 when=-1ms }
D/WifiHW  (  739): wifi_driver has loaded!
D/SoftapController([156756.911865] Can not set data rate in disconnected state
  739): Softap fwReload - Ok
D/NetworkManagementService(  945): rsp <213 a6:a8:20:13:03:6e 0.0.0.0 0 [down broadcast multicast]>
D/CommandListener(  739): Setting iface cfg
D/CommandListener(  739): Trying to bring down wfd0
D/CommandListener(  739): broadcast flag ignored
D/CommandListener(  739): multicast flag ignored
D/WifiHW  (  945): config_file = /data/misc/wifi/p2p_supplicant.conf
D/WifiHW  (  945): ctl.start daemon_cmd = mrl_supplicant:-iwfd0 -c/data/misc/wifi/p2p_supplicant.conf
D/NetworkManagementService(  945): flags <[down broadcast multicast]>
D/WifiP2pService(  945): P2pEnablingState
I/wpa_supplicant(29503): rfkill: Cannot open RFKILL control device
V/EthernetMonitor(  945): get event 
V/EthernetMonitor(  945): go poll events
D/WifiP2pService(  945): P2pEnablingState{ what=147457 when=0 }
D/WifiP2pService(  945): P2p start successful
D/WifiP2pService(  945): P2pEnabledState
I/TabletStatusBar( 1155): receiver broadcast
D/MiracastControl( 1620): android.net.wifi.p2p.STATE_CHANGED
I/TabletStatusBar( 1155): the p2pdevices is null or UNAVAILABLE
D/WifiDirectSetting( 2093): ----------------WIFI_P2P_STATE_CHANGED_ACTION
D/WifiDirectSetting( 2093): handleP2pStateChanged
D/WifiDirectSetting( 2093): WIFI_P2P_STATE_ENABLED
D/MiracastControl( 1620): android.net.wifi.p2p.THIS_DEVICE_CHANGED
D/MiracastControl( 1620): P2p This Device Name is : tc123
D/MiracastControl( 1620): current:3 pre:3
I/TabletStatusBar( 1155): receiver broadcast
I/TabletStatusBar( 1155): the p2pdevices status is :3
D/WifiP2pService(  945): DeviceAddress: a6:a8:20:13:03:6e
D/WifiDirectSetting( 2093): --------------WIFI_P2P_THIS_DEVICE_CHANGED_ACTION
D/WifiDirectSetting( 2093): ------------mThisDevice.String()Device: tc123
D/WifiDirectSetting( 2093):  deviceAddress: a6:a8:20:13:03:6e
D/WifiDirectSetting( 2093):  primary type: 10-0050F204-5
D/WifiDirectSetting( 2093):  secondary type: null
D/WifiDirectSetting( 2093):  wps: 0
D/WifiDirectSetting( 2093):  grpcapab: 0
D/WifiDirectSetting( 2093):  devcapab: 0
D/WifiDirectSetting( 2093):  status: 3
D/WifiDirectSetting( 2093):  wfdInfo: WFD enabled: trueWFD DeviceInfo: 17
D/WifiDirectSetting( 2093):  WFD CtrlPort: 554
D/WifiDirectSetting( 2093):  WFD MaxThroughput: 14
D/WifiP2pService(  945): InactiveState
D/MiracastControl( 1620): android.net.wifi.p2p.THIS_DEVICE_CHANGED
D/MiracastControl( 1620): P2p This Device Name is : tc123
D/MiracastControl( 1620): current:3 pre:3
D/WifiDirectSetting( 2093): --------------WIFI_P2P_THIS_DEVICE_CHANGED_ACTION
D/WifiDirectSetting( 2093): ------------mThisDevice.String()Device: tc123
D/WifiDirectSetting( 2093):  deviceAddress: a6:a8:20:13:03:6e
D/WifiDirectSetting( 2093):  primary type: 10-0050F204-5
D/WifiDirectSetting( 2093):  secondary type: null
D/WifiDirectSetting( 2093):  wps: 0
D/WifiDirectSetting( 2093):  grpcapab: 0
D/WifiDirectSetting( 2093):  devcapab: 0
D/WifiDirectSetting( 2093):  status: 3
D/WifiDirectSetting( 2093):  wfdInfo: WFD enabled: trueWFD DeviceInfo: 17
D/WifiDirectSetting( 2093):  WFD CtrlPort: 554
D/WifiDirectSetting( 2093):  WFD MaxThroughput: 14
D/WifiP2pService(  945): InactiveState{ what=139271 when=-16ms }
D/WifiP2pService(  945): P2pEnabledState{ what=139271 when=-16ms }
I/TabletStatusBar( 1155): receiver broadcast
I/TabletStatusBar( 1155): the p2pdevices status is :3
D/dalvikvm(29217): GC_CONCURRENT freed 1928K, 46% free 7268K/13443K, paused 3ms+3ms
D/NetUpdate( 2093): progressValue--->0
D/NetUpdate( 2093): mWriteSD--->true
D/NetUpdate( 2093): mBootCheckZipExist--->false
D/dalvikvm(29217): GC_CONCURRENT freed 1972K, 47% free 7229K/13443K, paused 2ms+3ms
D/NetUpdate( 2093): progressValue--->0
D/NetUpdate( 2093): mWriteSD--->true
D/NetUpdate( 2093): mBootCheckZipExist--->false
D/dalvikvm(29217): GC_CONCURRENT freed 1948K, 47% free 7241K/13443K, paused 2ms+4ms
D/HomePlayerLib(29217): hostaddress count is 1
D/NetUpdate( 2093): progressValue--->0
D/NetUpdate( 2093): mWriteSD--->true
D/NetUpdate( 2093): mBootCheckZipExist--->false
D/dalvikvm(29217): GC_CONCURRENT freed 1959K, 46% free 7263K/13443K, paused 2ms+4ms
D/dalvikvm(29217): GC_CONCURRENT freed 1977K, 46% free 7296K/13443K, paused 3ms+4ms
D/NetUpdate( 2093): progressValue--->0
D/NetUpdate( 2093): mWriteSD--->true
D/NetUpdate( 2093): mBootCheckZipExist--->false
D/NetUpdate( 2093): progressValue--->0
D/NetUpdate( 2093): mWriteSD--->true
D/NetUpdate( 2093): mBootCheckZipExist--->false
I/wpa_supplicant(29503): wfd0: P2P-DEVICE-FOUND 02:90:4c:00:03:10 p2p_dev_addr=02:90:4c:00:03:10 pri_dev_type=10-0050F204-5 name='Android_5e77' config_methods=0x188 dev_capab=0x24 group_capab=0x0 wfd_dev_info=0x0000060010216a0014
I/TabletStatusBar( 1155): receiver broadcast
D/MiracastControl( 1620): android.net.wifi.p2p.PEERS_CHANGED
D/WifiDirectSetting( 2093): --------------WIFI_P2P_PEERS_CHANGED_ACTION
D/WifiP2pService(  945): InactiveState{ what=147477 when=0 obj=Device: Android_5e77
D/WifiP2pService(  945):  deviceAddress: 02:90:4c:00:03:10
D/WifiP2pService(  945):  primary type: 10-0050F204-5
D/WifiP2pService(  945):  secondary type: null
D/WifiP2pService(  945):  wps: 392
D/WifiP2pService(  945):  grpcapab: 0
D/WifiP2pService(  945):  devcapab: 36
D/WifiP2pService(  945):  status: 3
D/WifiP2pService(  945):  wfdInfo: WFD enabled: trueWFD DeviceInfo: 16
D/WifiP2pService(  945):  WFD CtrlPort: 8554
D/WifiP2pService(  945):  WFD MaxThroughput: 20 }
D/WifiP2pService(  945): P2pEnabledState{ what=147477 when=0 obj=Device: Android_5e77
D/WifiP2pService(  945):  deviceAddress: 02:90:4c:00:03:10
D/WifiP2pService(  945):  primary type: 10-0050F204-5
D/WifiP2pService(  945):  secondary type: null
D/WifiP2pService(  945):  wps: 392
D/WifiP2pService(  945):  grpcapab: 0
D/WifiP2pService(  945):  devcapab: 36
D/WifiP2pService(  945):  status: 3
D/WifiP2pService(  945):  wfdInfo: WFD enabled: trueWFD DeviceInfo: 16
D/WifiP2pService(  945):  WFD CtrlPort: 8554
D/WifiP2pService(  945):  WFD MaxThroughput: 20 }
D/WifiDirectSetting( 2093): peer=Device: Android_5e77
D/WifiDirectSetting( 2093):  deviceAddress: 02:90:4c:00:03:10
D/WifiDirectSetting( 2093):  primary type: 10-0050F204-5
D/WifiDirectSetting( 2093):  secondary type: null
D/WifiDirectSetting( 2093):  wps: 392
D/WifiDirectSetting( 2093):  grpcapab: 0
D/WifiDirectSetting( 2093):  devcapab: 36
D/WifiDirectSetting( 2093):  status: 3
D/WifiDirectSetting( 2093):  wfdInfo: WFD enabled: trueWFD DeviceInfo: 16
D/WifiDirectSetting( 2093):  WFD CtrlPort: 8554
D/WifiDirectSetting( 2093):  WFD MaxThroughput: 20
D/WifiDirectSetting( 2093): mPeers.size=0
D/WifiP2pService(  945): InactiveState{ what=139286 when=-1ms arg2=32 }
D/WifiP2pService(  945): P2pEnabledState{ what=139286 when=-1ms arg2=32 }
D/WifiP2pService(  945): DefaultState{ what=139286 when=-1ms arg2=32 }
D/WifiP2pService(  945): InactiveState{ what=139286 when=-1ms arg2=25 }
D/WifiP2pService(  945): P2pEnabledState{ what=139286 when=-2ms arg2=25 }
D/WifiP2pService(  945): DefaultState{ what=139286 when=-2ms arg2=25 }
D/NetUpdate( 2093): progressValue--->0
D/NetUpdate( 2093): mWriteSD--->true
D/NetUpdate( 2093): mBootCheckZipExist--->false
D/NetUpdate( 2093): progressValue--->0
D/NetUpdate( 2093): mWriteSD--->true
D/NetUpdate( 2093): mBootCheckZipExist--->false
D/NetUpdate( 2093): progressValue--->0
D/NetUpdate( 2093): mWriteSD--->true
D/NetUpdate( 2093): mBootCheckZipExist--->false
D/NetUpdate( 2093): progressValue--->0
D/NetUpdate( 2093): mWriteSD--->true
D/NetUpdate( 2093): mBootCheckZipExist--->false
I/wpa_supplicant(29503): wfd0: P2P-DEVICE-FOUND 02:90:4c:78:03:ff p2p_dev_addr=02:90:4c:78:03:ff pri_dev_type=10-0050F204-5 name='Android_1860' config_methods=0x188 dev_capab=0x24 group_capab=0x0 wfd_dev_info=0x0000060010216a0014
D/WifiP2pService(  945): InactiveState{ what=147477 when=0 obj=Device: Android_1860
D/WifiP2pService(  945):  deviceAddress: 02:90:4c:78:03:ff
D/WifiP2pService(  945):  primary type: 10-0050F204-5
D/WifiP2pService(  945):  secondary type: null
D/WifiP2pService(  945):  wps: 392
D/WifiP2pService(  945):  grpcapab: 0
D/WifiP2pService(  945):  devcapab: 36
D/WifiP2pService(  945):  status: 3
D/WifiP2pService(  945):  wfdInfo: WFD enabled: trueWFD DeviceInfo: 16
D/WifiP2pService(  945):  WFD CtrlPort: 8554
D/WifiP2pService(  945):  WFD MaxThroughput: 20 }
D/MiracastControl( 1620): android.net.wifi.p2p.PEERS_CHANGED
I/TabletStatusBar( 1155): receiver broadcast
D/WifiDirectSetting( 2093): --------------WIFI_P2P_PEERS_CHANGED_ACTION
D/WifiP2pService(  945): P2pEnabledState{ what=147477 when=0 obj=Device: Android_1860
D/WifiP2pService(  945):  deviceAddress: 02:90:4c:78:03:ff
D/WifiP2pService(  945):  primary type: 10-0050F204-5
D/WifiP2pService(  945):  secondary type: null
D/WifiP2pService(  945):  wps: 392
D/WifiP2pService(  945):  grpcapab: 0
D/WifiP2pService(  945):  devcapab: 36
D/WifiP2pService(  945):  status: 3
D/WifiP2pService(  945):  wfdInfo: WFD enabled: trueWFD DeviceInfo: 16
D/WifiP2pService(  945):  WFD CtrlPort: 8554
D/WifiP2pService(  945):  WFD MaxThroughput: 20 }
D/WifiP2pService(  945): InactiveState{ what=139286 when=-1ms arg2=33 }
D/WifiP2pService(  945): P2pEnabledState{ what=139286 when=-1ms arg2=33 }
D/WifiP2pService(  945): DefaultState{ what=139286 when=-1ms arg2=33 }
D/WifiDirectSetting( 2093): peer=Device: Android_5e77
D/WifiDirectSetting( 2093):  deviceAddress: 02:90:4c:00:03:10
D/WifiDirectSetting( 2093):  primary type: 10-0050F204-5
D/WifiDirectSetting( 2093):  secondary type: null
D/WifiDirectSetting( 2093):  wps: 392
D/WifiDirectSetting( 2093):  grpcapab: 0
D/WifiDirectSetting( 2093):  devcapab: 36
D/WifiDirectSetting( 2093):  status: 3
D/WifiDirectSetting( 2093):  wfdInfo: WFD enabled: trueWFD DeviceInfo: 16
D/WifiDirectSetting( 2093):  WFD CtrlPort: 8554
D/WifiDirectSetting( 2093):  WFD MaxThroughput: 20
D/WifiDirectSetting( 2093): peer=Device: Android_1860
D/WifiDirectSetting( 2093):  deviceAddress: 02:90:4c:78:03:ff
D/WifiDirectSetting( 2093):  primary type: 10-0050F204-5
D/WifiDirectSetting( 2093):  secondary type: null
D/WifiDirectSetting( 2093):  wps: 392
D/WifiDirectSetting( 2093):  grpcapab: 0
D/WifiDirectSetting( 2093):  devcapab: 36
D/WifiDirectSetting( 2093):  status: 3
D/WifiDirectSetting( 2093):  wfdInfo: WFD enabled: trueWFD DeviceInfo: 16
D/WifiDirectSetting( 2093):  WFD CtrlPort: 8554
D/WifiDirectSetting( 2093):  WFD MaxThroughput: 20
D/WifiDirectSetting( 2093): mPeers.size=1
D/WifiP2pService(  945): InactiveState{ what=139286 when=-1ms arg2=26 }
D/WifiP2pService(  945): P2pEnabledState{ what=139286 when=-1ms arg2=26 }
D/WifiP2pService(  945): DefaultState{ what=139286 when=-1ms arg2=26 }
D/NetUpdate( 2093): progressValue--->0
D/NetUpdate( 2093): mWriteSD--->true
D/NetUpdate( 2093): mBootCheckZipExist--->false
I/wpa_supplicant(29503): wfd0: P2P-DEVICE-FOUND 02:90:4c:78:01:93 p2p_dev_addr=02:90:4c:78:01:93 pri_dev_type=10-0050F204-5 name='Android_aa99' config_methods=0x188 dev_capab=0x24 group_capab=0x0 wfd_dev_info=0x0000060010216a0014
I/TabletStatusBar( 1155): receiver broadcast
D/WifiP2pService(  945): InactiveState{ what=147477 when=0 obj=Device: Android_aa99
D/WifiP2pService(  945):  deviceAddress: 02:90:4c:78:01:93
D/WifiP2pService(  945):  primary type: 10-0050F204-5
D/WifiP2pService(  945):  secondary type: null
D/WifiP2pService(  945):  wps: 392
D/WifiP2pService(  945):  grpcapab: 0
D/WifiP2pService(  945):  devcapab: 36
D/WifiP2pService(  945):  status: 3
D/WifiP2pService(  945):  wfdInfo: WFD enabled: trueWFD DeviceInfo: 16
D/WifiP2pService(  945):  WFD CtrlPort: 8554
D/WifiP2pService(  945):  WFD MaxThroughput: 20 }
D/WifiP2pService(  945): P2pEnabledState{ what=147477 when=-1ms obj=Device: Android_aa99
D/WifiP2pService(  945):  deviceAddress: 02:90:4c:78:01:93
D/WifiP2pService(  945):  primary type: 10-0050F204-5
D/WifiP2pService(  945):  secondary type: null
D/WifiP2pService(  945):  wps: 392
D/WifiP2pService(  945):  grpcapab: 0
D/WifiP2pService(  945):  devcapab: 36
D/WifiP2pService(  945):  status: 3
D/WifiP2pService(  945):  wfdInfo: WFD enabled: trueWFD DeviceInfo: 16
D/WifiP2pService(  945):  WFD CtrlPort: 8554
D/WifiP2pService(  945):  WFD MaxThroughput: 20 }
D/MiracastControl( 1620): android.net.wifi.p2p.PEERS_CHANGED
D/WifiDirectSetting( 2093): --------------WIFI_P2P_PEERS_CHANGED_ACTION
D/WifiP2pService(  945): InactiveState{ what=139286 when=-1ms arg2=34 }
D/WifiP2pService(  945): P2pEnabledState{ what=139286 when=-1ms arg2=34 }
D/WifiP2pService(  945): DefaultState{ what=139286 when=-1ms arg2=34 }
D/WifiP2pService(  945): InactiveState{ what=139286 when=-1ms arg2=27 }
D/WifiP2pService(  945): P2pEnabledState{ what=139286 when=-1ms arg2=27 }
D/WifiP2pService(  945): DefaultState{ what=139286 when=-1ms arg2=27 }
D/WifiDirectSetting( 2093): peer=Device: Android_5e77
D/WifiDirectSetting( 2093):  deviceAddress: 02:90:4c:00:03:10
D/WifiDirectSetting( 2093):  primary type: 10-0050F204-5
D/WifiDirectSetting( 2093):  secondary type: null
D/WifiDirectSetting( 2093):  wps: 392
D/WifiDirectSetting( 2093):  grpcapab: 0
D/WifiDirectSetting( 2093):  devcapab: 36
D/WifiDirectSetting( 2093):  status: 3
D/WifiDirectSetting( 2093):  wfdInfo: WFD enabled: trueWFD DeviceInfo: 16
D/WifiDirectSetting( 2093):  WFD CtrlPort: 8554
D/WifiDirectSetting( 2093):  WFD MaxThroughput: 20
D/WifiDirectSetting( 2093): peer=Device: Android_1860
D/WifiDirectSetting( 2093):  deviceAddress: 02:90:4c:78:03:ff
D/WifiDirectSetting( 2093):  primary type: 10-0050F204-5
D/WifiDirectSetting( 2093):  secondary type: null
D/WifiDirectSetting( 2093):  wps: 392
D/WifiDirectSetting( 2093):  grpcapab: 0
D/WifiDirectSetting( 2093):  devcapab: 36
D/WifiDirectSetting( 2093):  status: 3
D/WifiDirectSetting( 2093):  wfdInfo: WFD enabled: trueWFD DeviceInfo: 16
D/WifiDirectSetting( 2093):  WFD CtrlPort: 8554
D/WifiDirectSetting( 2093):  WFD MaxThroughput: 20
D/WifiDirectSetting( 2093): peer=Device: Android_aa99
D/WifiDirectSetting( 2093):  deviceAddress: 02:90:4c:78:01:93
D/WifiDirectSetting( 2093):  primary type: 10-0050F204-5
D/WifiDirectSetting( 2093):  secondary type: null
D/WifiDirectSetting( 2093):  wps: 392
D/WifiDirectSetting( 2093):  grpcapab: 0
D/WifiDirectSetting( 2093):  devcapab: 36
D/WifiDirectSetting( 2093):  status: 3
D/WifiDirectSetting( 2093):  wfdInfo: WFD enabled: trueWFD DeviceInfo: 16
D/WifiDirectSetting( 2093):  WFD CtrlPort: 8554
D/WifiDirectSetting( 2093):  WFD MaxThroughput: 20
D/WifiDirectSetting( 2093): mPeers.size=2
D/NetUpdate( 2093): progressValue--->0
D/NetUpdate( 2093): mWriteSD--->true
D/NetUpdate( 2093): mBootCheckZipExist--->false
I/wpa_supplicant(29503): wfd0: P2P-DEVICE-FOUND 02:90:4c:78:04:c3 p2p_dev_addr=02:90:4c:78:04:c3 pri_dev_type=10-0050F204-5 name='Android_d550' config_methods=0x188 dev_capab=0x24 group_capab=0x0 wfd_dev_info=0x0000060010216a0014
I/TabletStatusBar( 1155): receiver broadcast
D/MiracastControl( 1620): android.net.wifi.p2p.PEERS_CHANGED
D/WifiDirectSetting( 2093): --------------WIFI_P2P_PEERS_CHANGED_ACTION
D/WifiP2pService(  945): InactiveState{ what=147477 when=0 obj=Device: Android_d550
D/WifiP2pService(  945):  deviceAddress: 02:90:4c:78:04:c3
D/WifiP2pService(  945):  primary type: 10-0050F204-5
D/WifiP2pService(  945):  secondary type: null
D/WifiP2pService(  945):  wps: 392
D/WifiP2pService(  945):  grpcapab: 0
D/WifiP2pService(  945):  devcapab: 36
D/WifiP2pService(  945):  status: 3
D/WifiP2pService(  945):  wfdInfo: WFD enabled: trueWFD DeviceInfo: 16
D/WifiP2pService(  945):  WFD CtrlPort: 8554
D/WifiP2pService(  945):  WFD MaxThroughput: 20 }
D/WifiP2pService(  945): P2pEnabledState{ what=147477 when=-1ms obj=Device: Android_d550
D/WifiP2pService(  945):  deviceAddress: 02:90:4c:78:04:c3
D/WifiP2pService(  945):  primary type: 10-0050F204-5
D/WifiP2pService(  945):  secondary type: null
D/WifiP2pService(  945):  wps: 392
D/WifiP2pService(  945):  grpcapab: 0
D/WifiP2pService(  945):  devcapab: 36
D/WifiP2pService(  945):  status: 3
D/WifiP2pService(  945):  wfdInfo: WFD enabled: trueWFD DeviceInfo: 16
D/WifiP2pService(  945):  WFD CtrlPort: 8554
D/WifiP2pService(  945):  WFD MaxThroughput: 20 }
D/WifiP2pService(  945): InactiveState{ what=139286 when=0 arg2=35 }
D/WifiP2pService(  945): P2pEnabledState{ what=139286 when=-1ms arg2=35 }
D/WifiP2pService(  945): DefaultState{ what=139286 when=-1ms arg2=35 }
D/WifiP2pService(  945): InactiveState{ what=139286 when=-3ms arg2=28 }
D/WifiP2pService(  945): P2pEnabledState{ what=139286 when=-3ms arg2=28 }
D/WifiP2pService(  945): DefaultState{ what=139286 when=-3ms arg2=28 }
D/WifiDirectSetting( 2093): peer=Device: Android_5e77
D/WifiDirectSetting( 2093):  deviceAddress: 02:90:4c:00:03:10
D/WifiDirectSetting( 2093):  primary type: 10-0050F204-5
D/WifiDirectSetting( 2093):  secondary type: null
D/WifiDirectSetting( 2093):  wps: 392
D/WifiDirectSetting( 2093):  grpcapab: 0
D/WifiDirectSetting( 2093):  devcapab: 36
D/WifiDirectSetting( 2093):  status: 3
D/WifiDirectSetting( 2093):  wfdInfo: WFD enabled: trueWFD DeviceInfo: 16
D/WifiDirectSetting( 2093):  WFD CtrlPort: 8554
D/WifiDirectSetting( 2093):  WFD MaxThroughput: 20
D/WifiDirectSetting( 2093): peer=Device: Android_1860
D/WifiDirectSetting( 2093):  deviceAddress: 02:90:4c:78:03:ff
D/WifiDirectSetting( 2093):  primary type: 10-0050F204-5
D/WifiDirectSetting( 2093):  secondary type: null
D/WifiDirectSetting( 2093):  wps: 392
D/WifiDirectSetting( 2093):  grpcapab: 0
D/WifiDirectSetting( 2093):  devcapab: 36
D/WifiDirectSetting( 2093):  status: 3
D/WifiDirectSetting( 2093):  wfdInfo: WFD enabled: trueWFD DeviceInfo: 16
D/WifiDirectSetting( 2093):  WFD CtrlPort: 8554
D/WifiDirectSetting( 2093):  WFD MaxThroughput: 20
D/WifiDirectSetting( 2093): peer=Device: Android_aa99
D/WifiDirectSetting( 2093):  deviceAddress: 02:90:4c:78:01:93
D/WifiDirectSetting( 2093):  primary type: 10-0050F204-5
D/WifiDirectSetting( 2093):  secondary type: null
D/WifiDirectSetting( 2093):  wps: 392
D/WifiDirectSetting( 2093):  grpcapab: 0
D/WifiDirectSetting( 2093):  devcapab: 36
D/WifiDirectSetting( 2093):  status: 3
D/WifiDirectSetting( 2093):  wfdInfo: WFD enabled: trueWFD DeviceInfo: 16
D/WifiDirectSetting( 2093):  WFD CtrlPort: 8554
D/WifiDirectSetting( 2093):  WFD MaxThroughput: 20
D/WifiDirectSetting( 2093): peer=Device: Android_d550
D/WifiDirectSetting( 2093):  deviceAddress: 02:90:4c:78:04:c3
D/WifiDirectSetting( 2093):  primary type: 10-0050F204-5
D/WifiDirectSetting( 2093):  secondary type: null
D/WifiDirectSetting( 2093):  wps: 392
D/WifiDirectSetting( 2093):  grpcapab: 0
D/WifiDirectSetting( 2093):  devcapab: 36
D/WifiDirectSetting( 2093):  status: 3
D/WifiDirectSetting( 2093):  wfdInfo: WFD enabled: trueWFD DeviceInfo: 16
D/WifiDirectSetting( 2093):  WFD CtrlPort: 8554
D/WifiDirectSetting( 2093):  WFD MaxThroughput: 20
D/WifiDirectSetting( 2093): mPeers.size=3
D/dalvikvm(29217): GC_CONCURRENT freed 2013K, 47% free 7256K/13443K, paused 2ms+3ms
D/NetUpdate( 2093): progressValue--->0
D/NetUpdate( 2093): mWriteSD--->true
D/NetUpdate( 2093): mBootCheckZipExist--->false
I/wpa_supplicant(29503): wfd0: P2P-GO-NEG-REQUEST 02:90:4c:78:03:ff dev_passwd_id=4
D/WifiP2pService(  945): InactiveState{ what=147479 when=0 obj=
D/WifiP2pService(  945):  address: 02:90:4c:78:03:ff
D/WifiP2pService(  945):  wps:  setup: 0
D/WifiP2pService(  945):  BSSID: null
D/WifiP2pService(  945):  pin: null
D/WifiP2pService(  945): IP assignment: UNASSIGNED
D/WifiP2pService(  945): Proxy settings: UNASSIGNED
D/WifiP2pService(  945): LinkAddresses: [] Routes: [] DnsAddresses: [] 
D/WifiP2pService(  945): 
D/WifiP2pService(  945):  groupOwnerIntent: 14
D/WifiP2pService(  945):  persist: SYSTEM_DEFAULT
D/WifiP2pService(  945):  freq: 5180 }
D/WifiP2pService(  945): UserAuthorizingGroupNegotiationState
D/WifiP2pService(  945)[156770.263097] Invalid country length
: UserAuthorizingGroupNegotiationState{ what=143366 when=0 }
D/WifiP2pService(  945): UserAuthorizingGroupNegotiationState{ what=139274 when=0 obj=
D/WifiP2pService(  945):  address: 02:90:4c:78:03:ff
D/WifiP2pService(  945):  wps:  setup: 0
D/WifiP2pService(  945):  BSSID: null
D/WifiP2pService(  945):  pin: null
D/WifiP2pService(  945): IP assignment: UNASSIGNED
D/WifiP2pService(  945): Proxy settings: UNASSIGNED
D/WifiP2pService(  945): LinkAddresses: [] Routes: [] DnsAddresses: [] 
D/WifiP2pService(  945): 
D/WifiP2pService(  945):  groupOwnerIntent: 14
D/WifiP2pService(  945):  persist: SYSTEM_DEFAULT
D/WifiP2pService(  945):  freq: 5180 }
D/WifiP2pService(  945): InactiveState{ what=139274 when=0 obj=
D/WifiP2pService(  945):  address: 02:90:4c:78:03:ff
D/WifiP2pService(  945):  wps:  setup: 0
D/WifiP2pService(  945):  BSSID: null
D/WifiP2pService(  945):  pin: null
D/WifiP2pService(  945): IP assignment: UNASSIGNED
D/WifiP2pService(  945): Proxy settings: UNASSIGNED
D/WifiP2pService(  945): LinkAddresses: [] Routes: [] DnsAddresses: [] 
D/WifiP2pService(  945): 
D/WifiP2pService(  945):  groupOwnerIntent: 14
D/WifiP2pService(  945):  persist: SYSTEM_DEFAULT
D/WifiP2pService(  945):  freq: 5180 }
D/WifiP2pService(  945): P2pEnabledState{ what=139274 when=-1ms obj=
D/WifiP2pService(  945):  address: 02:90:4c:78:03:ff
D/WifiP2pService(  945):  wps:  setup: 0
D/WifiP2pService(  945):  BSSID: null
D/WifiP2pService(  945):  pin: null
D/WifiP2pService(  945): IP assignment: UNASSIGNED
D/WifiP2pService(  945): Proxy settings: UNASSIGNED
D/WifiP2pService(  945): LinkAddresses: [] Routes: [] DnsAddresses: [] 
D/WifiP2pService(  945): 
D/WifiP2pService(  945):  groupOwnerIntent: 14
D/WifiP2pService(  945):  persist: SYSTEM_DEFAULT
D/WifiP2pService(  945):  freq: 5180 }
D/WifiP2pService(  945): P2pEnabledState sending connect
E/wpa_supplicant(29503): wpa_driver_nl80211_driver_cmd: failed to issue private commands
E/wpa_supplicant(29503): ret = -1 (Operation not permitted)
I/WifiNative(  945): when p2pconnect groupOwnerIntent :14; freq :-1
D/WifiNative(  945): P2P_CONNECT 02:90:4c:78:03:ff pbc go_intent=14 
D/MiracastControl( 1620): android.net.wifi.p2p.PEERS_CHANGED
I/TabletStatusBar( 1155): receiver broadcast
D/WifiDirectSetting( 2093): --------------WIFI_P2P_PEERS_CHANGED_ACTION
D/WifiP2pService(  945): GroupNegotiationState
D/WifiP2pService(  945): GroupNegotiationState{ what=139286 when=-1ms arg2=36 }
D/WifiP2pService(  945): P2pEnabledState{ what=139286 when=-1ms arg2=36 }
D/WifiP2pService(  945): DefaultState{ what=139286 when=-1ms arg2=36 }
D/WifiP2pService(  945): GroupNegotiationState{ what=139286 when=-1ms arg2=29 }
D/WifiP2pService(  945): P2pEnabledState{ what=139286 when=-1ms arg2=29 }
D/WifiP2pService(  945): DefaultState{ what=139286 when=-1ms arg2=29 }
D/WifiDirectSetting( 2093): peer=Device: Android_5e77
D/WifiDirectSetting( 2093):  deviceAddress: 02:90:4c:00:03:10
D/WifiDirectSetting( 2093):  primary type: 10-0050F204-5
D/WifiDirectSetting( 2093):  secondary type: null
D/WifiDirectSetting( 2093):  wps: 392
D/WifiDirectSetting( 2093):  grpcapab: 0
D/WifiDirectSetting( 2093):  devcapab: 36
D/WifiDirectSetting( 2093):  status: 3
D/WifiDirectSetting( 2093):  wfdInfo: WFD enabled: trueWFD DeviceInfo: 16
D/WifiDirectSetting( 2093):  WFD CtrlPort: 8554
D/WifiDirectSetting( 2093):  WFD MaxThroughput: 20
D/WifiDirectSetting( 2093): peer=Device: Android_1860
D/WifiDirectSetting( 2093):  deviceAddress: 02:90:4c:78:03:ff
D/WifiDirectSetting( 2093):  primary type: 10-0050F204-5
D/WifiDirectSetting( 2093):  secondary type: null
D/WifiDirectSetting( 2093):  wps: 392
D/WifiDirectSetting( 2093):  grpcapab: 0
D/WifiDirectSetting( 2093):  devcapab: 36
D/WifiDirectSetting( 2093):  status: 1
D/WifiDirectSetting( 2093):  wfdInfo: WFD enabled: trueWFD DeviceInfo: 16
D/WifiDirectSetting( 2093):  WFD CtrlPort: 8554
D/WifiDirectSetting( 2093):  WFD MaxThroughput: 20
D/WifiDirectSetting( 2093): peer=Device: Android_aa99
D/WifiDirectSetting( 2093):  deviceAddress: 02:90:4c:78:01:93
D/WifiDirectSetting( 2093):  primary type: 10-0050F204-5
D/WifiDirectSetting( 2093):  secondary type: null
D/WifiDirectSetting( 2093):  wps: 392
D/WifiDirectSetting( 2093):  grpcapab: 0
D/WifiDirectSetting( 2093):  devcapab: 36
D/WifiDirectSetting( 2093):  status: 3
D/WifiDirectSetting( 2093):  wfdInfo: WFD enabled: trueWFD DeviceInfo: 16
D/WifiDirectSetting( 2093):  WFD CtrlPort: 8554
D/WifiDirectSetting( 2093):  WFD MaxThroughput: 20
D/WifiDirectSetting( 2093): peer=Device: Android_d550
D/WifiDirectSetting( 2093):  deviceAddress: 02:90:4c:78:04:c3
D/WifiDirectSetting( 2093):  primary type: 10-0050F204-5
D/WifiDirectSetting( 2093):  secondary type: null
D/WifiDirectSetting( 2093):  wps: 392
D/WifiDirectSetting( 2093):  grpcapab: 0
D/WifiDirectSetting( 2093):  devcapab: 36
D/WifiDirectSetting( 2093):  status: 3
D/WifiDirectSetting( 2093):  wfdInfo: WFD enabled: trueWFD DeviceInfo: 16
D/WifiDirectSetting( 2093):  WFD CtrlPort: 8554
D/WifiDirectSetting( 2093):  WFD MaxThroughput: 20
D/WifiDirectSetting( 2093): mPeers.size=4
D/NetUpdate( 2093): progressValue--->0
D/NetUpdate( 2093): mWriteSD--->true
D/NetUpdate( 2093): mBootCheckZipExist--->false
D/HomePlayerLib(29217): hostaddress count is 1
D/dalvikvm(29217): GC_CONCURRENT freed 1978K, 46% free 7320K/13443K, paused 2ms+3ms
D/NetUpdate( 2093): progressValue--->0
D/NetUpdate( 2093): mWriteSD--->true
D/NetUpdate( 2093): mBootCheckZipExist--->false
D/dalvikvm(29217): GC_CONCURRENT freed 2030K, 45% free 7507K/13443K, paused 2ms+7ms
D/NetUpdate( 2093): progressValue--->0
D/NetUpdate( 2093): mWriteSD--->true
D/NetUpdate( 2093): mBootCheckZipExist--->false
D/NetUpdate( 2093): progressValue--->0
D/NetUpdate( 2093): mWriteSD--->true
D/NetUpdate( 2093): mBootCheckZipExist--->false
D/NetUpdate( 2093): progressValue--->0
D/NetUpdate( 2093): mWriteSD--->true
D/NetUpdate( 2093): mBootCheckZipExist--->false
D/NetUpdate( 2093): progressValue--->0
D/NetUpdate( 2093): mWriteSD--->true
D/NetUpdate( 2093): mBootCheckZipExist--->false
D/NetUpdate( 2093): progressValue--->0
D/NetUpdate( 2093): mWriteSD--->true
D/NetUpdate( 2093): mBootCheckZipExist--->false
D/NetUpdate( 2093): progressValue--->0
D/NetUpdate( 2093): mWriteSD--->true
D/NetUpdate( 2093): mBootCheckZipExist--->false
D/NetUpdate( 2093): progressValue--->0
D/NetUpdate( 2093): mWriteSD--->true
D/NetUpdate( 2093): mBootCheckZipExist--->false
D/NetUpdate( 2093): progressValue--->0
D/NetUpdate( 2093): mWriteSD--->true
D/NetUpdate( 2093): mBootCheckZipExist--->false
D/NetUpdate( 2093): progressValue--->0
D/NetUpdate( 2093): mWriteSD--->true
D/NetUpdate( 2093): mBootCheckZipExist--->false
D/NetUpdate( 2093): progressValue--->0
D/NetUpdate( 2093): mWriteSD--->true
D/NetUpdate( 2093): mBootCheckZipExist--->false
D/NetUpdate( 2093): progressValue--->0
D/NetUpdate( 2093): mWriteSD--->true
D/NetUpdate( 2093): mBootCheckZipExist--->false
D/NetUpdate( 2093): progressValue--->0
D/NetUpdate( 2093): mWriteSD--->true
D/NetUpdate( 2093): mBootCheckZipExist--->false
D/dalvikvm(29217): GC_CONCURRENT freed 2213K, 46% free 7336K/13443K, paused 2ms+3ms
D/dalvikvm(29217): GC_CONCURRENT freed 2038K, 47% free 7230K/13443K, paused 2ms+3ms
D/NetUpdate( 2093): progressValue--->0
D/NetUpdate( 2093): mWriteSD--->true
D/NetUpdate( 2093): mBootCheckZipExist--->false
D/dalvikvm(29217): GC_CONCURRENT freed 1949K, 46% free 7324K/13443K, paused 3ms+4ms
D/NetUpdate( 2093): progressValue--->0
D/NetUpdate( 2093): mWriteSD--->true
D/NetUpdate( 2093): mBootCheckZipExist--->false
D/HomePlayerLib(29217): hostaddress count is 1
D/dalvikvm(29217): GC_CONCURRENT freed 2029K, 47% free 7220K/13443K, paused 2ms+3ms
D/dalvikvm(29217): GC_CONCURRENT freed 1934K, 46% free 7270K/13443K, paused 2ms+3ms
D/NetUpdate( 2093): progressValue--->0
D/NetUpdate( 2093): mWriteSD--->true
D/NetUpdate( 2093): mBootCheckZipExist--->false
D/NetUpdate( 2093): progressValue--->0
D/NetUpdate( 2093): mWriteSD--->true
D/NetUpdate( 2093): mBootCheckZipExist--->false
D/NetUpdate( 2093): progressValue--->0
D/NetUpdate( 2093): mWriteSD--->true
D/NetUpdate( 2093): mBootCheckZipExist--->false
D/NetUpdate( 2093): progressValue--->0
D/NetUpdate( 2093): mWriteSD--->true
D/NetUpdate( 2093): mBootCheckZipExist--->false
D/NetUpdate( 2093): progressValue--->0
D/NetUpdate( 2093): mWriteSD--->true
D/NetUpdate( 2093): mBootCheckZipExist--->false
D/NetUpdate( 2093): progressValue--->0
D/NetUpdate( 2093): mWriteSD--->true
D/NetUpdate( 2093): mBootCheckZipExist--->false
D/NetUpdate( 2093): progressValue--->0
D/NetUpdate( 2093): mWriteSD--->true
D/NetUpdate( 2093): mBootCheckZipExist--->false
D/NetUpdate( 2093): progressValue--->0
D/NetUpdate( 2093): mWriteSD--->true
D/NetUpdate( 2093): mBootCheckZipExist--->false
D/NetUpdate( 2093): progressValue--->0
D/NetUpdate( 2093): mWriteSD--->true
D/NetUpdate( 2093): mBootCheckZipExist--->false
D/NetUpdate( 2093): progressValue--->0
D/NetUpdate( 2093): mWriteSD--->true
D/NetUpdate( 2093): mBootCheckZipExist--->false
D/dalvikvm(29217): GC_CONCURRENT freed 1986K, 46% free 7338K/13443K, paused 2ms+3ms
D/NetUpdate( 2093): progressValue--->0
D/NetUpdate( 2093): mWriteSD--->true
D/NetUpdate( 2093): mBootCheckZipExist--->false
I/wpa_supplicant(29503): wfd0: P2P-GO-NEG-SUCCESS 
D/WifiP2pService(  945): GroupNegotiationState{ what=147481 when=0 }
D/WifiP2pService(  945): GroupNegotiationState go success
D/WifiP2pService(  945): GroupNegotiationState{ what=147462 when=0 obj=android.net.wifi.StateChangeResult@417d0da8 }
D/WifiP2pService(  945): P2pEnabledState{ what=147462 when=0 obj=android.net.wifi.StateChangeResult@417d0da8 }
D/WifiP2pService(  945): DefaultState{ what=147462 when=0 obj=android.net.wifi.StateChangeResult@417d0da8 }
E/WifiP2pService(  945): Unhandled message { what=147462 when=0 obj=android.net.wifi.StateChangeResult@417d0da8 }
E/wpa_supplicant(29503): Failed to create interface m.wfd0: -95 (Operation not supported on transport endpoint)
W/wpa_supplicant(29503): nl80211: Driver does not support monitor interface type - try to run without it
E/wpa_supplicant(29503): Failed to update rate sets in kernel module
W/wpa_supplicant(29503): Could not connect to kernel driver.
E/wpa_supplicant(29503): Using interface wfd0 with hwaddr a6:a8:20:13:03:6e and ssid 'DIRECT-E6'
E/wpa_supplicant(29503): random: Cannot read from /dev/random: Try again
I/wpa_supplicant(29503): random: Only 18/20 bytes of strong random data available from /dev/random
I/wpa_supplicant(29503): random: Not enough entropy pool available for secure operations
I/wpa_supplicant(29503): WPA: Not enough entropy in random pool for secure operations - update keys later when the first station connects
E/wpa_supplicant(29503): WPA initialization failed.
E/wpa_supplicant(29503): wfd0: Unable to setup interface.
E/wpa_supplicant(29503): Failed to initialize AP interface
W/wpa_supplicant(29503): Could not connect to kernel driver.
D/NetUpdate( 2093): progressValue--->0
D/NetUpdate( 2093): mWriteSD--->true
D/NetUpdate( 2093): mBootCheckZipExist--->false
D/NetUpdate( 2093): progressValue--->0
D/NetUpdate( 2093): mWriteSD--->true
D/NetUpdate( 2093): mBootCheckZipExist--->false
D/HomePlayerLib(29217): hostaddress count is 1
D/dalvikvm(29217): GC_CONCURRENT freed 2060K, 46% free 7351K/13443K, paused 3ms+4ms
D/dalvikvm(29217): GC_CONCURRENT freed 2067K, 46% free 7331K/13443K, paused 3ms+3ms
D/NetUpdate( 2093): progressValue--->0
D/NetUpdate( 2093): mWriteSD--->true
D/NetUpdate( 2093): mBootCheckZipExist--->false
D/NetUpdate( 2093): progressValue--->0
D/NetUpdate( 2093): mWriteSD--->true
D/NetUpdate( 2093): mBootCheckZipExist--->false
D/NetUpdate( 2093): progressValue--->0
D/NetUpdate( 2093): mWriteSD--->true
D/NetUpdate( 2093): mBootCheckZipExist--->false
D/NetUpdate( 2093): progressValue--->0
D/NetUpdate( 2093): mWriteSD--->true
D/NetUpdate( 2093): mBootCheckZipExist--->false
D/NetUpdate( 2093): progressValue--->0
D/NetUpdate( 2093): mWriteSD--->true
D/NetUpdate( 2093): mBootCheckZipExist--->false
D/NetUpdate( 2093): progressValue--->0
D/NetUpdate( 2093): mWriteSD--->true
D/NetUpdate( 2093): mBootCheckZipExist--->false
D/NetUpdate( 2093): progressValue--->0
D/NetUpdate( 2093): mWriteSD--->true
D/NetUpdate( 2093): mBootCheckZipExist--->false
D/dalvikvm(29217): GC_CONCURRENT freed 2051K, 46% free 7273K/13443K, paused 2ms+3ms
D/NetUpdate( 2093): progressValue--->0
D/NetUpdate( 2093): mWriteSD--->true
D/NetUpdate( 2093): mBootCheckZipExist--->false
D/dalvikvm(29217): GC_CONCURRENT freed 1987K, 46% free 7282K/13443K, paused 3ms+4ms
D/NetUpdate( 2093): progressValue--->0
D/NetUpdate( 2093): mWriteSD--->true
D/NetUpdate( 2093): mBootCheckZipExist--->false
D/NetUpdate( 2093): progressValue--->0
D/NetUpdate( 2093): mWriteSD--->true
D/NetUpdate( 2093): mBootCheckZipExist--->false
D/NetUpdate( 2093): progressValue--->0
D/NetUpdate( 2093): mWriteSD--->true
D/NetUpdate( 2093): mBootCheckZipExist--->false
D/dalvikvm(29217): GC_CONCURRENT freed 1992K, 47% free 7213K/13443K, paused 3ms+4ms
D/NetUpdate( 2093): progressValue--->0
D/NetUpdate( 2093): mWriteSD--->true
D/NetUpdate( 2093): mBootCheckZipExist--->false
[156802.689491] IR: [03932] scan key value is 0xed12c936 
[156802.689497]  E/WindowManager(  945): ##############################dispatchUnhandledKey

[156802.741989] IR: [03932] scan key value is 0xed12c936 
[156802.741994]  
[156803.298417] IR: [03932] scan key value is 0xee11c936 
[156803.298423]  
[156803.350922] IR: [03932] scan key value is 0xee11c936 
[156803.350927]  D/HomePlayerLib(29217): hostaddress count is 1
D/NetUpdate( 2093): progressValue--->0
D/NetUpdate( 2093): mWriteSD--->true
D/NetUpdate( 2093): mBootCheckZipExist--->false
D/dalvikvm(29217): GC_CONCURRENT freed 1938K, 47% free 7235K/13443K, paused 3ms+4ms
D/dalvikvm(29217): GC_CONCURRENT freed 1944K, 47% free 7251K/13443K, paused 3ms+3ms
D/NetUpdate( 2093): progressValue--->0
D/NetUpdate( 2093): mWriteSD--->true
D/NetUpdate( 2093): mBootCheckZipExist--->false
D/NetUpdate( 2093): progressValue--->0
D/NetUpdate( 2093): mWriteSD--->true
D/NetUpdate( 2093): mBootCheckZipExist--->false
I/MiracastControl( 1620): Toast time out nNeedToast is :1
D/MiracastControl( 1620): disableWifiP2PMode mIsWifiStaPreEnable:false mIsWifiApPreEnable:true
D/WifiP2pService(  945): GroupNegotiationState{ what=139268 when=0 }
D/WifiP2pService(  945): P2pEnabledState{ what=139268 when=0 }
I/TabletStatusBar( 1155): receiver broadcast
D/WifiDirectSetting( 2093): --------------WIFI_P2P_PEERS_CHANGED_ACTION
D/WifiDirectSetting( 2093): ----------------WIFI_P2P_STATE_CHANGED_ACTION
D/WifiDirectSetting( 2093): handleP2pStateChanged
D/WifiDirectSetting( 2093): WIFI_P2P_STATE_DISABLED and Open wifi
I/TabletStatusBar( 1155): receiver broadcast
I/TabletStatusBar( 1155): the p2pdevices is null or UNAVAILABLE
I/wpa_supplicant(29503): wfd0: P2P-DEVICE-LOST p2p_dev_addr=02:90:4c:78:04:c3
I/wpa_supplicant(29503): wfd0: P2P-D
[156805.794443] Can not set data rate in disconnected state
EVICE-LOST p2p_dev_addr=02:90:4c:78:01:93
I/wpa_supplicant(29503): wfd0: P2P-DEVICE-LOST p2p_dev_addr=02:90:4c:78:03:ff
I/wpa_supplicant(29503): wfd0: P2P-DEVICE-LOST p2p_dev_addr=02:90:4c:00:03:10
D/WifiP2pService(  945): P2pDisablingState
D/WifiP2pService(  945): stopping supplicant
D/WifiP2pService(  945): P2pDisablingState{ what=331907 when=-13ms }
D/WifiP2pService(  945): DefaultState{ what=331907 when=-14ms }
D/WifiP2pService(  945): P2pDisablingState{ what=139286 when=-12ms arg2=30 }
D/WifiP2pService(  945): DefaultState{ what=139286 when=-12ms arg2=30 }
D/WifiP2pService(  945): P2pDisablingState{ what=147478 when=-5ms obj=Device: 
D/WifiP2pService(  945):  deviceAddress: 02:90:4c:78:04:c3
D/WifiP2pService(  945):  primary type: null
D/WifiP2pService(  945):  secondary type: null
D/WifiP2pService(  945):  wps: 0
D/WifiP2pService(  945):  grpcapab: 0
D/WifiP2pService(  945):  devcapab: 0
D/WifiP2pService(  945):  status: 4
D/WifiP2pService(  945):  wfdInfo: null }
D/WifiP2pService(  945): DefaultState{ what=147478 when=-8ms obj=Device: 
D/WifiP2pService(  945):  deviceAddress: 02:90:4c:78:04:c3
D/WifiP2pService(  945):  primary type: null
D/WifiP2pService(  945):  secondary type: null
D/WifiP2pService(  945):  wps: 0
D/WifiP2pService(  945):  grpcapab: 0
D/WifiP2pService(  945):  devcapab: 0
D/WifiP2pService(  945):  status: 4
D/WifiP2pService(  945):  wfdInfo: null }
E/WifiP2pService(  945): Unhandled message { what=147478 when=-8ms obj=Device: 
E/WifiP2pService(  945):  deviceAddress: 02:90:4c:78:04:c3
E/WifiP2pService(  945):  primary type: null
E/WifiP2pService(  945):  secondary type: null
E/WifiP2pService(  945):  wps: 0
E/WifiP2pService(  945):  grpcapab: 0
E/WifiP2pService(  945):  devcapab: 0
E/WifiP2pService(  945):  status: 4
E/WifiP2pService(  945):  wfdInfo: null }
D/WifiP2pService(  945): P2pDisablingState{ what=147478 when=-9ms obj=Device: 
D/WifiP2pService(  945):  deviceAddress: 02:90:4c:78:01:93
D/WifiP2pService(  945):  primary type: null
D/WifiP2pService(  945):  secondary type: null
D/WifiP2pService(  945):  wps: 0
D/WifiP2pService(  945):  grpcapab: 0
D/WifiP2pService(  945):  devcapab: 0
D/WifiP2pService(  945):  status: 4
D/WifiP2pService(  945):  wfdInfo: null }
D/WifiP2pService(  945): DefaultState{ what=147478 when=-11ms obj=Device: 
D/WifiP2pService(  945):  deviceAddress: 02:90:4c:78:01:93
D/WifiP2pService(  945):  primary type: null
D/WifiP2pService(  945):  secondary type: null
D/WifiP2pService(  945):  wps: 0
D/WifiP2pService(  945):  grpcapab: 0
D/WifiP2pService(  945):  devcapab: 0
D/WifiP2pService(  945):  status: 4
D/WifiP2pService(  945):  wfdInfo: null }
E/WifiP2pService(  945): Unhandled message { what=147478 when=-12ms obj=Device: 
E/WifiP2pService(  945):  deviceAddress: 02:90:4c:78:01:93
E/WifiP2pService(  945):  primary type: null
E/WifiP2pService(  945):  secondary type: null
E/WifiP2pService(  945):  wps: 0
E/WifiP2pService(  945):  grpcapab: 0
E/WifiP2pService(  945):  devcapab: 0
E/WifiP2pService(  945):  status: 4
E/WifiP2pService(  945):  wfdInfo: null }
D/WifiP2pService(  945): P2pDisablingState{ what=147478 when=-10ms obj=Device: 
D/WifiP2pService(  945):  deviceAddress: 02:90:4c:78:03:ff
D/WifiP2pService(  945):  primary type: null
D/WifiP2pService(  945):  secondary type: null
D/WifiP2pService(  945):  wps: 0
D/WifiP2pService(  945):  grpcapab: 0
D/WifiP2pService(  945):  devcapab: 0
D/WifiP2pService(  945):  status: 4
D/WifiP2pService(  945):  wfdInfo: null }
D/WifiP2pService(  945): DefaultState{ what=147478 when=-11ms obj=Device: 
D/WifiP2pService(  945):  deviceAddress: 02:90:4c:78:03:ff
D/WifiP2pService(  945):  primary type: null
D/WifiP2pService(  945):  secondary type: null
D/WifiP2pService(  945):  wps: 0
D/WifiP2pService(  945):  grpcapab: 0
D/WifiP2pService(  945):  devcapab: 0
D/WifiP2pService(  945):  status: 4
D/WifiP2pService(  945):  wfdInfo: null }
E/WifiP2pService(  945): Unhandled message { what=147478 when=-17ms obj=Device: 
E/WifiP2pService(  945):  deviceAddress: 02:90:4c:78:03:ff
E/WifiP2pService(  945):  primary type: null
E/WifiP2pService(  945):  secondary type: null
E/WifiP2pService(  945):  wps: 0
E/WifiP2pService(  945):  grpcapab: 0
E/WifiP2pService(  945):  devcapab: 0
E/WifiP2pService(  945):  status: 4
E/WifiP2pService(  945):  wfdInfo: null }
D/WifiP2pService(  945): P2pDisablingState{ what=147478 when=-17ms obj=Device: 
D/WifiP2pService(  945):  deviceAddress: 02:90:4c:00:03:10
D/WifiP2pService(  945):  primary type: null
D/WifiP2pService(  945):  secondary type: null
D/WifiP2pService(  945):  wps: 0
D/WifiP2pService(  945):  grpcapab: 0
D/WifiP2pService(  945):  devcapab: 0
D/WifiP2pService(  945):  status: 4
D/WifiP2pService(  945):  wfdInfo: null }
D/WifiP2pService(  945): DefaultState{ what=147478 when=-17ms obj=Device: 
D/WifiP2pService(  945):  deviceAddress: 02:90:4c:00:03:10
D/WifiP2pService(  945):  primary type: null
D/WifiP2pService(  945):  secondary type: null
D/WifiP2pService(  945):  wps: 0
D/WifiP2pService(  945):  grpcapab: 0
D/WifiP2pService(  945):  devcapab: 0
D/WifiP2pService(  945):  status: 4
D/WifiP2pService(  945):  wfdInfo: null }
E/WifiP2pService(  945): Unhandled message { what=147478 when=-18ms obj=Device: 
E/WifiP2pService(  945):  deviceAddress: 02:90:4c:00:03:10
E/WifiP2pService(  945):  primary type: null
E/WifiP2pService(  945):  secondary type: null
E/WifiP2pService(  945):  wps: 0
E/WifiP2pService(  945):  grpcapab: 0
E/WifiP2pService(  945):  devcapab: 0
E/WifiP2pService(  945):  status: 4
E/WifiP2pService(  945):  wfdInfo: null }
D/WifiP2pService(  945): P2pDisablingState{ what=147462 when=-18ms obj=android.net.wifi.StateChangeResult@416204f0 }
D/WifiP2pService(  945): DefaultState{ what=147462 when=-18ms obj=android.net.wifi.StateChangeResult@416204f0 }
E/WifiP2pService(  945): Unhandled message { what=147462 when=-19ms obj=android.net.wifi.StateChangeResult@416204f0 }
D/WifiP2pService(  945): P2pDisablingState{ what=139268 when=-18ms }
D/WifiDirectSetting( 2093): mPeers.size=4
V/EthernetMonitor(  945): get event 
V/EthernetMonitor(  945): go poll events
I/wpa_supplicant(29503): wfd0: CTRL-EVENT-TERMINATING 
D/WifiP2pService(  945): P2pDisablingState{ what=147458 when=0 }
D/WifiP2pService(  945): Supplicant connection lost
W/GpsLocationProvider(  945): Failed to enable location provider
D/WifiP2pManager( 1620): Ignored { what=139270 when=-115ms }
D/MiracastControl( 1620): android.net.wifi.p2p.PEERS_CHANGED
D/MiracastControl( 1620): android.net.wifi.p2p.STATE_CHANGED
D/NetUpdate( 2093): progressValue--->0
D/NetUpdate( 2093): mWriteSD--->true
D/NetUpdate( 2093): mBootCheckZipExist--->false
E/WifiHW  (  739): wifi_change_fw_path: STA
D/SoftapController(  739): Softap fwReload - Ok
D/WifiP2pService(  945): P2pDis[156806.841188] ADDRCONF(NETDEV_UP): uap0: link is not ready
abledState
D/WifiP2pService(  945): P2pDisabledState{ what=331907 when=-1d19h33m26s823ms }
D/WifiP2pService(  945): P2pDisabledState{ what=139268 when=-1d19h33m26s824ms }
D/WifiP2pService(  945): P2pDisabledState{ what=139286 when=-989ms arg2=37 }
D/WifiP2pService(  945): DefaultState{ what=139286 when=-989ms arg2=37 }
D/WifiApSetting( 2093): handleWifiApStateChanged
D/WifiApSetting( 2093): WIFI_AP_STATE_ENABLING
E/WifiHW  (  945): get_wifi_device_num is 1
D/WifiStateMachine(  945): gary test mWifiApState = 12
D/WifiHW  (  945): wifi_driver has loaded!
I/BootCompletedReceiver(29217): [onReceive] Action??android.net.wifi.WIFI_AP_STATE_CHANGED
V/BootCompletedReceiver(29217): ++++mWifiApState++++12
E/WifiHW  (  739): wifi_change_fw_path: AP
D/SoftapController(  739): Softap fwReload - Ok
V/EthernetMonitor(  945): get event 
V/EthernetMonitor(  945): go poll events
D/NetUpdate( 2093): progressValue--->0
D/NetUpdate( 2093): mWriteSD--->true
D/NetUpdate( 2093): mBootCheckZipExist--->false
D/SoftapController(  739): Softap driver start: 0
D/SoftapController(  739): write cmd interface=uap0
D/SoftapController(  739): driver=nl80211
D/SoftapController(  739): ctrl_interface=/data/misc/wifi/hostapd
D/SoftapController(  739): ssid=tc123
D/SoftapController(  739): channel=149
D/SoftapController(  739): hw_mode=a
D/SoftapController(  739): ieee80211n=1
D/SoftapController(  739): S[156807.686182] ADDRCONF(NETDEV_UP): uap0: link is not ready
oftap startap - Ok
E/hostapd (29511): Configuration file: /data/misc/wifi/hostapd.conf
I/hostapd (29511): rfkill: Cannot open RFKILL control device
V/Etherne[156807.705178] ADDRCONF(NETDEV_CHANGE): uap0: link becomes ready
tMonitor(  945): get event 
V/EthernetMonitor(  945): go poll events
E/hostapd (29511): Failed to create interface mon.uap0: -95 (Operation not supported on transport endpoint)
V/EthernetMonitor(  945): get event 
V/EthernetMonitor(  945): go poll events
W/hostapd (29511): uap0: Could not connect to kernel driver
E/hostapd (29511): Using interface uap0 with hwaddr a4:a8:20:13:03:6e and ssid "tc123"
V/EthernetMonitor(  945): get event 
V/EthernetMonitor(  945): go poll events
D/Tethering(  945): sendTetherStateChangedBroadcast 1, 0, 0
W/NetworkStats(  945): dropping UID delta from unknown iface: iface=uap0 uid=0 set=DEFAULT tag=0x0 rxBytes=0 rxPackets=0 txBytes=80 txPackets=2 operations=0
D/dalvikvm(  945): GC_CONCURRENT freed 963K, 56% free 4913K/10947K, paused 2ms+6ms
D/WifiStateMachine(  945): gary test mWifiApState = 13
D/WifiApSetting( 2093): handleWifiApStateChanged
D/WifiApSetting( 2093): WIFI_AP_STATE_ENABLED
I/BootCompletedReceiver(29217): [onReceive] Action??android.net.wifi.WIFI_AP_STATE_CHANGED
V/BootCompletedReceiver(29217): ++++mWifiApState++++13
W/BootCompletedReceiver(29217): stop mediarenerer because IP changed
D/CommandListener(  739): Setting iface cfg
D/CommandListener(  739): Trying to bring up uap0
D/NetworkManagementService(  945): rsp <213 a4:a8:20:13:03:6e 0.0.0.0 0 [up broadcast running multicast]>
D/NetworkManagementService(  945): flags <[up broadcast running multicast]>
V/EthernetMonitor(  945): get event 
V/EthernetMonitor(  945): go poll events
D/Tethering(  945): Tethering uap0
D/Tethering(  945): InitialState.processMessage what=2
D/Tethering(  945): sendTetherStateChangedBroadcast 0, 0, 0
D/Tethering(  945): Tethered uap0
D/Tethering(  945): sendTetherStateChangedBroadcast 0, 1, 0
I/dalvikvm( 1155): Jit: resizing JitTable from 4096 to 8192
D/Tethering(  945): MasterInitialState.processMessage what=1
D/TetherController(  739): Setting IP forward enable = 1
D/TetherController(  739): Starting tethering services
D/TetherController(  739): Tethering services running
D/TetherController(  739): setDnsForwarders(0 = '8.8.8.8')
D/TetherController(  739): setDnsForwarders(1 = '8.8.4.4')
D/TetherController(  739): Sending update msg to dnsmasq [update_dns:8.8.8.8:8.8.4.4]
D/Tethering(  945): chooseUpstreamType(true), preferredApn =5, got type=9
D/TetherController(  739): setDnsForwarders(0 = '192.168.2.1')
D/TetherController(  739): setDnsForwarders(1 = '192.168.99.5')
D/TetherController(  739): Sending update msg to dnsmasq [update_dns:192.168.2.1:192.168.99.5]
W/NetworkStats(  945): dropping UID delta from unknown iface: iface=uap0 uid=0 set=DEFAULT tag=0x0 rxBytes=0 rxPackets=0 txBytes=80 txPackets=2 operations=0
D/Tethering(  945): notifying tethered with iface =eth0
D/Tethering(  945): TetheredState.processMessage what=12
D/dalvikvm(29217): GC_CONCURRENT freed 1933K, 46% free 7362K/13443K, paused 4ms+4ms
I/dnsmasq (29513): started, version 2.51 cachesize 150
I/dnsmasq (29513): compile time options: no-IPv6 GNU-getopt no-DBus no-I18N DHCP no-scripts no-TFTP
W/dnsmasq (29513): warning: no upstream servers configured
I/dnsmasq (29513): DHCP, IP range 192.168.48.2 -- 192.168.48.254, lease time 1h
I/dnsmasq (29513): DHCP, IP range 192.168.47.2 -- 192.168.47.254, lease time 1h
I/dnsmasq (29513): DHCP, IP range 192.168.46.2 -- 192.168.46.254, lease time 1h
I/dnsmasq (29513): DHCP, IP range 192.168.45.2 -- 192.168.45.254, lease time 1h
I/dnsmasq (29513): DHCP, IP range 192.168.44.2 -- 192.168.44.254, lease time 1h
I/dnsmasq (29513): DHCP, IP range 192.168.43.2 -- 192.168.43.254, lease time 1h
I/dnsmasq (29513): DHCP, IP range 192.168.42.2 -- 192.168.42.254, lease time 1h
I/dnsmasq (29513): read /etc/hosts - 1 addresses
I/dnsmasq (29513): using nameserver 8.8.4.4#53
I/dnsmasq (29513): using nameserver 8.8.8.8#53
D/HomePlayerLib(29217): hostaddress count is 2
D/dalvikvm(29217): GC_CONCURRENT freed 2039K, 46% free 7279K/13443K, paused 2ms+3ms
D/NetUpdate( 2093): progressValue--->0
D/NetUpdate( 2093): mWriteSD--->true
D/NetUpdate( 2093): mBootCheckZipExist--->false
D/NetUpdate( 2093): progressValue--->0
D/NetUpdate( 2093): mWriteSD--->true
D/NetUpdate( 2093): mBootCheckZipExist--->false
D/dalvikvm(29217): GC_CONCURRENT freed 1949K, 46% free 7282K/13443K, paused 2ms+3ms
D/dalvikvm(29217): GC_CONCURRENT freed 1959K, 46% free 7284K/13443K, paused 2ms+3ms
D/HomePlayerLib(29217): MediaRenderer will start with ip addrss 192.168.2.6
D/HomePlayerLib(29217): hostaddress count is 2
D/dalvikvm(29217): GC_CONCURRENT freed 1969K, 46% free 7316K/13443K, paused 2ms+3ms
D/HomePlayerLib(29217): hostaddress count is 2
D/NetUpdate( 2093): progressValue--->0
D/NetUpdate( 2093): mWriteSD--->true
D/NetUpdate( 2093): mBootCheckZipExist--->false
D/NetUpdate( 2093): progressValue--->0
D/NetUpdate( 2093): mWriteSD--->true
D/NetUpdate( 2093): mBootCheckZipExist--->false
D/dalvikvm(29217): GC_CONCURRENT freed 1989K, 46% free 7316K/13443K, paused 2ms+3ms
D/dalvikvm(29217): GC_CONCURRENT freed 1981K, 45% free 7409K/13443K, paused 2ms+3ms
D/dalvikvm(29217): GC_CONCURRENT freed 2087K, 46% free 7362K/13443K, paused 2ms+3ms
D/HomePlayerLib(29217): hostaddress count is 2
D/HomePlayerLib(29217): hostaddress count is 2
D/dalvikvm(29217): GC_CONCURRENT freed 2032K, 46% free 7367K/13443K, paused 3ms+3ms
D/NetUpdate( 2093): progressValue--->0
D/NetUpdate( 2093): mWriteSD--->true
D/NetUpdate( 2093): mBootCheckZipExist--->false
D/NetUpdate( 2093): progressValue--->0
D/NetUpdate( 2093): mWriteSD--->true
D/NetUpdate( 2093): mBootCheckZipExist--->false
D/dalvikvm(29217): GC_CONCURRENT freed 2041K, 46% free 7388K/13443K, paused 2ms+3ms
D/HomePlayerLib(29217): hostaddress count is 2
D/dalvikvm(29217): GC_CONCURRENT freed 2068K, 46% free 7359K/13443K, paused 2ms+3ms
D/dalvikvm(29217): GC_CONCURRENT freed 2030K, 46% free 7284K/13443K, paused 2ms+3ms
D/NetUpdate( 2093): progressValue--->0
D/NetUpdate( 2093): mWriteSD--->true
D/NetUpdate( 2093): mBootCheckZipExist--->false
D/dalvikvm(29217): GC_CONCURRENT freed 1959K, 46% free 7272K/13443K, paused 2ms+4ms
W/HomePlayerLib(29217): mediaRenderer start success 
D/dalvikvm(29217): GC_CONCURRENT freed 1991K, 47% free 7203K/13443K, paused 2ms+3ms
D/NetUpdate( 2093): progressValue--->0
D/NetUpdate( 2093): mWriteSD--->true
D/NetUpdate( 2093): mBootCheckZipExist--->false
D/dalvikvm(29217): GC_CONCURRENT freed 1913K, 46% free 7330K/13443K, paused 2ms+3ms
D/NetUpdate( 2093): progressValue--->0
D/NetUpdate( 2093): mWriteSD--->true
D/NetUpdate( 2093): mBootCheckZipExist--->false
D/HomePlayerLib(29217): hostaddress count is 2
D/dalvikvm(29217): GC_CONCURRENT freed 2043K, 46% free 7328K/13443K, paused 2ms+3ms
D/dalvikvm(29217): GC_CONCURRENT freed 2039K, 46% free 7334K/13443K, paused 2ms+3ms
D/NetUpdate( 2093): progressValue--->0
D/NetUpdate( 2093): mWriteSD--->true
D/NetUpdate( 2093): mBootCheckZipExist--->false
D/NetUpdate( 2093): progressValue--->0
D/NetUpdate( 2093): mWriteSD--->true
D/NetUpdate( 2093): mBootCheckZipExist--->false
D/dalvikvm(29217): GC_CONCURRENT freed 2030K, 47% free 7248K/13443K, paused 2ms+4ms
[156815.190016] IR: [03932] scan key value is 0xeb14c936 
[156815.190021]  
[156815.242515] IR: [03932] scan key value is 0xeb14c936 
[156815.242520]  D/dalvikvm(29217): GC_CONCURRENT freed 1948K, 46% free 7333K/13443K, paused 2ms+3ms
D/InputEventConsistencyVerifier( 2093): KeyEvent: ACTION_UP but key was not down.
D/InputEventConsistencyVerifier( 2093):   in com.android.internal.policy.impl.PhoneWindow$DecorView@4303f918
D/InputEventConsistencyVerifier( 2093):   0: sent at 156815404000000, KeyEvent { action=ACTION_UP, keyCode=KEYCODE_DPAD_RIGHT, scanCode=106, metaState=0, flags=0x8, repeatCount=0, eventTime=156815404, downTime=156815190, deviceId=1, source=0x101 }
D/InputEventConsistencyVerifier( 2093):   -- recent events --
D/InputEventConsistencyVerifier( 2093):   1: sent at 156803512000000, (unhandled) KeyEvent { action=ACTION_UP, keyCode=KEYCODE_DPAD_UP, scanCode=103, metaState=0, flags=0x8, repeatCount=0, eventTime=156803512, downTime=156803299, deviceId=1, source=0x101 }
D/InputEventConsistencyVerifier( 2093):   2: sent at 156803299000000, KeyEvent { action=ACTION_DOWN, keyCode=KEYCODE_DPAD_UP, scanCode=103, metaState=0, flags=0x8, repeatCount=0, eventTime=156803299, downTime=156803299, deviceId=1, source=0x101 }
D/InputEventConsistencyVerifier( 2093):   3: sent at 156802904000000, (unhandled) KeyEvent { action=ACTION_UP, keyCode=KEYCODE_DPAD_LEFT, scanCode=105, metaState=0, flags=0x8, repeatCount=0, eventTime=156802904, downTime=156802690, deviceId=1, source=0x101 }
D/InputEventConsistencyVerifier( 2093):   4: sent at 156802690000000, (unhandled) KeyEvent { action=ACTION_DOWN, keyCode=KEYCODE_DPAD_LEFT, scanCode=105, metaState=0, flags=0x8, repeatCount=0, eventTime=156802690, downTime=156802690, deviceId=1, source=0x101 }
D/InputEventConsistencyVerifier( 2093):   5: sent at 156739988000000, (unhandled) KeyEvent { action=ACTION_UP, keyCode=KEYCODE_DPAD_DOWN, scanCode=108, metaState=0, flags=0x8, repeatCount=0, eventTime=156739988, downTime=156739775, deviceId=1, source=0x101 }
D/NetUpdate( 2093): progressValue--->0
D/NetUpdate( 2093): mWriteSD--->true
D/NetUpdate( 2093): mBootCheckZipExist--->false
D/NetUpdate( 2093): progressValue--->0
D/NetUpdate( 2093): mWriteSD--->true
D/NetUpdate( 2093): mBootCheckZipExist--->false

[156816.048712] IR: [03932] scan key value is 0xec13c936 
[156816.048717]  
[156816.101210] IR: [03932] scan key value is 0xec13c936 
[156816.101215]  D/WifiHW  (  945): is_wifi_device_exist
E/WifiHW  (  945): get_wifi_device_num is 1
I/System.out( 2093): ===>isChecked=true
I/ActivityManager(  945): START {cmp=com.coship.dvbsetting/.netsetting.dialog.NetLogicDialog (has extras)} from pid 2093
I/NetLogicDialog( 2093): NetLogicDialog_onCreate!!!
D/dalvikvm( 2093): GC_FOR_ALLOC freed 1370K, 19% free 31872K/39107K, paused 53ms
I/NetLogicDialog( 2093): WiFiApTAG--->null
I/NetLogicDialog( 2093): WiFiDisplayTAG--->WifiDirectSetting
V/TabletStatusBar( 1155): setLightsOn(true)
I/ActivityManager(  945): Displayed com.coship.dvbsetting/.netsetting.dialog.NetLogicDialog: +294ms
D/NetUpdate( 2093): progressValue--->0
D/NetUpdate( 2093): mWriteSD--->true
D/NetUpdate( 2093): mBootCheckZipExist--->false

[156817.403658] IR: [03932] scan key value is 0xec13c936 
[156817.403663]  
[156817.456150] IR: [03932] scan key value is 0xec13c936 
[156817.456155]  D/WifiDirectSetting( 2093): open direct
D/WifiP2pService(  945): P2pDisabledState{ what=139265 when=0 }
D/WifiP2pService(  945): wait for wifi sta and softap disabled!!
D/WifiStateMachine(  945): gary test mWifiApState = 10
D/NetworkManagementService(  945): rsp <213 a4:a8:20:13:03:6e 192.168.43.1 24 [up broadcast running multicast]>
D/NetworkManagementService(  945): flags <[up broadcast running multicast]>
I/BootCompletedReceiver(29217): [onReceive] Action??android.net.wifi.WIFI_AP_STATE_CHANGED
V/BootCompletedReceiver(29217): ++++mWifiApState++++10
D/CommandListener(  739): Setting iface cfg
D/CommandListener(  739): Trying to bring up uap0
D/CommandListener(  739): broadcast flag ignored
V/EthernetMonitor(  945): get event 
V/EthernetMonitor(  945): go poll events
E/WifiApStateMachine(  945): Error resetting interface uap0, :java.lang.IllegalStateException: Unable to communicate with native daemon to interface setcfg - com.android.server.NativeDaemonConnectorException: Cmd {interface setcfg uap0 0.0.0.0 0 [up broadcast running multicast]} failed with code 501 : {Flag unsupported}
D/Tethering(  945): Untethering uap0
D/Tethering(  945): TetheredState.processMessage what=3
W/GpsLocationProvider(  945): Failed to enable location provider
D/Tethering(  945): Untethered uap0
D/Tethering(  945): sendTetherStateChangedBroadcast 1, 0, 0
D/WifiApSetting( 2093): handleWifiApStateChanged
D/WifiApSetting( 2093): WIFI_AP_STATE_DISABLING
D/SoftapController(  739): Stopping Softap service
D/Tethering(  945): TetherModeAliveState.processMessage what=2
W/hostapd (29511): uap0: Could not connect to kernel driver
W/NetworkStats(  945): dropping UID delta from unknown iface: iface=uap0 uid=0 set=DEFAULT tag=0x0 rxBytes=4530 rxPackets=7 txBytes=4778 txPackets=13 operations=0
W/NetworkStats(  945): dropping UID delta from unknown iface: iface=uap0 uid=1000 set=FOREGROUND tag=0x0 rxBytes=15244 rxPackets=48 txBytes=17396 txPackets=56 operations=0
V/EthernetMonitor(  945): get event 
V/EthernetMonitor(  945): go poll events
V/EthernetMonitor(  945): get event 
V/EthernetMonitor(  945): go poll events
D/SoftapController(  739): Softap service stopped: 0
V/TabletStatusBar( 1155): setLightsOn(true)
D/dalvikvm( 2093): GC_EXPLICIT freed 561K, 16% free 32993K/39107K, paused 2ms+5ms
E/StrictMode( 2093): class com.coship.dvbsetting.netsetting.dialog.NetLogicDialog; instances=2; limit=1
E/StrictMode( 2093): android.os.StrictMode$InstanceCountViolation: class com.coship.dvbsetting.netsetting.dialog.NetLogicDialog; instances=2; limit=1
E/StrictMode( 2093):    at android.os.StrictMode.setClassInstanceLimit(StrictMode.java:1)
D/SoftapController(  739): Softap driver stop: 0
E/WifiHW  (  739): wifi_change_fw_path: STA
D/SoftapController(  739): Softap fwReload - Ok
D/TetherController(  739): Stopping tethering services
I/dnsmasq (29513): exiting on receipt of SIGTERM
D/WifiApStateMachine(  945): isDriverShouldRemove = true
D/TetherController(  739): Tethering services stopped
D/TetherController(  739): Setting IP forward enable = 0
D/Tethering(  945): notifying tethered with iface =null
D/Tethering(  945): InitialState.processMessage what=4
D/WifiStateMachine(  945): gary test mWifiApState = 11
D/WifiApSetting( 2093): handleWifiApStateChanged
D/WifiApSetting( 2093): WIFI_AP_STATE_DISABLED
I/BootCompletedReceiver(29217): [onReceive] Action??android.net.wifi.WIFI_AP_STATE_CHANGED
V/BootCompletedReceiver(29217): ++++mWifiApState++++11
D/Tethering(  945): sendTetherStateChangedBroadcast 0, 0, 0
D/WifiApStateMachine(  945): wifip2pservice p2p_enable_proceed
D/WifiP2pManager( 2093): Ignored { what=139267 when=-1ms }
E/WifiHW  (  739): wifi_change_fw_path: P2P
D/NetUpdate( 2093): progressValue--->0
D/NetUpdate( 2093): mWriteSD--->true
D/NetUpdate( 2093): mBootCheckZipExist--->false
D/WifiP2pService(  945): wifi sta and softap disable!!
D/WifiP2pService(  945): WaitForWifiDisableState
D/WifiP2pServi
[156818.672402] ADDRCONF(NETDEV_UP): wfd0: link is not ready
ce(  945): WaitForWifiDisableState{ what=331908 when=0 }
E/WifiHW  (  739): get_wifi_device_num is 1
D/WifiHW  (  739): wifi_driver has loaded!
D/SoftapController(  739): Softap fwReload - Ok
D/CommandListener(  739): Setting iface cfg
D/CommandListener(  739): Trying to bring down wfd0
D/CommandListener(  739): broadcast flag ignored
D/CommandListener(  739): multicast flag ignored
D/WifiHW  (  945): config_file = /data/misc/wifi/p2p_supplicant.conf
D/WifiHW  (  945): ctl.start daemon_cmd = mrl_supplicant:-iwfd0 -c/data/misc/wifi/p2p_supplicant.conf
D/NetworkManagementServic[156818.729250] Can not set data rate in disconnected state
e(  945): rsp <213 a6:a8:20:13:03:6e 0.0.0.0 0 [down broadcast multicast]>
D/NetworkManagementService(  945): flags <[down broadcast multicast]>
D/WifiP2pService(  945): P2pEnablingState
I/wpa_supplicant(29553): rfkill: Cannot open RFKILL control device
V/EthernetMonitor(  945): get event 
V/EthernetMonitor(  945): go poll events
D/WifiP2pService(  945): P2pEnablingState{ what=147457 when=0 }
D/WifiP2pService(  945): P2p start successful
I/TabletStatusBar( 1155): receiver broadcast
I/TabletStatusBar( 1155): the p2pdevices is null or UNAVAILABLE
D/WifiDirectSetting( 2093): ----------------WIFI_P2P_STATE_CHANGED_ACTION
D/MiracastControl( 1620): android.net.wifi.p2p.STATE_CHANGED
D/WifiDirectSetting( 2093): handleP2pStateChanged
D/WifiDirectSetting( 2093): WIFI_P2P_STATE_ENABLED
D/WifiP2pService(  945): P2pEnabledState
D/MiracastControl( 1620): android.net.wifi.p2p.THIS_DEVICE_CHANGED
D/MiracastControl( 1620): P2p This Device Name is : tc123
D/MiracastControl( 1620): current:3 pre:3
D/MiracastControl( 1620): android.net.wifi.p2p.THIS_DEVICE_CHANGED
D/MiracastControl( 1620): P2p This Device Name is : tc123
D/MiracastControl( 1620): current:3 pre:3
D/WifiP2pService(  945): DeviceAddress: a6:a8:20:13:03:6e
I/TabletStatusBar( 1155): receiver broadcast
I/TabletStatusBar( 1155): the p2pdevices status is :3
D/WifiP2pService(  945): InactiveState
D/WifiP2pService(  945): InactiveState{ what=139271 when=-14ms }
D/WifiP2pService(  945): P2pEnabledState{ what=139271 when=-14ms }
D/WifiDirectSetting( 2093): --------------WIFI_P2P_THIS_DEVICE_CHANGED_ACTION
D/WifiDirectSetting( 2093): ------------mThisDevice.String()Device: tc123
D/WifiDirectSetting( 2093):  deviceAddress: a6:a8:20:13:03:6e
D/WifiDirectSetting( 2093):  primary type: 10-0050F204-5
D/WifiDirectSetting( 2093):  secondary type: null
D/WifiDirectSetting( 2093):  wps: 0
D/WifiDirectSetting( 2093):  grpcapab: 0
D/WifiDirectSetting( 2093):  devcapab: 0
D/WifiDirectSetting( 2093):  status: 3
D/WifiDirectSetting( 2093):  wfdInfo: WFD enabled: trueWFD DeviceInfo: 17
D/WifiDirectSetting( 2093):  WFD CtrlPort: 554
D/WifiDirectSetting( 2093):  WFD MaxThroughput: 14
D/WifiDirectSetting( 2093): --------------WIFI_P2P_THIS_DEVICE_CHANGED_ACTION
D/WifiDirectSetting( 2093): ------------mThisDevice.String()Device: tc123
D/WifiDirectSetting( 2093):  deviceAddress: a6:a8:20:13:03:6e
D/WifiDirectSetting( 2093):  primary type: 10-0050F204-5
D/WifiDirectSetting( 2093):  secondary type: null
D/WifiDirectSetting( 2093):  wps: 0
D/WifiDirectSetting( 2093):  grpcapab: 0
D/WifiDirectSetting( 2093):  devcapab: 0
D/WifiDirectSetting( 2093):  status: 3
D/WifiDirectSetting( 2093):  wfdInfo: WFD enabled: trueWFD DeviceInfo: 17
D/WifiDirectSetting( 2093):  WFD CtrlPort: 554
D/WifiDirectSetting( 2093):  WFD MaxThroughput: 14
I/TabletStatusBar( 1155): receiver broadcast
I/TabletStatusBar( 1155): the p2pdevices status is :3
D/dalvikvm(29217): GC_CONCURRENT freed 2050K, 46% free 7327K/13443K, paused 4ms+4ms
D/NetUpdate( 2093): progressValue--->0
D/NetUpdate( 2093): mWriteSD--->true
D/NetUpdate( 2093): mBootCheckZipExist--->false
D/NetUpdate( 2093): progressValue--->0
D/NetUpdate( 2093): mWriteSD--->true
D/NetUpdate( 2093): mBootCheckZipExist--->false
D/dalvikvm(29217): GC_CONCURRENT freed 2047K, 47% free 7204K/13443K, paused 3ms+4ms
D/NetUpdate( 2093): progressValue--->0
D/NetUpdate( 2093): mWriteSD--->true
D/NetUpdate( 2093): mBootCheckZipExist--->false
D/NetUpdate( 2093): progressValue--->0
D/NetUpdate( 2093): mWriteSD--->true
D/NetUpdate( 2093): mBootCheckZipExist--->false
D/NetUpdate( 2093): progressValue--->0
D/NetUpdate( 2093): mWriteSD--->true
D/NetUpdate( 2093): mBootCheckZipExist--->false
D/dalvikvm(29217): GC_CONCURRENT freed 1914K, 46% free 7268K/13443K, paused 2ms+3ms
D/NetUpdate( 2093): progressValue--->0
D/NetUpdate( 2093): mWriteSD--->true
D/NetUpdate( 2093): mBootCheckZipExist--->false
D/NetUpdate( 2093): progressValue--->0
D/NetUpdate( 2093): mWriteSD--->true
D/NetUpdate( 2093): mBootCheckZipExist--->false
D/NetUpdate( 2093): progressValue--->0
D/NetUpdate( 2093): mWriteSD--->true
D/NetUpdate( 2093): mBootCheckZipExist--->false
I/wpa_supplicant(29553): wfd0: P2P-DEVICE-FOUND 02:90:4c:00:03:10 p2p_dev_addr=02:90:4c:00:03:10 pri_dev_type=10-0050F204-5 name='Android_5e77' config_methods=0x188 dev_capab=0x24 group_capab=0x0 wfd_dev_info=0x0000060010216a0014
D/WifiP2pService(  945): InactiveState{ what=147477 when=0 obj=Device: Android_5e77
D/WifiP2pService(  945):  deviceAddress: 02:90:4c:00:03:10
D/WifiP2pService(  945):  primary type: 10-0050F204-5
D/WifiP2pService(  945):  secondary type: null
D/WifiP2pService(  945):  wps: 392
D/WifiP2pService(  945):  grpcapab: 0
D/WifiP2pService(  945):  devcapab: 36
D/WifiP2pService(  945):  status: 3
D/WifiP2pService(  945):  wfdInfo: WFD enabled: trueWFD DeviceInfo: 16
D/WifiP2pService(  945):  WFD CtrlPort: 8554
D/WifiP2pService(  945):  WFD MaxThroughput: 20 }
D/WifiP2pService(  945): P2pEnabledState{ what=147477 when=0 obj=Device: Android_5e77
D/WifiP2pService(  945):  deviceAddress: 02:90:4c:00:03:10
D/WifiP2pService(  945):  primary type: 10-0050F204-5
D/WifiP2pService(  945):  secondary type: null
D/WifiP2pService(  945):  wps: 392
D/WifiP2pService(  945):  grpcapab: 0
D/WifiP2pService(  945):  devcapab: 36
D/WifiP2pService(  945):  status: 3
D/WifiP2pService(  945):  wfdInfo: WFD enabled: trueWFD DeviceInfo: 16
D/WifiP2pService(  945):  WFD CtrlPort: 8554
D/WifiP2pService(  945):  WFD MaxThroughput: 20 }
D/MiracastControl( 1620): android.net.wifi.p2p.PEERS_CHANGED
I/TabletStatusBar( 1155): receiver broadcast
D/WifiDirectSetting( 2093): --------------WIFI_P2P_PEERS_CHANGED_ACTION
D/WifiP2pService(  945): InactiveState{ what=139286 when=-1ms arg2=38 }
D/WifiP2pService(  945): P2pEnabledState{ what=139286 when=-1ms arg2=38 }
D/WifiP2pService(  945): DefaultState{ what=139286 when=-1ms arg2=38 }
D/WifiDirectSetting( 2093): peer=Device: Android_5e77
D/WifiDirectSetting( 2093):  deviceAddress: 02:90:4c:00:03:10
D/WifiDirectSetting( 2093):  primary type: 10-0050F204-5
D/WifiDirectSetting( 2093):  secondary type: null
D/WifiDirectSetting( 2093):  wps: 392
D/WifiDirectSetting( 2093):  grpcapab: 0
D/WifiDirectSetting( 2093):  devcapab: 36
D/WifiDirectSetting( 2093):  status: 3
D/WifiDirectSetting( 2093):  wfdInfo: WFD enabled: trueWFD DeviceInfo: 16
D/WifiDirectSetting( 2093):  WFD CtrlPort: 8554
D/WifiDirectSetting( 2093):  WFD MaxThroughput: 20
D/WifiDirectSetting( 2093): mPeers.size=0
D/WifiP2pService(  945): InactiveState{ what=139286 when=-1ms arg2=31 }
D/WifiP2pService(  945): P2pEnabledState{ what=139286 when=-2ms arg2=31 }
D/WifiP2pService(  945): DefaultState{ what=139286 when=-2ms arg2=31 }
I/wpa_supplicant(29553): wfd0: P2P-DEVICE-FOUND 02:90:4c:78:03:ff p2p_dev_addr=02:90:4c:78:03:ff pri_dev_type=10-0050F204-5 name='Android_1860' config_methods=0x188 dev_capab=0x24 group_capab=0x0 wfd_dev_info=0x0000060010216a0014
I/TabletStatusBar( 1155): receiver broadcast
D/WifiP2pService(  945): InactiveState{ what=147477 when=-1ms obj=Device: Android_1860
D/WifiP2pService(  945):  deviceAddress: 02:90:4c:78:03:ff
D/WifiP2pService(  945):  primary type: 10-0050F204-5
D/WifiP2pService(  945):  secondary type: null
D/WifiP2pService(  945):  wps: 392
D/WifiP2pService(  945):  grpcapab: 0
D/WifiP2pService(  945):  devcapab: 36
D/WifiP2pService(  945):  status: 3
D/WifiP2pService(  945):  wfdInfo: WFD enabled: trueWFD DeviceInfo: 16
D/WifiP2pService(  945):  WFD CtrlPort: 8554
D/WifiP2pService(  945):  WFD MaxThroughput: 20 }
D/WifiP2pService(  945): P2pEnabledState{ what=147477 when=-1ms obj=Device: Android_1860
D/WifiP2pService(  945):  deviceAddress: 02:90:4c:78:03:ff
D/WifiP2pService(  945):  primary type: 10-0050F204-5
D/WifiP2pService(  945):  secondary type: null
D/WifiP2pService(  945):  wps: 392
D/WifiP2pService(  945):  grpcapab: 0
D/WifiP2pService(  945):  devcapab: 36
D/WifiP2pService(  945):  status: 3
D/WifiP2pService(  945):  wfdInfo: WFD enabled: trueWFD DeviceInfo: 16
D/WifiP2pService(  945):  WFD CtrlPort: 8554
D/WifiP2pService(  945):  WFD MaxThroughput: 20 }
D/MiracastControl( 1620): android.net.wifi.p2p.PEERS_CHANGED
D/WifiDirectSetting( 2093): --------------WIFI_P2P_PEERS_CHANGED_ACTION
D/WifiP2pService(  945): InactiveState{ what=139286 when=0 arg2=39 }
D/WifiP2pService(  945): P2pEnabledState{ what=139286 when=-1ms arg2=39 }
D/WifiP2pService(  945): DefaultState{ what=139286 when=-1ms arg2=39 }
D/WifiP2pService(  945): InactiveState{ what=139286 when=-2ms arg2=32 }
D/WifiP2pService(  945): P2pEnabledState{ what=139286 when=-2ms arg2=32 }
D/WifiP2pService(  945): DefaultState{ what=139286 when=-2ms arg2=32 }
D/WifiDirectSetting( 2093): peer=Device: Android_5e77
D/WifiDirectSetting( 2093):  deviceAddress: 02:90:4c:00:03:10
D/WifiDirectSetting( 2093):  primary type: 10-0050F204-5
D/WifiDirectSetting( 2093):  secondary type: null
D/WifiDirectSetting( 2093):  wps: 392
D/WifiDirectSetting( 2093):  grpcapab: 0
D/WifiDirectSetting( 2093):  devcapab: 36
D/WifiDirectSetting( 2093):  status: 3
D/WifiDirectSetting( 2093):  wfdInfo: WFD enabled: trueWFD DeviceInfo: 16
D/WifiDirectSetting( 2093):  WFD CtrlPort: 8554
D/WifiDirectSetting( 2093):  WFD MaxThroughput: 20
D/WifiDirectSetting( 2093): peer=Device: Android_1860
D/WifiDirectSetting( 2093):  deviceAddress: 02:90:4c:78:03:ff
D/WifiDirectSetting( 2093):  primary type: 10-0050F204-5
D/WifiDirectSetting( 2093):  secondary type: null
D/WifiDirectSetting( 2093):  wps: 392
D/WifiDirectSetting( 2093):  grpcapab: 0
D/WifiDirectSetting( 2093):  devcapab: 36
D/WifiDirectSetting( 2093):  status: 3
D/WifiDirectSetting( 2093):  wfdInfo: WFD enabled: trueWFD DeviceInfo: 16
D/WifiDirectSetting( 2093):  WFD CtrlPort: 8554
D/WifiDirectSetting( 2093):  WFD MaxThroughput: 20
D/WifiDirectSetting( 2093): mPeers.size=1
D/NetUpdate( 2093): progressValue--->0
D/NetUpdate( 2093): mWriteSD--->true
D/NetUpdate( 2093): mBootCheckZipExist--->false
D/NetUpdate( 2093): progressValue--->0
D/NetUpdate( 2093): mWriteSD--->true
D/NetUpdate( 2093): mBootCheckZipExist--->false
D/HomePlayerLib(29217): hostaddress count is 1
D/dalvikvm(29217): GC_CONCURRENT freed 1988K, 46% free 7326K/13443K, paused 2ms+3ms
D/dalvikvm(29217): GC_CONCURRENT freed 2008K, 46% free 7334K/13443K, paused 2ms+3ms
D/NetUpdate( 2093): progressValue--->0
D/NetUpdate( 2093): mWriteSD--->true
D/NetUpdate( 2093): mBootCheckZipExist--->false
D/NetUpdate( 2093): progressValue--->0
D/NetUpdate( 2093): mWriteSD--->true
D/NetUpdate( 2093): mBootCheckZipExist--->false
D/NetUpdate( 2093): progressValue--->0
D/NetUpdate( 2093): mWriteSD--->true
D/NetUpdate( 2093): mBootCheckZipExist--->false
D/NetUpdate( 2093): progressValue--->0
D/NetUpdate( 2093): mWriteSD--->true
D/NetUpdate( 2093): mBootCheckZipExist--->false
D/NetUpdate( 2093): progressValue--->0
D/NetUpdate( 2093): mWriteSD--->true
D/NetUpdate( 2093): mBootCheckZipExist--->false
D/NetUpdate( 2093): progressValue--->0
D/NetUpdate( 2093): mWriteSD--->true
D/NetUpdate( 2093): mBootCheckZipExist--->false
D/NetUpdate( 2093): progressValue--->0
D/NetUpdate( 2093): mWriteSD--->true
D/NetUpdate( 2093): mBootCheckZipExist--->false
I/wpa_supplicant(29553): wfd0: P2P-GO-NEG-REQUEST 02:90:4c:78:03:ff dev_passwd_id=4
D/WifiP2pService(  945): InactiveState{ what=147479 when=-1ms obj=
D/WifiP2pService(  945):  address: 02:90:4c:78:03:ff
D/WifiP2pService(  945):  wps:  setup: 0
D/WifiP2pService(  945):  BSSID: null
D/WifiP2pService(  945):  pin: null
D/WifiP2pService(  945): IP assignment: UNASSIGNED
D/WifiP2pService(  945): Proxy settings: UNASSIGNED
D/WifiP2pService(  945): LinkAddresses: [] Routes: [] DnsAddresses[156833.495236] Invalid country length
: [] 
D/WifiP2pService(  945): 
D/WifiP2pService(  945):  groupOwnerIntent: 14
D/WifiP2pService(  945):  persist: SYSTEM_DEFAULT
D/WifiP2pService(  945):  freq: 5180 }
D/WifiP2pService(  945): UserAuthorizingGroupNegotiationState
D/WifiP2pService(  945): UserAuthorizingGroupNegotiationState{ what=143366 when=0 }
D/WifiP2pService(  945): UserAuthorizingGroupNegotiationState{ what=139274 when=0 obj=
D/WifiP2pService(  945):  address: 02:90:4c:78:03:ff
D/WifiP2pService(  945):  wps:  setup: 0
D/WifiP2pService(  945):  BSSID: null
D/WifiP2pService(  945):  pin: null
D/WifiP2pService(  945): IP assignment: UNASSIGNED
D/WifiP2pService(  945): Proxy settings: UNASSIGNED
D/WifiP2pService(  945): LinkAddresses: [] Routes: [] DnsAddresses: [] 
D/WifiP2pService(  945): 
D/WifiP2pService(  945):  groupOwnerIntent: 14
D/WifiP2pService(  945):  persist: SYSTEM_DEFAULT
D/WifiP2pService(  945):  freq: 5180 }
D/WifiP2pService(  945): InactiveState{ what=139274 when=-1ms obj=
D/WifiP2pService(  945):  address: 02:90:4c:78:03:ff
D/WifiP2pService(  945):  wps:  setup: 0
D/WifiP2pService(  945):  BSSID: null
D/WifiP2pService(  945):  pin: null
D/WifiP2pService(  945): IP assignment: UNASSIGNED
D/WifiP2pService(  945): Proxy settings: UNASSIGNED
D/WifiP2pService(  945): LinkAddresses: [] Routes: [] DnsAddresses: [] 
D/WifiP2pService(  945): 
D/WifiP2pService(  945):  groupOwnerIntent: 14
D/WifiP2pService(  945):  persist: SYSTEM_DEFAULT
D/WifiP2pService(  945):  freq: 5180 }
D/WifiP2pService(  945): P2pEnabledState{ what=139274 when=-1ms obj=
D/WifiP2pService(  945):  address: 02:90:4c:78:03:ff
D/WifiP2pService(  945):  wps:  setup: 0
D/WifiP2pService(  945):  BSSID: null
D/WifiP2pService(  945):  pin: null
D/WifiP2pService(  945): IP assignment: UNASSIGNED
D/WifiP2pService(  945): Proxy settings: UNASSIGNED
D/WifiP2pService(  945): LinkAddresses: [] Routes: [] DnsAddresses: [] 
D/WifiP2pService(  945): 
D/WifiP2pService(  945):  groupOwnerIntent: 14
D/WifiP2pService(  945):  persist: SYSTEM_DEFAULT
D/WifiP2pService(  945):  freq: 5180 }
D/WifiP2pService(  945): P2pEnabledState sending connect
E/wpa_supplicant(29553): wpa_driver_nl80211_driver_cmd: failed to issue private commands
E/wpa_supplicant(29553): ret = -1 (Operation not permitted)
I/WifiNative(  945): when p2pconnect groupOwnerI[156833.702051] IR: [03932] scan key value is 0xea15c936 
[156833.702056]  ntent :14; freq :-1
D/WifiNative(  945): P2P_CONNECT 02:90:4c:78:03:ff pbc go_intent=14 
D/MiracastControl( 1620): android.net.wifi.p2p.PEERS_CHANGED
D/WifiDirectSetting( 2093): --------------WIFI_P2P_PEERS_CHANGED_ACTION
I/TabletStatusBar( 1155): receiver broadcast
D/WifiDirectSetting( 2093): peer=Device: Android_5e77
D/WifiDirectSetting( 2093):  deviceAddress: 02:90:4c:00:03:10
D/WifiDirectSetting( 2093):  primary type: 10-0050F204-5
D/WifiDirectSetting( 2093):  secondary type: null
D/WifiDirectS
[156833.754546] IR: [03932] scan key value is 0xea15c936 
[156833.754550]  etting( 2093):  wps: 392
D/WifiDirectSetting( 2093):  grpcapab: 0
D/WifiDirectSetting( 2093):  devcapab: 36
D/WifiDirectSetting( 2093):  status: 3
D/WifiDirectSetting( 2093):  wfdInfo: WFD enabled: trueWFD DeviceInfo: 16
D/WifiDirectSetting( 2093):  WFD CtrlPort: 8554
D/WifiDirectSetting( 2093):  WFD MaxThroughput: 20
D/WifiDirectSetting( 2093): peer=Device: Android_1860
D/WifiDirectSetting( 2093):  deviceAddress: 02:90:4c:78:03:ff
D/WifiDirectSetting( 2093):  primary type: 10-0050F204-5
D/WifiDirectSetting( 2093):  secondary type: null
D/WifiDirectSetting( 2093):  wps: 392
D/WifiDirectSetting( 2093):  grpcapab: 0
D/WifiDirectSetting( 2093):  devcapab: 36
D/WifiDirectSetting( 2093):  status: 1
D/WifiDirectSetting( 2093):  wfdInfo: WFD enabled: trueWFD DeviceInfo: 16
D/WifiDirectSetting( 2093):  WFD CtrlPort: 8554
D/WifiDirectSetting( 2093):  WFD MaxThroughput: 20
D/WifiDirectSetting( 2093): mPeers.size=2
D/WifiP2pService(  945): GroupNegotiationState
D/WifiP2pService(  945): GroupNegotiationState{ what=139286 when=-1ms arg2=33 }
D/WifiP2pService(  945): P2pEnabledState{ what=139286 when=-1ms arg2=33 }
D/WifiP2pService(  945): DefaultState{ what=139286 when=-1ms arg2=33 }
D/WifiP2pService(  945): GroupNegotiationState{ what=139286 when=-2ms arg2=40 }
D/WifiP2pService(  945): P2pEnabledState{ what=139286 when=-2ms arg2=40 }
D/WifiP2pService(  945): DefaultState{ what=139286 when=-2ms arg2=40 }
D/NetUpdate( 2093): progressValue--->0
D/NetUpdate( 2093): mWriteSD--->true
D/NetUpdate( 2093): mBootCheckZipExist--->false

[156834.215552] IR: [03932] scan key value is 0xea15c936 
[156834.215558]  D/dalvikvm(  945): GC_CONCURRENT freed 1057K, 56% free 4859K/10947K, paused 2ms+5ms

[156834.268033] IR: [03932] scan key value is 0xea15c936 
[156834.268038]  D/dalvikvm(29217): GC_CONCURRENT freed 2051K, 47% free 7226K/13443K, paused 3ms+3ms
I/wpa_supplicant(29553): wfd0: P2P-GO-NEG-SUCCESS 
D/WifiP2pService(  945): GroupNegotiationState{ what=147481 when=0 }
D/WifiP2pService(  945): GroupNegotiationState go success
D/WifiP2pService(  945): GroupNegotiationState{ what=147462 when=0 obj=android.net.wifi.StateChangeResult@4177e9c8 }
D/WifiP2pService(  945): P2pEnabledState{ what=147462 when=0 obj=android.net.wifi.StateChangeResult@4177e9c8 }
D/WifiP2pService(  945): DefaultState{ what=147462 when=0 obj=android.net.wifi.StateChangeResult@4177e9c8 }
E/WifiP2pService(  945): Unhandled message { what=147462 when=0 obj=android.net.wifi.StateChangeResult@4177e9c8 }
E/wpa_supplicant(29553): Failed to create interface m.wfd0: -95 (Operation not supported on transport endpoint)
W/wpa_supplicant(29553): nl80211: Driver does not support monitor interface type - try to run without it
E/wpa_supplicant(29553): Failed to update rate sets in kernel module
W/wpa_supplicant(29553): Could not connect to kernel driver.
E/wpa_supplicant(29553): Using interface wfd0 with hwaddr a6:a8:20:13:03:6e and ssid 'DIRECT-Uj'
E/wpa_supplicant(29553): random: Cannot read from /dev/random: Try again
I/wpa_supplicant(29553): random: Only 8/20 bytes of strong random data available from /dev/random
I/wpa_supplicant(29553): random: Not enough entropy pool available for secure operations
I/wpa_supplicant(29553): WPA: Not enough entropy in random pool for secure operations - update keys later when the first station connects
E/wpa_supplicant(29553): WPA initialization failed.
E/wpa_supplicant(29553): wfd0: Unable to setup interface.
E/wpa_supplicant(29553): Failed to initialize AP interface
W/wpa_supplicant(29553): Could not connect to kernel driver.

[156834.974857] IR: [03932] scan key value is 0xea15c936 
[156834.974862]  
[156835.027354] IR: [03932] scan key value is 0xea15c936 
[156835.027359]  D/InputEventConsistencyVerifier( 2093): KeyEvent: ACTION_UP but key was not down.
D/InputEventConsistencyVerifier( 2093):   in android.widget.ListView@430ff3f8
D/InputEventConsistencyVerifier( 2093):   0: sent at 156835188000000, KeyEvent { action=ACTION_UP, keyCode=KEYCODE_DPAD_DOWN, scanCode=108, metaState=0, flags=0x8, repeatCount=0, eventTime=156835188, downTime=156834975, deviceId=1, source=0x101 }
D/InputEventConsistencyVerifier( 2093):   -- recent events --
D/InputEventConsistencyVerifier( 2093):   1: sent at 156306909000000, (unhandled) KeyEvent { action=ACTION_DOWN, keyCode=KEYCODE_DPAD_UP, scanCode=103, metaState=0, flags=0x8, repeatCount=0, eventTime=156306909, downTime=156306909, deviceId=1, source=0x101 }
D/InputEventConsistencyVerifier( 2093):   2: sent at 156294904000000, (unhandled) KeyEvent { action=ACTION_UP, keyCode=KEYCODE_DPAD_UP, scanCode=103, metaState=0, flags=0x8, repeatCount=0, eventTime=156294904, downTime=156294693, deviceId=1, source=0x101 }
D/InputEventConsistencyVerifier( 2093):   3: sent at 156294693000000, KeyEvent { action=ACTION_DOWN, keyCode=KEYCODE_DPAD_UP, scanCode=103, metaState=0, flags=0x8, repeatCount=0, eventTime=156294693, downTime=156294693, deviceId=1, source=0x101 }
D/InputEventConsistencyVerifier( 2093):   4: sent at 156292956000000, (unhandled) KeyEvent { action=ACTION_UP, keyCode=KEYCODE_DPAD_DOWN, scanCode=108, metaState=0, flags=0x8, repeatCount=0, eventTime=156292956, downTime=156292744, deviceId=1, source=0x101 }
D/InputEventConsistencyVerifier( 2093):   5: sent at 156292744000000, KeyEvent { action=ACTION_DOWN, keyCode=KEYCODE_DPAD_DOWN, scanCode=108, metaState=0, flags=0x8, repeatCount=0, eventTime=156292744, downTime=156292744, deviceId=1, source=0x101 }
D/NetUpdate( 2093): progressValue--->0
D/NetUpdate( 2093): mWriteSD--->true
D/NetUpdate( 2093): mBootCheckZipExist--->false
D/HomePlayerLib(29217): hostaddress count is 1
D/dalvikvm(29217): GC_CONCURRENT freed 1950K, 47% free 7236K/13443K, paused 3ms+3ms
D/NetUpdate( 2093): progressValue--->0
D/NetUpdate( 2093): mWriteSD--->true
D/NetUpdate( 2093): mBootCheckZipExist--->false
D/dalvikvm(29217): GC_CONCURRENT freed 1935K, 46% free 7371K/13443K, paused 2ms+3ms
D/NetUpdate( 2093): progressValue--->0
D/NetUpdate( 2093): mWriteSD--->true
D/NetUpdate( 2093): mBootCheckZipExist--->false
D/NetUpdate( 2093): progressValue--->0
D/NetUpdate( 2093): mWriteSD--->true
D/NetUpdate( 2093): mBootCheckZipExist--->false
D/dalvikvm(29217): GC_CONCURRENT freed 2079K, 47% free 7243K/13443K, paused 2ms+3ms

[156839.601807] IR: [03932] scan key value is 0xea15c936 
[156839.601812]  
[156839.654305] IR: [03932] scan key value is 0xea15c936 
[156839.654309]  D/NetUpdate( 2093): progressValue--->0
D/NetUpdate( 2093): mWriteSD--->true
D/NetUpdate( 2093): mBootCheckZipExist--->false
D/NetUpdate( 2093): progressValue--->0
D/NetUpdate( 2093): mWriteSD--->true
D/NetUpdate( 2093): mBootCheckZipExist--->false
D/dalvikvm(29217): GC_CONCURRENT freed 1952K, 47% free 7241K/13443K, paused 3ms+4ms

[156840.635208] IR: [03932] scan key value is 0xee11c936 
[156840.635212]  D/NetUpdate( 2093): progressValue--->0
D/NetUpdate( 2093): mWriteSD--->true
D/NetUpdate( 2093): mBootCheckZipExist--->false
D/NetUpdate( 2093): progressValue--->0
D/NetUpdate( 2093): mWriteSD--->true
D/NetUpdate( 2093): mBootCheckZipExist--->false
D/NetUpdate( 2093): progressValue--->0
D/NetUpdate( 2093): mWriteSD--->true
D/NetUpdate( 2093): mBootCheckZipExist--->false

[156842.066440] IR: [03932] scan key value is 0xee11c936 
[156842.066445]  
[156842.118936] IR: [03932] scan key value is 0xee11c936 
[156842.118941]  D/NetUpdate( 2093): progressValue--->0
D/NetUpdate( 2093): mWriteSD--->true
D/NetUpdate( 2093): mBootCheckZipExist--->false

[156842.729933] IR: [03932] scan key value is 0xea15c936 
[156842.729937]  
[156842.782469] IR: [03932] scan key value is 0xea15c936 
[156842.782476]  D/InputEventConsistencyVerifier( 2093): KeyEvent: ACTION_UP but key was not down.
D/InputEventConsistencyVerifier( 2093):   in android.widget.ListView@430ff3f8
D/InputEventConsistencyVerifier( 2093):   0: sent at 156842944000000, KeyEvent { action=ACTION_UP, keyCode=KEYCODE_DPAD_DOWN, scanCode=108, metaState=0, flags=0x8, repeatCount=0, eventTime=156842944, downTime=156842731, deviceId=1, source=0x101 }
D/InputEventConsistencyVerifier( 2093):   -- recent events --
D/InputEventConsistencyVerifier( 2093):   1: sent at 156842067000000, (unhandled) KeyEvent { action=ACTION_DOWN, keyCode=KEYCODE_DPAD_UP, scanCode=103, metaState=0, flags=0x8, repeatCount=0, eventTime=156842067, downTime=156842067, deviceId=1, source=0x101 }
D/InputEventConsistencyVerifier( 2093):   2: sent at 156840796000000, (unhandled) KeyEvent { action=ACTION_UP, keyCode=KEYCODE_DPAD_UP, scanCode=103, metaState=0, flags=0x8, repeatCount=0, eventTime=156840796, downTime=156840636, deviceId=1, source=0x101 }
D/InputEventConsistencyVerifier( 2093):   3: sent at 156840636000000, KeyEvent { action=ACTION_DOWN, keyCode=KEYCODE_DPAD_UP, scanCode=103, metaState=0, flags=0x8, repeatCount=0, eventTime=156840636, downTime=156840636, deviceId=1, source=0x101 }
D/InputEventConsistencyVerifier( 2093):   4: sent at 156839816000000, (unhandled) KeyEvent { action=ACTION_UP, keyCode=KEYCODE_DPAD_DOWN, scanCode=108, metaState=0, flags=0x8, repeatCount=0, eventTime=156839816, downTime=156839603, deviceId=1, source=0x101 }
D/InputEventConsistencyVerifier( 2093):   5: sent at 156839603000000, KeyEvent { action=ACTION_DOWN, keyCode=KEYCODE_DPAD_DOWN, scanCode=108, metaState=0, flags=0x8, repeatCount=0, eventTime=156839603, downTime=156839603, deviceId=1, source=0x101 }

[156843.185365] IR: [03932] scan key value is 0xea15c936 
[156843.185370]  
[156843.237859] IR: [03932] scan key value is 0xea15c936 
[156843.237864]  D/NetUpdate( 2093): progressValue--->0
D/NetUpdate( 2093): mWriteSD--->true
D/NetUpdate( 2093): mBootCheckZipExist--->false

[156843.826912] IR: [03932] scan key value is 0xee11c936 
[156843.826917]  
[156843.879399] IR: [03932] scan key value is 0xee11c936 
[156843.879404]  
[156844.125305] IR: [03932] scan key value is 0xee11c936 
[156844.125310]  
[156844.177796] IR: [03932] scan key value is 0xee11c936 
[156844.177801]  D/InputEventConsistencyVerifier( 2093): KeyEvent: ACTION_UP but key was not down.
D/InputEventConsistencyVerifier( 2093):   in android.widget.RelativeLayout@415bf928
D/InputEventConsistencyVerifier( 2093):   0: sent at 156844340000000, KeyEvent { action=ACTION_UP, keyCode=KEYCODE_DPAD_UP, scanCode=103, metaState=0, flags=0x8, repeatCount=0, eventTime=156844340, downTime=156844126, deviceId=1, source=0x101 }
D/InputEventConsistencyVerifier( 2093):   -- recent events --
D/InputEventConsistencyVerifier( 2093):   1: sent at 156842731000000, (unhandled) KeyEvent { action=ACTION_DOWN, keyCode=KEYCODE_DPAD_DOWN, scanCode=108, metaState=0, flags=0x8, repeatCount=0, eventTime=156842731, downTime=156842731, deviceId=1, source=0x101 }
D/InputEventConsistencyVerifier( 2093):   2: sent at 156842280000000, (unhandled) KeyEvent { action=ACTION_UP, keyCode=KEYCODE_DPAD_UP, scanCode=103, metaState=0, flags=0x8, repeatCount=0, eventTime=156842280, downTime=156842067, deviceId=1, source=0x101 }
D/InputEventConsistencyVerifier( 2093):   3: sent at 156834975000000, (unhandled) KeyEvent { action=ACTION_DOWN, keyCode=KEYCODE_DPAD_DOWN, scanCode=108, metaState=0, flags=0x8, repeatCount=0, eventTime=156834975, downTime=156834975, deviceId=1, source=0x101 }
D/InputEventConsistencyVerifier( 2093):   4: sent at 156834428000000, (unhandled) KeyEvent { action=ACTION_UP, keyCode=KEYCODE_DPAD_DOWN, scanCode=108, metaState=0, flags=0x8, repeatCount=0, eventTime=156834428, downTime=156834219, deviceId=1, source=0x101 }
D/InputEventConsistencyVerifier( 2093):   5: sent at 156307159000000, (unhandled) KeyEvent { action=ACTION_DOWN, keyCode=KEYCODE_DPAD_UP, scanCode=103, metaState=0, flags=0x8, repeatCount=0, eventTime=156307159, downTime=156307159, deviceId=1, source=0x101 }
D/NetUpdate( 2093): progressValue--->0
D/NetUpdate( 2093): mWriteSD--->true
D/NetUpdate( 2093): mBootCheckZipExist--->false

[156844.746972] IR: [03932] scan key value is 0xea15c936 
[156844.746977]  
[156844.799474] IR: [03932] scan key value is 0xea15c936 
[156844.799479]  D/InputEventConsistencyVerifier( 2093): KeyEvent: ACTION_UP but key was not down.
D/InputEventConsistencyVerifier( 2093):   in android.widget.ListView@430ff3f8
D/InputEventConsistencyVerifier( 2093):   0: sent at 156844960000000, KeyEvent { action=ACTION_UP, keyCode=KEYCODE_DPAD_DOWN, scanCode=108, metaState=0, flags=0x8, repeatCount=0, eventTime=156844960, downTime=156844748, deviceId=1, source=0x101 }
D/InputEventConsistencyVerifier( 2093):   -- recent events --
D/InputEventConsistencyVerifier( 2093):   1: sent at 156844126000000, (unhandled) KeyEvent { action=ACTION_DOWN, keyCode=KEYCODE_DPAD_UP, scanCode=103, metaState=0, flags=0x8, repeatCount=0, eventTime=156844126, downTime=156844126, deviceId=1, source=0x101 }
D/InputEventConsistencyVerifier( 2093):   2: sent at 156844040000000, (unhandled) KeyEvent { action=ACTION_UP, keyCode=KEYCODE_DPAD_UP, scanCode=103, metaState=0, flags=0x8, repeatCount=0, eventTime=156844040, downTime=156843828, deviceId=1, source=0x101 }
D/InputEventConsistencyVerifier( 2093):   3: sent at 156843828000000, KeyEvent { action=ACTION_DOWN, keyCode=KEYCODE_DPAD_UP, scanCode=103, metaState=0, flags=0x8, repeatCount=0, eventTime=156843828, downTime=156843828, deviceId=1, source=0x101 }
D/InputEventConsistencyVerifier( 2093):   4: sent at 156843400000000, (unhandled) KeyEvent { action=ACTIO
[156845.090273] IR: [03932] scan key value is 0xea15c936 
[156845.090278]  N_UP, keyCode=KEYCODE_DPAD_DOWN, scanCode=108, metaState=0, flags=0x8, repeatCount=0, eventTime=156843400, downTime=156843186, deviceId=1, source=0x101 }
D/InputEventConsistencyVerifier( 2093):   5: sent at 156843186000000, KeyEvent { action=ACTION_DOWN, keyCode=KEYCODE_DPAD_DOWN, scanCode=108, metaState=0, flags=0x8, repeatCount=0, eventTime=156843186, downTime=156843186, deviceId=1, source=0x101 }

[156845.142769] IR: [03932] scan key value is 0xea15c936 
[156845.142774]  D/dalvikvm(29217): GC_CONCURRENT freed 1954K, 46% free 7278K/13443K, paused 2ms+3ms

[156845.543373] IR: [03932] scan key value is 0xee11c936 
[156845.543378]  
[156845.595851] IR: [03932] scan key value is 0xee11c936 
[156845.595857]  D/NetUpdate( 2093): progressValue--->0
D/NetUpdate( 2093): mWriteSD--->true
D/NetUpdate( 2093): mBootCheckZipExist--->false

[156845.937465] IR: [03932] scan key value is 0xee11c936 
[156845.937470]  
[156845.989955] IR: [03932] scan key value is 0xee11c936 
[156845.989960]  D/InputEventConsistencyVerifier( 2093): KeyEvent: ACTION_UP but key was not down.
D/InputEventConsistencyVerifier( 2093):   in android.widget.RelativeLayout@415bf928
D/InputEventConsistencyVerifier( 2093):   0: sent at 156846152000000, KeyEvent { action=ACTION_UP, keyCode=KEYCODE_DPAD_UP, scanCode=103, metaState=0, flags=0x8, repeatCount=0, eventTime=156846152, downTime=156845938, deviceId=1, source=0x101 }
D/InputEventConsistencyVerifier( 2093):   -- recent events --
D/InputEventConsistencyVerifier( 2093):   1: sent at 156844748000000, (unhandled) KeyEvent { action=ACTION_DOWN, keyCode=KEYCODE_DPAD_DOWN, scanCode=108, metaState=0, flags=0x8, repeatCount=0, eventTime=156844748, downTime=156844748, deviceId=1, source=0x101 }
D/InputEventConsistencyVerifier( 2093):   2: sent at 156844340000000, (unhandled) KeyEvent { action=ACTION_UP, keyCode=KEYCODE_DPAD_UP, scanCode=103, metaState=0, flags=0x80000008, repeatCount=0, eventTime=156844340, downTime=156844126, deviceId=1, source=0x101 }
D/InputEventConsistencyVerifier( 2093):   3: sent at 156842731000000, (unhandled) KeyEvent { action=ACTION_DOWN, keyCode=KEYCODE_DPAD_DOWN, scanCode=108, metaState=0, flags=0x8, repeatCount=0, eventTime=156842731, downTime=156842731, deviceId=1, source=0x101 }
D/InputEventConsistencyVerifier( 2093):   4: sent at 156842280000000, (unhandled) KeyEvent { action=ACTION_UP, keyCode=KEYCODE_DPAD_UP, scanCode=103, metaState=0, flags=0x8, repeatCount=0, eventTime=156842280, downTime=156842067, deviceId=1, source=0x101 }
D/InputEventConsistencyVerifier( 2093):   5: sent at 156834975000000, (unhandled) KeyEvent { action=ACTION_DOWN, keyCode=KEYCODE_DPAD_DOWN, scanCode=108, metaState=0, flags=0x8, repeatCount=0, eventTime=156834975, downTime=156834975, deviceId=1, source=0x101 }
D/dalvikvm(29217): GC_CONCURRENT freed 1991K, 47% free 7254K/13443K, paused 3ms+4ms
D/NetUpdate( 2093): progressValue--->0
D/NetUpdate( 2093): mWriteSD--->true
D/NetUpdate( 2093): mBootCheckZipExist--->false

[156846.778860] IR: [03932] scan key value is 0xea15c936 
[156846.778866]  
[156846.831350] IR: [03932] scan key value is 0xea15c936 
[156846.831355]  D/InputEventConsistencyVerifier( 2093): KeyEvent: ACTION_UP but key was not down.
D/InputEventConsistencyVerifier( 2093):   in android.widget.ListView@430ff3f8
D/InputEventConsistencyVerifier( 2093):   0: sent at 156846996000000, KeyEvent { action=ACTION_UP, keyCode=KEYCODE_DPAD_DOWN, scanCode=108, metaState=0, flags=0x8, repeatCount=0, eventTime=156846996, downTime=156846780, deviceId=1, source=0x101 }
D/InputEventConsistencyVerifier( 2093):   -- recent events --
D/InputEventConsistencyVerifier( 2093):   1: sent at 156845938000000, (unhandled) KeyEvent { action=ACTION_DOWN, keyCode=KEYCODE_DPAD_UP, scanCode=103, metaState=0, flags=0x8, repeatCount=0, eventTime=156845938, downTime=156845938, deviceId=1, source=0x101 }
D/InputEventConsistencyVerifier( 2093):   2: sent at 156845756000000, (unhandled) KeyEvent { action=ACTION_UP, keyCode=KEYCODE_DPAD_UP, scanCode=103, metaState=0, flags=0x8, repeatCount=0, eventTime=156845756, downTime=156845544, deviceId=1, source=0x101 }
D/InputEventConsistencyVerifier( 2093):   3: sent at 156845544000000, KeyEvent { action=ACTION_DOWN, keyCode=KEYCODE_DPAD_UP, scanCode=103, metaState=0, flags=0x8, repeatCount=0, eventTime=156845544, downTime=156845544, deviceId=1, source=0x101 }
D/InputEventConsistencyVerifier( 2093):   4: sent at 156845304000000, (unhandled) KeyEvent { action=ACTION_UP, keyCode=KEYCODE_DPAD_DOWN, scanCode=108, metaState=0, flags=0x8, repeatCount=0, eventTime=156845304, downTime=156845092, deviceId=1, source=0x101 }
D/InputEventConsistencyVerifier( 2093):   5: sent at 156845092000000, KeyEvent { action=ACTION_DOWN, keyCode=KEYCODE_DPAD_DOWN, scanCode=108, metaState=0, flags=0x8, repeatCount=0, eventTime=156845092, downTime=156845092, deviceId=1, source=0x101 }
D/HomePlayerLib(29217): hostaddress count is 1
D/dalvikvm(29217): GC_CONCURRENT freed 1976K, 46% free 7320K/13443K, paused 2ms+3ms

[156847.465095] IR: [03932] scan key value is 0xee11c936 
[156847.465100]  
[156847.517619] IR: [03932] scan key value is 0xee11c936 
[156847.517626]  D/dalvikvm(29217): GC_CONCURRENT freed 2032K, 46% free 7259K/13443K, paused 4ms+21ms
D/InputEventConsistencyVerifier( 2093): KeyEvent: ACTION_UP but key was not down.
D/InputEventConsistencyVerifier( 2093):   in android.widget.RelativeLayout@415bf928
D/InputEventConsistencyVerifier( 2093):   0: sent at 156847680000000, KeyEvent { action=ACTION_UP, keyCode=KEYCODE_DPAD_UP, scanCode=103, metaState=0, flags=0x8, repeatCount=0, eventTime=156847680, downTime=156847466, deviceId=1, source=0x101 }
D/InputEventConsistencyVerifier( 2093):   -- recent events --
D/InputEventConsistencyVerifier( 2093):   1: sent at 156846780000000, (unhandled) KeyEvent { action=ACTION_DOWN, keyCode=KEYCODE_DPAD_DOWN, scanCode=108, metaState=0, flags=0x8, repeatCount=0, eventTime=156846780, downTime=156846780, deviceId=1, source=0x101 }
D/InputEventConsistencyVerifier( 2093):   2: sent at 156846152000000, (unhandled) KeyEvent { action=ACTION_UP, keyCode=KEYCODE_DPAD_UP, scanCode=103, metaState=0, flags=0x80000008, repeatCount=0, eventTime=156846152, downTime=156845938, deviceId=1, source=0x101 }
D/InputEventConsistencyVerifier( 2093):   3: sent at 156844748000000, (unhandled) KeyEvent { action=ACTION_DOWN, keyCode=KEYCODE_DPAD_DOWN, scanCode=108, metaState=0, flags=0x8, repeatCount=0, eventTime=156844748, downTime=156844748, deviceId=1, source=0x101 }
D/InputEventConsistencyVerifier( 2093):   4: sent at 156844340000000, (unhandled) KeyEvent { action=ACTION_UP, keyCode=KEYCODE_DPAD_UP, scanCode=103, metaState=0, flags=0x80000008, repeatCount=0, eventTime=156844340, downTime=156844126, deviceId=1, source=0x101 }
D/InputEventConsistencyVerifier( 2093):   5: sent at 156842731000000, (unhandled) KeyEvent { action=ACTION_DOWN, keyCode=KEYCODE_DPAD_DOWN, scanCode=108, metaState=0, flags=0x8, repeatCount=0, eventTime=156842731, downTime=156842731, deviceId=1, source=0x101 }
D/NetUpdate( 2093): progressValue--->0
D/NetUpdate( 2093): mWriteSD--->true
D/NetUpdate( 2093): mBootCheckZipExist--->false

[156848.043619] IR: [03932] scan key value is 0xea15c936 
[156848.043624]  
[156848.096115] IR: [03932] scan key value is 0xea15c936 
[156848.096120]  D/dalvikvm(29217): GC_CONCURRENT freed 1957K, 46% free 7350K/13443K, paused 2ms+3ms
D/InputEventConsistencyVerifier( 2093): KeyEvent: ACTION_UP but key was not down.
D/InputEventConsistencyVerifier( 2093):   in android.widget.ListView@430ff3f8
D/InputEventConsistencyVerifier( 2093):   0: sent at 156848256000000, KeyEvent { action=ACTION_UP, keyCode=KEYCODE_DPAD_DOWN, scanCode=108, metaState=0, flags=0x8, repeatCount=0, eventTime=156848256, downTime=156848044, deviceId=1, source=0x101 }
D/InputEventConsistencyVerifier( 2093):   -- recent events --
D/InputEventConsistencyVerifier( 2093):   1: sent at 156847466000000, (unhandled) KeyEvent { action=ACTION_DOWN, keyCode=KEYCODE_DPAD_UP, scanCode=103, metaState=0, flags=0x8, repeatCount=0, eventTime=156847466, downTime=156847466, deviceId=1, source=0x101 }
D/InputEventConsistencyVerifier( 2093):   2: sent at 156846996000000, (unhandled) KeyEvent { action=ACTION_UP, keyCode=KEYCODE_DPAD_DOWN, scanCode=108, metaState=0, flags=0x80000008, repeatCount=0, eventTime=156846996, downTime=156846780, deviceId=1, source=0x101 }
D/InputEventConsistencyVerifier( 2093):   3: sent at 156845938000000, (unhandled) KeyEvent { action=ACTION_DOWN, keyCode=KEYCODE_DPAD_UP, scanCode=103, metaState=0, flags=0x8, repeatCount=0, eventTime=156845938, downTime=156845938, deviceId=1, source=0x101 }
D/InputEventConsistencyVerifier( 2093):   4: sent at 156845756000000, (unhandled) KeyEvent { action=ACTION_UP, keyCode=KEYCODE_DPAD_UP, scanCode=103, metaState=0, flags=0x8, repeatCount=0, eventTime=156845756, downTime=156845544, deviceId=1, source=0x101 }
D/InputEventConsistencyVerifier( 2093):   5: sent at 156845544000000, KeyEvent { action=ACTION_DOWN, keyCode=KEYCODE_DPAD_UP, scanCode=103, metaState=0, flags=0x8, repeatCount=0, eventTime=156845544, downTime=156845544, deviceId=1, source=0x101 }

[156848.596854] IR: [03932] scan key value is 0xea15c936 
[156848.596860]  
[156848.649345] IR: [03932] scan key value is 0xea15c936 
[156848.649350]  D/NetUpdate( 2093): progressValue--->0
D/NetUpdate( 2093): mWriteSD--->true
D/NetUpdate( 2093): mBootCheckZipExist--->false
D/NetUpdate( 2093): progressValue--->0
D/NetUpdate( 2093): mWriteSD--->true
D/NetUpdate( 2093): mBootCheckZipExist--->false
D/dalvikvm(29217): GC_CONCURRENT freed 2059K, 47% free 7240K/13443K, paused 3ms+3ms
D/dalvikvm(29217): GC_CONCURRENT freed 1961K, 47% free 7226K/13443K, paused 2ms+3ms
D/NetUpdate( 2093): progressValue--->0
D/NetUpdate( 2093): mWriteSD--->true
D/NetUpdate( 2093): mBootCheckZipExist--->false
I/wpa_supplicant(29553): wfd0: P2P-GROUP-FORMATION-FAILURE 
I/wpa_supplicant(29553): wfd0: P2P-GROUP-REMOVED wfd0 GO
I/wpa_supplicant(29553): wfd0: P2P-DEVICE-LOST p2p_dev_addr=02:90:4c:78:03:ff
I/wpa_supplicant(29553): wfd0: P2P-DEVICE-LOST p2p_dev_addr=02:90:4c:00:03:10
D/MiracastControl( 1620): android.net.wifi.p2p.PEERS_CHANGED
D/WifiP2pService(  945): GroupNegotiationState{ what=147484 when=-1ms }
D/WifiP2pService(  945): GroupNegotiationState go failure
D/WifiP2pService(  945): InactiveState
I/TabletStatusBar( 1155): receiver broadcast
D/WifiDirectSetting( 2093): --------------WIFI_P2P_PEERS_CHANGED_ACTION
I/TabletStatusBar( 1155): receiver broadcast
D/WifiDirectSetting( 2093): --------------WIFI_P2P_PEERS_CHANGED_ACTION
D/WifiP2pService(  945): InactiveState{ what=147486 when=-11ms obj=network: null
D/WifiP2pService(  945):  isGO: true
D/WifiP2pService(  945):  GO: null
D/WifiP2pService(  945):  interface: wfd0 }
D/WifiP2pService(  945): P2pEnabledState{ what=147486 when=-12ms obj=network: null
D/WifiP2pService(  945):  isGO: true
D/WifiP2pService(  945):  GO: null
D/WifiP2pService(  945):  interface: wfd0 }
D/WifiP2pService(  945): DefaultState{ what=147486 when=-12ms obj=network: null
D/WifiP2pService(  945):  isGO: true
D/WifiP2pService(  945):  GO: null
D/WifiP2pService(  945):  interface: wfd0 }
E/WifiP2pService(  945): Unhandled message { what=147486 when=-12ms obj=network: null
E/WifiP2pService(  945):  isGO: true
E/WifiP2pService(  945):  GO: null
E/WifiP2pService(  945):  interface: wfd0 }
D/WifiP2pService(  945): InactiveState{ what=147478 when=-11ms obj=Device: 
D/WifiP2pService(  945):  deviceAddress: 02:90:4c:78:03:ff
D/WifiP2pService(  945):  primary type: null
D/WifiP2pService(  945):  secondary type: null
D/WifiP2pService(  945):  wps: 0
D/WifiP2pService(  945):  grpcapab: 0
D/WifiP2pService(  945):  devcapab: 0
D/WifiP2pService(  945):  status: 4
D/WifiP2pService(  945):  wfdInfo: null }
D/WifiP2pService(  945): P2pEnabledState{ what=147478 when=-12ms obj=Device: 
D/WifiP2pService(  945):  deviceAddress: 02:90:4c:78:03:ff
D/WifiP2pService(  945):  primary type: null
D/WifiP2pService(  945):  secondary type: null
D/WifiP2pService(  945):  wps: 0
D/WifiP2pService(  945):  grpcapab: 0
D/WifiP2pService(  945):  devcapab: 0
D/WifiP2pService(  945):  status: 4
D/WifiP2pService(  945):  wfdInfo: null }
D/WifiP2pService(  945): InactiveState{ what=147462 when=-12ms obj=android.net.wifi.StateChangeResult@4164c748 }
D/WifiP2pService(  945): P2pEnabledState{ what=147462 when=-12ms obj=android.net.wifi.StateChangeResult@4164c748 }
D/WifiP2pService(  945): DefaultState{ what=147462 when=-13ms obj=android.net.wifi.StateChangeResult@4164c748 }
E/WifiP2pService(  945): Unhandled message { what=147462 when=-13ms obj=android.net.wifi.StateChangeResult@4164c748 }
D/WifiP2pService(  945): InactiveState{ what=147478 when=-11ms obj=Device: 
D/WifiP2pService(  945):  deviceAddress: 02:90:4c:00:03:10
D/WifiP2pService(  945):  primary type: null
D/WifiP2pService(  945):  secondary type: null
D/WifiP2pService(  945):  wps: 0
D/WifiP2pService(  945):  grpcapab: 0
D/WifiP2pService(  945):  devcapab: 0
D/WifiP2pService(  945):  status: 4
D/WifiP2pService(  945):  wfdInfo: null }
D/WifiP2pService(  945): P2pEnabledState{ what=147478 when=-11ms obj=Device: 
D/WifiP2pService(  945):  deviceAddress: 02:90:4c:00:03:10
D/WifiP2pService(  945):  primary type: null
D/WifiP2pService(  945):  secondary type: null
D/WifiP2pService(  945):  wps: 0
D/WifiP2pService(  945):  grpcapab: 0
D/WifiP2pService(  945):  devcapab: 0
D/WifiP2pService(  945):  status: 4
D/WifiP2pService(  945):  wfdInfo: null }
D/WifiP2pService(  945): InactiveState{ what=139286 when=-11ms arg2=41 }
D/WifiP2pService(  945): P2pEnabledState{ what=139286 when=-11ms arg2=41 }
D/WifiP2pService(  945): DefaultState{ what=139286 when=-11ms arg2=41 }
D/MiracastControl( 1620): android.net.wifi.p2p.PEERS_CHANGED
D/WifiDirectSetting( 2093): mPeers.size=2
D/WifiP2pService(  945): InactiveState{ what=139286 when=-11ms arg2=34 }
D/WifiP2pService(  945): P2pEnabledState{ what=139286 when=-11ms arg2=34 }
D/WifiP2pService(  945): DefaultState{ what=139286 when=-12ms arg2=34 }
D/WifiP2pService(  945): InactiveState{ what=139286 when=-2ms arg2=35 }
D/WifiP2pService(  945): P2pEnabledState{ what=139286 when=-3ms arg2=35 }
D/WifiP2pService(  945): DefaultState{ what=139286 when=-3ms arg2=35 }
I/TabletStatusBar( 1155): receiver broadcast
D/MiracastControl( 1620): android.net.wifi.p2p.PEERS_CHANGED
D/WifiP2pService(  945): InactiveState{ what=139286 when=-2ms arg2=42 }
D/WifiP2pService(  945): P2pEnabledState{ what=139286 when=-3ms arg2=42 }
D/WifiP2pService(  945): DefaultState{ what=139286 when=-3ms arg2=42 }
D/WifiP2pService(  945): InactiveState{ what=139286 when=0 arg2=43 }
D/WifiP2pService(  945): P2pEnabledState{ what=139286 when=0 arg2=43 }
D/WifiP2pService(  945): DefaultState{ what=139286 when=0 arg2=43 }
D/WifiP2pService(  945): InactiveState{ what=139271 when=-1ms }
D/WifiP2pService(  945): P2pEnabledState{ what=139271 when=-2ms }
D/WifiDirectSetting( 2093): mPeers.size=0
D/WifiDirectSetting( 2093): --------------WIFI_P2P_PEERS_CHANGED_ACTION
D/WifiP2pService(  945): InactiveState{ what=139286 when=0 arg2=36 }
D/WifiP2pService(  945): P2pEnabledState{ what=139286 when=0 arg2=36 }
D/WifiP2pService(  945): DefaultState{ what=139286 when=0 arg2=36 }
D/WifiDirectSetting( 2093): mPeers.size=0
D/dalvikvm(29217): GC_CONCURRENT freed 1948K, 47% free 7237K/13443K, paused 3ms+4ms
D/NetUpdate( 2093): progressValue--->0
D/NetUpdate( 2093): mWriteSD--->true
D/NetUpdate( 2093): mBootCheckZipExist--->false
D/dalvikvm(29217): GC_CONCURRENT freed 1956K, 47% free 7207K/13443K, paused 2ms+3ms
D/NetUpdate( 2093): progressValue--->0
D/NetUpdate( 2093): mWriteSD--->true
D/NetUpdate( 2093): mBootCheckZipExist--->false
D/NetUpdate( 2093): progressValue--->0
D/NetUpdate( 2093): mWriteSD--->true
D/NetUpdate( 2093): mBootCheckZipExist--->false
D/dalvikvm(29217): GC_CONCURRENT freed 1924K, 47% free 7223K/13443K, paused 2ms+3ms
D/dalvikvm(29217): GC_CONCURRENT freed 1947K, 46% free 7360K/13443K, paused 2ms+3ms
D/NetUpdate( 2093): progressValue--->0
D/NetUpdate( 2093): mWriteSD--->true
D/NetUpdate( 2093): mBootCheckZipExist--->false
D/dalvikvm(29217): GC_CONCURRENT freed 2068K, 46% free 7346K/13443K, paused 2ms+3ms
D/NetUpdate( 2093): progressValue--->0
D/NetUpdate( 2093): mWriteSD--->true
D/NetUpdate( 2093): mBootCheckZipExist--->false
D/dalvikvm(29217): GC_CONCURRENT freed 2065K, 47% free 7230K/13443K, paused 2ms+3ms
D/NetUpdate( 2093): progressValue--->0
D/NetUpdate( 2093): mWriteSD--->true
D/NetUpdate( 2093): mBootCheckZipExist--->false
D/NetUpdate( 2093): progressValue--->0
D/NetUpdate( 2093): mWriteSD--->true
D/NetUpdate( 2093): mBootCheckZipExist--->false
D/NetUpdate( 2093): progressValue--->0
D/NetUpdate( 2093): mWriteSD--->true
D/NetUpdate( 2093): mBootCheckZipExist--->false
I/wpa_supplicant(29553): wfd0: P2P-DEVICE-FOUND 02:90:4c:00:03:10 p2p_dev_addr=02:90:4c:00:03:10 pri_dev_type=10-0050F204-5 name='Android_5e77' config_methods=0x188 dev_capab=0x24 group_capab=0x0 wfd_dev_info=0x0000060010216a0014
I/wpa_supplicant(29553): wfd0: P2P-DEVICE-FOUND 02:90:4c:78:01:93 p2p_dev_addr=02:90:4c:78:01:93 pri_dev_type=10-0050F204-5 name='Android_aa99' config_methods=0x188 dev_capab=0x24 group_capab=0x0 wfd_dev_info=0x0000060010216a0014
D/WifiP2pService(  945): InactiveState{ what=147477 when=-1ms obj=Device: Android_5e77
D/WifiP2pService(  945):  deviceAddress: 02:90:4c:00:03:10
D/WifiP2pService(  945):  primary type: 10-0050F204-5
D/WifiP2pService(  945):  secondary type: null
D/WifiP2pService(  945):  wps: 392
D/WifiP2pService(  945):  grpcapab: 0
D/WifiP2pService(  945):  devcapab: 36
D/WifiP2pService(  945):  status: 3
D/WifiP2pService(  945):  wfdInfo: WFD enabled: trueWFD DeviceInfo: 16
D/WifiP2pService(  945):  WFD CtrlPort: 8554
D/WifiP2pService(  945):  WFD MaxThroughput: 20 }
D/WifiP2pService(  945): P2pEnabledState{ what=147477 when=-1ms obj=Device: Android_5e77
D/WifiP2pService(  945):  deviceAddress: 02:90:4c:00:03:10
D/WifiP2pService(  945):  primary type: 10-0050F204-5
D/WifiP2pService(  945):  secondary type: null
D/WifiP2pService(  945):  wps: 392
D/WifiP2pService(  945):  grpcapab: 0
D/WifiP2pService(  945):  devcapab: 36
D/WifiP2pService(  945):  status: 3
D/WifiP2pService(  945):  wfdInfo: WFD enabled: trueWFD DeviceInfo: 16
D/WifiP2pService(  945):  WFD CtrlPort: 8554
D/WifiP2pService(  945):  WFD MaxThroughput: 20 }
D/WifiP2pService(  945): InactiveState{ what=147477 when=-1ms obj=Device: Android_aa99
D/WifiP2pService(  945):  deviceAddress: 02:90:4c:78:01:93
D/WifiP2pService(  945):  primary type: 10-0050F204-5
D/WifiP2pService(  945):  secondary type: null
D/WifiP2pService(  945):  wps: 392
D/WifiP2pService(  945):  grpcapab: 0
D/WifiP2pService(  945):  devcapab: 36
D/WifiP2pService(  945):  status: 3
D/WifiP2pService(  945):  wfdInfo: WFD enabled: trueWFD DeviceInfo: 16
D/WifiP2pService(  945):  WFD CtrlPort: 8554
D/WifiP2pService(  945):  WFD MaxThroughput: 20 }
I/TabletStatusBar( 1155): receiver broadcast
D/MiracastControl( 1620): android.net.wifi.p2p.PEERS_CHANGED
D/WifiDirectSetting( 2093): --------------WIFI_P2P_PEERS_CHANGED_ACTION
D/WifiP2pService(  945): P2pEnabledState{ what=147477 when=-1ms obj=Device: Android_aa99
D/WifiP2pService(  945):  deviceAddress: 02:90:4c:78:01:93
D/WifiP2pService(  945):  primary type: 10-0050F204-5
D/WifiP2pService(  945):  secondary type: null
D/WifiP2pService(  945):  wps: 392
D/WifiP2pService(  945):  grpcapab: 0
D/WifiP2pService(  945):  devcapab: 36
D/WifiP2pService(  945):  status: 3
D/WifiP2pService(  945):  wfdInfo: WFD enabled: trueWFD DeviceInfo: 16
D/WifiP2pService(  945):  WFD CtrlPort: 8554
D/WifiP2pService(  945):  WFD MaxThroughput: 20 }
D/WifiP2pService(  945): InactiveState{ what=139286 when=-1ms arg2=44 }
D/WifiP2pService(  945): P2pEnabledState{ what=139286 when=-1ms arg2=44 }
I/TabletStatusBar( 1155): receiver broadcast
D/MiracastControl( 1620): android.net.wifi.p2p.PEERS_CHANGED
D/WifiDirectSetting( 2093): --------------WIFI_P2P_PEERS_CHANGED_ACTION
D/WifiP2pService(  945): DefaultState{ what=139286 when=-2ms arg2=44 }
D/WifiP2pService(  945): InactiveState{ what=139286 when=-3ms arg2=37 }
D/WifiP2pService(  945): P2pEnabledState{ what=139286 when=-3ms arg2=37 }
D/WifiP2pService(  945): DefaultState{ what=139286 when=-3ms arg2=37 }
D/WifiDirectSetting( 2093): peer=Device: Android_5e77
D/WifiDirectSetting( 2093):  deviceAddress: 02:90:4c:00:03:10
D/WifiDirectSetting( 2093):  primary type: 10-0050F204-5
D/WifiDirectSetting( 2093):  secondary type: null
D/WifiDirectSetting( 2093):  wps: 392
D/WifiDirectSetting( 2093):  grpcapab: 0
D/WifiDirectSetting( 2093):  devcapab: 36
D/WifiDirectSetting( 2093):  status: 3
D/WifiDirectSetting( 2093):  wfdInfo: WFD enabled: trueWFD DeviceInfo: 16
D/WifiDirectSetting( 2093):  WFD CtrlPort: 8554
D/WifiDirectSetting( 2093):  WFD MaxThroughput: 20
D/WifiDirectSetting( 2093): peer=Device: Android_aa99
D/WifiDirectSetting( 2093):  deviceAddress: 02:90:4c:78:01:93
D/WifiDirectSetting( 2093):  primary type: 10-0050F204-5
D/WifiDirectSetting( 2093):  secondary type: null
D/WifiDirectSetting( 2093):  wps: 392
D/WifiDirectSetting( 2093):  grpcapab: 0
D/WifiDirectSetting( 2093):  devcapab: 36
D/WifiDirectSetting( 2093):  status: 3
D/WifiDirectSetting( 2093):  wfdInfo: WFD enabled: trueWFD DeviceInfo: 16
D/WifiDirectSetting( 2093):  WFD CtrlPort: 8554
D/WifiDirectSetting( 2093):  WFD MaxThroughput: 20
D/WifiDirectSetting( 2093): mPeers.size=0
D/WifiP2pService(  945): InactiveState{ what=139286 when=-4ms arg2=45 }
D/WifiP2pService(  945): P2pEnabledState{ what=139286 when=-5ms arg2=45 }
D/WifiP2pService(  945): DefaultState{ what=139286 when=-5ms arg2=45 }
D/WifiP2pService(  945): InactiveState{ what=139286 when=-3ms arg2=38 }
D/WifiP2pService(  945): P2pEnabledState{ what=139286 when=-3ms arg2=38 }
D/WifiP2pService(  945): DefaultState{ what=139286 when=-4ms arg2=38 }
D/WifiDirectSetting( 2093): peer=Device: Android_5e77
D/WifiDirectSetting( 2093):  deviceAddress: 02:90:4c:00:03:10
D/WifiDirectSetting( 2093):  primary type: 10-0050F204-5
D/WifiDirectSetting( 2093):  secondary type: null
D/WifiDirectSetting( 2093):  wps: 392
D/WifiDirectSetting( 2093):  grpcapab: 0
D/WifiDirectSetting( 2093):  devcapab: 36
D/WifiDirectSetting( 2093):  status: 3
D/WifiDirectSetting( 2093):  wfdInfo: WFD enabled: trueWFD DeviceInfo: 16
D/WifiDirectSetting( 2093):  WFD CtrlPort: 8554
D/WifiDirectSetting( 2093):  WFD MaxThroughput: 20
D/WifiDirectSetting( 2093): peer=Device: Android_aa99
D/WifiDirectSetting( 2093):  deviceAddress: 02:90:4c:78:01:93
D/WifiDirectSetting( 2093):  primary type: 10-0050F204-5
D/WifiDirectSetting( 2093):  secondary type: null
D/WifiDirectSetting( 2093):  wps: 392
D/WifiDirectSetting( 2093):  grpcapab: 0
D/WifiDirectSetting( 2093):  devcapab: 36
D/WifiDirectSetting( 2093):  status: 3
D/WifiDirectSetting( 2093):  wfdInfo: WFD enabled: trueWFD DeviceInfo: 16
D/WifiDirectSetting( 2093):  WFD CtrlPort: 8554
D/WifiDirectSetting( 2093):  WFD MaxThroughput: 20
D/WifiDirectSetting( 2093): mPeers.size=2
D/dalvikvm(29217): GC_CONCURRENT freed 1939K, 47% free 7254K/13443K, paused 3ms+4ms
I/wpa_supplicant(29553): wfd0: P2P-DEVICE-FOUND 02:90:4c:78:03:ff p2p_dev_addr=02:90:4c:78:03:ff pri_dev_type=10-0050F204-5 name='Android_1860' config_methods=0x188 dev_capab=0x24 group_capab=0x0 wfd_dev_info=0x0000060010216a0014
D/WifiP2pService(  945): InactiveState{ what=147477 when=0 obj=Device: Android_1860
D/WifiP2pService(  945):  deviceAddress: 02:90:4c:78:03:ff
D/WifiP2pService(  945):  primary type: 10-0050F204-5
D/WifiP2pService(  945):  secondary type: null
D/WifiP2pService(  945):  wps: 392
D/WifiP2pService(  945):  grpcapab: 0
D/WifiP2pService(  945):  devcapab: 36
D/WifiP2pService(  945):  status: 3
D/WifiP2pService(  945):  wfdInfo: WFD enabled: trueWFD DeviceInfo: 16
D/WifiP2pService(  945):  WFD CtrlPort: 8554
D/WifiP2pService(  945):  WFD MaxThroughput: 20 }
D/WifiP2pService(  945): P2pEnabledState{ what=147477 when=-1ms obj=Device: Android_1860
D/WifiP2pService(  945):  deviceAddress: 02:90:4c:78:03:ff
D/WifiP2pService(  945):  primary type: 10-0050F204-5
D/WifiP2pService(  945):  secondary type: null
D/WifiP2pService(  945):  wps: 392
D/WifiP2pService(  945):  grpcapab: 0
D/WifiP2pService(  945):  devcapab: 36
D/WifiP2pService(  945):  status: 3
D/WifiP2pService(  945):  wfdInfo: WFD enabled: trueWFD DeviceInfo: 16
D/WifiP2pService(  945):  WFD CtrlPort: 8554
D/WifiP2pService(  945):  WFD MaxThroughput: 20 }
I/TabletStatusBar( 1155): receiver broadcast
D/MiracastControl( 1620): android.net.wifi.p2p.PEERS_CHANGED
D/WifiDirectSetting( 2093): --------------WIFI_P2P_PEERS_CHANGED_ACTION
D/WifiP2pService(  945): InactiveState{ what=139286 when=-1ms arg2=46 }
D/WifiP2pService(  945): P2pEnabledState{ what=139286 when=-1ms arg2=46 }
D/WifiP2pService(  945): DefaultState{ what=139286 when=-1ms arg2=46 }
D/WifiDirectSetting( 2093): peer=Device: Android_5e77
D/WifiDirectSetting( 2093):  deviceAddress: 02:90:4c:00:03:10
D/WifiDirectSetting( 2093):  primary type: 10-0050F204-5
D/WifiDirectSetting( 2093):  secondary type: null
D/WifiDirectSetting( 2093):  wps: 392
D/WifiDirectSetting( 2093):  grpcapab: 0
D/WifiDirectSetting( 2093):  devcapab: 36
D/WifiDirectSetting( 2093):  status: 3
D/WifiDirectSetting( 2093):  wfdInfo: WFD enabled: trueWFD DeviceInfo: 16
D/WifiDirectSetting( 2093):  WFD CtrlPort: 8554
D/WifiDirectSetting( 2093):  WFD MaxThroughput: 20
D/WifiDirectSetting( 2093): peer=Device: Android_aa99
D/WifiDirectSetting( 2093):  deviceAddress: 02:90:4c:78:01:93
D/WifiDirectSetting( 2093):  primary type: 10-0050F204-5
D/WifiDirectSetting( 2093):  secondary type: null
D/WifiDirectSetting( 2093):  wps: 392
D/WifiDirectSetting( 2093):  grpcapab: 0
D/WifiDirectSetting( 2093):  devcapab: 36
D/WifiDirectSetting( 2093):  status: 3
D/WifiDirectSetting( 2093):  wfdInfo: WFD enabled: trueWFD DeviceInfo: 16
D/WifiDirectSetting( 2093):  WFD CtrlPort: 8554
D/WifiDirectSetting( 2093):  WFD MaxThroughput: 20
D/WifiDirectSetting( 2093): peer=Device: Android_1860
D/WifiDirectSetting( 2093):  deviceAddress: 02:90:4c:78:03:ff
D/WifiDirectSetting( 2093):  primary type: 10-0050F204-5
D/WifiDirectSetting( 2093):  secondary type: null
D/WifiDirectSetting( 2093):  wps: 392
D/WifiDirectSetting( 2093):  grpcapab: 0
D/WifiDirectSetting( 2093):  devcapab: 36
D/WifiDirectSetting( 2093):  status: 3
D/WifiDirectSetting( 2093):  wfdInfo: WFD enabled: trueWFD DeviceInfo: 16
D/WifiDirectSetting( 2093):  WFD CtrlPort: 8554
D/WifiDirectSetting( 2093):  WFD MaxThroughput: 20
D/WifiDirectSetting( 2093): mPeers.size=2
D/WifiP2pService(  945): InactiveState{ what=139286 when=-1ms arg2=39 }
D/WifiP2pService(  945): P2pEnabledState{ what=139286 when=-1ms arg2=39 }
D/WifiP2pService(  945): DefaultState{ what=139286 when=-1ms arg2=39 }
D/NetUpdate( 2093): progressValue--->0
D/NetUpdate( 2093): mWriteSD--->true
D/NetUpdate( 2093): mBootCheckZipExist--->false

[156857.150374] IR: [03932] scan key value is 0xea15c936 
[156857.150379]  
[156857.202871] IR: [03932] scan key value is 0xea15c936 
[156857.202877]  
[156857.572187] IR: [03932] scan key value is 0xea15c936 
[156857.572192]  
[156857.624685] IR: [03932] scan key value is 0xea15c936 
[156857.624695]  D/NetUpdate( 2093): progressValue--->0
D/NetUpdate( 2093): mWriteSD--->true
D/NetUpdate( 2093): mBootCheckZipExist--->false
D/HomePlayerLib(29217): hostaddress count is 1
D/dalvikvm(29217): GC_CONCURRENT freed 1975K, 46% free 7320K/13443K, paused 3ms+3ms
D/dalvikvm(29217): GC_CONCURRENT freed 2032K, 47% free 7249K/13443K, paused 2ms+3ms
I/wpa_supplicant(29553): wfd0: P2P-GO-NEG-REQUEST 02:90:4c:78:03:ff dev_passwd_id=4
D/WifiP2pService(  945): InactiveState{ what=147479 when=0 obj=
D/WifiP2pService(  945):  address: 02:90:4c:78:03:ff
D/WifiP2pService(  945):  wps:  setup: 0
D/WifiP2pService(  945):  BSSID: null
D/WifiP2pService(  945):  pin: null
D/WifiP2pService(  945): IP assignment: UNASSIGNED
D/WifiP2pService(  945): Proxy settings: UNASSIGNED
D/WifiP2pService(  945): LinkAddresses: [] Routes: [] DnsAddresses: [] 
D/WifiP2pService(  945): 
D/WifiP2pService(  945):  groupOwnerIntent: 14
D/WifiP2pService(  945):  persist: SYSTEM_DEFAULT
[156858.583586] Invalid country length

D/WifiP2pService(  945):  freq: 5180 }
D/WifiP2pService(  945): UserAuthorizingGroupNegotiationState
D/WifiP2pService(  945): UserAuthorizingGroupNegotiationState{ what=143366 when=-1ms }
D/WifiP2pService(  945): UserAuthorizingGroupNegotiationState{ what=139274 when=0 obj=
D/WifiP2pService(  945):  address: 02:90:4c:78:03:ff
D/WifiP2pService(  945):  wps:  setup: 0
D/WifiP2pService(  945):  BSSID: null
D/WifiP2pService(  945):  pin: null
D/WifiP2pService(  945): IP assignment: UNA[156858.630654] IR: [03932] scan key value is 0xee11c936 
[156858.630659]  SSIGNED
D/WifiP2pService(  945): Proxy settings: UNASSIGNED
D/WifiP2pService(  945): LinkAddresses: [] Routes: [] DnsAddresses: [] 
D/WifiP2pService(  945): 
D/WifiP2pService(  945):  groupOwnerIntent: 14
D/WifiP2pService(  945):  persist: SYSTEM_DEFAULT
D/WifiP2pService(  945):  freq: 5180 }
D/WifiP2pService(  945): InactiveState{ what=139274 when=0 obj=
D/WifiP2pService(  945):  address: 02:90:4c:78:03:ff
D/WifiP2pService(  945):  wps:  setup: 0
D/WifiP2pService(  945):  BSSID: null
D/WifiP2pService(  945):  p
[156858.683141] IR: [03932] scan key value is 0xee11c936 
[156858.683146]  in: null
D/WifiP2pService(  945): IP assignment: UNASSIGNED
D/WifiP2pService(  945): Proxy settings: UNASSIGNED
D/WifiP2pService(  945): LinkAddresses: [] Routes: [] DnsAddresses: [] 
D/WifiP2pService(  945): 
D/WifiP2pService(  945):  groupOwnerIntent: 14
D/WifiP2pService(  945):  persist: SYSTEM_DEFAULT
D/WifiP2pService(  945):  freq: 5180 }
D/WifiP2pService(  945): P2pEnabledState{ what=139274 when=-1ms obj=
D/WifiP2pService(  945):  address: 02:90:4c:78:03:ff
D/WifiP2pService(  945):  wps:  setup: 0
D/WifiP2pService(  945):  BSSID: null
D/WifiP2pService(  945):  pin: null
D/WifiP2pService(  945): IP assignment: UNASSIGNED
D/WifiP2pService(  945): Proxy settings: UNASSIGNED
D/WifiP2pService(  945): LinkAddresses: [] Routes: [] DnsAddresses: [] 
D/WifiP2pService(  945): 
D/WifiP2pService(  945):  groupOwnerIntent: 14
D/WifiP2pService(  945):  persist: SYSTEM_DEFAULT
D/WifiP2pService(  945):  freq: 5180 }
D/WifiP2pService(  945): P2pEnabledState sending connect
E/wpa_supplicant(29553): wpa_driver_nl80211_driver_cmd: failed to issue private commands
E/wpa_supplicant(29553): ret = -1 (Operation not permitted)
I/WifiNative(  945): when p2pconnect groupOwnerIntent :14; freq :-1
D/WifiNative(  945): P2P_CONNECT 02:90:4c:78:03:ff pbc go_intent=14 
I/TabletStatusBar( 1155): receiver broadcast
D/WifiDirectSetting( 2093): --------------WIFI_P2P_PEERS_CHANGED_ACTION
D/MiracastControl( 1620): android.net.wifi.p2p.PEERS_CHANGED
D/WifiP2pService(  945): GroupNegotiationState
D/WifiP2pService(  945): GroupNegotiationState{ what=139286 when=0 arg2=40 }
D/WifiP2pService(  945): P2pEnabledState{ what=139286 when=-1ms arg2=40 }
D/WifiP2pService(  945): DefaultState{ what=139286 when=-1ms arg2=40 }
D/WifiDirectSetting( 2093): peer=Device: Android_5e77
D/WifiDirectSetting( 2093):  deviceAddress: 02:90:4c:00:03:10
D/WifiDirectSetting( 2093):  primary type: 10-0050F204-5
D/WifiDirectSetting( 2093):  secondary type: null
D/WifiDirectSetting( 2093):  wps: 392
D/WifiDirectSetting( 2093):  grpcapab: 0
D/WifiDirectSetting( 2093):  devcapab: 36
D/WifiDirectSetting( 2093):  status: 3
D/WifiDirectSetting( 2093):  wfdInfo: WFD enabled: trueWFD DeviceInfo: 16
D/WifiDirectSetting( 2093):  WFD CtrlPort: 8554
D/WifiDirectSetting( 2093):  WFD MaxThroughput: 20
D/WifiDirectSetting( 2093): peer=Device: Android_aa99
D/WifiDirectSetting( 2093):  deviceAddress: 02:90:4c:78:01:93
D/WifiDirectSetting( 2093):  primary type: 10-0050F204-5
D/WifiDirectSetting( 2093):  secondary type: null
D/WifiDirectSetting( 2093):  wps: 392
D/WifiDirectSetting( 2093):  grpcapab: 0
D/WifiDirectSetting( 2093):  devcapab: 36
D/WifiDirectSetting( 2093):  status: 3
D/WifiDirectSetting( 2093):  wfdInfo: WFD enabled: trueWFD DeviceInfo: 16
D/WifiDirectSetting( 2093):  WFD CtrlPort: 8554
D/WifiDirectSetting( 2093):  WFD MaxThroughput: 20
D/WifiDirectSetting( 2093): peer=Device: Android_1860
D/WifiDirectSetting( 2093):  deviceAddress: 02:90:4c:78:03:ff
D/WifiDirectSetting( 2093):  primary type: 10-0050F204-5
D/WifiDirectSetting( 2093):  secondary type: null
D/WifiDirectSetting( 2093):  wps: 392
D/WifiDirectSetting( 2093):  grpcapab: 0
D/WifiDirectSetting( 2093):  devcapab: 36
D/WifiDirectSetting( 2093):  status: 1
D/WifiDirectSetting( 2093):  wfdInfo: WFD enabled: trueWFD DeviceInfo: 16
D/WifiDirectSetting( 2093):  WFD CtrlPort: 8554
D/WifiDirectSetting( 2093):  WFD MaxThroughput: 20
D/WifiDirectSetting( 2093): m
[156858.994606] IR: [03932] scan key value is 0xee11c936 
[156858.994611]  Peers.size=3
D/WifiP2pService(  945): GroupNegotiationState{ what=139286 when=-1ms arg2=47 }
D/WifiP2pService(  945): P2pEnabledState{ what=139286 when=-1ms arg2=47 }
D/WifiP2pService(  945): DefaultState{ what=139286 when=-1ms arg2=47 }

[156859.047089] IR: [03932] scan key value is 0xee11c936 
[156859.047094]  D/dalvikvm(29217): GC_CONCURRENT freed 1958K, 47% free 7240K/13443K, paused 2ms+6ms

[156859.472142] IR: [03932] scan key value is 0xeb14c936 
[156859.472147]  
[156859.524633] IR: [03932] scan key value is 0xeb14c936 
[156859.524638]  D/InputEventConsistencyVerifier( 2093): KeyEvent: ACTION_UP but key was not down.
D/InputEventConsistencyVerifier( 2093):   in com.android.internal.policy.impl.PhoneWindow$DecorView@4303f918
D/InputEventConsistencyVerifier( 2093):   0: sent at 156859684000000, KeyEvent { action=ACTION_UP, keyCode=KEYCODE_DPAD_RIGHT, scanCode=106, metaState=0, flags=0x8, repeatCount=0, eventTime=156859684, downTime=156859473, deviceId=1, source=0x101 }
D/InputEventConsistencyVerifier( 2093):   -- recent events --
D/InputEventConsistencyVerifier( 2093):   1: sent at 156859208000000, (unhandled) KeyEvent { action=ACTION_UP, keyCode=KEYCODE_DPAD_UP, scanCode=103, metaState=0, flags=0x8, repeatCount=0, eventTime=156859208, downTime=156858996, deviceId=1, source=0x101 }
D/InputEventConsistencyVerifier( 2093):   2: sent at 156858996000000, KeyEvent { action=ACTION_DOWN, keyCode=KEYCODE_DPAD_UP, scanCode=103, metaState=0, flags=0x8, repeatCount=0, eventTime=156858996, downTime=156858996, deviceId=1, source=0x101 }
D/InputEventConsistencyVerifier( 2093):   3: sent at 156858848000000, (unhandled) KeyEvent { action=ACTION_UP, keyCode=KEYCODE_DPAD_UP, scanCode=103, metaState=0, flags=0x8, repeatCount=0, eventTime=156858848, downTime=156858632, deviceId=1, source=0x101 }
D/InputEventConsistencyVerifier( 2093):   4: sent at 156858632000000, KeyEvent { action=ACTION_DOWN, keyCode=KEYCODE_DPAD_U
[156859.819054] ADDRCONF(NETDEV_CHANGE): wfd0: link becomes ready
P, scanCode=103, metaState=0, flags=0x8, repeatCount=0, eventTime=156858632, downTime=156858632, deviceId=1, source=0x101 }
D/InputEventConsistencyVerifier( 2093):   5: sent at 156857788000000, (unhandled) KeyEvent { action=ACTION_UP, keyCode=KEYCODE_DPAD_DOWN, scanCode=108, metaState=0, flags=0x8, repeatCount=0, eventTime=156857788, downTime=156857573, deviceId=1, source=0x101 }
I/wpa_supplicant(29553): wfd0: P2P-GO-NEG-SUCCESS 
D/WifiP2pService(  945): GroupNegotiationState{ what=147481 when=0 }
D/WifiP2pService(  945): GroupNegotiationState go success
D/WifiP2pService(  945): GroupNegotiationState{ what=147462 when=0 obj=android.net.wifi.StateChangeResult@416d59e0 }
D/WifiP2pService(  945): P2pEnabledState{ what=147462 when=0 obj=android.net.wifi.StateChangeResult@416d59e0 }
D/WifiP2pService(  945): DefaultState{ what=147462 when=0 obj=android.net.wifi.StateChangeResult@416d59e0 }
E/WifiP2pService(  945): Unhandled message { what=147462 when=-1ms obj=android.net.wifi.StateChangeResult@416d59e0 }
E/wpa_supplicant(29553): Failed to update rate sets in kernel module
W/wpa_supplicant(29553): Could not connect to kernel driver.
E/wpa_supplicant(29553): Using interface wfd0 with hwaddr a6:a8:20:13:03:6e and ssid 'DIRECT-5g'
D/NetUpdate( 2093): progressValue--->0
D/NetUpdate( 2093): mWriteSD--->true
D/NetUpdate( 2093): mBootCheckZipExist--->false
V/EthernetMonitor(  945): get event 
E/wpa_supplicant(29553): Could not set HT capabilities for kernel driver
E/wpa_supplicant(29553): Failed to set CTS protect in kernel driver
E/wpa_supplicant(29553): Failed to set Short Slot Time option in kernel driver
E/wpa_supplicant(29553): Could not set preamble for kernel driver
V/EthernetMonitor(  945): go poll events
V/EthernetMonitor(  945): get event 
V/EthernetMonitor(  945): go poll events
I/wpa_supplicant(29553): wfd0: CTRL-EVENT-CONNECTED - Connection to a6:a8:20:13:03:6e completed (auth) [id=0 id_str=]
D/WifiP2pService(  945): GroupNegotiationState{ what=147459 when=0 obj=a6:a8:20:13:03:6e }
E/wpa_supplicant(29553): Could not set HT capabilities for kernel driver
E/wpa_supplicant(29553): Failed to set CTS protect in kernel driver
E/wpa_supplicant(29553): Failed to set Short Slot Time o[156860.019276] IR: [03932] scan key value is 0xea15c936 
[156860.019281]  ption in kernel driver
E/wpa_supplicant(29553): Could not set preamble for kernel driver
D/WifiP2pService(  945): P2pEnabledState{ what=147459 when=-1ms obj=a6:a8:20:13:03:6e }
D/WifiP2pService(  945): DefaultState{ what=147459 when=-1ms obj=a6:a8:20:13:03:6e }
E/WifiP2pService(  945): Unhandled message { what=147459 when=-1ms obj=a6:a8:20:13:03:6e }
D/WifiP2pService(  945): GroupNegotiationState{ what=147462 when=0 obj=android.net.wifi.StateChangeResult@416fe180 }
D/WifiP2pService(  945): P2pEnabledState{ what=14746
[156860.071803] IR: [03932] scan key value is 0xea15c936 
[156860.071810]  2 when=0 obj=android.net.wifi.StateChangeResult@416fe180 }
D/WifiP2pService(  945): DefaultState{ what=147462 when=-1ms obj=android.net.wifi.StateChangeResult@416fe180 }
E/WifiP2pService(  945): Unhandled message { what=147462 when=-1ms obj=android.net.wifi.StateChangeResult@416fe180 }
D/dalvikvm(29217): GC_CONCURRENT freed 1947K, 47% free 7230K/13443K, paused 2ms+3ms
E/wpa_supplicant(29553): Could not set HT capabilities for kernel driver
E/wpa_supplicant(29553): Failed to set CTS protect in kernel driver
E/wpa_supplicant(29553): Failed to set Short Slot Time option in kernel driver
E/wpa_supplicant(29553): Could not set preamble for kernel driver
I/wpa_supplicant(29553): wfd0: CTRL-EVENT-EAP-STARTED 02:90:4c:78:83:ff
I/wpa_supplicant(29553): wfd0: CTRL-EVENT-EAP-PROPOSED-METHOD vendor=0 method=1
I/wpa_supplicant(29553): wfd0: CTRL-EVENT-EAP-PROPOSED-METHOD vendor=14122 method=254

[156860.304001] IR: [03932] scan key value is 0xea15c936 
[156860.304006]  
[156860.356533] IR: [03932] scan key value is 0xea15c936 
[156860.356541]  I/wpa_supplicant(29553): wfd0: WPS-REG-SUCCESS 02:90:4c:78:83:ff 71a82e02-6182-5d41-b237-604553a1e8e0
I/wpa_supplicant(29553): wfd0: P2P-GROUP-FORMATION-SUCCESS 
D/WifiP2pService(  945): GroupNegotiationState{ what=147483 when=0 }
D/WifiP2pService(  945): GroupNegotiationState go success
E/wpa_supplicant(29553): Could not set HT capabilities for kernel driver
E/wpa_supplicant(29553): Failed to set CTS protect in kernel driver
E/wpa_supplicant(29553): Failed to set Short Slot Time option in kernel driver
E/wpa_supplicant(29553): Could not set preamble for kernel driver
I/wpa_supplicant(29553): wfd0: P2P-GROUP-STARTED wfd0 GO ssid="DIRECT-5g" freq=2437 passphrase="XApHKMRn" go_dev_addr=a6:a8:20:13:03:6e
D/WifiP2pService(  945): GroupNegotiationState{ what=147485 when=0 obj=network: "DIRECT-5g"
D/WifiP2pService(  945):  isGO: true
D/WifiP2pService(  945):  GO: Device: 
D/WifiP2pService(  945):  deviceAddress: a6:a8:20:13:03:6e
D/WifiP2pService(  945):  primary type: null
D/WifiP2pService(  945):  secondary type: null
D/WifiP2pService(  945):  wps: 0
D/WifiP2pService(  945):  grpcapab: 0
D/WifiP2pService(  945):  devcapab: 0
D/WifiP2pService(  945):  status: 4
D/WifiP2pService(  945):  wfdInfo: null
D/WifiP2pService(  945):  interface: wfd0 }
D/WifiP2pService(  945): P2pEnabledState{ what=147485 when=0 obj=network: "DIRECT-5g"
D/WifiP2pService(  945):  isGO: true
D/WifiP2pService(  945):  GO: Device: 
D/WifiP2pService(  945):  deviceAddress: a6:a8:20:13:03:6e
D/WifiP2pService(  945):  primary type: null
D/WifiP2pService(  945):  secondary type: null
D/WifiP2pService(  945):  wps: 0
D/WifiP2pService(  945):  grpcapab: 0
D/WifiP2pService(  945):  devcapab: 0
D/WifiP2pService(  945):  status: 4
D/WifiP2pService(  945):  wfdInfo: null
D/WifiP2pService(  945):  interface: wfd0 }
D/WifiP2pService(  945): P2pEnabledState group started
D/CommandListener(  739): Setting iface cfg
D/CommandListener(  739): Trying to bring up wfd0
D/TetherController(  739): Starting tethering services
D/NetworkManagementService(  945): rsp <213 a6:a8:20:13:03:6e 0.0.0.0 0 [up broadcast running multicast]>
D/NetworkManagementService(  945): flags <[up broadcast running multicast]>
V/EthernetMonitor(  945): get event 
V/EthernetMonitor(  945): go poll events
D/TetherController(  739): Tethering services running
E/wpa_supplicant(29553): Could not set HT capabilities for kernel driver
E/wpa_supplicant(29553): Failed to set CTS protect in kernel driver
D/WifiP2pService(  945): Started Dhcp server on wfd0
D/WifiP2pService(  945): GroupCreatedState
D/WifiP2pService(  945): sending p2p connection changed broadcast
I/TabletStatusBar( 1155): receiver broadcast
E/wpa_supplicant(29553): Failed to set Short Slot Time option in kernel driver
D/MiracastControl( 1620): android.net.wifi.p2p.THIS_DEVICE_CHANGED
E
[156860.669369] IR: [03932] scan key value is 0xea15c936 
[156860.669374]  /wpa_supplicant(29553): Could not set preamble for kernel driver
D/MiracastControl( 1620): P2p This Device Name is : tc123
D/MiracastControl( 1620): current:0 pre:3
I/wpa_supplicant(29553): wfd0: CTRL-EVENT-EAP-FAILURE 02:90:4c:78:83:ff
D/MiracastControl( 1620): android.net.wifi.p2p.CONNECTION_STATE_CHANGE
I/TabletStatusBar( 1155): receiver broadcast
D/WifiDirectSetting( 2093): --------------WIFI_P2P_THIS_DEVICE_CHANGED_ACTION
D/WifiDirectSetting( 2093): ------------mThisDevice.String()Device: tc123
D/WifiDirectSet
[156860.721861] IR: [03932] scan key value is 0xea15c936 
[156860.721866]  ting( 2093):  deviceAddress: a6:a8:20:13:03:6e
D/WifiDirectSetting( 2093):  primary type: 10-0050F204-5
D/WifiDirectSetting( 2093):  secondary type: null
D/WifiDirectSetting( 2093):  wps: 0
D/WifiDirectSetting( 2093):  grpcapab: 0
D/WifiDirectSetting( 2093):  devcapab: 0
D/WifiDirectSetting( 2093):  status: 0
D/WifiDirectSetting( 2093):  wfdInfo: WFD enabled: trueWFD DeviceInfo: 17
D/WifiDirectSetting( 2093):  WFD CtrlPort: 554
D/WifiDirectSetting( 2093):  WFD MaxThroughput: 14
D/WifiDirectSetting( 2093): -------------------WIFI_P2P_CONNECTION_CHANGED_ACTION
E/wpa_supplicant(29553): Could not set HT capabilities for kernel driver
E/wpa_supplicant(29553): Failed to set CTS protect in kernel driver
E/wpa_supplicant(29553): Failed to set Short Slot Time option in kernel driver
E/wpa_supplicant(29553): Could not set preamble for kernel driver
I/dnsmasq (29584): started, version 2.51 cachesize 150
I/dnsmasq (29584): compile time options: no-IPv6 GNU-getopt no-DBus no-I18N DHCP no-scripts no-TFTP
W/dnsmasq (29584): warning: no upstream servers configured
I/dnsmasq (29584): DHCP, IP range 192.168.49.2 -- 192.168.49.2, lease time 1h
I/dnsmasq (29584): read /etc/hosts - 1 addresses
E/wpa_supplicant(29553): Could not set HT capabilities for kernel driver
E/wpa_supplicant(29553): Failed to set CTS protect in kernel driver
E/wpa_supplicant(29553): Failed to set Short Slot Time option in kernel driver
E/wpa_supplicant(29553): Could not set preamble for kernel driver
I/wpa_supplicant(29553): wfd0: AP-STA-CONNECTED 02:90:4c:78:83:ff dev_addr=02:90:4c:78:03:ff
D/WifiP2pService(  945): GroupCreatedState{ what=147498 when=0 obj=02:90:4c:78:83:ff }
I/wpa_supplicant(29553): wfd0: AP-STA-CONNECTED 02:90:4c:78:83:ff dev_addr=02:90:4c:78:03:ff
D/WifiP2pService(  945): GroupCreatedState ap sta connected
I/TabletStatusBar( 1155): receiver broadcast
D/MiracastControl( 1620): android.net.wifi.p2p.PEERS_CHANGED
D/WifiDirectSetting( 2093): --------------WIFI_P2P_PEERS_CHANGED_ACTION
D/WifiP2pService(  945): miracst connect 192.168.49.2:8554
D/WifiP2pService(  945): GroupCreatedState{ what=147498 when=-8ms obj=02:90:4c:78:83:ff }
I/TabletStatusBar( 1155): receiver broadcast
D/MiracastControl( 1620): android.net.wifi.p2p.PEERS_CHANGED
D/WifiDirectSetting( 2093): --------------WIFI_P2P_PEERS_CHANGED_ACTION
D/WifiP2pService(  945): GroupCreatedState ap sta connected
D/WifiP2pService(  945): miracst connect 192.168.49.2:8554
D/NetUpdate( 2093): progressValue--->0
D/NetUpdate( 2093): mWriteSD--->true
D/NetUpdate( 2093): mBootCheckZipExist--->false
D/WifiP2pService(  945): GroupCreatedState{ what=139286 when=-16ms arg2=48 }
D/WifiP2pService(  945): P2pEnabledState{ what=139286 when=-16ms arg2=48 }
D/WifiP2pService(  945): DefaultState{ what=139286 when=-17ms arg2=48 }
D/WifiP2pService(  945): GroupCreatedState{ what=139286 when=-18ms arg2=41 }
D/WifiP2pService(  945): P2pEnabledState{ what=139286 when=-18ms arg2=41 }
D/WifiP2pService(  945): DefaultState{ what=139286 when=-19ms arg2=41 }
D/WifiDirectSetting( 2093): peer=Device: Android_5e77
D/WifiDirectSetting( 2093):  deviceAddress: 02:90:4c:00:03:10
D/WifiDirectSetting( 2093):  primary type: 10-0050F204-5
D/WifiDirectSetting( 2093):  secondary type: null
D/WifiDirectSetting( 2093):  wps: 392
D/WifiDirectSetting( 2093):  grpcapab: 0
D/WifiDirectSetting( 2093):  devcapab: 36
D/WifiDirectSetting( 2093):  status: 3
D/WifiDirectSetting( 2093):  wfdInfo: WFD enabled: trueWFD DeviceInfo: 16
D/WifiDirectSetting( 2093):  WFD CtrlPort: 8554
D/WifiDirectSetting( 2093):  WFD MaxThroughput: 20
D/WifiDirectSetting( 2093): peer=Device: Android_aa99
D/WifiDirectSetting( 2093):  deviceAddress: 02:90:4c:78:01:93
D/WifiDirectSetting( 2093):  primary type: 10-0050F204-5
D/WifiDirectSetting( 2093):  secondary type: null
D/WifiDirectSetting( 2093):  wps: 392
D/WifiDirectSetting( 2093):  grpcapab: 0
D/WifiDirectSetting( 2093):  devcapab: 36
D/WifiDirectSetting( 2093):  status: 3
D/WifiDirectSetting( 2093):  wfdInfo: WFD enabled: trueWFD DeviceInfo: 16
D/WifiDirectSetting( 2093):  WFD CtrlPort: 8554
D/WifiDirectSetting( 2093):  WFD MaxThroughput: 20
D/WifiDirectSetting( 2093): peer=Device: Android_1860
D/WifiDirectSetting( 2093):  deviceAddress: 02:90:4c:78:03:ff
D/WifiDirectSetting( 2093):  primary type: 10-0050F204-5
D/WifiDirectSetting( 2093):  secondary type: null
D/WifiDirectSetting( 2093):  wps: 392
D/WifiDirectSetting( 2093):  grpcapab: 0
D/WifiDirectSetting( 2093):  devcapab: 36
D/WifiDirectSetting( 2093):  status: 0
D/WifiDirectSetting( 2093):  wfdInfo: WFD enabled: trueWFD DeviceInfo: 16
D/WifiDirectSetting( 2093):  WFD CtrlPort: 8554
D/WifiDirectSetting( 2093):  WFD MaxThroughput: 20
D/WifiDirectSetting( 2093): mPeers.size=3
D/WifiP2pService(  945): GroupCreatedState{ what=139286 when=-11ms arg2=42 }
D/WifiP2pService(  945): P2pEnabledState{ what=139286 when=-13ms arg2=42 }
D/WifiP2pService(  945): DefaultState{ what=139286 when=-14ms arg2=42 }
D/WifiP2pService(  945): GroupCreatedState{ what=139286 when=-14ms arg2=49 }
D/WifiP2pService(  945): P2pEnabledState{ what=139286 when=-15ms arg2=49 }
D/WifiP2pService(  945): DefaultState{ what=139286 when=-15ms arg2=49 }
D/WifiDirectSetting( 2093): peer=Device: Android_5e77
D/WifiDirectSetting( 2093):  deviceAddress: 02:90:4c:00:03:10
D/WifiDirectSetting( 2093):  primary type: 10-0050F204-5
D/WifiDirectSetting( 2093):  secondary type: null
D/WifiDirectSetting( 2093):  wps: 392
D/WifiDirectSetting( 2093):  grpcapab: 0
D/WifiDirectSetting( 2093):  devcapab: 36
D/WifiDirectSetting( 2093):  status: 3
D/WifiDirectSetting( 2093):  wfdInfo: WFD enabled: trueWFD DeviceInfo: 16
D/WifiDirectSetting( 2093):  WFD CtrlPort: 8554
D/WifiDirectSetting( 2093):  WFD MaxThroughput: 20
D/WifiDirectSetting( 2093): peer=Device: Android_aa99
D/WifiDirectSetting( 2093):  deviceAddress: 02:90:4c:78:01:93
D/WifiDirectSetting( 2093):  primary type: 10-0050F204-5
D/WifiDirectSetting( 2093):  secondary type: null
D/WifiDirectSetting( 2093):  wps: 392
D/WifiDirectSetting( 2093):  grpcapab: 0
D/WifiDirectSetting( 2093):  devcapab: 36
D/WifiDirectSetting( 2093):  status: 3
D/WifiDirectSetting( 2093):  wfdInfo: WFD enabled: trueWFD DeviceInfo: 16
D/WifiDirectSetting( 2093):  WFD CtrlPort: 8554
D/WifiDirectSetting( 2093):  WFD MaxThroughput: 20
D/WifiDirectSetting( 2093): peer=Device: Android_1860
D/WifiDirectSetting( 2093):  deviceAddress: 02:90:4c:78:03:ff
D/WifiDirectSetting( 2093):  primary type: 10-0050F204-5
D/WifiDirectSetting( 2093):  secondary type: null
D/WifiDirectSetting( 2093):  wps: 392
D/WifiDirectSetting( 2093):  grpcapab: 0
D/WifiDirectSetting( 2093):  devcapab: 36
D/WifiDirectSetting( 2093):  status: 0
D/WifiDirectSetting( 2093):  wfdInfo: WFD enabled: trueWFD DeviceInfo: 16
D/WifiDirectSetting( 2093):  WFD CtrlPort: 8554
D/WifiDirectSetting( 2093):  WFD MaxThroughput: 20
D/WifiDirectSetting( 2093): mPeers.size=3
D/InputEventConsistencyVerifier( 2093): KeyEvent: ACTION_UP but key was not down.
D/InputEventConsistencyVerifier( 2093):   in android.widget.ListView@430ff3f8
D/InputEventConsistencyVerifier( 2093):   0: sent at 156860884000000, KeyEvent { action=ACTION_UP, keyCode=KEYCODE_DPAD_DOWN, scanCode=108, metaState=0, flags=0x8, repeatCount=0, eventTime=156860884, downTime=156860671, deviceId=1, source=0x101 }
D/InputEventConsistencyVerifier( 2093):   -- recent events --
D/InputEventConsistencyVerifier( 2093):   1: sent at 156848816000000, (unhandled) KeyEvent { action=ACTION_UP, keyCode=KEYCODE_DPAD_DOWN, scanCode=108, metaState=0, flags=0x8, repeatCount=0, eventTime=156848816, downTime=156848598, deviceId=1, source=0x101 }
D/InputEventConsistencyVerifier( 2093):   2: sent at 156848598000000, KeyEvent { action=ACTION_DOWN, keyCode=KEYCODE_DPAD_DOWN, scanCode=108, metaState=0, flags=0x8, repeatCount=0, eventTime=156848598, downTime=156848598, deviceId=1, source=0x101 }
D/InputEventConsistencyVerifier( 2093):   3: sent at 156848256000000, (unhandled) KeyEvent { action=ACTION_UP, keyCode=KEYCODE_DPAD_DOWN, scanCode=108, metaState=0, flags=0x80000008, repeatCount=0, eventTime=156848256, downTime=156848044, deviceId=1, source=0x101 }
D/InputEventConsistencyVerifier( 2093):   4: sent at 156847466000000, (unhandled) KeyEvent { action=ACTION_DOWN, keyCode=KEYCODE_DPAD_UP, scanCode=103, metaState=0, flags=0x8, repeatCount=0, eventTime=156847466, downTime=156847466, deviceId=1, source=0x101 }
D/InputEventConsistencyVerifier( 2093):   5: sent at 156846996000000, (unhandled) KeyEvent { action=ACTION_UP, keyCode=KEYCODE_DPAD_DOWN, scanCode=108, metaState=0, flags=0x80000008, repeatCount=0, eventTime=156846996, downTime=156846780, deviceId=1, source=0x101 }
D/dalvikvm(29217): GC_CONCURRENT freed 1946K, 46% free 7282K/13443K, paused 13ms+20ms
D/NetUpdate( 2093): progressValue--->0
D/NetUpdate( 2093): mWriteSD--->true
D/NetUpdate( 2093): mBootCheckZipExist--->false
D/dalvikvm(29217): GC_CONCURRENT freed 2010K, 46% free 7337K/13443K, paused 8ms+4ms
D/NetUpdate( 2093): progressValue--->0
D/NetUpdate( 2093): mWriteSD--->true
D/NetUpdate( 2093): mBootCheckZipExist--->false
I/dnsmasq (29584): DHCPDISCOVER(wfd0) 02:90:4c:78:83:ff 
I/dnsmasq (29584): DHCPOFFER(wfd0) 192.168.49.2 02:90:4c:78:83:ff 
I/dnsmasq (29584): DHCPREQUEST(wfd0) 192.168.49.2 02:90:4c:78:83:ff 
I/dnsmasq (29584): DHCPACK(wfd0) 192.168.49.2 02:90:4c:78:83:ff android-1860196aa0422c37
D/NetUpdate( 2093): progressValue--->0
D/NetUpdate( 2093): mWriteSD--->true
D/NetUpdate( 2093): mBootCheckZipExist--->false
D/NetUpdate( 2093): progressValue--->0
D/NetUpdate( 2093): mWriteSD--->true
D/NetUpdate( 2093): mBootCheckZipExist--->false
D/NetUpdate( 2093): progressValue--->0
D/NetUpdate( 2093): mWriteSD--->true
D/NetUpdate( 2093): mBootCheckZipExist--->false
I/appdemo (29588): Debug_Modul_Init,ModulMin:0,ModulMax:70 
I//lib/ld-linux.so.3(  748): [COMMUI]DtvSystemInit(callingPid 29588, clientPid 29588)
I//lib/ld-linux.so.3(  748): ???????? Important,The MMAP ID(110) does not existed!, please check it...
I//lib/ld-linux.so.3(  748): ???????? Please update the right system configure...
I//lib/ld-linux.so.3(  748): ???????? Important,The MMAP ID(111) does not existed!, please check it...
I//lib/ld-linux.so.3(  748): ???????? Please update the right system configure...
I//lib/ld-linux.so.3(  748): sn source change - SetInputSourceCmd START [156865105]
I//lib/ld-linux.so.3(  748): No power-off timer be trigger!!!
I//lib/ld-linux.so.3(  748): sn source change - player finalize START
I//lib/ld-linux.so.3(  748): disconnect finalize ok!sn source change - player finalize END
I//lib/ld-linux.so.3(  748): sn source change - player init START
I//lib/ld-linux.so.3(  748): sn source change - player init END

[156865.323768] irq_proc_write
I//lib/ld-linux.so.3(  748): ===== Check Audio Decoder Protection from hash-key IP =====
I//lib/ld-linux.so.3(  748): Hash-key Support DD.
I//lib/ld-linux.so.3(  748): Hash-key Support DD+.
I//lib/ld-linux.so.3(  748): Hash-key Support Generic HE-AAC !!
I//lib/ld-linux.so.3(  748): Hash-key Support WMA.
I//lib/ld-linux.so.3(  748): Hash-key Support DRA.
I//lib/ld-linux.so.3(  748): ===== Check Protection IP End                         =====
I//lib/ld-linux.so.3(  748): @@@MSrv_System_Database::GetAudioSettingdelay should be great  than 20ms. 
I//lib/ld-linux.so.3(  748): delay should be great  than 32ms. 
I//lib/ld-linux.so.3(  748): sn source change - SetInputSourceCmd END
I//lib/ld-linux.so.3(  748): [COMMUI]<<<<<<<<<<<<<<<<<<<<<1>>>>>>>>>>>>
I/DMX     (29588): msapi_demux_init
I/dapi_servicedmx(29588): Get Demux Addr: 851968 
I/sect    (29588): msapi_section_init
I//lib/ld-linux.so.3(  748): [COMMUI]DtvDmodInit(callingPid 29588, clientPid 29588)
I//lib/ld-linux.so.3(  748): [COMMUI]DtvGetMmapAddress(callingPid 29588, clientPid 29588)
I//lib/ld-linux.so.3(  748): <<<<<<<<<<<addr :oxd0000
I/dsm     (29588): msapi_dsm_init,51
I/dapi_AV (29588): DApi_AV_Open
I//lib/ld-linux.so.3(  748): [COMMUI]DtvSystemInit(callingPid 29588, clientPid 29588)
I//lib/ld-linux.so.3(  748): [COMMUI]current source is dtv,don't need to switch
I//lib/ld-linux.so.3(  748): [COMMUI]DtvAvOpen(callingPid 29588, clientPid 29588)
I//lib/ld-linux.so.3(  748):  Create path fail src = 28  dest = 20 
I/dapi_AV (29588): DApi_AV_SetArcType:1 
I//lib/ld-linux.so.3(  748): [COMMUI]DtvSetArcType(callingPid 29588, clientPid 29588)
I/dapi_AV (29588): DApi_AV_SetSyncMode: 0 
I//lib/ld-linux.so.3(  748): [1658]  ThirdPartyTvManagerService.cpp DtvSetSyncMode eSyncMode=0
I//lib/ld-linux.so.3(  748): Flash is detected (0x0914, 0x1C, 0x70, 0x15)
D/MMCP    (29588): <udi2_flash> SPI INFO gCurSPIFlashSize = 0x200000,gCurSPISectorSize = 0x10000
D/MMCP    (29588): <udi2_flash> 
D/MMCP    (29588):  FlashSize = 0xe5e00000, [156865.595967] 
[156865.595977] irq_proc_write
FlashPartitionCount = 26, FlashStartaddres = 0x200000.
D/MMCP    (29588): <udi2_flash> Partition[0] from 0x200000 to 0x200000, length 0x0.
D/MMCP    (29588): <udi2_flash> Partition[1] from 0x200000 to 0x280000, length 0x80000.
D/MMCP    (29588): <udi2_flash> Partition[2] from 0x280000 to 0xc80000, length 0xa00000.
D/MMCP    (29588): <udi2_flash> Partition[3] from 0xc80000 to 0x1080000, length 0x400000.
D/MMCP    (29588): <udi2_flash> Partition[4] from 0x1080000 to 0x17480000, length 0x16400000.
D/MMCP    (29588): <udi2_flash> Partition[5] from 0x17480000 to 0x4c080000, length 0x34c00000.
D/MMCP    (29588): <udi2_flash> Partition[6] from 0x4c080000 to 0x5ec80000, length 0x12c00000.
D/MMCP    (29588): <udi2_flash> Partition[7] from 0x5ec80000 to 0x62880000, length 0x3c00000.
D/MMCP    (29588): <udi2_flash> Partition[8] from 0x62880000 to 0x63880000, length 0x1000000.
D/MMCP    (29588): <udi2_flash> Partition[9] from 0x63880000 to 0x64080000, length 0x800000.
D/MMCP    (29588): <udi2_flash> Partition[10] from 0x64080000 to 0x74080000, length 0x10000000.
D/MMCP    (29588): <udi2_flash> Partition[11] from 0x74080000 to 0x740a0000, length 0x20000.
D/MMCP    (29588): <udi2_flash> Partition[12] from 0x740a0000 to 0x740c0000, length 0x20000.
D/MMCP    (29588): <udi2_flash> Partition[13] from 0x740c0000 to 0x740e0000, length 0x20000.
D/MMCP    (29588): <udi2_flash> Partition[14] from 0x740e0000 to 0x74100000, length 0x20000.
D/MMCP    (29588): <udi2_flash> Partition[15] from 0x74100000 to 0x74120000, length 0x20000.
D/MMCP    (29588): <udi2_flash> Partition[16] from 0x74120000 to 0x74140000, length 0x20000.
D/MMCP    (29588): <udi2_flash> Partition[17] from 0x74140000 to 0x74160000, length 0x20000.
D/MMCP    (29588): <udi2_flash> Partition[18] from 0x74160000 to 0x74180000, length 0x20000.
D/MMCP    (29588): <udi2_flash> Partition[19] from 0x74180000 to 0x741a0000, length 0x20000.
D/MMCP    (29588): <udi2_flash> Partition[20] from 0x741a0000 to 0x74320000, length 0x180000.
D/MMCP    (29588): <udi2_flash> Partition[21] from 0x74320000 to 0x74d20000, length 0xa00000.
D/MMCP    (29588): <udi2_flash> Partition[22] from 0x74d2000[156865.789389] 
[156865.789398] irq_proc_write
0 to 0x74f20000, length 0x200000.
D/MMCP    (29588): <udi2_flash> Partition[23] from 0x74f20000 to 0x750a0000, length 0x180000.
D/MMCP    (29588): <udi2_flash> Partition[24] from 0x750a0000 to 0x950a0000, length 0x20000000.
D/MMCP    (29588): <udi2_flash> Partition[25] from 0x950a0000 to 0xe6000000, length 0x50f60000.
I/player  (29588): msapi_player_init
I/DMX     (29588): CSUDIDEMUXGetCount,144 enter
I/DMX     (29588): CSUDIDEMUXGetCount,159 exit ok
I/DMX     (29588): CSUDIDEMUXGetCapability,174 enter
I/DMX     (29588): nDemuxIndex 0::FilterNum:32 KeyNum:8 TypeMask:d ConType:f 
I/DMX     (29588): CSUDIDEMUXGetCapability,200 exit ok
I/video   (29588): CSUDIVIDEOGetCount,67 enter
I/video   (29588): CSUDIVIDEOGetCount,76 exit ok
I/video   (29588): CSUDIVIDEOGetCapability,91 enter
I/video   (29588): Get Video Index:0
I/video   (29588): CSUDIVIDEOGetCapability,111 exit ok
I/audio   (29588): CSUDIAUDIOGetCount 69 enter
I/audio   (29588): CSUDIAUDIOGetCount 78 enter
I/audio   (29588): CSUDIAUDIOGetCapability 93 enter
I/audio   (29588): CSUDIAUDIOGetCapability 111 enter
I/audio   (29588): CSUDIAUDIOSetVolume 432 enter
I/dapi_AV (29588): DApi_AV_SetVolume: 100 
I//lib/ld-linux.so.3(  748): MDrv_SERFLASH_GetInfo()
I//lib/ld-linux.so.3(  748):    u32AccessWidth = 1
I//lib/ld-linux.so.3(  748):    u32TotalSize   = 2097152
I//lib/ld-linux.so.3(  748):    u32SecNum      = 32
I//lib/ld-linux.so.3(  748):    u32SecSize     = 65536
I/audio   (29588): Set Audio Index:0 Volume:31
I/audio   (29588): CSUDIAUDIOSetVolume 461 enter
I/video   (29588): CSUDIVIDEOShow,238 enter
I/video   (29588): CSUDIVIDEOShow =1
I/video   (29588): Show the Video Window VideoIndex:0
I/dapi_AV (29588): DApi_AV_Blank: 0 
I/video   (29588): Open The Video
I/video   (29588): CSUDIVIDEOShow,271 exit ok
I/video   (29588): CSUDIVIDEOSetAspectRatio,289 enter
I/video   (29588): AR The VideoIndex:0 eScreenDevice:1 eAspectRatio:3
I/video   (29588): Set the same Aspect Mode done:3
I/video   (29588): CSUDIVIDEOSetAspectRatio,308 exit ok
I/video   (29588): CSUDIVIDEOSetMatchMethod,434 enter
I/video   (29588): Set Match The VideoIndex:0 eScreenDevice:2 eMatchMethod:3
I/video   (29588): Set Match Mode:3
I/video   (29588): Set the same Match Mode done:3
I/video   (29588): CSUDIVIDEOSetMatchMethod,452 exit ok
I/player  (29588): CSUDIPLAYEROpen,603 enter
I/player  (29588): Channel Info: Demux:0 AudioDec:0 VideoDec:0
I/player  (29588): Open 3 Player
I/player  (29588): msapi_inject_open,500 exit ok
I/player  (29588): CSUDIPLAYERSetStream,1111 enter
I/player  (29588): msapi_Injectplayer_setstream,846 enter
I/player  (29588): Add Video PID:0x1011
I/player  (29588): Add Audio PID:0x1100 Type:7 EM_UDI_AUD_STREAMTYPE_NUM:19 AudioDecIndex:0
I/player  (29588): msapi_Injectplayer_setstream,933 exit ok
I/player  (29588): CSUDIPLAYERStart,1830 enter
I/player  (29588): in CSUDIPLAYERStart 1831 :current time =156865703 
I/player  (29588): msapi_injectplayer_start,1760 enter
I/player  (29588): TS INJECT
I/player  (29588): msapi_player_startdemux0,1626 enter
I/player  (29588): Set Audio Dec
I/dapi_AV (29588): DApi_AV_SetAudioType:17
I/dapi_AV (29588): DApi_AV_SetAudioPID:4352
I/player  (29588): Set Video Dec PID:0x1011 Type:4
I/player  (29588): Play H264
I/dapi_AV (29588): DApi_AV_SetVideoPID:4113
I/dapi_AV (29588): DApi_AV_SetVideoType:2
I/player  (29588): msapi_player_startvideo,1574 exit ok
I/dapi_AV (29588): DApi_AV_SetPcrPID:65535
I/dapi_AV (29588): DApi_AV_Start 
I/dapi_AV (29588): DApi_AV_Start
I/player  (29588): msapi_player_startdemux0,1693 exit ok
I/player  (29588): msapi_injectplayer_start,1816 exit ok
I//lib/ld-linux.so.3(  748): [COMMUI]DtvAvStart(callingPid 29588, clientPid 29588)
I//lib/ld-linux.so.3(  748): HAL_VPU_EX_SetDbgLevel eLevel=0x1
D/NetUpdate( 2093): progressValue--->0
D/NetUpdate( 2093): mWriteSD--->true
D/NetUpdate( 2093): mBootCheckZipExist--->false
I//lib/ld-linux.so.3(  748): !!!!!!!!!!!!!!!!DECODER_SwitchAudioDSPSystem 2765
I//lib/ld-linux.so.3(  748): ===== Check Audio Decoder Protection from hash-key IP =====
I//lib/ld-linux.so.3(  748): Hash-key Support DD.
I//lib/ld-linux.so.3(  748): Hash-key Support DD+.
I//lib/ld-linux.so.3(  748): Hash-key Support Generic HE-AAC !!
I//lib/ld-linux.so.3(  748): Hash-key Support WMA.
I//lib/ld-linux.so.3(  748): Hash-key Support DRA.
I//lib/ld-linux.so.3(  748): ===== Check Protection IP End                         =====
D/AndroidRuntime(29598): 
D/AndroidRuntime(29598): >>>>>> AndroidRuntime START com.android.internal.os.RuntimeInit <<<<<<
D/AndroidRuntime(29598): CheckJNI is ON
I/inject  (29588): Buf Not Ready:0 0
I/inject  (29588): Buf Not Ready:0 0
I/inject  (29588): Buf Not Ready:0 0
I/inject  (29588): Buf Not Ready:0 0
I/inject  (29588): Buf Not Ready:0 0
I/inject  (29588): Buf Not Ready:0 0
I/inject  (29588): Buf Not Ready:0 0
I/inject  (29588): Buf Not Ready:0 0
I/inject  (29588): Buf Not Ready:0 0
I/inject  (29588): Buf Not Ready:0 0
I/inject  (29588): Buf Not Ready:0 0
I/inject  (29588): Buf Not Ready:0 0
I/inject  (29588): Buf Not Ready:0 0
I/inject  (29588): Buf Not Ready:0 0
I/inject  (29588): Buf Not Ready:0 0
I/inject  (29588): Buf Not Ready:0 0
I/inject  (29588): Buf Not Ready:0 0
I/inject  (29588): Buf Not Ready:0 0
I/inject  (29588): Buf Not Ready:0 0
I/inject  (29588): Buf Not Ready:0 0
I/inject  (29588): Buf Not Ready:0 0
I/inject  (29588): Buf Not Ready:0 0
I/inject  (29588): Buf Not Ready:0 0
I/inject  (29588): Buf Not Ready:0 0
I/inject  (29588): Buf Not Ready:0 0
I/inject  (29588): Buf Not Ready:0 0
I/inject  (29588): Buf Not Ready:0 0
I/inject  (29588): Buf Not Ready:0 0
I/inject  (29588): Buf Not Ready:0 0
I/inject  (29588): Buf Not Ready:0 0
I/inject  (29588): Buf Not Ready:0 0
I/inject  (29588): Buf Not Ready:0 0
I/inject  (29588): Buf Not Ready:0 0
I/inject  (29588): Buf Not Ready:0 0
I/inject  (29588): Buf Not Ready:0 0
I/ethernet(29598): Loading ethernet jni class
I/inject  (29588): Buf Not Ready:0 0
I/inject  (29588): Buf Not Ready:0 0
I/inject  (29588): Buf Not Ready:0 0
I/inject  (29588): Buf Not Ready:0 0
I/inject  (29588): Buf Not Ready:0 0
I/inject  (29588): Buf Not Ready:0 0
I/inject  (29588): Buf Not Ready:0 0
I/inject  (29588): Buf Not Ready:0 0
I/inject  (29588): Buf Not Ready:0 0
I/inject  (29588): Buf Not Ready:0 0
I/inject  (29588): Buf Not Ready:0 0
D/AndroidRuntime(29598): Calling main entry com.android.commands.am.Am
I/inject  (29588): Buf Not Ready:0 0
I/inject  (29588): Buf Not Ready:0 0
E/Miracast(29217): Miracast onReceive
I/inject  (29588): Buf Not Ready:0 0
I/ActivityManager(  945): START {act=com.coship.Multimedia.Miracast.launch flg=0x14000000 cmp=com.coship.Multimedia/.miracast.MiracastWindow} from pid 29217
I/inject  (29588): Buf Not Ready:0 0
I/inject  (29588): Buf Not Ready:0 0
I/inject  (29588): Buf Not Ready:0 0
I/inject  (29588): Buf Not Ready:0 0
I/inject  (29588): Buf Not Ready:0 0
I/inject  (29588): Buf Not Ready:0 0
I/inject  (29588): Buf Not Ready:0 0
I/inject  (29588): Buf Not Ready:0 0
I/inject  (29588): Buf Not Ready:0 0
D/dalvikvm(  945): GC_FOR_ALLOC freed 362K, 56% free 4858K/10947K, paused 68ms
I/dalvikvm-heap(  945): Grow heap (frag case) to 9.344MB for 1048592-byte allocation
I/inject  (29588): Buf Not Ready:0 0
I/inject  (29588): Buf Not Ready:0 0
I/inject  (29588): Buf Not Ready:0 0
I/inject  (29588): Buf Not Ready:0 0
I/inject  (29588): Buf Not Ready:0 0
I/inject  (29588): Buf Not Ready:0 0
D/dalvikvm(29217): GC_CONCURRENT freed 2054K, 47% free 7249K/13443K, paused 2ms+4ms
D/dalvikvm(  945): GC_FOR_ALLOC freed 14K, 52% free 5867K/12035K, paused 63ms
I/inject  (29588): Buf Not Ready:0 0
I/inject  (29588): Buf Not Ready:0 0
I/inject  (29588): Buf Not Ready:0 0
D/NetUpdate( 2093): progressValue--->0
D/NetUpdate( 2093): mWriteSD--->true
D/NetUpdate( 2093): mBootCheckZipExist--->false
I/inject  (29588): Buf Not Ready:0 0
I/inject  (29588): Buf Not Ready:0 0
I/inject  (29588): Buf Not Ready:0 0
I/inject  (29588): Buf Not Ready:0 0
I/inject  (29588): Buf Not Ready:0 0
I/inject  (29588): Buf Not Ready:0 0
D/dalvikvm(  945): GC_CONCURRENT freed 13K, 51% free 5918K/12035K, paused 4ms+6ms
I/inject  (29588): Buf Not Ready:0 0
I/inject  (29588): Buf Not Ready:0 0
I/inject  (29588): Buf Not Ready:0 0
D/MiracastWindow(29217): MiracastWindow onCreate
I/inject  (29588): Buf Not Ready:0 0
I/inject  (29588): Buf Not Ready:0 0
D/AndroidRuntime(29598): Shutting down VM
I/inject  (29588): Buf Not Ready:0 0
D/dalvikvm(29598): GC_CONCURRENT freed 100K, 88% free 517K/4096K, paused 0ms+1ms
I/AndroidRuntime(29598): NOTE: attach of thread 'Binder Thread #3' failed
I/inject  (29588): Buf Not Ready:0 0
I/inject  (29588): Buf Not Ready:0 0
I/inject  (29588): Buf Not Ready:0 0
I/inject  (29588): Buf Not Ready:0 0
I/inject  (29588): Buf Not Ready:0 0
D/MiracastWindow(29217): createsurfaceview
I/inject  (29588): Buf Not Ready:0 0
I/inject  (29588): Buf Not Ready:0 0
I/inject  (29588): Buf Not Ready:0 0
I/inject  (29588): Buf Not Ready:0 0
I/inject  (29588): Buf Not Ready:0 0
I/inject  (29588): Buf Not Ready:0 0
I/inject  (29588): Buf Not Ready:0 0
I/inject  (29588): Buf Not Ready:0 0
D/dalvikvm(  945): GC_EXPLICIT freed 11K, 51% free 5927K/12035K, paused 2ms+7ms
I/inject  (29588): Buf Not Ready:0 0
I/inject  (29588): Buf Not Ready:0 0
V/TabletStatusBar( 1155): setLightsOn(true)
I/inject  (29588): Buf Not Ready:0 0
I/inject  (29588): Buf Not Ready:0 0
V/MiracastWindow(29217): surfaceCreated
I/inject  (29588): Buf Not Ready:0 0
I/        (29217): tvmanager JNI_OnLoad
I/inject  (29588): Buf Not Ready:0 0
I/MiracastWindow(29217): method0 = com.tvos.common.TvManager
I/inject  (29588): Buf Not Ready:0 0
I/inject  (29588): Buf Not Ready:0 0
I/        (29217): playerimpl JNI_OnLoad
I/        (29217): playerimpl native_setup
I/MiracastWindow(29217): method2 = public void com.tvos.impl.PlayerImpl.setDisplay(android.view.SurfaceHolder)  surfaceHolder.class = interface android.view.SurfaceHolder
D/PlayerImpl(29217): MstarPlayer::setVideoSurfaceTexture
D/PlayerImpl(29217): MstarPlayer::initRender
D/PlayerImpl(29217): MstarPlayer::initRender Done.
I/MiracastWindow(29217): reflect is success
D/MiracastWindow(29217): surfaceChanged
I/Process (  945): Sending signal. PID: 29217 SIG: 3
I/dalvikvm(29217): threadid=3: reacting to signal 3
I//lib/ld-linux.so.3(  748): [MApi_Video] [RATIOMSG] SetWindowEx
I//lib/ld-linux.so.3(  748): [MApi_Video] SrcWin1: x,y,w,h=152,18,1280,720
I//lib/ld-linux.so.3(  748): [MApi_Video] CropWin1: x,y,w,h=0,0,1280,720
I//lib/ld-linux.so.3(  748): [MApi_Video] DispWin1: x,y,w,h=260,0,1280,720
I//lib/ld-linux.so.3(  748): [MApi_Video] SrcWin2: x,y,w,h=152,18,1280,720
I//lib/ld-linux.so.3(  748): [MApi_Video] CropWin2: x,y,w,h=0,0,1280,720
I//lib/ld-linux.so.3(  748): [MApi_Video] DispWin2: x,y,w,h=260,0,1280,720
I//lib/ld-linux.so.3(  748): [MApi_Video] [RATIOMSG] PreCusScaling h,v = 1, 0
I//lib/ld-linux.so.3(  748): [MApi_Video] [RATIOMSG] PreScalingH  s,d =1280,1280
I//lib/ld-linux.so.3(  748): [MApi_Video] [RATIOMSG] PreScalingV  s,d =0,0
I//lib/ld-linux.so.3(  748): [MApi_Video] [RATIOMSG] CusScaling   h,v = 0, 0
I//lib/ld-linux.so.3(  748): [MApi_Video] [RATIOMSG] CusScalingH  s,d =0,0
I//lib/ld-linux.so.3(  748): [MApi_Video] [RATIOMSG] CusScalingV  s,d =0,0
I//lib/ld-linux.so.3(  748): [MApi_Video] SrcWin3: x,y,w,h=152,18,1280,720
I//lib/ld-linux.so.3(  748): [MApi_Video] CropWin3: x,y,w,h=0,0,1280,720
I//lib/ld-linux.so.3(  748): [MApi_Video] DispWin3: x,y,w,h=260,0,1280,720
I//lib/ld-linux.so.3(  748): *checkPoint*
I/dalvikvm(29217): Wrote stack traces to '/data/anr/traces.txt'
I//lib/ld-linux.so.3(  748): [MApi_Video] [RATIOMSG] BeforePreScaling = ( H , V ) = ( 1280, 720 )
I//lib/ld-linux.so.3(  748): [MApi_Video] [RATIOMSG] AfterPreScaling  = ( H , V ) = ( 1280, 720 )
I//lib/ld-linux.so.3(  748): Read Bandwidthtable.bin
I/ActivityManager(  945): Displayed com.coship.Multimedia/.miracast.MiracastWindow: +671ms
W/InputManagerService(  945): Starting input on non-focused client com.android.internal.view.IInputMethodClient$Stub$Proxy@41675698 (uid=1000 pid=2093)
I//lib/ld-linux.so.3(  748): @@@MSrv_System_Database::GetVideoSettingenPQMNRType is 1
I//lib/ld-linux.so.3(  748): enPQFLType is 1
I//lib/ld-linux.so.3(  748):    [Plugins_PatchPQ]Customer Path PQ Add here
I//lib/ld-linux.so.3(  748): ** Leave DoSetMode : 64
I//lib/ld-linux.so.3(  748): [AUTO_TEST][source change]: Unmute [156867628]
I//lib/ld-linux.so.3(  748):  [DTV channel change][156867628] : Unmute 
I//lib/ld-linux.so.3(  748): ******Amplifier_TI5707_SWMute(0)
I//lib/ld-linux.so.3(  748): 5707write fail = 7
I//lib/ld-linux.so.3(  748): 5707write fail = 7
I//lib/ld-linux.so.3(  748): 5707write fail = 7
I//lib/ld-linux.so.3(  748): 5707write fail = 7
I//lib/ld-linux.so.3(  748): 5707write fail = 6
D/NetUpdate( 2093): progressValue--->0
D/NetUpdate( 2093): mWriteSD--->true
D/NetUpdate( 2093): mBootCheckZipExist--->false
D/dalvikvm(29217): GC_CONCURRENT freed 1935K, 47% free 7257K/13443K, paused 2ms+4ms
D/HomePlayerLib(29217): hostaddress count is 2
D/dalvikvm(29217): GC_CONCURRENT freed 1944K, 46% free 7359K/13443K, paused 3ms+3ms
D/NetUpdate( 2093): progressValue--->0
D/NetUpdate( 2093): mWriteSD--->true
D/NetUpdate( 2093): mBootCheckZipExist--->false
D/dalvikvm(29217): GC_CONCURRENT freed 2045K, 46% free 7361K/13443K, paused 3ms+3ms
D/dalvikvm(29217): GC_CONCURRENT freed 2042K, 46% free 7367K/13443K, paused 2ms+3ms
D/NetUpdate( 2093): progressValue--->0
D/NetUpdate( 2093): mWriteSD--->true
D/NetUpdate( 2093): mBootCheckZipExist--->false
D/dalvikvm(29217[156870.577933] wfd0: no IPv6 routers present
): GC_CONCURRENT freed 2043K, 45% free 7437K/13443K, paused 3ms+3ms
D/dalvikvm(29217): GC_CONCURRENT freed 2101K, 46% free 7316K/13443K, paused 2ms+6ms
D/NetUpdate( 2093): progressValue--->0
D/NetUpdate( 2093): mWriteSD--->true
D/NetUpdate( 2093): mBootCheckZipExist--->false
D/dalvikvm(29217): GC_CONCURRENT freed 1984K, 47% free 7257K/13443K, paused 3ms+4ms
D/NetUpdate( 2093): progressValue--->0
D/NetUpdate( 2093): mWriteSD--->true
D/NetUpdate( 2093): mBootCheckZipExist--->false
D/NetUpdate( 2093): progressValue--->0
D/NetUpdate( 2093): mWriteSD--->true
D/NetUpdate( 2093): mBootCheckZipExist--->false
D/dalvikvm(29217): GC_CONCURRENT freed 1926K, 46% free 7268K/13443K, paused 4ms+5ms
D/NetUpdate( 2093): progressValue--->0
D/NetUpdate( 2093): mWriteSD--->true
D/NetUpdate( 2093): mBootCheckZipExist--->false
D/dalvikvm(29217): GC_CONCURRENT freed 1953K, 46% free 7267K/13443K, paused 3ms+4ms
D/NetUpdate( 2093): progressValue--->0
D/NetUpdate( 2093): mWriteSD--->true
D/NetUpdate( 2093): mBootCheckZipExist--->false
D/dalvikvm(29217): GC_CONCURRENT freed 1947K, 45% free 7420K/13443K, paused 3ms+3ms
D/NetUpdate( 2093): progressValue--->0
D/NetUpdate( 2093): mWriteSD--->true
D/NetUpdate( 2093): mBootCheckZipExist--->false
D/dalvikvm(29217): GC_CONCURRENT freed 2100K, 46% free 7272K/13443K, paused 2ms+5ms
D/NetUpdate( 2093): progressValue--->0
D/NetUpdate( 2093): mWriteSD--->true
D/NetUpdate( 2093): mBootCheckZipExist--->false
D/dalvikvm(29217): GC_CONCURRENT freed 1957K, 46% free 7272K/13443K, paused 3ms+3ms
D/dalvikvm(29217): GC_CONCURRENT freed 1978K, 46% free 7362K/13443K, paused 2ms+4ms
D/NetUpdate( 2093): progressValue--->0
D/NetUpdate( 2093): mWriteSD--->true
D/NetUpdate( 2093): mBootCheckZipExist--->false
D/dalvikvm(29217): GC_CONCURRENT freed 2026K, 46% free 7260K/13443K, paused 3ms+4ms
D/HomePlayerLib(29217): hostaddress count is 2
D/dalvikvm(29217): GC_CONCURRENT freed 1946K, 46% free 7319K/13443K, paused 4ms+3ms
D/NetUpdate( 2093): progressValue--->0
D/NetUpdate( 2093): mWriteSD--->true
D/NetUpdate( 2093): mBootCheckZipExist--->false
D/dalvikvm(29217): GC_CONCURRENT freed 1983K, 45% free 7413K/13443K, paused 4ms+5ms
D/dalvikvm(29217): GC_CONCURRENT freed 2084K, 46% free 7381K/13443K, paused 2ms+4ms
D/NetUpdate( 2093): progressValue--->0
D/NetUpdate( 2093): mWriteSD--->true
D/NetUpdate( 2093): mBootCheckZipExist--->false
D/dalvikvm(29217): GC_CONCURRENT freed 2042K, 46% free 7316K/13443K, paused 3ms+5ms
D/NetUpdate( 2093): progressValue--->0
D/NetUpdate( 2093): mWriteSD--->true
D/NetUpdate( 2093): mBootCheckZipExist--->false
D/dalvikvm(29217): GC_CONCURRENT freed 1990K, 46% free 7287K/13443K, paused 2ms+3ms
D/NetUpdate( 2093): progressValue--->0
D/NetUpdate( 2093): mWriteSD--->true
D/NetUpdate( 2093): mBootCheckZipExist--->false
D/dalvikvm(29217): GC_CONCURRENT freed 1951K, 46% free 7275K/13443K, paused 2ms+4ms
D/dalvikvm(29217): GC_CONCURRENT freed 1946K, 46% free 7373K/13443K, paused 3ms+4ms
D/NetUpdate( 2093): progressValue--->0
D/NetUpdate( 2093): mWriteSD--->true
D/NetUpdate( 2093): mBootCheckZipExist--->false
D/NetUpdate( 2093): progressValue--->0
D/NetUpdate( 2093): mWriteSD--->true
D/NetUpdate( 2093): mBootCheckZipExist--->false
D/dalvikvm(29217): GC_CONCURRENT freed 2045K, 46% free 7374K/13443K, paused 3ms+5ms
D/NetUpdate( 2093): progressValue--->0
D/NetUpdate( 2093): mWriteSD--->true
D/NetUpdate( 2093): mBootCheckZipExist--->false
D/dalvikvm(29217): GC_CONCURRENT freed 2046K, 46% free 7268K/13443K, paused 2ms+3ms
D/NetUpdate( 2093): progressValue--->0
D/NetUpdate( 2093): mWriteSD--->true
D/NetUpdate( 2093): mBootCheckZipExist--->false
D/dalvikvm(29217): GC_CONCURRENT freed 1950K, 45% free 7441K/13443K, paused 3ms+4ms
D/NetUpdate( 2093): progressValue--->0
D/NetUpdate( 2093): mWriteSD--->true
D/NetUpdate( 2093): mBootCheckZipExist--->false
D/NetUpdate( 2093): progressValue--->0
D/NetUpdate( 2093): mWriteSD--->true
D/NetUpdate( 2093): mBootCheckZipExist--->false
D/dalvikvm(29217): GC_CONCURRENT freed 2099K, 46% free 7265K/13443K, paused 2ms+4ms
D/NetUpdate( 2093): progressValue--->0
D/NetUpdate( 2093): mWriteSD--->true
D/NetUpdate( 2093): mBootCheckZipExist--->false
D/dalvikvm(29217): GC_CONCURRENT freed 1942K, 46% free 7307K/13443K, paused 3ms+4ms
D/NetUpdate( 2093): progressValue--->0
D/NetUpdate( 2093): mWriteSD--->true
D/NetUpdate( 2093): mBootCheckZipExist--->false
D/WifiP2pService(  945): GroupCreatedState{ what=143363 when=-27ms arg1=6 }
D/WifiP2pService(  945): P2pEnabledState{ what=143363 when=-28ms arg1=6 }
D/WifiP2pService(  945): DefaultState{ what=143363 when=-28ms arg1=6 }
D/NetUpdate( 2093): progressValue--->0
D/NetUpdate( 2093): mWriteSD--->true
D/NetUpdate( 2093): mBootCheckZipExist--->false
D/HomePlayerLib(29217): hostaddress count is 2
D/dalvikvm(29217): GC_CONCURRENT freed 1993K, 47% free 7259K/13443K, paused 3ms+4ms
D/dalvikvm(29217): GC_CONCURRENT freed 1936K, 47% free 7246K/13443K, paused 4ms+3ms
D/NetUpdate( 2093): progressValue--->0
D/NetUpdate( 2093): mWriteSD--->true
D/NetUpdate( 2093): mBootCheckZipExist--->false
D/dalvikvm(29217): GC_CONCURRENT freed 1925K, 46% free 7275K/13443K, paused 3ms+4ms
D/dalvikvm(29217): GC_CONCURRENT freed 1947K, 46% free 7268K/13443K, paused 3ms+3ms
D/NetUpdate( 2093): progressValue--->0
D/NetUpdate( 2093): mWriteSD--->true
D/NetUpdate( 2093): mBootCheckZipExist--->false
D/NetUpdate( 2093): progressValue--->0
D/NetUpdate( 2093): mWriteSD--->true
D/NetUpdate( 2093): mBootCheckZipExist--->false
D/dalvikvm(29217): GC_CONCURRENT freed 1951K, 47% free 7250K/13443K, paused 2ms+3ms
D/dalvikvm(29217): GC_CONCURRENT freed 1912K, 46% free 7307K/13443K, paused 3ms+3ms
D/NetUpdate( 2093): progressValue--->0
D/NetUpdate( 2093): mWriteSD--->true
D/NetUpdate( 2093): mBootCheckZipExist--->false
D/NetUpdate( 2093): progressValue--->0
D/NetUpdate( 2093): mWriteSD--->true
D/NetUpdate( 2093): mBootCheckZipExist--->false
^C
130|shell@android:/ # 
130|shell@android:/ # [157101.276077] 
[157101.276087] irq_proc_write
[157101.427173] Can not set data rate in disconnected state
[157101.635741] binder: 754:1043 transaction failed 29189, size 68-0
[157101.756229] 
[157101.756239] irq_proc_write
[157102.497356] ADDRCONF(NETDEV_UP): uap0: link is not ready
[157104.110527] IOCTL failed: id=0x10000, action=1, status_code=0x80000007
[157105.145267] CMD_RESP: 0x8006 been canceled!
[157105.149897] CMD_RESP: Unknown command response 0x10
[157105.157429] ADDRCONF(NETDEV_UP): uap0: link is not ready
[157105.193824] ADDRCONF(NETDEV_CHANGE): uap0: link becomes ready

130|shell@android:/ # 
130|shell@android:/ # 
130|shell@android:/ # 
130|shell@android:/ # 
130|shell@android:/ # su
shell@android:/ # 
shell@android:/ # 
shell@android:/ # 
shell@android:/ # [157796.876128] IR: [03932] scan key value is 0xea15c936 
[157796.876133]  
[157796.928621] IR: [03932] scan key value is 0xea15c936 
[157796.928630]  
[157797.210578] IR: [03932] scan key value is 0xea15c936 
[157797.210584]  
[157797.263068] IR: [03932] scan key value is 0xea15c936 
[157797.263073]  
[157797.521980] IR: [03932] scan key value is 0xea15c936 
[157797.521985]  
[157798.782336] IR: [03932] scan key value is 0xea15c936 
[157798.782341]  
[157798.834829] IR: [03932] scan key value is 0xea15c936 
[157798.834838]  
[157800.029334] IR: [03932] scan key value is 0xee11c936 
[157800.029338]  
[157800.081863] IR: [03932] scan key value is 0xee11c936 
[157800.081870]  
[157800.451530] IR: [03932] scan key value is 0xee11c936 
[157800.451535]  
[157800.504021] IR: [03932] scan key value is 0xee11c936 
[157800.504030]  
[157801.134568] IR: [03932] scan key value is 0xee11c936 
[157801.134573]  
[157801.187053] IR: [03932] scan key value is 0xee11c936 
[157801.187058]  
[157801.392936] IR: [03932] scan key value is 0xee11c936 
[157801.392942]  
[157801.445434] IR: [03932] scan key value is 0xee11c936 
[157801.445440]  
[157801.907576] IR: [03932] scan key value is 0xee11c936 
[157801.907581]  
[157801.960064] IR: [03932] scan key value is 0xee11c936 
[157801.960069]  
[157802.180931] IR: [03932] scan key value is 0xee11c936 
[157802.180936]  
[157802.233399] IR: [03932] scan key value is 0xee11c936 
[157802.233404]  
[157802.417582] IR: [03932] scan key value is 0xee11c936 
[157802.417587]  
[157802.470067] IR: [03932] scan key value is 0xee11c936 
[157802.470072]  
[157804.078287] IR: [03932] scan key value is 0xea15c936 
[157804.078292]  
[157804.130777] IR: [03932] scan key value is 0xea15c936 
[157804.130782]  
[157804.238871] IR: [03932] scan key value is 0xea15c936 
[157804.238876]  
[157804.346971] IR: [03932] scan key value is 0xea15c936 
[157804.346977]  
[157804.559011] IR: [03932] scan key value is 0xea15c936 
[157804.559016]  
[157804.611505] IR: [03932] scan key value is 0xea15c936 
[157804.611510]  
[157804.842135] IR: [03932] scan key value is 0xea15c936 
[157804.842140]  
[157804.894627] IR: [03932] scan key value is 0xea15c936 
[157804.894632]  
[157805.295503] ADDRCONF(NETDEV_UP): wlan0: link is not ready
[157805.402285] IR: [03932] scan key value is 0xea15c936 
[157805.402290]  
[157805.454778] IR: [03932] scan key value is 0xea15c936 
[157805.454783]  
[157806.102425] IR: [03932] scan key value is 0xeb14c936 
[157806.102430]  
[157806.154917] IR: [03932] scan key value is 0xeb14c936 
[157806.154922]  
[157806.592805] IR: [03932] scan key value is 0xec13c936 
[157806.592810]  
[157806.645295] IR: [03932] scan key value is 0xec13c936 
[157806.645300]  
[157808.368534] IR: [03932] scan key value is 0xeb14c936 
[157808.368539]  
[157808.421020] IR: [03932] scan key value is 0xeb14c936 
[157808.421025]  
[157808.841241] IR: [03932] scan key value is 0xec13c936 
[157808.841246]  
[157808.893728] IR: [03932] scan key value is 0xec13c936 
[157808.893733]  
[157809.748854] IR: [03932] scan key value is 0xed12c936 
[157809.748859]  
[157810.147677] IR: [03932] scan key value is 0xea15c936 
[157810.147682]  
[157810.200170] IR: [03932] scan key value is 0xea15c936 
[157810.200178]  
[157810.400307] IR: [03932] scan key value is 0xea15c936 
[157810.400311]  
[157810.452802] IR: [03932] scan key value is 0xea15c936 
[157810.452811]  
[157810.931898] IR: [03932] scan key value is 0xea15c936 
[157810.931904]  
[157811.336461] IR: [03932] scan key value is 0xeb14c936 
[157811.336466]  
[157811.388949] IR: [03932] scan key value is 0xeb14c936 
[157811.388954]  
[157811.543392] ADDRCONF(NETDEV_CHANGE): wlan0: link becomes ready
[157811.831341] IR: [03932] scan key value is 0xec13c936 
[157811.831346]  
[157811.883822] IR: [03932] scan key value is 0xec13c936 
[157811.883827]  
[157812.076563] cfg80211: Calling CRDA to update world regulatory domain
[157812.864909] IR: [03932] scan key value is 0xec13c936 
[157812.864914]  
[157812.917389] IR: [03932] scan key value is 0xec13c936 
[157812.917394]  
[157813.339924] ADDRCONF(NETDEV_UP): wlan0: link is not ready
[157819.575114] ADDRCONF(NETDEV_CHANGE): wlan0: link becomes ready
[157829.319604] IR: [03932] scan key value is 0xea15c936 
[157829.319608]  
[157829.372099] IR: [03932] scan key value is 0xea15c936 
[157829.372105]  
[157829.621579] IR: [03932] scan key value is 0xea15c936 
[157829.621584]  
[157829.674081] IR: [03932] scan key value is 0xea15c936 
[157829.674086]  
[157830.192139] IR: [03932] scan key value is 0xea15c936 
[157830.192144]  
[157830.244640] IR: [03932] scan key value is 0xea15c936 
[157830.244646]  
[157830.478532] IR: [03932] scan key value is 0xea15c936 
[157830.478537]  
[157830.531028] IR: [03932] scan key value is 0xea15c936 
[157830.531033]  
[157830.763103] IR: [03932] scan key value is 0xea15c936 
[157830.763108]  
[157830.815599] IR: [03932] scan key value is 0xea15c936 
[157830.815605]  
[157831.089959] wlan0: no IPv6 routers present
[157831.389349] IR: [03932] scan key value is 0xea15c936 
[157831.389354]  
[157831.441844] IR: [03932] scan key value is 0xea15c936 
[157831.441849]  
[157832.054059] init: untracked pid 29890 exited
[157832.063240] init: untracked pid 29891 exited
[157832.228722] init: untracked pid 4266 exited
[157832.233381] init: untracked pid 4267 exited
[157832.238401] init: untracked pid 4268 exited
[157832.242866] init: untracked pid 4269 exited
[157832.515681] IR: [03932] scan key value is 0xee11c936 
[157832.515686]  
[157832.568173] IR: [03932] scan key value is 0xee11c936 
[157832.568178]  
[157833.068689] IR: [03932] scan key value is 0xea15c936 
[157833.068694]  
[157833.121184] IR: [03932] scan key value is 0xea15c936 
[157833.121189]  
[157833.313443] IR: [03932] scan key value is 0xea15c936 
[157833.313448]  
[157833.365942] IR: [03932] scan key value is 0xea15c936 
[157833.365947]  
[157834.310469] IR: [03932] scan key value is 0xec13c936 
[157834.310474]  
[157834.362960] IR: [03932] scan key value is 0xec13c936 
[157834.362964]  
[157836.233114] IR: [03932] scan key value is 0xed12c936 
[157836.233119]  
[157836.714665] IR: [03932] scan key value is 0xec13c936 
[157836.714670]  
[157836.767156] IR: [03932] scan key value is 0xec13c936 
[157836.767161]  
[157837.275715] IR: [03932] scan key value is 0xec13c936 
[157837.275720]  
[157837.328212] IR: [03932] scan key value is 0xec13c936 
[157837.328216]  
[157837.841078] IR: [03932] scan key value is 0xec13c936 
[157837.841083]  
[157837.893576] IR: [03932] scan key value is 0xec13c936 
[157837.893581]  
[157838.431029] IR: [03932] scan key value is 0xec13c936 
[157838.431034]  
[157838.483519] IR: [03932] scan key value is 0xec13c936 
[157838.483524]  
[157839.043200] IR: [03932] scan key value is 0xec13c936 
[157839.043206]  
[157839.095706] IR: [03932] scan key value is 0xec13c936 
[157839.095711]  
[157839.624022] IR: [03932] scan key value is 0xec13c936 
[157839.624027]  
[157840.503209] IR: [03932] scan key value is 0xec13c936 
[157840.503214]  
[157840.555699] IR: [03932] scan key value is 0xec13c936 
[157840.555705]  
[157841.008109] IR: [03932] scan key value is 0xeb14c936 
[157841.008115]  
[157841.060599] IR: [03932] scan key value is 0xeb14c936 
[157841.060604]  
[157841.471473] IR: [03932] scan key value is 0xec13c936 
[157841.471478]  
[157841.523966] IR: [03932] scan key value is 0xec13c936 
[157841.523971]  
[157842.080742] IR: [03932] scan key value is 0xec13c936 
[157842.080747]  
[157842.133235] IR: [03932] scan key value is 0xec13c936 
[157842.133239]  
[157842.726536] IR: [03932] scan key value is 0xec13c936 
[157842.726541]  
[157842.779029] IR: [03932] scan key value is 0xec13c936 
[157842.779035]  
[157843.284862] IR: [03932] scan key value is 0xec13c936 
[157843.284867]  
[157843.337354] IR: [03932] scan key value is 0xec13c936 
[157843.337358]  
[157843.913292] IR: [03932] scan key value is 0xec13c936 
[157843.913297]  
[157843.965788] IR: [03932] scan key value is 0xec13c936 
[157843.965793]  
[157844.427835] IR: [03932] scan key value is 0xec13c936 
[157844.427840]  
[157844.480323] IR: [03932] scan key value is 0xec13c936 
[157844.480328]  
[157845.184605] IR: [03932] scan key value is 0xec13c936 
[157845.184609]  
[157845.237097] IR: [03932] scan key value is 0xec13c936 
[157845.237102]  
[157846.236291] IR: [03932] scan key value is 0xf10ec936 
[157846.236296]  
[157846.906633] IR: [03932] scan key value is 0xea15c936 
[157846.906639]  
[157846.959118] IR: [03932] scan key value is 0xea15c936 
[157846.959123]  
[157847.313591] IR: [03932] scan key value is 0xec13c936 
[157847.313596]  
[157847.366081] IR: [03932] scan key value is 0xec13c936 
[157847.366086]  
[157847.904706] IR: [03932] scan key value is 0xea15c936 
[157847.904711]  
[157847.957198] IR: [03932] scan key value is 0xea15c936 
[157847.957202]  
[157848.315610] IR: [03932] scan key value is 0xec13c936 
[157848.315614]  
[157848.368100] IR: [03932] scan key value is 0xec13c936 
[157848.368105]  
[157849.514741] cfg80211: Calling CRDA for country: CN
[157849.527487] IOCTL failed: id=0x10000, action=1, status_code=0x80000007
[157849.670624] CMD_RESP: 0x8006 been canceled!
[157849.676672] Can not find bssid c8:3a:35:34:4e:bc
[157852.134074] Ignore ADDBA Request event in disconnected state
[157852.140866] ADDRCONF(NETDEV_CHANGE): wlan0: link becomes ready
[157853.108438] ADDBA RSP: Failed(c8:3a:35:34:4e:bc tid=0)
[157860.278833] init: untracked pid 29905 exited
[157860.283940] init: untracked pid 29906 exited
[157860.288533] init: untracked pid 29907 exited
[157860.293031] init: untracked pid 29908 exited
[157860.391778] init: untracked pid 29937 exited
[157860.396339] init: untracked pid 29939 exited
[157861.550656] cfg80211: Calling CRDA to update world regulatory domain
[157868.846085] ASSOC_RESP: Association Failed, status code = 1, error = 0xfffc, a_id = 0xffff
[157886.062562] ADDBA RSP: Failed(c8:3a:35:34:4e:bc tid=0)
[157894.199969] cfg80211: Calling CRDA to update world regulatory domain
[158204.576920] IR: [03932] scan key value is 0xee11c936 
[158204.576924]  [168059.703701] IR: [03932] scan key value is 0xf10ec936 
[168059.703706]  
[168059.756220] IR: [03932] scan key value is 0xf10ec936 
[168059.756225]  
[168638.490501] IR: [03932] scan key value is 0xea15c936 
[168638.490506]  
[168638.543012] IR: [03932] scan key value is 0xea15c936 
[168638.543017]  
[168638.889443] IR: [03932] scan key value is 0xec13c936 
[168638.889448]  
[168638.941951] IR: [03932] scan key value is 0xec13c936 
[168638.941956]  
[168640.720413] IR: [03932] scan key value is 0xec13c936 
[168640.720418]  
[168640.772918] IR: [03932] scan key value is 0xec13c936 
[168640.772923]  
[168667.703562] init: untracked pid 473 exited
[168667.708328] init: untracked pid 474 exited
[168667.712955] init: untracked pid 475 exited
[168667.717282] init: untracked pid 476 exited
[168667.866091] ADDRCONF(NETDEV_UP): uap0: link is not ready
[168668.743519] ADDRCONF(NETDEV_UP): uap0: link is not ready
[168668.765688] ADDRCONF(NETDEV_CHANGE): uap0: link becomes ready
[168684.244437] IR: [03932] scan key value is 0xea15c936 
[168684.244442]  
[168684.296991] IR: [03932] scan key value is 0xea15c936 
[168684.296999]  
[168685.108627] IR: [03932] scan key value is 0xee11c936 
[168685.108632]  
[168685.161136] IR: [03932] scan key value is 0xee11c936 
[168685.161146]  
[168768.579102] ADDRCONF(NETDEV_UP): wfd0: link is not ready
[168768.633476] Can not set data rate in disconnected state
[168786.786831] Invalid country length
[168786.937095] binder: 1125:1137 transaction failed 29189, size 88-4
[168786.951592] alarm_release: clear alarm, pending 0
[168786.956443] alarm_release: clear alarm, pending 0
[168786.961251] alarm_release: clear alarm, pending 0
[168786.966070] alarm_release: clear alarm, pending 0
[168787.040982] ADDRCONF(NETDEV_CHANGE): wfd0: link becomes ready
[168787.168662] request_suspend_state: wakeup (0->0) at 168787162390149 (2013-05-27 06:12:13.008186662 UTC)
[168787.280798] init: untracked pid 739 exited
[168787.295729] init: untracked pid 1125 exited
[168787.304067] init: untracked pid 1210 exited
[168787.310048] [0042196826][MAD_ALSA][000680]     <6>Free PCM HW resource
[168787.316822] [0042196828][MAD_ALSA][000596]     <6>Close 'subdevice #0'(0) of MStar ALSA playback device
[168787.329947] init: untracked pid 1155 exited
[168787.334428] init: untracked pid 1279 exited
[168787.390962] [0042196847][MAD_ALSA][000417]     <6>Close software timer.
[168787.399733] [0042196849][MAD_ALSA][000415]     <6>Exit MStar PCM playback engine
[168787.410768] init: untracked pid 744 exited
[168787.415517] init: untracked pid 1233 exited
[168787.421287] init: untracked pid 1307 exited
[168787.426084] init: untracked pid 1328 exited
[168787.430803] init: untracked pid 1461 exited
[168787.435342] init: untracked pid 1484 exited
[168787.439762] init: untracked pid 1511 exited
[168787.444190] init: untracked pid 1566 exited
[168787.448985] init: untracked pid 1580 exited
[168787.453583] init: untracked pid 1620 exited
[168787.458049] init: untracked pid 1646 exited
[168787.462801] init: untracked pid 1662 exited
[168787.467440] init: untracked pid 1679 exited
[168787.471900] init: untracked pid 2093 exited
[168787.476566] init: untracked pid 5694 exited
[168787.481184] init: untracked pid 8722 exited
[168787.493237] init: untracked pid 29217 exited
[168787.511563] init: untracked pid 1744 exited
[168787.627882] init: untracked pid 2006 exited
[168787.787232] init: untracked pid 4284 exited
[168788.488817] IR: [03932] scan key value is 0xea15c936 
[168788.488822]  
[168788.541317] IR: [03932] scan key value is 0xea15c936 
[168788.541322]  [0042197143][MAD_ALSA][000514]     <6>Open 'subdevice #0'(0) of MStar ALSA playback device
[168788.586321] [0042197146][MAD_ALSA][000401]     <6>Open software timer.
[168788.593241] [0042197147][MAD_ALSA][000669]     <6>Configure PCM HW resource
[168788.867132] IR: [03932] scan key value is 0xea15c936 
[168788.867137]  
[168788.919629] IR: [03932] scan key value is 0xea15c936 
[168788.919635]  
[168795.821474] request_suspend_state: wakeup (0->0) at 168795815199126 (2013-05-27 06:12:21.660996441 UTC)
[168795.979656] init: no such service 'hciattach'
[168797.569219] binder: 839:848 refcount change on invalid ref 40
[168797.868481] binder: 839:858 refcount change on invalid ref 40
[168797.874416] binder: 839:858 refcount change on invalid ref 40
[168797.880361] binder: transaction release 12859542 bad handle 40

shell@android:/ # 
shell@android:/ # 
shell@android:/ # logca[168800.928618] binder: 1071:1080 refcount change on invalid ref 16
t
--------- beginning of /dev/log/system
D/WifiP2pService(  945): P2pEnabledState{ what=147462 when=0 obj=android.net.wifi.StateChangeResult@416d59e0 }
D/WifiP2pService(  945): DefaultState{ what=147462 when=0 obj=android.net.wifi.StateChangeResult@416d59e0 }
E/WifiP2pService(  945): Unhandled message { what=147462 when=-1ms obj=android.net.wifi.StateChangeResult@416d59e0 }
V/EthernetMonitor(  945): get event 
V/EthernetMonitor(  945): go poll events
V/EthernetMonitor(  945): get event 
V/EthernetMonitor(  945): go poll events
D/WifiP2pService(  945): GroupNegotiationState{ what=147459 when=0 obj=a6:a8:20:13:03:6e }
D/WifiP2pService(  945): P2pEnabledState{ what=147459 when=-1ms obj=a6:a8:20:13:03:6e }
D/WifiP2pService(  945): DefaultState{ what=147459 when=-1ms obj=a6:a8:20:13:03:6e }
E/WifiP2pService(  945): Unhandled message { what=147459 when=-1ms obj=a6:a8:20:13:03:6e }
D/WifiP2pService(  945): GroupNegotiationState{ what=147462 when=0 obj=android.net.wifi.StateChangeResult@416fe180 }
D/WifiP2pService(  945): P2pEnabledState{ what=147462 when=0 obj=android.net.wifi.StateChangeResult@416fe180 }
D/WifiP2pService(  945): DefaultState{ what=147462 when=-1ms obj=android.net.wifi.StateChangeResult@416fe180 }
E/WifiP2pService(  945): Unhandled message { what=147462 when=-1ms obj=android.net.wifi.StateChangeResult@416fe180 }
D/WifiP2pService(  945): GroupNegotiationState{ what=147483 when=0 }
D/WifiP2pService(  945): GroupNegotiationState go success
D/WifiP2pService(  945): GroupNegotiationState{ what=147485 when=0 obj=network: "DIRECT-5g"
D/WifiP2pService(  945):  isGO: true
D/WifiP2pService(  945):  GO: Device: 
D/WifiP2pService(  945):  deviceAddress: a6:a8:20:13:03:6e
D/WifiP2pService(  945):  primary type: null
D/WifiP2pService(  945):  secondary type: null
D/WifiP2pService(  945):  wps: 0
D/WifiP2pService(  945):  grpcapab: 0
D/WifiP2pService(  945):  devcapab: 0
D/WifiP2pService(  945):  status: 4
D/WifiP2pService(  945):  wfdInfo: null
D/WifiP2pService(  945):  interface: wfd0 }
D/WifiP2pService(  945): P2pEnabledState{ what=147485 when=0 obj=network: "DIRECT-5g"
D/WifiP2pService(  945):  isGO: true
D/WifiP2pService(  945):  GO: Device: 
D/WifiP2pService(  945):  deviceAddress: a6:a8:20:13:03:6e
D/WifiP2pService(  945):  primary type: null
D/WifiP2pService(  945):  secondary type: null
D/WifiP2pService(  945):  wps: 0
D/WifiP2pService(  945):  grpcapab: 0
D/WifiP2pService(  945):  devcapab: 0
D/WifiP2pService(  945):  status: 4
D/WifiP2pService(  945):  wfdInfo: null
D/WifiP2pService(  945):  interface: wfd0 }
D/WifiP2pService(  945): P2pEnabledState group started
D/NetworkManagementService(  945): rsp <213 a6:a8:20:13:03:6e 0.0.0.0 0 [up broadcast running multicast]>
D/NetworkManagementService(  945): flags <[up broadcast running multicast]>
V/EthernetMonitor(  945): get event 
V/EthernetMonitor(  945): go poll events
D/WifiP2pService(  945): Started Dhcp server on wfd0
D/WifiP2pService(  945): GroupCreatedState
D/WifiP2pService(  945): sending p2p connection changed broadcast
D/WifiP2pService(  945): GroupCreatedState{ what=147498 when=0 obj=02:90:4c:78:83:ff }
D/WifiP2pService(  945): GroupCreatedState ap sta connected
D/WifiP2pService(  945): miracst connect 192.168.49.2:8554
D/WifiP2pService(  945): GroupCreatedState{ what=147498 when=-8ms obj=02:90:4c:78:83:ff }
D/WifiP2pService(  945): GroupCreatedState ap sta connected
D/WifiP2pService(  945): miracst connect 192.168.49.2:8554
D/WifiP2pService(  945): GroupCreatedState{ what=139286 when=-16ms arg2=48 }
D/WifiP2pService(  945): P2pEnabledState{ what=139286 when=-16ms arg2=48 }
D/WifiP2pService(  945): DefaultState{ what=139286 when=-17ms arg2=48 }
D/WifiP2pService(  945): GroupCreatedState{ what=139286 when=-18ms arg2=41 }
D/WifiP2pService(  945): P2pEnabledState{ what=139286 when=-18ms arg2=41 }
D/WifiP2pService(  945): DefaultState{ what=139286 when=-19ms arg2=41 }
D/WifiP2pService(  945): GroupCreatedState{ what=139286 when=-11ms arg2=42 }
D/WifiP2pService(  945): P2pEnabledState{ what=139286 when=-13ms arg2=42 }
D/WifiP2pService(  945): DefaultState{ what=139286 when=-14ms arg2=42 }
D/WifiP2pService(  945): GroupCreatedState{ what=139286 when=-14ms arg2=49 }
D/WifiP2pService(  945): P2pEnabledState{ what=139286 when=-15ms arg2=49 }
D/WifiP2pService(  945): DefaultState{ what=139286 when=-15ms arg2=49 }
I/ActivityManager(  945): START {act=com.coship.Multimedia.Miracast.launch flg=0x14000000 cmp=com.coship.Multimedia/.miracast.MiracastWindow} from pid 29217
V/TabletStatusBar( 1155): setLightsOn(true)
W/InputManagerService(  945): Starting input on non-focused client com.android.internal.view.IInputMethodClient$Stub$Proxy@41675698 (uid=1000 pid=2093)
D/WifiP2pService(  945): GroupCreatedState{ what=143363 when=-27ms arg1=6 }
D/WifiP2pService(  945): P2pEnabledState{ what=143363 when=-28ms arg1=6 }
D/WifiP2pService(  945): DefaultState{ what=143363 when=-28ms arg1=6 }
D/WifiP2pService(  945): GroupCreatedState{ what=143363 when=-63ms arg1=7 }
D/WifiP2pService(  945): P2pEnabledState{ what=143363 when=-63ms arg1=7 }
D/WifiP2pService(  945): DefaultState{ what=143363 when=-63ms arg1=7 }
D/WifiP2pService(  945): GroupCreatedState{ what=143363 when=-24ms arg1=8 }
D/WifiP2pService(  945): P2pEnabledState{ what=143363 when=-24ms arg1=8 }
D/WifiP2pService(  945): DefaultState{ what=143363 when=-24ms arg1=8 }
D/WifiP2pService(  945): GroupCreatedState{ what=147497 when=0 obj=02:90:4c:78:83:ff }
D/WifiP2pService(  945): Removed client 02:90:4c:78:03:ff
D/WifiP2pService(  945): Client list empty, remove non-persistent p2p group
V/EthernetMonitor(  945): get event 
V/EthernetMonitor(  945): go poll events
E/WifiP2pService(  945): GroupCreatedState ap sta disconnected
D/WifiP2pService(  945): GroupCreatedState{ what=147497 when=-36ms obj=02:90:4c:78:83:ff }
E/WifiP2pService(  945): Disconnect on unknown device address : 02:90:4c:78:83:ff
D/WifiP2pService(  945): GroupCreatedState{ what=147486 when=-33ms obj=network: null
D/WifiP2pService(  945):  isGO: true
D/WifiP2pService(  945):  GO: null
D/WifiP2pService(  945):  interface: wfd0 }
E/WifiP2pService(  945): GroupCreatedState group removed
D/WifiP2pService(  945): Stopped Dhcp server
V/EthernetMonitor(  945): get event 
V/EthernetMonitor(  945): go poll events
D/WifiP2pService(  945): sending p2p connection changed broadcast
D/WifiP2pService(  945): InactiveState
V/TabletStatusBar( 1155): setLightsOn(true)
D/WifiP2pService(  945): InactiveState{ what=147478 when=-119ms obj=Device: 
D/WifiP2pService(  945):  deviceAddress: 02:90:4c:78:03:ff
D/WifiP2pService(  945):  primary type: null
D/WifiP2pService(  945):  secondary type: null
D/WifiP2pService(  945):  wps: 0
D/WifiP2pService(  945):  grpcapab: 0
D/WifiP2pService(  945):  devcapab: 0
D/WifiP2pService(  945):  status: 4
D/WifiP2pService(  945):  wfdInfo: null }
D/WifiP2pService(  945): P2pEnabledState{ what=147478 when=-119ms obj=Device: 
D/WifiP2pService(  945):  deviceAddress: 02:90:4c:78:03:ff
D/WifiP2pService(  945):  primary type: null
D/WifiP2pService(  945):  secondary type: null
D/WifiP2pService(  945):  wps: 0
D/WifiP2pService(  945):  grpcapab: 0
D/WifiP2pService(  945):  devcapab: 0
D/WifiP2pService(  945):  status: 4
D/WifiP2pService(  945):  wfdInfo: null }
D/WifiP2pService(  945): InactiveState{ what=147462 when=-119ms obj=android.net.wifi.StateChangeResult@416c6fa8 }
D/WifiP2pService(  945): P2pEnabledState{ what=147462 when=-120ms obj=android.net.wifi.StateChangeResult@416c6fa8 }
D/WifiP2pService(  945): DefaultState{ what=147462 when=-120ms obj=android.net.wifi.StateChangeResult@416c6fa8 }
E/WifiP2pService(  945): Unhandled message { what=147462 when=-120ms obj=android.net.wifi.StateChangeResult@416c6fa8 }
D/WifiP2pService(  945): InactiveState{ what=139286 when=-90ms arg2=50 }
D/WifiP2pService(  945): P2pEnabledState{ what=139286 when=-90ms arg2=50 }
D/WifiP2pService(  945): DefaultState{ what=139286 when=-90ms arg2=50 }
D/WifiP2pService(  945): InactiveState{ what=147478 when=-49ms obj=Device: 
D/WifiP2pService(  945):  deviceAddress: 02:90:4c:78:01:93
D/WifiP2pService(  945):  primary type: null
D/WifiP2pService(  945):  secondary type: null
D/WifiP2pService(  945):  wps: 0
D/WifiP2pService(  945):  grpcapab: 0
D/WifiP2pService(  945):  devcapab: 0
D/WifiP2pService(  945):  status: 4
D/WifiP2pService(  945):  wfdInfo: null }
D/WifiP2pService(  945): P2pEnabledState{ what=147478 when=-49ms obj=Device: 
D/WifiP2pService(  945):  deviceAddress: 02:90:4c:78:01:93
D/WifiP2pService(  945):  primary type: null
D/WifiP2pService(  945):  secondary type: null
D/WifiP2pService(  945):  wps: 0
D/WifiP2pService(  945):  grpcapab: 0
D/WifiP2pService(  945):  devcapab: 0
D/WifiP2pService(  945):  status: 4
D/WifiP2pService(  945):  wfdInfo: null }
D/WifiP2pService(  945): InactiveState{ what=147478 when=-50ms obj=Device: 
D/WifiP2pService(  945):  deviceAddress: 02:90:4c:00:03:10
D/WifiP2pService(  945):  primary type: null
D/WifiP2pService(  945):  secondary type: null
D/WifiP2pService(  945):  wps: 0
D/WifiP2pService(  945):  grpcapab: 0
D/WifiP2pService(  945):  devcapab: 0
D/WifiP2pService(  945):  status: 4
D/WifiP2pService(  945):  wfdInfo: null }
D/WifiP2pService(  945): P2pEnabledState{ what=147478 when=-53ms obj=Device: 
D/WifiP2pService(  945):  deviceAddress: 02:90:4c:00:03:10
D/WifiP2pService(  945):  primary type: null
D/WifiP2pService(  945):  secondary type: null
D/WifiP2pService(  945):  wps: 0
D/WifiP2pService(  945):  grpcapab: 0
D/WifiP2pService(  945):  devcapab: 0
D/WifiP2pService(  945):  status: 4
D/WifiP2pService(  945):  wfdInfo: null }
W/InputManagerService(  945): Starting input on non-focused client com.android.internal.view.IInputMethodClient$Stub$Proxy@416695d8 (uid=1000 pid=29217)
D/WifiP2pService(  945): InactiveState{ what=139271 when=-63ms }
D/WifiP2pService(  945): P2pEnabledState{ what=139271 when=-64ms }
D/WifiP2pService(  945): InactiveState{ what=139268 when=-71ms }
D/WifiP2pService(  945): P2pEnabledState{ what=139268 when=-72ms }
D/WifiP2pService(  945): P2pDisablingState
D/WifiP2pService(  945): stopping supplicant
D/WifiP2pService(  945): P2pDisablingState{ what=331907 when=-79ms }
D/WifiP2pService(  945): DefaultState{ what=331907 when=-80ms }
D/WifiP2pService(  945): P2pDisablingState{ what=139286 when=-77ms arg2=43 }
D/WifiP2pService(  945): DefaultState{ what=139286 when=-78ms arg2=43 }
D/WifiP2pService(  945): P2pDisablingState{ what=139268 when=-4ms }
D/WifiP2pService(  945): P2pDisablingState{ what=139286 when=0 arg2=51 }
D/WifiP2pService(  945): DefaultState{ what=139286 when=-1ms arg2=51 }
D/WifiP2pService(  945): P2pDisablingState{ what=139286 when=0 arg2=52 }
D/WifiP2pService(  945): DefaultState{ what=139286 when=0 arg2=52 }
D/WifiP2pService(  945): P2pDisablingState{ what=139286 when=-1ms arg2=53 }
D/WifiP2pService(  945): DefaultState{ what=139286 when=-1ms arg2=53 }
V/EthernetMonitor(  945): get event 
V/EthernetMonitor(  945): go poll events
D/WifiP2pService(  945): P2pDisablingState{ what=147458 when=-12ms }
D/WifiP2pService(  945): Supplicant connection lost
D/WifiP2pService(  945): P2pDisabledState
D/WifiP2pService(  945): P2pDisabledState{ what=331907 when=-1d19h38m22s458ms }
D/WifiP2pService(  945): P2pDisabledState{ what=139268 when=-1d19h38m22s458ms }
D/WifiP2pService(  945): P2pDisabledState{ what=139286 when=-906ms arg2=44 }
D/WifiP2pService(  945): DefaultState{ what=139286 when=-906ms arg2=44 }
D/WifiP2pService(  945): P2pDisabledState{ what=139286 when=-906ms arg2=45 }
D/WifiP2pService(  945): DefaultState{ what=139286 when=-907ms arg2=45 }
D/WifiP2pService(  945): P2pDisabledState{ what=139286 when=-913ms arg2=46 }
D/WifiP2pService(  945): DefaultState{ what=139286 when=-913ms arg2=46 }
V/EthernetMonitor(  945): get event 
V/EthernetMonitor(  945): go poll events
V/EthernetMonitor(  945): get event 
V/EthernetMonitor(  945): go poll events
V/EthernetMonitor(  945): get event 
V/EthernetMonitor(  945): go poll events
V/EthernetMonitor(  945): get event 
V/EthernetMonitor(  945): go poll events
D/NetworkManagementService(  945): rsp <213 a4:a8:20:13:03:6e 0.0.0.0 0 [up broadcast running multicast]>
D/NetworkManagementService(  945): flags <[up broadcast running multicast]>
V/EthernetMonitor(  945): get event 
V/EthernetMonitor(  945): go poll events
W/ThrottleService(  945): unable to find stats for iface rmnet0
V/EthernetMonitor(  945): get event eth0:17:
V/EthernetMonitor(  945): dev: eth0 ev 17
I/EthernetStateTracker(  945): report new state DISCONNECTED on dev eth0
V/EthernetStateTracker(  945): update network state tracker
V/EthernetMonitor(  945): go poll events
I/EthernetStateTracker(  945): received disconnected events, stack=true CC=true
I/EthernetStateTracker(  945): stop dhcp and interface
V/EthernetMonitor(  945): get event eth0:21:
V/EthernetMonitor(  945): dev: eth0 ev 21
V/EthernetStateTracker(  945): report address is removed for eth0
W/EthernetStateTracker(  945): stopInterface --> clearAddresses ret = true
D/ConnectivityService(  945): ConnectivityChange for ETH: DISCONNECTED/DISCONNECTED
I/EthernetStateTracker(  945): IntentBroadcast, event=4
V/EthernetMonitor(  945): go poll events
E/MobileDataStateTracker(  945): default: Ignoring feature request because could not acquire PhoneService
E/MobileDataStateTracker(  945): default: Could not enable APN type "default"
D/ConnectivityService(  945): Attempting to switch to mobile
D/ConnectivityService(  945): Attempting to switch to WIFI_P2P
I/PppoeStateTracker(  945): receive EthernetStateTracker.EVENT_HW_DISCONNECTED
D/ConnectivityService(  945): Attempting to switch to pppoe
I/EthernetStateTracker(  945): received interface address remove event
V/EthernetStateTracker(  945): configureInterfaceAutoIP skip!
D/ConnectivityService(  945): special network not available
D/NetworkManagementService(  945): rsp <213 a4:a8:20:13:03:6e 192.168.43.1 24 [up broadcast running multicast]>
D/NetworkManagementService(  945): flags <[up broadcast running multicast]>
V/EthernetMonitor(  945): get event 
V/EthernetMonitor(  945): go poll events
V/EthernetMonitor(  945): get event 
V/EthernetMonitor(  945): go poll events
V/EthernetMonitor(  945): get event 
V/EthernetMonitor(  945): go poll events
D/WifiP2pService(  945): P2pDisabledState{ what=131203 when=-1ms }
D/NetworkManagementService(  945): rsp <213 a4:a8:20:13:03:6e 0.0.0.0 0 [down broadcast multicast]>
D/NetworkManagementService(  945): flags <[down broadcast multicast]>
V/EthernetMonitor(  945): get event 
V/EthernetMonitor(  945): go poll events
I/ActivityManager(  945): START {cmp=com.coship.dvbsetting/.netsetting.dialog.NetLogicDialog (has extras)} from pid 2093
V/TabletStatusBar( 1155): setLightsOn(true)
V/TabletStatusBar( 1155): setLightsOn(true)
V/EthernetMonitor(  945): get event 
V/EthernetMonitor(  945): go poll events
V/EthernetMonitor(  945): get event 
V/EthernetMonitor(  945): go poll events
V/EthernetMonitor(  945): get event 
V/EthernetMonitor(  945): go poll events
V/EthernetMonitor(  945): get event 
V/EthernetMonitor(  945): go poll events
V/EthernetMonitor(  945): get event 
V/EthernetMonitor(  945): go poll events
D/WifiP2pService(  945): P2pDisabledState{ what=131203 when=-1ms }
D/NetworkManagementService(  945): rsp <213 a4:a8:20:13:03:6e 0.0.0.0 0 [down broadcast multicast]>
D/NetworkManagementService(  945): flags <[down broadcast multicast]>
V/EthernetMonitor(  945): get event 
V/EthernetMonitor(  945): go poll events
V/EthernetMonitor(  945): get event 
V/EthernetMonitor(  945): go poll events
V/EthernetMonitor(  945): get event 
V/EthernetMonitor(  945): go poll events
V/EthernetMonitor(  945): get event 
V/EthernetMonitor(  945): go poll events
V/EthernetMonitor(  945): get event 
V/EthernetMonitor(  945): go poll events
D/ConnectivityService(  945): ConnectivityChange for WIFI: CONNECTED/CONNECTED
D/ConnectivityService(  945): ConnectivityChange for WIFI: CONNECTED/CONNECTED
D/ConnectivityService(  945): handleConnectivityChange: address are the same reset per doReset linkProperty[1]: resetMask=0
I/ActivityManager(  945): START {flg=0x10000000 cmp=com.android.systemui/.net.NoNetworkActivity} from pid 1155
W/InputManagerService(  945): Starting input on non-focused client com.android.internal.view.IInputMethodClient$Stub$Proxy@41675698 (uid=1000 pid=2093)
W/InputManagerService(  945): Starting input on non-focused client com.android.internal.view.IInputMethodClient$Stub$Proxy@4166c9e0 (uid=1000 pid=1155)
V/TabletStatusBar( 1155): setLightsOn(true)
W/ActivityManager(  945): Duplicate finish request for ActivityRecord{4193e290 com.android.systemui/.net.NoNetworkActivity}
I/ActivityManager(  945): START {cmp=com.coship.dvbsetting/.netsetting.dialog.WifiPWDialog (has extras)} from pid 2093
V/TabletStatusBar( 1155): setLightsOn(true)
V/TabletStatusBar( 1155): setLightsOn(true)
V/EthernetMonitor(  945): get event 
V/EthernetMonitor(  945): go poll events
V/EthernetMonitor(  945): get event 
V/EthernetMonitor(  945): go poll events
V/EthernetMonitor(  945): get event 
V/EthernetMonitor(  945): go poll events
V/EthernetMonitor(  945): get event 
V/EthernetMonitor(  945): go poll events
D/ConnectivityService(  945): ConnectivityChange for WIFI: DISCONNECTED/DISCONNECTED
E/MobileDataStateTracker(  945): default: Ignoring feature request because could not acquire PhoneService
E/MobileDataStateTracker(  945): default: Could not enable APN type "default"
D/ConnectivityService(  945): Attempting to switch to mobile
I/EthernetStateTracker(  945): reset device eth0
V/EthernetMonitor(  945): get event 
V/EthernetMonitor(  945): go poll events
V/EthernetMonitor(  945): get event 
V/EthernetMonitor(  945): go poll events
I/EthernetStateTracker(  945): trigger dhcp for device eth0
D/EthernetStateTracker(  945): DhcpHandler: DHCP request started
D/ConnectivityService(  945): Attempting to switch to ETH
D/ConnectivityService(  945): Attempting to switch to pppoe
D/ConnectivityService(  945): now reset wlan0, resetMask = 3
D/ConnectivityService(  945): resetConnections(wlan0, 3)
D/ConnectivityService(  945): ConnectivityChange for WIFI: DISCONNECTED/DISCONNECTED
E/MobileDataStateTracker(  945): default: Ignoring feature request because could not acquire PhoneService
E/MobileDataStateTracker(  945): default: Could not enable APN type "default"
D/ConnectivityService(  945): Attempting to switch to mobile
I/EthernetStateTracker(  945): reset device eth0
I/EthernetStateTracker(  945): trigger dhcp for device eth0
D/ConnectivityService(  945): Attempting to switch to ETH
D/ConnectivityService(  945): Attempting to switch to pppoe
D/ConnectivityService(  945): now reset wlan0, resetMask = 3
D/ConnectivityService(  945): resetConnections(wlan0, 3)
V/EthernetMonitor(  945): get event 
V/EthernetMonitor(  945): go poll events
V/EthernetMonitor(  945): get event 
V/EthernetMonitor(  945): go poll events
E/EthernetStateTracker(  945): DhcpHandler: DHCP request failed: Timed out waiting for dhcpcd to start
D/EthernetStateTracker(  945): DhcpHandler: DHCP request started
V/EthernetStateTracker(  945): configureInterfaceAutoIP skip!
I/ActivityManager(  945): START {flg=0x10000000 cmp=com.android.systemui/.net.NoNetworkActivity} from pid 1155
W/InputManagerService(  945): Starting input on non-focused client com.android.internal.view.IInputMethodClient$Stub$Proxy@41675698 (uid=1000 pid=2093)
V/EthernetMonitor(  945): get event 
V/EthernetMonitor(  945): go poll events
V/EthernetMonitor(  945): get event 
V/EthernetMonitor(  945): go poll events
E/EthernetStateTracker(  945): DhcpHandler: DHCP request failed: DHCP result was failed
V/EthernetStateTracker(  945): configureInterfaceAutoIP skip!
V/EthernetMonitor(  945): get event 
V/EthernetMonitor(  945): go poll events
V/EthernetMonitor(  945): get event 
V/EthernetMonitor(  945): go poll events
W/ThrottleService(  945): unable to find stats for iface rmnet0
D/ConnectivityService(  945): NetTransition Wakelock for WifiStateMachine released by timeout
W/ThrottleService(  945): unable to find stats for iface rmnet0
V/TabletStatusBar( 1155): setLightsOn(true)
W/InputManagerService(  945): Starting input on non-focused client com.android.internal.view.IInputMethodClient$Stub$Proxy@4166c9e0 (uid=1000 pid=1155)
I/ActivityManager(  945): START {cmp=com.coship.dvbsetting/.netsetting.dialog.WifiStateDialog (has extras)} from pid 2093
V/TabletStatusBar( 1155): setLightsOn(true)
V/TabletStatusBar( 1155): setLightsOn(true)
V/EthernetMonitor(  945): get event 
V/EthernetMonitor(  945): go poll events
V/EthernetMonitor(  945): get event 
V/EthernetMonitor(  945): go poll events
V/EthernetMonitor(  945): get event 
V/EthernetMonitor(  945): go poll events
V/EthernetMonitor(  945): get event 
V/EthernetMonitor(  945): go poll events
D/ConnectivityService(  945): ConnectivityChange for WIFI: CONNECTED/CONNECTED
D/ConnectivityService(  945): ConnectivityChange for WIFI: CONNECTED/CONNECTED
D/ConnectivityService(  945): handleConnectivityChange: address are the same reset per doReset linkProperty[1]: resetMask=0
V/TabletStatusBar( 1155): setLightsOn(true)
E/ActivityThread( 2093): Activity com.coship.dvbsetting.netsetting.netSet has leaked ServiceConnection android.bluetooth.BluetoothHeadset$1@417228f8 that was originally bound here
E/ActivityThread( 2093): android.app.ServiceConnectionLeaked: Activity com.coship.dvbsetting.netsetting.netSet has leaked ServiceConnection android.bluetooth.BluetoothHeadset$1@417228f8 that was originally bound here
E/ActivityThread( 2093):        at android.app.LoadedApk$ServiceDispatcher.<init>(LoadedApk.java:936)
E/ActivityThread( 2093):        at android.app.LoadedApk.getServiceDispatcher(LoadedApk.java:830)
E/ActivityThread( 2093):        at android.app.ContextImpl.bindService(ContextImpl.java:1142)
E/ActivityThread( 2093):        at android.content.ContextWrapper.bindService(ContextWrapper.java:370)
E/ActivityThread( 2093):        at android.bluetooth.BluetoothHeadset.<init>(BluetoothHeadset.java:231)
E/ActivityThread( 2093):        at android.bluetooth.BluetoothAdapter.getProfileProxy(BluetoothAdapter.java:1168)
E/ActivityThread( 2093):        at com.coship.dvbsetting.bluetooth.HeadsetProfile.<init>(HeadsetProfile.java:111)
E/ActivityThread( 2093):        at com.coship.dvbsetting.netsetting.BluetoothSet.init(BluetoothSet.java:160)
E/ActivityThread( 2093):        at com.coship.dvbsetting.netsetting.BluetoothSet.<init>(BluetoothSet.java:131)
E/ActivityThread( 2093):        at com.coship.dvbsetting.netsetting.BluetoothSet.getInstance(BluetoothSet.java:110)
E/ActivityThread( 2093):        at com.coship.dvbsetting.netsetting.netSet.onCreate(netSet.java:81)
E/ActivityThread( 2093):        at android.app.Activity.performCreate(Activity.java:4465)
E/ActivityThread( 2093):        at android.app.Instrumentation.callActivityOnCreate(Instrumentation.java:1049)
E/ActivityThread( 2093):        at android.app.ActivityThread.performLaunchActivity(ActivityThread.java:1920)
E/ActivityThread( 2093):        at android.app.ActivityThread.handleLaunchActivity(ActivityThread.java:1981)
E/ActivityThread( 2093):        at android.app.ActivityThread.access$600(ActivityThread.java:123)
E/ActivityThread( 2093):        at android.app.ActivityThread$H.handleMessage(ActivityThread.java:1147)
E/ActivityThread( 2093):        at android.os.Handler.dispatchMessage(Handler.java:99)
E/ActivityThread( 2093):        at android.os.Looper.loop(Looper.java:137)
E/ActivityThread( 2093):        at android.app.ActivityThread.main(ActivityThread.java:4424)
E/ActivityThread( 2093):        at java.lang.reflect.Method.invokeNative(Native Method)
E/ActivityThread( 2093):        at java.lang.reflect.Method.invoke(Method.java:511)
E/ActivityThread( 2093):        at com.android.internal.os.ZygoteInit$MethodAndArgsCaller.run(ZygoteInit.java:848)
E/ActivityThread( 2093):        at com.android.internal.os.ZygoteInit.main(ZygoteInit.java:575)
E/ActivityThread( 2093):        at dalvik.system.NativeStart.main(Native Method)
W/ActivityManager(  945): Unbind failed: could not find connection for android.os.BinderProxy@41730f80
W/InputManagerService(  945): Starting input on non-focused client com.android.internal.view.IInputMethodClient$Stub$Proxy@41675698 (uid=1000 pid=2093)
I/ActivityManager(  945): START {act=com.fiship.media.programDetail cmp=com.fiship.media/.ProgramDetailActivity (has extras)} from pid 1233
W/InputManagerService(  945): Starting input on non-focused client com.android.internal.view.IInputMethodClient$Stub$Proxy@415f6c70 (uid=10005 pid=1233)
I/ActivityManager(  945): START {flg=0x78000000 cmp=com.fiship.media/.player.VideoPlayer (has extras)} from pid 2006
W/ActivityManager(  945): Activity pause timeout for ActivityRecord{41661f40 com.fiship.media/.player.VideoPlayer}
W/ActivityManager(  945): Duplicate finish request for ActivityRecord{41661f40 com.fiship.media/.player.VideoPlayer}
I/ActivityManager(  945): START {flg=0x78000000 cmp=com.fiship.media/.player.VideoPlayer (has extras)} from pid 2006
W/ActivityManager(  945): Activity pause timeout for ActivityRecord{416c61d8 com.fiship.media/.player.VideoPlayer}
W/ActivityManager(  945): Duplicate finish request for ActivityRecord{416c61d8 com.fiship.media/.player.VideoPlayer}
W/InputManagerService(  945): Starting input on non-focused client com.android.internal.view.IInputMethodClient$Stub$Proxy@41777778 (uid=10000 pid=2006)
W/ThrottleService(  945): unable to find stats for iface rmnet0
W/ThrottleService(  945): unable to find stats for iface rmnet0
W/ThrottleService(  945): unable to find stats for iface rmnet0
W/ThrottleService(  945): unable to find stats for iface rmnet0
I/ActivityManager(  945): No longer want android.process.acore (pid 1498): hidden #16
W/ThrottleService(  945): unable to find stats for iface rmnet0
W/ThrottleService(  945): unable to find stats for iface rmnet0
W/ThrottleService(  945): unable to find stats for iface rmnet0
W/ThrottleService(  945): unable to find stats for iface rmnet0
W/ThrottleService(  945): unable to find stats for iface rmnet0
W/ThrottleService(  945): unable to find stats for iface rmnet0
W/ThrottleService(  945): unable to find stats for iface rmnet0
W/ThrottleService(  945): unable to find stats for iface rmnet0
W/ThrottleService(  945): unable to find stats for iface rmnet0
W/ThrottleService(  945): unable to find stats for iface rmnet0
W/ThrottleService(  945): unable to find stats for iface rmnet0
V/EthernetMonitor(  945): get event 
V/EthernetMonitor(  945): go poll events
V/EthernetMonitor(  945): get event 
V/EthernetMonitor(  945): go poll events
V/EthernetMonitor(  945): get event 
V/EthernetMonitor(  945): go poll events
D/ConnectivityService(  945): ConnectivityChange for WIFI: DISCONNECTED/DISCONNECTED
E/MobileDataStateTracker(  945): default: Ignoring feature request because could not acquire PhoneService
E/MobileDataStateTracker(  945): default: Could not enable APN type "default"
D/ConnectivityService(  945): Attempting to switch to mobile
I/EthernetStateTracker(  945): reset device eth0
I/EthernetStateTracker(  945): trigger dhcp for device eth0
D/EthernetStateTracker(  945): DhcpHandler: DHCP request started
D/ConnectivityService(  945): Attempting to switch to ETH
D/ConnectivityService(  945): Attempting to switch to pppoe
D/ConnectivityService(  945): now reset wlan0, resetMask = 3
D/ConnectivityService(  945): resetConnections(wlan0, 3)
D/ConnectivityService(  945): ConnectivityChange for WIFI: DISCONNECTED/DISCONNECTED
E/MobileDataStateTracker(  945): default: Ignoring feature request because could not acquire PhoneService
E/MobileDataStateTracker(  945): default: Could not enable APN type "default"
D/ConnectivityService(  945): Attempting to switch to mobile
I/EthernetStateTracker(  945): reset device eth0
I/EthernetStateTracker(  945): trigger dhcp for device eth0
D/ConnectivityService(  945): Attempting to switch to ETH
D/ConnectivityService(  945): Attempting to switch to pppoe
D/ConnectivityService(  945): now reset wlan0, resetMask = 3
D/ConnectivityService(  945): resetConnections(wlan0, 3)
E/EthernetStateTracker(  945): DhcpHandler: DHCP request failed: DHCP result was failed
D/EthernetStateTracker(  945): DhcpHandler: DHCP request started
V/EthernetStateTracker(  945): configureInterfaceAutoIP skip!
I/ActivityManager(  945): START {flg=0x10000000 cmp=com.android.systemui/.net.NoNetworkActivity} from pid 1155
W/InputManagerService(  945): Starting input on non-focused client com.android.internal.view.IInputMethodClient$Stub$Proxy@415f6c70 (uid=10005 pid=1233)
V/EthernetMonitor(  945): get event 
V/EthernetMonitor(  945): go poll events
V/EthernetMonitor(  945): get event 
V/EthernetMonitor(  945): go poll events
E/EthernetStateTracker(  945): DhcpHandler: DHCP request failed: Timed out waiting for DHCP to finish
V/EthernetStateTracker(  945): configureInterfaceAutoIP skip!
V/EthernetMonitor(  945): get event 
V/EthernetMonitor(  945): go poll events
V/EthernetMonitor(  945): get event 
V/EthernetMonitor(  945): go poll events
V/EthernetMonitor(  945): get event 
V/EthernetMonitor(  945): go poll events
V/EthernetMonitor(  945): get event 
V/EthernetMonitor(  945): go poll events
V/EthernetMonitor(  945): get event 
V/EthernetMonitor(  945): go poll events
V/EthernetMonitor(  945): get event 
V/EthernetMonitor(  945): go poll events
D/ConnectivityService(  945): NetTransition Wakelock for WifiStateMachine released by timeout
W/InputManagerService(  945): Starting input on non-focused client com.android.internal.view.IInputMethodClient$Stub$Proxy@4166c9e0 (uid=1000 pid=1155)
W/ThrottleService(  945): unable to find stats for iface rmnet0
I/ActivityManager(  945): START {flg=0x10000000 cmp=com.coship.dvbsetting/.main (has extras)} from pid 1233
V/TabletStatusBar( 1155): setLightsOn(true)
W/InputManagerService(  945): Starting input on non-focused client com.android.internal.view.IInputMethodClient$Stub$Proxy@415f6c70 (uid=10005 pid=1233)
I/ActivityManager(  945): START {cmp=com.coship.dvbsetting/.netsetting.netSet} from pid 2093
I/EthernetManager( 2093): Init Ethernet Manager, service: android.net.ethernet.IEthernetManager$Stub$Proxy@4316d118
V/TabletStatusBar( 1155): setLightsOn(true)
V/EthernetMonitor(  945): get event eth0:16:
V/EthernetMonitor(  945): dev: eth0 ev 16
V/EthernetStateTracker(  945): report interface is up for eth0
V/EthernetMonitor(  945): go poll events
I/EthernetStateTracker(  945): received interface up event, kick off connection request
I/EthernetStateTracker(  945): IntentBroadcast, event=5
I/EthernetStateTracker(  945): reset device eth0
I/EthernetStateTracker(  945): trigger dhcp for device eth0
D/EthernetStateTracker(  945): DhcpHandler: DHCP request started
V/EthernetMonitor(  945): get event eth0:20:
V/EthernetMonitor(  945): dev: eth0 ev 20
I/EthernetStateTracker(  945): report new state CONNECTED on dev eth0
V/EthernetStateTracker(  945): update network state tracker
V/EthernetMonitor(  945): go poll events
I/EthernetStateTracker(  945): received HW connected, stack=false CC=true
D/EthernetStateTracker(  945): DhcpHandler: DHCP request succeeded: addr: 192.168.2.3/24 mRoutes: 0.0.0.0/0 -> 192.168.2.1 | 0.0.0.0/0 -> 192.168.2.1 | 0.0.0.0/0 -> 192.168.2.1 |  dns: 192.168.2.1,192.168.99.5 dhcpServer: 192.168.2.1 leaseDuration: 3600
I/EthernetStateTracker(  945): received configured succeeded, stack=true CC=true
D/ConnectivityService(  945): ConnectivityChange for ETH: CONNECTED/CONNECTED
I/EthernetStateTracker(  945): IntentBroadcast, event=1
V/EthernetMonitor(  945): get event 
V/EthernetMonitor(  945): go poll events
D/WifiP2pService(  945): P2pDisabledState{ what=331907 when=-1ms }
V/EthernetMonitor(  945): get event 
V/EthernetMonitor(  945): go poll events
V/EthernetMonitor(  945): get event 
V/EthernetMonitor(  945): go poll events
V/EthernetMonitor(  945): get event 
V/EthernetMonitor(  945): go poll events
V/EthernetMonitor(  945): get event 
V/EthernetMonitor(  945): go poll events
D/NetworkManagementService(  945): rsp <213 a4:a8:20:13:03:6e 0.0.0.0 0 [up broadcast running multicast]>
D/NetworkManagementService(  945): flags <[up broadcast running multicast]>
V/EthernetMonitor(  945): get event 
V/EthernetMonitor(  945): go poll events
W/ThrottleService(  945): unable to find stats for iface rmnet0
D/NetworkManagementService(  945): rsp <213 a4:a8:20:13:03:6e 192.168.43.1 24 [up broadcast running multicast]>
D/NetworkManagementService(  945): flags <[up broadcast running multicast]>
V/EthernetMonitor(  945): get event 
V/EthernetMonitor(  945): go poll events
D/WifiP2pService(  945): P2pDisabledState{ what=139265 when=0 }
D/WifiP2pService(  945): wait for wifi sta and softap disabled!!
V/EthernetMonitor(  945): get event 
V/EthernetMonitor(  945): go poll events
V/EthernetMonitor(  945): get event 
V/EthernetMonitor(  945): go poll events
D/WifiP2pService(  945): wifi sta and softap disable!!
D/WifiP2pService(  945): WaitForWifiDisableState
D/WifiP2pService(  945): WaitForWifiDisableState{ what=139271 when=-1s0ms arg2=54 }
D/WifiP2pService(  945): P2pDisabledState{ what=139271 when=-1s0ms arg2=54 }
D/WifiP2pService(  945): DefaultState{ what=139271 when=-1s0ms arg2=54 }
D/WifiP2pService(  945): WaitForWifiDisableState{ what=331908 when=-1ms }
D/NetworkManagementService(  945): rsp <213 a6:a8:20:13:03:6e 0.0.0.0 0 [down broadcast multicast]>
D/NetworkManagementService(  945): flags <[down broadcast multicast]>
D/WifiP2pService(  945): P2pEnablingState
V/EthernetMonitor(  945): get event 
V/EthernetMonitor(  945): go poll events
D/WifiP2pService(  945): P2pEnablingState{ what=147457 when=0 }
D/WifiP2pService(  945): P2p start successful
D/WifiP2pService(  945): P2pEnabledState
D/WifiP2pService(  945): DeviceAddress: a6:a8:20:13:03:6e
D/WifiP2pService(  945): InactiveState
D/WifiP2pService(  945): InactiveState{ what=139271 when=0 }
D/WifiP2pService(  945): P2pEnabledState{ what=139271 when=0 }
D/WifiP2pService(  945): InactiveState{ what=147477 when=-1ms obj=Device: Android_aa99
D/WifiP2pService(  945):  deviceAddress: 02:90:4c:78:01:93
D/WifiP2pService(  945):  primary type: 10-0050F204-5
D/WifiP2pService(  945):  secondary type: null
D/WifiP2pService(  945):  wps: 392
D/WifiP2pService(  945):  grpcapab: 0
D/WifiP2pService(  945):  devcapab: 36
D/WifiP2pService(  945):  status: 3
D/WifiP2pService(  945):  wfdInfo: WFD enabled: trueWFD DeviceInfo: 16
D/WifiP2pService(  945):  WFD CtrlPort: 8554
D/WifiP2pService(  945):  WFD MaxThroughput: 20 }
D/WifiP2pService(  945): P2pEnabledState{ what=147477 when=-1ms obj=Device: Android_aa99
D/WifiP2pService(  945):  deviceAddress: 02:90:4c:78:01:93
D/WifiP2pService(  945):  primary type: 10-0050F204-5
D/WifiP2pService(  945):  secondary type: null
D/WifiP2pService(  945):  wps: 392
D/WifiP2pService(  945):  grpcapab: 0
D/WifiP2pService(  945):  devcapab: 36
D/WifiP2pService(  945):  status: 3
D/WifiP2pService(  945):  wfdInfo: WFD enabled: trueWFD DeviceInfo: 16
D/WifiP2pService(  945):  WFD CtrlPort: 8554
D/WifiP2pService(  945):  WFD MaxThroughput: 20 }
D/WifiP2pService(  945): InactiveState{ what=139286 when=0 arg2=55 }
D/WifiP2pService(  945): P2pEnabledState{ what=139286 when=-1ms arg2=55 }
D/WifiP2pService(  945): DefaultState{ what=139286 when=-1ms arg2=55 }
D/WifiP2pService(  945): InactiveState{ what=139286 when=-2ms }
D/WifiP2pService(  945): P2pEnabledState{ what=139286 when=-2ms }
D/WifiP2pService(  945): DefaultState{ what=139286 when=-2ms }
D/WifiP2pService(  945): InactiveState{ what=147477 when=-1ms obj=Device: Android_1860
D/WifiP2pService(  945):  deviceAddress: 02:90:4c:78:03:ff
D/WifiP2pService(  945):  primary type: 10-0050F204-5
D/WifiP2pService(  945):  secondary type: null
D/WifiP2pService(  945):  wps: 392
D/WifiP2pService(  945):  grpcapab: 0
D/WifiP2pService(  945):  devcapab: 36
D/WifiP2pService(  945):  status: 3
D/WifiP2pService(  945):  wfdInfo: WFD enabled: trueWFD DeviceInfo: 16
D/WifiP2pService(  945):  WFD CtrlPort: 8554
D/WifiP2pService(  945):  WFD MaxThroughput: 20 }
D/WifiP2pService(  945): P2pEnabledState{ what=147477 when=-2ms obj=Device: Android_1860
D/WifiP2pService(  945):  deviceAddress: 02:90:4c:78:03:ff
D/WifiP2pService(  945):  primary type: 10-0050F204-5
D/WifiP2pService(  945):  secondary type: null
D/WifiP2pService(  945):  wps: 392
D/WifiP2pService(  945):  grpcapab: 0
D/WifiP2pService(  945):  devcapab: 36
D/WifiP2pService(  945):  status: 3
D/WifiP2pService(  945):  wfdInfo: WFD enabled: trueWFD DeviceInfo: 16
D/WifiP2pService(  945):  WFD CtrlPort: 8554
D/WifiP2pService(  945):  WFD MaxThroughput: 20 }
D/WifiP2pService(  945): InactiveState{ what=139286 when=-1ms arg2=56 }
D/WifiP2pService(  945): P2pEnabledState{ what=139286 when=-1ms arg2=56 }
D/WifiP2pService(  945): DefaultState{ what=139286 when=-2ms arg2=56 }
D/WifiP2pService(  945): InactiveState{ what=139286 when=-2ms arg2=1 }
D/WifiP2pService(  945): P2pEnabledState{ what=139286 when=-2ms arg2=1 }
D/WifiP2pService(  945): DefaultState{ what=139286 when=-3ms arg2=1 }
--------- beginning of /dev/log/main
D/NetUpdate( 2093): progressValue--->0
D/NetUpdate( 2093): mWriteSD--->true
D/NetUpdate( 2093): mBootCheckZipExist--->false
D/dalvikvm(29217): GC_FOR_ALLOC freed 2112K, 47% free 7252K/13635K, paused 33ms
D/HomePlayerLib(29217): hostaddress count is 1
D/dalvikvm(29217): GC_CONCURRENT freed 31K, 46% free 7463K/13635K, paused 2ms+3ms
D/dalvikvm(29217): GC_CONCURRENT freed 2132K, 47% free 7298K/13635K, paused 2ms+3ms
D/NetUpdate( 2093): progressValue--->0
D/NetUpdate( 2093): mWriteSD--->true
D/NetUpdate( 2093): mBootCheckZipExist--->false
D/NetUpdate( 2093): progressValue--->0
D/NetUpdate( 2093): mWriteSD--->true
D/NetUpdate( 2093): mBootCheckZipExist--->false
D/NetUpdate( 2093): progressValue--->0
D/NetUpdate( 2093): mWriteSD--->true
D/NetUpdate( 2093): mBootCheckZipExist--->false
D/NetUpdate( 2093): progressValue--->0
D/NetUpdate( 2093): mWriteSD--->true
D/NetUpdate( 2093): mBootCheckZipExist--->false
D/dalvikvm(29217): GC_CONCURRENT freed 1972K, 47% free 7272K/13635K, paused 2ms+4ms
I/wpa_supplicant(  805): wfd0: P2P-GO-NEG-REQUEST 02:90:4c:78:03:ff dev_passwd_id=4
D/WifiP2pService(  945): InactiveState{ what=147479 when=0 obj=
D/WifiP2pService(  945):  address: 02:90:4c:78:03:ff
D/WifiP2pService(  945):  wps:  setup: 0
D/WifiP2pService(  945):  BSSID: null
D/WifiP2pService(  945):  pin: null
D/WifiP2pService(  945): IP assignment: UNASSIGNED
D/WifiP2pService(  945): Proxy settings: UNASSIGNED
D/WifiP2pService(  945): LinkAddresses: [] Routes: [] DnsAddresses: [] 
D/WifiP2pService(  945): 
D/WifiP2pService(  945):  groupOwnerIntent: 14
D/WifiP2pService(  945):  persist: SYSTEM_DEFAULT
D/WifiP2pService(  945):  freq: 5180 }
D/WifiP2pService(  945): UserAuthorizingGroupNegotiationState
D/WifiP2pService(  945): UserAuthorizingGroupNegotiationState{ what=143366 when=-1ms }
D/WifiP2pService(  945): UserAuthorizingGroupNegotiationState{ what=143366 when=-1ms }
D/WifiP2pService(  945): UserAuthorizingGroupNegotiationState{ what=139274 when=0 obj=
D/WifiP2pService(  945):  address: 02:90:4c:78:03:ff
D/WifiP2pService(  945):  wps:  setup: 0
D/WifiP2pService(  945):  BSSID: null
D/WifiP2pService(  945):  pin: null
D/WifiP2pService(  945): IP assignment: UNASSIGNED
D/WifiP2pService(  945): Proxy settings: UNASSIGNED
D/WifiP2pService(  945): LinkAddresses: [] Routes: [] DnsAddresses: [] 
D/WifiP2pService(  945): 
D/WifiP2pService(  945):  groupOwnerIntent: 14
D/WifiP2pService(  945):  persist: SYSTEM_DEFAULT
D/WifiP2pService(  945):  freq: 5180 }
D/WifiP2pService(  945): InactiveState{ what=139274 when=-1ms obj=
D/WifiP2pService(  945):  address: 02:90:4c:78:03:ff
D/WifiP2pService(  945):  wps:  setup: 0
D/WifiP2pService(  945):  BSSID: null
D/WifiP2pService(  945):  pin: null
D/WifiP2pService(  945): IP assignment: UNASSIGNED
D/WifiP2pService(  945): Proxy settings: UNASSIGNED
D/WifiP2pService(  945): LinkAddresses: [] Routes: [] DnsAddresses: [] 
D/WifiP2pService(  945): 
D/WifiP2pService(  945):  groupOwnerIntent: 14
D/WifiP2pService(  945):  persist: SYSTEM_DEFAULT
D/WifiP2pService(  945):  freq: 5180 }
D/WifiP2pService(  945): P2pEnabledState{ what=139274 when=-1ms obj=
D/WifiP2pService(  945):  address: 02:90:4c:78:03:ff
D/WifiP2pService(  945):  wps:  setup: 0
D/WifiP2pService(  945):  BSSID: null
D/WifiP2pService(  945):  pin: null
D/WifiP2pService(  945): IP assignment: UNASSIGNED
D/WifiP2pService(  945): Proxy settings: UNASSIGNED
D/WifiP2pService(  945): LinkAddresses: [] Routes: [] DnsAddresses: [] 
D/WifiP2pService(  945): 
D/WifiP2pService(  945):  groupOwnerIntent: 14
D/WifiP2pService(  945):  persist: SYSTEM_DEFAULT
D/WifiP2pService(  945):  freq: 5180 }
D/WifiP2pService(  945): P2pEnabledState sending connect
E/wpa_supplicant(  805): wpa_driver_nl80211_driver_cmd: failed to issue private commands
E/wpa_supplicant(  805): ret = -1 (Operation not permitted)
I/WifiNative(  945): when p2pconnect groupOwnerIntent :14; freq :-1
D/WifiNative(  945): P2P_CONNECT 02:90:4c:78:03:ff pbc go_intent=14 
D/MiracastControl( 1620): android.net.wifi.p2p.PEERS_CHANGED
I/TabletStatusBar( 1155): receiver broadcast
D/WifiDirectSetting( 2093): --------------WIFI_P2P_PEERS_CHANGED_ACTION
D/WifiP2pService(  945): GroupNegotiationState
W/dalvikvm(  945): threadid=38: thread exiting with uncaught exception (group=0x40fa81f8)
D/WifiP2pService(  945): GroupNegotiationState{ what=139274 when=-50ms }
D/WifiP2pService(  945): P2pEnabledState{ what=139274 when=-50ms }
D/WifiP2pService(  945): P2pEnabledState sending connect
E/AndroidRuntime(  945): *** FATAL EXCEPTION IN SYSTEM PROCESS: WifiP2pService
E/AndroidRuntime(  945): java.lang.NullPointerException
E/AndroidRuntime(  945):        at android.net.wifi.p2p.WifiP2pService$P2pStateMachine$P2pEnabledState.processMessage(WifiP2pService.java:908)
E/AndroidRuntime(  945):        at com.android.internal.util.StateMachine$SmHandler.processMsg(StateMachine.java:881)
E/AndroidRuntime(  945):        at com.android.internal.util.StateMachine$SmHandler.handleMessage(StateMachine.java:741)
E/AndroidRuntime(  945):        at android.os.Handler.dispatchMessage(Handler.java:99)
E/AndroidRuntime(  945):        at android.os.Looper.loop(Looper.java:137)
E/AndroidRuntime(  945):        at android.os.HandlerThread.run(HandlerThread.java:60)
I/Process (  945): Sending signal. PID: 945 SIG: 9
I/wpa_supplicant(  805): wfd0: P2P-GO-NEG-SUCCESS 
W/Sensors ( 4284): sensorservice died [0x1e0100]
I/ActivityThread( 4284): Removing dead content provider: settings
I/ActivityThread( 2006): Removing dead content provider: settings
I/ActivityThread( 1307): Removing dead content provider: settings
I/ActivityThread( 8722): Removing dead content provider: settings
I/ActivityThread( 1155): Removing dead content provider: settings
I/ActivityThread( 2093): Removing dead content provider: settings
I/ActivityThread( 1233): Removing dead content provider: settings
I/ActivityThread( 1210): Removing dead content provider: settings
E/wpa_supplicant(  805): Failed to create interface m.wfd0: -95 (Operation not supported on transport endpoint)
W/wpa_supplicant(  805): nl80211: Driver does not support monitor interface type - try to run without it
E/wpa_supplicant(  805): Failed to update rate sets in kernel module
W/wpa_supplicant(  805): Could not connect to kernel driver.
E/wpa_supplicant(  805): Using interface wfd0 with hwaddr a6:a8:20:13:03:6e and ssid 'DIRECT-ks'
I/ActivityThread( 1620): Removing dead content provider: settings
E/wpa_supplicant(  805): Could not set HT capabilities for kernel driver
E/wpa_supplicant(  805): Failed to set CTS protect in kernel driver
E/wpa_supplicant(  805): Could not set preamble for kernel driver
I/wpa_supplicant(  805): wfd0: CTRL-EVENT-CONNECTED - Connection to a6:a8:20:13:03:6e completed (auth) [id=0 id_str=]
E/wpa_supplicant(  805): Could not set HT capabilities for kernel driver
E/wpa_supplicant(  805): Failed to set CTS protect in kernel driver
E/wpa_supplicant(  805): Could not set preamble for kernel driver
I/ServiceManager(  737): service 'pppoe' died
I/ServiceManager(  737): service 'batteryinfo' died
I/ServiceManager(  737): service 'telephony.registry' died
I/ServiceManager(  737): service 'usagestats' died
I/ServiceManager(  737): service 'sensorservice' died
I/ServiceManager(  737): service 'entropy' died
I/ServiceManager(  737): service 'bluetooth_a2dp' died
I/ServiceManager(  737): service 'power' died
I/ServiceManager(  737): service 'clipboard' died
I/ServiceManager(  737): service 'content' died
I/ServiceManager(  737): service 'bluetooth' died
I/ServiceManager(  737): service 'battery' died
I/ServiceManager(  737): service 'account' died
I/ServiceManager(  737): service 'package' died
I/ServiceManager(  737): service 'activity' died
I/ServiceManager(  737): service 'meminfo' died
I/ServiceManager(  737): service 'gfxinfo' died
I/ServiceManager(  737): service 'cpuinfo' died
I/ServiceManager(  737): service 'permission' died
I/ServiceManager(  737): service 'alarm' died
I/ServiceManager(  737): service 'statusbar' died
I/ServiceManager(  737): service 'window' died
I/ServiceManager(  737): service 'vibrator' died
I/ServiceManager(  737): service 'hardware' died
I/ServiceManager(  737): service 'samplingprofiler' died
I/ServiceManager(  737): service 'device_policy' died
I/ServiceManager(  737): service 'accessibility' died
I/ServiceManager(  737): service 'input_method' died
I/ServiceManager(  737): service 'tv_services' died
I/ServiceManager(  737): service 'network_management' died
I/ServiceManager(  737): service 'textservices' died
I/ServiceManager(  737): service 'netstats' died
I/ServiceManager(  737): service 'netpolicy' died
I/ServiceManager(  737): service 'wifip2p' died
I/ServiceManager(  737): service 'wifi' died
I/ServiceManager(  737): service 'connectivity' died
I/ServiceManager(  737): service 'ethernet' died
I/ServiceManager(  737): service 'throttle' died
I/ServiceManager(  737): service 'mount' died
I/ServiceManager(  737): service 'country_detector' died
I/ServiceManager(  737): service 'search' died
I/ServiceManager(  737): service 'wallpaper' died
I/ServiceManager(  737): service 'dropbox' died
I/ServiceManager(  737): service 'notification' died
I/ServiceManager(  737): service 'devicestoragemonitor' died
I/ServiceManager(  737): service 'location' died
I/ServiceManager(  737): service 'diskstats' died
I/ServiceManager(  737): service 'audio' died
I/ServiceManager(  737): service 'usb' died
I/ServiceManager(  737): service 'uimode' died
I/ServiceManager(  737): service 'appwidget' died
I/ServiceManager(  737): service 'backup' died
I/ServiceManager(  737): service 'sip' died
E/installd(  746): eof
E/installd(  746): failed to read size
I/installd(  746): closing connection
E/InputQueue-JNI( 1155): channel '41632900 NotificationPanel (client)' ~ Publisher closed input channel or an error occurred.  events=0x8
E/InputQueue-JNI( 1233): channel '415b9ed0 com.fiship.cibn/com.fiship.cibn.MainActivity (client)' ~ Publisher closed input channel or an error occurred.  events=0x8
E/InputQueue-JNI( 1155): channel '41633480 RecentsPanel (client)' ~ Publisher closed input channel or an error occurred.  events=0x8
E/InputQueue-JNI( 1155): channel '41639ef8 InputMethodsPanel (client)' ~ Publisher closed input channel or an error occurred.  events=0x8
E/InputQueue-JNI( 1155): channel '4163ad30 CompatModePanel (client)' ~ Publisher closed input channel or an error occurred.  events=0x8
E/InputQueue-JNI( 1155): channel '416087c0 StatusBar (client)' ~ Publisher closed input channel or an error occurred.  events=0x8
E/InputQueue-JNI( 1155): channel '41637bd8 com.android.systemui.ImageWallpaper (client)' ~ Publisher closed input channel or an error occurred.  events=0x8
E/InputQueue-JNI( 1210): channel '416e88f0 InputMethod (client)' ~ Publisher closed input channel or an error occurred.  events=0x8
E/InputQueue-JNI( 2093): channel '4184cd10 com.coship.dvbsetting/com.coship.dvbsetting.netsetting.netSet (client)' ~ Publisher closed input channel or an error occurred.  events=0x8
E/InputQueue-JNI( 2093): channel '41662a38 com.coship.dvbsetting/com.coship.dvbsetting.main (client)' ~ Publisher closed input channel or an error occurred.  events=0x8
I/Zygote  (  742): Exit zygote because system server (945) has terminated
I/ServiceManager(  737): service 'bluetoothheadset' died
I//lib/ld-linux.so.3(  748): [COMMUI]ThirdPartyTvManagerService::Client destructor(callingPid 1620)
I//lib/ld-linux.so.3(  748): [COMMUI]DtvAvTerm(callingPid 754, clientPid 1620)
I//lib/ld-linux.so.3(  748): [COMMUI]DtvSystemFinalize(callingPid 754, clientPid 1620)
I/ServiceManager(  737): service 'media.audio_flinger' died
I/ServiceManager(  737): service 'media.player' died
I/ServiceManager(  737): service 'media.camera' died
I/ServiceManager(  737): service 'media.audio_policy' died
E/wpa_supplicant(  805): Could not set HT capabilities for kernel driver
E/wpa_supplicant(  805): Failed to set CTS protect in kernel driver
E/wpa_supplicant(  805): Could not set preamble for kernel driver
I/wpa_supplicant(  805): wfd0: CTRL-EVENT-EAP-STARTED 02:90:4c:78:83:ff
I/wpa_supplicant(  805): CTRL_IFACE monitor[0]: 111 - Connection refused
I/wpa_supplicant(  805): wfd0: CTRL-EVENT-EAP-PROPOSED-METHOD vendor=0 method=1
I/wpa_supplicant(  805): CTRL_IFACE monitor[0]: 111 - Connection refused
I/wpa_supplicant(  805): wfd0: CTRL-EVENT-EAP-PROPOSED-METHOD vendor=14122 method=254
I/wpa_supplicant(  805): CTRL_IFACE monitor[0]: 111 - Connection refused
I/Netd    (  813): Netd 1.0 starting
E/Netd    (  813): Unable to create netlink socket: Protocol not supported
E/Netd    (  813): Unable to open quota2 logging socket
I/ServiceManager(  809): Waiting for service media.audio_flinger...
D/AndroidRuntime(  814): 
D/AndroidRuntime(  814): >>>>>> AndroidRuntime START com.android.internal.os.ZygoteInit <<<<<<
D/AndroidRuntime(  814): CheckJNI is ON
I/wpa_supplicant(  805): wfd0: WPS-REG-SUCCESS 02:90:4c:78:83:ff 71a82e02-6182-5d41-b237-604553a1e8e0
I/wpa_supplicant(  805): CTRL_IFACE monitor[0]: 111 - Connection refused
I/wpa_supplicant(  805): wfd0: P2P-GROUP-FORMATION-SUCCESS 
I/wpa_supplicant(  805): CTRL_IFACE monitor[0]: 111 - Connection refused
E/wpa_supplicant(  805): Could not set HT capabilities for kernel driver
E/wpa_supplicant(  805): Failed to set CTS protect in kernel driver
E/wpa_supplicant(  805): Could not set preamble for kernel driver
I/wpa_supplicant(  805): wfd0: P2P-GROUP-STARTED wfd0 GO ssid="DIRECT-ks" freq=5805 passphrase="4nzmzBP5" go_dev_addr=a6:a8:20:13:03:6e
I/wpa_supplicant(  805): CTRL_IFACE monitor[0]: 111 - Connection refused
E/wpa_supplicant(  805): Could not set HT capabilities for kernel driver
E/wpa_supplicant(  805): Failed to set CTS protect in kernel driver
E/wpa_supplicant(  805): Could not set preamble for kernel driver
I/wpa_supplicant(  805): wfd0: CTRL-EVENT-EAP-FAILURE 02:90:4c:78:83:ff
I/wpa_supplicant(  805): CTRL_IFACE monitor[0]: 111 - Connection refused
E/wpa_supplicant(  805): Could not set HT capabilities for kernel driver
E/wpa_supplicant(  805): Failed to set CTS protect in kernel driver
E/wpa_supplicant(  805): Could not set preamble for kernel driver
E/wpa_supplicant(  805): Could not set HT capabilities for kernel driver
E/wpa_supplicant(  805): Failed to set CTS protect in kernel driver
E/wpa_supplicant(  805): Could not set preamble for kernel driver
I/wpa_supplicant(  805): wfd0: AP-STA-CONNECTED 02:90:4c:78:83:ff dev_addr=02:90:4c:78:03:ff
I/wpa_supplicant(  805): CTRL_IFACE monitor[0]: 111 - Connection refused
I/wpa_supplicant(  805): wfd0: AP-STA-CONNECTED 02:90:4c:78:83:ff dev_addr=02:90:4c:78:03:ff
I/wpa_supplicant(  805): CTRL_IFACE monitor[0]: 111 - Connection refused
I/ethernet(  814): Loading ethernet jni class
I/SamplingProfilerIntegration(  814): Profiling disabled.
D/dalvikvm(  814): GC_EXPLICIT freed 27K, 91% free 406K/4096K, paused 0ms+0ms
D/dalvikvm(  814): GC_EXPLICIT freed 1K, 91% free 405K/4096K, paused 0ms+0ms
D/dalvikvm(  814): GC_EXPLICIT freed <1K, 91% free 405K/4096K, paused 0ms+1ms
I/dalvikvm(  814): System server process 839 has been created
I/Zygote  (  814): Accepting command socket connections
I/        (  811): ServiceManager: 0xfdc8
E/audio_hw_btsco(  811): open btsco device
E/AudioFlinger(  811): couldn't open audio hw device in audio.btsco (Success)
I/AudioFlinger(  811): Loaded btsco audio interface from Default audio HW HAL (audio)
I/AudioFlinger(  811): Using 'Default audio HW HAL' (audio.btsco) as the primary audio interface
V/audio_hw_primary(  811): 
V/audio_hw_primary(  811): adev_open -------------------- build May 24 2013 13:31:37
E/AudioFlinger(  811): couldn't open audio hw device in audio.primary (Success)
I/AudioFlinger(  811): Loaded primary audio interface from MStar audio HW HAL (audio)
E/AudioFlinger(  811): couldn't open audio hw device in audio.a2dp (Success)
I/AudioFlinger(  811): Loaded a2dp audio interface from A2DP Audio HW HAL (audio)
I/CameraService(  811): CameraService started (pid=811)
V/audio_hw_primary(  811): adev_open_output_stream dev:2 fmt/chn/sr 0 0 0
V/audio_hw_primary(  811): adev_open_output_stream: Open PCM_OUT ch/sr/fmt 2/44100/0, ps/pc 1024/4
I/tinyalsa(  811): open /dev/snd/pcmC0D0p in Block mode
V/audio_hw_primary(  811): out_get_buffer_size:10ms=1024 frame, should 16 align!
V/audio_hw_primary(  811): out_get_latency ret 10ms
V/audio_hw_primary(  811): out_get_latency ret 10ms
I/AudioFlinger(  811): AudioFlinger's thread 0x21330 ready to run
V/audio_hw_primary(  811): out_get_latency ret 10ms
W/AudioFlinger(  811): Thread AudioOut_1 cannot connect to the power manager service
V/audio_hw_primary(  811): out_set_parameters: routing=2
I/AudioPolicyService(  811): Loaded audio policy from LEGACY Audio Policy HAL (audio_policy)
E/BatteryService(  839): acOnlinePath not found
E/BatteryService(  839): usbOnlinePath not found
E/BatteryService(  839): batteryStatusPath not found
E/BatteryService(  839): batteryHealthPath not found
E/BatteryService(  839): batteryPresentPath not found
E/BatteryService(  839): batteryCapacityPath not found
E/BatteryService(  839): batteryVoltagePath not found
E/BatteryService(  839): batteryTemperaturePath not found
E/BatteryService(  839): batteryTechnologyPath not found
I/sysproc (  839): Entered system_init()
I/sysproc (  839): ServiceManager: 0xe2098
D/SensorService(  839): nuSensorService starting...
I/SensorService(  839): Goldfish 3-axis Accelerometer
I/SensorService(  839): Goldfish 3-axis Magnetic field sensor
I/SensorService(  839): Goldfish Orientation sensor
I/SensorService(  839): Goldfish Temperature sensor
I/SensorService(  839): Goldfish Gyroscope sensor
I/SensorService(  839): Goldfish Gravity sensor
I/SensorService(  839): Goldfish Linear acceleration sensor
I/SensorService(  839): Goldfish Rotation vector sensor
I/sysproc (  839): System server: starting Android runtime.
I/sysproc (  839): System server: starting Android services.
D/SensorService(  839): nuSensorService thread starting...
I/SystemServer(  839): Entered the Android system server!
V/audio_hw_primary(  811): out_get_latency ret 10ms
D/libEGL  (  809): loaded /system/lib/egl/libGLES_android.so
D/libEGL  (  809): loaded /system/lib/egl/libEGL_mali.so
I/sysproc (  839): System server: entering thread pool.
I/SystemServer(  839): Entropy Service
I/SystemServer(  839): Power Manager
D/libEGL  (  809): loaded /system/lib/egl/libGLESv1_CM_mali.so
D/libEGL  (  809): loaded /system/lib/egl/libGLESv2_mali.so
D/dalvikvm(  839): GC_CONCURRENT freed 149K, 86% free 646K/4483K, paused 1ms+1ms
I/SystemServer(  839): Activity Manager
I/ActivityManager(  839): Memory class: 64
D/dalvikvm(  839): GC_CONCURRENT freed 180K, 81% free 920K/4803K, paused 1ms+1ms
I/ActivityManager(  839): Enabled StrictMode logging for AThread's Looper
I/SystemServer(  839): Telephony Registry
I/SystemServer(  839): Package Manager
D/dalvikvm(  839): GC_CONCURRENT freed 295K, 80% free 1057K/5059K, paused 1ms+2ms
E/StrictMode(  839): A resource was acquired at attached stack trace but never released. See java.io.Closeable for information on avoiding resource leaks.
E/StrictMode(  839): java.lang.Throwable: Explicit termination method 'close' not called
E/StrictMode(  839):    at dalvik.system.CloseGuard.open(CloseGuard.java:184)
E/StrictMode(  839):    at java.io.FileInputStream.<init>(FileInputStream.java:80)
E/StrictMode(  839):    at com.android.server.pm.UserManager.readUserList(UserManager.java:114)
E/StrictMode(  839):    at com.android.server.pm.UserManager.<init>(UserManager.java:81)
E/StrictMode(  839):    at com.android.server.pm.UserManager.<init>(UserManager.java:85)
E/StrictMode(  839):    at com.android.server.pm.PackageManagerService.<init>(PackageManagerService.java:923)
E/StrictMode(  839):    at com.android.server.pm.PackageManagerService.main(PackageManagerService.java:833)
E/StrictMode(  839):    at com.android.server.ServerThread.run(SystemServer.java:167)
D/StrictMode(  839): No activity manager; failed to Dropbox violation.
D/dalvikvm(  839): GC_CONCURRENT freed 517K, 82% free 1001K/5315K, paused 0ms+0ms
D/dalvikvm(  839): GC_CONCURRENT freed 251K, 79% free 1151K/5315K, paused 1ms+1ms
W/PackageManager(  839): Running ENG build: no pre-dexopt!
W/PackageManager(  839): Library not found: /system/framework/com.android.future.usb.accessory.jar
W/PackageParser(  839): No actions in intent filter at /system/app/Bluetooth.apk Binary XML file line #125
I/PackageParser(  839): com.coship.HS: compat added android.permission.WRITE_EXTERNAL_STORAGE android.permission.READ_PHONE_STATE
W/PackageParser(  839): No actions in intent filter at /system/app/CIBN_out.apk Binary XML file line #191
W/PackageParser(  839): No actions in intent filter at /system/app/Contacts.apk Binary XML file line #525
D/dalvikvm(  839): GC_CONCURRENT freed 141K, 73% free 1438K/5315K, paused 2ms+2ms
D/dalvikvm(  839): GC_CONCURRENT freed 204K, 71% free 1619K/5571K, paused 1ms+2ms
W/PackageParser(  839): Problem in package /system/app/STB-Settings.apk:
W/PackageParser(  839): Unknown element under <activity>: data at /system/app/STB-Settings.apk Binary XML file line #145
W/PackageParser(  839): Problem in package /system/app/STB-Settings.apk:
W/PackageParser(  839): Unknown element under <activity>: action at /system/app/STB-Settings.apk Binary XML file line #231
W/PackageParser(  839): Problem in package /system/app/STB-Settings.apk:
W/PackageParser(  839): Unknown element under <activity>: action at /system/app/STB-Settings.apk Binary XML file line #232
W/PackageParser(  839): Problem in package /system/app/STB-Settings.apk:
W/PackageParser(  839): Unknown element under <activity>: action at /system/app/STB-Settings.apk Binary XML file line #289
W/PackageParser(  839): Problem in package /system/app/STB-Settings.apk:
W/PackageParser(  839): Unknown element under <activity>: action at /system/app/STB-Settings.apk Binary XML file line #393
W/PackageParser(  839): Problem in package /system/app/STB-Settings.apk:
W/PackageParser(  839): Unknown element under <activity>: action at /system/app/STB-Settings.apk Binary XML file line #394
W/PackageParser(  839): No actions in intent filter at /system/app/com.coship.Multimedia.apk Binary XML file line #97
W/PackageParser(  839): No actions in intent filter at /system/app/com.coship.Multimedia.apk Binary XML file line #104
I/PackageParser(  839): com.coship.Multimedia: compat added android.permission.READ_PHONE_STATE
W/PackageParser(  839): No actions in intent filter at /system/app/com.coship.NetworkNavigation.apk Binary XML file line #24
W/PackageParser(  839): No actions in intent filter at /system/app/com.coship.NetworkNavigation.apk Binary XML file line #31
W/PackageParser(  839): No actions in intent filter at /system/app/com.coship.NetworkNavigation.apk Binary XML file line #38
W/PackageParser(  839): No actions in intent filter at /system/app/com.coship.NetworkNavigation.apk Binary XML file line #45
W/PackageParser(  839): No actions in intent filter at /system/app/com.coship.NetworkNavigation.apk Binary XML file line #52
W/PackageParser(  839): No actions in intent filter at /system/app/com.coship.app.vaf.apk Binary XML file line #58
I/PackageParser(  839): com.coship.dvbplayer: compat added android.permission.READ_PHONE_STATE
W/PackageParser(  839): No actions in intent filter at /system/app/com.coship.dvbsetting.apk Binary XML file line #103
W/PackageParser(  839): No actions in intent filter at /system/app/com.coship.dvbsetting.apk Binary XML file line #111
W/PackageParser(  839): No actions in intent filter at /system/app/com.coship.dvbsetting.apk Binary XML file line #119
W/PackageParser(  839): No actions in intent filter at /system/app/com.coship.dvbsetting.apk Binary XML file line #127
W/PackageParser(  839): No actions in intent filter at /system/app/com.coship.dvbsetting.apk Binary XML file line #135
W/PackageParser(  839): No actions in intent filter at /system/app/com.coship.dvbsetting.apk Binary XML file line #141
W/PackageParser(  839): No actions in intent filter at /system/app/com.coship.dvbsetting.apk Binary XML file line #155
W/PackageParser(  839): No actions in intent filter at /system/app/com.coship.dvbsetting.apk Binary XML file line #163
W/PackageParser(  839): No actions in intent filter at /system/app/com.coship.dvbsetting.apk Binary XML file line #172
W/PackageParser(  839): No actions in intent filter at /system/app/com.coship.dvbsetting.apk Binary XML file line #180
W/PackageParser(  839): No actions in intent filter at /system/app/com.coship.dvbsetting.apk Binary XML file line #187
W/PackageParser(  839): No actions in intent filter at /system/app/com.coship.dvbsetting.apk Binary XML file line #195
W/PackageParser(  839): No actions in intent filter at /system/app/com.coship.dvbsetting.apk Binary XML file line #202
W/PackageParser(  839): No actions in intent filter at /system/app/com.coship.dvbsetting.apk Binary XML file line #210
W/PackageParser(  839): No actions in intent filter at /system/app/com.coship.dvbsetting.apk Binary XML file line #217
W/PackageParser(  839): No actions in intent filter at /system/app/com.coship.dvbsetting.apk Binary XML file line #223
W/PackageParser(  839): No actions in intent filter at /system/app/com.coship.dvbsetting.apk Binary XML file line #230
W/PackageParser(  839): No actions in intent filter at /system/app/com.coship.dvbsetting.apk Binary XML file line #236
I/PackageParser(  839): com.coship.dvbsetting: compat added android.permission.READ_PHONE_STATE
W/PackageManager(  839): Unable to update from com.android.settings to com.coship.dvbsetting: old package still exists
D/dalvikvm(  839): GC_CONCURRENT freed 263K, 70% free 1762K/5763K, paused 1ms+2ms
D/PackageManager(  839): No files in app dir /vendor/app
I/installd(  746): new connection
I/Installer(  839): connecting...
W/PackageParser(  839): Unknown element under <manifest>: fr at /data/app/jixianmotuo2TrialXtreme2HD_V2.96_mumayi_57e5b.apk Binary XML file line #33
I/PackageManager(  839): Time to scan packages: 5.78 seconds
W/PackageManager(  839): Unknown permission android.permission.APPWIDGET_LIST in package com.biaoqi.stbwidget.host
W/PackageManager(  839): Unknown permission com.android.launcher.permission.READ_SETTINGS in package com.coship.dvbsetting
W/PackageManager(  839): Unknown permission com.android.launcher.permission.WRITE_SETTINGS in package com.coship.dvbsetting
W/PackageManager(  839): Unknown permission android.permission.APPWIDGET_LIST in package com.mstar.appwidget
W/PackageManager(  839): Unknown permission android.permission.ADD_SYSTEM_SERVICE in package com.coship.sdp.sce.tvappstore
W/PackageManager(  839): Unknown permission android.permission.READ_EXTERNAL_STORAGE in package com.coship.sdp.sce.tvappstore
W/PackageManager(  839): Unknown permission com.google.android.gm.permission.WRITE_GMAIL in package com.coship.sdp.sce.tvappstore
W/PackageManager(  839): Unknown permission com.google.android.gm.permission.READ_GMAIL in package com.coship.sdp.sce.tvappstore
W/PackageManager(  839): Unknown permission com.android.launcher.permission.INSTALL_SHORTCUT in package com.android.browser
W/PackageManager(  839): Unknown permission com.google.android.gm.permission.WRITE_GMAIL in package com.coship.app.vaf
W/PackageManager(  839): Unknown permission com.google.android.gm.permission.READ_GMAIL in package com.coship.app.vaf
W/PackageManager(  839): Unknown permission com.android.launcher.permission.READ_SETTINGS in package com.coship.app.vaf
W/PackageManager(  839): Unknown permission com.android.launcher.permission.WRITE_SETTINGS in package com.coship.app.vaf
W/PackageManager(  839): Unknown permission com.google.android.gm.permission.WRITE_GMAIL in package com.coship.TestApp
W/PackageManager(  839): Unknown permission com.google.android.gm.permission.READ_GMAIL in package com.coship.TestApp
W/PackageManager(  839): Unknown permission com.android.launcher.permission.READ_SETTINGS in package com.coship.TestApp
W/PackageManager(  839): Unknown permission com.android.launcher.permission.WRITE_SETTINGS in package com.coship.TestApp
W/PackageManager(  839): Unknown permission android.permission.WRITE_OWNER_DATA in package com.iflytek.speech
W/PackageManager(  839): Unknown permission android.permission.BAIDU_LOCATION_SERVICE in package com.iflytek.speech
W/PackageManager(  839): Unknown permission android.permission.WRITE_OWNER_DATA in package com.coship.UpdateApp
W/PackageManager(  839): Unknown permission android.permission.READ_OWNER_DATA in package com.coship.UpdateApp
W/PackageManager(  839): Unknown permission android.permission.ADD_SYSTEM_SERVICE in package com.coship.netfirmware
W/PackageManager(  839): Unknown permission android.permission.READ_SETTINGS in package com.android.settings
W/PackageManager(  839): Unknown permission com.android.launcher.permission.READ_SETTINGS in package com.android.settings
W/PackageManager(  839): Unknown permission com.android.launcher.permission.WRITE_SETTINGS in package com.android.settings
W/PackageManager(  839): Unknown permission android.webkit.permission.PLUGIN in package com.adobe.flashplayer
W/PackageManager(  839): Unknown permission android.permission.READ_OWNER_DATA in package com.adobe.flashplayer
W/PackageManager(  839): Unknown permission android.permission.WRITE_OWNER_DATA in package com.adobe.flashplayer
W/PackageManager(  839): Unknown permission android.permission.READ_EXTERNAL_STORAGE in package com.adobe.flashplayer
W/PackageManager(  839): Unknown permission com.android.vending.BILLING in package com.trinitigame.android.kkjsdfsnfjr
W/PackageManager(  839): Unknown permission com.android.launcher.permission.INSTALL_SHORTCUT in package com.trinitigame.android.kkjsdfsnfjr
W/PackageManager(  839): Unknown permission android.permission.WRITE_OWNER_DATA in package com.coship.Multimedia
W/PackageManager(  839): Unknown permission android.permission.READ_OWNER_DATA in package com.coship.Multimedia
W/PackageManager(  839): Unknown permission com.android.launcher.permission.INSTALL_SHORTCUT in package com.game.SkaterBoyword
W/PackageManager(  839): Unknown permission android.permission.WRITE_OWNER_DATA in package com.coship.NetworkNavigation
W/PackageManager(  839): Unknown permission android.permission.READ_OWNER_DATA in package com.coship.NetworkNavigation
W/PackageManager(  839): Unknown permission android.permission.READ_EXTERNAL_STORAGE in package com.rovio.angrybirdsstarwars.ads.iap
W/PackageManager(  839): Unknown permission com.google.android.c2dm.permission.REGISTRATION in package com.rovio.angrybirdsstarwars.ads.iap
W/PackageManager(  839): Unknown permission com.android.vending.BILLING in package com.rovio.angrybirdsstarwars.ads.iap
W/PackageManager(  839): Unknown permission com.android.launcher.permission.INSTALL_SHORTCUT in package com.carrot.carrotfantasy
D/dalvikvm(  839): GC_CONCURRENT freed 348K, 69% free 1866K/5955K, paused 1ms+1ms
D/dalvikvm(  839): GC_EXPLICIT freed 199K, 71% free 1769K/5955K, paused 1ms+1ms
I/SystemServer(  839): Account Manager
D/PackageManager(  839): generateServicesMap(android.accounts.AccountAuthenticator): 1 services unchanged
I/SystemServer(  839): Content Manager
D/PackageManager(  839): generateServicesMap(android.content.SyncAdapter): 1 services unchanged
I/SystemServer(  839): System Content Providers
I/ActivityThread(  839): Pub settings: com.android.providers.settings.SettingsProvider
D/SettingsProvider(  839): cache for settings table 'secure' rows=52; fullycached=true
D/SettingsProvider(  839): cache for settings table 'system' rows=57; fullycached=true
D/dalvikvm(  839): GC_CONCURRENT freed 219K, 67% free 2022K/5955K, paused 0ms+1ms
I/SystemServer(  839): Lights Service
I/SystemServer(  839): Battery Service
I/SystemServer(  839): Pppoe Service
I/SystemServer(  839): Vibrator Service
I/power   (  839): *** set_screen_state 1
D/AlarmManagerService(  839): Kernel timezone updated to -480 minutes west of GMT
I/SystemServer(  839): Alarm Manager
I/SystemServer(  839): Init Watchdog
I/SystemServer(  839): Window Manager
E/PhonePolicy(  839): Could not preload class for phone policy: com.android.internal.policy.impl.PhoneWindow$ContextMenuCallback
I/InputManager(  839): Initializing input manager
W/StatusBarManager(  839): warning: no STATUS_BAR_SERVICE
E/AC3Extractor(  811): Rsyn Fail
D/MediaPlayerService(  811): countTracks = 1
D/MediaPlayerService(  811): mime = audio/vorbis
D/MediaPlayerService(  811): videoCnt = 0, audioCnt = 1
D/MediaPlayerService(  811): Ogg
I/MS_OMX_Plugin(  811): MSOMXPlugin::MSOMXPlugin
I/MS_OMX_Plugin(  811): Get libMS_OMX_Core.so
I/InputManager-JNI(  839): Setting show touches feature to enabled.
I/InputManager(  839): Starting input manager
I/WindowManager(  839): Enabled StrictMode for PolicyThread's Looper
I/WindowManager(  839): Enabled StrictMode logging for WMThread's Looper
I/SystemServer(  839): Bluetooth Service
I/InputReader(  839): Reconfiguring input devices.  changes=0x00000008
I/EventHub(  839): New device: id=1, fd=86, path='/dev/input/event4', name='Stp MT-touch', classes=0x14, configuration='/system/usr/idc/Stp_MT-touch.idc', keyLayout='', keyCharacterMap='', builtinKeyboard=false
I/BluetoothProfileState(  839): Message:Entering Stable State
I/BluetoothProfileState(  839): Message:Entering Stable State
I/BluetoothProfileState(  839): Message:Entering Stable State
E/EventHub(  839): could not get driver version for /dev/input/mouse2, Not a typewriter
D/BluetoothAdapterStateMachine(  839): PowerOff process message: 5
I/bluedroid(  839): Starting hciattach daemon
I/SystemServer(  839): Input Method Service
W/InputManagerService(  839): Couldn't create dir.: /data/system/inputmethod
I/SystemServer(  839): Accessibility Manager
I/ActivityManager(  839): Config changed: {1.0 0mcc0mnc zh_CN layoutdir=0 sw720dp w1280dp h720dp xlrg long land ?uimode ?night -touch -keyb/v/h -nav/h s.2}
I/EventHub(  839): New device: id=2, fd=103, path='/dev/input/event3', name='Stp touch', classes=0x4, configuration='/system/usr/idc/Stp_touch.idc', keyLayout='', keyCharacterMap='', builtinKeyboard=false
I/SystemServer(  839): TV
I/SystemServer(  839): Device Policy
E/EventHub(  839): could not get driver version for /dev/input/mouse1, Not a typewriter
D/MS_OMX_CORE(  811): MS_OMX_Init :
I/SystemServer(  839): Status Bar
D/MS_OMX_CORE(  811): MIU_INTERVAL: 0x60000000, VDEC Start: 0x1b800000, size: 0x2500000
D/MS_OMX_Core(  811): MIU_INTERVAL: 0x60000000, ADEC Start: 0x15900000, size: 0x5c0000
D/EventHub(  839): No input device configuration file found for device 'Stp mouse'.
I/EventHub(  839): New device: id=3, fd=104, path='/dev/input/event2', name='Stp mouse', classes=0x8, configuration='', keyLayout='', keyCharacterMap='', builtinKeyboard=false
I/SystemServer(  839): Clipboard Service
I/SystemServer(  839): NetworkManagement Service
I/        (  811): [MSOS_PRINT][003171]     ~!~mappd sharemem    
I/        (  811): [MSOS_PRINT][000605]     pthread_mutex_init
I/        (  811): [MSOS_PRINT][000607]     CHIP_InitISR
I/SystemServer(  839): Text Service Manager Service
W/TextServicesManagerService(  839): no available spell checker services found
I/SystemServer(  839): NetworkStats Service
E/EventHub(  839): could not get driver version for /dev/input/mouse0, Not a typewriter
I/SystemServer(  839): NetworkPolicy Service
I/SystemServer(  839): Wi-Fi P2pService
D/dalvikvm(  839): GC_CONCURRENT freed 338K, 66% free 2170K/6211K, paused 1ms+2ms
D/WifiP2pService(  839): P2pDisabledState
E/WifiP2pService(  839): Failed to reload sta firmware java.lang.NullPointerException
D/WifiP2pService(  839): mThisDevice.deviceAddress=a6:a8:20:13:03:6e
I/SystemServer(  839): Wi-Fi Service
D/WifiMonitor(  839): sleep for a while until usb.init.done 
I/bluedroid(  839): bt_enable: ret: 0, errno: 0
I/bluedroid(  839): Starting bluetoothd deamon
I/MS_OMX_Plugin(  811): MSOMXPlugin::enumerateComponents
I/MS_OMX_Plugin(  811): MSOMXPlugin::enumerateComponents
I/MS_OMX_Plugin(  811): MSOMXPlugin::enumerateComponents
I/MS_OMX_Plugin(  811): MSOMXPlugin::enumerateComponents
I/MS_OMX_Plugin(  811): MSOMXPlugin::enumerateComponents
I/MS_OMX_Plugin(  811): MSOMXPlugin::enumerateComponents
I/MS_OMX_Plugin(  811): MSOMXPlugin::enumerateComponents
I/MS_OMX_Plugin(  811): MSOMXPlugin::enumerateComponents
I/MS_OMX_Plugin(  811): MSOMXPlugin::enumerateComponents
I/MS_OMX_Plugin(  811): MSOMXPlugin::enumerateComponents
I/MS_OMX_Plugin(  811): MSOMXPlugin::enumerateComponents
I/MS_OMX_Plugin(  811): MSOMXPlugin::enumerateComponents
I/MS_OMX_Plugin(  811): MSOMXPlugin::enumerateComponents
E/AC3Extractor(  811): Rsyn Fail
D/EventHub(  839): No input device configuration file found for device 'VIkeyboard'.
D/WifiP2pService(  839): P2pDisabledState{ what=69633 when=0 }
D/WifiP2pService(  839): DefaultState{ what=69633 when=-1ms }
D/WifiP2pService(  839): P2pDisabledState{ what=69632 when=-1ms obj=com.android.internal.util.AsyncChannel@4151ae08 }
D/WifiP2pService(  839): DefaultState{ what=69632 when=-1ms obj=com.android.internal.util.AsyncChannel@4151ae08 }
D/WifiP2pService(  839): Full connection with WifiStateMachine established
D/WifiP2pService(  839): P2pDisabledState{ what=69633 when=0 }
D/WifiP2pService(  839): DefaultState{ what=69633 when=0 }
D/WifiP2pService(  839): P2pDisabledState{ what=69632 when=0 obj=com.android.internal.util.AsyncChannel@415845b0 }
D/WifiP2pService(  839): DefaultState{ what=69632 when=0 obj=com.android.internal.util.AsyncChannel@415845b0 }
D/WifiP2pService(  839): Full connection with WifiStateMachine established
I/SystemServer(  839): Connectivity Service
D/ConnectivityService(  839): ConnectivityService starting up
E/ConnectivityService(  839): Error in radioAttributes - ignoring attempt to redefine type 1
D/OMXCodec(  811): Attempting to allocate OMX node 'OMX.google.vorbis.decoder'
I/EventHub(  839): New device: id=4, fd=119, path='/dev/input/event1', name='VIkeyboard', classes=0x23, configuration='', keyLayout='/system/usr/keylayout/Vendor_0001_Product_0001.kl', keyCharacterMap='/system/usr/keychars/Generic.kcm', builtinKeyboard=false
D/OMXCodec(  811): Successfully allocated OMX node 'OMX.google.vorbis.decoder'
D/EventHub(  839): No input device configuration file found for device 'Coship Smart DVB IR Receiver'.
D/ConnectivityService(  839): Starting Pppoe StateTracker
D/ConnectivityService(  839): Starting Ethernet Service.
I/ethernet(  839): interface eth0:2 found
E/ethernet(  839): android_net_ethernet_initEthernetNative exited with success
I/ethernet(  839): User ask for device name on 0, list:17D4D0, total:1
V/EthernetStateTracker(  839): Ethernet State Tracker v1.0.6
V/EthernetStateTracker(  839): successed to init device!
I/EthernetService(  839): Ethernet dev enabled 2
V/EthernetService(  839): device 0 name eth0
I/EventHub(  839): New device: id=5, fd=130, path='/dev/input/event0', name='Coship Smart DVB IR Receiver', classes=0x1, configuration='', keyLayout='/system/usr/keylayout/Vendor_0080_Product_0001.kl', keyCharacterMap='/system/usr/keychars/Generic.kcm', builtinKeyboard=false
D/NetUtils(  839): android_net_utils_resetConnections in env=0xf7980 clazz=0xe1000001 iface=eth0 mask=0x3
V/EthernetStateTracker(  839): start to monitor the ethernet devices . . .
I/EthernetManager(  839): Init Ethernet Manager, service: com.android.server.EthernetService@41531398
V/EthernetMonitor(  839): go poll events
I/EthernetStateTracker(  839): reset device eth0
E/AC3Extractor(  811): Rsyn Fail
D/MediaPlayerService(  811): countTracks = 1
D/MediaPlayerService(  811): mime = audio/vorbis
D/MediaPlayerService(  811): videoCnt = 0, audioCnt = 1
D/MediaPlayerService(  811): Ogg
E/AC3Extractor(  811): Rsyn Fail
D/OMXCodec(  811): Attempting to allocate OMX node 'OMX.google.vorbis.decoder'
D/OMXCodec(  811): Successfully allocated OMX node 'OMX.google.vorbis.decoder'
E/EventHub(  839): could not get driver version for /dev/input/mice, Not a typewriter
I/InputReader(  839): Device added: id=5, name='Coship Smart DVB IR Receiver', sources=0x00000101
I/InputReader(  839): Device added: id=4, name='VIkeyboard', sources=0x00000301
D/NetUtils(  839): android_net_utils_resetConnections in env=0xf7980 clazz=0xe2300001 iface=eth0 mask=0x3
I/EthernetStateTracker(  839): trigger dhcp for device eth0
D/EthernetStateTracker(  839): DhcpHandler: DHCP request started
I/EthernetStateTracker(  839): reset device eth0
I/InputReader(  839): Device added: id=3, name='Stp mouse', sources=0x00002002
I/InputReader(  839):   Touch device 'Stp touch' could not query the properties of its associated display 0.  The device will be inoperable until the display size becomes available.
I/InputReader(  839): Device added: id=2, name='Stp touch', sources=0x00001002
I/InputReader(  839):   Touch device 'Stp MT-touch' could not query the properties of its associated display 0.  The device will be inoperable until the display size becomes available.
I/InputReader(  839): Device added: id=1, name='Stp MT-touch', sources=0x00001002
I/InputReader(  839): Reconfiguring input devices.  changes=0x00000004
I/InputReader(  839): Device reconfigured: id=1, name='Stp MT-touch', surface size is now 1280x720, mode is 1
I/InputReader(  839): Device reconfigured: id=2, name='Stp touch', surface size is now 1280x720, mode is 1
I/EthernetStateTracker(  839): trigger dhcp for device eth0
E/MobileDataStateTracker(  839): default: Ignoring feature request because could not acquire PhoneService
E/MobileDataStateTracker(  839): default: Could not enable APN type "default"
E/BluetoothService.cpp(  839): setBluetoothTetheringNative true
D/NetworkManagementService(  839): Registering observer
D/NetworkManagementService(  839): Registering observer
I/WifiService(  839): WifiService starting up with Wi-Fi disabled
D/WifiStateMachine(  839): isDriverShouldRemove = true
D/BluetoothEventLoop(  839): Property Changed: Powered : true
D/BluetoothEventLoop(  839): Property Changed: Pairable : true
D/BluetoothEventLoop(  839): Property Changed: Class : 5767168
D/BluetoothEventLoop(  839): Property Changed: Pairable : true
D/BluetoothEventLoop(  839): Property Changed: Discoverable : false
D/BluetoothAdapterStateMachine(  839): WarmUp process message: 54
D/BluetoothAdapterStateMachine(  839): WarmUp process message: 53
D/BluetoothEventLoop(  839): Property Changed: UUIDs : 9
D/BluetoothEventLoop(  839): Property Changed: UUIDs : 10
I/WifiService(  839): WifiService starting up with Wi-Fi AP disabled
I/SystemServer(  839): Throttle Service
I/SystemServer(  839): Mount Service
D/MountService(  839): got storage path: /mnt/sdcard description: USB  primary: true removable: false emulated: false mtpReserve: 0 allowMassStorage: false maxFileSize: 0
D/MountService(  839): mExternalStoragePath:/mnt/sdcard
D/BluetoothEventLoop(  839): Property Changed: UUIDs : 11
D/WifiApStateMachine(  839): isDriverShouldRemove = true
D/BluetoothEventLoop(  839): Property Changed: UUIDs : 12
D/BluetoothEventLoop(  839): Property Changed: Pairable : false
D/BluetoothEventLoop(  839): Property Changed: Powered : false
D/BluetoothAdapterStateMachine(  839): WarmUp process message: 54
D/BluetoothEventLoop(  839): Property Changed: UUIDs : 13
D/BluetoothAdapterStateMachine(  839): WarmUp process message: 51
I/SystemServer(  839): Notification Manager
I/SystemServer(  839): Device Storage Monitor
I/SystemServer(  839): Location Manager
I/SystemServer(  839): Country Detector
I/SystemServer(  839): Search Service
I/SystemServer(  839): DropBox Service
I/SystemServer(  839): Wallpaper Service
D/VoldCmdListener(  738): volume list
I/MountService(  839): Media already mounted on daemon connection
D/MountService(  839): volume state changed for /mnt/usb/sda1 (removed -> mounted)
D/dalvikvm(  839): GC_CONCURRENT freed 242K, 63% free 2363K/6339K, paused 2ms+2ms
I/SystemServer(  839): Audio Service
I/        (  839): tvmanager JNI_OnLoad
I/        (  839): audiomanager JNI_OnLoad
I/        (  839): audiomanager native_setup 
I/SystemServer(  839): Camera Observer
I/SystemServer(  839): Microphone Observer
I/SystemServer(  839): Wired Accessory Observer
I/SystemServer(  839): USB Service
I/SystemServer(  839): UI Mode Manager Service
V/audio_hw_primary(  811): out_get_latency ret 10ms
I/SystemServer(  839): Backup Service
D/dalvikvm(  839): GC_CONCURRENT freed 214K, 61% free 2568K/6531K, paused 1ms+2ms
V/BackupManagerService(  839): Initializing package tracking
V/BackupManagerService(  839): No ancestral data
D/dalvikvm(  839): GC_CONCURRENT freed 195K, 59% free 2844K/6787K, paused 2ms+2ms
V/BackupManagerService(  839): addPackageParticipantsLocked: all
I/BackupManagerService(  839): New app android never backed up; scheduling
I/BackupManagerService(  839): New app com.android.browser never backed up; scheduling
I/BackupManagerService(  839): New app com.android.providers.settings never backed up; scheduling
I/BackupManagerService(  839): New app com.android.providers.userdictionary never backed up; scheduling
I/BackupManagerService(  839): New app com.android.sharedstoragebackup never backed up; scheduling
V/BackupManagerService(  839): Registering transport android/com.android.internal.backup.LocalTransport = com.android.internal.backup.LocalTransport@415bb198
V/BackupManagerService(  839): Starting with transport android/com.android.internal.backup.LocalTransport
V/BackupManagerService(  839): Google transport not present
I/BackupManagerService(  839): Backup enabled => false
I/BackupManagerService(  839): Opting out of backup
I/SystemServer(  839): AppWidget Service
I/SystemServer(  839): Recognition Service
I/SystemServer(  839): DiskStats Service
I/SystemServer(  839): SamplingProfiler Service
I/WindowManager(  839): SAFE MODE not enabled
D/dalvikvm(  839): JIT started for system_server
I/SystemServer(  839): NetworkTimeUpdateService
D/PowerManagerService(  839): system ready!
I/        (  839): disableTvosIr
I/ActivityManager(  839): System now ready
I/SystemServer(  839): Making services ready
I/TvServiceServer(  839): -----------------ready start mstar tv service.
I/        (  839): playerimpl JNI_OnLoad
I/        (  839): playerimpl native_setup
I/        (  839): disableTvosIr
I/        (  839): channelmanager JNI_OnLoad
I/        (  839): channelmanager native_setup
I/        (  839): pipmanager JNI_OnLoad
I/        (  839): pipmanager native_setup 
I/        (  839): getSourceList
I/        (  839): timermanager JNI_OnLoad
I/        (  839): timermanager native_setup
I/        (  839): getOnTime
I/        (  839): getOffModeStatus
I/        (  839): native_getSleeperState
I//lib/ld-linux.so.3(  748): [COMMUI]getOnTime(callingPid 839, clientPid 839)
I//lib/ld-linux.so.3(  748): [COMMUI]getOffModeStatus(callingPid 839, clientPid 839)
I//lib/ld-linux.so.3(  748): [COMMUI]getSleeperState(callingPid 839, clientPid 839)
I/        (  839): tvmanager native_setup
I/        (  839): 3dmanager JNI_OnLoad
I/        (  839): 3dmanager native_setup 
I/        (  839): picturemanager JNI_OnLoad
I/        (  839): picturemanager native_setup 
I/        (  839): native_isMuteEnabled has delete by client
I/Zygote  (  839): Process: zygote socket opened
D/WifiHW  (  839): detect_wifi_device!!!
D/WifiHW  (  839): path  = /dev/bus/usb/001
D/WifiHW  (  839): path  = /dev/bus/usb/002
D/WifiHW  (  839): path  = /dev/bus/usb/003
E/WifiHW  (  839): get_wifi_device_num is 1
D/WifiHW  (  839): ===================device_count = 1
D/WifiHW  (  839): is_wifi_device_exist
E/WifiHW  (  839): get_wifi_device_num is 1
I/ActivityManager(  839): Start proc com.mstar.dbprovider for content provider com.mstar.dbprovider/.MstTvUserSettingProvider: pid=931 uid=10017 gids={}
I/ActivityThread(  931): Pub mstar.tv.usersetting: com.mstar.dbprovider.MstTvUserSettingProvider
I/ActivityThread(  931): Pub mstar.tv.factory: com.mstar.dbprovider.MstTvFactoryProvider
D/dalvikvm(  931): GC_CONCURRENT freed 165K, 86% free 631K/4483K, paused 1ms+0ms
D/TvSoundService(  839): volume is 60
I/        (  839): native_setVolume 
I/        (  839): databasemanager JNI_OnLoad
I/        (  839): databasemanager native_setup 
I/        (  839): setDatabaseDirtyByApplication 
I//lib/ld-linux.so.3(  748): [COMMUI]disableSystemLock(callingPid 839, clientPid 839)
I/        (  839): scanmanagerimpl JNI_OnLoad
I/        (  839): scanmanager native_setup 
I/System.out(  839): -----DvbPlayer------
I/        (  839): subtitlemanager JNI_OnLoad
I/        (  839): subtitlemanager native_setup 
I/TvServiceServer(  839): TvServiceServer systemReady!
I/Laucher (  839): @@@@_________System Ready state is :1
D/SystemServer(  839): Starting service: Intent { cmp=com.android.systemui/.SystemUIService }
I/ActivityManager(  839): Start proc com.android.systemui for service com.android.systemui/.SystemUIService: pid=952 uid=1000 gids={3003, 1015, 3002, 3001, 3004}
D/NetworkManagementService(  839): enabling bandwidth control
E/BandwidthController(  813): runIptablesCmd(): failed /system/bin/ip6tables -F res=768
E/BandwidthController(  813): runIptablesCmd(): failed /system/bin/iptables -N costly_shared res=256
E/BandwidthController(  813): runIptablesCmd(): failed /system/bin/ip6tables -N costly_shared res=768
E/BandwidthController(  813): runIptablesCmd(): failed /system/bin/ip6tables -F INPUT res=768
E/BandwidthController(  813): runIptablesCmd(): failed /system/bin/ip6tables -A INPUT -i lo --jump ACCEPT res=768
E/BandwidthController(  813): runIptablesCmd(): failed /system/bin/ip6tables -A INPUT -m owner --socket-exists res=512
E/BandwidthController(  813): runIptablesCmd(): failed /system/bin/ip6tables -F OUTPUT res=768
E/BandwidthController(  813): runIptablesCmd(): failed /system/bin/ip6tables -A OUTPUT -o lo --jump ACCEPT res=768
E/BandwidthController(  813): runIptablesCmd(): failed /system/bin/ip6tables -A OUTPUT -m owner --socket-exists res=512
E/BandwidthController(  813): runIptablesCmd(): failed /system/bin/ip6tables -F costly_shared res=768
E/BandwidthController(  813): runIptablesCmd(): failed /system/bin/iptables -A costly_shared --jump penalty_box res=512
E/BandwidthController(  813): runIptablesCmd(): failed /system/bin/ip6tables -A costly_shared --jump penalty_box res=768
E/BandwidthController(  813): runIptablesCmd(): failed /system/bin/ip6tables -A costly_shared -m owner --socket-exists res=512
E/BandwidthController(  813): runIptablesCmd(): failed /system/bin/ip6tables -A costly_shared --jump ACCEPT res=768
F/NetworkManagementService(  839): problem enabling bandwidth controls
F/NetworkManagementService(  839): com.android.server.NativeDaemonConnectorException: Cmd {bandwidth enable} failed with code 400 : {Bandwidth command failed}
F/NetworkManagementService(  839):      at com.android.server.NativeDaemonConnector.doCommandLocked(NativeDaemonConnector.java:281)
F/NetworkManagementService(  839):      at com.android.server.NativeDaemonConnector.doCommand(NativeDaemonConnector.java:241)
F/NetworkManagementService(  839):      at com.android.server.NetworkManagementService.systemReady(NetworkManagementService.java:186)
F/NetworkManagementService(  839):      at com.android.server.ServerThread$1.run(SystemServer.java:698)
F/NetworkManagementService(  839):      at com.android.server.am.ActivityManagerService.systemReady(ActivityManagerService.java:7421)
F/NetworkManagementService(  839):      at com.android.server.ServerThread.run(SystemServer.java:681)
D/dalvikvm(  952): GC_CONCURRENT freed 126K, 85% free 684K/4547K, paused 2ms+1ms
D/SystemUIService(  952): loading: class com.android.systemui.statusbar.tablet.TabletStatusBar
I/System.out(  952): 1.0.92012-6-26REV:4719
D/SystemUIService(  952): running: com.android.systemui.statusbar.tablet.TabletStatusBar@413aec70
D/dalvikvm(  839): GC_CONCURRENT freed 436K, 59% free 2931K/7107K, paused 2ms+3ms
E/USP     (  931): ~~~~~~~~~@@@@ now updating content://mstar.tv.usersetting/soundsetting
E/USP     (  931): ~~~~~~~~~@@@@ now updating Volume=60
E/PhonePolicy(  952): Could not preload class for phone policy: com.android.internal.policy.impl.PhoneWindow$ContextMenuCallback
E/StrictMode(  839): A resource was acquired at attached stack trace but never released. See java.io.Closeable for information on avoiding resource leaks.
E/StrictMode(  839): java.lang.Throwable: Explicit termination method 'close' not called
E/StrictMode(  839):    at dalvik.system.CloseGuard.open(CloseGuard.java:184)
E/StrictMode(  839):    at android.content.ContentResolver$CursorWrapperInner.<init>(ContentResolver.java:1582)
E/StrictMode(  839):    at android.content.ContentResolver.query(ContentResolver.java:321)
E/StrictMode(  839):    at com.mstar.tv.service.TvServiceServer.systemReady(TvServiceServer.java:87)
E/StrictMode(  839):    at com.android.server.ServerThread$1.run(SystemServer.java:686)
E/StrictMode(  839):    at com.android.server.am.ActivityManagerService.systemReady(ActivityManagerService.java:7421)
E/StrictMode(  839):    at com.android.server.ServerThread.run(SystemServer.java:681)
W/CursorWrapperInner(  839): Cursor finalized without prior close()
D/dalvikvm(  952): GC_FOR_ALLOC freed 22K, 85% free 711K/4547K, paused 6ms
I/dalvikvm-heap(  952): Grow heap (frag case) to 5.623MB for 1395776-byte allocation
D/dalvikvm(  952): GC_CONCURRENT freed <1K, 66% free 2074K/5955K, paused 1ms+1ms
D/dalvikvm(  952): GC_FOR_ALLOC freed <1K, 66% free 2075K/5955K, paused 6ms
I/dalvikvm-heap(  952): Grow heap (frag case) to 6.216MB for 621428-byte allocation
D/dalvikvm(  952): GC_CONCURRENT freed 0K, 60% free 2682K/6595K, paused 1ms+1ms
D/TextLayoutCache(  952): Using debug level: 0 - Debug Enabled: 0
D/NetworkManagementService(  839): Registering observer
D/NetworkManagementService(  839): Registering observer
I/ActivityManager(  839): Config changed: {1.0 0mcc0mnc zh_CN layoutdir=0 sw720dp w1280dp h720dp xlrg long land -touch -keyb/v/h -nav/h s.3}
W/RecognitionManagerService(  839): no available voice recognition services found
W/InputManagerService(  839): Ignoring setImeWindowStatus of uid 1000 token: null
I/ActivityManager(  839): Start proc com.android.inputmethod.pinyin for service com.android.inputmethod.pinyin/.PinyinIME: pid=1035 uid=10020 gids={3003}
D/NetworkManagementService(  839): Registering observer
I/SystemServer(  839): SIP Service
W/GpsLocationProvider(  839): Could not open GPS configuration file /etc/gps.conf
I/ActivityManager(  839): Start proc com.fiship.cibn for added application com.fiship.cibn: pid=1071 uid=10005 gids={3003, 1015}
I/ActivityManager(  839): Start proc com.coship.sdp.sce.tvappstore for added application com.coship.sdp.sce.tvappstore: pid=1082 uid=1000 gids={3003, 1015, 3002, 3001, 3004}
D/dalvikvm( 1089): Not late-enabling CheckJNI (already on)
I/ActivityManager(  839): Start proc com.coship.easycontrolime for added application com.coship.easycontrolime: pid=1089 uid=10011 gids={3003}
D/dalvikvm(  952): GC_FOR_ALLOC freed 1414K, 79% free 1392K/6595K, paused 24ms
I/dalvikvm-heap(  952): Grow heap (frag case) to 5.957MB for 1048592-byte allocation
D/dalvikvm(  952): GC_CONCURRENT freed 1K, 64% free 2415K/6595K, paused 0ms+4ms
E/PhonePolicy( 1035): Could not preload class for phone policy: com.android.internal.policy.impl.PhoneWindow$ContextMenuCallback
I/ActivityManager(  839): Start proc com.coship.netfirmware for added application com.coship.netfirmware: pid=1102 uid=1000 gids={3003, 1015, 3002, 3001, 3004}
D/ActivityManager(  839): propValue:2
D/ActivityManager(  839): start launcher......
I/ActivityManager(  839): START {act=android.intent.action.MAIN cat=[android.intent.category.HOME] flg=0x10000000 cmp=com.fiship.cibn/.MainActivity} from pid 0
W/ThrottleService(  839): unable to find stats for iface rmnet0
I/SystemServer(  839): Enabled StrictMode for system server main thread.
D/NetUtils(  839): android_net_utils_resetConnections in env=0xf7980 clazz=0x7c200001 iface=eth0 mask=0x3
I/EthernetStateTracker(  839): received interface reset event
I/EthernetStateTracker(  839): reset device eth0
D/dalvikvm(  839): GREF has increased to 201
I/StatusBar.HeightReceiver(  952): Resizing status bar plugged=false height=48 old=0
D/WifiStateMachine(  839): gary test mWifiApState = 11
I/EthernetStateTracker(  839): trigger dhcp for device eth0
D/dalvikvm( 1035): GC_CONCURRENT freed 117K, 85% free 703K/4547K, paused 0ms+2ms
I/ActivityManager(  839): Start proc com.google.process.gapps for service com.google.android.location/.NetworkLocationService: pid=1140 uid=10012 gids={3003, 1015, 2001, 1007}
D/dalvikvm( 1071): GC_CONCURRENT freed 122K, 85% free 707K/4547K, paused 1ms+7ms
I/ActivityThread( 1071): Pub com.fiship.cibn.authAdress: com.fiship.cibn.contentProvider.AuthAddressProvider
I/dalvikvm( 1140): Turning on JNI app bug workarounds for target SDK version 10...
I/ActivityThread( 1071): Pub com.fiship.auth: com.fiship.auth.contentprovider.AuthResultProvider
W/GpsLocationProvider(  839): Failed to enable location provider
D/dalvikvm(  839): GC_CONCURRENT freed 429K, 58% free 3061K/7235K, paused 2ms+7ms
D/AppStoreDataBaseHelper( 1082):  ------:: ======================= dbname:Coship_AppStoreDB
D/AppStoreDataBaseHelper( 1082):  ------:: ======================= dbname:Coship_AppStoreDB
D/AppManagerService( 1082):  ------:: myAppInfoService.recoverAppStatus.....
D/dalvikvm( 1082): GC_CONCURRENT freed 139K, 84% free 748K/4611K, paused 1ms+1ms
E/PhonePolicy( 1071): Could not preload class for phone policy: com.android.internal.policy.impl.PhoneWindow$ContextMenuCallback
D/dalvikvm(  952): GC_CONCURRENT freed 1361K, 76% free 1665K/6723K, paused 1ms+4ms
I/Process (  839): Sending signal. PID: 1071 SIG: 3
I/dalvikvm( 1071): threadid=3: reacting to signal 3
I/ActivityThread( 1140): Pub com.google.settings: com.google.android.gsf.settings.GoogleSettingsProvider
I/        ( 1071): jpeg hw mutex s_index = 290
I/dalvikvm( 1071): Wrote stack traces to '/data/anr/traces.txt'
I/        ( 1071): [MSOS_PRINT][003171]     ~!~mappd sharemem    
I/        ( 1071): [MSOS_PRINT][000605]     pthread_mutex_init
I/        ( 1071): [MSOS_PRINT][000607]     CHIP_InitISR
D/        ( 1071): [skia jpeg]: readbuf addr:0x1a1c2000, size: 0x100000
D/        ( 1071):  write buff addr:0x0,  size: 0x0
D/        ( 1071):  internal buff addr:0x1a2c2000,   size: 0x100000
E/        ( 1071): get vaddr failed:pvaddr_read=0x5e9e7000,pvaddr_internal=0x5eae7000,pvaddr_write=0x0
D/dalvikvm( 1071): GC_FOR_ALLOC freed 47K, 84% free 763K/4547K, paused 27ms
I/dalvikvm-heap( 1071): Grow heap (frag case) to 7.858MB for 3686416-byte allocation
I/ActivityThread( 1140): Pub com.google.android.gsf.gservices: com.google.android.gsf.gservices.GservicesProvider
I/GservicesProvider( 1140): Gservices pushing to system: true; secure: true
I/ActivityThread( 1140): Pub subscribedfeeds: com.google.android.gsf.subscribedfeeds.SubscribedFeedsProvider
D/dalvikvm( 1071): GC_CONCURRENT freed <1K, 47% free 4362K/8195K, paused 1ms+6ms
D/dalvikvm( 1140): GC_CONCURRENT freed 143K, 86% free 676K/4547K, paused 1ms+1ms
D/FileService( 1082):  ------:: localConfig.getReleaseValue() = V100R001B034
D/FileService( 1082):  ------:: sourceConfig.getReleaseValue() = V100R001B034
D/Tools   ( 1082):  ------:: ~~~~~~~~~~~~~~~~~~~~~~method:public static java.lang.String android.os.SystemProperties.get(java.lang.String,java.lang.String)
D/Tools   ( 1082):  ------:: ~~~~~~~~~~~~~~~~~~~~~~return value:app.longvisionmedia.com:80
D/dalvikvm( 1082): GC_CONCURRENT freed 433K, 84% free 814K/4995K, paused 1ms+2ms
W/ActivityThread( 1140): ClassLoader.loadClass: The class loader returned by Thread.getContextClassLoader() may fail for processes that host multiple applications. You should explicitly specify a context class loader. For example: Thread.setContextClassLoader(getClass().getClassLoader());
D/Tools   ( 1082):  ------:: ~~~~~~~~~~~~~~~~~~~~~~method:public static void android.os.SystemProperties.set(java.lang.String,java.lang.String)
D/AppServer( 1082):  ------:: AppServer.ip=app.longvisionmedia.com AppServer.port=80 AppServer.SubDir=null
E/ImageFetcher( 1082):  ------:: checkConnection - no connection found
D/ImageCache( 1082):  ------:: Memory cache created (size = 10066330)
D/dalvikvm(  952): GC_CONCURRENT freed 228K, 72% free 1906K/6723K, paused 1ms+2ms
D/dalvikvm(  952): GC_FOR_ALLOC freed 128K, 73% free 1859K/6723K, paused 8ms
I/dalvikvm-heap(  952): Grow heap (frag case) to 6.019MB for 635812-byte allocation
D/dalvikvm( 1140): GC_CONCURRENT freed 211K, 81% free 934K/4867K, paused 1ms+1ms
D/dalvikvm(  952): GC_FOR_ALLOC freed <1K, 64% free 2479K/6723K, paused 30ms
D/dalvikvm(  952): GC_FOR_ALLOC freed 0K, 64% free 2480K/6723K, paused 21ms
I/dalvikvm-heap(  952): Grow heap (frag case) to 6.288MB for 281896-byte allocation
D/dalvikvm(  952): GC_FOR_ALLOC freed 0K, 61% free 2755K/7043K, paused 24ms
D/TextLayoutCache( 1071): Using debug level: 0 - Debug Enabled: 0
I/ActivityThread( 1140): Pub com.google.android.providers.talk: com.google.android.gsf.talk.TalkProvider
I/Process (  839): Sending signal. PID: 1071 SIG: 3
I/dalvikvm( 1071): threadid=3: reacting to signal 3
D/ImageCache( 1082):  ------:: Disk cache initialized
D/ImageFetcher( 1082):  ------:: HTTP cache initialized
I/dalvikvm( 1071): Wrote stack traces to '/data/anr/traces.txt'
D/dalvikvm(  952): GC_FOR_ALLOC freed 851K, 67% free 2340K/7043K, paused 23ms
D/NetworkLocationService( 1140): onCreate
D/dalvikvm(  952): GC_CONCURRENT freed 347K, 64% free 2549K/7043K, paused 1ms+3ms
D/dalvikvm( 1140): GC_CONCURRENT freed 256K, 77% free 1219K/5187K, paused 1ms+3ms
V/Constants( 1071):  the epg request === > http://cibn-iepg.coship.com:8088/iepg/getPram?PramName=serverConfig&version=001
V/AddressAgency( 1071): start get address from Service!
V/BaseSQLProvider( 1071): get CIBN user msg from _queryRecord!
D/dalvikvm(  839): GREF has increased to 301
V/BaseSQLProvider( 1071):  _queryRecord(): CIBNAddressData == :CIBNAddressData [CONF_ADDRESS=http://cibn-iepg.coship.com:8088, SERVER_ADDRESS=http://cibn-iepg.coship.com:8088, ADS_SERVER_ADDRESS=http://cibn-ad.longvisionmedia.com:8080, TOPIC_SERVER_ADDRESS=http://cibn-zt.longvisionmedia.com:8180, IUC_SERVER_ADDRESS=http://cibn-iepg.coship.com:8080, APPSTORE_SERVER_ADDRESS=http://app.longvisionmedia.com:80, PLAYER_SERVER_ADDRESS=http://cibn-iss1.longvisionmedia.com:8088, DEVICE_ID_ADDRESS=http://tms.cibntest.ysten.com:8080, CIBN_UPDATE_ADDRESS=http://tms.cibntest.ysten.com:8080/yst-tms/device!deviceLogin.action?]
D/dalvikvm( 1071): GC_CONCURRENT freed 822K, 49% free 4890K/9411K, paused 2ms+1ms
E/StrictMode( 1071): Finalizing a Cursor that has not been deactivated or closed. database = /data/data/com.fiship.cibn/databases/AuthAdressRecord.db, table = AuthAdressRecord, query = SELECT server_address, ads_server_address, topic_server_address, iuc_server_address, appstore_server_address, player_server_address, device_id_address, cibn_update_address FROM AuthAdressRecord
E/StrictMode( 1071): android.database.sqlite.DatabaseObjectNotClosedException: Application did not close the cursor or database object that was opened here
E/StrictMode( 1071):    at android.database.sqlite.SQLiteCursor.<init>(SQLiteCursor.java:99)
E/StrictMode( 1071):    at android.database.sqlite.SQLiteDirectCursorDriver.query(SQLiteDirectCursorDriver.java:51)
E/StrictMode( 1071):    at android.database.sqlite.SQLiteDatabase.rawQueryWithFactory(SQLiteDatabase.java:1564)
E/StrictMode( 1071):    at android.database.sqlite.SQLiteQueryBuilder.query(SQLiteQueryBuilder.java:354)
E/StrictMode( 1071):    at android.database.sqlite.SQLiteQueryBuilder.query(SQLiteQueryBuilder.java:291)
E/StrictMode( 1071):    at com.fiship.cibn.contentProvider.AuthAddressProvider.query(AuthAddressProvider.java:98)
E/StrictMode( 1071):    at android.content.ContentProvider$Transport.query(ContentProvider.java:178)
E/StrictMode( 1071):    at android.content.ContentResolver.query(ContentResolver.java:311)
E/StrictMode( 1071):    at com.fiship.cibn.contentProvider.BaseSQLProvider._queryRecord(BaseSQLProvider.java:214)
E/StrictMode( 1071):    at com.fiship.cibn.ConfAddress.AddressAgency.initData(AddressAgency.java:185)
E/StrictMode( 1071):    at com.fiship.cibn.ConfAddress.AddressAgency.initServerAddr(AddressAgency.java:162)
E/StrictMode( 1071):    at com.fiship.cibn.MainActivity.initDefServerAddr(MainActivity.java:913)
E/StrictMode( 1071):    at com.fiship.cibn.MainActivity.onCreate(MainActivity.java:305)
E/StrictMode( 1071):    at android.app.Activity.performCreate(Activity.java:4465)
E/StrictMode( 1071):    at android.app.Instrumentation.callActivityOnCreate(Instrumentation.java:1049)
E/StrictMode( 1071):    at android.app.ActivityThread.performLaunchActivity(ActivityThread.java:1920)
E/StrictMode( 1071):    at android.app.ActivityThread.handleLaunchActivity(ActivityThread.java:1981)
E/StrictMode( 1071):    at android.app.ActivityThread.access$600(ActivityThread.java:123)
E/StrictMode( 1071):    at android.app.ActivityThread$H.handleMessage(ActivityThread.java:1147)
E/StrictMode( 1071):    at android.os.Handler.dispatchMessage(Handler.java:99)
E/StrictMode( 1071):    at android.os.Looper.loop(Looper.java:137)
E/StrictMode( 1071):    at android.app.ActivityThread.main(ActivityThread.java:4424)
E/StrictMode( 1071):    at java.lang.reflect.Method.invokeNative(Native Method)
E/StrictMode( 1071):    at java.lang.reflect.Method.invoke(Method.java:511)
E/StrictMode( 1071):    at com.android.internal.os.ZygoteInit$MethodAndArgsCaller.run(ZygoteInit.java:848)
E/StrictMode( 1071):    at com.android.internal.os.ZygoteInit.main(ZygoteInit.java:575)
E/StrictMode( 1071):    at dalvik.system.NativeStart.main(Native Method)
E/StrictMode( 1071): A resource was acquired at attached stack trace but never released. See java.io.Closeable for information on avoiding resource leaks.
E/StrictMode( 1071): java.lang.Throwable: Explicit termination method 'close' not called
E/StrictMode( 1071):    at dalvik.system.CloseGuard.open(CloseGuard.java:184)
E/StrictMode( 1071):    at android.content.ContentResolver$CursorWrapperInner.<init>(ContentResolver.java:1582)
E/StrictMode( 1071):    at android.content.ContentResolver.query(ContentResolver.java:321)
E/StrictMode( 1071):    at com.fiship.cibn.contentProvider.BaseSQLProvider._queryRecord(BaseSQLProvider.java:214)
E/StrictMode( 1071):    at com.fiship.cibn.ConfAddress.AddressAgency.initData(AddressAgency.java:185)
E/StrictMode( 1071):    at com.fiship.cibn.ConfAddress.AddressAgency.initServerAddr(AddressAgency.java:162)
E/StrictMode( 1071):    at com.fiship.cibn.MainActivity.initDefServerAddr(MainActivity.java:913)
E/StrictMode( 1071):    at com.fiship.cibn.MainActivity.onCreate(MainActivity.java:305)
E/StrictMode( 1071):    at android.app.Activity.performCreate(Activity.java:4465)
E/StrictMode( 1071):    at android.app.Instrumentation.callActivityOnCreate(Instrumentation.java:1049)
E/StrictMode( 1071):    at android.app.ActivityThread.performLaunchActivity(ActivityThread.java:1920)
E/StrictMode( 1071):    at android.app.ActivityThread.handleLaunchActivity(ActivityThread.java:1981)
E/StrictMode( 1071):    at android.app.ActivityThread.access$600(ActivityThread.java:123)
E/StrictMode( 1071):    at android.app.ActivityThread$H.handleMessage(ActivityThread.java:1147)
E/StrictMode( 1071):    at android.os.Handler.dispatchMessage(Handler.java:99)
E/StrictMode( 1071):    at android.os.Looper.loop(Looper.java:137)
E/StrictMode( 1071):    at android.app.ActivityThread.main(ActivityThread.java:4424)
E/StrictMode( 1071):    at java.lang.reflect.Method.invokeNative(Native Method)
E/StrictMode( 1071):    at java.lang.reflect.Method.invoke(Method.java:511)
E/StrictMode( 1071):    at com.android.internal.os.ZygoteInit$MethodAndArgsCaller.run(ZygoteInit.java:848)
E/StrictMode( 1071):    at com.android.internal.os.ZygoteInit.main(ZygoteInit.java:575)
E/StrictMode( 1071):    at dalvik.system.NativeStart.main(Native Method)
W/CursorWrapperInner( 1071): Cursor finalized without prior close()
I/StatusBarManagerService(  839): registerStatusBar bar=com.android.internal.statusbar.IStatusBar$Stub$Proxy@41618808
D/SystemUIService(  952): loading: class com.android.systemui.power.PowerUI
D/SystemUIService(  952): running: com.android.systemui.power.PowerUI@41431d78
I/TabletStatusBar(  952): receiver broadcast
D/dalvikvm( 1071): GC_FOR_ALLOC freed 313K, 46% free 5439K/10051K, paused 16ms
D/dalvikvm( 1140): GC_CONCURRENT freed 387K, 77% free 1268K/5379K, paused 1ms+12ms
I/TabletStatusBar(  952): the p2pdevices is null or UNAVAILABLE
I/StatusBar.HeightReceiver(  952): Resizing status bar plugged=false height=48 old=48
I/TabletStatusBar(  952): receiver broadcast
D/jachensy.chen(  952): basal setting action configuration changed.......
I/StatusBar.HeightReceiver(  952): Resizing status bar plugged=false height=48 old=48
I/Process (  839): Sending signal. PID: 1071 SIG: 3
I/dalvikvm( 1071): threadid=3: reacting to signal 3
I/dalvikvm( 1071): Wrote stack traces to '/data/anr/traces.txt'
D/dalvikvm( 1071): GC_FOR_ALLOC freed 626K, 51% free 5089K/10371K, paused 32ms
I/dalvikvm-heap( 1071): Grow heap (frag case) to 9.536MB for 1016112-byte allocation
D/NetworkLocationService( 1140): onBind com.google.android.location.NetworkLocationProvider
D/NetworkLocationService( 1140): onBind com.google.android.location.GeocodeProvider
D/dalvikvm( 1071): GC_FOR_ALLOC freed <1K, 47% free 6081K/11395K, paused 14ms
D/WifiService(  839): New client listening to asynchronous messages
D/dalvikvm(  952): GC_CONCURRENT freed 327K, 60% free 2870K/7043K, paused 1ms+8ms
D/dalvikvm(  839): GC_FOR_ALLOC freed 455K, 58% free 3161K/7363K, paused 60ms
I/MainActivity( 1071):   --RoadPath ViewId: 2131492913
I/MainActivity( 1071):  onStart
I/MainActivity( 1071):  onResume
D/dalvikvm(  839): GC_CONCURRENT freed 4K, 57% free 3262K/7491K, paused 1ms+4ms
I/MainActivity( 1071): Connect to PortalMS-Server  Address: http://cibn-iepg.coship.com:8080
D/dalvikvm(  839): GC_FOR_ALLOC freed 249K, 58% free 3245K/7683K, paused 33ms
D/libEGL  ( 1071): loaded /system/lib/egl/libGLES_android.so
D/libEGL  ( 1071): loaded /system/lib/egl/libEGL_mali.so
D/libEGL  ( 1071): loaded /system/lib/egl/libGLESv1_CM_mali.so
D/libEGL  ( 1071): loaded /system/lib/egl/libGLESv2_mali.so
D/OpenGLRenderer( 1071): Enabling debug mode 0
I/Process (  839): Sending signal. PID: 1071 SIG: 3
I/dalvikvm( 1071): threadid=3: reacting to signal 3
D/ImageWallpaper(  952):  drawFrameLocked_rnb Thread ID22
I/dalvikvm( 1071): Wrote stack traces to '/data/anr/traces.txt'
D/SlideManagerRootImpl( 1071): start = 0
D/dalvikvm(  839): GC_FOR_ALLOC freed 543K, 60% free 3147K/7683K, paused 32ms
E/        ( 1071): get vaddr failed:pvaddr_read=0x5e9e7000,pvaddr_internal=0x5eae7000,pvaddr_write=0x0
E/        ( 1071): get vaddr failed:pvaddr_read=0x5e9e7000,pvaddr_internal=0x5eae7000,pvaddr_write=0x0
I/ActivityManager(  839): Start proc com.android.phone for content provider com.android.providers.telephony/.TelephonyProvider: pid=1184 uid=1001 gids={1015}
D/dalvikvm(  814): GC_EXPLICIT freed 35K, 91% free 429K/4352K, paused 0ms+1ms
D/dalvikvm(  814): GC_EXPLICIT freed <1K, 91% free 429K/4352K, paused 0ms+0ms
D/dalvikvm( 1071): GC_FOR_ALLOC freed 1021K, 44% free 6491K/11395K, paused 25ms
I/dalvikvm-heap( 1071): Grow heap (frag case) to 11.009MB for 1125584-byte allocation
D/dalvikvm(  814): GC_EXPLICIT freed <1K, 91% free 429K/4352K, paused 0ms+0ms
D/dalvikvm( 1071): GC_FOR_ALLOC freed 5K, 40% free 7584K/12547K, paused 20ms
I/ActivityThread( 1184): Pub mms: com.android.providers.telephony.MmsProvider
I/ActivityThread( 1184): Pub sms: com.android.providers.telephony.SmsProvider
I/ActivityThread( 1184): Pub telephony: com.android.providers.telephony.TelephonyProvider
W/TelephonyProvider( 1184): onCreate: confFile=/system/etc/apns-conf.xml oldCheckSum=-1
D/dalvikvm( 1184): GC_CONCURRENT freed 163K, 86% free 632K/4483K, paused 1ms+1ms
D/dalvikvm( 1071): GC_FOR_ALLOC freed 432K, 40% free 7829K/12867K, paused 18ms
I/ActivityThread( 1184): Pub mms-sms: com.android.providers.telephony.MmsSmsProvider
V/AddressAgency( 1071):  http://cibn-iepg.coship.com:8088/iepg/getPram?PramName=serverConfig&version=001
D/dalvikvm( 1071): GC_FOR_ALLOC freed 354K, 40% free 8113K/13443K, paused 17ms
I/dalvikvm-heap( 1071): Grow heap (frag case) to 12.520MB for 1048592-byte allocation
D/dalvikvm( 1071): GC_FOR_ALLOC freed <1K, 38% free 9137K/14531K, paused 14ms
E/StrictMode( 1071): A resource was acquired at attached stack trace but never released. See java.io.Closeable for information on avoiding resource leaks.
E/StrictMode( 1071): java.lang.Throwable: Explicit termination method 'close' not called
E/StrictMode( 1071):    at dalvik.system.CloseGuard.open(CloseGuard.java:184)
E/StrictMode( 1071):    at android.content.ContentResolver$CursorWrapperInner.<init>(ContentResolver.java:1582)
E/StrictMode( 1071):    at android.content.ContentResolver.query(ContentResolver.java:321)
E/StrictMode( 1071):    at com.fiship.cibn.http.HttpEngine.getHttpClient(HttpEngine.java:81)
E/StrictMode( 1071):    at com.fiship.cibn.ConfAddress.AddressAgency$AddressTask.startGetAddress(AddressAgency.java:404)
E/StrictMode( 1071):    at com.fiship.cibn.ConfAddress.AddressAgency$AddressTask.doInBackground(AddressAgency.java:244)
E/StrictMode( 1071):    at com.fiship.cibn.ConfAddress.AddressAgency$AddressTask.doInBackground(AddressAgency.java:217)
E/StrictMode( 1071):    at android.os.AsyncTask$2.call(AsyncTask.java:264)
E/StrictMode( 1071):    at java.util.concurrent.FutureTask$Sync.innerRun(FutureTask.java:305)
E/StrictMode( 1071):    at java.util.concurrent.FutureTask.run(FutureTask.java:137)
E/StrictMode( 1071):    at android.os.AsyncTask$SerialExecutor$1.run(AsyncTask.java:208)
E/StrictMode( 1071):    at java.util.concurrent.ThreadPoolExecutor.runWorker(ThreadPoolExecutor.java:1076)
E/StrictMode( 1071):    at java.util.concurrent.ThreadPoolExecutor$Worker.run(ThreadPoolExecutor.java:569)
E/StrictMode( 1071):    at java.lang.Thread.run(Thread.java:856)
W/CursorWrapperInner( 1071): Cursor finalized without prior close()
W/StaggeredGridView( 1071): Inflation setting LayoutParams width to 270 - must be MATCH_PARENT
E/StaggeredGridView( 1071): onMeasure: must have an exact width or match_parent! Using fallback spec of EXACTLY 270
E/        ( 1071): get vaddr failed:pvaddr_read=0x5e9e7000,pvaddr_internal=0x5eae7000,pvaddr_write=0x0
E/        ( 1071): get vaddr failed:pvaddr_read=0x5e9e7000,pvaddr_internal=0x5eae7000,pvaddr_write=0x0
D/ScaleViewPanel( 1071): ScaleViewPanel constructor
I/Process (  839): Sending signal. PID: 1071 SIG: 3
I/dalvikvm( 1071): threadid=3: reacting to signal 3
I/dalvikvm( 1071): Wrote stack traces to '/data/anr/traces.txt'
E/        ( 1071): get vaddr failed:pvaddr_read=0x5e9e7000,pvaddr_internal=0x5eae7000,pvaddr_write=0x0
E/        ( 1071): get vaddr failed:pvaddr_read=0x5e9e7000,pvaddr_internal=0x5eae7000,pvaddr_write=0x0
D/dalvikvm( 1071): GC_FOR_ALLOC freed 2276K, 43% free 8600K/14915K, paused 17ms
D/ScaleViewPanel( 1071): ScaleViewPanel constructor
E/        ( 1071): get vaddr failed:pvaddr_read=0x5e9e7000,pvaddr_internal=0x5eae7000,pvaddr_write=0x0
E/        ( 1071): get vaddr failed:pvaddr_read=0x5e9e7000,pvaddr_internal=0x5eae7000,pvaddr_write=0x0
D/ScaleViewPanel( 1071): ScaleViewPanel constructor
E/        ( 1071): get vaddr failed:pvaddr_read=0x5e9e7000,pvaddr_internal=0x5eae7000,pvaddr_write=0x0
E/        ( 1071): get vaddr failed:pvaddr_read=0x5e9e7000,pvaddr_internal=0x5eae7000,pvaddr_write=0x0
D/dalvikvm( 1071): GC_CONCURRENT freed 1238K, 38% free 9304K/14915K, paused 2ms+2ms
D/ScaleViewPanel( 1071): ScaleViewPanel constructor
E/        ( 1071): get vaddr failed:pvaddr_read=0x5e9e7000,pvaddr_internal=0x5eae7000,pvaddr_write=0x0
E/        ( 1071): get vaddr failed:pvaddr_read=0x5e9e7000,pvaddr_internal=0x5eae7000,pvaddr_write=0x0
D/ScaleViewPanel( 1071): ScaleViewPanel constructor
E/        ( 1071): get vaddr failed:pvaddr_read=0x5e9e7000,pvaddr_internal=0x5eae7000,pvaddr_write=0x0
E/        ( 1071): get vaddr failed:pvaddr_read=0x5e9e7000,pvaddr_internal=0x5eae7000,pvaddr_write=0x0
D/dalvikvm( 1071): GC_FOR_ALLOC freed 911K, 37% free 9436K/14915K, paused 17ms
D/ScaleViewPanel( 1071): ScaleViewPanel constructor
E/        ( 1071): get vaddr failed:pvaddr_read=0x5e9e7000,pvaddr_internal=0x5eae7000,pvaddr_write=0x0
E/        ( 1071): get vaddr failed:pvaddr_read=0x5e9e7000,pvaddr_internal=0x5eae7000,pvaddr_write=0x0
D/dalvikvm( 1071): GC_FOR_ALLOC freed 1280K, 37% free 9597K/15107K, paused 18ms
D/SystemClock(  839): Setting time of day to sec=1369635148
D/ScaleViewPanel( 1071): ScaleViewPanel constructor
E/        ( 1071): get vaddr failed:pvaddr_read=0x5e9e7000,pvaddr_internal=0x5eae7000,pvaddr_write=0x0
E/        ( 1071): get vaddr failed:pvaddr_read=0x5e9e7000,pvaddr_internal=0x5eae7000,pvaddr_write=0x0
I/MainActivity( 1071): Connect to PortalMS-Server is OK!  Address: http://cibn-iepg.coship.com:8080
V/AddressFromService( 1071): start get address from Service!
V/AddressAgency( 1071): CIBNAddressData--> : CIBNAddressData [CONF_ADDRESS=http://cibn-iepg.coship.com:8088, SERVER_ADDRESS=http://cibn-iepg.coship.com:8088, ADS_SERVER_ADDRESS=http://cibn-ad.longvisionmedia.com:8080, TOPIC_SERVER_ADDRESS=http://cibn-zt.longvisionmedia.com:8180, IUC_SERVER_ADDRESS=http://cibn-iepg.coship.com:8080, APPSTORE_SERVER_ADDRESS=http://app.longvisionmedia.com:80, PLAYER_SERVER_ADDRESS=http://cibn-iss1.longvisionmedia.com:8088, DEVICE_ID_ADDRESS=http://tms.cibntest.ysten.com:8080, CIBN_UPDATE_ADDRESS=http://update.coship.com]
V/BaseSQLProvider( 1071): If have  the table of AuthAdressRecord? 
V/BaseSQLProvider( 1071): update CIBNAddressData msg to db!
E/AuthResultProvider( 1071):   uri.getPathSegments() ==  []
D/dalvikvm( 1140): GC_CONCURRENT freed 430K, 76% free 1336K/5507K, paused 1ms+17ms
I/ActivityManager(  839): Process com.coship.sdp.sce.tvappstore (pid 1082) has died.
D/dalvikvm( 1071): GC_FOR_ALLOC freed 1263K, 37% free 9742K/15299K, paused 35ms
E/StrictMode( 1071): Finalizing a Cursor that has not been deactivated or closed. database = /data/data/com.fiship.cibn/databases/AuthAdressRecord.db, table = AuthAdressRecord, query = SELECT server_address, ads_server_address, topic_server_address, iuc_server_address, appstore_server_address, player_server_address, device_id_address, cibn_update_address FROM AuthAdressRecord
E/StrictMode( 1071): android.database.sqlite.DatabaseObjectNotClosedException: Application did not close the cursor or database object that was opened here
E/StrictMode( 1071):    at android.database.sqlite.SQLiteCursor.<init>(SQLiteCursor.java:99)
E/StrictMode( 1071):    at android.database.sqlite.SQLiteDirectCursorDriver.query(SQLiteDirectCursorDriver.java:51)
E/StrictMode( 1071):    at android.database.sqlite.SQLiteDatabase.rawQueryWithFactory(SQLiteDatabase.java:1564)
E/StrictMode( 1071):    at android.database.sqlite.SQLiteQueryBuilder.query(SQLiteQueryBuilder.java:354)
E/StrictMode( 1071):    at android.database.sqlite.SQLiteQueryBuilder.query(SQLiteQueryBuilder.java:291)
E/StrictMode( 1071):    at com.fiship.cibn.contentProvider.AuthAddressProvider.query(AuthAddressProvider.java:98)
E/StrictMode( 1071):    at android.content.ContentProvider$Transport.query(ContentProvider.java:178)
E/StrictMode( 1071):    at android.content.ContentResolver.query(ContentResolver.java:311)
E/StrictMode( 1071):    at com.fiship.cibn.contentProvider.BaseSQLProvider._isHaveAddressInDB(BaseSQLProvider.java:84)
E/StrictMode( 1071):    at com.fiship.cibn.ConfAddress.AddressAgency$AddressTask.processConfAddressData(AddressAgency.java:360)
E/StrictMode( 1071):    at com.fiship.cibn.ConfAddress.AddressAgency$AddressTask.doInBackground(AddressAgency.java:261)
E/StrictMode( 1071):    at com.fiship.cibn.ConfAddress.AddressAgency$AddressTask.doInBackground(AddressAgency.java:217)
E/StrictMode( 1071):    at android.os.AsyncTask$2.call(AsyncTask.java:264)
E/StrictMode( 1071):    at java.util.concurrent.FutureTask$Sync.innerRun(FutureTask.java:305)
E/StrictMode( 1071):    at java.util.concurrent.FutureTask.run(FutureTask.java:137)
E/StrictMode( 1071):    at android.os.AsyncTask$SerialExecutor$1.run(AsyncTask.java:208)
E/StrictMode( 1071):    at java.util.concurrent.ThreadPoolExecutor.runWorker(ThreadPoolExecutor.java:1076)
E/StrictMode( 1071):    at java.util.concurrent.ThreadPoolExecutor$Worker.run(ThreadPoolExecutor.java:569)
E/StrictMode( 1071):    at java.lang.Thread.run(Thread.java:856)
D/ScaleViewPanel( 1071): ScaleViewPanel constructor
E/StrictMode( 1071): A resource was acquired at attached stack trace but never released. See java.io.Closeable for information on avoiding resource leaks.
E/StrictMode( 1071): java.lang.Throwable: Explicit termination method 'close' not called
E/StrictMode( 1071):    at dalvik.system.CloseGuard.open(CloseGuard.java:184)
E/StrictMode( 1071):    at android.content.ContentResolver$CursorWrapperInner.<init>(ContentResolver.java:1582)
E/StrictMode( 1071):    at android.content.ContentResolver.query(ContentResolver.java:321)
E/StrictMode( 1071):    at com.fiship.cibn.contentProvider.BaseSQLProvider._isHaveAddressInDB(BaseSQLProvider.java:84)
E/StrictMode( 1071):    at com.fiship.cibn.ConfAddress.AddressAgency$AddressTask.processConfAddressData(AddressAgency.java:360)
E/StrictMode( 1071):    at com.fiship.cibn.ConfAddress.AddressAgency$AddressTask.doInBackground(AddressAgency.java:261)
E/StrictMode( 1071):    at com.fiship.cibn.ConfAddress.AddressAgency$AddressTask.doInBackground(AddressAgency.java:217)
E/StrictMode( 1071):    at android.os.AsyncTask$2.call(AsyncTask.java:264)
E/StrictMode( 1071):    at java.util.concurrent.FutureTask$Sync.innerRun(FutureTask.java:305)
E/StrictMode( 1071):    at java.util.concurrent.FutureTask.run(FutureTask.java:137)
E/StrictMode( 1071):    at android.os.AsyncTask$SerialExecutor$1.run(AsyncTask.java:208)
E/StrictMode( 1071):    at java.util.concurrent.ThreadPoolExecutor.runWorker(ThreadPoolExecutor.java:1076)
E/StrictMode( 1071):    at java.util.concurrent.ThreadPoolExecutor$Worker.run(ThreadPoolExecutor.java:569)
E/StrictMode( 1071):    at java.lang.Thread.run(Thread.java:856)
I/ActivityManager(  839): Start proc com.coship.sdp.sce.tvappstore for restart com.coship.sdp.sce.tvappstore: pid=1206 uid=1000 gids={3003, 1015, 3002, 3001, 3004}
W/CursorWrapperInner( 1071): Cursor finalized without prior close()
I/Process (  839): Sending signal. PID: 1071 SIG: 3
I/dalvikvm( 1071): threadid=3: reacting to signal 3
I/dalvikvm( 1071): Wrote stack traces to '/data/anr/traces.txt'
E/        ( 1071): get vaddr failed:pvaddr_read=0x5e9e7000,pvaddr_internal=0x5eae7000,pvaddr_write=0x0
E/        ( 1071): get vaddr failed:pvaddr_read=0x5e9e7000,pvaddr_internal=0x5eae7000,pvaddr_write=0x0
D/dalvikvm( 1071): GC_FOR_ALLOC freed 1457K, 37% free 9894K/15491K, paused 22ms
D/AppStoreDataBaseHelper( 1206):  ------:: ======================= dbname:Coship_AppStoreDB
D/AppStoreDataBaseHelper( 1206):  ------:: ======================= dbname:Coship_AppStoreDB
D/AppManagerService( 1206):  ------:: myAppInfoService.recoverAppStatus.....
D/ScaleViewPanel( 1071): ScaleViewPanel constructor
D/dalvikvm( 1206): GC_CONCURRENT freed 188K, 86% free 675K/4547K, paused 1ms+1ms
E/        ( 1071): get vaddr failed:pvaddr_read=0x5e9e7000,pvaddr_internal=0x5eae7000,pvaddr_write=0x0
E/        ( 1071): get vaddr failed:pvaddr_read=0x5e9e7000,pvaddr_internal=0x5eae7000,pvaddr_write=0x0
D/dalvikvm( 1071): GC_FOR_ALLOC freed 700K, 37% free 9791K/15491K, paused 23ms
I/dalvikvm-heap( 1071): Grow heap (frag case) to 13.873MB for 748560-byte allocation
D/dalvikvm( 1071): GC_FOR_ALLOC freed 3K, 36% free 10518K/16259K, paused 22ms
V/AddressAgency( 1071): the db update is ok !
D/dalvikvm( 1206): GC_CONCURRENT freed 369K, 85% free 747K/4867K, paused 1ms+1ms
D/FileService( 1206):  ------:: localConfig.getReleaseValue() = V100R001B034
D/FileService( 1206):  ------:: sourceConfig.getReleaseValue() = V100R001B034
D/Tools   ( 1206):  ------:: ~~~~~~~~~~~~~~~~~~~~~~method:public static java.lang.String android.os.SystemProperties.get(java.lang.String,java.lang.String)
D/Tools   ( 1206):  ------:: ~~~~~~~~~~~~~~~~~~~~~~return value:app.longvisionmedia.com:80
D/Tools   ( 1206):  ------:: ~~~~~~~~~~~~~~~~~~~~~~method:public static void android.os.SystemProperties.set(java.lang.String,java.lang.String)
D/AppServer( 1206):  ------:: AppServer.ip=app.longvisionmedia.com AppServer.port=80 AppServer.SubDir=null
E/ImageFetcher( 1206):  ------:: checkConnection - no connection found
D/ImageCache( 1206):  ------:: Memory cache created (size = 10066330)
D/ScaleViewPanel( 1071): ScaleViewPanel constructor
D/ImageCache( 1206):  ------:: Disk cache initialized
D/ImageFetcher( 1206):  ------:: HTTP cache initialized
D/ScaleViewPanel( 1071): ScaleViewPanel constructor
D/ScaleViewPanel( 1071): ScaleViewPanel constructor
D/dalvikvm( 1071): GC_FOR_ALLOC freed 1015K, 34% free 10870K/16259K, paused 20ms
D/ScaleViewPanel( 1071): ScaleViewPanel constructor
D/ScaleViewPanel( 1071): ScaleViewPanel constructor
E/        ( 1071): get vaddr failed:pvaddr_read=0x5e9e7000,pvaddr_internal=0x5eae7000,pvaddr_write=0x0
E/        ( 1071): get vaddr failed:pvaddr_read=0x5e9e7000,pvaddr_internal=0x5eae7000,pvaddr_write=0x0
D/ScaleViewPanel( 1071): ScaleViewPanel constructor
E/        ( 1071): get vaddr failed:pvaddr_read=0x5e9e7000,pvaddr_internal=0x5eae7000,pvaddr_write=0x0
E/        ( 1071): get vaddr failed:pvaddr_read=0x5e9e7000,pvaddr_internal=0x5eae7000,pvaddr_write=0x0
D/dalvikvm( 1071): GC_FOR_ALLOC freed 671K, 31% free 11498K/16579K, paused 19ms
I/Process (  839): Sending signal. PID: 1071 SIG: 3
I/dalvikvm( 1071): threadid=3: reacting to signal 3
I/dalvikvm( 1071): Wrote stack traces to '/data/anr/traces.txt'
D/ScaleViewPanel( 1071): ScaleViewPanel constructor
D/ScaleViewPanel( 1071): ScaleViewPanel constructor
D/ScaleViewPanel( 1071): ScaleViewPanel constructor
E/        ( 1071): get vaddr failed:pvaddr_read=0x5e9e7000,pvaddr_internal=0x5eae7000,pvaddr_write=0x0
E/        ( 1071): get vaddr failed:pvaddr_read=0x5e9e7000,pvaddr_internal=0x5eae7000,pvaddr_write=0x0
D/dalvikvm( 1071): GC_FOR_ALLOC freed 680K, 29% free 12354K/17283K, paused 19ms
D/ScaleViewPanel( 1071): ScaleViewPanel constructor
E/        ( 1071): get vaddr failed:pvaddr_read=0x5e9e7000,pvaddr_internal=0x5eae7000,pvaddr_write=0x0
E/        ( 1071): get vaddr failed:pvaddr_read=0x5e9e7000,pvaddr_internal=0x5eae7000,pvaddr_write=0x0
D/dalvikvm( 1071): GC_FOR_ALLOC freed 1195K, 31% free 12494K/17859K, paused 20ms
D/ScaleViewPanel( 1071): ScaleViewPanel constructor
D/dalvikvm(  839): GC_CONCURRENT freed 489K, 58% free 3266K/7683K, paused 2ms+3ms
D/ScaleViewPanel( 1071): ScaleViewPanel constructor
D/ScaleViewPanel( 1071): ScaleViewPanel constructor
E/        ( 1071): get vaddr failed:pvaddr_read=0x5e9e7000,pvaddr_internal=0x5eae7000,pvaddr_write=0x0
E/        ( 1071): get vaddr failed:pvaddr_read=0x5e9e7000,pvaddr_internal=0x5eae7000,pvaddr_write=0x0
D/dalvikvm( 1071): GC_FOR_ALLOC freed 1651K, 32% free 12485K/18179K, paused 20ms
I/dalvikvm-heap( 1071): Grow heap (frag case) to 16.503MB for 748560-byte allocation
D/dalvikvm( 1071): GC_FOR_ALLOC freed 4K, 31% free 13212K/18947K, paused 19ms
D/ScaleViewPanel( 1071): ScaleViewPanel constructor
E/        ( 1071): get vaddr failed:pvaddr_read=0x5e9e7000,pvaddr_internal=0x5eae7000,pvaddr_write=0x0
E/        ( 1071): get vaddr failed:pvaddr_read=0x5e9e7000,pvaddr_internal=0x5eae7000,pvaddr_write=0x0
D/dalvikvm( 1071): GC_FOR_ALLOC freed 1127K, 30% free 13440K/18947K, paused 20ms
D/ScaleViewPanel( 1071): ScaleViewPanel constructor
D/ScaleViewPanel( 1071): ScaleViewPanel constructor
E/        ( 1071): get vaddr failed:pvaddr_read=0x5e9e7000,pvaddr_internal=0x5eae7000,pvaddr_write=0x0
E/        ( 1071): get vaddr failed:pvaddr_read=0x5e9e7000,pvaddr_internal=0x5eae7000,pvaddr_write=0x0
D/dalvikvm( 1071): GC_FOR_ALLOC freed 649K, 27% free 13890K/18947K, paused 20ms
I/Process (  839): Sending signal. PID: 1071 SIG: 3
I/dalvikvm( 1071): threadid=3: reacting to signal 3
I/dalvikvm( 1071): Wrote stack traces to '/data/anr/traces.txt'
D/ScaleViewPanel( 1071): ScaleViewPanel constructor
E/        ( 1071): get vaddr failed:pvaddr_read=0x5e9e7000,pvaddr_internal=0x5eae7000,pvaddr_write=0x0
E/        ( 1071): get vaddr failed:pvaddr_read=0x5e9e7000,pvaddr_internal=0x5eae7000,pvaddr_write=0x0
D/ScaleViewPanel( 1071): ScaleViewPanel constructor
E/        ( 1071): get vaddr failed:pvaddr_read=0x5e9e7000,pvaddr_internal=0x5eae7000,pvaddr_write=0x0
E/        ( 1071): get vaddr failed:pvaddr_read=0x5e9e7000,pvaddr_internal=0x5eae7000,pvaddr_write=0x0
D/dalvikvm( 1071): GC_FOR_ALLOC freed 1166K, 28% free 14277K/19651K, paused 20ms
D/ScaleViewPanel( 1071): ScaleViewPanel constructor
E/        ( 1071): get vaddr failed:pvaddr_read=0x5e9e7000,pvaddr_internal=0x5eae7000,pvaddr_write=0x0
E/        ( 1071): get vaddr failed:pvaddr_read=0x5e9e7000,pvaddr_internal=0x5eae7000,pvaddr_write=0x0
D/ScaleViewPanel( 1071): ScaleViewPanel constructor
E/        ( 1071): get vaddr failed:pvaddr_read=0x5e9e7000,pvaddr_internal=0x5eae7000,pvaddr_write=0x0
E/        ( 1071): get vaddr failed:pvaddr_read=0x5e9e7000,pvaddr_internal=0x5eae7000,pvaddr_write=0x0
D/dalvikvm( 1071): GC_FOR_ALLOC freed 1166K, 27% free 14664K/19971K, paused 20ms
D/ScaleViewPanel( 1071): ScaleViewPanel constructor
E/        ( 1071): get vaddr failed:pvaddr_read=0x5e9e7000,pvaddr_internal=0x5eae7000,pvaddr_write=0x0
E/        ( 1071): get vaddr failed:pvaddr_read=0x5e9e7000,pvaddr_internal=0x5eae7000,pvaddr_write=0x0
D/ScaleViewPanel( 1071): ScaleViewPanel constructor
E/        ( 1071): get vaddr failed:pvaddr_read=0x5e9e7000,pvaddr_internal=0x5eae7000,pvaddr_write=0x0
E/        ( 1071): get vaddr failed:pvaddr_read=0x5e9e7000,pvaddr_internal=0x5eae7000,pvaddr_write=0x0
D/dalvikvm( 1071): GC_FOR_ALLOC freed 1100K, 27% free 14988K/20291K, paused 22ms
D/ScaleViewPanel( 1071): ScaleViewPanel constructor
E/        ( 1071): get vaddr failed:pvaddr_read=0x5e9e7000,pvaddr_internal=0x5eae7000,pvaddr_write=0x0
E/        ( 1071): get vaddr failed:pvaddr_read=0x5e9e7000,pvaddr_internal=0x5eae7000,pvaddr_write=0x0
D/dalvikvm( 1071): GC_FOR_ALLOC freed 1260K, 26% free 15192K/20483K, paused 22ms
D/ScaleViewPanel( 1071): ScaleViewPanel constructor
E/        ( 1071): get vaddr failed:pvaddr_read=0x5e9e7000,pvaddr_internal=0x5eae7000,pvaddr_write=0x0
E/        ( 1071): get vaddr failed:pvaddr_read=0x5e9e7000,pvaddr_internal=0x5eae7000,pvaddr_write=0x0
D/dalvikvm( 1071): GC_FOR_ALLOC freed 1195K, 26% free 15332K/20675K, paused 22ms
D/ScaleViewPanel( 1071): ScaleViewPanel constructor
E/        ( 1071): get vaddr failed:pvaddr_read=0x5e9e7000,pvaddr_internal=0x5eae7000,pvaddr_write=0x0
E/        ( 1071): get vaddr failed:pvaddr_read=0x5e9e7000,pvaddr_internal=0x5eae7000,pvaddr_write=0x0
D/dalvikvm( 1071): GC_FOR_ALLOC freed 1933K, 28% free 15229K/21123K, paused 22ms
D/ScaleViewPanel( 1071): ScaleViewPanel constructor
D/dalvikvm( 1071): GC_FOR_ALLOC freed 278K, 28% free 15291K/21123K, paused 21ms
I/dalvikvm-heap( 1071): Grow heap (frag case) to 19.177MB for 679632-byte allocation
I/Process (  839): Sending signal. PID: 1071 SIG: 3
I/dalvikvm( 1071): threadid=3: reacting to signal 3
I/dalvikvm( 1071): Wrote stack traces to '/data/anr/traces.txt'
D/dalvikvm( 1071): GC_FOR_ALLOC freed 1K, 27% free 15953K/21827K, paused 23ms
D/ScaleViewPanel( 1071): ScaleViewPanel constructor
D/ScaleViewPanel( 1071): ScaleViewPanel constructor
D/ScaleViewPanel( 1071): ScaleViewPanel constructor
D/ScaleViewPanel( 1071): ScaleViewPanel constructor
D/ScaleViewPanel( 1071): ScaleViewPanel constructor
D/dalvikvm( 1071): GC_FOR_ALLOC freed 4K, 22% free 17034K/21827K, paused 23ms
D/ScaleViewPanel( 1071): ScaleViewPanel constructor
D/ScaleViewPanel( 1071): ScaleViewPanel constructor
D/dalvikvm( 1071): GC_FOR_ALLOC freed 5K, 22% free 17565K/22339K, paused 27ms
D/ScaleViewPanel( 1071): ScaleViewPanel constructor
D/ScaleViewPanel( 1071): ScaleViewPanel constructor
D/dalvikvm( 1071): GC_FOR_ALLOC freed 1124K, 25% free 17694K/23299K, paused 27ms
D/ScaleViewPanel( 1071): ScaleViewPanel constructor
D/ScaleViewPanel( 1071): ScaleViewPanel constructor
I/Process (  839): Sending signal. PID: 1071 SIG: 3
I/dalvikvm( 1071): threadid=3: reacting to signal 3
I/dalvikvm( 1071): Wrote stack traces to '/data/anr/traces.txt'
D/ScaleViewPanel( 1071): ScaleViewPanel constructor
D/dalvikvm( 1071): GC_FOR_ALLOC freed 686K, 22% free 18373K/23299K, paused 26ms
D/ScaleViewPanel( 1071): ScaleViewPanel constructor
D/dalvikvm( 1071): GC_FOR_ALLOC freed 4K, 21% free 18933K/23875K, paused 21ms
D/ScaleViewPanel( 1071): ScaleViewPanel constructor
D/dalvikvm( 1071): GC_FOR_ALLOC freed 3K, 21% free 19492K/24451K, paused 23ms
D/ScaleViewPanel( 1071): ScaleViewPanel constructor
D/dalvikvm( 1071): GC_FOR_ALLOC freed 2K, 20% free 20053K/25027K, paused 23ms
D/ScaleViewPanel( 1071): ScaleViewPanel constructor
D/dalvikvm( 1071): GC_FOR_ALLOC freed 741K, 22% free 20161K/25603K, paused 23ms
V/MainActivity( 1071): the time result  : ACTION_TIME_CHANGED
D/PortalRefreshService( 1071): onCreate
D/PortalRefreshService( 1071): onStartCommand
D/PortalRefreshService( 1071): onStart
I/Process (  839): Sending signal. PID: 1071 SIG: 3
I/dalvikvm( 1071): threadid=3: reacting to signal 3
I/dalvikvm( 1071): Wrote stack traces to '/data/anr/traces.txt'
I/ActivityManager(  839): Displayed com.fiship.cibn/.MainActivity: +5s673ms
I/PortalRefreshService( 1071):  handle - MSG_PORTAL_REFRESH_ID
I/PortalRefreshService( 1071): UpdatePortalTimerTask
I/PortalRefreshService( 1071): Thread: Start to download Portal-Data!
V/IDataTaskEntity( 1071): http://cibn-iepg.coship.com:8088/iepg/videoInfo!getVideoList.action?queryType=1&start=1&limit=10&orderFlag=1
V/IDataTaskEntity( 1071): http://cibn-iepg.coship.com:8088/iepg/videoInfo!getVideoList.action?queryType=2&start=1&limit=10&orderFlag=1
V/IDataTaskEntity( 1071): http://cibn-iepg.coship.com:8088/iepg/videoInfo!getVideoList.action?queryType=3&start=1&limit=10&orderFlag=1
V/IDataTaskEntity( 1071): http://cibn-iepg.coship.com:8088/iepg/videoInfo!getVideoList.action?queryType=4&start=1&limit=10&orderFlag=1
V/IDataTaskEntity( 1071): http://cibn-iepg.coship.com:8088/iepg/videoInfo!getVideoList.action?queryType=8&start=1&limit=10&orderFlag=1
D/PortalRefreshService( 1071): onStartCommand
D/PortalRefreshService( 1071): onStart
D/AuthService( 1071): state = 65535
I/PortalRefreshService( 1071):  handle - MSG_PORTAL_REFRESH_ID
I/PortalRefreshService( 1071): UpdatePortalTimerTask
I/PortalRefreshService( 1071): Thread: Start to download Portal-Data!
V/IDataTaskEntity( 1071): http://cibn-iepg.coship.com:8088/iepg/videoInfo!getVideoList.action?queryType=1&start=1&limit=10&orderFlag=1
V/IDataTaskEntity( 1071): http://cibn-iepg.coship.com:8088/iepg/videoInfo!getVideoList.action?queryType=2&start=1&limit=10&orderFlag=1
V/IDataTaskEntity( 1071): http://cibn-iepg.coship.com:8088/iepg/videoInfo!getVideoList.action?queryType=3&start=1&limit=10&orderFlag=1
V/IDataTaskEntity( 1071): http://cibn-iepg.coship.com:8088/iepg/videoInfo!getVideoList.action?queryType=4&start=1&limit=10&orderFlag=1
V/IDataTaskEntity( 1071): http://cibn-iepg.coship.com:8088/iepg/videoInfo!getVideoList.action?queryType=8&start=1&limit=10&orderFlag=1
I/PortalRefreshService( 1071): NetWorkState connect ERROR...
I/PortalRefreshService( 1071): PortalService DownlaodThread Stop...
D/AuthTask( 1071): -------------------------------
D/AuthTask( 1071): Network connect failed !
I/PortalRefreshService( 1071): PortalService DownlaodThread Stop...
D/PowerManagerService(  839): bootCompleted
V/DevicePolicyManagerService(  839): Sending password expiration notifications for action android.intent.action.BOOT_COMPLETED
I/SurfaceFlinger( 1022): Boot is finished (168795698 ms)
E/AC3Extractor(  811): Rsyn Fail
I/ActivityManager(  839): Start proc com.android.contacts for broadcast com.android.contacts/.calllog.CallLogReceiver: pid=1230 uid=10001 gids={3003, 1015}
V/WiredAccessoryObserver(  839): init()
W/WiredAccessoryObserver(  839): This kernel does not have wired headset support
W/WiredAccessoryObserver(  839): This kernel does not have wired headset support
W/WiredAccessoryObserver(  839): This kernel does not have wired headset support
D/MediaPlayerService(  811): countTracks = 1
D/MediaPlayerService(  811): mime = audio/vorbis
D/MediaPlayerService(  811): videoCnt = 0, audioCnt = 1
D/MediaPlayerService(  811): Ogg
E/AC3Extractor(  811): Rsyn Fail
I/SearchManagerService(  839): Building list of searchable activities
D/OMXCodec(  811): Attempting to allocate OMX node 'OMX.google.vorbis.decoder'
D/OMXCodec(  811): Successfully allocated OMX node 'OMX.google.vorbis.decoder'
E/AC3Extractor(  811): Rsyn Fail
D/MediaPlayerService(  811): countTracks = 1
D/MediaPlayerService(  811): mime = audio/vorbis
D/MediaPlayerService(  811): videoCnt = 0, audioCnt = 1
D/MediaPlayerService(  811): Ogg
E/AC3Extractor(  811): Rsyn Fail
D/OMXCodec(  811): Attempting to allocate OMX node 'OMX.google.vorbis.decoder'
D/OMXCodec(  811): Successfully allocated OMX node 'OMX.google.vorbis.decoder'
E/AC3Extractor(  811): Rsyn Fail
D/MediaPlayerService(  811): countTracks = 1
D/MediaPlayerService(  811): mime = audio/vorbis
D/MediaPlayerService(  811): videoCnt = 0, audioCnt = 1
D/MediaPlayerService(  811): Ogg
E/AC3Extractor(  811): Rsyn Fail
D/OMXCodec(  811): Attempting to allocate OMX node 'OMX.google.vorbis.decoder'
D/OMXCodec(  811): Successfully allocated OMX node 'OMX.google.vorbis.decoder'
E/AC3Extractor(  811): Rsyn Fail
D/MediaPlayerService(  811): countTracks = 1
D/MediaPlayerService(  811): mime = audio/vorbis
D/MediaPlayerService(  811): videoCnt = 0, audioCnt = 1
D/MediaPlayerService(  811): Ogg
E/AC3Extractor(  811): Rsyn Fail
D/OMXCodec(  811): Attempting to allocate OMX node 'OMX.google.vorbis.decoder'
D/OMXCodec(  811): Successfully allocated OMX node 'OMX.google.vorbis.decoder'
W/Searchables(  839): No global search activity found
D/ImageUtilImpl( 1071): Download-OK: http://cibn-hb.longvisionmedia.com:80/posterfile/119.jpg
D/ImageUtilImpl( 1071): Download-OK: http://cibn-hb.longvisionmedia.com:80/posterfile/147.jpg
D/ImageUtilImpl( 1071): Download-OK: http://cibn-hb.longvisionmedia.com:80/posterfile/117.jpg
E/AC3Extractor(  811): Rsyn Fail
D/MediaPlayerService(  811): countTracks = 1
D/MediaPlayerService(  811): mime = audio/vorbis
D/MediaPlayerService(  811): videoCnt = 0, audioCnt = 1
D/MediaPlayerService(  811): Ogg
E/AC3Extractor(  811): Rsyn Fail
D/OMXCodec(  811): Attempting to allocate OMX node 'OMX.google.vorbis.decoder'
D/OMXCodec(  811): Successfully allocated OMX node 'OMX.google.vorbis.decoder'
D/ImageUtilImpl( 1071): Download-OK: http://cibn-hb.longvisionmedia.com:80/posterfile/148.jpg
I/clearFile( 1071): clearFile: /data/data/com.fiship.cibn/cache/cibn/10000101000001/video1
D/dalvikvm( 1071): GC_CONCURRENT freed 1810K, 22% free 20315K/25859K, paused 1ms+6ms
D/ImageUtilImpl( 1071): Download-OK: http://cibn-hb.longvisionmedia.com:80/posterfile/152.jpg
D/dalvikvm(  839): GC_CONCURRENT freed 645K, 59% free 3208K/7683K, paused 2ms+4ms
D/dhcpcd  ( 1271): dhcpcd 4.0.15 starting
D/dhcpcd  ( 1271): hardware address = 84:62:23:08:00:5a
D/dhcpcd  ( 1271): executing `/system/etc/dhcpcd/dhcpcd-run-hooks', reason PREINIT
D/ImageUtilImpl( 1071): Download-OK: http://cibn-hb.longvisionmedia.com:80/posterfile/151.jpg
D/dalvikvm( 1230): GC_CONCURRENT freed 144K, 85% free 721K/4547K, paused 1ms+1ms
D/ImageUtilImpl( 1071): Download-OK: http://cibn-hb.longvisionmedia.com:80/posterfile/150.jpg
D/dhcpcd  ( 1271): host does not support a monotonic clock - timing can skew
D/dhcpcd  ( 1271): broadcasting for a lease
D/dhcpcd  ( 1271): sending DHCP_DISCOVER with xid 0x4f1b5941, next in 3.99 seconds
D/dalvikvm(  839): GC_EXPLICIT freed 71K, 60% free 3141K/7683K, paused 2ms+3ms
I/AccountTypeManager( 1230): Loaded meta-data for 0 account types, 0 accounts in 6ms(wall) 3ms(cpu)
D/ImageUtilImpl( 1071): Download-OK: http://cibn-hb.longvisionmedia.com:80/posterfile/145.jpg
I/clearFile( 1071): clearFile: /data/data/com.fiship.cibn/cache/cibn/10000101000001/video3
I/RecoverySystem(  839): No recovery log file
I/ActivityManager(  839): Start proc com.coship.HS for broadcast com.coship.HS/.AutoStartReceiver: pid=1286 uid=1000 gids={3003, 1015, 3002, 3001, 3004}
I/Zygote  (  814): Preloading classes...
D/dalvikvm(  814): GC_EXPLICIT freed 21K, 90% free 463K/4352K, paused 1ms+1ms
D/TextLayoutCache(  814): Using debug level: 0 - Debug Enabled: 0
W/Zygote  (  814): Class not found for preloading: android.media.AudioManager$2
D/ImageUtilImpl( 1071): Download-OK: http://cibn-hb.longvisionmedia.com:80/posterfile/139.jpg
I/dalvikvm(  814): threadid=1: recursive native library load attempt (/system/lib/libmedia_jni.so)
D/MtpDeviceJNI(  814): register_android_mtp_MtpDevice
I/dalvikvm(  814): threadid=1: recursive native library load attempt (/system/lib/libmedia_jni.so)
I/dalvikvm(  814): threadid=1: recursive native library load attempt (/system/lib/libmedia_jni.so)
W/Zygote  (  814): Class not found for preloading: android.media.IRemoteControlClientDispatcher
W/Zygote  (  814): Class not found for preloading: android.media.IRemoteControlClientDispatcher$Stub
D/dalvikvm(  814): GC_FOR_ALLOC freed 158K, 84% free 765K/4611K, paused 6ms
D/ImageUtilImpl( 1071): Download-OK: http://cibn-hb.longvisionmedia.com:80/posterfile/146.jpg
D/ImageUtilImpl( 1071): Download-OK: http://cibn-hb.longvisionmedia.com:80/posterfile/129.jpg
D/dalvikvm(  814): GC_FOR_ALLOC freed 236K, 79% free 1072K/4995K, paused 12ms
I/Zygote  (  814): ...preloaded 520 classes in 356ms.
I/ActivityManager(  839): Start proc android.process.media for content provider com.android.providers.downloads/.DownloadProvider: pid=1300 uid=10010 gids={1015, 1023, 1024, 2001, 3003, 3007}
I/Zygote  (  814): Preloading classes...
D/dalvikvm(  814): GC_EXPLICIT freed 18K, 79% free 1076K/4995K, paused 1ms+1ms
D/dhcpcd  ( 1271): offered 192.168.2.3 from 192.168.2.1 `dhcpcd  ( 1271): sending DHCP_REQUEST with xid 0x4f1b5941, next in 3.87 seconds
D/dhcpcd  ( 1271): acknowledged 192.168.2.3 from 192.168.2.1 `dhcpcd  ( 1271): leased 192.168.2.3 for 3600 seconds
D/dhcpcd  ( 1271): adding IP address 192.168.2.3/24
D/dhcpcd  ( 1271): adding route to 0.0.0.0/0 via 192.168.2.1
D/dhcpcd  ( 1271): executing `/system/etc/dhcpcd/dhcpcd-run-hooks', reason BOUND
D/ImageUtilImpl( 1071): Download-OK: http://cibn-hb.longvisionmedia.com:80/posterfile/138.jpg
I/clearFile( 1071): clearFile: /data/data/com.fiship.cibn/cache/cibn/10000101000001/video4
D/HSBootReceiver( 1286): start BluetoothHeadsetEventService 
D/dhcpcd  ( 1271): sending ARP announce (1 of 2), next in 2.00 seconds
D/ImageUtilImpl( 1071): Download-OK: http://cibn-hb.longvisionmedia.com:80/posterfile/137.jpg
D/ImageUtilImpl( 1071): Download-OK: http://cibn-hb.longvisionmedia.com:80/posterfile/136.jpg
D/ImageUtilImpl( 1071): Download-OK: http://cibn-hb.longvisionmedia.com:80/posterfile/135.jpg
D/EthernetStateTracker(  839): DhcpHandler: DHCP request succeeded: addr: 192.168.2.3/24 mRoutes: 0.0.0.0/0 -> 192.168.2.1 |  dns: 192.168.2.1,192.168.99.5 dhcpServer: 192.168.2.1 leaseDuration: 3600
D/EthernetStateTracker(  839): DhcpHandler: DHCP request started
I/EthernetStateTracker(  839): received configured succeeded, stack=false CC=false
D/ConnectivityService(  839): ConnectivityChange for ETH: CONNECTED/CONNECTED
I/Zygote  (  814): ...preloaded 135 classes in 432ms.
D/ImageUtilImpl( 1071): Download-OK: http://cibn-hb.longvisionmedia.com:80/posterfile/134.jpg
I/Zygote  (  814): Preloading classes...
I/ActivityManager(  839): Start proc android.process.acore for content provider com.android.providers.contacts/.CallLogProvider: pid=1331 uid=10001 gids={3003, 1015}
D/HSEventMonitorService( 1286): start BluetoothHeadsetService 
I/EthernetStateTracker(  839): IntentBroadcast, event=1
I/TabletStatusBar(  952): receiver broadcast
I/System.out(  952): EVENT_INTERFACE_CONFIGURATION_SUCCEEDED
D/ImageUtilImpl( 1071): Download-OK: http://cibn-hb.longvisionmedia.com:80/posterfile/133.jpg
I/PppoeManager(  839): create PppoeManager
I/ActivityThread( 1300): Pub media: com.android.providers.media.MediaProvider
D/dalvikvm(  814): GC_EXPLICIT freed 133K, 77% free 1153K/4995K, paused 1ms+1ms
W/NetworkStats(  839): dropping UID delta from unknown iface: iface=wfd0 uid=0 set=DEFAULT tag=0x0 rxBytes=328 rxPackets=1 txBytes=0 txPackets=0 operations=0
W/NetworkStats(  839): dropping UID delta from unknown iface: iface=eth0 uid=0 set=DEFAULT tag=0x0 rxBytes=2707 rxPackets=30 txBytes=1552 txPackets=13 operations=0
W/NetworkStats(  839): dropping UID delta from unknown iface: iface=eth0 uid=1000 set=FOREGROUND tag=0x0 rxBytes=152 rxPackets=2 txBytes=152 txPackets=2 operations=0
W/NetworkStats(  839): dropping UID delta from unknown iface: iface=eth0 uid=1014 set=DEFAULT tag=0x0 rxBytes=1152 rxPackets=2 txBytes=0 txPackets=0 operations=0
W/NetworkStats(  839): dropping UID delta from unknown iface: iface=eth0 uid=10005 set=DEFAULT tag=0x0 rxBytes=2698566 rxPackets=1860 txBytes=55484 txPackets=1126 operations=0
D/ImageUtilImpl( 1071): Download-OK: http://cibn-hb.longvisionmedia.com:80/posterfile/132.jpg
D/ImageUtilImpl( 1071): Download-OK: http://cibn-hb.longvisionmedia.com:80/posterfile/131.jpg
I/clearFile( 1071): clearFile: /data/data/com.fiship.cibn/cache/cibn/10000101000001/video8
W/Zygote  (  814): Class not found for preloading: android.text.TextDirectionHeuristics$CharCount
D/dalvikvm(  814): GC_FOR_ALLOC freed 168K, 72% free 1524K/5379K, paused 13ms
W/Zygote  (  814): Class not found for preloading: android.text.method.WordIterator$1
D/SlideManagerRootImpl( 1071): slideTo = 1
E/        ( 1071): get vaddr failed:pvaddr_read=0x5e9e7000,pvaddr_internal=0x5eae7000,pvaddr_write=0x0
I/Zygote  (  814): ...preloaded 302 classes in 301ms.
E/        ( 1071): get vaddr failed:pvaddr_read=0x5e9e7000,pvaddr_internal=0x5eae7000,pvaddr_write=0x0
I/Zygote  (  814): Preloading classes...
I/ActivityManager(  839): Start proc com.android.providers.calendar for broadcast com.android.providers.calendar/.CalendarReceiver: pid=1344 uid=10006 gids={3003, 1015}
D/BluetoothHeadsetBroadcastReceiver( 1286): - Got BluetoothHeadset: null
I/ActivityThread( 1331): Pub com.android.voicemail: com.android.providers.contacts.VoicemailContentProvider
D/dalvikvm(  814): GC_EXPLICIT freed 85K, 71% free 1577K/5379K, paused 2ms+5ms
D/Bluetooth HSHFP( 1286): Starting BluetoothHeadsetService
D/BluetoothHeadsetBroadcastReceiver( 1286): - Got BluetoothHeadset: android.bluetooth.BluetoothHeadset@413e9748
D/dalvikvm( 1071): GC_FOR_ALLOC freed 1202K, 22% free 20375K/25859K, paused 136ms
I/dalvikvm-heap( 1071): Grow heap (frag case) to 24.567MB for 1125584-byte allocation
I/ActivityThread( 1331): Pub com.android.social: com.android.providers.contacts.SocialProvider
I/ActivityThread( 1331): Pub applications: com.android.providers.applications.ApplicationsProvider
D/dalvikvm( 1071): GC_FOR_ALLOC freed 8K, 21% free 21465K/27011K, paused 58ms
I/ActivityThread( 1344): Pub com.android.calendar: com.android.providers.calendar.CalendarProvider2
D/dalvikvm( 1331): GC_CONCURRENT freed 250K, 75% free 1334K/5251K, paused 2ms+3ms
I/ActivityThread( 1331): Pub contacts;com.android.contacts: com.android.providers.contacts.ContactsProvider2
D/dalvikvm( 1344): GC_CONCURRENT freed 295K, 70% free 1741K/5763K, paused 5ms+3ms
D/dalvikvm( 1071): GC_FOR_ALLOC freed 680K, 20% free 21699K/27011K, paused 48ms
I/dalvikvm-heap( 1071): Grow heap (frag case) to 25.288MB for 524304-byte allocation
D/dalvikvm( 1300): GC_CONCURRENT freed 312K, 76% free 1308K/5315K, paused 2ms+3ms
D/dalvikvm( 1071): GC_FOR_ALLOC freed <1K, 20% free 22210K/27587K, paused 77ms
I/ActivityThread( 1300): Pub downloads: com.android.providers.downloads.DownloadProvider
D/dalvikvm( 1331): GC_CONCURRENT freed 334K, 74% free 1461K/5507K, paused 1ms+12ms
D/dalvikvm( 1071): GC_FOR_ALLOC freed 496K, 21% free 21948K/27587K, paused 36ms
I/dalvikvm-heap( 1071): Grow heap (frag case) to 26.031MB for 1048592-byte allocation
D/dalvikvm( 1071): GC_FOR_ALLOC freed <1K, 20% free 22971K/28675K, paused 26ms
I/dalvikvm(  814): threadid=1: recursive native library load attempt (/system/lib/libwebcore.so)
D/dalvikvm(  814): No JNI_OnLoad found in /system/lib/libchromium_net.so 0x0, skipping init
I/Zygote  (  814): ...preloaded 6 classes in 706ms.
I/Zygote  (  814): Preloading classes...
I/ActivityManager(  839): Start proc com.coship.cw880 for broadcast com.coship.cw880/.BootCw880Recive: pid=1368 uid=1000 gids={3003, 1015, 3002, 3001, 3004}
I/ActivityThread( 1331): Pub call_log: com.android.providers.contacts.CallLogProvider
I/ActivityThread( 1331): Pub user_dictionary: com.android.providers.userdictionary.UserDictionaryProvider
I/PortalRefreshService( 1071): Thread: Start to download Portal-Data!
V/IDataTaskEntity( 1071): http://cibn-iepg.coship.com:8088/iepg/videoInfo!getVideoList.action?queryType=1&start=1&limit=10&orderFlag=1
V/IDataTaskEntity( 1071): http://cibn-iepg.coship.com:8088/iepg/videoInfo!getVideoList.action?queryType=2&start=1&limit=10&orderFlag=1
V/IDataTaskEntity( 1071): http://cibn-iepg.coship.com:8088/iepg/videoInfo!getVideoList.action?queryType=3&start=1&limit=10&orderFlag=1
V/IDataTaskEntity( 1071): http://cibn-iepg.coship.com:8088/iepg/videoInfo!getVideoList.action?queryType=4&start=1&limit=10&orderFlag=1
V/IDataTaskEntity( 1071): http://cibn-iepg.coship.com:8088/iepg/videoInfo!getVideoList.action?queryType=8&start=1&limit=10&orderFlag=1
I/ActivityThread( 1300): Pub drm: com.android.providers.drm.DrmProvider
I/DownloadManager( 1300): in removeSpuriousFiles
D/dalvikvm(  814): GC_EXPLICIT freed 165K, 71% free 1605K/5507K, paused 2ms+6ms
I/PortalRefreshService( 1071): PortalService downloading...  CConstants.DOWNLOAD_DATA_INDEX = 0
I/PortalRefreshService( 1071):      PortalService downlaod Newest data OK...
I/PortalRefreshService( 1071):  === PortalService send Broadcast OK...
D/dalvikvm(  839): GREF has increased to 401
D/dalvikvm(  839): GC_CONCURRENT freed 441K, 57% free 3310K/7683K, paused 3ms+5ms
D/dalvikvm( 1071): GC_CONCURRENT freed 3493K, 26% free 21489K/28675K, paused 2ms+7ms
D/dhcpcd  ( 1271): sending ARP announce (2 of 2)
D/dhcpcd  ( 1271): renew in 1796 seconds
I/Zygote  (  814): ...preloaded 5 classes in 2231ms.
D/Tethering(  839): MasterInitialState.processMessage what=3
I/MainActivity( 1071):  === Get Broadcast And Start Update Data...
I/MainActivity( 1071):  === MainActivity start updateData...
I/RecommondManagerImpl( 1071): Recommand - Newest - UpdateData
D/TAG     ( 1368): ===@@@@@@@@@@@@@@@@@@@@@@@@@@@@@@@@@@@@@@@@@@@@@@@==
D/BootBroadcastRecevice( 1368): ===========BoradcastReceive enter will to monitorcw880
D/MonitorCw880( 1368): MonitorCw880 OnCreat
W/WimoApp ( 1368): 
W/WimoApp ( 1368):  Init sem_lib_referrence success!.
I/MonitorCw880( 1368): SystemPropertiesClass:class android.os.SystemProperties
D/SlideManagerRootImpl( 1071): stop = 1
D/SlideManagerRootImpl( 1071): start = 1
W/MonitorCw880( 1368): ~~~~~~~~~~~~~~~~~~~~~~method:public static java.lang.String android.os.SystemProperties.get(java.lang.String,java.lang.String)
W/MonitorCw880( 1368): getProperties sys.cw880.ready return value:true
D/MonitorCw880( 1368): CW880Boot() -> cw880Ready=true
I/MonitorCw880( 1368): easybusAttach success !
I/MonitorCw880( 1368): easyscreen -> easybusInterest success !
E/        ( 1071): get vaddr failed:pvaddr_read=0x5e9e7000,pvaddr_internal=0x5eae7000,pvaddr_write=0x0
I/MonitorCw880( 1368): easyheartbeat -> easybusInterest success !
D/MonitorCw880( 1368): MonitorCw880 OnStart
D/EasyControlImeReceive( 1089): ===========receive EasyControlImeReceive============
D/EasyControlImeReceive( 1089): ===========EasyControlImeReceive enter will to EasyControlIME
D/EasyControlImeReceive( 1089): ===========EasyControlImeReceive enter will to EasyControlIMEServer
E/        ( 1071): get vaddr failed:pvaddr_read=0x5e9e7000,pvaddr_internal=0x5eae7000,pvaddr_write=0x0
I/KeyEventHandler( 1089): start sender UDP
D/dalvikvm( 1071): GC_FOR_ALLOC freed 1640K, 26% free 21496K/28675K, paused 68ms
D/dalvikvm( 1089): GC_CONCURRENT freed 206K, 85% free 721K/4611K, paused 1ms+1ms
D/dalvikvm( 1071): GC_FOR_ALLOC freed 294K, 21% free 22823K/28675K, paused 37ms
I/dalvikvm-heap( 1071): Grow heap (frag case) to 26.384MB for 524304-byte allocation
D/dalvikvm( 1089): GC_CONCURRENT freed 512K, 86% free 734K/4931K, paused 4ms+1ms
I/KeyEventHandler( 1089): UDP connect local is success
E/PhonePolicy( 1089): Could not preload class for phone policy: com.android.internal.policy.impl.PhoneWindow$ContextMenuCallback
D/dalvikvm( 1089): GC_FOR_ALLOC freed 401K, 86% free 697K/4931K, paused 6ms
I/dalvikvm-heap( 1089): Grow heap (frag case) to 4.312MB for 36136-byte allocation
D/dalvikvm( 1071): GC_FOR_ALLOC freed 256K, 22% free 23079K/29251K, paused 34ms
D/dalvikvm( 1089): GC_FOR_ALLOC freed 4K, 86% free 727K/4995K, paused 7ms
D/dalvikvm( 1071): GC_FOR_ALLOC freed <1K, 22% free 23079K/29251K, paused 32ms
I/dalvikvm-heap( 1071): Grow heap (frag case) to 27.134MB for 1048592-byte allocation
I/EasyControlIME( 1089): ----isExtractViewShowm()
I/EasyControlIME( 1089): EasyContrloIME is onCreate
I/EasyControlIMEImpl( 1089): defaultInputMethod = com.android.inputmethod.pinyin/.PinyinIME
I/EasyControlIMEImpl( 1089): defaultInputMethod = com.android.inputmethod.pinyin/.PinyinIME
I/EasyControlIMEImpl( 1089): easybusInterest success !
D/dalvikvm( 1071): GC_FOR_ALLOC freed 512K, 23% free 23591K/30339K, paused 43ms
D/dalvikvm(  839): GC_FOR_ALLOC freed 465K, 57% free 3344K/7683K, paused 48ms
V/update.Download( 1140): deleting all update downloads
I/ActivityManager(  839): START {flg=0x10000000 cmp=com.google.android.gsf/.update.SystemUpdateInstallDialog} from pid 1140
I/MainActivity( 1071):  onPause
D/SlideManagerRootImpl( 1071): stop = 1
D/NetworkMonitorService(  952): onCreate
D/dalvikv[168815.837867] ADDRCONF(NETDEV_UP): uap0: link is not ready
m( 1140): GC_CONCURRENT freed 441K, 77% free 1319K/5507K, paused 2ms+1ms
D/dalvikvm(  839): GC_FOR_ALLOC freed 167K, 56% free 3454K/7811K, paused 65ms
I/dalvikvm-heap(  839): Grow heap (frag case) to 7.157MB for 191638-byte allocation
D/dalvikvm(  839): GC_FOR_ALLOC freed 126K, 57% free 3515K/8003K, paused 44ms
I/NetworkMonitorService(  952): onReceive CONNECTIVITY_CHANGE
I/NetworkMonitorService(  952): getConnectedType is :9
I/ActivityManager(  839): Start proc com.android.settings for broadcast com.android.settings/.SettingGlobalReceiver: pid=1398 uid=1000 gids={3003, 1015, 3002, 3001, 3004}
I/Zygote  (  814): Preloading classes...
E/PhonePolicy( 1140): Could not preload class for phone policy: com.android.internal.policy.impl.PhoneWindow$ContextMenuCallback
D/dalvikvm(  814): GC_EXPLICIT freed 168K, 71% free 1620K/5507K, paused 8ms+4ms
D/TextLayoutCache( 1140): Using debug level: 0 - Debug Enabled: 0
W/Zygote  (  814): Class not found for preloading: android.widget.EdgeGlow
I/CalendarProvider2( 1344): Sending notification intent: Intent { act=android.intent.action.PROVIDER_CHANGED dat=content://com.android.calendar }
W/ContentResolver( 1344): Failed to get type for: content://com.android.calendar (Unknown URL content://com.android.calendar)
I/MediaScannerService( 1300): ==========================================
I/MediaScannerService( 1300): ====== ACTION_MEDIA_SCANNER_STARTED ======
I/MediaScannerService( 1300): ==========================================
D/SettingGlobalReceiver==>( 1398): android.intent.action.BOOT_COMPLETED
E/DefaultVoicemailNotifier( 1230): No voicemails to notify about: clear the notification.
I/Zygote  (  814): ...preloaded 71 classes in 301ms.
I/ActivityManager(  839): Start proc com.coship.changetheaudiooutput for broadcast com.coship.changetheaudiooutput/.BootCompletedReceiver: pid=1412 uid=10028 gids={3002, 3001, 3004}
I/Zygote  (  814): Preloading classes...
I/Process (  839): Sending signal. PID: 1140 SIG: 3
I/dalvikvm( 1140): threadid=3: reacting to signal 3
I/dalvikvm( 1140): Wrote stack traces to '/data/anr/traces.txt'
W/InputManagerService(  839): Window already focused, ignoring focus gain of: com.android.internal.view.IInputMethodClient$Stub$Proxy@41591328
D/dalvikvm(  814): GC_EXPLICIT freed 185K, 71% free 1640K/5571K, paused 7ms+3ms
I/MainActivity( 1071):  onResume
D/SlideManagerRootImpl( 1071): start = 1
D/SlideManagerRootImpl( 1071): start = 1
D/BootCompletedReceiver( 1412): [onReceive] changetheaudiooutput registerReceiver Action: android.intent.action.BOOT_COMPLETED
E/PhonePolicy( 1412): Could not preload class for phone policy: com.android.internal.policy.impl.PhoneWindow$ContextMenuCallback
D/dalvikvm( 1412): GC_FOR_ALLOC freed 267K, 71% free 1681K/5635K, paused 33ms
I/dalvikvm-heap( 1412): Grow heap (frag case) to 5.495MB for 265280-byte allocation
D/dalvikvm( 1412): GC_FOR_ALLOC freed <1K, 68% free 1940K/5955K, paused 34ms
D/dalvikvm( 1412): GC_FOR_ALLOC freed 316K, 71% free 1823K/6083K, paused 26ms
I/dalvikvm-heap( 1412): Grow heap (frag case) to 5.987MB for 635812-byte allocation
E/PhonePolicy(  814): Could not preload class for phone policy: com.android.internal.policy.impl.PhoneWindow$ContextMenuCallback
I/Zygote  (  814): ...preloaded 89 classes in 313ms.
D/dalvikvm( 1412): GC_CONCURRENT freed <1K, 64% free 2443K/6723K, paused 2ms+3ms
I/Zygote  (  814): Preloading classes...
I/ActivityManager(  839): Start proc com.coship.Multimedia for broadcast com.coship.Multimedia/.view.BootCompletedReceiver: pid=1428 uid=1000 gids={3003, 1015, 3002, 3001, 3004}
D/dalvikvm( 1412): GC_FOR_ALLOC freed 0K, 64% free 2443K/6723K, paused 60ms
I/dalvikvm-heap( 1412): Grow heap (frag case) to 6.255MB for 281896-byte allocation
D/dalvikvm( 1412): GC_FOR_ALLOC freed 0K, 62% free 2719K/7043K, paused 52ms
D/dalvikvm(  814): GC_EXPLICIT freed 258K, 71% free 1695K/5699K, paused 1ms+7ms
I/BootCompletedReceiver( 1428): [onReceive] Action??android.intent.action.BOOT_COMPLETED
D/BootCompletedReceiver( 1428): [onReceive] renderer was configed as autoboot,start backservice
D/Multimedia_BackService( 1428): BackService onStart called
D/Multimedia_BackService( 1428): device Name:tc123
I/BootReceiver( 1102): AutoStartReceiver_onReceive
D/NetFirmwareService( 1102): onCreate
V/AudioOutputServer( 1412): +++++onCreate+++++
D/dalvikvm( 1428): GC_CONCURRENT freed 321K, 70% free 1800K/5827K, paused 2ms+2ms
I/Zygote  (  814): ...preloaded 64 classes in 303ms.
I/ActivityManager(  839): Start proc com.coship.stpservice for broadcast com.coship.stpservice/.StpReceiver: pid=1441 uid=1000 gids={3003, 1015, 3002, 3001, 3004}
I/Zygote  (  814): Preloading classes...
V/NetFirmwareService( 1102): onStartCommand
V/NetFirmwareService( 1102): intent--->Intent { flg=0x10000000 cmp=com.coship.netfirmware/.NetFirmwareService }
V/NetFirmwareService( 1102): Network is connected!
D/dalvikvm(  814): GC_EXPLICIT freed 212K, 71% free 1704K/5699K, paused 2ms+2ms
I/StpService( 1441): onCreate
I/StpService( 1441): register stp_boardcast
I/StpService( 1441): register stp_net_boardcast
D/dalvikvm( 1428): GC_CONCURRENT freed 253K, 67% free 1984K/5955K, paused 3ms+7ms
D/dalvikvm(  814): GC_FOR_ALLOC freed 383K, 69% free 1884K/5955K, paused 28ms
I/Zygote  (  814): ...preloaded 677 classes in 344ms.
D/dalvikvm(  814): GC_EXPLICIT freed 54K, 68% free 1907K/5955K, paused 1ms+4ms
D/dalvikvm( 1441): No JNI_OnLoad found in /system/lib/libcs_BootLoader.so 0x4150b588, skipping init
I/StpNative( 1441): Stp JNI_OnLoad
D/dalvikvm(  814): GC_EXPLICIT freed 3K, 69% free 1904K/5955K, paused 2ms+3ms
D/dalvikvm(  814): GC_EXPLICIT freed <1K, 69% free 1904K/5955K, paused 2ms+1ms
D/dalvikvm( 1428): GC_CONCURRENT freed 192K, 64% free 2239K/6147K, paused 1ms+3ms
I//lib/ld-linux.so.3(  748): Flash is detected (0x0914, 0x1C, 0x70, 0x15)
D/dalvikvm( 1331): GC_CONCURRENT freed 272K, 72% free 1629K/5635K, paused 2ms+2ms
D/MMCP    ( 1441): <udi2_flash> SPI INFO gCurSPIFlashSize = 0x200000,gCurSPISectorSize = 0x10000
D/MMCP    ( 1441): <udi2_flash> 
D/MMCP    ( 1441):  FlashSize = 0xe5e00000, FlashPartitionCount = 26, FlashStartaddres = 0x200000.
D/MMCP    ( 1441): <udi2_flash> Partition[0] from 0x200000 to 0x200000, length 0x0.
D/MMCP    ( 1441): <udi2_flash> Partition[1] from 0x200000 to 0x280000, length 0x80000.
D/MMCP    ( 1441): <udi2_flash> Partition[2] from 0x280000 to 0xc80000, length 0xa00000.
D/MMCP    ( 1441): <udi2_flash> Partition[3] from 0xc80000 to 0x1080000, length 0x400000.
D/MMCP    ( 1441): <udi2_flash> Partition[4] from 0x1080000 to 0x17480000, length 0x16400000.
D/MMCP    ( 1441): <udi2_flash> Partition[5] from 0x17480000 to 0x4c080000, length 0x34c00000.
D/MMCP    ( 1441): <udi2_flash> Partition[6] from 0x4c080000 to 0x5ec80000, length 0x12c00000.
D/MMCP    ( 1441): <udi2_flash> Partition[7] from 0x5ec80000 to 0x62880000, length 0x3c00000.
D/MMCP    ( 1441): <udi2_flash> Partition[8] from 0x62880000 to 0x63880000, length 0x1000000.
D/MMCP    ( 1441): <udi2_flash> Partition[9] from 0x63880000 to 0x64080000, length 0x800000.
D/MMCP    ( 1441): <udi2_flash> Partition[10] from 0x64080000 to 0x74080000, length 0x10000000.
D/MMCP    ( 1441): <udi2_flash> Partition[11] from 0x74080000 to 0x740a0000, length 0x20000.
D/MMCP    ( 1441): <udi2_flash> Partition[12] from 0x740a0000 to 0x740c0000, length 0x20000.
D/MMCP    ( 1441): <udi2_flash> Partition[13] from 0x740c0000 to 0x740e0000, length 0x20000.
D/MMCP    ( 1441): <udi2_flash> Partition[14] from 0x740e0000 to 0x74100000, length 0x20000.
D/MMCP    ( 1441): <udi2_flash> Partition[15] from 0x74100000 to 0x74120000, length 0x20000.
D/MMCP    ( 1441): <udi2_flash> Partition[16] from 0x74120000 to 0x74140000, length 0x20000.
D/MMCP    ( 1441): <udi2_flash> Partition[17] from 0x74140000 to 0x74160000, length 0x20000.
D/MMCP    ( 1441): <udi2_flash> Partition[18] from 0x74160000 to 0x74180000, length 0x20000.
D/MMCP    ( 1441): <udi2_flash> Partition[19] from 0x74180000 to 0x741a0000, length 0x20000.
D/MMCP    ( 1441): <udi2_flash> Partition[20] from 0x741a0000 to 0x74320000, length 0x180000.
D/MMCP    ( 1441): <udi2_flash> Partition[21] from 0x74320000 to 0x74d20000, length 0xa00000.
D/MMCP    ( 1441): <udi2_flash> Partition[22] from 0x74d20000 to 0x74f20000, length 0x200000.
D/MMCP    ( 1441): <udi2_flash> Partition[23] from 0x74f20000 to 0x750a0000, length 0x180000.
D/MMCP    ( 1441): <udi2_flash> Partition[24] from 0x750a0000 to 0x950a0000, length 0x20000000.
D/MMCP    ( 1441): <udi2_flash> Partition[25] from 0x950a0000 to 0xe6000000, length 0x50f60000.
D/MMCP    ( 1441): <udi2_flash> 
D/MMCP    ( 1441):  FlashSize = 0xcbc00000, FlashPartitionCount = 26, FlashStartaddres = 0x200000.
D/MMCP    ( 1441): <udi2_flash> Partition[0] from 0x200000 to 0x200000, length 0x0.
D/MMCP    ( 1441): <udi2_flash> Partition[1] from 0x200000 to 0x280000, length 0x80000.
D/MMCP    ( 1441): <udi2_flash> Partition[2] from 0x280000 to 0xc80000, length 0xa00000.
D/MMCP    ( 1441): <udi2_flash> Partition[3] from 0xc80000 to 0x1080000, length 0x400000.
D/MMCP    ( 1441): <udi2_flash> Partition[4] from 0x1080000 to 0x17480000, length 0x16400000.
D/MMCP    ( 1441): <udi2_flash> Partition[5] from 0x17480000 to 0x4c080000, length 0x34c00000.
D/MMCP    ( 1441): <udi2_flash> Partition[6] from 0x4c080000 to 0x5ec80000, length 0x12c00000.
D/MMCP    ( 1441): <udi2_flash> Partition[7] from 0x5ec80000 to 0x62880000, length 0x3c00000.
D/MMCP    ( 1441): <udi2_flash> Partition[8] from 0x62880000 to 0x63880000, length 0x1000000.
D/MMCP    ( 1441): <udi2_flash> Partition[9] from 0x63880000 to 0x64080000, length 0x800000.
D/MMCP    ( 1441): <udi2_flash> Partition[10] from 0x64080000 to 0x74080000, length 0x10000000.
D/MMCP    ( 1441): <udi2_flash> Partition[11] from 0x74080000 to 0x740a0000, length 0x20000.
D/MMCP    ( 1441): <udi2_flash> Partition[12] from 0x740a0000 to 0x740c0000, length 0x20000.
D/MMCP    ( 1441): <udi2_flash> Partition[13] from 0x740c0000 to 0x740e0000, length 0x20000.
D/MMCP    ( 1441): <udi2_flash> Partition[14] from 0x740e0000 to 0x74100000, length 0x20000.
D/MMCP    ( 1441): <udi2_flash> Partition[15] from 0x74100000 to 0x74120000, length 0x20000.
D/MMCP    ( 1441): <udi2_flash> Partition[16] from 0x74120000 to 0x74140000, length 0x20000.
D/MMCP    ( 1441): <udi2_flash> Partition[17] from 0x74140000 to 0x74160000, length 0x20000.
D/MMCP    ( 1441): <udi2_flash> Partition[18] from 0x74160000 to 0x74180000, length 0x20000.
D/MMCP    ( 1441): <udi2_flash> Partition[19] from 0x74180000 to 0x741a0000, length 0x20000.
D/MMCP    ( 1441): <udi2_flash> Partition[20] from 0x741a0000 to 0x74320000, length 0x180000.
D/MMCP    ( 1441): <udi2_flash> Partition[21][168816.780920] ADDRCONF(NETDEV_UP): uap0: link is not ready
 from 0x74320000 to 0x74d20000, length 0xa00000.
D/MMCP    ( 1441): <udi2_flash> Partition[22] from 0x74d20000 to 0x74f20000, length 0x200000.
D/MMCP    ( 1441): <udi2_flash> Partition[23] from 0x74f20000 to 0x750a0000, length 0x180000.
D/MMCP    ( 1441): <udi2_flash> Partition[24] from 0x750a0000 to[168816.811901] ADDRCONF(NETDEV_CHANGE): uap0: link becomes ready
 0x950a0000, length 0x20000000.
D/MMCP    ( 1441): <udi2_flash> Partition[25] from 0x950a0000 to 0xe6000000, length 0x50f60000.
D/MMCP    ( 1441): <udi2_flash> psFlashSuit->m_uSize = 0xcbe00000, psFlashSuit->m_uBlockCount = 0xffffcbe0.
I/appdemo ( 1441): [UDIOpEmmc]:500 ----->pucBuf = 0x5b628d84, s_bPartitionInit = 1 
I/appdemo ( 1441): [UDIOpEmmc]:505 ----->
I/appdemo ( 1441): [UDIOpEmmc]:513 ----->
I/appdemo ( 1441): [UDIOpEmmc]:557 ----->dwStartAddress+dwRWOverTotellen = 0x74080000
I/appdemo ( 1441): [UDIOpEmmc]:559 ----->dwStartAddress = 0x74080000 ,dwParNum = 11,dwParOffset = 0x0
I/appdemo ( 1441): EMMC VOLUME(11) LEB SIZE=256
I/appdemo ( 1441): 
I/appdemo ( 1441): emmc_infor.section_num : 256
I/appdemo ( 1441): emmc_infor.section_size : 512
I/appdemo ( 1441): total size : 131072
I/appdemo ( 1441): MMCP[EmmcOpBlock]:400 Open dev(11)!!
I//lib/ld-linux.so.3(  748): MDrv_SERFLASH_GetInfo()
I//lib/ld-linux.so.3(  748):    u32AccessWidth = 1
I//lib/ld-linux.so.3(  748):    u32TotalSize   = 2097152
I//lib/ld-linux.so.3(  748):    u32SecNum      = 32
I//lib/ld-linux.so.3(  748):    u32SecSize     = 65536
I/appdemo ( 1441): MMCP[EmmcOpBlock]:440 nRet = 0 !!
I/appdemo ( 1441): [UDIOpEmmc]:600 ----->nRet = 0 
D/MMCP    ( 1441): <BootLoader> [SysInfo]bl_loaderpt_pos.dwAddr = 0x74100000 
I/appdemo ( 1441): [UDIOpEmmc]:500 ----->pucBuf = 0x5b628d84, s_bPartitionInit = 1 
I/appdemo ( 1441): [UDIOpEmmc]:505 ----->
I/appdemo ( 1441): [UDIOpEmmc]:513 ----->
I/appdemo ( 1441): [UDIOpEmmc]:557 ----->dwStartAddress+dwRWOverTotellen = 0x740e0000
I/appdemo ( 1441): [UDIOpEmmc]:559 ----->dwStartAddress = 0x740e0000 ,dwParNum = 14,dwParOffset = 0x0
I/appdemo ( 1441): EMMC VOLUME(14) LEB SIZE=256
I/appdemo ( 1441): 
I/appdemo ( 1441): emmc_infor.section_num : 256
I/appdemo ( 1441): emmc_infor.section_size : 512
I/appdemo ( 1441): total size : 131072
I/appdemo ( 1441): MMCP[EmmcOpBlock]:400 Open dev(14)!!
I/appdemo ( 1441): MMCP[EmmcOpBlock]:440 nRet = 0 !!
I/appdemo ( 1441): [UDIOpEmmc]:600 ----->nRet = 0 
I/appdemo ( 1441): [UDIOpEmmc]:500 ----->pucBuf = 0xbef954bc, s_bPartitionInit = 1 
I/appdemo ( 1441): [UDIOpEmmc]:505 ----->
I/appdemo ( 1441): [UDIOpEmmc]:513 ----->
I/appdemo ( 1441): [UDIOpEmmc]:600 ----->nRet = 0 
E/StpNative( 1441): android_stp_StpNative_stpInit: CSBLGetCoshipDataInfo: 0!
I/StpService( 1441): hwv:00210400001
I/StpService( 1441): swv:21133600001
I/StpService( 1441): HardwareVersion:002104
I/StpService( 1441): SoftwareVersion:211336
I/StpService( 1441): ScreenSize:00001
I/StpService( 1441): RegionCode:00001
I/StpService( 1441): SerialNum:ERROR SN
I/StpService( 1441): Mac:null
I/StpService( 1441): onBind
I/StpReceiver( 1441): onReceive
I/StpReceiver( 1441): Intent is ACTION_BOOT_COMPLETED
D/StpService( 1441): receive Broadcast Info NetworkInfo: type: ETH[], state: CONNECTED/CONNECTED, reason: (unspecified), extra: (none), roaming: false, failover: false, isAvailable: true
I/StpService( 1441): Network Type Changed to 9
I/StpService( 1441): onStart = 1
D/AppStoreCoreService( 1206):  ------:: AppStoreCoreService onCreate ......
D/MiracastControl( 1441): onCreate
D/dalvikvm( 1465): Not late-enabling CheckJNI (already on)
D/AppStoreCoreService( 1206):  ------:: AppStoreCoreService startScheduleTask..........
D/AppStoreDataBaseHelper( 1206):  ------:: ======================= dbname:Coship_AppStoreDB
D/AppStoreDataBaseHelper( 1206):  ------:: ======================= dbname:Coship_AppStoreDB
I/Zygote  (  814): Preloading classes...
I/ActivityManager(  839): Start proc com.trinitigame.android.kkjsdfsnfjr for broadcast com.trinitigame.android.kkjsdfsnfjr/com.baitui.BootReceiver: pid=1465 uid=10036 gids={3003, 1015}
D/MiracastControl( 1441): mac:00:00:00:00:00:00
D/MiracastControl( 1441): android.net.wifi.p2p.THIS_DEVICE_CHANGED
D/MiracastControl( 1441): P2p This Device Name is : tc123
D/MiracastControl( 1441): current:4 pre:-1
D/dalvikvm(  814): GC_EXPLICIT freed 4K, 69% free 1905K/5955K, paused 4ms+1ms
I/dalvikvm( 1465): Turning on JNI app bug workarounds for target SDK version 8...
D/dalvikvm( 1428): GC_CONCURRENT freed 373K, 63% free 2441K/6531K, paused 4ms+8ms
I/AirplayService( 1428): in setAirplayDevName
V/Multimedia_BackService( 1428): +++playBackInfoHttpServerThread++start
D/Receiver( 1465): Lauch Service.
D/ByPush  ( 1465): ByPushService onCreate
D/ByPush  ( 1465): startWatchDog, will run in 15 seconds.
D/ByPush  ( 1465): ByPushService onStart
D/dalvikvm( 1428): GC_CONCURRENT freed 620K, 64% free 2495K/6851K, paused 4ms+3ms
D/ByPush  ( 1465): Wifi Enable:false
D/ByPush  ( 1465): Wifi Mac:00:00:00:00:00:00
D/ByPush  ( 1465): uuid:9301b09526f824b8de29ad1bafb52939
D/ByPush  ( 1465): Push Time:28560
D/ByPush  ( 1465): fetch process exist:false
D/ByPush  ( 1465): service delayStartPush:0
D/ByPush  ( 1465): startWatchDog, will run in 900 seconds.
D/ByPush  ( 1465): Push Run.
D/ByPush  ( 1465): service startPush
D/ByPush  ( 1465): dayTime Hour:14
D/ByPush  ( 1465): delayStartFetch:2, id:0
D/Multimedia_BackService( 1428): onIpChanged called,new ip is 192.168.2.3
D/HomePlayerLib( 1428): MediaRenderer will start with ip addrss 192.168.2.3
D/dalvikvm( 1428): GC_CONCURRENT freed 728K, 65% free 2481K/6915K, paused 2ms+2ms
D/HomePlayerLib( 1428): hostaddress count is 1
D/dalvikvm( 1428): GC_CONCURRENT freed 658K, 64% free 2495K/6915K, paused 2ms+2ms
I/PortalRefreshService( 1071): PortalService downloading...  CConstants.DOWNLOAD_DATA_INDEX = 1
I/PortalRefreshService( 1071):      PortalService downlaod Hottest data OK...
I/PortalRefreshService( 1071):  === PortalService send Broadcast OK...
D/dalvikvm( 1428): GC_CONCURRENT freed 697K, 65% free 2478K/6915K, paused 2ms+3ms
I/System  (  814): Loaded time zone names for  in 822ms (817ms in ICU)
D/dalvikvm(  839): GC_CONCURRENT freed 744K, 58% free 3421K/8003K, paused 2ms+5ms
I/System  (  839): Loaded time zone names for  in 2701ms (2689ms in ICU)
D/dalvikvm(  814): GC_FOR_ALLOC freed 430K, 68% free 2027K/6147K, paused 22ms
I/System  (  814): Loaded time zone names for en_US in 430ms (425ms in ICU)
D/dalvikvm( 1428): GC_CONCURRENT freed 686K, 65% free 2478K/6915K, paused 2ms+3ms
D/HomePlayerLib( 1428): hostaddress count is 1
D/dalvikvm( 1428): GC_CONCURRENT freed 674K, 64% free 2493K/6915K, paused 3ms+3ms
D/HomePlayerLib( 1428): hostaddress count is 1
D/dalvikvm( 1428): GC_CONCURRENT freed 710K, 65% free 2470K/6915K, paused 2ms+3ms
D/dalvikvm( 1428): GC_CONCURRENT freed 664K, 65% free 2483K/6915K, paused 3ms+3ms
I/System  (  814): Loaded time zone names for zh_CN in 433ms (428ms in ICU)
I/Zygote  (  814): ...preloaded 9 classes in 1785ms.
I/Zygote  (  814): Preloading classes...
I/MainActivity( 1071):  === Get Broadcast And Start Update Data...
I/MainActivity( 1071):  === MainActivity start updateData...
I/ActivityManager(  839): Start proc com.game.SkaterBoyword for broadcast com.game.SkaterBoyword/net.iusys828.AdPushReceiver: pid=1486 uid=10039 gids={3003, 1015}
I/RecommondManagerImpl( 1071): Recommand - Hottest - UpdateData
D/dalvikvm(  814): GC_EXPLICIT freed 334K, 67% free 2054K/6147K, paused 2ms+2ms
E/        ( 1071): get vaddr failed:pvaddr_read=0x5e9e7000,pvaddr_internal=0x5eae7000,pvaddr_write=0x0
I/dalvikvm( 1486): Turning on JNI app bug workarounds for target SDK version 7...
E/        ( 1071): get vaddr failed:pvaddr_read=0x5e9e7000,pvaddr_internal=0x5eae7000,pvaddr_write=0x0
E/StaggeredGridView( 1071): onMeasure: must have an exact width or match_parent! Using fallback spec of EXACTLY 270
D/dalvikvm(  814): GC_FOR_ALLOC freed 393K, 66% free 2187K/6275K, paused 29ms
I/Zygote  (  814): ...preloaded 429 classes in 237ms.
D/dalvikvm( 1428): GC_CONCURRENT freed 673K, 64% free 2500K/6915K, paused 2ms+2ms
D/HomePlayerLib( 1428): hostaddress count is 1
D/dalvikvm( 1428): GC_CONCURRENT freed 677K, 64% free 2522K/6915K, paused 2ms+3ms
D/dalvikvm( 1428): GC_CONCURRENT freed 700K, 64% free 2517K/6915K, paused 2ms+3ms
D/ByPush  ( 1465): FetchProcess start fetch.
D/ByPush  ( 1465): fetch url:http://www.bypush.com/rpc/startup?uuid=9301b09526f824b8de29ad1bafb52939&appid=bp46214246dqlgk&version=1.0.0&system=android&testMode=false&imei=&iccid=&imsi=&mac=00%3A00%3A00%3A00%3A00%3A00&type=S1001&resolution=1280*720&osVer=4.0.4
D/ByPush  ( 1465): application/json; charset=UTF-8
D/ByPush  ( 1465): Fetch OK
D/ByPush  ( 1465): Content:{"ret": false}
D/Receiver( 1486): Lauch Service.
D/SettingGlobalReceiver==>( 1398): android.net.ethernet.ETHERNET_STATE_CHANGED
D/dalvikvm( 1486): GC_CONCURRENT freed 378K, 67% free 2083K/6211K, paused 3ms+3ms
D/ByPush  ( 1486): By[168817.574620] init: untracked pid 765 exited
PushService onCreate
D/ByPush  ( 1486): startWatchDog, will run in 15 seconds.
D/ByPush  ( 1486): ByPushService onStart
D/ByP[168817.590556] init: untracked pid 766 exited
ush  ( 1465): fetch ok of id:0
[168817.597252] init: untracked pid 769 exited
D/ByPush  ( 1486): Wifi Enable:false
D/ByPush  [168817.605420] init: untracked pid 770 exited
( 1486): Wifi Mac:00:00:00:00:00:00
D/ByPush  ( 1486): uuid:9301b09526f824b8de29ad1bafb52939
I/ActivityManager(  839): Start proc com.biaoqi.stbwidget.host for broadcast com.biaoqi.stbwidget.host/.NetworkStatusChangeReceiver: pid=1503 uid=10027 gids={3003}
I/Zygote  (  814): Preloading classes...
D/ByPush  ( 1486): Push Time:28500
D/ByPush  ( 1486): fetch process exist:false
D/ByPush  ( 1486): service delayStartPush:0
D/ByPush  ( 1486): startWatchDog, will run in 900 seconds.
D/ByPush  ( 1486): Push Run.
D/ByPush  ( 1486): service startPush
I/NetworkStatusChangeReceiver( 1503): action::::::::android.net.ethernet.ETHERNET_STATE_CHANGED
I/System.out( 1503): 
D/dalvikvm(  814): GC_EXPLICIT freed 85K, 65% free 2230K/6275K, paused 3ms+2ms
D/ByPush  ( 1486): dayTime Hour:14
D/ByPush  ( 1486): delayStartFetch:2, id:0
I/BootCompletedReceiver( 1428): [onReceive] Action??android.net.conn.CONNECTIVITY_CHANGE
D/BootCompletedReceiver( 1428): [onReceive] renderer was configed as autoboot,start backservice
D/Multimedia_BackService( 1428): BackService onStart called
I/Zygote  (  814): ...preloaded 0 classes in 191ms.
E/Zygote  (  814): ==============>delay preload 2307classes finished
D/Multimedia_BackService( 1428): device Name:tc123
I/AirplayService( 1428): in setAirplayDevName
D/dalvikvm( 1428): GC_CONCURRENT freed 751K, 63% free 2584K/6915K, paused 8ms+3ms
I/System.out( 1465): now=1369635162641 ctime=1167682697228 isStart=true
I/System.out( 1465): CV=C201211151.2.1
I/System.out( 1486): now=1369635162833 ctime=1167682697312 isStart=true
I/System.out( 1503): BabaoWebWidget---network connect---
I/System.out( 1503): A3STB-WidgetHost1.0.11(Jacky.Zhu)
I/System.out( 1503): WeatherWidgetProvider----network connect----------
D/dalvikvm( 1428): GC_CONCURRENT freed 824K, 65% free 2530K/7043K, paused 3ms+3ms
W/System.err( 1503): org.json.JSONException: Value <?xml of type java.lang.String cannot be converted to JSONObject
W/System.err( 1503):    at org.json.JSON.typeMismatch(JSON.java:111)
W/System.err( 1503):    at org.json.JSONObject.<init>(JSONObject.java:158)
W/System.err( 1503):    at org.json.JSONObject.<init>(JSONObject.java:171)
W/System.err( 1503):    at com.biaoqi.stbwidget.host.BabaoWebHelper.getSinaWebNews(BabaoWebHelper.java:55)
W/System.err( 1503):    at com.biaoqi.stbwidget.host.BabaoWebWidget$1.run(BabaoWebWidget.java:46)
W/System.err( 1503):    at java.lang.Thread.run(Thread.java:856)
D/dalvikvm( 1503): GC_CONCURRENT freed 283K, 64% free 2363K/6403K, paused 5ms+4ms
W/HomePlayerLib( 1428): mediaRenderer start success 
D/dalvikvm(  839): GC_CONCURRENT freed 523K, 56% free 3525K/8003K, paused 2ms+4ms
D/WifiP2pService(  839): P2pDisabledState{ what=331907 when=0 }
D/WifiStateMachine(  839): gary test mWifiApState = 12
E/WifiHW  (  839): get_wifi_device_num is 1
I/BootCompletedReceiver( 1428): [onReceive] Action??android.net.wifi.WIFI_AP_STATE_CHANGED
V/BootCompletedReceiver( 1428): ++++mWifiApState++++12
D/WifiHW  (  839): wifi_driver has loaded!
E/WifiHW  (  813): wifi_change_fw_path: AP
D/SoftapController(  813): Softap fwReload - Ok
V/EthernetMonitor(  839): get event 
V/EthernetMonitor(  839): go poll events
I/System  (  839): Loaded time zone names for en_US in 2207ms (2200ms in ICU)
D/dalvikvm( 1428): GC_CONCURRENT freed 721K, 65% free 2494K/7043K, paused 3ms+2ms
D/dalvikvm( 1503): GC_FOR_ALLOC freed 550K, 65% free 2359K/6723K, paused 24ms
E/StrictMode( 1503): A resource was acquired at attached stack trace but never released. See java.io.Closeable for information on avoiding resource leaks.
E/StrictMode( 1503): java.lang.Throwable: Explicit termination method 'end' not called
E/StrictMode( 1503):    at dalvik.system.CloseGuard.open(CloseGuard.java:184)
E/StrictMode( 1503):    at java.util.zip.Inflater.<init>(Inflater.java:82)
E/StrictMode( 1503):    at java.util.zip.GZIPInputStream.<init>(GZIPInputStream.java:96)
E/StrictMode( 1503):    at java.util.zip.GZIPInputStream.<init>(GZIPInputStream.java:81)
E/StrictMode( 1503):    at libcore.net.http.HttpEngine.initContentStream(HttpEngine.java:512)
E/StrictMode( 1503):    at libcore.net.http.HttpEngine.readResponse(HttpEngine.java:805)
E/StrictMode( 1503):    at libcore.net.http.HttpURLConnectionImpl.getResponse(HttpURLConnectionImpl.java:274)
E/StrictMode( 1503):    at libcore.net.http.HttpURLConnectionImpl.getInputStream(HttpURLConnectionImpl.java:168)
E/StrictMode( 1503):    at com.biaoqi.stbwidget.host.BabaoWebHelper.getSinaWebNews(BabaoWebHelper.java:42)
E/StrictMode( 1503):    at com.biaoqi.stbwidget.host.BabaoWebWidget$1.run(BabaoWebWidget.java:46)
E/StrictMode( 1503):    at java.lang.Thread.run(Thread.java:856)
D/dalvikvm( 1503): GC_CONCURRENT freed 32K, 64% free 2441K/6723K, paused 3ms+3ms
E/StrictMode( 1503): A resource was acquired at attached stack trace but never released. See java.io.Closeable for information on avoiding resource leaks.
E/StrictMode( 1503): java.lang.Throwable: Explicit termination method 'end' not called
E/StrictMode( 1503):    at dalvik.system.CloseGuard.open(CloseGuard.java:184)
E/StrictMode( 1503):    at java.util.zip.Inflater.<init>(Inflater.java:82)
E/StrictMode( 1503):    at java.util.zip.GZIPInputStream.<init>(GZIPInputStream.java:96)
E/StrictMode( 1503):    at java.util.zip.GZIPInputStream.<init>(GZIPInputStream.java:81)
E/StrictMode( 1503):    at libcore.net.http.HttpEngine.initContentStream(HttpEngine.java:512)
E/StrictMode( 1503):    at libcore.net.http.HttpEngine.readResponse(HttpEngine.java:805)
E/StrictMode( 1503):    at libcore.net.http.HttpURLConnectionImpl.getResponse(HttpURLConnectionImpl.java:274)
E/StrictMode( 1503):    at libcore.net.http.HttpURLConnectionImpl.getInputStream(HttpURLConnectionImpl.java:168)
E/StrictMode( 1503):    at com.biaoqi.stbwidget.host.WeatherWidgetHelper.getWeatherContent(WeatherWidgetHelper.java:57)
E/StrictMode( 1503):    at com.biaoqi.stbwidget.host.WeatherWidgetHelper.getCurrentCityWeather(WeatherWidgetHelper.java:86)
E/StrictMode( 1503):    at com.biaoqi.stbwidget.host.WeatherWidgetProvider$1.run(WeatherWidgetProvider.java:62)
E/StrictMode( 1503):    at java.lang.Thread.run(Thread.java:856)
D/dalvikvm( 1300): GC_CONCURRENT freed 343K, 76% free 1349K/5443K, paused 2ms+2ms
D/dalvikvm( 1428): GC_CONCURRENT freed 663K, 66% free 2423K/7043K, paused 2ms+3ms
D/dalvikvm( 1503): GC_CONCURRENT freed 648K, 64% free 2490K/6851K, paused 3ms+3ms
E/StrictMode( 1503): A resource was acquired at attached stack trace but never released. See java.io.Closeable for information on avoiding resource leaks.
E/StrictMode( 1503): java.lang.Throwable: Explicit termination method 'end' not called
E/StrictMode( 1503):    at dalvik.system.CloseGuard.open(CloseGuard.java:184)
E/StrictMode( 1503):    at java.util.zip.Inflater.<init>(Inflater.java:82)
E/StrictMode( 1503):    at java.util.zip.GZIPInputStream.<init>(GZIPInputStream.java:96)
E/StrictMode( 1503):    at java.util.zip.GZIPInputStream.<init>(GZIPInputStream.java:81)
E/StrictMode( 1503):    at libcore.net.http.HttpEngine.initContentStream(HttpEngine.java:512)
E/StrictMode( 1503):    at libcore.net.http.HttpEngine.readResponse(HttpEngine.java:805)
E/StrictMode( 1503):    at libcore.net.http.HttpURLConnectionImpl.getResponse(HttpURLConnectionImpl.java:274)
E/StrictMode( 1503):    at libcore.net.http.HttpURLConnectionImpl.getInputStream(HttpURLConnectionImpl.java:168)
E/StrictMode( 1503):    at com.biaoqi.stbwidget.host.WeatherWidgetHelper.getWeatherContent(WeatherWidgetHelper.java:57)
E/StrictMode( 1503):    at com.biaoqi.stbwidget.host.WeatherWidgetHelper.getCurrentCityWeather(WeatherWidgetHelper.java:87)
E/StrictMode( 1503):    at com.biaoqi.stbwidget.host.WeatherWidgetProvider$1.run(WeatherWidgetProvider.java:62)
E/StrictMode( 1503):    at java.lang.Thread.run(Thread.java:856)
E/StrictMode( 1503): A resource was acquired at attached stack trace but never released. See java.io.Closeable for information on avoiding resource leaks.
E/StrictMode( 1503): java.lang.Throwable: Explicit termination method 'end' not called
E/StrictMode( 1503):    at dalvik.system.CloseGuard.open(CloseGuard.java:184)
E/StrictMode( 1503):    at java.util.zip.Inflater.<init>(Inflater.java:82)
E/StrictMode( 1503):    at java.util.zip.GZIPInputStream.<init>(GZIPInputStream.java:96)
E/StrictMode( 1503):    at java.util.zip.GZIPInputStream.<init>(GZIPInputStream.java:81)
E/StrictMode( 1503):    at libcore.net.http.HttpEngine.initContentStream(HttpEngine.java:512)
E/StrictMode( 1503):    at libcore.net.http.HttpEngine.readResponse(HttpEngine.java:805)
E/StrictMode( 1503):    at libcore.net.http.HttpURLConnectionImpl.getResponse(HttpURLConnectionImpl.java:274)
E/StrictMode( 1503):    at libcore.net.http.HttpURLConnectionImpl.getInputStream(HttpURLConnectionImpl.java:168)
E/StrictMode( 1503):    at com.biaoqi.stbwidget.host.WeatherWidgetHelper.getWeatherContent(WeatherWidgetHelper.java:57)
E/StrictMode( 1503):    at com.biaoqi.stbwidget.host.WeatherWidgetHelper.getCurrentCityWeather(WeatherWidgetHelper.java:86)
E/StrictMode( 1503):    at com.biaoqi.stbwidget.host.WeatherWidgetProvider$1.run(WeatherWidgetProvider.java:63)
E/StrictMode( 1503):    at java.lang.Thread.run(Thread.java:856)
I/System  (  839): Loaded time zone names for zh_CN in 618ms (616ms in ICU)
D/GpsLocationProvider(  839): NTP server returned: 1369635158287 (Mon May 27 14:12:38 +0800 2013) reference: 168810952 certainty: 202 system time offset: -62
W/GpsLocationProvider(  839): Failed to enable location provider
D/dalvikvm( 1140): GC_CONCURRENT freed 402K, 75% free 1418K/5507K, paused 2ms+2ms
D/dalvikvm( 1428): GC_CONCURRENT freed 565K, 65% free 2508K/7043K, paused 4ms+3ms
D/SoftapController(  813): Softap driver start: 0
D/SoftapController(  813): write cmd interface=uap0
D/SoftapController(  813): driver=nl80211
D/SoftapController(  813): ctrl_interface=/data/misc/wifi/hostapd
D/SoftapController(  813): ssid=tc123
D/SoftapController(  813): channel=149
D/SoftapController(  813): hw_mode=a
D/SoftapController(  813): ieee80211n=1
D/SoftapController(  813): Softap startap - Ok
E/hostapd ( 1553): Configuration file: /data/misc/wifi/hostapd.conf
I/hostapd ( 1553): rfkill: Cannot open RFKILL control device
E/hostapd ( 1553): Failed to create interface mon.uap0: -95 (Operation not supported on transport endpoint)
W/hostapd ( 1553): uap0: Could not connect to kernel driver
V/EthernetMonitor(  839): get event 
V/EthernetMonitor(  839): go poll events
V/EthernetMonitor(  839): get event/EthernetMonitor(  839): go poll events
E/hostapd ( 1553): Using interface uap0 with hwaddr a4:a8:20:13:03:6e and ssid "tc123"
D/dalvikvm(  839): GC_CONCURRENT freed 692K, 56% free 3561K/8003K, paused 3ms+3ms
V/EthernetMonitor(  839): get event 
V/EthernetMonitor(  839): go poll events
D/Tethering(  839): sendTetherStateChangedBroadcast 1, 0, 0
W/NetworkStats(  839): dropping UID delta from unknown iface: iface=wfd0 uid=0 set=DEFAULT tag=0x0 rxBytes=328 rxPackets=1 txBytes=0 txPackets=0 operations=0
D/WifiStateMachine(  839): gary test mWifiApState = 13
D/NetworkManagementService(  839): rsp <213 a4:a8:20:13:03:6e 0.0.0.0 0 [up broadcast running multicast]>
I/BootCompletedReceiver( 1428): [onReceive] Action??android.net.wifi.WIFI_AP_STATE_CHANGED
V/BootCompletedReceiver( 1428): ++++mWifiApState++++13
W/BootCompletedReceiver( 1428): stop mediarenerer because IP changed
D/CommandListener(  813): Setting iface cfg
D/CommandListener(  813): Trying to bring up uap0
D/NetworkManagementService(  839): flags <[up broadcast running multicast]>
V/EthernetMonitor(  839): get event 
V/EthernetMonitor(  839): go poll events
D/Tethering(  839): Tethering uap0
D/Tethering(  839): InitialState.processMessage what=2
D/Tethering(  839): sendTetherStateChangedBroadcast 0, 0, 0
D/Tethering(  839): Tethered uap0
D/Tethering(  839): sendTetherStateChangedBroadcast 0, 1, 0
D/dalvikvm( 1140): GC_CONCURRENT freed 428K, 74% free 1481K/5571K, paused 1ms+1ms
D/Tethering(  839): MasterInitialState.processMessage what=1
D/TetherController(  813): Setting IP forward enable = 1
D/TetherController(  813): Starting tethering services
D/TetherController(  813): Tethering services running
D/TetherController(  813): setDnsForwarders(0 = '8.8.8.8')
D/TetherController(  813): setDnsForwarders(1 = '8.8.4.4')
D/TetherController(  813): Sending update msg to dnsmasq [update_dns:8.8.8.8:8.8.4.4]
D/Tethering(  839): chooseUpstreamType(true), preferredApn =5, got type=9
D/TetherController(  813): setDnsForwarders(0 = '192.168.2.1')
D/TetherController(  813): setDnsForwarders(1 = '192.168.99.5')
D/TetherController(  813): Sending update msg to dnsmasq [update_dns:192.168.2.1:192.168.99.5]
D/Tethering(  839): notifying tethered with iface =eth0
D/Tethering(  839): TetheredState.processMessage what=12
D/dalvikvm( 1428): GC_CONCURRENT freed 671K, 65% free 2485K/7043K, paused 2ms+8ms
W/NetworkStats(  839): dropping UID delta from unknown iface: iface=uap0 uid=0 set=DEFAULT tag=0x0 rxBytes=0 rxPackets=0 txBytes=40 txPackets=1 operations=0
I/dnsmasq ( 1556): started, version 2.51 cachesize 150
I/dnsmasq ( 1556): compile time options: no-IPv6 GNU-getopt no-DBus no-I18N DHCP no-scripts no-TFTP
W/dnsmasq ( 1556): warning: no upstream servers configured
I/dnsmasq ( 1556): DHCP, IP range 192.168.48.2 -- 192.168.48.254, lease time 1h
I/dnsmasq ( 1556): DHCP, IP range 192.168.47.2 -- 192.168.47.254, lease time 1h
I/dnsmasq ( 1556): DHCP, IP range 192.168.46.2 -- 192.168.46.254, lease time 1h
I/dnsmasq ( 1556): DHCP, IP range 192.168.45.2 -- 192.168.45.254, lease time 1h
I/dnsmasq ( 1556): DHCP, IP range 192.168.44.2 -- 192.168.44.254, lease time 1h
I/dnsmasq ( 1556): DHCP, IP range 192.168.43.2 -- 192.168.43.254, lease time 1h
I/dnsmasq ( 1556): DHCP, IP range 192.168.42.2 -- 192.168.42.254, lease time 1h
I/dnsmasq ( 1556): read /etc/hosts - 1 addresses
I/dnsmasq ( 1556): using nameserver 8.8.4.4#53
I/dnsmasq ( 1556): using nameserver 8.8.8.8#53
D/dalvikvm( 1428): GC_CONCURRENT freed 620K, 64% free 2554K/7043K, paused 3ms+3ms
D/dalvikvm(  839): GC_FOR_ALLOC freed 401K, 56% free 3570K/8067K, paused 49ms
I/dalvikvm-heap(  839): Grow heap (frag case) to 7.172MB for 90136-byte allocation
D/ByPush  ( 1486): FetchProcess start fetch.
D/ByPush  ( 1486): fetch url:http://www.bypush.com/rpc/startup?uuid=9301b09526f824b8de29ad1bafb52939&appid=bp47254606elrsn&version=1.0.0&system=android&testMode=false&imei=&iccid=&imsi=&mac=00%3A00%3A00%3A00%3A00%3A00&type=S1001&resolution=1280*720&osVer=4.0.4
D/HomePlayerLib( 1428): hostaddress count is 2
D/SlideManagerRootImpl( 1071): slideTo = 2
D/dalvikvm(  839): GC_FOR_ALLOC freed 62K, 57% free 3595K/8195K, paused 48ms
E/        ( 1071): get vaddr failed:pvaddr_read=0x5e9e7000,pvaddr_internal=0x5eae7000,pvaddr_write=0x0
E/        ( 1071): get vaddr failed:pvaddr_read=0x5e9e7000,pvaddr_internal=0x5eae7000,pvaddr_write=0x0
D/dalvikvm( 1428): GC_CONCURRENT freed 700K, 65% free 2490K/7043K, paused 2ms+6ms
D/dalvikvm( 1071): GC_FOR_ALLOC freed 2208K, 26% free 22585K/30339K, paused 42ms
I/PortalRefreshService( 1071): PortalService downloading...  CConstants.DOWNLOAD_DATA_INDEX = 2
I/PortalRefreshService( 1071):      PortalService downlaod Best data OK...
I/PortalRefreshService( 1071):  === PortalService send Broadcast OK...
D/dalvikvm( 1503): GC_CONCURRENT freed 801K, 66% free 2396K/6915K, paused 4ms+11ms
E/StrictMode( 1503): A resource was acquired at attached stack trace but never released. See java.io.Closeable for information on avoiding resource leaks.
E/StrictMode( 1503): java.lang.Throwable: Explicit termination method 'end' not called
E/StrictMode( 1503):    at dalvik.system.CloseGuard.open(CloseGuard.java:184)
E/StrictMode( 1503):    at java.util.zip.Inflater.<init>(Inflater.java:82)
E/StrictMode( 1503):    at java.util.zip.GZIPInputStream.<init>(GZIPInputStream.java:96)
E/StrictMode( 1503):    at java.util.zip.GZIPInputStream.<init>(GZIPInputStream.java:81)
E/StrictMode( 1503):    at libcore.net.http.HttpEngine.initContentStream(HttpEngine.java:512)
E/StrictMode( 1503):    at libcore.net.http.HttpEngine.readResponse(HttpEngine.java:805)
E/StrictMode( 1503):    at libcore.net.http.HttpURLConnectionImpl.getResponse(HttpURLConnectionImpl.java:274)
E/StrictMode( 1503):    at libcore.net.http.HttpURLConnectionImpl.getInputStream(HttpURLConnectionImpl.java:168)
E/StrictMode( 1503):    at com.biaoqi.stbwidget.host.WeatherWidgetHelper.getWeatherContent(WeatherWidgetHelper.java:57)
E/StrictMode( 1503):    at com.biaoqi.stbwidget.host.WeatherWidgetHelper.getCurrentCityWeather(WeatherWidgetHelper.java:87)
E/StrictMode( 1503):    at com.biaoqi.stbwidget.host.WeatherWidgetProvider$1.run(WeatherWidgetProvider.java:63)
E/StrictMode( 1503):    at java.lang.Thread.run(Thread.java:856)
D/dalvikvm( 1503): GREF has increased to 201
E/StrictMode( 1503): A resource was acquired at attached stack trace but never released. See java.io.Closeable for information on avoiding resource leaks.
E/StrictMode( 1503): java.lang.Throwable: Explicit termination method 'end' not called
E/StrictMode( 1503):    at dalvik.system.CloseGuard.open(CloseGuard.java:184)
E/StrictMode( 1503):    at java.util.zip.Inflater.<init>(Inflater.java:82)
E/StrictMode( 1503):    at java.util.zip.GZIPInputStream.<init>(GZIPInputStream.java:96)
E/StrictMode( 1503):    at java.util.zip.GZIPInputStream.<init>(GZIPInputStream.java:81)
E/StrictMode( 1503):    at libcore.net.http.HttpEngine.initContentStream(HttpEngine.java:512)
E/StrictMode( 1503):    at libcore.net.http.HttpEngine.readResponse(HttpEngine.java:805)
E/StrictMode( 1503):    at libcore.net.http.HttpURLConnectionImpl.getResponse(HttpURLConnectionImpl.java:274)
E/StrictMode( 1503):    at libcore.net.http.HttpURLConnectionImpl.getInputStream(HttpURLConnectionImpl.java:168)
E/StrictMode( 1503):    at com.biaoqi.stbwidget.host.WeatherWidgetHelper.getWeatherContent(WeatherWidgetHelper.java:57)
E/StrictMode( 1503):    at com.biaoqi.stbwidget.host.WeatherWidgetHelper.getCurrentCityWeather(WeatherWidgetHelper.java:86)
E/StrictMode( 1503):    at com.biaoqi.stbwidget.host.WeatherWidgetProvider$1.run(WeatherWidgetProvider.java:64)
E/StrictMode( 1503):    at java.lang.Thread.run(Thread.java:856)
D/StpService( 1441): handleMessage NetworkType is 9
D/dalvikvm( 1428): GC_CONCURRENT freed 640K, 64% free 2542K/7043K, paused 2ms+12ms
D/dalvikvm( 1071): GC_FOR_ALLOC freed 331K, 22% free 23915K/30339K, paused 74ms
I/dalvikvm-heap( 1071): Grow heap (frag case) to 27.451MB for 524304-byte allocation
D/dalvikvm( 1071): GC_FOR_ALLOC freed 0K, 21% free 24427K/30915K, paused 77ms
D/dalvikvm( 1428): GC_CONCURRENT freed 681K, 63% free 2632K/7043K, paused 2ms+8ms
D/ByPush  ( 1486): application/json; charset=UTF-8
D/ByPush  ( 1486): Fetch OK
D/ByPush  ( 1486): Content:{"ret": false}
D/ByPush  ( 1486): fetch ok of id:0
D/dalvikvm( 1071): GC_FOR_ALLOC freed 289K, 22% free 24174K/30915K, paused 91ms
I/dalvikvm-heap( 1071): Grow heap (frag case) to 28.205MB for 1048592-byte allocation
D/dalvikvm( 1071): GC_FOR_ALLOC freed 0K, 22% free 25198K/32003K, paused 29ms
I/MainActivity( 1071):  === Get Broadcast And Start Update Data...
I/MainActivity( 1071):  === MainActivity start updateData...
I/RecommondManagerImpl( 1071): Recommand - Best - UpdateData
E/        ( 1071): get vaddr failed:pvaddr_read=0x5e9e7000,pvaddr_internal=0x5eae7000,pvaddr_write=0x0
E/        ( 1071): get vaddr failed:pvaddr_read=0x5e9e7000,pvaddr_internal=0x5eae7000,pvaddr_write=0x0
E/        ( 1071): get vaddr failed:pvaddr_read=0x5e9e7000,pvaddr_internal=0x5eae7000,pvaddr_write=0x0
E/        ( 1071): get vaddr failed:pvaddr_read=0x5e9e7000,pvaddr_internal=0x5eae7000,pvaddr_write=0x0
D/dalvikvm( 1071): GC_CONCURRENT freed 2760K, 24% free 24415K/32003K, paused 2ms+6ms
E/        ( 1071): get vaddr failed:pvaddr_read=0x5e9e7000,pvaddr_internal=0x5eae7000,pvaddr_write=0x0
E/        ( 1071): get vaddr failed:pvaddr_read=0x5e9e7000,pvaddr_internal=0x5eae7000,pvaddr_write=0x0
E/        ( 1071): get vaddr failed:pvaddr_read=0x5e9e7000,pvaddr_internal=0x5eae7000,pvaddr_write=0x0
E/        ( 1071): get vaddr failed:pvaddr_read=0x5e9e7000,pvaddr_internal=0x5eae7000,pvaddr_write=0x0
E/        ( 1071): get vaddr failed:pvaddr_read=0x5e9e7000,pvaddr_internal=0x5eae7000,pvaddr_write=0x0
E/        ( 1071): get vaddr failed:pvaddr_read=0x5e9e7000,pvaddr_internal=0x5eae7000,pvaddr_write=0x0
D/dalvikvm( 1428): GC_CONCURRENT freed 820K, 64% free 2611K/7107K, paused 2ms+3ms
D/dalvikvm( 1071): GC_CONCURRENT freed 1684K, 23% free 24757K/32003K, paused 2ms+8ms
E/        ( 1071): get vaddr failed:pvaddr_read=0x5e9e7000,pvaddr_internal=0x5eae7000,pvaddr_write=0x0
E/        ( 1071): get vaddr failed:pvaddr_read=0x5e9e7000,pvaddr_internal=0x5eae7000,pvaddr_write=0x0
E/        ( 1071): get vaddr failed:pvaddr_read=0x5e9e7000,pvaddr_internal=0x5eae7000,pvaddr_write=0x0
E/        ( 1071): get vaddr failed:pvaddr_read=0x5e9e7000,pvaddr_internal=0x5eae7000,pvaddr_write=0x0
D/dalvikvm( 1071): GC_CONCURRENT freed 1835K, 23% free 24915K/32003K, paused 2ms+7ms
E/        ( 1071): get vaddr failed:pvaddr_read=0x5e9e7000,pvaddr_internal=0x5eae7000,pvaddr_write=0x0
E/        ( 1071): get vaddr failed:pvaddr_read=0x5e9e7000,pvaddr_internal=0x5eae7000,pvaddr_write=0x0
D/dalvikvm( 1428): GC_CONCURRENT freed 741K, 66% free 2476K/7107K, paused 2ms+3ms
D/dalvikvm(  839): GC_FOR_ALLOC freed 141K, 57% free 3586K/8195K, paused 51ms
I/dalvikvm-heap(  839): Grow heap (frag case) to 7.232MB for 135200-byte allocation
D/dalvikvm(  839): GC_FOR_ALLOC freed 93K, 57% free 3625K/8387K, paused 66ms
D/dalvikvm( 1428): GC_CONCURRENT freed 581K, 65% free 2491K/7107K, paused 2ms+5ms
D/dalvikvm( 1428): GC_CONCURRENT freed 577K, 64% free 2614K/7107K, paused 2ms+2ms
I/wpa_supplicant(  805): wfd0: AP-STA-DISCONNECTED 02:90:4c:78:83:ff
I/wpa_supplicant(  805): CTRL_IFACE monitor[0]: 111 - Connection refused
I/wpa_supplicant(  805): wfd0: AP-STA-DISCONNECTED 02:90:4c:78:83:ff
I/wpa_supplicant(  805): CTRL_IFACE monitor[0]: 111 - Connection refused
E/wpa_supplicant(  805): Could not set HT capabilities for kernel driver
E/wpa_supplicant(  805): Failed to set CTS protect in kernel driver
E/wpa_supplicant(  805): Could not set preamble for kernel driver
D/dalvikvm( 1428): GC_CONCURRENT freed 755K, 64% free 2561K/7107K, paused 2ms+6ms
D/dalvikvm( 1428): GC_CONCURRENT freed 689K, 66% free 2476K/7107K, paused 2ms+2ms
D/dalvikvm( 1428): GC_CONCURRENT freed 570K, 64% free 2591K/7107K, paused 2ms+2ms
D/AuthService( 1071): state = 65535
D/AuthTask( 1071): -------------------------------
D/AuthTask( 1071): Start to getDeviceId by MAC = 84:62:23:08:00:5a
D/dalvikvm( 1428): GC_CONCURRENT freed 731K, 64% free 2581K/7107K, paused 2ms+2ms
D/HomePlayerLib( 1428): MediaRenderer will start with ip addrss 192.168.2.3
D/dalvikvm( 1428): GC_CONCURRENT freed 762K, 65% free 2503K/7107K, paused 2ms+3ms
D/HomePlayerLib( 1428): hostaddress count is 2
D/HomePlayerLib( 1428): hostaddress count is 2
D/ConnectivityService(  839): handleInetConditionHoldEnd: net=9, condition=0, published condition=0
D/dalvikvm( 1428): GC_CONCURRENT freed 583K, 65% free 2549K/7107K, paused 2ms+2ms
D/dalvikvm( 1428): GC_CONCURRENT freed 679K, 64% free 2588K/7107K, paused 2ms+3ms
D/dalvikvm( 1428): GC_CONCURRENT freed 843K, 65% free 2493K/7107K, paused 3ms+3ms
D/dalvikvm( 1428): GC_CONCURRENT freed 599K, 64% free 2616K/7107K, paused 2ms+3ms
D/dalvikvm( 1428): GC_CONCURRENT freed 767K, 65% free 2521K/7107K, paused 2ms+2ms
D/dalvikvm( 1300): GC_CONCURRENT freed 369K, 75% free 1387K/5507K, paused 1ms+2ms
D/dalvikvm( 1428): GC_CONCURRENT freed 642K, 64% free 2575K/7107K, paused 2ms+2ms
I/PortalRefreshService( 1071): PortalService downloading...  CConstants.DOWNLOAD_DATA_INDEX = 3
I/PortalRefreshService( 1071):      PortalService downlaod Recommand data OK...
I/PortalRefreshService( 1071):  === PortalService send Broadcast OK...
I/MainActivity( 1071):  === Get Broadcast And Start Update Data...
I/MainActivity( 1071):  === MainActivity start updateData...
I/AVZoneManagerImpl( 1071): AVZone - UpdateData
E/        ( 1071): get vaddr failed:pvaddr_read=0x5e9e7000,pvaddr_internal=0x5eae7000,pvaddr_write=0x0
E/        ( 1071): get vaddr failed:pvaddr_read=0x5e9e7000,pvaddr_internal=0x5eae7000,pvaddr_write=0x0
D/dalvikvm( 1071): GC_CONCURRENT freed 3154K, 26% free 23743K/32003K, paused 2ms+6ms
D/dalvikvm( 1071): GC_FOR_ALLOC freed 336K, 23% free 24654K/32003K, paused 28ms
I/dalvikvm-heap( 1071): Grow heap (frag case) to 28.173MB for 524304-byte allocation
D/dalvikvm( 1428): GC_CONCURRENT freed 707K, 64% free 2610K/7107K, paused 2ms+3ms
D/dalvikvm( 1071): GC_FOR_ALLOC freed 256K, 24% free 24910K/32579K, paused 32ms
D/dalvikvm( 1071): GC_FOR_ALLOC freed <1K, 24% free 24910K/32579K, paused 34ms
I/dalvikvm-heap( 1071): Grow heap (frag case) to 28.923MB for 1048592-byte allocation
D/dalvikvm( 1071): GC_FOR_ALLOC freed 512K, 25% free 25422K/33667K, paused 31ms
E/        ( 1071): get vaddr failed:pvaddr_read=0x5e9e7000,pvaddr_internal=0x5eae7000,pvaddr_write=0x0
E/        ( 1071): get vaddr failed:pvaddr_read=0x5e9e7000,pvaddr_internal=0x5eae7000,pvaddr_write=0x0
E/        ( 1071): get vaddr failed:pvaddr_read=0x5e9e7000,pvaddr_internal=0x5eae7000,pvaddr_write=0x0
E/        ( 1071): get vaddr failed:pvaddr_read=0x5e9e7000,pvaddr_internal=0x5eae7000,pvaddr_write=0x0
D/dalvikvm( 1428): GC_CONCURRENT freed 754K, 64% free 2589K/7107K, paused 2ms+2ms
E/        ( 1071): get vaddr failed:pvaddr_read=0x5e9e7000,pvaddr_internal=0x5eae7000,pvaddr_write=0x0
E/        ( 1071): get vaddr failed:pvaddr_read=0x5e9e7000,pvaddr_internal=0x5eae7000,pvaddr_write=0x0
D/dalvikvm( 1071): GC_FOR_ALLOC freed 2032K, 27% free 24791K/33667K, paused 43ms
D/dalvikvm( 1428): GC_CONCURRENT freed 736K, 66% free 2476K/7107K, paused 2ms+2ms
E/        ( 1071): get vaddr failed:pvaddr_read=0x5e9e7000,pvaddr_internal=0x5eae7000,pvaddr_write=0x0
E/        ( 1071): get vaddr failed:pvaddr_read=0x5e9e7000,pvaddr_internal=0x5eae7000,pvaddr_write=0x0
D/dalvikvm( 1071): GC_CONCURRENT freed 1093K, 24% free 25700K/33667K, paused 1ms+6ms
E/        ( 1071): get vaddr failed:pvaddr_read=0x5e9e7000,pvaddr_internal=0x5eae7000,pvaddr_write=0x0
E/        ( 1071): get vaddr failed:pvaddr_read=0x5e9e7000,pvaddr_internal=0x5eae7000,pvaddr_write=0x0
D/UserAction( 1071): deviceInit: libcore.net.http.ChunkedInputStream@41886ed8
D/dalvikvm( 1428): GC_CONCURRENT freed 583K, 64% free 2579K/7107K, paused 2ms+3ms
D/AuthTask( 1071): deviceId = 060158058000040
D/AuthTask( 1071): -------------------------------
D/AuthTask( 1071): Start get user message
D/AuthTask( 1071): deviceId = 060158058000040
D/AuthTask( 1071): MAC = 84:62:23:08:00:5a
D/dalvikvm( 1428): GC_CONCURRENT freed 735K, 66% free 2449K/7107K, paused 2ms+2ms
D/HomePlayerLib( 1428): hostaddress count is 2
D/dalvikvm( 1428): GC_CONCURRENT freed 567K, 66% free 2458K/7107K, paused 2ms+2ms
D/HomePlayerLib( 1428): hostaddress count is 2
D/dalvikvm( 1428): GC_CONCURRENT freed 579K, 66% free 2454K/7107K, paused 2ms+2ms
D/dalvikvm( 1428): GC_CONCURRENT freed 555K, 66% free 2459K/7107K, paused 1ms+2ms
D/dalvikvm( 1428): GC_CONCURRENT freed 579K, 66% free 2473K/7107K, paused 2ms+3ms
D/dalvikvm( 1428): GC_CONCURRENT freed 589K, 66% free 2472K/7107K, paused 2ms+2ms
D/dalvikvm( 1428): GC_CONCURRENT freed 569K, 64% free 2571K/7107K, paused 1ms+5ms
D/dalvikvm( 1428): GC_CONCURRENT freed 723K, 66% free 2442K/7107K, paused 2ms+2ms
D/LoginTask( 1071): User has registered !
D/LoginTask( 1071): -------------------------------
D/LoginTask( 1071): Login start
D/LoginTask( 1071): username = 20130502211502246018
D/LoginTask( 1071): password = f379eaf3c831b04de153469d1bec345e
D/dalvikvm( 1428): GC_CONCURRENT freed 536K, 64% free 2572K/7107K, paused 1ms+2ms
D/HomePlayerLib( 1428): hostaddress count is 2
D/dalvikvm( 1428): GC_CONCURRENT freed 826K, 66% free 2463K/7107K, paused 3ms+2ms
D/dalvikvm( 1428): GC_CONCURRENT freed 576K, 65% free 2554K/7107K, paused 2ms+2ms
D/dalvikvm( 1428): GC_CONCURRENT freed 694K, 64% free 2569K/7107K, paused 2ms+3ms
I/MediaScannerService( 1300): ===========================================
I/MediaScannerService( 1300): ====== ACTION_MEDIA_SCANNER_FINISHED ======
I/MediaScannerService( 1300): ===========================================
D/dalvikvm( 1428): GC_CONCURRENT freed 711K, 64% free 2577K/7107K, paused 1ms+2ms
D/dalvikvm( 1428): GC_CONCURRENT freed 704K, 65% free 2513K/7107K, paused 1ms+2ms
D/dalvikvm( 1428): GC_CONCURRENT freed 619K, 63% free 2642K/7107K, paused 1ms+2ms
D/dalvikvm( 1428): GC_CONCURRENT freed 812K, 65% free 2541K/7107K, paused 2ms+2ms
D/dalvikvm( 1428): GC_CONCURRENT freed 655K, 66% free 2472K/7107K, paused 1ms+2ms
I/PortalRefreshService( 1071): PortalService downloading...  CConstants.DOWNLOAD_DATA_INDEX = 4
I/PortalRefreshService( 1071):      PortalService downlaod Flysee data OK...
I/PortalRefreshService( 1071):  === PortalService send Broadcast OK...
I/MainActivity( 1071):  === Get Broadcast And Start Update Data...
I/MainActivity( 1071):  === MainActivity start updateData...
I/BrandZoneManagerImpl( 1071): BrandZone - UpdateData
D/dalvikvm( 1428): GC_CONCURRENT freed 622K, 65% free 2537K/7107K, paused 2ms+3ms
D/dalvikvm( 1071): GC_CONCURRENT freed 3926K, 30% free 23821K/33667K, paused 2ms+8ms
E/        ( 1071): get vaddr failed:pvaddr_read=0x5e9e7000,pvaddr_internal=0x5eae7000,pvaddr_write=0x0
E/        ( 1071): get vaddr failed:pvaddr_read=0x5e9e7000,pvaddr_internal=0x5eae7000,pvaddr_write=0x0
D/dalvikvm( 1428): GC_CONCURRENT freed 658K, 64% free 2586K/7107K, paused 2ms+2ms
E/        ( 1071): get vaddr failed:pvaddr_read=0x5e9e7000,pvaddr_internal=0x5eae7000,pvaddr_write=0x0
E/        ( 1071): get vaddr failed:pvaddr_read=0x5e9e7000,pvaddr_internal=0x5eae7000,pvaddr_write=0x0
E/        ( 1071): get vaddr failed:pvaddr_read=0x5e9e7000,pvaddr_internal=0x5eae7000,pvaddr_write=0x0
E/        ( 1071): get vaddr failed:pvaddr_read=0x5e9e7000,pvaddr_internal=0x5eae7000,pvaddr_write=0x0
D/dalvikvm( 1071): GC_FOR_ALLOC freed 1272K, 28% free 24385K/33667K, paused 26ms
E/        ( 1071): get vaddr failed:pvaddr_read=0x5e9e7000,pvaddr_internal=0x5eae7000,pvaddr_write=0x0
E/        ( 1071): get vaddr failed:pvaddr_read=0x5e9e7000,pvaddr_internal=0x5eae7000,pvaddr_write=0x0
E/        ( 1071): get vaddr failed:pvaddr_read=0x5e9e7000,pvaddr_internal=0x5eae7000,pvaddr_write=0x0
E/        ( 1071): get vaddr failed:pvaddr_read=0x5e9e7000,pvaddr_internal=0x5eae7000,pvaddr_write=0x0
E/        ( 1071): get vaddr failed:pvaddr_read=0x5e9e7000,pvaddr_internal=0x5eae7000,pvaddr_write=0x0
E/        ( 1071): get vaddr failed:pvaddr_read=0x5e9e7000,pvaddr_internal=0x5eae7000,pvaddr_write=0x0
D/dalvikvm( 1071): GC_CONCURRENT freed 1234K, 26% free 25184K/33667K, paused 2ms+6ms
E/        ( 1071): get vaddr failed:pvaddr_read=0x5e9e7000,pvaddr_internal=0x5eae7000,pvaddr_write=0x0
E/        ( 1071): get vaddr failed:pvaddr_read=0x5e9e7000,pvaddr_internal=0x5eae7000,pvaddr_write=0x0
W/HomePlayerLib( 1428): mediaRenderer start success 
E/        ( 1071): get vaddr failed:pvaddr_read=0x5e9e7000,pvaddr_internal=0x5eae7000,pvaddr_write=0x0
E/        ( 1071): get vaddr failed:pvaddr_read=0x5e9e7000,pvaddr_internal=0x5eae7000,pvaddr_write=0x0
E/        ( 1071): get vaddr failed:pvaddr_read=0x5e9e7000,pvaddr_internal=0x5eae7000,pvaddr_write=0x0
E/        ( 1071): get vaddr failed:pvaddr_read=0x5e9e7000,pvaddr_internal=0x5eae7000,pvaddr_write=0x0
D/dalvikvm( 1071): GC_CONCURRENT freed 1712K, 25% free 25488K/33667K, paused 2ms+5ms
E/        ( 1071): get vaddr failed:pvaddr_read=0x5e9e7000,pvaddr_internal=0x5eae7000,pvaddr_write=0x0
E/        ( 1071): get vaddr failed:pvaddr_read=0x5e9e7000,pvaddr_internal=0x5eae7000,pvaddr_write=0x0
D/dalvikvm( 1428): GC_CONCURRENT freed 772K, 65% free 2521K/7107K, paused 2ms+3ms
E/        ( 1071): get vaddr failed:pvaddr_read=0x5e9e7000,pvaddr_internal=0x5eae7000,pvaddr_write=0x0
E/        ( 1071): get vaddr failed:pvaddr_read=0x5e9e7000,pvaddr_internal=0x5eae7000,pvaddr_write=0x0
D/SlideManagerRootImpl( 1071): slideTo = 3
E/        ( 1071): get vaddr failed:pvaddr_read=0x5e9e7000,pvaddr_internal=0x5eae7000,pvaddr_write=0x0
E/        ( 1071): get vaddr failed:pvaddr_read=0x5e9e7000,pvaddr_internal=0x5eae7000,pvaddr_write=0x0
D/dalvikvm( 1071): GC_CONCURRENT freed 3690K, 30% free 23787K/33667K, paused 1ms+6ms
D/dalvikvm( 1071): GC_FOR_ALLOC freed 376K, 26% free 25070K/33667K, paused 26ms
D/dalvikvm(  839): GC_CONCURRENT freed 750K, 58% free 3562K/8387K, paused 2ms+4ms
D/dalvikvm( 1428): GC_CONCURRENT freed 694K, 66% free 2435K/7107K, paused 3ms+3ms
D/dalvikvm( 1428): GC_CONCURRENT freed 573K, 66% free 2419K/7107K, paused 2ms+3ms
D/dalvikvm( 1428): GC_CONCURRENT freed 564K, 65% free 2523K/7107K, paused 2ms+2ms
D/dalvikvm( 1428): GC_CONCURRENT freed 677K, 65% free 2547K/7107K, paused 2ms+3ms
D/dalvikvm( 1428): GC_CONCURRENT freed 732K, 65% free 2524K/7107K, paused 2ms+2ms
I/UpdateCibnApkService( 1071): onCreate
I/UpdateCibnApkService( 1071): onStartCommand
I/UpdateCibnApkService( 1071):  persist.sys.appupdate.url: http://update.coship.com/update/app/S1001/CHINA_OTT/CIBN/002104/applist.json
I/UpdateCibnApkService( 1071):  persist.sys.appupdate.path: /update/app
I/UpdateCibnApkService( 1071): onStart
V/WeatherService( 1071):  start the WeatherService
V/WeatherService( 1071): begin to get the weather url!
V/WeatherPosterTask( 1071): the get weather url : http://cibn-iepg.coship.com:8088/iepg/getPram?PramName=weather&version=weather
V/WeatherPosterTask( 1071): urlhttp://php.weather.sina.com.cn/iframe/index/w_cl.php?day=1
V/WeatherService( 1071): begin to get data!
V/WeatherTask( 1071): run()
V/WeatherTask( 1071): connect the url is ok : http://php.weather.sina.com.cn/iframe/index/w_cl.php?day=1
V/WeatherTask( 1071):   weatherPinYin ==> zhongyu
V/MainActivity( 1071): the weather result  : 
E/MainActivity( 1071): the current weather url is null
I/PortalRefreshService( 1071): PortalService DownlaodThread Stop...
D/dalvikvm( 1428): GC_CONCURRENT freed 703K, 66% free 2435K/7107K, paused 2ms+2ms
D/dalvikvm( 1428): GC_CONCURRENT freed 583K, 66% free 2433K/7107K, paused 2ms+3ms
D/dalvikvm( 1428): GC_CONCURRENT freed 573K, 66% free 2420K/7107K, paused 2ms+2ms
D/dalvikvm( 1428): GC_CONCURRENT freed 566K, 67% free 2409K/7107K, paused 2ms+2ms
D/dalvikvm( 1428): GC_CONCURRENT freed 531K, 66% free 2465K/7107K, paused 2ms+2ms
D/dalvikvm( 1428): GC_CONCURRENT freed 621K, 65% free 2528K/7107K, paused 2ms+2ms
D/dalvikvm( 1428): GC_CONCURRENT freed 705K, 65% free 2520K/7107K, paused 1ms+2ms
D/SlideManagerRootImpl( 1071): slideTo = 4
E/        ( 1071): get vaddr failed:pvaddr_read=0x5e9e7000,pvaddr_internal=0x5eae7000,pvaddr_write=0x0
E/        ( 1071): get vaddr failed:pvaddr_read=0x5e9e7000,pvaddr_internal=0x5eae7000,pvaddr_write=0x0
D/dalvikvm( 1071): GC_FOR_ALLOC freed 1306K, 27% free 24866K/33667K, paused 28ms
I/dalvikvm-heap( 1071): Grow heap (frag case) to 28.954MB for 1125584-byte allocation
D/dalvikvm( 1071): GC_FOR_ALLOC freed 1K, 26% free 25964K/34819K, paused 25ms
D/dalvikvm( 1071): GC_FOR_ALLOC freed 616K, 25% free 26457K/34819K, paused 27ms
I/dalvikvm-heap( 1071): Grow heap (frag case) to 30.434MB for 1048592-byte allocation
D/dalvikvm( 1071): GC_FOR_ALLOC freed 0K, 24% free 27481K/35907K, paused 27ms
D/dalvikvm( 1428): GC_CONCURRENT freed 689K, 66% free 2435K/7107K, paused 2ms+3ms
D/dalvikvm( 1428): GC_CONCURRENT freed 583K, 66% free 2434K/7107K, paused 1ms+2ms
D/dalvikvm( 1428): GC_CONCURRENT freed 570K, 66% free 2465K/7107K, paused 2ms+2ms
D/dalvikvm( 1428): GC_CONCURRENT freed 604K, 66% free 2419K/7107K, paused 2ms+2ms
D/HomePlayerLib( 1428): hostaddress count is 2
D/dalvikvm( 1428): GC_CONCURRENT freed 547K, 65% free 2541K/7107K, paused 1ms+2ms
D/dalvikvm( 1428): GC_CONCURRENT freed 719K, 65% free 2525K/7107K, paused 2ms+2ms
D/dalvikvm( 1428): GC_CONCURRENT freed 680K, 66% free 2425K/7107K, paused 2ms+2ms
D/dalvikvm( 1428): GC_CONCURRENT freed 558K, 66% free 2486K/7107K, paused 2ms+2ms
D/dalvikvm( 1428): GC_CONCURRENT freed 646K, 65% free 2527K/7107K, paused 2ms+3ms
D/dalvikvm( 1428): GC_CONCURRENT freed 703K, 66% free 2439K/7107K, paused 2ms+2ms
D/dalvikvm( 1428): GC_CONCURRENT freed 566K, 66% free 2423K/7107K, paused 2ms+2ms
D/dalvikvm( 1428): GC_CONCURRENT freed 556K, 66% free 2424K/7107K, paused 2ms+2ms
D/dalvikvm( 1428): GC_CONCURRENT freed 567K, 66% free 2437K/7107K, paused 2ms+3ms
D/dalvikvm( 1428): GC_CONCURRENT freed 578K, 66% free 2437K/7107K, paused 2ms+3ms
D/dalvikvm( 1428): GC_CONCURRENT freed 572K, 66% free 2457K/7107K, paused 2ms+3ms
D/dalvikvm( 1428): GC_CONCURRENT freed 607K, 66% free 2438K/7107K, paused 1ms+2ms
D/dalvikvm( 1428): GC_CONCURRENT freed 587K, 67% free 2400K/7107K, paused 2ms+2ms
D/dalvikvm( 1428): GC_CONCURRENT freed 541K, 66% free 2420K/7107K, paused 2ms+2ms
D/dalvikvm( 1428): GC_CONCURRENT freed 566K, 67% free 2409K/7107K, paused 2ms+2ms
D/dalvikvm( 1428): GC_CONCURRENT freed 531K, 66% free 2420K/7107K, paused 2ms+2ms
D/dalvikvm( 1428): GC_CONCURRENT freed 566K, 67% free 2397K/7107K, paused 2ms+2ms
D/dalvikvm( 1428): GC_CONCURRENT freed 516K, 66% free 2418K/7107K, paused 2ms+2ms
D/dalvikvm( 1428): GC_CONCURRENT freed 562K, 66% free 2434K/7107K, paused 2ms+2ms
D/SlideManagerRootImpl( 1071): slideTo = 0
D/dalvikvm( 1428): GC_CONCURRENT freed 582K, 66% free 2477K/7107K, paused 3ms+3ms
D/dalvikvm( 1428): GC_CONCURRENT freed 640K, 66% free 2417K/7107K, paused 3ms+3ms
D/dalvikvm( 1428): GC_CONCURRENT freed 555K, 66% free 2422K/7107K, paused 3ms+3ms
E/EthernetStateTracker(  839): DhcpHandler: DHCP request failed: Timed out waiting for DHCP to finish
D/AuthService( 1071): state = 111
D/dalvikvm( 1428): GC_CONCURRENT freed 569K, 65% free 2518K/7107K, paused 2ms+3ms
D/dalvikvm(  839): GC_CONCURRENT freed 655K, 57% free 3686K/8387K, paused 2ms+8ms
V/EthernetStateTracker(  839): getEthernetIPAddr : 192.168.2.3
V/EthernetStateTracker(  839): configureInterfaceAutoIP skip!!
D/dalvikvm( 1428): GC_CONCURRENT freed 695K, 67% free 2398K/7107K, paused 2ms+2ms
D/dalvikvm( 1428): GC_CONCURRENT freed 527K, 67% free 2415K/7107K, paused 2ms+2ms
D/dalvikvm( 1428): GC_CONCURRENT freed 552K, 65% free 2528K/7107K, paused 2ms+2ms
D/dalvikvm( 1428): GC_CONCURRENT freed 702K, 66% free 2421K/7107K, paused 1ms+2ms
D/dalvikvm( 1428): GC_CONCURRENT freed 560K, 66% free 2419K/7107K, paused 2ms+2ms
D/dalvikvm( 1428): GC_CONCURRENT freed 541K, 66% free 2477K/7107K, paused 2ms+2ms
D/dalvikvm( 1428): GC_CONCURRENT freed 640K, 67% free 2398K/7107K, paused 2ms+2ms
D/SlideManagerRootImpl( 1071): slideTo = 1
D/dalvikvm( 1428): GC_CONCURRENT freed 524K, 66% free 2419K/7107K, paused 2ms+2ms
D/HomePlayerLib( 1428): hostaddress count is 2
D/dalvikvm( 1428): GC_CONCURRENT freed 555K, 65% free 2533K/7107K, paused 2ms+2ms
D/dalvikvm( 1428): GC_CONCURRENT freed 716K, 65% free 2502K/7107K, paused 1ms+2ms
D/dalvikvm( 1428): GC_CONCURRENT freed 672K, 66% free 2426K/7107K, paused 1ms+2ms
D/dalvikvm( 1428): GC_CONCURRENT freed 547K, 64% free 2595K/7107K, paused 2ms+2ms
D/dalvikvm( 1428): GC_CONCURRENT freed 782K, 65% free 2511K/7107K, paused 2ms+2ms
D/dalvikvm( 1428): GC_CONCURRENT freed 662K, 65% free 2536K/7107K, paused 2ms+2ms
D/dalvikvm( 1428): GC_CONCURRENT freed 784K, 66% free 2478K/7107K, paused 1ms+2ms
D/dalvikvm( 1428): GC_CONCURRENT freed 608K, 65% free 2556K/7107K, paused 1ms+2ms
D/dalvikvm( 1428): GC_CONCURRENT freed 729K, 65% free 2490K/7107K, paused 2ms+2ms
D/dalvikvm( 1428): GC_CONCURRENT freed 637K, 66% free 2436K/7107K, paused 2ms+2ms
D/dalvikvm( 1428): GC_CONCURRENT freed 567K, 66% free 2445K/7107K, paused 2ms+3ms
D/dalvikvm( 1428): GC_CONCURRENT freed 570K, 66% free 2433K/7107K, paused 2ms+2ms
D/dalvikvm( 1428): GC_CONCURRENT freed 553K, 66% free 2432K/7107K, paused 2ms+2ms
D/dalvikvm( 1428): GC_CONCURRENT freed 560K, 66% free 2429K/7107K, paused 2ms+2ms
D/dalvikvm( 1428): GC_CONCURRENT freed 568K, 66% free 2443K/7107K, paused 2ms+2ms
D/dalvikvm( 1428): GC_CONCURRENT freed 579K, 66% free 2442K/7107K, paused 2ms+2ms
D/dalvikvm( 1428): GC_CONCURRENT freed 573K, 66% free 2429K/7107K, paused 1ms+2ms
D/dalvikvm( 1428): GC_CONCURRENT freed 568K, 66% free 2443K/7107K, paused 2ms+3ms
D/dalvikvm( 1428): GC_CONCURRENT freed 571K, 66% free 2433K/7107K, paused 2ms+2ms
D/SlideManagerRootImpl( 1071): slideTo = 2
D/dalvikvm( 1428): GC_CONCURRENT freed 567K, 66% free 2419K/7107K, paused 1ms+2ms
D/dalvikvm( 1428): GC_CONCURRENT freed 563K, 66% free 2422K/7107K, paused 1ms+2ms
D/dalvikvm( 1428): GC_CONCURRENT freed 560K, 66% free 2420K/7107K, paused 2ms+3ms
D/dalvikvm( 1428): GC_CONCURRENT freed 566K, 67% free 2398K/7107K, paused 2ms+3ms
D/dalvikvm( 1428): GC_CONCURRENT freed 532K, 66% free 2420K/7107K, paused 2ms+2ms
D/dalvikvm( 1428): GC_CONCURRENT freed 565K, 67% free 2410K/7107K, paused 2ms+3ms
D/dalvikvm( 1428): GC_CONCURRENT freed 564K, 67% free 2392K/7107K, paused 2ms+2ms
D/dalvikvm( 1428): GC_CONCURRENT freed 509K, 66% free 2421K/7107K, paused 1ms+3ms
D/dalvikvm( 1428): GC_CONCURRENT freed 565K, 66% free 2417K/7107K, paused 2ms+2ms
D/dalvikvm( 1428): GC_CONCURRENT freed 560K, 67% free 2416K/7107K, paused 2ms+2ms
D/dalvikvm( 1428): GC_CONCURRENT freed 550K, 66% free 2421K/7107K, paused 2ms+2ms
D/dalvikvm( 1428): GC_CONCURRENT freed 558K, 66% free 2420K/7107K, paused 2ms+2ms
D/dalvikvm( 1428): GC_CONCURRENT freed 565K, 65% free 2524K/7107K, paused 2ms+3ms
D/dalvikvm( 1428): GC_CONCURRENT freed 702K, 65% free 2522K/7107K, paused 2ms+2ms
D/UpgradeAppStoreTimerTask( 1206):  ------:: UpgradeAppStoreTimerTask execute...
D/Tools   ( 1206):  ------:: osVersion 15
D/SlideManagerRootImpl( 1071): slideTo = 3
D/dalvikvm( 1206): GC_CONCURRENT freed 282K, 81% free 965K/4995K, paused 1ms+2ms
D/Tools   ( 1206):  ------:: retObj = {"resultObject":null,"respseStatus":"0","respseDesc":"Success"}
D/dalvikvm( 1428): GC_CONCURRENT freed 701K, 67% free 2404K/7107K, paused 2ms+2ms
D/dalvikvm( 1428): GC_CONCURRENT freed 546K, 67% free 2395K/7107K, paused 2ms+2ms
D/dalvikvm( 1428): GC_CONCURRENT freed 534K, 66% free 2471K/7107K, paused 2ms+2ms
D/HomePlayerLib( 1428): hostaddress count is 2
D/dalvikvm( 1428): GC_CONCURRENT freed 612K, 65% free 2543K/7107K, paused 2ms+2ms
D/dalvikvm( 1428): GC_CONCURRENT freed 730K, 65% free 2521K/7107K, paused 1ms+2ms
D/dalvikvm( 1428): GC_CONCURRENT freed 688K, 66% free 2426K/7107K, paused 1ms+2ms
D/dalvikvm( 1428): GC_CONCURRENT freed 558K, 66% free 2450K/7107K, paused 1ms+2ms
D/dalvikvm( 1428): GC_CONCURRENT freed 580K, 65% free 2548K/7107K, paused 2ms+2ms
D/dalvikvm( 1428): GC_CONCURRENT freed 702K, 64% free 2558K/7107K, paused 2ms+2ms
D/dalvikvm( 1428): GC_CONCURRENT freed 716K, 65% free 2533K/7107K, paused 2ms+2ms
D/dalvikvm( 1428): GC_CONCURRENT freed 689K, 65% free 2492K/7107K, paused 2ms+3ms
D/dalvikvm( 1428): GC_CONCURRENT freed 634K, 65% free 2540K/7107K, paused 1ms+2ms
D/dalvikvm( 1428): GC_CONCURRENT freed 697K, 63% free 2640K/7107K, paused 2ms+2ms
D/dalvikvm( 1428): GC_CONCURRENT freed 843K, 66% free 2418K/7107K, paused 1ms+2ms
D/dalvikvm( 1428): GC_CONCURRENT freed 547K, 65% free 2554K/7107K, paused 2ms+2ms
D/dalvikvm( 1428): GC_CONCURRENT freed 730K, 66% free 2428K/7107K, paused 2ms+3ms
D/dalvikvm( 1428): GC_CONCURRENT freed 559K, 67% free 2416K/7107K, paused 1ms+2ms
D/dalvikvm( 1428): GC_CONCURRENT freed 540K, 65% free 2541K/7107K, paused 2ms+2ms
D/dalvikvm( 1428): GC_CONCURRENT freed 716K, 65% free 2530K/7107K, paused 2ms+2ms
D/SlideManagerRootImpl( 1071): slideTo = 4
D/dalvikvm( 1428): GC_CONCURRENT freed 692K, 65% free 2542K/7107K, paused 2ms+2ms
D/dalvikvm( 1428): GC_CONCURRENT freed 717K, 66% free 2432K/7107K, paused 2ms+2ms
D/dalvikvm( 1428): GC_CONCURRENT freed 560K, 66% free 2434K/7107K, paused 2ms+2ms
D/dalvikvm( 1428): GC_CONCURRENT freed 578K, 67% free 2409K/7107K, paused 2ms+2ms
D/dalvikvm( 1428): GC_CONCURRENT freed 552K, 67% free 2404K/7107K, paused 2ms+2ms
D/dalvikvm( 1428): GC_CONCURRENT freed 546K, 65% free 2520K/7107K, paused 2ms+2ms
D/dalvikvm( 1428): GC_CONCURRENT freed 676K, 66% free 2422K/7107K, paused 2ms+2ms
D/SlideManagerRootImpl( 1071): slideTo = 0
D/dalvikvm( 1428): GC_CONCURRENT freed 568K, 67% free 2397K/7107K, paused 1ms+2ms
D/dalvikvm( 1428): GC_CONCURRENT freed 523K, 66% free 2446K/7107K, paused 2ms+2ms
D/HomePlayerLib( 1428): hostaddress count is 2
D/dalvikvm( 1428): GC_CONCURRENT freed 604K, 65% free 2520K/7107K, paused 1ms+2ms
D/dalvikvm( 1428): GC_CONCURRENT freed 688K, 65% free 2535K/7107K, paused 1ms+2ms
D/dalvikvm( 1428): GC_CONCURRENT freed 714K, 67% free 2413K/7107K, paused 2ms+2ms
D/dalvikvm( 1428): GC_CONCURRENT freed 552K, 65% free 2517K/7107K, paused 1ms+2ms
D/dalvikvm( 1428): GC_CONCURRENT freed 687K, 65% free 2532K/7107K, paused 2ms+2ms
D/dalvikvm( 1428): GC_CONCURRENT freed 714K, 65% free 2525K/7107K, paused 2ms+3ms
D/dalvikvm( 1428): GC_CONCURRENT freed 703K, 65% free 2525K/7107K, paused 2ms+2ms
D/dalvikvm( 1428): GC_CONCURRENT freed 704K, 65% free 2525K/7107K, paused 1ms+2ms
D/dalvikvm( 1428): GC_CONCURRENT freed 703K, 65% free 2525K/7107K, paused 2ms+2ms
D/dalvikvm( 1428): GC_CONCURRENT freed 704K, 67% free 2409K/7107K, paused 2ms+2ms
D/dalvikvm( 1428): GC_CONCURRENT freed 546K, 66% free 2421K/7107K, paused 2ms+2ms
D/dalvikvm( 1428): GC_CONCURRENT freed 567K, 65% free 2519K/7107K, paused 1ms+2ms
D/dalvikvm( 1428): GC_CONCURRENT freed 675K, 66% free 2422K/7107K, paused 1ms+2ms
D/dalvikvm( 1428): GC_CONCURRENT freed 559K, 66% free 2420K/7107K, paused 2ms+2ms
D/dalvikvm( 1428): GC_CONCURRENT freed 566K, 67% free 2410K/7107K, paused 1ms+2ms
D/dalvikvm( 1428): GC_CONCURRENT freed 533K, 66% free 2420K/7107K, paused 2ms+2ms
D/dalvikvm( 1428): GC_CONCURRENT freed 566K, 65% free 2520K/7107K, paused 2ms+2ms
D/dalvikvm( 1428): GC_CONCURRENT freed 679K, 65% free 2545K/7107K, paused 2ms+2ms
D/SlideManagerRootImpl( 1071): slideTo = 1
D/dalvikvm( 1428): GC_CONCURRENT freed 729K, 65% free 2524K/7107K, paused 2ms+2ms
D/dalvikvm( 1428): GC_CONCURRENT freed 703K, 65% free 2522K/7107K, paused 1ms+2ms
D/dalvikvm( 1428): GC_CONCURRENT freed 676K, 66% free 2422K/7107K, paused 2ms+3ms
D/dalvikvm( 1428): GC_CONCURRENT freed 559K, 66% free 2425K/7107K, paused 2ms+4ms
D/dalvikvm( 1428): GC_CONCURRENT freed 566K, 67% free 2409K/7107K, paused 8ms+3ms
D/dalvikvm( 1428): GC_CONCURRENT freed 552K, 65% free 2520K/7107K, paused 2ms+2ms
D/dalvikvm( 1428): GC_CONCURRENT freed 690K, 66% free 2418K/7107K, paused 2ms+2ms
D/dalvikvm( 1428): GC_CONCURRENT freed 560K, 65% free 2520K/7107K, paused 2ms+2ms
D/dalvikvm( 1428): GC_CONCURRENT freed 675K, 65% free 2547K/7107K, paused 2ms+2ms
D/dalvikvm( 1428): GC_CONCURRENT freed 729K, 65% free 2523K/7107K, paused 2ms+2ms
D/dalvikvm( 1428): GC_CONCURRENT freed 679K, 65% free 2548K/7107K, paused 1ms+2ms
D/dalvikvm( 1428): GC_CONCURRENT freed 733K, 67% free 2411K/7107K, paused 1ms+2ms
D/SlideManagerRootImpl( 1071): slideTo = 2
D/dalvikvm( 1428): GC_CONCURRENT freed 538K, 65% free 2525K/7107K, paused 1ms+2ms
D/HomePlayerLib( 1428): hostaddress count is 2
D/dalvikvm( 1428): GC_CONCURRENT freed 709K, 66% free 2418K/7107K, paused 2ms+2ms
D/dalvikvm( 1428): GC_CONCURRENT freed 566K, 65% free 2513K/7107K, paused 2ms+2ms
D/dalvikvm( 1428): GC_CONCURRENT freed 681K, 65% free 2526K/7107K, paused 1ms+2ms
D/dalvikvm( 1428): GC_CONCURRENT freed 695K, 65% free 2534K/7107K, paused 2ms+2ms
D/dalvikvm( 1428): GC_CONCURRENT freed 704K, 65% free 2538K/7107K, paused 2ms+2ms
D/dalvikvm( 1428): GC_CONCURRENT freed 722K, 65% free 2520K/7107K, paused 2ms+2ms
D/dalvikvm( 1428): GC_CONCURRENT freed 692K, 66% free 2426K/7107K, paused 2ms+2ms
D/dalvikvm( 1428): GC_CONCURRENT freed 569K, 65% free 2525K/7107K, paused 2ms+2ms
D/dalvikvm( 1428): GC_CONCURRENT freed 699K, 66% free 2451K/7107K, paused 1ms+2ms
D/dalvikvm( 1428): GC_CONCURRENT freed 596K, 65% free 2534K/7107K, paused 2ms+2ms
D/dalvikvm( 1428): GC_CONCURRENT freed 716K, 65% free 2521K/7107K, paused 2ms+3ms
D/dalvikvm( 1428): GC_CONCURRENT freed 693K, 65% free 2524K/7107K, paused 2ms+2ms
D/dalvikvm( 1428): GC_CONCURRENT freed 703K, 65% free 2522K/7107K, paused 2ms+2ms
D/dalvikvm( 1428): GC_CONCURRENT freed 678K, 65% free 2507K/7107K, paused 2ms+2ms
D/dalvikvm( 1428): GC_CONCURRENT freed 681K, 67% free 2399K/7107K, paused 1ms+2ms
D/dalvikvm( 1428): GC_CONCURRENT freed 529K, 66% free 2433K/7107K, paused 1ms+2ms
D/dalvikvm( 1428): GC_CONCURRENT freed 581K, 66% free 2433K/7107K, paused 1ms+2ms
D/dalvikvm( 1428): GC_CONCURRENT freed 572K, 66% free 2420K/7107K, paused 2ms+2ms
D/SlideManagerRootImpl( 1071): slideTo = 3
D/dalvikvm( 1428): GC_CONCURRENT freed 566K, 65% free 2524K/7107K, paused 2ms+2ms
D/dalvikvm( 1428): GC_CONCURRENT freed 703K, 67% free 2411K/7107K, paused 2ms+2ms
D/dalvikvm( 1428): GC_CONCURRENT freed 533K, 66% free 2422K/7107K, paused 2ms+3ms
D/dalvikvm( 1428): GC_CONCURRENT freed 567K, 65% free 2517K/7107K, paused 2ms+3ms
D/dalvikvm( 1428): GC_CONCURRENT freed 674K, 66% free 2423K/7107K, paused 2ms+2ms
D/dalvikvm( 1428): GC_CONCURRENT freed 570K, 66% free 2433K/7107K, paused 2ms+2ms
D/dalvikvm( 1428): GC_CONCURRENT freed 573K, 66% free 2420K/7107K, paused 2ms+2ms
W/ThrottleService(  839): unable to find stats for iface rmnet0
D/SlideManagerRootImpl( 1071): slideTo = 4
D/dalvikvm( 1428): GC_CONCURRENT freed 564K, 64% free 2582K/7107K, paused 3ms+3ms
D/HomePlayerLib( 1428): hostaddress count is 2
D/dalvikvm( 1428): GC_CONCURRENT freed 776K, 65% free 2530K/7107K, paused 2ms+2ms
D/dalvikvm( 1428): GC_CONCURRENT freed 666K, 65% free 2558K/7107K, paused 2ms+2ms
D/dalvikvm( 1428): GC_CONCURRENT freed 735K, 65% free 2538K/7107K, paused 1ms+2ms
D/dalvikvm( 1428): GC_CONCURRENT freed 714K, 65% free 2513K/7107K, paused 2ms+2ms
D/dalvikvm( 1428): GC_CONCURRENT freed 664K, 64% free 2593K/7107K, paused 2ms+2ms
D/dalvikvm( 1428): GC_CONCURRENT freed 784K, 66% free 2438K/7107K, paused 2ms+2ms
D/dalvikvm( 1428): GC_CONCURRENT freed 580K, 66% free 2439K/7107K, paused 2ms+2ms
D/dalvikvm( 1428): GC_CONCURRENT freed 581K, 66% free 2436K/7107K, paused 2ms+2ms
D/dalvikvm( 1428): GC_CONCURRENT freed 571K, 66% free 2424K/7107K, paused 2ms+2ms
D/dalvikvm( 1428): GC_CONCURRENT freed 567K, 66% free 2437K/7107K, paused 2ms+2ms
D/dalvikvm( 1428): GC_CONCURRENT freed 583K, 66% free 2421K/7107K, paused 2ms+2ms
D/dalvikvm( 1428): GC_CONCURRENT freed 567K, 65% free 2521K/7107K, paused 2ms+2ms
D/dalvikvm( 1428): GC_CONCURRENT freed 677K, 65% free 2547K/7107K, paused 2ms+2ms
D/dalvikvm( 1428): GC_CONCURRENT freed 731K, 65% free 2525K/7107K, paused 2ms+3ms
D/dalvikvm( 1428): GC_CONCURRENT freed 704K, 67% free 2398K/7107K, paused 1ms+2ms
D/dalvikvm( 1428): GC_CONCURRENT freed 536K, 67% free 2396K/7107K, paused 2ms+2ms
D/dalvikvm( 1428): GC_CONCURRENT freed 536K, 67% free 2403K/7107K, paused 2ms+2ms
D/dalvikvm( 1428): GC_CONCURRENT freed 539K, 65% free 2544K/7107K, paused 1ms+2ms
D/dalvikvm( 1428): GC_CONCURRENT freed 729K, 66% free 2436K/7107K, paused 2ms+2ms
D/dalvikvm( 1428): GC_CONCURRENT freed 572K, 66% free 2420K/7107K, paused 2ms+3ms
D/dalvikvm( 1428): GC_CONCURRENT freed 566K, 67% free 2397K/7107K, paused 2ms+2ms
D/dalvikvm( 1428): GC_CONCURRENT freed 531K, 66% free 2420K/7107K, paused 2ms+3ms
D/dalvikvm( 1428): GC_CONCURRENT freed 565K, 67% free 2397K/7107K, paused 2ms+2ms
D/dalvikvm( 1428): GC_CONCURRENT freed 527K, 66% free 2483K/7107K, paused 2ms+2ms
D/dalvikvm( 1428): GC_CONCURRENT freed 649K, 66% free 2426K/7107K, paused 2ms+2ms
D/dalvikvm( 1428): GC_CONCURRENT freed 569K, 65% free 2523K/7107K, paused 1ms+2ms
D/SlideManagerRootImpl( 1071): slideTo = 0
D/dalvikvm( 1428): GC_CONCURRENT freed 702K, 65% free 2534K/7107K, paused 4ms+3ms
D/dalvikvm( 1428): GC_CONCURRENT freed 706K, 67% free 2410K/7107K, paused 2ms+2ms
D/dalvikvm( 1428): GC_CONCURRENT freed 542K, 66% free 2433K/7107K, paused 2ms+2ms
D/dalvikvm( 1428): GC_CONCURRENT freed 571K, 66% free 2420K/7107K, paused 1ms+2ms
D/dalvikvm( 1428): GC_CONCURRENT freed 541K, 66% free 2421K/7107K, paused 2ms+2ms
D/dalvikvm( 1428): GC_CONCURRENT freed 558K, 66% free 2461K/7107K, paused 1ms+2ms
D/SlideManagerRootImpl( 1071): slideTo = 1
D/dalvikvm( 1428): GC_CONCURRENT freed 619K, 67% free 2397K/7107K, paused 1ms+2ms
D/dalvikvm( 1428): GC_CONCURRENT freed 529K, 65% free 2544K/7107K, paused 2ms+4ms
D/HomePlayerLib( 1428): hostaddress count is 2
D/dalvikvm( 1428): GC_CONCURRENT freed 724K, 65% free 2525K/7107K, paused 3ms+2ms
D/dalvikvm( 1428): GC_CONCURRENT freed 685K, 65% free 2528K/7107K, paused 1ms+2ms
D/dalvikvm( 1428): GC_CONCURRENT freed 700K, 65% free 2529K/7107K, paused 2ms+3ms
D/dalvikvm( 1428): GC_CONCURRENT freed 700K, 65% free 2549K/7107K, paused 2ms+2ms
D/dalvikvm( 1428): GC_CONCURRENT freed 721K, 67% free 2413K/7107K, paused 2ms+2ms
D/dalvikvm( 1428): GC_CONCURRENT freed 544K, 66% free 2432K/7107K, paused 1ms+2ms
D/dalvikvm( 1428): GC_CONCURRENT freed 565K, 65% free 2537K/7107K, paused 2ms+2ms
D/dalvikvm( 1428): GC_CONCURRENT freed 687K, 65% free 2556K/7107K, paused 2ms+2ms
D/dalvikvm( 1428): GC_CONCURRENT freed 728K, 66% free 2423K/7107K, paused 2ms+2ms
D/dalvikvm( 1428): GC_CONCURRENT freed 560K, 66% free 2444K/7107K, paused 2ms+2ms
D/dalvikvm( 1428): GC_CONCURRENT freed 579K, 66% free 2446K/7107K, paused 2ms+2ms
D/dalvikvm( 1428): GC_CONCURRENT freed 581K, 65% free 2537K/7107K, paused 1ms+2ms
D/dalvikvm( 1428): GC_CONCURRENT freed 709K, 67% free 2411K/7107K, paused 2ms+3ms
D/dalvikvm( 1428): GC_CONCURRENT freed 543K, 65% free 2512K/7107K, paused 1ms+2ms
D/dalvikvm( 1428): GC_CONCURRENT freed 660K, 65% free 2537K/7107K, paused 2ms+3ms
D/dalvikvm( 1428): GC_CONCURRENT freed 704K, 65% free 2538K/7107K, paused 2ms+2ms
D/dalvikvm( 1428): GC_CONCURRENT freed 706K, 66% free 2432K/7107K, paused 2ms+2ms
D/dalvikvm( 1428): GC_CONCURRENT freed 569K, 66% free 2426K/7107K, paused 1ms+2ms
D/dalvikvm( 1428): GC_CONCURRENT freed 558K, 67% free 2416K/7107K, paused 2ms+2ms
D/dalvikvm( 1428): GC_CONCURRENT freed 540K, 65% free 2541K/7107K, paused 2ms+2ms
D/dalvikvm( 1428): GC_CONCURRENT freed 717K, 65% free 2530K/7107K, paused 1ms+3ms
D/dalvikvm( 1428): GC_CONCURRENT freed 703K, 66% free 2431K/7107K, paused 2ms+2ms
D/dalvikvm( 1428): GC_CONCURRENT freed 561K, 66% free 2475K/7107K, paused 2ms+2ms
D/SlideManagerRootImpl( 1071): slideTo = 2
D/dalvikvm( 1428): GC_CONCURRENT freed 621K, 65% free 2537K/7107K, paused 1ms+2ms
D/UpdateInstallAppStatusTimerTask( 1206):  ------:: UpdateInstallAppStatusTimerTask execute...
D/MyAppInfoService( 1206):  ------:: appInfoEntityTemp = AppInfoEntity:[id=1,appId=19af367011374b7ba5dc8d62f74c0f06,packageName=Com.Cooaa.Ahzk.Hjkg,typeName=,appName=,version=1.10,size=4909649,price=0.0,language=zh,developer=null,publishTime=null,downloadTimes=1,averageScore=0.0,description=
D/MyAppInfoService( 1206): 
D/MyAppInfoService( 1206): ,installStatus=2,updateStatus=1,downloadStatus=5]
D/MyAppInfoService( 1206):  ------:: appInfoEntityTemp.getCommentSize() = 0
D/AppInfo ( 1206):  ------:: str = null
D/MyAppInfoService( 1206):  ------:: appInfoEntityTemp = AppInfoEntity:[id=2,appId=3e1baee05f9f4577b51baae747864097,packageName=com.adobe.flashplayer,typeName=,appName=FlashPlayer,version=11.1.112.60,size=6204464,price=0.0,language=zh,developer=FlashPlayer,publishTime=null,downloadTimes=1,averageScore=0.0,description=FlashPlayer,installStatus=2,updateStatus=1,downloadStatus=5]
D/MyAppInfoService( 1206):  ------:: appInfoEntityTemp.getCommentSize() = 0
D/dalvikvm( 1206): GC_CONCURRENT freed 372K, 81% free 1022K/5123K, paused 0ms+2ms
D/MyAppInfoService( 1206):  ------:: appInfoEntityTemp = AppInfoEntity:[id=7,appId=dcc0eae064cd4bff914ad860430d69fc,packageName=com.carrot.carrotfantasy,typeName=,appName=,version=1.0.6,size=49626852,price=0.0,language=zh,developer=null,publishTime=null,downloadTimes=1,averageScore=0.0,description=
D/MyAppInfoService( 1206): 
D/MyAppInfoService( 1206):  ,installStatus=2,updateStatus=1,downloadStatus=5]
D/MyAppInfoService( 1206):  ------:: appInfoEntityTemp.getCommentSize() = 0
D/AppInfo ( 1206):  ------:: str = null
D/MyAppInfoService( 1206):  ------:: appInfoEntityTemp = AppInfoEntity:[id=3,appId=796bcf0881a84c4ca287c92c008846b1,packageName=com.galapagossoft.trialx2_gl2,typeName=,appName=2,version=2.96,size=47807062,price=0.0,language=en,developer=null,publishTime=null,downloadTimes=1,averageScore=0.0,description=Trial Xtreme2 Trial Xtreme 2 HD,NVIDIA? PhysX,,,! ,Android,.iPhone,Android. ,,,. .,installStatus=2,updateStatus=1,downloadStatus=5]
D/MyAppInfoService( 1206):  ------:: appInfoEntityTemp.getCommentSize() = 0
D/AppInfo ( 1206):  ------:: str = null
D/MyAppInfoService( 1206):  ------:: appInfoEntityTemp = AppInfoEntity:[id=8,appId=71627285f9b84368801f3561d07c3396,packageName=com.game.SkaterBoyword,typeName=,appName=,version=1.5,size=7428784,price=0.0,language=zh,developer=,publishTime=null,downloadTimes=1,averageScore=0.0,description=Skater Boy6MB
D/MyAppInfoService( 1206): 
D/MyAppInfoService( 1206): ,installStatus=2,updateStatus=1,downloadStatus=5]
D/MyAppInfoService( 1206):  ------:: appInfoEntityTemp.getCommentSize() = 0
D/AppInfoDao( 1206):  ------:: Can not find record in database by application packageName com.leg3s.mbabycare
D/dalvikvm( 1206): GC_CONCURRENT freed 404K, 81% free 1033K/5187K, paused 0ms+2ms
D/MyAppInfoService( 1206):  ------:: appInfoEntityTemp = AppInfoEntity:[id=4,appId=aeb49f24a4b746a69b6584e7ab53ea76,packageName=com.madfingergames.Samurai2Amz,typeName=,appName=2,version=4.0.0,size=45912992,price=0.0,language=zh,developer=,publishTime=null,downloadTimes=1,averageScore=0.0,description=Samurai : Way of the Warrior (Apple)  2009 Samurai II Samurai II Samurai II 60  Retina  iPad ,installStatus=2,updateStatus=1,downloadStatus=5]
D/MyAppInfoService( 1206):  ------:: appInfoEntityTemp.getCommentSize() = 0
D/AppInfoDao( 1206):  ------:: Can not find record in database by application packageName com.rovio.angrybirdsstarwars.ads.iap
D/MyAppInfoService( 1206):  ------:: appInfoEntityTemp = AppInfoEntity:[id=5,appId=22c1c895bfad4a62ab7d0f8863a1d0c8,packageName=com.tomoney.hitv.happyporter,typeName=,appName=,version=4.0,size=2130116,price=0.0,language=zh,developer=null,publishTime=null,downloadTimes=1,averageScore=0.0,description=
D/MyAppInfoService( 1206): ,installStatus=2,updateStatus=1,downloadStatus=5]
D/MyAppInfoService( 1206):  ------:: appInfoEntityTemp.getCommentSize() = 0
D/AppInfo ( 1206):  ------:: str = null
D/MyAppInfoService( 1206):  ------:: appInfoEntityTemp = AppInfoEntity:[id=6,appId=a0aa58fa63034c3890b8c67984fa963e,packageName=com.trinitigame.android.kkjsdfsnfjr,typeName=,appName=KungFu,version=1.3,size=44537926,price=0.0,language=en,developer=null,publishTime=null,downloadTimes=1,averageScore=0.0,description=iOSAndroid   .....  - 2D -  - 27  - 15COMBO - + - 11BOSS - OpenFeint+,installStatus=2,updateStatus=1,downloadStatus=5]
D/MyAppInfoService( 1206):  ------:: appInfoEntityTemp.getCommentSize() = 0
D/AppInfo ( 1206):  ------:: str = null
D/AppInfoDao( 1206):  ------:: Can not find record in database by application packageName com.um.youpai.tv
D/AppInfoDao( 1206):  ------:: Can not find record in database by application packageName com.wandoujia.phoenix2.usbproxy
D/dalvikvm( 1206): GC_CONCURRENT freed 375K, 80% free 1066K/5187K, paused 0ms+1ms
D/dalvikvm( 1206): GC_CONCURRENT freed 291K, 77% free 1209K/5251K, paused 1ms+1ms
D/dalvikvm( 1428): GC_CONCURRENT freed 712K, 66% free 2424K/7107K, paused 2ms+2ms
D/dalvikvm( 1428): GC_CONCURRENT freed 570K, 65% free 2541K/7107K, paused 2ms+2ms
D/dalvikvm( 1428): GC_CONCURRENT freed 715K, 65% free 2545K/7107K, paused 1ms+2ms
D/dalvikvm( 1428): GC_CONCURRENT freed 730K, 67% free 2412K/7107K, paused 2ms+2ms
D/dalvikvm( 1428): GC_CONCURRENT freed 533K, 66% free 2420K/7107K, paused 1ms+2ms
D/dalvikvm( 1428): GC_CONCURRENT freed 565K, 67% free 2396K/7107K, paused 2ms+2ms
D/SlideManagerRootImpl( 1071): slideTo = 3
D/dalvikvm( 1428): GC_CONCURRENT freed 531K, 67% free 2403K/7107K, paused 2ms+2ms
D/dalvikvm( 1428): GC_CONCURRENT freed 539K, 66% free 2421K/7107K, paused 2ms+3ms
D/dalvikvm( 1428): GC_CONCURRENT freed 568K, 66% free 2478K/7107K, paused 3ms+3ms
D/HomePlayerLib( 1428): hostaddress count is 2
D/dalvikvm( 1428): GC_CONCURRENT freed 637K, 65% free 2523K/7107K, paused 2ms+4ms
D/dalvikvm( 1428): GC_CONCURRENT freed 685K, 65% free 2534K/7107K, paused 3ms+3ms
D/dalvikvm( 1428): GC_CONCURRENT freed 720K, 65% free 2493K/7107K, paused 3ms+3ms
D/dalvikvm( 1428): GC_CONCURRENT freed 650K, 66% free 2480K/7107K, paused 2ms+2ms
D/dalvikvm( 1428): GC_CONCURRENT freed 622K, 65% free 2547K/7107K, paused 2ms+2ms
D/dalvikvm( 1428): GC_CONCURRENT freed 718K, 66% free 2437K/7107K, paused 2ms+2ms
D/dalvikvm( 1428): GC_CONCURRENT freed 570K, 66% free 2439K/7107K, paused 2ms+2ms
D/dalvikvm( 1428): GC_CONCURRENT freed 536K, 65% free 2502K/7107K, paused 2ms+2ms
D/dalvikvm( 1428): GC_CONCURRENT freed 650K, 66% free 2432K/7107K, paused 2ms+2ms
D/dalvikvm( 1428): GC_CONCURRENT freed 540K, 64% free 2565K/7107K, paused 2ms+2ms
D/dalvikvm( 1428): GC_CONCURRENT freed 736K, 66% free 2435K/7107K, paused 1ms+2ms
D/dalvikvm( 1428): GC_CONCURRENT freed 572K, 66% free 2430K/7107K, paused 2ms+2ms
D/dalvikvm( 1428): GC_CONCURRENT freed 569K, 66% free 2419K/7107K, paused 1ms+2ms
D/dalvikvm( 1428): GC_CONCURRENT freed 532K, 66% free 2474K/7107K, paused 2ms+2ms
D/dalvikvm( 1428): GC_CONCURRENT freed 619K, 65% free 2537K/7107K, paused 1ms+2ms
D/dalvikvm( 1428): GC_CONCURRENT freed 703K, 65% free 2538K/7107K, paused 1ms+2ms
D/dalvikvm( 1428): GC_CONCURRENT freed 706K, 66% free 2432K/7107K, paused 1ms+2ms
D/dalvikvm( 1428): GC_CONCURRENT freed 569K, 65% free 2532K/7107K, paused 2ms+2ms
D/dalvikvm( 1428): GC_CONCURRENT freed 703K, 65% free 2534K/7107K, paused 2ms+2ms
D/dalvikvm( 1428): GC_CONCURRENT freed 705K, 65% free 2534K/7107K, paused 2ms+2ms
D/dalvikvm( 1428): GC_CONCURRENT freed 704K, 66% free 2487K/7107K, paused 2ms+2ms
D/dalvikvm( 1428): GC_CONCURRENT freed 648K, 67% free 2408K/7107K, paused 2ms+2ms
D/dalvikvm( 1428): GC_CONCURRENT freed 534K, 66% free 2418K/7107K, paused 2ms+2ms
D/dalvikvm( 1428): GC_CONCURRENT freed 555K, 65% free 2529K/7107K, paused 2ms+2ms
D/SlideManagerRootImpl( 1071): slideTo = 4
D/dalvikvm( 1428): GC_CONCURRENT freed 710K, 65% free 2530K/7107K, paused 1ms+3ms
D/dalvikvm( 1428): GC_CONCURRENT freed 706K, 66% free 2422K/7107K, paused 2ms+2ms
D/dalvikvm( 1428): GC_CONCURRENT freed 561K, 65% free 2506K/7107K, paused 2ms+2ms
D/dalvikvm( 1428): GC_CONCURRENT freed 660K, 65% free 2529K/7107K, paused 2ms+2ms
D/dalvikvm( 1428): GC_CONCURRENT freed 704K, 65% free 2529K/7107K, paused 2ms+2ms
D/dalvikvm( 1428): GC_CONCURRENT freed 706K, 65% free 2529K/7107K, paused 1ms+2ms
D/dalvikvm( 1428): GC_CONCURRENT freed 704K, 66% free 2423K/7107K, paused 2ms+2ms
D/dalvikvm( 1428): GC_CONCURRENT freed 570K, 66% free 2417K/7107K, paused 1ms+2ms
D/dalvikvm( 1428): GC_CONCURRENT freed 559K, 67% free 2407K/7107K, paused 2ms+2ms
D/dalvikvm( 1428): GC_CONCURRENT freed 541K, 65% free 2532K/7107K, paused 1ms+2ms
D/SlideManagerRootImpl( 1071): slideTo = 0
D/dalvikvm( 1428): GC_CONCURRENT freed 666K, 64% free 2573K/7107K, paused 1ms+2ms
D/HomePlayerLib( 1428): hostaddress count is 2
D/dalvikvm( 1428): GC_CONCURRENT freed 769K, 67% free 2407K/7107K, paused 2ms+3ms
D/dalvikvm( 1428): GC_CONCURRENT freed 530K, 65% free 2542K/7107K, paused 3ms+3ms
D/dalvikvm( 1428): GC_CONCURRENT freed 720K, 65% free 2531K/7107K, paused 2ms+2ms
D/dalvikvm( 1428): GC_CONCURRENT freed 703K, 65% free 2534K/7107K, paused 2ms+2ms
D/dalvikvm( 1428): GC_CONCURRENT freed 704K, 65% free 2537K/7107K, paused 2ms+3ms
D/dalvikvm( 1428): GC_CONCURRENT freed 715K, 65% free 2523K/7107K, paused 3ms+3ms
D/dalvikvm( 1428): GC_CONCURRENT freed 687K, 67% free 2413K/7107K, paused 1ms+2ms
D/dalvikvm( 1428): GC_CONCURRENT freed 532K, 65% free 2548K/7107K, paused 1ms+2ms
D/dalvikvm( 1428): GC_CONCURRENT freed 728K, 67% free 2415K/7107K, paused 2ms+2ms
D/dalvikvm( 1428): GC_CONCURRENT freed 547K, 65% free 2536K/7107K, paused 2ms+2ms
D/dalvikvm( 1428): GC_CONCURRENT freed 712K, 65% free 2526K/7107K, paused 2ms+2ms
D/dalvikvm( 1428): GC_CONCURRENT freed 704K, 65% free 2525K/7107K, paused 2ms+2ms
D/dalvikvm( 1428): GC_CONCURRENT freed 704K, 67% free 2410K/7107K, paused 1ms+2ms
D/dalvikvm( 1428): GC_CONCURRENT freed 534K, 65% free 2506K/7107K, paused 2ms+2ms
D/dalvikvm( 1428): GC_CONCURRENT freed 660K, 65% free 2529K/7107K, paused 1ms+2ms
D/dalvikvm( 1428): GC_CONCURRENT freed 704K, 65% free 2529K/7107K, paused 2ms+2ms
D/dalvikvm( 1428): GC_CONCURRENT freed 705K, 66% free 2423K/7107K, paused 1ms+2ms
D/dalvikvm( 1428): GC_CONCURRENT freed 569K, 66% free 2437K/7107K, paused 2ms+2ms
D/dalvikvm( 1428): GC_CONCURRENT freed 571K, 66% free 2420K/7107K, paused 2ms+3ms
D/dalvikvm( 1428): GC_CONCURRENT freed 566K, 67% free 2398K/7107K, paused 2ms+3ms
D/dalvikvm( 1428): GC_CONCURRENT freed 533K, 66% free 2421K/7107K, paused 2ms+2ms
D/dalvikvm( 1428): GC_CONCURRENT freed 565K, 66% free 2419K/7107K, paused 1ms+2ms
D/SlideManagerRootImpl( 1071): slideTo = 1
D/dalvikvm( 1428): GC_CONCURRENT freed 554K, 65% free 2520K/7107K, paused 2ms+2ms
D/dalvikvm( 1428): GC_CONCURRENT freed 689K, 65% free 2533K/7107K, paused 2ms+7ms
D/dalvikvm( 1428): GC_CONCURRENT freed 716K, 66% free 2423K/7107K, paused 2ms+3ms
D/dalvikvm( 1428): GC_CONCURRENT freed 560K, 66% free 2419K/7107K, paused 2ms+2ms
D/dalvikvm( 1428): GC_CONCURRENT freed 540K, 65% free 2546K/7107K, paused 2ms+1ms
D/dalvikvm( 1428): GC_CONCURRENT freed 726K, 66% free 2422K/7107K, paused 2ms+3ms
D/dalvikvm( 1428): GC_CONCURRENT freed 556K, 66% free 2422K/7107K, paused 2ms+2ms
D/dalvikvm( 1428): GC_CONCURRENT freed 567K, 66% free 2434K/7107K, paused 2ms+3ms
D/dalvikvm( 1428): GC_CONCURRENT freed 583K, 66% free 2434K/7107K, paused 2ms+3ms
D/dalvikvm( 1428): GC_CONCURRENT freed 570K, 66% free 2421K/7107K, paused 2ms+2ms
D/HomePlayerLib( 1428): hostaddress count is 2
D/dalvikvm( 1428): GC_CONCURRENT freed 555K, 66% free 2446K/7107K, paused 2ms+2ms
D/dalvikvm( 1428): GC_CONCURRENT freed 604K, 67% free 2395K/7107K, paused 2ms+2ms
D/SlideManagerRootImpl( 1071): slideTo = 2
D/dalvikvm( 1428): GC_CONCURRENT freed 490K, 64% free 2566K/7107K, paused 5ms+2ms
D/dalvikvm( 1428): GC_CONCURRENT freed 743K, 65% free 2529K/7107K, paused 3ms+2ms
D/dalvikvm( 1428): GC_CONCURRENT freed 675K, 66% free 2461K/7107K, paused 3ms+2ms
D/dalvikvm( 1428): GC_CONCURRENT freed 607K, 66% free 2416K/7107K, paused 2ms+2ms
D/dalvikvm( 1428): GC_CONCURRENT freed 542K, 65% free 2540K/7107K, paused 2ms+3ms
D/dalvikvm( 1428): GC_CONCURRENT freed 703K, 66% free 2477K/7107K, paused 2ms+2ms
D/dalvikvm( 1428): GC_CONCURRENT freed 620K, 65% free 2540K/7107K, paused 2ms+2ms
D/dalvikvm( 1428): GC_CONCURRENT freed 703K, 65% free 2541K/7107K, paused 1ms+2ms
D/dalvikvm( 1428): GC_CONCURRENT freed 703K, 65% free 2545K/7107K, paused 1ms+2ms
D/dalvikvm( 1428): GC_CONCURRENT freed 721K, 65% free 2530K/7107K, paused 1ms+2ms
D/dalvikvm( 1428): GC_CONCURRENT freed 690K, 66% free 2420K/7107K, paused 1ms+2ms
D/dalvikvm( 1428): GC_CONCURRENT freed 532K, 66% free 2430K/7107K, paused 1ms+2ms
D/dalvikvm( 1428): GC_CONCURRENT freed 568K, 66% free 2418K/7107K, paused 2ms+2ms
D/dalvikvm( 1428): GC_CONCURRENT freed 553K, 65% free 2529K/7107K, paused 2ms+2ms
D/dalvikvm( 1428): GC_CONCURRENT freed 690K, 65% free 2543K/7107K, paused 2ms+2ms
D/dalvikvm( 1428): GC_CONCURRENT freed 718K, 66% free 2431K/7107K, paused 2ms+3ms
D/dalvikvm( 1428): GC_CONCURRENT freed 561K, 65% free 2516K/7107K, paused 2ms+2ms
D/dalvikvm( 1428): GC_CONCURRENT freed 659K, 65% free 2558K/7107K, paused 2ms+2ms
D/dalvikvm( 1428): GC_CONCURRENT freed 733K, 65% free 2532K/7107K, paused 2ms+2ms
D/dalvikvm( 1428): GC_CONCURRENT freed 680K, 64% free 2559K/7107K, paused 1ms+2ms
D/SlideManagerRootImpl( 1071): slideTo = 3
D/dalvikvm( 1428): GC_CONCURRENT freed 739K, 67% free 2411K/7107K, paused 1ms+2ms
D/dalvikvm( 1428): GC_CONCURRENT freed 544K, 65% free 2532K/7107K, paused 2ms+2ms
D/dalvikvm( 1428): GC_CONCURRENT freed 700K, 65% free 2539K/7107K, paused 1ms+2ms
D/HomePlayerLib( 1428): hostaddress count is 2
D/dalvikvm( 1428): GC_CONCURRENT freed 717K, 65% free 2530K/7107K, paused 2ms+2ms
D/dalvikvm( 1428): GC_CONCURRENT freed 708K, 65% free 2521K/7107K, paused 2ms+2ms
D/dalvikvm( 1428): GC_CONCURRENT freed 681K, 65% free 2555K/7107K, paused 2ms+2ms
D/dalvikvm( 1428): GC_CONCURRENT freed 733K, 65% free 2537K/7107K, paused 2ms+2ms
D/SlideManagerRootImpl( 1071): slideTo = 4
D/dalvikvm( 1428): GC_CONCURRENT freed 716K, 65% free 2524K/7107K, paused 1ms+3ms
D/dalvikvm( 1428): GC_CONCURRENT freed 692K, 65% free 2549K/7107K, paused 2ms+4ms
D/dalvikvm( 1428): GC_CONCURRENT freed 728K, 65% free 2531K/7107K, paused 2ms+2ms
D/dalvikvm( 1428): GC_CONCURRENT freed 701K, 65% free 2532K/7107K, paused 3ms+2ms
D/dalvikvm( 1428): GC_CONCURRENT freed 703K, 65% free 2519K/7107K, paused 1ms+4ms
D/dalvikvm( 1428): GC_CONCURRENT freed 679K, 66% free 2423K/7107K, paused 2ms+3ms
D/dalvikvm( 1428): GC_CONCURRENT freed 560K, 66% free 2420K/7107K, paused 2ms+2ms
D/dalvikvm( 1428): GC_CONCURRENT freed 542K, 65% free 2543K/7107K, paused 1ms+2ms
D/dalvikvm( 1428): GC_CONCURRENT freed 727K, 65% free 2525K/7107K, paused 2ms+3ms
D/dalvikvm( 1428): GC_CONCURRENT freed 703K, 65% free 2523K/7107K, paused 2ms+2ms
D/dalvikvm( 1428): GC_CONCURRENT freed 681K, 65% free 2546K/7107K, paused 2ms+2ms
D/dalvikvm( 1428): GC_CONCURRENT freed 729K, 65% free 2525K/7107K, paused 1ms+2ms
D/dalvikvm( 1428): GC_CONCURRENT freed 704K, 67% free 2399K/7107K, paused 2ms+2ms
D/dalvikvm( 1428): GC_CONCURRENT freed 540K, 66% free 2438K/7107K, paused 2ms+2ms
D/dalvikvm( 1428): GC_CONCURRENT freed 574K, 66% free 2420K/7107K, paused 2ms+3ms
D/dalvikvm( 1428): GC_CONCURRENT freed 566K, 66% free 2418K/7107K, paused 2ms+2ms
D/dalvikvm( 1428): GC_CONCURRENT freed 558K, 66% free 2433K/7107K, paused 2ms+2ms
D/dalvikvm( 1428): GC_CONCURRENT freed 578K, 66% free 2434K/7107K, paused 2ms+3ms
D/dalvikvm( 1428): GC_CONCURRENT freed 582K, 67% free 2409K/7107K, paused 2ms+2ms
D/dalvikvm( 1428): GC_CONCURRENT freed 532K, 65% free 2506K/7107K, paused 2ms+3ms
D/dalvikvm( 1428): GC_CONCURRENT freed 660K, 65% free 2529K/7107K, paused 2ms+2ms
D/dalvikvm( 1428): GC_CONCURRENT freed 704K, 65% free 2529K/7107K, paused 2ms+2ms
D/dalvikvm( 1428): GC_CONCURRENT freed 705K, 65% free 2529K/7107K, paused 1ms+2ms
D/dalvikvm( 1428): GC_CONCURRENT freed 689K, 65% free 2548K/7107K, paused 2ms+2ms
D/SlideManagerRootImpl( 1071): slideTo = 0
D/dalvikvm( 1428): GC_CONCURRENT freed 728K, 66% free 2436K/7107K, paused 2ms+2ms
D/dalvikvm( 1428): GC_CONCURRENT freed 584K, 66% free 2434K/7107K, paused 2ms+3ms
D/dalvikvm( 1428): GC_CONCURRENT freed 572K, 66% free 2421K/7107K, paused 2ms+3ms
D/HomePlayerLib( 1428): hostaddress count is 2
D/dalvikvm( 1428): GC_CONCURRENT freed 548K, 66% free 2418K/7107K, paused 2ms+2ms
D/dalvikvm( 1428): GC_CONCURRENT freed 544K, 66% free 2430K/7107K, paused 2ms+2ms
D/dalvikvm( 1428): GC_CONCURRENT freed 559K, 66% free 2419K/7107K, paused 2ms+2ms
D/dalvikvm( 1428): GC_CONCURRENT freed 550K, 66% free 2426K/7107K, paused 2ms+2ms
D/dalvikvm( 1428): GC_CONCURRENT freed 560K, 66% free 2426K/7107K, paused 2ms+2ms
D/dalvikvm( 1428): GC_CONCURRENT freed 563K, 66% free 2436K/7107K, paused 3ms+2ms
D/dalvikvm( 1428): GC_CONCURRENT freed 586K, 66% free 2430K/7107K, paused 2ms+2ms
D/dalvikvm( 1428): GC_CONCURRENT freed 563K, 65% free 2537K/7107K, paused 1ms+3ms
D/dalvikvm( 1428): GC_CONCURRENT freed 703K, 65% free 2529K/7107K, paused 2ms+2ms
D/SlideManagerRootImpl( 1071): slideTo = 1
D/dalvikvm( 1428): GC_CONCURRENT freed 673K, 66% free 2436K/7107K, paused 3ms+2ms
D/dalvikvm( 1428): GC_CONCURRENT freed 569K, 65% free 2505K/7107K, paused 1ms+4ms
D/dalvikvm( 1428): GC_CONCURRENT freed 651K, 66% free 2438K/7107K, paused 3ms+3ms
D/dalvikvm( 1428): GC_CONCURRENT freed 578K, 65% free 2532K/7107K, paused 3ms+2ms
D/dalvikvm( 1428): GC_CONCURRENT freed 681K, 66% free 2432K/7107K, paused 5ms+3ms
D/dalvikvm( 1428): GC_CONCURRENT freed 568K, 66% free 2417K/7107K, paused 1ms+2ms
D/dalvikvm( 1428): GC_CONCURRENT freed 532K, 65% free 2553K/7107K, paused 2ms+2ms
D/dalvikvm( 1428): GC_CONCURRENT freed 729K, 65% free 2533K/7107K, paused 2ms+2ms
D/dalvikvm( 1428): GC_CONCURRENT freed 704K, 65% free 2533K/7107K, paused 2ms+2ms
D/dalvikvm( 1428): GC_CONCURRENT freed 704K, 65% free 2533K/7107K, paused 2ms+2ms
D/dalvikvm( 1428): GC_CONCURRENT freed 705K, 65% free 2533K/7107K, paused 2ms+2ms
D/dalvikvm( 1428): GC_CONCURRENT freed 705K, 65% free 2532K/7107K, paused 1ms+2ms
D/dalvikvm( 1428): GC_CONCURRENT freed 704K, 67% free 2407K/7107K, paused 2ms+1ms
D/dalvikvm( 1428): GC_CONCURRENT freed 517K, 66% free 2429K/7107K, paused 1ms+2ms
D/dalvikvm( 1428): GC_CONCURRENT freed 559K, 66% free 2430K/7107K, paused 2ms+2ms
D/SlideManagerRootImpl( 1071): slideTo = 2
D/dalvikvm( 1428): GC_CONCURRENT freed 574K, 67% free 2409K/7107K, paused 1ms+2ms
D/dalvikvm( 1428): GC_CONCURRENT freed 531K, 66% free 2466K/7107K, paused 2ms+2ms
D/dalvikvm( 1428): GC_CONCURRENT freed 619K, 65% free 2528K/7107K, paused 1ms+2ms
D/dalvikvm( 1428): GC_CONCURRENT freed 703K, 64% free 2589K/7107K, paused 2ms+3ms
D/HomePlayerLib( 1428): hostaddress count is 2
D/dalvikvm( 1428): GC_CONCURRENT freed 792K, 65% free 2516K/7107K, paused 2ms+3ms
D/dalvikvm( 1428): GC_CONCURRENT freed 674K, 64% free 2583K/7107K, paused 2ms+2ms
D/dalvikvm( 1428): GC_CONCURRENT freed 774K, 65% free 2509K/7107K, paused 2ms+2ms
D/dalvikvm( 1428): GC_CONCURRENT freed 680K, 67% free 2401K/7107K, paused 2ms+2ms
D/dalvikvm( 1428): GC_CONCURRENT freed 528K, 65% free 2534K/7107K, paused 2ms+2ms
D/dalvikvm( 1428): GC_CONCURRENT freed 709K, 65% free 2529K/7107K, paused 2ms+2ms
D/dalvikvm( 1428): GC_CONCURRENT freed 704K, 65% free 2527K/7107K, paused 2ms+2ms
D/dalvikvm( 1428): GC_CONCURRENT freed 703K, 65% free 2529K/7107K, paused 1ms+2ms
D/dalvikvm( 1428): GC_CONCURRENT freed 705K, 65% free 2528K/7107K, paused 2ms+2ms
D/dalvikvm( 1428): GC_CONCURRENT freed 689K, 66% free 2423K/7107K, paused 1ms+2ms
D/SlideManagerRootImpl( 1071): slideTo = 3
D/dalvikvm( 1428): GC_CONCURRENT freed 568K, 66% free 2475K/7107K, paused 2ms+2ms
D/dalvikvm( 1428): GC_CONCURRENT freed 639K, 67% free 2396K/7107K, paused 2ms+2ms
D/dalvikvm( 1428): GC_CONCURRENT freed 515K, 65% free 2527K/7107K, paused 4ms+5ms
D/dalvikvm( 1428): GC_CONCURRENT freed 700K, 65% free 2529K/7107K, paused 1ms+2ms
D/dalvikvm( 1428): GC_CONCURRENT freed 705K, 66% free 2423K/7107K, paused 2ms+3ms
D/dalvikvm( 1428): GC_CONCURRENT freed 560K, 66% free 2421K/7107K, paused 1ms+2ms
D/dalvikvm( 1428): GC_CONCURRENT freed 601K, 66% free 2445K/7107K, paused 2ms+2ms
D/dalvikvm( 1428): GC_CONCURRENT freed 586K, 65% free 2545K/7107K, paused 1ms+2ms
D/dalvikvm( 1428): GC_CONCURRENT freed 728K, 66% free 2420K/7107K, paused 2ms+2ms
D/dalvikvm( 1428): GC_CONCURRENT freed 568K, 67% free 2397K/7107K, paused 2ms+2ms
D/dalvikvm( 1428): GC_CONCURRENT freed 533K, 66% free 2418K/7107K, paused 2ms+2ms
D/dalvikvm( 1428): GC_CONCURRENT freed 551K, 66% free 2421K/7107K, paused 2ms+2ms
D/dalvikvm( 1428): GC_CONCURRENT freed 559K, 66% free 2420K/7107K, paused 2ms+2ms
D/dalvikvm( 1428): GC_CONCURRENT freed 566K, 65% free 2521K/7107K, paused 1ms+2ms
D/dalvikvm( 1428): GC_CONCURRENT freed 677K, 65% free 2547K/7107K, paused 2ms+2ms
D/dalvikvm( 1428): GC_CONCURRENT freed 732K, 65% free 2525K/7107K, paused 2ms+2ms
D/dalvikvm( 1428): GC_CONCURRENT freed 704K, 65% free 2522K/7107K, paused 2ms+2ms
D/SlideManagerRootImpl( 1071): slideTo = 4
D/dalvikvm( 1428): GC_CONCURRENT freed 678K, 65% free 2547K/7107K, paused 2ms+2ms
D/dalvikvm( 1428): GC_CONCURRENT freed 731K, 67% free 2410K/7107K, paused 1ms+2ms
D/dalvikvm( 1428): GC_CONCURRENT freed 533K, 66% free 2420K/7107K, paused 2ms+2ms
D/dalvikvm( 1428): GC_CONCURRENT freed 551K, 64% free 2619K/7107K, paused 2ms+2ms
D/HomePlayerLib( 1428): hostaddress count is 2
D/dalvikvm( 1428): GC_CONCURRENT freed 822K, 66% free 2421K/7107K, paused 2ms+2ms
D/dalvikvm( 1428): GC_CONCURRENT freed 549K, 66% free 2434K/7107K, paused 2ms+2ms
D/dalvikvm( 1428): GC_CONCURRENT freed 577K, 65% free 2526K/7107K, paused 2ms+2ms
D/dalvikvm( 1428): GC_CONCURRENT freed 699K, 67% free 2412K/7107K, paused 2ms+2ms
D/dalvikvm( 1428): GC_CONCURRENT freed 532K, 65% free 2547K/7107K, paused 1ms+2ms
D/dalvikvm( 1428): GC_CONCURRENT freed 727K, 65% free 2527K/7107K, paused 2ms+2ms
D/dalvikvm( 1428): GC_CONCURRENT freed 702K, 66% free 2436K/7107K, paused 2ms+2ms
D/dalvikvm( 1428): GC_CONCURRENT freed 563K, 66% free 2448K/7107K, paused 2ms+3ms
D/dalvikvm( 1428): GC_CONCURRENT freed 589K, 66% free 2437K/7107K, paused 2ms+2ms
D/dalvikvm( 1428): GC_CONCURRENT freed 580K, 67% free 2413K/7107K, paused 2ms+2ms
D/dalvikvm( 1428): GC_CONCURRENT freed 522K, 65% free 2507K/7107K, paused 2ms+2ms
D/dalvikvm( 1428): GC_CONCURRENT freed 669K, 67% free 2410K/7107K, paused 2ms+2ms
D/dalvikvm( 1428): GC_CONCURRENT freed 544K, 66% free 2418K/7107K, paused 2ms+2ms
D/SlideManagerRootImpl( 1071): slideTo = 0
D/dalvikvm( 1428): GC_CONCURRENT freed 566K, 67% free 2406K/7107K, paused 2ms+2ms
D/dalvikvm( 1428): GC_CONCURRENT freed 543K, 66% free 2422K/7107K, paused 2ms+2ms
D/dalvikvm( 1428): GC_CONCURRENT freed 568K, 66% free 2418K/7107K, paused 3ms+2ms
D/dalvikvm( 1428): GC_CONCURRENT freed 560K, 66% free 2417K/7107K, paused 2ms+2ms
D/dalvikvm( 1428): GC_CONCURRENT freed 551K, 66% free 2422K/7107K, paused 2ms+2ms
D/dalvikvm( 1428): GC_CONCURRENT freed 558K, 66% free 2422K/7107K, paused 2ms+2ms
D/dalvikvm( 1428): GC_CONCURRENT freed 567K, 66% free 2435K/7107K, paused 2ms+3ms
D/dalvikvm( 1428): GC_CONCURRENT freed 582K, 66% free 2434K/7107K, paused 2ms+3ms
D/dalvikvm( 1428): GC_CONCURRENT freed 571K, 66% free 2421K/7107K, paused 2ms+2ms
D/dalvikvm( 1428): GC_CONCURRENT freed 566K, 67% free 2398K/7107K, paused 2ms+2ms
D/dalvikvm( 1428): GC_CONCURRENT freed 533K, 66% free 2421K/7107K, paused 2ms+2ms
D/dalvikvm( 1428): GC_CONCURRENT freed 565K, 66% free 2435K/7107K, paused 2ms+3ms
D/dalvikvm( 1428): GC_CONCURRENT freed 621K, 66% free 2484K/7107K, paused 2ms+2ms
D/SlideManagerRootImpl( 1071): slideTo = 1
D/dalvikvm( 1428): GC_CONCURRENT freed 634K, 65% free 2529K/7107K, paused 2ms+2ms
D/dalvikvm( 1428): GC_CONCURRENT freed 703K, 66% free 2422K/7107K, paused 1ms+2ms
D/dalvikvm( 1428): GC_CONCURRENT freed 559K, 66% free 2420K/7107K, paused 1ms+1ms
D/dalvikvm( 1428): GC_CONCURRENT freed 565K, 65% free 2521K/7107K, paused 2ms+2ms
D/dalvikvm( 1428): GC_CONCURRENT freed 675K, 66% free 2423K/7107K, paused 2ms+2ms
D/dalvikvm( 1428): GC_CONCURRENT freed 560K, 66% free 2420K/7107K, paused 2ms+2ms
D/dalvikvm( 1428): GC_CONCURRENT freed 566K, 67% free 2398K/7107K, paused 2ms+2ms
D/dalvikvm( 1428): GC_CONCURRENT freed 533K, 66% free 2425K/7107K, paused 2ms+2ms
D/dalvikvm( 1428): GC_CONCURRENT freed 565K, 65% free 2524K/7107K, paused 1ms+2ms
D/HomePlayerLib( 1428): hostaddress count is 2
D/dalvikvm( 1428): GC_CONCURRENT freed 684K, 66% free 2419K/7107K, paused 2ms+2ms
D/dalvikvm( 1428): GC_CONCURRENT freed 558K, 64% free 2567K/7107K, paused 2ms+2ms
D/dalvikvm( 1428): GC_CONCURRENT freed 755K, 65% free 2526K/7107K, paused 2ms+1ms
D/dalvikvm( 1428): GC_CONCURRENT freed 702K, 65% free 2527K/7107K, paused 1ms+2ms
D/dalvikvm( 1428): GC_CONCURRENT freed 703K, 65% free 2528K/7107K, paused 2ms+2ms
D/dalvikvm( 1428): GC_CONCURRENT freed 703K, 66% free 2439K/7107K, paused 2ms+2ms
D/dalvikvm( 1428): GC_CONCURRENT freed 591K, 66% free 2456K/7107K, paused 2ms+2ms
D/dalvikvm( 1428): GC_CONCURRENT freed 599K, 66% free 2483K/7107K, paused 2ms+2ms
D/dalvikvm( 1428): GC_CONCURRENT freed 632K, 65% free 2543K/7107K, paused 2ms+2ms
D/dalvikvm( 1428): GC_CONCURRENT freed 704K, 65% free 2533K/7107K, paused 2ms+2ms
D/dalvikvm( 1428): GC_CONCURRENT freed 704K, 65% free 2534K/7107K, paused 1ms+2ms
D/dalvikvm( 1428): GC_CONCURRENT freed 705K, 65% free 2534K/7107K, paused 1ms+2ms
D/dalvikvm( 1428): GC_CONCURRENT freed 704K, 66% free 2436K/7107K, paused 2ms+3ms
D/dalvikvm( 1428): GC_CONCURRENT freed 584K, 66% free 2434K/7107K, paused 2ms+3ms
D/SlideManagerRootImpl( 1071): slideTo = 2
D/dalvikvm( 1428): GC_CONCURRENT freed 572K, 66% free 2466K/7107K, paused 2ms+3ms
D/dalvikvm( 1428): GC_CONCURRENT freed 619K, 66% free 2423K/7107K, paused 2ms+2ms
D/dalvikvm( 1428): GC_CONCURRENT freed 569K, 66% free 2418K/7107K, paused 2ms+2ms
D/dalvikvm( 1428): GC_CONCURRENT freed 560K, 66% free 2432K/7107K, paused 2ms+3ms
D/dalvikvm( 1428): GC_CONCURRENT freed 580K, 66% free 2435K/7107K, paused 2ms+2ms
D/dalvikvm( 1428): GC_CONCURRENT freed 581K, 65% free 2541K/7107K, paused 2ms+2ms
D/dalvikvm( 1428): GC_CONCURRENT freed 717K, 66% free 2422K/7107K, paused 2ms+2ms
D/dalvikvm( 1428): GC_CONCURRENT freed 561K, 66% free 2420K/7107K, paused 2ms+2ms
D/SlideManagerRootImpl( 1071): slideTo = 3
D/dalvikvm( 1428): GC_CONCURRENT freed 565K, 66% free 2434K/7107K, paused 2ms+2ms
D/dalvikvm( 1428): GC_CONCURRENT freed 572K, 66% free 2421K/7107K, paused 2ms+3ms
D/dalvikvm( 1428): GC_CONCURRENT freed 567K, 67% free 2410K/7107K, paused 1ms+2ms
D/dalvikvm( 1428): GC_CONCURRENT freed 542K, 66% free 2433K/7107K, paused 1ms+2ms
D/dalvikvm( 1428): GC_CONCURRENT freed 571K, 66% free 2420K/7107K, paused 1ms+2ms
D/HomePlayerLib( 1428): hostaddress count is 2
D/dalvikvm( 1428): GC_CONCURRENT freed 565K, 66% free 2466K/7107K, paused 2ms+2ms
D/dalvikvm( 1428): GC_CONCURRENT freed 626K, 66% free 2418K/7107K, paused 1ms+2ms
D/dalvikvm( 1428): GC_CONCURRENT freed 566K, 67% free 2395K/7107K, paused 2ms+2ms
D/dalvikvm( 1428): GC_CONCURRENT freed 509K, 66% free 2434K/7107K, paused 1ms+2ms
D/dalvikvm( 1428): GC_CONCURRENT freed 552K, 66% free 2439K/7107K, paused 2ms+2ms
D/dalvikvm( 1428): GC_CONCURRENT freed 562K, 66% free 2434K/7107K, paused 2ms+2ms
D/dalvikvm( 1428): GC_CONCURRENT freed 558K, 66% free 2434K/7107K, paused 2ms+2ms
D/dalvikvm( 1428): GC_CONCURRENT freed 556K, 65% free 2500K/7107K, paused 2ms+3ms
D/dalvikvm( 1428): GC_CONCURRENT freed 654K, 65% free 2542K/7107K, paused 1ms+3ms
D/dalvikvm( 1428): GC_CONCURRENT freed 703K, 66% free 2434K/7107K, paused 2ms+2ms
D/dalvikvm( 1428): GC_CONCURRENT freed 559K, 66% free 2477K/7107K, paused 2ms+2ms
D/dalvikvm( 1428): GC_CONCURRENT freed 620K, 66% free 2460K/7107K, paused 2ms+2ms
D/dalvikvm( 1428): GC_CONCURRENT freed 594K, 66% free 2432K/7107K, paused 1ms+2ms
D/dalvikvm( 1428): GC_CONCURRENT freed 560K, 66% free 2475K/7107K, paused 2ms+2ms
D/dalvikvm( 1428): GC_CONCURRENT freed 621K, 65% free 2538K/7107K, paused 2ms+2ms
D/dalvikvm( 1428): GC_CONCURRENT freed 705K, 65% free 2555K/7107K, paused 2ms+3ms
D/SlideManagerRootImpl( 1071): slideTo = 4
D/dalvikvm( 1428): GC_CONCURRENT freed 730K, 66% free 2429K/7107K, paused 1ms+2ms
D/dalvikvm( 1428): GC_CONCURRENT freed 557K, 66% free 2430K/7107K, paused 2ms+2ms
D/dalvikvm( 1428): GC_CONCURRENT freed 559K, 66% free 2430K/7107K, paused 2ms+2ms
D/dalvikvm( 1428): GC_CONCURRENT freed 566K, 66% free 2444K/7107K, paused 2ms+2ms
D/dalvikvm( 1428): GC_CONCURRENT freed 581K, 66% free 2443K/7107K, paused 2ms+2ms
D/dalvikvm( 1428): GC_CONCURRENT freed 573K, 66% free 2430K/7107K, paused 2ms+3ms
D/dalvikvm( 1428): GC_CONCURRENT freed 564K, 66% free 2444K/7107K, paused 2ms+2ms
D/dalvikvm( 1428): GC_CONCURRENT freed 581K, 66% free 2424K/7107K, paused 2ms+2ms
D/dalvikvm( 1428): GC_CONCURRENT freed 566K, 66% free 2434K/7107K, paused 2ms+3ms
D/dalvikvm( 1428): GC_CONCURRENT freed 582K, 66% free 2434K/7107K, paused 2ms+2ms
D/dalvikvm( 1428): GC_CONCURRENT freed 572K, 66% free 2421K/7107K, paused 2ms+2ms
D/dalvikvm( 1428): GC_CONCURRENT freed 566K, 66% free 2435K/7107K, paused 1ms+2ms
D/dalvikvm( 1428): GC_CONCURRENT freed 582K, 66% free 2433K/7107K, paused 2ms+2ms
D/dalvikvm( 1428): GC_CONCURRENT freed 582K, 67% free 2415K/7107K, paused 2ms+2ms
D/SlideManagerRootImpl( 1071): slideTo = 0
D/dalvikvm( 1428): GC_CONCURRENT freed 549K, 65% free 2545K/7107K, paused 2ms+3ms
D/dalvikvm( 1428): GC_CONCURRENT freed 730K, 67% free 2398K/7107K, paused 2ms+2ms
D/dalvikvm( 1428): GC_CONCURRENT freed 534K, 66% free 2420K/7107K, paused 2ms+2ms
D/dalvikvm( 1428): GC_CONCURRENT freed 565K, 65% free 2524K/7107K, paused 2ms+2ms
D/dalvikvm( 1428): GC_CONCURRENT freed 703K, 66% free 2437K/7107K, paused 2ms+2ms
D/dalvikvm( 1428): GC_CONCURRENT freed 548K, 65% free 2528K/7107K, paused 2ms+2ms
D/HomePlayerLib( 1428): hostaddress count is 2
D/dalvikvm( 1428): GC_CONCURRENT freed 700K, 66% free 2419K/7107K, paused 2ms+2ms
D/dalvikvm( 1428): GC_CONCURRENT freed 566K, 67% free 2400K/7107K, paused 2ms+2ms
D/dalvikvm( 1428): GC_CONCURRENT freed 527K, 65% free 2530K/7107K, paused 1ms+2ms
D/dalvikvm( 1428): GC_CONCURRENT freed 699K, 62% free 2714K/7107K, paused 2ms+2ms
D/dalvikvm( 1428): GC_CONCURRENT freed 955K, 65% free 2527K/7171K, paused 2ms+2ms
D/dalvikvm( 1428): GC_CONCURRENT freed 675K, 65% free 2552K/7171K, paused 1ms+3ms
D/dalvikvm( 1428): GC_CONCURRENT freed 748K, 66% free 2506K/7171K, paused 2ms+2ms
D/dalvikvm( 1428): GC_CONCURRENT freed 654K, 66% free 2443K/7171K, paused 1ms+2ms
D/dalvikvm( 1428): GC_CONCURRENT freed 581K, 65% free 2532K/7171K, paused 2ms+2ms
D/dalvikvm( 1428): GC_CONCURRENT freed 696K, 66% free 2447K/7171K, paused 2ms+2ms
D/dalvikvm( 1428): GC_CONCURRENT freed 599K, 65% free 2521K/7171K, paused 2ms+2ms
D/dalvikvm( 1428): GC_CONCURRENT freed 693K, 67% free 2410K/7171K, paused 2ms+2ms
D/dalvikvm( 1428): GC_CONCURRENT freed 533K, 66% free 2506K/7171K, paused 1ms+2ms
D/SlideManagerRootImpl( 1071): slideTo = 1
D/dalvikvm( 1428): GC_CONCURRENT freed 659K, 67% free 2422K/7171K, paused 2ms+3ms
D/dalvikvm( 1428): GC_CONCURRENT freed 568K, 65% free 2521K/7171K, paused 2ms+3ms
D/dalvikvm( 1428): GC_CONCURRENT freed 679K, 65% free 2520K/7171K, paused 1ms+2ms
D/dalvikvm( 1428): GC_CONCURRENT freed 689K, 67% free 2409K/7171K, paused 1ms+2ms
D/dalvikvm( 1428): GC_CONCURRENT freed 533K, 65% free 2542K/7171K, paused 1ms+2ms
D/dalvikvm( 1428): GC_CONCURRENT freed 702K, 65% free 2550K/7171K, paused 1ms+2ms
D/SlideManagerRootImpl( 1071): slideTo = 2
D/dalvikvm( 1428): GC_CONCURRENT freed 732K, 65% free 2523K/7171K, paused 2ms+3ms
D/dalvikvm( 1428): GC_CONCURRENT freed 677K, 67% free 2423K/7171K, paused 2ms+2ms
D/dalvikvm( 1428): GC_CONCURRENT freed 570K, 67% free 2396K/7171K, paused 1ms+2ms
D/dalvikvm( 1428): GC_CONCURRENT freed 532K, 67% free 2419K/7171K, paused 2ms+3ms
D/dalvikvm( 1428): GC_CONCURRENT freed 564K, 67% free 2397K/7171K, paused 2ms+2ms
D/dalvikvm( 1428): GC_CONCURRENT freed 515K, 67% free 2418K/7171K, paused 2ms+2ms
D/HomePlayerLib( 1428): hostaddress count is 2
D/dalvikvm( 1428): GC_CONCURRENT freed 530K, 64% free 2595K/7171K, paused 2ms+2ms
D/dalvikvm( 1428): GC_CONCURRENT freed 782K, 65% free 2540K/7171K, paused 1ms+3ms
D/dalvikvm( 1428): GC_CONCURRENT freed 715K, 65% free 2513K/7171K, paused 2ms+2ms
D/dalvikvm( 1428): GC_CONCURRENT freed 663K, 65% free 2550K/7171K, paused 2ms+2ms
D/dalvikvm( 1428): GC_CONCURRENT freed 729K, 66% free 2455K/7171K, paused 1ms+2ms
D/dalvikvm( 1428): GC_CONCURRENT freed 595K, 65% free 2532K/7171K, paused 2ms+2ms
D/dalvikvm( 1428): GC_CONCURRENT freed 702K, 66% free 2447K/7171K, paused 1ms+2ms
D/dalvikvm( 1428): GC_CONCURRENT freed 597K, 67% free 2403K/7171K, paused 2ms+2ms
D/dalvikvm( 1428): GC_CONCURRENT freed 540K, 67% free 2421K/7171K, paused 2ms+2ms
D/dalvikvm( 1428): GC_CONCURRENT freed 554K, 63% free 2684K/7171K, paused 2ms+3ms
D/dalvikvm( 1428): GC_CONCURRENT freed 902K, 65% free 2526K/7171K, paused 2ms+2ms
D/dalvikvm( 1428): GC_CONCURRENT freed 706K, 67% free 2399K/7171K, paused 2ms+2ms
D/dalvikvm( 1428): GC_CONCURRENT freed 518K, 67% free 2420K/7171K, paused 2ms+2ms
D/dalvikvm( 1428): GC_CONCURRENT freed 557K, 66% free 2507K/7171K, paused 2ms+2ms
D/dalvikvm( 1428): GC_CONCURRENT freed 660K, 65% free 2545K/7171K, paused 2ms+2ms
D/dalvikvm( 1428): GC_CONCURRENT freed 729K, 67% free 2411K/7171K, paused 2ms+2ms
D/dalvikvm( 1428): GC_CONCURRENT freed 543K, 66% free 2477K/7171K, paused 2ms+2ms
D/dalvikvm( 1428): GC_CONCURRENT freed 641K, 67% free 2397K/7171K, paused 2ms+2ms
D/dalvikvm( 1428): GC_CONCURRENT freed 511K, 67% free 2422K/7171K, paused 2ms+3ms
D/dalvikvm( 1428): GC_CONCURRENT freed 566K, 67% free 2433K/7171K, paused 2ms+3ms
D/SlideManagerRootImpl( 1071): slideTo = 3
D/dalvikvm( 1428): GC_CONCURRENT freed 599K, 66% free 2479K/7171K, paused 2ms+3ms
D/dalvikvm( 1428): GC_CONCURRENT freed 634K, 65% free 2529K/7171K, paused 3ms+3ms
D/dalvikvm( 1428): GC_CONCURRENT freed 705K, 65% free 2521K/7171K, paused 4ms+3ms
D/dalvikvm( 1428): GC_CONCURRENT freed 690K, 65% free 2534K/7171K, paused 2ms+3ms
D/dalvikvm( 1428): GC_CONCURRENT freed 705K, 65% free 2534K/7171K, paused 2ms+3ms
D/dalvikvm( 1428): GC_CONCURRENT freed 706K, 65% free 2542K/7171K, paused 2ms+2ms
D/SlideManagerRootImpl( 1071): slideTo = 4
D/dalvikvm( 1428): GC_CONCURRENT freed 727K, 65% free 2521K/7171K, paused 2ms+2ms
D/dalvikvm( 1428): GC_CONCURRENT freed 675K, 67% free 2423K/7171K, paused 2ms+2ms
D/dalvikvm( 1428): GC_CONCURRENT freed 570K, 67% free 2397K/7171K, paused 1ms+2ms
D/HomePlayerLib( 1428): hostaddress count is 2
D/dalvikvm( 1428): GC_CONCURRENT freed 515K, 65% free 2571K/7171K, paused 2ms+2ms
D/dalvikvm( 1428): GC_CONCURRENT freed 746K, 65% free 2535K/7171K, paused 2ms+2ms
D/dalvikvm( 1428): GC_CONCURRENT freed 692K, 65% free 2574K/7171K, paused 1ms+2ms
D/dalvikvm( 1428): GC_CONCURRENT freed 760K, 65% free 2528K/7171K, paused 1ms+3ms
D/dalvikvm( 1428): GC_CONCURRENT freed 702K, 67% free 2438K/7171K, paused 2ms+2ms
D/dalvikvm( 1428): GC_CONCURRENT freed 571K, 67% free 2421K/7171K, paused 2ms+2ms
D/dalvikvm( 1428): GC_CONCURRENT freed 553K, 67% free 2425K/7171K, paused 2ms+3ms
D/dalvikvm( 1428): GC_CONCURRENT freed 557K, 67% free 2423K/7171K, paused 2ms+2ms
D/dalvikvm( 1428): GC_CONCURRENT freed 563K, 66% free 2438K/7171K, paused 2ms+3ms
D/dalvikvm( 1428): GC_CONCURRENT freed 581K, 67% free 2437K/7171K, paused 2ms+2ms
D/dalvikvm( 1428): GC_CONCURRENT freed 584K, 67% free 2422K/7171K, paused 2ms+2ms
D/dalvikvm( 1428): GC_CONCURRENT freed 568K, 67% free 2402K/7171K, paused 2ms+3ms
D/dalvikvm( 1428): GC_CONCURRENT freed 533K, 67% free 2420K/7171K, paused 2ms+2ms
D/dalvikvm( 1428): GC_CONCURRENT freed 566K, 67% free 2398K/7171K, paused 2ms+2ms
D/dalvikvm( 1428): GC_CONCURRENT freed 532K, 67% free 2421K/7171K, paused 2ms+2ms
D/dalvikvm( 1428): GC_CONCURRENT freed 565K, 67% free 2419K/7171K, paused 2ms+3ms
D/dalvikvm( 1428): GC_CONCURRENT freed 556K, 67% free 2421K/7171K, paused 2ms+2ms
D/dalvikvm( 1428): GC_CONCURRENT freed 560K, 66% free 2507K/7171K, paused 2ms+2ms
D/dalvikvm( 1428): GC_CONCURRENT freed 659K, 65% free 2545K/7171K, paused 2ms+2ms
D/SlideManagerRootImpl( 1071): slideTo = 0
D/dalvikvm( 1428): GC_CONCURRENT freed 730K, 66% free 2479K/7171K, paused 3ms+2ms
D/dalvikvm( 1428): GC_CONCURRENT freed 640K, 65% free 2528K/7171K, paused 2ms+3ms
D/dalvikvm( 1428): GC_CONCURRENT freed 702K, 67% free 2425K/7171K, paused 3ms+3ms
D/dalvikvm( 1428): GC_CONCURRENT freed 570K, 66% free 2475K/7171K, paused 6ms+2ms
D/dalvikvm( 1428): GC_CONCURRENT freed 639K, 66% free 2440K/7171K, paused 2ms+2ms
D/dalvikvm( 1428): GC_CONCURRENT freed 581K, 65% free 2533K/7171K, paused 1ms+2ms
D/dalvikvm( 1428): GC_CONCURRENT freed 703K, 65% free 2534K/7171K, paused 2ms+2ms
D/SlideManagerRootImpl( 1071): slideTo = 1
D/dalvikvm( 1428): GC_CONCURRENT freed 716K, 65% free 2521K/7171K, paused 2ms+3ms
D/dalvikvm( 1428): GC_CONCURRENT freed 691K, 67% free 2410K/7171K, paused 2ms+1ms
D/dalvikvm( 1428): GC_CONCURRENT freed 554K, 65% free 2520K/7171K, paused 1ms+2ms
D/dalvikvm( 1428): GC_CONCURRENT freed 689K, 65% free 2568K/7171K, paused 1ms+2ms
D/HomePlayerLib( 1428): hostaddress count is 2
D/dalvikvm( 1428): GC_CONCURRENT freed 753K, 65% free 2530K/7171K, paused 2ms+2ms
D/dalvikvm( 1428): GC_CONCURRENT freed 709K, 65% free 2530K/7171K, paused 2ms+2ms
D/dalvikvm( 1428): GC_CONCURRENT freed 686K, 65% free 2549K/7171K, paused 2ms+2ms
D/dalvikvm( 1428): GC_CONCURRENT freed 730K, 66% free 2441K/7171K, paused 2ms+3ms
D/dalvikvm( 1428): GC_CONCURRENT freed 583K, 65% free 2535K/7171K, paused 1ms+2ms
D/dalvikvm( 1428): GC_CONCURRENT freed 715K, 67% free 2426K/7171K, paused 2ms+2ms
D/dalvikvm( 1428): GC_CONCURRENT freed 557K, 67% free 2421K/7171K, paused 2ms+2ms
D/dalvikvm( 1428): GC_CONCURRENT freed 552K, 67% free 2425K/7171K, paused 2ms+2ms
D/dalvikvm( 1428): GC_CONCURRENT freed 556K, 67% free 2423K/7171K, paused 2ms+2ms
D/dalvikvm( 1428): GC_CONCURRENT freed 565K, 66% free 2438K/7171K, paused 2ms+2ms
D/dalvikvm( 1428): GC_CONCURRENT freed 580K, 67% free 2436K/7171K, paused 2ms+2ms
D/dalvikvm( 1428): GC_CONCURRENT freed 571K, 67% free 2425K/7171K, paused 2ms+2ms
D/dalvikvm( 1428): GC_CONCURRENT freed 552K, 67% free 2423K/7171K, paused 2ms+2ms
D/dalvikvm( 1428): GC_CONCURRENT freed 633K, 67% free 2393K/7171K, paused 2ms+2ms
D/dalvikvm( 1428): GC_CONCURRENT freed 510K, 67% free 2421K/7171K, paused 2ms+2ms
D/dalvikvm( 1428): GC_CONCURRENT freed 568K, 65% free 2558K/7171K, paused 2ms+2ms
D/dalvikvm( 1428): GC_CONCURRENT freed 740K, 67% free 2422K/7171K, paused 2ms+2ms
D/dalvikvm( 1428): GC_CONCURRENT freed 557K, 67% free 2420K/7171K, paused 2ms+2ms
D/dalvikvm( 1428): GC_CONCURRENT freed 566K, 67% free 2397K/7171K, paused 2ms+2ms
D/dalvikvm( 1428): GC_CONCURRENT freed 533K, 67% free 2420K/7171K, paused 2ms+2ms
D/dalvikvm( 1428): GC_CONCURRENT freed 564K, 67% free 2397K/7171K, paused 2ms+2ms
D/dalvikvm( 1428): GC_CONCURRENT freed 535K, 67% free 2415K/7171K, paused 2ms+2ms
D/dalvikvm( 1428): GC_CONCURRENT freed 539K, 65% free 2544K/7171K, paused 1ms+2ms
D/dalvikvm( 1428): GC_CONCURRENT freed 729K, 67% free 2412K/7171K, paused 2ms+2ms
D/SlideManagerRootImpl( 1071): slideTo = 2
D/dalvikvm( 1428): GC_CONCURRENT freed 554K, 67% free 2422K/7171K, paused 1ms+3ms
D/dalvikvm( 1428): GC_CONCURRENT freed 559K, 66% free 2466K/7171K, paused 7ms+3ms
D/dalvikvm( 1428): GC_CONCURRENT freed 621K, 67% free 2437K/7171K, paused 2ms+2ms
D/SlideManagerRootImpl( 1071): slideTo = 3
D/dalvikvm( 1428): GC_CONCURRENT freed 582K, 65% free 2528K/7171K, paused 2ms+4ms
D/dalvikvm( 1428): GC_CONCURRENT freed 703K, 66% free 2447K/7171K, paused 3ms+3ms
D/dalvikvm( 1428): GC_CONCURRENT freed 601K, 65% free 2522K/7171K, paused 1ms+3ms
D/HomePlayerLib( 1428): hostaddress count is 2
D/dalvikvm( 1428): GC_CONCURRENT freed 715K, 66% free 2508K/7171K, paused 2ms+2ms
D/dalvikvm( 1428): GC_CONCURRENT freed 668K, 65% free 2535K/7171K, paused 2ms+2ms
D/dalvikvm( 1428): GC_CONCURRENT freed 714K, 67% free 2403K/7171K, paused 2ms+2ms
D/dalvikvm( 1428): GC_CONCURRENT freed 538K, 65% free 2528K/7171K, paused 2ms+1ms
D/dalvikvm( 1428): GC_CONCURRENT freed 698K, 67% free 2427K/7171K, paused 2ms+2ms
D/dalvikvm( 1428): GC_CONCURRENT freed 567K, 67% free 2433K/7171K, paused 2ms+3ms
D/dalvikvm( 1428): GC_CONCURRENT freed 561K, 67% free 2426K/7171K, paused 2ms+2ms
D/dalvikvm( 1428): GC_CONCURRENT freed 564K, 67% free 2424K/7171K, paused 2ms+2ms
D/dalvikvm( 1428): GC_CONCURRENT freed 556K, 66% free 2444K/7171K, paused 1ms+2ms
D/dalvikvm( 1428): GC_CONCURRENT freed 578K, 65% free 2532K/7171K, paused 2ms+2ms
D/dalvikvm( 1428): GC_CONCURRENT freed 696K, 65% free 2539K/7171K, paused 2ms+2ms
D/dalvikvm( 1428): GC_CONCURRENT freed 711K, 65% free 2536K/7171K, paused 2ms+2ms
D/dalvikvm( 1428): GC_CONCURRENT freed 707K, 65% free 2534K/7171K, paused 2ms+3ms
D/dalvikvm( 1428): GC_CONCURRENT freed 704K, 66% free 2478K/7171K, paused 1ms+2ms
D/dalvikvm( 1428): GC_CONCURRENT freed 636K, 67% free 2423K/7171K, paused 2ms+2ms
D/dalvikvm( 1428): GC_CONCURRENT freed 559K, 67% free 2422K/7171K, paused 2ms+2ms
D/dalvikvm( 1428): GC_CONCURRENT freed 568K, 67% free 2434K/7171K, paused 1ms+2ms
D/dalvikvm( 1428): GC_CONCURRENT freed 580K, 67% free 2418K/7171K, paused 2ms+2ms
D/dalvikvm( 1428): GC_CONCURRENT freed 559K, 67% free 2416K/7171K, paused 1ms+2ms
D/dalvikvm( 1428): GC_CONCURRENT freed 553K, 67% free 2422K/7171K, paused 2ms+2ms
D/dalvikvm( 1428): GC_CONCURRENT freed 558K, 67% free 2421K/7171K, paused 2ms+2ms
D/dalvikvm( 1428): GC_CONCURRENT freed 565K, 67% free 2435K/7171K, paused 2ms+2ms
D/dalvikvm( 1428): GC_CONCURRENT freed 583K, 67% free 2434K/7171K, paused 2ms+2ms
D/SlideManagerRootImpl( 1071): slideTo = 4
D/dalvikvm( 1428): GC_CONCURRENT freed 572K, 66% free 2466K/7171K, paused 2ms+2ms
D/dalvikvm( 1428): GC_CONCURRENT freed 620K, 65% free 2528K/7171K, paused 1ms+2ms
D/dalvikvm( 1428): GC_CONCURRENT freed 703K, 65% free 2529K/7171K, paused 1ms+2ms
D/dalvikvm( 1428): GC_CONCURRENT freed 703K, 65% free 2529K/7171K, paused 5ms+2ms
D/dalvikvm( 1428): GC_CONCURRENT freed 704K, 65% free 2529K/7171K, paused 1ms+2ms
D/dalvikvm( 1428): GC_CONCURRENT freed 704K, 65% free 2529K/7171K, paused 1ms+2ms
D/dalvikvm( 1428): GC_CONCURRENT freed 704K, 64% free 2653K/7171K, paused 2ms+2ms
D/SlideManagerRootImpl( 1071): slideTo = 0
D/dalvikvm( 1428): GC_CONCURRENT freed 872K, 67% free 2425K/7171K, paused 2ms+4ms
D/dalvikvm( 1428): GC_CONCURRENT freed 562K, 67% free 2420K/7171K, paused 2ms+3ms
D/dalvikvm( 1428): GC_CONCURRENT freed 540K, 67% free 2421K/7171K, paused 2ms+2ms
D/HomePlayerLib( 1428): hostaddress count is 2
D/dalvikvm( 1428): GC_CONCURRENT freed 569K, 65% free 2519K/7171K, paused 2ms+2ms
D/dalvikvm( 1428): GC_CONCURRENT freed 670K, 65% free 2548K/7171K, paused 2ms+2ms
D/dalvikvm( 1428): GC_CONCURRENT freed 738K, 66% free 2449K/7171K, paused 2ms+2ms
D/dalvikvm( 1428): GC_CONCURRENT freed 585K, 65% free 2518K/7171K, paused 3ms+2ms
D/dalvikvm( 1428): GC_CONCURRENT freed 668K, 65% free 2552K/7171K, paused 2ms+2ms
D/dalvikvm( 1428): GC_CONCURRENT freed 731K, 65% free 2526K/7171K, paused 2ms+2ms
D/dalvikvm( 1428): GC_CONCURRENT freed 702K, 65% free 2519K/7171K, paused 1ms+2ms
D/dalvikvm( 1428): GC_CONCURRENT freed 684K, 65% free 2530K/7171K, paused 2ms+2ms
D/dalvikvm( 1428): GC_CONCURRENT freed 696K, 67% free 2415K/7171K, paused 2ms+2ms
D/dalvikvm( 1428): GC_CONCURRENT freed 555K, 65% free 2538K/7171K, paused 1ms+2ms
D/dalvikvm( 1428): GC_CONCURRENT freed 702K, 67% free 2425K/7171K, paused 1ms+2ms
D/dalvikvm( 1428): GC_CONCURRENT freed 572K, 67% free 2421K/7171K, paused 1ms+2ms
D/dalvikvm( 1428): GC_CONCURRENT freed 568K, 67% free 2397K/7171K, paused 2ms+2ms
D/dalvikvm( 1428): GC_CONCURRENT freed 530K, 67% free 2419K/7171K, paused 2ms+2ms
D/dalvikvm( 1428): GC_CONCURRENT freed 540K, 66% free 2504K/7171K, paused 1ms+2ms
D/dalvikvm( 1428): GC_CONCURRENT freed 663K, 67% free 2422K/7171K, paused 2ms+2ms
D/dalvikvm( 1428): GC_CONCURRENT freed 558K, 67% free 2420K/7171K, paused 2ms+2ms
D/dalvikvm( 1428): GC_CONCURRENT freed 566K, 67% free 2397K/7171K, paused 2ms+2ms
D/dalvikvm( 1428): GC_CONCURRENT freed 532K, 67% free 2421K/7171K, paused 2ms+2ms
D/dalvikvm( 1428): GC_CONCURRENT freed 541K, 67% free 2422K/7171K, paused 2ms+2ms
D/dalvikvm( 1428): GC_CONCURRENT freed 566K, 67% free 2434K/7171K, paused 2ms+2ms
D/dalvikvm( 1428): GC_CONCURRENT freed 573K, 67% free 2420K/7171K, paused 2ms+3ms
D/dalvikvm( 1428): GC_CONCURRENT freed 541K, 67% free 2422K/7171K, paused 2ms+3ms
D/dalvikvm( 1428): GC_CONCURRENT freed 558K, 67% free 2421K/7171K, paused 2ms+2ms
D/SlideManagerRootImpl( 1071): slideTo = 1
D/dalvikvm( 1428): GC_CONCURRENT freed 565K, 67% free 2434K/7171K, paused 2ms+3ms
D/dalvikvm( 1428): GC_CONCURRENT freed 582K, 67% free 2434K/7171K, paused 2ms+2ms
D/SlideManagerRootImpl( 1071): slideTo = 2
D/dalvikvm( 1428): GC_CONCURRENT freed 573K, 66% free 2507K/7171K, paused 3ms+3ms
D/dalvikvm( 1428): GC_CONCURRENT freed 661K, 65% free 2529K/7171K, paused 2ms+4ms
D/HomePlayerLib( 1428): hostaddress count is 2
D/dalvikvm( 1428): GC_CONCURRENT freed 687K, 65% free 2548K/7171K, paused 2ms+2ms
D/dalvikvm( 1428): GC_CONCURRENT freed 736K, 65% free 2521K/7171K, paused 3ms+4ms
D/dalvikvm( 1428): GC_CONCURRENT freed 695K, 65% free 2523K/7171K, paused 2ms+2ms
D/dalvikvm( 1428): GC_CONCURRENT freed 681K, 65% free 2518K/7171K, paused 2ms+3ms
D/dalvikvm( 1428): GC_CONCURRENT freed 689K, 65% free 2528K/7171K, paused 2ms+3ms
D/dalvikvm( 1428): GC_CONCURRENT freed 704K, 65% free 2527K/7171K, paused 2ms+2ms
D/dalvikvm( 1428): GC_CONCURRENT freed 682K, 65% free 2550K/7171K, paused 1ms+2ms
D/dalvikvm( 1428): GC_CONCURRENT freed 735K, 67% free 2402K/7171K, paused 2ms+3ms
D/dalvikvm( 1428): GC_CONCURRENT freed 516K, 67% free 2423K/7171K, paused 2ms+3ms
D/dalvikvm( 1428): GC_CONCURRENT freed 558K, 67% free 2425K/7171K, paused 2ms+2ms
D/dalvikvm( 1428): GC_CONCURRENT freed 570K, 65% free 2527K/7171K, paused 1ms+2ms
D/dalvikvm( 1428): GC_CONCURRENT freed 683K, 65% free 2549K/7171K, paused 2ms+2ms
D/dalvikvm( 1428): GC_CONCURRENT freed 733K, 67% free 2420K/7171K, paused 1ms+2ms
D/dalvikvm( 1428): GC_CONCURRENT freed 560K, 67% free 2417K/7171K, paused 2ms+2ms
D/dalvikvm( 1428): GC_CONCURRENT freed 554K, 65% free 2528K/7171K, paused 2ms+2ms
D/dalvikvm( 1428): GC_CONCURRENT freed 701K, 65% free 2529K/7171K, paused 2ms+3ms
D/dalvikvm( 1428): GC_CONCURRENT freed 705K, 65% free 2529K/7171K, paused 2ms+2ms
D/dalvikvm( 1428): GC_CONCURRENT freed 704K, 65% free 2529K/7171K, paused 1ms+2ms
D/dalvikvm( 1428): GC_CONCURRENT freed 704K, 67% free 2423K/7171K, paused 1ms+2ms
D/dalvikvm( 1428): GC_CONCURRENT freed 568K, 67% free 2409K/7171K, paused 2ms+2ms
D/dalvikvm( 1428): GC_CONCURRENT freed 531K, 65% free 2542K/7171K, paused 1ms+2ms
D/dalvikvm( 1428): GC_CONCURRENT freed 726K, 65% free 2524K/7171K, paused 2ms+2ms
D/dalvikvm( 1428): GC_CONCURRENT freed 678K, 65% free 2550K/7171K, paused 2ms+2ms
D/dalvikvm( 1428): GC_CONCURRENT freed 732K, 67% free 2420K/7171K, paused 1ms+2ms
D/dalvikvm( 1428): GC_CONCURRENT freed 555K, 67% free 2421K/7171K, paused 2ms+2ms
D/dalvikvm( 1428): GC_CONCURRENT freed 559K, 66% free 2466K/7171K, paused 2ms+2ms
D/SlideManagerRootImpl( 1071): slideTo = 3
D/dalvikvm( 1428): GC_CONCURRENT freed 622K, 67% free 2406K/7171K, paused 2ms+3ms
D/dalvikvm( 1428): GC_CONCURRENT freed 524K, 67% free 2418K/7171K, paused 2ms+2ms
D/dalvikvm( 1428): GC_CONCURRENT freed 555K, 67% free 2420K/7171K, paused 2ms+2ms
D/dalvikvm( 1428): GC_CONCURRENT freed 540K, 67% free 2422K/7171K, paused 2ms+2ms
D/dalvikvm( 1428): GC_CONCURRENT freed 558K, 67% free 2420K/7171K, paused 2ms+3ms
D/dalvikvm( 1428): GC_CONCURRENT freed 566K, 67% free 2397K/7171K, paused 2ms+2ms
D/SlideManagerRootImpl( 1071): slideTo = 4
D/dalvikvm( 1428): GC_CONCURRENT freed 531K, 66% free 2468K/7171K, paused 2ms+2ms
D/HomePlayerLib( 1428): hostaddress count is 2
D/dalvikvm( 1428): GC_CONCURRENT freed 628K, 67% free 2420K/7171K, paused 2ms+3ms
D/dalvikvm( 1428): GC_CONCURRENT freed 529K, 65% free 2540K/7171K, paused 3ms+3ms
D/dalvikvm( 1428): GC_CONCURRENT freed 720K, 66% free 2479K/7171K, paused 2ms+3ms
D/dalvikvm( 1428): GC_CONCURRENT freed 632K, 65% free 2532K/7171K, paused 3ms+3ms
D/dalvikvm( 1428): GC_CONCURRENT freed 703K, 65% free 2510K/7171K, paused 2ms+2ms
D/dalvikvm( 1428): GC_CONCURRENT freed 662K, 67% free 2427K/7171K, paused 2ms+8ms
D/dalvikvm( 1428): GC_CONCURRENT freed 557K, 65% free 2515K/7171K, paused 3ms+3ms
D/dalvikvm( 1428): GC_CONCURRENT freed 682K, 66% free 2454K/7171K, paused 2ms+2ms
D/dalvikvm( 1428): GC_CONCURRENT freed 580K, 66% free 2470K/7171K, paused 2ms+2ms
D/dalvikvm( 1428): GC_CONCURRENT freed 629K, 65% free 2537K/7171K, paused 1ms+2ms
D/dalvikvm( 1428): GC_CONCURRENT freed 715K, 65% free 2526K/7171K, paused 2ms+2ms
D/dalvikvm( 1428): GC_CONCURRENT freed 705K, 67% free 2399K/7171K, paused 2ms+3ms
D/dalvikvm( 1428): GC_CONCURRENT freed 532K, 67% free 2433K/7171K, paused 2ms+2ms
D/dalvikvm( 1428): GC_CONCURRENT freed 581K, 67% free 2409K/7171K, paused 2ms+2ms
D/dalvikvm( 1428): GC_CONCURRENT freed 532K, 66% free 2506K/7171K, paused 2ms+2ms
D/dalvikvm( 1428): GC_CONCURRENT freed 659K, 65% free 2546K/7171K, paused 2ms+2ms
D/dalvikvm( 1428): GC_CONCURRENT freed 732K, 65% free 2524K/7171K, paused 1ms+2ms
D/dalvikvm( 1428): GC_CONCURRENT freed 680K, 66% free 2464K/7171K, paused 2ms+2ms
D/dalvikvm( 1428): GC_CONCURRENT freed 622K, 67% free 2423K/7171K, paused 2ms+3ms
D/dalvikvm( 1428): GC_CONCURRENT freed 559K, 67% free 2423K/7171K, paused 2ms+2ms
D/dalvikvm( 1428): GC_CONCURRENT freed 568K, 67% free 2434K/7171K, paused 2ms+2ms
D/SlideManagerRootImpl( 1071): slideTo = 0
D/dalvikvm( 1428): GC_CONCURRENT freed 581K, 67% free 2408K/7171K, paused 2ms+2ms
D/dalvikvm( 1428): GC_CONCURRENT freed 530K, 66% free 2506K/7171K, paused 2ms+2ms
D/dalvikvm( 1428): GC_CONCURRENT freed 661K, 65% free 2529K/7171K, paused 1ms+2ms
V/NetFirmwareService( 1102): mServicePath--->http://update.coship.com/update/system/S1001
I/NetFirmwareService( 1102): mHwvStr--->002104
I/NetFirmwareService( 1102): mSwv--->211336
I/FileUtils( 1102): mkFilePath--->/data/data/com.coship.netfirmware/versioncode.dat
D/dalvikvm( 1428): GC_CONCURRENT freed 705K, 67% free 2423K/7171K, paused 2ms+2ms
D/dalvikvm( 1102): GC_CONCURRENT freed 139K, 86% free 658K/4483K, paused 1ms+0ms
V/HttpDownLoad( 1102): InputStream_input--->libcore.net.http.FixedLengthInputStream@413c4738
I/FileUtils( 1102): mkdirPath--->/data/data/com.coship.netfirmware/
I/FileUtils( 1102): createNewFilePath--->/data/data/com.coship.netfirmware/versioncode.dat
I/FileUtils( 1102): file--->versioncode.dat
I/HttpDownLoad( 1102): resultFile--->/data/data/com.coship.netfirmware/versioncode.dat
D/NetFirmwareService( 1102): charset detect...
D/NetFirmwareService( 1102): charset detect finished, charset type:US-ASCII
D/NetFirmwareService( 1102): parse description index:1
D/NetFirmwareService( 1102): parse description index:1
D/NetFirmwareService( 1102): parse description index:1
D/NetFirmwareService( 1102): parse description index:4
I/NetFirmwareService( 1102): v--->211335
I/NetFirmwareService( 1102): q--->00001
I/NetFirmwareService( 1102): c--->00001
I/FileUtils( 1102): mkFilePath--->/data/data/com.coship.netfirmware/description_211335.dat
V/HttpDownLoad( 1102): InputStream_input--->libcore.net.http.FixedLengthInputStream@4141d288
I/FileUtils( 1102): mkdirPath--->/data/data/com.coship.netfirmware/
I/FileUtils( 1102): createNewFilePath--->/data/data/com.coship.netfirmware/description_211335.dat
I/FileUtils( 1102): file--->description_211335.dat
I/HttpDownLoad( 1102): resultFile--->/data/data/com.coship.netfirmware/description_211335.dat
D/NetFirmwareService( 1102): charset detect...
D/NetFirmwareService( 1102): charset detect finished, charset type:UTF-8
D/NetFirmwareService( 1102): parse description index:8
D/NetFirmwareService( 1102): parse description index:11
D/NetFirmwareService( 1102): parse description index:16
D/NetFirmwareService( 1102): parse description index:2
D/NetFirmwareService( 1102): parse description index:3
D/NetFirmwareService( 1102): parse description index:10
D/NetFirmwareService( 1102): parse description index:5
D/NetFirmwareService( 1102): parse description index:9
D/NetFirmwareService( 1102): parse description index:11
D/NetFirmwareService( 1102): parse description index:3
D/NetFirmwareService( 1102): parse description index:10
D/NetFirmwareService( 1102): parse description index:13
I/NetFirmwareService( 1102): packageSize--->387821463
I/NetFirmwareService( 1102): MD5--->AB134BA751A7F4B9E12DA4102268AABB
I/NetFirmwareService( 1102): changeHistory--->1;2;3;4
V/NetFirmwareService( 1102): MSG_LOAD_DAT_STATUS_mNetUpdate--->true
D/NetFirmwareService( 1102): Network Connection Success!
D/NetFirmwareService( 1102): Upgrade File Load Success!
D/NetFirmwareService( 1102): serverURL = www.stp_firmware.coship.com
D/dalvikvm( 1102): GC_CONCURRENT freed 278K, 83% free 829K/4803K, paused 1ms+1ms
D/NetFirmwareService( 1102): CheckUpgradeTimer mCheckTime = 5
D/NetFirmwareService( 1102): startTimer
D/NetFirmwareService( 1102): removeTimer
D/dalvikvm( 1428): GC_CONCURRENT freed 568K, 65% free 2560K/7171K, paused 7ms+2ms
D/HomePlayerLib( 1428): hostaddress count is 2
D/SlideManagerRootImpl( 1071): slideTo = 1
D/dalvikvm( 1428): GC_FOR_ALLOC freed 877K, 67% free 2399K/7171K, paused 24ms
D/dalvikvm( 1428): GC_CONCURRENT freed 10K, 63% free 2700K/7171K, paused 1ms+8ms
D/dalvikvm( 1428): GC_CONCURRENT freed 937K, 66% free 2505K/7171K, paused 2ms+3ms
D/dalvikvm( 1428): GC_CONCURRENT freed 671K, 65% free 2531K/7171K, paused 2ms+2ms
D/dalvikvm( 1428): GC_CONCURRENT freed 706K, 67% free 2426K/7171K, paused 3ms+3ms
D/dalvikvm( 1428): GC_CONCURRENT freed 567K, 67% free 2437K/7171K, paused 2ms+3ms
D/dalvikvm( 1428): GC_CONCURRENT freed 552K, 66% free 2495K/7171K, paused 6ms+3ms
D/dalvikvm( 1428): GC_CONCURRENT freed 653K, 66% free 2452K/7171K, paused 2ms+3ms
D/dalvikvm( 1428): GC_CONCURRENT freed 588K, 66% free 2458K/7171K, paused 2ms+2ms
D/dalvikvm( 1428): GC_CONCURRENT freed 593K, 66% free 2490K/7171K, paused 2ms+2ms
D/dalvikvm( 1428): GC_CONCURRENT freed 646K, 67% free 2410K/7171K, paused 2ms+2ms
D/dalvikvm( 1428): GC_CONCURRENT freed 542K, 67% free 2436K/7171K, paused 1ms+2ms
D/dalvikvm( 1428): GC_CONCURRENT freed 568K, 65% free 2542K/7171K, paused 1ms+2ms
D/dalvikvm( 1428): GC_CONCURRENT freed 716K, 65% free 2530K/7171K, paused 1ms+2ms
D/dalvikvm( 1428): GC_CONCURRENT freed 691K, 65% free 2528K/7171K, paused 2ms+2ms
D/dalvikvm( 1428): GC_CONCURRENT freed 676K, 67% free 2432K/7171K, paused 2ms+2ms
D/dalvikvm( 1428): GC_CONCURRENT freed 570K, 67% free 2418K/7171K, paused 1ms+2ms
D/dalvikvm( 1428): GC_CONCURRENT freed 532K, 67% free 2429K/7171K, paused 1ms+2ms
D/dalvikvm( 1428): GC_CONCURRENT freed 564K, 65% free 2533K/7171K, paused 2ms+2ms
D/dalvikvm( 1428): GC_CONCURRENT freed 704K, 65% free 2527K/7171K, paused 2ms+2ms
D/dalvikvm( 1428): GC_CONCURRENT freed 689K, 65% free 2572K/7171K, paused 1ms+2ms
D/dalvikvm( 1428): GC_CONCURRENT freed 755K, 67% free 2433K/7171K, paused 2ms+2ms
D/dalvikvm( 1428): GC_CONCURRENT freed 559K, 67% free 2434K/7171K, paused 1ms+2ms
D/dalvikvm( 1428): GC_CONCURRENT freed 568K, 67% free 2427K/7171K, paused 2ms+2ms
D/dalvikvm( 1428): GC_CONCURRENT freed 555K, 67% free 2430K/7171K, paused 2ms+2ms
D/NetFirmwareService( 1102): MSG_CREATE_CHECK_THREAD
D/NetFirmwareService( 1102): MSG_GET_VERSION_CODE
D/NetFirmwareService( 1102): Download URL = http://update.coship.com/update/system/S1001/002104/versioncode.dat
D/NetFirmwareService( 1102): Save file in path = /data/data/com.coship.netfirmware/temp.dat
D/NetFirmwareService( 1102): Set download thread number = 2
D/DownloadTask( 1102): mDesFilePath =/data/data/com.coship.netfirmware/temp.dat
D/DownloadTask( 1102): mRecordFile =/data/data/com.coship.netfirmware/temp.dat.cdl.Record
D/DownloadTask( 1102): mfilePath =/data/data/com.coship.netfirmware/temp.dat.cdl
D/dalvikvm( 1428): GC_CONCURRENT freed 558K, 65% free 2516K/7171K, paused 2ms+3ms
D/dalvikvm( 1428): GC_CONCURRENT freed 661K, 65% free 2555K/7171K, paused 2ms+3ms
I/System  ( 1102): Loaded time zone names for  in 471ms (456ms in ICU)
D/dalvikvm( 1428): GC_CONCURRENT freed 732K, 65% free 2533K/7171K, paused 2ms+3ms
D/dalvikvm( 1102): GC_CONCURRENT freed 296K, 81% free 952K/4995K, paused 1ms+1ms
I/System  ( 1102): Loaded time zone names for en_US in 395ms (391ms in ICU)
D/SlideManagerRootImpl( 1071): slideTo = 2
I/System  ( 1102): Loaded time zone names for zh_CN in 382ms (378ms in ICU)
D/dalvikvm( 1102): GC_CONCURRENT freed 389K, 81% free 988K/5123K, paused 2ms+1ms
W/ActivityThread( 1102): ClassLoader.loadClass: The class loader returned by Thread.getContextClassLoader() may fail for processes that host multiple applications. You should explicitly specify a context class loader. For example: Thread.setContextClassLoader(getClass().getClassLoader());
D/dalvikvm( 1102): GC_CONCURRENT freed 171K, 77% free 1217K/5123K, paused 1ms+1ms
D/dalvikvm( 1102): GC_CONCURRENT freed 294K, 75% free 1384K/5379K, paused 1ms+1ms
I/DownloadTask( 1102): Server:Apache-Coyote/1.1
I/DownloadTask( 1102): Accept-Ranges:bytes
I/DownloadTask( 1102): ETag:W/"33-1369292187000"
I/DownloadTask( 1102): Last-Modified:Thu, 23 May 2013 06:56:27 GMT
I/DownloadTask( 1102): Content-Length:33
I/DownloadTask( 1102): Date:Mon, 27 May 2013 06:17:46 GMT
I/DownloadTask( 1102): Powered-By-ChinaCache:MISS from CHN-JY-4-3k4
I/DownloadTask( 1102): Connection:close
D/DownloadTask( 1102): server accept range
D/DownloadTask( 1102): initTaskRecord currentSize=-1
D/DownloadTask( 1102): totalSize=-1
D/DownloadTask( 1102): magicID=abc
D/DownloadTask( 1102): mCurrentSize=0
D/DownloadTask( 1102): mTotalSize=33
D/DownloadTask( 1102): mMagicID=null
D/DownloadTask( 1102): The record is invalid, need reset record
D/WriteDataInStorageThread( 1102): write file name = /data/data/com.coship.netfirmware/temp.dat.cdl
D/dalvikvm( 1102): GC_FOR_ALLOC freed 204K, 74% free 1403K/5379K, paused 15ms
I/dalvikvm-heap( 1102): Grow heap (frag case) to 5.466MB for 524304-byte allocation
D/dalvikvm( 1102): GC_FOR_ALLOC freed 26K, 69% free 1888K/5955K, paused 15ms
D/dalvikvm( 1102): GC_CONCURRENT freed 0K, 69% free 1888K/5955K, paused 1ms+2ms
V/DownloadTask( 1102): finishedThreadNum--->0
V/DownloadTask( 1102): mThreadNum--->2
D/dalvikvm( 1102): GC_FOR_ALLOC freed 29K, 69% free 1893K/5955K, paused 18ms
I/dalvikvm-heap( 1102): Grow heap (frag case) to 5.946MB for 524304-byte allocation
D/dalvikvm( 1102): GC_FOR_ALLOC freed <1K, 64% free 2405K/6531K, paused 14ms
D/NetFirmwareService( 1102): DownloadConstants.TASK_STATUS_RUNNING
D/dalvikvm( 1102): GC_CONCURRENT freed 2K, 64% free 2409K/6531K, paused 1ms+2ms
D/NetFirmwareService( 1102): MSG_VER_CODE_STATUS_CHANGE
D/NetFirmwareService( 1102): MSG_VER_CODE_STATUS_CHANGE
D/DownloadThread( 1102): statusCode--->206
V/DownloadThread( 1102): Accept-Ranges: bytes
V/DownloadThread( 1102): Content-Disposition: null
V/DownloadThread( 1102): Content-Length: 16
V/DownloadThread( 1102): Content-Location: null
V/DownloadThread( 1102): ETag: W/"33-1369292187000"
V/DownloadThread( 1102): Transfer-Encoding: null
V/DownloadThread( 1102): read_front--->
V/DownloadThread( 1102): read_bytesRead--->16
V/DownloadThread( 1102): read_front--->
V/DownloadThread( 1102): read_bytesRead--->-1
D/DownloadThread( 1102): write the last data in storage.
D/WriteDataInStorageThread( 1102): sendDataInStack --data length =16 offset =0 file name = filePart0
D/DownloadThread( 1102): filePart0 final status: 491
D/WriteDataInStorageThread( 1102): write data  Pos=0   Length =16  Thread =filePart0
D/DownloadThread( 1102): statusCode--->206
V/DownloadThread( 1102): Accept-Ranges: bytes
V/DownloadThread( 1102): Content-Disposition: null
V/DownloadThread( 1102): Content-Length: 17
V/DownloadThread( 1102): Content-Location: null
V/DownloadThread( 1102): ETag: W/"33-1369292187000"
V/DownloadThread( 1102): Transfer-Encoding: null
V/DownloadThread( 1102): read_front--->
V/DownloadThread( 1102): read_bytesRead--->17
V/DownloadThread( 1102): read_front--->
V/DownloadThread( 1102): read_bytesRead--->-1
D/DownloadThread( 1102): write the last data in storage.
D/WriteDataInStorageThread( 1102): sendDataInStack --data length =17 offset =16 file name = filePart1
D/WriteDataInStorageThread( 1102): write data  Pos=16   Length =17  Thread =filePart1
D/DownloadThread( 1102): filePart1 final status: 491
V/DownloadTask( 1102): finishedThreadNum--->2
V/DownloadTask( 1102): mThreadNum--->2
D/DownloadTask( 1102): src file = /data/data/com.coship.netfirmware/temp.dat.cdl --- des file=/data/data/com.coship.netfirmware/temp.dat
D/NetFirmwareService( 1102): DownloadConstants.TASK_STATUS_COMPLETED
D/NetFirmwareService( 1102): MSG_VER_CODE_STATUS_CHANGE
D/NetFirmwareService( 1102): MSG_CHECK_VERSION_CODE
D/NetFirmwareService( 1102): checkVersionCode
D/NetFirmwareService( 1102): analysisVersionCodeData
D/NetFirmwareService( 1102): open file error
I/NetFirmwareService( 1102): mVersionCodeFile--->34
D/NetFirmwareService( 1102): verCode = 0
D/NetFirmwareService( 1102): Description URL = null
D/NetFirmwareService( 1102): MSG_GET_DESCRIPTION
D/NetFirmwareService( 1102): Download URL = http://update.coship.com/update/system/S1001/002104/description_211335.dat
D/NetFirmwareService( 1102): Save file in path = /data/data/com.coship.netfirmware/temp.dat
D/NetFirmwareService( 1102): Set download thread number = 2
D/DownloadTask( 1102): mDesFilePath =/data/data/com.coship.netfirmware/temp.dat
D/DownloadTask( 1102): mRecordFile =/data/data/com.coship.netfirmware/temp.dat.cdl.Record
D/DownloadTask( 1102): mfilePath =/data/data/com.coship.netfirmware/temp.dat.cdl
I/DownloadTask( 1102): Server:Apache-Coyote/1.1
I/DownloadTask( 1102): Accept-Ranges:bytes
I/DownloadTask( 1102): ETag:W/"333-1369444162000"
I/DownloadTask( 1102): Last-Modified:Sat, 25 May 2013 01:09:22 GMT
I/DownloadTask( 1102): Content-Length:333
I/DownloadTask( 1102): Date:Mon, 27 May 2013 06:17:47 GMT
I/DownloadTask( 1102): Powered-By-ChinaCache:MISS from CHN-JY-4-3k4
I/DownloadTask( 1102): Connection:close
D/dalvikvm( 1102): GC_CONCURRENT freed 564K, 64% free 2421K/6723K, paused 2ms+1ms
D/DownloadTask( 1102): server accept range
D/DownloadTask( 1102): initTaskRecord currentSize=-1
D/DownloadTask( 1102): totalSize=-1
D/DownloadTask( 1102): magicID=abc
D/DownloadTask( 1102): mCurrentSize=0
D/DownloadTask( 1102): mTotalSize=333
D/DownloadTask( 1102): mMagicID=null
D/DownloadTask( 1102): The record is invalid, need reset record
D/WriteDataInStorageThread( 1102): write file name = /data/data/com.coship.netfirmware/temp.dat.cdl
D/dalvikvm( 1102): GC_FOR_ALLOC freed 147K, 64% free 2435K/6723K, paused 13ms
I/dalvikvm-heap( 1102): Grow heap (frag case) to 6.475MB for 524304-byte allocation
D/dalvikvm( 1102): GC_FOR_ALLOC freed 0K, 60% free 2947K/7299K, paused 12ms
D/dalvikvm( 1102): GC_FOR_ALLOC freed 26K, 60% free 2921K/7299K, paused 11ms
I/dalvikvm-heap( 1102): Grow heap (frag case) to 6.950MB for 524304-byte allocation
D/dalvikvm( 1102): GC_FOR_ALLOC freed 0K, 57% free 3433K/7875K, paused 13ms
V/DownloadTask( 1102): finishedThreadNum--->0
V/DownloadTask( 1102): mThreadNum--->2
D/dalvikvm(  839): GC_CONCURRENT freed 800K, 57% free 3623K/8387K, paused 2ms+3ms
D/NetFirmwareService( 1102): MSG_DESCRIPT_STATUS_CHANGE
D/NetFirmwareService( 1102): MSG_DESCRIPT_STATUS_CHANGE
D/DownloadThread( 1102): statusCode--->206
V/DownloadThread( 1102): Accept-Ranges: bytes
V/DownloadThread( 1102): Content-Disposition: null
V/DownloadThread( 1102): Content-Length: 167
V/DownloadThread( 1102): Content-Location: null
V/DownloadThread( 1102): ETag: W/"333-1369444162000"
D/DownloadThread( 1102): statusCode--->206
V/DownloadThread( 1102): Transfer-Encoding: null
V/DownloadThread( 1102): read_front--->
V/DownloadThread( 1102): read_bytesRead--->167
V/DownloadThread( 1102): read_front--->
V/DownloadThread( 1102): read_bytesRead--->-1
D/DownloadThread( 1102): write the last data in storage.
D/WriteDataInStorageThread( 1102): sendDataInStack --data length =167 offset =166 file name = filePart1
D/DownloadThread( 1102): filePart1 final status: 491
D/WriteDataInStorageThread( 1102): write data  Pos=166   Length =167  Thread =filePart1
V/DownloadThread( 1102): Accept-Ranges: bytes
V/DownloadThread( 1102): Content-Disposition: null
V/DownloadThread( 1102): Content-Length: 166
V/DownloadThread( 1102): Content-Location: null
V/DownloadThread( 1102): ETag: W/"333-1369444162000"
V/DownloadThread( 1102): Transfer-Encoding: null
V/DownloadThread( 1102): read_front--->
V/DownloadThread( 1102): read_bytesRead--->166
V/DownloadThread( 1102): read_front--->
V/DownloadThread( 1102): read_bytesRead--->-1
D/DownloadThread( 1102): write the last data in storage.
D/WriteDataInStorageThread( 1102): sendDataInStack --data length =166 offset =0 file name = filePart0
D/DownloadThread( 1102): filePart0 final status: 491
D/WriteDataInStorageThread( 1102): write data  Pos=0   Length =166  Thread =filePart0
V/DownloadTask( 1102): finishedThreadNum--->2
V/DownloadTask( 1102): mThreadNum--->2
W/DownloadTask( 1102): There has a file named /data/data/com.coship.netfirmware/temp.dat already
D/DownloadTask( 1102): src file = /data/data/com.coship.netfirmware/temp.dat.cdl --- des file=/data/data/com.coship.netfirmware/temp.dat
D/NetFirmwareService( 1102): DownloadConstants.TASK_STATUS_COMPLETED
D/NetFirmwareService( 1102): MSG_DESCRIPT_STATUS_CHANGE
D/NetFirmwareService( 1102): MSG_CHECK_DESCRIPTION
D/NetFirmwareService( 1102): The description info is valid
D/NetFirmwareService( 1102): The description version code = 0
D/NetFirmwareService( 1102): The description machine ID = 0
D/NetFirmwareService( 1102): The description hardware ID = 0
V/NetFirmwareService( 1102): temp.getName()--->temp.dat
V/NetFirmwareService( 1102): /update/*.FileNum--->0
V/NetFirmwareService( 1102): No Higher!
D/dalvikvm(  839): GC_FOR_ALLOC freed 321K, 57% free 3633K/8387K, paused 35ms
D/dalvikvm( 1428): GC_CONCURRENT freed 713K, 67% free 2413K/7171K, paused 2ms+3ms
D/dalvikvm( 1428): GC_CONCURRENT freed 556K, 67% free 2422K/7171K, paused 2ms+3ms
D/dalvikvm( 1428): GC_CONCURRENT freed 559K, 67% free 2421K/7171K, paused 2ms+2ms
D/dalvikvm( 1428): GC_CONCURRENT freed 542K, 67% free 2422K/7171K, paused 2ms+2ms
D/dalvikvm( 1428): GC_CONCURRENT freed 556K, 67% free 2422K/7171K, paused 2ms+3ms
D/dalvikvm( 1428): GC_CONCURRENT freed 567K, 67% free 2434K/7171K, paused 2ms+2ms
D/dalvikvm( 1428): GC_CONCURRENT freed 546K, 66% free 2447K/7171K, paused 2ms+3ms
D/HomePlayerLib( 1428): hostaddress count is 2
D/dalvikvm( 1428): GC_CONCURRENT freed 597K, 67% free 2435K/7171K, paused 2ms+2ms
D/dalvikvm( 1428): GC_CONCURRENT freed 588K, 67% free 2395K/7171K, paused 3ms+2ms
D/dalvikvm( 1428): GC_CONCURRENT freed 495K, 65% free 2532K/7171K, paused 2ms+3ms
D/dalvikvm( 1428): GC_CONCURRENT freed 710K, 67% free 2406K/7171K, paused 2ms+2ms
D/SlideManagerRootImpl( 1071): slideTo = 3
D/dalvikvm( 1428): GC_CONCURRENT freed 534K, 65% free 2536K/7171K, paused 7ms+3ms
D/dalvikvm( 1428): GC_CONCURRENT freed 707K, 65% free 2545K/7171K, paused 2ms+2ms
D/dalvikvm( 1428): GC_CONCURRENT freed 704K, 66% free 2468K/7171K, paused 1ms+3ms
D/dalvikvm( 1428): GC_CONCURRENT freed 622K, 65% free 2543K/7171K, paused 7ms+2ms
D/dalvikvm( 1428): GC_CONCURRENT freed 722K, 65% free 2524K/7171K, paused 1ms+3ms
D/dalvikvm( 1428): GC_CONCURRENT freed 696K, 65% free 2532K/7171K, paused 2ms+2ms
I/UpdateCibnApkService( 1071):   CheckApkVersionTask Start download Json
D/dalvikvm( 1428): GC_CONCURRENT freed 700K, 65% free 2536K/7171K, paused 2ms+2ms
I/UpdateCibnApkService( 1071):  CheckApkVersionTask - readData IOException
I/UpdateCibnApkService( 1071):  getJsonData: 
V/UpdateCibnApkService( 1071):  result ===> 
V/UpdateCibnApkService( 1071):  result is null 
D/dalvikvm( 1428): GC_CONCURRENT freed 707K, 67% free 2410K/7171K, paused 2ms+2ms
D/dalvikvm( 1428): GC_CONCURRENT freed 533K, 66% free 2466K/7171K, paused 1ms+2ms
D/dalvikvm( 1428): GC_CONCURRENT freed 620K, 65% free 2528K/7171K, paused 2ms+2ms
D/dalvikvm( 1428): GC_CONCURRENT freed 703K, 67% free 2423K/7171K, paused 2ms+2ms
D/dalvikvm( 1428): GC_CONCURRENT freed 569K, 67% free 2398K/7171K, paused 1ms+2ms
D/dalvikvm( 1428): GC_CONCURRENT freed 534K, 66% free 2506K/7171K, paused 2ms+1ms
D/dalvikvm( 1428): GC_CONCURRENT freed 659K, 67% free 2422K/7171K, paused 2ms+3ms
D/dalvikvm( 1428): GC_CONCURRENT freed 569K, 65% free 2520K/7171K, paused 2ms+2ms
D/dalvikvm( 1428): GC_CONCURRENT freed 678K, 65% free 2546K/7171K, paused 2ms+2ms
D/SlideManagerRootImpl( 1071): slideTo = 4
D/dalvikvm( 1428): GC_CONCURRENT freed 729K, 67% free 2436K/7171K, paused 2ms+2ms
D/dalvikvm( 1428): GC_CONCURRENT freed 573K, 67% free 2421K/7171K, paused 2ms+3ms
D/dalvikvm( 1428): GC_CONCURRENT freed 565K, 65% free 2517K/7171K, paused 3ms+2ms
D/dalvikvm( 1428): GC_CONCURRENT freed 675K, 65% free 2529K/7171K, paused 1ms+2ms
D/dalvikvm( 1428): GC_CONCURRENT freed 703K, 65% free 2529K/7171K, paused 2ms+2ms
D/dalvikvm( 1428): GC_CONCURRENT freed 703K, 67% free 2406K/7171K, paused 2ms+2ms
D/dalvikvm( 1428): GC_CONCURRENT freed 545K, 67% free 2433K/7171K, paused 2ms+2ms
D/dalvikvm( 1428): GC_CONCURRENT freed 581K, 67% free 2435K/7171K, paused 2ms+2ms
D/dalvikvm( 1428): GC_CONCURRENT freed 583K, 63% free 2686K/7171K, paused 2ms+3ms
D/dalvikvm( 1428): GC_CONCURRENT freed 916K, 66% free 2472K/7171K, paused 2ms+2ms
D/dalvikvm( 1428): GC_CONCURRENT freed 627K, 67% free 2423K/7171K, paused 1ms+2ms
D/dalvikvm( 1428): GC_CONCURRENT freed 569K, 65% free 2524K/7171K, paused 2ms+2ms
D/HomePlayerLib( 1428): hostaddress count is 2
D/dalvikvm( 1428): GC_CONCURRENT freed 726K, 66% free 2502K/7171K, paused 2ms+2ms
D/dalvikvm( 1428): GC_CONCURRENT freed 669K, 67% free 2419K/7171K, paused 2ms+3ms
D/dalvikvm( 1428): GC_CONCURRENT freed 556K, 67% free 2435K/7171K, paused 2ms+2ms
D/dalvikvm( 1428): GC_CONCURRENT freed 549K, 64% free 2586K/7171K, paused 2ms+3ms
D/dalvikvm( 1428): GC_CONCURRENT freed 772K, 65% free 2538K/7171K, paused 2ms+2ms
D/dalvikvm( 1428): GC_CONCURRENT freed 709K, 66% free 2466K/7171K, paused 2ms+2ms
D/SlideManagerRootImpl( 1071): slideTo = 0
D/dalvikvm( 1428): GC_CONCURRENT freed 613K, 65% free 2570K/7171K, paused 3ms+2ms
D/dalvikvm( 1428): GC_CONCURRENT freed 743K, 65% free 2545K/7171K, paused 2ms+2ms
D/dalvikvm( 1428): GC_CONCURRENT freed 716K, 65% free 2540K/7171K, paused 4ms+3ms
D/dalvikvm( 1428): GC_CONCURRENT freed 701K, 64% free 2583K/7171K, paused 4ms+3ms
D/dalvikvm( 1428): GC_CONCURRENT freed 745K, 65% free 2561K/7171K, paused 8ms+3ms
D/dalvikvm( 1428): GC_CONCURRENT freed 717K, 65% free 2572K/7171K, paused 2ms+2ms
D/dalvikvm( 1428): GC_CONCURRENT freed 745K, 67% free 2433K/7171K, paused 2ms+2ms
D/dalvikvm( 1428): GC_CONCURRENT freed 571K, 65% free 2533K/7171K, paused 1ms+2ms
D/dalvikvm( 1428): GC_CONCURRENT freed 704K, 65% free 2534K/7171K, paused 2ms+2ms
D/dalvikvm( 1428): GC_CONCURRENT freed 704K, 65% free 2534K/7171K, paused 2ms+2ms
D/dalvikvm( 1428): GC_CONCURRENT freed 704K, 67% free 2419K/7171K, paused 1ms+2ms
D/dalvikvm( 1428): GC_CONCURRENT freed 533K, 65% free 2516K/7171K, paused 2ms+2ms
D/dalvikvm( 1428): GC_CONCURRENT freed 662K, 65% free 2555K/7171K, paused 1ms+2ms
D/SlideManagerRootImpl( 1071): slideTo = 1
D/ImplicitAppManagerTimerTask( 1206):  ------:: ImplicitAppManagerTimerTask execute...1369635490995
D/ImplicitAppManagerTimerTask( 1206):  ------:: retObj = {"resultObject":null,"respseStatus":"1","respseDesc":"System error"}
D/dalvikvm( 1428): GC_CONCURRENT freed 739K, 67% free 2411K/7171K, paused 2ms+2ms
D/dalvikvm( 1428): GC_CONCURRENT freed 544K, 65% free 2517K/7171K, paused 2ms+2ms
D/dalvikvm( 1428): GC_CONCURRENT freed 676K, 65% free 2570K/7171K, paused 2ms+2ms
D/dalvikvm( 1428): GC_CONCURRENT freed 743K, 65% free 2547K/7171K, paused 1ms+2ms
D/dalvikvm( 1428): GC_CONCURRENT freed 733K, 65% free 2525K/7171K, paused 2ms+2ms
D/dalvikvm( 1428): GC_CONCURRENT freed 704K, 64% free 2585K/7171K, paused 2ms+2ms
D/HomePlayerLib( 1428): hostaddress count is 2
D/dalvikvm( 1428): GC_CONCURRENT freed 767K, 65% free 2526K/7171K, paused 2ms+2ms
D/dalvikvm( 1428): GC_CONCURRENT freed 697K, 65% free 2529K/7171K, paused 2ms+2ms
D/dalvikvm( 1428): GC_CONCURRENT freed 685K, 67% free 2426K/7171K, paused 2ms+2ms
D/dalvikvm( 1428): GC_CONCURRENT freed 646K, 66% free 2447K/7171K, paused 2ms+2ms
D/dalvikvm( 1428): GC_CONCURRENT freed 590K, 65% free 2580K/7171K, paused 2ms+2ms
D/dalvikvm( 1428): GC_CONCURRENT freed 761K, 65% free 2530K/7171K, paused 2ms+2ms
D/SlideManagerRootImpl( 1071): slideTo = 2
D/dalvikvm( 1428): GC_CONCURRENT freed 701K, 66% free 2475K/7171K, paused 2ms+2ms
D/dalvikvm( 1428): GC_CONCURRENT freed 640K, 66% free 2490K/7171K, paused 4ms+2ms
D/dalvikvm( 1428): GC_CONCURRENT freed 649K, 66% free 2444K/7171K, paused 3ms+4ms
D/dalvikvm( 1428): GC_CONCURRENT freed 592K, 65% free 2526K/7171K, paused 1ms+3ms
D/dalvikvm( 1428): GC_CONCURRENT freed 704K, 67% free 2399K/7171K, paused 2ms+3ms
D/dalvikvm( 1428): GC_CONCURRENT freed 541K, 67% free 2395K/7171K, paused 2ms+2ms
D/dalvikvm( 1428): GC_CONCURRENT freed 533K, 65% free 2518K/7171K, paused 2ms+2ms
D/dalvikvm( 1428): GC_CONCURRENT freed 689K, 65% free 2525K/7171K, paused 1ms+2ms
D/dalvikvm( 1428): GC_CONCURRENT freed 679K, 66% free 2505K/7171K, paused 1ms+2ms
D/dalvikvm( 1428): GC_CONCURRENT freed 663K, 67% free 2422K/7171K, paused 2ms+2ms
D/dalvikvm( 1428): GC_CONCURRENT freed 558K, 67% free 2425K/7171K, paused 2ms+2ms
D/dalvikvm( 1428): GC_CONCURRENT freed 568K, 65% free 2524K/7171K, paused 2ms+2ms
D/dalvikvm( 1428): GC_CONCURRENT freed 678K, 65% free 2548K/7171K, paused 2ms+2ms
D/dalvikvm( 1428): GC_CONCURRENT freed 729K, 67% free 2420K/7171K, paused 2ms+2ms
D/dalvikvm( 1428): GC_CONCURRENT freed 556K, 65% free 2528K/7171K, paused 2ms+2ms
D/dalvikvm( 1428): GC_CONCURRENT freed 700K, 65% free 2530K/7171K, paused 2ms+2ms
D/dalvikvm( 1428): GC_CONCURRENT freed 703K, 65% free 2530K/7171K, paused 2ms+2ms
D/dalvikvm( 1428): GC_CONCURRENT freed 705K, 65% free 2530K/7171K, paused 2ms+2ms
D/SlideManagerRootImpl( 1071): slideTo = 3
D/dalvikvm( 1428): GC_CONCURRENT freed 713K, 67% free 2409K/7171K, paused 2ms+2ms
D/dalvikvm( 1428): GC_CONCURRENT freed 531K, 67% free 2420K/7171K, paused 2ms+2ms
D/dalvikvm( 1428): GC_CONCURRENT freed 566K, 67% free 2411K/7171K, paused 2ms+3ms
D/dalvikvm( 1428): GC_CONCURRENT freed 533K, 67% free 2420K/7171K, paused 2ms+2ms
D/dalvikvm( 1428): GC_CONCURRENT freed 565K, 67% free 2419K/7171K, paused 2ms+2ms
D/dalvikvm( 1428): GC_CONCURRENT freed 566K, 67% free 2397K/7171K, paused 2ms+2ms
D/dalvikvm( 1428): GC_CONCURRENT freed 533K, 67% free 2434K/7171K, paused 2ms+3ms
D/dalvikvm( 1428): GC_CONCURRENT freed 582K, 65% free 2524K/7171K, paused 2ms+2ms
D/HomePlayerLib( 1428): hostaddress count is 2
D/dalvikvm( 1428): GC_CONCURRENT freed 684K, 67% free 2418K/7171K, paused 1ms+2ms
D/dalvikvm( 1428): GC_CONCURRENT freed 565K, 66% free 2439K/7171K, paused 2ms+2ms
D/dalvikvm( 1428): GC_CONCURRENT freed 578K, 67% free 2435K/7171K, paused 2ms+2ms
D/dalvikvm( 1428): GC_CONCURRENT freed 575K, 64% free 2605K/7171K, paused 2ms+2ms
D/dalvikvm( 1428): GC_CONCURRENT freed 797K, 67% free 2429K/7171K, paused 2ms+2ms
D/dalvikvm( 1428): GC_CONCURRENT freed 569K, 67% free 2436K/7171K, paused 2ms+2ms
D/dalvikvm( 1428): GC_CONCURRENT freed 568K, 67% free 2423K/7171K, paused 2ms+2ms
D/dalvikvm( 1428): GC_CONCURRENT freed 548K, 67% free 2428K/7171K, paused 2ms+2ms
D/dalvikvm( 1428): GC_CONCURRENT freed 564K, 67% free 2425K/7171K, paused 2ms+2ms
D/SlideManagerRootImpl( 1071): slideTo = 4
D/dalvikvm( 1428): GC_CONCURRENT freed 566K, 66% free 2478K/7171K, paused 2ms+3ms
D/dalvikvm( 1428): GC_CONCURRENT freed 626K, 65% free 2557K/7171K, paused 3ms+4ms
D/dalvikvm( 1428): GC_CONCURRENT freed 737K, 66% free 2482K/7171K, paused 2ms+3ms
D/dalvikvm( 1428): GC_CONCURRENT freed 647K, 67% free 2424K/7171K, paused 1ms+3ms
D/dalvikvm( 1428): GC_CONCURRENT freed 563K, 66% free 2506K/7171K, paused 1ms+2ms
D/dalvikvm( 1428): GC_CONCURRENT freed 661K, 67% free 2422K/7171K, paused 1ms+2ms
D/dalvikvm( 1428): GC_CONCURRENT freed 569K, 67% free 2410K/7171K, paused 1ms+3ms
D/dalvikvm( 1428): GC_CONCURRENT freed 532K, 67% free 2420K/7171K, paused 1ms+2ms
D/dalvikvm( 1428): GC_CONCURRENT freed 565K, 67% free 2419K/7171K, paused 2ms+2ms
D/dalvikvm( 1428): GC_CONCURRENT freed 560K, 67% free 2433K/7171K, paused 2ms+2ms
D/dalvikvm( 1428): GC_CONCURRENT freed 581K, 67% free 2418K/7171K, paused 2ms+2ms
D/SlideManagerRootImpl( 1071): slideTo = 0
D/dalvikvm( 1428): GC_CONCURRENT freed 553K, 67% free 2422K/7171K, paused 2ms+2ms
D/dalvikvm( 1428): GC_CONCURRENT freed 558K, 67% free 2421K/7171K, paused 2ms+2ms
D/dalvikvm( 1428): GC_CONCURRENT freed 567K, 67% free 2410K/7171K, paused 2ms+2ms
D/dalvikvm( 1428): GC_CONCURRENT freed 532K, 67% free 2420K/7171K, paused 2ms+2ms
D/dalvikvm( 1428): GC_CONCURRENT freed 566K, 67% free 2419K/7171K, paused 1ms+2ms
D/dalvikvm( 1428): GC_CONCURRENT freed 567K, 67% free 2397K/7171K, paused 2ms+2ms
D/dalvikvm( 1428): GC_CONCURRENT freed 532K, 67% free 2410K/7171K, paused 2ms+2ms
D/dalvikvm( 1428): GC_CONCURRENT freed 542K, 65% free 2533K/7171K, paused 2ms+2ms
D/HomePlayerLib( 1428): hostaddress count is 2
D/dalvikvm( 1428): GC_CONCURRENT freed 711K, 67% free 2406K/7171K, paused 1ms+2ms
D/dalvikvm( 1428): GC_CONCURRENT freed 538K, 65% free 2528K/7171K, paused 2ms+2ms
D/dalvikvm( 1428): GC_CONCURRENT freed 699K, 66% free 2482K/7171K, paused 2ms+2ms
D/dalvikvm( 1428): GC_CONCURRENT freed 631K, 65% free 2533K/7171K, paused 1ms+2ms
D/dalvikvm( 1428): GC_CONCURRENT freed 703K, 65% free 2550K/7171K, paused 2ms+2ms
D/dalvikvm( 1428): GC_CONCURRENT freed 724K, 67% free 2417K/7171K, paused 2ms+2ms
D/dalvikvm( 1428): GC_CONCURRENT freed 559K, 66% free 2445K/7171K, paused 2ms+3ms
D/dalvikvm( 1428): GC_CONCURRENT freed 595K, 67% free 2400K/7171K, paused 2ms+2ms
D/dalvikvm( 1428): GC_CONCURRENT freed 512K, 66% free 2466K/7171K, paused 2ms+2ms
D/SlideManagerRootImpl( 1071): slideTo = 1
D/dalvikvm( 1428): GC_CONCURRENT freed 637K, 65% free 2530K/7171K, paused 3ms+3ms
D/dalvikvm( 1428): GC_CONCURRENT freed 696K, 65% free 2531K/7171K, paused 2ms+2ms
D/dalvikvm( 1428): GC_CONCURRENT freed 706K, 65% free 2521K/7171K, paused 2ms+2ms
D/dalvikvm( 1428): GC_CONCURRENT freed 689K, 64% free 2648K/7171K, paused 4ms+3ms
D/dalvikvm( 1428): GC_CONCURRENT freed 865K, 65% free 2527K/7171K, paused 1ms+2ms
D/dalvikvm( 1428): GC_CONCURRENT freed 706K, 65% free 2526K/7171K, paused 2ms+2ms
D/dalvikvm( 1428): GC_CONCURRENT freed 705K, 65% free 2522K/7171K, paused 2ms+2ms
D/dalvikvm( 1428): GC_CONCURRENT freed 678K, 65% free 2547K/7171K, paused 2ms+2ms
D/dalvikvm( 1428): GC_CONCURRENT freed 731K, 67% free 2411K/7171K, paused 1ms+2ms
D/dalvikvm( 1428): GC_CONCURRENT freed 544K, 67% free 2408K/7171K, paused 2ms+2ms
D/dalvikvm( 1428): GC_CONCURRENT freed 532K, 67% free 2420K/7171K, paused 2ms+2ms
D/dalvikvm( 1428): GC_CONCURRENT freed 566K, 65% free 2517K/7171K, paused 2ms+2ms
D/dalvikvm( 1428): GC_CONCURRENT freed 675K, 65% free 2529K/7171K, paused 1ms+2ms
D/dalvikvm( 1428): GC_CONCURRENT freed 705K, 65% free 2530K/7171K, paused 1ms+2ms
D/dalvikvm( 1428): GC_CONCURRENT freed 769K, 67% free 2433K/7171K, paused 1ms+2ms
D/dalvikvm( 1428): GC_CONCURRENT freed 559K, 67% free 2424K/7171K, paused 2ms+2ms
D/SlideManagerRootImpl( 1071): slideTo = 2
D/dalvikvm( 1428): GC_CONCURRENT freed 565K, 67% free 2435K/7171K, paused 2ms+3ms
D/dalvikvm( 1428): GC_CONCURRENT freed 582K, 67% free 2434K/7171K, paused 2ms+2ms
D/dalvikvm( 1428): GC_CONCURRENT freed 572K, 67% free 2421K/7171K, paused 2ms+2ms
D/dalvikvm( 1428): GC_CONCURRENT freed 566K, 67% free 2435K/7171K, paused 2ms+2ms
D/dalvikvm( 1428): GC_CONCURRENT freed 581K, 67% free 2433K/7171K, paused 2ms+2ms
D/dalvikvm( 1428): GC_CONCURRENT freed 572K, 67% free 2421K/7171K, paused 2ms+2ms
D/dalvikvm( 1428): GC_CONCURRENT freed 622K, 66% free 2466K/7171K, paused 2ms+2ms
D/HomePlayerLib( 1428): hostaddress count is 2
D/dalvikvm( 1428): GC_CONCURRENT freed 630K, 65% free 2516K/7171K, paused 2ms+2ms
D/dalvikvm( 1428): GC_CONCURRENT freed 695K, 65% free 2521K/7171K, paused 2ms+2ms
D/dalvikvm( 1428): GC_CONCURRENT freed 686K, 65% free 2538K/7171K, paused 1ms+2ms
D/dalvikvm( 1428): GC_CONCURRENT freed 700K, 64% free 2632K/7171K, paused 1ms+2ms
D/dalvikvm( 1428): GC_CONCURRENT freed 822K, 65% free 2519K/7171K, paused 2ms+2ms
D/dalvikvm( 1428): GC_CONCURRENT freed 679K, 67% free 2426K/7171K, paused 2ms+2ms
D/dalvikvm( 1428): GC_CONCURRENT freed 536K, 65% free 2562K/7171K, paused 1ms+2ms
D/dalvikvm( 1428): GC_CONCURRENT freed 746K, 65% free 2532K/7171K, paused 2ms+2ms
D/dalvikvm( 1428): GC_CONCURRENT freed 702K, 65% free 2536K/7171K, paused 2ms+2ms
D/dalvikvm( 1428): GC_CONCURRENT freed 718K, 66% free 2465K/7171K, paused 1ms+2ms
D/SlideManagerRootImpl( 1071): slideTo = 3
D/dalvikvm( 1428): GC_CONCURRENT freed 601K, 67% free 2426K/7171K, paused 1ms+2ms
D/dalvikvm( 1428): GC_CONCURRENT freed 568K, 65% free 2523K/7171K, paused 2ms+2ms
D/dalvikvm( 1428): GC_CONCURRENT freed 701K, 65% free 2522K/7171K, paused 2ms+2ms
D/dalvikvm( 1428): GC_CONCURRENT freed 680K, 65% free 2546K/7171K, paused 2ms+2ms
D/dalvikvm( 1428): GC_CONCURRENT freed 732K, 66% free 2453K/7171K, paused 2ms+3ms
D/dalvikvm( 1428): GC_CONCURRENT freed 595K, 67% free 2423K/7171K, paused 2ms+2ms
D/dalvikvm( 1428): GC_CONCURRENT freed 559K, 67% free 2421K/7171K, paused 2ms+2ms
D/dalvikvm( 1428): GC_CONCURRENT freed 566K, 67% free 2411K/7171K, paused 1ms+2ms
D/dalvikvm( 1428): GC_CONCURRENT freed 533K, 67% free 2422K/7171K, paused 2ms+2ms
D/SlideManagerRootImpl( 1071): slideTo = 4
D/dalvikvm( 1428): GC_CONCURRENT freed 565K, 67% free 2419K/7171K, paused 2ms+2ms
D/dalvikvm( 1428): GC_CONCURRENT freed 555K, 67% free 2422K/7171K, paused 2ms+3ms
D/dalvikvm( 1428): GC_CONCURRENT freed 557K, 67% free 2420K/7171K, paused 2ms+3ms
D/dalvikvm( 1428): GC_CONCURRENT freed 565K, 65% free 2524K/7171K, paused 1ms+2ms
D/dalvikvm( 1428): GC_CONCURRENT freed 702K, 65% free 2525K/7171K, paused 2ms+2ms
D/dalvikvm( 1428): GC_CONCURRENT freed 703K, 67% free 2411K/7171K, paused 2ms+3ms
D/dalvikvm( 1428): GC_CONCURRENT freed 532K, 67% free 2420K/7171K, paused 1ms+2ms
D/dalvikvm( 1428): GC_CONCURRENT freed 565K, 67% free 2411K/7171K, paused 1ms+2ms
D/dalvikvm( 1428): GC_CONCURRENT freed 533K, 67% free 2421K/7171K, paused 2ms+2ms
D/dalvikvm( 1428): GC_CONCURRENT freed 566K, 67% free 2419K/7171K, paused 2ms+2ms
D/dalvikvm( 1428): GC_CONCURRENT freed 659K, 67% free 2427K/7171K, paused 1ms+2ms
D/HomePlayerLib( 1428): hostaddress count is 2
D/dalvikvm( 1428): GC_CONCURRENT freed 575K, 65% free 2556K/7171K, paused 1ms+2ms
D/dalvikvm( 1428): GC_CONCURRENT freed 733K, 65% free 2554K/7171K, paused 2ms+2ms
D/dalvikvm( 1428): GC_CONCURRENT freed 722K, 65% free 2532K/7171K, paused 2ms+2ms
D/dalvikvm( 1428): GC_CONCURRENT freed 703K, 67% free 2425K/7171K, paused 2ms+2ms
D/dalvikvm( 1428): GC_CONCURRENT freed 559K, 67% free 2430K/7171K, paused 2ms+2ms
D/dalvikvm( 1428): GC_CONCURRENT freed 565K, 66% free 2440K/7171K, paused 2ms+2ms
D/dalvikvm( 1428): GC_CONCURRENT freed 590K, 65% free 2523K/7171K, paused 2ms+2ms
D/dalvikvm( 1428): GC_CONCURRENT freed 675K, 67% free 2427K/7171K, paused 1ms+2ms
D/dalvikvm( 1428): GC_CONCURRENT freed 560K, 66% free 2509K/7171K, paused 2ms+2ms
D/dalvikvm( 1428): GC_CONCURRENT freed 651K, 66% free 2453K/7171K, paused 2ms+2ms
D/dalvikvm( 1428): GC_CONCURRENT freed 594K, 65% free 2530K/7171K, paused 1ms+2ms
D/dalvikvm( 1428): GC_CONCURRENT freed 699K, 67% free 2411K/7171K, paused 2ms+2ms
D/dalvikvm( 1428): GC_CONCURRENT freed 534K, 66% free 2507K/7171K, paused 2ms+2ms
D/dalvikvm( 1428): GC_CONCURRENT freed 660K, 65% free 2519K/7171K, paused 2ms+2ms
D/SlideManagerRootImpl( 1071): slideTo = 0
D/dalvikvm( 1428): GC_CONCURRENT freed 687K, 67% free 2423K/7171K, paused 2ms+3ms
D/dalvikvm( 1428): GC_CONCURRENT freed 569K, 65% free 2541K/7171K, paused 2ms+3ms
D/dalvikvm( 1428): GC_CONCURRENT freed 717K, 65% free 2529K/7171K, paused 2ms+2ms
D/dalvikvm( 1428): GC_CONCURRENT freed 706K, 65% free 2529K/7171K, paused 2ms+3ms
D/dalvikvm( 1428): GC_CONCURRENT freed 703K, 65% free 2547K/7171K, paused 2ms+2ms
D/dalvikvm( 1428): GC_CONCURRENT freed 733K, 67% free 2420K/7171K, paused 2ms+2ms
D/dalvikvm( 1428): GC_CONCURRENT freed 561K, 67% free 2417K/7171K, paused 2ms+2ms
W/NetworkStats(  839): dropping UID delta from unknown iface: iface=uap0 uid=0 set=DEFAULT tag=0x0 rxBytes=9037 rxPackets=18 txBytes=9525 txPackets=30 operations=0
D/SlideManagerRootImpl( 1071): slideTo = 1
D/dalvikvm( 1428): GC_CONCURRENT freed 552K, 67% free 2422K/7171K, paused 3ms+3ms
D/dalvikvm( 1428): GC_CONCURRENT freed 580K, 65% free 2511K/7171K, paused 2ms+2ms
D/dalvikvm( 1428): GC_CONCURRENT freed 684K, 67% free 2401K/7171K, paused 1ms+2ms
D/dalvikvm( 1428): GC_CONCURRENT freed 541K, 67% free 2419K/7171K, paused 2ms+2ms
D/dalvikvm( 1428): GC_CONCURRENT freed 565K, 65% free 2524K/7171K, paused 2ms+2ms
D/dalvikvm( 1428): GC_CONCURRENT freed 703K, 65% free 2522K/7171K, paused 2ms+3ms
D/dalvikvm( 1428): GC_CONCURRENT freed 679K, 67% free 2423K/7171K, paused 1ms+2ms
D/dalvikvm( 1428): GC_CONCURRENT freed 571K, 66% free 2477K/7171K, paused 2ms+2ms
D/HomePlayerLib( 1428): hostaddress count is 2
D/dalvikvm( 1428): GC_CONCURRENT freed 639K, 65% free 2523K/7171K, paused 1ms+2ms
D/dalvikvm( 1428): GC_CONCURRENT freed 700K, 65% free 2510K/7171K, paused 1ms+2ms
D/dalvikvm( 1428): GC_CONCURRENT freed 658K, 67% free 2428K/7171K, paused 2ms+2ms
D/dalvikvm( 1428): GC_CONCURRENT freed 569K, 65% free 2527K/7171K, paused 2ms+2ms
D/dalvikvm( 1428): GC_CONCURRENT freed 702K, 67% free 2414K/7171K, paused 2ms+2ms
D/dalvikvm( 1428): GC_CONCURRENT freed 532K, 64% free 2604K/7171K, paused 2ms+2ms
D/dalvikvm( 1428): GC_CONCURRENT freed 794K, 67% free 2431K/7171K, paused 2ms+2ms
D/dalvikvm( 1428): GC_CONCURRENT freed 568K, 67% free 2413K/7171K, paused 1ms+2ms
D/dalvikvm( 1428): GC_CONCURRENT freed 554K, 67% free 2424K/7171K, paused 1ms+2ms
D/dalvikvm( 1428): GC_CONCURRENT freed 558K, 66% free 2509K/7171K, paused 2ms+2ms
D/dalvikvm( 1428): GC_CONCURRENT freed 671K, 67% free 2424K/7171K, paused 1ms+2ms
D/dalvikvm( 1428): GC_CONCURRENT freed 571K, 67% free 2409K/7171K, paused 2ms+2ms
D/dalvikvm( 1428): GC_CONCURRENT freed 532K, 67% free 2420K/7171K, paused 2ms+2ms
D/dalvikvm( 1428): GC_CONCURRENT freed 566K, 65% free 2521K/7171K, paused 2ms+2ms
D/SlideManagerRootImpl( 1071): slideTo = 2
D/dalvikvm( 1428): GC_CONCURRENT freed 678K, 65% free 2520K/7171K, paused 14ms+2ms
D/dalvikvm( 1428): GC_CONCURRENT freed 690K, 67% free 2409K/7171K, paused 4ms+3ms
D/dalvikvm( 1428): GC_CONCURRENT freed 533K, 67% free 2420K/7171K, paused 3ms+2ms
D/dalvikvm( 1428): GC_CONCURRENT freed 566K, 67% free 2398K/7171K, paused 3ms+2ms
D/dalvikvm( 1428): GC_CONCURRENT freed 533K, 67% free 2421K/7171K, paused 2ms+4ms
D/dalvikvm( 1428): GC_CONCURRENT freed 565K, 66% free 2477K/7171K, paused 2ms+3ms
D/dalvikvm( 1428): GC_CONCURRENT freed 634K, 67% free 2423K/7171K, paused 2ms+3ms
D/dalvikvm( 1428): GC_CONCURRENT freed 559K, 67% free 2421K/7171K, paused 2ms+2ms
D/dalvikvm( 1428): GC_CONCURRENT freed 565K, 67% free 2434K/7171K, paused 2ms+2ms
D/dalvikvm( 1428): GC_CONCURRENT freed 580K, 67% free 2433K/7171K, paused 1ms+2ms
D/dalvikvm( 1428): GC_CONCURRENT freed 572K, 67% free 2421K/7171K, paused 2ms+2ms
D/SlideManagerRootImpl( 1071): slideTo = 3
D/dalvikvm( 1428): GC_CONCURRENT freed 565K, 65% free 2517K/7171K, paused 2ms+3ms
D/dalvikvm( 1428): GC_CONCURRENT freed 675K, 67% free 2424K/7171K, paused 1ms+9ms
D/dalvikvm( 1428): GC_CONCURRENT freed 560K, 66% free 2466K/7171K, paused 1ms+4ms
D/dalvikvm( 1428): GC_CONCURRENT freed 639K, 66% free 2448K/7171K, paused 2ms+3ms
D/dalvikvm( 1428): GC_CONCURRENT freed 591K, 67% free 2418K/7171K, paused 2ms+2ms
D/dalvikvm( 1428): GC_CONCURRENT freed 559K, 66% free 2438K/7171K, paused 2ms+2ms
D/dalvikvm( 1428): GC_CONCURRENT freed 581K, 67% free 2409K/7171K, paused 2ms+2ms
D/dalvikvm( 1428): GC_CONCURRENT freed 538K, 67% free 2418K/7171K, paused 2ms+2ms
I/wpa_supplicant(  805): wfd0: P2P-DEVICE-LOST p2p_dev_addr=02:90:4c:78:01:93
D/HomePlayerLib( 1428): hostaddress count is 2
D/dalvikvm( 1428): GC_CONCURRENT freed 566K, 65% free 2521K/7171K, paused 2ms+2ms
D/dalvikvm( 1428): GC_CONCURRENT freed 680K, 65% free 2533K/7171K, paused 2ms+2ms
D/dalvikvm( 1428): GC_CONCURRENT freed 700K, 66% free 2469K/7171K, paused 2ms+2ms
D/dalvikvm( 1428): GC_CONCURRENT freed 618K, 67% free 2426K/7171K, paused 2ms+2ms
D/dalvikvm( 1428): GC_CONCURRENT freed 567K, 65% free 2528K/7171K, paused 2ms+2ms
D/dalvikvm( 1428): GC_CONCURRENT freed 700K, 67% free 2410K/7171K, paused 2ms+2ms
D/dalvikvm( 1428): GC_CONCURRENT freed 549K, 65% free 2526K/7171K, paused 2ms+2ms
D/dalvikvm( 1428): GC_CONCURRENT freed 700K, 65% free 2512K/7171K, paused 1ms+2ms
D/dalvikvm( 1428): GC_CONCURRENT freed 663K, 67% free 2426K/7171K, paused 2ms+2ms
D/dalvikvm( 1428): GC_CONCURRENT freed 566K, 65% free 2563K/7171K, paused 2ms+2ms
D/dalvikvm( 1428): GC_CONCURRENT freed 744K, 66% free 2480K/7171K, paused 2ms+3ms
D/dalvikvm( 1428): GC_CONCURRENT freed 633K, 67% free 2419K/7171K, paused 1ms+2ms
D/dalvikvm( 1428): GC_CONCURRENT freed 562K, 65% free 2520K/7171K, paused 1ms+2ms
D/dalvikvm( 1428): GC_CONCURRENT freed 674K, 65% free 2549K/7171K, paused 1ms+2ms
D/dalvikvm( 1428): GC_CONCURRENT freed 733K, 65% free 2524K/7171K, paused 2ms+2ms
D/dalvikvm( 1428): GC_CONCURRENT freed 678K, 65% free 2550K/7171K, paused 2ms+2ms
D/SlideManagerRootImpl( 1071): slideTo = 4
D/dalvikvm( 1428): GC_CONCURRENT freed 732K, 66% free 2493K/7171K, paused 2ms+2ms
D/dalvikvm( 1428): GC_CONCURRENT freed 638K, 64% free 2591K/7171K, paused 2ms+3ms
D/dalvikvm( 1428): GC_CONCURRENT freed 786K, 65% free 2511K/7171K, paused 1ms+5ms
D/dalvikvm( 1428): GC_CONCURRENT freed 663K, 67% free 2424K/7171K, paused 2ms+2ms
D/SlideManagerRootImpl( 1071): slideTo = 0
D/dalvikvm( 1428): GC_CONCURRENT freed 570K, 67% free 2409K/7171K, paused 1ms+2ms
D/dalvikvm( 1428): GC_CONCURRENT freed 532K, 66% free 2506K/7171K, paused 2ms+3ms
D/dalvikvm( 1428): GC_CONCURRENT freed 660K, 65% free 2529K/7171K, paused 1ms+2ms
D/dalvikvm( 1428): GC_CONCURRENT freed 704K, 65% free 2529K/7171K, paused 2ms+2ms
D/dalvikvm( 1428): GC_CONCURRENT freed 706K, 65% free 2529K/7171K, paused 1ms+2ms
D/dalvikvm( 1428): GC_CONCURRENT freed 689K, 67% free 2421K/7171K, paused 2ms+2ms
D/HomePlayerLib( 1428): hostaddress count is 2
D/dalvikvm( 1428): GC_CONCURRENT freed 548K, 65% free 2543K/7171K, paused 1ms+2ms
D/dalvikvm( 1428): GC_CONCURRENT freed 726K, 65% free 2525K/7171K, paused 2ms+2ms
D/dalvikvm( 1428): GC_CONCURRENT freed 699K, 65% free 2529K/7171K, paused 2ms+2ms
D/dalvikvm( 1428): GC_CONCURRENT freed 704K, 64% free 2594K/7171K, paused 2ms+2ms
D/dalvikvm( 1428): GC_CONCURRENT freed 784K, 66% free 2440K/7171K, paused 2ms+2ms
D/dalvikvm( 1428): GC_CONCURRENT freed 566K, 65% free 2548K/7171K, paused 1ms+2ms
D/dalvikvm( 1428): GC_CONCURRENT freed 729K, 67% free 2414K/7171K, paused 2ms+2ms
D/dalvikvm( 1428): GC_CONCURRENT freed 533K, 65% free 2516K/7171K, paused 3ms+2ms
D/dalvikvm( 1428): GC_CONCURRENT freed 686K, 67% free 2424K/7171K, paused 2ms+3ms
D/dalvikvm( 1428): GC_CONCURRENT freed 549K, 65% free 2537K/7171K, paused 2ms+2ms
D/dalvikvm( 1428): GC_CONCURRENT freed 707K, 65% free 2535K/7171K, paused 2ms+2ms
D/dalvikvm( 1428): GC_CONCURRENT freed 718K, 65% free 2522K/7171K, paused 2ms+2ms
D/dalvikvm( 1428): GC_CONCURRENT freed 694K, 65% free 2525K/7171K, paused 2ms+2ms
D/dalvikvm( 1428): GC_CONCURRENT freed 703K, 67% free 2410K/7171K, paused 2ms+2ms
D/dalvikvm( 1428): GC_CONCURRENT freed 532K, 66% free 2506K/7171K, paused 2ms+2ms
D/dalvikvm( 1428): GC_CONCURRENT freed 662K, 65% free 2529K/7171K, paused 2ms+2ms
D/dalvikvm( 1428): GC_CONCURRENT freed 705K, 65% free 2529K/7171K, paused 2ms+2ms
D/SlideManagerRootImpl( 1071): slideTo = 1
D/dalvikvm( 1428): GC_CONCURRENT freed 706K, 67% free 2423K/7171K, paused 3ms+3ms
D/dalvikvm( 1428): GC_CONCURRENT freed 567K, 67% free 2435K/7171K, paused 2ms+3ms
D/dalvikvm( 1428): GC_CONCURRENT freed 572K, 67% free 2421K/7171K, paused 3ms+3ms
D/dalvikvm( 1428): GC_CONCURRENT freed 566K, 65% free 2517K/7171K, paused 2ms+2ms
D/dalvikvm( 1428): GC_CONCURRENT freed 675K, 67% free 2423K/7171K, paused 2ms+2ms
D/dalvikvm( 1428): GC_CONCURRENT freed 558K, 67% free 2421K/7171K, paused 2ms+2ms
D/dalvikvm( 1428): GC_CONCURRENT freed 566K, 67% free 2397K/7171K, paused 2ms+2ms
D/dalvikvm( 1428): GC_CONCURRENT freed 537K, 66% free 2501K/7171K, paused 2ms+2ms
D/dalvikvm( 1428): GC_CONCURRENT freed 673K, 67% free 2407K/7171K, paused 2ms+2ms
D/dalvikvm( 1428): GC_CONCURRENT freed 545K, 67% free 2421K/7171K, paused 2ms+2ms
D/SlideManagerRootImpl( 1071): slideTo = 2
D/dalvikvm( 1428): GC_CONCURRENT freed 567K, 65% free 2521K/7171K, paused 3ms+4ms
D/dalvikvm( 1428): GC_CONCURRENT freed 675K, 67% free 2423K/7171K, paused 2ms+3ms
D/dalvikvm( 1428): GC_CONCURRENT freed 561K, 66% free 2507K/7171K, paused 4ms+3ms
D/dalvikvm( 1428): GC_CONCURRENT freed 662K, 67% free 2424K/7171K, paused 3ms+2ms
D/dalvikvm( 1428): GC_CONCURRENT freed 593K, 66% free 2475K/7171K, paused 1ms+2ms
D/HomePlayerLib( 1428): hostaddress count is 2
D/dalvikvm( 1428): GC_CONCURRENT freed 642K, 65% free 2516K/7171K, paused 2ms+2ms
D/dalvikvm( 1428): GC_CONCURRENT freed 686K, 65% free 2525K/7171K, paused 1ms+2ms
D/dalvikvm( 1428): GC_CONCURRENT freed 698K, 66% free 2480K/7171K, paused 2ms+3ms
D/dalvikvm( 1428): GC_CONCURRENT freed 644K, 67% free 2416K/7171K, paused 2ms+2ms
D/dalvikvm( 1428): GC_CONCURRENT freed 549K, 67% free 2425K/7171K, paused 1ms+2ms
D/dalvikvm( 1428): GC_CONCURRENT freed 566K, 65% free 2536K/7171K, paused 2ms+2ms
D/dalvikvm( 1428): GC_CONCURRENT freed 714K, 66% free 2498K/7171K, paused 2ms+2ms
D/dalvikvm( 1428): GC_CONCURRENT freed 663K, 65% free 2529K/7171K, paused 1ms+2ms
D/dalvikvm( 1428): GC_CONCURRENT freed 704K, 67% free 2412K/7171K, paused 2ms+2ms
D/dalvikvm( 1428): GC_CONCURRENT freed 532K, 65% free 2547K/7171K, paused 2ms+2ms
D/dalvikvm( 1428): GC_CONCURRENT freed 713K, 67% free 2425K/7171K, paused 2ms+2ms
D/dalvikvm( 1428): GC_CONCURRENT freed 572K, 67% free 2409K/7171K, paused 2ms+2ms
D/dalvikvm( 1428): GC_CONCURRENT freed 530K, 66% free 2507K/7171K, paused 1ms+2ms
D/dalvikvm( 1428): GC_CONCURRENT freed 662K, 65% free 2529K/7171K, paused 2ms+2ms
D/dalvikvm( 1428): GC_CONCURRENT freed 702K, 65% free 2529K/7171K, paused 2ms+3ms
D/dalvikvm( 1428): GC_CONCURRENT freed 705K, 67% free 2407K/7171K, paused 2ms+2ms
D/dalvikvm( 1428): GC_CONCURRENT freed 543K, 67% free 2420K/7171K, paused 2ms+2ms
D/dalvikvm( 1428): GC_CONCURRENT freed 560K, 67% free 2419K/7171K, paused 1ms+2ms
D/SlideManagerRootImpl( 1071): slideTo = 3
D/dalvikvm( 1428): GC_CONCURRENT freed 541K, 67% free 2421K/7171K, paused 2ms+2ms
D/dalvikvm( 1428): GC_CONCURRENT freed 557K, 66% free 2466K/7171K, paused 1ms+2ms
D/dalvikvm( 1428): GC_CONCURRENT freed 620K, 65% free 2529K/7171K, paused 2ms+2ms
D/dalvikvm( 1428): GC_CONCURRENT freed 705K, 67% free 2423K/7171K, paused 2ms+3ms
D/dalvikvm( 1428): GC_CONCURRENT freed 569K, 67% free 2397K/7171K, paused 2ms+2ms
D/dalvikvm( 1428): GC_CONCURRENT freed 531K, 66% free 2506K/7171K, paused 1ms+2ms
D/dalvikvm( 1428): GC_CONCURRENT freed 661K, 67% free 2423K/7171K, paused 2ms+2ms
D/SlideManagerRootImpl( 1071): slideTo = 4
D/dalvikvm( 1428): GC_CONCURRENT freed 570K, 67% free 2409K/7171K, paused 2ms+2ms
I/EventLogService( 1140): Aggregate from 1369633798573 (log), 1369633798573 (data)
W/EventLogAggregator( 1140): Unknown tag: facelock_activated
W/EventLogAggregator( 1140): Unknown tag: facelock_fail
W/EventLogAggregator( 1140): Unknown tag: facelock_success
D/dalvikvm( 1428): GC_CONCURRENT freed 530K, 66% free 2507K/7171K, paused 2ms+2ms
D/dalvikvm( 1428): GC_CONCURRENT freed 660K, 67% free 2423K/7171K, paused 2ms+3ms
D/dalvikvm( 1428): GC_CONCURRENT freed 595K, 65% free 2531K/7171K, paused 2ms+3ms
D/dalvikvm( 1428): GC_CONCURRENT freed 713K, 67% free 2438K/7171K, paused 2ms+2ms
D/HomePlayerLib( 1428): hostaddress count is 2
D/dalvikvm( 1428): GC_CONCURRENT freed 587K, 65% free 2525K/7171K, paused 1ms+2ms
D/dalvikvm( 1428): GC_CONCURRENT freed 688K, 65% free 2526K/7171K, paused 1ms+2ms
D/dalvikvm( 1428): GC_CONCURRENT freed 699K, 65% free 2528K/7171K, paused 2ms+2ms
D/dalvikvm( 1428): GC_CONCURRENT freed 702K, 66% free 2439K/7171K, paused 2ms+2ms
D/dalvikvm( 1428): GC_CONCURRENT freed 572K, 67% free 2423K/7171K, paused 2ms+2ms
D/dalvikvm( 1428): GC_CONCURRENT freed 564K, 67% free 2415K/7171K, paused 2ms+2ms
D/dalvikvm( 1428): GC_CONCURRENT freed 550K, 66% free 2470K/7171K, paused 2ms+2ms
D/dalvikvm( 1428): GC_CONCURRENT freed 611K, 67% free 2426K/7171K, paused 2ms+3ms
D/dalvikvm( 1428): GC_CONCURRENT freed 567K, 67% free 2437K/7171K, paused 2ms+2ms
D/dalvikvm( 1428): GC_CONCURRENT freed 570K, 66% free 2468K/7171K, paused 1ms+2ms
D/dalvikvm( 1428): GC_CONCURRENT freed 617K, 67% free 2428K/7171K, paused 2ms+2ms
D/dalvikvm( 1428): GC_CONCURRENT freed 554K, 67% free 2425K/7171K, paused 1ms+2ms
D/dalvikvm( 1428): GC_CONCURRENT freed 561K, 67% free 2421K/7171K, paused 2ms+2ms
D/dalvikvm( 1428): GC_CONCURRENT freed 566K, 67% free 2398K/7171K, paused 2ms+2ms
D/dalvikvm( 1428): GC_CONCURRENT freed 533K, 67% free 2420K/7171K, paused 2ms+2ms
D/dalvikvm( 1428): GC_CONCURRENT freed 564K, 67% free 2418K/7171K, paused 2ms+2ms
D/dalvikvm( 1428): GC_CONCURRENT freed 565K, 67% free 2398K/7171K, paused 2ms+2ms
D/dalvikvm( 1428): GC_CONCURRENT freed 534K, 67% free 2418K/7171K, paused 2ms+2ms
D/dalvikvm( 1428): GC_CONCURRENT freed 551K, 67% free 2421K/7171K, paused 2ms+2ms
D/dalvikvm( 1428): GC_CONCURRENT freed 559K, 67% free 2421K/7171K, paused 2ms+2ms
D/dalvikvm( 1428): GC_CONCURRENT freed 564K, 65% free 2524K/7171K, paused 2ms+3ms
D/SlideManagerRootImpl( 1071): slideTo = 0
D/dalvikvm( 1428): GC_CONCURRENT freed 702K, 67% free 2423K/7171K, paused 6ms+2ms
D/dalvikvm( 1428): GC_CONCURRENT freed 560K, 67% free 2425K/7171K, paused 2ms+3ms
D/dalvikvm( 1428): GC_CONCURRENT freed 567K, 67% free 2409K/7171K, paused 1ms+2ms
D/dalvikvm( 1428): GC_CONCURRENT freed 540K, 65% free 2533K/7171K, paused 2ms+2ms
D/dalvikvm( 1428): GC_CONCURRENT freed 704K, 65% free 2518K/7171K, paused 1ms+2ms
D/dalvikvm( 1428): GC_CONCURRENT freed 695K, 67% free 2398K/7171K, paused 2ms+2ms
D/dalvikvm( 1428): GC_CONCURRENT freed 527K, 65% free 2531K/7171K, paused 2ms+2ms
D/dalvikvm( 1428): GC_CONCURRENT freed 702K, 67% free 2410K/7171K, paused 1ms+3ms
D/dalvikvm( 1428): GC_CONCURRENT freed 543K, 66% free 2476K/7171K, paused 1ms+2ms
D/SlideManagerRootImpl( 1071): slideTo = 1
D/dalvikvm( 1428): GC_CONCURRENT freed 636K, 67% free 2419K/7171K, paused 2ms+3ms
D/HomePlayerLib( 1428): hostaddress count is 2
D/dalvikvm( 1428): GC_CONCURRENT freed 546K, 67% free 2419K/7171K, paused 2ms+2ms
D/dalvikvm( 1428): GC_CONCURRENT freed 564K, 67% free 2434K/7171K, paused 2ms+3ms
D/dalvikvm( 1428): GC_CONCURRENT freed 566K, 67% free 2425K/7171K, paused 2ms+2ms
D/dalvikvm( 1428): GC_CONCURRENT freed 565K, 67% free 2415K/7171K, paused 2ms+2ms
D/dalvikvm( 1428): GC_CONCURRENT freed 557K, 67% free 2400K/7171K, paused 2ms+2ms
D/dalvikvm( 1428): GC_CONCURRENT freed 511K, 67% free 2430K/7171K, paused 2ms+2ms
D/dalvikvm( 1428): GC_CONCURRENT freed 578K, 67% free 2411K/7171K, paused 1ms+2ms
D/dalvikvm( 1428): GC_CONCURRENT freed 567K, 65% free 2572K/7171K, paused 2ms+2ms
D/dalvikvm( 1428): GC_CONCURRENT freed 763K, 66% free 2482K/7171K, paused 2ms+2ms
D/dalvikvm( 1428): GC_CONCURRENT freed 634K, 67% free 2437K/7171K, paused 2ms+3ms
D/dalvikvm( 1428): GC_CONCURRENT freed 566K, 66% free 2438K/7171K, paused 2ms+2ms
D/dalvikvm( 1428): GC_CONCURRENT freed 588K, 67% free 2408K/7171K, paused 1ms+2ms
D/dalvikvm( 1428): GC_CONCURRENT freed 538K, 65% free 2532K/7171K, paused 2ms+2ms
D/dalvikvm( 1428): GC_CONCURRENT freed 704K, 65% free 2534K/7171K, paused 2ms+2ms
D/dalvikvm( 1428): GC_CONCURRENT freed 706K, 65% free 2534K/7171K, paused 2ms+2ms
D/dalvikvm( 1428): GC_CONCURRENT freed 704K, 67% free 2436K/7171K, paused 2ms+2ms
D/dalvikvm( 1428): GC_CONCURRENT freed 582K, 67% free 2408K/7171K, paused 2ms+2ms
D/dalvikvm( 1428): GC_CONCURRENT freed 532K, 65% free 2526K/7171K, paused 2ms+2ms
D/dalvikvm( 1428): GC_CONCURRENT freed 702K, 65% free 2521K/7171K, paused 2ms+2ms
D/SlideManagerRootImpl( 1071): slideTo = 2
D/dalvikvm( 1428): GC_CONCURRENT freed 691K, 65% free 2533K/7171K, paused 2ms+2ms
D/dalvikvm( 1428): GC_CONCURRENT freed 703K, 65% free 2534K/7171K, paused 1ms+2ms
D/dalvikvm( 1428): GC_CONCURRENT freed 716K, 65% free 2522K/7171K, paused 2ms+3ms
D/dalvikvm( 1428): GC_CONCURRENT freed 692K, 65% free 2533K/7171K, paused 2ms+2ms
D/dalvikvm( 1428): GC_CONCURRENT freed 703K, 67% free 2410K/7171K, paused 2ms+2ms
D/dalvikvm( 1428): GC_CONCURRENT freed 553K, 67% free 2421K/7171K, paused 2ms+2ms
D/dalvikvm( 1428): GC_CONCURRENT freed 559K, 67% free 2420K/7171K, paused 2ms+2ms
D/dalvikvm( 1428): GC_CONCURRENT freed 566K, 67% free 2436K/7171K, paused 2ms+2ms
D/dalvikvm( 1428): GC_CONCURRENT freed 573K, 67% free 2421K/7171K, paused 2ms+2ms
D/dalvikvm( 1428): GC_CONCURRENT freed 566K, 67% free 2410K/7171K, paused 1ms+2ms
D/dalvikvm( 1428): GC_CONCURRENT freed 541K, 67% free 2433K/7171K, paused 2ms+2ms
D/SlideManagerRootImpl( 1071): slideTo = 3
D/dalvikvm( 1428): GC_CONCURRENT freed 572K, 67% free 2421K/7171K, paused 1ms+2ms
D/dalvikvm( 1428): GC_CONCURRENT freed 567K, 67% free 2436K/7171K, paused 2ms+2ms
D/HomePlayerLib( 1428): hostaddress count is 2
D/dalvikvm( 1428): GC_CONCURRENT freed 591K, 65% free 2512K/7171K, paused 2ms+2ms
D/dalvikvm( 1428): GC_CONCURRENT freed 680K, 65% free 2526K/7171K, paused 2ms+2ms
D/dalvikvm( 1428): GC_CONCURRENT freed 699K, 67% free 2421K/7171K, paused 2ms+2ms
D/dalvikvm( 1428): GC_CONCURRENT freed 558K, 67% free 2418K/7171K, paused 2ms+2ms
D/dalvikvm( 1428): GC_CONCURRENT freed 552K, 67% free 2425K/7171K, paused 2ms+2ms
D/dalvikvm( 1428): GC_CONCURRENT freed 559K, 66% free 2446K/7171K, paused 2ms+2ms
D/dalvikvm( 1428): GC_CONCURRENT freed 587K, 67% free 2437K/7171K, paused 2ms+3ms
D/dalvikvm( 1428): GC_CONCURRENT freed 577K, 66% free 2444K/7171K, paused 2ms+2ms
D/dalvikvm( 1428): GC_CONCURRENT freed 577K, 65% free 2543K/7171K, paused 2ms+2ms
D/dalvikvm( 1428): GC_CONCURRENT freed 708K, 67% free 2426K/7171K, paused 2ms+2ms
D/dalvikvm( 1428): GC_CONCURRENT freed 569K, 65% free 2526K/7171K, paused 1ms+2ms
D/dalvikvm( 1428): GC_CONCURRENT freed 702K, 65% free 2529K/7171K, paused 2ms+2ms
D/dalvikvm( 1428): GC_CONCURRENT freed 704K, 65% free 2529K/7171K, paused 1ms+2ms
D/dalvikvm( 1428): GC_CONCURRENT freed 688K, 67% free 2424K/7171K, paused 2ms+2ms
D/dalvikvm( 1428): GC_CONCURRENT freed 561K, 67% free 2425K/7171K, paused 2ms+2ms
D/dalvikvm( 1428): GC_CONCURRENT freed 568K, 67% free 2434K/7171K, paused 2ms+2ms
D/dalvikvm( 1428): GC_CONCURRENT freed 580K, 67% free 2408K/7171K, paused 1ms+2ms
D/dalvikvm( 1428): GC_CONCURRENT freed 532K, 67% free 2420K/7171K, paused 2ms+2ms
D/dalvikvm( 1428): GC_CONCURRENT freed 566K, 67% free 2397K/7171K, paused 1ms+2ms
D/dalvikvm( 1428): GC_CONCURRENT freed 533K, 67% free 2420K/7171K, paused 2ms+3ms
D/dalvikvm( 1428): GC_CONCURRENT freed 541K, 67% free 2421K/7171K, paused 1ms+2ms
D/SlideManagerRootImpl( 1071): slideTo = 4
D/dalvikvm( 1428): GC_CONCURRENT freed 556K, 67% free 2423K/7171K, paused 2ms+2ms
D/dalvikvm( 1428): GC_CONCURRENT freed 567K, 67% free 2435K/7171K, paused 1ms+2ms
D/dalvikvm( 1428): GC_CONCURRENT freed 582K, 65% free 2524K/7171K, paused 2ms+2ms
D/dalvikvm( 1428): GC_CONCURRENT freed 702K, 65% free 2525K/7171K, paused 2ms+2ms
D/dalvikvm( 1428): GC_CONCURRENT freed 704K, 65% free 2525K/7171K, paused 2ms+2ms
D/dalvikvm( 1428): GC_CONCURRENT freed 705K, 67% free 2397K/7171K, paused 2ms+2ms
D/dalvikvm( 1428): GC_CONCURRENT freed 534K, 67% free 2420K/7171K, paused 2ms+2ms
D/SlideManagerRootImpl( 1071): slideTo = 0
D/dalvikvm( 1428): GC_CONCURRENT freed 562K, 67% free 2420K/7171K, paused 2ms+2ms
D/HomePlayerLib( 1428): hostaddress count is 2
D/dalvikvm( 1428): GC_CONCURRENT freed 568K, 66% free 2494K/7171K, paused 2ms+2ms
D/dalvikvm( 1428): GC_CONCURRENT freed 651K, 66% free 2466K/7171K, paused 2ms+2ms
D/dalvikvm( 1428): GC_CONCURRENT freed 622K, 67% free 2423K/7171K, paused 2ms+2ms
D/dalvikvm( 1428): GC_CONCURRENT freed 565K, 65% free 2526K/7171K, paused 2ms+2ms
D/dalvikvm( 1428): GC_CONCURRENT freed 701K, 67% free 2413K/7171K, paused 1ms+2ms
D/dalvikvm( 1428): GC_CONCURRENT freed 555K, 66% free 2466K/7171K, paused 1ms+2ms
D/dalvikvm( 1428): GC_CONCURRENT freed 608K, 67% free 2426K/7171K, paused 2ms+2ms
D/dalvikvm( 1428): GC_CONCURRENT freed 568K, 67% free 2420K/7171K, paused 2ms+2ms
D/dalvikvm( 1428): GC_CONCURRENT freed 556K, 67% free 2437K/7171K, paused 2ms+2ms
D/dalvikvm( 1428): GC_CONCURRENT freed 579K, 67% free 2438K/7171K, paused 2ms+2ms
D/dalvikvm( 1428): GC_CONCURRENT freed 586K, 67% free 2402K/7171K, paused 2ms+3ms
D/dalvikvm( 1428): GC_CONCURRENT freed 538K, 67% free 2420K/7171K, paused 2ms+2ms
D/dalvikvm( 1428): GC_CONCURRENT freed 566K, 67% free 2410K/7171K, paused 1ms+2ms
D/dalvikvm( 1428): GC_CONCURRENT freed 533K, 67% free 2420K/7171K, paused 2ms+2ms
D/dalvikvm( 1428): GC_CONCURRENT freed 566K, 67% free 2420K/7171K, paused 1ms+2ms
D/dalvikvm( 1428): GC_CONCURRENT freed 559K, 67% free 2433K/7171K, paused 2ms+3ms
D/dalvikvm( 1428): GC_CONCURRENT freed 579K, 67% free 2435K/7171K, paused 2ms+2ms
D/dalvikvm( 1428): GC_CONCURRENT freed 583K, 65% free 2524K/7171K, paused 1ms+2ms
D/dalvikvm( 1428): GC_CONCURRENT freed 703K, 67% free 2411K/7171K, paused 1ms+2ms
D/dalvikvm( 1428): GC_CONCURRENT freed 535K, 66% free 2462K/7171K, paused 2ms+2ms
D/dalvikvm( 1428): GC_CONCURRENT freed 617K, 65% free 2528K/7171K, paused 2ms+2ms
D/dalvikvm( 1428): GC_CONCURRENT freed 704K, 65% free 2529K/7171K, paused 2ms+2ms
D/SlideManagerRootImpl( 1071): slideTo = 1
D/dalvikvm( 1428): GC_CONCURRENT freed 702K, 65% free 2520K/7171K, paused 3ms+2ms
D/dalvikvm( 1428): GC_CONCURRENT freed 691K, 65% free 2524K/7171K, paused 2ms+2ms
D/dalvikvm( 1428): GC_CONCURRENT freed 703K, 67% free 2412K/7171K, paused 2ms+4ms
D/dalvikvm( 1428): GC_CONCURRENT freed 532K, 67% free 2425K/7171K, paused 2ms+2ms
D/dalvikvm( 1428): GC_CONCURRENT freed 567K, 67% free 2409K/7171K, paused 2ms+2ms
D/dalvikvm( 1428): GC_CONCURRENT freed 542K, 65% free 2541K/7171K, paused 2ms+3ms
D/dalvikvm( 1428): GC_CONCURRENT freed 727K, 67% free 2417K/7171K, paused 2ms+2ms
D/dalvikvm( 1428): GC_CONCURRENT freed 557K, 67% free 2433K/7171K, paused 2ms+2ms
D/dalvikvm( 1428): GC_CONCURRENT freed 579K, 67% free 2435K/7171K, paused 1ms+3ms
D/dalvikvm( 1428): GC_CONCURRENT freed 582K, 67% free 2434K/7171K, paused 2ms+3ms
D/dalvikvm( 1428): GC_CONCURRENT freed 573K, 67% free 2421K/7171K, paused 2ms+2ms
D/SlideManagerRootImpl( 1071): slideTo = 2
D/dalvikvm( 1428): GC_CONCURRENT freed 544K, 66% free 2472K/7171K, paused 2ms+2ms
D/HomePlayerLib( 1428): hostaddress count is 2
D/dalvikvm( 1428): GC_CONCURRENT freed 632K, 65% free 2528K/7171K, paused 2ms+2ms
D/dalvikvm( 1428): GC_CONCURRENT freed 691K, 64% free 2591K/7171K, paused 2ms+4ms
D/dalvikvm( 1428): GC_CONCURRENT freed 788K, 67% free 2416K/7171K, paused 2ms+4ms
D/dalvikvm( 1428): GC_CONCURRENT freed 533K, 67% free 2425K/7171K, paused 2ms+2ms
D/dalvikvm( 1428): GC_CONCURRENT freed 567K, 67% free 2438K/7171K, paused 2ms+2ms
D/dalvikvm( 1428): GC_CONCURRENT freed 579K, 67% free 2437K/7171K, paused 2ms+3ms
D/dalvikvm( 1428): GC_CONCURRENT freed 568K, 67% free 2421K/7171K, paused 2ms+2ms
D/dalvikvm( 1428): GC_CONCURRENT freed 546K, 67% free 2427K/7171K, paused 2ms+2ms
D/dalvikvm( 1428): GC_CONCURRENT freed 563K, 67% free 2423K/7171K, paused 2ms+2ms
D/dalvikvm( 1428): GC_CONCURRENT freed 565K, 65% free 2525K/7171K, paused 2ms+2ms
D/dalvikvm( 1428): GC_CONCURRENT freed 701K, 67% free 2401K/7171K, paused 1ms+2ms
D/dalvikvm( 1428): GC_CONCURRENT freed 535K, 67% free 2403K/7171K, paused 2ms+2ms
D/dalvikvm( 1428): GC_CONCURRENT freed 538K, 65% free 2523K/7171K, paused 1ms+2ms
D/dalvikvm( 1428): GC_CONCURRENT freed 676K, 65% free 2548K/7171K, paused 2ms+2ms
D/dalvikvm( 1428): GC_CONCURRENT freed 732K, 67% free 2412K/7171K, paused 2ms+2ms
D/dalvikvm( 1428): GC_CONCURRENT freed 554K, 65% free 2520K/7171K, paused 2ms+2ms
D/dalvikvm( 1428): GC_CONCURRENT freed 691K, 67% free 2409K/7171K, paused 2ms+2ms
D/dalvikvm( 1428): GC_CONCURRENT freed 533K, 65% free 2543K/7171K, paused 2ms+2ms
D/dalvikvm( 1428): GC_CONCURRENT freed 702K, 67% free 2423K/7171K, paused 2ms+2ms
D/SlideManagerRootImpl( 1071): slideTo = 3
D/dalvikvm( 1428): GC_CONCURRENT freed 568K, 67% free 2435K/7171K, paused 2ms+2ms
D/dalvikvm( 1428): GC_CONCURRENT freed 637K, 67% free 2401K/7171K, paused 2ms+2ms
D/dalvikvm( 1428): GC_CONCURRENT freed 516K, 67% free 2421K/7171K, paused 2ms+1ms
D/dalvikvm( 1428): GC_CONCURRENT freed 567K, 65% free 2524K/7171K, paused 2ms+2ms
D/dalvikvm( 1428): GC_CONCURRENT freed 702K, 65% free 2525K/7171K, paused 1ms+2ms
D/dalvikvm( 1428): GC_CONCURRENT freed 705K, 65% free 2526K/7171K, paused 2ms+2ms
D/SlideManagerRootImpl( 1071): slideTo = 4
D/dalvikvm( 1428): GC_CONCURRENT freed 705K, 66% free 2478K/7171K, paused 2ms+2ms
D/dalvikvm( 1428): GC_CONCURRENT freed 640K, 67% free 2418K/7171K, paused 2ms+3ms
D/dalvikvm( 1428): GC_CONCURRENT freed 564K, 65% free 2534K/7171K, paused 2ms+3ms
D/HomePlayerLib( 1428): hostaddress count is 2
D/dalvikvm( 1428): GC_CONCURRENT freed 706K, 65% free 2535K/7171K, paused 2ms+2ms
D/dalvikvm( 1428): GC_CONCURRENT freed 704K, 65% free 2534K/7171K, paused 2ms+2ms
D/dalvikvm( 1428): GC_CONCURRENT freed 702K, 66% free 2482K/7171K, paused 2ms+2ms
D/dalvikvm( 1428): GC_CONCURRENT freed 635K, 65% free 2531K/7171K, paused 2ms+3ms
D/dalvikvm( 1428): GC_CONCURRENT freed 688K, 66% free 2451K/7171K, paused 2ms+2ms
D/dalvikvm( 1428): GC_CONCURRENT freed 575K, 66% free 2478K/7171K, paused 2ms+2ms
D/dalvikvm( 1428): GC_CONCURRENT freed 623K, 65% free 2552K/7171K, paused 1ms+3ms
D/dalvikvm( 1428): GC_CONCURRENT freed 710K, 67% free 2436K/7171K, paused 2ms+2ms
D/dalvikvm( 1428): GC_CONCURRENT freed 575K, 65% free 2543K/7171K, paused 13ms+3ms
D/dalvikvm( 1428): GC_CONCURRENT freed 707K, 65% free 2541K/7171K, paused 2ms+2ms
D/dalvikvm( 1428): GC_CONCURRENT freed 704K, 67% free 2436K/7171K, paused 2ms+2ms
D/dalvikvm( 1428): GC_CONCURRENT freed 571K, 66% free 2477K/7171K, paused 2ms+2ms
D/dalvikvm( 1428): GC_CONCURRENT freed 621K, 65% free 2529K/7171K, paused 2ms+2ms
D/dalvikvm( 1428): GC_CONCURRENT freed 689K, 67% free 2419K/7171K, paused 2ms+2ms
D/dalvikvm( 1428): GC_CONCURRENT freed 554K, 67% free 2430K/7171K, paused 2ms+2ms
D/dalvikvm( 1428): GC_CONCURRENT freed 558K, 67% free 2430K/7171K, paused 1ms+2ms
D/dalvikvm( 1428): GC_CONCURRENT freed 567K, 67% free 2427K/7171K, paused 2ms+2ms
D/dalvikvm( 1428): GC_CONCURRENT freed 559K, 66% free 2448K/7171K, paused 1ms+2ms
D/dalvikvm( 1428): GC_CONCURRENT freed 581K, 65% free 2542K/7171K, paused 2ms+2ms
D/dalvikvm( 1428): GC_CONCURRENT freed 714K, 65% free 2531K/7171K, paused 2ms+3ms
D/dalvikvm( 1428): GC_CONCURRENT freed 693K, 65% free 2544K/7171K, paused 2ms+2ms
D/dalvikvm( 1428): GC_CONCURRENT freed 718K, 65% free 2531K/7171K, paused 2ms+2ms
D/SlideManagerRootImpl( 1071): slideTo = 0
D/dalvikvm( 1428): GC_CONCURRENT freed 689K, 67% free 2432K/7171K, paused 3ms+3ms
D/dalvikvm( 1428): GC_CONCURRENT freed 575K, 65% free 2524K/7171K, paused 1ms+2ms
D/dalvikvm( 1428): GC_CONCURRENT freed 702K, 65% free 2522K/7171K, paused 2ms+2ms
D/dalvikvm( 1428): GC_CONCURRENT freed 679K, 67% free 2422K/7171K, paused 2ms+2ms
D/dalvikvm( 1428): GC_CONCURRENT freed 559K, 66% free 2507K/7171K, paused 2ms+2ms
D/dalvikvm( 1428): GC_CONCURRENT freed 661K, 65% free 2529K/7171K, paused 2ms+2ms
D/dalvikvm( 1428): GC_CONCURRENT freed 705K, 65% free 2529K/7171K, paused 2ms+2ms
D/SlideManagerRootImpl( 1071): slideTo = 1
D/dalvikvm( 1428): GC_CONCURRENT freed 704K, 65% free 2520K/7171K, paused 1ms+4ms
D/dalvikvm( 1428): GC_CONCURRENT freed 691K, 65% free 2525K/7171K, paused 2ms+3ms
D/HomePlayerLib( 1428): hostaddress count is 2
D/dalvikvm( 1428): GC_CONCURRENT freed 684K, 66% free 2502K/7171K, paused 2ms+3ms
D/dalvikvm( 1428): GC_CONCURRENT freed 670K, 65% free 2516K/7171K, paused 2ms+2ms
D/dalvikvm( 1428): GC_CONCURRENT freed 661K, 65% free 2557K/7171K, paused 2ms+3ms
D/dalvikvm( 1428): GC_CONCURRENT freed 733K, 65% free 2536K/7171K, paused 3ms+2ms
D/dalvikvm( 1428): GC_CONCURRENT freed 714K, 65% free 2530K/7171K, paused 2ms+2ms
D/dalvikvm( 1428): GC_CONCURRENT freed 699K, 65% free 2529K/7171K, paused 1ms+2ms
D/dalvikvm( 1428): GC_CONCURRENT freed 669K, 65% free 2565K/7171K, paused 2ms+2ms
D/dalvikvm( 1428): GC_CONCURRENT freed 751K, 66% free 2496K/7171K, paused 1ms+2ms
D/dalvikvm( 1428): GC_CONCURRENT freed 661K, 66% free 2438K/7171K, paused 2ms+2ms
D/dalvikvm( 1428): GC_CONCURRENT freed 548K, 65% free 2558K/7171K, paused 2ms+3ms
D/dalvikvm( 1428): GC_CONCURRENT freed 746K, 67% free 2438K/7171K, paused 2ms+2ms
D/dalvikvm( 1428): GC_CONCURRENT freed 576K, 67% free 2421K/7171K, paused 1ms+2ms
D/dalvikvm( 1428): GC_CONCURRENT freed 567K, 67% free 2402K/7171K, paused 2ms+3ms
D/dalvikvm( 1428): GC_CONCURRENT freed 533K, 67% free 2420K/7171K, paused 2ms+2ms
D/dalvikvm( 1428): GC_CONCURRENT freed 565K, 65% free 2533K/7171K, paused 2ms+2ms
D/dalvikvm( 1428): GC_CONCURRENT freed 704K, 67% free 2437K/7171K, paused 1ms+2ms
D/dalvikvm( 1428): GC_CONCURRENT freed 584K, 67% free 2434K/7171K, paused 2ms+2ms
D/SlideManagerRootImpl( 1071): slideTo = 2
D/dalvikvm( 1428): GC_CONCURRENT freed 571K, 67% free 2420K/7171K, paused 1ms+3ms
D/dalvikvm( 1428): GC_CONCURRENT freed 565K, 67% free 2398K/7171K, paused 2ms+2ms
D/dalvikvm( 1428): GC_CONCURRENT freed 533K, 67% free 2420K/7171K, paused 2ms+2ms
D/dalvikvm( 1428): GC_CONCURRENT freed 541K, 67% free 2422K/7171K, paused 2ms+3ms
D/dalvikvm( 1428): GC_CONCURRENT freed 556K, 67% free 2422K/7171K, paused 2ms+2ms
D/dalvikvm( 1428): GC_CONCURRENT freed 566K, 65% free 2563K/7171K, paused 2ms+2ms
D/dalvikvm( 1428): GC_CONCURRENT freed 745K, 67% free 2412K/7171K, paused 1ms+2ms
D/dalvikvm( 1428): GC_CONCURRENT freed 555K, 65% free 2520K/7171K, paused 2ms+2ms
D/dalvikvm( 1428): GC_CONCURRENT freed 689K, 65% free 2534K/7171K, paused 2ms+2ms
D/dalvikvm( 1428): GC_CONCURRENT freed 715K, 65% free 2522K/7171K, paused 1ms+2ms
D/dalvikvm( 1428): GC_CONCURRENT freed 692K, 67% free 2419K/7171K, paused 2ms+2ms
D/dalvikvm( 1428): GC_CONCURRENT freed 559K, 66% free 2475K/7171K, paused 1ms+2ms
D/dalvikvm( 1428): GC_CONCURRENT freed 633K, 65% free 2545K/7171K, paused 2ms+2ms
D/dalvikvm( 1428): GC_CONCURRENT freed 729K, 67% free 2411K/7171K, paused 1ms+2ms
D/dalvikvm( 1428): GC_CONCURRENT freed 544K, 65% free 2517K/7171K, paused 2ms+2ms
D/SlideManagerRootImpl( 1071): slideTo = 3
D/dalvikvm( 1428): GC_CONCURRENT freed 687K, 65% free 2517K/7171K, paused 7ms+3ms
D/HomePlayerLib( 1428): hostaddress count is 2
D/dalvikvm( 1428): GC_CONCURRENT freed 667K, 65% free 2549K/7171K, paused 1ms+4ms
D/dalvikvm( 1428): GC_CONCURRENT freed 730K, 67% free 2433K/7171K, paused 3ms+3ms
D/dalvikvm( 1428): GC_CONCURRENT freed 532K, 66% free 2452K/7171K, paused 3ms+2ms
D/dalvikvm( 1428): GC_CONCURRENT freed 588K, 65% free 2529K/7171K, paused 2ms+2ms
D/dalvikvm( 1428): GC_CONCURRENT freed 695K, 65% free 2536K/7171K, paused 3ms+3ms
D/dalvikvm( 1428): GC_CONCURRENT freed 709K, 65% free 2533K/7171K, paused 2ms+4ms
D/dalvikvm( 1428): GC_CONCURRENT freed 702K, 65% free 2536K/7171K, paused 2ms+2ms
D/dalvikvm( 1428): GC_CONCURRENT freed 711K, 67% free 2418K/7171K, paused 2ms+2ms
D/dalvikvm( 1428): GC_CONCURRENT freed 565K, 65% free 2522K/7171K, paused 1ms+2ms
D/dalvikvm( 1428): GC_CONCURRENT freed 703K, 67% free 2413K/7171K, paused 1ms+2ms
D/dalvikvm( 1428): GC_CONCURRENT freed 551K, 65% free 2528K/7171K, paused 2ms+2ms
D/dalvikvm( 1428): GC_CONCURRENT freed 704K, 65% free 2529K/7171K, paused 1ms+2ms
D/dalvikvm( 1428): GC_CONCURRENT freed 688K, 65% free 2547K/7171K, paused 2ms+2ms
D/dalvikvm( 1428): GC_CONCURRENT freed 728K, 65% free 2524K/7171K, paused 2ms+2ms
D/dalvikvm( 1428): GC_CONCURRENT freed 679K, 67% free 2424K/7171K, paused 2ms+2ms
D/dalvikvm( 1428): GC_CONCURRENT freed 571K, 67% free 2418K/7171K, paused 2ms+2ms
D/SlideManagerRootImpl( 1071): slideTo = 4
D/dalvikvm( 1428): GC_CONCURRENT freed 558K, 67% free 2407K/7171K, paused 2ms+2ms
D/dalvikvm( 1428): GC_CONCURRENT freed 539K, 67% free 2408K/7171K, paused 2ms+2ms
D/dalvikvm( 1428): GC_CONCURRENT freed 531K, 67% free 2420K/7171K, paused 2ms+2ms
D/dalvikvm( 1428): GC_CONCURRENT freed 541K, 67% free 2421K/7171K, paused 2ms+2ms
D/dalvikvm( 1428): GC_CONCURRENT freed 556K, 67% free 2420K/7171K, paused 1ms+2ms
D/dalvikvm( 1428): GC_CONCURRENT freed 565K, 65% free 2521K/7171K, paused 2ms+2ms
D/dalvikvm( 1428): GC_CONCURRENT freed 678K, 65% free 2546K/7171K, paused 1ms+2ms
D/dalvikvm( 1428): GC_CONCURRENT freed 731K, 67% free 2411K/7171K, paused 2ms+2ms
D/dalvikvm( 1428): GC_CONCURRENT freed 542K, 65% free 2533K/7171K, paused 2ms+2ms
D/dalvikvm( 1428): GC_CONCURRENT freed 704K, 65% free 2534K/7171K, paused 2ms+2ms
D/dalvikvm( 1428): GC_CONCURRENT freed 717K, 67% free 2406K/7171K, paused 2ms+2ms
D/dalvikvm( 1428): GC_CONCURRENT freed 547K, 67% free 2407K/7171K, paused 2ms+2ms
D/HomePlayerLib( 1428): hostaddress count is 2
D/dalvikvm( 1428): GC_CONCURRENT freed 550K, 66% free 2462K/7171K, paused 1ms+2ms
D/dalvikvm( 1428): GC_CONCURRENT freed 619K, 65% free 2530K/7171K, paused 1ms+2ms
D/dalvikvm( 1428): GC_CONCURRENT freed 693K, 65% free 2530K/7171K, paused 2ms+2ms
D/SlideManagerRootImpl( 1071): slideTo = 0
D/dalvikvm( 1428): GC_CONCURRENT freed 701K, 65% free 2511K/7171K, paused 2ms+2ms
D/dalvikvm( 1428): GC_CONCURRENT freed 682K, 67% free 2401K/7171K, paused 3ms+2ms
D/dalvikvm( 1428): GC_CONCURRENT freed 527K, 65% free 2534K/7171K, paused 2ms+2ms
D/dalvikvm( 1428): GC_CONCURRENT freed 709K, 65% free 2529K/7171K, paused 2ms+2ms
D/dalvikvm( 1428): GC_CONCURRENT freed 705K, 65% free 2528K/7171K, paused 2ms+2ms
D/dalvikvm( 1428): GC_CONCURRENT freed 703K, 65% free 2538K/7171K, paused 4ms+3ms
D/dalvikvm( 1428): GC_CONCURRENT freed 716K, 65% free 2524K/7171K, paused 2ms+3ms
D/dalvikvm( 1428): GC_CONCURRENT freed 692K, 66% free 2465K/7171K, paused 1ms+3ms
D/dalvikvm( 1428): GC_CONCURRENT freed 606K, 67% free 2423K/7171K, paused 2ms+2ms
D/dalvikvm( 1428): GC_CONCURRENT freed 561K, 67% free 2421K/7171K, paused 2ms+2ms
D/dalvikvm( 1428): GC_CONCURRENT freed 566K, 67% free 2411K/7171K, paused 2ms+2ms
D/dalvikvm( 1428): GC_CONCURRENT freed 533K, 67% free 2421K/7171K, paused 2ms+2ms
D/dalvikvm( 1428): GC_CONCURRENT freed 564K, 67% free 2435K/7171K, paused 2ms+3ms
D/dalvikvm( 1428): GC_CONCURRENT freed 582K, 65% free 2517K/7171K, paused 2ms+2ms
D/dalvikvm( 1428): GC_CONCURRENT freed 673K, 65% free 2546K/7171K, paused 1ms+2ms
D/SlideManagerRootImpl( 1071): slideTo = 1
D/dalvikvm( 1428): GC_CONCURRENT freed 731K, 67% free 2410K/7171K, paused 1ms+2ms
D/dalvikvm( 1428): GC_CONCURRENT freed 533K, 67% free 2420K/7171K, paused 2ms+3ms
D/dalvikvm( 1428): GC_CONCURRENT freed 604K, 66% free 2485K/7171K, paused 2ms+2ms
D/dalvikvm( 1428): GC_CONCURRENT freed 637K, 65% free 2529K/7171K, paused 1ms+2ms
D/dalvikvm( 1428): GC_CONCURRENT freed 705K, 67% free 2422K/7171K, paused 2ms+2ms
D/dalvikvm( 1428): GC_CONCURRENT freed 560K, 67% free 2420K/7171K, paused 2ms+2ms
D/dalvikvm( 1428): GC_CONCURRENT freed 564K, 67% free 2397K/7171K, paused 2ms+2ms
D/dalvikvm( 1428): GC_CONCURRENT freed 532K, 67% free 2425K/7171K, paused 2ms+2ms
D/dalvikvm( 1428): GC_CONCURRENT freed 568K, 65% free 2523K/7171K, paused 2ms+2ms
D/dalvikvm( 1428): GC_CONCURRENT freed 702K, 65% free 2526K/7171K, paused 2ms+2ms
D/dalvikvm( 1428): GC_CONCURRENT freed 701K, 67% free 2422K/7171K, paused 2ms+2ms
D/dalvikvm( 1428): GC_CONCURRENT freed 568K, 67% free 2434K/7171K, paused 3ms+2ms
D/dalvikvm( 1428): GC_CONCURRENT freed 573K, 67% free 2421K/7171K, paused 2ms+2ms
D/dalvikvm( 1428): GC_CONCURRENT freed 566K, 67% free 2419K/7171K, paused 2ms+3ms
D/dalvikvm( 1428): GC_CONCURRENT freed 567K, 67% free 2397K/7171K, paused 2ms+2ms
D/dalvikvm( 1428): GC_CONCURRENT freed 532K, 67% free 2434K/7171K, paused 2ms+2ms
D/dalvikvm( 1428): GC_CONCURRENT freed 578K, 66% free 2475K/7171K, paused 2ms+2ms
D/HomePlayerLib( 1428): hostaddress count is 2
D/dalvikvm( 1428): GC_CONCURRENT freed 627K, 67% free 2432K/7171K, paused 2ms+2ms
D/dalvikvm( 1428): GC_CONCURRENT freed 584K, 66% free 2483K/7171K, paused 1ms+2ms
D/dalvikvm( 1428): GC_CONCURRENT freed 633K, 65% free 2529K/7171K, paused 2ms+2ms
D/dalvikvm( 1428): GC_CONCURRENT freed 697K, 66% free 2467K/7171K, paused 2ms+2ms
D/SlideManagerRootImpl( 1071): slideTo = 2
D/dalvikvm( 1428): GC_CONCURRENT freed 621K, 64% free 2613K/7171K, paused 2ms+2ms
D/dalvikvm( 1428): GC_CONCURRENT freed 784K, 65% free 2560K/7171K, paused 2ms+3ms
D/dalvikvm( 1428): GC_CONCURRENT freed 719K, 65% free 2557K/7171K, paused 3ms+3ms
D/dalvikvm( 1428): GC_CONCURRENT freed 731K, 65% free 2539K/7171K, paused 4ms+4ms
D/dalvikvm( 1428): GC_CONCURRENT freed 703K, 65% free 2545K/7171K, paused 2ms+3ms
D/dalvikvm( 1428): GC_CONCURRENT freed 715K, 65% free 2534K/7171K, paused 2ms+2ms
D/dalvikvm( 1428): GC_CONCURRENT freed 703K, 65% free 2536K/7171K, paused 2ms+2ms
D/dalvikvm( 1428): GC_CONCURRENT freed 708K, 67% free 2429K/7171K, paused 1ms+2ms
D/SlideManagerRootImpl( 1071): slideTo = 3
D/dalvikvm( 1428): GC_CONCURRENT freed 578K, 67% free 2405K/7171K, paused 3ms+3ms
D/dalvikvm( 1428): GC_CONCURRENT freed 543K, 65% free 2519K/7171K, paused 2ms+3ms
D/dalvikvm( 1428): GC_CONCURRENT freed 690K, 65% free 2525K/7171K, paused 1ms+2ms
D/dalvikvm( 1428): GC_CONCURRENT freed 704K, 67% free 2411K/7171K, paused 2ms+2ms
D/dalvikvm( 1428): GC_CONCURRENT freed 554K, 66% free 2463K/7171K, paused 2ms+2ms
D/dalvikvm( 1428): GC_CONCURRENT freed 600K, 66% free 2467K/7171K, paused 2ms+3ms
D/dalvikvm( 1428): GC_CONCURRENT freed 622K, 67% free 2422K/7171K, paused 2ms+2ms
D/dalvikvm( 1428): GC_CONCURRENT freed 567K, 65% free 2524K/7171K, paused 2ms+2ms
D/dalvikvm( 1428): GC_CONCURRENT freed 702K, 66% free 2463K/7171K, paused 1ms+2ms
D/dalvikvm( 1428): GC_CONCURRENT freed 615K, 67% free 2425K/7171K, paused 2ms+2ms
D/dalvikvm( 1428): GC_CONCURRENT freed 567K, 67% free 2409K/7171K, paused 1ms+2ms
D/dalvikvm( 1428): GC_CONCURRENT freed 541K, 65% free 2557K/7171K, paused 2ms+2ms
D/dalvikvm( 1428): GC_CONCURRENT freed 744K, 67% free 2411K/7171K, paused 2ms+2ms
D/dalvikvm( 1428): GC_CONCURRENT freed 534K, 66% free 2507K/7171K, paused 2ms+2ms
D/HomePlayerLib( 1428): hostaddress count is 2
D/dalvikvm( 1428): GC_CONCURRENT freed 668K, 67% free 2419K/7171K, paused 2ms+2ms
D/dalvikvm( 1428): GC_CONCURRENT freed 547K, 65% free 2541K/7171K, paused 1ms+2ms
D/dalvikvm( 1428): GC_CONCURRENT freed 711K, 66% free 2507K/7171K, paused 2ms+2ms
D/dalvikvm( 1428): GC_CONCURRENT freed 661K, 67% free 2426K/7171K, paused 2ms+2ms
D/dalvikvm( 1428): GC_CONCURRENT freed 559K, 65% free 2558K/7171K, paused 2ms+2ms
D/dalvikvm( 1428): GC_CONCURRENT freed 731K, 67% free 2423K/7171K, paused 2ms+2ms
D/dalvikvm( 1428): GC_CONCURRENT freed 546K, 64% free 2585K/7171K, paused 1ms+2ms
D/SlideManagerRootImpl( 1071): slideTo = 4
D/dalvikvm( 1428): GC_CONCURRENT freed 764K, 65% free 2552K/7171K, paused 2ms+4ms
D/dalvikvm( 1428): GC_CONCURRENT freed 729K, 65% free 2549K/7171K, paused 1ms+2ms
D/dalvikvm( 1428): GC_CONCURRENT freed 714K, 65% free 2546K/7171K, paused 8ms+3ms
D/dalvikvm( 1428): GC_CONCURRENT freed 718K, 65% free 2540K/7171K, paused 10ms+3ms
D/dalvikvm( 1428): GC_CONCURRENT freed 708K, 67% free 2433K/7171K, paused 2ms+2ms
D/dalvikvm( 1428): GC_CONCURRENT freed 567K, 65% free 2533K/7171K, paused 2ms+2ms
D/dalvikvm( 1428): GC_CONCURRENT freed 703K, 67% free 2419K/7171K, paused 2ms+2ms
D/dalvikvm( 1428): GC_CONCURRENT freed 532K, 67% free 2429K/7171K, paused 2ms+2ms
D/dalvikvm( 1428): GC_CONCURRENT freed 566K, 65% free 2533K/7171K, paused 2ms+2ms
D/dalvikvm( 1428): GC_CONCURRENT freed 702K, 65% free 2528K/7171K, paused 2ms+2ms
D/SlideManagerRootImpl( 1071): slideTo = 0
D/dalvikvm( 1428): GC_CONCURRENT freed 737K, 66% free 2492K/7171K, paused 3ms+2ms
D/dalvikvm( 1428): GC_CONCURRENT freed 661K, 67% free 2411K/7171K, paused 2ms+2ms
D/dalvikvm( 1428): GC_CONCURRENT freed 533K, 67% free 2420K/7171K, paused 2ms+3ms
D/dalvikvm( 1428): GC_CONCURRENT freed 566K, 67% free 2411K/7171K, paused 2ms+2ms
D/dalvikvm( 1428): GC_CONCURRENT freed 533K, 66% free 2466K/7171K, paused 2ms+2ms
D/dalvikvm( 1428): GC_CONCURRENT freed 618K, 67% free 2423K/7171K, paused 2ms+2ms
D/dalvikvm( 1428): GC_CONCURRENT freed 569K, 67% free 2397K/7171K, paused 2ms+3ms
D/dalvikvm( 1428): GC_CONCURRENT freed 533K, 66% free 2507K/7171K, paused 2ms+2ms
D/dalvikvm( 1428): GC_CONCURRENT freed 660K, 65% free 2529K/7171K, paused 2ms+2ms
D/dalvikvm( 1428): GC_CONCURRENT freed 704K, 67% free 2424K/7171K, paused 2ms+2ms
D/dalvikvm( 1428): GC_CONCURRENT freed 571K, 67% free 2418K/7171K, paused 2ms+3ms
D/dalvikvm( 1428): GC_CONCURRENT freed 560K, 67% free 2433K/7171K, paused 1ms+2ms
D/dalvikvm( 1428): GC_CONCURRENT freed 578K, 67% free 2435K/7171K, paused 1ms+2ms
D/dalvikvm( 1428): GC_CONCURRENT freed 582K, 65% free 2519K/7171K, paused 2ms+2ms
D/dalvikvm( 1428): GC_CONCURRENT freed 696K, 67% free 2402K/7171K, paused 2ms+2ms
D/dalvikvm( 1428): GC_CONCURRENT freed 525K, 67% free 2418K/7171K, paused 1ms+2ms
D/HomePlayerLib( 1428): hostaddress count is 2
D/dalvikvm( 1428): GC_CONCURRENT freed 545K, 67% free 2418K/7171K, paused 1ms+2ms
D/dalvikvm( 1428): GC_CONCURRENT freed 564K, 66% free 2466K/7171K, paused 2ms+2ms
D/dalvikvm( 1428): GC_CONCURRENT freed 596K, 64% free 2595K/7171K, paused 2ms+2ms
D/dalvikvm( 1428): GC_CONCURRENT freed 792K, 67% free 2427K/7171K, paused 2ms+2ms
D/dalvikvm( 1428): GC_CONCURRENT freed 550K, 66% free 2455K/7171K, paused 2ms+2ms
D/dalvikvm( 1428): GC_CONCURRENT freed 608K, 65% free 2523K/7171K, paused 2ms+2ms
D/dalvikvm( 1428): GC_CONCURRENT freed 697K, 67% free 2406K/7171K, paused 2ms+2ms
D/dalvikvm( 1428): GC_CONCURRENT freed 540K, 65% free 2530K/7171K, paused 2ms+2ms
D/dalvikvm( 1428): GC_CONCURRENT freed 701K, 65% free 2535K/7171K, paused 2ms+2ms
D/SlideManagerRootImpl( 1071): slideTo = 1
D/dalvikvm( 1428): GC_CONCURRENT freed 714K, 65% free 2523K/7171K, paused 2ms+3ms
D/dalvikvm( 1428): GC_CONCURRENT freed 694K, 65% free 2525K/7171K, paused 2ms+2ms
D/dalvikvm( 1428): GC_CONCURRENT freed 799K, 67% free 2427K/7171K, paused 3ms+3ms
D/SlideManagerRootImpl( 1071): slideTo = 2
D/dalvikvm( 1428): GC_CONCURRENT freed 570K, 65% free 2523K/7171K, paused 2ms+2ms
D/dalvikvm( 1428): GC_CONCURRENT freed 676K, 65% free 2519K/7171K, paused 2ms+3ms
D/dalvikvm( 1428): GC_CONCURRENT freed 692K, 65% free 2525K/7171K, paused 3ms+2ms
D/dalvikvm( 1428): GC_CONCURRENT freed 702K, 65% free 2525K/7171K, paused 2ms+2ms
D/dalvikvm( 1428): GC_CONCURRENT freed 703K, 67% free 2398K/7171K, paused 2ms+2ms
D/dalvikvm( 1428): GC_CONCURRENT freed 535K, 66% free 2466K/7171K, paused 2ms+2ms
D/dalvikvm( 1428): GC_CONCURRENT freed 620K, 67% free 2423K/7171K, paused 2ms+2ms
D/dalvikvm( 1428): GC_CONCURRENT freed 568K, 67% free 2409K/7171K, paused 2ms+2ms
D/dalvikvm( 1428): GC_CONCURRENT freed 532K, 66% free 2507K/7171K, paused 2ms+2ms
D/dalvikvm( 1428): GC_CONCURRENT freed 662K, 65% free 2529K/7171K, paused 2ms+2ms
D/dalvikvm( 1428): GC_CONCURRENT freed 702K, 67% free 2423K/7171K, paused 2ms+3ms
D/dalvikvm( 1428): GC_CONCURRENT freed 570K, 67% free 2435K/7171K, paused 1ms+2ms
D/dalvikvm( 1428): GC_CONCURRENT freed 573K, 67% free 2421K/7171K, paused 2ms+2ms
D/dalvikvm( 1428): GC_CONCURRENT freed 566K, 67% free 2410K/7171K, paused 2ms+2ms
D/dalvikvm( 1428): GC_CONCURRENT freed 529K, 67% free 2425K/7171K, paused 1ms+2ms
D/dalvikvm( 1428): GC_CONCURRENT freed 564K, 65% free 2526K/7171K, paused 2ms+3ms
D/HomePlayerLib( 1428): hostaddress count is 2
D/dalvikvm( 1428): GC_CONCURRENT freed 708K, 65% free 2523K/7171K, paused 2ms+2ms
D/dalvikvm( 1428): GC_CONCURRENT freed 678K, 65% free 2543K/7171K, paused 2ms+2ms
D/dalvikvm( 1428): GC_CONCURRENT freed 721K, 65% free 2513K/7171K, paused 2ms+2ms
D/dalvikvm( 1428): GC_CONCURRENT freed 662K, 67% free 2426K/7171K, paused 2ms+2ms
D/dalvikvm( 1428): GC_CONCURRENT freed 567K, 65% free 2528K/7171K, paused 1ms+2ms
D/dalvikvm( 1428): GC_CONCURRENT freed 702K, 65% free 2525K/7171K, paused 2ms+2ms
D/dalvikvm( 1428): GC_CONCURRENT freed 688K, 67% free 2423K/7171K, paused 2ms+2ms
D/dalvikvm( 1428): GC_CONCURRENT freed 561K, 65% free 2530K/7171K, paused 2ms+2ms
D/dalvikvm( 1428): GC_CONCURRENT freed 697K, 66% free 2485K/7171K, paused 2ms+2ms
D/dalvikvm( 1428): GC_CONCURRENT freed 633K, 65% free 2529K/7171K, paused 1ms+2ms
D/dalvikvm( 1428): GC_CONCURRENT freed 705K, 65% free 2529K/7171K, paused 2ms+2ms
D/SlideManagerRootImpl( 1071): slideTo = 3
D/dalvikvm( 1428): GC_CONCURRENT freed 706K, 65% free 2529K/7171K, paused 2ms+2ms
D/dalvikvm( 1428): GC_CONCURRENT freed 703K, 65% free 2529K/7171K, paused 2ms+2ms
D/dalvikvm( 1428): GC_CONCURRENT freed 705K, 65% free 2529K/7171K, paused 2ms+3ms
D/dalvikvm( 1428): GC_CONCURRENT freed 706K, 65% free 2529K/7171K, paused 2ms+3ms
D/dalvikvm( 1428): GC_CONCURRENT freed 687K, 65% free 2546K/7171K, paused 2ms+2ms
D/SlideManagerRootImpl( 1071): slideTo = 4
D/dalvikvm( 1428): GC_CONCURRENT freed 729K, 65% free 2526K/7171K, paused 2ms+2ms
D/dalvikvm( 1428): GC_CONCURRENT freed 704K, 67% free 2412K/7171K, paused 2ms+2ms
D/dalvikvm( 1428): GC_CONCURRENT freed 543K, 65% free 2533K/7171K, paused 2ms+2ms
D/dalvikvm( 1428): GC_CONCURRENT freed 715K, 65% free 2522K/7171K, paused 8ms+4ms
D/dalvikvm( 1428): GC_CONCURRENT freed 693K, 65% free 2525K/7171K, paused 2ms+2ms
D/dalvikvm( 1428): GC_CONCURRENT freed 703K, 65% free 2526K/7171K, paused 2ms+2ms
D/dalvikvm( 1428): GC_CONCURRENT freed 704K, 65% free 2519K/7171K, paused 2ms+2ms
D/dalvikvm( 1428): GC_CONCURRENT freed 695K, 67% free 2399K/7171K, paused 2ms+2ms
D/dalvikvm( 1428): GC_CONCURRENT freed 530K, 67% free 2433K/7171K, paused 2ms+2ms
D/dalvikvm( 1428): GC_CONCURRENT freed 578K, 67% free 2434K/7171K, paused 2ms+2ms
D/dalvikvm( 1428): GC_CONCURRENT freed 572K, 67% free 2421K/7171K, paused 2ms+2ms
D/dalvikvm( 1428): GC_CONCURRENT freed 566K, 67% free 2399K/7171K, paused 1ms+2ms
D/dalvikvm( 1428): GC_CONCURRENT freed 533K, 67% free 2421K/7171K, paused 2ms+2ms
D/HomePlayerLib( 1428): hostaddress count is 2
D/dalvikvm( 1428): GC_CONCURRENT freed 547K, 67% free 2418K/7171K, paused 2ms+3ms
D/dalvikvm( 1428): GC_CONCURRENT freed 546K, 67% free 2419K/7171K, paused 2ms+3ms
D/dalvikvm( 1428): GC_CONCURRENT freed 556K, 66% free 2440K/7171K, paused 2ms+2ms
D/dalvikvm( 1428): GC_CONCURRENT freed 577K, 66% free 2449K/7171K, paused 2ms+3ms
D/dalvikvm( 1428): GC_CONCURRENT freed 572K, 67% free 2435K/7171K, paused 2ms+2ms
D/dalvikvm( 1428): GC_CONCURRENT freed 567K, 66% free 2447K/7171K, paused 2ms+3ms
D/dalvikvm( 1428): GC_FOR_ALLOC freed 712K, 67% free 2408K/7171K, paused 21ms
D/dalvikvm( 1428): GC_CONCURRENT freed <1K, 64% free 2610K/7171K, paused 2ms+2ms
D/dalvikvm( 1428): GC_CONCURRENT freed 793K, 65% free 2529K/7171K, paused 2ms+2ms
D/dalvikvm( 1428): GC_CONCURRENT freed 697K, 65% free 2536K/7171K, paused 2ms+2ms
D/dalvikvm( 1428): GC_CONCURRENT freed 671K, 65% free 2568K/7171K, paused 2ms+2ms
D/dalvikvm( 1428): GC_CONCURRENT freed 747K, 67% free 2422K/7171K, paused 1ms+2ms
D/dalvikvm( 1428): GC_CONCURRENT freed 559K, 65% free 2538K/7171K, paused 2ms+2ms
D/SlideManagerRootImpl( 1071): slideTo = 0
D/dalvikvm( 1428): GC_CONCURRENT freed 712K, 67% free 2424K/7171K, paused 2ms+2ms
D/dalvikvm( 1428): GC_CONCURRENT freed 559K, 66% free 2466K/7171K, paused 2ms+2ms
D/dalvikvm( 1428): GC_CONCURRENT freed 621K, 65% free 2529K/7171K, paused 2ms+2ms
D/dalvikvm( 1428): GC_CONCURRENT freed 701K, 65% free 2530K/7171K, paused 2ms+2ms
D/SlideManagerRootImpl( 1071): slideTo = 1
D/dalvikvm( 1428): GC_CONCURRENT freed 703K, 66% free 2506K/7171K, paused 2ms+3ms
D/dalvikvm( 1428): GC_CONCURRENT freed 664K, 65% free 2529K/7171K, paused 2ms+2ms
D/dalvikvm( 1428): GC_CONCURRENT freed 702K, 65% free 2529K/7171K, paused 8ms+2ms
D/dalvikvm( 1428): GC_CONCURRENT freed 705K, 67% free 2424K/7171K, paused 2ms+3ms
D/dalvikvm( 1428): GC_CONCURRENT freed 571K, 67% free 2434K/7171K, paused 2ms+2ms
D/dalvikvm( 1428): GC_CONCURRENT freed 571K, 67% free 2421K/7171K, paused 1ms+3ms
D/dalvikvm( 1428): GC_CONCURRENT freed 566K, 67% free 2419K/7171K, paused 2ms+2ms
D/dalvikvm( 1428): GC_CONCURRENT freed 559K, 67% free 2433K/7171K, paused 2ms+2ms
D/dalvikvm( 1428): GC_CONCURRENT freed 672K, 67% free 2431K/7171K, paused 1ms+2ms
D/dalvikvm( 1428): GC_CONCURRENT freed 571K, 67% free 2435K/7171K, paused 2ms+3ms
D/dalvikvm( 1428): GC_CONCURRENT freed 582K, 67% free 2435K/7171K, paused 2ms+2ms
D/dalvikvm( 1428): GC_CONCURRENT freed 573K, 67% free 2421K/7171K, paused 2ms+2ms
D/HomePlayerLib( 1428): hostaddress count is 2
D/dalvikvm( 1428): GC_CONCURRENT freed 557K, 65% free 2534K/7171K, paused 2ms+2ms
D/dalvikvm( 1428): GC_CONCURRENT freed 716K, 65% free 2525K/7171K, paused 2ms+2ms
D/dalvikvm( 1428): GC_CONCURRENT freed 715K, 66% free 2507K/7171K, paused 1ms+2ms
D/dalvikvm( 1428): GC_CONCURRENT freed 673K, 67% free 2422K/7171K, paused 1ms+2ms
D/dalvikvm( 1428): GC_CONCURRENT freed 547K, 66% free 2454K/7171K, paused 2ms+2ms
D/dalvikvm( 1428): GC_CONCURRENT freed 592K, 64% free 2637K/7171K, paused 2ms+2ms
D/dalvikvm( 1428): GC_CONCURRENT freed 838K, 67% free 2437K/7171K, paused 1ms+2ms
D/dalvikvm( 1428): GC_CONCURRENT freed 568K, 65% free 2545K/7171K, paused 2ms+2ms
D/dalvikvm( 1428): GC_CONCURRENT freed 712K, 65% free 2543K/7171K, paused 2ms+2ms
D/dalvikvm( 1428): GC_CONCURRENT freed 701K, 65% free 2543K/7171K, paused 1ms+2ms
D/dalvikvm( 1428): GC_CONCURRENT freed 704K, 65% free 2557K/7171K, paused 2ms+2ms
D/dalvikvm( 1428): GC_CONCURRENT freed 716K, 65% free 2557K/7171K, paused 2ms+2ms
D/dalvikvm( 1428): GC_CONCURRENT freed 734K, 65% free 2535K/7171K, paused 2ms+2ms
D/dalvikvm( 1428): GC_CONCURRENT freed 703K, 67% free 2421K/7171K, paused 2ms+3ms
D/dalvikvm( 1428): GC_CONCURRENT freed 556K, 67% free 2429K/7171K, paused 2ms+2ms
D/dalvikvm( 1428): GC_CONCURRENT freed 560K, 67% free 2430K/7171K, paused 2ms+3ms
D/SlideManagerRootImpl( 1071): slideTo = 2
D/dalvikvm( 1428): GC_CONCURRENT freed 566K, 66% free 2444K/7171K, paused 2ms+2ms
D/dalvikvm( 1428): GC_CONCURRENT freed 570K, 67% free 2432K/7171K, paused 2ms+2ms
D/dalvikvm( 1428): GC_CONCURRENT freed 568K, 66% free 2444K/7171K, paused 2ms+3ms
D/dalvikvm( 1428): GC_CONCURRENT freed 583K, 67% free 2427K/7171K, paused 1ms+2ms
D/dalvikvm( 1428): GC_CONCURRENT freed 567K, 66% free 2480K/7171K, paused 2ms+2ms
D/dalvikvm( 1428): GC_CONCURRENT freed 633K, 67% free 2423K/7171K, paused 2ms+3ms
D/dalvikvm( 1428): GC_CONCURRENT freed 570K, 67% free 2409K/7171K, paused 2ms+2ms
D/dalvikvm( 1428): GC_CONCURRENT freed 532K, 67% free 2420K/7171K, paused 2ms+2ms
D/dalvikvm( 1428): GC_CONCURRENT freed 565K, 65% free 2559K/7171K, paused 2ms+2ms
D/dalvikvm( 1428): GC_CONCURRENT freed 744K, 65% free 2526K/7171K, paused 1ms+2ms
D/dalvikvm( 1428): GC_CONCURRENT freed 679K, 65% free 2548K/7171K, paused 1ms+2ms
D/SlideManagerRootImpl( 1071): slideTo = 3
D/dalvikvm( 1428): GC_CONCURRENT freed 729K, 65% free 2518K/7171K, paused 2ms+3ms
D/dalvikvm( 1428): GC_CONCURRENT freed 678K, 65% free 2529K/7171K, paused 7ms+2ms
D/dalvikvm( 1428): GC_CONCURRENT freed 704K, 65% free 2529K/7171K, paused 2ms+5ms
I/UpdateCibnApkService( 1071):   CheckApkVersionTask Start download Json
D/dalvikvm( 1428): GC_CONCURRENT freed 704K, 65% free 2529K/7171K, paused 2ms+2ms
I/UpdateCibnApkService( 1071):  CheckApkVersionTask - readData IOException
I/UpdateCibnApkService( 1071):  getJsonData: 
V/UpdateCibnApkService( 1071):  result ===> 
V/UpdateCibnApkService( 1071):  result is null 
D/dalvikvm( 1428): GC_CONCURRENT freed 705K, 67% free 2423K/7171K, paused 2ms+2ms
D/dalvikvm( 1428): GC_CONCURRENT freed 560K, 67% free 2421K/7171K, paused 2ms+2ms
D/dalvikvm( 1428): GC_CONCURRENT freed 566K, 65% free 2525K/7171K, paused 2ms+2ms
D/dalvikvm( 1428): GC_CONCURRENT freed 703K, 65% free 2526K/7171K, paused 2ms+3ms
D/dalvikvm( 1428): GC_CONCURRENT freed 705K, 65% free 2561K/7171K, paused 2ms+2ms
D/dalvikvm( 1428): GC_CONCURRENT freed 743K, 67% free 2422K/7171K, paused 1ms+2ms
D/HomePlayerLib( 1428): hostaddress count is 2
D/dalvikvm( 1428): GC_CONCURRENT freed 549K, 67% free 2418K/7171K, paused 2ms+3ms
D/dalvikvm( 1428): GC_CONCURRENT freed 565K, 67% free 2398K/7171K, paused 2ms+3ms
D/dalvikvm( 1428): GC_CONCURRENT freed 524K, 67% free 2425K/7171K, paused 2ms+2ms
D/dalvikvm( 1428): GC_CONCURRENT freed 565K, 67% free 2437K/7171K, paused 2ms+2ms
D/dalvikvm( 1428): GC_CONCURRENT freed 571K, 67% free 2425K/7171K, paused 2ms+2ms
D/dalvikvm( 1428): GC_CONCURRENT freed 567K, 66% free 2438K/7171K, paused 2ms+2ms
D/dalvikvm( 1428): GC_CONCURRENT freed 570K, 65% free 2564K/7171K, paused 2ms+3ms
D/dalvikvm( 1428): GC_CONCURRENT freed 753K, 67% free 2408K/7171K, paused 2ms+2ms
D/dalvikvm( 1428): GC_CONCURRENT freed 542K, 65% free 2532K/7171K, paused 2ms+2ms
D/dalvikvm( 1428): GC_CONCURRENT freed 701K, 65% free 2531K/7171K, paused 2ms+2ms
D/dalvikvm( 1428): GC_CONCURRENT freed 701K, 67% free 2412K/7171K, paused 2ms+2ms
D/dalvikvm( 1428): GC_CONCURRENT freed 545K, 67% free 2433K/7171K, paused 2ms+2ms
D/dalvikvm( 1428): GC_CONCURRENT freed 686K, 67% free 2394K/7171K, paused 2ms+2ms
D/SlideManagerRootImpl( 1071): slideTo = 4
D/dalvikvm( 1428): GC_CONCURRENT freed 506K, 65% free 2547K/7171K, paused 2ms+2ms
D/dalvikvm( 1428): GC_CONCURRENT freed 730K, 65% free 2526K/7171K, paused 2ms+2ms
D/dalvikvm( 1428): GC_CONCURRENT freed 702K, 67% free 2436K/7171K, paused 2ms+3ms
D/dalvikvm( 1428): GC_CONCURRENT freed 582K, 67% free 2435K/7171K, paused 2ms+3ms
D/dalvikvm( 1428): GC_CONCURRENT freed 572K, 67% free 2421K/7171K, paused 2ms+2ms
D/dalvikvm( 1428): GC_CONCURRENT freed 566K, 67% free 2435K/7171K, paused 2ms+3ms
D/dalvikvm( 1428): GC_CONCURRENT freed 581K, 67% free 2409K/7171K, paused 2ms+2ms
D/dalvikvm( 1428): GC_CONCURRENT freed 532K, 65% free 2543K/7171K, paused 1ms+2ms
D/dalvikvm( 1428): GC_CONCURRENT freed 702K, 65% free 2551K/7171K, paused 2ms+2ms
D/dalvikvm( 1428): GC_CONCURRENT freed 730K, 65% free 2524K/7171K, paused 2ms+3ms
D/dalvikvm( 1428): GC_CONCURRENT freed 678K, 67% free 2425K/7171K, paused 2ms+3ms
D/SlideManagerRootImpl( 1071): slideTo = 0
D/dalvikvm( 1428): GC_CONCURRENT freed 571K, 65% free 2557K/7171K, paused 2ms+2ms
D/dalvikvm( 1428): GC_CONCURRENT freed 739K, 65% free 2527K/7171K, paused 4ms+2ms
D/dalvikvm( 1428): GC_CONCURRENT freed 702K, 65% free 2529K/7171K, paused 1ms+8ms
D/dalvikvm( 1428): GC_CONCURRENT freed 705K, 67% free 2407K/7171K, paused 2ms+3ms
D/dalvikvm( 1428): GC_CONCURRENT freed 547K, 67% free 2417K/7171K, paused 2ms+2ms
D/dalvikvm( 1428): GC_CONCURRENT freed 551K, 67% free 2422K/7171K, paused 2ms+2ms
D/dalvikvm( 1428): GC_CONCURRENT freed 568K, 66% free 2502K/7171K, paused 2ms+2ms
D/dalvikvm( 1428): GC_CONCURRENT freed 654K, 67% free 2423K/7171K, paused 2ms+2ms
D/dalvikvm( 1428): GC_CONCURRENT freed 565K, 67% free 2420K/7171K, paused 2ms+2ms
D/HomePlayerLib( 1428): hostaddress count is 2
D/dalvikvm( 1428): GC_CONCURRENT freed 547K, 67% free 2418K/7171K, paused 2ms+2ms
D/dalvikvm( 1428): GC_CONCURRENT freed 565K, 67% free 2408K/7171K, paused 2ms+3ms
D/dalvikvm( 1428): GC_CONCURRENT freed 524K, 67% free 2425K/7171K, paused 2ms+3ms
D/dalvikvm( 1428): GC_CONCURRENT freed 558K, 66% free 2444K/7171K, paused 2ms+2ms
D/dalvikvm( 1428): GC_CONCURRENT freed 578K, 67% free 2425K/7171K, paused 2ms+2ms
D/dalvikvm( 1428): GC_CONCURRENT freed 566K, 67% free 2437K/7171K, paused 2ms+3ms
D/dalvikvm( 1428): GC_CONCURRENT freed 568K, 67% free 2436K/7171K, paused 2ms+3ms
D/dalvikvm( 1428): GC_CONCURRENT freed 574K, 65% free 2537K/7171K, paused 2ms+2ms
D/dalvikvm( 1428): GC_CONCURRENT freed 688K, 65% free 2541K/7171K, paused 1ms+2ms
D/dalvikvm( 1428): GC_CONCURRENT freed 723K, 65% free 2527K/7171K, paused 2ms+2ms
D/dalvikvm( 1428): GC_CONCURRENT freed 687K, 65% free 2531K/7171K, paused 1ms+2ms
D/dalvikvm( 1428): GC_CONCURRENT freed 707K, 65% free 2529K/7171K, paused 1ms+2ms
D/SlideManagerRootImpl( 1071): slideTo = 1
D/dalvikvm( 1428): GC_CONCURRENT freed 704K, 67% free 2424K/7171K, paused 2ms+2ms
D/dalvikvm( 1428): GC_CONCURRENT freed 558K, 67% free 2423K/7171K, paused 2ms+2ms
D/dalvikvm( 1428): GC_CONCURRENT freed 606K, 66% free 2486K/7171K, paused 1ms+2ms
D/dalvikvm( 1428): GC_CONCURRENT freed 639K, 65% free 2529K/7171K, paused 2ms+2ms
D/dalvikvm( 1428): GC_CONCURRENT freed 702K, 65% free 2529K/7171K, paused 2ms+2ms
D/dalvikvm( 1428): GC_CONCURRENT freed 705K, 65% free 2529K/7171K, paused 2ms+2ms
D/dalvikvm( 1428): GC_CONCURRENT freed 706K, 65% free 2529K/7171K, paused 2ms+2ms
D/dalvikvm( 1428): GC_CONCURRENT freed 702K, 65% free 2529K/7171K, paused 2ms+3ms
D/dalvikvm( 1428): GC_CONCURRENT freed 705K, 65% free 2529K/7171K, paused 2ms+2ms
D/SlideManagerRootImpl( 1071): slideTo = 2
D/dalvikvm( 1428): GC_CONCURRENT freed 706K, 65% free 2521K/7171K, paused 2ms+2ms
D/dalvikvm( 1428): GC_CONCURRENT freed 690K, 67% free 2436K/7171K, paused 3ms+3ms
D/dalvikvm( 1428): GC_CONCURRENT freed 583K, 67% free 2434K/7171K, paused 2ms+3ms
D/dalvikvm( 1428): GC_CONCURRENT freed 573K, 66% free 2507K/7171K, paused 3ms+2ms
D/dalvikvm( 1428): GC_CONCURRENT freed 672K, 67% free 2409K/7171K, paused 2ms+2ms
D/HomePlayerLib( 1428): hostaddress count is 2
D/dalvikvm( 1428): GC_CONCURRENT freed 548K, 65% free 2527K/7171K, paused 2ms+2ms
D/dalvikvm( 1428): GC_CONCURRENT freed 698K, 64% free 2603K/7171K, paused 2ms+2ms
D/dalvikvm( 1428): GC_CONCURRENT freed 792K, 65% free 2542K/7171K, paused 2ms+2ms
D/dalvikvm( 1428): GC_CONCURRENT freed 705K, 65% free 2533K/7171K, paused 2ms+3ms
D/dalvikvm( 1428): GC_CONCURRENT freed 703K, 65% free 2533K/7171K, paused 1ms+2ms
D/dalvikvm( 1428): GC_CONCURRENT freed 701K, 67% free 2424K/7171K, paused 2ms+2ms
D/dalvikvm( 1428): GC_CONCURRENT freed 557K, 67% free 2423K/7171K, paused 2ms+2ms
D/dalvikvm( 1428): GC_CONCURRENT freed 557K, 65% free 2526K/7171K, paused 2ms+2ms
D/dalvikvm( 1428): GC_CONCURRENT freed 674K, 65% free 2557K/7171K, paused 2ms+2ms
D/dalvikvm( 1428): GC_CONCURRENT freed 741K, 65% free 2510K/7171K, paused 1ms+2ms
D/dalvikvm( 1428): GC_CONCURRENT freed 661K, 65% free 2548K/7171K, paused 2ms+2ms
D/dalvikvm( 1428): GC_CONCURRENT freed 732K, 67% free 2411K/7171K, paused 2ms+3ms
D/dalvikvm( 1428): GC_CONCURRENT freed 554K, 67% free 2421K/7171K, paused 1ms+2ms
D/dalvikvm( 1428): GC_CONCURRENT freed 559K, 66% free 2466K/7171K, paused 2ms+2ms
D/dalvikvm( 1428): GC_CONCURRENT freed 619K, 67% free 2423K/7171K, paused 2ms+2ms
D/dalvikvm( 1428): GC_CONCURRENT freed 569K, 67% free 2409K/7171K, paused 2ms+2ms
D/dalvikvm( 1428): GC_CONCURRENT freed 533K, 67% free 2420K/7171K, paused 1ms+2ms
D/SlideManagerRootImpl( 1071): slideTo = 3
D/dalvikvm( 1428): GC_CONCURRENT freed 564K, 67% free 2420K/7171K, paused 2ms+2ms
D/dalvikvm( 1428): GC_CONCURRENT freed 554K, 67% free 2423K/7171K, paused 2ms+2ms
D/dalvikvm( 1428): GC_CONCURRENT freed 567K, 67% free 2435K/7171K, paused 2ms+2ms
D/dalvikvm( 1428): GC_CONCURRENT freed 582K, 67% free 2434K/7171K, paused 2ms+3ms
D/dalvikvm( 1428): GC_CONCURRENT freed 572K, 67% free 2421K/7171K, paused 2ms+2ms
D/dalvikvm( 1428): GC_CONCURRENT freed 565K, 67% free 2435K/7171K, paused 2ms+2ms
D/dalvikvm( 1428): GC_CONCURRENT freed 582K, 67% free 2434K/7171K, paused 2ms+2ms
