D/Downloader(  744): header_callback : -->Connection: keep-alive
D/Downloader(  744): 
D/Downloader(  744): header_callback : -->
D/Downloader(  744): 
D/dalvikvm( 1145): GC_CONCURRENT freed 601K, 76% free 1410K/5827K, paused 2ms+4ms
D/Downloader(  744): Downloadserver bandWidth:23569263
D/Downloader(  744): Downloadserver bandWidth:23569263
D/Downloader(  744): Downloadserver bandWidth:23569263
D/Downloader(  744): Downloadserver bandWidth:23569263
D/dalvikvm( 1145): GC_CONCURRENT freed 484K, 76% free 1423K/5827K, paused 1ms+1ms
D/InputEventConsistencyVerifier( 1833): KeyEvent: ACTION_UP but key was not down.
D/InputEventConsistencyVerifier( 1833):   in com.android.internal.policy.impl.PhoneWindow$DecorView@41c56720
D/InputEventConsistencyVerifier( 1833):   0: sent at 164172000000, KeyEvent { action=ACTION_UP, keyCode=KEYCODE_ENTER, scanCode=28, metaState=0, flags=0x8, repeatCount=0, eventTime=164172, downTime=163959, deviceId=1, source=0x101 }
D/InputEventConsistencyVerifier( 1833):   -- recent events --
D/InputEventConsistencyVerifier( 1833):   1: sent at 163280000000, (unhandled) KeyEvent { action=ACTION_UP, keyCode=KEYCODE_ENTER, scanCode=28, metaState=0, flags=0x80000008, repeatCount=0, eventTime=163280, downTime=162950, deviceId=1, source=0x101 }
D/InputEventConsistencyVerifier( 1833):   2: sent at 162100000000, (unhandled) KeyEvent { action=ACTION_UP, keyCode=KEYCODE_ENTER, scanCode=28, metaState=0, flags=0x80000008, repeatCount=0, eventTime=162100, downTime=161886, deviceId=1, source=0x101 }
D/InputEventConsistencyVerifier( 1833):   3: sent at 160464000000, (unhandled) KeyEvent { action=ACTION_UP, keyCode=KEYCODE_ENTER, scanCode=28, metaState=0, flags=0x80000008, repeatCount=0, eventTime=160464, downTime=160249, deviceId=1, source=0x101 }
D/InputEventConsistencyVerifier( 1833):   4: sent at 159792000000, (unhandled) KeyEvent { action=ACTION_UP, keyCode=KEYCODE_DPAD_LEFT, scanCode=105, metaState=0, flags=0x80000008, repeatCount=0, eventTime=159792, downTime=159580, deviceId=1, source=0x101 }
D/InputEventConsistencyVerifier( 1833):   5: sent at 155836000000, (unhandled) KeyEvent { action=ACTION_UP, keyCode=KEYCODE_ENTER, scanCode=28, metaState=0, flags=0x80000008, repeatCount=0, eventTime=155836, downTime=155516, deviceId=1, source=0x101 }
I/System.out( 1833): ============================>2469
D/dalvikvm( 1145): GC_CONCURRENT freed 502K, 76% free 1432K/5827K, paused 1ms+1ms
D/dalvikvm( 1145): GC_CONCURRENT freed 509K, 76% free 1427K/5827K, paused 1ms+1ms
D/dalvikvm( 1145): GC_CONCURRENT freed 512K, 76% free 1412K/5827K, paused 1ms+3ms
D/DataSource_M3U8(  744): u32HLSSreamNum[0]===>u32BandWidth:1433000 
D/DataSource_M3U8(  744): getHLSPlayListInex  DownloadBandWidth:23569263   uInDex=0
D/DataSource_M3U8(  744): [M3U8] checkShouldStartNext :[7](223908/223908)   sequence:0  start next:8  
D/DataSource_M3U8(  744): 
D/DataSource_M3U8(  744): 
D/DataSource_M3U8(  744): 
D/DataSource_M3U8(  744): [M3U8]-7----->This :0x2ec40 --> post cmd for start next url:http://cibn-iss1.longvisionmedia.com:8088/vod/CIBN2013_CIBN2013040700765863_1433/11.ts, knowedFileSize:0, mCurDowningIndex:7
D/DataSource_M3U8(  744): 
D/DataSource_M3U8(  744): 
D/Downloader(  744): [downloadThread]Downloader::removeTask  
D/Downloader(  744): [downloadThread]StartTask:url :http://cibn-iss1.longvisionmedia.com:8088/vod/CIBN2013_CIBN2013040700765863_1433/11.ts
D/Downloader(  744): [downloadThread]task have range string:0- 
D/Downloader(  744): header_callback : -->HTTP/1.0 206 Partial Content
D/Downloader(  744): 
D/Downloader(  744): header_callback : -->Server: nginx/1.2.2
D/Downloader(  744): 
D/Downloader(  744): header_callback : -->Date: Tue, 28 May 2013 01:41:35 GMT
D/Downloader(  744): 
D/Downloader(  744): header_callback : -->Content-Type: application/octet-stream
D/Downloader(  744): 
D/Downloader(  744): header_callback : -->Powered-By-ChinaCache: MISS from CHN-BI-3-3n4
D/Downloader(  744): 
D/Downloader(  744): header_callback : -->Expires: Wed, 29 May 2013 01:41:35 GMT
D/Downloader(  744): 
D/Downloader(  744): header_callback : -->Content-Range: bytes 0-980419/980420
D/Downloader(  744): 
D/Downloader(  744): header_callback : -->Content-Length: 980420
D/Downloader(  744): 
D/Downloader(  744): header_callback : -->Age: 4691
D/Downloader(  744): 
D/Downloader(  744): header_callback : -->Powered-By-ChinaCache: HIT from CHN-DG-4-35F
D/Downloader(  744): 
D/Downloader(  744): header_callback : -->Connection: keep-alive
D/Downloader(  744): 
D/Downloader(  744): header_callback : -->
D/Downloader(  744): 
D/dalvikvm( 1145): GC_CONCURRENT freed 466K, 77% free 1351K/5827K, paused 2ms+1ms
D/dalvikvm( 1145): GC_CONCURRENT freed 428K, 76% free 1402K/5827K, paused 1ms+1ms

[  164.756883] IR: [03932] scan key value is 0xec13c936 
[  164.756889]  I//lib/ld-linux.so.3(  748): Frm
[  164.809326] IR: [03932] scan key value is 0xec13c936 
[  164.809339]  Cnt:1116(0,0,5) Rate:24 Sys:164798 STC:603290 VPTS:603249 APTS:603257 Delay:0(41) V:0 A:130 VES:0x383bd0 AES:0x8020 PCM:0x4bd80 AudioErr:0x0
D/dalvikvm( 1145): GC_CONCURRENT freed 473K, 76% free 1437K/5827K, paused 1ms+1ms
D/Downloader(  744): Downloadserver bandWidth:26769146
D/Downloader(  744): Downloadserver bandWidth:26769146
D/Downloader(  744): Downloadserver bandWidth:26769146
D/Downloader(  744): Downloadserver bandWidth:26769146
D/WifiP2pService(  993): wait for wifi sta and softap disabled!!
D/dalvikvm( 1145): GC_CONCURRENT freed 525K, 78% free 1299K/5827K, paused 2ms+2ms
D/InputEventConsistencyVerifier( 1833): KeyEvent: ACTION_UP but key was not down.
D/InputEventConsistencyVerifier( 1833):   in com.android.internal.policy.impl.PhoneWindow$DecorView@41c56720
D/InputEventConsistencyVerifier( 1833):   0: sent at 164980000000, KeyEvent { action=ACTION_UP, keyCode=KEYCODE_ENTER, scanCode=28, metaState=0, flags=0x8, repeatCount=0, eventTime=164980, downTime=164766, deviceId=1, source=0x101 }
D/InputEventConsistencyVerifier( 1833):   -- recent events --
D/InputEventConsistencyVerifier( 1833):   1: sent at 164172000000, (unhandled) KeyEvent { action=ACTION_UP, keyCode=KEYCODE_ENTER, scanCode=28, metaState=0, flags=0x80000008, repeatCount=0, eventTime=164172, downTime=163959, deviceId=1, source=0x101 }
D/InputEventConsistencyVerifier( 1833):   2: sent at 163280000000, (unhandled) KeyEvent { action=ACTION_UP, keyCode=KEYCODE_ENTER, scanCode=28, metaState=0, flags=0x80000008, repeatCount=0, eventTime=163280, downTime=162950, deviceId=1, source=0x101 }
D/InputEventConsistencyVerifier( 1833):   3: sent at 162100000000, (unhandled) KeyEvent { action=ACTION_UP, keyCode=KEYCODE_ENTER, scanCode=28, metaState=0, flags=0x80000008, repeatCount=0, eventTime=162100, downTime=161886, deviceId=1, source=0x101 }
D/InputEventConsistencyVerifier( 1833):   4: sent at 160464000000, (unhandled) KeyEvent { action=ACTION_UP, keyCode=KEYCODE_ENTER, scanCode=28, metaState=0, flags=0x80000008, repeatCount=0, eventTime=160464, downTime=160249, deviceId=1, source=0x101 }
D/InputEventConsistencyVerifier( 1833):   5: sent at 159792000000, (unhandled) KeyEvent { action=ACTION_UP, keyCode=KEYCODE_DPAD_LEFT, scanCode=105, metaState=0, flags=0x80000008, repeatCount=0, eventTime=159792, downTime=159580, deviceId=1, source=0x101 }
D/dalvikvm( 1145): GC_CONCURRENT freed 373K, 78% free 1324K/5827K, paused 1ms+1ms
D/DataSource_M3U8(  744): u32HLSSreamNum[0]===>u32BandWidth:1433000 
D/DataSource_M3U8(  744): getHLSPlayListInex  DownloadBandWidth:26769146   uInDex=0
D/DataSource_M3U8(  744): [M3U8] checkShouldStartNext :[8](980420/980420)   sequence:0  start next:9  
D/DataSource_M3U8(  744): 
D/DataSource_M3U8(  744): 
D/DataSource_M3U8(  744): 
D/DataSource_M3U8(  744): [M3U8]-7----->This :0x2ec40 --> post cmd for start next url:http://cibn-iss1.longvisionmedia.com:8088/vod/CIBN2013_CIBN2013040700765863_1433/12.ts, knowedFileSize:0, mCurDowningIndex:8
D/DataSource_M3U8(  744): 
D/DataSource_M3U8(  744): 
D/Downloader(  744): [downloadThread]Downloader::removeTask  
D/Downloader(  744): [downloadThread]StartTask:url :http://cibn-iss1.longvisionmedia.com:8088/vod/CIBN2013_CIBN2013040700765863_1433/12.ts
D/Downloader(  744): [downloadThread]task have range string:0- 
D/Downloader(  744): header_callback : -->HTTP/1.0 206 Partial Content
D/Downloader(  744): 
D/Downloader(  744): header_callback : -->Server: nginx/1.2.2
D/Downloader(  744): 
D/Downloader(  744): header_callback : -->Date: Tue, 28 May 2013 01:41:37 GMT
D/Downloader(  744): 
D/Downloader(  744): header_callback : -->Content-Type: application/octet-stream
D/Downloader(  744): 
D/Downloader(  744): header_callback : -->Powered-By-ChinaCache: MISS from CHN-BI-3-3n4
D/Downloader(  744): 
D/Downloader(  744): header_callback : -->Expires: Wed, 29 May 2013 01:41:37 GMT
D/Downloader(  744): 
D/Downloader(  744): header_callback : -->Content-Range: bytes 0-1430867/1430868
D/Downloader(  744): 
D/Downloader(  744): header_callback : -->Content-Length: 1430868
D/Downloader(  744): 
D/Downloader(  744): header_callback : -->Age: 4689
D/Downloader(  744): 
D/Downloader(  744): header_callback : -->Powered-By-ChinaCache: HIT from CHN-DG-4-35F
D/Downloader(  744): 
D/Downloader(  744): header_callback : -->Connection: keep-alive
D/Downloader(  744): 
D/Downloader(  744): header_callback : -->
D/Downloader(  744): 
I/System.out( 1833): ============================>3448
D/dalvikvm( 1145): GC_CONCURRENT freed 399K, 76% free 1406K/5827K, paused 14ms+1ms
D/dalvikvm( 1145): GC_CONCURRENT freed 474K, 76% free 1445K/5827K, paused 2ms+1ms
D/Downloader(  7
[  165.566914] IR: [03932] scan key value is 0xeb14c936 
[  165.566920]  44): Downloadserver bandWidth:22757343
D/Downloader(  744): Downloadserver bandWidth:22712190
D/Downloader(  744): Downloadserver bandWidth:22712190
D/Downloader(  744): Downloadserver bandWidth:22712190
D/DataSource_M3U8(  744): u32HLSSreamNum[0]===>u32BandWidth:1433000 
D/DataSource_M3U8(  744): getHLSPlayListInex  DownloadBandWidth:22712190   uInDex=0
D/DataSource_M3U8(  744): [M3U8] checkShouldStartNext :[9](1430868/1430868)   sequence:0  start next:10  
D/DataSource_M3U8(  744): 
D/DataSource_M3U8(  744): 
D/DataSource_M3U8(  744): 
D/DataSource_M3U8(  744): [M3U8]-7----->This :0x2ec40 --> post cmd for start next url:http://cibn-iss1.longvisionmedia.com:8088/vod/CIBN2013_CIBN2013040700765863_1433/13.ts, knowedFileSize:0, mCurDowningIndex:9
D/DataSource_M3U8(  744): 
D/DataSource_M3U8(  744): 
D/Downloader(  744): [downloadThread]Downloader::removeTask  
D/Downloader(  744): [downloadThread]StartTask:url :http://cibn-iss1.longvisionmedia.com:8088/vod/CIBN2013_CIBN2013040700765863_1433/13.ts
D/Downloader(  744): [downloadThread]task have range string:0- 
D/Downloader(  744): header_callback : -->HTTP/1.0 206 Partial Content
D/Downloader(  744): 
D/Downloader(  744): header_callback : -->Server: nginx/1.2.2
D/Downloader(  744): 
D/Downloader(  744): header_callback : -->Date: Tue, 28 May 2013 01:41:38 GMT
D/Downloader(  744): 
D/Downloader(  744): header_callback : -->Content-Type: application/octet-stream
D/Downloader(  744): 
D/Downloader(  744): header_callback : -->Powered-By-ChinaCache: MISS from CHN-NT-3-3FC
D/Downloader(  744): 
D/Downloader(  744): header_callback : -->Expires: Wed, 29 May 2013 01:41:38 GMT
D/Downloader(  744): 
D/Downloader(  744): header_callback : -->Content-Range: bytes 0-403635/403636
D/Downloader(  744): 
D/Downloader(  744): header_callback : -->Content-Length: 403636
D/Downloader(  744): 
D/Downloader(  744): header_callback : -->Age: 4689
D/Downloader(  744): 
D/Downloader(  744): header_callback : -->Powered-By-ChinaCache: HIT from CHN-DG-4-35F
D/Downloader(  744): 
D/Downloader(  744): header_callback : -->Connection: keep-alive
D/Downloader(  744): 
D/Downloader(  744): header_callback : -->
D/Downloader(  744): 
D/Downloader(  744): Downloadserver bandWidth:30178392
D/Downloader(  744): Downloadserver bandWidth:30178392
D/Downloader(  744): Downloadserver bandWidth:30178392
D/Downloader(  744): Downloadserver bandWidth:30178392
D/InputEventConsistencyVerifier( 1833): KeyEvent: ACTION_UP but key was not down.
D/InputEventConsistencyVerifier( 1833):   in com.android.internal.policy.impl.PhoneWindow$DecorView@41c56720
D/InputEventConsistencyVerifier( 1833):   0: sent at 165732000000, KeyEvent { action=ACTION_UP, keyCode=KEYCODE_DPAD_RIGHT, scanCode=106, metaState=0, flags=0x8, repeatCount=0, eventTime=165732, downTime=165573, deviceId=1, source=0x101 }
D/InputEventConsistencyVerifier( 1833):   -- recent events --
D/InputEventConsistencyVerifier( 1833):   1: sent at 164980000000, (unhandled) KeyEvent { action=ACTION_UP, keyCode=KEYCODE_ENTER, scanCode=28, metaState=0, flags=0x80000008, repeatCount=0, eventTime=164980, downTime=164766, deviceId=1, source=0x101 }
D/InputEventConsistencyVerifier( 1833):   2: sent at 164172000000, (unhandled) KeyEvent { action=ACTION_UP, keyCode=KEYCODE_ENTER, scanCode=28, metaState=0, flags=0x80000008, repeatCount=0, eventTime=164172, downTime=163959, deviceId=1, source=0x101 }
D/InputEventConsistencyVerifier( 1833):   3: sent at 163280000000, (
[  165.880624] IR: [03932] scan key value is 0xeb14c936 
[  165.880630]  unhandled) KeyEvent { action=ACTION_UP, keyCode=KEYCODE_ENTER, scanCode=28, metaState=0, flags=0x80000008, repeatCount=0, eventTime=163280, downTime=162950, deviceId=1, source=0x101 }
D/InputEventConsistencyVerifier( 1833):   4: sent at 162100000000, (unhandled) KeyEvent { action=ACTION_UP, keyCode=KEYCODE_ENTER, scanCode=28, metaState=0, flags=0x80000008, repeatCount=0, eventTime=162100, downTime=161886, deviceId=1, source=0x101 }
D/InputEventConsistencyVerifier( 1833):   5: sent at 160464000000, (unhandled) KeyEvent { 
[  165.933054] IR: [03932] scan key value is 0xeb14c936 
[  165.933062]  action=ACTION_UP, keyCode=KEYCODE_ENTER, scanCode=28, metaState=0, flags=0x80000008, repeatCount=0, eventTime=160464, downTime=160249, deviceId=1, source=0x101 }
D/dalvikvm( 1145): GC_CONCURRENT freed 523K, 77% free 1393K/5827K, paused 1ms+1ms
D/dalvikvm( 1145): GC_CONCURRENT freed 470K, 78% free 1314K/5827K, paused 3ms+2ms
D/WifiP2pService(  993): wait for wifi sta and softap disabled!!
D/dalvikvm( 1145): GC_CONCURRENT freed 400K, 77% free 1393K/5827K, paused 3ms+2ms
D/DataSource_M3U8(  744): u32HLSSreamNum[0]===>u32BandWidth:1433000 
D/DataSource_M3U8(  744): getHLSPlayListInex  DownloadBandWidth:30178392   uInDex=0
D/DataSource_M3U8(  744): [M3U8] checkShouldStartNext :[10](403636/403636)   sequence:0  start next:11  
D/DataSource_M3U8(  744): 
D/DataSource_M3U8(  744): 
D/DataSource_M3U8(  744): 
D/DataSource_M3U8(  744): [M3U8]-7----->This :0x2ec40 --> post cmd for start next url:http://cibn-iss1.longvisionmedia.com:8088/vod/CIBN2013_CIBN2013040700765863_1433/14.ts, knowedFileSize:0, mCurDowningIndex:10
D/DataSource_M3U8(  744): 
D/DataSource_M3U8(  744): 
D/Downloader(  744): [downloadThread]Downloader::removeTask  
D/Downloader(  744): [downloadThread]StartTask:url :http://cibn-iss1.longvisionmedia.com:8088/vod/CIBN2013_CIBN2013040700765863_1433/14.ts
D/Downloader(  744): [downloadThread]task have range string:0- 
D/Downloader(  744): header_callback : -->HTTP/1.0 206 Partial Content
D/Downloader(  744): 
D/Downloader(  744): header_callback : -->Server: nginx/1.2.2
D/Downloader(  744): 
D/Downloader(  744): header_callback : -->Date: Tue, 28 May 2013 01:41:39 GMT
D/Downloader(  744): 
D/Downloader(  744): header_callback : -->Content-Type: application/octet-stream
D/Downloader(  744): 
D/Downloader(  744): header_callback : -->Powered-By-ChinaCache: MISS from CHN-BI-3-3n4
D/Downloader(  744): 
D/Downloader(  744): header_callback : -->Expires: Wed, 29 May 2013 01:41:39 GMT
D/Downloader(  744): 
D/Downloader(  744): header_callback : -->Content-Range: bytes 0-950339/950340
D/Downloader(  744): 
D/Downloader(  744): header_callback : -->Content-Length: 950340
D/Downloader(  744): 
D/Downloader(  744): header_callback : -->Age: 4688
D/Downloader(  744): 
D/Downloader(  744): header_callback : -->Powered-By-ChinaCache: HIT from CHN-DG-4-35F
D/Downloader(  744): 
D/Downloader(  744): header_callback : -->Connection: keep-alive
D/Downloader(  744): 
D/Downloader(  744): header_callback : -->
D/Downloader(  744): 
D/InputEventConsistencyVerifier( 1833): KeyEvent: ACTION_UP but key was not down.
D/InputEventConsistencyVerifier( 1833):   in com.android.internal.policy.impl.PhoneWindow$DecorView@41c56720
D/InputEventConsistencyVerifier( 1833):   0: sent at 166100000000, KeyEvent { action=ACTION_UP, keyCode=KEYCODE_DPAD_RIGHT, scanCode=106, metaState=0, flags=0x8, repeatCount=0, eventTime=166100, downTime=165887, deviceId=1, source=0x101 }
D/InputEventConsistencyVerifier( 1833):   -- recent events --
D/InputEventConsistencyVerifier( 1833):   1: sent at 165732000000, (unhandled) KeyEvent { action=ACTION_UP, keyCode=KEYCODE_DPAD_RIGHT, scanCode=106, metaState=0, flags=0x80000008, repeatCount=0, eventTime=165732, downTime=165573, deviceId=1, source=0x101 }
D/InputEventConsistencyVerifier( 1833):   2: sent at 164980000000, (unhandled) KeyEvent { action=ACTION_UP, keyCode=KEYCODE_ENTER, scanCode=28, metaState=0, flags=0x80000008, repeatCount=0, eventTime=164980, downTime=164766, deviceId=1, source=0x101 }
D/InputEventConsistencyVerifier( 1833):   3: sent at 164172000000, (unhandled) KeyEvent { action=ACTION_UP, keyCode=KEYCODE_ENTER, scanCode=28, metaState=0, flags=0x80000008, repeatCount=0, eventTime=164172, downTime=163959, deviceId=1, source=0x101 }
D/InputEventConsistencyVerifier( 1833):   4: sent at 163280000000, (unhandled) KeyEvent { action=ACTION_UP, keyCode=KEYCODE_ENTER, scanCode=28, metaState=0, flags=0x80000008, repeatCount=0, eventTime=163280, downTime=162950, deviceId=1, source=0x101 }
D/InputEventConsistencyVerifier( 1833):   5: sent at 162100000000, (unhandled) KeyEvent { action=ACTION_UP, keyCode=KEYCODE_ENTER, scanCode=28, metaState=0, flags=0x80000008, repeatCount=0, eventTime=162100, downTime=161886, deviceId=1, source=0x101 }
I/System.out( 1833): ============================>4432
D/dalvikvm( 1145): GC_CONCURRENT freed 461K, 78% free 1320K/5827K, paused 2ms+2ms
I//lib/ld-linux.so.3(  748): FrmCnt:1153(0,0,5) Rate:24 Sys:166333 STC:604825 VPTS:604791 APTS:604793 Delay:8(41) V:1 A:130 VES:0x385870 AES:0x7f70 PCM:0x4af00 AudioErr:0x0
D/Downloader(  744): Downloadserver bandWidth:26398333
D/Downloader(  744): Downloadserver bandWidth:26398333
D/Downloader(  744): Downloadserver bandWidth:26398333
D/Downloader(  744): Downloadserver bandWidth:26398333
D/dalvikvm( 1145): GC_CONCURRENT freed 396K, 78% free 1320K/5827K, paused 1ms+1ms
D/DataSource_M3U8(  744): u32HLSSreamNum[0]===>u32BandWidth:1433000 
D/DataSource_M3U8(  744): getHLSPlayListInex  DownloadBand
[  166.622883] IR: [03932] scan key value is 0xec13c936 
[  166.622888]  Width:26398333   uInDex=0
D/DataSource_M3U8(  744): [M3U8] checkShouldStartNext :[11](950340/950340)   sequence:0  start next:12  
D/DataSource_M3U8(  744): 
D/DataSource_M3U8(  744): 
D/DataSource_M3U8(  744): 
D/DataSource_M3U8(  744): [M3U8]-7----->This :0x2ec40 --> post cmd for start next url:http://cibn-iss1.longvisionmedia.com:8088/vod/CIBN2013_CIBN2013040700765863_1433/15.ts, knowedFileSize:0, mCurDowningIndex:11
D/DataSource_M3U8(  744): 
D/DataSource_M3U8(  744): 
D/Downloader(  744): [downloadThread]Downl
[  166.675313] IR: [03932] scan key value is 0xec13c936 
[  166.675318]  oader::removeTask  
D/Downloader(  744): [downloadThread]StartTask:url :http://cibn-iss1.longvisionmedia.com:8088/vod/CIBN2013_CIBN2013040700765863_1433/15.ts
D/Downloader(  744): [downloadThread]task have range string:0- 
D/Downloader(  744): header_callback : -->HTTP/1.0 206 Partial Content
D/Downloader(  744): 
D/Downloader(  744): header_callback : -->Server: nginx/1.2.2
D/Downloader(  744): 
D/Downloader(  744): header_callback : -->Date: Tue, 28 May 2013 01:41:41 GMT
D/Downloader(  744): 
D/Downloader(  744): header_callback : -->Content-Type: application/octet-stream
D/Downloader(  744): 
D/Downloader(  744): header_callback : -->Powered-By-ChinaCache: MISS from CHN-BI-3-3n4
D/Downloader(  744): 
D/Downloader(  744): header_callback : -->Expires: Wed, 29 May 2013 01:41:41 GMT
D/Downloader(  744): 
D/Downloader(  744): header_callback : -->Content-Range: bytes 0-816295/816296
D/Downloader(  744): 
D/Downloader(  744): header_callback : -->Content-Length: 816296
D/Downloader(  744): 
D/Downloader(  744): header_callback : -->Age: 4687
D/Downloader(  744): 
D/Downloader(  744): header_callback : -->Powered-By-ChinaCa
[  166.783414] IR: [03932] scan key value is 0xec13c936 
[  166.783420]  che: HIT from CHN-DG-4-35F
D/Downloader(  744): 
D/Downloader(  744): header_callback : -->Connection: keep-alive
D/Downloader(  744): 
D/Downloader(  744): header_callback : -->
D/Downloader(  744): 
D/dalvikvm( 1145): GC_CONCURRENT freed 402K, 77% free 1375K/5827K, paused 1ms+3ms
D/WifiP2pService(  993): wait for wifi sta and softap disabled!!
D/Downloader(  744): Downloadserver bandWidth:18395402
D/Downloader(  744): Downloadserver bandWidth:18395402
D/Downloader(  744): Downloadserver bandWidth:18395402
D/Downloader(  744): Downloadserver bandWidth:18343730
E/MediaControler( 1833): seek:325000
E/MediaControler( 1833): tmp tmp:16115998
E/MediaControler( 1833): seek actual:325000
D/MstarPlayer(  744): ==========MstarPlayer::seekTo 325000
D/MediaPlayerService(  744): [1] notify (0x30128, 200, 32773, 0)
D/MstarPlayer(  744): set MS_PLAYER_DO_SEEK:msec=325000
D/VideoPlayer( 1833): onPlayResume
W/MediaPlayer( 1833): info/warning (32773, 0)
I/MediaPlayer.java( 1833): Info (32773,0)
I/VideoPlayer( 1833): 
D/seekOnLoading( 1833): seekOnLoading timer is start!
D/InputEventConsistencyVerifier( 1833): KeyEvent: ACTION_UP but key was not down.
D/InputEventConsistencyVerifier( 1833):   in com.android.internal.policy.impl.PhoneWindow$DecorView@41c56720
D/InputEventConsistencyVerifier( 1833):   0: sent at 166956000000, KeyEvent { action=ACTION_UP, keyCode=KEYCODE_ENTER, scanCode=28, metaState=0, flags=0x8, repeatCount=0, eventTime=166956, downTime=166629, deviceId=1, source=0x101 }
D/InputEventConsistencyVerifier( 1833):   -- recent events --
D/InputEventConsistencyVerifier( 1833):   1: sent at 166100000000, (unhandled) KeyEvent { action=ACTION_UP, keyCode=KEYCODE_DPAD_RIGHT, scanCode=106, metaState=0, flags=0x80000008, repeatCount=0, eventTime=166100, downTime=165887, deviceId=1, source=0x101 }
D/InputEventConsistencyVerifier( 1833):   2: sent at 165732000000, (unhandled) KeyEvent { action=ACTION_UP, keyCode=KEYCODE_DPAD_RIGHT, scanCode=106, metaState=0, flags=0x80000008, repeatCount=0, eventTime=165732, downTime=165573, deviceId=1, source=0x101 }
D/InputEventConsistencyVerifier( 1833):   3: sent at 164980000000, (unhandled) KeyEvent { action=ACTION_UP, keyCode=KEYCODE_ENTER, scanCode=28, metaState=0, flags=0x80000008, repeatCount=0, eventTime=164980, downTime=164766, deviceId=1, source=0x101 }
D/InputEventConsistencyVerifier( 1833):   4: sent at 164172000000, (unhandled) KeyEvent { action=ACTION_UP, keyCode=KEYCODE_ENTER, scanCode=28, metaState=0, flags=0x80000008, repeatCount=0, eventTime=164172, downTime=163959, deviceId=1, source=0x101 }
D/InputEventConsistencyVerifier( 1833):   5: sent at 163280000000, (unhandled) KeyEvent { action=ACTION_UP, keyCode=KEYCODE_ENTER, scanCode=28, metaState=0, flags=0x80000008, repeatCount=0, eventTime=163280, downTime=162950, deviceId=1, source=0x101 }
D/IMMPlayer(  744): Send MM_SetTrickMode
D/IMMPlayer(  744): u32Item:1
D/IMMPlayer(  744): stTrickInfo->eMode:1
D/IMMPlayer(  744): stTrickInfo->eSpeed:1
D/IMMPlayer(  744): Get ret:0
D/DataSource_M3U8(  744): =========seekByTime  mBitRate : -1  
D/Downloader(  744): [downloadThread]background worker recv DOWNLOADER_COMMAND_REMOVE_TASK
D/Downloader(  744): [downloadThread]Downloader::removeTask  
D/Downloader(  744): [downloadThread]DOWNLOADER_COMMAND_REMOVE_TASK done
I//lib/ld-linux.so.3(  748): 1. Mode: 1, Speed: 1.
I//lib/ld-linux.so.3(  748): SetTrickMode, Mode: 1, Speed: 1.
I//lib/ld-linux.so.3(  748): Send to Co-processor: eMode: 0, eSpeed: 0.
D/DataSource_M3U8(  744): =========[M3U8]------>post cmd for seek to new url:http://cibn-iss1.longvisionmedia.com:8088/vod/CIBN2013_CIBN2013040700765863_1433/55.ts, knowedFileSize:0, mCurDowningIndex:0
D/Downloader(  744): [downloadThread]Downloader::removeTask  
D/Downloader(  744): [downloadThread]StartTask:url :http://cibn-iss1.longvisionmedia.com:8088/vod/CIBN2013_CIBN2013040700765863_1433/55.ts
D/Downloader(  744): [downloadThread]task have range string:0- 
D/IMMPlayer(  744): Send MM_DemuxReset with bDisableSync
I//lib/ld-linux.so.3(  748): DemuxReset
D/dalvikvm( 1145): GC_CONCURRENT freed 450K, 76% free 1415K/5827K, paused 1ms+1ms
I/System.out( 1833): ============================>325000
D/dalvikvm( 1145): GC_CONCURRENT freed 499K, 77% free 1364K/5827K, paused 2ms+4ms
D/Downloader(  744): header_callback : -->HTTP/1.0 206 Partial Content
D/Downloader(  744): 
D/Downloader(  744): header_callback : -->Server: nginx/1.2.2
D/Downloader(  744): 
D/Downloader(  744): header_callback : -->Date: Tue, 28 May 2013 02:59:49 GMT
D/Downloader(  744): 
D/Downloader(  744): header_callback : -->Content-Type: application/octet-stream
D/Downloader(  744): 
D/Downloader(  744): header_callback : -->Powered-By-ChinaCache: MISS from CHN-BI-3-3n4
D/Downloader(  744): 
D/Downloader(  744): header_callback : -->Content-Range: bytes 0-1221247/1221248
D/Downloader(  744): 
D/Downloader(  744): header_callback : -->Content-Length: 1221248
D/Downloader(  744): 
D/Downloader(  744): header_callback : -->Powered-By-ChinaCache: MISS from CHN-DG-4-35F
D/Downloader(  744): 
D/Downloader(  744): header_callback : -->Connection: keep-alive
D/Downloader(  744): 
D/Downloader(  744): header_callback : -->
D/Downloader(  744): 

I//lib/ld-linux.so.3(  748): Load AAC Audio Codec.
I//lib/ld-linux.so.3(  748): ========AAC Audio Codec========
I//lib/ld-linux.so.3(  748): ===== Check Audio Decoder Protection from hash-key IP =====
I//lib/ld-linux.so.3(  748): Hash-key Support DD.
I//lib/ld-linux.so.3(  748): Hash-key Support DD+.
I//lib/ld-linux.so.3(  748): Hash-key Support Generic HE-AAC !!
I//lib/ld-linux.so.3(  748): Hash-key Support WMA.
I//lib/ld-linux.so.3(  748): Hash-key Support DRA.
I//lib/ld-linux.so.3(  748): ===== Check Protection IP End                         =====
I//lib/ld-linux.so.3(  748): ******Amplifier_TI5707_SWMute(0)
I//lib/ld-linux.so.3(  748): 5707write fail = 7
I//lib/ld-linux.so.3(  748): 5707write fail = 7
I//lib/ld-linux.so.3(  748): 5707write fail = 7
I//lib/ld-linux.so.3(  748): 5707write fail = 7
I//lib/ld-linux.so.3(  748): 5707write fail = 6
I//lib/ld-linux.so.3(  748): MB_VDPLAYER_DMX_RESET
D/IMMPlayer(  744): Get ret:0
D/MstarPlayer(  744): buffer valide data size :0x254556 ,waiting....
I//lib/ld-linux.so.3(  748): DemuxReset, done
D/dalvikvm( 1145): GC_CONCURRENT freed 444K, 78% free 1316K/5827K, paused 1ms+2ms
D/IMMPlayer(  744): Send MM_SetTrickMode
D/IMMPlayer(  744): u32Item:1
D/IMMPlayer(  744): stTrickInfo->eMode:0
D/IMMPlayer(  744): stTrickInfo->eSpeed:1
D/IMMPlayer(  744): Get ret:0
D/MediaPlayerService(  744): [1] notify (0x30128, 4, 0, 0)
D/MediaPlayerService(  744): [1] notify (0x30128, 200, 32774, 0)
D/MstarPlayer(  744): <<<<<<< seek done>>>>>>>>>
W/MediaPlayer( 1833): info/warning (32774, 0)
D/MediaControler( 1833): onSeekComplete
I//lib/ld-linux.so.3(  748): 1. Mode: 0, Speed: 1.
I//lib/ld-linux.so.3(  748): SetTrickMode, Mode: 0, Speed: 1.
I//lib/ld-linux.so.3(  748): Send to Co-processor: eMode: 0, eSpeed: 1.
I/MediaPlayer.java( 1833): Info (32774,0)
I/VideoPlayer( 1833): 
D/seekOnLoading( 1833): seekOnLoading timer is cancle!
D/MediaPlayerService(  744): [1] notify (0x30128, 3, 2, 0)
D/WifiP2pService(  993): wait for wifi sta and softap disabled!!
D/Downloader(  744): Downloadserver bandWidth:11152949
D/Downloader(  744): Downloadserver bandWidth:11152949
D/Downloader(  744): Downloadserver bandWidth:11152949
D/Downloader(  744): Downloadserver bandWidth:11152949
D/dalvikvm( 1145): GC_CONCURRENT freed 397K, 77% free 1346K/5827K, paused 1ms+1ms
D/MstarPlayer(  744): Get Others event : 22
D/DataSource_M3U8(  744): u32HLSSreamNum[0]===>u32BandWidth:1433000 
D/DataSource_M3U8(  744): getHLSPlayListInex  DownloadBandWidth:11152949   uInDex=0
D/DataSource_M3U8(  744): [M3U8] checkShouldStartNext :[41](1221248/1221248)   sequence:0  start next:42  
D/DataSource_M3U8(  744): 
D/DataSource_M3U8(  744): 
D/DataSource_M3U8(  744): 
D/DataSource_M3U8(  744): [M3U8]-7----->This :0x2ec40 --> post cmd for start next url:http://cibn-iss1.longvisionmedia.com:8088/vod/CIBN2013_CIBN2013040700765863_1433/56.ts, knowedFileSize:0, mCurDowningIndex:41
D/DataSource_M3U8(  744): 
D/DataSource_M3U8(  744): 
D/Downloader(  744): [downloadThread]Downloader::removeTask  
D/Downloader(  744): [downloadThread]StartTask:url :http://cibn-iss1.longvisionmedia.com:8088/vod/CIBN2013_CIBN2013040700765863_1433/56.ts
D/Downloader(  744): [downloadThread]task have range string:0- 
I//lib/ld-linux.so.3(  748): STC Updated by Video: (606624->924498)
D/dalvikvm( 1145): GC_CONCURRENT freed 433K, 78% free 1306K/5827K, paused 1ms+1ms
I/System.out( 1833): ============================>325000
[  168.302737] IR: [03932] scan key value is 0xec13c936 
[  168.302742]  D/dalvikvm( 1145): GC_CONCURRENT freed 393K, 76% free 1420K/5827K, paused 1ms+1ms
D/Downloader(  744): header_callback : -->HTTP/1.0 206 Partial Content
D/Downloader(  744): 
D/Downloader(  744): header_callback : -->Server
[  168.355157] IR: [03932] scan key value is 0xec13c936 
[  168.355162]  : nginx/1.2.2
D/Downloader(  744): 
D/Downloader(  744): header_callback : -->Date: Tue, 28 May 2013 02:59:50 GMT
D/Downloader(  744): 
D/Downloader(  744): header_callback : -->Content-Type: application/octet-stream
D/Downloader(  744): 
D/Downloader(  744): header_callback : -->Powered-By-ChinaCache: MISS from CHN-NT-3-3FC
D/Downloader(  744): 
D/Downloader(  744): header_callback : -->Content-Range: bytes 0-1401351/1401352
D/Downloader(  744): 
D/Downloader(  744): header_callback : -->Content-Length: 1401352
D/Downloader(  744): 
D/Downloader(  744): header_callback : -->Powered-By-ChinaCache: MISS from CHN-DG-4-35F
D/Downloader(  744): 
D/Downloader(  744): header_callback : -->Connection: keep-alive
D/Downloader(  744): 
D/Downloader(  744): header_callback : -->
D/Downloader(  744): 
D/dalvikvm( 1145): GC_CONCURRENT freed 487K, 78% free 1325K/5827K, paused 1ms+2ms
D/InputEventConsistencyVerifier( 1833): KeyEvent: ACTION_UP but key was not down.
D/InputEventConsistencyVerifier( 1833):   in com.android.internal.policy.impl.PhoneWindow$DecorView@41c56720
D/InputEventConsistencyVerifier( 1833):   0: sent at 168524000000, KeyEvent { action=ACTION_UP, keyCode=KEYCODE_ENTER, scanCode=28, metaState=0, flags=0x8, repeatCount=0, eventTime=168524, downTime=168308, deviceId=1, source=0x101 }
D/InputEventConsistencyVerifier( 1833):   -- recent events --
D/InputEventConsistencyVerifier( 1833):   1: sent at 166956000000, (unhandled) KeyEvent { action=ACTION_UP, keyCode=KEYCODE_ENTER, scanCode=28, metaState=0, flags=0x80000008, repeatCount=0, eventTime=166956, downTime=166629, deviceId=1, source=0x101 }
D/InputEventConsistencyVerifier( 1833):   2: sent at 166100000000, (unhandled) KeyEvent { action=ACTION_UP, keyCode=KEYCODE_DPAD_RIGHT, scanCode=106, metaState=0, flags=0x80000008, repeatCount=0, eventTime=166100, downTime=165887, deviceId=1, source=0x101 }
D/InputEventConsistencyVerifier( 1833):   3: sent at 165732000000, (unhandled) KeyEvent { action=ACTION_UP, keyCode=KEYCODE_DPAD_RIGHT, scanCode=106, metaState=0, flags=0x80000008, repeatCount=0, eventTime=165732, downTime=165573, deviceId=1, source=0x101 }
D/InputEventConsistencyVerifier( 1833):   4: sent at 164980000000, (unhandled) KeyEvent { action=ACTION_UP, keyCode=KEYCODE_ENTER, scanCode=28, metaState=0, flags=0x80000008, repeatCount=0, eventTime=164980, downTime=164766, deviceId=1, source=0x101 }
D/InputEventConsistencyVerifier( 1833):   5: sent at 164172000000, (unhandled) KeyEvent { action=ACTION_UP, keyCode=KEYCODE_ENTER, scanCode=28, metaState=0, flags=0x80000008, repeatCount=0, eventTime=164172, downTime=163959, deviceId=1, source=0x101 }
D/dalvikvm( 1145): GC_CONCURRENT freed 406K, 77% free 1389K/5827K, paused 1ms+1ms
D/WifiP2pService(  993): wait for wifi sta and softap disabled!!
D/dalvikvm( 1145): GC_CONCURRENT freed 477K, 76% free 1429K/5827K, paused 1ms+1ms
I//lib/ld-linux.so.3(  748): FrmCnt:1180(0,0,0) Rate:10 Sys:168969 STC:925334 VPTS:924498 APTS:0 Delay:-795(41) V:0 A:0 VES:0xcafb0 AES:0x7a30 PCM:0x18600 AudioErr:0x0
D/Downloader(  744): Downloadserver bandWidth:12783142
D/Downloader(  744): Downloadserver bandWidth:12783142
D/Downloader(  744): Downloadserver bandWidth:12
[  169.013022] IR: [03932] scan key value is 0xec13c936 
[  169.013029]  783142
D/Downloader(  744): Downloadserver bandWidth:12783142
I//lib/ld-linux.so.3(  748): Audio Sync STC mode.(TS) 

[  169.065470] IR: [03932] scan key value is 0xec13c936 
[  169.065475]  I//lib/ld-linux.so.3(  748): Clr Sync STC
D/DataSource_M3U8(  744): u32HLSSreamNum[0]===>u32BandWidth:1433000 
D/DataSource_M3U8(  744): getHLSPlayListInex  DownloadBandWidth:12783142   uInDex=0
D/DataSource_M3U8(  744): [M3U8] checkShouldStartNext :[42](1401352/1401352)   sequence:0  start next:43  
D/DataSource_M3U8(  744): 
D/DataSource_M3U8(  744): 
D/DataSource_M3U8(  744): 
D/DataSource_M3U8(  744): [M3U8]-7----->This :0x2ec40 --> post cmd for start next url:http://cibn-iss1.longvisionmedia.com:8088/vod/CIBN2013_CIBN2013040700765863_1433/57.ts, knowedFileSize:0, mCurDowningIndex:42
D/DataSource_M3U8(  744): 
D/DataSource_M3U8(  744): 
D/Downloader(  744): [downloadThread]Downloader::removeTask  
D/Downloader(  744): [downloadThread]StartTask:url :http://cibn-iss1.longvisionmedia.com:8088/vod/CIBN2013_CIBN2013040700765863_1433/57.ts
D/Downloader(  744): [downloadThread]task have range string:0- 
D/dalvikvm( 1145): GC_CONCURRENT freed 514K, 78% free 1339K/5827K, paused 1ms+1ms
I/System.out( 1833): ============================>325243
D/InputEventConsistencyVerifier( 1833): KeyEvent: ACTION_UP but key was not down.
D/InputEventConsistencyVerifier( 1833):   in com.android.internal.policy.impl.PhoneWindow$DecorView@41c56720
D/InputEventConsistencyVerifier( 1833):   0: sent at 169232000000, KeyEvent { action=ACTION_UP, keyCode=KEYCODE_ENTER, scanCode=28, metaState=0, flags=0x8, repeatCount=0, eventTime=169232, downTime=169019, deviceId=1, source=0x101 }
D/InputEventConsistencyVerifier( 1833):   -- recent events --
D/InputEventConsistencyVerifier( 1833):   1: sent at 168524000000, (unhandled) KeyEvent { action=ACTION_UP, keyCode=KEYCODE_ENTER, scanCode=28, metaState=0, flags=0x80000008, repeatCount=0, eventTime=168524, downTime=168308, deviceId=1, source=0x101 }
D/InputEventConsistencyVerifier( 1833):   2: sent at 166956000000, (unhandled) KeyEvent { action=ACTION_UP, keyCode=KEYCODE_ENTER, scanCode=28, metaState=0, flags=0x80000008, repeatCount=0, eventTime=166956, downTime=166629, deviceId=1, source=0x101 }
D/InputEventConsistencyVerifier( 1833):   3: sent at 166100000000, (unhandled) KeyEvent { action=ACTION_UP, keyCode=KEYCODE_DPAD_RIGHT, scanCode=106, metaState=0, flags=0x80000008, repeatCount=0, eventTime=166100, downTime=165887, deviceId=1, source=0x101 }
D/InputEventConsistencyVerifier( 1833):   4: sent at 165732000000, (unhandled) KeyEvent { action=ACTION_UP, keyCode=KEYCODE_DPAD_RIGHT, scanCode=106, metaState=0, flags=0x80000008, repeatCount=0, eventTime=165732, downTime=165573, deviceId=1, source=0x101 }
D/InputEventConsistencyVerifier( 1833):   5: sent at 164980000000, (unhandled) KeyEvent { action=ACTION_UP, keyCode=KEYCODE_ENTER, scanCode=28, metaState=0, flags=0x80000008, repeatCount=0, eventTime=164980, downTime=164766, deviceId=1, source=0x101 }
D/Downloader(  744): header_callback : -->HTTP/1.0 206 Partial Content
D/Downloader(  744): 
D/Downloader(  744): header_callback : -->Server: nginx/1.2.2
D/Downloader(  744): 
D/Downloader(  744): header_callback : -->Date: Tue, 28 May 2013 02:59:51 GMT
D/Downloader(  744): 
D/Downloader(  744): header_callback : -->Content-Type: application/octet-stream
D/Downloader(  744): 
D/Downloader(  744): header_callback : -->Powered-By-ChinaCache: MISS from CHN-NT-3-3FC
D/Downloader(  744): 
D/Downloader(  744): header_callback : -->Content-Range: bytes 0-3400167/3400168
D/Downloader(  744): 
D/Downloader(  744): header_callback : -->Content-Length: 3400168
D/Downloader(  744): 
D/Downloader(  744): header_callback : -->Powered-By-ChinaCache: MISS from CHN-DG-4-35F
D/Downloader(  744): 
D/Downloader(  744): header_callback : -->Connection: keep-alive
D/Downloader(  744): 
D/Downloader(  744): header_callback : -->
D/Downloader(  744): 
D/dalvikvm( 1145): GC_CONCURRENT freed 418K, 77% free 1389K/5827K, paused 7ms+2ms

[  169.688519] IR: [03932] scan key value is 0xec13c936 
[  169.688524]  D/dalvikvm( 1145): GC_CONCURRENT freed 477K, 78% free 1298K/5827K, paused 1ms+1ms

[  169.741071] IR: [03932] scan key value is 0xec13c936 
[  169.741076]  D/WifiP2pService(  993): wait for wifi sta and softap disabled!!
D/InputEventConsistencyVerifier( 1833): KeyEvent: ACTION_UP but key was not down.
D/InputEventConsistencyVerifier( 1833):   in com.android.internal.policy.impl.PhoneWindow$DecorView@41c56720
D/InputEventConsistencyVerifier( 1833):   0: sent at 169916000000, KeyEvent { action=ACTION_UP, keyCode=KEYCODE_ENTER, scanCode=28, metaState=0, flags=0x8, repeatCount=0, eventTime=169916, downTime=169694, deviceId=1, source=0x101 }
D/InputEventConsistencyVerifier( 1833):   -- recent events --
D/InputEventConsistencyVerifier( 1833):   1: sent at 169232000000, (unhandled) KeyEvent { action=ACTION_UP, keyCode=KEYCODE_ENTER, scanCode=28, metaState=0, flags=0x80000008, repeatCount=0, eventTime=169232, downTime=169019, deviceId=1, source=0x101 }
D/InputEventConsistencyVerifier( 1833):   2: sent at 168524000000, (unhandled) KeyEvent { action=ACTION_UP, keyCode=KEYCODE_ENTER, scanCode=28, metaState=0, flags=0x80000008, repeatCount=0, eventTime=168524, downTime=168308, deviceId=1, source=0x101 }
D/InputEventConsistencyVerifier( 1833):   3: sent at 166956000000, (unhandled) KeyEvent { action=ACTION_UP, keyCode=KEYCODE_ENTER, scanCode=28, metaState=0, flags=0x80000008, repeatCount=0, eventTime=166956, downTime=166629, deviceId=1, source=0x101 }
D/InputEventConsistencyVerifier( 1833):   4: sent at 166100000000, (unhandled) KeyEvent { action=ACTION_UP, keyCode=KEYCODE_DPAD_RIGHT, scanCode=106, metaState=0, flags=0x80000008, repeatCount=0, eventTime=166100, downTime=165887, deviceId=1, source=0x101 }
D/InputEventConsistencyVerifier( 1833):   5: sent at 165732000000, (unhandled) KeyEvent { action=ACTION_UP, keyCode=KEYCODE_DPAD_RIGHT, scanCode=106, metaState=0, flags=0x80000008, repeatCount=0, eventTime=165732, downTime=165573, deviceId=1, source=0x101 }
D/dalvikvm( 1145): GC_CONCURRENT freed 368K, 76% free 1401K/5827K, paused 5ms+2ms
D/dalvikvm( 1145): GC_CONCURRENT freed 475K, 77% free 1361K/5827K, paused 1ms+1ms
I/System.out( 1833): ============================>326217
I//lib/ld-linux.so.3(  748): FrmCnt:1236(0,5,17) Rate:37 Sys:170481 STC:926846 VPTS:926832 APTS:926823 Delay:27(41) V:33 A:107 VES:0x293990 AES:0x8000 PCM:0x4b980 AudioErr:0x0
D/dalvikvm( 1145): GC_CONCURRENT freed 443K, 76% free 1422K/5827K, paused 1ms+1ms
D/dalvikvm( 1145): GC_CONCURRENT freed 490K, 76% free 1416K/5827K, paused 2ms+1ms
D/Downloader(  744): Downloadserver bandWidth:16990221
D/Downloader(  744): Downloadserver bandWidth:16990221
D/Downloader(  744): Downloadserver bandWidth:16990221
D/Downloader(  744): Downloadserver bandWidth:16990221
D/dalvikvm( 1145): GC_CONCURRENT freed 502K, 78% free 1339K/5827K, paused 1ms+2ms
D/WifiP2pService(  993): wait for wifi sta and softap disabled!!

[  170.975806] IR: [03932] scan key value is 0xf10ec936 
[  170.975811]  
[  171.028239] IR: [03932] scan key value is 0xf10ec936 
[  171.028244]  D/dalvikvm( 1145): GC_CONCURRENT freed 417K, 76% free 1417K/5827K, paused 1ms+4ms
D/DataSource_M3U8(  744): u32HLSSreamNum[0]===>u32BandWidth:1433000 
D/DataSource_M3U8(  744): getHLSPlayListInex  DownloadBandWidth:16990221   uInDex=0
D/DataSource_M3U8(  744): [M3U8] checkShouldStartNext :[43](3400168/3400168)   sequence:0  start next:44  
D/DataSource_M3U8(  744): 
D/DataSource_M3U8(  744): 
D/DataSource_M3U8(  744): 
D/DataSource_M3U8(  744): [M3U8]-7----->This :0x2ec40 --> post cmd for start next url:http://cibn-iss1.longvisionmedia.com:8088/vod/CIBN2013_CIBN2013040700765863_1433/59.ts, knowedFileSize:0, mCurDowningIndex:43
D/DataSource_M3U8(  744): 
D/DataSource_M3U8(  744): 
D/Downloader(  744): [downloadThread]Downloader::removeTask  
D/Downloader(  744): [downloadThread]StartTask:url :http://cibn-iss1.longvisionmedia.com:8088/vod/CIBN2013_CIBN2013040700765863_1433/59.ts
D/Downloader(  744): [downloadThread]task have range string:0- 
I/System.out( 1833): ============================>327233
D/InputEventConsistencyVerifier( 1833): KeyEvent: ACTION_UP but key was not down.
D/InputEventConsistencyVerifier( 1833):   in com.android.internal.policy.impl.PhoneWindow$DecorView@41c56720
D/InputEventConsistencyVerifier( 1833):   0: sent at 171196000000, KeyEvent { action=ACTION_UP, keyCode=KEYCODE_BACK, scanCode=158, metaState=0, flags=0x8, repeatCount=0, eventTime=171196, downTime=170981, deviceId=1, source=0x101 }
D/InputEventConsistencyVerifier( 1833):   -- recent events --
D/InputEventConsistencyVerifier( 1833):   1: sent at 169916000000, (unhandled) KeyEvent { action=ACTION_UP, keyCode=KEYCODE_ENTER, scanCode=28, metaState=0, flags=0x80000008, repeatCount=0, eventTime=169916, downTime=169694, deviceId=1, source=0x101 }
D/InputEventConsistencyVerifier( 1833):   2: sent at 169232000000, (unhandled) KeyEvent { action=ACTION_UP, keyCode=KEYCODE_ENTER, scanCode=28, metaState=0, flags=0x80000008, repeatCount=0, eventTime=169232, downTime=169019, deviceId=1, source=0x101 }
D/InputEventConsistencyVerifier( 1833):   3: sent at 168524000000, (unhandled) KeyEvent { action=ACTION_UP, keyCode=KEYCODE_ENTER, scanCode=28, metaState=0, flags=0x80000008, repeatCount=0, eventTime=168524, downTime=168308, deviceId=1, source=0x101 }
D/InputEventConsistencyVerifier( 1833):   4: sent at 166956000000, (unhandled) KeyEvent { action=ACTION_UP, keyCode=KEYCODE_ENTER, scanCode=28, metaState=0, flags=0x80000008, repeatCount=0, eventTime=166956, downTime=166629, deviceId=1, source=0x101 }
D/InputEventConsistencyVerifier( 1833):   5: sent at 166100000000, (unhandled) KeyEvent { action=ACTION_UP, keyCode=KEYCODE_DPAD_RIGHT, scanCode=106, metaState=0, flags=0x80000008, repeatCount=0, eventTime=166100, downTime=165887, deviceId=1, source=0x101 }
D/dalvikvm( 1145): GC_CONCURRENT freed 489K, 76% free 1402K/5827K, paused 1ms+1ms
D/Downloader(  744): header_callback : -->HTTP/1.0 206 Partial Content
D/Downloader(  744): 
D/Downloader(  744): header_callback : -->Server: nginx/1.2.2
D/Downloader(  744): 
D/Downloader(  744): header_callback : -->Date: Tue, 28 May 2013 02:59:53 GMT
D/Downloader(  744): 
D/Downloader(  744): header_callback : -->Content-Type: application/octet-stream
D/Downloader(  744): 
D/Downloader(  744): header_callback : -->Powered-By-ChinaCache: MISS from CHN-NT-3-3FC
D/Downloader(  744): 
D/Downloader(  744): header_callback : -->Content-Range: bytes 0-1823035/1823036
D/Downloader(  744): 
D/Downloader(  744): header_callback : -->Content-Length: 1823036
D/Downloader(  744): 
D/Downloader(  744): header_callback : -->Powered-By-ChinaCache: MISS from CHN-DG-4-35F
D/Downloader(  744): 
D/Downloader(  744): header_callback : -->Connection: keep-alive
D/Downloader(  744): 
D/Downloader(  744): header_callback : -->
D/Downloader(  744): 
D/dalvikvm( 1145): GC_CONCURRENT freed 476K, 77% free 1366K/5827K, paused 2ms+2ms

[  171.718485] IR: [03932] scan key value is 0xeb14c936 
[  171.718491]  
[  171.770925] IR: [03932] scan key value is 0xeb14c936 
[  171.770930]  D/WifiP2pService(  993): wait for wifi sta and softap disabled!!
D/dalvikvm( 1145): GC_CONCURRENT freed 446K, 76% free 1416K/5827K, paused 13ms+4ms
I//lib/ld-linux.so.3(  748): FrmCnt:1272(0,5,17) Rate:23 Sys:171983 STC:928347 VPTS:928332 APTS:928328 Delay:26(41) V:0 A:130 VES:0x3f1e00 AES:0x8010 PCM:0x4b300 AudioErr:0x0
D/InputEventConsistencyVerifier( 1833): KeyEvent: ACTION_UP but key was not down.
D/InputEventConsistencyVerifier( 1833):   in com.android.internal.policy.impl.PhoneWindow$DecorView@41c56720
D/InputEventConsistencyVerifier( 1833):   0: sent at 171956000000, KeyEvent { action=ACTION_UP, keyCode=KEYCODE_DPAD_RIGHT, scanCode=106, metaState=0, flags=0x8, repeatCount=0, eventTime=171956, downTime=171725, deviceId=1, source=0x101 }
D/InputEventConsistencyVerifier( 1833):   -- recent events --
D/InputEventConsistencyVerifier( 1833):   1: sent at 171196000000, (unhandled) KeyEvent { action=ACTION_UP, keyCode=KEYCODE_BACK, scanCode=158, metaState=0, flags=0x80000008, repeatCount=0, eventTime=171196, downTime=170981, deviceId=1, source=0x101 }
D/InputEventConsistencyVerifier( 1833):   2: sent at 169916000000, (unhandled) KeyEvent { action=ACTION_UP, keyCode=KEYCODE_ENTER, scanCode=28, metaState=0, flags=0x80000008, repeatCount=0, eventTime=169916, downTime=169694, deviceId=1, source=0x101 }
D/InputEventConsistencyVerifier( 1833):   3: sent at 169232000000, (unhandled) KeyEvent { action=ACTION_UP, keyCode=KEYCODE_ENTER, scanCode=28, metaState=0, flags=0x80000008, repeatCount=0, eventTime=169232, downTime=169019, deviceId=1, source=0x101 }
D/InputEventConsistencyVerifier( 1833):   4: sent at 168524000000, (unhandled) KeyEvent { action=ACTION_UP, keyCode=KEYCODE_ENTER, scanCode=28, metaState=0, flags=0x80000008, repeatCount=0, eventTime=168524, downTime=168308, deviceId=1, source=0x101 }
D/InputEventConsistencyVerifier( 1833):   5: sent at 166956000000, (unhandled) KeyEvent { action=ACTION_UP, keyCode=KEYCODE_ENTER, scanCode=28, metaState=0, flags=0x80000008, repeatCount=0, eventTime=166956, downTime=166629, deviceId=1, source=0x101 }
D/Downloader(  744): Downloadserver bandWidth:1
[  172.167185] IR: [03932] scan key value is 0xec13c936 
[  172.167189]  6168833
D/Downloader(  744): Downloadserver bandWidth:16150928
D/Downloader(  744): Downloadserver bandWidth:16150928
D/Downloader(  744): Downloadserver bandWidth:16150928
D/DataSource_M3U8(  744): u32HLSSreamNum[0]===>u32BandWidth:1433000 
D/DataSource_M3U8(  744): getHLSPlayListInex  DownloadBandWidth:16150928   uInDex=0
D/DataSource_M3U8(  744): [M3U8] checkShouldStartNext :[44](1823036/1823036)   sequence:0  start next:45  
D/DataSource_M3U8(  744): 
D/DataSource_M3U8(  744): 
D/DataSource_M3U8(  744): 
D/Da
[  172.219640] IR: [03932] scan key value is 0xec13c936 
[  172.219646]  taSource_M3U8(  744): [M3U8]-7----->This :0x2ec40 --> post cmd for start next url:http://cibn-iss1.longvisionmedia.com:8088/vod/CIBN2013_CIBN2013040700765863_1433/60.ts, knowedFileSize:0, mCurDowningIndex:44
D/DataSource_M3U8(  744): 
D/DataSource_M3U8(  744): 
D/Downloader(  744): [downloadThread]Downloader::removeTask  
D/Downloader(  744): [downloadThread]StartTask:url :http://cibn-iss1.longvisionmedia.com:8088/vod/CIBN2013_CIBN2013040700765863_1433/60.ts
D/Downloader(  744): [downloadThread]task have range string:0- 
D/dalvikvm( 1145): GC_CONCURRENT freed 491K, 76% free 1417K/5827K, paused 2ms+1ms
I/System.out( 1833): ============================>328226
D/MediaPlayerService(  744): [1] notify (0x30128, 3, 3, 0)
D/dalvikvm( 1145): GC_CONCURRENT freed 503K, 78% free 1339K/5827K, paused 2ms+1ms
D/InputEventConsistencyVerifier( 1833): KeyEvent: ACTION_UP but key was not down.
D/InputEventConsistencyVerifier( 1833):   in com.android.internal.policy.impl.PhoneWindow$DecorView@41c56720
D/InputEventConsistencyVerifier( 1833):   0: sent at 172384000000, KeyEvent { action=ACTION_UP, keyCode=KEYCODE_ENTER, scanCode=28, metaState=0, flags=0x8, repeatCount=0, eventTime=172384, downTime=172173, deviceId=1, source=0x101 }
D/InputEventConsistencyVerifier( 1833):   -- recent events --
D/InputEventConsistencyVerifier( 1833):   1: sent at 171956000000, (unhandled) KeyEvent { action=ACTION_UP, keyCode=KEYCODE_DPAD_RIGHT, scanCode=106, metaState=0, flags=0x80000008, repeatCount=0, eventTime=171956, downTime=171725, deviceId=1, source=0x101 }
D/InputEventConsistencyVerifier( 1833):   2: sent at 171196000000, (unhandled) KeyEvent { action=ACTION_UP, keyCode=KEYCODE_BACK, scanCode=158, metaState=0, flags=0x80000008, repeatCount=0, eventTime=171196, downTime=170981, deviceId=1, source=0x101 }
D/InputEventConsistencyVerifier( 1833):   3: sent at 169916000000, (unhandled) KeyEvent { action=ACTION_UP, keyCode=KEYCODE_ENTER, scanCode=28, metaState=0, flags=0x80000008, repeatCount=0, eventTime=169916, downTime=169694, deviceId=1, source=0x101 }
D/InputEventConsistencyVerifier( 1833):   4: sent at 169232000000, (unhandled) KeyEvent { action=ACTION_UP, keyCode=KEYCODE_ENTER, scanCode=28, metaState=0, flags=0x80000008, repeatCount=0, eventTime=169232, downTime=169019, deviceId=1, source=0x101 }
D/InputEventConsistencyVerifier( 1833):   5: sent at 168524000000, (unhandled) KeyEvent { action=ACTION_UP, keyCode=KEYCODE_ENTER, scanCode=28, metaState=0, flags=0x80000008, repeatCount=0, eventTime=168524, downTime=168308, deviceId=1, source=0x101 }
D/Downloader(  744): header_callback : -->HTTP/1.0 206 Partial Content
D/Downloader(  744): 
D/Downloader(  744): header_callback : -->Server: nginx/1.2.2
D/Downloader(  744): 
D/Downloader(  744): header_callback : -->Date: Tue, 28 May 2013 02:59:54 GMT
D/Downloader(  744): 
D/Downloader(  744): header_callback : -->Content-Type: application/octet-stream
D/Downloader(  744): 
D/Downloader(  744): header_callback : -->Powered-By-ChinaCache: MISS from CHN-BI-3-3n4
D/Downloader(  744): 
