I/PortalRefreshService( 1235):      PortalService downlaod Hottest data OK...
I/PortalRefreshService( 1235):  === PortalService send Broadcast OK...
I/PortalRefreshService( 1235): PortalService downloading...  CConstants.DOWNLOAD_DATA_INDEX = 2
I/PortalRefreshService( 1235):      PortalService downlaod Best data OK...
I/PortalRefreshService( 1235):  === PortalService send Broadcast OK...
D/dalvikvm( 1235): GC_CONCURRENT freed 2202K, 21% free 21819K/27523K, paused 125ms+5ms
E/        ( 1235): get vaddr failed:pvaddr_read=0x5e9e7000,pvaddr_internal=0x5eae7000,pvaddr_write=0x0
E/        ( 1235): get vaddr failed:pvaddr_read=0x5e9e7000,pvaddr_internal=0x5eae7000,pvaddr_write=0x0
W/ActivityManager(  993): Timeout of broadcast BroadcastRecord{416bc308 android.intent.action.BOOT_COMPLETED} - receiver=android.os.BinderProxy@41619ac8, started 18347ms ago
W/ActivityManager(  993): Receiver during timeout: ResolveInfo{416bb8d0 com.coship.HS.AutoStartReceiver p=0 o=0 m=0x108000}
D/dalvikvm( 1235): GC_FOR_ALLOC freed 477K, 22% free 21581K/27523K, paused 45ms
I/dalvikvm-heap( 1235): Grow heap (frag case) to 25.746MB for 1125584-byte allocation
D/dalvikvm( 1235): GC_FOR_ALLOC freed <1K, 21% free 22680K/28675K, paused 29ms
D/VscDataTask( 1235): java.net.UnknownHostException: Unable to resolve host "cibn-poster.coship.com": No address associated with hostname
W/System.err( 1235): java.net.UnknownHostException: Unable to resolve host "cibn-poster.coship.com": No address associated with hostname
W/System.err( 1235):    at java.net.InetAddress.lookupHostByName(InetAddress.java:426)
W/System.err( 1235):    at java.net.InetAddress.getAllByNameImpl(InetAddress.java:242)
W/System.err( 1235):    at java.net.InetAddress.getAllByName(InetAddress.java:220)
W/System.err( 1235):    at libcore.net.http.HttpConnection.<init>(HttpConnection.java:71)
W/System.err( 1235):    at libcore.net.http.HttpConnection.<init>(HttpConnection.java:50)
W/System.err( 1235):    at libcore.net.http.HttpConnection$Address.connect(HttpConnection.java:351)
W/System.err( 1235):    at libcore.net.http.HttpConnectionPool.get(HttpConnectionPool.java:86)
W/System.err( 1235):    at libcore.net.http.HttpConnection.connect(HttpConnection.java:128)
W/System.err( 1235):    at libcore.net.http.HttpEngine.openSocketConnection(HttpEngine.java:308)
W/System.err( 1235):    at libcore.net.http.HttpEngine.connect(HttpEngine.java:303)
W/System.err( 1235):    at libcore.net.http.HttpEngine.sendSocketRequest(HttpEngine.java:282)
W/System.err( 1235):    at libcore.net.http.HttpEngine.sendRequest(HttpEngine.java:232)
W/System.err( 1235):    at libcore.net.http.HttpURLConnectionImpl.getResponse(HttpURLConnectionImpl.java:273)
W/System.err( 1235):    at libcore.net.http.HttpURLConnectionImpl.getResponseCode(HttpURLConnectionImpl.java:479)
W/System.err( 1235):    at com.fiship.cibn.common.ImageUtilImpl.downloadAndSaveImage(ImageUtilImpl.java:125)
W/System.err( 1235):    at com.fiship.cibn.controller.VideoDataTask.downLoadPoster(VideoDataTask.java:142)
W/System.err( 1235):    at com.fiship.cibn.controller.VideoDataTask.run(VideoDataTask.java:76)
W/System.err( 1235):    at com.fiship.cibn.controller.PortalRefreshService$SerialExecutor$1.run(PortalRefreshService.java:470)
W/System.err( 1235):    at java.util.concurrent.ThreadPoolExecutor.runWorker(ThreadPoolExecutor.java:1076)
W/System.err( 1235):    at java.util.concurrent.ThreadPoolExecutor$Worker.run(ThreadPoolExecutor.java:569)
W/System.err( 1235):    at java.lang.Thread.run(Thread.java:856)
W/System.err( 1235): Caused by: libcore.io.GaiException: getaddrinfo failed: EAI_NODATA (No address associated with hostname)
D/HSBootReceiver( 1526): start BluetoothHeadsetEventService 
W/System.err( 1235):    at libcore.io.Posix.getaddrinfo(Native Method)
W/System.err( 1235):    at libcore.io.ForwardingOs.getaddrinfo(ForwardingOs.java:55)
W/System.err( 1235):    at java.net.InetAddress.lookupHostByName(InetAddress.java:411)
W/System.err( 1235):    ... 20 more
D/VscDataTask( 1235): java.net.UnknownHostException: Unable to resolve host "cibn-poster.coship.com": No address associated with hostname
W/System.err( 1235): java.net.UnknownHostException: Unable to resolve host "cibn-poster.coship.com": No address associated with hostname
W/System.err( 1235):    at java.net.InetAddress.lookupHostByName(InetAddress.java:400)
W/System.err( 1235):    at java.net.InetAddress.getAllByNameImpl(InetAddress.java:242)
W/System.err( 1235):    at java.net.InetAddress.getAllByName(InetAddress.java:220)
W/System.err( 1235):    at libcore.net.http.HttpConnection.<init>(HttpConnection.java:71)
W/System.err( 1235):    at libcore.net.http.HttpConnection.<init>(HttpConnection.java:50)
W/System.err( 1235):    at libcore.net.http.HttpConnection$Address.connect(HttpConnection.java:351)
W/System.err( 1235):    at libcore.net.http.HttpConnectionPool.get(HttpConnectionPool.java:86)
W/System.err( 1235):    at libcore.net.http.HttpConnection.connect(HttpConnection.java:128)
W/System.err( 1235):    at libcore.net.http.HttpEngine.openSocketConnection(HttpEngine.java:308)
W/System.err( 1235):    at libcore.net.http.HttpEngine.connect(HttpEngine.java:303)
W/System.err( 1235):    at libcore.net.http.HttpEngine.sendSocketRequest(HttpEngine.java:282)
W/System.err( 1235):    at libcore.net.http.HttpEngine.sendRequest(HttpEngine.java:232)
W/System.err( 1235):    at libcore.net.http.HttpURLConnectionImpl.getResponse(HttpURLConnectionImpl.java:273)
W/System.err( 1235):    at libcore.net.http.HttpURLConnectionImpl.getResponseCode(HttpURLConnectionImpl.java:479)
W/System.err( 1235):    at com.fiship.cibn.common.ImageUtilImpl.downloadAndSaveImage(ImageUtilImpl.java:125)
W/System.err( 1235):    at com.fiship.cibn.controller.VideoDataTask.downLoadPoster(VideoDataTask.java:142)
W/System.err( 1235):    at com.fiship.cibn.controller.VideoDataTask.run(VideoDataTask.java:76)
W/System.err( 1235):    at com.fiship.cibn.controller.PortalRefreshService$SerialExecutor$1.run(PortalRefreshService.java:470)
W/System.err( 1235):    at java.util.concurrent.ThreadPoolExecutor.runWorker(ThreadPoolExecutor.java:1076)
W/System.err( 1235):    at java.util.concurrent.ThreadPoolExecutor$Worker.run(ThreadPoolExecutor.java:569)
W/System.err( 1235):    at java.lang.Thread.run(Thread.java:856)
D/VscDataTask( 1235): java.net.UnknownHostException: Unable to resolve host "cibn-poster.coship.com": No address associated with hostname
W/System.err( 1235): java.net.UnknownHostException: Unable to resolve host "cibn-poster.coship.com": No address associated with hostname
W/System.err( 1235):    at java.net.InetAddress.lookupHostByName(InetAddress.java:400)
W/System.err( 1235):    at java.net.InetAddress.getAllByNameImpl(InetAddress.java:242)
W/System.err( 1235):    at java.net.InetAddress.getAllByName(InetAddress.java:220)
W/System.err( 1235):    at libcore.net.http.HttpConnection.<init>(HttpConnection.java:71)
W/System.err( 1235):    at libcore.net.http.HttpConnection.<init>(HttpConnection.java:50)
W/System.err( 1235):    at libcore.net.http.HttpConnection$Address.connect(HttpConnection.java:351)
W/System.err( 1235):    at libcore.net.http.HttpConnectionPool.get(HttpConnectionPool.java:86)
W/System.err( 1235):    at libcore.net.http.HttpConnection.connect(HttpConnection.java:128)
W/System.err( 1235):    at libcore.net.http.HttpEngine.openSocketConnection(HttpEngine.java:308)
W/System.err( 1235):    at libcore.net.http.HttpEngine.connect(HttpEngine.java:303)
W/System.err( 1235):    at libcore.net.http.HttpEngine.sendSocketRequest(HttpEngine.java:282)
W/System.err( 1235):    at libcore.net.http.HttpEngine.sendRequest(HttpEngine.java:232)
W/System.err( 1235):    at libcore.net.http.HttpURLConnectionImpl.getResponse(HttpURLConnectionImpl.java:273)
W/System.err( 1235):    at libcore.net.http.HttpURLConnectionImpl.getResponseCode(HttpURLConnectionImpl.java:479)
W/System.err( 1235):    at com.fiship.cibn.common.ImageUtilImpl.downloadAndSaveImage(ImageUtilImpl.java:125)
W/System.err( 1235):    at com.fiship.cibn.controller.VideoDataTask.downLoadPoster(VideoDataTask.java:142)
W/System.err( 1235):    at com.fiship.cibn.controller.VideoDataTask.run(VideoDataTask.java:76)
W/System.err( 1235):    at com.fiship.cibn.controller.PortalRefreshService$SerialExecutor$1.run(PortalRefreshService.java:470)
W/System.err( 1235):    at java.util.concurrent.ThreadPoolExecutor.runWorker(ThreadPoolExecutor.java:1076)
W/System.err( 1235):    at java.util.concurrent.ThreadPoolExecutor$Worker.run(ThreadPoolExecutor.java:569)
W/System.err( 1235):    at java.lang.Thread.run(Thread.java:856)
D/VscDataTask( 1235): java.net.UnknownHostException: Unable to resolve host "cibn-poster.coship.com": No address associated with hostname
W/System.err( 1235): java.net.UnknownHostException: Unable to resolve host "cibn-poster.coship.com": No address associated with hostname
I/ActivityThread( 1545): Pub com.android.voicemail: com.android.providers.contacts.VoicemailContentProvider
W/System.err( 1235):    at java.net.InetAddress.lookupHostByName(InetAddress.java:400)
W/System.err( 1235):    at java.net.InetAddress.getAllByNameImpl(InetAddress.java:242)
W/System.err( 1235):    at java.net.InetAddress.getAllByName(InetAddress.java:220)
W/System.err( 1235):    at libcore.net.http.HttpConnection.<init>(HttpConnection.java:71)
W/System.err( 1235):    at libcore.net.http.HttpConnection.<init>(HttpConnection.java:50)
W/System.err( 1235):    at libcore.net.http.HttpConnection$Address.connect(HttpConnection.java:351)
W/System.err( 1235):    at libcore.net.http.HttpConnectionPool.get(HttpConnectionPool.java:86)
W/System.err( 1235):    at libcore.net.http.HttpConnection.connect(HttpConnection.java:128)
W/System.err( 1235):    at libcore.net.http.HttpEngine.openSocketConnection(HttpEngine.java:308)
W/System.err( 1235):    at libcore.net.http.HttpEngine.connect(HttpEngine.java:303)
W/System.err( 1235):    at libcore.net.http.HttpEngine.sendSocketRequest(HttpEngine.java:282)
W/System.err( 1235):    at libcore.net.http.HttpEngine.sendRequest(HttpEngine.java:232)
W/System.err( 1235):    at libcore.net.http.HttpURLConnectionImpl.getResponse(HttpURLConnectionImpl.java:273)
W/System.err( 1235):    at libcore.net.http.HttpURLConnectionImpl.getResponseCode(HttpURLConnectionImpl.java:479)
W/System.err( 1235):    at com.fiship.cibn.common.ImageUtilImpl.downloadAndSaveImage(ImageUtilImpl.java:125)
W/System.err( 1235):    at com.fiship.cibn.controller.VideoDataTask.downLoadPoster(VideoDataTask.java:142)
W/System.err( 1235):    at com.fiship.cibn.controller.VideoDataTask.run(VideoDataTask.java:76)
W/System.err( 1235):    at com.fiship.cibn.controller.PortalRefreshService$SerialExecutor$1.run(PortalRefreshService.java:470)
W/System.err( 1235):    at java.util.concurrent.ThreadPoolExecutor.runWorker(ThreadPoolExecutor.java:1076)
W/System.err( 1235):    at java.util.concurrent.ThreadPoolExecutor$Worker.run(ThreadPoolExecutor.java:569)
W/System.err( 1235):    at java.lang.Thread.run(Thread.java:856)
D/VscDataTask( 1235): java.net.UnknownHostException: Unable to resolve host "cibn-poster.coship.com": No address associated with hostname
W/System.err( 1235): java.net.UnknownHostException: Unable to resolve host "cibn-poster.coship.com": No address associated with hostname
W/System.err( 1235):    at java.net.InetAddress.lookupHostByName(InetAddress.java:400)
W/System.err( 1235):    at java.net.InetAddress.getAllByNameImpl(InetAddress.java:242)
W/System.err( 1235):    at java.net.InetAddress.getAllByName(InetAddress.java:220)
W/System.err( 1235):    at libcore.net.http.HttpConnection.<init>(HttpConnection.java:71)
W/System.err( 1235):    at libcore.net.http.HttpConnection.<init>(HttpConnection.java:50)
W/System.err( 1235):    at libcore.net.http.HttpConnection$Address.connect(HttpConnection.java:351)
W/System.err( 1235):    at libcore.net.http.HttpConnectionPool.get(HttpConnectionPool.java:86)
W/System.err( 1235):    at libcore.net.http.HttpConnection.connect(HttpConnection.java:128)
W/System.err( 1235):    at libcore.net.http.HttpEngine.openSocketConnection(HttpEngine.java:308)
W/System.err( 1235):    at libcore.net.http.HttpEngine.connect(HttpEngine.java:303)
W/System.err( 1235):    at libcore.net.http.HttpEngine.sendSocketRequest(HttpEngine.java:282)
W/System.err( 1235):    at libcore.net.http.HttpEngine.sendRequest(HttpEngine.java:232)
I/ActivityManager(  993): Start proc com.android.providers.calendar for broadcast com.android.providers.calendar/.CalendarReceiver: pid=1574 uid=10006 gids={3003, 1015}
W/System.err( 1235):    at libcore.net.http.HttpURLConnectionImpl.getResponse(HttpURLConnectionImpl.java:273)
W/System.err( 1235):    at libcore.net.http.HttpURLConnectionImpl.getResponseCode(HttpURLConnectionImpl.java:479)
W/System.err( 1235):    at com.fiship.cibn.common.ImageUtilImpl.downloadAndSaveImage(ImageUtilImpl.java:125)
W/System.err( 1235):    at com.fiship.cibn.controller.VideoDataTask.downLoadPoster(VideoDataTask.java:142)
W/System.err( 1235):    at com.fiship.cibn.controller.VideoDataTask.run(VideoDataTask.java:76)
W/System.err( 1235):    at com.fiship.cibn.controller.PortalRefreshService$SerialExecutor$1.run(PortalRefreshService.java:470)
W/System.err( 1235):    at java.util.concurrent.ThreadPoolExecutor.runWorker(ThreadPoolExecutor.java:1076)
W/System.err( 1235):    at java.util.concurrent.ThreadPoolExecutor$Worker.run(ThreadPoolExecutor.java:569)
W/System.err( 1235):    at java.lang.Thread.run(Thread.java:856)
D/VscDataTask( 1235): java.net.UnknownHostException: Unable to resolve host "cibn-poster.coship.com": No address associated with hostname
W/System.err( 1235): java.net.UnknownHostException: Unable to resolve host "cibn-poster.coship.com": No address associated with hostname
W/System.err( 1235):    at java.net.InetAddress.lookupHostByName(InetAddress.java:400)
W/System.err( 1235):    at java.net.InetAddress.getAllByNameImpl(InetAddress.java:242)
W/System.err( 1235):    at java.net.InetAddress.getAllByName(InetAddress.java:220)
W/System.err( 1235):    at libcore.net.http.HttpConnection.<init>(HttpConnection.java:71)
W/System.err( 1235):    at libcore.net.http.HttpConnection.<init>(HttpConnection.java:50)
W/System.err( 1235):    at libcore.net.http.HttpConnection$Address.connect(HttpConnection.java:351)
W/System.err( 1235):    at libcore.net.http.HttpConnectionPool.get(HttpConnectionPool.java:86)
W/System.err( 1235):    at libcore.net.http.HttpConnection.connect(HttpConnection.java:128)
W/System.err( 1235):    at libcore.net.http.HttpEngine.openSocketConnection(HttpEngine.java:308)
W/System.err( 1235):    at libcore.net.http.HttpEngine.connect(HttpEngine.java:303)
W/System.err( 1235):    at libcore.net.http.HttpEngine.sendSocketRequest(HttpEngine.java:282)
W/System.err( 1235):    at libcore.net.http.HttpEngine.sendRequest(HttpEngine.java:232)
W/System.err( 1235):    at libcore.net.http.HttpURLConnectionImpl.getResponse(HttpURLConnectionImpl.java:273)
W/System.err( 1235):    at libcore.net.http.HttpURLConnectionImpl.getResponseCode(HttpURLConnectionImpl.java:479)
W/System.err( 1235):    at com.fiship.cibn.common.ImageUtilImpl.downloadAndSaveImage(ImageUtilImpl.java:125)
W/System.err( 1235):    at com.fiship.cibn.controller.VideoDataTask.downLoadPoster(VideoDataTask.java:142)
W/System.err( 1235):    at com.fiship.cibn.controller.VideoDataTask.run(VideoDataTask.java:76)
W/System.err( 1235):    at com.fiship.cibn.controller.PortalRefreshService$SerialExecutor$1.run(PortalRefreshService.java:470)
W/System.err( 1235):    at java.util.concurrent.ThreadPoolExecutor.runWorker(ThreadPoolExecutor.java:1076)
W/System.err( 1235):    at java.util.concurrent.ThreadPoolExecutor$Worker.run(ThreadPoolExecutor.java:569)
W/System.err( 1235):    at java.lang.Thread.run(Thread.java:856)
D/VscDataTask( 1235): java.net.UnknownHostException: Unable to resolve host "cibn-poster.coship.com": No address associated with hostname
W/System.err( 1235): java.net.UnknownHostException: Unable to resolve host "cibn-poster.coship.com": No address associated with hostname
D/AuthTask( 1235): deviceId = 060158058000029
W/System.err( 1235):    at java.net.InetAddress.lookupHostByName(InetAddress.java:400)
W/System.err( 1235):    at java.net.InetAddress.getAllByNameImpl(InetAddress.java:242)
W/System.err( 1235):    at java.net.InetAddress.getAllByName(InetAddress.java:220)
W/System.err( 1235):    at libcore.net.http.HttpConnection.<init>(HttpConnection.java:71)
W/System.err( 1235):    at libcore.net.http.HttpConnection.<init>(HttpConnection.java:50)
W/System.err( 1235):    at libcore.net.http.HttpConnection$Address.connect(HttpConnection.java:351)
W/System.err( 1235):    at libcore.net.http.HttpConnectionPool.get(HttpConnectionPool.java:86)
W/System.err( 1235):    at libcore.net.http.HttpConnection.connect(HttpConnection.java:128)
W/System.err( 1235):    at libcore.net.http.HttpEngine.openSocketConnection(HttpEngine.java:308)
W/System.err( 1235):    at libcore.net.http.HttpEngine.connect(HttpEngine.java:303)
W/System.err( 1235):    at libcore.net.http.HttpEngine.sendSocketRequest(HttpEngine.java:282)
W/System.err( 1235):    at libcore.net.http.HttpEngine.sendRequest(HttpEngine.java:232)
D/AuthTask( 1235): -------------------------------
D/dalvikvm( 1235): GC_FOR_ALLOC freed 709K, 21% free 22918K/28675K, paused 35ms
I/dalvikvm-heap( 1235): Grow heap (frag case) to 26.477MB for 524304-byte allocation
I/Zygote  (  742): Preloading classes...
D/dalvikvm(  742): GC_EXPLICIT freed 114K, 86% free 662K/4483K, paused 1ms+1ms
D/dalvikvm( 1235): GC_FOR_ALLOC freed 1K, 20% free 23428K/29251K, paused 38ms
W/System.err( 1235):    at libcore.net.http.HttpURLConnectionImpl.getResponse(HttpURLConnectionImpl.java:273)
W/System.err( 1235):    at libcore.net.http.HttpURLConnectionImpl.getResponseCode(HttpURLConnectionImpl.java:479)
W/System.err( 1235):    at com.fiship.cibn.common.ImageUtilImpl.downloadAndSaveImage(ImageUtilImpl.java:125)
D/AuthTask( 1235): Start get user message
D/AuthTask( 1235): deviceId = 060158058000029
D/AuthTask( 1235): MAC = 84:62:23:08:00:7f
W/System.err( 1235):    at com.fiship.cibn.controller.VideoDataTask.downLoadPoster(VideoDataTask.java:142)
W/System.err( 1235):    at com.fiship.cibn.controller.VideoDataTask.run(VideoDataTask.java:76)
W/System.err( 1235):    at com.fiship.cibn.controller.PortalRefreshService$SerialExecutor$1.run(PortalRefreshService.java:470)
W/System.err( 1235):    at java.util.concurrent.ThreadPoolExecutor.runWorker(ThreadPoolExecutor.java:1076)
W/System.err( 1235):    at java.util.concurrent.ThreadPoolExecutor$Worker.run(ThreadPoolExecutor.java:569)
W/System.err( 1235):    at java.lang.Thread.run(Thread.java:856)
D/VscDataTask( 1235): java.net.UnknownHostException: Unable to resolve host "cibn-poster.coship.com": No address associated with hostname
W/System.err( 1235): java.net.UnknownHostException: Unable to resolve host "cibn-poster.coship.com": No address associated with hostname
W/System.err( 1235):    at java.net.InetAddress.lookupHostByName(InetAddress.java:400)
W/System.err( 1235):    at java.net.InetAddress.getAllByNameImpl(InetAddress.java:242)
W/System.err( 1235):    at java.net.InetAddress.getAllByName(InetAddress.java:220)
W/System.err( 1235):    at libcore.net.http.HttpConnection.<init>(HttpConnection.java:71)
W/System.err( 1235):    at libcore.net.http.HttpConnection.<init>(HttpConnection.java:50)
W/System.err( 1235):    at libcore.net.http.HttpConnection$Address.connect(HttpConnection.java:351)
W/System.err( 1235):    at libcore.net.http.HttpConnectionPool.get(HttpConnectionPool.java:86)
W/System.err( 1235):    at libcore.net.http.HttpConnection.connect(HttpConnection.java:128)
W/System.err( 1235):    at libcore.net.http.HttpEngine.openSocketConnection(HttpEngine.java:308)
W/System.err( 1235):    at libcore.net.http.HttpEngine.connect(HttpEngine.java:303)
W/System.err( 1235):    at libcore.net.http.HttpEngine.sendSocketRequest(HttpEngine.java:282)
W/System.err( 1235):    at libcore.net.http.HttpEngine.sendRequest(HttpEngine.java:232)
W/System.err( 1235):    at libcore.net.http.HttpURLConnectionImpl.getResponse(HttpURLConnectionImpl.java:273)
W/System.err( 1235):    at libcore.net.http.HttpURLConnectionImpl.getResponseCode(HttpURLConnectionImpl.java:479)
W/System.err( 1235):    at com.fiship.cibn.common.ImageUtilImpl.downloadAndSaveImage(ImageUtilImpl.java:125)
W/System.err( 1235):    at com.fiship.cibn.controller.VideoDataTask.downLoadPoster(VideoDataTask.java:142)
W/System.err( 1235):    at com.fiship.cibn.controller.VideoDataTask.run(VideoDataTask.java:76)
W/System.err( 1235):    at com.fiship.cibn.controller.PortalRefreshService$SerialExecutor$1.run(PortalRefreshService.java:470)
W/System.err( 1235):    at java.util.concurrent.ThreadPoolExecutor.runWorker(ThreadPoolExecutor.java:1076)
D/TextLayoutCache(  742): Using debug level: 0 - Debug Enabled: 0
W/System.err( 1235):    at java.util.concurrent.ThreadPoolExecutor$Worker.run(ThreadPoolExecutor.java:569)
W/System.err( 1235):    at java.lang.Thread.run(Thread.java:856)
D/VscDataTask( 1235): java.net.UnknownHostException: Unable to resolve host "cibn-poster.coship.com": No address associated with hostname
W/System.err( 1235): java.net.UnknownHostException: Unable to resolve host "cibn-poster.coship.com": No address associated with hostname
W/System.err( 1235):    at java.net.InetAddress.lookupHostByName(InetAddress.java:400)
W/System.err( 1235):    at java.net.InetAddress.getAllByNameImpl(InetAddress.java:242)
W/System.err( 1235):    at java.net.InetAddress.getAllByName(InetAddress.java:220)
W/System.err( 1235):    at libcore.net.http.HttpConnection.<init>(HttpConnection.java:71)
W/System.err( 1235):    at libcore.net.http.HttpConnection.<init>(HttpConnection.java:50)
W/System.err( 1235):    at libcore.net.http.HttpConnection$Address.connect(HttpConnection.java:351)
W/System.err( 1235):    at libcore.net.http.HttpConnectionPool.get(HttpConnectionPool.java:86)
W/System.err( 1235):    at libcore.net.http.HttpConnection.connect(HttpConnection.java:128)
W/System.err( 1235):    at libcore.net.http.HttpEngine.openSocketConnection(HttpEngine.java:308)
W/System.err( 1235):    at libcore.net.http.HttpEngine.connect(HttpEngine.java:303)
W/System.err( 1235):    at libcore.net.http.HttpEngine.sendSocketRequest(HttpEngine.java:282)
W/System.err( 1235):    at libcore.net.http.HttpEngine.sendRequest(HttpEngine.java:232)
W/System.err( 1235):    at libcore.net.http.HttpURLConnectionImpl.getResponse(HttpURLConnectionImpl.java:273)
W/System.err( 1235):    at libcore.net.http.HttpURLConnectionImpl.getResponseCode(HttpURLConnectionImpl.java:479)
W/System.err( 1235):    at com.fiship.cibn.common.ImageUtilImpl.downloadAndSaveImage(ImageUtilImpl.java:125)
W/System.err( 1235):    at com.fiship.cibn.controller.VideoDataTask.downLoadPoster(VideoDataTask.java:142)
W/System.err( 1235):    at com.fiship.cibn.controller.VideoDataTask.run(VideoDataTask.java:76)
W/System.err( 1235):    at com.fiship.cibn.controller.PortalRefreshService$SerialExecutor$1.run(PortalRefreshService.java:470)
W/System.err( 1235):    at java.util.concurrent.ThreadPoolExecutor.runWorker(ThreadPoolExecutor.java:1076)
W/System.err( 1235):    at java.util.concurrent.ThreadPoolExecutor$Worker.run(ThreadPoolExecutor.java:569)
W/System.err( 1235):    at java.lang.Thread.run(Thread.java:856)
D/VscDataTask( 1235): java.net.UnknownHostException: Unable to resolve host "cibn-poster.coship.com": No address associated with hostname
W/System.err( 1235): java.net.UnknownHostException: Unable to resolve host "cibn-poster.coship.com": No address associated with hostname
W/System.err( 1235):    at java.net.InetAddress.lookupHostByName(InetAddress.java:400)
W/System.err( 1235):    at java.net.InetAddress.getAllByNameImpl(InetAddress.java:242)
W/System.err( 1235):    at java.net.InetAddress.getAllByName(InetAddress.java:220)
W/System.err( 1235):    at libcore.net.http.HttpConnection.<init>(HttpConnection.java:71)
W/System.err( 1235):    at libcore.net.http.HttpConnection.<init>(HttpConnection.java:50)
W/System.err( 1235):    at libcore.net.http.HttpConnection$Address.connect(HttpConnection.java:351)
W/System.err( 1235):    at libcore.net.http.HttpConnectionPool.get(HttpConnectionPool.java:86)
W/System.err( 1235):    at libcore.net.http.HttpConnection.connect(HttpConnection.java:128)
W/System.err( 1235):    at libcore.net.http.HttpEngine.openSocketConnection(HttpEngine.java:308)
W/System.err( 1235):    at libcore.net.http.HttpEngine.connect(HttpEngine.java:303)
W/System.err( 1235):    at libcore.net.http.HttpEngine.sendSocketRequest(HttpEngine.java:282)
W/System.err( 1235):    at libcore.net.http.HttpEngine.sendRequest(HttpEngine.java:232)
W/System.err( 1235):    at libcore.net.http.HttpURLConnectionImpl.getResponse(HttpURLConnectionImpl.java:273)
W/System.err( 1235):    at libcore.net.http.HttpURLConnectionImpl.getResponseCode(HttpURLConnectionImpl.java:479)
W/System.err( 1235):    at com.fiship.cibn.common.ImageUtilImpl.downloadAndSaveImage(ImageUtilImpl.java:125)
W/System.err( 1235):    at com.fiship.cibn.controller.VideoDataTask.downLoadPoster(VideoDataTask.java:142)
W/System.err( 1235):    at com.fiship.cibn.controller.VideoDataTask.run(VideoDataTask.java:76)
W/System.err( 1235):    at com.fiship.cibn.controller.PortalRefreshService$SerialExecutor$1.run(PortalRefreshService.java:470)
W/System.err( 1235):    at java.util.concurrent.ThreadPoolExecutor.runWorker(ThreadPoolExecutor.java:1076)
W/System.err( 1235):    at java.util.concurrent.ThreadPoolExecutor$Worker.run(ThreadPoolExecutor.java:569)
W/System.err( 1235):    at java.lang.Thread.run(Thread.java:856)
D/VscDataTask( 1235): java.net.UnknownHostException: Unable to resolve host "cibn-poster.coship.com": No address associated with hostname
W/System.err( 1235): java.net.UnknownHostException: Unable to resolve host "cibn-poster.coship.com": No address associated with hostname
W/System.err( 1235):    at java.net.InetAddress.lookupHostByName(InetAddress.java:400)
W/System.err( 1235):    at java.net.InetAddress.getAllByNameImpl(InetAddress.java:242)
W/System.err( 1235):    at java.net.InetAddress.getAllByName(InetAddress.java:220)
W/System.err( 1235):    at libcore.net.http.HttpConnection.<init>(HttpConnection.java:71)
W/System.err( 1235):    at libcore.net.http.HttpConnection.<init>(HttpConnection.java:50)
W/System.err( 1235):    at libcore.net.http.HttpConnection$Address.connect(HttpConnection.java:351)
W/System.err( 1235):    at libcore.net.http.HttpConnectionPool.get(HttpConnectionPool.java:86)
W/System.err( 1235):    at libcore.net.http.HttpConnection.connect(HttpConnection.java:128)
W/System.err( 1235):    at libcore.net.http.HttpEngine.openSocketConnection(HttpEngine.java:308)
W/System.err( 1235):    at libcore.net.http.HttpEngine.connect(HttpEngine.java:303)
W/System.err( 1235):    at libcore.net.http.HttpEngine.sendSocketRequest(HttpEngine.java:282)
W/System.err( 1235):    at libcore.net.http.HttpEngine.sendRequest(HttpEngine.java:232)
W/System.err( 1235):    at libcore.net.http.HttpURLConnectionImpl.getResponse(HttpURLConnectionImpl.java:273)
W/System.err( 1235):    at libcore.net.http.HttpURLConnectionImpl.getResponseCode(HttpURLConnectionImpl.java:479)
W/System.err( 1235):    at com.fiship.cibn.common.ImageUtilImpl.downloadAndSaveImage(ImageUtilImpl.java:125)
I/ActivityThread( 1545): Pub com.android.social: com.android.providers.contacts.SocialProvider
I/ActivityThread( 1545): Pub applications: com.android.providers.applications.ApplicationsProvider
W/Zygote  (  742): Class not found for preloading: android.media.AudioManager$2
D/dalvikvm( 1235): GC_FOR_ALLOC freed 393K, 21% free 23179K/29251K, paused 72ms
I/dalvikvm-heap( 1235): Grow heap (frag case) to 27.233MB for 1048592-byte allocation
D/dalvikvm( 1235): GC_FOR_ALLOC freed <1K, 21% free 24203K/30339K, paused 36ms
W/System.err( 1235):    at com.fiship.cibn.controller.VideoDataTask.downLoadPoster(VideoDataTask.java:142)
W/System.err( 1235):    at com.fiship.cibn.controller.VideoDataTask.run(VideoDataTask.java:76)
W/System.err( 1235):    at com.fiship.cibn.controller.PortalRefreshService$SerialExecutor$1.run(PortalRefreshService.java:470)
W/System.err( 1235):    at java.util.concurrent.ThreadPoolExecutor.runWorker(ThreadPoolExecutor.java:1076)
W/System.err( 1235):    at java.util.concurrent.ThreadPoolExecutor$Worker.run(ThreadPoolExecutor.java:569)
W/System.err( 1235):    at java.lang.Thread.run(Thread.java:856)
D/VscDataTask( 1235): java.net.UnknownHostException: Unable to resolve host "cibn-poster.coship.com": No address associated with hostname
W/System.err( 1235): java.net.UnknownHostException: Unable to resolve host "cibn-poster.coship.com": No address associated with hostname
W/System.err( 1235):    at java.net.InetAddress.lookupHostByName(InetAddress.java:400)
W/System.err( 1235):    at java.net.InetAddress.getAllByNameImpl(InetAddress.java:242)
W/System.err( 1235):    at java.net.InetAddress.getAllByName(InetAddress.java:220)
W/System.err( 1235):    at libcore.net.http.HttpConnection.<init>(HttpConnection.java:71)
W/System.err( 1235):    at libcore.net.http.HttpConnection.<init>(HttpConnection.java:50)
W/System.err( 1235):    at libcore.net.http.HttpConnection$Address.connect(HttpConnection.java:351)
W/System.err( 1235):    at libcore.net.http.HttpConnectionPool.get(HttpConnectionPool.java:86)
W/System.err( 1235):    at libcore.net.http.HttpConnection.connect(HttpConnection.java:128)
W/System.err( 1235):    at libcore.net.http.HttpEngine.openSocketConnection(HttpEngine.java:308)
W/System.err( 1235):    at libcore.net.http.HttpEngine.connect(HttpEngine.java:303)
W/System.err( 1235):    at libcore.net.http.HttpEngine.sendSocketRequest(HttpEngine.java:282)
W/System.err( 1235):    at libcore.net.http.HttpEngine.sendRequest(HttpEngine.java:232)
W/System.err( 1235):    at libcore.net.http.HttpURLConnectionImpl.getResponse(HttpURLConnectionImpl.java:273)
W/System.err( 1235):    at libcore.net.http.HttpURLConnectionImpl.getResponseCode(HttpURLConnectionImpl.java:479)
W/System.err( 1235):    at com.fiship.cibn.common.ImageUtilImpl.downloadAndSaveImage(ImageUtilImpl.java:125)
W/System.err( 1235):    at com.fiship.cibn.controller.VideoDataTask.downLoadPoster(VideoDataTask.java:142)
W/System.err( 1235):    at com.fiship.cibn.controller.VideoDataTask.run(VideoDataTask.java:76)
W/System.err( 1235):    at com.fiship.cibn.controller.PortalRefreshService$SerialExecutor$1.run(PortalRefreshService.java:470)
W/System.err( 1235):    at java.util.concurrent.ThreadPoolExecutor.runWorker(ThreadPoolExecutor.java:1076)
W/System.err( 1235):    at java.util.concurrent.ThreadPoolExecutor$Worker.run(ThreadPoolExecutor.java:569)
W/System.err( 1235):    at java.lang.Thread.run(Thread.java:856)
I/clearFile( 1235): clearFile: /data/data/com.fiship.cibn/cache/cibn/10000101000001/video3
D/dalvikvm( 1545): GC_CONCURRENT freed 154K, 85% free 704K/4547K, paused 1ms+1ms
I/dalvikvm(  742): threadid=1: recursive native library load attempt (/system/lib/libmedia_jni.so)
D/MtpDeviceJNI(  742): register_android_mtp_MtpDevice
I/dalvikvm(  742): threadid=1: recursive native library load attempt (/system/lib/libmedia_jni.so)
I/dalvikvm(  742): threadid=1: recursive native library load attempt (/system/lib/libmedia_jni.so)
I/Zygote  (  742): ...preloaded 69 classes in 888ms.
I/Zygote  (  742): Preloading classes...
I/ActivityManager(  993): Start proc android.process.media for content provider com.android.providers.downloads/.DownloadProvider: pid=1587 uid=10010 gids={1015, 1023, 1024, 2001, 3003, 3007}
D/HSEventMonitorService( 1526): start BluetoothHeadsetService 
D/dalvikvm(  742): GC_EXPLICIT freed 103K, 85% free 702K/4547K, paused 0ms+2ms
I/Process (  993): Sending signal. PID: 1526 SIG: 3
I/dalvikvm( 1526): threadid=3: reacting to signal 3
I/dalvikvm( 1526): Wrote stack traces to '/data/anr/traces.txt'
I/Process (  993): Sending signal. PID: 993 SIG: 3
I/dalvikvm(  993): threadid=3: reacting to signal 3
W/Zygote  (  742): Class not found for preloading: android.media.IRemoteControlClientDispatcher
W/Zygote  (  742): Class not found for preloading: android.media.IRemoteControlClientDispatcher$Stub
I/dalvikvm(  993): Wrote stack traces to '/data/anr/traces.txt'
I/Process (  993): Sending signal. PID: 1235 SIG: 3
I/dalvikvm( 1235): threadid=3: reacting to signal 3
W/ActivityManager(  993): finishReceiver called but active receiver is different
I/dalvikvm( 1235): Wrote stack traces to '/data/anr/traces.txt'
I/Process (  993): Sending signal. PID: 1256 SIG: 3
I/dalvikvm( 1256): threadid=3: reacting to signal 3
I/dalvikvm( 1256): Wrote stack traces to '/data/anr/traces.txt'
I/Process (  993): Sending signal. PID: 1286 SIG: 3
I/dalvikvm( 1286): threadid=3: reacting to signal 3
I/dalvikvm( 1286): Wrote stack traces to '/data/anr/traces.txt'
I/Process (  993): Sending signal. PID: 1271 SIG: 3
I/dalvikvm( 1271): threadid=3: reacting to signal 3
I/dalvikvm( 1271): Wrote stack traces to '/data/anr/traces.txt'
D/BluetoothHeadsetBroadcastReceiver( 1526): - Got BluetoothHeadset: null
I/MainActivity( 1235):  === Get Broadcast And Start Update Data...
I/MainActivity( 1235):  === MainActivity start updateData...
I/ActivityThread( 1545): Pub contacts;com.android.contacts: com.android.providers.contacts.ContactsProvider2
D/Bluetooth HSHFP( 1526): Starting BluetoothHeadsetService
D/BluetoothHeadsetBroadcastReceiver( 1526): - Got BluetoothHeadset: android.bluetooth.BluetoothHeadset@413eb808
D/dalvikvm(  742): GC_FOR_ALLOC freed 248K, 80% free 996K/4931K, paused 27ms
D/dalvikvm( 1545): GC_CONCURRENT freed 288K, 83% free 852K/4867K, paused 1ms+1ms
D/dalvikvm( 1574): GC_CONCURRENT freed 203K, 85% free 718K/4611K, paused 1ms+5ms
I/ActivityThread( 1574): Pub com.android.calendar: com.android.providers.calendar.CalendarProvider2
D/dalvikvm(  993): GC_CONCURRENT freed 642K, 58% free 3326K/7747K, paused 3ms+14ms
I/Zygote  (  742): ...preloaded 35 classes in 560ms.
I/ActivityThread( 1587): Pub media: com.android.providers.media.MediaProvider
I/RecommondManagerImpl( 1235): Recommand - Hottest - UpdateData
D/dalvikvm( 1545): GC_CONCURRENT freed 206K, 79% free 1053K/4995K, paused 1ms+1ms
E/        ( 1235): get vaddr failed:pvaddr_read=0x5e9e7000,pvaddr_internal=0x5eae7000,pvaddr_write=0x0
E/        ( 1235): get vaddr failed:pvaddr_read=0x5e9e7000,pvaddr_internal=0x5eae7000,pvaddr_write=0x0
E/StaggeredGridView( 1235): onMeasure: must have an exact width or match_parent! Using fallback spec of EXACTLY 270
W/MountService(  993): getVolumeState(/mnt/sdcard): Unknown volume
I/ActivityThread( 1587): Pub downloads: com.android.providers.downloads.DownloadProvider
I/Zygote  (  742): Preloading classes...
I/ActivityManager(  993): Start proc com.coship.cw880 for broadcast com.coship.cw880/.BootCw880Recive: pid=1608 uid=1000 gids={3003, 1015, 3002, 3001, 3004}
D/dalvikvm(  742): GC_EXPLICIT freed 112K, 79% free 1076K/4931K, paused 1ms+6ms
D/dalvikvm( 1587): GC_CONCURRENT freed 226K, 83% free 834K/4803K, paused 2ms+2ms
I/ActivityThread( 1587): Pub drm: com.android.providers.drm.DrmProvider
I/DownloadManager( 1587): in removeSpuriousFiles
D/dalvikvm(  993): GREF has increased to 401
I/DownloadManager( 1587): deleting spurious file /cache/data
I/ActivityThread( 1545): Pub call_log: com.android.providers.contacts.CallLogProvider
I/ActivityThread( 1545): Pub user_dictionary: com.android.providers.userdictionary.UserDictionaryProvider
D/TAG     ( 1608): ===@@@@@@@@@@@@@@@@@@@@@@@@@@@@@@@@@@@@@@@@@@@@@@@==
D/BootBroadcastRecevice( 1608): ===========BoradcastReceive enter will to monitorcw880
D/MonitorCw880( 1608): MonitorCw880 OnCreat
W/WimoApp ( 1608): 
W/WimoApp ( 1608):  Init sem_lib_referrence success!.
I/MonitorCw880( 1608): SystemPropertiesClass:class android.os.SystemProperties
W/MonitorCw880( 1608): ~~~~~~~~~~~~~~~~~~~~~~method:public static java.lang.String android.os.SystemProperties.get(java.lang.String,java.lang.String)
W/MonitorCw880( 1608): getProperties sys.cw880.ready return value:false
D/MonitorCw880( 1608): CW880Boot() -> cw880Ready=false
I/MonitorCw880( 1608): SystemPropertiesClass:class android.os.SystemProperties
W/MonitorCw880( 1608): ~~~~~~~~~~~~~~~~~~~~~~method:public static java.lang.String android.os.SystemProperties.get(java.lang.String,java.lang.String)
W/MonitorCw880( 1608): getProperties persist.sys.launcher.mode return value:2
D/EasyControlImeReceive( 1271): ===========receive EasyControlImeReceive============
D/MonitorCw880( 1608): MonitorCw880 OnStart
I/MonitorCw880( 1608): easybusAttach success !
I/MonitorCw880( 1608): easyscreen -> easybusInterest success !
I/MonitorCw880( 1608): easyheartbeat -> easybusInterest success !
D/EasyControlImeReceive( 1271): ===========EasyControlImeReceive enter will to EasyControlIME
D/EasyControlImeReceive( 1271): ===========EasyControlImeReceive enter will to EasyControlIMEServer
I/KeyEventHandler( 1271): start sender UDP
D/dalvikvm(  993): GC_CONCURRENT freed 507K, 55% free 3525K/7747K, paused 2ms+6ms
D/dalvikvm( 1271): GC_CONCURRENT freed 155K, 85% free 694K/4547K, paused 1ms+1ms
I/MainActivity( 1235):  === Get Broadcast And Start Update Data...
I/MainActivity( 1235):  === MainActivity start updateData...
I/RecommondManagerImpl( 1235): Recommand - Best - UpdateData
D/dalvikvm(  993): GC_FOR_ALLOC freed 275K, 56% free 3512K/7875K, paused 129ms
I/dalvikvm-heap(  993): Grow heap (frag case) to 7.171MB for 148322-byte allocation
D/dalvikvm( 1271): GC_CONCURRENT freed 431K, 86% free 694K/4867K, paused 0ms+2ms
D/dalvikvm(  993): GC_FOR_ALLOC freed 2K, 55% free 3654K/8067K, paused 37ms
D/dalvikvm(  993): GC_EXPLICIT freed 122K, 56% free 3562K/8067K, paused 2ms+4ms
D/dalvikvm( 1271): GC_CONCURRENT freed 444K, 85% free 760K/4931K, paused 1ms+1ms
I/KeyEventHandler( 1271): UDP connect local is success
E/PhonePolicy( 1271): Could not preload class for phone policy: com.android.internal.policy.impl.PhoneWindow$ContextMenuCallback
D/dalvikvm( 1235): GC_CONCURRENT freed 3473K, 25% free 22778K/30339K, paused 1ms+15ms
W/ProcessStats(  993): Skipping unknown process pid 1629
D/dalvikvm( 1545): GC_CONCURRENT freed 243K, 77% free 1257K/5251K, paused 2ms+1ms
D/LoginTask( 1235): User has registered !
D/LoginTask( 1235): -------------------------------
D/LoginTask( 1235): Login start
D/LoginTask( 1235): username = 20130428155504246003
D/LoginTask( 1235): password = f379eaf3c831b04de153469d1bec345e
I/EasyControlIME( 1271): ----isExtractViewShowm()
I/EasyControlIME( 1271): EasyContrloIME is onCreate
I/EasyControlIMEImpl( 1271): defaultInputMethod = com.android.inputmethod.pinyin/.PinyinIME
I/EasyControlIMEImpl( 1271): defaultInputMethod = com.android.inputmethod.pinyin/.PinyinIME
I/PortalRefreshService( 1235): PortalService downloading...  CConstants.DOWNLOAD_DATA_INDEX = 3
I/PortalRefreshService( 1235):      PortalService downlaod Recommand data OK...
I/PortalRefreshService( 1235):  === PortalService send Broadcast OK...
I/MainActivity( 1235):  === Get Broadcast And Start Update Data...
I/MainActivity( 1235):  === MainActivity start updateData...
I/AVZoneManagerImpl( 1235): AVZone - UpdateData
E/        ( 1235): get vaddr failed:pvaddr_read=0x5e9e7000,pvaddr_internal=0x5eae7000,pvaddr_write=0x0
E/        ( 1235): get vaddr failed:pvaddr_read=0x5e9e7000,pvaddr_internal=0x5eae7000,pvaddr_write=0x0
D/dalvikvm(  993): GC_FOR_ALLOC freed 221K, 56% free 3567K/8067K, paused 56ms
I/EasyControlIMEImpl( 1271): easybusInterest success !
I/PortalRefreshService( 1235): PortalService downloading...  CConstants.DOWNLOAD_DATA_INDEX = 4
I/PortalRefreshService( 1235):      PortalService downlaod Flysee data OK...
I/PortalRefreshService( 1235):  === PortalService send Broadcast OK...
V/update.Download( 1310): deleting all update downloads
D/dalvikvm( 1235): GC_FOR_ALLOC freed 928K, 22% free 23709K/30339K, paused 38ms
I/Zygote  (  742): ...preloaded 130 classes in 1250ms.
D/dalvikvm( 1235): GC_FOR_ALLOC freed 258K, 22% free 23963K/30339K, paused 37ms
I/dalvikvm-heap( 1235): Grow heap (frag case) to 27.999MB for 1048592-byte allocation
D/dalvikvm( 1574): GC_CONCURRENT freed 237K, 82% free 879K/4867K, paused 1ms+2ms
I/ActivityManager(  993): START {flg=0x10000000 cmp=com.google.android.gsf/.update.SystemUpdateInstallDialog} from pid 1310
D/dalvikvm( 1310): GC_CONCURRENT freed 391K, 76% free 1317K/5443K, paused 2ms+2ms
D/dalvikvm( 1235): GC_FOR_ALLOC freed 512K, 23% free 24475K/31427K, paused 37ms
E/        ( 1235): get vaddr failed:pvaddr_read=0x5e9e7000,pvaddr_internal=0x5eae7000,pvaddr_write=0x0
E/        ( 1235): get vaddr failed:pvaddr_read=0x5e9e7000,pvaddr_internal=0x5eae7000,pvaddr_write=0x0
E/        ( 1235): get vaddr failed:pvaddr_read=0x5e9e7000,pvaddr_internal=0x5eae7000,pvaddr_write=0x0
E/        ( 1235): get vaddr failed:pvaddr_read=0x5e9e7000,pvaddr_internal=0x5eae7000,pvaddr_write=0x0
E/        ( 1235): get vaddr failed:pvaddr_read=0x5e9e7000,pvaddr_internal=0x5eae7000,pvaddr_write=0x0
E/        ( 1235): get vaddr failed:pvaddr_read=0x5e9e7000,pvaddr_internal=0x5eae7000,pvaddr_write=0x0
D/dalvikvm( 1235): GC_FOR_ALLOC freed 2058K, 25% free 23852K/31427K, paused 30ms
D/PermissionCache( 1037): checking android.permission.READ_FRAME_BUFFER for uid=1000 => granted (600 us)
E/        ( 1235): get vaddr failed:pvaddr_read=0x5e9e7000,pvaddr_internal=0x5eae7000,pvaddr_write=0x0
E/        ( 1235): get vaddr failed:pvaddr_read=0x5e9e7000,pvaddr_internal=0x5eae7000,pvaddr_write=0x0
I/Process (  993): Sending signal. PID: 1310 SIG: 3
I/dalvikvm( 1310): threadid=3: reacting to signal 3
D/SettingGlobalReceiver==>( 1345): android.intent.action.BOOT_COMPLETED
I/dalvikvm( 1310): Wrote stack traces to '/data/anr/traces.txt'
I/Process (  993): Sending signal. PID: 1545 SIG: 3
I/dalvikvm( 1545): threadid=3: reacting to signal 3
I/dalvikvm( 1545): Wrote stack traces to '/data/anr/traces.txt'
I/Zygote  (  742): Preloading classes...
I/ActivityManager(  993): Start proc com.coship.changetheaudiooutput for broadcast com.coship.changetheaudiooutput/.BootCompletedReceiver: pid=1644 uid=10028 gids={3002, 3001, 3004}
D/dalvikvm( 1235): GC_CONCURRENT freed 1094K, 22% free 24763K/31427K, paused 2ms+18ms
E/ActivityManager(  993): Start proc com.coship.changetheaudiooutput for broadcast com.coship.changetheaudiooutput/.BootCompletedReceiver: pid=1644 uid=10028 gids={3002, 3001, 3004}CPU usage from 2671ms to 3274ms later:
E/ActivityManager(  993):   131% 1235/com.fiship.cibn: 114% user + 16% kernel / faults: 1811 minor
E/ActivityManager(  993):     111% 1235/com.fiship.cibn: 101% user + 10% kernel
E/ActivityManager(  993):     8.9% 1604/AsyncTask #3: 5.9% user + 2.9% kernel
E/ActivityManager(  993):     5.9% 1242/Compiler: 4.4% user + 1.4% kernel
E/ActivityManager(  993):     1.4% 1288/Binder Thread #: 0% user + 1.4% kernel
E/ActivityManager(  993):     1.4% 1425/Thread-40: 0% user + 1.4% kernel
E/ActivityManager(  993):     1.4% 1479/Thread-42: 1.4% user + 0% kernel
E/ActivityManager(  993):   93% 993/system_server: 68% user + 25% kernel / faults: 361 minor 6 major
E/ActivityManager(  993):     19% 1016/ActivityManager: 6% user + 13% kernel
E/ActivityManager(  993):     19% 1309/GpsLocationProv: 19% user + 0% kernel
E/ActivityManager(  993):     6% 1000/Compiler: 3% user + 3% kernel
E/ActivityManager(  993):     6% 1301/Binder Thread #: 4.5% user + 1.5% kernel
E/ActivityManager(  993):     4.5% 1006/Binder Thread #: 3% user + 1.5% kernel
E/ActivityManager(  993):     4.5% 1306/Binder Thread #: 4.5% user + 0% kernel
E/ActivityManager(  993):     4.5% 1570/Binder Thread #: 3% user + 1.5% kernel
E/ActivityManager(  993):     3% 993/system_server: 0% user + 3% kernel
E/ActivityManager(  993):     1.5% 1007/Binder Thread #: 0% user + 1.5% kernel
E/ActivityManager(  993):     1.5% 1302/Binder Thread #: 0% user + 1.5% kernel
E/ActivityManager(  993):     1.5% 1571/Binder Thread #: 1.5% user + 0% kernel
E/ActivityManager(  993):     1.5% 1600/Binder Thread #: 1.5% user + 0% kernel
E/ActivityManager(  993):    +0% 1636/Error dump: sys: 0% user + 0% kernel
E/ActivityManager(  993):   46% 445/mmcqd: 0% user + 46% kernel
E/ActivityManager(  993):   32% 1310/com.google.process.gapps: 19% user + 13% kernel / faults: 707 minor 1 major
E/ActivityManager(  993):     13% 1310/e.process.gapps: 7.4% user + 5.9% kernel
E/ActivityManager(  993):     7.4% 1313/GC: 4.4% user + 2.9% kernel
E/ActivityManager(  993):     4.4% 1317/Compiler: 2.9% user + 1.4% kernel
E/ActivityManager(  993):     1.4% 1321/Binder Thread #: 1.4% user + 0% kernel
E/ActivityManager(  993):     1.4% 1631/AsyncTask #1: 1.4% user + 0% kernel
E/ActivityManager(  993):    +0% 1633/Thread-53: 0% user + 0% kernel
E/ActivityManager(  993):    +0% 1634/pool-1-thread-1: 0% user + 0% kernel
E/ActivityManager(  993):   27% 754/ld-linux.so.3: 16% user + 10% kernel
E/ActivityManager(  993):     21% 1069/CECMonitor: 12% user + 9% kernel
E/ActivityManager(  993):     1.5% 1020/ld-linux.so.3: 1.5% user + 0% kernel
E/ActivityManager(  993):     1.5% 1024/754keypad Input: 1.5% user + 0% kernel
E/ActivityManager(  993):     1.5% 1026/754Linux hotplu: 0% user + 1.5% kernel
E/ActivityManager(  993):     1.5% 1072/IRQThread_244: 0% user + 1.5% kernel
E/ActivityManager(  993):   26% 1271/com.coship.easycontrolime: 26% user + 0% kernel / faults: 446 minor
E/ActivityManager(  993):     25% 1271/.easycontrolime: 25% user + 0% kernel
E/ActivityManager(  993):     1.4% 1277/Compiler: 1.4% user + 0% kernel
E/ActivityManager(  993):    +0% 1635/Thread-37: 0% user + 0% kernel
E/ActivityManager(  993):   26% 1545/android.process.acore: 23% user + 2.8% kernel / faults: 250 minor 3 major
E/ActivityManager(  993):     11% 1623/ContactsProvide: 11% user + 0% kernel
E/ActivityManager(  993):     8.6% 1601/ApplicationsPro: 8.6% user + 0% kernel
E/ActivityManager(  993):     7.2% 1548/GC: 7.2% user + 0% kernel
E/ActivityManager(  993):     1.4% 1553/Compiler: 1.4% user + 0% kernel
E/ActivityManager(  993):   17% 1574/com.android.providers.calendar: 13% user + 4.3% kernel / faults: 134 minor
E/ActivityManager(  993):     4.3% 1576/GC: 4.3% user + 0% kernel
E/ActivityManager(  993):     2.8% 1580/Compiler: 1.4% user + 1.4% kernel
E/ActivityManager(  993):   9% 1587/android.process.media: 5.6% user + 3.4% kernel / faults: 133 minor
E/ActivityManager(  993):     5.6% 1624/Binder Thread #: 3.4% user + 2.2% kernel
E/ActivityManager(  993):     3.4% 1594/Compiler: 1.1% user + 2.2% kernel
E/ActivityManager(  993):   6% 742/zygote: 6% user + 0% kernel / faults: 371 minor 9 major
E/ActivityManager(  993):     7.5% 742/zygote: 6% user + 1.5% kernel
E/ActivityManager(  993):   1.5% 744/mediaserver: 0% user + 1.5% kernel
E/ActivityManager(  993):     1.5% 979/AudioOut_1: 0% user + 1.5% kernel
E/ActivityManager(  993):   1.5% 777/mali-pmm-wq: 0% user + 1.5% kernel
E/ActivityManager(  993):   1.5% 1009/logcat: 0% user + 1.5% kernel
E/ActivityManager(  993):   1.5% 1037/surfaceflinger: 0% user + 1.5% kernel
E/ActivityManager(  993):     1.5% 1042/SurfaceFlinger: 0% user + 1.5% kernel
E/ActivityManager(  993):     1.5% 1051/SurfaceFlinger: 1.5% user + 0% kernel
E/ActivityManager(  993): 100% TOTAL: 64% user + 25% kernel + 9.2% iowait
W/ActivityManager(  993): Killing ProcessRecord{416c3500 1526:com.coship.HS/1000}: background ANR
I/ServiceManager(  737): service 'bluetoothheadset' died
E/        ( 1235): get vaddr failed:pvaddr_read=0x5e9e7000,pvaddr_internal=0x5eae7000,pvaddr_write=0x0
E/        ( 1235): get vaddr failed:pvaddr_read=0x5e9e7000,pvaddr_internal=0x5eae7000,pvaddr_write=0x0
I/ActivityManager(  993): Process com.coship.HS (pid 1526) has died.
D/dalvikvm(  742): GC_EXPLICIT freed 132K, 77% free 1154K/4995K, paused 5ms+2ms
I/CalendarProvider2( 1574): Sending notification intent: Intent { act=android.intent.action.PROVIDER_CHANGED dat=content://com.android.calendar }
W/ContentResolver( 1574): Failed to get type for: content://com.android.calendar (Unknown URL content://com.android.calendar)
D/dalvikvm(  993): GC_FOR_ALLOC freed 735K, 60% free 3301K/8067K, paused 109ms
W/ActivityManager(  993): Scheduling restart of crashed service com.coship.HS/.BluetoothHeadsetService in 5000ms
W/ActivityManager(  993): Scheduling restart of crashed service com.coship.HS/.HSEventMonitorService in 14999ms
D/dalvikvm(  993): GC_FOR_ALLOC freed 14K, 58% free 3430K/8067K, paused 70ms
I/dalvikvm-heap(  993): Grow heap (frag case) to 7.057MB for 112212-byte allocation
W/Zygote  (  742): Class not found for preloading: android.text.TextDirectionHeuristics$CharCount
D/dalvikvm(  993): GC_FOR_ALLOC freed <1K, 57% free 3539K/8195K, paused 35ms
D/dalvikvm(  742): GC_FOR_ALLOC freed 167K, 72% free 1524K/5379K, paused 31ms
W/Zygote  (  742): Class not found for preloading: android.text.method.WordIterator$1
I/Zygote  (  742): ...preloaded 86 classes in 301ms.
D/dalvikvm(  993): GC_FOR_ALLOC freed 141K, 58% free 3504K/8195K, paused 41ms
I/dalvikvm-heap(  993): Grow heap (frag case) to 7.237MB for 224408-byte allocation
D/dalvikvm(  993): GC_FOR_ALLOC freed 3K, 56% free 3720K/8451K, paused 33ms
D/dalvikvm(  993): GC_FOR_ALLOC freed 306K, 59% free 3528K/8451K, paused 35ms
W/ActivityManager(  993): Activity pause timeout for ActivityRecord{41654950 com.fiship.cibn/.MainActivity}
I/Process (  993): Sending signal. PID: 1235 SIG: 3
I/dalvikvm( 1235): threadid=3: reacting to signal 3
I/dalvikvm( 1235): Wrote stack traces to '/data/anr/traces.txt'
I/MediaScannerService( 1587): ==========================================
I/MediaScannerService( 1587): ====== ACTION_MEDIA_SCANNER_STARTED ======
I/MediaScannerService( 1587): ==========================================
D/dalvikvm(  993): GC_FOR_ALLOC freed 260K, 58% free 3573K/8451K, paused 43ms
I/MainActivity( 1235):  === Get Broadcast And Start Update Data...
I/MainActivity( 1235):  === MainActivity start updateData...
I/MainActivity( 1235):  onPause
D/SlideManagerRootImpl( 1235): stop = 1
I/BrandZoneManagerImpl( 1235): BrandZone - UpdateData
