01-01 20:00:14.736 W/PackageManager(  991): Unknown permission com.android.launcher.permission.INSTALL_SHORTCUT in package com.youku.tv
01-01 20:00:14.736 W/PackageManager(  991): Unknown permission com.android.launcher.permission.WRITE_SETTINGS in package com.youku.tv
01-01 20:00:14.736 W/PackageManager(  991): Not granting permission android.permission.INSTALL_PACKAGES to package com.youku.tv (protectionLevel=3 flags=0xbe44)
01-01 20:00:14.736 W/PackageManager(  991): Unknown permission android.permission.READ_EXTERNAL_STORAGE in package com.youku.tv
01-01 20:00:14.956 I/SystemServer(  991): Account Manager
01-01 20:00:14.996 I/SystemServer(  991): Content Manager
01-01 20:00:15.328 I/SystemServer(  991): System Content Providers
01-01 20:00:15.448 I/SystemServer(  991): Lights Service
01-01 20:00:15.448 I/SystemServer(  991): Battery Service
01-01 20:00:15.460 I/SystemServer(  991): Pppoe Service
01-01 20:00:15.460 I/SystemServer(  991): Vibrator Service
01-01 20:00:15.476 I/SystemServer(  991): Alarm Manager
01-01 20:00:15.476 I/SystemServer(  991): Init Watchdog
01-01 20:00:15.480 I/SystemServer(  991): Window Manager
01-01 20:00:15.520 I/InputManager(  991): Initializing input manager
01-01 20:00:15.532 W/StatusBarManager(  991): warning: no STATUS_BAR_SERVICE
01-01 20:00:15.592 I/InputManager(  991): Starting input manager
01-01 20:00:15.592 I/WindowManager(  991): Enabled StrictMode for PolicyThread's Looper
01-01 20:00:15.596 I/WindowManager(  991): Enabled StrictMode logging for WMThread's Looper
01-01 20:00:15.596 I/SystemServer(  991): Bluetooth Service
01-01 20:00:15.684 I/SystemServer(  991): Input Method Service
01-01 20:00:15.684 W/InputManagerService(  991): Couldn't create dir.: /data/system/inputmethod
01-01 20:00:15.700 I/SystemServer(  991): Accessibility Manager
01-01 20:00:15.708 I/ActivityManager(  991): Config changed: {1.0 0mcc0mnc zh_CN layoutdir=0 sw720dp w1280dp h720dp xlrg long land ?uimode ?night -touch -keyb/v/h -nav/h s.2}
01-01 20:00:15.716 I/SystemServer(  991): TV
01-01 20:00:15.716 I/SystemServer(  991): Device Policy
01-01 20:00:15.716 I/SystemServer(  991): Status Bar
01-01 20:00:15.720 I/SystemServer(  991): Clipboard Service
01-01 20:00:15.720 I/SystemServer(  991): NetworkManagement Service
01-01 20:00:15.724 I/SystemServer(  991): Text Service Manager Service
01-01 20:00:15.724 W/TextServicesManagerService(  991): no available spell checker services found
01-01 20:00:15.724 I/SystemServer(  991): NetworkStats Service
01-01 20:00:15.732 I/SystemServer(  991): NetworkPolicy Service
01-01 20:00:15.736 I/SystemServer(  991): Wi-Fi P2pService
01-01 20:00:15.744 D/WifiP2pService(  991): P2pDisabledState
01-01 20:00:15.744 E/WifiP2pService(  991): Failed to reload sta firmware java.lang.NullPointerException
01-01 20:00:15.744 D/WifiP2pService(  991): mThisDevice.deviceAddress=a6:a8:20:13:03:6e
01-01 20:00:15.748 I/SystemServer(  991): Wi-Fi Service
01-01 20:00:15.760 D/WifiP2pService(  991): P2pDisabledState{ what=69633 when=0 }
01-01 20:00:15.760 D/WifiP2pService(  991): DefaultState{ what=69633 when=-1ms }
01-01 20:00:15.760 D/WifiP2pService(  991): P2pDisabledState{ what=69632 when=0 obj=com.android.internal.util.AsyncChannel@41558190 }
01-01 20:00:15.760 D/WifiP2pService(  991): DefaultState{ what=69632 when=0 obj=com.android.internal.util.AsyncChannel@41558190 }
01-01 20:00:15.760 D/WifiP2pService(  991): Full connection with WifiStateMachine established
01-01 20:00:15.772 D/WifiP2pService(  991): P2pDisabledState{ what=69633 when=0 }
01-01 20:00:15.772 D/WifiP2pService(  991): DefaultState{ what=69633 when=-1ms }
01-01 20:00:15.772 D/WifiP2pService(  991): P2pDisabledState{ what=69632 when=0 obj=com.android.internal.util.AsyncChannel@41556e18 }
01-01 20:00:15.772 D/WifiP2pService(  991): DefaultState{ what=69632 when=0 obj=com.android.internal.util.AsyncChannel@41556e18 }
01-01 20:00:15.772 D/WifiP2pService(  991): Full connection with WifiStateMachine established
01-01 20:00:15.772 I/SystemServer(  991): Connectivity Service
01-01 20:00:15.772 D/ConnectivityService(  991): ConnectivityService starting up
01-01 20:00:15.776 E/ConnectivityService(  991): Error in radioAttributes - ignoring attempt to redefine type 1
01-01 20:00:15.788 D/ConnectivityService(  991): Starting Pppoe StateTracker
01-01 20:00:15.788 D/ConnectivityService(  991): Starting Ethernet Service.
01-01 20:00:15.788 V/EthernetStateTracker(  991): Ethernet State Tracker v1.0.6
01-01 20:00:15.792 V/EthernetStateTracker(  991): successed to init device!
01-01 20:00:15.792 I/EthernetService(  991): Ethernet dev enabled 2
01-01 20:00:15.792 V/EthernetService(  991): device 0 name eth0
01-01 20:00:15.792 V/EthernetStateTracker(  991): start to monitor the ethernet devices . . .
01-01 20:00:15.792 I/EthernetManager(  991): Init Ethernet Manager, service: com.android.server.EthernetService@41596e00
01-01 20:00:15.796 I/EthernetStateTracker(  991): reset device eth0
01-01 20:00:15.804 V/EthernetMonitor(  991): go poll events
01-01 20:00:15.864 D/EthernetStateTracker(  991): DhcpHandler: DHCP request started
01-01 20:00:15.864 I/EthernetStateTracker(  991): trigger dhcp for device eth0
01-01 20:00:15.864 I/EthernetStateTracker(  991): reset device eth0
01-01 20:00:15.936 I/EthernetStateTracker(  991): trigger dhcp for device eth0
01-01 20:00:15.940 E/MobileDataStateTracker(  991): default: Ignoring feature request because could not acquire PhoneService
01-01 20:00:15.940 E/MobileDataStateTracker(  991): default: Could not enable APN type "default"
01-01 20:00:15.944 D/NetworkManagementService(  991): Registering observer
01-01 20:00:15.944 D/NetworkManagementService(  991): Registering observer
01-01 20:00:15.944 I/WifiService(  991): WifiService starting up with Wi-Fi disabled
01-01 20:00:15.948 I/WifiService(  991): WifiService starting up with Wi-Fi AP enabled
01-01 20:00:15.948 D/WifiP2pService(  991): P2pDisabledState{ what=331907 when=0 }
01-01 20:00:15.952 I/SystemServer(  991): Throttle Service
01-01 20:00:15.952 I/SystemServer(  991): Mount Service
01-01 20:00:15.956 D/MountService(  991): got storage path: /mnt/sdcard description: USB 存储器 primary: true removable: false emulated: false mtpReserve: 0 allowMassStorage: false maxFileSize: 0
01-01 20:00:15.956 D/MountService(  991): mExternalStoragePath:/mnt/sdcard
01-01 20:00:15.964 V/EthernetMonitor(  991): get event 
01-01 20:00:15.964 V/EthernetMonitor(  991): go poll events
01-01 20:00:15.964 I/SystemServer(  991): Notification Manager
01-01 20:00:15.968 I/SystemServer(  991): Device Storage Monitor
01-01 20:00:15.996 I/SystemServer(  991): Location Manager
01-01 20:00:16.000 I/SystemServer(  991): Country Detector
01-01 20:00:16.000 I/SystemServer(  991): Search Service
01-01 20:00:16.000 I/SystemServer(  991): DropBox Service
01-01 20:00:16.000 I/SystemServer(  991): Wallpaper Service
01-01 20:00:16.012 I/SystemServer(  991): Audio Service
01-01 20:00:16.020 D/VoldCmdListener(  738): volume list
01-01 20:00:16.208 I/SystemServer(  991): Camera Observer
01-01 20:00:16.208 I/SystemServer(  991): Microphone Observer
01-01 20:00:16.208 I/SystemServer(  991): Wired Accessory Observer
01-01 20:00:16.208 I/SystemServer(  991): USB Service
01-01 20:00:16.208 I/SystemServer(  991): UI Mode Manager Service
01-01 20:00:16.212 I/SystemServer(  991): Backup Service
01-01 20:00:16.404 V/BackupManagerService(  991): Initializing package tracking
01-01 20:00:16.404 V/BackupManagerService(  991): No ancestral data
01-01 20:00:16.520 V/BackupManagerService(  991): addPackageParticipantsLocked: all
01-01 20:00:16.520 I/BackupManagerService(  991): New app android never backed up; scheduling
01-01 20:00:16.520 I/BackupManagerService(  991): New app com.android.browser never backed up; scheduling
01-01 20:00:16.520 I/BackupManagerService(  991): New app com.android.providers.settings never backed up; scheduling
01-01 20:00:16.524 I/BackupManagerService(  991): New app com.android.providers.userdictionary never backed up; scheduling
01-01 20:00:16.524 I/BackupManagerService(  991): New app com.android.sharedstoragebackup never backed up; scheduling
01-01 20:00:16.524 V/BackupManagerService(  991): Registering transport android/com.android.internal.backup.LocalTransport = com.android.internal.backup.LocalTransport@414d82a8
01-01 20:00:16.524 V/BackupManagerService(  991): Starting with transport android/com.android.internal.backup.LocalTransport
01-01 20:00:16.524 V/BackupManagerService(  991): Google transport not present
01-01 20:00:16.524 I/BackupManagerService(  991): Backup enabled => false
01-01 20:00:16.524 I/BackupManagerService(  991): Opting out of backup
01-01 20:00:16.528 I/SystemServer(  991): AppWidget Service
01-01 20:00:16.528 I/SystemServer(  991): Recognition Service
01-01 20:00:16.528 I/SystemServer(  991): DiskStats Service
01-01 20:00:16.528 I/SystemServer(  991): SamplingProfiler Service
01-01 20:00:16.532 I/SystemServer(  991): NetworkTimeUpdateService
01-01 20:00:16.544 D/PowerManagerService(  991): system ready!
01-01 20:00:16.552 I/ActivityManager(  991): System now ready
01-01 20:00:16.552 I/SystemServer(  991): Making services ready
01-01 20:00:16.728 I/ActivityManager(  991): Start proc com.mstar.dbprovider for content provider com.mstar.dbprovider/.MstTvUserSettingProvider: pid=1123 uid=10017 gids={}
01-01 20:00:16.848 V/EthernetMonitor(  991): get event 
01-01 20:00:16.848 V/EthernetMonitor(  991): go poll events
01-01 20:00:16.852 V/EthernetMonitor(  991): get event 
01-01 20:00:16.852 V/EthernetMonitor(  991): go poll events
01-01 20:00:16.872 V/EthernetMonitor(  991): get event 
01-01 20:00:16.876 V/EthernetMonitor(  991): go poll events
01-01 20:00:16.984 I/ActivityManager(  991): Start proc com.coship.Multimedia for broadcast com.coship.Multimedia/.view.BootCompletedReceiver: pid=1141 uid=1000 gids={3003, 1015, 3002, 3001, 3004}
01-01 20:00:17.004 D/SystemServer(  991): Starting service: Intent { cmp=com.android.systemui/.SystemUIService }
01-01 20:00:17.020 I/ActivityManager(  991): Start proc com.android.systemui for service com.android.systemui/.SystemUIService: pid=1152 uid=1000 gids={3003, 1015, 3002, 3001, 3004}
01-01 20:00:17.020 D/NetworkManagementService(  991): enabling bandwidth control
01-01 20:00:17.408 D/SystemUIService( 1152): loading: class com.android.systemui.statusbar.tablet.TabletStatusBar
01-01 20:00:17.412 D/SystemUIService( 1152): running: com.android.systemui.statusbar.tablet.TabletStatusBar@413b1fe8
01-01 20:00:17.560 W/ActivityManager(  991): Permission Denial: broadcasting Intent { act=android.net.conn.TETHER_STATE_CHANGED flg=0x30000000 (has extras) } from null (pid=-1, uid=-1) requires android.permission.CONNECTIVITY_INTERNAL due to registered receiver BroadcastFilter{415e66f0 ReceiverList{415e68d0 991 system/1000 local:415e7680}}
01-01 20:00:17.560 D/NetworkManagementService(  991): Registering observer
01-01 20:00:17.580 D/NetworkManagementService(  991): Registering observer
01-01 20:00:17.584 I/ActivityManager(  991): Config changed: {1.0 0mcc0mnc zh_CN layoutdir=0 sw720dp w1280dp h720dp xlrg long land -touch -keyb/v/h -nav/h s.3}
01-01 20:00:17.592 W/RecognitionManagerService(  991): no available voice recognition services found
01-01 20:00:17.628 W/InputManagerService(  991): Ignoring setImeWindowStatus of uid 1000 token: null
01-01 20:00:17.656 I/ActivityManager(  991): Start proc com.android.inputmethod.pinyin for service com.android.inputmethod.pinyin/.PinyinIME: pid=1209 uid=10020 gids={3003}
01-01 20:00:17.684 D/NetworkManagementService(  991): Registering observer
01-01 20:00:17.692 I/SystemServer(  991): SIP Service
01-01 20:00:17.800 W/ThrottleService(  991): unable to find stats for iface rmnet0
01-01 20:00:17.916 I/ActivityManager(  991): Start proc com.google.process.gapps for service com.google.android.location/.NetworkLocationService: pid=1232 uid=10012 gids={3003, 1015, 2001, 1007}
01-01 20:00:17.940 I/ActivityManager(  991): Start proc com.fiship.cibn for added application com.fiship.cibn: pid=1251 uid=10005 gids={3003, 1015}
01-01 20:00:17.988 I/ActivityManager(  991): Start proc com.coship.stpservice for added application com.coship.stpservice: pid=1267 uid=1000 gids={3003, 1015, 3002, 3001, 3004}
01-01 20:00:18.024 I/ActivityManager(  991): Start proc com.coship.sdp.sce.tvappstore for added application com.coship.sdp.sce.tvappstore: pid=1278 uid=1000 gids={3003, 1015, 3002, 3001, 3004}
01-01 20:00:18.084 I/ActivityManager(  991): Start proc com.coship.easycontrolime for added application com.coship.easycontrolime: pid=1293 uid=10011 gids={3003}
01-01 20:00:18.148 I/ActivityManager(  991): Start proc com.coship.netfirmware for added application com.coship.netfirmware: pid=1306 uid=1000 gids={3003, 1015, 3002, 3001, 3004}
01-01 20:00:18.148 D/ActivityManager(  991): propValue:2
01-01 20:00:18.180 D/ActivityManager(  991): start launcher......
01-01 20:00:18.180 I/ActivityManager(  991): START {act=android.intent.action.MAIN cat=[android.intent.category.HOME] flg=0x10000000 cmp=com.fiship.cibn/.MainActivity} from pid 0
01-01 20:00:18.188 I/SystemServer(  991): Enabled StrictMode for system server main thread.
01-01 20:00:18.204 I/EthernetStateTracker(  991): received interface reset event
01-01 20:00:18.204 I/EthernetStateTracker(  991): reset device eth0
01-01 20:00:18.280 I/EthernetStateTracker(  991): trigger dhcp for device eth0
01-01 20:00:18.280 D/NetworkManagementService(  991): rsp <213 a4:a8:20:13:03:6e 0.0.0.0 0 [up broadcast running multicast]>
01-01 20:00:18.284 D/NetworkManagementService(  991): flags <[up broadcast running multicast]>
01-01 20:00:18.284 V/EthernetMonitor(  991): get event 
01-01 20:00:18.284 V/EthernetMonitor(  991): go poll events
01-01 20:00:18.488 D/ConnectivityService(  991): special network not available
01-01 20:00:18.688 I/StatusBar.HeightReceiver( 1152): Resizing status bar plugged=false height=48 old=0
01-01 20:00:19.540 W/ActivityThread( 1232): ClassLoader.loadClass: The class loader returned by Thread.getContextClassLoader() may fail for processes that host multiple applications. You should explicitly specify a context class loader. For example: Thread.setContextClassLoader(getClass().getClassLoader());
01-01 20:00:19.636 W/MountService(  991): getVolumeState(/mnt/sdcard): Unknown volume
01-01 20:00:19.652 W/MountService(  991): getVolumeState(/mnt/sdcard): Unknown volume
01-01 20:00:20.808 I/StatusBarManagerService(  991): registerStatusBar bar=com.android.internal.statusbar.IStatusBar$Stub$Proxy@416439b8
01-01 20:00:21.024 D/SystemUIService( 1152): loading: class com.android.systemui.power.PowerUI
01-01 20:00:21.024 D/SystemUIService( 1152): running: com.android.systemui.power.PowerUI@4165dcf0
01-01 20:00:21.036 I/StatusBar.HeightReceiver( 1152): Resizing status bar plugged=false height=48 old=48
01-01 20:00:21.052 I/StatusBar.HeightReceiver( 1152): Resizing status bar plugged=false height=48 old=48
01-01 20:00:21.188 D/WifiService(  991): New client listening to asynchronous messages
01-01 20:00:21.664 I/ActivityManager(  991): Start proc com.android.phone for content provider com.android.providers.telephony/.TelephonyProvider: pid=1358 uid=1001 gids={1015}
01-01 20:00:25.644 D/PowerManagerService(  991): bootCompleted
01-01 20:00:25.648 V/DevicePolicyManagerService(  991): Sending password expiration notifications for action android.intent.action.BOOT_COMPLETED
01-01 20:00:25.756 I/ActivityManager(  991): Start proc com.android.contacts for broadcast com.android.contacts/.calllog.CallLogReceiver: pid=1396 uid=10001 gids={3003, 1015}
01-01 20:00:25.760 V/WiredAccessoryObserver(  991): init()
01-01 20:00:25.776 W/WiredAccessoryObserver(  991): This kernel does not have wired headset support
01-01 20:00:25.780 W/WiredAccessoryObserver(  991): This kernel does not have wired headset support
01-01 20:00:25.784 W/WiredAccessoryObserver(  991): This kernel does not have wired headset support
01-01 20:00:26.708 I/ActivityManager(  991): Start proc com.coship.HS for broadcast com.coship.HS/.AutoStartReceiver: pid=1427 uid=1000 gids={3003, 1015, 3002, 3001, 3004}
01-01 20:00:26.920 I/ActivityManager(  991): Start proc android.process.acore for content provider com.android.providers.contacts/.CallLogProvider: pid=1469 uid=10001 gids={3003, 1015}
01-01 20:00:29.676 I/ActivityManager(  991): Start proc android.process.media for content provider com.android.providers.downloads/.DownloadProvider: pid=1506 uid=10010 gids={1015, 1023, 1024, 2001, 3003, 3007}
01-01 20:00:29.676 I/MicrophoneObserver(  991): Microphone PLUG_IN
01-01 20:00:29.680 V/EthernetMonitor(  991): get event eth0:16:
01-01 20:00:29.680 V/EthernetMonitor(  991): dev: eth0 ev 16
01-01 20:00:29.680 V/EthernetStateTracker(  991): report interface is up for eth0
01-01 20:00:29.680 V/EthernetMonitor(  991): go poll events
01-01 20:00:29.680 I/EthernetStateTracker(  991): received interface up event, kick off connection request
01-01 20:00:29.956 I/EthernetStateTracker(  991): IntentBroadcast, event=5
01-01 20:00:29.956 I/EthernetStateTracker(  991): reset device eth0
01-01 20:00:30.028 I/EthernetStateTracker(  991): trigger dhcp for device eth0
01-01 20:00:30.064 I/ActivityManager(  991): Start proc com.android.providers.calendar for broadcast com.android.providers.calendar/.CalendarReceiver: pid=1526 uid=10006 gids={3003, 1015}
01-01 20:00:30.100 E/EthernetStateTracker(  991): DhcpHandler: DHCP request failed: DHCP result was failed
01-01 20:00:30.592 W/MountService(  991): getVolumeState(/mnt/sdcard): Unknown volume
01-01 20:00:31.460 I/ActivityManager(  991): Start proc com.coship.cw880 for broadcast com.coship.cw880/.BootCw880Recive: pid=1553 uid=1000 gids={3003, 1015, 3002, 3001, 3004}
01-01 20:00:31.552 D/EthernetStateTracker(  991): DhcpHandler: DHCP request started
01-01 20:00:31.844 I/EthernetStateTracker(  991): configureInterfaceAutoIP : ipaddr 169.254.1.43 gateway 0.0.0.0 netmask 255.255.0.0 dns1 0.0.0.0 dns2 0.0.0.0 DHCP server 0.0.0.0 lease 0 seconds
01-01 20:00:31.844 V/EthernetMonitor(  991): get event eth0:20:
01-01 20:00:31.844 V/EthernetMonitor(  991): dev: eth0 ev 20
01-01 20:00:31.844 I/EthernetStateTracker(  991): report new state CONNECTED on dev eth0
01-01 20:00:31.844 V/EthernetStateTracker(  991): update network state tracker
01-01 20:00:31.856 V/EthernetStateTracker(  991): configureInterfaceAutoIP succeeded
01-01 20:00:31.880 V/EthernetMonitor(  991): go poll events
01-01 20:00:31.880 I/EthernetStateTracker(  991): received HW connected, stack=false CC=true
01-01 20:00:32.180 I/ActivityManager(  991): START {flg=0x10000000 cmp=com.google.android.gsf/.update.SystemUpdateInstallDialog} from pid 1232
01-01 20:00:32.372 I/ActivityManager(  991): Start proc com.android.settings for broadcast com.android.settings/.SettingGlobalReceiver: pid=1590 uid=1000 gids={3003, 1015, 3002, 3001, 3004}
01-01 20:00:32.960 I/ActivityManager(  991): Start proc com.coship.changetheaudiooutput for broadcast com.coship.changetheaudiooutput/.BootCompletedReceiver: pid=1605 uid=10028 gids={3002, 3001, 3004}
01-01 20:00:33.064 W/InputManagerService(  991): Window already focused, ignoring focus gain of: com.android.internal.view.IInputMethodClient$Stub$Proxy@416ea048
01-01 20:00:34.232 I/ActivityManager(  991): Start proc com.trinitigame.android.kkjsdfsnfjr for broadcast com.trinitigame.android.kkjsdfsnfjr/com.baitui.BootReceiver: pid=1624 uid=10036 gids={3003, 1015}
01-01 20:00:34.776 W/MountService(  991): getVolumeState(/mnt/sdcard): Unknown volume
01-01 20:00:34.800 I/ActivityManager(  991): Start proc com.game.SkaterBoyword for broadcast com.game.SkaterBoyword/net.iusys828.AdPushReceiver: pid=1641 uid=10039 gids={3003, 1015}
01-01 20:00:35.816 W/MountService(  991): getVolumeState(/mnt/sdcard): Unknown volume
01-01 20:00:36.596 I/ActivityManager(  991): Start proc net.osaris.turbofly for broadcast net.osaris.turbofly/net.crazymedia.iad.AdPushReceiver: pid=1663 uid=10044 gids={3003, 1015}
01-01 20:00:36.812 W/MountService(  991): getVolumeState(/mnt/sdcard): Unknown volume
01-01 20:00:36.964 I/ActivityManager(  991): Start proc com.qiyi.video for broadcast com.qiyi.video/.service.BootCompletedReceiver: pid=1677 uid=10049 gids={3003, 1015}
01-01 20:00:37.272 V/EthernetMonitor(  991): get event eth0:21:
01-01 20:00:37.272 V/EthernetMonitor(  991): dev: eth0 ev 21
01-01 20:00:37.272 V/EthernetStateTracker(  991): report address is removed for eth0
01-01 20:00:37.272 V/EthernetMonitor(  991): go poll events
01-01 20:00:37.272 I/EthernetStateTracker(  991): received interface address remove event
01-01 20:00:37.272 V/EthernetMonitor(  991): get event eth0:20:
01-01 20:00:37.272 V/EthernetMonitor(  991): dev: eth0 ev 20
01-01 20:00:37.272 I/EthernetStateTracker(  991): report new state CONNECTED on dev eth0
01-01 20:00:37.272 V/EthernetStateTracker(  991): update network state tracker
01-01 20:00:37.372 I/ActivityManager(  991): Start proc com.biaoqi.stbwidget.host for broadcast com.biaoqi.stbwidget.host/.NetworkStatusChangeReceiver: pid=1694 uid=10027 gids={3003}
01-01 20:00:37.376 V/EthernetStateTracker(  991): getEthernetIPAddr : 192.168.2.19
01-01 20:00:37.376 V/EthernetStateTracker(  991): configureInterfaceAutoIP skip!!
01-01 20:00:37.628 I/EthernetStateTracker(  991): received HW connected, stack=true CC=true
01-01 20:00:37.628 V/EthernetMonitor(  991): go poll events
01-01 20:00:37.668 D/EthernetStateTracker(  991): DhcpHandler: DHCP request succeeded: addr: 192.168.2.19/24 mRoutes: 0.0.0.0/0 -> 192.168.2.1 |  dns: 192.168.2.1,192.168.99.5 dhcpServer: 192.168.2.1 leaseDuration: 3600
01-01 20:00:38.100 I/EthernetStateTracker(  991): received configured succeeded, stack=true CC=true
01-01 20:00:38.100 I/EthernetStateTracker(  991): IntentBroadcast, event=1
01-01 20:00:38.100 D/ConnectivityService(  991): ConnectivityChange for ETH: CONNECTED/CONNECTED
05-29 19:59:58.643 I/ActivityManager(  991): Process com.coship.sdp.sce.tvappstore (pid 1278) has died.
05-29 19:59:58.643 W/ActivityManager(  991): Scheduling restart of crashed service com.coship.sdp.sce.tvappstore/.app.service.AppStoreCoreService in 1250ms
05-29 19:59:58.682 I/ActivityManager(  991): Start proc com.coship.sdp.sce.tvappstore for restart com.coship.sdp.sce.tvappstore: pid=1783 uid=1000 gids={3003, 1015, 3002, 3001, 3004}
05-29 19:59:59.234 W/MountService(  991): getVolumeState(/mnt/sdcard): Unknown volume
05-29 19:59:59.282 W/MountService(  991): getVolumeState(/mnt/sdcard): Unknown volume
05-29 20:00:00.954 W/MountService(  991): getVolumeState(/mnt/sdcard): Unknown volume
05-29 20:00:01.014 D/ConnectivityService(  991): handleInetConditionHoldEnd: net=9, condition=0, published condition=0
05-29 20:00:01.158 W/MountService(  991): getVolumeState(/mnt/sdcard): Unknown volume
05-29 20:00:01.571 W/MountService(  991): getVolumeState(/mnt/sdcard): Unknown volume
--------- beginning of /dev/log/main
05-29 20:00:16.794 D/dalvikvm( 1232): GC_CONCURRENT freed 417K, 70% free 1779K/5891K, paused 1ms+2ms
05-29 20:00:16.802 I/CheckinService( 1232): Preparing to send checkin request
05-29 20:00:16.802 I/EventLogService( 1232): Accumulating logs since 1369828806286
05-29 20:00:16.826 W/CheckinRequestBuilder( 1232): Unknown phone type: 0 id=null
05-29 20:00:16.871 I/CheckinTask( 1232): Sending checkin request (1018 bytes)
05-29 20:00:17.222 E/CheckinTask( 1232): Checkin failed: https://android.clients.google.com/checkin (request #0)
05-29 20:00:17.222 E/CheckinTask( 1232): java.io.IOException: Rejected response from server: HTTP/1.1 400 invalid hardware identifier: "000000000000" is not a valid MAC address (expect 12 hex digits)
05-29 20:00:17.222 E/CheckinTask( 1232):        at com.google.android.gsf.checkin.CheckinTask.parseResponse(CheckinTask.java:313)
05-29 20:00:17.222 E/CheckinTask( 1232):        at com.google.android.gsf.checkin.CheckinTask.sendRequest(CheckinTask.java:261)
05-29 20:00:17.222 E/CheckinTask( 1232):        at com.google.android.gsf.checkin.CheckinTask.doInBackground(CheckinTask.java:150)
05-29 20:00:17.222 E/CheckinTask( 1232):        at com.google.android.gsf.checkin.CheckinService$1.doInBackground(CheckinService.java:221)
05-29 20:00:17.222 E/CheckinTask( 1232):        at com.google.android.gsf.checkin.CheckinService$1.doInBackground(CheckinService.java:214)
05-29 20:00:17.222 E/CheckinTask( 1232):        at android.os.AsyncTask$2.call(AsyncTask.java:264)
05-29 20:00:17.222 E/CheckinTask( 1232):        at java.util.concurrent.FutureTask$Sync.innerRun(FutureTask.java:305)
05-29 20:00:17.222 E/CheckinTask( 1232):        at java.util.concurrent.FutureTask.run(FutureTask.java:137)
05-29 20:00:17.222 E/CheckinTask( 1232):        at java.util.concurrent.ThreadPoolExecutor.runWorker(ThreadPoolExecutor.java:1076)
05-29 20:00:17.222 E/CheckinTask( 1232):        at java.util.concurrent.ThreadPoolExecutor$Worker.run(ThreadPoolExecutor.java:569)
05-29 20:00:17.222 E/CheckinTask( 1232):        at java.lang.Thread.run(Thread.java:856)
05-29 20:00:17.562 D/dalvikvm(  991): GC_CONCURRENT freed 758K, 57% free 3532K/8195K, paused 3ms+3ms
05-29 20:00:19.662 D/dalvikvm( 1141): GC_CONCURRENT freed 392K, 78% free 1319K/5763K, paused 1ms+1ms
05-29 20:00:19.830 D/dalvikvm( 1141): GC_CONCURRENT freed 394K, 76% free 1424K/5763K, paused 2ms+1ms
05-29 20:00:19.943 D/Cw880jni( 1553): ==>>CW880 JNI  reboot cw880 over
05-29 20:00:19.943 I/MonitorCw880( 1553): SystemPropertiesClass:class android.os.SystemProperties
05-29 20:00:19.943 W/MonitorCw880( 1553): ~~~~~~~~~~~~~~~~~~~~~~method:public static void android.os.SystemProperties.set(java.lang.String,java.lang.String)
05-29 20:00:19.943 W/MonitorCw880( 1553): setProperties sys.cw880.ready return value:null
05-29 20:00:19.943 D/MonitorCw880( 1553): CW880Boot() ->end, returnCode=0
05-29 20:00:20.003 D/dalvikvm( 1141): GC_CONCURRENT freed 513K, 76% free 1402K/5763K, paused 0ms+1ms
05-29 20:00:20.270 D/dalvikvm( 1141): GC_CONCURRENT freed 486K, 76% free 1424K/5763K, paused 2ms+1ms
05-29 20:00:20.418 D/dalvikvm( 1141): GC_CONCURRENT freed 491K, 78% free 1320K/5763K, paused 1ms+1ms
05-29 20:00:20.562 D/dalvikvm( 1141): GC_CONCURRENT freed 395K, 78% free 1319K/5763K, paused 1ms+2ms
05-29 20:00:20.702 D/dalvikvm( 1141): GC_CONCURRENT freed 392K, 78% free 1319K/5763K, paused 1ms+1ms
05-29 20:00:20.838 D/dalvikvm( 1141): GC_CONCURRENT freed 392K, 78% free 1319K/5763K, paused 1ms+1ms
05-29 20:00:20.978 D/dalvikvm( 1141): GC_CONCURRENT freed 393K, 78% free 1319K/5763K, paused 0ms+1ms
05-29 20:00:21.230 D/dalvikvm( 1141): GC_CONCURRENT freed 404K, 78% free 1316K/5763K, paused 1ms+1ms
05-29 20:00:21.366 D/dalvikvm( 1141): GC_CONCURRENT freed 395K, 78% free 1314K/5763K, paused 1ms+1ms
05-29 20:00:21.518 D/dalvikvm( 1141): GC_CONCURRENT freed 392K, 78% free 1315K/5763K, paused 1ms+1ms
05-29 20:00:21.666 D/dalvikvm( 1141): GC_CONCURRENT freed 393K, 78% free 1307K/5763K, paused 1ms+1ms
05-29 20:00:21.815 D/dalvikvm( 1141): GC_CONCURRENT freed 394K, 78% free 1315K/5763K, paused 1ms+1ms
05-29 20:00:21.942 W/WimoApp ( 1553): Q to be created is for module index:23,pid=1553
05-29 20:00:21.942 W/WimoApp ( 1553): Q_Addr is:0x1001701
05-29 20:00:21.942 W/WimoApp ( 1553): 
05-29 20:00:21.942 W/WimoApp ( 1553):  [U_MSGQ]create msgq for module(id=23) succeed!
05-29 20:00:21.942 W/WimoApp ( 1553): 
05-29 20:00:21.942 W/WimoApp ( 1553):  [WIM_M]send MODULE_HEART_BEAT_CHECK toMODULE(21) succeed!
05-29 20:00:21.954 W/WimoApp ( 1553): 
05-29 20:00:21.954 W/WimoApp ( 1553):  [APK]Received MODULE_HEART_BEAT_REPLY msg!
05-29 20:00:21.954 D/MonitorCw880( 1553): CreateCw880BootThread ->  Cw880 api is startuped, reboot is ok 
05-29 20:00:21.966 D/dalvikvm( 1141): GC_CONCURRENT freed 393K, 78% free 1315K/5763K, paused 1ms+1ms
05-29 20:00:22.115 D/dalvikvm( 1141): GC_CONCURRENT freed 406K, 77% free 1365K/5763K, paused 1ms+1ms
05-29 20:00:22.386 D/dalvikvm( 1141): GC_CONCURRENT freed 442K, 77% free 1374K/5763K, paused 3ms+1ms
05-29 20:00:22.530 D/dalvikvm( 1141): GC_CONCURRENT freed 450K, 78% free 1319K/5763K, paused 0ms+1ms
05-29 20:00:22.667 D/dalvikvm( 1141): GC_CONCURRENT freed 394K, 78% free 1319K/5763K, paused 1ms+1ms
05-29 20:00:22.806 D/dalvikvm( 1141): GC_CONCURRENT freed 393K, 78% free 1319K/5763K, paused 1ms+1ms
05-29 20:00:22.946 D/dalvikvm( 1141): GC_CONCURRENT freed 393K, 78% free 1319K/5763K, paused 1ms+1ms
05-29 20:00:23.078 D/dalvikvm( 1141): GC_CONCURRENT freed 393K, 78% free 1319K/5763K, paused 1ms+1ms
05-29 20:00:23.214 D/dalvikvm( 1141): GC_CONCURRENT freed 393K, 78% free 1319K/5763K, paused 0ms+1ms
05-29 20:00:23.462 D/dalvikvm( 1141): GC_CONCURRENT freed 401K, 78% free 1308K/5763K, paused 1ms+1ms
05-29 20:00:23.610 D/dalvikvm( 1141): GC_CONCURRENT freed 396K, 78% free 1314K/5763K, paused 1ms+1ms
05-29 20:00:23.759 D/dalvikvm( 1141): GC_CONCURRENT freed 394K, 78% free 1315K/5763K, paused 1ms+1ms
05-29 20:00:23.910 D/dalvikvm( 1141): GC_CONCURRENT freed 394K, 76% free 1429K/5763K, paused 0ms+1ms
05-29 20:00:24.059 D/dalvikvm( 1141): GC_CONCURRENT freed 514K, 77% free 1339K/5763K, paused 1ms+1ms
05-29 20:00:24.311 D/dalvikvm( 1141): GC_CONCURRENT freed 427K, 76% free 1420K/5763K, paused 0ms+1ms
05-29 20:00:24.462 D/dalvikvm( 1141): GC_CONCURRENT freed 505K, 76% free 1416K/5763K, paused 1ms+1ms
05-29 20:00:24.606 D/dalvikvm( 1141): GC_CONCURRENT freed 488K, 78% free 1325K/5763K, paused 1ms+1ms
05-29 20:00:24.858 D/dalvikvm( 1141): GC_CONCURRENT freed 414K, 76% free 1420K/5763K, paused 1ms+1ms
05-29 20:00:25.010 D/dalvikvm( 1141): GC_CONCURRENT freed 504K, 76% free 1421K/5763K, paused 0ms+1ms
05-29 20:00:25.154 D/dalvikvm( 1141): GC_CONCURRENT freed 486K, 78% free 1325K/5763K, paused 1ms+1ms
05-29 20:00:25.326 D/dalvikvm( 1141): GC_CONCURRENT freed 401K, 75% free 1458K/5763K, paused 1ms+1ms
05-29 20:00:25.334 D/HomePlayerLib( 1141): hostaddress count is 2
05-29 20:00:25.370 D/dalvikvm( 1141): GC_CONCURRENT freed 539K, 76% free 1405K/5763K, paused 1ms+1ms
05-29 20:00:25.427 D/dalvikvm( 1141): GC_CONCURRENT freed 488K, 76% free 1428K/5763K, paused 1ms+1ms
05-29 20:00:25.478 D/dalvikvm( 1141): GC_CONCURRENT freed 519K, 76% free 1437K/5763K, paused 1ms+1ms
05-29 20:00:25.566 D/dalvikvm( 1141): GC_CONCURRENT freed 522K, 76% free 1407K/5763K, paused 0ms+1ms
05-29 20:00:25.658 D/dalvikvm( 1141): GC_CONCURRENT freed 476K, 78% free 1322K/5763K, paused 1ms+0ms
05-29 20:00:25.715 D/dalvikvm( 1141): GC_CONCURRENT freed 391K, 78% free 1322K/5763K, paused 1ms+1ms
05-29 20:00:25.866 D/dalvikvm( 1141): GC_CONCURRENT freed 393K, 76% free 1410K/5763K, paused 0ms+1ms
05-29 20:00:26.003 D/dalvikvm( 1141): GC_CONCURRENT freed 522K, 76% free 1397K/5763K, paused 1ms+1ms
05-29 20:00:26.099 D/dalvikvm( 1141): GC_CONCURRENT freed 476K, 78% free 1307K/5763K, paused 1ms+1ms
05-29 20:00:26.150 D/dalvikvm( 1141): GC_CONCURRENT freed 372K, 76% free 1414K/5763K, paused 1ms+1ms
05-29 20:00:26.195 D/dalvikvm( 1141): GC_CONCURRENT freed 483K, 77% free 1326K/5763K, paused 1ms+1ms
05-29 20:00:26.334 D/dalvikvm( 1141): GC_CONCURRENT freed 412K, 76% free 1422K/5763K, paused 1ms+1ms
05-29 20:00:26.430 D/dalvikvm( 1141): GC_CONCURRENT freed 502K, 76% free 1411K/5763K, paused 1ms+1ms
05-29 20:00:26.462 D/dalvikvm( 1141): GC_CONCURRENT freed 487K, 77% free 1327K/5763K, paused 0ms+1ms
05-29 20:00:26.694 D/dalvikvm( 1141): GC_CONCURRENT freed 404K, 78% free 1320K/5763K, paused 1ms+2ms
05-29 20:00:26.843 D/dalvikvm( 1141): GC_CONCURRENT freed 408K, 78% free 1316K/5763K, paused 1ms+1ms
05-29 20:00:26.994 D/dalvikvm( 1141): GC_CONCURRENT freed 396K, 78% free 1306K/5763K, paused 1ms+1ms
05-29 20:00:27.143 D/dalvikvm( 1141): GC_CONCURRENT freed 393K, 78% free 1306K/5763K, paused 1ms+1ms
05-29 20:00:27.290 D/dalvikvm( 1141): GC_CONCURRENT freed 392K, 78% free 1315K/5763K, paused 1ms+1ms
05-29 20:00:27.431 D/dalvikvm( 1141): GC_CONCURRENT freed 405K, 78% free 1319K/5763K, paused 1ms+1ms
05-29 20:00:27.570 D/dalvikvm( 1141): GC_CONCURRENT freed 393K, 78% free 1319K/5763K, paused 1ms+1ms
05-29 20:00:27.707 D/dalvikvm( 1141): GC_CONCURRENT freed 393K, 78% free 1320K/5763K, paused 1ms+1ms
05-29 20:00:27.954 D/dalvikvm( 1141): GC_CONCURRENT freed 403K, 78% free 1316K/5763K, paused 1ms+1ms
05-29 20:00:28.110 D/dalvikvm( 1141): GC_CONCURRENT freed 395K, 78% free 1305K/5763K, paused 1ms+1ms
05-29 20:00:28.283 D/dalvikvm( 1141): GC_CONCURRENT freed 393K, 76% free 1414K/5763K, paused 0ms+1ms
05-29 20:00:28.451 D/dalvikvm( 1141): GC_CONCURRENT freed 487K, 76% free 1406K/5763K, paused 1ms+5ms
05-29 20:00:28.698 D/dalvikvm( 1141): GC_CONCURRENT freed 483K, 76% free 1400K/5763K, paused 1ms+1ms
05-29 20:00:28.847 D/dalvikvm( 1141): GC_CONCURRENT freed 478K, 78% free 1306K/5763K, paused 1ms+0ms
05-29 20:00:28.994 D/dalvikvm( 1141): GC_CONCURRENT freed 394K, 76% free 1420K/5763K, paused 1ms+0ms
05-29 20:00:29.138 D/dalvikvm( 1141): GC_CONCURRENT freed 487K, 78% free 1325K/5763K, paused 1ms+1ms
05-29 20:00:29.382 D/dalvikvm( 1141): GC_CONCURRENT freed 405K, 78% free 1307K/5763K, paused 1ms+1ms
05-29 20:00:29.534 D/dalvikvm( 1141): GC_CONCURRENT freed 396K, 78% free 1297K/5763K, paused 1ms+1ms
05-29 20:00:29.682 D/dalvikvm( 1141): GC_CONCURRENT freed 365K, 75% free 1444K/5763K, paused 1ms+1ms
05-29 20:00:29.826 D/dalvikvm( 1141): GC_CONCURRENT freed 513K, 76% free 1407K/5763K, paused 1ms+1ms
05-29 20:00:30.074 D/dalvikvm( 1141): GC_CONCURRENT freed 485K, 76% free 1417K/5763K, paused 1ms+1ms
05-29 20:00:30.227 D/dalvikvm( 1141): GC_CONCURRENT freed 491K, 76% free 1402K/5763K, paused 1ms+1ms
05-29 20:00:30.374 D/dalvikvm( 1141): GC_CONCURRENT freed 475K, 77% free 1366K/5763K, paused 1ms+1ms
05-29 20:00:31.722 I//lib/ld-linux.so.3(  748): 6666
05-29 20:00:32.262 D/dalvikvm( 1232): GC_CONCURRENT freed 481K, 71% free 1733K/5955K, paused 2ms+2ms
05-29 20:00:32.279 I/CheckinService( 1232): Preparing to send checkin request
05-29 20:00:32.279 I/EventLogService( 1232): Accumulating logs since 1369828816810
05-29 20:00:32.294 W/CheckinRequestBuilder( 1232): Unknown phone type: 0 id=null
05-29 20:00:32.334 I/CheckinTask( 1232): Sending checkin request (1018 bytes)
05-29 20:00:32.687 E/CheckinTask( 1232): Checkin failed: https://android.clients.google.com/checkin (request #0)
05-29 20:00:32.687 E/CheckinTask( 1232): java.io.IOException: Rejected response from server: HTTP/1.1 400 invalid hardware identifier: "000000000000" is not a valid MAC address (expect 12 hex digits)
05-29 20:00:32.687 E/CheckinTask( 1232):        at com.google.android.gsf.checkin.CheckinTask.parseResponse(CheckinTask.java:313)
05-29 20:00:32.687 E/CheckinTask( 1232):        at com.google.android.gsf.checkin.CheckinTask.sendRequest(CheckinTask.java:261)
05-29 20:00:32.687 E/CheckinTask( 1232):        at com.google.android.gsf.checkin.CheckinTask.doInBackground(CheckinTask.java:150)
05-29 20:00:32.687 E/CheckinTask( 1232):        at com.google.android.gsf.checkin.CheckinService$1.doInBackground(CheckinService.java:221)
05-29 20:00:32.687 E/CheckinTask( 1232):        at com.google.android.gsf.checkin.CheckinService$1.doInBackground(CheckinService.java:214)
05-29 20:00:32.687 E/CheckinTask( 1232):        at android.os.AsyncTask$2.call(AsyncTask.java:264)
05-29 20:00:32.687 E/CheckinTask( 1232):        at java.util.concurrent.FutureTask$Sync.innerRun(FutureTask.java:305)
05-29 20:00:32.687 E/CheckinTask( 1232):        at java.util.concurrent.FutureTask.run(FutureTask.java:137)
05-29 20:00:32.687 E/CheckinTask( 1232):        at java.util.concurrent.ThreadPoolExecutor.runWorker(ThreadPoolExecutor.java:1076)
05-29 20:00:32.687 E/CheckinTask( 1232):        at java.util.concurrent.ThreadPoolExecutor$Worker.run(ThreadPoolExecutor.java:569)
05-29 20:00:32.687 E/CheckinTask( 1232):        at java.lang.Thread.run(Thread.java:856)
05-29 20:00:32.723 D/dalvikvm( 1232): GC_CONCURRENT freed 365K, 71% free 1775K/5955K, paused 1ms+2ms
05-29 20:00:33.746 D/dalvikvm( 1141): GC_CONCURRENT freed 444K, 78% free 1307K/5763K, paused 0ms+1ms
05-29 20:00:33.894 D/dalvikvm( 1141): GC_CONCURRENT freed 395K, 78% free 1314K/5763K, paused 1ms+1ms
05-29 20:00:34.050 D/dalvikvm( 1141): GC_CONCURRENT freed 394K, 77% free 1333K/5763K, paused 1ms+1ms
05-29 20:00:34.202 D/dalvikvm( 1141): GC_CONCURRENT freed 406K, 78% free 1319K/5763K, paused 1ms+1ms
05-29 20:00:34.374 D/dalvikvm( 1141): GC_CONCURRENT freed 392K, 76% free 1416K/5763K, paused 1ms+1ms
05-29 20:00:34.631 D/dalvikvm( 1141): GC_CONCURRENT freed 505K, 78% free 1309K/5763K, paused 1ms+1ms
05-29 20:00:34.787 D/dalvikvm( 1141): GC_CONCURRENT freed 385K, 78% free 1320K/5763K, paused 1ms+1ms
05-29 20:00:34.922 D/dalvikvm( 1141): GC_CONCURRENT freed 396K, 75% free 1441K/5763K, paused 1ms+1ms
05-29 20:00:34.955 D/dalvikvm( 1141): GC_CONCURRENT freed 514K, 78% free 1320K/5763K, paused 1ms+1ms
05-29 20:00:35.075 D/dalvikvm( 1141): GC_CONCURRENT freed 394K, 78% free 1321K/5763K, paused 1ms+1ms
05-29 20:00:35.123 D/dalvikvm( 1141): GC_CONCURRENT freed 393K, 78% free 1324K/5763K, paused 1ms+1ms
05-29 20:00:35.243 D/dalvikvm( 1141): GC_FOR_ALLOC freed 539K, 78% free 1297K/5763K, paused 10ms
05-29 20:00:35.270 D/dalvikvm( 1141): GC_CONCURRENT freed 9K, 75% free 1476K/5763K, paused 1ms+0ms
05-29 20:00:35.402 D/dalvikvm( 1141): GC_CONCURRENT freed 561K, 76% free 1424K/5763K, paused 0ms+1ms
05-29 20:00:35.462 D/dalvikvm( 1141): GC_CONCURRENT freed 493K, 78% free 1319K/5763K, paused 1ms+1ms
05-29 20:00:35.555 D/dalvikvm( 1141): GC_CONCURRENT freed 393K, 76% free 1425K/5763K, paused 1ms+1ms
05-29 20:00:35.675 D/dalvikvm( 1141): GC_CONCURRENT freed 516K, 78% free 1299K/5763K, paused 1ms+1ms
05-29 20:00:35.718 D/dalvikvm( 1141): GC_CONCURRENT freed 376K, 78% free 1318K/5763K, paused 1ms+1ms
05-29 20:00:35.826 D/dalvikvm( 1141): GC_CONCURRENT freed 395K, 74% free 1547K/5763K, paused 0ms+1ms
05-29 20:00:35.939 D/dalvikvm( 1141): GC_FOR_ALLOC freed 752K, 78% free 1301K/5763K, paused 10ms
05-29 20:00:35.963 D/dalvikvm( 1141): GC_CONCURRENT freed 9K, 76% free 1384K/5763K, paused 1ms+1ms
05-29 20:00:36.011 D/dalvikvm( 1141): GC_CONCURRENT freed 461K, 74% free 1509K/5763K, paused 1ms+1ms
05-29 20:00:36.150 D/dalvikvm( 1141): GC_CONCURRENT freed 571K, 78% free 1323K/5763K, paused 1ms+1ms
05-29 20:00:36.179 D/dalvikvm( 1141): GC_CONCURRENT freed 412K, 78% free 1310K/5763K, paused 1ms+1ms
05-29 20:00:36.314 D/dalvikvm( 1141): GC_CONCURRENT freed 397K, 78% free 1298K/5763K, paused 1ms+1ms
05-29 20:00:36.458 D/dalvikvm( 1141): GC_CONCURRENT freed 366K, 76% free 1401K/5763K, paused 1ms+1ms
05-29 20:00:36.707 D/dalvikvm( 1141): GC_CONCURRENT freed 485K, 78% free 1308K/5763K, paused 1ms+1ms
05-29 20:00:36.822 D/dalvikvm( 1141): GC_CONCURRENT freed 393K, 76% free 1422K/5763K, paused 0ms+0ms
05-29 20:00:36.834 D/HomePlayerLib( 1141): hostaddress count is 2
05-29 20:00:36.875 D/dalvikvm( 1141): GC_CONCURRENT freed 501K, 76% free 1433K/5763K, paused 1ms+1ms
05-29 20:00:36.923 D/dalvikvm( 1141): GC_CONCURRENT freed 518K, 76% free 1424K/5763K, paused 1ms+1ms
05-29 20:00:36.971 D/dalvikvm( 1141): GC_CONCURRENT freed 498K, 76% free 1414K/5763K, paused 1ms+1ms
05-29 20:00:37.103 D/dalvikvm( 1141): GC_CONCURRENT freed 495K, 76% free 1426K/5763K, paused 1ms+1ms
05-29 20:00:37.254 D/dalvikvm( 1141): GC_CONCURRENT freed 488K, 75% free 1449K/5763K, paused 1ms+1ms
05-29 20:00:37.322 D/dalvikvm( 1141): GC_CONCURRENT freed 514K, 77% free 1328K/5763K, paused 0ms+1ms
05-29 20:00:37.391 D/dalvikvm( 1141): GC_CONCURRENT freed 403K, 76% free 1435K/5763K, paused 1ms+1ms
05-29 20:00:37.451 D/dalvikvm( 1141): GC_CONCURRENT freed 513K, 78% free 1316K/5763K, paused 1ms+1ms
05-29 20:00:37.494 D/dalvikvm( 1141): GC_CONCURRENT freed 381K, 78% free 1321K/5763K, paused 1ms+1ms
05-29 20:00:37.547 D/dalvikvm( 1141): GC_CONCURRENT freed 391K, 78% free 1323K/5763K, paused 1ms+1ms
05-29 20:00:37.691 D/dalvikvm( 1141): GC_CONCURRENT freed 397K, 78% free 1313K/5763K, paused 1ms+1ms
05-29 20:00:37.734 D/dalvikvm( 1141): GC_CONCURRENT freed 375K, 77% free 1341K/5763K, paused 0ms+1ms
05-29 20:00:37.922 D/dalvikvm( 1141): GC_CONCURRENT freed 470K, 77% free 1381K/5763K, paused 1ms+1ms
05-29 20:00:37.991 D/dalvikvm( 1141): GC_CONCURRENT freed 461K, 76% free 1418K/5763K, paused 0ms+1ms
05-29 20:00:38.135 D/dalvikvm( 1141): GC_CONCURRENT freed 486K, 78% free 1324K/5763K, paused 1ms+1ms
05-29 20:00:38.378 D/dalvikvm( 1141): GC_CONCURRENT freed 410K, 78% free 1298K/5763K, paused 1ms+1ms
05-29 20:00:38.526 D/dalvikvm( 1141): GC_CONCURRENT freed 374K, 78% free 1317K/5763K, paused 1ms+1ms
05-29 20:00:38.666 D/dalvikvm( 1141): GC_CONCURRENT freed 394K, 78% free 1318K/5763K, paused 1ms+1ms
05-29 20:00:38.819 D/dalvikvm( 1141): GC_CONCURRENT freed 394K, 76% free 1424K/5763K, paused 0ms+1ms
05-29 20:00:38.963 D/dalvikvm( 1141): GC_CONCURRENT freed 501K, 77% free 1379K/5763K, paused 1ms+1ms
05-29 20:00:39.206 D/dalvikvm( 1141): GC_CONCURRENT freed 458K, 78% free 1307K/5763K, paused 1ms+1ms
05-29 20:00:39.359 D/dalvikvm( 1141): GC_CONCURRENT freed 397K, 76% free 1420K/5763K, paused 1ms+1ms
05-29 20:00:39.506 D/dalvikvm( 1141): GC_CONCURRENT freed 486K, 78% free 1320K/5763K, paused 1ms+1ms
05-29 20:00:39.647 D/dalvikvm( 1141): GC_CONCURRENT freed 393K, 78% free 1319K/5763K, paused 1ms+1ms
05-29 20:00:39.791 D/dalvikvm( 1141): GC_CONCURRENT freed 393K, 77% free 1365K/5763K, paused 1ms+1ms
05-29 20:00:40.043 D/dalvikvm( 1141): GC_CONCURRENT freed 444K, 78% free 1317K/5763K, paused 0ms+1ms
05-29 20:00:40.202 D/dalvikvm( 1141): GC_CONCURRENT freed 397K, 78% free 1314K/5763K, paused 1ms+1ms
05-29 20:00:40.358 D/dalvikvm( 1141): GC_CONCURRENT freed 394K, 78% free 1315K/5763K, paused 1ms+1ms
05-29 20:00:40.523 D/dalvikvm( 1141): GC_CONCURRENT freed 404K, 76% free 1416K/5763K, paused 1ms+0ms
05-29 20:00:40.667 D/dalvikvm( 1141): GC_CONCURRENT freed 500K, 77% free 1339K/5763K, paused 1ms+1ms
05-29 20:00:40.919 D/dalvikvm( 1141): GC_CONCURRENT freed 418K, 76% free 1416K/5763K, paused 1ms+1ms
05-29 20:00:41.063 D/dalvikvm( 1141): GC_CONCURRENT freed 488K, 78% free 1319K/5763K, paused 1ms+1ms
05-29 20:00:41.207 D/dalvikvm( 1141): GC_CONCURRENT freed 393K, 78% free 1319K/5763K, paused 1ms+1ms
05-29 20:00:41.346 D/dalvikvm( 1141): GC_CONCURRENT freed 393K, 78% free 1319K/5763K, paused 1ms+1ms
05-29 20:00:41.483 D/dalvikvm( 1141): GC_CONCURRENT freed 392K, 78% free 1319K/5763K, paused 0ms+1ms
05-29 20:00:41.627 D/dalvikvm( 1141): GC_CONCURRENT freed 393K, 78% free 1324K/5763K, paused 1ms+1ms
05-29 20:00:41.879 D/dalvikvm( 1141): GC_CONCURRENT freed 402K, 76% free 1390K/5763K, paused 1ms+1ms
05-29 20:00:42.030 D/dalvikvm( 1141): GC_CONCURRENT freed 476K, 76% free 1421K/5763K, paused 1ms+1ms
05-29 20:00:42.174 D/dalvikvm( 1141): GC_CONCURRENT freed 488K, 77% free 1366K/5763K, paused 1ms+1ms
05-29 20:00:42.426 D/dalvikvm( 1141): GC_CONCURRENT freed 445K, 76% free 1432K/5763K, paused 0ms+1ms
05-29 20:00:42.578 D/dalvikvm( 1141): GC_CONCURRENT freed 518K, 76% free 1422K/5763K, paused 0ms+1ms
05-29 20:00:44.846 D/dalvikvm( 1141): GC_CONCURRENT freed 486K, 78% free 1325K/5763K, paused 0ms+1ms
05-29 20:00:45.090 D/dalvikvm( 1141): GC_CONCURRENT freed 404K, 78% free 1307K/5763K, paused 1ms+1ms
05-29 20:00:45.242 D/dalvikvm( 1141): GC_CONCURRENT freed 395K, 78% free 1305K/5763K, paused 1ms+1ms
05-29 20:00:45.395 D/dalvikvm( 1141): GC_CONCURRENT freed 392K, 78% free 1306K/5763K, paused 1ms+1ms
05-29 20:00:45.546 D/dalvikvm( 1141): GC_CONCURRENT freed 393K, 78% free 1306K/5763K, paused 0ms+1ms
05-29 20:00:45.698 D/dalvikvm( 1141): GC_CONCURRENT freed 393K, 77% free 1332K/5763K, paused 1ms+1ms
05-29 20:00:45.851 D/dalvikvm( 1141): GC_CONCURRENT freed 406K, 76% free 1401K/5763K, paused 0ms+1ms
05-29 20:00:46.110 D/dalvikvm( 1141): GC_CONCURRENT freed 485K, 76% free 1391K/5763K, paused 1ms+1ms
05-29 20:00:46.271 D/dalvikvm( 1141): GC_CONCURRENT freed 478K, 76% free 1414K/5763K, paused 1ms+2ms
05-29 20:00:46.430 D/dalvikvm( 1141): GC_CONCURRENT freed 488K, 77% free 1366K/5763K, paused 1ms+1ms
05-29 20:00:47.762 V/NetFirmwareService( 1306): Network is connected!
05-29 20:00:48.486 D/HomePlayerLib( 1141): hostaddress count is 2
05-29 20:00:48.506 D/dalvikvm( 1141): GC_CONCURRENT freed 452K, 76% free 1418K/5763K, paused 1ms+1ms
05-29 20:00:48.551 D/dalvikvm( 1141): GC_CONCURRENT freed 508K, 78% free 1318K/5763K, paused 1ms+1ms
05-29 20:00:48.594 D/dalvikvm( 1141): GC_CONCURRENT freed 404K, 78% free 1306K/5763K, paused 1ms+1ms
05-29 20:00:48.630 D/dalvikvm( 1141): GC_CONCURRENT freed 378K, 78% free 1321K/5763K, paused 1ms+1ms
05-29 20:00:48.722 D/dalvikvm( 1141): GC_CONCURRENT freed 395K, 77% free 1379K/5763K, paused 1ms+1ms
05-29 20:00:48.854 D/dalvikvm( 1141): GC_CONCURRENT freed 451K, 78% free 1324K/5763K, paused 1ms+1ms
05-29 20:00:49.002 D/dalvikvm( 1141): GC_CONCURRENT freed 402K, 75% free 1495K/5763K, paused 0ms+1ms
05-29 20:00:49.151 D/dalvikvm( 1141): GC_CONCURRENT freed 568K, 78% free 1325K/5763K, paused 1ms+1ms
05-29 20:00:49.223 D/dalvikvm( 1141): GC_CONCURRENT freed 393K, 78% free 1319K/5763K, paused 1ms+1ms
05-29 20:00:49.259 D/dalvikvm( 1141): GC_CONCURRENT freed 407K, 78% free 1305K/5763K, paused 1ms+1ms
05-29 20:00:49.302 D/dalvikvm( 1141): GC_CONCURRENT freed 379K, 78% free 1310K/5763K, paused 1ms+1ms
05-29 20:00:49.458 D/dalvikvm( 1141): GC_CONCURRENT freed 392K, 76% free 1425K/5763K, paused 0ms+1ms
05-29 20:00:49.502 D/dalvikvm( 1141): GC_CONCURRENT freed 486K, 77% free 1327K/5763K, paused 0ms+1ms
05-29 20:00:49.703 D/dalvikvm( 1141): GC_CONCURRENT freed 403K, 75% free 1446K/5763K, paused 0ms+1ms
05-29 20:00:49.751 D/dalvikvm( 1141): GC_CONCURRENT freed 529K, 76% free 1422K/5763K, paused 1ms+1ms
05-29 20:00:49.898 D/dalvikvm( 1141): GC_CONCURRENT freed 488K, 77% free 1327K/5763K, paused 1ms+1ms
05-29 20:00:50.147 D/dalvikvm( 1141): GC_CONCURRENT freed 407K, 76% free 1416K/5763K, paused 1ms+1ms
05-29 20:00:50.294 D/dalvikvm( 1141): GC_CONCURRENT freed 489K, 78% free 1320K/5763K, paused 1ms+1ms
05-29 20:00:50.435 D/dalvikvm( 1141): GC_CONCURRENT freed 393K, 78% free 1319K/5763K, paused 1ms+1ms
05-29 20:00:50.586 D/dalvikvm( 1141): GC_CONCURRENT freed 393K, 78% free 1319K/5763K, paused 0ms+1ms
05-29 20:00:50.738 D/dalvikvm( 1141): GC_CONCURRENT freed 394K, 77% free 1365K/5763K, paused 1ms+1ms
05-29 20:00:50.987 D/dalvikvm( 1141): GC_CONCURRENT freed 443K, 78% free 1307K/5763K, paused 1ms+1ms
05-29 20:00:51.131 D/dalvikvm( 1141): GC_CONCURRENT freed 395K, 78% free 1305K/5763K, paused 1ms+1ms
05-29 20:00:51.287 D/dalvikvm( 1141): GC_CONCURRENT freed 394K, 76% free 1420K/5763K, paused 0ms+1ms
05-29 20:00:51.434 D/dalvikvm( 1141): GC_CONCURRENT freed 487K, 76% free 1407K/5763K, paused 1ms+1ms
05-29 20:00:51.686 D/dalvikvm( 1141): GC_CONCURRENT freed 485K, 76% free 1417K/5763K, paused 1ms+1ms
05-29 20:00:51.839 D/dalvikvm( 1141): GC_CONCURRENT freed 491K, 76% free 1416K/5763K, paused 1ms+0ms
05-29 20:00:51.983 D/dalvikvm( 1141): GC_CONCURRENT freed 502K, 77% free 1339K/5763K, paused 1ms+1ms
05-29 20:00:52.718 I/CheckinService( 1232): Preparing to send checkin request
05-29 20:00:52.718 I/EventLogService( 1232): Accumulating logs since 1369828832280
05-29 20:00:52.739 W/CheckinRequestBuilder( 1232): Unknown phone type: 0 id=null
05-29 20:00:52.778 I/CheckinTask( 1232): Sending checkin request (1018 bytes)
05-29 20:00:53.130 E/CheckinTask( 1232): Checkin failed: https://android.clients.google.com/checkin (request #0)
05-29 20:00:53.130 E/CheckinTask( 1232): java.io.IOException: Rejected response from server: HTTP/1.1 400 invalid hardware identifier: "000000000000" is not a valid MAC address (expect 12 hex digits)
05-29 20:00:53.130 E/CheckinTask( 1232):        at com.google.android.gsf.checkin.CheckinTask.parseResponse(CheckinTask.java:313)
05-29 20:00:53.130 E/CheckinTask( 1232):        at com.google.android.gsf.checkin.CheckinTask.sendRequest(CheckinTask.java:261)
05-29 20:00:53.130 E/CheckinTask( 1232):        at com.google.android.gsf.checkin.CheckinTask.doInBackground(CheckinTask.java:150)
05-29 20:00:53.130 E/CheckinTask( 1232):        at com.google.android.gsf.checkin.CheckinService$1.doInBackground(CheckinService.java:221)
05-29 20:00:53.130 E/CheckinTask( 1232):        at com.google.android.gsf.checkin.CheckinService$1.doInBackground(CheckinService.java:214)
05-29 20:00:53.130 E/CheckinTask( 1232):        at android.os.AsyncTask$2.call(AsyncTask.java:264)
05-29 20:00:53.130 E/CheckinTask( 1232):        at java.util.concurrent.FutureTask$Sync.innerRun(FutureTask.java:305)
05-29 20:00:53.130 E/CheckinTask( 1232):        at java.util.concurrent.FutureTask.run(FutureTask.java:137)
05-29 20:00:53.130 E/CheckinTask( 1232):        at java.util.concurrent.ThreadPoolExecutor.runWorker(ThreadPoolExecutor.java:1076)
05-29 20:00:53.130 E/CheckinTask( 1232):        at java.util.concurrent.ThreadPoolExecutor$Worker.run(ThreadPoolExecutor.java:569)
05-29 20:00:53.130 E/CheckinTask( 1232):        at java.lang.Thread.run(Thread.java:856)
05-29 20:00:53.159 D/dalvikvm( 1232): GC_CONCURRENT freed 432K, 71% free 1775K/5955K, paused 1ms+2ms
05-29 20:00:55.766 D/dalvikvm( 1141): GC_CONCURRENT freed 416K, 78% free 1307K/5763K, paused 1ms+1ms
05-29 20:00:55.919 D/dalvikvm( 1141): GC_CONCURRENT freed 396K, 76% free 1415K/5763K, paused 1ms+1ms
05-29 20:00:56.003 D/dalvikvm( 1141): GC_CONCURRENT freed 498K, 78% free 1314K/5763K, paused 1ms+1ms
05-29 20:00:56.070 D/dalvikvm( 1141): GC_CONCURRENT freed 392K, 78% free 1315K/5763K, paused 1ms+1ms
05-29 20:00:56.207 D/dalvikvm( 1141): GC_CONCURRENT freed 404K, 78% free 1319K/5763K, paused 1ms+1ms
05-29 20:00:56.454 D/dalvikvm( 1141): GC_CONCURRENT freed 403K, 78% free 1316K/5763K, paused 1ms+1ms
05-29 20:00:56.606 D/dalvikvm( 1141): GC_CONCURRENT freed 396K, 78% free 1314K/5763K, paused 1ms+1ms
05-29 20:00:56.742 D/dalvikvm( 1141): GC_CONCURRENT freed 394K, 78% free 1315K/5763K, paused 1ms+1ms
05-29 20:00:56.894 D/dalvikvm( 1141): GC_CONCURRENT freed 394K, 78% free 1315K/5763K, paused 1ms+1ms
05-29 20:00:57.042 D/dalvikvm( 1141): GC_CONCURRENT freed 394K, 78% free 1315K/5763K, paused 1ms+1ms
05-29 20:00:57.191 D/dalvikvm( 1141): GC_CONCURRENT freed 393K, 78% free 1307K/5763K, paused 1ms+1ms
