05-29 20:03:05.014 D/dalvikvm( 1232): GC_CONCURRENT freed 452K, 70% free 1831K/5955K, paused 2ms+3ms
05-29 20:03:05.115 E/CheckinTask( 1232): Checkin failed: https://android.clients.google.com/checkin (request #0)
05-29 20:03:05.115 E/CheckinTask( 1232): java.io.IOException: Rejected response from server: HTTP/1.1 400 invalid hardware identifier: "000000000000" is not a valid MAC address (expect 12 hex digits)
05-29 20:03:05.115 E/CheckinTask( 1232):        at com.google.android.gsf.checkin.CheckinTask.parseResponse(CheckinTask.java:313)
05-29 20:03:05.115 E/CheckinTask( 1232):        at com.google.android.gsf.checkin.CheckinTask.sendRequest(CheckinTask.java:261)
05-29 20:03:05.115 E/CheckinTask( 1232):        at com.google.android.gsf.checkin.CheckinTask.doInBackground(CheckinTask.java:150)
05-29 20:03:05.115 E/CheckinTask( 1232):        at com.google.android.gsf.checkin.CheckinService$1.doInBackground(CheckinService.java:221)
05-29 20:03:05.115 E/CheckinTask( 1232):        at com.google.android.gsf.checkin.CheckinService$1.doInBackground(CheckinService.java:214)
05-29 20:03:05.115 E/CheckinTask( 1232):        at android.os.AsyncTask$2.call(AsyncTask.java:264)
05-29 20:03:05.115 E/CheckinTask( 1232):        at java.util.concurrent.FutureTask$Sync.innerRun(FutureTask.java:305)
05-29 20:03:05.115 E/CheckinTask( 1232):        at java.util.concurrent.FutureTask.run(FutureTask.java:137)
05-29 20:03:05.115 E/CheckinTask( 1232):        at java.util.concurrent.ThreadPoolExecutor.runWorker(ThreadPoolExecutor.java:1076)
05-29 20:03:05.115 E/CheckinTask( 1232):        at java.util.concurrent.ThreadPoolExecutor$Worker.run(ThreadPoolExecutor.java:569)
05-29 20:03:05.115 E/CheckinTask( 1232):        at java.lang.Thread.run(Thread.java:856)
05-29 20:03:05.194 D/dalvikvm( 1141): GC_CONCURRENT freed 459K, 77% free 1381K/5827K, paused 1ms+1ms
05-29 20:03:05.199 W/dalvikvm( 1553): JNI: pin count on array 0x41421540 ([B) is now 99
05-29 20:03:05.463 D/MonitorCw880( 1553): counter=12 && isHeartbeatTimeout=false
05-29 20:03:06.202 W/dalvikvm( 1553): JNI: pin count on array 0x41421540 ([B) is now 100
05-29 20:03:06.546 D/dalvikvm( 1141): GC_CONCURRENT freed 449K, 78% free 1337K/5827K, paused 1ms+2ms
05-29 20:03:06.699 D/dalvikvm( 1141): GC_CONCURRENT freed 420K, 78% free 1309K/5827K, paused 1ms+1ms
05-29 20:03:06.838 D/dalvikvm( 1141): GC_CONCURRENT freed 393K, 78% free 1318K/5827K, paused 1ms+1ms
05-29 20:03:06.994 D/dalvikvm( 1141): GC_CONCURRENT freed 404K, 78% free 1324K/5827K, paused 1ms+1ms
05-29 20:03:07.131 D/dalvikvm( 1141): GC_CONCURRENT freed 392K, 78% free 1327K/5827K, paused 1ms+1ms
05-29 20:03:07.206 W/dalvikvm( 1553): JNI: pin count on array 0x41421540 ([B) is now 101
05-29 20:03:07.383 D/dalvikvm( 1141): GC_CONCURRENT freed 403K, 76% free 1434K/5827K, paused 1ms+1ms
05-29 20:03:07.462 D/MonitorCw880( 1553): counter=4 && isHeartbeatTimeout=false
05-29 20:03:07.534 D/dalvikvm( 1141): GC_CONCURRENT freed 517K, 76% free 1420K/5827K, paused 1ms+1ms
05-29 20:03:07.678 D/dalvikvm( 1141): GC_CONCURRENT freed 488K, 78% free 1328K/5827K, paused 0ms+1ms
05-29 20:03:07.851 D/dalvikvm( 1141): GC_CONCURRENT freed 523K, 78% free 1323K/5827K, paused 1ms+1ms
05-29 20:03:07.863 D/HomePlayerLib( 1141): hostaddress count is 2
05-29 20:03:07.899 D/dalvikvm( 1141): GC_CONCURRENT freed 406K, 78% free 1307K/5827K, paused 1ms+1ms
05-29 20:03:07.950 D/dalvikvm( 1141): GC_CONCURRENT freed 405K, 78% free 1337K/5827K, paused 1ms+2ms
05-29 20:03:07.990 D/dalvikvm( 1141): GC_CONCURRENT freed 424K, 78% free 1320K/5827K, paused 1ms+1ms
05-29 20:03:08.050 D/dalvikvm( 1141): GC_CONCURRENT freed 405K, 78% free 1324K/5827K, paused 1ms+1ms
05-29 20:03:08.110 D/dalvikvm( 1141): GC_CONCURRENT freed 392K, 76% free 1432K/5827K, paused 1ms+1ms
05-29 20:03:08.175 D/dalvikvm( 1141): GC_CONCURRENT freed 514K, 78% free 1326K/5827K, paused 1ms+1ms
05-29 20:03:08.211 W/dalvikvm( 1553): JNI: pin count on array 0x41421540 ([B) is now 102
05-29 20:03:08.254 D/dalvikvm( 1141): GC_CONCURRENT freed 391K, 78% free 1328K/5827K, paused 1ms+1ms
05-29 20:03:08.386 D/dalvikvm( 1141): GC_CONCURRENT freed 372K, 77% free 1342K/5827K, paused 1ms+1ms
05-29 20:03:08.430 D/dalvikvm( 1141): GC_CONCURRENT freed 417K, 78% free 1333K/5827K, paused 0ms+1ms
05-29 20:03:08.598 D/dalvikvm( 1141): GC_CONCURRENT freed 398K, 76% free 1445K/5827K, paused 1ms+1ms
05-29 20:03:08.646 D/dalvikvm( 1141): GC_CONCURRENT freed 504K, 78% free 1334K/5827K, paused 1ms+1ms
05-29 20:03:08.691 D/dalvikvm( 1141): GC_CONCURRENT freed 392K, 78% free 1334K/5827K, paused 0ms+1ms
05-29 20:03:08.787 D/dalvikvm( 1141): GC_CONCURRENT freed 392K, 78% free 1333K/5827K, paused 1ms+1ms
05-29 20:03:08.842 D/dalvikvm( 1141): GC_CONCURRENT freed 392K, 77% free 1381K/5827K, paused 1ms+1ms
05-29 20:03:09.075 D/dalvikvm( 1141): GC_CONCURRENT freed 444K, 77% free 1364K/5827K, paused 0ms+1ms
05-29 20:03:09.123 D/dalvikvm( 1141): GC_CONCURRENT freed 402K, 75% free 1473K/5827K, paused 0ms+1ms
05-29 20:03:09.219 W/dalvikvm( 1553): JNI: pin count on array 0x41421540 ([B) is now 103
05-29 20:03:09.274 D/dalvikvm( 1141): GC_CONCURRENT freed 545K, 77% free 1396K/5827K, paused 1ms+2ms
05-29 20:03:09.462 D/MonitorCw880( 1553): counter=6 && isHeartbeatTimeout=false
05-29 20:03:10.210 W/dalvikvm( 1553): JNI: pin count on array 0x41421540 ([B) is now 104
05-29 20:03:11.214 W/dalvikvm( 1553): JNI: pin count on array 0x41421540 ([B) is now 105
05-29 20:03:11.463 D/MonitorCw880( 1553): counter=8 && isHeartbeatTimeout=false
05-29 20:03:11.550 D/dalvikvm( 1141): GC_CONCURRENT freed 469K, 78% free 1311K/5827K, paused 1ms+1ms
05-29 20:03:12.219 W/dalvikvm( 1553): JNI: pin count on array 0x41421540 ([B) is now 106
05-29 20:03:13.222 W/dalvikvm( 1553): JNI: pin count on array 0x41421540 ([B) is now 107
05-29 20:03:13.462 D/MonitorCw880( 1553): counter=10 && isHeartbeatTimeout=false
05-29 20:03:14.223 W/dalvikvm( 1553): JNI: pin count on array 0x41421540 ([B) is now 108
05-29 20:03:15.126 D/dalvikvm( 1141): GC_CONCURRENT freed 395K, 78% free 1304K/5827K, paused 1ms+2ms
05-29 20:03:15.234 W/dalvikvm( 1553): JNI: pin count on array 0x41421540 ([B) is now 109
05-29 20:03:15.291 D/dalvikvm( 1141): GC_CONCURRENT freed 382K, 78% free 1319K/5827K, paused 1ms+1ms
05-29 20:03:15.438 D/dalvikvm( 1141): GC_CONCURRENT freed 396K, 78% free 1317K/5827K, paused 1ms+1ms
05-29 20:03:15.462 D/MonitorCw880( 1553): counter=12 && isHeartbeatTimeout=false
05-29 20:03:15.594 D/dalvikvm( 1141): GC_CONCURRENT freed 394K, 78% free 1308K/5827K, paused 0ms+1ms
05-29 20:03:15.742 D/dalvikvm( 1141): GC_CONCURRENT freed 392K, 78% free 1301K/5827K, paused 1ms+1ms
05-29 20:03:15.891 D/dalvikvm( 1141): GC_CONCURRENT freed 365K, 76% free 1447K/5827K, paused 1ms+1ms
05-29 20:03:16.035 D/dalvikvm( 1141): GC_CONCURRENT freed 514K, 78% free 1328K/5827K, paused 1ms+1ms
05-29 20:03:16.227 W/dalvikvm( 1553): JNI: pin count on array 0x41421540 ([B) is now 110
05-29 20:03:16.290 D/dalvikvm( 1141): GC_CONCURRENT freed 405K, 78% free 1310K/5827K, paused 1ms+1ms
05-29 20:03:16.335 D/dalvikvm( 1141): GC_CONCURRENT freed 386K, 78% free 1322K/5827K, paused 5ms+1ms
05-29 20:03:16.494 D/dalvikvm( 1141): GC_CONCURRENT freed 397K, 76% free 1418K/5827K, paused 1ms+1ms
05-29 20:03:17.226 W/dalvikvm( 1553): JNI: pin count on array 0x41421540 ([B) is now 111
05-29 20:03:17.254 D/dalvikvm( 1141): GC_CONCURRENT freed 499K, 78% free 1310K/5827K, paused 0ms+1ms
05-29 20:03:17.403 D/dalvikvm( 1141): GC_CONCURRENT freed 393K, 77% free 1341K/5827K, paused 1ms+0ms
05-29 20:03:17.463 D/MonitorCw880( 1553): counter=4 && isHeartbeatTimeout=false
05-29 20:03:17.655 D/dalvikvm( 1141): GC_CONCURRENT freed 417K, 76% free 1435K/5827K, paused 1ms+1ms
05-29 20:03:17.806 D/dalvikvm( 1141): GC_CONCURRENT freed 518K, 76% free 1425K/5827K, paused 0ms+1ms
05-29 20:03:17.950 D/dalvikvm( 1141): GC_CONCURRENT freed 488K, 78% free 1323K/5827K, paused 1ms+1ms
05-29 20:03:18.226 W/dalvikvm( 1553): JNI: pin count on array 0x41421540 ([B) is now 112
05-29 20:03:19.230 W/dalvikvm( 1553): JNI: pin count on array 0x41421540 ([B) is now 113
05-29 20:03:19.467 D/MonitorCw880( 1553): counter=6 && isHeartbeatTimeout=false
05-29 20:03:19.570 D/HomePlayerLib( 1141): hostaddress count is 2
05-29 20:03:19.599 D/dalvikvm( 1141): GC_CONCURRENT freed 412K, 78% free 1315K/5827K, paused 1ms+1ms
05-29 20:03:19.635 D/dalvikvm( 1141): GC_CONCURRENT freed 387K, 78% free 1319K/5827K, paused 1ms+1ms
05-29 20:03:19.678 D/dalvikvm( 1141): GC_CONCURRENT freed 415K, 78% free 1321K/5827K, paused 1ms+2ms
05-29 20:03:19.734 D/dalvikvm( 1141): GC_CONCURRENT freed 405K, 76% free 1412K/5827K, paused 1ms+1ms
05-29 20:03:19.950 D/dalvikvm( 1141): GC_CONCURRENT freed 481K, 78% free 1315K/5827K, paused 1ms+1ms
05-29 20:03:20.022 D/dalvikvm( 1141): GC_CONCURRENT freed 396K, 76% free 1426K/5827K, paused 1ms+1ms
05-29 20:03:20.110 D/dalvikvm( 1141): GC_CONCURRENT freed 486K, 76% free 1409K/5827K, paused 1ms+1ms
05-29 20:03:20.158 D/dalvikvm( 1141): GC_CONCURRENT freed 474K, 78% free 1325K/5827K, paused 1ms+0ms
05-29 20:03:20.230 W/dalvikvm( 1553): JNI: pin count on array 0x41421540 ([B) is now 114
05-29 20:03:20.334 D/dalvikvm( 1141): GC_CONCURRENT freed 400K, 76% free 1435K/5827K, paused 1ms+1ms
05-29 20:03:20.394 D/dalvikvm( 1141): GC_CONCURRENT freed 504K, 76% free 1443K/5827K, paused 1ms+1ms
05-29 20:03:20.442 D/dalvikvm( 1141): GC_CONCURRENT freed 516K, 78% free 1330K/5827K, paused 1ms+1ms
05-29 20:03:20.526 D/dalvikvm( 1141): GC_CONCURRENT freed 413K, 78% free 1325K/5827K, paused 0ms+1ms
05-29 20:03:20.578 D/dalvikvm( 1141): GC_CONCURRENT freed 361K, 75% free 1463K/5827K, paused 1ms+1ms
05-29 20:03:20.718 D/dalvikvm( 1141): GC_CONCURRENT freed 544K, 76% free 1410K/5827K, paused 1ms+1ms
05-29 20:03:20.967 D/dalvikvm( 1141): GC_CONCURRENT freed 491K, 78% free 1303K/5827K, paused 1ms+1ms
05-29 20:03:21.118 D/dalvikvm( 1141): GC_CONCURRENT freed 377K, 77% free 1387K/5827K, paused 1ms+1ms
05-29 20:03:21.234 W/dalvikvm( 1553): JNI: pin count on array 0x41421540 ([B) is now 115
05-29 20:03:21.262 D/dalvikvm( 1141): GC_CONCURRENT freed 473K, 78% free 1323K/5827K, paused 1ms+2ms
05-29 20:03:21.402 D/dalvikvm( 1141): GC_CONCURRENT freed 393K, 78% free 1322K/5827K, paused 1ms+2ms
05-29 20:03:21.466 D/MonitorCw880( 1553): counter=8 && isHeartbeatTimeout=false
05-29 20:03:21.543 D/dalvikvm( 1141): GC_CONCURRENT freed 392K, 78% free 1322K/5827K, paused 1ms+2ms
05-29 20:03:21.678 D/dalvikvm( 1141): GC_CONCURRENT freed 392K, 78% free 1322K/5827K, paused 1ms+1ms
05-29 20:03:21.831 D/dalvikvm( 1141): GC_CONCURRENT freed 393K, 78% free 1322K/5827K, paused 1ms+2ms
05-29 20:03:22.086 D/dalvikvm( 1141): GC_CONCURRENT freed 410K, 76% free 1417K/5827K, paused 1ms+1ms
05-29 20:03:22.234 W/dalvikvm( 1553): JNI: pin count on array 0x41421540 ([B) is now 116
05-29 20:03:22.246 D/dalvikvm( 1141): GC_CONCURRENT freed 482K, 76% free 1405K/5827K, paused 1ms+2ms
05-29 20:03:22.407 D/dalvikvm( 1141): GC_CONCURRENT freed 474K, 78% free 1323K/5827K, paused 3ms+1ms
05-29 20:03:22.566 D/dalvikvm( 1141): GC_CONCURRENT freed 394K, 78% free 1327K/5827K, paused 1ms+1ms
05-29 20:03:22.818 D/dalvikvm( 1141): GC_CONCURRENT freed 404K, 76% free 1435K/5827K, paused 1ms+1ms
05-29 20:03:23.242 W/dalvikvm( 1553): JNI: pin count on array 0x41421540 ([B) is now 117
05-29 20:03:23.466 D/MonitorCw880( 1553): counter=10 && isHeartbeatTimeout=false
05-29 20:03:24.238 W/dalvikvm( 1553): JNI: pin count on array 0x41421540 ([B) is now 118
05-29 20:03:25.242 W/dalvikvm( 1553): JNI: pin count on array 0x41421540 ([B) is now 119
05-29 20:03:25.467 D/MonitorCw880( 1553): counter=12 && isHeartbeatTimeout=false
05-29 20:03:26.242 W/dalvikvm( 1553): JNI: pin count on array 0x41421540 ([B) is now 120
05-29 20:03:26.566 D/dalvikvm( 1141): GC_CONCURRENT freed 516K, 78% free 1336K/5827K, paused 1ms+1ms
05-29 20:03:26.718 D/dalvikvm( 1141): GC_CONCURRENT freed 516K, 78% free 1298K/5827K, paused 1ms+1ms
05-29 20:03:26.970 D/dalvikvm( 1141): GC_CONCURRENT freed 375K, 76% free 1435K/5827K, paused 1ms+1ms
05-29 20:03:27.123 D/dalvikvm( 1141): GC_CONCURRENT freed 517K, 78% free 1338K/5827K, paused 0ms+1ms
05-29 20:03:27.246 W/dalvikvm( 1553): JNI: pin count on array 0x41421540 ([B) is now 121
05-29 20:03:27.274 D/dalvikvm( 1141): GC_CONCURRENT freed 408K, 76% free 1404K/5827K, paused 1ms+1ms
05-29 20:03:27.466 D/MonitorCw880( 1553): counter=4 && isHeartbeatTimeout=false
05-29 20:03:28.218 D/dalvikvm( 1141): GC_CONCURRENT freed 482K, 77% free 1352K/5827K, paused 0ms+1ms
05-29 20:03:28.246 W/dalvikvm( 1553): JNI: pin count on array 0x41421540 ([B) is now 122
05-29 20:03:28.386 D/dalvikvm( 1141): GC_CONCURRENT freed 437K, 78% free 1318K/5827K, paused 2ms+1ms
05-29 20:03:28.558 D/dalvikvm( 1141): GC_CONCURRENT freed 394K, 76% free 1432K/5827K, paused 1ms+1ms
05-29 20:03:28.707 D/dalvikvm( 1141): GC_CONCURRENT freed 514K, 77% free 1342K/5827K, paused 1ms+1ms
05-29 20:03:29.166 D/dalvikvm( 1141): GC_CONCURRENT freed 417K, 76% free 1444K/5827K, paused 1ms+1ms
05-29 20:03:29.254 W/dalvikvm( 1553): JNI: pin count on array 0x41421540 ([B) is now 123
05-29 20:03:29.319 D/dalvikvm( 1141): GC_CONCURRENT freed 529K, 76% free 1421K/5827K, paused 1ms+1ms
05-29 20:03:29.466 D/MonitorCw880( 1553): counter=6 && isHeartbeatTimeout=false
05-29 20:03:29.562 D/dalvikvm( 1141): GC_CONCURRENT freed 508K, 78% free 1302K/5827K, paused 1ms+1ms
05-29 20:03:29.718 D/dalvikvm( 1141): GC_CONCURRENT freed 385K, 76% free 1422K/5827K, paused 0ms+1ms
05-29 20:03:29.866 D/dalvikvm( 1141): GC_CONCURRENT freed 504K, 78% free 1310K/5827K, paused 1ms+1ms
05-29 20:03:30.255 W/dalvikvm( 1553): JNI: pin count on array 0x41421540 ([B) is now 124
05-29 20:03:31.083 D/dalvikvm( 1141): GC_CONCURRENT freed 391K, 78% free 1319K/5827K, paused 1ms+1ms
05-29 20:03:31.086 D/HomePlayerLib( 1141): hostaddress count is 2
05-29 20:03:31.131 D/dalvikvm( 1141): GC_CONCURRENT freed 401K, 76% free 1428K/5827K, paused 1ms+1ms
05-29 20:03:31.182 D/dalvikvm( 1141): GC_CONCURRENT freed 504K, 76% free 1432K/5827K, paused 1ms+1ms
05-29 20:03:31.234 D/dalvikvm( 1141): GC_CONCURRENT freed 500K, 77% free 1371K/5827K, paused 1ms+1ms
05-29 20:03:31.258 W/dalvikvm( 1553): JNI: pin count on array 0x41421540 ([B) is now 125
05-29 20:03:31.443 D/dalvikvm( 1141): GC_CONCURRENT freed 441K, 78% free 1315K/5827K, paused 0ms+1ms
05-29 20:03:31.467 D/MonitorCw880( 1553): counter=8 && isHeartbeatTimeout=false
05-29 20:03:31.539 D/dalvikvm( 1141): GC_CONCURRENT freed 395K, 76% free 1426K/5827K, paused 1ms+1ms
05-29 20:03:31.594 D/dalvikvm( 1141): GC_CONCURRENT freed 486K, 78% free 1327K/5827K, paused 1ms+1ms
05-29 20:03:31.746 D/dalvikvm( 1141): GC_CONCURRENT freed 385K, 75% free 1465K/5827K, paused 1ms+1ms
05-29 20:03:31.882 D/dalvikvm( 1141): GC_CONCURRENT freed 547K, 78% free 1327K/5827K, paused 1ms+1ms
05-29 20:03:31.926 D/dalvikvm( 1141): GC_CONCURRENT freed 392K, 78% free 1322K/5827K, paused 1ms+1ms
05-29 20:03:31.966 D/dalvikvm( 1141): GC_CONCURRENT freed 407K, 78% free 1324K/5827K, paused 1ms+1ms
05-29 20:03:32.038 D/dalvikvm( 1141): GC_CONCURRENT freed 392K, 78% free 1326K/5827K, paused 0ms+1ms
05-29 20:03:32.074 D/dalvikvm( 1141): GC_CONCURRENT freed 393K, 78% free 1324K/5827K, paused 1ms+0ms
05-29 20:03:32.115 D/dalvikvm( 1141): GC_CONCURRENT freed 391K, 77% free 1366K/5827K, paused 1ms+1ms
05-29 20:03:32.283 W/dalvikvm( 1553): JNI: pin count on array 0x41421540 ([B) is now 126
05-29 20:03:32.314 D/dalvikvm( 1141): GC_CONCURRENT freed 439K, 76% free 1430K/5827K, paused 1ms+1ms
05-29 20:03:32.463 D/dalvikvm( 1141): GC_CONCURRENT freed 503K, 76% free 1406K/5827K, paused 0ms+1ms
05-29 20:03:32.619 D/dalvikvm( 1141): GC_CONCURRENT freed 476K, 77% free 1369K/5827K, paused 1ms+2ms
05-29 20:03:32.871 D/dalvikvm( 1141): GC_CONCURRENT freed 445K, 76% free 1435K/5827K, paused 1ms+1ms
05-29 20:03:33.262 W/dalvikvm( 1553): JNI: pin count on array 0x41421540 ([B) is now 127
05-29 20:03:33.466 D/MonitorCw880( 1553): counter=10 && isHeartbeatTimeout=false
05-29 20:03:34.263 W/dalvikvm( 1553): JNI: pin count on array 0x41421540 ([B) is now 128
05-29 20:03:35.266 W/dalvikvm( 1553): JNI: pin count on array 0x41421540 ([B) is now 129
05-29 20:03:35.466 D/MonitorCw880( 1553): counter=12 && isHeartbeatTimeout=false
05-29 20:03:36.267 W/dalvikvm( 1553): JNI: pin count on array 0x41421540 ([B) is now 130
05-29 20:03:36.495 D/dalvikvm( 1141): GC_CONCURRENT freed 514K, 76% free 1427K/5827K, paused 1ms+1ms
05-29 20:03:37.143 D/dalvikvm( 1141): GC_CONCURRENT freed 511K, 78% free 1305K/5827K, paused 1ms+1ms
05-29 20:03:37.275 W/dalvikvm( 1553): JNI: pin count on array 0x41421540 ([B) is now 131
05-29 20:03:37.290 D/dalvikvm( 1141): GC_CONCURRENT freed 378K, 78% free 1321K/5827K, paused 1ms+1ms
05-29 20:03:37.434 D/dalvikvm( 1141): GC_CONCURRENT freed 395K, 78% free 1322K/5827K, paused 1ms+1ms
05-29 20:03:37.467 D/MonitorCw880( 1553): counter=4 && isHeartbeatTimeout=false
05-29 20:03:37.590 D/dalvikvm( 1141): GC_CONCURRENT freed 394K, 76% free 1427K/5827K, paused 1ms+1ms
05-29 20:03:37.767 D/dalvikvm( 1141): GC_CONCURRENT freed 502K, 78% free 1311K/5827K, paused 1ms+1ms
05-29 20:03:38.274 W/dalvikvm( 1553): JNI: pin count on array 0x41421540 ([B) is now 132
05-29 20:03:38.451 D/dalvikvm( 1141): GC_CONCURRENT freed 392K, 77% free 1341K/5827K, paused 0ms+1ms
05-29 20:03:38.698 D/dalvikvm( 1141): GC_CONCURRENT freed 416K, 78% free 1310K/5827K, paused 0ms+1ms
05-29 20:03:38.854 D/dalvikvm( 1141): GC_CONCURRENT freed 396K, 76% free 1423K/5827K, paused 1ms+1ms
05-29 20:03:39.003 D/dalvikvm( 1141): GC_CONCURRENT freed 488K, 78% free 1323K/5827K, paused 0ms+1ms
05-29 20:03:39.142 D/dalvikvm( 1141): GC_CONCURRENT freed 394K, 78% free 1322K/5827K, paused 1ms+1ms
05-29 20:03:39.274 W/dalvikvm( 1553): JNI: pin count on array 0x41421540 ([B) is now 133
05-29 20:03:39.466 D/MonitorCw880( 1553): counter=6 && isHeartbeatTimeout=false
05-29 20:03:40.275 W/dalvikvm( 1553): JNI: pin count on array 0x41421540 ([B) is now 134
05-29 20:03:40.438 D/dalvikvm( 1141): GC_CONCURRENT freed 391K, 77% free 1368K/5827K, paused 1ms+1ms
05-29 20:03:40.702 D/dalvikvm( 1141): GC_CONCURRENT freed 443K, 78% free 1310K/5827K, paused 1ms+1ms
05-29 20:03:40.851 D/dalvikvm( 1141): GC_CONCURRENT freed 396K, 77% free 1375K/5827K, paused 1ms+1ms
05-29 20:03:41.007 D/dalvikvm( 1141): GC_CONCURRENT freed 445K, 78% free 1322K/5827K, paused 1ms+1ms
05-29 20:03:41.142 D/dalvikvm( 1141): GC_CONCURRENT freed 393K, 78% free 1322K/5827K, paused 1ms+2ms
05-29 20:03:41.278 W/dalvikvm( 1553): JNI: pin count on array 0x41421540 ([B) is now 135
05-29 20:03:41.302 D/dalvikvm( 1141): GC_CONCURRENT freed 393K, 77% free 1363K/5827K, paused 0ms+1ms
05-29 20:03:41.442 D/dalvikvm( 1141): GC_CONCURRENT freed 432K, 78% free 1323K/5827K, paused 1ms+1ms
05-29 20:03:41.466 D/MonitorCw880( 1553): counter=8 && isHeartbeatTimeout=false
05-29 20:03:41.706 D/dalvikvm( 1141): GC_CONCURRENT freed 404K, 76% free 1443K/5827K, paused 1ms+1ms
05-29 20:03:42.282 W/dalvikvm( 1553): JNI: pin count on array 0x41421540 ([B) is now 136
05-29 20:03:42.459 D/dalvikvm( 1141): GC_CONCURRENT freed 513K, 76% free 1427K/5827K, paused 1ms+1ms
05-29 20:03:42.459 D/HomePlayerLib( 1141): hostaddress count is 2
05-29 20:03:42.514 D/dalvikvm( 1141): GC_CONCURRENT freed 503K, 76% free 1427K/5827K, paused 1ms+1ms
05-29 20:03:42.562 D/dalvikvm( 1141): GC_CONCURRENT freed 498K, 76% free 1428K/5827K, paused 0ms+1ms
05-29 20:03:42.606 D/dalvikvm( 1141): GC_CONCURRENT freed 487K, 78% free 1326K/5827K, paused 1ms+1ms
05-29 20:03:42.694 D/dalvikvm( 1141): GC_CONCURRENT freed 400K, 78% free 1313K/5827K, paused 1ms+1ms
05-29 20:03:42.822 D/dalvikvm( 1141): GC_CONCURRENT freed 394K, 76% free 1420K/5827K, paused 1ms+1ms
05-29 20:03:42.874 D/dalvikvm( 1141): GC_CONCURRENT freed 485K, 76% free 1433K/5827K, paused 1ms+1ms
05-29 20:03:43.059 D/dalvikvm( 1141): GC_CONCURRENT freed 602K, 77% free 1342K/5827K, paused 1ms+1ms
05-29 20:03:43.119 D/dalvikvm( 1141): GC_CONCURRENT freed 426K, 76% free 1426K/5827K, paused 1ms+1ms
05-29 20:03:43.170 D/dalvikvm( 1141): GC_CONCURRENT freed 499K, 76% free 1428K/5827K, paused 1ms+1ms
05-29 20:03:43.282 W/dalvikvm( 1553): JNI: pin count on array 0x41421540 ([B) is now 137
05-29 20:03:43.299 D/dalvikvm( 1141): GC_CONCURRENT freed 499K, 78% free 1315K/5827K, paused 1ms+1ms
05-29 20:03:43.426 D/dalvikvm( 1141): GC_CONCURRENT freed 395K, 77% free 1363K/5827K, paused 1ms+1ms
05-29 20:03:43.462 D/dalvikvm( 1141): GC_CONCURRENT freed 445K, 78% free 1326K/5827K, paused 1ms+1ms
05-29 20:03:43.470 D/MonitorCw880( 1553): counter=10 && isHeartbeatTimeout=false
05-29 20:03:43.614 D/dalvikvm( 1141): GC_CONCURRENT freed 405K, 77% free 1370K/5827K, paused 1ms+1ms
05-29 20:03:43.866 D/dalvikvm( 1141): GC_CONCURRENT freed 445K, 76% free 1436K/5827K, paused 1ms+1ms
05-29 20:03:44.014 D/dalvikvm( 1141): GC_CONCURRENT freed 518K, 78% free 1310K/5827K, paused 1ms+1ms
05-29 20:03:44.166 D/dalvikvm( 1141): GC_CONCURRENT freed 395K, 76% free 1422K/5827K, paused 1ms+1ms
05-29 20:03:44.286 W/dalvikvm( 1553): JNI: pin count on array 0x41421540 ([B) is now 138
05-29 20:03:45.291 W/dalvikvm( 1553): JNI: pin count on array 0x41421540 ([B) is now 139
05-29 20:03:45.471 D/MonitorCw880( 1553): counter=12 && isHeartbeatTimeout=false
05-29 20:03:46.294 W/dalvikvm( 1553): JNI: pin count on array 0x41421540 ([B) is now 140
05-29 20:03:46.954 D/dalvikvm( 1141): GC_CONCURRENT freed 496K, 76% free 1436K/5827K, paused 0ms+1ms
05-29 20:03:47.110 D/dalvikvm( 1141): GC_CONCURRENT freed 517K, 76% free 1425K/5827K, paused 0ms+1ms
05-29 20:03:47.259 D/dalvikvm( 1141): GC_CONCURRENT freed 488K, 78% free 1328K/5827K, paused 1ms+1ms
05-29 20:03:47.290 W/dalvikvm( 1553): JNI: pin count on array 0x41421540 ([B) is now 141
05-29 20:03:47.470 D/MonitorCw880( 1553): counter=4 && isHeartbeatTimeout=false
05-29 20:03:47.511 D/dalvikvm( 1141): GC_CONCURRENT freed 405K, 76% free 1435K/5827K, paused 1ms+1ms
05-29 20:03:47.667 D/dalvikvm( 1141): GC_CONCURRENT freed 517K, 76% free 1418K/5827K, paused 1ms+1ms
05-29 20:03:47.958 D/dalvikvm( 1141): GC_CONCURRENT freed 486K, 78% free 1323K/5827K, paused 0ms+1ms
05-29 20:03:48.214 D/dalvikvm( 1141): GC_CONCURRENT freed 404K, 77% free 1379K/5827K, paused 0ms+1ms
05-29 20:03:48.294 W/dalvikvm( 1553): JNI: pin count on array 0x41421540 ([B) is now 142
05-29 20:03:48.358 D/dalvikvm( 1141): GC_CONCURRENT freed 449K, 78% free 1322K/5827K, paused 1ms+1ms
05-29 20:03:48.510 D/dalvikvm( 1141): GC_CONCURRENT freed 394K, 76% free 1410K/5827K, paused 1ms+1ms
05-29 20:03:48.646 D/dalvikvm( 1141): GC_CONCURRENT freed 474K, 78% free 1323K/5827K, paused 1ms+1ms
05-29 20:03:49.191 D/dalvikvm( 1141): GC_CONCURRENT freed 392K, 78% free 1327K/5827K, paused 1ms+1ms
05-29 20:03:49.302 W/dalvikvm( 1553): JNI: pin count on array 0x41421540 ([B) is now 143
05-29 20:03:49.450 D/dalvikvm( 1141): GC_CONCURRENT freed 402K, 76% free 1434K/5827K, paused 1ms+1ms
05-29 20:03:49.470 D/MonitorCw880( 1553): counter=6 && isHeartbeatTimeout=false
05-29 20:03:49.599 D/dalvikvm( 1141): GC_CONCURRENT freed 517K, 78% free 1311K/5827K, paused 1ms+1ms
05-29 20:03:49.750 D/dalvikvm( 1141): GC_CONCURRENT freed 395K, 78% free 1309K/5827K, paused 1ms+1ms
05-29 20:03:49.902 D/dalvikvm( 1141): GC_CONCURRENT freed 393K, 77% free 1381K/5827K, paused 1ms+1ms
05-29 20:03:50.142 I/CheckinService( 1232): Preparing to send checkin request
05-29 20:03:50.146 I/EventLogService( 1232): Accumulating logs since 1369828984655
05-29 20:03:50.166 W/CheckinRequestBuilder( 1232): Unknown phone type: 0 id=null
05-29 20:03:50.211 I/CheckinTask( 1232): Sending checkin request (1018 bytes)
05-29 20:03:50.298 W/dalvikvm( 1553): JNI: pin count on array 0x41421540 ([B) is now 144
05-29 20:03:50.475 D/dalvikvm( 1232): GC_CONCURRENT freed 508K, 71% free 1784K/6019K, paused 1ms+3ms
05-29 20:03:50.583 E/CheckinTask( 1232): Checkin failed: https://android.clients.google.com/checkin (request #0)
05-29 20:03:50.583 E/CheckinTask( 1232): java.io.IOException: Rejected response from server: HTTP/1.1 400 invalid hardware identifier: "000000000000" is not a valid MAC address (expect 12 hex digits)
05-29 20:03:50.583 E/CheckinTask( 1232):        at com.google.android.gsf.checkin.CheckinTask.parseResponse(CheckinTask.java:313)
05-29 20:03:50.583 E/CheckinTask( 1232):        at com.google.android.gsf.checkin.CheckinTask.sendRequest(CheckinTask.java:261)
05-29 20:03:50.583 E/CheckinTask( 1232):        at com.google.android.gsf.checkin.CheckinTask.doInBackground(CheckinTask.java:150)
05-29 20:03:50.583 E/CheckinTask( 1232):        at com.google.android.gsf.checkin.CheckinService$1.doInBackground(CheckinService.java:221)
05-29 20:03:50.583 E/CheckinTask( 1232):        at com.google.android.gsf.checkin.CheckinService$1.doInBackground(CheckinService.java:214)
05-29 20:03:50.583 E/CheckinTask( 1232):        at android.os.AsyncTask$2.call(AsyncTask.java:264)
05-29 20:03:50.583 E/CheckinTask( 1232):        at java.util.concurrent.FutureTask$Sync.innerRun(FutureTask.java:305)
05-29 20:03:50.583 E/CheckinTask( 1232):        at java.util.concurrent.FutureTask.run(FutureTask.java:137)
05-29 20:03:50.583 E/CheckinTask( 1232):        at java.util.concurrent.ThreadPoolExecutor.runWorker(ThreadPoolExecutor.java:1076)
05-29 20:03:50.583 E/CheckinTask( 1232):        at java.util.concurrent.ThreadPoolExecutor$Worker.run(ThreadPoolExecutor.java:569)
05-29 20:03:50.583 E/CheckinTask( 1232):        at java.lang.Thread.run(Thread.java:856)
05-29 20:03:51.303 W/dalvikvm( 1553): JNI: pin count on array 0x41421540 ([B) is now 145
05-29 20:03:51.471 D/MonitorCw880( 1553): counter=8 && isHeartbeatTimeout=false
05-29 20:03:52.318 W/dalvikvm( 1553): JNI: pin count on array 0x41421540 ([B) is now 146
05-29 20:03:53.314 W/dalvikvm( 1553): JNI: pin count on array 0x41421540 ([B) is now 147
05-29 20:03:53.470 D/MonitorCw880( 1553): counter=10 && isHeartbeatTimeout=false
05-29 20:03:53.854 D/HomePlayerLib( 1141): hostaddress count is 2
05-29 20:03:53.874 D/dalvikvm( 1141): GC_CONCURRENT freed 465K, 78% free 1307K/5827K, paused 1ms+1ms
05-29 20:03:53.907 D/dalvikvm( 1141): GC_CONCURRENT freed 388K, 78% free 1319K/5827K, paused 1ms+1ms
05-29 20:03:53.946 D/dalvikvm( 1141): GC_CONCURRENT freed 403K, 78% free 1317K/5827K, paused 1ms+1ms
05-29 20:03:53.986 D/dalvikvm( 1141): GC_CONCURRENT freed 378K, 78% free 1324K/5827K, paused 1ms+2ms
05-29 20:03:54.102 D/dalvikvm( 1141): GC_CONCURRENT freed 389K, 78% free 1326K/5827K, paused 1ms+1ms
05-29 20:03:54.162 D/dalvikvm( 1141): GC_CONCURRENT freed 393K, 78% free 1325K/5827K, paused 1ms+1ms
05-29 20:03:54.238 D/dalvikvm( 1141): GC_CONCURRENT freed 390K, 78% free 1327K/5827K, paused 1ms+1ms
05-29 20:03:54.342 W/dalvikvm( 1553): JNI: pin count on array 0x41421540 ([B) is now 148
05-29 20:03:54.382 D/dalvikvm( 1141): GC_CONCURRENT freed 403K, 78% free 1322K/5827K, paused 1ms+1ms
05-29 20:03:54.534 D/dalvikvm( 1141): GC_CONCURRENT freed 395K, 78% free 1322K/5827K, paused 1ms+1ms
05-29 20:03:54.579 D/dalvikvm( 1141): GC_CONCURRENT freed 403K, 78% free 1322K/5827K, paused 1ms+1ms
05-29 20:03:54.627 D/dalvikvm( 1141): GC_CONCURRENT freed 407K, 78% free 1324K/5827K, paused 0ms+2ms
05-29 20:03:54.687 D/dalvikvm( 1141): GC_CONCURRENT freed 392K, 78% free 1326K/5827K, paused 0ms+1ms
05-29 20:03:54.822 D/dalvikvm( 1141): GC_CONCURRENT freed 393K, 78% free 1326K/5827K, paused 1ms+1ms
05-29 20:03:54.966 D/dalvikvm( 1141): GC_CONCURRENT freed 407K, 78% free 1303K/5827K, paused 1ms+1ms
05-29 20:03:55.006 D/dalvikvm( 1141): GC_CONCURRENT freed 378K, 78% free 1324K/5827K, paused 1ms+1ms
05-29 20:03:55.230 D/dalvikvm( 1141): GC_CONCURRENT freed 405K, 77% free 1348K/5827K, paused 1ms+1ms
05-29 20:03:55.263 D/dalvikvm( 1141): GC_CONCURRENT freed 426K, 77% free 1384K/5827K, paused 1ms+1ms
05-29 20:03:55.311 W/dalvikvm( 1553): JNI: pin count on array 0x41421540 ([B) is now 149
05-29 20:03:55.407 D/dalvikvm( 1141): GC_CONCURRENT freed 451K, 77% free 1360K/5827K, paused 1ms+1ms
05-29 20:03:55.470 D/MonitorCw880( 1553): counter=12 && isHeartbeatTimeout=false
05-29 20:03:55.546 D/dalvikvm( 1141): GC_CONCURRENT freed 434K, 78% free 1320K/5827K, paused 1ms+1ms
05-29 20:03:55.695 D/dalvikvm( 1141): GC_CONCURRENT freed 395K, 78% free 1336K/5827K, paused 1ms+1ms
05-29 20:03:56.319 W/dalvikvm( 1553): JNI: pin count on array 0x41421540 ([B) is now 150
05-29 20:03:57.315 W/dalvikvm( 1553): JNI: pin count on array 0x41421540 ([B) is now 151
05-29 20:03:57.471 D/MonitorCw880( 1553): counter=4 && isHeartbeatTimeout=false
05-29 20:03:58.354 W/dalvikvm( 1553): JNI: pin count on array 0x41421540 ([B) is now 152
05-29 20:03:58.642 D/dalvikvm( 1141): GC_CONCURRENT freed 411K, 76% free 1428K/5827K, paused 1ms+6ms
05-29 20:03:58.798 D/dalvikvm( 1141): GC_CONCURRENT freed 514K, 76% free 1429K/5827K, paused 1ms+1ms
05-29 20:03:59.046 D/dalvikvm( 1141): GC_CONCURRENT freed 514K, 78% free 1307K/5827K, paused 1ms+1ms
05-29 20:03:59.202 D/dalvikvm( 1141): GC_CONCURRENT freed 380K, 76% free 1429K/5827K, paused 0ms+1ms
05-29 20:03:59.319 W/dalvikvm( 1553): JNI: pin count on array 0x41421540 ([B) is now 153
05-29 20:03:59.355 D/dalvikvm( 1141): GC_CONCURRENT freed 504K, 78% free 1310K/5827K, paused 1ms+1ms
05-29 20:03:59.470 D/MonitorCw880( 1553): counter=6 && isHeartbeatTimeout=false
05-29 20:04:00.162 D/dalvikvm( 1141): GC_CONCURRENT freed 392K, 78% free 1309K/5827K, paused 1ms+1ms
05-29 20:04:00.310 D/dalvikvm( 1141): GC_CONCURRENT freed 392K, 77% free 1381K/5827K, paused 1ms+1ms
05-29 20:04:00.327 W/dalvikvm( 1553): JNI: pin count on array 0x41421540 ([B) is now 154
05-29 20:04:00.558 D/dalvikvm( 1141): GC_CONCURRENT freed 457K, 78% free 1311K/5827K, paused 1ms+1ms
05-29 20:04:00.706 D/dalvikvm( 1141): GC_CONCURRENT freed 397K, 78% free 1309K/5827K, paused 1ms+1ms
05-29 20:04:00.858 D/dalvikvm( 1141): GC_CONCURRENT freed 392K, 78% free 1309K/5827K, paused 1ms+1ms
05-29 20:04:01.011 D/dalvikvm( 1141): GC_CONCURRENT freed 392K, 78% free 1309K/5827K, paused 0ms+1ms
05-29 20:04:01.167 D/dalvikvm( 1141): GC_CONCURRENT freed 393K, 76% free 1400K/5827K, paused 1ms+1ms
05-29 20:04:01.311 D/dalvikvm( 1141): GC_CONCURRENT freed 473K, 77% free 1341K/5827K, paused 1ms+1ms
05-29 20:04:01.330 W/dalvikvm( 1553): JNI: pin count on array 0x41421540 ([B) is now 155
05-29 20:04:01.474 D/MonitorCw880( 1553): counter=8 && isHeartbeatTimeout=false
05-29 20:04:01.558 D/dalvikvm( 1141): GC_CONCURRENT freed 427K, 78% free 1298K/5827K, paused 0ms+1ms
05-29 20:04:01.710 D/dalvikvm( 1141): GC_CONCURRENT freed 384K, 78% free 1308K/5827K, paused 2ms+1ms
05-29 20:04:01.863 D/dalvikvm( 1141): GC_CONCURRENT freed 392K, 78% free 1309K/5827K, paused 1ms+0ms
05-29 20:04:02.014 D/dalvikvm( 1141): GC_CONCURRENT freed 394K, 78% free 1309K/5827K, paused 0ms+1ms
05-29 20:04:02.163 D/dalvikvm( 1141): GC_CONCURRENT freed 393K, 78% free 1301K/5827K, paused 1ms+1ms
05-29 20:04:02.310 D/dalvikvm( 1141): GC_CONCURRENT freed 366K, 76% free 1404K/5827K, paused 0ms+1ms
05-29 20:04:02.331 W/dalvikvm( 1553): JNI: pin count on array 0x41421540 ([B) is now 156
05-29 20:04:03.330 W/dalvikvm( 1553): JNI: pin count on array 0x41421540 ([B) is now 157
05-29 20:04:03.474 D/MonitorCw880( 1553): counter=10 && isHeartbeatTimeout=false
05-29 20:04:04.338 W/dalvikvm( 1553): JNI: pin count on array 0x41421540 ([B) is now 158
05-29 20:04:05.338 W/dalvikvm( 1553): JNI: pin count on array 0x41421540 ([B) is now 159
05-29 20:04:05.475 D/MonitorCw880( 1553): counter=12 && isHeartbeatTimeout=false
05-29 20:04:05.595 D/HomePlayerLib( 1141): hostaddress count is 2
05-29 20:04:05.626 D/dalvikvm( 1141): GC_CONCURRENT freed 491K, 76% free 1422K/5827K, paused 1ms+1ms
05-29 20:04:05.674 D/dalvikvm( 1141): GC_CONCURRENT freed 510K, 76% free 1403K/5827K, paused 0ms+1ms
05-29 20:04:05.727 D/dalvikvm( 1141): GC_CONCURRENT freed 491K, 78% free 1327K/5827K, paused 1ms+1ms
05-29 20:04:05.838 D/dalvikvm( 1141): GC_CONCURRENT freed 421K, 78% free 1301K/5827K, paused 1ms+1ms
05-29 20:04:05.926 D/dalvikvm( 1141): GC_CONCURRENT freed 368K, 78% free 1323K/5827K, paused 1ms+1ms
05-29 20:04:05.982 D/dalvikvm( 1141): GC_CONCURRENT freed 391K, 78% free 1326K/5827K, paused 1ms+0ms
05-29 20:04:06.130 D/dalvikvm( 1141): GC_CONCURRENT freed 393K, 78% free 1325K/5827K, paused 1ms+0ms
05-29 20:04:06.214 D/dalvikvm( 1141): GC_CONCURRENT freed 393K, 78% free 1324K/5827K, paused 1ms+1ms
05-29 20:04:06.286 D/dalvikvm( 1141): GC_CONCURRENT freed 392K, 76% free 1413K/5827K, paused 1ms+1ms
05-29 20:04:06.346 W/dalvikvm( 1553): JNI: pin count on array 0x41421540 ([B) is now 160
05-29 20:04:06.555 D/dalvikvm( 1141): GC_CONCURRENT freed 494K, 76% free 1423K/5827K, paused 1ms+1ms
05-29 20:04:06.610 D/dalvikvm( 1141): GC_CONCURRENT freed 492K, 76% free 1431K/5827K, paused 2ms+1ms
05-29 20:04:06.675 D/dalvikvm( 1141): GC_CONCURRENT freed 491K, 74% free 1560K/5827K, paused 0ms+1ms
05-29 20:04:06.807 D/dalvikvm( 1141): GC_CONCURRENT freed 641K, 77% free 1369K/5827K, paused 1ms+1ms
05-29 20:04:06.918 D/dalvikvm( 1141): GC_CONCURRENT freed 435K, 77% free 1347K/5827K, paused 1ms+1ms
05-29 20:04:07.071 D/dalvikvm( 1141): GC_CONCURRENT freed 427K, 76% free 1424K/5827K, paused 1ms+2ms
05-29 20:04:07.227 D/dalvikvm( 1141): GC_CONCURRENT freed 506K, 76% free 1425K/5827K, paused 1ms+1ms
05-29 20:04:07.347 W/dalvikvm( 1553): JNI: pin count on array 0x41421540 ([B) is now 161
05-29 20:04:07.374 D/dalvikvm( 1141): GC_CONCURRENT freed 488K, 78% free 1323K/5827K, paused 1ms+1ms
05-29 20:04:07.474 D/MonitorCw880( 1553): counter=4 && isHeartbeatTimeout=false
05-29 20:04:07.834 D/dalvikvm( 1141): GC_CONCURRENT freed 403K, 76% free 1426K/5827K, paused 1ms+1ms
05-29 20:04:07.983 D/dalvikvm( 1141): GC_CONCURRENT freed 489K, 78% free 1322K/5827K, paused 1ms+1ms
05-29 20:04:08.130 D/dalvikvm( 1141): GC_CONCURRENT freed 394K, 76% free 1450K/5827K, paused 1ms+1ms
05-29 20:04:08.346 W/dalvikvm( 1553): JNI: pin count on array 0x41421540 ([B) is now 162
05-29 20:04:08.511 D/dalvikvm( 1141): GC_CONCURRENT freed 525K, 73% free 1584K/5827K, paused 1ms+1ms
05-29 20:04:08.655 D/dalvikvm( 1141): GC_CONCURRENT freed 653K, 78% free 1325K/5827K, paused 1ms+1ms
05-29 20:04:09.351 W/dalvikvm( 1553): JNI: pin count on array 0x41421540 ([B) is now 163
05-29 20:04:09.394 D/dalvikvm( 1141): GC_CONCURRENT freed 404K, 75% free 1485K/5827K, paused 1ms+1ms
05-29 20:04:09.474 D/MonitorCw880( 1553): counter=6 && isHeartbeatTimeout=false
05-29 20:04:09.546 D/dalvikvm( 1141): GC_CONCURRENT freed 558K, 76% free 1424K/5827K, paused 1ms+1ms
05-29 20:04:10.383 W/dalvikvm( 1553): JNI: pin count on array 0x41421540 ([B) is now 164
05-29 20:04:10.494 D/dalvikvm( 1141): GC_CONCURRENT freed 508K, 78% free 1315K/5827K, paused 0ms+1ms
05-29 20:04:11.406 W/dalvikvm( 1553): JNI: pin count on array 0x41421540 ([B) is now 165
05-29 20:04:11.475 D/MonitorCw880( 1553): counter=8 && isHeartbeatTimeout=false
05-29 20:04:12.046 D/dalvikvm( 1141): GC_CONCURRENT freed 398K, 78% free 1300K/5827K, paused 1ms+1ms
05-29 20:04:12.198 D/dalvikvm( 1141): GC_CONCURRENT freed 372K, 77% free 1363K/5827K, paused 1ms+1ms
05-29 20:04:12.339 D/dalvikvm( 1141): GC_CONCURRENT freed 434K, 78% free 1322K/5827K, paused 1ms+1ms
05-29 20:04:12.363 W/dalvikvm( 1553): JNI: pin count on array 0x41421540 ([B) is now 166
05-29 20:04:12.478 D/dalvikvm( 1141): GC_CONCURRENT freed 392K, 78% free 1322K/5827K, paused 2ms+1ms
05-29 20:04:12.634 D/dalvikvm( 1141): GC_CONCURRENT freed 392K, 76% free 1428K/5827K, paused 1ms+1ms
05-29 20:04:12.882 D/dalvikvm( 1141): GC_CONCURRENT freed 513K, 78% free 1307K/5827K, paused 1ms+1ms
05-29 20:04:13.023 D/dalvikvm( 1141): GC_CONCURRENT freed 380K, 78% free 1321K/5827K, paused 0ms+1ms
05-29 20:04:13.170 D/dalvikvm( 1141): GC_CONCURRENT freed 395K, 78% free 1320K/5827K, paused 1ms+1ms
05-29 20:04:13.354 W/dalvikvm( 1553): JNI: pin count on array 0x41421540 ([B) is now 167
05-29 20:04:13.474 D/MonitorCw880( 1553): counter=10 && isHeartbeatTimeout=false
05-29 20:04:13.566 D/UpgradeAppStoreTimerTask( 1783):  ------:: UpgradeAppStoreTimerTask execute...
05-29 20:04:13.570 D/Tools   ( 1783):  ------:: osVersion 15
05-29 20:04:13.602 E/Tools   ( 1783):  ------:: getHttpUrlConnData IOExceptionhttp://app.longvisionmedia.com:80/appstore_service/appStore!getAppStoreClientUpdateUrl.action?osVersion=15&appStoreVersion=8&clientModel=mstaramber3box
05-29 20:04:13.602 D/Tools   ( 1783):  ------:: retObj = null
05-29 20:04:14.367 W/dalvikvm( 1553): JNI: pin count on array 0x41421540 ([B) is now 168
05-29 20:04:15.366 W/dalvikvm( 1553): JNI: pin count on array 0x41421540 ([B) is now 169
05-29 20:04:15.474 D/MonitorCw880( 1553): counter=12 && isHeartbeatTimeout=false
05-29 20:04:16.374 W/dalvikvm( 1553): JNI: pin count on array 0x41421540 ([B) is now 170
05-29 20:04:16.554 D/dalvikvm( 1141): GC_CONCURRENT freed 404K, 76% free 1438K/5827K, paused 2ms+1ms
05-29 20:04:17.067 D/HomePlayerLib( 1141): hostaddress count is 2
05-29 20:04:17.070 D/dalvikvm( 1141): GC_CONCURRENT freed 507K, 76% free 1434K/5827K, paused 1ms+0ms
05-29 20:04:17.118 D/dalvikvm( 1141): GC_CONCURRENT freed 504K, 76% free 1402K/5827K, paused 1ms+1ms
05-29 20:04:17.158 D/dalvikvm( 1141): GC_CONCURRENT freed 485K, 78% free 1318K/5827K, paused 1ms+1ms
05-29 20:04:17.211 D/dalvikvm( 1141): GC_CONCURRENT freed 378K, 78% free 1325K/5827K, paused 1ms+1ms
05-29 20:04:17.367 W/dalvikvm( 1553): JNI: pin count on array 0x41421540 ([B) is now 171
05-29 20:04:17.398 D/dalvikvm( 1141): GC_CONCURRENT freed 399K, 78% free 1323K/5827K, paused 1ms+1ms
05-29 20:04:17.446 D/dalvikvm( 1141): GC_CONCURRENT freed 408K, 78% free 1325K/5827K, paused 1ms+1ms
05-29 20:04:17.475 D/MonitorCw880( 1553): counter=4 && isHeartbeatTimeout=false
05-29 20:04:17.574 D/dalvikvm( 1141): GC_CONCURRENT freed 393K, 76% free 1432K/5827K, paused 1ms+1ms
05-29 20:04:17.710 D/dalvikvm( 1141): GC_CONCURRENT freed 491K, 77% free 1341K/5827K, paused 1ms+1ms
05-29 20:04:17.742 D/dalvikvm( 1141): GC_CONCURRENT freed 417K, 78% free 1325K/5827K, paused 1ms+1ms
05-29 20:04:17.871 D/dalvikvm( 1141): GC_CONCURRENT freed 405K, 78% free 1310K/5827K, paused 1ms+1ms
05-29 20:04:17.910 D/dalvikvm( 1141): GC_CONCURRENT freed 375K, 78% free 1323K/5827K, paused 1ms+1ms
05-29 20:04:18.015 D/dalvikvm( 1141): GC_CONCURRENT freed 392K, 78% free 1326K/5827K, paused 1ms+1ms
05-29 20:04:18.063 D/dalvikvm( 1141): GC_CONCURRENT freed 385K, 77% free 1391K/5827K, paused 1ms+1ms
05-29 20:04:18.210 D/dalvikvm( 1141): GC_CONCURRENT freed 466K, 76% free 1427K/5827K, paused 0ms+0ms
05-29 20:04:18.346 D/dalvikvm( 1141): GC_CONCURRENT freed 509K, 76% free 1426K/5827K, paused 1ms+2ms
05-29 20:04:18.375 W/dalvikvm( 1553): JNI: pin count on array 0x41421540 ([B) is now 172
05-29 20:04:18.498 D/dalvikvm( 1141): GC_CONCURRENT freed 489K, 76% free 1446K/5827K, paused 1ms+1ms
05-29 20:04:18.646 D/dalvikvm( 1141): GC_CONCURRENT freed 517K, 78% free 1328K/5827K, paused 1ms+1ms
05-29 20:04:18.898 D/dalvikvm( 1141): GC_CONCURRENT freed 405K, 76% free 1434K/5827K, paused 1ms+1ms
05-29 20:04:19.386 W/dalvikvm( 1553): JNI: pin count on array 0x41421540 ([B) is now 173
05-29 20:04:19.474 D/MonitorCw880( 1553): counter=6 && isHeartbeatTimeout=false
05-29 20:04:19.998 D/dalvikvm( 1141): GC_CONCURRENT freed 516K, 77% free 1376K/5827K, paused 1ms+1ms
05-29 20:04:20.134 D/dalvikvm( 1141): GC_CONCURRENT freed 446K, 78% free 1323K/5827K, paused 1ms+1ms
05-29 20:04:20.271 D/dalvikvm( 1141): GC_CONCURRENT freed 393K, 78% free 1323K/5827K, paused 1ms+1ms
05-29 20:04:20.382 W/dalvikvm( 1553): JNI: pin count on array 0x41421540 ([B) is now 174
05-29 20:04:20.526 D/dalvikvm( 1141): GC_CONCURRENT freed 404K, 77% free 1353K/5827K, paused 0ms+1ms
05-29 20:04:20.679 D/dalvikvm( 1141): GC_CONCURRENT freed 435K, 78% free 1318K/5827K, paused 0ms+1ms
05-29 20:04:20.826 D/dalvikvm( 1141): GC_CONCURRENT freed 394K, 78% free 1318K/5827K, paused 1ms+1ms
05-29 20:04:20.967 D/dalvikvm( 1141): GC_CONCURRENT freed 405K, 78% free 1322K/5827K, paused 1ms+1ms
05-29 20:04:21.106 D/dalvikvm( 1141): GC_CONCURRENT freed 393K, 78% free 1322K/5827K, paused 0ms+1ms
05-29 20:04:21.243 D/dalvikvm( 1141): GC_CONCURRENT freed 393K, 78% free 1322K/5827K, paused 1ms+1ms
05-29 20:04:21.378 D/dalvikvm( 1141): GC_CONCURRENT freed 391K, 78% free 1322K/5827K, paused 1ms+1ms
05-29 20:04:21.382 W/dalvikvm( 1553): JNI: pin count on array 0x41421540 ([B) is now 175
05-29 20:04:21.478 D/MonitorCw880( 1553): counter=8 && isHeartbeatTimeout=false
05-29 20:04:21.639 D/dalvikvm( 1141): GC_CONCURRENT freed 403K, 78% free 1319K/5827K, paused 1ms+1ms
05-29 20:04:21.783 D/dalvikvm( 1141): GC_FOR_ALLOC freed 529K, 78% free 1298K/5827K, paused 10ms
05-29 20:04:21.802 D/dalvikvm( 1141): GC_CONCURRENT freed 7K, 78% free 1299K/5827K, paused 1ms+1ms
05-29 20:04:21.946 D/dalvikvm( 1141): GC_CONCURRENT freed 374K, 78% free 1309K/5827K, paused 1ms+1ms
05-29 20:04:22.090 D/dalvikvm( 1141): GC_CONCURRENT freed 392K, 78% free 1310K/5827K, paused 1ms+1ms
05-29 20:04:22.239 D/dalvikvm( 1141): GC_CONCURRENT freed 392K, 77% free 1340K/5827K, paused 1ms+1ms
05-29 20:04:22.383 W/dalvikvm( 1553): JNI: pin count on array 0x41421540 ([B) is now 176
05-29 20:04:22.515 D/dalvikvm( 1141): GC_CONCURRENT freed 415K, 76% free 1435K/5827K, paused 2ms+1ms
05-29 20:04:22.690 D/dalvikvm( 1141): GC_CONCURRENT freed 517K, 76% free 1419K/5827K, paused 0ms+1ms
05-29 20:04:22.834 D/dalvikvm( 1141): GC_CONCURRENT freed 488K, 78% free 1323K/5827K, paused 0ms+1ms
05-29 20:04:23.386 W/dalvikvm( 1553): JNI: pin count on array 0x41421540 ([B) is now 177
05-29 20:04:23.478 D/MonitorCw880( 1553): counter=10 && isHeartbeatTimeout=false
05-29 20:04:24.394 W/dalvikvm( 1553): JNI: pin count on array 0x41421540 ([B) is now 178
05-29 20:04:25.402 W/dalvikvm( 1553): JNI: pin count on array 0x41421540 ([B) is now 179
05-29 20:04:25.479 D/MonitorCw880( 1553): counter=12 && isHeartbeatTimeout=false
05-29 20:04:26.406 W/dalvikvm( 1553): JNI: pin count on array 0x41421540 ([B) is now 180
05-29 20:04:26.830 D/dalvikvm( 1141): GC_CONCURRENT freed 404K, 78% free 1319K/5827K, paused 1ms+1ms
05-29 20:04:26.982 D/dalvikvm( 1141): GC_CONCURRENT freed 395K, 78% free 1317K/5827K, paused 1ms+1ms
05-29 20:04:27.130 D/dalvikvm( 1141): GC_CONCURRENT freed 394K, 78% free 1318K/5827K, paused 1ms+2ms
05-29 20:04:27.286 D/dalvikvm( 1141): GC_CONCURRENT freed 394K, 76% free 1431K/5827K, paused 1ms+2ms
05-29 20:04:27.402 W/dalvikvm( 1553): JNI: pin count on array 0x41421540 ([B) is now 181
05-29 20:04:27.435 D/dalvikvm( 1141): GC_CONCURRENT freed 514K, 78% free 1320K/5827K, paused 1ms+1ms
05-29 20:04:27.478 D/MonitorCw880( 1553): counter=4 && isHeartbeatTimeout=false
05-29 20:04:28.407 W/dalvikvm( 1553): JNI: pin count on array 0x41421540 ([B) is now 182
05-29 20:04:28.578 D/dalvikvm( 1141): GC_CONCURRENT freed 401K, 76% free 1417K/5827K, paused 1ms+2ms
05-29 20:04:28.599 D/HomePlayerLib( 1141): hostaddress count is 2
05-29 20:04:28.630 D/dalvikvm( 1141): GC_CONCURRENT freed 498K, 78% free 1333K/5827K, paused 1ms+1ms
05-29 20:04:28.690 D/dalvikvm( 1141): GC_CONCURRENT freed 415K, 77% free 1349K/5827K, paused 1ms+1ms
05-29 20:04:28.743 D/dalvikvm( 1141): GC_CONCURRENT freed 438K, 77% free 1354K/5827K, paused 1ms+1ms
05-29 20:04:28.851 D/dalvikvm( 1141): GC_CONCURRENT freed 420K, 76% free 1432K/5827K, paused 1ms+2ms
05-29 20:04:28.995 D/dalvikvm( 1141): GC_CONCURRENT freed 514K, 78% free 1303K/5827K, paused 1ms+1ms
05-29 20:04:29.074 D/dalvikvm( 1141): GC_CONCURRENT freed 381K, 77% free 1383K/5827K, paused 1ms+1ms
05-29 20:04:29.242 D/dalvikvm( 1141): GC_CONCURRENT freed 455K, 76% free 1440K/5827K, paused 1ms+1ms
05-29 20:04:29.290 D/dalvikvm( 1141): GC_CONCURRENT freed 516K, 76% free 1429K/5827K, paused 1ms+1ms
05-29 20:04:29.406 W/dalvikvm( 1553): JNI: pin count on array 0x41421540 ([B) is now 183
05-29 20:04:29.442 D/dalvikvm( 1141): GC_CONCURRENT freed 488K, 76% free 1401K/5827K, paused 1ms+0ms
05-29 20:04:29.482 D/MonitorCw880( 1553): counter=6 && isHeartbeatTimeout=false
05-29 20:04:29.494 D/dalvikvm( 1141): GC_CONCURRENT freed 469K, 76% free 1432K/5827K, paused 1ms+1ms
05-29 20:04:29.554 D/dalvikvm( 1141): GC_CONCURRENT freed 515K, 78% free 1336K/5827K, paused 0ms+1ms
05-29 20:04:29.590 D/dalvikvm( 1141): GC_CONCURRENT freed 410K, 78% free 1310K/5827K, paused 0ms+1ms
05-29 20:04:29.706 D/dalvikvm( 1141): GC_CONCURRENT freed 376K, 77% free 1341K/5827K, paused 1ms+1ms
05-29 20:04:29.862 D/dalvikvm( 1141): GC_CONCURRENT freed 425K, 76% free 1424K/5827K, paused 0ms+1ms
05-29 20:04:30.015 D/dalvikvm( 1141): GC_CONCURRENT freed 506K, 76% free 1425K/5827K, paused 1ms+1ms
05-29 20:04:30.159 D/dalvikvm( 1141): GC_CONCURRENT freed 488K, 78% free 1328K/5827K, paused 1ms+1ms
05-29 20:04:30.406 D/dalvikvm( 1141): GC_CONCURRENT freed 405K, 78% free 1310K/5827K, paused 1ms+1ms
05-29 20:04:30.418 W/dalvikvm( 1553): JNI: pin count on array 0x41421540 ([B) is now 184
05-29 20:04:30.567 D/dalvikvm( 1141): GC_CONCURRENT freed 395K, 78% free 1308K/5827K, paused 1ms+1ms
05-29 20:04:30.718 D/dalvikvm( 1141): GC_CONCURRENT freed 392K, 76% free 1416K/5827K, paused 1ms+1ms
05-29 20:04:30.870 D/dalvikvm( 1141): GC_CONCURRENT freed 487K, 76% free 1409K/5827K, paused 1ms+1ms
05-29 20:04:31.126 D/dalvikvm( 1141): GC_CONCURRENT freed 486K, 78% free 1320K/5827K, paused 1ms+1ms
05-29 20:04:31.378 D/dalvikvm( 1141): GC_CONCURRENT freed 397K, 78% free 1317K/5827K, paused 1ms+1ms
05-29 20:04:31.426 W/dalvikvm( 1553): JNI: pin count on array 0x41421540 ([B) is now 185
05-29 20:04:31.482 D/MonitorCw880( 1553): counter=8 && isHeartbeatTimeout=false
05-29 20:04:31.902 D/dalvikvm( 1141): GC_CONCURRENT freed 404K, 78% free 1305K/5827K, paused 0ms+2ms
05-29 20:04:32.046 D/dalvikvm( 1141): GC_CONCURRENT freed 392K, 77% free 1378K/5827K, paused 1ms+1ms
05-29 20:04:32.194 D/dalvikvm( 1141): GC_CONCURRENT freed 461K, 77% free 1382K/5827K, paused 0ms+1ms
05-29 20:04:32.427 W/dalvikvm( 1553): JNI: pin count on array 0x41421540 ([B) is now 186
05-29 20:04:32.451 D/dalvikvm( 1141): GC_CONCURRENT freed 458K, 76% free 1435K/5827K, paused 1ms+1ms
05-29 20:04:32.598 D/dalvikvm( 1141): GC_CONCURRENT freed 518K, 76% free 1417K/5827K, paused 1ms+1ms
05-29 20:04:33.423 W/dalvikvm( 1553): JNI: pin count on array 0x41421540 ([B) is now 187
05-29 20:04:33.483 D/MonitorCw880( 1553): counter=10 && isHeartbeatTimeout=false
05-29 20:04:34.419 W/dalvikvm( 1553): JNI: pin count on array 0x41421540 ([B) is now 188
05-29 20:04:35.427 W/dalvikvm( 1553): JNI: pin count on array 0x41421540 ([B) is now 189
05-29 20:04:35.482 D/MonitorCw880( 1553): counter=12 && isHeartbeatTimeout=false
05-29 20:04:36.426 W/dalvikvm( 1553): JNI: pin count on array 0x41421540 ([B) is now 190
05-29 20:04:37.438 W/dalvikvm( 1553): JNI: pin count on array 0x41421540 ([B) is now 191
05-29 20:04:37.482 D/MonitorCw880( 1553): counter=4 && isHeartbeatTimeout=false
05-29 20:04:38.430 W/dalvikvm( 1553): JNI: pin count on array 0x41421540 ([B) is now 192
05-29 20:04:39.430 W/dalvikvm( 1553): JNI: pin count on array 0x41421540 ([B) is now 193
05-29 20:04:39.483 D/MonitorCw880( 1553): counter=6 && isHeartbeatTimeout=false
05-29 20:04:40.014 D/dalvikvm( 1141): GC_FOR_ALLOC freed 627K, 78% free 1301K/5827K, paused 10ms
05-29 20:04:40.038 D/dalvikvm( 1141): GC_CONCURRENT freed 5K, 77% free 1370K/5827K, paused 1ms+1ms
05-29 20:04:40.050 D/HomePlayerLib( 1141): hostaddress count is 2
05-29 20:04:40.074 D/dalvikvm( 1141): GC_CONCURRENT freed 452K, 78% free 1308K/5827K, paused 1ms+1ms
05-29 20:04:40.114 D/dalvikvm( 1141): GC_CONCURRENT freed 387K, 78% free 1321K/5827K, paused 1ms+1ms
05-29 20:04:40.155 D/dalvikvm( 1141): GC_CONCURRENT freed 400K, 78% free 1319K/5827K, paused 0ms+1ms
05-29 20:04:40.290 D/dalvikvm( 1141): GC_CONCURRENT freed 395K, 76% free 1436K/5827K, paused 1ms+1ms
05-29 20:04:40.362 D/dalvikvm( 1141): GC_CONCURRENT freed 524K, 76% free 1412K/5827K, paused 1ms+1ms
05-29 20:04:40.438 W/dalvikvm( 1553): JNI: pin count on array 0x41421540 ([B) is now 194
05-29 20:04:40.503 D/dalvikvm( 1141): GC_CONCURRENT freed 490K, 76% free 1433K/5827K, paused 1ms+6ms
05-29 20:04:40.618 I/CheckinService( 1232): Preparing to send checkin request
05-29 20:04:40.618 I/EventLogService( 1232): Accumulating logs since 1369829030148
05-29 20:04:40.674 D/dalvikvm(  991): GC_CONCURRENT freed 644K, 57% free 3542K/8195K, paused 2ms+5ms
05-29 20:04:40.702 D/dalvikvm( 1141): GC_CONCURRENT freed 508K, 76% free 1429K/5827K, paused 1ms+1ms
05-29 20:04:40.714 W/CheckinRequestBuilder( 1232): Unknown phone type: 0 id=null
05-29 20:04:40.779 D/dalvikvm( 1141): GC_CONCURRENT freed 514K, 76% free 1424K/5827K, paused 1ms+1ms
05-29 20:04:40.818 I/CheckinTask( 1232): Sending checkin request (1018 bytes)
05-29 20:04:40.851 D/dalvikvm( 1141): GC_CONCURRENT freed 484K, 76% free 1451K/5827K, paused 1ms+1ms
05-29 20:04:40.894 D/dalvikvm( 1141): GC_CONCURRENT freed 515K, 78% free 1326K/5827K, paused 1ms+1ms
05-29 20:04:41.010 D/dalvikvm( 1141): GC_CONCURRENT freed 391K, 78% free 1331K/5827K, paused 1ms+1ms
05-29 20:04:41.079 D/dalvikvm( 1232): GC_CONCURRENT freed 415K, 71% free 1755K/6019K, paused 1ms+3ms
05-29 20:04:41.146 D/dalvikvm( 1141): GC_CONCURRENT freed 414K, 77% free 1393K/5827K, paused 1ms+2ms
05-29 20:04:41.295 D/dalvikvm( 1141): GC_CONCURRENT freed 475K, 78% free 1312K/5827K, paused 0ms+1ms
05-29 20:04:41.446 W/dalvikvm( 1553): JNI: pin count on array 0x41421540 ([B) is now 195
05-29 20:04:41.451 D/dalvikvm( 1141): GC_CONCURRENT freed 396K, 78% free 1309K/5827K, paused 1ms+1ms
05-29 20:04:41.482 D/MonitorCw880( 1553): counter=8 && isHeartbeatTimeout=false
05-29 20:04:41.607 D/dalvikvm( 1141): GC_CONCURRENT freed 391K, 76% free 1422K/5827K, paused 1ms+1ms
05-29 20:04:41.854 D/dalvikvm( 1141): GC_CONCURRENT freed 496K, 78% free 1340K/5827K, paused 1ms+1ms
05-29 20:04:41.998 D/dalvikvm( 1141): GC_CONCURRENT freed 408K, 78% free 1322K/5827K, paused 0ms+1ms
05-29 20:04:42.147 D/dalvikvm( 1141): GC_CONCURRENT freed 394K, 78% free 1321K/5827K, paused 0ms+1ms
05-29 20:04:42.303 D/dalvikvm( 1141): GC_CONCURRENT freed 394K, 76% free 1427K/5827K, paused 0ms+1ms
05-29 20:04:42.450 W/dalvikvm( 1553): JNI: pin count on array 0x41421540 ([B) is now 196
