03-18 09:46:37.626 D/brcm-vd (27444): [video_decoder__UseBuffer]: allocated 0x4e589c60, 0x4a77bc48(576000) output port
03-18 09:46:37.626 V/AudioFlinger(27444): stop(4099), calling pid 27444
03-18 09:46:37.626 V/AudioFlinger(27444): TrackBase::reset
03-18 09:46:37.626 V/AudioFlinger(27444): not stopping/stopped => stopping/stopped (4099) on thread 0x414295b0
03-18 09:46:37.626 V/AudioPolicyManagerBase(27444): stopOutput() output 2, stream 3, session 9130
03-18 09:46:37.626 V/AudioPolicyManagerBase(27444): changeRefCount() stream 3, count 0
03-18 09:46:37.626 D/brcm-vd (27444): [video_decoder__GetParameter]: port-def [out] = 64/64, 5/3, 0, 258, 800x480/0x480
03-18 09:46:37.626 D/brcm-vd (27444): [video_decoder__UseBuffer]: locating 0 returns 0x80000004, output port
03-18 09:46:37.626 D/brcm-vd (27444): [video_decoder__UseBuffer]: allocated 0x4e589e50, 0x4e589dc8(576000) output port
03-18 09:46:37.626 D/brcm-vd (27444): [video_decoder__enable_ports]: enable MMAL ports
03-18 09:46:37.626 D/AudioPolicyManagerALSA(27444): mFmRadioStatus=0,mFmRadioSinkDev=4,device2=0
03-18 09:46:37.626 I/AudioPolicyManagerALSA(27444): MUSIC is playing but no on primary device, new device=2
03-18 09:46:37.626 V/AudioPolicyManagerBase(27444): setOutputDevice() output 2 device 0002 delayMs 86
03-18 09:46:37.626 V/AudioPolicyManagerBase(27444): setOutputDevice() prevDevice 0002
03-18 09:46:37.626 D/AudioPolicyManagerALSA(27444): mFmRadioStatus=0,mFmRadioSinkDev=4,device2=0
03-18 09:46:37.626 D/AudioPolicyManagerALSA(27444): mFmRadioStatus=0,mFmRadioSinkDev=4,device2=0
03-18 09:46:37.626 D/AudioPolicyManagerALSA(27444): mFmRadioStatus=0,mFmRadioSinkDev=4,device2=0
03-18 09:46:37.626 D/AudioPolicyManagerALSA(27444): mFmRadioStatus=0,mFmRadioSinkDev=4,device2=0
03-18 09:46:37.636 D/AudioPolicyManagerALSA(27444): mFmRadioStatus=0,mFmRadioSinkDev=4,device2=0
03-18 09:46:37.636 V/AudioPolicyManagerBase(27444): setOutputDevice() setting same device 0002 or null device for output 2
03-18 09:46:37.636 V/AudioPolicyManagerALSA(27444): getDeviceForStrategy() from cache strategy 3, device 2
03-18 09:46:37.636 D/AudioPolicyManagerALSA(27444): mFmRadioStatus=0,mFmRadioSinkDev=4,device2=0
03-18 09:46:37.636 D/AudioPolicyManagerALSA(27444): mFmRadioStatus=0,mFmRadioSinkDev=4,device2=0
03-18 09:46:37.636 D/AudioPolicyManagerALSA(27444): mFmRadioStatus=0,mFmRadioSinkDev=4,device2=0
03-18 09:46:37.636 D/AudioPolicyManagerALSA(27444): mFmRadioStatus=0,mFmRadioSinkDev=4,device2=0
03-18 09:46:37.636 D/AudioPolicyManagerALSA(27444): mFmRadioStatus=0,mFmRadioSinkDev=4,device2=0
03-18 09:46:37.636 D/AudioPolicyManagerALSA(27444): mFmRadioStatus=0,mFmRadioSinkDev=4,device2=0
03-18 09:46:37.636 V/AudioPolicyManagerBase(27444): releaseOutput() 2
03-18 09:46:37.636 V/AudioFlinger(27444): remove track (4099) and delete from mixer
03-18 09:46:37.636 V/AudioFlinger(27444): PlaybackThread::Track destructor
03-18 09:46:37.636 V/AudioFlinger(27444): removeClient_l() pid 27444, tid 23520, calling tid 27444
03-18 09:46:37.636 V/AudioFlinger(27444): releasing 9130 from 27444
03-18 09:46:37.636 V/AudioFlinger(27444):  decremented refcount to 0
03-18 09:46:37.636 V/AudioFlinger(27444): purging stale effects
03-18 09:46:37.636 D/AudioPolicyManagerALSA(27444): mFmRadioStatus=0,mFmRadioSinkDev=4,device2=0
03-18 09:46:37.636 V/AudioPolicyManagerBase(27444): getOutput() stream 3, samplingRate 0, format 0, channelMask 3, flags 0
03-18 09:46:37.636 V/AudioPolicyManagerBase(27444): getOutput() returns output 2
03-18 09:46:37.636 D/AudioPolicyManagerALSA(27444): mFmRadioStatus=0,mFmRadioSinkDev=4,device2=0
03-18 09:46:37.636 V/AudioPolicyManagerBase(27444): getOutput() stream 3, samplingRate 0, format 0, channelMask 3, flags 0
03-18 09:46:37.636 V/AudioPolicyManagerBase(27444): getOutput() returns output 2
03-18 09:46:37.636 D/AudioPolicyManagerALSA(27444): mFmRadioStatus=0,mFmRadioSinkDev=4,device2=0
03-18 09:46:37.636 V/AudioPolicyManagerBase(27444): getOutput() stream 3, samplingRate 44100, format 1, channelMask 3, flags 0
03-18 09:46:37.636 V/AudioPolicyManagerBase(27444): getOutput() returns output 2
03-18 09:46:37.636 V/AudioFlinger(27444): createTrack() sessionId: 9130
03-18 09:46:37.636 V/AudioFlinger(27444): createTrack() lSessionId: 9130
03-18 09:46:37.636 V/AudioFlinger(27444): Track constructor name 4099, calling pid 27444
03-18 09:46:37.636 V/AudioFlinger(27444): acquiring 9130 from 27444
03-18 09:46:37.636 D/brcm-vd (27444): [video_decoder__check_complete]: state changing completed
03-18 09:46:37.636 D/brcm-vd (27444): [video_decoder__openmax_main]: state changed ( 0, 3 )
03-18 09:46:37.636 V/AudioFlinger(27444):  added new entry for 9130
03-18 09:46:37.636 D/AudioPolicyManagerALSA(27444): mFmRadioStatus=0,mFmRadioSinkDev=4,device2=0
03-18 09:46:37.636 V/AudioPolicyManagerBase(27444): getOutput() stream 3, samplingRate 0, format 0, channelMask 3, flags 0
03-18 09:46:37.636 V/AudioPolicyManagerBase(27444): getOutput() returns output 2
03-18 09:46:37.636 V/AudioFlinger(27444): start(4099), calling pid 27444 session 9130
03-18 09:46:37.636 V/AudioFlinger(27444): ? => ACTIVE (4099) on thread 0x5358cd00
03-18 09:46:37.636 V/AudioPolicyManagerBase(27444): startOutput() output 2, stream 3, session 9130
03-18 09:46:37.636 V/AudioPolicyManagerBase(27444): changeRefCount() stream 3, count 1
03-18 09:46:37.636 D/AudioPolicyManagerALSA(27444): mFmRadioStatus=0,mFmRadioSinkDev=4,device2=0
03-18 09:46:37.636 V/AudioPolicyManagerBase(27444): setOutputDevice() output 2 device 0002 delayMs 0
03-18 09:46:37.636 V/AudioPolicyManagerBase(27444): setOutputDevice() prevDevice 0002
03-18 09:46:37.636 D/AudioPolicyManagerALSA(27444): mFmRadioStatus=0,mFmRadioSinkDev=4,device2=0
03-18 09:46:37.636 D/AudioPolicyManagerALSA(27444): mFmRadioStatus=0,mFmRadioSinkDev=4,device2=0
03-18 09:46:37.636 D/AudioPolicyManagerALSA(27444): mFmRadioStatus=0,mFmRadioSinkDev=4,device2=0
03-18 09:46:37.636 D/AudioPolicyManagerALSA(27444): mFmRadioStatus=0,mFmRadioSinkDev=4,device2=0
03-18 09:46:37.636 D/AudioPolicyManagerALSA(27444): mFmRadioStatus=0,mFmRadioSinkDev=4,device2=0
03-18 09:46:37.636 V/AudioPolicyManagerBase(27444): setOutputDevice() setting same device 0002 or null device for output 2
03-18 09:46:37.636 V/AudioPolicyManagerALSA(27444): getDeviceForStrategy() from cache strategy 3, device 2
03-18 09:46:37.636 D/AudioPolicyManagerALSA(27444): mFmRadioStatus=0,mFmRadioSinkDev=4,device2=0
03-18 09:46:37.636 D/AudioPolicyManagerALSA(27444): mFmRadioStatus=0,mFmRadioSinkDev=4,device2=0
03-18 09:46:37.636 D/AudioPolicyManagerALSA(27444): mFmRadioStatus=0,mFmRadioSinkDev=4,device2=0
03-18 09:46:37.636 D/AudioPolicyManagerALSA(27444): mFmRadioStatus=0,mFmRadioSinkDev=4,device2=0
03-18 09:46:37.636 D/AudioPolicyManagerALSA(27444): mFmRadioStatus=0,mFmRadioSinkDev=4,device2=0
03-18 09:46:37.636 D/AudioPolicyManagerALSA(27444): mFmRadioStatus=0,mFmRadioSinkDev=4,device2=0
03-18 09:46:37.636 V/AudioFlinger(27444): mWaitWorkCV.broadcast
03-18 09:46:37.636 V/AudioFlinger(27444): thread 0x414295b0 type 0 TID 27449 waking up
03-18 09:46:37.636 V/AudioFlinger(27444): acquireWakeLock_l() AudioOut_2 status 0
03-18 09:46:37.646 I/brcm-vd (27444): [video_decoder__return_buffer]: received event EFCH on port 3,0
03-18 09:46:37.646 I/brcm-vd (27444): new aspect ratio 16x15
03-18 09:46:37.646 D/brcm-vd (27444): [video_decoder__GetParameter]: port-def [out] = 64/64, 5/3, 0, 258, 800x480/0x480
03-18 09:46:37.646 D/brcm-vd (27444): [video_decoder__GetConfig]: crop [out] = (0, 0) (800x480)
03-18 09:46:37.646 V/MediaControler(22834): onVideoSizeChanged called
03-18 09:46:37.646 E/MediaControler(22834): video width(800) or height(480)
03-18 09:46:37.656 I/VideoPlayer(22834): HWRate1:1.6666666--HWRate2:1.7777778
03-18 09:46:37.656 I/VideoPlayer(22834): rate22:1.6666666
03-18 09:46:37.656 D/VideoPlayer(22834): screenWidth:1280--screenHeight:720
03-18 09:46:37.656 D/VideoPlayer(22834): videoWidth:800--videoHeight:480
03-18 09:46:37.656 D/VideoPlayer(22834): surfcaeWidth:1200-surfaceHeight:720
03-18 09:46:37.676 D/AudioHardwareALSA(27444): Prepare success result=0
03-18 09:46:37.986 V/ChromiumHTTPDataSource(27444): connect on behalf of uid 10052
03-18 09:46:37.986 I/ChromiumHTTPDataSource(27444): connect to http://vod.feifeikan.com/vod/coshipottTWSX1000000000000254_800/246.ts @0
03-18 09:46:38.627 D/MediaControler(22834): getCurrentPos:769320
03-18 09:46:38.627 D/VideoPlayer(22834): MSG_GET_PLAY_STATE curPos:769320/isSeeking:true
03-18 09:46:38.787 V/ChromiumHTTPDataSource(27444): connect on behalf of uid 10052
03-18 09:46:38.787 I/ChromiumHTTPDataSource(27444): connect to http://vod.feifeikan.com/vod/coshipottTWSX1000000000000254_800/247.ts @0
03-18 09:46:39.228 V/ChromiumHTTPDataSource(27444): connect on behalf of uid 10052
03-18 09:46:39.228 I/ChromiumHTTPDataSource(27444): connect to http://vod.feifeikan.com/vod/coshipottTWSX1000000000000254_800/248.ts @0
03-18 09:46:39.628 D/MediaControler(22834): getCurrentPos:770360
03-18 09:46:39.628 D/VideoPlayer(22834): MSG_GET_PLAY_STATE curPos:770360/isSeeking:true
03-18 09:46:39.628 E/VideoPlayer(22834): hidenController
03-18 09:46:39.888 V/ChromiumHTTPDataSource(27444): connect on behalf of uid 10052
03-18 09:46:39.888 I/ChromiumHTTPDataSource(27444): connect to http://vod.feifeikan.com/vod/coshipottTWSX1000000000000254_800/249.ts @0
03-18 09:46:40.629 D/MediaControler(22834): getCurrentPos:771415
03-18 09:46:40.629 D/VideoPlayer(22834): MSG_GET_PLAY_STATE curPos:771415/isSeeking:true
03-18 09:46:41.140 V/ChromiumHTTPDataSource(27444): connect on behalf of uid 10052
03-18 09:46:41.140 I/ChromiumHTTPDataSource(27444): connect to http://vod.feifeikan.com/vod/coshipottTWSX1000000000000254_800/250.ts @0
03-18 09:46:41.630 D/MediaControler(22834): getCurrentPos:772400
03-18 09:46:41.630 D/VideoPlayer(22834): MSG_GET_PLAY_STATE curPos:772400/isSeeking:false
03-18 09:46:41.630 E/MediaControler(22834): getDuration:6085000
03-18 09:46:41.630 I/VideoPlayer(22834): duration:6085
03-18 09:46:41.630 D/MediaControler(22834): getCurrentPos:772400
03-18 09:46:41.630 D/VideoPlayer(22834): onProgressChanged progress:772
03-18 09:46:41.630 D/VideoPlayer(22834): update time View:6085
03-18 09:46:42.631 D/MediaControler(22834): getCurrentPos:773424
03-18 09:46:42.631 D/VideoPlayer(22834): MSG_GET_PLAY_STATE curPos:773424/isSeeking:false
03-18 09:46:42.631 E/MediaControler(22834): getDuration:6085000
03-18 09:46:42.631 I/VideoPlayer(22834): duration:6085
03-18 09:46:42.631 D/MediaControler(22834): getCurrentPos:773424
03-18 09:46:42.631 D/VideoPlayer(22834): onProgressChanged progress:773
03-18 09:46:42.631 D/VideoPlayer(22834): update time View:6085
03-18 09:46:42.831 V/ChromiumHTTPDataSource(27444): connect on behalf of uid 10052
03-18 09:46:42.831 I/ChromiumHTTPDataSource(27444): connect to http://vod.feifeikan.com/vod/coshipottTWSX1000000000000254_800/251.ts @0
03-18 09:46:43.642 D/MediaControler(22834): getCurrentPos:774383
03-18 09:46:43.642 D/VideoPlayer(22834): MSG_GET_PLAY_STATE curPos:774383/isSeeking:false
03-18 09:46:43.642 E/MediaControler(22834): getDuration:6085000
03-18 09:46:43.642 I/VideoPlayer(22834): duration:6085
03-18 09:46:43.642 D/MediaControler(22834): getCurrentPos:774383
03-18 09:46:43.642 D/VideoPlayer(22834): onProgressChanged progress:774
03-18 09:46:43.642 D/VideoPlayer(22834): update time View:6085
03-18 09:46:44.633 D/MediaControler(22834): getCurrentPos:775343
03-18 09:46:44.633 D/VideoPlayer(22834): MSG_GET_PLAY_STATE curPos:775343/isSeeking:false
03-18 09:46:44.633 E/MediaControler(22834): getDuration:6085000
03-18 09:46:44.633 I/VideoPlayer(22834): duration:6085
03-18 09:46:44.633 D/MediaControler(22834): getCurrentPos:775343
03-18 09:46:44.633 D/VideoPlayer(22834): onProgressChanged progress:775
03-18 09:46:44.633 D/VideoPlayer(22834): update time View:6085
03-18 09:46:45.634 D/MediaControler(22834): getCurrentPos:776431
03-18 09:46:45.634 D/VideoPlayer(22834): MSG_GET_PLAY_STATE curPos:776431/isSeeking:false
03-18 09:46:45.634 E/MediaControler(22834): getDuration:6085000
03-18 09:46:45.634 I/VideoPlayer(22834): duration:6085
03-18 09:46:45.634 D/MediaControler(22834): getCurrentPos:776431
03-18 09:46:45.634 D/VideoPlayer(22834): onProgressChanged progress:776
03-18 09:46:45.634 D/VideoPlayer(22834): update time View:6085
03-18 09:46:45.704 V/ChromiumHTTPDataSource(27444): connect on behalf of uid 10052
03-18 09:46:45.704 I/ChromiumHTTPDataSource(27444): connect to http://vod.feifeikan.com/vod/coshipottTWSX1000000000000254_800/252.ts @0
03-18 09:46:46.625 D/MediaControler(22834): getCurrentPos:777391
03-18 09:46:46.625 D/VideoPlayer(22834): MSG_GET_PLAY_STATE curPos:777391/isSeeking:false
03-18 09:46:46.625 E/MediaControler(22834): getDuration:6085000
03-18 09:46:46.625 I/VideoPlayer(22834): duration:6085
03-18 09:46:46.625 D/MediaControler(22834): getCurrentPos:777391
03-18 09:46:46.625 D/VideoPlayer(22834): onProgressChanged progress:777
03-18 09:46:46.625 D/VideoPlayer(22834): update time View:6085
03-18 09:46:46.875 D/BatteryService(  384): mAcOnlinefalsemUsbOnline:truemBatteryStatus 2
03-18 09:46:46.875 D/BatteryService(  384): mBatteryLevel78isPowered():trueActivityManagerNative.isSystemReady():true
03-18 09:46:46.885 D/BatteryService(  384): mAcOnlinefalsemUsbOnline:truemBatteryStatus 2
03-18 09:46:46.895 D/ActivityManager(  384): mBatteryStatusReceiver, action=android.intent.action.BATTERY_CHANGED
03-18 09:46:46.895 D/ActivityManager(  384): mBatteryStatusReceiver, plugged=2, mBatteryStatusPlugged=2, fakeShutdownMode=false
03-18 09:46:46.945 I/BRCM    (  127): usb_portd log change:0
03-18 09:46:46.945 I/BRCM    (  127): update_log_state: prev s_log_state:0 new log:0 connect:0
03-18 09:46:46.945 I/BRCM    (  127): update_log_state: LOG_STATE_NON_USB no change
03-18 09:46:46.945 I/BRCM    (  126): usb_portd log change:0
03-18 09:46:46.945 I/BRCM    (  127): update_log_state: new s_log_state:0
03-18 09:46:46.945 I/BRCM    (  126): update_log_state: prev s_log_state:0 new log:0 connect:0
03-18 09:46:46.945 I/BRCM    (  126): update_log_state: LOG_STATE_NON_USB no change
03-18 09:46:46.945 I/BRCM    (  126): update_log_state: new s_log_state:0
03-18 09:46:46.965 D/BatteryService(  384): mAcOnlinefalsemUsbOnline:falsemBatteryStatus 3
03-18 09:46:46.965 D/BatteryService(  384): mBatteryLevel78isPowered():falseActivityManagerNative.isSystemReady():true
03-18 09:46:46.965 D/BatteryService(  384): mAcOnlinefalsemUsbOnline:falsemBatteryStatus 3
03-18 09:46:46.965 D/ActivityManager(  384): mBatteryStatusReceiver, action=android.intent.action.BATTERY_CHANGED
03-18 09:46:46.965 D/ActivityManager(  384): mBatteryStatusReceiver, plugged=0, mBatteryStatusPlugged=2, fakeShutdownMode=false
03-18 09:46:46.975 D/BatteryService(  384): mAcOnlinefalsemUsbOnline:falsemBatteryStatus 3
03-18 09:46:46.975 D/BatteryService(  384): mBatteryLevel78isPowered():falseActivityManagerNative.isSystemReady():true
03-18 09:46:46.975 D/BatteryService(  384): mAcOnlinefalsemUsbOnline:falsemBatteryStatus 3
03-18 09:46:46.975 D/ActivityManager(  384): mBatteryStatusReceiver, action=android.intent.action.BATTERY_CHANGED
03-18 09:46:46.975 D/ActivityManager(  384): mBatteryStatusReceiver, plugged=0, mBatteryStatusPlugged=0, fakeShutdownMode=false
03-18 09:46:47.626 D/MediaControler(22834): getCurrentPos:778351
03-18 09:46:47.626 D/VideoPlayer(22834): MSG_GET_PLAY_STATE curPos:778351/isSeeking:false
03-18 09:46:47.626 E/MediaControler(22834): getDuration:6085000
03-18 09:46:47.626 I/VideoPlayer(22834): duration:6085
03-18 09:46:47.636 D/MediaControler(22834): getCurrentPos:778351
03-18 09:46:47.636 D/VideoPlayer(22834): onProgressChanged progress:778
03-18 09:46:47.636 D/VideoPlayer(22834): update time View:6085
03-18 09:46:47.706 V/ChromiumHTTPDataSource(27444): connect on behalf of uid 10052
03-18 09:46:47.716 I/ChromiumHTTPDataSource(27444): connect to http://vod.feifeikan.com/vod/coshipottTWSX1000000000000254_800/253.ts @0
03-18 09:46:47.996 I/ActivityManager(  384): No longer want com.android.gallery3d (pid 18120): hidden #16
03-18 09:46:48.206 D/NetworkPolicy(  384): setNetworkTemplateEnabled(): match rule = 1
03-18 09:46:48.206 D/MobileDataStateTracker(  384): default: setPolicyDataEnable(enabled=true)
03-18 09:46:48.627 D/MediaControler(22834): getCurrentPos:779418
03-18 09:46:48.627 D/VideoPlayer(22834): MSG_GET_PLAY_STATE curPos:779418/isSeeking:false
03-18 09:46:48.627 E/MediaControler(22834): getDuration:6085000
03-18 09:46:48.627 I/VideoPlayer(22834): duration:6085
03-18 09:46:48.637 D/MediaControler(22834): getCurrentPos:779418
03-18 09:46:48.637 D/VideoPlayer(22834): onProgressChanged progress:779
03-18 09:46:48.637 D/VideoPlayer(22834): update time View:6085
03-18 09:46:48.897 V/ChromiumHTTPDataSource(27444): connect on behalf of uid 10052
03-18 09:46:48.897 I/ChromiumHTTPDataSource(27444): connect to http://vod.feifeikan.com/vod/coshipottTWSX1000000000000254_800/254.ts @0
03-18 09:46:49.628 D/MediaControler(22834): getCurrentPos:780360
03-18 09:46:49.628 D/VideoPlayer(22834): MSG_GET_PLAY_STATE curPos:780360/isSeeking:false
03-18 09:46:49.628 E/MediaControler(22834): getDuration:6085000
03-18 09:46:49.628 I/VideoPlayer(22834): duration:6085
03-18 09:46:49.638 D/MediaControler(22834): getCurrentPos:780360
03-18 09:46:49.638 D/VideoPlayer(22834): onProgressChanged progress:780
03-18 09:46:49.638 D/VideoPlayer(22834): update time View:6085
03-18 09:46:50.629 D/MediaControler(22834): getCurrentPos:781320
03-18 09:46:50.639 D/VideoPlayer(22834): MSG_GET_PLAY_STATE curPos:781320/isSeeking:false
03-18 09:46:50.639 E/MediaControler(22834): getDuration:6085000
03-18 09:46:50.639 I/VideoPlayer(22834): duration:6085
03-18 09:46:50.639 D/MediaControler(22834): getCurrentPos:781320
03-18 09:46:50.639 D/VideoPlayer(22834): onProgressChanged progress:781
03-18 09:46:50.639 D/VideoPlayer(22834): update time View:6085
03-18 09:46:51.640 D/MediaControler(22834): getCurrentPos:782340
03-18 09:46:51.640 D/VideoPlayer(22834): MSG_GET_PLAY_STATE curPos:782340/isSeeking:false
03-18 09:46:51.640 E/MediaControler(22834): getDuration:6085000
03-18 09:46:51.640 I/VideoPlayer(22834): duration:6085
03-18 09:46:51.640 D/MediaControler(22834): getCurrentPos:782340
03-18 09:46:51.640 D/VideoPlayer(22834): onProgressChanged progress:782
03-18 09:46:51.640 D/VideoPlayer(22834): update time View:6085
03-18 09:46:52.641 D/MediaControler(22834): getCurrentPos:783386
03-18 09:46:52.641 D/VideoPlayer(22834): MSG_GET_PLAY_STATE curPos:783386/isSeeking:false
03-18 09:46:52.641 E/MediaControler(22834): getDuration:6085000
03-18 09:46:52.641 I/VideoPlayer(22834): duration:6085
03-18 09:46:52.641 D/MediaControler(22834): getCurrentPos:783386
03-18 09:46:52.641 D/VideoPlayer(22834): onProgressChanged progress:783
03-18 09:46:52.641 D/VideoPlayer(22834): update time View:6085
03-18 09:46:53.642 D/MediaControler(22834): getCurrentPos:784360
03-18 09:46:53.642 D/VideoPlayer(22834): MSG_GET_PLAY_STATE curPos:784360/isSeeking:false
03-18 09:46:53.642 E/MediaControler(22834): getDuration:6085000
03-18 09:46:53.642 I/VideoPlayer(22834): duration:6085
03-18 09:46:53.642 D/MediaControler(22834): getCurrentPos:784360
03-18 09:46:53.642 D/VideoPlayer(22834): onProgressChanged progress:784
03-18 09:46:53.642 D/VideoPlayer(22834): update time View:6085
03-18 09:46:54.142 V/ChromiumHTTPDataSource(27444): connect on behalf of uid 10052
03-18 09:46:54.142 I/ChromiumHTTPDataSource(27444): connect to http://vod.feifeikan.com/vod/coshipottTWSX1000000000000254_800/255.ts @0
03-18 09:46:54.643 D/MediaControler(22834): getCurrentPos:785401
03-18 09:46:54.643 D/VideoPlayer(22834): MSG_GET_PLAY_STATE curPos:785401/isSeeking:false
03-18 09:46:54.643 E/MediaControler(22834): getDuration:6085000
03-18 09:46:54.643 I/VideoPlayer(22834): duration:6085
03-18 09:46:54.643 D/MediaControler(22834): getCurrentPos:785401
03-18 09:46:54.643 D/VideoPlayer(22834): onProgressChanged progress:785
03-18 09:46:54.643 D/VideoPlayer(22834): update time View:6085
03-18 09:46:55.644 D/MediaControler(22834): getCurrentPos:786351
03-18 09:46:55.644 D/VideoPlayer(22834): MSG_GET_PLAY_STATE curPos:786351/isSeeking:false
03-18 09:46:55.644 E/MediaControler(22834): getDuration:6085000
03-18 09:46:55.644 I/VideoPlayer(22834): duration:6085
03-18 09:46:55.644 D/MediaControler(22834): getCurrentPos:786351
03-18 09:46:55.644 D/VideoPlayer(22834): onProgressChanged progress:786
03-18 09:46:55.644 D/VideoPlayer(22834): update time View:6085
03-18 09:46:56.635 D/MediaControler(22834): getCurrentPos:787311
03-18 09:46:56.635 D/VideoPlayer(22834): MSG_GET_PLAY_STATE curPos:787311/isSeeking:false
03-18 09:46:56.635 E/MediaControler(22834): getDuration:6085000
03-18 09:46:56.635 I/VideoPlayer(22834): duration:6085
03-18 09:46:56.635 D/MediaControler(22834): getCurrentPos:787311
03-18 09:46:56.635 D/VideoPlayer(22834): onProgressChanged progress:787
03-18 09:46:56.635 D/VideoPlayer(22834): update time View:6085
03-18 09:46:57.325 V/ChromiumHTTPDataSource(27444): connect on behalf of uid 10052
03-18 09:46:57.325 I/ChromiumHTTPDataSource(27444): connect to http://vod.feifeikan.com/vod/coshipottTWSX1000000000000254_800/256.ts @0
03-18 09:46:57.636 D/MediaControler(22834): getCurrentPos:788377
03-18 09:46:57.636 D/VideoPlayer(22834): MSG_GET_PLAY_STATE curPos:788377/isSeeking:false
03-18 09:46:57.636 E/MediaControler(22834): getDuration:6085000
03-18 09:46:57.636 I/VideoPlayer(22834): duration:6085
03-18 09:46:57.636 D/MediaControler(22834): getCurrentPos:788377
03-18 09:46:57.636 D/VideoPlayer(22834): onProgressChanged progress:788
03-18 09:46:57.636 D/VideoPlayer(22834): update time View:6085
03-18 09:46:58.637 D/MediaControler(22834): getCurrentPos:789320
03-18 09:46:58.637 D/VideoPlayer(22834): MSG_GET_PLAY_STATE curPos:789320/isSeeking:false
03-18 09:46:58.637 E/MediaControler(22834): getDuration:6085000
03-18 09:46:58.637 I/VideoPlayer(22834): duration:6085
03-18 09:46:58.637 D/MediaControler(22834): getCurrentPos:789320
03-18 09:46:58.637 D/VideoPlayer(22834): onProgressChanged progress:789
03-18 09:46:58.637 D/VideoPlayer(22834): update time View:6085
03-18 09:46:59.638 D/MediaControler(22834): getCurrentPos:790401
03-18 09:46:59.638 D/VideoPlayer(22834): MSG_GET_PLAY_STATE curPos:790401/isSeeking:false
03-18 09:46:59.638 E/MediaControler(22834): getDuration:6085000
03-18 09:46:59.638 I/VideoPlayer(22834): duration:6085
03-18 09:46:59.638 D/MediaControler(22834): getCurrentPos:790401
03-18 09:46:59.638 D/VideoPlayer(22834): onProgressChanged progress:790
03-18 09:46:59.638 D/VideoPlayer(22834): update time View:6085
03-18 09:46:59.738 V/ChromiumHTTPDataSource(27444): connect on behalf of uid 10052
03-18 09:46:59.738 I/ChromiumHTTPDataSource(27444): connect to http://vod.feifeikan.com/vod/coshipottTWSX1000000000000254_800/257.ts @0
03-18 09:47:00.639 D/MediaControler(22834): getCurrentPos:791317
03-18 09:47:00.639 D/VideoPlayer(22834): MSG_GET_PLAY_STATE curPos:791317/isSeeking:false
03-18 09:47:00.639 E/MediaControler(22834): getDuration:6085000
03-18 09:47:00.639 I/VideoPlayer(22834): duration:6085
03-18 09:47:00.639 D/MediaControler(22834): getCurrentPos:791317
03-18 09:47:00.639 D/VideoPlayer(22834): onProgressChanged progress:791
03-18 09:47:00.639 D/VideoPlayer(22834): update time View:6085
03-18 09:47:01.640 D/MediaControler(22834): getCurrentPos:792397
03-18 09:47:01.640 D/VideoPlayer(22834): MSG_GET_PLAY_STATE curPos:792397/isSeeking:false
03-18 09:47:01.640 E/MediaControler(22834): getDuration:6085000
03-18 09:47:01.640 I/VideoPlayer(22834): duration:6085
03-18 09:47:01.640 D/MediaControler(22834): getCurrentPos:792397
03-18 09:47:01.640 D/VideoPlayer(22834): onProgressChanged progress:792
03-18 09:47:01.640 D/VideoPlayer(22834): update time View:6085
03-18 09:47:02.641 D/MediaControler(22834): getCurrentPos:793377
03-18 09:47:02.641 D/VideoPlayer(22834): MSG_GET_PLAY_STATE curPos:793377/isSeeking:false
03-18 09:47:02.641 E/MediaControler(22834): getDuration:6085000
03-18 09:47:02.641 I/VideoPlayer(22834): duration:6085
03-18 09:47:02.641 D/MediaControler(22834): getCurrentPos:793377
03-18 09:47:02.641 D/VideoPlayer(22834): onProgressChanged progress:793
03-18 09:47:02.641 D/VideoPlayer(22834): update time View:6085
03-18 09:47:02.681 V/ChromiumHTTPDataSource(27444): connect on behalf of uid 10052
03-18 09:47:02.681 I/ChromiumHTTPDataSource(27444): connect to http://vod.feifeikan.com/vod/coshipottTWSX1000000000000254_800/258.ts @0
03-18 09:47:03.642 D/MediaControler(22834): getCurrentPos:794308
03-18 09:47:03.642 D/VideoPlayer(22834): MSG_GET_PLAY_STATE curPos:794308/isSeeking:false
03-18 09:47:03.642 E/MediaControler(22834): getDuration:6085000
03-18 09:47:03.642 I/VideoPlayer(22834): duration:6085
03-18 09:47:03.642 D/MediaControler(22834): getCurrentPos:794308
03-18 09:47:03.642 D/VideoPlayer(22834): onProgressChanged progress:794
03-18 09:47:03.642 D/VideoPlayer(22834): update time View:6085
03-18 09:47:04.542 V/ChromiumHTTPDataSource(27444): connect on behalf of uid 10052
03-18 09:47:04.542 I/ChromiumHTTPDataSource(27444): connect to http://vod.feifeikan.com/vod/coshipottTWSX1000000000000254_800/259.ts @0
03-18 09:47:04.642 D/MediaControler(22834): getCurrentPos:795360
03-18 09:47:04.642 D/VideoPlayer(22834): MSG_GET_PLAY_STATE curPos:795360/isSeeking:false
03-18 09:47:04.642 E/MediaControler(22834): getDuration:6085000
03-18 09:47:04.642 I/VideoPlayer(22834): duration:6085
03-18 09:47:04.642 D/MediaControler(22834): getCurrentPos:795360
03-18 09:47:04.642 D/VideoPlayer(22834): onProgressChanged progress:795
03-18 09:47:04.642 D/VideoPlayer(22834): update time View:6085
03-18 09:47:05.303 D/NetworkPolicy(  384): setNetworkTemplateEnabled(): match rule = 1
03-18 09:47:05.303 D/MobileDataStateTracker(  384): default: setPolicyDataEnable(enabled=true)
03-18 09:47:05.643 D/MediaControler(22834): getCurrentPos:796397
03-18 09:47:05.643 D/VideoPlayer(22834): MSG_GET_PLAY_STATE curPos:796397/isSeeking:false
03-18 09:47:05.643 E/MediaControler(22834): getDuration:6085000
03-18 09:47:05.643 I/VideoPlayer(22834): duration:6085
03-18 09:47:05.643 D/MediaControler(22834): getCurrentPos:796397
03-18 09:47:05.643 D/VideoPlayer(22834): onProgressChanged progress:796
03-18 09:47:05.643 D/VideoPlayer(22834): update time View:6085
03-18 09:47:06.634 D/MediaControler(22834): getCurrentPos:797320
03-18 09:47:06.634 D/VideoPlayer(22834): MSG_GET_PLAY_STATE curPos:797320/isSeeking:false
03-18 09:47:06.634 E/MediaControler(22834): getDuration:6085000
03-18 09:47:06.634 I/VideoPlayer(22834): duration:6085
03-18 09:47:06.634 D/MediaControler(22834): getCurrentPos:797320
03-18 09:47:06.634 D/VideoPlayer(22834): onProgressChanged progress:797
03-18 09:47:06.634 D/VideoPlayer(22834): update time View:6085
03-18 09:47:07.635 D/MediaControler(22834): getCurrentPos:798400
03-18 09:47:07.635 D/VideoPlayer(22834): MSG_GET_PLAY_STATE curPos:798400/isSeeking:false
03-18 09:47:07.635 E/MediaControler(22834): getDuration:6085000
03-18 09:47:07.635 I/VideoPlayer(22834): duration:6085
03-18 09:47:07.635 D/MediaControler(22834): getCurrentPos:798400
03-18 09:47:07.635 D/VideoPlayer(22834): onProgressChanged progress:798
03-18 09:47:07.635 D/VideoPlayer(22834): update time View:6085
03-18 09:47:08.636 D/MediaControler(22834): getCurrentPos:799360
03-18 09:47:08.636 D/VideoPlayer(22834): MSG_GET_PLAY_STATE curPos:799360/isSeeking:false
03-18 09:47:08.636 E/MediaControler(22834): getDuration:6085000
03-18 09:47:08.636 I/VideoPlayer(22834): duration:6085
03-18 09:47:08.636 D/MediaControler(22834): getCurrentPos:799360
03-18 09:47:08.636 D/VideoPlayer(22834): onProgressChanged progress:799
03-18 09:47:08.636 D/VideoPlayer(22834): update time View:6085
03-18 09:47:09.637 D/MediaControler(22834): getCurrentPos:800320
03-18 09:47:09.637 D/VideoPlayer(22834): MSG_GET_PLAY_STATE curPos:800320/isSeeking:false
03-18 09:47:09.637 E/MediaControler(22834): getDuration:6085000
03-18 09:47:09.637 I/VideoPlayer(22834): duration:6085
03-18 09:47:09.637 D/MediaControler(22834): getCurrentPos:800320
03-18 09:47:09.637 D/VideoPlayer(22834): onProgressChanged progress:800
03-18 09:47:09.637 D/VideoPlayer(22834): update time View:6085
03-18 09:47:10.068 V/ChromiumHTTPDataSource(27444): connect on behalf of uid 10052
03-18 09:47:10.068 I/ChromiumHTTPDataSource(27444): connect to http://vod.feifeikan.com/vod/coshipottTWSX1000000000000254_800/260.ts @0
03-18 09:47:10.638 D/MediaControler(22834): getCurrentPos:801400
03-18 09:47:10.638 D/VideoPlayer(22834): MSG_GET_PLAY_STATE curPos:801400/isSeeking:false
03-18 09:47:10.638 E/MediaControler(22834): getDuration:6085000
03-18 09:47:10.638 I/VideoPlayer(22834): duration:6085
03-18 09:47:10.638 D/MediaControler(22834): getCurrentPos:801400
03-18 09:47:10.638 D/VideoPlayer(22834): onProgressChanged progress:801
03-18 09:47:10.638 D/VideoPlayer(22834): update time View:6085
03-18 09:47:11.639 D/MediaControler(22834): getCurrentPos:802307
03-18 09:47:11.639 D/VideoPlayer(22834): MSG_GET_PLAY_STATE curPos:802307/isSeeking:false
03-18 09:47:11.639 E/MediaControler(22834): getDuration:6085000
03-18 09:47:11.639 I/VideoPlayer(22834): duration:6085
03-18 09:47:11.639 D/MediaControler(22834): getCurrentPos:802307
03-18 09:47:11.639 D/VideoPlayer(22834): onProgressChanged progress:802
03-18 09:47:11.639 D/VideoPlayer(22834): update time View:6085
03-18 09:47:12.640 D/MediaControler(22834): getCurrentPos:803395
03-18 09:47:12.640 D/VideoPlayer(22834): MSG_GET_PLAY_STATE curPos:803395/isSeeking:false
03-18 09:47:12.640 E/MediaControler(22834): getDuration:6085000
03-18 09:47:12.640 I/VideoPlayer(22834): duration:6085
03-18 09:47:12.640 D/MediaControler(22834): getCurrentPos:803395
03-18 09:47:12.640 D/VideoPlayer(22834): onProgressChanged progress:803
03-18 09:47:12.640 D/VideoPlayer(22834): update time View:6085
03-18 09:47:13.161 V/ChromiumHTTPDataSource(27444): connect on behalf of uid 10052
03-18 09:47:13.161 I/ChromiumHTTPDataSource(27444): connect to http://vod.feifeikan.com/vod/coshipottTWSX1000000000000254_800/261.ts @0
03-18 09:47:13.641 D/MediaControler(22834): getCurrentPos:804440
03-18 09:47:13.641 D/VideoPlayer(22834): MSG_GET_PLAY_STATE curPos:804440/isSeeking:false
03-18 09:47:13.641 E/MediaControler(22834): getDuration:6085000
03-18 09:47:13.641 I/VideoPlayer(22834): duration:6085
03-18 09:47:13.641 D/MediaControler(22834): getCurrentPos:804440
03-18 09:47:13.641 D/VideoPlayer(22834): onProgressChanged progress:804
03-18 09:47:13.641 D/VideoPlayer(22834): update time View:6085
03-18 09:47:14.652 D/MediaControler(22834): getCurrentPos:805361
03-18 09:47:14.652 D/VideoPlayer(22834): MSG_GET_PLAY_STATE curPos:805361/isSeeking:false
03-18 09:47:14.652 E/MediaControler(22834): getDuration:6085000
03-18 09:47:14.652 I/VideoPlayer(22834): duration:6085
03-18 09:47:14.652 D/MediaControler(22834): getCurrentPos:805361
03-18 09:47:14.652 D/VideoPlayer(22834): onProgressChanged progress:805
03-18 09:47:14.652 D/VideoPlayer(22834): update time View:6085
03-18 09:47:14.973 D/NetworkPolicy(  384): setNetworkTemplateEnabled(): match rule = 1
03-18 09:47:14.973 D/MobileDataStateTracker(  384): default: setPolicyDataEnable(enabled=true)
03-18 09:47:15.053 D/dalvikvm(  384): GC_CONCURRENT freed 1935K, 43% free 18388K/32195K, paused 17ms+13ms, total 113ms
03-18 09:47:15.643 D/MediaControler(22834): getCurrentPos:806318
03-18 09:47:15.653 D/VideoPlayer(22834): MSG_GET_PLAY_STATE curPos:806318/isSeeking:false
03-18 09:47:15.653 E/MediaControler(22834): getDuration:6085000
03-18 09:47:15.653 I/VideoPlayer(22834): duration:6085
03-18 09:47:15.653 D/MediaControler(22834): getCurrentPos:806318
03-18 09:47:15.653 D/VideoPlayer(22834): onProgressChanged progress:806
03-18 09:47:15.653 D/VideoPlayer(22834): update time View:6085
03-18 09:47:16.644 D/MediaControler(22834): getCurrentPos:807360
03-18 09:47:16.644 D/VideoPlayer(22834): MSG_GET_PLAY_STATE curPos:807360/isSeeking:false
03-18 09:47:16.644 E/MediaControler(22834): getDuration:6085000
03-18 09:47:16.644 I/VideoPlayer(22834): duration:6085
03-18 09:47:16.644 D/MediaControler(22834): getCurrentPos:807360
03-18 09:47:16.644 D/VideoPlayer(22834): onProgressChanged progress:807
03-18 09:47:16.644 D/VideoPlayer(22834): update time View:6085
03-18 09:47:17.645 D/MediaControler(22834): getCurrentPos:808320
03-18 09:47:17.645 D/VideoPlayer(22834): MSG_GET_PLAY_STATE curPos:808320/isSeeking:false
03-18 09:47:17.645 E/MediaControler(22834): getDuration:6085000
03-18 09:47:17.645 I/VideoPlayer(22834): duration:6085
03-18 09:47:17.645 D/MediaControler(22834): getCurrentPos:808441
03-18 09:47:17.645 D/VideoPlayer(22834): onProgressChanged progress:808
03-18 09:47:17.645 D/VideoPlayer(22834): update time View:6085
03-18 09:47:18.646 D/MediaControler(22834): getCurrentPos:809400
03-18 09:47:18.646 D/VideoPlayer(22834): MSG_GET_PLAY_STATE curPos:809400/isSeeking:false
03-18 09:47:18.646 E/MediaControler(22834): getDuration:6085000
03-18 09:47:18.646 I/VideoPlayer(22834): duration:6085
03-18 09:47:18.646 D/MediaControler(22834): getCurrentPos:809400
03-18 09:47:18.646 D/VideoPlayer(22834): onProgressChanged progress:809
03-18 09:47:18.646 D/VideoPlayer(22834): update time View:6085
03-18 09:47:19.647 D/MediaControler(22834): getCurrentPos:810440
03-18 09:47:19.647 D/VideoPlayer(22834): MSG_GET_PLAY_STATE curPos:810440/isSeeking:false
03-18 09:47:19.647 E/MediaControler(22834): getDuration:6085000
03-18 09:47:19.647 I/VideoPlayer(22834): duration:6085
03-18 09:47:19.647 D/MediaControler(22834): getCurrentPos:810440
03-18 09:47:19.647 D/VideoPlayer(22834): onProgressChanged progress:810
03-18 09:47:19.647 D/VideoPlayer(22834): update time View:6085
03-18 09:47:20.358 V/ChromiumHTTPDataSource(27444): connect on behalf of uid 10052
03-18 09:47:20.358 I/ChromiumHTTPDataSource(27444): connect to http://vod.feifeikan.com/vod/coshipottTWSX1000000000000254_800/262.ts @0
03-18 09:47:20.648 D/MediaControler(22834): getCurrentPos:811395
03-18 09:47:20.648 D/VideoPlayer(22834): MSG_GET_PLAY_STATE curPos:811395/isSeeking:false
03-18 09:47:20.648 E/MediaControler(22834): getDuration:6085000
03-18 09:47:20.648 I/VideoPlayer(22834): duration:6085
03-18 09:47:20.648 D/MediaControler(22834): getCurrentPos:811395
03-18 09:47:20.648 D/VideoPlayer(22834): onProgressChanged progress:811
03-18 09:47:20.648 D/VideoPlayer(22834): update time View:6085
03-18 09:47:21.649 D/MediaControler(22834): getCurrentPos:812320
03-18 09:47:21.649 D/VideoPlayer(22834): MSG_GET_PLAY_STATE curPos:812320/isSeeking:false
03-18 09:47:21.649 E/MediaControler(22834): getDuration:6085000
03-18 09:47:21.649 I/VideoPlayer(22834): duration:6085
03-18 09:47:21.649 D/MediaControler(22834): getCurrentPos:812440
03-18 09:47:21.649 D/VideoPlayer(22834): onProgressChanged progress:812
03-18 09:47:21.649 D/VideoPlayer(22834): update time View:6085
03-18 09:47:22.650 D/MediaControler(22834): getCurrentPos:813357
03-18 09:47:22.650 D/VideoPlayer(22834): MSG_GET_PLAY_STATE curPos:813357/isSeeking:false
03-18 09:47:22.650 E/MediaControler(22834): getDuration:6085000
03-18 09:47:22.650 I/VideoPlayer(22834): duration:6085
03-18 09:47:22.650 D/MediaControler(22834): getCurrentPos:813357
03-18 09:47:22.650 D/VideoPlayer(22834): onProgressChanged progress:813
03-18 09:47:22.650 D/VideoPlayer(22834): update time View:6085
03-18 09:47:23.070 D/dalvikvm(22973): GC_CONCURRENT freed 1928K, 37% free 10160K/15939K, paused 14ms+2ms, total 48ms
03-18 09:47:23.651 D/MediaControler(22834): getCurrentPos:814400
03-18 09:47:23.651 D/VideoPlayer(22834): MSG_GET_PLAY_STATE curPos:814400/isSeeking:false
03-18 09:47:23.651 E/MediaControler(22834): getDuration:6085000
03-18 09:47:23.651 I/VideoPlayer(22834): duration:6085
03-18 09:47:23.651 D/MediaControler(22834): getCurrentPos:814400
03-18 09:47:23.651 D/VideoPlayer(22834): onProgressChanged progress:814
03-18 09:47:23.651 D/VideoPlayer(22834): update time View:6085
03-18 09:47:24.652 D/MediaControler(22834): getCurrentPos:815360
03-18 09:47:24.652 D/VideoPlayer(22834): MSG_GET_PLAY_STATE curPos:815360/isSeeking:false
03-18 09:47:24.652 E/MediaControler(22834): getDuration:6085000
03-18 09:47:24.652 I/VideoPlayer(22834): duration:6085
03-18 09:47:24.652 D/MediaControler(22834): getCurrentPos:815360
03-18 09:47:24.652 D/VideoPlayer(22834): onProgressChanged progress:815
03-18 09:47:24.652 D/VideoPlayer(22834): update time View:6085
03-18 09:47:25.653 D/MediaControler(22834): getCurrentPos:816360
03-18 09:47:25.653 D/VideoPlayer(22834): MSG_GET_PLAY_STATE curPos:816360/isSeeking:false
03-18 09:47:25.653 E/MediaControler(22834): getDuration:6085000
03-18 09:47:25.653 I/VideoPlayer(22834): duration:6085
03-18 09:47:25.653 D/MediaControler(22834): getCurrentPos:816360
03-18 09:47:25.653 D/VideoPlayer(22834): onProgressChanged progress:816
03-18 09:47:25.653 D/VideoPlayer(22834): update time View:6085
03-18 09:47:26.654 D/MediaControler(22834): getCurrentPos:817320
03-18 09:47:26.654 D/VideoPlayer(22834): MSG_GET_PLAY_STATE curPos:817320/isSeeking:false
03-18 09:47:26.654 E/MediaControler(22834): getDuration:6085000
03-18 09:47:26.654 I/VideoPlayer(22834): duration:6085
03-18 09:47:26.654 D/MediaControler(22834): getCurrentPos:817320
03-18 09:47:26.654 D/VideoPlayer(22834): onProgressChanged progress:817
03-18 09:47:26.654 D/VideoPlayer(22834): update time View:6085
03-18 09:47:27.575 V/ChromiumHTTPDataSource(27444): connect on behalf of uid 10052
03-18 09:47:27.575 I/ChromiumHTTPDataSource(27444): connect to http://vod.feifeikan.com/vod/coshipottTWSX1000000000000254_800/263.ts @0
03-18 09:47:27.645 D/MediaControler(22834): getCurrentPos:818400
03-18 09:47:27.645 D/VideoPlayer(22834): MSG_GET_PLAY_STATE curPos:818400/isSeeking:false
03-18 09:47:27.645 E/MediaControler(22834): getDuration:6085000
03-18 09:47:27.645 I/VideoPlayer(22834): duration:6085
03-18 09:47:27.645 D/MediaControler(22834): getCurrentPos:818400
03-18 09:47:27.645 D/VideoPlayer(22834): onProgressChanged progress:818
03-18 09:47:27.645 D/VideoPlayer(22834): update time View:6085
03-18 09:47:28.646 D/MediaControler(22834): getCurrentPos:819440
03-18 09:47:28.646 D/VideoPlayer(22834): MSG_GET_PLAY_STATE curPos:819440/isSeeking:false
03-18 09:47:28.646 E/MediaControler(22834): getDuration:6085000
03-18 09:47:28.646 I/VideoPlayer(22834): duration:6085
03-18 09:47:28.646 D/MediaControler(22834): getCurrentPos:819440
03-18 09:47:28.646 D/VideoPlayer(22834): onProgressChanged progress:819
03-18 09:47:28.646 D/VideoPlayer(22834): update time View:6085
03-18 09:47:29.647 D/MediaControler(22834): getCurrentPos:820401
03-18 09:47:29.647 D/VideoPlayer(22834): MSG_GET_PLAY_STATE curPos:820401/isSeeking:false
03-18 09:47:29.647 E/MediaControler(22834): getDuration:6085000
03-18 09:47:29.647 I/VideoPlayer(22834): duration:6085
03-18 09:47:29.647 D/MediaControler(22834): getCurrentPos:820401
03-18 09:47:29.647 D/VideoPlayer(22834): onProgressChanged progress:820
03-18 09:47:29.647 D/VideoPlayer(22834): update time View:6085
03-18 09:47:30.648 D/MediaControler(22834): getCurrentPos:821421
03-18 09:47:30.648 D/VideoPlayer(22834): MSG_GET_PLAY_STATE curPos:821421/isSeeking:false
03-18 09:47:30.648 E/MediaControler(22834): getDuration:6085000
03-18 09:47:30.648 I/VideoPlayer(22834): duration:6085
03-18 09:47:30.648 D/MediaControler(22834): getCurrentPos:821421
03-18 09:47:30.648 D/VideoPlayer(22834): onProgressChanged progress:821
03-18 09:47:30.648 D/VideoPlayer(22834): update time View:6085
03-18 09:47:31.649 D/MediaControler(22834): getCurrentPos:822355
03-18 09:47:31.649 D/VideoPlayer(22834): MSG_GET_PLAY_STATE curPos:822355/isSeeking:false
03-18 09:47:31.649 E/MediaControler(22834): getDuration:6085000
03-18 09:47:31.649 I/VideoPlayer(22834): duration:6085
03-18 09:47:31.649 D/MediaControler(22834): getCurrentPos:822355
03-18 09:47:31.649 D/VideoPlayer(22834): onProgressChanged progress:822
03-18 09:47:31.649 D/VideoPlayer(22834): update time View:6085
03-18 09:47:32.129 V/ChromiumHTTPDataSource(27444): connect on behalf of uid 10052
03-18 09:47:32.129 I/ChromiumHTTPDataSource(27444): connect to http://vod.feifeikan.com/vod/coshipottTWSX1000000000000254_800/264.ts @0
03-18 09:47:32.650 D/MediaControler(22834): getCurrentPos:823360
03-18 09:47:32.650 D/VideoPlayer(22834): MSG_GET_PLAY_STATE curPos:823360/isSeeking:false
03-18 09:47:32.650 E/MediaControler(22834): getDuration:6085000
03-18 09:47:32.650 I/VideoPlayer(22834): duration:6085
03-18 09:47:32.650 D/MediaControler(22834): getCurrentPos:823360
03-18 09:47:32.650 D/VideoPlayer(22834): onProgressChanged progress:823
03-18 09:47:32.650 D/VideoPlayer(22834): update time View:6085
03-18 09:47:33.651 D/MediaControler(22834): getCurrentPos:824315
03-18 09:47:33.651 D/VideoPlayer(22834): MSG_GET_PLAY_STATE curPos:824315/isSeeking:false
03-18 09:47:33.651 E/MediaControler(22834): getDuration:6085000
03-18 09:47:33.651 I/VideoPlayer(22834): duration:6085
03-18 09:47:33.651 D/MediaControler(22834): getCurrentPos:824315
03-18 09:47:33.651 D/VideoPlayer(22834): onProgressChanged progress:824
03-18 09:47:33.651 D/VideoPlayer(22834): update time View:6085
03-18 09:47:34.652 D/MediaControler(22834): getCurrentPos:825346
03-18 09:47:34.652 D/VideoPlayer(22834): MSG_GET_PLAY_STATE curPos:825346/isSeeking:false
03-18 09:47:34.652 E/MediaControler(22834): getDuration:6085000
03-18 09:47:34.652 I/VideoPlayer(22834): duration:6085
03-18 09:47:34.652 D/MediaControler(22834): getCurrentPos:825346
03-18 09:47:34.652 D/VideoPlayer(22834): onProgressChanged progress:825
03-18 09:47:34.652 D/VideoPlayer(22834): update time View:6085
03-18 09:47:35.653 D/MediaControler(22834): getCurrentPos:826320
03-18 09:47:35.653 D/VideoPlayer(22834): MSG_GET_PLAY_STATE curPos:826320/isSeeking:false
03-18 09:47:35.653 E/MediaControler(22834): getDuration:6085000
03-18 09:47:35.653 I/VideoPlayer(22834): duration:6085
03-18 09:47:35.653 D/MediaControler(22834): getCurrentPos:826320
03-18 09:47:35.653 D/VideoPlayer(22834): onProgressChanged progress:826
03-18 09:47:35.653 D/VideoPlayer(22834): update time View:6085
03-18 09:47:36.654 D/MediaControler(22834): getCurrentPos:827401
03-18 09:47:36.654 D/VideoPlayer(22834): MSG_GET_PLAY_STATE curPos:827401/isSeeking:false
03-18 09:47:36.654 E/MediaControler(22834): getDuration:6085000
03-18 09:47:36.654 I/VideoPlayer(22834): duration:6085
03-18 09:47:36.654 D/MediaControler(22834): getCurrentPos:827401
03-18 09:47:36.654 D/VideoPlayer(22834): onProgressChanged progress:827
03-18 09:47:36.654 D/VideoPlayer(22834): update time View:6085
03-18 09:47:37.645 D/MediaControler(22834): getCurrentPos:828333
03-18 09:47:37.645 D/VideoPlayer(22834): MSG_GET_PLAY_STATE curPos:828333/isSeeking:false
03-18 09:47:37.645 E/MediaControler(22834): getDuration:6085000
03-18 09:47:37.645 I/VideoPlayer(22834): duration:6085
03-18 09:47:37.645 D/MediaControler(22834): getCurrentPos:828333
03-18 09:47:37.645 D/VideoPlayer(22834): onProgressChanged progress:828
03-18 09:47:37.645 D/VideoPlayer(22834): update time View:6085
03-18 09:47:37.775 V/ChromiumHTTPDataSource(27444): connect on behalf of uid 10052
03-18 09:47:37.775 I/ChromiumHTTPDataSource(27444): connect to http://vod.feifeikan.com/vod/coshipottTWSX1000000000000254_800/265.ts @0
03-18 09:47:38.646 D/MediaControler(22834): getCurrentPos:829360
03-18 09:47:38.646 D/VideoPlayer(22834): MSG_GET_PLAY_STATE curPos:829360/isSeeking:false
03-18 09:47:38.646 E/MediaControler(22834): getDuration:6085000
03-18 09:47:38.646 I/VideoPlayer(22834): duration:6085
03-18 09:47:38.646 D/MediaControler(22834): getCurrentPos:829360
03-18 09:47:38.646 D/VideoPlayer(22834): onProgressChanged progress:829
03-18 09:47:38.646 D/VideoPlayer(22834): update time View:6085
03-18 09:47:39.647 D/MediaControler(22834): getCurrentPos:830320
03-18 09:47:39.647 D/VideoPlayer(22834): MSG_GET_PLAY_STATE curPos:830320/isSeeking:false
03-18 09:47:39.647 E/MediaControler(22834): getDuration:6085000
03-18 09:47:39.647 I/VideoPlayer(22834): duration:6085
03-18 09:47:39.647 D/MediaControler(22834): getCurrentPos:830320
03-18 09:47:39.647 D/VideoPlayer(22834): onProgressChanged progress:830
03-18 09:47:39.647 D/VideoPlayer(22834): update time View:6085
03-18 09:47:40.648 D/MediaControler(22834): getCurrentPos:831400
03-18 09:47:40.648 D/VideoPlayer(22834): MSG_GET_PLAY_STATE curPos:831400/isSeeking:false
03-18 09:47:40.648 E/MediaControler(22834): getDuration:6085000
03-18 09:47:40.648 I/VideoPlayer(22834): duration:6085
03-18 09:47:40.648 D/MediaControler(22834): getCurrentPos:831400
03-18 09:47:40.648 D/VideoPlayer(22834): onProgressChanged progress:831
03-18 09:47:40.648 D/VideoPlayer(22834): update time View:6085
03-18 09:47:41.649 D/MediaControler(22834): getCurrentPos:832375
03-18 09:47:41.649 D/VideoPlayer(22834): MSG_GET_PLAY_STATE curPos:832375/isSeeking:false
03-18 09:47:41.649 E/MediaControler(22834): getDuration:6085000
03-18 09:47:41.649 I/VideoPlayer(22834): duration:6085
03-18 09:47:41.649 D/MediaControler(22834): getCurrentPos:832375
03-18 09:47:41.649 D/VideoPlayer(22834): onProgressChanged progress:832
03-18 09:47:41.649 D/VideoPlayer(22834): update time View:6085
03-18 09:47:42.650 D/MediaControler(22834): getCurrentPos:833440
03-18 09:47:42.650 D/VideoPlayer(22834): MSG_GET_PLAY_STATE curPos:833440/isSeeking:false
03-18 09:47:42.650 E/MediaControler(22834): getDuration:6085000
03-18 09:47:42.650 I/VideoPlayer(22834): duration:6085
03-18 09:47:42.650 D/MediaControler(22834): getCurrentPos:833440
03-18 09:47:42.650 D/VideoPlayer(22834): onProgressChanged progress:833
03-18 09:47:42.650 D/VideoPlayer(22834): update time View:6085
03-18 09:47:43.651 D/MediaControler(22834): getCurrentPos:834391
03-18 09:47:43.651 D/VideoPlayer(22834): MSG_GET_PLAY_STATE curPos:834391/isSeeking:false
03-18 09:47:43.651 E/MediaControler(22834): getDuration:6085000
03-18 09:47:43.651 I/VideoPlayer(22834): duration:6085
03-18 09:47:43.651 D/MediaControler(22834): getCurrentPos:834391
03-18 09:47:43.651 D/VideoPlayer(22834): onProgressChanged progress:834
03-18 09:47:43.651 D/VideoPlayer(22834): update time View:6085
03-18 09:47:44.652 D/MediaControler(22834): getCurrentPos:835351
03-18 09:47:44.652 D/VideoPlayer(22834): MSG_GET_PLAY_STATE curPos:835351/isSeeking:false
03-18 09:47:44.652 E/MediaControler(22834): getDuration:6085000
03-18 09:47:44.652 I/VideoPlayer(22834): duration:6085
03-18 09:47:44.662 D/MediaControler(22834): getCurrentPos:835351
03-18 09:47:44.662 D/VideoPlayer(22834): onProgressChanged progress:835
03-18 09:47:44.662 D/VideoPlayer(22834): update time View:6085
03-18 09:47:45.653 D/MediaControler(22834): getCurrentPos:836418
03-18 09:47:45.653 D/VideoPlayer(22834): MSG_GET_PLAY_STATE curPos:836418/isSeeking:false
03-18 09:47:45.653 E/MediaControler(22834): getDuration:6085000
03-18 09:47:45.653 I/VideoPlayer(22834): duration:6085
03-18 09:47:45.653 D/MediaControler(22834): getCurrentPos:836418
03-18 09:47:45.653 D/VideoPlayer(22834): onProgressChanged progress:836
03-18 09:47:45.653 D/VideoPlayer(22834): update time View:6085
03-18 09:47:45.903 V/AudioFlinger(27444): getNextBuffer() no more data for track 4099 on thread 0x414295b0
03-18 09:47:46.413 V/AudioFlinger(27444): BUFFER TIMEOUT: remove(4099) from active list on thread 0x414295b0
03-18 09:47:46.653 D/MediaControler(22834): getCurrentPos:836640
03-18 09:47:46.653 D/VideoPlayer(22834): MSG_GET_PLAY_STATE curPos:836640/isSeeking:false
03-18 09:47:46.653 E/MediaControler(22834): getDuration:6085000
03-18 09:47:46.653 I/VideoPlayer(22834): duration:6085
03-18 09:47:46.653 D/MediaControler(22834): getCurrentPos:836640
03-18 09:47:47.644 D/MediaControler(22834): getCurrentPos:836640
03-18 09:47:47.644 D/VideoPlayer(22834): MSG_GET_PLAY_STATE curPos:836640/isSeeking:false
03-18 09:47:48.655 D/MediaControler(22834): getCurrentPos:836640
03-18 09:47:48.655 D/VideoPlayer(22834): MSG_GET_PLAY_STATE curPos:836640/isSeeking:false
03-18 09:47:48.896 V/AudioFlinger(27444): Audio hardware entering standby, mixer 0x414295b0, suspend count 0
03-18 09:47:48.946 I/AudioHardwareALSA(27444): dump.audio.pcm = OFF
03-18 09:47:48.946 V/AudioHardwareALSA(27444): Data Dump is disabled
03-18 09:47:48.946 V/AudioFlinger(27444): releaseWakeLock_l() AudioOut_2
03-18 09:47:48.946 V/AudioFlinger(27444): thread 0x414295b0 type 0 TID 27449 going to sleep
03-18 09:47:49.646 D/MediaControler(22834): getCurrentPos:836640
03-18 09:47:49.646 D/VideoPlayer(22834): MSG_GET_PLAY_STATE curPos:836640/isSeeking:false
03-18 09:47:50.647 D/MediaControler(22834): getCurrentPos:836640
03-18 09:47:50.647 D/VideoPlayer(22834): MSG_GET_PLAY_STATE curPos:836640/isSeeking:false
03-18 09:47:51.648 D/MediaControler(22834): getCurrentPos:836640
03-18 09:47:51.648 D/VideoPlayer(22834): MSG_GET_PLAY_STATE curPos:836640/isSeeking:false
03-18 09:47:52.659 D/MediaControler(22834): getCurrentPos:836640
03-18 09:47:52.659 D/VideoPlayer(22834): MSG_GET_PLAY_STATE curPos:836640/isSeeking:false
03-18 09:47:53.660 D/MediaControler(22834): getCurrentPos:836640
03-18 09:47:53.660 D/VideoPlayer(22834): MSG_GET_PLAY_STATE curPos:836640/isSeeking:false
03-18 09:47:54.041 V/ChromiumHTTPDataSource(27444): connect on behalf of uid 10052
03-18 09:47:54.041 I/ChromiumHTTPDataSource(27444): connect to http://vod.feifeikan.com/vod/coshipottTWSX1000000000000254_800/266.ts @0
03-18 09:47:54.071 W/AudioTrack(27444): releaseBuffer() track 0x47777e20 name=0x3 disabled, restarting
