--------- beginning of /dev/log/system
03-18 09:45:47.427 W/MountService(  384): getVolumeState(/storage/sdcard0/external_sd): Unknown volume
03-18 09:45:47.427 W/MountService(  384): getVolumeState(/mnt/sdcard-ext): Unknown volume
03-18 09:45:47.427 W/MountService(  384): getVolumeState(/mnt/ext_sdcard): Unknown volume
03-18 09:45:47.427 W/MountService(  384): getVolumeState(/mnt/sdcard2): Unknown volume
03-18 09:45:47.427 W/MountService(  384): getVolumeState(/mnt/emmc): Unknown volume
03-18 09:45:47.427 W/MountService(  384): getVolumeState(/mnt/extSdCard): Unknown volume
03-18 09:45:47.427 W/MountService(  384): getVolumeState(/mnt/sdcard/SD_CARD): Unknown volume
03-18 09:45:47.427 W/MountService(  384): getVolumeState(/mnt/sdcard/extra_sd): Unknown volume
03-18 09:45:47.427 W/MountService(  384): getVolumeState(/mnt/extrasd_bind): Unknown volume
03-18 09:45:47.427 W/MountService(  384): getVolumeState(/mnt/sdcard/ext_sd): Unknown volume
03-18 09:45:47.427 W/MountService(  384): getVolumeState(/storage/extSdCard): Unknown volume
03-18 09:45:47.427 W/MountService(  384): getVolumeState(/storage/sdcard1): Unknown volume
03-18 09:45:47.427 W/MountService(  384): getVolumeState(/mnt/sdcard/external_SD): Unknown volume
03-18 09:45:47.427 W/MountService(  384): getVolumeState(/mnt/sdcard/external_sd): Unknown volume
03-18 09:45:47.788 W/MountService(  384): getVolumeState(/storage/sdcard0/external_sd): Unknown volume
03-18 09:45:47.788 W/MountService(  384): getVolumeState(/mnt/sdcard-ext): Unknown volume
03-18 09:45:47.788 W/MountService(  384): getVolumeState(/mnt/ext_sdcard): Unknown volume
03-18 09:45:47.788 W/MountService(  384): getVolumeState(/mnt/sdcard2): Unknown volume
03-18 09:45:47.788 W/MountService(  384): getVolumeState(/mnt/emmc): Unknown volume
03-18 09:45:47.788 W/MountService(  384): getVolumeState(/mnt/extSdCard): Unknown volume
03-18 09:45:47.788 W/MountService(  384): getVolumeState(/mnt/sdcard/SD_CARD): Unknown volume
03-18 09:45:47.788 W/MountService(  384): getVolumeState(/mnt/sdcard/extra_sd): Unknown volume
03-18 09:45:47.788 W/MountService(  384): getVolumeState(/mnt/extrasd_bind): Unknown volume
03-18 09:45:47.798 W/MountService(  384): getVolumeState(/mnt/sdcard/ext_sd): Unknown volume
03-18 09:45:47.798 W/MountService(  384): getVolumeState(/storage/extSdCard): Unknown volume
03-18 09:45:47.798 W/MountService(  384): getVolumeState(/storage/sdcard1): Unknown volume
03-18 09:45:47.798 W/MountService(  384): getVolumeState(/mnt/sdcard/external_SD): Unknown volume
03-18 09:45:47.798 W/MountService(  384): getVolumeState(/mnt/sdcard/external_sd): Unknown volume
03-18 09:45:48.458 D/NetworkPolicy(  384): setNetworkTemplateEnabled(): match rule = 1
03-18 09:45:48.458 D/MobileDataStateTracker(  384): default: setPolicyDataEnable(enabled=true)
03-18 09:46:02.132 D/NetworkPolicy(  384): setNetworkTemplateEnabled(): match rule = 1
03-18 09:46:02.142 D/MobileDataStateTracker(  384): default: setPolicyDataEnable(enabled=true)
--------- beginning of /dev/log/main
03-18 09:46:06.135 D/MediaControler(22834): getCurrentPos:759393
03-18 09:46:06.135 D/VideoPlayer(22834): MSG_GET_PLAY_STATE curPos:759393/isSeeking:false
03-18 09:46:06.135 E/MediaControler(22834): getDuration:6085000
03-18 09:46:06.135 I/VideoPlayer(22834): duration:6085
03-18 09:46:06.135 D/MediaControler(22834): getCurrentPos:759393
03-18 09:46:06.135 D/VideoPlayer(22834): onProgressChanged progress:759
03-18 09:46:06.135 D/VideoPlayer(22834): update time View:6085
03-18 09:46:07.136 D/MediaControler(22834): getCurrentPos:760336
03-18 09:46:07.136 D/VideoPlayer(22834): MSG_GET_PLAY_STATE curPos:760336/isSeeking:false
03-18 09:46:07.136 E/MediaControler(22834): getDuration:6085000
03-18 09:46:07.136 I/VideoPlayer(22834): duration:6085
03-18 09:46:07.136 D/MediaControler(22834): getCurrentPos:760336
03-18 09:46:07.136 D/VideoPlayer(22834): onProgressChanged progress:760
03-18 09:46:07.136 D/VideoPlayer(22834): update time View:6085
03-18 09:46:07.817 V/ChromiumHTTPDataSource(27444): connect on behalf of uid 10052
03-18 09:46:07.817 I/ChromiumHTTPDataSource(27444): connect to http://vod.feifeikan.com/vod/coshipottTWSX1000000000000254_800/244.ts @0
03-18 09:46:08.137 D/MediaControler(22834): getCurrentPos:761357
03-18 09:46:08.137 D/VideoPlayer(22834): MSG_GET_PLAY_STATE curPos:761357/isSeeking:false
03-18 09:46:08.137 E/MediaControler(22834): getDuration:6085000
03-18 09:46:08.137 I/VideoPlayer(22834): duration:6085
03-18 09:46:08.137 D/MediaControler(22834): getCurrentPos:761357
03-18 09:46:08.137 D/VideoPlayer(22834): onProgressChanged progress:761
03-18 09:46:08.137 D/VideoPlayer(22834): update time View:6085
03-18 09:46:09.138 D/MediaControler(22834): getCurrentPos:762414
03-18 09:46:09.138 D/VideoPlayer(22834): MSG_GET_PLAY_STATE curPos:762414/isSeeking:false
03-18 09:46:09.138 E/MediaControler(22834): getDuration:6085000
03-18 09:46:09.138 I/VideoPlayer(22834): duration:6085
03-18 09:46:09.138 D/MediaControler(22834): getCurrentPos:762414
03-18 09:46:09.138 D/VideoPlayer(22834): onProgressChanged progress:762
03-18 09:46:09.138 D/VideoPlayer(22834): update time View:6085
03-18 09:46:09.399 V/ChromiumHTTPDataSource(27444): connect on behalf of uid 10052
03-18 09:46:09.399 I/ChromiumHTTPDataSource(27444): connect to http://vod.feifeikan.com/vod/coshipottTWSX1000000000000254_800/245.ts @0
03-18 09:46:10.139 D/MediaControler(22834): getCurrentPos:763360
03-18 09:46:10.139 D/VideoPlayer(22834): MSG_GET_PLAY_STATE curPos:763360/isSeeking:false
03-18 09:46:10.139 E/MediaControler(22834): getDuration:6085000
03-18 09:46:10.139 I/VideoPlayer(22834): duration:6085
03-18 09:46:10.139 D/MediaControler(22834): getCurrentPos:763360
03-18 09:46:10.139 D/VideoPlayer(22834): onProgressChanged progress:763
03-18 09:46:10.139 D/VideoPlayer(22834): update time View:6085
03-18 09:46:11.140 D/MediaControler(22834): getCurrentPos:764321
03-18 09:46:11.140 D/VideoPlayer(22834): MSG_GET_PLAY_STATE curPos:764321/isSeeking:false
03-18 09:46:11.140 E/MediaControler(22834): getDuration:6085000
03-18 09:46:11.140 I/VideoPlayer(22834): duration:6085
03-18 09:46:11.140 D/MediaControler(22834): getCurrentPos:764321
03-18 09:46:11.140 D/VideoPlayer(22834): onProgressChanged progress:764
03-18 09:46:11.140 D/VideoPlayer(22834): update time View:6085
03-18 09:46:11.451 V/ChromiumHTTPDataSource(27444): connect on behalf of uid 10052
03-18 09:46:11.451 I/ChromiumHTTPDataSource(27444): connect to http://vod.feifeikan.com/vod/coshipottTWSX1000000000000254_800/246.ts @0
03-18 09:46:12.141 D/MediaControler(22834): getCurrentPos:765320
03-18 09:46:12.141 D/VideoPlayer(22834): MSG_GET_PLAY_STATE curPos:765320/isSeeking:false
03-18 09:46:12.141 E/MediaControler(22834): getDuration:6085000
03-18 09:46:12.141 I/VideoPlayer(22834): duration:6085
03-18 09:46:12.141 D/MediaControler(22834): getCurrentPos:765320
03-18 09:46:12.141 D/VideoPlayer(22834): onProgressChanged progress:765
03-18 09:46:12.141 D/VideoPlayer(22834): update time View:6085
03-18 09:46:13.142 D/MediaControler(22834): getCurrentPos:766373
03-18 09:46:13.142 D/VideoPlayer(22834): MSG_GET_PLAY_STATE curPos:766373/isSeeking:false
03-18 09:46:13.142 E/MediaControler(22834): getDuration:6085000
03-18 09:46:13.142 I/VideoPlayer(22834): duration:6085
03-18 09:46:13.142 D/MediaControler(22834): getCurrentPos:766373
03-18 09:46:13.142 D/VideoPlayer(22834): onProgressChanged progress:766
03-18 09:46:13.142 D/VideoPlayer(22834): update time View:6085
03-18 09:46:14.143 D/MediaControler(22834): getCurrentPos:767321
03-18 09:46:14.143 D/VideoPlayer(22834): MSG_GET_PLAY_STATE curPos:767321/isSeeking:false
03-18 09:46:14.143 E/MediaControler(22834): getDuration:6085000
03-18 09:46:14.143 I/VideoPlayer(22834): duration:6085
03-18 09:46:14.143 D/MediaControler(22834): getCurrentPos:767321
03-18 09:46:14.143 D/VideoPlayer(22834): onProgressChanged progress:767
03-18 09:46:14.143 D/VideoPlayer(22834): update time View:6085
03-18 09:46:15.134 D/MediaControler(22834): getCurrentPos:768400
03-18 09:46:15.134 D/VideoPlayer(22834): MSG_GET_PLAY_STATE curPos:768400/isSeeking:false
03-18 09:46:15.134 E/MediaControler(22834): getDuration:6085000
03-18 09:46:15.134 I/VideoPlayer(22834): duration:6085
03-18 09:46:15.134 D/MediaControler(22834): getCurrentPos:768400
03-18 09:46:15.134 D/VideoPlayer(22834): onProgressChanged progress:768
03-18 09:46:15.134 D/VideoPlayer(22834): update time View:6085
03-18 09:46:16.135 D/MediaControler(22834): getCurrentPos:769360
03-18 09:46:16.135 D/VideoPlayer(22834): MSG_GET_PLAY_STATE curPos:769360/isSeeking:false
03-18 09:46:16.135 E/MediaControler(22834): getDuration:6085000
03-18 09:46:16.135 I/VideoPlayer(22834): duration:6085
03-18 09:46:16.135 D/MediaControler(22834): getCurrentPos:769360
03-18 09:46:16.135 D/VideoPlayer(22834): onProgressChanged progress:769
03-18 09:46:16.135 D/VideoPlayer(22834): update time View:6085
03-18 09:46:16.856 V/ChromiumHTTPDataSource(27444): connect on behalf of uid 10052
03-18 09:46:16.856 I/ChromiumHTTPDataSource(27444): connect to http://vod.feifeikan.com/vod/coshipottTWSX1000000000000254_800/247.ts @0
03-18 09:46:17.136 D/MediaControler(22834): getCurrentPos:770384
03-18 09:46:17.136 D/VideoPlayer(22834): MSG_GET_PLAY_STATE curPos:770384/isSeeking:false
03-18 09:46:17.136 E/MediaControler(22834): getDuration:6085000
03-18 09:46:17.136 I/VideoPlayer(22834): duration:6085
03-18 09:46:17.146 D/MediaControler(22834): getCurrentPos:770384
03-18 09:46:17.146 D/VideoPlayer(22834): onProgressChanged progress:770
03-18 09:46:17.146 D/VideoPlayer(22834): update time View:6085
03-18 09:46:17.667 E/VideoPlayer(22834): showController
03-18 09:46:17.827 D/VideoPlayer(22834): sendToTV:1
03-18 09:46:17.827 E/apple   (22834): connectDevice
03-18 09:46:17.827 E/apple   (22834): connectDevice22:3
03-18 09:46:17.827 V/Device  (22834): 192.168.1.6: state=3,will change to =3
03-18 09:46:17.837 E/apple   (22834): Client current:true
03-18 09:46:17.837 E/apple   (22834): Client current:false
03-18 09:46:17.837 E/VideoPlayer(22834): processOnPause 
03-18 09:46:17.837 E/MediaControler(22834): reset
03-18 09:46:17.837 E/VideoPlayer(22834): showController
03-18 09:46:17.847 V/AudioFlinger(27444): pause(4099), calling pid 27444
03-18 09:46:17.847 V/AudioFlinger(27444): ACTIVE/RESUMING => PAUSING (4099) on thread 0x414295b0
03-18 09:46:17.847 V/AudioPolicyManagerBase(27444): stopOutput() output 2, stream 3, session 9129
03-18 09:46:17.847 V/AudioPolicyManagerBase(27444): changeRefCount() stream 3, count 0
03-18 09:46:17.847 D/AudioPolicyManagerALSA(27444): mFmRadioStatus=0,mFmRadioSinkDev=4,device2=0
03-18 09:46:17.847 I/AudioPolicyManagerALSA(27444): MUSIC is playing but no on primary device, new device=2
03-18 09:46:17.847 V/AudioPolicyManagerBase(27444): setOutputDevice() output 2 device 0002 delayMs 86
03-18 09:46:17.847 V/AudioPolicyManagerBase(27444): setOutputDevice() prevDevice 0002
03-18 09:46:17.847 D/AudioPolicyManagerALSA(27444): mFmRadioStatus=0,mFmRadioSinkDev=4,device2=0
03-18 09:46:17.847 D/AudioPolicyManagerALSA(27444): mFmRadioStatus=0,mFmRadioSinkDev=4,device2=0
03-18 09:46:17.847 D/AudioPolicyManagerALSA(27444): mFmRadioStatus=0,mFmRadioSinkDev=4,device2=0
03-18 09:46:17.847 D/AudioPolicyManagerALSA(27444): mFmRadioStatus=0,mFmRadioSinkDev=4,device2=0
03-18 09:46:17.847 D/AudioPolicyManagerALSA(27444): mFmRadioStatus=0,mFmRadioSinkDev=4,device2=0
03-18 09:46:17.847 V/AudioPolicyManagerBase(27444): setOutputDevice() setting same device 0002 or null device for output 2
03-18 09:46:17.847 V/AudioPolicyManagerALSA(27444): getDeviceForStrategy() from cache strategy 3, device 2
03-18 09:46:17.847 D/AudioPolicyManagerALSA(27444): mFmRadioStatus=0,mFmRadioSinkDev=4,device2=0
03-18 09:46:17.847 D/AudioPolicyManagerALSA(27444): mFmRadioStatus=0,mFmRadioSinkDev=4,device2=0
03-18 09:46:17.847 D/AudioPolicyManagerALSA(27444): mFmRadioStatus=0,mFmRadioSinkDev=4,device2=0
03-18 09:46:17.847 D/AudioPolicyManagerALSA(27444): mFmRadioStatus=0,mFmRadioSinkDev=4,device2=0
03-18 09:46:17.847 D/AudioPolicyManagerALSA(27444): mFmRadioStatus=0,mFmRadioSinkDev=4,device2=0
03-18 09:46:17.847 D/AudioPolicyManagerALSA(27444): mFmRadioStatus=0,mFmRadioSinkDev=4,device2=0
03-18 09:46:17.847 D/BatteryService(  384): mAcOnlinefalsemUsbOnline:truemBatteryStatus 2
03-18 09:46:17.847 D/BatteryService(  384): mBatteryLevel78isPowered():trueActivityManagerNative.isSystemReady():true
03-18 09:46:17.857 E/LiveSession(27444): failed to fetch .ts segment at url 'http://vod.feifeikan.com/vod/coshipottTWSX1000000000000254_800/248.ts'
03-18 09:46:17.857 I/BRCM-OMX(27444): [OMX.brcm.audio.aac.decoder]:processFlush: Process Flush in Base Auio Dec triggers reset on the codec API
03-18 09:46:17.857 I/BRCM-OMX(27444): [OMX.brcm.audio.aac.decoder]:portFlushInProgress: Port-0 FLUSH in Progress
03-18 09:46:17.857 I/BRCM-OMX(27444): [OMX.brcm.audio.aac.decoder]:portFlushInProgress: Port-0 FLUSH in Progress
03-18 09:46:17.857 I/BRCM-OMX(27444): [OMX.brcm.audio.aac.decoder]:processFlush: Process Flush in Base Auio Dec triggers reset on the codec API
03-18 09:46:17.857 I/BRCM-OMX(27444): [OMX.brcm.audio.aac.decoder]:processFlush: Process Flush in Base Auio Dec triggers reset on the codec API
03-18 09:46:17.857 I/BRCM-OMX(27444): [OMX.brcm.audio.aac.decoder]:processFlush: Process Flush in Base Auio Dec triggers reset on the codec API
03-18 09:46:17.857 I/BRCM-OMX(27444): [OMX.brcm.audio.aac.decoder]:bufferHandler: PORT-0: BufferHandler thread exiting....
03-18 09:46:17.857 I/BRCM-OMX(27444): [OMX.brcm.audio.aac.decoder]:bufferHandler: PORT-1: BufferHandler thread exiting....
03-18 09:46:17.857 W/BRCM-OMXAudioPort(27444): [OMX.brcm.audio.aac.decoder]:isPopulated: PORT-0,  Populated state <0>
03-18 09:46:17.857 W/BRCM-OMXAudioPort(27444): [OMX.brcm.audio.aac.decoder]:isPopulated: PORT-1,  Populated state <1>
03-18 09:46:17.857 W/BRCM-OMXAudioPort(27444): [OMX.brcm.audio.aac.decoder]:isPopulated: PORT-1,  Populated state <0>
03-18 09:46:17.857 I/BRCM-OMX(27444): ([OMX.brcm.audio.aac.decoder]:codecSyncHandler: codecSyncHandler thread exiting....
03-18 09:46:17.857 I/BRCM-OMX(27444): [OMX.brcm.audio.aac.decoder]:commandHandler: CommandHandler thread exiting....
03-18 09:46:17.857 D/brcm-vd (27444): [video_decoder__openmax_main]: flushing input(1)/output(1) port for 0x41a4ded0
03-18 09:46:17.857 D/BatteryService(  384): mAcOnlinefalsemUsbOnline:truemBatteryStatus 2
03-18 09:46:17.857 D/ActivityManager(  384): mBatteryStatusReceiver, action=android.intent.action.BATTERY_CHANGED
03-18 09:46:17.857 D/ActivityManager(  384): mBatteryStatusReceiver, plugged=2, mBatteryStatusPlugged=2, fakeShutdownMode=false
03-18 09:46:17.867 D/brcm-vd (27444): [video_decoder__check_complete]: flush input port completed
03-18 09:46:17.867 D/brcm-vd (27444): [video_decoder__check_complete]: flush output port completed
03-18 09:46:17.867 V/OtOPlayRequest(22834): Play Request: {"ResourceInfo":{"TimeCode":770,"PlayType":1,"ResourceName":"人再囧途之泰囧","ProductCode":"","ResourceCode":"10774","Duration":6085},"UserCode":"","SubID":""}
03-18 09:46:17.867 D/brcm-vd (27444): [video_decoder__check_complete]: state changing completed
03-18 09:46:17.867 D/brcm-vd (27444): [video_decoder__FreeBuffer]: deallocated 0x48f6dd10 (5dfd1000)
03-18 09:46:17.867 D/brcm-vd (27444): [video_decoder__FreeBuffer]: deallocated 0x54bd5e30 (5df73400)
03-18 09:46:17.867 D/brcm-vd (27444): [video_decoder__FreeBuffer]: deallocated 0x42d61ea0 (5df15800)
03-18 09:46:17.867 D/brcm-vd (27444): [video_decoder__FreeBuffer]: deallocated 0x4c339e90 (5deb7c00)
03-18 09:46:17.867 D/brcm-vd (27444): [video_decoder__FreeBuffer]: deallocated 0x41887f20 (5de5a000)
03-18 09:46:17.867 D/brcm-vd (27444): [video_decoder__FreeBuffer]: deallocated 0x4e1aad70 (80000006)
03-18 09:46:17.867 E/BufferQueue(  114): [SurfaceView] cancelBuffer: slot 3 is not owned by the client (state=0)
03-18 09:46:17.867 D/brcm-vd (27444): [video_decoder__FreeBuffer]: deallocated 0x425674b0 (8000000a)
03-18 09:46:17.867 D/brcm-vd (27444): [video_decoder__openmax_main]: OMX_CommandStateSet - loaded, ready to set/get
03-18 09:46:17.867 E/BufferQueue(  114): [SurfaceView] cancelBuffer: slot 2 is not owned by the client (state=0)
03-18 09:46:17.867 D/brcm-vd (27444): [video_decoder__FreeBuffer]: deallocated 0x52553e60 (80000004)
03-18 09:46:17.867 E/BufferQueue(  114): [SurfaceView] cancelBuffer: slot 1 is not owned by the client (state=0)
03-18 09:46:17.867 D/brcm-vd (27444): [video_decoder__FreeBuffer]: deallocated 0x48f6dec0 (80000011)
03-18 09:46:17.867 D/brcm-vd (27444): [video_decoder__FreeBuffer]: deallocated 0x560fbc90 (80000008)
03-18 09:46:17.867 D/brcm-vd (27444): [video_decoder__openmax_main]: state changed ( 0, 1 )
03-18 09:46:17.867 V/component_tracker(27444): [unregister_component]: Removing decoder (0x41b3f430) at slot 0
03-18 09:46:17.867 V/component_tracker(27444): [unregister_component]: Clearing decoder at slot 0
03-18 09:46:17.867 D/brcm-vd (27444): [video_decoder__openmax_main]: thread exiting
03-18 09:46:17.877 V/AudioFlinger(27444): presentationComplete() reset: mPresentationCompleteFrames 4247568 audioHalFrames 2064
03-18 09:46:17.877 W/ALooperRoster(27444): failed to deliver message. Target handler 246 registered, but object gone.
03-18 09:46:17.877 V/AudioFlinger(27444): releasing 9129 from 22834
03-18 09:46:17.877 V/AudioFlinger(27444):  decremented refcount to 0
03-18 09:46:17.877 V/AudioFlinger(27444): purging stale effects
03-18 09:46:17.877 V/AudioPolicyManagerBase(27444): releaseOutput() 2
03-18 09:46:17.877 V/AudioFlinger(27444): releasing 9129 from 27444
03-18 09:46:17.877 V/AudioFlinger(27444):  decremented refcount to 0
03-18 09:46:17.877 V/AudioFlinger(27444): purging stale effects
03-18 09:46:17.937 V/AudioFlinger(27444): presentationComplete() session 9129 complete: framesWritten 4248576
03-18 09:46:17.937 V/AudioFlinger(27444): remove track (4099) and delete from mixer
03-18 09:46:17.947 V/AudioFlinger(27444): PlaybackThread::Track destructor
03-18 09:46:17.947 V/AudioFlinger(27444): removeClient_l() pid 27444, tid 27449, calling tid 27444
03-18 09:46:20.860 V/AudioFlinger(27444): Audio hardware entering standby, mixer 0x414295b0, suspend count 0
03-18 09:46:20.910 I/AudioHardwareALSA(27444): dump.audio.pcm = OFF
03-18 09:46:20.910 V/AudioHardwareALSA(27444): Data Dump is disabled
03-18 09:46:20.910 V/AudioFlinger(27444): releaseWakeLock_l() AudioOut_2
03-18 09:46:20.910 V/AudioFlinger(27444): thread 0x414295b0 type 0 TID 27449 going to sleep
03-18 09:46:29.859 E/VideoPlayer(22834): SYNC_STATUS_FAILED playType:1
03-18 09:46:29.869 D/VideoPlayer(22834): handleTVtoPhonePlay
03-18 09:46:29.869 D/VideoPlayer(22834): processOnResume:1
03-18 09:46:29.869 E/VideoPlayer(22834): processOnResume vod_seek_time:770
03-18 09:46:29.869 E/VideoPlayer(22834): getPlayUrl--resourceCode:10774  playType:1  playTime:6085  delay:0  shifttime:0  shiftend:0  timecode:770  fmt:2  assetName:人再囧途之泰囧  assetId:TWSX1000000000000254  providerId:coshipott  retryTimes:0
03-18 09:46:29.869 E/Test    (22834): requestUrl  :http://wasu.feifeikan.com:8080/msis/getPlayURL?version=V001&terminalType=3&resolution=1280*720&resourceCode=10774&userCode=&playType=1&delay=0&shifttime=0&shiftend=0&timecode=0&fmt=2&authKey=d09acdabbc1421835a86ecbeed65ac2a
03-18 09:46:29.899 I/brcm-gr (22834): [gralloc_lock]: new usage 0x933
03-18 09:46:30.099 E/Test    (22834): jsonData:{"ret":"0","palyURL":"http://vod.feifeikan.com/vod/coshipott,TWSX1000000000000254.m3u8?fmt=x264_800k_mpegts&timecode=0&sk=ADACD180ED7B8FB2C3B774B1ED55137C&UUID=61d7e874-89c5-4aa6-b704-0fee19b7c510&userCode=default&userName=default&spCode=484581254562&productCode=1&resourceCode=10774&subId=123&resourceName=&authType=2","retInfo":""}
03-18 09:46:30.109 E/Functions(22834): getPlayUrl:
03-18 09:46:30.109 E/MediaControler(22834): paly path:http://vod.feifeikan.com/vod/coshipott,TWSX1000000000000254.m3u8?fmt=x264_800k_mpegts&timecode=0&sk=ADACD180ED7B8FB2C3B774B1ED55137C&UUID=61d7e874-89c5-4aa6-b704-0fee19b7c510&userCode=default&userName=default&spCode=484581254562&productCode=1&resourceCode=10774&subId=123&resourceName=&authType=2
03-18 09:46:30.109 E/Test    (22834): requestUrl  :http://wasu.feifeikan.com:8080/msis/stopPlayNotify?version=V001&terminalType=3&resolution=1280*720&UUID=67f0aba2-fa77-4562-8ac6-c7ffe0ed94a5&authKey=bb2db986bfce5a59292aa1d3561b1913
03-18 09:46:30.109 E/MediaControler(22834): initMediaPlayer
03-18 09:46:30.109 V/AudioFlinger(27444): acquiring 9130 from 22834
03-18 09:46:30.109 V/AudioFlinger(27444):  added new entry for 9130
03-18 09:46:30.609 D/MediaControler(22834): setDataSource
03-18 09:46:30.619 D/MediaControler(22834): setDisplay
03-18 09:46:30.619 D/MediaControler(22834): start prepareAsync
03-18 09:46:30.619 D/VideoPlayer(22834): UUID:61d7e874-89c5-4aa6-b704-0fee19b7c510
03-18 09:46:30.619 E/Functions(22834): stopPlayNotify:
03-18 09:46:30.619 V/MediaControler(22834): onVideoSizeChanged called
03-18 09:46:30.619 E/MediaControler(22834): invalid video width(0) or height(0)
03-18 09:46:30.619 V/MediaControler(22834): onPrepared ok
03-18 09:46:30.619 D/MediaControler(22834): start play
03-18 09:46:30.619 E/VideoPlayer(22834): onPlayStart-playType:1
03-18 09:46:30.629 E/MediaControler(22834): getDuration:0
03-18 09:46:30.629 D/VideoPlayer(22834): onProgressChanged progress:0
03-18 09:46:30.629 D/VideoPlayer(22834): update time View:0
03-18 09:46:30.629 I/LiveSession(27444): onConnect 'http://vod.feifeikan.com/vod/coshipott,TWSX1000000000000254.m3u8?fmt=x264_800k_mpegts&timecode=0&sk=ADACD180ED7B8FB2C3B774B1ED55137C&UUID=61d7e874-89c5-4aa6-b704-0fee19b7c510&userCode=default&userName=default&spCode=484581254562&productCode=1&resourceCode=10774&subId=123&resourceName=&authType=2'
03-18 09:46:30.629 V/ChromiumHTTPDataSource(27444): connect on behalf of uid 10052
03-18 09:46:30.629 I/ChromiumHTTPDataSource(27444): connect to http://vod.feifeikan.com/vod/coshipott,TWSX1000000000000254.m3u8?fmt=x264_800k_mpegts&timecode=0&sk=ADACD180ED7B8FB2C3B774B1ED55137C&UUID=61d7e874-89c5-4aa6-b704-0fee19b7c510&userCode=default&userName=default&spCode=484581254562&productCode=1&resourceCode=10774&subId=123&resourceName=&authType=2 @0
03-18 09:46:30.629 E/MediaControler(22834): getDuration:0
03-18 09:46:30.629 E/VideoPlayer(22834): onPlayStart video Duration:0
03-18 09:46:30.629 E/Test    (22834): requestUrl  :http://wasu.feifeikan.com:8080/msis/startPlayNotify?version=V001&terminalType=3&resolution=1280*720&UUID=61d7e874-89c5-4aa6-b704-0fee19b7c510&authKey=8bd377baaf0042756d25e7b24cda572e
03-18 09:46:30.749 E/Functions(22834): startPlayNotify:
03-18 09:46:31.040 V/ChromiumHTTPDataSource(27444): connect on behalf of uid 10052
03-18 09:46:31.040 I/ChromiumHTTPDataSource(27444): connect to http://vod.feifeikan.com/vod/coshipottTWSX1000000000000254_800.m3u8 @0
03-18 09:46:31.630 D/MediaControler(22834): getCurrentPos:0
03-18 09:46:31.630 D/VideoPlayer(22834): MSG_GET_PLAY_STATE curPos:0/isSeeking:false
03-18 09:46:31.630 E/MediaControler(22834): getDuration:0
03-18 09:46:31.630 I/VideoPlayer(22834): duration:0
03-18 09:46:31.630 D/MediaControler(22834): getCurrentPos:0
03-18 09:46:31.640 D/MediaControler(22834): getCurrentPos:0
03-18 09:46:31.780 V/ChromiumHTTPDataSource(27444): connect on behalf of uid 10052
03-18 09:46:31.780 I/ChromiumHTTPDataSource(27444): connect to http://vod.feifeikan.com/vod/coshipottTWSX1000000000000254_800/1.ts @0
03-18 09:46:31.911 I/brcm-gr (22834): [gralloc_lock]: new usage 0x933
03-18 09:46:32.551 V/ChromiumHTTPDataSource(27444): connect on behalf of uid 10052
03-18 09:46:32.551 I/ChromiumHTTPDataSource(27444): connect to http://vod.feifeikan.com/vod/coshipottTWSX1000000000000254_800/2.ts @0
03-18 09:46:32.561 I/avc_utils(27444): found AVC codec config (800 x 480, High-profile level 3.0)
03-18 09:46:32.571 D/stagefright_omx_plugin(27444): makeComponentInstance ( OMX.BRCM.vc4.decoder.avc )
03-18 09:46:32.571 V/component_tracker(27444): [register_component]: Adding decoder (0x426f3d70) at 0, w:0 h:0
03-18 09:46:32.571 I/brcm-vd (27444): [video_decoder_create_component_internal]: making a component of type vc.video_decode
03-18 09:46:32.581 D/brcm-vd (27444): [video_decoder_create_component_internal]: created with event
03-18 09:46:32.581 D/stagefright_omx_plugin(27444): video_decoder_create_component ( 0 )
03-18 09:46:32.591 I/BRCM-OMX(27444): [OMX.brcm.audio.aac.decoder]:OMX_BaseComponentSync: SYNC interface
03-18 09:46:32.591 I/BRCM-OMX(27444): [OMX.brcm.audio.aac.decoder]:startCommandHandler: Started commandHandler thread...
03-18 09:46:32.591 I/BRCM-OMX(27444): [OMX.brcm.audio.aac.decoder]:startCodecSyncHandler: Started CodecSyncHandler thread...
03-18 09:46:32.591 D/brcm-vd (27444): [video_decoder__GetParameter]: format [in] = 7, 0, 0
03-18 09:46:32.591 D/brcm-vd (27444): [video_decoder__SetParameter]: format [in] = 7, 0, 0, mmal fmt H264
03-18 09:46:32.591 D/brcm-vd (27444): [video_decoder__GetParameter]: format [out] = 0, 19, 0
03-18 09:46:32.591 D/brcm-vd (27444): video_decoder__SetParameter:1839: mapped color format 13 to mmal I420
03-18 09:46:32.591 D/brcm-vd (27444): [video_decoder__SetParameter]: format [out] = 0, 19, 0, mmal fmt I420
03-18 09:46:32.591 D/brcm-vd (27444): [video_decoder__GetParameter]: port-def [in] = 2048/2048, 5/1, 7, 0, 0x0/0x0
03-18 09:46:32.591 D/brcm-vd (27444): [video_decoder__SetParameter]: port-def [in] = increasing buffer size 2048 -> 384000, for 5 element(s)
03-18 09:46:32.591 D/brcm-vd (27444): [video_decoder__SetParameter]: port-def [in] = 384000/2048, 5/1, [7, 0] (H264), 800x480/0x0
03-18 09:46:32.591 V/component_tracker(27444): [register_component]: Updating decoder (0x426f3d70) at 0, was w:0 h:0 now w:800 h:480
03-18 09:46:32.591 D/brcm-vd (27444): [video_decoder__GetParameter]: port-def [out] = 576000/576000, 4/1, 0, 19, 800x480/800x480
03-18 09:46:32.591 D/brcm-vd (27444): video_decoder__SetParameter:1903: mapped color format 13 to mmal I420
03-18 09:46:32.591 D/brcm-vd (27444): [video_decoder__SetParameter]: port-def [out] = 576000/576000, 4/1, [0, 19] (I420), 800x480/800x480
03-18 09:46:32.591 V/component_tracker(27444): [register_component]: Updating decoder (0x426f3d70) at 0, was w:800 h:480 now w:800 h:480
03-18 09:46:32.601 I/BRCM-OMX(27444): [OMX.brcm.audio.aac.decoder]:setVendorExtParamHandler: index <OMX_IndexEnableNativeBuffers>, portIdx <1> enable <0>
03-18 09:46:32.601 E/brcm-vd (27444): [video_decoder__SetParameter]: updated mmal decoder output format to OPQV
03-18 09:46:32.601 D/brcm-vd (27444): [video_decoder__SetParameter]: enable-native-window [out] = YES
03-18 09:46:32.601 D/brcm-vd (27444): [video_decoder__GetParameter]: port-def [in] = 384000/2048, 5/1, 7, 0, 800x480/0x480
03-18 09:46:32.601 D/brcm-vd (27444): [video_decoder__UseBuffer]: allocated 0x41cc9e50, 0x5db7c000(384000) input port
03-18 09:46:32.601 D/brcm-vd (27444): [video_decoder__UseBuffer]: allocated 0x491dbcc0, 0x5dbd9c00(384000) input port
03-18 09:46:32.601 D/brcm-vd (27444): [video_decoder__UseBuffer]: allocated 0x491dbdf0, 0x5dc37800(384000) input port
03-18 09:46:32.601 D/brcm-vd (27444): [video_decoder__UseBuffer]: allocated 0x5609ec60, 0x5dc95400(384000) input port
03-18 09:46:32.601 D/brcm-vd (27444): [video_decoder__UseBuffer]: allocated 0x5609ed90, 0x5dcf3000(384000) input port
03-18 09:46:32.601 W/BRCM-OMXAudioPort(27444): [OMX.brcm.audio.aac.decoder]:isPopulated: PORT-0,  Populated state <0>
03-18 09:46:32.601 D/brcm-vd (27444): [video_decoder__GetParameter]: port-def [out] = 64/64, 4/3, 0, 258, 800x480/0x0
03-18 09:46:32.601 D/brcm-vd (27444): [video_decoder__GetParameter]: get-android-native-buf-usage [out] = 0x0
03-18 09:46:32.601 D/brcm-vd (27444): video_decoder__SetParameter:1903: mapped color format 102 to mmal OPQV
03-18 09:46:32.601 D/brcm-vd (27444): [video_decoder__SetParameter]: port-def [out] = 64/64, 5/3, [0, 258] (OPQV), 800x480/0x0
03-18 09:46:32.601 V/component_tracker(27444): [register_component]: Updating decoder (0x426f3d70) at 0, was w:800 h:480 now w:800 h:480
03-18 09:46:32.601 W/BRCM-OMXAudioPort(27444): [OMX.brcm.audio.aac.decoder]:isPopulated: PORT-0,  Populated state <1>
03-18 09:46:32.601 W/BRCM-OMXAudioPort(27444): [OMX.brcm.audio.aac.decoder]:isPopulated: PORT-1,  Populated state <0>
03-18 09:46:32.601 W/BRCM-OMXAudioPort(27444): [OMX.brcm.audio.aac.decoder]:isPopulated: PORT-1,  Populated state <1>
03-18 09:46:32.601 I/BRCM-OMX(27444): [OMX.brcm.audio.aac.decoder]:startBufferHandler: Started BufferHandler thread-0...
03-18 09:46:32.601 I/BRCM-OMX(27444): [OMX.brcm.audio.aac.decoder]:startBufferHandler: Started BufferHandler thread-1...
03-18 09:46:32.601 D/brcm-vd (27444): [video_decoder__GetParameter]: port-def [out] = 64/64, 5/3, 0, 258, 800x480/0x480
03-18 09:46:32.601 D/brcm-vd (27444): [video_decoder__UseBuffer]: locating 0 returns 0x80000011, output port
03-18 09:46:32.601 D/brcm-vd (27444): [video_decoder__UseBuffer]: allocated 0x41a5c020, 0x41861d70(576000) output port
03-18 09:46:32.601 W/BRCM-OMX(27444): [OMX.brcm.audio.aac.decoder]:processHeader: dec header consumed only 0 bytes, discarding 2 bytes
03-18 09:46:32.601 I/BRCM-OMX(27444): [OMX.brcm.audio.aac.decoder]:processHeader: sample rate [44100] does not match with codec sample rate [0]
03-18 09:46:32.601 I/BRCM-OMX(27444): [OMX.brcm.audio.aac.decoder]:processHeader: channels [2] does not match with codec channels [0]
03-18 09:46:32.601 I/BRCM-OMX(27444): [OMX.brcm.audio.aac.decoder]:processFlush: Process Flush in Base Auio Dec triggers reset on the codec API
03-18 09:46:32.601 D/brcm-vd (27444): [video_decoder__GetParameter]: port-def [out] = 64/64, 5/3, 0, 258, 800x480/0x480
03-18 09:46:32.601 D/brcm-vd (27444): [video_decoder__UseBuffer]: locating 0 returns 0x8000000a, output port
03-18 09:46:32.601 D/brcm-vd (27444): [video_decoder__UseBuffer]: allocated 0x4bb3a750, 0x4a77be50(576000) output port
03-18 09:46:32.601 D/brcm-vd (27444): [video_decoder__GetParameter]: port-def [out] = 64/64, 5/3, 0, 258, 800x480/0x480
03-18 09:46:32.601 D/brcm-vd (27444): [video_decoder__UseBuffer]: locating 0 returns 0x80000006, output port
03-18 09:46:32.601 D/brcm-vd (27444): [video_decoder__UseBuffer]: allocated 0x4a77bc60, 0x4c339cc8(576000) output port
03-18 09:46:32.601 D/brcm-vd (27444): [video_decoder__GetParameter]: port-def [out] = 64/64, 5/3, 0, 258, 800x480/0x480
03-18 09:46:32.601 E/HEAAC_DEC_API(27444): Error in AACDEC_Parser
03-18 09:46:32.601 D/brcm-vd (27444): [video_decoder__UseBuffer]: locating 0 returns 0x8000001e, output port
03-18 09:46:32.601 D/brcm-vd (27444): [video_decoder__UseBuffer]: allocated 0x4e589d30, 0x5a49de48(576000) output port
03-18 09:46:32.601 D/AudioPolicyManagerALSA(27444): mFmRadioStatus=0,mFmRadioSinkDev=4,device2=0
03-18 09:46:32.601 V/AudioPolicyManagerBase(27444): getOutput() stream 3, samplingRate 0, format 0, channelMask 3, flags 0
03-18 09:46:32.601 V/AudioPolicyManagerBase(27444): getOutput() returns output 2
03-18 09:46:32.601 D/AudioPolicyManagerALSA(27444): mFmRadioStatus=0,mFmRadioSinkDev=4,device2=0
03-18 09:46:32.601 V/AudioPolicyManagerBase(27444): getOutput() stream 3, samplingRate 0, format 0, channelMask 3, flags 0
03-18 09:46:32.601 V/AudioPolicyManagerBase(27444): getOutput() returns output 2
03-18 09:46:32.601 D/AudioPolicyManagerALSA(27444): mFmRadioStatus=0,mFmRadioSinkDev=4,device2=0
03-18 09:46:32.601 V/AudioPolicyManagerBase(27444): getOutput() stream 3, samplingRate 44100, format 1, channelMask 3, flags 0
03-18 09:46:32.601 V/AudioPolicyManagerBase(27444): getOutput() returns output 2
03-18 09:46:32.601 V/AudioFlinger(27444): createTrack() sessionId: 9130
03-18 09:46:32.601 V/AudioFlinger(27444): createTrack() lSessionId: 9130
03-18 09:46:32.601 V/AudioFlinger(27444): Track constructor name 4099, calling pid 27444
03-18 09:46:32.601 V/AudioFlinger(27444): acquiring 9130 from 27444
03-18 09:46:32.601 V/AudioFlinger(27444):  added new entry for 9130
03-18 09:46:32.601 D/AudioPolicyManagerALSA(27444): mFmRadioStatus=0,mFmRadioSinkDev=4,device2=0
03-18 09:46:32.601 V/AudioPolicyManagerBase(27444): getOutput() stream 3, samplingRate 0, format 0, channelMask 3, flags 0
03-18 09:46:32.601 V/AudioPolicyManagerBase(27444): getOutput() returns output 2
03-18 09:46:32.601 V/AudioFlinger(27444): start(4099), calling pid 27444 session 9130
03-18 09:46:32.601 V/AudioFlinger(27444): ? => ACTIVE (4099) on thread 0x5358cd10
03-18 09:46:32.601 V/AudioPolicyManagerBase(27444): startOutput() output 2, stream 3, session 9130
03-18 09:46:32.601 V/AudioPolicyManagerBase(27444): changeRefCount() stream 3, count 1
03-18 09:46:32.601 D/AudioPolicyManagerALSA(27444): mFmRadioStatus=0,mFmRadioSinkDev=4,device2=0
03-18 09:46:32.601 V/AudioPolicyManagerBase(27444): setOutputDevice() output 2 device 0002 delayMs 0
03-18 09:46:32.601 V/AudioPolicyManagerBase(27444): setOutputDevice() prevDevice 0002
03-18 09:46:32.611 D/AudioPolicyManagerALSA(27444): mFmRadioStatus=0,mFmRadioSinkDev=4,device2=0
03-18 09:46:32.611 D/AudioPolicyManagerALSA(27444): mFmRadioStatus=0,mFmRadioSinkDev=4,device2=0
03-18 09:46:32.611 D/AudioPolicyManagerALSA(27444): mFmRadioStatus=0,mFmRadioSinkDev=4,device2=0
03-18 09:46:32.611 D/AudioPolicyManagerALSA(27444): mFmRadioStatus=0,mFmRadioSinkDev=4,device2=0
03-18 09:46:32.611 D/AudioPolicyManagerALSA(27444): mFmRadioStatus=0,mFmRadioSinkDev=4,device2=0
03-18 09:46:32.611 V/AudioPolicyManagerBase(27444): setOutputDevice() setting same device 0002 or null device for output 2
03-18 09:46:32.611 V/AudioPolicyManagerALSA(27444): getDeviceForStrategy() from cache strategy 3, device 2
03-18 09:46:32.611 D/AudioPolicyManagerALSA(27444): mFmRadioStatus=0,mFmRadioSinkDev=4,device2=0
03-18 09:46:32.611 D/AudioPolicyManagerALSA(27444): mFmRadioStatus=0,mFmRadioSinkDev=4,device2=0
03-18 09:46:32.611 D/AudioPolicyManagerALSA(27444): mFmRadioStatus=0,mFmRadioSinkDev=4,device2=0
03-18 09:46:32.611 D/AudioPolicyManagerALSA(27444): mFmRadioStatus=0,mFmRadioSinkDev=4,device2=0
03-18 09:46:32.611 D/AudioPolicyManagerALSA(27444): mFmRadioStatus=0,mFmRadioSinkDev=4,device2=0
03-18 09:46:32.611 D/AudioPolicyManagerALSA(27444): mFmRadioStatus=0,mFmRadioSinkDev=4,device2=0
03-18 09:46:32.611 V/AudioFlinger(27444): mWaitWorkCV.broadcast
03-18 09:46:32.611 V/AudioFlinger(27444): thread 0x414295b0 type 0 TID 27449 waking up
03-18 09:46:32.611 V/AudioFlinger(27444): acquireWakeLock_l() AudioOut_2 status 0
03-18 09:46:32.611 D/brcm-vd (27444): [video_decoder__GetParameter]: port-def [out] = 64/64, 5/3, 0, 258, 800x480/0x480
03-18 09:46:32.611 D/brcm-vd (27444): [video_decoder__UseBuffer]: locating 0 returns 0x80000023, output port
03-18 09:46:32.611 D/brcm-vd (27444): [video_decoder__UseBuffer]: allocated 0x5358cec0, 0x51db2cf8(576000) output port
03-18 09:46:32.611 D/brcm-vd (27444): [video_decoder__enable_ports]: enable MMAL ports
03-18 09:46:32.611 D/brcm-vd (27444): [video_decoder__check_complete]: state changing completed
03-18 09:46:32.611 D/brcm-vd (27444): [video_decoder__openmax_main]: state changed ( 0, 3 )
03-18 09:46:32.621 D/AudioHardwareALSA(27444): Prepare success result=0
03-18 09:46:32.631 I/brcm-vd (27444): [video_decoder__return_buffer]: received event EFCH on port 3,0
03-18 09:46:32.631 I/brcm-vd (27444): new aspect ratio 16x15
03-18 09:46:32.631 D/MediaControler(22834): getCurrentPos:0
03-18 09:46:32.631 D/VideoPlayer(22834): MSG_GET_PLAY_STATE curPos:0/isSeeking:false
03-18 09:46:32.631 D/brcm-vd (27444): [video_decoder__GetParameter]: port-def [out] = 64/64, 5/3, 0, 258, 800x480/0x480
03-18 09:46:32.631 D/brcm-vd (27444): [video_decoder__GetConfig]: crop [out] = (0, 0) (800x480)
03-18 09:46:32.631 V/MediaControler(22834): onVideoSizeChanged called
03-18 09:46:32.631 E/MediaControler(22834): video width(800) or height(480)
03-18 09:46:32.641 I/VideoPlayer(22834): HWRate1:1.6666666--HWRate2:1.7777778
03-18 09:46:32.641 I/VideoPlayer(22834): rate22:1.6666666
03-18 09:46:32.641 D/VideoPlayer(22834): screenWidth:1280--screenHeight:720
03-18 09:46:32.641 D/VideoPlayer(22834): videoWidth:800--videoHeight:480
03-18 09:46:32.641 D/VideoPlayer(22834): surfcaeWidth:1200-surfaceHeight:720
03-18 09:46:33.632 D/MediaControler(22834): getCurrentPos:794
03-18 09:46:33.632 D/VideoPlayer(22834): MSG_GET_PLAY_STATE curPos:794/isSeeking:false
03-18 09:46:33.632 E/MediaControler(22834): getDuration:6085000
03-18 09:46:33.632 I/VideoPlayer(22834): duration:6085
03-18 09:46:33.632 D/VideoPlayer(22834): onProgressChanged progress:0
03-18 09:46:33.632 D/VideoPlayer(22834): update time View:6085
03-18 09:46:33.632 E/MediaControler(22834): seek:770000
03-18 09:46:33.632 D/VideoPlayer(22834): onProgressChanged progress:770
03-18 09:46:33.632 D/VideoPlayer(22834): update time View:6085
03-18 09:46:33.632 D/MediaControler(22834): getCurrentPos:770000
03-18 09:46:33.762 V/AudioFlinger(27444): getNextBuffer() no more data for track 4099 on thread 0x414295b0
03-18 09:46:34.283 V/AudioFlinger(27444): BUFFER TIMEOUT: remove(4099) from active list on thread 0x414295b0
03-18 09:46:34.633 D/MediaControler(22834): getCurrentPos:770000
03-18 09:46:34.633 D/VideoPlayer(22834): MSG_GET_PLAY_STATE curPos:770000/isSeeking:true
03-18 09:46:35.624 D/MediaControler(22834): getCurrentPos:770000
03-18 09:46:35.624 D/VideoPlayer(22834): MSG_GET_PLAY_STATE curPos:770000/isSeeking:true
03-18 09:46:36.125 I/LiveSession(27444): seeking to seq no 243
03-18 09:46:36.125 V/ChromiumHTTPDataSource(27444): connect on behalf of uid 10052
03-18 09:46:36.125 I/ChromiumHTTPDataSource(27444): connect to http://vod.feifeikan.com/vod/coshipottTWSX1000000000000254_800/244.ts @0
03-18 09:46:36.125 W/AudioTrack(27444): releaseBuffer() track 0x4185ce60 name=0x3 disabled, restarting
03-18 09:46:36.125 V/AudioFlinger(27444): start(4099), calling pid 27444 session 9130
03-18 09:46:36.125 V/AudioFlinger(27444): ? => ACTIVE (4099) on thread 0x5358cd10
03-18 09:46:36.125 V/AudioFlinger(27444): mWaitWorkCV.broadcast
03-18 09:46:36.125 E/VideoPlayer(22834): onSeekComplete
03-18 09:46:36.625 D/MediaControler(22834): getCurrentPos:1480
03-18 09:46:36.625 D/VideoPlayer(22834): MSG_GET_PLAY_STATE curPos:1480/isSeeking:true
03-18 09:46:36.645 V/AudioFlinger(27444): BUFFER TIMEOUT: remove(4099) from active list on thread 0x414295b0
03-18 09:46:36.705 D/NetworkPolicy(  384): setNetworkTemplateEnabled(): match rule = 1
03-18 09:46:36.705 D/MobileDataStateTracker(  384): default: setPolicyDataEnable(enabled=true)
03-18 09:46:36.765 V/AudioFlinger(27444): Audio hardware entering standby, mixer 0x414295b0, suspend count 0
03-18 09:46:36.815 I/AudioHardwareALSA(27444): dump.audio.pcm = OFF
03-18 09:46:36.815 V/AudioHardwareALSA(27444): Data Dump is disabled
03-18 09:46:36.815 V/AudioFlinger(27444): releaseWakeLock_l() AudioOut_2
03-18 09:46:36.815 V/AudioFlinger(27444): thread 0x414295b0 type 0 TID 27449 going to sleep
03-18 09:46:37.566 I/LiveSession(27444): queueing discontinuity (seek=1, explicit=0, bandwidthChanged=1)
03-18 09:46:37.566 V/ChromiumHTTPDataSource(27444): connect on behalf of uid 10052
03-18 09:46:37.566 I/NuPlayer(27444): video discontinuity (formatChange=1, time=1)
03-18 09:46:37.566 D/brcm-vd (27444): [video_decoder__openmax_main]: flushing input(1)/output(1) port for 0x4c3fcd20
03-18 09:46:37.566 I/ChromiumHTTPDataSource(27444): connect to http://vod.feifeikan.com/vod/coshipottTWSX1000000000000254_800/245.ts @0
03-18 09:46:37.566 D/brcm-vd (27444): [video_decoder__check_complete]: flush input port completed
03-18 09:46:37.566 D/brcm-vd (27444): [video_decoder__check_complete]: flush output port completed
03-18 09:46:37.566 I/NuPlayer(27444): audio discontinuity (formatChange=1, time=1)
03-18 09:46:37.566 I/BRCM-OMX(27444): [OMX.brcm.audio.aac.decoder]:processFlush: Process Flush in Base Auio Dec triggers reset on the codec API
03-18 09:46:37.566 I/BRCM-OMX(27444): [OMX.brcm.audio.aac.decoder]:processFlush: Process Flush in Base Auio Dec triggers reset on the codec API
03-18 09:46:37.566 I/BRCM-OMX(27444): [OMX.brcm.audio.aac.decoder]:processFlush: Process Flush in Base Auio Dec triggers reset on the codec API
03-18 09:46:37.566 I/BRCM-OMX(27444): [OMX.brcm.audio.aac.decoder]:processFlush: Process Flush in Base Auio Dec triggers reset on the codec API
03-18 09:46:37.566 I/BRCM-OMX(27444): [OMX.brcm.audio.aac.decoder]:bufferHandler: PORT-0: BufferHandler thread exiting....
03-18 09:46:37.566 I/BRCM-OMX(27444): [OMX.brcm.audio.aac.decoder]:bufferHandler: PORT-1: BufferHandler thread exiting....
03-18 09:46:37.566 W/BRCM-OMXAudioPort(27444): [OMX.brcm.audio.aac.decoder]:isPopulated: PORT-0,  Populated state <0>
03-18 09:46:37.566 W/BRCM-OMXAudioPort(27444): [OMX.brcm.audio.aac.decoder]:isPopulated: PORT-1,  Populated state <0>
03-18 09:46:37.566 I/BRCM-OMX(27444): ([OMX.brcm.audio.aac.decoder]:codecSyncHandler: codecSyncHandler thread exiting....
03-18 09:46:37.566 I/BRCM-OMX(27444): [OMX.brcm.audio.aac.decoder]:commandHandler: CommandHandler thread exiting....
03-18 09:46:37.576 D/brcm-vd (27444): [video_decoder__check_complete]: state changing completed
03-18 09:46:37.576 D/brcm-vd (27444): [video_decoder__FreeBuffer]: deallocated 0x5609ed90 (5dcf3000)
03-18 09:46:37.576 D/brcm-vd (27444): [video_decoder__FreeBuffer]: deallocated 0x5609ec60 (5dc95400)
03-18 09:46:37.576 D/brcm-vd (27444): [video_decoder__FreeBuffer]: deallocated 0x491dbdf0 (5dc37800)
03-18 09:46:37.576 D/brcm-vd (27444): [video_decoder__FreeBuffer]: deallocated 0x491dbcc0 (5dbd9c00)
03-18 09:46:37.576 D/brcm-vd (27444): [video_decoder__FreeBuffer]: deallocated 0x41cc9e50 (5db7c000)
03-18 09:46:37.576 D/brcm-vd (27444): [video_decoder__FreeBuffer]: deallocated 0x5358cec0 (80000023)
03-18 09:46:37.576 D/brcm-vd (27444): [video_decoder__FreeBuffer]: deallocated 0x4e589d30 (8000001e)
03-18 09:46:37.576 D/brcm-vd (27444): [video_decoder__openmax_main]: OMX_CommandStateSet - loaded, ready to set/get
03-18 09:46:37.576 D/brcm-vd (27444): [video_decoder__FreeBuffer]: deallocated 0x4a77bc60 (80000006)
03-18 09:46:37.586 D/brcm-vd (27444): [video_decoder__openmax_main]: state changed ( 0, 1 )
03-18 09:46:37.586 D/brcm-vd (27444): [video_decoder__FreeBuffer]: deallocated 0x4bb3a750 (8000000a)
03-18 09:46:37.586 D/brcm-vd (27444): [video_decoder__FreeBuffer]: deallocated 0x41a5c020 (80000011)
03-18 09:46:37.586 V/component_tracker(27444): [unregister_component]: Removing decoder (0x426f3d70) at slot 0
03-18 09:46:37.586 V/component_tracker(27444): [unregister_component]: Clearing decoder at slot 0
03-18 09:46:37.586 D/brcm-vd (27444): [video_decoder__openmax_main]: thread exiting
03-18 09:46:37.586 I/avc_utils(27444): found AVC codec config (800 x 480, High-profile level 3.0)
03-18 09:46:37.596 D/stagefright_omx_plugin(27444): makeComponentInstance ( OMX.BRCM.vc4.decoder.avc )
03-18 09:46:37.596 V/component_tracker(27444): [register_component]: Adding decoder (0x57862e50) at 0, w:0 h:0
03-18 09:46:37.596 I/brcm-vd (27444): [video_decoder_create_component_internal]: making a component of type vc.video_decode
03-18 09:46:37.596 D/brcm-vd (27444): [video_decoder_create_component_internal]: created with event
03-18 09:46:37.606 D/stagefright_omx_plugin(27444): video_decoder_create_component ( 0 )
03-18 09:46:37.616 I/BRCM-OMX(27444): [OMX.brcm.audio.aac.decoder]:OMX_BaseComponentSync: SYNC interface
03-18 09:46:37.616 I/BRCM-OMX(27444): [OMX.brcm.audio.aac.decoder]:startCommandHandler: Started commandHandler thread...
03-18 09:46:37.616 I/BRCM-OMX(27444): [OMX.brcm.audio.aac.decoder]:startCodecSyncHandler: Started CodecSyncHandler thread...
03-18 09:46:37.616 D/brcm-vd (27444): [video_decoder__GetParameter]: format [in] = 7, 0, 0
03-18 09:46:37.616 D/brcm-vd (27444): [video_decoder__SetParameter]: format [in] = 7, 0, 0, mmal fmt H264
03-18 09:46:37.616 D/brcm-vd (27444): [video_decoder__GetParameter]: format [out] = 0, 19, 0
03-18 09:46:37.616 D/brcm-vd (27444): video_decoder__SetParameter:1839: mapped color format 13 to mmal I420
03-18 09:46:37.616 D/brcm-vd (27444): [video_decoder__SetParameter]: format [out] = 0, 19, 0, mmal fmt I420
03-18 09:46:37.616 D/brcm-vd (27444): [video_decoder__GetParameter]: port-def [in] = 2048/2048, 5/1, 7, 0, 0x0/0x0
03-18 09:46:37.616 D/brcm-vd (27444): [video_decoder__SetParameter]: port-def [in] = increasing buffer size 2048 -> 384000, for 5 element(s)
03-18 09:46:37.616 D/brcm-vd (27444): [video_decoder__SetParameter]: port-def [in] = 384000/2048, 5/1, [7, 0] (H264), 800x480/0x0
03-18 09:46:37.616 V/component_tracker(27444): [register_component]: Updating decoder (0x57862e50) at 0, was w:0 h:0 now w:800 h:480
03-18 09:46:37.616 I/BRCM-OMX(27444): [OMX.brcm.audio.aac.decoder]:setVendorExtParamHandler: index <OMX_IndexEnableNativeBuffers>, portIdx <1> enable <0>
03-18 09:46:37.616 W/BRCM-OMXAudioPort(27444): [OMX.brcm.audio.aac.decoder]:isPopulated: PORT-0,  Populated state <0>
03-18 09:46:37.616 D/brcm-vd (27444): [video_decoder__GetParameter]: port-def [out] = 576000/576000, 4/1, 0, 19, 800x480/800x480
03-18 09:46:37.616 D/brcm-vd (27444): video_decoder__SetParameter:1903: mapped color format 13 to mmal I420
03-18 09:46:37.616 W/BRCM-OMXAudioPort(27444): [OMX.brcm.audio.aac.decoder]:isPopulated: PORT-0,  Populated state <1>
03-18 09:46:37.616 D/brcm-vd (27444): [video_decoder__SetParameter]: port-def [out] = 576000/576000, 4/1, [0, 19] (I420), 800x480/800x480
03-18 09:46:37.616 V/component_tracker(27444): [register_component]: Updating decoder (0x57862e50) at 0, was w:800 h:480 now w:800 h:480
03-18 09:46:37.616 W/BRCM-OMXAudioPort(27444): [OMX.brcm.audio.aac.decoder]:isPopulated: PORT-1,  Populated state <0>
03-18 09:46:37.616 W/BRCM-OMXAudioPort(27444): [OMX.brcm.audio.aac.decoder]:isPopulated: PORT-1,  Populated state <1>
03-18 09:46:37.616 E/brcm-vd (27444): [video_decoder__SetParameter]: updated mmal decoder output format to OPQV
03-18 09:46:37.616 I/BRCM-OMX(27444): [OMX.brcm.audio.aac.decoder]:startBufferHandler: Started BufferHandler thread-0...
03-18 09:46:37.616 I/BRCM-OMX(27444): [OMX.brcm.audio.aac.decoder]:startBufferHandler: Started BufferHandler thread-1...
03-18 09:46:37.616 D/brcm-vd (27444): [video_decoder__SetParameter]: enable-native-window [out] = YES
03-18 09:46:37.616 D/brcm-vd (27444): [video_decoder__GetParameter]: port-def [in] = 384000/2048, 5/1, 7, 0, 800x480/0x480
03-18 09:46:37.616 D/brcm-vd (27444): [video_decoder__UseBuffer]: allocated 0x57a53c70, 0x5dbad000(384000) input port
03-18 09:46:37.616 D/brcm-vd (27444): [video_decoder__UseBuffer]: allocated 0x57a53e40, 0x5dc0ac00(384000) input port
03-18 09:46:37.616 D/brcm-vd (27444): [video_decoder__UseBuffer]: allocated 0x4a96fd90, 0x5dc68800(384000) input port
03-18 09:46:37.616 D/brcm-vd (27444): [video_decoder__UseBuffer]: allocated 0x4a96fed0, 0x5dcc6400(384000) input port
03-18 09:46:37.616 D/brcm-vd (27444): [video_decoder__UseBuffer]: allocated 0x47534d00, 0x5dd24000(384000) input port
03-18 09:46:37.616 D/brcm-vd (27444): [video_decoder__GetParameter]: port-def [out] = 64/64, 4/3, 0, 258, 800x480/0x0
03-18 09:46:37.616 D/brcm-vd (27444): [video_decoder__GetParameter]: get-android-native-buf-usage [out] = 0x0
03-18 09:46:37.616 D/brcm-vd (27444): video_decoder__SetParameter:1903: mapped color format 102 to mmal OPQV
03-18 09:46:37.616 D/brcm-vd (27444): [video_decoder__SetParameter]: port-def [out] = 64/64, 5/3, [0, 258] (OPQV), 800x480/0x0
03-18 09:46:37.616 V/component_tracker(27444): [register_component]: Updating decoder (0x57862e50) at 0, was w:800 h:480 now w:800 h:480
03-18 09:46:37.616 W/BRCM-OMX(27444): [OMX.brcm.audio.aac.decoder]:processHeader: dec header consumed only 0 bytes, discarding 2 bytes
03-18 09:46:37.616 I/BRCM-OMX(27444): [OMX.brcm.audio.aac.decoder]:processHeader: sample rate [44100] does not match with codec sample rate [0]
03-18 09:46:37.616 I/BRCM-OMX(27444): [OMX.brcm.audio.aac.decoder]:processHeader: channels [2] does not match with codec channels [0]
03-18 09:46:37.616 I/BRCM-OMX(27444): [OMX.brcm.audio.aac.decoder]:processFlush: Process Flush in Base Auio Dec triggers reset on the codec API
03-18 09:46:37.626 D/brcm-vd (27444): [video_decoder__GetParameter]: port-def [out] = 64/64, 5/3, 0, 258, 800x480/0x480
03-18 09:46:37.626 D/brcm-vd (27444): [video_decoder__UseBuffer]: locating 0 returns 0x80000023, output port
03-18 09:46:37.626 D/brcm-vd (27444): [video_decoder__UseBuffer]: allocated 0x5132fc70, 0x51db2cf8(576000) output port
03-18 09:46:37.626 D/brcm-vd (27444): [video_decoder__GetParameter]: port-def [out] = 64/64, 5/3, 0, 258, 800x480/0x480
03-18 09:46:37.626 D/brcm-vd (27444): [video_decoder__UseBuffer]: locating 0 returns 0x80000006, output port
03-18 09:46:37.626 E/HEAAC_DEC_API(27444): Error in AACDEC_Parser
03-18 09:46:37.626 D/brcm-vd (27444): [video_decoder__UseBuffer]: allocated 0x4248bd00, 0x5a49ddc8(576000) output port
03-18 09:46:37.626 D/brcm-vd (27444): [video_decoder__GetParameter]: port-def [out] = 64/64, 5/3, 0, 258, 800x480/0x480
03-18 09:46:37.626 D/brcm-vd (27444): [video_decoder__UseBuffer]: locating 0 returns 0x8000000a, output port
03-18 09:46:37.626 D/brcm-vd (27444): [video_decoder__UseBuffer]: allocated 0x41c68180, 0x423e0c48(576000) output port
03-18 09:46:37.626 D/MediaControler(22834): getCurrentPos:2440
03-18 09:46:37.626 D/VideoPlayer(22834): MSG_GET_PLAY_STATE curPos:2440/isSeeking:true
03-18 09:46:37.626 D/brcm-vd (27444): [video_decoder__GetParameter]: port-def [out] = 64/64, 5/3, 0, 258, 800x480/0x480
03-18 09:46:37.626 D/brcm-vd (27444): [video_decoder__UseBuffer]: locating 0 returns 0x80000011, output port
