03-18 09:50:13.847 D/brcm-vd (27444): [video_decoder_create_component_internal]: created with event
03-18 09:50:13.847 D/stagefright_omx_plugin(27444): video_decoder_create_component ( 0 )
03-18 09:50:13.857 I/BRCM-OMX(27444): [OMX.brcm.audio.aac.decoder]:OMX_BaseComponentSync: SYNC interface
03-18 09:50:13.857 I/BRCM-OMX(27444): [OMX.brcm.audio.aac.decoder]:startCommandHandler: Started commandHandler thread...
03-18 09:50:13.857 I/BRCM-OMX(27444): [OMX.brcm.audio.aac.decoder]:startCodecSyncHandler: Started CodecSyncHandler thread...
03-18 09:50:13.857 D/brcm-vd (27444): [video_decoder__GetParameter]: format [in] = 7, 0, 0
03-18 09:50:13.857 D/brcm-vd (27444): [video_decoder__SetParameter]: format [in] = 7, 0, 0, mmal fmt H264
03-18 09:50:13.857 D/brcm-vd (27444): [video_decoder__GetParameter]: format [out] = 0, 19, 0
03-18 09:50:13.857 D/brcm-vd (27444): video_decoder__SetParameter:1839: mapped color format 13 to mmal I420
03-18 09:50:13.857 D/brcm-vd (27444): [video_decoder__SetParameter]: format [out] = 0, 19, 0, mmal fmt I420
03-18 09:50:13.857 D/brcm-vd (27444): [video_decoder__GetParameter]: port-def [in] = 2048/2048, 5/1, 7, 0, 0x0/0x0
03-18 09:50:13.857 D/brcm-vd (27444): [video_decoder__SetParameter]: port-def [in] = increasing buffer size 2048 -> 384000, for 5 element(s)
03-18 09:50:13.857 D/brcm-vd (27444): [video_decoder__SetParameter]: port-def [in] = 384000/2048, 5/1, [7, 0] (H264), 800x480/0x0
03-18 09:50:13.857 V/component_tracker(27444): [register_component]: Updating decoder (0x413ba3d0) at 0, was w:0 h:0 now w:800 h:480
03-18 09:50:13.867 D/brcm-vd (27444): [video_decoder__GetParameter]: port-def [out] = 576000/576000, 4/1, 0, 19, 800x480/800x480
03-18 09:50:13.867 D/brcm-vd (27444): video_decoder__SetParameter:1903: mapped color format 13 to mmal I420
03-18 09:50:13.867 I/BRCM-OMX(27444): [OMX.brcm.audio.aac.decoder]:setVendorExtParamHandler: index <OMX_IndexEnableNativeBuffers>, portIdx <1> enable <0>
03-18 09:50:13.867 W/BRCM-OMXAudioPort(27444): [OMX.brcm.audio.aac.decoder]:isPopulated: PORT-0,  Populated state <0>
03-18 09:50:13.867 D/brcm-vd (27444): [video_decoder__SetParameter]: port-def [out] = 576000/576000, 4/1, [0, 19] (I420), 800x480/800x480
03-18 09:50:13.867 V/component_tracker(27444): [register_component]: Updating decoder (0x413ba3d0) at 0, was w:800 h:480 now w:800 h:480
03-18 09:50:13.867 W/BRCM-OMXAudioPort(27444): [OMX.brcm.audio.aac.decoder]:isPopulated: PORT-0,  Populated state <1>
03-18 09:50:13.867 W/BRCM-OMXAudioPort(27444): [OMX.brcm.audio.aac.decoder]:isPopulated: PORT-1,  Populated state <0>
03-18 09:50:13.867 W/BRCM-OMXAudioPort(27444): [OMX.brcm.audio.aac.decoder]:isPopulated: PORT-1,  Populated state <1>
03-18 09:50:13.867 I/BRCM-OMX(27444): [OMX.brcm.audio.aac.decoder]:startBufferHandler: Started BufferHandler thread-0...
03-18 09:50:13.867 E/brcm-vd (27444): [video_decoder__SetParameter]: updated mmal decoder output format to OPQV
03-18 09:50:13.867 I/BRCM-OMX(27444): [OMX.brcm.audio.aac.decoder]:startBufferHandler: Started BufferHandler thread-1...
03-18 09:50:13.867 D/brcm-vd (27444): [video_decoder__SetParameter]: enable-native-window [out] = YES
03-18 09:50:13.867 D/brcm-vd (27444): [video_decoder__GetParameter]: port-def [in] = 384000/2048, 5/1, 7, 0, 800x480/0x480
03-18 09:50:13.867 D/brcm-vd (27444): [video_decoder__UseBuffer]: allocated 0x41b7beb0, 0x5ddc6000(384000) input port
03-18 09:50:13.867 D/brcm-vd (27444): [video_decoder__UseBuffer]: allocated 0x41a4ae80, 0x5de23c00(384000) input port
03-18 09:50:13.867 D/brcm-vd (27444): [video_decoder__UseBuffer]: allocated 0x41f9bcc0, 0x5de81800(384000) input port
03-18 09:50:13.867 D/brcm-vd (27444): [video_decoder__UseBuffer]: allocated 0x47777da0, 0x5dedf400(384000) input port
03-18 09:50:13.867 D/brcm-vd (27444): [video_decoder__UseBuffer]: allocated 0x58206f10, 0x5df3d000(384000) input port
03-18 09:50:13.867 D/brcm-vd (27444): [video_decoder__GetParameter]: port-def [out] = 64/64, 4/3, 0, 258, 800x480/0x0
03-18 09:50:13.867 D/brcm-vd (27444): [video_decoder__GetParameter]: get-android-native-buf-usage [out] = 0x0
03-18 09:50:13.867 D/brcm-vd (27444): video_decoder__SetParameter:1903: mapped color format 102 to mmal OPQV
03-18 09:50:13.867 D/brcm-vd (27444): [video_decoder__SetParameter]: port-def [out] = 64/64, 5/3, [0, 258] (OPQV), 800x480/0x0
03-18 09:50:13.867 V/component_tracker(27444): [register_component]: Updating decoder (0x413ba3d0) at 0, was w:800 h:480 now w:800 h:480
03-18 09:50:13.867 W/BRCM-OMX(27444): [OMX.brcm.audio.aac.decoder]:processHeader: dec header consumed only 0 bytes, discarding 2 bytes
03-18 09:50:13.867 I/BRCM-OMX(27444): [OMX.brcm.audio.aac.decoder]:processHeader: sample rate [44100] does not match with codec sample rate [0]
03-18 09:50:13.867 I/BRCM-OMX(27444): [OMX.brcm.audio.aac.decoder]:processHeader: channels [2] does not match with codec channels [0]
03-18 09:50:13.867 I/BRCM-OMX(27444): [OMX.brcm.audio.aac.decoder]:processFlush: Process Flush in Base Auio Dec triggers reset on the codec API
03-18 09:50:13.867 D/brcm-vd (27444): [video_decoder__GetParameter]: port-def [out] = 64/64, 5/3, 0, 258, 800x480/0x480
03-18 09:50:13.867 D/brcm-vd (27444): [video_decoder__UseBuffer]: locating 0 returns 0x80000008, output port
03-18 09:50:13.867 D/brcm-vd (27444): [video_decoder__UseBuffer]: allocated 0x418863f0, 0x5c1b7c60(576000) output port
03-18 09:50:13.867 E/HEAAC_DEC_API(27444): Error in AACDEC_Parser
03-18 09:50:13.867 D/brcm-vd (27444): [video_decoder__GetParameter]: port-def [out] = 64/64, 5/3, 0, 258, 800x480/0x480
03-18 09:50:13.867 D/brcm-vd (27444): [video_decoder__UseBuffer]: locating 0 returns 0x8000001e, output port
03-18 09:50:13.867 D/brcm-vd (27444): [video_decoder__UseBuffer]: allocated 0x4266deb0, 0x481a1c48(576000) output port
03-18 09:50:13.867 V/AudioFlinger(27444): stop(4099), calling pid 27444
03-18 09:50:13.867 V/AudioFlinger(27444): TrackBase::reset
03-18 09:50:13.867 V/AudioFlinger(27444): not stopping/stopped => stopping/stopped (4099) on thread 0x414295b0
03-18 09:50:13.867 V/AudioPolicyManagerBase(27444): stopOutput() output 2, stream 3, session 9131
03-18 09:50:13.867 V/AudioPolicyManagerBase(27444): changeRefCount() stream 3, count 0
03-18 09:50:13.867 D/AudioPolicyManagerALSA(27444): mFmRadioStatus=0,mFmRadioSinkDev=4,device2=0
03-18 09:50:13.867 I/AudioPolicyManagerALSA(27444): MUSIC is playing but no on primary device, new device=2
03-18 09:50:13.867 V/AudioPolicyManagerBase(27444): setOutputDevice() output 2 device 0002 delayMs 86
03-18 09:50:13.867 V/AudioPolicyManagerBase(27444): setOutputDevice() prevDevice 0002
03-18 09:50:13.867 D/AudioPolicyManagerALSA(27444): mFmRadioStatus=0,mFmRadioSinkDev=4,device2=0
03-18 09:50:13.867 D/AudioPolicyManagerALSA(27444): mFmRadioStatus=0,mFmRadioSinkDev=4,device2=0
03-18 09:50:13.867 D/AudioPolicyManagerALSA(27444): mFmRadioStatus=0,mFmRadioSinkDev=4,device2=0
03-18 09:50:13.867 D/AudioPolicyManagerALSA(27444): mFmRadioStatus=0,mFmRadioSinkDev=4,device2=0
03-18 09:50:13.867 D/AudioPolicyManagerALSA(27444): mFmRadioStatus=0,mFmRadioSinkDev=4,device2=0
03-18 09:50:13.867 V/AudioPolicyManagerBase(27444): setOutputDevice() setting same device 0002 or null device for output 2
03-18 09:50:13.867 V/AudioPolicyManagerALSA(27444): getDeviceForStrategy() from cache strategy 3, device 2
03-18 09:50:13.867 D/AudioPolicyManagerALSA(27444): mFmRadioStatus=0,mFmRadioSinkDev=4,device2=0
03-18 09:50:13.867 D/AudioPolicyManagerALSA(27444): mFmRadioStatus=0,mFmRadioSinkDev=4,device2=0
03-18 09:50:13.867 D/AudioPolicyManagerALSA(27444): mFmRadioStatus=0,mFmRadioSinkDev=4,device2=0
03-18 09:50:13.867 D/AudioPolicyManagerALSA(27444): mFmRadioStatus=0,mFmRadioSinkDev=4,device2=0
03-18 09:50:13.867 D/AudioPolicyManagerALSA(27444): mFmRadioStatus=0,mFmRadioSinkDev=4,device2=0
03-18 09:50:13.867 D/AudioPolicyManagerALSA(27444): mFmRadioStatus=0,mFmRadioSinkDev=4,device2=0
03-18 09:50:13.867 D/brcm-vd (27444): [video_decoder__GetParameter]: port-def [out] = 64/64, 5/3, 0, 258, 800x480/0x480
03-18 09:50:13.867 D/brcm-vd (27444): [video_decoder__UseBuffer]: locating 0 returns 0x80000011, output port
03-18 09:50:13.867 V/AudioPolicyManagerBase(27444): releaseOutput() 2
03-18 09:50:13.867 D/brcm-vd (27444): [video_decoder__UseBuffer]: allocated 0x5b6ebf10, 0x5a564ef8(576000) output port
03-18 09:50:13.867 V/AudioFlinger(27444): remove track (4099) and delete from mixer
03-18 09:50:13.867 V/AudioFlinger(27444): PlaybackThread::Track destructor
03-18 09:50:13.867 V/AudioFlinger(27444): removeClient_l() pid 27444, tid 23554, calling tid 27444
03-18 09:50:13.867 V/AudioFlinger(27444): releasing 9131 from 27444
03-18 09:50:13.867 V/AudioFlinger(27444):  decremented refcount to 0
03-18 09:50:13.867 V/AudioFlinger(27444): purging stale effects
03-18 09:50:13.867 D/AudioPolicyManagerALSA(27444): mFmRadioStatus=0,mFmRadioSinkDev=4,device2=0
03-18 09:50:13.867 V/AudioPolicyManagerBase(27444): getOutput() stream 3, samplingRate 0, format 0, channelMask 3, flags 0
03-18 09:50:13.867 V/AudioPolicyManagerBase(27444): getOutput() returns output 2
03-18 09:50:13.867 D/AudioPolicyManagerALSA(27444): mFmRadioStatus=0,mFmRadioSinkDev=4,device2=0
03-18 09:50:13.867 V/AudioPolicyManagerBase(27444): getOutput() stream 3, samplingRate 0, format 0, channelMask 3, flags 0
03-18 09:50:13.867 V/AudioPolicyManagerBase(27444): getOutput() returns output 2
03-18 09:50:13.867 D/AudioPolicyManagerALSA(27444): mFmRadioStatus=0,mFmRadioSinkDev=4,device2=0
03-18 09:50:13.867 V/AudioPolicyManagerBase(27444): getOutput() stream 3, samplingRate 44100, format 1, channelMask 3, flags 0
03-18 09:50:13.867 V/AudioPolicyManagerBase(27444): getOutput() returns output 2
03-18 09:50:13.867 V/AudioFlinger(27444): createTrack() sessionId: 9131
03-18 09:50:13.867 V/AudioFlinger(27444): createTrack() lSessionId: 9131
03-18 09:50:13.867 V/AudioFlinger(27444): Track constructor name 4099, calling pid 27444
03-18 09:50:13.867 V/AudioFlinger(27444): acquiring 9131 from 27444
03-18 09:50:13.867 V/AudioFlinger(27444):  added new entry for 9131
03-18 09:50:13.867 D/AudioPolicyManagerALSA(27444): mFmRadioStatus=0,mFmRadioSinkDev=4,device2=0
03-18 09:50:13.867 V/AudioPolicyManagerBase(27444): getOutput() stream 3, samplingRate 0, format 0, channelMask 3, flags 0
03-18 09:50:13.867 V/AudioPolicyManagerBase(27444): getOutput() returns output 2
03-18 09:50:13.867 V/AudioFlinger(27444): start(4099), calling pid 27444 session 9131
03-18 09:50:13.867 V/AudioFlinger(27444): ? => ACTIVE (4099) on thread 0x5c1b7ea8
03-18 09:50:13.867 V/AudioPolicyManagerBase(27444): startOutput() output 2, stream 3, session 9131
03-18 09:50:13.867 V/AudioPolicyManagerBase(27444): changeRefCount() stream 3, count 1
03-18 09:50:13.867 D/AudioPolicyManagerALSA(27444): mFmRadioStatus=0,mFmRadioSinkDev=4,device2=0
03-18 09:50:13.867 V/AudioPolicyManagerBase(27444): setOutputDevice() output 2 device 0002 delayMs 0
03-18 09:50:13.867 V/AudioPolicyManagerBase(27444): setOutputDevice() prevDevice 0002
03-18 09:50:13.867 D/AudioPolicyManagerALSA(27444): mFmRadioStatus=0,mFmRadioSinkDev=4,device2=0
03-18 09:50:13.867 D/AudioPolicyManagerALSA(27444): mFmRadioStatus=0,mFmRadioSinkDev=4,device2=0
03-18 09:50:13.867 D/AudioPolicyManagerALSA(27444): mFmRadioStatus=0,mFmRadioSinkDev=4,device2=0
03-18 09:50:13.867 D/AudioPolicyManagerALSA(27444): mFmRadioStatus=0,mFmRadioSinkDev=4,device2=0
03-18 09:50:13.867 D/AudioPolicyManagerALSA(27444): mFmRadioStatus=0,mFmRadioSinkDev=4,device2=0
03-18 09:50:13.867 V/AudioPolicyManagerBase(27444): setOutputDevice() setting same device 0002 or null device for output 2
03-18 09:50:13.867 V/AudioPolicyManagerALSA(27444): getDeviceForStrategy() from cache strategy 3, device 2
03-18 09:50:13.867 D/AudioPolicyManagerALSA(27444): mFmRadioStatus=0,mFmRadioSinkDev=4,device2=0
03-18 09:50:13.867 D/AudioPolicyManagerALSA(27444): mFmRadioStatus=0,mFmRadioSinkDev=4,device2=0
03-18 09:50:13.867 D/AudioPolicyManagerALSA(27444): mFmRadioStatus=0,mFmRadioSinkDev=4,device2=0
03-18 09:50:13.867 D/AudioPolicyManagerALSA(27444): mFmRadioStatus=0,mFmRadioSinkDev=4,device2=0
03-18 09:50:13.867 D/AudioPolicyManagerALSA(27444): mFmRadioStatus=0,mFmRadioSinkDev=4,device2=0
03-18 09:50:13.867 D/AudioPolicyManagerALSA(27444): mFmRadioStatus=0,mFmRadioSinkDev=4,device2=0
03-18 09:50:13.867 V/AudioFlinger(27444): mWaitWorkCV.broadcast
03-18 09:50:13.867 V/AudioFlinger(27444): thread 0x414295b0 type 0 TID 27449 waking up
03-18 09:50:13.867 V/AudioFlinger(27444): acquireWakeLock_l() AudioOut_2 status 0
03-18 09:50:13.867 D/brcm-vd (27444): [video_decoder__GetParameter]: port-def [out] = 64/64, 5/3, 0, 258, 800x480/0x480
03-18 09:50:13.867 D/brcm-vd (27444): [video_decoder__UseBuffer]: locating 0 returns 0x80000023, output port
03-18 09:50:13.877 D/brcm-vd (27444): [video_decoder__UseBuffer]: allocated 0x422c8f60, 0x49ce1c78(576000) output port
03-18 09:50:13.877 D/brcm-vd (27444): [video_decoder__GetParameter]: port-def [out] = 64/64, 5/3, 0, 258, 800x480/0x480
03-18 09:50:13.877 D/brcm-vd (27444): [video_decoder__UseBuffer]: locating 0 returns 0x80000006, output port
03-18 09:50:13.877 D/brcm-vd (27444): [video_decoder__UseBuffer]: allocated 0x413bab30, 0x41a45b80(576000) output port
03-18 09:50:13.877 D/brcm-vd (27444): [video_decoder__enable_ports]: enable MMAL ports
03-18 09:50:13.877 D/brcm-vd (27444): [video_decoder__check_complete]: state changing completed
03-18 09:50:13.877 D/brcm-vd (27444): [video_decoder__openmax_main]: state changed ( 0, 3 )
03-18 09:50:13.887 I/brcm-vd (27444): [video_decoder__return_buffer]: received event EFCH on port 3,0
03-18 09:50:13.887 I/brcm-vd (27444): new aspect ratio 16x15
03-18 09:50:13.887 D/brcm-vd (27444): [video_decoder__GetParameter]: port-def [out] = 64/64, 5/3, 0, 258, 800x480/0x480
03-18 09:50:13.887 D/brcm-vd (27444): [video_decoder__GetConfig]: crop [out] = (0, 0) (800x480)
03-18 09:50:13.897 V/MediaControler(22834): onVideoSizeChanged called
03-18 09:50:13.897 E/MediaControler(22834): video width(800) or height(480)
03-18 09:50:13.897 I/VideoPlayer(22834): HWRate1:1.6666666--HWRate2:1.7777778
03-18 09:50:13.897 I/VideoPlayer(22834): rate22:1.6666666
03-18 09:50:13.897 D/VideoPlayer(22834): screenWidth:1280--screenHeight:720
03-18 09:50:13.897 D/VideoPlayer(22834): videoWidth:800--videoHeight:480
03-18 09:50:13.897 D/VideoPlayer(22834): surfcaeWidth:1200-surfaceHeight:720
03-18 09:50:13.917 D/AudioHardwareALSA(27444): Prepare success result=0
03-18 09:50:14.468 D/MediaControler(22834): getCurrentPos:947960
03-18 09:50:14.468 D/VideoPlayer(22834): MSG_GET_PLAY_STATE curPos:947960/isSeeking:true
03-18 09:50:14.468 E/VideoPlayer(22834): hidenController
03-18 09:50:15.469 D/MediaControler(22834): getCurrentPos:948921
03-18 09:50:15.469 D/VideoPlayer(22834): MSG_GET_PLAY_STATE curPos:948921/isSeeking:true
03-18 09:50:16.470 D/MediaControler(22834): getCurrentPos:950000
03-18 09:50:16.470 D/VideoPlayer(22834): MSG_GET_PLAY_STATE curPos:950000/isSeeking:false
03-18 09:50:16.470 E/MediaControler(22834): getDuration:6085000
03-18 09:50:16.470 I/VideoPlayer(22834): duration:6085
03-18 09:50:16.470 D/MediaControler(22834): getCurrentPos:950000
03-18 09:50:16.480 D/VideoPlayer(22834): onProgressChanged progress:950
03-18 09:50:16.480 D/VideoPlayer(22834): update time View:6085
03-18 09:50:16.930 D/NetworkPolicy(  384): setNetworkTemplateEnabled(): match rule = 1
03-18 09:50:16.930 D/MobileDataStateTracker(  384): default: setPolicyDataEnable(enabled=true)
03-18 09:50:17.000 V/ChromiumHTTPDataSource(27444): connect on behalf of uid 10052
03-18 09:50:17.000 I/ChromiumHTTPDataSource(27444): connect to http://vod.feifeikan.com/vod/coshipottTWSX1000000000000254_800/300.ts @0
03-18 09:50:17.471 D/MediaControler(22834): getCurrentPos:950921
03-18 09:50:17.471 D/VideoPlayer(22834): MSG_GET_PLAY_STATE curPos:950921/isSeeking:false
03-18 09:50:17.471 E/MediaControler(22834): getDuration:6085000
03-18 09:50:17.471 I/VideoPlayer(22834): duration:6085
03-18 09:50:17.481 D/MediaControler(22834): getCurrentPos:950921
03-18 09:50:18.482 D/MediaControler(22834): getCurrentPos:952000
03-18 09:50:18.482 D/VideoPlayer(22834): MSG_GET_PLAY_STATE curPos:952000/isSeeking:false
03-18 09:50:18.482 E/MediaControler(22834): getDuration:6085000
03-18 09:50:18.482 I/VideoPlayer(22834): duration:6085
03-18 09:50:18.482 D/MediaControler(22834): getCurrentPos:952000
03-18 09:50:18.482 D/VideoPlayer(22834): onProgressChanged progress:952
03-18 09:50:18.482 D/VideoPlayer(22834): update time View:6085
03-18 09:50:19.483 D/MediaControler(22834): getCurrentPos:952920
03-18 09:50:19.483 D/VideoPlayer(22834): MSG_GET_PLAY_STATE curPos:952920/isSeeking:false
03-18 09:50:19.483 E/MediaControler(22834): getDuration:6085000
03-18 09:50:19.483 I/VideoPlayer(22834): duration:6085
03-18 09:50:19.483 D/MediaControler(22834): getCurrentPos:952920
03-18 09:50:19.783 V/ChromiumHTTPDataSource(27444): connect on behalf of uid 10052
03-18 09:50:19.783 I/ChromiumHTTPDataSource(27444): connect to http://vod.feifeikan.com/vod/coshipottTWSX1000000000000254_800/301.ts @0
03-18 09:50:20.484 D/MediaControler(22834): getCurrentPos:954000
03-18 09:50:20.484 D/VideoPlayer(22834): MSG_GET_PLAY_STATE curPos:954000/isSeeking:false
03-18 09:50:20.484 E/MediaControler(22834): getDuration:6085000
03-18 09:50:20.484 I/VideoPlayer(22834): duration:6085
03-18 09:50:20.484 D/MediaControler(22834): getCurrentPos:954000
03-18 09:50:20.484 D/VideoPlayer(22834): onProgressChanged progress:954
03-18 09:50:20.484 D/VideoPlayer(22834): update time View:6085
03-18 09:50:21.475 D/MediaControler(22834): getCurrentPos:954960
03-18 09:50:21.475 D/VideoPlayer(22834): MSG_GET_PLAY_STATE curPos:954960/isSeeking:false
03-18 09:50:21.475 E/MediaControler(22834): getDuration:6085000
03-18 09:50:21.475 I/VideoPlayer(22834): duration:6085
03-18 09:50:21.475 D/MediaControler(22834): getCurrentPos:954960
03-18 09:50:22.115 V/ChromiumHTTPDataSource(27444): connect on behalf of uid 10052
03-18 09:50:22.115 I/ChromiumHTTPDataSource(27444): connect to http://vod.feifeikan.com/vod/coshipottTWSX1000000000000254_800/302.ts @0
03-18 09:50:22.475 D/MediaControler(22834): getCurrentPos:955903
03-18 09:50:22.475 D/VideoPlayer(22834): MSG_GET_PLAY_STATE curPos:955903/isSeeking:false
03-18 09:50:22.475 E/MediaControler(22834): getDuration:6085000
03-18 09:50:22.475 I/VideoPlayer(22834): duration:6085
03-18 09:50:22.475 D/MediaControler(22834): getCurrentPos:955903
03-18 09:50:22.475 D/VideoPlayer(22834): onProgressChanged progress:955
03-18 09:50:22.475 D/VideoPlayer(22834): update time View:6085
03-18 09:50:23.476 D/MediaControler(22834): getCurrentPos:956998
03-18 09:50:23.476 D/VideoPlayer(22834): MSG_GET_PLAY_STATE curPos:956998/isSeeking:false
03-18 09:50:23.476 E/MediaControler(22834): getDuration:6085000
03-18 09:50:23.476 I/VideoPlayer(22834): duration:6085
03-18 09:50:23.476 D/MediaControler(22834): getCurrentPos:956998
03-18 09:50:23.476 D/VideoPlayer(22834): onProgressChanged progress:956
03-18 09:50:23.476 D/VideoPlayer(22834): update time View:6085
03-18 09:50:24.477 D/MediaControler(22834): getCurrentPos:957951
03-18 09:50:24.477 D/VideoPlayer(22834): MSG_GET_PLAY_STATE curPos:957951/isSeeking:false
03-18 09:50:24.477 E/MediaControler(22834): getDuration:6085000
03-18 09:50:24.477 I/VideoPlayer(22834): duration:6085
03-18 09:50:24.477 D/MediaControler(22834): getCurrentPos:957951
03-18 09:50:24.477 D/VideoPlayer(22834): onProgressChanged progress:957
03-18 09:50:24.477 D/VideoPlayer(22834): update time View:6085
03-18 09:50:25.478 D/MediaControler(22834): getCurrentPos:958911
03-18 09:50:25.478 D/VideoPlayer(22834): MSG_GET_PLAY_STATE curPos:958911/isSeeking:false
03-18 09:50:25.478 E/MediaControler(22834): getDuration:6085000
03-18 09:50:25.478 I/VideoPlayer(22834): duration:6085
03-18 09:50:25.478 D/MediaControler(22834): getCurrentPos:958911
03-18 09:50:25.478 D/VideoPlayer(22834): onProgressChanged progress:958
03-18 09:50:25.478 D/VideoPlayer(22834): update time View:6085
03-18 09:50:26.479 D/MediaControler(22834): getCurrentPos:959999
03-18 09:50:26.479 D/VideoPlayer(22834): MSG_GET_PLAY_STATE curPos:959999/isSeeking:false
03-18 09:50:26.479 E/MediaControler(22834): getDuration:6085000
03-18 09:50:26.479 I/VideoPlayer(22834): duration:6085
03-18 09:50:26.479 D/MediaControler(22834): getCurrentPos:959999
03-18 09:50:26.479 D/VideoPlayer(22834): onProgressChanged progress:959
03-18 09:50:26.479 D/VideoPlayer(22834): update time View:6085
03-18 09:50:27.360 V/ChromiumHTTPDataSource(27444): connect on behalf of uid 10052
03-18 09:50:27.360 I/ChromiumHTTPDataSource(27444): connect to http://vod.feifeikan.com/vod/coshipottTWSX1000000000000254_800/303.ts @0
03-18 09:50:27.480 D/MediaControler(22834): getCurrentPos:960959
03-18 09:50:27.480 D/VideoPlayer(22834): MSG_GET_PLAY_STATE curPos:960959/isSeeking:false
03-18 09:50:27.480 E/MediaControler(22834): getDuration:6085000
03-18 09:50:27.480 I/VideoPlayer(22834): duration:6085
03-18 09:50:27.480 D/MediaControler(22834): getCurrentPos:960959
03-18 09:50:27.480 D/VideoPlayer(22834): onProgressChanged progress:960
03-18 09:50:27.480 D/VideoPlayer(22834): update time View:6085
03-18 09:50:28.481 D/MediaControler(22834): getCurrentPos:961913
03-18 09:50:28.481 D/VideoPlayer(22834): MSG_GET_PLAY_STATE curPos:961913/isSeeking:false
03-18 09:50:28.481 E/MediaControler(22834): getDuration:6085000
03-18 09:50:28.481 I/VideoPlayer(22834): duration:6085
03-18 09:50:28.481 D/MediaControler(22834): getCurrentPos:961913
03-18 09:50:28.481 D/VideoPlayer(22834): onProgressChanged progress:961
03-18 09:50:28.481 D/VideoPlayer(22834): update time View:6085
03-18 09:50:29.482 V/ChromiumHTTPDataSource(27444): connect on behalf of uid 10052
03-18 09:50:29.482 I/ChromiumHTTPDataSource(27444): connect to http://vod.feifeikan.com/vod/coshipottTWSX1000000000000254_800/304.ts @0
03-18 09:50:29.482 D/MediaControler(22834): getCurrentPos:962943
03-18 09:50:29.482 D/VideoPlayer(22834): MSG_GET_PLAY_STATE curPos:962943/isSeeking:false
03-18 09:50:29.482 E/MediaControler(22834): getDuration:6085000
03-18 09:50:29.482 I/VideoPlayer(22834): duration:6085
03-18 09:50:29.482 D/MediaControler(22834): getCurrentPos:962943
03-18 09:50:29.482 D/VideoPlayer(22834): onProgressChanged progress:962
03-18 09:50:29.482 D/VideoPlayer(22834): update time View:6085
03-18 09:50:30.483 D/MediaControler(22834): getCurrentPos:964000
03-18 09:50:30.483 D/VideoPlayer(22834): MSG_GET_PLAY_STATE curPos:964000/isSeeking:false
03-18 09:50:30.483 E/MediaControler(22834): getDuration:6085000
03-18 09:50:30.483 I/VideoPlayer(22834): duration:6085
03-18 09:50:30.483 D/MediaControler(22834): getCurrentPos:964000
03-18 09:50:30.483 D/VideoPlayer(22834): onProgressChanged progress:964
03-18 09:50:30.483 D/VideoPlayer(22834): update time View:6085
03-18 09:50:30.734 V/ChromiumHTTPDataSource(27444): connect on behalf of uid 10052
03-18 09:50:30.734 I/ChromiumHTTPDataSource(27444): connect to http://vod.feifeikan.com/vod/coshipottTWSX1000000000000254_800/305.ts @0
03-18 09:50:31.474 D/MediaControler(22834): getCurrentPos:964906
03-18 09:50:31.474 D/VideoPlayer(22834): MSG_GET_PLAY_STATE curPos:964906/isSeeking:false
03-18 09:50:31.474 E/MediaControler(22834): getDuration:6085000
03-18 09:50:31.474 I/VideoPlayer(22834): duration:6085
03-18 09:50:31.474 D/MediaControler(22834): getCurrentPos:964906
03-18 09:50:31.694 V/ChromiumHTTPDataSource(27444): connect on behalf of uid 10052
03-18 09:50:31.694 I/ChromiumHTTPDataSource(27444): connect to http://vod.feifeikan.com/vod/coshipottTWSX1000000000000254_800/306.ts @0
03-18 09:50:32.485 D/MediaControler(22834): getCurrentPos:965993
03-18 09:50:32.485 D/VideoPlayer(22834): MSG_GET_PLAY_STATE curPos:965993/isSeeking:false
03-18 09:50:32.485 E/MediaControler(22834): getDuration:6085000
03-18 09:50:32.485 I/VideoPlayer(22834): duration:6085
03-18 09:50:32.485 D/MediaControler(22834): getCurrentPos:965993
03-18 09:50:32.485 D/VideoPlayer(22834): onProgressChanged progress:965
03-18 09:50:32.485 D/VideoPlayer(22834): update time View:6085
03-18 09:50:33.476 D/MediaControler(22834): getCurrentPos:966921
03-18 09:50:33.476 D/VideoPlayer(22834): MSG_GET_PLAY_STATE curPos:966921/isSeeking:false
03-18 09:50:33.476 E/MediaControler(22834): getDuration:6085000
03-18 09:50:33.476 I/VideoPlayer(22834): duration:6085
03-18 09:50:33.476 D/MediaControler(22834): getCurrentPos:966921
03-18 09:50:33.476 D/VideoPlayer(22834): onProgressChanged progress:966
03-18 09:50:33.476 D/VideoPlayer(22834): update time View:6085
03-18 09:50:33.496 V/ChromiumHTTPDataSource(27444): connect on behalf of uid 10052
03-18 09:50:33.496 I/ChromiumHTTPDataSource(27444): connect to http://vod.feifeikan.com/vod/coshipottTWSX1000000000000254_800/307.ts @0
03-18 09:50:34.477 D/MediaControler(22834): getCurrentPos:968000
03-18 09:50:34.477 D/VideoPlayer(22834): MSG_GET_PLAY_STATE curPos:968000/isSeeking:false
03-18 09:50:34.477 E/MediaControler(22834): getDuration:6085000
03-18 09:50:34.477 I/VideoPlayer(22834): duration:6085
03-18 09:50:34.477 D/MediaControler(22834): getCurrentPos:968000
03-18 09:50:34.487 D/VideoPlayer(22834): onProgressChanged progress:968
03-18 09:50:34.487 D/VideoPlayer(22834): update time View:6085
03-18 09:50:35.118 V/ChromiumHTTPDataSource(27444): connect on behalf of uid 10052
03-18 09:50:35.118 I/ChromiumHTTPDataSource(27444): connect to http://vod.feifeikan.com/vod/coshipottTWSX1000000000000254_800/308.ts @0
03-18 09:50:35.478 D/MediaControler(22834): getCurrentPos:968916
03-18 09:50:35.478 D/VideoPlayer(22834): MSG_GET_PLAY_STATE curPos:968916/isSeeking:false
03-18 09:50:35.478 E/MediaControler(22834): getDuration:6085000
03-18 09:50:35.478 I/VideoPlayer(22834): duration:6085
03-18 09:50:35.488 D/MediaControler(22834): getCurrentPos:968916
03-18 09:50:36.269 V/ChromiumHTTPDataSource(27444): connect on behalf of uid 10052
03-18 09:50:36.269 I/ChromiumHTTPDataSource(27444): connect to http://vod.feifeikan.com/vod/coshipottTWSX1000000000000254_800/309.ts @0
03-18 09:50:36.489 D/MediaControler(22834): getCurrentPos:969960
03-18 09:50:36.489 D/VideoPlayer(22834): MSG_GET_PLAY_STATE curPos:969960/isSeeking:false
03-18 09:50:36.489 E/MediaControler(22834): getDuration:6085000
03-18 09:50:36.489 I/VideoPlayer(22834): duration:6085
03-18 09:50:36.489 D/MediaControler(22834): getCurrentPos:969960
03-18 09:50:36.489 D/VideoPlayer(22834): onProgressChanged progress:969
03-18 09:50:36.489 D/VideoPlayer(22834): update time View:6085
03-18 09:50:37.160 D/NetworkPolicy(  384): setNetworkTemplateEnabled(): match rule = 1
03-18 09:50:37.160 D/MobileDataStateTracker(  384): default: setPolicyDataEnable(enabled=true)
03-18 09:50:37.490 D/MediaControler(22834): getCurrentPos:971040
03-18 09:50:37.490 D/VideoPlayer(22834): MSG_GET_PLAY_STATE curPos:971040/isSeeking:false
03-18 09:50:37.490 E/MediaControler(22834): getDuration:6085000
03-18 09:50:37.490 I/VideoPlayer(22834): duration:6085
03-18 09:50:37.490 D/MediaControler(22834): getCurrentPos:971040
03-18 09:50:37.490 D/VideoPlayer(22834): onProgressChanged progress:971
03-18 09:50:37.490 D/VideoPlayer(22834): update time View:6085
03-18 09:50:38.491 D/MediaControler(22834): getCurrentPos:971945
03-18 09:50:38.491 D/VideoPlayer(22834): MSG_GET_PLAY_STATE curPos:971945/isSeeking:false
03-18 09:50:38.491 E/MediaControler(22834): getDuration:6085000
03-18 09:50:38.491 I/VideoPlayer(22834): duration:6085
03-18 09:50:38.491 D/MediaControler(22834): getCurrentPos:971945
03-18 09:50:38.701 V/ChromiumHTTPDataSource(27444): connect on behalf of uid 10052
03-18 09:50:38.701 I/ChromiumHTTPDataSource(27444): connect to http://vod.feifeikan.com/vod/coshipottTWSX1000000000000254_800/310.ts @0
03-18 09:50:39.492 D/MediaControler(22834): getCurrentPos:973040
03-18 09:50:39.492 D/VideoPlayer(22834): MSG_GET_PLAY_STATE curPos:973040/isSeeking:false
03-18 09:50:39.492 E/MediaControler(22834): getDuration:6085000
03-18 09:50:39.492 I/VideoPlayer(22834): duration:6085
03-18 09:50:39.492 D/MediaControler(22834): getCurrentPos:973040
03-18 09:50:39.492 D/VideoPlayer(22834): onProgressChanged progress:973
03-18 09:50:39.492 D/VideoPlayer(22834): update time View:6085
03-18 09:50:39.662 V/ChromiumHTTPDataSource(27444): connect on behalf of uid 10052
03-18 09:50:39.662 I/ChromiumHTTPDataSource(27444): connect to http://vod.feifeikan.com/vod/coshipottTWSX1000000000000254_800/311.ts @0
03-18 09:50:40.493 D/MediaControler(22834): getCurrentPos:974000
03-18 09:50:40.493 D/VideoPlayer(22834): MSG_GET_PLAY_STATE curPos:974000/isSeeking:false
03-18 09:50:40.493 E/MediaControler(22834): getDuration:6085000
03-18 09:50:40.493 I/VideoPlayer(22834): duration:6085
03-18 09:50:40.493 D/MediaControler(22834): getCurrentPos:974000
03-18 09:50:40.493 D/VideoPlayer(22834): onProgressChanged progress:974
03-18 09:50:40.493 D/VideoPlayer(22834): update time View:6085
03-18 09:50:41.224 V/ChromiumHTTPDataSource(27444): connect on behalf of uid 10052
03-18 09:50:41.224 I/ChromiumHTTPDataSource(27444): connect to http://vod.feifeikan.com/vod/coshipottTWSX1000000000000254_800/312.ts @0
03-18 09:50:41.484 D/MediaControler(22834): getCurrentPos:975017
03-18 09:50:41.484 D/VideoPlayer(22834): MSG_GET_PLAY_STATE curPos:975017/isSeeking:false
03-18 09:50:41.484 E/MediaControler(22834): getDuration:6085000
03-18 09:50:41.484 I/VideoPlayer(22834): duration:6085
03-18 09:50:41.484 D/MediaControler(22834): getCurrentPos:975017
03-18 09:50:41.484 D/VideoPlayer(22834): onProgressChanged progress:975
03-18 09:50:41.484 D/VideoPlayer(22834): update time View:6085
03-18 09:50:42.485 D/MediaControler(22834): getCurrentPos:975960
03-18 09:50:42.485 D/VideoPlayer(22834): MSG_GET_PLAY_STATE curPos:975960/isSeeking:false
03-18 09:50:42.485 E/MediaControler(22834): getDuration:6085000
03-18 09:50:42.485 I/VideoPlayer(22834): duration:6085
03-18 09:50:42.485 D/MediaControler(22834): getCurrentPos:975960
03-18 09:50:42.965 V/ChromiumHTTPDataSource(27444): connect on behalf of uid 10052
03-18 09:50:42.965 I/ChromiumHTTPDataSource(27444): connect to http://vod.feifeikan.com/vod/coshipottTWSX1000000000000254_800/313.ts @0
03-18 09:50:43.486 D/MediaControler(22834): getCurrentPos:977017
03-18 09:50:43.486 D/VideoPlayer(22834): MSG_GET_PLAY_STATE curPos:977017/isSeeking:false
03-18 09:50:43.486 E/MediaControler(22834): getDuration:6085000
03-18 09:50:43.486 I/VideoPlayer(22834): duration:6085
03-18 09:50:43.486 D/MediaControler(22834): getCurrentPos:977017
03-18 09:50:43.486 D/VideoPlayer(22834): onProgressChanged progress:977
03-18 09:50:43.486 D/VideoPlayer(22834): update time View:6085
03-18 09:50:44.487 D/MediaControler(22834): getCurrentPos:977960
03-18 09:50:44.487 D/VideoPlayer(22834): MSG_GET_PLAY_STATE curPos:977960/isSeeking:false
03-18 09:50:44.487 E/MediaControler(22834): getDuration:6085000
03-18 09:50:44.487 I/VideoPlayer(22834): duration:6085
03-18 09:50:44.487 D/MediaControler(22834): getCurrentPos:977960
03-18 09:50:45.488 D/MediaControler(22834): getCurrentPos:979040
03-18 09:50:45.488 D/VideoPlayer(22834): MSG_GET_PLAY_STATE curPos:979040/isSeeking:false
03-18 09:50:45.488 E/MediaControler(22834): getDuration:6085000
03-18 09:50:45.488 I/VideoPlayer(22834): duration:6085
03-18 09:50:45.488 D/MediaControler(22834): getCurrentPos:979040
03-18 09:50:45.488 D/VideoPlayer(22834): onProgressChanged progress:979
03-18 09:50:45.488 D/VideoPlayer(22834): update time View:6085
03-18 09:50:45.778 V/ChromiumHTTPDataSource(27444): connect on behalf of uid 10052
03-18 09:50:45.778 I/ChromiumHTTPDataSource(27444): connect to http://vod.feifeikan.com/vod/coshipottTWSX1000000000000254_800/314.ts @0
03-18 09:50:46.489 D/MediaControler(22834): getCurrentPos:979974
03-18 09:50:46.489 D/VideoPlayer(22834): MSG_GET_PLAY_STATE curPos:979974/isSeeking:false
03-18 09:50:46.489 E/MediaControler(22834): getDuration:6085000
03-18 09:50:46.489 I/VideoPlayer(22834): duration:6085
03-18 09:50:46.489 D/MediaControler(22834): getCurrentPos:979974
03-18 09:50:47.350 V/ChromiumHTTPDataSource(27444): connect on behalf of uid 10052
03-18 09:50:47.360 I/ChromiumHTTPDataSource(27444): connect to http://vod.feifeikan.com/vod/coshipottTWSX1000000000000254_800/315.ts @0
03-18 09:50:47.490 D/MediaControler(22834): getCurrentPos:981033
03-18 09:50:47.490 D/VideoPlayer(22834): MSG_GET_PLAY_STATE curPos:981033/isSeeking:false
03-18 09:50:47.490 E/MediaControler(22834): getDuration:6085000
03-18 09:50:47.490 I/VideoPlayer(22834): duration:6085
03-18 09:50:47.490 D/MediaControler(22834): getCurrentPos:981033
03-18 09:50:47.490 D/VideoPlayer(22834): onProgressChanged progress:981
03-18 09:50:47.490 D/VideoPlayer(22834): update time View:6085
03-18 09:50:48.491 D/MediaControler(22834): getCurrentPos:981955
03-18 09:50:48.491 D/VideoPlayer(22834): MSG_GET_PLAY_STATE curPos:981955/isSeeking:false
03-18 09:50:48.491 E/MediaControler(22834): getDuration:6085000
03-18 09:50:48.491 I/VideoPlayer(22834): duration:6085
03-18 09:50:48.491 D/MediaControler(22834): getCurrentPos:981955
03-18 09:50:49.492 D/MediaControler(22834): getCurrentPos:982910
03-18 09:50:49.492 D/VideoPlayer(22834): MSG_GET_PLAY_STATE curPos:982910/isSeeking:false
03-18 09:50:49.492 E/MediaControler(22834): getDuration:6085000
03-18 09:50:49.492 I/VideoPlayer(22834): duration:6085
03-18 09:50:49.492 D/MediaControler(22834): getCurrentPos:982910
03-18 09:50:49.492 D/VideoPlayer(22834): onProgressChanged progress:982
03-18 09:50:49.492 D/VideoPlayer(22834): update time View:6085
03-18 09:50:49.742 D/NetworkPolicy(  384): setNetworkTemplateEnabled(): match rule = 1
03-18 09:50:49.752 D/MobileDataStateTracker(  384): default: setPolicyDataEnable(enabled=true)
03-18 09:50:49.882 V/ChromiumHTTPDataSource(27444): connect on behalf of uid 10052
03-18 09:50:49.882 I/ChromiumHTTPDataSource(27444): connect to http://vod.feifeikan.com/vod/coshipottTWSX1000000000000254_800/316.ts @0
03-18 09:50:50.493 D/MediaControler(22834): getCurrentPos:983961
03-18 09:50:50.493 D/VideoPlayer(22834): MSG_GET_PLAY_STATE curPos:983961/isSeeking:false
03-18 09:50:50.493 E/MediaControler(22834): getDuration:6085000
03-18 09:50:50.493 I/VideoPlayer(22834): duration:6085
03-18 09:50:50.493 D/MediaControler(22834): getCurrentPos:983961
03-18 09:50:50.493 D/VideoPlayer(22834): onProgressChanged progress:983
03-18 09:50:50.493 D/VideoPlayer(22834): update time View:6085
03-18 09:50:51.494 D/MediaControler(22834): getCurrentPos:984995
03-18 09:50:51.494 D/VideoPlayer(22834): MSG_GET_PLAY_STATE curPos:984995/isSeeking:false
03-18 09:50:51.494 E/MediaControler(22834): getDuration:6085000
03-18 09:50:51.494 I/VideoPlayer(22834): duration:6085
03-18 09:50:51.494 D/MediaControler(22834): getCurrentPos:984995
03-18 09:50:51.494 D/VideoPlayer(22834): onProgressChanged progress:984
03-18 09:50:51.494 D/VideoPlayer(22834): update time View:6085
03-18 09:50:52.485 D/MediaControler(22834): getCurrentPos:986041
03-18 09:50:52.485 D/VideoPlayer(22834): MSG_GET_PLAY_STATE curPos:986041/isSeeking:false
03-18 09:50:52.485 E/MediaControler(22834): getDuration:6085000
03-18 09:50:52.485 I/VideoPlayer(22834): duration:6085
03-18 09:50:52.485 D/MediaControler(22834): getCurrentPos:986041
03-18 09:50:52.485 D/VideoPlayer(22834): onProgressChanged progress:986
03-18 09:50:52.485 D/VideoPlayer(22834): update time View:6085
03-18 09:50:52.545 D/dalvikvm(22834): GC_CONCURRENT freed 1882K, 21% free 24694K/30979K, paused 6ms+6ms, total 56ms
03-18 09:50:53.225 V/ChromiumHTTPDataSource(27444): connect on behalf of uid 10052
03-18 09:50:53.225 I/ChromiumHTTPDataSource(27444): connect to http://vod.feifeikan.com/vod/coshipottTWSX1000000000000254_800/317.ts @0
03-18 09:50:53.486 D/MediaControler(22834): getCurrentPos:986982
03-18 09:50:53.486 D/VideoPlayer(22834): MSG_GET_PLAY_STATE curPos:986982/isSeeking:false
03-18 09:50:53.486 E/MediaControler(22834): getDuration:6085000
03-18 09:50:53.486 I/VideoPlayer(22834): duration:6085
03-18 09:50:53.496 D/MediaControler(22834): getCurrentPos:986982
03-18 09:50:54.487 D/MediaControler(22834): getCurrentPos:987921
03-18 09:50:54.487 D/VideoPlayer(22834): MSG_GET_PLAY_STATE curPos:987921/isSeeking:false
03-18 09:50:54.487 E/MediaControler(22834): getDuration:6085000
03-18 09:50:54.487 I/VideoPlayer(22834): duration:6085
03-18 09:50:54.487 D/MediaControler(22834): getCurrentPos:987921
03-18 09:50:54.487 D/VideoPlayer(22834): onProgressChanged progress:987
03-18 09:50:54.487 D/VideoPlayer(22834): update time View:6085
03-18 09:50:55.488 D/MediaControler(22834): getCurrentPos:988998
03-18 09:50:55.488 D/VideoPlayer(22834): MSG_GET_PLAY_STATE curPos:988998/isSeeking:false
03-18 09:50:55.488 E/MediaControler(22834): getDuration:6085000
03-18 09:50:55.488 I/VideoPlayer(22834): duration:6085
03-18 09:50:55.488 D/MediaControler(22834): getCurrentPos:988998
03-18 09:50:55.488 D/VideoPlayer(22834): onProgressChanged progress:988
03-18 09:50:55.488 D/VideoPlayer(22834): update time View:6085
03-18 09:50:56.489 D/MediaControler(22834): getCurrentPos:989949
03-18 09:50:56.489 D/VideoPlayer(22834): MSG_GET_PLAY_STATE curPos:989949/isSeeking:false
03-18 09:50:56.499 E/MediaControler(22834): getDuration:6085000
03-18 09:50:56.499 I/VideoPlayer(22834): duration:6085
03-18 09:50:56.499 D/MediaControler(22834): getCurrentPos:989949
03-18 09:50:56.499 D/VideoPlayer(22834): onProgressChanged progress:989
03-18 09:50:56.499 D/VideoPlayer(22834): update time View:6085
03-18 09:50:56.949 D/BatteryService(  384): mAcOnlinefalsemUsbOnline:truemBatteryStatus 2
03-18 09:50:56.949 D/BatteryService(  384): mBatteryLevel77isPowered():trueActivityManagerNative.isSystemReady():true
03-18 09:50:56.949 D/BatteryService(  384): mAcOnlinefalsemUsbOnline:truemBatteryStatus 2
03-18 09:50:56.949 D/ActivityManager(  384): mBatteryStatusReceiver, action=android.intent.action.BATTERY_CHANGED
03-18 09:50:56.949 D/ActivityManager(  384): mBatteryStatusReceiver, plugged=2, mBatteryStatusPlugged=0, fakeShutdownMode=false
03-18 09:50:56.949 W/PowerUI (  467): unknown intent: Intent { act=android.intent.action.ACTION_POWER_CONNECTED flg=0x8000010 }
03-18 09:50:56.959 D/BatteryService(  384): mAcOnlinefalsemUsbOnline:truemBatteryStatus 2
03-18 09:50:56.959 D/BatteryService(  384): mBatteryLevel77isPowered():trueActivityManagerNative.isSystemReady():true
03-18 09:50:56.959 D/BatteryService(  384): mAcOnlinefalsemUsbOnline:truemBatteryStatus 2
03-18 09:50:56.959 D/ActivityManager(  384): mBatteryStatusReceiver, action=android.intent.action.BATTERY_CHANGED
03-18 09:50:56.959 D/ActivityManager(  384): mBatteryStatusReceiver, plugged=2, mBatteryStatusPlugged=2, fakeShutdownMode=false
03-18 09:50:57.249 D/BatteryService(  384): mAcOnlinefalsemUsbOnline:truemBatteryStatus 2
03-18 09:50:57.249 D/BatteryService(  384): mBatteryLevel77isPowered():trueActivityManagerNative.isSystemReady():true
03-18 09:50:57.259 D/BatteryService(  384): mAcOnlinefalsemUsbOnline:truemBatteryStatus 2
03-18 09:50:57.259 D/ActivityManager(  384): mBatteryStatusReceiver, action=android.intent.action.BATTERY_CHANGED
03-18 09:50:57.259 D/ActivityManager(  384): mBatteryStatusReceiver, plugged=2, mBatteryStatusPlugged=2, fakeShutdownMode=false
03-18 09:50:57.490 D/MediaControler(22834): getCurrentPos:991001
03-18 09:50:57.490 D/VideoPlayer(22834): MSG_GET_PLAY_STATE curPos:991001/isSeeking:false
03-18 09:50:57.490 E/MediaControler(22834): getDuration:6085000
03-18 09:50:57.490 I/VideoPlayer(22834): duration:6085
03-18 09:50:57.490 D/MediaControler(22834): getCurrentPos:991001
03-18 09:50:57.490 D/VideoPlayer(22834): onProgressChanged progress:991
03-18 09:50:57.490 D/VideoPlayer(22834): update time View:6085
03-18 09:50:57.560 V/ChromiumHTTPDataSource(27444): connect on behalf of uid 10052
03-18 09:50:57.560 I/ChromiumHTTPDataSource(27444): connect to http://vod.feifeikan.com/vod/coshipottTWSX1000000000000254_800/318.ts @0
03-18 09:50:58.050 D/BatteryService(  384): mAcOnlinefalsemUsbOnline:truemBatteryStatus 2
03-18 09:50:58.050 D/BatteryService(  384): mBatteryLevel77isPowered():trueActivityManagerNative.isSystemReady():true
03-18 09:50:58.050 D/BatteryService(  384): mAcOnlinefalsemUsbOnline:truemBatteryStatus 2
03-18 09:50:58.050 D/ActivityManager(  384): mBatteryStatusReceiver, action=android.intent.action.BATTERY_CHANGED
03-18 09:50:58.050 D/ActivityManager(  384): mBatteryStatusReceiver, plugged=2, mBatteryStatusPlugged=2, fakeShutdownMode=false
03-18 09:50:58.090 I/BRCM    (  127): usb_portd log change:0
03-18 09:50:58.090 I/BRCM    (  127): update_log_state: prev s_log_state:0 new log:0 connect:0
03-18 09:50:58.090 I/BRCM    (  127): update_log_state: LOG_STATE_NON_USB no change
03-18 09:50:58.090 I/BRCM    (  127): update_log_state: new s_log_state:0
03-18 09:50:58.090 I/BRCM    (  126): usb_portd log change:0
03-18 09:50:58.090 I/BRCM    (  126): update_log_state: prev s_log_state:0 new log:0 connect:0
03-18 09:50:58.090 I/BRCM    (  126): update_log_state: LOG_STATE_NON_USB no change
03-18 09:50:58.090 I/BRCM    (  126): update_log_state: new s_log_state:0
03-18 09:50:58.100 D/PhoneStatusBar(  467): addNotification score=-20
03-18 09:50:58.100 D/BatteryService(  384): mAcOnlinefalsemUsbOnline:truemBatteryStatus 2
03-18 09:50:58.100 D/BatteryService(  384): mBatteryLevel77isPowered():trueActivityManagerNative.isSystemReady():true
03-18 09:50:58.110 D/BatteryService(  384): mAcOnlinefalsemUsbOnline:truemBatteryStatus 2
03-18 09:50:58.110 D/ActivityManager(  384): mBatteryStatusReceiver, action=android.intent.action.BATTERY_CHANGED
03-18 09:50:58.110 D/ActivityManager(  384): mBatteryStatusReceiver, plugged=2, mBatteryStatusPlugged=2, fakeShutdownMode=false
03-18 09:50:58.130 D/PhoneStatusBar(  467): addNotification score=-10
03-18 09:50:58.200 D/BatteryService(  384): mAcOnlinefalsemUsbOnline:truemBatteryStatus 2
03-18 09:50:58.200 D/BatteryService(  384): mBatteryLevel77isPowered():trueActivityManagerNative.isSystemReady():true
03-18 09:50:58.210 D/BatteryService(  384): mAcOnlinefalsemUsbOnline:truemBatteryStatus 2
03-18 09:50:58.210 D/ActivityManager(  384): mBatteryStatusReceiver, action=android.intent.action.BATTERY_CHANGED
03-18 09:50:58.210 D/ActivityManager(  384): mBatteryStatusReceiver, plugged=2, mBatteryStatusPlugged=2, fakeShutdownMode=false
03-18 09:50:58.230 D/MtpService( 8583): addStorageLocked 65537 /storage/sdcard0
03-18 09:50:58.230 D/MtpService( 8583): starting MTP server in MTP mode
03-18 09:50:58.230 D/MtpService( 8583): addStorageLocked 65537 /storage/sdcard0
03-18 09:50:58.491 D/MediaControler(22834): getCurrentPos:991918
03-18 09:50:58.491 D/VideoPlayer(22834): MSG_GET_PLAY_STATE curPos:991918/isSeeking:false
03-18 09:50:58.491 E/MediaControler(22834): getDuration:6085000
03-18 09:50:58.491 I/VideoPlayer(22834): duration:6085
03-18 09:50:58.491 D/MediaControler(22834): getCurrentPos:991918
03-18 09:50:59.492 D/MediaControler(22834): getCurrentPos:992960
03-18 09:50:59.492 D/VideoPlayer(22834): MSG_GET_PLAY_STATE curPos:992960/isSeeking:false
03-18 09:50:59.492 E/MediaControler(22834): getDuration:6085000
03-18 09:50:59.492 I/VideoPlayer(22834): duration:6085
03-18 09:50:59.502 D/MediaControler(22834): getCurrentPos:992960
03-18 09:50:59.502 D/VideoPlayer(22834): onProgressChanged progress:992
03-18 09:50:59.502 D/VideoPlayer(22834): update time View:6085
03-18 09:51:00.272 V/ChromiumHTTPDataSource(27444): connect on behalf of uid 10052
03-18 09:51:00.272 I/ChromiumHTTPDataSource(27444): connect to http://vod.feifeikan.com/vod/coshipottTWSX1000000000000254_800/319.ts @0
03-18 09:51:00.493 D/MediaControler(22834): getCurrentPos:994041
03-18 09:51:00.493 D/VideoPlayer(22834): MSG_GET_PLAY_STATE curPos:994041/isSeeking:false
03-18 09:51:00.493 E/MediaControler(22834): getDuration:6085000
03-18 09:51:00.493 I/VideoPlayer(22834): duration:6085
03-18 09:51:00.493 D/MediaControler(22834): getCurrentPos:994041
03-18 09:51:00.493 D/VideoPlayer(22834): onProgressChanged progress:994
03-18 09:51:00.503 D/VideoPlayer(22834): update time View:6085
03-18 09:51:01.083 D/AndroidRuntime(23589): 
03-18 09:51:01.083 D/AndroidRuntime(23589): >>>>>> AndroidRuntime START com.android.internal.os.RuntimeInit <<<<<<
03-18 09:51:01.083 D/AndroidRuntime(23589): CheckJNI is OFF
03-18 09:51:01.093 D/dalvikvm(23589): Trying to load lib libjavacore.so 0x0
03-18 09:51:01.093 D/dalvikvm(23589): Added shared lib libjavacore.so 0x0
03-18 09:51:01.103 D/dalvikvm(23589): Trying to load lib libnativehelper.so 0x0
03-18 09:51:01.103 D/dalvikvm(23589): Added shared lib libnativehelper.so 0x0
03-18 09:51:01.253 D/AndroidRuntime(23589): Calling main entry com.android.commands.pm.Pm
03-18 09:51:01.293 D/AndroidRuntime(23589): Shutting down VM
03-18 09:51:01.303 D/dalvikvm(23589): GC_CONCURRENT freed 232K, 89% free 464K/4096K, paused 1ms+1ms, total 4ms
03-18 09:51:01.494 D/MediaControler(22834): getCurrentPos:995000
03-18 09:51:01.494 D/VideoPlayer(22834): MSG_GET_PLAY_STATE curPos:995000/isSeeking:false
03-18 09:51:01.494 E/MediaControler(22834): getDuration:6085000
03-18 09:51:01.494 I/VideoPlayer(22834): duration:6085
03-18 09:51:01.494 D/MediaControler(22834): getCurrentPos:995000
03-18 09:51:01.494 D/VideoPlayer(22834): onProgressChanged progress:995
03-18 09:51:01.494 D/VideoPlayer(22834): update time View:6085
03-18 09:51:01.634 D/AndroidRuntime(23602): 
03-18 09:51:01.634 D/AndroidRuntime(23602): >>>>>> AndroidRuntime START com.android.internal.os.RuntimeInit <<<<<<
03-18 09:51:01.634 D/AndroidRuntime(23602): CheckJNI is OFF
03-18 09:51:01.634 D/dalvikvm(23602): Trying to load lib libjavacore.so 0x0
03-18 09:51:01.644 D/dalvikvm(23602): Added shared lib libjavacore.so 0x0
03-18 09:51:01.654 D/dalvikvm(23602): Trying to load lib libnativehelper.so 0x0
03-18 09:51:01.654 D/dalvikvm(23602): Added shared lib libnativehelper.so 0x0
03-18 09:51:01.824 D/AndroidRuntime(23602): Calling main entry com.android.commands.pm.Pm
03-18 09:51:01.864 D/AndroidRuntime(23602): Shutting down VM
03-18 09:51:01.874 D/dalvikvm(23602): GC_CONCURRENT freed 232K, 89% free 464K/4096K, paused 1ms+0ms, total 5ms
03-18 09:51:02.184 D/AndroidRuntime(23615): 
03-18 09:51:02.184 D/AndroidRuntime(23615): >>>>>> AndroidRuntime START com.android.internal.os.RuntimeInit <<<<<<
03-18 09:51:02.184 D/AndroidRuntime(23615): CheckJNI is OFF
03-18 09:51:02.194 D/dalvikvm(23615): Trying to load lib libjavacore.so 0x0
03-18 09:51:02.194 D/dalvikvm(23615): Added shared lib libjavacore.so 0x0
03-18 09:51:02.204 D/dalvikvm(23615): Trying to load lib libnativehelper.so 0x0
03-18 09:51:02.204 D/dalvikvm(23615): Added shared lib libnativehelper.so 0x0
03-18 09:51:02.364 D/AndroidRuntime(23615): Calling main entry com.android.commands.am.Am
03-18 09:51:02.374 D/AndroidRuntime(23615): Shutting down VM
03-18 09:51:02.374 D/dalvikvm(23615): GC_CONCURRENT freed 98K, 89% free 487K/4096K, paused 1ms+0ms, total 4ms
03-18 09:51:02.374 I/AndroidRuntime(23615): NOTE: attach of thread 'Binder_3' failed
03-18 09:51:02.495 D/MediaControler(22834): getCurrentPos:995960
03-18 09:51:02.495 D/VideoPlayer(22834): MSG_GET_PLAY_STATE curPos:995960/isSeeking:false
03-18 09:51:02.495 E/MediaControler(22834): getDuration:6085000
03-18 09:51:02.495 I/VideoPlayer(22834): duration:6085
03-18 09:51:02.495 D/MediaControler(22834): getCurrentPos:995960
03-18 09:51:02.625 V/ChromiumHTTPDataSource(27444): connect on behalf of uid 10052
03-18 09:51:02.625 I/ChromiumHTTPDataSource(27444): connect to http://vod.feifeikan.com/vod/coshipottTWSX1000000000000254_800/320.ts @0
03-18 09:51:03.496 D/MediaControler(22834): getCurrentPos:997032
03-18 09:51:03.496 D/VideoPlayer(22834): MSG_GET_PLAY_STATE curPos:997032/isSeeking:false
03-18 09:51:03.496 E/MediaControler(22834): getDuration:6085000
03-18 09:51:03.496 I/VideoPlayer(22834): duration:6085
03-18 09:51:03.496 D/MediaControler(22834): getCurrentPos:997032
03-18 09:51:03.496 D/VideoPlayer(22834): onProgressChanged progress:997
03-18 09:51:03.496 D/VideoPlayer(22834): update time View:6085
03-18 09:51:04.496 D/MediaControler(22834): getCurrentPos:998001
03-18 09:51:04.496 D/VideoPlayer(22834): MSG_GET_PLAY_STATE curPos:998001/isSeeking:false
03-18 09:51:04.496 E/MediaControler(22834): getDuration:6085000
03-18 09:51:04.496 I/VideoPlayer(22834): duration:6085
03-18 09:51:04.496 D/MediaControler(22834): getCurrentPos:998001
03-18 09:51:04.496 D/VideoPlayer(22834): onProgressChanged progress:998
03-18 09:51:04.496 D/VideoPlayer(22834): update time View:6085
03-18 09:51:04.777 D/AndroidRuntime(23628): 
03-18 09:51:04.777 D/AndroidRuntime(23628): >>>>>> AndroidRuntime START com.android.internal.os.RuntimeInit <<<<<<
03-18 09:51:04.777 D/AndroidRuntime(23628): CheckJNI is OFF
03-18 09:51:04.787 D/dalvikvm(23628): Trying to load lib libjavacore.so 0x0
03-18 09:51:04.797 D/dalvikvm(23628): Added shared lib libjavacore.so 0x0
03-18 09:51:04.797 D/dalvikvm(23628): Trying to load lib libnativehelper.so 0x0
03-18 09:51:04.797 D/dalvikvm(23628): Added shared lib libnativehelper.so 0x0
03-18 09:51:04.997 D/AndroidRuntime(23628): Calling main entry com.android.commands.am.Am
03-18 09:51:05.007 D/AndroidRuntime(23628): Shutting down VM
03-18 09:51:05.017 I/AndroidRuntime(23628): NOTE: attach of thread 'Binder_3' failed
03-18 09:51:05.017 D/dalvikvm(23628): GC_CONCURRENT freed 98K, 89% free 487K/4096K, paused 1ms+0ms, total 5ms
03-18 09:51:05.087 V/ChromiumHTTPDataSource(27444): connect on behalf of uid 10052
