03-18 09:49:20.675 D/VideoPlayer(22834): update time View:6085
03-18 09:49:21.676 D/MediaControler(22834): getCurrentPos:921517
03-18 09:49:21.676 D/VideoPlayer(22834): MSG_GET_PLAY_STATE curPos:921517/isSeeking:false
03-18 09:49:21.676 E/MediaControler(22834): getDuration:6085000
03-18 09:49:21.676 I/VideoPlayer(22834): duration:6085
03-18 09:49:21.676 D/MediaControler(22834): getCurrentPos:921517
03-18 09:49:21.676 D/VideoPlayer(22834): onProgressChanged progress:921
03-18 09:49:21.676 D/VideoPlayer(22834): update time View:6085
03-18 09:49:22.677 D/MediaControler(22834): getCurrentPos:922472
03-18 09:49:22.677 D/VideoPlayer(22834): MSG_GET_PLAY_STATE curPos:922472/isSeeking:false
03-18 09:49:22.677 E/MediaControler(22834): getDuration:6085000
03-18 09:49:22.677 I/VideoPlayer(22834): duration:6085
03-18 09:49:22.677 D/MediaControler(22834): getCurrentPos:922472
03-18 09:49:22.677 D/VideoPlayer(22834): onProgressChanged progress:922
03-18 09:49:22.677 D/VideoPlayer(22834): update time View:6085
03-18 09:49:22.807 V/ChromiumHTTPDataSource(27444): connect on behalf of uid 10052
03-18 09:49:22.807 I/ChromiumHTTPDataSource(27444): connect to http://vod.feifeikan.com/vod/coshipottTWSX1000000000000254_800/295.ts @0
03-18 09:49:23.678 D/MediaControler(22834): getCurrentPos:923538
03-18 09:49:23.678 D/VideoPlayer(22834): MSG_GET_PLAY_STATE curPos:923538/isSeeking:false
03-18 09:49:23.678 E/MediaControler(22834): getDuration:6085000
03-18 09:49:23.678 I/VideoPlayer(22834): duration:6085
03-18 09:49:23.678 D/MediaControler(22834): getCurrentPos:923538
03-18 09:49:23.678 D/VideoPlayer(22834): onProgressChanged progress:923
03-18 09:49:23.678 D/VideoPlayer(22834): update time View:6085
03-18 09:49:24.679 D/MediaControler(22834): getCurrentPos:924480
03-18 09:49:24.679 D/VideoPlayer(22834): MSG_GET_PLAY_STATE curPos:924480/isSeeking:false
03-18 09:49:24.679 E/MediaControler(22834): getDuration:6085000
03-18 09:49:24.679 I/VideoPlayer(22834): duration:6085
03-18 09:49:24.679 D/MediaControler(22834): getCurrentPos:924480
03-18 09:49:24.679 D/VideoPlayer(22834): onProgressChanged progress:924
03-18 09:49:24.679 D/VideoPlayer(22834): update time View:6085
03-18 09:49:25.680 D/MediaControler(22834): getCurrentPos:925521
03-18 09:49:25.680 D/VideoPlayer(22834): MSG_GET_PLAY_STATE curPos:925521/isSeeking:false
03-18 09:49:25.680 E/MediaControler(22834): getDuration:6085000
03-18 09:49:25.680 I/VideoPlayer(22834): duration:6085
03-18 09:49:25.690 D/MediaControler(22834): getCurrentPos:925521
03-18 09:49:25.690 D/VideoPlayer(22834): onProgressChanged progress:925
03-18 09:49:25.690 D/VideoPlayer(22834): update time View:6085
03-18 09:49:26.681 D/MediaControler(22834): getCurrentPos:926560
03-18 09:49:26.681 D/VideoPlayer(22834): MSG_GET_PLAY_STATE curPos:926560/isSeeking:false
03-18 09:49:26.681 E/MediaControler(22834): getDuration:6085000
03-18 09:49:26.681 I/VideoPlayer(22834): duration:6085
03-18 09:49:26.691 D/MediaControler(22834): getCurrentPos:926560
03-18 09:49:26.691 D/VideoPlayer(22834): onProgressChanged progress:926
03-18 09:49:26.691 D/VideoPlayer(22834): update time View:6085
03-18 09:49:27.682 D/MediaControler(22834): getCurrentPos:927520
03-18 09:49:27.682 D/VideoPlayer(22834): MSG_GET_PLAY_STATE curPos:927520/isSeeking:false
03-18 09:49:27.682 E/MediaControler(22834): getDuration:6085000
03-18 09:49:27.682 I/VideoPlayer(22834): duration:6085
03-18 09:49:27.692 D/MediaControler(22834): getCurrentPos:927520
03-18 09:49:27.692 D/VideoPlayer(22834): onProgressChanged progress:927
03-18 09:49:27.692 D/VideoPlayer(22834): update time View:6085
03-18 09:49:28.683 D/MediaControler(22834): getCurrentPos:928594
03-18 09:49:28.693 D/VideoPlayer(22834): MSG_GET_PLAY_STATE curPos:928594/isSeeking:false
03-18 09:49:28.693 E/MediaControler(22834): getDuration:6085000
03-18 09:49:28.693 I/VideoPlayer(22834): duration:6085
03-18 09:49:28.693 D/MediaControler(22834): getCurrentPos:928594
03-18 09:49:28.693 D/VideoPlayer(22834): onProgressChanged progress:928
03-18 09:49:28.693 D/VideoPlayer(22834): update time View:6085
03-18 09:49:28.883 V/ChromiumHTTPDataSource(27444): connect on behalf of uid 10052
03-18 09:49:28.883 I/ChromiumHTTPDataSource(27444): connect to http://vod.feifeikan.com/vod/coshipottTWSX1000000000000254_800/296.ts @0
03-18 09:49:29.684 D/MediaControler(22834): getCurrentPos:929520
03-18 09:49:29.684 D/VideoPlayer(22834): MSG_GET_PLAY_STATE curPos:929520/isSeeking:false
03-18 09:49:29.684 E/MediaControler(22834): getDuration:6085000
03-18 09:49:29.684 I/VideoPlayer(22834): duration:6085
03-18 09:49:29.684 D/MediaControler(22834): getCurrentPos:929520
03-18 09:49:29.684 D/VideoPlayer(22834): onProgressChanged progress:929
03-18 09:49:29.684 D/VideoPlayer(22834): update time View:6085
03-18 09:49:30.685 D/MediaControler(22834): getCurrentPos:930474
03-18 09:49:30.685 D/VideoPlayer(22834): MSG_GET_PLAY_STATE curPos:930474/isSeeking:false
03-18 09:49:30.685 E/MediaControler(22834): getDuration:6085000
03-18 09:49:30.685 I/VideoPlayer(22834): duration:6085
03-18 09:49:30.685 D/MediaControler(22834): getCurrentPos:930474
03-18 09:49:30.685 D/VideoPlayer(22834): onProgressChanged progress:930
03-18 09:49:30.685 D/VideoPlayer(22834): update time View:6085
03-18 09:49:31.686 D/MediaControler(22834): getCurrentPos:931560
03-18 09:49:31.686 D/VideoPlayer(22834): MSG_GET_PLAY_STATE curPos:931560/isSeeking:false
03-18 09:49:31.686 E/MediaControler(22834): getDuration:6085000
03-18 09:49:31.686 I/VideoPlayer(22834): duration:6085
03-18 09:49:31.686 D/MediaControler(22834): getCurrentPos:931560
03-18 09:49:31.686 D/VideoPlayer(22834): onProgressChanged progress:931
03-18 09:49:31.686 D/VideoPlayer(22834): update time View:6085
03-18 09:49:32.687 D/MediaControler(22834): getCurrentPos:932519
03-18 09:49:32.687 D/VideoPlayer(22834): MSG_GET_PLAY_STATE curPos:932519/isSeeking:false
03-18 09:49:32.687 E/MediaControler(22834): getDuration:6085000
03-18 09:49:32.687 I/VideoPlayer(22834): duration:6085
03-18 09:49:32.687 D/MediaControler(22834): getCurrentPos:932519
03-18 09:49:32.687 D/VideoPlayer(22834): onProgressChanged progress:932
03-18 09:49:32.687 D/VideoPlayer(22834): update time View:6085
03-18 09:49:33.688 D/MediaControler(22834): getCurrentPos:933560
03-18 09:49:33.688 D/VideoPlayer(22834): MSG_GET_PLAY_STATE curPos:933560/isSeeking:false
03-18 09:49:33.688 E/MediaControler(22834): getDuration:6085000
03-18 09:49:33.688 I/VideoPlayer(22834): duration:6085
03-18 09:49:33.688 D/MediaControler(22834): getCurrentPos:933560
03-18 09:49:33.688 D/VideoPlayer(22834): onProgressChanged progress:933
03-18 09:49:33.688 D/VideoPlayer(22834): update time View:6085
03-18 09:49:34.689 D/MediaControler(22834): getCurrentPos:934520
03-18 09:49:34.689 D/VideoPlayer(22834): MSG_GET_PLAY_STATE curPos:934520/isSeeking:false
03-18 09:49:34.689 E/MediaControler(22834): getDuration:6085000
03-18 09:49:34.689 I/VideoPlayer(22834): duration:6085
03-18 09:49:34.689 D/MediaControler(22834): getCurrentPos:934520
03-18 09:49:34.689 D/VideoPlayer(22834): onProgressChanged progress:934
03-18 09:49:34.689 D/VideoPlayer(22834): update time View:6085
03-18 09:49:35.690 D/MediaControler(22834): getCurrentPos:935480
03-18 09:49:35.690 D/VideoPlayer(22834): MSG_GET_PLAY_STATE curPos:935480/isSeeking:false
03-18 09:49:35.690 E/MediaControler(22834): getDuration:6085000
03-18 09:49:35.690 I/VideoPlayer(22834): duration:6085
03-18 09:49:35.690 D/MediaControler(22834): getCurrentPos:935480
03-18 09:49:35.690 D/VideoPlayer(22834): onProgressChanged progress:935
03-18 09:49:35.690 D/VideoPlayer(22834): update time View:6085
03-18 09:49:36.020 V/ChromiumHTTPDataSource(27444): connect on behalf of uid 10052
03-18 09:49:36.020 I/ChromiumHTTPDataSource(27444): connect to http://vod.feifeikan.com/vod/coshipottTWSX1000000000000254_800/297.ts @0
03-18 09:49:36.691 D/MediaControler(22834): getCurrentPos:936476
03-18 09:49:36.691 D/VideoPlayer(22834): MSG_GET_PLAY_STATE curPos:936476/isSeeking:false
03-18 09:49:36.691 E/MediaControler(22834): getDuration:6085000
03-18 09:49:36.691 I/VideoPlayer(22834): duration:6085
03-18 09:49:36.691 D/MediaControler(22834): getCurrentPos:936476
03-18 09:49:36.691 D/VideoPlayer(22834): onProgressChanged progress:936
03-18 09:49:36.691 D/VideoPlayer(22834): update time View:6085
03-18 09:49:37.692 D/MediaControler(22834): getCurrentPos:937557
03-18 09:49:37.692 D/VideoPlayer(22834): MSG_GET_PLAY_STATE curPos:937557/isSeeking:false
03-18 09:49:37.692 E/MediaControler(22834): getDuration:6085000
03-18 09:49:37.692 I/VideoPlayer(22834): duration:6085
03-18 09:49:37.692 D/MediaControler(22834): getCurrentPos:937557
03-18 09:49:37.692 D/VideoPlayer(22834): onProgressChanged progress:937
03-18 09:49:37.692 D/VideoPlayer(22834): update time View:6085
03-18 09:49:38.693 D/MediaControler(22834): getCurrentPos:938513
03-18 09:49:38.693 D/VideoPlayer(22834): MSG_GET_PLAY_STATE curPos:938513/isSeeking:false
03-18 09:49:38.693 E/MediaControler(22834): getDuration:6085000
03-18 09:49:38.693 I/VideoPlayer(22834): duration:6085
03-18 09:49:38.693 D/MediaControler(22834): getCurrentPos:938513
03-18 09:49:38.693 D/VideoPlayer(22834): onProgressChanged progress:938
03-18 09:49:38.693 D/VideoPlayer(22834): update time View:6085
03-18 09:49:39.694 D/MediaControler(22834): getCurrentPos:939520
03-18 09:49:39.694 D/VideoPlayer(22834): MSG_GET_PLAY_STATE curPos:939520/isSeeking:false
03-18 09:49:39.694 E/MediaControler(22834): getDuration:6085000
03-18 09:49:39.694 I/VideoPlayer(22834): duration:6085
03-18 09:49:39.694 D/MediaControler(22834): getCurrentPos:939520
03-18 09:49:39.694 D/VideoPlayer(22834): onProgressChanged progress:939
03-18 09:49:39.694 D/VideoPlayer(22834): update time View:6085
03-18 09:49:39.844 V/ChromiumHTTPDataSource(27444): connect on behalf of uid 10052
03-18 09:49:39.844 I/ChromiumHTTPDataSource(27444): connect to http://vod.feifeikan.com/vod/coshipottTWSX1000000000000254_800/298.ts @0
03-18 09:49:40.625 D/NetworkPolicy(  384): setNetworkTemplateEnabled(): match rule = 1
03-18 09:49:40.625 D/MobileDataStateTracker(  384): default: setPolicyDataEnable(enabled=true)
03-18 09:49:40.685 D/MediaControler(22834): getCurrentPos:940480
03-18 09:49:40.685 D/VideoPlayer(22834): MSG_GET_PLAY_STATE curPos:940480/isSeeking:false
03-18 09:49:40.685 E/MediaControler(22834): getDuration:6085000
03-18 09:49:40.685 I/VideoPlayer(22834): duration:6085
03-18 09:49:40.685 D/MediaControler(22834): getCurrentPos:940480
03-18 09:49:40.685 D/VideoPlayer(22834): onProgressChanged progress:940
03-18 09:49:40.685 D/VideoPlayer(22834): update time View:6085
03-18 09:49:40.695 D/dalvikvm(  384): GC_CONCURRENT freed 2052K, 43% free 18374K/32195K, paused 20ms+6ms, total 137ms
03-18 09:49:41.686 D/MediaControler(22834): getCurrentPos:941520
03-18 09:49:41.686 D/VideoPlayer(22834): MSG_GET_PLAY_STATE curPos:941520/isSeeking:false
03-18 09:49:41.686 E/MediaControler(22834): getDuration:6085000
03-18 09:49:41.686 I/VideoPlayer(22834): duration:6085
03-18 09:49:41.686 D/MediaControler(22834): getCurrentPos:941520
03-18 09:49:41.686 D/VideoPlayer(22834): onProgressChanged progress:941
03-18 09:49:41.686 D/VideoPlayer(22834): update time View:6085
03-18 09:49:42.346 V/ChromiumHTTPDataSource(27444): connect on behalf of uid 10052
03-18 09:49:42.346 I/ChromiumHTTPDataSource(27444): connect to http://vod.feifeikan.com/vod/coshipottTWSX1000000000000254_800/299.ts @0
03-18 09:49:42.687 D/MediaControler(22834): getCurrentPos:942533
03-18 09:49:42.687 D/VideoPlayer(22834): MSG_GET_PLAY_STATE curPos:942533/isSeeking:false
03-18 09:49:42.687 E/MediaControler(22834): getDuration:6085000
03-18 09:49:42.687 I/VideoPlayer(22834): duration:6085
03-18 09:49:42.687 D/MediaControler(22834): getCurrentPos:942533
03-18 09:49:42.687 D/VideoPlayer(22834): onProgressChanged progress:942
03-18 09:49:42.687 D/VideoPlayer(22834): update time View:6085
03-18 09:49:43.688 D/MediaControler(22834): getCurrentPos:943591
03-18 09:49:43.688 D/VideoPlayer(22834): MSG_GET_PLAY_STATE curPos:943591/isSeeking:false
03-18 09:49:43.688 E/MediaControler(22834): getDuration:6085000
03-18 09:49:43.688 I/VideoPlayer(22834): duration:6085
03-18 09:49:43.688 D/MediaControler(22834): getCurrentPos:943591
03-18 09:49:43.688 D/VideoPlayer(22834): onProgressChanged progress:943
03-18 09:49:43.688 D/VideoPlayer(22834): update time View:6085
03-18 09:49:44.238 V/ChromiumHTTPDataSource(27444): connect on behalf of uid 10052
03-18 09:49:44.238 I/ChromiumHTTPDataSource(27444): connect to http://vod.feifeikan.com/vod/coshipottTWSX1000000000000254_800/300.ts @0
03-18 09:49:44.689 D/MediaControler(22834): getCurrentPos:944560
03-18 09:49:44.689 D/VideoPlayer(22834): MSG_GET_PLAY_STATE curPos:944560/isSeeking:false
03-18 09:49:44.689 E/MediaControler(22834): getDuration:6085000
03-18 09:49:44.689 I/VideoPlayer(22834): duration:6085
03-18 09:49:44.689 D/MediaControler(22834): getCurrentPos:944560
03-18 09:49:44.689 D/VideoPlayer(22834): onProgressChanged progress:944
03-18 09:49:44.689 D/VideoPlayer(22834): update time View:6085
03-18 09:49:45.690 D/MediaControler(22834): getCurrentPos:945520
03-18 09:49:45.690 D/VideoPlayer(22834): MSG_GET_PLAY_STATE curPos:945520/isSeeking:false
03-18 09:49:45.690 E/MediaControler(22834): getDuration:6085000
03-18 09:49:45.690 I/VideoPlayer(22834): duration:6085
03-18 09:49:45.690 D/MediaControler(22834): getCurrentPos:945520
03-18 09:49:45.690 D/VideoPlayer(22834): onProgressChanged progress:945
03-18 09:49:45.690 D/VideoPlayer(22834): update time View:6085
03-18 09:49:46.691 D/MediaControler(22834): getCurrentPos:946477
03-18 09:49:46.691 D/VideoPlayer(22834): MSG_GET_PLAY_STATE curPos:946477/isSeeking:false
03-18 09:49:46.691 E/MediaControler(22834): getDuration:6085000
03-18 09:49:46.691 I/VideoPlayer(22834): duration:6085
03-18 09:49:46.691 D/MediaControler(22834): getCurrentPos:946477
03-18 09:49:46.691 D/VideoPlayer(22834): onProgressChanged progress:946
03-18 09:49:46.691 D/VideoPlayer(22834): update time View:6085
03-18 09:49:47.692 D/MediaControler(22834): getCurrentPos:947555
03-18 09:49:47.692 D/VideoPlayer(22834): MSG_GET_PLAY_STATE curPos:947555/isSeeking:false
03-18 09:49:47.692 E/MediaControler(22834): getDuration:6085000
03-18 09:49:47.692 I/VideoPlayer(22834): duration:6085
03-18 09:49:47.692 D/MediaControler(22834): getCurrentPos:947555
03-18 09:49:47.692 D/VideoPlayer(22834): onProgressChanged progress:947
03-18 09:49:47.692 D/VideoPlayer(22834): update time View:6085
03-18 09:49:48.693 D/MediaControler(22834): getCurrentPos:948497
03-18 09:49:48.693 D/VideoPlayer(22834): MSG_GET_PLAY_STATE curPos:948497/isSeeking:false
03-18 09:49:48.693 E/MediaControler(22834): getDuration:6085000
03-18 09:49:48.693 I/VideoPlayer(22834): duration:6085
03-18 09:49:48.693 D/MediaControler(22834): getCurrentPos:948497
03-18 09:49:48.693 D/VideoPlayer(22834): onProgressChanged progress:948
03-18 09:49:48.693 D/VideoPlayer(22834): update time View:6085
03-18 09:49:49.694 D/MediaControler(22834): getCurrentPos:949560
03-18 09:49:49.694 D/VideoPlayer(22834): MSG_GET_PLAY_STATE curPos:949560/isSeeking:false
03-18 09:49:49.694 E/MediaControler(22834): getDuration:6085000
03-18 09:49:49.694 I/VideoPlayer(22834): duration:6085
03-18 09:49:49.694 D/MediaControler(22834): getCurrentPos:949560
03-18 09:49:49.694 D/VideoPlayer(22834): onProgressChanged progress:949
03-18 09:49:49.694 D/VideoPlayer(22834): update time View:6085
03-18 09:49:49.864 V/ChromiumHTTPDataSource(27444): connect on behalf of uid 10052
03-18 09:49:49.864 I/ChromiumHTTPDataSource(27444): connect to http://vod.feifeikan.com/vod/coshipottTWSX1000000000000254_800/301.ts @0
03-18 09:49:50.684 D/MediaControler(22834): getCurrentPos:950501
03-18 09:49:50.684 D/VideoPlayer(22834): MSG_GET_PLAY_STATE curPos:950501/isSeeking:false
03-18 09:49:50.684 E/MediaControler(22834): getDuration:6085000
03-18 09:49:50.684 I/VideoPlayer(22834): duration:6085
03-18 09:49:50.684 D/MediaControler(22834): getCurrentPos:950501
03-18 09:49:50.684 D/VideoPlayer(22834): onProgressChanged progress:950
03-18 09:49:50.684 D/VideoPlayer(22834): update time View:6085
03-18 09:49:51.685 D/MediaControler(22834): getCurrentPos:951560
03-18 09:49:51.685 D/VideoPlayer(22834): MSG_GET_PLAY_STATE curPos:951560/isSeeking:false
03-18 09:49:51.685 E/MediaControler(22834): getDuration:6085000
03-18 09:49:51.685 I/VideoPlayer(22834): duration:6085
03-18 09:49:51.685 D/MediaControler(22834): getCurrentPos:951560
03-18 09:49:51.685 D/VideoPlayer(22834): onProgressChanged progress:951
03-18 09:49:51.685 D/VideoPlayer(22834): update time View:6085
03-18 09:49:52.246 E/VideoPlayer(22834): showController
03-18 09:49:52.536 D/VideoPlayer(22834): sendToTV:1
03-18 09:49:52.536 E/apple   (22834): connectDevice
03-18 09:49:52.536 E/apple   (22834): connectDevice22:3
03-18 09:49:52.536 V/Device  (22834): 192.168.1.6: state=3,will change to =3
03-18 09:49:52.536 E/apple   (22834): Client current:true
03-18 09:49:52.536 E/apple   (22834): Client current:false
03-18 09:49:52.536 E/VideoPlayer(22834): processOnPause 
03-18 09:49:52.536 E/MediaControler(22834): reset
03-18 09:49:52.536 E/VideoPlayer(22834): showController
03-18 09:49:52.546 V/AudioFlinger(27444): pause(4099), calling pid 27444
03-18 09:49:52.546 V/AudioFlinger(27444): ACTIVE/RESUMING => PAUSING (4099) on thread 0x414295b0
03-18 09:49:52.546 V/AudioPolicyManagerBase(27444): stopOutput() output 2, stream 3, session 9130
03-18 09:49:52.546 V/AudioPolicyManagerBase(27444): changeRefCount() stream 3, count 0
03-18 09:49:52.546 D/AudioPolicyManagerALSA(27444): mFmRadioStatus=0,mFmRadioSinkDev=4,device2=0
03-18 09:49:52.546 I/AudioPolicyManagerALSA(27444): MUSIC is playing but no on primary device, new device=2
03-18 09:49:52.546 V/AudioPolicyManagerBase(27444): setOutputDevice() output 2 device 0002 delayMs 86
03-18 09:49:52.546 V/AudioPolicyManagerBase(27444): setOutputDevice() prevDevice 0002
03-18 09:49:52.546 D/AudioPolicyManagerALSA(27444): mFmRadioStatus=0,mFmRadioSinkDev=4,device2=0
03-18 09:49:52.546 D/AudioPolicyManagerALSA(27444): mFmRadioStatus=0,mFmRadioSinkDev=4,device2=0
03-18 09:49:52.546 D/AudioPolicyManagerALSA(27444): mFmRadioStatus=0,mFmRadioSinkDev=4,device2=0
03-18 09:49:52.546 D/AudioPolicyManagerALSA(27444): mFmRadioStatus=0,mFmRadioSinkDev=4,device2=0
03-18 09:49:52.546 D/AudioPolicyManagerALSA(27444): mFmRadioStatus=0,mFmRadioSinkDev=4,device2=0
03-18 09:49:52.546 V/AudioPolicyManagerBase(27444): setOutputDevice() setting same device 0002 or null device for output 2
03-18 09:49:52.546 V/AudioPolicyManagerALSA(27444): getDeviceForStrategy() from cache strategy 3, device 2
03-18 09:49:52.546 D/AudioPolicyManagerALSA(27444): mFmRadioStatus=0,mFmRadioSinkDev=4,device2=0
03-18 09:49:52.546 D/AudioPolicyManagerALSA(27444): mFmRadioStatus=0,mFmRadioSinkDev=4,device2=0
03-18 09:49:52.546 D/AudioPolicyManagerALSA(27444): mFmRadioStatus=0,mFmRadioSinkDev=4,device2=0
03-18 09:49:52.546 D/AudioPolicyManagerALSA(27444): mFmRadioStatus=0,mFmRadioSinkDev=4,device2=0
03-18 09:49:52.546 D/AudioPolicyManagerALSA(27444): mFmRadioStatus=0,mFmRadioSinkDev=4,device2=0
03-18 09:49:52.546 D/AudioPolicyManagerALSA(27444): mFmRadioStatus=0,mFmRadioSinkDev=4,device2=0
03-18 09:49:52.546 V/OtOPlayRequest(22834): Play Request: {"ResourceInfo":{"TimeCode":951,"PlayType":1,"ResourceName":"人再囧途之泰囧","ProductCode":"","ResourceCode":"10774","Duration":6085},"UserCode":"","SubID":""}
03-18 09:49:52.546 D/brcm-vd (27444): [video_decoder__openmax_main]: flushing input(1)/output(1) port for 0x5a49ded0
03-18 09:49:52.546 I/BRCM-OMX(27444): [OMX.brcm.audio.aac.decoder]:processFlush: Process Flush in Base Auio Dec triggers reset on the codec API
03-18 09:49:52.546 I/BRCM-OMX(27444): [OMX.brcm.audio.aac.decoder]:portFlushInProgress: Port-0 FLUSH in Progress
03-18 09:49:52.546 I/BRCM-OMX(27444): [OMX.brcm.audio.aac.decoder]:portFlushInProgress: Port-0 FLUSH in Progress
03-18 09:49:52.546 D/brcm-vd (27444): [video_decoder__check_complete]: flush output port completed
03-18 09:49:52.546 I/BRCM-OMX(27444): [OMX.brcm.audio.aac.decoder]:processFlush: Process Flush in Base Auio Dec triggers reset on the codec API
03-18 09:49:52.546 D/brcm-vd (27444): [video_decoder__check_complete]: flush input port completed
03-18 09:49:52.546 I/BRCM-OMX(27444): [OMX.brcm.audio.aac.decoder]:processFlush: Process Flush in Base Auio Dec triggers reset on the codec API
03-18 09:49:52.546 I/BRCM-OMX(27444): [OMX.brcm.audio.aac.decoder]:processFlush: Process Flush in Base Auio Dec triggers reset on the codec API
03-18 09:49:52.546 I/BRCM-OMX(27444): [OMX.brcm.audio.aac.decoder]:bufferHandler: PORT-0: BufferHandler thread exiting....
03-18 09:49:52.546 I/BRCM-OMX(27444): [OMX.brcm.audio.aac.decoder]:bufferHandler: PORT-1: BufferHandler thread exiting....
03-18 09:49:52.546 W/BRCM-OMXAudioPort(27444): [OMX.brcm.audio.aac.decoder]:isPopulated: PORT-0,  Populated state <0>
03-18 09:49:52.546 W/BRCM-OMXAudioPort(27444): [OMX.brcm.audio.aac.decoder]:isPopulated: PORT-1,  Populated state <0>
03-18 09:49:52.546 I/BRCM-OMX(27444): ([OMX.brcm.audio.aac.decoder]:codecSyncHandler: codecSyncHandler thread exiting....
03-18 09:49:52.546 I/BRCM-OMX(27444): [OMX.brcm.audio.aac.decoder]:commandHandler: CommandHandler thread exiting....
03-18 09:49:52.556 D/brcm-vd (27444): [video_decoder__check_complete]: state changing completed
03-18 09:49:52.556 D/brcm-vd (27444): [video_decoder__openmax_main]: OMX_CommandStateSet - loaded, ready to set/get
03-18 09:49:52.556 D/brcm-vd (27444): [video_decoder__FreeBuffer]: deallocated 0x47534d00 (5dd24000)
03-18 09:49:52.556 D/brcm-vd (27444): [video_decoder__openmax_main]: state changed ( 0, 1 )
03-18 09:49:52.556 D/brcm-vd (27444): [video_decoder__FreeBuffer]: deallocated 0x4a96fed0 (5dcc6400)
03-18 09:49:52.556 D/brcm-vd (27444): [video_decoder__FreeBuffer]: deallocated 0x4a96fd90 (5dc68800)
03-18 09:49:52.556 D/brcm-vd (27444): [video_decoder__FreeBuffer]: deallocated 0x57a53e40 (5dc0ac00)
03-18 09:49:52.556 D/brcm-vd (27444): [video_decoder__FreeBuffer]: deallocated 0x57a53c70 (5dbad000)
03-18 09:49:52.556 E/BufferQueue(  114): [SurfaceView] cancelBuffer: slot 4 is not owned by the client (state=0)
03-18 09:49:52.556 D/brcm-vd (27444): [video_decoder__FreeBuffer]: deallocated 0x4e589e50 (80000004)
03-18 09:49:52.556 E/BufferQueue(  114): [SurfaceView] cancelBuffer: slot 3 is not owned by the client (state=0)
03-18 09:49:52.556 D/brcm-vd (27444): [video_decoder__FreeBuffer]: deallocated 0x4e589c60 (80000011)
03-18 09:49:52.556 D/brcm-vd (27444): [video_decoder__FreeBuffer]: deallocated 0x41c68180 (8000000a)
03-18 09:49:52.556 E/BufferQueue(  114): [SurfaceView] cancelBuffer: slot 1 is not owned by the client (state=0)
03-18 09:49:52.556 D/brcm-vd (27444): [video_decoder__FreeBuffer]: deallocated 0x4248bd00 (80000006)
03-18 09:49:52.556 D/brcm-vd (27444): [video_decoder__FreeBuffer]: deallocated 0x5132fc70 (80000023)
03-18 09:49:52.556 V/component_tracker(27444): [unregister_component]: Removing decoder (0x57862e50) at slot 0
03-18 09:49:52.556 V/component_tracker(27444): [unregister_component]: Clearing decoder at slot 0
03-18 09:49:52.556 D/brcm-vd (27444): [video_decoder__openmax_main]: thread exiting
03-18 09:49:52.566 W/ALooperRoster(27444): failed to deliver message. Target handler 257 registered, but object gone.
03-18 09:49:52.566 V/AudioFlinger(27444): releasing 9130 from 22834
03-18 09:49:52.566 V/AudioFlinger(27444):  decremented refcount to 0
03-18 09:49:52.566 V/AudioFlinger(27444): purging stale effects
03-18 09:49:52.566 V/AudioPolicyManagerBase(27444): releaseOutput() 2
03-18 09:49:52.566 V/AudioFlinger(27444): releasing 9130 from 27444
03-18 09:49:52.566 V/AudioFlinger(27444):  decremented refcount to 0
03-18 09:49:52.566 V/AudioFlinger(27444): purging stale effects
03-18 09:49:52.576 V/AudioFlinger(27444): presentationComplete() reset: mPresentationCompleteFrames 5689360 audioHalFrames 2064
03-18 09:49:52.646 V/AudioFlinger(27444): presentationComplete() session 9130 complete: framesWritten 5690368
03-18 09:49:52.646 V/AudioFlinger(27444): remove track (4099) and delete from mixer
03-18 09:49:52.656 V/AudioFlinger(27444): PlaybackThread::Track destructor
03-18 09:49:52.656 V/AudioFlinger(27444): removeClient_l() pid 27444, tid 27449, calling tid 27444
03-18 09:49:55.569 V/AudioFlinger(27444): Audio hardware entering standby, mixer 0x414295b0, suspend count 0
03-18 09:49:55.609 I/AudioHardwareALSA(27444): dump.audio.pcm = OFF
03-18 09:49:55.609 V/AudioHardwareALSA(27444): Data Dump is disabled
03-18 09:49:55.609 V/AudioFlinger(27444): releaseWakeLock_l() AudioOut_2
03-18 09:49:55.619 V/AudioFlinger(27444): thread 0x414295b0 type 0 TID 27449 going to sleep
03-18 09:50:04.568 E/VideoPlayer(22834): SYNC_STATUS_FAILED playType:1
03-18 09:50:04.568 D/VideoPlayer(22834): handleTVtoPhonePlay
03-18 09:50:04.568 D/VideoPlayer(22834): processOnResume:1
03-18 09:50:04.568 E/VideoPlayer(22834): processOnResume vod_seek_time:951
03-18 09:50:04.568 E/VideoPlayer(22834): getPlayUrl--resourceCode:10774  playType:1  playTime:6085  delay:0  shifttime:0  shiftend:0  timecode:951  fmt:2  assetName:人再囧途之泰囧  assetId:TWSX1000000000000254  providerId:coshipott  retryTimes:0
03-18 09:50:04.568 E/Test    (22834): requestUrl  :http://wasu.feifeikan.com:8080/msis/getPlayURL?version=V001&terminalType=3&resolution=1280*720&resourceCode=10774&userCode=&playType=1&delay=0&shifttime=0&shiftend=0&timecode=0&fmt=2&authKey=d09acdabbc1421835a86ecbeed65ac2a
03-18 09:50:04.598 I/brcm-gr (22834): [gralloc_lock]: new usage 0x933
03-18 09:50:04.938 E/Test    (22834): jsonData:{"ret":"0","palyURL":"http://vod.feifeikan.com/vod/coshipott,TWSX1000000000000254.m3u8?fmt=x264_800k_mpegts&timecode=0&sk=6DB7BC4F51422686B06D4720469091BA&UUID=7e74c64a-28c8-4116-b468-89ff48921417&userCode=default&userName=default&spCode=484581254562&productCode=1&resourceCode=10774&subId=123&resourceName=&authType=2","retInfo":""}
03-18 09:50:04.948 E/Functions(22834): getPlayUrl:
03-18 09:50:04.948 E/MediaControler(22834): paly path:http://vod.feifeikan.com/vod/coshipott,TWSX1000000000000254.m3u8?fmt=x264_800k_mpegts&timecode=0&sk=6DB7BC4F51422686B06D4720469091BA&UUID=7e74c64a-28c8-4116-b468-89ff48921417&userCode=default&userName=default&spCode=484581254562&productCode=1&resourceCode=10774&subId=123&resourceName=&authType=2
03-18 09:50:04.948 E/MediaControler(22834): initMediaPlayer
03-18 09:50:04.948 V/AudioFlinger(27444): acquiring 9131 from 22834
03-18 09:50:04.948 V/AudioFlinger(27444):  added new entry for 9131
03-18 09:50:04.948 E/Test    (22834): requestUrl  :http://wasu.feifeikan.com:8080/msis/stopPlayNotify?version=V001&terminalType=3&resolution=1280*720&UUID=61d7e874-89c5-4aa6-b704-0fee19b7c510&authKey=43584f5a9b8de8b497e698c55ba18aca
03-18 09:50:05.449 D/MediaControler(22834): setDataSource
03-18 09:50:05.449 D/MediaControler(22834): setDisplay
03-18 09:50:05.449 D/MediaControler(22834): start prepareAsync
03-18 09:50:05.449 D/VideoPlayer(22834): UUID:7e74c64a-28c8-4116-b468-89ff48921417
03-18 09:50:05.449 E/Functions(22834): stopPlayNotify:
03-18 09:50:05.449 V/MediaControler(22834): onVideoSizeChanged called
03-18 09:50:05.449 E/MediaControler(22834): invalid video width(0) or height(0)
03-18 09:50:05.449 V/MediaControler(22834): onPrepared ok
03-18 09:50:05.449 E/Test    (22834): requestUrl  :http://wasu.feifeikan.com:8080/msis/startPlayNotify?version=V001&terminalType=3&resolution=1280*720&UUID=7e74c64a-28c8-4116-b468-89ff48921417&authKey=7edb92c0e893b0875c33afcd72c589cb
03-18 09:50:05.449 D/MediaControler(22834): start play
03-18 09:50:05.449 E/VideoPlayer(22834): onPlayStart-playType:1
03-18 09:50:05.449 E/MediaControler(22834): getDuration:0
03-18 09:50:05.449 D/VideoPlayer(22834): onProgressChanged progress:0
03-18 09:50:05.449 D/VideoPlayer(22834): update time View:0
03-18 09:50:05.449 E/MediaControler(22834): getDuration:0
03-18 09:50:05.459 I/LiveSession(27444): onConnect 'http://vod.feifeikan.com/vod/coshipott,TWSX1000000000000254.m3u8?fmt=x264_800k_mpegts&timecode=0&sk=6DB7BC4F51422686B06D4720469091BA&UUID=7e74c64a-28c8-4116-b468-89ff48921417&userCode=default&userName=default&spCode=484581254562&productCode=1&resourceCode=10774&subId=123&resourceName=&authType=2'
03-18 09:50:05.459 V/ChromiumHTTPDataSource(27444): connect on behalf of uid 10052
03-18 09:50:05.459 I/ChromiumHTTPDataSource(27444): connect to http://vod.feifeikan.com/vod/coshipott,TWSX1000000000000254.m3u8?fmt=x264_800k_mpegts&timecode=0&sk=6DB7BC4F51422686B06D4720469091BA&UUID=7e74c64a-28c8-4116-b468-89ff48921417&userCode=default&userName=default&spCode=484581254562&productCode=1&resourceCode=10774&subId=123&resourceName=&authType=2 @0
03-18 09:50:05.459 E/VideoPlayer(22834): onPlayStart video Duration:0
03-18 09:50:05.529 E/Functions(22834): startPlayNotify:
03-18 09:50:06.470 D/MediaControler(22834): getCurrentPos:0
03-18 09:50:06.470 D/VideoPlayer(22834): MSG_GET_PLAY_STATE curPos:0/isSeeking:false
03-18 09:50:06.470 E/MediaControler(22834): getDuration:0
03-18 09:50:06.470 I/VideoPlayer(22834): duration:0
03-18 09:50:06.470 D/MediaControler(22834): getCurrentPos:0
03-18 09:50:06.480 D/MediaControler(22834): getCurrentPos:0
03-18 09:50:06.620 I/brcm-gr (22834): [gralloc_lock]: new usage 0x933
03-18 09:50:06.750 V/ChromiumHTTPDataSource(27444): connect on behalf of uid 10052
03-18 09:50:06.750 I/ChromiumHTTPDataSource(27444): connect to http://vod.feifeikan.com/vod/coshipottTWSX1000000000000254_800.m3u8 @0
03-18 09:50:07.471 D/MediaControler(22834): getCurrentPos:0
03-18 09:50:07.471 D/VideoPlayer(22834): MSG_GET_PLAY_STATE curPos:0/isSeeking:false
03-18 09:50:07.891 V/ChromiumHTTPDataSource(27444): connect on behalf of uid 10052
03-18 09:50:07.891 I/ChromiumHTTPDataSource(27444): connect to http://vod.feifeikan.com/vod/coshipottTWSX1000000000000254_800/1.ts @0
03-18 09:50:08.452 D/NetworkPolicy(  384): setNetworkTemplateEnabled(): match rule = 1
03-18 09:50:08.452 D/MobileDataStateTracker(  384): default: setPolicyDataEnable(enabled=true)
03-18 09:50:08.472 D/MediaControler(22834): getCurrentPos:0
03-18 09:50:08.472 D/VideoPlayer(22834): MSG_GET_PLAY_STATE curPos:0/isSeeking:false
03-18 09:50:08.752 V/ChromiumHTTPDataSource(27444): connect on behalf of uid 10052
03-18 09:50:08.752 I/ChromiumHTTPDataSource(27444): connect to http://vod.feifeikan.com/vod/coshipottTWSX1000000000000254_800/2.ts @0
03-18 09:50:08.762 I/avc_utils(27444): found AVC codec config (800 x 480, High-profile level 3.0)
03-18 09:50:08.772 D/stagefright_omx_plugin(27444): makeComponentInstance ( OMX.BRCM.vc4.decoder.avc )
03-18 09:50:08.772 V/component_tracker(27444): [register_component]: Adding decoder (0x42105d30) at 0, w:0 h:0
03-18 09:50:08.772 I/brcm-vd (27444): [video_decoder_create_component_internal]: making a component of type vc.video_decode
03-18 09:50:08.772 D/brcm-vd (27444): [video_decoder_create_component_internal]: created with event
03-18 09:50:08.772 D/stagefright_omx_plugin(27444): video_decoder_create_component ( 0 )
03-18 09:50:08.792 I/BRCM-OMX(27444): [OMX.brcm.audio.aac.decoder]:OMX_BaseComponentSync: SYNC interface
03-18 09:50:08.792 I/BRCM-OMX(27444): [OMX.brcm.audio.aac.decoder]:startCommandHandler: Started commandHandler thread...
03-18 09:50:08.792 I/BRCM-OMX(27444): [OMX.brcm.audio.aac.decoder]:startCodecSyncHandler: Started CodecSyncHandler thread...
03-18 09:50:08.792 D/brcm-vd (27444): [video_decoder__GetParameter]: format [in] = 7, 0, 0
03-18 09:50:08.792 D/brcm-vd (27444): [video_decoder__SetParameter]: format [in] = 7, 0, 0, mmal fmt H264
03-18 09:50:08.792 D/brcm-vd (27444): [video_decoder__GetParameter]: format [out] = 0, 19, 0
03-18 09:50:08.792 D/brcm-vd (27444): video_decoder__SetParameter:1839: mapped color format 13 to mmal I420
03-18 09:50:08.792 D/brcm-vd (27444): [video_decoder__SetParameter]: format [out] = 0, 19, 0, mmal fmt I420
03-18 09:50:08.792 D/brcm-vd (27444): [video_decoder__GetParameter]: port-def [in] = 2048/2048, 5/1, 7, 0, 0x0/0x0
03-18 09:50:08.792 D/brcm-vd (27444): [video_decoder__SetParameter]: port-def [in] = increasing buffer size 2048 -> 384000, for 5 element(s)
03-18 09:50:08.792 D/brcm-vd (27444): [video_decoder__SetParameter]: port-def [in] = 384000/2048, 5/1, [7, 0] (H264), 800x480/0x0
03-18 09:50:08.792 V/component_tracker(27444): [register_component]: Updating decoder (0x42105d30) at 0, was w:0 h:0 now w:800 h:480
03-18 09:50:08.792 D/brcm-vd (27444): [video_decoder__GetParameter]: port-def [out] = 576000/576000, 4/1, 0, 19, 800x480/800x480
03-18 09:50:08.792 D/brcm-vd (27444): video_decoder__SetParameter:1903: mapped color format 13 to mmal I420
03-18 09:50:08.792 I/BRCM-OMX(27444): [OMX.brcm.audio.aac.decoder]:setVendorExtParamHandler: index <OMX_IndexEnableNativeBuffers>, portIdx <1> enable <0>
03-18 09:50:08.792 W/BRCM-OMXAudioPort(27444): [OMX.brcm.audio.aac.decoder]:isPopulated: PORT-0,  Populated state <0>
03-18 09:50:08.792 D/brcm-vd (27444): [video_decoder__SetParameter]: port-def [out] = 576000/576000, 4/1, [0, 19] (I420), 800x480/800x480
03-18 09:50:08.792 V/component_tracker(27444): [register_component]: Updating decoder (0x42105d30) at 0, was w:800 h:480 now w:800 h:480
03-18 09:50:08.792 W/BRCM-OMXAudioPort(27444): [OMX.brcm.audio.aac.decoder]:isPopulated: PORT-0,  Populated state <1>
03-18 09:50:08.792 W/BRCM-OMXAudioPort(27444): [OMX.brcm.audio.aac.decoder]:isPopulated: PORT-1,  Populated state <0>
03-18 09:50:08.792 E/brcm-vd (27444): [video_decoder__SetParameter]: updated mmal decoder output format to OPQV
03-18 09:50:08.792 W/BRCM-OMXAudioPort(27444): [OMX.brcm.audio.aac.decoder]:isPopulated: PORT-1,  Populated state <1>
03-18 09:50:08.792 D/brcm-vd (27444): [video_decoder__SetParameter]: enable-native-window [out] = YES
03-18 09:50:08.792 D/brcm-vd (27444): [video_decoder__GetParameter]: port-def [in] = 384000/2048, 5/1, 7, 0, 800x480/0x480
03-18 09:50:08.792 I/BRCM-OMX(27444): [OMX.brcm.audio.aac.decoder]:startBufferHandler: Started BufferHandler thread-0...
03-18 09:50:08.792 I/BRCM-OMX(27444): [OMX.brcm.audio.aac.decoder]:startBufferHandler: Started BufferHandler thread-1...
03-18 09:50:08.792 D/brcm-vd (27444): [video_decoder__UseBuffer]: allocated 0x41af1ce0, 0x5daf1000(384000) input port
03-18 09:50:08.792 D/brcm-vd (27444): [video_decoder__UseBuffer]: allocated 0x48bc3d60, 0x5db4ec00(384000) input port
03-18 09:50:08.792 D/brcm-vd (27444): [video_decoder__UseBuffer]: allocated 0x4bb3a6a0, 0x5dbac800(384000) input port
03-18 09:50:08.792 D/brcm-vd (27444): [video_decoder__UseBuffer]: allocated 0x41afc720, 0x5dc0a400(384000) input port
03-18 09:50:08.792 D/brcm-vd (27444): [video_decoder__UseBuffer]: allocated 0x4a2a4ec0, 0x5dc68000(384000) input port
03-18 09:50:08.792 D/brcm-vd (27444): [video_decoder__GetParameter]: port-def [out] = 64/64, 4/3, 0, 258, 800x480/0x0
03-18 09:50:08.792 D/brcm-vd (27444): [video_decoder__GetParameter]: get-android-native-buf-usage [out] = 0x0
03-18 09:50:08.792 D/brcm-vd (27444): video_decoder__SetParameter:1903: mapped color format 102 to mmal OPQV
03-18 09:50:08.792 D/brcm-vd (27444): [video_decoder__SetParameter]: port-def [out] = 64/64, 5/3, [0, 258] (OPQV), 800x480/0x0
03-18 09:50:08.792 V/component_tracker(27444): [register_component]: Updating decoder (0x42105d30) at 0, was w:800 h:480 now w:800 h:480
03-18 09:50:08.792 D/brcm-vd (27444): [video_decoder__GetParameter]: port-def [out] = 64/64, 5/3, 0, 258, 800x480/0x480
03-18 09:50:08.792 D/brcm-vd (27444): [video_decoder__UseBuffer]: locating 0 returns 0x80000023, output port
03-18 09:50:08.792 D/brcm-vd (27444): [video_decoder__UseBuffer]: allocated 0x42018e60, 0x41922fa8(576000) output port
03-18 09:50:08.792 W/BRCM-OMX(27444): [OMX.brcm.audio.aac.decoder]:processHeader: dec header consumed only 0 bytes, discarding 2 bytes
03-18 09:50:08.792 I/BRCM-OMX(27444): [OMX.brcm.audio.aac.decoder]:processHeader: sample rate [44100] does not match with codec sample rate [0]
03-18 09:50:08.792 I/BRCM-OMX(27444): [OMX.brcm.audio.aac.decoder]:processHeader: channels [2] does not match with codec channels [0]
03-18 09:50:08.792 I/BRCM-OMX(27444): [OMX.brcm.audio.aac.decoder]:processFlush: Process Flush in Base Auio Dec triggers reset on the codec API
03-18 09:50:08.792 D/brcm-vd (27444): [video_decoder__GetParameter]: port-def [out] = 64/64, 5/3, 0, 258, 800x480/0x480
03-18 09:50:08.792 D/brcm-vd (27444): [video_decoder__UseBuffer]: locating 0 returns 0x80000011, output port
03-18 09:50:08.792 D/brcm-vd (27444): [video_decoder__UseBuffer]: allocated 0x4bb39390, 0x42567190(576000) output port
03-18 09:50:08.792 D/brcm-vd (27444): [video_decoder__GetParameter]: port-def [out] = 64/64, 5/3, 0, 258, 800x480/0x480
03-18 09:50:08.792 D/brcm-vd (27444): [video_decoder__UseBuffer]: locating 0 returns 0x80000004, output port
03-18 09:50:08.792 D/brcm-vd (27444): [video_decoder__UseBuffer]: allocated 0x4188cf20, 0x48329e30(576000) output port
03-18 09:50:08.802 D/brcm-vd (27444): [video_decoder__GetParameter]: port-def [out] = 64/64, 5/3, 0, 258, 800x480/0x480
03-18 09:50:08.802 D/brcm-vd (27444): [video_decoder__UseBuffer]: locating 0 returns 0x8000001e, output port
03-18 09:50:08.802 D/brcm-vd (27444): [video_decoder__UseBuffer]: allocated 0x491dbde0, 0x418becb0(576000) output port
03-18 09:50:08.802 E/HEAAC_DEC_API(27444): Error in AACDEC_Parser
03-18 09:50:08.802 D/AudioPolicyManagerALSA(27444): mFmRadioStatus=0,mFmRadioSinkDev=4,device2=0
03-18 09:50:08.802 V/AudioPolicyManagerBase(27444): getOutput() stream 3, samplingRate 0, format 0, channelMask 3, flags 0
03-18 09:50:08.802 V/AudioPolicyManagerBase(27444): getOutput() returns output 2
03-18 09:50:08.802 D/AudioPolicyManagerALSA(27444): mFmRadioStatus=0,mFmRadioSinkDev=4,device2=0
03-18 09:50:08.802 V/AudioPolicyManagerBase(27444): getOutput() stream 3, samplingRate 0, format 0, channelMask 3, flags 0
03-18 09:50:08.802 V/AudioPolicyManagerBase(27444): getOutput() returns output 2
03-18 09:50:08.802 D/AudioPolicyManagerALSA(27444): mFmRadioStatus=0,mFmRadioSinkDev=4,device2=0
03-18 09:50:08.802 V/AudioPolicyManagerBase(27444): getOutput() stream 3, samplingRate 44100, format 1, channelMask 3, flags 0
03-18 09:50:08.802 V/AudioPolicyManagerBase(27444): getOutput() returns output 2
03-18 09:50:08.802 V/AudioFlinger(27444): createTrack() sessionId: 9131
03-18 09:50:08.802 V/AudioFlinger(27444): createTrack() lSessionId: 9131
03-18 09:50:08.802 V/AudioFlinger(27444): Track constructor name 4099, calling pid 27444
03-18 09:50:08.802 V/AudioFlinger(27444): acquiring 9131 from 27444
03-18 09:50:08.802 V/AudioFlinger(27444):  added new entry for 9131
03-18 09:50:08.802 D/AudioPolicyManagerALSA(27444): mFmRadioStatus=0,mFmRadioSinkDev=4,device2=0
03-18 09:50:08.802 V/AudioPolicyManagerBase(27444): getOutput() stream 3, samplingRate 0, format 0, channelMask 3, flags 0
03-18 09:50:08.802 V/AudioPolicyManagerBase(27444): getOutput() returns output 2
03-18 09:50:08.802 V/AudioFlinger(27444): start(4099), calling pid 27444 session 9131
03-18 09:50:08.802 V/AudioFlinger(27444): ? => ACTIVE (4099) on thread 0x5c1b7ea8
03-18 09:50:08.802 V/AudioPolicyManagerBase(27444): startOutput() output 2, stream 3, session 9131
03-18 09:50:08.802 V/AudioPolicyManagerBase(27444): changeRefCount() stream 3, count 1
03-18 09:50:08.802 D/AudioPolicyManagerALSA(27444): mFmRadioStatus=0,mFmRadioSinkDev=4,device2=0
03-18 09:50:08.802 V/AudioPolicyManagerBase(27444): setOutputDevice() output 2 device 0002 delayMs 0
03-18 09:50:08.802 V/AudioPolicyManagerBase(27444): setOutputDevice() prevDevice 0002
03-18 09:50:08.802 D/AudioPolicyManagerALSA(27444): mFmRadioStatus=0,mFmRadioSinkDev=4,device2=0
03-18 09:50:08.802 D/AudioPolicyManagerALSA(27444): mFmRadioStatus=0,mFmRadioSinkDev=4,device2=0
03-18 09:50:08.802 D/AudioPolicyManagerALSA(27444): mFmRadioStatus=0,mFmRadioSinkDev=4,device2=0
03-18 09:50:08.802 D/AudioPolicyManagerALSA(27444): mFmRadioStatus=0,mFmRadioSinkDev=4,device2=0
03-18 09:50:08.802 D/AudioPolicyManagerALSA(27444): mFmRadioStatus=0,mFmRadioSinkDev=4,device2=0
03-18 09:50:08.802 V/AudioPolicyManagerBase(27444): setOutputDevice() setting same device 0002 or null device for output 2
03-18 09:50:08.802 V/AudioPolicyManagerALSA(27444): getDeviceForStrategy() from cache strategy 3, device 2
03-18 09:50:08.802 D/AudioPolicyManagerALSA(27444): mFmRadioStatus=0,mFmRadioSinkDev=4,device2=0
03-18 09:50:08.802 D/AudioPolicyManagerALSA(27444): mFmRadioStatus=0,mFmRadioSinkDev=4,device2=0
03-18 09:50:08.802 D/AudioPolicyManagerALSA(27444): mFmRadioStatus=0,mFmRadioSinkDev=4,device2=0
03-18 09:50:08.802 D/AudioPolicyManagerALSA(27444): mFmRadioStatus=0,mFmRadioSinkDev=4,device2=0
03-18 09:50:08.802 D/AudioPolicyManagerALSA(27444): mFmRadioStatus=0,mFmRadioSinkDev=4,device2=0
03-18 09:50:08.802 D/AudioPolicyManagerALSA(27444): mFmRadioStatus=0,mFmRadioSinkDev=4,device2=0
03-18 09:50:08.802 V/AudioFlinger(27444): mWaitWorkCV.broadcast
03-18 09:50:08.802 V/AudioFlinger(27444): thread 0x414295b0 type 0 TID 27449 waking up
03-18 09:50:08.802 D/brcm-vd (27444): [video_decoder__GetParameter]: port-def [out] = 64/64, 5/3, 0, 258, 800x480/0x480
03-18 09:50:08.802 D/brcm-vd (27444): [video_decoder__UseBuffer]: locating 0 returns 0x80000008, output port
03-18 09:50:08.802 D/brcm-vd (27444): [video_decoder__UseBuffer]: allocated 0x423e0f00, 0x50548ef0(576000) output port
03-18 09:50:08.802 D/brcm-vd (27444): [video_decoder__enable_ports]: enable MMAL ports
03-18 09:50:08.802 V/AudioFlinger(27444): acquireWakeLock_l() AudioOut_2 status 0
03-18 09:50:08.812 D/brcm-vd (27444): [video_decoder__check_complete]: state changing completed
03-18 09:50:08.812 D/brcm-vd (27444): [video_decoder__openmax_main]: state changed ( 0, 3 )
03-18 09:50:08.812 D/AudioHardwareALSA(27444): Prepare success result=0
03-18 09:50:08.832 I/brcm-vd (27444): [video_decoder__return_buffer]: received event EFCH on port 3,0
03-18 09:50:08.832 I/brcm-vd (27444): new aspect ratio 16x15
03-18 09:50:08.832 D/brcm-vd (27444): [video_decoder__GetParameter]: port-def [out] = 64/64, 5/3, 0, 258, 800x480/0x480
03-18 09:50:08.832 D/brcm-vd (27444): [video_decoder__GetConfig]: crop [out] = (0, 0) (800x480)
03-18 09:50:08.832 V/MediaControler(22834): onVideoSizeChanged called
03-18 09:50:08.832 E/MediaControler(22834): video width(800) or height(480)
03-18 09:50:08.832 I/VideoPlayer(22834): HWRate1:1.6666666--HWRate2:1.7777778
03-18 09:50:08.832 I/VideoPlayer(22834): rate22:1.6666666
03-18 09:50:08.832 D/VideoPlayer(22834): screenWidth:1280--screenHeight:720
03-18 09:50:08.832 D/VideoPlayer(22834): videoWidth:800--videoHeight:480
03-18 09:50:08.832 D/VideoPlayer(22834): surfcaeWidth:1200-surfaceHeight:720
03-18 09:50:09.473 D/MediaControler(22834): getCurrentPos:432
03-18 09:50:09.473 D/VideoPlayer(22834): MSG_GET_PLAY_STATE curPos:432/isSeeking:false
03-18 09:50:09.473 E/MediaControler(22834): getDuration:6085000
03-18 09:50:09.473 I/VideoPlayer(22834): duration:6085
03-18 09:50:09.473 D/VideoPlayer(22834): onProgressChanged progress:0
03-18 09:50:09.473 D/VideoPlayer(22834): update time View:6085
03-18 09:50:09.473 E/MediaControler(22834): seek:951000
03-18 09:50:09.473 D/VideoPlayer(22834): onProgressChanged progress:951
03-18 09:50:09.473 D/VideoPlayer(22834): update time View:6085
03-18 09:50:09.473 D/MediaControler(22834): getCurrentPos:951000
03-18 09:50:09.623 V/AudioFlinger(27444): getNextBuffer() no more data for track 4099 on thread 0x414295b0
03-18 09:50:10.143 V/AudioFlinger(27444): BUFFER TIMEOUT: remove(4099) from active list on thread 0x414295b0
03-18 09:50:10.474 D/MediaControler(22834): getCurrentPos:951000
03-18 09:50:10.474 D/VideoPlayer(22834): MSG_GET_PLAY_STATE curPos:951000/isSeeking:true
03-18 09:50:11.275 I/LiveSession(27444): seeking to seq no 297
03-18 09:50:11.275 E/VideoPlayer(22834): onSeekComplete
03-18 09:50:11.285 W/AudioTrack(27444): releaseBuffer() track 0x41c562d0 name=0x3 disabled, restarting
03-18 09:50:11.285 V/AudioFlinger(27444): start(4099), calling pid 27444 session 9131
03-18 09:50:11.285 V/AudioFlinger(27444): ? => ACTIVE (4099) on thread 0x5c1b7ea8
03-18 09:50:11.285 V/AudioFlinger(27444): mWaitWorkCV.broadcast
03-18 09:50:11.285 V/ChromiumHTTPDataSource(27444): connect on behalf of uid 10052
03-18 09:50:11.285 I/ChromiumHTTPDataSource(27444): connect to http://vod.feifeikan.com/vod/coshipottTWSX1000000000000254_800/298.ts @0
03-18 09:50:11.465 D/MediaControler(22834): getCurrentPos:800
03-18 09:50:11.465 D/VideoPlayer(22834): MSG_GET_PLAY_STATE curPos:800/isSeeking:true
03-18 09:50:11.815 V/AudioFlinger(27444): BUFFER TIMEOUT: remove(4099) from active list on thread 0x414295b0
03-18 09:50:12.466 D/MediaControler(22834): getCurrentPos:1760
03-18 09:50:12.466 D/VideoPlayer(22834): MSG_GET_PLAY_STATE curPos:1760/isSeeking:true
03-18 09:50:12.626 V/AudioFlinger(27444): Audio hardware entering standby, mixer 0x414295b0, suspend count 0
03-18 09:50:12.666 I/AudioHardwareALSA(27444): dump.audio.pcm = OFF
03-18 09:50:12.666 V/AudioHardwareALSA(27444): Data Dump is disabled
03-18 09:50:12.666 V/AudioFlinger(27444): releaseWakeLock_l() AudioOut_2
03-18 09:50:12.666 V/AudioFlinger(27444): thread 0x414295b0 type 0 TID 27449 going to sleep
03-18 09:50:13.467 D/MediaControler(22834): getCurrentPos:2842
03-18 09:50:13.467 D/VideoPlayer(22834): MSG_GET_PLAY_STATE curPos:2842/isSeeking:true
03-18 09:50:13.807 I/LiveSession(27444): queueing discontinuity (seek=1, explicit=0, bandwidthChanged=1)
03-18 09:50:13.807 V/ChromiumHTTPDataSource(27444): connect on behalf of uid 10052
03-18 09:50:13.807 I/ChromiumHTTPDataSource(27444): connect to http://vod.feifeikan.com/vod/coshipottTWSX1000000000000254_800/299.ts @0
03-18 09:50:13.817 I/NuPlayer(27444): audio discontinuity (formatChange=1, time=1)
03-18 09:50:13.817 I/NuPlayer(27444): video discontinuity (formatChange=1, time=1)
03-18 09:50:13.817 D/brcm-vd (27444): [video_decoder__openmax_main]: flushing input(1)/output(1) port for 0x46da5e50
03-18 09:50:13.817 I/BRCM-OMX(27444): [OMX.brcm.audio.aac.decoder]:processFlush: Process Flush in Base Auio Dec triggers reset on the codec API
03-18 09:50:13.817 I/BRCM-OMX(27444): [OMX.brcm.audio.aac.decoder]:processFlush: Process Flush in Base Auio Dec triggers reset on the codec API
03-18 09:50:13.817 D/brcm-vd (27444): [video_decoder__check_complete]: flush input port completed
03-18 09:50:13.817 D/brcm-vd (27444): [video_decoder__check_complete]: flush output port completed
03-18 09:50:13.817 D/brcm-vd (27444): [video_decoder__check_complete]: state changing completed
03-18 09:50:13.817 D/brcm-vd (27444): [video_decoder__FreeBuffer]: deallocated 0x4a2a4ec0 (5dc68000)
03-18 09:50:13.817 D/brcm-vd (27444): [video_decoder__FreeBuffer]: deallocated 0x41afc720 (5dc0a400)
03-18 09:50:13.817 D/brcm-vd (27444): [video_decoder__FreeBuffer]: deallocated 0x4bb3a6a0 (5dbac800)
03-18 09:50:13.817 D/brcm-vd (27444): [video_decoder__FreeBuffer]: deallocated 0x48bc3d60 (5db4ec00)
03-18 09:50:13.817 D/brcm-vd (27444): [video_decoder__FreeBuffer]: deallocated 0x41af1ce0 (5daf1000)
03-18 09:50:13.827 D/brcm-vd (27444): [video_decoder__openmax_main]: OMX_CommandStateSet - loaded, ready to set/get
03-18 09:50:13.827 D/brcm-vd (27444): [video_decoder__openmax_main]: state changed ( 0, 1 )
03-18 09:50:13.827 D/brcm-vd (27444): [video_decoder__FreeBuffer]: deallocated 0x423e0f00 (80000008)
03-18 09:50:13.827 D/brcm-vd (27444): [video_decoder__FreeBuffer]: deallocated 0x491dbde0 (8000001e)
03-18 09:50:13.827 D/brcm-vd (27444): [video_decoder__FreeBuffer]: deallocated 0x4188cf20 (80000004)
03-18 09:50:13.827 D/brcm-vd (27444): [video_decoder__FreeBuffer]: deallocated 0x4bb39390 (80000011)
03-18 09:50:13.827 D/brcm-vd (27444): [video_decoder__FreeBuffer]: deallocated 0x42018e60 (80000023)
03-18 09:50:13.827 V/component_tracker(27444): [unregister_component]: Removing decoder (0x42105d30) at slot 0
03-18 09:50:13.827 V/component_tracker(27444): [unregister_component]: Clearing decoder at slot 0
03-18 09:50:13.827 D/brcm-vd (27444): [video_decoder__openmax_main]: thread exiting
03-18 09:50:13.827 I/BRCM-OMX(27444): [OMX.brcm.audio.aac.decoder]:processFlush: Process Flush in Base Auio Dec triggers reset on the codec API
03-18 09:50:13.827 I/BRCM-OMX(27444): [OMX.brcm.audio.aac.decoder]:processFlush: Process Flush in Base Auio Dec triggers reset on the codec API
03-18 09:50:13.827 I/BRCM-OMX(27444): [OMX.brcm.audio.aac.decoder]:bufferHandler: PORT-0: BufferHandler thread exiting....
03-18 09:50:13.827 I/BRCM-OMX(27444): [OMX.brcm.audio.aac.decoder]:bufferHandler: PORT-1: BufferHandler thread exiting....
03-18 09:50:13.827 W/BRCM-OMXAudioPort(27444): [OMX.brcm.audio.aac.decoder]:isPopulated: PORT-0,  Populated state <0>
03-18 09:50:13.827 W/BRCM-OMXAudioPort(27444): [OMX.brcm.audio.aac.decoder]:isPopulated: PORT-1,  Populated state <0>
03-18 09:50:13.827 I/BRCM-OMX(27444): ([OMX.brcm.audio.aac.decoder]:codecSyncHandler: codecSyncHandler thread exiting....
03-18 09:50:13.827 I/BRCM-OMX(27444): [OMX.brcm.audio.aac.decoder]:commandHandler: CommandHandler thread exiting....
03-18 09:50:13.837 I/avc_utils(27444): found AVC codec config (800 x 480, High-profile level 3.0)
03-18 09:50:13.847 D/stagefright_omx_plugin(27444): makeComponentInstance ( OMX.BRCM.vc4.decoder.avc )
03-18 09:50:13.847 V/component_tracker(27444): [register_component]: Adding decoder (0x413ba3d0) at 0, w:0 h:0
03-18 09:50:13.847 I/brcm-vd (27444): [video_decoder_create_component_internal]: making a component of type vc.video_decode
