03-18 17:18:32.730 D/AndroidRuntime(15484): Calling main entry com.android.commands.am.Am
03-18 17:18:32.740 I/AndroidRuntime(15484): VM exiting with result code 1.
03-18 17:18:32.800 D/AndroidRuntime(15498): 
03-18 17:18:32.800 D/AndroidRuntime(15498): >>>>>> AndroidRuntime START com.android.internal.os.RuntimeInit <<<<<<
03-18 17:18:32.800 D/AndroidRuntime(15498): CheckJNI is OFF
03-18 17:18:32.810 D/dalvikvm(15498): Trying to load lib libjavacore.so 0x0
03-18 17:18:32.810 D/dalvikvm(15498): Added shared lib libjavacore.so 0x0
03-18 17:18:32.820 D/dalvikvm(15498): Trying to load lib libnativehelper.so 0x0
03-18 17:18:32.820 D/dalvikvm(15498): Added shared lib libnativehelper.so 0x0
03-18 17:18:32.840 D/AndroidRuntime(15504): 
03-18 17:18:32.840 D/AndroidRuntime(15504): >>>>>> AndroidRuntime START com.android.internal.os.RuntimeInit <<<<<<
03-18 17:18:32.840 D/AndroidRuntime(15504): CheckJNI is OFF
03-18 17:18:32.850 D/dalvikvm(15504): Trying to load lib libjavacore.so 0x0
03-18 17:18:32.860 D/dalvikvm(15504): Added shared lib libjavacore.so 0x0
03-18 17:18:32.860 D/dalvikvm(15504): Trying to load lib libnativehelper.so 0x0
03-18 17:18:32.860 D/dalvikvm(15504): Added shared lib libnativehelper.so 0x0
03-18 17:18:32.980 D/AndroidRuntime(15498): Calling main entry com.android.commands.pm.Pm
03-18 17:18:32.980 D/AndroidRuntime(15498): Shutting down VM
03-18 17:18:32.990 D/dalvikvm(15498): GC_CONCURRENT freed 100K, 89% free 456K/4096K, paused 0ms+1ms, total 4ms
03-18 17:18:32.990 D/jdwp    (15498): Got wake-up signal, bailing out of select
03-18 17:18:32.990 D/dalvikvm(15498): Debugger has detached; object registry had 1 entries
03-18 17:18:32.990 I/AndroidRuntime(15498): NOTE: attach of thread 'Binder_1' failed
03-18 17:18:33.020 D/AndroidRuntime(15504): Calling main entry com.android.commands.am.Am
03-18 17:18:33.150 I/ServiceManager(14841): Waiting for service SurfaceFlinger...
03-18 17:18:33.220 D/AndroidRuntime(15525): 
03-18 17:18:33.220 D/AndroidRuntime(15525): >>>>>> AndroidRuntime START com.android.internal.os.RuntimeInit <<<<<<
03-18 17:18:33.220 D/AndroidRuntime(15525): CheckJNI is OFF
03-18 17:18:33.230 D/dalvikvm(15525): Trying to load lib libjavacore.so 0x0
03-18 17:18:33.240 D/dalvikvm(15525): Added shared lib libjavacore.so 0x0
03-18 17:18:33.240 D/dalvikvm(15525): Trying to load lib libnativehelper.so 0x0
03-18 17:18:33.240 D/dalvikvm(15525): Added shared lib libnativehelper.so 0x0
03-18 17:18:33.301 D/AndroidRuntime(15528): 
03-18 17:18:33.301 D/AndroidRuntime(15528): >>>>>> AndroidRuntime START com.android.internal.os.RuntimeInit <<<<<<
03-18 17:18:33.301 D/AndroidRuntime(15528): CheckJNI is OFF
03-18 17:18:33.311 D/dalvikvm(15528): Trying to load lib libjavacore.so 0x0
03-18 17:18:33.321 D/dalvikvm(15528): Added shared lib libjavacore.so 0x0
03-18 17:18:33.321 D/dalvikvm(15528): Trying to load lib libnativehelper.so 0x0
03-18 17:18:33.321 D/dalvikvm(15528): Added shared lib libnativehelper.so 0x0
03-18 17:18:33.401 D/AndroidRuntime(15525): Calling main entry com.android.commands.am.Am
03-18 17:18:33.411 I/AndroidRuntime(15525): VM exiting with result code 1.
03-18 17:18:33.491 D/AndroidRuntime(15528): Calling main entry com.android.commands.pm.Pm
03-18 17:18:33.491 D/AndroidRuntime(15528): Shutting down VM
03-18 17:18:33.501 D/dalvikvm(15528): GC_CONCURRENT freed 100K, 89% free 456K/4096K, paused 1ms+0ms, total 4ms
03-18 17:18:33.501 D/jdwp    (15528): Got wake-up signal, bailing out of select
03-18 17:18:33.501 D/dalvikvm(15528): Debugger has detached; object registry had 1 entries
03-18 17:18:33.501 I/AndroidRuntime(15528): NOTE: attach of thread 'Binder_1' failed
03-18 17:18:33.511 D/AndroidRuntime(15548): 
03-18 17:18:33.511 D/AndroidRuntime(15548): >>>>>> AndroidRuntime START com.android.internal.os.RuntimeInit <<<<<<
03-18 17:18:33.511 D/AndroidRuntime(15548): CheckJNI is OFF
03-18 17:18:33.521 D/dalvikvm(15548): Trying to load lib libjavacore.so 0x0
03-18 17:18:33.531 D/dalvikvm(15548): Added shared lib libjavacore.so 0x0
03-18 17:18:33.531 D/dalvikvm(15548): Trying to load lib libnativehelper.so 0x0
03-18 17:18:33.531 D/dalvikvm(15548): Added shared lib libnativehelper.so 0x0
03-18 17:18:33.681 D/AndroidRuntime(15548): Calling main entry com.android.commands.am.Am
03-18 17:18:33.871 D/AndroidRuntime(15561): 
03-18 17:18:33.871 D/AndroidRuntime(15561): >>>>>> AndroidRuntime START com.android.internal.os.RuntimeInit <<<<<<
03-18 17:18:33.871 D/AndroidRuntime(15561): CheckJNI is OFF
03-18 17:18:33.881 D/dalvikvm(15561): Trying to load lib libjavacore.so 0x0
03-18 17:18:33.881 D/dalvikvm(15561): Added shared lib libjavacore.so 0x0
03-18 17:18:33.891 D/dalvikvm(15561): Trying to load lib libnativehelper.so 0x0
03-18 17:18:33.891 D/dalvikvm(15561): Added shared lib libnativehelper.so 0x0
03-18 17:18:34.061 D/AndroidRuntime(15561): Calling main entry com.android.commands.am.Am
03-18 17:18:34.061 I/AndroidRuntime(15561): VM exiting with result code 1.
03-18 17:18:34.151 I/ServiceManager(14841): Waiting for service SurfaceFlinger...
03-18 17:18:34.161 D/AndroidRuntime(15574): 
03-18 17:18:34.161 D/AndroidRuntime(15574): >>>>>> AndroidRuntime START com.android.internal.os.RuntimeInit <<<<<<
03-18 17:18:34.161 D/AndroidRuntime(15574): CheckJNI is OFF
03-18 17:18:34.171 D/dalvikvm(15574): Trying to load lib libjavacore.so 0x0
03-18 17:18:34.181 D/dalvikvm(15574): Added shared lib libjavacore.so 0x0
03-18 17:18:34.181 D/dalvikvm(15574): Trying to load lib libnativehelper.so 0x0
03-18 17:18:34.181 D/dalvikvm(15574): Added shared lib libnativehelper.so 0x0
03-18 17:18:34.281 D/AndroidRuntime(15581): 
03-18 17:18:34.281 D/AndroidRuntime(15581): >>>>>> AndroidRuntime START com.android.internal.os.RuntimeInit <<<<<<
03-18 17:18:34.281 D/AndroidRuntime(15581): CheckJNI is OFF
03-18 17:18:34.291 D/dalvikvm(15581): Trying to load lib libjavacore.so 0x0
03-18 17:18:34.301 D/dalvikvm(15581): Added shared lib libjavacore.so 0x0
03-18 17:18:34.301 D/dalvikvm(15581): Trying to load lib libnativehelper.so 0x0
03-18 17:18:34.301 D/dalvikvm(15581): Added shared lib libnativehelper.so 0x0
03-18 17:18:34.352 D/AndroidRuntime(15574): Calling main entry com.android.commands.am.Am
03-18 17:18:34.452 D/AndroidRuntime(15581): Calling main entry com.android.commands.pm.Pm
03-18 17:18:34.452 D/AndroidRuntime(15581): Shutting down VM
03-18 17:18:34.452 I/AndroidRuntime(15581): NOTE: attach of thread 'Binder_1' failed
03-18 17:18:34.462 D/dalvikvm(15581): GC_CONCURRENT freed 100K, 89% free 456K/4096K, paused 0ms+1ms, total 3ms
03-18 17:18:34.462 D/jdwp    (15581): Got wake-up signal, bailing out of select
03-18 17:18:34.462 D/dalvikvm(15581): Debugger has detached; object registry had 1 entries
03-18 17:18:34.522 D/AndroidRuntime(15600): 
03-18 17:18:34.522 D/AndroidRuntime(15600): >>>>>> AndroidRuntime START com.android.internal.os.RuntimeInit <<<<<<
03-18 17:18:34.522 D/AndroidRuntime(15600): CheckJNI is OFF
03-18 17:18:34.532 D/dalvikvm(15600): Trying to load lib libjavacore.so 0x0
03-18 17:18:34.542 D/dalvikvm(15600): Added shared lib libjavacore.so 0x0
03-18 17:18:34.542 D/dalvikvm(15600): Trying to load lib libnativehelper.so 0x0
03-18 17:18:34.542 D/dalvikvm(15600): Added shared lib libnativehelper.so 0x0
03-18 17:18:34.682 D/AndroidRuntime(15600): Calling main entry com.android.commands.am.Am
03-18 17:18:34.682 I/AndroidRuntime(15600): VM exiting with result code 1.
03-18 17:18:34.782 D/AndroidRuntime(15613): 
03-18 17:18:34.782 D/AndroidRuntime(15613): >>>>>> AndroidRuntime START com.android.internal.os.RuntimeInit <<<<<<
03-18 17:18:34.782 D/AndroidRuntime(15613): CheckJNI is OFF
03-18 17:18:34.792 D/AndroidRuntime(15617): 
03-18 17:18:34.792 D/AndroidRuntime(15617): >>>>>> AndroidRuntime START com.android.internal.os.RuntimeInit <<<<<<
03-18 17:18:34.792 D/AndroidRuntime(15617): CheckJNI is OFF
03-18 17:18:34.792 D/dalvikvm(15613): Trying to load lib libjavacore.so 0x0
03-18 17:18:34.802 D/dalvikvm(15613): Added shared lib libjavacore.so 0x0
03-18 17:18:34.802 D/dalvikvm(15617): Trying to load lib libjavacore.so 0x0
03-18 17:18:34.802 D/dalvikvm(15613): Trying to load lib libnativehelper.so 0x0
03-18 17:18:34.802 D/dalvikvm(15613): Added shared lib libnativehelper.so 0x0
03-18 17:18:34.802 D/dalvikvm(15617): Added shared lib libjavacore.so 0x0
03-18 17:18:34.812 D/dalvikvm(15617): Trying to load lib libnativehelper.so 0x0
03-18 17:18:34.812 D/dalvikvm(15617): Added shared lib libnativehelper.so 0x0
03-18 17:18:34.982 D/AndroidRuntime(15613): Calling main entry com.android.commands.pm.Pm
03-18 17:18:34.982 D/AndroidRuntime(15617): Calling main entry com.android.commands.am.Am
03-18 17:18:34.982 D/AndroidRuntime(15613): Shutting down VM
03-18 17:18:34.982 I/AndroidRuntime(15617): VM exiting with result code 1.
03-18 17:18:34.982 D/dalvikvm(15613): GC_CONCURRENT freed 100K, 89% free 456K/4096K, paused 0ms+1ms, total 3ms
03-18 17:18:34.982 D/dalvikvm(15613): Debugger has detached; object registry had 1 entries
03-18 17:18:34.982 I/AndroidRuntime(15613): NOTE: attach of thread 'Binder_1' failed
03-18 17:18:35.152 I/ServiceManager(14841): Waiting for service SurfaceFlinger...
03-18 17:18:35.182 D/AndroidRuntime(15638): 
03-18 17:18:35.182 D/AndroidRuntime(15638): >>>>>> AndroidRuntime START com.android.internal.os.RuntimeInit <<<<<<
03-18 17:18:35.182 D/AndroidRuntime(15638): CheckJNI is OFF
03-18 17:18:35.192 D/dalvikvm(15638): Trying to load lib libjavacore.so 0x0
03-18 17:18:35.202 D/dalvikvm(15638): Added shared lib libjavacore.so 0x0
03-18 17:18:35.202 D/dalvikvm(15638): Trying to load lib libnativehelper.so 0x0
03-18 17:18:35.202 D/dalvikvm(15638): Added shared lib libnativehelper.so 0x0
03-18 17:18:35.353 D/AndroidRuntime(15638): Calling main entry com.android.commands.am.Am
03-18 17:18:35.363 I/AndroidRuntime(15638): VM exiting with result code 1.
03-18 17:18:35.463 D/AndroidRuntime(15651): 
03-18 17:18:35.463 D/AndroidRuntime(15651): >>>>>> AndroidRuntime START com.android.internal.os.RuntimeInit <<<<<<
03-18 17:18:35.463 D/AndroidRuntime(15651): CheckJNI is OFF
03-18 17:18:35.473 D/dalvikvm(15651): Trying to load lib libjavacore.so 0x0
03-18 17:18:35.483 D/dalvikvm(15651): Added shared lib libjavacore.so 0x0
03-18 17:18:35.483 D/dalvikvm(15651): Trying to load lib libnativehelper.so 0x0
03-18 17:18:35.483 D/dalvikvm(15651): Added shared lib libnativehelper.so 0x0
03-18 17:18:35.643 D/AndroidRuntime(15651): Calling main entry com.android.commands.am.Am
03-18 17:18:35.823 D/AndroidRuntime(15670): 
03-18 17:18:35.823 D/AndroidRuntime(15670): >>>>>> AndroidRuntime START com.android.internal.os.RuntimeInit <<<<<<
03-18 17:18:35.823 D/AndroidRuntime(15670): CheckJNI is OFF
03-18 17:18:35.833 D/AndroidRuntime(15673): 
03-18 17:18:35.833 D/AndroidRuntime(15673): >>>>>> AndroidRuntime START com.android.internal.os.RuntimeInit <<<<<<
03-18 17:18:35.833 D/AndroidRuntime(15673): CheckJNI is OFF
03-18 17:18:35.833 D/dalvikvm(15670): Trying to load lib libjavacore.so 0x0
03-18 17:18:35.833 D/dalvikvm(15670): Added shared lib libjavacore.so 0x0
03-18 17:18:35.843 D/dalvikvm(15670): Trying to load lib libnativehelper.so 0x0
03-18 17:18:35.843 D/dalvikvm(15670): Added shared lib libnativehelper.so 0x0
03-18 17:18:35.843 D/dalvikvm(15673): Trying to load lib libjavacore.so 0x0
03-18 17:18:35.843 D/dalvikvm(15673): Added shared lib libjavacore.so 0x0
03-18 17:18:35.853 D/dalvikvm(15673): Trying to load lib libnativehelper.so 0x0
03-18 17:18:35.853 D/dalvikvm(15673): Added shared lib libnativehelper.so 0x0
03-18 17:18:36.003 D/AndroidRuntime(15670): Calling main entry com.android.commands.pm.Pm
03-18 17:18:36.003 D/AndroidRuntime(15670): Shutting down VM
03-18 17:18:36.003 D/dalvikvm(15670): GC_CONCURRENT freed 100K, 89% free 456K/4096K, paused 0ms+1ms, total 3ms
03-18 17:18:36.003 D/jdwp    (15670): Got wake-up signal, bailing out of select
03-18 17:18:36.003 D/dalvikvm(15670): Debugger has detached; object registry had 1 entries
03-18 17:18:36.003 I/AndroidRuntime(15670): NOTE: attach of thread 'Binder_1' failed
03-18 17:18:36.013 D/AndroidRuntime(15673): Calling main entry com.android.commands.am.Am
03-18 17:18:36.013 I/AndroidRuntime(15673): VM exiting with result code 1.
03-18 17:18:36.153 D/AndroidRuntime(15694): 
03-18 17:18:36.153 D/AndroidRuntime(15694): >>>>>> AndroidRuntime START com.android.internal.os.RuntimeInit <<<<<<
03-18 17:18:36.153 D/AndroidRuntime(15694): CheckJNI is OFF
03-18 17:18:36.163 D/dalvikvm(15694): Trying to load lib libjavacore.so 0x0
03-18 17:18:36.163 D/dalvikvm(15694): Added shared lib libjavacore.so 0x0
03-18 17:18:36.173 D/dalvikvm(15694): Trying to load lib libnativehelper.so 0x0
03-18 17:18:36.173 D/dalvikvm(15694): Added shared lib libnativehelper.so 0x0
03-18 17:18:36.323 D/AndroidRuntime(15704): 
03-18 17:18:36.323 D/AndroidRuntime(15704): >>>>>> AndroidRuntime START com.android.internal.os.RuntimeInit <<<<<<
03-18 17:18:36.323 D/AndroidRuntime(15704): CheckJNI is OFF
03-18 17:18:36.333 D/dalvikvm(15704): Trying to load lib libjavacore.so 0x0
03-18 17:18:36.333 D/dalvikvm(15704): Added shared lib libjavacore.so 0x0
03-18 17:18:36.333 D/AndroidRuntime(15694): Calling main entry com.android.commands.am.Am
03-18 17:18:36.343 D/dalvikvm(15704): Trying to load lib libnativehelper.so 0x0
03-18 17:18:36.343 D/dalvikvm(15704): Added shared lib libnativehelper.so 0x0
03-18 17:18:36.404 I/ServiceManager(14841): Waiting for service SurfaceFlinger...
03-18 17:18:36.494 D/AndroidRuntime(15715): 
03-18 17:18:36.494 D/AndroidRuntime(15715): >>>>>> AndroidRuntime START com.android.internal.os.RuntimeInit <<<<<<
03-18 17:18:36.494 D/AndroidRuntime(15715): CheckJNI is OFF
03-18 17:18:36.504 D/dalvikvm(15715): Trying to load lib libjavacore.so 0x0
03-18 17:18:36.504 D/dalvikvm(15715): Added shared lib libjavacore.so 0x0
03-18 17:18:36.514 D/AndroidRuntime(15704): Calling main entry com.android.commands.pm.Pm
03-18 17:18:36.514 D/AndroidRuntime(15704): Shutting down VM
03-18 17:18:36.514 D/dalvikvm(15715): Trying to load lib libnativehelper.so 0x0
03-18 17:18:36.514 I/AndroidRuntime(15704): NOTE: attach of thread 'Binder_1' failed
03-18 17:18:36.514 D/dalvikvm(15704): GC_CONCURRENT freed 100K, 89% free 456K/4096K, paused 1ms+0ms, total 4ms
03-18 17:18:36.514 D/dalvikvm(15715): Added shared lib libnativehelper.so 0x0
03-18 17:18:36.514 D/jdwp    (15704): Got wake-up signal, bailing out of select
03-18 17:18:36.514 D/dalvikvm(15704): Debugger has detached; object registry had 1 entries
03-18 17:18:36.674 D/AndroidRuntime(15715): Calling main entry com.android.commands.am.Am
03-18 17:18:36.674 I/AndroidRuntime(15715): VM exiting with result code 1.
03-18 17:18:36.784 D/AndroidRuntime(15729): 
03-18 17:18:36.784 D/AndroidRuntime(15729): >>>>>> AndroidRuntime START com.android.internal.os.RuntimeInit <<<<<<
03-18 17:18:36.784 D/AndroidRuntime(15729): CheckJNI is OFF
03-18 17:18:36.794 D/dalvikvm(15729): Trying to load lib libjavacore.so 0x0
03-18 17:18:36.794 D/dalvikvm(15729): Added shared lib libjavacore.so 0x0
03-18 17:18:36.804 D/dalvikvm(15729): Trying to load lib libnativehelper.so 0x0
03-18 17:18:36.804 D/dalvikvm(15729): Added shared lib libnativehelper.so 0x0
03-18 17:18:36.944 D/AndroidRuntime(15729): Calling main entry com.android.commands.am.Am
03-18 17:18:37.154 D/AndroidRuntime(15741): 
03-18 17:18:37.154 D/AndroidRuntime(15741): >>>>>> AndroidRuntime START com.android.internal.os.RuntimeInit <<<<<<
03-18 17:18:37.154 D/AndroidRuntime(15741): CheckJNI is OFF
03-18 17:18:37.164 D/dalvikvm(15741): Trying to load lib libjavacore.so 0x0
03-18 17:18:37.164 D/dalvikvm(15741): Added shared lib libjavacore.so 0x0
03-18 17:18:37.174 D/dalvikvm(15741): Trying to load lib libnativehelper.so 0x0
03-18 17:18:37.174 D/dalvikvm(15741): Added shared lib libnativehelper.so 0x0
03-18 17:18:37.284 D/AndroidRuntime(15748): 
03-18 17:18:37.284 D/AndroidRuntime(15748): >>>>>> AndroidRuntime START com.android.internal.os.RuntimeInit <<<<<<
03-18 17:18:37.284 D/AndroidRuntime(15748): CheckJNI is OFF
03-18 17:18:37.294 D/dalvikvm(15748): Trying to load lib libjavacore.so 0x0
03-18 17:18:37.294 D/dalvikvm(15748): Added shared lib libjavacore.so 0x0
03-18 17:18:37.304 D/dalvikvm(15748): Trying to load lib libnativehelper.so 0x0
03-18 17:18:37.304 D/dalvikvm(15748): Added shared lib libnativehelper.so 0x0
03-18 17:18:37.344 D/AndroidRuntime(15741): Calling main entry com.android.commands.am.Am
03-18 17:18:37.344 I/AndroidRuntime(15741): VM exiting with result code 1.
03-18 17:18:37.425 I/ServiceManager(14841): Waiting for service SurfaceFlinger...
03-18 17:18:37.465 D/AndroidRuntime(15748): Calling main entry com.android.commands.pm.Pm
03-18 17:18:37.475 D/AndroidRuntime(15748): Shutting down VM
03-18 17:18:37.475 D/AndroidRuntime(15768): 
03-18 17:18:37.475 D/AndroidRuntime(15768): >>>>>> AndroidRuntime START com.android.internal.os.RuntimeInit <<<<<<
03-18 17:18:37.475 D/AndroidRuntime(15768): CheckJNI is OFF
03-18 17:18:37.475 D/dalvikvm(15748): GC_CONCURRENT freed 101K, 89% free 457K/4096K, paused 0ms+1ms, total 3ms
03-18 17:18:37.475 D/dalvikvm(15748): Debugger has detached; object registry had 1 entries
03-18 17:18:37.485 D/dalvikvm(15768): Trying to load lib libjavacore.so 0x0
03-18 17:18:37.485 D/dalvikvm(15768): Added shared lib libjavacore.so 0x0
03-18 17:18:37.495 D/dalvikvm(15768): Trying to load lib libnativehelper.so 0x0
03-18 17:18:37.495 D/dalvikvm(15768): Added shared lib libnativehelper.so 0x0
03-18 17:18:37.645 D/AndroidRuntime(15768): Calling main entry com.android.commands.am.Am
03-18 17:18:37.795 D/AndroidRuntime(15787): 
03-18 17:18:37.795 D/AndroidRuntime(15787): >>>>>> AndroidRuntime START com.android.internal.os.RuntimeInit <<<<<<
03-18 17:18:37.795 D/AndroidRuntime(15787): CheckJNI is OFF
03-18 17:18:37.795 D/AndroidRuntime(15786): 
03-18 17:18:37.795 D/AndroidRuntime(15786): >>>>>> AndroidRuntime START com.android.internal.os.RuntimeInit <<<<<<
03-18 17:18:37.795 D/AndroidRuntime(15786): CheckJNI is OFF
03-18 17:18:37.805 D/dalvikvm(15787): Trying to load lib libjavacore.so 0x0
03-18 17:18:37.805 D/dalvikvm(15786): Trying to load lib libjavacore.so 0x0
03-18 17:18:37.805 D/dalvikvm(15787): Added shared lib libjavacore.so 0x0
03-18 17:18:37.815 D/dalvikvm(15786): Added shared lib libjavacore.so 0x0
03-18 17:18:37.815 D/dalvikvm(15787): Trying to load lib libnativehelper.so 0x0
03-18 17:18:37.815 D/dalvikvm(15787): Added shared lib libnativehelper.so 0x0
03-18 17:18:37.815 D/dalvikvm(15786): Trying to load lib libnativehelper.so 0x0
03-18 17:18:37.815 D/dalvikvm(15786): Added shared lib libnativehelper.so 0x0
03-18 17:18:37.835 E/default (14764): vchiu_queue_pop: timedout waiting for event
03-18 17:18:37.835 W/khrn_channel(14764): khrn_channel_recv: failed channel 0 max 16
03-18 17:18:37.835 E/khrn_process(14764): failed to initialise process state
03-18 17:18:37.835 W/libEGL  (14764): eglInitialize(0x1) failed (EGL_SUCCESS)
03-18 17:18:37.835 E/SurfaceFlinger(14764): couldn't find an EGLConfig matching the screen format
03-18 17:18:37.835 E/libEGL  (14764): eglQuerySurface:350 error 300d (EGL_BAD_SURFACE)
03-18 17:18:37.835 E/libEGL  (14764): eglQuerySurface:350 error 300d (EGL_BAD_SURFACE)
03-18 17:18:37.835 E/libEGL  (14764): call to OpenGL ES API with no current context (logged once per thread)
03-18 17:18:37.835 F/libc    (14764): Fatal signal 11 (SIGSEGV) at 0x00000000 (code=1), thread 14788 (SurfaceFlinger)
03-18 17:18:37.885 I/DEBUG   (13275): *** *** *** *** *** *** *** *** *** *** *** *** *** *** *** ***
03-18 17:18:37.885 I/DEBUG   (13275): Build fingerprint: 'unknown'
03-18 17:18:37.885 I/DEBUG   (13275): pid: 14764, tid: 14788, name: SurfaceFlinger  >>> /system/bin/surfaceflinger <<<
03-18 17:18:37.885 I/DEBUG   (13275): signal 11 (SIGSEGV), code 1 (SEGV_MAPERR), fault addr 00000000
03-18 17:18:37.975 I/DEBUG   (13275):     r0 00000000  r1 00000000  r2 80808080  r3 00000000
03-18 17:18:37.975 I/DEBUG   (13275):     r4 41160598  r5 00000000  r6 4116059c  r7 00000000
03-18 17:18:37.975 I/DEBUG   (13275):     r8 00000000  r9 41160558  sl 41160538  fp 00000000
03-18 17:18:37.975 I/DEBUG   (13275):     ip 4004ee94  sp 41332cb8  lr 400456a1  pc 40108214  cpsr 40000010
03-18 17:18:37.975 I/DEBUG   (13275):     d0  6f6320746e657272  d1  6c2820747865746e
03-18 17:18:37.975 I/DEBUG   (13275):     d2  6e6f20646567676f  d3  7420726570206563
03-18 17:18:37.975 I/DEBUG   (13275):     d4  3cf3000000000000  d5  0000000000000000
03-18 17:18:37.975 I/DEBUG   (13275):     d6  005b8d8000000000  d7  4000000000000140
03-18 17:18:37.975 I/DEBUG   (13275):     d8  0000000043200000  d9  0000000000000000
03-18 17:18:37.975 I/DEBUG   (13275):     d10 0000000000000000  d11 0000000000000000
03-18 17:18:37.975 I/DEBUG   (13275):     d12 0000000000000000  d13 0000000000000000
03-18 17:18:37.975 I/DEBUG   (13275):     d14 0000000000000000  d15 0000000000000000
03-18 17:18:37.975 I/DEBUG   (13275):     d16 0000000000000002  d17 0000000000000001
03-18 17:18:37.975 I/DEBUG   (13275):     d18 0000000000000000  d19 3fe0000000000000
03-18 17:18:37.975 I/DEBUG   (13275):     d20 3fe0000000009470  d21 0000000000000000
03-18 17:18:37.975 I/DEBUG   (13275):     d22 0000000000000000  d23 0000000000000000
03-18 17:18:37.975 I/DEBUG   (13275):     d24 0000000000000000  d25 0000000000000000
03-18 17:18:37.975 I/DEBUG   (13275):     d26 0000000000000000  d27 0000000000000000
03-18 17:18:37.975 I/DEBUG   (13275):     d28 0000000000000000  d29 0000000000000000
03-18 17:18:37.975 I/DEBUG   (13275):     d30 0000000000000000  d31 0000000000000000
03-18 17:18:37.975 I/DEBUG   (13275):     scr 20000010
03-18 17:18:37.975 I/DEBUG   (13275): 
03-18 17:18:37.975 I/DEBUG   (13275): backtrace:
03-18 17:18:37.975 I/DEBUG   (13275):     #00  pc 00017214  /system/lib/libc.so (strlen+72)
03-18 17:18:37.975 I/DEBUG   (13275):     #01  pc 0000f69d  /system/lib/libutils.so (android::String8::setTo(char const*)+8)
03-18 17:18:37.975 I/DEBUG   (13275):     #02  pc 0001ecb9  /system/lib/libsurfaceflinger.so (android::GLExtensions::initWithGLStrings(unsigned char const*, unsigned char const*, unsigned char const*, unsigned char const*, char const*, char const*, char const*)+16)
03-18 17:18:37.975 I/DEBUG   (13275):     #03  pc 0001dac7  /system/lib/libsurfaceflinger.so (android::DisplayHardware::init(unsigned int)+1094)
03-18 17:18:37.975 I/DEBUG   (13275):     #04  pc 0001dd1d  /system/lib/libsurfaceflinger.so (android::DisplayHardware::DisplayHardware(android::sp<android::SurfaceFlinger> const&, unsigned int)+76)
03-18 17:18:37.975 I/DEBUG   (13275):     #05  pc 000222cf  /system/lib/libsurfaceflinger.so (android::SurfaceFlinger::readyToRun()+54)
03-18 17:18:37.975 I/DEBUG   (13275):     #06  pc 00010f1d  /system/lib/libutils.so (android::Thread::_threadLoop(void*)+72)
03-18 17:18:37.975 I/DEBUG   (13275):     #07  pc 00010aad  /system/lib/libutils.so
03-18 17:18:37.975 I/DEBUG   (13275):     #08  pc 00012e60  /system/lib/libc.so (__thread_entry+48)
03-18 17:18:37.975 I/DEBUG   (13275):     #09  pc 000125b8  /system/lib/libc.so (pthread_create+172)
03-18 17:18:37.975 I/DEBUG   (13275): 
03-18 17:18:37.975 I/DEBUG   (13275): stack:
03-18 17:18:37.975 I/DEBUG   (13275):          41332c78  4019f154  /system/lib/libEGL.so
03-18 17:18:37.975 I/DEBUG   (13275):          41332c7c  41332c9c  
03-18 17:18:37.975 I/DEBUG   (13275):          41332c80  00000000  
03-18 17:18:37.975 I/DEBUG   (13275):          41332c84  00000000  
03-18 17:18:37.975 I/DEBUG   (13275):          41332c88  41332c9c  
03-18 17:18:37.975 I/DEBUG   (13275):          41332c8c  4018729d  /system/lib/libEGL.so
03-18 17:18:37.975 I/DEBUG   (13275):          41332c90  4019f154  /system/lib/libEGL.so
03-18 17:18:37.975 I/DEBUG   (13275):          41332c94  401875bb  /system/lib/libEGL.so (android::egl_display_t::HibernationMachine::decWakeCount(android::egl_display_t::HibernationMachine::WakeRefStrength)+110)
03-18 17:18:37.975 I/DEBUG   (13275):          41332c98  4019f108  /system/lib/libEGL.so
03-18 17:18:37.975 I/DEBUG   (13275):          41332c9c  41332cbc  
03-18 17:18:37.975 I/DEBUG   (13275):          41332ca0  00000000  
03-18 17:18:37.975 I/DEBUG   (13275):          41332ca4  00000000  
03-18 17:18:37.975 I/DEBUG   (13275):          41332ca8  41332cbc  
03-18 17:18:37.975 I/DEBUG   (13275):          41332cac  4018729d  /system/lib/libEGL.so
03-18 17:18:37.975 I/DEBUG   (13275):          41332cb0  df0027ad  
03-18 17:18:37.975 I/DEBUG   (13275):          41332cb4  00000000  
03-18 17:18:37.975 I/DEBUG   (13275):     #00  41332cb8  00000000  
03-18 17:18:37.975 I/DEBUG   (13275):     #01  41332cbc  41160598  
03-18 17:18:37.975 I/DEBUG   (13275):          41332cc0  00000000  
03-18 17:18:37.975 I/DEBUG   (13275):          41332cc4  40b94018  
03-18 17:18:37.975 I/DEBUG   (13275):          41332cc8  00000000  
03-18 17:18:37.975 I/DEBUG   (13275):          41332ccc  4009fcbd  /system/lib/libsurfaceflinger.so (android::GLExtensions::initWithGLStrings(unsigned char const*, unsigned char const*, unsigned char const*, unsigned char const*, char const*, char const*, char const*)+20)
03-18 17:18:37.975 I/DEBUG   (13275):          41332cd0  41160598  
03-18 17:18:37.975 I/DEBUG   (13275):     #02  41332cd4  00000000  
03-18 17:18:37.975 I/DEBUG   (13275):          41332cd8  411600a8  
03-18 17:18:37.975 I/DEBUG   (13275):          41332cdc  00000001  
03-18 17:18:37.975 I/DEBUG   (13275):          41332ce0  400a7f08  /system/lib/libsurfaceflinger.so
03-18 17:18:37.975 I/DEBUG   (13275):          41332ce4  41160598  
03-18 17:18:37.975 I/DEBUG   (13275):          41332ce8  00000000  
03-18 17:18:37.975 I/DEBUG   (13275):          41332cec  4009eacb  /system/lib/libsurfaceflinger.so (android::DisplayHardware::init(unsigned int)+1098)
03-18 17:18:37.975 I/DEBUG   (13275):          41332cf0  00000000  
03-18 17:18:37.975 I/DEBUG   (13275): 
03-18 17:18:37.975 I/DEBUG   (13275): memory near r2:
03-18 17:18:37.975 I/DEBUG   (13275):     80808060 ffffffff ffffffff ffffffff ffffffff  ................
03-18 17:18:37.975 I/DEBUG   (13275):     80808070 ffffffff ffffffff ffffffff ffffffff  ................
03-18 17:18:37.975 I/DEBUG   (13275):     80808080 ffffffff ffffffff ffffffff ffffffff  ................
03-18 17:18:37.975 I/DEBUG   (13275):     80808090 ffffffff ffffffff ffffffff ffffffff  ................
03-18 17:18:37.975 I/DEBUG   (13275):     808080a0 ffffffff ffffffff ffffffff ffffffff  ................
03-18 17:18:37.975 I/DEBUG   (13275): 
03-18 17:18:37.975 I/DEBUG   (13275): memory near r4:
03-18 17:18:37.975 I/DEBUG   (13275):     41160578 00000001 0000000a 00000000 00000000  ................
03-18 17:18:37.985 D/AndroidRuntime(15787): Calling main entry com.android.commands.am.Am
03-18 17:18:37.985 I/DEBUG   (13275):     41160588 6e65704f 455f4c47 00000053 0000003b  OpenGL_ES...;...
03-18 17:18:37.985 I/DEBUG   (13275):     41160598 00000000 40b94018 40b94018 40b94018  .....@.@.@.@.@.@
03-18 17:18:37.985 I/DEBUG   (13275):     411605a8 40b94018 40b94018 40b94018 40b94018  .@.@.@.@.@.@.@.@
03-18 17:18:37.985 I/DEBUG   (13275):     411605b8 400abfc0 00000000 00000000 00000000  ...@............
03-18 17:18:37.985 I/DEBUG   (13275): 
03-18 17:18:37.985 I/DEBUG   (13275): memory near r6:
03-18 17:18:37.985 I/DEBUG   (13275):     4116057c 0000000a 00000000 00000000 6e65704f  ............Open
03-18 17:18:37.985 I/DEBUG   (13275):     4116058c 455f4c47 00000053 0000003b 00000000  GL_ES...;.......
03-18 17:18:37.985 I/DEBUG   (13275):     4116059c 40b94018 40b94018 40b94018 40b94018  .@.@.@.@.@.@.@.@
03-18 17:18:37.985 I/DEBUG   (13275):     411605ac 40b94018 40b94018 40b94018 400abfc0  .@.@.@.@.@.@...@
03-18 17:18:37.985 I/DEBUG   (13275):     411605bc 00000000 00000000 00000000 00000004  ................
03-18 17:18:37.985 I/DEBUG   (13275): 
03-18 17:18:37.985 I/DEBUG   (13275): memory near r9:
03-18 17:18:37.985 I/DEBUG   (13275):     41160538 72646e41 0064696f 00000000 00000033  Android.....3...
03-18 17:18:37.985 I/DEBUG   (13275):     41160548 00000001 00000015 00000000 00000000  ................
03-18 17:18:37.985 I/DEBUG   (13275):     41160558 20342e31 72646e41 2064696f 4154454d  1.4 Android META
03-18 17:18:37.995 I/AndroidRuntime(15787): VM exiting with result code 1.
03-18 17:18:37.995 I/DEBUG   (13275):     41160568 4c47452d 41160500 00000000 00000023  -EGL...A....#...
03-18 17:18:37.995 I/DEBUG   (13275):     41160578 00000001 0000000a 00000000 00000000  ................
03-18 17:18:37.995 I/DEBUG   (13275): 
03-18 17:18:37.995 I/DEBUG   (13275): memory near sl:
03-18 17:18:37.995 I/DEBUG   (13275):     41160518 00000000 00000000 00000001 00000023  ............#...
03-18 17:18:37.995 I/DEBUG   (13275):     41160528 00000001 00000008 a55a5aa5 00000010  .........ZZ.....
03-18 17:18:37.995 I/DEBUG   (13275):     41160538 72646e41 0064696f 00000000 00000033  Android.....3...
03-18 17:18:37.995 I/DEBUG   (13275):     41160548 00000001 00000015 00000000 00000000  ................
03-18 17:18:37.995 I/DEBUG   (13275):     41160558 20342e31 72646e41 2064696f 4154454d  1.4 Android META
03-18 17:18:37.995 I/DEBUG   (13275): 
03-18 17:18:37.995 I/DEBUG   (13275): memory near ip:
03-18 17:18:37.995 I/DEBUG   (13275):     4004ee74 40103320 40103720 40103aa0 40108051   3.@ 7.@.:.@Q..@
03-18 17:18:37.995 I/DEBUG   (13275):     4004ee84 4015fa8d 4015fa9b 4015e4ac 4010310c  ...@...@...@.1.@
03-18 17:18:37.995 I/DEBUG   (13275):     4004ee94 401081cc 401082fc 401791f9 4017936d  ...@...@...@m..@
03-18 17:18:37.995 I/DEBUG   (13275):     4004eea4 40179495 40179451 4011b869 4010d1ad  ...@Q..@i..@...@
03-18 17:18:37.995 I/DEBUG   (13275):     4004eeb4 4010d701 400fdac8 40100ce4 4010a9a7  ...@...@...@...@
03-18 17:18:37.995 I/DEBUG   (13275): 
03-18 17:18:37.995 I/DEBUG   (13275): memory near sp:
03-18 17:18:37.995 I/DEBUG   (13275):     41332c98 4019f108 41332cbc 00000000 00000000  ...@.,3A........
03-18 17:18:37.995 I/DEBUG   (13275):     41332ca8 41332cbc 4018729d df0027ad 00000000  .,3A.r.@.'......
03-18 17:18:37.995 I/DEBUG   (13275):     41332cb8 00000000 41160598 00000000 40b94018  .......A.....@.@
03-18 17:18:37.995 I/DEBUG   (13275):     41332cc8 00000000 4009fcbd 41160598 00000000  .......@...A....
03-18 17:18:37.995 I/DEBUG   (13275):     41332cd8 411600a8 00000001 400a7f08 41160598  ...A.......@...A
03-18 17:18:37.995 I/DEBUG   (13275): 
03-18 17:18:37.995 I/DEBUG   (13275): code around pc:
03-18 17:18:37.995 I/DEBUG   (13275):     401081f4 e4d32001 e3520000 012fff1e e3130003  . ....R.../.....
03-18 17:18:37.995 I/DEBUG   (13275):     40108204 e2800001 1afffff9 e3082080 e7df2812  ......... ...(..
03-18 17:18:37.995 I/DEBUG   (13275):     40108214 e4931004 e0400003 f5d3f040 e041c3a2  ......@.@.....A.
03-18 17:18:37.995 I/DEBUG   (13275):     40108224 e00cc002 e1dcc001 04931004 1a000022  ............"...
03-18 17:18:37.995 I/DEBUG   (13275):     40108234 e041c3a2 e00cc002 e1dcc001 04931004  ..A.............
03-18 17:18:37.995 I/DEBUG   (13275): 
03-18 17:18:37.995 I/DEBUG   (13275): code around lr:
03-18 17:18:37.995 I/DEBUG   (13275):     40045680 fce2f7ff 21006820 f7ff3810 682bfcdf  .... h.!.8....+h
03-18 17:18:37.995 I/DEBUG   (13275):     40045690 bd386023 4606b5f8 460f4608 eea0f7fc  #`8....F.F.F....
03-18 17:18:37.995 I/DEBUG   (13275):     400456a0 b1684605 f7ff3001 b158fcb5 0410f100  .Fh..0....X.....
03-18 17:18:37.995 I/DEBUG   (13275):     400456b0 462a4639 f7fc4620 2300ee4c e0025563  9F*F F..L..#cU..
03-18 17:18:37.995 I/DEBUG   (13275):     400456c0 febcf7ff 68304604 38102100 fcbef7ff  .....F0h.!.8....
03-18 17:18:38.045 D/AndroidRuntime(15786): Calling main entry com.android.commands.pm.Pm
03-18 17:18:38.055 D/AndroidRuntime(15786): Shutting down VM
03-18 17:18:38.055 D/dalvikvm(15786): GC_CONCURRENT freed 100K, 89% free 456K/4096K, paused 0ms+1ms, total 3ms
03-18 17:18:38.055 D/dalvikvm(15786): Debugger has detached; object registry had 1 entries
03-18 17:18:38.055 I/AndroidRuntime(15786): NOTE: attach of thread 'Binder_1' failed
03-18 17:18:38.085 I/Netd    (15811): Netd 1.0 starting
03-18 17:18:38.225 D/AndroidRuntime(15807): 
03-18 17:18:38.225 D/AndroidRuntime(15807): >>>>>> AndroidRuntime START com.android.internal.os.RuntimeInit <<<<<<
03-18 17:18:38.225 D/AndroidRuntime(15807): CheckJNI is OFF
03-18 17:18:38.245 D/dalvikvm(15807): Trying to load lib libjavacore.so 0x0
03-18 17:18:38.265 D/dalvikvm(15807): Added shared lib libjavacore.so 0x0
03-18 17:18:38.265 D/AndroidRuntime(15810): 
03-18 17:18:38.265 D/AndroidRuntime(15810): >>>>>> AndroidRuntime START com.android.internal.os.ZygoteInit <<<<<<
03-18 17:18:38.265 D/AndroidRuntime(15810): CheckJNI is OFF
03-18 17:18:38.275 D/dalvikvm(15807): Trying to load lib libnativehelper.so 0x0
03-18 17:18:38.285 D/dalvikvm(15807): Added shared lib libnativehelper.so 0x0
03-18 17:18:38.285 I/SurfaceFlinger(15808): SurfaceFlinger is starting
03-18 17:18:38.305 I/SurfaceFlinger(15808): SurfaceFlinger's main thread ready to run. Initializing graphics H/W...
03-18 17:18:38.305 I/brcm-gr (15808): status = 0, name= fb0
03-18 17:18:38.305 I/brcm-gr (15808): 'fake' framebuffer device reports
03-18 17:18:38.305 I/brcm-gr (15808): width        = 720 (250.000000 dpi)
03-18 17:18:38.305 I/brcm-gr (15808): height       = 1280 (250.000000 dpi)
03-18 17:18:38.305 I/brcm-gr (15808): format       = 1
03-18 17:18:38.305 I/brcm-gr (15808): refresh rate = 60.00 Hz
03-18 17:18:38.305 D/libEGL  (15808): loaded /vendor/lib/egl/libGLES_vc4.so
03-18 17:18:38.305 D/        (15808): SpyHook inactive - could not find libspyhook.so [Symbol not found: ] or not enabled (debug.egl.hw.spy = 0)
03-18 17:18:38.305 D/dalvikvm(15810): Trying to load lib libjavacore.so 0x0
03-18 17:18:38.315 D/dalvikvm(15810): Added shared lib libjavacore.so 0x0
03-18 17:18:38.315 D/dalvikvm(15810): Trying to load lib libnativehelper.so 0x0
03-18 17:18:38.315 D/dalvikvm(15810): Added shared lib libnativehelper.so 0x0
03-18 17:18:38.365 I/ServiceManager(  110): service 'media.audio_flinger' died
03-18 17:18:38.365 I/ServiceManager(  110): service 'media.player' died
03-18 17:18:38.365 I/ServiceManager(  110): service 'media.camera' died
03-18 17:18:38.365 I/ServiceManager(  110): service 'media.audio_policy' died
03-18 17:18:38.365 I/ServiceManager(  110): service 'power' died
03-18 17:18:38.365 I/ServiceManager(  110): service 'entropy' died
03-18 17:18:38.365 I/ServiceManager(  110): service 'sensorservice' died
03-18 17:18:38.365 I/mediaserver(15812): ServiceManager: 0x41082dd8
03-18 17:18:38.365 I/AudioFlinger(15812): Using default 3000 mSec as standby time.
03-18 17:18:38.375 I/CameraService(15812): CameraService started (pid=15812)
03-18 17:18:38.476 V/BrcmCamera(15812): getMmalParameterCameraConfig: sCameraInfo[0].facing=back port_id=0 orientation=90 fixed_rotation=180 h_flip=0 v_flip=0 flash_type=1 lens_present=1 max_width=3264 max_height=2448 viewfinder_width=3264 viewfinder_height=2448 viewfinder_to_external=0
03-18 17:18:38.476 V/BrcmCamera(15812): getMmalParameterCameraConfig: sCameraInfo[0].exif_metadata_items[0].key="IFD0.Make" value="Broadcom"
03-18 17:18:38.476 V/BrcmCamera(15812): getMmalParameterCameraConfig: sCameraInfo[0].exif_metadata_items[1].key="IFD0.Model" value="BCM28155 Back"
03-18 17:18:38.486 V/AudioPolicyManagerBase(15812): stringToEnum() found AUDIO_DEVICE_OUT_EARPIECE
03-18 17:18:38.486 V/AudioPolicyManagerBase(15812): stringToEnum() found AUDIO_DEVICE_OUT_SPEAKER
03-18 17:18:38.486 V/AudioPolicyManagerBase(15812): loadGlobalConfig() mAttachedOutputDevices 0003
03-18 17:18:38.486 V/AudioPolicyManagerBase(15812): stringToEnum() found AUDIO_DEVICE_OUT_SPEAKER
03-18 17:18:38.486 V/AudioPolicyManagerBase(15812): loadGlobalConfig() mDefaultOutputDevice 0002
03-18 17:18:38.486 V/AudioPolicyManagerBase(15812): stringToEnum() found AUDIO_DEVICE_IN_BUILTIN_MIC
03-18 17:18:38.486 V/AudioPolicyManagerBase(15812): loadGlobalConfig() mAvailableInputDevices 40000
03-18 17:18:38.486 V/AudioPolicyManagerBase(15812): loadHwModules() loading module primary
03-18 17:18:38.486 V/AudioPolicyManagerBase(15812): loadHwModule() loading output primary
03-18 17:18:38.486 V/AudioPolicyManagerBase(15812): loadSamplingRates() adding rate 48000
03-18 17:18:38.486 V/AudioPolicyManagerBase(15812): loadOutChannels() AUDIO_CHANNEL_OUT_STEREO
03-18 17:18:38.486 V/AudioPolicyManagerBase(15812): stringToEnum() found AUDIO_CHANNEL_OUT_STEREO
03-18 17:18:38.486 V/AudioPolicyManagerBase(15812): stringToEnum() found AUDIO_FORMAT_PCM_16_BIT
03-18 17:18:38.486 V/AudioPolicyManagerBase(15812): stringToEnum() found AUDIO_DEVICE_OUT_EARPIECE
03-18 17:18:38.486 V/AudioPolicyManagerBase(15812): stringToEnum() found AUDIO_DEVICE_OUT_SPEAKER
03-18 17:18:38.486 V/AudioPolicyManagerBase(15812): stringToEnum() found AUDIO_DEVICE_OUT_WIRED_HEADSET
03-18 17:18:38.486 V/AudioPolicyManagerBase(15812): stringToEnum() found AUDIO_DEVICE_OUT_WIRED_HEADPHONE
03-18 17:18:38.486 V/AudioPolicyManagerBase(15812): stringToEnum() found AUDIO_DEVICE_OUT_ALL_SCO
03-18 17:18:38.486 V/AudioPolicyManagerBase(15812): stringToEnum() found AUDIO_OUTPUT_FLAG_PRIMARY
03-18 17:18:38.486 V/AudioPolicyManagerBase(15812): loadOutput() adding output mSupportedDevices 007f, mFlags 0002
03-18 17:18:38.486 V/AudioPolicyManagerBase(15812): loadHwModule() loading output deep_buffer
03-18 17:18:38.486 V/AudioPolicyManagerBase(15812): loadSamplingRates() adding rate 44100
03-18 17:18:38.486 V/AudioPolicyManagerBase(15812): loadOutChannels() AUDIO_CHANNEL_OUT_STEREO
03-18 17:18:38.486 V/AudioPolicyManagerBase(15812): stringToEnum() found AUDIO_CHANNEL_OUT_STEREO
03-18 17:18:38.486 V/AudioPolicyManagerBase(15812): stringToEnum() found AUDIO_FORMAT_PCM_16_BIT
03-18 17:18:38.486 V/AudioPolicyManagerBase(15812): stringToEnum() found AUDIO_DEVICE_OUT_EARPIECE
03-18 17:18:38.486 V/AudioPolicyManagerBase(15812): stringToEnum() found AUDIO_DEVICE_OUT_SPEAKER
03-18 17:18:38.486 V/AudioPolicyManagerBase(15812): stringToEnum() found AUDIO_DEVICE_OUT_WIRED_HEADSET
03-18 17:18:38.486 V/AudioPolicyManagerBase(15812): stringToEnum() found AUDIO_DEVICE_OUT_WIRED_HEADPHONE
03-18 17:18:38.486 V/AudioPolicyManagerBase(15812): stringToEnum() found AUDIO_OUTPUT_FLAG_DEEP_BUFFER
03-18 17:18:38.486 V/AudioPolicyManagerBase(15812): loadOutput() adding output mSupportedDevices 000f, mFlags 0008
03-18 17:18:38.486 V/AudioPolicyManagerBase(15812): loadHwModule() loading output voip
03-18 17:18:38.486 V/AudioPolicyManagerBase(15812): loadSamplingRates() adding rate 16000
03-18 17:18:38.486 V/AudioPolicyManagerBase(15812): loadSamplingRates() adding rate 48000
03-18 17:18:38.486 V/AudioPolicyManagerBase(15812): loadOutChannels() AUDIO_CHANNEL_OUT_STEREO
03-18 17:18:38.486 V/AudioPolicyManagerBase(15812): stringToEnum() found AUDIO_CHANNEL_OUT_STEREO
03-18 17:18:38.486 V/AudioPolicyManagerBase(15812): stringToEnum() found AUDIO_FORMAT_PCM_16_BIT
03-18 17:18:38.486 V/AudioPolicyManagerBase(15812): stringToEnum() found AUDIO_DEVICE_OUT_EARPIECE
03-18 17:18:38.486 V/AudioPolicyManagerBase(15812): stringToEnum() found AUDIO_DEVICE_OUT_SPEAKER
03-18 17:18:38.486 V/AudioPolicyManagerBase(15812): stringToEnum() found AUDIO_DEVICE_OUT_WIRED_HEADSET
03-18 17:18:38.486 V/AudioPolicyManagerBase(15812): stringToEnum() found AUDIO_DEVICE_OUT_WIRED_HEADPHONE
03-18 17:18:38.486 V/AudioPolicyManagerBase(15812): stringToEnum() found AUDIO_DEVICE_OUT_ALL_SCO
03-18 17:18:38.486 V/AudioPolicyManagerBase(15812): loadOutput() adding output mSupportedDevices 007f, mFlags 0000
03-18 17:18:38.486 V/AudioPolicyManagerBase(15812): loadHwModule() loading input primary
03-18 17:18:38.486 V/AudioPolicyManagerBase(15812): loadSamplingRates() adding rate 8000
03-18 17:18:38.486 V/AudioPolicyManagerBase(15812): loadSamplingRates() adding rate 11025
03-18 17:18:38.486 V/AudioPolicyManagerBase(15812): loadSamplingRates() adding rate 16000
03-18 17:18:38.486 V/AudioPolicyManagerBase(15812): loadSamplingRates() adding rate 22050
03-18 17:18:38.486 V/AudioPolicyManagerBase(15812): loadSamplingRates() adding rate 24000
03-18 17:18:38.486 V/AudioPolicyManagerBase(15812): loadSamplingRates() adding rate 32000
03-18 17:18:38.486 V/AudioPolicyManagerBase(15812): loadSamplingRates() adding rate 44100
03-18 17:18:38.486 V/AudioPolicyManagerBase(15812): loadSamplingRates() adding rate 48000
03-18 17:18:38.486 V/AudioPolicyManagerBase(15812): loadInChannels() AUDIO_CHANNEL_IN_MONO
03-18 17:18:38.486 V/AudioPolicyManagerBase(15812): stringToEnum() found AUDIO_CHANNEL_IN_MONO
03-18 17:18:38.486 V/AudioPolicyManagerBase(15812): loadInChannels() adding channelMask 0010
03-18 17:18:38.486 V/AudioPolicyManagerBase(15812): stringToEnum() found AUDIO_CHANNEL_IN_STEREO
03-18 17:18:38.486 V/AudioPolicyManagerBase(15812): loadInChannels() adding channelMask 000c
03-18 17:18:38.486 V/AudioPolicyManagerBase(15812): stringToEnum() found AUDIO_FORMAT_PCM_16_BIT
03-18 17:18:38.486 V/AudioPolicyManagerBase(15812): stringToEnum() found AUDIO_DEVICE_IN_BUILTIN_MIC
03-18 17:18:38.486 V/AudioPolicyManagerBase(15812): stringToEnum() found AUDIO_DEVICE_IN_BLUETOOTH_SCO_HEADSET
03-18 17:18:38.486 V/AudioPolicyManagerBase(15812): stringToEnum() found AUDIO_DEVICE_IN_WIRED_HEADSET
03-18 17:18:38.486 V/AudioPolicyManagerBase(15812): stringToEnum() found AUDIO_DEVICE_IN_FM_RADIO_RX
03-18 17:18:38.486 V/AudioPolicyManagerBase(15812): stringToEnum() found AUDIO_DEVICE_IN_VOICE_CALL
03-18 17:18:38.486 V/AudioPolicyManagerBase(15812): loadInput() adding input mSupportedDevices 105c0000
03-18 17:18:38.486 V/AudioPolicyManagerBase(15812): loadHwModule() loading input voip
03-18 17:18:38.486 V/AudioPolicyManagerBase(15812): loadSamplingRates() adding rate 16000
03-18 17:18:38.486 V/AudioPolicyManagerBase(15812): loadInChannels() AUDIO_CHANNEL_IN_MONO
03-18 17:18:38.486 V/AudioPolicyManagerBase(15812): stringToEnum() found AUDIO_CHANNEL_IN_MONO
03-18 17:18:38.486 V/AudioPolicyManagerBase(15812): loadInChannels() adding channelMask 0010
03-18 17:18:38.486 V/AudioPolicyManagerBase(15812): stringToEnum() found AUDIO_FORMAT_PCM_16_BIT
03-18 17:18:38.486 V/AudioPolicyManagerBase(15812): stringToEnum() found AUDIO_FORMAT_VORBIS
03-18 17:18:38.486 V/AudioPolicyManagerBase(15812): stringToEnum() found AUDIO_DEVICE_IN_BUILTIN_MIC
03-18 17:18:38.486 V/AudioPolicyManagerBase(15812): stringToEnum() found AUDIO_DEVICE_IN_BLUETOOTH_SCO_HEADSET
03-18 17:18:38.486 V/AudioPolicyManagerBase(15812): stringToEnum() found AUDIO_DEVICE_IN_WIRED_HEADSET
03-18 17:18:38.486 V/AudioPolicyManagerBase(15812): loadInput() adding input mSupportedDevices 1c0000
03-18 17:18:38.486 V/AudioPolicyManagerBase(15812): loadHwModules() loading module a2dp
03-18 17:18:38.486 V/AudioPolicyManagerBase(15812): loadHwModule() loading output a2dp
03-18 17:18:38.486 V/AudioPolicyManagerBase(15812): loadSamplingRates() adding rate 44100
03-18 17:18:38.486 V/AudioPolicyManagerBase(15812): loadOutChannels() AUDIO_CHANNEL_OUT_STEREO
03-18 17:18:38.486 V/AudioPolicyManagerBase(15812): stringToEnum() found AUDIO_CHANNEL_OUT_STEREO
03-18 17:18:38.486 V/AudioPolicyManagerBase(15812): stringToEnum() found AUDIO_FORMAT_PCM_16_BIT
03-18 17:18:38.486 V/AudioPolicyManagerBase(15812): stringToEnum() found AUDIO_DEVICE_OUT_ALL_A2DP
03-18 17:18:38.486 V/AudioPolicyManagerBase(15812): loadOutput() adding output mSupportedDevices 0380, mFlags 0000
03-18 17:18:38.486 V/AudioPolicyManagerBase(15812): loadHwModules() loading module hdmi
03-18 17:18:38.486 V/AudioPolicyManagerBase(15812): loadHwModule() loading output hdmi
03-18 17:18:38.486 V/AudioPolicyManagerBase(15812): loadSamplingRates() adding rate 48000
03-18 17:18:38.486 V/AudioPolicyManagerBase(15812): loadOutChannels() AUDIO_CHANNEL_OUT_STEREO
03-18 17:18:38.486 V/AudioPolicyManagerBase(15812): stringToEnum() found AUDIO_CHANNEL_OUT_STEREO
03-18 17:18:38.486 V/AudioPolicyManagerBase(15812): stringToEnum() found AUDIO_FORMAT_PCM_16_BIT
03-18 17:18:38.486 V/AudioPolicyManagerBase(15812): stringToEnum() found AUDIO_DEVICE_OUT_AUX_DIGITAL
03-18 17:18:38.486 V/AudioPolicyManagerBase(15812): loadOutput() adding output mSupportedDevices 0400, mFlags 0000
03-18 17:18:38.486 V/AudioPolicyManagerBase(15812): loadHwModule() loading output hdmi_direct
03-18 17:18:38.486 V/AudioPolicyManagerBase(15812): loadSamplingRates() adding rate 48000
03-18 17:18:38.486 V/AudioPolicyManagerBase(15812): loadSamplingRates() adding rate 44100
03-18 17:18:38.486 V/AudioPolicyManagerBase(15812): loadOutChannels() dynamic
03-18 17:18:38.486 V/AudioPolicyManagerBase(15812): stringToEnum() found AUDIO_FORMAT_PCM_16_BIT
03-18 17:18:38.486 V/AudioPolicyManagerBase(15812): stringToEnum() found AUDIO_DEVICE_OUT_AUX_DIGITAL
03-18 17:18:38.486 V/AudioPolicyManagerBase(15812): stringToEnum() found AUDIO_OUTPUT_FLAG_DIRECT
03-18 17:18:38.486 V/AudioPolicyManagerBase(15812): loadOutput() adding output mSupportedDevices 0400, mFlags 0001
03-18 17:18:38.486 V/AudioPolicyManagerBase(15812): loadHwModules() loading module usb
03-18 17:18:38.486 V/AudioPolicyManagerBase(15812): loadHwModule() loading output usb_accessory
03-18 17:18:38.486 V/AudioPolicyManagerBase(15812): loadSamplingRates() adding rate 44100
03-18 17:18:38.486 V/AudioPolicyManagerBase(15812): loadOutChannels() AUDIO_CHANNEL_OUT_STEREO
03-18 17:18:38.486 V/AudioPolicyManagerBase(15812): stringToEnum() found AUDIO_CHANNEL_OUT_STEREO
03-18 17:18:38.486 V/AudioPolicyManagerBase(15812): stringToEnum() found AUDIO_FORMAT_PCM_16_BIT
03-18 17:18:38.486 V/AudioPolicyManagerBase(15812): stringToEnum() found AUDIO_DEVICE_OUT_USB_ACCESSORY
03-18 17:18:38.486 V/AudioPolicyManagerBase(15812): loadOutput() adding output mSupportedDevices 2000, mFlags 0000
03-18 17:18:38.486 V/AudioPolicyManagerBase(15812): loadHwModule() loading output usb_device
03-18 17:18:38.486 V/AudioPolicyManagerBase(15812): loadSamplingRates() adding rate 44100
03-18 17:18:38.486 V/AudioPolicyManagerBase(15812): loadOutChannels() AUDIO_CHANNEL_OUT_STEREO
03-18 17:18:38.486 V/AudioPolicyManagerBase(15812): stringToEnum() found AUDIO_CHANNEL_OUT_STEREO
03-18 17:18:38.486 V/AudioPolicyManagerBase(15812): stringToEnum() found AUDIO_FORMAT_PCM_16_BIT
03-18 17:18:38.486 V/AudioPolicyManagerBase(15812): stringToEnum() found AUDIO_DEVICE_OUT_USB_DEVICE
03-18 17:18:38.486 V/AudioPolicyManagerBase(15812): loadOutput() adding output mSupportedDevices 4000, mFlags 0000
03-18 17:18:38.486 I/AudioPolicyManagerBase(15812): loadAudioPolicyConfig() loaded /system/etc/audio_policy.conf
03-18 17:18:38.486 V/AudioFlinger(15812): registerClient() client 0x41069be8, pid 15812
03-18 17:18:38.486 D/ALSAControl(15812): Opening Control
03-18 17:18:38.486 D/AndroidRuntime(15807): Calling main entry com.android.commands.am.Am
03-18 17:18:38.486 D/ALSAControl(15812): Opening Control passed mHandle = 0x415c9018
03-18 17:18:38.506 D/ALSAControl(15812): [Hardware.configuration.SSPI.1.index]=1
03-18 17:18:38.506 D/ALSAControl(15812): [Hardware.configuration.SSPI.2.index]=0
03-18 17:18:38.506 D/ALSAControl(15812): [Hardware.configuration.SSPI.3.index]=0
03-18 17:18:38.506 D/ALSAControl(15812): setting up MIC sections
03-18 17:18:38.506 D/ALSAControl(15812): MIC section 1: mic number 0=1
03-18 17:18:38.506 D/ALSAControl(15812): MIC section 1: mic number 1=4
03-18 17:18:38.506 D/ALSAControl(15812): micVal=1, 4, 0, 0, 0, 65564
03-18 17:18:38.506 D/ALSAControl(15812): MIC section 2: mic number 0=2
03-18 17:18:38.506 D/ALSAControl(15812): MIC section 2: mic number 1=4
03-18 17:18:38.506 D/ALSAControl(15812): micVal=2, 4, 0, 0, 0, 65564
03-18 17:18:38.506 D/ALSAControl(15812): MIC section 3: mic number 0=1
03-18 17:18:38.506 D/ALSAControl(15812): MIC section 3: mic number 1=4
03-18 17:18:38.506 D/ALSAControl(15812): micVal=1, 4, 0, 0, 0, 65564
03-18 17:18:38.506 D/ALSAControl(15812): MIC section 4: mic number 0=9
03-18 17:18:38.506 D/ALSAControl(15812): MIC section 4: mic number 1=4
03-18 17:18:38.506 D/ALSAControl(15812): micVal=9, 4, 0, 0, 0, 65564
03-18 17:18:38.506 D/ALSAControl(15812): MIC section 5: mic number 0=1
03-18 17:18:38.506 D/ALSAControl(15812): MIC section 5: mic number 1=4
03-18 17:18:38.506 D/ALSAControl(15812): micVal=1, 4, 0, 0, 0, 65564
03-18 17:18:38.506 D/AudioHardwareALSA(15812): Voice Volume min = 0, max = 5
03-18 17:18:38.506 D/AudioHardwareALSA(15812): FM Volume min = 0, max = 14
03-18 17:18:38.506 D/MiracastAudio(15812): Miracast Audio device - opened 13
03-18 17:18:38.506 D/brcm-tv-svc(  126): [registerListener]: registerListener() 0x418b8018, tid 328, calling tid 15812
03-18 17:18:38.506 D/brcm-tv-svc(  126): [listenerUser]: listenerUser(0) 0x418b8018, tid 7760, calling tid 15812
03-18 17:18:38.506 D/brcm-tv-hlp(  126): [HandleTVMsg]: processing message: TVMSG_APPLY_POWER_OFF_EXPLICIT, 0
03-18 17:18:38.506 I/AudioFlinger(15812): loadHwModule() Loaded primary audio interface from LEGACY Audio HW HAL (audio) handle 1
03-18 17:18:38.506 V/AudioFlinger(15812): openOutput(), module 1 Device 2, SamplingRate 48000, Format 1, Channels 3, flags 2
03-18 17:18:38.506 D/AudioHardwareALSA(15812): openOutputStream called for devices: 0x00000002 sampleRate = 48000
03-18 17:18:38.506 I/AudioHardwareALSA(15812): persist.debug.audio.pcmout2 = ON
03-18 17:18:38.506 D/ALSAModule(15812): open called for devices 00000002 in mode 0...
03-18 17:18:38.506 V/ALSAModule(15812): Set PLAYBACK PCM format to S16_LE (Signed 16 bit Little Endian)
03-18 17:18:38.506 V/ALSAModule(15812): Using 2 channels for PLAYBACK.
