03-18 17:18:54.461 I/DEBUG   (13275):          40f43d6c  00000000  
03-18 17:18:54.461 I/DEBUG   (13275):          40f43d70  00000000  
03-18 17:18:54.461 I/DEBUG   (13275):          40f43d74  00000000  
03-18 17:18:54.461 I/DEBUG   (13275):          40f43d78  00000000  
03-18 17:18:54.461 I/DEBUG   (13275):          40f43d7c  00000000  
03-18 17:18:54.461 I/DEBUG   (13275):          40f43d80  401c2390  
03-18 17:18:54.461 I/DEBUG   (13275):          40f43d84  00000078  
03-18 17:18:54.461 I/DEBUG   (13275):          40f43d88  00001008  
03-18 17:18:54.461 I/DEBUG   (13275):          40f43d8c  7ffffffe  
03-18 17:18:54.461 I/DEBUG   (13275):          40f43d90  0000100b  
03-18 17:18:54.461 I/DEBUG   (13275):          40f43d94  4018e50b  /system/lib/libc.so (dlmalloc+5326)
03-18 17:18:54.461 I/DEBUG   (13275):          40f43d98  00000000  
03-18 17:18:54.461 I/DEBUG   (13275):          40f43d9c  40c80237  /system/lib/libvchiq.so (vchiq_get_service_userdata+6)
03-18 17:18:54.461 I/DEBUG   (13275):          40f43da0  df0027ad  
03-18 17:18:54.461 I/DEBUG   (13275):          40f43da4  00000000  
03-18 17:18:54.461 I/DEBUG   (13275):     #00  40f43da8  00000000  
03-18 17:18:54.461 I/DEBUG   (13275):          40f43dac  40c8304c  
03-18 17:18:54.461 I/DEBUG   (13275):          40f43db0  00000007  
03-18 17:18:54.471 I/DEBUG   (13275):          40f43db4  40f43e30  
03-18 17:18:54.471 I/DEBUG   (13275):          40f43db8  40c8304c  
03-18 17:18:54.471 I/DEBUG   (13275):          40f43dbc  40f43e30  
03-18 17:18:54.471 I/DEBUG   (13275):          40f43dc0  40c8314c  
03-18 17:18:54.471 I/DEBUG   (13275):          40f43dc4  40f43e30  
03-18 17:18:54.471 I/DEBUG   (13275):          40f43dc8  40de970d  /system/vendor/lib/egl/libGLES_vc4.so
03-18 17:18:54.471 I/DEBUG   (13275):          40f43dcc  40c83010  
03-18 17:18:54.471 I/DEBUG   (13275):          40f43dd0  00000000  
03-18 17:18:54.471 I/DEBUG   (13275):          40f43dd4  40c7f9bb  /system/lib/libvchiq.so
03-18 17:18:54.471 I/DEBUG   (13275):     #01  40f43dd8  00000000  
03-18 17:18:54.471 I/DEBUG   (13275):          40f43ddc  00000000  
03-18 17:18:54.471 I/DEBUG   (13275):          40f43de0  00000000  
03-18 17:18:54.471 I/DEBUG   (13275):          40f43de4  00000000  
03-18 17:18:54.471 I/DEBUG   (13275):          40f43de8  00000000  
03-18 17:18:54.471 I/DEBUG   (13275):          40f43dec  40c81024  /system/lib/libvchiq.so
03-18 17:18:54.471 I/DEBUG   (13275):          40f43df0  40c80dd8  /system/lib/libvchiq.so
03-18 17:18:54.471 I/DEBUG   (13275):          40f43df4  40c83040  
03-18 17:18:54.471 I/DEBUG   (13275):          40f43df8  00000000  
03-18 17:18:54.471 I/DEBUG   (13275):          40f43dfc  00000008  
03-18 17:18:54.471 I/DEBUG   (13275):          40f43e00  40f43e30  
03-18 17:18:54.471 I/DEBUG   (13275):          40f43e04  00001000  
03-18 17:18:54.471 I/DEBUG   (13275):          40f43e08  00000008  
03-18 17:18:54.471 I/DEBUG   (13275):          40f43e0c  40f43e10  
03-18 17:18:54.471 I/DEBUG   (13275):          40f43e10  414281b0  [heap]
03-18 17:18:54.471 I/DEBUG   (13275):          40f43e14  414291b8  [heap]
03-18 17:18:54.471 I/DEBUG   (13275):          40f43e18  4142a1c0  [heap]
03-18 17:18:54.471 I/DEBUG   (13275):          40f43e1c  4142b1c8  [heap]
03-18 17:18:54.471 I/DEBUG   (13275):          40f43e20  4142c1d0  [heap]
03-18 17:18:54.471 I/DEBUG   (13275):          40f43e24  4142d1d8  [heap]
03-18 17:18:54.471 I/DEBUG   (13275):          40f43e28  4142e1e0  [heap]
03-18 17:18:54.471 I/DEBUG   (13275):          40f43e2c  4142f1e8  [heap]
03-18 17:18:54.471 I/DEBUG   (13275):          40f43e30  00000001  
03-18 17:18:54.471 I/DEBUG   (13275):          40f43e34  00000000  
03-18 17:18:54.471 I/DEBUG   (13275):          40f43e38  40c8314c  
03-18 17:18:54.471 I/DEBUG   (13275):          40f43e3c  00000000  
03-18 17:18:54.471 I/DEBUG   (13275):          40f43e40  00000000  
03-18 17:18:54.471 I/DEBUG   (13275):          40f43e44  00000000  
03-18 17:18:54.471 I/DEBUG   (13275):          40f43e48  00000000  
03-18 17:18:54.471 I/DEBUG   (13275):          40f43e4c  00000000  
03-18 17:18:54.471 I/DEBUG   (13275):          40f43e50  00000000  
03-18 17:18:54.471 I/DEBUG   (13275):          40f43e54  00000000  
03-18 17:18:54.471 I/DEBUG   (13275):          40f43e58  00000000  
03-18 17:18:54.471 I/DEBUG   (13275):          40f43e5c  00000000  
03-18 17:18:54.471 I/DEBUG   (13275):          40f43e60  00000000  
03-18 17:18:54.471 I/DEBUG   (13275):          40f43e64  00000000  
03-18 17:18:54.471 I/DEBUG   (13275):          40f43e68  00000000  
03-18 17:18:54.471 I/DEBUG   (13275):          40f43e6c  00000000  
03-18 17:18:54.471 I/DEBUG   (13275):          40f43e70  00000000  
03-18 17:18:54.471 I/DEBUG   (13275):          40f43e74  00000000  
03-18 17:18:54.471 I/DEBUG   (13275):          40f43e78  00000000  
03-18 17:18:54.471 I/DEBUG   (13275):          40f43e7c  00000000  
03-18 17:18:54.471 I/DEBUG   (13275):          40f43e80  00000000  
03-18 17:18:54.471 I/DEBUG   (13275):          40f43e84  00000000  
03-18 17:18:54.471 I/DEBUG   (13275):          40f43e88  00000000  
03-18 17:18:54.471 I/DEBUG   (13275):          40f43e8c  00000000  
03-18 17:18:54.471 I/DEBUG   (13275):          40f43e90  00000000  
03-18 17:18:54.471 I/DEBUG   (13275):          40f43e94  00000000  
03-18 17:18:54.471 I/DEBUG   (13275):          40f43e98  00000000  
03-18 17:18:54.471 I/DEBUG   (13275):          40f43e9c  00000000  
03-18 17:18:54.471 I/DEBUG   (13275):          40f43ea0  00000000  
03-18 17:18:54.471 I/DEBUG   (13275):          40f43ea4  00000000  
03-18 17:18:54.471 I/DEBUG   (13275):          40f43ea8  00000004  
03-18 17:18:54.471 I/DEBUG   (13275):          40f43eac  00000007  
03-18 17:18:54.471 I/DEBUG   (13275):          40f43eb0  00000000  
03-18 17:18:54.471 I/DEBUG   (13275):          40f43eb4  40c8304c  
03-18 17:18:54.471 I/DEBUG   (13275):          40f43eb8  00000000  
03-18 17:18:54.471 I/DEBUG   (13275):          40f43ebc  40c8304c  
03-18 17:18:54.471 I/DEBUG   (13275):          40f43ec0  00000078  
03-18 17:18:54.471 I/DEBUG   (13275):          40f43ec4  40c78645  /system/lib/libvcos.so
03-18 17:18:54.471 I/DEBUG   (13275):          40f43ec8  00100000  
03-18 17:18:54.471 I/DEBUG   (13275):          40f43ecc  40c8304c  
03-18 17:18:54.471 I/DEBUG   (13275):          40f43ed0  00000001  
03-18 17:18:54.471 I/DEBUG   (13275):          40f43ed4  40c7867d  /system/lib/libvcos.so
03-18 17:18:54.471 I/DEBUG   (13275):     #02  40f43ed8  00000000  
03-18 17:18:54.471 I/DEBUG   (13275):          40f43edc  41428170  [heap]
03-18 17:18:54.471 I/DEBUG   (13275):          40f43ee0  40f43ffc  
03-18 17:18:54.471 I/DEBUG   (13275):          40f43ee4  40f43f00  
03-18 17:18:54.471 I/DEBUG   (13275):          40f43ee8  40c78645  /system/lib/libvcos.so
03-18 17:18:54.471 I/DEBUG   (13275):          40f43eec  4018be64  /system/lib/libc.so (__thread_entry+52)
03-18 17:18:54.471 I/DEBUG   (13275): 
03-18 17:18:54.471 I/DEBUG   (13275): memory near r5:
03-18 17:18:54.471 I/DEBUG   (13275):     40c8312c 0012700b 00000000 0000000f 00000000  .p..............
03-18 17:18:54.471 I/DEBUG   (13275):     40c8313c 00000000 ffffffff 00000000 00000001  ................
03-18 17:18:54.471 I/DEBUG   (13275):     40c8314c 4b484e4d 40de970d 40e3a2b0 0012800c  MNHK...@...@....
03-18 17:18:54.471 I/DEBUG   (13275):     40c8315c 00000000 0000000f 00000000 00000000  ................
03-18 17:18:54.471 I/DEBUG   (13275):     40c8316c ffffffff 00000000 00000001 00000000  ................
03-18 17:18:54.471 I/DEBUG   (13275): 
03-18 17:18:54.471 I/DEBUG   (13275): memory near r8:
03-18 17:18:54.471 I/DEBUG   (13275):     40c82ff0 4018bf24 4018be6c 40c795e9 4019827d  $..@l..@...@}..@
03-18 17:18:54.471 I/DEBUG   (13275):     40c83000 00000001 00000000 00000000 00000000  ................
03-18 17:18:54.471 I/DEBUG   (13275):     40c83010 00000003 40c80ed6 00000000 00000001  .......@........
03-18 17:18:54.471 I/DEBUG   (13275):     40c83020 00000000 00000000 000000a0 00000000  ................
03-18 17:18:54.471 I/DEBUG   (13275):     40c83030 00000000 00000000 00000000 00000000  ................
03-18 17:18:54.471 I/DEBUG   (13275): 
03-18 17:18:54.471 I/DEBUG   (13275): memory near ip:
03-18 17:18:54.471 I/DEBUG   (13275):     40e35f64 40c7acdd 4018c330 40c7ac39 4018c084  ...@0..@9..@...@
03-18 17:18:54.471 I/DEBUG   (13275):     40e35f74 4018c154 4018c284 40c78b11 40c7acb1  T..@...@...@...@
03-18 17:18:54.471 I/DEBUG   (13275):     40e35f84 40c80231 40c80211 40c80909 40c7fbf9  1..@...@...@...@
03-18 17:18:54.471 I/DEBUG   (13275):     40e35f94 40c802fd 40c808d3 40c80985 40187bd4  ...@...@...@.{.@
03-18 17:18:54.471 I/DEBUG   (13275):     40e35fa4 400a0150 4009e3e8 400a46c0 400a2138  P..@...@.F.@8!.@
03-18 17:18:54.471 I/DEBUG   (13275): 
03-18 17:18:54.471 I/DEBUG   (13275): memory near sp:
03-18 17:18:54.471 I/DEBUG   (13275):     40f43d88 00001008 7ffffffe 0000100b 4018e50b  ...............@
03-18 17:18:54.471 I/DEBUG   (13275):     40f43d98 00000000 40c80237 df0027ad 00000000  ....7..@.'......
03-18 17:18:54.471 I/DEBUG   (13275):     40f43da8 00000000 40c8304c 00000007 40f43e30  ....L0.@....0>.@
03-18 17:18:54.471 I/DEBUG   (13275):     40f43db8 40c8304c 40f43e30 40c8314c 40f43e30  L0.@0>.@L1.@0>.@
03-18 17:18:54.471 I/DEBUG   (13275):     40f43dc8 40de970d 40c83010 00000000 40c7f9bb  ...@.0.@.......@
03-18 17:18:54.471 I/DEBUG   (13275): 
03-18 17:18:54.471 I/DEBUG   (13275): code around pc:
03-18 17:18:54.471 I/DEBUG   (13275):     40de9700 00050ae8 0004c200 00050ac8 43f0e92d  ............-..C
03-18 17:18:54.471 I/DEBUG   (13275):     40de9710 b0854607 46894610 f7e44616 4604edee  .F...F.F.F.....F
03-18 17:18:54.471 I/DEBUG   (13275):     40de9720 f8d06b45 483f8030 68034478 d9072b04  Ek..0.?HxD.h.+..
03-18 17:18:54.471 I/DEBUG   (13275):     40de9730 21054a3d 97004643 9601447a eb6cf7e4  =J.!CF..zD....l.
03-18 17:18:54.471 I/DEBUG   (13275):     40de9740 d8692f06 f007e8df 682d4b04 00396839  ./i......K-h9h9.
03-18 17:18:54.471 I/DEBUG   (13275): 
03-18 17:18:54.471 I/DEBUG   (13275): code around lr:
03-18 17:18:54.471 I/DEBUG   (13275):     40c80214 4603fb1f 6940b138 4109f24c e8bd68da  ...F8.@iL..A.h..
03-18 17:18:54.471 I/DEBUG   (13275):     40c80224 f0004008 f04fbca9 bd0830ff f7ffb508  .@....O..0......
03-18 17:18:54.471 I/DEBUG   (13275):     40c80234 b100fb0f bd086880 f7ffb508 b100fb09  .....h..........
03-18 17:18:54.471 I/DEBUG   (13275):     40c80244 bd086800 4c12b537 6824447c d11942a0  .h..7..L|D$h.B..
03-18 17:18:54.471 I/DEBUG   (13275):     40c80254 2b006863 e88ddd16 68200006 490b466a  ch.+...... hjF.I
03-18 17:18:54.571 I/DEBUG   (13275): unexpected waitpid response: n=15825, status=0000000b
03-18 17:18:54.571 I/DEBUG   (13275): ptrace detach from 15825 failed: No such process
03-18 17:18:54.571 I/DEBUG   (13275): debuggerd committing suicide to free the zombie!
03-18 17:18:54.571 I/DEBUG   (16204): debuggerd: Mar 13 2013 06:54:30
03-18 17:18:54.581 I/ServiceManager(  110): service 'media.audio_flinger' died
03-18 17:18:54.581 I/ServiceManager(  110): service 'media.player' died
03-18 17:18:54.581 I/ServiceManager(  110): service 'media.camera' died
03-18 17:18:54.581 I/ServiceManager(  110): service 'media.audio_policy' died
03-18 17:18:54.591 I/ServiceManager(  110): service 'sensorservice' died
03-18 17:18:54.591 I/ServiceManager(  110): service 'power' died
03-18 17:18:54.591 I/ServiceManager(  110): service 'entropy' died
03-18 17:18:54.591 I/Netd    (16206): Netd 1.0 starting
03-18 17:18:54.751 I/mediaserver(16207): ServiceManager: 0x41ad6dd8
03-18 17:18:54.751 I/AudioFlinger(16207): Using default 3000 mSec as standby time.
03-18 17:18:54.751 I/CameraService(16207): CameraService started (pid=16207)
03-18 17:18:54.771 I/SurfaceFlinger(16203): SurfaceFlinger is starting
03-18 17:18:54.771 D/AndroidRuntime(16205): 
03-18 17:18:54.771 D/AndroidRuntime(16205): >>>>>> AndroidRuntime START com.android.internal.os.ZygoteInit <<<<<<
03-18 17:18:54.771 D/AndroidRuntime(16205): CheckJNI is OFF
03-18 17:18:54.781 I/SurfaceFlinger(16203): SurfaceFlinger's main thread ready to run. Initializing graphics H/W...
03-18 17:18:54.781 I/brcm-gr (16203): status = 0, name= fb0
03-18 17:18:54.781 I/brcm-gr (16203): 'fake' framebuffer device reports
03-18 17:18:54.781 I/brcm-gr (16203): width        = 720 (250.000000 dpi)
03-18 17:18:54.781 I/brcm-gr (16203): height       = 1280 (250.000000 dpi)
03-18 17:18:54.781 I/brcm-gr (16203): format       = 1
03-18 17:18:54.781 I/brcm-gr (16203): refresh rate = 60.00 Hz
03-18 17:18:54.781 D/libEGL  (16203): loaded /vendor/lib/egl/libGLES_vc4.so
03-18 17:18:54.781 D/        (16203): SpyHook inactive - could not find libspyhook.so [Symbol not found: ] or not enabled (debug.egl.hw.spy = 0)
03-18 17:18:54.791 D/dalvikvm(16205): Trying to load lib libjavacore.so 0x0
03-18 17:18:54.801 D/dalvikvm(16205): Added shared lib libjavacore.so 0x0
03-18 17:18:54.801 V/BrcmCamera(16207): getMmalParameterCameraConfig: sCameraInfo[0].facing=back port_id=0 orientation=90 fixed_rotation=180 h_flip=0 v_flip=0 flash_type=1 lens_present=1 max_width=3264 max_height=2448 viewfinder_width=3264 viewfinder_height=2448 viewfinder_to_external=0
03-18 17:18:54.801 V/BrcmCamera(16207): getMmalParameterCameraConfig: sCameraInfo[0].exif_metadata_items[0].key="IFD0.Make" value="Broadcom"
03-18 17:18:54.801 V/BrcmCamera(16207): getMmalParameterCameraConfig: sCameraInfo[0].exif_metadata_items[1].key="IFD0.Model" value="BCM28155 Back"
03-18 17:18:54.811 D/dalvikvm(16205): Trying to load lib libnativehelper.so 0x0
03-18 17:18:54.811 D/dalvikvm(16205): Added shared lib libnativehelper.so 0x0
03-18 17:18:54.811 V/AudioPolicyManagerBase(16207): stringToEnum() found AUDIO_DEVICE_OUT_EARPIECE
03-18 17:18:54.811 V/AudioPolicyManagerBase(16207): stringToEnum() found AUDIO_DEVICE_OUT_SPEAKER
03-18 17:18:54.811 V/AudioPolicyManagerBase(16207): loadGlobalConfig() mAttachedOutputDevices 0003
03-18 17:18:54.811 V/AudioPolicyManagerBase(16207): stringToEnum() found AUDIO_DEVICE_OUT_SPEAKER
03-18 17:18:54.811 V/AudioPolicyManagerBase(16207): loadGlobalConfig() mDefaultOutputDevice 0002
03-18 17:18:54.811 V/AudioPolicyManagerBase(16207): stringToEnum() found AUDIO_DEVICE_IN_BUILTIN_MIC
03-18 17:18:54.811 V/AudioPolicyManagerBase(16207): loadGlobalConfig() mAvailableInputDevices 40000
03-18 17:18:54.811 V/AudioPolicyManagerBase(16207): loadHwModules() loading module primary
03-18 17:18:54.811 V/AudioPolicyManagerBase(16207): loadHwModule() loading output primary
03-18 17:18:54.811 V/AudioPolicyManagerBase(16207): loadSamplingRates() adding rate 48000
03-18 17:18:54.811 V/AudioPolicyManagerBase(16207): loadOutChannels() AUDIO_CHANNEL_OUT_STEREO
03-18 17:18:54.811 V/AudioPolicyManagerBase(16207): stringToEnum() found AUDIO_CHANNEL_OUT_STEREO
03-18 17:18:54.811 V/AudioPolicyManagerBase(16207): stringToEnum() found AUDIO_FORMAT_PCM_16_BIT
03-18 17:18:54.811 V/AudioPolicyManagerBase(16207): stringToEnum() found AUDIO_DEVICE_OUT_EARPIECE
03-18 17:18:54.811 V/AudioPolicyManagerBase(16207): stringToEnum() found AUDIO_DEVICE_OUT_SPEAKER
03-18 17:18:54.811 V/AudioPolicyManagerBase(16207): stringToEnum() found AUDIO_DEVICE_OUT_WIRED_HEADSET
03-18 17:18:54.811 V/AudioPolicyManagerBase(16207): stringToEnum() found AUDIO_DEVICE_OUT_WIRED_HEADPHONE
03-18 17:18:54.811 V/AudioPolicyManagerBase(16207): stringToEnum() found AUDIO_DEVICE_OUT_ALL_SCO
03-18 17:18:54.811 V/AudioPolicyManagerBase(16207): stringToEnum() found AUDIO_OUTPUT_FLAG_PRIMARY
03-18 17:18:54.811 V/AudioPolicyManagerBase(16207): loadOutput() adding output mSupportedDevices 007f, mFlags 0002
03-18 17:18:54.811 V/AudioPolicyManagerBase(16207): loadHwModule() loading output deep_buffer
03-18 17:18:54.811 V/AudioPolicyManagerBase(16207): loadSamplingRates() adding rate 44100
03-18 17:18:54.811 V/AudioPolicyManagerBase(16207): loadOutChannels() AUDIO_CHANNEL_OUT_STEREO
03-18 17:18:54.811 V/AudioPolicyManagerBase(16207): stringToEnum() found AUDIO_CHANNEL_OUT_STEREO
03-18 17:18:54.811 V/AudioPolicyManagerBase(16207): stringToEnum() found AUDIO_FORMAT_PCM_16_BIT
03-18 17:18:54.811 V/AudioPolicyManagerBase(16207): stringToEnum() found AUDIO_DEVICE_OUT_EARPIECE
03-18 17:18:54.811 V/AudioPolicyManagerBase(16207): stringToEnum() found AUDIO_DEVICE_OUT_SPEAKER
03-18 17:18:54.811 V/AudioPolicyManagerBase(16207): stringToEnum() found AUDIO_DEVICE_OUT_WIRED_HEADSET
03-18 17:18:54.811 V/AudioPolicyManagerBase(16207): stringToEnum() found AUDIO_DEVICE_OUT_WIRED_HEADPHONE
03-18 17:18:54.811 V/AudioPolicyManagerBase(16207): stringToEnum() found AUDIO_OUTPUT_FLAG_DEEP_BUFFER
03-18 17:18:54.811 V/AudioPolicyManagerBase(16207): loadOutput() adding output mSupportedDevices 000f, mFlags 0008
03-18 17:18:54.811 V/AudioPolicyManagerBase(16207): loadHwModule() loading output voip
03-18 17:18:54.811 V/AudioPolicyManagerBase(16207): loadSamplingRates() adding rate 16000
03-18 17:18:54.811 V/AudioPolicyManagerBase(16207): loadSamplingRates() adding rate 48000
03-18 17:18:54.811 V/AudioPolicyManagerBase(16207): loadOutChannels() AUDIO_CHANNEL_OUT_STEREO
03-18 17:18:54.811 V/AudioPolicyManagerBase(16207): stringToEnum() found AUDIO_CHANNEL_OUT_STEREO
03-18 17:18:54.811 V/AudioPolicyManagerBase(16207): stringToEnum() found AUDIO_FORMAT_PCM_16_BIT
03-18 17:18:54.811 V/AudioPolicyManagerBase(16207): stringToEnum() found AUDIO_DEVICE_OUT_EARPIECE
03-18 17:18:54.811 V/AudioPolicyManagerBase(16207): stringToEnum() found AUDIO_DEVICE_OUT_SPEAKER
03-18 17:18:54.811 V/AudioPolicyManagerBase(16207): stringToEnum() found AUDIO_DEVICE_OUT_WIRED_HEADSET
03-18 17:18:54.811 V/AudioPolicyManagerBase(16207): stringToEnum() found AUDIO_DEVICE_OUT_WIRED_HEADPHONE
03-18 17:18:54.811 V/AudioPolicyManagerBase(16207): stringToEnum() found AUDIO_DEVICE_OUT_ALL_SCO
03-18 17:18:54.811 V/AudioPolicyManagerBase(16207): loadOutput() adding output mSupportedDevices 007f, mFlags 0000
03-18 17:18:54.811 V/AudioPolicyManagerBase(16207): loadHwModule() loading input primary
03-18 17:18:54.811 V/AudioPolicyManagerBase(16207): loadSamplingRates() adding rate 8000
03-18 17:18:54.811 V/AudioPolicyManagerBase(16207): loadSamplingRates() adding rate 11025
03-18 17:18:54.811 V/AudioPolicyManagerBase(16207): loadSamplingRates() adding rate 16000
03-18 17:18:54.811 V/AudioPolicyManagerBase(16207): loadSamplingRates() adding rate 22050
03-18 17:18:54.811 V/AudioPolicyManagerBase(16207): loadSamplingRates() adding rate 24000
03-18 17:18:54.811 V/AudioPolicyManagerBase(16207): loadSamplingRates() adding rate 32000
03-18 17:18:54.811 V/AudioPolicyManagerBase(16207): loadSamplingRates() adding rate 44100
03-18 17:18:54.811 V/AudioPolicyManagerBase(16207): loadSamplingRates() adding rate 48000
03-18 17:18:54.811 V/AudioPolicyManagerBase(16207): loadInChannels() AUDIO_CHANNEL_IN_MONO
03-18 17:18:54.811 V/AudioPolicyManagerBase(16207): stringToEnum() found AUDIO_CHANNEL_IN_MONO
03-18 17:18:54.811 V/AudioPolicyManagerBase(16207): loadInChannels() adding channelMask 0010
03-18 17:18:54.811 V/AudioPolicyManagerBase(16207): stringToEnum() found AUDIO_CHANNEL_IN_STEREO
03-18 17:18:54.811 V/AudioPolicyManagerBase(16207): loadInChannels() adding channelMask 000c
03-18 17:18:54.811 V/AudioPolicyManagerBase(16207): stringToEnum() found AUDIO_FORMAT_PCM_16_BIT
03-18 17:18:54.811 V/AudioPolicyManagerBase(16207): stringToEnum() found AUDIO_DEVICE_IN_BUILTIN_MIC
03-18 17:18:54.811 V/AudioPolicyManagerBase(16207): stringToEnum() found AUDIO_DEVICE_IN_BLUETOOTH_SCO_HEADSET
03-18 17:18:54.811 V/AudioPolicyManagerBase(16207): stringToEnum() found AUDIO_DEVICE_IN_WIRED_HEADSET
03-18 17:18:54.811 V/AudioPolicyManagerBase(16207): stringToEnum() found AUDIO_DEVICE_IN_FM_RADIO_RX
03-18 17:18:54.811 V/AudioPolicyManagerBase(16207): stringToEnum() found AUDIO_DEVICE_IN_VOICE_CALL
03-18 17:18:54.811 V/AudioPolicyManagerBase(16207): loadInput() adding input mSupportedDevices 105c0000
03-18 17:18:54.811 V/AudioPolicyManagerBase(16207): loadHwModule() loading input voip
03-18 17:18:54.811 V/AudioPolicyManagerBase(16207): loadSamplingRates() adding rate 16000
03-18 17:18:54.811 V/AudioPolicyManagerBase(16207): loadInChannels() AUDIO_CHANNEL_IN_MONO
03-18 17:18:54.811 V/AudioPolicyManagerBase(16207): stringToEnum() found AUDIO_CHANNEL_IN_MONO
03-18 17:18:54.811 V/AudioPolicyManagerBase(16207): loadInChannels() adding channelMask 0010
03-18 17:18:54.811 V/AudioPolicyManagerBase(16207): stringToEnum() found AUDIO_FORMAT_PCM_16_BIT
03-18 17:18:54.811 V/AudioPolicyManagerBase(16207): stringToEnum() found AUDIO_FORMAT_VORBIS
03-18 17:18:54.811 V/AudioPolicyManagerBase(16207): stringToEnum() found AUDIO_DEVICE_IN_BUILTIN_MIC
03-18 17:18:54.811 V/AudioPolicyManagerBase(16207): stringToEnum() found AUDIO_DEVICE_IN_BLUETOOTH_SCO_HEADSET
03-18 17:18:54.811 V/AudioPolicyManagerBase(16207): stringToEnum() found AUDIO_DEVICE_IN_WIRED_HEADSET
03-18 17:18:54.811 V/AudioPolicyManagerBase(16207): loadInput() adding input mSupportedDevices 1c0000
03-18 17:18:54.811 V/AudioPolicyManagerBase(16207): loadHwModules() loading module a2dp
03-18 17:18:54.811 V/AudioPolicyManagerBase(16207): loadHwModule() loading output a2dp
03-18 17:18:54.811 V/AudioPolicyManagerBase(16207): loadSamplingRates() adding rate 44100
03-18 17:18:54.811 V/AudioPolicyManagerBase(16207): loadOutChannels() AUDIO_CHANNEL_OUT_STEREO
03-18 17:18:54.811 V/AudioPolicyManagerBase(16207): stringToEnum() found AUDIO_CHANNEL_OUT_STEREO
03-18 17:18:54.811 V/AudioPolicyManagerBase(16207): stringToEnum() found AUDIO_FORMAT_PCM_16_BIT
03-18 17:18:54.811 V/AudioPolicyManagerBase(16207): stringToEnum() found AUDIO_DEVICE_OUT_ALL_A2DP
03-18 17:18:54.811 V/AudioPolicyManagerBase(16207): loadOutput() adding output mSupportedDevices 0380, mFlags 0000
03-18 17:18:54.811 V/AudioPolicyManagerBase(16207): loadHwModules() loading module hdmi
03-18 17:18:54.811 V/AudioPolicyManagerBase(16207): loadHwModule() loading output hdmi
03-18 17:18:54.811 V/AudioPolicyManagerBase(16207): loadSamplingRates() adding rate 48000
03-18 17:18:54.811 V/AudioPolicyManagerBase(16207): loadOutChannels() AUDIO_CHANNEL_OUT_STEREO
03-18 17:18:54.811 V/AudioPolicyManagerBase(16207): stringToEnum() found AUDIO_CHANNEL_OUT_STEREO
03-18 17:18:54.811 V/AudioPolicyManagerBase(16207): stringToEnum() found AUDIO_FORMAT_PCM_16_BIT
03-18 17:18:54.811 V/AudioPolicyManagerBase(16207): stringToEnum() found AUDIO_DEVICE_OUT_AUX_DIGITAL
03-18 17:18:54.811 V/AudioPolicyManagerBase(16207): loadOutput() adding output mSupportedDevices 0400, mFlags 0000
03-18 17:18:54.811 V/AudioPolicyManagerBase(16207): loadHwModule() loading output hdmi_direct
03-18 17:18:54.811 V/AudioPolicyManagerBase(16207): loadSamplingRates() adding rate 48000
03-18 17:18:54.811 V/AudioPolicyManagerBase(16207): loadSamplingRates() adding rate 44100
03-18 17:18:54.811 V/AudioPolicyManagerBase(16207): loadOutChannels() dynamic
03-18 17:18:54.811 V/AudioPolicyManagerBase(16207): stringToEnum() found AUDIO_FORMAT_PCM_16_BIT
03-18 17:18:54.811 V/AudioPolicyManagerBase(16207): stringToEnum() found AUDIO_DEVICE_OUT_AUX_DIGITAL
03-18 17:18:54.811 V/AudioPolicyManagerBase(16207): stringToEnum() found AUDIO_OUTPUT_FLAG_DIRECT
03-18 17:18:54.811 V/AudioPolicyManagerBase(16207): loadOutput() adding output mSupportedDevices 0400, mFlags 0001
03-18 17:18:54.811 V/AudioPolicyManagerBase(16207): loadHwModules() loading module usb
03-18 17:18:54.811 V/AudioPolicyManagerBase(16207): loadHwModule() loading output usb_accessory
03-18 17:18:54.811 V/AudioPolicyManagerBase(16207): loadSamplingRates() adding rate 44100
03-18 17:18:54.811 V/AudioPolicyManagerBase(16207): loadOutChannels() AUDIO_CHANNEL_OUT_STEREO
03-18 17:18:54.811 V/AudioPolicyManagerBase(16207): stringToEnum() found AUDIO_CHANNEL_OUT_STEREO
03-18 17:18:54.811 V/AudioPolicyManagerBase(16207): stringToEnum() found AUDIO_FORMAT_PCM_16_BIT
03-18 17:18:54.811 V/AudioPolicyManagerBase(16207): stringToEnum() found AUDIO_DEVICE_OUT_USB_ACCESSORY
03-18 17:18:54.811 V/AudioPolicyManagerBase(16207): loadOutput() adding output mSupportedDevices 2000, mFlags 0000
03-18 17:18:54.811 V/AudioPolicyManagerBase(16207): loadHwModule() loading output usb_device
03-18 17:18:54.811 V/AudioPolicyManagerBase(16207): loadSamplingRates() adding rate 44100
03-18 17:18:54.811 V/AudioPolicyManagerBase(16207): loadOutChannels() AUDIO_CHANNEL_OUT_STEREO
03-18 17:18:54.811 V/AudioPolicyManagerBase(16207): stringToEnum() found AUDIO_CHANNEL_OUT_STEREO
03-18 17:18:54.811 V/AudioPolicyManagerBase(16207): stringToEnum() found AUDIO_FORMAT_PCM_16_BIT
03-18 17:18:54.811 V/AudioPolicyManagerBase(16207): stringToEnum() found AUDIO_DEVICE_OUT_USB_DEVICE
03-18 17:18:54.811 V/AudioPolicyManagerBase(16207): loadOutput() adding output mSupportedDevices 4000, mFlags 0000
03-18 17:18:54.811 I/AudioPolicyManagerBase(16207): loadAudioPolicyConfig() loaded /system/etc/audio_policy.conf
03-18 17:18:54.811 V/AudioFlinger(16207): registerClient() client 0x41adfbb0, pid 16207
03-18 17:18:54.811 D/ALSAControl(16207): Opening Control
03-18 17:18:54.811 D/ALSAControl(16207): Opening Control passed mHandle = 0x41ae1030
03-18 17:18:54.822 D/ALSAControl(16207): [Hardware.configuration.SSPI.1.index]=1
03-18 17:18:54.822 D/ALSAControl(16207): [Hardware.configuration.SSPI.2.index]=0
03-18 17:18:54.822 D/ALSAControl(16207): [Hardware.configuration.SSPI.3.index]=0
03-18 17:18:54.822 D/ALSAControl(16207): setting up MIC sections
03-18 17:18:54.822 D/ALSAControl(16207): MIC section 1: mic number 0=1
03-18 17:18:54.822 D/ALSAControl(16207): MIC section 1: mic number 1=4
03-18 17:18:54.822 D/ALSAControl(16207): micVal=1, 4, 0, 0, 0, 65564
03-18 17:18:54.822 D/ALSAControl(16207): MIC section 2: mic number 0=2
03-18 17:18:54.822 D/ALSAControl(16207): MIC section 2: mic number 1=4
03-18 17:18:54.822 D/ALSAControl(16207): micVal=2, 4, 0, 0, 0, 65564
03-18 17:18:54.822 D/ALSAControl(16207): MIC section 3: mic number 0=1
03-18 17:18:54.822 D/ALSAControl(16207): MIC section 3: mic number 1=4
03-18 17:18:54.822 D/ALSAControl(16207): micVal=1, 4, 0, 0, 0, 65564
03-18 17:18:54.822 D/ALSAControl(16207): MIC section 4: mic number 0=9
03-18 17:18:54.822 D/ALSAControl(16207): MIC section 4: mic number 1=4
03-18 17:18:54.822 D/ALSAControl(16207): micVal=9, 4, 0, 0, 0, 65564
03-18 17:18:54.822 D/ALSAControl(16207): MIC section 5: mic number 0=1
03-18 17:18:54.822 D/ALSAControl(16207): MIC section 5: mic number 1=4
03-18 17:18:54.822 D/ALSAControl(16207): micVal=1, 4, 0, 0, 0, 65564
03-18 17:18:54.822 D/AudioHardwareALSA(16207): Voice Volume min = 0, max = 5
03-18 17:18:54.822 D/AudioHardwareALSA(16207): FM Volume min = 0, max = 14
03-18 17:18:54.822 D/MiracastAudio(16207): Miracast Audio device - opened 13
03-18 17:18:54.832 D/brcm-tv-svc(  126): [registerListener]: registerListener() 0x418b7f80, tid 126, calling tid 16207
03-18 17:18:54.832 D/brcm-tv-svc(  126): [listenerUser]: listenerUser(0) 0x418b7f80, tid 7760, calling tid 16207
03-18 17:18:54.832 D/brcm-tv-hlp(  126): [HandleTVMsg]: processing message: TVMSG_APPLY_POWER_OFF_EXPLICIT, 0
03-18 17:18:54.832 I/AudioFlinger(16207): loadHwModule() Loaded primary audio interface from LEGACY Audio HW HAL (audio) handle 1
03-18 17:18:54.832 V/AudioFlinger(16207): openOutput(), module 1 Device 2, SamplingRate 48000, Format 1, Channels 3, flags 2
03-18 17:18:54.832 D/AudioHardwareALSA(16207): openOutputStream called for devices: 0x00000002 sampleRate = 48000
03-18 17:18:54.832 I/AudioHardwareALSA(16207): persist.debug.audio.pcmout2 = ON
03-18 17:18:54.832 D/ALSAModule(16207): open called for devices 00000002 in mode 0...
03-18 17:18:54.832 V/ALSAModule(16207): Set PLAYBACK PCM format to S16_LE (Signed 16 bit Little Endian)
03-18 17:18:54.832 V/ALSAModule(16207): Using 2 channels for PLAYBACK.
03-18 17:18:54.832 V/ALSAModule(16207): Set device 0 sample rate to 48000 HZ
03-18 17:18:54.832 V/ALSAModule(16207): Buffer size: 2048
03-18 17:18:54.832 V/ALSAModule(16207): Latency: 42666
03-18 17:18:54.832 V/ALSAModule(16207): Period Size: 1024
03-18 17:18:54.832 D/ALSAModule(16207): startThreshold=2048 stopThreshold=2048
03-18 17:18:54.832 I/ALSAModule(16207): Initialized ALSA PLAYBACK device pcmout1
03-18 17:18:54.832 I/AudioHardwareALSA(16207): persist.audio.pcmout2.sweq = ON
03-18 17:18:54.832 D/AudioHardwareALSA(16207): ALSAStreamOps::set channel=3
03-18 17:18:54.832 D/AudioHardwareALSA(16207): ALSAStreamOps::set rate=48000
03-18 17:18:54.832 D/AudioHardwareALSA(16207): ALSAStreamOps::set format=1 
03-18 17:18:54.832 V/AudioFlinger(16207): openOutput() openOutputStream returned output 0x41aea7c0, SamplingRate 48000, Format 1, Channels 3, status 0
03-18 17:18:54.832 I/AudioHardwareALSA(16207):  CFG_AUD_BUF bufferSize =4096 P
03-18 17:18:54.832 I/AudioFlinger(16207): HAL output buffer size 1024 frames, normal mix buffer size 1024 frames
03-18 17:18:54.832 V/AudioFlinger(16207): MixerThread() id=2 device=2 type=0
03-18 17:18:54.832 V/AudioFlinger(16207): mSampleRate=48000, mChannelMask=3, mChannelCount=2, mFormat=1, mFrameSize=4, mFrameCount=1024, mNormalFrameCount=1024
03-18 17:18:54.832 I/AudioMixer(16207): found effect "Multichannel Downmix To Stereo" from The Android Open Source Project
03-18 17:18:54.832 I/AudioHardwareALSA(16207):  CFG_AUD_BUF bufferSize =4096 P
03-18 17:18:54.832 V/AudioFlinger(16207): openOutput() created mixer output: ID 2 thread 0x41aef5d0
03-18 17:18:54.832 V/AudioFlinger(16207): PlaybackThread::audioConfigChanged_l, thread 0x41aef5d0, event 0, param 0
03-18 17:18:54.832 I/AudioFlinger(16207): Using module 1 has the primary audio interface
03-18 17:18:54.832 V/AudioPolicyManagerBase(16207): setOutputDevice() output 2 device 0002 delayMs 0
03-18 17:18:54.832 V/AudioPolicyManagerBase(16207): setOutputDevice() prevDevice 0002
03-18 17:18:54.832 V/AudioPolicyManagerBase(16207): setStreamMute() unmuting non muted stream!
03-18 17:18:54.832 V/AudioPolicyManagerBase(16207): setStreamMute() unmuting non muted stream!
03-18 17:18:54.832 V/AudioPolicyManagerBase(16207): setStreamMute() unmuting non muted stream!
03-18 17:18:54.832 V/AudioPolicyManagerBase(16207): setStreamMute() unmuting non muted stream!
03-18 17:18:54.832 V/AudioPolicyManagerBase(16207): setStreamMute() unmuting non muted stream!
03-18 17:18:54.832 V/AudioPolicyManagerBase(16207): setStreamMute() unmuting non muted stream!
03-18 17:18:54.832 V/AudioPolicyManagerBase(16207): setStreamMute() unmuting non muted stream!
03-18 17:18:54.832 V/AudioPolicyManagerBase(16207): setStreamMute() unmuting non muted stream!
03-18 17:18:54.832 V/AudioPolicyManagerBase(16207): setStreamMute() unmuting non muted stream!
03-18 17:18:54.832 V/AudioPolicyManagerBase(16207): setStreamMute() unmuting non muted stream!
03-18 17:18:54.832 V/AudioPolicyManagerBase(16207): setOutputDevice() changing device
03-18 17:18:54.832 I/AudioFlinger(16207): AudioFlinger's thread 0x41aef5d0 ready to run
03-18 17:18:54.832 W/AudioFlinger(16207): Thread AudioOut_2 cannot connect to the power manager service
03-18 17:18:54.832 V/AudioFlinger(16207): Audio hardware entering standby, mixer 0x41aef5d0, suspend count 0
03-18 17:18:54.832 I/AudioHardwareALSA(16207): dump.audio.pcm = OFF
03-18 17:18:54.832 V/AudioHardwareALSA(16207): Data Dump is disabled
03-18 17:18:54.832 V/AudioFlinger(16207): thread 0x41aef5d0 type 0 TID 16241 going to sleep
03-18 17:18:54.842 V/AudioFlinger(16207): setParameters(): io 2, keyvalue routing=2, tid 16236, calling pid 16207
03-18 17:18:54.842 V/AudioFlinger(16207): ThreadBase::setParameters() routing=2
03-18 17:18:54.842 V/AudioFlinger(16207): thread 0x41aef5d0 type 0 TID 16241 waking up
03-18 17:18:54.852 W/AudioFlinger(16207): Thread AudioOut_2 cannot connect to the power manager service
03-18 17:18:54.852 V/AudioHardwareALSA(16207): setParameters() routing=2 for playback rate=48000 modechanging=0 mode=0
03-18 17:18:54.852 D/AudioHardwareALSA(16207): ALSAStreamOps mParent->mModeChanging = 0
03-18 17:18:54.852 D/AudioHardwareALSA(16207): setParameters() VoiceOnCounter 0 device 2 curDev 2, , wait for mLock_voiceOn...
03-18 17:18:54.852 D/AudioHardwareALSA(16207): setParameters() get mLock_voiceOn
03-18 17:18:54.852 V/AudioPolicyManagerBase(16207): checkAndSetVolume() cannot set stream 6 volume with force use = 0 for comm
03-18 17:18:54.852 V/AudioFlinger(16207): openOutput(), module 1 Device 2, SamplingRate 44100, Format 1, Channels 3, flags 8
03-18 17:18:54.852 D/AudioHardwareALSA(16207): openOutputStream called for devices: 0x00000002 sampleRate = 44100
03-18 17:18:54.852 I/AudioHardwareALSA(16207): persist.debug.audio.pcmout2 = ON
03-18 17:18:54.852 D/AudioHardwareALSA(16207): openOutputStream Unexpected mpOutput=0x41aeae58
03-18 17:18:54.852 V/AudioFlinger(16207): openOutput() openOutputStream returned output 0x0, SamplingRate 44100, Format 1, Channels 3, status -22
03-18 17:18:54.852 V/AudioFlinger(16207): openOutput(), module 1 Device 2, SamplingRate 16000, Format 1, Channels 3, flags 0
03-18 17:18:54.852 D/AudioHardwareALSA(16207): openOutputStream called for devices: 0x00000002 sampleRate = 16000
03-18 17:18:54.852 D/AudioHardwareALSA(16207): openOutputStream Allocate VoIP stream for format 1 channels 3 samplerate 16000 
03-18 17:18:54.852 D/VoIP_DBG(16207): codec type is 4 mBlkSize=640
03-18 17:18:54.852 D/VoIP_DBG(16207): AudioStreamOutVoIP::open 1
03-18 17:18:54.852 D/VoIP_DBG(16207): AudioStreamOutVoIP::AudioStreamOutVoIP
03-18 17:18:54.852 I/VoIP_DBG(16207): AudioStreamOutVoIP:sampleRate 48000
03-18 17:18:54.852 V/AudioFlinger(16207): openOutput() openOutputStream returned output 0x41af9a40, SamplingRate 48000, Format 1, Channels 3, status 0
03-18 17:18:54.852 I/VoIP_DBG(16207): AudioStreamOutVoIP:sampleRate 48000
03-18 17:18:54.852 I/AudioFlinger(16207): HAL output buffer size 960 frames, normal mix buffer size 960 frames
03-18 17:18:54.852 V/AudioFlinger(16207): MixerThread() id=4 device=2 type=0
03-18 17:18:54.852 V/AudioFlinger(16207): mSampleRate=48000, mChannelMask=3, mChannelCount=2, mFormat=1, mFrameSize=4, mFrameCount=960, mNormalFrameCount=960
03-18 17:18:54.852 I/AudioMixer(16207): found effect "Multichannel Downmix To Stereo" from The Android Open Source Project
03-18 17:18:54.852 I/VoIP_DBG(16207): AudioStreamOutVoIP:sampleRate 48000
03-18 17:18:54.852 V/AudioFlinger(16207): openOutput() created mixer output: ID 4 thread 0x41afb708
03-18 17:18:54.852 V/AudioFlinger(16207): PlaybackThread::audioConfigChanged_l, thread 0x41afb708, event 0, param 0
03-18 17:18:54.852 V/AudioPolicyManagerBase(16207): setOutputDevice() output 4 device 0002 delayMs 0
03-18 17:18:54.852 V/AudioPolicyManagerBase(16207): setOutputDevice() prevDevice 0002
03-18 17:18:54.852 V/AudioPolicyManagerBase(16207): setStreamMute() unmuting non muted stream!
03-18 17:18:54.852 V/AudioPolicyManagerBase(16207): setStreamMute() unmuting non muted stream!
03-18 17:18:54.852 V/AudioPolicyManagerBase(16207): setStreamMute() unmuting non muted stream!
03-18 17:18:54.852 V/AudioPolicyManagerBase(16207): setStreamMute() unmuting non muted stream!
03-18 17:18:54.852 V/AudioPolicyManagerBase(16207): setStreamMute() unmuting non muted stream!
03-18 17:18:54.852 V/AudioPolicyManagerBase(16207): setStreamMute() unmuting non muted stream!
03-18 17:18:54.852 V/AudioPolicyManagerBase(16207): setStreamMute() unmuting non muted stream!
03-18 17:18:54.852 V/AudioPolicyManagerBase(16207): setStreamMute() unmuting non muted stream!
03-18 17:18:54.852 V/AudioPolicyManagerBase(16207): setStreamMute() unmuting non muted stream!
03-18 17:18:54.852 V/AudioPolicyManagerBase(16207): setStreamMute() unmuting non muted stream!
03-18 17:18:54.852 V/AudioPolicyManagerBase(16207): setStreamMute() unmuting non muted stream!
03-18 17:18:54.852 V/AudioPolicyManagerBase(16207): setStreamMute() unmuting non muted stream!
03-18 17:18:54.852 V/AudioPolicyManagerBase(16207): setStreamMute() unmuting non muted stream!
03-18 17:18:54.852 V/AudioPolicyManagerBase(16207): setStreamMute() unmuting non muted stream!
03-18 17:18:54.852 V/AudioPolicyManagerBase(16207): setOutputDevice() changing device
03-18 17:18:54.852 V/AudioFlinger(16207): setParameters(): io 4, keyvalue routing=2, tid 16236, calling pid 16207
03-18 17:18:54.852 V/AudioFlinger(16207): ThreadBase::setParameters() routing=2
03-18 17:18:54.852 I/AudioFlinger(16207): AudioFlinger's thread 0x41afb708 ready to run
03-18 17:18:54.852 W/AudioFlinger(16207): Thread AudioOut_4 cannot connect to the power manager service
03-18 17:18:54.852 V/VoIP_DBG(16207): AudioStreamOutVoIP setParameters() routing=2
03-18 17:18:54.852 V/AudioFlinger(16207): Audio hardware entering standby, mixer 0x41afb708, suspend count 0
03-18 17:18:54.852 D/VoIP_DBG(16207): AudioStreamOutVoIP::standby--pause
03-18 17:18:54.852 V/AudioFlinger(16207): thread 0x41afb708 type 0 TID 16249 going to sleep
03-18 17:18:54.852 V/AudioPolicyManagerBase(16207): checkAndSetVolume() cannot set stream 6 volume with force use = 0 for comm
03-18 17:18:54.852 I/AudioFlinger(16207): loadHwModule() Loaded a2dp audio interface from A2DP Audio HW HAL (audio) handle 5
03-18 17:18:54.852 D/audio_hw_hdmi(16207): CAPRI HDMI audio HW HAL name=audio_hw_if
03-18 17:18:54.872 D/brcm-tv-svc(  126): [registerListener]: registerListener() 0x418b8018, tid 328, calling tid 16207
03-18 17:18:54.872 D/audio_hw_hdmi(16207): [notify]: notify received: msg=2, ext1=2, ext2=0
03-18 17:18:54.872 D/audio_hw_hdmi(16207): [notify]: disabling audio over hdmi capability...
03-18 17:18:54.872 D/audio_hw_hdmi(16207): [adev_open]: registering tv-service listener
03-18 17:18:54.872 I/AudioFlinger(16207): loadHwModule() Loaded hdmi audio interface from CAPRI HDMI audio HW HAL (audio) handle 6
03-18 17:18:54.872 I/AudioFlinger(16207): loadHwModule() Loaded usb audio interface from USB audio HW HAL (audio) handle 7
03-18 17:18:54.872 V/AudioPolicyManagerBase(16207): setSystemProperty() property ro.camera.sound.forced, value 0
03-18 17:18:54.872 V/AudioPolicyManagerBase(16207): ENFORCED_AUDIBLE can be muted
03-18 17:18:54.872 I/AudioPolicyService(16207): Loaded audio policy from LEGACY Audio Policy HAL (audio_policy)
03-18 17:18:54.962 E/BandwidthController(16206): runIptablesCmd(): failed /system/bin/iptables -t raw -N bw_raw_PREROUTING res=256
03-18 17:18:54.962 E/BandwidthController(16206): runIptablesCmd(): failed /system/bin/ip6tables -t raw -N bw_raw_PREROUTING res=256
03-18 17:18:54.962 I/dalvikvm(16205): System server process 16298 has been created
03-18 17:18:54.972 I/SamplingProfilerIntegration(16205): Profiling disabled.
03-18 17:18:54.972 I/Zygote  (16205): Preloading classes...
03-18 17:18:54.972 D/dalvikvm(16205): WAIT_FOR_CONCURRENT_GC blocked 0ms
03-18 17:18:54.982 D/dalvikvm(16205): GC_EXPLICIT freed 40K, 91% free 417K/4352K, paused 1ms+0ms, total 4ms
03-18 17:18:54.992 D/dalvikvm(16205): WAIT_FOR_CONCURRENT_GC blocked 0ms
03-18 17:18:54.992 I/SamplingProfilerIntegration(16298): Profiling disabled.
03-18 17:18:54.992 D/dalvikvm(16298): WAIT_FOR_CONCURRENT_GC blocked 0ms
03-18 17:18:54.992 D/dalvikvm(16205): GC_EXPLICIT freed 4K, 89% free 482K/4352K, paused 0ms+0ms, total 3ms
03-18 17:18:55.002 W/Zygote  (16205): Class not found for preloading: android.animation.ValueAnimator$2
03-18 17:18:55.002 W/Zygote  (16205): Class not found for preloading: android.animation.ValueAnimator$3
03-18 17:18:55.002 W/Zygote  (16205): Class not found for preloading: android.animation.ValueAnimator$4
03-18 17:18:55.002 W/Zygote  (16205): Class not found for preloading: android.animation.ValueAnimator$5
03-18 17:18:55.012 D/dalvikvm(16205): WAIT_FOR_CONCURRENT_GC blocked 0ms
03-18 17:18:55.012 D/dalvikvm(16205): GC_EXPLICIT freed 25K, 89% free 517K/4352K, paused 0ms+0ms, total 3ms
03-18 17:18:55.022 I/sysproc (16298): Entered system_init()
03-18 17:18:55.022 I/sysproc (16298): System server: failed to verify idmap file(s) for framework-res.apk.
03-18 17:18:55.022 I/sysproc (16298): ServiceManager: 0x59ac3ef8
03-18 17:18:55.022 D/SensorService(16298): nuSensorService starting...
03-18 17:18:55.022 D/Sensors (16298): sensors_poll_context_t 
03-18 17:18:55.022 D/dalvikvm(16205): WAIT_FOR_CONCURRENT_GC blocked 0ms
03-18 17:18:55.032 D/dalvikvm(16205): GC_EXPLICIT freed 26K, 88% free 545K/4352K, paused 1ms+1ms, total 4ms
03-18 17:18:55.032 D/dalvikvm(16205): WAIT_FOR_CONCURRENT_GC blocked 0ms
03-18 17:18:55.042 D/dalvikvm(16205): GC_EXPLICIT freed 14K, 87% free 587K/4352K, paused 0ms+1ms, total 4ms
03-18 17:18:55.042 W/Zygote  (16205): Class not found for preloading: android.content.res.Resources$1
03-18 17:18:55.052 W/Zygote  (16205): Class not found for preloading: android.database.sqlite.SQLiteCompiledSql
03-18 17:18:55.052 D/dalvikvm(16205): WAIT_FOR_CONCURRENT_GC blocked 0ms
03-18 17:18:55.062 D/dalvikvm(16205): GC_EXPLICIT freed 28K, 87% free 614K/4419K, paused 0ms+0ms, total 4ms
03-18 17:18:55.062 W/Zygote  (16205): Class not found for preloading: android.database.sqlite.SQLiteDatabase$DatabaseReentrantLock
03-18 17:18:55.082 D/dalvikvm(16205): WAIT_FOR_CONCURRENT_GC blocked 0ms
03-18 17:18:55.092 D/dalvikvm(16205): GC_EXPLICIT freed 31K, 86% free 638K/4419K, paused 1ms+0ms, total 4ms
03-18 17:18:55.102 D/TextLayoutCache(16205): Using debug level = 0 - Debug Enabled = 0
03-18 17:18:55.102 D/MDnsDS  (16206): MDnsSdListener::Hander starting up
03-18 17:18:55.102 D/MDnsDS  (16206): MDnsSdListener starting to monitor
03-18 17:18:55.102 D/MDnsDS  (16206): Going to poll with pollCount 1
03-18 17:18:55.112 W/Zygote  (16205): Class not found for preloading: android.media.AudioManager$2
03-18 17:18:55.152 I/dalvikvm(16205): threadid=1: recursive native library load attempt (/system/lib/libmedia_jni.so)
03-18 17:18:55.152 D/MtpDeviceJNI(16205): register_android_mtp_MtpDevice
03-18 17:18:55.152 I/dalvikvm(16205): threadid=1: recursive native library load attempt (/system/lib/libmedia_jni.so)
03-18 17:18:55.152 I/dalvikvm(16205): threadid=1: recursive native library load attempt (/system/lib/libmedia_jni.so)
03-18 17:18:55.152 D/dalvikvm(16205): WAIT_FOR_CONCURRENT_GC blocked 0ms
03-18 17:18:55.162 D/dalvikvm(16205): GC_EXPLICIT freed 16K, 85% free 676K/4419K, paused 1ms+0ms, total 4ms
03-18 17:18:55.162 W/Zygote  (16205): Class not found for preloading: android.media.IRemoteControlClientDispatcher
03-18 17:18:55.162 W/Zygote  (16205): Class not found for preloading: android.media.IRemoteControlClientDispatcher$Stub
03-18 17:18:55.162 D/dalvikvm(16205): WAIT_FOR_CONCURRENT_GC blocked 0ms
03-18 17:18:55.172 D/dalvikvm(16205): GC_EXPLICIT freed 15K, 84% free 720K/4483K, paused 0ms+0ms, total 4ms
03-18 17:18:55.242 D/dalvikvm(16205): GC_FOR_ALLOC freed 249K, 80% free 1025K/4995K, paused 7ms, total 7ms
03-18 17:18:55.252 D/dalvikvm(16205): WAIT_FOR_CONCURRENT_GC blocked 0ms
03-18 17:18:55.262 D/dalvikvm(16205): GC_EXPLICIT freed 45K, 79% free 1067K/4995K, paused 0ms+0ms, total 7ms
03-18 17:18:55.272 W/Zygote  (16205): Class not found for preloading: android.os.Power
03-18 17:18:55.272 D/dalvikvm(16205): WAIT_FOR_CONCURRENT_GC blocked 0ms
03-18 17:18:55.282 D/dalvikvm(16205): GC_EXPLICIT freed 28K, 79% free 1094K/4995K, paused 1ms+1ms, total 7ms
03-18 17:18:55.282 D/dalvikvm(16205): WAIT_FOR_CONCURRENT_GC blocked 0ms
03-18 17:18:55.292 D/dalvikvm(16205): GC_EXPLICIT freed 8K, 78% free 1148K/4995K, paused 1ms+0ms, total 8ms
03-18 17:18:55.312 D/dalvikvm(16205): WAIT_FOR_CONCURRENT_GC blocked 0ms
03-18 17:18:55.312 D/dalvikvm(16205): GC_EXPLICIT freed 25K, 77% free 1190K/5059K, paused 1ms+1ms, total 8ms
03-18 17:18:55.342 D/dalvikvm(16205): WAIT_FOR_CONCURRENT_GC blocked 0ms
03-18 17:18:55.352 D/dalvikvm(16205): GC_EXPLICIT freed 24K, 72% free 1492K/5251K, paused 1ms+1ms, total 11ms
03-18 17:18:55.352 W/Zygote  (16205): Class not found for preloading: android.text.TextDirectionHeuristics$CharCount
03-18 17:18:55.352 W/Zygote  (16205): Class not found for preloading: android.text.method.WordIterator$1
03-18 17:18:55.362 D/dalvikvm(16205): WAIT_FOR_CONCURRENT_GC blocked 0ms
03-18 17:18:55.382 D/dalvikvm(16205): GC_EXPLICIT freed 34K, 72% free 1530K/5315K, paused 1ms+2ms, total 11ms
03-18 17:18:55.382 W/Zygote  (16205): Class not found for preloading: android.view.InputHandler
03-18 17:18:55.382 W/Zygote  (16205): Class not found for preloading: android.view.InputQueue$FinishedCallback
03-18 17:18:55.382 D/dalvikvm(16205): WAIT_FOR_CONCURRENT_GC blocked 0ms
03-18 17:18:55.402 D/dalvikvm(16205): GC_EXPLICIT freed 34K, 71% free 1550K/5315K, paused 1ms+2ms, total 11ms
03-18 17:18:55.402 W/Zygote  (16205): Class not found for preloading: android.view.ViewRootImpl$3
03-18 17:18:55.452 I/dalvikvm(16205): threadid=1: recursive native library load attempt (/system/lib/libwebcore.so)
03-18 17:18:55.452 D/dalvikvm(16205): No JNI_OnLoad found in /system/lib/libchromium_net.so 0x0, skipping init
03-18 17:18:55.462 D/dalvikvm(16205): WAIT_FOR_CONCURRENT_GC blocked 0ms
03-18 17:18:55.472 D/dalvikvm(16205): GC_EXPLICIT freed 27K, 71% free 1596K/5379K, paused 1ms+1ms, total 11ms
03-18 17:18:55.492 W/Zygote  (16205): Class not found for preloading: android.widget.EdgeGlow
03-18 17:18:55.512 D/dalvikvm(16205): WAIT_FOR_CONCURRENT_GC blocked 0ms
03-18 17:18:55.532 D/dalvikvm(16205): GC_EXPLICIT fr