--------- beginning of /dev/log/system
03-18 16:21:14.458 D/BatteryService(  412): mAcOnlinefalsemUsbOnline:truemBatteryStatus 2
03-18 16:21:14.458 D/ActivityManager(  412): mBatteryStatusReceiver, action=android.intent.action.BATTERY_CHANGED
03-18 16:21:14.458 D/ActivityManager(  412): mBatteryStatusReceiver, plugged=2, mBatteryStatusPlugged=2, fakeShutdownMode=false
03-18 16:21:14.768 D/BatteryService(  412): mAcOnlinefalsemUsbOnline:truemBatteryStatus 2
03-18 16:21:14.768 D/BatteryService(  412): mBatteryLevel58isPowered():trueActivityManagerNative.isSystemReady():true
03-18 16:21:14.778 D/BatteryService(  412): mAcOnlinefalsemUsbOnline:truemBatteryStatus 2
03-18 16:21:14.778 D/ActivityManager(  412): mBatteryStatusReceiver, action=android.intent.action.BATTERY_CHANGED
03-18 16:21:14.778 D/ActivityManager(  412): mBatteryStatusReceiver, plugged=2, mBatteryStatusPlugged=2, fakeShutdownMode=false
03-18 16:21:14.818 D/PhoneStatusBar( 1641): addNotification score=-20
03-18 16:21:14.828 D/BatteryService(  412): mAcOnlinefalsemUsbOnline:truemBatteryStatus 2
03-18 16:21:14.828 D/BatteryService(  412): mBatteryLevel58isPowered():trueActivityManagerNative.isSystemReady():true
03-18 16:21:14.838 D/BatteryService(  412): mAcOnlinefalsemUsbOnline:truemBatteryStatus 2
03-18 16:21:14.838 D/ActivityManager(  412): mBatteryStatusReceiver, action=android.intent.action.BATTERY_CHANGED
03-18 16:21:14.838 D/ActivityManager(  412): mBatteryStatusReceiver, plugged=2, mBatteryStatusPlugged=2, fakeShutdownMode=false
03-18 16:21:14.918 D/BatteryService(  412): mAcOnlinefalsemUsbOnline:truemBatteryStatus 2
03-18 16:21:14.918 D/BatteryService(  412): mBatteryLevel58isPowered():trueActivityManagerNative.isSystemReady():true
03-18 16:21:14.918 D/BatteryService(  412): mAcOnlinefalsemUsbOnline:truemBatteryStatus 2
03-18 16:21:14.918 D/ActivityManager(  412): mBatteryStatusReceiver, action=android.intent.action.BATTERY_CHANGED
03-18 16:21:14.918 D/ActivityManager(  412): mBatteryStatusReceiver, plugged=2, mBatteryStatusPlugged=2, fakeShutdownMode=false
03-18 16:21:14.968 D/PhoneStatusBar( 1641): addNotification score=-10
03-18 16:21:22.766 W/MountService(  412): getVolumeState(/storage/sdcard0/external_sd): Unknown volume
03-18 16:21:22.766 W/MountService(  412): getVolumeState(/mnt/sdcard-ext): Unknown volume
03-18 16:21:22.766 W/MountService(  412): getVolumeState(/mnt/ext_sdcard): Unknown volume
03-18 16:21:22.766 W/MountService(  412): getVolumeState(/mnt/sdcard2): Unknown volume
03-18 16:21:22.766 W/MountService(  412): getVolumeState(/mnt/emmc): Unknown volume
03-18 16:21:22.766 W/MountService(  412): getVolumeState(/mnt/extSdCard): Unknown volume
03-18 16:21:22.766 W/MountService(  412): getVolumeState(/mnt/sdcard/SD_CARD): Unknown volume
03-18 16:21:22.766 W/MountService(  412): getVolumeState(/mnt/sdcard/extra_sd): Unknown volume
03-18 16:21:22.766 W/MountService(  412): getVolumeState(/mnt/extrasd_bind): Unknown volume
03-18 16:21:22.766 W/MountService(  412): getVolumeState(/mnt/sdcard/ext_sd): Unknown volume
03-18 16:21:22.766 W/MountService(  412): getVolumeState(/storage/extSdCard): Unknown volume
03-18 16:21:22.766 W/MountService(  412): getVolumeState(/storage/sdcard1): Unknown volume
03-18 16:21:22.766 W/MountService(  412): getVolumeState(/mnt/sdcard/external_SD): Unknown volume
03-18 16:21:22.766 W/MountService(  412): getVolumeState(/mnt/sdcard/external_sd): Unknown volume
03-18 16:21:22.796 W/MountService(  412): getVolumeState(/storage/sdcard0/external_sd): Unknown volume
03-18 16:21:22.796 W/MountService(  412): getVolumeState(/mnt/sdcard-ext): Unknown volume
03-18 16:21:22.796 W/MountService(  412): getVolumeState(/mnt/ext_sdcard): Unknown volume
03-18 16:21:22.796 W/MountService(  412): getVolumeState(/mnt/sdcard2): Unknown volume
03-18 16:21:22.796 W/MountService(  412): getVolumeState(/mnt/emmc): Unknown volume
03-18 16:21:22.796 W/MountService(  412): getVolumeState(/mnt/extSdCard): Unknown volume
03-18 16:21:22.796 W/MountService(  412): getVolumeState(/mnt/sdcard/SD_CARD): Unknown volume
03-18 16:21:22.796 W/MountService(  412): getVolumeState(/mnt/sdcard/extra_sd): Unknown volume
03-18 16:21:22.796 W/MountService(  412): getVolumeState(/mnt/extrasd_bind): Unknown volume
03-18 16:21:22.796 W/MountService(  412): getVolumeState(/mnt/sdcard/ext_sd): Unknown volume
03-18 16:21:22.796 W/MountService(  412): getVolumeState(/storage/extSdCard): Unknown volume
03-18 16:21:22.796 W/MountService(  412): getVolumeState(/storage/sdcard1): Unknown volume
03-18 16:21:22.796 W/MountService(  412): getVolumeState(/mnt/sdcard/external_SD): Unknown volume
03-18 16:21:22.796 W/MountService(  412): getVolumeState(/mnt/sdcard/external_sd): Unknown volume
03-18 16:21:22.956 D/PhoneStatusBar( 1641): addNotification score=0
03-18 16:21:23.307 I/ActivityManager(  412): START {act=com.qihoo360.daemon.pcdaemon.ACTION_START_UI2 flg=0x10000000 cmp=com.qihoo.appstore/.activities.MainActivity u=0} from pid 5557
03-18 16:21:23.467 I/ActivityManager(  412): Start proc com.qihoo.appstore for activity com.qihoo.appstore/.activities.MainActivity: pid=5568 uid=10057 gids={3003, 1015, 3002, 1006, 3001, 1028}
03-18 16:21:23.547 I/ActivityManager(  412): Config changed: {1.0 460mcc0mnc zh_CN sw360dp w360dp h620dp nrml long port finger -keyb/v/h -nav/h s.25}
03-18 16:21:24.237 W/MountService(  412): getVolumeState(/storage/sdcard0/external_sd): Unknown volume
03-18 16:21:24.237 W/MountService(  412): getVolumeState(/mnt/sdcard-ext): Unknown volume
03-18 16:21:24.237 W/MountService(  412): getVolumeState(/mnt/ext_sdcard): Unknown volume
03-18 16:21:24.237 W/MountService(  412): getVolumeState(/mnt/sdcard2): Unknown volume
03-18 16:21:24.237 W/MountService(  412): getVolumeState(/mnt/emmc): Unknown volume
03-18 16:21:24.237 W/MountService(  412): getVolumeState(/mnt/extSdCard): Unknown volume
03-18 16:21:24.237 W/MountService(  412): getVolumeState(/mnt/sdcard/SD_CARD): Unknown volume
03-18 16:21:24.237 W/MountService(  412): getVolumeState(/mnt/sdcard/extra_sd): Unknown volume
03-18 16:21:24.237 W/MountService(  412): getVolumeState(/mnt/extrasd_bind): Unknown volume
03-18 16:21:24.237 W/MountService(  412): getVolumeState(/mnt/sdcard/ext_sd): Unknown volume
03-18 16:21:24.237 W/MountService(  412): getVolumeState(/storage/extSdCard): Unknown volume
03-18 16:21:24.237 W/MountService(  412): getVolumeState(/storage/sdcard1): Unknown volume
03-18 16:21:24.237 W/MountService(  412): getVolumeState(/mnt/sdcard/external_SD): Unknown volume
03-18 16:21:24.237 W/MountService(  412): getVolumeState(/mnt/sdcard/external_sd): Unknown volume
03-18 16:21:25.188 W/MountService(  412): getVolumeState(/storage/sdcard0/external_sd): Unknown volume
03-18 16:21:25.188 W/MountService(  412): getVolumeState(/mnt/sdcard-ext): Unknown volume
03-18 16:21:25.188 W/MountService(  412): getVolumeState(/mnt/ext_sdcard): Unknown volume
03-18 16:21:25.188 W/MountService(  412): getVolumeState(/mnt/sdcard2): Unknown volume
03-18 16:21:25.188 W/MountService(  412): getVolumeState(/mnt/emmc): Unknown volume
03-18 16:21:25.198 W/MountService(  412): getVolumeState(/mnt/extSdCard): Unknown volume
03-18 16:21:25.198 W/MountService(  412): getVolumeState(/mnt/sdcard/SD_CARD): Unknown volume
03-18 16:21:25.198 W/MountService(  412): getVolumeState(/mnt/sdcard/extra_sd): Unknown volume
03-18 16:21:25.198 W/MountService(  412): getVolumeState(/mnt/extrasd_bind): Unknown volume
03-18 16:21:25.198 W/MountService(  412): getVolumeState(/mnt/sdcard/ext_sd): Unknown volume
03-18 16:21:25.198 W/MountService(  412): getVolumeState(/storage/extSdCard): Unknown volume
03-18 16:21:25.198 W/MountService(  412): getVolumeState(/storage/sdcard1): Unknown volume
03-18 16:21:25.198 W/MountService(  412): getVolumeState(/mnt/sdcard/external_SD): Unknown volume
03-18 16:21:25.198 W/MountService(  412): getVolumeState(/mnt/sdcard/external_sd): Unknown volume
03-18 16:21:30.133 I/WindowState(  412): WIN DEATH: Window{414a3ee8 Toast paused=false}
03-18 16:21:30.133 I/ActivityManager(  412): Process com.qihoo.appstore (pid 5568) has died.
03-18 16:21:30.143 I/WindowState(  412): WIN DEATH: Window{41861a70 com.qihoo.appstore/com.qihoo.appstore.activities.MainActivity paused=true}
03-18 16:21:30.163 I/ActivityManager(  412): Config changed: {1.0 460mcc0mnc zh_CN sw360dp w640dp h340dp nrml long land finger -keyb/v/h -nav/h s.26}
03-18 16:21:30.273 W/InputMethodManagerService(  412): Got RemoteException sending setActive(false) notification to pid 5568 uid 10057
03-18 16:21:31.164 W/NotificationService(  412): Object died trying to hide notification android.app.ITransientNotification$Stub$Proxy@418b3658 in package com.qihoo.appstore
03-18 16:22:23.045 W/MountService(  412): getVolumeState(/storage/sdcard0/external_sd): Unknown volume
03-18 16:22:23.055 W/MountService(  412): getVolumeState(/mnt/sdcard-ext): Unknown volume
03-18 16:22:23.055 W/MountService(  412): getVolumeState(/mnt/ext_sdcard): Unknown volume
03-18 16:22:23.055 W/MountService(  412): getVolumeState(/mnt/sdcard2): Unknown volume
03-18 16:22:23.055 W/MountService(  412): getVolumeState(/mnt/emmc): Unknown volume
03-18 16:22:23.055 W/MountService(  412): getVolumeState(/mnt/extSdCard): Unknown volume
03-18 16:22:23.055 W/MountService(  412): getVolumeState(/mnt/sdcard/SD_CARD): Unknown volume
03-18 16:22:23.055 W/MountService(  412): getVolumeState(/mnt/sdcard/extra_sd): Unknown volume
03-18 16:22:23.055 W/MountService(  412): getVolumeState(/mnt/extrasd_bind): Unknown volume
03-18 16:22:23.055 W/MountService(  412): getVolumeState(/mnt/sdcard/ext_sd): Unknown volume
03-18 16:22:23.055 W/MountService(  412): getVolumeState(/storage/extSdCard): Unknown volume
03-18 16:22:23.055 W/MountService(  412): getVolumeState(/storage/sdcard1): Unknown volume
03-18 16:22:23.055 W/MountService(  412): getVolumeState(/mnt/sdcard/external_SD): Unknown volume
03-18 16:22:23.055 W/MountService(  412): getVolumeState(/mnt/sdcard/external_sd): Unknown volume
03-18 16:22:23.555 W/MountService(  412): getVolumeState(/storage/sdcard0/external_sd): Unknown volume
03-18 16:22:23.555 W/MountService(  412): getVolumeState(/mnt/sdcard-ext): Unknown volume
03-18 16:22:23.555 W/MountService(  412): getVolumeState(/mnt/ext_sdcard): Unknown volume
03-18 16:22:23.555 W/MountService(  412): getVolumeState(/mnt/sdcard2): Unknown volume
03-18 16:22:23.555 W/MountService(  412): getVolumeState(/mnt/emmc): Unknown volume
03-18 16:22:23.555 W/MountService(  412): getVolumeState(/mnt/extSdCard): Unknown volume
03-18 16:22:23.555 W/MountService(  412): getVolumeState(/mnt/sdcard/SD_CARD): Unknown volume
03-18 16:22:23.555 W/MountService(  412): getVolumeState(/mnt/sdcard/extra_sd): Unknown volume
03-18 16:22:23.555 W/MountService(  412): getVolumeState(/mnt/extrasd_bind): Unknown volume
03-18 16:22:23.555 W/MountService(  412): getVolumeState(/mnt/sdcard/ext_sd): Unknown volume
03-18 16:22:23.555 W/MountService(  412): getVolumeState(/storage/extSdCard): Unknown volume
03-18 16:22:23.555 W/MountService(  412): getVolumeState(/storage/sdcard1): Unknown volume
03-18 16:22:23.555 W/MountService(  412): getVolumeState(/mnt/sdcard/external_SD): Unknown volume
03-18 16:22:23.555 W/MountService(  412): getVolumeState(/mnt/sdcard/external_sd): Unknown volume
03-18 16:22:25.657 D/ConnectivityService(  412): ConnectivityChange for WIFI: DISCONNECTED/DISCONNECTED
03-18 16:22:25.657 D/ConnectivityService(  412): Attempting to switch to mobile
03-18 16:22:25.657 D/ConnectivityService(  412): Attempting to switch to BLUETOOTH_TETHER
03-18 16:22:25.657 D/ConnectivityService(  412): Attempting to switch to ETHERNET
03-18 16:22:25.657 D/ConnectivityService(  412): Attempting to switch to mobile2
03-18 16:22:25.667 D/ConnectivityService(  412): handleConnectivityChange: changed linkProperty[1]: doReset=true resetMask=3
03-18 16:22:25.667 D/ConnectivityService(  412):   curLp=InterfaceName: wlan0 LinkAddresses: [192.168.11.180/24,] Routes: [0.0.0.0/0 -> 192.168.11.1,] DnsAddresses: [192.168.11.1,] HttpProxy: [ProxyProperties.mHost == null] 
03-18 16:22:25.667 D/ConnectivityService(  412):   newLp= null
03-18 16:22:25.667 D/ConnectivityService(  412): Removing 192.168.11.1/32 -> 0.0.0.0 for interface wlan0
03-18 16:22:25.667 E/ConnectivityService(  412): Exception trying to remove a route: java.lang.IllegalStateException: command '123 interface route remove wlan0 default 192.168.11.1 32 0.0.0.0' failed with '400 123 Failed to remove route from default table (No such process)'
03-18 16:22:25.667 D/ConnectivityService(  412): Removing 0.0.0.0/0 -> 192.168.11.1 for interface wlan0
03-18 16:22:25.667 E/ConnectivityService(  412): Exception trying to remove a route: java.lang.IllegalStateException: command '124 interface route remove wlan0 default 0.0.0.0 0 192.168.11.1' failed with '400 124 Failed to remove route from default table (No such process)'
03-18 16:22:25.667 D/ConnectivityService(  412): resetConnections(wlan0, 3)
03-18 16:22:25.758 D/ConnectivityService(  412): resetting DNS cache for wlan0
03-18 16:22:25.758 D/ConnectivityService(  412): sendStickyBroadcast: action=android.net.conn.CONNECTIVITY_CHANGE_IMMEDIATE
03-18 16:22:25.758 D/ConnectivityService(  412): sendStickyBroadcastDelayed: delayMs=3000, action=android.net.conn.CONNECTIVITY_CHANGE
03-18 16:22:25.758 D/ConnectivityService(  412): ConnectivityChange for WIFI: DISCONNECTED/DISCONNECTED
03-18 16:22:25.768 D/NetworkPolicy(  412): setNetworkTemplateEnabled(): match rule = 1
03-18 16:22:25.778 D/ConnectivityService(  412): Attempting to switch to mobile
03-18 16:22:25.778 D/ConnectivityService(  412): Attempting to switch to BLUETOOTH_TETHER
03-18 16:22:25.778 D/ConnectivityService(  412): Attempting to switch to ETHERNET
03-18 16:22:25.778 D/ConnectivityService(  412): Attempting to switch to mobile2
03-18 16:22:25.778 D/ConnectivityService(  412): handleConnectivityChange: changed linkProperty[1]: doReset=true resetMask=3
03-18 16:22:25.778 D/ConnectivityService(  412):   curLp=null
03-18 16:22:25.778 D/ConnectivityService(  412):   newLp= null
03-18 16:22:25.778 D/ConnectivityService(  412): resetConnections(wlan0, 3)
03-18 16:22:25.878 D/ConnectivityService(  412): sendStickyBroadcast: action=android.net.conn.CONNECTIVITY_CHANGE_IMMEDIATE
03-18 16:22:25.878 D/ConnectivityService(  412): sendStickyBroadcastDelayed: delayMs=3000, action=android.net.conn.CONNECTIVITY_CHANGE
03-18 16:22:25.878 D/MobileDataStateTracker(  412): default: setPolicyDataEnable(enabled=true)
03-18 16:22:25.878 D/ConnectivityService(  412): reportNetworkCondition(1, 0)
03-18 16:22:25.878 D/ConnectivityService(  412): handleInetConditionChange: no active default network - ignore
03-18 16:22:25.928 D/NetworkPolicy(  412): setNetworkTemplateEnabled(): match rule = 1
03-18 16:22:25.928 D/MobileDataStateTracker(  412): default: setPolicyDataEnable(enabled=true)
03-18 16:22:25.938 D/NetworkPolicy(  412): setNetworkTemplateEnabled(): match rule = 1
03-18 16:22:25.938 D/MobileDataStateTracker(  412): default: setPolicyDataEnable(enabled=true)
03-18 16:22:25.948 D/NetworkPolicy(  412): setNetworkTemplateEnabled(): match rule = 1
03-18 16:22:25.948 D/MobileDataStateTracker(  412): default: setPolicyDataEnable(enabled=true)
03-18 16:22:27.709 D/ConnectivityService(  412): ConnectivityChange for WIFI: CONNECTING/OBTAINING_IPADDR
03-18 16:22:27.709 D/ConnectivityService(  412): ConnectivityChange for WIFI: CONNECTING/OBTAINING_IPADDR
03-18 16:22:28.750 D/ConnectivityService(  412): sendStickyBroadcast: action=android.net.conn.CONNECTIVITY_CHANGE
03-18 16:22:28.770 D/StatusBar.NetworkControllerDS( 1641): updateConnectivity: intent=Intent { act=android.net.conn.CONNECTIVITY_CHANGE flg=0x8000010 (has extras) }
03-18 16:22:28.770 D/StatusBar.NetworkControllerDS( 1641): updateConnectivity: networkInfo=null
03-18 16:22:28.770 D/StatusBar.NetworkControllerDS( 1641): updateConnectivity: connectionStatus=0
03-18 16:22:28.770 D/StatusBar.NetworkControllerDS( 1641): updateTelephonySignalStrength: !hasService()
03-18 16:22:28.861 I/ActivityManager(  412): Start proc com.aidufei.tvphonereflection for broadcast com.aidufei.tvphonereflection/.BootReceiver: pid=5664 uid=10047 gids={1015, 3003, 1028}
03-18 16:22:28.871 D/ConnectivityService(  412): sendStickyBroadcast: action=android.net.conn.CONNECTIVITY_CHANGE
03-18 16:22:28.871 D/StatusBar.NetworkControllerDS( 1641): updateConnectivity: intent=Intent { act=android.net.conn.CONNECTIVITY_CHANGE flg=0x8000010 (has extras) }
03-18 16:22:28.881 D/StatusBar.NetworkControllerDS( 1641): updateConnectivity: networkInfo=null
03-18 16:22:28.881 D/StatusBar.NetworkControllerDS( 1641): updateConnectivity: connectionStatus=0
03-18 16:22:28.881 D/StatusBar.NetworkControllerDS( 1641): updateTelephonySignalStrength: !hasService()
03-18 16:22:29.591 D/ConnectivityService(  412): ConnectivityChange for WIFI: CONNECTED/CONNECTED
03-18 16:22:29.591 D/ConnectivityService(  412): Setting TCP values: [524288,1048576,2097152,262144,524288,1048576] which comes from [net.tcp.buffersize.wifi]
03-18 16:22:29.601 D/ConnectivityService(  412): adding dns 192.168.1.1 for WIFI
03-18 16:22:29.601 D/ConnectivityService(  412): handleConnectivityChange: changed linkProperty[1]: doReset=false resetMask=0
03-18 16:22:29.601 D/ConnectivityService(  412):    curLp=null
03-18 16:22:29.601 D/ConnectivityService(  412):    newLp=InterfaceName: wlan0 LinkAddresses: [192.168.1.4/24,] Routes: [0.0.0.0/0 -> 192.168.1.1,] DnsAddresses: [192.168.1.1,] HttpProxy: [ProxyProperties.mHost == null] 
03-18 16:22:29.601 D/ConnectivityService(  412): Adding 192.168.1.1/32 -> 0.0.0.0 for interface wlan0
03-18 16:22:29.601 D/ConnectivityService(  412): Adding 0.0.0.0/0 -> 192.168.1.1 for interface wlan0
03-18 16:22:29.611 D/ConnectivityService(  412): resetting DNS cache for wlan0
03-18 16:22:29.611 D/ConnectivityService(  412): sendStickyBroadcast: action=android.net.conn.CONNECTIVITY_CHANGE_IMMEDIATE
03-18 16:22:29.611 D/ConnectivityService(  412): sendStickyBroadcastDelayed: delayMs=3000, action=android.net.conn.CONNECTIVITY_CHANGE
03-18 16:22:29.611 D/ConnectivityService(  412): ConnectivityChange for WIFI: CONNECTED/CONNECTED
03-18 16:22:29.611 D/ConnectivityService(  412): Setting TCP values: [524288,1048576,2097152,262144,524288,1048576] which comes from [net.tcp.buffersize.wifi]
03-18 16:22:29.611 D/NetworkPolicy(  412): setNetworkTemplateEnabled(): match rule = 1
03-18 16:22:29.621 D/ConnectivityService(  412): handleConnectivityChange: changed linkProperty[1]: doReset=false resetMask=0
03-18 16:22:29.621 D/ConnectivityService(  412):    curLp=InterfaceName: wlan0 LinkAddresses: [192.168.1.4/24,] Routes: [0.0.0.0/0 -> 192.168.1.1,] DnsAddresses: [192.168.1.1,] HttpProxy: [ProxyProperties.mHost == null] 
03-18 16:22:29.621 D/ConnectivityService(  412):    newLp=InterfaceName: wlan0 LinkAddresses: [192.168.1.4/24,] Routes: [0.0.0.0/0 -> 192.168.1.1,] DnsAddresses: [192.168.1.1,] HttpProxy: [ProxyProperties.mHost == null] 
03-18 16:22:29.621 D/ConnectivityService(  412): handleConnectivityChange: address are the same reset per doReset linkProperty[1]: resetMask=0
03-18 16:22:29.621 D/ConnectivityService(  412): sendStickyBroadcast: action=android.net.conn.CONNECTIVITY_CHANGE_IMMEDIATE
03-18 16:22:29.621 D/ConnectivityService(  412): sendStickyBroadcastDelayed: delayMs=3000, action=android.net.conn.CONNECTIVITY_CHANGE
03-18 16:22:29.621 D/MobileDataStateTracker(  412): default: setPolicyDataEnable(enabled=true)
03-18 16:22:29.631 D/NetworkPolicy(  412): setNetworkTemplateEnabled(): match rule = 1
03-18 16:22:29.631 D/MobileDataStateTracker(  412): default: setPolicyDataEnable(enabled=true)
03-18 16:22:29.641 D/NetworkPolicy(  412): setNetworkTemplateEnabled(): match rule = 1
03-18 16:22:29.641 D/MobileDataStateTracker(  412): default: setPolicyDataEnable(enabled=true)
03-18 16:22:29.651 D/NetworkPolicy(  412): setNetworkTemplateEnabled(): match rule = 1
03-18 16:22:29.651 D/MobileDataStateTracker(  412): default: setPolicyDataEnable(enabled=true)
03-18 16:22:30.602 D/ConnectivityService(  412): NetTransition Wakelock for WifiStateMachine released by timeout
03-18 16:22:32.614 D/ConnectivityService(  412): sendStickyBroadcast: action=android.net.conn.CONNECTIVITY_CHANGE
03-18 16:22:32.634 D/ConnectivityService(  412): sendStickyBroadcast: action=android.net.conn.CONNECTIVITY_CHANGE
03-18 16:22:32.634 D/StatusBar.NetworkControllerDS( 1641): updateConnectivity: intent=Intent { act=android.net.conn.CONNECTIVITY_CHANGE flg=0x8000010 (has extras) }
03-18 16:22:32.634 D/StatusBar.NetworkControllerDS( 1641): updateConnectivity: networkInfo=NetworkInfo: type: WIFI[], state: CONNECTED/CONNECTED, reason: (unspecified), extra: (none), roaming: false, failover: false, isAvailable: true
03-18 16:22:32.634 D/StatusBar.NetworkControllerDS( 1641): updateConnectivity: connectionStatus=0
03-18 16:22:32.634 D/StatusBar.NetworkControllerDS( 1641): updateTelephonySignalStrength: !hasService()
03-18 16:22:32.644 D/StatusBar.NetworkControllerDS( 1641): updateConnectivity: intent=Intent { act=android.net.conn.CONNECTIVITY_CHANGE flg=0x8000010 (has extras) }
03-18 16:22:32.644 D/StatusBar.NetworkControllerDS( 1641): updateConnectivity: networkInfo=NetworkInfo: type: WIFI[], state: CONNECTED/CONNECTED, reason: (unspecified), extra: (none), roaming: false, failover: false, isAvailable: true
03-18 16:22:32.644 D/StatusBar.NetworkControllerDS( 1641): updateConnectivity: connectionStatus=0
03-18 16:22:32.644 D/StatusBar.NetworkControllerDS( 1641): updateTelephonySignalStrength: !hasService()
03-18 16:22:32.834 I/ActivityManager(  412): Process com.aidufei.tvphonereflection (pid 5664) has died.
03-18 16:22:39.951 I/ActivityManager(  412): Config changed: {1.0 460mcc0mnc zh_CN sw360dp w360dp h620dp nrml long port finger -keyb/v/h -nav/h s.27}
03-18 16:22:44.596 I/ActivityManager(  412): START {cmp=com.aidufei.ott.activity/.ParticularActivity (has extras) u=0} from pid 2866
03-18 16:23:06.607 D/ConnectivityService(  412): getMobileDataEnabled returning false
03-18 16:23:06.677 D/PhoneStatusBar( 1641): disable: < expand icons alerts TICKER* system_info back home recent clock >
03-18 16:23:07.438 I/ActivityManager(  412): START {act=android.settings.SETTINGS flg=0x10000000 cmp=com.android.settings/.Settings u=0} from pid 1641
03-18 16:23:07.809 D/ConnectivityService(  412): getMobileDataEnabled returning false
03-18 16:23:07.849 D/PhoneStatusBar( 1641): disable: < expand icons alerts ticker* system_info back home recent clock >
03-18 16:23:09.080 I/ActivityManager(  412): START {act=android.intent.action.MAIN cmp=com.android.settings/.SubSettings (has extras) u=0} from pid 1920
03-18 16:23:12.773 D/ConnectivityService(  412): reportNetworkCondition(1, 0)
03-18 16:23:12.773 D/ConnectivityService(  412): handleInetConditionChange: net=1, condition=0,mActiveDefaultNetwork=1
03-18 16:23:12.773 D/ConnectivityService(  412): handleInetConditionChange: starting a change hold
03-18 16:23:15.776 D/ConnectivityService(  412): handleInetConditionHoldEnd: net=1, condition=0, published condition=0
03-18 16:23:15.776 D/ConnectivityService(  412): sendStickyBroadcast: action=android.net.conn.INET_CONDITION_ACTION
03-18 16:23:15.776 D/StatusBar.NetworkControllerDS( 1641): updateConnectivity: intent=Intent { act=android.net.conn.INET_CONDITION_ACTION flg=0x8000010 (has extras) }
03-18 16:23:15.786 D/StatusBar.NetworkControllerDS( 1641): updateConnectivity: networkInfo=NetworkInfo: type: WIFI[], state: CONNECTED/CONNECTED, reason: (unspecified), extra: (none), roaming: false, failover: false, isAvailable: true
03-18 16:23:15.786 D/StatusBar.NetworkControllerDS( 1641): updateConnectivity: connectionStatus=0
03-18 16:23:15.786 D/StatusBar.NetworkControllerDS( 1641): updateTelephonySignalStrength: !hasService()
03-18 16:23:23.063 W/MountService(  412): getVolumeState(/storage/sdcard0/external_sd): Unknown volume
03-18 16:23:23.063 W/MountService(  412): getVolumeState(/mnt/sdcard-ext): Unknown volume
03-18 16:23:23.063 W/MountService(  412): getVolumeState(/mnt/ext_sdcard): Unknown volume
03-18 16:23:23.063 W/MountService(  412): getVolumeState(/mnt/sdcard2): Unknown volume
03-18 16:23:23.073 W/MountService(  412): getVolumeState(/mnt/emmc): Unknown volume
03-18 16:23:23.073 W/MountService(  412): getVolumeState(/mnt/extSdCard): Unknown volume
03-18 16:23:23.073 W/MountService(  412): getVolumeState(/mnt/sdcard/SD_CARD): Unknown volume
03-18 16:23:23.073 W/MountService(  412): getVolumeState(/mnt/sdcard/extra_sd): Unknown volume
03-18 16:23:23.073 W/MountService(  412): getVolumeState(/mnt/extrasd_bind): Unknown volume
03-18 16:23:23.073 W/MountService(  412): getVolumeState(/mnt/sdcard/ext_sd): Unknown volume
03-18 16:23:23.073 W/MountService(  412): getVolumeState(/storage/extSdCard): Unknown volume
03-18 16:23:23.073 W/MountService(  412): getVolumeState(/storage/sdcard1): Unknown volume
03-18 16:23:23.073 W/MountService(  412): getVolumeState(/mnt/sdcard/external_SD): Unknown volume
03-18 16:23:23.073 W/MountService(  412): getVolumeState(/mnt/sdcard/external_sd): Unknown volume
03-18 16:23:23.404 W/MountService(  412): getVolumeState(/storage/sdcard0/external_sd): Unknown volume
03-18 16:23:23.404 W/MountService(  412): getVolumeState(/mnt/sdcard-ext): Unknown volume
03-18 16:23:23.404 W/MountService(  412): getVolumeState(/mnt/ext_sdcard): Unknown volume
03-18 16:23:23.404 W/MountService(  412): getVolumeState(/mnt/sdcard2): Unknown volume
03-18 16:23:23.404 W/MountService(  412): getVolumeState(/mnt/emmc): Unknown volume
03-18 16:23:23.404 W/MountService(  412): getVolumeState(/mnt/extSdCard): Unknown volume
03-18 16:23:23.414 W/MountService(  412): getVolumeState(/mnt/sdcard/SD_CARD): Unknown volume
03-18 16:23:23.414 W/MountService(  412): getVolumeState(/mnt/sdcard/extra_sd): Unknown volume
03-18 16:23:23.414 W/MountService(  412): getVolumeState(/mnt/extrasd_bind): Unknown volume
03-18 16:23:23.414 W/MountService(  412): getVolumeState(/mnt/sdcard/ext_sd): Unknown volume
03-18 16:23:23.414 W/MountService(  412): getVolumeState(/storage/extSdCard): Unknown volume
03-18 16:23:23.414 W/MountService(  412): getVolumeState(/storage/sdcard1): Unknown volume
03-18 16:23:23.414 W/MountService(  412): getVolumeState(/mnt/sdcard/external_SD): Unknown volume
03-18 16:23:23.414 W/MountService(  412): getVolumeState(/mnt/sdcard/external_sd): Unknown volume
03-18 16:23:36.146 D/ConnectivityService(  412): ConnectivityChange for WIFI: DISCONNECTED/DISCONNECTED
03-18 16:23:36.156 D/ConnectivityService(  412): Attempting to switch to mobile
03-18 16:23:36.156 D/ConnectivityService(  412): Attempting to switch to BLUETOOTH_TETHER
03-18 16:23:36.156 D/ConnectivityService(  412): Attempting to switch to ETHERNET
03-18 16:23:36.156 D/ConnectivityService(  412): Attempting to switch to mobile2
03-18 16:23:36.156 D/ConnectivityService(  412): handleConnectivityChange: changed linkProperty[1]: doReset=true resetMask=3
03-18 16:23:36.156 D/ConnectivityService(  412):   curLp=InterfaceName: wlan0 LinkAddresses: [192.168.1.4/24,] Routes: [0.0.0.0/0 -> 192.168.1.1,] DnsAddresses: [192.168.1.1,] HttpProxy: [ProxyProperties.mHost == null] 
03-18 16:23:36.156 D/ConnectivityService(  412):   newLp= null
03-18 16:23:36.156 D/ConnectivityService(  412): Removing 192.168.1.1/32 -> 0.0.0.0 for interface wlan0
03-18 16:23:36.156 E/ConnectivityService(  412): Exception trying to remove a route: java.lang.IllegalStateException: command '138 interface route remove wlan0 default 192.168.1.1 32 0.0.0.0' failed with '400 138 Failed to remove route from default table (No such process)'
03-18 16:23:36.156 D/ConnectivityService(  412): Removing 0.0.0.0/0 -> 192.168.1.1 for interface wlan0
03-18 16:23:36.156 E/ConnectivityService(  412): Exception trying to remove a route: java.lang.IllegalStateException: command '139 interface route remove wlan0 default 0.0.0.0 0 192.168.1.1' failed with '400 139 Failed to remove route from default table (No such process)'
03-18 16:23:36.156 D/ConnectivityService(  412): resetConnections(wlan0, 3)
03-18 16:23:36.256 D/ConnectivityService(  412): resetting DNS cache for wlan0
03-18 16:23:36.256 D/ConnectivityService(  412): sendStickyBroadcast: action=android.net.conn.CONNECTIVITY_CHANGE_IMMEDIATE
03-18 16:23:36.256 D/ConnectivityService(  412): sendStickyBroadcastDelayed: delayMs=3000, action=android.net.conn.CONNECTIVITY_CHANGE
03-18 16:23:36.266 D/ConnectivityService(  412): ConnectivityChange for WIFI: DISCONNECTED/DISCONNECTED
03-18 16:23:36.266 D/ConnectivityService(  412): Attempting to switch to mobile
03-18 16:23:36.266 D/ConnectivityService(  412): Attempting to switch to BLUETOOTH_TETHER
03-18 16:23:36.266 D/ConnectivityService(  412): Attempting to switch to ETHERNET
03-18 16:23:36.266 D/ConnectivityService(  412): Attempting to switch to mobile2
03-18 16:23:36.266 D/ConnectivityService(  412): handleConnectivityChange: changed linkProperty[1]: doReset=true resetMask=3
03-18 16:23:36.266 D/ConnectivityService(  412):   curLp=null
03-18 16:23:36.266 D/ConnectivityService(  412):   newLp= null
03-18 16:23:36.266 D/ConnectivityService(  412): resetConnections(wlan0, 3)
03-18 16:23:36.266 D/NetworkPolicy(  412): setNetworkTemplateEnabled(): match rule = 1
03-18 16:23:36.296 D/NetworkPolicy(  412): setNetworkTemplateEnabled(): match rule = 1
03-18 16:23:36.366 D/ConnectivityService(  412): sendStickyBroadcast: action=android.net.conn.CONNECTIVITY_CHANGE_IMMEDIATE
03-18 16:23:36.366 D/ConnectivityService(  412): sendStickyBroadcastDelayed: delayMs=3000, action=android.net.conn.CONNECTIVITY_CHANGE
03-18 16:23:36.366 D/MobileDataStateTracker(  412): default: setPolicyDataEnable(enabled=true)
03-18 16:23:36.366 D/MobileDataStateTracker(  412): default: setPolicyDataEnable(enabled=true)
03-18 16:23:36.366 D/NetworkPolicy(  412): setNetworkTemplateEnabled(): match rule = 1
03-18 16:23:36.376 D/MobileDataStateTracker(  412): default: setPolicyDataEnable(enabled=true)
03-18 16:23:36.376 D/NetworkPolicy(  412): setNetworkTemplateEnabled(): match rule = 1
03-18 16:23:36.386 D/MobileDataStateTracker(  412): default: setPolicyDataEnable(enabled=true)
03-18 16:23:36.997 D/ConnectivityService(  412): reportNetworkCondition(1, 0)
03-18 16:23:36.997 D/ConnectivityService(  412): handleInetConditionChange: no active default network - ignore
03-18 16:23:38.378 D/ConnectivityService(  412): ConnectivityChange for WIFI: CONNECTING/OBTAINING_IPADDR
03-18 16:23:38.378 D/ConnectivityService(  412): ConnectivityChange for WIFI: CONNECTING/OBTAINING_IPADDR
03-18 16:23:39.259 D/ConnectivityService(  412): sendStickyBroadcast: action=android.net.conn.CONNECTIVITY_CHANGE
03-18 16:23:39.259 D/StatusBar.NetworkControllerDS( 1641): updateConnectivity: intent=Intent { act=android.net.conn.CONNECTIVITY_CHANGE flg=0x8000010 (has extras) }
03-18 16:23:39.269 D/StatusBar.NetworkControllerDS( 1641): updateConnectivity: networkInfo=null
03-18 16:23:39.269 D/StatusBar.NetworkControllerDS( 1641): updateConnectivity: connectionStatus=0
03-18 16:23:39.269 D/StatusBar.NetworkControllerDS( 1641): updateTelephonySignalStrength: !hasService()
03-18 16:23:39.309 I/ActivityManager(  412): Start proc com.aidufei.tvphonereflection for broadcast com.aidufei.tvphonereflection/.BootReceiver: pid=5755 uid=10047 gids={1015, 3003, 1028}
03-18 16:23:39.359 D/ConnectivityService(  412): sendStickyBroadcast: action=android.net.conn.CONNECTIVITY_CHANGE
03-18 16:23:39.369 D/StatusBar.NetworkControllerDS( 1641): updateConnectivity: intent=Intent { act=android.net.conn.CONNECTIVITY_CHANGE flg=0x8000010 (has extras) }
03-18 16:23:39.369 D/StatusBar.NetworkControllerDS( 1641): updateConnectivity: networkInfo=null
03-18 16:23:39.369 D/StatusBar.NetworkControllerDS( 1641): updateConnectivity: connectionStatus=0
03-18 16:23:39.369 D/StatusBar.NetworkControllerDS( 1641): updateTelephonySignalStrength: !hasService()
03-18 16:23:47.267 D/ConnectivityService(  412): ConnectivityChange for WIFI: CONNECTED/CONNECTED
03-18 16:23:47.267 D/ConnectivityService(  412): Setting TCP values: [524288,1048576,2097152,262144,524288,1048576] which comes from [net.tcp.buffersize.wifi]
03-18 16:23:47.267 D/ConnectivityService(  412): adding dns 192.168.11.1 for WIFI
03-18 16:23:47.267 D/ConnectivityService(  412): handleConnectivityChange: changed linkProperty[1]: doReset=false resetMask=0
03-18 16:23:47.267 D/ConnectivityService(  412):    curLp=null
03-18 16:23:47.267 D/ConnectivityService(  412):    newLp=InterfaceName: wlan0 LinkAddresses: [192.168.11.177/24,] Routes: [0.0.0.0/0 -> 192.168.11.1,] DnsAddresses: [192.168.11.1,] HttpProxy: [ProxyProperties.mHost == null] 
03-18 16:23:47.267 D/ConnectivityService(  412): Adding 192.168.11.1/32 -> 0.0.0.0 for interface wlan0
03-18 16:23:47.277 D/ConnectivityService(  412): Adding 0.0.0.0/0 -> 192.168.11.1 for interface wlan0
03-18 16:23:47.277 D/ConnectivityService(  412): resetting DNS cache for wlan0
03-18 16:23:47.277 D/ConnectivityService(  412): sendStickyBroadcast: action=android.net.conn.CONNECTIVITY_CHANGE_IMMEDIATE
03-18 16:23:47.277 D/ConnectivityService(  412): sendStickyBroadcastDelayed: delayMs=3000, action=android.net.conn.CONNECTIVITY_CHANGE
03-18 16:23:47.277 D/ConnectivityService(  412): ConnectivityChange for WIFI: CONNECTED/CONNECTED
03-18 16:23:47.277 D/ConnectivityService(  412): Setting TCP values: [524288,1048576,2097152,262144,524288,1048576] which comes from [net.tcp.buffersize.wifi]
03-18 16:23:47.287 D/NetworkPolicy(  412): setNetworkTemplateEnabled(): match rule = 1
03-18 16:23:47.287 D/ConnectivityService(  412): handleConnectivityChange: changed linkProperty[1]: doReset=false resetMask=0
03-18 16:23:47.287 D/ConnectivityService(  412):    curLp=InterfaceName: wlan0 LinkAddresses: [192.168.11.177/24,] Routes: [0.0.0.0/0 -> 192.168.11.1,] DnsAddresses: [192.168.11.1,] HttpProxy: [ProxyProperties.mHost == null] 
03-18 16:23:47.287 D/ConnectivityService(  412):    newLp=InterfaceName: wlan0 LinkAddresses: [192.168.11.177/24,] Routes: [0.0.0.0/0 -> 192.168.11.1,] DnsAddresses: [192.168.11.1,] HttpProxy: [ProxyProperties.mHost == null] 
03-18 16:23:47.287 D/ConnectivityService(  412): handleConnectivityChange: address are the same reset per doReset linkProperty[1]: resetMask=0
03-18 16:23:47.287 D/ConnectivityService(  412): sendStickyBroadcast: action=android.net.conn.CONNECTIVITY_CHANGE_IMMEDIATE
03-18 16:23:47.287 D/ConnectivityService(  412): sendStickyBroadcastDelayed: delayMs=3000, action=android.net.conn.CONNECTIVITY_CHANGE
03-18 16:23:47.287 D/MobileDataStateTracker(  412): default: setPolicyDataEnable(enabled=true)
03-18 16:23:47.297 D/NetworkPolicy(  412): setNetworkTemplateEnabled(): match rule = 1
03-18 16:23:47.297 D/MobileDataStateTracker(  412): default: setPolicyDataEnable(enabled=true)
03-18 16:23:47.317 D/NetworkPolicy(  412): setNetworkTemplateEnabled(): match rule = 1
03-18 16:23:47.317 D/MobileDataStateTracker(  412): default: setPolicyDataEnable(enabled=true)
03-18 16:23:47.327 D/NetworkPolicy(  412): setNetworkTemplateEnabled(): match rule = 1
03-18 16:23:47.327 D/MobileDataStateTracker(  412): default: setPolicyDataEnable(enabled=true)
03-18 16:23:48.258 D/ConnectivityService(  412): NetTransition Wakelock for WifiStateMachine released by timeout
03-18 16:23:50.280 D/ConnectivityService(  412): sendStickyBroadcast: action=android.net.conn.CONNECTIVITY_CHANGE
03-18 16:23:50.280 D/StatusBar.NetworkControllerDS( 1641): updateConnectivity: intent=Intent { act=android.net.conn.CONNECTIVITY_CHANGE flg=0x8000010 (has extras) }
03-18 16:23:50.280 D/StatusBar.NetworkControllerDS( 1641): updateConnectivity: networkInfo=NetworkInfo: type: WIFI[], state: CONNECTED/CONNECTED, reason: (unspecified), extra: (none), roaming: false, failover: false, isAvailable: true
03-18 16:23:50.280 D/StatusBar.NetworkControllerDS( 1641): updateConnectivity: connectionStatus=0
03-18 16:23:50.280 D/StatusBar.NetworkControllerDS( 1641): updateTelephonySignalStrength: !hasService()
03-18 16:23:50.290 D/ConnectivityService(  412): sendStickyBroadcast: action=android.net.conn.CONNECTIVITY_CHANGE
03-18 16:23:50.290 D/StatusBar.NetworkControllerDS( 1641): updateConnectivity: intent=Intent { act=android.net.conn.CONNECTIVITY_CHANGE flg=0x8000010 (has extras) }
03-18 16:23:50.290 D/StatusBar.NetworkControllerDS( 1641): updateConnectivity: networkInfo=NetworkInfo: type: WIFI[], state: CONNECTED/CONNECTED, reason: (unspecified), extra: (none), roaming: false, failover: false, isAvailable: true
03-18 16:23:50.290 D/StatusBar.NetworkControllerDS( 1641): updateConnectivity: connectionStatus=0
03-18 16:23:50.290 D/StatusBar.NetworkControllerDS( 1641): updateTelephonySignalStrength: !hasService()
03-18 16:23:50.560 I/ActivityManager(  412): Process com.aidufei.tvphonereflection (pid 5755) has died.
03-18 16:24:09.489 D/ConnectivityService(  412): ConnectivityChange for WIFI: DISCONNECTED/DISCONNECTED
03-18 16:24:09.489 D/ConnectivityService(  412): Attempting to switch to mobile
03-18 16:24:09.489 D/ConnectivityService(  412): Attempting to switch to BLUETOOTH_TETHER
03-18 16:24:09.489 D/ConnectivityService(  412): Attempting to switch to ETHERNET
03-18 16:24:09.489 D/ConnectivityService(  412): Attempting to switch to mobile2
03-18 16:24:09.489 D/ConnectivityService(  412): handleConnectivityChange: changed linkProperty[1]: doReset=true resetMask=3
03-18 16:24:09.489 D/ConnectivityService(  412):   curLp=InterfaceName: wlan0 LinkAddresses: [192.168.11.177/24,] Routes: [0.0.0.0/0 -> 192.168.11.1,] DnsAddresses: [192.168.11.1,] HttpProxy: [ProxyProperties.mHost == null] 
03-18 16:24:09.489 D/ConnectivityService(  412):   newLp= null
03-18 16:24:09.489 D/ConnectivityService(  412): Removing 192.168.11.1/32 -> 0.0.0.0 for interface wlan0
03-18 16:24:09.489 E/ConnectivityService(  412): Exception trying to remove a route: java.lang.IllegalStateException: command '153 interface route remove wlan0 default 192.168.11.1 32 0.0.0.0' failed with '400 153 Failed to remove route from default table (No such process)'
03-18 16:24:09.499 D/ConnectivityService(  412): Removing 0.0.0.0/0 -> 192.168.11.1 for interface wlan0
03-18 16:24:09.499 E/ConnectivityService(  412): Exception trying to remove a route: java.lang.IllegalStateException: command '154 interface route remove wlan0 default 0.0.0.0 0 192.168.11.1' failed with '400 154 Failed to remove route from default table (No such process)'
03-18 16:24:09.499 D/ConnectivityService(  412): resetConnections(wlan0, 3)
03-18 16:24:09.599 D/ConnectivityService(  412): resetting DNS cache for wlan0
03-18 16:24:09.609 D/ConnectivityService(  412): sendStickyBroadcast: action=android.net.conn.CONNECTIVITY_CHANGE_IMMEDIATE
03-18 16:24:09.609 D/ConnectivityService(  412): sendStickyBroadcastDelayed: delayMs=3000, action=android.net.conn.CONNECTIVITY_CHANGE
03-18 16:24:09.609 D/ConnectivityService(  412): ConnectivityChange for WIFI: DISCONNECTED/DISCONNECTED
03-18 16:24:09.609 D/ConnectivityService(  412): Attempting to switch to mobile
03-18 16:24:09.609 D/ConnectivityService(  412): Attempting to switch to BLUETOOTH_TETHER
03-18 16:24:09.609 D/ConnectivityService(  412): Attempting to switch to ETHERNET
03-18 16:24:09.609 D/ConnectivityService(  412): Attempting to switch to mobile2
03-18 16:24:09.609 D/ConnectivityService(  412): handleConnectivityChange: changed linkProperty[1]: doReset=true resetMask=3
03-18 16:24:09.609 D/ConnectivityService(  412):   curLp=null
03-18 16:24:09.609 D/ConnectivityService(  412):   newLp= null
03-18 16:24:09.609 D/ConnectivityService(  412): resetConnections(wlan0, 3)
03-18 16:24:09.619 D/NetworkPolicy(  412): setNetworkTemplateEnabled(): match rule = 1
03-18 16:24:09.619 D/NetworkPolicy(  412): setNetworkTemplateEnabled(): match rule = 1
03-18 16:24:09.719 D/ConnectivityService(  412): sendStickyBroadcast: action=android.net.conn.CONNECTIVITY_CHANGE_IMMEDIATE
03-18 16:24:09.719 D/ConnectivityService(  412): sendStickyBroadcastDelayed: delayMs=3000, action=android.net.conn.CONNECTIVITY_CHANGE
03-18 16:24:09.719 D/MobileDataStateTracker(  412): default: setPolicyDataEnable(enabled=true)
03-18 16:24:09.719 D/NetworkPolicy(  412): setNetworkTemplateEnabled(): match rule = 1
03-18 16:24:09.729 D/MobileDataStateTracker(  412): default: setPolicyDataEnable(enabled=true)
03-18 16:24:09.729 D/MobileDataStateTracker(  412): default: setPolicyDataEnable(enabled=true)
03-18 16:24:09.729 D/NetworkPolicy(  412): setNetworkTemplateEnabled(): match rule = 1
03-18 16:24:09.729 D/MobileDataStateTracker(  412): default: setPolicyDataEnable(enabled=true)
03-18 16:24:10.360 D/ConnectivityService(  412): reportNetworkCondition(1, 0)
03-18 16:24:10.360 D/ConnectivityService(  412): handleInetConditionChange: no active default network - ignore
03-18 16:24:11.591 D/ConnectivityService(  412): ConnectivityChange for WIFI: CONNECTING/OBTAINING_IPADDR
03-18 16:24:11.591 D/ConnectivityService(  412): ConnectivityChange for WIFI: CONNECTING/OBTAINING_IPADDR
03-18 16:24:12.612 D/ConnectivityService(  412): sendStickyBroadcast: action=android.net.conn.CONNECTIVITY_CHANGE
03-18 16:24:12.622 D/StatusBar.NetworkControllerDS( 1641): updateConnectivity: intent=Intent { act=android.net.conn.CONNECTIVITY_CHANGE flg=0x8000010 (has extras) }
03-18 16:24:12.622 D/StatusBar.NetworkControllerDS( 1641): updateConnectivity: networkInfo=null
03-18 16:24:12.622 D/StatusBar.NetworkControllerDS( 1641): updateConnectivity: connectionStatus=0
03-18 16:24:12.622 D/StatusBar.NetworkControllerDS( 1641): updateTelephonySignalStrength: !hasService()
03-18 16:24:12.672 I/ActivityManager(  412): Start proc com.aidufei.tvphonereflection for broadcast com.aidufei.tvphonereflection/.BootReceiver: pid=5836 uid=10047 gids={1015, 3003, 1028}
03-18 16:24:12.722 D/ConnectivityService(  412): sendStickyBroadcast: action=android.net.conn.CONNECTIVITY_CHANGE
03-18 16:24:12.732 D/StatusBar.NetworkControllerDS( 1641): updateConnectivity: intent=Intent { act=android.net.conn.CONNECTIVITY_CHANGE flg=0x8000010 (has extras) }
03-18 16:24:12.732 D/StatusBar.NetworkControllerDS( 1641): updateConnectivity: networkInfo=null
03-18 16:24:12.732 D/StatusBar.NetworkControllerDS( 1641): updateConnectivity: connectionStatus=0
03-18 16:24:12.732 D/StatusBar.NetworkControllerDS( 1641): updateTelephonySignalStrength: !hasService()
03-18 16:24:15.645 D/ConnectivityService(  412): ConnectivityChange for WIFI: DISCONNECTED/DISCONNECTED
03-18 16:24:15.645 D/ConnectivityService(  412): Attempting to switch to mobile
03-18 16:24:15.645 D/ConnectivityService(  412): Attempting to switch to BLUETOOTH_TETHER
03-18 16:24:15.645 D/ConnectivityService(  412): Attempting to switch to ETHERNET
03-18 16:24:15.645 D/ConnectivityService(  412): Attempting to switch to mobile2
03-18 16:24:15.645 D/ConnectivityService(  412): handleConnectivityChange: changed linkProperty[1]: doReset=true resetMask=3
03-18 16:24:15.645 D/ConnectivityService(  412):   curLp=null
03-18 16:24:15.645 D/ConnectivityService(  412):   newLp= null
03-18 16:24:15.645 D/ConnectivityService(  412): sendStickyBroadcast: action=android.net.conn.CONNECTIVITY_CHANGE_IMMEDIATE
03-18 16:24:15.645 D/ConnectivityService(  412): sendStickyBroadcastDelayed: delayMs=3000, action=android.net.conn.CONNECTIVITY_CHANGE
03-18 16:24:15.645 D/ConnectivityService(  412): ConnectivityChange for WIFI: DISCONNECTED/DISCONNECTED
03-18 16:24:15.645 D/ConnectivityService(  412): Attempting to switch to mobile
03-18 16:24:15.645 D/ConnectivityService(  412): Attempting to switch to BLUETOOTH_TETHER
03-18 16:24:15.645 D/ConnectivityService(  412): Attempting to switch to ETHERNET
03-18 16:24:15.645 D/ConnectivityService(  412): Attempting to switch to mobile2
03-18 16:24:15.645 D/ConnectivityService(  412): handleConnectivityChange: changed linkProperty[1]: doReset=true resetMask=3
03-18 16:24:15.645 D/ConnectivityService(  412):   curLp=null
03-18 16:24:15.645 D/ConnectivityService(  412):   newLp= null
03-18 16:24:15.645 D/ConnectivityService(  412): sendStickyBroadcast: action=android.net.conn.CONNECTIVITY_CHANGE_IMMEDIATE
03-18 16:24:15.655 D/NetworkPolicy(  412): setNetworkTemplateEnabled(): match rule = 1
03-18 16:24:15.655 D/ConnectivityService(  412): sendStickyBroadcastDelayed: delayMs=3000, action=android.net.conn.CONNECTIVITY_CHANGE
03-18 16:24:15.655 D/MobileDataStateTracker(  412): default: setPolicyDataEnable(enabled=true)
03-18 16:24:15.655 D/NetworkPolicy(  412): setNetworkTemplateEnabled(): match rule = 1
03-18 16:24:15.665 D/MobileDataStateTracker(  412): default: setPolicyDataEnable(enabled=true)
03-18 16:24:15.665 D/NetworkPolicy(  412): setNetworkTemplateEnabled(): match rule = 1
03-18 16:24:15.665 D/MobileDataStateTracker(  412): default: setPolicyDataEnable(enabled=true)
03-18 16:24:15.685 D/NetworkPolicy(  412): setNetworkTemplateEnabled(): match rule = 1
03-18 16:24:15.685 D/MobileDataStateTracker(  412): default: setPolicyDataEnable(enabled=true)
03-18 16:24:18.648 D/ConnectivityService(  412): sendStickyBroadcast: action=android.net.conn.CONNECTIVITY_CHANGE
03-18 16:24:18.658 D/StatusBar.NetworkControllerDS( 1641): updateConnectivity: intent=Intent { act=android.net.conn.CONNECTIVITY_CHANGE flg=0x8000010 (has extras) }
03-18 16:24:18.658 D/StatusBar.NetworkControllerDS( 1641): updateConnectivity: networkInfo=null
03-18 16:24:18.658 D/StatusBar.NetworkControllerDS( 1641): updateConnectivity: connectionStatus=0
03-18 16:24:18.658 D/StatusBar.NetworkControllerDS( 1641): updateTelephonySignalStrength: !hasService()
03-18 16:24:18.658 D/ConnectivityService(  412): sendStickyBroadcast: action=android.net.conn.CONNECTIVITY_CHANGE
03-18 16:24:18.678 D/StatusBar.NetworkControllerDS( 1641): updateConnectivity: intent=Intent { act=android.net.conn.CONNECTIVITY_CHANGE flg=0x8000010 (has extras) }
03-18 16:24:18.678 D/StatusBar.NetworkControllerDS( 1641): updateConnectivity: networkInfo=null
03-18 16:24:18.678 D/StatusBar.NetworkControllerDS( 1641): updateConnectivity: connectionStatus=0
03-18 16:24:18.678 D/StatusBar.NetworkControllerDS( 1641): updateTelephonySignalStrength: !hasService()
03-18 16:24:18.678 D/ConnectivityService(  412): ConnectivityChange for WIFI: CONNECTING/OBTAINING_IPADDR
03-18 16:24:18.678 D/ConnectivityService(  412): ConnectivityChange for WIFI: CONNECTING/OBTAINING_IPADDR
03-18 16:24:22.471 D/ConnectivityService(  412): ConnectivityChange for WIFI: CONNECTED/CONNECTED
03-18 16:24:22.471 D/ConnectivityService(  412): Setting TCP values: [524288,1048576,2097152,262144,524288,1048576] which comes from [net.tcp.buffersize.wifi]
03-18 16:24:22.471 D/ConnectivityService(  412): adding dns 192.168.1.1 for WIFI
03-18 16:24:22.481 D/ConnectivityService(  412): handleConnectivityChange: changed linkProperty[1]: doReset=false resetMask=0
03-18 16:24:22.481 D/ConnectivityService(  412):    curLp=null
03-18 16:24:22.481 D/ConnectivityService(  412):    newLp=InterfaceName: wlan0 LinkAddresses: [192.168.1.4/24,] Routes: [0.0.0.0/0 -> 192.168.1.1,] DnsAddresses: [192.168.1.1,] HttpProxy: [ProxyProperties.mHost == null] 
03-18 16:24:22.481 D/ConnectivityService(  412): Adding 192.168.1.1/32 -> 0.0.0.0 for interface wlan0
03-18 16:24:22.491 D/ConnectivityService(  412): Adding 0.0.0.0/0 -> 192.168.1.1 for interface wlan0
03-18 16:24:22.491 D/ConnectivityService(  412): resetting DNS cache for wlan0
03-18 16:24:22.491 D/ConnectivityService(  412): sendStickyBroadcast: action=android.net.conn.CONNECTIVITY_CHANGE_IMMEDIATE
03-18 16:24:22.491 D/ConnectivityService(  412): sendStickyBroadcastDelayed: delayMs=3000, action=android.net.conn.CONNECTIVITY_CHANGE
03-18 16:24:22.501 D/ConnectivityService(  412): ConnectivityChange for WIFI: CONNECTED/CONNECTED
03-18 16:24:22.501 D/ConnectivityService(  412): Setting TCP values: [524288,1048576,2097152,262144,524288,1048576] which comes from [net.tcp.buffersize.wifi]
03-18 16:24:22.501 D/ConnectivityService(  412): handleConnectivityChange: changed linkProperty[1]: doReset=false resetMask=0
03-18 16:24:22.501 D/ConnectivityService(  412):    curLp=InterfaceName: wlan0 LinkAddresses: [192.168.1.4/24,] Routes: [0.0.0.0/0 -> 192.168.1.1,] DnsAddresses: [192.168.1.1,] HttpProxy: [ProxyProperties.mHost == null] 
03-18 16:24:22.501 D/ConnectivityService(  412):    newLp=InterfaceName: wlan0 LinkAddresses: [192.168.1.4/24,] Routes: [0.0.0.0/0 -> 192.168.1.1,] DnsAddresses: [192.168.1.1,] HttpProxy: [ProxyProperties.mHost == null] 
03-18 16:24:22.501 D/ConnectivityService(  412): handleConnectivityChange: address are the same reset per doReset linkProperty[1]: resetMask=0
03-18 16:24:22.501 D/NetworkPolicy(  412): setNetworkTemplateEnabled(): match rule = 1
03-18 16:24:22.501 D/ConnectivityService(  412): sendStickyBroadcast: action=android.net.conn.CONNECTIVITY_CHANGE_IMMEDIATE
03-18 16:24:22.511 D/ConnectivityService(  412): sendStickyBroadcastDelayed: delayMs=3000, action=android.net.conn.CONNECTIVITY_CHANGE
03-18 16:24:22.511 D/MobileDataStateTracker(  412): default: setPolicyDataEnable(enabled=true)
03-18 16:24:22.511 D/NetworkPolicy(  412): setNetworkTemplateEnabled(): match rule = 1
03-18 16:24:22.521 D/MobileDataStateTracker(  412): default: setPolicyDataEnable(enabled=true)
03-18 16:24:22.521 D/NetworkPolicy(  412): setNetworkTemplateEnabled(): match rule = 1
03-18 16:24:22.521 D/MobileDataStateTracker(  412): default: setPolicyDataEnable(enabled=true)
03-18 16:24:22.531 D/NetworkPolicy(  412): setNetworkTemplateEnabled(): match rule = 1
