03-18 16:27:21.066 I/ActivityManager(  412): Config changed: {1.0 460mcc0mnc zh_CN sw360dp w640dp h340dp nrml long land finger -keyb/v/h -nav/h s.30}
03-18 16:27:23.058 W/MountService(  412): getVolumeState(/storage/sdcard0/external_sd): Unknown volume
03-18 16:27:23.058 W/MountService(  412): getVolumeState(/mnt/sdcard-ext): Unknown volume
03-18 16:27:23.058 W/MountService(  412): getVolumeState(/mnt/ext_sdcard): Unknown volume
03-18 16:27:23.058 W/MountService(  412): getVolumeState(/mnt/sdcard2): Unknown volume
03-18 16:27:23.058 W/MountService(  412): getVolumeState(/mnt/emmc): Unknown volume
03-18 16:27:23.058 W/MountService(  412): getVolumeState(/mnt/extSdCard): Unknown volume
03-18 16:27:23.058 W/MountService(  412): getVolumeState(/mnt/sdcard/SD_CARD): Unknown volume
03-18 16:27:23.058 W/MountService(  412): getVolumeState(/mnt/sdcard/extra_sd): Unknown volume
03-18 16:27:23.058 W/MountService(  412): getVolumeState(/mnt/extrasd_bind): Unknown volume
03-18 16:27:23.058 W/MountService(  412): getVolumeState(/mnt/sdcard/ext_sd): Unknown volume
03-18 16:27:23.058 W/MountService(  412): getVolumeState(/storage/extSdCard): Unknown volume
03-18 16:27:23.058 W/MountService(  412): getVolumeState(/storage/sdcard1): Unknown volume
03-18 16:27:23.058 W/MountService(  412): getVolumeState(/mnt/sdcard/external_SD): Unknown volume
03-18 16:27:23.058 W/MountService(  412): getVolumeState(/mnt/sdcard/external_sd): Unknown volume
03-18 16:27:23.458 W/MountService(  412): getVolumeState(/storage/sdcard0/external_sd): Unknown volume
03-18 16:27:23.458 W/MountService(  412): getVolumeState(/mnt/sdcard-ext): Unknown volume
03-18 16:27:23.458 W/MountService(  412): getVolumeState(/mnt/ext_sdcard): Unknown volume
03-18 16:27:23.458 W/MountService(  412): getVolumeState(/mnt/sdcard2): Unknown volume
03-18 16:27:23.458 W/MountService(  412): getVolumeState(/mnt/emmc): Unknown volume
03-18 16:27:23.458 W/MountService(  412): getVolumeState(/mnt/extSdCard): Unknown volume
03-18 16:27:23.458 W/MountService(  412): getVolumeState(/mnt/sdcard/SD_CARD): Unknown volume
03-18 16:27:23.458 W/MountService(  412): getVolumeState(/mnt/sdcard/extra_sd): Unknown volume
03-18 16:27:23.458 W/MountService(  412): getVolumeState(/mnt/extrasd_bind): Unknown volume
03-18 16:27:23.458 W/MountService(  412): getVolumeState(/mnt/sdcard/ext_sd): Unknown volume
03-18 16:27:23.458 W/MountService(  412): getVolumeState(/storage/extSdCard): Unknown volume
03-18 16:27:23.458 W/MountService(  412): getVolumeState(/storage/sdcard1): Unknown volume
03-18 16:27:23.458 W/MountService(  412): getVolumeState(/mnt/sdcard/external_SD): Unknown volume
03-18 16:27:23.458 W/MountService(  412): getVolumeState(/mnt/sdcard/external_sd): Unknown volume
03-18 16:27:32.637 I/ActivityManager(  412): Config changed: {1.0 460mcc0mnc zh_CN sw360dp w360dp h620dp nrml long port finger -keyb/v/h -nav/h s.31}
03-18 16:27:41.986 I/ActivityManager(  412): START {cmp=com.aidufei.ott.activity/.ParticularActivity (has extras) u=0} from pid 2866
03-18 16:27:43.327 I/ActivityManager(  412): START {cmp=com.aidufei.ott.activity/com.unitend.udrm.player.VideoPlayer (has extras) u=0} from pid 2866
03-18 16:27:43.387 I/ActivityManager(  412): Config changed: {1.0 460mcc0mnc zh_CN sw360dp w640dp h340dp nrml long land finger -keyb/v/h -nav/h s.32}
03-18 16:27:58.802 I/ActivityManager(  412): Config changed: {1.0 460mcc0mnc zh_CN sw360dp w360dp h620dp nrml long port finger -keyb/v/h -nav/h s.33}
03-18 16:27:59.974 D/ConnectivityService(  412): getMobileDataEnabled returning false
03-18 16:28:00.034 D/PhoneStatusBar( 1641): disable: < expand icons alerts TICKER* system_info back home recent clock >
03-18 16:28:01.935 I/ActivityManager(  412): START {act=android.settings.SETTINGS flg=0x10000000 cmp=com.android.settings/.Settings u=0} from pid 1641
03-18 16:28:02.306 D/ConnectivityService(  412): getMobileDataEnabled returning false
03-18 16:28:02.346 D/PhoneStatusBar( 1641): disable: < expand icons alerts ticker* system_info back home recent clock >
03-18 16:28:05.159 I/ActivityManager(  412): START {act=android.intent.action.MAIN cmp=com.android.settings/.SubSettings (has extras) u=0} from pid 1920
03-18 16:28:14.338 I/ActivityManager(  412): START {act=android.intent.action.MAIN cat=[android.intent.category.HOME] flg=0x10200000 cmp=com.android.launcher/com.android.launcher2.Launcher u=0} from pid 412
03-18 16:28:15.809 I/ActivityManager(  412): START {act=android.intent.action.MAIN cat=[android.intent.category.LAUNCHER] flg=0x10200000 cmp=com.aidufei.ott.activity/.MainTabHostActivity bnds=[532,636][704,830] u=0} from pid 1757
03-18 16:28:17.300 I/ActivityManager(  412): START {cmp=com.aidufei.ott.activity/com.unitend.udrm.player.VideoPlayer (has extras) u=0} from pid 2866
03-18 16:28:17.411 I/ActivityManager(  412): Config changed: {1.0 460mcc0mnc zh_CN sw360dp w640dp h340dp nrml long land finger -keyb/v/h -nav/h s.34}
03-18 16:28:23.066 W/MountService(  412): getVolumeState(/storage/sdcard0/external_sd): Unknown volume
03-18 16:28:23.066 W/MountService(  412): getVolumeState(/mnt/sdcard-ext): Unknown volume
03-18 16:28:23.066 W/MountService(  412): getVolumeState(/mnt/ext_sdcard): Unknown volume
03-18 16:28:23.066 W/MountService(  412): getVolumeState(/mnt/sdcard2): Unknown volume
03-18 16:28:23.066 W/MountService(  412): getVolumeState(/mnt/emmc): Unknown volume
03-18 16:28:23.066 W/MountService(  412): getVolumeState(/mnt/extSdCard): Unknown volume
03-18 16:28:23.066 W/MountService(  412): getVolumeState(/mnt/sdcard/SD_CARD): Unknown volume
03-18 16:28:23.066 W/MountService(  412): getVolumeState(/mnt/sdcard/extra_sd): Unknown volume
03-18 16:28:23.066 W/MountService(  412): getVolumeState(/mnt/extrasd_bind): Unknown volume
03-18 16:28:23.066 W/MountService(  412): getVolumeState(/mnt/sdcard/ext_sd): Unknown volume
03-18 16:28:23.066 W/MountService(  412): getVolumeState(/storage/extSdCard): Unknown volume
03-18 16:28:23.076 W/MountService(  412): getVolumeState(/storage/sdcard1): Unknown volume
03-18 16:28:23.076 W/MountService(  412): getVolumeState(/mnt/sdcard/external_SD): Unknown volume
03-18 16:28:23.076 W/MountService(  412): getVolumeState(/mnt/sdcard/external_sd): Unknown volume
03-18 16:28:23.416 W/MountService(  412): getVolumeState(/storage/sdcard0/external_sd): Unknown volume
03-18 16:28:23.416 W/MountService(  412): getVolumeState(/mnt/sdcard-ext): Unknown volume
03-18 16:28:23.416 W/MountService(  412): getVolumeState(/mnt/ext_sdcard): Unknown volume
03-18 16:28:23.416 W/MountService(  412): getVolumeState(/mnt/sdcard2): Unknown volume
03-18 16:28:23.416 W/MountService(  412): getVolumeState(/mnt/emmc): Unknown volume
03-18 16:28:23.416 W/MountService(  412): getVolumeState(/mnt/extSdCard): Unknown volume
03-18 16:28:23.416 W/MountService(  412): getVolumeState(/mnt/sdcard/SD_CARD): Unknown volume
03-18 16:28:23.416 W/MountService(  412): getVolumeState(/mnt/sdcard/extra_sd): Unknown volume
03-18 16:28:23.416 W/MountService(  412): getVolumeState(/mnt/extrasd_bind): Unknown volume
03-18 16:28:23.416 W/MountService(  412): getVolumeState(/mnt/sdcard/ext_sd): Unknown volume
03-18 16:28:23.416 W/MountService(  412): getVolumeState(/storage/extSdCard): Unknown volume
03-18 16:28:23.416 W/MountService(  412): getVolumeState(/storage/sdcard1): Unknown volume
03-18 16:28:23.416 W/MountService(  412): getVolumeState(/mnt/sdcard/external_SD): Unknown volume
03-18 16:28:23.416 W/MountService(  412): getVolumeState(/mnt/sdcard/external_sd): Unknown volume
03-18 16:28:29.372 D/ConnectivityService(  412): ConnectivityChange for WIFI: DISCONNECTED/DISCONNECTED
03-18 16:28:29.372 D/ConnectivityService(  412): Attempting to switch to mobile
03-18 16:28:29.372 D/ConnectivityService(  412): Attempting to switch to BLUETOOTH_TETHER
03-18 16:28:29.372 D/ConnectivityService(  412): Attempting to switch to ETHERNET
03-18 16:28:29.372 D/ConnectivityService(  412): Attempting to switch to mobile2
03-18 16:28:29.372 D/ConnectivityService(  412): handleConnectivityChange: changed linkProperty[1]: doReset=true resetMask=3
03-18 16:28:29.372 D/ConnectivityService(  412):   curLp=InterfaceName: wlan0 LinkAddresses: [192.168.11.177/24,] Routes: [0.0.0.0/0 -> 192.168.11.1,] DnsAddresses: [192.168.11.1,] HttpProxy: [ProxyProperties.mHost == null] 
03-18 16:28:29.372 D/ConnectivityService(  412):   newLp= null
03-18 16:28:29.372 D/ConnectivityService(  412): Removing 192.168.11.1/32 -> 0.0.0.0 for interface wlan0
03-18 16:28:29.382 E/ConnectivityService(  412): Exception trying to remove a route: java.lang.IllegalStateException: command '211 interface route remove wlan0 default 192.168.11.1 32 0.0.0.0' failed with '400 211 Failed to remove route from default table (No such process)'
03-18 16:28:29.382 D/ConnectivityService(  412): Removing 0.0.0.0/0 -> 192.168.11.1 for interface wlan0
03-18 16:28:29.382 E/ConnectivityService(  412): Exception trying to remove a route: java.lang.IllegalStateException: command '212 interface route remove wlan0 default 0.0.0.0 0 192.168.11.1' failed with '400 212 Failed to remove route from default table (No such process)'
03-18 16:28:29.382 D/ConnectivityService(  412): resetConnections(wlan0, 3)
03-18 16:28:29.482 D/ConnectivityService(  412): resetting DNS cache for wlan0
03-18 16:28:29.482 D/ConnectivityService(  412): sendStickyBroadcast: action=android.net.conn.CONNECTIVITY_CHANGE_IMMEDIATE
03-18 16:28:29.482 D/NetworkPolicy(  412): setNetworkTemplateEnabled(): match rule = 1
03-18 16:28:29.482 D/ConnectivityService(  412): sendStickyBroadcastDelayed: delayMs=3000, action=android.net.conn.CONNECTIVITY_CHANGE
03-18 16:28:29.492 D/ConnectivityService(  412): ConnectivityChange for WIFI: DISCONNECTED/DISCONNECTED
03-18 16:28:29.492 D/ConnectivityService(  412): Attempting to switch to mobile
03-18 16:28:29.492 D/ConnectivityService(  412): Attempting to switch to BLUETOOTH_TETHER
03-18 16:28:29.492 D/ConnectivityService(  412): Attempting to switch to ETHERNET
03-18 16:28:29.492 D/ConnectivityService(  412): Attempting to switch to mobile2
03-18 16:28:29.492 D/ConnectivityService(  412): handleConnectivityChange: changed linkProperty[1]: doReset=true resetMask=3
03-18 16:28:29.492 D/ConnectivityService(  412):   curLp=null
03-18 16:28:29.492 D/ConnectivityService(  412):   newLp= null
03-18 16:28:29.492 D/ConnectivityService(  412): resetConnections(wlan0, 3)
03-18 16:28:29.532 D/NetworkPolicy(  412): setNetworkTemplateEnabled(): match rule = 1
03-18 16:28:29.572 D/ConnectivityService(  412): reportNetworkCondition(1, 0)
03-18 16:28:29.582 D/ConnectivityService(  412): sendStickyBroadcast: action=android.net.conn.CONNECTIVITY_CHANGE_IMMEDIATE
03-18 16:28:29.582 D/ConnectivityService(  412): sendStickyBroadcastDelayed: delayMs=3000, action=android.net.conn.CONNECTIVITY_CHANGE
03-18 16:28:29.592 D/NetworkPolicy(  412): setNetworkTemplateEnabled(): match rule = 1
03-18 16:28:29.592 D/MobileDataStateTracker(  412): default: setPolicyDataEnable(enabled=true)
03-18 16:28:29.592 D/MobileDataStateTracker(  412): default: setPolicyDataEnable(enabled=true)
03-18 16:28:29.592 D/ConnectivityService(  412): handleInetConditionChange: no active default network - ignore
03-18 16:28:29.592 D/MobileDataStateTracker(  412): default: setPolicyDataEnable(enabled=true)
03-18 16:28:29.602 D/NetworkPolicy(  412): setNetworkTemplateEnabled(): match rule = 1
03-18 16:28:29.602 D/MobileDataStateTracker(  412): default: setPolicyDataEnable(enabled=true)
03-18 16:28:32.495 D/ConnectivityService(  412): sendStickyBroadcast: action=android.net.conn.CONNECTIVITY_CHANGE
03-18 16:28:32.495 D/StatusBar.NetworkControllerDS( 1641): updateConnectivity: intent=Intent { act=android.net.conn.CONNECTIVITY_CHANGE flg=0x8000010 (has extras) }
03-18 16:28:32.495 D/StatusBar.NetworkControllerDS( 1641): updateConnectivity: networkInfo=null
03-18 16:28:32.495 D/StatusBar.NetworkControllerDS( 1641): updateConnectivity: connectionStatus=0
03-18 16:28:32.495 D/StatusBar.NetworkControllerDS( 1641): updateTelephonySignalStrength: !hasService()
03-18 16:28:32.595 D/ConnectivityService(  412): sendStickyBroadcast: action=android.net.conn.CONNECTIVITY_CHANGE
03-18 16:28:32.595 D/StatusBar.NetworkControllerDS( 1641): updateConnectivity: intent=Intent { act=android.net.conn.CONNECTIVITY_CHANGE flg=0x8000010 (has extras) }
03-18 16:28:32.605 D/StatusBar.NetworkControllerDS( 1641): updateConnectivity: networkInfo=null
03-18 16:28:32.605 D/StatusBar.NetworkControllerDS( 1641): updateConnectivity: connectionStatus=0
03-18 16:28:32.605 D/StatusBar.NetworkControllerDS( 1641): updateTelephonySignalStrength: !hasService()
03-18 16:28:32.615 I/ActivityManager(  412): Start proc com.aidufei.tvphonereflection for broadcast com.aidufei.tvphonereflection/.BootReceiver: pid=6181 uid=10047 gids={1015, 3003, 1028}
03-18 16:28:34.027 I/ActivityManager(  412): START {act=android.settings.WIFI_SETTINGS cmp=com.android.settings/.Settings$WifiSettingsActivity u=0} from pid 2866
03-18 16:28:34.177 I/ActivityManager(  412): Config changed: {1.0 460mcc0mnc zh_CN sw360dp w360dp h620dp nrml long port finger -keyb/v/h -nav/h s.35}
03-18 16:28:46.179 D/PhoneStatusBar( 1641): addNotification score=0
03-18 16:28:46.679 D/ConnectivityService(  412): ConnectivityChange for WIFI: CONNECTING/OBTAINING_IPADDR
03-18 16:28:46.679 D/ConnectivityService(  412): ConnectivityChange for WIFI: CONNECTING/OBTAINING_IPADDR
03-18 16:28:50.773 D/ConnectivityService(  412): ConnectivityChange for WIFI: CONNECTED/CONNECTED
03-18 16:28:50.773 D/ConnectivityService(  412): Setting TCP values: [524288,1048576,2097152,262144,524288,1048576] which comes from [net.tcp.buffersize.wifi]
03-18 16:28:50.773 D/ConnectivityService(  412): handleConnectivityChange: changed linkProperty[1]: doReset=false resetMask=0
03-18 16:28:50.773 D/ConnectivityService(  412):    curLp=null
03-18 16:28:50.773 D/ConnectivityService(  412):    newLp=InterfaceName: wlan0 LinkAddresses: [192.168.11.177/24,] Routes: [0.0.0.0/0 -> 192.168.11.1,] DnsAddresses: [192.168.11.1,] HttpProxy: [ProxyProperties.mHost == null] 
03-18 16:28:50.773 D/ConnectivityService(  412): Adding 192.168.11.1/32 -> 0.0.0.0 for interface wlan0
03-18 16:28:50.773 D/ConnectivityService(  412): Adding 0.0.0.0/0 -> 192.168.11.1 for interface wlan0
03-18 16:28:50.783 D/ConnectivityService(  412): resetting DNS cache for wlan0
03-18 16:28:50.783 D/ConnectivityService(  412): sendStickyBroadcast: action=android.net.conn.CONNECTIVITY_CHANGE_IMMEDIATE
03-18 16:28:50.783 D/NetworkPolicy(  412): setNetworkTemplateEnabled(): match rule = 1
03-18 16:28:50.803 D/ConnectivityService(  412): sendStickyBroadcastDelayed: delayMs=3000, action=android.net.conn.CONNECTIVITY_CHANGE
03-18 16:28:50.803 D/ConnectivityService(  412): ConnectivityChange for WIFI: CONNECTED/CONNECTED
03-18 16:28:50.803 D/ConnectivityService(  412): Setting TCP values: [524288,1048576,2097152,262144,524288,1048576] which comes from [net.tcp.buffersize.wifi]
03-18 16:28:50.803 D/ConnectivityService(  412): handleConnectivityChange: changed linkProperty[1]: doReset=false resetMask=0
03-18 16:28:50.803 D/ConnectivityService(  412):    curLp=InterfaceName: wlan0 LinkAddresses: [192.168.11.177/24,] Routes: [0.0.0.0/0 -> 192.168.11.1,] DnsAddresses: [192.168.11.1,] HttpProxy: [ProxyProperties.mHost == null] 
03-18 16:28:50.803 D/ConnectivityService(  412):    newLp=InterfaceName: wlan0 LinkAddresses: [192.168.11.177/24,] Routes: [0.0.0.0/0 -> 192.168.11.1,] DnsAddresses: [192.168.11.1,] HttpProxy: [ProxyProperties.mHost == null] 
03-18 16:28:50.803 D/ConnectivityService(  412): handleConnectivityChange: address are the same reset per doReset linkProperty[1]: resetMask=0
03-18 16:28:50.803 D/ConnectivityService(  412): sendStickyBroadcast: action=android.net.conn.CONNECTIVITY_CHANGE_IMMEDIATE
03-18 16:28:50.803 D/ConnectivityService(  412): sendStickyBroadcastDelayed: delayMs=3000, action=android.net.conn.CONNECTIVITY_CHANGE
03-18 16:28:50.803 D/MobileDataStateTracker(  412): default: setPolicyDataEnable(enabled=true)
03-18 16:28:50.813 D/NetworkPolicy(  412): setNetworkTemplateEnabled(): match rule = 1
03-18 16:28:50.813 D/MobileDataStateTracker(  412): default: setPolicyDataEnable(enabled=true)
03-18 16:28:50.823 D/NetworkPolicy(  412): setNetworkTemplateEnabled(): match rule = 1
03-18 16:28:50.823 D/MobileDataStateTracker(  412): default: setPolicyDataEnable(enabled=true)
03-18 16:28:50.823 D/NetworkPolicy(  412): setNetworkTemplateEnabled(): match rule = 1
03-18 16:28:50.833 D/MobileDataStateTracker(  412): default: setPolicyDataEnable(enabled=true)
03-18 16:28:51.774 D/ConnectivityService(  412): NetTransition Wakelock for WifiStateMachine released by timeout
03-18 16:28:53.806 D/ConnectivityService(  412): sendStickyBroadcast: action=android.net.conn.CONNECTIVITY_CHANGE
03-18 16:28:53.806 D/ConnectivityService(  412): sendStickyBroadcast: action=android.net.conn.CONNECTIVITY_CHANGE
03-18 16:28:53.806 D/StatusBar.NetworkControllerDS( 1641): updateConnectivity: intent=Intent { act=android.net.conn.CONNECTIVITY_CHANGE flg=0x8000010 (has extras) }
03-18 16:28:53.816 D/StatusBar.NetworkControllerDS( 1641): updateConnectivity: networkInfo=NetworkInfo: type: WIFI[], state: CONNECTED/CONNECTED, reason: (unspecified), extra: (none), roaming: false, failover: false, isAvailable: true
03-18 16:28:53.816 D/StatusBar.NetworkControllerDS( 1641): updateConnectivity: connectionStatus=0
03-18 16:28:53.816 D/StatusBar.NetworkControllerDS( 1641): updateTelephonySignalStrength: !hasService()
03-18 16:28:53.816 D/StatusBar.NetworkControllerDS( 1641): updateConnectivity: intent=Intent { act=android.net.conn.CONNECTIVITY_CHANGE flg=0x8000010 (has extras) }
03-18 16:28:53.826 D/StatusBar.NetworkControllerDS( 1641): updateConnectivity: networkInfo=NetworkInfo: type: WIFI[], state: CONNECTED/CONNECTED, reason: (unspecified), extra: (none), roaming: false, failover: false, isAvailable: true
03-18 16:28:53.826 D/StatusBar.NetworkControllerDS( 1641): updateConnectivity: connectionStatus=0
03-18 16:28:53.826 D/StatusBar.NetworkControllerDS( 1641): updateTelephonySignalStrength: !hasService()
03-18 16:28:54.066 I/ActivityManager(  412): Process com.aidufei.tvphonereflection (pid 6181) has died.
03-18 16:28:54.377 D/ConnectivityService(  412): reportNetworkCondition(1, 100)
03-18 16:28:54.377 D/ConnectivityService(  412): handleInetConditionChange: net=1, condition=100,mActiveDefaultNetwork=1
03-18 16:28:54.377 D/ConnectivityService(  412): handleInetConditionChange: starting a change hold
03-18 16:28:54.877 D/ConnectivityService(  412): handleInetConditionHoldEnd: net=1, condition=100, published condition=0
03-18 16:28:54.877 D/ConnectivityService(  412): sendStickyBroadcast: action=android.net.conn.INET_CONDITION_ACTION
03-18 16:28:54.877 D/StatusBar.NetworkControllerDS( 1641): updateConnectivity: intent=Intent { act=android.net.conn.INET_CONDITION_ACTION flg=0x8000010 (has extras) }
03-18 16:28:54.877 D/StatusBar.NetworkControllerDS( 1641): updateConnectivity: networkInfo=NetworkInfo: type: WIFI[], state: CONNECTED/CONNECTED, reason: (unspecified), extra: (none), roaming: false, failover: false, isAvailable: true
03-18 16:28:54.877 D/StatusBar.NetworkControllerDS( 1641): updateConnectivity: connectionStatus=100
03-18 16:28:54.877 D/StatusBar.NetworkControllerDS( 1641): updateTelephonySignalStrength: !hasService()
03-18 16:28:56.268 I/ActivityManager(  412): START {cmp=com.aidufei.ott.activity/com.unitend.udrm.player.VideoPlayer (has extras) u=0} from pid 2866
03-18 16:28:56.349 I/ActivityManager(  412): Config changed: {1.0 460mcc0mnc zh_CN sw360dp w640dp h340dp nrml long land finger -keyb/v/h -nav/h s.36}
03-18 16:29:23.075 W/MountService(  412): getVolumeState(/storage/sdcard0/external_sd): Unknown volume
03-18 16:29:23.075 W/MountService(  412): getVolumeState(/mnt/sdcard-ext): Unknown volume
03-18 16:29:23.075 W/MountService(  412): getVolumeState(/mnt/ext_sdcard): Unknown volume
03-18 16:29:23.075 W/MountService(  412): getVolumeState(/mnt/sdcard2): Unknown volume
03-18 16:29:23.075 W/MountService(  412): getVolumeState(/mnt/emmc): Unknown volume
03-18 16:29:23.075 W/MountService(  412): getVolumeState(/mnt/extSdCard): Unknown volume
03-18 16:29:23.075 W/MountService(  412): getVolumeState(/mnt/sdcard/SD_CARD): Unknown volume
03-18 16:29:23.075 W/MountService(  412): getVolumeState(/mnt/sdcard/extra_sd): Unknown volume
03-18 16:29:23.085 W/MountService(  412): getVolumeState(/mnt/extrasd_bind): Unknown volume
03-18 16:29:23.085 W/MountService(  412): getVolumeState(/mnt/sdcard/ext_sd): Unknown volume
03-18 16:29:23.085 W/MountService(  412): getVolumeState(/storage/extSdCard): Unknown volume
03-18 16:29:23.085 W/MountService(  412): getVolumeState(/storage/sdcard1): Unknown volume
03-18 16:29:23.085 W/MountService(  412): getVolumeState(/mnt/sdcard/external_SD): Unknown volume
03-18 16:29:23.085 W/MountService(  412): getVolumeState(/mnt/sdcard/external_sd): Unknown volume
03-18 16:29:23.485 W/MountService(  412): getVolumeState(/storage/sdcard0/external_sd): Unknown volume
03-18 16:29:23.485 W/MountService(  412): getVolumeState(/mnt/sdcard-ext): Unknown volume
03-18 16:29:23.485 W/MountService(  412): getVolumeState(/mnt/ext_sdcard): Unknown volume
03-18 16:29:23.485 W/MountService(  412): getVolumeState(/mnt/sdcard2): Unknown volume
03-18 16:29:23.485 W/MountService(  412): getVolumeState(/mnt/emmc): Unknown volume
03-18 16:29:23.485 W/MountService(  412): getVolumeState(/mnt/extSdCard): Unknown volume
03-18 16:29:23.495 W/MountService(  412): getVolumeState(/mnt/sdcard/SD_CARD): Unknown volume
03-18 16:29:23.495 W/MountService(  412): getVolumeState(/mnt/sdcard/extra_sd): Unknown volume
03-18 16:29:23.495 W/MountService(  412): getVolumeState(/mnt/extrasd_bind): Unknown volume
03-18 16:29:23.495 W/MountService(  412): getVolumeState(/mnt/sdcard/ext_sd): Unknown volume
03-18 16:29:23.495 W/MountService(  412): getVolumeState(/storage/extSdCard): Unknown volume
03-18 16:29:23.495 W/MountService(  412): getVolumeState(/storage/sdcard1): Unknown volume
03-18 16:29:23.495 W/MountService(  412): getVolumeState(/mnt/sdcard/external_SD): Unknown volume
03-18 16:29:23.495 W/MountService(  412): getVolumeState(/mnt/sdcard/external_sd): Unknown volume
03-18 16:29:33.445 I/ActivityManager(  412): Config changed: {1.0 460mcc0mnc zh_CN sw360dp w360dp h620dp nrml long port finger -keyb/v/h -nav/h s.37}
03-18 16:29:43.835 I/ActivityManager(  412): START {cmp=com.aidufei.ott.activity/.ParticularActivity (has extras) u=0} from pid 2866
03-18 16:29:47.699 I/ActivityManager(  412): START {cmp=com.aidufei.ott.activity/com.unitend.udrm.player.VideoPlayer (has extras) u=0} from pid 2866
03-18 16:29:47.749 I/ActivityManager(  412): Config changed: {1.0 460mcc0mnc zh_CN sw360dp w640dp h340dp nrml long land finger -keyb/v/h -nav/h s.38}
03-18 16:29:59.010 W/ThrottleService(  412): unable to find stats for iface rmnet0
03-18 16:30:10.241 D/ConnectivityService(  412): ConnectivityChange for WIFI: DISCONNECTED/DISCONNECTED
03-18 16:30:10.241 D/ConnectivityService(  412): Attempting to switch to mobile
03-18 16:30:10.241 D/ConnectivityService(  412): Attempting to switch to BLUETOOTH_TETHER
03-18 16:30:10.241 D/ConnectivityService(  412): Attempting to switch to ETHERNET
03-18 16:30:10.241 D/ConnectivityService(  412): Attempting to switch to mobile2
03-18 16:30:10.241 D/ConnectivityService(  412): handleConnectivityChange: changed linkProperty[1]: doReset=true resetMask=3
03-18 16:30:10.241 D/ConnectivityService(  412):   curLp=InterfaceName: wlan0 LinkAddresses: [192.168.11.177/24,] Routes: [0.0.0.0/0 -> 192.168.11.1,] DnsAddresses: [192.168.11.1,] HttpProxy: [ProxyProperties.mHost == null] 
03-18 16:30:10.241 D/ConnectivityService(  412):   newLp= null
03-18 16:30:10.241 D/ConnectivityService(  412): Removing 192.168.11.1/32 -> 0.0.0.0 for interface wlan0
03-18 16:30:10.241 E/ConnectivityService(  412): Exception trying to remove a route: java.lang.IllegalStateException: command '224 interface route remove wlan0 default 192.168.11.1 32 0.0.0.0' failed with '400 224 Failed to remove route from default table (No such process)'
03-18 16:30:10.241 D/ConnectivityService(  412): Removing 0.0.0.0/0 -> 192.168.11.1 for interface wlan0
03-18 16:30:10.251 E/ConnectivityService(  412): Exception trying to remove a route: java.lang.IllegalStateException: command '225 interface route remove wlan0 default 0.0.0.0 0 192.168.11.1' failed with '400 225 Failed to remove route from default table (No such process)'
03-18 16:30:10.251 D/ConnectivityService(  412): resetConnections(wlan0, 3)
03-18 16:30:10.351 D/ConnectivityService(  412): resetting DNS cache for wlan0
03-18 16:30:10.351 D/ConnectivityService(  412): sendStickyBroadcast: action=android.net.conn.CONNECTIVITY_CHANGE_IMMEDIATE
03-18 16:30:10.351 D/ConnectivityService(  412): sendStickyBroadcastDelayed: delayMs=3000, action=android.net.conn.CONNECTIVITY_CHANGE
03-18 16:30:10.351 D/ConnectivityService(  412): ConnectivityChange for WIFI: DISCONNECTED/DISCONNECTED
03-18 16:30:10.351 D/NetworkPolicy(  412): setNetworkTemplateEnabled(): match rule = 1
03-18 16:30:10.361 D/ConnectivityService(  412): Attempting to switch to mobile
03-18 16:30:10.361 D/ConnectivityService(  412): Attempting to switch to BLUETOOTH_TETHER
03-18 16:30:10.361 D/ConnectivityService(  412): Attempting to switch to ETHERNET
03-18 16:30:10.361 D/ConnectivityService(  412): Attempting to switch to mobile2
03-18 16:30:10.361 D/ConnectivityService(  412): handleConnectivityChange: changed linkProperty[1]: doReset=true resetMask=3
03-18 16:30:10.361 D/ConnectivityService(  412):   curLp=null
03-18 16:30:10.361 D/ConnectivityService(  412):   newLp= null
03-18 16:30:10.361 D/ConnectivityService(  412): resetConnections(wlan0, 3)
03-18 16:30:10.361 D/NetworkPolicy(  412): setNetworkTemplateEnabled(): match rule = 1
03-18 16:30:10.461 D/ConnectivityService(  412): sendStickyBroadcast: action=android.net.conn.CONNECTIVITY_CHANGE_IMMEDIATE
03-18 16:30:10.461 D/ConnectivityService(  412): sendStickyBroadcastDelayed: delayMs=3000, action=android.net.conn.CONNECTIVITY_CHANGE
03-18 16:30:10.461 D/MobileDataStateTracker(  412): default: setPolicyDataEnable(enabled=true)
03-18 16:30:10.461 D/MobileDataStateTracker(  412): default: setPolicyDataEnable(enabled=true)
03-18 16:30:10.461 D/NetworkPolicy(  412): setNetworkTemplateEnabled(): match rule = 1
03-18 16:30:10.461 D/MobileDataStateTracker(  412): default: setPolicyDataEnable(enabled=true)
03-18 16:30:10.461 D/NetworkPolicy(  412): setNetworkTemplateEnabled(): match rule = 1
03-18 16:30:10.471 D/MobileDataStateTracker(  412): default: setPolicyDataEnable(enabled=true)
03-18 16:30:10.511 D/ConnectivityService(  412): reportNetworkCondition(1, 0)
03-18 16:30:10.511 D/ConnectivityService(  412): handleInetConditionChange: no active default network - ignore
03-18 16:30:13.354 D/ConnectivityService(  412): sendStickyBroadcast: action=android.net.conn.CONNECTIVITY_CHANGE
03-18 16:30:13.364 D/StatusBar.NetworkControllerDS( 1641): updateConnectivity: intent=Intent { act=android.net.conn.CONNECTIVITY_CHANGE flg=0x8000010 (has extras) }
03-18 16:30:13.364 D/StatusBar.NetworkControllerDS( 1641): updateConnectivity: networkInfo=null
03-18 16:30:13.364 D/StatusBar.NetworkControllerDS( 1641): updateConnectivity: connectionStatus=0
03-18 16:30:13.364 D/StatusBar.NetworkControllerDS( 1641): updateTelephonySignalStrength: !hasService()
03-18 16:30:13.454 I/ActivityManager(  412): Start proc com.aidufei.tvphonereflection for broadcast com.aidufei.tvphonereflection/.BootReceiver: pid=6297 uid=10047 gids={1015, 3003, 1028}
03-18 16:30:13.464 D/ConnectivityService(  412): sendStickyBroadcast: action=android.net.conn.CONNECTIVITY_CHANGE
03-18 16:30:13.464 D/StatusBar.NetworkControllerDS( 1641): updateConnectivity: intent=Intent { act=android.net.conn.CONNECTIVITY_CHANGE flg=0x8000010 (has extras) }
03-18 16:30:13.464 D/StatusBar.NetworkControllerDS( 1641): updateConnectivity: networkInfo=null
03-18 16:30:13.464 D/StatusBar.NetworkControllerDS( 1641): updateConnectivity: connectionStatus=0
03-18 16:30:13.464 D/StatusBar.NetworkControllerDS( 1641): updateTelephonySignalStrength: !hasService()
03-18 16:30:15.406 I/ActivityManager(  412): START {act=android.settings.WIFI_SETTINGS cmp=com.android.settings/.Settings$WifiSettingsActivity u=0} from pid 2866
03-18 16:30:15.516 I/ActivityManager(  412): Config changed: {1.0 460mcc0mnc zh_CN sw360dp w360dp h620dp nrml long port finger -keyb/v/h -nav/h s.39}
03-18 16:30:23.053 W/MountService(  412): getVolumeState(/storage/sdcard0/external_sd): Unknown volume
03-18 16:30:23.063 W/MountService(  412): getVolumeState(/mnt/sdcard-ext): Unknown volume
03-18 16:30:23.063 W/MountService(  412): getVolumeState(/mnt/ext_sdcard): Unknown volume
03-18 16:30:23.063 W/MountService(  412): getVolumeState(/mnt/sdcard2): Unknown volume
03-18 16:30:23.063 W/MountService(  412): getVolumeState(/mnt/emmc): Unknown volume
03-18 16:30:23.063 W/MountService(  412): getVolumeState(/mnt/extSdCard): Unknown volume
03-18 16:30:23.063 W/MountService(  412): getVolumeState(/mnt/sdcard/SD_CARD): Unknown volume
03-18 16:30:23.063 W/MountService(  412): getVolumeState(/mnt/sdcard/extra_sd): Unknown volume
03-18 16:30:23.063 W/MountService(  412): getVolumeState(/mnt/extrasd_bind): Unknown volume
03-18 16:30:23.063 W/MountService(  412): getVolumeState(/mnt/sdcard/ext_sd): Unknown volume
03-18 16:30:23.063 W/MountService(  412): getVolumeState(/storage/extSdCard): Unknown volume
03-18 16:30:23.063 W/MountService(  412): getVolumeState(/storage/sdcard1): Unknown volume
03-18 16:30:23.063 W/MountService(  412): getVolumeState(/mnt/sdcard/external_SD): Unknown volume
03-18 16:30:23.063 W/MountService(  412): getVolumeState(/mnt/sdcard/external_sd): Unknown volume
03-18 16:30:23.514 W/MountService(  412): getVolumeState(/storage/sdcard0/external_sd): Unknown volume
03-18 16:30:23.514 W/MountService(  412): getVolumeState(/mnt/sdcard-ext): Unknown volume
03-18 16:30:23.514 W/MountService(  412): getVolumeState(/mnt/ext_sdcard): Unknown volume
03-18 16:30:23.514 W/MountService(  412): getVolumeState(/mnt/sdcard2): Unknown volume
03-18 16:30:23.514 W/MountService(  412): getVolumeState(/mnt/emmc): Unknown volume
03-18 16:30:23.514 W/MountService(  412): getVolumeState(/mnt/extSdCard): Unknown volume
03-18 16:30:23.514 W/MountService(  412): getVolumeState(/mnt/sdcard/SD_CARD): Unknown volume
03-18 16:30:23.514 W/MountService(  412): getVolumeState(/mnt/sdcard/extra_sd): Unknown volume
03-18 16:30:23.514 W/MountService(  412): getVolumeState(/mnt/extrasd_bind): Unknown volume
03-18 16:30:23.514 W/MountService(  412): getVolumeState(/mnt/sdcard/ext_sd): Unknown volume
03-18 16:30:23.514 W/MountService(  412): getVolumeState(/storage/extSdCard): Unknown volume
03-18 16:30:23.514 W/MountService(  412): getVolumeState(/storage/sdcard1): Unknown volume
03-18 16:30:23.514 W/MountService(  412): getVolumeState(/mnt/sdcard/external_SD): Unknown volume
03-18 16:30:23.514 W/MountService(  412): getVolumeState(/mnt/sdcard/external_sd): Unknown volume
03-18 16:30:27.407 D/PhoneStatusBar( 1641): addNotification score=0
03-18 16:30:27.928 D/ConnectivityService(  412): ConnectivityChange for WIFI: CONNECTING/OBTAINING_IPADDR
03-18 16:30:27.928 D/ConnectivityService(  412): ConnectivityChange for WIFI: CONNECTING/OBTAINING_IPADDR
03-18 16:30:28.609 D/ConnectivityService(  412): ConnectivityChange for WIFI: CONNECTED/CONNECTED
03-18 16:30:28.609 D/ConnectivityService(  412): Setting TCP values: [524288,1048576,2097152,262144,524288,1048576] which comes from [net.tcp.buffersize.wifi]
03-18 16:30:28.609 D/ConnectivityService(  412): handleConnectivityChange: changed linkProperty[1]: doReset=false resetMask=0
03-18 16:30:28.609 D/ConnectivityService(  412):    curLp=null
03-18 16:30:28.609 D/ConnectivityService(  412):    newLp=InterfaceName: wlan0 LinkAddresses: [192.168.11.177/24,] Routes: [0.0.0.0/0 -> 192.168.11.1,] DnsAddresses: [192.168.11.1,] HttpProxy: [ProxyProperties.mHost == null] 
03-18 16:30:28.609 D/ConnectivityService(  412): Adding 192.168.11.1/32 -> 0.0.0.0 for interface wlan0
03-18 16:30:28.619 D/ConnectivityService(  412): Adding 0.0.0.0/0 -> 192.168.11.1 for interface wlan0
03-18 16:30:28.619 D/ConnectivityService(  412): resetting DNS cache for wlan0
03-18 16:30:28.619 D/ConnectivityService(  412): sendStickyBroadcast: action=android.net.conn.CONNECTIVITY_CHANGE_IMMEDIATE
03-18 16:30:28.619 D/ConnectivityService(  412): sendStickyBroadcastDelayed: delayMs=3000, action=android.net.conn.CONNECTIVITY_CHANGE
03-18 16:30:28.619 D/ConnectivityService(  412): ConnectivityChange for WIFI: CONNECTED/CONNECTED
03-18 16:30:28.619 D/ConnectivityService(  412): Setting TCP values: [524288,1048576,2097152,262144,524288,1048576] which comes from [net.tcp.buffersize.wifi]
03-18 16:30:28.619 D/ConnectivityService(  412): handleConnectivityChange: changed linkProperty[1]: doReset=false resetMask=0
03-18 16:30:28.619 D/ConnectivityService(  412):    curLp=InterfaceName: wlan0 LinkAddresses: [192.168.11.177/24,] Routes: [0.0.0.0/0 -> 192.168.11.1,] DnsAddresses: [192.168.11.1,] HttpProxy: [ProxyProperties.mHost == null] 
03-18 16:30:28.619 D/ConnectivityService(  412):    newLp=InterfaceName: wlan0 LinkAddresses: [192.168.11.177/24,] Routes: [0.0.0.0/0 -> 192.168.11.1,] DnsAddresses: [192.168.11.1,] HttpProxy: [ProxyProperties.mHost == null] 
03-18 16:30:28.619 D/ConnectivityService(  412): handleConnectivityChange: address are the same reset per doReset linkProperty[1]: resetMask=0
03-18 16:30:28.619 D/ConnectivityService(  412): sendStickyBroadcast: action=android.net.conn.CONNECTIVITY_CHANGE_IMMEDIATE
03-18 16:30:28.629 D/ConnectivityService(  412): sendStickyBroadcastDelayed: delayMs=3000, action=android.net.conn.CONNECTIVITY_CHANGE
03-18 16:30:28.629 D/NetworkPolicy(  412): setNetworkTemplateEnabled(): match rule = 1
03-18 16:30:28.639 D/MobileDataStateTracker(  412): default: setPolicyDataEnable(enabled=true)
03-18 16:30:28.639 D/NetworkPolicy(  412): setNetworkTemplateEnabled(): match rule = 1
03-18 16:30:28.649 D/MobileDataStateTracker(  412): default: setPolicyDataEnable(enabled=true)
03-18 16:30:28.659 D/NetworkPolicy(  412): setNetworkTemplateEnabled(): match rule = 1
03-18 16:30:28.659 D/MobileDataStateTracker(  412): default: setPolicyDataEnable(enabled=true)
03-18 16:30:28.659 D/NetworkPolicy(  412): setNetworkTemplateEnabled(): match rule = 1
03-18 16:30:28.659 D/MobileDataStateTracker(  412): default: setPolicyDataEnable(enabled=true)
03-18 16:30:29.610 D/ConnectivityService(  412): NetTransition Wakelock for WifiStateMachine released by timeout
03-18 16:30:31.622 D/ConnectivityService(  412): sendStickyBroadcast: action=android.net.conn.CONNECTIVITY_CHANGE
03-18 16:30:31.642 D/StatusBar.NetworkControllerDS( 1641): updateConnectivity: intent=Intent { act=android.net.conn.CONNECTIVITY_CHANGE flg=0x8000010 (has extras) }
03-18 16:30:31.642 D/StatusBar.NetworkControllerDS( 1641): updateConnectivity: networkInfo=NetworkInfo: type: WIFI[], state: CONNECTED/CONNECTED, reason: (unspecified), extra: (none), roaming: false, failover: false, isAvailable: true
03-18 16:30:31.642 D/StatusBar.NetworkControllerDS( 1641): updateConnectivity: connectionStatus=0
03-18 16:30:31.642 D/ConnectivityService(  412): sendStickyBroadcast: action=android.net.conn.CONNECTIVITY_CHANGE
03-18 16:30:31.642 D/StatusBar.NetworkControllerDS( 1641): updateTelephonySignalStrength: !hasService()
03-18 16:30:31.652 D/StatusBar.NetworkControllerDS( 1641): updateConnectivity: intent=Intent { act=android.net.conn.CONNECTIVITY_CHANGE flg=0x8000010 (has extras) }
03-18 16:30:31.652 D/StatusBar.NetworkControllerDS( 1641): updateConnectivity: networkInfo=NetworkInfo: type: WIFI[], state: CONNECTED/CONNECTED, reason: (unspecified), extra: (none), roaming: false, failover: false, isAvailable: true
03-18 16:30:31.652 D/StatusBar.NetworkControllerDS( 1641): updateConnectivity: connectionStatus=0
03-18 16:30:31.652 D/StatusBar.NetworkControllerDS( 1641): updateTelephonySignalStrength: !hasService()
03-18 16:30:31.862 I/ActivityManager(  412): Process com.aidufei.tvphonereflection (pid 6297) has died.
03-18 16:30:32.152 D/ConnectivityService(  412): reportNetworkCondition(1, 100)
03-18 16:30:32.152 D/ConnectivityService(  412): handleInetConditionChange: net=1, condition=100,mActiveDefaultNetwork=1
03-18 16:30:32.152 D/ConnectivityService(  412): handleInetConditionChange: starting a change hold
03-18 16:30:32.352 D/ConnectivityService(  412): ConnectivityChange for WIFI: DISCONNECTED/DISCONNECTED
03-18 16:30:32.352 D/ConnectivityService(  412): Attempting to switch to mobile
03-18 16:30:32.352 D/ConnectivityService(  412): Attempting to switch to BLUETOOTH_TETHER
03-18 16:30:32.352 D/ConnectivityService(  412): Attempting to switch to ETHERNET
03-18 16:30:32.352 D/ConnectivityService(  412): Attempting to switch to mobile2
03-18 16:30:32.362 D/ConnectivityService(  412): handleConnectivityChange: changed linkProperty[1]: doReset=true resetMask=3
03-18 16:30:32.362 D/ConnectivityService(  412):   curLp=InterfaceName: wlan0 LinkAddresses: [192.168.11.177/24,] Routes: [0.0.0.0/0 -> 192.168.11.1,] DnsAddresses: [192.168.11.1,] HttpProxy: [ProxyProperties.mHost == null] 
03-18 16:30:32.362 D/ConnectivityService(  412):   newLp= null
03-18 16:30:32.362 D/ConnectivityService(  412): Removing 192.168.11.1/32 -> 0.0.0.0 for interface wlan0
03-18 16:30:32.362 E/ConnectivityService(  412): Exception trying to remove a route: java.lang.IllegalStateException: command '237 interface route remove wlan0 default 192.168.11.1 32 0.0.0.0' failed with '400 237 Failed to remove route from default table (No such process)'
03-18 16:30:32.362 D/ConnectivityService(  412): Removing 0.0.0.0/0 -> 192.168.11.1 for interface wlan0
03-18 16:30:32.362 E/ConnectivityService(  412): Exception trying to remove a route: java.lang.IllegalStateException: command '238 interface route remove wlan0 default 0.0.0.0 0 192.168.11.1' failed with '400 238 Failed to remove route from default table (No such process)'
03-18 16:30:32.362 D/ConnectivityService(  412): resetConnections(wlan0, 3)
03-18 16:30:32.402 W/InputMethodManagerService(  412): Window already focused, ignoring focus gain of: com.android.internal.view.IInputMethodClient$Stub$Proxy@41f01ab8 attribute=null
03-18 16:30:32.472 D/ConnectivityService(  412): resetting DNS cache for wlan0
03-18 16:30:32.482 D/ConnectivityService(  412): sendStickyBroadcast: action=android.net.conn.CONNECTIVITY_CHANGE_IMMEDIATE
03-18 16:30:32.482 D/ConnectivityService(  412): sendStickyBroadcastDelayed: delayMs=3000, action=android.net.conn.CONNECTIVITY_CHANGE
03-18 16:30:32.482 D/ConnectivityService(  412): ConnectivityChange for WIFI: DISCONNECTED/DISCONNECTED
03-18 16:30:32.482 D/NetworkPolicy(  412): setNetworkTemplateEnabled(): match rule = 1
03-18 16:30:32.492 D/ConnectivityService(  412): Attempting to switch to mobile
03-18 16:30:32.492 D/ConnectivityService(  412): Attempting to switch to BLUETOOTH_TETHER
03-18 16:30:32.492 D/ConnectivityService(  412): Attempting to switch to ETHERNET
03-18 16:30:32.492 D/ConnectivityService(  412): Attempting to switch to mobile2
03-18 16:30:32.492 D/ConnectivityService(  412): handleConnectivityChange: changed linkProperty[1]: doReset=true resetMask=3
03-18 16:30:32.492 D/ConnectivityService(  412):   curLp=null
03-18 16:30:32.492 D/ConnectivityService(  412):   newLp= null
03-18 16:30:32.492 D/ConnectivityService(  412): resetConnections(wlan0, 3)
03-18 16:30:32.502 D/NetworkPolicy(  412): setNetworkTemplateEnabled(): match rule = 1
03-18 16:30:32.572 D/ConnectivityService(  412): reportNetworkCondition(1, 0)
03-18 16:30:32.592 D/ConnectivityService(  412): sendStickyBroadcast: action=android.net.conn.CONNECTIVITY_CHANGE_IMMEDIATE
03-18 16:30:32.592 D/ConnectivityService(  412): sendStickyBroadcastDelayed: delayMs=3000, action=android.net.conn.CONNECTIVITY_CHANGE
03-18 16:30:32.592 D/MobileDataStateTracker(  412): default: setPolicyDataEnable(enabled=true)
03-18 16:30:32.592 D/NetworkPolicy(  412): setNetworkTemplateEnabled(): match rule = 1
03-18 16:30:32.602 D/MobileDataStateTracker(  412): default: setPolicyDataEnable(enabled=true)
03-18 16:30:32.602 D/NetworkPolicy(  412): setNetworkTemplateEnabled(): match rule = 1
03-18 16:30:32.602 D/ConnectivityService(  412): handleInetConditionChange: no active default network - ignore
03-18 16:30:32.602 D/MobileDataStateTracker(  412): default: setPolicyDataEnable(enabled=true)
03-18 16:30:32.602 D/MobileDataStateTracker(  412): default: setPolicyDataEnable(enabled=true)
03-18 16:30:32.653 D/ConnectivityService(  412): handleInetConditionHoldEnd: net=1, condition=100, published condition=0
03-18 16:30:32.653 D/ConnectivityService(  412): handleInetConditionHoldEnd: no active default network - ignoring
03-18 16:30:35.485 D/ConnectivityService(  412): sendStickyBroadcast: action=android.net.conn.CONNECTIVITY_CHANGE
03-18 16:30:35.495 D/StatusBar.NetworkControllerDS( 1641): updateConnectivity: intent=Intent { act=android.net.conn.CONNECTIVITY_CHANGE flg=0x8000010 (has extras) }
03-18 16:30:35.495 D/StatusBar.NetworkControllerDS( 1641): updateConnectivity: networkInfo=null
03-18 16:30:35.495 D/StatusBar.NetworkControllerDS( 1641): updateConnectivity: connectionStatus=0
03-18 16:30:35.495 D/StatusBar.NetworkControllerDS( 1641): updateTelephonySignalStrength: !hasService()
03-18 16:30:35.545 I/ActivityManager(  412): Start proc com.aidufei.tvphonereflection for broadcast com.aidufei.tvphonereflection/.BootReceiver: pid=6362 uid=10047 gids={1015, 3003, 1028}
03-18 16:30:35.595 D/ConnectivityService(  412): sendStickyBroadcast: action=android.net.conn.CONNECTIVITY_CHANGE
03-18 16:30:35.595 D/StatusBar.NetworkControllerDS( 1641): updateConnectivity: intent=Intent { act=android.net.conn.CONNECTIVITY_CHANGE flg=0x8000010 (has extras) }
03-18 16:30:35.595 D/StatusBar.NetworkControllerDS( 1641): updateConnectivity: networkInfo=null
03-18 16:30:35.595 D/StatusBar.NetworkControllerDS( 1641): updateConnectivity: connectionStatus=0
03-18 16:30:35.595 D/StatusBar.NetworkControllerDS( 1641): updateTelephonySignalStrength: !hasService()
03-18 16:30:37.517 W/InputMethodManagerService(  412): Window already focused, ignoring focus gain of: com.android.internal.view.IInputMethodClient$Stub$Proxy@41f322f8 attribute=null
03-18 16:30:40.360 D/ConnectivityService(  412): ConnectivityChange for WIFI: CONNECTING/OBTAINING_IPADDR
03-18 16:30:40.360 D/ConnectivityService(  412): ConnectivityChange for WIFI: CONNECTING/OBTAINING_IPADDR
03-18 16:30:53.253 D/ConnectivityService(  412): ConnectivityChange for WIFI: CONNECTED/CONNECTED
03-18 16:30:53.253 D/ConnectivityService(  412): Setting TCP values: [524288,1048576,2097152,262144,524288,1048576] which comes from [net.tcp.buffersize.wifi]
03-18 16:30:53.253 D/ConnectivityService(  412): adding dns 192.168.43.1 for WIFI
03-18 16:30:53.263 D/ConnectivityService(  412): handleConnectivityChange: changed linkProperty[1]: doReset=false resetMask=0
03-18 16:30:53.263 D/ConnectivityService(  412):    curLp=null
03-18 16:30:53.263 D/ConnectivityService(  412):    newLp=InterfaceName: wlan0 LinkAddresses: [192.168.43.252/24,] Routes: [0.0.0.0/0 -> 192.168.43.1,] DnsAddresses: [192.168.43.1,] HttpProxy: [ProxyProperties.mHost == null] 
03-18 16:30:53.263 D/ConnectivityService(  412): Adding 192.168.43.1/32 -> 0.0.0.0 for interface wlan0
03-18 16:30:53.263 D/ConnectivityService(  412): Adding 0.0.0.0/0 -> 192.168.43.1 for interface wlan0
03-18 16:30:53.263 D/ConnectivityService(  412): resetting DNS cache for wlan0
03-18 16:30:53.263 D/ConnectivityService(  412): sendStickyBroadcast: action=android.net.conn.CONNECTIVITY_CHANGE_IMMEDIATE
03-18 16:30:53.263 D/ConnectivityService(  412): sendStickyBroadcastDelayed: delayMs=3000, action=android.net.conn.CONNECTIVITY_CHANGE
03-18 16:30:53.263 D/ConnectivityService(  412): ConnectivityChange for WIFI: CONNECTED/CONNECTED
03-18 16:30:53.263 D/ConnectivityService(  412): Setting TCP values: [524288,1048576,2097152,262144,524288,1048576] which comes from [net.tcp.buffersize.wifi]
03-18 16:30:53.273 D/NetworkPolicy(  412): setNetworkTemplateEnabled(): match rule = 1
03-18 16:30:53.273 D/ConnectivityService(  412): handleConnectivityChange: changed linkProperty[1]: doReset=false resetMask=0
03-18 16:30:53.273 D/ConnectivityService(  412):    curLp=InterfaceName: wlan0 LinkAddresses: [192.168.43.252/24,] Routes: [0.0.0.0/0 -> 192.168.43.1,] DnsAddresses: [192.168.43.1,] HttpProxy: [ProxyProperties.mHost == null] 
03-18 16:30:53.273 D/ConnectivityService(  412):    newLp=InterfaceName: wlan0 LinkAddresses: [192.168.43.252/24,] Routes: [0.0.0.0/0 -> 192.168.43.1,] DnsAddresses: [192.168.43.1,] HttpProxy: [ProxyProperties.mHost == null] 
03-18 16:30:53.273 D/ConnectivityService(  412): handleConnectivityChange: address are the same reset per doReset linkProperty[1]: resetMask=0
03-18 16:30:53.273 D/ConnectivityService(  412): sendStickyBroadcast: action=android.net.conn.CONNECTIVITY_CHANGE_IMMEDIATE
03-18 16:30:53.283 D/NetworkPolicy(  412): setNetworkTemplateEnabled(): match rule = 1
03-18 16:30:53.283 D/ConnectivityService(  412): sendStickyBroadcastDelayed: delayMs=3000, action=android.net.conn.CONNECTIVITY_CHANGE
03-18 16:30:53.283 D/MobileDataStateTracker(  412): default: setPolicyDataEnable(enabled=true)
03-18 16:30:53.283 D/MobileDataStateTracker(  412): default: setPolicyDataEnable(enabled=true)
03-18 16:30:53.293 D/NetworkPolicy(  412): setNetworkTemplateEnabled(): match rule = 1
03-18 16:30:53.293 D/MobileDataStateTracker(  412): default: setPolicyDataEnable(enabled=true)
03-18 16:30:53.293 D/NetworkPolicy(  412): setNetworkTemplateEnabled(): match rule = 1
03-18 16:30:53.303 D/MobileDataStateTracker(  412): default: setPolicyDataEnable(enabled=true)
03-18 16:30:54.254 D/ConnectivityService(  412): NetTransition Wakelock for WifiStateMachine released by timeout
03-18 16:30:56.276 D/ConnectivityService(  412): sendStickyBroadcast: action=android.net.conn.CONNECTIVITY_CHANGE
03-18 16:30:56.286 D/ConnectivityService(  412): sendStickyBroadcast: action=android.net.conn.CONNECTIVITY_CHANGE
03-18 16:30:56.286 D/StatusBar.NetworkControllerDS( 1641): updateConnectivity: intent=Intent { act=android.net.conn.CONNECTIVITY_CHANGE flg=0x8000010 (has extras) }
03-18 16:30:56.286 D/StatusBar.NetworkControllerDS( 1641): updateConnectivity: networkInfo=NetworkInfo: type: WIFI[], state: CONNECTED/CONNECTED, reason: (unspecified), extra: (none), roaming: false, failover: false, isAvailable: true
03-18 16:30:56.286 D/StatusBar.NetworkControllerDS( 1641): updateConnectivity: connectionStatus=0
03-18 16:30:56.286 D/StatusBar.NetworkControllerDS( 1641): updateTelephonySignalStrength: !hasService()
03-18 16:30:56.286 D/StatusBar.NetworkControllerDS( 1641): updateConnectivity: intent=Intent { act=android.net.conn.CONNECTIVITY_CHANGE flg=0x8000010 (has extras) }
03-18 16:30:56.296 D/StatusBar.NetworkControllerDS( 1641): updateConnectivity: networkInfo=NetworkInfo: type: WIFI[], state: CONNECTED/CONNECTED, reason: (unspecified), extra: (none), roaming: false, failover: false, isAvailable: true
03-18 16:30:56.296 D/StatusBar.NetworkControllerDS( 1641): updateConnectivity: connectionStatus=0
03-18 16:30:56.296 D/StatusBar.NetworkControllerDS( 1641): updateTelephonySignalStrength: !hasService()
03-18 16:30:56.506 I/ActivityManager(  412): Process com.aidufei.tvphonereflection (pid 6362) has died.
03-18 16:31:00.490 D/ConnectivityService(  412): reportNetworkCondition(1, 100)
03-18 16:31:00.490 D/ConnectivityService(  412): handleInetConditionChange: net=1, condition=100,mActiveDefaultNetwork=1
03-18 16:31:00.490 D/ConnectivityService(  412): handleInetConditionChange: starting a change hold
03-18 16:31:00.990 D/ConnectivityService(  412): handleInetConditionHoldEnd: net=1, condition=100, published condition=0
03-18 16:31:00.990 D/ConnectivityService(  412): sendStickyBroadcast: action=android.net.conn.INET_CONDITION_ACTION
03-18 16:31:00.990 D/StatusBar.NetworkControllerDS( 1641): updateConnectivity: intent=Intent { act=android.net.conn.INET_CONDITION_ACTION flg=0x8000010 (has extras) }
03-18 16:31:00.990 D/StatusBar.NetworkControllerDS( 1641): updateConnectivity: networkInfo=NetworkInfo: type: WIFI[], state: CONNECTED/CONNECTED, reason: (unspecified), extra: (none), roaming: false, failover: false, isAvailable: true
03-18 16:31:00.990 D/StatusBar.NetworkControllerDS( 1641): updateConnectivity: connectionStatus=100
03-18 16:31:00.990 D/StatusBar.NetworkControllerDS( 1641): updateTelephonySignalStrength: !hasService()
03-18 16:31:23.062 W/MountService(  412): getVolumeState(/storage/sdcard0/external_sd): Unknown volume
03-18 16:31:23.062 W/MountService(  412): getVolumeState(/mnt/sdcard-ext): Unknown volume
03-18 16:31:23.062 W/MountService(  412): getVolumeState(/mnt/ext_sdcard): Unknown volume
03-18 16:31:23.062 W/MountService(  412): getVolumeState(/mnt/sdcard2): Unknown volume
03-18 16:31:23.062 W/MountService(  412): getVolumeState(/mnt/emmc): Unknown volume
03-18 16:31:23.062 W/MountService(  412): getVolumeState(/mnt/extSdCard): Unknown volume
03-18 16:31:23.062 W/MountService(  412): getVolumeState(/mnt/sdcard/SD_CARD): Unknown volume
03-18 16:31:23.062 W/MountService(  412): getVolumeState(/mnt/sdcard/extra_sd): Unknown volume
03-18 16:31:23.062 W/MountService(  412): getVolumeState(/mnt/extrasd_bind): Unknown volume
