01-01 20:00:13.111 I/MediaScannerService( 1415): ==========================================
01-01 20:00:13.144 D/SettingGlobalReceiver==>( 1495): android.intent.action.BOOT_COMPLETED
01-01 20:00:13.184 E/PhonePolicy(  737): Could not preload class for phone policy: com.android.internal.policy.impl.PhoneWindow$ContextMenuCallback
01-01 20:00:13.188 I/Zygote  (  737): ...preloaded 107 classes in 303ms.
01-01 20:00:13.204 D/dalvikvm( 1509): Not late-enabling CheckJNI (already on)
01-01 20:00:13.208 I/Zygote  (  737): Preloading classes...
01-01 20:00:13.211 I/ActivityManager(  948): Start proc com.aidufei.movieonline for broadcast com.aidufei.movieonline/com.aidufei.otoService.BootReceiver: pid=1509 uid=1000 gids={3003, 1015, 3002, 3001, 3004}
01-01 20:00:13.220 W/InputManagerService(  948): Window already focused, ignoring focus gain of: com.android.internal.view.IInputMethodClient$Stub$Proxy@4157d470
01-01 20:00:13.256 V/EthernetMonitor(  948): get event 
01-01 20:00:13.256 V/EthernetMonitor(  948): go poll events
01-01 20:00:13.260 V/EthernetMonitor(  948): get event 
01-01 20:00:13.260 V/EthernetMonitor(  948): go poll events
01-01 20:00:13.264 I/wpa_supplicant( 1198): wlan0: Trying to associate with 20:c9:d0:23:2e:4d (SSID='apple_route_01' freq=2412 MHz)
01-01 20:00:13.264 V/PortalLuanch( 1249): onResume
01-01 20:00:13.280 D/PortalLuanch( 1249): find app procname=android.process.media importance=300
01-01 20:00:13.284 W/luancher( 1249): android.content.pm.PackageManager$NameNotFoundException: android.process.media
01-01 20:00:13.284 D/PortalLuanch( 1249): find app procname=com.aidufei.movieonline importance=100
01-01 20:00:13.284 D/PortalLuanch( 1249): find app procname=com.android.settings importance=400
01-01 20:00:13.288 D/PortalLuanch( 1249): find app procname=com.android.inputmethod.pinyin importance=130
01-01 20:00:13.288 D/PortalLuanch( 1249): find app procname=com.android.systemui importance=200
01-01 20:00:13.288 D/PortalLuanch( 1249): find app procname=com.coship.HS importance=200
01-01 20:00:13.288 V/EthernetMonitor(  948): get event 
01-01 20:00:13.288 V/EthernetMonitor(  948): go poll events
01-01 20:00:13.291 I/wpa_supplicant( 1198): wlan0: Associated with 20:c9:d0:23:2e:4d
01-01 20:00:13.291 V/EthernetMonitor(  948): get event 
01-01 20:00:13.291 V/EthernetMonitor(  948): go poll events
01-01 20:00:13.291 V/EthernetMonitor(  948): get event 
01-01 20:00:13.291 V/EthernetMonitor(  948): go poll events
01-01 20:00:13.296 D/PortalLuanch( 1249): find app procname=system importance=100
01-01 20:00:13.296 D/PortalLuanch( 1249): find app procname=com.google.process.gapps importance=200
01-01 20:00:13.296 V/EthernetMonitor(  948): get event 
01-01 20:00:13.296 V/EthernetMonitor(  948): go poll events
01-01 20:00:13.300 W/luancher( 1249): android.content.pm.PackageManager$NameNotFoundException: com.google.process.gapps
01-01 20:00:13.304 D/PortalLuanch( 1249): find app procname=com.android.providers.calendar importance=300
01-01 20:00:13.308 D/PortalLuanch( 1249): find app procname=android.process.acore importance=400
01-01 20:00:13.311 W/luancher( 1249): android.content.pm.PackageManager$NameNotFoundException: android.process.acore
01-01 20:00:13.311 D/PortalLuanch( 1249): find app procname=com.coship.cw880 importance=300
01-01 20:00:13.316 I/wpa_supplicant( 1198): wlan0: WPA: Key negotiation completed with 20:c9:d0:23:2e:4d [PTK=CCMP GTK=CCMP]
01-01 20:00:13.316 D/PortalLuanch( 1249): find app procname=com.android.contacts importance=400
01-01 20:00:13.316 V/EthernetMonitor(  948): get event 
01-01 20:00:13.316 V/EthernetMonitor(  948): go poll events
01-01 20:00:13.320 I/wpa_supplicant( 1198): wlan0: CTRL-EVENT-CONNECTED - Connection to 20:c9:d0:23:2e:4d completed (auth) [id=1 id_str=]
01-01 20:00:13.324 D/PortalLuanch( 1249): find app procname=com.mstar.dbprovider importance=400
01-01 20:00:13.324 V/EthernetMonitor(  948): get event 
01-01 20:00:13.324 V/EthernetMonitor(  948): go poll events
01-01 20:00:13.328 D/PortalLuanch( 1249): find app procname=com.coship.sdp.sce.tvappstore importance=100
01-01 20:00:13.331 D/PortalLuanch( 1249): find app procname=com.iflytek.vaf.TouchKey importance=100
01-01 20:00:13.351 I/TabletStatusBar( 1146): receiver broadcast
01-01 20:00:13.351 I/Min3D   ( 1249): Renderer.onSurfaceCreated()
01-01 20:00:13.351 V/Min3D   ( 1249): RenderCaps - openGLVersion: 1.1
01-01 20:00:13.351 V/Min3D   ( 1249): RenderCaps - maxTextureUnits: 8
01-01 20:00:13.351 V/Min3D   ( 1249): RenderCaps - maxTextureSize: 4096
01-01 20:00:13.351 V/Min3D   ( 1249): RenderCaps - maxLights: 8
01-01 20:00:13.360 I/Min3D   ( 1249): Scene.init()
01-01 20:00:13.360 I/Min3D   ( 1249): ManagedLightList.reset()
01-01 20:00:13.411 D/dalvikvm( 1249): GC_FOR_ALLOC freed 157K, 52% free 6501K/13379K, paused 31ms
01-01 20:00:13.431 D/dalvikvm(  737): GC_EXPLICIT freed 261K, 71% free 1695K/5699K, paused 4ms+2ms
01-01 20:00:13.440 I/dalvikvm-heap( 1249): Grow heap (frag case) to 13.460MB for 3686416-byte allocation
01-01 20:00:13.476 D/dalvikvm( 1249): GC_FOR_ALLOC freed <1K, 41% free 10100K/17027K, paused 18ms
01-01 20:00:13.511 D/dalvikvm( 1249): GC_CONCURRENT freed 0K, 41% free 10100K/17027K, paused 1ms+2ms
01-01 20:00:13.511 I/Zygote  (  737): ...preloaded 61 classes in 302ms.
01-01 20:00:13.528 D/dalvikvm( 1509): GC_CONCURRENT freed 330K, 70% free 1769K/5827K, paused 3ms+13ms
01-01 20:00:13.580 D/FeiApplication( 1509): read server address from SharedPreferences.
01-01 20:00:13.580 I/CalendarProvider2( 1446): Sending notification intent: Intent { act=android.intent.action.PROVIDER_CHANGED dat=content://com.android.calendar }
01-01 20:00:13.584 W/ContentResolver( 1446): Failed to get type for: content://com.android.calendar (Unknown URL content://com.android.calendar)
01-01 20:00:13.584 D/BootReceiver( 1509): startOtOService
01-01 20:00:13.636 I/Zygote  (  737): Preloading classes...
01-01 20:00:13.640 I/ActivityManager(  948): Start proc com.iflytek.vac for broadcast com.iflytek.vaf/com.iflytek.vocmd.Loader: pid=1533 uid=10027 gids={3003, 1015}
01-01 20:00:13.644 V/OtOService( 1509): onCreate
01-01 20:00:13.671 I/dalvikvm( 1533): Turning on JNI app bug workarounds for target SDK version 8...
01-01 20:00:13.671 V/EthernetMonitor(  948): get event 
01-01 20:00:13.671 V/EthernetMonitor(  948): go poll events
01-01 20:00:13.744 I/test    ( 1509): result: null
01-01 20:00:13.744 I/test    ( 1509): null
01-01 20:00:13.756 D/dalvikvm(  737): GC_EXPLICIT freed 211K, 71% free 1703K/5699K, paused 7ms+8ms
01-01 20:00:13.771 D/dalvikvm( 1431): GC_CONCURRENT freed 225K, 72% free 1600K/5571K, paused 2ms+1ms
01-01 20:00:13.808 I/FeiApplication( 1509): SystemPropertiesClass:class android.os.SystemProperties
01-01 20:00:13.811 W/FeiApplication( 1509): ~~~~~~~~~~~~~~~~~~~~~~method:public static java.lang.String android.os.SystemProperties.get(java.lang.String,java.lang.String)
01-01 20:00:13.811 W/FeiApplication( 1509): ~~~~~~~~~~~~~~~~~~~~~~returnvalue:ly
01-01 20:00:13.940 D/dalvikvm( 1509): GC_CONCURRENT freed 424K, 69% free 1904K/6019K, paused 2ms+2ms
01-01 20:00:13.951 I/Zygote  (  737): ...preloaded 69 classes in 316ms.
01-01 20:00:13.960 D/dalvikvm( 1533): GC_CONCURRENT freed 380K, 71% free 1761K/5891K, paused 2ms+9ms
01-01 20:00:13.984 E/DeviceAnnounce( 1509): DeviceAnnounce
01-01 20:00:14.011 I/Zygote  (  737): Preloading classes...
01-01 20:00:14.016 I/ActivityManager(  948): Start proc com.coship.changetheaudiooutput for broadcast com.coship.changetheaudiooutput/.BootCompletedReceiver: pid=1562 uid=10031 gids={3002, 3001, 3004}
01-01 20:00:14.020 E/OtOService( 1509): onStart
01-01 20:00:14.020 I/FeiApplication( 1509): SystemPropertiesClass:class android.os.SystemProperties
01-01 20:00:14.020 W/FeiApplication( 1509): ~~~~~~~~~~~~~~~~~~~~~~method:public static java.lang.String android.os.SystemProperties.get(java.lang.String,java.lang.String)
01-01 20:00:14.020 W/FeiApplication( 1509): ~~~~~~~~~~~~~~~~~~~~~~returnvalue:ly
01-01 20:00:14.024 D/VAFCheck( 1533): =====>Init Thread 1
01-01 20:00:14.044 I/System.out( 1249): 1167652814048____________________________
01-01 20:00:14.100 D/dalvikvm( 1509): GC_FOR_ALLOC freed 396K, 71% free 1839K/6147K, paused 72ms
01-01 20:00:14.124 I/System.out( 1249): 1167652814128++++++++++++++++++++++++++++++++++++++
01-01 20:00:14.128 V/portal  ( 1249): menubar initialize 2
01-01 20:00:14.140 I/Min3D   ( 1249): Renderer.onSurfaceChanged()
01-01 20:00:14.140 D/dalvikvm(  737): GC_EXPLICIT freed 226K, 70% free 1731K/5699K, paused 1ms+8ms
01-01 20:00:14.171 D/DeviceAnnounce( 1509): resetSocket
01-01 20:00:14.188 D/ServerAdapter( 1509): resetDeviceAnnounce
01-01 20:00:14.204 E/OtOService( 1509): onStart
01-01 20:00:14.204 I/FeiApplication( 1509): SystemPropertiesClass:class android.os.SystemProperties
01-01 20:00:14.204 W/FeiApplication( 1509): ~~~~~~~~~~~~~~~~~~~~~~method:public static java.lang.String android.os.SystemProperties.get(java.lang.String,java.lang.String)
01-01 20:00:14.204 W/FeiApplication( 1509): ~~~~~~~~~~~~~~~~~~~~~~returnvalue:ly
01-01 20:00:14.260 D/dalvikvm( 1509): GC_CONCURRENT freed 391K, 69% free 1962K/6147K, paused 3ms+2ms
01-01 20:00:14.284 D/DeviceAnnounce( 1509): resetSocket
01-01 20:00:14.300 D/DhcpInfoInternal(  948): makeLinkProperties with empty dns2!
01-01 20:00:14.300 D/DhcpInfoInternal(  948): makeLinkProperties with empty dns2!
01-01 20:00:14.308 D/ServerAdapter( 1509): resetDeviceAnnounce
01-01 20:00:14.311 I/Zygote  (  737): ...preloaded 247 classes in 301ms.
01-01 20:00:14.351 I/Zygote  (  737): Preloading classes...
01-01 20:00:14.356 I/ActivityManager(  948): Start proc com.iflytek.vaf.svc.rec for service com.iflytek.vaf/.svc.VAFSvc: pid=1582 uid=10027 gids={3003, 1015}
01-01 20:00:14.360 D/VAFCheck( 1533): <=====Init Thread 1
01-01 20:00:14.360 D/StartService( 1533): =====> onStart
01-01 20:00:14.371 D/ConnectivityService(  948): ConnectivityChange for WIFI: CONNECTED/CONNECTED
01-01 20:00:14.376 I/TabletStatusBar( 1146): receiver broadcast
01-01 20:00:14.380 D/StartService( 1533): <===== onStart
01-01 20:00:14.400 I/dalvikvm( 1582): Turning on JNI app bug workarounds for target SDK version 8...
01-01 20:00:14.436 D/ConnectivityService(  948): ConnectivityChange for WIFI: CONNECTED/CONNECTED
01-01 20:00:14.480 D/dalvikvm(  737): GC_EXPLICIT freed 277K, 70% free 1800K/5827K, paused 2ms+1ms
01-01 20:00:14.568 D/ConnectivityService(  948): handleConnectivityChange: address are the same reset per doReset linkProperty[1]: resetMask=0
01-01 20:00:14.576 D/dalvikvm(  948): GC_CONCURRENT freed 744K, 59% free 3200K/7683K, paused 3ms+5ms
01-01 20:00:14.671 D/dalvikvm( 1582): GC_CONCURRENT freed 306K, 69% free 1841K/5891K, paused 2ms+2ms
01-01 20:00:14.676 D/VAFSvc  ( 1582): onCreate Thread 1
01-01 20:00:14.708 D/BootCompletedReceiver( 1562): [onReceive] changetheaudiooutput registerReceiver Action: android.intent.action.BOOT_COMPLETED
01-01 20:00:14.731 D/VAFSvc  ( 1582): =====>Talker(com.iflytek.vaf.svc.VAFSvc@41514a48)
01-01 20:00:14.740 W/NetworkStats(  948): dropping UID delta from unknown iface: iface=wlan0 uid=0 set=DEFAULT tag=0x0 rxBytes=496 rxPackets=2 txBytes=704 txPackets=7 operations=0
01-01 20:00:14.768 I/Zygote  (  737): ...preloaded 364 classes in 416ms.
01-01 20:00:14.791 I/Zygote  (  737): Preloading classes...
01-01 20:00:14.800 I/ActivityManager(  948): Start proc com.coship.Multimedia for broadcast com.coship.Multimedia/.view.BootCompletedReceiver: pid=1596 uid=1000 gids={3003, 1015, 3002, 3001, 3004}
01-01 20:00:14.836 D/RemotePcmRecorder( 1582): mRunBind in
01-01 20:00:14.864 D/dalvikvm( 1562): GC_FOR_ALLOC freed 264K, 70% free 1752K/5763K, paused 119ms
01-01 20:00:14.868 I/dalvikvm-heap( 1562): Grow heap (frag case) to 5.565MB for 265280-byte allocation
01-01 20:00:14.888 D/dalvikvm( 1596): GC_CONCURRENT freed 402K, 69% free 1907K/6019K, paused 3ms+6ms
01-01 20:00:14.888 D/dalvikvm(  737): GC_EXPLICIT freed 404K, 69% free 1907K/6019K, paused 2ms+5ms
01-01 20:00:14.924 D/dalvikvm( 1562): GC_FOR_ALLOC freed 1K, 67% free 2010K/6083K, paused 52ms
01-01 20:00:15.004 D/dalvikvm( 1562): GC_FOR_ALLOC freed 315K, 70% free 1895K/6211K, paused 53ms
01-01 20:00:15.008 I/dalvikvm-heap( 1562): Grow heap (frag case) to 6.057MB for 635812-byte allocation
01-01 20:00:15.048 D/dalvikvm( 1562): GC_CONCURRENT freed <1K, 64% free 2515K/6851K, paused 2ms+2ms
01-01 20:00:15.068 D/dalvikvm( 1562): GC_FOR_ALLOC freed 0K, 64% free 2516K/6851K, paused 17ms
01-01 20:00:15.068 I/dalvikvm-heap( 1562): Grow heap (frag case) to 6.326MB for 281896-byte allocation
01-01 20:00:15.104 D/dalvikvm( 1562): GC_FOR_ALLOC freed 0K, 62% free 2791K/7171K, paused 29ms
01-01 20:00:15.200 V/AudioOutputServer( 1562): +++++onCreate+++++
01-01 20:00:16.011 I/System  (  737): Loaded time zone names for  in 1033ms (1028ms in ICU)
01-01 20:00:16.456 D/dalvikvm(  737): GC_FOR_ALLOC freed 433K, 68% free 2024K/6147K, paused 25ms
01-01 20:00:16.536 I/System  (  737): Loaded time zone names for en_US in 525ms (519ms in ICU)
01-01 20:00:16.984 I/System  (  737): Loaded time zone names for zh_CN in 448ms (443ms in ICU)
01-01 20:00:16.984 I/Zygote  (  737): ...preloaded 9 classes in 2192ms.
01-01 20:00:17.004 I/ActivityManager(  948): Start proc com.iflytek.xiri.recorder.svc for service com.iflytek.xiri.recorder.svc/.PCMRecorderSvc: pid=1618 uid=10028 gids={3003, 1015}
01-01 20:00:17.008 D/MSCRecognizer( 1582): getMSCRecognizer
01-01 20:00:17.008 D/MSCRecognizer( 1582): MSCRecognizer
01-01 20:00:17.011 I/Zygote  (  737): Preloading classes...
01-01 20:00:17.060 D/dalvikvm( 1582): No JNI_OnLoad found in /system/lib/libvitvmsc.so 0x41545528, skipping init
01-01 20:00:17.060 D/MSCRecognizer( 1582): false false
01-01 20:00:17.184 D/dalvikvm(  737): GC_EXPLICIT freed 337K, 68% free 2048K/6211K, paused 2ms+9ms
01-01 20:00:17.231 I/BootCompletedReceiver( 1596): [onReceive] Action：android.intent.action.BOOT_COMPLETED
01-01 20:00:17.231 I/BootCompletedReceiver( 1596): [onReceive] Intent.ACTION_BOOT_COMPLETED：android.intent.action.BOOT_COMPLETED
01-01 20:00:17.280 D/MonitorCw880( 1470): currentRemoteHost is null ,continue
01-01 20:00:17.331 I/Zygote  (  737): ...preloaded 30 classes in 319ms.
01-01 20:00:17.371 W/ProcessStats(  948): Skipping unknown process pid 1637
01-01 20:00:17.404 D/dalvikvm(  737): GC_EXPLICIT freed 313K, 67% free 2107K/6211K, paused 2ms+3ms
01-01 20:00:17.448 D/dalvikvm(  737): GC_EXPLICIT freed <1K, 67% free 2107K/6211K, paused 2ms+2ms
01-01 20:00:17.484 D/dalvikvm(  737): GC_EXPLICIT freed <1K, 67% free 2107K/6211K, paused 2ms+3ms
01-01 20:00:17.520 I/ActivityManager(  948): Start proc com.iflytek.speech for service com.iflytek.speech/.SpeechService: pid=1641 uid=10023 gids={1015, 3003, 1007}
01-01 20:00:17.524 I/Zygote  (  737): Preloading classes...
01-01 20:00:17.528 V/audio_hw_primary(  739): out_get_latency ret 10ms
01-01 20:00:17.528 V/audio_hw_primary(  739): out_get_latency ret 10ms
01-01 20:00:17.528 V/audio_hw_primary(  739): out_get_latency ret 10ms
01-01 20:00:17.531 V/audio_hw_primary(  739): out_get_latency ret 10ms
01-01 20:00:17.531 D/AudioPlay3( 1582): AudioPlay3()1
01-01 20:00:17.560 D/BootCompletedReceiver( 1596): [onReceive] renderer was configed as autoboot,start backservice
01-01 20:00:17.564 D/Multimedia_BackService( 1596): BackService onStart called
01-01 20:00:17.568 D/Tethering(  948): MasterInitialState.processMessage what=3
01-01 20:00:17.571 I/Tools   ( 1596): SystemPropertiesClass:class android.os.SystemProperties
01-01 20:00:17.571 W/Tools   ( 1596): ~~~~~~~~~~~~~~~~~~~~~~method:public static java.lang.String android.os.SystemProperties.get(java.lang.String,java.lang.String)
01-01 20:00:17.571 W/Tools   ( 1596): ~~~~~~~~~~~~~~~~~~~~~~returnvalue:ly
01-01 20:00:17.571 D/Multimedia_BackService( 1596): device Name:ly
01-01 20:00:17.576 D/VAFSvc  ( 1582): onBind Thread 1
01-01 20:00:17.580 D/RemoteClientMonitor( 1582): create server
01-01 20:00:17.584 D/RemoteClientMonitor( 1582): server go to get socket
01-01 20:00:17.640 D/dalvikvm(  737): GC_EXPLICIT freed 4K, 67% free 2108K/6211K, paused 3ms+3ms
01-01 20:00:17.688 I/dalvikvm( 1641): Turning on JNI app bug workarounds for target SDK version 8...
01-01 20:00:17.836 D/dalvikvm( 1618): GC_FOR_ALLOC freed 370K, 67% free 2057K/6211K, paused 147ms
01-01 20:00:17.844 I/dalvikvm-heap( 1618): Grow heap (frag case) to 6.609MB for 1048592-byte allocation
01-01 20:00:17.888 D/dalvikvm( 1618): GC_CONCURRENT freed 1K, 58% free 3080K/7299K, paused 2ms+3ms
01-01 20:00:17.891 D/PCMRecorderServiceStub( 1618): onCreate --------->1167652817897
01-01 20:00:17.908 I/Zygote  (  737): ...preloaded 1 classes in 384ms.
01-01 20:00:17.936 D/PCMRecorderServiceStub( 1618): onCreate <---------1167652817942
01-01 20:00:17.940 D/PCMRecorderServiceStub( 1618): PCMRecorder onBind
01-01 20:00:17.980 I/Zygote  (  737): Preloading classes...
01-01 20:00:17.980 I/ActivityManager(  948): Start proc com.coship.TestApp for broadcast com.coship.TestApp/.BootCompletedReceiver: pid=1657 uid=1000 gids={3003, 1015, 3002, 3001, 3004}
01-01 20:00:17.988 D/VAFCheck( 1533): =====>onServiceConnected Thread 1
01-01 20:00:17.988 D/VAFCheck( 1533): <=====onServiceConnected
01-01 20:00:18.064 I/dalvikvm( 1657): Turning on JNI app bug workarounds for target SDK version 8...
01-01 20:00:18.120 D/dalvikvm(  737): GC_EXPLICIT freed 307K, 67% free 2108K/6211K, paused 4ms+27ms
01-01 20:00:18.136 D/dalvikvm(  948): GC_CONCURRENT freed 572K, 59% free 3203K/7683K, paused 3ms+13ms
01-01 20:00:18.280 I/Zygote  (  737): ...preloaded 105 classes in 301ms.
01-01 20:00:18.331 I/Zygote  (  737): Preloading classes...
01-01 20:00:18.360 I/ActivityManager(  948): Start proc com.android.phone for content provider com.android.providers.telephony/.TelephonyProvider: pid=1670 uid=1001 gids={1015}
01-01 20:00:18.396 D/Tethering(  948): MasterInitialState.processMessage what=3
01-01 20:00:18.424 D/Talker  ( 1582): onServiceConnected vac.Manager
01-01 20:00:18.424 D/RemotePcmRecorder( 1582): onServiceConnected
01-01 20:00:18.476 D/dalvikvm( 1596): GC_CONCURRENT freed 778K, 63% free 2613K/7043K, paused 4ms+2ms
01-01 20:00:18.484 D/dalvikvm(  737): GC_EXPLICIT freed 366K, 66% free 2158K/6275K, paused 2ms+3ms
01-01 20:00:18.484 I/TestApp_BootCompleted_Receiver( 1657): [onReceive] Action：android.intent.action.BOOT_COMPLETED
01-01 20:00:18.484 I/TestApp_BootCompleted_Receiver( 1657): [onReceive] Intent.ACTION_BOOT_COMPLETED：android.intent.action.BOOT_COMPLETED
01-01 20:00:18.488 I/Tools   ( 1657): SystemPropertiesClass:class android.os.SystemProperties
01-01 20:00:18.488 W/Tools   ( 1657): ~~~~~~~~~~~~~~~~~~~~~~method:public static java.lang.String android.os.SystemProperties.get(java.lang.String,java.lang.String)
01-01 20:00:18.491 W/Tools   ( 1657): ~~~~~~~~~~~~~~~~~~~~~~returnvalue:n
01-01 20:00:18.491 V/TestApp_BootCompleted_Receiver( 1657): ++++ ll ++++ getProperties ++++n
01-01 20:00:18.491 W/ActivityManager(  948): Permission Denial: receiving Intent { act=android.intent.action.BOOT_COMPLETED } to com.coship.portal requires android.permission.RECEIVE_BOOT_COMPLETED due to sender null (uid 1000)
01-01 20:00:18.504 D/dalvikvm( 1670): GC_CONCURRENT freed 365K, 66% free 2171K/6275K, paused 3ms+13ms
01-01 20:00:18.648 I/AirplayService( 1596): in setAirplayDevName
01-01 20:00:18.664 I/Zygote  (  737): ...preloaded 1 classes in 333ms.
01-01 20:00:18.691 I/Zygote  (  737): Preloading classes...
01-01 20:00:18.696 I/ActivityManager(  948): Start proc com.coship.startwizard for broadcast com.coship.startwizard/.service.BootBroadcastReceiver: pid=1687 uid=1000 gids={3003, 1015, 3002, 3001, 3004}
01-01 20:00:18.724 D/SpeechServiceUtil( 1582): SpeechServiceUtil | onServiceConnected
01-01 20:00:18.724 D/SpeechService( 1641): SpeechService | initService
01-01 20:00:18.724 D/SpeechService( 1641): SpeechService | initService msg sended
01-01 20:00:18.760 I/ActivityThread( 1670): Pub mms: com.android.providers.telephony.MmsProvider
01-01 20:00:18.776 I/ActivityThread( 1670): Pub sms: com.android.providers.telephony.SmsProvider
01-01 20:00:18.784 I/ActivityThread( 1670): Pub telephony: com.android.providers.telephony.TelephonyProvider
01-01 20:00:18.800 D/dalvikvm(  737): GC_EXPLICIT freed 327K, 66% free 2157K/6275K, paused 8ms+2ms
01-01 20:00:18.804 W/TelephonyProvider( 1670): onCreate: confFile=/system/etc/apns-conf.xml oldCheckSum=-1
01-01 20:00:18.880 I/ActivityThread( 1670): Pub mms-sms: com.android.providers.telephony.MmsSmsProvider
01-01 20:00:18.911 I/GuideApp( 1687): SystemPropertiesClass:class android.os.SystemProperties
01-01 20:00:18.916 W/GuideApp( 1687): ~~~~~~~~~~~~~~~~~~~~~~method:public static java.lang.String android.os.SystemProperties.get(java.lang.String,java.lang.String)
01-01 20:00:18.916 W/GuideApp( 1687): ~~~~~~~~~~~~~~~~~~~~~~returnvalue:n
01-01 20:00:18.916 D/BootBroadcastReceiver( 1687): n
01-01 20:00:18.951 I/Zygote  (  737): ...preloaded 292 classes in 259ms.
01-01 20:00:18.984 D/dalvikvm( 1596): GC_CONCURRENT freed 655K, 63% free 2626K/7043K, paused 3ms+2ms
01-01 20:00:19.020 D/dalvikvm( 1687): GC_CONCURRENT freed 390K, 65% free 2235K/6339K, paused 2ms+6ms
01-01 20:00:19.031 I/Zygote  (  737): Preloading classes...
01-01 20:00:19.031 I/ActivityManager(  948): Start proc com.coship.stpservice for broadcast com.coship.stpservice/.StpReceiver: pid=1702 uid=1000 gids={3003, 1015, 3002, 3001, 3004}
01-01 20:00:19.111 D/Multimedia_BackService( 1596): onIpChanged called,new ip is 192.168.1.3
01-01 20:00:19.116 D/dalvikvm(  737): GC_EXPLICIT freed 424K, 66% free 2224K/6403K, paused 10ms+3ms
01-01 20:00:19.124 D/dalvikvm( 1702): GC_CONCURRENT freed 422K, 66% free 2225K/6403K, paused 4ms+11ms
01-01 20:00:19.144 D/SystemClock(  948): Setting time of day to sec=1363841056
03-21 12:44:16.726 I/Zygote  (  737): ...preloaded 0 classes in 138ms.
03-21 12:44:16.726 E/Zygote  (  737): ==============>delay preload 2307classes finished
03-21 12:44:16.786 I/StpReceiver( 1702): onReceive
03-21 12:44:16.786 I/StpReceiver( 1702): Intent is ACTION_BOOT_COMPLETED
03-21 12:44:16.801 I/StpService( 1702): onCreate
03-21 12:44:16.801 I/StpService( 1702): register stp_boardcast
03-21 12:44:16.801 I/StpService( 1702): register stp_net_boardcast
03-21 12:44:16.817 W/ActivityManager(  948): Permission Denial: receiving Intent { act=android.intent.action.BOOT_COMPLETED } to cn.tvbox requires android.permission.RECEIVE_BOOT_COMPLETED due to sender null (uid 1000)
03-21 12:44:16.830 I/System.out( 1495): GolableWifiChangeReceiver:::::
03-21 12:44:16.841 I/System.out( 1495): WIFI_CONNECT:true
03-21 12:44:16.886 I/ActivityManager(  948): Start proc com.biaoqi.stbwidget.host for broadcast com.biaoqi.stbwidget.host/.NetworkStatusChangeReceiver: pid=1718 uid=10026 gids={3003}
03-21 12:44:16.990 D/dalvikvm( 1702): No JNI_OnLoad found in /system/lib/libcs_BootLoader.so 0x4146b4e0, skipping init
03-21 12:44:16.997 I/StpNative( 1702): Stp JNI_OnLoad
03-21 12:44:17.010 D/dalvikvm(  737): GC_EXPLICIT freed 379K, 66% free 2222K/6403K, paused 1ms+15ms
03-21 12:44:17.010 I/Zygote  (  737): Preloading resources...
03-21 12:44:17.021 D/HomePlayerLib( 1596): MediaRenderer will start with ip addrss 192.168.1.3
03-21 12:44:17.066 I/NetworkStatusChangeReceiver( 1718): action::::::::android.net.wifi.STATE_CHANGE
03-21 12:44:17.117 I/System.out( 1718): 网络连接：：：：：：：
03-21 12:44:17.126 D/StartService( 1533): mReceiverCheck onReceive
03-21 12:44:17.206 D/dalvikvm( 1596): GC_FOR_ALLOC freed 759K, 65% free 2509K/7107K, paused 135ms
03-21 12:44:17.206 D/dalvikvm( 1718): GC_CONCURRENT freed 415K, 65% free 2244K/6403K, paused 3ms+4ms
03-21 12:44:17.266 D/dalvikvm( 1280): GC_CONCURRENT freed 349K, 75% free 1415K/5443K, paused 1ms+2ms
03-21 12:44:17.301 D/BootReceiver( 1509): startOtOService
03-21 12:44:17.306 E/OtOService( 1509): onStart
03-21 12:44:17.306 I/FeiApplication( 1509): SystemPropertiesClass:class android.os.SystemProperties
03-21 12:44:17.306 W/FeiApplication( 1509): ~~~~~~~~~~~~~~~~~~~~~~method:public static java.lang.String android.os.SystemProperties.get(java.lang.String,java.lang.String)
03-21 12:44:17.306 W/FeiApplication( 1509): ~~~~~~~~~~~~~~~~~~~~~~returnvalue:ly
03-21 12:44:17.310 D/HomePlayerLib( 1596): hostaddress count is 1
03-21 12:44:17.313 I/BootCompletedReceiver( 1596): [onReceive] Action：android.net.conn.CONNECTIVITY_CHANGE
03-21 12:44:17.313 I/BootCompletedReceiver( 1596): [onReceive] Intent.ACTION_BOOT_COMPLETED：android.intent.action.BOOT_COMPLETED
03-21 12:44:17.317 D/BootCompletedReceiver( 1596): [onReceive] renderer was configed as autoboot,start backservice
03-21 12:44:17.317 D/Multimedia_BackService( 1596): BackService onStart called
03-21 12:44:17.317 I/Tools   ( 1596): SystemPropertiesClass:class android.os.SystemProperties
03-21 12:44:17.317 W/Tools   ( 1596): ~~~~~~~~~~~~~~~~~~~~~~method:public static java.lang.String android.os.SystemProperties.get(java.lang.String,java.lang.String)
03-21 12:44:17.317 W/Tools   ( 1596): ~~~~~~~~~~~~~~~~~~~~~~returnvalue:ly
03-21 12:44:17.317 D/Multimedia_BackService( 1596): device Name:ly
03-21 12:44:17.317 I/AirplayService( 1596): in setAirplayDevName
03-21 12:44:17.377 I//lib/ld-linux.so.3(  743): Flash is detected (0x0914, 0x1C, 0x70, 0x15)
03-21 12:44:17.413 D/MMCP    ( 1702): <udi2_flash> SPI INFO gCurSPIFlashSize = 0x200000,gCurSPISectorSize = 0x10000
03-21 12:44:17.417 D/MMCP    ( 1702): <udi2_flash> 
03-21 12:44:17.417 D/MMCP    ( 1702):  FlashSize = 0x771a0000, FlashPartitionCount = 25, FlashStartaddres = 0x200000.
03-21 12:44:17.417 D/MMCP    ( 1702): <udi2_flash> Partition[0] from 0x200000 to 0x200000, length 0x0.
03-21 12:44:17.417 D/MMCP    ( 1702): <udi2_flash> Partition[1] from 0x200000 to 0x280000, length 0x80000.
03-21 12:44:17.417 D/MMCP    ( 1702): <udi2_flash> Partition[2] from 0x280000 to 0xc80000, length 0xa00000.
03-21 12:44:17.417 D/MMCP    ( 1702): <udi2_flash> Partition[3] from 0xc80000 to 0x1080000, length 0x400000.
03-21 12:44:17.417 I//lib/ld-linux.so.3(  743): MDrv_SERFLASH_GetInfo()
03-21 12:44:17.417 I//lib/ld-linux.so.3(  743): 	u32AccessWidth = 1
03-21 12:44:17.417 I//lib/ld-linux.so.3(  743): 	u32TotalSize   = 2097152
03-21 12:44:17.417 I//lib/ld-linux.so.3(  743): 	u32SecNum      = 32
03-21 12:44:17.417 D/MMCP    ( 1702): <udi2_flash> Partition[4] from 0x1080000 to 0x17480000, length 0x16400000.
03-21 12:44:17.417 I//lib/ld-linux.so.3(  743): 	u32SecSize     = 65536
03-21 12:44:17.417 D/MMCP    ( 1702): <udi2_flash> Partition[5] from 0x17480000 to 0x4c080000, length 0x34c00000.
03-21 12:44:17.417 D/MMCP    ( 1702): <udi2_flash> Partition[6] from 0x4c080000 to 0x5ec80000, length 0x12c00000.
03-21 12:44:17.417 D/MMCP    ( 1702): <udi2_flash> Partition[7] from 0x5ec80000 to 0x62880000, length 0x3c00000.
03-21 12:44:17.417 D/MMCP    ( 1702): <udi2_flash> Partition[8] from 0x62880000 to 0x63880000, length 0x1000000.
03-21 12:44:17.417 D/MMCP    ( 1702): <udi2_flash> Partition[9] from 0x63880000 to 0x64080000, length 0x800000.
03-21 12:44:17.417 D/MMCP    ( 1702): <udi2_flash> Partition[10] from 0x64080000 to 0x74080000, length 0x10000000.
03-21 12:44:17.417 D/MMCP    ( 1702): <udi2_flash> Partition[11] from 0x74080000 to 0x740a0000, length 0x20000.
03-21 12:44:17.417 D/MMCP    ( 1702): <udi2_flash> Partition[12] from 0x740a0000 to 0x740c0000, length 0x20000.
03-21 12:44:17.417 D/MMCP    ( 1702): <udi2_flash> Partition[13] from 0x740c0000 to 0x740e0000, length 0x20000.
03-21 12:44:17.417 D/MMCP    ( 1702): <udi2_flash> Partition[14] from 0x740e0000 to 0x74100000, length 0x20000.
03-21 12:44:17.417 D/MMCP    ( 1702): <udi2_flash> Partition[15] from 0x74100000 to 0x74120000, length 0x20000.
03-21 12:44:17.417 D/MMCP    ( 1702): <udi2_flash> Partition[16] from 0x74120000 to 0x74140000, length 0x20000.
03-21 12:44:17.417 D/MMCP    ( 1702): <udi2_flash> Partition[17] from 0x74140000 to 0x74160000, length 0x20000.
03-21 12:44:17.417 D/MMCP    ( 1702): <udi2_flash> Partition[18] from 0x74160000 to 0x74180000, length 0x20000.
03-21 12:44:17.417 D/MMCP    ( 1702): <udi2_flash> Partition[19] from 0x74180000 to 0x741a0000, length 0x20000.
03-21 12:44:17.417 D/MMCP    ( 1702): <udi2_flash> Partition[20] from 0x741a0000 to 0x74320000, length 0x180000.
03-21 12:44:17.417 D/MMCP    ( 1702): <udi2_flash> Partition[21] from 0x74320000 to 0x74d20000, length 0xa00000.
03-21 12:44:17.417 D/MMCP    ( 1702): <udi2_flash> Partition[22] from 0x74d20000 to 0x74f20000, length 0x200000.
03-21 12:44:17.417 D/MMCP    ( 1702): <udi2_flash> Partition[23] from 0x74f20000 to 0x750a0000, length 0x180000.
03-21 12:44:17.417 D/MMCP    ( 1702): <udi2_flash> Partition[24] from 0x750a0000 to 0x773a0000, length 0x2300000.
03-21 12:44:17.421 D/MMCP    ( 1702): <udi2_flash> 
03-21 12:44:17.421 D/MMCP    ( 1702):  FlashSize = 0xee340000, FlashPartitionCount = 25, FlashStartaddres = 0x200000.
03-21 12:44:17.421 D/MMCP    ( 1702): <udi2_flash> Partition[0] from 0x200000 to 0x200000, length 0x0.
03-21 12:44:17.421 D/MMCP    ( 1702): <udi2_flash> Partition[1] from 0x200000 to 0x280000, length 0x80000.
03-21 12:44:17.421 D/MMCP    ( 1702): <udi2_flash> Partition[2] from 0x280000 to 0xc80000, length 0xa00000.
03-21 12:44:17.421 D/MMCP    ( 1702): <udi2_flash> Partition[3] from 0xc80000 to 0x1080000, length 0x400000.
03-21 12:44:17.421 D/MMCP    ( 1702): <udi2_flash> Partition[4] from 0x1080000 to 0x17480000, length 0x16400000.
03-21 12:44:17.421 D/MMCP    ( 1702): <udi2_flash> Partition[5] from 0x17480000 to 0x4c080000, length 0x34c00000.
03-21 12:44:17.421 D/MMCP    ( 1702): <udi2_flash> Partition[6] from 0x4c080000 to 0x5ec80000, length 0x12c00000.
03-21 12:44:17.421 D/MMCP    ( 1702): <udi2_flash> Partition[7] from 0x5ec80000 to 0x62880000, length 0x3c00000.
03-21 12:44:17.421 D/MMCP    ( 1702): <udi2_flash> Partition[8] from 0x62880000 to 0x63880000, length 0x1000000.
03-21 12:44:17.421 D/MMCP    ( 1702): <udi2_flash> Partition[9] from 0x63880000 to 0x64080000, length 0x800000.
03-21 12:44:17.421 D/MMCP    ( 1702): <udi2_flash> Partition[10] from 0x64080000 to 0x74080000, length 0x10000000.
03-21 12:44:17.421 D/MMCP    ( 1702): <udi2_flash> Partition[11] from 0x74080000 to 0x740a0000, length 0x20000.
03-21 12:44:17.421 D/MMCP    ( 1702): <udi2_flash> Partition[12] from 0x740a0000 to 0x740c0000, length 0x20000.
03-21 12:44:17.421 D/MMCP    ( 1702): <udi2_flash> Partition[13] from 0x740c0000 to 0x740e0000, length 0x20000.
03-21 12:44:17.421 D/MMCP    ( 1702): <udi2_flash> Partition[14] from 0x740e0000 to 0x74100000, length 0x20000.
03-21 12:44:17.421 D/MMCP    ( 1702): <udi2_flash> Partition[15] from 0x74100000 to 0x74120000, length 0x20000.
03-21 12:44:17.421 D/MMCP    ( 1702): <udi2_flash> Partition[16] from 0x74120000 to 0x74140000, length 0x20000.
03-21 12:44:17.421 D/MMCP    ( 1702): <udi2_flash> Partition[17] from 0x74140000 to 0x74160000, length 0x20000.
03-21 12:44:17.421 D/MMCP    ( 1702): <udi2_flash> Partition[18] from 0x74160000 to 0x74180000, length 0x20000.
03-21 12:44:17.421 D/MMCP    ( 1702): <udi2_flash> Partition[19] from 0x74180000 to 0x741a0000, length 0x20000.
03-21 12:44:17.421 D/MMCP    ( 1702): <udi2_flash> Partition[20] from 0x741a0000 to 0x74320000, length 0x180000.
03-21 12:44:17.421 D/MMCP    ( 1702): <udi2_flash> Partition[21] from 0x74320000 to 0x74d20000, length 0xa00000.
03-21 12:44:17.421 D/MMCP    ( 1702): <udi2_flash> Partition[22] from 0x74d20000 to 0x74f20000, length 0x200000.
03-21 12:44:17.421 D/MMCP    ( 1702): <udi2_flash> Partition[23] from 0x74f20000 to 0x750a0000, length 0x180000.
03-21 12:44:17.421 D/MMCP    ( 1702): <udi2_flash> Partition[24] from 0x750a0000 to 0x773a0000, length 0x2300000.
03-21 12:44:17.421 D/MMCP    ( 1702): <udi2_flash> psFlashSuit->m_uSize = 0xee540000, psFlashSuit->m_uBlockCount = 0xffffee54.
03-21 12:44:17.421 I/appdemo ( 1702): [UDIOpEmmc]:500 ----->pucBuf = 0x5bd6cd84, s_bPartitionInit = 1 
03-21 12:44:17.421 I/appdemo ( 1702): [UDIOpEmmc]:505 ----->
03-21 12:44:17.421 I/appdemo ( 1702): [UDIOpEmmc]:513 ----->
03-21 12:44:17.421 I/appdemo ( 1702): [UDIOpEmmc]:557 ----->dwStartAddress+dwRWOverTotellen = 0x74080000
03-21 12:44:17.421 I/appdemo ( 1702): [UDIOpEmmc]:559 ----->dwStartAddress = 0x74080000 ,dwParNum = 11,dwParOffset = 0x0
03-21 12:44:17.421 I/appdemo ( 1702): EMMC VOLUME(11) LEB SIZE=256
03-21 12:44:17.421 I/appdemo ( 1702): 
03-21 12:44:17.421 I/appdemo ( 1702): emmc_infor.section_num : 256
03-21 12:44:17.421 I/appdemo ( 1702): emmc_infor.section_size : 512
03-21 12:44:17.421 I/appdemo ( 1702): total size : 131072
03-21 12:44:17.421 I/appdemo ( 1702): MMCP[EmmcOpBlock]:400 Open dev(11)!!
03-21 12:44:17.421 I/appdemo ( 1702): MMCP[EmmcOpBlock]:440 nRet = 0 !!
03-21 12:44:17.421 I/appdemo ( 1702): [UDIOpEmmc]:600 ----->nRet = 0 
03-21 12:44:17.421 D/MMCP    ( 1702): <BootLoader> [SysInfo]bl_loaderpt_pos.dwAddr = 0x74100000 
03-21 12:44:17.421 I/appdemo ( 1702): [UDIOpEmmc]:500 ----->pucBuf = 0x5bd6cd84, s_bPartitionInit = 1 
03-21 12:44:17.421 I/appdemo ( 1702): [UDIOpEmmc]:505 ----->
03-21 12:44:17.421 I/appdemo ( 1702): [UDIOpEmmc]:513 ----->
03-21 12:44:17.421 I/appdemo ( 1702): [UDIOpEmmc]:557 ----->dwStartAddress+dwRWOverTotellen = 0x740e0000
03-21 12:44:17.421 I/appdemo ( 1702): [UDIOpEmmc]:559 ----->dwStartAddress = 0x740e0000 ,dwParNum = 14,dwParOffset = 0x0
03-21 12:44:17.421 I/appdemo ( 1702): EMMC VOLUME(14) LEB SIZE=256
03-21 12:44:17.421 I/appdemo ( 1702): 
03-21 12:44:17.421 I/appdemo ( 1702): emmc_infor.section_num : 256
03-21 12:44:17.421 I/appdemo ( 1702): emmc_infor.section_size : 512
03-21 12:44:17.421 I/appdemo ( 1702): total size : 131072
03-21 12:44:17.421 I/appdemo ( 1702): MMCP[EmmcOpBlock]:400 Open dev(14)!!
03-21 12:44:17.426 I/appdemo ( 1702): MMCP[EmmcOpBlock]:440 nRet = 0 !!
03-21 12:44:17.426 I/appdemo ( 1702): [UDIOpEmmc]:600 ----->nRet = 0 
03-21 12:44:17.426 I/appdemo ( 1702): [UDIOpEmmc]:500 ----->pucBuf = 0xbea404bc, s_bPartitionInit = 1 
03-21 12:44:17.426 I/appdemo ( 1702): [UDIOpEmmc]:505 ----->
03-21 12:44:17.426 I/appdemo ( 1702): [UDIOpEmmc]:513 ----->
03-21 12:44:17.430 I/appdemo ( 1702): [UDIOpEmmc]:600 ----->nRet = 0 
03-21 12:44:17.430 E/StpNative( 1702): android_stp_StpNative_stpInit: CSBLGetCoshipDataInfo: 0!
03-21 12:44:17.430 I/StpService( 1702): hwv:00210100001
03-21 12:44:17.430 I/StpService( 1702): swv:21130600001
03-21 12:44:17.430 I/StpService( 1702): HardwareVersion:002101
03-21 12:44:17.430 I/StpService( 1702): SoftwareVersion:211306
03-21 12:44:17.430 I/StpService( 1702): ScreenSize:00001
03-21 12:44:17.430 I/StpService( 1702): RegionCode:00001
03-21 12:44:17.430 I/StpService( 1702): SerialNum:20005920000006424
03-21 12:44:17.430 I/StpService( 1702): Mac:null
03-21 12:44:17.457 D/dalvikvm( 1596): GC_CONCURRENT freed 656K, 65% free 2549K/7107K, paused 2ms+8ms
03-21 12:44:17.470 I/StpService( 1702): onStart = 1
03-21 12:44:17.530 D/dalvikvm( 1509): GC_CONCURRENT freed 582K, 70% free 1916K/6211K, paused 2ms+2ms
03-21 12:44:17.633 D/DeviceAnnounce( 1509): resetSocket
03-21 12:44:17.661 D/ServerAdapter( 1509): resetDeviceAnnounce
03-21 12:44:17.670 D/dalvikvm( 1509): GC_CONCURRENT freed 491K, 70% free 1923K/6211K, paused 3ms+2ms
03-21 12:44:17.921 D/dalvikvm( 1596): GC_CONCURRENT freed 657K, 64% free 2605K/7107K, paused 3ms+3ms
03-21 12:44:18.257 D/dalvikvm(  737): GC_FOR_ALLOC freed 1015K, 65% free 2743K/7747K, paused 70ms
03-21 12:44:18.317 D/dalvikvm( 1596): GC_CONCURRENT freed 752K, 64% free 2581K/7107K, paused 2ms+2ms
03-21 12:44:18.350 D/HomePlayerLib( 1596): hostaddress count is 1
03-21 12:44:18.381 E/dhcpcd  ( 1315): timed out
03-21 12:44:18.393 D/dhcpcd  ( 1315): executing `/system/etc/dhcpcd/dhcpcd-run-hooks', reason FAIL
03-21 12:44:18.441 D/dalvikvm( 1596): GC_CONCURRENT freed 720K, 64% free 2583K/7107K, paused 3ms+2ms
03-21 12:44:18.450 D/HomePlayerLib( 1596): hostaddress count is 1
03-21 12:44:18.590 D/dalvikvm( 1596): GC_CONCURRENT freed 726K, 64% free 2571K/7107K, paused 3ms+8ms
03-21 12:44:18.666 D/dhcpcd  ( 1315): broadcasting for a lease
03-21 12:44:18.666 D/dhcpcd  ( 1315): sending DHCP_DISCOVER with xid 0x4d7ad571, next in 3.54 seconds
03-21 12:44:18.721 D/dalvikvm( 1596): GC_CONCURRENT freed 668K, 64% free 2613K/7107K, paused 2ms+2ms
03-21 12:44:18.801 E/EthernetStateTracker(  948): DhcpHandler: DHCP request failed: DHCP result was failed
03-21 12:44:18.846 D/HomePlayerLib( 1596): hostaddress count is 1
03-21 12:44:18.853 D/dalvikvm( 1596): GC_CONCURRENT freed 745K, 64% free 2585K/7107K, paused 2ms+3ms
03-21 12:44:19.006 D/dalvikvm( 1596): GC_CONCURRENT freed 678K, 64% free 2582K/7107K, paused 2ms+3ms
03-21 12:44:19.061 D/EthernetStateTracker(  948): DhcpHandler: DHCP request started
03-21 12:44:19.066 V/EthernetStateTracker(  948): configureInterfaceAutoIP skip!
03-21 12:44:19.173 D/dalvikvm( 1596): GC_CONCURRENT freed 701K, 64% free 2576K/7107K, paused 2ms+3ms
03-21 12:44:19.433 D/dalvikvm( 1596): GC_CONCURRENT freed 690K, 64% free 2589K/7107K, paused 2ms+9ms
03-21 12:44:19.593 D/dalvikvm(  737): GC_FOR_ALLOC freed 1239K, 60% free 3413K/8515K, paused 58ms
03-21 12:44:19.657 D/dalvikvm(  737): GC_FOR_ALLOC freed 212K, 56% free 4036K/9155K, paused 29ms
03-21 12:44:19.677 V/Zygote  (  737):  GC at 4613016
03-21 12:44:19.677 D/dalvikvm( 1596): GC_CONCURRENT freed 659K, 64% free 2615K/7107K, paused 6ms+9ms
03-21 12:44:19.681 W/HomePlayerLib( 1596): mediaRenderer start success 
03-21 12:44:19.713 D/dalvikvm(  737): GC_EXPLICIT freed 623K, 62% free 3688K/9475K, paused 8ms+3ms
03-21 12:44:19.837 D/MonitorCw880( 1470): currentRemoteHost is null ,continue
03-21 12:44:19.981 D/dalvikvm(  737): GC_FOR_ALLOC freed 878K, 57% free 4102K/9475K, paused 52ms
03-21 12:44:20.033 D/dalvikvm(  948): GC_CONCURRENT freed 350K, 56% free 3424K/7683K, paused 2ms+12ms
03-21 12:44:20.057 D/dalvikvm( 1596): GC_CONCURRENT freed 751K, 64% free 2599K/7107K, paused 3ms+3ms
03-21 12:44:20.066 D/dalvikvm(  737): GC_FOR_ALLOC freed 20K, 52% free 5106K/10563K, paused 61ms
03-21 12:44:20.106 D/dalvikvm(  737): GC_FOR_ALLOC freed <1K, 52% free 5108K/10563K, paused 26ms
03-21 12:44:20.153 D/dalvikvm(  737): GC_FOR_ALLOC freed <1K, 48% free 6132K/11651K, paused 30ms
03-21 12:44:20.297 I/System  (  948): Loaded time zone names for  in 3023ms (3003ms in ICU)
03-21 12:44:20.406 V/Zygote  (  737):  GC at 4199376
03-21 12:44:20.441 D/dalvikvm(  737): GC_EXPLICIT freed 509K, 46% free 6407K/11651K, paused 2ms+5ms
03-21 12:44:20.630 I/Zygote  (  737): ...preloaded 379 resources in 3621ms.
03-21 12:44:20.650 I/Zygote  (  737): ...preloaded 31 resources in 20ms.
03-21 12:44:20.650 E/Zygote  (  737): ==============>delay preload Resource finished
03-21 12:44:20.686 I/ActivityManager(  948): Start proc cn.tvbox for broadcast cn.tvbox/.receiver.NetworkConnectivityReceiver: pid=1754 uid=10034 gids={1015, 3003}
03-21 12:44:20.730 D/StpService( 1702): receive Broadcast Info NetworkInfo: type: WIFI[], state: CONNECTED/CONNECTED, reason: (unspecified), extra: (none), roaming: false, failover: false, isAvailable: true
03-21 12:44:20.730 I/StpService( 1702): Network Type Changed to 1
03-21 12:44:20.737 I/dalvikvm( 1754): Turning on JNI app bug workarounds for target SDK version 8...
03-21 12:44:21.101 W/com.umeng.common.b( 1754): No IMEI.
03-21 12:44:21.146 W/HeartbeatService+id( 1754): 0
03-21 12:44:21.161 W/com.umeng.common.b( 1754): No IMEI.
03-21 12:44:21.670 D/dalvikvm(  948): GC_CONCURRENT freed 598K, 56% free 3463K/7811K, paused 2ms+4ms
03-21 12:44:21.726 I/System  (  948): Loaded time zone names for en_US in 1429ms (1425ms in ICU)
03-21 12:44:22.053 D/dalvikvm( 1415): GC_CONCURRENT freed 334K, 80% free 1038K/5123K, paused 1ms+2ms
03-21 12:44:22.213 D/dhcpcd  ( 1315): sending DHCP_DISCOVER with xid 0x4d7ad571, next in 8.10 seconds
03-21 12:44:22.233 I/System  (  948): Loaded time zone names for zh_CN in 504ms (501ms in ICU)
03-21 12:44:22.257 D/GpsLocationProvider(  948): NTP server returned: 1363841057261 (Thu Mar 21 12:44:17 格林尼治标准时间+0800 2013) reference: 27360 certainty: 49 system time offset: -9
03-21 12:44:22.257 W/GpsLocationProvider(  948): Failed to enable location provider
03-21 12:44:22.461 D/dalvikvm( 1280): GC_CONCURRENT freed 449K, 76% free 1379K/5571K, paused 1ms+1ms
03-21 12:44:22.541 D/BootReceiver( 1509): startOtOService
03-21 12:44:22.546 E/OtOService( 1509): onStart
03-21 12:44:22.546 I/FeiApplication( 1509): SystemPropertiesClass:class android.os.SystemProperties
03-21 12:44:22.546 W/FeiApplication( 1509): ~~~~~~~~~~~~~~~~~~~~~~method:public static java.lang.String android.os.SystemProperties.get(java.lang.String,java.lang.String)
03-21 12:44:22.546 W/FeiApplication( 1509): ~~~~~~~~~~~~~~~~~~~~~~returnvalue:ly
03-21 12:44:22.546 I/BootCompletedReceiver( 1596): [onReceive] Action：android.net.conn.CONNECTIVITY_CHANGE
03-21 12:44:22.546 I/BootCompletedReceiver( 1596): [onReceive] Intent.ACTION_BOOT_COMPLETED：android.intent.action.BOOT_COMPLETED
03-21 12:44:22.557 D/BootCompletedReceiver( 1596): [onReceive] renderer was configed as autoboot,start backservice
03-21 12:44:22.557 D/Multimedia_BackService( 1596): BackService onStart called
03-21 12:44:22.557 I/Tools   ( 1596): SystemPropertiesClass:class android.os.SystemProperties
03-21 12:44:22.557 W/Tools   ( 1596): ~~~~~~~~~~~~~~~~~~~~~~method:public static java.lang.String android.os.SystemProperties.get(java.lang.String,java.lang.String)
03-21 12:44:22.557 W/Tools   ( 1596): ~~~~~~~~~~~~~~~~~~~~~~returnvalue:ly
03-21 12:44:22.557 D/Multimedia_BackService( 1596): device Name:ly
03-21 12:44:22.557 I/AirplayService( 1596): in setAirplayDevName
03-21 12:44:22.717 D/dalvikvm( 1509): GC_CONCURRENT freed 499K, 69% free 1933K/6211K, paused 2ms+7ms
03-21 12:44:22.746 D/DeviceAnnounce( 1509): resetSocket
03-21 12:44:22.757 D/ServerAdapter( 1509): resetDeviceAnnounce
03-21 12:44:22.806 D/dalvikvm(  948): GC_CONCURRENT freed 644K, 56% free 3553K/7939K, paused 2ms+4ms
03-21 12:44:22.857 D/dalvikvm( 1280): GC_CONCURRENT freed 423K, 75% free 1435K/5571K, paused 2ms+2ms
03-21 12:44:22.910 I/ActivityManager(  948): Process com.coship.sdp.sce.tvappstore (pid 1225) has died.
03-21 12:44:22.910 W/ActivityManager(  948): Scheduling restart of crashed service com.coship.sdp.sce.tvappstore/.app.service.AppStoreCoreService in 1250ms
03-21 12:44:22.950 I/ActivityManager(  948): Start proc com.coship.sdp.sce.tvappstore for restart com.coship.sdp.sce.tvappstore: pid=1792 uid=1000 gids={3003, 1015, 3002, 3001, 3004}
03-21 12:44:22.981 I/EventLogService( 1280): Aggregate from 1363839380718 (log), 1363839380718 (data)
03-21 12:44:23.050 D/dalvikvm(  948): GC_EXPLICIT freed 91K, 56% free 3515K/7939K, paused 2ms+5ms
03-21 12:44:23.106 D/AlarmManagerService(  948): Kernel timezone updated to -480 minutes west of GMT
03-21 12:44:23.117 I/System.out( 1718): BabaoWebWidget---network connect---
03-21 12:44:23.141 I/System.out( 1718): 项目名称：A3STB-WidgetHost，版本号：1.0.11，发布人：朱道专(Jacky.Zhu)
03-21 12:44:23.150 I/System.out( 1718): WeatherWidgetProvider----network connect----------
03-21 12:44:23.206 I/ActivityManager(  948): Start proc com.coship.adjustthevolume for broadcast com.coship.adjustthevolume/.BootCompletedReceiver: pid=1810 uid=1000 gids={3003, 1015, 3002, 3001, 3004}
03-21 12:44:23.366 D/BootCompletedReceiver( 1810): [onReceive] adjustthevolume registerReceiver Action: com.coship.StpService.Start
03-21 12:44:23.377 D/StartService( 1533): ==========> startVocmdActivity
03-21 12:44:23.377 D/VAFSvcCheck( 1582): ========> setFlg
03-21 12:44:23.377 D/VAFSvcCheck( 1582): <======== setFlg
03-21 12:44:23.377 D/VAFSvcCheck( 1582): ========> setRemoteID
03-21 12:44:23.377 D/VAFSvcCheck( 1582): <======== setRemoteID
03-21 12:44:23.381 D/VAFSvcCheck( 1582): ========> setTalkID
03-21 12:44:23.381 D/VAFSvcCheck( 1582): <======== setTalkID
03-21 12:44:23.381 D/StartService( 1533): setFlg()
03-21 12:44:23.381 D/StartService( 1533): Method startWindow
03-21 12:44:23.381 D/StartService( 1533): intent ready
03-21 12:44:23.381 I/VolService( 1810): [onCreate] begin
03-21 12:44:23.386 D/StartService( 1533): intent: #Intent;component=com.iflytek.vac/com.iflytek.vocmd;i.revision=-1;S.tvcontrol=true;B.Boot=true;B.Transparent=true;S.__TypeName=Default;end
03-21 12:44:23.386 D/Window  ( 1533): startWindow com.iflytek.vocmd
03-21 12:44:23.390 D/VAC     ( 1533): onCreate intent: #Intent;component=com.iflytek.vac/com.iflytek.vocmd;i.revision=-1;S.tvcontrol=true;B.Boot=true;B.Transparent=true;S.__TypeName=Default;end
03-21 12:44:23.393 D/VAF     ( 1533): =====>Init Thread 1
03-21 12:44:23.397 D/VAFSvc  ( 1582): onBind Thread 1
03-21 12:44:23.401 D/VAF     ( 1533): <=====Init Thread 1
03-21 12:44:23.406 W/MountService(  948): getVolumeState(/mnt/usb/sda1): Unknown volume
03-21 12:44:23.410 D/Default ( 1533): onCreate #Intent;component=com.iflytek.vac/com.iflytek.vocmd;i.revision=-1;S.tvcontrol=true;B.Boot=true;B.Transparent=true;S.__TypeName=Default;end
03-21 12:44:23.417 W/MountService(  948): getVolumeState(/mnt/usb/sda1): Unknown volume
03-21 12:44:23.421 D/PushMsgCenter( 1533): init()android.app.Application@41526278
03-21 12:44:23.446 D/PushMsgCenter( 1533): mLoadPushablePkg run
03-21 12:44:23.446 I/VolService( 1810): [registerReceiver] begin
03-21 12:44:23.446 D/PushMsgCenter( 1533): mLoadPushablePkg run2
03-21 12:44:23.450 W/System.err( 1533): java.io.FileNotFoundException: white.pp
03-21 12:44:23.450 I/VolService( 1810): [registerReceiver] Thread start
03-21 12:44:23.453 W/System.err( 1533): 	at android.content.res.AssetManager.openAsset(Native Method)
03-21 12:44:23.453 W/System.err( 1533): 	at android.content.res.AssetManager.open(AssetManager.java:315)
03-21 12:44:23.453 W/System.err( 1533): 	at android.content.res.AssetManager.open(AssetManager.java:289)
03-21 12:44:23.453 W/System.err( 1533): 	at com.iflytek.push.PushMsgCenter$1.run(PushMsgCenter.java:105)
03-21 12:44:23.453 W/System.err( 1533): 	at com.iflytek.push.PushMsgCenter.init(PushMsgCenter.java:481)
03-21 12:44:23.453 W/System.err( 1533): 	at com.iflytek.vocmd.impl.AbsDefault.onCreate(AbsDefault.java:213)
03-21 12:44:23.457 W/System.err( 1533): 	at com.iflytek.vac.VAC.onCreate(VAC.java:331)
03-21 12:44:23.457 W/System.err( 1533): 	at com.iflytek.vac.Window.<init>(Window.java:36)
03-21 12:44:23.457 W/System.err( 1533): 	at com.iflytek.vac.Window.startWindow(Window.java:69)
03-21 12:44:23.457 W/System.err( 1533): 	at com.iflytek.vocmd.StartService.startVocmdActivity(StartService.java:141)
03-21 12:44:23.457 W/System.err( 1533): 	at com.iflytek.vocmd.StartService.access$400(StartService.java:27)
03-21 12:44:23.457 W/System.err( 1533): 	at com.iflytek.vocmd.StartService$3.onReceive(StartService.java:153)
03-21 12:44:23.457 W/System.err( 1533): 	at android.app.LoadedApk$ReceiverDispatcher$Args.run(LoadedApk.java:728)
03-21 12:44:23.457 W/System.err( 1533): 	at android.os.Handler.handleCallback(Handler.java:605)
03-21 12:44:23.457 W/System.err( 1533): 	at android.os.Handler.dispatchMessage(Handler.java:92)
03-21 12:44:23.457 W/System.err( 1533): 	at android.os.Looper.loop(Looper.java:137)
03-21 12:44:23.461 W/System.err( 1533): 	at android.app.ActivityThread.main(ActivityThread.java:4424)
03-21 12:44:23.461 W/System.err( 1533): 	at java.lang.reflect.Method.invokeNative(Native Method)
03-21 12:44:23.461 W/System.err( 1533): 	at java.lang.reflect.Method.invoke(Method.java:511)
03-21 12:44:23.461 W/System.err( 1533): 	at com.android.internal.os.ZygoteInit$MethodAndArgsCaller.run(ZygoteInit.java:848)
03-21 12:44:23.461 W/System.err( 1533): 	at com.android.internal.os.ZygoteInit.main(ZygoteInit.java:575)
03-21 12:44:23.461 W/System.err( 1533): 	at dalvik.system.NativeStart.main(Native Method)
03-21 12:44:23.466 I/StpService( 1702): onBind
03-21 12:44:23.470 D/PushMsgCenter( 1533): mDownUpRun run
03-21 12:44:23.470 D/PushMsgCenter( 1533): mDownUpRun run while (true)
03-21 12:44:23.470 D/PushMsgCenter( 1533): down  
03-21 12:44:23.477 D/PushMsgCenter( 1533):  mContxt = context
03-21 12:44:23.477 D/HelpTipGetter( 1533): init()android.app.Application@41526278
03-21 12:44:23.486 D/HelpTipGetter( 1533): mDownUpRun run
03-21 12:44:23.486 D/HelpTipGetter( 1533): tip get error exception:Protocol not found: ?version=10014
03-21 12:44:23.521 I/ActivityManager(  948): Start proc com.iflytek.xiri.remotecmd for service com.iflytek.xiri.remotecmd/com.iflytek.xiri.vocmd.MyService: pid=1828 uid=10030 gids={}
03-21 12:44:23.541 V/CheckBackdoors( 1702): add new backdoor. actionName=com.coship.adjustthevolume, backdoor.mBackdoorKey=0x5252525252
03-21 12:44:23.546 I/VolService( 1810): [registerReceiver] registerReceiver addBackdoorKeylist:com.coship.adjustthevolume  is succ,ret 0
03-21 12:44:23.546 D/Window  ( 1533): onHide com.iflytek.vocmd
03-21 12:44:23.546 D/StartService( 1533): <========== startVocmdActivity
03-21 12:44:23.546 D/VAF     ( 1533): =====>onServiceConnected Thread 1
03-21 12:44:23.546 D/VAF     ( 1533): <=====onServiceConnected
03-21 12:44:23.546 D/Talker  ( 1533): onServiceConnected vac.Manager
03-21 12:44:23.566 D/CheckNetWork( 1582): isOk true
03-21 12:44:23.566 D/CheckNetWork( 1582): ActInfoNetworkInfo: type: WIFI[], state: CONNECTED/CONNECTED, reason: (unspecified), extra: (none), roaming: false, failover: false, isAvailable: true
03-21 12:44:23.566 I/VolService( 1810): [registerReceiver] registerReceiver addBackdoorKeylist :com.coship.adjustthevolume.Volup  is succ,ret 0
03-21 12:44:23.566 V/CheckBackdoors( 1702): add new backdoor. actionName=com.coship.adjustthevolume.Volup, backdoor.mBackdoorKey=0x18
