03-21 12:44:23.570 I/VolService( 1810): [registerReceiver] registerReceiver addBackdoorKeylist :com.coship.adjustthevolume.VolDown  is succ,ret 0
03-21 12:44:23.570 I/VolService( 1810): [registerReceiver] use coship vol Control,don't use mstar vol Control
03-21 12:44:23.570 D/CheckNetWork( 1582): infoNetworkInfo: type: WIFI[], state: CONNECTED/CONNECTED, reason: (unspecified), extra: (none), roaming: false, failover: false, isAvailable: true
03-21 12:44:23.570 V/CheckBackdoors( 1702): add new backdoor. actionName=com.coship.adjustthevolume.VolDown, backdoor.mBackdoorKey=0x19
03-21 12:44:23.581 I/VolService( 1810): [registerReceiver] end
03-21 12:44:23.677 D/dalvikvm( 1280): GC_CONCURRENT freed 362K, 74% free 1462K/5571K, paused 2ms+5ms
03-21 12:44:23.706 D/AudioPlay3( 1828): AudioPlay3()1
03-21 12:44:23.706 D/MyViewHandler( 1828): new
03-21 12:44:23.713 D/MainView( 1828): MainView()
03-21 12:44:23.730 V/audio_hw_primary(  739): out_get_latency ret 10ms
03-21 12:44:23.730 V/audio_hw_primary(  739): out_get_latency ret 10ms
03-21 12:44:23.730 V/audio_hw_primary(  739): out_get_latency ret 10ms
03-21 12:44:23.737 V/audio_hw_primary(  739): out_get_latency ret 10ms
03-21 12:44:23.830 D/PushMsgCenter( 1533): down conn.getResponseCode() status = 404
03-21 12:44:23.877 D/dalvikvm( 1828): GC_FOR_ALLOC freed 504K, 43% free 6643K/11651K, paused 118ms
03-21 12:44:23.881 I/dalvikvm-heap( 1828): Grow heap (frag case) to 10.891MB for 842416-byte allocation
03-21 12:44:23.946 D/dalvikvm( 1828): GC_FOR_ALLOC freed 31K, 41% free 7434K/12483K, paused 32ms
03-21 12:44:23.977 D/DialogueView( 1828): DialogueView(Context context, VAC vac)com.iflytek.xiri.vocmd.DialogContainer@4162b1e8
03-21 12:44:23.977 D/UserItem( 1828): UserItem()
03-21 12:44:24.001 D/RemoteView( 1533): onServiceConnected: ComponentInfo{com.iflytek.xiri.remotecmd/com.iflytek.xiri.vocmd.MyService} com.iflytek.xiri.view.remote.IRemoteView
03-21 12:44:24.837 D/MonitorCw880( 1470): currentRemoteHost is null ,continue
03-21 12:44:25.237 D/ConnectivityService(  948): handleInetConditionHoldEnd: net=1, condition=0, published condition=0
03-21 12:44:25.737 D/StpService( 1702): handleMessage NetworkType is 1
03-21 12:44:26.025 D/dalvikvm( 1415): GC_CONCURRENT freed 381K, 80% free 1056K/5187K, paused 1ms+2ms
03-21 12:44:26.198 D/dalvikvm(  948): GC_FOR_ALLOC freed 256K, 56% free 3546K/7939K, paused 56ms
03-21 12:44:26.398 D/dalvikvm( 1596): GC_CONCURRENT freed 698K, 64% free 2614K/7107K, paused 3ms+4ms
03-21 12:44:26.398 D/HomePlayerLib( 1596): hostaddress count is 1
03-21 12:44:26.502 D/dalvikvm( 1596): GC_CONCURRENT freed 788K, 64% free 2593K/7107K, paused 3ms+2ms
03-21 12:44:26.678 D/dalvikvm( 1596): GC_CONCURRENT freed 673K, 64% free 2564K/7107K, paused 2ms+2ms
03-21 12:44:26.858 D/dalvikvm( 1596): GC_CONCURRENT freed 737K, 65% free 2529K/7107K, paused 3ms+3ms
03-21 12:44:26.929 W/System.err( 1718): org.json.JSONException: Value <?xml of type java.lang.String cannot be converted to JSONObject
03-21 12:44:26.933 W/System.err( 1718): 	at org.json.JSON.typeMismatch(JSON.java:111)
03-21 12:44:26.933 W/System.err( 1718): 	at org.json.JSONObject.<init>(JSONObject.java:158)
03-21 12:44:26.933 W/System.err( 1718): 	at org.json.JSONObject.<init>(JSONObject.java:171)
03-21 12:44:26.933 W/System.err( 1718): 	at com.biaoqi.stbwidget.host.BabaoWebHelper.getSinaWebNews(BabaoWebHelper.java:55)
03-21 12:44:26.933 W/System.err( 1718): 	at com.biaoqi.stbwidget.host.BabaoWebWidget$1.run(BabaoWebWidget.java:46)
03-21 12:44:26.933 W/System.err( 1718): 	at java.lang.Thread.run(Thread.java:856)
03-21 12:44:27.033 D/dalvikvm( 1596): GC_CONCURRENT freed 638K, 64% free 2595K/7107K, paused 3ms+2ms
03-21 12:44:27.062 I/MediaScannerService( 1415): ===========================================
03-21 12:44:27.062 I/MediaScannerService( 1415): ====== ACTION_MEDIA_SCANNER_FINISHED ======
03-21 12:44:27.062 I/MediaScannerService( 1415): ===========================================
03-21 12:44:27.333 D/dalvikvm( 1596): GC_CONCURRENT freed 668K, 63% free 2644K/7107K, paused 2ms+3ms
03-21 12:44:28.362 D/dalvikvm( 1754): GC_CONCURRENT freed 1434K, 43% free 6960K/12099K, paused 5ms+5ms
03-21 12:44:29.785 W/System.err( 1754): java.net.SocketTimeoutException: failed to connect to www.ggg.cn/116.211.4.183 (port 80) after 5000ms
03-21 12:44:29.785 W/System.err( 1754): 	at libcore.io.IoBridge.connectErrno(IoBridge.java:150)
03-21 12:44:29.785 W/System.err( 1754): 	at libcore.io.IoBridge.connect(IoBridge.java:112)
03-21 12:44:29.785 W/System.err( 1754): 	at java.net.PlainSocketImpl.connect(PlainSocketImpl.java:192)
03-21 12:44:29.789 W/System.err( 1754): 	at java.net.PlainSocketImpl.connect(PlainSocketImpl.java:459)
03-21 12:44:29.789 W/System.err( 1754): 	at java.net.Socket.connect(Socket.java:842)
03-21 12:44:29.789 W/System.err( 1754): 	at libcore.net.http.HttpConnection.<init>(HttpConnection.java:77)
03-21 12:44:29.789 W/System.err( 1754): 	at libcore.net.http.HttpConnection.<init>(HttpConnection.java:50)
03-21 12:44:29.789 W/System.err( 1754): 	at libcore.net.http.HttpConnection$Address.connect(HttpConnection.java:351)
03-21 12:44:29.789 W/System.err( 1754): 	at libcore.net.http.HttpConnectionPool.get(HttpConnectionPool.java:86)
03-21 12:44:29.789 W/System.err( 1754): 	at libcore.net.http.HttpConnection.connect(HttpConnection.java:128)
03-21 12:44:29.789 W/System.err( 1754): 	at libcore.net.http.HttpEngine.openSocketConnection(HttpEngine.java:308)
03-21 12:44:29.789 W/System.err( 1754): 	at libcore.net.http.HttpEngine.connect(HttpEngine.java:303)
03-21 12:44:29.789 W/System.err( 1754): 	at libcore.net.http.HttpEngine.sendSocketRequest(HttpEngine.java:282)
03-21 12:44:29.789 W/System.err( 1754): 	at libcore.net.http.HttpEngine.sendRequest(HttpEngine.java:232)
03-21 12:44:29.789 W/System.err( 1754): 	at libcore.net.http.HttpURLConnectionImpl.connect(HttpURLConnectionImpl.java:80)
03-21 12:44:29.789 W/System.err( 1754): 	at cn.tvbox.http.HttpHelper.send(HttpHelper.java:177)
03-21 12:44:29.789 W/System.err( 1754): 	at cn.tvbox.webservice.BaseService.getFromService(BaseService.java:60)
03-21 12:44:29.789 W/System.err( 1754): 	at cn.tvbox.webservice.ServiceHelper.getData(ServiceHelper.java:54)
03-21 12:44:29.789 W/System.err( 1754): 	at cn.tvbox.AppContent$1.callService(AppContent.java:1018)
03-21 12:44:29.789 W/System.err( 1754): 	at cn.tvbox.AppContent$1.callService(AppContent.java:1)
03-21 12:44:29.793 W/System.err( 1754): 	at cn.tvbox.webservice.ServiceAsynTask.doInBackground(ServiceAsynTask.java:37)
03-21 12:44:29.793 W/System.err( 1754): 	at cn.tvbox.webservice.ServiceAsynTask.doInBackground(ServiceAsynTask.java:1)
03-21 12:44:29.793 W/System.err( 1754): 	at android.os.AsyncTask$2.call(AsyncTask.java:264)
03-21 12:44:29.793 W/System.err( 1754): 	at java.util.concurrent.FutureTask$Sync.innerRun(FutureTask.java:305)
03-21 12:44:29.793 W/System.err( 1754): 	at java.util.concurrent.FutureTask.run(FutureTask.java:137)
03-21 12:44:29.793 W/System.err( 1754): 	at java.util.concurrent.ThreadPoolExecutor.runWorker(ThreadPoolExecutor.java:1076)
03-21 12:44:29.793 W/System.err( 1754): 	at java.util.concurrent.ThreadPoolExecutor$Worker.run(ThreadPoolExecutor.java:569)
03-21 12:44:29.793 W/System.err( 1754): 	at java.lang.Thread.run(Thread.java:856)
03-21 12:44:29.838 D/MonitorCw880( 1470): currentRemoteHost is null ,continue
03-21 12:44:30.318 D/dhcpcd  ( 1315): sending DHCP_DISCOVER with xid 0x4d7ad571, next in 16.68 seconds
03-21 12:44:34.838 D/MonitorCw880( 1470): currentRemoteHost is null ,continue
03-21 12:44:37.265 D/HomePlayerLib( 1596): hostaddress count is 1
03-21 12:44:37.269 D/dalvikvm( 1596): GC_CONCURRENT freed 744K, 64% free 2603K/7107K, paused 3ms+2ms
03-21 12:44:37.378 D/dalvikvm( 1596): GC_CONCURRENT freed 672K, 64% free 2601K/7107K, paused 3ms+2ms
03-21 12:44:37.542 D/dalvikvm( 1596): GC_CONCURRENT freed 676K, 63% free 2656K/7107K, paused 1ms+2ms
03-21 12:44:37.742 D/dalvikvm( 1596): GC_CONCURRENT freed 740K, 64% free 2624K/7107K, paused 2ms+2ms
03-21 12:44:37.909 D/dalvikvm( 1596): GC_CONCURRENT freed 715K, 64% free 2589K/7107K, paused 3ms+2ms
03-21 12:44:38.209 D/dalvikvm( 1596): GC_CONCURRENT freed 667K, 64% free 2629K/7107K, paused 5ms+2ms
03-21 12:44:39.838 D/MonitorCw880( 1470): currentRemoteHost is null ,continue
03-21 12:44:40.798 D/dalvikvm( 1718): GC_FOR_ALLOC freed 365K, 65% free 2353K/6595K, paused 39ms
03-21 12:44:40.802 E/StrictMode( 1718): A resource was acquired at attached stack trace but never released. See java.io.Closeable for information on avoiding resource leaks.
03-21 12:44:40.802 E/StrictMode( 1718): java.lang.Throwable: Explicit termination method 'end' not called
03-21 12:44:40.802 E/StrictMode( 1718): 	at dalvik.system.CloseGuard.open(CloseGuard.java:184)
03-21 12:44:40.802 E/StrictMode( 1718): 	at java.util.zip.Inflater.<init>(Inflater.java:82)
03-21 12:44:40.802 E/StrictMode( 1718): 	at java.util.zip.GZIPInputStream.<init>(GZIPInputStream.java:96)
03-21 12:44:40.802 E/StrictMode( 1718): 	at java.util.zip.GZIPInputStream.<init>(GZIPInputStream.java:81)
03-21 12:44:40.802 E/StrictMode( 1718): 	at libcore.net.http.HttpEngine.initContentStream(HttpEngine.java:512)
03-21 12:44:40.802 E/StrictMode( 1718): 	at libcore.net.http.HttpEngine.readResponse(HttpEngine.java:805)
03-21 12:44:40.802 E/StrictMode( 1718): 	at libcore.net.http.HttpURLConnectionImpl.getResponse(HttpURLConnectionImpl.java:274)
03-21 12:44:40.802 E/StrictMode( 1718): 	at libcore.net.http.HttpURLConnectionImpl.getInputStream(HttpURLConnectionImpl.java:168)
03-21 12:44:40.802 E/StrictMode( 1718): 	at com.biaoqi.stbwidget.host.BabaoWebHelper.getSinaWebNews(BabaoWebHelper.java:42)
03-21 12:44:40.802 E/StrictMode( 1718): 	at com.biaoqi.stbwidget.host.BabaoWebWidget$1.run(BabaoWebWidget.java:46)
03-21 12:44:40.802 E/StrictMode( 1718): 	at java.lang.Thread.run(Thread.java:856)
03-21 12:44:44.838 D/MonitorCw880( 1470): currentRemoteHost is null ,continue
03-21 12:44:47.013 D/dhcpcd  ( 1315): sending DHCP_DISCOVER with xid 0x4d7ad571, next in 31.90 seconds
03-21 12:44:47.869 D/dalvikvm( 1596): GC_CONCURRENT freed 717K, 65% free 2527K/7107K, paused 3ms+2ms
03-21 12:44:47.885 D/HomePlayerLib( 1596): hostaddress count is 1
03-21 12:44:47.982 D/dalvikvm( 1596): GC_CONCURRENT freed 590K, 63% free 2634K/7107K, paused 2ms+2ms
03-21 12:44:48.162 D/dalvikvm( 1596): GC_CONCURRENT freed 725K, 62% free 2725K/7107K, paused 1ms+4ms
03-21 12:44:48.398 D/dalvikvm( 1596): GC_CONCURRENT freed 887K, 64% free 2635K/7235K, paused 2ms+2ms
03-21 12:44:48.638 D/dalvikvm( 1596): GC_CONCURRENT freed 720K, 64% free 2649K/7235K, paused 1ms+3ms
03-21 12:44:48.982 D/dalvikvm( 1596): GC_CONCURRENT freed 749K, 65% free 2542K/7235K, paused 8ms+9ms
03-21 12:44:49.385 E/EthernetStateTracker(  948): DhcpHandler: DHCP request failed: Timed out waiting for DHCP to finish
03-21 12:44:49.389 V/EthernetStateTracker(  948): configureInterfaceAutoIP skip!
03-21 12:44:49.838 D/MonitorCw880( 1470): currentRemoteHost is null ,continue
03-21 12:44:54.838 D/MonitorCw880( 1470): currentRemoteHost is null ,continue
03-21 12:44:58.605 D/HomePlayerLib( 1596): hostaddress count is 1
03-21 12:44:58.618 D/dalvikvm( 1596): GC_CONCURRENT freed 612K, 65% free 2597K/7235K, paused 3ms+2ms
03-21 12:44:58.758 D/dalvikvm( 1596): GC_CONCURRENT freed 687K, 64% free 2629K/7235K, paused 2ms+2ms
03-21 12:44:58.978 D/dalvikvm( 1596): GC_CONCURRENT freed 717K, 65% free 2560K/7235K, paused 2ms+3ms
03-21 12:44:59.149 D/dalvikvm( 1596): GC_CONCURRENT freed 614K, 65% free 2601K/7235K, paused 3ms+3ms
03-21 12:44:59.358 D/dalvikvm( 1596): GC_CONCURRENT freed 660K, 65% free 2548K/7235K, paused 2ms+5ms
03-21 12:44:59.609 D/dalvikvm( 1596): GC_CONCURRENT freed 596K, 65% free 2540K/7235K, paused 4ms+2ms
03-21 12:44:59.838 D/MonitorCw880( 1470): currentRemoteHost is null ,continue
03-21 12:45:03.842 D/dalvikvm( 1718): GC_FOR_ALLOC freed 424K, 65% free 2359K/6723K, paused 37ms
03-21 12:45:03.853 E/StrictMode( 1718): A resource was acquired at attached stack trace but never released. See java.io.Closeable for information on avoiding resource leaks.
03-21 12:45:03.853 E/StrictMode( 1718): java.lang.Throwable: Explicit termination method 'end' not called
03-21 12:45:03.853 E/StrictMode( 1718): 	at dalvik.system.CloseGuard.open(CloseGuard.java:184)
03-21 12:45:03.853 E/StrictMode( 1718): 	at java.util.zip.Inflater.<init>(Inflater.java:82)
03-21 12:45:03.853 E/StrictMode( 1718): 	at java.util.zip.GZIPInputStream.<init>(GZIPInputStream.java:96)
03-21 12:45:03.853 E/StrictMode( 1718): 	at java.util.zip.GZIPInputStream.<init>(GZIPInputStream.java:81)
03-21 12:45:03.853 E/StrictMode( 1718): 	at libcore.net.http.HttpEngine.initContentStream(HttpEngine.java:512)
03-21 12:45:03.853 E/StrictMode( 1718): 	at libcore.net.http.HttpEngine.readResponse(HttpEngine.java:805)
03-21 12:45:03.853 E/StrictMode( 1718): 	at libcore.net.http.HttpURLConnectionImpl.getResponse(HttpURLConnectionImpl.java:274)
03-21 12:45:03.853 E/StrictMode( 1718): 	at libcore.net.http.HttpURLConnectionImpl.getInputStream(HttpURLConnectionImpl.java:168)
03-21 12:45:03.853 E/StrictMode( 1718): 	at com.biaoqi.stbwidget.host.WeatherWidgetHelper.getWeatherContent(WeatherWidgetHelper.java:57)
03-21 12:45:03.853 E/StrictMode( 1718): 	at com.biaoqi.stbwidget.host.WeatherWidgetHelper.getCurrentCityWeather(WeatherWidgetHelper.java:86)
03-21 12:45:03.853 E/StrictMode( 1718): 	at com.biaoqi.stbwidget.host.WeatherWidgetProvider$1.run(WeatherWidgetProvider.java:62)
03-21 12:45:03.853 E/StrictMode( 1718): 	at java.lang.Thread.run(Thread.java:856)
03-21 12:45:04.838 D/MonitorCw880( 1470): currentRemoteHost is null ,continue
03-21 12:45:06.018 I/locationServeUtil( 1249): SystemPropertiesClass:class android.os.SystemProperties
03-21 12:45:06.018 W/getProperties( 1249): ~~~~~~~~~~~~~~~~~~~~~~returnvalue:beijing
03-21 12:45:06.018 I/ChinaWeather( 1249): localCityCode--->101010100
