--------- beginning of /dev/log/system
01-01 20:00:02.195 I/Vold    (  733): Vold 2.1 (the revenge) firing up
01-01 20:00:02.195 E/Vold    (  733): Error reading configuration (No such file or directory)... continuing anyways
01-01 20:00:04.743 D/Vold    (  733): can not get the uuid of /dev/block/vold/8:0 when device add
01-01 20:00:05.743 D/Vold    (  733): can not get the uuid of /dev/block/vold/8:0 when device remove
01-01 20:00:06.495 I/SystemServer(  948): Entered the Android system server!
01-01 20:00:06.635 I/SystemServer(  948): Entropy Service
01-01 20:00:06.675 I/SystemServer(  948): Power Manager
01-01 20:00:06.827 I/SystemServer(  948): Activity Manager
01-01 20:00:01.120 I/ActivityManager(  948): Enabled StrictMode logging for AThread's Looper
01-01 20:00:01.124 I/SystemServer(  948): Telephony Registry
01-01 20:00:01.140 I/SystemServer(  948): Package Manager
01-01 20:00:01.451 W/PackageManager(  948): Running ENG build: no pre-dexopt!
01-01 20:00:01.464 W/PackageManager(  948): Library not found: /system/framework/com.android.future.usb.accessory.jar
01-01 20:00:01.751 W/PackageParser(  948): No actions in intent filter at /system/app/Bluetooth.apk Binary XML file line #125
01-01 20:00:01.768 I/PackageParser(  948): com.coship.HS: compat added android.permission.WRITE_EXTERNAL_STORAGE android.permission.READ_PHONE_STATE
01-01 20:00:02.060 W/PackageParser(  948): No actions in intent filter at /system/app/Contacts.apk Binary XML file line #525
01-01 20:00:02.104 W/PackageParser(  948): No actions in intent filter at /system/app/Coship_VAF.apk Binary XML file line #58
01-01 20:00:02.111 I/PackageParser(  948): com.coship.cw880: compat added android.permission.WRITE_EXTERNAL_STORAGE android.permission.READ_PHONE_STATE
01-01 20:00:02.664 W/PackageParser(  948): Problem in package /system/app/STB-Settings.apk:
01-01 20:00:02.664 W/PackageParser(  948): Unknown element under <activity>: data at /system/app/STB-Settings.apk Binary XML file line #145
01-01 20:00:02.668 W/PackageParser(  948): Problem in package /system/app/STB-Settings.apk:
01-01 20:00:02.668 W/PackageParser(  948): Unknown element under <activity>: action at /system/app/STB-Settings.apk Binary XML file line #231
01-01 20:00:02.668 W/PackageParser(  948): Problem in package /system/app/STB-Settings.apk:
01-01 20:00:02.668 W/PackageParser(  948): Unknown element under <activity>: action at /system/app/STB-Settings.apk Binary XML file line #232
01-01 20:00:02.668 W/PackageParser(  948): Problem in package /system/app/STB-Settings.apk:
01-01 20:00:02.668 W/PackageParser(  948): Unknown element under <activity>: action at /system/app/STB-Settings.apk Binary XML file line #289
01-01 20:00:02.676 W/PackageParser(  948): Problem in package /system/app/STB-Settings.apk:
01-01 20:00:02.676 W/PackageParser(  948): Unknown element under <activity>: action at /system/app/STB-Settings.apk Binary XML file line #393
01-01 20:00:02.676 W/PackageParser(  948): Problem in package /system/app/STB-Settings.apk:
01-01 20:00:02.676 W/PackageParser(  948): Unknown element under <activity>: action at /system/app/STB-Settings.apk Binary XML file line #394
01-01 20:00:02.836 W/PackageParser(  948): No actions in intent filter at /system/app/TZ_MST6A801_SDK4.0_WasuTV4ICS_Release_1.0.0.39_201301311731.apk Binary XML file line #134
01-01 20:00:02.836 W/PackageParser(  948): No actions in intent filter at /system/app/TZ_MST6A801_SDK4.0_WasuTV4ICS_Release_1.0.0.39_201301311731.apk Binary XML file line #147
01-01 20:00:02.836 W/PackageParser(  948): No actions in intent filter at /system/app/TZ_MST6A801_SDK4.0_WasuTV4ICS_Release_1.0.0.39_201301311731.apk Binary XML file line #154
01-01 20:00:02.836 W/PackageParser(  948): No actions in intent filter at /system/app/TZ_MST6A801_SDK4.0_WasuTV4ICS_Release_1.0.0.39_201301311731.apk Binary XML file line #225
01-01 20:00:02.840 W/PackageParser(  948): No actions in intent filter at /system/app/TZ_MST6A801_SDK4.0_WasuTV4ICS_Release_1.0.0.39_201301311731.apk Binary XML file line #245
01-01 20:00:02.840 W/PackageParser(  948): No actions in intent filter at /system/app/TZ_MST6A801_SDK4.0_WasuTV4ICS_Release_1.0.0.39_201301311731.apk Binary XML file line #254
01-01 20:00:02.840 W/PackageParser(  948): No actions in intent filter at /system/app/TZ_MST6A801_SDK4.0_WasuTV4ICS_Release_1.0.0.39_201301311731.apk Binary XML file line #262
01-01 20:00:02.840 W/PackageParser(  948): No actions in intent filter at /system/app/TZ_MST6A801_SDK4.0_WasuTV4ICS_Release_1.0.0.39_201301311731.apk Binary XML file line #270
01-01 20:00:02.840 W/PackageParser(  948): No actions in intent filter at /system/app/TZ_MST6A801_SDK4.0_WasuTV4ICS_Release_1.0.0.39_201301311731.apk Binary XML file line #279
01-01 20:00:02.840 W/PackageParser(  948): No actions in intent filter at /system/app/TZ_MST6A801_SDK4.0_WasuTV4ICS_Release_1.0.0.39_201301311731.apk Binary XML file line #287
01-01 20:00:02.840 W/PackageParser(  948): No actions in intent filter at /system/app/TZ_MST6A801_SDK4.0_WasuTV4ICS_Release_1.0.0.39_201301311731.apk Binary XML file line #296
01-01 20:00:02.840 W/PackageParser(  948): No actions in intent filter at /system/app/TZ_MST6A801_SDK4.0_WasuTV4ICS_Release_1.0.0.39_201301311731.apk Binary XML file line #305
01-01 20:00:02.956 I/PackageParser(  948): com.iflytek.vaf.TouchKey: compat added android.permission.WRITE_EXTERNAL_STORAGE android.permission.READ_PHONE_STATE
01-01 20:00:02.988 W/PackageParser(  948): No actions in intent filter at /system/app/com.coship.Multimedia.apk Binary XML file line #97
01-01 20:00:02.988 W/PackageParser(  948): No actions in intent filter at /system/app/com.coship.Multimedia.apk Binary XML file line #104
01-01 20:00:02.988 I/PackageParser(  948): com.coship.Multimedia: compat added android.permission.READ_PHONE_STATE
01-01 20:00:03.011 W/PackageParser(  948): No actions in intent filter at /system/app/com.coship.NetworkNavigation.apk Binary XML file line #24
01-01 20:00:03.011 W/PackageParser(  948): No actions in intent filter at /system/app/com.coship.NetworkNavigation.apk Binary XML file line #31
01-01 20:00:03.011 W/PackageParser(  948): No actions in intent filter at /system/app/com.coship.NetworkNavigation.apk Binary XML file line #38
01-01 20:00:03.011 W/PackageParser(  948): No actions in intent filter at /system/app/com.coship.NetworkNavigation.apk Binary XML file line #45
01-01 20:00:03.011 W/PackageParser(  948): No actions in intent filter at /system/app/com.coship.NetworkNavigation.apk Binary XML file line #52
01-01 20:00:03.071 I/PackageParser(  948): com.coship.dvbplayer: compat added android.permission.READ_PHONE_STATE
01-01 20:00:03.088 W/PackageParser(  948): No actions in intent filter at /system/app/com.coship.dvbsetting.apk Binary XML file line #102
01-01 20:00:03.088 W/PackageParser(  948): No actions in intent filter at /system/app/com.coship.dvbsetting.apk Binary XML file line #110
01-01 20:00:03.088 W/PackageParser(  948): No actions in intent filter at /system/app/com.coship.dvbsetting.apk Binary XML file line #118
01-01 20:00:03.088 W/PackageParser(  948): No actions in intent filter at /system/app/com.coship.dvbsetting.apk Binary XML file line #126
01-01 20:00:03.088 W/PackageParser(  948): No actions in intent filter at /system/app/com.coship.dvbsetting.apk Binary XML file line #134
01-01 20:00:03.091 W/PackageParser(  948): No actions in intent filter at /system/app/com.coship.dvbsetting.apk Binary XML file line #140
01-01 20:00:03.091 W/PackageParser(  948): No actions in intent filter at /system/app/com.coship.dvbsetting.apk Binary XML file line #154
01-01 20:00:03.091 W/PackageParser(  948): No actions in intent filter at /system/app/com.coship.dvbsetting.apk Binary XML file line #162
01-01 20:00:03.091 W/PackageParser(  948): No actions in intent filter at /system/app/com.coship.dvbsetting.apk Binary XML file line #171
01-01 20:00:03.091 W/PackageParser(  948): No actions in intent filter at /system/app/com.coship.dvbsetting.apk Binary XML file line #179
01-01 20:00:03.091 W/PackageParser(  948): No actions in intent filter at /system/app/com.coship.dvbsetting.apk Binary XML file line #186
01-01 20:00:03.091 W/PackageParser(  948): No actions in intent filter at /system/app/com.coship.dvbsetting.apk Binary XML file line #194
01-01 20:00:03.091 W/PackageParser(  948): No actions in intent filter at /system/app/com.coship.dvbsetting.apk Binary XML file line #201
01-01 20:00:03.091 W/PackageParser(  948): No actions in intent filter at /system/app/com.coship.dvbsetting.apk Binary XML file line #209
01-01 20:00:03.091 W/PackageParser(  948): No actions in intent filter at /system/app/com.coship.dvbsetting.apk Binary XML file line #216
01-01 20:00:03.091 W/PackageParser(  948): No actions in intent filter at /system/app/com.coship.dvbsetting.apk Binary XML file line #223
01-01 20:00:03.091 W/PackageParser(  948): No actions in intent filter at /system/app/com.coship.dvbsetting.apk Binary XML file line #230
01-01 20:00:03.091 I/PackageParser(  948): com.coship.dvbsetting: compat added android.permission.READ_PHONE_STATE
01-01 20:00:03.091 W/PackageManager(  948): Unable to update from com.android.settings to com.coship.dvbsetting: old package still exists
01-01 20:00:03.104 I/PackageParser(  948): com.coship.portal: compat added android.permission.WRITE_EXTERNAL_STORAGE android.permission.READ_PHONE_STATE
01-01 20:00:03.116 W/PackageParser(  948): No actions in intent filter at /system/app/com.coship.startwizard.apk Binary XML file line #39
01-01 20:00:03.116 W/PackageParser(  948): No actions in intent filter at /system/app/com.coship.startwizard.apk Binary XML file line #46
01-01 20:00:03.116 W/PackageParser(  948): No actions in intent filter at /system/app/com.coship.startwizard.apk Binary XML file line #53
01-01 20:00:03.116 W/PackageParser(  948): No actions in intent filter at /system/app/com.coship.startwizard.apk Binary XML file line #60
01-01 20:00:03.116 W/PackageParser(  948): No actions in intent filter at /system/app/com.coship.startwizard.apk Binary XML file line #67
01-01 20:00:03.116 W/PackageParser(  948): No actions in intent filter at /system/app/com.coship.startwizard.apk Binary XML file line #74
01-01 20:00:03.116 W/PackageParser(  948): No actions in intent filter at /system/app/com.coship.startwizard.apk Binary XML file line #81
01-01 20:00:03.116 W/PackageParser(  948): No actions in intent filter at /system/app/com.coship.startwizard.apk Binary XML file line #88
01-01 20:00:03.116 W/PackageParser(  948): No actions in intent filter at /system/app/com.coship.startwizard.apk Binary XML file line #95
01-01 20:00:03.224 I/Installer(  948): connecting...
01-01 20:00:03.960 I/PackageManager(  948): Time to scan packages: 2.508 seconds
01-01 20:00:03.960 W/PackageManager(  948): Unknown permission android.permission.APPWIDGET_LIST in package com.iflytek.vaf
01-01 20:00:03.960 W/PackageManager(  948): Unknown permission android.permission.APPWIDGET_LIST in package com.biaoqi.stbwidget.host
01-01 20:00:03.960 W/PackageManager(  948): Unknown permission com.android.launcher.permission.READ_SETTINGS in package com.coship.dvbsetting
01-01 20:00:03.960 W/PackageManager(  948): Unknown permission com.android.launcher.permission.WRITE_SETTINGS in package com.coship.dvbsetting
01-01 20:00:03.960 W/PackageManager(  948): Unknown permission android.permission.APPWIDGET_LIST in package com.mstar.appwidget
01-01 20:00:03.960 W/PackageManager(  948): Unknown permission android.permission.ADD_SYSTEM_SERVICE in package com.coship.sdp.sce.tvappstore
01-01 20:00:03.960 W/PackageManager(  948): Unknown permission android.permission.READ_EXTERNAL_STORAGE in package com.coship.sdp.sce.tvappstore
01-01 20:00:03.960 W/PackageManager(  948): Unknown permission com.google.android.gm.permission.WRITE_GMAIL in package com.coship.sdp.sce.tvappstore
01-01 20:00:03.991 W/PackageManager(  948): Unknown permission com.google.android.gm.permission.READ_GMAIL in package com.coship.sdp.sce.tvappstore
01-01 20:00:03.996 W/PackageManager(  948): Unknown permission com.android.launcher.permission.INSTALL_SHORTCUT in package com.android.browser
01-01 20:00:03.996 W/PackageManager(  948): Unknown permission com.google.android.gm.permission.WRITE_GMAIL in package com.coship.app.vaf
01-01 20:00:03.996 W/PackageManager(  948): Unknown permission com.google.android.gm.permission.READ_GMAIL in package com.coship.app.vaf
01-01 20:00:03.996 W/PackageManager(  948): Unknown permission com.android.launcher.permission.READ_SETTINGS in package com.coship.app.vaf
01-01 20:00:03.996 W/PackageManager(  948): Unknown permission com.android.launcher.permission.WRITE_SETTINGS in package com.coship.app.vaf
01-01 20:00:03.996 W/PackageManager(  948): Unknown permission com.google.android.gm.permission.WRITE_GMAIL in package com.coship.TestApp
01-01 20:00:03.996 W/PackageManager(  948): Unknown permission com.google.android.gm.permission.READ_GMAIL in package com.coship.TestApp
01-01 20:00:03.996 W/PackageManager(  948): Unknown permission com.android.launcher.permission.READ_SETTINGS in package com.coship.TestApp
01-01 20:00:04.000 W/PackageManager(  948): Unknown permission com.android.launcher.permission.WRITE_SETTINGS in package com.coship.TestApp
01-01 20:00:04.000 W/PackageManager(  948): Unknown permission android.permission.WRITE_OWNER_DATA in package com.iflytek.speech
01-01 20:00:04.000 W/PackageManager(  948): Unknown permission android.permission.BAIDU_LOCATION_SERVICE in package com.iflytek.speech
01-01 20:00:04.000 W/PackageManager(  948): Unknown permission android.permission.APPWIDGET_LIST in package com.iflytek.xiri.recorder.svc
01-01 20:00:04.000 W/PackageManager(  948): Unknown permission android.permission.READ_SETTINGS in package com.android.settings
01-01 20:00:04.000 W/PackageManager(  948): Unknown permission com.android.launcher.permission.READ_SETTINGS in package com.android.settings
01-01 20:00:04.000 W/PackageManager(  948): Unknown permission com.android.launcher.permission.WRITE_SETTINGS in package com.android.settings
01-01 20:00:04.000 W/PackageManager(  948): Unknown permission com.android.launcher.permission.INSTALL_SHORTCUT in package cn.tvbox
01-01 20:00:04.000 W/PackageManager(  948): Unknown permission com.android.permission.READ_LOGS in package cn.tvbox
01-01 20:00:04.000 W/PackageManager(  948): Not granting permission android.permission.DEVICE_POWER to package cn.tvbox (protectionLevel=2 flags=0xbe45)
01-01 20:00:04.000 W/PackageManager(  948): Unknown permission android.webkit.permission.PLUGIN in package com.adobe.flashplayer
01-01 20:00:04.000 W/PackageManager(  948): Unknown permission android.permission.READ_OWNER_DATA in package com.adobe.flashplayer
01-01 20:00:04.000 W/PackageManager(  948): Unknown permission android.permission.WRITE_OWNER_DATA in package com.adobe.flashplayer
01-01 20:00:04.000 W/PackageManager(  948): Unknown permission android.permission.READ_EXTERNAL_STORAGE in package com.adobe.flashplayer
01-01 20:00:04.008 W/PackageManager(  948): Not granting permission android.permission.DIAGNOSTIC to package com.sihuatech.wasutv4ics (protectionLevel=2 flags=0xbe45)
01-01 20:00:04.008 W/PackageManager(  948): Unknown permission android.permission.ACCESS_COARSE_UPDATES in package com.sihuatech.wasutv4ics
01-01 20:00:04.011 W/PackageManager(  948): Unknown permission android.permission.READ_OWNER_DATA in package com.sihuatech.wasutv4ics
01-01 20:00:04.011 W/PackageManager(  948): Unknown permission android.permission.WRITE_OWNER_DATA in package com.sihuatech.wasutv4ics
01-01 20:00:04.011 W/PackageManager(  948): Not granting permission android.permission.CLEAR_APP_USER_DATA to package com.sihuatech.wasutv4ics (protectionLevel=2 flags=0xbe45)
01-01 20:00:04.011 W/PackageManager(  948): Not granting permission android.permission.INJECT_EVENTS to package com.sihuatech.wasutv4ics (protectionLevel=2 flags=0xbe45)
01-01 20:00:04.011 W/PackageManager(  948): Not granting permission android.permission.DEVICE_POWER to package com.sihuatech.wasutv4ics (protectionLevel=2 flags=0xbe45)
01-01 20:00:04.011 W/PackageManager(  948): Unknown permission android.permission.WRITE_OWNER_DATA in package com.coship.Multimedia
01-01 20:00:04.011 W/PackageManager(  948): Unknown permission android.permission.READ_OWNER_DATA in package com.coship.Multimedia
01-01 20:00:04.011 W/PackageManager(  948): Unknown permission android.permission.WRITE_OWNER_DATA in package com.coship.NetworkNavigation
01-01 20:00:04.011 W/PackageManager(  948): Unknown permission android.permission.READ_OWNER_DATA in package com.coship.NetworkNavigation
01-01 20:00:04.131 I/SystemServer(  948): Account Manager
01-01 20:00:04.204 I/SystemServer(  948): Content Manager
01-01 20:00:04.551 I/SystemServer(  948): System Content Providers
01-01 20:00:04.680 I/SystemServer(  948): Lights Service
01-01 20:00:04.680 I/SystemServer(  948): Battery Service
01-01 20:00:04.704 I/SystemServer(  948): Pppoe Service
01-01 20:00:04.704 I/SystemServer(  948): Vibrator Service
01-01 20:00:04.720 I/SystemServer(  948): Alarm Manager
01-01 20:00:04.720 I/SystemServer(  948): Init Watchdog
01-01 20:00:04.720 I/SystemServer(  948): Window Manager
01-01 20:00:04.768 I/InputManager(  948): Initializing input manager
01-01 20:00:04.784 W/StatusBarManager(  948): warning: no STATUS_BAR_SERVICE
01-01 20:00:04.891 I/InputManager(  948): Starting input manager
01-01 20:00:04.891 I/WindowManager(  948): Enabled StrictMode logging for WMThread's Looper
01-01 20:00:04.891 I/SystemServer(  948): Bluetooth Service
01-01 20:00:04.904 I/WindowManager(  948): Enabled StrictMode for PolicyThread's Looper
01-01 20:00:04.951 I/SystemServer(  948): Input Method Service
01-01 20:00:04.956 W/InputManagerService(  948): Couldn't create dir.: /data/system/inputmethod
01-01 20:00:04.996 I/SystemServer(  948): Accessibility Manager
01-01 20:00:05.000 I/ActivityManager(  948): Config changed: {1.0 0mcc0mnc zh_CN layoutdir=0 sw720dp w1280dp h720dp xlrg long land ?uimode ?night -touch -keyb/v/h -nav/h s.2}
01-01 20:00:05.008 I/SystemServer(  948): TV
01-01 20:00:05.008 I/SystemServer(  948): Device Policy
01-01 20:00:05.044 I/SystemServer(  948): Status Bar
01-01 20:00:05.044 I/SystemServer(  948): Clipboard Service
01-01 20:00:05.044 I/SystemServer(  948): NetworkManagement Service
01-01 20:00:05.051 I/SystemServer(  948): Text Service Manager Service
01-01 20:00:05.051 W/TextServicesManagerService(  948): no available spell checker services found
01-01 20:00:05.051 I/SystemServer(  948): NetworkStats Service
01-01 20:00:05.064 I/SystemServer(  948): NetworkPolicy Service
01-01 20:00:05.068 I/SystemServer(  948): Wi-Fi P2pService
01-01 20:00:05.071 D/WifiP2pService(  948): P2pDisabledState
01-01 20:00:05.071 E/WifiP2pService(  948): Failed to reload sta firmware java.lang.NullPointerException
01-01 20:00:05.071 I/SystemServer(  948): Wi-Fi Service
01-01 20:00:05.084 D/WifiP2pService(  948): P2pDisabledState{ what=69633 when=0 }
01-01 20:00:05.084 D/WifiP2pService(  948): DefaultState{ what=69633 when=0 }
01-01 20:00:05.088 D/WifiP2pService(  948): P2pDisabledState{ what=69632 when=0 obj=com.android.internal.util.AsyncChannel@414bd5a0 }
01-01 20:00:05.088 D/WifiP2pService(  948): DefaultState{ what=69632 when=0 obj=com.android.internal.util.AsyncChannel@414bd5a0 }
01-01 20:00:05.088 D/WifiP2pService(  948): Full connection with WifiStateMachine established
01-01 20:00:05.104 D/WifiP2pService(  948): P2pDisabledState{ what=69633 when=0 }
01-01 20:00:05.104 D/WifiP2pService(  948): DefaultState{ what=69633 when=0 }
01-01 20:00:05.104 D/WifiP2pService(  948): P2pDisabledState{ what=69632 when=0 obj=com.android.internal.util.AsyncChannel@414ee8d0 }
01-01 20:00:05.104 D/WifiP2pService(  948): DefaultState{ what=69632 when=0 obj=com.android.internal.util.AsyncChannel@414ee8d0 }
01-01 20:00:05.104 D/WifiP2pService(  948): Full connection with WifiStateMachine established
01-01 20:00:05.108 I/SystemServer(  948): Connectivity Service
01-01 20:00:05.108 D/ConnectivityService(  948): ConnectivityService starting up
01-01 20:00:05.116 E/ConnectivityService(  948): Error in radioAttributes - ignoring attempt to redefine type 1
01-01 20:00:05.131 D/ConnectivityService(  948): Starting Pppoe StateTracker
01-01 20:00:05.131 D/ConnectivityService(  948): Starting Ethernet Service.
01-01 20:00:05.131 V/EthernetStateTracker(  948): Ethernet State Tracker v1.0.6
01-01 20:00:05.136 V/EthernetStateTracker(  948): successed to init device!
01-01 20:00:05.136 I/EthernetService(  948): Ethernet dev enabled 2
01-01 20:00:05.136 V/EthernetService(  948): device 0 name eth0
01-01 20:00:05.140 V/EthernetStateTracker(  948): start to monitor the ethernet devices . . .
01-01 20:00:05.140 I/EthernetManager(  948): Init Ethernet Manager, service: com.android.server.EthernetService@4158bc40
01-01 20:00:05.140 I/EthernetStateTracker(  948): reset device eth0
01-01 20:00:05.148 V/EthernetMonitor(  948): go poll events
01-01 20:00:05.211 I/EthernetStateTracker(  948): trigger dhcp for device eth0
01-01 20:00:05.211 D/EthernetStateTracker(  948): DhcpHandler: DHCP request started
01-01 20:00:05.211 I/EthernetStateTracker(  948): reset device eth0
01-01 20:00:05.284 I/EthernetStateTracker(  948): trigger dhcp for device eth0
01-01 20:00:05.288 E/MobileDataStateTracker(  948): default: Ignoring feature request because could not acquire PhoneService
01-01 20:00:05.288 E/MobileDataStateTracker(  948): default: Could not enable APN type "default"
01-01 20:00:05.291 D/NetworkManagementService(  948): Registering observer
01-01 20:00:05.291 D/NetworkManagementService(  948): Registering observer
01-01 20:00:05.291 I/WifiService(  948): WifiService starting up with Wi-Fi enabled
01-01 20:00:05.296 D/WifiP2pService(  948): P2pDisabledState{ what=131203 when=0 }
01-01 20:00:05.304 I/WifiService(  948): WifiService starting up with Wi-Fi AP disabled
01-01 20:00:05.304 I/SystemServer(  948): Throttle Service
01-01 20:00:05.304 I/SystemServer(  948): Mount Service
01-01 20:00:05.308 D/MountService(  948): got storage path: /mnt/sdcard description: USB 存储器 primary: true removable: false emulated: false mtpReserve: 0 allowMassStorage: false maxFileSize: 0
01-01 20:00:05.320 I/SystemServer(  948): Notification Manager
01-01 20:00:05.320 I/SystemServer(  948): Device Storage Monitor
01-01 20:00:05.324 I/SystemServer(  948): Location Manager
01-01 20:00:05.324 I/SystemServer(  948): Country Detector
01-01 20:00:05.324 I/SystemServer(  948): Search Service
01-01 20:00:05.328 I/SystemServer(  948): DropBox Service
01-01 20:00:05.328 I/SystemServer(  948): Wallpaper Service
01-01 20:00:05.336 I/SystemServer(  948): Audio Service
01-01 20:00:05.336 D/VoldCmdListener(  733): volume list
01-01 20:00:05.544 I/SystemServer(  948): Camera Observer
01-01 20:00:05.544 I/SystemServer(  948): Microphone Observer
01-01 20:00:05.544 I/SystemServer(  948): Wired Accessory Observer
01-01 20:00:05.548 I/SystemServer(  948): USB Service
01-01 20:00:05.548 I/SystemServer(  948): UI Mode Manager Service
01-01 20:00:05.556 I/SystemServer(  948): Backup Service
01-01 20:00:05.711 V/BackupManagerService(  948): Initializing package tracking
01-01 20:00:05.711 V/BackupManagerService(  948): No ancestral data
01-01 20:00:05.800 V/BackupManagerService(  948): addPackageParticipantsLocked: all
01-01 20:00:05.800 I/BackupManagerService(  948): New app android never backed up; scheduling
01-01 20:00:05.800 I/BackupManagerService(  948): New app com.android.browser never backed up; scheduling
01-01 20:00:05.800 I/BackupManagerService(  948): New app com.android.providers.settings never backed up; scheduling
01-01 20:00:05.800 I/BackupManagerService(  948): New app com.android.providers.userdictionary never backed up; scheduling
01-01 20:00:05.800 I/BackupManagerService(  948): New app com.android.sharedstoragebackup never backed up; scheduling
01-01 20:00:05.800 V/BackupManagerService(  948): Registering transport android/com.android.internal.backup.LocalTransport = com.android.internal.backup.LocalTransport@4161ced0
01-01 20:00:05.804 V/BackupManagerService(  948): Starting with transport android/com.android.internal.backup.LocalTransport
01-01 20:00:05.804 V/BackupManagerService(  948): Google transport not present
01-01 20:00:05.804 I/BackupManagerService(  948): Backup enabled => false
01-01 20:00:05.804 I/BackupManagerService(  948): Opting out of backup
01-01 20:00:05.804 I/SystemServer(  948): AppWidget Service
01-01 20:00:05.804 I/SystemServer(  948): Recognition Service
01-01 20:00:05.804 I/SystemServer(  948): DiskStats Service
01-01 20:00:05.804 I/SystemServer(  948): SamplingProfiler Service
01-01 20:00:05.811 I/SystemServer(  948): NetworkTimeUpdateService
01-01 20:00:05.816 D/PowerManagerService(  948): system ready!
01-01 20:00:05.816 I/ActivityManager(  948): System now ready
01-01 20:00:05.820 I/SystemServer(  948): Making services ready
01-01 20:00:06.044 I/ActivityManager(  948): Start proc com.mstar.dbprovider for content provider com.mstar.dbprovider/.MstTvUserSettingProvider: pid=1128 uid=10015 gids={}
01-01 20:00:06.288 D/SystemServer(  948): Starting service: Intent { cmp=com.android.systemui/.SystemUIService }
01-01 20:00:06.300 I/ActivityManager(  948): Start proc com.android.systemui for service com.android.systemui/.SystemUIService: pid=1146 uid=1000 gids={3003, 1015, 3002, 3001, 3004}
01-01 20:00:06.300 D/NetworkManagementService(  948): enabling bandwidth control
01-01 20:00:06.580 D/NetworkManagementService(  948): rsp <213 a4:a8:0f:ff:ff:0e 0.0.0.0 0 [down broadcast multicast]>
01-01 20:00:06.580 D/NetworkManagementService(  948): flags <[down broadcast multicast]>
01-01 20:00:06.591 D/SystemUIService( 1146): loading: class com.android.systemui.statusbar.tablet.TabletStatusBar
01-01 20:00:06.620 D/SystemUIService( 1146): running: com.android.systemui.statusbar.tablet.TabletStatusBar@413aecc8
01-01 20:00:06.651 D/NetworkManagementService(  948): Registering observer
01-01 20:00:06.680 D/NetworkManagementService(  948): Registering observer
01-01 20:00:06.688 I/ActivityManager(  948): Config changed: {1.0 0mcc0mnc zh_CN layoutdir=0 sw720dp w1280dp h720dp xlrg long land -touch -keyb/v/h -nav/h s.3}
01-01 20:00:06.696 W/RecognitionManagerService(  948): no available voice recognition services found
01-01 20:00:06.831 I/ActivityManager(  948): Memory class: 64
01-01 20:00:06.848 W/InputManagerService(  948): Ignoring setImeWindowStatus of uid 1000 token: null
01-01 20:00:06.908 I/ActivityManager(  948): Start proc com.android.inputmethod.pinyin for service com.android.inputmethod.pinyin/.PinyinIME: pid=1202 uid=10018 gids={3003}
01-01 20:00:06.928 V/EthernetMonitor(  948): get event 
01-01 20:00:06.928 V/EthernetMonitor(  948): go poll events
01-01 20:00:06.940 D/NetworkManagementService(  948): Registering observer
01-01 20:00:06.964 I/SystemServer(  948): SIP Service
01-01 20:00:07.020 W/ThrottleService(  948): unable to find stats for iface rmnet0
01-01 20:00:07.116 I/ActivityManager(  948): Start proc com.coship.sdp.sce.tvappstore for added application com.coship.sdp.sce.tvappstore: pid=1225 uid=1000 gids={3003, 1015, 3002, 3001, 3004}
01-01 20:00:07.176 I/ActivityManager(  948): Start proc com.iflytek.vaf.TouchKey for added application com.iflytek.vaf.TouchKey: pid=1236 uid=10029 gids={1015}
01-01 20:00:07.180 I/ActivityManager(  948): START {act=android.intent.action.MAIN cat=[android.intent.category.HOME] flg=0x10000000 cmp=com.coship.portal/.PortalLuanch} from pid 0
01-01 20:00:07.244 I/ActivityManager(  948): Start proc com.coship.portal for activity com.coship.portal/.PortalLuanch: pid=1249 uid=10033 gids={3003, 3002, 3001, 3004, 1015}
01-01 20:00:07.244 I/SystemServer(  948): Enabled StrictMode for system server main thread.
01-01 20:00:07.244 I/EthernetStateTracker(  948): received interface reset event
01-01 20:00:07.244 I/EthernetStateTracker(  948): reset device eth0
01-01 20:00:07.320 I/EthernetStateTracker(  948): trigger dhcp for device eth0
01-01 20:00:07.604 I/ActivityManager(  948): Start proc com.google.process.gapps for service com.google.android.location/.NetworkLocationService: pid=1280 uid=10010 gids={3003, 1015, 2001, 1007}
01-01 20:00:07.676 I/StatusBar.HeightReceiver( 1146): Resizing status bar plugged=false height=48 old=0
01-01 20:00:08.080 W/MountService(  948): getVolumeState(/mnt/usb/sda1): Unknown volume
01-01 20:00:08.084 W/MountService(  948): getVolumeState(/mnt/usb/sda1): Unknown volume
01-01 20:00:08.496 W/ActivityThread( 1280): ClassLoader.loadClass: The class loader returned by Thread.getContextClassLoader() may fail for processes that host multiple applications. You should explicitly specify a context class loader. For example: Thread.setContextClassLoader(getClass().getClassLoader());
01-01 20:00:08.504 W/ActivityManager(  948): Unable to start service Intent { act=com.coship.sysfunc.SysFuncService }: not found
01-01 20:00:08.588 I/MicrophoneObserver(  948): Microphone PLUG_IN
01-01 20:00:08.600 V/EthernetMonitor(  948): get event eth0:17:
01-01 20:00:08.600 V/EthernetMonitor(  948): dev: eth0 ev 17
01-01 20:00:08.600 I/EthernetStateTracker(  948): report new state DISCONNECTED on dev eth0
01-01 20:00:08.600 V/EthernetStateTracker(  948): update network state tracker
01-01 20:00:08.600 V/EthernetMonitor(  948): go poll events
01-01 20:00:08.600 I/EthernetStateTracker(  948): received disconnected events, stack=false CC=false
01-01 20:00:08.600 I/EthernetStateTracker(  948): setState, skip: 4
01-01 20:00:08.611 V/EthernetMonitor(  948): get event eth0:17:
01-01 20:00:08.611 V/EthernetMonitor(  948): dev: eth0 ev 17
01-01 20:00:08.611 I/EthernetStateTracker(  948): report new state DISCONNECTED on dev eth0
01-01 20:00:08.611 V/EthernetStateTracker(  948): update network state tracker
01-01 20:00:08.611 V/EthernetMonitor(  948): go poll events
01-01 20:00:08.611 I/EthernetStateTracker(  948): received disconnected events, stack=false CC=false
01-01 20:00:08.611 I/EthernetStateTracker(  948): setState, skip: 4
--------- beginning of /dev/log/main
01-01 20:00:08.660 D/dalvikvm( 1146): GC_FOR_ALLOC freed 0K, 64% free 2472K/6723K, paused 15ms
01-01 20:00:08.664 I/dalvikvm-heap( 1146): Grow heap (frag case) to 6.279MB for 281896-byte allocation
01-01 20:00:08.668 I/InputReader(  948): Device reconfigured: id=5, name='Stp touch', surface size is now 1280x720, mode is 1
01-01 20:00:08.668 I/InputReader(  948): Device added: id=5, name='Stp touch', sources=0x00001002
01-01 20:00:08.671 I/dalvikvm( 1249): Wrote stack traces to '/data/anr/traces.txt'
01-01 20:00:08.680 D/dalvikvm( 1146): GC_FOR_ALLOC freed 0K, 61% free 2747K/7043K, paused 16ms
01-01 20:00:08.704 D/dalvikvm( 1280): GC_CONCURRENT freed 183K, 81% free 913K/4803K, paused 1ms+3ms
01-01 20:00:08.716 I/InputReader(  948): Device added: id=4, name='Stp mouse', sources=0x00002002
01-01 20:00:08.724 I/EventHub(  948): New device: id=6, fd=192, path='/dev/input/event5', name='Stp MT-touch', classes=0x14, configuration='/system/usr/idc/Stp_MT-touch.idc', keyLayout='', keyCharacterMap='', builtinKeyboard=false
01-01 20:00:08.724 I/InputReader(  948): Device reconfigured: id=6, name='Stp MT-touch', surface size is now 1280x720, mode is 1
01-01 20:00:08.724 I/InputReader(  948): Device added: id=6, name='Stp MT-touch', sources=0x00001002
01-01 20:00:08.831 D/dhcpcd  ( 1315): host does not support a monotonic clock - timing can skew
01-01 20:00:08.831 D/dhcpcd  ( 1315): broadcasting for a lease
01-01 20:00:08.831 D/dhcpcd  ( 1315): sending DHCP_DISCOVER with xid 0x442c5c, next in 3.56 seconds
01-01 20:00:08.840 D/dalvikvm( 1146): GC_FOR_ALLOC freed 851K, 67% free 2333K/7043K, paused 9ms
01-01 20:00:08.888 D/dalvikvm( 1146): GC_CONCURRENT freed 347K, 64% free 2541K/7043K, paused 0ms+1ms
01-01 20:00:08.920 D/libEGL  ( 1249): loaded /system/lib/egl/libGLES_android.so
01-01 20:00:08.931 D/dalvikvm(  948): GREF has increased to 301
01-01 20:00:08.931 D/libEGL  ( 1249): loaded /system/lib/egl/libEGL_mali.so
01-01 20:00:08.936 I/ActivityThread( 1280): Pub com.google.android.providers.talk: com.google.android.gsf.talk.TalkProvider
01-01 20:00:08.944 D/libEGL  ( 1249): loaded /system/lib/egl/libGLESv1_CM_mali.so
01-01 20:00:08.960 D/libEGL  ( 1249): loaded /system/lib/egl/libGLESv2_mali.so
01-01 20:00:09.008 I/Min3D   ( 1249): Renderer.onSurfaceCreated()
01-01 20:00:09.008 V/Min3D   ( 1249): RenderCaps - openGLVersion: 1.1
01-01 20:00:09.008 V/Min3D   ( 1249): RenderCaps - maxTextureUnits: 8
01-01 20:00:09.008 V/Min3D   ( 1249): RenderCaps - maxTextureSize: 4096
01-01 20:00:09.008 V/Min3D   ( 1249): RenderCaps - maxLights: 8
01-01 20:00:09.008 I/Min3D   ( 1249): Scene.init()
01-01 20:00:09.008 I/Min3D   ( 1249): ManagedLightList.reset()
01-01 20:00:09.036 I/ActivityManager(  948): Displayed com.coship.portal/.PortalLuanch: +1s845ms
01-01 20:00:09.048 D/dalvikvm( 1249): GC_FOR_ALLOC freed 109K, 68% free 1964K/5955K, paused 16ms
01-01 20:00:09.051 D/dalvikvm( 1280): GC_CONCURRENT freed 230K, 79% free 1085K/5059K, paused 1ms+1ms
01-01 20:00:09.064 I/dalvikvm-heap( 1249): Grow heap (frag case) to 9.030MB for 3686416-byte allocation
01-01 20:00:09.068 D/NetworkLocationService( 1280): onCreate
01-01 20:00:09.088 D/dalvikvm( 1249): GC_FOR_ALLOC freed 1K, 43% free 5562K/9603K, paused 12ms
01-01 20:00:09.124 D/dalvikvm( 1249): GC_CONCURRENT freed 0K, 43% free 5563K/9603K, paused 16ms+1ms
01-01 20:00:09.144 D/PowerManagerService(  948): bootCompleted
01-01 20:00:09.144 V/DevicePolicyManagerService(  948): Sending password expiration notifications for action android.intent.action.BOOT_COMPLETED
01-01 20:00:09.168 E/AC3Extractor(  739): Rsyn Fail
01-01 20:00:09.168 D/MediaPlayerService(  739): countTracks = 1
01-01 20:00:09.168 D/MediaPlayerService(  739): mime = audio/vorbis
01-01 20:00:09.168 D/MediaPlayerService(  739): videoCnt = 0, audioCnt = 1
01-01 20:00:09.168 D/MediaPlayerService(  739): Ogg
01-01 20:00:09.171 E/AC3Extractor(  739): Rsyn Fail
01-01 20:00:09.180 I/ActivityManager(  948): Start proc com.android.contacts for broadcast com.android.contacts/.calllog.CallLogReceiver: pid=1351 uid=10000 gids={3003, 1015}
01-01 20:00:09.184 V/WiredAccessoryObserver(  948): init()
01-01 20:00:09.188 W/WiredAccessoryObserver(  948): This kernel does not have wired headset support
01-01 20:00:09.196 W/WiredAccessoryObserver(  948): This kernel does not have wired headset support
01-01 20:00:09.200 I/SearchManagerService(  948): Building list of searchable activities
01-01 20:00:09.208 W/WiredAccessoryObserver(  948): This kernel does not have wired headset support
01-01 20:00:09.216 I/Zygote  (  737): Preloading classes...
01-01 20:00:09.216 D/OMXCodec(  739): Attempting to allocate OMX node 'OMX.google.vorbis.decoder'
01-01 20:00:09.220 D/OMXCodec(  739): Successfully allocated OMX node 'OMX.google.vorbis.decoder'
01-01 20:00:09.240 D/dalvikvm(  737): GC_EXPLICIT freed 43K, 90% free 464K/4352K, paused 8ms+0ms
01-01 20:00:09.276 E/AC3Extractor(  739): Rsyn Fail
01-01 20:00:09.308 D/MediaPlayerService(  739): countTracks = 1
01-01 20:00:09.308 D/MediaPlayerService(  739): mime = audio/vorbis
01-01 20:00:09.308 D/MediaPlayerService(  739): videoCnt = 0, audioCnt = 1
01-01 20:00:09.308 D/MediaPlayerService(  739): Ogg
01-01 20:00:09.311 E/AC3Extractor(  739): Rsyn Fail
01-01 20:00:09.351 D/OMXCodec(  739): Attempting to allocate OMX node 'OMX.google.vorbis.decoder'
01-01 20:00:09.356 D/OMXCodec(  739): Successfully allocated OMX node 'OMX.google.vorbis.decoder'
01-01 20:00:09.364 D/dalvikvm( 1280): GC_CONCURRENT freed 345K, 78% free 1197K/5251K, paused 2ms+4ms
01-01 20:00:09.424 E/AC3Extractor(  739): Rsyn Fail
01-01 20:00:09.428 D/MediaPlayerService(  739): countTracks = 1
01-01 20:00:09.428 D/MediaPlayerService(  739): mime = audio/vorbis
01-01 20:00:09.428 D/MediaPlayerService(  739): videoCnt = 0, audioCnt = 1
01-01 20:00:09.428 D/MediaPlayerService(  739): Ogg
01-01 20:00:09.440 E/AC3Extractor(  739): Rsyn Fail
01-01 20:00:09.468 D/OMXCodec(  739): Attempting to allocate OMX node 'OMX.google.vorbis.decoder'
01-01 20:00:09.468 D/OMXCodec(  739): Successfully allocated OMX node 'OMX.google.vorbis.decoder'
01-01 20:00:09.491 D/dalvikvm( 1351): GC_CONCURRENT freed 135K, 85% free 703K/4547K, paused 1ms+1ms
01-01 20:00:09.500 I/StatusBarManagerService(  948): registerStatusBar bar=com.android.internal.statusbar.IStatusBar$Stub$Proxy@4165ca78
01-01 20:00:09.504 V/TabletStatusBar( 1146): setLightsOn(true)
01-01 20:00:09.531 I/Zygote  (  737): ...preloaded 284 classes in 317ms.
01-01 20:00:09.556 W/Searchables(  948): No global search activity found
01-01 20:00:09.564 D/SystemUIService( 1146): loading: class com.android.systemui.power.PowerUI
01-01 20:00:09.564 D/SystemUIService( 1146): running: com.android.systemui.power.PowerUI@4143ff10
01-01 20:00:09.580 I/StatusBar.HeightReceiver( 1146): Resizing status bar plugged=false height=48 old=48
01-01 20:00:09.584 E/AC3Extractor(  739): Rsyn Fail
01-01 20:00:09.584 I/TabletStatusBar( 1146): receiver broadcast
01-01 20:00:09.584 D/jachensy.chen( 1146): basal setting action configuration changed.......
01-01 20:00:09.596 D/MediaPlayerService(  739): countTracks = 1
01-01 20:00:09.596 D/MediaPlayerService(  739): mime = audio/vorbis
01-01 20:00:09.596 D/MediaPlayerService(  739): videoCnt = 0, audioCnt = 1
01-01 20:00:09.596 D/MediaPlayerService(  739): Ogg
01-01 20:00:09.604 I/StatusBar.HeightReceiver( 1146): Resizing status bar plugged=false height=48 old=48
01-01 20:00:09.611 E/AC3Extractor(  739): Rsyn Fail
01-01 20:00:09.644 D/OMXCodec(  739): Attempting to allocate OMX node 'OMX.google.vorbis.decoder'
01-01 20:00:09.648 D/OMXCodec(  739): Successfully allocated OMX node 'OMX.google.vorbis.decoder'
01-01 20:00:09.688 E/AC3Extractor(  739): Rsyn Fail
01-01 20:00:09.696 D/MediaPlayerService(  739): countTracks = 1
01-01 20:00:09.696 D/MediaPlayerService(  739): mime = audio/vorbis
01-01 20:00:09.696 D/MediaPlayerService(  739): videoCnt = 0, audioCnt = 1
01-01 20:00:09.696 D/MediaPlayerService(  739): Ogg
01-01 20:00:09.704 D/WifiService(  948): New client listening to asynchronous messages
01-01 20:00:09.716 E/AC3Extractor(  739): Rsyn Fail
01-01 20:00:09.720 D/dalvikvm(  948): GC_CONCURRENT freed 400K, 57% free 3171K/7299K, paused 3ms+4ms
01-01 20:00:09.748 D/OMXCodec(  739): Attempting to allocate OMX node 'OMX.google.vorbis.decoder'
01-01 20:00:09.751 D/NetworkLocationService( 1280): onBind com.google.android.location.NetworkLocationProvider
01-01 20:00:09.751 D/NetworkLocationService( 1280): onBind com.google.android.location.GeocodeProvider
01-01 20:00:09.756 D/OMXCodec(  739): Successfully allocated OMX node 'OMX.google.vorbis.decoder'
01-01 20:00:09.768 I/AccountTypeManager( 1351): Loaded meta-data for 0 account types, 0 accounts in 4ms(wall) 3ms(cpu)
01-01 20:00:09.796 D/dalvikvm( 1146): GC_CONCURRENT freed 323K, 59% free 2914K/7043K, paused 1ms+18ms
01-01 20:00:09.811 I/RecoverySystem(  948): No recovery log file
01-01 20:00:09.828 I/Zygote  (  737): Preloading classes...
01-01 20:00:09.828 I/ActivityManager(  948): Start proc com.coship.HS for broadcast com.coship.HS/.AutoStartReceiver: pid=1400 uid=1000 gids={3003, 1015, 3002, 3001, 3004}
01-01 20:00:09.856 D/dalvikvm(  737): GC_EXPLICIT freed 94K, 86% free 636K/4419K, paused 2ms+2ms
01-01 20:00:09.936 I/System.out( 1249): 1167652809942____________________________
01-01 20:00:09.936 V/portal  ( 1249): Glass:  make new bitmap
01-01 20:00:10.004 D/TextLayoutCache(  737): Using debug level: 0 - Debug Enabled: 0
01-01 20:00:10.020 W/Zygote  (  737): Class not found for preloading: android.media.AudioManager$2
01-01 20:00:10.160 I/dalvikvm(  737): threadid=1: recursive native library load attempt (/system/lib/libmedia_jni.so)
01-01 20:00:10.160 D/MtpDeviceJNI(  737): register_android_mtp_MtpDevice
01-01 20:00:10.160 I/dalvikvm(  737): threadid=1: recursive native library load attempt (/system/lib/libmedia_jni.so)
01-01 20:00:10.160 I/dalvikvm(  737): threadid=1: recursive native library load attempt (/system/lib/libmedia_jni.so)
01-01 20:00:10.184 D/dalvikvm( 1249): GC_FOR_ALLOC freed 3601K, 71% free 3225K/10883K, paused 8ms
01-01 20:00:10.191 I/Zygote  (  737): ...preloaded 206 classes in 366ms.
01-01 20:00:10.204 D/dalvikvm(  737): GC_EXPLICIT freed 106K, 85% free 701K/4547K, paused 1ms+0ms
01-01 20:00:10.211 D/dalvikvm(  737): GC_EXPLICIT freed <1K, 85% free 700K/4547K, paused 0ms+0ms
01-01 20:00:10.220 D/dalvikvm(  737): GC_EXPLICIT freed <1K, 85% free 700K/4547K, paused 0ms+1ms
01-01 20:00:10.244 I/Zygote  (  737): Preloading classes...
01-01 20:00:10.244 I/ActivityManager(  948): Start proc android.process.media for content provider com.android.providers.downloads/.DownloadProvider: pid=1415 uid=10009 gids={1015, 1023, 1024, 2001, 3003, 3007}
01-01 20:00:10.260 D/dalvikvm(  737): GC_EXPLICIT freed 4K, 85% free 702K/4547K, paused 0ms+2ms
01-01 20:00:10.300 D/dalvikvm( 1400): GC_CONCURRENT freed 165K, 85% free 695K/4547K, paused 1ms+3ms
01-01 20:00:10.304 W/Zygote  (  737): Class not found for preloading: android.media.IRemoteControlClientDispatcher
01-01 20:00:10.304 W/Zygote  (  737): Class not found for preloading: android.media.IRemoteControlClientDispatcher$Stub
01-01 20:00:10.316 D/HSBootReceiver( 1400): start BluetoothHeadsetEventService 
01-01 20:00:10.336 D/dalvikvm( 1249): GC_FOR_ALLOC freed <1K, 65% free 3853K/10883K, paused 34ms
01-01 20:00:10.408 D/dalvikvm(  737): GC_FOR_ALLOC freed 247K, 80% free 996K/4931K, paused 9ms
01-01 20:00:10.431 D/dalvikvm( 1249): GC_FOR_ALLOC freed <1K, 59% free 4482K/10883K, paused 9ms
01-01 20:00:10.508 D/dalvikvm( 1249): GC_CONCURRENT freed <1K, 48% free 5739K/10883K, paused 1ms+1ms
01-01 20:00:10.600 D/dalvikvm( 1249): GC_FOR_ALLOC freed <1K, 42% free 6367K/10883K, paused 8ms
01-01 20:00:10.644 D/dalvikvm( 1249): GC_FOR_ALLOC freed <1K, 40% free 6996K/11523K, paused 8ms
01-01 20:00:10.691 D/dalvikvm( 1249): GC_FOR_ALLOC freed <1K, 38% free 7624K/12163K, paused 11ms
01-01 20:00:10.764 I/System.out( 1249): 1167652810769++++++++++++++++++++++++++++++++++++++
01-01 20:00:10.768 V/portal  ( 1249): menubar initialize 
01-01 20:00:10.776 I/Zygote  (  737): ...preloaded 163 classes in 530ms.
01-01 20:00:10.791 I/Zygote  (  737): Preloading classes...
01-01 20:00:10.800 I/ActivityManager(  948): Start proc android.process.acore for content provider com.android.providers.contacts/.CallLogProvider: pid=1431 uid=10000 gids={3003, 1015}
01-01 20:00:10.820 D/HSEventMonitorService( 1400): start BluetoothHeadsetService 
01-01 20:00:10.860 D/dalvikvm(  737): GC_EXPLICIT freed 146K, 77% free 1155K/4995K, paused 1ms+3ms
01-01 20:00:10.880 I/ActivityThread( 1415): Pub media: com.android.providers.media.MediaProvider
01-01 20:00:11.020 D/dalvikvm( 1249): GC_FOR_ALLOC freed 3734K, 58% free 5675K/13379K, paused 9ms
01-01 20:00:11.040 W/Zygote  (  737): Class not found for preloading: android.text.TextDirectionHeuristics$CharCount
01-01 20:00:11.064 D/dalvikvm(  737): GC_FOR_ALLOC freed 167K, 72% free 1524K/5379K, paused 17ms
01-01 20:00:11.064 W/Zygote  (  737): Class not found for preloading: android.text.method.WordIterator$1
01-01 20:00:11.096 I/Zygote  (  737): ...preloaded 203 classes in 301ms.
01-01 20:00:11.120 I/Zygote  (  737): Preloading classes...
01-01 20:00:11.120 I/ActivityManager(  948): Start proc com.android.providers.calendar for broadcast com.android.providers.calendar/.CalendarReceiver: pid=1446 uid=10004 gids={3003, 1015}
01-01 20:00:11.144 W/MountService(  948): getVolumeState(/mnt/usb/sda1): Unknown volume
01-01 20:00:11.176 D/BluetoothHeadsetBroadcastReceiver( 1400): - Got BluetoothHeadset: null
01-01 20:00:11.188 I/ActivityThread( 1415): Pub downloads: com.android.providers.downloads.DownloadProvider
01-01 20:00:11.200 D/dalvikvm( 1249): GC_CONCURRENT freed 848K, 52% free 6521K/13379K, paused 1ms+20ms
01-01 20:00:11.220 V/portal  ( 1249): menubar initialize 2
01-01 20:00:11.248 I/Min3D   ( 1249): Renderer.onSurfaceChanged()
01-01 20:00:11.251 D/dalvikvm(  737): GC_EXPLICIT freed 56K, 72% free 1553K/5379K, paused 18ms+2ms
01-01 20:00:11.311 D/dalvikvm(  948): GC_FOR_ALLOC freed 386K, 58% free 3216K/7491K, paused 88ms
01-01 20:00:11.316 I/ActivityThread( 1431): Pub com.android.voicemail: com.android.providers.contacts.VoicemailContentProvider
01-01 20:00:11.416 D/Bluetooth HSHFP( 1400): Starting BluetoothHeadsetService
01-01 20:00:11.420 D/BluetoothHeadsetBroadcastReceiver( 1400): - Got BluetoothHeadset: android.bluetooth.BluetoothHeadset@413c6668
01-01 20:00:11.424 I/ActivityThread( 1415): Pub drm: com.android.providers.drm.DrmProvider
01-01 20:00:11.431 D/ImageWallpaper( 1146):  drawFrameLocked_rnb Thread ID22
01-01 20:00:11.440 I/DownloadManager( 1415): in removeSpuriousFiles
01-01 20:00:11.471 I/ActivityThread( 1431): Pub com.android.social: com.android.providers.contacts.SocialProvider
01-01 20:00:11.471 I/ActivityThread( 1431): Pub applications: com.android.providers.applications.ApplicationsProvider
01-01 20:00:11.491 I/SurfaceFlinger( 1033): Boot is finished (11254 ms)
01-01 20:00:11.504 D/dalvikvm( 1431): GC_CONCURRENT freed 224K, 77% free 1243K/5187K, paused 2ms+4ms
01-01 20:00:11.520 I/ActivityThread( 1446): Pub com.android.calendar: com.android.providers.calendar.CalendarProvider2
01-01 20:00:11.668 D/dalvikvm(  948): GC_EXPLICIT freed 410K, 60% free 3075K/7619K, paused 1ms+4ms
01-01 20:00:11.744 I/ActivityThread( 1431): Pub contacts;com.android.contacts: com.android.providers.contacts.ContactsProvider2
01-01 20:00:11.811 D/dalvikvm( 1446): GC_CONCURRENT freed 300K, 71% free 1701K/5699K, paused 3ms+3ms
01-01 20:00:11.820 D/dalvikvm( 1431): GC_CONCURRENT freed 302K, 75% free 1376K/5379K, paused 1ms+1ms
01-01 20:00:11.848 I/DownloadManager( 1415): deleting spurious file /cache/cyweebuf
01-01 20:00:11.971 I/dalvikvm(  737): threadid=1: recursive native library load attempt (/system/lib/libwebcore.so)
01-01 20:00:11.971 D/dalvikvm(  737): No JNI_OnLoad found in /system/lib/libchromium_net.so 0x0, skipping init
01-01 20:00:12.020 I/Zygote  (  737): ...preloaded 107 classes in 900ms.
01-01 20:00:12.044 D/dalvikvm( 1470): Not late-enabling CheckJNI (already on)
01-01 20:00:12.068 I/Zygote  (  737): Preloading classes...
01-01 20:00:12.071 I/ActivityManager(  948): Start proc com.coship.cw880 for broadcast com.coship.cw880/.BootCw880Recive: pid=1470 uid=1000 gids={3003, 1015, 3002, 3001, 3004}
01-01 20:00:12.084 I/ActivityThread( 1431): Pub call_log: com.android.providers.contacts.CallLogProvider
01-01 20:00:12.096 I/ActivityThread( 1431): Pub user_dictionary: com.android.providers.userdictionary.UserDictionaryProvider
01-01 20:00:12.148 D/dalvikvm(  737): GC_EXPLICIT freed 177K, 71% free 1605K/5507K, paused 2ms+3ms
01-01 20:00:12.224 D/TAG     ( 1470): ===@@@@@@@@@@@@@@@@@@@@@@@@@@@@@@@@@@@@@@@@@@@@@@@==
01-01 20:00:12.236 D/BootBroadcastRecevice( 1470): ===========BoradcastReceive enter will to monitorcw880
01-01 20:00:12.248 D/MonitorCw880( 1470): MonitorCw880 OnCreat
01-01 20:00:12.264 D/dalvikvm( 1280): GC_CONCURRENT freed 372K, 77% free 1266K/5379K, paused 1ms+18ms
01-01 20:00:12.271 I/MonitorCw880( 1470): easybusAttach success !
01-01 20:00:12.276 I/MonitorCw880( 1470): easyscreen -> easybusInterest success !
01-01 20:00:12.276 I/MonitorCw880( 1470): easyheartbeat -> easybusInterest success !
01-01 20:00:12.280 D/MonitorCw880( 1470): MonitorCw880 OnStart
01-01 20:00:12.344 W/Zygote  (  737): Class not found for preloading: android.widget.EdgeGlow
01-01 20:00:12.368 I/Zygote  (  737): ...preloaded 58 classes in 302ms.
01-01 20:00:12.396 D/dhcpcd  ( 1315): sending DHCP_DISCOVER with xid 0x442c5c, next in 8.42 seconds
01-01 20:00:12.451 D/dalvikvm(  948): GREF has increased to 401
01-01 20:00:12.468 E/DefaultVoicemailNotifier( 1351): No voicemails to notify about: clear the notification.
01-01 20:00:12.531 V/update.Download( 1280): deleting all update downloads
01-01 20:00:12.600 D/dalvikvm( 1415): GC_CONCURRENT freed 225K, 81% free 926K/4867K, paused 1ms+7ms
01-01 20:00:12.648 D/dalvikvm( 1280): GC_CONCURRENT freed 430K, 77% free 1287K/5443K, paused 7ms+9ms
01-01 20:00:12.651 I/ActivityManager(  948): START {flg=0x10000000 cmp=com.google.android.gsf/.update.SystemUpdateInstallDialog} from pid 1280
01-01 20:00:12.671 D/PermissionCache( 1033): checking android.permission.READ_FRAME_BUFFER for uid=1000 => granted (378 us)
01-01 20:00:12.751 D/dalvikvm(  948): GC_CONCURRENT freed 392K, 58% free 3254K/7619K, paused 2ms+3ms
01-01 20:00:12.884 I/Zygote  (  737): Preloading classes...
01-01 20:00:12.928 D/dalvikvm(  948): GC_FOR_ALLOC freed 151K, 57% free 3315K/7619K, paused 85ms
01-01 20:00:12.928 I/ActivityManager(  948): Start proc com.android.settings for broadcast com.android.settings/.SettingGlobalReceiver: pid=1495 uid=1000 gids={3003, 1015, 3002, 3001, 3004}
01-01 20:00:12.940 D/dalvikvm(  737): GC_EXPLICIT freed 184K, 71% free 1634K/5507K, paused 4ms+4ms
01-01 20:00:12.991 E/PhonePolicy( 1280): Could not preload class for phone policy: com.android.internal.policy.impl.PhoneWindow$ContextMenuCallback
01-01 20:00:13.088 D/TextLayoutCache( 1280): Using debug level: 0 - Debug Enabled: 0
01-01 20:00:13.111 I/MediaScannerService( 1415): ==========================================
01-01 20:00:13.111 I/MediaScannerService( 1415): ====== ACTION_MEDIA_SCANNER_STARTED ======
