V/EthernetMonitor( 1106): go poll events
V/EthernetMonitor( 1106): get event 
V/EthernetMonitor( 1106): go poll events
V/EthernetMonitor( 1106): get event 
V/EthernetMonitor( 1106): go poll events
V/EthernetMonitor( 1106): get event 
V/EthernetMonitor( 1106): go poll events
V/EthernetMonitor( 1106): get event 
V/EthernetMonitor( 1106): go poll events
V/EthernetMonitor( 1106): get event 
V/EthernetMonitor( 1106): go poll events
V/EthernetMonitor( 1106): get event 
V/EthernetMonitor( 1106): go poll events
V/EthernetMonitor( 1106): get event 
V/EthernetMonitor( 1106): go poll events
V/EthernetMonitor( 1106): get event 
V/EthernetMonitor( 1106): go poll events
D/ConnectivityService( 1106): ConnectivityChange for WIFI: CONNECTED/CONNECTED
D/ConnectivityService( 1106): Policy requires ETH teardown
I/EthernetStateTracker( 1106): stop dhcp and interface
V/EthernetMonitor( 1106): get event eth0:17:
V/EthernetMonitor( 1106): dev: eth0 ev 17
I/EthernetStateTracker( 1106): report new state DISCONNECTED on dev eth0
V/EthernetStateTracker( 1106): update network state tracker
V/EthernetMonitor( 1106): go poll events
I/EthernetStateTracker( 1106): received disconnected events, stack=true CC=true
V/EthernetMonitor( 1106): get event eth0:21:
V/EthernetMonitor( 1106): dev: eth0 ev 21
V/EthernetStateTracker( 1106): report address is removed for eth0
I/EthernetStateTracker( 1106): stop dhcp and interface
D/ConnectivityService( 1106): ConnectivityChange for WIFI: CONNECTED/CONNECTED
D/ConnectivityService( 1106): handleConnectivityChange: address are the same reset per doReset linkProperty[1]: resetMask=0
W/EthernetStateTracker( 1106): stopInterface --> clearAddresses ret = true
D/ConnectivityService( 1106): ConnectivityChange for ETH: DISCONNECTED/DISCONNECTED
E/MobileDataStateTracker( 1106): default: Ignoring feature request because could not acquire PhoneService
E/MobileDataStateTracker( 1106): default: Could not enable APN type "default"
D/ConnectivityService( 1106): Attempting to switch to mobile
D/ConnectivityService( 1106): Attempting to switch to WIFI
D/ConnectivityService( 1106): Attempting to switch to pppoe
E/ConnectivityService( 1106): Exception trying to remove a route: java.lang.IllegalStateException: Unable to communicate with native dameon to add routes - com.android.server.NativeDaemonConnectorException: Cmd {interface route remove eth0 default 0.0.0.0 0 0.0.0.0} failed with code 400 : {Failed to remove route from default table (No such process)}
I/EthernetStateTracker( 1106): IntentBroadcast, event=4
V/EthernetMonitor( 1106): go poll events
I/PppoeStateTracker( 1106): receive EthernetStateTracker.EVENT_HW_DISCONNECTED
I/EthernetStateTracker( 1106): received interface address remove event
V/EthernetStateTracker( 1106): configureInterfaceAutoIP skip!
V/EthernetMonitor( 1106): get event 
V/EthernetMonitor( 1106): go poll events
V/EthernetMonitor( 1106): get event 
V/EthernetMonitor( 1106): go poll events
V/EthernetMonitor( 1106): get event 
V/EthernetMonitor( 1106): go poll events
V/EthernetMonitor( 1106): get event 
V/EthernetMonitor( 1106): go poll events
V/EthernetMonitor( 1106): get event 
V/EthernetMonitor( 1106): go poll events
V/EthernetMonitor( 1106): get event 
V/EthernetMonitor( 1106): go poll events
V/EthernetMonitor( 1106): get event 
V/EthernetMonitor( 1106): go poll events
V/EthernetMonitor( 1106): get event 
V/EthernetMonitor( 1106): go poll events
V/EthernetMonitor( 1106): get event 
V/EthernetMonitor( 1106): go poll events
V/EthernetMonitor( 1106): get event 
V/EthernetMonitor( 1106): go poll events
V/EthernetMonitor( 1106): get event 
V/EthernetMonitor( 1106): go poll events
V/EthernetMonitor( 1106): get event 
V/EthernetMonitor( 1106): go poll events
--------- beginning of /dev/log/main
I/System.out( 2541):    at org.cybergarage.xml.Parser.parse(Parser.java:85)
I/System.out( 2541):    at org.cybergarage.upnp.ControlPoint.addDevice(ControlPoint.java:255)
I/System.out( 2541):    at org.cybergarage.upnp.ControlPoint.notifyReceived(ControlPoint.java:511)
I/System.out( 2541):    at org.cybergarage.upnp.ssdp.SSDPNotifySocket.run(SSDPNotifySocket.java:138)
I/System.out( 2541):    at java.lang.Thread.run(Thread.java:856)
I/System.out( 2541): Caused by: libcore.io.ErrnoException: isConnected failed: ECONNREFUSED (Connection refused)
I/System.out( 2541):    at libcore.io.IoBridge.isConnected(IoBridge.java:201)
I/System.out( 2541):    ... 12 more
I/System.out( 2541): CyberGarage warning : NOTIFY * HTTP/1.1
I/System.out( 2541): Server: Linux/2.6.35.13+ UPnP/1.0 CyberLinkJava/1.8
I/System.out( 2541): Cache-Control: max-age=1800
I/System.out( 2541): Location: http://192.168.0.115:39520/description.xml
I/System.out( 2541): NTS: ssdp:alive
I/System.out( 2541): NT: upnp:rootdevice
I/System.out( 2541): USN: uuid:00000000-0192-0168-0001-000000000022::upnp:rootdevice
I/System.out( 2541): HOST: 239.255.255.250:1900
I/System.out( 2541): 
I/System.out( 2541): CyberGarage warning : HTTP comunication failed: no answer from peer.Unable to retrive resoure -> http://192.168.0.115:39520/description.xml
I/System.out( 2541): org.cybergarage.xml.ParserException: HTTP comunication failed: no answer from peer.Unable to retrive resoure -> http://192.168.0.115:39520/description.xml
I/System.out( 2541):    at org.cybergarage.xml.Parser.parse(Parser.java:87)
I/System.out( 2541):    at org.cybergarage.upnp.ControlPoint.addDevice(ControlPoint.java:255)
I/System.out( 2541):    at org.cybergarage.upnp.ControlPoint.notifyReceived(ControlPoint.java:511)
I/System.out( 2541):    at org.cybergarage.upnp.ssdp.SSDPNotifySocket.run(SSDPNotifySocket.java:138)
I/System.out( 2541):    at java.lang.Thread.run(Thread.java:856)
D/dalvikvm( 2541): GC_CONCURRENT freed 1965K, 39% free 18997K/30851K, paused 3ms+9ms
D/dalvikvm( 3983): GC_CONCURRENT freed 1910K, 46% free 7235K/13251K, paused 2ms+5ms
D/MonitorCw880( 3966): currentRemoteHost is null ,continue
V/EthernetMonitor( 1106): get event 
V/EthernetMonitor( 1106): go poll events
V/EthernetMonitor( 1106): get event 
V/EthernetMonitor( 1106): go poll events
V/HSEventMonitorService( 1573): mBluetoothA2dp connect state = 2
V/HSEventMonitorService( 1573): mBluetoothHeadset connect state = 2
I/HighSet_WirlessNetwork( 4576): -----------------------wifi????-------------------
I/HighSet_WirlessNetwork( 4576): -------------------------SSID= dingcheng-5.8G ----------Adress= c8:3a:35:34:4e:bc
I/HighSet_WirlessNetwork( 4576): -------------------------SSID= Momokan ----------Adress= 20:c9:d0:23:07:7c
D/MonitorCw880( 3966): currentRemoteHost is null ,continue
V/HSEventMonitorService( 1573): mBluetoothA2dp connect state = 2
V/HSEventMonitorService( 1573): mBluetoothHeadset connect state = 2
E/WindowManager( 1106): ##############################dispatchUnhandledKey
D/HomePlayerLib( 3983): hostaddress count is 1
D/System.out( 2541): host is 192.168.0.115 port is 39520
I/System.out( 2541): CyberGarage warning : failed to connect to /192.168.0.115 (port 39520) after 5000ms: isConnected failed: ECONNREFUSED (Connection refused)
I/System.out( 2541): java.net.ConnectException: failed to connect to /192.168.0.115 (port 39520) after 5000ms: isConnected failed: ECONNREFUSED (Connection refused)
I/System.out( 2541):    at libcore.io.IoBridge.isConnected(IoBridge.java:214)
I/System.out( 2541):    at libcore.io.IoBridge.connectErrno(IoBridge.java:152)
I/System.out( 2541):    at libcore.io.IoBridge.connect(IoBridge.java:112)
I/System.out( 2541):    at java.net.PlainSocketImpl.connect(PlainSocketImpl.java:192)
I/System.out( 2541):    at java.net.PlainSocketImpl.connect(PlainSocketImpl.java:459)
I/System.out( 2541):    at java.net.Socket.connect(Socket.java:842)
I/System.out( 2541):    at org.cybergarage.http.HTTPRequest.post(HTTPRequest.java:409)
I/System.out( 2541):    at org.cybergarage.http.HTTPRequest.post(HTTPRequest.java:476)
I/System.out( 2541):    at org.cybergarage.xml.Parser.parse(Parser.java:85)
I/System.out( 2541):    at org.cybergarage.upnp.ControlPoint.addDevice(ControlPoint.java:255)
I/System.out( 2541):    at org.cybergarage.upnp.ControlPoint.notifyReceived(ControlPoint.java:511)
I/System.out( 2541):    at org.cybergarage.upnp.ssdp.SSDPNotifySocket.run(SSDPNotifySocket.java:138)
I/System.out( 2541):    at java.lang.Thread.run(Thread.java:856)
I/System.out( 2541): Caused by: libcore.io.ErrnoException: isConnected failed: ECONNREFUSED (Connection refused)
I/System.out( 2541):    at libcore.io.IoBridge.isConnected(IoBridge.java:201)
I/System.out( 2541):    ... 12 more
I/System.out( 2541): CyberGarage warning : NOTIFY * HTTP/1.1
I/System.out( 2541): Server: Linux/2.6.35.13+ UPnP/1.0 CyberLinkJava/1.8
I/System.out( 2541): Cache-Control: max-age=1800
I/System.out( 2541): Location: http://192.168.0.115:39520/description.xml
I/System.out( 2541): NTS: ssdp:alive
I/System.out( 2541): NT: upnp:rootdevice
I/System.out( 2541): USN: uuid:00000000-0192-0168-0001-000000000022::upnp:rootdevice
I/System.out( 2541): HOST: 239.255.255.250:1900
I/System.out( 2541): 
I/System.out( 2541): CyberGarage warning : HTTP comunication failed: no answer from peer.Unable to retrive resoure -> http://192.168.0.115:39520/description.xml
I/System.out( 2541): org.cybergarage.xml.ParserException: HTTP comunication failed: no answer from peer.Unable to retrive resoure -> http://192.168.0.115:39520/description.xml
I/System.out( 2541):    at org.cybergarage.xml.Parser.parse(Parser.java:87)
I/System.out( 2541):    at org.cybergarage.upnp.ControlPoint.addDevice(ControlPoint.java:255)
I/System.out( 2541):    at org.cybergarage.upnp.ControlPoint.notifyReceived(ControlPoint.java:511)
I/System.out( 2541):    at org.cybergarage.upnp.ssdp.SSDPNotifySocket.run(SSDPNotifySocket.java:138)
I/System.out( 2541):    at java.lang.Thread.run(Thread.java:856)
D/dalvikvm( 2541): GC_CONCURRENT freed 1937K, 39% free 19052K/30851K, paused 3ms+9ms
D/dalvikvm( 3983): GC_CONCURRENT freed 1937K, 45% free 7344K/13251K, paused 3ms+4ms
D/dalvikvm( 2541): GC_CONCURRENT freed 1999K, 39% free 19097K/30851K, paused 3ms+9ms
D/MonitorCw880( 3966): currentRemoteHost is null ,continue
V/EthernetMonitor( 1106): get event 
V/EthernetMonitor( 1106): go poll events
V/EthernetMonitor( 1106): get event 
V/EthernetMonitor( 1106): go poll events
I/HighSet_WirlessNetwork( 4576): -------------------------SSID= dingcheng-5.8G ----------Adress= c8:3a:35:34:4e:bc
I/HighSet_WirlessNetwork( 4576): -------------------------SSID= Momokan ----------Adress= 20:c9:d0:23:07:7c
D/dalvikvm( 4576): GC_CONCURRENT freed 1632K, 16% free 32588K/38339K, paused 2ms+11ms
V/HSEventMonitorService( 1573): mBluetoothA2dp connect state = 2
V/HSEventMonitorService( 1573): mBluetoothHeadset connect state = 2
I/HighSet_WirlessNetwork( 4576): -----------------------wifi????-------------------
I/HighSet_WirlessNetwork( 4576): -------------------------SSID= dingcheng-5.8G ----------Adress= c8:3a:35:34:4e:bc
I/HighSet_WirlessNetwork( 4576): -------------------------SSID= Momokan ----------Adress= 20:c9:d0:23:07:7c
D/MonitorCw880( 3966): currentRemoteHost is null ,continue
V/HSEventMonitorService( 1573): mBluetoothA2dp connect state = 2
V/HSEventMonitorService( 1573): mBluetoothHeadset connect state = 2
D/BluetoothEventLoop( 1106): Property Changed: Discovering : true
V/BluetoothEventManager( 1656): Received android.bluetooth.adapter.action.DISCOVERY_STARTED
V/BluetoothDiscoveryReceiver( 1656): Received: android.bluetooth.adapter.action.DISCOVERY_STARTED
D/HomePlayerLib( 3983): hostaddress count is 1
D/System.out( 2541): host is 192.168.0.115 port is 39520
I/System.out( 2541): CyberGarage warning : failed to connect to /192.168.0.115 (port 39520) after 5000ms: isConnected failed: ECONNREFUSED (Connection refused)
I/System.out( 2541): java.net.ConnectException: failed to connect to /192.168.0.115 (port 39520) after 5000ms: isConnected failed: ECONNREFUSED (Connection refused)
I/System.out( 2541):    at libcore.io.IoBridge.isConnected(IoBridge.java:214)
I/System.out( 2541):    at libcore.io.IoBridge.connectErrno(IoBridge.java:152)
I/System.out( 2541):    at libcore.io.IoBridge.connect(IoBridge.java:112)
I/System.out( 2541):    at java.net.PlainSocketImpl.connect(PlainSocketImpl.java:192)
I/System.out( 2541):    at java.net.PlainSocketImpl.connect(PlainSocketImpl.java:459)
I/System.out( 2541):    at java.net.Socket.connect(Socket.java:842)
I/System.out( 2541):    at org.cybergarage.http.HTTPRequest.post(HTTPRequest.java:409)
I/System.out( 2541):    at org.cybergarage.http.HTTPRequest.post(HTTPRequest.java:476)
I/System.out( 2541):    at org.cybergarage.xml.Parser.parse(Parser.java:85)
I/System.out( 2541):    at org.cybergarage.upnp.ControlPoint.addDevice(ControlPoint.java:255)
I/System.out( 2541):    at org.cybergarage.upnp.ControlPoint.notifyReceived(ControlPoint.java:511)
I/System.out( 2541):    at org.cybergarage.upnp.ssdp.SSDPNotifySocket.run(SSDPNotifySocket.java:138)
I/System.out( 2541):    at java.lang.Thread.run(Thread.java:856)
I/System.out( 2541): Caused by: libcore.io.ErrnoException: isConnected failed: ECONNREFUSED (Connection refused)
I/System.out( 2541):    at libcore.io.IoBridge.isConnected(IoBridge.java:201)
I/System.out( 2541):    ... 12 more
I/System.out( 2541): CyberGarage warning : NOTIFY * HTTP/1.1
I/System.out( 2541): Server: Linux/2.6.35.13+ UPnP/1.0 CyberLinkJava/1.8
I/System.out( 2541): Cache-Control: max-age=1800
I/System.out( 2541): Location: http://192.168.0.115:39520/description.xml
I/System.out( 2541): NTS: ssdp:alive
I/System.out( 2541): NT: upnp:rootdevice
I/System.out( 2541): USN: uuid:00000000-0192-0168-0001-000000000022::upnp:rootdevice
I/System.out( 2541): HOST: 239.255.255.250:1900
I/System.out( 2541): 
I/System.out( 2541): CyberGarage warning : HTTP comunication failed: no answer from peer.Unable to retrive resoure -> http://192.168.0.115:39520/description.xml
I/System.out( 2541): org.cybergarage.xml.ParserException: HTTP comunication failed: no answer from peer.Unable to retrive resoure -> http://192.168.0.115:39520/description.xml
I/System.out( 2541):    at org.cybergarage.xml.Parser.parse(Parser.java:87)
I/System.out( 2541):    at org.cybergarage.upnp.ControlPoint.addDevice(ControlPoint.java:255)
I/System.out( 2541):    at org.cybergarage.upnp.ControlPoint.notifyReceived(ControlPoint.java:511)
I/System.out( 2541):    at org.cybergarage.upnp.ssdp.SSDPNotifySocket.run(SSDPNotifySocket.java:138)
I/System.out( 2541):    at java.lang.Thread.run(Thread.java:856)
D/dalvikvm( 3983): GC_CONCURRENT freed 2069K, 46% free 7241K/13251K, paused 2ms+5ms
D/MonitorCw880( 3966): currentRemoteHost is null ,continue
D/dalvikvm( 2541): GC_CONCURRENT freed 2030K, 38% free 19162K/30851K, paused 3ms+10ms
V/EthernetMonitor( 1106): get event 
V/EthernetMonitor( 1106): go poll events
V/EthernetMonitor( 1106): get event 
V/EthernetMonitor( 1106): go poll events
V/HSEventMonitorService( 1573): mBluetoothA2dp connect state = 2
V/HSEventMonitorService( 1573): mBluetoothHeadset connect state = 2
D/Multimedia_BackService( 3983): onIpChanged called,new ip is 192.168.0.115
W/Multimedia_BackService( 3983): stop mediarenerer because IP changed
D/HomePlayerLib( 3983): hostaddress count is 1
D/dalvikvm( 3983): GC_CONCURRENT freed 1958K, 46% free 7234K/13251K, paused 3ms+3ms
D/dalvikvm( 2541): GC_CONCURRENT freed 2123K, 39% free 18987K/30851K, paused 2ms+8ms
D/HomePlayerLib( 3983): MediaRenderer will start with ip addrss 192.168.0.115
I/HighSet_WirlessNetwork( 4576): -------------------------SSID= dingcheng-5.8G ----------Adress= c8:3a:35:34:4e:bc
I/HighSet_WirlessNetwork( 4576): -------------------------SSID= Momokan ----------Adress= 20:c9:d0:23:07:7c
D/HomePlayerLib( 3983): hostaddress count is 1
D/HomePlayerLib( 3983): hostaddress count is 1
D/dalvikvm( 3983): GC_CONCURRENT freed 2082K, 46% free 7214K/13251K, paused 2ms+3ms
D/MonitorCw880( 3966): currentRemoteHost is null ,continue
D/dalvikvm( 3983): GC_CONCURRENT freed 1981K, 45% free 7291K/13251K, paused 2ms+4ms
D/dalvikvm( 2541): GC_CONCURRENT freed 1954K, 39% free 19005K/30851K, paused 3ms+18ms
D/HomePlayerLib( 3983): hostaddress count is 1
D/dalvikvm( 2541): GC_CONCURRENT freed 1966K, 39% free 18976K/30851K, paused 3ms+8ms
D/dalvikvm( 3983): GC_CONCURRENT freed 1999K, 45% free 7357K/13251K, paused 3ms+4ms
D/HomePlayerLib( 3983): hostaddress count is 1
W/BT HSHFP( 1573): RFCOMM poll() returned  success (1), but with an unexpected revents bitmask: 0x18
I/Bluetooth HeadsetBase( 1573): headset read error 5
D/BluetoothEventLoop( 1106): Device property changed: 13:25:2E:20:00:3A property: Connected value: false
D/BluetoothA2dpService( 1106): A2DP: onSinkPropertyChanged newState is: 0mPlayingA2dpDevice: null
D/Bluetooth HSHFP( 1573): Device: 13:25:2E:20:00:3A Headset  state2 -> 0
D/Bluetooth HS/HF( 1573): audioOff(): mPendingSco: false, mConnectedSco: null, mA2dpState: 2, mA2dpSuspended: false
D/BluetoothA2dpService( 1106): A2DP state : device: 13:25:2E:20:00:3A State:2->0
V/BluetoothEventManager( 1656): Received android.bluetooth.a2dp.profile.action.CONNECTION_STATE_CHANGED
D/CachedBluetoothDevice( 1656): onProfileStateChanged: profile A2DP newProfileState 0
D/BluetoothAdapterStateMachine( 1106): BluetoothOn process message: 52
D/BluetoothService( 1106): CONNECTION_STATE_CHANGE: 13:25:2E:20:00:3A: 2 -> 0
V/bluetoothState( 3826): -----BroadcastReceiver--------------------action=android.bluetooth.a2dp.profile.action.CONNECTION_STATE_CHANGED
V/BluetoothEventManager( 1656): Received android.bluetooth.headset.profile.action.CONNECTION_STATE_CHANGED
D/HSEventMonitorService( 1573): mRemoteDevice = COSHIP REMOTE
D/HSEventMonitorService( 1573): BluetoothA2dp.ACTION_CONNECTION_STATE_CHANGED new state = 0
D/CachedBluetoothDevice( 1656): onProfileStateChanged: profile HEADSET newProfileState 0
W/ServiceManager( 4439): Permission failure: android.permission.MODIFY_AUDIO_SETTINGS from uid=10031 pid=3826
E/AudioFlinger( 4439): Request requires android.permission.MODIFY_AUDIO_SETTINGS
D/HSEventMonitorService( 1573): mRemoteDevice = COSHIP REMOTE
D/HSEventMonitorService( 1573): BluetoothHeadset.ACTION_CONNECTION_STATE_CHANGED new state = 0
W/AudioService( 1106): Audio Settings Permission Denial: setBluetoothScoOn() from pid=3826, uid=10031
W/ServiceManager( 4439): Permission failure: android.permission.MODIFY_AUDIO_SETTINGS from uid=10031 pid=3826
E/AudioPolicyService( 4439): Request requires android.permission.MODIFY_AUDIO_SETTINGS
W/System.err( 3826): java.lang.NoSuchMethodException: setBluetoothHeadsetAction [boolean]
W/System.err( 3826):    at java.lang.Class.getConstructorOrMethod(Class.java:460)
W/System.err( 3826):    at java.lang.Class.getMethod(Class.java:915)
W/System.err( 3826):    at com.coship.changetheaudiooutput.myAudioManager.getProperties(myAudioManager.java:72)
W/System.err( 3826):    at com.coship.changetheaudiooutput.myAudioManager.changeAudioOutput(myAudioManager.java:51)
W/System.err( 3826):    at com.coship.changetheaudiooutput.bluetoothState.onReceive(bluetoothState.java:54)
W/System.err( 3826):    at android.app.LoadedApk$ReceiverDispatcher$Args.run(LoadedApk.java:728)
W/System.err( 3826):    at android.os.Handler.handleCallback(Handler.java:605)
W/System.err( 3826):    at android.os.Handler.dispatchMessage(Handler.java:92)
D/A2DP    ( 4439): a2dp_cleanup
D/A2DP    ( 4439): bluetooth_close
W/System.err( 3826):    at android.os.Looper.loop(Looper.java:137)
W/System.err( 3826):    at android.app.ActivityThread.main(ActivityThread.java:4424)
W/System.err( 3826):    at java.lang.reflect.Method.invokeNative(Native Method)
W/System.err( 3826):    at java.lang.reflect.Method.invoke(Method.java:511)
W/System.err( 3826):    at com.android.internal.os.ZygoteInit$MethodAndArgsCaller.run(ZygoteInit.java:848)
W/System.err( 3826):    at com.android.internal.os.ZygoteInit.main(ZygoteInit.java:575)
W/System.err( 3826):    at dalvik.system.NativeStart.main(Native Method)
V/bluetoothState( 3826): -----BroadcastReceiver--------------------action=android.bluetooth.headset.profile.action.CONNECTION_STATE_CHANGED
W/ServiceManager( 4439): Permission failure: android.permission.MODIFY_AUDIO_SETTINGS from uid=10031 pid=3826
E/AudioFlinger( 4439): Request requires android.permission.MODIFY_AUDIO_SETTINGS
W/AudioService( 1106): Audio Settings Permission Denial: setBluetoothScoOn() from pid=3826, uid=10031
W/ServiceManager( 4439): Permission failure: android.permission.MODIFY_AUDIO_SETTINGS from uid=10031 pid=3826
E/AudioPolicyService( 4439): Request requires android.permission.MODIFY_AUDIO_SETTINGS
W/System.err( 3826): java.lang.NoSuchMethodException: setBluetoothHeadsetAction [boolean]
W/System.err( 3826):    at java.lang.Class.getConstructorOrMethod(Class.java:460)
W/System.err( 3826):    at java.lang.Class.getMethod(Class.java:915)
W/System.err( 3826):    at com.coship.changetheaudiooutput.myAudioManager.getProperties(myAudioManager.java:72)
W/System.err( 3826):    at com.coship.changetheaudiooutput.myAudioManager.changeAudioOutput(myAudioManager.java:51)
W/System.err( 3826):    at com.coship.changetheaudiooutput.bluetoothState.onReceive(bluetoothState.java:54)
W/System.err( 3826):    at android.app.LoadedApk$ReceiverDispatcher$Args.run(LoadedApk.java:728)
W/System.err( 3826):    at android.os.Handler.handleCallback(Handler.java:605)
W/System.err( 3826):    at android.os.Handler.dispatchMessage(Handler.java:92)
W/System.err( 3826):    at android.os.Looper.loop(Looper.java:137)
W/System.err( 3826):    at android.app.ActivityThread.main(ActivityThread.java:4424)
W/System.err( 3826):    at java.lang.reflect.Method.invokeNative(Native Method)
W/System.err( 3826):    at java.lang.reflect.Method.invoke(Method.java:511)
W/System.err( 3826):    at com.android.internal.os.ZygoteInit$MethodAndArgsCaller.run(ZygoteInit.java:848)
W/System.err( 3826):    at com.android.internal.os.ZygoteInit.main(ZygoteInit.java:575)
W/System.err( 3826):    at dalvik.system.NativeStart.main(Native Method)
I/BluetoothDeviceProfileState( 1106): Entering IncomingA2dp state with: 53
D/A2DP    ( 4439): a2dp_thread finished
I/BluetoothDeviceProfileState( 1106): Entering ACL Connected state with: 102
I/BluetoothDeviceProfileState( 1106): Entering IncomingHandsfree state with: 51
I/BluetoothDeviceProfileState( 1106): Entering ACL Connected state with: 102
D/dalvikvm( 3983): GC_CONCURRENT freed 2070K, 45% free 7341K/13251K, paused 20ms+4ms
D/HomePlayerLib( 3983): hostaddress count is 1
D/dalvikvm( 2541): GC_CONCURRENT freed 1920K, 39% free 19081K/30851K, paused 3ms+8ms
V/HSEventMonitorService( 1573): mBluetoothA2dp connect state = 0
V/HSEventMonitorService( 1573): mBluetoothHeadset connect state = 0
D/dalvikvm( 3983): GC_CONCURRENT freed 2050K, 45% free 7372K/13251K, paused 2ms+4ms
W/HomePlayerLib( 3983): mediaRenderer start success 
D/BluetoothEventLoop( 1106): Property Changed: Discovering : false
V/BluetoothEventManager( 1656): Received android.bluetooth.adapter.action.DISCOVERY_FINISHED
D/BluetoothEventLoop( 1106): Property Changed: Discovering : true
V/BluetoothDiscoveryReceiver( 1656): Received: android.bluetooth.adapter.action.DISCOVERY_FINISHED
V/BluetoothEventManager( 1656): Received android.bluetooth.adapter.action.DISCOVERY_STARTED
V/BluetoothDiscoveryReceiver( 1656): Received: android.bluetooth.adapter.action.DISCOVERY_STARTED
I/ActivityManager( 1106): START {cmp=com.coship.dvbsetting/.netsetting.dialog.BluetoothStateDialog (has extras)} from pid 4576
E/BluetoothService.cpp( 1106): stopDiscoveryNative: D-Bus error in StopDiscovery: org.bluez.Error.Failed (Invalid discovery session)
E/BluetoothService.cpp( 1106): stopDiscoveryNative: D-Bus error in StopDiscovery: org.bluez.Error.Failed (Invalid discovery session)
D/dalvikvm( 4576): GC_FOR_ALLOC freed 2091K, 20% free 30752K/38339K, paused 46ms
V/TabletStatusBar( 1301): setLightsOn(true)
D/MonitorCw880( 3966): currentRemoteHost is null ,continue
I/ActivityManager( 1106): Displayed com.coship.dvbsetting/.netsetting.dialog.BluetoothStateDialog: +275ms
D/dalvikvm( 3983): GC_CONCURRENT freed 2097K, 45% free 7338K/13251K, paused 2ms+3ms
D/HomePlayerLib( 3983): hostaddress count is 1
D/dalvikvm( 2541): GC_CONCURRENT freed 2077K, 39% free 19042K/30851K, paused 3ms+13ms
D/dalvikvm( 3983): GC_CONCURRENT freed 2050K, 46% free 7265K/13251K, paused 4ms+4ms
D/dalvikvm( 2541): GC_CONCURRENT freed 1987K, 38% free 19130K/30851K, paused 4ms+12ms
V/HSEventMonitorService( 1573): mBluetoothA2dp connect state = 0
V/HSEventMonitorService( 1573): mBluetoothHeadset connect state = 0
I/A2dpProfile( 4576): ----------A2dp----------connect-------------
D/BluetoothA2dpService( 1106): connectSink(13:25:2E:20:00:3A)
I/BluetoothProfileState( 1106): Message:Entering PendingCommandState State
I/BluetoothDeviceProfileState( 1106): Entering OutgoingA2dp state with: 3
I/BluetoothProfileState( 1106): Message:Entering PendingCommandState State
I/HeadsetProfile( 4576): ---------Headset-----connect()----------------
V/bluetoothState( 3826): -----BroadcastReceiver--------------------action=android.bluetooth.a2dp.profile.action.CONNECTION_STATE_CHANGED
D/BluetoothA2dpService( 1106): A2DP state : device: 13:25:2E:20:00:3A State:0->1
D/BluetoothService( 1106): CONNECTION_STATE_CHANGE: 13:25:2E:20:00:3A: 0 -> 1
I/BluetoothProfileState( 1106): Message:Entering PendingCommandState State
D/HSEventMonitorService( 1573): mRemoteDevice = COSHIP REMOTE
D/BluetoothA2dpService( 1106): A2DP: onSinkPropertyChanged newState is: 1mPlayingA2dpDevice: null
D/HSEventMonitorService( 1573): BluetoothA2dp.ACTION_CONNECTION_STATE_CHANGED new state = 1
D/Bluetooth HSHFP( 1573): Device: 13:25:2E:20:00:3A Headset  state0 -> 1
V/BluetoothEventManager( 1656): Received android.bluetooth.a2dp.profile.action.CONNECTION_STATE_CHANGED
D/CachedBluetoothDevice( 1656): onProfileStateChanged: profile A2DP newProfileState 1
D/HSEventMonitorService( 1573): mRemoteDevice = COSHIP REMOTE
D/HSEventMonitorService( 1573): BluetoothHeadset.ACTION_CONNECTION_STATE_CHANGED new state = 1
V/bluetoothState( 3826): -----BroadcastReceiver--------------------action=android.bluetooth.headset.profile.action.CONNECTION_STATE_CHANGED
V/TabletStatusBar( 1301): setLightsOn(true)
D/Bluetooth HSHFP( 1573): SDP UUID: TYPE_HANDSFREE
D/dalvikvm( 1106): GC_CONCURRENT freed 914K, 63% free 5117K/13635K, paused 3ms+6ms
E/BluetoothService.cpp( 1106): stopDiscoveryNative: D-Bus error in StopDiscovery: org.bluez.Error.Failed (Invalid discovery session)
I/BT HSHFP( 1573): Created RFCOMM socket fd 52.
I/BT HSHFP( 1573): async connect is in progress (Operation now in progress)
V/BluetoothEventManager( 1656): Received android.bluetooth.headset.profile.action.CONNECTION_STATE_CHANGED
D/CachedBluetoothDevice( 1656): onProfileStateChanged: profile HEADSET newProfileState 1
D/dalvikvm( 3983): GC_CONCURRENT freed 1994K, 45% free 7316K/13251K, paused 3ms+13ms
W/ThrottleService( 1106): unable to find stats for iface rmnet0
D/dalvikvm( 2541): GC_CONCURRENT freed 2130K, 39% free 19023K/30851K, paused 3ms+11ms
D/dalvikvm( 3983): GC_CONCURRENT freed 2016K, 45% free 7338K/13251K, paused 4ms+3ms
D/BluetoothService( 1106): updateDeviceServiceChannelCache(74:F0:6D:BA:53:95)
E/bluetooth_common.cpp( 1106): dbus_func_args_timeout_valist: D-Bus error in GetServiceAttributeValue: org.freedesktop.DBus.Error.UnknownMethod (Method "GetServiceAttributeValue" with signature "sq" on interface "org.bluez.Device" doesn't exist
E/bluetooth_common.cpp( 1106): )
D/BluetoothService( 1106):      uuid(system): 00001105-0000-1000-8000-00805f9b34fb -1
V/BluetoothEventManager( 1656): Received android.bluetooth.device.action.FOUND
D/MonitorCw880( 3966): currentRemoteHost is null ,continue
V/HSEventMonitorService( 1573): mBluetoothA2dp connect state = 1
V/HSEventMonitorService( 1573): mBluetoothHeadset connect state = 1
D/BluetoothEventLoop( 1106): Property Changed: Discovering : false
E/BluetoothService.cpp( 1106): stopDiscoveryNative: D-Bus error in StopDiscovery: org.bluez.Error.Failed (Invalid discovery session)
V/BluetoothEventManager( 1656): Received android.bluetooth.adapter.action.DISCOVERY_FINISHED
V/BluetoothDiscoveryReceiver( 1656): Received: android.bluetooth.adapter.action.DISCOVERY_FINISHED
D/BluetoothEventLoop( 1106): Device property changed: 13:25:2E:20:00:3A property: Connected value: true
I/BT HSHFP( 1573): Successful RFCOMM socket connect.
D/Bluetooth HSHFP( 1573): RFCOMM connection attempt took 7618 ms
D/Bluetooth HSHFP( 1573): Rfcomm connected
D/Bluetooth HSHFP( 1573): Device: 13:25:2E:20:00:3A Headset  state1 -> 2
D/Bluetooth HSHFP( 1573): Saved priority 13:25:2E:20:00:3A = 1000
I/BluetoothProfileState( 1106): Message:Entering Stable State
V/BluetoothEventManager( 1656): Received android.bluetooth.headset.profile.action.CONNECTION_STATE_CHANGED
D/CachedBluetoothDevice( 1656): onProfileStateChanged: profile HEADSET newProfileState 2
V/bluetoothState( 3826): -----BroadcastReceiver--------------------action=android.bluetooth.headset.profile.action.CONNECTION_STATE_CHANGED
D/BluetoothService( 1106): CONNECTION_STATE_CHANGE: 13:25:2E:20:00:3A: 1 -> 2
D/Bluetooth HS/HF( 1573): Registering Handsfree AT commands
E/WindowManager( 1106): Unknown window type: 2131034113
I/BluetoothDeviceProfileState( 1106): Entering ACL Connected state with: 102
D/BluetoothInputProfileHandler( 1106): InputDevice state : device: 13:25:2E:20:00:3A State:0->1
I/BluetoothDeviceProfileState( 1106): Entering ACL Connected state with: 102
I/BluetoothDeviceProfileState( 1106): Entering OutgoingA2dp state with: 3
I/BluetoothProfileState( 1106): Message:Entering Stable State
I/BluetoothDeviceProfileState( 1106): Entering ACL Connected state with: 102
E/BluetoothEventLoop.cpp( 1106): onInputDeviceConnectionResult: D-Bus error: org.bluez.Error.NotSupported (Operation is not supported)
D/BluetoothInputProfileHandler( 1106): InputDevice state : device: 13:25:2E:20:00:3A State:1->0
I/BluetoothProfileState( 1106): Message:Entering Stable State
V/audio_hw_primary( 4439): adev_set_parameters: bt_headset_name=13:25:2E:20:00:3A;bt_headset_nrec=on
D/HSEventMonitorService( 1573): mRemoteDevice = COSHIP REMOTE
D/HSEventMonitorService( 1573): BluetoothHeadset.ACTION_CONNECTION_STATE_CHANGED new state = 2
W/Bluetooth HS/HF( 1573): mRemoteBrsf 59
V/BluetoothEventManager( 1656): Received android.bluetooth.input.profile.action.CONNECTION_STATE_CHANGED
D/CachedBluetoothDevice( 1656): onProfileStateChanged: profile HID newProfileState 1
V/BluetoothEventManager( 1656): Received android.bluetooth.input.profile.action.CONNECTION_STATE_CHANGED
I/LocalBluetoothProfileManager( 1656): Failed to connect HID device
D/CachedBluetoothDevice( 1656): onProfileStateChanged: profile HID newProfileState 0
D/BluetoothA2dpService( 1106): A2DP: onSinkPropertyChanged newState is: 2mPlayingA2dpDevice: null
D/A2DP    ( 4439): a2dp_init rate: 48000 channels: 2
D/A2DP    ( 4439): a2dp_thread started
I/tinyalsa( 4439): open /dev/snd/pcmC0D1c in NON-Block mode
D/HSEventMonitorService( 1573): mRemoteDevice = COSHIP REMOTE
D/HSEventMonitorService( 1573): BluetoothA2dp.ACTION_CONNECTION_STATE_CHANGED new state = 2
D/BluetoothA2dpService( 1106): A2DP state : device: 13:25:2E:20:00:3A State:1->2
V/BluetoothEventManager( 1656): Received android.bluetooth.a2dp.profile.action.CONNECTION_STATE_CHANGED
D/CachedBluetoothDevice( 1656): onProfileStateChanged: profile A2DP newProfileState 2
D/A2DP    ( 4439): bluetooth_init
V/bluetoothState( 3826): -----BroadcastReceiver--------------------action=android.bluetooth.a2dp.profile.action.CONNECTION_STATE_CHANGED
I/AudioFlinger( 4439): AudioFlinger's thread 0x47020 ready to run
I/AudioFlinger( 4439): AudioFlinger's thread 0x4e100 ready to run
V/audio_hw_primary( 4439): adev_set_parameters: A2dpSuspended=false
D/A2DP    ( 4439): a2dp_stop
V/audio_hw_primary( 4439): adev_set_parameters: bt_headset_nrec=off
W/Bluetooth HS/HF( 1573): AT + VGS 13
I/Bluetooth HeadsetBase( 1573): Error processing <AT+BIA=0,1,1,1,0,0,0>
I/Bluetooth HeadsetBase( 1573): Error processing <AT+CSRSF=0,0,0,1,0,1,3>
D/MonitorCw880( 3966): currentRemoteHost is null ,continue
D/HomePlayerLib( 3983): hostaddress count is 1
V/HSEventMonitorService( 1573): mBluetoothA2dp connect state = 2
V/HSEventMonitorService( 1573): mBluetoothHeadset connect state = 2
W/ServiceManager( 4439): Permission failure: android.permission.MODIFY_AUDIO_SETTINGS from uid=10031 pid=3826
E/AudioFlinger( 4439): Request requires android.permission.MODIFY_AUDIO_SETTINGS
W/AudioService( 1106): Audio Settings Permission Denial: setBluetoothScoOn() from pid=3826, uid=10031
W/ServiceManager( 4439): Permission failure: android.permission.MODIFY_AUDIO_SETTINGS from uid=10031 pid=3826
E/AudioPolicyService( 4439): Request requires android.permission.MODIFY_AUDIO_SETTINGS
W/System.err( 3826): java.lang.NoSuchMethodException: setBluetoothHeadsetAction [boolean]
W/System.err( 3826):    at java.lang.Class.getConstructorOrMethod(Class.java:460)
W/System.err( 3826):    at java.lang.Class.getMethod(Class.java:915)
W/System.err( 3826):    at com.coship.changetheaudiooutput.myAudioManager.getProperties(myAudioManager.java:72)
W/System.err( 3826):    at com.coship.changetheaudiooutput.myAudioManager.changeAudioOutput(myAudioManager.java:51)
W/System.err( 3826):    at com.coship.changetheaudiooutput.AudioOutputServer$onItemClickListener.onItemClick(AudioOutputServer.java:125)
W/System.err( 3826):    at android.widget.AdapterView.performItemClick(AdapterView.java:292)
W/System.err( 3826):    at android.widget.AbsListView.performItemClick(AbsListView.java:1058)
W/System.err( 3826):    at android.widget.AbsListView$PerformClick.run(AbsListView.java:2514)
W/System.err( 3826):    at android.widget.AbsListView$1.run(AbsListView.java:3168)
W/System.err( 3826):    at android.os.Handler.handleCallback(Handler.java:605)
W/System.err( 3826):    at android.os.Handler.dispatchMessage(Handler.java:92)
W/System.err( 3826):    at android.os.Looper.loop(Looper.java:137)
W/System.err( 3826):    at android.app.ActivityThread.main(ActivityThread.java:4424)
W/System.err( 3826):    at java.lang.reflect.Method.invokeNative(Native Method)
W/System.err( 3826):    at java.lang.reflect.Method.invoke(Method.java:511)
W/System.err( 3826):    at com.android.internal.os.ZygoteInit$MethodAndArgsCaller.run(ZygoteInit.java:848)
W/System.err( 3826):    at com.android.internal.os.ZygoteInit.main(ZygoteInit.java:575)
W/System.err( 3826):    at dalvik.system.NativeStart.main(Native Method)
V/TabletStatusBar( 1301): setLightsOn(true)
D/dalvikvm( 3983): GC_CONCURRENT freed 2043K, 45% free 7366K/13251K, paused 6ms+4ms
D/dalvikvm( 2541): GC_CONCURRENT freed 1954K, 39% free 19077K/30851K, paused 2ms+7ms
D/dalvikvm( 3983): GC_CONCURRENT freed 2079K, 46% free 7235K/13251K, paused 2ms+3ms
D/dalvikvm( 2541): GC_CONCURRENT freed 2013K, 38% free 19165K/30851K, paused 3ms+8ms
D/dalvikvm( 3983): GC_CONCURRENT freed 1936K, 46% free 7244K/13251K, paused 3ms+4ms
W/Bluetooth HS/HF( 1573): HF START VoiceRecognition
W/Bluetooth HS/HF( 1573): HF START VoiceRecognition false false
W/Bluetooth HS/HF( 1573): expectVoiceRecognition 
E/Bluetooth HS/HF( 1573): Timeout waiting for voice recognition to start
D/HSEventMonitorService( 1573): ACTION_OPEN_VOICE_INPUT 
E/Bluetooth HS/HF( 1573): startVoiceRecognition
E/Bluetooth HS/HF( 1573): mIsCodecNegoSupporte = false
D/dalvikvm( 1573): No JNI_OnLoad found in /system/lib/hw/libbtsco.so 0x415239b8, skipping init
D/Bluetooth HS/HF( 1573): audioOn()
D/Bluetooth HS/HF( 1573): setAudioState(11)
D/Bluetooth HSHFP( 1573): AudioStateIntent: 13:25:2E:20:00:3A State: 11 PrevState: 10
D/HSEventMonitorService( 1573): mRemoteDevice = COSHIP REMOTE
D/BluetoothHeadsetBroadcastReceiver( 1573): HEADSET AUDIO_STATE_CHANGED -> 0mDevice = 13:25:2E:20:00:3A
D/Bluetooth HS/HF( 1573): Routing audio for outgoing SCO conection
D/Bluetooth HS/HF( 1573): setAudioState(12)
D/Bluetooth HSHFP( 1573): AudioStateIntent: 13:25:2E:20:00:3A State: 12 PrevState: 11
D/HSEventMonitorService( 1573): mRemoteDevice = COSHIP REMOTE
D/BluetoothHeadsetBroadcastReceiver( 1573): HEADSET AUDIO_STATE_CHANGED -> 0mDevice = 13:25:2E:20:00:3A
D/Bluetooth HS/HF( 1573): getBluetoothSocket = 53
D/Bluetooth HS/HF( 1573): broadcastAudioStateIntent(12)
D/HSEventMonitorService( 1573): mRemoteDevice = COSHIP REMOTE
D/BluetoothHeadsetBroadcastReceiver( 1573): HEADSET AUDIO_STATE_CHANGED -> 12mDevice = 13:25:2E:20:00:3A
D/HSEventMonitorService( 1573): sendBroadcast com.iflytek.vocmd.START
I/ActivityManager( 1106): Start proc com.iflytek.vocmd.StartReceiver for broadcast com.iflytek.vaf/com.iflytek.vocmd.StartReceiver: pid=4963 uid=10027 gids={3003, 1015}
I/dalvikvm( 4963): Turning on JNI app bug workarounds for target SDK version 8...
D/VAFSvc  ( 4963): vocmd.StartReceiver -----> onReceive1363854112857
D/StartService( 4811): =====> onStart
D/VAFSvc  ( 4963): vocmd.StartReceiver <----- onReceive 
D/StartService( 4811): <===== onStart
D/StartService( 4811): mReceiverCheck onReceive
D/StartService( 4811): ==========> startVocmdActivity
D/VAFSvcCheck( 3775): ========> setFlg
D/VAFSvcCheck( 3775): <======== setFlg
D/VAFSvcCheck( 3775): ========> setRemoteID
D/VAFSvcCheck( 3775): <======== setRemoteID
D/VAFSvcCheck( 3775): ========> setTalkID
D/VAFSvcCheck( 3775): <======== setTalkID
D/StartService( 4811): setFlg()
D/StartService( 4811): Method startWindow
D/StartService( 4811): intent ready
D/StartService( 4811): intent: #Intent;component=com.iflytek.vac/com.iflytek.vocmd;i.revision=-1;S.tvcontrol=true;B.Transparent=true;S.__TypeName=Default;end
D/Window  ( 4811): startWindow com.iflytek.vocmd
D/VAC     ( 4811): onCreate intent: #Intent;component=com.iflytek.vac/com.iflytek.vocmd;i.revision=-1;S.tvcontrol=true;B.Transparent=true;S.__TypeName=Default;end
D/VAF     ( 4811): =====>Init Thread 1
D/VAFSvc  ( 3775): onBind Thread 1
D/VAF     ( 4811): <=====Init Thread 1
D/Default ( 4811): onCreate #Intent;component=com.iflytek.vac/com.iflytek.vocmd;i.revision=-1;S.tvcontrol=true;B.Transparent=true;S.__TypeName=Default;end
D/PushMsgCenter( 4811): init()android.app.Application@415b5250
D/PushMsgCenter( 4811): mLoadPushablePkg run
D/PushMsgCenter( 4811): mLoadPushablePkg run2
W/System.err( 4811): java.io.FileNotFoundException: white.pp
W/System.err( 4811):    at android.content.res.AssetManager.openAsset(Native Method)
W/System.err( 4811):    at android.content.res.AssetManager.open(AssetManager.java:315)
W/System.err( 4811):    at android.content.res.AssetManager.open(AssetManager.java:289)
W/System.err( 4811):    at com.iflytek.push.PushMsgCenter$1.run(PushMsgCenter.java:105)
W/System.err( 4811):    at com.iflytek.push.PushMsgCenter.init(PushMsgCenter.java:481)
W/System.err( 4811):    at com.iflytek.vocmd.impl.AbsDefault.onCreate(AbsDefault.java:213)
W/System.err( 4811):    at com.iflytek.vac.VAC.onCreate(VAC.java:331)
W/System.err( 4811):    at com.iflytek.vac.Window.<init>(Window.java:36)
W/System.err( 4811):    at com.iflytek.vac.Window.startWindow(Window.java:69)
W/System.err( 4811):    at com.iflytek.vocmd.StartService.startVocmdActivity(StartService.java:141)
W/System.err( 4811):    at com.iflytek.vocmd.StartService.access$400(StartService.java:27)
W/System.err( 4811):    at com.iflytek.vocmd.StartService$3.onReceive(StartService.java:153)
W/System.err( 4811):    at android.app.LoadedApk$ReceiverDispatcher$Args.run(LoadedApk.java:728)
W/System.err( 4811):    at android.os.Handler.handleCallback(Handler.java:605)
W/System.err( 4811):    at android.os.Handler.dispatchMessage(Handler.java:92)
W/System.err( 4811):    at android.os.Looper.loop(Looper.java:137)
W/System.err( 4811):    at android.app.ActivityThread.main(ActivityThread.java:4424)
W/System.err( 4811):    at java.lang.reflect.Method.invokeNative(Native Method)
W/System.err( 4811):    at java.lang.reflect.Method.invoke(Method.java:511)
W/System.err( 4811):    at com.android.internal.os.ZygoteInit$MethodAndArgsCaller.run(ZygoteInit.java:848)
W/System.err( 4811):    at com.android.internal.os.ZygoteInit.main(ZygoteInit.java:575)
W/System.err( 4811):    at dalvik.system.NativeStart.main(Native Method)
D/PushMsgCenter( 4811): mDownUpRun run
D/PushMsgCenter( 4811): mDownUpRun run while (true)
D/PushMsgCenter( 4811): down  
D/PushMsgCenter( 4811):  mContxt = context
D/HelpTipGetter( 4811): init()android.app.Application@415b5250
D/HelpTipGetter( 4811): mDownUpRun run
D/HelpTipGetter( 4811): tip get error exception:Protocol not found: ?version=10014
I/ActivityManager( 1106): Start proc com.iflytek.xiri.remotecmd for service com.iflytek.xiri.remotecmd/com.iflytek.xiri.vocmd.MyService: pid=4979 uid=10030 gids={}
D/Default ( 4811): onNewIntent
D/VAF     ( 4811): =======>cancelRec
D/VAF     ( 4811): <=======cancelRec
D/ActionManager( 4811): cancel()
D/Window  ( 4811): onShow com.iflytek.vocmd
D/StartService( 4811): <========== startVocmdActivity
D/VAF     ( 4811): =====>onServiceConnected Thread 1
D/VAF     ( 4811): <=====onServiceConnected
D/Talker  ( 4811): onServiceConnected vac.Manager
D/MonitorCw880( 3966): currentRemoteHost is null ,continue
D/AudioPlay3( 4979): AudioPlay3()1
D/MyViewHandler( 4979): new
D/MainView( 4979): MainView()
V/audio_hw_primary( 4439): out_get_latency ret 10ms
D/dalvikvm( 4979): GC_FOR_ALLOC freed 59K, 44% free 6612K/11651K, paused 27ms
I/dalvikvm-heap( 4979): Grow heap (frag case) to 10.861MB for 842416-byte allocation
D/dalvikvm( 4979): GC_FOR_ALLOC freed 1K, 41% free 7434K/12483K, paused 25ms
D/DialogueView( 4979): DialogueView(Context context, VAC vac)com.iflytek.xiri.vocmd.DialogContainer@415b48b0
D/UserItem( 4979): UserItem()
D/RemoteView( 4811): onServiceConnected: ComponentInfo{com.iflytek.xiri.remotecmd/com.iflytek.xiri.vocmd.MyService} com.iflytek.xiri.view.remote.IRemoteView
D/PushMsgCenter( 4811): down conn.getResponseCode() status = 404
V/HSEventMonitorService( 1573): mBluetoothA2dp connect state = 2
V/HSEventMonitorService( 1573): mBluetoothHeadset connect state = 2
D/MonitorCw880( 3966): currentRemoteHost is null ,continue
V/HSEventMonitorService( 1573): mBluetoothA2dp connect state = 2
V/HSEventMonitorService( 1573): mBluetoothHeadset connect state = 2
D/dalvikvm( 2614): GC_CONCURRENT freed 1938K, 42% free 8943K/15235K, paused 3ms+4ms
D/HomePlayerLib( 3983): hostaddress count is 1
D/dalvikvm( 3983): GC_CONCURRENT freed 1959K, 45% free 7365K/13251K, paused 3ms+4ms
D/dalvikvm( 2541): GC_CONCURRENT freed 2095K, 39% free 19103K/30851K, paused 3ms+9ms
D/dalvikvm( 3983): GC_CONCURRENT freed 2077K, 45% free 7399K/13251K, paused 4ms+4ms
D/dalvikvm( 2541): GC_CONCURRENT freed 2043K, 38% free 19156K/30851K, paused 4ms+13ms
D/dalvikvm( 3983): GC_CONCURRENT freed 2106K, 45% free 7336K/13251K, paused 3ms+3ms
D/dalvikvm( 2541): GC_CONCURRENT freed 2104K, 39% free 19041K/30851K, paused 4ms+11ms
D/dalvikvm( 3983): GC_CONCURRENT freed 2012K, 45% free 7288K/13251K, paused 3ms+3ms
D/MonitorCw880( 3966): currentRemoteHost is null ,continue
V/HSEventMonitorService( 1573): mBluetoothA2dp connect state = 2
V/HSEventMonitorService( 1573): mBluetoothHeadset connect state = 2
D/MonitorCw880( 3966): currentRemoteHost is null ,continue
V/HSEventMonitorService( 1573): mBluetoothA2dp connect state = 2
V/HSEventMonitorService( 1573): mBluetoothHeadset connect state = 2
D/HomePlayerLib( 3983): hostaddress count is 1
D/dalvikvm( 2541): GC_CONCURRENT freed 2005K, 39% free 19077K/30851K, paused 3ms+9ms
D/dalvikvm( 3983): GC_CONCURRENT freed 1997K, 45% free 7373K/13251K, paused 4ms+4ms
D/dalvikvm( 3983): GC_CONCURRENT freed 2075K, 46% free 7238K/13251K, paused 3ms+4ms
D/dalvikvm( 2541): GC_CONCURRENT freed 2028K, 39% free 19096K/30851K, paused 18ms+9ms
D/dalvikvm( 2541): GC_CONCURRENT freed 2045K, 39% free 18975K/30851K, paused 3ms+9ms
D/dalvikvm( 3983): GC_CONCURRENT freed 1942K, 46% free 7248K/13251K, paused 3ms+4ms
D/MonitorCw880( 3966): currentRemoteHost is null ,continue
V/HSEventMonitorService( 1573): mBluetoothA2dp connect state = 2
V/HSEventMonitorService( 1573): mBluetoothHeadset connect state = 2
E/WindowManager( 1106): ##############################dispatchUnhandledKey
D/Bluetooth HS/HF( 1573): audioOff(): mPendingSco: false, mConnectedSco: android.bluetooth.BluetoothSocket@41624fb0, mA2dpState: 2, mA2dpSuspended: false
D/Bluetooth HS/HF( 1573): setAudioState(10)
D/Bluetooth HSHFP( 1573): AudioStateIntent: 13:25:2E:20:00:3A State: 10 PrevState: 12
D/Bluetooth HS/HF( 1573): broadcastAudioStateIntent(10)
D/HSEventMonitorService( 1573): mRemoteDevice = COSHIP REMOTE
D/BluetoothHeadsetBroadcastReceiver( 1573): HEADSET AUDIO_STATE_CHANGED -> 0mDevice = 13:25:2E:20:00:3A
D/HSEventMonitorService( 1573): mRemoteDevice = COSHIP REMOTE
D/BluetoothHeadsetBroadcastReceiver( 1573): HEADSET AUDIO_STATE_CHANGED -> 10mDevice = 13:25:2E:20:00:3A
D/MonitorCw880( 3966): currentRemoteHost is null ,continue
V/HSEventMonitorService( 1573): mBluetoothA2dp connect state = 2
V/HSEventMonitorService( 1573): mBluetoothHeadset connect state = 2
D/HomePlayerLib( 3983): hostaddress count is 1
D/dalvikvm( 3983): GC_CONCURRENT freed 2013K, 45% free 7298K/13251K, paused 2ms+3ms
D/dalvikvm( 2541): GC_CONCURRENT freed 1920K, 39% free 19061K/30851K, paused 2ms+20ms
D/dalvikvm( 3983): GC_CONCURRENT freed 2097K, 46% free 7248K/13251K, paused 2ms+9ms
D/MonitorCw880( 3966): currentRemoteHost is null ,continue
D/dalvikvm( 2541): GC_CONCURRENT freed 2005K, 39% free 19083K/30851K, paused 3ms+15ms
D/dalvikvm( 3983): GC_CONCURRENT freed 1956K, 45% free 7321K/13251K, paused 3ms+4ms
V/HSEventMonitorService( 1573): mBluetoothA2dp connect state = 2
V/HSEventMonitorService( 1573): mBluetoothHeadset connect state = 2
D/MonitorCw880( 3966): currentRemoteHost is null ,continue
E/WindowManager( 1106): ##############################dispatchUnhandledKey
W/Bluetooth HS/HF( 1573): HF START VoiceRecognition
W/Bluetooth HS/HF( 1573): HF START VoiceRecognition false false
W/Bluetooth HS/HF( 1573): expectVoiceRecognition 
V/HSEventMonitorService( 1573): mBluetoothA2dp connect state = 2
V/HSEventMonitorService( 1573): mBluetoothHeadset connect state = 2
E/Bluetooth HS/HF( 1573): Timeout waiting for voice recognition to start
D/HSEventMonitorService( 1573): ACTION_OPEN_VOICE_INPUT 
E/Bluetooth HS/HF( 1573): startVoiceRecognition
E/Bluetooth HS/HF( 1573): mIsCodecNegoSupporte = false
D/Bluetooth HS/HF( 1573): audioOn()
D/Bluetooth HS/HF( 1573): setAudioState(11)
D/Bluetooth HSHFP( 1573): AudioStateIntent: 13:25:2E:20:00:3A State: 11 PrevState: 10
D/HSEventMonitorService( 1573): mRemoteDevice = COSHIP REMOTE
D/BluetoothHeadsetBroadcastReceiver( 1573): HEADSET AUDIO_STATE_CHANGED -> 0mDevice = 13:25:2E:20:00:3A
D/Bluetooth HS/HF( 1573): Routing audio for outgoing SCO conection
D/Bluetooth HS/HF( 1573): setAudioState(12)
D/Bluetooth HSHFP( 1573): AudioStateIntent: 13:25:2E:20:00:3A State: 12 PrevState: 11
D/Bluetooth HS/HF( 1573): getBluetoothSocket = 53
D/Bluetooth HS/HF( 1573): broadcastAudioStateIntent(12)
D/HSEventMonitorService( 1573): mRemoteDevice = COSHIP REMOTE
D/BluetoothHeadsetBroadcastReceiver( 1573): HEADSET AUDIO_STATE_CHANGED -> 0mDevice = 13:25:2E:20:00:3A
D/HSEventMonitorService( 1573): mRemoteDevice = COSHIP REMOTE
D/BluetoothHeadsetBroadcastReceiver( 1573): HEADSET AUDIO_STATE_CHANGED -> 12mDevice = 13:25:2E:20:00:3A
D/HSEventMonitorService( 1573): sendBroadcast com.iflytek.vocmd.START
D/VAFSvc  ( 4963): vocmd.StartReceiver -----> onReceive1363854149635
D/VAFSvc  ( 4963): vocmd.StartReceiver <----- onReceive 
D/StartService( 4811): =====> onStart
D/StartService( 4811): <===== onStart
D/StartService( 4811): mReceiverCheck onReceive
D/StartService( 4811): ==========> startVocmdActivity
D/VAFSvcCheck( 3775): ========> setFlg
D/VAFSvcCheck( 3775): <======== setFlg
D/VAFSvcCheck( 3775): ========> setRemoteID
D/VAFSvcCheck( 3775): <======== setRemoteID
D/VAFSvcCheck( 3775): ========> setTalkID
D/VAFSvcCheck( 3775): <======== setTalkID
D/StartService( 4811): setFlg()
D/StartService( 4811): Method startWindow
D/StartService( 4811): intent ready
D/StartService( 4811): intent: #Intent;component=com.iflytek.vac/com.iflytek.vocmd;i.revision=-1;S.tvcontrol=true;B.Transparent=true;S.__TypeName=Default;end
D/Window  ( 4811): startWindow com.iflytek.vocmd
D/Window  ( 4811): onNewIntent com.iflytek.vocmd
D/Default ( 4811): onNewIntent
D/MyViewHandler( 4979): onShow 
D/VAF     ( 4811): =======>cancelRec
D/VAFSvc  ( 3775): =====>cancelRec 
D/VAFSvc  ( 3775): Msg 1095746400
D/VAFSvc  ( 3775): MSG MSG_RECCANCEL 1095746400
D/VAFSvc  ( 3775): <=====cancelRec 
D/VAF     ( 4811): <=======cancelRec
D/TalkContextManager( 4811): TalkContext enterNext hasTalkResult:false
D/TalkContextManager( 4811): __cancelDoActionTimer()
D/ActionManager( 4811): cancel()
D/StartService( 4811): <========== startVocmdActivity
V/TabletStatusBar( 1301): setLightsOn(true)
D/MyViewHandler( 4979): onRecStart
D/MyViewHandler( 4979): Speaker  InputStream
D/AudioPlay2( 4979): setPositionNotificationPeriod  state:0
W/AudioTrack( 4979): dead IAudioTrack, creating a new one from start() TID 4992
V/audio_hw_primary( 4439): out_get_latency ret 10ms
D/VAFSvc  ( 3775): =====>beginTalk 
D/VAFSvc  ( 3775): MSG MSG_TALK_BEGIN 1095746400
D/UserItem( 4979): showStart visible: false
D/DialogueView( 4979):  addMyView:com.iflytek.xiri.vocmd.UserItem@416ad150
D/AnimationItem( 4979): startAnimation com.iflytek.xiri.vocmd.AnimationItem$AnimationManage@41503848mIsrunning: false
D/AnimationItem( 4979): run com.iflytek.xiri.vocmd.DialogContainer$AnimationViewItem@41588978
I/AudioService( 1106):  AudioFocus  requestAudioFocus() from android.media.AudioManager@415fd2a8com.iflytek.vaf.svc.VAFSvc$VafSvcImp$1@415feab8
D/VAF     ( 4811): =======> startRec context:
D/VAFSvcCheck( 3775): ========> isOK
D/VAFSvcCheck( 3775): <======== isOK
D/VAFSvcCheck( 3775): ========> getRemoteID
D/VAFSvcCheck( 3775): <======== getRemoteID
D/VAFSvc  ( 3775): =======>startRec Thread 182
D/VAFSvc  ( 3775): Msg 1096137656
D/VAFSvcCheck( 3775): ========> setFlg
D/VAFSvcCheck( 3775): <======== setFlg
D/VAFSvc  ( 3775): <=======startRec Thread 182
D/VAF     ( 4811): <=======startRec
D/VAFSvc  ( 3775): MSG MSG_RECSTART 1096137656
