--------- beginning of /dev/log/system
01-01 20:00:02.240 I/Vold    (  733): Vold 2.1 (the revenge) firing up
01-01 20:00:02.240 E/Vold    (  733): Error reading configuration (No such file or directory)... continuing anyways
01-01 20:00:04.684 D/Vold    (  733): can not get the uuid of /dev/block/vold/8:0 when device add
01-01 20:00:05.688 D/Vold    (  733): can not get the uuid of /dev/block/vold/8:0 when device remove
01-01 20:00:06.628 I/SystemServer(  948): Entered the Android system server!
01-01 20:00:06.796 I/SystemServer(  948): Entropy Service
01-01 20:00:06.820 I/SystemServer(  948): Power Manager
01-01 20:00:06.900 I/SystemServer(  948): Activity Manager
01-01 20:00:01.911 I/SystemServer(  948): Telephony Registry
01-01 20:00:01.911 I/ActivityManager(  948): Enabled StrictMode logging for AThread's Looper
01-01 20:00:01.927 I/SystemServer(  948): Package Manager
01-01 20:00:02.207 W/PackageManager(  948): Running ENG build: no pre-dexopt!
01-01 20:00:02.223 W/PackageManager(  948): Library not found: /system/framework/com.android.future.usb.accessory.jar
01-01 20:00:02.540 W/PackageParser(  948): No actions in intent filter at /system/app/Bluetooth.apk Binary XML file line #125
01-01 20:00:02.559 I/PackageParser(  948): com.coship.HS: compat added android.permission.WRITE_EXTERNAL_STORAGE android.permission.READ_PHONE_STATE
01-01 20:00:03.159 W/PackageParser(  948): No actions in intent filter at /system/app/Contacts.apk Binary XML file line #525
01-01 20:00:03.188 W/PackageParser(  948): No actions in intent filter at /system/app/Coship_VAF.apk Binary XML file line #58
01-01 20:00:03.196 I/PackageParser(  948): com.coship.cw880: compat added android.permission.WRITE_EXTERNAL_STORAGE android.permission.READ_PHONE_STATE
01-01 20:00:03.716 W/PackageParser(  948): Problem in package /system/app/STB-Settings.apk:
01-01 20:00:03.716 W/PackageParser(  948): Unknown element under <activity>: data at /system/app/STB-Settings.apk Binary XML file line #145
01-01 20:00:03.719 W/PackageParser(  948): Problem in package /system/app/STB-Settings.apk:
01-01 20:00:03.719 W/PackageParser(  948): Unknown element under <activity>: action at /system/app/STB-Settings.apk Binary XML file line #231
01-01 20:00:03.719 W/PackageParser(  948): Problem in package /system/app/STB-Settings.apk:
01-01 20:00:03.719 W/PackageParser(  948): Unknown element under <activity>: action at /system/app/STB-Settings.apk Binary XML file line #232
01-01 20:00:03.719 W/PackageParser(  948): Problem in package /system/app/STB-Settings.apk:
01-01 20:00:03.719 W/PackageParser(  948): Unknown element under <activity>: action at /system/app/STB-Settings.apk Binary XML file line #289
01-01 20:00:03.724 W/PackageParser(  948): Problem in package /system/app/STB-Settings.apk:
01-01 20:00:03.724 W/PackageParser(  948): Unknown element under <activity>: action at /system/app/STB-Settings.apk Binary XML file line #393
01-01 20:00:03.724 W/PackageParser(  948): Problem in package /system/app/STB-Settings.apk:
01-01 20:00:03.724 W/PackageParser(  948): Unknown element under <activity>: action at /system/app/STB-Settings.apk Binary XML file line #394
01-01 20:00:03.799 W/PackageParser(  948): No actions in intent filter at /system/app/TZ_MST6A801_SDK4.0_WasuTV4ICS_Release_1.0.0.39_201301311731.apk Binary XML file line #134
01-01 20:00:03.799 W/PackageParser(  948): No actions in intent filter at /system/app/TZ_MST6A801_SDK4.0_WasuTV4ICS_Release_1.0.0.39_201301311731.apk Binary XML file line #147
01-01 20:00:03.799 W/PackageParser(  948): No actions in intent filter at /system/app/TZ_MST6A801_SDK4.0_WasuTV4ICS_Release_1.0.0.39_201301311731.apk Binary XML file line #154
01-01 20:00:03.799 W/PackageParser(  948): No actions in intent filter at /system/app/TZ_MST6A801_SDK4.0_WasuTV4ICS_Release_1.0.0.39_201301311731.apk Binary XML file line #225
01-01 20:00:03.804 W/PackageParser(  948): No actions in intent filter at /system/app/TZ_MST6A801_SDK4.0_WasuTV4ICS_Release_1.0.0.39_201301311731.apk Binary XML file line #245
01-01 20:00:03.804 W/PackageParser(  948): No actions in intent filter at /system/app/TZ_MST6A801_SDK4.0_WasuTV4ICS_Release_1.0.0.39_201301311731.apk Binary XML file line #254
01-01 20:00:03.804 W/PackageParser(  948): No actions in intent filter at /system/app/TZ_MST6A801_SDK4.0_WasuTV4ICS_Release_1.0.0.39_201301311731.apk Binary XML file line #262
01-01 20:00:03.804 W/PackageParser(  948): No actions in intent filter at /system/app/TZ_MST6A801_SDK4.0_WasuTV4ICS_Release_1.0.0.39_201301311731.apk Binary XML file line #270
01-01 20:00:03.804 W/PackageParser(  948): No actions in intent filter at /system/app/TZ_MST6A801_SDK4.0_WasuTV4ICS_Release_1.0.0.39_201301311731.apk Binary XML file line #279
01-01 20:00:03.804 W/PackageParser(  948): No actions in intent filter at /system/app/TZ_MST6A801_SDK4.0_WasuTV4ICS_Release_1.0.0.39_201301311731.apk Binary XML file line #287
01-01 20:00:03.804 W/PackageParser(  948): No actions in intent filter at /system/app/TZ_MST6A801_SDK4.0_WasuTV4ICS_Release_1.0.0.39_201301311731.apk Binary XML file line #296
01-01 20:00:03.804 W/PackageParser(  948): No actions in intent filter at /system/app/TZ_MST6A801_SDK4.0_WasuTV4ICS_Release_1.0.0.39_201301311731.apk Binary XML file line #305
01-01 20:00:03.967 I/PackageParser(  948): com.iflytek.vaf.TouchKey: compat added android.permission.WRITE_EXTERNAL_STORAGE android.permission.READ_PHONE_STATE
01-01 20:00:03.999 W/PackageParser(  948): No actions in intent filter at /system/app/com.coship.Multimedia.apk Binary XML file line #97
01-01 20:00:03.999 W/PackageParser(  948): No actions in intent filter at /system/app/com.coship.Multimedia.apk Binary XML file line #104
01-01 20:00:04.004 I/PackageParser(  948): com.coship.Multimedia: compat added android.permission.READ_PHONE_STATE
01-01 20:00:04.023 W/PackageParser(  948): No actions in intent filter at /system/app/com.coship.NetworkNavigation.apk Binary XML file line #24
01-01 20:00:04.023 W/PackageParser(  948): No actions in intent filter at /system/app/com.coship.NetworkNavigation.apk Binary XML file line #31
01-01 20:00:04.023 W/PackageParser(  948): No actions in intent filter at /system/app/com.coship.NetworkNavigation.apk Binary XML file line #38
01-01 20:00:04.023 W/PackageParser(  948): No actions in intent filter at /system/app/com.coship.NetworkNavigation.apk Binary XML file line #45
01-01 20:00:04.023 W/PackageParser(  948): No actions in intent filter at /system/app/com.coship.NetworkNavigation.apk Binary XML file line #52
01-01 20:00:04.084 I/PackageParser(  948): com.coship.dvbplayer: compat added android.permission.READ_PHONE_STATE
01-01 20:00:04.119 W/PackageParser(  948): No actions in intent filter at /system/app/com.coship.dvbsetting.apk Binary XML file line #102
01-01 20:00:04.119 W/PackageParser(  948): No actions in intent filter at /system/app/com.coship.dvbsetting.apk Binary XML file line #110
01-01 20:00:04.119 W/PackageParser(  948): No actions in intent filter at /system/app/com.coship.dvbsetting.apk Binary XML file line #118
01-01 20:00:04.119 W/PackageParser(  948): No actions in intent filter at /system/app/com.coship.dvbsetting.apk Binary XML file line #126
01-01 20:00:04.119 W/PackageParser(  948): No actions in intent filter at /system/app/com.coship.dvbsetting.apk Binary XML file line #134
01-01 20:00:04.119 W/PackageParser(  948): No actions in intent filter at /system/app/com.coship.dvbsetting.apk Binary XML file line #140
01-01 20:00:04.119 W/PackageParser(  948): No actions in intent filter at /system/app/com.coship.dvbsetting.apk Binary XML file line #154
01-01 20:00:04.124 W/PackageParser(  948): No actions in intent filter at /system/app/com.coship.dvbsetting.apk Binary XML file line #162
01-01 20:00:04.124 W/PackageParser(  948): No actions in intent filter at /system/app/com.coship.dvbsetting.apk Binary XML file line #171
01-01 20:00:04.124 W/PackageParser(  948): No actions in intent filter at /system/app/com.coship.dvbsetting.apk Binary XML file line #179
01-01 20:00:04.124 W/PackageParser(  948): No actions in intent filter at /system/app/com.coship.dvbsetting.apk Binary XML file line #186
01-01 20:00:04.124 W/PackageParser(  948): No actions in intent filter at /system/app/com.coship.dvbsetting.apk Binary XML file line #194
01-01 20:00:04.124 W/PackageParser(  948): No actions in intent filter at /system/app/com.coship.dvbsetting.apk Binary XML file line #201
01-01 20:00:04.124 W/PackageParser(  948): No actions in intent filter at /system/app/com.coship.dvbsetting.apk Binary XML file line #209
01-01 20:00:04.124 W/PackageParser(  948): No actions in intent filter at /system/app/com.coship.dvbsetting.apk Binary XML file line #216
01-01 20:00:04.124 W/PackageParser(  948): No actions in intent filter at /system/app/com.coship.dvbsetting.apk Binary XML file line #223
01-01 20:00:04.124 W/PackageParser(  948): No actions in intent filter at /system/app/com.coship.dvbsetting.apk Binary XML file line #230
01-01 20:00:04.124 I/PackageParser(  948): com.coship.dvbsetting: compat added android.permission.READ_PHONE_STATE
01-01 20:00:04.124 W/PackageManager(  948): Unable to update from com.android.settings to com.coship.dvbsetting: old package still exists
01-01 20:00:04.140 I/PackageParser(  948): com.coship.portal: compat added android.permission.WRITE_EXTERNAL_STORAGE android.permission.READ_PHONE_STATE
01-01 20:00:04.167 W/PackageParser(  948): No actions in intent filter at /system/app/com.coship.startwizard.apk Binary XML file line #39
01-01 20:00:04.172 W/PackageParser(  948): No actions in intent filter at /system/app/com.coship.startwizard.apk Binary XML file line #46
01-01 20:00:04.172 W/PackageParser(  948): No actions in intent filter at /system/app/com.coship.startwizard.apk Binary XML file line #53
01-01 20:00:04.172 W/PackageParser(  948): No actions in intent filter at /system/app/com.coship.startwizard.apk Binary XML file line #60
01-01 20:00:04.172 W/PackageParser(  948): No actions in intent filter at /system/app/com.coship.startwizard.apk Binary XML file line #67
01-01 20:00:04.172 W/PackageParser(  948): No actions in intent filter at /system/app/com.coship.startwizard.apk Binary XML file line #74
01-01 20:00:04.172 W/PackageParser(  948): No actions in intent filter at /system/app/com.coship.startwizard.apk Binary XML file line #81
01-01 20:00:04.172 W/PackageParser(  948): No actions in intent filter at /system/app/com.coship.startwizard.apk Binary XML file line #88
01-01 20:00:04.172 W/PackageParser(  948): No actions in intent filter at /system/app/com.coship.startwizard.apk Binary XML file line #95
01-01 20:00:04.284 I/Installer(  948): connecting...
01-01 20:00:05.028 I/PackageManager(  948): Time to scan packages: 2.818 seconds
01-01 20:00:05.028 W/PackageManager(  948): Unknown permission android.permission.APPWIDGET_LIST in package com.iflytek.vaf
01-01 20:00:05.028 W/PackageManager(  948): Unknown permission android.permission.APPWIDGET_LIST in package com.biaoqi.stbwidget.host
01-01 20:00:05.055 W/PackageManager(  948): Unknown permission com.android.launcher.permission.READ_SETTINGS in package com.coship.dvbsetting
01-01 20:00:05.055 W/PackageManager(  948): Unknown permission com.android.launcher.permission.WRITE_SETTINGS in package com.coship.dvbsetting
01-01 20:00:05.055 W/PackageManager(  948): Unknown permission android.permission.APPWIDGET_LIST in package com.mstar.appwidget
01-01 20:00:05.060 W/PackageManager(  948): Unknown permission android.permission.ADD_SYSTEM_SERVICE in package com.coship.sdp.sce.tvappstore
01-01 20:00:05.060 W/PackageManager(  948): Unknown permission android.permission.READ_EXTERNAL_STORAGE in package com.coship.sdp.sce.tvappstore
01-01 20:00:05.060 W/PackageManager(  948): Unknown permission com.google.android.gm.permission.WRITE_GMAIL in package com.coship.sdp.sce.tvappstore
01-01 20:00:05.060 W/PackageManager(  948): Unknown permission com.google.android.gm.permission.READ_GMAIL in package com.coship.sdp.sce.tvappstore
01-01 20:00:05.060 W/PackageManager(  948): Unknown permission com.android.launcher.permission.INSTALL_SHORTCUT in package com.android.browser
01-01 20:00:05.060 W/PackageManager(  948): Unknown permission com.google.android.gm.permission.WRITE_GMAIL in package com.coship.app.vaf
01-01 20:00:05.060 W/PackageManager(  948): Unknown permission com.google.android.gm.permission.READ_GMAIL in package com.coship.app.vaf
01-01 20:00:05.060 W/PackageManager(  948): Unknown permission com.android.launcher.permission.READ_SETTINGS in package com.coship.app.vaf
01-01 20:00:05.060 W/PackageManager(  948): Unknown permission com.android.launcher.permission.WRITE_SETTINGS in package com.coship.app.vaf
01-01 20:00:05.060 W/PackageManager(  948): Unknown permission com.google.android.gm.permission.WRITE_GMAIL in package com.coship.TestApp
01-01 20:00:05.060 W/PackageManager(  948): Unknown permission com.google.android.gm.permission.READ_GMAIL in package com.coship.TestApp
01-01 20:00:05.063 W/PackageManager(  948): Unknown permission com.android.launcher.permission.READ_SETTINGS in package com.coship.TestApp
01-01 20:00:05.063 W/PackageManager(  948): Unknown permission com.android.launcher.permission.WRITE_SETTINGS in package com.coship.TestApp
01-01 20:00:05.063 W/PackageManager(  948): Unknown permission android.permission.WRITE_OWNER_DATA in package com.iflytek.speech
01-01 20:00:05.063 W/PackageManager(  948): Unknown permission android.permission.BAIDU_LOCATION_SERVICE in package com.iflytek.speech
01-01 20:00:05.063 W/PackageManager(  948): Unknown permission android.permission.APPWIDGET_LIST in package com.iflytek.xiri.recorder.svc
01-01 20:00:05.063 W/PackageManager(  948): Unknown permission android.permission.READ_SETTINGS in package com.android.settings
01-01 20:00:05.068 W/PackageManager(  948): Unknown permission com.android.launcher.permission.READ_SETTINGS in package com.android.settings
01-01 20:00:05.068 W/PackageManager(  948): Unknown permission com.android.launcher.permission.WRITE_SETTINGS in package com.android.settings
01-01 20:00:05.071 W/PackageManager(  948): Unknown permission com.android.launcher.permission.INSTALL_SHORTCUT in package cn.tvbox
01-01 20:00:05.071 W/PackageManager(  948): Unknown permission com.android.permission.READ_LOGS in package cn.tvbox
01-01 20:00:05.071 W/PackageManager(  948): Not granting permission android.permission.DEVICE_POWER to package cn.tvbox (protectionLevel=2 flags=0xbe45)
01-01 20:00:05.071 W/PackageManager(  948): Unknown permission android.webkit.permission.PLUGIN in package com.adobe.flashplayer
01-01 20:00:05.071 W/PackageManager(  948): Unknown permission android.permission.READ_OWNER_DATA in package com.adobe.flashplayer
01-01 20:00:05.071 W/PackageManager(  948): Unknown permission android.permission.WRITE_OWNER_DATA in package com.adobe.flashplayer
01-01 20:00:05.071 W/PackageManager(  948): Unknown permission android.permission.READ_EXTERNAL_STORAGE in package com.adobe.flashplayer
01-01 20:00:05.076 W/PackageManager(  948): Not granting permission android.permission.DIAGNOSTIC to package com.sihuatech.wasutv4ics (protectionLevel=2 flags=0xbe45)
01-01 20:00:05.076 W/PackageManager(  948): Unknown permission android.permission.ACCESS_COARSE_UPDATES in package com.sihuatech.wasutv4ics
01-01 20:00:05.076 W/PackageManager(  948): Unknown permission android.permission.READ_OWNER_DATA in package com.sihuatech.wasutv4ics
01-01 20:00:05.076 W/PackageManager(  948): Unknown permission android.permission.WRITE_OWNER_DATA in package com.sihuatech.wasutv4ics
01-01 20:00:05.076 W/PackageManager(  948): Not granting permission android.permission.CLEAR_APP_USER_DATA to package com.sihuatech.wasutv4ics (protectionLevel=2 flags=0xbe45)
01-01 20:00:05.076 W/PackageManager(  948): Not granting permission android.permission.INJECT_EVENTS to package com.sihuatech.wasutv4ics (protectionLevel=2 flags=0xbe45)
01-01 20:00:05.076 W/PackageManager(  948): Not granting permission android.permission.DEVICE_POWER to package com.sihuatech.wasutv4ics (protectionLevel=2 flags=0xbe45)
01-01 20:00:05.076 W/PackageManager(  948): Unknown permission android.permission.WRITE_OWNER_DATA in package com.coship.Multimedia
01-01 20:00:05.076 W/PackageManager(  948): Unknown permission android.permission.READ_OWNER_DATA in package com.coship.Multimedia
01-01 20:00:05.079 W/PackageManager(  948): Unknown permission android.permission.WRITE_OWNER_DATA in package com.coship.NetworkNavigation
01-01 20:00:05.079 W/PackageManager(  948): Unknown permission android.permission.READ_OWNER_DATA in package com.coship.NetworkNavigation
01-01 20:00:05.439 I/SystemServer(  948): Account Manager
01-01 20:00:05.495 I/SystemServer(  948): Content Manager
01-01 20:00:05.740 I/SystemServer(  948): System Content Providers
01-01 20:00:05.924 I/SystemServer(  948): Lights Service
01-01 20:00:05.927 I/SystemServer(  948): Battery Service
01-01 20:00:05.932 I/SystemServer(  948): Pppoe Service
01-01 20:00:05.935 I/SystemServer(  948): Vibrator Service
01-01 20:00:05.959 I/SystemServer(  948): Alarm Manager
01-01 20:00:05.964 I/SystemServer(  948): Init Watchdog
01-01 20:00:05.964 I/SystemServer(  948): Window Manager
01-01 20:00:06.020 I/InputManager(  948): Initializing input manager
01-01 20:00:06.039 W/StatusBarManager(  948): warning: no STATUS_BAR_SERVICE
01-01 20:00:06.087 I/InputManager(  948): Starting input manager
01-01 20:00:06.087 I/WindowManager(  948): Enabled StrictMode logging for WMThread's Looper
01-01 20:00:06.092 I/SystemServer(  948): Bluetooth Service
01-01 20:00:06.095 I/WindowManager(  948): Enabled StrictMode for PolicyThread's Looper
01-01 20:00:06.159 I/SystemServer(  948): Input Method Service
01-01 20:00:06.164 W/InputManagerService(  948): Couldn't create dir.: /data/system/inputmethod
01-01 20:00:06.199 I/SystemServer(  948): Accessibility Manager
01-01 20:00:06.204 I/ActivityManager(  948): Config changed: {1.0 0mcc0mnc zh_CN layoutdir=0 sw720dp w1280dp h720dp xlrg long land ?uimode ?night -touch -keyb/v/h -nav/h s.2}
01-01 20:00:06.215 I/SystemServer(  948): TV
01-01 20:00:06.215 I/SystemServer(  948): Device Policy
01-01 20:00:06.215 I/SystemServer(  948): Status Bar
01-01 20:00:06.255 I/SystemServer(  948): Clipboard Service
01-01 20:00:06.260 I/SystemServer(  948): NetworkManagement Service
01-01 20:00:06.263 I/SystemServer(  948): Text Service Manager Service
01-01 20:00:06.263 W/TextServicesManagerService(  948): no available spell checker services found
01-01 20:00:06.263 I/SystemServer(  948): NetworkStats Service
01-01 20:00:06.276 I/SystemServer(  948): NetworkPolicy Service
01-01 20:00:06.279 I/SystemServer(  948): Wi-Fi P2pService
01-01 20:00:06.287 D/WifiP2pService(  948): P2pDisabledState
01-01 20:00:06.287 E/WifiP2pService(  948): Failed to reload sta firmware java.lang.NullPointerException
01-01 20:00:06.287 I/SystemServer(  948): Wi-Fi Service
01-01 20:00:06.300 D/WifiP2pService(  948): P2pDisabledState{ what=69633 when=0 }
01-01 20:00:06.300 D/WifiP2pService(  948): DefaultState{ what=69633 when=0 }
01-01 20:00:06.303 D/WifiP2pService(  948): P2pDisabledState{ what=69632 when=0 obj=com.android.internal.util.AsyncChannel@41450888 }
01-01 20:00:06.303 D/WifiP2pService(  948): DefaultState{ what=69632 when=-1ms obj=com.android.internal.util.AsyncChannel@41450888 }
01-01 20:00:06.303 D/WifiP2pService(  948): Full connection with WifiStateMachine established
01-01 20:00:06.311 D/WifiP2pService(  948): P2pDisabledState{ what=69633 when=0 }
01-01 20:00:06.311 D/WifiP2pService(  948): DefaultState{ what=69633 when=0 }
01-01 20:00:06.311 D/WifiP2pService(  948): P2pDisabledState{ what=69632 when=0 obj=com.android.internal.util.AsyncChannel@415812b0 }
01-01 20:00:06.311 D/WifiP2pService(  948): DefaultState{ what=69632 when=-1ms obj=com.android.internal.util.AsyncChannel@415812b0 }
01-01 20:00:06.311 D/WifiP2pService(  948): Full connection with WifiStateMachine established
01-01 20:00:06.316 I/SystemServer(  948): Connectivity Service
01-01 20:00:06.316 D/ConnectivityService(  948): ConnectivityService starting up
01-01 20:00:06.319 E/ConnectivityService(  948): Error in radioAttributes - ignoring attempt to redefine type 1
01-01 20:00:06.343 D/ConnectivityService(  948): Starting Pppoe StateTracker
01-01 20:00:06.356 D/ConnectivityService(  948): Starting Ethernet Service.
01-01 20:00:06.359 V/EthernetStateTracker(  948): Ethernet State Tracker v1.0.6
01-01 20:00:06.359 V/EthernetStateTracker(  948): successed to init device!
01-01 20:00:06.372 I/EthernetService(  948): Ethernet dev enabled 2
01-01 20:00:06.372 V/EthernetService(  948): device 0 name eth0
01-01 20:00:06.375 V/EthernetStateTracker(  948): start to monitor the ethernet devices . . .
01-01 20:00:06.375 I/EthernetManager(  948): Init Ethernet Manager, service: com.android.server.EthernetService@414094f0
01-01 20:00:06.375 I/EthernetStateTracker(  948): reset device eth0
01-01 20:00:06.404 V/EthernetMonitor(  948): go poll events
01-01 20:00:06.452 I/EthernetStateTracker(  948): set ip manually ipaddr 192.168.1.2 gateway 192.168.1.1 netmask 255.255.255.0 dns1 0.0.0.0 dns2 0.0.0.0 DHCP server 0.0.0.0 lease 0 seconds
01-01 20:00:06.455 V/EthernetStateTracker(  948): Static IP configuration succeeded
01-01 20:00:06.455 V/EthernetMonitor(  948): get event eth0:16:
01-01 20:00:06.455 V/EthernetMonitor(  948): dev: eth0 ev 16
01-01 20:00:06.455 V/EthernetStateTracker(  948): report interface is up for eth0
01-01 20:00:06.455 V/EthernetMonitor(  948): go poll events
01-01 20:00:06.455 V/EthernetMonitor(  948): get event eth0:20:
01-01 20:00:06.455 I/EthernetStateTracker(  948): reset device eth0
01-01 20:00:06.455 V/EthernetMonitor(  948): dev: eth0 ev 20
01-01 20:00:06.455 I/EthernetStateTracker(  948): report new state CONNECTED on dev eth0
01-01 20:00:06.455 V/EthernetStateTracker(  948): update network state tracker
01-01 20:00:06.532 I/EthernetStateTracker(  948): set ip manually ipaddr 192.168.1.2 gateway 192.168.1.1 netmask 255.255.255.0 dns1 0.0.0.0 dns2 0.0.0.0 DHCP server 0.0.0.0 lease 0 seconds
01-01 20:00:06.532 V/EthernetStateTracker(  948): Static IP configuration succeeded
01-01 20:00:06.535 E/MobileDataStateTracker(  948): default: Ignoring feature request because could not acquire PhoneService
01-01 20:00:06.535 E/MobileDataStateTracker(  948): default: Could not enable APN type "default"
01-01 20:00:06.540 D/NetworkManagementService(  948): Registering observer
01-01 20:00:06.540 D/NetworkManagementService(  948): Registering observer
01-01 20:00:06.540 I/WifiService(  948): WifiService starting up with Wi-Fi enabled
01-01 20:00:06.540 D/WifiP2pService(  948): P2pDisabledState{ what=131203 when=0 }
01-01 20:00:06.548 I/WifiService(  948): WifiService starting up with Wi-Fi AP disabled
01-01 20:00:06.548 I/SystemServer(  948): Throttle Service
01-01 20:00:06.548 I/SystemServer(  948): Mount Service
01-01 20:00:06.551 D/MountService(  948): got storage path: /mnt/sdcard description: USB 存储器 primary: true removable: false emulated: false mtpReserve: 0 allowMassStorage: false maxFileSize: 0
01-01 20:00:06.556 I/SystemServer(  948): Notification Manager
01-01 20:00:06.556 I/SystemServer(  948): Device Storage Monitor
01-01 20:00:06.556 I/SystemServer(  948): Location Manager
01-01 20:00:06.559 I/SystemServer(  948): Country Detector
01-01 20:00:06.559 I/SystemServer(  948): Search Service
01-01 20:00:06.559 I/SystemServer(  948): DropBox Service
01-01 20:00:06.559 I/SystemServer(  948): Wallpaper Service
01-01 20:00:06.567 I/SystemServer(  948): Audio Service
01-01 20:00:06.567 D/VoldCmdListener(  733): volume list
01-01 20:00:06.583 V/EthernetMonitor(  948): go poll events
01-01 20:00:06.756 I/SystemServer(  948): Camera Observer
01-01 20:00:06.756 I/SystemServer(  948): Microphone Observer
01-01 20:00:06.756 I/SystemServer(  948): Wired Accessory Observer
01-01 20:00:06.756 I/SystemServer(  948): USB Service
01-01 20:00:06.759 I/SystemServer(  948): UI Mode Manager Service
01-01 20:00:06.759 I/SystemServer(  948): Backup Service
01-01 20:00:06.900 I/ActivityManager(  948): Memory class: 64
01-01 20:00:06.943 V/BackupManagerService(  948): Initializing package tracking
01-01 20:00:06.948 V/BackupManagerService(  948): No ancestral data
01-01 20:00:07.015 V/BackupManagerService(  948): addPackageParticipantsLocked: all
01-01 20:00:07.015 I/BackupManagerService(  948): New app android never backed up; scheduling
01-01 20:00:07.020 I/BackupManagerService(  948): New app com.android.browser never backed up; scheduling
01-01 20:00:07.020 I/BackupManagerService(  948): New app com.android.providers.settings never backed up; scheduling
01-01 20:00:07.020 I/BackupManagerService(  948): New app com.android.providers.userdictionary never backed up; scheduling
01-01 20:00:07.020 I/BackupManagerService(  948): New app com.android.sharedstoragebackup never backed up; scheduling
01-01 20:00:07.020 V/BackupManagerService(  948): Registering transport android/com.android.internal.backup.LocalTransport = com.android.internal.backup.LocalTransport@4161b3e0
01-01 20:00:07.020 V/BackupManagerService(  948): Starting with transport android/com.android.internal.backup.LocalTransport
01-01 20:00:07.020 V/BackupManagerService(  948): Google transport not present
01-01 20:00:07.023 I/BackupManagerService(  948): Backup enabled => false
01-01 20:00:07.023 I/BackupManagerService(  948): Opting out of backup
01-01 20:00:07.023 I/SystemServer(  948): AppWidget Service
01-01 20:00:07.023 I/SystemServer(  948): Recognition Service
01-01 20:00:07.023 I/SystemServer(  948): DiskStats Service
01-01 20:00:07.023 I/SystemServer(  948): SamplingProfiler Service
01-01 20:00:07.028 I/SystemServer(  948): NetworkTimeUpdateService
01-01 20:00:07.036 D/PowerManagerService(  948): system ready!
01-01 20:00:07.039 I/ActivityManager(  948): System now ready
01-01 20:00:07.039 I/SystemServer(  948): Making services ready
01-01 20:00:07.207 I/ActivityManager(  948): Start proc com.mstar.dbprovider for content provider com.mstar.dbprovider/.MstTvUserSettingProvider: pid=1127 uid=10015 gids={}
01-01 20:00:07.511 D/SystemServer(  948): Starting service: Intent { cmp=com.android.systemui/.SystemUIService }
01-01 20:00:07.548 I/ActivityManager(  948): Start proc com.android.systemui for service com.android.systemui/.SystemUIService: pid=1143 uid=1000 gids={3003, 1015, 3002, 3001, 3004}
01-01 20:00:07.548 D/NetworkManagementService(  948): enabling bandwidth control
01-01 20:00:07.716 D/SystemUIService( 1143): loading: class com.android.systemui.statusbar.tablet.TabletStatusBar
01-01 20:00:07.716 D/SystemUIService( 1143): running: com.android.systemui.statusbar.tablet.TabletStatusBar@413f9958
01-01 20:00:08.068 D/NetworkManagementService(  948): rsp <213 a4:a8:0f:ff:ff:0e 0.0.0.0 0 [down broadcast multicast]>
01-01 20:00:08.071 D/NetworkManagementService(  948): flags <[down broadcast multicast]>
01-01 20:00:08.255 D/NetworkManagementService(  948): Registering observer
01-01 20:00:08.276 D/NetworkManagementService(  948): Registering observer
01-01 20:00:08.295 I/ActivityManager(  948): Config changed: {1.0 0mcc0mnc zh_CN layoutdir=0 sw720dp w1280dp h720dp xlrg long land -touch -keyb/v/h -nav/h s.3}
01-01 20:00:08.303 W/RecognitionManagerService(  948): no available voice recognition services found
01-01 20:00:08.423 V/EthernetMonitor(  948): get event 
01-01 20:00:08.423 V/EthernetMonitor(  948): go poll events
01-01 20:00:08.431 I/MicrophoneObserver(  948): Microphone PLUG_IN
01-01 20:00:08.431 I/StatusBar.HeightReceiver( 1143): Resizing status bar plugged=false height=48 old=0
01-01 20:00:08.468 W/InputManagerService(  948): Ignoring setImeWindowStatus of uid 1000 token: null
01-01 20:00:08.500 I/ActivityManager(  948): Start proc com.android.inputmethod.pinyin for service com.android.inputmethod.pinyin/.PinyinIME: pid=1226 uid=10018 gids={3003}
01-01 20:00:08.532 D/NetworkManagementService(  948): Registering observer
01-01 20:00:08.548 I/SystemServer(  948): SIP Service
01-01 20:00:08.612 W/ThrottleService(  948): unable to find stats for iface rmnet0
01-01 20:00:08.860 I/ActivityManager(  948): Start proc com.coship.sdp.sce.tvappstore for added application com.coship.sdp.sce.tvappstore: pid=1272 uid=1000 gids={3003, 1015, 3002, 3001, 3004}
01-01 20:00:09.364 I/ActivityManager(  948): Start proc com.iflytek.vaf.TouchKey for added application com.iflytek.vaf.TouchKey: pid=1287 uid=10029 gids={1015}
01-01 20:00:09.367 I/ActivityManager(  948): START {act=android.intent.action.MAIN cat=[android.intent.category.HOME] flg=0x10000000 cmp=com.coship.portal/.PortalLuanch} from pid 0
01-01 20:00:09.844 I/ActivityManager(  948): Start proc com.coship.portal for activity com.coship.portal/.PortalLuanch: pid=1300 uid=10033 gids={3003, 3002, 3001, 3004, 1015}
01-01 20:00:09.844 I/SystemServer(  948): Enabled StrictMode for system server main thread.
01-01 20:00:09.844 I/EthernetStateTracker(  948): received interface reset event
01-01 20:00:09.844 I/EthernetStateTracker(  948): reset device eth0
01-01 20:00:09.916 I/EthernetStateTracker(  948): set ip manually ipaddr 192.168.1.2 gateway 192.168.1.1 netmask 255.255.255.0 dns1 0.0.0.0 dns2 0.0.0.0 DHCP server 0.0.0.0 lease 0 seconds
01-01 20:00:09.919 V/EthernetStateTracker(  948): Static IP configuration succeeded
01-01 20:00:09.919 I/EthernetStateTracker(  948): received configured succeeded, stack=false CC=false
01-01 20:00:09.919 D/ConnectivityService(  948): ConnectivityChange for ETH: CONNECTED/CONNECTED
01-01 20:00:09.932 I/EthernetStateTracker(  948): IntentBroadcast, event=1
01-01 20:00:09.935 I/EthernetStateTracker(  948): received interface up event, kick off connection request
01-01 20:00:09.935 E/ConnectivityService(  948): exception setting default dns interface: java.lang.IllegalStateException: Error communicating with native daemon to set dns for interface
01-01 20:00:10.167 I/ActivityManager(  948): Start proc com.android.settings for broadcast com.android.settings/.SettingGlobalReceiver: pid=1313 uid=1000 gids={3003, 1015, 3002, 3001, 3004}
01-01 20:00:10.167 I/EthernetStateTracker(  948): IntentBroadcast, event=5
01-01 20:00:10.167 I/EthernetStateTracker(  948): reset device eth0
01-01 20:00:10.239 I/EthernetStateTracker(  948): set ip manually ipaddr 192.168.1.2 gateway 192.168.1.1 netmask 255.255.255.0 dns1 0.0.0.0 dns2 0.0.0.0 DHCP server 0.0.0.0 lease 0 seconds
01-01 20:00:10.244 V/EthernetStateTracker(  948): Static IP configuration succeeded
01-01 20:00:10.244 I/EthernetStateTracker(  948): received configured succeeded, stack=false CC=true
01-01 20:00:10.244 I/EthernetStateTracker(  948): setState, skip: 1
01-01 20:00:10.244 I/EthernetStateTracker(  948): IntentBroadcast, event=1
01-01 20:00:10.247 I/EthernetStateTracker(  948): received HW connected, stack=true CC=true
01-01 20:00:10.567 I/ActivityManager(  948): Start proc com.google.process.gapps for service com.google.android.location/.NetworkLocationService: pid=1330 uid=10010 gids={3003, 1015, 2001, 1007}
01-01 20:00:10.620 W/MountService(  948): getVolumeState(/mnt/usb/sda1): Unknown volume
01-01 20:00:10.623 W/MountService(  948): getVolumeState(/mnt/usb/sda1): Unknown volume
01-01 20:00:10.852 I/ActivityManager(  948): Start proc com.biaoqi.stbwidget.host for broadcast com.biaoqi.stbwidget.host/.NetworkStatusChangeReceiver: pid=1349 uid=10026 gids={3003}
01-01 20:00:10.852 W/ActivityManager(  948): Unable to start service Intent { act=com.coship.sysfunc.SysFuncService }: not found
01-01 20:00:11.188 I/StatusBarManagerService(  948): registerStatusBar bar=com.android.internal.statusbar.IStatusBar$Stub$Proxy@415f9c20
01-01 20:00:11.303 D/SystemUIService( 1143): loading: class com.android.systemui.power.PowerUI
01-01 20:00:11.303 D/SystemUIService( 1143): running: com.android.systemui.power.PowerUI@4142f6a0
01-01 20:00:11.311 I/EthernetStateTracker(  948): received configured succeeded, stack=true CC=true
01-01 20:00:11.311 I/EthernetStateTracker(  948): setState, skip: 1
01-01 20:00:11.311 I/EthernetStateTracker(  948): IntentBroadcast, event=1
01-01 20:00:11.319 I/EthernetStateTracker(  948): received configured succeeded, stack=true CC=true
01-01 20:00:11.319 I/StatusBar.HeightReceiver( 1143): Resizing status bar plugged=false height=48 old=48
01-01 20:00:11.319 I/EthernetStateTracker(  948): setState, skip: 1
01-01 20:00:11.324 I/EthernetStateTracker(  948): IntentBroadcast, event=1
01-01 20:00:11.332 I/StatusBar.HeightReceiver( 1143): Resizing status bar plugged=false height=48 old=48
01-01 20:00:11.868 D/WifiService(  948): New client listening to asynchronous messages
01-01 20:00:12.220 D/PowerManagerService(  948): bootCompleted
01-01 20:00:12.220 V/DevicePolicyManagerService(  948): Sending password expiration notifications for action android.intent.action.BOOT_COMPLETED
01-01 20:00:12.276 V/WiredAccessoryObserver(  948): init()
01-01 20:00:12.276 W/WiredAccessoryObserver(  948): This kernel does not have wired headset support
01-01 20:00:12.279 W/WiredAccessoryObserver(  948): This kernel does not have wired headset support
01-01 20:00:12.287 W/WiredAccessoryObserver(  948): This kernel does not have wired headset support
01-01 20:00:12.383 I/ActivityManager(  948): Start proc com.android.contacts for broadcast com.android.contacts/.calllog.CallLogReceiver: pid=1442 uid=10000 gids={3003, 1015}
01-01 20:00:12.823 V/TabletStatusBar( 1143): setLightsOn(true)
01-01 20:00:14.663 I/ActivityManager(  948): Start proc com.coship.HS for broadcast com.coship.HS/.AutoStartReceiver: pid=1479 uid=1000 gids={3003, 1015, 3002, 3001, 3004}
01-01 20:00:14.716 V/EthernetMonitor(  948): get event 
01-01 20:00:14.716 V/EthernetMonitor(  948): go poll events
01-01 20:00:14.740 V/EthernetMonitor(  948): get event 
01-01 20:00:14.740 V/EthernetMonitor(  948): go poll events
01-01 20:00:14.740 V/EthernetMonitor(  948): get event 
01-01 20:00:14.740 V/EthernetMonitor(  948): go poll events
01-01 20:00:14.740 V/EthernetMonitor(  948): get event 
01-01 20:00:14.740 V/EthernetMonitor(  948): go poll events
01-01 20:00:14.740 V/EthernetMonitor(  948): get event 
01-01 20:00:14.740 V/EthernetMonitor(  948): go poll events
01-01 20:00:14.743 V/EthernetMonitor(  948): get event 
01-01 20:00:14.743 V/EthernetMonitor(  948): go poll events
01-01 20:00:14.759 V/EthernetMonitor(  948): get event 
01-01 20:00:14.759 V/EthernetMonitor(  948): go poll events
01-01 20:00:14.764 V/EthernetMonitor(  948): get event 
01-01 20:00:14.764 V/EthernetMonitor(  948): go poll events
01-01 20:00:14.996 I/ActivityManager(  948): Start proc android.process.acore for content provider com.android.providers.contacts/.CallLogProvider: pid=1498 uid=10000 gids={3003, 1015}
01-01 20:00:15.215 I/ActivityManager(  948): Start proc android.process.media for content provider com.android.providers.downloads/.DownloadProvider: pid=1512 uid=10009 gids={1015, 1023, 1024, 2001, 3003, 3007}
01-01 20:00:15.388 I/ActivityManager(  948): Start proc com.android.phone for content provider com.android.providers.telephony/.TelephonyProvider: pid=1525 uid=1001 gids={1015}
01-01 20:00:16.580 V/EthernetMonitor(  948): get event 
01-01 20:00:16.580 V/EthernetMonitor(  948): go poll events
01-01 20:00:17.692 I/ActivityManager(  948): Start proc com.android.providers.calendar for broadcast com.android.providers.calendar/.CalendarReceiver: pid=1570 uid=10004 gids={3003, 1015}
01-01 20:00:17.759 D/ConnectivityService(  948): ConnectivityChange for WIFI: CONNECTED/CONNECTED
01-01 20:00:17.759 D/ConnectivityService(  948): Policy requires ETH teardown
01-01 20:00:17.759 I/EthernetStateTracker(  948): stop dhcp and interface
01-01 20:00:17.783 W/MountService(  948): getVolumeState(/mnt/usb/sda1): Unknown volume
01-01 20:00:17.855 V/EthernetMonitor(  948): get event eth0:17:
01-01 20:00:17.855 V/EthernetMonitor(  948): dev: eth0 ev 17
01-01 20:00:17.855 I/EthernetStateTracker(  948): report new state DISCONNECTED on dev eth0
01-01 20:00:17.855 V/EthernetStateTracker(  948): update network state tracker
01-01 20:00:17.855 V/EthernetMonitor(  948): go poll events
01-01 20:00:17.855 I/EthernetStateTracker(  948): received disconnected events, stack=true CC=true
01-01 20:00:17.863 V/EthernetMonitor(  948): get event eth0:21:
01-01 20:00:17.863 V/EthernetMonitor(  948): dev: eth0 ev 21
01-01 20:00:17.863 V/EthernetStateTracker(  948): report address is removed for eth0
01-01 20:00:17.999 I/EthernetStateTracker(  948): stop dhcp and interface
01-01 20:00:18.167 W/EthernetStateTracker(  948): stopInterface --> clearAddresses ret = true
01-01 20:00:18.167 I/EthernetStateTracker(  948): IntentBroadcast, event=4
01-01 20:00:18.172 V/EthernetMonitor(  948): go poll events
01-01 20:00:18.175 I/EthernetStateTracker(  948): received interface address remove event
01-01 20:00:18.175 V/EthernetStateTracker(  948): configureInterfaceAutoIP skip!
01-01 20:00:18.175 I/PppoeStateTracker(  948): receive EthernetStateTracker.EVENT_HW_DISCONNECTED
01-01 20:00:18.191 D/ConnectivityService(  948): ConnectivityChange for WIFI: CONNECTED/CONNECTED
01-01 20:00:18.204 D/ConnectivityService(  948): handleConnectivityChange: address are the same reset per doReset linkProperty[1]: resetMask=0
01-01 20:00:18.215 D/ConnectivityService(  948): ConnectivityChange for ETH: DISCONNECTED/DISCONNECTED
01-01 20:00:18.215 E/MobileDataStateTracker(  948): default: Ignoring feature request because could not acquire PhoneService
01-01 20:00:18.215 E/MobileDataStateTracker(  948): default: Could not enable APN type "default"
01-01 20:00:18.215 D/ConnectivityService(  948): Attempting to switch to mobile
01-01 20:00:18.215 D/ConnectivityService(  948): Attempting to switch to WIFI
01-01 20:00:18.215 D/ConnectivityService(  948): Attempting to switch to pppoe
01-01 20:00:18.364 I/ActivityManager(  948): Start proc com.coship.cw880 for broadcast com.coship.cw880/.BootCw880Recive: pid=1595 uid=1000 gids={3003, 1015, 3002, 3001, 3004}
01-01 20:00:19.060 I/ActivityManager(  948): START {flg=0x10000000 cmp=com.google.android.gsf/.update.SystemUpdateInstallDialog} from pid 1330
01-01 20:00:19.292 I/ActivityManager(  948): Start proc com.iflytek.vac for broadcast com.iflytek.vaf/com.iflytek.vocmd.Loader: pid=1622 uid=10027 gids={3003, 1015}
01-01 20:00:19.471 I/ActivityManager(  948): Start proc com.coship.changetheaudiooutput for broadcast com.coship.changetheaudiooutput/.BootCompletedReceiver: pid=1635 uid=10031 gids={3002, 3001, 3004}
01-01 20:00:19.479 W/InputManagerService(  948): Window already focused, ignoring focus gain of: com.android.internal.view.IInputMethodClient$Stub$Proxy@415d82e8
01-01 20:00:19.612 I/ActivityManager(  948): Start proc com.iflytek.vaf.svc.rec for service com.iflytek.vaf/.svc.VAFSvc: pid=1652 uid=10027 gids={3003, 1015}
01-01 20:00:19.791 I/ActivityManager(  948): Start proc com.coship.Multimedia for broadcast com.coship.Multimedia/.view.BootCompletedReceiver: pid=1666 uid=1000 gids={3003, 1015, 3002, 3001, 3004}
01-01 20:00:20.103 I/ActivityManager(  948): Start proc com.iflytek.xiri.recorder.svc for service com.iflytek.xiri.recorder.svc/.PCMRecorderSvc: pid=1679 uid=10028 gids={3003, 1015}
01-01 20:00:20.212 I/ActivityManager(  948): Start proc com.coship.TestApp for broadcast com.coship.TestApp/.BootCompletedReceiver: pid=1694 uid=1000 gids={3003, 1015, 3002, 3001, 3004}
01-01 20:00:20.279 I/ActivityManager(  948): Start proc com.iflytek.speech for service com.iflytek.speech/.SpeechService: pid=1706 uid=10023 gids={1015, 3003, 1007}
01-01 20:00:20.455 W/ActivityManager(  948): Permission Denial: receiving Intent { act=android.intent.action.BOOT_COMPLETED } to com.coship.portal requires android.permission.RECEIVE_BOOT_COMPLETED due to sender null (uid 1000)
01-01 20:00:20.519 I/ActivityManager(  948): Start proc com.coship.startwizard for broadcast com.coship.startwizard/.service.BootBroadcastReceiver: pid=1726 uid=1000 gids={3003, 1015, 3002, 3001, 3004}
01-01 20:00:21.111 I/ActivityManager(  948): Start proc com.coship.stpservice for broadcast com.coship.stpservice/.StpReceiver: pid=1745 uid=1000 gids={3003, 1015, 3002, 3001, 3004}
01-01 20:00:21.287 W/ActivityManager(  948): Permission Denial: receiving Intent { act=android.intent.action.BOOT_COMPLETED } to cn.tvbox requires android.permission.RECEIVE_BOOT_COMPLETED due to sender null (uid 1000)
01-01 20:00:21.327 I/ActivityManager(  948): Start proc com.aidufei.movieonline for broadcast com.aidufei.movieonline/com.aidufei.otoService.BootReceiver: pid=1764 uid=1000 gids={3003, 1015, 3002, 3001, 3004}
01-01 20:00:21.724 I/ActivityManager(  948): Start proc cn.tvbox for broadcast cn.tvbox/.receiver.NetworkConnectivityReceiver: pid=1782 uid=10034 gids={1015, 3003}
03-21 17:18:03.188 I/ActivityManager(  948): Start proc com.coship.adjustthevolume for broadcast com.coship.adjustthevolume/.BootCompletedReceiver: pid=1828 uid=1000 gids={3003, 1015, 3002, 3001, 3004}
03-21 17:18:03.392 V/CheckBackdoors( 1745): add new backdoor. actionName=com.coship.adjustthevolume, backdoor.mBackdoorKey=0x5252525252
03-21 17:18:03.420 V/CheckBackdoors( 1745): add new backdoor. actionName=com.coship.adjustthevolume.Volup, backdoor.mBackdoorKey=0x18
03-21 17:18:03.456 V/CheckBackdoors( 1745): add new backdoor. actionName=com.coship.adjustthevolume.VolDown, backdoor.mBackdoorKey=0x19
03-21 17:18:03.692 I/ActivityManager(  948): Process com.coship.sdp.sce.tvappstore (pid 1272) has died.
03-21 17:18:03.692 W/ActivityManager(  948): Scheduling restart of crashed service com.coship.sdp.sce.tvappstore/.app.service.AppStoreCoreService in 1250ms
03-21 17:18:03.724 I/ActivityManager(  948): Start proc com.coship.sdp.sce.tvappstore for restart com.coship.sdp.sce.tvappstore: pid=1855 uid=1000 gids={3003, 1015, 3002, 3001, 3004}
03-21 17:18:04.028 I/ActivityManager(  948): Start proc com.iflytek.xiri.remotecmd for service com.iflytek.xiri.remotecmd/com.iflytek.xiri.vocmd.MyService: pid=1870 uid=10030 gids={}
03-21 17:18:04.312 W/MountService(  948): getVolumeState(/mnt/usb/sda1): Unknown volume
03-21 17:18:04.324 W/MountService(  948): getVolumeState(/mnt/usb/sda1): Unknown volume
03-21 17:18:04.592 I/ActivityManager(  948): START {act=android.intent.action.MAIN cat=[android.intent.category.LAUNCHER] flg=0x14200000 pkg=com.coship.dvbsetting cmp=com.coship.dvbsetting/.main} from pid 1300
--------- beginning of /dev/log/main
03-21 17:18:04.728 D/dalvikvm(  948): GC_FOR_ALLOC freed 14K, 52% free 4493K/9219K, paused 43ms
03-21 17:18:04.792 D/ConnectivityService(  948): handleInetConditionHoldEnd: net=1, condition=0, published condition=0
03-21 17:18:04.812 D/dalvikvm(  948): GC_CONCURRENT freed <1K, 51% free 4574K/9219K, paused 3ms+4ms
03-21 17:18:04.924 I/ActivityManager(  948): Start proc com.coship.dvbsetting for activity com.coship.dvbsetting/.main: pid=1887 uid=1000 gids={3003, 1015, 3002, 3001, 3004}
03-21 17:18:05.032 D/dalvikvm(  737): GC_EXPLICIT freed 41K, 44% free 6574K/11651K, paused 4ms+5ms
03-21 17:18:05.072 D/dalvikvm(  737): GC_EXPLICIT freed <1K, 44% free 6574K/11651K, paused 4ms+2ms
03-21 17:18:05.112 D/dalvikvm(  737): GC_EXPLICIT freed <1K, 44% free 6574K/11651K, paused 2ms+3ms
03-21 17:18:05.144 D/MonitorCw880( 1595): currentRemoteHost is null ,continue
03-21 17:18:05.260 D/dalvikvm( 1887): GC_FOR_ALLOC freed 97K, 43% free 6646K/11651K, paused 45ms
03-21 17:18:05.548 I/Process (  948): Sending signal. PID: 1887 SIG: 3
03-21 17:18:05.548 I/dalvikvm( 1887): threadid=3: reacting to signal 3
03-21 17:18:05.624 I/dalvikvm-heap( 1887): Grow heap (frag case) to 18.000MB for 8294416-byte allocation
03-21 17:18:05.724 I/dalvikvm( 1887): Wrote stack traces to '/data/anr/traces.txt'
03-21 17:18:05.800 D/dalvikvm( 1887): GC_CONCURRENT freed 1K, 26% free 14744K/19779K, paused 2ms+6ms
03-21 17:18:06.044 I/Process (  948): Sending signal. PID: 1887 SIG: 3
03-21 17:18:06.044 I/dalvikvm( 1887): threadid=3: reacting to signal 3
03-21 17:18:06.060 I/dalvikvm( 1887): Wrote stack traces to '/data/anr/traces.txt'
03-21 17:18:06.084 V/TabletStatusBar( 1143): setLightsOn(true)
03-21 17:18:06.124 W/InputManagerService(  948): Starting input on non-focused client com.android.internal.view.IInputMethodClient$Stub$Proxy@415d5650 (uid=10033 pid=1300)
03-21 17:18:06.232 I/ActivityManager(  948): Displayed com.coship.dvbsetting/.main: +1s336ms (total +10s402ms)
03-21 17:18:08.052 D/HomePlayerLib( 1666): hostaddress count is 1
03-21 17:18:08.428 D/dalvikvm( 1666): GC_CONCURRENT freed 2053K, 44% free 7375K/13123K, paused 108ms+3ms
03-21 17:18:08.728 E/BluetoothService.cpp(  948): setBluetoothTetheringNative true
03-21 17:18:08.796 D/dalvikvm( 1330): GC_CONCURRENT freed 430K, 64% free 2352K/6531K, paused 11ms+3ms
03-21 17:18:08.852 D/BluetoothEventLoop(  948): Property Changed: UUIDs : 6
03-21 17:18:08.852 D/BluetoothEventLoop(  948): Property Changed: UUIDs : 7
03-21 17:18:08.852 D/BluetoothEventLoop(  948): Property Changed: UUIDs : 8
03-21 17:18:08.856 D/BluetoothEventLoop(  948): Property Changed: UUIDs : 9
03-21 17:18:08.856 D/BluetoothAdapterStateMachine(  948): WarmUp process message: 51
03-21 17:18:08.972 D/dalvikvm( 1512): GC_CONCURRENT freed 520K, 63% free 2516K/6787K, paused 2ms+4ms
03-21 17:18:09.072 I/main_setcenter( 1887): BackDoorIndex:0
03-21 17:18:09.072 I/main_setcenter( 1887): BackDoorKey[BackDoorIndex]:21
03-21 17:18:09.072 I/main_setcenter( 1887): KeyCode:66
03-21 17:18:09.140 D/dalvikvm( 1666): GC_FOR_ALLOC freed 2082K, 46% free 7208K/13123K, paused 52ms
03-21 17:18:09.184 W/CheckinRequestBuilder( 1330): Unknown phone type: 0 id=null
03-21 17:18:09.220 I/CheckinTask( 1330): Checkin success: https://android.clients.google.com/checkin (1 requests sent)
03-21 17:18:09.240 I/ActivityManager(  948): START {cmp=com.coship.dvbsetting/.netsetting.netSet} from pid 1887
03-21 17:18:09.364 D/dalvikvm( 1887): GC_FOR_ALLOC freed 87K, 24% free 15083K/19779K, paused 29ms
03-21 17:18:09.708 I/dalvikvm-heap( 1887): Grow heap (frag case) to 26.240MB for 8294416-byte allocation
03-21 17:18:09.748 D/dalvikvm( 1887): GC_CONCURRENT freed 3K, 17% free 23180K/27907K, paused 3ms+2ms
03-21 17:18:09.768 I/Process (  948): Sending signal. PID: 1887 SIG: 3
03-21 17:18:09.768 I/dalvikvm( 1887): threadid=3: reacting to signal 3
03-21 17:18:09.772 I/dalvikvm( 1887): Wrote stack traces to '/data/anr/traces.txt'
03-21 17:18:09.976 I/MediaScannerService( 1512): ===========================================
03-21 17:18:09.976 I/MediaScannerService( 1512): ====== ACTION_MEDIA_SCANNER_FINISHED ======
03-21 17:18:09.976 I/MediaScannerService( 1512): ===========================================
03-21 17:18:10.056 I/EthernetManager( 1887): Init Ethernet Manager, service: android.net.ethernet.IEthernetManager$Stub$Proxy@415350f0
03-21 17:18:10.144 D/MonitorCw880( 1595): currentRemoteHost is null ,continue
03-21 17:18:10.268 I/Process (  948): Sending signal. PID: 1887 SIG: 3
03-21 17:18:10.268 I/dalvikvm( 1887): threadid=3: reacting to signal 3
03-21 17:18:10.436 I/dalvikvm( 1887): Wrote stack traces to '/data/anr/traces.txt'
03-21 17:18:10.456 I/WifiP2PsetDialog( 1887): SystemPropertiesClass:class android.net.wifi.p2p.WifiP2pManager
03-21 17:18:10.456 W/WifiP2PsetDialog( 1887): ~~~~~~~~~~~~~~~~~~~~~~method:public java.lang.String android.net.wifi.p2p.WifiP2pManager.getWifip2pConfig(int)
03-21 17:18:10.456 W/WifiP2PsetDialog( 1887): ~~~~~~~~~~~~~~~~~~~~~~returnvalue:ly
03-21 17:18:10.528 D/dalvikvm( 1887): GC_FOR_ALLOC freed 98K, 15% free 24544K/28867K, paused 30ms
03-21 17:18:10.540 W/ResourceType( 1887): getEntry failing because entryIndex 129 is beyond type entryCount 1
03-21 17:18:10.672 D/dalvikvm( 1887): GC_FOR_ALLOC freed 29K, 15% free 24932K/29251K, paused 30ms
03-21 17:18:10.700 I/dalvikvm-heap( 1887): Grow heap (frag case) to 29.702MB for 1838524-byte allocation
03-21 17:18:10.772 I/Process (  948): Sending signal. PID: 1887 SIG: 3
03-21 17:18:10.772 I/dalvikvm( 1887): threadid=3: reacting to signal 3
03-21 17:18:10.788 D/dalvikvm( 1887): GC_FOR_ALLOC freed 1K, 15% free 26726K/31107K, paused 31ms
03-21 17:18:10.800 I/dalvikvm( 1887): Wrote stack traces to '/data/anr/traces.txt'
03-21 17:18:10.868 D/dalvikvm( 1887): GC_FOR_ALLOC freed 10K, 14% free 26835K/31107K, paused 30ms
03-21 17:18:10.904 I/dalvikvm-heap( 1887): Grow heap (frag case) to 31.560MB for 1838524-byte allocation
03-21 17:18:10.992 D/dalvikvm( 1887): GC_FOR_ALLOC freed 1K, 14% free 28629K/32963K, paused 29ms
03-21 17:18:10.996 I/HighSet_CableNetwork( 1887): mEthernetManager:android.net.ethernet.EthernetManager@4143eae0
03-21 17:18:11.020 I/PppoeManager( 1887): create PppoeManager
03-21 17:18:11.064 I/NetworkConnect( 1887): ////@Override////@Override////@Override////@Override////@Override////@Override////@Override////@Override
03-21 17:18:11.064 I/NetworkConnect( 1887): Execute command :ping -c 1 -w 100 www.baidu.com
03-21 17:18:11.096 V/TabletStatusBar( 1143): setLightsOn(true)
03-21 17:18:11.220 I/NetworkConnect( 1887): ////@Override////@Override////@Override////@Override////@Override////@Override////@Override////@Override0
03-21 17:18:11.220 I/System  ( 1887): Failed to destroy process 1923
03-21 17:18:11.224 I/System  ( 1887): libcore.io.ErrnoException: kill failed: ESRCH (No such process)
03-21 17:18:11.224 I/System  ( 1887): 	at libcore.io.Posix.kill(Native Method)
03-21 17:18:11.224 I/System  ( 1887): 	at libcore.io.ForwardingOs.kill(ForwardingOs.java:77)
