D/BrowserActivity( 6234): --------------------- on load resource --------------------
D/BrowserActivity( 6234): --------------------- on load resource --------------------
D/BrowserActivity( 6234): --------------------- on load resource --------------------
D/BrowserActivity( 6234): --------------------- on load resource --------------------
D/BrowserActivity( 6234): --------------------- on load resource --------------------
D/BrowserActivity( 6234): --------------------- on load resource --------------------
D/BrowserActivity( 6234): --------------------- on load resource --------------------
D/BrowserActivity( 6234): --------------------- on load resource --------------------
D/BrowserActivity( 6234): --------------------- on load resource --------------------
D/BrowserActivity( 6234): --------------------- on load resource --------------------
D/BrowserActivity( 6234): --------------------- on load resource --------------------
D/BrowserActivity( 6234): --------------------- on load resource --------------------
D/BrowserActivity( 6234): --------------------- on load resource --------------------
D/BrowserActivity( 6234): --------------------- on load resource --------------------
D/BrowserActivity( 6234): --------------------- on load resource --------------------
D/BrowserActivity( 6234): --------------------- on load resource --------------------
D/BrowserActivity( 6234): --------------------- on load resource --------------------
D/BrowserActivity( 6234): --------------------- on load resource --------------------
D/BrowserActivity( 6234): --------------------- on load resource --------------------
D/BrowserActivity( 6234): --------------------- on load resource --------------------
D/BrowserActivity( 6234): --------------------- on load resource --------------------
D/BrowserActivity( 6234): --------------------- on load resource --------------------
D/BrowserActivity( 6234): --------------------- on load resource --------------------
D/BrowserActivity( 6234): --------------------- on load resource --------------------
D/BrowserActivity( 6234): --------------------- on load resource --------------------
D/BrowserActivity( 6234): --------------------- on load resource --------------------
D/BrowserActivity( 6234): --------------------- on load resource --------------------
D/BrowserActivity( 6234): --------------------- on load resource --------------------
D/BrowserActivity( 6234): --------------------- on load resource --------------------
D/BrowserActivity( 6234): --------------------- on load resource --------------------
D/BrowserActivity( 6234): --------------------- on load resource --------------------
D/BrowserActivity( 6234): --------------------- on load resource --------------------
D/BrowserActivity( 6234): --------------------- on load resource --------------------
D/BrowserActivity( 6234): --------------------- on load resource --------------------
D/BrowserActivity( 6234): --------------------- on load resource --------------------
D/BrowserActivity( 6234): --------------------- on load resource --------------------
D/BrowserActivity( 6234): --------------------- on load resource --------------------
D/BrowserActivity( 6234): --------------------- on load resource --------------------
D/BrowserActivity( 6234): --------------------- on load resource --------------------
D/BrowserActivity( 6234): --------------------- on load resource --------------------
D/BrowserActivity( 6234): --------------------- on load resource --------------------
D/BrowserActivity( 6234): --------------------- on load resource --------------------
D/BrowserActivity( 6234): --------------------- on load resource --------------------
D/BrowserActivity( 6234): --------------------- on load resource --------------------
D/BrowserActivity( 6234): --------------------- on load resource --------------------
D/BrowserActivity( 6234): --------------------- on load resource --------------------
D/BrowserActivity( 6234): --------------------- on load resource --------------------
D/BrowserActivity( 6234): --------------------- on load resource --------------------
D/BrowserActivity( 6234): --------------------- on load resource --------------------
D/BrowserActivity( 6234): --------------------- on load resource --------------------
D/BrowserActivity( 6234): --------------------- on load resource --------------------
D/BrowserActivity( 6234): --------------------- on load resource --------------------
D/BrowserActivity( 6234): --------------------- on load resource --------------------
D/BrowserActivity( 6234): --------------------- on load resource --------------------
D/BrowserActivity( 6234): --------------------- on load resource --------------------
D/BrowserActivity( 6234): --------------------- on load resource --------------------
D/BrowserActivity( 6234): --------------------- on load resource --------------------
D/BrowserActivity( 6234): --------------------- on load resource --------------------
D/BrowserActivity( 6234): --------------------- on load resource --------------------
D/BrowserActivity( 6234): --------------------- on load resource --------------------
D/BrowserActivity( 6234): --------------------- on load resource --------------------
E/        ( 6234): get vaddr failed:pvaddr_read=0x62e4b000,pvaddr_internal=0x62f4b000,pvaddr_write=0x0
E/        ( 6234): get vaddr failed:pvaddr_read=0x62e4b000,pvaddr_internal=0x62f4b000,pvaddr_write=0x0
E/        ( 6234): get vaddr failed:pvaddr_read=0x62e4b000,pvaddr_internal=0x62f4b000,pvaddr_write=0x0
E/        ( 6234): get vaddr failed:pvaddr_read=0x62e4b000,pvaddr_internal=0x62f4b000,pvaddr_write=0x0
E/        ( 6234): get vaddr failed:pvaddr_read=0x62e4b000,pvaddr_internal=0x62f4b000,pvaddr_write=0x0
E/        ( 6234): get vaddr failed:pvaddr_read=0x62e4b000,pvaddr_internal=0x62f4b000,pvaddr_write=0x0
E/        ( 6234): get vaddr failed:pvaddr_read=0x62e4b000,pvaddr_internal=0x62f4b000,pvaddr_write=0x0
E/Web Console( 6234): Uncaught TypeError: Cannot call method 'focus' of null at http://www.youku.com/:93
E/        ( 6234): get vaddr failed:pvaddr_read=0x62e4b000,pvaddr_internal=0x62f4b000,pvaddr_write=0x0
E/        ( 6234): get vaddr failed:pvaddr_read=0x62e4b000,pvaddr_internal=0x62f4b000,pvaddr_write=0x0
E/        ( 6234): get vaddr failed:pvaddr_read=0x62e4b000,pvaddr_internal=0x62f4b000,pvaddr_write=0x0
E/        ( 6234): get vaddr failed:pvaddr_read=0x62e4b000,pvaddr_internal=0x62f4b000,pvaddr_write=0x0
D/MonitorCw880( 5992): currentRemoteHost is null ,continue
E/        ( 6234): get vaddr failed:pvaddr_read=0x62e4b000,pvaddr_internal=0x62f4b000,pvaddr_write=0x0
E/        ( 6234): get vaddr failed:pvaddr_read=0x62e4b000,pvaddr_internal=0x62f4b000,pvaddr_write=0x0
E/        ( 6234): get vaddr failed:pvaddr_read=0x62e4b000,pvaddr_internal=0x62f4b000,pvaddr_write=0x0
E/        ( 6234): get vaddr failed:pvaddr_read=0x62e4b000,pvaddr_internal=0x62f4b000,pvaddr_write=0x0
E/        ( 6234): get vaddr failed:pvaddr_read=0x62e4b000,pvaddr_internal=0x62f4b000,pvaddr_write=0x0
E/        ( 6234): get vaddr failed:pvaddr_read=0x62e4b000,pvaddr_internal=0x62f4b000,pvaddr_write=0x0
E/        ( 6234): get vaddr failed:pvaddr_read=0x62e4b000,pvaddr_internal=0x62f4b000,pvaddr_write=0x0
E/        ( 6234): get vaddr failed:pvaddr_read=0x62e4b000,pvaddr_internal=0x62f4b000,pvaddr_write=0x0
E/        ( 6234): get vaddr failed:pvaddr_read=0x62e4b000,pvaddr_internal=0x62f4b000,pvaddr_write=0x0
E/        ( 6234): get vaddr failed:pvaddr_read=0x62e4b000,pvaddr_internal=0x62f4b000,pvaddr_write=0x0
E/        ( 6234): get vaddr failed:pvaddr_read=0x62e4b000,pvaddr_internal=0x62f4b000,pvaddr_write=0x0
E/        ( 6234): get vaddr failed:pvaddr_read=0x62e4b000,pvaddr_internal=0x62f4b000,pvaddr_write=0x0
E/        ( 6234): get vaddr failed:pvaddr_read=0x62e4b000,pvaddr_internal=0x62f4b000,pvaddr_write=0x0
E/        ( 6234): get vaddr failed:pvaddr_read=0x62e4b000,pvaddr_internal=0x62f4b000,pvaddr_write=0x0
E/        ( 6234): get vaddr failed:pvaddr_read=0x62e4b000,pvaddr_internal=0x62f4b000,pvaddr_write=0x0
E/        ( 6234): get vaddr failed:pvaddr_read=0x62e4b000,pvaddr_internal=0x62f4b000,pvaddr_write=0x0
E/        ( 6234): get vaddr failed:pvaddr_read=0x62e4b000,pvaddr_internal=0x62f4b000,pvaddr_write=0x0
E/        ( 6234): get vaddr failed:pvaddr_read=0x62e4b000,pvaddr_internal=0x62f4b000,pvaddr_write=0x0
E/        ( 6234): get vaddr failed:pvaddr_read=0x62e4b000,pvaddr_internal=0x62f4b000,pvaddr_write=0x0
E/        ( 6234): get vaddr failed:pvaddr_read=0x62e4b000,pvaddr_internal=0x62f4b000,pvaddr_write=0x0
E/        ( 6234): get vaddr failed:pvaddr_read=0x62e4b000,pvaddr_internal=0x62f4b000,pvaddr_write=0x0
E/        ( 6234): get vaddr failed:pvaddr_read=0x62e4b000,pvaddr_internal=0x62f4b000,pvaddr_write=0x0
E/        ( 6234): get vaddr failed:pvaddr_read=0x62e4b000,pvaddr_internal=0x62f4b000,pvaddr_write=0x0
E/        ( 6234): get vaddr failed:pvaddr_read=0x62e4b000,pvaddr_internal=0x62f4b000,pvaddr_write=0x0
E/        ( 6234): get vaddr failed:pvaddr_read=0x62e4b000,pvaddr_internal=0x62f4b000,pvaddr_write=0x0
E/        ( 6234): get vaddr failed:pvaddr_read=0x62e4b000,pvaddr_internal=0x62f4b000,pvaddr_write=0x0
E/        ( 6234): get vaddr failed:pvaddr_read=0x62e4b000,pvaddr_internal=0x62f4b000,pvaddr_write=0x0
E/        ( 6234): get vaddr failed:pvaddr_read=0x62e4b000,pvaddr_internal=0x62f4b000,pvaddr_write=0x0
E/        ( 6234): get vaddr failed:pvaddr_read=0x62e4b000,pvaddr_internal=0x62f4b000,pvaddr_write=0x0
E/        ( 6234): get vaddr failed:pvaddr_read=0x62e4b000,pvaddr_internal=0x62f4b000,pvaddr_write=0x0
E/        ( 6234): get vaddr failed:pvaddr_read=0x62e4b000,pvaddr_internal=0x62f4b000,pvaddr_write=0x0
E/        ( 6234): get vaddr failed:pvaddr_read=0x62e4b000,pvaddr_internal=0x62f4b000,pvaddr_write=0x0
E/        ( 6234): get vaddr failed:pvaddr_read=0x62e4b000,pvaddr_internal=0x62f4b000,pvaddr_write=0x0
E/        ( 6234): get vaddr failed:pvaddr_read=0x62e4b000,pvaddr_internal=0x62f4b000,pvaddr_write=0x0
E/        ( 6234): get vaddr failed:pvaddr_read=0x62e4b000,pvaddr_internal=0x62f4b000,pvaddr_write=0x0
E/        ( 6234): get vaddr failed:pvaddr_read=0x62e4b000,pvaddr_internal=0x62f4b000,pvaddr_write=0x0
E/        ( 6234): get vaddr failed:pvaddr_read=0x62e4b000,pvaddr_internal=0x62f4b000,pvaddr_write=0x0
E/        ( 6234): get vaddr failed:pvaddr_read=0x62e4b000,pvaddr_internal=0x62f4b000,pvaddr_write=0x0
E/        ( 6234): get vaddr failed:pvaddr_read=0x62e4b000,pvaddr_internal=0x62f4b000,pvaddr_write=0x0
E/        ( 6234): get vaddr failed:pvaddr_read=0x62e4b000,pvaddr_internal=0x62f4b000,pvaddr_write=0x0
E/        ( 6234): get vaddr failed:pvaddr_read=0x62e4b000,pvaddr_internal=0x62f4b000,pvaddr_write=0x0
E/        ( 6234): get vaddr failed:pvaddr_read=0x62e4b000,pvaddr_internal=0x62f4b000,pvaddr_write=0x0
E/        ( 6234): get vaddr failed:pvaddr_read=0x62e4b000,pvaddr_internal=0x62f4b000,pvaddr_write=0x0
E/        ( 6234): get vaddr failed:pvaddr_read=0x62e4b000,pvaddr_internal=0x62f4b000,pvaddr_write=0x0
E/        ( 6234): get vaddr failed:pvaddr_read=0x62e4b000,pvaddr_internal=0x62f4b000,pvaddr_write=0x0
E/        ( 6234): get vaddr failed:pvaddr_read=0x62e4b000,pvaddr_internal=0x62f4b000,pvaddr_write=0x0
E/        ( 6234): get vaddr failed:pvaddr_read=0x62e4b000,pvaddr_internal=0x62f4b000,pvaddr_write=0x0
E/        ( 6234): get vaddr failed:pvaddr_read=0x62e4b000,pvaddr_internal=0x62f4b000,pvaddr_write=0x0
E/        ( 6234): get vaddr failed:pvaddr_read=0x62e4b000,pvaddr_internal=0x62f4b000,pvaddr_write=0x0
E/        ( 6234): get vaddr failed:pvaddr_read=0x62e4b000,pvaddr_internal=0x62f4b000,pvaddr_write=0x0
E/        ( 6234): get vaddr failed:pvaddr_read=0x62e4b000,pvaddr_internal=0x62f4b000,pvaddr_write=0x0
E/        ( 6234): get vaddr failed:pvaddr_read=0x62e4b000,pvaddr_internal=0x62f4b000,pvaddr_write=0x0
E/        ( 6234): get vaddr failed:pvaddr_read=0x62e4b000,pvaddr_internal=0x62f4b000,pvaddr_write=0x0
E/        ( 6234): get vaddr failed:pvaddr_read=0x62e4b000,pvaddr_internal=0x62f4b000,pvaddr_write=0x0
E/        ( 6234): get vaddr failed:pvaddr_read=0x62e4b000,pvaddr_internal=0x62f4b000,pvaddr_write=0x0
E/        ( 6234): get vaddr failed:pvaddr_read=0x62e4b000,pvaddr_internal=0x62f4b000,pvaddr_write=0x0
E/        ( 6234): get vaddr failed:pvaddr_read=0x62e4b000,pvaddr_internal=0x62f4b000,pvaddr_write=0x0
E/        ( 6234): get vaddr failed:pvaddr_read=0x62e4b000,pvaddr_internal=0x62f4b000,pvaddr_write=0x0
E/        ( 6234): get vaddr failed:pvaddr_read=0x62e4b000,pvaddr_internal=0x62f4b000,pvaddr_write=0x0
E/        ( 6234): get vaddr failed:pvaddr_read=0x62e4b000,pvaddr_internal=0x62f4b000,pvaddr_write=0x0
E/        ( 6234): get vaddr failed:pvaddr_read=0x62e4b000,pvaddr_internal=0x62f4b000,pvaddr_write=0x0
E/        ( 6234): get vaddr failed:pvaddr_read=0x62e4b000,pvaddr_internal=0x62f4b000,pvaddr_write=0x0
E/        ( 6234): get vaddr failed:pvaddr_read=0x62e4b000,pvaddr_internal=0x62f4b000,pvaddr_write=0x0
E/        ( 6234): get vaddr failed:pvaddr_read=0x62e4b000,pvaddr_internal=0x62f4b000,pvaddr_write=0x0
E/        ( 6234): get vaddr failed:pvaddr_read=0x62e4b000,pvaddr_internal=0x62f4b000,pvaddr_write=0x0
E/        ( 6234): get vaddr failed:pvaddr_read=0x62e4b000,pvaddr_internal=0x62f4b000,pvaddr_write=0x0
E/        ( 6234): get vaddr failed:pvaddr_read=0x62e4b000,pvaddr_internal=0x62f4b000,pvaddr_write=0x0
E/        ( 6234): get vaddr failed:pvaddr_read=0x62e4b000,pvaddr_internal=0x62f4b000,pvaddr_write=0x0
E/        ( 6234): get vaddr failed:pvaddr_read=0x62e4b000,pvaddr_internal=0x62f4b000,pvaddr_write=0x0
E/        ( 6234): get vaddr failed:pvaddr_read=0x62e4b000,pvaddr_internal=0x62f4b000,pvaddr_write=0x0
E/        ( 6234): get vaddr failed:pvaddr_read=0x62e4b000,pvaddr_internal=0x62f4b000,pvaddr_write=0x0
E/        ( 6234): get vaddr failed:pvaddr_read=0x62e4b000,pvaddr_internal=0x62f4b000,pvaddr_write=0x0
E/        ( 6234): get vaddr failed:pvaddr_read=0x62e4b000,pvaddr_internal=0x62f4b000,pvaddr_write=0x0
E/        ( 6234): get vaddr failed:pvaddr_read=0x62e4b000,pvaddr_internal=0x62f4b000,pvaddr_write=0x0
E/        ( 6234): get vaddr failed:pvaddr_read=0x62e4b000,pvaddr_internal=0x62f4b000,pvaddr_write=0x0
E/        ( 6234): get vaddr failed:pvaddr_read=0x62e4b000,pvaddr_internal=0x62f4b000,pvaddr_write=0x0
E/        ( 6234): get vaddr failed:pvaddr_read=0x62e4b000,pvaddr_internal=0x62f4b000,pvaddr_write=0x0
E/        ( 6234): get vaddr failed:pvaddr_read=0x62e4b000,pvaddr_internal=0x62f4b000,pvaddr_write=0x0
E/        ( 6234): get vaddr failed:pvaddr_read=0x62e4b000,pvaddr_internal=0x62f4b000,pvaddr_write=0x0
E/        ( 6234): get vaddr failed:pvaddr_read=0x62e4b000,pvaddr_internal=0x62f4b000,pvaddr_write=0x0
E/        ( 6234): get vaddr failed:pvaddr_read=0x62e4b000,pvaddr_internal=0x62f4b000,pvaddr_write=0x0
E/        ( 6234): get vaddr failed:pvaddr_read=0x62e4b000,pvaddr_internal=0x62f4b000,pvaddr_write=0x0
E/        ( 6234): get vaddr failed:pvaddr_read=0x62e4b000,pvaddr_internal=0x62f4b000,pvaddr_write=0x0
E/        ( 6234): get vaddr failed:pvaddr_read=0x62e4b000,pvaddr_internal=0x62f4b000,pvaddr_write=0x0
E/        ( 6234): get vaddr failed:pvaddr_read=0x62e4b000,pvaddr_internal=0x62f4b000,pvaddr_write=0x0
E/        ( 6234): get vaddr failed:pvaddr_read=0x62e4b000,pvaddr_internal=0x62f4b000,pvaddr_write=0x0
E/        ( 6234): get vaddr failed:pvaddr_read=0x62e4b000,pvaddr_internal=0x62f4b000,pvaddr_write=0x0
E/        ( 6234): get vaddr failed:pvaddr_read=0x62e4b000,pvaddr_internal=0x62f4b000,pvaddr_write=0x0
D/BrowserActivity( 6234): --------------------- on load resource --------------------
D/BrowserActivity( 6234): --------------------- on load resource --------------------
D/BrowserActivity( 6234): --------------------- on load resource --------------------
D/BrowserActivity( 6234): --------------------- on load resource --------------------
D/BrowserActivity( 6234): --------------------- on load resource --------------------
D/BrowserActivity( 6234): --------------------- on load resource --------------------
D/BrowserActivity( 6234): --------------------- on load resource --------------------
D/BrowserActivity( 6234): --------------------- on load resource --------------------
D/BrowserActivity( 6234): --------------------- on load resource --------------------
D/BrowserActivity( 6234): --------------------- on load resource --------------------
D/BrowserActivity( 6234): --------------------- on load resource --------------------
D/BrowserActivity( 6234): --------------------- on load resource --------------------
D/BrowserActivity( 6234): --------------------- on load resource --------------------
D/BrowserActivity( 6234): --------------------- on load resource --------------------
E/        ( 6234): get vaddr failed:pvaddr_read=0x62e4b000,pvaddr_internal=0x62f4b000,pvaddr_write=0x0
E/        ( 6234): get vaddr failed:pvaddr_read=0x62e4b000,pvaddr_internal=0x62f4b000,pvaddr_write=0x0
E/        ( 6234): get vaddr failed:pvaddr_read=0x62e4b000,pvaddr_internal=0x62f4b000,pvaddr_write=0x0
E/        ( 6234): get vaddr failed:pvaddr_read=0x62e4b000,pvaddr_internal=0x62f4b000,pvaddr_write=0x0
E/        ( 6234): get vaddr failed:pvaddr_read=0x62e4b000,pvaddr_internal=0x62f4b000,pvaddr_write=0x0
E/        ( 6234): get vaddr failed:pvaddr_read=0x62e4b000,pvaddr_internal=0x62f4b000,pvaddr_write=0x0
E/        ( 6234): get vaddr failed:pvaddr_read=0x62e4b000,pvaddr_internal=0x62f4b000,pvaddr_write=0x0
E/        ( 6234): get vaddr failed:pvaddr_read=0x62e4b000,pvaddr_internal=0x62f4b000,pvaddr_write=0x0
E/        ( 6234): get vaddr failed:pvaddr_read=0x62e4b000,pvaddr_internal=0x62f4b000,pvaddr_write=0x0
E/        ( 6234): get vaddr failed:pvaddr_read=0x62e4b000,pvaddr_internal=0x62f4b000,pvaddr_write=0x0
E/        ( 6234): get vaddr failed:pvaddr_read=0x62e4b000,pvaddr_internal=0x62f4b000,pvaddr_write=0x0
E/        ( 6234): get vaddr failed:pvaddr_read=0x62e4b000,pvaddr_internal=0x62f4b000,pvaddr_write=0x0
E/        ( 6234): get vaddr failed:pvaddr_read=0x62e4b000,pvaddr_internal=0x62f4b000,pvaddr_write=0x0
E/        ( 6234): get vaddr failed:pvaddr_read=0x62e4b000,pvaddr_internal=0x62f4b000,pvaddr_write=0x0
E/        ( 6234): get vaddr failed:pvaddr_read=0x62e4b000,pvaddr_internal=0x62f4b000,pvaddr_write=0x0
E/        ( 6234): get vaddr failed:pvaddr_read=0x62e4b000,pvaddr_internal=0x62f4b000,pvaddr_write=0x0
E/        ( 6234): get vaddr failed:pvaddr_read=0x62e4b000,pvaddr_internal=0x62f4b000,pvaddr_write=0x0
E/        ( 6234): get vaddr failed:pvaddr_read=0x62e4b000,pvaddr_internal=0x62f4b000,pvaddr_write=0x0
D/HomePlayerLib( 3718): hostaddress count is 2
E/        ( 6234): get vaddr failed:pvaddr_read=0x62e4b000,pvaddr_internal=0x62f4b000,pvaddr_write=0x0
D/dalvikvm( 3718): GC_CONCURRENT freed 1975K, 45% free 7327K/13187K, paused 3ms+14ms
E/        ( 6234): get vaddr failed:pvaddr_read=0x62e4b000,pvaddr_internal=0x62f4b000,pvaddr_write=0x0
E/        ( 6234): get vaddr failed:pvaddr_read=0x62e4b000,pvaddr_internal=0x62f4b000,pvaddr_write=0x0
E/        ( 6234): get vaddr failed:pvaddr_read=0x62e4b000,pvaddr_internal=0x62f4b000,pvaddr_write=0x0
E/        ( 6234): get vaddr failed:pvaddr_read=0x62e4b000,pvaddr_internal=0x62f4b000,pvaddr_write=0x0
E/        ( 6234): get vaddr failed:pvaddr_read=0x62e4b000,pvaddr_internal=0x62f4b000,pvaddr_write=0x0
E/        ( 6234): get vaddr failed:pvaddr_read=0x62e4b000,pvaddr_internal=0x62f4b000,pvaddr_write=0x0
E/        ( 6234): get vaddr failed:pvaddr_read=0x62e4b000,pvaddr_internal=0x62f4b000,pvaddr_write=0x0
E/        ( 6234): get vaddr failed:pvaddr_read=0x62e4b000,pvaddr_internal=0x62f4b000,pvaddr_write=0x0
E/        ( 6234): get vaddr failed:pvaddr_read=0x62e4b000,pvaddr_internal=0x62f4b000,pvaddr_write=0x0
E/        ( 6234): get vaddr failed:pvaddr_read=0x62e4b000,pvaddr_internal=0x62f4b000,pvaddr_write=0x0
E/        ( 6234): get vaddr failed:pvaddr_read=0x62e4b000,pvaddr_internal=0x62f4b000,pvaddr_write=0x0
E/        ( 6234): get vaddr failed:pvaddr_read=0x62e4b000,pvaddr_internal=0x62f4b000,pvaddr_write=0x0
E/        ( 6234): get vaddr failed:pvaddr_read=0x62e4b000,pvaddr_internal=0x62f4b000,pvaddr_write=0x0
E/        ( 6234): get vaddr failed:pvaddr_read=0x62e4b000,pvaddr_internal=0x62f4b000,pvaddr_write=0x0
E/        ( 6234): get vaddr failed:pvaddr_read=0x62e4b000,pvaddr_internal=0x62f4b000,pvaddr_write=0x0
E/        ( 6234): get vaddr failed:pvaddr_read=0x62e4b000,pvaddr_internal=0x62f4b000,pvaddr_write=0x0
E/        ( 6234): get vaddr failed:pvaddr_read=0x62e4b000,pvaddr_internal=0x62f4b000,pvaddr_write=0x0
E/        ( 6234): get vaddr failed:pvaddr_read=0x62e4b000,pvaddr_internal=0x62f4b000,pvaddr_write=0x0
E/        ( 6234): get vaddr failed:pvaddr_read=0x62e4b000,pvaddr_internal=0x62f4b000,pvaddr_write=0x0
E/        ( 6234): get vaddr failed:pvaddr_read=0x62e4b000,pvaddr_internal=0x62f4b000,pvaddr_write=0x0
E/        ( 6234): get vaddr failed:pvaddr_read=0x62e4b000,pvaddr_internal=0x62f4b000,pvaddr_write=0x0
E/        ( 6234): get vaddr failed:pvaddr_read=0x62e4b000,pvaddr_internal=0x62f4b000,pvaddr_write=0x0
E/        ( 6234): get vaddr failed:pvaddr_read=0x62e4b000,pvaddr_internal=0x62f4b000,pvaddr_write=0x0
E/        ( 6234): get vaddr failed:pvaddr_read=0x62e4b000,pvaddr_internal=0x62f4b000,pvaddr_write=0x0
E/        ( 6234): get vaddr failed:pvaddr_read=0x62e4b000,pvaddr_internal=0x62f4b000,pvaddr_write=0x0
E/        ( 6234): get vaddr failed:pvaddr_read=0x62e4b000,pvaddr_internal=0x62f4b000,pvaddr_write=0x0
E/        ( 6234): get vaddr failed:pvaddr_read=0x62e4b000,pvaddr_internal=0x62f4b000,pvaddr_write=0x0
E/        ( 6234): get vaddr failed:pvaddr_read=0x62e4b000,pvaddr_internal=0x62f4b000,pvaddr_write=0x0
E/        ( 6234): get vaddr failed:pvaddr_read=0x62e4b000,pvaddr_internal=0x62f4b000,pvaddr_write=0x0
E/        ( 6234): get vaddr failed:pvaddr_read=0x62e4b000,pvaddr_internal=0x62f4b000,pvaddr_write=0x0
E/        ( 6234): get vaddr failed:pvaddr_read=0x62e4b000,pvaddr_internal=0x62f4b000,pvaddr_write=0x0
E/        ( 6234): get vaddr failed:pvaddr_read=0x62e4b000,pvaddr_internal=0x62f4b000,pvaddr_write=0x0
E/        ( 6234): get vaddr failed:pvaddr_read=0x62e4b000,pvaddr_internal=0x62f4b000,pvaddr_write=0x0
E/        ( 6234): get vaddr failed:pvaddr_read=0x62e4b000,pvaddr_internal=0x62f4b000,pvaddr_write=0x0
E/        ( 6234): get vaddr failed:pvaddr_read=0x62e4b000,pvaddr_internal=0x62f4b000,pvaddr_write=0x0
E/        ( 6234): get vaddr failed:pvaddr_read=0x62e4b000,pvaddr_internal=0x62f4b000,pvaddr_write=0x0
E/        ( 6234): get vaddr failed:pvaddr_read=0x62e4b000,pvaddr_internal=0x62f4b000,pvaddr_write=0x0
E/        ( 6234): get vaddr failed:pvaddr_read=0x62e4b000,pvaddr_internal=0x62f4b000,pvaddr_write=0x0
E/        ( 6234): get vaddr failed:pvaddr_read=0x62e4b000,pvaddr_internal=0x62f4b000,pvaddr_write=0x0
E/        ( 6234): get vaddr failed:pvaddr_read=0x62e4b000,pvaddr_internal=0x62f4b000,pvaddr_write=0x0
E/        ( 6234): get vaddr failed:pvaddr_read=0x62e4b000,pvaddr_internal=0x62f4b000,pvaddr_write=0x0
E/        ( 6234): get vaddr failed:pvaddr_read=0x62e4b000,pvaddr_internal=0x62f4b000,pvaddr_write=0x0
E/        ( 6234): get vaddr failed:pvaddr_read=0x62e4b000,pvaddr_internal=0x62f4b000,pvaddr_write=0x0
E/        ( 6234): get vaddr failed:pvaddr_read=0x62e4b000,pvaddr_internal=0x62f4b000,pvaddr_write=0x0
E/        ( 6234): get vaddr failed:pvaddr_read=0x62e4b000,pvaddr_internal=0x62f4b000,pvaddr_write=0x0
E/        ( 6234): get vaddr failed:pvaddr_read=0x62e4b000,pvaddr_internal=0x62f4b000,pvaddr_write=0x0
E/        ( 6234): get vaddr failed:pvaddr_read=0x62e4b000,pvaddr_internal=0x62f4b000,pvaddr_write=0x0
E/        ( 6234): get vaddr failed:pvaddr_read=0x62e4b000,pvaddr_internal=0x62f4b000,pvaddr_write=0x0
E/        ( 6234): get vaddr failed:pvaddr_read=0x62e4b000,pvaddr_internal=0x62f4b000,pvaddr_write=0x0
E/        ( 6234): get vaddr failed:pvaddr_read=0x62e4b000,pvaddr_internal=0x62f4b000,pvaddr_write=0x0
E/        ( 6234): get vaddr failed:pvaddr_read=0x62e4b000,pvaddr_internal=0x62f4b000,pvaddr_write=0x0
E/        ( 6234): get vaddr failed:pvaddr_read=0x62e4b000,pvaddr_internal=0x62f4b000,pvaddr_write=0x0
E/        ( 6234): get vaddr failed:pvaddr_read=0x62e4b000,pvaddr_internal=0x62f4b000,pvaddr_write=0x0
E/        ( 6234): get vaddr failed:pvaddr_read=0x62e4b000,pvaddr_internal=0x62f4b000,pvaddr_write=0x0
E/        ( 6234): get vaddr failed:pvaddr_read=0x62e4b000,pvaddr_internal=0x62f4b000,pvaddr_write=0x0
E/        ( 6234): get vaddr failed:pvaddr_read=0x62e4b000,pvaddr_internal=0x62f4b000,pvaddr_write=0x0
E/        ( 6234): get vaddr failed:pvaddr_read=0x62e4b000,pvaddr_internal=0x62f4b000,pvaddr_write=0x0
E/        ( 6234): get vaddr failed:pvaddr_read=0x62e4b000,pvaddr_internal=0x62f4b000,pvaddr_write=0x0
D/BrowserActivity( 6234): --------------------- on load resource --------------------
D/BrowserActivity( 6234): --------------------- on load resource --------------------
E/        ( 6234): get vaddr failed:pvaddr_read=0x62e4b000,pvaddr_internal=0x62f4b000,pvaddr_write=0x0
E/        ( 6234): get vaddr failed:pvaddr_read=0x62e4b000,pvaddr_internal=0x62f4b000,pvaddr_write=0x0
E/        ( 6234): get vaddr failed:pvaddr_read=0x62e4b000,pvaddr_internal=0x62f4b000,pvaddr_write=0x0
D/BrowserActivity( 6234): --------------------- on load resource --------------------
D/dalvikvm( 3718): GC_CONCURRENT freed 2035K, 45% free 7372K/13187K, paused 7ms+4ms
D/BrowserActivity( 6234): --------------------- on load resource --------------------
D/BrowserActivity( 6234): --------------------- on load resource --------------------
E/        ( 6234): get vaddr failed:pvaddr_read=0x62e4b000,pvaddr_internal=0x62f4b000,pvaddr_write=0x0
E/        ( 6234): get vaddr failed:pvaddr_read=0x62e4b000,pvaddr_internal=0x62f4b000,pvaddr_write=0x0
E/        ( 6234): get vaddr failed:pvaddr_read=0x62e4b000,pvaddr_internal=0x62f4b000,pvaddr_write=0x0
E/        ( 6234): get vaddr failed:pvaddr_read=0x62e4b000,pvaddr_internal=0x62f4b000,pvaddr_write=0x0
E/        ( 6234): get vaddr failed:pvaddr_read=0x62e4b000,pvaddr_internal=0x62f4b000,pvaddr_write=0x0
E/        ( 6234): get vaddr failed:pvaddr_read=0x62e4b000,pvaddr_internal=0x62f4b000,pvaddr_write=0x0
E/        ( 6234): get vaddr failed:pvaddr_read=0x62e4b000,pvaddr_internal=0x62f4b000,pvaddr_write=0x0
E/        ( 6234): get vaddr failed:pvaddr_read=0x62e4b000,pvaddr_internal=0x62f4b000,pvaddr_write=0x0
E/        ( 6234): get vaddr failed:pvaddr_read=0x62e4b000,pvaddr_internal=0x62f4b000,pvaddr_write=0x0
E/        ( 6234): get vaddr failed:pvaddr_read=0x62e4b000,pvaddr_internal=0x62f4b000,pvaddr_write=0x0
E/        ( 6234): get vaddr failed:pvaddr_read=0x62e4b000,pvaddr_internal=0x62f4b000,pvaddr_write=0x0
E/        ( 6234): get vaddr failed:pvaddr_read=0x62e4b000,pvaddr_internal=0x62f4b000,pvaddr_write=0x0
D/BrowserActivity( 6234): --------------------- on load resource --------------------
E/        ( 6234): get vaddr failed:pvaddr_read=0x62e4b000,pvaddr_internal=0x62f4b000,pvaddr_write=0x0
E/        ( 6234): get vaddr failed:pvaddr_read=0x62e4b000,pvaddr_internal=0x62f4b000,pvaddr_write=0x0
E/        ( 6234): get vaddr failed:pvaddr_read=0x62e4b000,pvaddr_internal=0x62f4b000,pvaddr_write=0x0
E/        ( 6234): get vaddr failed:pvaddr_read=0x62e4b000,pvaddr_internal=0x62f4b000,pvaddr_write=0x0
E/        ( 6234): get vaddr failed:pvaddr_read=0x62e4b000,pvaddr_internal=0x62f4b000,pvaddr_write=0x0
E/        ( 6234): get vaddr failed:pvaddr_read=0x62e4b000,pvaddr_internal=0x62f4b000,pvaddr_write=0x0
E/        ( 6234): get vaddr failed:pvaddr_read=0x62e4b000,pvaddr_internal=0x62f4b000,pvaddr_write=0x0
E/        ( 6234): get vaddr failed:pvaddr_read=0x62e4b000,pvaddr_internal=0x62f4b000,pvaddr_write=0x0
E/        ( 6234): get vaddr failed:pvaddr_read=0x62e4b000,pvaddr_internal=0x62f4b000,pvaddr_write=0x0
D/BrowserActivity( 6234): ***************** Key Code: 19*******************
D/BrowserActivity( 6234): getCurrentWebView() enter
D/BrowserActivity( 6234): return default
V/zb.wu   ( 6234): moveCursor: x:0   y:-10
E/        ( 6234): get vaddr failed:pvaddr_read=0x62e4b000,pvaddr_internal=0x62f4b000,pvaddr_write=0x0
I/zb.wu   ( 6234): [Client Process]jni_MouseMove be called.  X:0,Y:-10
E/        ( 6234): get vaddr failed:pvaddr_read=0x62e4b000,pvaddr_internal=0x62f4b000,pvaddr_write=0x0
I/zb.wu   ( 6234): [Client Process]start call RPC  function......
E/        ( 6234): get vaddr failed:pvaddr_read=0x62e4b000,pvaddr_internal=0x62f4b000,pvaddr_write=0x0
I/browserService( 6234): [Client Process]Send E_MOVE_CURSOR
E/        ( 6234): get vaddr failed:pvaddr_read=0x62e4b000,pvaddr_internal=0x62f4b000,pvaddr_write=0x0
E/        ( 6234): get vaddr failed:pvaddr_read=0x62e4b000,pvaddr_internal=0x62f4b000,pvaddr_write=0x0
E/        ( 6234): get vaddr failed:pvaddr_read=0x62e4b000,pvaddr_internal=0x62f4b000,pvaddr_write=0x0
I/browserService(  745): [Service Process]Receive E_MOVE_CURSOR
I/browserService(  745): [Service Process]BrowserService::moveCursor(callingPid 6234) (x:0  y:-10)
I/browserService(  745): move x:0,y:-10
I/zb.wu   ( 6234): [Client Process]end of call RPC function. ret=0
E/        ( 6234): get vaddr failed:pvaddr_read=0x62e4b000,pvaddr_internal=0x62f4b000,pvaddr_write=0x0
E/        ( 6234): get vaddr failed:pvaddr_read=0x62e4b000,pvaddr_internal=0x62f4b000,pvaddr_write=0x0
E/        ( 6234): get vaddr failed:pvaddr_read=0x62e4b000,pvaddr_internal=0x62f4b000,pvaddr_write=0x0
E/        ( 6234): get vaddr failed:pvaddr_read=0x62e4b000,pvaddr_internal=0x62f4b000,pvaddr_write=0x0
E/        ( 6234): get vaddr failed:pvaddr_read=0x62e4b000,pvaddr_internal=0x62f4b000,pvaddr_write=0x0
D/BrowserActivity( 6234): touch X=515.1389,Y=626.25793
E/        ( 6234): get vaddr failed:pvaddr_read=0x62e4b000,pvaddr_internal=0x62f4b000,pvaddr_write=0x0
E/        ( 6234): get vaddr failed:pvaddr_read=0x62e4b000,pvaddr_internal=0x62f4b000,pvaddr_write=0x0
E/        ( 6234): get vaddr failed:pvaddr_read=0x62e4b000,pvaddr_internal=0x62f4b000,pvaddr_write=0x0
E/        ( 6234): get vaddr failed:pvaddr_read=0x62e4b000,pvaddr_internal=0x62f4b000,pvaddr_write=0x0
E/        ( 6234): get vaddr failed:pvaddr_read=0x62e4b000,pvaddr_internal=0x62f4b000,pvaddr_write=0x0
D/BrowserActivity( 6234): ***************** Key Code: 19*******************
D/InputEventConsistencyVerifier( 6234): KeyEvent: ACTION_UP but key was not down.
D/InputEventConsistencyVerifier( 6234):   in com.android.internal.policy.impl.PhoneWindow$DecorView@4174c790
D/InputEventConsistencyVerifier( 6234):   0: sent at 7445573000000, KeyEvent { action=ACTION_UP, keyCode=KEYCODE_DPAD_UP, scanCode=103, metaState=0, flags=0x8, repeatCount=0, eventTime=7445573, downTime=7445411, deviceId=3, source=0x101 }
D/InputEventConsistencyVerifier( 6234):   -- recent events --
D/InputEventConsistencyVerifier( 6234):   1: sent at 7445432992000, MotionEvent { action=ACTION_HOVER_MOVE, id[0]=0, x[0]=515.1389, y[0]=626.25793, toolType[0]=TOOL_TYPE_MOUSE, buttonState=0, metaState=0, flags=0x0, edgeFlags=0x0, pointerCount=1, historySize=0, eventTime=7445432, downTime=7435349, deviceId=36, source=0x2002 }
D/InputEventConsistencyVerifier( 6234):   2: sent at 7435501000000, (unhandled) KeyEvent { action=ACTION_UP, keyCode=KEYCODE_ENTER, scanCode=28, metaState=0, flags=0x80000008, repeatCount=0, eventTime=7435501, downTime=7435339, deviceId=3, source=0x101 }
D/InputEventConsistencyVerifier( 6234):   3: sent at 7435349605000, MotionEvent { action=ACTION_HOVER_MOVE, id[0]=0, x[0]=515.1389, y[0]=636.25793, toolType[0]=TOOL_TYPE_MOUSE, buttonState=0, metaState=0, flags=0x0, edgeFlags=0x0, pointerCount=1, historySize=0, eventTime=7435349, downTime=7435349, deviceId=36, source=0x2002 }
D/InputEventConsistencyVerifier( 6234):   4: sent at 7435349605000, MotionEvent { action=ACTION_HOVER_ENTER, id[0]=0, x[0]=515.1389, y[0]=636.25793, toolType[0]=TOOL_TYPE_MOUSE, buttonState=0, metaState=0, flags=0x0, edgeFlags=0x0, pointerCount=1, historySize=0, eventTime=7435349, downTime=7435349, deviceId=36, source=0x2002 }
D/InputEventConsistencyVerifier( 6234):   5: sent at 7435349605000, MotionEvent { action=ACTION_UP, id[0]=0, x[0]=515.1389, y[0]=636.25793, toolType[0]=TOOL_TYPE_MOUSE, buttonState=0, metaState=0, flags=0x0, edgeFlags=0x0, pointerCount=1, historySize=0, eventTime=7435349, downTime=7435349, deviceId=36, source=0x2002 }
D/BrowserActivity( 6234): ***************** Key Code: 19*******************
D/BrowserActivity( 6234): getCurrentWebView() enter
D/BrowserActivity( 6234): return default
V/zb.wu   ( 6234): moveCursor: x:0   y:-10
I/zb.wu   ( 6234): [Client Process]jni_MouseMove be called.  X:0,Y:-10
I/zb.wu   ( 6234): [Client Process]start call RPC  function......
I/browserService( 6234): [Client Process]Send E_MOVE_CURSOR
I/browserService(  745): [Service Process]Receive E_MOVE_CURSOR
I/browserService(  745): [Service Process]BrowserService::moveCursor(callingPid 6234) (x:0  y:-10)
I/browserService(  745): move x:0,y:-10
I/zb.wu   ( 6234): [Client Process]end of call RPC function. ret=0
D/BrowserActivity( 6234): touch X=515.1389,Y=616.25793
D/MonitorCw880( 5992): currentRemoteHost is null ,continue
D/BrowserActivity( 6234): ***************** Key Code: 19*******************
D/InputEventConsistencyVerifier( 6234): KeyEvent: ACTION_UP but key was not down.
D/InputEventConsistencyVerifier( 6234):   in com.android.internal.policy.impl.PhoneWindow$DecorView@4174c790
D/InputEventConsistencyVerifier( 6234):   0: sent at 7445893000000, KeyEvent { action=ACTION_UP, keyCode=KEYCODE_DPAD_UP, scanCode=103, metaState=0, flags=0x8, repeatCount=0, eventTime=7445893, downTime=7445732, deviceId=3, source=0x101 }
D/InputEventConsistencyVerifier( 6234):   -- recent events --
D/InputEventConsistencyVerifier( 6234):   1: sent at 7445737439000, MotionEvent { action=ACTION_HOVER_MOVE, id[0]=0, x[0]=515.1389, y[0]=616.25793, toolType[0]=TOOL_TYPE_MOUSE, buttonState=0, metaState=0, flags=0x0, edgeFlags=0x0, pointerCount=1, historySize=0, eventTime=7445737, downTime=7435349, deviceId=36, source=0x2002 }
D/InputEventConsistencyVerifier( 6234):   2: sent at 7445573000000, (unhandled) KeyEvent { action=ACTION_UP, keyCode=KEYCODE_DPAD_UP, scanCode=103, metaState=0, flags=0x80000008, repeatCount=0, eventTime=7445573, downTime=7445411, deviceId=3, source=0x101 }
D/InputEventConsistencyVerifier( 6234):   3: sent at 7445432992000, MotionEvent { action=ACTION_HOVER_MOVE, id[0]=0, x[0]=515.1389, y[0]=626.25793, toolType[0]=TOOL_TYPE_MOUSE, buttonState=0, metaState=0, flags=0x0, edgeFlags=0x0, pointerCount=1, historySize=0, eventTime=7445432, downTime=7435349, deviceId=36, source=0x2002 }
D/InputEventConsistencyVerifier( 6234):   4: sent at 7435501000000, (unhandled) KeyEvent { action=ACTION_UP, keyCode=KEYCODE_ENTER, scanCode=28, metaState=0, flags=0x80000008, repeatCount=0, eventTime=7435501, downTime=7435339, deviceId=3, source=0x101 }
D/InputEventConsistencyVerifier( 6234):   5: sent at 7435349605000, MotionEvent { action=ACTION_HOVER_MOVE, id[0]=0, x[0]=515.1389, y[0]=636.25793, toolType[0]=TOOL_TYPE_MOUSE, buttonState=0, metaState=0, flags=0x0, edgeFlags=0x0, pointerCount=1, historySize=0, eventTime=7435349, downTime=7435349, deviceId=36, source=0x2002 }
D/BrowserActivity( 6234): --------------------- on load resource --------------------
D/BrowserActivity( 6234): --------------------- on load resource --------------------
D/BrowserActivity( 6234): --------------------- on load resource --------------------
D/BrowserActivity( 6234): --------------------- on load resource --------------------
D/BrowserActivity( 6234): --------------------- on load resource --------------------
D/BrowserActivity( 6234): --------------------- on load resource --------------------
D/BrowserActivity( 6234): --------------------- on load resource --------------------
D/BrowserActivity( 6234): --------------------- on load resource --------------------
D/BrowserActivity( 6234): --------------------- on load resource --------------------
D/BrowserActivity( 6234): --------------------- on load resource --------------------
D/BrowserActivity( 6234): --------------------- on load resource --------------------
D/BrowserActivity( 6234): --------------------- on load resource --------------------
E/        ( 6234): get vaddr failed:pvaddr_read=0x62e4b000,pvaddr_internal=0x62f4b000,pvaddr_write=0x0
E/        ( 6234): get vaddr failed:pvaddr_read=0x62e4b000,pvaddr_internal=0x62f4b000,pvaddr_write=0x0
E/        ( 6234): get vaddr failed:pvaddr_read=0x62e4b000,pvaddr_internal=0x62f4b000,pvaddr_write=0x0
E/        ( 6234): get vaddr failed:pvaddr_read=0x62e4b000,pvaddr_internal=0x62f4b000,pvaddr_write=0x0
E/        ( 6234): get vaddr failed:pvaddr_read=0x62e4b000,pvaddr_internal=0x62f4b000,pvaddr_write=0x0
E/        ( 6234): get vaddr failed:pvaddr_read=0x62e4b000,pvaddr_internal=0x62f4b000,pvaddr_write=0x0
E/        ( 6234): get vaddr failed:pvaddr_read=0x62e4b000,pvaddr_internal=0x62f4b000,pvaddr_write=0x0
E/        ( 6234): get vaddr failed:pvaddr_read=0x62e4b000,pvaddr_internal=0x62f4b000,pvaddr_write=0x0
E/        ( 6234): get vaddr failed:pvaddr_read=0x62e4b000,pvaddr_internal=0x62f4b000,pvaddr_write=0x0
E/        ( 6234): get vaddr failed:pvaddr_read=0x62e4b000,pvaddr_internal=0x62f4b000,pvaddr_write=0x0
E/        ( 6234): get vaddr failed:pvaddr_read=0x62e4b000,pvaddr_internal=0x62f4b000,pvaddr_write=0x0
E/        ( 6234): get vaddr failed:pvaddr_read=0x62e4b000,pvaddr_internal=0x62f4b000,pvaddr_write=0x0
E/        ( 6234): get vaddr failed:pvaddr_read=0x62e4b000,pvaddr_internal=0x62f4b000,pvaddr_write=0x0
E/        ( 6234): get vaddr failed:pvaddr_read=0x62e4b000,pvaddr_internal=0x62f4b000,pvaddr_write=0x0
E/        ( 6234): get vaddr failed:pvaddr_read=0x62e4b000,pvaddr_internal=0x62f4b000,pvaddr_write=0x0
E/        ( 6234): get vaddr failed:pvaddr_read=0x62e4b000,pvaddr_internal=0x62f4b000,pvaddr_write=0x0
E/        ( 6234): get vaddr failed:pvaddr_read=0x62e4b000,pvaddr_internal=0x62f4b000,pvaddr_write=0x0
E/        ( 6234): get vaddr failed:pvaddr_read=0x62e4b000,pvaddr_internal=0x62f4b000,pvaddr_write=0x0
E/        ( 6234): get vaddr failed:pvaddr_read=0x62e4b000,pvaddr_internal=0x62f4b000,pvaddr_write=0x0
E/        ( 6234): get vaddr failed:pvaddr_read=0x62e4b000,pvaddr_internal=0x62f4b000,pvaddr_write=0x0
E/        ( 6234): get vaddr failed:pvaddr_read=0x62e4b000,pvaddr_internal=0x62f4b000,pvaddr_write=0x0
E/        ( 6234): get vaddr failed:pvaddr_read=0x62e4b000,pvaddr_internal=0x62f4b000,pvaddr_write=0x0
E/        ( 6234): get vaddr failed:pvaddr_read=0x62e4b000,pvaddr_internal=0x62f4b000,pvaddr_write=0x0
E/        ( 6234): get vaddr failed:pvaddr_read=0x62e4b000,pvaddr_internal=0x62f4b000,pvaddr_write=0x0
E/        ( 6234): get vaddr failed:pvaddr_read=0x62e4b000,pvaddr_internal=0x62f4b000,pvaddr_write=0x0
E/        ( 6234): get vaddr failed:pvaddr_read=0x62e4b000,pvaddr_internal=0x62f4b000,pvaddr_write=0x0
E/        ( 6234): get vaddr failed:pvaddr_read=0x62e4b000,pvaddr_internal=0x62f4b000,pvaddr_write=0x0
E/        ( 6234): get vaddr failed:pvaddr_read=0x62e4b000,pvaddr_internal=0x62f4b000,pvaddr_write=0x0
E/        ( 6234): get vaddr failed:pvaddr_read=0x62e4b000,pvaddr_internal=0x62f4b000,pvaddr_write=0x0
E/        ( 6234): get vaddr failed:pvaddr_read=0x62e4b000,pvaddr_internal=0x62f4b000,pvaddr_write=0x0
E/        ( 6234): get vaddr failed:pvaddr_read=0x62e4b000,pvaddr_internal=0x62f4b000,pvaddr_write=0x0
E/        ( 6234): get vaddr failed:pvaddr_read=0x62e4b000,pvaddr_internal=0x62f4b000,pvaddr_write=0x0
E/        ( 6234): get vaddr failed:pvaddr_read=0x62e4b000,pvaddr_internal=0x62f4b000,pvaddr_write=0x0
E/        ( 6234): get vaddr failed:pvaddr_read=0x62e4b000,pvaddr_internal=0x62f4b000,pvaddr_write=0x0
E/        ( 6234): get vaddr failed:pvaddr_read=0x62e4b000,pvaddr_internal=0x62f4b000,pvaddr_write=0x0
E/        ( 6234): get vaddr failed:pvaddr_read=0x62e4b000,pvaddr_internal=0x62f4b000,pvaddr_write=0x0
E/        ( 6234): get vaddr failed:pvaddr_read=0x62e4b000,pvaddr_internal=0x62f4b000,pvaddr_write=0x0
E/        ( 6234): get vaddr failed:pvaddr_read=0x62e4b000,pvaddr_internal=0x62f4b000,pvaddr_write=0x0
E/        ( 6234): get vaddr failed:pvaddr_read=0x62e4b000,pvaddr_internal=0x62f4b000,pvaddr_write=0x0
E/        ( 6234): get vaddr failed:pvaddr_read=0x62e4b000,pvaddr_internal=0x62f4b000,pvaddr_write=0x0
E/        ( 6234): get vaddr failed:pvaddr_read=0x62e4b000,pvaddr_internal=0x62f4b000,pvaddr_write=0x0
E/        ( 6234): get vaddr failed:pvaddr_read=0x62e4b000,pvaddr_internal=0x62f4b000,pvaddr_write=0x0
E/        ( 6234): get vaddr failed:pvaddr_read=0x62e4b000,pvaddr_internal=0x62f4b000,pvaddr_write=0x0
E/        ( 6234): get vaddr failed:pvaddr_read=0x62e4b000,pvaddr_internal=0x62f4b000,pvaddr_write=0x0
E/        ( 6234): get vaddr failed:pvaddr_read=0x62e4b000,pvaddr_internal=0x62f4b000,pvaddr_write=0x0
E/        ( 6234): get vaddr failed:pvaddr_read=0x62e4b000,pvaddr_internal=0x62f4b000,pvaddr_write=0x0
E/        ( 6234): get vaddr failed:pvaddr_read=0x62e4b000,pvaddr_internal=0x62f4b000,pvaddr_write=0x0
E/        ( 6234): get vaddr failed:pvaddr_read=0x62e4b000,pvaddr_internal=0x62f4b000,pvaddr_write=0x0
E/        ( 6234): get vaddr failed:pvaddr_read=0x62e4b000,pvaddr_internal=0x62f4b000,pvaddr_write=0x0
E/        ( 6234): get vaddr failed:pvaddr_read=0x62e4b000,pvaddr_internal=0x62f4b000,pvaddr_write=0x0
E/        ( 6234): get vaddr failed:pvaddr_read=0x62e4b000,pvaddr_internal=0x62f4b000,pvaddr_write=0x0
E/        ( 6234): get vaddr failed:pvaddr_read=0x62e4b000,pvaddr_internal=0x62f4b000,pvaddr_write=0x0
E/        ( 6234): get vaddr failed:pvaddr_read=0x62e4b000,pvaddr_internal=0x62f4b000,pvaddr_write=0x0
E/        ( 6234): get vaddr failed:pvaddr_read=0x62e4b000,pvaddr_internal=0x62f4b000,pvaddr_write=0x0
E/        ( 6234): get vaddr failed:pvaddr_read=0x62e4b000,pvaddr_internal=0x62f4b000,pvaddr_write=0x0
E/        ( 6234): get vaddr failed:pvaddr_read=0x62e4b000,pvaddr_internal=0x62f4b000,pvaddr_write=0x0
E/        ( 6234): get vaddr failed:pvaddr_read=0x62e4b000,pvaddr_internal=0x62f4b000,pvaddr_write=0x0
E/        ( 6234): get vaddr failed:pvaddr_read=0x62e4b000,pvaddr_internal=0x62f4b000,pvaddr_write=0x0
E/        ( 6234): get vaddr failed:pvaddr_read=0x62e4b000,pvaddr_internal=0x62f4b000,pvaddr_write=0x0
E/        ( 6234): get vaddr failed:pvaddr_read=0x62e4b000,pvaddr_internal=0x62f4b000,pvaddr_write=0x0
D/WEBKITPLUGIN( 6234): detect plugin is OBJECT,  parentElement:DIV, mimetype is :application/x-shockwave-flash, url is :http://irs01.net/MTFlashStore.swf#
D/plugin  ( 6234): flash(6247):  AndroidBrowser::Initialize ENTERING
D/plugin  ( 6234): flash(6247):  OSSDKVersion == ICS 15
D/plugin  ( 6234): flash(6247):  AndroidBrowser::Initialize InitNPInterfaces FOR NativeWindowInterfaceV0 AND VideoInterfaceV0  succeed 
D/plugin  ( 6234): flash(6247):  AndroidBrowser::Initialize LEAVING
D/plugin  ( 6234): flash(6247): Leave NPPlayerObject ctor
D/plugin  ( 6234): flash(6247): ^^^^^^^^^^^ NPPlugin::NPPlugin - Entering this:a33030, thread:1f1258
D/plugin  ( 6234): flash(6247): ^^^^^^^^^^^ NPPlugin::NPPlugin - leaving this:a33030, thread:1f1258
D/plugin  ( 6234): flash(6247): ^^^^^^^^^^^ AndroidPlugin::AndroidPlugin - Entering this:a33030, thread:1f1258
D/plugin  ( 6234): flash(6247): AndroidPlugin::Initialize - Entering this:a33030
D/plugin  ( 6234): flash(6247): NPBrowser::GetInstanceGroupIdentifier - group id: 0x00368b38
D/plugin  ( 6234): flash(6247): CoreGlobals::GetInstanceGroup - no group with id: 0x00368b38 found
D/plugin  ( 6234): flash(6247): CoreGlobals::AddInstanceGroup - creating new group: 0x670998d4 for id: 0x00368b38
D/plugin  ( 6234): flash(6247): CoreGlobals::GroupInstance - adding reference to group: 0x670998d4 with id: 0x00368b38
D/plugin  ( 6234): flash(6247): [JP] AndroidPlugin::Initialize kRequestDrawingModel_ANPSetValue kOpenGL_ANPDrawingModel
D/plugin  ( 6234): flash(6247): PlatformEClibboard Constructor
D/BrowserActivity( 6234): ***************** Key Code: 19*******************
D/BrowserActivity( 6234): getCurrentWebView() enter
D/BrowserActivity( 6234): return default
V/zb.wu   ( 6234): moveCursor: x:0   y:-16
I/zb.wu   ( 6234): [Client Process]jni_MouseMove be called.  X:0,Y:-16
I/zb.wu   ( 6234): [Client Process]start call RPC  function......
I/browserService( 6234): [Client Process]Send E_MOVE_CURSOR
I/browserService(  745): [Service Process]Receive E_MOVE_CURSOR
I/browserService(  745): [Service Process]BrowserService::moveCursor(callingPid 6234) (x:0  y:-16)
I/browserService(  745): move x:0,y:-16
I/zb.wu   ( 6234): [Client Process]end of call RPC function. ret=0
D/plugin  ( 6234): flash(6247): GetDeviceInfo returns 2
D/plugin  ( 6234): flash(6247): TSafeThread::Start #2036312
D/plugin  ( 6234): flash(6247): TSafeThread::Start #2036312
D/plugin  ( 6234): flash(6247): [JP] mmfx_new0(AndroidVirtualGlobals(this));
D/plugin  ( 6234): flash(6247): JNI call to Java SystemCapabilities.HasTrackBall returned false
E/        ( 6234): get vaddr failed:pvaddr_read=0x62e4b000,pvaddr_internal=0x62f4b000,pvaddr_write=0x0
D/plugin  ( 6234): flash(6316): ThreadStartProc #16659568
D/plugin  ( 6234): flash(6316): TSafeThread::Run #16659568
D/plugin  ( 6234): flash(6316): TSafeThread::Thread Attached #16659568
D/plugin  ( 6234): flash(6317): ThreadStartProc #16628864
D/plugin  ( 6234): flash(6317): TSafeThread::Run #16628864
D/plugin  ( 6234): flash(6247): AYEL: GetLibEntryInterface()
D/plugin  ( 6234): flash(6317): TSafeThread::Thread Attached #16628864
D/BrowserActivity( 6234): touch X=515.1389,Y=600.25793
D/plugin  ( 6234): flash(6247): **********Sig file validation failed*************
D/plugin  ( 6234): flash(6247): [JP] m_virtual->ReadOemProperty
D/plugin  ( 6234): flash(6247): [JP] m_virtual->ReadOemProperty
D/plugin  ( 6234): flash(6247): [JP] double tap timeout 350
D/plugin  ( 6234): flash(6247): [JP] m_virtual->ReadOemProperty
D/plugin  ( 6234): flash(6247): CPU count is 2
D/plugin  ( 6234): flash(6247): [ Application Directory ] /data/data/com.coship.NetworkNavigation/app_plugins/com.adobe.flashplayer player ptr 0
D/plugin  ( 6234): flash(6247): [ Application Directory ] /data/data/com.coship.NetworkNavigation/app_plugins/com.adobe.flashplayer player ptr 0
D/plugin  ( 6234): flash(6247): ConfigManager::RetrievePersistentData***************** reading file from path /data/data/com.coship.NetworkNavigation/app_plugins/com.adobe.flashplayer/.macromedia/Flash_Player/config.data
D/plugin  ( 6234): flash(6247): Core Player constructor, this = 651c0000
D/plugin  ( 6234): flash(6247): [ Application Directory ] /data/data/com.coship.NetworkNavigation/app_plugins/com.adobe.flashplayer player ptr 0
D/plugin  ( 6234): flash(6247): Constructing platform player.
D/plugin  ( 6234): flash(6247): **********Check if device config is current**************
D/plugin  ( 6234): flash(6247): [ Application Directory ] /data/data/com.coship.NetworkNavigation/app_plugins/com.adobe.flashplayer player ptr 0
D/plugin  ( 6234): flash(6247): ConfigManager::RetrievePersistentData***************** reading file from path /data/data/com.coship.NetworkNavigation/app_plugins/com.adobe.flashplayer/.macromedia/Flash_Player/cfg_req_ts
D/plugin  ( 6234): flash(6247): In AndroidWindow::AndroidWindow
D/plugin  ( 6234): flash(6247): Begin InitGlobalObject for https://settings.adobe.com/flashplayer/
D/plugin  ( 6234): flash(6247): Locale = zh-CN
D/plugin  ( 6234): flash(6247): PlatformPlayer::GetScreenDPI returning 160
D/BrowserActivity( 6234): ***************** Key Code: 19*******************
D/InputEventConsistencyVerifier( 6234): KeyEvent: ACTION_UP but key was not down.
D/InputEventConsistencyVerifier( 6234):   in com.android.internal.policy.impl.PhoneWindow$DecorView@4174c790
D/InputEventConsistencyVerifier( 6234):   0: sent at 7447349000000, KeyEvent { action=ACTION_UP, keyCode=KEYCODE_DPAD_UP, scanCode=103, metaState=0, flags=0x8, repeatCount=0, eventTime=7447349, downTime=7447190, deviceId=3, source=0x101 }
D/InputEventConsistencyVerifier( 6234):   -- recent events --
D/InputEventConsistencyVerifier( 6234):   1: sent at 7447246155000, MotionEvent { action=ACTION_HOVER_MOVE, id[0]=0, x[0]=515.1389, y[0]=600.25793, toolType[0]=TOOL_TYPE_MOUSE, buttonState=0, metaState=0, flags=0x0, edgeFlags=0x0, pointerCount=1, historySize=0, eventTime=7447246, downTime=7435349, deviceId=36, source=0x2002 }
D/InputEventConsistencyVerifier( 6234):   2: sent at 7445893000000, (unhandled) KeyEvent { action=ACTION_UP, keyCode=KEYCODE_DPAD_UP, scanCode=103, metaState=0, flags=0x80000008, repeatCount=0, eventTime=7445893, downTime=7445732, deviceId=3, source=0x101 }
D/InputEventConsistencyVerifier( 6234):   3: sent at 7445737439000, MotionEvent { action=ACTION_HOVER_MOVE, id[0]=0, x[0]=515.1389, y[0]=616.25793, toolType[0]=TOOL_TYPE_MOUSE, buttonState=0, metaState=0, flags=0x0, edgeFlags=0x0, pointerCount=1, historySize=0, eventTime=7445737, downTime=7435349, deviceId=36, source=0x2002 }
D/InputEventConsistencyVerifier( 6234):   4: sent at 7445573000000, (unhandled) KeyEvent { action=ACTION_UP, keyCode=KEYCODE_DPAD_UP, scanCode=103, metaState=0, flags=0x80000008, repeatCount=0, eventTime=7445573, downTime=7445411, deviceId=3, source=0x101 }
D/InputEventConsistencyVerifier( 6234):   5: sent at 7445432992000, MotionEvent { action=ACTION_HOVER_MOVE, id[0]=0, x[0]=515.1389, y[0]=626.25793, toolType[0]=TOOL_TYPE_MOUSE, buttonState=0, metaState=0, flags=0x0, edgeFlags=0x0, pointerCount=1, historySize=0, eventTime=7445432, downTime=7435349, deviceId=36, source=0x2002 }
D/plugin  ( 6234): flash(6247): ++[ PineONE ]++ Entered SystemCapabilitiesQuery function +++
D/plugin  ( 6234): flash(6247): PlatformPlayer::GetScreenDPI returning 160
D/plugin  ( 6234): flash(6247): [ Application Directory ] /data/data/com.coship.NetworkNavigation/app_plugins/com.adobe.flashplayer player ptr 651c0000
