D/InputEventConsistencyVerifier( 6234):   1: sent at 7407857315000, MotionEvent { action=ACTION_HOVER_MOVE, id[0]=0, x[0]=540.1389, y[0]=628.25793, toolType[0]=TOOL_TYPE_MOUSE, buttonState=0, metaState=0, flags=0x0, edgeFlags=0x0, pointerCount=1, historySize=0, eventTime=7407857, downTime=7375951, deviceId=36, source=0x2002 }
D/InputEventConsistencyVerifier( 6234):   2: sent at 7407737000000, (unhandled) KeyEvent { action=ACTION_UP, keyCode=KEYCODE_DPAD_LEFT, scanCode=105, metaState=0, flags=0x80000008, repeatCount=0, eventTime=7407737, downTime=7407577, deviceId=3, source=0x101 }
D/InputEventConsistencyVerifier( 6234):   3: sent at 7407582898000, MotionEvent { action=ACTION_HOVER_MOVE, id[0]=0, x[0]=602.1389, y[0]=628.25793, toolType[0]=TOOL_TYPE_MOUSE, buttonState=0, metaState=0, flags=0x0, edgeFlags=0x0, pointerCount=1, historySize=0, eventTime=7407582, downTime=7375951, deviceId=36, source=0x2002 }
D/InputEventConsistencyVerifier( 6234):   4: sent at 7407513000000, (unhandled) KeyEvent { action=ACTION_UP, keyCode=KEYCODE_DPAD_LEFT, scanCode=105, metaState=0, flags=0x80000008, repeatCount=0, eventTime=7407513, downTime=7407349, deviceId=3, source=0x101 }
D/InputEventConsistencyVerifier( 6234):   5: sent at 7407368227000, MotionEvent { action=ACTION_HOVER_MOVE, id[0]=0, x[0]=630.1389, y[0]=628.25793, toolType[0]=TOOL_TYPE_MOUSE, buttonState=0, metaState=0, flags=0x0, edgeFlags=0x0, pointerCount=1, historySize=0, eventTime=7407368, downTime=7375951, deviceId=36, source=0x2002 }
D/BrowserActivity( 6234): ***************** Key Code: 21*******************
D/BrowserActivity( 6234): getCurrentWebView() enter
D/BrowserActivity( 6234): return default
V/zb.wu   ( 6234): moveCursor: x:-43   y:0
I/zb.wu   ( 6234): [Client Process]jni_MouseMove be called.  X:-43,Y:0
I/zb.wu   ( 6234): [Client Process]start call RPC  function......
I/browserService( 6234): [Client Process]Send E_MOVE_CURSOR
I/browserService(  745): [Service Process]Receive E_MOVE_CURSOR
I/browserService(  745): [Service Process]BrowserService::moveCursor(callingPid 6234) (x:-43  y:0)
I/browserService(  745): move x:-43,y:0
I/zb.wu   ( 6234): [Client Process]end of call RPC function. ret=0
D/BrowserActivity( 6234): touch X=497.13892,Y=628.25793
D/BrowserActivity( 6234): ***************** Key Code: 21*******************
D/InputEventConsistencyVerifier( 6234): KeyEvent: ACTION_UP but key was not down.
D/InputEventConsistencyVerifier( 6234):   in com.android.internal.policy.impl.PhoneWindow$DecorView@4174c790
D/InputEventConsistencyVerifier( 6234):   0: sent at 7408429000000, KeyEvent { action=ACTION_UP, keyCode=KEYCODE_DPAD_LEFT, scanCode=105, metaState=0, flags=0x8, repeatCount=0, eventTime=7408429, downTime=7408269, deviceId=3, source=0x101 }
D/InputEventConsistencyVerifier( 6234):   -- recent events --
D/InputEventConsistencyVerifier( 6234):   1: sent at 7408277228000, MotionEvent { action=ACTION_HOVER_MOVE, id[0]=0, x[0]=497.13892, y[0]=628.25793, toolType[0]=TOOL_TYPE_MOUSE, buttonState=0, metaState=0, flags=0x0, edgeFlags=0x0, pointerCount=1, historySize=0, eventTime=7408277, downTime=7375951, deviceId=36, source=0x2002 }
D/InputEventConsistencyVerifier( 6234):   2: sent at 7407993000000, (unhandled) KeyEvent { action=ACTION_UP, keyCode=KEYCODE_DPAD_LEFT, scanCode=105, metaState=0, flags=0x80000008, repeatCount=0, eventTime=7407993, downTime=7407830, deviceId=3, source=0x101 }
D/InputEventConsistencyVerifier( 6234):   3: sent at 7407857315000, MotionEvent { action=ACTION_HOVER_MOVE, id[0]=0, x[0]=540.1389, y[0]=628.25793, toolType[0]=TOOL_TYPE_MOUSE, buttonState=0, metaState=0, flags=0x0, edgeFlags=0x0, pointerCount=1, historySize=0, eventTime=7407857, downTime=7375951, deviceId=36, source=0x2002 }
D/InputEventConsistencyVerifier( 6234):   4: sent at 7407737000000, (unhandled) KeyEvent { action=ACTION_UP, keyCode=KEYCODE_DPAD_LEFT, scanCode=105, metaState=0, flags=0x80000008, repeatCount=0, eventTime=7407737, downTime=7407577, deviceId=3, source=0x101 }
D/InputEventConsistencyVerifier( 6234):   5: sent at 7407582898000, MotionEvent { action=ACTION_HOVER_MOVE, id[0]=0, x[0]=602.1389, y[0]=628.25793, toolType[0]=TOOL_TYPE_MOUSE, buttonState=0, metaState=0, flags=0x0, edgeFlags=0x0, pointerCount=1, historySize=0, eventTime=7407582, downTime=7375951, deviceId=36, source=0x2002 }
D/HomePlayerLib( 3718): hostaddress count is 2
D/dalvikvm( 3718): GC_CONCURRENT freed 2165K, 46% free 7233K/13187K, paused 2ms+4ms
D/dalvikvm( 3718): GC_CONCURRENT freed 1946K, 45% free 7262K/13187K, paused 2ms+3ms
D/MonitorCw880( 5992): currentRemoteHost is null ,continue
D/MonitorCw880( 5992): currentRemoteHost is null ,continue
D/dhcpcd  ( 4706): sending DHCP_DISCOVER with xid 0xb8d0fe7a, next in 63.37 seconds
D/MonitorCw880( 5992): currentRemoteHost is null ,continue
D/HomePlayerLib( 3718): hostaddress count is 2
D/dalvikvm( 3718): GC_CONCURRENT freed 1960K, 45% free 7286K/13187K, paused 2ms+3ms
D/dalvikvm( 3718): GC_CONCURRENT freed 2003K, 45% free 7368K/13187K, paused 3ms+4ms
E/dhcpcd  ( 4706): timed out
D/dhcpcd  ( 4706): executing `/system/etc/dhcpcd/dhcpcd-run-hooks', reason FAIL
D/dhcpcd  ( 4706): broadcasting for a lease
D/dhcpcd  ( 4706): sending DHCP_DISCOVER with xid 0xdd5cb91d, next in 3.48 seconds
D/BrowserActivity( 6234): ***************** Key Code: 20*******************
D/BrowserActivity( 6234): getCurrentWebView() enter
D/BrowserActivity( 6234): return default
V/zb.wu   ( 6234): moveCursor: x:0   y:10
I/zb.wu   ( 6234): [Client Process]jni_MouseMove be called.  X:0,Y:10
I/zb.wu   ( 6234): [Client Process]start call RPC  function......
I/browserService( 6234): [Client Process]Send E_MOVE_CURSOR
I/browserService(  745): [Service Process]Receive E_MOVE_CURSOR
I/browserService(  745): [Service Process]BrowserService::moveCursor(callingPid 6234) (x:0  y:10)
I/browserService(  745): move x:0,y:10
I/zb.wu   ( 6234): [Client Process]end of call RPC function. ret=0
D/BrowserActivity( 6234): touch X=497.13892,Y=638.25793
D/BrowserActivity( 6234): ***************** Key Code: 20*******************
D/InputEventConsistencyVerifier( 6234): KeyEvent: ACTION_UP but key was not down.
D/InputEventConsistencyVerifier( 6234):   in com.android.internal.policy.impl.PhoneWindow$DecorView@4174c790
D/InputEventConsistencyVerifier( 6234):   0: sent at 7425717000000, KeyEvent { action=ACTION_UP, keyCode=KEYCODE_DPAD_DOWN, scanCode=108, metaState=0, flags=0x8, repeatCount=0, eventTime=7425717, downTime=7425557, deviceId=3, source=0x101 }
D/InputEventConsistencyVerifier( 6234):   -- recent events --
D/InputEventConsistencyVerifier( 6234):   1: sent at 7425563655000, MotionEvent { action=ACTION_HOVER_MOVE, id[0]=0, x[0]=497.13892, y[0]=638.25793, toolType[0]=TOOL_TYPE_MOUSE, buttonState=0, metaState=0, flags=0x0, edgeFlags=0x0, pointerCount=1, historySize=0, eventTime=7425563, downTime=7375951, deviceId=36, source=0x2002 }
D/InputEventConsistencyVerifier( 6234):   2: sent at 7408429000000, (unhandled) KeyEvent { action=ACTION_UP, keyCode=KEYCODE_DPAD_LEFT, scanCode=105, metaState=0, flags=0x80000008, repeatCount=0, eventTime=7408429, downTime=7408269, deviceId=3, source=0x101 }
D/InputEventConsistencyVerifier( 6234):   3: sent at 7408277228000, MotionEvent { action=ACTION_HOVER_MOVE, id[0]=0, x[0]=497.13892, y[0]=628.25793, toolType[0]=TOOL_TYPE_MOUSE, buttonState=0, metaState=0, flags=0x0, edgeFlags=0x0, pointerCount=1, historySize=0, eventTime=7408277, downTime=7375951, deviceId=36, source=0x2002 }
D/InputEventConsistencyVerifier( 6234):   4: sent at 7407993000000, (unhandled) KeyEvent { action=ACTION_UP, keyCode=KEYCODE_DPAD_LEFT, scanCode=105, metaState=0, flags=0x80000008, repeatCount=0, eventTime=7407993, downTime=7407830, deviceId=3, source=0x101 }
D/InputEventConsistencyVerifier( 6234):   5: sent at 7407857315000, MotionEvent { action=ACTION_HOVER_MOVE, id[0]=0, x[0]=540.1389, y[0]=628.25793, toolType[0]=TOOL_TYPE_MOUSE, buttonState=0, metaState=0, flags=0x0, edgeFlags=0x0, pointerCount=1, historySize=0, eventTime=7407857, downTime=7375951, deviceId=36, source=0x2002 }
D/MonitorCw880( 5992): currentRemoteHost is null ,continue
D/BrowserActivity( 6234): ***************** Key Code: 20*******************
D/BrowserActivity( 6234): getCurrentWebView() enter
D/BrowserActivity( 6234): return default
V/zb.wu   ( 6234): moveCursor: x:0   y:10
I/zb.wu   ( 6234): [Client Process]jni_MouseMove be called.  X:0,Y:10
I/zb.wu   ( 6234): [Client Process]start call RPC  function......
I/browserService( 6234): [Client Process]Send E_MOVE_CURSOR
I/browserService(  745): [Service Process]Receive E_MOVE_CURSOR
I/browserService(  745): [Service Process]BrowserService::moveCursor(callingPid 6234) (x:0  y:10)
I/browserService(  745): move x:0,y:10
I/zb.wu   ( 6234): [Client Process]end of call RPC function. ret=0
D/BrowserActivity( 6234): touch X=497.13892,Y=648.25793
D/BrowserActivity( 6234): ***************** Key Code: 20*******************
D/InputEventConsistencyVerifier( 6234): KeyEvent: ACTION_UP but key was not down.
D/InputEventConsistencyVerifier( 6234):   in com.android.internal.policy.impl.PhoneWindow$DecorView@4174c790
D/InputEventConsistencyVerifier( 6234):   0: sent at 7425997000000, KeyEvent { action=ACTION_UP, keyCode=KEYCODE_DPAD_DOWN, scanCode=108, metaState=0, flags=0x8, repeatCount=0, eventTime=7425997, downTime=7425836, deviceId=3, source=0x101 }
D/InputEventConsistencyVerifier( 6234):   -- recent events --
D/InputEventConsistencyVerifier( 6234):   1: sent at 7425861171000, MotionEvent { action=ACTION_HOVER_MOVE, id[0]=0, x[0]=497.13892, y[0]=648.25793, toolType[0]=TOOL_TYPE_MOUSE, buttonState=0, metaState=0, flags=0x0, edgeFlags=0x0, pointerCount=1, historySize=0, eventTime=7425861, downTime=7375951, deviceId=36, source=0x2002 }
D/InputEventConsistencyVerifier( 6234):   2: sent at 7425717000000, (unhandled) KeyEvent { action=ACTION_UP, keyCode=KEYCODE_DPAD_DOWN, scanCode=108, metaState=0, flags=0x80000008, repeatCount=0, eventTime=7425717, downTime=7425557, deviceId=3, source=0x101 }
D/InputEventConsistencyVerifier( 6234):   3: sent at 7425563655000, MotionEvent { action=ACTION_HOVER_MOVE, id[0]=0, x[0]=497.13892, y[0]=638.25793, toolType[0]=TOOL_TYPE_MOUSE, buttonState=0, metaState=0, flags=0x0, edgeFlags=0x0, pointerCount=1, historySize=0, eventTime=7425563, downTime=7375951, deviceId=36, source=0x2002 }
D/InputEventConsistencyVerifier( 6234):   4: sent at 7408429000000, (unhandled) KeyEvent { action=ACTION_UP, keyCode=KEYCODE_DPAD_LEFT, scanCode=105, metaState=0, flags=0x80000008, repeatCount=0, eventTime=7408429, downTime=7408269, deviceId=3, source=0x101 }
D/InputEventConsistencyVerifier( 6234):   5: sent at 7408277228000, MotionEvent { action=ACTION_HOVER_MOVE, id[0]=0, x[0]=497.13892, y[0]=628.25793, toolType[0]=TOOL_TYPE_MOUSE, buttonState=0, metaState=0, flags=0x0, edgeFlags=0x0, pointerCount=1, historySize=0, eventTime=7408277, downTime=7375951, deviceId=36, source=0x2002 }
D/BrowserActivity( 6234): ***************** Key Code: 19*******************
D/BrowserActivity( 6234): getCurrentWebView() enter
D/BrowserActivity( 6234): return default
V/zb.wu   ( 6234): moveCursor: x:0   y:-37
I/zb.wu   ( 6234): [Client Process]jni_MouseMove be called.  X:0,Y:-37
I/zb.wu   ( 6234): [Client Process]start call RPC  function......
I/browserService( 6234): [Client Process]Send E_MOVE_CURSOR
I/browserService(  745): [Service Process]Receive E_MOVE_CURSOR
I/browserService(  745): [Service Process]BrowserService::moveCursor(callingPid 6234) (x:0  y:-37)
I/browserService(  745): move x:0,y:-37
I/zb.wu   ( 6234): [Client Process]end of call RPC function. ret=0
D/BrowserActivity( 6234): touch X=497.13892,Y=611.25793
D/BrowserActivity( 6234): ***************** Key Code: 19*******************
D/InputEventConsistencyVerifier( 6234): KeyEvent: ACTION_UP but key was not down.
D/InputEventConsistencyVerifier( 6234):   in com.android.internal.policy.impl.PhoneWindow$DecorView@4174c790
D/InputEventConsistencyVerifier( 6234):   0: sent at 7426517000000, KeyEvent { action=ACTION_UP, keyCode=KEYCODE_DPAD_UP, scanCode=103, metaState=0, flags=0x8, repeatCount=0, eventTime=7426517, downTime=7426356, deviceId=3, source=0x101 }
D/InputEventConsistencyVerifier( 6234):   -- recent events --
D/InputEventConsistencyVerifier( 6234):   1: sent at 7426375600000, MotionEvent { action=ACTION_HOVER_MOVE, id[0]=0, x[0]=497.13892, y[0]=611.25793, toolType[0]=TOOL_TYPE_MOUSE, buttonState=0, metaState=0, flags=0x0, edgeFlags=0x0, pointerCount=1, historySize=0, eventTime=7426375, downTime=7375951, deviceId=36, source=0x2002 }
D/InputEventConsistencyVerifier( 6234):   2: sent at 7425997000000, (unhandled) KeyEvent { action=ACTION_UP, keyCode=KEYCODE_DPAD_DOWN, scanCode=108, metaState=0, flags=0x80000008, repeatCount=0, eventTime=7425997, downTime=7425836, deviceId=3, source=0x101 }
D/InputEventConsistencyVerifier( 6234):   3: sent at 7425861171000, MotionEvent { action=ACTION_HOVER_MOVE, id[0]=0, x[0]=497.13892, y[0]=648.25793, toolType[0]=TOOL_TYPE_MOUSE, buttonState=0, metaState=0, flags=0x0, edgeFlags=0x0, pointerCount=1, historySize=0, eventTime=7425861, downTime=7375951, deviceId=36, source=0x2002 }
D/InputEventConsistencyVerifier( 6234):   4: sent at 7425717000000, (unhandled) KeyEvent { action=ACTION_UP, keyCode=KEYCODE_DPAD_DOWN, scanCode=108, metaState=0, flags=0x80000008, repeatCount=0, eventTime=7425717, downTime=7425557, deviceId=3, source=0x101 }
D/InputEventConsistencyVerifier( 6234):   5: sent at 7425563655000, MotionEvent { action=ACTION_HOVER_MOVE, id[0]=0, x[0]=497.13892, y[0]=638.25793, toolType[0]=TOOL_TYPE_MOUSE, buttonState=0, metaState=0, flags=0x0, edgeFlags=0x0, pointerCount=1, historySize=0, eventTime=7425563, downTime=7375951, deviceId=36, source=0x2002 }
D/BrowserActivity( 6234): ***************** Key Code: 22*******************
D/BrowserActivity( 6234): getCurrentWebView() enter
D/BrowserActivity( 6234): return default
V/zb.wu   ( 6234): moveCursor: x:27   y:0
I/zb.wu   ( 6234): [Client Process]jni_MouseMove be called.  X:27,Y:0
I/zb.wu   ( 6234): [Client Process]start call RPC  function......
I/browserService( 6234): [Client Process]Send E_MOVE_CURSOR
I/browserService(  745): [Service Process]Receive E_MOVE_CURSOR
I/browserService(  745): [Service Process]BrowserService::moveCursor(callingPid 6234) (x:27  y:0)
I/browserService(  745): move x:27,y:0
I/zb.wu   ( 6234): [Client Process]end of call RPC function. ret=0
D/BrowserActivity( 6234): touch X=524.1389,Y=611.25793
D/BrowserActivity( 6234): ***************** Key Code: 22*******************
D/InputEventConsistencyVerifier( 6234): KeyEvent: ACTION_UP but key was not down.
D/InputEventConsistencyVerifier( 6234):   in com.android.internal.policy.impl.PhoneWindow$DecorView@4174c790
D/InputEventConsistencyVerifier( 6234):   0: sent at 7427105000000, KeyEvent { action=ACTION_UP, keyCode=KEYCODE_DPAD_RIGHT, scanCode=106, metaState=0, flags=0x8, repeatCount=0, eventTime=7427105, downTime=7426945, deviceId=3, source=0x101 }
D/InputEventConsistencyVerifier( 6234):   -- recent events --
D/InputEventConsistencyVerifier( 6234):   1: sent at 7426951903000, MotionEvent { action=ACTION_HOVER_MOVE, id[0]=0, x[0]=524.1389, y[0]=611.25793, toolType[0]=TOOL_TYPE_MOUSE, buttonState=0, metaState=0, flags=0x0, edgeFlags=0x0, pointerCount=1, historySize=0, eventTime=7426951, downTime=7375951, deviceId=36, source=0x2002 }
D/InputEventConsistencyVerifier( 6234):   2: sent at 7426517000000, (unhandled) KeyEvent { action=ACTION_UP, keyCode=KEYCODE_DPAD_UP, scanCode=103, metaState=0, flags=0x80000008, repeatCount=0, eventTime=7426517, downTime=7426356, deviceId=3, source=0x101 }
D/InputEventConsistencyVerifier( 6234):   3: sent at 7426375600000, MotionEvent { action=ACTION_HOVER_MOVE, id[0]=0, x[0]=497.13892, y[0]=611.25793, toolType[0]=TOOL_TYPE_MOUSE, buttonState=0, metaState=0, flags=0x0, edgeFlags=0x0, pointerCount=1, historySize=0, eventTime=7426375, downTime=7375951, deviceId=36, source=0x2002 }
D/InputEventConsistencyVerifier( 6234):   4: sent at 7425997000000, (unhandled) KeyEvent { action=ACTION_UP, keyCode=KEYCODE_DPAD_DOWN, scanCode=108, metaState=0, flags=0x80000008, repeatCount=0, eventTime=7425997, downTime=7425836, deviceId=3, source=0x101 }
D/InputEventConsistencyVerifier( 6234):   5: sent at 7425861171000, MotionEvent { action=ACTION_HOVER_MOVE, id[0]=0, x[0]=497.13892, y[0]=648.25793, toolType[0]=TOOL_TYPE_MOUSE, buttonState=0, metaState=0, flags=0x0, edgeFlags=0x0, pointerCount=1, historySize=0, eventTime=7425861, downTime=7375951, deviceId=36, source=0x2002 }
D/BrowserActivity( 6234): ***************** Key Code: 22*******************
D/BrowserActivity( 6234): getCurrentWebView() enter
D/BrowserActivity( 6234): return default
V/zb.wu   ( 6234): moveCursor: x:31   y:0
I/zb.wu   ( 6234): [Client Process]jni_MouseMove be called.  X:31,Y:0
I/zb.wu   ( 6234): [Client Process]start call RPC  function......
I/browserService( 6234): [Client Process]Send E_MOVE_CURSOR
I/browserService(  745): [Service Process]Receive E_MOVE_CURSOR
I/browserService(  745): [Service Process]BrowserService::moveCursor(callingPid 6234) (x:31  y:0)
I/browserService(  745): move x:31,y:0
I/zb.wu   ( 6234): [Client Process]end of call RPC function. ret=0
D/BrowserActivity( 6234): touch X=555.1389,Y=611.25793
D/BrowserActivity( 6234): ***************** Key Code: 22*******************
D/InputEventConsistencyVerifier( 6234): KeyEvent: ACTION_UP but key was not down.
D/InputEventConsistencyVerifier( 6234):   in com.android.internal.policy.impl.PhoneWindow$DecorView@4174c790
D/InputEventConsistencyVerifier( 6234):   0: sent at 7427457000000, KeyEvent { action=ACTION_UP, keyCode=KEYCODE_DPAD_RIGHT, scanCode=106, metaState=0, flags=0x8, repeatCount=0, eventTime=7427457, downTime=7427297, deviceId=3, source=0x101 }
D/InputEventConsistencyVerifier( 6234):   -- recent events --
D/InputEventConsistencyVerifier( 6234):   1: sent at 7427302617000, MotionEvent { action=ACTION_HOVER_MOVE, id[0]=0, x[0]=555.1389, y[0]=611.25793, toolType[0]=TOOL_TYPE_MOUSE, buttonState=0, metaState=0, flags=0x0, edgeFlags=0x0, pointerCount=1, historySize=0, eventTime=7427302, downTime=7375951, deviceId=36, source=0x2002 }
D/InputEventConsistencyVerifier( 6234):   2: sent at 7427105000000, (unhandled) KeyEvent { action=ACTION_UP, keyCode=KEYCODE_DPAD_RIGHT, scanCode=106, metaState=0, flags=0x80000008, repeatCount=0, eventTime=7427105, downTime=7426945, deviceId=3, source=0x101 }
D/InputEventConsistencyVerifier( 6234):   3: sent at 7426951903000, MotionEvent { action=ACTION_HOVER_MOVE, id[0]=0, x[0]=524.1389, y[0]=611.25793, toolType[0]=TOOL_TYPE_MOUSE, buttonState=0, metaState=0, flags=0x0, edgeFlags=0x0, pointerCount=1, historySize=0, eventTime=7426951, downTime=7375951, deviceId=36, source=0x2002 }
D/InputEventConsistencyVerifier( 6234):   4: sent at 7426517000000, (unhandled) KeyEvent { action=ACTION_UP, keyCode=KEYCODE_DPAD_UP, scanCode=103, metaState=0, flags=0x80000008, repeatCount=0, eventTime=7426517, downTime=7426356, deviceId=3, source=0x101 }
D/InputEventConsistencyVerifier( 6234):   5: sent at 7426375600000, MotionEvent { action=ACTION_HOVER_MOVE, id[0]=0, x[0]=497.13892, y[0]=611.25793, toolType[0]=TOOL_TYPE_MOUSE, buttonState=0, metaState=0, flags=0x0, edgeFlags=0x0, pointerCount=1, historySize=0, eventTime=7426375, downTime=7375951, deviceId=36, source=0x2002 }
D/BrowserActivity( 6234): ***************** Key Code: 21*******************
D/BrowserActivity( 6234): getCurrentWebView() enter
D/BrowserActivity( 6234): return default
V/zb.wu   ( 6234): moveCursor: x:-25   y:0
I/zb.wu   ( 6234): [Client Process]jni_MouseMove be called.  X:-25,Y:0
I/zb.wu   ( 6234): [Client Process]start call RPC  function......
I/browserService( 6234): [Client Process]Send E_MOVE_CURSOR
I/browserService(  745): [Service Process]Receive E_MOVE_CURSOR
I/browserService(  745): [Service Process]BrowserService::moveCursor(callingPid 6234) (x:-25  y:0)
I/browserService(  745): move x:-25,y:0
I/zb.wu   ( 6234): [Client Process]end of call RPC function. ret=0
D/BrowserActivity( 6234): touch X=530.1389,Y=611.25793
D/BrowserActivity( 6234): ***************** Key Code: 21*******************
D/InputEventConsistencyVerifier( 6234): KeyEvent: ACTION_UP but key was not down.
D/InputEventConsistencyVerifier( 6234):   in com.android.internal.policy.impl.PhoneWindow$DecorView@4174c790
D/InputEventConsistencyVerifier( 6234):   0: sent at 7428269000000, KeyEvent { action=ACTION_UP, keyCode=KEYCODE_DPAD_LEFT, scanCode=105, metaState=0, flags=0x8, repeatCount=0, eventTime=7428269, downTime=7428110, deviceId=3, source=0x101 }
D/InputEventConsistencyVerifier( 6234):   -- recent events --
D/InputEventConsistencyVerifier( 6234):   1: sent at 7428115972000, MotionEvent { action=ACTION_HOVER_MOVE, id[0]=0, x[0]=530.1389, y[0]=611.25793, toolType[0]=TOOL_TYPE_MOUSE, buttonState=0, metaState=0, flags=0x0, edgeFlags=0x0, pointerCount=1, historySize=0, eventTime=7428115, downTime=7375951, deviceId=36, source=0x2002 }
D/InputEventConsistencyVerifier( 6234):   2: sent at 7427457000000, (unhandled) KeyEvent { action=ACTION_UP, keyCode=KEYCODE_DPAD_RIGHT, scanCode=106, metaState=0, flags=0x80000008, repeatCount=0, eventTime=7427457, downTime=7427297, deviceId=3, source=0x101 }
D/InputEventConsistencyVerifier( 6234):   3: sent at 7427302617000, MotionEvent { action=ACTION_HOVER_MOVE, id[0]=0, x[0]=555.1389, y[0]=611.25793, toolType[0]=TOOL_TYPE_MOUSE, buttonState=0, metaState=0, flags=0x0, edgeFlags=0x0, pointerCount=1, historySize=0, eventTime=7427302, downTime=7375951, deviceId=36, source=0x2002 }
D/InputEventConsistencyVerifier( 6234):   4: sent at 7427105000000, (unhandled) KeyEvent { action=ACTION_UP, keyCode=KEYCODE_DPAD_RIGHT, scanCode=106, metaState=0, flags=0x80000008, repeatCount=0, eventTime=7427105, downTime=7426945, deviceId=3, source=0x101 }
D/InputEventConsistencyVerifier( 6234):   5: sent at 7426951903000, MotionEvent { action=ACTION_HOVER_MOVE, id[0]=0, x[0]=524.1389, y[0]=611.25793, toolType[0]=TOOL_TYPE_MOUSE, buttonState=0, metaState=0, flags=0x0, edgeFlags=0x0, pointerCount=1, historySize=0, eventTime=7426951, downTime=7375951, deviceId=36, source=0x2002 }
D/dhcpcd  ( 4706): sending DHCP_DISCOVER with xid 0xdd5cb91d, next in 7.19 seconds
D/BrowserActivity( 6234): ***************** Key Code: 22*******************
D/BrowserActivity( 6234): getCurrentWebView() enter
D/BrowserActivity( 6234): return default
V/zb.wu   ( 6234): moveCursor: x:18   y:0
I/zb.wu   ( 6234): [Client Process]jni_MouseMove be called.  X:18,Y:0
I/zb.wu   ( 6234): [Client Process]start call RPC  function......
I/browserService( 6234): [Client Process]Send E_MOVE_CURSOR
I/browserService(  745): [Service Process]Receive E_MOVE_CURSOR
I/browserService(  745): [Service Process]BrowserService::moveCursor(callingPid 6234) (x:18  y:0)
I/browserService(  745): move x:18,y:0
I/zb.wu   ( 6234): [Client Process]end of call RPC function. ret=0
D/BrowserActivity( 6234): touch X=548.1389,Y=611.25793
D/BrowserActivity( 6234): ***************** Key Code: 22*******************
D/InputEventConsistencyVerifier( 6234): KeyEvent: ACTION_UP but key was not down.
D/InputEventConsistencyVerifier( 6234):   in com.android.internal.policy.impl.PhoneWindow$DecorView@4174c790
D/InputEventConsistencyVerifier( 6234):   0: sent at 7429045000000, KeyEvent { action=ACTION_UP, keyCode=KEYCODE_DPAD_RIGHT, scanCode=106, metaState=0, flags=0x8, repeatCount=0, eventTime=7429045, downTime=7428883, deviceId=3, source=0x101 }
D/InputEventConsistencyVerifier( 6234):   -- recent events --
D/InputEventConsistencyVerifier( 6234):   1: sent at 7428889686000, MotionEvent { action=ACTION_HOVER_MOVE, id[0]=0, x[0]=548.1389, y[0]=611.25793, toolType[0]=TOOL_TYPE_MOUSE, buttonState=0, metaState=0, flags=0x0, edgeFlags=0x0, pointerCount=1, historySize=0, eventTime=7428889, downTime=7375951, deviceId=36, source=0x2002 }
D/InputEventConsistencyVerifier( 6234):   2: sent at 7428269000000, (unhandled) KeyEvent { action=ACTION_UP, keyCode=KEYCODE_DPAD_LEFT, scanCode=105, metaState=0, flags=0x80000008, repeatCount=0, eventTime=7428269, downTime=7428110, deviceId=3, source=0x101 }
D/InputEventConsistencyVerifier( 6234):   3: sent at 7428115972000, MotionEvent { action=ACTION_HOVER_MOVE, id[0]=0, x[0]=530.1389, y[0]=611.25793, toolType[0]=TOOL_TYPE_MOUSE, buttonState=0, metaState=0, flags=0x0, edgeFlags=0x0, pointerCount=1, historySize=0, eventTime=7428115, downTime=7375951, deviceId=36, source=0x2002 }
D/InputEventConsistencyVerifier( 6234):   4: sent at 7427457000000, (unhandled) KeyEvent { action=ACTION_UP, keyCode=KEYCODE_DPAD_RIGHT, scanCode=106, metaState=0, flags=0x80000008, repeatCount=0, eventTime=7427457, downTime=7427297, deviceId=3, source=0x101 }
D/InputEventConsistencyVerifier( 6234):   5: sent at 7427302617000, MotionEvent { action=ACTION_HOVER_MOVE, id[0]=0, x[0]=555.1389, y[0]=611.25793, toolType[0]=TOOL_TYPE_MOUSE, buttonState=0, metaState=0, flags=0x0, edgeFlags=0x0, pointerCount=1, historySize=0, eventTime=7427302, downTime=7375951, deviceId=36, source=0x2002 }
D/BrowserActivity( 6234): ***************** Key Code: 22*******************
D/BrowserActivity( 6234): getCurrentWebView() enter
D/BrowserActivity( 6234): return default
V/zb.wu   ( 6234): moveCursor: x:29   y:0
I/zb.wu   ( 6234): [Client Process]jni_MouseMove be called.  X:29,Y:0
I/zb.wu   ( 6234): [Client Process]start call RPC  function......
I/browserService( 6234): [Client Process]Send E_MOVE_CURSOR
I/browserService(  745): [Service Process]Receive E_MOVE_CURSOR
I/browserService(  745): [Service Process]BrowserService::moveCursor(callingPid 6234) (x:29  y:0)
I/browserService(  745): move x:29,y:0
I/zb.wu   ( 6234): [Client Process]end of call RPC function. ret=0
D/BrowserActivity( 6234): touch X=577.1389,Y=611.25793
D/BrowserActivity( 6234): ***************** Key Code: 22*******************
D/InputEventConsistencyVerifier( 6234): KeyEvent: ACTION_UP but key was not down.
D/InputEventConsistencyVerifier( 6234):   in com.android.internal.policy.impl.PhoneWindow$DecorView@4174c790
D/InputEventConsistencyVerifier( 6234):   0: sent at 7429289000000, KeyEvent { action=ACTION_UP, keyCode=KEYCODE_DPAD_RIGHT, scanCode=106, metaState=0, flags=0x8, repeatCount=0, eventTime=7429289, downTime=7429127, deviceId=3, source=0x101 }
D/InputEventConsistencyVerifier( 6234):   -- recent events --
D/InputEventConsistencyVerifier( 6234):   1: sent at 7429132098000, MotionEvent { action=ACTION_HOVER_MOVE, id[0]=0, x[0]=577.1389, y[0]=611.25793, toolType[0]=TOOL_TYPE_MOUSE, buttonState=0, metaState=0, flags=0x0, edgeFlags=0x0, pointerCount=1, historySize=0, eventTime=7429132, downTime=7375951, deviceId=36, source=0x2002 }
D/InputEventConsistencyVerifier( 6234):   2: sent at 7429045000000, (unhandled) KeyEvent { action=ACTION_UP, keyCode=KEYCODE_DPAD_RIGHT, scanCode=106, metaState=0, flags=0x80000008, repeatCount=0, eventTime=7429045, downTime=7428883, deviceId=3, source=0x101 }
D/InputEventConsistencyVerifier( 6234):   3: sent at 7428889686000, MotionEvent { action=ACTION_HOVER_MOVE, id[0]=0, x[0]=548.1389, y[0]=611.25793, toolType[0]=TOOL_TYPE_MOUSE, buttonState=0, metaState=0, flags=0x0, edgeFlags=0x0, pointerCount=1, historySize=0, eventTime=7428889, downTime=7375951, deviceId=36, source=0x2002 }
D/InputEventConsistencyVerifier( 6234):   4: sent at 7428269000000, (unhandled) KeyEvent { action=ACTION_UP, keyCode=KEYCODE_DPAD_LEFT, scanCode=105, metaState=0, flags=0x80000008, repeatCount=0, eventTime=7428269, downTime=7428110, deviceId=3, source=0x101 }
D/InputEventConsistencyVerifier( 6234):   5: sent at 7428115972000, MotionEvent { action=ACTION_HOVER_MOVE, id[0]=0, x[0]=530.1389, y[0]=611.25793, toolType[0]=TOOL_TYPE_MOUSE, buttonState=0, metaState=0, flags=0x0, edgeFlags=0x0, pointerCount=1, historySize=0, eventTime=7428115, downTime=7375951, deviceId=36, source=0x2002 }
D/BrowserActivity( 6234): ***************** Key Code: 20*******************
D/BrowserActivity( 6234): getCurrentWebView() enter
D/BrowserActivity( 6234): return default
V/zb.wu   ( 6234): moveCursor: x:0   y:35
I/zb.wu   ( 6234): [Client Process]jni_MouseMove be called.  X:0,Y:35
I/zb.wu   ( 6234): [Client Process]start call RPC  function......
I/browserService( 6234): [Client Process]Send E_MOVE_CURSOR
I/browserService(  745): [Service Process]Receive E_MOVE_CURSOR
I/browserService(  745): [Service Process]BrowserService::moveCursor(callingPid 6234) (x:0  y:35)
I/browserService(  745): move x:0,y:35
I/zb.wu   ( 6234): [Client Process]end of call RPC function. ret=0
D/BrowserActivity( 6234): touch X=577.1389,Y=646.25793
D/BrowserActivity( 6234): ***************** Key Code: 20*******************
D/InputEventConsistencyVerifier( 6234): KeyEvent: ACTION_UP but key was not down.
D/InputEventConsistencyVerifier( 6234):   in com.android.internal.policy.impl.PhoneWindow$DecorView@4174c790
D/InputEventConsistencyVerifier( 6234):   0: sent at 7429897000000, KeyEvent { action=ACTION_UP, keyCode=KEYCODE_DPAD_DOWN, scanCode=108, metaState=0, flags=0x8, repeatCount=0, eventTime=7429897, downTime=7429737, deviceId=3, source=0x101 }
D/InputEventConsistencyVerifier( 6234):   -- recent events --
D/InputEventConsistencyVerifier( 6234):   1: sent at 7429742573000, MotionEvent { action=ACTION_HOVER_MOVE, id[0]=0, x[0]=577.1389, y[0]=646.25793, toolType[0]=TOOL_TYPE_MOUSE, buttonState=0, metaState=0, flags=0x0, edgeFlags=0x0, pointerCount=1, historySize=0, eventTime=7429742, downTime=7375951, deviceId=36, source=0x2002 }
D/InputEventConsistencyVerifier( 6234):   2: sent at 7429289000000, (unhandled) KeyEvent { action=ACTION_UP, keyCode=KEYCODE_DPAD_RIGHT, scanCode=106, metaState=0, flags=0x80000008, repeatCount=0, eventTime=7429289, downTime=7429127, deviceId=3, source=0x101 }
D/InputEventConsistencyVerifier( 6234):   3: sent at 7429132098000, MotionEvent { action=ACTION_HOVER_MOVE, id[0]=0, x[0]=577.1389, y[0]=611.25793, toolType[0]=TOOL_TYPE_MOUSE, buttonState=0, metaState=0, flags=0x0, edgeFlags=0x0, pointerCount=1, historySize=0, eventTime=7429132, downTime=7375951, deviceId=36, source=0x2002 }
D/InputEventConsistencyVerifier( 6234):   4: sent at 7429045000000, (unhandled) KeyEvent { action=ACTION_UP, keyCode=KEYCODE_DPAD_RIGHT, scanCode=106, metaState=0, flags=0x80000008, repeatCount=0, eventTime=7429045, downTime=7428883, deviceId=3, source=0x101 }
D/InputEventConsistencyVerifier( 6234):   5: sent at 7428889686000, MotionEvent { action=ACTION_HOVER_MOVE, id[0]=0, x[0]=548.1389, y[0]=611.25793, toolType[0]=TOOL_TYPE_MOUSE, buttonState=0, metaState=0, flags=0x0, edgeFlags=0x0, pointerCount=1, historySize=0, eventTime=7428889, downTime=7375951, deviceId=36, source=0x2002 }
D/BrowserActivity( 6234): ***************** Key Code: 21*******************
D/BrowserActivity( 6234): getCurrentWebView() enter
D/BrowserActivity( 6234): return default
V/zb.wu   ( 6234): moveCursor: x:-19   y:0
I/zb.wu   ( 6234): [Client Process]jni_MouseMove be called.  X:-19,Y:0
I/zb.wu   ( 6234): [Client Process]start call RPC  function......
I/browserService( 6234): [Client Process]Send E_MOVE_CURSOR
I/browserService(  745): [Service Process]Receive E_MOVE_CURSOR
I/browserService(  745): [Service Process]BrowserService::moveCursor(callingPid 6234) (x:-19  y:0)
I/browserService(  745): move x:-19,y:0
I/zb.wu   ( 6234): [Client Process]end of call RPC function. ret=0
D/BrowserActivity( 6234): touch X=558.1389,Y=646.25793
D/MonitorCw880( 5992): currentRemoteHost is null ,continue
D/BrowserActivity( 6234): ***************** Key Code: 21*******************
D/InputEventConsistencyVerifier( 6234): KeyEvent: ACTION_UP but key was not down.
D/InputEventConsistencyVerifier( 6234):   in com.android.internal.policy.impl.PhoneWindow$DecorView@4174c790
D/InputEventConsistencyVerifier( 6234):   0: sent at 7430849000000, KeyEvent { action=ACTION_UP, keyCode=KEYCODE_DPAD_LEFT, scanCode=105, metaState=0, flags=0x8, repeatCount=0, eventTime=7430849, downTime=7430684, deviceId=3, source=0x101 }
D/InputEventConsistencyVerifier( 6234):   -- recent events --
D/InputEventConsistencyVerifier( 6234):   1: sent at 7430690280000, MotionEvent { action=ACTION_HOVER_MOVE, id[0]=0, x[0]=558.1389, y[0]=646.25793, toolType[0]=TOOL_TYPE_MOUSE, buttonState=0, metaState=0, flags=0x0, edgeFlags=0x0, pointerCount=1, historySize=0, eventTime=7430690, downTime=7375951, deviceId=36, source=0x2002 }
D/InputEventConsistencyVerifier( 6234):   2: sent at 7429897000000, (unhandled) KeyEvent { action=ACTION_UP, keyCode=KEYCODE_DPAD_DOWN, scanCode=108, metaState=0, flags=0x80000008, repeatCount=0, eventTime=7429897, downTime=7429737, deviceId=3, source=0x101 }
D/InputEventConsistencyVerifier( 6234):   3: sent at 7429742573000, MotionEvent { action=ACTION_HOVER_MOVE, id[0]=0, x[0]=577.1389, y[0]=646.25793, toolType[0]=TOOL_TYPE_MOUSE, buttonState=0, metaState=0, flags=0x0, edgeFlags=0x0, pointerCount=1, historySize=0, eventTime=7429742, downTime=7375951, deviceId=36, source=0x2002 }
D/InputEventConsistencyVerifier( 6234):   4: sent at 7429289000000, (unhandled) KeyEvent { action=ACTION_UP, keyCode=KEYCODE_DPAD_RIGHT, scanCode=106, metaState=0, flags=0x80000008, repeatCount=0, eventTime=7429289, downTime=7429127, deviceId=3, source=0x101 }
D/InputEventConsistencyVerifier( 6234):   5: sent at 7429132098000, MotionEvent { action=ACTION_HOVER_MOVE, id[0]=0, x[0]=577.1389, y[0]=611.25793, toolType[0]=TOOL_TYPE_MOUSE, buttonState=0, metaState=0, flags=0x0, edgeFlags=0x0, pointerCount=1, historySize=0, eventTime=7429132, downTime=7375951, deviceId=36, source=0x2002 }
D/BrowserActivity( 6234): ***************** Key Code: 21*******************
D/BrowserActivity( 6234): getCurrentWebView() enter
D/BrowserActivity( 6234): return default
V/zb.wu   ( 6234): moveCursor: x:-22   y:0
I/zb.wu   ( 6234): [Client Process]jni_MouseMove be called.  X:-22,Y:0
I/zb.wu   ( 6234): [Client Process]start call RPC  function......
I/browserService( 6234): [Client Process]Send E_MOVE_CURSOR
I/browserService(  745): [Service Process]Receive E_MOVE_CURSOR
I/browserService(  745): [Service Process]BrowserService::moveCursor(callingPid 6234) (x:-22  y:0)
I/browserService(  745): move x:-22,y:0
I/zb.wu   ( 6234): [Client Process]end of call RPC function. ret=0
D/BrowserActivity( 6234): touch X=536.1389,Y=646.25793
D/BrowserActivity( 6234): ***************** Key Code: 21*******************
D/InputEventConsistencyVerifier( 6234): KeyEvent: ACTION_UP but key was not down.
D/InputEventConsistencyVerifier( 6234):   in com.android.internal.policy.impl.PhoneWindow$DecorView@4174c790
D/InputEventConsistencyVerifier( 6234):   0: sent at 7431213000000, KeyEvent { action=ACTION_UP, keyCode=KEYCODE_DPAD_LEFT, scanCode=105, metaState=0, flags=0x8, repeatCount=0, eventTime=7431213, downTime=7431051, deviceId=3, source=0x101 }
D/InputEventConsistencyVerifier( 6234):   -- recent events --
D/InputEventConsistencyVerifier( 6234):   1: sent at 7431058215000, MotionEvent { action=ACTION_HOVER_MOVE, id[0]=0, x[0]=536.1389, y[0]=646.25793, toolType[0]=TOOL_TYPE_MOUSE, buttonState=0, metaState=0, flags=0x0, edgeFlags=0x0, pointerCount=1, historySize=0, eventTime=7431058, downTime=7375951, deviceId=36, source=0x2002 }
D/InputEventConsistencyVerifier( 6234):   2: sent at 7430849000000, (unhandled) KeyEvent { action=ACTION_UP, keyCode=KEYCODE_DPAD_LEFT, scanCode=105, metaState=0, flags=0x80000008, repeatCount=0, eventTime=7430849, downTime=7430684, deviceId=3, source=0x101 }
D/InputEventConsistencyVerifier( 6234):   3: sent at 7430690280000, MotionEvent { action=ACTION_HOVER_MOVE, id[0]=0, x[0]=558.1389, y[0]=646.25793, toolType[0]=TOOL_TYPE_MOUSE, buttonState=0, metaState=0, flags=0x0, edgeFlags=0x0, pointerCount=1, historySize=0, eventTime=7430690, downTime=7375951, deviceId=36, source=0x2002 }
D/InputEventConsistencyVerifier( 6234):   4: sent at 7429897000000, (unhandled) KeyEvent { action=ACTION_UP, keyCode=KEYCODE_DPAD_DOWN, scanCode=108, metaState=0, flags=0x80000008, repeatCount=0, eventTime=7429897, downTime=7429737, deviceId=3, source=0x101 }
D/InputEventConsistencyVerifier( 6234):   5: sent at 7429742573000, MotionEvent { action=ACTION_HOVER_MOVE, id[0]=0, x[0]=577.1389, y[0]=646.25793, toolType[0]=TOOL_TYPE_MOUSE, buttonState=0, metaState=0, flags=0x0, edgeFlags=0x0, pointerCount=1, historySize=0, eventTime=7429742, downTime=7375951, deviceId=36, source=0x2002 }
D/HomePlayerLib( 3718): hostaddress count is 2
D/BrowserActivity( 6234): ***************** Key Code: 21*******************
D/BrowserActivity( 6234): getCurrentWebView() enter
D/BrowserActivity( 6234): return default
V/zb.wu   ( 6234): moveCursor: x:-21   y:0
I/zb.wu   ( 6234): [Client Process]jni_MouseMove be called.  X:-21,Y:0
I/zb.wu   ( 6234): [Client Process]start call RPC  function......
I/browserService( 6234): [Client Process]Send E_MOVE_CURSOR
I/browserService(  745): [Service Process]Receive E_MOVE_CURSOR
I/browserService(  745): [Service Process]BrowserService::moveCursor(callingPid 6234) (x:-21  y:0)
I/browserService(  745): move x:-21,y:0
I/zb.wu   ( 6234): [Client Process]end of call RPC function. ret=0
D/BrowserActivity( 6234): touch X=515.1389,Y=646.25793
D/dalvikvm( 3718): GC_CONCURRENT freed 2065K, 44% free 7401K/13187K, paused 5ms+4ms
D/BrowserActivity( 6234): ***************** Key Code: 21*******************
D/InputEventConsistencyVerifier( 6234): KeyEvent: ACTION_UP but key was not down.
D/InputEventConsistencyVerifier( 6234):   in com.android.internal.policy.impl.PhoneWindow$DecorView@4174c790
D/InputEventConsistencyVerifier( 6234):   0: sent at 7432217000000, KeyEvent { action=ACTION_UP, keyCode=KEYCODE_DPAD_LEFT, scanCode=105, metaState=0, flags=0x8, repeatCount=0, eventTime=7432217, downTime=7432054, deviceId=3, source=0x101 }
D/InputEventConsistencyVerifier( 6234):   -- recent events --
D/InputEventConsistencyVerifier( 6234):   1: sent at 7432076761000, MotionEvent { action=ACTION_HOVER_MOVE, id[0]=0, x[0]=515.1389, y[0]=646.25793, toolType[0]=TOOL_TYPE_MOUSE, buttonState=0, metaState=0, flags=0x0, edgeFlags=0x0, pointerCount=1, historySize=0, eventTime=7432076, downTime=7375951, deviceId=36, source=0x2002 }
D/InputEventConsistencyVerifier( 6234):   2: sent at 7431213000000, (unhandled) KeyEvent { action=ACTION_UP, keyCode=KEYCODE_DPAD_LEFT, scanCode=105, metaState=0, flags=0x80000008, repeatCount=0, eventTime=7431213, downTime=7431051, deviceId=3, source=0x101 }
D/InputEventConsistencyVerifier( 6234):   3: sent at 7431058215000, MotionEvent { action=ACTION_HOVER_MOVE, id[0]=0, x[0]=536.1389, y[0]=646.25793, toolType[0]=TOOL_TYPE_MOUSE, buttonState=0, metaState=0, flags=0x0, edgeFlags=0x0, pointerCount=1, historySize=0, eventTime=7431058, downTime=7375951, deviceId=36, source=0x2002 }
D/InputEventConsistencyVerifier( 6234):   4: sent at 7430849000000, (unhandled) KeyEvent { action=ACTION_UP, keyCode=KEYCODE_DPAD_LEFT, scanCode=105, metaState=0, flags=0x80000008, repeatCount=0, eventTime=7430849, downTime=7430684, deviceId=3, source=0x101 }
D/InputEventConsistencyVerifier( 6234):   5: sent at 7430690280000, MotionEvent { action=ACTION_HOVER_MOVE, id[0]=0, x[0]=558.1389, y[0]=646.25793, toolType[0]=TOOL_TYPE_MOUSE, buttonState=0, metaState=0, flags=0x0, edgeFlags=0x0, pointerCount=1, historySize=0, eventTime=7430690, downTime=7375951, deviceId=36, source=0x2002 }
D/dalvikvm( 3718): GC_CONCURRENT freed 2100K, 45% free 7263K/13187K, paused 3ms+4ms
D/BrowserActivity( 6234): ***************** Key Code: 19*******************
D/BrowserActivity( 6234): getCurrentWebView() enter
D/BrowserActivity( 6234): return default
V/zb.wu   ( 6234): moveCursor: x:0   y:-10
I/zb.wu   ( 6234): [Client Process]jni_MouseMove be called.  X:0,Y:-10
I/zb.wu   ( 6234): [Client Process]start call RPC  function......
I/browserService( 6234): [Client Process]Send E_MOVE_CURSOR
I/browserService(  745): [Service Process]Receive E_MOVE_CURSOR
I/browserService(  745): [Service Process]BrowserService::moveCursor(callingPid 6234) (x:0  y:-10)
I/browserService(  745): move x:0,y:-10
I/zb.wu   ( 6234): [Client Process]end of call RPC function. ret=0
D/BrowserActivity( 6234): touch X=515.1389,Y=636.25793
D/BrowserActivity( 6234): ***************** Key Code: 19*******************
D/InputEventConsistencyVerifier( 6234): KeyEvent: ACTION_UP but key was not down.
D/InputEventConsistencyVerifier( 6234):   in com.android.internal.policy.impl.PhoneWindow$DecorView@4174c790
D/InputEventConsistencyVerifier( 6234):   0: sent at 7434513000000, KeyEvent { action=ACTION_UP, keyCode=KEYCODE_DPAD_UP, scanCode=103, metaState=0, flags=0x8, repeatCount=0, eventTime=7434513, downTime=7434351, deviceId=3, source=0x101 }
D/InputEventConsistencyVerifier( 6234):   -- recent events --
D/InputEventConsistencyVerifier( 6234):   1: sent at 7434355996000, MotionEvent { action=ACTION_HOVER_MOVE, id[0]=0, x[0]=515.1389, y[0]=636.25793, toolType[0]=TOOL_TYPE_MOUSE, buttonState=0, metaState=0, flags=0x0, edgeFlags=0x0, pointerCount=1, historySize=0, eventTime=7434355, downTime=7375951, deviceId=36, source=0x2002 }
D/InputEventConsistencyVerifier( 6234):   2: sent at 7432217000000, (unhandled) KeyEvent { action=ACTION_UP, keyCode=KEYCODE_DPAD_LEFT, scanCode=105, metaState=0, flags=0x80000008, repeatCount=0, eventTime=7432217, downTime=7432054, deviceId=3, source=0x101 }
D/InputEventConsistencyVerifier( 6234):   3: sent at 7432076761000, MotionEvent { action=ACTION_HOVER_MOVE, id[0]=0, x[0]=515.1389, y[0]=646.25793, toolType[0]=TOOL_TYPE_MOUSE, buttonState=0, metaState=0, flags=0x0, edgeFlags=0x0, pointerCount=1, historySize=0, eventTime=7432076, downTime=7375951, deviceId=36, source=0x2002 }
D/InputEventConsistencyVerifier( 6234):   4: sent at 7431213000000, (unhandled) KeyEvent { action=ACTION_UP, keyCode=KEYCODE_DPAD_LEFT, scanCode=105, metaState=0, flags=0x80000008, repeatCount=0, eventTime=7431213, downTime=7431051, deviceId=3, source=0x101 }
D/InputEventConsistencyVerifier( 6234):   5: sent at 7431058215000, MotionEvent { action=ACTION_HOVER_MOVE, id[0]=0, x[0]=536.1389, y[0]=646.25793, toolType[0]=TOOL_TYPE_MOUSE, buttonState=0, metaState=0, flags=0x0, edgeFlags=0x0, pointerCount=1, historySize=0, eventTime=7431058, downTime=7375951, deviceId=36, source=0x2002 }
D/BrowserActivity( 6234): ***************** Key Code: 66*******************
D/BrowserActivity( 6234): getCurrentWebView() enter
D/BrowserActivity( 6234): return default
I/zb.wu   ( 6234): [Client Process]jni_MouseLeftClick  be  called.....
I/zb.wu   ( 6234): [Client Process]start call RPC  function......
I/browserService( 6234): [Client Process]Send E_MOUSE_LEFT_CLICK
I/browserService(  745): [Service Process]Receive E_MOUSE_LEFT_CLICK
I/browserService(  745): [Service Process]BrowserService::mouseLeftClick(callingPid 6234)
I/zb.wu   ( 6234): [Client Process]end of call RPC function. ret=0
D/BrowserActivity( 6234): touch X=515.1389,Y=636.25793
D/BrowserActivity( 6234): X:505.13892 Y:516.25793
D/BrowserActivity( 6234): X:505.13892 Y:516.25793
D/BrowserActivity( 6234): touch X=515.1389,Y=636.25793
D/BrowserActivity( 6234): touch X=515.1389,Y=636.25793
D/BrowserActivity( 6234): ***************** Key Code: 66*******************
D/InputEventConsistencyVerifier( 6234): KeyEvent: ACTION_UP but key was not down.
D/InputEventConsistencyVerifier( 6234):   in com.android.internal.policy.impl.PhoneWindow$DecorView@4174c790
D/InputEventConsistencyVerifier( 6234):   0: sent at 7435501000000, KeyEvent { action=ACTION_UP, keyCode=KEYCODE_ENTER, scanCode=28, metaState=0, flags=0x8, repeatCount=0, eventTime=7435501, downTime=7435339, deviceId=3, source=0x101 }
D/InputEventConsistencyVerifier( 6234):   -- recent events --
D/InputEventConsistencyVerifier( 6234):   1: sent at 7435349605000, MotionEvent { action=ACTION_HOVER_MOVE, id[0]=0, x[0]=515.1389, y[0]=636.25793, toolType[0]=TOOL_TYPE_MOUSE, buttonState=0, metaState=0, flags=0x0, edgeFlags=0x0, pointerCount=1, historySize=0, eventTime=7435349, downTime=7435349, deviceId=36, source=0x2002 }
D/InputEventConsistencyVerifier( 6234):   2: sent at 7435349605000, MotionEvent { action=ACTION_HOVER_ENTER, id[0]=0, x[0]=515.1389, y[0]=636.25793, toolType[0]=TOOL_TYPE_MOUSE, buttonState=0, metaState=0, flags=0x0, edgeFlags=0x0, pointerCount=1, historySize=0, eventTime=7435349, downTime=7435349, deviceId=36, source=0x2002 }
D/InputEventConsistencyVerifier( 6234):   3: sent at 7435349605000, MotionEvent { action=ACTION_UP, id[0]=0, x[0]=515.1389, y[0]=636.25793, toolType[0]=TOOL_TYPE_MOUSE, buttonState=0, metaState=0, flags=0x0, edgeFlags=0x0, pointerCount=1, historySize=0, eventTime=7435349, downTime=7435349, deviceId=36, source=0x2002 }
D/InputEventConsistencyVerifier( 6234):   4: sent at 7435349596000, MotionEvent { action=ACTION_DOWN, id[0]=0, x[0]=515.1389, y[0]=636.25793, toolType[0]=TOOL_TYPE_MOUSE, buttonState=BUTTON_PRIMARY, metaState=0, flags=0x0, edgeFlags=0x0, pointerCount=1, historySize=0, eventTime=7435349, downTime=7435349, deviceId=36, source=0x2002 }
D/InputEventConsistencyVerifier( 6234):   5: sent at 7435349596000, MotionEvent { action=ACTION_HOVER_EXIT, id[0]=0, x[0]=515.1389, y[0]=636.25793, toolType[0]=TOOL_TYPE_MOUSE, buttonState=BUTTON_PRIMARY, metaState=0, flags=0x0, edgeFlags=0x0, pointerCount=1, historySize=0, eventTime=7435349, downTime=7435349, deviceId=36, source=0x2002 }
D/dhcpcd  ( 4706): sending DHCP_DISCOVER with xid 0xdd5cb91d, next in 16.83 seconds
D/BrowserActivity( 6234): --------------------- on load resource --------------------
D/BrowserActivity( 6234): getCurrentWebView() enter
D/BrowserActivity( 6234): return default
D/BrowserActivity( 6234): getCurrentWebView() enter
D/BrowserActivity( 6234): return default
D/MonitorCw880( 5992): currentRemoteHost is null ,continue
D/BrowserActivity( 6234): onPageStarted(WebView view, String url, Bitmap favicon) enter
D/BrowserActivity( 6234): onPageStarted(WebView view, String url, Bitmap favicon) leave
D/BrowserActivity( 6234): --------------------- on load resource --------------------
D/dalvikvm( 1137): GC_CONCURRENT freed 789K, 62% free 3008K/7811K, paused 21ms+13ms
D/plugin  ( 6234): flash(6247): AndroidPlugin::SetWindow: this:5baf30, thread 1f1258, x,y,w,h [0 2299 1 1], clip[l,t,r,b]=[0 2299 1 2300]
D/plugin  ( 6234): flash(6247): ^^^^^^^^^^^ AndroidPlugin::DestroyPlugin - Entering  instance:911f00, instance->pdata=5baf30, plugin:5baf30, thread 1f1258
D/plugin  ( 6234): flash(6247): [Power Management] Setting Power State to 0
D/plugin  ( 6234): flash(6247): ^^^^^^^^^^^ AndroidPlugin::DestroyPlugin - Leaving: instance:911f00, instance->pdata=5baf30
D/plugin  ( 6234): flash(6247): ^^^^^^^^^^^ AndroidPlugin::~AndroidPlugin - Entering this:5baf30, thread 1f1258
D/plugin  ( 6234): flash(6247): ^^^^^^^^^^^ AndroidPlugin::~AndroidPlugin - Leaving this:5baf30
D/plugin  ( 6234): flash(6247): ^^^^^^^^^^^ NPPlugin::~NPPlugin - Entering this:5baf30, thread:1f1258
D/plugin  ( 6234): flash(6247): PlatformPlayer::DestroyPlayer Entering this = 65b5c000 , plugin = 0
D/plugin  ( 6234): flash(6290): TSafeThread::Run #7237728 finished
D/plugin  ( 6234): flash(6290): TSafeThread::Thread Detached #7237728
D/plugin  ( 6234): flash(6290): ThreadStartProc #7237728 exiting
D/plugin  ( 6234): flash(6247): TSafeThread::Stop(): thread #2036312 shutdown cleanly
D/plugin  ( 6234): flash(6247): TSafeThread::Stop(): thread #2036312 shutdown cleanly
D/plugin  ( 6234): flash(6247): Core Player destructor, this = 65b5c000
D/plugin  ( 6234): flash(6247): [JP] mmfx_delete(m_virtual)
D/plugin  ( 6234): flash(6247): Destroying core globals.
D/plugin  ( 6234): flash(6287): TSafeThread::Run #9510824 finished
D/plugin  ( 6234): flash(6287): TSafeThread::Thread Detached #9510824
D/plugin  ( 6234): flash(6287): ThreadStartProc #9510824 exiting
D/plugin  ( 6234): flash(6247): TSafeThread::Stop(): thread #2036312 shutdown cleanly
D/plugin  ( 6234): flash(6247): TSafeThread::Stop(): thread #2036312 shutdown cleanly
D/plugin  ( 6234): flash(6288): TSafeThread::Run #7638168 finished
D/plugin  ( 6234): flash(6288): TSafeThread::Thread Detached #7638168
D/plugin  ( 6234): flash(6288): ThreadStartProc #7638168 exiting
D/plugin  ( 6234): flash(6247): TSafeThread::Stop(): thread #2036312 shutdown cleanly
D/plugin  ( 6234): flash(6247): TSafeThread::Stop(): thread #2036312 shutdown cleanly
D/plugin  ( 6234): flash(6247): ^^^^^^^^^^^ NPPlugin::~NPPlugin - leaving this:5baf30, thread:1f1258
D/BrowserActivity( 6234): --------------------- on load resource --------------------
D/BrowserActivity( 6234): --------------------- on load resource --------------------
D/BrowserActivity( 6234): --------------------- on load resource --------------------
D/BrowserActivity( 6234): --------------------- on load resource --------------------
D/BrowserActivity( 6234): --------------------- on load resource --------------------
D/BrowserActivity( 6234): --------------------- on load resource --------------------
D/BrowserActivity( 6234): --------------------- on load resource --------------------
D/BrowserActivity( 6234): --------------------- on load resource --------------------
D/BrowserActivity( 6234): --------------------- on load resource --------------------
D/BrowserActivity( 6234): --------------------- on load resource --------------------
D/BrowserActivity( 6234): --------------------- on load resource --------------------
D/BrowserActivity( 6234): --------------------- on load resource --------------------
D/BrowserActivity( 6234): --------------------- on load resource --------------------
D/BrowserActivity( 6234): --------------------- on load resource --------------------
D/BrowserActivity( 6234): --------------------- on load resource --------------------
D/BrowserActivity( 6234): --------------------- on load resource --------------------
D/BrowserActivity( 6234): --------------------- on load resource --------------------
D/BrowserActivity( 6234): --------------------- on load resource --------------------
D/BrowserActivity( 6234): --------------------- on load resource --------------------
