D/dalvikvm( 3718): GC_CONCURRENT freed 2059K, 45% free 7362K/13187K, paused 3ms+3ms
D/BrowserActivity( 6234): ***************** Key Code: 21*******************
D/BrowserActivity( 6234): getCurrentWebView() enter
D/BrowserActivity( 6234): return default
V/zb.wu   ( 6234): moveCursor: x:-13   y:0
I/zb.wu   ( 6234): [Client Process]jni_MouseMove be called.  X:-13,Y:0
I/zb.wu   ( 6234): [Client Process]start call RPC  function......
I/browserService( 6234): [Client Process]Send E_MOVE_CURSOR
I/browserService(  745): [Service Process]Receive E_MOVE_CURSOR
I/browserService(  745): [Service Process]BrowserService::moveCursor(callingPid 6234) (x:-13  y:0)
I/browserService(  745): move x:-13,y:0
I/zb.wu   ( 6234): [Client Process]end of call RPC function. ret=0
D/BrowserActivity( 6234): touch X=776.1389,Y=391.25793
D/BrowserActivity( 6234): ***************** Key Code: 21*******************
D/InputEventConsistencyVerifier( 6234): KeyEvent: ACTION_UP but key was not down.
D/InputEventConsistencyVerifier( 6234):   in com.android.internal.policy.impl.PhoneWindow$DecorView@4174c790
D/InputEventConsistencyVerifier( 6234):   0: sent at 7355089000000, KeyEvent { action=ACTION_UP, keyCode=KEYCODE_DPAD_LEFT, scanCode=105, metaState=0, flags=0x8, repeatCount=0, eventTime=7355089, downTime=7354926, deviceId=3, source=0x101 }
D/InputEventConsistencyVerifier( 6234):   -- recent events --
D/InputEventConsistencyVerifier( 6234):   1: sent at 7354940096000, MotionEvent { action=ACTION_HOVER_MOVE, id[0]=0, x[0]=776.1389, y[0]=391.25793, toolType[0]=TOOL_TYPE_MOUSE, buttonState=0, metaState=0, flags=0x0, edgeFlags=0x0, pointerCount=1, historySize=0, eventTime=7354940, downTime=7228858, deviceId=36, source=0x2002 }
D/InputEventConsistencyVerifier( 6234):   2: sent at 7353349000000, (unhandled) KeyEvent { action=ACTION_UP, keyCode=KEYCODE_DPAD_DOWN, scanCode=108, metaState=0, flags=0x80000008, repeatCount=0, eventTime=7353349, downTime=7353189, deviceId=3, source=0x101 }
D/InputEventConsistencyVerifier( 6234):   3: sent at 7353225790000, MotionEvent { action=ACTION_HOVER_MOVE, id[0]=0, x[0]=789.1389, y[0]=391.25793, toolType[0]=TOOL_TYPE_MOUSE, buttonState=0, metaState=0, flags=0x0, edgeFlags=0x0, pointerCount=1, historySize=0, eventTime=7353225, downTime=7228858, deviceId=36, source=0x2002 }
D/InputEventConsistencyVerifier( 6234):   4: sent at 7352926816000, MotionEvent { action=ACTION_HOVER_MOVE, id[0]=0, x[0]=789.1389, y[0]=352.25793, toolType[0]=TOOL_TYPE_MOUSE, buttonState=0, metaState=0, flags=0x0, edgeFlags=0x0, pointerCount=1, historySize=0, eventTime=7352926, downTime=7228858, deviceId=36, source=0x2002 }
D/InputEventConsistencyVerifier( 6234):   5: sent at 7352805000000, (unhandled) KeyEvent { action=ACTION_UP, keyCode=KEYCODE_DPAD_UP, scanCode=103, metaState=0, flags=0x80000008, repeatCount=0, eventTime=7352805, downTime=7352642, deviceId=3, source=0x101 }
D/BrowserActivity( 6234): ***************** Key Code: 21*******************
D/BrowserActivity( 6234): getCurrentWebView() enter
D/BrowserActivity( 6234): return default
V/zb.wu   ( 6234): moveCursor: x:-13   y:0
I/zb.wu   ( 6234): [Client Process]jni_MouseMove be called.  X:-13,Y:0
I/zb.wu   ( 6234): [Client Process]start call RPC  function......
I/browserService( 6234): [Client Process]Send E_MOVE_CURSOR
I/browserService(  745): [Service Process]Receive E_MOVE_CURSOR
I/browserService(  745): [Service Process]BrowserService::moveCursor(callingPid 6234) (x:-13  y:0)
I/browserService(  745): move x:-13,y:0
I/zb.wu   ( 6234): [Client Process]end of call RPC function. ret=0
D/BrowserActivity( 6234): touch X=763.1389,Y=391.25793
D/BrowserActivity( 6234): ***************** Key Code: 21*******************
D/InputEventConsistencyVerifier( 6234): KeyEvent: ACTION_UP but key was not down.
D/InputEventConsistencyVerifier( 6234):   in com.android.internal.policy.impl.PhoneWindow$DecorView@4174c790
D/InputEventConsistencyVerifier( 6234):   0: sent at 7355537000000, KeyEvent { action=ACTION_UP, keyCode=KEYCODE_DPAD_LEFT, scanCode=105, metaState=0, flags=0x8, repeatCount=0, eventTime=7355537, downTime=7355377, deviceId=3, source=0x101 }
D/InputEventConsistencyVerifier( 6234):   -- recent events --
D/InputEventConsistencyVerifier( 6234):   1: sent at 7355391164000, MotionEvent { action=ACTION_HOVER_MOVE, id[0]=0, x[0]=763.1389, y[0]=391.25793, toolType[0]=TOOL_TYPE_MOUSE, buttonState=0, metaState=0, flags=0x0, edgeFlags=0x0, pointerCount=1, historySize=0, eventTime=7355391, downTime=7228858, deviceId=36, source=0x2002 }
D/InputEventConsistencyVerifier( 6234):   2: sent at 7355089000000, (unhandled) KeyEvent { action=ACTION_UP, keyCode=KEYCODE_DPAD_LEFT, scanCode=105, metaState=0, flags=0x80000008, repeatCount=0, eventTime=7355089, downTime=7354926, deviceId=3, source=0x101 }
D/InputEventConsistencyVerifier( 6234):   3: sent at 7354940096000, MotionEvent { action=ACTION_HOVER_MOVE, id[0]=0, x[0]=776.1389, y[0]=391.25793, toolType[0]=TOOL_TYPE_MOUSE, buttonState=0, metaState=0, flags=0x0, edgeFlags=0x0, pointerCount=1, historySize=0, eventTime=7354940, downTime=7228858, deviceId=36, source=0x2002 }
D/InputEventConsistencyVerifier( 6234):   4: sent at 7353349000000, (unhandled) KeyEvent { action=ACTION_UP, keyCode=KEYCODE_DPAD_DOWN, scanCode=108, metaState=0, flags=0x80000008, repeatCount=0, eventTime=7353349, downTime=7353189, deviceId=3, source=0x101 }
D/InputEventConsistencyVerifier( 6234):   5: sent at 7353225790000, MotionEvent { action=ACTION_HOVER_MOVE, id[0]=0, x[0]=789.1389, y[0]=391.25793, toolType[0]=TOOL_TYPE_MOUSE, buttonState=0, metaState=0, flags=0x0, edgeFlags=0x0, pointerCount=1, historySize=0, eventTime=7353225, downTime=7228858, deviceId=36, source=0x2002 }
D/MonitorCw880( 5992): currentRemoteHost is null ,continue
D/BrowserActivity( 6234): ***************** Key Code: 21*******************
D/BrowserActivity( 6234): getCurrentWebView() enter
D/BrowserActivity( 6234): return default
V/zb.wu   ( 6234): moveCursor: x:-30   y:0
I/zb.wu   ( 6234): [Client Process]jni_MouseMove be called.  X:-30,Y:0
I/zb.wu   ( 6234): [Client Process]start call RPC  function......
I/browserService( 6234): [Client Process]Send E_MOVE_CURSOR
I/browserService(  745): [Service Process]Receive E_MOVE_CURSOR
I/browserService(  745): [Service Process]BrowserService::moveCursor(callingPid 6234) (x:-30  y:0)
I/browserService(  745): move x:-30,y:0
I/zb.wu   ( 6234): [Client Process]end of call RPC function. ret=0
D/BrowserActivity( 6234): touch X=733.1389,Y=391.25793
D/BrowserActivity( 6234): ***************** Key Code: 21*******************
D/InputEventConsistencyVerifier( 6234): KeyEvent: ACTION_UP but key was not down.
D/InputEventConsistencyVerifier( 6234):   in com.android.internal.policy.impl.PhoneWindow$DecorView@4174c790
D/InputEventConsistencyVerifier( 6234):   0: sent at 7356065000000, KeyEvent { action=ACTION_UP, keyCode=KEYCODE_DPAD_LEFT, scanCode=105, metaState=0, flags=0x8, repeatCount=0, eventTime=7356065, downTime=7355902, deviceId=3, source=0x101 }
D/InputEventConsistencyVerifier( 6234):   -- recent events --
D/InputEventConsistencyVerifier( 6234):   1: sent at 7355916948000, MotionEvent { action=ACTION_HOVER_MOVE, id[0]=0, x[0]=733.1389, y[0]=391.25793, toolType[0]=TOOL_TYPE_MOUSE, buttonState=0, metaState=0, flags=0x0, edgeFlags=0x0, pointerCount=1, historySize=0, eventTime=7355916, downTime=7228858, deviceId=36, source=0x2002 }
D/InputEventConsistencyVerifier( 6234):   2: sent at 7355537000000, (unhandled) KeyEvent { action=ACTION_UP, keyCode=KEYCODE_DPAD_LEFT, scanCode=105, metaState=0, flags=0x80000008, repeatCount=0, eventTime=7355537, downTime=7355377, deviceId=3, source=0x101 }
D/InputEventConsistencyVerifier( 6234):   3: sent at 7355391164000, MotionEvent { action=ACTION_HOVER_MOVE, id[0]=0, x[0]=763.1389, y[0]=391.25793, toolType[0]=TOOL_TYPE_MOUSE, buttonState=0, metaState=0, flags=0x0, edgeFlags=0x0, pointerCount=1, historySize=0, eventTime=7355391, downTime=7228858, deviceId=36, source=0x2002 }
D/InputEventConsistencyVerifier( 6234):   4: sent at 7355089000000, (unhandled) KeyEvent { action=ACTION_UP, keyCode=KEYCODE_DPAD_LEFT, scanCode=105, metaState=0, flags=0x80000008, repeatCount=0, eventTime=7355089, downTime=7354926, deviceId=3, source=0x101 }
D/InputEventConsistencyVerifier( 6234):   5: sent at 7354940096000, MotionEvent { action=ACTION_HOVER_MOVE, id[0]=0, x[0]=776.1389, y[0]=391.25793, toolType[0]=TOOL_TYPE_MOUSE, buttonState=0, metaState=0, flags=0x0, edgeFlags=0x0, pointerCount=1, historySize=0, eventTime=7354940, downTime=7228858, deviceId=36, source=0x2002 }
D/BrowserActivity( 6234): ***************** Key Code: 21*******************
D/BrowserActivity( 6234): getCurrentWebView() enter
D/BrowserActivity( 6234): return default
V/zb.wu   ( 6234): moveCursor: x:-35   y:0
I/zb.wu   ( 6234): [Client Process]jni_MouseMove be called.  X:-35,Y:0
I/zb.wu   ( 6234): [Client Process]start call RPC  function......
I/browserService( 6234): [Client Process]Send E_MOVE_CURSOR
I/browserService(  745): [Service Process]Receive E_MOVE_CURSOR
I/browserService(  745): [Service Process]BrowserService::moveCursor(callingPid 6234) (x:-35  y:0)
I/browserService(  745): move x:-35,y:0
I/zb.wu   ( 6234): [Client Process]end of call RPC function. ret=0
D/BrowserActivity( 6234): touch X=698.1389,Y=391.25793
D/BrowserActivity( 6234): ***************** Key Code: 21*******************
D/InputEventConsistencyVerifier( 6234): KeyEvent: ACTION_UP but key was not down.
D/InputEventConsistencyVerifier( 6234):   in com.android.internal.policy.impl.PhoneWindow$DecorView@4174c790
D/InputEventConsistencyVerifier( 6234):   0: sent at 7356377000000, KeyEvent { action=ACTION_UP, keyCode=KEYCODE_DPAD_LEFT, scanCode=105, metaState=0, flags=0x8, repeatCount=0, eventTime=7356377, downTime=7356217, deviceId=3, source=0x101 }
D/InputEventConsistencyVerifier( 6234):   -- recent events --
D/InputEventConsistencyVerifier( 6234):   1: sent at 7356230296000, MotionEvent { action=ACTION_HOVER_MOVE, id[0]=0, x[0]=698.1389, y[0]=391.25793, toolType[0]=TOOL_TYPE_MOUSE, buttonState=0, metaState=0, flags=0x0, edgeFlags=0x0, pointerCount=1, historySize=0, eventTime=7356230, downTime=7228858, deviceId=36, source=0x2002 }
D/InputEventConsistencyVerifier( 6234):   2: sent at 7356065000000, (unhandled) KeyEvent { action=ACTION_UP, keyCode=KEYCODE_DPAD_LEFT, scanCode=105, metaState=0, flags=0x80000008, repeatCount=0, eventTime=7356065, downTime=7355902, deviceId=3, source=0x101 }
D/InputEventConsistencyVerifier( 6234):   3: sent at 7355916948000, MotionEvent { action=ACTION_HOVER_MOVE, id[0]=0, x[0]=733.1389, y[0]=391.25793, toolType[0]=TOOL_TYPE_MOUSE, buttonState=0, metaState=0, flags=0x0, edgeFlags=0x0, pointerCount=1, historySize=0, eventTime=7355916, downTime=7228858, deviceId=36, source=0x2002 }
D/InputEventConsistencyVerifier( 6234):   4: sent at 7355537000000, (unhandled) KeyEvent { action=ACTION_UP, keyCode=KEYCODE_DPAD_LEFT, scanCode=105, metaState=0, flags=0x80000008, repeatCount=0, eventTime=7355537, downTime=7355377, deviceId=3, source=0x101 }
D/InputEventConsistencyVerifier( 6234):   5: sent at 7355391164000, MotionEvent { action=ACTION_HOVER_MOVE, id[0]=0, x[0]=763.1389, y[0]=391.25793, toolType[0]=TOOL_TYPE_MOUSE, buttonState=0, metaState=0, flags=0x0, edgeFlags=0x0, pointerCount=1, historySize=0, eventTime=7355391, downTime=7228858, deviceId=36, source=0x2002 }
D/dhcpcd  ( 4706): sending DHCP_DISCOVER with xid 0x5423b682, next in 64.65 seconds
D/BrowserActivity( 6234): ***************** Key Code: 21*******************
D/BrowserActivity( 6234): getCurrentWebView() enter
D/BrowserActivity( 6234): return default
V/zb.wu   ( 6234): moveCursor: x:-44   y:0
I/zb.wu   ( 6234): [Client Process]jni_MouseMove be called.  X:-44,Y:0
I/zb.wu   ( 6234): [Client Process]start call RPC  function......
I/browserService( 6234): [Client Process]Send E_MOVE_CURSOR
I/browserService(  745): [Service Process]Receive E_MOVE_CURSOR
I/browserService(  745): [Service Process]BrowserService::moveCursor(callingPid 6234) (x:-44  y:0)
I/browserService(  745): move x:-44,y:0
I/zb.wu   ( 6234): [Client Process]end of call RPC function. ret=0
D/BrowserActivity( 6234): touch X=654.1389,Y=391.25793
D/BrowserActivity( 6234): ***************** Key Code: 21*******************
D/InputEventConsistencyVerifier( 6234): KeyEvent: ACTION_UP but key was not down.
D/InputEventConsistencyVerifier( 6234):   in com.android.internal.policy.impl.PhoneWindow$DecorView@4174c790
D/InputEventConsistencyVerifier( 6234):   0: sent at 7356741000000, KeyEvent { action=ACTION_UP, keyCode=KEYCODE_DPAD_LEFT, scanCode=105, metaState=0, flags=0x8, repeatCount=0, eventTime=7356741, downTime=7356579, deviceId=3, source=0x101 }
D/InputEventConsistencyVerifier( 6234):   -- recent events --
D/InputEventConsistencyVerifier( 6234):   1: sent at 7356592868000, MotionEvent { action=ACTION_HOVER_MOVE, id[0]=0, x[0]=654.1389, y[0]=391.25793, toolType[0]=TOOL_TYPE_MOUSE, buttonState=0, metaState=0, flags=0x0, edgeFlags=0x0, pointerCount=1, historySize=0, eventTime=7356592, downTime=7228858, deviceId=36, source=0x2002 }
D/InputEventConsistencyVerifier( 6234):   2: sent at 7356377000000, (unhandled) KeyEvent { action=ACTION_UP, keyCode=KEYCODE_DPAD_LEFT, scanCode=105, metaState=0, flags=0x80000008, repeatCount=0, eventTime=7356377, downTime=7356217, deviceId=3, source=0x101 }
D/InputEventConsistencyVerifier( 6234):   3: sent at 7356230296000, MotionEvent { action=ACTION_HOVER_MOVE, id[0]=0, x[0]=698.1389, y[0]=391.25793, toolType[0]=TOOL_TYPE_MOUSE, buttonState=0, metaState=0, flags=0x0, edgeFlags=0x0, pointerCount=1, historySize=0, eventTime=7356230, downTime=7228858, deviceId=36, source=0x2002 }
D/InputEventConsistencyVerifier( 6234):   4: sent at 7356065000000, (unhandled) KeyEvent { action=ACTION_UP, keyCode=KEYCODE_DPAD_LEFT, scanCode=105, metaState=0, flags=0x80000008, repeatCount=0, eventTime=7356065, downTime=7355902, deviceId=3, source=0x101 }
D/InputEventConsistencyVerifier( 6234):   5: sent at 7355916948000, MotionEvent { action=ACTION_HOVER_MOVE, id[0]=0, x[0]=733.1389, y[0]=391.25793, toolType[0]=TOOL_TYPE_MOUSE, buttonState=0, metaState=0, flags=0x0, edgeFlags=0x0, pointerCount=1, historySize=0, eventTime=7355916, downTime=7228858, deviceId=36, source=0x2002 }
D/BrowserActivity( 6234): ***************** Key Code: 21*******************
D/BrowserActivity( 6234): getCurrentWebView() enter
D/BrowserActivity( 6234): return default
V/zb.wu   ( 6234): moveCursor: x:-43   y:0
I/zb.wu   ( 6234): [Client Process]jni_MouseMove be called.  X:-43,Y:0
I/zb.wu   ( 6234): [Client Process]start call RPC  function......
I/browserService( 6234): [Client Process]Send E_MOVE_CURSOR
I/browserService(  745): [Service Process]Receive E_MOVE_CURSOR
I/browserService(  745): [Service Process]BrowserService::moveCursor(callingPid 6234) (x:-43  y:0)
I/browserService(  745): move x:-43,y:0
I/zb.wu   ( 6234): [Client Process]end of call RPC function. ret=0
D/BrowserActivity( 6234): touch X=611.1389,Y=391.25793
D/BrowserActivity( 6234): ***************** Key Code: 21*******************
D/InputEventConsistencyVerifier( 6234): KeyEvent: ACTION_UP but key was not down.
D/InputEventConsistencyVerifier( 6234):   in com.android.internal.policy.impl.PhoneWindow$DecorView@4174c790
D/InputEventConsistencyVerifier( 6234):   0: sent at 7357065000000, KeyEvent { action=ACTION_UP, keyCode=KEYCODE_DPAD_LEFT, scanCode=105, metaState=0, flags=0x8, repeatCount=0, eventTime=7357065, downTime=7356905, deviceId=3, source=0x101 }
D/InputEventConsistencyVerifier( 6234):   -- recent events --
D/InputEventConsistencyVerifier( 6234):   1: sent at 7356919295000, MotionEvent { action=ACTION_HOVER_MOVE, id[0]=0, x[0]=611.1389, y[0]=391.25793, toolType[0]=TOOL_TYPE_MOUSE, buttonState=0, metaState=0, flags=0x0, edgeFlags=0x0, pointerCount=1, historySize=0, eventTime=7356919, downTime=7228858, deviceId=36, source=0x2002 }
D/InputEventConsistencyVerifier( 6234):   2: sent at 7356741000000, (unhandled) KeyEvent { action=ACTION_UP, keyCode=KEYCODE_DPAD_LEFT, scanCode=105, metaState=0, flags=0x80000008, repeatCount=0, eventTime=7356741, downTime=7356579, deviceId=3, source=0x101 }
D/InputEventConsistencyVerifier( 6234):   3: sent at 7356592868000, MotionEvent { action=ACTION_HOVER_MOVE, id[0]=0, x[0]=654.1389, y[0]=391.25793, toolType[0]=TOOL_TYPE_MOUSE, buttonState=0, metaState=0, flags=0x0, edgeFlags=0x0, pointerCount=1, historySize=0, eventTime=7356592, downTime=7228858, deviceId=36, source=0x2002 }
D/InputEventConsistencyVerifier( 6234):   4: sent at 7356377000000, (unhandled) KeyEvent { action=ACTION_UP, keyCode=KEYCODE_DPAD_LEFT, scanCode=105, metaState=0, flags=0x80000008, repeatCount=0, eventTime=7356377, downTime=7356217, deviceId=3, source=0x101 }
D/InputEventConsistencyVerifier( 6234):   5: sent at 7356230296000, MotionEvent { action=ACTION_HOVER_MOVE, id[0]=0, x[0]=698.1389, y[0]=391.25793, toolType[0]=TOOL_TYPE_MOUSE, buttonState=0, metaState=0, flags=0x0, edgeFlags=0x0, pointerCount=1, historySize=0, eventTime=7356230, downTime=7228858, deviceId=36, source=0x2002 }
D/BrowserActivity( 6234): ***************** Key Code: 21*******************
D/BrowserActivity( 6234): getCurrentWebView() enter
D/BrowserActivity( 6234): return default
V/zb.wu   ( 6234): moveCursor: x:-47   y:0
I/zb.wu   ( 6234): [Client Process]jni_MouseMove be called.  X:-47,Y:0
I/zb.wu   ( 6234): [Client Process]start call RPC  function......
I/browserService( 6234): [Client Process]Send E_MOVE_CURSOR
I/browserService(  745): [Service Process]Receive E_MOVE_CURSOR
I/browserService(  745): [Service Process]BrowserService::moveCursor(callingPid 6234) (x:-47  y:0)
I/browserService(  745): move x:-47,y:0
I/zb.wu   ( 6234): [Client Process]end of call RPC function. ret=0
D/BrowserActivity( 6234): touch X=564.1389,Y=391.25793
D/BrowserActivity( 6234): ***************** Key Code: 21*******************
D/InputEventConsistencyVerifier( 6234): KeyEvent: ACTION_UP but key was not down.
D/InputEventConsistencyVerifier( 6234):   in com.android.internal.policy.impl.PhoneWindow$DecorView@4174c790
D/InputEventConsistencyVerifier( 6234):   0: sent at 7357369000000, KeyEvent { action=ACTION_UP, keyCode=KEYCODE_DPAD_LEFT, scanCode=105, metaState=0, flags=0x8, repeatCount=0, eventTime=7357369, downTime=7357209, deviceId=3, source=0x101 }
D/InputEventConsistencyVerifier( 6234):   -- recent events --
D/InputEventConsistencyVerifier( 6234):   1: sent at 7357223751000, MotionEvent { action=ACTION_HOVER_MOVE, id[0]=0, x[0]=564.1389, y[0]=391.25793, toolType[0]=TOOL_TYPE_MOUSE, buttonState=0, metaState=0, flags=0x0, edgeFlags=0x0, pointerCount=1, historySize=0, eventTime=7357223, downTime=7228858, deviceId=36, source=0x2002 }
D/InputEventConsistencyVerifier( 6234):   2: sent at 7357065000000, (unhandled) KeyEvent { action=ACTION_UP, keyCode=KEYCODE_DPAD_LEFT, scanCode=105, metaState=0, flags=0x80000008, repeatCount=0, eventTime=7357065, downTime=7356905, deviceId=3, source=0x101 }
D/InputEventConsistencyVerifier( 6234):   3: sent at 7356919295000, MotionEvent { action=ACTION_HOVER_MOVE, id[0]=0, x[0]=611.1389, y[0]=391.25793, toolType[0]=TOOL_TYPE_MOUSE, buttonState=0, metaState=0, flags=0x0, edgeFlags=0x0, pointerCount=1, historySize=0, eventTime=7356919, downTime=7228858, deviceId=36, source=0x2002 }
D/InputEventConsistencyVerifier( 6234):   4: sent at 7356741000000, (unhandled) KeyEvent { action=ACTION_UP, keyCode=KEYCODE_DPAD_LEFT, scanCode=105, metaState=0, flags=0x80000008, repeatCount=0, eventTime=7356741, downTime=7356579, deviceId=3, source=0x101 }
D/InputEventConsistencyVerifier( 6234):   5: sent at 7356592868000, MotionEvent { action=ACTION_HOVER_MOVE, id[0]=0, x[0]=654.1389, y[0]=391.25793, toolType[0]=TOOL_TYPE_MOUSE, buttonState=0, metaState=0, flags=0x0, edgeFlags=0x0, pointerCount=1, historySize=0, eventTime=7356592, downTime=7228858, deviceId=36, source=0x2002 }
E/dhcpcd  ( 4706): timed out
D/dhcpcd  ( 4706): executing `/system/etc/dhcpcd/dhcpcd-run-hooks', reason FAIL
D/dhcpcd  ( 4706): broadcasting for a lease
D/dhcpcd  ( 4706): sending DHCP_DISCOVER with xid 0xb8d0fe7a, next in 3.69 seconds
D/MonitorCw880( 5992): currentRemoteHost is null ,continue
D/dhcpcd  ( 4706): sending DHCP_DISCOVER with xid 0xb8d0fe7a, next in 7.27 seconds
D/HomePlayerLib( 3718): hostaddress count is 2
D/dalvikvm( 3718): GC_CONCURRENT freed 2072K, 45% free 7311K/13187K, paused 2ms+3ms
D/dalvikvm( 3718): GC_CONCURRENT freed 1997K, 46% free 7240K/13187K, paused 3ms+3ms
D/MonitorCw880( 5992): currentRemoteHost is null ,continue
D/BrowserActivity( 6234): ***************** Key Code: 19*******************
D/BrowserActivity( 6234): getCurrentWebView() enter
D/BrowserActivity( 6234): return default
V/zb.wu   ( 6234): moveCursor: x:0   y:-10
I/zb.wu   ( 6234): [Client Process]jni_MouseMove be called.  X:0,Y:-10
I/zb.wu   ( 6234): [Client Process]start call RPC  function......
I/browserService( 6234): [Client Process]Send E_MOVE_CURSOR
I/browserService(  745): [Service Process]Receive E_MOVE_CURSOR
I/browserService(  745): [Service Process]BrowserService::moveCursor(callingPid 6234) (x:0  y:-10)
I/browserService(  745): move x:0,y:-10
I/zb.wu   ( 6234): [Client Process]end of call RPC function. ret=0
D/BrowserActivity( 6234): touch X=564.1389,Y=381.25793
D/BrowserActivity( 6234): ***************** Key Code: 19*******************
D/InputEventConsistencyVerifier( 6234): KeyEvent: ACTION_UP but key was not down.
D/InputEventConsistencyVerifier( 6234):   in com.android.internal.policy.impl.PhoneWindow$DecorView@4174c790
D/InputEventConsistencyVerifier( 6234):   0: sent at 7370213000000, KeyEvent { action=ACTION_UP, keyCode=KEYCODE_DPAD_UP, scanCode=103, metaState=0, flags=0x8, repeatCount=0, eventTime=7370213, downTime=7370053, deviceId=3, source=0x101 }
D/InputEventConsistencyVerifier( 6234):   -- recent events --
D/InputEventConsistencyVerifier( 6234):   1: sent at 7370067687000, MotionEvent { action=ACTION_HOVER_MOVE, id[0]=0, x[0]=564.1389, y[0]=381.25793, toolType[0]=TOOL_TYPE_MOUSE, buttonState=0, metaState=0, flags=0x0, edgeFlags=0x0, pointerCount=1, historySize=0, eventTime=7370067, downTime=7228858, deviceId=36, source=0x2002 }
D/InputEventConsistencyVerifier( 6234):   2: sent at 7357369000000, (unhandled) KeyEvent { action=ACTION_UP, keyCode=KEYCODE_DPAD_LEFT, scanCode=105, metaState=0, flags=0x80000008, repeatCount=0, eventTime=7357369, downTime=7357209, deviceId=3, source=0x101 }
D/InputEventConsistencyVerifier( 6234):   3: sent at 7357223751000, MotionEvent { action=ACTION_HOVER_MOVE, id[0]=0, x[0]=564.1389, y[0]=391.25793, toolType[0]=TOOL_TYPE_MOUSE, buttonState=0, metaState=0, flags=0x0, edgeFlags=0x0, pointerCount=1, historySize=0, eventTime=7357223, downTime=7228858, deviceId=36, source=0x2002 }
D/InputEventConsistencyVerifier( 6234):   4: sent at 7357065000000, (unhandled) KeyEvent { action=ACTION_UP, keyCode=KEYCODE_DPAD_LEFT, scanCode=105, metaState=0, flags=0x80000008, repeatCount=0, eventTime=7357065, downTime=7356905, deviceId=3, source=0x101 }
D/InputEventConsistencyVerifier( 6234):   5: sent at 7356919295000, MotionEvent { action=ACTION_HOVER_MOVE, id[0]=0, x[0]=611.1389, y[0]=391.25793, toolType[0]=TOOL_TYPE_MOUSE, buttonState=0, metaState=0, flags=0x0, edgeFlags=0x0, pointerCount=1, historySize=0, eventTime=7356919, downTime=7228858, deviceId=36, source=0x2002 }
D/BrowserActivity( 6234): ***************** Key Code: 19*******************
D/BrowserActivity( 6234): getCurrentWebView() enter
D/BrowserActivity( 6234): return default
V/zb.wu   ( 6234): moveCursor: x:0   y:-10
I/zb.wu   ( 6234): [Client Process]jni_MouseMove be called.  X:0,Y:-10
I/zb.wu   ( 6234): [Client Process]start call RPC  function......
I/browserService( 6234): [Client Process]Send E_MOVE_CURSOR
I/browserService(  745): [Service Process]Receive E_MOVE_CURSOR
I/browserService(  745): [Service Process]BrowserService::moveCursor(callingPid 6234) (x:0  y:-10)
I/browserService(  745): move x:0,y:-10
I/zb.wu   ( 6234): [Client Process]end of call RPC function. ret=0
D/BrowserActivity( 6234): touch X=564.1389,Y=371.25793
D/BrowserActivity( 6234): ***************** Key Code: 19*******************
D/InputEventConsistencyVerifier( 6234): KeyEvent: ACTION_UP but key was not down.
D/InputEventConsistencyVerifier( 6234):   in com.android.internal.policy.impl.PhoneWindow$DecorView@4174c790
D/InputEventConsistencyVerifier( 6234):   0: sent at 7370553000000, KeyEvent { action=ACTION_UP, keyCode=KEYCODE_DPAD_UP, scanCode=103, metaState=0, flags=0x8, repeatCount=0, eventTime=7370553, downTime=7370392, deviceId=3, source=0x101 }
D/InputEventConsistencyVerifier( 6234):   -- recent events --
D/InputEventConsistencyVerifier( 6234):   1: sent at 7370407231000, MotionEvent { action=ACTION_HOVER_MOVE, id[0]=0, x[0]=564.1389, y[0]=371.25793, toolType[0]=TOOL_TYPE_MOUSE, buttonState=0, metaState=0, flags=0x0, edgeFlags=0x0, pointerCount=1, historySize=0, eventTime=7370407, downTime=7228858, deviceId=36, source=0x2002 }
D/InputEventConsistencyVerifier( 6234):   2: sent at 7370213000000, (unhandled) KeyEvent { action=ACTION_UP, keyCode=KEYCODE_DPAD_UP, scanCode=103, metaState=0, flags=0x80000008, repeatCount=0, eventTime=7370213, downTime=7370053, deviceId=3, source=0x101 }
D/InputEventConsistencyVerifier( 6234):   3: sent at 7370067687000, MotionEvent { action=ACTION_HOVER_MOVE, id[0]=0, x[0]=564.1389, y[0]=381.25793, toolType[0]=TOOL_TYPE_MOUSE, buttonState=0, metaState=0, flags=0x0, edgeFlags=0x0, pointerCount=1, historySize=0, eventTime=7370067, downTime=7228858, deviceId=36, source=0x2002 }
D/InputEventConsistencyVerifier( 6234):   4: sent at 7357369000000, (unhandled) KeyEvent { action=ACTION_UP, keyCode=KEYCODE_DPAD_LEFT, scanCode=105, metaState=0, flags=0x80000008, repeatCount=0, eventTime=7357369, downTime=7357209, deviceId=3, source=0x101 }
D/InputEventConsistencyVerifier( 6234):   5: sent at 7357223751000, MotionEvent { action=ACTION_HOVER_MOVE, id[0]=0, x[0]=564.1389, y[0]=391.25793, toolType[0]=TOOL_TYPE_MOUSE, buttonState=0, metaState=0, flags=0x0, edgeFlags=0x0, pointerCount=1, historySize=0, eventTime=7357223, downTime=7228858, deviceId=36, source=0x2002 }
D/MonitorCw880( 5992): currentRemoteHost is null ,continue
D/dhcpcd  ( 4706): sending DHCP_DISCOVER with xid 0xb8d0fe7a, next in 15.15 seconds
D/BrowserActivity( 6234): ***************** Key Code: 19*******************
D/BrowserActivity( 6234): getCurrentWebView() enter
D/BrowserActivity( 6234): return default
V/zb.wu   ( 6234): moveCursor: x:0   y:-30
I/zb.wu   ( 6234): [Client Process]jni_MouseMove be called.  X:0,Y:-30
I/zb.wu   ( 6234): [Client Process]start call RPC  function......
I/browserService( 6234): [Client Process]Send E_MOVE_CURSOR
I/browserService(  745): [Service Process]Receive E_MOVE_CURSOR
I/browserService(  745): [Service Process]BrowserService::moveCursor(callingPid 6234) (x:0  y:-30)
I/browserService(  745): move x:0,y:-30
I/zb.wu   ( 6234): [Client Process]end of call RPC function. ret=0
D/BrowserActivity( 6234): touch X=564.1389,Y=341.25793
D/BrowserActivity( 6234): ***************** Key Code: 19*******************
D/InputEventConsistencyVerifier( 6234): KeyEvent: ACTION_UP but key was not down.
D/InputEventConsistencyVerifier( 6234):   in com.android.internal.policy.impl.PhoneWindow$DecorView@4174c790
D/InputEventConsistencyVerifier( 6234):   0: sent at 7371369000000, KeyEvent { action=ACTION_UP, keyCode=KEYCODE_DPAD_UP, scanCode=103, metaState=0, flags=0x8, repeatCount=0, eventTime=7371369, downTime=7371049, deviceId=3, source=0x101 }
D/InputEventConsistencyVerifier( 6234):   -- recent events --
D/InputEventConsistencyVerifier( 6234):   1: sent at 7371063366000, MotionEvent { action=ACTION_HOVER_MOVE, id[0]=0, x[0]=564.1389, y[0]=341.25793, toolType[0]=TOOL_TYPE_MOUSE, buttonState=0, metaState=0, flags=0x0, edgeFlags=0x0, pointerCount=1, historySize=0, eventTime=7371063, downTime=7228858, deviceId=36, source=0x2002 }
D/InputEventConsistencyVerifier( 6234):   2: sent at 7370553000000, (unhandled) KeyEvent { action=ACTION_UP, keyCode=KEYCODE_DPAD_UP, scanCode=103, metaState=0, flags=0x80000008, repeatCount=0, eventTime=7370553, downTime=7370392, deviceId=3, source=0x101 }
D/InputEventConsistencyVerifier( 6234):   3: sent at 7370407231000, MotionEvent { action=ACTION_HOVER_MOVE, id[0]=0, x[0]=564.1389, y[0]=371.25793, toolType[0]=TOOL_TYPE_MOUSE, buttonState=0, metaState=0, flags=0x0, edgeFlags=0x0, pointerCount=1, historySize=0, eventTime=7370407, downTime=7228858, deviceId=36, source=0x2002 }
D/InputEventConsistencyVerifier( 6234):   4: sent at 7370213000000, (unhandled) KeyEvent { action=ACTION_UP, keyCode=KEYCODE_DPAD_UP, scanCode=103, metaState=0, flags=0x80000008, repeatCount=0, eventTime=7370213, downTime=7370053, deviceId=3, source=0x101 }
D/InputEventConsistencyVerifier( 6234):   5: sent at 7370067687000, MotionEvent { action=ACTION_HOVER_MOVE, id[0]=0, x[0]=564.1389, y[0]=381.25793, toolType[0]=TOOL_TYPE_MOUSE, buttonState=0, metaState=0, flags=0x0, edgeFlags=0x0, pointerCount=1, historySize=0, eventTime=7370067, downTime=7228858, deviceId=36, source=0x2002 }
D/dalvikvm(  973): GC_EXPLICIT freed 1309K, 66% free 4036K/11587K, paused 2ms+4ms
I/EventLogService( 1267): Aggregate from 1363920783474 (log), 1363920783474 (data)
D/BrowserActivity( 6234): ***************** Key Code: 19*******************
D/BrowserActivity( 6234): getCurrentWebView() enter
D/BrowserActivity( 6234): return default
V/zb.wu   ( 6234): moveCursor: x:0   y:-10
I/zb.wu   ( 6234): [Client Process]jni_MouseMove be called.  X:0,Y:-10
I/zb.wu   ( 6234): [Client Process]start call RPC  function......
I/browserService( 6234): [Client Process]Send E_MOVE_CURSOR
I/browserService(  745): [Service Process]Receive E_MOVE_CURSOR
I/browserService(  745): [Service Process]BrowserService::moveCursor(callingPid 6234) (x:0  y:-10)
I/browserService(  745): move x:0,y:-10
I/zb.wu   ( 6234): [Client Process]end of call RPC function. ret=0
D/BrowserActivity( 6234): touch X=564.1389,Y=331.25793
D/BrowserActivity( 6234): ***************** Key Code: 19*******************
D/InputEventConsistencyVerifier( 6234): KeyEvent: ACTION_UP but key was not down.
D/InputEventConsistencyVerifier( 6234):   in com.android.internal.policy.impl.PhoneWindow$DecorView@4174c790
D/InputEventConsistencyVerifier( 6234):   0: sent at 7374053000000, KeyEvent { action=ACTION_UP, keyCode=KEYCODE_DPAD_UP, scanCode=103, metaState=0, flags=0x8, repeatCount=0, eventTime=7374053, downTime=7373892, deviceId=3, source=0x101 }
D/InputEventConsistencyVerifier( 6234):   -- recent events --
D/InputEventConsistencyVerifier( 6234):   1: sent at 7373906394000, MotionEvent { action=ACTION_HOVER_MOVE, id[0]=0, x[0]=564.1389, y[0]=331.25793, toolType[0]=TOOL_TYPE_MOUSE, buttonState=0, metaState=0, flags=0x0, edgeFlags=0x0, pointerCount=1, historySize=0, eventTime=7373906, downTime=7228858, deviceId=36, source=0x2002 }
D/InputEventConsistencyVerifier( 6234):   2: sent at 7371369000000, (unhandled) KeyEvent { action=ACTION_UP, keyCode=KEYCODE_DPAD_UP, scanCode=103, metaState=0, flags=0x80000008, repeatCount=0, eventTime=7371369, downTime=7371049, deviceId=3, source=0x101 }
D/InputEventConsistencyVerifier( 6234):   3: sent at 7371063366000, MotionEvent { action=ACTION_HOVER_MOVE, id[0]=0, x[0]=564.1389, y[0]=341.25793, toolType[0]=TOOL_TYPE_MOUSE, buttonState=0, metaState=0, flags=0x0, edgeFlags=0x0, pointerCount=1, historySize=0, eventTime=7371063, downTime=7228858, deviceId=36, source=0x2002 }
D/InputEventConsistencyVerifier( 6234):   4: sent at 7370553000000, (unhandled) KeyEvent { action=ACTION_UP, keyCode=KEYCODE_DPAD_UP, scanCode=103, metaState=0, flags=0x80000008, repeatCount=0, eventTime=7370553, downTime=7370392, deviceId=3, source=0x101 }
D/InputEventConsistencyVerifier( 6234):   5: sent at 7370407231000, MotionEvent { action=ACTION_HOVER_MOVE, id[0]=0, x[0]=564.1389, y[0]=371.25793, toolType[0]=TOOL_TYPE_MOUSE, buttonState=0, metaState=0, flags=0x0, edgeFlags=0x0, pointerCount=1, historySize=0, eventTime=7370407, downTime=7228858, deviceId=36, source=0x2002 }
D/BrowserActivity( 6234): ***************** Key Code: 19*******************
D/BrowserActivity( 6234): getCurrentWebView() enter
D/BrowserActivity( 6234): return default
V/zb.wu   ( 6234): moveCursor: x:0   y:-10
I/zb.wu   ( 6234): [Client Process]jni_MouseMove be called.  X:0,Y:-10
I/zb.wu   ( 6234): [Client Process]start call RPC  function......
I/browserService( 6234): [Client Process]Send E_MOVE_CURSOR
I/browserService(  745): [Service Process]Receive E_MOVE_CURSOR
I/browserService(  745): [Service Process]BrowserService::moveCursor(callingPid 6234) (x:0  y:-10)
I/browserService(  745): move x:0,y:-10
I/zb.wu   ( 6234): [Client Process]end of call RPC function. ret=0
D/BrowserActivity( 6234): touch X=564.1389,Y=321.25793
D/BrowserActivity( 6234): ***************** Key Code: 19*******************
D/InputEventConsistencyVerifier( 6234): KeyEvent: ACTION_UP but key was not down.
D/InputEventConsistencyVerifier( 6234):   in com.android.internal.policy.impl.PhoneWindow$DecorView@4174c790
D/InputEventConsistencyVerifier( 6234):   0: sent at 7374317000000, KeyEvent { action=ACTION_UP, keyCode=KEYCODE_DPAD_UP, scanCode=103, metaState=0, flags=0x8, repeatCount=0, eventTime=7374317, downTime=7374157, deviceId=3, source=0x101 }
D/InputEventConsistencyVerifier( 6234):   -- recent events --
D/InputEventConsistencyVerifier( 6234):   1: sent at 7374171528000, MotionEvent { action=ACTION_HOVER_MOVE, id[0]=0, x[0]=564.1389, y[0]=321.25793, toolType[0]=TOOL_TYPE_MOUSE, buttonState=0, metaState=0, flags=0x0, edgeFlags=0x0, pointerCount=1, historySize=0, eventTime=7374171, downTime=7228858, deviceId=36, source=0x2002 }
D/InputEventConsistencyVerifier( 6234):   2: sent at 7374053000000, (unhandled) KeyEvent { action=ACTION_UP, keyCode=KEYCODE_DPAD_UP, scanCode=103, metaState=0, flags=0x80000008, repeatCount=0, eventTime=7374053, downTime=7373892, deviceId=3, source=0x101 }
D/InputEventConsistencyVerifier( 6234):   3: sent at 7373906394000, MotionEvent { action=ACTION_HOVER_MOVE, id[0]=0, x[0]=564.1389, y[0]=331.25793, toolType[0]=TOOL_TYPE_MOUSE, buttonState=0, metaState=0, flags=0x0, edgeFlags=0x0, pointerCount=1, historySize=0, eventTime=7373906, downTime=7228858, deviceId=36, source=0x2002 }
D/InputEventConsistencyVerifier( 6234):   4: sent at 7371369000000, (unhandled) KeyEvent { action=ACTION_UP, keyCode=KEYCODE_DPAD_UP, scanCode=103, metaState=0, flags=0x80000008, repeatCount=0, eventTime=7371369, downTime=7371049, deviceId=3, source=0x101 }
D/InputEventConsistencyVerifier( 6234):   5: sent at 7371063366000, MotionEvent { action=ACTION_HOVER_MOVE, id[0]=0, x[0]=564.1389, y[0]=341.25793, toolType[0]=TOOL_TYPE_MOUSE, buttonState=0, metaState=0, flags=0x0, edgeFlags=0x0, pointerCount=1, historySize=0, eventTime=7371063, downTime=7228858, deviceId=36, source=0x2002 }
D/BrowserActivity( 6234): ***************** Key Code: 19*******************
D/BrowserActivity( 6234): getCurrentWebView() enter
D/BrowserActivity( 6234): return default
V/zb.wu   ( 6234): moveCursor: x:0   y:-55
I/zb.wu   ( 6234): [Client Process]jni_MouseMove be called.  X:0,Y:-55
I/zb.wu   ( 6234): [Client Process]start call RPC  function......
I/browserService( 6234): [Client Process]Send E_MOVE_CURSOR
I/browserService(  745): [Service Process]Receive E_MOVE_CURSOR
I/browserService(  745): [Service Process]BrowserService::moveCursor(callingPid 6234) (x:0  y:-55)
I/browserService(  745): move x:0,y:-55
I/zb.wu   ( 6234): [Client Process]end of call RPC function. ret=0
D/BrowserActivity( 6234): touch X=564.1389,Y=266.25793
D/BrowserActivity( 6234): ***************** Key Code: 19*******************
D/InputEventConsistencyVerifier( 6234): KeyEvent: ACTION_UP but key was not down.
D/InputEventConsistencyVerifier( 6234):   in com.android.internal.policy.impl.PhoneWindow$DecorView@4174c790
D/InputEventConsistencyVerifier( 6234):   0: sent at 7374593000000, KeyEvent { action=ACTION_UP, keyCode=KEYCODE_DPAD_UP, scanCode=103, metaState=0, flags=0x8, repeatCount=0, eventTime=7374593, downTime=7374433, deviceId=3, source=0x101 }
D/InputEventConsistencyVerifier( 6234):   -- recent events --
D/InputEventConsistencyVerifier( 6234):   1: sent at 7374447435000, MotionEvent { action=ACTION_HOVER_MOVE, id[0]=0, x[0]=564.1389, y[0]=266.25793, toolType[0]=TOOL_TYPE_MOUSE, buttonState=0, metaState=0, flags=0x0, edgeFlags=0x0, pointerCount=1, historySize=0, eventTime=7374447, downTime=7228858, deviceId=36, source=0x2002 }
D/InputEventConsistencyVerifier( 6234):   2: sent at 7374317000000, (unhandled) KeyEvent { action=ACTION_UP, keyCode=KEYCODE_DPAD_UP, scanCode=103, metaState=0, flags=0x80000008, repeatCount=0, eventTime=7374317, downTime=7374157, deviceId=3, source=0x101 }
D/InputEventConsistencyVerifier( 6234):   3: sent at 7374171528000, MotionEvent { action=ACTION_HOVER_MOVE, id[0]=0, x[0]=564.1389, y[0]=321.25793, toolType[0]=TOOL_TYPE_MOUSE, buttonState=0, metaState=0, flags=0x0, edgeFlags=0x0, pointerCount=1, historySize=0, eventTime=7374171, downTime=7228858, deviceId=36, source=0x2002 }
D/InputEventConsistencyVerifier( 6234):   4: sent at 7374053000000, (unhandled) KeyEvent { action=ACTION_UP, keyCode=KEYCODE_DPAD_UP, scanCode=103, metaState=0, flags=0x80000008, repeatCount=0, eventTime=7374053, downTime=7373892, deviceId=3, source=0x101 }
D/InputEventConsistencyVerifier( 6234):   5: sent at 7373906394000, MotionEvent { action=ACTION_HOVER_MOVE, id[0]=0, x[0]=564.1389, y[0]=331.25793, toolType[0]=TOOL_TYPE_MOUSE, buttonState=0, metaState=0, flags=0x0, edgeFlags=0x0, pointerCount=1, historySize=0, eventTime=7373906, downTime=7228858, deviceId=36, source=0x2002 }
D/BrowserActivity( 6234): ***************** Key Code: 19*******************
D/BrowserActivity( 6234): getCurrentWebView() enter
D/BrowserActivity( 6234): return default
V/zb.wu   ( 6234): moveCursor: x:0   y:-51
I/zb.wu   ( 6234): [Client Process]jni_MouseMove be called.  X:0,Y:-51
I/zb.wu   ( 6234): [Client Process]start call RPC  function......
I/browserService( 6234): [Client Process]Send E_MOVE_CURSOR
I/browserService(  745): [Service Process]Receive E_MOVE_CURSOR
I/browserService(  745): [Service Process]BrowserService::moveCursor(callingPid 6234) (x:0  y:-51)
I/browserService(  745): move x:0,y:-51
I/zb.wu   ( 6234): [Client Process]end of call RPC function. ret=0
D/BrowserActivity( 6234): touch X=564.1389,Y=215.25793
D/BrowserActivity( 6234): ***************** Key Code: 19*******************
D/InputEventConsistencyVerifier( 6234): KeyEvent: ACTION_UP but key was not down.
D/InputEventConsistencyVerifier( 6234):   in com.android.internal.policy.impl.PhoneWindow$DecorView@4174c790
D/InputEventConsistencyVerifier( 6234):   0: sent at 7374897000000, KeyEvent { action=ACTION_UP, keyCode=KEYCODE_DPAD_UP, scanCode=103, metaState=0, flags=0x8, repeatCount=0, eventTime=7374897, downTime=7374735, deviceId=3, source=0x101 }
D/InputEventConsistencyVerifier( 6234):   -- recent events --
D/InputEventConsistencyVerifier( 6234):   1: sent at 7374749457000, MotionEvent { action=ACTION_HOVER_MOVE, id[0]=0, x[0]=564.1389, y[0]=215.25793, toolType[0]=TOOL_TYPE_MOUSE, buttonState=0, metaState=0, flags=0x0, edgeFlags=0x0, pointerCount=1, historySize=0, eventTime=7374749, downTime=7228858, deviceId=36, source=0x2002 }
D/InputEventConsistencyVerifier( 6234):   2: sent at 7374593000000, (unhandled) KeyEvent { action=ACTION_UP, keyCode=KEYCODE_DPAD_UP, scanCode=103, metaState=0, flags=0x80000008, repeatCount=0, eventTime=7374593, downTime=7374433, deviceId=3, source=0x101 }
D/InputEventConsistencyVerifier( 6234):   3: sent at 7374447435000, MotionEvent { action=ACTION_HOVER_MOVE, id[0]=0, x[0]=564.1389, y[0]=266.25793, toolType[0]=TOOL_TYPE_MOUSE, buttonState=0, metaState=0, flags=0x0, edgeFlags=0x0, pointerCount=1, historySize=0, eventTime=7374447, downTime=7228858, deviceId=36, source=0x2002 }
D/InputEventConsistencyVerifier( 6234):   4: sent at 7374317000000, (unhandled) KeyEvent { action=ACTION_UP, keyCode=KEYCODE_DPAD_UP, scanCode=103, metaState=0, flags=0x80000008, repeatCount=0, eventTime=7374317, downTime=7374157, deviceId=3, source=0x101 }
D/InputEventConsistencyVerifier( 6234):   5: sent at 7374171528000, MotionEvent { action=ACTION_HOVER_MOVE, id[0]=0, x[0]=564.1389, y[0]=321.25793, toolType[0]=TOOL_TYPE_MOUSE, buttonState=0, metaState=0, flags=0x0, edgeFlags=0x0, pointerCount=1, historySize=0, eventTime=7374171, downTime=7228858, deviceId=36, source=0x2002 }
D/BrowserActivity( 6234): ***************** Key Code: 22*******************
D/BrowserActivity( 6234): getCurrentWebView() enter
D/BrowserActivity( 6234): return default
V/zb.wu   ( 6234): moveCursor: x:45   y:0
I/zb.wu   ( 6234): [Client Process]jni_MouseMove be called.  X:45,Y:0
I/zb.wu   ( 6234): [Client Process]start call RPC  function......
I/browserService( 6234): [Client Process]Send E_MOVE_CURSOR
I/browserService(  745): [Service Process]Receive E_MOVE_CURSOR
I/browserService(  745): [Service Process]BrowserService::moveCursor(callingPid 6234) (x:45  y:0)
I/browserService(  745): move x:45,y:0
I/zb.wu   ( 6234): [Client Process]end of call RPC function. ret=0
D/BrowserActivity( 6234): touch X=609.1389,Y=215.25793
D/BrowserActivity( 6234): ***************** Key Code: 22*******************
D/InputEventConsistencyVerifier( 6234): KeyEvent: ACTION_UP but key was not down.
D/InputEventConsistencyVerifier( 6234):   in com.android.internal.policy.impl.PhoneWindow$DecorView@4174c790
D/InputEventConsistencyVerifier( 6234):   0: sent at 7375257000000, KeyEvent { action=ACTION_UP, keyCode=KEYCODE_DPAD_RIGHT, scanCode=106, metaState=0, flags=0x8, repeatCount=0, eventTime=7375257, downTime=7375095, deviceId=3, source=0x101 }
D/InputEventConsistencyVerifier( 6234):   -- recent events --
D/InputEventConsistencyVerifier( 6234):   1: sent at 7375108557000, MotionEvent { action=ACTION_HOVER_MOVE, id[0]=0, x[0]=609.1389, y[0]=215.25793, toolType[0]=TOOL_TYPE_MOUSE, buttonState=0, metaState=0, flags=0x0, edgeFlags=0x0, pointerCount=1, historySize=0, eventTime=7375108, downTime=7228858, deviceId=36, source=0x2002 }
D/InputEventConsistencyVerifier( 6234):   2: sent at 7374897000000, (unhandled) KeyEvent { action=ACTION_UP, keyCode=KEYCODE_DPAD_UP, scanCode=103, metaState=0, flags=0x80000008, repeatCount=0, eventTime=7374897, downTime=7374735, deviceId=3, source=0x101 }
D/InputEventConsistencyVerifier( 6234):   3: sent at 7374749457000, MotionEvent { action=ACTION_HOVER_MOVE, id[0]=0, x[0]=564.1389, y[0]=215.25793, toolType[0]=TOOL_TYPE_MOUSE, buttonState=0, metaState=0, flags=0x0, edgeFlags=0x0, pointerCount=1, historySize=0, eventTime=7374749, downTime=7228858, deviceId=36, source=0x2002 }
D/InputEventConsistencyVerifier( 6234):   4: sent at 7374593000000, (unhandled) KeyEvent { action=ACTION_UP, keyCode=KEYCODE_DPAD_UP, scanCode=103, metaState=0, flags=0x80000008, repeatCount=0, eventTime=7374593, downTime=7374433, deviceId=3, source=0x101 }
D/InputEventConsistencyVerifier( 6234):   5: sent at 7374447435000, MotionEvent { action=ACTION_HOVER_MOVE, id[0]=0, x[0]=564.1389, y[0]=266.25793, toolType[0]=TOOL_TYPE_MOUSE, buttonState=0, metaState=0, flags=0x0, edgeFlags=0x0, pointerCount=1, historySize=0, eventTime=7374447, downTime=7228858, deviceId=36, source=0x2002 }
D/BrowserActivity( 6234): ***************** Key Code: 22*******************
D/BrowserActivity( 6234): getCurrentWebView() enter
D/BrowserActivity( 6234): return default
V/zb.wu   ( 6234): moveCursor: x:44   y:0
I/zb.wu   ( 6234): [Client Process]jni_MouseMove be called.  X:44,Y:0
I/zb.wu   ( 6234): [Client Process]start call RPC  function......
I/browserService( 6234): [Client Process]Send E_MOVE_CURSOR
I/browserService(  745): [Service Process]Receive E_MOVE_CURSOR
I/browserService(  745): [Service Process]BrowserService::moveCursor(callingPid 6234) (x:44  y:0)
I/browserService(  745): move x:44,y:0
I/zb.wu   ( 6234): [Client Process]end of call RPC function. ret=0
D/BrowserActivity( 6234): touch X=653.1389,Y=215.25793
D/HomePlayerLib( 3718): hostaddress count is 2
D/BrowserActivity( 6234): ***************** Key Code: 22*******************
D/InputEventConsistencyVerifier( 6234): KeyEvent: ACTION_UP but key was not down.
D/InputEventConsistencyVerifier( 6234):   in com.android.internal.policy.impl.PhoneWindow$DecorView@4174c790
D/InputEventConsistencyVerifier( 6234):   0: sent at 7375569000000, KeyEvent { action=ACTION_UP, keyCode=KEYCODE_DPAD_RIGHT, scanCode=106, metaState=0, flags=0x8, repeatCount=0, eventTime=7375569, downTime=7375408, deviceId=3, source=0x101 }
D/InputEventConsistencyVerifier( 6234):   -- recent events --
D/InputEventConsistencyVerifier( 6234):   1: sent at 7375421508000, MotionEvent { action=ACTION_HOVER_MOVE, id[0]=0, x[0]=653.1389, y[0]=215.25793, toolType[0]=TOOL_TYPE_MOUSE, buttonState=0, metaState=0, flags=0x0, edgeFlags=0x0, pointerCount=1, historySize=0, eventTime=7375421, downTime=7228858, deviceId=36, source=0x2002 }
D/InputEventConsistencyVerifier( 6234):   2: sent at 7375257000000, (unhandled) KeyEvent { action=ACTION_UP, keyCode=KEYCODE_DPAD_RIGHT, scanCode=106, metaState=0, flags=0x80000008, repeatCount=0, eventTime=7375257, downTime=7375095, deviceId=3, source=0x101 }
D/InputEventConsistencyVerifier( 6234):   3: sent at 7375108557000, MotionEvent { action=ACTION_HOVER_MOVE, id[0]=0, x[0]=609.1389, y[0]=215.25793, toolType[0]=TOOL_TYPE_MOUSE, buttonState=0, metaState=0, flags=0x0, edgeFlags=0x0, pointerCount=1, historySize=0, eventTime=7375108, downTime=7228858, deviceId=36, source=0x2002 }
D/InputEventConsistencyVerifier( 6234):   4: sent at 7374897000000, (unhandled) KeyEvent { action=ACTION_UP, keyCode=KEYCODE_DPAD_UP, scanCode=103, metaState=0, flags=0x80000008, repeatCount=0, eventTime=7374897, downTime=7374735, deviceId=3, source=0x101 }
D/InputEventConsistencyVerifier( 6234):   5: sent at 7374749457000, MotionEvent { action=ACTION_HOVER_MOVE, id[0]=0, x[0]=564.1389, y[0]=215.25793, toolType[0]=TOOL_TYPE_MOUSE, buttonState=0, metaState=0, flags=0x0, edgeFlags=0x0, pointerCount=1, historySize=0, eventTime=7374749, downTime=7228858, deviceId=36, source=0x2002 }
D/dalvikvm( 3718): GC_CONCURRENT freed 1946K, 45% free 7338K/13187K, paused 2ms+3ms
D/MonitorCw880( 5992): currentRemoteHost is null ,continue
D/BrowserActivity( 6234): ***************** Key Code: 66*******************
D/BrowserActivity( 6234): getCurrentWebView() enter
D/BrowserActivity( 6234): return default
I/zb.wu   ( 6234): [Client Process]jni_MouseLeftClick  be  called.....
I/zb.wu   ( 6234): [Client Process]start call RPC  function......
I/browserService( 6234): [Client Process]Send E_MOUSE_LEFT_CLICK
I/browserService(  745): [Service Process]Receive E_MOUSE_LEFT_CLICK
I/browserService(  745): [Service Process]BrowserService::mouseLeftClick(callingPid 6234)
I/zb.wu   ( 6234): [Client Process]end of call RPC function. ret=0
D/BrowserActivity( 6234): touch X=653.1389,Y=215.25793
D/BrowserActivity( 6234): X:643.1389 Y:95.257935
D/BrowserActivity( 6234): X:643.1389 Y:95.257935
D/BrowserActivity( 6234): touch X=653.1389,Y=215.25793
D/BrowserActivity( 6234): touch X=653.1389,Y=215.25793
D/dalvikvm( 3718): GC_CONCURRENT freed 2047K, 45% free 7334K/13187K, paused 2ms+3ms
D/BrowserActivity( 6234): ***************** Key Code: 66*******************
D/InputEventConsistencyVerifier( 6234): KeyEvent: ACTION_UP but key was not down.
D/InputEventConsistencyVerifier( 6234):   in com.android.internal.policy.impl.PhoneWindow$DecorView@4174c790
D/InputEventConsistencyVerifier( 6234):   0: sent at 7376101000000, KeyEvent { action=ACTION_UP, keyCode=KEYCODE_ENTER, scanCode=28, metaState=0, flags=0x8, repeatCount=0, eventTime=7376101, downTime=7375937, deviceId=3, source=0x101 }
D/InputEventConsistencyVerifier( 6234):   -- recent events --
D/InputEventConsistencyVerifier( 6234):   1: sent at 7375951103000, MotionEvent { action=ACTION_HOVER_MOVE, id[0]=0, x[0]=653.1389, y[0]=215.25793, toolType[0]=TOOL_TYPE_MOUSE, buttonState=0, metaState=0, flags=0x0, edgeFlags=0x0, pointerCount=1, historySize=0, eventTime=7375951, downTime=7375951, deviceId=36, source=0x2002 }
D/InputEventConsistencyVerifier( 6234):   2: sent at 7375951103000, MotionEvent { action=ACTION_HOVER_ENTER, id[0]=0, x[0]=653.1389, y[0]=215.25793, toolType[0]=TOOL_TYPE_MOUSE, buttonState=0, metaState=0, flags=0x0, edgeFlags=0x0, pointerCount=1, historySize=0, eventTime=7375951, downTime=7375951, deviceId=36, source=0x2002 }
D/InputEventConsistencyVerifier( 6234):   3: sent at 7375951103000, MotionEvent { action=ACTION_UP, id[0]=0, x[0]=653.1389, y[0]=215.25793, toolType[0]=TOOL_TYPE_MOUSE, buttonState=0, metaState=0, flags=0x0, edgeFlags=0x0, pointerCount=1, historySize=0, eventTime=7375951, downTime=7375951, deviceId=36, source=0x2002 }
D/InputEventConsistencyVerifier( 6234):   4: sent at 7375951094000, MotionEvent { action=ACTION_DOWN, id[0]=0, x[0]=653.1389, y[0]=215.25793, toolType[0]=TOOL_TYPE_MOUSE, buttonState=BUTTON_PRIMARY, metaState=0, flags=0x0, edgeFlags=0x0, pointerCount=1, historySize=0, eventTime=7375951, downTime=7375951, deviceId=36, source=0x2002 }
D/InputEventConsistencyVerifier( 6234):   5: sent at 7375951094000, MotionEvent { action=ACTION_HOVER_EXIT, id[0]=0, x[0]=653.1389, y[0]=215.25793, toolType[0]=TOOL_TYPE_MOUSE, buttonState=BUTTON_PRIMARY, metaState=0, flags=0x0, edgeFlags=0x0, pointerCount=1, historySize=0, eventTime=7375951, downTime=7375951, deviceId=36, source=0x2002 }
D/BrowserActivity( 6234): getCurrentWebView() enter
D/BrowserActivity( 6234): return default
D/BrowserActivity( 6234): onPageStarted(WebView view, String url, Bitmap favicon) enter
D/BrowserActivity( 6234): onPageStarted(WebView view, String url, Bitmap favicon) leave
D/BrowserActivity( 6234): --------------------- on load resource --------------------
D/BrowserActivity( 6234): --------------------- on load resource --------------------
D/BrowserActivity( 6234): --------------------- on load resource --------------------
