D/InputEventConsistencyVerifier( 6234):   3: sent at 7491909000000, (unhandled) KeyEvent { action=ACTION_UP, keyCode=KEYCODE_DPAD_DOWN, scanCode=108, metaState=0, flags=0x80000008, repeatCount=0, eventTime=7491909, downTime=7491747, deviceId=3, source=0x101 }
D/InputEventConsistencyVerifier( 6234):   4: sent at 7491645000000, (unhandled) KeyEvent { action=ACTION_UP, keyCode=KEYCODE_DPAD_DOWN, scanCode=108, metaState=0, flags=0x80000008, repeatCount=0, eventTime=7491645, downTime=7491484, deviceId=3, source=0x101 }
D/InputEventConsistencyVerifier( 6234):   5: sent at 7491078832000, (unhandled) MotionEvent { action=ACTION_HOVER_MOVE, id[0]=0, x[0]=515.1389, y[0]=719.0, toolType[0]=TOOL_TYPE_MOUSE, buttonState=0, metaState=0, flags=0x1, edgeFlags=0x0, pointerCount=1, historySize=0, eventTime=7491078, downTime=7455985, deviceId=36, source=0x2002 }
D/dhcpcd  ( 4706): sending DHCP_DISCOVER with xid 0x3436d039, next in 8.61 seconds
D/BrowserActivity( 6234): ***************** Key Code: 19*******************
D/BrowserActivity( 6234): getCurrentWebView() enter
D/BrowserActivity( 6234): return default
V/zb.wu   ( 6234): moveCursor: x:0   y:-10
I/zb.wu   ( 6234): [Client Process]jni_MouseMove be called.  X:0,Y:-10
I/zb.wu   ( 6234): [Client Process]start call RPC  function......
I/browserService( 6234): [Client Process]Send E_MOVE_CURSOR
I/browserService(  745): [Service Process]Receive E_MOVE_CURSOR
I/browserService(  745): [Service Process]BrowserService::moveCursor(callingPid 6234) (x:0  y:-10)
I/browserService(  745): move x:0,y:-10
I/zb.wu   ( 6234): [Client Process]end of call RPC function. ret=0
D/BrowserActivity( 6234): touch X=515.1389,Y=699.0
D/BrowserActivity( 6234): ***************** Key Code: 19*******************
D/InputEventConsistencyVerifier( 6234): KeyEvent: ACTION_UP but key was not down.
D/InputEventConsistencyVerifier( 6234):   in com.android.internal.policy.impl.PhoneWindow$DecorView@4174c790
D/InputEventConsistencyVerifier( 6234):   0: sent at 7494001000000, KeyEvent { action=ACTION_UP, keyCode=KEYCODE_DPAD_UP, scanCode=103, metaState=0, flags=0x8, repeatCount=0, eventTime=7494001, downTime=7493842, deviceId=3, source=0x101 }
D/InputEventConsistencyVerifier( 6234):   -- recent events --
D/InputEventConsistencyVerifier( 6234):   1: sent at 7493849211000, MotionEvent { action=ACTION_HOVER_MOVE, id[0]=0, x[0]=515.1389, y[0]=699.0, toolType[0]=TOOL_TYPE_MOUSE, buttonState=0, metaState=0, flags=0x1, edgeFlags=0x0, pointerCount=1, historySize=0, eventTime=7493849, downTime=7455985, deviceId=36, source=0x2002 }
D/InputEventConsistencyVerifier( 6234):   2: sent at 7493285000000, (unhandled) KeyEvent { action=ACTION_UP, keyCode=KEYCODE_DPAD_UP, scanCode=103, metaState=0, flags=0x80000008, repeatCount=0, eventTime=7493285, downTime=7493123, deviceId=3, source=0x101 }
D/InputEventConsistencyVerifier( 6234):   3: sent at 7493141419000, (unhandled) MotionEvent { action=ACTION_HOVER_MOVE, id[0]=0, x[0]=515.1389, y[0]=709.0, toolType[0]=TOOL_TYPE_MOUSE, buttonState=0, metaState=0, flags=0x1, edgeFlags=0x0, pointerCount=1, historySize=0, eventTime=7493141, downTime=7455985, deviceId=36, source=0x2002 }
D/InputEventConsistencyVerifier( 6234):   4: sent at 7492509000000, (unhandled) KeyEvent { action=ACTION_UP, keyCode=KEYCODE_DPAD_DOWN, scanCode=108, metaState=0, flags=0x80000008, repeatCount=0, eventTime=7492509, downTime=7492346, deviceId=3, source=0x101 }
D/InputEventConsistencyVerifier( 6234):   5: sent at 7491909000000, (unhandled) KeyEvent { action=ACTION_UP, keyCode=KEYCODE_DPAD_DOWN, scanCode=108, metaState=0, flags=0x80000008, repeatCount=0, eventTime=7491909, downTime=7491747, deviceId=3, source=0x101 }
D/BrowserActivity( 6234): ***************** Key Code: 19*******************
D/BrowserActivity( 6234): getCurrentWebView() enter
D/BrowserActivity( 6234): return default
V/zb.wu   ( 6234): moveCursor: x:0   y:-25
I/zb.wu   ( 6234): [Client Process]jni_MouseMove be called.  X:0,Y:-25
I/zb.wu   ( 6234): [Client Process]start call RPC  function......
I/browserService( 6234): [Client Process]Send E_MOVE_CURSOR
I/browserService(  745): [Service Process]Receive E_MOVE_CURSOR
I/browserService(  745): [Service Process]BrowserService::moveCursor(callingPid 6234) (x:0  y:-25)
I/browserService(  745): move x:0,y:-25
I/zb.wu   ( 6234): [Client Process]end of call RPC function. ret=0
D/BrowserActivity( 6234): touch X=515.1389,Y=674.0
D/BrowserActivity( 6234): ***************** Key Code: 19*******************
D/InputEventConsistencyVerifier( 6234): KeyEvent: ACTION_UP but key was not down.
D/InputEventConsistencyVerifier( 6234):   in com.android.internal.policy.impl.PhoneWindow$DecorView@4174c790
D/InputEventConsistencyVerifier( 6234):   0: sent at 7494477000000, KeyEvent { action=ACTION_UP, keyCode=KEYCODE_DPAD_UP, scanCode=103, metaState=0, flags=0x8, repeatCount=0, eventTime=7494477, downTime=7494318, deviceId=3, source=0x101 }
D/InputEventConsistencyVerifier( 6234):   -- recent events --
D/InputEventConsistencyVerifier( 6234):   1: sent at 7494323821000, MotionEvent { action=ACTION_HOVER_MOVE, id[0]=0, x[0]=515.1389, y[0]=674.0, toolType[0]=TOOL_TYPE_MOUSE, buttonState=0, metaState=0, flags=0x1, edgeFlags=0x0, pointerCount=1, historySize=0, eventTime=7494323, downTime=7455985, deviceId=36, source=0x2002 }
D/InputEventConsistencyVerifier( 6234):   2: sent at 7494001000000, (unhandled) KeyEvent { action=ACTION_UP, keyCode=KEYCODE_DPAD_UP, scanCode=103, metaState=0, flags=0x80000008, repeatCount=0, eventTime=7494001, downTime=7493842, deviceId=3, source=0x101 }
D/InputEventConsistencyVerifier( 6234):   3: sent at 7493849211000, MotionEvent { action=ACTION_HOVER_MOVE, id[0]=0, x[0]=515.1389, y[0]=699.0, toolType[0]=TOOL_TYPE_MOUSE, buttonState=0, metaState=0, flags=0x1, edgeFlags=0x0, pointerCount=1, historySize=0, eventTime=7493849, downTime=7455985, deviceId=36, source=0x2002 }
D/InputEventConsistencyVerifier( 6234):   4: sent at 7493285000000, (unhandled) KeyEvent { action=ACTION_UP, keyCode=KEYCODE_DPAD_UP, scanCode=103, metaState=0, flags=0x80000008, repeatCount=0, eventTime=7493285, downTime=7493123, deviceId=3, source=0x101 }
D/InputEventConsistencyVerifier( 6234):   5: sent at 7493141419000, (unhandled) MotionEvent { action=ACTION_HOVER_MOVE, id[0]=0, x[0]=515.1389, y[0]=709.0, toolType[0]=TOOL_TYPE_MOUSE, buttonState=0, metaState=0, flags=0x1, edgeFlags=0x0, pointerCount=1, historySize=0, eventTime=7493141, downTime=7455985, deviceId=36, source=0x2002 }
D/BrowserActivity( 6234): ***************** Key Code: 19*******************
D/BrowserActivity( 6234): getCurrentWebView() enter
D/BrowserActivity( 6234): return default
V/zb.wu   ( 6234): moveCursor: x:0   y:-40
I/zb.wu   ( 6234): [Client Process]jni_MouseMove be called.  X:0,Y:-40
I/zb.wu   ( 6234): [Client Process]start call RPC  function......
I/browserService( 6234): [Client Process]Send E_MOVE_CURSOR
I/browserService(  745): [Service Process]Receive E_MOVE_CURSOR
I/browserService(  745): [Service Process]BrowserService::moveCursor(callingPid 6234) (x:0  y:-40)
I/browserService(  745): move x:0,y:-40
I/zb.wu   ( 6234): [Client Process]end of call RPC function. ret=0
D/BrowserActivity( 6234): touch X=515.1389,Y=634.0
D/BrowserActivity( 6234): ***************** Key Code: 19*******************
D/BrowserActivity( 6234): getCurrentWebView() enter
D/BrowserActivity( 6234): return default
V/zb.wu   ( 6234): moveCursor: x:0   y:-116
I/zb.wu   ( 6234): [Client Process]jni_MouseMove be called.  X:0,Y:-116
I/zb.wu   ( 6234): [Client Process]start call RPC  function......
I/browserService( 6234): [Client Process]Send E_MOVE_CURSOR
I/browserService(  745): [Service Process]Receive E_MOVE_CURSOR
I/browserService(  745): [Service Process]BrowserService::moveCursor(callingPid 6234) (x:0  y:-116)
I/browserService(  745): move x:0,y:-116
I/zb.wu   ( 6234): [Client Process]end of call RPC function. ret=0
D/BrowserActivity( 6234): touch X=515.1389,Y=518.0
D/BrowserActivity( 6234): ***************** Key Code: 19*******************
D/BrowserActivity( 6234): getCurrentWebView() enter
D/BrowserActivity( 6234): return default
V/zb.wu   ( 6234): moveCursor: x:0   y:-116
I/zb.wu   ( 6234): [Client Process]jni_MouseMove be called.  X:0,Y:-116
I/zb.wu   ( 6234): [Client Process]start call RPC  function......
I/browserService( 6234): [Client Process]Send E_MOVE_CURSOR
I/browserService(  745): [Service Process]Receive E_MOVE_CURSOR
I/browserService(  745): [Service Process]BrowserService::moveCursor(callingPid 6234) (x:0  y:-116)
I/browserService(  745): move x:0,y:-116
I/zb.wu   ( 6234): [Client Process]end of call RPC function. ret=0
D/BrowserActivity( 6234): touch X=515.1389,Y=230.85458
D/BrowserActivity( 6234): ***************** Key Code: 19*******************
D/BrowserActivity( 6234): getCurrentWebView() enter
D/BrowserActivity( 6234): return default
V/zb.wu   ( 6234): moveCursor: x:0   y:-116
I/zb.wu   ( 6234): [Client Process]jni_MouseMove be called.  X:0,Y:-116
I/zb.wu   ( 6234): [Client Process]start call RPC  function......
I/browserService( 6234): [Client Process]Send E_MOVE_CURSOR
I/browserService(  745): [Service Process]Receive E_MOVE_CURSOR
I/browserService(  745): [Service Process]BrowserService::moveCursor(callingPid 6234) (x:0  y:-116)
I/browserService(  745): move x:0,y:-116
I/zb.wu   ( 6234): [Client Process]end of call RPC function. ret=0
D/BrowserActivity( 6234): touch X=515.1389,Y=0.0
D/BrowserActivity( 6234): ***************** Key Code: 19*******************
D/BrowserActivity( 6234): getCurrentWebView() enter
D/BrowserActivity( 6234): return default
D/BrowserActivity( 6234): ***************** Key Code: 19*******************
D/BrowserActivity( 6234): getCurrentWebView() enter
D/BrowserActivity( 6234): return default
D/BrowserActivity( 6234): ***************** Key Code: 19*******************
D/BrowserActivity( 6234): getCurrentWebView() enter
D/BrowserActivity( 6234): return default
D/BrowserActivity( 6234): ***************** Key Code: 19*******************
D/BrowserActivity( 6234): getCurrentWebView() enter
D/BrowserActivity( 6234): return default
D/BrowserActivity( 6234): ***************** Key Code: 19*******************
D/BrowserActivity( 6234): getCurrentWebView() enter
D/BrowserActivity( 6234): return default
D/BrowserActivity( 6234): ***************** Key Code: 19*******************
D/BrowserActivity( 6234): getCurrentWebView() enter
D/BrowserActivity( 6234): return default
D/BrowserActivity( 6234): ***************** Key Code: 19*******************
D/BrowserActivity( 6234): getCurrentWebView() enter
D/BrowserActivity( 6234): return default
D/BrowserActivity( 6234): ***************** Key Code: 19*******************
D/BrowserActivity( 6234): getCurrentWebView() enter
D/BrowserActivity( 6234): return default
D/BrowserActivity( 6234): ***************** Key Code: 19*******************
D/BrowserActivity( 6234): getCurrentWebView() enter
D/BrowserActivity( 6234): return default
D/BrowserActivity( 6234): ***************** Key Code: 19*******************
D/BrowserActivity( 6234): getCurrentWebView() enter
D/BrowserActivity( 6234): return default
D/BrowserActivity( 6234): ***************** Key Code: 19*******************
D/BrowserActivity( 6234): getCurrentWebView() enter
D/BrowserActivity( 6234): return default
D/BrowserActivity( 6234): ***************** Key Code: 19*******************
D/InputEventConsistencyVerifier( 6234): KeyEvent: ACTION_UP but key was not down.
D/InputEventConsistencyVerifier( 6234):   in com.android.internal.policy.impl.PhoneWindow$DecorView@4174c790
D/InputEventConsistencyVerifier( 6234):   0: sent at 7495765000000, KeyEvent { action=ACTION_UP, keyCode=KEYCODE_DPAD_UP, scanCode=103, metaState=0, flags=0x8, repeatCount=0, eventTime=7495765, downTime=7494577, deviceId=3, source=0x101 }
D/InputEventConsistencyVerifier( 6234):   -- recent events --
D/InputEventConsistencyVerifier( 6234):   1: sent at 7495183111000, (unhandled) MotionEvent { action=ACTION_HOVER_MOVE, id[0]=0, x[0]=515.1389, y[0]=0.0, toolType[0]=TOOL_TYPE_MOUSE, buttonState=0, metaState=0, flags=0x0, edgeFlags=0x0, pointerCount=1, historySize=0, eventTime=7495183, downTime=7455985, deviceId=36, source=0x2002 }
D/InputEventConsistencyVerifier( 6234):   2: sent at 7495132701000, MotionEvent { action=ACTION_HOVER_MOVE, id[0]=0, x[0]=515.1389, y[0]=230.85458, toolType[0]=TOOL_TYPE_MOUSE, buttonState=0, metaState=0, flags=0x0, edgeFlags=0x0, pointerCount=1, historySize=0, eventTime=7495132, downTime=7455985, deviceId=36, source=0x2002 }
D/InputEventConsistencyVerifier( 6234):   3: sent at 7495083218000, MotionEvent { action=ACTION_HOVER_MOVE, id[0]=0, x[0]=515.1389, y[0]=518.0, toolType[0]=TOOL_TYPE_MOUSE, buttonState=0, metaState=0, flags=0x0, edgeFlags=0x0, pointerCount=1, historySize=0, eventTime=7495083, downTime=7455985, deviceId=36, source=0x2002 }
D/InputEventConsistencyVerifier( 6234):   4: sent at 7494584692000, MotionEvent { action=ACTION_HOVER_MOVE, id[0]=0, x[0]=515.1389, y[0]=634.0, toolType[0]=TOOL_TYPE_MOUSE, buttonState=0, metaState=0, flags=0x0, edgeFlags=0x0, pointerCount=1, historySize=0, eventTime=7494584, downTime=7455985, deviceId=36, source=0x2002 }
D/InputEventConsistencyVerifier( 6234):   5: sent at 7494477000000, (unhandled) KeyEvent { action=ACTION_UP, keyCode=KEYCODE_DPAD_UP, scanCode=103, metaState=0, flags=0x80000008, repeatCount=0, eventTime=7494477, downTime=7494318, deviceId=3, source=0x101 }
D/MonitorCw880( 5992): currentRemoteHost is null ,continue
D/BrowserActivity( 6234): ***************** Key Code: 20*******************
D/BrowserActivity( 6234): getCurrentWebView() enter
D/BrowserActivity( 6234): return default
V/zb.wu   ( 6234): moveCursor: x:0   y:19
I/zb.wu   ( 6234): [Client Process]jni_MouseMove be called.  X:0,Y:19
I/zb.wu   ( 6234): [Client Process]start call RPC  function......
I/browserService( 6234): [Client Process]Send E_MOVE_CURSOR
I/browserService(  745): [Service Process]Receive E_MOVE_CURSOR
I/browserService(  745): [Service Process]BrowserService::moveCursor(callingPid 6234) (x:0  y:19)
I/browserService(  745): move x:0,y:19
I/zb.wu   ( 6234): [Client Process]end of call RPC function. ret=0
D/BrowserActivity( 6234): touch X=515.1389,Y=19.0
D/BrowserActivity( 6234): ***************** Key Code: 20*******************
D/InputEventConsistencyVerifier( 6234): KeyEvent: ACTION_UP but key was not down.
D/InputEventConsistencyVerifier( 6234):   in com.android.internal.policy.impl.PhoneWindow$DecorView@4174c790
D/InputEventConsistencyVerifier( 6234):   0: sent at 7496289000000, KeyEvent { action=ACTION_UP, keyCode=KEYCODE_DPAD_DOWN, scanCode=108, metaState=0, flags=0x8, repeatCount=0, eventTime=7496289, downTime=7496130, deviceId=3, source=0x101 }
D/InputEventConsistencyVerifier( 6234):   -- recent events --
D/InputEventConsistencyVerifier( 6234):   1: sent at 7496144754000, (unhandled) MotionEvent { action=ACTION_HOVER_MOVE, id[0]=0, x[0]=515.1389, y[0]=19.0, toolType[0]=TOOL_TYPE_MOUSE, buttonState=0, metaState=0, flags=0x0, edgeFlags=0x0, pointerCount=1, historySize=0, eventTime=7496144, downTime=7455985, deviceId=36, source=0x2002 }
D/InputEventConsistencyVerifier( 6234):   2: sent at 7495765000000, (unhandled) KeyEvent { action=ACTION_UP, keyCode=KEYCODE_DPAD_UP, scanCode=103, metaState=0, flags=0x80000008, repeatCount=0, eventTime=7495765, downTime=7494577, deviceId=3, source=0x101 }
D/InputEventConsistencyVerifier( 6234):   3: sent at 7495183111000, (unhandled) MotionEvent { action=ACTION_HOVER_MOVE, id[0]=0, x[0]=515.1389, y[0]=0.0, toolType[0]=TOOL_TYPE_MOUSE, buttonState=0, metaState=0, flags=0x0, edgeFlags=0x0, pointerCount=1, historySize=0, eventTime=7495183, downTime=7455985, deviceId=36, source=0x2002 }
D/InputEventConsistencyVerifier( 6234):   4: sent at 7495132701000, MotionEvent { action=ACTION_HOVER_MOVE, id[0]=0, x[0]=515.1389, y[0]=230.85458, toolType[0]=TOOL_TYPE_MOUSE, buttonState=0, metaState=0, flags=0x0, edgeFlags=0x0, pointerCount=1, historySize=0, eventTime=7495132, downTime=7455985, deviceId=36, source=0x2002 }
D/InputEventConsistencyVerifier( 6234):   5: sent at 7495083218000, MotionEvent { action=ACTION_HOVER_MOVE, id[0]=0, x[0]=515.1389, y[0]=518.0, toolType[0]=TOOL_TYPE_MOUSE, buttonState=0, metaState=0, flags=0x0, edgeFlags=0x0, pointerCount=1, historySize=0, eventTime=7495083, downTime=7455985, deviceId=36, source=0x2002 }
D/BrowserActivity( 6234): ***************** Key Code: 20*******************
D/BrowserActivity( 6234): getCurrentWebView() enter
D/BrowserActivity( 6234): return default
V/zb.wu   ( 6234): moveCursor: x:0   y:10
I/zb.wu   ( 6234): [Client Process]jni_MouseMove be called.  X:0,Y:10
I/zb.wu   ( 6234): [Client Process]start call RPC  function......
I/browserService( 6234): [Client Process]Send E_MOVE_CURSOR
I/browserService(  745): [Service Process]Receive E_MOVE_CURSOR
I/browserService(  745): [Service Process]BrowserService::moveCursor(callingPid 6234) (x:0  y:10)
I/browserService(  745): move x:0,y:10
I/zb.wu   ( 6234): [Client Process]end of call RPC function. ret=0
D/BrowserActivity( 6234): touch X=515.1389,Y=29.0
D/BrowserActivity( 6234): ***************** Key Code: 20*******************
D/InputEventConsistencyVerifier( 6234): KeyEvent: ACTION_UP but key was not down.
D/InputEventConsistencyVerifier( 6234):   in com.android.internal.policy.impl.PhoneWindow$DecorView@4174c790
D/InputEventConsistencyVerifier( 6234):   0: sent at 7498045000000, KeyEvent { action=ACTION_UP, keyCode=KEYCODE_DPAD_DOWN, scanCode=108, metaState=0, flags=0x8, repeatCount=0, eventTime=7498045, downTime=7497877, deviceId=3, source=0x101 }
D/InputEventConsistencyVerifier( 6234):   -- recent events --
D/InputEventConsistencyVerifier( 6234):   1: sent at 7497891849000, MotionEvent { action=ACTION_HOVER_MOVE, id[0]=0, x[0]=515.1389, y[0]=29.0, toolType[0]=TOOL_TYPE_MOUSE, buttonState=0, metaState=0, flags=0x0, edgeFlags=0x0, pointerCount=1, historySize=0, eventTime=7497891, downTime=7455985, deviceId=36, source=0x2002 }
D/InputEventConsistencyVerifier( 6234):   2: sent at 7496289000000, (unhandled) KeyEvent { action=ACTION_UP, keyCode=KEYCODE_DPAD_DOWN, scanCode=108, metaState=0, flags=0x80000008, repeatCount=0, eventTime=7496289, downTime=7496130, deviceId=3, source=0x101 }
D/InputEventConsistencyVerifier( 6234):   3: sent at 7496144754000, (unhandled) MotionEvent { action=ACTION_HOVER_MOVE, id[0]=0, x[0]=515.1389, y[0]=19.0, toolType[0]=TOOL_TYPE_MOUSE, buttonState=0, metaState=0, flags=0x0, edgeFlags=0x0, pointerCount=1, historySize=0, eventTime=7496144, downTime=7455985, deviceId=36, source=0x2002 }
D/InputEventConsistencyVerifier( 6234):   4: sent at 7495765000000, (unhandled) KeyEvent { action=ACTION_UP, keyCode=KEYCODE_DPAD_UP, scanCode=103, metaState=0, flags=0x80000008, repeatCount=0, eventTime=7495765, downTime=7494577, deviceId=3, source=0x101 }
D/InputEventConsistencyVerifier( 6234):   5: sent at 7495183111000, (unhandled) MotionEvent { action=ACTION_HOVER_MOVE, id[0]=0, x[0]=515.1389, y[0]=0.0, toolType[0]=TOOL_TYPE_MOUSE, buttonState=0, metaState=0, flags=0x0, edgeFlags=0x0, pointerCount=1, historySize=0, eventTime=7495183, downTime=7455985, deviceId=36, source=0x2002 }
D/BrowserActivity( 6234): ***************** Key Code: 20*******************
D/BrowserActivity( 6234): getCurrentWebView() enter
D/BrowserActivity( 6234): return default
V/zb.wu   ( 6234): moveCursor: x:0   y:10
I/zb.wu   ( 6234): [Client Process]jni_MouseMove be called.  X:0,Y:10
I/zb.wu   ( 6234): [Client Process]start call RPC  function......
I/browserService( 6234): [Client Process]Send E_MOVE_CURSOR
I/browserService(  745): [Service Process]Receive E_MOVE_CURSOR
I/browserService(  745): [Service Process]BrowserService::moveCursor(callingPid 6234) (x:0  y:10)
I/browserService(  745): move x:0,y:10
I/zb.wu   ( 6234): [Client Process]end of call RPC function. ret=0
D/BrowserActivity( 6234): touch X=515.1389,Y=39.0
D/BrowserActivity( 6234): ***************** Key Code: 20*******************
D/InputEventConsistencyVerifier( 6234): KeyEvent: ACTION_UP but key was not down.
D/InputEventConsistencyVerifier( 6234):   in com.android.internal.policy.impl.PhoneWindow$DecorView@4174c790
D/InputEventConsistencyVerifier( 6234):   0: sent at 7500013000000, KeyEvent { action=ACTION_UP, keyCode=KEYCODE_DPAD_DOWN, scanCode=108, metaState=0, flags=0x8, repeatCount=0, eventTime=7500013, downTime=7499852, deviceId=3, source=0x101 }
D/InputEventConsistencyVerifier( 6234):   -- recent events --
D/InputEventConsistencyVerifier( 6234):   1: sent at 7499866321000, MotionEvent { action=ACTION_HOVER_MOVE, id[0]=0, x[0]=515.1389, y[0]=39.0, toolType[0]=TOOL_TYPE_MOUSE, buttonState=0, metaState=0, flags=0x0, edgeFlags=0x0, pointerCount=1, historySize=0, eventTime=7499866, downTime=7455985, deviceId=36, source=0x2002 }
D/InputEventConsistencyVerifier( 6234):   2: sent at 7498045000000, (unhandled) KeyEvent { action=ACTION_UP, keyCode=KEYCODE_DPAD_DOWN, scanCode=108, metaState=0, flags=0x80000008, repeatCount=0, eventTime=7498045, downTime=7497877, deviceId=3, source=0x101 }
D/InputEventConsistencyVerifier( 6234):   3: sent at 7497891849000, MotionEvent { action=ACTION_HOVER_MOVE, id[0]=0, x[0]=515.1389, y[0]=29.0, toolType[0]=TOOL_TYPE_MOUSE, buttonState=0, metaState=0, flags=0x0, edgeFlags=0x0, pointerCount=1, historySize=0, eventTime=7497891, downTime=7455985, deviceId=36, source=0x2002 }
D/InputEventConsistencyVerifier( 6234):   4: sent at 7496289000000, (unhandled) KeyEvent { action=ACTION_UP, keyCode=KEYCODE_DPAD_DOWN, scanCode=108, metaState=0, flags=0x80000008, repeatCount=0, eventTime=7496289, downTime=7496130, deviceId=3, source=0x101 }
D/InputEventConsistencyVerifier( 6234):   5: sent at 7496144754000, (unhandled) MotionEvent { action=ACTION_HOVER_MOVE, id[0]=0, x[0]=515.1389, y[0]=19.0, toolType[0]=TOOL_TYPE_MOUSE, buttonState=0, metaState=0, flags=0x0, edgeFlags=0x0, pointerCount=1, historySize=0, eventTime=7496144, downTime=7455985, deviceId=36, source=0x2002 }
D/BrowserActivity( 6234): ***************** Key Code: 20*******************
D/BrowserActivity( 6234): getCurrentWebView() enter
D/BrowserActivity( 6234): return default
V/zb.wu   ( 6234): moveCursor: x:0   y:13
I/zb.wu   ( 6234): [Client Process]jni_MouseMove be called.  X:0,Y:13
I/zb.wu   ( 6234): [Client Process]start call RPC  function......
I/browserService( 6234): [Client Process]Send E_MOVE_CURSOR
I/browserService(  745): [Service Process]Receive E_MOVE_CURSOR
I/browserService(  745): [Service Process]BrowserService::moveCursor(callingPid 6234) (x:0  y:13)
I/browserService(  745): move x:0,y:13
I/zb.wu   ( 6234): [Client Process]end of call RPC function. ret=0
D/BrowserActivity( 6234): touch X=515.1389,Y=52.0
D/BrowserActivity( 6234): ***************** Key Code: 20*******************
D/InputEventConsistencyVerifier( 6234): KeyEvent: ACTION_UP but key was not down.
D/InputEventConsistencyVerifier( 6234):   in com.android.internal.policy.impl.PhoneWindow$DecorView@4174c790
D/InputEventConsistencyVerifier( 6234):   0: sent at 7500321000000, KeyEvent { action=ACTION_UP, keyCode=KEYCODE_DPAD_DOWN, scanCode=108, metaState=0, flags=0x8, repeatCount=0, eventTime=7500321, downTime=7500156, deviceId=3, source=0x101 }
D/InputEventConsistencyVerifier( 6234):   -- recent events --
D/InputEventConsistencyVerifier( 6234):   1: sent at 7500169934000, MotionEvent { action=ACTION_HOVER_MOVE, id[0]=0, x[0]=515.1389, y[0]=52.0, toolType[0]=TOOL_TYPE_MOUSE, buttonState=0, metaState=0, flags=0x0, edgeFlags=0x0, pointerCount=1, historySize=0, eventTime=7500169, downTime=7455985, deviceId=36, source=0x2002 }
D/InputEventConsistencyVerifier( 6234):   2: sent at 7500013000000, (unhandled) KeyEvent { action=ACTION_UP, keyCode=KEYCODE_DPAD_DOWN, scanCode=108, metaState=0, flags=0x80000008, repeatCount=0, eventTime=7500013, downTime=7499852, deviceId=3, source=0x101 }
D/InputEventConsistencyVerifier( 6234):   3: sent at 7499866321000, MotionEvent { action=ACTION_HOVER_MOVE, id[0]=0, x[0]=515.1389, y[0]=39.0, toolType[0]=TOOL_TYPE_MOUSE, buttonState=0, metaState=0, flags=0x0, edgeFlags=0x0, pointerCount=1, historySize=0, eventTime=7499866, downTime=7455985, deviceId=36, source=0x2002 }
D/InputEventConsistencyVerifier( 6234):   4: sent at 7498045000000, (unhandled) KeyEvent { action=ACTION_UP, keyCode=KEYCODE_DPAD_DOWN, scanCode=108, metaState=0, flags=0x80000008, repeatCount=0, eventTime=7498045, downTime=7497877, deviceId=3, source=0x101 }
D/InputEventConsistencyVerifier( 6234):   5: sent at 7497891849000, MotionEvent { action=ACTION_HOVER_MOVE, id[0]=0, x[0]=515.1389, y[0]=29.0, toolType[0]=TOOL_TYPE_MOUSE, buttonState=0, metaState=0, flags=0x0, edgeFlags=0x0, pointerCount=1, historySize=0, eventTime=7497891, downTime=7455985, deviceId=36, source=0x2002 }
D/MonitorCw880( 5992): currentRemoteHost is null ,continue
D/BrowserActivity( 6234): ***************** Key Code: 20*******************
D/BrowserActivity( 6234): getCurrentWebView() enter
D/BrowserActivity( 6234): return default
V/zb.wu   ( 6234): moveCursor: x:0   y:19
I/zb.wu   ( 6234): [Client Process]jni_MouseMove be called.  X:0,Y:19
I/zb.wu   ( 6234): [Client Process]start call RPC  function......
I/browserService( 6234): [Client Process]Send E_MOVE_CURSOR
I/browserService(  745): [Service Process]Receive E_MOVE_CURSOR
I/browserService(  745): [Service Process]BrowserService::moveCursor(callingPid 6234) (x:0  y:19)
I/browserService(  745): move x:0,y:19
I/zb.wu   ( 6234): [Client Process]end of call RPC function. ret=0
D/BrowserActivity( 6234): touch X=515.1389,Y=71.0
D/BrowserActivity( 6234): ***************** Key Code: 20*******************
D/InputEventConsistencyVerifier( 6234): KeyEvent: ACTION_UP but key was not down.
D/InputEventConsistencyVerifier( 6234):   in com.android.internal.policy.impl.PhoneWindow$DecorView@4174c790
D/InputEventConsistencyVerifier( 6234):   0: sent at 7501573000000, KeyEvent { action=ACTION_UP, keyCode=KEYCODE_DPAD_DOWN, scanCode=108, metaState=0, flags=0x8, repeatCount=0, eventTime=7501573, downTime=7501411, deviceId=3, source=0x101 }
D/InputEventConsistencyVerifier( 6234):   -- recent events --
D/InputEventConsistencyVerifier( 6234):   1: sent at 7501425211000, MotionEvent { action=ACTION_HOVER_MOVE, id[0]=0, x[0]=515.1389, y[0]=71.0, toolType[0]=TOOL_TYPE_MOUSE, buttonState=0, metaState=0, flags=0x0, edgeFlags=0x0, pointerCount=1, historySize=0, eventTime=7501425, downTime=7455985, deviceId=36, source=0x2002 }
D/InputEventConsistencyVerifier( 6234):   2: sent at 7500321000000, (unhandled) KeyEvent { action=ACTION_UP, keyCode=KEYCODE_DPAD_DOWN, scanCode=108, metaState=0, flags=0x80000008, repeatCount=0, eventTime=7500321, downTime=7500156, deviceId=3, source=0x101 }
D/InputEventConsistencyVerifier( 6234):   3: sent at 7500169934000, MotionEvent { action=ACTION_HOVER_MOVE, id[0]=0, x[0]=515.1389, y[0]=52.0, toolType[0]=TOOL_TYPE_MOUSE, buttonState=0, metaState=0, flags=0x0, edgeFlags=0x0, pointerCount=1, historySize=0, eventTime=7500169, downTime=7455985, deviceId=36, source=0x2002 }
D/InputEventConsistencyVerifier( 6234):   4: sent at 7500013000000, (unhandled) KeyEvent { action=ACTION_UP, keyCode=KEYCODE_DPAD_DOWN, scanCode=108, metaState=0, flags=0x80000008, repeatCount=0, eventTime=7500013, downTime=7499852, deviceId=3, source=0x101 }
D/InputEventConsistencyVerifier( 6234):   5: sent at 7499866321000, MotionEvent { action=ACTION_HOVER_MOVE, id[0]=0, x[0]=515.1389, y[0]=39.0, toolType[0]=TOOL_TYPE_MOUSE, buttonState=0, metaState=0, flags=0x0, edgeFlags=0x0, pointerCount=1, historySize=0, eventTime=7499866, downTime=7455985, deviceId=36, source=0x2002 }
D/dhcpcd  ( 4706): sending DHCP_DISCOVER with xid 0x3436d039, next in 16.88 seconds
D/HomePlayerLib( 3718): hostaddress count is 2
D/dalvikvm( 3718): GC_CONCURRENT freed 1949K, 45% free 7261K/13187K, paused 2ms+6ms
D/BrowserActivity( 6234): ***************** Key Code: 20*******************
D/BrowserActivity( 6234): getCurrentWebView() enter
D/BrowserActivity( 6234): return default
V/zb.wu   ( 6234): moveCursor: x:0   y:11
I/zb.wu   ( 6234): [Client Process]jni_MouseMove be called.  X:0,Y:11
I/zb.wu   ( 6234): [Client Process]start call RPC  function......
I/browserService( 6234): [Client Process]Send E_MOVE_CURSOR
I/browserService(  745): [Service Process]Receive E_MOVE_CURSOR
I/browserService(  745): [Service Process]BrowserService::moveCursor(callingPid 6234) (x:0  y:11)
I/browserService(  745): move x:0,y:11
I/zb.wu   ( 6234): [Client Process]end of call RPC function. ret=0
D/BrowserActivity( 6234): touch X=515.1389,Y=82.0
D/BrowserActivity( 6234): ***************** Key Code: 20*******************
D/InputEventConsistencyVerifier( 6234): KeyEvent: ACTION_UP but key was not down.
D/InputEventConsistencyVerifier( 6234):   in com.android.internal.policy.impl.PhoneWindow$DecorView@4174c790
D/InputEventConsistencyVerifier( 6234):   0: sent at 7502937000000, KeyEvent { action=ACTION_UP, keyCode=KEYCODE_DPAD_DOWN, scanCode=108, metaState=0, flags=0x8, repeatCount=0, eventTime=7502937, downTime=7502775, deviceId=3, source=0x101 }
D/InputEventConsistencyVerifier( 6234):   -- recent events --
D/InputEventConsistencyVerifier( 6234):   1: sent at 7502789355000, (unhandled) MotionEvent { action=ACTION_HOVER_MOVE, id[0]=0, x[0]=515.1389, y[0]=82.0, toolType[0]=TOOL_TYPE_MOUSE, buttonState=0, metaState=0, flags=0x0, edgeFlags=0x0, pointerCount=1, historySize=0, eventTime=7502789, downTime=7455985, deviceId=36, source=0x2002 }
D/InputEventConsistencyVerifier( 6234):   2: sent at 7501573000000, (unhandled) KeyEvent { action=ACTION_UP, keyCode=KEYCODE_DPAD_DOWN, scanCode=108, metaState=0, flags=0x80000008, repeatCount=0, eventTime=7501573, downTime=7501411, deviceId=3, source=0x101 }
D/InputEventConsistencyVerifier( 6234):   3: sent at 7501425211000, MotionEvent { action=ACTION_HOVER_MOVE, id[0]=0, x[0]=515.1389, y[0]=71.0, toolType[0]=TOOL_TYPE_MOUSE, buttonState=0, metaState=0, flags=0x0, edgeFlags=0x0, pointerCount=1, historySize=0, eventTime=7501425, downTime=7455985, deviceId=36, source=0x2002 }
D/InputEventConsistencyVerifier( 6234):   4: sent at 7500321000000, (unhandled) KeyEvent { action=ACTION_UP, keyCode=KEYCODE_DPAD_DOWN, scanCode=108, metaState=0, flags=0x80000008, repeatCount=0, eventTime=7500321, downTime=7500156, deviceId=3, source=0x101 }
D/InputEventConsistencyVerifier( 6234):   5: sent at 7500169934000, MotionEvent { action=ACTION_HOVER_MOVE, id[0]=0, x[0]=515.1389, y[0]=52.0, toolType[0]=TOOL_TYPE_MOUSE, buttonState=0, metaState=0, flags=0x0, edgeFlags=0x0, pointerCount=1, historySize=0, eventTime=7500169, downTime=7455985, deviceId=36, source=0x2002 }
D/BrowserActivity( 6234): ***************** Key Code: 20*******************
D/BrowserActivity( 6234): getCurrentWebView() enter
D/BrowserActivity( 6234): return default
V/zb.wu   ( 6234): moveCursor: x:0   y:18
I/zb.wu   ( 6234): [Client Process]jni_MouseMove be called.  X:0,Y:18
I/zb.wu   ( 6234): [Client Process]start call RPC  function......
I/browserService( 6234): [Client Process]Send E_MOVE_CURSOR
I/browserService(  745): [Service Process]Receive E_MOVE_CURSOR
I/browserService(  745): [Service Process]BrowserService::moveCursor(callingPid 6234) (x:0  y:18)
I/browserService(  745): move x:0,y:18
I/zb.wu   ( 6234): [Client Process]end of call RPC function. ret=0
D/BrowserActivity( 6234): touch X=515.1389,Y=100.0
D/BrowserActivity( 6234): ***************** Key Code: 20*******************
D/InputEventConsistencyVerifier( 6234): KeyEvent: ACTION_UP but key was not down.
D/InputEventConsistencyVerifier( 6234):   in com.android.internal.policy.impl.PhoneWindow$DecorView@4174c790
D/InputEventConsistencyVerifier( 6234):   0: sent at 7503193000000, KeyEvent { action=ACTION_UP, keyCode=KEYCODE_DPAD_DOWN, scanCode=108, metaState=0, flags=0x8, repeatCount=0, eventTime=7503193, downTime=7503031, deviceId=3, source=0x101 }
D/InputEventConsistencyVerifier( 6234):   -- recent events --
D/InputEventConsistencyVerifier( 6234):   1: sent at 7503045893000, (unhandled) MotionEvent { action=ACTION_HOVER_MOVE, id[0]=0, x[0]=515.1389, y[0]=100.0, toolType[0]=TOOL_TYPE_MOUSE, buttonState=0, metaState=0, flags=0x0, edgeFlags=0x0, pointerCount=1, historySize=0, eventTime=7503045, downTime=7455985, deviceId=36, source=0x2002 }
D/InputEventConsistencyVerifier( 6234):   2: sent at 7502937000000, (unhandled) KeyEvent { action=ACTION_UP, keyCode=KEYCODE_DPAD_DOWN, scanCode=108, metaState=0, flags=0x80000008, repeatCount=0, eventTime=7502937, downTime=7502775, deviceId=3, source=0x101 }
D/InputEventConsistencyVerifier( 6234):   3: sent at 7502789355000, (unhandled) MotionEvent { action=ACTION_HOVER_MOVE, id[0]=0, x[0]=515.1389, y[0]=82.0, toolType[0]=TOOL_TYPE_MOUSE, buttonState=0, metaState=0, flags=0x0, edgeFlags=0x0, pointerCount=1, historySize=0, eventTime=7502789, downTime=7455985, deviceId=36, source=0x2002 }
D/InputEventConsistencyVerifier( 6234):   4: sent at 7501573000000, (unhandled) KeyEvent { action=ACTION_UP, keyCode=KEYCODE_DPAD_DOWN, scanCode=108, metaState=0, flags=0x80000008, repeatCount=0, eventTime=7501573, downTime=7501411, deviceId=3, source=0x101 }
D/InputEventConsistencyVerifier( 6234):   5: sent at 7501425211000, MotionEvent { action=ACTION_HOVER_MOVE, id[0]=0, x[0]=515.1389, y[0]=71.0, toolType[0]=TOOL_TYPE_MOUSE, buttonState=0, metaState=0, flags=0x0, edgeFlags=0x0, pointerCount=1, historySize=0, eventTime=7501425, downTime=7455985, deviceId=36, source=0x2002 }
D/dalvikvm( 3718): GC_CONCURRENT freed 1957K, 45% free 7259K/13187K, paused 2ms+3ms
D/BrowserActivity( 6234): ***************** Key Code: 4*******************
D/BrowserActivity( 6234): onKey() enter
D/BrowserActivity( 6234): getCurrentWebView() enter
D/BrowserActivity( 6234): return default
D/BrowserActivity( 6234): getCurrentWebView() enter
D/BrowserActivity( 6234): return default
D/BrowserActivity( 6234): getCurrentWebView() enter
D/BrowserActivity( 6234): return default
D/BrowserActivity( 6234): KEYCODE BACK return
D/BrowserActivity( 6234): onPageStarted(WebView view, String url, Bitmap favicon) enter
D/BrowserActivity( 6234): onPageStarted(WebView view, String url, Bitmap favicon) leave
D/BrowserActivity( 6234): --------------------- on load resource --------------------
D/BrowserActivity( 6234): --------------------- on load resource --------------------
D/BrowserActivity( 6234): ***************** Key Code: 4*******************
D/BrowserActivity( 6234): onKey() enter
D/BrowserActivity( 6234): getCurrentWebView() enter
D/BrowserActivity( 6234): return default
D/BrowserActivity( 6234): onKey() enter leave
D/BrowserActivity( 6234): --------------------- on load resource --------------------
D/BrowserActivity( 6234): --------------------- on load resource --------------------
D/BrowserActivity( 6234): --------------------- on load resource --------------------
D/BrowserActivity( 6234): --------------------- on load resource --------------------
D/MonitorCw880( 5992): currentRemoteHost is null ,continue
E/        ( 6234): get vaddr failed:pvaddr_read=0x62e4b000,pvaddr_internal=0x62f4b000,pvaddr_write=0x0
E/        ( 6234): get vaddr failed:pvaddr_read=0x62e4b000,pvaddr_internal=0x62f4b000,pvaddr_write=0x0
D/BrowserActivity( 6234): --------------------- on load resource --------------------
D/BrowserActivity( 6234): --------------------- on load resource --------------------
E/        ( 6234): get vaddr failed:pvaddr_read=0x62e4b000,pvaddr_internal=0x62f4b000,pvaddr_write=0x0
E/        ( 6234): get vaddr failed:pvaddr_read=0x62e4b000,pvaddr_internal=0x62f4b000,pvaddr_write=0x0
E/        ( 6234): get vaddr failed:pvaddr_read=0x62e4b000,pvaddr_internal=0x62f4b000,pvaddr_write=0x0
E/        ( 6234): get vaddr failed:pvaddr_read=0x62e4b000,pvaddr_internal=0x62f4b000,pvaddr_write=0x0
D/BrowserActivity( 6234): --------------------- on load resource --------------------
D/BrowserActivity( 6234): --------------------- on load resource --------------------
D/BrowserActivity( 6234): --------------------- on load resource --------------------
D/BrowserActivity( 6234): --------------------- on load resource --------------------
D/BrowserActivity( 6234): --------------------- on load resource --------------------
D/BrowserActivity( 6234): --------------------- on load resource --------------------
D/BrowserActivity( 6234): --------------------- on load resource --------------------
D/BrowserActivity( 6234): --------------------- on load resource --------------------
E/        ( 6234): get vaddr failed:pvaddr_read=0x62e4b000,pvaddr_internal=0x62f4b000,pvaddr_write=0x0
E/        ( 6234): get vaddr failed:pvaddr_read=0x62e4b000,pvaddr_internal=0x62f4b000,pvaddr_write=0x0
D/BrowserActivity( 6234): --------------------- on load resource --------------------
D/BrowserActivity( 6234): --------------------- on load resource --------------------
D/BrowserActivity( 6234): --------------------- on load resource --------------------
D/BrowserActivity( 6234): --------------------- on load resource --------------------
D/BrowserActivity( 6234): --------------------- on load resource --------------------
E/        ( 6234): get vaddr failed:pvaddr_read=0x62e4b000,pvaddr_internal=0x62f4b000,pvaddr_write=0x0
E/        ( 6234): get vaddr failed:pvaddr_read=0x62e4b000,pvaddr_internal=0x62f4b000,pvaddr_write=0x0
E/        ( 6234): get vaddr failed:pvaddr_read=0x62e4b000,pvaddr_internal=0x62f4b000,pvaddr_write=0x0
E/        ( 6234): get vaddr failed:pvaddr_read=0x62e4b000,pvaddr_internal=0x62f4b000,pvaddr_write=0x0
E/        ( 6234): get vaddr failed:pvaddr_read=0x62e4b000,pvaddr_internal=0x62f4b000,pvaddr_write=0x0
D/WEBKITPLUGIN( 6234): detect plugin is OBJECT,  parentElement:DIV, mimetype is :application/x-shockwave-flash, url is :http://irs01.net/MTFlashStore.swf#
D/plugin  ( 6234): flash(6247):  AndroidBrowser::Initialize ENTERING
D/plugin  ( 6234): flash(6247):  OSSDKVersion == ICS 15
D/plugin  ( 6234): flash(6247):  AndroidBrowser::Initialize InitNPInterfaces FOR NativeWindowInterfaceV0 AND VideoInterfaceV0  succeed 
D/plugin  ( 6234): flash(6247):  AndroidBrowser::Initialize LEAVING
D/plugin  ( 6234): flash(6247): Leave NPPlayerObject ctor
D/plugin  ( 6234): flash(6247): ^^^^^^^^^^^ NPPlugin::NPPlugin - Entering this:8260c0, thread:1f1258
D/plugin  ( 6234): flash(6247): ^^^^^^^^^^^ NPPlugin::NPPlugin - leaving this:8260c0, thread:1f1258
D/plugin  ( 6234): flash(6247): ^^^^^^^^^^^ AndroidPlugin::AndroidPlugin - Entering this:8260c0, thread:1f1258
D/plugin  ( 6234): flash(6247): AndroidPlugin::Initialize - Entering this:8260c0
D/plugin  ( 6234): flash(6247): NPBrowser::GetInstanceGroupIdentifier - group id: 0x00636d90
D/plugin  ( 6234): flash(6247): CoreGlobals::GetInstanceGroup - no group with id: 0x00636d90 found
D/plugin  ( 6234): flash(6247): CoreGlobals::AddInstanceGroup - creating new group: 0x670998d4 for id: 0x00636d90
D/plugin  ( 6234): flash(6247): CoreGlobals::GroupInstance - adding reference to group: 0x670998d4 with id: 0x00636d90
D/plugin  ( 6234): flash(6247): [JP] AndroidPlugin::Initialize kRequestDrawingModel_ANPSetValue kOpenGL_ANPDrawingModel
D/plugin  ( 6234): flash(6247): PlatformEClibboard Constructor
D/plugin  ( 6234): flash(6247): GetDeviceInfo returns 2
D/plugin  ( 6234): flash(6247): TSafeThread::Start #2036312
D/plugin  ( 6234): flash(6247): TSafeThread::Start #2036312
D/plugin  ( 6234): flash(6247): [JP] mmfx_new0(AndroidVirtualGlobals(this));
D/plugin  ( 6234): flash(6247): JNI call to Java SystemCapabilities.HasTrackBall returned false
D/plugin  ( 6234): flash(6247): AYEL: GetLibEntryInterface()
D/plugin  ( 6234): flash(6341): ThreadStartProc #14852792
D/plugin  ( 6234): flash(6341): TSafeThread::Run #14852792
D/plugin  ( 6234): flash(6341): TSafeThread::Thread Attached #14852792
D/plugin  ( 6234): flash(6340): ThreadStartProc #14852728
D/plugin  ( 6234): flash(6340): TSafeThread::Run #14852728
D/plugin  ( 6234): flash(6340): TSafeThread::Thread Attached #14852728
D/plugin  ( 6234): flash(6247): **********Sig file validation failed*************
D/plugin  ( 6234): flash(6247): [JP] m_virtual->ReadOemProperty
D/plugin  ( 6234): flash(6247): [JP] m_virtual->ReadOemProperty
D/plugin  ( 6234): flash(6247): [JP] double tap timeout 350
D/plugin  ( 6234): flash(6247): [JP] m_virtual->ReadOemProperty
D/plugin  ( 6234): flash(6247): CPU count is 2
D/plugin  ( 6234): flash(6247): [ Application Directory ] /data/data/com.coship.NetworkNavigation/app_plugins/com.adobe.flashplayer player ptr 0
D/plugin  ( 6234): flash(6247): [ Application Directory ] /data/data/com.coship.NetworkNavigation/app_plugins/com.adobe.flashplayer player ptr 0
D/plugin  ( 6234): flash(6247): ConfigManager::RetrievePersistentData***************** reading file from path /data/data/com.coship.NetworkNavigation/app_plugins/com.adobe.flashplayer/.macromedia/Flash_Player/config.data
D/plugin  ( 6234): flash(6247): Core Player constructor, this = 651d1000
D/plugin  ( 6234): flash(6247): [ Application Directory ] /data/data/com.coship.NetworkNavigation/app_plugins/com.adobe.flashplayer player ptr 0
D/plugin  ( 6234): flash(6247): Constructing platform player.
D/plugin  ( 6234): flash(6247): **********Check if device config is current**************
D/plugin  ( 6234): flash(6247): [ Application Directory ] /data/data/com.coship.NetworkNavigation/app_plugins/com.adobe.flashplayer player ptr 0
D/plugin  ( 6234): flash(6247): ConfigManager::RetrievePersistentData***************** reading file from path /data/data/com.coship.NetworkNavigation/app_plugins/com.adobe.flashplayer/.macromedia/Flash_Player/cfg_req_ts
D/plugin  ( 6234): flash(6247): In AndroidWindow::AndroidWindow
D/plugin  ( 6234): flash(6247): Begin InitGlobalObject for https://settings.adobe.com/flashplayer/
D/plugin  ( 6234): flash(6247): Locale = zh-CN
D/plugin  ( 6234): flash(6247): PlatformPlayer::GetScreenDPI returning 160
D/plugin  ( 6234): flash(6247): ++[ PineONE ]++ Entered SystemCapabilitiesQuery function +++
D/plugin  ( 6234): flash(6247): PlatformPlayer::GetScreenDPI returning 160
D/plugin  ( 6234): flash(6247): [ Application Directory ] /data/data/com.coship.NetworkNavigation/app_plugins/com.adobe.flashplayer player ptr 651d1000
D/plugin  ( 6234): flash(6247): [ Application Directory ] /data/data/com.coship.NetworkNavigation/app_plugins/com.adobe.flashplayer player ptr 651d1000
D/plugin  ( 6234): flash(6247): ~~~~~~~~~~~~~ NPPlugin::CreatePlayer WMODE was seen and it is relevant plugin=8260c0
D/plugin  ( 6234): flash(6247): ~~~~~~~~~~~~~ NPPlugin::CreatePlayer wmode, transparent and movie is >=Mozilla 1
D/plugin  ( 6234): flash(6247): [Security] AllowScriptAccess set to always
D/plugin  ( 6234): flash(6247): window.location is http://www.youku.com/
D/plugin  ( 6234): flash(6247): top.location is http://www.youku.com/
D/plugin  ( 6234): flash(6247): AndroidPlugin::Initialize - Leaving this:8260c0, m_nativeWindow=0  
D/plugin  ( 6234): flash(6247): NewPlugin player=0x651d1000
D/plugin  ( 6234): flash(6247): AndroidPlugin::SetWindow: this:8260c0, thread 1f1258, x,y,w,h [1238 568 10 10], clip[l,t,r,b]=[1238 568 1248 578]
E/        ( 6234): get vaddr failed:pvaddr_read=0x62e4b000,pvaddr_internal=0x62f4b000,pvaddr_write=0x0
D/BrowserActivity( 6234): --------------------- on load resource --------------------
D/BrowserActivity( 6234): --------------------- on load resource --------------------
D/plugin  ( 6234): flash(6247): entering NPPlugin::NewStream, plugin=8260c0
E/        ( 6234): get vaddr failed:pvaddr_read=0x62e4b000,pvaddr_internal=0x62f4b000,pvaddr_write=0x0
D/plugin  ( 6234): flash(6247): entering NPPlugin::DestroyStream reason=0, plugin=8260c0
E/        ( 6234): get vaddr failed:pvaddr_read=0x62e4b000,pvaddr_internal=0x62f4b000,pvaddr_write=0x0
E/        ( 6234): get vaddr failed:pvaddr_read=0x62e4b000,pvaddr_internal=0x62f4b000,pvaddr_write=0x0
E/        ( 6234): get vaddr failed:pvaddr_read=0x62e4b000,pvaddr_internal=0x62f4b000,pvaddr_write=0x0
E/        ( 6234): get vaddr failed:pvaddr_read=0x62e4b000,pvaddr_internal=0x62f4b000,pvaddr_write=0x0
E/        ( 6234): get vaddr failed:pvaddr_read=0x62e4b000,pvaddr_internal=0x62f4b000,pvaddr_write=0x0
D/BrowserActivity( 6234): --------------------- on load resource --------------------
D/plugin  ( 6234): flash(6247): [531]static int16 AndroidPlugin::HandleEvent(NPP_t*, void*) evt->eventType = 4
D/plugin  ( 6234): flash(6247): AndroidPlugin::HandleEvent: Draw Event Type !! - plugin=8260c0
D/plugin  ( 6234): flash(6247): AndroidPlugin::AcquireNativeWindow - plugin =8260c0, npp instance = dc3248 result =66dfd8 
D/plugin  ( 6234): flash(6247): SUCCESS loading libAndorid: function ANativeWindow_fromSurface
D/plugin  ( 6234): flash(6247): SUCCESS loading libAndorid: function ANativeWindow_acquire
D/plugin  ( 6234): flash(6247): SUCCESS loading libAndorid: function ANativeWindow_release
D/plugin  ( 6234): flash(6247): SUCCESS loading libAndorid: function ANativeWindow_setBuffersGeometry
D/plugin  ( 6234): flash(6247): SUCCESS loading libAndorid: function ANativeWindow_lock
D/plugin  ( 6234): flash(6247): SUCCESS loading libAndorid: function ANativeWindow_unlockAndPost
D/plugin  ( 6234): flash(6247): AndroidPlugin, InitNativeWindow, setBuffersGeometry succeed w,h=(10,10),winFormat=1 
D/plugin  ( 6234): flash(6247): kDraw_ANPEventType coming in while not in full screen mode 10 10
D/plugin  ( 6234): flash(6247): kDraw_ANPEventType, call OnSurfaceChanged(), m_nativeWindow=66dfd8, m_drawingModel=4
D/plugin  ( 6234): flash(6247): [JP] AndroidPlugin::OnSurfaceChanged -  Entering: this:8260c0, surfaceBitFormat, m_surfaceWidth, m_surfaceHeight, m_widthAndHeightKnown, m_windowWidth, m_windowHeight = (1,kRGBA_8888_ANPBitmapFormat,10,10,1,10,10)
D/plugin  ( 6234): flash(6247): [JP] GetScreenResolution 1280 720
D/plugin  ( 6234): flash(6247): [JP] Status bar height 710
D/plugin  ( 6234): flash(6247): AndroidPlugin::OnSurfaceChanged ANativeWindow_setBuffersGeometry succeed ! 
D/plugin  ( 6234):  
D/plugin  ( 6234): flash(6247): ================== Entering PlatformPlayer::RespondToSurfaceChanged - format,width,height,bgc,zoom -<1,10,10,ffffffff,1.00>plugin=8260c0
D/plugin  ( 6234): flash(6247): PlatformPlayer::ClientRect <0,0,10,10>
D/plugin  ( 6234): flash(6247): Creating DISPLAY CONTEXT W,H = 10,10
D/plugin  ( 6234): flash(6247): ****************************************************************************
D/plugin  ( 6234): flash(6247): ***************        ::CreateDisplayContext  useGPU = 0      ************
D/plugin  ( 6234): flash(6247): ****************************************************************************
D/plugin  ( 6234): flash(6247): Creating an Andr