E/ActivityThread( 4715):        at com.android.internal.os.ZygoteInit$MethodAndArgsCaller.run(ZygoteInit.java:848)
E/ActivityThread( 4715):        at com.android.internal.os.ZygoteInit.main(ZygoteInit.java:575)
E/ActivityThread( 4715):        at dalvik.system.NativeStart.main(Native Method)
W/ActivityManager( 1114): Unbind failed: could not find connection for android.os.BinderProxy@41756d48
E/ActivityThread( 4715): Activity com.coship.dvbplayer.main has leaked ServiceConnection com.aidufei.otoService.ServiceAdapter$1@42e0a8f0 that was originally bound here
E/ActivityThread( 4715): android.app.ServiceConnectionLeaked: Activity com.coship.dvbplayer.main has leaked ServiceConnection com.aidufei.otoService.ServiceAdapter$1@42e0a8f0 that was originally bound here
E/ActivityThread( 4715):        at android.app.LoadedApk$ServiceDispatcher.<init>(LoadedApk.java:936)
E/ActivityThread( 4715):        at android.app.LoadedApk.getServiceDispatcher(LoadedApk.java:830)
E/ActivityThread( 4715):        at android.app.ContextImpl.bindService(ContextImpl.java:1142)
E/ActivityThread( 4715):        at android.content.ContextWrapper.bindService(ContextWrapper.java:370)
E/ActivityThread( 4715):        at com.aidufei.otoService.ServiceAdapter.<init>(ServiceAdapter.java:52)
E/ActivityThread( 4715):        at com.coship.dvbplayer.main.init(main.java:465)
E/ActivityThread( 4715):        at com.coship.dvbplayer.main.onResume(main.java:435)
E/ActivityThread( 4715):        at android.app.Instrumentation.callActivityOnResume(Instrumentation.java:1154)
E/ActivityThread( 4715):        at android.app.Activity.performResume(Activity.java:4539)
E/ActivityThread( 4715):        at android.app.ActivityThread.performResumeActivity(ActivityThread.java:2434)
E/ActivityThread( 4715):        at android.app.ActivityThread.handleResumeActivity(ActivityThread.java:2472)
E/ActivityThread( 4715):        at android.app.ActivityThread$H.handleMessage(ActivityThread.java:1173)
E/ActivityThread( 4715):        at android.os.Handler.dispatchMessage(Handler.java:99)
E/ActivityThread( 4715):        at android.os.Looper.loop(Looper.java:137)
E/ActivityThread( 4715):        at android.app.ActivityThread.main(ActivityThread.java:4424)
E/ActivityThread( 4715):        at java.lang.reflect.Method.invokeNative(Native Method)
E/ActivityThread( 4715):        at java.lang.reflect.Method.invoke(Method.java:511)
E/ActivityThread( 4715):        at com.android.internal.os.ZygoteInit$MethodAndArgsCaller.run(ZygoteInit.java:848)
E/ActivityThread( 4715):        at com.android.internal.os.ZygoteInit.main(ZygoteInit.java:575)
E/ActivityThread( 4715):        at dalvik.system.NativeStart.main(Native Method)
W/ActivityManager( 1114): Unbind failed: could not find connection for android.os.BinderProxy@415fd330
E/ActivityThread( 4715): Activity com.coship.dvbplayer.main has leaked ServiceConnection com.aidufei.otoService.ServiceAdapter$1@42a11c88 that was originally bound here
E/ActivityThread( 4715): android.app.ServiceConnectionLeaked: Activity com.coship.dvbplayer.main has leaked ServiceConnection com.aidufei.otoService.ServiceAdapter$1@42a11c88 that was originally bound here
E/ActivityThread( 4715):        at android.app.LoadedApk$ServiceDispatcher.<init>(LoadedApk.java:936)
E/ActivityThread( 4715):        at android.app.LoadedApk.getServiceDispatcher(LoadedApk.java:830)
E/ActivityThread( 4715):        at android.app.ContextImpl.bindService(ContextImpl.java:1142)
E/ActivityThread( 4715):        at android.content.ContextWrapper.bindService(ContextWrapper.java:370)
E/ActivityThread( 4715):        at com.aidufei.otoService.ServiceAdapter.<init>(ServiceAdapter.java:52)
E/ActivityThread( 4715):        at com.coship.dvbplayer.main.init(main.java:465)
E/ActivityThread( 4715):        at com.coship.dvbplayer.main.onResume(main.java:435)
E/ActivityThread( 4715):        at android.app.Instrumentation.callActivityOnResume(Instrumentation.java:1154)
E/ActivityThread( 4715):        at android.app.Activity.performResume(Activity.java:4539)
E/ActivityThread( 4715):        at android.app.ActivityThread.performResumeActivity(ActivityThread.java:2434)
E/ActivityThread( 4715):        at android.app.ActivityThread.handleResumeActivity(ActivityThread.java:2472)
E/ActivityThread( 4715):        at android.app.ActivityThread$H.handleMessage(ActivityThread.java:1173)
E/ActivityThread( 4715):        at android.os.Handler.dispatchMessage(Handler.java:99)
E/ActivityThread( 4715):        at android.os.Looper.loop(Looper.java:137)
E/ActivityThread( 4715):        at android.app.ActivityThread.main(ActivityThread.java:4424)
E/ActivityThread( 4715):        at java.lang.reflect.Method.invokeNative(Native Method)
E/ActivityThread( 4715):        at java.lang.reflect.Method.invoke(Method.java:511)
E/ActivityThread( 4715):        at com.android.internal.os.ZygoteInit$MethodAndArgsCaller.run(ZygoteInit.java:848)
E/ActivityThread( 4715):        at com.android.internal.os.ZygoteInit.main(ZygoteInit.java:575)
E/ActivityThread( 4715):        at dalvik.system.NativeStart.main(Native Method)
W/ActivityManager( 1114): Unbind failed: could not find connection for android.os.BinderProxy@41678158
E/ActivityThread( 4715): Activity com.coship.dvbplayer.main has leaked ServiceConnection com.aidufei.otoService.ServiceAdapter$1@434971c8 that was originally bound here
E/ActivityThread( 4715): android.app.ServiceConnectionLeaked: Activity com.coship.dvbplayer.main has leaked ServiceConnection com.aidufei.otoService.ServiceAdapter$1@434971c8 that was originally bound here
E/ActivityThread( 4715):        at android.app.LoadedApk$ServiceDispatcher.<init>(LoadedApk.java:936)
E/ActivityThread( 4715):        at android.app.LoadedApk.getServiceDispatcher(LoadedApk.java:830)
E/ActivityThread( 4715):        at android.app.ContextImpl.bindService(ContextImpl.java:1142)
E/ActivityThread( 4715):        at android.content.ContextWrapper.bindService(ContextWrapper.java:370)
E/ActivityThread( 4715):        at com.aidufei.otoService.ServiceAdapter.<init>(ServiceAdapter.java:52)
E/ActivityThread( 4715):        at com.coship.dvbplayer.main.init(main.java:465)
E/ActivityThread( 4715):        at com.coship.dvbplayer.main.onResume(main.java:435)
E/ActivityThread( 4715):        at android.app.Instrumentation.callActivityOnResume(Instrumentation.java:1154)
E/ActivityThread( 4715):        at android.app.Activity.performResume(Activity.java:4539)
E/ActivityThread( 4715):        at android.app.ActivityThread.performResumeActivity(ActivityThread.java:2434)
E/ActivityThread( 4715):        at android.app.ActivityThread.handleResumeActivity(ActivityThread.java:2472)
E/ActivityThread( 4715):        at android.app.ActivityThread$H.handleMessage(ActivityThread.java:1173)
E/ActivityThread( 4715):        at android.os.Handler.dispatchMessage(Handler.java:99)
E/ActivityThread( 4715):        at android.os.Looper.loop(Looper.java:137)
E/ActivityThread( 4715):        at android.app.ActivityThread.main(ActivityThread.java:4424)
E/ActivityThread( 4715):        at java.lang.reflect.Method.invokeNative(Native Method)
E/ActivityThread( 4715):        at java.lang.reflect.Method.invoke(Method.java:511)
E/ActivityThread( 4715):        at com.android.internal.os.ZygoteInit$MethodAndArgsCaller.run(ZygoteInit.java:848)
E/ActivityThread( 4715):        at com.android.internal.os.ZygoteInit.main(ZygoteInit.java:575)
E/ActivityThread( 4715):        at dalvik.system.NativeStart.main(Native Method)
W/ActivityManager( 1114): Unbind failed: could not find connection for android.os.BinderProxy@415848c0
E/ActivityThread( 4715): Activity com.coship.dvbplayer.main has leaked ServiceConnection com.aidufei.otoService.ServiceAdapter$1@42a238b0 that was originally bound here
E/ActivityThread( 4715): android.app.ServiceConnectionLeaked: Activity com.coship.dvbplayer.main has leaked ServiceConnection com.aidufei.otoService.ServiceAdapter$1@42a238b0 that was originally bound here
E/ActivityThread( 4715):        at android.app.LoadedApk$ServiceDispatcher.<init>(LoadedApk.java:936)
E/ActivityThread( 4715):        at android.app.LoadedApk.getServiceDispatcher(LoadedApk.java:830)
E/ActivityThread( 4715):        at android.app.ContextImpl.bindService(ContextImpl.java:1142)
E/ActivityThread( 4715):        at android.content.ContextWrapper.bindService(ContextWrapper.java:370)
E/ActivityThread( 4715):        at com.aidufei.otoService.ServiceAdapter.<init>(ServiceAdapter.java:52)
E/ActivityThread( 4715):        at com.coship.dvbplayer.main.init(main.java:465)
E/ActivityThread( 4715):        at com.coship.dvbplayer.main.dispatchKeyEvent(main.java:236)
E/ActivityThread( 4715):        at com.android.internal.policy.impl.PhoneWindow$DecorView.dispatchKeyEvent(PhoneWindow.java:1806)
E/ActivityThread( 4715):        at android.view.ViewRootImpl.deliverKeyEventPostIme(ViewRootImpl.java:3327)
E/ActivityThread( 4715):        at android.view.ViewRootImpl.handleFinishedEvent(ViewRootImpl.java:3300)
E/ActivityThread( 4715):        at android.view.ViewRootImpl.handleMessage(ViewRootImpl.java:2460)
E/ActivityThread( 4715):        at android.os.Handler.dispatchMessage(Handler.java:99)
E/ActivityThread( 4715):        at android.os.Looper.loop(Looper.java:137)
E/ActivityThread( 4715):        at android.app.ActivityThread.main(ActivityThread.java:4424)
E/ActivityThread( 4715):        at java.lang.reflect.Method.invokeNative(Native Method)
E/ActivityThread( 4715):        at java.lang.reflect.Method.invoke(Method.java:511)
E/ActivityThread( 4715):        at com.android.internal.os.ZygoteInit$MethodAndArgsCaller.run(ZygoteInit.java:848)
E/ActivityThread( 4715):        at com.android.internal.os.ZygoteInit.main(ZygoteInit.java:575)
E/ActivityThread( 4715):        at dalvik.system.NativeStart.main(Native Method)
W/ActivityManager( 1114): Unbind failed: could not find connection for android.os.BinderProxy@415750b0
W/InputManagerService( 1114): Starting input on non-focused client com.android.internal.view.IInputMethodClient$Stub$Proxy@41494028 (uid=1000 pid=1693)
W/ActivityManager( 1114): Unbind failed: could not find connection for android.os.BinderProxy@418a3bd8
I/ActivityManager( 1114): START {flg=0x10000000 cmp=com.coship.sdp.sce.tvappstore/.MenuActivity} from pid 1965
I/ActivityManager( 1114): START {flg=0x10000000 cmp=com.coship.sdp.sce.tvappstore/.MenuActivity} from pid 1965
I/WindowManager( 1114): WIN DEATH: Window{4150b7f0 com.coship.sdp.sce.tvappstore/com.coship.sdp.sce.tvappstore.MainActivity paused=true}
I/ActivityManager( 1114): Process com.coship.sdp.sce.tvappstore (pid 1965) has died.
W/ActivityManager( 1114): Scheduling restart of crashed service com.coship.sdp.sce.tvappstore/.app.service.AppStoreCoreService in 1250ms
I/WindowManager( 1114): WIN DEATH: Window{415eadc8 com.coship.sdp.sce.tvappstore/com.coship.sdp.sce.tvappstore.MenuActivity paused=false}
I/WindowManager( 1114): WIN DEATH: Window{4187e468 com.coship.sdp.sce.tvappstore/com.coship.sdp.sce.tvappstore.AppMyAppUIMain paused=true}
I/ActivityManager( 1114): Start proc com.coship.sdp.sce.tvappstore for restart com.coship.sdp.sce.tvappstore: pid=8724 uid=1000 gids={3003, 1015, 3002, 3001, 3004}
W/ActivityManager( 1114): Force removing ActivityRecord{41458168 com.coship.sdp.sce.tvappstore/.MenuActivity}: app died, no saved state
W/InputManagerService( 1114): Got RemoteException sending setActive(false) notification to pid 1965 uid 1000
W/ActivityManager( 1114): Activity destroy timeout for ActivityRecord{414a2bf8 com.coship.sdp.sce.tvappstore/.MainActivity}
W/ActivityManager( 1114): Activity destroy timeout for ActivityRecord{41480d60 com.coship.sdp.sce.tvappstore/.AppMyAppUIMain}
I/ActivityManager( 1114): START {flg=0x78000000 cmp=com.coship.dvbplayer/.main (has extras)} from pid 2263
V/TabletStatusBar( 1222): setLightsOn(true)
W/InputManagerService( 1114): Starting input on non-focused client com.android.internal.view.IInputMethodClient$Stub$Proxy@4169c008 (uid=1000 pid=2263)
I/ActivityManager( 1114): START {act=android.intent.LOOKBACK_PLAYER cmp=com.coship.dvbplayer/.videoplayer.VideoPlayer (has extras)} from pid 4715
V/TabletStatusBar( 1222): setLightsOn(true)
I/ActivityManager( 1114): START {flg=0x78000000 cmp=com.coship.dvbplayer/.main (has extras)} from pid 2263
V/TabletStatusBar( 1222): setLightsOn(true)
I/ActivityManager( 1114): START {act=android.intent.LOOKBACK_PLAYER cmp=com.coship.dvbplayer/.videoplayer.VideoPlayer (has extras)} from pid 4715
E/ActivityThread( 4715): Activity com.coship.dvbplayer.main has leaked IntentReceiver com.coship.dvbplayer.epg.Alreceiver@4357fde0 that was originally registered here. Are you missing a call to unregisterReceiver()?
E/ActivityThread( 4715): android.app.IntentReceiverLeaked: Activity com.coship.dvbplayer.main has leaked IntentReceiver com.coship.dvbplayer.epg.Alreceiver@4357fde0 that was originally registered here. Are you missing a call to unregisterReceiver()?
E/ActivityThread( 4715):        at android.app.LoadedApk$ReceiverDispatcher.<init>(LoadedApk.java:763)
E/ActivityThread( 4715):        at android.app.LoadedApk.getReceiverDispatcher(LoadedApk.java:567)
E/ActivityThread( 4715):        at android.app.ContextImpl.registerReceiverInternal(ContextImpl.java:1068)
E/ActivityThread( 4715):        at android.app.ContextImpl.registerReceiver(ContextImpl.java:1055)
E/ActivityThread( 4715):        at android.app.ContextImpl.registerReceiver(ContextImpl.java:1049)
E/ActivityThread( 4715):        at android.content.ContextWrapper.registerReceiver(ContextWrapper.java:341)
E/ActivityThread( 4715):        at com.coship.dvbplayer.epg.Reserve.register(Reserve.java:88)
E/ActivityThread( 4715):        at com.coship.dvbplayer.epg.Reserve.getInstance(Reserve.java:56)
E/ActivityThread( 4715):        at com.coship.dvbplayer.view.EpgList.getInstance(EpgList.java:134)
E/ActivityThread( 4715):        at com.coship.dvbplayer.view.OklistView.init(OklistView.java:112)
E/ActivityThread( 4715):        at com.coship.dvbplayer.view.OklistView.getInstance(OklistView.java:85)
E/ActivityThread( 4715):        at com.coship.dvbplayer.Control.init(Control.java:108)
E/ActivityThread( 4715):        at com.coship.dvbplayer.Control.getInstance(Control.java:81)
E/ActivityThread( 4715):        at com.coship.dvbplayer.main.init(main.java:511)
E/ActivityThread( 4715):        at com.coship.dvbplayer.main.onResume(main.java:435)
E/ActivityThread( 4715):        at android.app.Instrumentation.callActivityOnResume(Instrumentation.java:1154)
E/ActivityThread( 4715):        at android.app.Activity.performResume(Activity.java:4539)
E/ActivityThread( 4715):        at android.app.ActivityThread.performResumeActivity(ActivityThread.java:2434)
E/ActivityThread( 4715):        at android.app.ActivityThread.handleResumeActivity(ActivityThread.java:2472)
E/ActivityThread( 4715):        at android.app.ActivityThread.handleLaunchActivity(ActivityThread.java:1986)
E/ActivityThread( 4715):        at android.app.ActivityThread.access$600(ActivityThread.java:123)
E/ActivityThread( 4715):        at android.app.ActivityThread$H.handleMessage(ActivityThread.java:1147)
E/ActivityThread( 4715):        at android.os.Handler.dispatchMessage(Handler.java:99)
E/ActivityThread( 4715):        at android.os.Looper.loop(Looper.java:137)
E/ActivityThread( 4715):        at android.app.ActivityThread.main(ActivityThread.java:4424)
E/ActivityThread( 4715):        at java.lang.reflect.Method.invokeNative(Native Method)
E/ActivityThread( 4715):        at java.lang.reflect.Method.invoke(Method.java:511)
E/ActivityThread( 4715):        at com.android.internal.os.ZygoteInit$MethodAndArgsCaller.run(ZygoteInit.java:848)
E/ActivityThread( 4715):        at com.android.internal.os.ZygoteInit.main(ZygoteInit.java:575)
E/ActivityThread( 4715):        at dalvik.system.NativeStart.main(Native Method)
V/TabletStatusBar( 1222): setLightsOn(true)
E/AndroidRuntime( 4715): FATAL EXCEPTION: main
E/AndroidRuntime( 4715): java.lang.RuntimeException: Unable to destroy activity {com.coship.dvbplayer/com.coship.dvbplayer.main}: java.lang.IllegalArgumentException: Receiver not registered: com.coship.dvbplayer.epg.Alreceiver@437a93c0
E/AndroidRuntime( 4715):        at android.app.ActivityThread.performDestroyActivity(ActivityThread.java:3112)
E/AndroidRuntime( 4715):        at android.app.ActivityThread.handleDestroyActivity(ActivityThread.java:3130)
E/AndroidRuntime( 4715):        at android.app.ActivityThread.access$1200(ActivityThread.java:123)
E/AndroidRuntime( 4715):        at android.app.ActivityThread$H.handleMessage(ActivityThread.java:1180)
E/AndroidRuntime( 4715):        at android.os.Handler.dispatchMessage(Handler.java:99)
E/AndroidRuntime( 4715):        at android.os.Looper.loop(Looper.java:137)
E/AndroidRuntime( 4715):        at android.app.ActivityThread.main(ActivityThread.java:4424)
E/AndroidRuntime( 4715):        at java.lang.reflect.Method.invokeNative(Native Method)
E/AndroidRuntime( 4715):        at java.lang.reflect.Method.invoke(Method.java:511)
E/AndroidRuntime( 4715):        at com.android.internal.os.ZygoteInit$MethodAndArgsCaller.run(ZygoteInit.java:848)
E/AndroidRuntime( 4715):        at com.android.internal.os.ZygoteInit.main(ZygoteInit.java:575)
E/AndroidRuntime( 4715):        at dalvik.system.NativeStart.main(Native Method)
E/AndroidRuntime( 4715): Caused by: java.lang.IllegalArgumentException: Receiver not registered: com.coship.dvbplayer.epg.Alreceiver@437a93c0
E/AndroidRuntime( 4715):        at android.app.LoadedApk.forgetReceiverDispatcher(LoadedApk.java:628)
E/AndroidRuntime( 4715):        at android.app.ContextImpl.unregisterReceiver(ContextImpl.java:1091)
E/AndroidRuntime( 4715):        at android.content.ContextWrapper.unregisterReceiver(ContextWrapper.java:354)
E/AndroidRuntime( 4715):        at com.coship.dvbplayer.epg.Reserve.unregister(Reserve.java:93)
E/AndroidRuntime( 4715):        at com.coship.dvbplayer.epg.Reserve.save(Reserve.java:218)
E/AndroidRuntime( 4715):        at com.coship.dvbplayer.view.EpgList.destroy(EpgList.java:910)
E/AndroidRuntime( 4715):        at com.coship.dvbplayer.view.OklistView.destroy(OklistView.java:378)
E/AndroidRuntime( 4715):        at com.coship.dvbplayer.Control.destroy(Control.java:625)
E/AndroidRuntime( 4715):        at com.coship.dvbplayer.main.onDestroy(main.java:379)
E/AndroidRuntime( 4715):        at android.app.Activity.performDestroy(Activity.java:4629)
E/AndroidRuntime( 4715):        at android.app.Instrumentation.callActivityOnDestroy(Instrumentation.java:1079)
E/AndroidRuntime( 4715):        at android.app.ActivityThread.performDestroyActivity(ActivityThread.java:3099)
E/AndroidRuntime( 4715):        ... 11 more
W/ActivityManager( 1114):   Force finishing activity com.coship.dvbplayer/.videoplayer.VideoPlayer
W/ActivityManager( 1114): Activity pause timeout for ActivityRecord{41458168 com.coship.dvbplayer/.videoplayer.VideoPlayer}
W/ActivityManager( 1114): Activity destroy timeout for ActivityRecord{417c16b8 com.coship.dvbplayer/.main}
W/ActivityManager( 1114): Activity destroy timeout for ActivityRecord{41458168 com.coship.dvbplayer/.videoplayer.VideoPlayer}
W/ThrottleService( 1114): unable to find stats for iface rmnet0
I/ActivityManager( 1114): Process com.coship.dvbplayer (pid 4715) has died.
I/WindowManager( 1114): WIN DEATH: Window{4145e588 com.coship.dvbplayer/com.coship.dvbplayer.main paused=false}
W/WindowManager( 1114): Force-removing child win Window{4174c230 SurfaceView paused=false} from container Window{4145e588 com.coship.dvbplayer/com.coship.dvbplayer.main paused=false}
I/WindowManager( 1114): WIN DEATH: Window{417f0c98 com.coship.dvbplayer/com.coship.dvbplayer.videoplayer.VideoPlayer paused=false}
W/WindowManager( 1114): Force-removing child win Window{417be010 SurfaceView paused=false} from container Window{417f0c98 com.coship.dvbplayer/com.coship.dvbplayer.videoplayer.VideoPlayer paused=false}
W/WindowManager( 1114): Failed looking up window
W/WindowManager( 1114): java.lang.IllegalArgumentException: Requested window android.os.BinderProxy@4174c068 does not exist
W/WindowManager( 1114):         at com.android.server.wm.WindowMan[18358.523122] [irq_proc_open][373] -16
agerService.windowForClientLocked(WindowManagerService.java:7185)
W/WindowManager( 1114):         at com.android.server.wm.WindowManagerService.windowForClientLocked(WindowManagerService.java:7176)
W/WindowManager( 1114):         at com.android.server.wm.WindowState$DeathRecipient.binderDied(WindowState.java:1545)
W/WindowManager( 1114):         at android.os.BinderProxy.sendDeathNotice(Binder.java:417)
W/WindowManager( 1114):         at dalvik.system.NativeStart.run(Native Method)
I/WindowManager( 1114): WIN DEATH: null
I/WindowManager( 1114): WIN DEATH: Window{4160a100 Toast paused=false}
I/WindowManager( 1114): WIN DEATH: Window{414a1630 com.coship.dvbplayer/com.coship.dvbplayer.videoplayer.VideoPlayer paused=false}
W/WindowManager( 1114): Failed looking up window
W/WindowManager( 1114): java.lang.IllegalArgumentException: Requested window android.os.BinderProxy@4167af50 does not exist
W/WindowManager( 1114):         at com.android.server.wm.WindowManagerService.windowForClientLocked(WindowManagerService.java:7185)
W/WindowManager( 1114):         at com.android.server.wm.WindowManagerService.windowForClientLocked(WindowManagerService.java:7176)
W/WindowManager( 1114):         at com.android.server.wm.WindowState$DeathRecipient.binderDied(WindowState.java:1545)
W/WindowManager( 1114):         at android.os.BinderProxy.sendDeathNotice(Binder.java:417)
W/WindowManager( 1114):         at dalvik.system.NativeStart.run(Native Method)
I/WindowManager( 1114): WIN DEATH: null
I/WindowManager( 1114): WINDOW DIED Window{417f0c98 com.coship.dvbplayer/com.coship.dvbplayer.videoplayer.VideoPlayer paused=false}
I/ActivityManager( 1114): START {flg=0x78000000 cmp=com.coship.dvbplayer/.main (has extras)} from pid 2263
I/ActivityManager( 1114): Start proc com.coship.dvbplayer for activity com.coship.dvbplayer/.main: pid=8825 uid=10032 gids={3003, 1015}
V/TabletStatusBar( 1222): setLightsOn(true)
W/InputManagerService( 1114): Starting input on non-focused client com.android.internal.view.IInputMethodClient$Stub$Proxy@4169c008 (uid=1000 pid=2263)
I/ActivityManager( 1114): START {act=android.intent.LOOKBACK_PLAYER cmp=com.coship.dvbplayer/.videoplayer.VideoPlayer (has extras)} from pid 8825
V/TabletStatusBar( 1222): setLightsOn(true)
V/CheckBackdoors( 1795): this is backdoor.
V/CheckBackdoors( 1795): Intent(com.coship.adjustthevolume.VolDown)
V/CheckBackdoors( 1795): add new backdoor. actionName=com.coship.adjustthevolume.VolumeKey, backdoor.mBackdoorKey=0x15
V/CheckBackdoors( 1795): add new backdoor. actionName=com.coship.adjustthevolume.VolumeKey, backdoor.mBackdoorKey=0x16
V/CheckBackdoors( 1795): add new backdoor. actionName=com.coship.adjustthevolume.VolumeKey, backdoor.mBackdoorKey=0x4
V/CheckBackdoors( 1795): this is backdoor.
V/CheckBackdoors( 1795): Intent(com.coship.adjustthevolume.VolDown)
V/CheckBackdoors( 1795): this is backdoor.
V/CheckBackdoors( 1795): Intent(com.coship.adjustthevolume.VolDown)
V/CheckBackdoors( 1795): this is backdoor.
V/CheckBackdoors( 1795): Intent(com.coship.adjustthevolume.Volup)
V/CheckBackdoors( 1795): now remove the backdoor: index =3, actionName=com.coship.adjustthevolume.VolumeKey, backdoor.mBackdoorKey=0x15
V/CheckBackdoors( 1795): now remove the backdoor: index =3, actionName=com.coship.adjustthevolume.VolumeKey, backdoor.mBackdoorKey=0x16
V/CheckBackdoors( 1795): now remove the backdoor: index =3, actionName=com.coship.adjustthevolume.VolumeKey, backdoor.mBackdoorKey=0x4
V/TabletStatusBar( 1222): setLightsOn(true)
W/ActivityManager( 1114): Duplicate finish request for ActivityRecord{416d6728 com.coship.dvbplayer/.videoplayer.VideoPlayer}
W/ProcessStats( 1114): Skipping unknown process pid 8863
I/ActivityManager( 1114): START {flg=0x78000000 cmp=com.coship.dvbplayer/.main (has extras)} from pid 2263
V/TabletStatusBar( 1222): setLightsOn(true)
W/InputManagerService( 1114): Starting input on non-focused client com.android.internal.view.IInputMethodClient$Stub$Proxy@4169c008 (uid=1000 pid=2263)
I/ActivityManager( 1114): START {act=android.intent.LOOKBACK_PLAYER cmp=com.coship.dvbplayer/.videoplayer.VideoPlayer (has extras)} from pid 8825
V/TabletStatusBar( 1222): setLightsOn(true)
I/ActivityManager( 1114): START {flg=0x78000000 cmp=com.coship.dvbplayer/.main (has extras)} from pid 2263
V/TabletStatusBar( 1222): setLightsOn(true)
E/AndroidRuntime( 8825): FATAL EXCEPTION: Thread-189
E/AndroidRuntime( 8825): java.lang.NullPointerException
E/AndroidRuntime( 8825):        at com.coship.dvbplayer.player.OTTPlayer.play(OTTPlayer.java:173)
E/AndroidRuntime( 8825):        at com.coship.dvbplayer.player.OTTPlayer$GetPlayURLThread.run(OTTPlayer.java:205)
W/ActivityManager( 1114):   Force finishing activity com.coship.dvbplayer/.main
E/ActivityThread( 8825): Activity com.coship.dvbplayer.main has leaked IntentReceiver com.coship.dvbplayer.epg.Alreceiver@415b1688 that was originally registered here. Are you missing a call to unregisterReceiver()?
E/ActivityThread( 8825): android.app.IntentReceiverLeaked: Activity com.coship.dvbplayer.main has leaked IntentReceiver com.coship.dvbplayer.epg.Alreceiver@415b1688 that was originally registered here. Are you missing a call to unregisterReceiver()?
E/ActivityThread( 8825):        at android.app.LoadedApk$ReceiverDispatcher.<init>(LoadedApk.java:763)
E/ActivityThread( 8825):        at android.app.LoadedApk.getReceiverDispatcher(LoadedApk.java:567)
E/ActivityThread( 8825):        at android.app.ContextImpl.registerReceiverInternal(ContextImpl.java:1068)
E/ActivityThread( 8825):        at android.app.ContextImpl.registerReceiver(ContextImpl.java:1055)
E/ActivityThread( 8825):        at android.app.ContextImpl.registerReceiver(ContextImpl.java:1049)
E/ActivityThread( 8825):        at android.content.ContextWrapper.registerReceiver(ContextWrapper.java:341)
E/ActivityThread( 8825):        at com.coship.dvbplayer.epg.Reserve.register(Reserve.java:88)
E/ActivityThread( 8825):        at com.coship.dvbplayer.epg.Reserve.getInstance(Reserve.java:56)
E/ActivityThread( 8825):        at com.coship.dvbplayer.view.EpgList.getInstance(EpgList.java:134)
E/ActivityThread( 8825):        at com.coship.dvbplayer.view.OklistView.init(OklistView.java:112)
E/ActivityThread( 8825):        at com.coship.dvbplayer.view.OklistView.getInstance(OklistView.java:85)
E/ActivityThread( 8825):        at com.coship.dvbplayer.Control.init(Control.java:108)
E/ActivityThread( 8825):        at com.coship.dvbplayer.Control.getInstance(Control.java:81)
E/ActivityThread( 8825):        at com.coship.dvbplayer.main.init(main.java:511)
E/ActivityThread( 8825):        at com.coship.dvbplayer.main.onResume(main.java:435)
E/ActivityThread( 8825):        at android.app.Instrumentation.callActivityOnResume(Instrumentation.java:1154)
E/ActivityThread( 8825):        at android.app.Activity.performResume(Activity.java:4539)
E/ActivityThread( 8825):        at android.app.ActivityThread.performResumeActivity(ActivityThread.java:2434)
E/ActivityThread( 8825):        at android.app.ActivityThread.handleResumeActivity(ActivityThread.java:2472)
E/ActivityThread( 8825):        at android.app.ActivityThread.handleLaunchActivity(ActivityThread.java:1986)
E/ActivityThread( 8825):        at android.app.ActivityThread.access$600(ActivityThread.java:123)
E/ActivityThread( 8825):        at android.app.ActivityThread$H.handleMessage(ActivityThread.java:1147)
E/ActivityThread( 8825):        at android.os.Handler.dispatchMessage(Handler.java:99)
E/ActivityThread( 8825):        at android.os.Looper.loop(Looper.java:137)
E/ActivityThread( 8825):        at android.app.ActivityThread.main(ActivityThread.java:4424)
E/ActivityThread( 8825):        at java.lang.reflect.Method.invokeNative(Native Method)
E/ActivityThread( 8825):        at java.lang.reflect.Method.invoke(Method.java:511)
E/ActivityThread( 8825):        at com.android.internal.os.ZygoteInit$MethodAndArgsCaller.run(ZygoteInit.java:848)
E/ActivityThread( 8825):        at com.android.internal.os.ZygoteInit.main(ZygoteInit.java:575)
E/ActivityThread( 8825):        at dalvik.system.NativeStart.main(Native Method)
I/ActivityManager( 1114): START {act=android.intent.LOOKBACK_PLAYER cmp=com.coship.dvbplayer/.videoplayer.VideoPlayer (has extras)} from pid 8825
I/ActivityManager( 1114): Process com.coship.dvbplayer (pid 8825) has died.
I/WindowManager( 1114): WIN DEATH: Window{41822150 SurfaceView paused=false}
I/WindowManager( 1114): WIN DEATH: Window{415e1dc8 com.coship.dvbplayer/com.coship.dvbplayer.videoplayer.VideoPlayer paused=false}
W/WindowManager( 1114): Force-removing child win Window{41817cf8 SurfaceView paused=false} from container Window{415e1dc8 com.coship.dvbplayer/com.coship.dvbplayer.videoplayer.VideoPlayer paused=false}
W/ActivityManager( 1114): Force removing ActivityRecord{41869480 com.coship.dvbplayer/.videoplayer.VideoPlayer}: app died, no saved state
I/WindowManager( 1114): WIN DEATH: Window{41884f78 com.coship.dvbplayer/com.coship.dvbplayer.main paused=false}
W/WindowManager( 1114): Failed looking up window
W/WindowManager( 1114): java.lang.IllegalArgumentException: Requested window android.os.BinderProxy@417535b8 does not exist
W/WindowManager( 1114):         at com.android.server.wm.WindowManagerService.windowForClientLocked(WindowManagerService.java:7185)
W/WindowManager( 1114):         at com.android.server.wm.WindowManagerService.windowForClientLocked(WindowManagerService.java:7176)
W/WindowManager( 1114):         at com.android.server.wm.WindowState$DeathRecipient.binderDied(WindowState.java:1545)
W/WindowManager( 1114):         at android.os.BinderProxy.sendDeathNotice(Binder.java:417)
W/WindowManager( 1114):         at dalvik.system.NativeStart.run(Native Method)
I/WindowManager( 1114): WIN DEATH: null
W/InputManagerService( 1114): Got RemoteException sending setActive(false) notification to pid 8825 uid 10032
W/ActivityManager( 1114): Activity destroy timeout for ActivityRecord{4148ba00 com.coship.dvbplayer/.main}
V/CheckBackdoors( 1795): this is backdoor.
V/CheckBackdoors( 1795): Intent(com.coship.adjustthevolume.VolDown)
V/CheckBackdoors( 1795): add new backdoor. actionName=com.coship.adjustthevolume.VolumeKey, backdoor.mBackdoorKey=0x15
V/CheckBackdoors( 1795): add new backdoor. actionName=com.coship.adjustthevolume.VolumeKey, backdoor.mBackdoorKey=0x16
V/CheckBackdoors( 1795): add new backdoor. actionName=com.coship.adjustthevolume.VolumeKey, backdoor.mBackdoorKey=0x4
W/InputManagerService( 1114): Starting input on non-focused client com.android.internal.view.IInputMethodClient$Stub$Proxy@4169c008 (uid=1000 pid=2263)
V/CheckBackdoors( 1795): this is backdoor.
V/CheckBackdoors( 1795): Intent(com.coship.adjustthevolume.VolDown)
V/CheckBackdoors( 1795): this is backdoor.
V/CheckBackdoors( 1795): Intent(com.coship.adjustthevolume.VolDown)
V/CheckBackdoors( 1795): now remove the backdoor: index =3, actionName=com.coship.adjustthevolume.VolumeKey, backdoor.mBackdoorKey=0x15
V/CheckBackdoors( 1795): now remove the backdoor: index =3, actionName=com.coship.adjustthevolume.VolumeKey, backdoor.mBackdoorKey=0x16
V/CheckBackdoors( 1795): now remove the backdoor: index =3, actionName=com.coship.adjustthevolume.VolumeKey, backdoor.mBackdoorKey=0x4
W/ThrottleService( 1114): unable to find stats for iface rmnet0
I/ActivityManager( 1114): START {flg=0x78000000 cmp=com.coship.dvbplayer/.main (has extras)} from pid 2263
I/ActivityManager( 1114): Start proc com.coship.dvbplayer for activity com.coship.dvbplayer/.main: pid=9005 uid=10032 gids={3003, 1015}
V/TabletStatusBar( 1222): setLightsOn(true)
W/InputManagerService( 1114): Starting input on non-focused client com.android.internal.view.IInputMethodClient$Stub$Proxy@4169c008 (uid=1000 pid=2263)
--------- beginning of /dev/log/main
I/System.out( 9005): message--->{"ret":"0","pageSize":10,"pageCount":1,"channelInfo":[{"channelID":"CCTV1HD","assetID":"TWSX0111101111100000","channelCode":null,"channelName":"CCTV-1()","videoType":1,"resourceOrder":1,"channelType":10001,"channelTypes":",1,","cityCode":100000,"gradeCode":"P","providerID":"coship","networkId":null,"description":"","feeType":0,"poster":[{"resolution":"1280*720","terminalType":3,"serverLocalPath":"http://photo.feifeikan.com:80/ott-poster/upload/poster/49d14743-abb2-4e13-9afa-48f9c0ec388e.png","PosterID":null,"OwnerCode":"10032","PosterType":2,"FileName":"CCTV-1.png","UploadTime":"2013-02-04 20:00:38","FileSize":0,"Status":1,"LocalPath":"http://photo.feifeikan.com:80/ott-poster/upload/poster/49d14743-abb2-4e13-9afa-48f9c0ec388e.png","Width":0,"Height":0,"Platform":2}],"channelTypeName":null,"cTypes":null,"brandLastUpdateTime":null,"brandHotPlay":null,"ResourceCode":"10032","TSID":1111,"serviceid":1111},{"channelID":"YSGQHD","assetID":"TWSX0111201112100000","channelCode":null,"channelName":"CCTV-","videoType":1,"resourceOrder":2,"channelType":10001,"channelTypes":",1,","cityCode":100000,"gradeCode":"P","providerID":"coship","networkId":null,"description":"","feeType":0,"poster":[{"resolution":"1280*720","terminalType":3,"serverLocalPath":"http://photo.feifeikan.com:80/ott-poster/upload/poster/8347e58d-20b7-4709-ad52-2a78ad583052.png","PosterID":null,"OwnerCode":"10045","PosterType":2,"FileName":"CCTV-.png","UploadTime":"2013-02-04 20:01:38","FileSize":0,"Status":1,"LocalPath":"http://photo.feifeikan.com:80/ott-poster/upload/poster/8347e58d-20b7-4709-ad52-2a78ad583052.png","Width":0,"Height":0,"Platform":2}],"channelTypeName":null,"cTypes":null,"brandLastUpdateTime":null,"brandHotPlay":null,"ResourceCode":"10045","TSID":1112,"serviceid":1112},{"channelID":"BJWSHD","assetID":"TWSX0111301113100000","channelCode":null,"channelName":"()","videoType":1,"resourceOrder":3,"channelType":10001,"channelTypes":",1,","cityCode":100000,"gradeCode":"P","providerID":"coship","networkId":null,"description":"","feeType":0,"poster":[{"resolution":"1280*720","terminalType":3,"serverLocalPath":"http://photo.feifeikan.com:80/ott-poster/upload/poster/fa1dd722-7f38-4f62-a327-f7a793e58d18.png","PosterID":null,"OwnerCode":"10046","PosterType":2,"FileName":".png","UploadTime":"2013-02-04 20:02:52","FileSize":0,"Status":1,"LocalPath":"http://photo.feifeikan.com:80/ott-poster/upload/poster/fa1dd722-7f38-4f62-a327-f7a793e58d18.png","Width":0,"Height":0,"Platform":2}],"channelTypeName":null,"cTypes":null,"brandLastUpdateTime":null,"brandHotPlay":null,"ResourceCode":"10046","TSID":1113,"serviceid":1113},{"channelID":"HNWSHD","assetID":"TWSX0111401114100000","channelCode":null,"channelName":"()","videoType":1,"resourceOrder":4,"channelType":10003,"channelTypes":",1,","cityCode":100000,"gradeCode":"P","providerID":"coship","networkId":null,"description":"","feeType":0,"poster":[{"resolution":"1280*720","terminalType":3,"serverLocalPath":"http://photo.feifeikan.com:80/ott-poster/upload/poster/5e30ea61-cbc4-40f5-8fbb-cf8882e70ff6.png","PosterID":null,"OwnerCode":"10047","PosterType":2,"FileName":".png","UploadTime":"2013-02-04 20:05:26","FileSize":0,"Status":1,"LocalPath":"http://photo.feifeikan.com:80/ott-poster/upload/poster/5e30ea61-cbc4-40f5-8fbb-cf8882e70ff6.png","Width":0,"Height":0,"Platform":2}],"channelTypeName":null,"cTypes":null,"brandLastUpdateTime":null,"brandHotPlay":null,"ResourceCode":"10047","TSID":1114,"serviceid":1114},{"channelID":"ZJWSHD","assetID":"TWSX0111501115100000","channelCode":null,"channelName":"()","videoType":1,"resourceOrder":5,"channelType":10003,"channelTypes":",1,","cityCode":100000,"gradeCode":"P","providerID":"coship","networkId":null,"description":"","feeType":0,"poster":[{"resolution":"1280*720","terminalType":3,"serverLocalPath":"http://photo.feifeikan.com:80/ott-poster/upload/poster/a375e878-1042-48af-971b-b585c20d3d7f.png","PosterID":null,"OwnerCode":"10048","PosterType":2,
I/message ( 9005): message  :{"ret":"0","retInfo":"","dateTime":"2013-03-22 14:19:55"}
I/System.out( 9005): message--->{"ret":"0","retInfo":"","dateTime":"2013-03-22 14:19:55"}
V/Tools   ( 9005): ++++++++++currentDate+++++++++2013-03-22 14:19:55
V/TimeShiftPlay( 9005): +++++nownmin+++++1363933140000
V/TimeShiftPlay( 9005): +++++delay+++++0
I/ActivityManager( 1114): START {act=android.intent.LOOKBACK_PLAYER cmp=com.coship.dvbplayer/.videoplayer.VideoPlayer (has extras)} from pid 9005
I/DVB_main( 9005): onPause
I/DVB_main( 9005): exit, Send broadcast playtype is 0
I/dvb_OTTPlayer( 9005): [stop] stop
I/dvb_LoadTips( 9005): [gethandler] objInstance:com.coship.dvbplayer.LoadTips@415c45d0
I/dvb_LoadTips( 9005): [gethandler] objInstance  mHandler:Handler (com.coship.dvbplayer.LoadTips$1) {414f3200}
I/dvb_LoadTips( 9005): [gethandler] objInstance:com.coship.dvbplayer.LoadTips@415c45d0
D/OtOService( 2263): TVContentReceiver: ACTION_TV_CONTENT_CHANGED, playType: 0 ,resourceCode: null
I/dvb_LoadTips( 9005): [gethandler] objInstance  mHandler:Handler (com.coship.dvbplayer.LoadTips$1) {414f3200}
D/ServerAdapter( 2263): Server addr: http://wasu.feifeikan.com:8080/
E/ServerHandler( 2263): Send:com.aidufei.protocol.oto.OtOContentRequest@4215c3f0
D/ServerHandler( 2263): ServerHandler send request:200:{"Status":{"ReturnCode":100,"Description":"TVContentChanged"},"ServerAddr":"http:\/\/wasu.feifeikan.com:8080\/","Volume":-1}
V/ServerHandler( 2263): ServerHandler send DatagramPacket:/192.168.1.104-[B@41812de8
E/dvb_OTTService( 9005): [getchannellist] se.name:CCTV-1() logo path:http://photo.feifeikan.com:80/ott-poster/upload/poster/49d14743-abb2-4e13-9afa-48f9c0ec388e.png
E/dvb_OTTService( 9005): [getchannellist] se.name:CCTV- logo path:http://photo.feifeikan.com:80/ott-poster/upload/poster/8347e58d-20b7-4709-ad52-2a78ad583052.png
E/dvb_OTTService( 9005): [getchannellist] se.name:() logo path:http://photo.feifeikan.com:80/ott-poster/upload/poster/fa1dd722-7f38-4f62-a327-f7a793e58d18.png
E/dvb_OTTService( 9005): [getchannellist] se.name:() logo path:http://photo.feifeikan.com:80/ott-poster/upload/poster/5e30ea61-cbc4-40f5-8fbb-cf8882e70ff6.png
E/dvb_OTTService( 9005): [getchannellist] se.name:() logo path:http://photo.feifeikan.com:80/ott-poster/upload/poster/a375e878-1042-48af-971b-b585c20d3d7f.png
D/dvb_OTTPlayer( 9005): Send broadcast: channelCode 10045 type 2
D/OtOService( 2263): TVContentReceiver: ACTION_TV_CONTENT_CHANGED, playType: 2 ,resourceCode: 10045
V/ServerHandler( 2263): ServerHandler send DatagramPacket:/192.168.1.104-[B@41ad5e08
I/dvb_LoadTips( 9005): [mHandler] ~~~~~~~~~~~~~~~~~~~~~~~~~mHandler:Handler (com.coship.dvbplayer.LoadTips$1) {414f3200} msg.what:5 msg.obj:null
D/dalvikvm( 9005): GC_CONCURRENT freed 1744K, 18% free 26654K/32195K, paused 2ms+4ms
D/dalvikvm( 9005): GC_FOR_ALLOC freed 18K, 18% free 26635K/32195K, paused 29ms
I/dalvikvm-heap( 9005): Grow heap (frag case) to 30.366MB for 791056-byte allocation
D/dalvikvm( 9005): GC_FOR_ALLOC freed <1K, 18% free 27408K/33027K, paused 30ms
I/message ( 9005): message  :{"ret":"0","palyURL":"http://live.feifeikan.com/live/coship,YSGQHD.m3u8?fmt=x264_0k_mpegts&sora=1&sk=C74EB362D255AAD222B79080A45CF19D&UUID=b3c1f7a1-7732-46b5-b12e-a6853a84275a&userCode=default&userName=default&spCode=484581254562&productCode=2&resourceCode=10045&subId=123&resourceName=&authType=2","retInfo":""}
I/System.out( 9005): message--->{"ret":"0","palyURL":"http://live.feifeikan.com/live/coship,YSGQHD.m3u8?fmt=x264_0k_mpegts&sora=1&sk=C74EB362D255AAD222B79080A45CF19D&UUID=b3c1f7a1-7732-46b5-b12e-a6853a84275a&userCode=default&userName=default&spCode=484581254562&productCode=2&resourceCode=10045&subId=123&resourceName=&authType=2","retInfo":""}
V/TabletStatusBar( 1222): setLightsOn(true)
D/Downloader(  739): [downloadThread]Downloader::removeTask  
E/dvb_OTTPlayer( 9005): [surfaceDestroyed]  holder:android.view.SurfaceView$4@41509e00
D/IMMPlayer(  739): stMedia.u32FileID:152048
D/IMMPlayer(  739): stMedia.u32FileSecondID:0
D/IMMPlayer(  739): stMedia.u32FileThirdID:0
D/IMMPlayer(  739): stMedia.u32FileFourthID:0
I//lib/ld-linux.so.3(  743): [24]:OFF; [25]:OFF; [26]:OFF; [27]:ON
I//lib/ld-linux.so.3(  743): [28]:ON; [29]:ON; [30]:ON; [31]:OFF
I//lib/ld-linux.so.3(  743): [32]:OFF; [33]:ON; [34]:ON; [35]:OFF
I//lib/ld-linux.so.3(  743): [36]:OFF; [37]:OFF; [38]:OFF; [39]:ON
I//lib/ld-linux.so.3(  743): [40]:ON; [41]:OFF; [42]:OFF; [43]:OFF
I//lib/ld-linux.so.3(  743): [44]:OFF; [45]:OFF; [46]:OFF; [47]:OFF
D/DataSource_M3U8(  739): 
D/DataSource_M3U8(  739):  do not update  mediaSequence : 0   url = http://live.feifeikan.com/live/hls/208?slice=044658   
D/DataSource_M3U8(  739): [M3U8] file: NULL line 
D/DataSource_M3U8(  739): HLS=====>> Live Stream!!!!
D/MstarPlayer(  739): 
D/MstarPlayer(  739):  getCurrentPosition is forbidden!!!  
I/ServiceAdapter( 9005): dvb_ResultCallBack: get stb vol:
D/OtOService( 2263): VOBsync :com.aidufei.otoService.PlayEvent@41afba18
E/ServerAdapter( 2263): ServerAdapter:0
E/ServerHandler( 2263): Send:com.aidufei.protocol.oto.OtOStatusRequest@41558850
D/ServerHandler( 2263): ServerHandler send request:103:{"ResourceInfo":{"ProductCode":"","PlayType":2,"ResourceCode":"","ResourceName":" "},"Status":{"ReturnCode":100,"Description":"ok"},"PlayStatus":0,"Volume":0}
V/ServerHandler( 2263): ServerHandler send DatagramPacket:/192.168.1.104-[B@41afe7e0
D/OtOService( 2263): send callback obj: com.aidufei.otoService.IServiceCallBack$Stub$Proxy@41aee7c0
E/ServerAdapter( 2263): ServerAdapter:0
E/ServerHandler( 2263): Send:com.aidufei.protocol.oto.OtOStatusRequest@42025760
D/ServerHandler( 2263): ServerHandler send request:103:{"Status":{"ReturnCode":99,"Description":"status sync processing"},"PlayStatus":0,"Volume":0}
V/ServerHandler( 2263): ServerHandler send DatagramPacket:/192.168.1.104-[B@41afd738
D/MstarPlayer(  739): 
D/MstarPlayer(  739):  getCurrentPosition is forbidden!!!  
D/MstarPlayer(  739): 
D/MstarPlayer(  739):  getCurrentPosition is forbidden!!!  
I/DVB_main( 9005): onDestroy
I/dvb_OTTPlayer( 9005): [stop] stop
D/MstarPlayer(  739): ==========MstarPlayer::reset : 0x2068de0==========
D/MstarPlayer(  739): 
D/MstarPlayer(  739):  This operation is forbidden!!!  
I/dvb_LoadTips( 9005): [gethandler] objInstance:com.coship.dvbplayer.LoadTips@415c45d0
I/dvb_LoadTips( 9005): [gethandler] objInstance  mHandler:Handler (com.coship.dvbplayer.LoadTips$1) {414f3200}
I/dvb_LoadTips( 9005): [gethandler] objInstance:com.coship.dvbplayer.LoadTips@415c45d0
I/dvb_LoadTips( 9005): [gethandler] objInstance  mHandler:Handler (com.coship.dvbplayer.LoadTips$1) {414f3200}
D/MstarPlayer(  739): ==========MstarPlayer::reset : 0x2068de0==========
D/MstarPlayer(  739): 
D/MstarPlayer(  739):  This operation is forbidden!!!  
D/ServiceAdapter( 9005): onDestroy.
V/OtOService( 2263): unregisterCallback:
D/MstarPlayer(  739): 
D/MstarPlayer(  739):  getCurrentPosition is forbidden!!!  
I/dvb_LoadTips( 9005): [mHandler] ~~~~~~~~~~~~~~~~~~~~~~~~~mHandler:Handler (com.coship.dvbplayer.LoadTips$1) {414f3200} msg.what:5 msg.obj:null
D/MstarPlayer(  739): 
D/MstarPlayer(  739):  getCurrentPosition is forbidden!!!  
D/MstarPlayer(  739): 
D/MstarPlayer(  739):  getCurrentPosition is forbidden!!!  
D/MstarPlayer(  739): 
D/MstarPlayer(  739):  getCurrentPosition is forbidden!!!  
D/DataSource_M3U8(  739): u32HLSSreamNum[0]===>u32BandWidth:800000 
D/DataSource_M3U8(  739): getHLSPlayListInex  DownloadBandWidth:4027   uInDex=0
D/DataSource_M3U8(  739): 
D/DataSource_M3U8(  739): 
D/DataSource_M3U8(  739): 
D/DataSource_M3U8(  739): ============Begin to get playlist !!=====================
D/DataSource_M3U8(  739): 
D/DataSource_M3U8(  739): 
D/MstarPlayer(  739): 
D/MstarPlayer(  739):  getCurrentPosition is forbidden!!!  
D/MstarPlayer(  739): 
D/MstarPlayer(  739):  getCurrentPosition is forbidden!!!  
I//lib/ld-linux.so.3(  743): Blocking Read: 1202, size: 0x20000.
D/MstarPlayer(  739): 
D/MstarPlayer(  739):  getCurrentPosition is forbidden!!!  
D/MstarPlayer(  739): 
D/MstarPlayer(  739):  getCurrentPosition is forbidden!!!  
D/MstarPlayer(  739): 
D/MstarPlayer(  739):  getCurrentPosition is forbidden!!!  
D/MstarPlayer(  739): 
D/MstarPlayer(  739):  getCurrentPosition is forbidden!!!  
D/MediaControler( 9005): onDestroy
D/MediaControler( 9005): stop
E/MediaPlayer( 9005): stop called in state 4
E/MediaPlayer( 9005): error (-38, 0)
D/MstarPlayer(  739): ==========MstarPlayer::reset : 0x2bd5610==========
D/MstarPlayer(  739): request to exit async thread
D/DataSource_M3U8(  739): 
D/DataSource_M3U8(  739): Warning : ForceContentSourceReset
I//lib/ld-linux.so.3(  743): Blocking Read: 200, size: 0x20000.
I//lib/ld-linux.so.3(  743): Bitrate = 262144 Byte/s, Duration = -1 ms
I//lib/ld-linux.so.3(  743): PackSize = 28200 Byte.
V/OtORequest( 2263): get command=103
V/OtORequest( 2263): parse OtORequest: cmd=103 paramLength=0 bufferlen=8
D/OtOService( 2263): client request get status.playType:2
D/OtOService( 2263): 2222
E/ServerAdapter( 2263): ServerAdapter:0
E/ServerHandler( 2263): Send:com.aidufei.protocol.oto.OtOStatusRequest@41664460
D/ServerHandler( 2263): ServerHandler send request:103:{"Status":{"ReturnCode":101,"Description":"status sync failed"},"PlayStatus":0,"Volume":0}
V/ServerHandler( 2263): ServerHandler send DatagramPacket:/192.168.1.104-[B@41ba0da0
D/MonitorCw880( 4659): currentRemoteHost is null ,continue
E/ServerHandler( 2263): receiveRequest
V/OtORequest( 2263): parseCommand
V/OtORequest( 2263): get command=103
V/OtORequest( 2263): parse OtORequest: cmd=103 paramLength=0 bufferlen=8
D/OtOService( 2263): client request get status.playType:2
D/OtOService( 2263): 2222
E/ServerAdapter( 2263): ServerAdapter:0
E/ServerHandler( 2263): Send:com.aidufei.protocol.oto.OtOStatusRequest@41afb1c8
D/ServerHandler( 2263): ServerHandler send request:103:{"Status":{"ReturnCode":101,"Description":"status sync failed"},"PlayStatus":0,"Volume":0}
V/ServerHandler( 2263): ServerHandler send DatagramPacket:/192.168.1.104-[B@41607658
D/dalvikvm( 1693): GC_CONCURRENT freed 2197K, 20% free 25775K/31875K, paused 2ms+5ms
D/HomePlayerLib( 1693): hostaddress count is 1
E/ServerHandler( 2263): receiveRequest
V/OtORequest( 2263): parseCommand
V/OtORequest( 2263): get command=103
V/OtORequest( 2263): parse OtORequest: cmd=103 paramLength=0 bufferlen=8
D/OtOService( 2263): client request get status.playType:2
D/OtOService( 2263): 2222
E/ServerAdapter( 2263): ServerAdapter:0
E/ServerHandler( 2263): Send:com.aidufei.protocol.oto.OtOStatusRequest@41833d58
D/ServerHandler( 2263): ServerHandler send request:103:{"Status":{"ReturnCode":101,"Description":"status sync failed"},"PlayStatus":0,"Volume":0}
V/ServerHandler( 2263): ServerHandler send DatagramPacket:/192.168.1.104-[B@421f6b70
D/dalvikvm( 1693): GC_CONCURRENT freed 1949K, 20% free 25765K/31875K, paused 2ms+5ms
D/dalvikvm( 1693): GC_CONCURRENT freed 1944K, 19% free 25868K/31875K, paused 2ms+5ms
E/ServerHandler( 2263): receiveRequest
V/OtORequest( 2263): parseCommand
V/OtORequest( 2263): get command=103
V/OtORequest( 2263): parse OtORequest: cmd=103 paramLength=0 bufferlen=8
D/OtOService( 2263): client request get status.playType:2
D/OtOService( 2263): 2222
E/ServerAdapter( 2263): ServerAdapter:0
E/ServerHandler( 2263): Send:com.aidufei.protocol.oto.OtOStatusRequest@418463e0
D/ServerHandler( 2263): ServerHandler send request:103:{"Status":{"ReturnCode":101,"Description":"status sync failed"},"PlayStatus":0,"Volume":0}
V/ServerHandler( 2263): ServerHandler send DatagramPacket:/192.168.1.104-[B@41826220
D/MonitorCw880( 4659): currentRemoteHost is null ,continue
D/MonitorCw880( 4659): currentRemoteHost is null ,continue
D/HomePlayerLib( 1693): hostaddress count is 1
D/dalvikvm( 1693): GC_CONCURRENT freed 2048K, 19% free 26076K/31875K, paused 3ms+5ms
D/dalvikvm( 1693): GC_CONCURRENT freed 2252K, 19% free 25855K/31875K, paused 2ms+4ms
D/MonitorCw880( 4659): currentRemoteHost is null ,continue
D/dhcpcd  ( 4861): sending DHCP_DISCOVER with xid 0xa4a26a6, next in 64.39 seconds
D/MonitorCw880( 4659): currentRemoteHost is null ,continue
E/dhcpcd  ( 4861): timed out
D/dhcpcd  ( 4861): executing `/system/etc/dhcpcd/dhcpcd-run-hooks', reason FAIL
D/dhcpcd  ( 4861): broadcasting for a lease
D/dhcpcd  ( 4861): sending DHCP_DISCOVER with xid 0xe6742ae0, next in 4.79 seconds
D/HomePlayerLib( 1693): hostaddress count is 1
D/dalvikvm( 1693): GC_CONCURRENT freed 2036K, 19% free 26036K/31875K, paused 3ms+5ms
D/dalvikvm( 1693): GC_CONCURRENT freed 2221K, 20% free 25803K/31875K, paused 2ms+5ms
D/MonitorCw880( 4659): currentRemoteHost is null ,continue
D/dhcpcd  ( 4861): sending DHCP_DISCOVER with xid 0xe6742ae0, next in 8.81 seconds
D/MonitorCw880( 4659): currentRemoteHost is null ,continue
D/HomePlayerLib( 1693): hostaddress count is 1
D/MonitorCw880( 4659): currentRemoteHost is null ,continue
D/dalvikvm( 1693): GC_CONCURRENT freed 1972K, 19% free 25924K/31875K, paused 2ms+5ms
D/dalvikvm( 1693): GC_CONCURRENT freed 2088K, 19% free 25883K/31875K, paused 2ms+5ms
D/dhcpcd  ( 4861): sending DHCP_DISCOVER with xid 0xe6742ae0, next in 15.14 seconds
D/MonitorCw880( 4659): currentRemoteHost is null ,continue
D/MonitorCw880( 4659): currentRemoteHost is null ,continue
D/HomePlayerLib( 1693): hostaddress count is 1
D/dalvikvm( 1693): GC_CONCURRENT freed 2049K, 19% free 25875K/31875K, paused 3ms+4ms
D/dalvikvm( 1693): GC_CONCURRENT freed 2054K, 19% free 25866K/31875K, paused 2ms+4ms
D/dalvikvm( 1693): GC_CONCURRENT freed 2045K, 20% free 25780K/31875K, paused 3ms+5ms
D/MonitorCw880( 4659): currentRemoteHost is null ,continue
D/dhcpcd  ( 4861): sending DHCP_DISCOVER with xid 0xe6742ae0, next in 31.58 seconds
D/MonitorCw880( 4659): currentRemoteHost is null ,continue
D/HomePlayerLib( 1693): hostaddress count is 1
D/dalvikvm( 1693): GC_CONCURRENT freed 1955K, 20% free 25757K/31875K, paused 2ms+5ms
D/dalvikvm( 1693): GC_CONCURRENT freed 1936K, 20% free 25813K/31875K, paused 3ms+5ms
D/MonitorCw880( 4659): currentRemoteHost is null ,continue
D/MonitorCw880( 4659): currentRemoteHost is null ,continue
