--------- beginning of /dev/log/system
03-22 09:22:05.435 W/WindowManager(  384): Failed looking up window
03-22 09:22:05.435 W/WindowManager(  384): java.lang.IllegalArgumentException: Requested window android.os.BinderProxy@41bd3380 does not exist
03-22 09:22:05.435 W/WindowManager(  384): 	at com.android.server.wm.WindowManagerService.windowForClientLocked(WindowManagerService.java:7640)
03-22 09:22:05.435 W/WindowManager(  384): 	at com.android.server.wm.WindowManagerService.windowForClientLocked(WindowManagerService.java:7631)
03-22 09:22:05.435 W/WindowManager(  384): 	at com.android.server.wm.WindowState$DeathRecipient.binderDied(WindowState.java:854)
03-22 09:22:05.435 W/WindowManager(  384): 	at android.os.BinderProxy.sendDeathNotice(Binder.java:449)
03-22 09:22:05.435 W/WindowManager(  384): 	at dalvik.system.NativeStart.run(Native Method)
03-22 09:22:05.435 I/WindowState(  384): WIN DEATH: null
03-22 09:22:05.696 W/MountService(  384): getVolumeState(/storage/sdcard0/external_sd): Unknown volume
03-22 09:22:05.696 W/MountService(  384): getVolumeState(/mnt/sdcard-ext): Unknown volume
03-22 09:22:05.696 W/MountService(  384): getVolumeState(/mnt/ext_sdcard): Unknown volume
03-22 09:22:05.696 W/MountService(  384): getVolumeState(/mnt/sdcard2): Unknown volume
03-22 09:22:05.696 W/MountService(  384): getVolumeState(/mnt/emmc): Unknown volume
03-22 09:22:05.696 W/MountService(  384): getVolumeState(/mnt/extSdCard): Unknown volume
03-22 09:22:05.696 W/MountService(  384): getVolumeState(/mnt/sdcard/SD_CARD): Unknown volume
03-22 09:22:05.696 W/MountService(  384): getVolumeState(/mnt/sdcard/extra_sd): Unknown volume
03-22 09:22:05.696 W/MountService(  384): getVolumeState(/mnt/extrasd_bind): Unknown volume
03-22 09:22:05.696 W/MountService(  384): getVolumeState(/mnt/sdcard/ext_sd): Unknown volume
03-22 09:22:05.696 W/MountService(  384): getVolumeState(/storage/extSdCard): Unknown volume
03-22 09:22:05.696 W/MountService(  384): getVolumeState(/storage/sdcard1): Unknown volume
03-22 09:22:05.696 W/MountService(  384): getVolumeState(/mnt/sdcard/external_SD): Unknown volume
03-22 09:22:05.706 W/MountService(  384): getVolumeState(/mnt/sdcard/external_sd): Unknown volume
03-22 09:22:05.986 W/MountService(  384): getVolumeState(/storage/sdcard0/external_sd): Unknown volume
03-22 09:22:05.986 W/MountService(  384): getVolumeState(/mnt/sdcard-ext): Unknown volume
03-22 09:22:05.986 W/MountService(  384): getVolumeState(/mnt/ext_sdcard): Unknown volume
03-22 09:22:05.986 W/MountService(  384): getVolumeState(/mnt/sdcard2): Unknown volume
03-22 09:22:05.986 W/MountService(  384): getVolumeState(/mnt/emmc): Unknown volume
03-22 09:22:05.986 W/MountService(  384): getVolumeState(/mnt/extSdCard): Unknown volume
03-22 09:22:05.986 W/MountService(  384): getVolumeState(/mnt/sdcard/SD_CARD): Unknown volume
03-22 09:22:05.986 W/MountService(  384): getVolumeState(/mnt/sdcard/extra_sd): Unknown volume
03-22 09:22:05.986 W/MountService(  384): getVolumeState(/mnt/extrasd_bind): Unknown volume
03-22 09:22:05.986 W/MountService(  384): getVolumeState(/mnt/sdcard/ext_sd): Unknown volume
03-22 09:22:05.996 W/MountService(  384): getVolumeState(/storage/extSdCard): Unknown volume
03-22 09:22:05.996 W/MountService(  384): getVolumeState(/storage/sdcard1): Unknown volume
03-22 09:22:05.996 W/MountService(  384): getVolumeState(/mnt/sdcard/external_SD): Unknown volume
03-22 09:22:05.996 W/MountService(  384): getVolumeState(/mnt/sdcard/external_sd): Unknown volume
03-22 09:22:23.753 W/MountService(  384): getVolumeState(/storage/sdcard0/external_sd): Unknown volume
03-22 09:22:23.753 W/MountService(  384): getVolumeState(/mnt/sdcard-ext): Unknown volume
03-22 09:22:23.753 W/MountService(  384): getVolumeState(/mnt/ext_sdcard): Unknown volume
03-22 09:22:23.753 W/MountService(  384): getVolumeState(/mnt/sdcard2): Unknown volume
03-22 09:22:23.753 W/MountService(  384): getVolumeState(/mnt/emmc): Unknown volume
03-22 09:22:23.753 W/MountService(  384): getVolumeState(/mnt/extSdCard): Unknown volume
03-22 09:22:23.753 W/MountService(  384): getVolumeState(/mnt/sdcard/SD_CARD): Unknown volume
03-22 09:22:23.753 W/MountService(  384): getVolumeState(/mnt/sdcard/extra_sd): Unknown volume
03-22 09:22:23.753 W/MountService(  384): getVolumeState(/mnt/extrasd_bind): Unknown volume
03-22 09:22:23.753 W/MountService(  384): getVolumeState(/mnt/sdcard/ext_sd): Unknown volume
03-22 09:22:23.753 W/MountService(  384): getVolumeState(/storage/extSdCard): Unknown volume
03-22 09:22:23.753 W/MountService(  384): getVolumeState(/storage/sdcard1): Unknown volume
03-22 09:22:23.753 W/MountService(  384): getVolumeState(/mnt/sdcard/external_SD): Unknown volume
03-22 09:22:23.753 W/MountService(  384): getVolumeState(/mnt/sdcard/external_sd): Unknown volume
03-22 09:22:24.264 W/MountService(  384): getVolumeState(/storage/sdcard0/external_sd): Unknown volume
03-22 09:22:24.264 W/MountService(  384): getVolumeState(/mnt/sdcard-ext): Unknown volume
03-22 09:22:24.264 W/MountService(  384): getVolumeState(/mnt/ext_sdcard): Unknown volume
03-22 09:22:24.264 W/MountService(  384): getVolumeState(/mnt/sdcard2): Unknown volume
03-22 09:22:24.264 W/MountService(  384): getVolumeState(/mnt/emmc): Unknown volume
03-22 09:22:24.264 W/MountService(  384): getVolumeState(/mnt/extSdCard): Unknown volume
03-22 09:22:24.264 W/MountService(  384): getVolumeState(/mnt/sdcard/SD_CARD): Unknown volume
03-22 09:22:24.264 W/MountService(  384): getVolumeState(/mnt/sdcard/extra_sd): Unknown volume
03-22 09:22:24.264 W/MountService(  384): getVolumeState(/mnt/extrasd_bind): Unknown volume
03-22 09:22:24.264 W/MountService(  384): getVolumeState(/mnt/sdcard/ext_sd): Unknown volume
03-22 09:22:24.264 W/MountService(  384): getVolumeState(/storage/extSdCard): Unknown volume
03-22 09:22:24.264 W/MountService(  384): getVolumeState(/storage/sdcard1): Unknown volume
03-22 09:22:24.264 W/MountService(  384): getVolumeState(/mnt/sdcard/external_SD): Unknown volume
03-22 09:22:24.264 W/MountService(  384): getVolumeState(/mnt/sdcard/external_sd): Unknown volume
03-22 09:22:57.616 D/PhoneStatusBar(  464): disable: < expand icons alerts ticker system_info back home RECENT* clock >
03-22 09:22:57.646 D/PhoneStatusBar(  464): disable: < expand icons alerts ticker system_info BACK* HOME* RECENT CLOCK* >
03-22 09:23:23.702 W/MountService(  384): getVolumeState(/storage/sdcard0/external_sd): Unknown volume
03-22 09:23:23.702 W/MountService(  384): getVolumeState(/mnt/sdcard-ext): Unknown volume
03-22 09:23:23.702 W/MountService(  384): getVolumeState(/mnt/ext_sdcard): Unknown volume
03-22 09:23:23.702 W/MountService(  384): getVolumeState(/mnt/sdcard2): Unknown volume
03-22 09:23:23.702 W/MountService(  384): getVolumeState(/mnt/emmc): Unknown volume
03-22 09:23:23.702 W/MountService(  384): getVolumeState(/mnt/extSdCard): Unknown volume
03-22 09:23:23.702 W/MountService(  384): getVolumeState(/mnt/sdcard/SD_CARD): Unknown volume
03-22 09:23:23.702 W/MountService(  384): getVolumeState(/mnt/sdcard/extra_sd): Unknown volume
03-22 09:23:23.702 W/MountService(  384): getVolumeState(/mnt/extrasd_bind): Unknown volume
03-22 09:23:23.702 W/MountService(  384): getVolumeState(/mnt/sdcard/ext_sd): Unknown volume
03-22 09:23:23.702 W/MountService(  384): getVolumeState(/storage/extSdCard): Unknown volume
03-22 09:23:23.702 W/MountService(  384): getVolumeState(/storage/sdcard1): Unknown volume
03-22 09:23:23.702 W/MountService(  384): getVolumeState(/mnt/sdcard/external_SD): Unknown volume
03-22 09:23:23.702 W/MountService(  384): getVolumeState(/mnt/sdcard/external_sd): Unknown volume
03-22 09:23:23.982 W/MountService(  384): getVolumeState(/storage/sdcard0/external_sd): Unknown volume
03-22 09:23:23.982 W/MountService(  384): getVolumeState(/mnt/sdcard-ext): Unknown volume
03-22 09:23:23.982 W/MountService(  384): getVolumeState(/mnt/ext_sdcard): Unknown volume
03-22 09:23:23.982 W/MountService(  384): getVolumeState(/mnt/sdcard2): Unknown volume
03-22 09:23:23.982 W/MountService(  384): getVolumeState(/mnt/emmc): Unknown volume
03-22 09:23:23.982 W/MountService(  384): getVolumeState(/mnt/extSdCard): Unknown volume
03-22 09:23:23.982 W/MountService(  384): getVolumeState(/mnt/sdcard/SD_CARD): Unknown volume
03-22 09:23:23.982 W/MountService(  384): getVolumeState(/mnt/sdcard/extra_sd): Unknown volume
03-22 09:23:23.982 W/MountService(  384): getVolumeState(/mnt/extrasd_bind): Unknown volume
03-22 09:23:23.982 W/MountService(  384): getVolumeState(/mnt/sdcard/ext_sd): Unknown volume
03-22 09:23:23.982 W/MountService(  384): getVolumeState(/storage/extSdCard): Unknown volume
03-22 09:23:23.982 W/MountService(  384): getVolumeState(/storage/sdcard1): Unknown volume
03-22 09:23:23.982 W/MountService(  384): getVolumeState(/mnt/sdcard/external_SD): Unknown volume
03-22 09:23:23.992 W/MountService(  384): getVolumeState(/mnt/sdcard/external_sd): Unknown volume
03-22 09:24:23.620 I/ActivityManager(  384): No longer want com.tencent.mobileqq:web (pid 9565): hidden #16
03-22 09:24:23.730 W/MountService(  384): getVolumeState(/storage/sdcard0/external_sd): Unknown volume
03-22 09:24:23.730 W/MountService(  384): getVolumeState(/mnt/sdcard-ext): Unknown volume
03-22 09:24:23.740 W/MountService(  384): getVolumeState(/mnt/ext_sdcard): Unknown volume
03-22 09:24:23.740 W/MountService(  384): getVolumeState(/mnt/sdcard2): Unknown volume
03-22 09:24:23.740 W/MountService(  384): getVolumeState(/mnt/emmc): Unknown volume
03-22 09:24:23.740 W/MountService(  384): getVolumeState(/mnt/extSdCard): Unknown volume
03-22 09:24:23.740 W/MountService(  384): getVolumeState(/mnt/sdcard/SD_CARD): Unknown volume
03-22 09:24:23.740 W/MountService(  384): getVolumeState(/mnt/sdcard/extra_sd): Unknown volume
03-22 09:24:23.740 W/MountService(  384): getVolumeState(/mnt/extrasd_bind): Unknown volume
03-22 09:24:23.740 W/MountService(  384): getVolumeState(/mnt/sdcard/ext_sd): Unknown volume
03-22 09:24:23.740 W/MountService(  384): getVolumeState(/storage/extSdCard): Unknown volume
03-22 09:24:23.740 W/MountService(  384): getVolumeState(/storage/sdcard1): Unknown volume
03-22 09:24:23.740 W/MountService(  384): getVolumeState(/mnt/sdcard/external_SD): Unknown volume
03-22 09:24:23.740 W/MountService(  384): getVolumeState(/mnt/sdcard/external_sd): Unknown volume
03-22 09:24:24.091 W/MountService(  384): getVolumeState(/storage/sdcard0/external_sd): Unknown volume
03-22 09:24:24.091 W/MountService(  384): getVolumeState(/mnt/sdcard-ext): Unknown volume
03-22 09:24:24.091 W/MountService(  384): getVolumeState(/mnt/ext_sdcard): Unknown volume
03-22 09:24:24.091 W/MountService(  384): getVolumeState(/mnt/sdcard2): Unknown volume
03-22 09:24:24.091 W/MountService(  384): getVolumeState(/mnt/emmc): Unknown volume
03-22 09:24:24.091 W/MountService(  384): getVolumeState(/mnt/extSdCard): Unknown volume
03-22 09:24:24.091 W/MountService(  384): getVolumeState(/mnt/sdcard/SD_CARD): Unknown volume
03-22 09:24:24.091 W/MountService(  384): getVolumeState(/mnt/sdcard/extra_sd): Unknown volume
03-22 09:24:24.091 W/MountService(  384): getVolumeState(/mnt/extrasd_bind): Unknown volume
03-22 09:24:24.091 W/MountService(  384): getVolumeState(/mnt/sdcard/ext_sd): Unknown volume
03-22 09:24:24.101 W/MountService(  384): getVolumeState(/storage/extSdCard): Unknown volume
03-22 09:24:24.101 W/MountService(  384): getVolumeState(/storage/sdcard1): Unknown volume
03-22 09:24:24.101 W/MountService(  384): getVolumeState(/mnt/sdcard/external_SD): Unknown volume
03-22 09:24:24.101 W/MountService(  384): getVolumeState(/mnt/sdcard/external_sd): Unknown volume
03-22 09:25:23.689 W/MountService(  384): getVolumeState(/storage/sdcard0/external_sd): Unknown volume
03-22 09:25:23.689 W/MountService(  384): getVolumeState(/mnt/sdcard-ext): Unknown volume
03-22 09:25:23.689 W/MountService(  384): getVolumeState(/mnt/ext_sdcard): Unknown volume
03-22 09:25:23.689 W/MountService(  384): getVolumeState(/mnt/sdcard2): Unknown volume
03-22 09:25:23.689 W/MountService(  384): getVolumeState(/mnt/emmc): Unknown volume
03-22 09:25:23.689 W/MountService(  384): getVolumeState(/mnt/extSdCard): Unknown volume
03-22 09:25:23.689 W/MountService(  384): getVolumeState(/mnt/sdcard/SD_CARD): Unknown volume
03-22 09:25:23.689 W/MountService(  384): getVolumeState(/mnt/sdcard/extra_sd): Unknown volume
03-22 09:25:23.689 W/MountService(  384): getVolumeState(/mnt/extrasd_bind): Unknown volume
03-22 09:25:23.689 W/MountService(  384): getVolumeState(/mnt/sdcard/ext_sd): Unknown volume
03-22 09:25:23.689 W/MountService(  384): getVolumeState(/storage/extSdCard): Unknown volume
03-22 09:25:23.699 W/MountService(  384): getVolumeState(/storage/sdcard1): Unknown volume
03-22 09:25:23.699 W/MountService(  384): getVolumeState(/mnt/sdcard/external_SD): Unknown volume
03-22 09:25:23.699 W/MountService(  384): getVolumeState(/mnt/sdcard/external_sd): Unknown volume
03-22 09:25:23.979 W/MountService(  384): getVolumeState(/storage/sdcard0/external_sd): Unknown volume
03-22 09:25:23.979 W/MountService(  384): getVolumeState(/mnt/sdcard-ext): Unknown volume
03-22 09:25:23.979 W/MountService(  384): getVolumeState(/mnt/ext_sdcard): Unknown volume
03-22 09:25:23.979 W/MountService(  384): getVolumeState(/mnt/sdcard2): Unknown volume
03-22 09:25:23.979 W/MountService(  384): getVolumeState(/mnt/emmc): Unknown volume
03-22 09:25:23.979 W/MountService(  384): getVolumeState(/mnt/extSdCard): Unknown volume
03-22 09:25:23.979 W/MountService(  384): getVolumeState(/mnt/sdcard/SD_CARD): Unknown volume
03-22 09:25:23.979 W/MountService(  384): getVolumeState(/mnt/sdcard/extra_sd): Unknown volume
03-22 09:25:23.979 W/MountService(  384): getVolumeState(/mnt/extrasd_bind): Unknown volume
03-22 09:25:23.989 W/MountService(  384): getVolumeState(/mnt/sdcard/ext_sd): Unknown volume
03-22 09:25:23.989 W/MountService(  384): getVolumeState(/storage/extSdCard): Unknown volume
03-22 09:25:23.989 W/MountService(  384): getVolumeState(/storage/sdcard1): Unknown volume
03-22 09:25:23.989 W/MountService(  384): getVolumeState(/mnt/sdcard/external_SD): Unknown volume
03-22 09:25:23.989 W/MountService(  384): getVolumeState(/mnt/sdcard/external_sd): Unknown volume
03-22 09:25:46.221 D/BatteryService(  384): mAcOnlinefalsemUsbOnline:truemBatteryStatus 2
03-22 09:25:46.221 D/BatteryService(  384): mBatteryLevel45isPowered():trueActivityManagerNative.isSystemReady():true
03-22 09:25:46.231 D/BatteryService(  384): mAcOnlinefalsemUsbOnline:truemBatteryStatus 2
03-22 09:25:46.231 D/ActivityManager(  384): mBatteryStatusReceiver, action=android.intent.action.BATTERY_CHANGED
03-22 09:25:46.231 D/ActivityManager(  384): mBatteryStatusReceiver, plugged=2, mBatteryStatusPlugged=2, fakeShutdownMode=false
03-22 09:26:23.717 W/MountService(  384): getVolumeState(/storage/sdcard0/external_sd): Unknown volume
03-22 09:26:23.717 W/MountService(  384): getVolumeState(/mnt/sdcard-ext): Unknown volume
03-22 09:26:23.717 W/MountService(  384): getVolumeState(/mnt/ext_sdcard): Unknown volume
03-22 09:26:23.717 W/MountService(  384): getVolumeState(/mnt/sdcard2): Unknown volume
03-22 09:26:23.717 W/MountService(  384): getVolumeState(/mnt/emmc): Unknown volume
03-22 09:26:23.717 W/MountService(  384): getVolumeState(/mnt/extSdCard): Unknown volume
03-22 09:26:23.717 W/MountService(  384): getVolumeState(/mnt/sdcard/SD_CARD): Unknown volume
03-22 09:26:23.717 W/MountService(  384): getVolumeState(/mnt/sdcard/extra_sd): Unknown volume
03-22 09:26:23.717 W/MountService(  384): getVolumeState(/mnt/extrasd_bind): Unknown volume
03-22 09:26:23.717 W/MountService(  384): getVolumeState(/mnt/sdcard/ext_sd): Unknown volume
03-22 09:26:23.717 W/MountService(  384): getVolumeState(/storage/extSdCard): Unknown volume
03-22 09:26:23.717 W/MountService(  384): getVolumeState(/storage/sdcard1): Unknown volume
03-22 09:26:23.727 W/MountService(  384): getVolumeState(/mnt/sdcard/external_SD): Unknown volume
03-22 09:26:23.727 W/MountService(  384): getVolumeState(/mnt/sdcard/external_sd): Unknown volume
03-22 09:26:24.008 W/MountService(  384): getVolumeState(/storage/sdcard0/external_sd): Unknown volume
03-22 09:26:24.008 W/MountService(  384): getVolumeState(/mnt/sdcard-ext): Unknown volume
03-22 09:26:24.008 W/MountService(  384): getVolumeState(/mnt/ext_sdcard): Unknown volume
03-22 09:26:24.008 W/MountService(  384): getVolumeState(/mnt/sdcard2): Unknown volume
03-22 09:26:24.008 W/MountService(  384): getVolumeState(/mnt/emmc): Unknown volume
03-22 09:26:24.008 W/MountService(  384): getVolumeState(/mnt/extSdCard): Unknown volume
03-22 09:26:24.008 W/MountService(  384): getVolumeState(/mnt/sdcard/SD_CARD): Unknown volume
03-22 09:26:24.008 W/MountService(  384): getVolumeState(/mnt/sdcard/extra_sd): Unknown volume
03-22 09:26:24.008 W/MountService(  384): getVolumeState(/mnt/extrasd_bind): Unknown volume
03-22 09:26:24.008 W/MountService(  384): getVolumeState(/mnt/sdcard/ext_sd): Unknown volume
03-22 09:26:24.008 W/MountService(  384): getVolumeState(/storage/extSdCard): Unknown volume
03-22 09:26:24.008 W/MountService(  384): getVolumeState(/storage/sdcard1): Unknown volume
03-22 09:26:24.008 W/MountService(  384): getVolumeState(/mnt/sdcard/external_SD): Unknown volume
03-22 09:26:24.008 W/MountService(  384): getVolumeState(/mnt/sdcard/external_sd): Unknown volume
03-22 09:27:23.686 W/MountService(  384): getVolumeState(/storage/sdcard0/external_sd): Unknown volume
03-22 09:27:23.686 W/MountService(  384): getVolumeState(/mnt/sdcard-ext): Unknown volume
03-22 09:27:23.686 W/MountService(  384): getVolumeState(/mnt/ext_sdcard): Unknown volume
03-22 09:27:23.686 W/MountService(  384): getVolumeState(/mnt/sdcard2): Unknown volume
03-22 09:27:23.686 W/MountService(  384): getVolumeState(/mnt/emmc): Unknown volume
03-22 09:27:23.686 W/MountService(  384): getVolumeState(/mnt/extSdCard): Unknown volume
03-22 09:27:23.686 W/MountService(  384): getVolumeState(/mnt/sdcard/SD_CARD): Unknown volume
03-22 09:27:23.686 W/MountService(  384): getVolumeState(/mnt/sdcard/extra_sd): Unknown volume
03-22 09:27:23.686 W/MountService(  384): getVolumeState(/mnt/extrasd_bind): Unknown volume
03-22 09:27:23.686 W/MountService(  384): getVolumeState(/mnt/sdcard/ext_sd): Unknown volume
03-22 09:27:23.696 W/MountService(  384): getVolumeState(/storage/extSdCard): Unknown volume
03-22 09:27:23.696 W/MountService(  384): getVolumeState(/storage/sdcard1): Unknown volume
03-22 09:27:23.696 W/MountService(  384): getVolumeState(/mnt/sdcard/external_SD): Unknown volume
03-22 09:27:23.696 W/MountService(  384): getVolumeState(/mnt/sdcard/external_sd): Unknown volume
03-22 09:27:23.986 W/MountService(  384): getVolumeState(/storage/sdcard0/external_sd): Unknown volume
03-22 09:27:23.986 W/MountService(  384): getVolumeState(/mnt/sdcard-ext): Unknown volume
03-22 09:27:23.986 W/MountService(  384): getVolumeState(/mnt/ext_sdcard): Unknown volume
03-22 09:27:23.986 W/MountService(  384): getVolumeState(/mnt/sdcard2): Unknown volume
03-22 09:27:23.986 W/MountService(  384): getVolumeState(/mnt/emmc): Unknown volume
03-22 09:27:23.986 W/MountService(  384): getVolumeState(/mnt/extSdCard): Unknown volume
03-22 09:27:23.986 W/MountService(  384): getVolumeState(/mnt/sdcard/SD_CARD): Unknown volume
03-22 09:27:23.986 W/MountService(  384): getVolumeState(/mnt/sdcard/extra_sd): Unknown volume
03-22 09:27:23.996 W/MountService(  384): getVolumeState(/mnt/extrasd_bind): Unknown volume
03-22 09:27:23.996 W/MountService(  384): getVolumeState(/mnt/sdcard/ext_sd): Unknown volume
03-22 09:27:23.996 W/MountService(  384): getVolumeState(/storage/extSdCard): Unknown volume
03-22 09:27:23.996 W/MountService(  384): getVolumeState(/storage/sdcard1): Unknown volume
03-22 09:27:23.996 W/MountService(  384): getVolumeState(/mnt/sdcard/external_SD): Unknown volume
03-22 09:27:23.996 W/MountService(  384): getVolumeState(/mnt/sdcard/external_sd): Unknown volume
03-22 09:28:27.728 D/BatteryService(  384): mAcOnlinefalsemUsbOnline:truemBatteryStatus 2
03-22 09:28:27.728 D/BatteryService(  384): mBatteryLevel45isPowered():trueActivityManagerNative.isSystemReady():true
03-22 09:28:27.738 D/BatteryService(  384): mAcOnlinefalsemUsbOnline:truemBatteryStatus 2
03-22 09:28:27.738 D/ActivityManager(  384): mBatteryStatusReceiver, action=android.intent.action.BATTERY_CHANGED
03-22 09:28:27.738 D/ActivityManager(  384): mBatteryStatusReceiver, plugged=2, mBatteryStatusPlugged=2, fakeShutdownMode=false
03-22 09:28:27.849 I/WindowManager(  384): Lock screen displayed!
03-22 09:28:27.869 D/BatteryService(  384): mAcOnlinefalsemUsbOnline:falsemBatteryStatus 3
03-22 09:28:27.869 D/BatteryService(  384): mBatteryLevel45isPowered():falseActivityManagerNative.isSystemReady():true
03-22 09:28:27.869 D/BatteryService(  384): mAcOnlinefalsemUsbOnline:falsemBatteryStatus 3
03-22 09:28:27.879 D/ActivityManager(  384): mBatteryStatusReceiver, action=android.intent.action.BATTERY_CHANGED
03-22 09:28:27.879 D/ActivityManager(  384): mBatteryStatusReceiver, plugged=0, mBatteryStatusPlugged=2, fakeShutdownMode=false
03-22 09:28:27.879 D/BatteryService(  384): mAcOnlinefalsemUsbOnline:falsemBatteryStatus 3
03-22 09:28:27.879 D/BatteryService(  384): mBatteryLevel45isPowered():falseActivityManagerNative.isSystemReady():true
03-22 09:28:27.879 D/BatteryService(  384): mAcOnlinefalsemUsbOnline:falsemBatteryStatus 3
03-22 09:28:27.879 D/ActivityManager(  384): mBatteryStatusReceiver, action=android.intent.action.BATTERY_CHANGED
03-22 09:28:27.879 D/ActivityManager(  384): mBatteryStatusReceiver, plugged=0, mBatteryStatusPlugged=0, fakeShutdownMode=false
03-22 09:28:28.890 I/ActivityManager(  384): No longer want com.tencent.mobileqq:qzone (pid 9490): hidden #16
03-22 09:29:45.012 D/NetworkPolicy(  384): setNetworkTemplateEnabled(): match rule = 1
03-22 09:29:45.012 D/MobileDataStateTracker(  384): default: setPolicyDataEnable(enabled=true)
03-22 09:30:28.002 W/ThrottleService(  384): unable to find stats for iface rmnet0
03-22 09:34:49.149 I/WindowManager(  384): Lock screen displayed!
03-22 09:38:13.071 I/WindowManager(  384): Lock screen displayed!
03-22 09:38:14.452 D/PhoneStatusBar(  464): disable: < expand icons alerts ticker system_info BACK HOME recent* CLOCK >
03-22 09:38:14.472 D/PhoneStatusBar(  464): disable: < expand icons alerts ticker system_info back* home* recent clock* >
03-22 09:38:14.482 W/InputMethodManagerService(  384): Window already focused, ignoring focus gain of: com.android.internal.view.IInputMethodClient$Stub$Proxy@41624858 attribute=android.view.inputmethod.EditorInfo@41ae49a8
03-22 09:38:16.865 I/ActivityManager(  384): START {act=android.intent.action.MAIN cat=[android.intent.category.LAUNCHER] flg=0x10200000 cmp=com.aidufei.ott.activity/.MainTabHostActivity bnds=[532,834][704,1028] u=0} from pid 560
03-22 09:38:17.025 I/ActivityManager(  384): Start proc com.aidufei.ott.activity for activity com.aidufei.ott.activity/.MainTabHostActivity: pid=11221 uid=10047 gids={3003, 1015, 1028}
03-22 09:39:01.969 I/ActivityManager(  384): START {cmp=com.aidufei.ott.activity/.SystemSettinngActivity u=0} from pid 11221
03-22 09:39:31.547 I/ActivityManager(  384): No longer want com.hiapk.marketpho (pid 1198): hidden #16
03-22 09:39:32.799 I/ActivityManager(  384): START {act=android.intent.action.MAIN cat=[android.intent.category.LAUNCHER] flg=0x10200000 cmp=com.aidufei.ott.activity/.MainTabHostActivity bnds=[532,834][704,1028] u=0} from pid 560
03-22 09:39:57.683 I/ActivityManager(  384): START {cmp=com.aidufei.ott.activity/.LoginActivity u=0} from pid 11221
03-22 09:40:18.203 I/ActivityManager(  384): START {cmp=com.aidufei.ott.activity/.ParticularActivity (has extras) u=0} from pid 11221
03-22 09:40:22.177 D/NetworkPolicy(  384): setNetworkTemplateEnabled(): match rule = 1
03-22 09:40:22.177 D/MobileDataStateTracker(  384): default: setPolicyDataEnable(enabled=true)
03-22 09:40:28.012 W/ThrottleService(  384): unable to find stats for iface rmnet0
03-22 09:40:33.097 D/BatteryService(  384): mAcOnlinetruemUsbOnline:falsemBatteryStatus 3
03-22 09:40:33.097 D/BatteryService(  384): mBatteryLevel45isPowered():trueActivityManagerNative.isSystemReady():true
03-22 09:40:33.097 D/BatteryService(  384): mAcOnlinetruemUsbOnline:falsemBatteryStatus 3
03-22 09:40:33.107 W/PowerUI (  464): unknown intent: Intent { act=android.intent.action.ACTION_POWER_CONNECTED flg=0x8000010 }
03-22 09:40:33.107 D/ActivityManager(  384): mBatteryStatusReceiver, action=android.intent.action.BATTERY_CHANGED
03-22 09:40:33.107 D/ActivityManager(  384): mBatteryStatusReceiver, plugged=1, mBatteryStatusPlugged=0, fakeShutdownMode=false
03-22 09:40:33.598 D/BatteryService(  384): mAcOnlinetruemUsbOnline:falsemBatteryStatus 2
03-22 09:40:33.598 D/BatteryService(  384): mBatteryLevel45isPowered():trueActivityManagerNative.isSystemReady():true
03-22 09:40:33.608 D/BatteryService(  384): mAcOnlinetruemUsbOnline:falsemBatteryStatus 2
03-22 09:40:33.608 D/ActivityManager(  384): mBatteryStatusReceiver, action=android.intent.action.BATTERY_CHANGED
03-22 09:40:33.618 D/ActivityManager(  384): mBatteryStatusReceiver, plugged=1, mBatteryStatusPlugged=1, fakeShutdownMode=false
03-22 09:40:38.953 I/ActivityManager(  384): START {cmp=com.aidufei.ott.activity/.UserFriendDetail (has extras) u=0} from pid 11221
03-22 09:40:41.025 I/ActivityManager(  384): START {cmp=com.aidufei.ott.activity/.UserFriends (has extras) u=0} from pid 11221
03-22 09:40:44.659 I/ActivityManager(  384): START {cmp=com.aidufei.ott.activity/.UserFriendDetail (has extras) u=0} from pid 11221
03-22 09:40:45.500 I/ActivityManager(  384): START {cmp=com.aidufei.ott.activity/.UserFriends (has extras) u=0} from pid 11221
03-22 09:40:47.431 I/ActivityManager(  384): START {cmp=com.aidufei.ott.activity/.UserFriendDetail (has extras) u=0} from pid 11221
03-22 09:40:48.522 I/ActivityManager(  384): START {cmp=com.aidufei.ott.activity/.UserFriends (has extras) u=0} from pid 11221
03-22 09:40:50.194 I/ActivityManager(  384): START {cmp=com.aidufei.ott.activity/.UserFriendDetail (has extras) u=0} from pid 11221
03-22 09:40:50.955 E/AndroidRuntime(11221): FATAL EXCEPTION: main
03-22 09:40:50.955 E/AndroidRuntime(11221): java.lang.NumberFormatException: Invalid int: ""
03-22 09:40:50.955 E/AndroidRuntime(11221): 	at java.lang.Integer.invalidInt(Integer.java:138)
03-22 09:40:50.955 E/AndroidRuntime(11221): 	at java.lang.Integer.parseInt(Integer.java:359)
03-22 09:40:50.955 E/AndroidRuntime(11221): 	at java.lang.Integer.parseInt(Integer.java:332)
03-22 09:40:50.955 E/AndroidRuntime(11221): 	at com.aidufei.ott.activity.UserFriendDetail.onClick(UserFriendDetail.java:364)
03-22 09:40:50.955 E/AndroidRuntime(11221): 	at android.view.View.performClick(View.java:4085)
03-22 09:40:50.955 E/AndroidRuntime(11221): 	at android.view.View$PerformClick.run(View.java:16967)
03-22 09:40:50.955 E/AndroidRuntime(11221): 	at android.os.Handler.handleCallback(Handler.java:615)
03-22 09:40:50.955 E/AndroidRuntime(11221): 	at android.os.Handler.dispatchMessage(Handler.java:92)
03-22 09:40:50.955 E/AndroidRuntime(11221): 	at android.os.Looper.loop(Looper.java:137)
03-22 09:40:50.955 E/AndroidRuntime(11221): 	at android.app.ActivityThread.main(ActivityThread.java:4745)
03-22 09:40:50.955 E/AndroidRuntime(11221): 	at java.lang.reflect.Method.invokeNative(Native Method)
03-22 09:40:50.955 E/AndroidRuntime(11221): 	at java.lang.reflect.Method.invoke(Method.java:511)
03-22 09:40:50.955 E/AndroidRuntime(11221): 	at com.android.internal.os.ZygoteInit$MethodAndArgsCaller.run(ZygoteInit.java:787)
03-22 09:40:50.955 E/AndroidRuntime(11221): 	at com.android.internal.os.ZygoteInit.main(ZygoteInit.java:554)
03-22 09:40:50.955 E/AndroidRuntime(11221): 	at dalvik.system.NativeStart.main(Native Method)
03-22 09:40:50.955 W/ActivityManager(  384):   Force finishing activity com.aidufei.ott.activity/.UserFriendDetail
03-22 09:40:51.485 W/ActivityManager(  384): Activity pause timeout for ActivityRecord{41adc7e0 com.aidufei.ott.activity/.UserFriendDetail}
03-22 09:41:00.814 D/BatteryService(  384): mAcOnlinefalsemUsbOnline:falsemBatteryStatus 3
03-22 09:41:00.814 D/BatteryService(  384): mBatteryLevel45isPowered():falseActivityManagerNative.isSystemReady():true
03-22 09:41:00.824 D/BatteryService(  384): mAcOnlinefalsemUsbOnline:falsemBatteryStatus 3
03-22 09:41:00.824 D/ActivityManager(  384): mBatteryStatusReceiver, action=android.intent.action.BATTERY_CHANGED
03-22 09:41:00.824 D/ActivityManager(  384): mBatteryStatusReceiver, plugged=0, mBatteryStatusPlugged=1, fakeShutdownMode=false
03-22 09:41:00.824 D/BatteryService(  384): mAcOnlinefalsemUsbOnline:falsemBatteryStatus 3
03-22 09:41:00.824 D/BatteryService(  384): mBatteryLevel45isPowered():falseActivityManagerNative.isSystemReady():true
03-22 09:41:00.824 D/BatteryService(  384): mAcOnlinefalsemUsbOnline:falsemBatteryStatus 3
03-22 09:41:00.835 D/ActivityManager(  384): mBatteryStatusReceiver, action=android.intent.action.BATTERY_CHANGED
03-22 09:41:00.835 D/ActivityManager(  384): mBatteryStatusReceiver, plugged=0, mBatteryStatusPlugged=0, fakeShutdownMode=false
03-22 09:41:00.985 W/ActivityManager(  384): Launch timeout has expired, giving up wake lock!
03-22 09:41:01.495 W/ActivityManager(  384): Activity idle timeout for ActivityRecord{419a1c08 com.aidufei.ott.activity/.ParticularActivity}
03-22 09:41:04.008 D/BatteryService(  384): mAcOnlinefalsemUsbOnline:truemBatteryStatus 3
03-22 09:41:04.008 D/BatteryService(  384): mBatteryLevel45isPowered():trueActivityManagerNative.isSystemReady():true
03-22 09:41:04.008 D/BatteryService(  384): mAcOnlinefalsemUsbOnline:truemBatteryStatus 3
03-22 09:41:04.008 D/ActivityManager(  384): mBatteryStatusReceiver, action=android.intent.action.BATTERY_CHANGED
03-22 09:41:04.008 D/ActivityManager(  384): mBatteryStatusReceiver, plugged=2, mBatteryStatusPlugged=0, fakeShutdownMode=false
03-22 09:41:04.008 W/PowerUI (  464): unknown intent: Intent { act=android.intent.action.ACTION_POWER_CONNECTED flg=0x8000010 }
03-22 09:41:04.018 D/BatteryService(  384): mAcOnlinefalsemUsbOnline:truemBatteryStatus 2
03-22 09:41:04.018 D/BatteryService(  384): mBatteryLevel45isPowered():trueActivityManagerNative.isSystemReady():true
03-22 09:41:04.018 D/BatteryService(  384): mAcOnlinefalsemUsbOnline:truemBatteryStatus 2
03-22 09:41:04.018 D/ActivityManager(  384): mBatteryStatusReceiver, action=android.intent.action.BATTERY_CHANGED
03-22 09:41:04.018 D/ActivityManager(  384): mBatteryStatusReceiver, plugged=2, mBatteryStatusPlugged=2, fakeShutdownMode=false
03-22 09:41:04.348 D/BatteryService(  384): mAcOnlinefalsemUsbOnline:truemBatteryStatus 2
03-22 09:41:04.348 D/BatteryService(  384): mBatteryLevel45isPowered():trueActivityManagerNative.isSystemReady():true
03-22 09:41:04.348 D/BatteryService(  384): mAcOnlinefalsemUsbOnline:truemBatteryStatus 2
03-22 09:41:04.358 D/ActivityManager(  384): mBatteryStatusReceiver, action=android.intent.action.BATTERY_CHANGED
03-22 09:41:04.358 D/ActivityManager(  384): mBatteryStatusReceiver, plugged=2, mBatteryStatusPlugged=2, fakeShutdownMode=false
03-22 09:41:04.939 D/BatteryService(  384): mAcOnlinefalsemUsbOnline:truemBatteryStatus 2
03-22 09:41:04.939 D/BatteryService(  384): mBatteryLevel45isPowered():trueActivityManagerNative.isSystemReady():true
03-22 09:41:04.939 D/BatteryService(  384): mAcOnlinefalsemUsbOnline:truemBatteryStatus 2
03-22 09:41:04.949 D/ActivityManager(  384): mBatteryStatusReceiver, action=android.intent.action.BATTERY_CHANGED
03-22 09:41:04.949 D/ActivityManager(  384): mBatteryStatusReceiver, plugged=2, mBatteryStatusPlugged=2, fakeShutdownMode=false
03-22 09:41:04.999 D/PhoneStatusBar(  464): addNotification score=-20
03-22 09:41:04.999 D/BatteryService(  384): mAcOnlinefalsemUsbOnline:truemBatteryStatus 2
03-22 09:41:04.999 D/BatteryService(  384): mBatteryLevel45isPowered():trueActivityManagerNative.isSystemReady():true
03-22 09:41:05.009 D/BatteryService(  384): mAcOnlinefalsemUsbOnline:truemBatteryStatus 2
03-22 09:41:05.009 D/ActivityManager(  384): mBatteryStatusReceiver, action=android.intent.action.BATTERY_CHANGED
03-22 09:41:05.009 D/ActivityManager(  384): mBatteryStatusReceiver, plugged=2, mBatteryStatusPlugged=2, fakeShutdownMode=false
03-22 09:41:05.019 D/PhoneStatusBar(  464): addNotification score=-10
03-22 09:41:05.089 D/BatteryService(  384): mAcOnlinefalsemUsbOnline:truemBatteryStatus 2
03-22 09:41:05.089 D/BatteryService(  384): mBatteryLevel45isPowered():trueActivityManagerNative.isSystemReady():true
03-22 09:41:05.099 D/BatteryService(  384): mAcOnlinefalsemUsbOnline:truemBatteryStatus 2
03-22 09:41:05.099 D/ActivityManager(  384): mBatteryStatusReceiver, action=android.intent.action.BATTERY_CHANGED
03-22 09:41:05.099 D/ActivityManager(  384): mBatteryStatusReceiver, plugged=2, mBatteryStatusPlugged=2, fakeShutdownMode=false
03-22 09:41:13.367 W/MountService(  384): getVolumeState(/storage/sdcard0/external_sd): Unknown volume
03-22 09:41:13.367 W/MountService(  384): getVolumeState(/mnt/sdcard-ext): Unknown volume
03-22 09:41:13.367 W/MountService(  384): getVolumeState(/mnt/ext_sdcard): Unknown volume
03-22 09:41:13.367 W/MountService(  384): getVolumeState(/mnt/sdcard2): Unknown volume
03-22 09:41:13.367 W/MountService(  384): getVolumeState(/mnt/emmc): Unknown volume
03-22 09:41:13.367 W/MountService(  384): getVolumeState(/mnt/extSdCard): Unknown volume
03-22 09:41:13.367 W/MountService(  384): getVolumeState(/mnt/sdcard/SD_CARD): Unknown volume
03-22 09:41:13.367 W/MountService(  384): getVolumeState(/mnt/sdcard/extra_sd): Unknown volume
03-22 09:41:13.367 W/MountService(  384): getVolumeState(/mnt/extrasd_bind): Unknown volume
03-22 09:41:13.367 W/MountService(  384): getVolumeState(/mnt/sdcard/ext_sd): Unknown volume
03-22 09:41:13.367 W/MountService(  384): getVolumeState(/storage/extSdCard): Unknown volume
03-22 09:41:13.367 W/MountService(  384): getVolumeState(/storage/sdcard1): Unknown volume
03-22 09:41:13.367 W/MountService(  384): getVolumeState(/mnt/sdcard/external_SD): Unknown volume
03-22 09:41:13.367 W/MountService(  384): getVolumeState(/mnt/sdcard/external_sd): Unknown volume
03-22 09:41:13.407 W/MountService(  384): getVolumeState(/storage/sdcard0/external_sd): Unknown volume
03-22 09:41:13.407 W/MountService(  384): getVolumeState(/mnt/sdcard-ext): Unknown volume
03-22 09:41:13.407 W/MountService(  384): getVolumeState(/mnt/ext_sdcard): Unknown volume
03-22 09:41:13.407 W/MountService(  384): getVolumeState(/mnt/sdcard2): Unknown volume
03-22 09:41:13.407 W/MountService(  384): getVolumeState(/mnt/emmc): Unknown volume
03-22 09:41:13.407 W/MountService(  384): getVolumeState(/mnt/extSdCard): Unknown volume
03-22 09:41:13.407 W/MountService(  384): getVolumeState(/mnt/sdcard/SD_CARD): Unknown volume
03-22 09:41:13.407 W/MountService(  384): getVolumeState(/mnt/sdcard/extra_sd): Unknown volume
03-22 09:41:13.407 W/MountService(  384): getVolumeState(/mnt/extrasd_bind): Unknown volume
03-22 09:41:13.407 W/MountService(  384): getVolumeState(/mnt/sdcard/ext_sd): Unknown volume
03-22 09:41:13.407 W/MountService(  384): getVolumeState(/storage/extSdCard): Unknown volume
03-22 09:41:13.407 W/MountService(  384): getVolumeState(/storage/sdcard1): Unknown volume
03-22 09:41:13.407 W/MountService(  384): getVolumeState(/mnt/sdcard/external_SD): Unknown volume
03-22 09:41:13.417 W/MountService(  384): getVolumeState(/mnt/sdcard/external_sd): Unknown volume
03-22 09:41:13.577 D/PhoneStatusBar(  464): addNotification score=0
03-22 09:41:13.927 I/ActivityManager(  384): START {act=com.qihoo360.daemon.pcdaemon.ACTION_START_UI2 flg=0x10000000 cmp=com.qihoo.appstore/.activities.MainActivity u=0} from pid 11441
03-22 09:41:14.368 W/MountService(  384): getVolumeState(/storage/sdcard0/external_sd): Unknown volume
03-22 09:41:14.368 W/MountService(  384): getVolumeState(/mnt/sdcard-ext): Unknown volume
03-22 09:41:14.368 W/MountService(  384): getVolumeState(/mnt/ext_sdcard): Unknown volume
03-22 09:41:14.368 W/MountService(  384): getVolumeState(/mnt/sdcard2): Unknown volume
03-22 09:41:14.368 W/MountService(  384): getVolumeState(/mnt/emmc): Unknown volume
03-22 09:41:14.368 W/MountService(  384): getVolumeState(/mnt/extSdCard): Unknown volume
03-22 09:41:14.368 W/MountService(  384): getVolumeState(/mnt/sdcard/SD_CARD): Unknown volume
03-22 09:41:14.368 W/MountService(  384): getVolumeState(/mnt/sdcard/extra_sd): Unknown volume
03-22 09:41:14.378 W/MountService(  384): getVolumeState(/mnt/extrasd_bind): Unknown volume
03-22 09:41:14.378 W/MountService(  384): getVolumeState(/mnt/sdcard/ext_sd): Unknown volume
03-22 09:41:14.378 W/MountService(  384): getVolumeState(/storage/extSdCard): Unknown volume
03-22 09:41:14.378 W/MountService(  384): getVolumeState(/storage/sdcard1): Unknown volume
03-22 09:41:14.378 W/MountService(  384): getVolumeState(/mnt/sdcard/external_SD): Unknown volume
03-22 09:41:14.378 W/MountService(  384): getVolumeState(/mnt/sdcard/external_sd): Unknown volume
03-22 09:41:14.438 W/ActivityManager(  384): Activity pause timeout for ActivityRecord{419a1c08 com.aidufei.ott.activity/.ParticularActivity}
03-22 09:41:14.468 I/ActivityManager(  384): Start proc com.qihoo.appstore for activity com.qihoo.appstore/.activities.MainActivity: pid=11467 uid=10057 gids={3003, 1015, 3002, 1006, 3001, 1028}
03-22 09:41:15.409 W/MountService(  384): getVolumeState(/storage/sdcard0/external_sd): Unknown volume
03-22 09:41:15.419 W/MountService(  384): getVolumeState(/mnt/sdcard-ext): Unknown volume
03-22 09:41:15.419 W/MountService(  384): getVolumeState(/mnt/ext_sdcard): Unknown volume
03-22 09:41:15.429 W/MountService(  384): getVolumeState(/mnt/sdcard2): Unknown volume
03-22 09:41:15.429 W/MountService(  384): getVolumeState(/mnt/emmc): Unknown volume
03-22 09:41:15.429 W/MountService(  384): getVolumeState(/mnt/extSdCard): Unknown volume
03-22 09:41:15.429 W/MountService(  384): getVolumeState(/mnt/sdcard/SD_CARD): Unknown volume
03-22 09:41:15.429 W/MountService(  384): getVolumeState(/mnt/sdcard/extra_sd): Unknown volume
03-22 09:41:15.429 W/MountService(  384): getVolumeState(/mnt/extrasd_bind): Unknown volume
03-22 09:41:15.429 W/MountService(  384): getVolumeState(/mnt/sdcard/ext_sd): Unknown volume
03-22 09:41:15.429 W/MountService(  384): getVolumeState(/storage/extSdCard): Unknown volume
03-22 09:41:15.429 W/MountService(  384): getVolumeState(/storage/sdcard1): Unknown volume
03-22 09:41:15.429 W/MountService(  384): getVolumeState(/mnt/sdcard/external_SD): Unknown volume
03-22 09:41:15.439 W/MountService(  384): getVolumeState(/mnt/sdcard/external_sd): Unknown volume
03-22 09:41:26.169 W/ActivityManager(  384): Activity destroy timeout for ActivityRecord{41adc7e0 com.aidufei.ott.activity/.UserFriendDetail}
03-22 09:41:26.179 W/ActivityManager(  384): Activity stop timeout for ActivityRecord{419a1c08 com.aidufei.ott.activity/.ParticularActivity}
03-22 09:42:09.121 D/PhoneStatusBar(  464): disable: < expand icons alerts ticker system_info back home RECENT* clock >
03-22 09:42:09.151 D/PhoneStatusBar(  464): disable: < expand icons alerts ticker system_info BACK* HOME* RECENT CLOCK* >
03-22 09:42:13.656 W/MountService(  384): getVolumeState(/storage/sdcard0/external_sd): Unknown volume
03-22 09:42:13.656 W/MountService(  384): getVolumeState(/mnt/sdcard-ext): Unknown volume
03-22 09:42:13.656 W/MountService(  384): getVolumeState(/mnt/ext_sdcard): Unknown volume
03-22 09:42:13.656 W/MountService(  384): getVolumeState(/mnt/sdcard2): Unknown volume
03-22 09:42:13.656 W/MountService(  384): getVolumeState(/mnt/emmc): Unknown volume
03-22 09:42:13.656 W/MountService(  384): getVolumeState(/mnt/extSdCard): Unknown volume
03-22 09:42:13.656 W/MountService(  384): getVolumeState(/mnt/sdcard/SD_CARD): Unknown volume
03-22 09:42:13.656 W/MountService(  384): getVolumeState(/mnt/sdcard/extra_sd): Unknown volume
03-22 09:42:13.666 W/MountService(  384): getVolumeState(/mnt/extrasd_bind): Unknown volume
03-22 09:42:13.666 W/MountService(  384): getVolumeState(/mnt/sdcard/ext_sd): Unknown volume
03-22 09:42:13.666 W/MountService(  384): getVolumeState(/storage/extSdCard): Unknown volume
03-22 09:42:13.666 W/MountService(  384): getVolumeState(/storage/sdcard1): Unknown volume
03-22 09:42:13.666 W/MountService(  384): getVolumeState(/mnt/sdcard/external_SD): Unknown volume
03-22 09:42:13.666 W/MountService(  384): getVolumeState(/mnt/sdcard/external_sd): Unknown volume
03-22 09:42:14.136 W/MountService(  384): getVolumeState(/storage/sdcard0/external_sd): Unknown volume
03-22 09:42:14.136 W/MountService(  384): getVolumeState(/mnt/sdcard-ext): Unknown volume
03-22 09:42:14.136 W/MountService(  384): getVolumeState(/mnt/ext_sdcard): Unknown volume
03-22 09:42:14.136 W/MountService(  384): getVolumeState(/mnt/sdcard2): Unknown volume
03-22 09:42:14.136 W/MountService(  384): getVolumeState(/mnt/emmc): Unknown volume
03-22 09:42:14.136 W/MountService(  384): getVolumeState(/mnt/extSdCard): Unknown volume
03-22 09:42:14.136 W/MountService(  384): getVolumeState(/mnt/sdcard/SD_CARD): Unknown volume
03-22 09:42:14.136 W/MountService(  384): getVolumeState(/mnt/sdcard/extra_sd): Unknown volume
03-22 09:42:14.136 W/MountService(  384): getVolumeState(/mnt/extrasd_bind): Unknown volume
03-22 09:42:14.136 W/MountService(  384): getVolumeState(/mnt/sdcard/ext_sd): Unknown volume
03-22 09:42:14.136 W/MountService(  384): getVolumeState(/storage/extSdCard): Unknown volume
03-22 09:42:14.136 W/MountService(  384): getVolumeState(/storage/sdcard1): Unknown volume
03-22 09:42:14.136 W/MountService(  384): getVolumeState(/mnt/sdcard/external_SD): Unknown volume
03-22 09:42:14.146 W/MountService(  384): getVolumeState(/mnt/sdcard/external_sd): Unknown volume
03-22 09:42:38.159 D/BatteryService(  384): mAcOnlinefalsemUsbOnline:truemBatteryStatus 2
03-22 09:42:38.159 D/BatteryService(  384): mBatteryLevel45isPowered():trueActivityManagerNative.isSystemReady():true
03-22 09:42:38.169 D/BatteryService(  384): mAcOnlinefalsemUsbOnline:truemBatteryStatus 2
03-22 09:42:38.169 D/ActivityManager(  384): mBatteryStatusReceiver, action=android.intent.action.BATTERY_CHANGED
03-22 09:42:38.169 D/ActivityManager(  384): mBatteryStatusReceiver, plugged=2, mBatteryStatusPlugged=2, fakeShutdownMode=false
03-22 09:42:38.270 D/BatteryService(  384): mAcOnlinefalsemUsbOnline:falsemBatteryStatus 3
03-22 09:42:38.270 D/BatteryService(  384): mBatteryLevel45isPowered():falseActivityManagerNative.isSystemReady():true
03-22 09:42:38.270 D/BatteryService(  384): mAcOnlinefalsemUsbOnline:falsemBatteryStatus 3
03-22 09:42:38.270 D/BatteryService(  384): mBatteryLevel45isPowered():falseActivityManagerNative.isSystemReady():true
03-22 09:42:38.280 D/BatteryService(  384): mAcOnlinefalsemUsbOnline:falsemBatteryStatus 3
03-22 09:42:38.280 D/ActivityManager(  384): mBatteryStatusReceiver, action=android.intent.action.BATTERY_CHANGED
03-22 09:42:38.280 D/ActivityManager(  384): mBatteryStatusReceiver, plugged=0, mBatteryStatusPlugged=2, fakeShutdownMode=false
03-22 09:42:38.370 I/WindowManager(  384): Lock screen displayed!
03-22 09:42:39.301 I/ActivityManager(  384): No longer want com.tencent.mm (pid 989): hidden #16
03-22 09:42:39.321 I/WindowState(  384): WIN DEATH: Window{4211be88 com.tencent.mm/com.tencent.mm.ui.LauncherUI paused=false}
03-22 09:42:39.321 W/ActivityManager(  384): Scheduling restart of crashed service com.tencent.mm/.booter.NotifyReceiver$NotifyService in 5000ms
03-22 09:42:39.331 I/WindowState(  384): WIN DEATH: Window{4174c478 com.tencent.mm/com.tencent.mm.ui.MainTabUI paused=false}
03-22 09:42:44.396 I/ActivityManager(  384): Start proc com.tencent.mm for service com.tencent.mm/.booter.NotifyReceiver$NotifyService: pid=11558 uid=10079 gids={1006, 3003, 1015, 3002, 3001, 1028}
03-22 09:42:44.706 D/BatteryService(  384): mAcOnlinetruemUsbOnline:falsemBatteryStatus 3
03-22 09:42:44.706 D/BatteryService(  384): mBatteryLevel45isPowered():trueActivityManagerNative.isSystemReady():true
03-22 09:42:44.706 D/BatteryService(  384): mAcOnlinetruemUsbOnline:falsemBatteryStatus 3
03-22 09:42:44.706 D/ActivityManager(  384): mBatteryStatusReceiver, action=android.intent.action.BATTERY_CHANGED
03-22 09:42:44.706 D/ActivityManager(  384): mBatteryStatusReceiver, plugged=1, mBatteryStatusPlugged=0, fakeShutdownMode=false
03-22 09:42:44.706 W/PowerUI (  464): unknown intent: Intent { act=android.intent.action.ACTION_POWER_CONNECTED flg=0x8000010 }
03-22 09:42:44.796 E/ActivityThread(11558): Failed to find provider info for com.tencent.mm.coolassist.debugprovider
03-22 09:42:45.186 D/BatteryService(  384): mAcOnlinetruemUsbOnline:falsemBatteryStatus 2
03-22 09:42:45.186 D/BatteryService(  384): mBatteryLevel45isPowered():trueActivityManagerNative.isSystemReady():true
03-22 09:42:45.186 D/BatteryService(  384): mAcOnlinetruemUsbOnline:falsemBatteryStatus 2
03-22 09:42:45.186 D/ActivityManager(  384): mBatteryStatusReceiver, action=android.intent.action.BATTERY_CHANGED
03-22 09:42:45.186 D/ActivityManager(  384): mBatteryStatusReceiver, plugged=1, mBatteryStatusPlugged=1, fakeShutdownMode=false
03-22 09:44:10.600 D/BatteryService(  384): mAcOnlinetruemUsbOnline:falsemBatteryStatus 2
03-22 09:44:10.610 D/BatteryService(  384): mBatteryLevel46isPowered():trueActivityManagerNative.isSystemReady():true
03-22 09:44:10.610 D/BatteryService(  384): mAcOnlinetruemUsbOnline:falsemBatteryStatus 2
03-22 09:44:10.610 D/ActivityManager(  384): mBatteryStatusReceiver, action=android.intent.action.BATTERY_CHANGED
03-22 09:44:10.610 D/ActivityManager(  384): mBatteryStatusReceiver, plugged=1, mBatteryStatusPlugged=1, fakeShutdownMode=false
03-22 09:45:31.829 I/WindowManager(  384): Lock screen displayed!
03-22 09:45:32.930 W/WindowManager(  384): Rebuild removed 12 windows but added 11
03-22 09:45:32.930 W/WindowManager(  384): This window was lost: Window{4201f058 com.aidufei.ott.activity/com.aidufei.ott.activity.UserFriendDetail paused=false}
03-22 09:45:32.930 W/WindowManager(  384): mSession=Session{4215e1c0 uid 10047} mClient=android.os.BinderProxy@420bef60
03-22 09:45:32.930 W/WindowManager(  384): mAttrs=WM.LayoutParams{(0,0)(fillxfill) sim=#110 ty=1 fl=#9010100 pfl=0x8 wanim=0x1030001}
03-22 09:45:32.930 W/WindowManager(  384): Requested w=720 h=1280 mLayoutSeq=2500
03-22 09:45:32.930 W/WindowManager(  384): mBaseLayer=21000 mSubLayer=0 mAnimLayer=21050+0=21050 mLastLayer=22065
03-22 09:45:32.930 W/WindowManager(  384): mToken=AppWindowToken{42037b80 token=Token{4205ccf8 ActivityRecord{41adc7e0 com.aidufei.ott.activity/.UserFriendDetail}}}
03-22 09:45:32.930 W/WindowManager(  384): mRootToken=AppWindowToken{42037b80 token=Token{4205ccf8 ActivityRecord{41adc7e0 com.aidufei.ott.activity/.UserFriendDetail}}}
03-22 09:45:32.930 W/WindowManager(  384): mAppToken=AppWindowToken{42037b80 token=Token{4205ccf8 ActivityRecord{41adc7e0 com.aidufei.ott.activity/.UserFriendDetail}}}
03-22 09:45:32.930 W/WindowManager(  384): mViewVisibility=0x0 mHaveFrame=true mObscured=true
03-22 09:45:32.930 W/WindowManager(  384): mSeq=0 mSystemUiVisibility=0x0
03-22 09:45:32.930 W/WindowManager(  384): mPolicyVisibility=false mPolicyVisibilityAfterAnim=false mAttachedHidden=false
03-22 09:45:32.930 W/WindowManager(  384): mGivenContentInsets=[0,0][0,0] mGivenVisibleInsets=[0,0][0,0]
03-22 09:45:32.930 W/WindowManager(  384): mConfiguration={1.0 460mcc0mnc zh_CN sw360dp w360dp h620dp nrml long port finger -keyb/v/h -nav/h s.11}
03-22 09:45:32.930 W/WindowManager(  384): mHasSurface=true mShownFrame=[0.0,0.0][720.0,1280.0]
03-22 09:45:32.930 W/WindowManager(  384): mFrame=[0,0][720,1280] last=[0,0][720,1280]
03-22 09:45:32.930 W/WindowManager(  384): mSystemDecorRect=[0,40][720,1280] last=[0,40][720,1280]
03-22 09:45:32.930 W/WindowManager(  384): Frames: containing=[0,0][720,1280] parent=[0,0][720,1280] display=[0,0][720,1280]
03-22 09:45:32.930 W/WindowManager(  384):     content=[0,40][720,1280] visible=[0,40][720,1280]
03-22 09:45:32.930 W/WindowManager(  384): Cur insets: content=[0,40][0,0] visible=[0,40][0,0]
03-22 09:45:32.930 W/WindowManager(  384): Lst insets: content=[0,40][0,0] visible=[0,40][0,0]
03-22 09:45:32.930 W/WindowManager(  384): mSurface=Surface(name=com.aidufei.ott.activity/com.aidufei.ott.activity.UserFriendDetail, identity=297)
03-22 09:45:32.930 W/WindowManager(  384): mDrawState=HAS_DRAWN mLastHidden=true
03-22 09:45:32.930 W/WindowManager(  384): Surface: shown=false layer=22065 alpha=0.0 rect=(0.0,0.0) 720.0 x 1280.0
03-22 09:45:32.930 W/WindowManager(  384): mShownAlpha=1.0 mAlpha=1.0 mLastAlpha=0.0
03-22 09:45:32.930 W/WindowManager(  384): Current app token list:
03-22 09:45:32.930 V/WindowManager(  384):   #16: Token{41b9aef8 ActivityRecord{4197ac50 com.qihoo.appstore/.activities.MainActivity}}
03-22 09:45:32.930 V/WindowManager(  384):   #15: Token{41b14740 ActivityRecord{419a1c08 com.aidufei.ott.activity/.ParticularActivity}}
03-22 09:45:32.930 V/WindowManager(  384):   #14: Token{41959dd8 ActivityRecord{419709d0 com.aidufei.ott.activity/.MainTabHostActivity}}
03-22 09:45:32.930 V/WindowManager(  384):   #13: Token{4204d408 ActivityRecord{4204cfd0 com.android.launcher/com.android.launcher2.Launcher}}
03-22 09:45:32.930 V/WindowManager(  384):   #12: Token{41aae128 ActivityRecord{41944400 com.android.settings/.SubSettings}}
03-22 09:45:32.930 V/WindowManager(  384):   #11: Token{4196e330 ActivityRecord{415cc3b0 com.android.settings/.Settings}}
