130|shell@android:/ $ logcat
--------- beginning of /dev/log/system
W/ActivityManager( 1114): Unbind failed: could not find connection for android.os.BinderProxy@415e9fc8
E/ActivityThread( 4715): Activity com.coship.dvbplayer.main has leaked ServiceConnection com.aidufei.otoService.ServiceAdapter$1@4182e1d0 that was originally bound here
E/ActivityThread( 4715): android.app.ServiceConnectionLeaked: Activity com.coship.dvbplayer.main has leaked ServiceConnection com.aidufei.otoService.ServiceAdapter$1@4182e1d0 that was originally bound here
E/ActivityThread( 4715):        at android.app.LoadedApk$ServiceDispatcher.<init>(LoadedApk.java:936)
E/ActivityThread( 4715):        at android.app.LoadedApk.getServiceDispatcher(LoadedApk.java:830)
E/ActivityThread( 4715):        at android.app.ContextImpl.bindService(ContextImpl.java:1142)
E/ActivityThread( 4715):        at android.content.ContextWrapper.bindService(ContextWrapper.java:370)
E/ActivityThread( 4715):        at com.aidufei.otoService.ServiceAdapter.<init>(ServiceAdapter.java:52)
E/ActivityThread( 4715):        at com.coship.dvbplayer.main.init(main.java:465)
E/ActivityThread( 4715):        at com.coship.dvbplayer.main.onResume(main.java:435)
E/ActivityThread( 4715):        at android.app.Instrumentation.callActivityOnResume(Instrumentation.java:1154)
E/ActivityThread( 4715):        at android.app.Activity.performResume(Activity.java:4539)
E/ActivityThread( 4715):        at android.app.ActivityThread.performResumeActivity(ActivityThread.java:2434)
E/ActivityThread( 4715):        at android.app.ActivityThread.handleResumeActivity(ActivityThread.java:2472)
E/ActivityThread( 4715):        at android.app.ActivityThread$H.handleMessage(ActivityThread.java:1173)
E/ActivityThread( 4715):        at android.os.Handler.dispatchMessage(Handler.java:99)
E/ActivityThread( 4715):        at android.os.Looper.loop(Looper.java:137)
E/ActivityThread( 4715):        at android.app.ActivityThread.main(ActivityThread.java:4424)
E/ActivityThread( 4715):        at java.lang.reflect.Method.invokeNative(Native Method)
E/ActivityThread( 4715):        at java.lang.reflect.Method.invoke(Method.java:511)
E/ActivityThread( 4715):        at com.android.internal.os.ZygoteInit$MethodAndArgsCaller.run(ZygoteInit.java:848)
E/ActivityThread( 4715):        at com.android.internal.os.ZygoteInit.main(ZygoteInit.java:575)
E/ActivityThread( 4715):        at dalvik.system.NativeStart.main(Native Method)
W/ActivityManager( 1114): Unbind failed: could not find connection for android.os.BinderProxy@4152cf08
E/ActivityThread( 4715): Activity com.coship.dvbplayer.main has leaked ServiceConnection com.aidufei.otoService.ServiceAdapter$1@43586f20 that was originally bound here
E/ActivityThread( 4715): android.app.ServiceConnectionLeaked: Activity com.coship.dvbplayer.main has leaked ServiceConnection com.aidufei.otoService.ServiceAdapter$1@43586f20 that was originally bound here
E/ActivityThread( 4715):        at android.app.LoadedApk$ServiceDispatcher.<init>(LoadedApk.java:936)
E/ActivityThread( 4715):        at android.app.LoadedApk.getServiceDispatcher(LoadedApk.java:830)
E/ActivityThread( 4715):        at android.app.ContextImpl.bindService(ContextImpl.java:1142)
E/ActivityThread( 4715):        at android.content.ContextWrapper.bindService(ContextWrapper.java:370)
E/ActivityThread( 4715):        at com.aidufei.otoService.ServiceAdapter.<init>(ServiceAdapter.java:52)
E/ActivityThread( 4715):        at com.coship.dvbplayer.main.init(main.java:465)
E/ActivityThread( 4715):        at com.coship.dvbplayer.main.onResume(main.java:435)
E/ActivityThread( 4715):        at android.app.Instrumentation.callActivityOnResume(Instrumentation.java:1154)
E/ActivityThread( 4715):        at android.app.Activity.performResume(Activity.java:4539)
E/ActivityThread( 4715):        at android.app.ActivityThread.performResumeActivity(ActivityThread.java:2434)
E/ActivityThread( 4715):        at android.app.ActivityThread.handleResumeActivity(ActivityThread.java:2472)
E/ActivityThread( 4715):        at android.app.ActivityThread$H.handleMessage(ActivityThread.java:1173)
E/ActivityThread( 4715):        at android.os.Handler.dispatchMessage(Handler.java:99)
E/ActivityThread( 4715):        at android.os.Looper.loop(Looper.java:137)
E/ActivityThread( 4715):        at android.app.ActivityThread.main(ActivityThread.java:4424)
E/ActivityThread( 4715):        at java.lang.reflect.Method.invokeNative(Native Method)
E/ActivityThread( 4715):        at java.lang.reflect.Method.invoke(Method.java:511)
E/ActivityThread( 4715):        at com.android.internal.os.ZygoteInit$MethodAndArgsCaller.run(ZygoteInit.java:848)
E/ActivityThread( 4715):        at com.android.internal.os.ZygoteInit.main(ZygoteInit.java:575)
E/ActivityThread( 4715):        at dalvik.system.NativeStart.main(Native Method)
W/ActivityManager( 1114): Unbind failed: could not find connection for android.os.BinderProxy@4158fb50
E/ActivityThread( 4715): Activity com.coship.dvbplayer.main has leaked ServiceConnection com.aidufei.otoService.ServiceAdapter$1@4375cca0 that was originally bound here
E/ActivityThread( 4715): android.app.ServiceConnectionLeaked: Activity com.coship.dvbplayer.main has leaked ServiceConnection com.aidufei.otoService.ServiceAdapter$1@4375cca0 that was originally bound here
E/ActivityThread( 4715):        at android.app.LoadedApk$ServiceDispatcher.<init>(LoadedApk.java:936)
E/ActivityThread( 4715):        at android.app.LoadedApk.getServiceDispatcher(LoadedApk.java:830)
E/ActivityThread( 4715):        at android.app.ContextImpl.bindService(ContextImpl.java:1142)
E/ActivityThread( 4715):        at android.content.ContextWrapper.bindService(ContextWrapper.java:370)
E/ActivityThread( 4715):        at com.aidufei.otoService.ServiceAdapter.<init>(ServiceAdapter.java:52)
E/ActivityThread( 4715):        at com.coship.dvbplayer.main.init(main.java:465)
E/ActivityThread( 4715):        at com.coship.dvbplayer.main.onResume(main.java:435)
E/ActivityThread( 4715):        at android.app.Instrumentation.callActivityOnResume(Instrumentation.java:1154)
E/ActivityThread( 4715):        at android.app.Activity.performResume(Activity.java:4539)
E/ActivityThread( 4715):        at android.app.ActivityThread.performResumeActivity(ActivityThread.java:2434)
E/ActivityThread( 4715):        at android.app.ActivityThread.handleResumeActivity(ActivityThread.java:2472)
E/ActivityThread( 4715):        at android.app.ActivityThread$H.handleMessage(ActivityThread.java:1173)
E/ActivityThread( 4715):        at android.os.Handler.dispatchMessage(Handler.java:99)
E/ActivityThread( 4715):        at android.os.Looper.loop(Looper.java:137)
E/ActivityThread( 4715):        at android.app.ActivityThread.main(ActivityThread.java:4424)
E/ActivityThread( 4715):        at java.lang.reflect.Method.invokeNative(Native Method)
E/ActivityThread( 4715):        at java.lang.reflect.Method.invoke(Method.java:511)
E/ActivityThread( 4715):        at com.android.internal.os.ZygoteInit$MethodAndArgsCaller.run(ZygoteInit.java:848)
E/ActivityThread( 4715):        at com.android.internal.os.ZygoteInit.main(ZygoteInit.java:575)
E/ActivityThread( 4715):        at dalvik.system.NativeStart.main(Native Method)
W/ActivityManager( 1114): Unbind failed: could not find connection for android.os.BinderProxy@415281d0
E/ActivityThread( 4715): Activity com.coship.dvbplayer.main has leaked ServiceConnection com.aidufei.otoService.ServiceAdapter$1@42e043a8 that was originally bound here
E/ActivityThread( 4715): android.app.ServiceConnectionLeaked: Activity com.coship.dvbplayer.main has leaked ServiceConnection com.aidufei.otoService.ServiceAdapter$1@42e043a8 that was originally bound here
E/ActivityThread( 4715):        at android.app.LoadedApk$ServiceDispatcher.<init>(LoadedApk.java:936)
E/ActivityThread( 4715):        at android.app.LoadedApk.getServiceDispatcher(LoadedApk.java:830)
E/ActivityThread( 4715):        at android.app.ContextImpl.bindService(ContextImpl.java:1142)
E/ActivityThread( 4715):        at android.content.ContextWrapper.bindService(ContextWrapper.java:370)
E/ActivityThread( 4715):        at com.aidufei.otoService.ServiceAdapter.<init>(ServiceAdapter.java:52)
E/ActivityThread( 4715):        at com.coship.dvbplayer.main.init(main.java:465)
E/ActivityThread( 4715):        at com.coship.dvbplayer.main.onResume(main.java:435)
E/ActivityThread( 4715):        at android.app.Instrumentation.callActivityOnResume(Instrumentation.java:1154)
E/ActivityThread( 4715):        at android.app.Activity.performResume(Activity.java:4539)
E/ActivityThread( 4715):        at android.app.ActivityThread.performResumeActivity(ActivityThread.java:2434)
E/ActivityThread( 4715):        at android.app.ActivityThread.handleResumeActivity(ActivityThread.java:2472)
E/ActivityThread( 4715):        at android.app.ActivityThread$H.handleMessage(ActivityThread.java:1173)
E/ActivityThread( 4715):        at android.os.Handler.dispatchMessage(Handler.java:99)
E/ActivityThread( 4715):        at android.os.Looper.loop(Looper.java:137)
E/ActivityThread( 4715):        at android.app.ActivityThread.main(ActivityThread.java:4424)
E/ActivityThread( 4715):        at java.lang.reflect.Method.invokeNative(Native Method)
E/ActivityThread( 4715):        at java.lang.reflect.Method.invoke(Method.java:511)
E/ActivityThread( 4715):        at com.android.internal.os.ZygoteInit$MethodAndArgsCaller.run(ZygoteInit.java:848)
E/ActivityThread( 4715):        at com.android.internal.os.ZygoteInit.main(ZygoteInit.java:575)
E/ActivityThread( 4715):        at dalvik.system.NativeStart.main(Native Method)
W/ActivityManager( 1114): Unbind failed: could not find connection for android.os.BinderProxy@4153f4a8
E/ActivityThread( 4715): Activity com.coship.dvbplayer.main has leaked ServiceConnection com.aidufei.otoService.ServiceAdapter$1@42e709e8 that was originally bound here
E/ActivityThread( 4715): android.app.ServiceConnectionLeaked: Activity com.coship.dvbplayer.main has leaked ServiceConnection com.aidufei.otoService.ServiceAdapter$1@42e709e8 that was originally bound here
E/ActivityThread( 4715):        at android.app.LoadedApk$ServiceDispatcher.<init>(LoadedApk.java:936)
E/ActivityThread( 4715):        at android.app.LoadedApk.getServiceDispatcher(LoadedApk.java:830)
E/ActivityThread( 4715):        at android.app.ContextImpl.bindService(ContextImpl.java:1142)
E/ActivityThread( 4715):        at android.content.ContextWrapper.bindService(ContextWrapper.java:370)
E/ActivityThread( 4715):        at com.aidufei.otoService.ServiceAdapter.<init>(ServiceAdapter.java:52)
E/ActivityThread( 4715):        at com.coship.dvbplayer.main.init(main.java:465)
E/ActivityThread( 4715):        at com.coship.dvbplayer.main.onResume(main.java:435)
E/ActivityThread( 4715):        at android.app.Instrumentation.callActivityOnResume(Instrumentation.java:1154)
E/ActivityThread( 4715):        at android.app.Activity.performResume(Activity.java:4539)
E/ActivityThread( 4715):        at android.app.ActivityThread.performResumeActivity(ActivityThread.java:2434)
E/ActivityThread( 4715):        at android.app.ActivityThread.handleResumeActivity(ActivityThread.java:2472)
E/ActivityThread( 4715):        at android.app.ActivityThread$H.handleMessage(ActivityThread.java:1173)
E/ActivityThread( 4715):        at android.os.Handler.dispatchMessage(Handler.java:99)
E/ActivityThread( 4715):        at android.os.Looper.loop(Looper.java:137)
E/ActivityThread( 4715):        at android.app.ActivityThread.main(ActivityThread.java:4424)
E/ActivityThread( 4715):        at java.lang.reflect.Method.invokeNative(Native Method)
E/ActivityThread( 4715):        at java.lang.reflect.Method.invoke(Method.java:511)
E/ActivityThread( 4715):        at com.android.internal.os.ZygoteInit$MethodAndArgsCaller.run(ZygoteInit.java:848)
E/ActivityThread( 4715):        at com.android.internal.os.ZygoteInit.main(ZygoteInit.java:575)
E/ActivityThread( 4715):        at dalvik.system.NativeStart.main(Native Method)
W/ActivityManager( 1114): Unbind failed: could not find connection for android.os.BinderProxy@4152a880
E/ActivityThread( 4715): Activity com.coship.dvbplayer.main has leaked ServiceConnection com.aidufei.otoService.ServiceAdapter$1@415cca00 that was originally bound here
E/ActivityThread( 4715): android.app.ServiceConnectionLeaked: Activity com.coship.dvbplayer.main has leaked ServiceConnection com.aidufei.otoService.ServiceAdapter$1@415cca00 that was originally bound here
E/ActivityThread( 4715):        at android.app.LoadedApk$ServiceDispatcher.<init>(LoadedApk.java:936)
E/ActivityThread( 4715):        at android.app.LoadedApk.getServiceDispatcher(LoadedApk.java:830)
E/ActivityThread( 4715):        at android.app.ContextImpl.bindService(ContextImpl.java:1142)
E/ActivityThread( 4715):        at android.content.ContextWrapper.bindService(ContextWrapper.java:370)
E/ActivityThread( 4715):        at com.aidufei.otoService.ServiceAdapter.<init>(ServiceAdapter.java:52)
E/ActivityThread( 4715):        at com.coship.dvbplayer.main.init(main.java:465)
E/ActivityThread( 4715):        at com.coship.dvbplayer.main.onResume(main.java:435)
E/ActivityThread( 4715):        at android.app.Instrumentation.callActivityOnResume(Instrumentation.java:1154)
E/ActivityThread( 4715):        at android.app.Activity.performResume(Activity.java:4539)
E/ActivityThread( 4715):        at android.app.ActivityThread.performResumeActivity(ActivityThread.java:2434)
E/ActivityThread( 4715):        at android.app.ActivityThread.handleResumeActivity(ActivityThread.java:2472)
E/ActivityThread( 4715):        at android.app.ActivityThread$H.handleMessage(ActivityThread.java:1173)
E/ActivityThread( 4715):        at android.os.Handler.dispatchMessage(Handler.java:99)
E/ActivityThread( 4715):        at android.os.Looper.loop(Looper.java:137)
E/ActivityThread( 4715):        at android.app.ActivityThread.main(ActivityThread.java:4424)
E/ActivityThread( 4715):        at java.lang.reflect.Method.invokeNative(Native Method)
E/ActivityThread( 4715):        at java.lang.reflect.Method.invoke(Method.java:511)
E/ActivityThread( 4715):        at com.android.internal.os.ZygoteInit$MethodAndArgsCaller.run(ZygoteInit.java:848)
E/ActivityThread( 4715):        at com.android.internal.os.ZygoteInit.main(ZygoteInit.java:575)
E/ActivityThread( 4715):        at dalvik.system.NativeStart.main(Native Method)
W/ActivityManager( 1114): Unbind failed: could not find connection for android.os.BinderProxy@414de1a8
E/ActivityThread( 4715): Activity com.coship.dvbplayer.main has leaked ServiceConnection com.aidufei.otoService.ServiceAdapter$1@42fb8d60 that was originally bound here
E/ActivityThread( 4715): android.app.ServiceConnectionLeaked: Activity com.coship.dvbplayer.main has leaked ServiceConnection com.aidufei.otoService.ServiceAdapter$1@42fb8d60 that was originally bound here
E/ActivityThread( 4715):        at android.app.LoadedApk$ServiceDispatcher.<init>(LoadedApk.java:936)
E/ActivityThread( 4715):        at android.app.LoadedApk.getServiceDispatcher(LoadedApk.java:830)
E/ActivityThread( 4715):        at android.app.ContextImpl.bindService(ContextImpl.java:1142)
E/ActivityThread( 4715):        at android.content.ContextWrapper.bindService(ContextWrapper.java:370)
E/ActivityThread( 4715):        at com.aidufei.otoService.ServiceAdapter.<init>(ServiceAdapter.java:52)
E/ActivityThread( 4715):        at com.coship.dvbplayer.main.init(main.java:465)
E/ActivityThread( 4715):        at com.coship.dvbplayer.main.onResume(main.java:435)
E/ActivityThread( 4715):        at android.app.Instrumentation.callActivityOnResume(Instrumentation.java:1154)
E/ActivityThread( 4715):        at android.app.Activity.performResume(Activity.java:4539)
E/ActivityThread( 4715):        at android.app.ActivityThread.performResumeActivity(ActivityThread.java:2434)
E/ActivityThread( 4715):        at android.app.ActivityThread.handleResumeActivity(ActivityThread.java:2472)
E/ActivityThread( 4715):        at android.app.ActivityThread$H.handleMessage(ActivityThread.java:1173)
E/ActivityThread( 4715):        at android.os.Handler.dispatchMessage(Handler.java:99)
E/ActivityThread( 4715):        at android.os.Looper.loop(Looper.java:137)
E/ActivityThread( 4715):        at android.app.ActivityThread.main(ActivityThread.java:4424)
E/ActivityThread( 4715):        at java.lang.reflect.Method.invokeNative(Native Method)
E/ActivityThread( 4715):        at java.lang.reflect.Method.invoke(Method.java:511)
E/ActivityThread( 4715):        at com.android.internal.os.ZygoteInit$MethodAndArgsCaller.run(ZygoteInit.java:848)
E/ActivityThread( 4715):        at com.android.internal.os.ZygoteInit.main(ZygoteInit.java:575)
E/ActivityThread( 4715):        at dalvik.system.NativeStart.main(Native Method)
W/ActivityManager( 1114): Unbind failed: could not find connection for android.os.BinderProxy@414d0000
E/ActivityThread( 4715): Activity com.coship.dvbplayer.main has leaked ServiceConnection com.aidufei.otoService.ServiceAdapter$1@42a36b10 that was originally bound here
E/ActivityThread( 4715): android.app.ServiceConnectionLeaked: Activity com.coship.dvbplayer.main has leaked ServiceConnection com.aidufei.otoService.ServiceAdapter$1@42a36b10 that was originally bound here
E/ActivityThread( 4715):        at android.app.LoadedApk$ServiceDispatcher.<init>(LoadedApk.java:936)
E/ActivityThread( 4715):        at android.app.LoadedApk.getServiceDispatcher(LoadedApk.java:830)
E/ActivityThread( 4715):        at android.app.ContextImpl.bindService(ContextImpl.java:1142)
E/ActivityThread( 4715):        at android.content.ContextWrapper.bindService(ContextWrapper.java:370)
E/ActivityThread( 4715):        at com.aidufei.otoService.ServiceAdapter.<init>(ServiceAdapter.java:52)
E/ActivityThread( 4715):        at com.coship.dvbplayer.main.init(main.java:465)
E/ActivityThread( 4715):        at com.coship.dvbplayer.main.onResume(main.java:435)
E/ActivityThread( 4715):        at android.app.Instrumentation.callActivityOnResume(Instrumentation.java:1154)
E/ActivityThread( 4715):        at android.app.Activity.performResume(Activity.java:4539)
E/ActivityThread( 4715):        at android.app.ActivityThread.performResumeActivity(ActivityThread.java:2434)
E/ActivityThread( 4715):        at android.app.ActivityThread.handleResumeActivity(ActivityThread.java:2472)
E/ActivityThread( 4715):        at android.app.ActivityThread$H.handleMessage(ActivityThread.java:1173)
E/ActivityThread( 4715):        at android.os.Handler.dispatchMessage(Handler.java:99)
E/ActivityThread( 4715):        at android.os.Looper.loop(Looper.java:137)
E/ActivityThread( 4715):        at android.app.ActivityThread.main(ActivityThread.java:4424)
E/ActivityThread( 4715):        at java.lang.reflect.Method.invokeNative(Native Method)
E/ActivityThread( 4715):        at java.lang.reflect.Method.invoke(Method.java:511)
E/ActivityThread( 4715):        at com.android.internal.os.ZygoteInit$MethodAndArgsCaller.run(ZygoteInit.java:848)
E/ActivityThread( 4715):        at com.android.internal.os.ZygoteInit.main(ZygoteInit.java:575)
E/ActivityThread( 4715):        at dalvik.system.NativeStart.main(Native Method)
W/ActivityManager( 1114): Unbind failed: could not find connection for android.os.BinderProxy@414a03c8
E/ActivityThread( 4715): Activity com.coship.dvbplayer.main has leaked ServiceConnection com.aidufei.otoService.ServiceAdapter$1@4182e588 that was originally bound here
E/ActivityThread( 4715): android.app.ServiceConnectionLeaked: Activity com.coship.dvbplayer.main has leaked ServiceConnection com.aidufei.otoService.ServiceAdapter$1@4182e588 that was originally bound here
E/ActivityThread( 4715):        at android.app.LoadedApk$ServiceDispatcher.<init>(LoadedApk.java:936)
E/ActivityThread( 4715):        at android.app.LoadedApk.getServiceDispatcher(LoadedApk.java:830)
E/ActivityThread( 4715):        at android.app.ContextImpl.bindService(ContextImpl.java:1142)
E/ActivityThread( 4715):        at android.content.ContextWrapper.bindService(ContextWrapper.java:370)
E/ActivityThread( 4715):        at com.aidufei.otoService.ServiceAdapter.<init>(ServiceAdapter.java:52)
E/ActivityThread( 4715):        at com.coship.dvbplayer.main.init(main.java:465)
E/ActivityThread( 4715):        at com.coship.dvbplayer.main.onResume(main.java:435)
E/ActivityThread( 4715):        at android.app.Instrumentation.callActivityOnResume(Instrumentation.java:1154)
E/ActivityThread( 4715):        at android.app.Activity.performResume(Activity.java:4539)
E/ActivityThread( 4715):        at android.app.ActivityThread.performResumeActivity(ActivityThread.java:2434)
E/ActivityThread( 4715):        at android.app.ActivityThread.handleResumeActivity(ActivityThread.java:2472)
E/ActivityThread( 4715):        at android.app.ActivityThread$H.handleMessage(ActivityThread.java:1173)
E/ActivityThread( 4715):        at android.os.Handler.dispatchMessage(Handler.java:99)
E/ActivityThread( 4715):        at android.os.Looper.loop(Looper.java:137)
E/ActivityThread( 4715):        at android.app.ActivityThread.main(ActivityThread.java:4424)
E/ActivityThread( 4715):        at java.lang.reflect.Method.invokeNative(Native Method)
E/ActivityThread( 4715):        at java.lang.reflect.Method.invoke(Method.java:511)
E/ActivityThread( 4715):        at com.android.internal.os.ZygoteInit$MethodAndArgsCaller.run(ZygoteInit.java:848)
E/ActivityThread( 4715):        at com.android.internal.os.ZygoteInit.main(ZygoteInit.java:575)
E/ActivityThread( 4715):        at dalvik.system.NativeStart.main(Native Method)
W/ActivityManager( 1114): Unbind failed: could not find connection for android.os.BinderProxy@414918b8
E/ActivityThread( 4715): Activity com.coship.dvbplayer.main has leaked ServiceConnection com.aidufei.otoService.ServiceAdapter$1@43585820 that was originally bound here
E/ActivityThread( 4715): android.app.ServiceConnectionLeaked: Activity com.coship.dvbplayer.main has leaked ServiceConnection com.aidufei.otoService.ServiceAdapter$1@43585820 that was originally bound here
E/ActivityThread( 4715):        at android.app.LoadedApk$ServiceDispatcher.<init>(LoadedApk.java:936)
E/ActivityThread( 4715):        at android.app.LoadedApk.getServiceDispatcher(LoadedApk.java:830)
E/ActivityThread( 4715):        at android.app.ContextImpl.bindService(ContextImpl.java:1142)
E/ActivityThread( 4715):        at android.content.ContextWrapper.bindService(ContextWrapper.java:370)
E/ActivityThread( 4715):        at com.aidufei.otoService.ServiceAdapter.<init>(ServiceAdapter.java:52)
E/ActivityThread( 4715):        at com.coship.dvbplayer.main.init(main.java:465)
E/ActivityThread( 4715):        at com.coship.dvbplayer.main.onResume(main.java:435)
E/ActivityThread( 4715):        at android.app.Instrumentation.callActivityOnResume(Instrumentation.java:1154)
E/ActivityThread( 4715):        at android.app.Activity.performResume(Activity.java:4539)
E/ActivityThread( 4715):        at android.app.ActivityThread.performResumeActivity(ActivityThread.java:2434)
E/ActivityThread( 4715):        at android.app.ActivityThread.handleResumeActivity(ActivityThread.java:2472)
E/ActivityThread( 4715):        at android.app.ActivityThread$H.handleMessage(ActivityThread.java:1173)
E/ActivityThread( 4715):        at android.os.Handler.dispatchMessage(Handler.java:99)
E/ActivityThread( 4715):        at android.os.Looper.loop(Looper.java:137)
E/ActivityThread( 4715):        at android.app.ActivityThread.main(ActivityThread.java:4424)
E/ActivityThread( 4715):        at java.lang.reflect.Method.invokeNative(Native Method)
E/ActivityThread( 4715):        at java.lang.reflect.Method.invoke(Method.java:511)
E/ActivityThread( 4715):        at com.android.internal.os.ZygoteInit$MethodAndArgsCaller.run(ZygoteInit.java:848)
E/ActivityThread( 4715):        at com.android.internal.os.ZygoteInit.main(ZygoteInit.java:575)
E/ActivityThread( 4715):        at dalvik.system.NativeStart.main(Native Method)
W/ActivityManager( 1114): Unbind failed: could not find connection for android.os.BinderProxy@4147f948
E/ActivityThread( 4715): Activity com.coship.dvbplayer.main has leaked ServiceConnection com.aidufei.otoService.ServiceAdapter$1@42e46d48 that was originally bound here
E/ActivityThread( 4715): android.app.ServiceConnectionLeaked: Activity com.coship.dvbplayer.main has leaked ServiceConnection com.aidufei.otoService.ServiceAdapter$1@42e46d48 that was originally bound here
E/ActivityThread( 4715):        at android.app.LoadedApk$ServiceDispatcher.<init>(LoadedApk.java:936)
E/ActivityThread( 4715):        at android.app.LoadedApk.getServiceDispatcher(LoadedApk.java:830)
E/ActivityThread( 4715):        at android.app.ContextImpl.bindService(ContextImpl.java:1142)
E/ActivityThread( 4715):        at android.content.ContextWrapper.bindService(ContextWrapper.java:370)
E/ActivityThread( 4715):        at com.aidufei.otoService.ServiceAdapter.<init>(ServiceAdapter.java:52)
E/ActivityThread( 4715):        at com.coship.dvbplayer.main.init(main.java:465)
E/ActivityThread( 4715):        at com.coship.dvbplayer.main.onResume(main.java:435)
E/ActivityThread( 4715):        at android.app.Instrumentation.callActivityOnResume(Instrumentation.java:1154)
E/ActivityThread( 4715):        at android.app.Activity.performResume(Activity.java:4539)
E/ActivityThread( 4715):        at android.app.ActivityThread.performResumeActivity(ActivityThread.java:2434)
E/ActivityThread( 4715):        at android.app.ActivityThread.handleResumeActivity(ActivityThread.java:2472)
E/ActivityThread( 4715):        at android.app.ActivityThread$H.handleMessage(ActivityThread.java:1173)
E/ActivityThread( 4715):        at android.os.Handler.dispatchMessage(Handler.java:99)
E/ActivityThread( 4715):        at android.os.Looper.loop(Looper.java:137)
E/ActivityThread( 4715):        at android.app.ActivityThread.main(ActivityThread.java:4424)
E/ActivityThread( 4715):        at java.lang.reflect.Method.invokeNative(Native Method)
E/ActivityThread( 4715):        at java.lang.reflect.Method.invoke(Method.java:511)
E/ActivityThread( 4715):        at com.android.internal.os.ZygoteInit$MethodAndArgsCaller.run(ZygoteInit.java:848)
E/ActivityThread( 4715):        at com.android.internal.os.ZygoteInit.main(ZygoteInit.java:575)
E/ActivityThread( 4715):        at dalvik.system.NativeStart.main(Native Method)
W/ActivityManager( 1114): Unbind failed: could not find connection for android.os.BinderProxy@4188ea00
E/ActivityThread( 4715): Activity com.coship.dvbplayer.main has leaked ServiceConnection com.aidufei.otoService.ServiceAdapter$1@42fa4650 that was originally bound here
E/ActivityThread( 4715): android.app.ServiceConnectionLeaked: Activity com.coship.dvbplayer.main has leaked ServiceConnection com.aidufei.otoService.ServiceAdapter$1@42fa4650 that was originally bound here
E/ActivityThread( 4715):        at android.app.LoadedApk$ServiceDispatcher.<init>(LoadedApk.java:936)
E/ActivityThread( 4715):        at android.app.LoadedApk.getServiceDispatcher(LoadedApk.java:830)
E/ActivityThread( 4715):        at android.app.ContextImpl.bindService(ContextImpl.java:1142)
E/ActivityThread( 4715):        at android.content.ContextWrapper.bindService(ContextWrapper.java:370)
E/ActivityThread( 4715):        at com.aidufei.otoService.ServiceAdapter.<init>(ServiceAdapter.java:52)
E/ActivityThread( 4715):        at com.coship.dvbplayer.main.init(main.java:465)
E/ActivityThread( 4715):        at com.coship.dvbplayer.main.onResume(main.java:435)
E/ActivityThread( 4715):        at android.app.Instrumentation.callActivityOnResume(Instrumentation.java:1154)
E/ActivityThread( 4715):        at android.app.Activity.performResume(Activity.java:4539)
E/ActivityThread( 4715):        at android.app.ActivityThread.performResumeActivity(ActivityThread.java:2434)
E/ActivityThread( 4715):        at android.app.ActivityThread.handleResumeActivity(ActivityThread.java:2472)
E/ActivityThread( 4715):        at android.app.ActivityThread$H.handleMessage(ActivityThread.java:1173)
E/ActivityThread( 4715):        at android.os.Handler.dispatchMessage(Handler.java:99)
E/ActivityThread( 4715):        at android.os.Looper.loop(Looper.java:137)
E/ActivityThread( 4715):        at android.app.ActivityThread.main(ActivityThread.java:4424)
E/ActivityThread( 4715):        at java.lang.reflect.Method.invokeNative(Native Method)
E/ActivityThread( 4715):        at java.lang.reflect.Method.invoke(Method.java:511)
E/ActivityThread( 4715):        at com.android.internal.os.ZygoteInit$MethodAndArgsCaller.run(ZygoteInit.java:848)
E/ActivityThread( 4715):        at com.android.internal.os.ZygoteInit.main(ZygoteInit.java:575)
E/ActivityThread( 4715):        at dalvik.system.NativeStart.main(Native Method)
W/ActivityManager( 1114): Unbind failed: could not find connection for android.os.BinderProxy@4145c9c0
E/ActivityThread( 4715): Activity com.coship.dvbplayer.main has leaked ServiceConnection com.aidufei.otoService.ServiceAdapter$1@434bda28 that was originally bound here
E/ActivityThread( 4715): android.app.ServiceConnectionLeaked: Activity com.coship.dvbplayer.main has leaked ServiceConnection com.aidufei.otoService.ServiceAdapter$1@434bda28 that was originally bound here
E/ActivityThread( 4715):        at android.app.LoadedApk$ServiceDispatcher.<init>(LoadedApk.java:936)
E/ActivityThread( 4715):        at android.app.LoadedApk.getServiceDispatcher(LoadedApk.java:830)
E/ActivityThread( 4715):        at android.app.ContextImpl.bindService(ContextImpl.java:1142)
E/ActivityThread( 4715):        at android.content.ContextWrapper.bindService(ContextWrapper.java:370)
E/ActivityThread( 4715):        at com.aidufei.otoService.ServiceAdapter.<init>(ServiceAdapter.java:52)
E/ActivityThread( 4715):        at com.coship.dvbplayer.main.init(main.java:465)
E/ActivityThread( 4715):        at com.coship.dvbplayer.main.onResume(main.java:435)
E/ActivityThread( 4715):        at android.app.Instrumentation.callActivityOnResume(Instrumentation.java:1154)
E/ActivityThread( 4715):        at android.app.Activity.performResume(Activity.java:4539)
E/ActivityThread( 4715):        at android.app.ActivityThread.performResumeActivity(ActivityThread.java:2434)
E/ActivityThread( 4715):        at android.app.ActivityThread.handleResumeActivity(ActivityThread.java:2472)
E/ActivityThread( 4715):        at android.app.ActivityThread$H.handleMessage(ActivityThread.java:1173)
E/ActivityThread( 4715):        at android.os.Handler.dispatchMessage(Handler.java:99)
E/ActivityThread( 4715):        at android.os.Looper.loop(Looper.java:137)
E/ActivityThread( 4715):        at android.app.ActivityThread.main(ActivityThread.java:4424)
E/ActivityThread( 4715):        at java.lang.reflect.Method.invokeNative(Native Method)
E/ActivityThread( 4715):        at java.lang.reflect.Method.invoke(Method.java:511)
E/ActivityThread( 4715):        at com.android.internal.os.ZygoteInit$MethodAndArgsCaller.run(ZygoteInit.java:848)
E/ActivityThread( 4715):        at com.android.internal.os.ZygoteInit.main(ZygoteInit.java:575)
E/ActivityThread( 4715):        at dalvik.system.NativeStart.main(Native Method)
W/ActivityManager( 1114): Unbind failed: could not find connection for android.os.BinderProxy@418193d8
E/ActivityThread( 4715): Activity com.coship.dvbplayer.main has leaked ServiceConnection com.aidufei.otoService.ServiceAdapter$1@42e03c80 that was originally bound here
E/ActivityThread( 4715): android.app.ServiceConnectionLeaked: Activity com.coship.dvbplayer.main has leaked ServiceConnection com.aidufei.otoService.ServiceAdapter$1@42e03c80 that was originally bound here
E/ActivityThread( 4715):        at android.app.LoadedApk$ServiceDispatcher.<init>(LoadedApk.java:936)
E/ActivityThread( 4715):        at android.app.LoadedApk.getServiceDispatcher(LoadedApk.java:830)
E/ActivityThread( 4715):        at android.app.ContextImpl.bindService(ContextImpl.java:1142)
E/ActivityThread( 4715):        at android.content.ContextWrapper.bindService(ContextWrapper.java:370)
E/ActivityThread( 4715):        at com.aidufei.otoService.ServiceAdapter.<init>(ServiceAdapter.java:52)
E/ActivityThread( 4715):        at com.coship.dvbplayer.main.init(main.java:465)
E/ActivityThread( 4715):        at com.coship.dvbplayer.main.onResume(main.java:435)
E/ActivityThread( 4715):        at android.app.Instrumentation.callActivityOnResume(Instrumentation.java:1154)
E/ActivityThread( 4715):        at android.app.Activity.performResume(Activity.java:4539)
E/ActivityThread( 4715):        at android.app.ActivityThread.performResumeActivity(ActivityThread.java:2434)
E/ActivityThread( 4715):        at android.app.ActivityThread.handleResumeActivity(ActivityThread.java:2472)
E/ActivityThread( 4715):        at android.app.ActivityThread$H.handleMessage(ActivityThread.java:1173)
E/ActivityThread( 4715):        at android.os.Handler.dispatchMessage(Handler.java:99)
E/ActivityThread( 4715):        at android.os.Looper.loop(Looper.java:137)
E/ActivityThread( 4715):        at android.app.ActivityThread.main(ActivityThread.java:4424)
E/ActivityThread( 4715):        at java.lang.reflect.Method.invokeNative(Native Method)
E/ActivityThread( 4715):        at java.lang.reflect.Method.invoke(Method.java:511)
E/ActivityThread( 4715):        at com.android.internal.os.ZygoteInit$MethodAndArgsCaller.run(ZygoteInit.java:848)
E/ActivityThread( 4715):        at com.android.internal.os.ZygoteInit.main(ZygoteInit.java:575)
E/ActivityThread( 4715):        at dalvik.system.NativeStart.main(Native Method)
W/ActivityManager( 1114): Unbind failed: could not find connection for android.os.BinderProxy@417f2af0
E/ActivityThread( 4715): Activity com.coship.dvbplayer.main has leaked ServiceConnection com.aidufei.otoService.ServiceAdapter$1@436ffe70 that was originally bound here
E/ActivityThread( 4715): android.app.ServiceConnectionLeaked: Activity com.coship.dvbplayer.main has leaked ServiceConnection com.aidufei.otoService.ServiceAdapter$1@436ffe70 that was originally bound here
E/ActivityThread( 4715):        at android.app.LoadedApk$ServiceDispatcher.<init>(LoadedApk.java:936)
E/ActivityThread( 4715):        at android.app.LoadedApk.getServiceDispatcher(LoadedApk.java:830)
E/ActivityThread( 4715):        at android.app.ContextImpl.bindService(ContextImpl.java:1142)
E/ActivityThread( 4715):        at android.content.ContextWrapper.bindService(ContextWrapper.java:370)
E/ActivityThread( 4715):        at com.aidufei.otoService.ServiceAdapter.<init>(ServiceAdapter.java:52)
E/ActivityThread( 4715):        at com.coship.dvbplayer.main.init(main.java:465)
E/ActivityThread( 4715):        at com.coship.dvbplayer.main.onResume(main.java:435)
E/ActivityThread( 4715):        at android.app.Instrumentation.callActivityOnResume(Instrumentation.java:1154)
E/ActivityThread( 4715):        at android.app.Activity.performResume(Activity.java:4539)
E/ActivityThread( 4715):        at android.app.ActivityThread.performResumeActivity(ActivityThread.java:2434)
E/ActivityThread( 4715):        at android.app.ActivityThread.handleResumeActivity(ActivityThread.java:2472)
E/ActivityThread( 4715):        at android.app.ActivityThread$H.handleMessage(ActivityThread.java:1173)
E/ActivityThread( 4715):        at android.os.Handler.dispatchMessage(Handler.java:99)
E/ActivityThread( 4715):        at android.os.Looper.loop(Looper.java:137)
E/ActivityThread( 4715):        at android.app.ActivityThread.main(ActivityThread.java:4424)
E/ActivityThread( 4715):        at java.lang.reflect.Method.invokeNative(Native Method)
E/ActivityThread( 4715):        at java.lang.reflect.Method.invoke(Method.java:511)
E/ActivityThread( 4715):        at com.android.internal.os.ZygoteInit$MethodAndArgsCaller.run(ZygoteInit.java:848)
E/ActivityThread( 4715):        at com.android.internal.os.ZygoteInit.main(ZygoteInit.java:575)
E/ActivityThread( 4715):        at dalvik.system.NativeStart.main(Native Method)
W/ActivityManager( 1114): Unbind failed: could not find connection for android.os.BinderProxy@417db520
E/ActivityThread( 4715): Activity com.coship.dvbplayer.main has leaked ServiceConnection com.aidufei.otoService.ServiceAdapter$1@417b9f98 that was originally bound here
E/ActivityThread( 4715): android.app.ServiceConnectionLeaked: Activity com.coship.dvbplayer.main has leaked ServiceConnection com.aidufei.otoService.ServiceAdapter$1@417b9f98 that was originally bound here
E/ActivityThread( 4715):        at android.app.LoadedApk$ServiceDispatcher.<init>(LoadedApk.java:936)
E/ActivityThread( 4715):        at android.app.LoadedApk.getServiceDispatcher(LoadedApk.java:830)
E/ActivityThread( 4715):        at android.app.ContextImpl.bindService(ContextImpl.java:1142)
E/ActivityThread( 4715):        at android.content.ContextWrapper.bindService(ContextWrapper.java:370)
E/ActivityThread( 4715):        at com.aidufei.otoService.ServiceAdapter.<init>(ServiceAdapter.java:52)
E/ActivityThread( 4715):        at com.coship.dvbplayer.main.init(main.java:465)
E/ActivityThread( 4715):        at com.coship.dvbplayer.main.onResume(main.java:435)
E/ActivityThread( 4715):        at android.app.Instrumentation.callActivityOnResume(Instrumentation.java:1154)
E/ActivityThread( 4715):        at android.app.Activity.performResume(Activity.java:4539)
E/ActivityThread( 4715):        at android.app.ActivityThread.performResumeActivity(ActivityThread.java:2434)
E/ActivityThread( 4715):        at android.app.ActivityThread.handleResumeActivity(ActivityThread.java:2472)
E/ActivityThread( 4715):        at android.app.ActivityThread$H.handleMessage(ActivityThread.java:1173)
E/ActivityThread( 4715):        at android.os.Handler.dispatchMessage(Handler.java:99)
E/ActivityThread( 4715):        at android.os.Looper.loop(Looper.java:137)
E/ActivityThread( 4715):        at android.app.ActivityThread.main(ActivityThread.java:4424)
E/ActivityThread( 4715):        at java.lang.reflect.Method.invokeNative(Native Method)
E/ActivityThread( 4715):        at java.lang.reflect.Method.invoke(Method.java:511)
E/ActivityThread( 4715):        at com.android.internal.os.ZygoteInit$MethodAndArgsCaller.run(ZygoteInit.java:848)
E/ActivityThread( 4715):        at com.android.internal.os.ZygoteInit.main(ZygoteInit.java:575)
E/ActivityThread( 4715):        at dalvik.system.NativeStart.main(Native Method)
W/ActivityManager( 1114): Unbind failed: could not find connection for android.os.BinderProxy@417687a8
E/ActivityThread( 4715): Activity com.coship.dvbplayer.main has leaked ServiceConnection com.aidufei.otoService.ServiceAdapter$1@43207df0 that was originally bound here
E/ActivityThread( 4715): android.app.ServiceConnectionLeaked: Activity com.coship.dvbplayer.main has leaked ServiceConnection com.aidufei.otoService.ServiceAdapter$1@43207df0 that was originally bound here
E/ActivityThread( 4715):        at android.app.LoadedApk$ServiceDispatcher.<init>(LoadedApk.java:936)
E/ActivityThread( 4715):        at android.app.LoadedApk.getServiceDispatcher(LoadedApk.java:830)
E/ActivityThread( 4715):        at android.app.ContextImpl.bindService(ContextImpl.java:1142)
E/ActivityThread( 4715):        at android.content.ContextWrapper.bindService(ContextWrapper.java:370)
E/ActivityThread( 4715):        at com.aidufei.otoService.ServiceAdapter.<init>(ServiceAdapter.java:52)
E/ActivityThread( 4715):        at com.coship.dvbplayer.main.init(main.java:465)
E/ActivityThread( 4715):        at com.coship.dvbplayer.main.onResume(main.java:435)
E/ActivityThread( 4715):        at android.app.Instrumentation.callActivityOnResume(Instrumentation.java:1154)
E/ActivityThread( 4715):        at android.app.Activity.performResume(Activity.java:4539)
E/ActivityThread( 4715):        at android.app.ActivityThread.performResumeActivity(ActivityThread.java:2434)
E/ActivityThread( 4715):        at android.app.ActivityThread.handleResumeActivity(ActivityThread.java:2472)
E/ActivityThread( 4715):        at android.app.ActivityThread$H.handleMessage(ActivityThread.java:1173)
E/ActivityThread( 4715):        at android.os.Handler.dispatchMessage(Handler.java:99)
E/ActivityThread( 4715):        at android.os.Looper.loop(Looper.java:137)
E/ActivityThread( 4715):        at android.app.ActivityThread.main(ActivityThread.java:4424)
E/ActivityThread( 4715):        at java.lang.reflect.Method.invokeNative(Native Method)
E/ActivityThread( 4715):        at java.lang.reflect.Method.invoke(Method.java:511)
E/ActivityThread( 4715):        at com.android.internal.os.ZygoteInit$MethodAndArgsCaller.run(ZygoteInit.java:848)
E/ActivityThread( 4715):        at com.android.internal.os.ZygoteInit.main(ZygoteInit.java:575)
E/ActivityThread( 4715):        at dalvik.system.NativeStart.main(Native Method)
W/ActivityManager( 1114): Unbind failed: could not find connection for android.os.BinderProxy@41756ee8
E/ActivityThread( 4715): Activity com.coship.dvbplayer.main has leaked ServiceConnection com.aidufei.otoService.ServiceAdapter$1@434ba9d8 that was originally bound here
E/ActivityThread( 4715): android.app.ServiceConnectionLeaked: Activity com.coship.dvbplayer.main has leaked ServiceConnection com.aidufei.otoService.ServiceAdapter$1@434ba9d8 that was originally bound here
E/ActivityThread( 4715):        at android.app.LoadedApk$ServiceDispatcher.<init>(LoadedApk.java:936)
E/ActivityThread( 4715):        at android.app.LoadedApk.getServiceDispatcher(LoadedApk.java:830)
E/ActivityThread( 4715):        at android.app.ContextImpl.bindService(ContextImpl.java:1142)
E/ActivityThread( 4715):        at android.content.ContextWrapper.bindService(ContextWrapper.java:370)
E/ActivityThread( 4715):        at com.aidufei.otoService.ServiceAdapter.<init>(ServiceAdapter.java:52)
E/ActivityThread( 4715):        at com.coship.dvbplayer.main.init(main.java:465)
E/ActivityThread( 4715):        at com.coship.dvbplayer.main.onResume(main.java:435)
E/ActivityThread( 4715):        at android.app.Instrumentation.callActivityOnResume(Instrumentation.java:1154)
E/ActivityThread( 4715):        at android.app.Activity.performResume(Activity.java:4539)
E/ActivityThread( 4715):        at android.app.ActivityThread.performResumeActivity(ActivityThread.java:2434)
E/ActivityThread( 4715):        at android.app.ActivityThread.handleResumeActivity(ActivityThread.java:2472)
E/ActivityThread( 4715):        at android.app.ActivityThread$H.handleMessage(ActivityThread.java:1173)
E/ActivityThread( 4715):        at android.os.Handler.dispatchMessage(Handler.java:99)
E/ActivityThread( 4715):        at android.os.Looper.loop(Looper.java:137)
E/ActivityThread( 4715):        at android.app.ActivityThread.main(ActivityThread.java:4424)
E/ActivityThread( 4715):        at java.lang.reflect.Method.invokeNative(Native Method)
E/ActivityThread( 4715):        at java.lang.reflect.Method.invoke(Method.java:511)
E/ActivityThread( 4715):        at com.android.internal.os.ZygoteInit$MethodAndArgsCaller.run(ZygoteInit.java:848)
E/ActivityThread( 4715):        at com.android.internal.os.ZygoteInit.main(ZygoteInit.java:575)
E/ActivityThread( 4715):        at dalvik.system.NativeStart.main(Native Method)
W/ActivityManager( 1114): Unbind failed: could not find connection for android.os.BinderProxy@4174ec70
E/ActivityThread( 4715): Activity com.coship.dvbplayer.main has leaked ServiceConnection com.aidufei.otoService.ServiceAdapter$1@434f4e20 that was originally bound here
E/ActivityThread( 4715): android.app.ServiceConnectionLeaked: Activity com.coship.dvbplayer.main has leaked ServiceConnection com.aidufei.otoService.ServiceAdapter$1@434f4e20 that was originally bound here
E/ActivityThread( 4715):        at android.app.LoadedApk$ServiceDispatcher.<init>(LoadedApk.java:936)
E/ActivityThread( 4715):        at android.app.LoadedApk.getServiceDispatcher(LoadedApk.java:830)
E/ActivityThread( 4715):        at android.app.ContextImpl.bindService(ContextImpl.java:1142)
E/ActivityThread( 4715):        at android.content.ContextWrapper.bindService(ContextWrapper.java:370)
E/ActivityThread( 4715):        at com.aidufei.otoService.ServiceAdapter.<init>(ServiceAdapter.java:52)
E/ActivityThread( 4715):        at com.coship.dvbplayer.main.init(main.java:465)
E/ActivityThread( 4715):        at com.coship.dvbplayer.main.onResume(main.java:435)
E/ActivityThread( 4715):        at android.app.Instrumentation.callActivityOnResume(Instrumentation.java:1154)
E/ActivityThread( 4715):        at android.app.Activity.performResume(Activity.java:4539)
E/ActivityThread( 4715):        at android.app.ActivityThread.performResumeActivity(ActivityThread.java:2434)
E/ActivityThread( 4715):        at android.app.ActivityThread.handleResumeActivity(ActivityThread.java:2472)
E/ActivityThread( 4715):        at android.app.ActivityThread$H.handleMessage(ActivityThread.java:1173)
E/ActivityThread( 4715):        at android.os.Handler.dispatchMessage(Handler.java:99)
E/ActivityThread( 4715):        at android.os.Looper.loop(Looper.java:137)
E/ActivityThread( 4715):        at android.app.ActivityThread.main(ActivityThread.java:4424)
E/ActivityThread( 4715):        at java.lang.reflect.Method.invokeNative(Native Method)
E/ActivityThread( 4715):        at java.lang.reflect.Method.invoke(Method.java:511)
E/ActivityThread( 4715):        at com.android.internal.os.ZygoteInit$MethodAndArgsCaller.run(ZygoteInit.java:848)
E/ActivityThread( 4715):        at com.android.internal.os.ZygoteInit.main(ZygoteInit.java:575)
E/ActivityThread( 4715):        at dalvik.system.NativeStart.main(Native Method)
W/ActivityManager( 1114): Unbind failed: could not find connection for android.os.BinderProxy@416d5d18
E/ActivityThread( 4715): Activity com.coship.dvbplayer.main has leaked ServiceConnection com.aidufei.otoService.ServiceAdapter$1@42f98d60 that was originally bound here
E/ActivityThread( 4715): android.app.ServiceConnectionLeaked: Activity com.coship.dvbplayer.main has leaked ServiceConnection com.aidufei.otoService.ServiceAdapter$1@42f98d60 that was originally bound here
E/ActivityThread( 4715):        at android.app.LoadedApk$ServiceDispatcher.<init>(LoadedApk.java:936)
E/ActivityThread( 4715):        at android.app.LoadedApk.getServiceDispatcher(LoadedApk.java:830)
E/ActivityThread( 4715):        at android.app.ContextImpl.bindService(ContextImpl.java:1142)
E/ActivityThread( 4715):        at android.content.ContextWrapper.bindService(ContextWrapper.java:370)
E/ActivityThread( 4715):        at com.aidufei.otoService.ServiceAdapter.<init>(ServiceAdapter.java:52)
E/ActivityThread( 4715):        at com.coship.dvbplayer.main.init(main.java:465)
E/ActivityThread( 4715):        at com.coship.dvbplayer.main.onResume(main.java:435)
E/ActivityThread( 4715):        at android.app.Instrumentation.callActivityOnResume(Instrumentation.java:1154)
E/ActivityThread( 4715):        at android.app.Activity.performResume(Activity.java:4539)
E/ActivityThread( 4715):        at android.app.ActivityThread.performResumeActivity(ActivityThread.java:2434)
E/ActivityThread( 4715):        at android.app.ActivityThread.handleResumeActivity(ActivityThread.java:2472)
E/ActivityThread( 4715):        at android.app.ActivityThread$H.handleMessage(ActivityThread.java:1173)
E/ActivityThread( 4715):        at android.os.Handler.dispatchMessage(Handler.java:99)
E/ActivityThread( 4715):        at android.os.Looper.loop(Looper.java:137)
E/ActivityThread( 4715):        at android.app.ActivityThread.main(ActivityThread.java:4424)
E/ActivityThread( 4715):        at java.lang.reflect.Method.invokeNative(Native Method)
E/ActivityThread( 4715):        at java.lang.reflect.Method.invoke(Method.java:511)
E/ActivityThread( 4715):        at com.android.internal.os.ZygoteInit$MethodAndArgsCaller.run(ZygoteInit.java:848)
E/ActivityThread( 4715):        at com.android.internal.os.ZygoteInit.main(ZygoteInit.java:575)
E/ActivityThread( 4715):        at dalvik.system.NativeStart.main(Native Method)
W/ActivityManager( 1114): Unbind failed: could not find connection for android.os.BinderProxy@417c57e0
E/ActivityThread( 4715): Activity com.coship.dvbplayer.main has leaked ServiceConnection com.aidufei.otoService.ServiceAdapter$1@4349fc00 that was originally bound here
E/ActivityThread( 4715): android.app.ServiceConnectionLeaked: Activity com.coship.dvbplayer.main has leaked ServiceConnection com.aidufei.otoService.ServiceAdapter$1@4349fc00 that was originally bound here
E/ActivityThread( 4715):        at android.app.LoadedApk$ServiceDispatcher.<init>(LoadedApk.java:936)
E/ActivityThread( 4715):        at android.app.LoadedApk.getServiceDispatcher(LoadedApk.java:830)
E/ActivityThread( 4715):        at android.app.ContextImpl.bindService(ContextImpl.java:1142)
E/ActivityThread( 4715):        at android.content.ContextWrapper.bindService(ContextWrapper.java:370)
E/ActivityThread( 4715):        at com.aidufei.otoService.ServiceAdapter.<init>(ServiceAdapter.java:52)
E/ActivityThread( 4715):        at com.coship.dvbplayer.main.init(main.java:465)
E/ActivityThread( 4715):        at com.coship.dvbplayer.main.onResume(main.java:435)
E/ActivityThread( 4715):        at android.app.Instrumentation.callActivityOnResume(Instrumentation.java:1154)
E/ActivityThread( 4715):        at android.app.Activity.performResume(Activity.java:4539)
E/ActivityThread( 4715):        at android.app.ActivityThread.performResumeActivity(ActivityThread.java:2434)
E/ActivityThread( 4715):        at android.app.ActivityThread.handleResumeActivity(ActivityThread.java:2472)
E/ActivityThread( 4715):        at android.app.ActivityThread$H.handleMessage(ActivityThread.java:1173)
E/ActivityThread( 4715):        at android.os.Handler.dispatchMessage(Handler.java:99)
E/ActivityThread( 4715):        at android.os.Looper.loop(Looper.java:137)
E/ActivityThread( 4715):        at android.app.ActivityThread.main(ActivityThread.java:4424)
E/ActivityThread( 4715):        at java.lang.reflect.Method.invokeNative(Native Method)
E/ActivityThread( 4715):        at java.lang.reflect.Method.invoke(Method.java:511)
