E/ActivityThread( 9256):        at java.lang.reflect.Method.invoke(Method.java:511)
E/ActivityThread( 9256):        at com.android.internal.os.ZygoteInit$MethodAndArgsCaller.run(ZygoteInit.java:848)
E/ActivityThread( 9256):        at com.android.internal.os.ZygoteInit.main(ZygoteInit.java:575)
E/ActivityThread( 9256):        at dalvik.system.NativeStart.main(Native Method)
W/ActivityManager( 1114): Unbind failed: could not find connection for android.os.BinderProxy@41701a30
E/ActivityThread( 9256): Activity com.coship.dvbplayer.main has leaked ServiceConnection com.aidufei.otoService.ServiceAdapter$1@42e6aa80 that was originally bound here
E/ActivityThread( 9256): android.app.ServiceConnectionLeaked: Activity com.coship.dvbplayer.main has leaked ServiceConnection com.aidufei.otoService.ServiceAdapter$1@42e6aa80 that was originally bound here
E/ActivityThread( 9256):        at android.app.LoadedApk$ServiceDispatcher.<init>(LoadedApk.java:936)
E/ActivityThread( 9256):        at android.app.LoadedApk.getServiceDispatcher(LoadedApk.java:830)
E/ActivityThread( 9256):        at android.app.ContextImpl.bindService(ContextImpl.java:1142)
E/ActivityThread( 9256):        at android.content.ContextWrapper.bindService(ContextWrapper.java:370)
E/ActivityThread( 9256):        at com.aidufei.otoService.ServiceAdapter.<init>(ServiceAdapter.java:52)
E/ActivityThread( 9256):        at com.coship.dvbplayer.main.init(main.java:465)
E/ActivityThread( 9256):        at com.coship.dvbplayer.main.dispatchKeyEvent(main.java:236)
E/ActivityThread( 9256):        at com.android.internal.policy.impl.PhoneWindow$DecorView.dispatchKeyEvent(PhoneWindow.java:1806)
E/ActivityThread( 9256):        at android.view.ViewRootImpl.deliverKeyEventPostIme(ViewRootImpl.java:3327)
E/ActivityThread( 9256):        at android.view.ViewRootImpl.handleFinishedEvent(ViewRootImpl.java:3300)
E/ActivityThread( 9256):        at android.view.ViewRootImpl.handleMessage(ViewRootImpl.java:2460)
E/ActivityThread( 9256):        at android.os.Handler.dispatchMessage(Handler.java:99)
E/ActivityThread( 9256):        at android.os.Looper.loop(Looper.java:137)
E/ActivityThread( 9256):        at android.app.ActivityThread.main(ActivityThread.java:4424)
E/ActivityThread( 9256):        at java.lang.reflect.Method.invokeNative(Native Method)
E/ActivityThread( 9256):        at java.lang.reflect.Method.invoke(Method.java:511)
E/ActivityThread( 9256):        at com.android.internal.os.ZygoteInit$MethodAndArgsCaller.run(ZygoteInit.java:848)
E/ActivityThread( 9256):        at com.android.internal.os.ZygoteInit.main(ZygoteInit.java:575)
E/ActivityThread( 9256):        at dalvik.system.NativeStart.main(Native Method)
W/ActivityManager( 1114): Unbind failed: could not find connection for android.os.BinderProxy@418995b8
E/ActivityThread( 9256): Activity com.coship.dvbplayer.main has leaked ServiceConnection com.aidufei.otoService.ServiceAdapter$1@432a8df0 that was originally bound here
E/ActivityThread( 9256): android.app.ServiceConnectionLeaked: Activity com.coship.dvbplayer.main has leaked ServiceConnection com.aidufei.otoService.ServiceAdapter$1@432a8df0 that was originally bound here
E/ActivityThread( 9256):        at android.app.LoadedApk$ServiceDispatcher.<init>(LoadedApk.java:936)
E/ActivityThread( 9256):        at android.app.LoadedApk.getServiceDispatcher(LoadedApk.java:830)
E/ActivityThread( 9256):        at android.app.ContextImpl.bindService(ContextImpl.java:1142)
E/ActivityThread( 9256):        at android.content.ContextWrapper.bindService(ContextWrapper.java:370)
E/ActivityThread( 9256):        at com.aidufei.otoService.ServiceAdapter.<init>(ServiceAdapter.java:52)
E/ActivityThread( 9256):        at com.coship.dvbplayer.main.init(main.java:465)
E/ActivityThread( 9256):        at com.coship.dvbplayer.main.onResume(main.java:435)
E/ActivityThread( 9256):        at android.app.Instrumentation.callActivityOnResume(Instrumentation.java:1154)
E/ActivityThread( 9256):        at android.app.Activity.performResume(Activity.java:4539)
E/ActivityThread( 9256):        at android.app.ActivityThread.performResumeActivity(ActivityThread.java:2434)
E/ActivityThread( 9256):        at android.app.ActivityThread.handleResumeActivity(ActivityThread.java:2472)
E/ActivityThread( 9256):        at android.app.ActivityThread$H.handleMessage(ActivityThread.java:1173)
E/ActivityThread( 9256):        at android.os.Handler.dispatchMessage(Handler.java:99)
E/ActivityThread( 9256):        at android.os.Looper.loop(Looper.java:137)
E/ActivityThread( 9256):        at android.app.ActivityThread.main(ActivityThread.java:4424)
E/ActivityThread( 9256):        at java.lang.reflect.Method.invokeNative(Native Method)
E/ActivityThread( 9256):        at java.lang.reflect.Method.invoke(Method.java:511)
E/ActivityThread( 9256):        at com.android.internal.os.ZygoteInit$MethodAndArgsCaller.run(ZygoteInit.java:848)
E/ActivityThread( 9256):        at com.android.internal.os.ZygoteInit.main(ZygoteInit.java:575)
E/ActivityThread( 9256):        at dalvik.system.NativeStart.main(Native Method)
W/ActivityManager( 1114): Unbind failed: could not find connection for android.os.BinderProxy@416759d0
E/ActivityThread( 9256): Activity com.coship.dvbplayer.main has leaked ServiceConnection com.aidufei.otoService.ServiceAdapter$1@430adae8 that was originally bound here
E/ActivityThread( 9256): android.app.ServiceConnectionLeaked: Activity com.coship.dvbplayer.main has leaked ServiceConnection com.aidufei.otoService.ServiceAdapter$1@430adae8 that was originally bound here
E/ActivityThread( 9256):        at android.app.LoadedApk$ServiceDispatcher.<init>(LoadedApk.java:936)
E/ActivityThread( 9256):        at android.app.LoadedApk.getServiceDispatcher(LoadedApk.java:830)
E/ActivityThread( 9256):        at android.app.ContextImpl.bindService(ContextImpl.java:1142)
E/ActivityThread( 9256):        at android.content.ContextWrapper.bindService(ContextWrapper.java:370)
E/ActivityThread( 9256):        at com.aidufei.otoService.ServiceAdapter.<init>(ServiceAdapter.java:52)
E/ActivityThread( 9256):        at com.coship.dvbplayer.main.init(main.java:465)
E/ActivityThread( 9256):        at com.coship.dvbplayer.main.onResume(main.java:435)
E/ActivityThread( 9256):        at android.app.Instrumentation.callActivityOnResume(Instrumentation.java:1154)
E/ActivityThread( 9256):        at android.app.Activity.performResume(Activity.java:4539)
E/ActivityThread( 9256):        at android.app.ActivityThread.performResumeActivity(ActivityThread.java:2434)
E/ActivityThread( 9256):        at android.app.ActivityThread.handleResumeActivity(ActivityThread.java:2472)
E/ActivityThread( 9256):        at android.app.ActivityThread.handleLaunchActivity(ActivityThread.java:1986)
E/ActivityThread( 9256):        at android.app.ActivityThread.access$600(ActivityThread.java:123)
E/ActivityThread( 9256):        at android.app.ActivityThread$H.handleMessage(ActivityThread.java:1147)
E/ActivityThread( 9256):        at android.os.Handler.dispatchMessage(Handler.java:99)
E/ActivityThread( 9256):        at android.os.Looper.loop(Looper.java:137)
E/ActivityThread( 9256):        at android.app.ActivityThread.main(ActivityThread.java:4424)
E/ActivityThread( 9256):        at java.lang.reflect.Method.invokeNative(Native Method)
E/ActivityThread( 9256):        at java.lang.reflect.Method.invoke(Method.java:511)
E/ActivityThread( 9256):        at com.android.internal.os.ZygoteInit$MethodAndArgsCaller.run(ZygoteInit.java:848)
E/ActivityThread( 9256):        at com.android.internal.os.ZygoteInit.main(ZygoteInit.java:575)
E/ActivityThread( 9256):        at dalvik.system.NativeStart.main(Native Method)
W/ActivityManager( 1114): Unbind failed: could not find connection for android.os.BinderProxy@417efe80
E/ActivityThread( 9256): Activity com.coship.dvbplayer.main has leaked ServiceConnection com.aidufei.otoService.ServiceAdapter$1@42a1f808 that was originally bound here
E/ActivityThread( 9256): android.app.ServiceConnectionLeaked: Activity com.coship.dvbplayer.main has leaked ServiceConnection com.aidufei.otoService.ServiceAdapter$1@42a1f808 that was originally bound here
E/ActivityThread( 9256):        at android.app.LoadedApk$ServiceDispatcher.<init>(LoadedApk.java:936)
E/ActivityThread( 9256):        at android.app.LoadedApk.getServiceDispatcher(LoadedApk.java:830)
E/ActivityThread( 9256):        at android.app.ContextImpl.bindService(ContextImpl.java:1142)
E/ActivityThread( 9256):        at android.content.ContextWrapper.bindService(ContextWrapper.java:370)
E/ActivityThread( 9256):        at com.aidufei.otoService.ServiceAdapter.<init>(ServiceAdapter.java:52)
E/ActivityThread( 9256):        at com.coship.dvbplayer.main.init(main.java:465)
E/ActivityThread( 9256):        at com.coship.dvbplayer.main.onResume(main.java:435)
E/ActivityThread( 9256):        at android.app.Instrumentation.callActivityOnResume(Instrumentation.java:1154)
E/ActivityThread( 9256):        at android.app.Activity.performResume(Activity.java:4539)
E/ActivityThread( 9256):        at android.app.ActivityThread.performResumeActivity(ActivityThread.java:2434)
E/ActivityThread( 9256):        at android.app.ActivityThread.handleResumeActivity(ActivityThread.java:2472)
E/ActivityThread( 9256):        at android.app.ActivityThread$H.handleMessage(ActivityThread.java:1173)
E/ActivityThread( 9256):        at android.os.Handler.dispatchMessage(Handler.java:99)
E/ActivityThread( 9256):        at android.os.Looper.loop(Looper.java:137)
E/ActivityThread( 9256):        at android.app.ActivityThread.main(ActivityThread.java:4424)
E/ActivityThread( 9256):        at java.lang.reflect.Method.invokeNative(Native Method)
E/ActivityThread( 9256):        at java.lang.reflect.Method.invoke(Method.java:511)
E/ActivityThread( 9256):        at com.android.internal.os.ZygoteInit$MethodAndArgsCaller.run(ZygoteInit.java:848)
E/ActivityThread( 9256):        at com.android.internal.os.ZygoteInit.main(ZygoteInit.java:575)
E/ActivityThread( 9256):        at dalvik.system.NativeStart.main(Native Method)
W/ActivityManager( 1114): Unbind failed: could not find connection for android.os.BinderProxy@417f2330
E/ActivityThread( 9256): Activity com.coship.dvbplayer.main has leaked ServiceConnection com.aidufei.otoService.ServiceAdapter$1@42a35a88 that was originally bound here
E/ActivityThread( 9256): android.app.ServiceConnectionLeaked: Activity com.coship.dvbplayer.main has leaked ServiceConnection com.aidufei.otoService.ServiceAdapter$1@42a35a88 that was originally bound here
E/ActivityThread( 9256):        at android.app.LoadedApk$ServiceDispatcher.<init>(LoadedApk.java:936)
E/ActivityThread( 9256):        at android.app.LoadedApk.getServiceDispatcher(LoadedApk.java:830)
E/ActivityThread( 9256):        at android.app.ContextImpl.bindService(ContextImpl.java:1142)
E/ActivityThread( 9256):        at android.content.ContextWrapper.bindService(ContextWrapper.java:370)
E/ActivityThread( 9256):        at com.aidufei.otoService.ServiceAdapter.<init>(ServiceAdapter.java:52)
E/ActivityThread( 9256):        at com.coship.dvbplayer.main.init(main.java:465)
E/ActivityThread( 9256):        at com.coship.dvbplayer.main.dispatchKeyEvent(main.java:236)
E/ActivityThread( 9256):        at com.android.internal.policy.impl.PhoneWindow$DecorView.dispatchKeyEvent(PhoneWindow.java:1806)
E/ActivityThread( 9256):        at android.view.ViewRootImpl.deliverKeyEventPostIme(ViewRootImpl.java:3327)
E/ActivityThread( 9256):        at android.view.ViewRootImpl.handleFinishedEvent(ViewRootImpl.java:3300)
E/ActivityThread( 9256):        at android.view.ViewRootImpl.handleMessage(ViewRootImpl.java:2460)
E/ActivityThread( 9256):        at android.os.Handler.dispatchMessage(Handler.java:99)
E/ActivityThread( 9256):        at android.os.Looper.loop(Looper.java:137)
E/ActivityThread( 9256):        at android.app.ActivityThread.main(ActivityThread.java:4424)
E/ActivityThread( 9256):        at java.lang.reflect.Method.invokeNative(Native Method)
E/ActivityThread( 9256):        at java.lang.reflect.Method.invoke(Method.java:511)
E/ActivityThread( 9256):        at com.android.internal.os.ZygoteInit$MethodAndArgsCaller.run(ZygoteInit.java:848)
E/ActivityThread( 9256):        at com.android.internal.os.ZygoteInit.main(ZygoteInit.java:575)
E/ActivityThread( 9256):        at dalvik.system.NativeStart.main(Native Method)
W/ActivityManager( 1114): Unbind failed: could not find connection for android.os.BinderProxy@41697130
E/ActivityThread( 9256): Activity com.coship.dvbplayer.main has leaked ServiceConnection com.aidufei.otoService.ServiceAdapter$1@430097d8 that was originally bound here
E/ActivityThread( 9256): android.app.ServiceConnectionLeaked: Activity com.coship.dvbplayer.main has leaked ServiceConnection com.aidufei.otoService.ServiceAdapter$1@430097d8 that was originally bound here
E/ActivityThread( 9256):        at android.app.LoadedApk$ServiceDispatcher.<init>(LoadedApk.java:936)
E/ActivityThread( 9256):        at android.app.LoadedApk.getServiceDispatcher(LoadedApk.java:830)
E/ActivityThread( 9256):        at android.app.ContextImpl.bindService(ContextImpl.java:1142)
E/ActivityThread( 9256):        at android.content.ContextWrapper.bindService(ContextWrapper.java:370)
E/ActivityThread( 9256):        at com.aidufei.otoService.ServiceAdapter.<init>(ServiceAdapter.java:52)
E/ActivityThread( 9256):        at com.coship.dvbplayer.main.init(main.java:465)
E/ActivityThread( 9256):        at com.coship.dvbplayer.main.dispatchKeyEvent(main.java:236)
E/ActivityThread( 9256):        at com.android.internal.policy.impl.PhoneWindow$DecorView.dispatchKeyEvent(PhoneWindow.java:1806)
E/ActivityThread( 9256):        at android.view.ViewRootImpl.deliverKeyEventPostIme(ViewRootImpl.java:3327)
E/ActivityThread( 9256):        at android.view.ViewRootImpl.handleFinishedEvent(ViewRootImpl.java:3300)
E/ActivityThread( 9256):        at android.view.ViewRootImpl.handleMessage(ViewRootImpl.java:2460)
E/ActivityThread( 9256):        at android.os.Handler.dispatchMessage(Handler.java:99)
E/ActivityThread( 9256):        at android.os.Looper.loop(Looper.java:137)
E/ActivityThread( 9256):        at android.app.ActivityThread.main(ActivityThread.java:4424)
E/ActivityThread( 9256):        at java.lang.reflect.Method.invokeNative(Native Method)
E/ActivityThread( 9256):        at java.lang.reflect.Method.invoke(Method.java:511)
E/ActivityThread( 9256):        at com.android.internal.os.ZygoteInit$MethodAndArgsCaller.run(ZygoteInit.java:848)
E/ActivityThread( 9256):        at com.android.internal.os.ZygoteInit.main(ZygoteInit.java:575)
E/ActivityThread( 9256):        at dalvik.system.NativeStart.main(Native Method)
W/ActivityManager( 1114): Unbind failed: could not find connection for android.os.BinderProxy@417dc158
E/ActivityThread( 9256): Activity com.coship.dvbplayer.main has leaked ServiceConnection com.aidufei.otoService.ServiceAdapter$1@42e75820 that was originally bound here
E/ActivityThread( 9256): android.app.ServiceConnectionLeaked: Activity com.coship.dvbplayer.main has leaked ServiceConnection com.aidufei.otoService.ServiceAdapter$1@42e75820 that was originally bound here
E/ActivityThread( 9256):        at android.app.LoadedApk$ServiceDispatcher.<init>(LoadedApk.java:936)
E/ActivityThread( 9256):        at android.app.LoadedApk.getServiceDispatcher(LoadedApk.java:830)
E/ActivityThread( 9256):        at android.app.ContextImpl.bindService(ContextImpl.java:1142)
E/ActivityThread( 9256):        at android.content.ContextWrapper.bindService(ContextWrapper.java:370)
E/ActivityThread( 9256):        at com.aidufei.otoService.ServiceAdapter.<init>(ServiceAdapter.java:52)
E/ActivityThread( 9256):        at com.coship.dvbplayer.main.init(main.java:465)
E/ActivityThread( 9256):        at com.coship.dvbplayer.main.dispatchKeyEvent(main.java:236)
E/ActivityThread( 9256):        at com.android.internal.policy.impl.PhoneWindow$DecorView.dispatchKeyEvent(PhoneWindow.java:1806)
E/ActivityThread( 9256):        at android.view.ViewRootImpl.deliverKeyEventPostIme(ViewRootImpl.java:3327)
E/ActivityThread( 9256):        at android.view.ViewRootImpl.handleFinishedEvent(ViewRootImpl.java:3300)
E/ActivityThread( 9256):        at android.view.ViewRootImpl.handleMessage(ViewRootImpl.java:2460)
E/ActivityThread( 9256):        at android.os.Handler.dispatchMessage(Handler.java:99)
E/ActivityThread( 9256):        at android.os.Looper.loop(Looper.java:137)
E/ActivityThread( 9256):        at android.app.ActivityThread.main(ActivityThread.java:4424)
E/ActivityThread( 9256):        at java.lang.reflect.Method.invokeNative(Native Method)
E/ActivityThread( 9256):        at java.lang.reflect.Method.invoke(Method.java:511)
E/ActivityThread( 9256):        at com.android.internal.os.ZygoteInit$MethodAndArgsCaller.run(ZygoteInit.java:848)
E/ActivityThread( 9256):        at com.android.internal.os.ZygoteInit.main(ZygoteInit.java:575)
E/ActivityThread( 9256):        at dalvik.system.NativeStart.main(Native Method)
W/ActivityManager( 1114): Unbind failed: could not find connection for android.os.BinderProxy@417f7080
E/ActivityThread( 9256): Activity com.coship.dvbplayer.main has leaked ServiceConnection com.aidufei.otoService.ServiceAdapter$1@430f9e80 that was originally bound here
E/ActivityThread( 9256): android.app.ServiceConnectionLeaked: Activity com.coship.dvbplayer.main has leaked ServiceConnection com.aidufei.otoService.ServiceAdapter$1@430f9e80 that was originally bound here
E/ActivityThread( 9256):        at android.app.LoadedApk$ServiceDispatcher.<init>(LoadedApk.java:936)
E/ActivityThread( 9256):        at android.app.LoadedApk.getServiceDispatcher(LoadedApk.java:830)
E/ActivityThread( 9256):        at android.app.ContextImpl.bindService(ContextImpl.java:1142)
E/ActivityThread( 9256):        at android.content.ContextWrapper.bindService(ContextWrapper.java:370)
E/ActivityThread( 9256):        at com.aidufei.otoService.ServiceAdapter.<init>(ServiceAdapter.java:52)
E/ActivityThread( 9256):        at com.coship.dvbplayer.main.init(main.java:465)
E/ActivityThread( 9256):        at com.coship.dvbplayer.main.dispatchKeyEvent(main.java:236)
E/ActivityThread( 9256):        at com.android.internal.policy.impl.PhoneWindow$DecorView.dispatchKeyEvent(PhoneWindow.java:1806)
E/ActivityThread( 9256):        at android.view.ViewRootImpl.deliverKeyEventPostIme(ViewRootImpl.java:3327)
E/ActivityThread( 9256):        at android.view.ViewRootImpl.handleFinishedEvent(ViewRootImpl.java:3300)
E/ActivityThread( 9256):        at android.view.ViewRootImpl.handleMessage(ViewRootImpl.java:2460)
E/ActivityThread( 9256):        at android.os.Handler.dispatchMessage(Handler.java:99)
E/ActivityThread( 9256):        at android.os.Looper.loop(Looper.java:137)
E/ActivityThread( 9256):        at android.app.ActivityThread.main(ActivityThread.java:4424)
E/ActivityThread( 9256):        at java.lang.reflect.Method.invokeNative(Native Method)
E/ActivityThread( 9256):        at java.lang.reflect.Method.invoke(Method.java:511)
E/ActivityThread( 9256):        at com.android.internal.os.ZygoteInit$MethodAndArgsCaller.run(ZygoteInit.java:848)
E/ActivityThread( 9256):        at com.android.internal.os.ZygoteInit.main(ZygoteInit.java:575)
E/ActivityThread( 9256):        at dalvik.system.NativeStart.main(Native Method)
W/ActivityManager( 1114): Unbind failed: could not find connection for android.os.BinderProxy@4166d390
E/ActivityThread( 9256): Activity com.coship.dvbplayer.main has leaked ServiceConnection com.aidufei.otoService.ServiceAdapter$1@430dce28 that was originally bound here
E/ActivityThread( 9256): android.app.ServiceConnectionLeaked: Activity com.coship.dvbplayer.main has leaked ServiceConnection com.aidufei.otoService.ServiceAdapter$1@430dce28 that was originally bound here
E/ActivityThread( 9256):        at android.app.LoadedApk$ServiceDispatcher.<init>(LoadedApk.java:936)
E/ActivityThread( 9256):        at android.app.LoadedApk.getServiceDispatcher(LoadedApk.java:830)
E/ActivityThread( 9256):        at android.app.ContextImpl.bindService(ContextImpl.java:1142)
E/ActivityThread( 9256):        at android.content.ContextWrapper.bindService(ContextWrapper.java:370)
E/ActivityThread( 9256):        at com.aidufei.otoService.ServiceAdapter.<init>(ServiceAdapter.java:52)
E/ActivityThread( 9256):        at com.coship.dvbplayer.main.init(main.java:465)
E/ActivityThread( 9256):        at com.coship.dvbplayer.main.onResume(main.java:435)
E/ActivityThread( 9256):        at android.app.Instrumentation.callActivityOnResume(Instrumentation.java:1154)
E/ActivityThread( 9256):        at android.app.Activity.performResume(Activity.java:4539)
E/ActivityThread( 9256):        at android.app.ActivityThread.performResumeActivity(ActivityThread.java:2434)
E/ActivityThread( 9256):        at android.app.ActivityThread.handleResumeActivity(ActivityThread.java:2472)
E/ActivityThread( 9256):        at android.app.ActivityThread$H.handleMessage(ActivityThread.java:1173)
E/ActivityThread( 9256):        at android.os.Handler.dispatchMessage(Handler.java:99)
E/ActivityThread( 9256):        at android.os.Looper.loop(Looper.java:137)
E/ActivityThread( 9256):        at android.app.ActivityThread.main(ActivityThread.java:4424)
E/ActivityThread( 9256):        at java.lang.reflect.Method.invokeNative(Native Method)
E/ActivityThread( 9256):        at java.lang.reflect.Method.invoke(Method.java:511)
E/ActivityThread( 9256):        at com.android.internal.os.ZygoteInit$MethodAndArgsCaller.run(ZygoteInit.java:848)
E/ActivityThread( 9256):        at com.android.internal.os.ZygoteInit.main(ZygoteInit.java:575)
E/ActivityThread( 9256):        at dalvik.system.NativeStart.main(Native Method)
W/ActivityManager( 1114): Unbind failed: could not find connection for android.os.BinderProxy@4153d3f0
E/ActivityThread( 9256): Activity com.coship.dvbplayer.main has leaked ServiceConnection com.aidufei.otoService.ServiceAdapter$1@431edaa8 that was originally bound here
E/ActivityThread( 9256): android.app.ServiceConnectionLeaked: Activity com.coship.dvbplayer.main has leaked ServiceConnection com.aidufei.otoService.ServiceAdapter$1@431edaa8 that was originally bound here
E/ActivityThread( 9256):        at android.app.LoadedApk$ServiceDispatcher.<init>(LoadedApk.java:936)
E/ActivityThread( 9256):        at android.app.LoadedApk.getServiceDispatcher(LoadedApk.java:830)
E/ActivityThread( 9256):        at android.app.ContextImpl.bindService(ContextImpl.java:1142)
E/ActivityThread( 9256):        at android.content.ContextWrapper.bindService(ContextWrapper.java:370)
E/ActivityThread( 9256):        at com.aidufei.otoService.ServiceAdapter.<init>(ServiceAdapter.java:52)
E/ActivityThread( 9256):        at com.coship.dvbplayer.main.init(main.java:465)
E/ActivityThread( 9256):        at com.coship.dvbplayer.main.dispatchKeyEvent(main.java:236)
E/ActivityThread( 9256):        at com.android.internal.policy.impl.PhoneWindow$DecorView.dispatchKeyEvent(PhoneWindow.java:1806)
E/ActivityThread( 9256):        at android.view.ViewRootImpl.deliverKeyEventPostIme(ViewRootImpl.java:3327)
E/ActivityThread( 9256):        at android.view.ViewRootImpl.handleFinishedEvent(ViewRootImpl.java:3300)
E/ActivityThread( 9256):        at android.view.ViewRootImpl.handleMessage(ViewRootImpl.java:2460)
E/ActivityThread( 9256):        at android.os.Handler.dispatchMessage(Handler.java:99)
E/ActivityThread( 9256):        at android.os.Looper.loop(Looper.java:137)
E/ActivityThread( 9256):        at android.app.ActivityThread.main(ActivityThread.java:4424)
E/ActivityThread( 9256):        at java.lang.reflect.Method.invokeNative(Native Method)
E/ActivityThread( 9256):        at java.lang.reflect.Method.invoke(Method.java:511)
E/ActivityThread( 9256):        at com.android.internal.os.ZygoteInit$MethodAndArgsCaller.run(ZygoteInit.java:848)
E/ActivityThread( 9256):        at com.android.internal.os.ZygoteInit.main(ZygoteInit.java:575)
E/ActivityThread( 9256):        at dalvik.system.NativeStart.main(Native Method)
W/ActivityManager( 1114): Unbind failed: could not find connection for android.os.BinderProxy@41643890
E/ActivityThread( 9256): Activity com.coship.dvbplayer.main has leaked ServiceConnection com.aidufei.otoService.ServiceAdapter$1@43073768 that was originally bound here
E/ActivityThread( 9256): android.app.ServiceConnectionLeaked: Activity com.coship.dvbplayer.main has leaked ServiceConnection com.aidufei.otoService.ServiceAdapter$1@43073768 that was originally bound here
E/ActivityThread( 9256):        at android.app.LoadedApk$ServiceDispatcher.<init>(LoadedApk.java:936)
E/ActivityThread( 9256):        at android.app.LoadedApk.getServiceDispatcher(LoadedApk.java:830)
E/ActivityThread( 9256):        at android.app.ContextImpl.bindService(ContextImpl.java:1142)
E/ActivityThread( 9256):        at android.content.ContextWrapper.bindService(ContextWrapper.java:370)
E/ActivityThread( 9256):        at com.aidufei.otoService.ServiceAdapter.<init>(ServiceAdapter.java:52)
E/ActivityThread( 9256):        at com.coship.dvbplayer.main.init(main.java:465)
E/ActivityThread( 9256):        at com.coship.dvbplayer.main.dispatchKeyEvent(main.java:236)
E/ActivityThread( 9256):        at com.android.internal.policy.impl.PhoneWindow$DecorView.dispatchKeyEvent(PhoneWindow.java:1806)
E/ActivityThread( 9256):        at android.view.ViewRootImpl.deliverKeyEventPostIme(ViewRootImpl.java:3327)
E/ActivityThread( 9256):        at android.view.ViewRootImpl.handleFinishedEvent(ViewRootImpl.java:3300)
E/ActivityThread( 9256):        at android.view.ViewRootImpl.handleMessage(ViewRootImpl.java:2460)
E/ActivityThread( 9256):        at android.os.Handler.dispatchMessage(Handler.java:99)
E/ActivityThread( 9256):        at android.os.Looper.loop(Looper.java:137)
E/ActivityThread( 9256):        at android.app.ActivityThread.main(ActivityThread.java:4424)
E/ActivityThread( 9256):        at java.lang.reflect.Method.invokeNative(Native Method)
E/ActivityThread( 9256):        at java.lang.reflect.Method.invoke(Method.java:511)
E/ActivityThread( 9256):        at com.android.internal.os.ZygoteInit$MethodAndArgsCaller.run(ZygoteInit.java:848)
E/ActivityThread( 9256):        at com.android.internal.os.ZygoteInit.main(ZygoteInit.java:575)
E/ActivityThread( 9256):        at dalvik.system.NativeStart.main(Native Method)
W/ActivityManager( 1114): Unbind failed: could not find connection for android.os.BinderProxy@4187c000
I/ActivityManager( 1114): Start proc com.iflytek.vac for service com.iflytek.vaf/com.iflytek.vocmd.StartService: pid=11118 uid=10027 gids={3003, 1015}
V/TabletStatusBar( 1222): setLightsOn(true)
I/ActivityManager( 1114): START {cmp=com.coship.portal/.MyApplication} from pid 1343
V/TabletStatusBar( 1222): setLightsOn(true)
V/TabletStatusBar( 1222): setLightsOn(true)
I/ActivityManager( 1114): START {act=android.intent.action.MAIN cat=[android.intent.category.LAUNCHER] flg=0x14200000 pkg=com.sihuatech.wasutv4ics cmp=com.sihuatech.wasutv4ics/.ui.RegisterActivity} from pid 1343
I/ActivityManager( 1114): Start proc com.sihuatech.wasutv4ics for activity com.sihuatech.wasutv4ics/.ui.RegisterActivity: pid=11139 uid=10024 gids={3003, 1006, 1015}
V/TabletStatusBar( 1222): setLightsOn(true)
W/InputManagerService( 1114): Starting input on non-focused client com.android.internal.view.IInputMethodClient$Stub$Proxy@41524770 (uid=10033 pid=1343)
I/ActivityManager( 1114): START {flg=0x10000 cmp=com.sihuatech.wasutv4ics/.ui.DemoHomeActivity} from pid 11139
V/TabletStatusBar( 1222): setLightsOn(true)
I/ActivityManager( 1114): START {cmp=com.sihuatech.wasutv4ics/com.sihuatech.search.search.NewPlay (has extras)} from pid 11139
V/TabletStatusBar( 1222): setLightsOn(true)
V/TabletStatusBar( 1222): setLightsOn(true)
W/ThrottleService( 1114): unable to find stats for iface rmnet0
V/TabletStatusBar( 1222): setLightsOn(true)
W/InputManagerService( 1114): Starting input on non-focused client com.android.internal.view.IInputMethodClient$Stub$Proxy@4144d830 (uid=10024 pid=11139)
I/ActivityManager( 1114): START {cmp=com.coship.portal/.MyApplication} from pid 1343
V/TabletStatusBar( 1222): setLightsOn(true)
I/ActivityManager( 1114): START {act=android.intent.action.MAIN cat=[android.intent.category.LAUNCHER] flg=0x10000000 pkg=com.coship.dvbplayer cmp=com.coship.dvbplayer/.main} from pid 1343
V/TabletStatusBar( 1222): setLightsOn(true)
W/InputManagerService( 1114): Starting input on non-focused client com.android.internal.view.IInputMethodClient$Stub$Proxy@41524770 (uid=10033 pid=1343)
I/ActivityManager( 1114): START {flg=0x58000000 cmp=com.coship.dvbplayer/.main (has extras)} from pid 2263
I/ActivityManager( 1114): START {act=android.intent.LOOKBACK_PLAYER cmp=com.coship.dvbplayer/.videoplayer.VideoPlayer (has extras)} from pid 9256
V/TabletStatusBar( 1222): setLightsOn(true)
I/ActivityManager( 1114): START {flg=0x58000000 cmp=com.coship.dvbplayer/.main (has extras)} from pid 2263
V/TabletStatusBar( 1222): setLightsOn(true)
I/ActivityManager( 1114): START {act=android.intent.LOOKBACK_PLAYER cmp=com.coship.dvbplayer/.videoplayer.VideoPlayer (has extras)} from pid 9256
V/TabletStatusBar( 1222): setLightsOn(true)
I/ActivityManager( 1114): START {flg=0x58000000 cmp=com.coship.dvbplayer/.main (has extras)} from pid 2263
V/TabletStatusBar( 1222): setLightsOn(true)
I/ActivityManager( 1114): START {act=android.intent.LOOKBACK_PLAYER cmp=com.coship.dvbplayer/.videoplayer.VideoPlayer (has extras)} from pid 9256
V/TabletStatusBar( 1222): setLightsOn(true)
W/ProcessStats( 1114): Skipping unknown process pid 11369
I/ActivityManager( 1114): START {flg=0x58000000 cmp=com.coship.dvbplayer/.main (has extras)} from pid 2263
V/TabletStatusBar( 1222): setLightsOn(true)
I/ActivityManager( 1114): START {act=android.intent.LOOKBACK_PLAYER cmp=com.coship.dvbplayer/.videoplayer.VideoPlayer (has extras)} from pid 9256
V/TabletStatusBar( 1222): setLightsOn(true)
--------- beginning of /dev/log/main
D/MediaPlayerService(  739): [106] notify (0x2d51c40, 200, 704, 70)
D/MstarPlayer(  739): percent: 70
W/MediaPlayer( 9256): info/warning (704, 70)
I/MediaPlayer.java( 9256): Info (704,70)
D/dalvikvm( 1693): GC_CONCURRENT freed 1978K, 19% free 25852K/31875K, paused 2ms+6ms
D/MediaPlayerService(  739): [106] notify (0x2d51c40, 200, 704, 70)
D/MstarPlayer(  739): percent: 70
W/MediaPlayer( 9256): info/warning (704, 70)
I/MediaPlayer.java( 9256): Info (704,70)
D/MediaPlayerService(  739): [106] notify (0x2d51c40, 200, 704, 70)
D/MstarPlayer(  739): percent: 70
W/MediaPlayer( 9256): info/warning (704, 70)
I/MediaPlayer.java( 9256): Info (704,70)
D/MediaPlayerService(  739): [106] notify (0x2d51c40, 200, 704, 70)
D/MstarPlayer(  739): percent: 70
W/MediaPlayer( 9256): info/warning (704, 70)
I/MediaPlayer.java( 9256): Info (704,70)
D/MediaPlayerService(  739): [106] notify (0x2d51c40, 200, 704, 70)
D/MstarPlayer(  739): percent: 70
W/MediaPlayer( 9256): info/warning (704, 70)
I/MediaPlayer.java( 9256): Info (704,70)
D/MediaPlayerService(  739): [106] notify (0x2d51c40, 200, 704, 70)
D/MstarPlayer(  739): percent: 70
W/MediaPlayer( 9256): info/warning (704, 70)
I/MediaPlayer.java( 9256): Info (704,70)
D/MediaPlayerService(  739): [106] notify (0x2d51c40, 200, 704, 70)
D/MstarPlayer(  739): percent: 70
W/MediaPlayer( 9256): info/warning (704, 70)
I/MediaPlayer.java( 9256): Info (704,70)
D/MediaPlayerService(  739): [106] notify (0x2d51c40, 200, 704, 70)
D/MstarPlayer(  739): percent: 70
W/MediaPlayer( 9256): info/warning (704, 70)
I/MediaPlayer.java( 9256): Info (704,70)
D/MediaPlayerService(  739): [106] notify (0x2d51c40, 200, 704, 70)
D/MstarPlayer(  739): percent: 70
W/MediaPlayer( 9256): info/warning (704, 70)
I/MediaPlayer.java( 9256): Info (704,70)
D/MediaPlayerService(  739): [106] notify (0x2d51c40, 200, 704, 70)
D/MstarPlayer(  739): percent: 70
W/MediaPlayer( 9256): info/warning (704, 70)
I/MediaPlayer.java( 9256): Info (704,70)
D/dalvikvm( 1693): GC_CONCURRENT freed 2037K, 20% free 25814K/31875K, paused 2ms+5ms
D/MediaPlayerService(  739): [106] notify (0x2d51c40, 200, 704, 70)
D/MstarPlayer(  739): percent: 70
W/MediaPlayer( 9256): info/warning (704, 70)
I/MediaPlayer.java( 9256): Info (704,70)
D/MediaPlayerService(  739): [106] notify (0x2d51c40, 200, 704, 70)
D/MstarPlayer(  739): percent: 70
W/MediaPlayer( 9256): info/warning (704, 70)
I/MediaPlayer.java( 9256): Info (704,70)
D/MediaPlayerService(  739): [106] notify (0x2d51c40, 200, 704, 70)
D/MstarPlayer(  739): percent: 70
W/MediaPlayer( 9256): info/warning (704, 70)
I/MediaPlayer.java( 9256): Info (704,70)
D/MediaPlayerService(  739): [106] notify (0x2d51c40, 200, 704, 70)
D/MstarPlayer(  739): percent: 70
W/MediaPlayer( 9256): info/warning (704, 70)
I/MediaPlayer.java( 9256): Info (704,70)
D/MediaPlayerService(  739): [106] notify (0x2d51c40, 200, 704, 70)
D/MstarPlayer(  739): percent: 70
W/MediaPlayer( 9256): info/warning (704, 70)
I/MediaPlayer.java( 9256): Info (704,70)
D/MediaPlayerService(  739): [106] notify (0x2d51c40, 200, 704, 70)
D/MstarPlayer(  739): percent: 70
W/MediaPlayer( 9256): info/warning (704, 70)
I/MediaPlayer.java( 9256): Info (704,70)
D/MediaPlayerService(  739): [106] notify (0x2d51c40, 200, 704, 70)
D/MstarPlayer(  739): percent: 70
W/MediaPlayer( 9256): info/warning (704, 70)
I/MediaPlayer.java( 9256): Info (704,70)
D/MediaPlayerService(  739): [106] notify (0x2d51c40, 200, 704, 70)
D/MstarPlayer(  739): percent: 70
W/MediaPlayer( 9256): info/warning (704, 70)
I/MediaPlayer.java( 9256): Info (704,70)
D/MediaPlayerService(  739): [106] notify (0x2d51c40, 200, 704, 70)
D/MstarPlayer(  739): percent: 70
W/MediaPlayer( 9256): info/warning (704, 70)
I/MediaPlayer.java( 9256): Info (704,70)
D/MediaPlayerService(  739): [106] notify (0x2d51c40, 200, 704, 70)
D/MstarPlayer(  739): percent: 70
W/MediaPlayer( 9256): info/warning (704, 70)
I/MediaPlayer.java( 9256): Info (704,70)
D/MediaPlayerService(  739): [106] notify (0x2d51c40, 200, 704, 70)
D/MstarPlayer(  739): percent: 70
W/MediaPlayer( 9256): info/warning (704, 70)
I/MediaPlayer.java( 9256): Info (704,70)
D/MediaPlayerService(  739): [106] notify (0x2d51c40, 200, 704, 70)
D/MstarPlayer(  739): percent: 70
W/MediaPlayer( 9256): info/warning (704, 70)
I/MediaPlayer.java( 9256): Info (704,70)
D/MediaPlayerService(  739): [106] notify (0x2d51c40, 200, 704, 70)
D/MstarPlayer(  739): percent: 70
W/MediaPlayer( 9256): info/warning (704, 70)
I/MediaPlayer.java( 9256): Info (704,70)
D/MediaPlayerService(  739): [106] notify (0x2d51c40, 200, 704, 70)
D/MstarPlayer(  739): percent: 70
W/MediaPlayer( 9256): info/warning (704, 70)
I/MediaPlayer.java( 9256): Info (704,70)
D/MediaPlayerService(  739): [106] notify (0x2d51c40, 200, 704, 70)
D/MstarPlayer(  739): percent: 70
W/MediaPlayer( 9256): info/warning (704, 70)
I/MediaPlayer.java( 9256): Info (704,70)
D/MediaPlayerService(  739): [106] notify (0x2d51c40, 200, 704, 70)
D/MstarPlayer(  739): percent: 70
W/MediaPlayer( 9256): info/warning (704, 70)
I/MediaPlayer.java( 9256): Info (704,70)
D/MediaPlayerService(  739): [106] notify (0x2d51c40, 200, 704, 70)
D/MstarPlayer(  739): percent: 70
W/MediaPlayer( 9256): info/warning (704, 70)
I/MediaPlayer.java( 9256): Info (704,70)
D/MediaPlayerService(  739): [106] notify (0x2d51c40, 200, 704, 70)
D/MstarPlayer(  739): percent: 70
W/MediaPlayer( 9256): info/warning (704, 70)
I/MediaPlayer.java( 9256): Info (704,70)
D/MediaPlayerService(  739): [106] notify (0x2d51c40, 200, 704, 70)
D/MstarPlayer(  739): percent: 70
W/MediaPlayer( 9256): info/warning (704, 70)
I/MediaPlayer.java( 9256): Info (704,70)
D/MediaPlayerService(  739): [106] notify (0x2d51c40, 200, 704, 70)
D/MstarPlayer(  739): percent: 70
W/MediaPlayer( 9256): info/warning (704, 70)
I/MediaPlayer.java( 9256): Info (704,70)
D/MediaPlayerService(  739): [106] notify (0x2d51c40, 200, 704, 70)
D/MstarPlayer(  739): percent: 70
W/MediaPlayer( 9256): info/warning (704, 70)
I/MediaPlayer.java( 9256): Info (704,70)
D/MediaPlayerService(  739): [106] notify (0x2d51c40, 200, 704, 70)
D/MstarPlayer(  739): percent: 70
W/MediaPlayer( 9256): info/warning (704, 70)
I/MediaPlayer.java( 9256): Info (704,70)
D/MediaPlayerService(  739): [106] notify (0x2d51c40, 200, 704, 70)
D/MstarPlayer(  739): percent: 70
W/MediaPlayer( 9256): info/warning (704, 70)
I/MediaPlayer.java( 9256): Info (704,70)
D/MediaPlayerService(  739): [106] notify (0x2d51c40, 200, 704, 70)
D/MstarPlayer(  739): percent: 70
W/MediaPlayer( 9256): info/warning (704, 70)
I/MediaPlayer.java( 9256): Info (704,70)
D/MediaPlayerService(  739): [106] notify (0x2d51c40, 200, 704, 70)
D/MstarPlayer(  739): percent: 70
W/MediaPlayer( 9256): info/warning (704, 70)
I/MediaPlayer.java( 9256): Info (704,70)
D/MediaPlayerService(  739): [106] notify (0x2d51c40, 200, 704, 70)
D/MstarPlayer(  739): percent: 70
W/MediaPlayer( 9256): info/warning (704, 70)
I/MediaPlayer.java( 9256): Info (704,70)
D/MediaPlayerService(  739): [106] notify (0x2d51c40, 200, 704, 70)
D/MstarPlayer(  739): percent: 70
W/MediaPlayer( 9256): info/warning (704, 70)
I/MediaPlayer.java( 9256): Info (704,70)
D/MediaPlayerService(  739): [106] notify (0x2d51c40, 200, 704, 70)
D/MstarPlayer(  739): percent: 70
W/MediaPlayer( 9256): info/warning (704, 70)
I/MediaPlayer.java( 9256): Info (704,70)
D/MediaPlayerService(  739): [106] notify (0x2d51c40, 200, 704, 70)
D/MstarPlayer(  739): percent: 70
W/MediaPlayer( 9256): info/warning (704, 70)
I/MediaPlayer.java( 9256): Info (704,70)
D/MediaPlayerService(  739): [106] notify (0x2d51c40, 200, 704, 70)
D/MstarPlayer(  739): percent: 70
W/MediaPlayer( 9256): info/warning (704, 70)
I/MediaPlayer.java( 9256): Info (704,70)
D/MediaPlayerService(  739): [106] notify (0x2d51c40, 200, 704, 70)
D/MstarPlayer(  739): percent: 70
W/MediaPlayer( 9256): info/warning (704, 70)
I/MediaPlayer.java( 9256): Info (704,70)
D/MediaPlayerService(  739): [106] notify (0x2d51c40, 200, 704, 70)
D/MstarPlayer(  739): percent: 70
W/MediaPlayer( 9256): info/warning (704, 70)
I/MediaPlayer.java( 9256): Info (704,70)
D/MediaPlayerService(  739): [106] notify (0x2d51c40, 200, 704, 70)
D/MstarPlayer(  739): percent: 70
W/MediaPlayer( 9256): info/warning (704, 70)
I/MediaPlayer.java( 9256): Info (704,70)
D/MediaPlayerService(  739): [106] notify (0x2d51c40, 200, 704, 70)
D/MstarPlayer(  739): percent: 70
W/MediaPlayer( 9256): info/warning (704, 70)
I/MediaPlayer.java( 9256): Info (704,70)
D/dhcpcd  ( 9155): sending DHCP_DISCOVER with xid 0x8499c511, next in 8.01 seconds
D/MediaPlayerService(  739): [106] notify (0x2d51c40, 200, 704, 70)
D/MstarPlayer(  739): percent: 70
W/MediaPlayer( 9256): info/warning (704, 70)
I/MediaPlayer.java( 9256): Info (704,70)
D/MediaPlayerService(  739): [106] notify (0x2d51c40, 200, 704, 70)
D/MstarPlayer(  739): percent: 70
W/MediaPlayer( 9256): info/warning (704, 70)
I/MediaPlayer.java( 9256): Info (704,70)
D/MediaPlayerService(  739): [106] notify (0x2d51c40, 200, 704, 70)
D/MstarPlayer(  739): percent: 70
W/MediaPlayer( 9256): info/warning (704, 70)
I/MediaPlayer.java( 9256): Info (704,70)
D/MediaPlayerService(  739): [106] notify (0x2d51c40, 200, 704, 70)
D/MstarPlayer(  739): percent: 70
W/MediaPlayer( 9256): info/warning (704, 70)
I/MediaPlayer.java( 9256): Info (704,70)
D/MediaPlayerService(  739): [106] notify (0x2d51c40, 200, 704, 70)
D/MstarPlayer(  739): percent: 70
W/MediaPlayer( 9256): info/warning (704, 70)
I/MediaPlayer.java( 9256): Info (704,70)
D/MediaPlayerService(  739): [106] notify (0x2d51c40, 200, 704, 70)
D/MstarPlayer(  739): percent: 70
W/MediaPlayer( 9256): info/warning (704, 70)
I/MediaPlayer.java( 9256): Info (704,70)
D/MediaPlayerService(  739): [106] notify (0x2d51c40, 200, 704, 70)
D/MstarPlayer(  739): percent: 70
W/MediaPlayer( 9256): info/warning (704, 70)
I/MediaPlayer.java( 9256): Info (704,70)
D/MediaPlayerService(  739): [106] notify (0x2d51c40, 200, 704, 70)
D/MstarPlayer(  739): percent: 70
W/MediaPlayer( 9256): info/warning (704, 70)
I/MediaPlayer.java( 9256): Info (704,70)
D/MediaPlayerService(  739): [106] notify (0x2d51c40, 200, 704, 70)
D/MstarPlayer(  739): percent: 70
W/MediaPlayer( 9256): info/warning (704, 70)
I/MediaPlayer.java( 9256): Info (704,70)
D/MediaPlayerService(  739): [106] notify (0x2d51c40, 200, 704, 70)
D/MstarPlayer(  739): percent: 70
W/MediaPlayer( 9256): info/warning (704, 70)
I/MediaPlayer.java( 9256): Info (704,70)
D/MediaPlayerService(  739): [106] notify (0x2d51c40, 200, 704, 70)
D/MstarPlayer(  739): percent: 70
W/MediaPlayer( 9256): info/warning (704, 70)
I/MediaPlayer.java( 9256): Info (704,70)
D/MediaPlayerService(  739): [106] notify (0x2d51c40, 200, 704, 70)
D/MstarPlayer(  739): percent: 70
W/MediaPlayer( 9256): info/warning (704, 70)
I/MediaPlayer.java( 9256): Info (704,70)
D/MediaPlayerService(  739): [106] notify (0x2d51c40, 200, 704, 70)
D/MstarPlayer(  739): percent: 70
W/MediaPlayer( 9256): info/warning (704, 70)
I/MediaPlayer.java( 9256): Info (704,70)
D/MediaPlayerService(  739): [106] notify (0x2d51c40, 200, 704, 70)
D/MstarPlayer(  739): percent: 70
W/MediaPlayer( 9256): info/warning (704, 70)
I/MediaPlayer.java( 9256): Info (704,70)
D/MediaPlayerService(  739): [106] notify (0x2d51c40, 200, 704, 70)
D/MstarPlayer(  739): percent: 70
W/MediaPlayer( 9256): info/warning (704, 70)
I/MediaPlayer.java( 9256): Info (704,70)
D/MediaPlayerService(  739): [106] notify (0x2d51c40, 200, 704, 70)
D/MstarPlayer(  739): percent: 70
W/MediaPlayer( 9256): info/warning (704, 70)
I/MediaPlayer.java( 9256): Info (704,70)
D/MediaPlayerService(  739): [106] notify (0x2d51c40, 200, 704, 70)
D/MstarPlayer(  739): percent: 70
W/MediaPlayer( 9256): info/warning (704, 70)
I/MediaPlayer.java( 9256): Info (704,70)
D/MediaPlayerService(  739): [106] notify (0x2d51c40, 200, 704, 70)
D/MstarPlayer(  739): percent: 70
W/MediaPlayer( 9256): info/warning (704, 70)
I/MediaPlayer.java( 9256): Info (704,70)
D/MediaPlayerService(  739): [106] notify (0x2d51c40, 200, 704, 70)
D/MstarPlayer(  739): percent: 70
W/MediaPlayer( 9256): info/warning (704, 70)
I/MediaPlayer.java( 9256): Info (704,70)
D/MediaPlayerService(  739): [106] notify (0x2d51c40, 200, 704, 70)
D/MstarPlayer(  739): percent: 70
W/MediaPlayer( 9256): info/warning (704, 70)
I/MediaPlayer.java( 9256): Info (704,70)
D/MediaPlayerService(  739): [106] notify (0x2d51c40, 200, 704, 70)
D/MstarPlayer(  739): percent: 70
W/MediaPlayer( 9256): info/warning (704, 70)
I/MediaPlayer.java( 9256): Info (704,70)
D/MediaPlayerService(  739): [106] notify (0x2d51c40, 200, 704, 70)
D/MstarPlayer(  739): percent: 70
W/MediaPlayer( 9256): info/warning (704, 70)
I/MediaPlayer.java( 9256): Info (704,70)
D/MediaPlayerService(  739): [106] notify (0x2d51c40, 200, 704, 70)
D/MstarPlayer(  739): percent: 70
W/MediaPlayer( 9256): info/warning (704, 70)
I/MediaPlayer.java( 9256): Info (704,70)
D/MediaPlayerService(  739): [106] notify (0x2d51c40, 200, 704, 70)
D/MstarPlayer(  739): percent: 70
W/MediaPlayer( 9256): info/warning (704, 70)
I/MediaPlayer.java( 9256): Info (704,70)
D/MediaPlayerService(  739): [106] notify (0x2d51c40, 200, 704, 70)
D/MstarPlayer(  739): percent: 70
W/MediaPlayer( 9256): info/warning (704, 70)
I/MediaPlayer.java( 9256): Info (704,70)
D/MediaPlayerService(  739): [106] notify (0x2d51c40, 200, 704, 70)
D/MstarPlayer(  739): percent: 70
W/MediaPlayer( 9256): info/warning (704, 70)
I/MediaPlayer.java( 9256): Info (704,70)
D/MediaPlayerService(  739): [106] notify (0x2d51c40, 200, 704, 70)
D/MstarPlayer(  739): percent: 70
W/MediaPlayer( 9256): info/warning (704, 70)
I/MediaPlayer.java( 9256): Info (704,70)
D/DataSource_M3U8(  739): u32HLSSreamNum[0]===>u32BandWidth:800 
D/DataSource_M3U8(  739): getHLSPlayListInex  DownloadBandWidth:0   uInDex=0
D/DataSource_M3U8(  739): [M3U8] checkShouldStartNext :[3](1552880/0)   sequence:0  start next:4  
D/DataSource_M3U8(  739): 
D/DataSource_M3U8(  739): 
D/DataSource_M3U8(  739): 
D/DataSource_M3U8(  739): [M3U8]-7----->This :0x2bf76c0 --> post cmd for start next url:http://live.feifeikan.com/vod/hls/coship_CCTV1HD_800.tindex?pos=0003&stime=20130322T002600&dur=16&tokenekot=1VfiuPvVRib/jIoANjov, knowedFileSize:0, mCurDowningIndex:3
D/DataSource_M3U8(  739): 
D/DataSource_M3U8(  739): 
D/Downloader(  739): [downloadThread]Downloader::removeTask  
D/Downloader(  739): [downloadThread]task have range string:0- 
D/MediaPlayerService(  739): [106] notify (0x2d51c40, 3, 4, 0)
D/MediaPlayerService(  739): [106] notify (0x2d51c40, 200, 704, 70)
D/MstarPlayer(  739): percent: 70
W/MediaPlayer( 9256): info/warning (704, 70)
I/MediaPlayer.java( 9256): Info (704,70)
D/MediaPlayerService(  739): [106] notify (0x2d51c40, 200, 704, 70)
D/MstarPlayer(  739): percent: 70
W/MediaPlayer( 9256): info/warning (704, 70)
I/MediaPlayer.java( 9256): Info (704,70)
D/MediaPlayerService(  739): [106] notify (0x2d51c40, 200, 704, 70)
D/MstarPlayer(  739): percent: 70
W/MediaPlayer( 9256): info/warning (704, 70)
I/MediaPlayer.java( 9256): Info (704,70)
D/MediaPlayerService(  739): [106] notify (0x2d51c40, 200, 704, 70)
D/MstarPlayer(  739): percent: 70
W/MediaPlayer( 9256): info/warning (704, 70)
I/MediaPlayer.java( 9256): Info (704,70)
D/MediaPlayerService(  739): [106] notify (0x2d51c40, 200, 704, 70)
D/MstarPlayer(  739): percent: 70
W/MediaPlayer( 9256): info/warning (704, 70)
I/MediaPlayer.java( 9256): Info (704,70)
D/MediaPlayerService(  739): [106] notify (0x2d51c40, 200, 704, 70)
D/MstarPlayer(  739): percent: 70
W/MediaPlayer( 9256): info/warning (704, 70)
I/MediaPlayer.java( 9256): Info (704,70)
D/MediaPlayerService(  739): [106] notify (0x2d51c40, 200, 704, 70)
D/MstarPlayer(  739): percent: 70
W/MediaPlayer( 9256): info/warning (704, 70)
I/MediaPlayer.java( 9256): Info (704,70)
D/MediaPlayerService(  739): [106] notify (0x2d51c40, 200, 704, 70)
D/MstarPlayer(  739): percent: 70
W/MediaPlayer( 9256): info/warning (704, 70)
I/MediaPlayer.java( 9256): Info (704,70)
D/MediaPlayerService(  739): [106] notify (0x2d51c40, 200, 704, 70)
D/MstarPlayer(  739): percent: 70
W/MediaPlayer( 9256): info/warning (704, 70)
I/MediaPlayer.java( 9256): Info (704,70)
D/MediaPlayerService(  739): [106] notify (0x2d51c40, 200, 704, 70)
D/MstarPlayer(  739): percent: 70
W/MediaPlayer( 9256): info/warning (704, 70)
I/MediaPlayer.java( 9256): Info (704,70)
D/MediaPlayerService(  739): [106] notify (0x2d51c40, 200, 704, 70)
D/MstarPlayer(  739): percent: 70
W/MediaPlayer( 9256): info/warning (704, 70)
I/MediaPlayer.java( 9256): Info (704,70)
D/DataSource_M3U8(  739): 
D/DataSource_M3U8(  739):  Warnig::  getValidBufferLength()  <  Codec require !!!
D/MediaPlayerService(  739): [106] notify (0x2d51c40, 200, 704, 70)
D/MstarPlayer(  739): percent: 70
W/MediaPlayer( 9256): info/warning (704, 70)
I/MediaPlayer.java( 9256): Info (704,70)
D/MediaPlayerService(  739): [106] notify (0x2d51c40, 200, 704, 70)
D/MstarPlayer(  739): percent: 70
W/MediaPlayer( 9256): info/warning (704, 70)
I/MediaPlayer.java( 9256): Info (704,70)
D/MediaPlayerService(  739): [106] notify (0x2d51c40, 200, 704, 70)
D/MstarPlayer(  739): percent: 70
W/MediaPlayer( 9256): info/warning (704, 70)
I/MediaPlayer.java( 9256): Info (704,70)
D/MediaPlayerService(  739): [106] notify (0x2d51c40, 200, 704, 70)
D/MstarPlayer(  739): percent: 70
W/MediaPlayer( 9256): info/warning (704, 70)
I/MediaPlayer.java( 9256): Info (704,70)
D/MediaPlayerService(  739): [106] notify (0x2d51c40, 200, 704, 70)
D/MstarPlayer(  739): percent: 70
W/MediaPlayer( 9256): info/warning (704, 70)
I/MediaPlayer.java( 9256): Info (704,70)
D/MediaPlayerService(  739): [106] notify (0x2d51c40, 200, 704, 70)
D/MstarPlayer(  739): percent: 70
W/MediaPlayer( 9256): info/warning (704, 70)
I/MediaPlayer.java( 9256): Info (704,70)
D/MediaPlayerService(  739): [106] notify (0x2d51c40, 200, 704, 70)
D/MstarPlayer(  739): percent: 70
W/MediaPlayer( 9256): info/warning (704, 70)
I/MediaPlayer.java( 9256): Info (704,70)
D/MediaPlayerService(  739): [106] notify (0x2d51c40, 200, 704, 70)
D/MstarPlayer(  739): percent: 70
W/MediaPlayer( 9256): info/warning (704, 70)
I/MediaPlayer.java( 9256): Info (704,70)
D/MediaPlayerService(  739): [106] notify (0x2d51c40, 200, 704, 70)
D/MstarPlayer(  739): percent: 70
W/MediaPlayer( 9256): info/warning (704, 70)
I/MediaPlayer.java( 9256): Info (704,70)
D/MediaPlayerService(  739): [106] notify (0x2d51c40, 200, 704, 70)
D/MstarPlayer(  739): percent: 70
W/MediaPlayer( 9256): info/warning (704, 70)
I/MediaPlayer.java( 9256): Info (704,70)
D/MediaPlayerService(  739): [106] notify (0x2d51c40, 200, 704, 70)
D/MstarPlayer(  739): percent: 70
W/MediaPlayer( 9256): info/warning (704, 70)
I/MediaPlayer.java( 9256): Info (704,70)
D/MediaPlayerService(  739): [106] notify (0x2d51c40, 200, 704, 70)
D/MstarPlayer(  739): percent: 70
W/MediaPlayer( 9256): info/warning (704, 70)
I/MediaPlayer.java( 9256): Info (704,70)
D/MediaPlayerService(  739): [106] notify (0x2d51c40, 200, 704, 70)
D/MstarPlayer(  739): percent: 70
W/MediaPlayer( 9256): info/warning (704, 70)
I/MediaPlayer.java( 9256): Info (704,70)
D/MediaPlayerService(  739): [106] notify (0x2d51c40, 200, 704, 70)
D/MstarPlayer(  739): percent: 70
W/MediaPlayer( 9256): info/warning (704, 70)
I/MediaPlayer.java( 9256): Info (704,70)
D/MediaPlayerService(  739): [106] notify (0x2d51c40, 200, 704, 70)
D/MstarPlayer(  739): percent: 70
W/MediaPlayer( 9256): info/warning (704, 70)
I/MediaPlayer.java( 9256): Info (704,70)
D/MediaPlayerService(  739): [106] notify (0x2d51c40, 200, 704, 70)
D/MstarPlayer(  739): percent: 70
W/MediaPlayer( 9256): info/warning (704, 70)
I/MediaPlayer.java( 9256): Info (704,70)
D/MediaPlayerService(  739): [106] notify (0x2d51c40, 200, 704, 70)
D/MstarPlayer(  739): percent: 70
W/MediaPlayer( 9256): info/warning (704, 70)
I/MediaPlayer.java( 9256): Info (704,70)
D/MediaPlayerService(  739): [106] notify (0x2d51c40, 200, 704, 70)
D/MstarPlayer(  739): percent: 70
W/MediaPlayer( 9256): info/warning (704, 70)
I/MediaPlayer.java( 9256): Info (704,70)
D/MediaPlayerService(  739): [106] notify (0x2d51c40, 200, 704, 70)
