D/MediaPlayerService(  739): [107] notify (0x2d51c40, 200, 704, 31)
D/MstarPlayer(  739): percent: 31
W/MediaPlayer( 9256): info/warning (704, 31)
I/MediaPlayer.java( 9256): Info (704,31)
D/MediaPlayerService(  739): [107] notify (0x2d51c40, 200, 704, 31)
D/MstarPlayer(  739): percent: 31
W/MediaPlayer( 9256): info/warning (704, 31)
I/MediaPlayer.java( 9256): Info (704,31)
D/MediaPlayerService(  739): [107] notify (0x2d51c40, 200, 704, 31)
D/MstarPlayer(  739): percent: 31
W/MediaPlayer( 9256): info/warning (704, 31)
I/MediaPlayer.java( 9256): Info (704,31)
D/MediaPlayerService(  739): [107] notify (0x2d51c40, 200, 704, 31)
D/MstarPlayer(  739): percent: 31
W/MediaPlayer( 9256): info/warning (704, 31)
I/MediaPlayer.java( 9256): Info (704,31)
D/MediaPlayerService(  739): [107] notify (0x2d51c40, 200, 704, 31)
D/MstarPlayer(  739): percent: 31
W/MediaPlayer( 9256): info/warning (704, 31)
I/MediaPlayer.java( 9256): Info (704,31)
D/MediaPlayerService(  739): [107] notify (0x2d51c40, 200, 704, 31)
D/MstarPlayer(  739): percent: 31
W/MediaPlayer( 9256): info/warning (704, 31)
I/MediaPlayer.java( 9256): Info (704,31)
D/MediaPlayerService(  739): [107] notify (0x2d51c40, 200, 704, 31)
D/MstarPlayer(  739): percent: 31
W/MediaPlayer( 9256): info/warning (704, 31)
I/MediaPlayer.java( 9256): Info (704,31)
D/MediaPlayerService(  739): [107] notify (0x2d51c40, 200, 704, 31)
D/MstarPlayer(  739): percent: 31
W/MediaPlayer( 9256): info/warning (704, 31)
I/MediaPlayer.java( 9256): Info (704,31)
D/MediaPlayerService(  739): [107] notify (0x2d51c40, 200, 704, 31)
D/MstarPlayer(  739): percent: 31
W/MediaPlayer( 9256): info/warning (704, 31)
I/MediaPlayer.java( 9256): Info (704,31)
D/MediaPlayerService(  739): [107] notify (0x2d51c40, 200, 704, 56)
D/MstarPlayer(  739): percent: 56
W/MediaPlayer( 9256): info/warning (704, 56)
I/MediaPlayer.java( 9256): Info (704,56)
D/MediaPlayerService(  739): [107] notify (0x2d51c40, 200, 704, 59)
D/MstarPlayer(  739): percent: 59
W/MediaPlayer( 9256): info/warning (704, 59)
I/MediaPlayer.java( 9256): Info (704,59)
D/MediaPlayerService(  739): [107] notify (0x2d51c40, 200, 704, 59)
D/MstarPlayer(  739): percent: 59
W/MediaPlayer( 9256): info/warning (704, 59)
I/MediaPlayer.java( 9256): Info (704,59)
D/MediaPlayerService(  739): [107] notify (0x2d51c40, 200, 704, 64)
D/MstarPlayer(  739): percent: 64
W/MediaPlayer( 9256): info/warning (704, 64)
I/MediaPlayer.java( 9256): Info (704,64)
D/MediaPlayerService(  739): [107] notify (0x2d51c40, 200, 704, 73)
D/MstarPlayer(  739): percent: 73
W/MediaPlayer( 9256): info/warning (704, 73)
I/MediaPlayer.java( 9256): Info (704,73)
D/MediaPlayerService(  739): [107] notify (0x2d51c40, 200, 704, 75)
D/MstarPlayer(  739): percent: 75
W/MediaPlayer( 9256): info/warning (704, 75)
I/MediaPlayer.java( 9256): Info (704,75)
D/MediaPlayerService(  739): [107] notify (0x2d51c40, 200, 704, 84)
D/MstarPlayer(  739): percent: 84
W/MediaPlayer( 9256): info/warning (704, 84)
I/MediaPlayer.java( 9256): Info (704,84)
D/MediaPlayerService(  739): [107] notify (0x2d51c40, 200, 704, 84)
D/MstarPlayer(  739): percent: 84
W/MediaPlayer( 9256): info/warning (704, 84)
I/MediaPlayer.java( 9256): Info (704,84)
D/MediaPlayerService(  739): [107] notify (0x2d51c40, 200, 704, 84)
D/MstarPlayer(  739): percent: 84
W/MediaPlayer( 9256): info/warning (704, 84)
I/MediaPlayer.java( 9256): Info (704,84)
D/MediaPlayerService(  739): [107] notify (0x2d51c40, 200, 704, 84)
D/MstarPlayer(  739): percent: 84
W/MediaPlayer( 9256): info/warning (704, 84)
I/MediaPlayer.java( 9256): Info (704,84)
D/DataSource_M3U8(  739): 
D/DataSource_M3U8(  739):  Warnig::  getValidBufferLength()  <  Codec require !!!
D/MediaPlayerService(  739): [107] notify (0x2d51c40, 200, 704, 84)
D/MstarPlayer(  739): percent: 84
W/MediaPlayer( 9256): info/warning (704, 84)
I/MediaPlayer.java( 9256): Info (704,84)
D/HomePlayerLib( 1693): hostaddress count is 1
D/MediaPlayerService(  739): [107] notify (0x2d51c40, 200, 704, 84)
D/MstarPlayer(  739): percent: 84
W/MediaPlayer( 9256): info/warning (704, 84)
I/MediaPlayer.java( 9256): Info (704,84)
D/MediaPlayerService(  739): [107] notify (0x2d51c40, 200, 704, 84)
D/MstarPlayer(  739): percent: 84
W/MediaPlayer( 9256): info/warning (704, 84)
I/MediaPlayer.java( 9256): Info (704,84)
D/dhcpcd  ( 9155): sending DHCP_DISCOVER with xid 0x51045f73, next in 7.11 seconds
D/MediaPlayerService(  739): [107] notify (0x2d51c40, 200, 704, 84)
D/MstarPlayer(  739): percent: 84
W/MediaPlayer( 9256): info/warning (704, 84)
I/MediaPlayer.java( 9256): Info (704,84)
D/MediaPlayerService(  739): [107] notify (0x2d51c40, 200, 704, 84)
D/MstarPlayer(  739): percent: 84
W/MediaPlayer( 9256): info/warning (704, 84)
I/MediaPlayer.java( 9256): Info (704,84)
D/MediaPlayerService(  739): [107] notify (0x2d51c40, 200, 704, 84)
D/MstarPlayer(  739): percent: 84
W/MediaPlayer( 9256): info/warning (704, 84)
I/MediaPlayer.java( 9256): Info (704,84)
D/MediaPlayerService(  739): [107] notify (0x2d51c40, 200, 704, 84)
D/MstarPlayer(  739): percent: 84
W/MediaPlayer( 9256): info/warning (704, 84)
I/MediaPlayer.java( 9256): Info (704,84)
D/MediaPlayerService(  739): [107] notify (0x2d51c40, 200, 704, 84)
D/MstarPlayer(  739): percent: 84
W/MediaPlayer( 9256): info/warning (704, 84)
I/MediaPlayer.java( 9256): Info (704,84)
D/dalvikvm( 1693): GC_CONCURRENT freed 2037K, 19% free 25897K/31875K, paused 3ms+4ms
D/MediaPlayerService(  739): [107] notify (0x2d51c40, 200, 704, 84)
D/MstarPlayer(  739): percent: 84
W/MediaPlayer( 9256): info/warning (704, 84)
I/MediaPlayer.java( 9256): Info (704,84)
D/MediaPlayerService(  739): [107] notify (0x2d51c40, 200, 704, 84)
D/MstarPlayer(  739): percent: 84
W/MediaPlayer( 9256): info/warning (704, 84)
I/MediaPlayer.java( 9256): Info (704,84)
D/MediaPlayerService(  739): [107] notify (0x2d51c40, 200, 704, 84)
D/MstarPlayer(  739): percent: 84
W/MediaPlayer( 9256): info/warning (704, 84)
I/MediaPlayer.java( 9256): Info (704,84)
D/MediaPlayerService(  739): [107] notify (0x2d51c40, 200, 704, 84)
D/MstarPlayer(  739): percent: 84
W/MediaPlayer( 9256): info/warning (704, 84)
I/MediaPlayer.java( 9256): Info (704,84)
D/MediaPlayerService(  739): [107] notify (0x2d51c40, 200, 704, 84)
D/MstarPlayer(  739): percent: 84
W/MediaPlayer( 9256): info/warning (704, 84)
I/MediaPlayer.java( 9256): Info (704,84)
D/MediaPlayerService(  739): [107] notify (0x2d51c40, 200, 704, 84)
D/MstarPlayer(  739): percent: 84
W/MediaPlayer( 9256): info/warning (704, 84)
I/MediaPlayer.java( 9256): Info (704,84)
D/MediaPlayerService(  739): [107] notify (0x2d51c40, 200, 704, 84)
D/MstarPlayer(  739): percent: 84
W/MediaPlayer( 9256): info/warning (704, 84)
I/MediaPlayer.java( 9256): Info (704,84)
D/MediaPlayerService(  739): [107] notify (0x2d51c40, 200, 704, 84)
D/MstarPlayer(  739): percent: 84
W/MediaPlayer( 9256): info/warning (704, 84)
I/MediaPlayer.java( 9256): Info (704,84)
D/MediaPlayerService(  739): [107] notify (0x2d51c40, 200, 704, 84)
D/MstarPlayer(  739): percent: 84
W/MediaPlayer( 9256): info/warning (704, 84)
I/MediaPlayer.java( 9256): Info (704,84)
D/MediaPlayerService(  739): [107] notify (0x2d51c40, 200, 704, 84)
D/MstarPlayer(  739): percent: 84
W/MediaPlayer( 9256): info/warning (704, 84)
I/MediaPlayer.java( 9256): Info (704,84)
D/MediaPlayerService(  739): [107] notify (0x2d51c40, 200, 704, 84)
D/MstarPlayer(  739): percent: 84
W/MediaPlayer( 9256): info/warning (704, 84)
I/MediaPlayer.java( 9256): Info (704,84)
D/dalvikvm( 1693): GC_CONCURRENT freed 2063K, 19% free 25963K/31875K, paused 3ms+5ms
D/MediaPlayerService(  739): [107] notify (0x2d51c40, 200, 704, 84)
D/MstarPlayer(  739): percent: 84
W/MediaPlayer( 9256): info/warning (704, 84)
I/MediaPlayer.java( 9256): Info (704,84)
D/DataSource_M3U8(  739): 
D/DataSource_M3U8(  739):  Warnig::  getValidBufferLength()  <  Codec require !!!
D/MediaPlayerService(  739): [107] notify (0x2d51c40, 200, 704, 84)
D/MstarPlayer(  739): percent: 84
W/MediaPlayer( 9256): info/warning (704, 84)
I/MediaPlayer.java( 9256): Info (704,84)
E/ServerHandler( 2263): receiveRequest
V/OtORequest( 2263): parseCommand
V/OtORequest( 2263): get command=103
V/OtORequest( 2263): parse OtORequest: cmd=103 paramLength=0 bufferlen=8
D/OtOService( 2263): client request get status.playType:0
D/OtOService( 2263): 2222
E/ServerAdapter( 2263): ServerAdapter:0
E/ServerHandler( 2263): Send:com.aidufei.protocol.oto.OtOStatusRequest@41aeb4f0
D/ServerHandler( 2263): ServerHandler send request:103:{"Status":{"ReturnCode":101,"Description":"status sync failed"},"PlayStatus":0,"Volume":0}
V/ServerHandler( 2263): ServerHandler send DatagramPacket:/192.168.1.104-[B@41ad6d40
D/MediaPlayerService(  739): [107] notify (0x2d51c40, 200, 704, 84)
D/MstarPlayer(  739): percent: 84
W/MediaPlayer( 9256): info/warning (704, 84)
I/MediaPlayer.java( 9256): Info (704,84)
D/MediaPlayerService(  739): [107] notify (0x2d51c40, 200, 704, 84)
D/MstarPlayer(  739): percent: 84
W/MediaPlayer( 9256): info/warning (704, 84)
I/MediaPlayer.java( 9256): Info (704,84)
D/MediaPlayerService(  739): [107] notify (0x2d51c40, 200, 704, 84)
D/MstarPlayer(  739): percent: 84
W/MediaPlayer( 9256): info/warning (704, 84)
I/MediaPlayer.java( 9256): Info (704,84)
D/MediaPlayerService(  739): [107] notify (0x2d51c40, 200, 704, 84)
D/MstarPlayer(  739): percent: 84
W/MediaPlayer( 9256): info/warning (704, 84)
I/MediaPlayer.java( 9256): Info (704,84)
D/MediaPlayerService(  739): [107] notify (0x2d51c40, 200, 704, 84)
D/MstarPlayer(  739): percent: 84
W/MediaPlayer( 9256): info/warning (704, 84)
I/MediaPlayer.java( 9256): Info (704,84)
D/MediaPlayerService(  739): [107] notify (0x2d51c40, 200, 704, 84)
D/MstarPlayer(  739): percent: 84
W/MediaPlayer( 9256): info/warning (704, 84)
I/MediaPlayer.java( 9256): Info (704,84)
D/MediaPlayerService(  739): [107] notify (0x2d51c40, 200, 704, 84)
D/MstarPlayer(  739): percent: 84
W/MediaPlayer( 9256): info/warning (704, 84)
I/MediaPlayer.java( 9256): Info (704,84)
D/MediaPlayerService(  739): [107] notify (0x2d51c40, 200, 704, 84)
D/MstarPlayer(  739): percent: 84
W/MediaPlayer( 9256): info/warning (704, 84)
I/MediaPlayer.java( 9256): Info (704,84)
D/MediaPlayerService(  739): [107] notify (0x2d51c40, 200, 704, 84)
D/MstarPlayer(  739): percent: 84
W/MediaPlayer( 9256): info/warning (704, 84)
I/MediaPlayer.java( 9256): Info (704,84)
D/MediaPlayerService(  739): [107] notify (0x2d51c40, 200, 704, 84)
D/MstarPlayer(  739): percent: 84
W/MediaPlayer( 9256): info/warning (704, 84)
I/MediaPlayer.java( 9256): Info (704,84)
D/MediaPlayerService(  739): [107] notify (0x2d51c40, 200, 704, 84)
D/MstarPlayer(  739): percent: 84
W/MediaPlayer( 9256): info/warning (704, 84)
I/MediaPlayer.java( 9256): Info (704,84)
D/MediaPlayerService(  739): [107] notify (0x2d51c40, 200, 704, 84)
D/MstarPlayer(  739): percent: 84
W/MediaPlayer( 9256): info/warning (704, 84)
I/MediaPlayer.java( 9256): Info (704,84)
D/MediaPlayerService(  739): [107] notify (0x2d51c40, 200, 704, 87)
D/MstarPlayer(  739): percent: 87
W/MediaPlayer( 9256): info/warning (704, 87)
I/MediaPlayer.java( 9256): Info (704,87)
D/MediaPlayerService(  739): [107] notify (0x2d51c40, 200, 704, 91)
D/MstarPlayer(  739): percent: 91
W/MediaPlayer( 9256): info/warning (704, 91)
I/MediaPlayer.java( 9256): Info (704,91)
D/MediaPlayerService(  739): [107] notify (0x2d51c40, 200, 704, 91)
D/MstarPlayer(  739): percent: 91
W/MediaPlayer( 9256): info/warning (704, 91)
I/MediaPlayer.java( 9256): Info (704,91)
D/MediaPlayerService(  739): [107] notify (0x2d51c40, 200, 702, 0)
D/MstarPlayer(  739): MstarPlayer:: send MEDIA_INFO_BUFFERING_END 
D/MstarPlayer(  739): 
D/IMMPlayer(  739): Send MM_SetTrickMode
D/IMMPlayer(  739): u32Item:1
D/IMMPlayer(  739): stTrickInfo->eMode:0
D/IMMPlayer(  739): stTrickInfo->eSpeed:1
W/MediaPlayer( 9256): info/warning (702, 0)
I/MediaPlayer.java( 9256): Info (702,0)
D/IMMPlayer(  739): Get ret:0
I//lib/ld-linux.so.3(  743): 1. Mode: 0, Speed: 1.
I//lib/ld-linux.so.3(  743): SetTrickMode, Mode: 0, Speed: 1.
I//lib/ld-linux.so.3(  743): Send to Co-processor: eMode: 0, eSpeed: 1.
D/DataSource_M3U8(  739): 
D/DataSource_M3U8(  739):  Warnig::  getValidBufferLength()  <  Codec require !!!
D/MstarPlayer(  739): Get Others event : 22
I//lib/ld-linux.so.3(  743): Clr Sync STC
I//lib/ld-linux.so.3(  743): FrmCnt:6(0,0,0) Rate:0 Sys:24455791 STC:9217261 VPTS:9216995 APTS:9217257 Delay:-226(40) V:26 A:35 VES:0x37f10 AES:0x0 PCM:0x5c80 AudioErr:0x0
D/DataSource_M3U8(  739): 
D/DataSource_M3U8(  739):  Warnig::  getValidBufferLength()  <  Codec require !!!
I//lib/ld-linux.so.3(  743): FrmCnt:50(0,2,5) Rate:28 Sys:24457325 STC:9218796 VPTS:9218755 APTS:9218811 Delay:-1(40) V:0 A:29 VES:0x10cf80 AES:0x8020 PCM:0x4bd00 AudioErr:0x0
D/DataSource_M3U8(  739): 
D/DataSource_M3U8(  739):  Warnig::  getValidBufferLength()  <  Codec require !!!
I//lib/ld-linux.so.3(  743): FrmCnt:88(0,2,5) Rate:24 Sys:24458848 STC:9220319 VPTS:9220275 APTS:9220337 Delay:-3(40) V:0 A:28 VES:0x10a350 AES:0x8010 PCM:0x4b400 AudioErr:0x0
I//lib/ld-linux.so.3(  743): FrmCnt:126(0,2,5) Rate:24 Sys:24460370 STC:9221841 VPTS:9221795 APTS:9221856 Delay:-6(40) V:0 A:23 VES:0xe7690 AES:0x8010 PCM:0x4b180 AudioErr:0x0
D/dhcpcd  ( 9155): sending DHCP_DISCOVER with xid 0x51045f73, next in 15.37 seconds
I//lib/ld-linux.so.3(  743): FrmCnt:164(0,2,5) Rate:25 Sys:24461875 STC:9223346 VPTS:9223315 APTS:9223366 Delay:9(40) V:0 A:17 VES:0xc6a20 AES:0x8020 PCM:0x4b500 AudioErr:0x0
D/MonitorCw880( 4659): Befor,cycleCheckCounter=6 counter=2
I//lib/ld-linux.so.3(  743): FrmCnt:202(0,2,5) Rate:24 Sys:24463401 STC:9224872 VPTS:9224835 APTS:9224882 Delay:3(40) V:0 A:12 VES:0xa69f0 AES:0x8020 PCM:0x4bc80 AudioErr:0x0
D/DataSource_M3U8(  739): u32HLSSreamNum[0]===>u32BandWidth:800 
D/DataSource_M3U8(  739): getHLSPlayListInex  DownloadBandWidth:0   uInDex=0
D/DataSource_M3U8(  739): [M3U8] checkShouldStartNext :[1](1688428/0)   sequence:0  start next:2  
D/DataSource_M3U8(  739): 
D/DataSource_M3U8(  739): 
D/DataSource_M3U8(  739): 
D/DataSource_M3U8(  739): [M3U8]-7----->This :0x2bf76c0 --> post cmd for start next url:http://live.feifeikan.com/vod/hls/coship_CCTV1HD_800.tindex?pos=0001&stime=20130322T002600&dur=16&tokenekot=KliC6j5TrIaqV+axMz50, knowedFileSize:0, mCurDowningIndex:1
D/DataSource_M3U8(  739): 
D/DataSource_M3U8(  739): 
D/Downloader(  739): [downloadThread]Downloader::removeTask  
D/Downloader(  739): [downloadThread]task have range string:0- 
D/MediaPlayerService(  739): [107] notify (0x2d51c40, 3, 2, 0)
D/HomePlayerLib( 1693): hostaddress count is 1
D/dalvikvm( 1693): GC_CONCURRENT freed 2132K, 20% free 25819K/31875K, paused 3ms+5ms
D/DataSource_M3U8(  739): 
D/DataSource_M3U8(  739):  Warnig::  getValidBufferLength()  <  Codec require !!!
I//lib/ld-linux.so.3(  743): FrmCnt:241(0,2,5) Rate:25 Sys:24464932 STC:9226403 VPTS:9226395 APTS:9226418 Delay:32(40) V:0 A:6 VES:0x92da0 AES:0x8010 PCM:0x4b400 AudioErr:0x0
D/dalvikvm( 1693): GC_CONCURRENT freed 1995K, 20% free 25813K/31875K, paused 2ms+5ms
D/DataSource_M3U8(  739): 
D/DataSource_M3U8(  739):  Warnig::  getValidBufferLength()  <  Codec require !!!
I//lib/ld-linux.so.3(  743): FrmCnt:279(0,2,5) Rate:24 Sys:24466460 STC:9227930 VPTS:9227915 APTS:9227944 Delay:25(40) V:0 A:6 VES:0x7f4c0 AES:0x8000 PCM:0x4bb80 AudioErr:0x0
D/DataSource_M3U8(  739): 
D/DataSource_M3U8(  739):  Warnig::  getValidBufferLength()  <  Codec require !!!
D/DataSource_M3U8(  739): 
D/DataSource_M3U8(  739):  Warnig::  getValidBufferLength()  <  Codec require !!!
I//lib/ld-linux.so.3(  743): FrmCnt:316(0,2,5) Rate:24 Sys:24467990 STC:9229461 VPTS:9229435 APTS:9229478 Delay:14(40) V:0 A:10 VES:0x9b720 AES:0x8010 PCM:0x4bd00 AudioErr:0x0
