03-22 15:31:48.992 D/ConnectivityService(  384): ConnectivityChange for WIFI: CONNECTING/OBTAINING_IPADDR
03-22 15:31:51.894 D/ConnectivityService(  384): ConnectivityChange for WIFI: CONNECTED/CONNECTED
03-22 15:31:51.894 D/ConnectivityService(  384): Setting TCP values: [524288,1048576,2097152,262144,524288,1048576] which comes from [net.tcp.buffersize.wifi]
03-22 15:31:51.904 D/ConnectivityService(  384): handleConnectivityChange: changed linkProperty[1]: doReset=false resetMask=0
03-22 15:31:51.904 D/ConnectivityService(  384):    curLp=null
03-22 15:31:51.904 D/ConnectivityService(  384):    newLp=InterfaceName: wlan0 LinkAddresses: [192.168.1.107/24,] Routes: [0.0.0.0/0 -> 192.168.1.1,] DnsAddresses: [192.168.1.1,] HttpProxy: [ProxyProperties.mHost == null] 
03-22 15:31:51.904 D/ConnectivityService(  384): Adding 192.168.1.1/32 -> 0.0.0.0 for interface wlan0
03-22 15:31:51.904 D/ConnectivityService(  384): Adding 0.0.0.0/0 -> 192.168.1.1 for interface wlan0
03-22 15:31:51.914 D/ConnectivityService(  384): resetting DNS cache for wlan0
03-22 15:31:51.914 D/ConnectivityService(  384): sendStickyBroadcast: action=android.net.conn.CONNECTIVITY_CHANGE_IMMEDIATE
03-22 15:31:51.914 D/ConnectivityService(  384): sendStickyBroadcastDelayed: delayMs=3000, action=android.net.conn.CONNECTIVITY_CHANGE
03-22 15:31:51.914 D/ConnectivityService(  384): ConnectivityChange for WIFI: CONNECTED/CONNECTED
03-22 15:31:51.914 D/ConnectivityService(  384): Setting TCP values: [524288,1048576,2097152,262144,524288,1048576] which comes from [net.tcp.buffersize.wifi]
03-22 15:31:51.914 D/NetworkPolicy(  384): setNetworkTemplateEnabled(): match rule = 1
03-22 15:31:51.924 D/ConnectivityService(  384): handleConnectivityChange: changed linkProperty[1]: doReset=false resetMask=0
03-22 15:31:51.924 D/ConnectivityService(  384):    curLp=InterfaceName: wlan0 LinkAddresses: [192.168.1.107/24,] Routes: [0.0.0.0/0 -> 192.168.1.1,] DnsAddresses: [192.168.1.1,] HttpProxy: [ProxyProperties.mHost == null] 
03-22 15:31:51.924 D/ConnectivityService(  384):    newLp=InterfaceName: wlan0 LinkAddresses: [192.168.1.107/24,] Routes: [0.0.0.0/0 -> 192.168.1.1,] DnsAddresses: [192.168.1.1,] HttpProxy: [ProxyProperties.mHost == null] 
03-22 15:31:51.924 D/ConnectivityService(  384): handleConnectivityChange: address are the same reset per doReset linkProperty[1]: resetMask=0
03-22 15:31:51.924 D/ConnectivityService(  384): sendStickyBroadcast: action=android.net.conn.CONNECTIVITY_CHANGE_IMMEDIATE
03-22 15:31:51.934 D/ConnectivityService(  384): sendStickyBroadcastDelayed: delayMs=3000, action=android.net.conn.CONNECTIVITY_CHANGE
03-22 15:31:51.934 D/NetworkPolicy(  384): setNetworkTemplateEnabled(): match rule = 1
03-22 15:31:51.934 D/MobileDataStateTracker(  384): default: setPolicyDataEnable(enabled=true)
03-22 15:31:51.934 D/MobileDataStateTracker(  384): default: setPolicyDataEnable(enabled=true)
03-22 15:31:51.934 D/NetworkPolicy(  384): setNetworkTemplateEnabled(): match rule = 1
03-22 15:31:51.944 D/MobileDataStateTracker(  384): default: setPolicyDataEnable(enabled=true)
03-22 15:31:51.944 D/NetworkPolicy(  384): setNetworkTemplateEnabled(): match rule = 1
03-22 15:31:51.944 D/MobileDataStateTracker(  384): default: setPolicyDataEnable(enabled=true)
03-22 15:31:52.905 D/ConnectivityService(  384): NetTransition Wakelock for WifiStateMachine released by timeout
03-22 15:31:54.917 D/ConnectivityService(  384): sendStickyBroadcast: action=android.net.conn.CONNECTIVITY_CHANGE
03-22 15:31:54.927 D/StatusBar.NetworkControllerDS(  464): updateConnectivity: intent=Intent { act=android.net.conn.CONNECTIVITY_CHANGE flg=0x8000010 (has extras) }
03-22 15:31:54.937 D/ConnectivityService(  384): sendStickyBroadcast: action=android.net.conn.CONNECTIVITY_CHANGE
03-22 15:31:54.957 D/StatusBar.NetworkControllerDS(  464): updateConnectivity: networkInfo=NetworkInfo: type: WIFI[], state: CONNECTED/CONNECTED, reason: (unspecified), extra: (none), roaming: false, failover: false, isAvailable: true
03-22 15:31:54.957 D/StatusBar.NetworkControllerDS(  464): updateConnectivity: connectionStatus=0
03-22 15:31:54.957 D/StatusBar.NetworkControllerDS(  464): updateTelephonySignalStrength: !hasService()
03-22 15:31:54.957 D/StatusBar.NetworkControllerDS(  464): updateConnectivity: intent=Intent { act=android.net.conn.CONNECTIVITY_CHANGE flg=0x8000010 (has extras) }
03-22 15:31:54.957 D/StatusBar.NetworkControllerDS(  464): updateConnectivity: networkInfo=NetworkInfo: type: WIFI[], state: CONNECTED/CONNECTED, reason: (unspecified), extra: (none), roaming: false, failover: false, isAvailable: true
03-22 15:31:54.957 D/StatusBar.NetworkControllerDS(  464): updateConnectivity: connectionStatus=0
03-22 15:31:54.957 D/StatusBar.NetworkControllerDS(  464): updateTelephonySignalStrength: !hasService()
03-22 15:31:55.178 D/PhoneStatusBar(  464): addNotification score=0
03-22 15:31:55.738 D/ConnectivityService(  384): reportNetworkCondition(1, 100)
03-22 15:31:55.738 D/ConnectivityService(  384): handleInetConditionChange: net=1, condition=100,mActiveDefaultNetwork=1
03-22 15:31:55.738 D/ConnectivityService(  384): handleInetConditionChange: starting a change hold
03-22 15:31:56.239 D/ConnectivityService(  384): handleInetConditionHoldEnd: net=1, condition=100, published condition=0
03-22 15:31:56.239 D/ConnectivityService(  384): sendStickyBroadcast: action=android.net.conn.INET_CONDITION_ACTION
03-22 15:31:56.239 D/StatusBar.NetworkControllerDS(  464): updateConnectivity: intent=Intent { act=android.net.conn.INET_CONDITION_ACTION flg=0x8000010 (has extras) }
03-22 15:31:56.239 D/StatusBar.NetworkControllerDS(  464): updateConnectivity: networkInfo=NetworkInfo: type: WIFI[], state: CONNECTED/CONNECTED, reason: (unspecified), extra: (none), roaming: false, failover: false, isAvailable: true
03-22 15:31:56.239 D/StatusBar.NetworkControllerDS(  464): updateConnectivity: connectionStatus=100
03-22 15:31:56.239 D/StatusBar.NetworkControllerDS(  464): updateTelephonySignalStrength: !hasService()
03-22 15:31:56.989 D/PhoneStatusBar(  464): addNotification score=0
03-22 15:32:01.274 I/WindowManager(  384): Lock screen displayed!
03-22 15:32:02.305 D/ConnectivityService(  384): getMobileDataEnabled returning false
03-22 15:32:02.385 D/PhoneStatusBar(  464): disable: < expand icons alerts TICKER* system_info back* home* RECENT clock* >
03-22 15:32:06.719 D/ConnectivityService(  384): getMobileDataEnabled returning false
03-22 15:32:06.759 D/PhoneStatusBar(  464): disable: < expand icons alerts ticker* system_info BACK* HOME* RECENT CLOCK* >
03-22 15:33:54.012 W/ProcessStats(  384): Skipping unknown process pid 18163
03-22 15:33:54.012 W/ProcessStats(  384): Skipping unknown process pid 18164
03-22 15:33:54.012 W/ProcessStats(  384): Skipping unknown process pid 18165
03-22 15:33:54.012 W/ProcessStats(  384): Skipping unknown process pid 18166
03-22 15:34:58.072 W/ThrottleService(  384): unable to find stats for iface rmnet0
03-22 15:35:08.002 W/ProcessStats(  384): Skipping unknown process pid 18198
03-22 15:35:08.002 W/ProcessStats(  384): Skipping unknown process pid 18199
03-22 15:35:08.002 W/ProcessStats(  384): Skipping unknown process pid 18200
03-22 15:35:08.002 W/ProcessStats(  384): Skipping unknown process pid 18201
03-22 15:35:13.042 D/ConnectivityService(  384): ConnectivityChange for WIFI: DISCONNECTED/DISCONNECTED
03-22 15:35:13.042 D/ConnectivityService(  384): Attempting to switch to mobile
03-22 15:35:13.042 D/ConnectivityService(  384): Attempting to switch to BLUETOOTH_TETHER
03-22 15:35:13.042 D/ConnectivityService(  384): Attempting to switch to ETHERNET
03-22 15:35:13.042 D/ConnectivityService(  384): Attempting to switch to mobile2
03-22 15:35:13.042 D/ConnectivityService(  384): handleConnectivityChange: changed linkProperty[1]: doReset=true resetMask=3
03-22 15:35:13.042 D/ConnectivityService(  384):   curLp=InterfaceName: wlan0 LinkAddresses: [192.168.1.107/24,] Routes: [0.0.0.0/0 -> 192.168.1.1,] DnsAddresses: [192.168.1.1,] HttpProxy: [ProxyProperties.mHost == null] 
03-22 15:35:13.042 D/ConnectivityService(  384):   newLp= null
03-22 15:35:13.052 D/ConnectivityService(  384): Removing 192.168.1.1/32 -> 0.0.0.0 for interface wlan0
03-22 15:35:13.052 E/ConnectivityService(  384): Exception trying to remove a route: java.lang.IllegalStateException: command '571 interface route remove wlan0 default 192.168.1.1 32 0.0.0.0' failed with '400 571 Failed to remove route from default table (No such process)'
03-22 15:35:13.052 D/ConnectivityService(  384): Removing 0.0.0.0/0 -> 192.168.1.1 for interface wlan0
03-22 15:35:13.052 E/ConnectivityService(  384): Exception trying to remove a route: java.lang.IllegalStateException: command '572 interface route remove wlan0 default 0.0.0.0 0 192.168.1.1' failed with '400 572 Failed to remove route from default table (No such process)'
03-22 15:35:13.052 D/ConnectivityService(  384): resetConnections(wlan0, 3)
03-22 15:35:13.142 D/ConnectivityService(  384): resetting DNS cache for wlan0
03-22 15:35:13.142 D/ConnectivityService(  384): sendStickyBroadcast: action=android.net.conn.CONNECTIVITY_CHANGE_IMMEDIATE
03-22 15:35:13.142 D/ConnectivityService(  384): sendStickyBroadcastDelayed: delayMs=3000, action=android.net.conn.CONNECTIVITY_CHANGE
03-22 15:35:13.142 D/ConnectivityService(  384): ConnectivityChange for WIFI: DISCONNECTED/DISCONNECTED
03-22 15:35:13.142 D/ConnectivityService(  384): Attempting to switch to mobile
03-22 15:35:13.142 D/ConnectivityService(  384): Attempting to switch to BLUETOOTH_TETHER
03-22 15:35:13.142 D/ConnectivityService(  384): Attempting to switch to ETHERNET
03-22 15:35:13.142 D/NetworkPolicy(  384): setNetworkTemplateEnabled(): match rule = 1
03-22 15:35:13.152 D/ConnectivityService(  384): Attempting to switch to mobile2
03-22 15:35:13.152 D/ConnectivityService(  384): handleConnectivityChange: changed linkProperty[1]: doReset=true resetMask=3
03-22 15:35:13.152 D/ConnectivityService(  384):   curLp=null
03-22 15:35:13.152 D/ConnectivityService(  384):   newLp= null
03-22 15:35:13.152 D/ConnectivityService(  384): resetConnections(wlan0, 3)
03-22 15:35:13.152 D/NetworkPolicy(  384): setNetworkTemplateEnabled(): match rule = 1
03-22 15:35:13.232 D/ConnectivityService(  384): sendStickyBroadcast: action=android.net.conn.CONNECTIVITY_CHANGE_IMMEDIATE
03-22 15:35:13.232 D/ConnectivityService(  384): sendStickyBroadcastDelayed: delayMs=3000, action=android.net.conn.CONNECTIVITY_CHANGE
03-22 15:35:13.242 D/NetworkPolicy(  384): setNetworkTemplateEnabled(): match rule = 1
03-22 15:35:13.242 D/MobileDataStateTracker(  384): default: setPolicyDataEnable(enabled=true)
03-22 15:35:13.242 D/MobileDataStateTracker(  384): default: setPolicyDataEnable(enabled=true)
03-22 15:35:13.242 D/MobileDataStateTracker(  384): default: setPolicyDataEnable(enabled=true)
03-22 15:35:13.252 D/NetworkPolicy(  384): setNetworkTemplateEnabled(): match rule = 1
03-22 15:35:13.252 D/MobileDataStateTracker(  384): default: setPolicyDataEnable(enabled=true)
03-22 15:35:13.252 D/ConnectivityService(  384): reportNetworkCondition(1, 0)
03-22 15:35:13.252 D/ConnectivityService(  384): handleInetConditionChange: no active default network - ignore
03-22 15:35:16.155 D/ConnectivityService(  384): sendStickyBroadcast: action=android.net.conn.CONNECTIVITY_CHANGE
03-22 15:35:16.155 D/StatusBar.NetworkControllerDS(  464): updateConnectivity: intent=Intent { act=android.net.conn.CONNECTIVITY_CHANGE flg=0x8000010 (has extras) }
03-22 15:35:16.155 D/StatusBar.NetworkControllerDS(  464): updateConnectivity: networkInfo=null
03-22 15:35:16.155 D/StatusBar.NetworkControllerDS(  464): updateConnectivity: connectionStatus=0
03-22 15:35:16.155 D/StatusBar.NetworkControllerDS(  464): updateTelephonySignalStrength: !hasService()
03-22 15:35:16.245 D/ConnectivityService(  384): sendStickyBroadcast: action=android.net.conn.CONNECTIVITY_CHANGE
03-22 15:35:16.245 D/StatusBar.NetworkControllerDS(  464): updateConnectivity: intent=Intent { act=android.net.conn.CONNECTIVITY_CHANGE flg=0x8000010 (has extras) }
03-22 15:35:16.245 D/StatusBar.NetworkControllerDS(  464): updateConnectivity: networkInfo=null
03-22 15:35:16.245 D/StatusBar.NetworkControllerDS(  464): updateConnectivity: connectionStatus=0
03-22 15:35:16.245 D/StatusBar.NetworkControllerDS(  464): updateTelephonySignalStrength: !hasService()
03-22 15:35:28.066 D/ConnectivityService(  384): ConnectivityChange for WIFI: CONNECTING/OBTAINING_IPADDR
03-22 15:35:28.066 D/ConnectivityService(  384): ConnectivityChange for WIFI: CONNECTING/OBTAINING_IPADDR
03-22 15:35:41.610 D/ConnectivityService(  384): ConnectivityChange for WIFI: CONNECTED/CONNECTED
03-22 15:35:41.610 D/ConnectivityService(  384): Setting TCP values: [524288,1048576,2097152,262144,524288,1048576] which comes from [net.tcp.buffersize.wifi]
03-22 15:35:41.610 D/ConnectivityService(  384): adding dns 192.168.13.1 for WIFI
03-22 15:35:41.610 D/ConnectivityService(  384): adding dns 192.168.13.2 for WIFI
03-22 15:35:41.620 D/ConnectivityService(  384): handleConnectivityChange: changed linkProperty[1]: doReset=false resetMask=0
03-22 15:35:41.620 D/ConnectivityService(  384):    curLp=null
03-22 15:35:41.620 D/ConnectivityService(  384):    newLp=InterfaceName: wlan0 LinkAddresses: [192.168.1.110/24,] Routes: [0.0.0.0/0 -> 192.168.1.1,] DnsAddresses: [192.168.13.1,192.168.13.2,] HttpProxy: [ProxyProperties.mHost == null] 
03-22 15:35:41.620 D/ConnectivityService(  384): Adding 192.168.1.1/32 -> 0.0.0.0 for interface wlan0
03-22 15:35:41.620 D/ConnectivityService(  384): Adding 0.0.0.0/0 -> 192.168.1.1 for interface wlan0
03-22 15:35:41.630 D/ConnectivityService(  384): resetting DNS cache for wlan0
03-22 15:35:41.630 D/ConnectivityService(  384): sendStickyBroadcast: action=android.net.conn.CONNECTIVITY_CHANGE_IMMEDIATE
03-22 15:35:41.630 D/ConnectivityService(  384): sendStickyBroadcastDelayed: delayMs=3000, action=android.net.conn.CONNECTIVITY_CHANGE
03-22 15:35:41.630 D/ConnectivityService(  384): ConnectivityChange for WIFI: CONNECTED/CONNECTED
03-22 15:35:41.630 D/ConnectivityService(  384): Setting TCP values: [524288,1048576,2097152,262144,524288,1048576] which comes from [net.tcp.buffersize.wifi]
03-22 15:35:41.630 D/NetworkPolicy(  384): setNetworkTemplateEnabled(): match rule = 1
03-22 15:35:41.630 D/ConnectivityService(  384): handleConnectivityChange: changed linkProperty[1]: doReset=false resetMask=0
03-22 15:35:41.630 D/ConnectivityService(  384):    curLp=InterfaceName: wlan0 LinkAddresses: [192.168.1.110/24,] Routes: [0.0.0.0/0 -> 192.168.1.1,] DnsAddresses: [192.168.13.1,192.168.13.2,] HttpProxy: [ProxyProperties.mHost == null] 
03-22 15:35:41.630 D/ConnectivityService(  384):    newLp=InterfaceName: wlan0 LinkAddresses: [192.168.1.110/24,] Routes: [0.0.0.0/0 -> 192.168.1.1,] DnsAddresses: [192.168.13.1,192.168.13.2,] HttpProxy: [ProxyProperties.mHost == null] 
03-22 15:35:41.630 D/ConnectivityService(  384): handleConnectivityChange: address are the same reset per doReset linkProperty[1]: resetMask=0
03-22 15:35:41.640 D/ConnectivityService(  384): sendStickyBroadcast: action=android.net.conn.CONNECTIVITY_CHANGE_IMMEDIATE
03-22 15:35:41.640 D/ConnectivityService(  384): sendStickyBroadcastDelayed: delayMs=3000, action=android.net.conn.CONNECTIVITY_CHANGE
03-22 15:35:41.640 D/MobileDataStateTracker(  384): default: setPolicyDataEnable(enabled=true)
03-22 15:35:41.650 D/NetworkPolicy(  384): setNetworkTemplateEnabled(): match rule = 1
03-22 15:35:41.650 D/MobileDataStateTracker(  384): default: setPolicyDataEnable(enabled=true)
03-22 15:35:41.650 D/NetworkPolicy(  384): setNetworkTemplateEnabled(): match rule = 1
03-22 15:35:41.650 D/MobileDataStateTracker(  384): default: setPolicyDataEnable(enabled=true)
03-22 15:35:41.660 D/NetworkPolicy(  384): setNetworkTemplateEnabled(): match rule = 1
03-22 15:35:41.660 D/MobileDataStateTracker(  384): default: setPolicyDataEnable(enabled=true)
03-22 15:35:42.631 D/ConnectivityService(  384): NetTransition Wakelock for WifiStateMachine released by timeout
03-22 15:36:08.602 D/ConnectivityService(  384): sendStickyBroadcast: action=android.net.conn.CONNECTIVITY_CHANGE
03-22 15:36:08.602 D/StatusBar.NetworkControllerDS(  464): updateConnectivity: intent=Intent { act=android.net.conn.CONNECTIVITY_CHANGE flg=0x8000010 (has extras) }
03-22 15:36:08.602 D/StatusBar.NetworkControllerDS(  464): updateConnectivity: networkInfo=NetworkInfo: type: WIFI[], state: CONNECTED/CONNECTED, reason: (unspecified), extra: (none), roaming: false, failover: false, isAvailable: true
03-22 15:36:08.602 D/StatusBar.NetworkControllerDS(  464): updateConnectivity: connectionStatus=0
03-22 15:36:08.602 D/StatusBar.NetworkControllerDS(  464): updateTelephonySignalStrength: !hasService()
03-22 15:36:08.692 D/ConnectivityService(  384): sendStickyBroadcast: action=android.net.conn.CONNECTIVITY_CHANGE
03-22 15:36:08.722 D/StatusBar.NetworkControllerDS(  464): updateConnectivity: intent=Intent { act=android.net.conn.CONNECTIVITY_CHANGE flg=0x8000010 (has extras) }
03-22 15:36:08.722 D/StatusBar.NetworkControllerDS(  464): updateConnectivity: networkInfo=NetworkInfo: type: WIFI[], state: CONNECTED/CONNECTED, reason: (unspecified), extra: (none), roaming: false, failover: false, isAvailable: true
03-22 15:36:08.722 D/StatusBar.NetworkControllerDS(  464): updateConnectivity: connectionStatus=0
03-22 15:36:08.722 D/StatusBar.NetworkControllerDS(  464): updateTelephonySignalStrength: !hasService()
03-22 15:36:08.772 I/ActivityManager(  384): Start proc com.android.localcontactaccount for service com.android.localcontactaccount/.LocalContactsSyncService: pid=18286 uid=10032 gids={1028}
03-22 15:36:09.463 D/ConnectivityService(  384): reportNetworkCondition(1, 100)
03-22 15:36:09.463 D/ConnectivityService(  384): handleInetConditionChange: net=1, condition=100,mActiveDefaultNetwork=1
03-22 15:36:09.463 D/ConnectivityService(  384): handleInetConditionChange: starting a change hold
03-22 15:36:09.973 D/ConnectivityService(  384): handleInetConditionHoldEnd: net=1, condition=100, published condition=0
03-22 15:36:09.973 D/ConnectivityService(  384): sendStickyBroadcast: action=android.net.conn.INET_CONDITION_ACTION
03-22 15:36:09.973 D/StatusBar.NetworkControllerDS(  464): updateConnectivity: intent=Intent { act=android.net.conn.INET_CONDITION_ACTION flg=0x8000010 (has extras) }
03-22 15:36:09.973 D/StatusBar.NetworkControllerDS(  464): updateConnectivity: connectionStatus=100
03-22 15:36:09.973 D/StatusBar.NetworkControllerDS(  464): updateTelephonySignalStrength: !hasService()
03-22 15:36:09.973 D/StatusBar.NetworkControllerDS(  464): updateConnectivity: networkInfo=NetworkInfo: type: WIFI[], state: CONNECTED/CONNECTED, reason: (unspecified), extra: (none), roaming: false, failover: false, isAvailable: true
03-22 15:39:33.210 I/WindowManager(  384): Lock screen displayed!
03-22 15:39:35.652 D/ConnectivityService(  384): getMobileDataEnabled returning false
03-22 15:39:35.742 D/PhoneStatusBar(  464): disable: < expand icons alerts TICKER* system_info back* home* RECENT clock* >
03-22 15:39:37.834 I/ActivityManager(  384): START {cmp=com.tencent.mobileqq/.activity.ChatActivity bnds=[0,237][720,365] (has extras) u=0} from pid -1
03-22 15:39:37.834 W/ActivityManager(  384): startActivity called from non-Activity context; forcing Intent.FLAG_ACTIVITY_NEW_TASK for: Intent { cmp=com.tencent.mobileqq/.activity.ChatActivity bnds=[0,237][720,365] (has extras) }
03-22 15:39:37.854 D/ConnectivityService(  384): getMobileDataEnabled returning false
03-22 15:39:38.194 D/ConnectivityService(  384): getMobileDataEnabled returning false
03-22 15:39:38.224 D/PhoneStatusBar(  464): disable: < expand icons alerts ticker* system_info BACK* HOME* RECENT CLOCK* >
03-22 15:39:38.855 D/PhoneStatusBar(  464): disable: < expand icons alerts ticker system_info BACK HOME recent* CLOCK >
03-22 15:39:38.885 D/PhoneStatusBar(  464): disable: < expand icons alerts ticker system_info back* home* recent clock* >
03-22 15:40:17.323 I/ActivityManager(  384): START {act=android.intent.action.MAIN cat=[android.intent.category.HOME] flg=0x10200000 cmp=com.android.launcher/com.android.launcher2.Launcher u=0} from pid 384
03-22 15:40:17.403 D/PhoneStatusBar(  464): addNotification score=0
03-22 15:40:38.814 I/ActivityManager(  384): START {act=android.intent.action.MAIN cat=[android.intent.category.LAUNCHER] flg=0x10200000 cmp=com.aidufei.ott.activity/.MainTabHostActivity bnds=[532,834][704,1028] u=0} from pid 560
03-22 15:40:38.924 I/ActivityManager(  384): Config changed: {1.0 460mcc0mnc zh_CN sw360dp w640dp h340dp nrml long land finger -keyb/v/h -nav/h s.78}
03-22 15:40:41.887 W/ActivityManager(  384): Duplicate finish request for ActivityRecord{419585b8 com.aidufei.ott.activity/com.unitend.udrm.player.VideoPlayer}
03-22 15:40:41.917 I/ActivityManager(  384): Config changed: {1.0 460mcc0mnc zh_CN sw360dp w360dp h620dp nrml long port finger -keyb/v/h -nav/h s.79}
03-22 15:40:42.417 I/ActivityManager(  384): START {cmp=com.aidufei.ott.activity/.BrandParticularActivity (has extras) u=0} from pid 11588
03-22 15:40:47.512 D/ConnectivityService(  384): getMobileDataEnabled returning false
03-22 15:40:47.562 D/PhoneStatusBar(  464): disable: < expand icons alerts TICKER* system_info back home recent clock >
03-22 15:40:48.553 I/ActivityManager(  384): START {act=android.settings.SETTINGS flg=0x10000000 cmp=com.android.settings/.Settings u=0} from pid 464
03-22 15:40:48.913 D/ConnectivityService(  384): getMobileDataEnabled returning false
03-22 15:40:48.953 D/PhoneStatusBar(  464): disable: < expand icons alerts ticker* system_info back home recent clock >
03-22 15:40:50.945 I/ActivityManager(  384): START {act=android.intent.action.MAIN cmp=com.android.settings/.SubSettings (has extras) u=0} from pid 9103
03-22 15:41:06.661 D/ConnectivityService(  384): ConnectivityChange for WIFI: DISCONNECTED/DISCONNECTED
03-22 15:41:06.671 D/ConnectivityService(  384): Attempting to switch to mobile
03-22 15:41:06.671 D/ConnectivityService(  384): Attempting to switch to BLUETOOTH_TETHER
03-22 15:41:06.671 D/ConnectivityService(  384): Attempting to switch to ETHERNET
03-22 15:41:06.671 D/ConnectivityService(  384): Attempting to switch to mobile2
03-22 15:41:06.671 D/ConnectivityService(  384): handleConnectivityChange: changed linkProperty[1]: doReset=true resetMask=3
03-22 15:41:06.671 D/ConnectivityService(  384):   curLp=InterfaceName: wlan0 LinkAddresses: [192.168.1.110/24,] Routes: [0.0.0.0/0 -> 192.168.1.1,] DnsAddresses: [192.168.13.1,192.168.13.2,] HttpProxy: [ProxyProperties.mHost == null] 
03-22 15:41:06.671 D/ConnectivityService(  384):   newLp= null
03-22 15:41:06.671 D/ConnectivityService(  384): Removing 192.168.1.1/32 -> 0.0.0.0 for interface wlan0
03-22 15:41:06.671 E/ConnectivityService(  384): Exception trying to remove a route: java.lang.IllegalStateException: command '586 interface route remove wlan0 default 192.168.1.1 32 0.0.0.0' failed with '400 586 Failed to remove route from default table (No such process)'
03-22 15:41:06.671 D/ConnectivityService(  384): Removing 0.0.0.0/0 -> 192.168.1.1 for interface wlan0
03-22 15:41:06.681 E/ConnectivityService(  384): Exception trying to remove a route: java.lang.IllegalStateException: command '587 interface route remove wlan0 default 0.0.0.0 0 192.168.1.1' failed with '400 587 Failed to remove route from default table (No such process)'
03-22 15:41:06.681 D/ConnectivityService(  384): resetConnections(wlan0, 3)
03-22 15:41:06.771 D/ConnectivityService(  384): resetting DNS cache for wlan0
03-22 15:41:06.771 D/ConnectivityService(  384): sendStickyBroadcast: action=android.net.conn.CONNECTIVITY_CHANGE_IMMEDIATE
03-22 15:41:06.771 D/ConnectivityService(  384): sendStickyBroadcastDelayed: delayMs=3000, action=android.net.conn.CONNECTIVITY_CHANGE
03-22 15:41:06.771 D/ConnectivityService(  384): ConnectivityChange for WIFI: DISCONNECTED/DISCONNECTED
03-22 15:41:06.771 D/ConnectivityService(  384): Attempting to switch to mobile
03-22 15:41:06.771 D/ConnectivityService(  384): Attempting to switch to BLUETOOTH_TETHER
03-22 15:41:06.771 D/ConnectivityService(  384): Attempting to switch to ETHERNET
03-22 15:41:06.771 D/ConnectivityService(  384): Attempting to switch to mobile2
03-22 15:41:06.781 D/ConnectivityService(  384): handleConnectivityChange: changed linkProperty[1]: doReset=true resetMask=3
03-22 15:41:06.781 D/ConnectivityService(  384):   curLp=null
03-22 15:41:06.781 D/ConnectivityService(  384):   newLp= null
03-22 15:41:06.781 D/ConnectivityService(  384): resetConnections(wlan0, 3)
03-22 15:41:06.781 D/NetworkPolicy(  384): setNetworkTemplateEnabled(): match rule = 1
03-22 15:41:06.821 D/NetworkPolicy(  384): setNetworkTemplateEnabled(): match rule = 1
03-22 15:41:06.891 D/ConnectivityService(  384): sendStickyBroadcast: action=android.net.conn.CONNECTIVITY_CHANGE_IMMEDIATE
03-22 15:41:06.891 D/ConnectivityService(  384): sendStickyBroadcastDelayed: delayMs=3000, action=android.net.conn.CONNECTIVITY_CHANGE
03-22 15:41:06.891 D/MobileDataStateTracker(  384): default: setPolicyDataEnable(enabled=true)
03-22 15:41:06.891 D/MobileDataStateTracker(  384): default: setPolicyDataEnable(enabled=true)
03-22 15:41:06.891 D/NetworkPolicy(  384): setNetworkTemplateEnabled(): match rule = 1
03-22 15:41:06.891 D/MobileDataStateTracker(  384): default: setPolicyDataEnable(enabled=true)
03-22 15:41:06.901 D/NetworkPolicy(  384): setNetworkTemplateEnabled(): match rule = 1
03-22 15:41:06.901 D/MobileDataStateTracker(  384): default: setPolicyDataEnable(enabled=true)
03-22 15:41:06.991 D/ConnectivityService(  384): reportNetworkCondition(1, 0)
03-22 15:41:06.991 D/ConnectivityService(  384): handleInetConditionChange: no active default network - ignore
03-22 15:41:08.833 D/ConnectivityService(  384): ConnectivityChange for WIFI: CONNECTING/OBTAINING_IPADDR
03-22 15:41:08.833 D/ConnectivityService(  384): ConnectivityChange for WIFI: CONNECTING/OBTAINING_IPADDR
03-22 15:41:09.774 D/ConnectivityService(  384): sendStickyBroadcast: action=android.net.conn.CONNECTIVITY_CHANGE
03-22 15:41:09.784 D/StatusBar.NetworkControllerDS(  464): updateConnectivity: intent=Intent { act=android.net.conn.CONNECTIVITY_CHANGE flg=0x8000010 (has extras) }
03-22 15:41:09.784 D/StatusBar.NetworkControllerDS(  464): updateConnectivity: networkInfo=null
03-22 15:41:09.784 D/StatusBar.NetworkControllerDS(  464): updateConnectivity: connectionStatus=0
03-22 15:41:09.784 D/StatusBar.NetworkControllerDS(  464): updateTelephonySignalStrength: !hasService()
03-22 15:41:09.894 D/ConnectivityService(  384): sendStickyBroadcast: action=android.net.conn.CONNECTIVITY_CHANGE
03-22 15:41:09.894 D/StatusBar.NetworkControllerDS(  464): updateConnectivity: intent=Intent { act=android.net.conn.CONNECTIVITY_CHANGE flg=0x8000010 (has extras) }
03-22 15:41:09.894 D/StatusBar.NetworkControllerDS(  464): updateConnectivity: networkInfo=null
03-22 15:41:09.894 D/StatusBar.NetworkControllerDS(  464): updateConnectivity: connectionStatus=0
03-22 15:41:09.894 D/StatusBar.NetworkControllerDS(  464): updateTelephonySignalStrength: !hasService()
03-22 15:41:14.679 W/SocketClient(  112): write error (Broken pipe)
03-22 15:41:22.136 D/ConnectivityService(  384): ConnectivityChange for WIFI: CONNECTED/CONNECTED
03-22 15:41:22.136 D/ConnectivityService(  384): Setting TCP values: [524288,1048576,2097152,262144,524288,1048576] which comes from [net.tcp.buffersize.wifi]
03-22 15:41:22.146 D/ConnectivityService(  384): adding dns 192.168.43.1 for WIFI
03-22 15:41:22.146 D/ConnectivityService(  384): erasing net.dns2
03-22 15:41:22.156 D/ConnectivityService(  384): handleConnectivityChange: changed linkProperty[1]: doReset=false resetMask=0
03-22 15:41:22.156 D/ConnectivityService(  384):    curLp=null
03-22 15:41:22.156 D/ConnectivityService(  384):    newLp=InterfaceName: wlan0 LinkAddresses: [192.168.43.252/24,] Routes: [0.0.0.0/0 -> 192.168.43.1,] DnsAddresses: [192.168.43.1,] HttpProxy: [ProxyProperties.mHost == null] 
03-22 15:41:22.156 D/ConnectivityService(  384): Adding 192.168.43.1/32 -> 0.0.0.0 for interface wlan0
03-22 15:41:22.156 D/ConnectivityService(  384): Adding 0.0.0.0/0 -> 192.168.43.1 for interface wlan0
03-22 15:41:22.166 D/ConnectivityService(  384): resetting DNS cache for wlan0
03-22 15:41:22.166 D/ConnectivityService(  384): sendStickyBroadcast: action=android.net.conn.CONNECTIVITY_CHANGE_IMMEDIATE
03-22 15:41:22.176 D/ConnectivityService(  384): sendStickyBroadcastDelayed: delayMs=3000, action=android.net.conn.CONNECTIVITY_CHANGE
03-22 15:41:22.176 D/ConnectivityService(  384): ConnectivityChange for WIFI: CONNECTED/CONNECTED
03-22 15:41:22.176 D/ConnectivityService(  384): Setting TCP values: [524288,1048576,2097152,262144,524288,1048576] which comes from [net.tcp.buffersize.wifi]
03-22 15:41:22.176 D/NetworkPolicy(  384): setNetworkTemplateEnabled(): match rule = 1
03-22 15:41:22.196 D/ConnectivityService(  384): handleConnectivityChange: changed linkProperty[1]: doReset=false resetMask=0
03-22 15:41:22.196 D/ConnectivityService(  384):    curLp=InterfaceName: wlan0 LinkAddresses: [192.168.43.252/24,] Routes: [0.0.0.0/0 -> 192.168.43.1,] DnsAddresses: [192.168.43.1,] HttpProxy: [ProxyProperties.mHost == null] 
03-22 15:41:22.196 D/ConnectivityService(  384):    newLp=InterfaceName: wlan0 LinkAddresses: [192.168.43.252/24,] Routes: [0.0.0.0/0 -> 192.168.43.1,] DnsAddresses: [192.168.43.1,] HttpProxy: [ProxyProperties.mHost == null] 
03-22 15:41:22.196 D/ConnectivityService(  384): handleConnectivityChange: address are the same reset per doReset linkProperty[1]: resetMask=0
03-22 15:41:22.196 D/ConnectivityService(  384): sendStickyBroadcast: action=android.net.conn.CONNECTIVITY_CHANGE_IMMEDIATE
03-22 15:41:22.196 D/ConnectivityService(  384): sendStickyBroadcastDelayed: delayMs=3000, action=android.net.conn.CONNECTIVITY_CHANGE
03-22 15:41:22.196 D/MobileDataStateTracker(  384): default: setPolicyDataEnable(enabled=true)
03-22 15:41:22.216 D/NetworkPolicy(  384): setNetworkTemplateEnabled(): match rule = 1
03-22 15:41:22.216 D/MobileDataStateTracker(  384): default: setPolicyDataEnable(enabled=true)
03-22 15:41:22.226 D/NetworkPolicy(  384): setNetworkTemplateEnabled(): match rule = 1
03-22 15:41:22.226 D/MobileDataStateTracker(  384): default: setPolicyDataEnable(enabled=true)
03-22 15:41:22.256 D/NetworkPolicy(  384): setNetworkTemplateEnabled(): match rule = 1
03-22 15:41:22.256 D/MobileDataStateTracker(  384): default: setPolicyDataEnable(enabled=true)
03-22 15:41:23.147 D/ConnectivityService(  384): NetTransition Wakelock for WifiStateMachine released by timeout
03-22 15:41:25.079 D/BatteryService(  384): mAcOnlinefalsemUsbOnline:falsemBatteryStatus 3
03-22 15:41:25.079 D/BatteryService(  384): mBatteryLevel82isPowered():falseActivityManagerNative.isSystemReady():true
03-22 15:41:25.079 D/BatteryService(  384): mAcOnlinefalsemUsbOnline:falsemBatteryStatus 3
03-22 15:41:25.089 D/ActivityManager(  384): mBatteryStatusReceiver, action=android.intent.action.BATTERY_CHANGED
03-22 15:41:25.089 D/ActivityManager(  384): mBatteryStatusReceiver, plugged=0, mBatteryStatusPlugged=0, fakeShutdownMode=false
03-22 15:41:25.169 D/ConnectivityService(  384): sendStickyBroadcast: action=android.net.conn.CONNECTIVITY_CHANGE
03-22 15:41:25.179 D/StatusBar.NetworkControllerDS(  464): updateConnectivity: intent=Intent { act=android.net.conn.CONNECTIVITY_CHANGE flg=0x8000010 (has extras) }
03-22 15:41:25.189 D/ConnectivityService(  384): sendStickyBroadcast: action=android.net.conn.CONNECTIVITY_CHANGE
03-22 15:41:25.189 D/StatusBar.NetworkControllerDS(  464): updateConnectivity: networkInfo=NetworkInfo: type: WIFI[], state: CONNECTED/CONNECTED, reason: (unspecified), extra: (none), roaming: false, failover: false, isAvailable: true
03-22 15:41:25.189 D/StatusBar.NetworkControllerDS(  464): updateConnectivity: connectionStatus=0
03-22 15:41:25.189 D/StatusBar.NetworkControllerDS(  464): updateTelephonySignalStrength: !hasService()
03-22 15:41:25.199 D/StatusBar.NetworkControllerDS(  464): updateConnectivity: intent=Intent { act=android.net.conn.CONNECTIVITY_CHANGE flg=0x8000010 (has extras) }
03-22 15:41:25.199 D/StatusBar.NetworkControllerDS(  464): updateConnectivity: networkInfo=NetworkInfo: type: WIFI[], state: CONNECTED/CONNECTED, reason: (unspecified), extra: (none), roaming: false, failover: false, isAvailable: true
03-22 15:41:25.199 D/StatusBar.NetworkControllerDS(  464): updateConnectivity: connectionStatus=0
03-22 15:41:25.199 D/StatusBar.NetworkControllerDS(  464): updateTelephonySignalStrength: !hasService()
03-22 15:41:26.000 I/ActivityManager(  384): START {act=android.intent.action.MAIN cat=[android.intent.category.HOME] flg=0x10200000 cmp=com.android.launcher/com.android.launcher2.Launcher u=0} from pid 384
03-22 15:41:27.341 I/ActivityManager(  384): START {act=android.intent.action.MAIN cat=[android.intent.category.LAUNCHER] flg=0x10200000 cmp=com.aidufei.ott.activity/.MainTabHostActivity bnds=[532,834][704,1028] u=0} from pid 560
03-22 15:41:29.133 D/ConnectivityService(  384): reportNetworkCondition(1, 100)
03-22 15:41:29.133 D/ConnectivityService(  384): handleInetConditionChange: net=1, condition=100,mActiveDefaultNetwork=1
03-22 15:41:29.133 D/ConnectivityService(  384): handleInetConditionChange: starting a change hold
03-22 15:41:29.633 D/ConnectivityService(  384): handleInetConditionHoldEnd: net=1, condition=100, published condition=0
03-22 15:41:29.633 D/ConnectivityService(  384): sendStickyBroadcast: action=android.net.conn.INET_CONDITION_ACTION
03-22 15:41:29.643 D/StatusBar.NetworkControllerDS(  464): updateConnectivity: intent=Intent { act=android.net.conn.INET_CONDITION_ACTION flg=0x8000010 (has extras) }
03-22 15:41:29.643 D/StatusBar.NetworkControllerDS(  464): updateConnectivity: networkInfo=NetworkInfo: type: WIFI[], state: CONNECTED/CONNECTED, reason: (unspecified), extra: (none), roaming: false, failover: false, isAvailable: true
03-22 15:41:29.643 D/StatusBar.NetworkControllerDS(  464): updateConnectivity: connectionStatus=100
03-22 15:41:29.643 D/StatusBar.NetworkControllerDS(  464): updateTelephonySignalStrength: !hasService()
03-22 15:41:30.594 I/ActivityManager(  384): START {cmp=com.aidufei.ott.activity/.ParticularActivity (has extras) u=0} from pid 11588
03-22 15:41:32.266 I/ActivityManager(  384): START {cmp=com.aidufei.ott.activity/com.unitend.udrm.player.VideoPlayer (has extras) u=0} from pid 11588
03-22 15:41:32.316 I/ActivityManager(  384): Config changed: {1.0 460mcc0mnc zh_CN sw360dp w640dp h340dp nrml long land finger -keyb/v/h -nav/h s.80}
03-22 15:41:47.320 I/ActivityManager(  384): Config changed: {1.0 460mcc0mnc zh_CN sw360dp w360dp h620dp nrml long port finger -keyb/v/h -nav/h s.81}
03-22 15:41:57.250 I/ActivityManager(  384): START {cmp=com.aidufei.ott.activity/.ParticularActivity (has extras) u=0} from pid 11588
03-22 15:42:02.806 I/ActivityManager(  384): START {cmp=com.aidufei.ott.activity/com.unitend.udrm.player.VideoPlayer (has extras) u=0} from pid 11588
03-22 15:42:02.856 I/ActivityManager(  384): Config changed: {1.0 460mcc0mnc zh_CN sw360dp w640dp h340dp nrml long land finger -keyb/v/h -nav/h s.82}
03-22 15:42:06.879 D/NetworkPolicy(  384): setNetworkTemplateEnabled(): match rule = 1
03-22 15:42:06.889 D/MobileDataStateTracker(  384): default: setPolicyDataEnable(enabled=true)
03-22 15:42:34.737 D/PhoneStatusBar(  464): addNotification score=0
03-22 15:42:40.422 D/NetworkPolicy(  384): setNetworkTemplateEnabled(): match rule = 1
03-22 15:42:40.422 D/MobileDataStateTracker(  384): default: setPolicyDataEnable(enabled=true)
03-22 15:42:55.907 I/ActivityManager(  384): Config changed: {1.0 460mcc0mnc zh_CN sw360dp w360dp h620dp nrml long port finger -keyb/v/h -nav/h s.83}
03-22 15:43:00.692 D/ConnectivityService(  384): getMobileDataEnabled returning false
03-22 15:43:00.732 D/PhoneStatusBar(  464): disable: < expand icons alerts TICKER* system_info back home recent clock >
03-22 15:43:03.745 D/ConnectivityService(  384): getMobileDataEnabled returning false
03-22 15:43:03.765 W/InputMethodManagerService(  384): Window already focused, ignoring focus gain of: com.android.internal.view.IInputMethodClient$Stub$Proxy@41be2a28 attribute=null
03-22 15:43:03.775 D/PhoneStatusBar(  464): disable: < expand icons alerts ticker* system_info back home recent clock >
03-22 15:43:31.702 D/PhoneStatusBar(  464): disable: < expand icons alerts ticker system_info back home RECENT* clock >
03-22 15:43:31.742 D/PhoneStatusBar(  464): disable: < expand icons alerts ticker system_info BACK* HOME* RECENT CLOCK* >
03-22 15:43:31.782 W/InputMethodManagerService(  384): Starting input on non-focused client com.android.internal.view.IInputMethodClient$Stub$Proxy@41abe248 (uid=10047 pid=11588)
03-22 15:43:52.082 I/WindowManager(  384): Lock screen displayed!
03-22 15:43:54.354 I/WindowManager(  384): Lock screen displayed!
03-22 15:43:57.857 D/ConnectivityService(  384): getMobileDataEnabled returning false
03-22 15:43:57.917 D/PhoneStatusBar(  464): disable: < expand icons alerts TICKER* system_info back* home* RECENT clock* >
03-22 15:43:58.748 D/ConnectivityService(  384): getMobileDataEnabled returning false
03-22 15:43:58.778 D/PhoneStatusBar(  464): disable: < expand icons alerts ticker* system_info BACK* HOME* RECENT CLOCK* >
03-22 15:43:59.399 D/ConnectivityService(  384): getMobileDataEnabled returning false
03-22 15:43:59.469 D/PhoneStatusBar(  464): disable: < expand icons alerts TICKER* system_info back* home* RECENT clock* >
03-22 15:44:01.190 D/ConnectivityService(  384): getMobileDataEnabled returning false
03-22 15:44:01.230 D/PhoneStatusBar(  464): disable: < expand icons alerts ticker* system_info BACK* HOME* RECENT CLOCK* >
03-22 15:44:02.882 I/WindowManager(  384): Lock screen displayed!
03-22 15:44:03.623 D/ConnectivityService(  384): getMobileDataEnabled returning false
03-22 15:44:03.713 D/PhoneStatusBar(  464): disable: < expand icons alerts TICKER* system_info back* home* RECENT clock* >
03-22 15:44:07.216 I/ActivityManager(  384): START {flg=0x10000000 cmp=com.android.settings/.UpdateDialog bnds=[0,517][720,645] (has extras) u=0} from pid -1
03-22 15:44:07.246 D/ConnectivityService(  384): getMobileDataEnabled returning false
03-22 15:44:07.547 D/ConnectivityService(  384): getMobileDataEnabled returning false
03-22 15:44:07.587 D/PhoneStatusBar(  464): disable: < expand icons alerts ticker* system_info BACK* HOME* RECENT CLOCK* >
03-22 15:44:07.767 D/PhoneStatusBar(  464): disable: < expand icons alerts ticker system_info BACK HOME recent* CLOCK >
03-22 15:44:07.797 D/PhoneStatusBar(  464): disable: < expand icons alerts ticker system_info back* home* recent clock* >
03-22 15:44:14.493 D/ConnectivityService(  384): getMobileDataEnabled returning false
03-22 15:44:14.553 D/PhoneStatusBar(  464): disable: < expand icons alerts TICKER* system_info back home recent clock >
03-22 15:44:17.827 I/ActivityManager(  384): START {cmp=com.tencent.mobileqq/.activity.ChatActivity bnds=[0,237][720,365] (has extras) u=0} from pid -1
03-22 15:44:17.827 W/ActivityManager(  384): startActivity called from non-Activity context; forcing Intent.FLAG_ACTIVITY_NEW_TASK for: Intent { cmp=com.tencent.mobileqq/.activity.ChatActivity bnds=[0,237][720,365] (has extras) }
03-22 15:44:17.897 D/ConnectivityService(  384): getMobileDataEnabled returning false
03-22 15:44:18.177 D/ConnectivityService(  384): getMobileDataEnabled returning false
03-22 15:44:18.537 D/PhoneStatusBar(  464): disable: < expand icons alerts ticker* system_info back home recent clock >
03-22 15:44:22.201 I/ActivityManager(  384): START {act=android.intent.action.MAIN cat=[android.intent.category.HOME] flg=0x10200000 cmp=com.android.launcher/com.android.launcher2.Launcher u=0} from pid 384
03-22 15:44:22.301 D/PhoneStatusBar(  464): addNotification score=0
03-22 15:44:23.863 I/ActivityManager(  384): START {act=android.intent.action.MAIN cat=[android.intent.category.LAUNCHER] flg=0x10200000 cmp=com.android.contacts/.DialtactsActivity bnds=[187,1086][359,1276] u=0} from pid 560
03-22 15:44:23.973 D/TelephonyRegistry(  384): onCallStateChanged  mCallIncomingNumber:
03-22 15:44:23.973 D/TelephonyRegistry(  384): getCallStateForAllSims  state:0
03-22 15:44:27.786 I/ActivityManager(  384): START {act=android.intent.action.MAIN cat=[android.intent.category.HOME] flg=0x10200000 cmp=com.android.launcher/com.android.launcher2.Launcher u=0} from pid 384
03-22 15:44:30.009 D/PowerManagerService(  384): ignoring user activity while turning off screen
03-22 15:44:30.119 D/PhoneStatusBar(  464): disable: < expand icons alerts ticker system_info back home RECENT* clock >
03-22 15:44:30.149 D/PhoneStatusBar(  464): disable: < expand icons alerts ticker system_info BACK* HOME* RECENT CLOCK* >
03-22 15:44:30.709 I/WindowManager(  384): Lock screen displayed!
03-22 15:44:51.062 I/WindowManager(  384): Lock screen displayed!
03-22 15:44:53.103 D/ConnectivityService(  384): getMobileDataEnabled returning false
03-22 15:44:53.163 D/PhoneStatusBar(  464): disable: < expand icons alerts TICKER* system_info back* home* RECENT clock* >
03-22 15:44:56.597 D/PhoneStatusBar(  464): disable: < expand icons alerts ticker* system_info back home RECENT clock >
03-22 15:44:57.918 I/ActivityManager(  384): START {act=android.settings.APPLICATION_DETAILS_SETTINGS dat=package:com.aidufei.ott.activity flg=0x10000000 cmp=com.android.settings/.applications.InstalledAppDetails u=0} from pid 464
03-22 15:44:58.048 D/PhoneStatusBar(  464): disable: < expand icons alerts TICKER* system_info back home RECENT clock >
03-22 15:44:58.078 W/ThrottleService(  384): unable to find stats for iface rmnet0
03-22 15:44:58.328 D/ConnectivityService(  384): getMobileDataEnabled returning false
03-22 15:44:58.368 D/PhoneStatusBar(  464): disable: < expand icons alerts ticker* system_info BACK* HOME* RECENT CLOCK* >
03-22 15:45:00.791 D/ConnectivityService(  384): ConnectivityChange for WIFI: DISCONNECTED/DISCONNECTED
03-22 15:45:00.801 D/ConnectivityService(  384): Attempting to switch to mobile
03-22 15:45:00.801 D/ConnectivityService(  384): Attempting to switch to BLUETOOTH_TETHER
03-22 15:45:00.801 D/ConnectivityService(  384): Attempting to switch to ETHERNET
03-22 15:45:00.801 D/ConnectivityService(  384): Attempting to switch to mobile2
03-22 15:45:00.801 D/ConnectivityService(  384): handleConnectivityChange: changed linkProperty[1]: doReset=true resetMask=3
03-22 15:45:00.801 D/ConnectivityService(  384):   curLp=InterfaceName: wlan0 LinkAddresses: [192.168.43.252/24,] Routes: [0.0.0.0/0 -> 192.168.43.1,] DnsAddresses: [192.168.43.1,] HttpProxy: [ProxyProperties.mHost == null] 
03-22 15:45:00.801 D/ConnectivityService(  384):   newLp= null
03-22 15:45:00.801 D/ConnectivityService(  384): Removing 192.168.43.1/32 -> 0.0.0.0 for interface wlan0
03-22 15:45:00.801 E/ConnectivityService(  384): Exception trying to remove a route: java.lang.IllegalStateException: command '603 interface route remove wlan0 default 192.168.43.1 32 0.0.0.0' failed with '400 603 Failed to remove route from default table (No such process)'
03-22 15:45:00.801 D/ConnectivityService(  384): Removing 0.0.0.0/0 -> 192.168.43.1 for interface wlan0
03-22 15:45:00.811 E/ConnectivityService(  384): Exception trying to remove a route: java.lang.IllegalStateException: command '604 interface route remove wlan0 default 0.0.0.0 0 192.168.43.1' failed with '400 604 Failed to remove route from default table (No such process)'
03-22 15:45:00.811 D/ConnectivityService(  384): resetConnections(wlan0, 3)
03-22 15:45:00.891 D/ConnectivityService(  384): resetting DNS cache for wlan0
03-22 15:45:00.901 D/ConnectivityService(  384): sendStickyBroadcast: action=android.net.conn.CONNECTIVITY_CHANGE_IMMEDIATE
03-22 15:45:00.901 D/NetworkPolicy(  384): setNetworkTemplateEnabled(): match rule = 1
03-22 15:45:00.901 D/ConnectivityService(  384): sendStickyBroadcastDelayed: delayMs=3000, action=android.net.conn.CONNECTIVITY_CHANGE
03-22 15:45:00.901 D/ConnectivityService(  384): ConnectivityChange for WIFI: DISCONNECTED/DISCONNECTED
03-22 15:45:00.911 D/ConnectivityService(  384): Attempting to switch to mobile
03-22 15:45:00.911 D/ConnectivityService(  384): Attempting to switch to BLUETOOTH_TETHER
03-22 15:45:00.911 D/ConnectivityService(  384): Attempting to switch to ETHERNET
03-22 15:45:00.911 D/ConnectivityService(  384): Attempting to switch to mobile2
03-22 15:45:00.911 D/ConnectivityService(  384): handleConnectivityChange: changed linkProperty[1]: doReset=true resetMask=3
03-22 15:45:00.911 D/ConnectivityService(  384):   curLp=null
03-22 15:45:00.911 D/ConnectivityService(  384):   newLp= null
03-22 15:45:00.911 D/ConnectivityService(  384): resetConnections(wlan0, 3)
03-22 15:45:01.001 D/ConnectivityService(  384): sendStickyBroadcast: action=android.net.conn.CONNECTIVITY_CHANGE_IMMEDIATE
03-22 15:45:01.001 D/ConnectivityService(  384): sendStickyBroadcastDelayed: delayMs=3000, action=android.net.conn.CONNECTIVITY_CHANGE
03-22 15:45:01.001 D/MobileDataStateTracker(  384): default: setPolicyDataEnable(enabled=true)
03-22 15:45:01.011 D/ConnectivityService(  384): reportNetworkCondition(1, 0)
03-22 15:45:01.021 D/ConnectivityService(  384): handleInetConditionChange: no active default network - ignore
03-22 15:45:01.171 D/NetworkPolicy(  384): setNetworkTemplateEnabled(): match rule = 1
03-22 15:45:01.171 D/MobileDataStateTracker(  384): default: setPolicyDataEnable(enabled=true)
03-22 15:45:01.171 D/NetworkPolicy(  384): setNetworkTemplateEnabled(): match rule = 1
03-22 15:45:01.181 D/MobileDataStateTracker(  384): default: setPolicyDataEnable(enabled=true)
03-22 15:45:01.191 D/NetworkPolicy(  384): setNetworkTemplateEnabled(): match rule = 1
03-22 15:45:01.191 D/MobileDataStateTracker(  384): default: setPolicyDataEnable(enabled=true)
03-22 15:45:03.593 I/WindowManager(  384): Lock screen displayed!
03-22 15:45:03.904 D/ConnectivityService(  384): sendStickyBroadcast: action=android.net.conn.CONNECTIVITY_CHANGE
03-22 15:45:03.924 D/StatusBar.NetworkControllerDS(  464): updateConnectivity: intent=Intent { act=android.net.conn.CONNECTIVITY_CHANGE flg=0x8000010 (has extras) }
03-22 15:45:03.924 D/StatusBar.NetworkControllerDS(  464): updateConnectivity: networkInfo=null
03-22 15:45:03.924 D/StatusBar.NetworkControllerDS(  464): updateConnectivity: connectionStatus=0
03-22 15:45:03.924 D/StatusBar.NetworkControllerDS(  464): updateTelephonySignalStrength: !hasService()
03-22 15:45:04.004 D/ConnectivityService(  384): sendStickyBroadcast: action=android.net.conn.CONNECTIVITY_CHANGE
03-22 15:45:04.014 D/StatusBar.NetworkControllerDS(  464): updateConnectivity: intent=Intent { act=android.net.conn.CONNECTIVITY_CHANGE flg=0x8000010 (has extras) }
03-22 15:45:04.014 D/StatusBar.NetworkControllerDS(  464): updateConnectivity: networkInfo=null
03-22 15:45:04.014 D/StatusBar.NetworkControllerDS(  464): updateConnectivity: connectionStatus=0
03-22 15:45:04.014 D/StatusBar.NetworkControllerDS(  464): updateTelephonySignalStrength: !hasService()
03-22 15:45:04.544 D/PhoneStatusBar(  464): disable: < expand icons alerts ticker system_info BACK HOME recent* CLOCK >
03-22 15:45:04.564 D/PhoneStatusBar(  464): disable: < expand icons alerts ticker system_info back* home* recent clock* >
03-22 15:45:06.817 I/ActivityManager(  384): Force stopping package com.aidufei.ott.activity uid=10047
03-22 15:45:06.817 I/ActivityManager(  384): Killing proc 11588:com.aidufei.ott.activity/u0a47: force stop
03-22 15:45:06.827 I/ActivityManager(  384):   Force finishing activity ActivityRecord{421077e0 com.aidufei.ott.activity/.MainTabHostActivity}
03-22 15:45:06.877 I/WindowState(  384): WIN DEATH: Window{41a90218 com.aidufei.ott.activity/com.aidufei.ott.activity.MainTabHostActivity paused=true}
03-22 15:45:06.967 W/InputMethodManagerService(  384): Window already focused, ignoring focus gain of: com.android.internal.view.IInputMethodClient$Stub$Proxy@41bf1d88 attribute=null
03-22 15:45:09.920 I/ActivityManager(  384): START {act=android.intent.action.MAIN cat=[android.intent.category.HOME] flg=0x10200000 cmp=com.android.launcher/com.android.launcher2.Launcher u=0} from pid 384
03-22 15:45:11.641 D/ConnectivityService(  384): getMobileDataEnabled returning false
03-22 15:45:11.681 D/PhoneStatusBar(  464): disable: < expand icons alerts TICKER* system_info back home recent clock >
03-22 15:45:12.662 D/ConnectivityService(  384): getMobileDataEnabled returning false
03-22 15:45:12.682 W/InputMethodManagerService(  384): Window already focused, ignoring focus gain of: com.android.internal.view.IInputMethodClient$Stub$Proxy@4203c1d0 attribute=null
03-22 15:45:12.702 D/PhoneStatusBar(  464): disable: < expand icons alerts ticker* system_info back home recent clock >
03-22 15:45:14.194 D/PhoneStatusBar(  464): disable: < expand icons alerts ticker system_info back home RECENT* clock >
03-22 15:45:14.234 D/PhoneStatusBar(  464): disable: < expand icons alerts ticker system_info BACK* HOME* RECENT CLOCK* >
03-22 15:45:15.445 I/WindowManager(  384): Lock screen displayed!
03-22 15:46:00.819 D/ConnectivityService(  384): NetTransition Wakelock for WifiStateMachine released by timeout
03-22 15:46:41.511 I/ActivityManager(  384): Start proc com.android.providers.calendar for broadcast com.android.providers.calendar/.CalendarReceiver: pid=18695 uid=10009 gids={3003, 1015, 1028}
