I/System.out( 9256): message--->{"ret":"0","pageSize":0,"retInfo":"","program":[{"programId":66143,"eventDate":"2013-03-22","beginTime":"2013-03-22 00:26:00","endTime":"2013-03-22 00:59:00","eventName":"","eventDesc":null,"status":1,"assetID":"TWSX0000066143002600","volumeName":"85864","channelResourceCode":"10032","isBook":0,"videoType":"1","channelID":"CCTV1HD","isRecommend":0,"playCount":0,"keyWord":"","channelName":null,"poster":[]},{"programId":66144,"eventDate":"2013-03-22","beginTime":"2013-03-22 00:59:00","endTime":"2013-03-22 01:53:00","eventName":"","eventDesc":null,"status":1,"assetID":"TWSX0000066144005900","volumeName":"85864","channelResourceCode":"10032","isBook":0,"videoType":"1","channelID":"CCTV1HD","isRecommend":0,"playCount":0,"keyWord":"","channelName":null,"poster":[]},{"programId":66145,"eventDate":"2013-03-22","beginTime":"2013-03-22 01:53:00","endTime":"2013-03-22 02:45:00","eventName":"360","eventDesc":null,"status":1,"assetID":"TWSX0000066145015300","volumeName":"85864","channelResourceCode":"10032","isBook":0,"videoType":"1","channelID":"CCTV1HD","isRecommend":0,"playCount":0,"keyWord":"360","channelName":null,"poster":[]},{"programId":66146,"eventDate":"2013-03-22","beginTime":"2013-03-22 02:45:00","endTime":"2013-03-22 03:30:00","eventName":"(5)","eventDesc":null,"status":1,"assetID":"TWSX0000066146024500","volumeName":"85864","channelResourceCode":"10032","isBook":0,"videoType":"1","channelID":"CCTV1HD","isRecommend":0,"playCount":0,"keyWord":"(5)","channelName":null,"poster":[]},{"programId":66147,"eventDate":"2013-03-22","beginTime":"2013-03-22 03:30:00","endTime":"2013-03-22 03:46:00","eventName":"","eventDesc":null,"status":1,"assetID":"TWSX0000066147033000","volumeName":"85864","channelResourceCode":"10032","isBook":0,"videoType":"1","channelID":"CCTV1HD","isRecommend":0,"playCount":0,"keyWord":"","channelName":null,"poster":[]},{"programId":66148,"eventDate":"2013-03-22","beginTime":"2013-03-22 03:46:00","endTime":"2013-03-22 04:31:00","eventName":"","eventDesc":null,"status":1,"assetID":"TWSX0000066148034600","volumeName":"85864","channelResourceCode":"10032","isBook":0,"videoType":"1","channelID":"CCTV1HD","isRecommend":0,"playCount":0,"keyWord":"","channelName":null,"poster":[]},{"programId":66149,"eventDate":"2013-03-22","beginTime":"2013-03-22 04:31:00","endTime":"2013-03-22 04:59:00","eventName":"","eventDesc":null,"status":1,"assetID":"TWSX0000066149043100","volumeName":"85864","channelResourceCode":"10032","isBook":0,"videoType":"1","channelID":"CCTV1HD","isRecommend":0,"playCount":0,"keyWord":"","channelName":null,"poster":[]},{"programId":66150,"eventDate":"2013-03-22","beginTime":"2013-03-22 04:59:00","endTime":"2013-03-22 05:29:00","eventName":"","eventDesc":null,"status":1,"assetID":"TWSX0000066150045900","volumeName":"85864","channelResourceCode":"10032","isBook":0,"videoType":"1","channelID":"CCTV1HD","isRecommend":0,"playCount":0,"keyWord":"","channelName":null,"poster":[]},{"programId":66151,"eventDate":"2013-03-22","beginTime":"2013-03-22 05:29:00","endTime":"2013-03-22 06:00:00","eventName":"","eventDesc":null,"status":1,"assetID":"TWSX0000066151052900","volumeName":"85864","channelResourceCode":"10032","isBook":0,"videoType":"1","channelID":"CCTV1HD","isRecommend":0,"playCount":0,"keyWord":"","channelName":null,"poster":[]},{"programId":66152,"eventDate":"2013-03-22","beginTime":"2013-03-22 06:00:00","endTime":"2013-03-22 08:33:00","eventName":"","eventDesc":null,"status":1,"assetID":"TWSX0000066152060000","volumeName":"85864","channelResourceCode":"10032","isBook":0,"videoType":"1","channelID":"CCTV1HD","isRecommend":0,"playCount":0,"keyWord":"","channelName":null,"poster":[]},{"programId":66153,"eventDate":"2013-03-22","beginTime":"2013-03-22 08:33:00","endTime":"2013-03-22 09:07:00","eventName":"","eventDesc":nu
E/dvb_EpgInterface( 9256): [getEpgWeek]  EpgListElement_list.get(0).data:2013-03-22
V/TimeShiftPlay( 9256): +++++++ list OK +++++++
E/dvb_EpgInterface( 9256): [getLookBackElement]  data:2013-03-22
E/dvb_EpgInterface( 9256): [getLookBackElement]  EpgListElement_list.get(0).data:2013-03-22
V/TimeShiftPlay( 9256): ++++++++++time++++++++1363881600++++++++tmpBackElement.shifttime+++++++1363883160
E/dvb_EpgInterface( 9256): [getLookBackElement]  data:2013-03-22
E/dvb_EpgInterface( 9256): [getLookBackElement]  EpgListElement_list.get(0).data:2013-03-22
V/TimeShiftPlay( 9256): ++++++++++time++++++++1363881600++++++++tmpBackElement.shifttime+++++++1363885140
E/dvb_EpgInterface( 9256): [getLookBackElement]  data:2013-03-22
E/dvb_EpgInterface( 9256): [getLookBackElement]  EpgListElement_list.get(0).data:2013-03-22
V/TimeShiftPlay( 9256): ++++++++++time++++++++1363881600++++++++tmpBackElement.shifttime+++++++1363888380
E/dvb_EpgInterface( 9256): [getLookBackElement]  data:2013-03-22
E/dvb_EpgInterface( 9256): [getLookBackElement]  EpgListElement_list.get(0).data:2013-03-22
D/dalvikvm( 1693): GC_CONCURRENT freed 1951K, 19% free 25843K/31875K, paused 3ms+7ms
V/TimeShiftPlay( 9256): ++++++++++time++++++++1363881600++++++++tmpBackElement.shifttime+++++++1363891500
E/dvb_EpgInterface( 9256): [getLookBackElement]  data:2013-03-22
E/dvb_EpgInterface( 9256): [getLookBackElement]  EpgListElement_list.get(0).data:2013-03-22
V/TimeShiftPlay( 9256): ++++++++++time++++++++1363881600++++++++tmpBackElement.shifttime+++++++1363894200
E/dvb_EpgInterface( 9256): [getLookBackElement]  data:2013-03-22
E/dvb_EpgInterface( 9256): [getLookBackElement]  EpgListElement_list.get(0).data:2013-03-22
V/TimeShiftPlay( 9256): ++++++++++time++++++++1363881600++++++++tmpBackElement.shifttime+++++++1363895160
E/dvb_EpgInterface( 9256): [getLookBackElement]  data:2013-03-22
E/dvb_EpgInterface( 9256): [getLookBackElement]  EpgListElement_list.get(0).data:2013-03-22
V/TimeShiftPlay( 9256): ++++++++++time++++++++1363881600++++++++tmpBackElement.shifttime+++++++1363897860
E/dvb_EpgInterface( 9256): [getLookBackElement]  data:2013-03-22
E/dvb_EpgInterface( 9256): [getLookBackElement]  EpgListElement_list.get(0).data:2013-03-22
V/TimeShiftPlay( 9256): ++++++++++time++++++++1363881600++++++++tmpBackElement.shifttime+++++++1363899540
E/dvb_EpgInterface( 9256): [getLookBackElement]  data:2013-03-22
E/dvb_EpgInterface( 9256): [getLookBackElement]  EpgListElement_list.get(0).data:2013-03-22
V/TimeShiftPlay( 9256): ++++++++++time++++++++1363881600++++++++tmpBackElement.shifttime+++++++1363901340
E/dvb_EpgInterface( 9256): [getLookBackElement]  data:2013-03-22
E/dvb_EpgInterface( 9256): [getLookBackElement]  EpgListElement_list.get(0).data:2013-03-22
V/TimeShiftPlay( 9256): ++++++++++time++++++++1363881600++++++++tmpBackElement.shifttime+++++++1363903200
E/dvb_EpgInterface( 9256): [getLookBackElement]  data:2013-03-22
E/dvb_EpgInterface( 9256): [getLookBackElement]  EpgListElement_list.get(0).data:2013-03-22
V/TimeShiftPlay( 9256): ++++++++++time++++++++1363881600++++++++tmpBackElement.shifttime+++++++1363912380
E/dvb_EpgInterface( 9256): [getLookBackElement]  data:2013-03-22
E/dvb_EpgInterface( 9256): [getLookBackElement]  EpgListElement_list.get(0).data:2013-03-22
V/TimeShiftPlay( 9256): ++++++++++time++++++++1363881600++++++++tmpBackElement.shifttime+++++++1363914420
E/dvb_EpgInterface( 9256): [getLookBackElement]  data:2013-03-22
E/dvb_EpgInterface( 9256): [getLookBackElement]  EpgListElement_list.get(0).data:2013-03-22
V/TimeShiftPlay( 9256): ++++++++++time++++++++1363881600++++++++tmpBackElement.shifttime+++++++1363915620
E/dvb_EpgInterface( 9256): [getLookBackElement]  data:2013-03-22
E/dvb_EpgInterface( 9256): [getLookBackElement]  EpgListElement_list.get(0).data:2013-03-22
V/TimeShiftPlay( 9256): ++++++++++time++++++++1363881600++++++++tmpBackElement.shifttime+++++++1363918620
E/dvb_EpgInterface( 9256): [getLookBackElement]  data:2013-03-22
E/dvb_EpgInterface( 9256): [getLookBackElement]  EpgListElement_list.get(0).data:2013-03-22
V/TimeShiftPlay( 9256): ++++++++++time++++++++1363881600++++++++tmpBackElement.shifttime+++++++1363921620
E/dvb_EpgInterface( 9256): [getLookBackElement]  data:2013-03-22
E/dvb_EpgInterface( 9256): [getLookBackElement]  EpgListElement_list.get(0).data:2013-03-22
V/TimeShiftPlay( 9256): ++++++++++time++++++++1363881600++++++++tmpBackElement.shifttime+++++++1363924800
E/dvb_EpgInterface( 9256): [getLookBackElement]  data:2013-03-22
E/dvb_EpgInterface( 9256): [getLookBackElement]  EpgListElement_list.get(0).data:2013-03-22
V/TimeShiftPlay( 9256): ++++++++++time++++++++1363881600++++++++tmpBackElement.shifttime+++++++1363926900
E/dvb_EpgInterface( 9256): [getLookBackElement]  data:2013-03-22
E/dvb_EpgInterface( 9256): [getLookBackElement]  EpgListElement_list.get(0).data:2013-03-22
V/TimeShiftPlay( 9256): ++++++++++time++++++++1363881600++++++++tmpBackElement.shifttime+++++++1363929120
E/dvb_EpgInterface( 9256): [getLookBackElement]  data:2013-03-22
E/dvb_EpgInterface( 9256): [getLookBackElement]  EpgListElement_list.get(0).data:2013-03-22
V/TimeShiftPlay( 9256): ++++++++++time++++++++1363881600++++++++tmpBackElement.shifttime+++++++1363932120
E/dvb_EpgInterface( 9256): [getLookBackElement]  data:2013-03-22
E/dvb_EpgInterface( 9256): [getLookBackElement]  EpgListElement_list.get(0).data:2013-03-22
V/TimeShiftPlay( 9256): ++++++++++time++++++++1363881600++++++++tmpBackElement.shifttime+++++++1363935060
E/dvb_EpgInterface( 9256): [getLookBackElement]  data:2013-03-22
E/dvb_EpgInterface( 9256): [getLookBackElement]  EpgListElement_list.get(0).data:2013-03-22
V/TimeShiftPlay( 9256): ++++++++++time++++++++1363881600++++++++tmpBackElement.shifttime+++++++1363938000
E/dvb_EpgInterface( 9256): [getLookBackElement]  data:2013-03-22
E/dvb_EpgInterface( 9256): [getLookBackElement]  EpgListElement_list.get(0).data:2013-03-22
V/TimeShiftPlay( 9256): ++++++++++Title++++++00:26  ++++++++shifttime++++++++1363883160+++++++++++shiftend++++++++++1363885140
I/message ( 9256): requestUrl  :http://wasu.feifeikan.com:8080/msis/getSystemTime?version=V001&terminalType=2&resolution=1280*720&authKey=9f2aa3c3a05d8276610141ecc406a4a0
I/message ( 9256): message  :{"ret":"0","retInfo":"","dateTime":"2013-03-22 16:03:10"}
I/System.out( 9256): message--->{"ret":"0","retInfo":"","dateTime":"2013-03-22 16:03:10"}
V/Tools   ( 9256): ++++++++++currentDate+++++++++2013-03-22 16:03:10
V/TimeShiftPlay( 9256): +++++nownmin+++++1363939380000
V/TimeShiftPlay( 9256): +++++delay+++++0
I/ActivityManager( 1114): START {act=android.intent.LOOKBACK_PLAYER cmp=com.coship.dvbplayer/.videoplayer.VideoPlayer (has extras)} from pid 9256
D/MediaControler( 9256): onDestroy
D/MediaControler( 9256): stop
D/MstarPlayer(  739): MstarPlayer::stop
D/MstarPlayer(  739): request to exit async thread
D/MstarPlayer(  739): exit async proc thread
D/IMMPlayer(  739): Send MM_Stop
D/IMMPlayer(  739): u32Item:1
D/dalvikvm( 1114): GC_CONCURRENT freed 829K, 64% free 4307K/11843K, paused 3ms+6ms
I//lib/ld-linux.so.3(  743): MApp_VDPlayer_Stop interrupt
I//lib/ld-linux.so.3(  743): MApp_VDPlayer_Stop
I//lib/ld-linux.so.3(  743): E_VDP_DECODE_STATE_STOP --> E_VDP_DECODE_STATE_STANDBY
I//lib/ld-linux.so.3(  743): E_VDP_PHASE_DECODE --> E_VDP_PHASE_STOP
I//lib/ld-linux.so.3(  743): Clear ES buffer
I//lib/ld-linux.so.3(  743): E_VDP_PHASE_STOP --> E_VDP_PHASE_STANDBY
I//lib/ld-linux.so.3(  743): Error code 0; Stop Pos:0x08cb518 Time:55767
I//lib/ld-linux.so.3(  743): Get MB_VDPLAYER_STOP command.
D/IMMPlayer(  739): Get ret:0
D/IMMPlayer(  739): Send MM_DeleteMediaItem
D/IMMPlayer(  739): u32Item:1
D/IMMPlayer(  739): Get ret:0
D/IMMPlayer(  739): Send PLAYER_COMMAND_REMOVE_EVENT_RECIPIENT_FPTR
D/IMMPlayer(  739): Get ret:1
D/IMMPlayer(  739): Send FINALIZE
I//lib/ld-linux.so.3(  743): Sbtitle de-init: 0.
I//lib/ld-linux.so.3(  743): MMPlayerService::Client::MM_Finalize()
I//lib/ld-linux.so.3(  743): MSrv_MM_PhotoPlayer::Finalize().
I//lib/ld-linux.so.3(  743): mapi_cpcodec::Finalize().
I//lib/ld-linux.so.3(  743): mapi_cpcodec::Finalize().
I//lib/ld-linux.so.3(  743): Do mapi_cpcodec::Finalize().
D/IMMPlayer(  739): Get ret:0
D/MMPlayer(  739): disconnect
D/MMPlayer(  739): 
D/IMMPlayer(  739): Send DISCONNECT
D/MMPlayer(  739): destructor: 0x3c918
D/MMPlayer(  739): 
D/MMPlayer(  739): disconnect
D/MMPlayer(  739): 
D/MstarPlayer(  739): MstarPlayer::clearAllSource
D/Downloader(  739): Enter Downloader::ForceExit ! 
D/DataSource_M3U8(  739): [M3U8]request to exit download thread
D/DataSource_M3U8(  739): [ContentSource_M3U8] DownloadThread Exit Done..
D/DataSource_M3U8(  739): [M3U8]request to exit mPlaylistThread thread
I//lib/ld-linux.so.3(  743): MM_Finalize done
I//lib/ld-linux.so.3(  743): V/MMPlayerService( 758 758): disconnect(callingPid 739, clientPid 739)
I//lib/ld-linux.so.3(  743): V/MMPlayerService( 758 758): Disconnet finalize OK.
I//lib/ld-linux.so.3(  743): V/MMPlayerService( 758 758): removeClient(callingPid 739)
I//lib/ld-linux.so.3(  743): V/MMPlayerService( 758 1033): MMPlayerService::Client destructor(callingPid 739)
W/ActivityManager( 1114): Activity pause timeout for ActivityRecord{414a32b8 com.coship.dvbplayer/.main}
I/Process ( 1114): Sending signal. PID: 9256 SIG: 3
I/dalvikvm( 9256): threadid=3: reacting to signal 3
I/dalvikvm( 9256): Wrote stack traces to '/data/anr/traces.txt'
D/dalvikvm( 1693): GC_CONCURRENT freed 2017K, 19% free 25846K/31875K, paused 2ms+8ms
D/Downloader(  739): Enter Downloader::ForceExit ! 
D/Downloader(  739): [downloadThread]Downloader::removeTask  
D/Downloader(  739): ~Downloader
D/DataSource_M3U8(  739): [M3U8]~ContentSource_M3U8 done.
D/MstarPlayer(  739): setInstance: 0x0
D/MstarPlayer(  739): ==========MstarPlayer::reset : 0x2cc2418==========
D/MstarPlayer(  739): MstarPlayer::clearAllSource
D/MstarPlayer(  739): setInstance: 0x0
D/MstarPlayer(  739): reset done
E/VideoPlayer( 9256): onPlayStop
D/dalvikvm( 9256): GC_EXPLICIT freed 1819K, 20% free 30525K/38019K, paused 2ms+7ms
E/StrictMode( 9256): class com.coship.dvbplayer.videoplayer.VideoPlayer; instances=3; limit=1
E/StrictMode( 9256): android.os.StrictMode$InstanceCountViolation: class com.coship.dvbplayer.videoplayer.VideoPlayer; instances=3; limit=1
E/StrictMode( 9256):    at android.os.StrictMode.setClassInstanceLimit(StrictMode.java:1)
D/MstarPlayer(  739): ==========MstarPlayer::reset : 0x2cc2418==========
D/MstarPlayer(  739): MstarPlayer::clearAllSource
D/MstarPlayer(  739): setInstance: 0x0
D/MstarPlayer(  739): reset done
D/MstarPlayer(  739): 
D/MstarPlayer(  739): =======Destroy mstar player  : 0x2cc2418========
I/DVB_main( 9256): onPause
I/DVB_main( 9256): exit, Send broadcast playtype is 0
I/dvb_OTTPlayer( 9256): [stop] stop
I/dvb_LoadTips( 9256): [gethandler] objInstance:com.coship.dvbplayer.LoadTips@41783908
I/dvb_LoadTips( 9256): [gethandler] objInstance  mHandler:Handler (com.coship.dvbplayer.LoadTips$1) {4301e2c8}
I/dvb_LoadTips( 9256): [gethandler] objInstance:com.coship.dvbplayer.LoadTips@41783908
I/dvb_LoadTips( 9256): [gethandler] objInstance  mHandler:Handler (com.coship.dvbplayer.LoadTips$1) {4301e2c8}
D/OtOService( 2263): TVContentReceiver: ACTION_TV_CONTENT_CHANGED, playType: 0 ,resourceCode: null
D/ServerAdapter( 2263): Server addr: http://wasu.feifeikan.com:8080/
E/ServerHandler( 2263): Send:com.aidufei.protocol.oto.OtOContentRequest@41afec28
D/ServerHandler( 2263): ServerHandler send request:200:{"Status":{"ReturnCode":100,"Description":"TVContentChanged"},"ServerAddr":"http:\/\/wasu.feifeikan.com:8080\/","Volume":-1}
V/ServerHandler( 2263): ServerHandler send DatagramPacket:/192.168.1.8-[B@415d0f30
I/VideoPlayer( 9256): playSource:0
D/VideoPlayer( 9256): start get TV Play URL.
E/VideoPlayer( 9256): subId:---resourceCode:10032
I/VideoPlayer( 9256): [getTVPlayURL]  ShiftTime:1363883160
I/VideoPlayer( 9256): [getTVPlayURL]  timeCode:0
I/VideoPlayer( 9256): [getTVPlayURL]  Shiftend:1363885140
I/message ( 9256): requestUrl  :http://wasu.feifeikan.com:8080/msis/getPlayURL?version=V001&terminalType=2&resolution=1280*720&resourceCode=10032&productCode=&userCode=&playType=3&delay=0&shifttime=1363883160&shiftend=1363885140&timecode=0&authKey=bdc02a4db7d8cda415d9d46cf1ef0ab7
I/dvb_LoadTips( 9256): [mHandler] ~~~~~~~~~~~~~~~~~~~~~~~~~mHandler:Handler (com.coship.dvbplayer.LoadTips$1) {4301e2c8} msg.what:5 msg.obj:null
V/TabletStatusBar( 1222): setLightsOn(true)
E/MediaControler( 9256): surfaceChanged
I/ActivityManager( 1114): Displayed com.coship.dvbplayer/.videoplayer.VideoPlayer: +322ms
E/dvb_OTTPlayer( 9256): [surfaceDestroyed]  holder:android.view.SurfaceView$4@43192658
I/message ( 9256): message  :{"ret":"0","palyURL":"http://live.feifeikan.com/vod/coship,CCTV1HD.m3u8?fmt=x264_0k_mpegts&sora=1&shifttime=1363883160&shiftend=1363885140&sk=8B0031F3C17608F7C48CD3192F67C6FD&UUID=331c228e-684a-416e-bd9a-a2af9b3c6949&userCode=default&userName=default&spCode=484581254562&productCode=3&resourceCode=10032&subId=123&resourceName=&authType=2","retInfo":""}
I/System.out( 9256): message--->{"ret":"0","palyURL":"http://live.feifeikan.com/vod/coship,CCTV1HD.m3u8?fmt=x264_0k_mpegts&sora=1&shifttime=1363883160&shiftend=1363885140&sk=8B0031F3C17608F7C48CD3192F67C6FD&UUID=331c228e-684a-416e-bd9a-a2af9b3c6949&userCode=default&userName=default&spCode=484581254562&productCode=3&resourceCode=10032&subId=123&resourceName=&authType=2","retInfo":""}
E/VideoPlayer( 9256): getTVPlayURL result:
D/VideoPlayer( 9256): play url:http://live.feifeikan.com/vod/coship,CCTV1HD.m3u8?fmt=x264_0k_mpegts&sora=1&shifttime=1363883160&shiftend=1363885140&sk=8B0031F3C17608F7C48CD3192F67C6FD&UUID=331c228e-684a-416e-bd9a-a2af9b3c6949&userCode=default&userName=default&spCode=484581254562&productCode=3&resourceCode=10032&subId=123&resourceName=&authType=2
I/VideoPlayer( 9256): [onPlayInit] the first play
E/MediaPlayer( 9256): stop called in state 1
E/MediaPlayer( 9256): error (-38, 0)
I/MediaControler( 9256): [paly]  path:http://live.feifeikan.com/vod/coship,CCTV1HD.m3u8?fmt=x264_0k_mpegts&sora=1&shifttime=1363883160&shiftend=1363885140&sk=8B0031F3C17608F7C48CD3192F67C6FD&UUID=331c228e-684a-416e-bd9a-a2af9b3c6949&userCode=default&userName=default&spCode=484581254562&productCode=3&resourceCode=10032&subId=123&resourceName=&authType=2
D/MediaPlayerService(  739):  Create MstarPlayer
D/MstarPlayer(  739): Create MstarPlayer:0x2cc2418,Version:Release Mstar player lib Version:0015,Base CL:690305  Date:2012/11/06
D/MstarPlayer(  739): TV Local Time :  Fri Mar 22 16:03:08 2013
D/MstarPlayer(  739):  
D/MstarPlayer(  739): setInstance: 0x2cc2418
D/MstarPlayer(  739): mstar player set listener
D/MstarPlayer(  739): MstarPlayer::initCheck
D/MediaPlayerService(  739): [107] setVideoSurfaceTexture(0x34218)
D/MstarPlayer(  739): MstarPlayer::setVideoSurfaceTexture 
D/MstarPlayer(  739): open mHwcFifoFD = 32
D/MstarPlayer(  739): MstarPlayer::prepareAsync
D/MstarPlayer(  739): 
D/MstarPlayer(  739):  MstarPlayer::doSetDataSource
D/MstarPlayer(  739): MstarPlayer::clearAllSource
D/MstarPlayer(  739): 
D/MstarPlayer(  739):  MstarPlayer::doSetDataSource: url=http://live.feifeikan.com/vod/coship,CCTV1HD.m3u8?fmt=x264_0k_mpegts&sora=1&shifttime=1363883160&shiftend=1363885140&sk=8B0031F3C17608F7C48CD3192F67C6FD&UUID=331c228e-684a-416e-bd9a-a2af9b3c6949&userCode=default&userName=default&spCode=484581254562&productCode=3&resourceCode=10032&subId=123&resourceName=&authType=2
D/Downloader(  739): Release Mstar Content Source CL:493363  Date:2013/03/20
D/Downloader(  739): Curl Version:libcurl/7.21.7 OpenSSL/1.0.0e
D/Downloader(  739): [downloadThread]init a multi curl done.curlm:0x251f0 pRingBuffer:0x2b101e0
D/DataSource_M3U8(  739): [M3U8]ContentSource_M3U8 contruct done
D/DataSource_M3U8(  739): [M3U8] try parseURLs=http://live.feifeikan.com/vod/coship,CCTV1HD.m3u8?fmt=x264_0k_mpegts&sora=1&shifttime=1363883160&shiftend=1363885140&sk=8B0031F3C17608F7C48CD3192F67C6FD&UUID=331c228e-684a-416e-bd9a-a2af9b3c6949&userCode=default&userName=default&spCode=484581254562&productCode=3&resourceCode=10032&subId=123&resourceName=&authType=2
D/DataSource_M3U8(  739): bg thread ready to run
D/DataSource_M3U8(  739): bg thread 248120
D/DataSource_M3U8(  739): bg thread ready to run
D/Downloader(  739): [downloadThread]Downloader::removeTask  
D/Downloader(  739): Content-Length: 360
D/Downloader(  739): 
D/Downloader(  739): Content-Type: text/plain; charset=UTF-8
D/Downloader(  739): 
D/Downloader(  739): Downloadserver bandWidth:6457
D/Downloader(  739): Downloadserver bandWidth:6442
D/Downloader(  739): Downloadserver bandWidth:6442
D/Downloader(  739): Downloadserver bandWidth:6442
D/DataSource_M3U8(  739): parseURLs : waiting 450 ms 
D/DataSource_M3U8(  739):  mDownloadingTask.fileSize:360 
D/DataSource_M3U8(  739): [M3U8] file: NULL line 
D/DataSource_M3U8(  739): HLS=====>> Live Stream!!!!
D/DataSource_M3U8(  739):  bMultAlterBandwidthStream = 1  urlNum=1 
D/Downloader(  739): [downloadThread]background worker recv DOWNLOADER_COMMAND_REMOVE_TASK
D/Downloader(  739): [downloadThread]Downloader::removeTask  
D/Downloader(  739): [downloadThread]DOWNLOADER_COMMAND_REMOVE_TASK done
D/DataSource_M3U8(  739): [M3U8] try parseURLs=http://live.feifeikan.com/vod/coship_CCTV1HD_800.m3u8?fmt=x264_0k_mpegts&sora=1&shifttime=1363883160&shiftend=1363885140&sk=8B0031F3C17608F7C48CD3192F67C6FD&UUID=331c228e-684a-416e-bd9a-a2af9b3c6949&userCode=default&userName=default&spCode=484581254562&productCode=3&resourceCode=10032&subId=123&resourceName=&authType=2&unique=43c74f7a
D/Downloader(  739): [downloadThread]Downloader::removeTask  
D/Downloader(  739): Content-Type: text/plain; charset=UTF-8
D/Downloader(  739): 
D/Downloader(  739): Content-Length: 14456
D/Downloader(  739): 
D/Downloader(  739): Downloadserver bandWidth:312562
D/Downloader(  739): Downloadserver bandWidth:312562
D/Downloader(  739): Downloadserver bandWidth:312562
D/Downloader(  739): Downloadserver bandWidth:311719
D/DataSource_M3U8(  739): parseURLs : waiting 370 ms 
D/DataSource_M3U8(  739):  mDownloadingTask.fileSize:14456 
D/DataSource_M3U8(  739): [M3U8]clear mFragements[0]
D/DataSource_M3U8(  739): bSupportAutoChangeServer = 1 
D/DataSource_M3U8(  739): u32HLSSreamNum[0]===>u32BandWidth:800 
D/DataSource_M3U8(  739): getHLSPlayListInex  DownloadBandWidth:311719   uInDex=0
D/Downloader(  739): [downloadThread]background worker recv DOWNLOADER_COMMAND_REMOVE_TASK
D/Downloader(  739): [downloadThread]Downloader::removeTask  
D/Downloader(  739): [downloadThread]DOWNLOADER_COMMAND_REMOVE_TASK done
D/DataSource_M3U8(  739): [M3U8]----->post cmd for start first url:http://live.feifeikan.com/vod/hls/coship_CCTV1HD_800.tindex?pos=0000&stime=20130322T002600&dur=16&tokenekot=KliC6j5TrIaqV+axMz50, knowedFileSize:0
D/MstarPlayer(  739): MstarPlayer::doPrepare
D/Downloader(  739): [downloadThread]Downloader::removeTask  
D/ContentSource(  739): sniffMP3
D/ContentSource(  739): sniffAAC
D/ContentSource(  739): sniffWMA
D/ContentSource(  739): sniffOGG
D/ContentSource(  739): sniffWAV
D/ContentSource(  739): sniffPCM
D/ContentSource(  739): sniffMP4
D/ContentSource(  739): sniffASF
D/ContentSource(  739): sniffFLV
D/ContentSource(  739): sniffMKV
D/ContentSource(  739): sniffAVI
D/ContentSource(  739): sniffMOV
D/ContentSource(  739): sniffTS
D/ContentSource(  739): sniffMPEG
D/ContentSource(  739): sniffRM
D/ContentSource(  739): sniffWMV
D/ContentSource(  739): sniffJpegAndMPO
D/ContentSource(  739): fast_avformat = 0
D/dhcpcd  ( 9155): sending DHCP_DISCOVER with xid 0x8499c511, next in 63.73 seconds
D/DataSource_M3U8(  739): 
D/DataSource_M3U8(  739):  seekAt : 0 
D/Downloader(  739): [downloadThread]background worker recv DOWNLOADER_COMMAND_REMOVE_TASK
D/Downloader(  739): [downloadThread]Downloader::removeTask  
D/Downloader(  739): [downloadThread]DOWNLOADER_COMMAND_REMOVE_TASK done
D/DataSource_M3U8(  739): [M3U8]------>post cmd for seek to new url:http://live.feifeikan.com/vod/hls/coship_CCTV1HD_800.tindex?pos=0000&stime=20130322T002600&dur=16&tokenekot=KliC6j5TrIaqV+axMz50, knowedFileSize:0, range:0, mCurDowningIndex:0
D/Downloader(  739): [downloadThread]Downloader::removeTask  
D/Downloader(  739): [downloadThread]task have range string:0- 
D/DataSource_M3U8(  739): 
D/DataSource_M3U8(  739):  seekAt : 0 
D/Downloader(  739): [downloadThread]background worker recv DOWNLOADER_COMMAND_REMOVE_TASK
D/Downloader(  739): [downloadThread]Downloader::removeTask  
D/Downloader(  739): [downloadThread]DOWNLOADER_COMMAND_REMOVE_TASK done
D/DataSource_M3U8(  739): [M3U8]------>post cmd for seek to new url:http://live.feifeikan.com/vod/hls/coship_CCTV1HD_800.tindex?pos=0000&stime=20130322T002600&dur=16&tokenekot=KliC6j5TrIaqV+axMz50, knowedFileSize:0, range:0, mCurDowningIndex:0
D/Downloader(  739): [downloadThread]Downloader::removeTask  
D/Downloader(  739): [downloadThread]task have range string:0- 
D/MstarPlayer(  739): create MSrv_MM_PlayerInterface
D/MstarPlayer(  739): ===> GET source FILE Size -1 
D/MstarPlayer(  739): play content is video
D/MMPlayer(  739): constructor: 0x2c54740
D/MMPlayer(  739): 
D/MMPlayer(  739): connect
D/MMPlayer(  739): 
D/MMPlayer(  739): getMMPlayerService
D/IMMPlayerService(  739): Send CONNECT
D/IMMPlayer(  739): Send INITIALIZE
I//lib/ld-linux.so.3(  743): V/MMPlayerService( 758 758): MMPlayerService::connect(callingPid 739, client 0x6fc08bb8)
I//lib/ld-linux.so.3(  743): V/MMPlayerService( 758 758): MMP[24446.945724] [irq_proc_open][373] -16
layerService::Client constructor(callingPid 739)
I//lib/ld-linux.so.3(  743): MMPlayerService::Client::MM_Initialize()
I//lib/ld-linux.so.3(  743): MSrv_MM_PhotoPlayer::Initialize().
I//lib/ld-linux.so.3(  743): mapi_cpcodec::Initialize(). eDecoderPath:2
I//lib/ld-linux.so.3(  743): MIU interval 0x60000000.
I//lib/ld-linux.so.3(  743): E_MMAP_ID_XC_MAIN_FB PA: 0x17bc1000, VA: 0x45808000, size: 0x1800000, IsMIU0: 1.
I//lib/ld-linux.so.3(  743): E_MMAP_ID_PHOTO_SHAREMEM PA: 0x167bc000, VA: 0x44403000, size: 0x400, IsMIU0: 1.
I//lib/ld-linux.so.3(  743): E_MMAP_ID_JPD_READ PA: 0x167bc400, VA: 0x44403400, size: 0x50080, IsMIU0: 1.
I//lib/ld-linux.so.3(  743): E_MMAP_ID_JPD_WRITE PA: 0x1680c480, VA: 0x44453480, size: 0x3fc000, IsMIU0: 1.
I//lib/ld-linux.so.3(  743): E_MMAP_ID_PHOTO_DISPLAY PA: 0x163c0000, VA: 0x44007000, size: 0x3fc000, IsMIU0: 1.
I//lib/ld-linux.so.3(  743): E_MMAP_ID_PHOTO_INTER PA: 0x16c08480, VA: 0x4484f480, size: 0x630000, IsMIU0: 1.
I//lib/ld-linux.so.3(  743): E_MMAP_ID_PHOTO_MPO_INTER PA: 0x17238480, VA: 0x44e7f480, size: 0x3fc000, IsMIU0: 1.
I//lib/ld-linux.so.3(  743): E_MMAP_ID_VDPLAYER_DATA PA: 0x163c0000, VA: 0x44007000, size: 0x1000, IsMIU0: 1.
I//lib/ld-linux.so.3(  743): E_MMAP_ID_VDPLAYER_BITSTREAM PA: 0x16d40000, VA: 0x44987000, size: 0x400000, IsMIU0: 1.
I//lib/ld-linux.so.3(  743): E_MMAP_ID_VDPLAYER_BITSTREAM_EXT PA: 0x16940000, VA: 0x44587000, size: 0x400000, IsMIU0: 1.
I//lib/ld-linux.so.3(  743): E_MMAP_ID_SUBTITLE PA: 0x16740000, VA: 0x44387000, size: 0x1e0000, IsMIU0: 1.
I//lib/ld-linux.so.3(  743): E_MMAP_ID_MAD_DEC PA: 0x15c40000, VA: 0x43887000, size: 0x280000, IsMIU0: 1.
I//lib/ld-linux.so.3(  743): E_MMAP_ID_VDEC_CPU PA: 0x1b800000, VA: 0x49447000, size: 0x200000, IsMIU0: 1.
I//lib/ld-linux.so.3(  743): E_MMAP_ID_VDEC_FRAMEBUFFER PA: 0x1ba00000, VA: 0x49647000, size: 0x1b00000, IsMIU0: 1.
I//lib/ld-linux.so.3(  743): E_MMAP_ID_VDEC_FRAMEBUFFERSD PA: 0x1ba00000, VA: 0x49647000, size: 0x1b00000, IsMIU0: 1.
I//lib/ld-linux.so.3(  743): E_MMAP_ID_VDEC_BITSTREAM PA: 0x1d500000, VA: 0x4b147000, size: 0x800000, IsMIU0: 1.
I//lib/ld-linux.so.3(  743): E_MMAP_ID_VDEC_MVC_FRAMEBUFFER PA: 0x1ba00000, VA: 0x49647000, size: 0x2b00000, IsMIU0: 1.
I//lib/ld-linux.so.3(  743): E_MMAP_ID_VDEC_MVC_BITSTREAM PA: 0x1e500000, VA: 0x4c147000, size: 0x1600000, IsMIU0: 1.
I//lib/ld-linux.so.3(  743): E_MMAP_ID_DMX_SECBUF PA: 0xd0000, VA: 0x41217000, size: 0x70000, IsMIU0: 1.
I//lib/ld-linux.so.3(  743): Thread name: mapi_cpcodec.
I//lib/ld-linux.so.3(  743): ???????? Important,The MMAP ID(110) does not existed!, please check it...
I//lib/ld-linux.so.3(  743): ???????? Please update the right system configure...
I//lib/ld-linux.so.3(  743): ???????? Important,The MMAP ID(111) does not existed!, please check it...
I//lib/ld-linux.so.3(  743): ???????? Please update the right system configure...
I//lib/ld-linux.so.3(  743): Panel width: 1280, heigt: 720.
I//lib/ld-linux.so.3(  743): MPO SBS width: 1792, heigt: 504.
I//lib/ld-linux.so.3(  743): Output Buffer start: 0x44453480, BUS address start: 0x5680c480, size: 0x3fc000.
I//lib/ld-linux.so.3(  743): Display Buffer start: 0x44007000, BUS address start: 0x563c0000, size: 0x3fc000.
I//lib/ld-linux.so.3(  743): Internal Buffer start: 0x4484f480, BUS address start: 0x56c08480, size: 0x630000.
I//lib/ld-linux.so.3(  743): MPO Internal Buffer start: 0x44e7f480, BUS address start: 0x57238480, size: 0x3fc000.
I//lib/ld-linux.so.3(  743): MSrv_MM_PhotoPlayer::Initialize() Done.
I//lib/ld-linux.so.3(  743): >>> MSrv_MM_VideoPlayer  Initialize 
I//lib/ld-linux.so.3(  743): mapi_cpcodec::Initialize(). eDecoderPath:2
I//lib/ld-linux.so.3(  743): ******Amplifier_TI5707_SWMute(0)
I//lib/ld-linux.so.3(  743): 5707write fail = 7
I//lib/ld-linux.so.3(  743): 5707write fail = 7
I//lib/ld-linux.so.3(  743): 5707write fail = 7
I//lib/ld-linux.so.3(  743): 5707write fail = 7
I//lib/ld-linux.so.3(  743): 5707write fail = 6
D/IMMPlayer(  739): Get ret:0
D/IMMPlayer(  739): Send PLAYER_COMMAND_ADD_EVENT_RECIPIENT_FPTR
D/IMMPlayer(  739): Get ret:1
D/IMMPlayer(  739): Send MM_SetPlayerTimeOutValue
D/IMMPlayer(  739): pTimeOutInfo->u32FileIOTimeOut:4294967295
D/IMMPlayer(  739): pTimeOutInfo->u32FileReadTimeOut:4294967295
D/IMMPlayer(  739): pTimeOutInfo->u32FileSeekTimeOut:4294967295
D/IMMPlayer(  739): pTimeOutInfo->u32DecodeCtrlTimeOut:4294967295
D/IMMPlayer(  739): pTimeOutInfo->u32ESBuffCtrlTimeOut:-1
D/IMMPlayer(  739): Get ret:0
D/IMMPlayer(  739): Send MM_SetStreamTotalTime
D/IMMPlayer(  739): u32TotalTime:1978999
D/IMMPlayer(  739): Get ret:0
D/IMMPlayer(  739): Send MM_CreateMediaItem
D/IMMPlayer(  739): stMedia.u32FileID:152048
D/IMMPlayer(  739): stMedia.u32FileSecondID:0
D/IMMPlayer(  739): stMedia.u32FileThirdID:0
D/IMMPlayer(  739): stMedia.u32FileFourthID:0
D/IMMPlayer(  739): stMedia.u64FileLength:18446744073709551615
D/IMMPlayer(  739): stMedia.eMediaType:2
D/IMMPlayer(  739): stMedia.eMediaFileType:2
D/IMMPlayer(  739): stMedia.eMediaCreateMode:0
D/IMMPlayer(  739): stMedia.u32CtlFlag:66
I//lib/ld-linux.so.3(  743): Panel width: 01280, heigt: 720.
I//lib/ld-linux.so.3(  743): Thread name: MM_Audio.
I//lib/ld-linux.so.3(  743): Thread name: MM_Audio.
D/IMMPlayer(  739): Get ret:0
D/MstarPlayer(  739): media item 0x1
D/MstarPlayer(  739): MstarPlayer::doPrepare done
I//lib/ld-linux.so.3(  743): Video Item Info, file ID: 0x251f0, file length: 0xffffffff 0xffffffff.
I//lib/ld-linux.so.3(  743): Output Resolution: DISPLAY_DACOUT_576P or DISPLAY_DACOUT_720P_50 or DISPLAY_DACOUT_1080P_50.
I//lib/ld-linux.so.3(  743): >>>GetDRMSetting From EEPROM
I//lib/ld-linux.so.3(  743): mapi_cpcodec::CreateMedia(): 24446926.
I//lib/ld-linux.so.3(  743): 1 File ID: 0x251f0, 2 File ID: 0x0, 3 File ID: 0x0, 4 File ID: 0x0.
I//lib/ld-linux.so.3(  743): File size: 0xffffffff ffffffff.
I//lib/ld-linux.so.3(  743): Media Type: 0, File Type: 2, Create Mode: 0.
I//lib/ld-linux.so.3(  743): mapi_cpcodec::videoCreateMedia().
I//lib/ld-linux.so.3(  743): Reconfigure Buffer.
I//lib/ld-linux.so.3(  743): E_MMAP_ID_VDEC_FRAMEBUFFER PA: 0x1ba00000, VA: 0x49647000, size: 0x1b00000, IsMIU0: 1.
I//lib/ld-linux.so.3(  743): E_MMAP_ID_VDEC_FRAMEBUFFERSD PA: 0x1ba00000, VA: 0x49647000, size: 0x1b00000, IsMIU0: 1.
I//lib/ld-linux.so.3(  743): E_MMAP_ID_VDEC_BITSTREAM PA: 0x1d500000, VA: 0x4b147000, size: 0x800000, IsMIU0: 1.
I//lib/ld-linux.so.3(  743): E_MMAP_ID_VDEC_MVC_FRAMEBUFFER PA: 0x1ba00000, VA: 0x49647000, size: 0x2b00000, IsMIU0: 1.
I//lib/ld-linux.so.3(  743): E_MMAP_ID_VDEC_MVC_BITSTREAM PA: 0x1e500000, VA: 0x4c147000, size: 0x1600000, IsMIU0: 1.
I//lib/ld-linux.so.3(  743): Copy TSP FW bin 6fc0df00 -> 41217000; 4400
I//lib/ld-linux.so.3(  743): drop error frame.
I//lib/ld-linux.so.3(  743): default unseekable Stream mode config: Set preload size 0x4000
I//lib/ld-linux.so.3(  743): Stream mode. Set read header require size: MIN_REQUIRE_SIZE
I//lib/ld-linux.so.3(  743): Stream mode. for ts,Set read header probe option: (E_VDP_READ_HEADER_PROBE_AUDIO_DISABLE | E_VDP_READ_HEADER_PROBE_DURATION_DISABLE)
I//lib/ld-linux.so.3(  743): TS total time is 1978999
I//lib/ld-linux.so.3(  743): >>>>  DRM start  DRM MODEL ID  0x3031
I//lib/ld-linux.so.3(  743): LoadDRMMemory();
I//lib/ld-linux.so.3(  743): Display Msg: 29.
I//lib/ld-linux.so.3(  743):  set Frame buffer info  MAX_FRAMENUM 4   MAX_FIELDNUM  16
I//lib/ld-linux.so.3(  743): Enable TS Subtitle codec state  1
I//lib/ld-linux.so.3(  743): [CI][HbbTV-VOD]<INFO>:[1363939390.959633] MM init start
I//lib/ld-linux.so.3(  743): videoCreateMedia Done.
I//lib/ld-linux.so.3(  743): Create CP Ccodec Video Media Done.
I//lib/ld-linux.so.3(  743): Device or resource busy
I//lib/ld-linux.so.3(  743): Cannot open interrupt descriptor for irq=147 Auth OK
I//lib/ld-linux.so.3(  743): Check S/W IP Statue
I//lib/ld-linux.so.3(  743): [0]:OFF; [1]:OFF; [2]:OFF; [3]:ON
I//lib/ld-linux.so.3(  743): [4]:OFF; [5]:OFF; [6]:OFF; [7]:OFF
I//lib/ld-linux.so.3(  743): [8]:OFF; [9]:OFF; [10]:OFF; [11]:ON
I//lib/ld-linux.so.3(  743): [12]:ON; [13]:OFF; [14]:OFF; [15]:OFF
I//lib/ld-linux.so.3(  743): [16]:OFF; [17]:OFF; [18]:OFF; [19]:ON
I//lib/ld-linux.so.3(  743): [20]:ON; [21]:ON; [22]:ON; [23]:ON
I//lib/ld-linux.so.3(  743): [24]:OFF; [25]:OFF; [26]:OFF; [27]:ON
I//lib/ld-linux.so.3(  743): [28]:ON; [29]:ON; [30]:ON; [31]:OFF
I//lib/ld-linux.so.3(  743): [32]:OFF; [33]:ON; [34]:ON; [35]:OFF
I//lib/ld-linux.so.3(  743): [36]:OFF; [37]:OFF; [38]:OFF; [39]:ON
I//lib/ld-linux.so.3(  743): [40]:ON; [41]:OFF; [42]:OFF; [43]:OFF
I//lib/ld-linux.so.3(  743): [44]:OFF; [45]:OFF; [46]:OFF; [47]:OFF
I//lib/ld-linux.so.3(  743): [48]:OFF; [49]:OFF; [50]:OFF; [51]:OFF
I//lib/ld-linux.so.3(  743): [52]:OFF; [53]:OFF; [54]:OFF; [55]:OFF
I//lib/ld-linux.so.3(  743): [56]:OFF; [57]:OFF; [58]:OFF; [59]:OFF
I//lib/ld-linux.so.3(  743): [60]:OFF; [61]:OFF; [62]:OFF; [63]:OFF
I//lib/ld-linux.so.3(  743): Subtitle File Open Fail !!
I//lib/ld-linux.so.3(  743): Attached File Open Fail !!
I//lib/ld-linux.so.3(  743): Audio File Fail!!
D/MediaPlayerService(  739): [107] notify (0x2d51c40, 3, 1, 0)
I//lib/ld-linux.so.3(  743): Blocking Read: 1101, size: 0x1000.
I//lib/ld-linux.so.3(  743): Blocking Read: 400, size: 0x8000.
I//lib/ld-linux.so.3(  743): File format : TS
E/ServerHandler( 2263): receiveRequest
V/OtORequest( 2263): parseCommand
V/OtORequest( 2263): get command=103
V/OtORequest( 2263): parse OtORequest: cmd=103 paramLength=0 bufferlen=8
D/OtOService( 2263): client request get status.playType:0
D/OtOService( 2263): 2222
E/ServerAdapter( 2263): ServerAdapter:0
E/ServerHandler( 2263): Send:com.aidufei.protocol.oto.OtOStatusRequest@41af4290
D/ServerHandler( 2263): ServerHandler send request:103:{"Status":{"ReturnCode":101,"Description":"status sync failed"},"PlayStatus":0,"Volume":0}
V/ServerHandler( 2263): ServerHandler send DatagramPacket:/192.168.1.104-[B@4186f550
E/dhcpcd  ( 9155): timed out
D/dhcpcd  ( 9155): executing `/system/etc/dhcpcd/dhcpcd-run-hooks', reason FAIL
D/dhcpcd  ( 9155): broadcasting for a lease
D/dhcpcd  ( 9155): sending DHCP_DISCOVER with xid 0x51045f73, next in 4.90 seconds
I//lib/ld-linux.so.3(  743): Blocking Read: 2002, size: 0x20000.
I//lib/ld-linux.so.3(  743): Bitrate = 262144 Byte/s, Duration = 1978999 ms
I//lib/ld-linux.so.3(  743): PackSize = 28200 Byte.
I//lib/ld-linux.so.3(  743): ==============================================================================================
I//lib/ld-linux.so.3(  743): Data:MIU0; Bits:MIU0; MAD:MIU0; MVD:MIU0; SVD:MIU0; FB:MIU0; TSP:MIU0; FBL:No
I//lib/ld-linux.so.3(  743): Bit Buffer:0x44987000      Size:0x400000
I//lib/ld-linux.so.3(  743): Subtitle Bit Buffer:0x44387000     Size:0x1b0000
I//lib/ld-linux.so.3(  743): MAD Buffer:0x43887000
I//lib/ld-linux.so.3(  743): MADExt Buffer:0x44587000   Size:0x400000
I//lib/ld-linux.so.3(  743): VDEC FW Buffer:0x49447000  Size:0x200000
I//lib/ld-linux.so.3(  743): Frame Buffer:0x49647000    Size:0x1b00000
I//lib/ld-linux.so.3(  743): MVD Buffer:0x4b147000      Size:0x800000
I//lib/ld-linux.so.3(  743): TSP FW Buffer:0x41217000   Size:0x70000
I//lib/ld-linux.so.3(  743): Data Buffer:0x163d1000     Size:0x36f000
I//lib/ld-linux.so.3(  743): Attached File Buffer Size:0xffffffff
I//lib/ld-linux.so.3(  743): -> Demuxer:0x164f8000      Size:0x248000
I//lib/ld-linux.so.3(  743): -> SeqHeader:0x44018000    Size:0x1000
I//lib/ld-linux.so.3(  743): -> MOV Table:0x49647000    Size:0x1b00000
I//lib/ld-linux.so.3(  743): -> MOV Static:0x44019000   Size:0x100000
I//lib/ld-linux.so.3(  743): -> DRM Payload:0x44119000  Size:0x4000
I//lib/ld-linux.so.3(  743): -> DRM Playback Context:0x4411d000 Size:0x1000
I//lib/ld-linux.so.3(  743): -> MADExtend:0x4411f000    Size:0x20000
I//lib/ld-linux.so.3(  743): -> NonCache Area:0x4411e000        Size:0x1000
I//lib/ld-linux.so.3(  743): -> Reserved Size:0x0
I//lib/ld-linux.so.3(  743): ==============================================================================================
I//lib/ld-linux.so.3(  743): Initialize TS HW
I//lib/ld-linux.so.3(  743): HAL_VPU_EX_SetDbgLevel eLevel=0x1
I//lib/ld-linux.so.3(  743): Load AAC Audio Codec.
I//lib/ld-linux.so.3(  743): ========AAC Audio Codec========
I//lib/ld-linux.so.3(  743): ===== Check Audio Decoder Protection from hash-key IP =====
I//lib/ld-linux.so.3(  743): Hash-key Support DD.
I//lib/ld-linux.so.3(  743): Hash-key Support DD+.
I//lib/ld-linux.so.3(  743): Hash-key Support Generic HE-AAC !!
I//lib/ld-linux.so.3(  743): Hash-key Support WMA.
I//lib/ld-linux.so.3(  743): Hash-key Support DRA.
I//lib/ld-linux.so.3(  743): ===== Check Protection IP End                         =====
I//lib/ld-linux.so.3(  743): ******Amplifier_TI5707_SWMute(0)
I//lib/ld-linux.so.3(  743): 5707write fail = 7
I//lib/ld-linux.so.3(  743): 5707write fail = 7
E/ServerHandler( 2263): receiveRequest
V/OtORequest( 2263): parseCommand
V/OtORequest( 2263): get command=103
V/OtORequest( 2263): parse OtORequest: cmd=103 paramLength=0 bufferlen=8
D/OtOService( 2263): client request get status.playType:0
D/OtOService( 2263): 2222
E/ServerAdapter( 2263): ServerAdapter:0
E/ServerHandler( 2263): Send:com.aidufei.protocol.oto.OtOStatusRequest@422998d0
D/ServerHandler( 2263): ServerHandler send request:103:{"Status":{"ReturnCode":101,"Description":"status sync failed"},"PlayStatus":0,"Volume":0}
V/ServerHandler( 2263): ServerHandler send DatagramPacket:/192.168.1.104-[B@416dd298
I//lib/ld-linux.so.3(  743): 5707write fail = 7
I//lib/ld-linux.so.3(  743): 5707write fail = 7
I//lib/ld-linux.so.3(  743): 5707write fail = 6
I//lib/ld-linux.so.3(  743): DS enable = 0
I//lib/ld-linux.so.3(  743): Blocking Read: 0, size: 0x4000.
I//lib/ld-linux.so.3(  743): To ask Dynscaling Size from vdec  0xc00
I//lib/ld-linux.so.3(  743): jim:xxxxxxxxxxxxxxxxxxxxxxxxxxxxxxxxxxxxxxxxxxxxxxx
I//lib/ld-linux.so.3(  743):  Size(960x544), Disp(960x544), Par(1x1), FrameRate:25000, Interlace:0
I//lib/ld-linux.so.3(  743): 1st sequence header Decode Ready!! **
D/MstarPlayer(  739): Get E_EVENT_INIT_OK event.
D/DataSource_M3U8(  739): 
D/DataSource_M3U8(  739):  notify : 0 
D/IMMPlayer(  739): Send MM_EnableSubtitleShow
D/IMMPlayer(  739): u32Item:1
D/IMMPlayer(  739): bEnable:1
D/IMMPlayer(  739): Get ret:1
D/MstarPlayer(  739): <<<<<set init done flag
I//lib/ld-linux.so.3(  743): [CI][HbbTV-VOD]<INFO>:[1363939395.207104] MM init done
I//lib/ld-linux.so.3(  743): E_CPCODEC_MSG_INIT_OK: 24451175.
D/MstarPlayer(  739): <<<<<<<<<Init done
D/IMMPlayer(  739): Send MM_GetMetaData
D/IMMPlayer(  739): u32Item:1
D/IMMPlayer(  739): eMetadata:11
D/IMMPlayer(  739): u32BuffSize:4
D/IMMPlayer(  739): Get ret:0
D/IMMPlayer(  739): Send MM_GetMetaData
D/IMMPlayer(  739): u32Item:1
D/IMMPlayer(  739): eMetadata:12
D/IMMPlayer(  739): u32BuffSize:4
D/IMMPlayer(  739): Get ret:0
D/MediaPlayerService(  739): [107] notify (0x2d51c40, 5, 960, 540)
D/MstarPlayer(  739): MstarPlayer::initRender
V/MediaControler( 9256): onVideoSizeChanged called
D/MstarPlayer(  739): MstarPlayer::initRender Done.
D/MstarPlayer(  739): prepare done....video size 960,540
D/MediaPlayerService(  739): [107] notify (0x2d51c40, 1, 0, 0)
D/MediaControler( 9256): onPrepared ok
D/MediaControler( 9256): width:960
D/MediaControler( 9256): height:540
D/MediaControler( 9256): start play
D/MstarPlayer(  739): MstarPlayer::setLooping=0
D/MstarPlayer(  739): playerType
D/MstarPlayer(  739): MstarPlayer::setLooping=0
D/IMMPlayer(  739): Send MM_Play
D/IMMPlayer(  739): u32Item:1
D/IMMPlayer(  739): Get ret:0
E/VideoPlayer( 9256): onPlayStart
I/MediaControler( 9256): [getDuration] shifttime:1363883160  shifend:1363885140
I/MediaControler( 9256): [getDuration] time:1980000
E/VideoPlayer( 9256): [onPlayStart] timeCode:0 mediaControler.getCurrentPos():0 duration:1980000
I//lib/ld-linux.so.3(  743): mapi_cpcodec::Play(): 24451195.
I//lib/ld-linux.so.3(  743): [CI][HbbTV-VOD]<INFO>:[1363939395.227637] MM play start
D/VideoPlayer( 9256): start load recommend resources.
I//lib/ld-linux.so.3(  743): MApp_VDPlayer_Play
I//lib/ld-linux.so.3(  743): [CI][HbbTV-VOD]<INFO>:[1363939395.236149] MM setup display start
I//lib/ld-linux.so.3(  743): Display Msg: 33.
I//lib/ld-linux.so.3(  743): Screen Setting: 1.
I//lib/ld-linux.so.3(  743): Set Black Screen ON.
I//lib/ld-linux.so.3(  743): Video set up display.
I//lib/ld-linux.so.3(  743): Scaler frame buffer mode.
I//lib/ld-linux.so.3(  743): stDisplayInfo.u32OutputRate: 0.
I//lib/ld-linux.so.3(  743): Display Msg: 28.
I//lib/ld-linux.so.3(  743): Video Width: 960, Height: 544, FrameRate: 25000, Interlace: 0.
I//lib/ld-linux.so.3(  743): crop: left=0, right=0, top=0, bottom=4
I//lib/ld-linux.so.3(  743): Video Type: 2.
I//lib/ld-linux.so.3(  743): Video PAR Width: 960, Height: 544.
I//lib/ld-linux.so.3(  743): Video Aspect Ratio: 30x17.
I//lib/ld-linux.so.3(  743): 1. Display Rect: x: 0, y: 0, width: 1280, height: 720.
I//lib/ld-linux.so.3(  743): 2. Display Rect: x: 4, y: 0, width: 1270, height: 720.
I//lib/ld-linux.so.3(  743): CropRect u16X=0, u16Y=0, u16Width=960, u16Height=540
I//lib/ld-linux.so.3(  743): DispRect u16X=4, u16Y=0, u16Width=1270, u16Height=720
I//lib/ld-linux.so.3(  743): Scaler start: 0x17bc1000, size: 0x1800000.
I//lib/ld-linux.so.3(  743): MVOP switch to MIU 0.
I//lib/ld-linux.so.3(  743): ->u16FrameRate = 25000
I//lib/ld-linux.so.3(  743): ->u8Interlace = 0
I//lib/ld-linux.so.3(  743): ->u16HorSize = 960
I//lib/ld-linux.so.3(  743): ->u16VerSize = 544
I//lib/ld-linux.so.3(  743): Crop Win, X: 0, Y: 0, W: 960, H: 540.
I//lib/ld-linux.so.3(  743): Diso Win, X: 4, Y: 0, W: 1270, H: 720.
I//lib/ld-linux.so.3(  743): [MApi_Video] CropWin assigned: x,y,w,h=0,0,960,540
I//lib/ld-linux.so.3(  743): [MApi_Video] DstWin assigned: x,y,w,h=4,0,1270,720
I//lib/ld-linux.so.3(  743): [MApi_Video] SrcWin1[Win=0]: x,y,w,h=152,18,960,540
I//lib/ld-linux.so.3(  743): [MApi_Video] CropWin1: x,y,w,h=0,0,960,540
I//lib/ld-linux.so.3(  743): [MApi_Video] DispWin1: x,y,w,h=4,0,1270,720
I//lib/ld-linux.so.3(  743): === open 3D OverScan ===
I//lib/ld-linux.so.3(  743): [MApi_Video] SrcWin2: x,y,w,h=152,18,960,540
I//lib/ld-linux.so.3(  743): [MApi_Video] CropWin2: x,y,w,h=0,0,960,540
I//lib/ld-linux.so.3(  743): [MApi_Video] DispWin2: x,y,w,h=4,0,1270,720
I//lib/ld-linux.so.3(  743): [MApi_Video] SrcWin3: x,y,w,h=152,18,960,540
I//lib/ld-linux.so.3(  743): [MApi_Video] CropWin3: x,y,w,h=0,0,960,540
I//lib/ld-linux.so.3(  743): [MApi_Video] DispWin3: x,y,w,h=4,0,1270,720
I//lib/ld-linux.so.3(  743): [MApi_Video] SrcWin5[Win=0]: x,y,w,h=152,18,960,540
I//lib/ld-linux.so.3(  743): [MApi_Video] CropWin5: x,y,w,h=0,0,960,540
I//lib/ld-linux.so.3(  743): [MApi_Video] DispWin5: x,y,w,h=4,0,1270,720
E/MediaControler( 9256): surfaceChanged
D/MediaPlayerService(  739): [107] setVideoSurfaceTexture(0x2b15948)
I//lib/ld-linux.so.3(  743): [MApi_Video] DLC cap Hstart=5, Hend=4fb, Vstart=5a, Vend=276
I//lib/ld-linux.so.3(  743): Read Bandwidthtable.bin
D/MstarPlayer(  739): Get E_EVENT_DECODE_FIRST_FRAME_DONE event.
I//lib/ld-linux.so.3(  743): enPQMNRType is 1
I//lib/ld-linux.so.3(  743): enPQFLType is 1
I//lib/ld-linux.so.3(  743):    [Plugins_PatchPQ]Customer Path PQ Add here
I//lib/ld-linux.so.3(  743): [CI][HbbTV-VOD]<INFO>:[1363939395.459991] MM setup display done
D/MstarPlayer(  739): Read DisplayRectangle FIFO x 0, y 0, w 1280, h 720
D/MstarPlayer(  739): setDisplayRectangle  x 0, y 0, w 1280, h 720
D/IMMPlayer(  739): Send MM_SetDisplayRectangle
D/IMMPlayer(  739): u32Item:1
D/IMMPlayer(  739): stRect u16X:0
D/IMMPlayer(  739): stRect u16Y:0
D/IMMPlayer(  739): stRect u16Height:720
D/IMMPlayer(  739): stRect u16Width:1280
I//lib/ld-linux.so.3(  743): Video PAR Width: 960, Height: 544.
I//lib/ld-linux.so.3(  743): Video Aspect Ratio: 30x17.
I//lib/ld-linux.so.3(  743): 1. Display Rect: x: 0, y: 0, width: 1280, height: 720.
I//lib/ld-linux.so.3(  743): 2. Display Rect: x: 4, y: 0, width: 1270, height: 720.
I//lib/ld-linux.so.3(  743): CropRect u16X=0, u16Y=0, u16Width=960, u16Height=540
I//lib/ld-linux.so.3(  743): DispRect u16X=4, u16Y=0, u16Width=1270, u16Height=720
I//lib/ld-linux.so.3(  743): Crop Win, X: 0, Y: 0, W: 960, H: 540.
I//lib/ld-linux.so.3(  743): Diso Win, X: 4, Y: 0, W: 1270, H: 720.
I//lib/ld-linux.so.3(  743): [MApi_Video] CropWin assigned: x,y,w,h=0,0,960,540
I//lib/ld-linux.so.3(  743): [MApi_Video] DstWin assigned: x,y,w,h=4,0,1270,720
I//lib/ld-linux.so.3(  743): [MApi_Video] SrcWin1[Win=0]: x,y,w,h=152,18,960,540
I//lib/ld-linux.so.3(  743): [MApi_Video] CropWin1: x,y,w,h=0,0,960,540
I//lib/ld-linux.so.3(  743): [MApi_Video] DispWin1: x,y,w,h=4,0,1270,720
I//lib/ld-linux.so.3(  743): === open 3D OverScan ===
I//lib/ld-linux.so.3(  743): [MApi_Video] SrcWin2: x,y,w,h=152,18,960,540
I//lib/ld-linux.so.3(  743): [MApi_Video] CropWin2: x,y,w,h=0,0,960,540
I//lib/ld-linux.so.3(  743): [MApi_Video] DispWin2: x,y,w,h=4,0,1270,720
I//lib/ld-linux.so.3(  743): [MApi_Video] SrcWin3: x,y,w,h=152,18,960,540
I//lib/ld-linux.so.3(  743): [MApi_Video] CropWin3: x,y,w,h=0,0,960,540
I//lib/ld-linux.so.3(  743): [MApi_Video] DispWin3: x,y,w,h=4,0,1270,720
I//lib/ld-linux.so.3(  743): [MApi_Video] SrcWin5[Win=0]: x,y,w,h=152,18,960,540
I//lib/ld-linux.so.3(  743): [MApi_Video] CropWin5: x,y,w,h=0,0,960,540
I//lib/ld-linux.so.3(  743): [MApi_Video] DispWin5: x,y,w,h=4,0,1270,720
I//lib/ld-linux.so.3(  743): [MApi_Video] DLC cap Hstart=5, Hend=4fb, Vstart=5a, Vend=276
D/IMMPlayer(  739): Get ret:0
D/MediaPlayerService(  739): [107] notify (0x2d51c40, 200, 701, 0)
D/MstarPlayer(  739): MstarPlayer::send MEDIA_INFO_BUFFERING_START  
D/IMMPlayer(  739): Send MM_SetTrickMode
D/IMMPlayer(  739): u32Item:1
D/IMMPlayer(  739): stTrickInfo->eMode:1
D/IMMPlayer(  739): stTrickInfo->eSpeed:1
W/MediaPlayer( 9256): info/warning (701, 0)
I/MediaPlayer.java( 9256): Info (701,0)
I//lib/ld-linux.so.3(  743): 1. Mode: 1, Speed: 1.
I//lib/ld-linux.so.3(  743): STC Updated by Video: (9283023->9216995)
D/MstarPlayer(  739): E_EVENT_PLAYING_OK
D/IMMPlayer(  739): Get ret:0
D/MediaPlayerService(  739): [107] notify (0x2d51c40, 200, 704, 0)
D/MstarPlayer(  739): percent: 0
W/MediaPlayer( 9256): info/warning (704, 0)
I/MediaPlayer.java( 9256): Info (704,0)
I//lib/ld-linux.so.3(  743): Video is in playing state.
I//lib/ld-linux.so.3(  743): SetTrickMode, Mode: 1, Speed: 1.
I//lib/ld-linux.so.3(  743): Send to Co-processor: eMode: 0, eSpeed: 0.
I//lib/ld-linux.so.3(  743): Audio Sync STC mode.(TS) 
I//lib/ld-linux.so.3(  743): FrmCnt:6(0,0,0) Rate:407437 Sys:24452457 STC:9217244 VPTS:9216995 APTS:9217243 Delay:-209(40) V:0 A:9 VES:0x37910 AES:0x4d0 PCM:0x3d80 AudioErr:0x0
I//lib/ld-linux.so.3(  743): 1st Decode & Display Ready!!
I//lib/ld-linux.so.3(  743): Display Msg: 33.
I//lib/ld-linux.so.3(  743): Screen Setting: 1.
I//lib/ld-linux.so.3(  743): 2. Set Black Screen OFF.
D/MediaPlayerService(  739): [107] notify (0x2d51c40, 200, 704, 0)
D/MstarPlayer(  739): percent: 0
W/MediaPlayer( 9256): info/warning (704, 0)
I/MediaPlayer.java( 9256): Info (704,0)
E/ServerHandler( 2263): receiveRequest
V/OtORequest( 2263): parseCommand
V/OtORequest( 2263): get command=103
V/OtORequest( 2263): parse OtORequest: cmd=103 paramLength=0 bufferlen=8
D/OtOService( 2263): client request get status.playType:0
D/OtOService( 2263): 2222
E/ServerAdapter( 2263): ServerAdapter:0
E/ServerHandler( 2263): Send:com.aidufei.protocol.oto.OtOStatusRequest@41af5570
D/ServerHandler( 2263): ServerHandler send request:103:{"Status":{"ReturnCode":101,"Description":"status sync failed"},"PlayStatus":0,"Volume":0}
V/ServerHandler( 2263): ServerHandler send DatagramPacket:/192.168.1.104-[B@418362e8
D/MediaPlayerService(  739): [107] notify (0x2d51c40, 200, 704, 0)
D/MstarPlayer(  739): percent: 0
W/MediaPlayer( 9256): info/warning (704, 0)
I/MediaPlayer.java( 9256): Info (704,0)
D/MediaPlayerService(  739): [107] notify (0x2d51c40, 200, 704, 17)
D/MstarPlayer(  739): percent: 17
W/MediaPlayer( 9256): info/warning (704, 17)
I/MediaPlayer.java( 9256): Info (704,17)
D/MediaPlayerService(  739): [107] notify (0x2d51c40, 200, 704, 24)
D/MstarPlayer(  739): percent: 24
W/MediaPlayer( 9256): info/warning (704, 24)
I/MediaPlayer.java( 9256): Info (704,24)
D/MediaPlayerService(  739): [107] notify (0x2d51c40, 200, 704, 31)
D/MstarPlayer(  739): percent: 31
W/MediaPlayer( 9256): info/warning (704, 31)
I/MediaPlayer.java( 9256): Info (704,31)
I//lib/ld-linux.so.3(  743): [CI][HbbTV-VOD]<INFO>:[1363939396.759044] MM play done
D/MediaPlayerService(  739): [107] notify (0x2d51c40, 200, 704, 31)
D/MstarPlayer(  739): percent: 31
W/MediaPlayer( 9256): info/warning (704, 31)
I/MediaPlayer.java( 9256): Info (704,31)
