E/JavaBinder( 1992):    at android.os.Handler.<init>(Handler.java:121)
E/JavaBinder( 1992):    at com.coship.dvbplayer.view.VolbarView$1.<init>(VolbarView.java:134)
E/JavaBinder( 1992):    at com.coship.dvbplayer.view.VolbarView.<init>(VolbarView.java:134)
E/JavaBinder( 1992):    at com.coship.dvbplayer.view.VolbarView.getInstance(VolbarView.java:63)
E/JavaBinder( 1992):    at com.aidufei.otoService.ServiceAdapter$2.ResultCallBack(ServiceAdapter.java:185)
E/JavaBinder( 1992):    at com.aidufei.otoService.IServiceCallBack$Stub.onTransact(IServiceCallBack.java:52)
E/JavaBinder( 1992):    at android.os.Binder.execTransact(Binder.java:338)
E/JavaBinder( 1992):    at dalvik.system.NativeStart.run(Native Method)
D/OtOService( 1775): send callback obj: com.aidufei.otoService.IServiceCallBack$Stub$Proxy@427399a0
D/OtOService( 1775): send callback: 101
I/ServiceAdapter( 1992): dvb_ResultCallBack: what:101   arg1:0
I/ServiceAdapter( 1992): +++++ShiftTime+++++0++++ShiftEnd++++0++++TimeCode++++0++++++delay+++++0
I/ServiceAdapter( 1992): dvb_ResultCallBack: get stb vol:
D/OtOService( 1775): VOB　sync :com.aidufei.otoService.PlayEvent@41eb8838
E/ServerAdapter( 1775): ServerAdapter:0
E/ServerHandler( 1775): Send:com.aidufei.protocol.oto.OtOStatusRequest@41eb8b58
D/ServerHandler( 1775): ServerHandler send request:103:{"ResourceInfo":{"ProductCode":"","PlayType":2,"ResourceCode":"","ResourceName":" "},"Status":{"ReturnCode":100,"Description":"ok"},"PlayStatus":0,"Volume":0}
V/ServerHandler( 1775): ServerHandler send DatagramPacket:/192.168.1.104-[B@41eba618
D/OtOService( 1775): send callback obj: com.aidufei.otoService.IServiceCallBack$Stub$Proxy@41595ab8
D/OtOService( 1775): send callback: 101
I/ServiceAdapter( 1992): dvb_ResultCallBack: what:101   arg1:0
I/ServiceAdapter( 1992): +++++ShiftTime+++++0++++ShiftEnd++++0++++TimeCode++++0++++++delay+++++0
I/ServiceAdapter( 1992): dvb_ResultCallBack: get stb vol:
D/OtOService( 1775): VOB　sync :com.aidufei.otoService.PlayEvent@41ebaf90
E/ServerAdapter( 1775): ServerAdapter:0
E/ServerHandler( 1775): Send:com.aidufei.protocol.oto.OtOStatusRequest@41ebb2b0
D/ServerHandler( 1775): ServerHandler send request:103:{"ResourceInfo":{"ProductCode":"","PlayType":2,"ResourceCode":"","ResourceName":" "},"Status":{"ReturnCode":100,"Description":"ok"},"PlayStatus":0,"Volume":0}
V/ServerHandler( 1775): ServerHandler send DatagramPacket:/192.168.1.104-[B@41ebcd70
D/OtOService( 1775): send callback obj: com.aidufei.otoService.IServiceCallBack$Stub$Proxy@41b671c0
D/OtOService( 1775): send callback: 101
I/ServiceAdapter( 1992): dvb_ResultCallBack: what:101   arg1:0
I/ServiceAdapter( 1992): +++++ShiftTime+++++0++++ShiftEnd++++0++++TimeCode++++0++++++delay+++++0
I/ServiceAdapter( 1992): dvb_ResultCallBack: get stb vol:
D/OtOService( 1775): VOB　sync :com.aidufei.otoService.PlayEvent@41ebd6e8
E/ServerAdapter( 1775): ServerAdapter:0
E/ServerHandler( 1775): Send:com.aidufei.protocol.oto.OtOStatusRequest@41ebda08
D/ServerHandler( 1775): ServerHandler send request:103:{"ResourceInfo":{"ProductCode":"","PlayType":2,"ResourceCode":"","ResourceName":" "},"Status":{"ReturnCode":100,"Description":"ok"},"PlayStatus":0,"Volume":0}
V/ServerHandler( 1775): ServerHandler send DatagramPacket:/192.168.1.104-[B@41ebf4c8
D/OtOService( 1775): send callback obj: com.aidufei.otoService.IServiceCallBack$Stub$Proxy@41f08a88
D/OtOService( 1775): send callback: 101
I/ServiceAdapter( 1992): dvb_ResultCallBack: what:101   arg1:0
E/JavaBinder( 1992): *** Uncaught remote exception!  (Exceptions are not yet supported across processes.)
E/JavaBinder( 1992): java.lang.RuntimeException: Can't create handler inside thread that has not called Looper.prepare()
E/JavaBinder( 1992):    at android.os.Handler.<init>(Handler.java:121)
E/JavaBinder( 1992):    at com.coship.dvbplayer.view.VolbarView$1.<init>(VolbarView.java:134)
E/JavaBinder( 1992):    at com.coship.dvbplayer.view.VolbarView.<init>(VolbarView.java:134)
E/JavaBinder( 1992):    at com.coship.dvbplayer.view.VolbarView.getInstance(VolbarView.java:63)
E/JavaBinder( 1992):    at com.aidufei.otoService.ServiceAdapter$2.ResultCallBack(ServiceAdapter.java:185)
E/JavaBinder( 1992):    at com.aidufei.otoService.IServiceCallBack$Stub.onTransact(IServiceCallBack.java:52)
E/JavaBinder( 1992):    at android.os.Binder.execTransact(Binder.java:338)
E/JavaBinder( 1992):    at dalvik.system.NativeStart.run(Native Method)
D/OtOService( 1775): send callback obj: com.aidufei.otoService.IServiceCallBack$Stub$Proxy@41f12158
D/OtOService( 1775): send callback: 101
I/ServiceAdapter( 1992): dvb_ResultCallBack: what:101   arg1:0
E/JavaBinder( 1992): *** Uncaught remote exception!  (Exceptions are not yet supported across processes.)
E/JavaBinder( 1992): java.lang.RuntimeException: Can't create handler inside thread that has not called Looper.prepare()
E/JavaBinder( 1992):    at android.os.Handler.<init>(Handler.java:121)
E/JavaBinder( 1992):    at com.coship.dvbplayer.view.VolbarView$1.<init>(VolbarView.java:134)
E/JavaBinder( 1992):    at com.coship.dvbplayer.view.VolbarView.<init>(VolbarView.java:134)
E/JavaBinder( 1992):    at com.coship.dvbplayer.view.VolbarView.getInstance(VolbarView.java:63)
E/JavaBinder( 1992):    at com.aidufei.otoService.ServiceAdapter$2.ResultCallBack(ServiceAdapter.java:185)
E/JavaBinder( 1992):    at com.aidufei.otoService.IServiceCallBack$Stub.onTransact(IServiceCallBack.java:52)
E/JavaBinder( 1992):    at android.os.Binder.execTransact(Binder.java:338)
E/JavaBinder( 1992):    at dalvik.system.NativeStart.run(Native Method)
D/OtOService( 1775): send callback obj: com.aidufei.otoService.IServiceCallBack$Stub$Proxy@41f20dc8
D/OtOService( 1775): send callback: 101
I/ServiceAdapter( 1992): dvb_ResultCallBack: what:101   arg1:0
I/ServiceAdapter( 1992): +++++ShiftTime+++++0++++ShiftEnd++++0++++TimeCode++++0++++++delay+++++0
I/ServiceAdapter( 1992): dvb_ResultCallBack: get stb vol:
D/OtOService( 1775): VOB　sync :com.aidufei.otoService.PlayEvent@41ec05b0
E/ServerAdapter( 1775): ServerAdapter:0
E/ServerHandler( 1775): Send:com.aidufei.protocol.oto.OtOStatusRequest@41ec08d0
D/ServerHandler( 1775): ServerHandler send request:103:{"ResourceInfo":{"ProductCode":"","PlayType":2,"ResourceCode":"","ResourceName":" "},"Status":{"ReturnCode":100,"Description":"ok"},"PlayStatus":0,"Volume":0}
V/ServerHandler( 1775): ServerHandler send DatagramPacket:/192.168.1.104-[B@41ec2390
D/OtOService( 1775): send callback obj: com.aidufei.otoService.IServiceCallBack$Stub$Proxy@4274fa80
E/ServerAdapter( 1775): ServerAdapter:0
E/ServerHandler( 1775): Send:com.aidufei.protocol.oto.OtOStatusRequest@41ec2c40
D/ServerHandler( 1775): ServerHandler send request:103:{"Status":{"ReturnCode":99,"Description":"status sync processing"},"PlayStatus":0,"Volume":0}
V/ServerHandler( 1775): ServerHandler send DatagramPacket:/192.168.1.104-[B@41ec3d00
D/HomePlayerLib( 1665): hostaddress count is 1
D/dalvikvm( 1665): GC_CONCURRENT freed 592K, 66% free 2554K/7363K, paused 2ms+2ms
D/dalvikvm( 1665): GC_CONCURRENT freed 650K, 67% free 2499K/7363K, paused 2ms+2ms
D/dalvikvm( 1665): GC_CONCURRENT freed 566K, 66% free 2548K/7363K, paused 2ms+2ms
D/dalvikvm( 1665): GC_CONCURRENT freed 617K, 66% free 2534K/7363K, paused 1ms+2ms
D/dalvikvm( 1665): GC_CONCURRENT freed 618K, 65% free 2621K/7363K, paused 2ms+2ms
D/dalvikvm( 1665): GC_CONCURRENT freed 720K, 65% free 2624K/7363K, paused 2ms+2ms
E/ServerHandler( 1775): receiveRequest
V/OtORequest( 1775): parseCommand
V/OtORequest( 1775): get command=103
V/OtORequest( 1775): parse OtORequest: cmd=103 paramLength=0 bufferlen=8
D/OtOService( 1775): client request get status.playType:2
D/OtOService( 1775): callback N: 11
D/OtOService( 1775): send callback: 101
I/ServiceAdapter( 1992): dvb_ResultCallBack: what:101   arg1:0
E/JavaBinder( 1992): *** Uncaught remote exception!  (Exceptions are not yet supported across processes.)
E/JavaBinder( 1992): java.lang.RuntimeException: Can't create handler inside thread that has not called Looper.prepare()
E/JavaBinder( 1992):    at android.os.Handler.<init>(Handler.java:121)
E/JavaBinder( 1992):    at com.coship.dvbplayer.view.VolbarView$1.<init>(VolbarView.java:134)
E/JavaBinder( 1992):    at com.coship.dvbplayer.view.VolbarView.<init>(VolbarView.java:134)
E/JavaBinder( 1992):    at com.coship.dvbplayer.view.VolbarView.getInstance(VolbarView.java:63)
E/JavaBinder( 1992):    at com.aidufei.otoService.ServiceAdapter$2.ResultCallBack(ServiceAdapter.java:185)
E/JavaBinder( 1992):    at com.aidufei.otoService.IServiceCallBack$Stub.onTransact(IServiceCallBack.java:52)
E/JavaBinder( 1992):    at android.os.Binder.execTransact(Binder.java:338)
E/JavaBinder( 1992):    at dalvik.system.NativeStart.run(Native Method)
D/OtOService( 1775): send callback obj: com.aidufei.otoService.IServiceCallBack$Stub$Proxy@41d22638
D/OtOService( 1775): send callback: 101
I/ServiceAdapter( 1992): dvb_ResultCallBack: what:101   arg1:0
E/JavaBinder( 1992): *** Uncaught remote exception!  (Exceptions are not yet supported across processes.)
E/JavaBinder( 1992): java.lang.RuntimeException: Can't create handler inside thread that has not called Looper.prepare()
E/JavaBinder( 1992):    at android.os.Handler.<init>(Handler.java:121)
E/JavaBinder( 1992):    at com.coship.dvbplayer.view.VolbarView$1.<init>(VolbarView.java:134)
E/JavaBinder( 1992):    at com.coship.dvbplayer.view.VolbarView.<init>(VolbarView.java:134)
E/JavaBinder( 1992):    at com.coship.dvbplayer.view.VolbarView.getInstance(VolbarView.java:63)
E/JavaBinder( 1992):    at com.aidufei.otoService.ServiceAdapter$2.ResultCallBack(ServiceAdapter.java:185)
E/JavaBinder( 1992):    at com.aidufei.otoService.IServiceCallBack$Stub.onTransact(IServiceCallBack.java:52)
E/JavaBinder( 1992):    at android.os.Binder.execTransact(Binder.java:338)
E/JavaBinder( 1992):    at dalvik.system.NativeStart.run(Native Method)
D/OtOService( 1775): send callback obj: com.aidufei.otoService.IServiceCallBack$Stub$Proxy@41f21110
D/OtOService( 1775): send callback: 101
I/ServiceAdapter( 1992): dvb_ResultCallBack: what:101   arg1:0
I/ServiceAdapter( 1992): +++++ShiftTime+++++0++++ShiftEnd++++0++++TimeCode++++0++++++delay+++++0
I/ServiceAdapter( 1992): dvb_ResultCallBack: get stb vol:
D/OtOService( 1775): VOB　sync :com.aidufei.otoService.PlayEvent@41ec5740
E/ServerAdapter( 1775): ServerAdapter:0
E/ServerHandler( 1775): Send:com.aidufei.protocol.oto.OtOStatusRequest@41ec5a60
D/ServerHandler( 1775): ServerHandler send request:103:{"ResourceInfo":{"ProductCode":"","PlayType":2,"ResourceCode":"","ResourceName":" "},"Status":{"ReturnCode":100,"Description":"ok"},"PlayStatus":0,"Volume":0}
V/ServerHandler( 1775): ServerHandler send DatagramPacket:/192.168.1.104-[B@41bb0338
D/OtOService( 1775): send callback obj: com.aidufei.otoService.IServiceCallBack$Stub$Proxy@41cd5f00
D/OtOService( 1775): send callback: 101
I/ServiceAdapter( 1992): dvb_ResultCallBack: what:101   arg1:0
E/JavaBinder( 1992): *** Uncaught remote exception!  (Exceptions are not yet supported across processes.)
E/JavaBinder( 1992): java.lang.RuntimeException: Can't create handler inside thread that has not called Looper.prepare()
E/JavaBinder( 1992):    at android.os.Handler.<init>(Handler.java:121)
E/JavaBinder( 1992):    at com.coship.dvbplayer.view.VolbarView$1.<init>(VolbarView.java:134)
E/JavaBinder( 1992):    at com.coship.dvbplayer.view.VolbarView.<init>(VolbarView.java:134)
E/JavaBinder( 1992):    at com.coship.dvbplayer.view.VolbarView.getInstance(VolbarView.java:63)
E/JavaBinder( 1992):    at com.aidufei.otoService.ServiceAdapter$2.ResultCallBack(ServiceAdapter.java:185)
E/JavaBinder( 1992):    at com.aidufei.otoService.IServiceCallBack$Stub.onTransact(IServiceCallBack.java:52)
E/JavaBinder( 1992):    at android.os.Binder.execTransact(Binder.java:338)
E/JavaBinder( 1992):    at dalvik.system.NativeStart.run(Native Method)
D/OtOService( 1775): send callback obj: com.aidufei.otoService.IServiceCallBack$Stub$Proxy@41b8cf78
D/OtOService( 1775): send callback: 101
I/ServiceAdapter( 1992): dvb_ResultCallBack: what:101   arg1:0
E/JavaBinder( 1992): *** Uncaught remote exception!  (Exceptions are not yet supported across processes.)
E/JavaBinder( 1992): java.lang.RuntimeException: Can't create handler inside thread that has not called Looper.prepare()
E/JavaBinder( 1992):    at android.os.Handler.<init>(Handler.java:121)
E/JavaBinder( 1992):    at com.coship.dvbplayer.view.VolbarView$1.<init>(VolbarView.java:134)
E/JavaBinder( 1992):    at com.coship.dvbplayer.view.VolbarView.<init>(VolbarView.java:134)
E/JavaBinder( 1992):    at com.coship.dvbplayer.view.VolbarView.getInstance(VolbarView.java:63)
E/JavaBinder( 1992):    at com.aidufei.otoService.ServiceAdapter$2.ResultCallBack(ServiceAdapter.java:185)
E/JavaBinder( 1992):    at com.aidufei.otoService.IServiceCallBack$Stub.onTransact(IServiceCallBack.java:52)
E/JavaBinder( 1992):    at android.os.Binder.execTransact(Binder.java:338)
E/JavaBinder( 1992):    at dalvik.system.NativeStart.run(Native Method)
D/OtOService( 1775): send callback obj: com.aidufei.otoService.IServiceCallBack$Stub$Proxy@427399a0
D/OtOService( 1775): send callback: 101
I/ServiceAdapter( 1992): dvb_ResultCallBack: what:101   arg1:0
I/ServiceAdapter( 1992): +++++ShiftTime+++++0++++ShiftEnd++++0++++TimeCode++++0++++++delay+++++0
I/ServiceAdapter( 1992): dvb_ResultCallBack: get stb vol:
D/OtOService( 1775): VOB　sync :com.aidufei.otoService.PlayEvent@41bb1420
E/ServerAdapter( 1775): ServerAdapter:0
E/ServerHandler( 1775): Send:com.aidufei.protocol.oto.OtOStatusRequest@41bb1740
D/ServerHandler( 1775): ServerHandler send request:103:{"ResourceInfo":{"ProductCode":"","PlayType":2,"ResourceCode":"","ResourceName":" "},"Status":{"ReturnCode":100,"Description":"ok"},"PlayStatus":0,"Volume":0}
V/ServerHandler( 1775): ServerHandler send DatagramPacket:/192.168.1.104-[B@41bb3200
D/OtOService( 1775): send callback obj: com.aidufei.otoService.IServiceCallBack$Stub$Proxy@41595ab8
D/OtOService( 1775): send callback: 101
I/ServiceAdapter( 1992): dvb_ResultCallBack: what:101   arg1:0
I/ServiceAdapter( 1992): +++++ShiftTime+++++0++++ShiftEnd++++0++++TimeCode++++0++++++delay+++++0
I/ServiceAdapter( 1992): dvb_ResultCallBack: get stb vol:
D/OtOService( 1775): VOB　sync :com.aidufei.otoService.PlayEvent@41bb3b78
E/ServerAdapter( 1775): ServerAdapter:0
E/ServerHandler( 1775): Send:com.aidufei.protocol.oto.OtOStatusRequest@41bb3e98
D/ServerHandler( 1775): ServerHandler send request:103:{"ResourceInfo":{"ProductCode":"","PlayType":2,"ResourceCode":"","ResourceName":" "},"Status":{"ReturnCode":100,"Description":"ok"},"PlayStatus":0,"Volume":0}
V/ServerHandler( 1775): ServerHandler send DatagramPacket:/192.168.1.104-[B@41bb5958
D/OtOService( 1775): send callback obj: com.aidufei.otoService.IServiceCallBack$Stub$Proxy@41b671c0
D/OtOService( 1775): send callback: 101
I/ServiceAdapter( 1992): dvb_ResultCallBack: what:101   arg1:0
I/ServiceAdapter( 1992): +++++ShiftTime+++++0++++ShiftEnd++++0++++TimeCode++++0++++++delay+++++0
I/ServiceAdapter( 1992): dvb_ResultCallBack: get stb vol:
D/OtOService( 1775): VOB　sync :com.aidufei.otoService.PlayEvent@41bb62d0
E/ServerAdapter( 1775): ServerAdapter:0
E/ServerHandler( 1775): Send:com.aidufei.protocol.oto.OtOStatusRequest@41bb65f0
D/ServerHandler( 1775): ServerHandler send request:103:{"ResourceInfo":{"ProductCode":"","PlayType":2,"ResourceCode":"","ResourceName":" "},"Status":{"ReturnCode":100,"Description":"ok"},"PlayStatus":0,"Volume":0}
V/ServerHandler( 1775): ServerHandler send DatagramPacket:/192.168.1.104-[B@41bb80b0
D/OtOService( 1775): send callback obj: com.aidufei.otoService.IServiceCallBack$Stub$Proxy@41f08a88
D/OtOService( 1775): send callback: 101
I/ServiceAdapter( 1992): dvb_ResultCallBack: what:101   arg1:0
E/JavaBinder( 1992): *** Uncaught remote exception!  (Exceptions are not yet supported across processes.)
E/JavaBinder( 1992): java.lang.RuntimeException: Can't create handler inside thread that has not called Looper.prepare()
E/JavaBinder( 1992):    at android.os.Handler.<init>(Handler.java:121)
E/JavaBinder( 1992):    at com.coship.dvbplayer.view.VolbarView$1.<init>(VolbarView.java:134)
E/JavaBinder( 1992):    at com.coship.dvbplayer.view.VolbarView.<init>(VolbarView.java:134)
E/JavaBinder( 1992):    at com.coship.dvbplayer.view.VolbarView.getInstance(VolbarView.java:63)
E/JavaBinder( 1992):    at com.aidufei.otoService.ServiceAdapter$2.ResultCallBack(ServiceAdapter.java:185)
E/JavaBinder( 1992):    at com.aidufei.otoService.IServiceCallBack$Stub.onTransact(IServiceCallBack.java:52)
E/JavaBinder( 1992):    at android.os.Binder.execTransact(Binder.java:338)
E/JavaBinder( 1992):    at dalvik.system.NativeStart.run(Native Method)
D/OtOService( 1775): send callback obj: com.aidufei.otoService.IServiceCallBack$Stub$Proxy@41f12158
D/OtOService( 1775): send callback: 101
I/ServiceAdapter( 1992): dvb_ResultCallBack: what:101   arg1:0
E/JavaBinder( 1992): *** Uncaught remote exception!  (Exceptions are not yet supported across processes.)
E/JavaBinder( 1992): java.lang.RuntimeException: Can't create handler inside thread that has not called Looper.prepare()
E/JavaBinder( 1992):    at android.os.Handler.<init>(Handler.java:121)
E/JavaBinder( 1992):    at com.coship.dvbplayer.view.VolbarView$1.<init>(VolbarView.java:134)
E/JavaBinder( 1992):    at com.coship.dvbplayer.view.VolbarView.<init>(VolbarView.java:134)
E/JavaBinder( 1992):    at com.coship.dvbplayer.view.VolbarView.getInstance(VolbarView.java:63)
E/JavaBinder( 1992):    at com.aidufei.otoService.ServiceAdapter$2.ResultCallBack(ServiceAdapter.java:185)
E/JavaBinder( 1992):    at com.aidufei.otoService.IServiceCallBack$Stub.onTransact(IServiceCallBack.java:52)
E/JavaBinder( 1992):    at android.os.Binder.execTransact(Binder.java:338)
E/JavaBinder( 1992):    at dalvik.system.NativeStart.run(Native Method)
D/OtOService( 1775): send callback obj: com.aidufei.otoService.IServiceCallBack$Stub$Proxy@41f20dc8
D/OtOService( 1775): send callback: 101
I/ServiceAdapter( 1992): dvb_ResultCallBack: what:101   arg1:0
I/ServiceAdapter( 1992): +++++ShiftTime+++++0++++ShiftEnd++++0++++TimeCode++++0++++++delay+++++0
I/ServiceAdapter( 1992): dvb_ResultCallBack: get stb vol:
D/OtOService( 1775): VOB　sync :com.aidufei.otoService.PlayEvent@41bb9198
E/ServerAdapter( 1775): ServerAdapter:0
E/ServerHandler( 1775): Send:com.aidufei.protocol.oto.OtOStatusRequest@41bb94b8
D/ServerHandler( 1775): ServerHandler send request:103:{"ResourceInfo":{"ProductCode":"","PlayType":2,"ResourceCode":"","ResourceName":" "},"Status":{"ReturnCode":100,"Description":"ok"},"PlayStatus":0,"Volume":0}
V/ServerHandler( 1775): ServerHandler send DatagramPacket:/192.168.1.104-[B@41bbaf78
D/OtOService( 1775): send callback obj: com.aidufei.otoService.IServiceCallBack$Stub$Proxy@4274fa80
E/ServerAdapter( 1775): ServerAdapter:0
E/ServerHandler( 1775): Send:com.aidufei.protocol.oto.OtOStatusRequest@41bbb828
D/ServerHandler( 1775): ServerHandler send request:103:{"Status":{"ReturnCode":99,"Description":"status sync processing"},"PlayStatus":0,"Volume":0}
V/ServerHandler( 1775): ServerHandler send DatagramPacket:/192.168.1.104-[B@41bbc8e8
D/MonitorCw880( 2189): currentRemoteHost is null ,continue
E/ServerHandler( 1775): receiveRequest
V/OtORequest( 1775): parseCommand
V/OtORequest( 1775): get command=102
V/OtORequest( 1775): parse OtORequest: cmd=102 paramLength=0 bufferlen=8
D/OtOService( 1775): client request pull back movie.
D/OtOService( 1775): callback N: 11
D/OtOService( 1775): send callback: 100
I/ServiceAdapter( 1992): dvb_ResultCallBack: what:100   arg1:0
I/ServiceAdapter( 1992): +++++++++delay++++++0+++++ShiftTime+++++0++++ShiftEnd++++0++++TimeCode++++0++++PlayType+++2+++++TransportStreamId+++++10774
D/OtOService( 1775): pull playEvent:com.aidufei.otoService.PlayEvent@41bbdaf8
D/OtOService( 1775): pull playEvent getResourceCode:10774
D/OtOService( 1775): pull playEvent getShiftTime:0
D/OtOService( 1775): pull playEvent getShiftEnd:0
E/ServerHandler( 1775): Send:com.aidufei.protocol.oto.OtOPullRequest@41bbe070
D/ServerHandler( 1775): ServerHandler send request:102:{"ResourceInfo":{"ProductCode":"","PlayType":2,"ResourceCode":"10774","ResourceName":" "},"Status":{"ReturnCode":100,"Description":""}}
V/ServerHandler( 1775): ServerHandler send DatagramPacket:/192.168.1.104-[B@41bbf628
D/OtOService( 1775): send callback obj: com.aidufei.otoService.IServiceCallBack$Stub$Proxy@41d22638
D/OtOService( 1775): send callback: 100
I/ServiceAdapter( 1992): dvb_ResultCallBack: what:100   arg1:0
I/ServiceAdapter( 1992): +++++++++delay++++++0+++++ShiftTime+++++0++++ShiftEnd++++0++++TimeCode++++0++++PlayType+++2+++++TransportStreamId+++++10774
D/OtOService( 1775): pull playEvent:com.aidufei.otoService.PlayEvent@41ea3f18
D/OtOService( 1775): pull playEvent getResourceCode:10774
D/OtOService( 1775): pull playEvent getShiftTime:0
D/OtOService( 1775): pull playEvent getShiftEnd:0
E/ServerHandler( 1775): Send:com.aidufei.protocol.oto.OtOPullRequest@41ea4490
D/ServerHandler( 1775): ServerHandler send request:102:{"ResourceInfo":{"ProductCode":"","PlayType":2,"ResourceCode":"10774","ResourceName":" "},"Status":{"ReturnCode":100,"Description":""}}
V/ServerHandler( 1775): ServerHandler send DatagramPacket:/192.168.1.104-[B@41ea59e0
D/OtOService( 1775): send callback obj: com.aidufei.otoService.IServiceCallBack$Stub$Proxy@41f21110
D/OtOService( 1775): send callback: 100
I/ServiceAdapter( 1992): dvb_ResultCallBack: what:100   arg1:0
I/ServiceAdapter( 1992): +++++++++delay++++++0+++++ShiftTime+++++0++++ShiftEnd++++0++++TimeCode++++0++++PlayType+++2+++++TransportStreamId+++++10774
D/OtOService( 1775): pull playEvent:com.aidufei.otoService.PlayEvent@41ea6310
D/OtOService( 1775): pull playEvent getResourceCode:10774
D/OtOService( 1775): pull playEvent getShiftTime:0
D/OtOService( 1775): pull playEvent getShiftEnd:0
E/ServerHandler( 1775): Send:com.aidufei.protocol.oto.OtOPullRequest@413ace20
D/ServerHandler( 1775): ServerHandler send request:102:{"ResourceInfo":{"ProductCode":"","PlayType":2,"ResourceCode":"10774","ResourceName":" "},"Status":{"ReturnCode":100,"Description":""}}
V/ServerHandler( 1775): ServerHandler send DatagramPacket:/192.168.1.104-[B@41b87758
D/OtOService( 1775): send callback obj: com.aidufei.otoService.IServiceCallBack$Stub$Proxy@41cd5f00
D/OtOService( 1775): send callback: 100
I/ServiceAdapter( 1992): dvb_ResultCallBack: what:100   arg1:0
I/ServiceAdapter( 1992): +++++++++delay++++++0+++++ShiftTime+++++0++++ShiftEnd++++0++++TimeCode++++0++++PlayType+++2+++++TransportStreamId+++++10774
D/OtOService( 1775): pull playEvent:com.aidufei.otoService.PlayEvent@41cf6a60
D/OtOService( 1775): pull playEvent getResourceCode:10774
D/OtOService( 1775): pull playEvent getShiftTime:0
D/OtOService( 1775): pull playEvent getShiftEnd:0
E/ServerHandler( 1775): Send:com.aidufei.protocol.oto.OtOPullRequest@41b5eda0
D/dalvikvm( 1775): GC_CONCURRENT freed 1928K, 39% free 15208K/24899K, paused 2ms+4ms
D/ServerHandler( 1775): ServerHandler send request:102:{"ResourceInfo":{"ProductCode":"","PlayType":2,"ResourceCode":"10774","ResourceName":" "},"Status":{"ReturnCode":100,"Description":""}}
V/ServerHandler( 1775): ServerHandler send DatagramPacket:/192.168.1.104-[B@41f49c20
D/OtOService( 1775): send callback obj: com.aidufei.otoService.IServiceCallBack$Stub$Proxy@41b8cf78
D/OtOService( 1775): send callback: 100
I/ServiceAdapter( 1992): dvb_ResultCallBack: what:100   arg1:0
I/ServiceAdapter( 1992): +++++++++delay++++++0+++++ShiftTime+++++0++++ShiftEnd++++0++++TimeCode++++0++++PlayType+++2+++++TransportStreamId+++++10774
D/OtOService( 1775): pull playEvent:com.aidufei.otoService.PlayEvent@41cf1f58
D/OtOService( 1775): pull playEvent getResourceCode:10774
D/OtOService( 1775): pull playEvent getShiftTime:0
D/OtOService( 1775): pull playEvent getShiftEnd:0
E/ServerHandler( 1775): Send:com.aidufei.protocol.oto.OtOPullRequest@41522648
D/ServerHandler( 1775): ServerHandler send request:102:{"ResourceInfo":{"ProductCode":"","PlayType":2,"ResourceCode":"10774","ResourceName":" "},"Status":{"ReturnCode":100,"Description":""}}
V/ServerHandler( 1775): ServerHandler send DatagramPacket:/192.168.1.104-[B@41cecdd0
D/OtOService( 1775): send callback obj: com.aidufei.otoService.IServiceCallBack$Stub$Proxy@427399a0
D/OtOService( 1775): send callback: 100
I/ServiceAdapter( 1992): dvb_ResultCallBack: what:100   arg1:0
I/ServiceAdapter( 1992): +++++++++delay++++++0+++++ShiftTime+++++0++++ShiftEnd++++0++++TimeCode++++0++++PlayType+++2+++++TransportStreamId+++++10774
D/OtOService( 1775): pull playEvent:com.aidufei.otoService.PlayEvent@41b8bba0
D/OtOService( 1775): pull playEvent getResourceCode:10774
D/OtOService( 1775): pull playEvent getShiftTime:0
D/OtOService( 1775): pull playEvent getShiftEnd:0
E/ServerHandler( 1775): Send:com.aidufei.protocol.oto.OtOPullRequest@413d2848
D/ServerHandler( 1775): ServerHandler send request:102:{"ResourceInfo":{"ProductCode":"","PlayType":2,"ResourceCode":"10774","ResourceName":" "},"Status":{"ReturnCode":100,"Description":""}}
V/ServerHandler( 1775): ServerHandler send DatagramPacket:/192.168.1.104-[B@41bccbe0
D/OtOService( 1775): send callback obj: com.aidufei.otoService.IServiceCallBack$Stub$Proxy@41595ab8
D/OtOService( 1775): send callback: 100
I/ServiceAdapter( 1992): dvb_ResultCallBack: what:100   arg1:0
I/ServiceAdapter( 1992): +++++++++delay++++++0+++++ShiftTime+++++0++++ShiftEnd++++0++++TimeCode++++0++++PlayType+++2+++++TransportStreamId+++++10774
D/OtOService( 1775): pull playEvent:com.aidufei.otoService.PlayEvent@4155a8b8
D/OtOService( 1775): pull playEvent getResourceCode:10774
D/OtOService( 1775): pull playEvent getShiftTime:0
D/OtOService( 1775): pull playEvent getShiftEnd:0
E/ServerHandler( 1775): Send:com.aidufei.protocol.oto.OtOPullRequest@41b69cc0
D/ServerHandler( 1775): ServerHandler send request:102:{"ResourceInfo":{"ProductCode":"","PlayType":2,"ResourceCode":"10774","ResourceName":" "},"Status":{"ReturnCode":100,"Description":""}}
V/ServerHandler( 1775): ServerHandler send DatagramPacket:/192.168.1.104-[B@41782728
D/OtOService( 1775): send callback obj: com.aidufei.otoService.IServiceCallBack$Stub$Proxy@41b671c0
D/OtOService( 1775): send callback: 100
I/ServiceAdapter( 1992): dvb_ResultCallBack: what:100   arg1:0
I/ServiceAdapter( 1992): +++++++++delay++++++0+++++ShiftTime+++++0++++ShiftEnd++++0++++TimeCode++++0++++PlayType+++2+++++TransportStreamId+++++10774
D/OtOService( 1775): pull playEvent:com.aidufei.otoService.PlayEvent@41b6ca58
D/OtOService( 1775): pull playEvent getResourceCode:10774
D/OtOService( 1775): pull playEvent getShiftTime:0
D/OtOService( 1775): pull playEvent getShiftEnd:0
E/ServerHandler( 1775): Send:com.aidufei.protocol.oto.OtOPullRequest@415728b8
D/ServerHandler( 1775): ServerHandler send request:102:{"ResourceInfo":{"ProductCode":"","PlayType":2,"ResourceCode":"10774","ResourceName":" "},"Status":{"ReturnCode":100,"Description":""}}
V/ServerHandler( 1775): ServerHandler send DatagramPacket:/192.168.1.104-[B@41592b08
D/OtOService( 1775): send callback obj: com.aidufei.otoService.IServiceCallBack$Stub$Proxy@41f08a88
D/OtOService( 1775): send callback: 100
I/ServiceAdapter( 1992): dvb_ResultCallBack: what:100   arg1:0
I/ServiceAdapter( 1992): +++++++++delay++++++0+++++ShiftTime+++++0++++ShiftEnd++++0++++TimeCode++++0++++PlayType+++2+++++TransportStreamId+++++10774
D/OtOService( 1775): pull playEvent:com.aidufei.otoService.PlayEvent@41b618e8
D/OtOService( 1775): pull playEvent getResourceCode:10774
D/OtOService( 1775): pull playEvent getShiftTime:0
D/OtOService( 1775): pull playEvent getShiftEnd:0
E/ServerHandler( 1775): Send:com.aidufei.protocol.oto.OtOPullRequest@41ea7860
D/ServerHandler( 1775): ServerHandler send request:102:{"ResourceInfo":{"ProductCode":"","PlayType":2,"ResourceCode":"10774","ResourceName":" "},"Status":{"ReturnCode":100,"Description":""}}
V/ServerHandler( 1775): ServerHandler send DatagramPacket:/192.168.1.104-[B@41573cb8
D/OtOService( 1775): send callback obj: com.aidufei.otoService.IServiceCallBack$Stub$Proxy@41f12158
D/OtOService( 1775): send callback: 100
I/ServiceAdapter( 1992): dvb_ResultCallBack: what:100   arg1:0
I/ServiceAdapter( 1992): +++++++++delay++++++0+++++ShiftTime+++++0++++ShiftEnd++++0++++TimeCode++++0++++PlayType+++2+++++TransportStreamId+++++10774
D/OtOService( 1775): pull playEvent:com.aidufei.otoService.PlayEvent@4175dc88
D/OtOService( 1775): pull playEvent getResourceCode:10774
D/OtOService( 1775): pull playEvent getShiftTime:0
D/OtOService( 1775): pull playEvent getShiftEnd:0
E/ServerHandler( 1775): Send:com.aidufei.protocol.oto.OtOPullRequest@41ea86f0
D/ServerHandler( 1775): ServerHandler send request:102:{"ResourceInfo":{"ProductCode":"","PlayType":2,"ResourceCode":"10774","ResourceName":" "},"Status":{"ReturnCode":100,"Description":""}}
V/ServerHandler( 1775): ServerHandler send DatagramPacket:/192.168.1.104-[B@41567b20
D/OtOService( 1775): send callback obj: com.aidufei.otoService.IServiceCallBack$Stub$Proxy@41f20dc8
D/OtOService( 1775): send callback: 100
I/ServiceAdapter( 1992): dvb_ResultCallBack: what:100   arg1:0
I/ServiceAdapter( 1992): +++++++++delay++++++0+++++ShiftTime+++++0++++ShiftEnd++++0++++TimeCode++++0++++PlayType+++2+++++TransportStreamId+++++10774
D/OtOService( 1775): pull playEvent:com.aidufei.otoService.PlayEvent@41578178
D/OtOService( 1775): pull playEvent getResourceCode:10774
D/OtOService( 1775): pull playEvent getShiftTime:0
D/OtOService( 1775): pull playEvent getShiftEnd:0
E/ServerHandler( 1775): Send:com.aidufei.protocol.oto.OtOPullRequest@41ea9688
D/ServerHandler( 1775): ServerHandler send request:102:{"ResourceInfo":{"ProductCode":"","PlayType":2,"ResourceCode":"10774","ResourceName":" "},"Status":{"ReturnCode":100,"Description":""}}
V/ServerHandler( 1775): ServerHandler send DatagramPacket:/192.168.1.104-[B@41537bf8
D/OtOService( 1775): send callback obj: com.aidufei.otoService.IServiceCallBack$Stub$Proxy@4274fa80
E/ServerHandler( 1775): Send:com.aidufei.protocol.oto.OtOPullRequest@41eaa3c0
D/ServerHandler( 1775): ServerHandler send request:102:{"Status":{"ReturnCode":99,"Description":"processing"}}
V/ServerHandler( 1775): ServerHandler send DatagramPacket:/192.168.1.104-[B@41550598
D/MonitorCw880( 2189): currentRemoteHost is null ,continue
D/dalvikvm( 1665): GC_FOR_ALLOC freed 851K, 67% free 2501K/7363K, paused 22ms
D/HomePlayerLib( 1665): hostaddress count is 1
D/dalvikvm( 1665): GC_CONCURRENT freed 10K, 64% free 2719K/7363K, paused 1ms+2ms
D/dalvikvm( 1665): GC_CONCURRENT freed 861K, 65% free 2626K/7363K, paused 2ms+2ms
D/dalvikvm( 1665): GC_CONCURRENT freed 729K, 66% free 2534K/7363K, paused 2ms+5ms
D/dalvikvm( 1665): GC_CONCURRENT freed 612K, 66% free 2522K/7363K, paused 2ms+2ms
D/dalvikvm( 1665): GC_CONCURRENT freed 581K, 66% free 2521K/7363K, paused 2ms+2ms
D/dalvikvm( 1665): GC_CONCURRENT freed 583K, 66% free 2522K/7363K, paused 2ms+3ms
D/dalvikvm( 1665): GC_CONCURRENT freed 599K, 66% free 2536K/7363K, paused 2ms+2ms
D/MonitorCw880( 2189): currentRemoteHost is null ,continue
D/MonitorCw880( 2189): currentRemoteHost is null ,continue
D/HomePlayerLib( 1665): hostaddress count is 1
D/dalvikvm( 1665): GC_CONCURRENT freed 603K, 66% free 2513K/7363K, paused 2ms+2ms
D/dalvikvm( 1665): GC_CONCURRENT freed 577K, 65% free 2642K/7363K, paused 5ms+2ms
D/MonitorCw880( 2189): currentRemoteHost is null ,continue
D/dalvikvm( 1665): GC_CONCURRENT freed 738K, 66% free 2523K/7363K, paused 2ms+2ms
D/dalvikvm( 1665): GC_CONCURRENT freed 582K, 65% free 2642K/7363K, paused 2ms+2ms
D/dalvikvm( 1665): GC_CONCURRENT freed 755K, 65% free 2626K/7363K, paused 2ms+2ms
D/dalvikvm( 1665): GC_CONCURRENT freed 736K, 65% free 2628K/7363K, paused 1ms+3ms
D/MonitorCw880( 2189): currentRemoteHost is null ,continue
D/MonitorCw880( 2189): currentRemoteHost is null ,continue
D/HomePlayerLib( 1665): hostaddress count is 1
D/dalvikvm( 1665): GC_CONCURRENT freed 725K, 65% free 2640K/7363K, paused 2ms+2ms
D/dalvikvm( 1665): GC_CONCURRENT freed 740K, 65% free 2643K/7363K, paused 2ms+2ms
D/dalvikvm( 1665): GC_CONCURRENT freed 739K, 65% free 2643K/7363K, paused 2ms+2ms
D/dalvikvm( 1665): GC_CONCURRENT freed 749K, 65% free 2636K/7363K, paused 2ms+2ms
D/dalvikvm( 1665): GC_CONCURRENT freed 741K, 66% free 2527K/7363K, paused 2ms+2ms
D/dalvikvm( 1665): GC_CONCURRENT freed 595K, 65% free 2626K/7363K, paused 2ms+2ms
^C
