03-25 10:34:04.676 D/NetworkPolicy(  380): setNetworkTemplateEnabled(): match rule = 1
03-25 10:34:04.696 D/MobileDataStateTracker(  380): default: setPolicyDataEnable(enabled=true)
03-25 10:34:04.706 D/NetworkPolicy(  380): setNetworkTemplateEnabled(): match rule = 1
03-25 10:34:04.706 D/MobileDataStateTracker(  380): default: setPolicyDataEnable(enabled=true)
03-25 10:34:04.716 D/NetworkPolicy(  380): setNetworkTemplateEnabled(): match rule = 1
03-25 10:34:04.716 D/MobileDataStateTracker(  380): default: setPolicyDataEnable(enabled=true)
03-25 10:34:05.647 D/ConnectivityService(  380): NetTransition Wakelock for WifiStateMachine released by timeout
03-25 10:34:46.863 D/StatusBar.NetworkControllerDS(  465): updateConnectivity: intent=Intent { act=android.net.conn.CONNECTIVITY_CHANGE flg=0x8000010 (has extras) }
03-25 10:34:46.863 D/ConnectivityService(  380): sendStickyBroadcast: action=android.net.conn.CONNECTIVITY_CHANGE
03-25 10:34:46.873 D/StatusBar.NetworkControllerDS(  465): updateConnectivity: networkInfo=NetworkInfo: type: WIFI[], state: CONNECTED/CONNECTED, reason: (unspecified), extra: (none), roaming: false, failover: false, isAvailable: true
03-25 10:34:46.873 D/StatusBar.NetworkControllerDS(  465): updateConnectivity: connectionStatus=0
03-25 10:34:46.873 D/StatusBar.NetworkControllerDS(  465): updateTelephonySignalStrength: !hasService()
03-25 10:34:46.883 D/ConnectivityService(  380): sendStickyBroadcast: action=android.net.conn.CONNECTIVITY_CHANGE
03-25 10:34:46.893 D/StatusBar.NetworkControllerDS(  465): updateConnectivity: intent=Intent { act=android.net.conn.CONNECTIVITY_CHANGE flg=0x8000010 (has extras) }
03-25 10:34:46.903 D/StatusBar.NetworkControllerDS(  465): updateConnectivity: networkInfo=NetworkInfo: type: WIFI[], state: CONNECTED/CONNECTED, reason: (unspecified), extra: (none), roaming: false, failover: false, isAvailable: true
03-25 10:34:46.903 D/StatusBar.NetworkControllerDS(  465): updateConnectivity: connectionStatus=0
03-25 10:34:46.903 D/StatusBar.NetworkControllerDS(  465): updateTelephonySignalStrength: !hasService()
03-25 10:34:47.424 D/ConnectivityService(  380): reportNetworkCondition(1, 100)
03-25 10:34:47.424 D/ConnectivityService(  380): handleInetConditionChange: net=1, condition=100,mActiveDefaultNetwork=1
03-25 10:34:47.424 D/ConnectivityService(  380): handleInetConditionChange: starting a change hold
03-25 10:34:47.924 D/ConnectivityService(  380): handleInetConditionHoldEnd: net=1, condition=100, published condition=0
03-25 10:34:47.924 D/ConnectivityService(  380): sendStickyBroadcast: action=android.net.conn.INET_CONDITION_ACTION
03-25 10:34:47.924 D/StatusBar.NetworkControllerDS(  465): updateConnectivity: intent=Intent { act=android.net.conn.INET_CONDITION_ACTION flg=0x8000010 (has extras) }
03-25 10:34:47.924 D/StatusBar.NetworkControllerDS(  465): updateConnectivity: networkInfo=NetworkInfo: type: WIFI[], state: CONNECTED/CONNECTED, reason: (unspecified), extra: (none), roaming: false, failover: false, isAvailable: true
03-25 10:34:47.934 D/StatusBar.NetworkControllerDS(  465): updateConnectivity: connectionStatus=100
03-25 10:34:47.934 D/StatusBar.NetworkControllerDS(  465): updateTelephonySignalStrength: !hasService()
03-25 10:35:16.091 I/WindowManager(  380): Lock screen displayed!
03-25 10:35:20.615 D/PhoneStatusBar(  465): disable: < expand icons alerts ticker system_info BACK HOME recent* CLOCK >
03-25 10:35:20.635 D/PhoneStatusBar(  465): disable: < expand icons alerts ticker system_info back* home* recent clock* >
03-25 10:35:20.635 W/InputMethodManagerService(  380): Window already focused, ignoring focus gain of: com.android.internal.view.IInputMethodClient$Stub$Proxy@42663db8 attribute=android.view.inputmethod.EditorInfo@422a7e80
03-25 10:35:21.295 D/ConnectivityService(  380): getMobileDataEnabled returning false
03-25 10:35:21.356 D/PhoneStatusBar(  465): disable: < expand icons alerts TICKER* system_info back home recent clock >
03-25 10:35:22.487 I/ActivityManager(  380): START {flg=0x24000000 cmp=com.tencent.mm/.ui.LauncherUI bnds=[0,237][720,365] (has extras) u=0} from pid -1
03-25 10:35:22.497 W/ActivityManager(  380): startActivity called from non-Activity context; forcing Intent.FLAG_ACTIVITY_NEW_TASK for: Intent { flg=0x24000000 cmp=com.tencent.mm/.ui.LauncherUI bnds=[0,237][720,365] (has extras) }
03-25 10:35:22.527 D/ConnectivityService(  380): getMobileDataEnabled returning false
03-25 10:35:22.627 I/ActivityManager(  380): START {flg=0x24000000 cmp=com.tencent.mm/.ui.MainTabUI (has extras) u=0} from pid 987
03-25 10:35:22.787 I/ActivityManager(  380): START {flg=0x4000000 cmp=com.tencent.mm/.plugin.readerapp.ui.ReaderAppUI (has extras) u=0} from pid 987
03-25 10:35:22.827 D/ConnectivityService(  380): getMobileDataEnabled returning false
03-25 10:35:23.247 D/PhoneStatusBar(  465): disable: < expand icons alerts ticker* system_info back home recent clock >
03-25 10:35:36.070 I/ActivityManager(  380): START {cmp=com.tencent.mm/.ui.tools.WebViewUI (has extras) u=0} from pid 987
03-25 10:35:49.723 I/ActivityManager(  380): START {cmp=com.tencent.mm/.ui.tools.WebViewUI (has extras) u=0} from pid 987
03-25 10:35:56.660 I/ActivityManager(  380): START {cmp=com.tencent.mm/.ui.tools.WebViewUI (has extras) u=0} from pid 987
03-25 10:36:19.252 D/ConnectivityService(  380): getMobileDataEnabled returning false
03-25 10:36:19.312 D/PhoneStatusBar(  465): disable: < expand icons alerts TICKER* system_info back home recent clock >
03-25 10:36:19.402 D/ConnectivityService(  380): getMobileDataEnabled returning false
03-25 10:36:19.432 W/InputMethodManagerService(  380): Window already focused, ignoring focus gain of: com.android.internal.view.IInputMethodClient$Stub$Proxy@4275a618 attribute=null
03-25 10:36:19.432 D/PhoneStatusBar(  465): disable: < expand icons alerts ticker* system_info back home recent clock >
03-25 10:36:22.135 I/ActivityManager(  380): START {act=android.intent.action.MAIN cat=[android.intent.category.HOME] flg=0x10200000 cmp=com.android.launcher/com.android.launcher2.Launcher u=0} from pid 380
03-25 10:36:24.317 I/ActivityManager(  380): START {act=android.intent.action.MAIN cat=[android.intent.category.LAUNCHER] flg=0x10200000 cmp=com.tencent.mm/.ui.LauncherUI bnds=[15,1086][187,1276] u=0} from pid 542
03-25 10:36:24.397 E/ActivityThread(  987): Failed to find provider info for com.tencent.mm.coolassist.debugprovider
03-25 10:36:24.407 I/ActivityManager(  380): START {flg=0x4000000 cmp=com.tencent.mm/.ui.MainTabUI u=0} from pid 987
03-25 10:36:27.420 I/ActivityManager(  380): START {act=android.intent.action.MAIN cat=[android.intent.category.HOME] flg=0x10200000 cmp=com.android.launcher/com.android.launcher2.Launcher u=0} from pid 380
03-25 10:37:32.493 D/PhoneStatusBar(  465): disable: < expand icons alerts ticker system_info back home RECENT* clock >
03-25 10:37:32.543 D/PhoneStatusBar(  465): disable: < expand icons alerts ticker system_info BACK* HOME* RECENT CLOCK* >
03-25 10:37:55.012 W/ThrottleService(  380): unable to find stats for iface rmnet0
03-25 10:39:49.012 D/BatteryService(  380): mAcOnlinefalsemUsbOnline:falsemBatteryStatus 3
03-25 10:39:49.012 D/BatteryService(  380): mBatteryLevel93isPowered():falseActivityManagerNative.isSystemReady():true
03-25 10:39:49.012 D/BatteryService(  380): mAcOnlinefalsemUsbOnline:falsemBatteryStatus 3
03-25 10:39:49.012 D/ActivityManager(  380): mBatteryStatusReceiver, action=android.intent.action.BATTERY_CHANGED
03-25 10:39:49.012 D/ActivityManager(  380): mBatteryStatusReceiver, plugged=0, mBatteryStatusPlugged=0, fakeShutdownMode=false
03-25 10:40:56.062 I/WindowManager(  380): Lock screen displayed!
03-25 10:40:57.523 D/PhoneStatusBar(  465): disable: < expand icons alerts ticker system_info BACK HOME recent* CLOCK >
03-25 10:40:57.543 D/PhoneStatusBar(  465): disable: < expand icons alerts ticker system_info back* home* recent clock* >
03-25 10:40:57.563 W/InputMethodManagerService(  380): Window already focused, ignoring focus gain of: com.android.internal.view.IInputMethodClient$Stub$Proxy@427806b0 attribute=android.view.inputmethod.EditorInfo@4276b4f8
03-25 10:40:58.964 I/ActivityManager(  380): START {act=android.intent.action.MAIN cat=[android.intent.category.LAUNCHER] flg=0x10200000 cmp=com.aidufei.ott.activity/.MainTabHostActivity bnds=[188,834][360,1028] u=0} from pid 542
03-25 10:42:07.092 D/PhoneStatusBar(  465): disable: < expand icons alerts ticker system_info back home RECENT* clock >
03-25 10:42:07.142 D/PhoneStatusBar(  465): disable: < expand icons alerts ticker system_info BACK* HOME* RECENT CLOCK* >
03-25 10:43:45.102 I/WindowManager(  380): Lock screen displayed!
03-25 10:43:46.523 D/PhoneStatusBar(  465): disable: < expand icons alerts ticker system_info BACK HOME recent* CLOCK >
03-25 10:43:46.543 D/PhoneStatusBar(  465): disable: < expand icons alerts ticker system_info back* home* recent clock* >
03-25 10:43:46.553 W/InputMethodManagerService(  380): Window already focused, ignoring focus gain of: com.android.internal.view.IInputMethodClient$Stub$Proxy@42693350 attribute=android.view.inputmethod.EditorInfo@42688ec0
03-25 10:44:58.473 W/InputMethodManagerService(  380): Window already focused, ignoring focus gain of: com.android.internal.view.IInputMethodClient$Stub$Proxy@427a2790 attribute=android.view.inputmethod.EditorInfo@42e58e00
03-25 10:45:03.217 W/InputMethodManagerService(  380): Window already focused, ignoring focus gain of: com.android.internal.view.IInputMethodClient$Stub$Proxy@42404ee0 attribute=null
03-25 10:45:08.793 W/InputMethodManagerService(  380): Window already focused, ignoring focus gain of: com.android.internal.view.IInputMethodClient$Stub$Proxy@42809700 attribute=null
03-25 10:45:20.044 I/ActivityManager(  380): START {cmp=com.aidufei.ott.activity/.SystemSettinngActivity u=0} from pid 3993
03-25 10:45:25.739 I/ActivityManager(  380): START {act=android.intent.action.MAIN cat=[android.intent.category.LAUNCHER] flg=0x10200000 cmp=com.aidufei.ott.activity/.MainTabHostActivity bnds=[188,834][360,1028] u=0} from pid 542
03-25 10:45:32.826 D/NetworkPolicy(  380): setNetworkTemplateEnabled(): match rule = 1
03-25 10:45:32.826 D/MobileDataStateTracker(  380): default: setPolicyDataEnable(enabled=true)
03-25 10:45:34.898 I/ActivityManager(  380): START {cmp=com.aidufei.ott.activity/.ParticularActivity (has extras) u=0} from pid 3993
03-25 10:45:40.784 D/NetworkPolicy(  380): setNetworkTemplateEnabled(): match rule = 1
03-25 10:45:40.784 D/MobileDataStateTracker(  380): default: setPolicyDataEnable(enabled=true)
03-25 10:45:42.656 W/InputMethodManagerService(  380): Window already focused, ignoring focus gain of: com.android.internal.view.IInputMethodClient$Stub$Proxy@4234b1a8 attribute=null
03-25 10:45:44.498 I/ActivityManager(  380): START {cmp=com.aidufei.ott.activity/.LoginActivity u=0} from pid 3993
--------- beginning of /dev/log/main
03-25 10:45:53.737 V/AudioPolicyManagerBase(  119): getOutput() stream 1, samplingRate 0, format 0, channelMask 3, flags 0
03-25 10:45:53.737 V/AudioPolicyManagerBase(  119): getOutput() returns output 2
03-25 10:45:53.737 D/AudioPolicyManagerALSA(  119): mFmRadioStatus=0,mFmRadioSinkDev=4,device2=0
03-25 10:45:53.737 V/AudioPolicyManagerBase(  119): getOutput() stream 1, samplingRate 44100, format 1, channelMask 3, flags 4
03-25 10:45:53.747 V/AudioPolicyManagerBase(  119): getOutput() returns output 2
03-25 10:45:53.747 V/AudioFlinger(  119): createTrack() sessionId: 0
03-25 10:45:53.747 V/AudioFlinger(  119): createTrack() lSessionId: 102
03-25 10:45:53.747 V/AudioFlinger(  119): AUDIO_OUTPUT_FLAG_FAST denied: isTimed=0 sharedBuffer=0x0 frameCount=3763 mFrameCount=1024 format=1 isLinear=1 channelMask=3 sampleRate=44100 mSampleRate=48000 hasFastMixer=0 tid=5676 fastTrackAvailMask=0xfe
03-25 10:45:53.747 V/AudioFlinger(  119): Track constructor name 4101, calling pid 380
03-25 10:45:53.747 V/AudioFlinger(  119): acquiring 102 from 380
03-25 10:45:53.747 V/AudioFlinger(  119):  added new entry for 102
03-25 10:45:53.747 V/AudioFlinger(  119): start(4101), calling pid 380 session 102
03-25 10:45:53.747 V/AudioFlinger(  119): ? => ACTIVE (4101) on thread 0x419afde0
03-25 10:45:53.747 V/AudioPolicyManagerBase(  119): startOutput() output 2, stream 1, session 102
03-25 10:45:53.747 V/AudioPolicyManagerBase(  119): changeRefCount() stream 1, count 1
03-25 10:45:53.747 D/AudioPolicyManagerALSA(  119): mFmRadioStatus=0,mFmRadioSinkDev=4,device2=0
03-25 10:45:53.747 V/AudioPolicyManagerBase(  119): setOutputDevice() output 2 device 0002 delayMs 0
03-25 10:45:53.747 V/AudioPolicyManagerBase(  119): setOutputDevice() prevDevice 0002
03-25 10:45:53.747 I/brcm-gr (  524): [gralloc_lock]: new usage 0x903
03-25 10:45:53.747 D/AudioPolicyManagerALSA(  119): mFmRadioStatus=0,mFmRadioSinkDev=4,device2=0
03-25 10:45:53.747 I/brcm-gr (  524): [gralloc_lock]: new usage 0x930
03-25 10:45:53.747 D/AudioPolicyManagerALSA(  119): mFmRadioStatus=0,mFmRadioSinkDev=4,device2=0
03-25 10:45:53.747 D/AudioPolicyManagerALSA(  119): mFmRadioStatus=0,mFmRadioSinkDev=4,device2=0
03-25 10:45:53.747 D/AudioPolicyManagerALSA(  119): mFmRadioStatus=0,mFmRadioSinkDev=4,device2=0
03-25 10:45:53.747 D/AudioPolicyManagerALSA(  119): mFmRadioStatus=0,mFmRadioSinkDev=4,device2=0
03-25 10:45:53.747 V/AudioPolicyManagerBase(  119): setOutputDevice() setting same device 0002 or null device for output 2
03-25 10:45:53.757 V/AudioFlinger(  119): mWaitWorkCV.broadcast
03-25 10:45:53.757 V/AudioFlinger(  119): releasing 101 from 380
03-25 10:45:53.757 V/AudioFlinger(  119):  decremented refcount to 0
03-25 10:45:53.757 V/AudioFlinger(  119): purging stale effects
03-25 10:45:53.757 V/AudioPolicyManagerBase(  119): releaseOutput() 2
03-25 10:45:53.757 V/AudioFlinger(  119): remove track (4100) and delete from mixer
03-25 10:45:53.757 V/AudioFlinger(  119): PlaybackThread::Track destructor
03-25 10:45:53.767 I/brcm-gr (  524): [gralloc_lock]: new usage 0x933
03-25 10:45:53.777 D/KeyguardViewMediator(  380): setHidden false
03-25 10:45:53.787 I/brcm-gr (  524): [gralloc_lock]: new usage 0x933
03-25 10:45:53.787 D/KeyguardViewMediator(  380): setHidden false
03-25 10:45:53.797 I/brcm-gr (  524): [gralloc_lock]: new usage 0x903
03-25 10:45:53.797 I/brcm-gr (  524): [gralloc_lock]: new usage 0x930
03-25 10:45:53.807 I/brcm-gr (  524): [gralloc_lock]: new usage 0x933
03-25 10:45:53.867 V/AudioFlinger(  119): getNextBuffer() no more data for track 4101 on thread 0x41a27580
03-25 10:45:53.877 V/AudioFlinger(  119): stop(4101), calling pid 380
03-25 10:45:53.877 V/AudioFlinger(  119): not stopping/stopped => stopping/stopped (4101) on thread 0x41a27580
03-25 10:45:53.877 V/AudioPolicyManagerBase(  119): stopOutput() output 2, stream 1, session 102
03-25 10:45:53.877 V/AudioPolicyManagerBase(  119): changeRefCount() stream 1, count 0
03-25 10:45:53.877 V/AudioPolicyManagerBase(  119): setOutputDevice() output 2 device 0000 delayMs 86
03-25 10:45:53.877 V/AudioPolicyManagerBase(  119): setOutputDevice() prevDevice 0002
03-25 10:45:53.877 D/AudioPolicyManagerALSA(  119): mFmRadioStatus=0,mFmRadioSinkDev=4,device2=0
03-25 10:45:53.877 D/AudioPolicyManagerALSA(  119): mFmRadioStatus=0,mFmRadioSinkDev=4,device2=0
03-25 10:45:53.877 D/AudioPolicyManagerALSA(  119): mFmRadioStatus=0,mFmRadioSinkDev=4,device2=0
03-25 10:45:53.877 D/AudioPolicyManagerALSA(  119): mFmRadioStatus=0,mFmRadioSinkDev=4,device2=0
03-25 10:45:53.877 D/AudioPolicyManagerALSA(  119): mFmRadioStatus=0,mFmRadioSinkDev=4,device2=0
03-25 10:45:53.877 V/AudioPolicyManagerBase(  119): setOutputDevice() setting same device 0000 or null device for output 2
03-25 10:45:53.877 V/AudioFlinger(  119): presentationComplete() reset: mPresentationCompleteFrames 214032 audioHalFrames 2064
03-25 10:45:53.937 V/AudioFlinger(  119): presentationComplete() session 102 complete: framesWritten 215040
03-25 10:45:53.937 V/AudioFlinger(  119): TrackBase::reset
03-25 10:45:53.997 D/KeyguardViewMediator(  380): setHidden false
03-25 10:45:54.007 D/AudioPolicyManagerALSA(  119): mFmRadioStatus=0,mFmRadioSinkDev=4,device2=0
03-25 10:45:54.007 V/AudioPolicyManagerBase(  119): getOutput() stream 1, samplingRate 0, format 0, channelMask 3, flags 0
03-25 10:45:54.007 V/AudioPolicyManagerBase(  119): getOutput() returns output 2
03-25 10:45:54.007 D/AudioPolicyManagerALSA(  119): mFmRadioStatus=0,mFmRadioSinkDev=4,device2=0
03-25 10:45:54.007 V/AudioPolicyManagerBase(  119): getOutput() stream 1, samplingRate 0, format 0, channelMask 3, flags 0
03-25 10:45:54.007 V/AudioPolicyManagerBase(  119): getOutput() returns output 2
03-25 10:45:54.007 D/AudioPolicyManagerALSA(  119): mFmRadioStatus=0,mFmRadioSinkDev=4,device2=0
03-25 10:45:54.007 V/AudioPolicyManagerBase(  119): getOutput() stream 1, samplingRate 44100, format 1, channelMask 3, flags 4
03-25 10:45:54.007 V/AudioPolicyManagerBase(  119): getOutput() returns output 2
03-25 10:45:54.017 V/AudioFlinger(  119): createTrack() sessionId: 0
03-25 10:45:54.017 V/AudioFlinger(  119): createTrack() lSessionId: 103
03-25 10:45:54.017 V/AudioFlinger(  119): AUDIO_OUTPUT_FLAG_FAST denied: isTimed=0 sharedBuffer=0x0 frameCount=3763 mFrameCount=1024 format=1 isLinear=1 channelMask=3 sampleRate=44100 mSampleRate=48000 hasFastMixer=0 tid=5677 fastTrackAvailMask=0xfe
03-25 10:45:54.017 V/AudioFlinger(  119): Track constructor name 4100, calling pid 380
03-25 10:45:54.027 I/brcm-gr (  524): [gralloc_lock]: new usage 0x903
03-25 10:45:54.027 I/brcm-gr (  524): [gralloc_lock]: new usage 0x930
03-25 10:45:54.027 V/AudioFlinger(  119): acquiring 103 from 380
03-25 10:45:54.027 V/AudioFlinger(  119):  added new entry for 103
03-25 10:45:54.027 V/AudioFlinger(  119): start(4100), calling pid 380 session 103
03-25 10:45:54.027 V/AudioFlinger(  119): ? => ACTIVE (4100) on thread 0x400cbac0
03-25 10:45:54.027 V/AudioPolicyManagerBase(  119): startOutput() output 2, stream 1, session 103
03-25 10:45:54.027 V/AudioPolicyManagerBase(  119): changeRefCount() stream 1, count 1
03-25 10:45:54.027 D/AudioPolicyManagerALSA(  119): mFmRadioStatus=0,mFmRadioSinkDev=4,device2=0
03-25 10:45:54.027 V/AudioPolicyManagerBase(  119): setOutputDevice() output 2 device 0002 delayMs 0
03-25 10:45:54.027 V/AudioPolicyManagerBase(  119): setOutputDevice() prevDevice 0002
03-25 10:45:54.027 D/AudioPolicyManagerALSA(  119): mFmRadioStatus=0,mFmRadioSinkDev=4,device2=0
03-25 10:45:54.027 D/AudioPolicyManagerALSA(  119): mFmRadioStatus=0,mFmRadioSinkDev=4,device2=0
03-25 10:45:54.027 D/AudioPolicyManagerALSA(  119): mFmRadioStatus=0,mFmRadioSinkDev=4,device2=0
03-25 10:45:54.027 D/AudioPolicyManagerALSA(  119): mFmRadioStatus=0,mFmRadioSinkDev=4,device2=0
03-25 10:45:54.027 D/AudioPolicyManagerALSA(  119): mFmRadioStatus=0,mFmRadioSinkDev=4,device2=0
03-25 10:45:54.027 V/AudioPolicyManagerBase(  119): setOutputDevice() setting same device 0002 or null device for output 2
03-25 10:45:54.027 V/AudioFlinger(  119): mWaitWorkCV.broadcast
03-25 10:45:54.027 V/AudioFlinger(  119): releasing 102 from 380
03-25 10:45:54.027 V/AudioFlinger(  119):  decremented refcount to 0
03-25 10:45:54.027 V/AudioFlinger(  119): purging stale effects
03-25 10:45:54.027 V/AudioPolicyManagerBase(  119): releaseOutput() 2
03-25 10:45:54.027 V/AudioFlinger(  119): remove track (4101) and delete from mixer
03-25 10:45:54.027 V/AudioFlinger(  119): PlaybackThread::Track destructor
03-25 10:45:54.037 I/brcm-gr (  524): [gralloc_lock]: new usage 0x933
03-25 10:45:54.047 D/KeyguardViewMediator(  380): setHidden false
03-25 10:45:54.077 I/brcm-gr (  524): [gralloc_lock]: new usage 0x933
03-25 10:45:54.087 D/KeyguardViewMediator(  380): setHidden false
03-25 10:45:54.087 I/brcm-gr (  524): [gralloc_lock]: new usage 0x903
03-25 10:45:54.087 I/brcm-gr (  524): [gralloc_lock]: new usage 0x930
03-25 10:45:54.097 I/brcm-gr (  524): [gralloc_lock]: new usage 0x933
03-25 10:45:54.127 V/AudioFlinger(  119): getNextBuffer() no more data for track 4100 on thread 0x41a27580
03-25 10:45:54.127 V/AudioFlinger(  119): stop(4100), calling pid 380
03-25 10:45:54.127 V/AudioFlinger(  119): not stopping/stopped => stopping/stopped (4100) on thread 0x41a27580
03-25 10:45:54.127 V/AudioPolicyManagerBase(  119): stopOutput() output 2, stream 1, session 103
03-25 10:45:54.127 V/AudioPolicyManagerBase(  119): changeRefCount() stream 1, count 0
03-25 10:45:54.127 V/AudioPolicyManagerBase(  119): setOutputDevice() output 2 device 0000 delayMs 86
03-25 10:45:54.127 V/AudioPolicyManagerBase(  119): setOutputDevice() prevDevice 0002
03-25 10:45:54.127 D/AudioPolicyManagerALSA(  119): mFmRadioStatus=0,mFmRadioSinkDev=4,device2=0
03-25 10:45:54.127 D/AudioPolicyManagerALSA(  119): mFmRadioStatus=0,mFmRadioSinkDev=4,device2=0
03-25 10:45:54.127 D/AudioPolicyManagerALSA(  119): mFmRadioStatus=0,mFmRadioSinkDev=4,device2=0
03-25 10:45:54.127 D/AudioPolicyManagerALSA(  119): mFmRadioStatus=0,mFmRadioSinkDev=4,device2=0
03-25 10:45:54.127 D/AudioPolicyManagerALSA(  119): mFmRadioStatus=0,mFmRadioSinkDev=4,device2=0
03-25 10:45:54.127 V/AudioPolicyManagerBase(  119): setOutputDevice() setting same device 0000 or null device for output 2
03-25 10:45:54.137 V/AudioFlinger(  119): presentationComplete() reset: mPresentationCompleteFrames 226320 audioHalFrames 2064
03-25 10:45:54.187 V/AudioFlinger(  119): presentationComplete() session 103 complete: framesWritten 227328
03-25 10:45:54.187 V/AudioFlinger(  119): TrackBase::reset
03-25 10:45:54.287 D/KeyguardViewMediator(  380): setHidden false
03-25 10:45:54.467 D/AudioPolicyManagerALSA(  119): mFmRadioStatus=0,mFmRadioSinkDev=4,device2=0
03-25 10:45:54.467 V/AudioPolicyManagerBase(  119): getOutput() stream 1, samplingRate 0, format 0, channelMask 3, flags 0
03-25 10:45:54.467 V/AudioPolicyManagerBase(  119): getOutput() returns output 2
03-25 10:45:54.467 D/AudioPolicyManagerALSA(  119): mFmRadioStatus=0,mFmRadioSinkDev=4,device2=0
03-25 10:45:54.467 V/AudioPolicyManagerBase(  119): getOutput() stream 1, samplingRate 0, format 0, channelMask 3, flags 0
03-25 10:45:54.467 V/AudioPolicyManagerBase(  119): getOutput() returns output 2
03-25 10:45:54.467 D/AudioPolicyManagerALSA(  119): mFmRadioStatus=0,mFmRadioSinkDev=4,device2=0
03-25 10:45:54.467 V/AudioPolicyManagerBase(  119): getOutput() stream 1, samplingRate 44100, format 1, channelMask 3, flags 4
03-25 10:45:54.467 V/AudioPolicyManagerBase(  119): getOutput() returns output 2
03-25 10:45:54.467 V/AudioFlinger(  119): createTrack() sessionId: 0
03-25 10:45:54.467 V/AudioFlinger(  119): createTrack() lSessionId: 104
03-25 10:45:54.467 V/AudioFlinger(  119): AUDIO_OUTPUT_FLAG_FAST denied: isTimed=0 sharedBuffer=0x0 frameCount=3763 mFrameCount=1024 format=1 isLinear=1 channelMask=3 sampleRate=44100 mSampleRate=48000 hasFastMixer=0 tid=5678 fastTrackAvailMask=0xfe
03-25 10:45:54.467 V/AudioFlinger(  119): Track constructor name 4101, calling pid 380
03-25 10:45:54.467 V/AudioFlinger(  119): acquiring 104 from 380
03-25 10:45:54.467 V/AudioFlinger(  119):  added new entry for 104
03-25 10:45:54.467 V/AudioFlinger(  119): start(4101), calling pid 380 session 104
03-25 10:45:54.467 V/AudioFlinger(  119): ? => ACTIVE (4101) on thread 0x419afde0
03-25 10:45:54.467 V/AudioPolicyManagerBase(  119): startOutput() output 2, stream 1, session 104
03-25 10:45:54.467 V/AudioPolicyManagerBase(  119): changeRefCount() stream 1, count 1
03-25 10:45:54.467 D/AudioPolicyManagerALSA(  119): mFmRadioStatus=0,mFmRadioSinkDev=4,device2=0
03-25 10:45:54.467 V/AudioPolicyManagerBase(  119): setOutputDevice() output 2 device 0002 delayMs 0
03-25 10:45:54.467 V/AudioPolicyManagerBase(  119): setOutputDevice() prevDevice 0002
03-25 10:45:54.467 D/AudioPolicyManagerALSA(  119): mFmRadioStatus=0,mFmRadioSinkDev=4,device2=0
03-25 10:45:54.467 D/AudioPolicyManagerALSA(  119): mFmRadioStatus=0,mFmRadioSinkDev=4,device2=0
03-25 10:45:54.467 D/AudioPolicyManagerALSA(  119): mFmRadioStatus=0,mFmRadioSinkDev=4,device2=0
03-25 10:45:54.467 D/AudioPolicyManagerALSA(  119): mFmRadioStatus=0,mFmRadioSinkDev=4,device2=0
03-25 10:45:54.467 D/AudioPolicyManagerALSA(  119): mFmRadioStatus=0,mFmRadioSinkDev=4,device2=0
03-25 10:45:54.467 V/AudioPolicyManagerBase(  119): setOutputDevice() setting same device 0002 or null device for output 2
03-25 10:45:54.467 V/AudioFlinger(  119): mWaitWorkCV.broadcast
03-25 10:45:54.477 V/AudioFlinger(  119): releasing 103 from 380
03-25 10:45:54.477 V/AudioFlinger(  119):  decremented refcount to 0
03-25 10:45:54.477 V/AudioFlinger(  119): purging stale effects
03-25 10:45:54.477 V/AudioPolicyManagerBase(  119): releaseOutput() 2
03-25 10:45:54.477 V/AudioFlinger(  119): remove track (4100) and delete from mixer
03-25 10:45:54.477 V/AudioFlinger(  119): PlaybackThread::Track destructor
03-25 10:45:54.477 I/brcm-gr (  524): [gralloc_lock]: new usage 0x903
03-25 10:45:54.477 I/brcm-gr (  524): [gralloc_lock]: new usage 0x930
03-25 10:45:54.497 I/brcm-gr (  524): [gralloc_lock]: new usage 0x933
03-25 10:45:54.517 D/KeyguardViewMediator(  380): setHidden false
03-25 10:45:54.547 I/brcm-gr (  524): [gralloc_lock]: new usage 0x933
03-25 10:45:54.557 D/KeyguardViewMediator(  380): setHidden false
03-25 10:45:54.557 I/brcm-gr (  524): [gralloc_lock]: new usage 0x903
03-25 10:45:54.557 I/brcm-gr (  524): [gralloc_lock]: new usage 0x930
03-25 10:45:54.567 I/brcm-gr (  524): [gralloc_lock]: new usage 0x933
03-25 10:45:54.577 V/AudioFlinger(  119): getNextBuffer() no more data for track 4101 on thread 0x41a27580
03-25 10:45:54.577 V/AudioFlinger(  119): stop(4101), calling pid 380
03-25 10:45:54.577 V/AudioFlinger(  119): not stopping/stopped => stopping/stopped (4101) on thread 0x41a27580
03-25 10:45:54.577 V/AudioPolicyManagerBase(  119): stopOutput() output 2, stream 1, session 104
03-25 10:45:54.577 V/AudioPolicyManagerBase(  119): changeRefCount() stream 1, count 0
03-25 10:45:54.577 V/AudioPolicyManagerBase(  119): setOutputDevice() output 2 device 0000 delayMs 86
03-25 10:45:54.577 V/AudioPolicyManagerBase(  119): setOutputDevice() prevDevice 0002
03-25 10:45:54.577 D/AudioPolicyManagerALSA(  119): mFmRadioStatus=0,mFmRadioSinkDev=4,device2=0
03-25 10:45:54.577 D/AudioPolicyManagerALSA(  119): mFmRadioStatus=0,mFmRadioSinkDev=4,device2=0
03-25 10:45:54.577 D/AudioPolicyManagerALSA(  119): mFmRadioStatus=0,mFmRadioSinkDev=4,device2=0
03-25 10:45:54.577 D/AudioPolicyManagerALSA(  119): mFmRadioStatus=0,mFmRadioSinkDev=4,device2=0
03-25 10:45:54.577 D/AudioPolicyManagerALSA(  119): mFmRadioStatus=0,mFmRadioSinkDev=4,device2=0
03-25 10:45:54.577 V/AudioPolicyManagerBase(  119): setOutputDevice() setting same device 0000 or null device for output 2
03-25 10:45:54.587 V/AudioFlinger(  119): presentationComplete() reset: mPresentationCompleteFrames 247824 audioHalFrames 2064
03-25 10:45:54.637 V/AudioFlinger(  119): presentationComplete() session 104 complete: framesWritten 248832
03-25 10:45:54.637 V/AudioFlinger(  119): TrackBase::reset
03-25 10:45:54.748 D/KeyguardViewMediator(  380): setHidden false
03-25 10:45:54.758 D/AudioPolicyManagerALSA(  119): mFmRadioStatus=0,mFmRadioSinkDev=4,device2=0
03-25 10:45:54.758 V/AudioPolicyManagerBase(  119): getOutput() stream 1, samplingRate 0, format 0, channelMask 3, flags 0
03-25 10:45:54.758 V/AudioPolicyManagerBase(  119): getOutput() returns output 2
03-25 10:45:54.758 D/AudioPolicyManagerALSA(  119): mFmRadioStatus=0,mFmRadioSinkDev=4,device2=0
03-25 10:45:54.758 V/AudioPolicyManagerBase(  119): getOutput() stream 1, samplingRate 0, format 0, channelMask 3, flags 0
03-25 10:45:54.758 V/AudioPolicyManagerBase(  119): getOutput() returns output 2
03-25 10:45:54.758 D/AudioPolicyManagerALSA(  119): mFmRadioStatus=0,mFmRadioSinkDev=4,device2=0
03-25 10:45:54.758 V/AudioPolicyManagerBase(  119): getOutput() stream 1, samplingRate 44100, format 1, channelMask 3, flags 4
03-25 10:45:54.758 V/AudioPolicyManagerBase(  119): getOutput() returns output 2
03-25 10:45:54.758 V/AudioFlinger(  119): createTrack() sessionId: 0
03-25 10:45:54.758 V/AudioFlinger(  119): createTrack() lSessionId: 105
03-25 10:45:54.758 V/AudioFlinger(  119): AUDIO_OUTPUT_FLAG_FAST denied: isTimed=0 sharedBuffer=0x0 frameCount=3763 mFrameCount=1024 format=1 isLinear=1 channelMask=3 sampleRate=44100 mSampleRate=48000 hasFastMixer=0 tid=5679 fastTrackAvailMask=0xfe
03-25 10:45:54.758 V/AudioFlinger(  119): Track constructor name 4100, calling pid 380
03-25 10:45:54.758 V/AudioFlinger(  119): acquiring 105 from 380
03-25 10:45:54.758 V/AudioFlinger(  119):  added new entry for 105
03-25 10:45:54.758 V/AudioFlinger(  119): start(4100), calling pid 380 session 105
03-25 10:45:54.758 V/AudioFlinger(  119): ? => ACTIVE (4100) on thread 0x400cbac0
03-25 10:45:54.758 V/AudioPolicyManagerBase(  119): startOutput() output 2, stream 1, session 105
03-25 10:45:54.758 V/AudioPolicyManagerBase(  119): changeRefCount() stream 1, count 1
03-25 10:45:54.758 D/AudioPolicyManagerALSA(  119): mFmRadioStatus=0,mFmRadioSinkDev=4,device2=0
03-25 10:45:54.758 V/AudioPolicyManagerBase(  119): setOutputDevice() output 2 device 0002 delayMs 0
03-25 10:45:54.758 V/AudioPolicyManagerBase(  119): setOutputDevice() prevDevice 0002
03-25 10:45:54.758 D/AudioPolicyManagerALSA(  119): mFmRadioStatus=0,mFmRadioSinkDev=4,device2=0
03-25 10:45:54.758 D/AudioPolicyManagerALSA(  119): mFmRadioStatus=0,mFmRadioSinkDev=4,device2=0
03-25 10:45:54.758 D/AudioPolicyManagerALSA(  119): mFmRadioStatus=0,mFmRadioSinkDev=4,device2=0
03-25 10:45:54.758 D/AudioPolicyManagerALSA(  119): mFmRadioStatus=0,mFmRadioSinkDev=4,device2=0
03-25 10:45:54.758 D/AudioPolicyManagerALSA(  119): mFmRadioStatus=0,mFmRadioSinkDev=4,device2=0
03-25 10:45:54.758 V/AudioPolicyManagerBase(  119): setOutputDevice() setting same device 0002 or null device for output 2
03-25 10:45:54.758 V/AudioFlinger(  119): mWaitWorkCV.broadcast
03-25 10:45:54.758 V/AudioFlinger(  119): releasing 104 from 380
03-25 10:45:54.758 V/AudioFlinger(  119):  decremented refcount to 0
03-25 10:45:54.758 V/AudioFlinger(  119): purging stale effects
03-25 10:45:54.758 V/AudioPolicyManagerBase(  119): releaseOutput() 2
03-25 10:45:54.758 V/AudioFlinger(  119): remove track (4101) and delete from mixer
03-25 10:45:54.758 V/AudioFlinger(  119): PlaybackThread::Track destructor
03-25 10:45:54.768 I/brcm-gr (  524): [gralloc_lock]: new usage 0x903
03-25 10:45:54.768 I/brcm-gr (  524): [gralloc_lock]: new usage 0x930
03-25 10:45:54.778 I/brcm-gr (  524): [gralloc_lock]: new usage 0x933
03-25 10:45:54.788 D/KeyguardViewMediator(  380): setHidden false
03-25 10:45:54.818 I/brcm-gr (  524): [gralloc_lock]: new usage 0x933
03-25 10:45:54.818 D/KeyguardViewMediator(  380): setHidden false
03-25 10:45:54.828 I/brcm-gr (  524): [gralloc_lock]: new usage 0x903
03-25 10:45:54.828 I/brcm-gr (  524): [gralloc_lock]: new usage 0x930
03-25 10:45:54.838 I/brcm-gr (  524): [gralloc_lock]: new usage 0x933
03-25 10:45:54.868 V/AudioFlinger(  119): getNextBuffer() no more data for track 4100 on thread 0x41a27580
03-25 10:45:54.878 V/AudioFlinger(  119): stop(4100), calling pid 380
03-25 10:45:54.878 V/AudioFlinger(  119): not stopping/stopped => stopping/stopped (4100) on thread 0x41a27580
03-25 10:45:54.878 V/AudioPolicyManagerBase(  119): stopOutput() output 2, stream 1, session 105
03-25 10:45:54.878 V/AudioPolicyManagerBase(  119): changeRefCount() stream 1, count 0
03-25 10:45:54.878 V/AudioPolicyManagerBase(  119): setOutputDevice() output 2 device 0000 delayMs 86
03-25 10:45:54.878 V/AudioPolicyManagerBase(  119): setOutputDevice() prevDevice 0002
03-25 10:45:54.878 D/AudioPolicyManagerALSA(  119): mFmRadioStatus=0,mFmRadioSinkDev=4,device2=0
03-25 10:45:54.878 D/AudioPolicyManagerALSA(  119): mFmRadioStatus=0,mFmRadioSinkDev=4,device2=0
03-25 10:45:54.878 D/AudioPolicyManagerALSA(  119): mFmRadioStatus=0,mFmRadioSinkDev=4,device2=0
03-25 10:45:54.878 D/AudioPolicyManagerALSA(  119): mFmRadioStatus=0,mFmRadioSinkDev=4,device2=0
03-25 10:45:54.878 D/AudioPolicyManagerALSA(  119): mFmRadioStatus=0,mFmRadioSinkDev=4,device2=0
03-25 10:45:54.878 V/AudioPolicyManagerBase(  119): setOutputDevice() setting same device 0000 or null device for output 2
03-25 10:45:54.888 V/AudioFlinger(  119): presentationComplete() reset: mPresentationCompleteFrames 262160 audioHalFrames 2064
03-25 10:45:54.938 V/AudioFlinger(  119): presentationComplete() session 105 complete: framesWritten 263168
03-25 10:45:54.938 V/AudioFlinger(  119): TrackBase::reset
03-25 10:45:55.008 D/KeyguardViewMediator(  380): setHidden false
03-25 10:45:55.348 D/AudioPolicyManagerALSA(  119): mFmRadioStatus=0,mFmRadioSinkDev=4,device2=0
03-25 10:45:55.348 V/AudioPolicyManagerBase(  119): getOutput() stream 1, samplingRate 0, format 0, channelMask 3, flags 0
03-25 10:45:55.348 I/brcm-gr (  524): [gralloc_lock]: new usage 0x903
03-25 10:45:55.348 I/brcm-gr (  524): [gralloc_lock]: new usage 0x930
03-25 10:45:55.348 V/AudioPolicyManagerBase(  119): getOutput() returns output 2
03-25 10:45:55.348 D/AudioPolicyManagerALSA(  119): mFmRadioStatus=0,mFmRadioSinkDev=4,device2=0
03-25 10:45:55.348 V/AudioPolicyManagerBase(  119): getOutput() stream 1, samplingRate 0, format 0, channelMask 3, flags 0
03-25 10:45:55.348 V/AudioPolicyManagerBase(  119): getOutput() returns output 2
03-25 10:45:55.348 D/AudioPolicyManagerALSA(  119): mFmRadioStatus=0,mFmRadioSinkDev=4,device2=0
03-25 10:45:55.348 V/AudioPolicyManagerBase(  119): getOutput() stream 1, samplingRate 44100, format 1, channelMask 3, flags 4
03-25 10:45:55.348 V/AudioPolicyManagerBase(  119): getOutput() returns output 2
03-25 10:45:55.348 V/AudioFlinger(  119): createTrack() sessionId: 0
03-25 10:45:55.348 V/AudioFlinger(  119): createTrack() lSessionId: 106
03-25 10:45:55.348 V/AudioFlinger(  119): AUDIO_OUTPUT_FLAG_FAST denied: isTimed=0 sharedBuffer=0x0 frameCount=3763 mFrameCount=1024 format=1 isLinear=1 channelMask=3 sampleRate=44100 mSampleRate=48000 hasFastMixer=0 tid=5680 fastTrackAvailMask=0xfe
03-25 10:45:55.358 V/AudioFlinger(  119): Track constructor name 4101, calling pid 380
03-25 10:45:55.358 V/AudioFlinger(  119): acquiring 106 from 380
03-25 10:45:55.358 V/AudioFlinger(  119):  added new entry for 106
03-25 10:45:55.358 V/AudioFlinger(  119): start(4101), calling pid 380 session 106
03-25 10:45:55.358 V/AudioFlinger(  119): ? => ACTIVE (4101) on thread 0x419afde0
03-25 10:45:55.358 V/AudioPolicyManagerBase(  119): startOutput() output 2, stream 1, session 106
03-25 10:45:55.358 V/AudioPolicyManagerBase(  119): changeRefCount() stream 1, count 1
03-25 10:45:55.358 D/AudioPolicyManagerALSA(  119): mFmRadioStatus=0,mFmRadioSinkDev=4,device2=0
03-25 10:45:55.358 V/AudioPolicyManagerBase(  119): setOutputDevice() output 2 device 0002 delayMs 0
03-25 10:45:55.358 V/AudioPolicyManagerBase(  119): setOutputDevice() prevDevice 0002
03-25 10:45:55.358 D/AudioPolicyManagerALSA(  119): mFmRadioStatus=0,mFmRadioSinkDev=4,device2=0
03-25 10:45:55.358 D/AudioPolicyManagerALSA(  119): mFmRadioStatus=0,mFmRadioSinkDev=4,device2=0
03-25 10:45:55.358 D/AudioPolicyManagerALSA(  119): mFmRadioStatus=0,mFmRadioSinkDev=4,device2=0
03-25 10:45:55.358 D/AudioPolicyManagerALSA(  119): mFmRadioStatus=0,mFmRadioSinkDev=4,device2=0
03-25 10:45:55.358 D/AudioPolicyManagerALSA(  119): mFmRadioStatus=0,mFmRadioSinkDev=4,device2=0
03-25 10:45:55.358 V/AudioPolicyManagerBase(  119): setOutputDevice() setting same device 0002 or null device for output 2
03-25 10:45:55.358 V/AudioFlinger(  119): mWaitWorkCV.broadcast
03-25 10:45:55.358 V/AudioFlinger(  119): releasing 105 from 380
03-25 10:45:55.358 V/AudioFlinger(  119):  decremented refcount to 0
03-25 10:45:55.358 V/AudioFlinger(  119): purging stale effects
03-25 10:45:55.358 V/AudioPolicyManagerBase(  119): releaseOutput() 2
03-25 10:45:55.358 V/AudioFlinger(  119): remove track (4100) and delete from mixer
03-25 10:45:55.358 V/AudioFlinger(  119): PlaybackThread::Track destructor
03-25 10:45:55.368 I/brcm-gr (  524): [gralloc_lock]: new usage 0x933
03-25 10:45:55.428 I/brcm-gr (  524): [gralloc_lock]: new usage 0x903
03-25 10:45:55.428 I/brcm-gr (  524): [gralloc_lock]: new usage 0x930
03-25 10:45:55.458 I/brcm-gr (  524): [gralloc_lock]: new usage 0x933
03-25 10:45:55.458 D/PinyinIME(  524): PinyinIME--->onFinishInputView.
03-25 10:45:55.458 D/dalvikvm(  524): WAIT_FOR_CONCURRENT_GC blocked 0ms
03-25 10:45:55.468 V/AudioFlinger(  119): getNextBuffer() no more data for track 4101 on thread 0x41a27580
03-25 10:45:55.478 V/AudioFlinger(  119): stop(4101), calling pid 380
03-25 10:45:55.478 V/AudioFlinger(  119): not stopping/stopped => stopping/stopped (4101) on thread 0x41a27580
03-25 10:45:55.478 V/AudioPolicyManagerBase(  119): stopOutput() output 2, stream 1, session 106
03-25 10:45:55.478 V/AudioPolicyManagerBase(  119): changeRefCount() stream 1, count 0
03-25 10:45:55.478 V/AudioPolicyManagerBase(  119): setOutputDevice() output 2 device 0000 delayMs 86
03-25 10:45:55.478 V/AudioPolicyManagerBase(  119): setOutputDevice() prevDevice 0002
03-25 10:45:55.478 D/AudioPolicyManagerALSA(  119): mFmRadioStatus=0,mFmRadioSinkDev=4,device2=0
03-25 10:45:55.478 D/AudioPolicyManagerALSA(  119): mFmRadioStatus=0,mFmRadioSinkDev=4,device2=0
03-25 10:45:55.478 D/AudioPolicyManagerALSA(  119): mFmRadioStatus=0,mFmRadioSinkDev=4,device2=0
03-25 10:45:55.478 D/AudioPolicyManagerALSA(  119): mFmRadioStatus=0,mFmRadioSinkDev=4,device2=0
03-25 10:45:55.478 D/AudioPolicyManagerALSA(  119): mFmRadioStatus=0,mFmRadioSinkDev=4,device2=0
03-25 10:45:55.478 V/AudioPolicyManagerBase(  119): setOutputDevice() setting same device 0000 or null device for output 2
03-25 10:45:55.478 V/AudioFlinger(  119): presentationComplete() reset: mPresentationCompleteFrames 290832 audioHalFrames 2064
03-25 10:45:55.488 D/dalvikvm(  524): GC_EXPLICIT freed 369K, 26% free 11968K/16067K, paused 2ms+3ms, total 27ms
03-25 10:45:55.498 D/KeyguardViewMediator(  380): setHidden false
03-25 10:45:55.538 V/AudioFlinger(  119): presentationComplete() session 106 complete: framesWritten 291840
03-25 10:45:55.538 V/AudioFlinger(  119): TrackBase::reset
03-25 10:45:55.729 D/KeyguardViewMediator(  380): setHidden false
03-25 10:45:55.739 D/KeyguardViewMediator(  380): setHidden false
03-25 10:45:55.999 D/Test    ( 3993): requestUrl  :http://wasu.feifeikan.com:8080/userCenter/login?version=V001&terminalType=3&resolution=1280*720&userName=lylyly&passwd=123456&authKey=e9054dc3c8db6e1d7082edbd1085aa63
03-25 10:45:56.009 D/KeyguardViewMediator(  380): setHidden false
03-25 10:45:56.019 W/khrn_client( 3993): init_window num_buffers 3 min undequeued buffers 1 type 1
03-25 10:45:56.019 W/khrn_client( 3993): init_window window 0x5c256da8, 346x230 hintTransform 0x0
03-25 10:45:56.039 D/KeyguardViewMediator(  380): setHidden false
03-25 10:45:56.049 D/KeyguardViewMediator(  380): setHidden false
03-25 10:45:56.109 E/Functions( 3993): userLogIn:
03-25 10:45:56.129 E/Test    ( 3993): key:weiboUid  value:0
03-25 10:45:56.129 E/Test    ( 3993): key:USER_LOGIN_NAME  value:lylyly
03-25 10:45:56.139 E/Test    ( 3993): key:USER_LOGIN_PWD  value:123456
03-25 10:45:56.199 D/KeyguardViewMediator(  380): setHidden false
03-25 10:45:56.209 D/KeyguardViewMediator(  380): setHidden false
03-25 10:45:56.209 D/Test    ( 3993): requestUrl  :http://wasu.feifeikan.com:8080/userCenter/getFavorite?version=V001&terminalType=3&resolution=1280*720&userCode=lylyly&userName=lylyly&authKey=84312e312d591c55ff0f84adaa299bf7
03-25 10:45:56.209 D/Test    ( 3993): requestUrl  :http://wasu.feifeikan.com:8080/msis/viewedList?version=V001&terminalType=3&resolution=1280*720&resourceCode=11677&authKey=de4d062cd54415c438d90a064b582ed5
03-25 10:45:56.209 D/Test    ( 3993): requestUrl  :http://wasu.feifeikan.com:8080/msis/getAssetCount?version=V001&terminalType=3&resolution=1280*720&resourceCode=11677&authKey=c5a9dccec83bf5644dae697e9c5f4272
03-25 10:45:56.209 D/Test    ( 3993): requestUrl  :http://wasu.feifeikan.com:8080/msis/getViewingUserList?version=V001&terminalType=3&resolution=1280*720&resourceCode=11677&pageSize=30&curPage=1&authKey=76c574f4a11904efc1f1401ef0df8b71
03-25 10:45:56.209 D/Test    ( 3993): requestUrl  :http://wasu.feifeikan.com:8080/userCenter/getCommentByAssetId?version=V001&terminalType=3&resolution=1280*720&objType=2&objID=11677&pageSize=10&curPage=1&authKey=47a728d34e742b8bdd28a3328b2d847b
03-25 10:45:56.229 D/        ( 3993): Item loaded from cache: http://photo.feifeikan.com:80/ott-poster/upload/logo/default.png
03-25 10:45:56.229 D/        ( 3993): Item loaded from cache: http://photo.feifeikan.com:80/ott-poster/upload/logo/default.png
03-25 10:45:56.229 D/        ( 3993): Item loaded from cache: http://photo.feifeikan.com:80/ott-poster/upload/logo/20130322160508.jpg
03-25 10:45:56.229 D/        ( 3993): Item loaded from cache: http://photo.feifeikan.com:80/ott-poster/upload/logo/20130304094134.jpg
03-25 10:45:56.239 D/        ( 3993): Item loaded from cache: http://photo.feifeikan.com:80/ott-poster/upload/logo/default.png
03-25 10:45:56.239 D/        ( 3993): Item loaded from cache: http://photo.feifeikan.com:80/ott-poster/upload/logo/default.png
03-25 10:45:56.249 D/        ( 3993): Item loaded from cache: http://photo.feifeikan.com:80/ott-poster/upload/logo/20130322160508.jpg
03-25 10:45:56.249 D/        ( 3993): Item loaded from cache: http://photo.feifeikan.com:80/ott-poster/upload/logo/20130304094134.jpg
03-25 10:45:56.249 D/KeyguardViewMediator(  380): setHidden false
03-25 10:45:56.249 V/PhoneStatusBar(  465): setLightsOn(true)
03-25 10:45:56.259 W/khrn_client( 3993): init_window num_buffers 3 min undequeued buffers 1 type 1
03-25 10:45:56.259 W/khrn_client( 3993): init_window window 0x5c256da8, 720x1280 hintTransform 0x0
03-25 10:45:56.289 D/KeyguardViewMediator(  380): setHidden false
03-25 10:45:56.289 D/KeyguardViewMediator(  380): setHidden false
03-25 10:45:56.299 D/KeyguardViewMediator(  380): setHidden false
03-25 10:45:56.299 D/PinyinIME(  524): PinyinIME--->onFinishInput.
03-25 10:45:56.309 D/KeyguardViewMediator(  380): setHidden false
03-25 10:45:56.309 D/BitmapManager( 3993): writeToFile OK
03-25 10:45:56.309 D/        ( 3993): Item downloaded: http://photo.feifeikan.com:80/ott-poster/upload/logo/20130219160333.jpg
03-25 10:45:56.329 D/BitmapManager( 3993): writeToFile OK
03-25 10:45:56.329 D/        ( 3993): Item downloaded: http://photo.feifeikan.com:80/ott-poster/upload/logo/20130219160333.jpg
03-25 10:45:56.469 D/        ( 3993): Item loaded from cache: http://photo.feifeikan.com:80/ott-poster/upload/logo/default.png
03-25 10:45:56.479 D/        ( 3993): Item loaded from cache: http://photo.feifeikan.com:80/ott-poster/upload/logo/default.png
03-25 10:45:56.479 D/        ( 3993): Item loaded from cache: http://photo.feifeikan.com:80/ott-poster/upload/logo/20130219160333.jpg
03-25 10:45:56.479 D/        ( 3993): Item loaded from cache: http://photo.feifeikan.com:80/ott-poster/upload/logo/20130322160508.jpg
03-25 10:45:56.529 D/dalvikvm( 3993): GC_CONCURRENT freed 2900K, 14% free 49963K/57987K, paused 14ms+14ms, total 97ms
03-25 10:45:56.529 D/dalvikvm( 3993): WAIT_FOR_CONCURRENT_GC blocked 52ms
03-25 10:45:56.539 D/dalvikvm( 3993): WAIT_FOR_CONCURRENT_GC blocked 53ms
03-25 10:45:56.539 D/        ( 3993): Item loaded from cache: http://photo.feifeikan.com:80/ott-poster/upload/logo/20130304094134.jpg
03-25 10:45:56.539 D/        ( 3993): Item loaded from cache: http://photo.feifeikan.com:80/ott-poster/upload/logo/default.png
03-25 10:45:56.539 D/        ( 3993): Item loaded from cache: http://photo.feifeikan.com:80/ott-poster/upload/logo/default.png
03-25 10:45:56.539 D/        ( 3993): Item loaded from cache: http://photo.feifeikan.com:80/ott-poster/upload/logo/20130322160508.jpg
03-25 10:45:56.549 D/        ( 3993): Item loaded from cache: http://photo.feifeikan.com:80/ott-poster/upload/logo/20130304094134.jpg
03-25 10:45:56.549 D/        ( 3993): Item loaded from cache: http://photo.feifeikan.com:80/ott-poster/upload/logo/default.png
03-25 10:45:56.549 D/        ( 3993): Item loaded from cache: http://photo.feifeikan.com:80/ott-poster/upload/logo/default.png
03-25 10:45:56.549 D/        ( 3993): Item loaded from cache: http://photo.feifeikan.com:80/ott-poster/upload/logo/20130322160508.jpg
03-25 10:45:56.549 D/        ( 3993): Item loaded from cache: http://photo.feifeikan.com:80/ott-poster/upload/logo/20130304094134.jpg
03-25 10:45:56.569 D/        ( 3993): Item loaded from cache: http://photo.feifeikan.com:80/ott-poster/upload/logo/default.png
03-25 10:45:56.569 D/        ( 3993): Item loaded from cache: http://photo.feifeikan.com:80/ott-poster/upload/logo/default.png
03-25 10:45:56.579 D/        ( 3993): Item loaded from cache: http://photo.feifeikan.com:80/ott-poster/upload/logo/20130322160508.jpg
03-25 10:45:56.579 D/        ( 3993): Item loaded from cache: http://photo.feifeikan.com:80/ott-poster/upload/logo/20130304094134.jpg
03-25 10:45:56.579 D/        ( 3993): Item loaded from cache: http://photo.feifeikan.com:80/ott-poster/upload/logo/default.png
03-25 10:45:56.579 D/        ( 3993): Item loaded from cache: http://photo.feifeikan.com:80/ott-poster/upload/logo/default.png
03-25 10:45:56.589 D/        ( 3993): Item loaded from cache: http://photo.feifeikan.com:80/ott-poster/upload/logo/20130322160508.jpg
03-25 10:45:56.589 D/        ( 3993): Item loaded from cache: http://photo.feifeikan.com:80/ott-poster/upload/logo/20130304094134.jpg
03-25 10:45:56.629 D/KeyguardViewMediator(  380): setHidden false
03-25 10:45:56.639 D/KeyguardViewMediator(  380): setHidden false
03-25 10:45:56.639 D/KeyguardViewMediator(  380): setHidden false
03-25 10:45:56.639 D/KeyguardViewMediator(  380): setHidden false
03-25 10:45:56.730 D/BitmapManager( 3993): writeToFile OK
03-25 10:45:56.730 D/        ( 3993): Item downloaded: http://photo.feifeikan.com:80/ott-poster/upload/logo/20130301150834.jpg
03-25 10:45:56.760 D/        ( 3993): Item loaded from cache: http://photo.feifeikan.com:80/ott-poster/upload/logo/default.png
03-25 10:45:56.760 D/        ( 3993): Item loaded from cache: http://photo.feifeikan.com:80/ott-poster/upload/logo/default.png
03-25 10:45:56.760 D/        ( 3993): Item loaded from cache: http://photo.feifeikan.com:80/ott-poster/upload/logo/20130322160508.jpg
03-25 10:45:56.760 D/        ( 3993): Item loaded from cache: http://photo.feifeikan.com:80/ott-poster/upload/logo/20130301150834.jpg
03-25 10:45:56.760 D/        ( 3993): Item loaded from cache: http://photo.feifeikan.com:80/ott-poster/upload/logo/20130304094134.jpg
03-25 10:45:56.760 D/        ( 3993): Item loaded from cache: http://photo.feifeikan.com:80/ott-poster/upload/logo/default.png
03-25 10:45:56.770 D/        ( 3993): Item loaded from cache: http://photo.feifeikan.com:80/ott-poster/upload/logo/default.png
03-25 10:45:56.770 D/        ( 3993): Item loaded from cache: http://photo.feifeikan.com:80/ott-poster/upload/logo/20130322160508.jpg
03-25 10:45:56.770 D/        ( 3993): Item loaded from cache: http://photo.feifeikan.com:80/ott-poster/upload/logo/20130301150834.jpg
03-25 10:45:56.770 D/        ( 3993): Item loaded from cache: http://photo.feifeikan.com:80/ott-poster/upload/logo/20130304094134.jpg
03-25 10:45:56.770 D/        ( 3993): Item loaded from cache: http://photo.feifeikan.com:80/ott-poster/upload/logo/default.png
03-25 10:45:56.770 D/        ( 3993): Item loaded from cache: http://photo.feifeikan.com:80/ott-poster/upload/logo/default.png
03-25 10:45:56.770 D/        ( 3993): Item loaded from cache: http://photo.feifeikan.com:80/ott-poster/upload/logo/20130322160508.jpg
03-25 10:45:56.770 D/        ( 3993): Item loaded from cache: http://photo.feifeikan.com:80/ott-poster/upload/logo/20130301150834.jpg
03-25 10:45:56.770 D/        ( 3993): Item loaded from cache: http://photo.feifeikan.com:80/ott-poster/upload/logo/20130304094134.jpg
03-25 10:45:57.030 D/BitmapManager( 3993): writeToFile OK
03-25 10:45:57.030 D/        ( 3993): Item downloaded: http://photo.feifeikan.com:80/ott-poster/upload/logo/20130219160333.jpg
03-25 10:45:57.030 D/BitmapManager( 3993): writeToFile OK
03-25 10:45:57.030 D/        ( 3993): Item downloaded: http://photo.feifeikan.com:80/ott-poster/upload/logo/20130301150834.jpg
03-25 10:45:57.040 D/BitmapManager( 3993): writeToFile OK
03-25 10:45:57.040 D/        ( 3993): Item downloaded: http://photo.feifeikan.com:80/ott-poster/upload/logo/20130301150834.jpg
03-25 10:45:57.330 D/BitmapManager( 3993): writeToFile OK
03-25 10:45:57.330 D/        ( 3993): Item downloaded: http://photo.feifeikan.com:80/ott-poster/upload/logo/20130219160333.jpg
03-25 10:45:57.340 D/        ( 3993): Item loaded from cache: http://photo.feifeikan.com:80/ott-poster/upload/logo/default.png
03-25 10:45:57.340 D/        ( 3993): Item loaded from cache: http://photo.feifeikan.com:80/ott-poster/upload/logo/default.png
03-25 10:45:57.340 D/        ( 3993): Item loaded from cache: http://photo.feifeikan.com:80/ott-poster/upload/logo/20130219160333.jpg
03-25 10:45:57.340 D/        ( 3993): Item loaded from cache: http://photo.feifeikan.com:80/ott-poster/upload/logo/20130322160508.jpg
03-25 10:45:57.340 D/        ( 3993): Item loaded from cache: http://photo.feifeikan.com:80/ott-poster/upload/logo/20130301150834.jpg
03-25 10:45:57.340 D/        ( 3993): Item loaded from cache: http://photo.feifeikan.com:80/ott-poster/upload/logo/20130304094134.jpg
03-25 10:45:57.350 D/        ( 3993): Item loaded from cache: http://photo.feifeikan.com:80/ott-poster/upload/logo/default.png
