E/ActivityThread( 1992):        at android.content.ContextWrapper.bindService(ContextWrapper.java:370)
E/ActivityThread( 1992):        at com.aidufei.otoService.ServiceAdapter.<init>(ServiceAdapter.java:52)
E/ActivityThread( 1992):        at com.coship.dvbplayer.main.init(main.java:465)
E/ActivityThread( 1992):        at com.coship.dvbplayer.main.onResume(main.java:435)
E/ActivityThread( 1992):        at android.app.Instrumentation.callActivityOnResume(Instrumentation.java:1154)
E/ActivityThread( 1992):        at android.app.Activity.performResume(Activity.java:4539)
E/ActivityThread( 1992):        at android.app.ActivityThread.performNewIntents(ActivityThread.java:2057)
E/ActivityThread( 1992):        at android.app.ActivityThread.handleNewIntent(ActivityThread.java:2064)
E/ActivityThread( 1992):        at android.app.ActivityThread.access$1400(ActivityThread.java:123)
E/ActivityThread( 1992):        at android.app.ActivityThread$H.handleMessage(ActivityThread.java:1194)
E/ActivityThread( 1992):        at android.os.Handler.dispatchMessage(Handler.java:99)
E/ActivityThread( 1992):        at android.os.Looper.loop(Looper.java:137)
E/ActivityThread( 1992):        at android.app.ActivityThread.main(ActivityThread.java:4424)
E/ActivityThread( 1992):        at java.lang.reflect.Method.invokeNative(Native Method)
E/ActivityThread( 1992):        at java.lang.reflect.Method.invoke(Method.java:511)
E/ActivityThread( 1992):        at com.android.internal.os.ZygoteInit$MethodAndArgsCaller.run(ZygoteInit.java:848)
E/ActivityThread( 1992):        at com.android.internal.os.ZygoteInit.main(ZygoteInit.java:575)
E/ActivityThread( 1992):        at dalvik.system.NativeStart.main(Native Method)
W/ActivityManager(  948): Unbind failed: could not find connection for android.os.BinderProxy@4188e398
E/ActivityThread( 1992): Activity com.coship.dvbplayer.main has leaked ServiceConnection com.aidufei.otoService.ServiceAdapter$1@416bede8 that was originally bound here
E/ActivityThread( 1992): android.app.ServiceConnectionLeaked: Activity com.coship.dvbplayer.main has leaked ServiceConnection com.aidufei.otoService.ServiceAdapter$1@416bede8 that was originally bound here
E/ActivityThread( 1992):        at android.app.LoadedApk$ServiceDispatcher.<init>(LoadedApk.java:936)
E/ActivityThread( 1992):        at android.app.LoadedApk.getServiceDispatcher(LoadedApk.java:830)
E/ActivityThread( 1992):        at android.app.ContextImpl.bindService(ContextImpl.java:1142)
E/ActivityThread( 1992):        at android.content.ContextWrapper.bindService(ContextWrapper.java:370)
E/ActivityThread( 1992):        at com.aidufei.otoService.ServiceAdapter.<init>(ServiceAdapter.java:52)
E/ActivityThread( 1992):        at com.coship.dvbplayer.main.init(main.java:465)
E/ActivityThread( 1992):        at com.coship.dvbplayer.main.onResume(main.java:435)
E/ActivityThread( 1992):        at android.app.Instrumentation.callActivityOnResume(Instrumentation.java:1154)
E/ActivityThread( 1992):        at android.app.Activity.performResume(Activity.java:4539)
E/ActivityThread( 1992):        at android.app.ActivityThread.performNewIntents(ActivityThread.java:2057)
E/ActivityThread( 1992):        at android.app.ActivityThread.handleNewIntent(ActivityThread.java:2064)
E/ActivityThread( 1992):        at android.app.ActivityThread.access$1400(ActivityThread.java:123)
E/ActivityThread( 1992):        at android.app.ActivityThread$H.handleMessage(ActivityThread.java:1194)
E/ActivityThread( 1992):        at android.os.Handler.dispatchMessage(Handler.java:99)
E/ActivityThread( 1992):        at android.os.Looper.loop(Looper.java:137)
E/ActivityThread( 1992):        at android.app.ActivityThread.main(ActivityThread.java:4424)
E/ActivityThread( 1992):        at java.lang.reflect.Method.invokeNative(Native Method)
E/ActivityThread( 1992):        at java.lang.reflect.Method.invoke(Method.java:511)
E/ActivityThread( 1992):        at com.android.internal.os.ZygoteInit$MethodAndArgsCaller.run(ZygoteInit.java:848)
E/ActivityThread( 1992):        at com.android.internal.os.ZygoteInit.main(ZygoteInit.java:575)
E/ActivityThread( 1992):        at dalvik.system.NativeStart.main(Native Method)
W/ActivityManager(  948): Unbind failed: could not find connection for android.os.BinderProxy@4169aad0
E/ActivityThread( 1992): Activity com.coship.dvbplayer.main has leaked ServiceConnection com.aidufei.otoService.ServiceAdapter$1@42e63468 that was originally bound here
E/ActivityThread( 1992): android.app.ServiceConnectionLeaked: Activity com.coship.dvbplayer.main has leaked ServiceConnection com.aidufei.otoService.ServiceAdapter$1@42e63468 that was originally bound here
E/ActivityThread( 1992):        at android.app.LoadedApk$ServiceDispatcher.<init>(LoadedApk.java:936)
E/ActivityThread( 1992):        at android.app.LoadedApk.getServiceDispatcher(LoadedApk.java:830)
E/ActivityThread( 1992):        at android.app.ContextImpl.bindService(ContextImpl.java:1142)
E/ActivityThread( 1992):        at android.content.ContextWrapper.bindService(ContextWrapper.java:370)
E/ActivityThread( 1992):        at com.aidufei.otoService.ServiceAdapter.<init>(ServiceAdapter.java:52)
E/ActivityThread( 1992):        at com.coship.dvbplayer.main.init(main.java:465)
E/ActivityThread( 1992):        at com.coship.dvbplayer.main.dispatchKeyEvent(main.java:236)
E/ActivityThread( 1992):        at com.android.internal.policy.impl.PhoneWindow$DecorView.dispatchKeyEvent(PhoneWindow.java:1806)
E/ActivityThread( 1992):        at android.view.ViewRootImpl.deliverKeyEventPostIme(ViewRootImpl.java:3327)
E/ActivityThread( 1992):        at android.view.ViewRootImpl.handleFinishedEvent(ViewRootImpl.java:3300)
E/ActivityThread( 1992):        at android.view.ViewRootImpl.handleMessage(ViewRootImpl.java:2460)
E/ActivityThread( 1992):        at android.os.Handler.dispatchMessage(Handler.java:99)
E/ActivityThread( 1992):        at android.os.Looper.loop(Looper.java:137)
E/ActivityThread( 1992):        at android.app.ActivityThread.main(ActivityThread.java:4424)
E/ActivityThread( 1992):        at java.lang.reflect.Method.invokeNative(Native Method)
E/ActivityThread( 1992):        at java.lang.reflect.Method.invoke(Method.java:511)
E/ActivityThread( 1992):        at com.android.internal.os.ZygoteInit$MethodAndArgsCaller.run(ZygoteInit.java:848)
E/ActivityThread( 1992):        at com.android.internal.os.ZygoteInit.main(ZygoteInit.java:575)
E/ActivityThread( 1992):        at dalvik.system.NativeStart.main(Native Method)
W/ActivityManager(  948): Unbind failed: could not find connection for android.os.BinderProxy@4168f9f0
E/ActivityThread( 1992): Activity com.coship.dvbplayer.main has leaked ServiceConnection com.aidufei.otoService.ServiceAdapter$1@41679790 that was originally bound here
E/ActivityThread( 1992): android.app.ServiceConnectionLeaked: Activity com.coship.dvbplayer.main has leaked ServiceConnection com.aidufei.otoService.ServiceAdapter$1@41679790 that was originally bound here
E/ActivityThread( 1992):        at android.app.LoadedApk$ServiceDispatcher.<init>(LoadedApk.java:936)
E/ActivityThread( 1992):        at android.app.LoadedApk.getServiceDispatcher(LoadedApk.java:830)
E/ActivityThread( 1992):        at android.app.ContextImpl.bindService(ContextImpl.java:1142)
E/ActivityThread( 1992):        at android.content.ContextWrapper.bindService(ContextWrapper.java:370)
E/ActivityThread( 1992):        at com.aidufei.otoService.ServiceAdapter.<init>(ServiceAdapter.java:52)
E/ActivityThread( 1992):        at com.coship.dvbplayer.main.init(main.java:465)
E/ActivityThread( 1992):        at com.coship.dvbplayer.main.onResume(main.java:435)
E/ActivityThread( 1992):        at android.app.Instrumentation.callActivityOnResume(Instrumentation.java:1154)
E/ActivityThread( 1992):        at android.app.Activity.performResume(Activity.java:4539)
E/ActivityThread( 1992):        at android.app.ActivityThread.performNewIntents(ActivityThread.java:2057)
E/ActivityThread( 1992):        at android.app.ActivityThread.handleNewIntent(ActivityThread.java:2064)
E/ActivityThread( 1992):        at android.app.ActivityThread.access$1400(ActivityThread.java:123)
E/ActivityThread( 1992):        at android.app.ActivityThread$H.handleMessage(ActivityThread.java:1194)
E/ActivityThread( 1992):        at android.os.Handler.dispatchMessage(Handler.java:99)
E/ActivityThread( 1992):        at android.os.Looper.loop(Looper.java:137)
E/ActivityThread( 1992):        at android.app.ActivityThread.main(ActivityThread.java:4424)
E/ActivityThread( 1992):        at java.lang.reflect.Method.invokeNative(Native Method)
E/ActivityThread( 1992):        at java.lang.reflect.Method.invoke(Method.java:511)
E/ActivityThread( 1992):        at com.android.internal.os.ZygoteInit$MethodAndArgsCaller.run(ZygoteInit.java:848)
E/ActivityThread( 1992):        at com.android.internal.os.ZygoteInit.main(ZygoteInit.java:575)
E/ActivityThread( 1992):        at dalvik.system.NativeStart.main(Native Method)
W/ActivityManager(  948): Unbind failed: could not find connection for android.os.BinderProxy@416f2320
E/ActivityThread( 1992): Activity com.coship.dvbplayer.main has leaked ServiceConnection com.aidufei.otoService.ServiceAdapter$1@41526f00 that was originally bound here
E/ActivityThread( 1992): android.app.ServiceConnectionLeaked: Activity com.coship.dvbplayer.main has leaked ServiceConnection com.aidufei.otoService.ServiceAdapter$1@41526f00 that was originally bound here
E/ActivityThread( 1992):        at android.app.LoadedApk$ServiceDispatcher.<init>(LoadedApk.java:936)
E/ActivityThread( 1992):        at android.app.LoadedApk.getServiceDispatcher(LoadedApk.java:830)
E/ActivityThread( 1992):        at android.app.ContextImpl.bindService(ContextImpl.java:1142)
E/ActivityThread( 1992):        at android.content.ContextWrapper.bindService(ContextWrapper.java:370)
E/ActivityThread( 1992):        at com.aidufei.otoService.ServiceAdapter.<init>(ServiceAdapter.java:52)
E/ActivityThread( 1992):        at com.coship.dvbplayer.main.init(main.java:465)
E/ActivityThread( 1992):        at com.coship.dvbplayer.main.onResume(main.java:435)
E/ActivityThread( 1992):        at android.app.Instrumentation.callActivityOnResume(Instrumentation.java:1154)
E/ActivityThread( 1992):        at android.app.Activity.performResume(Activity.java:4539)
E/ActivityThread( 1992):        at android.app.ActivityThread.performResumeActivity(ActivityThread.java:2434)
E/ActivityThread( 1992):        at android.app.ActivityThread.handleResumeActivity(ActivityThread.java:2472)
E/ActivityThread( 1992):        at android.app.ActivityThread.handleLaunchActivity(ActivityThread.java:1986)
E/ActivityThread( 1992):        at android.app.ActivityThread.access$600(ActivityThread.java:123)
E/ActivityThread( 1992):        at android.app.ActivityThread$H.handleMessage(ActivityThread.java:1147)
E/ActivityThread( 1992):        at android.os.Handler.dispatchMessage(Handler.java:99)
E/ActivityThread( 1992):        at android.os.Looper.loop(Looper.java:137)
E/ActivityThread( 1992):        at android.app.ActivityThread.main(ActivityThread.java:4424)
E/ActivityThread( 1992):        at java.lang.reflect.Method.invokeNative(Native Method)
E/ActivityThread( 1992):        at java.lang.reflect.Method.invoke(Method.java:511)
E/ActivityThread( 1992):        at com.android.internal.os.ZygoteInit$MethodAndArgsCaller.run(ZygoteInit.java:848)
E/ActivityThread( 1992):        at com.android.internal.os.ZygoteInit.main(ZygoteInit.java:575)
E/ActivityThread( 1992):        at dalvik.system.NativeStart.main(Native Method)
W/ActivityManager(  948): Unbind failed: could not find connection for android.os.BinderProxy@4164e1f0
E/ActivityThread( 1992): Activity com.coship.dvbplayer.main has leaked ServiceConnection com.aidufei.otoService.ServiceAdapter$1@4182b738 that was originally bound here
E/ActivityThread( 1992): android.app.ServiceConnectionLeaked: Activity com.coship.dvbplayer.main has leaked ServiceConnection com.aidufei.otoService.ServiceAdapter$1@4182b738 that was originally bound here
E/ActivityThread( 1992):        at android.app.LoadedApk$ServiceDispatcher.<init>(LoadedApk.java:936)
E/ActivityThread( 1992):        at android.app.LoadedApk.getServiceDispatcher(LoadedApk.java:830)
E/ActivityThread( 1992):        at android.app.ContextImpl.bindService(ContextImpl.java:1142)
E/ActivityThread( 1992):        at android.content.ContextWrapper.bindService(ContextWrapper.java:370)
E/ActivityThread( 1992):        at com.aidufei.otoService.ServiceAdapter.<init>(ServiceAdapter.java:52)
E/ActivityThread( 1992):        at com.coship.dvbplayer.main.init(main.java:465)
E/ActivityThread( 1992):        at com.coship.dvbplayer.main.onResume(main.java:435)
E/ActivityThread( 1992):        at android.app.Instrumentation.callActivityOnResume(Instrumentation.java:1154)
E/ActivityThread( 1992):        at android.app.Activity.performResume(Activity.java:4539)
E/ActivityThread( 1992):        at android.app.ActivityThread.performNewIntents(ActivityThread.java:2057)
E/ActivityThread( 1992):        at android.app.ActivityThread.handleNewIntent(ActivityThread.java:2064)
E/ActivityThread( 1992):        at android.app.ActivityThread.access$1400(ActivityThread.java:123)
E/ActivityThread( 1992):        at android.app.ActivityThread$H.handleMessage(ActivityThread.java:1194)
E/ActivityThread( 1992):        at android.os.Handler.dispatchMessage(Handler.java:99)
E/ActivityThread( 1992):        at android.os.Looper.loop(Looper.java:137)
E/ActivityThread( 1992):        at android.app.ActivityThread.main(ActivityThread.java:4424)
E/ActivityThread( 1992):        at java.lang.reflect.Method.invokeNative(Native Method)
E/ActivityThread( 1992):        at java.lang.reflect.Method.invoke(Method.java:511)
E/ActivityThread( 1992):        at com.android.internal.os.ZygoteInit$MethodAndArgsCaller.run(ZygoteInit.java:848)
E/ActivityThread( 1992):        at com.android.internal.os.ZygoteInit.main(ZygoteInit.java:575)
E/ActivityThread( 1992):        at dalvik.system.NativeStart.main(Native Method)
W/ActivityManager(  948): Unbind failed: could not find connection for android.os.BinderProxy@416c0ef8
E/ActivityThread( 1992): Activity com.coship.dvbplayer.main has leaked ServiceConnection com.aidufei.otoService.ServiceAdapter$1@41746978 that was originally bound here
E/ActivityThread( 1992): android.app.ServiceConnectionLeaked: Activity com.coship.dvbplayer.main has leaked ServiceConnection com.aidufei.otoService.ServiceAdapter$1@41746978 that was originally bound here
E/ActivityThread( 1992):        at android.app.LoadedApk$ServiceDispatcher.<init>(LoadedApk.java:936)
E/ActivityThread( 1992):        at android.app.LoadedApk.getServiceDispatcher(LoadedApk.java:830)
E/ActivityThread( 1992):        at android.app.ContextImpl.bindService(ContextImpl.java:1142)
E/ActivityThread( 1992):        at android.content.ContextWrapper.bindService(ContextWrapper.java:370)
E/ActivityThread( 1992):        at com.aidufei.otoService.ServiceAdapter.<init>(ServiceAdapter.java:52)
E/ActivityThread( 1992):        at com.coship.dvbplayer.main.init(main.java:465)
E/ActivityThread( 1992):        at com.coship.dvbplayer.main.dispatchKeyEvent(main.java:236)
E/ActivityThread( 1992):        at com.android.internal.policy.impl.PhoneWindow$DecorView.dispatchKeyEvent(PhoneWindow.java:1806)
E/ActivityThread( 1992):        at android.view.ViewRootImpl.deliverKeyEventPostIme(ViewRootImpl.java:3327)
E/ActivityThread( 1992):        at android.view.ViewRootImpl.handleFinishedEvent(ViewRootImpl.java:3300)
E/ActivityThread( 1992):        at android.view.ViewRootImpl.handleMessage(ViewRootImpl.java:2460)
E/ActivityThread( 1992):        at android.os.Handler.dispatchMessage(Handler.java:99)
E/ActivityThread( 1992):        at android.os.Looper.loop(Looper.java:137)
E/ActivityThread( 1992):        at android.app.ActivityThread.main(ActivityThread.java:4424)
E/ActivityThread( 1992):        at java.lang.reflect.Method.invokeNative(Native Method)
E/ActivityThread( 1992):        at java.lang.reflect.Method.invoke(Method.java:511)
E/ActivityThread( 1992):        at com.android.internal.os.ZygoteInit$MethodAndArgsCaller.run(ZygoteInit.java:848)
E/ActivityThread( 1992):        at com.android.internal.os.ZygoteInit.main(ZygoteInit.java:575)
E/ActivityThread( 1992):        at dalvik.system.NativeStart.main(Native Method)
W/ActivityManager(  948): Unbind failed: could not find connection for android.os.BinderProxy@4169c838
I/ActivityManager(  948): START {flg=0x58000000 cmp=com.coship.dvbplayer/.main (has extras)} from pid 1775
V/TabletStatusBar( 1145): setLightsOn(true)
W/InputManagerService(  948): Starting input on non-focused client com.android.internal.view.IInputMethodClient$Stub$Proxy@4164f718 (uid=10033 pid=1260)
I/ActivityManager(  948): START {flg=0x58000000 cmp=com.coship.dvbplayer/.main (has extras)} from pid 1775
--------- beginning of /dev/log/main
E/ServerHandler( 1775): Send:com.aidufei.protocol.oto.OtOStatusRequest@41c8af98
D/ServerHandler( 1775): ServerHandler send request:103:{"ResourceInfo":{"ProductCode":"","PlayType":2,"ResourceCode":"","ResourceName":" "},"Status":{"ReturnCode":100,"Description":"ok"},"PlayStatus":0,"Volume":0}
V/ServerHandler( 1775): ServerHandler send DatagramPacket:/192.168.1.104-[B@41f43f20
D/OtOService( 1775): send callback obj: com.aidufei.otoService.IServiceCallBack$Stub$Proxy@4274fa80
E/ServerAdapter( 1775): ServerAdapter:0
E/ServerHandler( 1775): Send:com.aidufei.protocol.oto.OtOStatusRequest@41f63588
D/ServerHandler( 1775): ServerHandler send request:103:{"Status":{"ReturnCode":99,"Description":"status sync processing"},"PlayStatus":0,"Volume":0}
V/ServerHandler( 1775): ServerHandler send DatagramPacket:/192.168.1.104-[B@41cf0618
E/ServerHandler( 1775): receiveRequest
V/OtORequest( 1775): parseCommand
V/OtORequest( 1775): get command=103
V/OtORequest( 1775): parse OtORequest: cmd=103 paramLength=0 bufferlen=8
D/OtOService( 1775): client request get status.playType:2
D/OtOService( 1775): callback N: 10
D/OtOService( 1775): send callback: 101
I/ServiceAdapter( 1992): dvb_ResultCallBack: what:101   arg1:0
I/ServiceAdapter( 1992): +++++ShiftTime+++++0++++ShiftEnd++++0++++TimeCode++++0++++++delay+++++0
I/ServiceAdapter( 1992): dvb_ResultCallBack: get stb vol:
D/OtOService( 1775): VOB　sync :com.aidufei.otoService.PlayEvent@41bc2cf0
E/ServerAdapter( 1775): ServerAdapter:0
E/ServerHandler( 1775): Send:com.aidufei.protocol.oto.OtOStatusRequest@41ce9f80
D/ServerHandler( 1775): ServerHandler send request:103:{"ResourceInfo":{"ProductCode":"","PlayType":2,"ResourceCode":"","ResourceName":" "},"Status":{"ReturnCode":100,"Description":"ok"},"PlayStatus":0,"Volume":0}
V/ServerHandler( 1775): ServerHandler send DatagramPacket:/192.168.1.104-[B@41b5e2e8
D/OtOService( 1775): send callback obj: com.aidufei.otoService.IServiceCallBack$Stub$Proxy@41f21110
D/OtOService( 1775): send callback: 101
I/ServiceAdapter( 1992): dvb_ResultCallBack: what:101   arg1:0
I/ServiceAdapter( 1992): +++++ShiftTime+++++0++++ShiftEnd++++0++++TimeCode++++0++++++delay+++++0
I/ServiceAdapter( 1992): dvb_ResultCallBack: get stb vol:
D/OtOService( 1775): VOB　sync :com.aidufei.otoService.PlayEvent@41cefef8
E/ServerAdapter( 1775): ServerAdapter:0
E/ServerHandler( 1775): Send:com.aidufei.protocol.oto.OtOStatusRequest@41cf2c68
D/ServerHandler( 1775): ServerHandler send request:103:{"ResourceInfo":{"ProductCode":"","PlayType":2,"ResourceCode":"","ResourceName":" "},"Status":{"ReturnCode":100,"Description":"ok"},"PlayStatus":0,"Volume":0}
V/ServerHandler( 1775): ServerHandler send DatagramPacket:/192.168.1.104-[B@41cf8c08
D/OtOService( 1775): send callback obj: com.aidufei.otoService.IServiceCallBack$Stub$Proxy@41cd5f00
D/OtOService( 1775): send callback: 101
I/ServiceAdapter( 1992): dvb_ResultCallBack: what:101   arg1:0
I/ServiceAdapter( 1992): +++++ShiftTime+++++0++++ShiftEnd++++0++++TimeCode++++0++++++delay+++++0
I/ServiceAdapter( 1992): dvb_ResultCallBack: get stb vol:
D/OtOService( 1775): VOB　sync :com.aidufei.otoService.PlayEvent@41b534d8
E/ServerAdapter( 1775): ServerAdapter:0
E/ServerHandler( 1775): Send:com.aidufei.protocol.oto.OtOStatusRequest@41cf7d28
D/ServerHandler( 1775): ServerHandler send request:103:{"ResourceInfo":{"ProductCode":"","PlayType":2,"ResourceCode":"","ResourceName":" "},"Status":{"ReturnCode":100,"Description":"ok"},"PlayStatus":0,"Volume":0}
V/ServerHandler( 1775): ServerHandler send DatagramPacket:/192.168.1.104-[B@41bd64c0
D/OtOService( 1775): send callback obj: com.aidufei.otoService.IServiceCallBack$Stub$Proxy@427399a0
D/OtOService( 1775): send callback: 101
I/ServiceAdapter( 1992): dvb_ResultCallBack: what:101   arg1:0
E/JavaBinder( 1992): *** Uncaught remote exception!  (Exceptions are not yet supported across processes.)
E/JavaBinder( 1992): java.lang.RuntimeException: Can't create handler inside thread that has not called Looper.prepare()
E/JavaBinder( 1992):    at android.os.Handler.<init>(Handler.java:121)
E/JavaBinder( 1992):    at com.coship.dvbplayer.view.VolbarView$1.<init>(VolbarView.java:134)
E/JavaBinder( 1992):    at com.coship.dvbplayer.view.VolbarView.<init>(VolbarView.java:134)
E/JavaBinder( 1992):    at com.coship.dvbplayer.view.VolbarView.getInstance(VolbarView.java:63)
E/JavaBinder( 1992):    at com.aidufei.otoService.ServiceAdapter$2.ResultCallBack(ServiceAdapter.java:185)
E/JavaBinder( 1992):    at com.aidufei.otoService.IServiceCallBack$Stub.onTransact(IServiceCallBack.java:52)
E/JavaBinder( 1992):    at android.os.Binder.execTransact(Binder.java:338)
E/JavaBinder( 1992):    at dalvik.system.NativeStart.run(Native Method)
D/OtOService( 1775): send callback obj: com.aidufei.otoService.IServiceCallBack$Stub$Proxy@41d0be08
D/OtOService( 1775): send callback: 101
I/ServiceAdapter( 1992): dvb_ResultCallBack: what:101   arg1:0
E/JavaBinder( 1992): *** Uncaught remote exception!  (Exceptions are not yet supported across processes.)
E/JavaBinder( 1992): java.lang.RuntimeException: Can't create handler inside thread that has not called Looper.prepare()
E/JavaBinder( 1992):    at android.os.Handler.<init>(Handler.java:121)
E/JavaBinder( 1992):    at com.coship.dvbplayer.view.VolbarView$1.<init>(VolbarView.java:134)
E/JavaBinder( 1992):    at com.coship.dvbplayer.view.VolbarView.<init>(VolbarView.java:134)
E/JavaBinder( 1992):    at com.coship.dvbplayer.view.VolbarView.getInstance(VolbarView.java:63)
E/JavaBinder( 1992):    at com.aidufei.otoService.ServiceAdapter$2.ResultCallBack(ServiceAdapter.java:185)
E/JavaBinder( 1992):    at com.aidufei.otoService.IServiceCallBack$Stub.onTransact(IServiceCallBack.java:52)
E/JavaBinder( 1992):    at android.os.Binder.execTransact(Binder.java:338)
E/JavaBinder( 1992):    at dalvik.system.NativeStart.run(Native Method)
D/OtOService( 1775): send callback obj: com.aidufei.otoService.IServiceCallBack$Stub$Proxy@41595ab8
D/OtOService( 1775): send callback: 101
I/ServiceAdapter( 1992): dvb_ResultCallBack: what:101   arg1:0
I/ServiceAdapter( 1992): +++++ShiftTime+++++0++++ShiftEnd++++0++++TimeCode++++0++++++delay+++++0
I/ServiceAdapter( 1992): dvb_ResultCallBack: get stb vol:
D/OtOService( 1775): VOB　sync :com.aidufei.otoService.PlayEvent@41f670f0
E/ServerAdapter( 1775): ServerAdapter:0
E/ServerHandler( 1775): Send:com.aidufei.protocol.oto.OtOStatusRequest@417732f8
D/ServerHandler( 1775): ServerHandler send request:103:{"ResourceInfo":{"ProductCode":"","PlayType":2,"ResourceCode":"","ResourceName":" "},"Status":{"ReturnCode":100,"Description":"ok"},"PlayStatus":0,"Volume":0}
V/ServerHandler( 1775): ServerHandler send DatagramPacket:/192.168.1.104-[B@41cd9098
D/OtOService( 1775): send callback obj: com.aidufei.otoService.IServiceCallBack$Stub$Proxy@41b671c0
D/OtOService( 1775): send callback: 101
I/ServiceAdapter( 1992): dvb_ResultCallBack: what:101   arg1:0
I/ServiceAdapter( 1992): +++++ShiftTime+++++0++++ShiftEnd++++0++++TimeCode++++0++++++delay+++++0
I/ServiceAdapter( 1992): dvb_ResultCallBack: get stb vol:
D/OtOService( 1775): VOB　sync :com.aidufei.otoService.PlayEvent@41bddbc8
E/ServerAdapter( 1775): ServerAdapter:0
E/ServerHandler( 1775): Send:com.aidufei.protocol.oto.OtOStatusRequest@41b74c70
D/ServerHandler( 1775): ServerHandler send request:103:{"ResourceInfo":{"ProductCode":"","PlayType":2,"ResourceCode":"","ResourceName":" "},"Status":{"ReturnCode":100,"Description":"ok"},"PlayStatus":0,"Volume":0}
V/ServerHandler( 1775): ServerHandler send DatagramPacket:/192.168.1.104-[B@41ed1730
D/OtOService( 1775): send callback obj: com.aidufei.otoService.IServiceCallBack$Stub$Proxy@41f08a88
D/OtOService( 1775): send callback: 101
I/ServiceAdapter( 1992): dvb_ResultCallBack: what:101   arg1:0
E/JavaBinder( 1992): *** Uncaught remote exception!  (Exceptions are not yet supported across processes.)
E/JavaBinder( 1992): java.lang.RuntimeException: Can't create handler inside thread that has not called Looper.prepare()
E/JavaBinder( 1992):    at android.os.Handler.<init>(Handler.java:121)
E/JavaBinder( 1992):    at com.coship.dvbplayer.view.VolbarView$1.<init>(VolbarView.java:134)
E/JavaBinder( 1992):    at com.coship.dvbplayer.view.VolbarView.<init>(VolbarView.java:134)
E/JavaBinder( 1992):    at com.coship.dvbplayer.view.VolbarView.getInstance(VolbarView.java:63)
E/JavaBinder( 1992):    at com.aidufei.otoService.ServiceAdapter$2.ResultCallBack(ServiceAdapter.java:185)
E/JavaBinder( 1992):    at com.aidufei.otoService.IServiceCallBack$Stub.onTransact(IServiceCallBack.java:52)
E/JavaBinder( 1992):    at android.os.Binder.execTransact(Binder.java:338)
E/JavaBinder( 1992):    at dalvik.system.NativeStart.run(Native Method)
D/OtOService( 1775): send callback obj: com.aidufei.otoService.IServiceCallBack$Stub$Proxy@41f12158
D/OtOService( 1775): send callback: 101
I/ServiceAdapter( 1992): dvb_ResultCallBack: what:101   arg1:0
E/JavaBinder( 1992): *** Uncaught remote exception!  (Exceptions are not yet supported across processes.)
E/JavaBinder( 1992): java.lang.RuntimeException: Can't create handler inside thread that has not called Looper.prepare()
E/JavaBinder( 1992):    at android.os.Handler.<init>(Handler.java:121)
E/JavaBinder( 1992):    at com.coship.dvbplayer.view.VolbarView$1.<init>(VolbarView.java:134)
E/JavaBinder( 1992):    at com.coship.dvbplayer.view.VolbarView.<init>(VolbarView.java:134)
E/JavaBinder( 1992):    at com.coship.dvbplayer.view.VolbarView.getInstance(VolbarView.java:63)
E/JavaBinder( 1992):    at com.aidufei.otoService.ServiceAdapter$2.ResultCallBack(ServiceAdapter.java:185)
E/JavaBinder( 1992):    at com.aidufei.otoService.IServiceCallBack$Stub.onTransact(IServiceCallBack.java:52)
E/JavaBinder( 1992):    at android.os.Binder.execTransact(Binder.java:338)
E/JavaBinder( 1992):    at dalvik.system.NativeStart.run(Native Method)
D/OtOService( 1775): send callback obj: com.aidufei.otoService.IServiceCallBack$Stub$Proxy@41f20dc8
D/OtOService( 1775): send callback: 101
I/ServiceAdapter( 1992): dvb_ResultCallBack: what:101   arg1:0
I/ServiceAdapter( 1992): +++++ShiftTime+++++0++++ShiftEnd++++0++++TimeCode++++0++++++delay+++++0
I/ServiceAdapter( 1992): dvb_ResultCallBack: get stb vol:
D/OtOService( 1775): VOB　sync :com.aidufei.otoService.PlayEvent@41781f90
E/ServerAdapter( 1775): ServerAdapter:0
E/ServerHandler( 1775): Send:com.aidufei.protocol.oto.OtOStatusRequest@41760a38
D/ServerHandler( 1775): ServerHandler send request:103:{"ResourceInfo":{"ProductCode":"","PlayType":2,"ResourceCode":"","ResourceName":" "},"Status":{"ReturnCode":100,"Description":"ok"},"PlayStatus":0,"Volume":0}
V/ServerHandler( 1775): ServerHandler send DatagramPacket:/192.168.1.104-[B@4175e128
D/OtOService( 1775): send callback obj: com.aidufei.otoService.IServiceCallBack$Stub$Proxy@4274fa80
E/ServerAdapter( 1775): ServerAdapter:0
E/ServerHandler( 1775): Send:com.aidufei.protocol.oto.OtOStatusRequest@41cd5b70
D/ServerHandler( 1775): ServerHandler send request:103:{"Status":{"ReturnCode":99,"Description":"status sync processing"},"PlayStatus":0,"Volume":0}
V/ServerHandler( 1775): ServerHandler send DatagramPacket:/192.168.1.104-[B@41b468b0
E/ServerHandler( 1775): receiveRequest
V/OtORequest( 1775): parseCommand
V/OtORequest( 1775): get command=102
V/OtORequest( 1775): parse OtORequest: cmd=102 paramLength=0 bufferlen=8
D/OtOService( 1775): client request pull back movie.
D/OtOService( 1775): callback N: 10
D/OtOService( 1775): send callback: 100
I/ServiceAdapter( 1992): dvb_ResultCallBack: what:100   arg1:0
I/ServiceAdapter( 1992): +++++++++delay++++++0+++++ShiftTime+++++0++++ShiftEnd++++0++++TimeCode++++0++++PlayType+++2+++++TransportStreamId+++++10774
D/OtOService( 1775): pull playEvent:com.aidufei.otoService.PlayEvent@41b9abf8
D/OtOService( 1775): pull playEvent getResourceCode:10774
D/OtOService( 1775): pull playEvent getShiftTime:0
D/OtOService( 1775): pull playEvent getShiftEnd:0
E/ServerHandler( 1775): Send:com.aidufei.protocol.oto.OtOPullRequest@4177eda0
D/ServerHandler( 1775): ServerHandler send request:102:{"ResourceInfo":{"ProductCode":"","PlayType":2,"ResourceCode":"10774","ResourceName":" "},"Status":{"ReturnCode":100,"Description":""}}
V/ServerHandler( 1775): ServerHandler send DatagramPacket:/192.168.1.104-[B@41b67a88
D/OtOService( 1775): send callback obj: com.aidufei.otoService.IServiceCallBack$Stub$Proxy@41f21110
D/OtOService( 1775): send callback: 100
I/ServiceAdapter( 1992): dvb_ResultCallBack: what:100   arg1:0
I/ServiceAdapter( 1992): +++++++++delay++++++0+++++ShiftTime+++++0++++ShiftEnd++++0++++TimeCode++++0++++PlayType+++2+++++TransportStreamId+++++10774
D/OtOService( 1775): pull playEvent:com.aidufei.otoService.PlayEvent@4275d550
D/OtOService( 1775): pull playEvent getResourceCode:10774
D/OtOService( 1775): pull playEvent getShiftTime:0
D/OtOService( 1775): pull playEvent getShiftEnd:0
E/ServerHandler( 1775): Send:com.aidufei.protocol.oto.OtOPullRequest@41ef1c78
D/ServerHandler( 1775): ServerHandler send request:102:{"ResourceInfo":{"ProductCode":"","PlayType":2,"ResourceCode":"10774","ResourceName":" "},"Status":{"ReturnCode":100,"Description":""}}
V/ServerHandler( 1775): ServerHandler send DatagramPacket:/192.168.1.104-[B@41cfccf8
D/OtOService( 1775): send callback obj: com.aidufei.otoService.IServiceCallBack$Stub$Proxy@41cd5f00
D/OtOService( 1775): send callback: 100
I/ServiceAdapter( 1992): dvb_ResultCallBack: what:100   arg1:0
I/ServiceAdapter( 1992): +++++++++delay++++++0+++++ShiftTime+++++0++++ShiftEnd++++0++++TimeCode++++0++++PlayType+++2+++++TransportStreamId+++++10774
D/OtOService( 1775): pull playEvent:com.aidufei.otoService.PlayEvent@41ee3870
D/OtOService( 1775): pull playEvent getResourceCode:10774
D/OtOService( 1775): pull playEvent getShiftTime:0
D/OtOService( 1775): pull playEvent getShiftEnd:0
E/ServerHandler( 1775): Send:com.aidufei.protocol.oto.OtOPullRequest@41ee9c38
D/ServerHandler( 1775): ServerHandler send request:102:{"ResourceInfo":{"ProductCode":"","PlayType":2,"ResourceCode":"10774","ResourceName":" "},"Status":{"ReturnCode":100,"Description":""}}
V/ServerHandler( 1775): ServerHandler send DatagramPacket:/192.168.1.104-[B@41cfb3b0
D/OtOService( 1775): send callback obj: com.aidufei.otoService.IServiceCallBack$Stub$Proxy@427399a0
D/OtOService( 1775): send callback: 100
I/ServiceAdapter( 1992): dvb_ResultCallBack: what:100   arg1:0
I/ServiceAdapter( 1992): +++++++++delay++++++0+++++ShiftTime+++++0++++ShiftEnd++++0++++TimeCode++++0++++PlayType+++2+++++TransportStreamId+++++10774
D/OtOService( 1775): pull playEvent:com.aidufei.otoService.PlayEvent@4177e8b8
D/OtOService( 1775): pull playEvent getResourceCode:10774
D/OtOService( 1775): pull playEvent getShiftTime:0
D/OtOService( 1775): pull playEvent getShiftEnd:0
E/ServerHandler( 1775): Send:com.aidufei.protocol.oto.OtOPullRequest@41ee73d0
D/ServerHandler( 1775): ServerHandler send request:102:{"ResourceInfo":{"ProductCode":"","PlayType":2,"ResourceCode":"10774","ResourceName":" "},"Status":{"ReturnCode":100,"Description":""}}
V/ServerHandler( 1775): ServerHandler send DatagramPacket:/192.168.1.104-[B@41cfa448
D/OtOService( 1775): send callback obj: com.aidufei.otoService.IServiceCallBack$Stub$Proxy@41d0be08
D/OtOService( 1775): send callback: 100
I/ServiceAdapter( 1992): dvb_ResultCallBack: what:100   arg1:0
I/ServiceAdapter( 1992): +++++++++delay++++++0+++++ShiftTime+++++0++++ShiftEnd++++0++++TimeCode++++0++++PlayType+++2+++++TransportStreamId+++++10774
D/OtOService( 1775): pull playEvent:com.aidufei.otoService.PlayEvent@41ee52e0
D/OtOService( 1775): pull playEvent getResourceCode:10774
D/OtOService( 1775): pull playEvent getShiftTime:0
D/OtOService( 1775): pull playEvent getShiftEnd:0
E/ServerHandler( 1775): Send:com.aidufei.protocol.oto.OtOPullRequest@41b62a88
D/ServerHandler( 1775): ServerHandler send request:102:{"ResourceInfo":{"ProductCode":"","PlayType":2,"ResourceCode":"10774","ResourceName":" "},"Status":{"ReturnCode":100,"Description":""}}
V/ServerHandler( 1775): ServerHandler send DatagramPacket:/192.168.1.104-[B@41b4c298
D/OtOService( 1775): send callback obj: com.aidufei.otoService.IServiceCallBack$Stub$Proxy@41595ab8
D/OtOService( 1775): send callback: 100
I/ServiceAdapter( 1992): dvb_ResultCallBack: what:100   arg1:0
I/ServiceAdapter( 1992): +++++++++delay++++++0+++++ShiftTime+++++0++++ShiftEnd++++0++++TimeCode++++0++++PlayType+++2+++++TransportStreamId+++++10774
D/OtOService( 1775): pull playEvent:com.aidufei.otoService.PlayEvent@41b48130
D/OtOService( 1775): pull playEvent getResourceCode:10774
D/OtOService( 1775): pull playEvent getShiftTime:0
D/OtOService( 1775): pull playEvent getShiftEnd:0
E/ServerHandler( 1775): Send:com.aidufei.protocol.oto.OtOPullRequest@41764bc0
D/ServerHandler( 1775): ServerHandler send request:102:{"ResourceInfo":{"ProductCode":"","PlayType":2,"ResourceCode":"10774","ResourceName":" "},"Status":{"ReturnCode":100,"Description":""}}
V/ServerHandler( 1775): ServerHandler send DatagramPacket:/192.168.1.104-[B@41b49730
D/OtOService( 1775): send callback obj: com.aidufei.otoService.IServiceCallBack$Stub$Proxy@41b671c0
D/OtOService( 1775): send callback: 100
I/ServiceAdapter( 1992): dvb_ResultCallBack: what:100   arg1:0
I/ServiceAdapter( 1992): +++++++++delay++++++0+++++ShiftTime+++++0++++ShiftEnd++++0++++TimeCode++++0++++PlayType+++2+++++TransportStreamId+++++10774
D/OtOService( 1775): pull playEvent:com.aidufei.otoService.PlayEvent@41bcfea8
D/OtOService( 1775): pull playEvent getResourceCode:10774
D/OtOService( 1775): pull playEvent getShiftTime:0
D/OtOService( 1775): pull playEvent getShiftEnd:0
E/ServerHandler( 1775): Send:com.aidufei.protocol.oto.OtOPullRequest@41f65f08
D/ServerHandler( 1775): ServerHandler send request:102:{"ResourceInfo":{"ProductCode":"","PlayType":2,"ResourceCode":"10774","ResourceName":" "},"Status":{"ReturnCode":100,"Description":""}}
V/ServerHandler( 1775): ServerHandler send DatagramPacket:/192.168.1.104-[B@41ee6988
D/OtOService( 1775): send callback obj: com.aidufei.otoService.IServiceCallBack$Stub$Proxy@41f08a88
D/OtOService( 1775): send callback: 100
I/ServiceAdapter( 1992): dvb_ResultCallBack: what:100   arg1:0
I/ServiceAdapter( 1992): +++++++++delay++++++0+++++ShiftTime+++++0++++ShiftEnd++++0++++TimeCode++++0++++PlayType+++2+++++TransportStreamId+++++10774
D/OtOService( 1775): pull playEvent:com.aidufei.otoService.PlayEvent@41cda240
D/OtOService( 1775): pull playEvent getResourceCode:10774
D/OtOService( 1775): pull playEvent getShiftTime:0
D/OtOService( 1775): pull playEvent getShiftEnd:0
E/ServerHandler( 1775): Send:com.aidufei.protocol.oto.OtOPullRequest@41ef8510
D/ServerHandler( 1775): ServerHandler send request:102:{"ResourceInfo":{"ProductCode":"","PlayType":2,"ResourceCode":"10774","ResourceName":" "},"Status":{"ReturnCode":100,"Description":""}}
V/ServerHandler( 1775): ServerHandler send DatagramPacket:/192.168.1.104-[B@41bc99c0
D/OtOService( 1775): send callback obj: com.aidufei.otoService.IServiceCallBack$Stub$Proxy@41f12158
D/OtOService( 1775): send callback: 100
I/ServiceAdapter( 1992): dvb_ResultCallBack: what:100   arg1:0
I/ServiceAdapter( 1992): +++++++++delay++++++0+++++ShiftTime+++++0++++ShiftEnd++++0++++TimeCode++++0++++PlayType+++2+++++TransportStreamId+++++10774
D/OtOService( 1775): pull playEvent:com.aidufei.otoService.PlayEvent@41cec650
D/OtOService( 1775): pull playEvent getResourceCode:10774
D/OtOService( 1775): pull playEvent getShiftTime:0
D/OtOService( 1775): pull playEvent getShiftEnd:0
E/ServerHandler( 1775): Send:com.aidufei.protocol.oto.OtOPullRequest@41f69b70
D/ServerHandler( 1775): ServerHandler send request:102:{"ResourceInfo":{"ProductCode":"","PlayType":2,"ResourceCode":"10774","ResourceName":" "},"Status":{"ReturnCode":100,"Description":""}}
V/ServerHandler( 1775): ServerHandler send DatagramPacket:/192.168.1.104-[B@41f65878
D/OtOService( 1775): send callback obj: com.aidufei.otoService.IServiceCallBack$Stub$Proxy@41f20dc8
D/OtOService( 1775): send callback: 100
I/ServiceAdapter( 1992): dvb_ResultCallBack: what:100   arg1:0
I/ServiceAdapter( 1992): +++++++++delay++++++0+++++ShiftTime+++++0++++ShiftEnd++++0++++TimeCode++++0++++PlayType+++2+++++TransportStreamId+++++10774
D/OtOService( 1775): pull playEvent:com.aidufei.otoService.PlayEvent@41cfc6f8
D/OtOService( 1775): pull playEvent getResourceCode:10774
D/OtOService( 1775): pull playEvent getShiftTime:0
D/OtOService( 1775): pull playEvent getShiftEnd:0
E/ServerHandler( 1775): Send:com.aidufei.protocol.oto.OtOPullRequest@41d01cd8
D/ServerHandler( 1775): ServerHandler send request:102:{"ResourceInfo":{"ProductCode":"","PlayType":2,"ResourceCode":"10774","ResourceName":" "},"Status":{"ReturnCode":100,"Description":""}}
V/ServerHandler( 1775): ServerHandler send DatagramPacket:/192.168.1.104-[B@41bcc648
D/OtOService( 1775): send callback obj: com.aidufei.otoService.IServiceCallBack$Stub$Proxy@4274fa80
E/ServerHandler( 1775): Send:com.aidufei.protocol.oto.OtOPullRequest@41bcb8f8
D/ServerHandler( 1775): ServerHandler send request:102:{"Status":{"ReturnCode":99,"Description":"processing"}}
V/ServerHandler( 1775): ServerHandler send DatagramPacket:/192.168.1.104-[B@41b45550
E/ServerHandler( 1775): receiveRequest
V/OtORequest( 1775): parseCommand
V/OtORequest( 1775): get command=103
V/OtORequest( 1775): parse OtORequest: cmd=103 paramLength=0 bufferlen=8
D/OtOService( 1775): client request get status.playType:2
D/OtOService( 1775): callback N: 10
D/OtOService( 1775): send callback: 101
I/ServiceAdapter( 1992): dvb_ResultCallBack: what:101   arg1:0
I/ServiceAdapter( 1992): +++++ShiftTime+++++0++++ShiftEnd++++0++++TimeCode++++0++++++delay+++++0
I/ServiceAdapter( 1992): dvb_ResultCallBack: get stb vol:
D/OtOService( 1775): VOB　sync :com.aidufei.otoService.PlayEvent@41bddfc0
E/ServerAdapter( 1775): ServerAdapter:0
E/ServerHandler( 1775): Send:com.aidufei.protocol.oto.OtOStatusRequest@41bde2e0
D/ServerHandler( 1775): ServerHandler send request:103:{"ResourceInfo":{"ProductCode":"","PlayType":2,"ResourceCode":"","ResourceName":" "},"Status":{"ReturnCode":100,"Description":"ok"},"PlayStatus":0,"Volume":0}
V/ServerHandler( 1775): ServerHandler send DatagramPacket:/192.168.1.104-[B@41bae290
D/OtOService( 1775): send callback obj: com.aidufei.otoService.IServiceCallBack$Stub$Proxy@41f21110
D/OtOService( 1775): send callback: 101
I/ServiceAdapter( 1992): dvb_ResultCallBack: what:101   arg1:0
I/ServiceAdapter( 1992): +++++ShiftTime+++++0++++ShiftEnd++++0++++TimeCode++++0++++++delay+++++0
I/ServiceAdapter( 1992): dvb_ResultCallBack: get stb vol:
D/OtOService( 1775): VOB　sync :com.aidufei.otoService.PlayEvent@417654d0
E/ServerAdapter( 1775): ServerAdapter:0
E/ServerHandler( 1775): Send:com.aidufei.protocol.oto.OtOStatusRequest@417657d8
D/ServerHandler( 1775): ServerHandler send request:103:{"ResourceInfo":{"ProductCode":"","PlayType":2,"ResourceCode":"","ResourceName":" "},"Status":{"ReturnCode":100,"Description":"ok"},"PlayStatus":0,"Volume":0}
V/ServerHandler( 1775): ServerHandler send DatagramPacket:/192.168.1.104-[B@41cddf78
D/OtOService( 1775): send callback obj: com.aidufei.otoService.IServiceCallBack$Stub$Proxy@41cd5f00
D/OtOService( 1775): send callback: 101
I/ServiceAdapter( 1992): dvb_ResultCallBack: what:101   arg1:0
I/ServiceAdapter( 1992): +++++ShiftTime+++++0++++ShiftEnd++++0++++TimeCode++++0++++++delay+++++0
I/ServiceAdapter( 1992): dvb_ResultCallBack: get stb vol:
D/OtOService( 1775): VOB　sync :com.aidufei.otoService.PlayEvent@41ceafd0
E/ServerAdapter( 1775): ServerAdapter:0
E/ServerHandler( 1775): Send:com.aidufei.protocol.oto.OtOStatusRequest@41ceb2f0
D/ServerHandler( 1775): ServerHandler send request:103:{"ResourceInfo":{"ProductCode":"","PlayType":2,"ResourceCode":"","ResourceName":" "},"Status":{"ReturnCode":100,"Description":"ok"},"PlayStatus":0,"Volume":0}
V/ServerHandler( 1775): ServerHandler send DatagramPacket:/192.168.1.104-[B@41d1f138
D/OtOService( 1775): send callback obj: com.aidufei.otoService.IServiceCallBack$Stub$Proxy@427399a0
D/OtOService( 1775): send callback: 101
I/ServiceAdapter( 1992): dvb_ResultCallBack: what:101   arg1:0
E/JavaBinder( 1992): *** Uncaught remote exception!  (Exceptions are not yet supported across processes.)
E/JavaBinder( 1992): java.lang.RuntimeException: Can't create handler inside thread that has not called Looper.prepare()
E/JavaBinder( 1992):    at android.os.Handler.<init>(Handler.java:121)
E/JavaBinder( 1992):    at com.coship.dvbplayer.view.VolbarView$1.<init>(VolbarView.java:134)
E/JavaBinder( 1992):    at com.coship.dvbplayer.view.VolbarView.<init>(VolbarView.java:134)
E/JavaBinder( 1992):    at com.coship.dvbplayer.view.VolbarView.getInstance(VolbarView.java:63)
E/JavaBinder( 1992):    at com.aidufei.otoService.ServiceAdapter$2.ResultCallBack(ServiceAdapter.java:185)
E/JavaBinder( 1992):    at com.aidufei.otoService.IServiceCallBack$Stub.onTransact(IServiceCallBack.java:52)
E/JavaBinder( 1992):    at android.os.Binder.execTransact(Binder.java:338)
E/JavaBinder( 1992):    at dalvik.system.NativeStart.run(Native Method)
D/OtOService( 1775): send callback obj: com.aidufei.otoService.IServiceCallBack$Stub$Proxy@41d0be08
D/OtOService( 1775): send callback: 101
I/ServiceAdapter( 1992): dvb_ResultCallBack: what:101   arg1:0
E/JavaBinder( 1992): *** Uncaught remote exception!  (Exceptions are not yet supported across processes.)
E/JavaBinder( 1992): java.lang.RuntimeException: Can't create handler inside thread that has not called Looper.prepare()
E/JavaBinder( 1992):    at android.os.Handler.<init>(Handler.java:121)
E/JavaBinder( 1992):    at com.coship.dvbplayer.view.VolbarView$1.<init>(VolbarView.java:134)
E/JavaBinder( 1992):    at com.coship.dvbplayer.view.VolbarView.<init>(VolbarView.java:134)
E/JavaBinder( 1992):    at com.coship.dvbplayer.view.VolbarView.getInstance(VolbarView.java:63)
E/JavaBinder( 1992):    at com.aidufei.otoService.ServiceAdapter$2.ResultCallBack(ServiceAdapter.java:185)
E/JavaBinder( 1992):    at com.aidufei.otoService.IServiceCallBack$Stub.onTransact(IServiceCallBack.java:52)
E/JavaBinder( 1992):    at android.os.Binder.execTransact(Binder.java:338)
E/JavaBinder( 1992):    at dalvik.system.NativeStart.run(Native Method)
D/OtOService( 1775): send callback obj: com.aidufei.otoService.IServiceCallBack$Stub$Proxy@41595ab8
D/OtOService( 1775): send callback: 101
I/ServiceAdapter( 1992): dvb_ResultCallBack: what:101   arg1:0
I/ServiceAdapter( 1992): +++++ShiftTime+++++0++++ShiftEnd++++0++++TimeCode++++0++++++delay+++++0
I/ServiceAdapter( 1992): dvb_ResultCallBack: get stb vol:
D/OtOService( 1775): VOB　sync :com.aidufei.otoService.PlayEvent@41b8b8f0
E/ServerAdapter( 1775): ServerAdapter:0
E/ServerHandler( 1775): Send:com.aidufei.protocol.oto.OtOStatusRequest@41d15f18
D/ServerHandler( 1775): ServerHandler send request:103:{"ResourceInfo":{"ProductCode":"","PlayType":2,"ResourceCode":"","ResourceName":" "},"Status":{"ReturnCode":100,"Description":"ok"},"PlayStatus":0,"Volume":0}
V/ServerHandler( 1775): ServerHandler send DatagramPacket:/192.168.1.104-[B@4175c778
D/OtOService( 1775): send callback obj: com.aidufei.otoService.IServiceCallBack$Stub$Proxy@41b671c0
D/OtOService( 1775): send callback: 101
I/ServiceAdapter( 1992): dvb_ResultCallBack: what:101   arg1:0
I/ServiceAdapter( 1992): +++++ShiftTime+++++0++++ShiftEnd++++0++++TimeCode++++0++++++delay+++++0
I/ServiceAdapter( 1992): dvb_ResultCallBack: get stb vol:
D/OtOService( 1775): VOB　sync :com.aidufei.otoService.PlayEvent@41ba2e00
E/ServerAdapter( 1775): ServerAdapter:0
E/ServerHandler( 1775): Send:com.aidufei.protocol.oto.OtOStatusRequest@41ba3120
D/ServerHandler( 1775): ServerHandler send request:103:{"ResourceInfo":{"ProductCode":"","PlayType":2,"ResourceCode":"","ResourceName":" "},"Status":{"ReturnCode":100,"Description":"ok"},"PlayStatus":0,"Volume":0}
V/ServerHandler( 1775): ServerHandler send DatagramPacket:/192.168.1.104-[B@41ee29d8
D/OtOService( 1775): send callback obj: com.aidufei.otoService.IServiceCallBack$Stub$Proxy@41f08a88
D/OtOService( 1775): send callback: 101
I/ServiceAdapter( 1992): dvb_ResultCallBack: what:101   arg1:0
E/JavaBinder( 1992): *** Uncaught remote exception!  (Exceptions are not yet supported across processes.)
E/JavaBinder( 1992): java.lang.RuntimeException: Can't create handler inside thread that has not called Looper.prepare()
E/JavaBinder( 1992):    at android.os.Handler.<init>(Handler.java:121)
E/JavaBinder( 1992):    at com.coship.dvbplayer.view.VolbarView$1.<init>(VolbarView.java:134)
E/JavaBinder( 1992):    at com.coship.dvbplayer.view.VolbarView.<init>(VolbarView.java:134)
E/JavaBinder( 1992):    at com.coship.dvbplayer.view.VolbarView.getInstance(VolbarView.java:63)
E/JavaBinder( 1992):    at com.aidufei.otoService.ServiceAdapter$2.ResultCallBack(ServiceAdapter.java:185)
E/JavaBinder( 1992):    at com.aidufei.otoService.IServiceCallBack$Stub.onTransact(IServiceCallBack.java:52)
E/JavaBinder( 1992):    at android.os.Binder.execTransact(Binder.java:338)
E/JavaBinder( 1992):    at dalvik.system.NativeStart.run(Native Method)
D/OtOService( 1775): send callback obj: com.aidufei.otoService.IServiceCallBack$Stub$Proxy@41f12158
D/OtOService( 1775): send callback: 101
I/ServiceAdapter( 1992): dvb_ResultCallBack: what:101   arg1:0
E/JavaBinder( 1992): *** Uncaught remote exception!  (Exceptions are not yet supported across processes.)
E/JavaBinder( 1992): java.lang.RuntimeException: Can't create handler inside thread that has not called Looper.prepare()
E/JavaBinder( 1992):    at android.os.Handler.<init>(Handler.java:121)
E/JavaBinder( 1992):    at com.coship.dvbplayer.view.VolbarView$1.<init>(VolbarView.java:134)
E/JavaBinder( 1992):    at com.coship.dvbplayer.view.VolbarView.<init>(VolbarView.java:134)
E/JavaBinder( 1992):    at com.coship.dvbplayer.view.VolbarView.getInstance(VolbarView.java:63)
E/JavaBinder( 1992):    at com.aidufei.otoService.ServiceAdapter$2.ResultCallBack(ServiceAdapter.java:185)
E/JavaBinder( 1992):    at com.aidufei.otoService.IServiceCallBack$Stub.onTransact(IServiceCallBack.java:52)
E/JavaBinder( 1992):    at android.os.Binder.execTransact(Binder.java:338)
E/JavaBinder( 1992):    at dalvik.system.NativeStart.run(Native Method)
D/OtOService( 1775): send callback obj: com.aidufei.otoService.IServiceCallBack$Stub$Proxy@41f20dc8
D/OtOService( 1775): send callback: 101
I/ServiceAdapter( 1992): dvb_ResultCallBack: what:101   arg1:0
I/ServiceAdapter( 1992): +++++ShiftTime+++++0++++ShiftEnd++++0++++TimeCode++++0++++++delay+++++0
I/ServiceAdapter( 1992): dvb_ResultCallBack: get stb vol:
D/OtOService( 1775): VOB　sync :com.aidufei.otoService.PlayEvent@41ba4138
E/ServerAdapter( 1775): ServerAdapter:0
E/ServerHandler( 1775): Send:com.aidufei.protocol.oto.OtOStatusRequest@41ba4458
D/ServerHandler( 1775): ServerHandler send request:103:{"ResourceInfo":{"ProductCode":"","PlayType":2,"ResourceCode":"","ResourceName":" "},"Status":{"ReturnCode":100,"Description":"ok"},"PlayStatus":0,"Volume":0}
V/ServerHandler( 1775): ServerHandler send DatagramPacket:/192.168.1.104-[B@41ecd580
D/OtOService( 1775): send callback obj: com.aidufei.otoService.IServiceCallBack$Stub$Proxy@4274fa80
E/ServerAdapter( 1775): ServerAdapter:0
E/ServerHandler( 1775): Send:com.aidufei.protocol.oto.OtOStatusRequest@41ecdd48
D/ServerHandler( 1775): ServerHandler send request:103:{"Status":{"ReturnCode":99,"Description":"status sync processing"},"PlayStatus":0,"Volume":0}
V/ServerHandler( 1775): ServerHandler send DatagramPacket:/192.168.1.104-[B@41c8b308
D/MonitorCw880( 2189): currentRemoteHost is null ,continue
D/dalvikvm( 1665): GC_CONCURRENT freed 595K, 65% free 2625K/7363K, paused 4ms+2ms
D/HomePlayerLib( 1665): hostaddress count is 1
D/dalvikvm( 1665): GC_CONCURRENT freed 723K, 65% free 2639K/7363K, paused 1ms+2ms
D/dalvikvm( 1665): GC_CONCURRENT freed 753K, 66% free 2522K/7363K, paused 1ms+2ms
D/dalvikvm( 1665): GC_CONCURRENT freed 602K, 67% free 2497K/7363K, paused 3ms+2ms
D/dalvikvm( 1665): GC_CONCURRENT freed 591K, 64% free 2693K/7363K, paused 3ms+2ms
D/dalvikvm( 1665): GC_CONCURRENT freed 830K, 65% free 2621K/7363K, paused 1ms+4ms
D/MonitorCw880( 2189): currentRemoteHost is null ,continue
D/MonitorCw880( 2189): currentRemoteHost is null ,continue
D/dalvikvm( 1665): GC_CONCURRENT freed 736K, 65% free 2617K/7363K, paused 2ms+2ms
D/HomePlayerLib( 1665): hostaddress count is 1
D/MonitorCw880( 2189): currentRemoteHost is null ,continue
D/dalvikvm( 1665): GC_CONCURRENT freed 724K, 65% free 2621K/7363K, paused 2ms+2ms
D/dalvikvm( 1665): GC_CONCURRENT freed 714K, 64% free 2716K/7363K, paused 2ms+2ms
D/dalvikvm( 1665): GC_CONCURRENT freed 849K, 65% free 2636K/7363K, paused 2ms+2ms
D/dalvikvm( 1665): GC_CONCURRENT freed 746K, 66% free 2510K/7363K, paused 2ms+2ms
D/dalvikvm( 1665): GC_CONCURRENT freed 568K, 64% free 2666K/7363K, paused 2ms+2ms
D/MonitorCw880( 2189): currentRemoteHost is null ,continue
D/MonitorCw880( 2189): currentRemoteHost is null ,continue
D/dalvikvm( 1665): GC_CONCURRENT freed 797K, 66% free 2514K/7363K, paused 1ms+13ms
D/HomePlayerLib( 1665): hostaddress count is 1
D/dalvikvm( 1665): GC_CONCURRENT freed 592K, 65% free 2624K/7363K, paused 1ms+2ms
