D/dalvikvm( 1665): GC_CONCURRENT freed 725K, 66% free 2522K/7363K, paused 2ms+2ms
D/dalvikvm( 1665): GC_CONCURRENT freed 576K, 65% free 2621K/7363K, paused 2ms+2ms
D/dalvikvm( 1665): GC_CONCURRENT freed 730K, 65% free 2628K/7363K, paused 2ms+4ms
D/dalvikvm( 1665): GC_CONCURRENT freed 735K, 65% free 2602K/7363K, paused 2ms+2ms
D/MonitorCw880( 2189): currentRemoteHost is null ,continue
D/MonitorCw880( 2189): currentRemoteHost is null ,continue
D/dalvikvm( 1665): GC_CONCURRENT freed 692K, 66% free 2515K/7363K, paused 14ms+2ms
D/HomePlayerLib( 1665): hostaddress count is 1
D/dalvikvm( 1665): GC_CONCURRENT freed 590K, 65% free 2620K/7363K, paused 2ms+13ms
D/dalvikvm( 1665): GC_CONCURRENT freed 712K, 65% free 2644K/7363K, paused 2ms+2ms
D/dalvikvm( 1665): GC_CONCURRENT freed 742K, 66% free 2563K/7363K, paused 2ms+2ms
D/dalvikvm( 1665): GC_CONCURRENT freed 650K, 66% free 2507K/7363K, paused 3ms+2ms
D/dalvikvm( 1665): GC_CONCURRENT freed 584K, 65% free 2604K/7363K, paused 1ms+3ms
D/dalvikvm( 1665): GC_CONCURRENT freed 705K, 65% free 2606K/7363K, paused 2ms+2ms
D/MonitorCw880( 2189): currentRemoteHost is null ,continue
D/MonitorCw880( 2189): currentRemoteHost is null ,continue
D/HomePlayerLib( 1665): hostaddress count is 1
D/dalvikvm( 1665): GC_CONCURRENT freed 712K, 66% free 2514K/7363K, paused 2ms+2ms
D/dalvikvm( 1665): GC_CONCURRENT freed 578K, 65% free 2624K/7363K, paused 2ms+2ms
D/dalvikvm( 1665): GC_CONCURRENT freed 736K, 65% free 2621K/7363K, paused 2ms+2ms
D/dalvikvm( 1665): GC_CONCURRENT freed 731K, 65% free 2622K/7363K, paused 1ms+2ms
D/dalvikvm( 1665): GC_CONCURRENT freed 730K, 65% free 2608K/7363K, paused 1ms+2ms
D/dalvikvm( 1665): GC_CONCURRENT freed 709K, 66% free 2562K/7363K, paused 2ms+2ms
D/MonitorCw880( 2189): currentRemoteHost is null ,continue
D/MonitorCw880( 2189): currentRemoteHost is null ,continue
D/HomePlayerLib( 1665): hostaddress count is 1
D/dalvikvm( 1665): GC_CONCURRENT freed 659K, 66% free 2526K/7363K, paused 2ms+4ms
D/dalvikvm( 1665): GC_CONCURRENT freed 591K, 64% free 2665K/7363K, paused 2ms+2ms
D/dalvikvm( 1665): GC_CONCURRENT freed 778K, 65% free 2646K/7363K, paused 2ms+3ms
D/dalvikvm( 1665): GC_CONCURRENT freed 841K, 66% free 2549K/7363K, paused 1ms+2ms
D/dalvikvm( 1665): GC_CONCURRENT freed 635K, 65% free 2590K/7363K, paused 1ms+2ms
D/dalvikvm( 1665): GC_CONCURRENT freed 689K, 66% free 2521K/7363K, paused 2ms+2ms
D/MonitorCw880( 2189): currentRemoteHost is null ,continue
D/MonitorCw880( 2189): currentRemoteHost is null ,continue
D/HomePlayerLib( 1665): hostaddress count is 1
D/dalvikvm( 1665): GC_CONCURRENT freed 593K, 66% free 2513K/7363K, paused 2ms+2ms
D/dalvikvm( 1665): GC_CONCURRENT freed 577K, 66% free 2516K/7363K, paused 2ms+2ms
D/dalvikvm( 1665): GC_CONCURRENT freed 594K, 65% free 2624K/7363K, paused 2ms+2ms
D/dalvikvm( 1665): GC_CONCURRENT freed 728K, 66% free 2555K/7363K, paused 2ms+2ms
D/dalvikvm( 1665): GC_CONCURRENT freed 634K, 66% free 2535K/7363K, paused 10ms+2ms
D/dalvikvm( 1665): GC_CONCURRENT freed 613K, 65% free 2628K/7363K, paused 2ms+3ms
D/MonitorCw880( 2189): currentRemoteHost is null ,continue
D/MonitorCw880( 2189): currentRemoteHost is null ,continue
D/HomePlayerLib( 1665): hostaddress count is 1
D/dalvikvm( 1665): GC_CONCURRENT freed 741K, 64% free 2658K/7363K, paused 2ms+2ms
D/dalvikvm( 1665): GC_CONCURRENT freed 766K, 66% free 2571K/7363K, paused 2ms+2ms
D/MonitorCw880( 2189): currentRemoteHost is null ,continue
D/dalvikvm( 1665): GC_CONCURRENT freed 660K, 66% free 2543K/7363K, paused 2ms+2ms
D/dalvikvm( 1665): GC_CONCURRENT freed 621K, 66% free 2506K/7363K, paused 1ms+3ms
D/dalvikvm( 1665): GC_CONCURRENT freed 583K, 67% free 2497K/7363K, paused 1ms+3ms
D/dalvikvm( 1665): GC_CONCURRENT freed 569K, 66% free 2512K/7363K, paused 3ms+4ms
D/dalvikvm( 1665): GC_CONCURRENT freed 582K, 65% free 2628K/7363K, paused 3ms+2ms
D/MonitorCw880( 2189): currentRemoteHost is null ,continue
D/MonitorCw880( 2189): currentRemoteHost is null ,continue
D/HomePlayerLib( 1665): hostaddress count is 1
D/dalvikvm( 1665): GC_CONCURRENT freed 741K, 67% free 2499K/7363K, paused 2ms+2ms
D/dalvikvm( 1665): GC_CONCURRENT freed 562K, 65% free 2623K/7363K, paused 4ms+2ms
D/dalvikvm( 1665): GC_CONCURRENT freed 725K, 66% free 2535K/7363K, paused 2ms+3ms
D/dalvikvm( 1665): GC_CONCURRENT freed 614K, 66% free 2519K/7363K, paused 2ms+4ms
D/dalvikvm( 1665): GC_CONCURRENT freed 579K, 66% free 2520K/7363K, paused 4ms+2ms
D/dalvikvm( 1665): GC_CONCURRENT freed 582K, 66% free 2520K/7363K, paused 2ms+3ms
D/dalvikvm( 1665): GC_CONCURRENT freed 599K, 66% free 2505K/7363K, paused 1ms+2ms
D/MonitorCw880( 2189): currentRemoteHost is null ,continue
D/MonitorCw880( 2189): currentRemoteHost is null ,continue
D/HomePlayerLib( 1665): hostaddress count is 1
D/dalvikvm( 1665): GC_CONCURRENT freed 588K, 65% free 2616K/7363K, paused 2ms+2ms
D/dalvikvm( 1665): GC_CONCURRENT freed 713K, 65% free 2606K/7363K, paused 2ms+2ms
D/dalvikvm( 1665): GC_CONCURRENT freed 699K, 65% free 2625K/7363K, paused 2ms+2ms
D/dalvikvm( 1665): GC_CONCURRENT freed 730K, 66% free 2534K/7363K, paused 2ms+2ms
D/dalvikvm( 1665): GC_CONCURRENT freed 608K, 65% free 2626K/7363K, paused 2ms+2ms
D/dalvikvm( 1665): GC_CONCURRENT freed 735K, 66% free 2505K/7363K, paused 1ms+2ms
D/MonitorCw880( 2189): currentRemoteHost is null ,continue
D/MonitorCw880( 2189): currentRemoteHost is null ,continue
D/HomePlayerLib( 1665): hostaddress count is 1
D/dalvikvm( 1665): GC_CONCURRENT freed 564K, 66% free 2513K/7363K, paused 2ms+2ms
D/dalvikvm( 1665): GC_CONCURRENT freed 579K, 66% free 2517K/7363K, paused 6ms+3ms
D/dalvikvm( 1665): GC_CONCURRENT freed 590K, 66% free 2520K/7363K, paused 4ms+3ms
D/dalvikvm( 1665): GC_CONCURRENT freed 580K, 66% free 2519K/7363K, paused 2ms+2ms
D/dalvikvm( 1665): GC_CONCURRENT freed 598K, 66% free 2520K/7363K, paused 2ms+2ms
D/dalvikvm( 1665): GC_CONCURRENT freed 592K, 66% free 2519K/7363K, paused 2ms+2ms
D/dalvikvm( 1665): GC_CONCURRENT freed 585K, 66% free 2517K/7363K, paused 2ms+2ms
D/MonitorCw880( 2189): currentRemoteHost is null ,continue
D/MonitorCw880( 2189): currentRemoteHost is null ,continue
D/HomePlayerLib( 1665): hostaddress count is 1
D/dalvikvm( 1665): GC_CONCURRENT freed 583K, 66% free 2560K/7363K, paused 4ms+2ms
D/dalvikvm( 1665): GC_CONCURRENT freed 655K, 64% free 2666K/7363K, paused 2ms+2ms
D/dalvikvm( 1665): GC_CONCURRENT freed 788K, 66% free 2524K/7363K, paused 1ms+2ms
D/dalvikvm( 1665): GC_CONCURRENT freed 602K, 66% free 2564K/7363K, paused 2ms+2ms
D/dalvikvm( 1665): GC_CONCURRENT freed 658K, 66% free 2521K/7363K, paused 2ms+2ms
D/dalvikvm( 1665): GC_CONCURRENT freed 596K, 65% free 2625K/7363K, paused 2ms+3ms
D/MonitorCw880( 2189): currentRemoteHost is null ,continue
D/MonitorCw880( 2189): currentRemoteHost is null ,continue
D/dalvikvm( 1665): GC_CONCURRENT freed 730K, 66% free 2517K/7363K, paused 4ms+3ms
D/HomePlayerLib( 1665): hostaddress count is 1
D/dalvikvm( 1665): GC_CONCURRENT freed 591K, 66% free 2514K/7363K, paused 2ms+2ms
D/dalvikvm( 1665): GC_CONCURRENT freed 594K, 67% free 2493K/7363K, paused 2ms+2ms
D/dalvikvm( 1665): GC_CONCURRENT freed 551K, 66% free 2536K/7363K, paused 2ms+3ms
D/dalvikvm( 1665): GC_CONCURRENT freed 621K, 66% free 2526K/7363K, paused 2ms+2ms
D/dalvikvm( 1665): GC_CONCURRENT freed 598K, 66% free 2522K/7363K, paused 2ms+2ms
D/dalvikvm( 1665): GC_CONCURRENT freed 593K, 65% free 2648K/7363K, paused 2ms+2ms
D/MonitorCw880( 2189): currentRemoteHost is null ,continue
D/dalvikvm( 1665): GC_CONCURRENT freed 771K, 66% free 2517K/7363K, paused 2ms+2ms
D/MonitorCw880( 2189): currentRemoteHost is null ,continue
I/EventLogService( 1294): Aggregate from 1364174987082 (log), 1364174987082 (data)
D/HomePlayerLib( 1665): hostaddress count is 1
D/dalvikvm( 1665): GC_CONCURRENT freed 589K, 66% free 2513K/7363K, paused 2ms+3ms
D/dalvikvm( 1665): GC_CONCURRENT freed 577K, 66% free 2518K/7363K, paused 2ms+2ms
D/MonitorCw880( 2189): currentRemoteHost is null ,continue
D/dalvikvm( 1665): GC_CONCURRENT freed 594K, 66% free 2510K/7363K, paused 2ms+2ms
D/dalvikvm( 1665): GC_CONCURRENT freed 579K, 66% free 2519K/7363K, paused 2ms+4ms
D/dalvikvm( 1665): GC_CONCURRENT freed 580K, 66% free 2522K/7363K, paused 2ms+3ms
D/dalvikvm( 1665): GC_CONCURRENT freed 599K, 66% free 2536K/7363K, paused 2ms+2ms
D/dalvikvm( 1665): GC_CONCURRENT freed 623K, 66% free 2532K/7363K, paused 2ms+4ms
D/MonitorCw880( 2189): currentRemoteHost is null ,continue
D/MonitorCw880( 2189): currentRemoteHost is null ,continue
D/HomePlayerLib( 1665): hostaddress count is 1
D/dalvikvm( 1665): GC_CONCURRENT freed 604K, 65% free 2620K/7363K, paused 1ms+2ms
D/dalvikvm( 1665): GC_CONCURRENT freed 726K, 65% free 2629K/7363K, paused 1ms+2ms
D/dalvikvm( 1665): GC_CONCURRENT freed 740K, 66% free 2535K/7363K, paused 3ms+3ms
D/dalvikvm( 1665): GC_CONCURRENT freed 619K, 65% free 2623K/7363K, paused 2ms+3ms
D/dalvikvm( 1665): GC_CONCURRENT freed 731K, 66% free 2520K/7363K, paused 2ms+4ms
D/dalvikvm( 1665): GC_CONCURRENT freed 587K, 66% free 2517K/7363K, paused 2ms+2ms
D/MonitorCw880( 2189): currentRemoteHost is null ,continue
D/MonitorCw880( 2189): currentRemoteHost is null ,continue
D/HomePlayerLib( 1665): hostaddress count is 1
D/dalvikvm( 1665): GC_CONCURRENT freed 583K, 65% free 2625K/7363K, paused 2ms+2ms
D/dalvikvm( 1665): GC_CONCURRENT freed 746K, 64% free 2657K/7363K, paused 2ms+2ms
D/dalvikvm( 1665): GC_CONCURRENT freed 779K, 66% free 2523K/7363K, paused 1ms+2ms
D/dalvikvm( 1665): GC_CONCURRENT freed 602K, 66% free 2523K/7363K, paused 2ms+2ms
D/dalvikvm( 1665): GC_CONCURRENT freed 579K, 65% free 2647K/7363K, paused 1ms+3ms
D/dalvikvm( 1665): GC_CONCURRENT freed 744K, 65% free 2609K/7363K, paused 1ms+2ms
D/MonitorCw880( 2189): currentRemoteHost is null ,continue
D/MonitorCw880( 2189): currentRemoteHost is null ,continue
D/dalvikvm( 1665): GC_CONCURRENT freed 701K, 66% free 2517K/7363K, paused 2ms+4ms
D/HomePlayerLib( 1665): hostaddress count is 1
D/dalvikvm( 1665): GC_CONCURRENT freed 592K, 65% free 2620K/7363K, paused 1ms+2ms
D/dalvikvm( 1665): GC_CONCURRENT freed 712K, 64% free 2690K/7363K, paused 2ms+2ms
D/dalvikvm( 1665): GC_CONCURRENT freed 823K, 66% free 2569K/7363K, paused 2ms+2ms
D/dalvikvm( 1665): GC_CONCURRENT freed 664K, 67% free 2497K/7363K, paused 2ms+2ms
D/dalvikvm( 1665): GC_CONCURRENT freed 556K, 65% free 2624K/7363K, paused 2ms+2ms
D/MonitorCw880( 2189): currentRemoteHost is null ,continue
D/MonitorCw880( 2189): currentRemoteHost is null ,continue
D/dalvikvm( 1665): GC_CONCURRENT freed 730K, 66% free 2516K/7363K, paused 2ms+2ms
D/HomePlayerLib( 1665): hostaddress count is 1
D/dalvikvm( 1665): GC_CONCURRENT freed 590K, 64% free 2660K/7363K, paused 1ms+2ms
D/dalvikvm( 1665): GC_CONCURRENT freed 781K, 65% free 2629K/7363K, paused 2ms+2ms
D/dalvikvm( 1665): GC_CONCURRENT freed 741K, 66% free 2510K/7363K, paused 2ms+2ms
D/dalvikvm( 1665): GC_CONCURRENT freed 584K, 66% free 2507K/7363K, paused 2ms+2ms
D/dalvikvm( 1665): GC_CONCURRENT freed 583K, 65% free 2604K/7363K, paused 2ms+2ms
D/dalvikvm( 1665): GC_CONCURRENT freed 705K, 65% free 2606K/7363K, paused 2ms+13ms
D/MonitorCw880( 2189): currentRemoteHost is null ,continue
D/MonitorCw880( 2189): currentRemoteHost is null ,continue
D/HomePlayerLib( 1665): hostaddress count is 1
D/dalvikvm( 1665): GC_CONCURRENT freed 712K, 65% free 2620K/7363K, paused 2ms+2ms
D/dalvikvm( 1665): GC_CONCURRENT freed 727K, 66% free 2537K/7363K, paused 2ms+2ms
D/dalvikvm( 1665): GC_CONCURRENT freed 611K, 65% free 2627K/7363K, paused 1ms+2ms
D/dalvikvm( 1665): GC_CONCURRENT freed 712K, 65% free 2621K/7363K, paused 2ms+2ms
D/dalvikvm( 1665): GC_CONCURRENT freed 715K, 65% free 2608K/7363K, paused 2ms+2ms
D/dalvikvm( 1665): GC_CONCURRENT freed 717K, 65% free 2608K/7363K, paused 2ms+2ms
D/MonitorCw880( 2189): currentRemoteHost is null ,continue
D/MonitorCw880( 2189): currentRemoteHost is null ,continue
D/HomePlayerLib( 1665): hostaddress count is 1
D/dalvikvm( 1665): GC_CONCURRENT freed 715K, 66% free 2515K/7363K, paused 1ms+2ms
D/dalvikvm( 1665): GC_CONCURRENT freed 578K, 65% free 2624K/7363K, paused 2ms+2ms
D/MonitorCw880( 2189): currentRemoteHost is null ,continue
D/dalvikvm( 1665): GC_CONCURRENT freed 725K, 65% free 2634K/7363K, paused 2ms+2ms
D/dalvikvm( 1665): GC_CONCURRENT freed 745K, 65% free 2622K/7363K, paused 12ms+2ms
D/dalvikvm( 1665): GC_CONCURRENT freed 721K, 65% free 2600K/7363K, paused 2ms+3ms
D/dalvikvm( 1665): GC_CONCURRENT freed 700K, 65% free 2620K/7363K, paused 2ms+2ms
D/MonitorCw880( 2189): currentRemoteHost is null ,continue
W/ThrottleService(  948): unable to find stats for iface rmnet0
D/dalvikvm( 1992): GC_CONCURRENT freed 1641K, 20% free 27845K/34499K, paused 2ms+5ms
D/MonitorCw880( 2189): currentRemoteHost is null ,continue
D/HomePlayerLib( 1665): hostaddress count is 1
D/dalvikvm( 1665): GC_CONCURRENT freed 727K, 65% free 2629K/7363K, paused 2ms+4ms
D/dalvikvm( 1665): GC_CONCURRENT freed 740K, 66% free 2519K/7363K, paused 1ms+2ms
D/dalvikvm( 1665): GC_CONCURRENT freed 579K, 66% free 2520K/7363K, paused 2ms+3ms
D/dalvikvm( 1665): GC_CONCURRENT freed 581K, 65% free 2627K/7363K, paused 2ms+2ms
D/dalvikvm( 1665): GC_CONCURRENT freed 738K, 65% free 2609K/7363K, paused 1ms+2ms
D/dalvikvm( 1665): GC_CONCURRENT freed 711K, 65% free 2630K/7363K, paused 2ms+2ms
D/MonitorCw880( 2189): currentRemoteHost is null ,continue
D/MonitorCw880( 2189): currentRemoteHost is null ,continue
D/HomePlayerLib( 1665): hostaddress count is 1
D/dalvikvm( 1665): GC_CONCURRENT freed 753K, 66% free 2571K/7363K, paused 3ms+3ms
D/dalvikvm( 1665): GC_CONCURRENT freed 662K, 65% free 2629K/7363K, paused 2ms+2ms
D/dalvikvm( 1665): GC_CONCURRENT freed 733K, 65% free 2580K/7363K, paused 1ms+4ms
D/dalvikvm( 1665): GC_CONCURRENT freed 680K, 65% free 2620K/7363K, paused 2ms+2ms
D/dalvikvm( 1665): GC_CONCURRENT freed 717K, 65% free 2627K/7363K, paused 2ms+2ms
D/dalvikvm( 1665): GC_CONCURRENT freed 736K, 65% free 2629K/7363K, paused 2ms+2ms
D/MonitorCw880( 2189): currentRemoteHost is null ,continue
D/MonitorCw880( 2189): currentRemoteHost is null ,continue
D/HomePlayerLib( 1665): hostaddress count is 1
D/dalvikvm( 1665): GC_CONCURRENT freed 726K, 66% free 2556K/7363K, paused 2ms+4ms
D/dalvikvm( 1665): GC_CONCURRENT freed 646K, 66% free 2532K/7363K, paused 2ms+4ms
D/dalvikvm( 1665): GC_CONCURRENT freed 615K, 65% free 2621K/7363K, paused 2ms+2ms
D/dalvikvm( 1665): GC_CONCURRENT freed 718K, 66% free 2522K/7363K, paused 2ms+2ms
D/dalvikvm( 1665): GC_CONCURRENT freed 607K, 65% free 2618K/7363K, paused 2ms+2ms
D/dalvikvm( 1665): GC_CONCURRENT freed 728K, 65% free 2623K/7363K, paused 2ms+3ms
D/MonitorCw880( 2189): currentRemoteHost is null ,continue
I/locationServeUtil( 1260): SystemPropertiesClass:class android.os.SystemProperties
W/getProperties( 1260): ~~~~~~~~~~~~~~~~~~~~~~returnvalue:beijing
I/ChinaWeather( 1260): localCityCode--->101010100
D/MonitorCw880( 2189): currentRemoteHost is null ,continue
I/ChinaWeather( 1260): info:{"weatherinfo":{"city":"北京","cityid":"101010100","temp1":"11℃","temp2":"2℃","weather":"晴转多云","img1":"d0.gif","img2":"n1.gif","ptime":"08:00"}}
I/ChinaWeather( 1260): [handler]  info:2℃ ~ 11℃ 北京 晴转多云
D/HomePlayerLib( 1665): hostaddress count is 1
D/dalvikvm( 1665): GC_CONCURRENT freed 720K, 66% free 2514K/7363K, paused 1ms+3ms
D/dalvikvm( 1665): GC_CONCURRENT freed 581K, 66% free 2546K/7363K, paused 2ms+2ms
D/dalvikvm( 1665): GC_CONCURRENT freed 631K, 65% free 2608K/7363K, paused 2ms+2ms
D/dalvikvm( 1665): GC_CONCURRENT freed 701K, 65% free 2609K/7363K, paused 2ms+2ms
D/dalvikvm( 1665): GC_CONCURRENT freed 716K, 66% free 2520K/7363K, paused 2ms+2ms
D/dalvikvm( 1665): GC_CONCURRENT freed 586K, 66% free 2517K/7363K, paused 2ms+3ms
D/MonitorCw880( 2189): currentRemoteHost is null ,continue
D/MonitorCw880( 2189): currentRemoteHost is null ,continue
D/dalvikvm( 1665): GC_FOR_ALLOC freed 728K, 67% free 2491K/7363K, paused 22ms
D/HomePlayerLib( 1665): hostaddress count is 1
D/dalvikvm( 1665): GC_CONCURRENT freed 9K, 62% free 2841K/7363K, paused 2ms+2ms
D/dalvikvm( 1665): GC_CONCURRENT freed 1024K, 65% free 2620K/7363K, paused 2ms+2ms
D/dalvikvm( 1665): GC_CONCURRENT freed 729K, 66% free 2560K/7363K, paused 2ms+5ms
D/dalvikvm( 1665): GC_CONCURRENT freed 662K, 65% free 2614K/7363K, paused 3ms+2ms
D/MonitorCw880( 2189): currentRemoteHost is null ,continue
D/dalvikvm( 1665): GC_CONCURRENT freed 718K, 65% free 2620K/7363K, paused 3ms+2ms
D/dalvikvm( 1665): GC_CONCURRENT freed 718K, 65% free 2627K/7363K, paused 2ms+2ms
D/MonitorCw880( 2189): currentRemoteHost is null ,continue
D/MonitorCw880( 2189): currentRemoteHost is null ,continue
D/HomePlayerLib( 1665): hostaddress count is 1
D/dalvikvm( 1665): GC_CONCURRENT freed 742K, 67% free 2501K/7363K, paused 2ms+2ms
D/dalvikvm( 1665): GC_CONCURRENT freed 578K, 66% free 2514K/7363K, paused 2ms+2ms
D/dalvikvm( 1665): GC_CONCURRENT freed 584K, 66% free 2508K/7363K, paused 2ms+2ms
D/dalvikvm( 1665): GC_CONCURRENT freed 561K, 65% free 2645K/7363K, paused 2ms+2ms
D/dalvikvm( 1665): GC_CONCURRENT freed 742K, 65% free 2609K/7363K, paused 2ms+2ms
D/dalvikvm( 1665): GC_CONCURRENT freed 718K, 66% free 2521K/7363K, paused 1ms+2ms
D/MonitorCw880( 2189): currentRemoteHost is null ,continue
D/MonitorCw880( 2189): currentRemoteHost is null ,continue
D/dalvikvm( 1665): GC_CONCURRENT freed 597K, 66% free 2527K/7363K, paused 2ms+2ms
D/HomePlayerLib( 1665): hostaddress count is 1
D/dalvikvm( 1665): GC_CONCURRENT freed 602K, 66% free 2514K/7363K, paused 2ms+4ms
D/dalvikvm( 1665): GC_CONCURRENT freed 594K, 67% free 2494K/7363K, paused 2ms+3ms
D/dalvikvm( 1665): GC_CONCURRENT freed 551K, 66% free 2520K/7363K, paused 2ms+3ms
D/dalvikvm( 1665): GC_CONCURRENT freed 580K, 66% free 2520K/7363K, paused 2ms+2ms
D/dalvikvm( 1665): GC_CONCURRENT freed 600K, 66% free 2503K/7363K, paused 2ms+2ms
D/dalvikvm( 1665): GC_CONCURRENT freed 580K, 65% free 2618K/7363K, paused 2ms+2ms
D/MonitorCw880( 2189): currentRemoteHost is null ,continue
D/MonitorCw880( 2189): currentRemoteHost is null ,continue
D/dalvikvm( 1665): GC_CONCURRENT freed 731K, 65% free 2619K/7363K, paused 1ms+2ms
D/HomePlayerLib( 1665): hostaddress count is 1
D/dalvikvm( 1665): GC_CONCURRENT freed 725K, 65% free 2611K/7363K, paused 2ms+2ms
D/dalvikvm( 1665): GC_CONCURRENT freed 713K, 65% free 2609K/7363K, paused 1ms+2ms
D/dalvikvm( 1665): GC_CONCURRENT freed 703K, 65% free 2609K/7363K, paused 3ms+3ms
D/dalvikvm( 1665): GC_CONCURRENT freed 704K, 65% free 2611K/7363K, paused 8ms+2ms
D/dalvikvm( 1665): GC_CONCURRENT freed 717K, 65% free 2607K/7363K, paused 2ms+2ms
D/MonitorCw880( 2189): currentRemoteHost is null ,continue
D/MonitorCw880( 2189): currentRemoteHost is null ,continue
D/dalvikvm( 1665): GC_CONCURRENT freed 718K, 66% free 2529K/7363K, paused 1ms+2ms
D/HomePlayerLib( 1665): hostaddress count is 1
D/dalvikvm( 1665): GC_CONCURRENT freed 603K, 66% free 2514K/7363K, paused 2ms+2ms
D/dalvikvm( 1665): GC_CONCURRENT freed 591K, 66% free 2573K/7363K, paused 2ms+2ms
D/dalvikvm( 1665): GC_CONCURRENT freed 659K, 65% free 2603K/7363K, paused 2ms+2ms
D/dalvikvm( 1665): GC_CONCURRENT freed 702K, 66% free 2521K/7363K, paused 1ms+2ms
D/dalvikvm( 1665): GC_CONCURRENT freed 601K, 66% free 2506K/7363K, paused 2ms+2ms
D/dalvikvm( 1665): GC_CONCURRENT freed 583K, 66% free 2514K/7363K, paused 2ms+3ms
D/MonitorCw880( 2189): currentRemoteHost is null ,continue
D/MonitorCw880( 2189): currentRemoteHost is null ,continue
D/HomePlayerLib( 1665): hostaddress count is 1
D/dalvikvm( 1665): GC_CONCURRENT freed 591K, 66% free 2525K/7363K, paused 2ms+2ms
D/dalvikvm( 1665): GC_CONCURRENT freed 593K, 66% free 2515K/7363K, paused 4ms+2ms
D/dalvikvm( 1665): GC_CONCURRENT freed 590K, 65% free 2626K/7363K, paused 1ms+2ms
D/dalvikvm( 1665): GC_CONCURRENT freed 740K, 65% free 2610K/7363K, paused 2ms+2ms
D/dalvikvm( 1665): GC_CONCURRENT freed 704K, 65% free 2609K/7363K, paused 2ms+2ms
D/dalvikvm( 1665): GC_CONCURRENT freed 717K, 65% free 2608K/7363K, paused 3ms+3ms
D/MonitorCw880( 2189): currentRemoteHost is null ,continue
D/MonitorCw880( 2189): currentRemoteHost is null ,continue
D/HomePlayerLib( 1665): hostaddress count is 1
D/dalvikvm( 1665): GC_CONCURRENT freed 719K, 65% free 2620K/7363K, paused 1ms+3ms
D/dalvikvm( 1665): GC_CONCURRENT freed 725K, 65% free 2621K/7363K, paused 1ms+2ms
D/dalvikvm( 1665): GC_CONCURRENT freed 714K, 66% free 2541K/7363K, paused 2ms+2ms
I/DVB_main( 1992): [dispatchKeyEvent]  Action:0  keyCode:4
I/dvb_LoadTips( 1992): [onKeyDown] ........... Load tips is show ..........Tips_status:4
I/DVB_main( 1992): [dispatchKeyEvent]  finish
I/DVB_main( 1992): [dispatchKeyEvent]  Action:1  keyCode:4
I/DVB_main( 1992): [dispatchKeyEvent]  Does not deal with the keyCode
D/InputEventConsistencyVerifier( 1992): KeyEvent: ACTION_UP but key was not down.
D/InputEventConsistencyVerifier( 1992):   in com.android.internal.policy.impl.PhoneWindow$DecorView@417c0830
D/InputEventConsistencyVerifier( 1992):   0: sent at 3819837000000, KeyEvent { action=ACTION_UP, keyCode=KEYCODE_BACK, scanCode=158, metaState=0, flags=0x28, repeatCount=0, eventTime=3819837, downTime=3819774, deviceId=2, source=0x101 }
D/InputEventConsistencyVerifier( 1992): KeyEvent: ACTION_UP but key was not down.
D/InputEventConsistencyVerifier( 1992):   in Handler (android.view.ViewRootImpl) {415c8330}
D/InputEventConsistencyVerifier( 1992):   0: sent at 3819932000000, KeyEvent { action=ACTION_UP, keyCode=KEYCODE_BACK, scanCode=158, metaState=0, flags=0x8, repeatCount=0, eventTime=3819932, downTime=3819774, deviceId=2, source=0x101 }
D/MonitorCw880( 2189): currentRemoteHost is null ,continue
D/dalvikvm( 1665): GC_CONCURRENT freed 623K, 65% free 2626K/7363K, paused 4ms+4ms
D/dalvikvm( 1665): GC_CONCURRENT freed 728K, 65% free 2590K/7363K, paused 1ms+3ms
D/dalvikvm( 1665): GC_CONCURRENT freed 688K, 66% free 2563K/7363K, paused 2ms+3ms
I/DVB_main( 1992): onPause
I/DVB_main( 1992): exit, Send broadcast playtype is 0
I/dvb_OTTPlayer( 1992): [stop] stop
D/OtOService( 1775): TVContentReceiver: ACTION_TV_CONTENT_CHANGED, playType: 0 ,resourceCode: null
D/ServerAdapter( 1775): Server addr: http://wasu.feifeikan.com:8080/
I/dvb_LoadTips( 1992): [gethandler] objInstance:com.coship.dvbplayer.LoadTips@4179b938
E/ServerHandler( 1775): Send:com.aidufei.protocol.oto.OtOContentRequest@41f44d70
I/dvb_LoadTips( 1992): [gethandler] objInstance  mHandler:Handler (com.coship.dvbplayer.LoadTips$1) {42de7fe8}
I/dvb_LoadTips( 1992): [gethandler] objInstance:com.coship.dvbplayer.LoadTips@4179b938
I/dvb_LoadTips( 1992): [gethandler] objInstance  mHandler:Handler (com.coship.dvbplayer.LoadTips$1) {42de7fe8}
D/ServerHandler( 1775): ServerHandler send request:200:{"Status":{"ReturnCode":100,"Description":"TVContentChanged"},"ServerAddr":"http:\/\/wasu.feifeikan.com:8080\/","Volume":-1}
V/ServerHandler( 1775): ServerHandler send DatagramPacket:/192.168.1.104-[B@41cfdd98
I/portal  ( 1260): ~~~~~~~~~~ checkCoshipIsShow ~~~~~~~~~~~~~~:true
I/portal  ( 1260): ~~~~~~~~~~ ShowCoshipApp ~~~~~~~~~~~~~~
I/portal  ( 1260): ~~~~~~~~~~ CoshipApp is Show~~~~~~~~~~~~~~
V/TabletStatusBar( 1145): setLightsOn(true)
I/dvb_LoadTips( 1992): [mHandler] ~~~~~~~~~~~~~~~~~~~~~~~~~mHandler:Handler (com.coship.dvbplayer.LoadTips$1) {42de7fe8} msg.what:5 msg.obj:null
E/dvb_OTTPlayer( 1992): [surfaceDestroyed]  holder:android.view.SurfaceView$4@42e2ade0
W/InputManagerService(  948): Starting input on non-focused client com.android.internal.view.IInputMethodClient$Stub$Proxy@41664008 (uid=10032 pid=1992)
D/OpenGLRenderer( 1775): Flushing caches (mode 1)
I/ActivityManager(  948): No longer want com.iflytek.speech (pid 1715): hidden #16
I/ActivityManager(  948): No longer want com.iflytek.xiri.recorder.svc (pid 1682): hidden #17
I/DVB_main( 1992): onDestroy
I/dvb_OTTPlayer( 1992): [stop] stop
I/dvb_LoadTips( 1992): [gethandler] objInstance:com.coship.dvbplayer.LoadTips@4179b938
I/dvb_LoadTips( 1992): [gethandler] objInstance  mHandler:Handler (com.coship.dvbplayer.LoadTips$1) {42de7fe8}
I/dvb_LoadTips( 1992): [gethandler] objInstance:com.coship.dvbplayer.LoadTips@4179b938
I/dvb_LoadTips( 1992): [gethandler] objInstance  mHandler:Handler (com.coship.dvbplayer.LoadTips$1) {42de7fe8}
D/ServiceAdapter( 1992): onDestroy.
V/OtOService( 1775): unregisterCallback:
D/dalvikvm( 1992): GC_EXPLICIT freed 147K, 20% free 27883K/34499K, paused 3ms+7ms
E/StrictMode( 1992): class com.coship.dvbplayer.main; instances=2; limit=1
E/StrictMode( 1992): android.os.StrictMode$InstanceCountViolation: class com.coship.dvbplayer.main; instances=2; limit=1
E/StrictMode( 1992):    at android.os.StrictMode.setClassInstanceLimit(StrictMode.java:1)
I/dvb_LoadTips( 1992): [mHandler] ~~~~~~~~~~~~~~~~~~~~~~~~~mHandler:Handler (com.coship.dvbplayer.LoadTips$1) {42de7fe8} msg.what:5 msg.obj:null
E/ActivityThread( 1992): Activity com.coship.dvbplayer.main has leaked ServiceConnection com.aidufei.otoService.ServiceAdapter$1@42e1eea8 that was originally bound here
E/ActivityThread( 1992): android.app.ServiceConnectionLeaked: Activity com.coship.dvbplayer.main has leaked ServiceConnection com.aidufei.otoService.ServiceAdapter$1@42e1eea8 that was originally bound here
E/ActivityThread( 1992):        at android.app.LoadedApk$ServiceDispatcher.<init>(LoadedApk.java:936)
E/ActivityThread( 1992):        at android.app.LoadedApk.getServiceDispatcher(LoadedApk.java:830)
E/ActivityThread( 1992):        at android.app.ContextImpl.bindService(ContextImpl.java:1142)
E/ActivityThread( 1992):        at android.content.ContextWrapper.bindService(ContextWrapper.java:370)
E/ActivityThread( 1992):        at com.aidufei.otoService.ServiceAdapter.<init>(ServiceAdapter.java:52)
E/ActivityThread( 1992):        at com.coship.dvbplayer.main.init(main.java:465)
E/ActivityThread( 1992):        at com.coship.dvbplayer.main.onResume(main.java:435)
E/ActivityThread( 1992):        at android.app.Instrumentation.callActivityOnResume(Instrumentation.java:1154)
E/ActivityThread( 1992):        at android.app.Activity.performResume(Activity.java:4539)
E/ActivityThread( 1992):        at android.app.ActivityThread.performResumeActivity(ActivityThread.java:2434)
E/ActivityThread( 1992):        at android.app.ActivityThread.handleResumeActivity(ActivityThread.java:2472)
E/ActivityThread( 1992):        at android.app.ActivityThread.handleLaunchActivity(ActivityThread.java:1986)
E/ActivityThread( 1992):        at android.app.ActivityThread.access$600(ActivityThread.java:123)
E/ActivityThread( 1992):        at android.app.ActivityThread$H.handleMessage(ActivityThread.java:1147)
E/ActivityThread( 1992):        at android.os.Handler.dispatchMessage(Handler.java:99)
E/ActivityThread( 1992):        at android.os.Looper.loop(Looper.java:137)
E/ActivityThread( 1992):        at android.app.ActivityThread.main(ActivityThread.java:4424)
E/ActivityThread( 1992):        at java.lang.reflect.Method.invokeNative(Native Method)
E/ActivityThread( 1992):        at java.lang.reflect.Method.invoke(Method.java:511)
E/ActivityThread( 1992):        at com.android.internal.os.ZygoteInit$MethodAndArgsCaller.run(ZygoteInit.java:848)
E/ActivityThread( 1992):        at com.android.internal.os.ZygoteInit.main(ZygoteInit.java:575)
E/ActivityThread( 1992):        at dalvik.system.NativeStart.main(Native Method)
W/ActivityManager(  948): Unbind failed: could not find connection for android.os.BinderProxy@418799d0
D/MonitorCw880( 2189): currentRemoteHost is null ,continue
D/dalvikvm(  948): GC_CONCURRENT freed 1982K, 61% free 3753K/9539K, paused 2ms+5ms
D/dalvikvm( 1665): GC_CONCURRENT freed 650K, 65% free 2599K/7363K, paused 2ms+2ms
D/MonitorCw880( 2189): currentRemoteHost is null ,continue
D/HomePlayerLib( 1665): hostaddress count is 1
D/dalvikvm( 1665): GC_CONCURRENT freed 709K, 65% free 2619K/7363K, paused 2ms+2ms
D/dalvikvm( 1665): GC_CONCURRENT freed 728K, 66% free 2507K/7363K, paused 2ms+2ms
D/dalvikvm( 1665): GC_CONCURRENT freed 577K, 66% free 2507K/7363K, paused 1ms+2ms
D/dalvikvm( 1665): GC_CONCURRENT freed 580K, 65% free 2650K/7363K, paused 1ms+2ms
D/dalvikvm( 1665): GC_CONCURRENT freed 757K, 65% free 2627K/7363K, paused 2ms+2ms
D/dalvikvm( 1665): GC_CONCURRENT freed 743K, 66% free 2537K/7363K, paused 1ms+2ms
D/MonitorCw880( 2189): currentRemoteHost is null ,continue
D/MonitorCw880( 2189): currentRemoteHost is null ,continue
D/HomePlayerLib( 1665): hostaddress count is 1
D/dalvikvm( 1665): GC_CONCURRENT freed 609K, 66% free 2512K/7363K, paused 2ms+2ms
D/dalvikvm( 1665): GC_CONCURRENT freed 580K, 66% free 2560K/7363K, paused 1ms+2ms
D/dalvikvm( 1665): GC_CONCURRENT freed 631K, 66% free 2571K/7363K, paused 2ms+2ms
D/dalvikvm( 1665): GC_CONCURRENT freed 659K, 66% free 2521K/7363K, paused 1ms+2ms
D/dalvikvm( 1665): GC_CONCURRENT freed 582K, 65% free 2643K/7363K, paused 3ms+2ms
D/dalvikvm( 1665): GC_CONCURRENT freed 756K, 66% free 2521K/7363K, paused 2ms+2ms
D/dalvikvm( 1665): GC_CONCURRENT freed 603K, 66% free 2516K/7363K, paused 4ms+2ms
D/MonitorCw880( 2189): currentRemoteHost is null ,continue
D/MonitorCw880( 2189): currentRemoteHost is null ,continue
D/HomePlayerLib( 1665): hostaddress count is 1
D/dalvikvm( 1665): GC_CONCURRENT freed 588K, 66% free 2514K/7363K, paused 4ms+2ms
D/dalvikvm( 1665): GC_CONCURRENT freed 577K, 65% free 2623K/7363K, paused 1ms+2ms
D/dalvikvm( 1665): GC_CONCURRENT freed 725K, 65% free 2633K/7363K, paused 2ms+2ms
D/dalvikvm( 1665): GC_CONCURRENT freed 743K, 66% free 2535K/7363K, paused 2ms+3ms
D/dalvikvm( 1665): GC_FOR_ALLOC freed 730K, 66% free 2504K/7363K, paused 24ms
D/dalvikvm( 1665): GC_CONCURRENT freed 1K, 65% free 2644K/7363K, paused 2ms+1ms
D/dalvikvm( 1665): GC_CONCURRENT freed 748K, 65% free 2606K/7363K, paused 2ms+4ms
D/MonitorCw880( 2189): currentRemoteHost is null ,continue
D/MonitorCw880( 2189): currentRemoteHost is null ,continue
D/HomePlayerLib( 1665): hostaddress count is 1
D/dalvikvm( 1665): GC_CONCURRENT freed 713K, 65% free 2620K/7363K, paused 2ms+2ms
D/dalvikvm( 1665): GC_CONCURRENT freed 727K, 66% free 2537K/7363K, paused 2ms+2ms
D/dalvikvm( 1665): GC_CONCURRENT freed 618K, 66% free 2516K/7363K, paused 1ms+2ms
D/dalvikvm( 1665): GC_CONCURRENT freed 594K, 66% free 2521K/7363K, paused 2ms+2ms
D/dalvikvm( 1665): GC_CONCURRENT freed 601K, 65% free 2607K/7363K, paused 2ms+3ms
D/dalvikvm( 1665): GC_CONCURRENT freed 715K, 67% free 2499K/7363K, paused 2ms+2ms
D/MonitorCw880( 2189): currentRemoteHost is null ,continue
D/MonitorCw880( 2189): currentRemoteHost is null ,continue
E/ServerHandler( 1775): receiveRequest
V/OtORequest( 1775): parseCommand
V/OtORequest( 1775): get command=101
V/OtORequest( 1775): parse OtORequest: cmd=101 paramLength=126 bufferlen=134
V/OtORequest( 1775): parse param: param={"ResourceInfo":{"ProductCode":"","PlayType":2,"ResourceCode":"10032","ResourceName":"剧场"},"UserCode":"llllll","SubID":""}bID":""}
E/ServerAdapter( 1775): onPlay ---------
E/ServerAdapter( 1775): onPlay =========
E/OtOService( 1775): client request play. info=com.aidufei.protocol.oto.ResourceInfo@41f55710
D/OtOService( 1775): PLAY_VOB
V/OtOService( 1775): client request play. info.code()=10032
I/ActivityManager(  948): START {flg=0x58000000 cmp=com.coship.dvbplayer/.main (has extras)} from pid 1775
D/dalvikvm(  948): GC_FOR_ALLOC freed 118K, 62% free 3695K/9539K, paused 36ms
I/dalvikvm-heap(  948): Grow heap (frag case) to 8.209MB for 1048592-byte allocation
D/dalvikvm(  948): GC_FOR_ALLOC freed 1K, 51% free 4718K/9539K, paused 40ms
D/dalvikvm(  948): GC_CONCURRENT freed <1K, 50% free 4782K/9539K, paused 2ms+4ms
E/ServerAdapter( 1775): play
E/ServerHandler( 1775): Send:com.aidufei.protocol.oto.OtOPlayRequest@41782dc8
V/OtOPlayRequest( 1775): Play Request: {"ResourceInfo":{"ProductCode":"","PlayType":2,"ResourceCode":"10032","ResourceName":"剧场"},"Status":{"ReturnCode":100,"Description":"start to play"}}
D/ServerHandler( 1775): ServerHandler send request:101:{"ResourceInfo":{"ProductCode":"","PlayType":2,"ResourceCode":"10032","ResourceName":"剧场"},"Status":{"ReturnCode":100,"Description":"start to play"}}
V/OtOPlayRequest( 1775): Play Request: {"ResourceInfo":{"ProductCode":"","PlayType":2,"ResourceCode":"10032","ResourceName":"剧场"},"Status":{"ReturnCode":100,"Description":"start to play"}}
V/ServerHandler( 1775): ServerHandler send DatagramPacket:/192.168.1.104-[B@41d26300
I/DVB_main( 1992): [onCreate] begin
I/DVB_main( 1992): onStart
I/DVB_main( 1992): onResume
D/ServiceAdapter( 1992): start bind service.
I/dvb_OTTPlayer( 1992): [getInstance] begin..............
I/dvb_OTTPlayer( 1992): [init]  init begin .........
D/dalvikvm( 1992): GC_FOR_ALLOC freed 122K, 16% free 29067K/34499K, paused 41ms
D/dalvikvm( 1992): GC_FOR_ALLOC freed 272K, 17% free 29063K/34755K, paused 41ms
I/dvb_OTTService( 1992): [getservicelist] begin: servicetype:HDTV
E/dvb_OTTService( 1992): [getlist] load service buffer,num:1  name:CCTV-1(高清)
E/dvb_OTTService( 1992): [getlist] load service buffer,num:2  name:CCTV-高清综合
E/dvb_OTTService( 1992): [getlist] load service buffer,num:3  name:北京卫视(高清)
E/dvb_OTTService( 1992): [getlist] load service buffer,num:4  name:湖南卫视(高清)
E/dvb_OTTService( 1992): [getlist] load service buffer,num:5  name:浙江卫视(高清)
E/dvb_OTTService( 1992): [getlist] load service buffer,num:6  name:江苏卫视(高清)
E/dvb_OTTService( 1992): [getlist] load service buffer,num:7  name:深圳卫视(高清)
E/dvb_OTTService( 1992): [getlist] load service buffer,num:8  name:广东卫视(高清)
E/dvb_OTTService( 1992): [getlist] load service buffer,num:9  name:东方卫视(高清)
I/dvb_OTTService( 1992): [play] begin
I/dvb_OTTPlayer( 1992): [isPlaying ] :false
I/dvb_OTTPlayer( 1992): [play] mediaplayer is null creat it .....
I/dvb_OTTPlayer( 1992): [initMediaplayer] new MediaPlayer END....  mediaplayer:android.media.MediaPlayer@42ee5378
D/dvb_OTTPlayer( 1992): Send broadcast: channelCode 10774 type 2
I/dvb_OTTPlayer( 1992): [play] code :10774 name:
I/dvb_LoadTips( 1992): [gethandler] objInstance:com.coship.dvbplayer.LoadTips@416d6668
I/dvb_LoadTips( 1992): [gethandler] objInstance  mHandler:Handler (com.coship.dvbplayer.LoadTips$1) {42de81c8}
I/dvb_LoadTips( 1992): [gethandler] objInstance:com.coship.dvbplayer.LoadTips@416d6668
I/dvb_LoadTips( 1992): [gethandler] objInstance  mHandler:Handler (com.coship.dvbplayer.LoadTips$1) {42de81c8}
D/OtOService( 1775): TVContentReceiver: ACTION_TV_CONTENT_CHANGED, playType: 2 ,resourceCode: 10774
I/TAG     ( 1992): ------init---------1
I/TAG     ( 1992): ------init---------2
I/TAG     ( 1992): ------init---------3
I/TAG     ( 1992): ------init---------4
I/TAG     ( 1992): ------init---------5
I/TAG     ( 1992): ------init---------6
I/TAG     ( 1992): ------init---------7
I/TAG     ( 1992): ------init---------8
I/TAG     ( 1992): ------init---------9
I/dvb_Dvblist( 1992): [setVisibility]  dvblist_view show:false
D/ServerAdapter( 1775): Server addr: http://wasu.feifeikan.com:8080/
E/ServerHandler( 1775): Send:com.aidufei.protocol.oto.OtOContentRequest@41d14b38
D/ServerHandler( 1775): ServerHandler send request:200:{"ResourceInfo":{"ProductCode":"","PlayType":2,"ResourceCode":"10774","ResourceName":""},"Status":{"ReturnCode":100,"Description":"TVContentChanged"},"ServerAddr":"http:\/\/wasu.feifeikan.com:8080\/","Volume":-1}
V/ServerHandler( 1775): ServerHandler send DatagramPacket:/192.168.1.104-[B@4177da48
I/dvb_OTTPlayer( 1992): [GetPlayURLThread] begin code:10774
I/message ( 1992): requestUrl  :http://wasu.feifeikan.com:8080/msis/getPlayURL?version=V001&terminalType=2&resolution=1280*720&resourceCode=10774&productCode=&userCode=&playType=2&delay=0&shifttime=0&shiftend=0&timecode=0&authKey=10f1369ec052e70538f4e812e2b970b1
I/dvb_Dvblist( 1992): [setVisibility]  dvblist_view show:true
D/dalvikvm( 1992): GC_FOR_ALLOC freed 1484K, 20% free 28045K/34755K, paused 40ms
I/DVB_main( 1992): [checkbundle] channelResourceCode:10032 playType:0
I/DVB_main( 1992): [checkbundle]:   get channelResourceCode:10032++++++++++playType+++++++++++0
I/DVB_main( 1992): [handleIntent] get intent ,playType:0
I/dvb_OTTPlayer( 1992): [getInstance] begin..............
D/dvb_OTTPlayer( 1992): Send broadcast: channelCode 10032 type 2
D/OtOService( 1775): TVContentReceiver: ACTION_TV_CONTENT_CHANGED, playType: 2 ,resourceCode: 10032
D/ServerAdapter( 1775): Server addr: http://wasu.feifeikan.com:8080/
E/ServerHandler( 1775): Send:com.aidufei.protocol.oto.OtOContentRequest@41ba4f58
I/dvb_OTTPlayer( 1992): [play] code :10032 name:
I/dvb_LoadTips( 1992): [gethandler] objInstance:com.coship.dvbplayer.LoadTips@416d6668
I/dvb_LoadTips( 1992): [gethandler] objInstance  mHandler:Handler (com.coship.dvbplayer.LoadTips$1) {42de81c8}
I/dvb_LoadTips( 1992): [gethandler] objInstance:com.coship.dvbplayer.LoadTips@416d6668
I/dvb_LoadTips( 1992): [gethandler] objInstance  mHandler:Handler (com.coship.dvbplayer.LoadTips$1) {42de81c8}
D/ServerHandler( 1775): ServerHandler send request:200:{"ResourceInfo":{"ProductCode":"","PlayType":2,"ResourceCode":"10032","ResourceName":""},"Status":{"ReturnCode":100,"Description":"TVContentChanged"},"ServerAddr":"http:\/\/wasu.feifeikan.com:8080\/","Volume":-1}
V/ServerHandler( 1775): ServerHandler send DatagramPacket:/192.168.1.104-[B@41b8c888
I/message ( 1992): message  :{"ret":"-1","retInfo":"未找到[10774]对应频道信息"}
I/System.out( 1992): message--->{"ret":"-1","retInfo":"未找到[10774]对应频道信息"}
E/dvb_OTTPlayer( 1992): [GetPlayURLThread]  url:null
I/dvb_OTTPlayer( 1992): [stop] stop
I/dvb_LoadTips( 1992): [gethandler] objInstance:com.coship.dvbplayer.LoadTips@416d6668
I/dvb_LoadTips( 1992): [gethandler] objInstance  mHandler:Handler (com.coship.dvbplayer.LoadTips$1) {42de81c8}
I/dvb_LoadTips( 1992): [gethandler] objInstance:com.coship.dvbplayer.LoadTips@416d6668
I/dvb_LoadTips( 1992): [gethandler] objInstance  mHandler:Handler (com.coship.dvbplayer.LoadTips$1) {42de81c8}
E/dvb_OTTPlayer( 1992): [GetPlayURLThread] url is null
D/ServiceAdapter( 1992): serviceConnection:com.aidufei.otoService.IotoService$Stub$Proxy@42e9edf8
V/OtOService( 1775): registerCallback:com.aidufei.otoService.IServiceCallBack$Stub$Proxy@41b8cf78
I/dvb_LoadTips( 1992): [mHandler] ~~~~~~~~~~~~~~~~~~~~~~~~~mHandler:Handler (com.coship.dvbplayer.LoadTips$1) {42de81c8} msg.what:3 msg.obj:
I/dvb_LoadTips( 1992): [mHandler] ~~~~~~~~~~~~~~~~~~~~~~~~~mHandler:Handler (com.coship.dvbplayer.LoadTips$1) {42de81c8} msg.what:3 msg.obj:
I/dvb_OTTPlayer( 1992): [GetPlayURLThread] begin code:10032
I/message ( 1992): requestUrl  :http://wasu.feifeikan.com:8080/msis/getPlayURL?version=V001&terminalType=2&resolution=1280*720&resourceCode=10032&productCode=&userCode=&playType=2&delay=0&shifttime=0&shiftend=0&timecode=0&authKey=ac900a6241407931fcf0efafef9a267a
V/TabletStatusBar( 1145): setLightsOn(true)
E/dvb_OTTPlayer( 1992): [surfaceCreated]  holder:android.view.SurfaceView$4@415bcab0
E/dvb_OTTPlayer( 1992): [surfaceChanged]  mediaplayer is null
E/dvb_OTTPlayer( 1992): [surfaceChanged]  holder:android.view.SurfaceView$4@415bcab0  format:4  width:1280 height:720
E/dvb_OTTPlayer( 1992): [surfaceChanged]  mediaplayer is null
I/dvb_LoadTips( 1992): [mHandler] ~~~~~~~~~~~~~~~~~~~~~~~~~mHandler:Handler (com.coship.dvbplayer.LoadTips$1) {42de81c8} msg.what:4 msg.obj:null
I/Process (  948): Sending signal. PID: 1992 SIG: 3
I/dalvikvm( 1992): threadid=3: reacting to signal 3
I/message ( 1992): message  :{"ret":"0","palyURL":"http://live.feifeikan.com/live/coship,CCTV1HD.m3u8?fmt=x264_0k_mpegts&sora=1&sk=FC0263F5AB1B41A6EABC493321153011&UUID=a5fef933-7d0f-430c-aa2e-4165169119ee&userCode=default&userName=default&spCode=484581254562&productCode=2&resourceCode=10032&subId=123&resourceName=&authType=2","retInfo":""}
I/System.out( 1992): message--->{"ret":"0","palyURL":"http://live.feifeikan.com/live/coship,CCTV1HD.m3u8?fmt=x264_0k_mpegts&sora=1&sk=FC0263F5AB1B41A6EABC493321153011&UUID=a5fef933-7d0f-430c-aa2e-4165169119ee&userCode=default&userName=default&spCode=484581254562&productCode=2&resourceCode=10032&subId=123&resourceName=&authType=2","retInfo":""}
E/dvb_OTTPlayer( 1992): [GetPlayURLThread]  url:http://live.feifeikan.com/live/coship,CCTV1HD.m3u8?fmt=x264_0k_mpegts&sora=1&sk=FC0263F5AB1B41A6EABC493321153011&UUID=a5fef933-7d0f-430c-aa2e-4165169119ee&userCode=default&userName=default&spCode=484581254562&productCode=2&resourceCode=10032&subId=123&resourceName=&authType=2
I/dvb_OTTPlayer( 1992): [play] String path:http://live.feifeikan.com/live/coship,CCTV1HD.m3u8?fmt=x264_0k_mpegts&sora=1&sk=FC0263F5AB1B41A6EABC493321153011&UUID=a5fef933-7d0f-430c-aa2e-4165169119ee&userCode=default&userName=default&spCode=484581254562&productCode=2&resourceCode=10032&subId=123&resourceName=&authType=2
I/dvb_OTTPlayer( 1992): [initMediaplayer] new MediaPlayer END....  mediaplayer:android.media.MediaPlayer@416f0320
D/MediaPlayerService(  739):  Create MstarPlayer
D/MstarPlayer(  739): Create MstarPlayer:0x35c28,Version:Release Mstar player lib Version:0015,Base CL:690305  Date:2012/11/06
D/MstarPlayer(  739): TV Local Time :  Mon Mar 25 10:03:45 2013
D/MstarPlayer(  739):  
D/MstarPlayer(  739): setInstance: 0x35c28
D/MstarPlayer(  739): mstar player set listener
D/MstarPlayer(  739): MstarPlayer::initCheck
D/MediaPlayerService(  739): [8] setVideoSurfaceTexture(0x52570)
D/MstarPlayer(  739): MstarPlayer::setVideoSurfaceTexture 
D/MstarPlayer(  739): open mHwcFifoFD = 29
D/MediaPlayerService(  739): [8] setVideoSurfaceTexture(0x55cc8)
D/MstarPlayer(  739): MstarPlayer::prepareAsync
D/MstarPlayer(  739): 
D/MstarPlayer(  739):  MstarPlayer::doSetDataSource
D/MstarPlayer(  739): MstarPlayer::clearAllSource
D/MstarPlayer(  739): 
D/MstarPlayer(  739):  MstarPlayer::doSetDataSource: url=http://live.feifeikan.com/live/coship,CCTV1HD.m3u8?fmt=x264_0k_mpegts&sora=1&sk=FC0263F5AB1B41A6EABC493321153011&UUID=a5fef933-7d0f-430c-aa2e-4165169119ee&userCode=default&userName=default&spCode=484581254562&productCode=2&resourceCode=10032&subId=123&resourceName=&authType=2
D/Downloader(  739): Release Mstar Content Source CL:493363  Date:2013/03/20
I/dalvikvm( 1992): Wrote stack traces to '/data/anr/traces.txt'
D/Downloader(  739): Curl Version:libcurl/7.21.7 OpenSSL/1.0.0e
D/Downloader(  739): [downloadThread]init a multi curl done.curlm:0x463b8 pRingBuffer:0x25fa8
D/DataSource_M3U8(  739): [M3U8]ContentSource_M3U8 contruct done
D/DataSource_M3U8(  739): [M3U8] try parseURLs=http://live.feifeikan.com/live/coship,CCTV1HD.m3u8?fmt=x264_0k_mpegts&sora=1&sk=FC0263F5AB1B41A6EABC493321153011&UUID=a5fef933-7d0f-430c-aa2e-4165169119ee&userCode=default&userName=default&spCode=484581254562&productCode=2&resourceCode=10032&subId=123&resourceName=&authType=2
D/DataSource_M3U8(  739): bg thread ready to run
D/DataSource_M3U8(  739): bg thread 341880
D/DataSource_M3U8(  739): bg thread ready to run
D/Downloader(  739): [downloadThread]Downloader::removeTask  
I/ActivityManager(  948): Displayed com.coship.dvbplayer/.main: +652ms
W/InputManagerService(  948): Starting input on non-focused client com.android.internal.view.IInputMethodClient$Stub$Proxy@4164f718 (uid=10033 pid=1260)
D/dalvikvm( 1260): GC_EXPLICIT freed 518K, 48% free 10529K/20099K, paused 1ms+4ms
E/StrictMode( 1260): A resource was acquired at attached stack trace but never released. See java.io.Closeable for information on avoiding resource leaks.
E/StrictMode( 1260): java.lang.Throwable: Explicit termination method 'end' not called
E/StrictMode( 1260):    at dalvik.system.CloseGuard.open(CloseGuard.java:184)
E/StrictMode( 1260):    at java.util.zip.Inflater.<init>(Inflater.java:82)
E/StrictMode( 1260):    at java.util.zip.GZIPInputStream.<init>(GZIPInputStream.java:96)
E/StrictMode( 1260):    at java.util.zip.GZIPInputStream.<init>(GZIPInputStream.java:81)
E/StrictMode( 1260):    at libcore.net.http.HttpEngine.initContentStream(HttpEngine.java:512)
E/StrictMode( 1260):    at libcore.net.http.HttpEngine.readResponse(HttpEngine.java:805)
E/StrictMode( 1260):    at libcore.net.http.HttpURLConnectionImpl.getResponse(HttpURLConnectionImpl.java:274)
E/StrictMode( 1260):    at libcore.net.http.HttpURLConnectionImpl.getInputStream(HttpURLConnectionImpl.java:168)
E/StrictMode( 1260):    at com.coship.portal.whether.ChinaWeather.getResponse(ChinaWeather.java:197)
E/StrictMode( 1260):    at com.coship.portal.whether.ChinaWeather$2.run(ChinaWeather.java:127)
D/Downloader(  739): Content-Length: 295
D/Downloader(  739): 
D/Downloader(  739): Content-Type: text/plain; charset=UTF-8
D/Downloader(  739): 
D/Downloader(  739): Downloadserver bandWidth:10630
D/Downloader(  739): Downloadserver bandWidth:10630
D/Downloader(  739): Downloadserver bandWidth:10630
D/Downloader(  739): Downloadserver bandWidth:10630
D/DataSource_M3U8(  739): parseURLs : waiting 210 ms 
D/DataSource_M3U8(  739):  mDownloadingTask.fileSize:295 
D/DataSource_M3U8(  739): [M3U8] file: NULL line 
D/DataSource_M3U8(  739): HLS=====>> Live Stream!!!!
D/DataSource_M3U8(  739):  bMultAlterBandwidthStream = 1  urlNum=1 
D/Downloader(  739): [downloadThread]background worker recv DOWNLOADER_COMMAND_REMOVE_TASK
D/Downloader(  739): [downloadThread]Downloader::removeTask  
D/Downloader(  739): [downloadThread]DOWNLOADER_COMMAND_REMOVE_TASK done
D/DataSource_M3U8(  739): [M3U8] try parseURLs=http://live.feifeikan.com/live/hls/108.m3u8?fmt=x264_0k_mpegts&sora=1&sk=FC0263F5AB1B41A6EABC493321153011&UUID=a5fef933-7d0f-430c-aa2e-4165169119ee&userCode=default&userName=default&spCode=484581254562&productCode=2&resourceCode=10032&subId=123&resourceName=&authType=2
D/Downloader(  739): [downloadThread]Downloader::removeTask  
D/dalvikvm( 1665): GC_CONCURRENT freed 567K, 66% free 2514K/7363K, paused 2ms+2ms
D/HomePlayerLib( 1665): hostaddress count is 1
D/dalvikvm( 1665): GC_CONCURRENT freed 588K, 65% free 2620K/7363K, paused 2ms+2ms
D/dalvikvm( 1665): GC_CONCURRENT freed 712K, 65% free 2645K/7363K, paused 1ms+2ms
D/dalvikvm( 1665): GC_CONCURRENT freed 741K, 65% free 2648K/7363K, paused 1ms+2ms
D/dalvikvm( 1665): GC_CONCURRENT freed 745K, 65% free 2609K/7363K, paused 2ms+2ms
D/dalvikvm( 1665): GC_CONCURRENT freed 717K, 65% free 2608K/7363K, paused 2ms+4ms
D/MonitorCw880( 2189): currentRemoteHost is null ,continue
D/Downloader(  739): Content-Length: 144
D/Downloader(  739): 
D/Downloader(  739): Content-Type: text/plain; charset=UTF-8
D/Downloader(  739): 
D/Downloader(  739): Downloadserver bandWidth:342
D/Downloader(  739): Downloadserver bandWidth:342
D/Downloader(  739): Downloadserver bandWidth:342
D/Downloader(  739): Downloadserver bandWidth:342
D/DataSource_M3U8(  739): parseURLs : waiting 3320 ms 
D/DataSource_M3U8(  739):  mDownloadingTask.fileSize:144 
D/DataSource_M3U8(  739): [M3U8]clear mFragements[0]
D/DataSource_M3U8(  739): [M3U8] file: NULL line 
D/DataSource_M3U8(  739): HLS=====>> Live Stream!!!!
D/DataSource_M3U8(  739): bSupportAutoChangeServer = 1 
D/DataSource_M3U8(  739): u32HLSSreamNum[0]===>u32BandWidth:800000 
D/DataSource_M3U8(  739): getHLSPlayListInex  DownloadBandWidth:342   uInDex=0
D/Downloader(  739): [downloadThread]background worker recv DOWNLOADER_COMMAND_REMOVE_TASK
D/Downloader(  739): [downloadThread]Downloader::removeTask  
D/Downloader(  739): [downloadThread]DOWNLOADER_COMMAND_REMOVE_TASK done
D/DataSource_M3U8(  739): [M3U8]----->post cmd for start first url:http://live.feifeikan.com/live/hls/108?slice=019719, knowedFileSize:0
D/MstarPlayer(  739): MstarPlayer::doPrepare
D/ContentSource(  739): sniffMP3
D/ContentSource(  739): sniffAAC
D/ContentSource(  739): sniffWMA
D/ContentSource(  739): sniffOGG
D/ContentSource(  739): sniffWAV
D/ContentSource(  739): sniffPCM
D/ContentSource(  739): sniffMP4
D/ContentSource(  739): sniffASF
D/ContentSource(  739): sniffFLV
D/ContentSource(  739): sniffMKV
D/ContentSource(  739): sniffAVI
D/ContentSource(  739): sniffMOV
D/ContentSource(  739): sniffTS
D/ContentSource(  739): sniffMPEG
D/ContentSource(  739): sniffRM
D/ContentSource(  739): sniffWMV
D/ContentSource(  739): sniffJpegAndMPO
D/ContentSource(  739): fast_avformat = 0
D/Downloader(  739): [downloadThread]Downloader::removeTask  
D/Downloader(  739): Content-Length: 577724
D/Downloader(  739): 
D/DataSource_M3U8(  739): 
D/DataSource_M3U8(  739):  seekAt : 0 
D/DataSource_M3U8(  739): u32HLSSreamNum[0]===>u32BandWidth:800000 
D/DataSource_M3U8(  739): getHLSPlayListInex  DownloadBandWidth:342   uInDex=0
D/DataSource_M3U8(  739): 
D/DataSource_M3U8(  739): 
D/DataSource_M3U8(  739): 
D/DataSource_M3U8(  739): ============Begin to get playlist !!=====================
D/DataSource_M3U8(  739): 
D/DataSource_M3U8(  739): 
D/DataSource_M3U8(  739): 
D/DataSource_M3U8(  739):  seekAt : 0 
D/MstarPlayer(  739): create MSrv_MM_PlayerInterface
D/MstarPlayer(  739): ===> GET source FILE Size -1 
D/MstarPlayer(  739): play content is video
D/MMPlayer(  739): constructor: 0x309a8
D/MMPlayer(  739): 
D/MMPlayer(  739): connect
D/MMPlayer(  739): 
D/MMPlayer(  739): getMMPlayerService
D/IMMPlayerService(  739): Send CONNECT
D/IMMPlayer(  739): Send INITIALIZE
D/DataSource_M3U8(  739): 
D/DataSource_M3U8(  739):  connect Server :live.feifeikan.com
D/DataSource_M3U8(  739): parseM3U8 .......!
D/DataSource_M3U8(  739): 
D/DataSource_M3U8(  739):  do not update  mediaSequence : 0   url = http://live.feifeikan.com/live/hls/108?slice=019719   
D/DataSource_M3U8(  739): 
D/DataSource_M3U8(  739):  do not update  mediaSequence : 0   url = http://live.feifeikan.com/live/hls/108?slice=019720   
D/DataSource_M3U8(  739): 
D/DataSource_M3U8(  739):  do not update  mediaSequence : 0   url = http://live.feifeikan.com/live/hls/108?slice=019721   
D/DataSource_M3U8(  739): [M3U8] file: NULL line 
D/DataSource_M3U8(  739): HLS=====>> Live Stream!!!!
I//lib[ 3877.329028] [irq_proc_open][373] -16
/ld-linux.so.3(  743): V/MMPlayerService( 758 1043): MMPlayerService::connect(callingPid 739, client 0x6fc005b0)
I//lib/ld-linux.so.3(  743): V/MMPlayerService( 758 1043): MMPlayerService::Client constructor(callingPid 739)
I//lib/ld-linux.so.3(  743): MMPlayerService::Client::MM_Initialize()
I//lib/ld-linux.so.3(  743): MSrv_MM_PhotoPlayer::Initialize().
I//lib/ld-linux.so.3(  743): mapi_cpcodec::Initialize(). eDecoderPath:2
I//lib/ld-linux.so.3(  743): MIU interval 0x60000000.
