03-25 00:28:53.664 D/ActivityManager(  380): mBatteryStatusReceiver, plugged=1, mBatteryStatusPlugged=1, fakeShutdownMode=false
03-25 00:30:41.048 W/SocketClient(  113): write error (Broken pipe)
03-25 00:30:44.181 D/BatteryService(  380): mAcOnlinetruemUsbOnline:falsemBatteryStatus 2
03-25 00:30:44.181 D/BatteryService(  380): mBatteryLevel68isPowered():trueActivityManagerNative.isSystemReady():true
03-25 00:30:44.181 D/BatteryService(  380): mAcOnlinetruemUsbOnline:falsemBatteryStatus 2
03-25 00:30:44.191 D/ActivityManager(  380): mBatteryStatusReceiver, action=android.intent.action.BATTERY_CHANGED
03-25 00:30:44.191 D/ActivityManager(  380): mBatteryStatusReceiver, plugged=1, mBatteryStatusPlugged=1, fakeShutdownMode=false
03-25 00:32:31.486 W/ThrottleService(  380): unable to find stats for iface rmnet0
03-25 00:32:34.629 D/BatteryService(  380): mAcOnlinetruemUsbOnline:falsemBatteryStatus 2
03-25 00:32:34.629 D/BatteryService(  380): mBatteryLevel69isPowered():trueActivityManagerNative.isSystemReady():true
03-25 00:32:34.629 D/BatteryService(  380): mAcOnlinetruemUsbOnline:falsemBatteryStatus 2
03-25 00:32:34.639 D/ActivityManager(  380): mBatteryStatusReceiver, action=android.intent.action.BATTERY_CHANGED
03-25 00:32:34.639 D/ActivityManager(  380): mBatteryStatusReceiver, plugged=1, mBatteryStatusPlugged=1, fakeShutdownMode=false
03-25 00:34:30.182 D/BatteryService(  380): mAcOnlinetruemUsbOnline:falsemBatteryStatus 2
03-25 00:34:30.182 D/BatteryService(  380): mBatteryLevel70isPowered():trueActivityManagerNative.isSystemReady():true
03-25 00:34:30.182 D/BatteryService(  380): mAcOnlinetruemUsbOnline:falsemBatteryStatus 2
03-25 00:34:30.192 D/ActivityManager(  380): mBatteryStatusReceiver, action=android.intent.action.BATTERY_CHANGED
03-25 00:34:30.192 D/ActivityManager(  380): mBatteryStatusReceiver, plugged=1, mBatteryStatusPlugged=1, fakeShutdownMode=false
03-25 00:36:35.684 D/BatteryService(  380): mAcOnlinetruemUsbOnline:falsemBatteryStatus 2
03-25 00:36:35.684 D/BatteryService(  380): mBatteryLevel71isPowered():trueActivityManagerNative.isSystemReady():true
03-25 00:36:35.684 D/BatteryService(  380): mAcOnlinetruemUsbOnline:falsemBatteryStatus 2
03-25 00:36:35.684 D/ActivityManager(  380): mBatteryStatusReceiver, action=android.intent.action.BATTERY_CHANGED
03-25 00:36:35.684 D/ActivityManager(  380): mBatteryStatusReceiver, plugged=1, mBatteryStatusPlugged=1, fakeShutdownMode=false
03-25 00:38:46.292 D/BatteryService(  380): mAcOnlinetruemUsbOnline:falsemBatteryStatus 2
03-25 00:38:46.292 D/BatteryService(  380): mBatteryLevel72isPowered():trueActivityManagerNative.isSystemReady():true
03-25 00:38:46.292 D/BatteryService(  380): mAcOnlinetruemUsbOnline:falsemBatteryStatus 2
03-25 00:38:46.292 D/ActivityManager(  380): mBatteryStatusReceiver, action=android.intent.action.BATTERY_CHANGED
03-25 00:38:46.292 D/ActivityManager(  380): mBatteryStatusReceiver, plugged=1, mBatteryStatusPlugged=1, fakeShutdownMode=false
03-25 00:41:16.999 D/BatteryService(  380): mAcOnlinetruemUsbOnline:falsemBatteryStatus 2
03-25 00:41:16.999 D/BatteryService(  380): mBatteryLevel73isPowered():trueActivityManagerNative.isSystemReady():true
03-25 00:41:16.999 D/BatteryService(  380): mAcOnlinetruemUsbOnline:falsemBatteryStatus 2
03-25 00:41:17.009 D/ActivityManager(  380): mBatteryStatusReceiver, action=android.intent.action.BATTERY_CHANGED
03-25 00:41:17.009 D/ActivityManager(  380): mBatteryStatusReceiver, plugged=1, mBatteryStatusPlugged=1, fakeShutdownMode=false
03-25 00:42:31.491 W/ThrottleService(  380): unable to find stats for iface rmnet0
03-25 00:43:57.726 D/BatteryService(  380): mAcOnlinetruemUsbOnline:falsemBatteryStatus 2
03-25 00:43:57.726 D/BatteryService(  380): mBatteryLevel74isPowered():trueActivityManagerNative.isSystemReady():true
03-25 00:43:57.726 D/BatteryService(  380): mAcOnlinetruemUsbOnline:falsemBatteryStatus 2
03-25 00:43:57.736 D/ActivityManager(  380): mBatteryStatusReceiver, action=android.intent.action.BATTERY_CHANGED
03-25 00:43:57.736 D/ActivityManager(  380): mBatteryStatusReceiver, plugged=1, mBatteryStatusPlugged=1, fakeShutdownMode=false
03-25 00:45:40.556 W/SocketClient(  113): write error (Broken pipe)
03-25 00:45:40.556 D/NetworkPolicy(  380): setNetworkTemplateEnabled(): match rule = 1
03-25 00:45:40.556 D/MobileDataStateTracker(  380): default: setPolicyDataEnable(enabled=true)
03-25 00:47:03.657 D/BatteryService(  380): mAcOnlinetruemUsbOnline:falsemBatteryStatus 2
03-25 00:47:03.657 D/BatteryService(  380): mBatteryLevel75isPowered():trueActivityManagerNative.isSystemReady():true
03-25 00:47:03.657 D/BatteryService(  380): mAcOnlinetruemUsbOnline:falsemBatteryStatus 2
03-25 00:47:03.657 D/ActivityManager(  380): mBatteryStatusReceiver, action=android.intent.action.BATTERY_CHANGED
03-25 00:47:03.667 D/ActivityManager(  380): mBatteryStatusReceiver, plugged=1, mBatteryStatusPlugged=1, fakeShutdownMode=false
03-25 00:50:29.568 D/BatteryService(  380): mAcOnlinetruemUsbOnline:falsemBatteryStatus 2
03-25 00:50:29.568 D/BatteryService(  380): mBatteryLevel76isPowered():trueActivityManagerNative.isSystemReady():true
03-25 00:50:29.568 D/BatteryService(  380): mAcOnlinetruemUsbOnline:falsemBatteryStatus 2
03-25 00:50:29.578 D/ActivityManager(  380): mBatteryStatusReceiver, action=android.intent.action.BATTERY_CHANGED
03-25 00:50:29.578 D/ActivityManager(  380): mBatteryStatusReceiver, plugged=1, mBatteryStatusPlugged=1, fakeShutdownMode=false
03-25 00:52:31.497 W/SocketClient(  113): write error (Broken pipe)
03-25 00:52:31.497 W/ThrottleService(  380): unable to find stats for iface rmnet0
03-25 00:54:30.883 D/BatteryService(  380): mAcOnlinetruemUsbOnline:falsemBatteryStatus 2
03-25 00:54:30.883 D/BatteryService(  380): mBatteryLevel77isPowered():trueActivityManagerNative.isSystemReady():true
03-25 00:54:30.883 D/BatteryService(  380): mAcOnlinetruemUsbOnline:falsemBatteryStatus 2
03-25 00:54:30.883 D/ActivityManager(  380): mBatteryStatusReceiver, action=android.intent.action.BATTERY_CHANGED
03-25 00:54:30.883 D/ActivityManager(  380): mBatteryStatusReceiver, plugged=1, mBatteryStatusPlugged=1, fakeShutdownMode=false
03-25 00:59:17.113 D/BatteryService(  380): mAcOnlinetruemUsbOnline:falsemBatteryStatus 2
03-25 00:59:17.113 D/BatteryService(  380): mBatteryLevel78isPowered():trueActivityManagerNative.isSystemReady():true
03-25 00:59:17.113 D/BatteryService(  380): mAcOnlinetruemUsbOnline:falsemBatteryStatus 2
03-25 00:59:17.123 D/ActivityManager(  380): mBatteryStatusReceiver, action=android.intent.action.BATTERY_CHANGED
03-25 00:59:17.123 D/ActivityManager(  380): mBatteryStatusReceiver, plugged=1, mBatteryStatusPlugged=1, fakeShutdownMode=false
03-25 01:02:31.502 W/ThrottleService(  380): unable to find stats for iface rmnet0
03-25 01:05:08.515 D/BatteryService(  380): mAcOnlinetruemUsbOnline:falsemBatteryStatus 2
03-25 01:05:08.515 D/BatteryService(  380): mBatteryLevel79isPowered():trueActivityManagerNative.isSystemReady():true
03-25 01:05:08.515 D/BatteryService(  380): mAcOnlinetruemUsbOnline:falsemBatteryStatus 2
03-25 01:05:08.525 D/ActivityManager(  380): mBatteryStatusReceiver, action=android.intent.action.BATTERY_CHANGED
03-25 01:05:08.525 D/ActivityManager(  380): mBatteryStatusReceiver, plugged=1, mBatteryStatusPlugged=1, fakeShutdownMode=false
03-25 01:12:30.547 D/BatteryService(  380): mAcOnlinetruemUsbOnline:falsemBatteryStatus 2
03-25 01:12:30.547 D/BatteryService(  380): mBatteryLevel80isPowered():trueActivityManagerNative.isSystemReady():true
03-25 01:12:30.547 D/BatteryService(  380): mAcOnlinetruemUsbOnline:falsemBatteryStatus 2
03-25 01:12:30.547 D/ActivityManager(  380): mBatteryStatusReceiver, action=android.intent.action.BATTERY_CHANGED
03-25 01:12:30.547 D/ActivityManager(  380): mBatteryStatusReceiver, plugged=1, mBatteryStatusPlugged=1, fakeShutdownMode=false
03-25 01:12:31.508 W/ThrottleService(  380): unable to find stats for iface rmnet0
03-25 01:12:31.508 W/SocketClient(  113): write error (Broken pipe)
03-25 01:15:40.552 D/NetworkPolicy(  380): setNetworkTemplateEnabled(): match rule = 1
03-25 01:15:40.552 D/MobileDataStateTracker(  380): default: setPolicyDataEnable(enabled=true)
03-25 01:22:28.220 D/BatteryService(  380): mAcOnlinetruemUsbOnline:falsemBatteryStatus 2
03-25 01:22:28.220 D/BatteryService(  380): mBatteryLevel81isPowered():trueActivityManagerNative.isSystemReady():true
03-25 01:22:28.220 D/BatteryService(  380): mAcOnlinetruemUsbOnline:falsemBatteryStatus 2
03-25 01:22:28.220 D/ActivityManager(  380): mBatteryStatusReceiver, action=android.intent.action.BATTERY_CHANGED
03-25 01:22:28.220 D/ActivityManager(  380): mBatteryStatusReceiver, plugged=1, mBatteryStatusPlugged=1, fakeShutdownMode=false
03-25 01:22:31.503 W/ThrottleService(  380): unable to find stats for iface rmnet0
03-25 01:22:31.503 W/SocketClient(  113): write error (Broken pipe)
03-25 01:32:31.508 W/ThrottleService(  380): unable to find stats for iface rmnet0
03-25 01:37:02.142 D/BatteryService(  380): mAcOnlinetruemUsbOnline:falsemBatteryStatus 2
03-25 01:37:02.142 D/BatteryService(  380): mBatteryLevel82isPowered():trueActivityManagerNative.isSystemReady():true
03-25 01:37:02.142 D/BatteryService(  380): mAcOnlinetruemUsbOnline:falsemBatteryStatus 2
03-25 01:37:02.142 D/ActivityManager(  380): mBatteryStatusReceiver, action=android.intent.action.BATTERY_CHANGED
03-25 01:37:02.142 D/ActivityManager(  380): mBatteryStatusReceiver, plugged=1, mBatteryStatusPlugged=1, fakeShutdownMode=false
03-25 01:42:31.514 W/ThrottleService(  380): unable to find stats for iface rmnet0
03-25 01:42:31.514 W/SocketClient(  113): write error (Broken pipe)
03-25 01:44:11.201 W/SocketClient(  113): write error (Broken pipe)
03-25 01:45:40.558 W/SocketClient(  113): write error (Broken pipe)
03-25 01:45:40.558 D/NetworkPolicy(  380): setNetworkTemplateEnabled(): match rule = 1
03-25 01:45:40.568 D/MobileDataStateTracker(  380): default: setPolicyDataEnable(enabled=true)
03-25 01:52:31.519 W/ThrottleService(  380): unable to find stats for iface rmnet0
03-25 01:52:31.519 W/SocketClient(  113): write error (Broken pipe)
03-25 02:00:58.434 D/BatteryService(  380): mAcOnlinetruemUsbOnline:falsemBatteryStatus 2
03-25 02:00:58.434 D/BatteryService(  380): mBatteryLevel83isPowered():trueActivityManagerNative.isSystemReady():true
03-25 02:00:58.434 D/BatteryService(  380): mAcOnlinetruemUsbOnline:falsemBatteryStatus 2
03-25 02:00:58.434 D/ActivityManager(  380): mBatteryStatusReceiver, action=android.intent.action.BATTERY_CHANGED
03-25 02:00:58.434 D/ActivityManager(  380): mBatteryStatusReceiver, plugged=1, mBatteryStatusPlugged=1, fakeShutdownMode=false
03-25 02:02:31.524 W/ThrottleService(  380): unable to find stats for iface rmnet0
03-25 02:12:31.530 W/ThrottleService(  380): unable to find stats for iface rmnet0
03-25 02:15:40.554 W/SocketClient(  113): write error (Broken pipe)
03-25 02:15:40.564 D/NetworkPolicy(  380): setNetworkTemplateEnabled(): match rule = 1
03-25 02:15:40.564 D/MobileDataStateTracker(  380): default: setPolicyDataEnable(enabled=true)
03-25 02:22:31.525 W/ThrottleService(  380): unable to find stats for iface rmnet0
03-25 02:26:35.473 D/BatteryService(  380): mAcOnlinetruemUsbOnline:falsemBatteryStatus 2
03-25 02:26:35.473 D/BatteryService(  380): mBatteryLevel84isPowered():trueActivityManagerNative.isSystemReady():true
03-25 02:26:35.473 D/BatteryService(  380): mAcOnlinetruemUsbOnline:falsemBatteryStatus 2
03-25 02:26:35.473 D/ActivityManager(  380): mBatteryStatusReceiver, action=android.intent.action.BATTERY_CHANGED
03-25 02:26:35.473 D/ActivityManager(  380): mBatteryStatusReceiver, plugged=1, mBatteryStatusPlugged=1, fakeShutdownMode=false
03-25 02:26:55.553 D/BatteryService(  380): mAcOnlinetruemUsbOnline:falsemBatteryStatus 2
03-25 02:26:55.553 D/BatteryService(  380): mBatteryLevel85isPowered():trueActivityManagerNative.isSystemReady():true
03-25 02:26:55.553 D/BatteryService(  380): mAcOnlinetruemUsbOnline:falsemBatteryStatus 2
03-25 02:26:55.553 D/ActivityManager(  380): mBatteryStatusReceiver, action=android.intent.action.BATTERY_CHANGED
03-25 02:26:55.553 D/ActivityManager(  380): mBatteryStatusReceiver, plugged=1, mBatteryStatusPlugged=1, fakeShutdownMode=false
03-25 02:27:15.632 D/BatteryService(  380): mAcOnlinetruemUsbOnline:falsemBatteryStatus 2
03-25 02:27:15.632 D/BatteryService(  380): mBatteryLevel86isPowered():trueActivityManagerNative.isSystemReady():true
03-25 02:27:15.632 D/BatteryService(  380): mAcOnlinetruemUsbOnline:falsemBatteryStatus 2
03-25 02:27:15.642 D/ActivityManager(  380): mBatteryStatusReceiver, action=android.intent.action.BATTERY_CHANGED
03-25 02:27:15.642 D/ActivityManager(  380): mBatteryStatusReceiver, plugged=1, mBatteryStatusPlugged=1, fakeShutdownMode=false
03-25 02:27:35.712 D/BatteryService(  380): mAcOnlinetruemUsbOnline:falsemBatteryStatus 2
03-25 02:27:35.712 D/BatteryService(  380): mBatteryLevel87isPowered():trueActivityManagerNative.isSystemReady():true
03-25 02:27:35.712 D/BatteryService(  380): mAcOnlinetruemUsbOnline:falsemBatteryStatus 2
03-25 02:27:35.712 D/ActivityManager(  380): mBatteryStatusReceiver, action=android.intent.action.BATTERY_CHANGED
03-25 02:27:35.712 D/ActivityManager(  380): mBatteryStatusReceiver, plugged=1, mBatteryStatusPlugged=1, fakeShutdownMode=false
03-25 02:27:55.791 D/BatteryService(  380): mAcOnlinetruemUsbOnline:falsemBatteryStatus 2
03-25 02:27:55.791 D/BatteryService(  380): mBatteryLevel88isPowered():trueActivityManagerNative.isSystemReady():true
03-25 02:27:55.791 D/BatteryService(  380): mAcOnlinetruemUsbOnline:falsemBatteryStatus 2
03-25 02:27:55.791 D/ActivityManager(  380): mBatteryStatusReceiver, action=android.intent.action.BATTERY_CHANGED
03-25 02:27:55.791 D/ActivityManager(  380): mBatteryStatusReceiver, plugged=1, mBatteryStatusPlugged=1, fakeShutdownMode=false
03-25 02:28:15.961 D/BatteryService(  380): mAcOnlinetruemUsbOnline:falsemBatteryStatus 2
03-25 02:28:15.961 D/BatteryService(  380): mBatteryLevel89isPowered():trueActivityManagerNative.isSystemReady():true
03-25 02:28:15.961 D/BatteryService(  380): mAcOnlinetruemUsbOnline:falsemBatteryStatus 2
03-25 02:28:15.971 D/ActivityManager(  380): mBatteryStatusReceiver, action=android.intent.action.BATTERY_CHANGED
03-25 02:28:15.971 D/ActivityManager(  380): mBatteryStatusReceiver, plugged=1, mBatteryStatusPlugged=1, fakeShutdownMode=false
03-25 02:28:36.041 D/BatteryService(  380): mAcOnlinetruemUsbOnline:falsemBatteryStatus 2
03-25 02:28:36.041 D/BatteryService(  380): mBatteryLevel90isPowered():trueActivityManagerNative.isSystemReady():true
03-25 02:28:36.041 D/BatteryService(  380): mAcOnlinetruemUsbOnline:falsemBatteryStatus 2
03-25 02:28:36.041 D/ActivityManager(  380): mBatteryStatusReceiver, action=android.intent.action.BATTERY_CHANGED
03-25 02:28:36.041 D/ActivityManager(  380): mBatteryStatusReceiver, plugged=1, mBatteryStatusPlugged=1, fakeShutdownMode=false
03-25 02:28:56.120 D/BatteryService(  380): mAcOnlinetruemUsbOnline:falsemBatteryStatus 2
03-25 02:28:56.120 D/BatteryService(  380): mBatteryLevel91isPowered():trueActivityManagerNative.isSystemReady():true
03-25 02:28:56.120 D/BatteryService(  380): mAcOnlinetruemUsbOnline:falsemBatteryStatus 2
03-25 02:28:56.120 D/ActivityManager(  380): mBatteryStatusReceiver, action=android.intent.action.BATTERY_CHANGED
03-25 02:28:56.120 D/ActivityManager(  380): mBatteryStatusReceiver, plugged=1, mBatteryStatusPlugged=1, fakeShutdownMode=false
03-25 02:29:16.210 D/BatteryService(  380): mAcOnlinetruemUsbOnline:falsemBatteryStatus 2
03-25 02:29:16.210 D/BatteryService(  380): mBatteryLevel92isPowered():trueActivityManagerNative.isSystemReady():true
03-25 02:29:16.210 D/BatteryService(  380): mAcOnlinetruemUsbOnline:falsemBatteryStatus 2
03-25 02:29:16.220 D/ActivityManager(  380): mBatteryStatusReceiver, action=android.intent.action.BATTERY_CHANGED
03-25 02:29:16.220 D/ActivityManager(  380): mBatteryStatusReceiver, plugged=1, mBatteryStatusPlugged=1, fakeShutdownMode=false
03-25 02:29:36.290 D/BatteryService(  380): mAcOnlinetruemUsbOnline:falsemBatteryStatus 2
03-25 02:29:36.290 D/BatteryService(  380): mBatteryLevel93isPowered():trueActivityManagerNative.isSystemReady():true
03-25 02:29:36.290 D/BatteryService(  380): mAcOnlinetruemUsbOnline:falsemBatteryStatus 2
03-25 02:29:36.300 D/ActivityManager(  380): mBatteryStatusReceiver, action=android.intent.action.BATTERY_CHANGED
03-25 02:29:36.300 D/ActivityManager(  380): mBatteryStatusReceiver, plugged=1, mBatteryStatusPlugged=1, fakeShutdownMode=false
03-25 02:29:56.459 D/BatteryService(  380): mAcOnlinetruemUsbOnline:falsemBatteryStatus 2
03-25 02:29:56.459 D/BatteryService(  380): mBatteryLevel94isPowered():trueActivityManagerNative.isSystemReady():true
03-25 02:29:56.469 D/BatteryService(  380): mAcOnlinetruemUsbOnline:falsemBatteryStatus 2
03-25 02:29:56.469 D/ActivityManager(  380): mBatteryStatusReceiver, action=android.intent.action.BATTERY_CHANGED
03-25 02:29:56.469 D/ActivityManager(  380): mBatteryStatusReceiver, plugged=1, mBatteryStatusPlugged=1, fakeShutdownMode=false
03-25 02:30:16.539 D/BatteryService(  380): mAcOnlinetruemUsbOnline:falsemBatteryStatus 2
03-25 02:30:16.539 D/BatteryService(  380): mBatteryLevel95isPowered():trueActivityManagerNative.isSystemReady():true
03-25 02:30:16.539 D/BatteryService(  380): mAcOnlinetruemUsbOnline:falsemBatteryStatus 2
03-25 02:30:16.549 D/ActivityManager(  380): mBatteryStatusReceiver, action=android.intent.action.BATTERY_CHANGED
03-25 02:30:16.549 D/ActivityManager(  380): mBatteryStatusReceiver, plugged=1, mBatteryStatusPlugged=1, fakeShutdownMode=false
03-25 02:30:36.618 D/BatteryService(  380): mAcOnlinetruemUsbOnline:falsemBatteryStatus 2
03-25 02:30:36.618 D/BatteryService(  380): mBatteryLevel96isPowered():trueActivityManagerNative.isSystemReady():true
03-25 02:30:36.618 D/BatteryService(  380): mAcOnlinetruemUsbOnline:falsemBatteryStatus 2
03-25 02:30:36.618 D/ActivityManager(  380): mBatteryStatusReceiver, action=android.intent.action.BATTERY_CHANGED
03-25 02:30:36.618 D/ActivityManager(  380): mBatteryStatusReceiver, plugged=1, mBatteryStatusPlugged=1, fakeShutdownMode=false
03-25 02:30:56.698 D/BatteryService(  380): mAcOnlinetruemUsbOnline:falsemBatteryStatus 2
03-25 02:30:56.698 D/BatteryService(  380): mBatteryLevel97isPowered():trueActivityManagerNative.isSystemReady():true
03-25 02:30:56.698 D/BatteryService(  380): mAcOnlinetruemUsbOnline:falsemBatteryStatus 2
03-25 02:30:56.708 D/ActivityManager(  380): mBatteryStatusReceiver, action=android.intent.action.BATTERY_CHANGED
03-25 02:30:56.708 D/ActivityManager(  380): mBatteryStatusReceiver, plugged=1, mBatteryStatusPlugged=1, fakeShutdownMode=false
03-25 02:31:16.778 D/BatteryService(  380): mAcOnlinetruemUsbOnline:falsemBatteryStatus 2
03-25 02:31:16.778 D/BatteryService(  380): mBatteryLevel98isPowered():trueActivityManagerNative.isSystemReady():true
03-25 02:31:16.778 D/BatteryService(  380): mAcOnlinetruemUsbOnline:falsemBatteryStatus 2
03-25 02:31:16.788 D/ActivityManager(  380): mBatteryStatusReceiver, action=android.intent.action.BATTERY_CHANGED
03-25 02:31:16.788 D/ActivityManager(  380): mBatteryStatusReceiver, plugged=1, mBatteryStatusPlugged=1, fakeShutdownMode=false
03-25 02:31:36.857 D/BatteryService(  380): mAcOnlinetruemUsbOnline:falsemBatteryStatus 5
03-25 02:31:36.857 D/BatteryService(  380): mBatteryLevel100isPowered():trueActivityManagerNative.isSystemReady():true
03-25 02:31:36.857 D/BatteryService(  380): mAcOnlinetruemUsbOnline:falsemBatteryStatus 5
03-25 02:31:36.867 D/BatteryService(  380): mAcOnlinetruemUsbOnline:falsemBatteryStatus 5
03-25 02:31:36.867 D/ActivityManager(  380): mBatteryStatusReceiver, action=android.intent.action.BATTERY_CHANGED
03-25 02:31:36.867 D/ActivityManager(  380): mBatteryStatusReceiver, plugged=1, mBatteryStatusPlugged=1, fakeShutdownMode=false
03-25 02:31:41.872 D/BatteryService(  380): mAcOnlinetruemUsbOnline:falsemBatteryStatus 5
03-25 02:31:41.872 D/BatteryService(  380): mBatteryLevel100isPowered():trueActivityManagerNative.isSystemReady():true
03-25 02:31:46.897 D/BatteryService(  380): mAcOnlinetruemUsbOnline:falsemBatteryStatus 5
03-25 02:31:46.897 D/BatteryService(  380): mBatteryLevel100isPowered():trueActivityManagerNative.isSystemReady():true
03-25 02:31:51.912 D/BatteryService(  380): mAcOnlinetruemUsbOnline:falsemBatteryStatus 5
03-25 02:31:51.912 D/BatteryService(  380): mBatteryLevel100isPowered():trueActivityManagerNative.isSystemReady():true
03-25 02:31:56.937 D/BatteryService(  380): mAcOnlinetruemUsbOnline:falsemBatteryStatus 5
03-25 02:31:56.937 D/BatteryService(  380): mBatteryLevel100isPowered():trueActivityManagerNative.isSystemReady():true
03-25 02:31:56.937 D/BatteryService(  380): mAcOnlinetruemUsbOnline:falsemBatteryStatus 5
03-25 02:31:56.947 D/BatteryService(  380): mAcOnlinetruemUsbOnline:falsemBatteryStatus 5
03-25 02:31:56.947 D/ActivityManager(  380): mBatteryStatusReceiver, action=android.intent.action.BATTERY_CHANGED
03-25 02:31:56.947 D/ActivityManager(  380): mBatteryStatusReceiver, plugged=1, mBatteryStatusPlugged=1, fakeShutdownMode=false
03-25 02:32:31.520 W/ThrottleService(  380): unable to find stats for iface rmnet0
03-25 02:36:41.334 W/SocketClient(  113): write error (Broken pipe)
03-25 02:42:31.536 W/ThrottleService(  380): unable to find stats for iface rmnet0
03-25 02:42:31.536 W/SocketClient(  113): write error (Broken pipe)
03-25 02:45:40.550 D/NetworkPolicy(  380): setNetworkTemplateEnabled(): match rule = 1
03-25 02:45:40.560 D/MobileDataStateTracker(  380): default: setPolicyDataEnable(enabled=true)
03-25 02:52:31.531 W/ThrottleService(  380): unable to find stats for iface rmnet0
03-25 03:02:31.537 W/ThrottleService(  380): unable to find stats for iface rmnet0
03-25 03:12:31.532 W/ThrottleService(  380): unable to find stats for iface rmnet0
03-25 03:15:40.556 W/SocketClient(  113): write error (Broken pipe)
03-25 03:15:40.566 D/NetworkPolicy(  380): setNetworkTemplateEnabled(): match rule = 1
03-25 03:15:40.566 D/MobileDataStateTracker(  380): default: setPolicyDataEnable(enabled=true)
03-25 03:22:31.547 W/ThrottleService(  380): unable to find stats for iface rmnet0
03-25 03:32:31.543 W/ThrottleService(  380): unable to find stats for iface rmnet0
03-25 03:42:31.548 W/ThrottleService(  380): unable to find stats for iface rmnet0
03-25 03:45:40.552 W/SocketClient(  113): write error (Broken pipe)
03-25 03:45:40.562 D/NetworkPolicy(  380): setNetworkTemplateEnabled(): match rule = 1
03-25 03:45:40.562 D/MobileDataStateTracker(  380): default: setPolicyDataEnable(enabled=true)
03-25 03:50:11.637 W/SocketClient(  113): write error (Broken pipe)
03-25 03:52:31.543 W/ThrottleService(  380): unable to find stats for iface rmnet0
03-25 04:00:41.612 W/SocketClient(  113): write error (Broken pipe)
03-25 04:02:31.549 W/ThrottleService(  380): unable to find stats for iface rmnet0
03-25 04:11:11.646 W/SocketClient(  113): write error (Broken pipe)
03-25 04:12:31.554 W/ThrottleService(  380): unable to find stats for iface rmnet0
03-25 04:15:40.559 D/NetworkPolicy(  380): setNetworkTemplateEnabled(): match rule = 1
03-25 04:15:40.569 D/MobileDataStateTracker(  380): default: setPolicyDataEnable(enabled=true)
03-25 04:22:31.590 W/ThrottleService(  380): unable to find stats for iface rmnet0
03-25 04:31:38.874 W/SocketClient(  113): write error (Broken pipe)
03-25 04:32:31.555 W/ThrottleService(  380): unable to find stats for iface rmnet0
03-25 04:32:31.555 W/SocketClient(  113): write error (Broken pipe)
03-25 04:42:31.560 W/ThrottleService(  380): unable to find stats for iface rmnet0
03-25 04:45:40.555 W/SocketClient(  113): write error (Broken pipe)
03-25 04:45:40.555 D/NetworkPolicy(  380): setNetworkTemplateEnabled(): match rule = 1
03-25 04:45:40.565 D/MobileDataStateTracker(  380): default: setPolicyDataEnable(enabled=true)
03-25 04:52:31.566 W/ThrottleService(  380): unable to find stats for iface rmnet0
03-25 05:02:31.561 W/ThrottleService(  380): unable to find stats for iface rmnet0
03-25 05:03:41.770 W/SocketClient(  113): write error (Broken pipe)
03-25 05:12:31.566 W/ThrottleService(  380): unable to find stats for iface rmnet0
03-25 05:15:40.551 W/SocketClient(  113): write error (Broken pipe)
03-25 05:15:40.551 D/NetworkPolicy(  380): setNetworkTemplateEnabled(): match rule = 1
03-25 05:15:40.561 D/MobileDataStateTracker(  380): default: setPolicyDataEnable(enabled=true)
03-25 05:22:31.572 W/ThrottleService(  380): unable to find stats for iface rmnet0
03-25 05:22:31.572 W/SocketClient(  113): write error (Broken pipe)
03-25 05:32:31.577 W/SocketClient(  113): write error (Broken pipe)
03-25 05:32:31.577 W/ThrottleService(  380): unable to find stats for iface rmnet0
03-25 05:35:11.843 W/SocketClient(  113): write error (Broken pipe)
03-25 05:42:31.572 W/ThrottleService(  380): unable to find stats for iface rmnet0
03-25 05:42:31.572 W/SocketClient(  113): write error (Broken pipe)
03-25 05:45:40.557 W/SocketClient(  113): write error (Broken pipe)
03-25 05:45:40.557 D/NetworkPolicy(  380): setNetworkTemplateEnabled(): match rule = 1
03-25 05:45:40.567 D/MobileDataStateTracker(  380): default: setPolicyDataEnable(enabled=true)
03-25 05:52:31.578 W/ThrottleService(  380): unable to find stats for iface rmnet0
03-25 05:56:11.903 W/SocketClient(  113): write error (Broken pipe)
03-25 06:02:31.573 W/ThrottleService(  380): unable to find stats for iface rmnet0
03-25 06:12:31.589 W/ThrottleService(  380): unable to find stats for iface rmnet0
03-25 06:15:40.553 D/NetworkPolicy(  380): setNetworkTemplateEnabled(): match rule = 1
03-25 06:15:40.563 D/MobileDataStateTracker(  380): default: setPolicyDataEnable(enabled=true)
03-25 06:22:31.584 W/ThrottleService(  380): unable to find stats for iface rmnet0
03-25 06:22:31.584 W/SocketClient(  113): write error (Broken pipe)
03-25 06:32:31.589 W/ThrottleService(  380): unable to find stats for iface rmnet0
03-25 06:42:31.595 W/ThrottleService(  380): unable to find stats for iface rmnet0
03-25 06:45:40.559 D/NetworkPolicy(  380): setNetworkTemplateEnabled(): match rule = 1
03-25 06:45:40.569 D/MobileDataStateTracker(  380): default: setPolicyDataEnable(enabled=true)
03-25 06:52:31.600 W/ThrottleService(  380): unable to find stats for iface rmnet0
03-25 06:52:31.600 W/SocketClient(  113): write error (Broken pipe)
03-25 07:02:31.595 W/ThrottleService(  380): unable to find stats for iface rmnet0
03-25 07:12:31.591 W/ThrottleService(  380): unable to find stats for iface rmnet0
03-25 07:12:31.601 W/SocketClient(  113): write error (Broken pipe)
03-25 07:15:40.555 D/NetworkPolicy(  380): setNetworkTemplateEnabled(): match rule = 1
03-25 07:15:40.565 D/MobileDataStateTracker(  380): default: setPolicyDataEnable(enabled=true)
03-25 07:22:31.606 W/ThrottleService(  380): unable to find stats for iface rmnet0
03-25 07:32:31.602 W/ThrottleService(  380): unable to find stats for iface rmnet0
03-25 07:39:54.394 D/BatteryService(  380): mAcOnlinefalsemUsbOnline:falsemBatteryStatus 5
03-25 07:39:54.394 D/BatteryService(  380): mBatteryLevel100isPowered():falseActivityManagerNative.isSystemReady():true
03-25 07:39:54.394 D/BatteryService(  380): mAcOnlinefalsemUsbOnline:falsemBatteryStatus 5
03-25 07:39:54.404 D/BatteryService(  380): mAcOnlinefalsemUsbOnline:falsemBatteryStatus 5
03-25 07:39:54.404 D/BatteryService(  380): mAcOnlinefalsemUsbOnline:falsemBatteryStatus 3
03-25 07:39:54.404 D/BatteryService(  380): mBatteryLevel100isPowered():falseActivityManagerNative.isSystemReady():true
03-25 07:39:54.404 D/ActivityManager(  380): mBatteryStatusReceiver, action=android.intent.action.BATTERY_CHANGED
03-25 07:39:54.414 D/ActivityManager(  380): mBatteryStatusReceiver, plugged=0, mBatteryStatusPlugged=1, fakeShutdownMode=false
03-25 07:39:54.424 D/BatteryService(  380): mAcOnlinefalsemUsbOnline:falsemBatteryStatus 3
03-25 07:39:54.424 D/ActivityManager(  380): mBatteryStatusReceiver, action=android.intent.action.BATTERY_CHANGED
03-25 07:39:54.424 D/ActivityManager(  380): mBatteryStatusReceiver, plugged=0, mBatteryStatusPlugged=0, fakeShutdownMode=false
03-25 07:39:54.484 I/WindowManager(  380): Lock screen displayed!
03-25 07:40:00.019 I/ActivityManager(  380): Start proc com.android.deskclock for broadcast com.android.deskclock/.AlarmReceiver: pid=2237 uid=10014 gids={1028}
03-25 07:40:00.099 W/BackupManagerService(  380): dataChanged but no participant pkg='com.android.providers.settings' uid=10014
03-25 07:40:00.109 D/TelephonyRegistry(  380): onCallStateChanged  mCallIncomingNumber:
03-25 07:40:00.119 D/TelephonyRegistry(  380): getCallStateForAllSims  state:0
03-25 07:40:00.119 D/PhoneStatusBar(  465): addNotification score=0
03-25 07:40:00.249 D/PhoneStatusBar(  465): Notification has fullScreenIntent; sending fullScreenIntent
03-25 07:40:00.249 I/ActivityManager(  380): START {flg=0x10040000 cmp=com.android.deskclock/.AlarmAlertFullScreen (has extras) u=0} from pid -1
03-25 07:40:00.580 D/PhoneStatusBar(  465): disable: < expand icons alerts ticker system_info BACK HOME recent* CLOCK >
03-25 07:40:00.630 D/PhoneStatusBar(  465): disable: < expand icons alerts ticker system_info back* home* recent clock* >
03-25 07:40:01.621 I/ActivityManager(  380): No longer want com.android.mms (pid 898): hidden #16
03-25 07:40:04.944 D/PhoneStatusBar(  465): disable: < expand icons alerts ticker system_info back home RECENT* clock >
03-25 07:40:04.984 D/PhoneStatusBar(  465): disable: < expand icons alerts ticker system_info BACK* HOME* RECENT CLOCK* >
03-25 07:40:06.475 I/WindowManager(  380): Lock screen displayed!
03-25 07:40:08.287 D/PhoneStatusBar(  465): disable: < expand icons alerts ticker system_info BACK HOME recent* CLOCK >
03-25 07:40:08.317 D/PhoneStatusBar(  465): disable: < expand icons alerts ticker system_info back* home* recent clock* >
03-25 07:40:08.317 W/InputMethodManagerService(  380): Window already focused, ignoring focus gain of: com.android.internal.view.IInputMethodClient$Stub$Proxy@42362068 attribute=android.view.inputmethod.EditorInfo@42886530
03-25 07:40:09.869 I/ActivityManager(  380): START {act=android.intent.action.MAIN cat=[android.intent.category.LAUNCHER] flg=0x10200000 cmp=com.android.camera/.Camera bnds=[532,240][704,434] u=0} from pid 542
03-25 07:40:09.959 I/ActivityManager(  380): Start proc com.android.camera for activity com.android.camera/.Camera: pid=2265 uid=10029 gids={1006, 1015, 1028}
03-25 07:40:12.932 I/ActivityManager(  380): START {act=android.intent.action.VIEW dat=content://media/external/images/media?bucketId=1509922574 flg=0x4000000 cmp=com.android.gallery3d/.app.Gallery (has extras) u=0} from pid 2265
03-25 07:40:21.070 I/ActivityManager(  380): Config changed: {1.0 460mcc0mnc zh_CN sw360dp w640dp h340dp nrml long land finger -keyb/v/h -nav/h s.6}
03-25 07:40:23.452 I/ActivityManager(  380): Config changed: {1.0 460mcc0mnc zh_CN sw360dp w360dp h620dp nrml long port finger -keyb/v/h -nav/h s.7}
03-25 07:40:36.545 I/ActivityManager(  380): Config changed: {1.0 460mcc0mnc zh_CN sw360dp w640dp h340dp nrml long land finger -keyb/v/h -nav/h s.8}
03-25 07:41:07.325 I/ActivityManager(  380): START {act=android.intent.action.MAIN cat=[android.intent.category.HOME] flg=0x10200000 cmp=com.android.launcher/com.android.launcher2.Launcher u=0} from pid 380
03-25 07:41:07.405 I/ActivityManager(  380): Config changed: {1.0 460mcc0mnc zh_CN sw360dp w360dp h620dp nrml long port finger -keyb/v/h -nav/h s.9}
03-25 07:41:10.348 D/PhoneStatusBar(  465): disable: < expand icons alerts ticker system_info back home RECENT* clock >
03-25 07:41:10.388 D/PhoneStatusBar(  465): disable: < expand icons alerts ticker system_info BACK* HOME* RECENT CLOCK* >
03-25 07:46:02.051 W/ThrottleService(  380): unable to find stats for iface rmnet0
03-25 07:46:02.051 D/NetworkPolicy(  380): setNetworkTemplateEnabled(): match rule = 1
03-25 07:46:02.061 D/MobileDataStateTracker(  380): default: setPolicyDataEnable(enabled=true)
03-25 07:55:19.082 I/WindowManager(  380): Lock screen displayed!
03-25 07:55:21.724 I/WindowManager(  380): Lock screen displayed!
03-25 07:55:24.253 I/WindowManager(  380): Lock screen displayed!
03-25 07:55:29.093 I/WindowManager(  380): Lock screen displayed!
03-25 07:55:31.765 I/WindowManager(  380): Lock screen displayed!
03-25 07:56:04.042 W/ThrottleService(  380): unable to find stats for iface rmnet0
03-25 08:06:04.042 W/ThrottleService(  380): unable to find stats for iface rmnet0
03-25 08:06:04.042 W/SocketClient(  113): write error (Broken pipe)
03-25 08:15:48.001 D/NetworkPolicy(  380): setNetworkTemplateEnabled(): match rule = 1
03-25 08:15:48.011 D/MobileDataStateTracker(  380): default: setPolicyDataEnable(enabled=true)
03-25 08:16:04.062 W/ThrottleService(  380): unable to find stats for iface rmnet0
03-25 08:21:04.013 D/BatteryService(  380): mAcOnlinefalsemUsbOnline:falsemBatteryStatus 3
03-25 08:21:04.013 D/BatteryService(  380): mBatteryLevel100isPowered():falseActivityManagerNative.isSystemReady():true
03-25 08:21:04.013 W/ProcessStats(  380): Skipping unknown process pid 2607
03-25 08:21:04.013 W/ProcessStats(  380): Skipping unknown process pid 2608
03-25 08:21:04.013 W/ProcessStats(  380): Skipping unknown process pid 2609
03-25 08:21:04.013 W/ProcessStats(  380): Skipping unknown process pid 2610
03-25 08:21:04.023 D/BatteryService(  380): mAcOnlinefalsemUsbOnline:falsemBatteryStatus 3
03-25 08:21:04.023 D/ActivityManager(  380): mBatteryStatusReceiver, action=android.intent.action.BATTERY_CHANGED
03-25 08:21:04.023 D/ActivityManager(  380): mBatteryStatusReceiver, plugged=0, mBatteryStatusPlugged=0, fakeShutdownMode=false
03-25 08:22:16.062 I/WindowManager(  380): Lock screen displayed!
03-25 08:22:17.934 D/PhoneStatusBar(  465): disable: < expand icons alerts ticker system_info BACK HOME recent* CLOCK >
03-25 08:22:17.954 D/PhoneStatusBar(  465): disable: < expand icons alerts ticker system_info back* home* recent clock* >
03-25 08:22:17.974 W/InputMethodManagerService(  380): Window already focused, ignoring focus gain of: com.android.internal.view.IInputMethodClient$Stub$Proxy@4281d778 attribute=android.view.inputmethod.EditorInfo@4281d788
03-25 08:22:24.850 I/ActivityManager(  380): START {act=android.intent.action.MAIN cat=[android.intent.category.LAUNCHER] flg=0x10200000 cmp=com.android.contacts/.DialtactsActivity bnds=[187,1086][359,1276] u=0} from pid 542
03-25 08:22:24.970 I/UsageStats(  380): Deleting usage file : usage-20130320
03-25 08:22:26.692 D/TelephonyRegistry(  380): onCallStateChanged  mCallIncomingNumber:
03-25 08:22:26.692 D/TelephonyRegistry(  380): getCallStateForAllSims  state:0
03-25 08:22:30.676 W/ActivityManager(  380): Bad activity token: android.os.BinderProxy@424d8190
03-25 08:22:30.676 W/ActivityManager(  380): java.lang.ClassCastException: android.os.BinderProxy cannot be cast to com.android.server.am.ActivityRecord$Token
03-25 08:22:30.676 W/ActivityManager(  380): 	at com.android.server.am.ActivityRecord.forToken(ActivityRecord.java:307)
03-25 08:22:30.676 W/ActivityManager(  380): 	at com.android.server.am.ActivityStack.isInStackLocked(ActivityStack.java:478)
03-25 08:22:30.676 W/ActivityManager(  380): 	at com.android.server.am.ActivityManagerService.getCallingRecordLocked(ActivityManagerService.java:4420)
03-25 08:22:30.676 W/ActivityManager(  380): 	at com.android.server.am.ActivityManagerService.getCallingPackage(ActivityManagerService.java:4407)
03-25 08:22:30.676 W/ActivityManager(  380): 	at android.app.ActivityManagerNative.onTransact(ActivityManagerNative.java:417)
03-25 08:22:30.676 W/ActivityManager(  380): 	at com.android.server.am.ActivityManagerService.onTransact(ActivityManagerService.java:1639)
03-25 08:22:30.676 W/ActivityManager(  380): 	at android.os.Binder.execTransact(Binder.java:367)
03-25 08:22:30.676 W/ActivityManager(  380): 	at dalvik.system.NativeStart.run(Native Method)
03-25 08:22:31.697 I/ActivityManager(  380): START {act=android.intent.action.MAIN cat=[android.intent.category.HOME] flg=0x10200000 cmp=com.android.launcher/com.android.launcher2.Launcher u=0} from pid 380
03-25 08:22:31.747 I/UsageStats(  380): No package stats for pkg:com.android.contacts
03-25 08:22:32.227 I/ActivityManager(  380): START {act=android.intent.action.MAIN cat=[android.intent.category.LAUNCHER] flg=0x10200000 cmp=com.android.mms/.ui.ConversationList bnds=[359,1086][531,1276] u=0} from pid 542
03-25 08:22:32.328 I/ActivityManager(  380): Start proc com.android.mms for activity com.android.mms/.ui.ConversationList: pid=2640 uid=10034 gids={3003, 1015, 1028}
03-25 08:22:32.338 I/ActivityManager(  380): START {act=android.intent.action.MAIN cat=[android.intent.category.LAUNCHER] flg=0x10200000 cmp=com.android.mms/.ui.ConversationList bnds=[359,1086][531,1276] u=0} from pid 542
03-25 08:22:33.919 D/PhoneStatusBar(  465): disable: < expand icons alerts ticker system_info back home RECENT* clock >
03-25 08:22:33.989 D/PhoneStatusBar(  465): disable: < expand icons alerts ticker system_info BACK* HOME* RECENT CLOCK* >
03-25 08:22:34.069 I/WindowManager(  380): Lock screen displayed!
03-25 08:23:16.010 D/BatteryService(  380): mAcOnlinefalsemUsbOnline:falsemBatteryStatus 3
03-25 08:23:16.010 D/BatteryService(  380): mBatteryLevel100isPowered():falseActivityManagerNative.isSystemReady():true
03-25 08:23:16.010 D/BatteryService(  380): mAcOnlinefalsemUsbOnline:falsemBatteryStatus 3
03-25 08:23:16.020 D/ActivityManager(  380): mBatteryStatusReceiver, action=android.intent.action.BATTERY_CHANGED
03-25 08:23:16.020 D/ActivityManager(  380): mBatteryStatusReceiver, plugged=0, mBatteryStatusPlugged=0, fakeShutdownMode=false
03-25 08:25:31.031 D/BatteryService(  380): mAcOnlinefalsemUsbOnline:falsemBatteryStatus 3
03-25 08:25:31.031 D/BatteryService(  380): mBatteryLevel100isPowered():falseActivityManagerNative.isSystemReady():true
03-25 08:25:31.031 D/BatteryService(  380): mAcOnlinefalsemUsbOnline:falsemBatteryStatus 3
03-25 08:25:31.031 D/ActivityManager(  380): mBatteryStatusReceiver, action=android.intent.action.BATTERY_CHANGED
03-25 08:25:31.031 D/ActivityManager(  380): mBatteryStatusReceiver, plugged=0, mBatteryStatusPlugged=0, fakeShutdownMode=false
03-25 08:26:05.012 W/ThrottleService(  380): unable to find stats for iface rmnet0
03-25 08:27:39.001 D/BatteryService(  380): mAcOnlinefalsemUsbOnline:falsemBatteryStatus 3
03-25 08:27:39.001 D/BatteryService(  380): mBatteryLevel100isPowered():falseActivityManagerNative.isSystemReady():true
03-25 08:27:39.011 D/BatteryService(  380): mAcOnlinefalsemUsbOnline:falsemBatteryStatus 3
03-25 08:27:39.011 D/ActivityManager(  380): mBatteryStatusReceiver, action=android.intent.action.BATTERY_CHANGED
03-25 08:27:39.011 D/ActivityManager(  380): mBatteryStatusReceiver, plugged=0, mBatteryStatusPlugged=0, fakeShutdownMode=false
03-25 08:31:05.012 D/BatteryService(  380): mAcOnlinefalsemUsbOnline:falsemBatteryStatus 3
03-25 08:31:05.012 D/BatteryService(  380): mBatteryLevel100isPowered():falseActivityManagerNative.isSystemReady():true
03-25 08:31:10.394 W/DropBoxManagerService(  380): Dropping: event_data (39 > 0 bytes)
03-25 08:33:44.022 D/BatteryService(  380): mAcOnlinefalsemUsbOnline:falsemBatteryStatus 3
03-25 08:33:44.022 D/BatteryService(  380): mBatteryLevel100isPowered():falseActivityManagerNative.isSystemReady():true
03-25 08:33:44.022 D/BatteryService(  380): mAcOnlinefalsemUsbOnline:falsemBatteryStatus 3
03-25 08:33:44.022 D/ActivityManager(  380): mBatteryStatusReceiver, action=android.intent.action.BATTERY_CHANGED
03-25 08:33:44.022 D/ActivityManager(  380): mBatteryStatusReceiver, plugged=0, mBatteryStatusPlugged=0, fakeShutdownMode=false
03-25 08:36:03.012 D/BatteryService(  380): mAcOnlinefalsemUsbOnline:falsemBatteryStatus 3
03-25 08:36:03.012 D/BatteryService(  380): mBatteryLevel100isPowered():falseActivityManagerNative.isSystemReady():true
03-25 08:36:03.022 D/BatteryService(  380): mAcOnlinefalsemUsbOnline:falsemBatteryStatus 3
03-25 08:36:03.022 D/ActivityManager(  380): mBatteryStatusReceiver, action=android.intent.action.BATTERY_CHANGED
03-25 08:36:03.022 D/ActivityManager(  380): mBatteryStatusReceiver, plugged=0, mBatteryStatusPlugged=0, fakeShutdownMode=false
03-25 08:36:05.012 W/ThrottleService(  380): unable to find stats for iface rmnet0
03-25 08:40:20.001 D/BatteryService(  380): mAcOnlinefalsemUsbOnline:falsemBatteryStatus 3
03-25 08:40:20.011 D/BatteryService(  380): mBatteryLevel100isPowered():falseActivityManagerNative.isSystemReady():true
03-25 08:40:20.011 D/BatteryService(  380): mAcOnlinefalsemUsbOnline:falsemBatteryStatus 3
03-25 08:40:20.011 D/ActivityManager(  380): mBatteryStatusReceiver, action=android.intent.action.BATTERY_CHANGED
03-25 08:40:20.011 D/ActivityManager(  380): mBatteryStatusReceiver, plugged=0, mBatteryStatusPlugged=0, fakeShutdownMode=false
03-25 08:42:18.020 D/BatteryService(  380): mAcOnlinefalsemUsbOnline:falsemBatteryStatus 3
03-25 08:42:18.020 D/BatteryService(  380): mBatteryLevel100isPowered():falseActivityManagerNative.isSystemReady():true
03-25 08:42:18.020 D/BatteryService(  380): mAcOnlinefalsemUsbOnline:falsemBatteryStatus 3
03-25 08:42:18.020 D/ActivityManager(  380): mBatteryStatusReceiver, action=android.intent.action.BATTERY_CHANGED
03-25 08:42:18.020 D/ActivityManager(  380): mBatteryStatusReceiver, plugged=0, mBatteryStatusPlugged=0, fakeShutdownMode=false
03-25 08:44:37.022 D/BatteryService(  380): mAcOnlinefalsemUsbOnline:falsemBatteryStatus 3
03-25 08:44:37.022 D/BatteryService(  380): mBatteryLevel100isPowered():falseActivityManagerNative.isSystemReady():true
03-25 08:44:37.022 D/BatteryService(  380): mAcOnlinefalsemUsbOnline:falsemBatteryStatus 3
03-25 08:44:37.022 D/ActivityManager(  380): mBatteryStatusReceiver, action=android.intent.action.BATTERY_CHANGED
03-25 08:44:37.022 D/ActivityManager(  380): mBatteryStatusReceiver, plugged=0, mBatteryStatusPlugged=0, fakeShutdownMode=false
03-25 08:44:38.033 W/PackageManager(  380): Couldn't clear application caches
03-25 08:44:38.033 I/DeviceStorageMonitorService(  380): Running low on memory. Sending notification
03-25 08:44:38.073 D/PhoneStatusBar(  465): addNotification score=0
03-25 08:44:38.073 W/ActivityManager(  380): Unable to start service Intent { act=com.android.email.intent.action.MAIL_SERVICE_CANCEL cmp=com.android.email/.service.MailService }: not found
03-25 08:44:38.083 D/ConnectivityService(  380): reportNetworkCondition(-1, 0)
03-25 08:44:38.083 D/ConnectivityService(  380): handleInetConditionChange: no active default network - ignore
03-25 08:46:03.012 D/NetworkPolicy(  380): setNetworkTemplateEnabled(): match rule = 1
03-25 08:46:03.012 D/MobileDataStateTracker(  380): default: setPolicyDataEnable(enabled=true)
03-25 08:46:05.022 W/ThrottleService(  380): unable to find stats for iface rmnet0
03-25 08:47:18.001 D/BatteryService(  380): mAcOnlinefalsemUsbOnline:falsemBatteryStatus 3
03-25 08:47:18.001 D/BatteryService(  380): mBatteryLevel100isPowered():falseActivityManagerNative.isSystemReady():true
03-25 08:47:18.011 D/BatteryService(  380): mAcOnlinefalsemUsbOnline:falsemBatteryStatus 3
03-25 08:47:18.011 D/ActivityManager(  380): mBatteryStatusReceiver, action=android.intent.action.BATTERY_CHANGED
03-25 08:47:18.011 D/ActivityManager(  380): mBatteryStatusReceiver, plugged=0, mBatteryStatusPlugged=0, fakeShutdownMode=false
03-25 08:51:05.011 D/BatteryService(  380): mAcOnlinefalsemUsbOnline:falsemBatteryStatus 3
03-25 08:51:05.011 D/BatteryService(  380): mBatteryLevel100isPowered():falseActivityManagerNative.isSystemReady():true
03-25 08:51:05.011 D/BatteryService(  380): mAcOnlinefalsemUsbOnline:falsemBatteryStatus 3
03-25 08:51:05.011 D/ActivityManager(  380): mBatteryStatusReceiver, action=android.intent.action.BATTERY_CHANGED
03-25 08:51:05.011 D/ActivityManager(  380): mBatteryStatusReceiver, plugged=0, mBatteryStatusPlugged=0, fakeShutdownMode=false
03-25 08:56:04.046 D/BatteryService(  380): mAcOnlinefalsemUsbOnline:falsemBatteryStatus 3
03-25 08:56:04.046 D/BatteryService(  380): mBatteryLevel100isPowered():falseActivityManagerNative.isSystemReady():true
03-25 08:56:04.046 D/BatteryService(  380): mAcOnlinefalsemUsbOnline:falsemBatteryStatus 3
03-25 08:56:04.056 D/ActivityManager(  380): mBatteryStatusReceiver, action=android.intent.action.BATTERY_CHANGED
03-25 08:56:04.056 D/ActivityManager(  380): mBatteryStatusReceiver, plugged=0, mBatteryStatusPlugged=0, fakeShutdownMode=false
03-25 08:56:04.997 D/PhoneStatusBar(  465): addNotification score=0
03-25 08:56:05.027 W/ThrottleService(  380): unable to find stats for iface rmnet0
03-25 08:57:27.052 I/WindowManager(  380): Lock screen displayed!
03-25 08:57:28.983 D/ConnectivityService(  380): getMobileDataEnabled returning false
03-25 08:57:29.033 D/PhoneStatusBar(  465): disable: < expand icons alerts TICKER* system_info back* home* RECENT clock* >
03-25 08:57:29.113 D/ConnectivityService(  380): ConnectivityChange for WIFI: CONNECTING/OBTAINING_IPADDR
03-25 08:57:29.113 D/ConnectivityService(  380): ConnectivityChange for WIFI: CONNECTING/OBTAINING_IPADDR
03-25 08:57:30.194 D/ConnectivityService(  380): ConnectivityChange for WIFI: CONNECTED/CONNECTED
03-25 08:57:30.194 D/ConnectivityService(  380): Setting TCP values: [524288,1048576,2097152,262144,524288,1048576] which comes from [net.tcp.buffersize.wifi]
03-25 08:57:30.194 D/ConnectivityService(  380): adding dns 192.168.1.1 for WIFI
03-25 08:57:30.204 D/ConnectivityService(  380): handleConnectivityChange: changed linkProperty[1]: doReset=false resetMask=0
03-25 08:57:30.204 D/ConnectivityService(  380):    curLp=null
03-25 08:57:30.204 D/ConnectivityService(  380):    newLp=InterfaceName: wlan0 LinkAddresses: [192.168.1.104/24,] Routes: [0.0.0.0/0 -> 192.168.1.1,] DnsAddresses: [192.168.1.1,] HttpProxy: [ProxyProperties.mHost == null] 
03-25 08:57:30.214 D/ConnectivityService(  380): Adding 192.168.1.1/32 -> 0.0.0.0 for interface wlan0
03-25 08:57:30.214 D/ConnectivityService(  380): Adding 0.0.0.0/0 -> 192.168.1.1 for interface wlan0
03-25 08:57:30.214 D/ConnectivityService(  380): resetting DNS cache for wlan0
03-25 08:57:30.214 D/ConnectivityService(  380): sendStickyBroadcast: action=android.net.conn.CONNECTIVITY_CHANGE_IMMEDIATE
03-25 08:57:30.224 D/ConnectivityService(  380): sendStickyBroadcastDelayed: delayMs=3000, action=android.net.conn.CONNECTIVITY_CHANGE
03-25 08:57:30.224 D/ConnectivityService(  380): ConnectivityChange for WIFI: CONNECTED/CONNECTED
03-25 08:57:30.224 D/ConnectivityService(  380): Setting TCP values: [524288,1048576,2097152,262144,524288,1048576] which comes from [net.tcp.buffersize.wifi]
03-25 08:57:30.234 D/ConnectivityService(  380): handleConnectivityChange: changed linkProperty[1]: doReset=false resetMask=0
03-25 08:57:30.234 D/ConnectivityService(  380):    curLp=InterfaceName: wlan0 LinkAddresses: [192.168.1.104/24,] Routes: [0.0.0.0/0 -> 192.168.1.1,] DnsAddresses: [192.168.1.1,] HttpProxy: [ProxyProperties.mHost == null] 
03-25 08:57:30.234 D/ConnectivityService(  380):    newLp=InterfaceName: wlan0 LinkAddresses: [192.168.1.104/24,] Routes: [0.0.0.0/0 -> 192.168.1.1,] DnsAddresses: [192.168.1.1,] HttpProxy: [ProxyProperties.mHost == null] 
03-25 08:57:30.234 D/ConnectivityService(  380): handleConnectivityChange: address are the same reset per doReset linkProperty[1]: resetMask=0
03-25 08:57:30.234 D/ConnectivityService(  380): sendStickyBroadcast: action=android.net.conn.CONNECTIVITY_CHANGE_IMMEDIATE
03-25 08:57:30.234 D/ConnectivityService(  380): sendStickyBroadcastDelayed: delayMs=3000, action=android.net.conn.CONNECTIVITY_CHANGE
03-25 08:57:30.444 D/NetworkPolicy(  380): setNetworkTemplateEnabled(): match rule = 1
03-25 08:57:30.454 D/MobileDataStateTracker(  380): default: setPolicyDataEnable(enabled=true)
03-25 08:57:30.464 D/NetworkPolicy(  380): setNetworkTemplateEnabled(): match rule = 1
03-25 08:57:30.464 D/MobileDataStateTracker(  380): default: setPolicyDataEnable(enabled=true)
03-25 08:57:30.464 D/NetworkPolicy(  380): setNetworkTemplateEnabled(): match rule = 1
03-25 08:57:30.464 D/MobileDataStateTracker(  380): default: setPolicyDataEnable(enabled=true)
03-25 08:57:30.474 D/NetworkPolicy(  380): setNetworkTemplateEnabled(): match rule = 1
03-25 08:57:30.474 D/MobileDataStateTracker(  380): default: setPolicyDataEnable(enabled=true)
03-25 08:57:32.486 I/ActivityManager(  380): START {act=android.intent.action.MANAGE_PACKAGE_STORAGE flg=0x10000000 cmp=com.android.settings/.Settings$StorageUseActivity bnds=[0,237][720,365] (has extras) u=0} from pid -1
03-25 08:57:32.526 D/ConnectivityService(  380): getMobileDataEnabled returning false
03-25 08:57:32.827 D/ConnectivityService(  380): getMobileDataEnabled returning false
03-25 08:57:32.857 D/PhoneStatusBar(  465): disable: < expand icons alerts ticker* system_info BACK* HOME* RECENT CLOCK* >
03-25 08:57:32.927 I/ActivityManager(  380): Start proc com.android.defcontainer for service com.android.defcontainer/.DefaultContainerService: pid=3143 uid=10013 gids={1015, 2001, 1028}
03-25 08:57:33.237 D/ConnectivityService(  380): sendStickyBroadcast: action=android.net.conn.CONNECTIVITY_CHANGE
03-25 08:57:33.392 D/ConnectivityService(  380): sendStickyBroadcast: action=android.net.conn.CONNECTIVITY_CHANGE
03-25 08:57:33.392 D/StatusBar.NetworkControllerDS(  465): updateConnectivity: intent=Intent { act=android.net.conn.CONNECTIVITY_CHANGE flg=0x8000010 (has extras) }
