03-25 10:05:30.128 W/MountService(  380): getVolumeState(/storage/sdcard1): Unknown volume
03-25 10:05:30.128 W/MountService(  380): getVolumeState(/mnt/sdcard/external_SD): Unknown volume
03-25 10:05:30.128 W/MountService(  380): getVolumeState(/mnt/sdcard/external_sd): Unknown volume
03-25 10:05:30.458 W/MountService(  380): getVolumeState(/storage/sdcard0/external_sd): Unknown volume
03-25 10:05:30.458 W/MountService(  380): getVolumeState(/mnt/sdcard-ext): Unknown volume
03-25 10:05:30.458 W/MountService(  380): getVolumeState(/mnt/ext_sdcard): Unknown volume
03-25 10:05:30.458 W/MountService(  380): getVolumeState(/mnt/sdcard2): Unknown volume
03-25 10:05:30.458 W/MountService(  380): getVolumeState(/mnt/emmc): Unknown volume
03-25 10:05:30.458 W/MountService(  380): getVolumeState(/mnt/extSdCard): Unknown volume
03-25 10:05:30.458 W/MountService(  380): getVolumeState(/mnt/sdcard/SD_CARD): Unknown volume
03-25 10:05:30.458 W/MountService(  380): getVolumeState(/mnt/sdcard/extra_sd): Unknown volume
03-25 10:05:30.458 W/MountService(  380): getVolumeState(/mnt/extrasd_bind): Unknown volume
03-25 10:05:30.458 W/MountService(  380): getVolumeState(/mnt/sdcard/ext_sd): Unknown volume
03-25 10:05:30.458 W/MountService(  380): getVolumeState(/storage/extSdCard): Unknown volume
03-25 10:05:30.468 W/MountService(  380): getVolumeState(/storage/sdcard1): Unknown volume
03-25 10:05:30.468 W/MountService(  380): getVolumeState(/mnt/sdcard/external_SD): Unknown volume
03-25 10:05:30.468 W/MountService(  380): getVolumeState(/mnt/sdcard/external_sd): Unknown volume
03-25 10:06:30.127 W/MountService(  380): getVolumeState(/storage/sdcard0/external_sd): Unknown volume
03-25 10:06:30.127 W/MountService(  380): getVolumeState(/mnt/sdcard-ext): Unknown volume
03-25 10:06:30.127 W/MountService(  380): getVolumeState(/mnt/ext_sdcard): Unknown volume
03-25 10:06:30.127 W/MountService(  380): getVolumeState(/mnt/sdcard2): Unknown volume
03-25 10:06:30.127 W/MountService(  380): getVolumeState(/mnt/emmc): Unknown volume
03-25 10:06:30.127 W/MountService(  380): getVolumeState(/mnt/extSdCard): Unknown volume
03-25 10:06:30.127 W/MountService(  380): getVolumeState(/mnt/sdcard/SD_CARD): Unknown volume
03-25 10:06:30.127 W/MountService(  380): getVolumeState(/mnt/sdcard/extra_sd): Unknown volume
03-25 10:06:30.127 W/MountService(  380): getVolumeState(/mnt/extrasd_bind): Unknown volume
03-25 10:06:30.127 W/MountService(  380): getVolumeState(/mnt/sdcard/ext_sd): Unknown volume
03-25 10:06:30.127 W/MountService(  380): getVolumeState(/storage/extSdCard): Unknown volume
03-25 10:06:30.127 W/MountService(  380): getVolumeState(/storage/sdcard1): Unknown volume
03-25 10:06:30.127 W/MountService(  380): getVolumeState(/mnt/sdcard/external_SD): Unknown volume
03-25 10:06:30.137 W/MountService(  380): getVolumeState(/mnt/sdcard/external_sd): Unknown volume
03-25 10:06:30.467 W/MountService(  380): getVolumeState(/storage/sdcard0/external_sd): Unknown volume
03-25 10:06:30.467 W/MountService(  380): getVolumeState(/mnt/sdcard-ext): Unknown volume
03-25 10:06:30.467 W/MountService(  380): getVolumeState(/mnt/ext_sdcard): Unknown volume
03-25 10:06:30.467 W/MountService(  380): getVolumeState(/mnt/sdcard2): Unknown volume
03-25 10:06:30.467 W/MountService(  380): getVolumeState(/mnt/emmc): Unknown volume
03-25 10:06:30.467 W/MountService(  380): getVolumeState(/mnt/extSdCard): Unknown volume
03-25 10:06:30.467 W/MountService(  380): getVolumeState(/mnt/sdcard/SD_CARD): Unknown volume
03-25 10:06:30.467 W/MountService(  380): getVolumeState(/mnt/sdcard/extra_sd): Unknown volume
03-25 10:06:30.467 W/MountService(  380): getVolumeState(/mnt/extrasd_bind): Unknown volume
03-25 10:06:30.467 W/MountService(  380): getVolumeState(/mnt/sdcard/ext_sd): Unknown volume
03-25 10:06:30.467 W/MountService(  380): getVolumeState(/storage/extSdCard): Unknown volume
03-25 10:06:30.467 W/MountService(  380): getVolumeState(/storage/sdcard1): Unknown volume
03-25 10:06:30.477 W/MountService(  380): getVolumeState(/mnt/sdcard/external_SD): Unknown volume
03-25 10:06:30.477 W/MountService(  380): getVolumeState(/mnt/sdcard/external_sd): Unknown volume
03-25 10:07:30.145 W/MountService(  380): getVolumeState(/storage/sdcard0/external_sd): Unknown volume
03-25 10:07:30.145 W/MountService(  380): getVolumeState(/mnt/sdcard-ext): Unknown volume
03-25 10:07:30.145 W/MountService(  380): getVolumeState(/mnt/ext_sdcard): Unknown volume
03-25 10:07:30.145 W/MountService(  380): getVolumeState(/mnt/sdcard2): Unknown volume
03-25 10:07:30.145 W/MountService(  380): getVolumeState(/mnt/emmc): Unknown volume
03-25 10:07:30.145 W/MountService(  380): getVolumeState(/mnt/extSdCard): Unknown volume
03-25 10:07:30.145 W/MountService(  380): getVolumeState(/mnt/sdcard/SD_CARD): Unknown volume
03-25 10:07:30.145 W/MountService(  380): getVolumeState(/mnt/sdcard/extra_sd): Unknown volume
03-25 10:07:30.145 W/MountService(  380): getVolumeState(/mnt/extrasd_bind): Unknown volume
03-25 10:07:30.145 W/MountService(  380): getVolumeState(/mnt/sdcard/ext_sd): Unknown volume
03-25 10:07:30.145 W/MountService(  380): getVolumeState(/storage/extSdCard): Unknown volume
03-25 10:07:30.145 W/MountService(  380): getVolumeState(/storage/sdcard1): Unknown volume
03-25 10:07:30.145 W/MountService(  380): getVolumeState(/mnt/sdcard/external_SD): Unknown volume
03-25 10:07:30.145 W/MountService(  380): getVolumeState(/mnt/sdcard/external_sd): Unknown volume
03-25 10:07:30.485 W/MountService(  380): getVolumeState(/storage/sdcard0/external_sd): Unknown volume
03-25 10:07:30.485 W/MountService(  380): getVolumeState(/mnt/sdcard-ext): Unknown volume
03-25 10:07:30.485 W/MountService(  380): getVolumeState(/mnt/ext_sdcard): Unknown volume
03-25 10:07:30.495 W/MountService(  380): getVolumeState(/mnt/sdcard2): Unknown volume
03-25 10:07:30.495 W/MountService(  380): getVolumeState(/mnt/emmc): Unknown volume
03-25 10:07:30.495 W/MountService(  380): getVolumeState(/mnt/extSdCard): Unknown volume
03-25 10:07:30.495 W/MountService(  380): getVolumeState(/mnt/sdcard/SD_CARD): Unknown volume
03-25 10:07:30.495 W/MountService(  380): getVolumeState(/mnt/sdcard/extra_sd): Unknown volume
03-25 10:07:30.495 W/MountService(  380): getVolumeState(/mnt/extrasd_bind): Unknown volume
03-25 10:07:30.495 W/MountService(  380): getVolumeState(/mnt/sdcard/ext_sd): Unknown volume
03-25 10:07:30.495 W/MountService(  380): getVolumeState(/storage/extSdCard): Unknown volume
03-25 10:07:30.495 W/MountService(  380): getVolumeState(/storage/sdcard1): Unknown volume
03-25 10:07:30.495 W/MountService(  380): getVolumeState(/mnt/sdcard/external_SD): Unknown volume
03-25 10:07:30.495 W/MountService(  380): getVolumeState(/mnt/sdcard/external_sd): Unknown volume
03-25 10:07:37.082 W/ThrottleService(  380): unable to find stats for iface rmnet0
03-25 10:08:24.828 D/BatteryService(  380): mAcOnlinefalsemUsbOnline:truemBatteryStatus 2
03-25 10:08:24.828 D/BatteryService(  380): mBatteryLevel94isPowered():trueActivityManagerNative.isSystemReady():true
03-25 10:08:24.828 D/BatteryService(  380): mAcOnlinefalsemUsbOnline:truemBatteryStatus 2
03-25 10:08:24.839 D/ActivityManager(  380): mBatteryStatusReceiver, action=android.intent.action.BATTERY_CHANGED
03-25 10:08:24.839 D/ActivityManager(  380): mBatteryStatusReceiver, plugged=2, mBatteryStatusPlugged=2, fakeShutdownMode=false
03-25 10:08:30.184 W/MountService(  380): getVolumeState(/storage/sdcard0/external_sd): Unknown volume
03-25 10:08:30.184 W/MountService(  380): getVolumeState(/mnt/sdcard-ext): Unknown volume
03-25 10:08:30.184 W/MountService(  380): getVolumeState(/mnt/ext_sdcard): Unknown volume
03-25 10:08:30.184 W/MountService(  380): getVolumeState(/mnt/sdcard2): Unknown volume
03-25 10:08:30.184 W/MountService(  380): getVolumeState(/mnt/emmc): Unknown volume
03-25 10:08:30.184 W/MountService(  380): getVolumeState(/mnt/extSdCard): Unknown volume
03-25 10:08:30.184 W/MountService(  380): getVolumeState(/mnt/sdcard/SD_CARD): Unknown volume
03-25 10:08:30.184 W/MountService(  380): getVolumeState(/mnt/sdcard/extra_sd): Unknown volume
03-25 10:08:30.184 W/MountService(  380): getVolumeState(/mnt/extrasd_bind): Unknown volume
03-25 10:08:30.184 W/MountService(  380): getVolumeState(/mnt/sdcard/ext_sd): Unknown volume
03-25 10:08:30.184 W/MountService(  380): getVolumeState(/storage/extSdCard): Unknown volume
03-25 10:08:30.184 W/MountService(  380): getVolumeState(/storage/sdcard1): Unknown volume
03-25 10:08:30.184 W/MountService(  380): getVolumeState(/mnt/sdcard/external_SD): Unknown volume
03-25 10:08:30.194 W/MountService(  380): getVolumeState(/mnt/sdcard/external_sd): Unknown volume
03-25 10:08:30.534 W/MountService(  380): getVolumeState(/storage/sdcard0/external_sd): Unknown volume
03-25 10:08:30.534 W/MountService(  380): getVolumeState(/mnt/sdcard-ext): Unknown volume
03-25 10:08:30.534 W/MountService(  380): getVolumeState(/mnt/ext_sdcard): Unknown volume
03-25 10:08:30.534 W/MountService(  380): getVolumeState(/mnt/sdcard2): Unknown volume
03-25 10:08:30.534 W/MountService(  380): getVolumeState(/mnt/emmc): Unknown volume
03-25 10:08:30.534 W/MountService(  380): getVolumeState(/mnt/extSdCard): Unknown volume
03-25 10:08:30.534 W/MountService(  380): getVolumeState(/mnt/sdcard/SD_CARD): Unknown volume
03-25 10:08:30.534 W/MountService(  380): getVolumeState(/mnt/sdcard/extra_sd): Unknown volume
03-25 10:08:30.534 W/MountService(  380): getVolumeState(/mnt/extrasd_bind): Unknown volume
03-25 10:08:30.534 W/MountService(  380): getVolumeState(/mnt/sdcard/ext_sd): Unknown volume
03-25 10:08:30.534 W/MountService(  380): getVolumeState(/storage/extSdCard): Unknown volume
03-25 10:08:30.534 W/MountService(  380): getVolumeState(/storage/sdcard1): Unknown volume
03-25 10:08:30.534 W/MountService(  380): getVolumeState(/mnt/sdcard/external_SD): Unknown volume
03-25 10:08:30.534 W/MountService(  380): getVolumeState(/mnt/sdcard/external_sd): Unknown volume
03-25 10:09:30.162 W/MountService(  380): getVolumeState(/storage/sdcard0/external_sd): Unknown volume
03-25 10:09:30.162 W/MountService(  380): getVolumeState(/mnt/sdcard-ext): Unknown volume
03-25 10:09:30.172 W/MountService(  380): getVolumeState(/mnt/ext_sdcard): Unknown volume
03-25 10:09:30.172 W/MountService(  380): getVolumeState(/mnt/sdcard2): Unknown volume
03-25 10:09:30.172 W/MountService(  380): getVolumeState(/mnt/emmc): Unknown volume
03-25 10:09:30.172 W/MountService(  380): getVolumeState(/mnt/extSdCard): Unknown volume
03-25 10:09:30.172 W/MountService(  380): getVolumeState(/mnt/sdcard/SD_CARD): Unknown volume
03-25 10:09:30.172 W/MountService(  380): getVolumeState(/mnt/sdcard/extra_sd): Unknown volume
03-25 10:09:30.172 W/MountService(  380): getVolumeState(/mnt/extrasd_bind): Unknown volume
03-25 10:09:30.172 W/MountService(  380): getVolumeState(/mnt/sdcard/ext_sd): Unknown volume
03-25 10:09:30.172 W/MountService(  380): getVolumeState(/storage/extSdCard): Unknown volume
03-25 10:09:30.172 W/MountService(  380): getVolumeState(/storage/sdcard1): Unknown volume
03-25 10:09:30.172 W/MountService(  380): getVolumeState(/mnt/sdcard/external_SD): Unknown volume
03-25 10:09:30.172 W/MountService(  380): getVolumeState(/mnt/sdcard/external_sd): Unknown volume
03-25 10:09:30.523 W/MountService(  380): getVolumeState(/storage/sdcard0/external_sd): Unknown volume
03-25 10:09:30.523 W/MountService(  380): getVolumeState(/mnt/sdcard-ext): Unknown volume
03-25 10:09:30.523 W/MountService(  380): getVolumeState(/mnt/ext_sdcard): Unknown volume
03-25 10:09:30.523 W/MountService(  380): getVolumeState(/mnt/sdcard2): Unknown volume
03-25 10:09:30.523 W/MountService(  380): getVolumeState(/mnt/emmc): Unknown volume
03-25 10:09:30.523 W/MountService(  380): getVolumeState(/mnt/extSdCard): Unknown volume
03-25 10:09:30.523 W/MountService(  380): getVolumeState(/mnt/sdcard/SD_CARD): Unknown volume
03-25 10:09:30.523 W/MountService(  380): getVolumeState(/mnt/sdcard/extra_sd): Unknown volume
03-25 10:09:30.523 W/MountService(  380): getVolumeState(/mnt/extrasd_bind): Unknown volume
03-25 10:09:30.523 W/MountService(  380): getVolumeState(/mnt/sdcard/ext_sd): Unknown volume
03-25 10:09:30.523 W/MountService(  380): getVolumeState(/storage/extSdCard): Unknown volume
03-25 10:09:30.523 W/MountService(  380): getVolumeState(/storage/sdcard1): Unknown volume
03-25 10:09:30.523 W/MountService(  380): getVolumeState(/mnt/sdcard/external_SD): Unknown volume
03-25 10:09:30.523 W/MountService(  380): getVolumeState(/mnt/sdcard/external_sd): Unknown volume
03-25 10:10:32.473 W/MountService(  380): getVolumeState(/storage/sdcard0/external_sd): Unknown volume
03-25 10:10:32.473 W/MountService(  380): getVolumeState(/mnt/sdcard-ext): Unknown volume
03-25 10:10:32.473 W/MountService(  380): getVolumeState(/mnt/ext_sdcard): Unknown volume
03-25 10:10:32.473 W/MountService(  380): getVolumeState(/mnt/sdcard2): Unknown volume
03-25 10:10:32.473 W/MountService(  380): getVolumeState(/mnt/emmc): Unknown volume
03-25 10:10:32.473 W/MountService(  380): getVolumeState(/mnt/extSdCard): Unknown volume
03-25 10:10:32.473 W/MountService(  380): getVolumeState(/mnt/sdcard/SD_CARD): Unknown volume
03-25 10:10:32.473 W/MountService(  380): getVolumeState(/mnt/sdcard/extra_sd): Unknown volume
03-25 10:10:32.473 W/MountService(  380): getVolumeState(/mnt/extrasd_bind): Unknown volume
03-25 10:10:32.483 W/MountService(  380): getVolumeState(/mnt/sdcard/ext_sd): Unknown volume
03-25 10:10:32.483 W/MountService(  380): getVolumeState(/storage/extSdCard): Unknown volume
03-25 10:10:32.483 W/MountService(  380): getVolumeState(/storage/sdcard1): Unknown volume
03-25 10:10:32.483 W/MountService(  380): getVolumeState(/mnt/sdcard/external_SD): Unknown volume
03-25 10:10:32.483 W/MountService(  380): getVolumeState(/mnt/sdcard/external_sd): Unknown volume
03-25 10:10:42.403 W/MountService(  380): getVolumeState(/storage/sdcard0/external_sd): Unknown volume
03-25 10:10:42.403 W/MountService(  380): getVolumeState(/mnt/sdcard-ext): Unknown volume
03-25 10:10:42.403 W/MountService(  380): getVolumeState(/mnt/ext_sdcard): Unknown volume
03-25 10:10:42.403 W/MountService(  380): getVolumeState(/mnt/sdcard2): Unknown volume
03-25 10:10:42.403 W/MountService(  380): getVolumeState(/mnt/emmc): Unknown volume
03-25 10:10:42.403 W/MountService(  380): getVolumeState(/mnt/extSdCard): Unknown volume
03-25 10:10:42.433 W/MountService(  380): getVolumeState(/mnt/sdcard/SD_CARD): Unknown volume
03-25 10:10:42.433 W/MountService(  380): getVolumeState(/mnt/sdcard/extra_sd): Unknown volume
03-25 10:10:42.433 W/MountService(  380): getVolumeState(/mnt/extrasd_bind): Unknown volume
03-25 10:10:42.433 W/MountService(  380): getVolumeState(/mnt/sdcard/ext_sd): Unknown volume
03-25 10:10:42.433 W/MountService(  380): getVolumeState(/storage/extSdCard): Unknown volume
03-25 10:10:42.433 W/MountService(  380): getVolumeState(/storage/sdcard1): Unknown volume
03-25 10:10:42.433 W/MountService(  380): getVolumeState(/mnt/sdcard/external_SD): Unknown volume
03-25 10:10:42.433 W/MountService(  380): getVolumeState(/mnt/sdcard/external_sd): Unknown volume
03-25 10:10:51.351 D/PhoneStatusBar(  465): addNotification score=0
03-25 10:11:30.139 W/MountService(  380): getVolumeState(/storage/sdcard0/external_sd): Unknown volume
03-25 10:11:30.139 W/MountService(  380): getVolumeState(/mnt/sdcard-ext): Unknown volume
03-25 10:11:30.139 W/MountService(  380): getVolumeState(/mnt/ext_sdcard): Unknown volume
03-25 10:11:30.139 W/MountService(  380): getVolumeState(/mnt/sdcard2): Unknown volume
03-25 10:11:30.139 W/MountService(  380): getVolumeState(/mnt/emmc): Unknown volume
03-25 10:11:30.139 W/MountService(  380): getVolumeState(/mnt/extSdCard): Unknown volume
03-25 10:11:30.139 W/MountService(  380): getVolumeState(/mnt/sdcard/SD_CARD): Unknown volume
03-25 10:11:30.139 W/MountService(  380): getVolumeState(/mnt/sdcard/extra_sd): Unknown volume
03-25 10:11:30.139 W/MountService(  380): getVolumeState(/mnt/extrasd_bind): Unknown volume
03-25 10:11:30.139 W/MountService(  380): getVolumeState(/mnt/sdcard/ext_sd): Unknown volume
03-25 10:11:30.139 W/MountService(  380): getVolumeState(/storage/extSdCard): Unknown volume
03-25 10:11:30.139 W/MountService(  380): getVolumeState(/storage/sdcard1): Unknown volume
03-25 10:11:30.139 W/MountService(  380): getVolumeState(/mnt/sdcard/external_SD): Unknown volume
03-25 10:11:30.139 W/MountService(  380): getVolumeState(/mnt/sdcard/external_sd): Unknown volume
03-25 10:11:30.460 W/MountService(  380): getVolumeState(/storage/sdcard0/external_sd): Unknown volume
03-25 10:11:30.460 W/MountService(  380): getVolumeState(/mnt/sdcard-ext): Unknown volume
03-25 10:11:30.460 W/MountService(  380): getVolumeState(/mnt/ext_sdcard): Unknown volume
03-25 10:11:30.460 W/MountService(  380): getVolumeState(/mnt/sdcard2): Unknown volume
03-25 10:11:30.460 W/MountService(  380): getVolumeState(/mnt/emmc): Unknown volume
03-25 10:11:30.460 W/MountService(  380): getVolumeState(/mnt/extSdCard): Unknown volume
03-25 10:11:30.460 W/MountService(  380): getVolumeState(/mnt/sdcard/SD_CARD): Unknown volume
03-25 10:11:30.460 W/MountService(  380): getVolumeState(/mnt/sdcard/extra_sd): Unknown volume
03-25 10:11:30.460 W/MountService(  380): getVolumeState(/mnt/extrasd_bind): Unknown volume
03-25 10:11:30.460 W/MountService(  380): getVolumeState(/mnt/sdcard/ext_sd): Unknown volume
03-25 10:11:30.460 W/MountService(  380): getVolumeState(/storage/extSdCard): Unknown volume
03-25 10:11:30.460 W/MountService(  380): getVolumeState(/storage/sdcard1): Unknown volume
03-25 10:11:30.460 W/MountService(  380): getVolumeState(/mnt/sdcard/external_SD): Unknown volume
03-25 10:11:30.460 W/MountService(  380): getVolumeState(/mnt/sdcard/external_sd): Unknown volume
03-25 10:12:30.178 W/MountService(  380): getVolumeState(/storage/sdcard0/external_sd): Unknown volume
03-25 10:12:30.178 W/MountService(  380): getVolumeState(/mnt/sdcard-ext): Unknown volume
03-25 10:12:30.178 W/MountService(  380): getVolumeState(/mnt/ext_sdcard): Unknown volume
03-25 10:12:30.178 W/MountService(  380): getVolumeState(/mnt/sdcard2): Unknown volume
03-25 10:12:30.178 W/MountService(  380): getVolumeState(/mnt/emmc): Unknown volume
03-25 10:12:30.178 W/MountService(  380): getVolumeState(/mnt/extSdCard): Unknown volume
03-25 10:12:30.178 W/MountService(  380): getVolumeState(/mnt/sdcard/SD_CARD): Unknown volume
03-25 10:12:30.178 W/MountService(  380): getVolumeState(/mnt/sdcard/extra_sd): Unknown volume
03-25 10:12:30.178 W/MountService(  380): getVolumeState(/mnt/extrasd_bind): Unknown volume
03-25 10:12:30.178 W/MountService(  380): getVolumeState(/mnt/sdcard/ext_sd): Unknown volume
03-25 10:12:30.178 W/MountService(  380): getVolumeState(/storage/extSdCard): Unknown volume
03-25 10:12:30.188 W/MountService(  380): getVolumeState(/storage/sdcard1): Unknown volume
03-25 10:12:30.188 W/MountService(  380): getVolumeState(/mnt/sdcard/external_SD): Unknown volume
03-25 10:12:30.188 W/MountService(  380): getVolumeState(/mnt/sdcard/external_sd): Unknown volume
03-25 10:12:30.498 W/MountService(  380): getVolumeState(/storage/sdcard0/external_sd): Unknown volume
03-25 10:12:30.498 W/MountService(  380): getVolumeState(/mnt/sdcard-ext): Unknown volume
03-25 10:12:30.498 W/MountService(  380): getVolumeState(/mnt/ext_sdcard): Unknown volume
03-25 10:12:30.498 W/MountService(  380): getVolumeState(/mnt/sdcard2): Unknown volume
03-25 10:12:30.498 W/MountService(  380): getVolumeState(/mnt/emmc): Unknown volume
03-25 10:12:30.498 W/MountService(  380): getVolumeState(/mnt/extSdCard): Unknown volume
03-25 10:12:30.498 W/MountService(  380): getVolumeState(/mnt/sdcard/SD_CARD): Unknown volume
03-25 10:12:30.498 W/MountService(  380): getVolumeState(/mnt/sdcard/extra_sd): Unknown volume
03-25 10:12:30.498 W/MountService(  380): getVolumeState(/mnt/extrasd_bind): Unknown volume
03-25 10:12:30.498 W/MountService(  380): getVolumeState(/mnt/sdcard/ext_sd): Unknown volume
03-25 10:12:30.498 W/MountService(  380): getVolumeState(/storage/extSdCard): Unknown volume
03-25 10:12:30.498 W/MountService(  380): getVolumeState(/storage/sdcard1): Unknown volume
03-25 10:12:30.498 W/MountService(  380): getVolumeState(/mnt/sdcard/external_SD): Unknown volume
03-25 10:12:30.498 W/MountService(  380): getVolumeState(/mnt/sdcard/external_sd): Unknown volume
03-25 10:13:31.077 W/MountService(  380): getVolumeState(/storage/sdcard0/external_sd): Unknown volume
03-25 10:13:31.077 W/MountService(  380): getVolumeState(/mnt/sdcard-ext): Unknown volume
03-25 10:13:31.077 W/MountService(  380): getVolumeState(/mnt/ext_sdcard): Unknown volume
03-25 10:13:31.077 W/MountService(  380): getVolumeState(/mnt/sdcard2): Unknown volume
03-25 10:13:31.077 W/MountService(  380): getVolumeState(/mnt/emmc): Unknown volume
03-25 10:13:31.077 W/MountService(  380): getVolumeState(/mnt/extSdCard): Unknown volume
03-25 10:13:31.077 W/MountService(  380): getVolumeState(/mnt/sdcard/SD_CARD): Unknown volume
03-25 10:13:31.077 W/MountService(  380): getVolumeState(/mnt/sdcard/extra_sd): Unknown volume
03-25 10:13:31.077 W/MountService(  380): getVolumeState(/mnt/extrasd_bind): Unknown volume
03-25 10:13:31.077 W/MountService(  380): getVolumeState(/mnt/sdcard/ext_sd): Unknown volume
03-25 10:13:31.077 W/MountService(  380): getVolumeState(/storage/extSdCard): Unknown volume
03-25 10:13:31.077 W/MountService(  380): getVolumeState(/storage/sdcard1): Unknown volume
03-25 10:13:31.077 W/MountService(  380): getVolumeState(/mnt/sdcard/external_SD): Unknown volume
03-25 10:13:31.077 W/MountService(  380): getVolumeState(/mnt/sdcard/external_sd): Unknown volume
03-25 10:13:38.444 W/MountService(  380): getVolumeState(/storage/sdcard0/external_sd): Unknown volume
03-25 10:13:38.444 W/MountService(  380): getVolumeState(/mnt/sdcard-ext): Unknown volume
03-25 10:13:38.444 W/MountService(  380): getVolumeState(/mnt/ext_sdcard): Unknown volume
03-25 10:13:38.444 W/MountService(  380): getVolumeState(/mnt/sdcard2): Unknown volume
03-25 10:13:38.444 W/MountService(  380): getVolumeState(/mnt/emmc): Unknown volume
03-25 10:13:38.444 W/MountService(  380): getVolumeState(/mnt/extSdCard): Unknown volume
03-25 10:13:38.444 W/MountService(  380): getVolumeState(/mnt/sdcard/SD_CARD): Unknown volume
03-25 10:13:38.444 W/MountService(  380): getVolumeState(/mnt/sdcard/extra_sd): Unknown volume
03-25 10:13:38.444 W/MountService(  380): getVolumeState(/mnt/extrasd_bind): Unknown volume
03-25 10:13:38.444 W/MountService(  380): getVolumeState(/mnt/sdcard/ext_sd): Unknown volume
03-25 10:13:38.444 W/MountService(  380): getVolumeState(/storage/extSdCard): Unknown volume
03-25 10:13:38.444 W/MountService(  380): getVolumeState(/storage/sdcard1): Unknown volume
03-25 10:13:38.444 W/MountService(  380): getVolumeState(/mnt/sdcard/external_SD): Unknown volume
03-25 10:13:38.444 W/MountService(  380): getVolumeState(/mnt/sdcard/external_sd): Unknown volume
03-25 10:14:30.225 W/MountService(  380): getVolumeState(/storage/sdcard0/external_sd): Unknown volume
03-25 10:14:30.225 W/MountService(  380): getVolumeState(/mnt/sdcard-ext): Unknown volume
03-25 10:14:30.225 W/MountService(  380): getVolumeState(/mnt/ext_sdcard): Unknown volume
03-25 10:14:30.225 W/MountService(  380): getVolumeState(/mnt/sdcard2): Unknown volume
03-25 10:14:30.225 W/MountService(  380): getVolumeState(/mnt/emmc): Unknown volume
03-25 10:14:30.225 W/MountService(  380): getVolumeState(/mnt/extSdCard): Unknown volume
03-25 10:14:30.225 W/MountService(  380): getVolumeState(/mnt/sdcard/SD_CARD): Unknown volume
03-25 10:14:30.235 W/MountService(  380): getVolumeState(/mnt/sdcard/extra_sd): Unknown volume
03-25 10:14:30.235 W/MountService(  380): getVolumeState(/mnt/extrasd_bind): Unknown volume
03-25 10:14:30.235 W/MountService(  380): getVolumeState(/mnt/sdcard/ext_sd): Unknown volume
03-25 10:14:30.235 W/MountService(  380): getVolumeState(/storage/extSdCard): Unknown volume
03-25 10:14:30.235 W/MountService(  380): getVolumeState(/storage/sdcard1): Unknown volume
03-25 10:14:30.235 W/MountService(  380): getVolumeState(/mnt/sdcard/external_SD): Unknown volume
03-25 10:14:30.235 W/MountService(  380): getVolumeState(/mnt/sdcard/external_sd): Unknown volume
03-25 10:14:30.585 W/MountService(  380): getVolumeState(/storage/sdcard0/external_sd): Unknown volume
03-25 10:14:30.585 W/MountService(  380): getVolumeState(/mnt/sdcard-ext): Unknown volume
03-25 10:14:30.585 W/MountService(  380): getVolumeState(/mnt/ext_sdcard): Unknown volume
03-25 10:14:30.585 W/MountService(  380): getVolumeState(/mnt/sdcard2): Unknown volume
03-25 10:14:30.585 W/MountService(  380): getVolumeState(/mnt/emmc): Unknown volume
03-25 10:14:30.585 W/MountService(  380): getVolumeState(/mnt/extSdCard): Unknown volume
03-25 10:14:30.585 W/MountService(  380): getVolumeState(/mnt/sdcard/SD_CARD): Unknown volume
03-25 10:14:30.585 W/MountService(  380): getVolumeState(/mnt/sdcard/extra_sd): Unknown volume
03-25 10:14:30.585 W/MountService(  380): getVolumeState(/mnt/extrasd_bind): Unknown volume
03-25 10:14:30.585 W/MountService(  380): getVolumeState(/mnt/sdcard/ext_sd): Unknown volume
03-25 10:14:30.585 W/MountService(  380): getVolumeState(/storage/extSdCard): Unknown volume
03-25 10:14:30.585 W/MountService(  380): getVolumeState(/storage/sdcard1): Unknown volume
03-25 10:14:30.585 W/MountService(  380): getVolumeState(/mnt/sdcard/external_SD): Unknown volume
03-25 10:14:30.585 W/MountService(  380): getVolumeState(/mnt/sdcard/external_sd): Unknown volume
03-25 10:15:13.157 D/BatteryService(  380): mAcOnlinefalsemUsbOnline:truemBatteryStatus 2
03-25 10:15:13.157 D/BatteryService(  380): mBatteryLevel94isPowered():trueActivityManagerNative.isSystemReady():true
03-25 10:15:13.167 D/BatteryService(  380): mAcOnlinefalsemUsbOnline:truemBatteryStatus 2
03-25 10:15:13.167 D/ActivityManager(  380): mBatteryStatusReceiver, action=android.intent.action.BATTERY_CHANGED
03-25 10:15:13.167 D/ActivityManager(  380): mBatteryStatusReceiver, plugged=2, mBatteryStatusPlugged=2, fakeShutdownMode=false
03-25 10:15:13.277 D/BatteryService(  380): mAcOnlinefalsemUsbOnline:falsemBatteryStatus 3
03-25 10:15:13.277 D/BatteryService(  380): mBatteryLevel94isPowered():falseActivityManagerNative.isSystemReady():true
03-25 10:15:13.277 D/BatteryService(  380): mAcOnlinefalsemUsbOnline:falsemBatteryStatus 3
03-25 10:15:13.277 D/ActivityManager(  380): mBatteryStatusReceiver, action=android.intent.action.BATTERY_CHANGED
03-25 10:15:13.277 D/ActivityManager(  380): mBatteryStatusReceiver, plugged=0, mBatteryStatusPlugged=2, fakeShutdownMode=false
03-25 10:15:13.287 D/BatteryService(  380): mAcOnlinefalsemUsbOnline:falsemBatteryStatus 3
03-25 10:15:13.287 D/BatteryService(  380): mBatteryLevel94isPowered():falseActivityManagerNative.isSystemReady():true
03-25 10:15:13.287 D/BatteryService(  380): mAcOnlinefalsemUsbOnline:falsemBatteryStatus 3
03-25 10:15:13.287 D/ActivityManager(  380): mBatteryStatusReceiver, action=android.intent.action.BATTERY_CHANGED
03-25 10:15:13.287 D/ActivityManager(  380): mBatteryStatusReceiver, plugged=0, mBatteryStatusPlugged=0, fakeShutdownMode=false
03-25 10:15:14.318 I/ActivityManager(  380): No longer want com.android.musicfx (pid 3320): hidden #16
03-25 10:15:40.824 D/NetworkPolicy(  380): setNetworkTemplateEnabled(): match rule = 1
03-25 10:15:40.834 D/MobileDataStateTracker(  380): default: setPolicyDataEnable(enabled=true)
03-25 10:15:49.102 W/InputMethodManagerService(  380): Window already focused, ignoring focus gain of: com.android.internal.view.IInputMethodClient$Stub$Proxy@424d6eb0 attribute=android.view.inputmethod.EditorInfo@42decca0
03-25 10:15:49.833 D/ConnectivityService(  380): ConnectivityChange for WIFI: DISCONNECTED/DISCONNECTED
03-25 10:15:49.833 D/ConnectivityService(  380): Attempting to switch to mobile
03-25 10:15:49.833 D/ConnectivityService(  380): Attempting to switch to BLUETOOTH_TETHER
03-25 10:15:49.833 D/ConnectivityService(  380): Attempting to switch to ETHERNET
03-25 10:15:49.843 D/ConnectivityService(  380): Attempting to switch to mobile2
03-25 10:15:49.843 D/ConnectivityService(  380): handleConnectivityChange: changed linkProperty[1]: doReset=true resetMask=3
03-25 10:15:49.843 D/ConnectivityService(  380):   curLp=InterfaceName: wlan0 LinkAddresses: [192.168.1.104/24,] Routes: [0.0.0.0/0 -> 192.168.1.1,] DnsAddresses: [192.168.1.1,] HttpProxy: [ProxyProperties.mHost == null] 
03-25 10:15:49.843 D/ConnectivityService(  380):   newLp= null
03-25 10:15:49.843 D/ConnectivityService(  380): Removing 192.168.1.1/32 -> 0.0.0.0 for interface wlan0
03-25 10:15:49.843 E/ConnectivityService(  380): Exception trying to remove a route: java.lang.IllegalStateException: command '92 interface route remove wlan0 default 192.168.1.1 32 0.0.0.0' failed with '400 92 Failed to remove route from default table (No such process)'
03-25 10:15:49.843 D/ConnectivityService(  380): Removing 0.0.0.0/0 -> 192.168.1.1 for interface wlan0
03-25 10:15:49.853 E/ConnectivityService(  380): Exception trying to remove a route: java.lang.IllegalStateException: command '93 interface route remove wlan0 default 0.0.0.0 0 192.168.1.1' failed with '400 93 Failed to remove route from default table (No such process)'
03-25 10:15:49.853 D/ConnectivityService(  380): resetConnections(wlan0, 3)
03-25 10:15:49.953 D/ConnectivityService(  380): resetting DNS cache for wlan0
03-25 10:15:49.963 D/ConnectivityService(  380): sendStickyBroadcast: action=android.net.conn.CONNECTIVITY_CHANGE_IMMEDIATE
03-25 10:15:49.963 D/NetworkPolicy(  380): setNetworkTemplateEnabled(): match rule = 1
03-25 10:15:49.963 D/ConnectivityService(  380): sendStickyBroadcastDelayed: delayMs=3000, action=android.net.conn.CONNECTIVITY_CHANGE
03-25 10:15:49.963 D/ConnectivityService(  380): ConnectivityChange for WIFI: DISCONNECTED/DISCONNECTED
03-25 10:15:49.973 D/ConnectivityService(  380): Attempting to switch to mobile
03-25 10:15:49.973 D/ConnectivityService(  380): Attempting to switch to BLUETOOTH_TETHER
03-25 10:15:49.973 D/ConnectivityService(  380): Attempting to switch to ETHERNET
03-25 10:15:49.973 D/ConnectivityService(  380): Attempting to switch to mobile2
03-25 10:15:49.973 D/ConnectivityService(  380): handleConnectivityChange: changed linkProperty[1]: doReset=true resetMask=3
03-25 10:15:49.973 D/ConnectivityService(  380):   curLp=null
03-25 10:15:49.973 D/ConnectivityService(  380):   newLp= null
03-25 10:15:49.973 D/ConnectivityService(  380): resetConnections(wlan0, 3)
03-25 10:15:49.973 D/NetworkPolicy(  380): setNetworkTemplateEnabled(): match rule = 1
03-25 10:15:50.053 D/ConnectivityService(  380): reportNetworkCondition(1, 0)
03-25 10:15:50.063 D/ConnectivityService(  380): sendStickyBroadcast: action=android.net.conn.CONNECTIVITY_CHANGE_IMMEDIATE
03-25 10:15:50.063 D/NetworkPolicy(  380): setNetworkTemplateEnabled(): match rule = 1
03-25 10:15:50.063 D/ConnectivityService(  380): sendStickyBroadcastDelayed: delayMs=3000, action=android.net.conn.CONNECTIVITY_CHANGE
03-25 10:15:50.063 D/MobileDataStateTracker(  380): default: setPolicyDataEnable(enabled=true)
03-25 10:15:50.073 D/MobileDataStateTracker(  380): default: setPolicyDataEnable(enabled=true)
03-25 10:15:50.073 D/ConnectivityService(  380): handleInetConditionChange: no active default network - ignore
03-25 10:15:50.073 D/MobileDataStateTracker(  380): default: setPolicyDataEnable(enabled=true)
03-25 10:15:50.083 D/NetworkPolicy(  380): setNetworkTemplateEnabled(): match rule = 1
03-25 10:15:50.083 D/MobileDataStateTracker(  380): default: setPolicyDataEnable(enabled=true)
03-25 10:15:52.155 D/ConnectivityService(  380): ConnectivityChange for WIFI: CONNECTING/OBTAINING_IPADDR
03-25 10:15:52.155 D/ConnectivityService(  380): ConnectivityChange for WIFI: CONNECTING/OBTAINING_IPADDR
03-25 10:15:52.976 D/ConnectivityService(  380): sendStickyBroadcast: action=android.net.conn.CONNECTIVITY_CHANGE
03-25 10:15:52.986 D/StatusBar.NetworkControllerDS(  465): updateConnectivity: intent=Intent { act=android.net.conn.CONNECTIVITY_CHANGE flg=0x8000010 (has extras) }
03-25 10:15:52.986 D/StatusBar.NetworkControllerDS(  465): updateConnectivity: networkInfo=null
03-25 10:15:52.986 D/StatusBar.NetworkControllerDS(  465): updateConnectivity: connectionStatus=0
03-25 10:15:52.986 D/StatusBar.NetworkControllerDS(  465): updateTelephonySignalStrength: !hasService()
03-25 10:15:53.076 D/ConnectivityService(  380): sendStickyBroadcast: action=android.net.conn.CONNECTIVITY_CHANGE
03-25 10:15:53.096 D/StatusBar.NetworkControllerDS(  465): updateConnectivity: intent=Intent { act=android.net.conn.CONNECTIVITY_CHANGE flg=0x8000010 (has extras) }
03-25 10:15:53.096 D/StatusBar.NetworkControllerDS(  465): updateConnectivity: networkInfo=null
03-25 10:15:53.096 D/StatusBar.NetworkControllerDS(  465): updateConnectivity: connectionStatus=0
03-25 10:15:53.096 D/StatusBar.NetworkControllerDS(  465): updateTelephonySignalStrength: !hasService()
03-25 10:15:53.156 I/ActivityManager(  380): Start proc com.hiapk.marketpho for broadcast com.hiapk.marketpho/com.hiapk.marketmob.AppStateReceiver: pid=5200 uid=10025 gids={3003, 1015, 1006, 1007, 1028}
03-25 10:15:53.446 I/ActivityManager(  380): No longer want com.android.quicksearchbox (pid 3338): hidden #16
03-25 10:15:53.616 W/SocketClient(  113): write error (Broken pipe)
03-25 10:15:58.001 I/ActivityManager(  380): Config changed: {1.0 460mcc0mnc zh_CN sw360dp w360dp h620dp nrml long port finger -keyb/v/h -nav/h s.17}
03-25 10:16:05.658 D/ConnectivityService(  380): ConnectivityChange for WIFI: CONNECTED/CONNECTED
03-25 10:16:05.658 D/ConnectivityService(  380): Setting TCP values: [524288,1048576,2097152,262144,524288,1048576] which comes from [net.tcp.buffersize.wifi]
03-25 10:16:05.658 D/ConnectivityService(  380): adding dns 192.168.43.1 for WIFI
03-25 10:16:05.668 D/ConnectivityService(  380): handleConnectivityChange: changed linkProperty[1]: doReset=false resetMask=0
03-25 10:16:05.668 D/ConnectivityService(  380):    curLp=null
03-25 10:16:05.668 D/ConnectivityService(  380):    newLp=InterfaceName: wlan0 LinkAddresses: [192.168.43.252/24,] Routes: [0.0.0.0/0 -> 192.168.43.1,] DnsAddresses: [192.168.43.1,] HttpProxy: [ProxyProperties.mHost == null] 
03-25 10:16:05.668 D/ConnectivityService(  380): Adding 192.168.43.1/32 -> 0.0.0.0 for interface wlan0
03-25 10:16:05.668 D/ConnectivityService(  380): Adding 0.0.0.0/0 -> 192.168.43.1 for interface wlan0
03-25 10:16:05.678 D/ConnectivityService(  380): resetting DNS cache for wlan0
03-25 10:16:05.678 D/ConnectivityService(  380): sendStickyBroadcast: action=android.net.conn.CONNECTIVITY_CHANGE_IMMEDIATE
03-25 10:16:05.678 D/ConnectivityService(  380): sendStickyBroadcastDelayed: delayMs=3000, action=android.net.conn.CONNECTIVITY_CHANGE
03-25 10:16:05.678 D/ConnectivityService(  380): ConnectivityChange for WIFI: CONNECTED/CONNECTED
03-25 10:16:05.678 D/ConnectivityService(  380): Setting TCP values: [524288,1048576,2097152,262144,524288,1048576] which comes from [net.tcp.buffersize.wifi]
03-25 10:16:05.688 D/ConnectivityService(  380): handleConnectivityChange: changed linkProperty[1]: doReset=false resetMask=0
03-25 10:16:05.688 D/ConnectivityService(  380):    curLp=InterfaceName: wlan0 LinkAddresses: [192.168.43.252/24,] Routes: [0.0.0.0/0 -> 192.168.43.1,] DnsAddresses: [192.168.43.1,] HttpProxy: [ProxyProperties.mHost == null] 
03-25 10:16:05.688 D/ConnectivityService(  380):    newLp=InterfaceName: wlan0 LinkAddresses: [192.168.43.252/24,] Routes: [0.0.0.0/0 -> 192.168.43.1,] DnsAddresses: [192.168.43.1,] HttpProxy: [ProxyProperties.mHost == null] 
03-25 10:16:05.688 D/NetworkPolicy(  380): setNetworkTemplateEnabled(): match rule = 1
03-25 10:16:05.688 D/ConnectivityService(  380): handleConnectivityChange: address are the same reset per doReset linkProperty[1]: resetMask=0
03-25 10:16:05.688 D/ConnectivityService(  380): sendStickyBroadcast: action=android.net.conn.CONNECTIVITY_CHANGE_IMMEDIATE
03-25 10:16:05.688 D/ConnectivityService(  380): sendStickyBroadcastDelayed: delayMs=3000, action=android.net.conn.CONNECTIVITY_CHANGE
03-25 10:16:05.688 D/MobileDataStateTracker(  380): default: setPolicyDataEnable(enabled=true)
03-25 10:16:05.698 D/NetworkPolicy(  380): setNetworkTemplateEnabled(): match rule = 1
03-25 10:16:05.698 D/MobileDataStateTracker(  380): default: setPolicyDataEnable(enabled=true)
03-25 10:16:05.698 D/NetworkPolicy(  380): setNetworkTemplateEnabled(): match rule = 1
03-25 10:16:05.708 D/MobileDataStateTracker(  380): default: setPolicyDataEnable(enabled=true)
03-25 10:16:05.718 D/NetworkPolicy(  380): setNetworkTemplateEnabled(): match rule = 1
03-25 10:16:05.718 D/MobileDataStateTracker(  380): default: setPolicyDataEnable(enabled=true)
03-25 10:16:06.649 D/ConnectivityService(  380): NetTransition Wakelock for WifiStateMachine released by timeout
03-25 10:16:08.671 D/ConnectivityService(  380): sendStickyBroadcast: action=android.net.conn.CONNECTIVITY_CHANGE
03-25 10:16:08.681 D/ConnectivityService(  380): sendStickyBroadcast: action=android.net.conn.CONNECTIVITY_CHANGE
03-25 10:16:08.691 D/StatusBar.NetworkControllerDS(  465): updateConnectivity: intent=Intent { act=android.net.conn.CONNECTIVITY_CHANGE flg=0x8000010 (has extras) }
03-25 10:16:08.691 D/StatusBar.NetworkControllerDS(  465): updateConnectivity: networkInfo=NetworkInfo: type: WIFI[], state: CONNECTED/CONNECTED, reason: (unspecified), extra: (none), roaming: false, failover: false, isAvailable: true
03-25 10:16:08.691 D/StatusBar.NetworkControllerDS(  465): updateConnectivity: connectionStatus=0
03-25 10:16:08.691 D/StatusBar.NetworkControllerDS(  465): updateTelephonySignalStrength: !hasService()
03-25 10:16:08.691 D/StatusBar.NetworkControllerDS(  465): updateConnectivity: intent=Intent { act=android.net.conn.CONNECTIVITY_CHANGE flg=0x8000010 (has extras) }
03-25 10:16:08.701 D/StatusBar.NetworkControllerDS(  465): updateConnectivity: networkInfo=NetworkInfo: type: WIFI[], state: CONNECTED/CONNECTED, reason: (unspecified), extra: (none), roaming: false, failover: false, isAvailable: true
03-25 10:16:08.701 D/StatusBar.NetworkControllerDS(  465): updateConnectivity: connectionStatus=0
03-25 10:16:08.701 D/StatusBar.NetworkControllerDS(  465): updateTelephonySignalStrength: !hasService()
03-25 10:16:08.771 D/PhoneStatusBar(  465): addNotification score=0
03-25 10:16:08.891 D/PhoneStatusBar(  465): addNotification score=0
03-25 10:16:09.272 D/ConnectivityService(  380): reportNetworkCondition(1, 100)
03-25 10:16:09.272 D/ConnectivityService(  380): handleInetConditionChange: net=1, condition=100,mActiveDefaultNetwork=1
03-25 10:16:09.272 D/ConnectivityService(  380): handleInetConditionChange: starting a change hold
03-25 10:16:09.772 D/ConnectivityService(  380): handleInetConditionHoldEnd: net=1, condition=100, published condition=0
03-25 10:16:09.772 D/ConnectivityService(  380): sendStickyBroadcast: action=android.net.conn.INET_CONDITION_ACTION
03-25 10:16:09.782 D/StatusBar.NetworkControllerDS(  465): updateConnectivity: intent=Intent { act=android.net.conn.INET_CONDITION_ACTION flg=0x8000010 (has extras) }
03-25 10:16:09.782 D/StatusBar.NetworkControllerDS(  465): updateConnectivity: networkInfo=NetworkInfo: type: WIFI[], state: CONNECTED/CONNECTED, reason: (unspecified), extra: (none), roaming: false, failover: false, isAvailable: true
03-25 10:16:09.782 D/StatusBar.NetworkControllerDS(  465): updateConnectivity: connectionStatus=100
03-25 10:16:09.782 D/StatusBar.NetworkControllerDS(  465): updateTelephonySignalStrength: !hasService()
03-25 10:16:19.552 D/ConnectivityService(  380): getMobileDataEnabled returning false
03-25 10:16:19.632 D/PhoneStatusBar(  465): disable: < expand icons alerts TICKER* system_info back home recent clock >
03-25 10:16:21.413 D/ConnectivityService(  380): getMobileDataEnabled returning false
03-25 10:16:21.433 W/InputMethodManagerService(  380): Window already focused, ignoring focus gain of: com.android.internal.view.IInputMethodClient$Stub$Proxy@42765790 attribute=null
03-25 10:16:21.443 D/PhoneStatusBar(  465): disable: < expand icons alerts ticker* system_info back home recent clock >
03-25 10:17:37.087 W/ThrottleService(  380): unable to find stats for iface rmnet0
03-25 10:17:52.653 D/PhoneStatusBar(  465): disable: < expand icons alerts ticker system_info back home RECENT* clock >
03-25 10:17:52.713 D/PhoneStatusBar(  465): disable: < expand icons alerts ticker system_info BACK* HOME* RECENT CLOCK* >
03-25 10:24:01.032 D/PhoneStatusBar(  465): addNotification score=0
03-25 10:25:16.973 D/PhoneStatusBar(  465): addNotification score=0
03-25 10:27:20.552 D/PhoneStatusBar(  465): addNotification score=0
03-25 10:27:37.088 W/ThrottleService(  380): unable to find stats for iface rmnet0
03-25 10:27:50.271 D/DownloadManager( 3657): cleanupDestination() deleting /storage/sdcard0/update.zip
03-25 10:32:56.082 I/WindowManager(  380): Lock screen displayed!
03-25 10:32:57.683 D/ConnectivityService(  380): getMobileDataEnabled returning false
03-25 10:32:57.763 D/PhoneStatusBar(  465): disable: < expand icons alerts TICKER* system_info back* home* RECENT clock* >
03-25 10:33:02.928 D/ConnectivityService(  380): getMobileDataEnabled returning false
03-25 10:33:02.968 D/PhoneStatusBar(  465): disable: < expand icons alerts ticker* system_info BACK* HOME* RECENT CLOCK* >
03-25 10:33:49.222 D/ConnectivityService(  380): ConnectivityChange for WIFI: DISCONNECTED/DISCONNECTED
03-25 10:33:49.222 D/ConnectivityService(  380): Attempting to switch to mobile
03-25 10:33:49.222 D/ConnectivityService(  380): Attempting to switch to BLUETOOTH_TETHER
03-25 10:33:49.222 D/ConnectivityService(  380): Attempting to switch to ETHERNET
03-25 10:33:49.222 D/ConnectivityService(  380): Attempting to switch to mobile2
03-25 10:33:49.232 D/ConnectivityService(  380): handleConnectivityChange: changed linkProperty[1]: doReset=true resetMask=3
03-25 10:33:49.232 D/ConnectivityService(  380):   curLp=InterfaceName: wlan0 LinkAddresses: [192.168.43.252/24,] Routes: [0.0.0.0/0 -> 192.168.43.1,] DnsAddresses: [192.168.43.1,] HttpProxy: [ProxyProperties.mHost == null] 
03-25 10:33:49.232 D/ConnectivityService(  380):   newLp= null
03-25 10:33:49.232 D/ConnectivityService(  380): Removing 192.168.43.1/32 -> 0.0.0.0 for interface wlan0
03-25 10:33:49.232 E/ConnectivityService(  380): Exception trying to remove a route: java.lang.IllegalStateException: command '107 interface route remove wlan0 default 192.168.43.1 32 0.0.0.0' failed with '400 107 Failed to remove route from default table (No such process)'
03-25 10:33:49.232 D/ConnectivityService(  380): Removing 0.0.0.0/0 -> 192.168.43.1 for interface wlan0
03-25 10:33:49.232 E/ConnectivityService(  380): Exception trying to remove a route: java.lang.IllegalStateException: command '108 interface route remove wlan0 default 0.0.0.0 0 192.168.43.1' failed with '400 108 Failed to remove route from default table (No such process)'
03-25 10:33:49.232 D/ConnectivityService(  380): resetConnections(wlan0, 3)
03-25 10:33:49.312 D/ConnectivityService(  380): resetting DNS cache for wlan0
03-25 10:33:49.312 D/ConnectivityService(  380): sendStickyBroadcast: action=android.net.conn.CONNECTIVITY_CHANGE_IMMEDIATE
03-25 10:33:49.312 D/ConnectivityService(  380): sendStickyBroadcastDelayed: delayMs=3000, action=android.net.conn.CONNECTIVITY_CHANGE
03-25 10:33:49.322 D/NetworkPolicy(  380): setNetworkTemplateEnabled(): match rule = 1
03-25 10:33:49.322 D/ConnectivityService(  380): ConnectivityChange for WIFI: DISCONNECTED/DISCONNECTED
03-25 10:33:49.322 D/ConnectivityService(  380): Attempting to switch to mobile
03-25 10:33:49.322 D/ConnectivityService(  380): Attempting to switch to BLUETOOTH_TETHER
03-25 10:33:49.322 D/ConnectivityService(  380): Attempting to switch to ETHERNET
03-25 10:33:49.322 D/NetworkPolicy(  380): setNetworkTemplateEnabled(): match rule = 1
03-25 10:33:49.332 D/ConnectivityService(  380): Attempting to switch to mobile2
03-25 10:33:49.332 D/ConnectivityService(  380): handleConnectivityChange: changed linkProperty[1]: doReset=true resetMask=3
03-25 10:33:49.332 D/ConnectivityService(  380):   curLp=null
03-25 10:33:49.332 D/ConnectivityService(  380):   newLp= null
03-25 10:33:49.332 D/ConnectivityService(  380): resetConnections(wlan0, 3)
03-25 10:33:49.412 D/ConnectivityService(  380): reportNetworkCondition(1, 0)
03-25 10:33:49.422 D/ConnectivityService(  380): sendStickyBroadcast: action=android.net.conn.CONNECTIVITY_CHANGE_IMMEDIATE
03-25 10:33:49.422 D/ConnectivityService(  380): sendStickyBroadcastDelayed: delayMs=3000, action=android.net.conn.CONNECTIVITY_CHANGE
03-25 10:33:49.422 D/MobileDataStateTracker(  380): default: setPolicyDataEnable(enabled=true)
03-25 10:33:49.422 D/MobileDataStateTracker(  380): default: setPolicyDataEnable(enabled=true)
03-25 10:33:49.422 D/NetworkPolicy(  380): setNetworkTemplateEnabled(): match rule = 1
03-25 10:33:49.422 D/ConnectivityService(  380): handleInetConditionChange: no active default network - ignore
03-25 10:33:49.432 D/MobileDataStateTracker(  380): default: setPolicyDataEnable(enabled=true)
03-25 10:33:49.432 D/NetworkPolicy(  380): setNetworkTemplateEnabled(): match rule = 1
03-25 10:33:49.432 D/MobileDataStateTracker(  380): default: setPolicyDataEnable(enabled=true)
03-25 10:33:52.324 D/ConnectivityService(  380): sendStickyBroadcast: action=android.net.conn.CONNECTIVITY_CHANGE
03-25 10:33:52.324 D/StatusBar.NetworkControllerDS(  465): updateConnectivity: intent=Intent { act=android.net.conn.CONNECTIVITY_CHANGE flg=0x8000010 (has extras) }
03-25 10:33:52.324 D/StatusBar.NetworkControllerDS(  465): updateConnectivity: networkInfo=null
03-25 10:33:52.324 D/StatusBar.NetworkControllerDS(  465): updateConnectivity: connectionStatus=0
03-25 10:33:52.324 D/StatusBar.NetworkControllerDS(  465): updateTelephonySignalStrength: !hasService()
03-25 10:33:52.424 D/ConnectivityService(  380): sendStickyBroadcast: action=android.net.conn.CONNECTIVITY_CHANGE
03-25 10:33:52.424 D/StatusBar.NetworkControllerDS(  465): updateConnectivity: intent=Intent { act=android.net.conn.CONNECTIVITY_CHANGE flg=0x8000010 (has extras) }
03-25 10:33:52.424 D/StatusBar.NetworkControllerDS(  465): updateConnectivity: networkInfo=null
03-25 10:33:52.424 D/StatusBar.NetworkControllerDS(  465): updateConnectivity: connectionStatus=0
03-25 10:33:52.424 D/StatusBar.NetworkControllerDS(  465): updateTelephonySignalStrength: !hasService()
03-25 10:34:02.344 D/ConnectivityService(  380): ConnectivityChange for WIFI: CONNECTING/OBTAINING_IPADDR
03-25 10:34:02.344 D/ConnectivityService(  380): ConnectivityChange for WIFI: CONNECTING/OBTAINING_IPADDR
03-25 10:34:04.646 D/ConnectivityService(  380): ConnectivityChange for WIFI: CONNECTED/CONNECTED
03-25 10:34:04.646 D/ConnectivityService(  380): Setting TCP values: [524288,1048576,2097152,262144,524288,1048576] which comes from [net.tcp.buffersize.wifi]
03-25 10:34:04.646 D/ConnectivityService(  380): adding dns 192.168.1.1 for WIFI
03-25 10:34:04.656 D/ConnectivityService(  380): handleConnectivityChange: changed linkProperty[1]: doReset=false resetMask=0
03-25 10:34:04.656 D/ConnectivityService(  380):    curLp=null
03-25 10:34:04.656 D/ConnectivityService(  380):    newLp=InterfaceName: wlan0 LinkAddresses: [192.168.1.104/24,] Routes: [0.0.0.0/0 -> 192.168.1.1,] DnsAddresses: [192.168.1.1,] HttpProxy: [ProxyProperties.mHost == null] 
03-25 10:34:04.656 D/ConnectivityService(  380): Adding 192.168.1.1/32 -> 0.0.0.0 for interface wlan0
03-25 10:34:04.656 D/ConnectivityService(  380): Adding 0.0.0.0/0 -> 192.168.1.1 for interface wlan0
03-25 10:34:04.666 D/ConnectivityService(  380): resetting DNS cache for wlan0
03-25 10:34:04.666 D/ConnectivityService(  380): sendStickyBroadcast: action=android.net.conn.CONNECTIVITY_CHANGE_IMMEDIATE
03-25 10:34:04.666 D/NetworkPolicy(  380): setNetworkTemplateEnabled(): match rule = 1
03-25 10:34:04.666 D/ConnectivityService(  380): sendStickyBroadcastDelayed: delayMs=3000, action=android.net.conn.CONNECTIVITY_CHANGE
03-25 10:34:04.666 D/ConnectivityService(  380): ConnectivityChange for WIFI: CONNECTED/CONNECTED
03-25 10:34:04.666 D/ConnectivityService(  380): Setting TCP values: [524288,1048576,2097152,262144,524288,1048576] which comes from [net.tcp.buffersize.wifi]
03-25 10:34:04.676 D/ConnectivityService(  380): handleConnectivityChange: changed linkProperty[1]: doReset=false resetMask=0
03-25 10:34:04.676 D/ConnectivityService(  380):    curLp=InterfaceName: wlan0 LinkAddresses: [192.168.1.104/24,] Routes: [0.0.0.0/0 -> 192.168.1.1,] DnsAddresses: [192.168.1.1,] HttpProxy: [ProxyProperties.mHost == null] 
03-25 10:34:04.676 D/ConnectivityService(  380):    newLp=InterfaceName: wlan0 LinkAddresses: [192.168.1.104/24,] Routes: [0.0.0.0/0 -> 192.168.1.1,] DnsAddresses: [192.168.1.1,] HttpProxy: [ProxyProperties.mHost == null] 
03-25 10:34:04.676 D/ConnectivityService(  380): handleConnectivityChange: address are the same reset per doReset linkProperty[1]: resetMask=0
03-25 10:34:04.676 D/ConnectivityService(  380): sendStickyBroadcast: action=android.net.conn.CONNECTIVITY_CHANGE_IMMEDIATE
03-25 10:34:04.676 D/ConnectivityService(  380): sendStickyBroadcastDelayed: delayMs=3000, action=android.net.conn.CONNECTIVITY_CHANGE
03-25 10:34:04.676 D/MobileDataStateTracker(  380): default: setPolicyDataEnable(enabled=true)
