V/ServerHandler( 1775): ServerHandler send DatagramPacket:/192.168.1.104-[B@41bf2928
D/MonitorCw880( 2189): currentRemoteHost is null ,continue
E/ServerHandler( 1775): receiveRequest
V/OtORequest( 1775): parseCommand
V/OtORequest( 1775): get command=103
V/OtORequest( 1775): parse OtORequest: cmd=103 paramLength=0 bufferlen=8
D/OtOService( 1775): client request get status.playType:2
D/OtOService( 1775): callback N: 11
D/OtOService( 1775): send callback: 101
I/ServiceAdapter( 1992): dvb_ResultCallBack: what:101   arg1:0
E/JavaBinder( 1992): *** Uncaught remote exception!  (Exceptions are not yet supported across processes.)
E/JavaBinder( 1992): java.lang.RuntimeException: Can't create handler inside thread that has not called Looper.prepare()
E/JavaBinder( 1992):    at android.os.Handler.<init>(Handler.java:121)
E/JavaBinder( 1992):    at com.coship.dvbplayer.view.VolbarView$1.<init>(VolbarView.java:134)
E/JavaBinder( 1992):    at com.coship.dvbplayer.view.VolbarView.<init>(VolbarView.java:134)
E/JavaBinder( 1992):    at com.coship.dvbplayer.view.VolbarView.getInstance(VolbarView.java:63)
E/JavaBinder( 1992):    at com.aidufei.otoService.ServiceAdapter$2.ResultCallBack(ServiceAdapter.java:185)
E/JavaBinder( 1992):    at com.aidufei.otoService.IServiceCallBack$Stub.onTransact(IServiceCallBack.java:52)
E/JavaBinder( 1992):    at android.os.Binder.execTransact(Binder.java:338)
E/JavaBinder( 1992):    at dalvik.system.NativeStart.run(Native Method)
D/OtOService( 1775): send callback obj: com.aidufei.otoService.IServiceCallBack$Stub$Proxy@41d22638
D/OtOService( 1775): send callback: 101
I/ServiceAdapter( 1992): dvb_ResultCallBack: what:101   arg1:0
E/JavaBinder( 1992): *** Uncaught remote exception!  (Exceptions are not yet supported across processes.)
E/JavaBinder( 1992): java.lang.RuntimeException: Can't create handler inside thread that has not called Looper.prepare()
E/JavaBinder( 1992):    at android.os.Handler.<init>(Handler.java:121)
E/JavaBinder( 1992):    at com.coship.dvbplayer.view.VolbarView$1.<init>(VolbarView.java:134)
E/JavaBinder( 1992):    at com.coship.dvbplayer.view.VolbarView.<init>(VolbarView.java:134)
E/JavaBinder( 1992):    at com.coship.dvbplayer.view.VolbarView.getInstance(VolbarView.java:63)
E/JavaBinder( 1992):    at com.aidufei.otoService.ServiceAdapter$2.ResultCallBack(ServiceAdapter.java:185)
E/JavaBinder( 1992):    at com.aidufei.otoService.IServiceCallBack$Stub.onTransact(IServiceCallBack.java:52)
E/JavaBinder( 1992):    at android.os.Binder.execTransact(Binder.java:338)
E/JavaBinder( 1992):    at dalvik.system.NativeStart.run(Native Method)
D/OtOService( 1775): send callback obj: com.aidufei.otoService.IServiceCallBack$Stub$Proxy@41f21110
D/OtOService( 1775): send callback: 101
I/ServiceAdapter( 1992): dvb_ResultCallBack: what:101   arg1:0
I/ServiceAdapter( 1992): +++++ShiftTime+++++0++++ShiftEnd++++0++++TimeCode++++0++++++delay+++++0
I/ServiceAdapter( 1992): dvb_ResultCallBack: get stb vol:
D/OtOService( 1775): VOB　sync :com.aidufei.otoService.PlayEvent@41b9c528
E/ServerAdapter( 1775): ServerAdapter:0
E/ServerHandler( 1775): Send:com.aidufei.protocol.oto.OtOStatusRequest@41b9c7c8
D/ServerHandler( 1775): ServerHandler send request:103:{"ResourceInfo":{"ProductCode":"","PlayType":2,"ResourceCode":"","ResourceName":" "},"Status":{"ReturnCode":100,"Description":"ok"},"PlayStatus":0,"Volume":0}
V/ServerHandler( 1775): ServerHandler send DatagramPacket:/192.168.1.104-[B@41b9e288
D/OtOService( 1775): send callback obj: com.aidufei.otoService.IServiceCallBack$Stub$Proxy@41cd5f00
D/OtOService( 1775): send callback: 101
I/ServiceAdapter( 1992): dvb_ResultCallBack: what:101   arg1:0
E/JavaBinder( 1992): *** Uncaught remote exception!  (Exceptions are not yet supported across processes.)
E/JavaBinder( 1992): java.lang.RuntimeException: Can't create handler inside thread that has not called Looper.prepare()
E/JavaBinder( 1992):    at android.os.Handler.<init>(Handler.java:121)
E/JavaBinder( 1992):    at com.coship.dvbplayer.view.VolbarView$1.<init>(VolbarView.java:134)
E/JavaBinder( 1992):    at com.coship.dvbplayer.view.VolbarView.<init>(VolbarView.java:134)
E/JavaBinder( 1992):    at com.coship.dvbplayer.view.VolbarView.getInstance(VolbarView.java:63)
E/JavaBinder( 1992):    at com.aidufei.otoService.ServiceAdapter$2.ResultCallBack(ServiceAdapter.java:185)
E/JavaBinder( 1992):    at com.aidufei.otoService.IServiceCallBack$Stub.onTransact(IServiceCallBack.java:52)
E/JavaBinder( 1992):    at android.os.Binder.execTransact(Binder.java:338)
E/JavaBinder( 1992):    at dalvik.system.NativeStart.run(Native Method)
D/OtOService( 1775): send callback obj: com.aidufei.otoService.IServiceCallBack$Stub$Proxy@41b8cf78
D/OtOService( 1775): send callback: 101
I/ServiceAdapter( 1992): dvb_ResultCallBack: what:101   arg1:0
E/JavaBinder( 1992): *** Uncaught remote exception!  (Exceptions are not yet supported across processes.)
E/JavaBinder( 1992): java.lang.RuntimeException: Can't create handler inside thread that has not called Looper.prepare()
E/JavaBinder( 1992):    at android.os.Handler.<init>(Handler.java:121)
E/JavaBinder( 1992):    at com.coship.dvbplayer.view.VolbarView$1.<init>(VolbarView.java:134)
E/JavaBinder( 1992):    at com.coship.dvbplayer.view.VolbarView.<init>(VolbarView.java:134)
E/JavaBinder( 1992):    at com.coship.dvbplayer.view.VolbarView.getInstance(VolbarView.java:63)
E/JavaBinder( 1992):    at com.aidufei.otoService.ServiceAdapter$2.ResultCallBack(ServiceAdapter.java:185)
E/JavaBinder( 1992):    at com.aidufei.otoService.IServiceCallBack$Stub.onTransact(IServiceCallBack.java:52)
E/JavaBinder( 1992):    at android.os.Binder.execTransact(Binder.java:338)
E/JavaBinder( 1992):    at dalvik.system.NativeStart.run(Native Method)
D/OtOService( 1775): send callback obj: com.aidufei.otoService.IServiceCallBack$Stub$Proxy@427399a0
D/OtOService( 1775): send callback: 101
I/ServiceAdapter( 1992): dvb_ResultCallBack: what:101   arg1:0
I/ServiceAdapter( 1992): +++++ShiftTime+++++0++++ShiftEnd++++0++++TimeCode++++0++++++delay+++++0
I/ServiceAdapter( 1992): dvb_ResultCallBack: get stb vol:
D/OtOService( 1775): VOB　sync :com.aidufei.otoService.PlayEvent@41b9f370
E/ServerAdapter( 1775): ServerAdapter:0
E/ServerHandler( 1775): Send:com.aidufei.protocol.oto.OtOStatusRequest@41b9f690
D/ServerHandler( 1775): ServerHandler send request:103:{"ResourceInfo":{"ProductCode":"","PlayType":2,"ResourceCode":"","ResourceName":" "},"Status":{"ReturnCode":100,"Description":"ok"},"PlayStatus":0,"Volume":0}
V/ServerHandler( 1775): ServerHandler send DatagramPacket:/192.168.1.104-[B@41ba1150
D/OtOService( 1775): send callback obj: com.aidufei.otoService.IServiceCallBack$Stub$Proxy@41595ab8
D/OtOService( 1775): send callback: 101
I/ServiceAdapter( 1992): dvb_ResultCallBack: what:101   arg1:0
I/ServiceAdapter( 1992): +++++ShiftTime+++++0++++ShiftEnd++++0++++TimeCode++++0++++++delay+++++0
I/ServiceAdapter( 1992): dvb_ResultCallBack: get stb vol:
D/OtOService( 1775): VOB　sync :com.aidufei.otoService.PlayEvent@41ba1ac8
E/ServerAdapter( 1775): ServerAdapter:0
E/ServerHandler( 1775): Send:com.aidufei.protocol.oto.OtOStatusRequest@41ba1de8
D/ServerHandler( 1775): ServerHandler send request:103:{"ResourceInfo":{"ProductCode":"","PlayType":2,"ResourceCode":"","ResourceName":" "},"Status":{"ReturnCode":100,"Description":"ok"},"PlayStatus":0,"Volume":0}
V/ServerHandler( 1775): ServerHandler send DatagramPacket:/192.168.1.104-[B@41cdf358
D/OtOService( 1775): send callback obj: com.aidufei.otoService.IServiceCallBack$Stub$Proxy@41b671c0
D/OtOService( 1775): send callback: 101
I/ServiceAdapter( 1992): dvb_ResultCallBack: what:101   arg1:0
I/ServiceAdapter( 1992): +++++ShiftTime+++++0++++ShiftEnd++++0++++TimeCode++++0++++++delay+++++0
I/ServiceAdapter( 1992): dvb_ResultCallBack: get stb vol:
D/OtOService( 1775): VOB　sync :com.aidufei.otoService.PlayEvent@41cdfcd0
E/ServerAdapter( 1775): ServerAdapter:0
E/ServerHandler( 1775): Send:com.aidufei.protocol.oto.OtOStatusRequest@41cdfff0
D/ServerHandler( 1775): ServerHandler send request:103:{"ResourceInfo":{"ProductCode":"","PlayType":2,"ResourceCode":"","ResourceName":" "},"Status":{"ReturnCode":100,"Description":"ok"},"PlayStatus":0,"Volume":0}
V/ServerHandler( 1775): ServerHandler send DatagramPacket:/192.168.1.104-[B@41ce1ab0
D/OtOService( 1775): send callback obj: com.aidufei.otoService.IServiceCallBack$Stub$Proxy@41f08a88
D/OtOService( 1775): send callback: 101
I/ServiceAdapter( 1992): dvb_ResultCallBack: what:101   arg1:0
E/JavaBinder( 1992): *** Uncaught remote exception!  (Exceptions are not yet supported across processes.)
E/JavaBinder( 1992): java.lang.RuntimeException: Can't create handler inside thread that has not called Looper.prepare()
E/JavaBinder( 1992):    at android.os.Handler.<init>(Handler.java:121)
E/JavaBinder( 1992):    at com.coship.dvbplayer.view.VolbarView$1.<init>(VolbarView.java:134)
E/JavaBinder( 1992):    at com.coship.dvbplayer.view.VolbarView.<init>(VolbarView.java:134)
E/JavaBinder( 1992):    at com.coship.dvbplayer.view.VolbarView.getInstance(VolbarView.java:63)
E/JavaBinder( 1992):    at com.aidufei.otoService.ServiceAdapter$2.ResultCallBack(ServiceAdapter.java:185)
E/JavaBinder( 1992):    at com.aidufei.otoService.IServiceCallBack$Stub.onTransact(IServiceCallBack.java:52)
E/JavaBinder( 1992):    at android.os.Binder.execTransact(Binder.java:338)
E/JavaBinder( 1992):    at dalvik.system.NativeStart.run(Native Method)
D/OtOService( 1775): send callback obj: com.aidufei.otoService.IServiceCallBack$Stub$Proxy@41f12158
D/OtOService( 1775): send callback: 101
I/ServiceAdapter( 1992): dvb_ResultCallBack: what:101   arg1:0
E/JavaBinder( 1992): *** Uncaught remote exception!  (Exceptions are not yet supported across processes.)
E/JavaBinder( 1992): java.lang.RuntimeException: Can't create handler inside thread that has not called Looper.prepare()
E/JavaBinder( 1992):    at android.os.Handler.<init>(Handler.java:121)
E/JavaBinder( 1992):    at com.coship.dvbplayer.view.VolbarView$1.<init>(VolbarView.java:134)
E/JavaBinder( 1992):    at com.coship.dvbplayer.view.VolbarView.<init>(VolbarView.java:134)
E/JavaBinder( 1992):    at com.coship.dvbplayer.view.VolbarView.getInstance(VolbarView.java:63)
E/JavaBinder( 1992):    at com.aidufei.otoService.ServiceAdapter$2.ResultCallBack(ServiceAdapter.java:185)
E/JavaBinder( 1992):    at com.aidufei.otoService.IServiceCallBack$Stub.onTransact(IServiceCallBack.java:52)
E/JavaBinder( 1992):    at android.os.Binder.execTransact(Binder.java:338)
E/JavaBinder( 1992):    at dalvik.system.NativeStart.run(Native Method)
D/OtOService( 1775): send callback obj: com.aidufei.otoService.IServiceCallBack$Stub$Proxy@41f20dc8
D/OtOService( 1775): send callback: 101
I/ServiceAdapter( 1992): dvb_ResultCallBack: what:101   arg1:0
I/ServiceAdapter( 1992): +++++ShiftTime+++++0++++ShiftEnd++++0++++TimeCode++++0++++++delay+++++0
I/ServiceAdapter( 1992): dvb_ResultCallBack: get stb vol:
D/OtOService( 1775): VOB　sync :com.aidufei.otoService.PlayEvent@41ce2b98
E/ServerAdapter( 1775): ServerAdapter:0
E/ServerHandler( 1775): Send:com.aidufei.protocol.oto.OtOStatusRequest@41ce2eb8
D/ServerHandler( 1775): ServerHandler send request:103:{"ResourceInfo":{"ProductCode":"","PlayType":2,"ResourceCode":"","ResourceName":" "},"Status":{"ReturnCode":100,"Description":"ok"},"PlayStatus":0,"Volume":0}
V/ServerHandler( 1775): ServerHandler send DatagramPacket:/192.168.1.104-[B@41ce47a8
D/OtOService( 1775): send callback obj: com.aidufei.otoService.IServiceCallBack$Stub$Proxy@4274fa80
E/ServerAdapter( 1775): ServerAdapter:0
E/ServerHandler( 1775): Send:com.aidufei.protocol.oto.OtOStatusRequest@41eeb368
D/ServerHandler( 1775): ServerHandler send request:103:{"Status":{"ReturnCode":99,"Description":"status sync processing"},"PlayStatus":0,"Volume":0}
V/ServerHandler( 1775): ServerHandler send DatagramPacket:/192.168.1.104-[B@41eec428
E/ServerHandler( 1775): receiveRequest
V/OtORequest( 1775): parseCommand
V/OtORequest( 1775): get command=103
V/OtORequest( 1775): parse OtORequest: cmd=103 paramLength=0 bufferlen=8
D/OtOService( 1775): client request get status.playType:2
D/OtOService( 1775): callback N: 11
D/OtOService( 1775): send callback: 101
I/ServiceAdapter( 1992): dvb_ResultCallBack: what:101   arg1:0
E/JavaBinder( 1992): *** Uncaught remote exception!  (Exceptions are not yet supported across processes.)
E/JavaBinder( 1992): java.lang.RuntimeException: Can't create handler inside thread that has not called Looper.prepare()
E/JavaBinder( 1992):    at android.os.Handler.<init>(Handler.java:121)
E/JavaBinder( 1992):    at com.coship.dvbplayer.view.VolbarView$1.<init>(VolbarView.java:134)
E/JavaBinder( 1992):    at com.coship.dvbplayer.view.VolbarView.<init>(VolbarView.java:134)
E/JavaBinder( 1992):    at com.coship.dvbplayer.view.VolbarView.getInstance(VolbarView.java:63)
E/JavaBinder( 1992):    at com.aidufei.otoService.ServiceAdapter$2.ResultCallBack(ServiceAdapter.java:185)
E/JavaBinder( 1992):    at com.aidufei.otoService.IServiceCallBack$Stub.onTransact(IServiceCallBack.java:52)
E/JavaBinder( 1992):    at android.os.Binder.execTransact(Binder.java:338)
E/JavaBinder( 1992):    at dalvik.system.NativeStart.run(Native Method)
D/OtOService( 1775): send callback obj: com.aidufei.otoService.IServiceCallBack$Stub$Proxy@41d22638
D/OtOService( 1775): send callback: 101
I/ServiceAdapter( 1992): dvb_ResultCallBack: what:101   arg1:0
E/JavaBinder( 1992): *** Uncaught remote exception!  (Exceptions are not yet supported across processes.)
E/JavaBinder( 1992): java.lang.RuntimeException: Can't create handler inside thread that has not called Looper.prepare()
E/JavaBinder( 1992):    at android.os.Handler.<init>(Handler.java:121)
E/JavaBinder( 1992):    at com.coship.dvbplayer.view.VolbarView$1.<init>(VolbarView.java:134)
E/JavaBinder( 1992):    at com.coship.dvbplayer.view.VolbarView.<init>(VolbarView.java:134)
E/JavaBinder( 1992):    at com.coship.dvbplayer.view.VolbarView.getInstance(VolbarView.java:63)
E/JavaBinder( 1992):    at com.aidufei.otoService.ServiceAdapter$2.ResultCallBack(ServiceAdapter.java:185)
E/JavaBinder( 1992):    at com.aidufei.otoService.IServiceCallBack$Stub.onTransact(IServiceCallBack.java:52)
E/JavaBinder( 1992):    at android.os.Binder.execTransact(Binder.java:338)
E/JavaBinder( 1992):    at dalvik.system.NativeStart.run(Native Method)
D/OtOService( 1775): send callback obj: com.aidufei.otoService.IServiceCallBack$Stub$Proxy@41f21110
D/OtOService( 1775): send callback: 101
I/ServiceAdapter( 1992): dvb_ResultCallBack: what:101   arg1:0
I/ServiceAdapter( 1992): +++++ShiftTime+++++0++++ShiftEnd++++0++++TimeCode++++0++++++delay+++++0
I/ServiceAdapter( 1992): dvb_ResultCallBack: get stb vol:
D/OtOService( 1775): VOB　sync :com.aidufei.otoService.PlayEvent@41eede68
E/ServerAdapter( 1775): ServerAdapter:0
E/ServerHandler( 1775): Send:com.aidufei.protocol.oto.OtOStatusRequest@41eee188
D/ServerHandler( 1775): ServerHandler send request:103:{"ResourceInfo":{"ProductCode":"","PlayType":2,"ResourceCode":"","ResourceName":" "},"Status":{"ReturnCode":100,"Description":"ok"},"PlayStatus":0,"Volume":0}
V/ServerHandler( 1775): ServerHandler send DatagramPacket:/192.168.1.104-[B@41eefc48
D/OtOService( 1775): send callback obj: com.aidufei.otoService.IServiceCallBack$Stub$Proxy@41cd5f00
D/OtOService( 1775): send callback: 101
I/ServiceAdapter( 1992): dvb_ResultCallBack: what:101   arg1:0
E/JavaBinder( 1992): *** Uncaught remote exception!  (Exceptions are not yet supported across processes.)
E/JavaBinder( 1992): java.lang.RuntimeException: Can't create handler inside thread that has not called Looper.prepare()
E/JavaBinder( 1992):    at android.os.Handler.<init>(Handler.java:121)
E/JavaBinder( 1992):    at com.coship.dvbplayer.view.VolbarView$1.<init>(VolbarView.java:134)
E/JavaBinder( 1992):    at com.coship.dvbplayer.view.VolbarView.<init>(VolbarView.java:134)
E/JavaBinder( 1992):    at com.coship.dvbplayer.view.VolbarView.getInstance(VolbarView.java:63)
E/JavaBinder( 1992):    at com.aidufei.otoService.ServiceAdapter$2.ResultCallBack(ServiceAdapter.java:185)
E/JavaBinder( 1992):    at com.aidufei.otoService.IServiceCallBack$Stub.onTransact(IServiceCallBack.java:52)
E/JavaBinder( 1992):    at android.os.Binder.execTransact(Binder.java:338)
E/JavaBinder( 1992):    at dalvik.system.NativeStart.run(Native Method)
D/OtOService( 1775): send callback obj: com.aidufei.otoService.IServiceCallBack$Stub$Proxy@41b8cf78
D/OtOService( 1775): send callback: 101
I/ServiceAdapter( 1992): dvb_ResultCallBack: what:101   arg1:0
E/JavaBinder( 1992): *** Uncaught remote exception!  (Exceptions are not yet supported across processes.)
E/JavaBinder( 1992): java.lang.RuntimeException: Can't create handler inside thread that has not called Looper.prepare()
E/JavaBinder( 1992):    at android.os.Handler.<init>(Handler.java:121)
E/JavaBinder( 1992):    at com.coship.dvbplayer.view.VolbarView$1.<init>(VolbarView.java:134)
E/JavaBinder( 1992):    at com.coship.dvbplayer.view.VolbarView.<init>(VolbarView.java:134)
E/JavaBinder( 1992):    at com.coship.dvbplayer.view.VolbarView.getInstance(VolbarView.java:63)
E/JavaBinder( 1992):    at com.aidufei.otoService.ServiceAdapter$2.ResultCallBack(ServiceAdapter.java:185)
E/JavaBinder( 1992):    at com.aidufei.otoService.IServiceCallBack$Stub.onTransact(IServiceCallBack.java:52)
E/JavaBinder( 1992):    at android.os.Binder.execTransact(Binder.java:338)
E/JavaBinder( 1992):    at dalvik.system.NativeStart.run(Native Method)
D/OtOService( 1775): send callback obj: com.aidufei.otoService.IServiceCallBack$Stub$Proxy@427399a0
D/OtOService( 1775): send callback: 101
I/ServiceAdapter( 1992): dvb_ResultCallBack: what:101   arg1:0
I/ServiceAdapter( 1992): +++++ShiftTime+++++0++++ShiftEnd++++0++++TimeCode++++0++++++delay+++++0
I/ServiceAdapter( 1992): dvb_ResultCallBack: get stb vol:
D/OtOService( 1775): VOB　sync :com.aidufei.otoService.PlayEvent@41ef0d30
E/ServerAdapter( 1775): ServerAdapter:0
E/ServerHandler( 1775): Send:com.aidufei.protocol.oto.OtOStatusRequest@41ef1050
D/ServerHandler( 1775): ServerHandler send request:103:{"ResourceInfo":{"ProductCode":"","PlayType":2,"ResourceCode":"","ResourceName":" "},"Status":{"ReturnCode":100,"Description":"ok"},"PlayStatus":0,"Volume":0}
V/ServerHandler( 1775): ServerHandler send DatagramPacket:/192.168.1.104-[B@41ec77b8
D/OtOService( 1775): send callback obj: com.aidufei.otoService.IServiceCallBack$Stub$Proxy@41595ab8
D/OtOService( 1775): send callback: 101
I/ServiceAdapter( 1992): dvb_ResultCallBack: what:101   arg1:0
I/ServiceAdapter( 1992): +++++ShiftTime+++++0++++ShiftEnd++++0++++TimeCode++++0++++++delay+++++0
I/ServiceAdapter( 1992): dvb_ResultCallBack: get stb vol:
D/OtOService( 1775): VOB　sync :com.aidufei.otoService.PlayEvent@41ec8130
E/ServerAdapter( 1775): ServerAdapter:0
E/ServerHandler( 1775): Send:com.aidufei.protocol.oto.OtOStatusRequest@41ec8450
D/ServerHandler( 1775): ServerHandler send request:103:{"ResourceInfo":{"ProductCode":"","PlayType":2,"ResourceCode":"","ResourceName":" "},"Status":{"ReturnCode":100,"Description":"ok"},"PlayStatus":0,"Volume":0}
V/ServerHandler( 1775): ServerHandler send DatagramPacket:/192.168.1.104-[B@41ec9f10
D/OtOService( 1775): send callback obj: com.aidufei.otoService.IServiceCallBack$Stub$Proxy@41b671c0
D/OtOService( 1775): send callback: 101
I/ServiceAdapter( 1992): dvb_ResultCallBack: what:101   arg1:0
I/ServiceAdapter( 1992): +++++ShiftTime+++++0++++ShiftEnd++++0++++TimeCode++++0++++++delay+++++0
I/ServiceAdapter( 1992): dvb_ResultCallBack: get stb vol:
D/OtOService( 1775): VOB　sync :com.aidufei.otoService.PlayEvent@41eca888
E/ServerAdapter( 1775): ServerAdapter:0
E/ServerHandler( 1775): Send:com.aidufei.protocol.oto.OtOStatusRequest@41ecaba8
D/ServerHandler( 1775): ServerHandler send request:103:{"ResourceInfo":{"ProductCode":"","PlayType":2,"ResourceCode":"","ResourceName":" "},"Status":{"ReturnCode":100,"Description":"ok"},"PlayStatus":0,"Volume":0}
V/ServerHandler( 1775): ServerHandler send DatagramPacket:/192.168.1.104-[B@41ecc668
D/OtOService( 1775): send callback obj: com.aidufei.otoService.IServiceCallBack$Stub$Proxy@41f08a88
D/OtOService( 1775): send callback: 101
I/ServiceAdapter( 1992): dvb_ResultCallBack: what:101   arg1:0
E/JavaBinder( 1992): *** Uncaught remote exception!  (Exceptions are not yet supported across processes.)
E/JavaBinder( 1992): java.lang.RuntimeException: Can't create handler inside thread that has not called Looper.prepare()
E/JavaBinder( 1992):    at android.os.Handler.<init>(Handler.java:121)
E/JavaBinder( 1992):    at com.coship.dvbplayer.view.VolbarView$1.<init>(VolbarView.java:134)
E/JavaBinder( 1992):    at com.coship.dvbplayer.view.VolbarView.<init>(VolbarView.java:134)
E/JavaBinder( 1992):    at com.coship.dvbplayer.view.VolbarView.getInstance(VolbarView.java:63)
E/JavaBinder( 1992):    at com.aidufei.otoService.ServiceAdapter$2.ResultCallBack(ServiceAdapter.java:185)
E/JavaBinder( 1992):    at com.aidufei.otoService.IServiceCallBack$Stub.onTransact(IServiceCallBack.java:52)
E/JavaBinder( 1992):    at android.os.Binder.execTransact(Binder.java:338)
E/JavaBinder( 1992):    at dalvik.system.NativeStart.run(Native Method)
D/OtOService( 1775): send callback obj: com.aidufei.otoService.IServiceCallBack$Stub$Proxy@41f12158
D/OtOService( 1775): send callback: 101
I/ServiceAdapter( 1992): dvb_ResultCallBack: what:101   arg1:0
E/JavaBinder( 1992): *** Uncaught remote exception!  (Exceptions are not yet supported across processes.)
E/JavaBinder( 1992): java.lang.RuntimeException: Can't create handler inside thread that has not called Looper.prepare()
E/JavaBinder( 1992):    at android.os.Handler.<init>(Handler.java:121)
E/JavaBinder( 1992):    at com.coship.dvbplayer.view.VolbarView$1.<init>(VolbarView.java:134)
E/JavaBinder( 1992):    at com.coship.dvbplayer.view.VolbarView.<init>(VolbarView.java:134)
E/JavaBinder( 1992):    at com.coship.dvbplayer.view.VolbarView.getInstance(VolbarView.java:63)
E/JavaBinder( 1992):    at com.aidufei.otoService.ServiceAdapter$2.ResultCallBack(ServiceAdapter.java:185)
E/JavaBinder( 1992):    at com.aidufei.otoService.IServiceCallBack$Stub.onTransact(IServiceCallBack.java:52)
E/JavaBinder( 1992):    at android.os.Binder.execTransact(Binder.java:338)
E/JavaBinder( 1992):    at dalvik.system.NativeStart.run(Native Method)
D/OtOService( 1775): send callback obj: com.aidufei.otoService.IServiceCallBack$Stub$Proxy@41f20dc8
D/OtOService( 1775): send callback: 101
I/ServiceAdapter( 1992): dvb_ResultCallBack: what:101   arg1:0
I/ServiceAdapter( 1992): +++++ShiftTime+++++0++++ShiftEnd++++0++++TimeCode++++0++++++delay+++++0
I/ServiceAdapter( 1992): dvb_ResultCallBack: get stb vol:
D/OtOService( 1775): VOB　sync :com.aidufei.otoService.PlayEvent@4273e220
E/ServerAdapter( 1775): ServerAdapter:0
E/ServerHandler( 1775): Send:com.aidufei.protocol.oto.OtOStatusRequest@4273e540
D/ServerHandler( 1775): ServerHandler send request:103:{"ResourceInfo":{"ProductCode":"","PlayType":2,"ResourceCode":"","ResourceName":" "},"Status":{"ReturnCode":100,"Description":"ok"},"PlayStatus":0,"Volume":0}
V/ServerHandler( 1775): ServerHandler send DatagramPacket:/192.168.1.104-[B@4273ff78
D/OtOService( 1775): send callback obj: com.aidufei.otoService.IServiceCallBack$Stub$Proxy@4274fa80
E/ServerAdapter( 1775): ServerAdapter:0
E/ServerHandler( 1775): Send:com.aidufei.protocol.oto.OtOStatusRequest@42740828
D/ServerHandler( 1775): ServerHandler send request:103:{"Status":{"ReturnCode":99,"Description":"status sync processing"},"PlayStatus":0,"Volume":0}
V/ServerHandler( 1775): ServerHandler send DatagramPacket:/192.168.1.104-[B@427418e8
D/MonitorCw880( 2189): currentRemoteHost is null ,continue
E/ServerHandler( 1775): receiveRequest
V/OtORequest( 1775): parseCommand
V/OtORequest( 1775): get command=103
V/OtORequest( 1775): parse OtORequest: cmd=103 paramLength=0 bufferlen=8
D/OtOService( 1775): client request get status.playType:2
D/OtOService( 1775): callback N: 11
D/OtOService( 1775): send callback: 101
I/ServiceAdapter( 1992): dvb_ResultCallBack: what:101   arg1:0
E/JavaBinder( 1992): *** Uncaught remote exception!  (Exceptions are not yet supported across processes.)
E/JavaBinder( 1992): java.lang.RuntimeException: Can't create handler inside thread that has not called Looper.prepare()
E/JavaBinder( 1992):    at android.os.Handler.<init>(Handler.java:121)
E/JavaBinder( 1992):    at com.coship.dvbplayer.view.VolbarView$1.<init>(VolbarView.java:134)
E/JavaBinder( 1992):    at com.coship.dvbplayer.view.VolbarView.<init>(VolbarView.java:134)
E/JavaBinder( 1992):    at com.coship.dvbplayer.view.VolbarView.getInstance(VolbarView.java:63)
E/JavaBinder( 1992):    at com.aidufei.otoService.ServiceAdapter$2.ResultCallBack(ServiceAdapter.java:185)
E/JavaBinder( 1992):    at com.aidufei.otoService.IServiceCallBack$Stub.onTransact(IServiceCallBack.java:52)
E/JavaBinder( 1992):    at android.os.Binder.execTransact(Binder.java:338)
E/JavaBinder( 1992):    at dalvik.system.NativeStart.run(Native Method)
D/OtOService( 1775): send callback obj: com.aidufei.otoService.IServiceCallBack$Stub$Proxy@41d22638
D/OtOService( 1775): send callback: 101
I/ServiceAdapter( 1992): dvb_ResultCallBack: what:101   arg1:0
E/JavaBinder( 1992): *** Uncaught remote exception!  (Exceptions are not yet supported across processes.)
E/JavaBinder( 1992): java.lang.RuntimeException: Can't create handler inside thread that has not called Looper.prepare()
E/JavaBinder( 1992):    at android.os.Handler.<init>(Handler.java:121)
E/JavaBinder( 1992):    at com.coship.dvbplayer.view.VolbarView$1.<init>(VolbarView.java:134)
E/JavaBinder( 1992):    at com.coship.dvbplayer.view.VolbarView.<init>(VolbarView.java:134)
E/JavaBinder( 1992):    at com.coship.dvbplayer.view.VolbarView.getInstance(VolbarView.java:63)
E/JavaBinder( 1992):    at com.aidufei.otoService.ServiceAdapter$2.ResultCallBack(ServiceAdapter.java:185)
E/JavaBinder( 1992):    at com.aidufei.otoService.IServiceCallBack$Stub.onTransact(IServiceCallBack.java:52)
E/JavaBinder( 1992):    at android.os.Binder.execTransact(Binder.java:338)
E/JavaBinder( 1992):    at dalvik.system.NativeStart.run(Native Method)
D/OtOService( 1775): send callback obj: com.aidufei.otoService.IServiceCallBack$Stub$Proxy@41f21110
D/OtOService( 1775): send callback: 101
I/ServiceAdapter( 1992): dvb_ResultCallBack: what:101   arg1:0
I/ServiceAdapter( 1992): +++++ShiftTime+++++0++++ShiftEnd++++0++++TimeCode++++0++++++delay+++++0
I/ServiceAdapter( 1992): dvb_ResultCallBack: get stb vol:
D/OtOService( 1775): VOB　sync :com.aidufei.otoService.PlayEvent@42743328
E/ServerAdapter( 1775): ServerAdapter:0
E/ServerHandler( 1775): Send:com.aidufei.protocol.oto.OtOStatusRequest@42743648
D/ServerHandler( 1775): ServerHandler send request:103:{"ResourceInfo":{"ProductCode":"","PlayType":2,"ResourceCode":"","ResourceName":" "},"Status":{"ReturnCode":100,"Description":"ok"},"PlayStatus":0,"Volume":0}
V/ServerHandler( 1775): ServerHandler send DatagramPacket:/192.168.1.104-[B@41be0b30
D/OtOService( 1775): send callback obj: com.aidufei.otoService.IServiceCallBack$Stub$Proxy@41cd5f00
D/OtOService( 1775): send callback: 101
I/ServiceAdapter( 1992): dvb_ResultCallBack: what:101   arg1:0
E/JavaBinder( 1992): *** Uncaught remote exception!  (Exceptions are not yet supported across processes.)
E/JavaBinder( 1992): java.lang.RuntimeException: Can't create handler inside thread that has not called Looper.prepare()
E/JavaBinder( 1992):    at android.os.Handler.<init>(Handler.java:121)
E/JavaBinder( 1992):    at com.coship.dvbplayer.view.VolbarView$1.<init>(VolbarView.java:134)
E/JavaBinder( 1992):    at com.coship.dvbplayer.view.VolbarView.<init>(VolbarView.java:134)
E/JavaBinder( 1992):    at com.coship.dvbplayer.view.VolbarView.getInstance(VolbarView.java:63)
E/JavaBinder( 1992):    at com.aidufei.otoService.ServiceAdapter$2.ResultCallBack(ServiceAdapter.java:185)
E/JavaBinder( 1992):    at com.aidufei.otoService.IServiceCallBack$Stub.onTransact(IServiceCallBack.java:52)
E/JavaBinder( 1992):    at android.os.Binder.execTransact(Binder.java:338)
E/JavaBinder( 1992):    at dalvik.system.NativeStart.run(Native Method)
D/OtOService( 1775): send callback obj: com.aidufei.otoService.IServiceCallBack$Stub$Proxy@41b8cf78
D/OtOService( 1775): send callback: 101
I/ServiceAdapter( 1992): dvb_ResultCallBack: what:101   arg1:0
E/JavaBinder( 1992): *** Uncaught remote exception!  (Exceptions are not yet supported across processes.)
E/JavaBinder( 1992): java.lang.RuntimeException: Can't create handler inside thread that has not called Looper.prepare()
E/JavaBinder( 1992):    at android.os.Handler.<init>(Handler.java:121)
E/JavaBinder( 1992):    at com.coship.dvbplayer.view.VolbarView$1.<init>(VolbarView.java:134)
E/JavaBinder( 1992):    at com.coship.dvbplayer.view.VolbarView.<init>(VolbarView.java:134)
E/JavaBinder( 1992):    at com.coship.dvbplayer.view.VolbarView.getInstance(VolbarView.java:63)
E/JavaBinder( 1992):    at com.aidufei.otoService.ServiceAdapter$2.ResultCallBack(ServiceAdapter.java:185)
E/JavaBinder( 1992):    at com.aidufei.otoService.IServiceCallBack$Stub.onTransact(IServiceCallBack.java:52)
E/JavaBinder( 1992):    at android.os.Binder.execTransact(Binder.java:338)
E/JavaBinder( 1992):    at dalvik.system.NativeStart.run(Native Method)
D/OtOService( 1775): send callback obj: com.aidufei.otoService.IServiceCallBack$Stub$Proxy@427399a0
D/OtOService( 1775): send callback: 101
I/ServiceAdapter( 1992): dvb_ResultCallBack: what:101   arg1:0
I/ServiceAdapter( 1992): +++++ShiftTime+++++0++++ShiftEnd++++0++++TimeCode++++0++++++delay+++++0
I/ServiceAdapter( 1992): dvb_ResultCallBack: get stb vol:
D/OtOService( 1775): VOB　sync :com.aidufei.otoService.PlayEvent@41be1c18
E/ServerAdapter( 1775): ServerAdapter:0
E/ServerHandler( 1775): Send:com.aidufei.protocol.oto.OtOStatusRequest@41be1f38
D/ServerHandler( 1775): ServerHandler send request:103:{"ResourceInfo":{"ProductCode":"","PlayType":2,"ResourceCode":"","ResourceName":" "},"Status":{"ReturnCode":100,"Description":"ok"},"PlayStatus":0,"Volume":0}
V/ServerHandler( 1775): ServerHandler send DatagramPacket:/192.168.1.104-[B@41be39f8
D/OtOService( 1775): send callback obj: com.aidufei.otoService.IServiceCallBack$Stub$Proxy@41595ab8
D/OtOService( 1775): send callback: 101
I/ServiceAdapter( 1992): dvb_ResultCallBack: what:101   arg1:0
I/ServiceAdapter( 1992): +++++ShiftTime+++++0++++ShiftEnd++++0++++TimeCode++++0++++++delay+++++0
I/ServiceAdapter( 1992): dvb_ResultCallBack: get stb vol:
D/OtOService( 1775): VOB　sync :com.aidufei.otoService.PlayEvent@41be4370
E/ServerAdapter( 1775): ServerAdapter:0
E/ServerHandler( 1775): Send:com.aidufei.protocol.oto.OtOStatusRequest@41be4690
D/ServerHandler( 1775): ServerHandler send request:103:{"ResourceInfo":{"ProductCode":"","PlayType":2,"ResourceCode":"","ResourceName":" "},"Status":{"ReturnCode":100,"Description":"ok"},"PlayStatus":0,"Volume":0}
V/ServerHandler( 1775): ServerHandler send DatagramPacket:/192.168.1.104-[B@41be6150
D/OtOService( 1775): send callback obj: com.aidufei.otoService.IServiceCallBack$Stub$Proxy@41b671c0
D/OtOService( 1775): send callback: 101
I/ServiceAdapter( 1992): dvb_ResultCallBack: what:101   arg1:0
I/ServiceAdapter( 1992): +++++ShiftTime+++++0++++ShiftEnd++++0++++TimeCode++++0++++++delay+++++0
I/ServiceAdapter( 1992): dvb_ResultCallBack: get stb vol:
D/OtOService( 1775): VOB　sync :com.aidufei.otoService.PlayEvent@41be6ac8
E/ServerAdapter( 1775): ServerAdapter:0
E/ServerHandler( 1775): Send:com.aidufei.protocol.oto.OtOStatusRequest@41be6de8
D/ServerHandler( 1775): ServerHandler send request:103:{"ResourceInfo":{"ProductCode":"","PlayType":2,"ResourceCode":"","ResourceName":" "},"Status":{"ReturnCode":100,"Description":"ok"},"PlayStatus":0,"Volume":0}
V/ServerHandler( 1775): ServerHandler send DatagramPacket:/192.168.1.104-[B@41f18c98
D/OtOService( 1775): send callback obj: com.aidufei.otoService.IServiceCallBack$Stub$Proxy@41f08a88
D/OtOService( 1775): send callback: 101
I/ServiceAdapter( 1992): dvb_ResultCallBack: what:101   arg1:0
E/JavaBinder( 1992): *** Uncaught remote exception!  (Exceptions are not yet supported across processes.)
E/JavaBinder( 1992): java.lang.RuntimeException: Can't create handler inside thread that has not called Looper.prepare()
E/JavaBinder( 1992):    at android.os.Handler.<init>(Handler.java:121)
E/JavaBinder( 1992):    at com.coship.dvbplayer.view.VolbarView$1.<init>(VolbarView.java:134)
E/JavaBinder( 1992):    at com.coship.dvbplayer.view.VolbarView.<init>(VolbarView.java:134)
E/JavaBinder( 1992):    at com.coship.dvbplayer.view.VolbarView.getInstance(VolbarView.java:63)
E/JavaBinder( 1992):    at com.aidufei.otoService.ServiceAdapter$2.ResultCallBack(ServiceAdapter.java:185)
E/JavaBinder( 1992):    at com.aidufei.otoService.IServiceCallBack$Stub.onTransact(IServiceCallBack.java:52)
E/JavaBinder( 1992):    at android.os.Binder.execTransact(Binder.java:338)
E/JavaBinder( 1992):    at dalvik.system.NativeStart.run(Native Method)
D/OtOService( 1775): send callback obj: com.aidufei.otoService.IServiceCallBack$Stub$Proxy@41f12158
D/OtOService( 1775): send callback: 101
I/ServiceAdapter( 1992): dvb_ResultCallBack: what:101   arg1:0
E/JavaBinder( 1992): *** Uncaught remote exception!  (Exceptions are not yet supported across processes.)
E/JavaBinder( 1992): java.lang.RuntimeException: Can't create handler inside thread that has not called Looper.prepare()
E/JavaBinder( 1992):    at android.os.Handler.<init>(Handler.java:121)
E/JavaBinder( 1992):    at com.coship.dvbplayer.view.VolbarView$1.<init>(VolbarView.java:134)
E/JavaBinder( 1992):    at com.coship.dvbplayer.view.VolbarView.<init>(VolbarView.java:134)
E/JavaBinder( 1992):    at com.coship.dvbplayer.view.VolbarView.getInstance(VolbarView.java:63)
E/JavaBinder( 1992):    at com.aidufei.otoService.ServiceAdapter$2.ResultCallBack(ServiceAdapter.java:185)
E/JavaBinder( 1992):    at com.aidufei.otoService.IServiceCallBack$Stub.onTransact(IServiceCallBack.java:52)
E/JavaBinder( 1992):    at android.os.Binder.execTransact(Binder.java:338)
E/JavaBinder( 1992):    at dalvik.system.NativeStart.run(Native Method)
D/OtOService( 1775): send callback obj: com.aidufei.otoService.IServiceCallBack$Stub$Proxy@41f20dc8
D/OtOService( 1775): send callback: 101
I/ServiceAdapter( 1992): dvb_ResultCallBack: what:101   arg1:0
I/ServiceAdapter( 1992): +++++ShiftTime+++++0++++ShiftEnd++++0++++TimeCode++++0++++++delay+++++0
I/ServiceAdapter( 1992): dvb_ResultCallBack: get stb vol:
D/OtOService( 1775): VOB　sync :com.aidufei.otoService.PlayEvent@41f19d80
E/ServerAdapter( 1775): ServerAdapter:0
E/ServerHandler( 1775): Send:com.aidufei.protocol.oto.OtOStatusRequest@41f1a020
D/ServerHandler( 1775): ServerHandler send request:103:{"ResourceInfo":{"ProductCode":"","PlayType":2,"ResourceCode":"","ResourceName":" "},"Status":{"ReturnCode":100,"Description":"ok"},"PlayStatus":0,"Volume":0}
V/ServerHandler( 1775): ServerHandler send DatagramPacket:/192.168.1.104-[B@41f1bae0
D/OtOService( 1775): send callback obj: com.aidufei.otoService.IServiceCallBack$Stub$Proxy@4274fa80
E/ServerAdapter( 1775): ServerAdapter:0
E/ServerHandler( 1775): Send:com.aidufei.protocol.oto.OtOStatusRequest@41f1c390
D/ServerHandler( 1775): ServerHandler send request:103:{"Status":{"ReturnCode":99,"Description":"status sync processing"},"PlayStatus":0,"Volume":0}
V/ServerHandler( 1775): ServerHandler send DatagramPacket:/192.168.1.104-[B@41f1d450
D/HomePlayerLib( 1665): hostaddress count is 1
D/dalvikvm( 1665): GC_CONCURRENT freed 741K, 65% free 2616K/7363K, paused 2ms+2ms
D/dalvikvm( 1665): GC_CONCURRENT freed 713K, 65% free 2625K/7363K, paused 2ms+2ms
D/dalvikvm( 1665): GC_CONCURRENT freed 726K, 65% free 2633K/7363K, paused 2ms+2ms
E/ServerHandler( 1775): receiveRequest
V/OtORequest( 1775): parseCommand
V/OtORequest( 1775): get command=103
V/OtORequest( 1775): parse OtORequest: cmd=103 paramLength=0 bufferlen=8
D/OtOService( 1775): client request get status.playType:2
D/OtOService( 1775): callback N: 11
D/OtOService( 1775): send callback: 101
I/ServiceAdapter( 1992): dvb_ResultCallBack: what:101   arg1:0
D/dalvikvm( 1665): GC_CONCURRENT freed 744K, 65% free 2623K/7363K, paused 2ms+2ms
E/JavaBinder( 1992): *** Uncaught remote exception!  (Exceptions are not yet supported across processes.)
E/JavaBinder( 1992): java.lang.RuntimeException: Can't create handler inside thread that has not called Looper.prepare()
E/JavaBinder( 1992):    at android.os.Handler.<init>(Handler.java:121)
E/JavaBinder( 1992):    at com.coship.dvbplayer.view.VolbarView$1.<init>(VolbarView.java:134)
E/JavaBinder( 1992):    at com.coship.dvbplayer.view.VolbarView.<init>(VolbarView.java:134)
E/JavaBinder( 1992):    at com.coship.dvbplayer.view.VolbarView.getInstance(VolbarView.java:63)
E/JavaBinder( 1992):    at com.aidufei.otoService.ServiceAdapter$2.ResultCallBack(ServiceAdapter.java:185)
E/JavaBinder( 1992):    at com.aidufei.otoService.IServiceCallBack$Stub.onTransact(IServiceCallBack.java:52)
E/JavaBinder( 1992):    at android.os.Binder.execTransact(Binder.java:338)
E/JavaBinder( 1992):    at dalvik.system.NativeStart.run(Native Method)
D/OtOService( 1775): send callback obj: com.aidufei.otoService.IServiceCallBack$Stub$Proxy@41d22638
D/OtOService( 1775): send callback: 101
I/ServiceAdapter( 1992): dvb_ResultCallBack: what:101   arg1:0
E/JavaBinder( 1992): *** Uncaught remote exception!  (Exceptions are not yet supported across processes.)
E/JavaBinder( 1992): java.lang.RuntimeException: Can't create handler inside thread that has not called Looper.prepare()
E/JavaBinder( 1992):    at android.os.Handler.<init>(Handler.java:121)
E/JavaBinder( 1992):    at com.coship.dvbplayer.view.VolbarView$1.<init>(VolbarView.java:134)
E/JavaBinder( 1992):    at com.coship.dvbplayer.view.VolbarView.<init>(VolbarView.java:134)
E/JavaBinder( 1992):    at com.coship.dvbplayer.view.VolbarView.getInstance(VolbarView.java:63)
E/JavaBinder( 1992):    at com.aidufei.otoService.ServiceAdapter$2.ResultCallBack(ServiceAdapter.java:185)
E/JavaBinder( 1992):    at com.aidufei.otoService.IServiceCallBack$Stub.onTransact(IServiceCallBack.java:52)
E/JavaBinder( 1992):    at android.os.Binder.execTransact(Binder.java:338)
E/JavaBinder( 1992):    at dalvik.system.NativeStart.run(Native Method)
D/OtOService( 1775): send callback obj: com.aidufei.otoService.IServiceCallBack$Stub$Proxy@41f21110
D/OtOService( 1775): send callback: 101
I/ServiceAdapter( 1992): dvb_ResultCallBack: what:101   arg1:0
I/ServiceAdapter( 1992): +++++ShiftTime+++++0++++ShiftEnd++++0++++TimeCode++++0++++++delay+++++0
I/ServiceAdapter( 1992): dvb_ResultCallBack: get stb vol:
D/OtOService( 1775): VOB　sync :com.aidufei.otoService.PlayEvent@41f1ee90
E/ServerAdapter( 1775): ServerAdapter:0
E/ServerHandler( 1775): Send:com.aidufei.protocol.oto.OtOStatusRequest@41f1f1b0
D/ServerHandler( 1775): ServerHandler send request:103:{"ResourceInfo":{"ProductCode":"","PlayType":2,"ResourceCode":"","ResourceName":" "},"Status":{"ReturnCode":100,"Description":"ok"},"PlayStatus":0,"Volume":0}
V/ServerHandler( 1775): ServerHandler send DatagramPacket:/192.168.1.104-[B@41f20c70
D/OtOService( 1775): send callback obj: com.aidufei.otoService.IServiceCallBack$Stub$Proxy@41cd5f00
D/OtOService( 1775): send callback: 101
I/ServiceAdapter( 1992): dvb_ResultCallBack: what:101   arg1:0
E/JavaBinder( 1992): *** Uncaught remote exception!  (Exceptions are not yet supported across processes.)
E/JavaBinder( 1992): java.lang.RuntimeException: Can't create handler inside thread that has not called Looper.prepare()
E/JavaBinder( 1992):    at android.os.Handler.<init>(Handler.java:121)
E/JavaBinder( 1992):    at com.coship.dvbplayer.view.VolbarView$1.<init>(VolbarView.java:134)
E/JavaBinder( 1992):    at com.coship.dvbplayer.view.VolbarView.<init>(VolbarView.java:134)
E/JavaBinder( 1992):    at com.coship.dvbplayer.view.VolbarView.getInstance(VolbarView.java:63)
E/JavaBinder( 1992):    at com.aidufei.otoService.ServiceAdapter$2.ResultCallBack(ServiceAdapter.java:185)
E/JavaBinder( 1992):    at com.aidufei.otoService.IServiceCallBack$Stub.onTransact(IServiceCallBack.java:52)
E/JavaBinder( 1992):    at android.os.Binder.execTransact(Binder.java:338)
E/JavaBinder( 1992):    at dalvik.system.NativeStart.run(Native Method)
D/OtOService( 1775): send callback obj: com.aidufei.otoService.IServiceCallBack$Stub$Proxy@41b8cf78
D/OtOService( 1775): send callback: 101
I/ServiceAdapter( 1992): dvb_ResultCallBack: what:101   arg1:0
E/JavaBinder( 1992): *** Uncaught remote exception!  (Exceptions are not yet supported across processes.)
E/JavaBinder( 1992): java.lang.RuntimeException: Can't create handler inside thread that has not called Looper.prepare()
E/JavaBinder( 1992):    at android.os.Handler.<init>(Handler.java:121)
E/JavaBinder( 1992):    at com.coship.dvbplayer.view.VolbarView$1.<init>(VolbarView.java:134)
E/JavaBinder( 1992):    at com.coship.dvbplayer.view.VolbarView.<init>(VolbarView.java:134)
E/JavaBinder( 1992):    at com.coship.dvbplayer.view.VolbarView.getInstance(VolbarView.java:63)
E/JavaBinder( 1992):    at com.aidufei.otoService.ServiceAdapter$2.ResultCallBack(ServiceAdapter.java:185)
E/JavaBinder( 1992):    at com.aidufei.otoService.IServiceCallBack$Stub.onTransact(IServiceCallBack.java:52)
E/JavaBinder( 1992):    at android.os.Binder.execTransact(Binder.java:338)
E/JavaBinder( 1992):    at dalvik.system.NativeStart.run(Native Method)
D/dalvikvm( 1992): GC_CONCURRENT freed 1637K, 19% free 28388K/34755K, paused 2ms+5ms
D/OtOService( 1775): send callback obj: com.aidufei.otoService.IServiceCallBack$Stub$Proxy@427399a0
D/OtOService( 1775): send callback: 101
I/ServiceAdapter( 1992): dvb_ResultCallBack: what:101   arg1:0
I/ServiceAdapter( 1992): +++++ShiftTime+++++0++++ShiftEnd++++0++++TimeCode++++0++++++delay+++++0
I/ServiceAdapter( 1992): dvb_ResultCallBack: get stb vol:
D/OtOService( 1775): VOB　sync :com.aidufei.otoService.PlayEvent@41b8e110
E/ServerAdapter( 1775): ServerAdapter:0
E/ServerHandler( 1775): Send:com.aidufei.protocol.oto.OtOStatusRequest@41b8e430
D/ServerHandler( 1775): ServerHandler send request:103:{"ResourceInfo":{"ProductCode":"","PlayType":2,"ResourceCode":"","ResourceName":" "},"Status":{"ReturnCode":100,"Description":"ok"},"PlayStatus":0,"Volume":0}
V/ServerHandler( 1775): ServerHandler send DatagramPacket:/192.168.1.104-[B@41b8fef0
D/OtOService( 1775): send callback obj: com.aidufei.otoService.IServiceCallBack$Stub$Proxy@41595ab8
D/OtOService( 1775): send callback: 101
I/ServiceAdapter( 1992): dvb_ResultCallBack: what:101   arg1:0
I/ServiceAdapter( 1992): +++++ShiftTime+++++0++++ShiftEnd++++0++++TimeCode++++0++++++delay+++++0
I/ServiceAdapter( 1992): dvb_ResultCallBack: get stb vol:
D/OtOService( 1775): VOB　sync :com.aidufei.otoService.PlayEvent@41b90868
E/ServerAdapter( 1775): ServerAdapter:0
E/ServerHandler( 1775): Send:com.aidufei.protocol.oto.OtOStatusRequest@41b90b88
D/ServerHandler( 1775): ServerHandler send request:103:{"ResourceInfo":{"ProductCode":"","PlayType":2,"ResourceCode":"","ResourceName":" "},"Status":{"ReturnCode":100,"Description":"ok"},"PlayStatus":0,"Volume":0}
V/ServerHandler( 1775): ServerHandler send DatagramPacket:/192.168.1.104-[B@41b92648
D/OtOService( 1775): send callback obj: com.aidufei.otoService.IServiceCallBack$Stub$Proxy@41b671c0
D/OtOService( 1775): send callback: 101
I/ServiceAdapter( 1992): dvb_ResultCallBack: what:101   arg1:0
I/ServiceAdapter( 1992): +++++ShiftTime+++++0++++ShiftEnd++++0++++TimeCode++++0++++++delay+++++0
I/ServiceAdapter( 1992): dvb_ResultCallBack: get stb vol:
D/OtOService( 1775): VOB　sync :com.aidufei.otoService.PlayEvent@41b92fc0
E/ServerAdapter( 1775): ServerAdapter:0
E/ServerHandler( 1775): Send:com.aidufei.protocol.oto.OtOStatusRequest@41b932e0
D/ServerHandler( 1775): ServerHandler send request:103:{"ResourceInfo":{"ProductCode":"","PlayType":2,"ResourceCode":"","ResourceName":" "},"Status":{"ReturnCode":100,"Description":"ok"},"PlayStatus":0,"Volume":0}
V/ServerHandler( 1775): ServerHandler send DatagramPacket:/192.168.1.104-[B@41b94da0
D/OtOService( 1775): send callback obj: com.aidufei.otoService.IServiceCallBack$Stub$Proxy@41f08a88
D/OtOService( 1775): send callback: 101
I/ServiceAdapter( 1992): dvb_ResultCallBack: what:101   arg1:0
E/JavaBinder( 1992): *** Uncaught remote exception!  (Exceptions are not yet supported across processes.)
E/JavaBinder( 1992): java.lang.RuntimeException: Can't create handler inside thread that has not called Looper.prepare()
E/JavaBinder( 1992):    at android.os.Handler.<init>(Handler.java:121)
E/JavaBinder( 1992):    at com.coship.dvbplayer.view.VolbarView$1.<init>(VolbarView.java:134)
E/JavaBinder( 1992):    at com.coship.dvbplayer.view.VolbarView.<init>(VolbarView.java:134)
E/JavaBinder( 1992):    at com.coship.dvbplayer.view.VolbarView.getInstance(VolbarView.java:63)
E/JavaBinder( 1992):    at com.aidufei.otoService.ServiceAdapter$2.ResultCallBack(ServiceAdapter.java:185)
E/JavaBinder( 1992):    at com.aidufei.otoService.IServiceCallBack$Stub.onTransact(IServiceCallBack.java:52)
E/JavaBinder( 1992):    at android.os.Binder.execTransact(Binder.java:338)
E/JavaBinder( 1992):    at dalvik.system.NativeStart.run(Native Method)
D/OtOService( 1775): send callback obj: com.aidufei.otoService.IServiceCallBack$Stub$Proxy@41f12158
D/OtOService( 1775): send callback: 101
I/ServiceAdapter( 1992): dvb_ResultCallBack: what:101   arg1:0
E/JavaBinder( 1992): *** Uncaught remote exception!  (Exceptions are not yet supported across processes.)
E/JavaBinder( 1992): java.lang.RuntimeException: Can't create handler inside thread that has not called Looper.prepare()
E/JavaBinder( 1992):    at android.os.Handler.<init>(Handler.java:121)
E/JavaBinder( 1992):    at com.coship.dvbplayer.view.VolbarView$1.<init>(VolbarView.java:134)
E/JavaBinder( 1992):    at com.coship.dvbplayer.view.VolbarView.<init>(VolbarView.java:134)
E/JavaBinder( 1992):    at com.coship.dvbplayer.view.VolbarView.getInstance(VolbarView.java:63)
E/JavaBinder( 1992):    at com.aidufei.otoService.ServiceAdapter$2.ResultCallBack(ServiceAdapter.java:185)
E/JavaBinder( 1992):    at com.aidufei.otoService.IServiceCallBack$Stub.onTransact(IServiceCallBack.java:52)
E/JavaBinder( 1992):    at android.os.Binder.execTransact(Binder.java:338)
E/JavaBinder( 1992):    at dalvik.system.NativeStart.run(Native Method)
D/OtOService( 1775): send callback obj: com.aidufei.otoService.IServiceCallBack$Stub$Proxy@41f20dc8
D/OtOService( 1775): send callback: 101
I/ServiceAdapter( 1992): dvb_ResultCallBack: what:101   arg1:0
I/ServiceAdapter( 1992): +++++ShiftTime+++++0++++ShiftEnd++++0++++TimeCode++++0++++++delay+++++0
I/ServiceAdapter( 1992): dvb_ResultCallBack: get stb vol:
D/OtOService( 1775): VOB　sync :com.aidufei.otoService.PlayEvent@41f21a28
E/ServerAdapter( 1775): ServerAdapter:0
E/ServerHandler( 1775): Send:com.aidufei.protocol.oto.OtOStatusRequest@41f21d00
D/ServerHandler( 1775): ServerHandler send request:103:{"ResourceInfo":{"ProductCode":"","PlayType":2,"ResourceCode":"","ResourceName":" "},"Status":{"ReturnCode":100,"Description":"ok"},"PlayStatus":0,"Volume":0}
V/ServerHandler( 1775): ServerHandler send DatagramPacket:/192.168.1.104-[B@41f237c0
D/OtOService( 1775): send callback obj: com.aidufei.otoService.IServiceCallBack$Stub$Proxy@4274fa80
E/ServerAdapter( 1775): ServerAdapter:0
E/ServerHandler( 1775): Send:com.aidufei.protocol.oto.OtOStatusRequest@41f24070
D/ServerHandler( 1775): ServerHandler send request:103:{"Status":{"ReturnCode":99,"Description":"status sync processing"},"PlayStatus":0,"Volume":0}
V/ServerHandler( 1775): ServerHandler send DatagramPacket:/192.168.1.104-[B@41f25130
D/dalvikvm( 1665): GC_CONCURRENT freed 717K, 66% free 2521K/7363K, paused 2ms+2ms
D/dalvikvm( 1665): GC_CONCURRENT freed 596K, 66% free 2519K/7363K, paused 2ms+2ms
E/ServerHandler( 1775): receiveRequest
V/OtORequest( 1775): parseCommand
V/OtORequest( 1775): get command=103
V/OtORequest( 1775): parse OtORequest: cmd=103 paramLength=0 bufferlen=8
D/OtOService( 1775): client request get status.playType:2
D/OtOService( 1775): callback N: 11
D/OtOService( 1775): send callback: 101
I/ServiceAdapter( 1992): dvb_ResultCallBack: what:101   arg1:0
E/JavaBinder( 1992): *** Uncaught remote exception!  (Exceptions are not yet supported across processes.)
E/JavaBinder( 1992): java.lang.RuntimeException: Can't create handler inside thread that has not called Looper.prepare()
E/JavaBinder( 1992):    at android.os.Handler.<init>(Handler.java:121)
E/JavaBinder( 1992):    at com.coship.dvbplayer.view.VolbarView$1.<init>(VolbarView.java:134)
E/JavaBinder( 1992):    at com.coship.dvbplayer.view.VolbarView.<init>(VolbarView.java:134)
E/JavaBinder( 1992):    at com.coship.dvbplayer.view.VolbarView.getInstance(VolbarView.java:63)
E/JavaBinder( 1992):    at com.aidufei.otoService.ServiceAdapter$2.ResultCallBack(ServiceAdapter.java:185)
E/JavaBinder( 1992):    at com.aidufei.otoService.IServiceCallBack$Stub.onTransact(IServiceCallBack.java:52)
E/JavaBinder( 1992):    at android.os.Binder.execTransact(Binder.java:338)
E/JavaBinder( 1992):    at dalvik.system.NativeStart.run(Native Method)
D/OtOService( 1775): send callback obj: com.aidufei.otoService.IServiceCallBack$Stub$Proxy@41d22638
D/OtOService( 1775): send callback: 101
I/ServiceAdapter( 1992): dvb_ResultCallBack: what:101   arg1:0
E/JavaBinder( 1992): *** Uncaught remote exception!  (Exceptions are not yet supported across processes.)
E/JavaBinder( 1992): java.lang.RuntimeException: Can't create handler inside thread that has not called Looper.prepare()
E/JavaBinder( 1992):    at android.os.Handler.<init>(Handler.java:121)
E/JavaBinder( 1992):    at com.coship.dvbplayer.view.VolbarView$1.<init>(VolbarView.java:134)
E/JavaBinder( 1992):    at com.coship.dvbplayer.view.VolbarView.<init>(VolbarView.java:134)
E/JavaBinder( 1992):    at com.coship.dvbplayer.view.VolbarView.getInstance(VolbarView.java:63)
