03-25 09:56:55.526 V/MediaControler( 3993): Set volume:0
03-25 09:56:55.536 V/AudioPolicyManagerALSA(  119): getDeviceForStrategy() from cache strategy 0, device 2
03-25 09:56:55.536 I/VideoPlayer( 3993): onGetPlayStatus:0
03-25 09:56:55.536 V/OtORequestHandler( 3993): receive data from 192.168.1.3
03-25 09:56:55.536 D/OtORequestHandler( 3993): receive data 111111
03-25 09:56:55.536 V/OtORequest_apple( 3993): get command=103
03-25 09:56:55.536 V/OtORequest( 3993): parse OtORequest: cmd=103 paramLength=158 bufferlen=166
03-25 09:56:55.536 V/OtORequest( 3993): parse param: param={"ResourceInfo":{"ProductCode":"","PlayType":2,"ResourceCode":"","ResourceName":" "},"Status":{"ReturnCode":100,"Description":"ok"},"PlayStatus":0,"Volume":0}lume":0}
03-25 09:56:55.536 E/apple   ( 3993): OtOStatus request11： 0
03-25 09:56:55.536 D/OtORequestHandler( 3993): receive data aaaaaaa:com.aidufei.protocol.oto.OtOStatusRequest@42ac4f18
03-25 09:56:55.536 D/OtORequestHandler( 3993): receive data 2222222
03-25 09:56:55.536 D/OtORequestHandler( 3993): receive data 3333333
03-25 09:56:55.536 V/OtODeviceAdapter( 3993): start handle data.
03-25 09:56:55.536 V/OtODeviceAdapter( 3993): onPlayStatusSync.
03-25 09:56:55.536 I/VideoPlayer( 3993): onGetStatus:
03-25 09:56:55.536 E/VideoPlayer( 3993): sync_ok:
03-25 09:56:55.536 V/VideoPlayer( 3993): get server play VOB status: ResourceName=  ResourceCode= ProductCode=
03-25 09:56:55.536 I/VideoPlayer( 3993): onGetVolume(volume):0
03-25 09:56:55.536 V/MediaControler( 3993): Set volume:0
03-25 09:56:55.536 V/AudioPolicyManagerALSA(  119): getDeviceForStrategy() from cache strategy 0, device 2
03-25 09:56:55.536 I/VideoPlayer( 3993): onGetPlayStatus:0
03-25 09:56:55.536 V/OtORequestHandler( 3993): receive data from 192.168.1.3
03-25 09:56:55.536 D/OtORequestHandler( 3993): receive data 111111
03-25 09:56:55.536 V/OtORequest_apple( 3993): get command=103
03-25 09:56:55.536 V/OtORequest( 3993): parse OtORequest: cmd=103 paramLength=158 bufferlen=166
03-25 09:56:55.536 V/OtORequest( 3993): parse param: param={"ResourceInfo":{"ProductCode":"","PlayType":2,"ResourceCode":"","ResourceName":" "},"Status":{"ReturnCode":100,"Description":"ok"},"PlayStatus":0,"Volume":0}lume":0}
03-25 09:56:55.536 E/apple   ( 3993): OtOStatus request11： 0
03-25 09:56:55.546 D/OtORequestHandler( 3993): receive data aaaaaaa:com.aidufei.protocol.oto.OtOStatusRequest@42c40378
03-25 09:56:55.546 D/OtORequestHandler( 3993): receive data 2222222
03-25 09:56:55.546 D/OtORequestHandler( 3993): receive data 3333333
03-25 09:56:55.546 V/OtODeviceAdapter( 3993): start handle data.
03-25 09:56:55.546 V/OtODeviceAdapter( 3993): onPlayStatusSync.
03-25 09:56:55.546 I/VideoPlayer( 3993): onGetStatus:
03-25 09:56:55.546 E/VideoPlayer( 3993): sync_ok:
03-25 09:56:55.546 V/VideoPlayer( 3993): get server play VOB status: ResourceName=  ResourceCode= ProductCode=
03-25 09:56:55.546 I/VideoPlayer( 3993): onGetVolume(volume):0
03-25 09:56:55.546 V/MediaControler( 3993): Set volume:0
03-25 09:56:55.546 V/AudioPolicyManagerALSA(  119): getDeviceForStrategy() from cache strategy 0, device 2
03-25 09:56:55.546 I/VideoPlayer( 3993): onGetPlayStatus:0
03-25 09:56:55.546 V/OtORequestHandler( 3993): receive data from 192.168.1.3
03-25 09:56:55.546 D/OtORequestHandler( 3993): receive data 111111
03-25 09:56:55.546 V/OtORequest_apple( 3993): get command=103
03-25 09:56:55.546 V/OtORequest( 3993): parse OtORequest: cmd=103 paramLength=158 bufferlen=166
03-25 09:56:55.546 V/OtORequest( 3993): parse param: param={"ResourceInfo":{"ProductCode":"","PlayType":2,"ResourceCode":"","ResourceName":" "},"Status":{"ReturnCode":100,"Description":"ok"},"PlayStatus":0,"Volume":0}lume":0}
03-25 09:56:55.546 E/apple   ( 3993): OtOStatus request11： 0
03-25 09:56:55.546 D/OtORequestHandler( 3993): receive data aaaaaaa:com.aidufei.protocol.oto.OtOStatusRequest@42f82cb0
03-25 09:56:55.546 D/OtORequestHandler( 3993): receive data 2222222
03-25 09:56:55.546 D/OtORequestHandler( 3993): receive data 3333333
03-25 09:56:55.546 V/OtODeviceAdapter( 3993): start handle data.
03-25 09:56:55.546 V/OtODeviceAdapter( 3993): onPlayStatusSync.
03-25 09:56:55.546 I/VideoPlayer( 3993): onGetStatus:
03-25 09:56:55.546 E/VideoPlayer( 3993): sync_ok:
03-25 09:56:55.546 V/VideoPlayer( 3993): get server play VOB status: ResourceName=  ResourceCode= ProductCode=
03-25 09:56:55.546 I/VideoPlayer( 3993): onGetVolume(volume):0
03-25 09:56:55.546 V/MediaControler( 3993): Set volume:0
03-25 09:56:55.546 V/AudioPolicyManagerALSA(  119): getDeviceForStrategy() from cache strategy 0, device 2
03-25 09:56:55.546 I/VideoPlayer( 3993): onGetPlayStatus:0
03-25 09:56:55.546 V/OtORequestHandler( 3993): receive data from 192.168.1.3
03-25 09:56:55.546 D/OtORequestHandler( 3993): receive data 111111
03-25 09:56:55.546 V/OtORequest_apple( 3993): get command=103
03-25 09:56:55.546 V/OtORequest( 3993): parse OtORequest: cmd=103 paramLength=158 bufferlen=166
03-25 09:56:55.556 V/OtORequest( 3993): parse param: param={"ResourceInfo":{"ProductCode":"","PlayType":2,"ResourceCode":"","ResourceName":" "},"Status":{"ReturnCode":100,"Description":"ok"},"PlayStatus":0,"Volume":0}lume":0}
03-25 09:56:55.556 E/apple   ( 3993): OtOStatus request11： 0
03-25 09:56:55.556 D/OtORequestHandler( 3993): receive data aaaaaaa:com.aidufei.protocol.oto.OtOStatusRequest@430323a0
03-25 09:56:55.556 D/OtORequestHandler( 3993): receive data 2222222
03-25 09:56:55.556 D/OtORequestHandler( 3993): receive data 3333333
03-25 09:56:55.556 V/OtODeviceAdapter( 3993): start handle data.
03-25 09:56:55.556 V/OtODeviceAdapter( 3993): onPlayStatusSync.
03-25 09:56:55.556 I/VideoPlayer( 3993): onGetStatus:
03-25 09:56:55.556 E/VideoPlayer( 3993): sync_ok:
03-25 09:56:55.556 V/VideoPlayer( 3993): get server play VOB status: ResourceName=  ResourceCode= ProductCode=
03-25 09:56:55.556 I/VideoPlayer( 3993): onGetVolume(volume):0
03-25 09:56:55.556 V/MediaControler( 3993): Set volume:0
03-25 09:56:55.556 V/AudioPolicyManagerALSA(  119): getDeviceForStrategy() from cache strategy 0, device 2
03-25 09:56:55.556 I/VideoPlayer( 3993): onGetPlayStatus:0
03-25 09:56:55.556 V/OtORequestHandler( 3993): receive data from 192.168.1.3
03-25 09:56:55.556 D/OtORequestHandler( 3993): receive data 111111
03-25 09:56:55.556 V/OtORequest_apple( 3993): get command=103
03-25 09:56:55.556 V/OtORequest( 3993): parse OtORequest: cmd=103 paramLength=158 bufferlen=166
03-25 09:56:55.556 V/OtORequest( 3993): parse param: param={"ResourceInfo":{"ProductCode":"","PlayType":2,"ResourceCode":"","ResourceName":" "},"Status":{"ReturnCode":100,"Description":"ok"},"PlayStatus":0,"Volume":0}lume":0}
03-25 09:56:55.556 E/apple   ( 3993): OtOStatus request11： 0
03-25 09:56:55.556 D/OtORequestHandler( 3993): receive data aaaaaaa:com.aidufei.protocol.oto.OtOStatusRequest@42ff6ba0
03-25 09:56:55.556 D/OtORequestHandler( 3993): receive data 2222222
03-25 09:56:55.556 D/OtORequestHandler( 3993): receive data 3333333
03-25 09:56:55.556 V/OtODeviceAdapter( 3993): start handle data.
03-25 09:56:55.556 V/OtODeviceAdapter( 3993): onPlayStatusSync.
03-25 09:56:55.556 I/VideoPlayer( 3993): onGetStatus:
03-25 09:56:55.556 E/VideoPlayer( 3993): sync_ok:
03-25 09:56:55.556 V/VideoPlayer( 3993): get server play VOB status: ResourceName=  ResourceCode= ProductCode=
03-25 09:56:55.556 I/VideoPlayer( 3993): onGetVolume(volume):0
03-25 09:56:55.556 V/MediaControler( 3993): Set volume:0
03-25 09:56:55.556 V/AudioPolicyManagerALSA(  119): getDeviceForStrategy() from cache strategy 0, device 2
03-25 09:56:55.566 I/VideoPlayer( 3993): onGetPlayStatus:0
03-25 09:56:55.566 V/OtORequestHandler( 3993): receive data from 192.168.1.3
03-25 09:56:55.566 D/OtORequestHandler( 3993): receive data 111111
03-25 09:56:55.566 V/OtORequest_apple( 3993): get command=103
03-25 09:56:55.566 V/OtORequest( 3993): parse OtORequest: cmd=103 paramLength=158 bufferlen=166
03-25 09:56:55.566 V/OtORequest( 3993): parse param: param={"ResourceInfo":{"ProductCode":"","PlayType":2,"ResourceCode":"","ResourceName":" "},"Status":{"ReturnCode":100,"Description":"ok"},"PlayStatus":0,"Volume":0}lume":0}
03-25 09:56:55.566 E/apple   ( 3993): OtOStatus request11： 0
03-25 09:56:55.566 D/OtORequestHandler( 3993): receive data aaaaaaa:com.aidufei.protocol.oto.OtOStatusRequest@43019c88
03-25 09:56:55.566 D/OtORequestHandler( 3993): receive data 2222222
03-25 09:56:55.566 D/OtORequestHandler( 3993): receive data 3333333
03-25 09:56:55.566 V/OtODeviceAdapter( 3993): start handle data.
03-25 09:56:55.566 V/OtODeviceAdapter( 3993): onPlayStatusSync.
03-25 09:56:55.566 I/VideoPlayer( 3993): onGetStatus:
03-25 09:56:55.566 E/VideoPlayer( 3993): sync_ok:
03-25 09:56:55.566 V/VideoPlayer( 3993): get server play VOB status: ResourceName=  ResourceCode= ProductCode=
03-25 09:56:55.566 I/VideoPlayer( 3993): onGetVolume(volume):0
03-25 09:56:55.566 V/MediaControler( 3993): Set volume:0
03-25 09:56:55.566 V/AudioPolicyManagerALSA(  119): getDeviceForStrategy() from cache strategy 0, device 2
03-25 09:56:55.566 I/VideoPlayer( 3993): onGetPlayStatus:0
03-25 09:56:55.566 V/OtORequestHandler( 3993): receive data from 192.168.1.3
03-25 09:56:55.566 D/OtORequestHandler( 3993): receive data 111111
03-25 09:56:55.566 V/OtORequest_apple( 3993): get command=103
03-25 09:56:55.566 V/OtORequest( 3993): parse OtORequest: cmd=103 paramLength=93 bufferlen=101
03-25 09:56:55.566 V/OtORequest( 3993): parse param: param={"Status":{"ReturnCode":99,"Description":"status sync processing"},"PlayStatus":0,"Volume":0}lume":0}
03-25 09:56:55.566 E/apple   ( 3993): OtOStatus request11： 0
03-25 09:56:55.566 D/OtORequestHandler( 3993): receive data aaaaaaa:com.aidufei.protocol.oto.OtOStatusRequest@42ddb190
03-25 09:56:55.566 D/OtORequestHandler( 3993): receive data 2222222
03-25 09:56:55.566 D/OtORequestHandler( 3993): receive data 3333333
03-25 09:56:55.566 V/OtODeviceAdapter( 3993): start handle data.
03-25 09:56:55.566 V/OtODeviceAdapter( 3993): onPlayStatusSync.
03-25 09:56:55.566 I/VideoPlayer( 3993): onGetStatus:
03-25 09:56:55.566 V/VideoPlayer( 3993): get server play status is processing, please wait:status sync processing
03-25 09:56:55.566 I/VideoPlayer( 3993): onGetVolume(volume):0
03-25 09:56:55.566 V/VideoPlayer( 3993): get volume is processing, please wait:status sync processing
03-25 09:56:55.566 I/VideoPlayer( 3993): onGetPlayStatus:0
03-25 09:56:56.347 D/        ( 3993): Item loaded from cache: http://218.17.158.6:3390/ott-poster/upload/logo/default.png
03-25 09:56:56.347 D/        ( 3993): Item loaded from cache: http://218.17.158.6:3390/ott-poster/upload/logo/default.png
03-25 09:56:56.357 D/        ( 3993): Item loaded from cache: http://218.17.158.6:3390/ott-poster/upload/logo/default.png
03-25 09:56:56.357 D/        ( 3993): Item loaded from cache: http://218.17.158.6:3390/ott-poster/upload/logo/default.png
03-25 09:56:56.357 D/        ( 3993): Item loaded from cache: http://218.17.158.6:3390/ott-poster/upload/logo/default.png
03-25 09:56:56.367 D/        ( 3993): Item loaded from cache: http://218.17.158.6:3390/ott-poster/upload/logo/default.png
03-25 09:56:56.367 D/KeyguardViewMediator(  380): setHidden false
03-25 09:56:56.427 D/Test    ( 3993): requestUrl  :http://218.17.158.6:3390/userCenter/getTvFriendLog?version=V001&terminalType=3&resolution=1280*720&userName=llllll&curPage=1&pageSize=30&authKey=c20648e692897e92e743b56a61e0a0ae
03-25 09:56:56.437 D/        ( 3993): Item loaded from cache: http://218.17.158.6:3390/ott-poster/upload/logo/default.png
03-25 09:56:56.447 D/        ( 3993): Item loaded from cache: http://218.17.158.6:3390/ott-poster/upload/logo/default.png
03-25 09:56:56.447 D/        ( 3993): Item loaded from cache: http://218.17.158.6:3390/ott-poster/upload/logo/default.png
03-25 09:56:56.457 D/        ( 3993): Item loaded from cache: http://218.17.158.6:3390/ott-poster/upload/logo/default.png
03-25 09:56:56.457 D/        ( 3993): Item loaded from cache: http://218.17.158.6:3390/ott-poster/upload/logo/default.png
03-25 09:56:56.457 D/        ( 3993): Item loaded from cache: http://218.17.158.6:3390/ott-poster/upload/logo/default.png
03-25 09:56:56.787 E/Functions( 3993): getTvFriendLog:
03-25 09:56:56.787 I/VideoPlayer( 3993): tvFriendLogs:17
03-25 09:56:56.807 D/        ( 3993): Item loaded from cache: http://photo.feifeikan.com:80/ott-poster/poster_root/movie_poster/TWSX1000000000000254/poster/256x383/20130304151846332_0175.jpg
03-25 09:56:56.807 D/        ( 3993): Item loaded from cache: http://photo.feifeikan.com:80/ott-poster/upload/logo/default.png
03-25 09:56:56.807 D/        ( 3993): Item loaded from cache: http://photo.feifeikan.com:80/ott-poster/poster_root/movie_poster/TWSX1810000000001561/poster/256x383/20130205112032223_0040.jpg
03-25 09:56:56.807 D/        ( 3993): Item loaded from cache: http://photo.feifeikan.com:80/ott-poster/upload/logo/default.png
03-25 09:56:56.807 D/        ( 3993): Item loaded from cache: http://photo.feifeikan.com:80/ott-poster/poster_root/movie_poster/TWSX1810000000001561/poster/256x383/20130205112032223_0040.jpg
03-25 09:56:56.807 D/        ( 3993): Item loaded from cache: http://photo.feifeikan.com:80/ott-poster/upload/logo/default.png
03-25 09:56:56.807 D/        ( 3993): Item loaded from cache: http://photo.feifeikan.com:80/ott-poster/poster_root/movie_poster/TWSX1810000000001561/poster/256x383/20130205112032223_0040.jpg
03-25 09:56:56.817 D/        ( 3993): Item loaded from cache: http://photo.feifeikan.com:80/ott-poster/upload/logo/default.png
03-25 09:56:56.837 D/        ( 3993): Item loaded from cache: http://photo.feifeikan.com:80/ott-poster/upload/logo/default.png
03-25 09:56:56.837 D/        ( 3993): Item loaded from cache: http://218.17.158.6:3390/ott-poster/upload/logo/default.png
03-25 09:56:56.847 D/        ( 3993): Item loaded from cache: http://photo.feifeikan.com:80/ott-poster/poster_root/movie_poster/TWSX1000000000000254/poster/256x383/20130304151846332_0175.jpg
03-25 09:56:56.847 D/        ( 3993): Item loaded from cache: http://photo.feifeikan.com:80/ott-poster/upload/logo/default.png
03-25 09:56:56.857 D/        ( 3993): Item loaded from cache: http://photo.feifeikan.com:80/ott-poster/poster_root/movie_poster/TWSX1810000000001561/poster/256x383/20130205112032223_0040.jpg
03-25 09:56:56.857 D/        ( 3993): Item loaded from cache: http://photo.feifeikan.com:80/ott-poster/upload/logo/default.png
03-25 09:56:56.857 D/        ( 3993): Item loaded from cache: http://photo.feifeikan.com:80/ott-poster/poster_root/movie_poster/TWSX1810000000001561/poster/256x383/20130205112032223_0040.jpg
03-25 09:56:56.857 D/        ( 3993): Item loaded from cache: http://photo.feifeikan.com:80/ott-poster/upload/logo/default.png
03-25 09:56:56.857 D/        ( 3993): Item loaded from cache: http://photo.feifeikan.com:80/ott-poster/poster_root/movie_poster/TWSX1810000000001561/poster/256x383/20130205112032223_0040.jpg
03-25 09:56:56.867 D/        ( 3993): Item loaded from cache: http://photo.feifeikan.com:80/ott-poster/upload/logo/default.png
03-25 09:56:56.887 D/dalvikvm( 3993): GC_CONCURRENT freed 1787K, 24% free 22550K/29315K, paused 13ms+6ms, total 65ms
03-25 09:56:56.887 D/dalvikvm( 3993): WAIT_FOR_CONCURRENT_GC blocked 19ms
03-25 09:56:56.887 D/dalvikvm( 3993): WAIT_FOR_CONCURRENT_GC blocked 22ms
03-25 09:56:56.887 D/        ( 3993): Item loaded from cache: http://photo.feifeikan.com:80/ott-poster/upload/logo/default.png
03-25 09:56:56.887 D/        ( 3993): Item loaded from cache: http://218.17.158.6:3390/ott-poster/upload/logo/default.png
03-25 09:56:56.887 D/        ( 3993): Item loaded from cache: http://photo.feifeikan.com:80/ott-poster/poster_root/movie_poster/TWSX1000000000000254/poster/256x383/20130304151846332_0175.jpg
03-25 09:56:56.887 D/        ( 3993): Item loaded from cache: http://photo.feifeikan.com:80/ott-poster/upload/logo/default.png
03-25 09:56:56.897 D/        ( 3993): Item loaded from cache: http://photo.feifeikan.com:80/ott-poster/upload/logo/default.png
03-25 09:56:56.897 D/        ( 3993): Item loaded from cache: http://218.17.158.6:3390/ott-poster/upload/logo/default.png
03-25 09:56:56.897 D/        ( 3993): Item loaded from cache: http://photo.feifeikan.com:80/ott-poster/poster_root/movie_poster/TWSX1000000000000254/poster/256x383/20130304151846332_0175.jpg
03-25 09:56:56.897 D/        ( 3993): Item loaded from cache: http://photo.feifeikan.com:80/ott-poster/upload/logo/default.png
03-25 09:56:56.897 D/        ( 3993): Item loaded from cache: http://218.17.158.6:3390/ott-poster/upload/logo/default.png
03-25 09:56:56.907 D/        ( 3993): Item loaded from cache: http://photo.feifeikan.com:80/ott-poster/poster_root/movie_poster/TWSX1000000000000254/poster/256x383/20130304151846332_0175.jpg
03-25 09:56:56.907 D/        ( 3993): Item loaded from cache: http://photo.feifeikan.com:80/ott-poster/upload/logo/default.png
03-25 09:56:56.907 D/        ( 3993): Item loaded from cache: http://photo.feifeikan.com:80/ott-poster/upload/logo/default.png
03-25 09:56:56.907 D/        ( 3993): Item loaded from cache: http://photo.feifeikan.com:80/ott-poster/upload/logo/default.png
03-25 09:56:56.907 D/        ( 3993): Item loaded from cache: http://photo.feifeikan.com:80/ott-poster/upload/logo/default.png
03-25 09:56:56.907 D/        ( 3993): Item loaded from cache: http://218.17.158.6:3390/ott-poster/upload/logo/default.png
03-25 09:56:56.907 D/        ( 3993): Item downloaded: http://photo.feifeikan.com:80/ott-poster/poster_root/movie_poster/TWSX1810000000001561/poster/256x383/20130205112032223_0040.jpg
03-25 09:56:56.917 D/        ( 3993): Item loaded from cache: http://photo.feifeikan.com:80/ott-poster/poster_root/movie_poster/TWSX1000000000000254/poster/256x383/20130304151846332_0175.jpg
03-25 09:56:56.917 D/        ( 3993): Item loaded from cache: http://photo.feifeikan.com:80/ott-poster/upload/logo/default.png
03-25 09:56:56.917 D/        ( 3993): Item loaded from cache: http://photo.feifeikan.com:80/ott-poster/poster_root/movie_poster/TWSX1810000000001561/poster/256x383/20130205112032223_0040.jpg
03-25 09:56:56.917 D/        ( 3993): Item loaded from cache: http://photo.feifeikan.com:80/ott-poster/upload/logo/default.png
03-25 09:56:56.917 D/        ( 3993): Item loaded from cache: http://photo.feifeikan.com:80/ott-poster/poster_root/movie_poster/TWSX1810000000001561/poster/256x383/20130205112032223_0040.jpg
03-25 09:56:56.917 D/        ( 3993): Item loaded from cache: http://photo.feifeikan.com:80/ott-poster/upload/logo/default.png
03-25 09:56:56.917 D/        ( 3993): Item loaded from cache: http://218.17.158.6:3390/ott-poster/upload/logo/default.png
03-25 09:56:56.917 D/        ( 3993): Item loaded from cache: http://photo.feifeikan.com:80/ott-poster/poster_root/movie_poster/TWSX1000000000000254/poster/256x383/20130304151846332_0175.jpg
03-25 09:56:56.917 D/        ( 3993): Item loaded from cache: http://photo.feifeikan.com:80/ott-poster/upload/logo/default.png
03-25 09:56:56.927 D/        ( 3993): Item loaded from cache: http://photo.feifeikan.com:80/ott-poster/poster_root/movie_poster/TWSX1810000000001561/poster/256x383/20130205112032223_0040.jpg
03-25 09:56:56.927 D/        ( 3993): Item loaded from cache: http://photo.feifeikan.com:80/ott-poster/upload/logo/default.png
03-25 09:56:56.927 D/        ( 3993): Item downloaded: http://photo.feifeikan.com:80/ott-poster/poster_root/movie_poster/TWSX1810000000001561/poster/256x383/20130205112032223_0040.jpg
03-25 09:56:56.937 D/        ( 3993): Item loaded from cache: http://photo.feifeikan.com:80/ott-poster/poster_root/movie_poster/TWSX1810000000001561/poster/256x383/20130205112032223_0040.jpg
03-25 09:56:56.937 D/        ( 3993): Item loaded from cache: http://photo.feifeikan.com:80/ott-poster/upload/logo/default.png
03-25 09:56:56.937 D/        ( 3993): Item downloaded: http://photo.feifeikan.com:80/ott-poster/poster_root/movie_poster/TWSX1810000000001561/poster/256x383/20130205112032223_0040.jpg
03-25 09:56:56.957 D/PinyinIME(  524): PinyinIME--->onFinishInput.
03-25 09:56:56.957 D/        ( 3993): Item downloaded: http://photo.feifeikan.com:80/ott-poster/poster_root/movie_poster/TWSX1810000000001561/poster/256x383/20130205112032223_0040.jpg
03-25 09:56:57.078 D/dalvikvm( 3993): GC_FOR_ALLOC freed 1388K, 23% free 22767K/29315K, paused 39ms, total 39ms
03-25 09:56:57.078 I/dalvikvm-heap( 3993): Grow heap (frag case) to 26.241MB for 392208-byte allocation
03-25 09:56:57.128 D/dalvikvm( 3993): GC_FOR_ALLOC freed 9K, 23% free 23141K/29699K, paused 49ms, total 49ms
03-25 09:56:57.168 D/BitmapManager( 3993): writeToFile OK
03-25 09:56:57.168 D/        ( 3993): Item downloaded: http://photo.feifeikan.com:80/ott-poster/poster_root/movie_poster/TWSX1230000000000009/poster/256x383/20130204175141836_0001.jpg
03-25 09:56:57.228 D/BitmapManager( 3993): writeToFile OK
03-25 09:56:57.228 D/        ( 3993): Item downloaded: http://photo.feifeikan.com:80/ott-poster/poster_root/movie_poster/TWSX1230000000000009/poster/256x383/20130204175141836_0001.jpg
03-25 09:56:57.338 D/UserCenterAction( 3993): 方法getFeedBack转换<html><head><title>JBossWeb/2.0.1.GA - Error report</title><style><!--H1 {font-family:Tahoma,Arial,sans-serif;color:white;background-color:#525D76;font-size:22px;} H2 {font-family:Tahoma,Arial,sans-serif;color:white;background-color:#525D76;font-size:16px;} H3 {font-family:Tahoma,Arial,sans-serif;color:white;background-color:#525D76;font-size:14px;} BODY {font-family:Tahoma,Arial,sans-serif;color:black;background-color:white;} B {font-family:Tahoma,Arial,sans-serif;color:white;background-color:#525D76;} P {font-family:Tahoma,Arial,sans-serif;background:white;color:black;font-size:12px;}A {color : black;}A.name {color : black;}HR {color : #525D76;}--></style> </head><body><h1>HTTP Status 404 - /viewed/10032.json</h1><HR size="1" noshade="noshade"><p><b>type</b> Status report</p><p><b>message</b> <u>/viewed/10032.json</u></p><p><b>description</b> <u>The requested resource (/viewed/10032.json) is not available.</u></p><HR size="1" noshade="noshade"><h3>JBossWeb/2.0.1.GA</h3></body></html>为FeedBackJson时出错！
03-25 09:56:57.338 E/Functions( 3993): getViewedList:null
03-25 09:56:57.398 V/Device  ( 3993): 192.168.1.3: state=3,will change to =3
03-25 09:56:57.398 E/apple   ( 3993): Client current:true
03-25 09:56:57.398 E/apple   ( 3993): Client current:false
03-25 09:56:57.408 D/OtORequestHandler( 3993): send request:103
03-25 09:56:57.408 D/OtORequestHandler( 3993): send DatagramPacket
03-25 09:56:57.838 E/VideoPlayer( 3993): friendLogInfo.getResourceType():1
03-25 09:56:57.838 E/VideoPlayer( 3993): vod
03-25 09:56:57.858 D/KeyguardViewMediator(  380): setHidden false
03-25 09:56:57.868 V/OtORequestHandler( 3993): receive data from 192.168.1.3
03-25 09:56:57.868 D/OtORequestHandler( 3993): receive data 111111
03-25 09:56:57.868 V/OtORequest_apple( 3993): get command=103
03-25 09:56:57.878 V/OtORequest( 3993): parse OtORequest: cmd=103 paramLength=158 bufferlen=166
03-25 09:56:57.878 V/OtORequest( 3993): parse param: param={"ResourceInfo":{"ProductCode":"","PlayType":2,"ResourceCode":"","ResourceName":" "},"Status":{"ReturnCode":100,"Description":"ok"},"PlayStatus":0,"Volume":0}lume":0}
03-25 09:56:57.878 E/apple   ( 3993): OtOStatus request11： 0
03-25 09:56:57.878 D/OtORequestHandler( 3993): receive data aaaaaaa:com.aidufei.protocol.oto.OtOStatusRequest@42af6ec0
03-25 09:56:57.878 D/OtORequestHandler( 3993): receive data 2222222
03-25 09:56:57.878 D/OtORequestHandler( 3993): receive data 3333333
03-25 09:56:57.878 V/OtODeviceAdapter( 3993): start handle data.
03-25 09:56:57.878 V/OtODeviceAdapter( 3993): onPlayStatusSync.
03-25 09:56:57.878 I/VideoPlayer( 3993): onGetStatus:
03-25 09:56:57.878 E/VideoPlayer( 3993): sync_ok:
03-25 09:56:57.878 V/VideoPlayer( 3993): get server play VOB status: ResourceName=  ResourceCode= ProductCode=
03-25 09:56:57.878 I/VideoPlayer( 3993): onGetVolume(volume):0
03-25 09:56:57.878 V/MediaControler( 3993): Set volume:0
03-25 09:56:57.878 V/AudioPolicyManagerALSA(  119): getDeviceForStrategy() from cache strategy 0, device 2
03-25 09:56:57.878 I/VideoPlayer( 3993): onGetPlayStatus:0
03-25 09:56:57.878 V/OtORequestHandler( 3993): receive data from 192.168.1.3
03-25 09:56:57.878 D/OtORequestHandler( 3993): receive data 111111
03-25 09:56:57.878 V/OtORequest_apple( 3993): get command=103
03-25 09:56:57.878 V/OtORequest( 3993): parse OtORequest: cmd=103 paramLength=158 bufferlen=166
03-25 09:56:57.878 V/OtORequest( 3993): parse param: param={"ResourceInfo":{"ProductCode":"","PlayType":2,"ResourceCode":"","ResourceName":" "},"Status":{"ReturnCode":100,"Description":"ok"},"PlayStatus":0,"Volume":0}lume":0}
03-25 09:56:57.888 E/apple   ( 3993): OtOStatus request11： 0
03-25 09:56:57.888 D/KeyguardViewMediator(  380): setHidden false
03-25 09:56:57.888 D/OtORequestHandler( 3993): receive data aaaaaaa:com.aidufei.protocol.oto.OtOStatusRequest@42fd5540
03-25 09:56:57.888 D/OtORequestHandler( 3993): receive data 2222222
03-25 09:56:57.888 D/OtORequestHandler( 3993): receive data 3333333
03-25 09:56:57.888 V/OtODeviceAdapter( 3993): start handle data.
03-25 09:56:57.888 V/OtODeviceAdapter( 3993): onPlayStatusSync.
03-25 09:56:57.888 I/VideoPlayer( 3993): onGetStatus:
03-25 09:56:57.888 E/VideoPlayer( 3993): sync_ok:
03-25 09:56:57.888 V/VideoPlayer( 3993): get server play VOB status: ResourceName=  ResourceCode= ProductCode=
03-25 09:56:57.888 I/VideoPlayer( 3993): onGetVolume(volume):0
03-25 09:56:57.888 V/MediaControler( 3993): Set volume:0
03-25 09:56:57.888 V/AudioPolicyManagerALSA(  119): getDeviceForStrategy() from cache strategy 0, device 2
03-25 09:56:57.888 I/VideoPlayer( 3993): onGetPlayStatus:0
03-25 09:56:57.888 V/OtORequestHandler( 3993): receive data from 192.168.1.3
03-25 09:56:57.888 D/OtORequestHandler( 3993): receive data 111111
03-25 09:56:57.888 V/OtORequest_apple( 3993): get command=103
03-25 09:56:57.888 V/OtORequest( 3993): parse OtORequest: cmd=103 paramLength=158 bufferlen=166
03-25 09:56:57.888 V/OtORequest( 3993): parse param: param={"ResourceInfo":{"ProductCode":"","PlayType":2,"ResourceCode":"","ResourceName":" "},"Status":{"ReturnCode":100,"Description":"ok"},"PlayStatus":0,"Volume":0}lume":0}
03-25 09:56:57.888 E/apple   ( 3993): OtOStatus request11： 0
03-25 09:56:57.888 D/OtORequestHandler( 3993): receive data aaaaaaa:com.aidufei.protocol.oto.OtOStatusRequest@4351ee70
03-25 09:56:57.888 D/OtORequestHandler( 3993): receive data 2222222
03-25 09:56:57.888 D/OtORequestHandler( 3993): receive data 3333333
03-25 09:56:57.888 V/OtODeviceAdapter( 3993): start handle data.
03-25 09:56:57.888 V/OtODeviceAdapter( 3993): onPlayStatusSync.
03-25 09:56:57.888 I/VideoPlayer( 3993): onGetStatus:
03-25 09:56:57.888 E/VideoPlayer( 3993): sync_ok:
03-25 09:56:57.888 V/VideoPlayer( 3993): get server play VOB status: ResourceName=  ResourceCode= ProductCode=
03-25 09:56:57.888 I/VideoPlayer( 3993): onGetVolume(volume):0
03-25 09:56:57.898 V/MediaControler( 3993): Set volume:0
03-25 09:56:57.898 V/AudioPolicyManagerALSA(  119): getDeviceForStrategy() from cache strategy 0, device 2
03-25 09:56:57.898 I/VideoPlayer( 3993): onGetPlayStatus:0
03-25 09:56:57.898 V/OtORequestHandler( 3993): receive data from 192.168.1.3
03-25 09:56:57.898 D/OtORequestHandler( 3993): receive data 111111
03-25 09:56:57.898 V/OtORequest_apple( 3993): get command=103
03-25 09:56:57.898 V/OtORequest( 3993): parse OtORequest: cmd=103 paramLength=158 bufferlen=166
03-25 09:56:57.898 V/OtORequest( 3993): parse param: param={"ResourceInfo":{"ProductCode":"","PlayType":2,"ResourceCode":"","ResourceName":" "},"Status":{"ReturnCode":100,"Description":"ok"},"PlayStatus":0,"Volume":0}lume":0}
03-25 09:56:57.898 E/apple   ( 3993): OtOStatus request11： 0
03-25 09:56:57.898 D/OtORequestHandler( 3993): receive data aaaaaaa:com.aidufei.protocol.oto.OtOStatusRequest@43017148
03-25 09:56:57.898 D/OtORequestHandler( 3993): receive data 2222222
03-25 09:56:57.898 D/OtORequestHandler( 3993): receive data 3333333
03-25 09:56:57.898 V/OtODeviceAdapter( 3993): start handle data.
03-25 09:56:57.898 V/OtODeviceAdapter( 3993): onPlayStatusSync.
03-25 09:56:57.898 I/VideoPlayer( 3993): onGetStatus:
03-25 09:56:57.898 E/VideoPlayer( 3993): sync_ok:
03-25 09:56:57.898 V/VideoPlayer( 3993): get server play VOB status: ResourceName=  ResourceCode= ProductCode=
03-25 09:56:57.898 I/VideoPlayer( 3993): onGetVolume(volume):0
03-25 09:56:57.898 V/MediaControler( 3993): Set volume:0
03-25 09:56:57.898 V/AudioPolicyManagerALSA(  119): getDeviceForStrategy() from cache strategy 0, device 2
03-25 09:56:57.898 I/VideoPlayer( 3993): onGetPlayStatus:0
03-25 09:56:57.898 V/OtORequestHandler( 3993): receive data from 192.168.1.3
03-25 09:56:57.898 D/OtORequestHandler( 3993): receive data 111111
03-25 09:56:57.898 V/OtORequest_apple( 3993): get command=103
03-25 09:56:57.898 V/OtORequest( 3993): parse OtORequest: cmd=103 paramLength=158 bufferlen=166
03-25 09:56:57.898 V/OtORequest( 3993): parse param: param={"ResourceInfo":{"ProductCode":"","PlayType":2,"ResourceCode":"","ResourceName":" "},"Status":{"ReturnCode":100,"Description":"ok"},"PlayStatus":0,"Volume":0}lume":0}
03-25 09:56:57.898 E/apple   ( 3993): OtOStatus request11： 0
03-25 09:56:57.898 D/OtORequestHandler( 3993): receive data aaaaaaa:com.aidufei.protocol.oto.OtOStatusRequest@429c6bb0
03-25 09:56:57.898 D/OtORequestHandler( 3993): receive data 2222222
03-25 09:56:57.908 D/OtORequestHandler( 3993): receive data 3333333
03-25 09:56:57.908 V/OtODeviceAdapter( 3993): start handle data.
03-25 09:56:57.908 V/OtODeviceAdapter( 3993): onPlayStatusSync.
03-25 09:56:57.908 I/VideoPlayer( 3993): onGetStatus:
03-25 09:56:57.908 E/VideoPlayer( 3993): sync_ok:
03-25 09:56:57.908 V/VideoPlayer( 3993): get server play VOB status: ResourceName=  ResourceCode= ProductCode=
03-25 09:56:57.908 I/VideoPlayer( 3993): onGetVolume(volume):0
03-25 09:56:57.908 V/MediaControler( 3993): Set volume:0
03-25 09:56:57.908 V/AudioPolicyManagerALSA(  119): getDeviceForStrategy() from cache strategy 0, device 2
03-25 09:56:57.908 I/VideoPlayer( 3993): onGetPlayStatus:0
03-25 09:56:57.908 V/OtORequestHandler( 3993): receive data from 192.168.1.3
03-25 09:56:57.908 D/OtORequestHandler( 3993): receive data 111111
03-25 09:56:57.908 V/OtORequest_apple( 3993): get command=103
03-25 09:56:57.908 V/OtORequest( 3993): parse OtORequest: cmd=103 paramLength=158 bufferlen=166
03-25 09:56:57.908 V/OtORequest( 3993): parse param: param={"ResourceInfo":{"ProductCode":"","PlayType":2,"ResourceCode":"","ResourceName":" "},"Status":{"ReturnCode":100,"Description":"ok"},"PlayStatus":0,"Volume":0}lume":0}
03-25 09:56:57.908 E/apple   ( 3993): OtOStatus request11： 0
03-25 09:56:57.908 D/OtORequestHandler( 3993): receive data aaaaaaa:com.aidufei.protocol.oto.OtOStatusRequest@431561d0
03-25 09:56:57.908 D/OtORequestHandler( 3993): receive data 2222222
03-25 09:56:57.908 D/OtORequestHandler( 3993): receive data 3333333
03-25 09:56:57.908 V/OtODeviceAdapter( 3993): start handle data.
03-25 09:56:57.908 V/OtODeviceAdapter( 3993): onPlayStatusSync.
03-25 09:56:57.908 I/VideoPlayer( 3993): onGetStatus:
03-25 09:56:57.908 E/VideoPlayer( 3993): sync_ok:
03-25 09:56:57.908 V/VideoPlayer( 3993): get server play VOB status: ResourceName=  ResourceCode= ProductCode=
03-25 09:56:57.908 I/VideoPlayer( 3993): onGetVolume(volume):0
03-25 09:56:57.908 V/MediaControler( 3993): Set volume:0
03-25 09:56:57.908 V/AudioPolicyManagerALSA(  119): getDeviceForStrategy() from cache strategy 0, device 2
03-25 09:56:57.918 W/khrn_client( 3993): init_window num_buffers 3 min undequeued buffers 1 type 1
03-25 09:56:57.918 W/khrn_client( 3993): init_window window 0x5c7f2940, 698x384 hintTransform 0x4
03-25 09:56:57.918 W/khrn_client( 3993): init_window using gl pre-rotation, set size and transform to 384x698 0x5
03-25 09:56:57.918 I/VideoPlayer( 3993): onGetPlayStatus:0
03-25 09:56:57.918 V/OtORequestHandler( 3993): receive data from 192.168.1.3
03-25 09:56:57.918 D/OtORequestHandler( 3993): receive data 111111
03-25 09:56:57.918 V/OtORequest_apple( 3993): get command=103
03-25 09:56:57.918 V/OtORequest( 3993): parse OtORequest: cmd=103 paramLength=158 bufferlen=166
03-25 09:56:57.918 V/OtORequest( 3993): parse param: param={"ResourceInfo":{"ProductCode":"","PlayType":2,"ResourceCode":"","ResourceName":" "},"Status":{"ReturnCode":100,"Description":"ok"},"PlayStatus":0,"Volume":0}lume":0}
03-25 09:56:57.918 E/apple   ( 3993): OtOStatus request11： 0
03-25 09:56:57.918 D/OtORequestHandler( 3993): receive data aaaaaaa:com.aidufei.protocol.oto.OtOStatusRequest@42a9ef20
03-25 09:56:57.918 D/OtORequestHandler( 3993): receive data 2222222
03-25 09:56:57.918 D/OtORequestHandler( 3993): receive data 3333333
03-25 09:56:57.918 V/OtODeviceAdapter( 3993): start handle data.
03-25 09:56:57.918 V/OtODeviceAdapter( 3993): onPlayStatusSync.
03-25 09:56:57.918 I/VideoPlayer( 3993): onGetStatus:
03-25 09:56:57.918 E/VideoPlayer( 3993): sync_ok:
03-25 09:56:57.918 V/VideoPlayer( 3993): get server play VOB status: ResourceName=  ResourceCode= ProductCode=
03-25 09:56:57.918 I/VideoPlayer( 3993): onGetVolume(volume):0
03-25 09:56:57.918 V/MediaControler( 3993): Set volume:0
03-25 09:56:57.918 V/AudioPolicyManagerALSA(  119): getDeviceForStrategy() from cache strategy 0, device 2
03-25 09:56:57.928 I/VideoPlayer( 3993): onGetPlayStatus:0
03-25 09:56:57.928 V/OtORequestHandler( 3993): receive data from 192.168.1.3
03-25 09:56:57.928 D/OtORequestHandler( 3993): receive data 111111
03-25 09:56:57.928 V/OtORequest_apple( 3993): get command=103
03-25 09:56:57.928 V/OtORequest( 3993): parse OtORequest: cmd=103 paramLength=93 bufferlen=101
03-25 09:56:57.928 V/OtORequest( 3993): parse param: param={"Status":{"ReturnCode":99,"Description":"status sync processing"},"PlayStatus":0,"Volume":0}lume":0}
03-25 09:56:57.928 E/apple   ( 3993): OtOStatus request11： 0
03-25 09:56:57.928 D/OtORequestHandler( 3993): receive data aaaaaaa:com.aidufei.protocol.oto.OtOStatusRequest@43209078
03-25 09:56:57.928 D/OtORequestHandler( 3993): receive data 2222222
03-25 09:56:57.928 D/OtORequestHandler( 3993): receive data 3333333
03-25 09:56:57.928 V/OtODeviceAdapter( 3993): start handle data.
03-25 09:56:57.928 V/OtODeviceAdapter( 3993): onPlayStatusSync.
03-25 09:56:57.928 I/VideoPlayer( 3993): onGetStatus:
03-25 09:56:57.928 V/VideoPlayer( 3993): get server play status is processing, please wait:status sync processing
03-25 09:56:57.928 I/VideoPlayer( 3993): onGetVolume(volume):0
03-25 09:56:57.928 V/VideoPlayer( 3993): get volume is processing, please wait:status sync processing
03-25 09:56:57.928 I/VideoPlayer( 3993): onGetPlayStatus:0
03-25 09:56:57.948 D/KeyguardViewMediator(  380): setHidden false
03-25 09:56:57.968 D/KeyguardViewMediator(  380): setHidden false
03-25 09:56:58.229 D/KeyguardViewMediator(  380): setHidden false
03-25 09:56:58.239 D/KeyguardViewMediator(  380): setHidden false
03-25 09:56:58.779 E/VideoPlayer( 3993): 替换TV节目
03-25 09:56:58.779 E/VideoPlayer( 3993): 替换222:playType:1
03-25 09:56:58.789 E/VideoPlayer( 3993): 点播: :10774
03-25 09:56:58.789 D/VideoPlayer( 3993): sendToTV:2
03-25 09:56:58.789 V/Device  ( 3993): 192.168.1.3: state=3,will change to =3
03-25 09:56:58.789 E/apple   ( 3993): Client current:true
03-25 09:56:58.789 E/apple   ( 3993): Client current:false
03-25 09:56:58.789 D/OtORequestHandler( 3993): send request:101
03-25 09:56:58.789 V/OtOPlayRequest( 3993): Play Request: {"ResourceInfo":{"ProductCode":"","PlayType":2,"ResourceCode":"10774","ResourceName":"人再囧途之泰囧"},"UserCode":"llllll","SubID":""}
03-25 09:56:58.789 E/VideoPlayer( 3993): processOnPause 
03-25 09:56:58.789 I/MediaControler( 3993): reset
03-25 09:56:58.789 D/OtORequestHandler( 3993): send DatagramPacket
03-25 09:56:58.809 D/Test    ( 3993): requestUrl  :http://218.17.158.6:3390/msis/getSystemTime?version=V001&terminalType=3&resolution=1280*720&authKey=108d7dc8172a338ae2d32f7035c5e0f0
03-25 09:56:58.809 I/brcm-gr ( 3993): [gralloc_lock]: new usage 0x933
03-25 09:56:58.819 V/OtORequestHandler( 3993): receive data from 192.168.1.3
03-25 09:56:58.819 D/OtORequestHandler( 3993): receive data 111111
03-25 09:56:58.819 V/OtORequest_apple( 3993): get command=101
03-25 09:56:58.819 V/OtORequest( 3993): parse OtORequest: cmd=101 paramLength=168 bufferlen=176
03-25 09:56:58.819 V/OtORequest( 3993): parse param: param={"ResourceInfo":{"ProductCode":"","PlayType":2,"ResourceCode":"10774","ResourceName":"人再囧途之泰囧"},"Status":{"ReturnCode":100,"Description":"start to play"}} play"}}
03-25 09:56:58.829 D/OtORequestHandler( 3993): receive data aaaaaaa:com.aidufei.protocol.oto.OtOPlayRequest@42e4c740
03-25 09:56:58.829 D/OtORequestHandler( 3993): receive data 2222222
03-25 09:56:58.829 D/OtORequestHandler( 3993): receive data 3333333
03-25 09:56:58.829 V/OtODeviceAdapter( 3993): start handle data.
03-25 09:56:58.829 V/OtODeviceAdapter( 3993): onPlay.
03-25 09:56:58.829 I/VideoPlayer( 3993): onPlay
03-25 09:56:58.829 V/VideoPlayer( 3993): server begin play VOB: ResourceName=人再囧途之泰囧 ResourceCode=10774 ProductCode=
03-25 09:56:58.829 V/OtORequestHandler( 3993): receive data from 192.168.1.3
03-25 09:56:58.829 D/OtORequestHandler( 3993): receive data 111111
03-25 09:56:58.829 V/OtORequest_apple( 3993): get command=200
03-25 09:56:58.829 D/OtORequestHandler( 3993): receive data aaaaaaa:null
03-25 09:56:58.829 D/OtORequestHandler( 3993): receive data 2222222
03-25 09:56:58.829 D/OtORequestHandler( 3993): receive data not process because mAdpater is NULL or req is NULL.
03-25 09:56:58.839 D/KeyguardViewMediator(  380): setHidden false
03-25 09:56:58.859 D/KeyguardViewMediator(  380): setHidden false
03-25 09:56:58.869 I/VideoPlayer( 3993): SEND_TV_SUCCESS
03-25 09:56:58.869 E/Functions( 3993): getSystemTime:
03-25 09:56:58.879 D/PinyinIME(  524): PinyinIME--->onFinishInput.
03-25 09:56:58.879 I/System.out( 3993): systemtime=1364176627,phone time=1364176618
03-25 09:56:58.879 W/InputMethodManagerService(  380): Window already focused, ignoring focus gain of: com.android.internal.view.IInputMethodClient$Stub$Proxy@427b0128 attribute=android.view.inputmethod.EditorInfo@42d54500
03-25 09:56:59.120 D/KeyguardViewMediator(  380): setHidden false
03-25 09:56:59.130 D/KeyguardViewMediator(  380): setHidden false
03-25 09:56:59.130 D/KeyguardViewMediator(  380): setHidden false
03-25 09:56:59.400 V/OtORequestHandler( 3993): receive data from 192.168.1.3
03-25 09:56:59.400 D/OtORequestHandler( 3993): receive data 111111
03-25 09:56:59.400 V/OtORequest_apple( 3993): get command=200
03-25 09:56:59.400 D/OtORequestHandler( 3993): receive data aaaaaaa:null
03-25 09:56:59.400 D/OtORequestHandler( 3993): receive data 2222222
03-25 09:56:59.400 D/OtORequestHandler( 3993): receive data not process because mAdpater is NULL or req is NULL.
03-25 09:57:00.020 W/DownloadManager( 3657): Aborting request for download 4: while trying to execute request: org.apache.http.NoHttpResponseException: The target server failed to respond
03-25 09:57:00.090 D/SizeAdaptiveLayout(  465): com.android.internal.widget.SizeAdaptiveLayout@434363e0child view android.widget.FrameLayout@432d91e0 measured out of bounds at 130px clamped to 128px
03-25 09:57:00.090 D/SizeAdaptiveLayout(  465): com.android.internal.widget.SizeAdaptiveLayout@434363e0child view android.widget.FrameLayout@432d91e0 measured out of bounds at 130px clamped to 128px
03-25 09:57:04.835 V/Device  ( 3993): 192.168.1.3: state=3,will change to =3
03-25 09:57:04.835 E/apple   ( 3993): Client current:true
03-25 09:57:04.835 E/apple   ( 3993): Client current:false
03-25 09:57:04.835 D/OtORequestHandler( 3993): send request:103
03-25 09:57:04.845 D/OtORequestHandler( 3993): send DatagramPacket
03-25 09:57:04.945 V/OtORequestHandler( 3993): receive data from 192.168.1.3
03-25 09:57:04.945 D/OtORequestHandler( 3993): receive data 111111
03-25 09:57:04.945 V/OtORequest_apple( 3993): get command=103
03-25 09:57:04.945 V/OtORequest( 3993): parse OtORequest: cmd=103 paramLength=158 bufferlen=166
03-25 09:57:04.945 V/OtORequest( 3993): parse param: param={"ResourceInfo":{"ProductCode":"","PlayType":2,"ResourceCode":"","ResourceName":" "},"Status":{"ReturnCode":100,"Description":"ok"},"PlayStatus":0,"Volume":0}lume":0}
03-25 09:57:04.945 E/apple   ( 3993): OtOStatus request11： 0
03-25 09:57:04.945 D/OtORequestHandler( 3993): receive data aaaaaaa:com.aidufei.protocol.oto.OtOStatusRequest@43555318
03-25 09:57:04.945 D/OtORequestHandler( 3993): receive data 2222222
03-25 09:57:04.955 D/OtORequestHandler( 3993): receive data 3333333
03-25 09:57:04.955 V/OtODeviceAdapter( 3993): start handle data.
03-25 09:57:04.955 V/OtODeviceAdapter( 3993): onPlayStatusSync.
03-25 09:57:04.955 I/VideoPlayer( 3993): onGetStatus:
03-25 09:57:04.955 E/VideoPlayer( 3993): sync_ok:
03-25 09:57:04.955 V/VideoPlayer( 3993): get server play VOB status: ResourceName=  ResourceCode= ProductCode=
03-25 09:57:04.955 I/VideoPlayer( 3993): onGetVolume(volume):0
03-25 09:57:04.955 V/MediaControler( 3993): Set volume:0
03-25 09:57:04.955 V/AudioPolicyManagerALSA(  119): getDeviceForStrategy() from cache strategy 0, device 2
03-25 09:57:04.965 I/VideoPlayer( 3993): onGetPlayStatus:0
03-25 09:57:04.965 V/OtORequestHandler( 3993): receive data from 192.168.1.3
03-25 09:57:04.965 D/OtORequestHandler( 3993): receive data 111111
03-25 09:57:04.965 V/OtORequest_apple( 3993): get command=103
03-25 09:57:04.965 V/OtORequest( 3993): parse OtORequest: cmd=103 paramLength=158 bufferlen=166
03-25 09:57:04.965 V/OtORequest( 3993): parse param: param={"ResourceInfo":{"ProductCode":"","PlayType":2,"ResourceCode":"","ResourceName":" "},"Status":{"ReturnCode":100,"Description":"ok"},"PlayStatus":0,"Volume":0}lume":0}
03-25 09:57:04.965 E/apple   ( 3993): OtOStatus request11： 0
03-25 09:57:04.975 D/OtORequestHandler( 3993): receive data aaaaaaa:com.aidufei.protocol.oto.OtOStatusRequest@43160648
03-25 09:57:04.975 D/OtORequestHandler( 3993): receive data 2222222
03-25 09:57:04.975 D/OtORequestHandler( 3993): receive data 3333333
03-25 09:57:04.975 V/OtODeviceAdapter( 3993): start handle data.
03-25 09:57:04.975 V/OtODeviceAdapter( 3993): onPlayStatusSync.
03-25 09:57:04.975 I/VideoPlayer( 3993): onGetStatus:
03-25 09:57:04.975 E/VideoPlayer( 3993): sync_ok:
03-25 09:57:04.975 V/VideoPlayer( 3993): get server play VOB status: ResourceName=  ResourceCode= ProductCode=
03-25 09:57:04.975 I/VideoPlayer( 3993): onGetVolume(volume):0
03-25 09:57:04.975 V/MediaControler( 3993): Set volume:0
03-25 09:57:04.975 V/AudioPolicyManagerALSA(  119): getDeviceForStrategy() from cache strategy 0, device 2
03-25 09:57:04.975 I/VideoPlayer( 3993): onGetPlayStatus:0
03-25 09:57:04.975 V/OtORequestHandler( 3993): receive data from 192.168.1.3
03-25 09:57:04.975 D/OtORequestHandler( 3993): receive data 111111
03-25 09:57:04.975 V/OtORequest_apple( 3993): get command=103
03-25 09:57:04.975 V/OtORequest( 3993): parse OtORequest: cmd=103 paramLength=158 bufferlen=166
03-25 09:57:04.975 V/OtORequest( 3993): parse param: param={"ResourceInfo":{"ProductCode":"","PlayType":2,"ResourceCode":"","ResourceName":" "},"Status":{"ReturnCode":100,"Description":"ok"},"PlayStatus":0,"Volume":0}lume":0}
03-25 09:57:04.975 E/apple   ( 3993): OtOStatus request11： 0
03-25 09:57:04.975 D/OtORequestHandler( 3993): receive data aaaaaaa:com.aidufei.protocol.oto.OtOStatusRequest@42abda78
03-25 09:57:04.975 D/OtORequestHandler( 3993): receive data 2222222
03-25 09:57:04.975 D/OtORequestHandler( 3993): receive data 3333333
03-25 09:57:04.975 V/OtODeviceAdapter( 3993): start handle data.
03-25 09:57:04.975 V/OtODeviceAdapter( 3993): onPlayStatusSync.
03-25 09:57:04.975 I/VideoPlayer( 3993): onGetStatus:
03-25 09:57:04.975 E/VideoPlayer( 3993): sync_ok:
03-25 09:57:04.975 V/VideoPlayer( 3993): get server play VOB status: ResourceName=  ResourceCode= ProductCode=
03-25 09:57:04.975 I/VideoPlayer( 3993): onGetVolume(volume):0
03-25 09:57:04.975 V/MediaControler( 3993): Set volume:0
03-25 09:57:04.975 V/AudioPolicyManagerALSA(  119): getDeviceForStrategy() from cache strategy 0, device 2
03-25 09:57:04.985 I/VideoPlayer( 3993): onGetPlayStatus:0
03-25 09:57:04.985 V/OtORequestHandler( 3993): receive data from 192.168.1.3
03-25 09:57:04.985 D/OtORequestHandler( 3993): receive data 111111
03-25 09:57:04.985 V/OtORequest_apple( 3993): get command=103
03-25 09:57:04.985 V/OtORequest( 3993): parse OtORequest: cmd=103 paramLength=158 bufferlen=166
03-25 09:57:04.985 V/OtORequest( 3993): parse param: param={"ResourceInfo":{"ProductCode":"","PlayType":2,"ResourceCode":"","ResourceName":" "},"Status":{"ReturnCode":100,"Description":"ok"},"PlayStatus":0,"Volume":0}lume":0}
03-25 09:57:04.985 E/apple   ( 3993): OtOStatus request11： 0
03-25 09:57:04.985 D/OtORequestHandler( 3993): receive data aaaaaaa:com.aidufei.protocol.oto.OtOStatusRequest@4331e338
03-25 09:57:04.985 D/OtORequestHandler( 3993): receive data 2222222
03-25 09:57:04.985 D/OtORequestHandler( 3993): receive data 3333333
03-25 09:57:04.985 V/OtODeviceAdapter( 3993): start handle data.
03-25 09:57:04.985 V/OtODeviceAdapter( 3993): onPlayStatusSync.
03-25 09:57:04.985 I/VideoPlayer( 3993): onGetStatus:
03-25 09:57:04.985 E/VideoPlayer( 3993): sync_ok:
03-25 09:57:04.985 V/VideoPlayer( 3993): get server play VOB status: ResourceName=  ResourceCode= ProductCode=
03-25 09:57:04.985 I/VideoPlayer( 3993): onGetVolume(volume):0
03-25 09:57:04.985 V/MediaControler( 3993): Set volume:0
03-25 09:57:04.985 V/AudioPolicyManagerALSA(  119): getDeviceForStrategy() from cache strategy 0, device 2
03-25 09:57:04.985 I/VideoPlayer( 3993): onGetPlayStatus:0
03-25 09:57:04.985 V/OtORequestHandler( 3993): receive data from 192.168.1.3
03-25 09:57:04.985 D/OtORequestHandler( 3993): receive data 111111
03-25 09:57:04.985 V/OtORequest_apple( 3993): get command=103
03-25 09:57:04.985 V/OtORequest( 3993): parse OtORequest: cmd=103 paramLength=158 bufferlen=166
03-25 09:57:04.985 V/OtORequest( 3993): parse param: param={"ResourceInfo":{"ProductCode":"","PlayType":2,"ResourceCode":"","ResourceName":" "},"Status":{"ReturnCode":100,"Description":"ok"},"PlayStatus":0,"Volume":0}lume":0}
03-25 09:57:04.985 E/apple   ( 3993): OtOStatus request11： 0
03-25 09:57:04.985 D/OtORequestHandler( 3993): receive data aaaaaaa:com.aidufei.protocol.oto.OtOStatusRequest@42d0ebe8
03-25 09:57:04.985 D/OtORequestHandler( 3993): receive data 2222222
03-25 09:57:04.985 D/OtORequestHandler( 3993): receive data 3333333
03-25 09:57:04.985 V/OtODeviceAdapter( 3993): start handle data.
03-25 09:57:04.985 V/OtODeviceAdapter( 3993): onPlayStatusSync.
03-25 09:57:04.985 I/VideoPlayer( 3993): onGetStatus:
03-25 09:57:04.985 E/VideoPlayer( 3993): sync_ok:
03-25 09:57:04.985 V/VideoPlayer( 3993): get server play VOB status: ResourceName=  ResourceCode= ProductCode=
03-25 09:57:04.985 I/VideoPlayer( 3993): onGetVolume(volume):0
03-25 09:57:04.995 V/MediaControler( 3993): Set volume:0
03-25 09:57:04.995 V/AudioPolicyManagerALSA(  119): getDeviceForStrategy() from cache strategy 0, device 2
03-25 09:57:04.995 I/VideoPlayer( 3993): onGetPlayStatus:0
03-25 09:57:04.995 V/OtORequestHandler( 3993): receive data from 192.168.1.3
03-25 09:57:04.995 D/OtORequestHandler( 3993): receive data 111111
03-25 09:57:04.995 V/OtORequest_apple( 3993): get command=103
03-25 09:57:04.995 V/OtORequest( 3993): parse OtORequest: cmd=103 paramLength=158 bufferlen=166
03-25 09:57:04.995 V/OtORequest( 3993): parse param: param={"ResourceInfo":{"ProductCode":"","PlayType":2,"ResourceCode":"","ResourceName":" "},"Status":{"ReturnCode":100,"Description":"ok"},"PlayStatus":0,"Volume":0}lume":0}
03-25 09:57:04.995 E/apple   ( 3993): OtOStatus request11： 0
03-25 09:57:04.995 D/OtORequestHandler( 3993): receive data aaaaaaa:com.aidufei.protocol.oto.OtOStatusRequest@4354a1e8
03-25 09:57:04.995 D/OtORequestHandler( 3993): receive data 2222222
03-25 09:57:04.995 D/OtORequestHandler( 3993): receive data 3333333
03-25 09:57:04.995 V/OtODeviceAdapter( 3993): start handle data.
03-25 09:57:04.995 V/OtODeviceAdapter( 3993): onPlayStatusSync.
03-25 09:57:04.995 I/VideoPlayer( 3993): onGetStatus:
03-25 09:57:04.995 E/VideoPlayer( 3993): sync_ok:
03-25 09:57:04.995 V/VideoPlayer( 3993): get server play VOB status: ResourceName=  ResourceCode= ProductCode=
03-25 09:57:04.995 I/VideoPlayer( 3993): onGetVolume(volume):0
03-25 09:57:05.005 V/MediaControler( 3993): Set volume:0
03-25 09:57:05.005 V/AudioPolicyManagerALSA(  119): getDeviceForStrategy() from cache strategy 0, device 2
03-25 09:57:05.005 I/VideoPlayer( 3993): onGetPlayStatus:0
03-25 09:57:05.005 V/OtORequestHandler( 3993): receive data from 192.168.1.3
03-25 09:57:05.005 D/OtORequestHandler( 3993): receive data 111111
03-25 09:57:05.005 V/OtORequest_apple( 3993): get command=103
03-25 09:57:05.005 V/OtORequest( 3993): parse OtORequest: cmd=103 paramLength=93 bufferlen=101
03-25 09:57:05.005 V/OtORequest( 3993): parse param: param={"Status":{"ReturnCode":99,"Description":"status sync processing"},"PlayStatus":0,"Volume":0}lume":0}
03-25 09:57:05.005 E/apple   ( 3993): OtOStatus request11： 0
03-25 09:57:05.005 D/OtORequestHandler( 3993): receive data aaaaaaa:com.aidufei.protocol.oto.OtOStatusRequest@43354568
03-25 09:57:05.005 D/OtORequestHandler( 3993): receive data 2222222
03-25 09:57:05.005 D/OtORequestHandler( 3993): receive data 3333333
03-25 09:57:05.005 V/OtODeviceAdapter( 3993): start handle data.
03-25 09:57:05.005 V/OtODeviceAdapter( 3993): onPlayStatusSync.
