D/OtOService( 1775): send callback obj: com.aidufei.otoService.IServiceCallBack$Stub$Proxy@4175f368
D/OtOService( 1775): send callback: 101
I/ServiceAdapter( 2543): dvb_ResultCallBack: what:101   arg1:0
E/JavaBinder( 2543): *** Uncaught remote exception!  (Exceptions are not yet supported across processes.)
E/JavaBinder( 2543): java.lang.RuntimeException: Can't create handler inside thread that has not called Looper.prepare()
E/JavaBinder( 2543):    at android.os.Handler.<init>(Handler.java:121)
E/JavaBinder( 2543):    at com.coship.dvbplayer.view.VolbarView$1.<init>(VolbarView.java:134)
E/JavaBinder( 2543):    at com.coship.dvbplayer.view.VolbarView.<init>(VolbarView.java:134)
E/JavaBinder( 2543):    at com.coship.dvbplayer.view.VolbarView.getInstance(VolbarView.java:63)
E/JavaBinder( 2543):    at com.aidufei.otoService.ServiceAdapter$2.ResultCallBack(ServiceAdapter.java:185)
E/JavaBinder( 2543):    at com.aidufei.otoService.IServiceCallBack$Stub.onTransact(IServiceCallBack.java:52)
E/JavaBinder( 2543):    at android.os.Binder.execTransact(Binder.java:338)
E/JavaBinder( 2543):    at dalvik.system.NativeStart.run(Native Method)
D/OtOService( 1775): send callback obj: com.aidufei.otoService.IServiceCallBack$Stub$Proxy@41cdf3a8
D/OtOService( 1775): send callback: 101
I/ServiceAdapter( 2543): dvb_ResultCallBack: what:101   arg1:0
E/JavaBinder( 2543): *** Uncaught remote exception!  (Exceptions are not yet supported across processes.)
E/JavaBinder( 2543): java.lang.RuntimeException: Can't create handler inside thread that has not called Looper.prepare()
E/JavaBinder( 2543):    at android.os.Handler.<init>(Handler.java:121)
E/JavaBinder( 2543):    at com.coship.dvbplayer.view.VolbarView$1.<init>(VolbarView.java:134)
E/JavaBinder( 2543):    at com.coship.dvbplayer.view.VolbarView.<init>(VolbarView.java:134)
E/JavaBinder( 2543):    at com.coship.dvbplayer.view.VolbarView.getInstance(VolbarView.java:63)
E/JavaBinder( 2543):    at com.aidufei.otoService.ServiceAdapter$2.ResultCallBack(ServiceAdapter.java:185)
E/JavaBinder( 2543):    at com.aidufei.otoService.IServiceCallBack$Stub.onTransact(IServiceCallBack.java:52)
E/JavaBinder( 2543):    at android.os.Binder.execTransact(Binder.java:338)
E/JavaBinder( 2543):    at dalvik.system.NativeStart.run(Native Method)
D/OtOService( 1775): send callback obj: com.aidufei.otoService.IServiceCallBack$Stub$Proxy@4155e788
D/OtOService( 1775): send callback: 101
D/MediaPlayerService(  739): [35] notify (0x43ed8, 200, 704, 44)
D/MstarPlayer(  739): percent: 44
W/MediaPlayer( 2543): info/warning (704, 44)
I/MediaPlayer.java( 2543): Info (704,44)
I/dvb_OTTPlayer( 2543): [onInfo ] mp:android.media.MediaPlayer@42e0e088 what:704  extra:44
I/ServiceAdapter( 2543): dvb_ResultCallBack: what:101   arg1:0
I/ServiceAdapter( 2543): +++++ShiftTime+++++0++++ShiftEnd++++0++++TimeCode++++0++++++delay+++++0
I/ServiceAdapter( 2543): dvb_ResultCallBack: get stb vol:
D/OtOService( 1775): VOBsync :com.aidufei.otoService.PlayEvent@41cdf8a0
E/ServerAdapter( 1775): ServerAdapter:0
E/ServerHandler( 1775): Send:com.aidufei.protocol.oto.OtOStatusRequest@41cdfbc0
D/ServerHandler( 1775): ServerHandler send request:103:{"ResourceInfo":{"ProductCode":"","PlayType":2,"ResourceCode":"","ResourceName":" "},"Status":{"ReturnCode":100,"Description":"ok"},"PlayStatus":0,"Volume":0}
V/ServerHandler( 1775): ServerHandler send DatagramPacket:/192.168.1.105-[B@41ce1680
D/OtOService( 1775): send callback obj: com.aidufei.otoService.IServiceCallBack$Stub$Proxy@41b6f228
D/OtOService( 1775): send callback: 101
I/ServiceAdapter( 2543): dvb_ResultCallBack: what:101   arg1:0
I/ServiceAdapter( 2543): +++++ShiftTime+++++0++++ShiftEnd++++0++++TimeCode++++0++++++delay+++++0
I/ServiceAdapter( 2543): dvb_ResultCallBack: get stb vol:
D/OtOService( 1775): VOBsync :com.aidufei.otoService.PlayEvent@41ce1ff8
E/ServerAdapter( 1775): ServerAdapter:0
E/ServerHandler( 1775): Send:com.aidufei.protocol.oto.OtOStatusRequest@41ce2318
D/ServerHandler( 1775): ServerHandler send request:103:{"ResourceInfo":{"ProductCode":"","PlayType":2,"ResourceCode":"","ResourceName":" "},"Status":{"ReturnCode":100,"Description":"ok"},"PlayStatus":0,"Volume":0}
V/ServerHandler( 1775): ServerHandler send DatagramPacket:/192.168.1.105-[B@41ce3dd8
D/DataSource_M3U8(  739): u32HLSSreamNum[0]===>u32BandWidth:800000 
D/DataSource_M3U8(  739): getHLSPlayListInex  DownloadBandWidth:2030082   uInDex=0
D/DataSource_M3U8(  739): 
D/DataSource_M3U8(  739): 
D/DataSource_M3U8(  739): 
D/DataSource_M3U8(  739): ============Begin to get playlist !!=====================
D/DataSource_M3U8(  739): 
D/DataSource_M3U8(  739): 
D/OtOService( 1775): send callback obj: com.aidufei.otoService.IServiceCallBack$Stub$Proxy@41b72088
D/OtOService( 1775): send callback: 101
I/ServiceAdapter( 2543): dvb_ResultCallBack: what:101   arg1:0
E/JavaBinder( 2543): *** Uncaught remote exception!  (Exceptions are not yet supported across processes.)
E/JavaBinder( 2543): java.lang.RuntimeException: Can't create handler inside thread that has not called Looper.prepare()
E/JavaBinder( 2543):    at android.os.Handler.<init>(Handler.java:121)
E/JavaBinder( 2543):    at com.coship.dvbplayer.view.VolbarView$1.<init>(VolbarView.java:134)
E/JavaBinder( 2543):    at com.coship.dvbplayer.view.VolbarView.<init>(VolbarView.java:134)
E/JavaBinder( 2543):    at com.coship.dvbplayer.view.VolbarView.getInstance(VolbarView.java:63)
E/JavaBinder( 2543):    at com.aidufei.otoService.ServiceAdapter$2.ResultCallBack(ServiceAdapter.java:185)
E/JavaBinder( 2543):    at com.aidufei.otoService.IServiceCallBack$Stub.onTransact(IServiceCallBack.java:52)
E/JavaBinder( 2543):    at android.os.Binder.execTransact(Binder.java:338)
E/JavaBinder( 2543):    at dalvik.system.NativeStart.run(Native Method)
D/OtOService( 1775): send callback obj: com.aidufei.otoService.IServiceCallBack$Stub$Proxy@41f00b48
D/OtOService( 1775): send callback: 101
I/ServiceAdapter( 2543): dvb_ResultCallBack: what:101   arg1:0
I/ServiceAdapter( 2543): +++++ShiftTime+++++0++++ShiftEnd++++0++++TimeCode++++0++++++delay+++++0
I/ServiceAdapter( 2543): dvb_ResultCallBack: get stb vol:
D/OtOService( 1775): VOBsync :com.aidufei.otoService.PlayEvent@41d20190
E/ServerAdapter( 1775): ServerAdapter:0
E/ServerHandler( 1775): Send:com.aidufei.protocol.oto.OtOStatusRequest@41d204b0
D/ServerHandler( 1775): ServerHandler send request:103:{"ResourceInfo":{"ProductCode":"","PlayType":2,"ResourceCode":"","ResourceName":" "},"Status":{"ReturnCode":100,"Description":"ok"},"PlayStatus":0,"Volume":0}
V/ServerHandler( 1775): ServerHandler send DatagramPacket:/192.168.1.105-[B@41d21f70
D/OtOService( 1775): send callback obj: com.aidufei.otoService.IServiceCallBack$Stub$Proxy@41bc37e0
D/OtOService( 1775): send callback: 101
I/ServiceAdapter( 2543): dvb_ResultCallBack: what:101   arg1:0
I/ServiceAdapter( 2543): +++++ShiftTime+++++0++++ShiftEnd++++0++++TimeCode++++0++++++delay+++++0
I/ServiceAdapter( 2543): dvb_ResultCallBack: get stb vol:
D/OtOService( 1775): VOBsync :com.aidufei.otoService.PlayEvent@41d228e8
E/ServerAdapter( 1775): ServerAdapter:0
E/ServerHandler( 1775): Send:com.aidufei.protocol.oto.OtOStatusRequest@41d22c08
D/ServerHandler( 1775): ServerHandler send request:103:{"ResourceInfo":{"ProductCode":"","PlayType":2,"ResourceCode":"","ResourceName":" "},"Status":{"ReturnCode":100,"Description":"ok"},"PlayStatus":0,"Volume":0}
V/ServerHandler( 1775): ServerHandler send DatagramPacket:/192.168.1.105-[B@41d246c8
D/OtOService( 1775): send callback obj: com.aidufei.otoService.IServiceCallBack$Stub$Proxy@41bd3770
D/OtOService( 1775): send callback: 101
I/ServiceAdapter( 2543): dvb_ResultCallBack: what:101   arg1:0
I/ServiceAdapter( 2543): +++++ShiftTime+++++0++++ShiftEnd++++0++++TimeCode++++0++++++delay+++++0
I/ServiceAdapter( 2543): dvb_ResultCallBack: get stb vol:
D/OtOService( 1775): VOBsync :com.aidufei.otoService.PlayEvent@41d25040
E/ServerAdapter( 1775): ServerAdapter:0
E/ServerHandler( 1775): Send:com.aidufei.protocol.oto.OtOStatusRequest@41754840
D/ServerHandler( 1775): ServerHandler send request:103:{"ResourceInfo":{"ProductCode":"","PlayType":2,"ResourceCode":"","ResourceName":" "},"Status":{"ReturnCode":100,"Description":"ok"},"PlayStatus":0,"Volume":0}
V/ServerHandler( 1775): ServerHandler send DatagramPacket:/192.168.1.105-[B@41756300
D/OtOService( 1775): send callback obj: com.aidufei.otoService.IServiceCallBack$Stub$Proxy@41765f00
D/OtOService( 1775): send callback: 101
I/ServiceAdapter( 2543): dvb_ResultCallBack: what:101   arg1:0
E/JavaBinder( 2543): *** Uncaught remote exception!  (Exceptions are not yet supported across processes.)
E/JavaBinder( 2543): java.lang.RuntimeException: Can't create handler inside thread that has not called Looper.prepare()
E/JavaBinder( 2543):    at android.os.Handler.<init>(Handler.java:121)
E/JavaBinder( 2543):    at com.coship.dvbplayer.view.VolbarView$1.<init>(VolbarView.java:134)
E/JavaBinder( 2543):    at com.coship.dvbplayer.view.VolbarView.<init>(VolbarView.java:134)
E/JavaBinder( 2543):    at com.coship.dvbplayer.view.VolbarView.getInstance(VolbarView.java:63)
E/JavaBinder( 2543):    at com.aidufei.otoService.ServiceAdapter$2.ResultCallBack(ServiceAdapter.java:185)
E/JavaBinder( 2543):    at com.aidufei.otoService.IServiceCallBack$Stub.onTransact(IServiceCallBack.java:52)
E/JavaBinder( 2543):    at android.os.Binder.execTransact(Binder.java:338)
E/JavaBinder( 2543):    at dalvik.system.NativeStart.run(Native Method)
D/OtOService( 1775): send callback obj: com.aidufei.otoService.IServiceCallBack$Stub$Proxy@41ec8e58
D/OtOService( 1775): send callback: 101
I/ServiceAdapter( 2543): dvb_ResultCallBack: what:101   arg1:0
E/JavaBinder( 2543): *** Uncaught remote exception!  (Exceptions are not yet supported across processes.)
E/JavaBinder( 2543): java.lang.RuntimeException: Can't create handler inside thread that has not called Looper.prepare()
E/JavaBinder( 2543):    at android.os.Handler.<init>(Handler.java:121)
E/JavaBinder( 2543):    at com.coship.dvbplayer.view.VolbarView$1.<init>(VolbarView.java:134)
E/JavaBinder( 2543):    at com.coship.dvbplayer.view.VolbarView.<init>(VolbarView.java:134)
E/JavaBinder( 2543):    at com.coship.dvbplayer.view.VolbarView.getInstance(VolbarView.java:63)
E/JavaBinder( 2543):    at com.aidufei.otoService.ServiceAdapter$2.ResultCallBack(ServiceAdapter.java:185)
E/JavaBinder( 2543):    at com.aidufei.otoService.IServiceCallBack$Stub.onTransact(IServiceCallBack.java:52)
E/JavaBinder( 2543):    at android.os.Binder.execTransact(Binder.java:338)
E/JavaBinder( 2543):    at dalvik.system.NativeStart.run(Native Method)
D/OtOService( 1775): send callback obj: com.aidufei.otoService.IServiceCallBack$Stub$Proxy@41f489e0
D/OtOService( 1775): send callback: 101
I/ServiceAdapter( 2543): dvb_ResultCallBack: what:101   arg1:0
E/JavaBinder( 2543): *** Uncaught remote exception!  (Exceptions are not yet supported across processes.)
E/JavaBinder( 2543): java.lang.RuntimeException: Can't create handler inside thread that has not called Looper.prepare()
E/JavaBinder( 2543):    at android.os.Handler.<init>(Handler.java:121)
E/JavaBinder( 2543):    at com.coship.dvbplayer.view.VolbarView$1.<init>(VolbarView.java:134)
E/JavaBinder( 2543):    at com.coship.dvbplayer.view.VolbarView.<init>(VolbarView.java:134)
E/JavaBinder( 2543):    at com.coship.dvbplayer.view.VolbarView.getInstance(VolbarView.java:63)
E/JavaBinder( 2543):    at com.aidufei.otoService.ServiceAdapter$2.ResultCallBack(ServiceAdapter.java:185)
E/JavaBinder( 2543):    at com.aidufei.otoService.IServiceCallBack$Stub.onTransact(IServiceCallBack.java:52)
E/JavaBinder( 2543):    at android.os.Binder.execTransact(Binder.java:338)
E/JavaBinder( 2543):    at dalvik.system.NativeStart.run(Native Method)
D/OtOService( 1775): send callback obj: com.aidufei.otoService.IServiceCallBack$Stub$Proxy@41c8c140
D/OtOService( 1775): send callback: 101
I/ServiceAdapter( 2543): dvb_ResultCallBack: what:101   arg1:0
E/JavaBinder( 2543): *** Uncaught remote exception!  (Exceptions are not yet supported across processes.)
E/JavaBinder( 2543): java.lang.RuntimeException: Can't create handler inside thread that has not called Looper.prepare()
E/JavaBinder( 2543):    at android.os.Handler.<init>(Handler.java:121)
E/JavaBinder( 2543):    at com.coship.dvbplayer.view.VolbarView$1.<init>(VolbarView.java:134)
E/JavaBinder( 2543):    at com.coship.dvbplayer.view.VolbarView.<init>(VolbarView.java:134)
E/JavaBinder( 2543):    at com.coship.dvbplayer.view.VolbarView.getInstance(VolbarView.java:63)
E/JavaBinder( 2543):    at com.aidufei.otoService.ServiceAdapter$2.ResultCallBack(ServiceAdapter.java:185)
E/JavaBinder( 2543):    at com.aidufei.otoService.IServiceCallBack$Stub.onTransact(IServiceCallBack.java:52)
E/JavaBinder( 2543):    at android.os.Binder.execTransact(Binder.java:338)
E/JavaBinder( 2543):    at dalvik.system.NativeStart.run(Native Method)
D/OtOService( 1775): send callback obj: com.aidufei.otoService.IServiceCallBack$Stub$Proxy@41ba8488
D/MediaPlayerService(  739): [35] notify (0x43ed8, 200, 704, 44)
D/MstarPlayer(  739): percent: 44
W/MediaPlayer( 2543): info/warning (704, 44)
I/MediaPlayer.java( 2543): Info (704,44)
I/dvb_OTTPlayer( 2543): [onInfo ] mp:android.media.MediaPlayer@42e0e088 what:704  extra:44
D/MediaPlayerService(  739): [35] notify (0x43ed8, 200, 704, 44)
D/MstarPlayer(  739): percent: 44
W/MediaPlayer( 2543): info/warning (704, 44)
I/MediaPlayer.java( 2543): Info (704,44)
I/dvb_OTTPlayer( 2543): [onInfo ] mp:android.media.MediaPlayer@42e0e088 what:704  extra:44
D/MediaPlayerService(  739): [35] notify (0x43ed8, 200, 704, 44)
D/MstarPlayer(  739): percent: 44
W/MediaPlayer( 2543): info/warning (704, 44)
I/MediaPlayer.java( 2543): Info (704,44)
I/dvb_OTTPlayer( 2543): [onInfo ] mp:android.media.MediaPlayer@42e0e088 what:704  extra:44
D/MediaPlayerService(  739): [35] notify (0x43ed8, 200, 704, 44)
D/MstarPlayer(  739): percent: 44
W/MediaPlayer( 2543): info/warning (704, 44)
I/MediaPlayer.java( 2543): Info (704,44)
I/dvb_OTTPlayer( 2543): [onInfo ] mp:android.media.MediaPlayer@42e0e088 what:704  extra:44
D/DataSource_M3U8(  739): u32HLSSreamNum[0]===>u32BandWidth:800000 
D/DataSource_M3U8(  739): getHLSPlayListInex  DownloadBandWidth:2030082   uInDex=0
D/DataSource_M3U8(  739): 
D/DataSource_M3U8(  739): 
D/DataSource_M3U8(  739): 
D/DataSource_M3U8(  739): ============Begin to get playlist !!=====================
D/DataSource_M3U8(  739): 
D/DataSource_M3U8(  739): 
D/MediaPlayerService(  739): [35] notify (0x43ed8, 200, 704, 44)
D/MstarPlayer(  739): percent: 44
W/MediaPlayer( 2543): info/warning (704, 44)
I/MediaPlayer.java( 2543): Info (704,44)
I/dvb_OTTPlayer( 2543): [onInfo ] mp:android.media.MediaPlayer@42e0e088 what:704  extra:44
D/MediaPlayerService(  739): [35] notify (0x43ed8, 200, 704, 44)
D/MstarPlayer(  739): percent: 44
W/MediaPlayer( 2543): info/warning (704, 44)
I/MediaPlayer.java( 2543): Info (704,44)
I/dvb_OTTPlayer( 2543): [onInfo ] mp:android.media.MediaPlayer@42e0e088 what:704  extra:44
D/DataSource_M3U8(  739): 
D/DataSource_M3U8(  739):  Warnig::  getValidBufferLength()  <  Codec require !!!
D/MediaPlayerService(  739): [35] notify (0x43ed8, 200, 704, 44)
D/MstarPlayer(  739): percent: 44
W/MediaPlayer( 2543): info/warning (704, 44)
I/MediaPlayer.java( 2543): Info (704,44)
I/dvb_OTTPlayer( 2543): [onInfo ] mp:android.media.MediaPlayer@42e0e088 what:704  extra:44
D/DataSource_M3U8(  739): 
D/DataSource_M3U8(  739):  connect Server :live.feifeikan.com
D/DataSource_M3U8(  739): parseM3U8 .......!
D/DataSource_M3U8(  739): 
D/DataSource_M3U8(  739):  do not update  mediaSequence : 0   url = http://live.feifeikan.com/live/hls/308?slice=022620   
D/DataSource_M3U8(  739): 
D/DataSource_M3U8(  739):  do not update  mediaSequence : 0   url = http://live.feifeikan.com/live/hls/308?slice=022621   
D/DataSource_M3U8(  739): 
D/DataSource_M3U8(  739):  do not update  mediaSequence : 0   url = http://live.feifeikan.com/live/hls/308?slice=022622   
D/DataSource_M3U8(  739): [M3U8] file: NULL line 
D/DataSource_M3U8(  739): HLS=====>> Live Stream!!!!
D/MediaPlayerService(  739): [35] notify (0x43ed8, 200, 704, 44)
D/MstarPlayer(  739): percent: 44
W/MediaPlayer( 2543): info/warning (704, 44)
I/MediaPlayer.java( 2543): Info (704,44)
I/dvb_OTTPlayer( 2543): [onInfo ] mp:android.media.MediaPlayer@42e0e088 what:704  extra:44
D/Downloader(  739): Downloadserver bandWidth:2274007
D/Downloader(  739): Downloadserver bandWidth:2274007
D/Downloader(  739): Downloadserver bandWidth:2274007
D/Downloader(  739): Downloadserver bandWidth:2274007
D/MediaPlayerService(  739): [35] notify (0x43ed8, 200, 704, 44)
D/MstarPlayer(  739): percent: 44
W/MediaPlayer( 2543): info/warning (704, 44)
I/MediaPlayer.java( 2543): Info (704,44)
I/dvb_OTTPlayer( 2543): [onInfo ] mp:android.media.MediaPlayer@42e0e088 what:704  extra:44
D/MediaPlayerService(  739): [35] notify (0x43ed8, 200, 704, 44)
D/MstarPlayer(  739): percent: 44
W/MediaPlayer( 2543): info/warning (704, 44)
I/MediaPlayer.java( 2543): Info (704,44)
I/dvb_OTTPlayer( 2543): [onInfo ] mp:android.media.MediaPlayer@42e0e088 what:704  extra:44
D/MediaPlayerService(  739): [35] notify (0x43ed8, 200, 704, 44)
D/MstarPlayer(  739): percent: 44
W/MediaPlayer( 2543): info/warning (704, 44)
I/MediaPlayer.java( 2543): Info (704,44)
I/dvb_OTTPlayer( 2543): [onInfo ] mp:android.media.MediaPlayer@42e0e088 what:704  extra:44
D/MediaPlayerService(  739): [35] notify (0x43ed8, 200, 704, 44)
D/MstarPlayer(  739): percent: 44
W/MediaPlayer( 2543): info/warning (704, 44)
I/MediaPlayer.java( 2543): Info (704,44)
I/dvb_OTTPlayer( 2543): [onInfo ] mp:android.media.MediaPlayer@42e0e088 what:704  extra:44
D/MediaPlayerService(  739): [35] notify (0x43ed8, 200, 704, 44)
D/MstarPlayer(  739): percent: 44
W/MediaPlayer( 2543): info/warning (704, 44)
I/MediaPlayer.java( 2543): Info (704,44)
I/dvb_OTTPlayer( 2543): [onInfo ] mp:android.media.MediaPlayer@42e0e088 what:704  extra:44
D/MediaPlayerService(  739): [35] notify (0x43ed8, 200, 704, 44)
D/MstarPlayer(  739): percent: 44
W/MediaPlayer( 2543): info/warning (704, 44)
I/MediaPlayer.java( 2543): Info (704,44)
I/dvb_OTTPlayer( 2543): [onInfo ] mp:android.media.MediaPlayer@42e0e088 what:704  extra:44
D/MediaPlayerService(  739): [35] notify (0x43ed8, 200, 704, 44)
D/MstarPlayer(  739): percent: 44
W/MediaPlayer( 2543): info/warning (704, 44)
I/MediaPlayer.java( 2543): Info (704,44)
I/dvb_OTTPlayer( 2543): [onInfo ] mp:android.media.MediaPlayer@42e0e088 what:704  extra:44
D/MediaPlayerService(  739): [35] notify (0x43ed8, 200, 704, 44)
D/MstarPlayer(  739): percent: 44
W/MediaPlayer( 2543): info/warning (704, 44)
I/MediaPlayer.java( 2543): Info (704,44)
I/dvb_OTTPlayer( 2543): [onInfo ] mp:android.media.MediaPlayer@42e0e088 what:704  extra:44
D/DataSource_M3U8(  739): u32HLSSreamNum[0]===>u32BandWidth:800000 
D/DataSource_M3U8(  739): getHLSPlayListInex  DownloadBandWidth:2030082   uInDex=0
D/DataSource_M3U8(  739): 
D/DataSource_M3U8(  739): 
D/DataSource_M3U8(  739): 
D/DataSource_M3U8(  739): ============Begin to get playlist !!=====================
D/DataSource_M3U8(  739): 
D/DataSource_M3U8(  739): 
E/ServerHandler( 1775): receiveRequest
V/OtORequest( 1775): parseCommand
V/OtORequest( 1775): get command=103
V/OtORequest( 1775): parse OtORequest: cmd=103 paramLength=0 bufferlen=8
D/OtOService( 1775): client request get status.playType:2
D/OtOService( 1775): callback N: 21
D/OtOService( 1775): send callback: 101
I/ServiceAdapter( 2543): dvb_ResultCallBack: what:101   arg1:0
E/JavaBinder( 2543): *** Uncaught remote exception!  (Exceptions are not yet supported across processes.)
E/JavaBinder( 2543): java.lang.RuntimeException: Can't create handler inside thread that has not called Looper.prepare()
E/JavaBinder( 2543):    at android.os.Handler.<init>(Handler.java:121)
E/JavaBinder( 2543):    at com.coship.dvbplayer.view.VolbarView$1.<init>(VolbarView.java:134)
E/JavaBinder( 2543):    at com.coship.dvbplayer.view.VolbarView.<init>(VolbarView.java:134)
E/JavaBinder( 2543):    at com.coship.dvbplayer.view.VolbarView.getInstance(VolbarView.java:63)
E/JavaBinder( 2543):    at com.aidufei.otoService.ServiceAdapter$2.ResultCallBack(ServiceAdapter.java:185)
E/JavaBinder( 2543):    at com.aidufei.otoService.IServiceCallBack$Stub.onTransact(IServiceCallBack.java:52)
E/JavaBinder( 2543):    at android.os.Binder.execTransact(Binder.java:338)
E/JavaBinder( 2543):    at dalvik.system.NativeStart.run(Native Method)
D/MediaPlayerService(  739): [35] notify (0x43ed8, 200, 704, 44)
D/OtOService( 1775): send callback obj: com.aidufei.otoService.IServiceCallBack$Stub$Proxy@41ea44a8
D/MstarPlayer(  739): percent: 44
W/MediaPlayer( 2543): info/warning (704, 44)
D/OtOService( 1775): send callback: 101
I/MediaPlayer.java( 2543): Info (704,44)
I/dvb_OTTPlayer( 2543): [onInfo ] mp:android.media.MediaPlayer@42e0e088 what:704  extra:44
I/ServiceAdapter( 2543): dvb_ResultCallBack: what:101   arg1:0
I/ServiceAdapter( 2543): +++++ShiftTime+++++0++++ShiftEnd++++0++++TimeCode++++0++++++delay+++++0
I/ServiceAdapter( 2543): dvb_ResultCallBack: get stb vol:
D/OtOService( 1775): VOBsync :com.aidufei.otoService.PlayEvent@41bf0968
E/ServerAdapter( 1775): ServerAdapter:0
E/ServerHandler( 1775): Send:com.aidufei.protocol.oto.OtOStatusRequest@41bf0c88
D/ServerHandler( 1775): ServerHandler send request:103:{"ResourceInfo":{"ProductCode":"","PlayType":2,"ResourceCode":"","ResourceName":" "},"Status":{"ReturnCode":100,"Description":"ok"},"PlayStatus":0,"Volume":0}
V/ServerHandler( 1775): ServerHandler send DatagramPacket:/192.168.1.105-[B@41bf2748
D/OtOService( 1775): send callback obj: com.aidufei.otoService.IServiceCallBack$Stub$Proxy@41d42078
D/OtOService( 1775): send callback: 101
I/ServiceAdapter( 2543): dvb_ResultCallBack: what:101   arg1:0
I/ServiceAdapter( 2543): +++++ShiftTime+++++0++++ShiftEnd++++0++++TimeCode++++0++++++delay+++++0
I/ServiceAdapter( 2543): dvb_ResultCallBack: get stb vol:
D/OtOService( 1775): VOBsync :com.aidufei.otoService.PlayEvent@41bf30c0
E/ServerAdapter( 1775): ServerAdapter:0
E/ServerHandler( 1775): Send:com.aidufei.protocol.oto.OtOStatusRequest@41bf33e0
D/ServerHandler( 1775): ServerHandler send request:103:{"ResourceInfo":{"ProductCode":"","PlayType":2,"ResourceCode":"","ResourceName":" "},"Status":{"ReturnCode":100,"Description":"ok"},"PlayStatus":0,"Volume":0}
V/ServerHandler( 1775): ServerHandler send DatagramPacket:/192.168.1.105-[B@41eeb748
D/OtOService( 1775): send callback obj: com.aidufei.otoService.IServiceCallBack$Stub$Proxy@41b7d5b0
D/OtOService( 1775): send callback: 101
I/ServiceAdapter( 2543): dvb_ResultCallBack: what:101   arg1:0
I/ServiceAdapter( 2543): +++++ShiftTime+++++0++++ShiftEnd++++0++++TimeCode++++0++++++delay+++++0
I/ServiceAdapter( 2543): dvb_ResultCallBack: get stb vol:
D/OtOService( 1775): VOBsync :com.aidufei.otoService.PlayEvent@41eec0c0
E/ServerAdapter( 1775): ServerAdapter:0
E/ServerHandler( 1775): Send:com.aidufei.protocol.oto.OtOStatusRequest@41eec3e0
D/ServerHandler( 1775): ServerHandler send request:103:{"ResourceInfo":{"ProductCode":"","PlayType":2,"ResourceCode":"","ResourceName":" "},"Status":{"ReturnCode":100,"Description":"ok"},"PlayStatus":0,"Volume":0}
V/ServerHandler( 1775): ServerHandler send DatagramPacket:/192.168.1.105-[B@41eedea0
D/OtOService( 1775): send callback obj: com.aidufei.otoService.IServiceCallBack$Stub$Proxy@41ee2cd8
D/OtOService( 1775): send callback: 101
I/ServiceAdapter( 2543): dvb_ResultCallBack: what:101   arg1:0
E/JavaBinder( 2543): *** Uncaught remote exception!  (Exceptions are not yet supported across processes.)
E/JavaBinder( 2543): java.lang.RuntimeException: Can't create handler inside thread that has not called Looper.prepare()
E/JavaBinder( 2543):    at android.os.Handler.<init>(Handler.java:121)
E/JavaBinder( 2543):    at com.coship.dvbplayer.view.VolbarView$1.<init>(VolbarView.java:134)
E/JavaBinder( 2543):    at com.coship.dvbplayer.view.VolbarView.<init>(VolbarView.java:134)
E/JavaBinder( 2543):    at com.coship.dvbplayer.view.VolbarView.getInstance(VolbarView.java:63)
E/JavaBinder( 2543):    at com.aidufei.otoService.ServiceAdapter$2.ResultCallBack(ServiceAdapter.java:185)
E/JavaBinder( 2543):    at com.aidufei.otoService.IServiceCallBack$Stub.onTransact(IServiceCallBack.java:52)
E/JavaBinder( 2543):    at android.os.Binder.execTransact(Binder.java:338)
E/JavaBinder( 2543):    at dalvik.system.NativeStart.run(Native Method)
D/OtOService( 1775): send callback obj: com.aidufei.otoService.IServiceCallBack$Stub$Proxy@4175f368
D/OtOService( 1775): send callback: 101
I/ServiceAdapter( 2543): dvb_ResultCallBack: what:101   arg1:0
E/JavaBinder( 2543): *** Uncaught remote exception!  (Exceptions are not yet supported across processes.)
E/JavaBinder( 2543): java.lang.RuntimeException: Can't create handler inside thread that has not called Looper.prepare()
E/JavaBinder( 2543):    at android.os.Handler.<init>(Handler.java:121)
E/JavaBinder( 2543):    at com.coship.dvbplayer.view.VolbarView$1.<init>(VolbarView.java:134)
E/JavaBinder( 2543):    at com.coship.dvbplayer.view.VolbarView.<init>(VolbarView.java:134)
E/JavaBinder( 2543):    at com.coship.dvbplayer.view.VolbarView.getInstance(VolbarView.java:63)
E/JavaBinder( 2543):    at com.aidufei.otoService.ServiceAdapter$2.ResultCallBack(ServiceAdapter.java:185)
E/JavaBinder( 2543):    at com.aidufei.otoService.IServiceCallBack$Stub.onTransact(IServiceCallBack.java:52)
E/JavaBinder( 2543):    at android.os.Binder.execTransact(Binder.java:338)
E/JavaBinder( 2543):    at dalvik.system.NativeStart.run(Native Method)
D/OtOService( 1775): send callback obj: com.aidufei.otoService.IServiceCallBack$Stub$Proxy@41cdf3a8
D/OtOService( 1775): send callback: 101
I/ServiceAdapter( 2543): dvb_ResultCallBack: what:101   arg1:0
E/JavaBinder( 2543): *** Uncaught remote exception!  (Exceptions are not yet supported across processes.)
E/JavaBinder( 2543): java.lang.RuntimeException: Can't create handler inside thread that has not called Looper.prepare()
E/JavaBinder( 2543):    at android.os.Handler.<init>(Handler.java:121)
E/JavaBinder( 2543):    at com.coship.dvbplayer.view.VolbarView$1.<init>(VolbarView.java:134)
E/JavaBinder( 2543):    at com.coship.dvbplayer.view.VolbarView.<init>(VolbarView.java:134)
E/JavaBinder( 2543):    at com.coship.dvbplayer.view.VolbarView.getInstance(VolbarView.java:63)
E/JavaBinder( 2543):    at com.aidufei.otoService.ServiceAdapter$2.ResultCallBack(ServiceAdapter.java:185)
E/JavaBinder( 2543):    at com.aidufei.otoService.IServiceCallBack$Stub.onTransact(IServiceCallBack.java:52)
E/JavaBinder( 2543):    at android.os.Binder.execTransact(Binder.java:338)
E/JavaBinder( 2543):    at dalvik.system.NativeStart.run(Native Method)
D/OtOService( 1775): send callback obj: com.aidufei.otoService.IServiceCallBack$Stub$Proxy@4155e788
D/OtOService( 1775): send callback: 101
I/ServiceAdapter( 2543): dvb_ResultCallBack: what:101   arg1:0
I/ServiceAdapter( 2543): +++++ShiftTime+++++0++++ShiftEnd++++0++++TimeCode++++0++++++delay+++++0
I/ServiceAdapter( 2543): dvb_ResultCallBack: get stb vol:
D/OtOService( 1775): VOBsync :com.aidufei.otoService.PlayEvent@41eef340
E/ServerAdapter( 1775): ServerAdapter:0
E/ServerHandler( 1775): Send:com.aidufei.protocol.oto.OtOStatusRequest@41eef660
D/ServerHandler( 1775): ServerHandler send request:103:{"ResourceInfo":{"ProductCode":"","PlayType":2,"ResourceCode":"","ResourceName":" "},"Status":{"ReturnCode":100,"Description":"ok"},"PlayStatus":0,"Volume":0}
V/ServerHandler( 1775): ServerHandler send DatagramPacket:/192.168.1.105-[B@41ef1120
D/OtOService( 1775): send callback obj: com.aidufei.otoService.IServiceCallBack$Stub$Proxy@41b6f228
D/OtOService( 1775): send callback: 101
I/ServiceAdapter( 2543): dvb_ResultCallBack: what:101   arg1:0
I/ServiceAdapter( 2543): +++++ShiftTime+++++0++++ShiftEnd++++0++++TimeCode++++0++++++delay+++++0
I/ServiceAdapter( 2543): dvb_ResultCallBack: get stb vol:
D/OtOService( 1775): VOBsync :com.aidufei.otoService.PlayEvent@41b8d9d8
E/ServerAdapter( 1775): ServerAdapter:0
E/ServerHandler( 1775): Send:com.aidufei.protocol.oto.OtOStatusRequest@41b8dcf8
D/ServerHandler( 1775): ServerHandler send request:103:{"ResourceInfo":{"ProductCode":"","PlayType":2,"ResourceCode":"","ResourceName":" "},"Status":{"ReturnCode":100,"Description":"ok"},"PlayStatus":0,"Volume":0}
V/ServerHandler( 1775): ServerHandler send DatagramPacket:/192.168.1.105-[B@41b8f7a8
D/OtOService( 1775): send callback obj: com.aidufei.otoService.IServiceCallBack$Stub$Proxy@41b72088
D/OtOService( 1775): send callback: 101
I/ServiceAdapter( 2543): dvb_ResultCallBack: what:101   arg1:0
E/JavaBinder( 2543): *** Uncaught remote exception!  (Exceptions are not yet supported across processes.)
E/JavaBinder( 2543): java.lang.RuntimeException: Can't create handler inside thread that has not called Looper.prepare()
E/JavaBinder( 2543):    at android.os.Handler.<init>(Handler.java:121)
E/JavaBinder( 2543):    at com.coship.dvbplayer.view.VolbarView$1.<init>(VolbarView.java:134)
E/JavaBinder( 2543):    at com.coship.dvbplayer.view.VolbarView.<init>(VolbarView.java:134)
E/JavaBinder( 2543):    at com.coship.dvbplayer.view.VolbarView.getInstance(VolbarView.java:63)
E/JavaBinder( 2543):    at com.aidufei.otoService.ServiceAdapter$2.ResultCallBack(ServiceAdapter.java:185)
E/JavaBinder( 2543):    at com.aidufei.otoService.IServiceCallBack$Stub.onTransact(IServiceCallBack.java:52)
E/JavaBinder( 2543):    at android.os.Binder.execTransact(Binder.java:338)
E/JavaBinder( 2543):    at dalvik.system.NativeStart.run(Native Method)
D/OtOService( 1775): send callback obj: com.aidufei.otoService.IServiceCallBack$Stub$Proxy@41f00b48
D/OtOService( 1775): send callback: 101
I/ServiceAdapter( 2543): dvb_ResultCallBack: what:101   arg1:0
I/ServiceAdapter( 2543): +++++ShiftTime+++++0++++ShiftEnd++++0++++TimeCode++++0++++++delay+++++0
I/ServiceAdapter( 2543): dvb_ResultCallBack: get stb vol:
D/OtOService( 1775): VOBsync :com.aidufei.otoService.PlayEvent@41b904d8
E/ServerAdapter( 1775): ServerAdapter:0
E/ServerHandler( 1775): Send:com.aidufei.protocol.oto.OtOStatusRequest@41b907f8
D/ServerHandler( 1775): ServerHandler send request:103:{"ResourceInfo":{"ProductCode":"","PlayType":2,"ResourceCode":"","ResourceName":" "},"Status":{"ReturnCode":100,"Description":"ok"},"PlayStatus":0,"Volume":0}
V/ServerHandler( 1775): ServerHandler send DatagramPacket:/192.168.1.105-[B@41b922b8
D/OtOService( 1775): send callback obj: com.aidufei.otoService.IServiceCallBack$Stub$Proxy@41bc37e0
D/OtOService( 1775): send callback: 101
I/ServiceAdapter( 2543): dvb_ResultCallBack: what:101   arg1:0
I/ServiceAdapter( 2543): +++++ShiftTime+++++0++++ShiftEnd++++0++++TimeCode++++0++++++delay+++++0
I/ServiceAdapter( 2543): dvb_ResultCallBack: get stb vol:
D/OtOService( 1775): VOBsync :com.aidufei.otoService.PlayEvent@41b92c30
E/ServerAdapter( 1775): ServerAdapter:0
E/ServerHandler( 1775): Send:com.aidufei.protocol.oto.OtOStatusRequest@41b92f50
D/ServerHandler( 1775): ServerHandler send request:103:{"ResourceInfo":{"ProductCode":"","PlayType":2,"ResourceCode":"","ResourceName":" "},"Status":{"ReturnCode":100,"Description":"ok"},"PlayStatus":0,"Volume":0}
V/ServerHandler( 1775): ServerHandler send DatagramPacket:/192.168.1.105-[B@4273e1e8
D/OtOService( 1775): send callback obj: com.aidufei.otoService.IServiceCallBack$Stub$Proxy@41bd3770
D/OtOService( 1775): send callback: 101
I/ServiceAdapter( 2543): dvb_ResultCallBack: what:101   arg1:0
I/ServiceAdapter( 2543): +++++ShiftTime+++++0++++ShiftEnd++++0++++TimeCode++++0++++++delay+++++0
I/ServiceAdapter( 2543): dvb_ResultCallBack: get stb vol:
D/OtOService( 1775): VOBsync :com.aidufei.otoService.PlayEvent@4273eb60
E/ServerAdapter( 1775): ServerAdapter:0
E/ServerHandler( 1775): Send:com.aidufei.protocol.oto.OtOStatusRequest@4273ee80
D/ServerHandler( 1775): ServerHandler send request:103:{"ResourceInfo":{"ProductCode":"","PlayType":2,"ResourceCode":"","ResourceName":" "},"Status":{"ReturnCode":100,"Description":"ok"},"PlayStatus":0,"Volume":0}
V/ServerHandler( 1775): ServerHandler send DatagramPacket:/192.168.1.105-[B@42740940
D/OtOService( 1775): send callback obj: com.aidufei.otoService.IServiceCallBack$Stub$Proxy@41765f00
D/OtOService( 1775): send callback: 101
I/ServiceAdapter( 2543): dvb_ResultCallBack: what:101   arg1:0
E/JavaBinder( 2543): *** Uncaught remote exception!  (Exceptions are not yet supported across processes.)
E/JavaBinder( 2543): java.lang.RuntimeException: Can't create handler inside thread that has not called Looper.prepare()
E/JavaBinder( 2543):    at android.os.Handler.<init>(Handler.java:121)
E/JavaBinder( 2543):    at com.coship.dvbplayer.view.VolbarView$1.<init>(VolbarView.java:134)
E/JavaBinder( 2543):    at com.coship.dvbplayer.view.VolbarView.<init>(VolbarView.java:134)
E/JavaBinder( 2543):    at com.coship.dvbplayer.view.VolbarView.getInstance(VolbarView.java:63)
E/JavaBinder( 2543):    at com.aidufei.otoService.ServiceAdapter$2.ResultCallBack(ServiceAdapter.java:185)
E/JavaBinder( 2543):    at com.aidufei.otoService.IServiceCallBack$Stub.onTransact(IServiceCallBack.java:52)
E/JavaBinder( 2543):    at android.os.Binder.execTransact(Binder.java:338)
E/JavaBinder( 2543):    at dalvik.system.NativeStart.run(Native Method)
D/OtOService( 1775): send callback obj: com.aidufei.otoService.IServiceCallBack$Stub$Proxy@41ec8e58
D/OtOService( 1775): send callback: 101
I/ServiceAdapter( 2543): dvb_ResultCallBack: what:101   arg1:0
E/JavaBinder( 2543): *** Uncaught remote exception!  (Exceptions are not yet supported across processes.)
E/JavaBinder( 2543): java.lang.RuntimeException: Can't create handler inside thread that has not called Looper.prepare()
E/JavaBinder( 2543):    at android.os.Handler.<init>(Handler.java:121)
E/JavaBinder( 2543):    at com.coship.dvbplayer.view.VolbarView$1.<init>(VolbarView.java:134)
E/JavaBinder( 2543):    at com.coship.dvbplayer.view.VolbarView.<init>(VolbarView.java:134)
E/JavaBinder( 2543):    at com.coship.dvbplayer.view.VolbarView.getInstance(VolbarView.java:63)
E/JavaBinder( 2543):    at com.aidufei.otoService.ServiceAdapter$2.ResultCallBack(ServiceAdapter.java:185)
E/JavaBinder( 2543):    at com.aidufei.otoService.IServiceCallBack$Stub.onTransact(IServiceCallBack.java:52)
E/JavaBinder( 2543):    at android.os.Binder.execTransact(Binder.java:338)
E/JavaBinder( 2543):    at dalvik.system.NativeStart.run(Native Method)
D/OtOService( 1775): send callback obj: com.aidufei.otoService.IServiceCallBack$Stub$Proxy@41f489e0
D/OtOService( 1775): send callback: 101
I/ServiceAdapter( 2543): dvb_ResultCallBack: what:101   arg1:0
E/JavaBinder( 2543): *** Uncaught remote exception!  (Exceptions are not yet supported across processes.)
E/JavaBinder( 2543): java.lang.RuntimeException: Can't create handler inside thread that has not called Looper.prepare()
E/JavaBinder( 2543):    at android.os.Handler.<init>(Handler.java:121)
E/JavaBinder( 2543):    at com.coship.dvbplayer.view.VolbarView$1.<init>(VolbarView.java:134)
E/JavaBinder( 2543):    at com.coship.dvbplayer.view.VolbarView.<init>(VolbarView.java:134)
E/JavaBinder( 2543):    at com.coship.dvbplayer.view.VolbarView.getInstance(VolbarView.java:63)
E/JavaBinder( 2543):    at com.aidufei.otoService.ServiceAdapter$2.ResultCallBack(ServiceAdapter.java:185)
E/JavaBinder( 2543):    at com.aidufei.otoService.IServiceCallBack$Stub.onTransact(IServiceCallBack.java:52)
E/JavaBinder( 2543):    at android.os.Binder.execTransact(Binder.java:338)
E/JavaBinder( 2543):    at dalvik.system.NativeStart.run(Native Method)
D/OtOService( 1775): send callback obj: com.aidufei.otoService.IServiceCallBack$Stub$Proxy@41c8c140
D/OtOService( 1775): send callback: 101
W/MediaPlayer( 2543): info/warning (704, 44)
I/MediaPlayer.java( 2543): Info (704,44)
I/dvb_OTTPlayer( 2543): [onInfo ] mp:android.media.MediaPlayer@42e0e088 what:704  extra:44
D/MediaPlayerService(  739): [35] notify (0x43ed8, 200, 704, 44)
D/MstarPlayer(  739): percent: 44
W/MediaPlayer( 2543): info/warning (704, 44)
I/MediaPlayer.java( 2543): Info (704,44)
I/dvb_OTTPlayer( 2543): [onInfo ] mp:android.media.MediaPlayer@42e0e088 what:704  extra:44
D/DataSource_M3U8(  739): 
D/DataSource_M3U8(  739):  connect Server :live.feifeikan.com
D/DataSource_M3U8(  739): parseM3U8 .......!
D/DataSource_M3U8(  739): 
D/DataSource_M3U8(  739):  do not update  mediaSequence : 0   url = http://live.feifeikan.com/live/hls/308?slice=022620   
D/DataSource_M3U8(  739): 
D/DataSource_M3U8(  739):  do not update  mediaSequence : 0   url = http://live.feifeikan.com/live/hls/308?slice=022621   
D/DataSource_M3U8(  739): 
D/DataSource_M3U8(  739):  do not update  mediaSequence : 0   url = http://live.feifeikan.com/live/hls/308?slice=022622   
D/DataSource_M3U8(  739): [M3U8] file: NULL line 
D/DataSource_M3U8(  739): HLS=====>> Live Stream!!!!
D/MediaPlayerService(  739): [35] notify (0x43ed8, 200, 704, 44)
D/MstarPlayer(  739): percent: 44
W/MediaPlayer( 2543): info/warning (704, 44)
I/MediaPlayer.java( 2543): Info (704,44)
I/dvb_OTTPlayer( 2543): [onInfo ] mp:android.media.MediaPlayer@42e0e088 what:704  extra:44
D/MediaPlayerService(  739): [35] notify (0x43ed8, 200, 704, 44)
D/MstarPlayer(  739): percent: 44
W/MediaPlayer( 2543): info/warning (704, 44)
I/MediaPlayer.java( 2543): Info (704,44)
I/dvb_OTTPlayer( 2543): [onInfo ] mp:android.media.MediaPlayer@42e0e088 what:704  extra:44
D/MediaPlayerService(  739): [35] notify (0x43ed8, 200, 704, 44)
D/MstarPlayer(  739): percent: 44
W/MediaPlayer( 2543): info/warning (704, 44)
I/MediaPlayer.java( 2543): Info (704,44)
I/dvb_OTTPlayer( 2543): [onInfo ] mp:android.media.MediaPlayer@42e0e088 what:704  extra:44
D/MediaPlayerService(  739): [35] notify (0x43ed8, 200, 704, 44)
D/MstarPlayer(  739): percent: 44
W/MediaPlayer( 2543): info/warning (704, 44)
I/MediaPlayer.java( 2543): Info (704,44)
I/dvb_OTTPlayer( 2543): [onInfo ] mp:android.media.MediaPlayer@42e0e088 what:704  extra:44
D/MediaPlayerService(  739): [35] notify (0x43ed8, 200, 704, 44)
D/MstarPlayer(  739): percent: 44
W/MediaPlayer( 2543): info/warning (704, 44)
I/MediaPlayer.java( 2543): Info (704,44)
I/dvb_OTTPlayer( 2543): [onInfo ] mp:android.media.MediaPlayer@42e0e088 what:704  extra:44
D/MediaPlayerService(  739): [35] notify (0x43ed8, 200, 704, 44)
D/MstarPlayer(  739): percent: 44
W/MediaPlayer( 2543): info/warning (704, 44)
I/MediaPlayer.java( 2543): Info (704,44)
I/dvb_OTTPlayer( 2543): [onInfo ] mp:android.media.MediaPlayer@42e0e088 what:704  extra:44
D/MediaPlayerService(  739): [35] notify (0x43ed8, 200, 704, 44)
D/MstarPlayer(  739): percent: 44
W/MediaPlayer( 2543): info/warning (704, 44)
I/MediaPlayer.java( 2543): Info (704,44)
I/dvb_OTTPlayer( 2543): [onInfo ] mp:android.media.MediaPlayer@42e0e088 what:704  extra:44
D/MediaPlayerService(  739): [35] notify (0x43ed8, 200, 704, 44)
D/MstarPlayer(  739): percent: 44
W/MediaPlayer( 2543): info/warning (704, 44)
I/MediaPlayer.java( 2543): Info (704,44)
I/dvb_OTTPlayer( 2543): [onInfo ] mp:android.media.MediaPlayer@42e0e088 what:704  extra:44
D/MediaPlayerService(  739): [35] notify (0x43ed8, 200, 704, 44)
D/MstarPlayer(  739): percent: 44
W/MediaPlayer( 2543): info/warning (704, 44)
I/MediaPlayer.java( 2543): Info (704,44)
I/dvb_OTTPlayer( 2543): [onInfo ] mp:android.media.MediaPlayer@42e0e088 what:704  extra:44
D/MediaPlayerService(  739): [35] notify (0x43ed8, 200, 704, 44)
D/MstarPlayer(  739): percent: 44
W/MediaPlayer( 2543): info/warning (704, 44)
I/MediaPlayer.java( 2543): Info (704,44)
I/dvb_OTTPlayer( 2543): [onInfo ] mp:android.media.MediaPlayer@42e0e088 what:704  extra:44
D/DataSource_M3U8(  739): getHLSPlayListInex  DownloadBandWidth:2274007   uInDex=0
D/DataSource_M3U8(  739): 
D/DataSource_M3U8(  739): 
D/DataSource_M3U8(  739): 
D/DataSource_M3U8(  739): ============Begin to get playlist !!=====================
D/DataSource_M3U8(  739): 
D/DataSource_M3U8(  739): 
D/MediaPlayerService(  739): [35] notify (0x43ed8, 200, 704, 44)
D/MstarPlayer(  739): percent: 44
W/MediaPlayer( 2543): info/warning (704, 44)
I/MediaPlayer.java( 2543): Info (704,44)
I/dvb_OTTPlayer( 2543): [onInfo ] mp:android.media.MediaPlayer@42e0e088 what:704  extra:44
E/ServerHandler( 1775): receiveRequest
V/OtORequest( 1775): parseCommand
V/OtORequest( 1775): get command=103
V/OtORequest( 1775): parse OtORequest: cmd=103 paramLength=0 bufferlen=8
D/OtOService( 1775): client request get status.playType:2
D/OtOService( 1775): callback N: 21
D/OtOService( 1775): send callback: 101
I/ServiceAdapter( 2543): dvb_ResultCallBack: what:101   arg1:0
E/JavaBinder( 2543): *** Uncaught remote exception!  (Exceptions are not yet supported across processes.)
E/JavaBinder( 2543): java.lang.RuntimeException: Can't create handler inside thread that has not called Looper.prepare()
E/JavaBinder( 2543):    at android.os.Handler.<init>(Handler.java:121)
E/JavaBinder( 2543):    at com.coship.dvbplayer.view.VolbarView$1.<init>(VolbarView.java:134)
E/JavaBinder( 2543):    at com.coship.dvbplayer.view.VolbarView.<init>(VolbarView.java:134)
E/JavaBinder( 2543):    at com.coship.dvbplayer.view.VolbarView.getInstance(VolbarView.java:63)
E/JavaBinder( 2543):    at com.aidufei.otoService.ServiceAdapter$2.ResultCallBack(ServiceAdapter.java:185)
E/JavaBinder( 2543):    at com.aidufei.otoService.IServiceCallBack$Stub.onTransact(IServiceCallBack.java:52)
E/JavaBinder( 2543):    at android.os.Binder.execTransact(Binder.java:338)
E/JavaBinder( 2543):    at dalvik.system.NativeStart.run(Native Method)
D/OtOService( 1775): send callback obj: com.aidufei.otoService.IServiceCallBack$Stub$Proxy@41ea44a8
D/OtOService( 1775): send callback: 101
I/ServiceAdapter( 2543): dvb_ResultCallBack: what:101   arg1:0
I/ServiceAdapter( 2543): +++++ShiftTime+++++0++++ShiftEnd++++0++++TimeCode++++0++++++delay+++++0
I/ServiceAdapter( 2543): dvb_ResultCallBack: get stb vol:
D/OtOService( 1775): VOBsync :com.aidufei.otoService.PlayEvent@41be7ca8
E/ServerAdapter( 1775): ServerAdapter:0
E/ServerHandler( 1775): Send:com.aidufei.protocol.oto.OtOStatusRequest@41be7fc8
D/ServerHandler( 1775): ServerHandler send request:103:{"ResourceInfo":{"ProductCode":"","PlayType":2,"ResourceCode":"","ResourceName":" "},"Status":{"ReturnCode":100,"Description":"ok"},"PlayStatus":0,"Volume":0}
V/ServerHandler( 1775): ServerHandler send DatagramPacket:/192.168.1.105-[B@41bfbd30
D/OtOService( 1775): send callback obj: com.aidufei.otoService.IServiceCallBack$Stub$Proxy@41d42078
D/OtOService( 1775): send callback: 101
I/ServiceAdapter( 2543): dvb_ResultCallBack: what:101   arg1:0
I/ServiceAdapter( 2543): +++++ShiftTime+++++0++++ShiftEnd++++0++++TimeCode++++0++++++delay+++++0
I/ServiceAdapter( 2543): dvb_ResultCallBack: get stb vol:
D/OtOService( 1775): VOBsync :com.aidufei.otoService.PlayEvent@41bfc6a8
E/ServerAdapter( 1775): ServerAdapter:0
E/ServerHandler( 1775): Send:com.aidufei.protocol.oto.OtOStatusRequest@41bfc9c8
D/ServerHandler( 1775): ServerHandler send request:103:{"ResourceInfo":{"ProductCode":"","PlayType":2,"ResourceCode":"","ResourceName":" "},"Status":{"ReturnCode":100,"Description":"ok"},"PlayStatus":0,"Volume":0}
V/ServerHandler( 1775): ServerHandler send DatagramPacket:/192.168.1.105-[B@41bfe488
D/OtOService( 1775): send callback obj: com.aidufei.otoService.IServiceCallBack$Stub$Proxy@41b7d5b0
D/OtOService( 1775): send callback: 101
I/ServiceAdapter( 2543): dvb_ResultCallBack: what:101   arg1:0
I/ServiceAdapter( 2543): +++++ShiftTime+++++0++++ShiftEnd++++0++++TimeCode++++0++++++delay+++++0
I/ServiceAdapter( 2543): dvb_ResultCallBack: get stb vol:
D/OtOService( 1775): VOBsync :com.aidufei.otoService.PlayEvent@41bfee00
E/ServerAdapter( 1775): ServerAdapter:0
E/ServerHandler( 1775): Send:com.aidufei.protocol.oto.OtOStatusRequest@41bff120
D/ServerHandler( 1775): ServerHandler send request:103:{"ResourceInfo":{"ProductCode":"","PlayType":2,"ResourceCode":"","ResourceName":" "},"Status":{"ReturnCode":100,"Description":"ok"},"PlayStatus":0,"Volume":0}
V/ServerHandler( 1775): ServerHandler send DatagramPacket:/192.168.1.105-[B@41c00be0
D/OtOService( 1775): send callback obj: com.aidufei.otoService.IServiceCallBack$Stub$Proxy@41ee2cd8
D/OtOService( 1775): send callback: 101
I/ServiceAdapter( 2543): dvb_ResultCallBack: what:101   arg1:0
E/JavaBinder( 2543): *** Uncaught remote exception!  (Exceptions are not yet supported across processes.)
E/JavaBinder( 2543): java.lang.RuntimeException: Can't create handler inside thread that has not called Looper.prepare()
E/JavaBinder( 2543):    at android.os.Handler.<init>(Handler.java:121)
E/JavaBinder( 2543):    at com.coship.dvbplayer.view.VolbarView$1.<init>(VolbarView.java:134)
E/JavaBinder( 2543):    at com.coship.dvbplayer.view.VolbarView.<init>(VolbarView.java:134)
E/JavaBinder( 2543):    at com.coship.dvbplayer.view.VolbarView.getInstance(VolbarView.java:63)
E/JavaBinder( 2543):    at com.aidufei.otoService.ServiceAdapter$2.ResultCallBack(ServiceAdapter.java:185)
E/JavaBinder( 2543):    at com.aidufei.otoService.IServiceCallBack$Stub.onTransact(IServiceCallBack.java:52)
E/JavaBinder( 2543):    at android.os.Binder.execTransact(Binder.java:338)
E/JavaBinder( 2543):    at dalvik.system.NativeStart.run(Native Method)
D/OtOService( 1775): send callback obj: com.aidufei.otoService.IServiceCallBack$Stub$Proxy@4175f368
D/OtOService( 1775): send callback: 101
I/ServiceAdapter( 2543): dvb_ResultCallBack: what:101   arg1:0
E/JavaBinder( 2543): *** Uncaught remote exception!  (Exceptions are not yet supported across processes.)
E/JavaBinder( 2543): java.lang.RuntimeException: Can't create handler inside thread that has not called Looper.prepare()
E/JavaBinder( 2543):    at android.os.Handler.<init>(Handler.java:121)
E/JavaBinder( 2543):    at com.coship.dvbplayer.view.VolbarView$1.<init>(VolbarView.java:134)
E/JavaBinder( 2543):    at com.coship.dvbplayer.view.VolbarView.<init>(VolbarView.java:134)
E/JavaBinder( 2543):    at com.coship.dvbplayer.view.VolbarView.getInstance(VolbarView.java:63)
E/JavaBinder( 2543):    at com.aidufei.otoService.ServiceAdapter$2.ResultCallBack(ServiceAdapter.java:185)
E/JavaBinder( 2543):    at com.aidufei.otoService.IServiceCallBack$Stub.onTransact(IServiceCallBack.java:52)
E/JavaBinder( 2543):    at android.os.Binder.execTransact(Binder.java:338)
E/JavaBinder( 2543):    at dalvik.system.NativeStart.run(Native Method)
D/OtOService( 1775): send callback obj: com.aidufei.otoService.IServiceCallBack$Stub$Proxy@41cdf3a8
D/OtOService( 1775): send callback: 101
I/ServiceAdapter( 2543): dvb_ResultCallBack: what:101   arg1:0
D/MediaPlayerService(  739): [35] notify (0x43ed8, 200, 704, 44)
D/MstarPlayer(  739): percent: 44
E/JavaBinder( 2543): *** Uncaught remote exception!  (Exceptions are not yet supported across processes.)
E/JavaBinder( 2543): java.lang.RuntimeException: Can't create handler inside thread that has not called Looper.prepare()
E/JavaBinder( 2543):    at android.os.Handler.<init>(Handler.java:121)
E/JavaBinder( 2543):    at com.coship.dvbplayer.view.VolbarView$1.<init>(VolbarView.java:134)
E/JavaBinder( 2543):    at com.coship.dvbplayer.view.VolbarView.<init>(VolbarView.java:134)
E/JavaBinder( 2543):    at com.coship.dvbplayer.view.VolbarView.getInstance(VolbarView.java:63)
E/JavaBinder( 2543):    at com.aidufei.otoService.ServiceAdapter$2.ResultCallBack(ServiceAdapter.java:185)
E/JavaBinder( 2543):    at com.aidufei.otoService.IServiceCallBack$Stub.onTransact(IServiceCallBack.java:52)
E/JavaBinder( 2543):    at android.os.Binder.execTransact(Binder.java:338)
E/JavaBinder( 2543):    at dalvik.system.NativeStart.run(Native Method)
W/MediaPlayer( 2543): info/warning (704, 44)
I/MediaPlayer.java( 2543): Info (704,44)
I/dvb_OTTPlayer( 2543): [onInfo ] mp:android.media.MediaPlayer@42e0e088 what:704  extra:44
D/OtOService( 1775): send callback obj: com.aidufei.otoService.IServiceCallBack$Stub$Proxy@4155e788
D/OtOService( 1775): send callback: 101
I/ServiceAdapter( 2543): dvb_ResultCallBack: what:101   arg1:0
I/ServiceAdapter( 2543): +++++ShiftTime+++++0++++ShiftEnd++++0++++TimeCode++++0++++++delay+++++0
I/ServiceAdapter( 2543): dvb_ResultCallBack: get stb vol:
D/OtOService( 1775): VOBsync :com.aidufei.otoService.PlayEvent@41c02080
E/ServerAdapter( 1775): ServerAdapter:0
E/ServerHandler( 1775): Send:com.aidufei.protocol.oto.OtOStatusRequest@41c023a0
D/ServerHandler( 1775): ServerHandler send request:103:{"ResourceInfo":{"ProductCode":"","PlayType":2,"ResourceCode":"","ResourceName":" "},"Status":{"ReturnCode":100,"Description":"ok"},"PlayStatus":0,"Volume":0}
V/ServerHandler( 1775): ServerHandler send DatagramPacket:/192.168.1.105-[B@41f57280
D/OtOService( 1775): send callback obj: com.aidufei.otoService.IServiceCallBack$Stub$Proxy@41b6f228
D/OtOService( 1775): send callback: 101
I/ServiceAdapter( 2543): dvb_ResultCallBack: what:101   arg1:0
I/ServiceAdapter( 2543): +++++ShiftTime+++++0++++ShiftEnd++++0++++TimeCode++++0++++++delay+++++0
I/ServiceAdapter( 2543): dvb_ResultCallBack: get stb vol:
D/OtOService( 1775): VOBsync :com.aidufei.otoService.PlayEvent@41f57b98
E/ServerAdapter( 1775): ServerAdapter:0
E/ServerHandler( 1775): Send:com.aidufei.protocol.oto.OtOStatusRequest@41f57eb8
D/ServerHandler( 1775): ServerHandler send request:103:{"ResourceInfo":{"ProductCode":"","PlayType":2,"ResourceCode":"","ResourceName":" "},"Status":{"ReturnCode":100,"Description":"ok"},"PlayStatus":0,"Volume":0}
V/ServerHandler( 1775): ServerHandler send DatagramPacket:/192.168.1.105-[B@41f59978
D/OtOService( 1775): send callback obj: com.aidufei.otoService.IServiceCallBack$Stub$Proxy@41b72088
D/OtOService( 1775): send callback: 101
I/ServiceAdapter( 2543): dvb_ResultCallBack: what:101   arg1:0
E/JavaBinder( 2543): *** Uncaught remote exception!  (Exceptions are not yet supported across processes.)
E/JavaBinder( 2543): java.lang.RuntimeException: Can't create handler inside thread that has not called Looper.prepare()
E/JavaBinder( 2543):    at android.os.Handler.<init>(Handler.java:121)
