I//lib/ld-linux.so.3(  743): Error code 0; Stop Pos:0x03f0e0b0 Time:644135
I//lib/ld-linux.so.3(  743): Get MB_VDPLAYER_STOP command.
D/IMMPlayer(  739): Get ret:0
D/IMMPlayer(  739): Send MM_DeleteMediaItem
D/IMMPlayer(  739): u32Item:1
D/IMMPlayer(  739): Get ret:0
D/IMMPlayer(  739): Send PLAYER_COMMAND_REMOVE_EVENT_RECIPIENT_FPTR
D/IMMPlayer(  739): Get ret:1
D/IMMPlayer(  739): Send FINALIZE
I//lib/ld-linux.so.3(  743): Sbtitle de-init: 0.
I//lib/ld-linux.so.3(  743): MMPlayerService::Client::MM_Finalize()
I//lib/ld-linux.so.3(  743): MSrv_MM_PhotoPlayer::Finalize().
I//lib/ld-linux.so.3(  743): mapi_cpcodec::Finalize().
I//lib/ld-linux.so.3(  743): mapi_cpcodec::Finalize().
I//lib/ld-linux.so.3(  743): Do mapi_cpcodec::Finalize().
D/IMMPlayer(  739): Get ret:0
D/MMPlayer(  739): disconnect
D/MMPlayer(  739): 
D/IMMPlayer(  739): Send DISCONNECT
D/MMPlayer(  739): destructor: 0x3c390
D/MMPlayer(  739): 
D/MMPlayer(  739): disconnect
D/MMPlayer(  739): 
D/MstarPlayer(  739): MstarPlayer::clearAllSource
D/Downloader(  739): Enter Downloader::ForceExit ! 
D/DataSource_M3U8(  739): [M3U8]request to exit download thread
D/DataSource_M3U8(  739): [ContentSource_M3U8] DownloadThread Exit Done..
D/DataSource_M3U8(  739): [M3U8]request to exit mPlaylistThread thread
I//lib/ld-linux.so.3(  743): MM_Finalize done
I//lib/ld-linux.so.3(  743): V/MMPlayerService( 758 758): disconnect(callingPid 739, clientPid 739)
I//lib/ld-linux.so.3(  743): V/MMPlayerService( 758 758): Disconnet finalize OK.
I//lib/ld-linux.so.3(  743): V/MMPlayerService( 758 758): removeClient(callingPid 739)
I//lib/ld-linux.so.3(  743): V/MMPlayerService( 758 1043): MMPlayerService::Client destructor(callingPid 739)
D/DataSource_M3U8(  739): 
D/DataSource_M3U8(  739):  connect Server :live.feifeikan.com
D/DataSource_M3U8(  739): parseM3U8 .......!
D/Downloader(  739): Enter Downloader::ForceExit ! 
D/Downloader(  739): [downloadThread]Downloader::removeTask  
D/Downloader(  739): ~Downloader
D/DataSource_M3U8(  739): [M3U8]~ContentSource_M3U8 done.
D/MstarPlayer(  739): setInstance: 0x0
D/MstarPlayer(  739): ==========MstarPlayer::reset : 0x38cb8==========
D/MstarPlayer(  739): MstarPlayer::clearAllSource
D/MstarPlayer(  739): setInstance: 0x0
D/MstarPlayer(  739): reset done
I/dvb_LoadTips( 2543): [gethandler] objInstance:com.coship.dvbplayer.LoadTips@41845b68
I/dvb_LoadTips( 2543): [gethandler] objInstance  mHandler:Handler (com.coship.dvbplayer.LoadTips$1) {417c0488}
I/dvb_LoadTips( 2543): [gethandler] objInstance:com.coship.dvbplayer.LoadTips@41845b68
I/dvb_LoadTips( 2543): [gethandler] objInstance  mHandler:Handler (com.coship.dvbplayer.LoadTips$1) {417c0488}
I/DVB_main( 2543): [onNewIntent]    ~~~~~~~~~~~~~~~
I/DVB_main( 2543): onResume
D/MstarPlayer(  739): ==========MstarPlayer::reset : 0x38cb8==========
D/MstarPlayer(  739): MstarPlayer::clearAllSource
D/MstarPlayer(  739): setInstance: 0x0
D/MstarPlayer(  739): reset done
D/MstarPlayer(  739): 
D/MstarPlayer(  739): =======Destroy mstar player  : 0x38cb8========
D/ServiceAdapter( 2543): start bind service.
I/dvb_OTTPlayer( 2543): [getInstance] begin..............
I/DVB_main( 2543): [checkbundle] channelResourceCode:10047 playType:0
I/DVB_main( 2543): [checkbundle]:   get channelResourceCode:10047++++++++++playType+++++++++++0
I/DVB_main( 2543): [handleIntent] get intent ,playType:0
I/dvb_OTTPlayer( 2543): [getInstance] begin..............
I/dvb_OTTPlayer( 2543): [play] mediaplayer is null creat it .....
I/dvb_OTTPlayer( 2543): [initMediaplayer] new MediaPlayer END....  mediaplayer:android.media.MediaPlayer@42e0e088
D/dvb_OTTPlayer( 2543): Send broadcast: channelCode 10047 type 2
I/dvb_OTTPlayer( 2543): [play] code :10047 name:
I/dvb_LoadTips( 2543): [gethandler] objInstance:com.coship.dvbplayer.LoadTips@41845b68
I/dvb_LoadTips( 2543): [gethandler] objInstance  mHandler:Handler (com.coship.dvbplayer.LoadTips$1) {417c0488}
I/dvb_LoadTips( 2543): [gethandler] objInstance:com.coship.dvbplayer.LoadTips@41845b68
D/OtOService( 1775): TVContentReceiver: ACTION_TV_CONTENT_CHANGED, playType: 2 ,resourceCode: 10047
I/dvb_LoadTips( 2543): [gethandler] objInstance  mHandler:Handler (com.coship.dvbplayer.LoadTips$1) {417c0488}
I/dvb_OTTPlayer( 2543): [GetPlayURLThread] begin code:10047
I/dvb_LoadTips( 2543): [mHandler] ~~~~~~~~~~~~~~~~~~~~~~~~~mHandler:Handler (com.coship.dvbplayer.LoadTips$1) {417c0488} msg.what:5 msg.obj:null
D/ServerAdapter( 1775): Server addr: http://wasu.feifeikan.com:8080/
E/ServerHandler( 1775): Send:com.aidufei.protocol.oto.OtOContentRequest@41f44140
I/message ( 2543): requestUrl  :http://wasu.feifeikan.com:8080/msis/getPlayURL?version=V001&terminalType=2&resolution=1280*720&resourceCode=10047&productCode=&userCode=&playType=2&delay=0&shifttime=0&shiftend=0&timecode=0&authKey=f4b4736f061147ab4add47222f57d6c0
D/ServiceAdapter( 2543): serviceConnection:com.aidufei.otoService.IotoService$Stub$Proxy@43028c88
V/OtOService( 1775): registerCallback:com.aidufei.otoService.IServiceCallBack$Stub$Proxy@41c8c140
I/dvb_LoadTips( 2543): [mHandler] ~~~~~~~~~~~~~~~~~~~~~~~~~mHandler:Handler (com.coship.dvbplayer.LoadTips$1) {417c0488} msg.what:3 msg.obj:
D/ServerHandler( 1775): ServerHandler send request:200:{"ResourceInfo":{"ProductCode":"","PlayType":2,"ResourceCode":"10047","ResourceName":""},"Status":{"ReturnCode":100,"Description":"TVContentChanged"},"ServerAddr":"http:\/\/wasu.feifeikan.com:8080\/","Volume":-1}
V/ServerHandler( 1775): ServerHandler send DatagramPacket:/192.168.1.105-[B@41cfdca8
D/dalvikvm( 1665): GC_CONCURRENT freed 584K, 65% free 2634K/7427K, paused 2ms+3ms
I/message ( 2543): message  :{"ret":"0","palyURL":"http://live.feifeikan.com/live/coship,HNWSHD.m3u8?fmt=x264_0k_mpegts&sora=1&sk=F43F8B398CEE0DB7070C84B8D98A9DF0&UUID=52040940-ce52-4bc3-99d3-60c1d573a9c8&userCode=default&userName=default&spCode=484581254562&productCode=2&resourceCode=10047&subId=123&resourceName=&authType=2","retInfo":""}
I/System.out( 2543): message--->{"ret":"0","palyURL":"http://live.feifeikan.com/live/coship,HNWSHD.m3u8?fmt=x264_0k_mpegts&sora=1&sk=F43F8B398CEE0DB7070C84B8D98A9DF0&UUID=52040940-ce52-4bc3-99d3-60c1d573a9c8&userCode=default&userName=default&spCode=484581254562&productCode=2&resourceCode=10047&subId=123&resourceName=&authType=2","retInfo":""}
E/dvb_OTTPlayer( 2543): [GetPlayURLThread]  url:http://live.feifeikan.com/live/coship,HNWSHD.m3u8?fmt=x264_0k_mpegts&sora=1&sk=F43F8B398CEE0DB7070C84B8D98A9DF0&UUID=52040940-ce52-4bc3-99d3-60c1d573a9c8&userCode=default&userName=default&spCode=484581254562&productCode=2&resourceCode=10047&subId=123&resourceName=&authType=2
I/dvb_OTTPlayer( 2543): [play] String path:http://live.feifeikan.com/live/coship,HNWSHD.m3u8?fmt=x264_0k_mpegts&sora=1&sk=F43F8B398CEE0DB7070C84B8D98A9DF0&UUID=52040940-ce52-4bc3-99d3-60c1d573a9c8&userCode=default&userName=default&spCode=484581254562&productCode=2&resourceCode=10047&subId=123&resourceName=&authType=2
D/MediaPlayerService(  739):  Create MstarPlayer
D/MstarPlayer(  739): Create MstarPlayer:0x57970,Version:Release Mstar player lib Version:0015,Base CL:690305  Date:2012/11/06
D/MstarPlayer(  739): TV Local Time :  Mon Mar 25 14:48:27 2013
D/MstarPlayer(  739):  
D/MstarPlayer(  739): setInstance: 0x57970
D/MstarPlayer(  739): mstar player set listener
D/MstarPlayer(  739): MstarPlayer::initCheck
D/MediaPlayerService(  739): [35] setVideoSurfaceTexture(0x43ff0)
D/MstarPlayer(  739): MstarPlayer::setVideoSurfaceTexture 
D/MstarPlayer(  739): open mHwcFifoFD = 21
D/MediaPlayerService(  739): [35] setVideoSurfaceTexture(0x35bb8)
D/MstarPlayer(  739): MstarPlayer::prepareAsync
D/MstarPlayer(  739): 
D/MstarPlayer(  739):  MstarPlayer::doSetDataSource
D/MstarPlayer(  739): MstarPlayer::clearAllSource
D/MstarPlayer(  739): 
D/MstarPlayer(  739):  MstarPlayer::doSetDataSource: url=http://live.feifeikan.com/live/coship,HNWSHD.m3u8?fmt=x264_0k_mpegts&sora=1&sk=F43F8B398CEE0DB7070C84B8D98A9DF0&UUID=52040940-ce52-4bc3-99d3-60c1d573a9c8&userCode=default&userName=default&spCode=484581254562&productCode=2&resourceCode=10047&subId=123&resourceName=&authType=2
D/Downloader(  739): Release Mstar Content Source CL:493363  Date:2013/03/20
D/Downloader(  739): Curl Version:libcurl/7.21.7 OpenSSL/1.0.0e
D/Downloader(  739): [downloadThread]init a multi curl done.curlm:0x5a720 pRingBuffer:0x25fa8
D/DataSource_M3U8(  739): bg thread ready to run
D/DataSource_M3U8(  739): [M3U8]ContentSource_M3U8 contruct done
D/DataSource_M3U8(  739): bg thread ready to run
D/DataSource_M3U8(  739): bg thread 394640
D/DataSource_M3U8(  739): [M3U8] try parseURLs=http://live.feifeikan.com/live/coship,HNWSHD.m3u8?fmt=x264_0k_mpegts&sora=1&sk=F43F8B398CEE0DB7070C84B8D98A9DF0&UUID=52040940-ce52-4bc3-99d3-60c1d573a9c8&userCode=default&userName=default&spCode=484581254562&productCode=2&resourceCode=10047&subId=123&resourceName=&authType=2
D/Downloader(  739): [downloadThread]Downloader::removeTask  
D/Downloader(  739): Content-Length: 295
D/Downloader(  739): 
D/Downloader(  739): Content-Type: text/plain; charset=UTF-8
D/Downloader(  739): 
D/Downloader(  739): Downloadserver bandWidth:5605
D/Downloader(  739): Downloadserver bandWidth:5605
D/Downloader(  739): Downloadserver bandWidth:5605
D/Downloader(  739): Downloadserver bandWidth:5605
D/DataSource_M3U8(  739): parseURLs : waiting 420 ms 
D/DataSource_M3U8(  739):  mDownloadingTask.fileSize:295 
D/DataSource_M3U8(  739): [M3U8] file: NULL line 
D/DataSource_M3U8(  739): HLS=====>> Live Stream!!!!
D/DataSource_M3U8(  739):  bMultAlterBandwidthStream = 1  urlNum=1 
D/Downloader(  739): [downloadThread]background worker recv DOWNLOADER_COMMAND_REMOVE_TASK
D/Downloader(  739): [downloadThread]Downloader::removeTask  
D/Downloader(  739): [downloadThread]DOWNLOADER_COMMAND_REMOVE_TASK done
D/DataSource_M3U8(  739): [M3U8] try parseURLs=http://live.feifeikan.com/live/hls/308.m3u8?fmt=x264_0k_mpegts&sora=1&sk=F43F8B398CEE0DB7070C84B8D98A9DF0&UUID=52040940-ce52-4bc3-99d3-60c1d573a9c8&userCode=default&userName=default&spCode=484581254562&productCode=2&resourceCode=10047&subId=123&resourceName=&authType=2
D/Downloader(  739): [downloadThread]Downloader::removeTask  
D/Downloader(  739): Content-Length: 144
D/Downloader(  739): 
D/Downloader(  739): Content-Type: text/plain; charset=UTF-8
D/Downloader(  739): 
D/Downloader(  739): Downloadserver bandWidth:3827
D/Downloader(  739): Downloadserver bandWidth:3827
D/Downloader(  739): Downloadserver bandWidth:3827
D/Downloader(  739): Downloadserver bandWidth:3827
D/DataSource_M3U8(  739): parseURLs : waiting 300 ms 
D/DataSource_M3U8(  739):  mDownloadingTask.fileSize:144 
D/DataSource_M3U8(  739): [M3U8]clear mFragements[0]
D/DataSource_M3U8(  739): [M3U8] file: NULL line 
D/DataSource_M3U8(  739): HLS=====>> Live Stream!!!!
D/DataSource_M3U8(  739): bSupportAutoChangeServer = 1 
D/DataSource_M3U8(  739): u32HLSSreamNum[0]===>u32BandWidth:800000 
D/DataSource_M3U8(  739): getHLSPlayListInex  DownloadBandWidth:3827   uInDex=0
D/DataSource_M3U8(  739): [M3U8]----->post cmd for start first url:http://live.feifeikan.com/live/hls/308?slice=022618, knowedFileSize:0
D/MstarPlayer(  739): MstarPlayer::doPrepare
D/ContentSource(  739): sniffMP3
D/ContentSource(  739): sniffAAC
D/ContentSource(  739): sniffWMA
D/ContentSource(  739): sniffOGG
D/ContentSource(  739): sniffWAV
D/ContentSource(  739): sniffPCM
D/ContentSource(  739): sniffMP4
D/ContentSource(  739): sniffASF
D/ContentSource(  739): sniffFLV
D/ContentSource(  739): sniffMKV
D/ContentSource(  739): sniffAVI
D/ContentSource(  739): sniffMOV
D/ContentSource(  739): sniffTS
D/ContentSource(  739): sniffMPEG
D/ContentSource(  739): sniffRM
D/ContentSource(  739): sniffWMV
D/ContentSource(  739): sniffJpegAndMPO
D/ContentSource(  739): fast_avformat = 0
D/Downloader(  739): [downloadThread]background worker recv DOWNLOADER_COMMAND_REMOVE_TASK
D/Downloader(  739): [downloadThread]Downloader::removeTask  
D/Downloader(  739): [downloadThread]DOWNLOADER_COMMAND_REMOVE_TASK done
D/Downloader(  739): [downloadThread]Downloader::removeTask  
D/DataSource_M3U8(  739): u32HLSSreamNum[0]===>u32BandWidth:800000 
D/DataSource_M3U8(  739): getHLSPlayListInex  DownloadBandWidth:3827   uInDex=0
D/DataSource_M3U8(  739): 
D/DataSource_M3U8(  739): 
D/DataSource_M3U8(  739): 
D/DataSource_M3U8(  739): ============Begin to get playlist !!=====================
D/DataSource_M3U8(  739): 
D/DataSource_M3U8(  739): 
D/Downloader(  739): Content-Length: 614572
D/Downloader(  739): 
D/DataSource_M3U8(  739): 
D/DataSource_M3U8(  739):  seekAt : 0 
D/DataSource_M3U8(  739): 
D/DataSource_M3U8(  739):  seekAt : 0 
D/MstarPlayer(  739): create MSrv_MM_PlayerInterface
D/MstarPlayer(  739): ===> GET source FILE Size -1 
D/MstarPlayer(  739): play content is video
D/MMPlayer(  739): constructor: 0x472a0
D/MMPlayer(  739): 
D/MMPlayer(  739): connect
D/MMPlayer(  739): 
D/MMPlayer(  739): getMMPlayerService
D/IMMPlayerService(  739): Send CONNECT
D/IMMPlayer(  739): Send INITIALIZE
I//lib/ld-linux.so.3(  743): V/MMPlayerService( 758 758): MMPlayerService::connect(callingPid 739, client 0x2a0d5768)
I//lib/ld-linux.so.3(  743): V/MMPlayerService( 758 758): MMPlayerService::Client constructor(callingPid 739)
I//lib/ld-linux.so.3(  743): MMPlayerService::Client::MM_Initialize()
I//lib/ld-linux.so.3(  743): MSrv_MM_PhotoPlayer::Initialize().
I//lib/ld-linux.so.3(  743): mapi_cpcodec::Initialize(). eDecoderPath:2
I//lib/ld-linux.so.3(  743): Thread name: mapi_cpcodec.
I//lib/ld-linux.so.3(  743): MIU interval 0x60000000.
I//lib/ld-linux.so.3(  743): E_MMAP_ID_XC_MAIN_FB PA: 0x17bc1000, VA: 0x45808000, size: 0x1800000, IsMIU0: 1.
I//lib/ld-linux.so.3( [20956.295001] [irq_proc_open][373] -16
 743): E_MMAP_ID_PHOTO_SHAREMEM PA: 0x167bc000, VA: 0x44403000, size: 0x400, IsMIU0: 1.
I//lib/ld-linux.so.3(  743): E_MMAP_ID_JPD_READ PA: 0x167bc400, VA: 0x44403400, size: 0x50080, IsMIU0: 1.
I//lib/ld-linux.so.3(  743): E_MMAP_ID_JPD_WRITE PA: 0x1680c480, VA: 0x44453480, size: 0x3fc000, IsMIU0: 1.
I//lib/ld-linux.so.3(  743): E_MMAP_ID_PHOTO_DISPLAY PA: 0x163c0000, VA: 0x44007000, size: 0x3fc000, IsMIU0: 1.
I//lib/ld-linux.so.3(  743): E_MMAP_ID_PHOTO_INTER PA: 0x16c08480, VA: 0x4484f480, size: 0x630000, IsMIU0: 1.
I//lib/ld-linux.so.3(  743): E_MMAP_ID_PHOTO_MPO_INTER PA: 0x17238480, VA: 0x44e7f480, size: 0x3fc000, IsMIU0: 1.
I//lib/ld-linux.so.3(  743): E_MMAP_ID_VDPLAYER_DATA PA: 0x163c0000, VA: 0x44007000, size: 0x1000, IsMIU0: 1.
I//lib/ld-linux.so.3(  743): E_MMAP_ID_VDPLAYER_BITSTREAM PA: 0x16d40000, VA: 0x44987000, size: 0x400000, IsMIU0: 1.
I//lib/ld-linux.so.3(  743): E_MMAP_ID_VDPLAYER_BITSTREAM_EXT PA: 0x16940000, VA: 0x44587000, size: 0x400000, IsMIU0: 1.
I//lib/ld-linux.so.3(  743): E_MMAP_ID_SUBTITLE PA: 0x16740000, VA: 0x44387000, size: 0x1e0000, IsMIU0: 1.
I//lib/ld-linux.so.3(  743): E_MMAP_ID_MAD_DEC PA: 0x15c40000, VA: 0x43887000, size: 0x280000, IsMIU0: 1.
I//lib/ld-linux.so.3(  743): E_MMAP_ID_VDEC_CPU PA: 0x1b800000, VA: 0x49447000, size: 0x200000, IsMIU0: 1.
I//lib/ld-linux.so.3(  743): E_MMAP_ID_VDEC_FRAMEBUFFER PA: 0x1ba00000, VA: 0x49647000, size: 0x1b00000, IsMIU0: 1.
I//lib/ld-linux.so.3(  743): E_MMAP_ID_VDEC_FRAMEBUFFERSD PA: 0x1ba00000, VA: 0x49647000, size: 0x1b00000, IsMIU0: 1.
I//lib/ld-linux.so.3(  743): E_MMAP_ID_VDEC_BITSTREAM PA: 0x1d500000, VA: 0x4b147000, size: 0x800000, IsMIU0: 1.
I//lib/ld-linux.so.3(  743): E_MMAP_ID_VDEC_MVC_FRAMEBUFFER PA: 0x1ba00000, VA: 0x49647000, size: 0x2b00000, IsMIU0: 1.
I//lib/ld-linux.so.3(  743): E_MMAP_ID_VDEC_MVC_BITSTREAM PA: 0x1e500000, VA: 0x4c147000, size: 0x1600000, IsMIU0: 1.
I//lib/ld-linux.so.3(  743): E_MMAP_ID_DMX_SECBUF PA: 0xd0000, VA: 0x41217000, size: 0x70000, IsMIU0: 1.
I//lib/ld-linux.so.3(  743): ???????? Important,The MMAP ID(110) does not existed!, please check it...
I//lib/ld-linux.so.3(  743): ???????? Please update the right system configure...
I//lib/ld-linux.so.3(  743): ???????? Important,The MMAP ID(111) does not existed!, please check it...
I//lib/ld-linux.so.3(  743): ???????? Please update the right system configure...
I//lib/ld-linux.so.3(  743): Panel width: 1280, heigt: 720.
I//lib/ld-linux.so.3(  743): MPO SBS width: 1792, heigt: 504.
I//lib/ld-linux.so.3(  743): Output Buffer start: 0x44453480, BUS address start: 0x5680c480, size: 0x3fc000.
I//lib/ld-linux.so.3(  743): Display Buffer start: 0x44007000, BUS address start: 0x563c0000, size: 0x3fc000.
I//lib/ld-linux.so.3(  743): Internal Buffer start: 0x4484f480, BUS address start: 0x56c08480, size: 0x630000.
I//lib/ld-linux.so.3(  743): MPO Internal Buffer start: 0x44e7f480, BUS address start: 0x57238480, size: 0x3fc000.
I//lib/ld-linux.so.3(  743): MSrv_MM_PhotoPlayer::Initialize() Done.
I//lib/ld-linux.so.3(  743): >>> MSrv_MM_VideoPlayer  Initialize 
I//lib/ld-linux.so.3(  743): mapi_cpcodec::Initialize(). eDecoderPath:2
I//lib/ld-linux.so.3(  743): ******Amplifier_TI5707_SWMute(0)
I//lib/ld-linux.so.3(  743): 5707write fail = 7
I//lib/ld-linux.so.3(  743): 5707write fail = 7
I//lib/ld-linux.so.3(  743): 5707write fail = 7
I//lib/ld-linux.so.3(  743): 5707write fail = 7
I//lib/ld-linux.so.3(  743): 5707write fail = 6
D/IMMPlayer(  739): Get ret:0
D/IMMPlayer(  739): Send PLAYER_COMMAND_ADD_EVENT_RECIPIENT_FPTR
D/IMMPlayer(  739): Get ret:1
D/IMMPlayer(  739): Send MM_SetPlayerTimeOutValue
D/IMMPlayer(  739): pTimeOutInfo->u32FileIOTimeOut:4294967295
D/IMMPlayer(  739): pTimeOutInfo->u32FileReadTimeOut:4294967295
D/IMMPlayer(  739): pTimeOutInfo->u32FileSeekTimeOut:4294967295
D/IMMPlayer(  739): pTimeOutInfo->u32DecodeCtrlTimeOut:4294967295
D/IMMPlayer(  739): pTimeOutInfo->u32ESBuffCtrlTimeOut:-1
D/IMMPlayer(  739): Get ret:0
D/IMMPlayer(  739): Send MM_CreateMediaItem
D/IMMPlayer(  739): stMedia.u32FileID:370464
D/IMMPlayer(  739): stMedia.u32FileSecondID:0
D/IMMPlayer(  739): stMedia.u32FileThirdID:0
D/IMMPlayer(  739): stMedia.u32FileFourthID:0
D/IMMPlayer(  739): stMedia.u64FileLength:18446744073709551615
D/IMMPlayer(  739): stMedia.eMediaType:2
D/IMMPlayer(  739): stMedia.eMediaFileType:2
D/IMMPlayer(  739): stMedia.eMediaCreateMode:0
D/IMMPlayer(  739): stMedia.u32CtlFlag:66
I//lib/ld-linux.so.3(  743): Panel width: 01280, heigt: 720.
I//lib/ld-linux.so.3(  743): Thread name: MM_Audio.
I//lib/ld-linux.so.3(  743): Thread name: MM_Audio.
D/IMMPlayer(  739): Get ret:0
D/MstarPlayer(  739): media item 0x1
D/MstarPlayer(  739): MstarPlayer::doPrepare done
I//lib/ld-linux.so.3(  743): Video Item Info, file ID: 0x5a720, file length: 0xffffffff 0xffffffff.
I//lib/ld-linux.so.3(  743): Output Resolution: DISPLAY_DACOUT_576P or DISPLAY_DACOUT_720P_50 or DISPLAY_DACOUT_1080P_50.
I//lib/ld-linux.so.3(  743): >>>GetDRMSetting From EEPROM
I//lib/ld-linux.so.3(  743): mapi_cpcodec::CreateMedia(): 20956280.
I//lib/ld-linux.so.3(  743): 1 File ID: 0x5a720, 2 File ID: 0x0, 3 File ID: 0x0, 4 File ID: 0x0.
I//lib/ld-linux.so.3(  743): File size: 0xffffffff ffffffff.
I//lib/ld-linux.so.3(  743): Media Type: 0, File Type: 2, Create Mode: 0.
I//lib/ld-linux.so.3(  743): mapi_cpcodec::videoCreateMedia().
I//lib/ld-linux.so.3(  743): Reconfigure Buffer.
I//lib/ld-linux.so.3(  743): E_MMAP_ID_VDEC_FRAMEBUFFER PA: 0x1ba00000, VA: 0x49647000, size: 0x1b00000, IsMIU0: 1.
I//lib/ld-linux.so.3(  743): E_MMAP_ID_VDEC_FRAMEBUFFERSD PA: 0x1ba00000, VA: 0x49647000, size: 0x1b00000, IsMIU0: 1.
I//lib/ld-linux.so.3(  743): E_MMAP_ID_VDEC_BITSTREAM PA: 0x1d500000, VA: 0x4b147000, size: 0x800000, IsMIU0: 1.
I//lib/ld-linux.so.3(  743): E_MMAP_ID_VDEC_MVC_FRAMEBUFFER PA: 0x1ba00000, VA: 0x49647000, size: 0x2b00000, IsMIU0: 1.
I//lib/ld-linux.so.3(  743): E_MMAP_ID_VDEC_MVC_BITSTREAM PA: 0x1e500000, VA: 0x4c147000, size: 0x1600000, IsMIU0: 1.
I//lib/ld-linux.so.3(  743): Copy TSP FW bin 6fc0dfa0 -> 41217000; 4400
I//lib/ld-linux.so.3(  743): drop error frame.
I//lib/ld-linux.so.3(  743): default unseekable Stream mode config: Set preload size 0x4000
I//lib/ld-linux.so.3(  743): Stream mode. Set read header require size: MIN_REQUIRE_SIZE
I//lib/ld-linux.so.3(  743): Stream mode. for ts,Set read header probe option: (E_VDP_READ_HEADER_PROBE_AUDIO_DISABLE | E_VDP_READ_HEADER_PROBE_DURATION_DISABLE)
I//lib/ld-linux.so.3(  743): >>>>  DRM start  DRM MODEL ID  0x3031
I//lib/ld-linux.so.3(  743): LoadDRMMemory();
I//lib/ld-linux.so.3(  743): Display Msg: 29.
I//lib/ld-linux.so.3(  743):  set Frame buffer info  MAX_FRAMENUM 4   MAX_FIELDNUM  16
I//lib/ld-linux.so.3(  743): Enable TS Subtitle codec state  1
I//lib/ld-linux.so.3(  743): [CI][HbbTV-VOD]<INFO>:[1364194108.700242] MM init start
I//lib/ld-linux.so.3(  743): videoCreateMedia Done.
I//lib/ld-linux.so.3(  743): Create CP Ccodec Video Media Done.
I//lib/ld-linux.so.3(  743): Device or resource busy
I//lib/ld-linux.so.3(  743): Cannot open interrupt descriptor for irq=147 Auth OK
I//lib/ld-linux.so.3(  743): Check S/W IP Statue
I//lib/ld-linux.so.3(  743): [0]:OFF; [1]:OFF; [2]:OFF; [3]:ON
I//lib/ld-linux.so.3(  743): [4]:OFF; [5]:OFF; [6]:OFF; [7]:OFF
I//lib/ld-linux.so.3(  743): [8]:OFF; [9]:OFF; [10]:OFF; [11]:ON
I//lib/ld-linux.so.3(  743): [12]:ON; [13]:OFF; [14]:OFF; [15]:OFF
I//lib/ld-linux.so.3(  743): [16]:OFF; [17]:OFF; [18]:OFF; [19]:ON
I//lib/ld-linux.so.3(  743): [20]:ON; [21]:ON; [22]:ON; [23]:ON
I//lib/ld-linux.so.3(  743): [24]:OFF; [25]:OFF; [26]:OFF; [27]:ON
I//lib/ld-linux.so.3(  743): [28]:ON; [29]:ON; [30]:ON; [31]:OFF
I//lib/ld-linux.so.3(  743): [32]:OFF; [33]:ON; [34]:ON; [35]:OFF
I//lib/ld-linux.so.3(  743): [36]:OFF; [37]:OFF; [38]:OFF; [39]:ON
I//lib/ld-linux.so.3(  743): [40]:ON; [41]:OFF; [42]:OFF; [43]:OFF
I//lib/ld-linux.so.3(  743): [44]:OFF; [45]:OFF; [46]:OFF; [47]:OFF
I//lib/ld-linux.so.3(  743): [48]:OFF; [49]:OFF; [50]:OFF; [51]:OFF
I//lib/ld-linux.so.3(  743): [52]:OFF; [53]:OFF; [54]:OFF; [55]:OFF
I//lib/ld-linux.so.3(  743): [56]:OFF; [57]:OFF; [58]:OFF; [59]:OFF
I//lib/ld-linux.so.3(  743): [60]:OFF; [61]:OFF; [62]:OFF; [63]:OFF
I//lib/ld-linux.so.3(  743): Subtitle File Open Fail !!
I//lib/ld-linux.so.3(  743): Attached File Open Fail !!
I//lib/ld-linux.so.3(  743): Audio File Fail!!
D/MediaPlayerService(  739): [35] notify (0x43ed8, 3, 51, 0)
D/MonitorCw880( 2640): currentRemoteHost is null ,continue
D/DataSource_M3U8(  739): 
D/DataSource_M3U8(  739):  connect Server :live.feifeikan.com
D/DataSource_M3U8(  739): parseM3U8 .......!
D/DataSource_M3U8(  739): 
D/DataSource_M3U8(  739):  do not update  mediaSequence : 0   url = http://live.feifeikan.com/live/hls/308?slice=022618   
D/DataSource_M3U8(  739): 
D/DataSource_M3U8(  739):  do not update  mediaSequence : 0   url = http://live.feifeikan.com/live/hls/308?slice=022619   
D/DataSource_M3U8(  739): 
D/DataSource_M3U8(  739):  do not update  mediaSequence : 0   url = http://live.feifeikan.com/live/hls/308?slice=022620   
D/DataSource_M3U8(  739): [M3U8] file: NULL line 
D/DataSource_M3U8(  739): HLS=====>> Live Stream!!!!
I//lib/ld-linux.so.3(  743): Blocking Read: 201, size: 0x1000.
I//lib/ld-linux.so.3(  743): Blocking Read: 200, size: 0x8000.
I//lib/ld-linux.so.3(  743): File format : TS
I//lib/ld-linux.so.3(  743): Blocking Read: 201, size: 0x20000.
D/DataSource_M3U8(  739): u32HLSSreamNum[0]===>u32BandWidth:800000 
D/DataSource_M3U8(  739): getHLSPlayListInex  DownloadBandWidth:3827   uInDex=0
D/DataSource_M3U8(  739): 
D/DataSource_M3U8(  739): 
D/DataSource_M3U8(  739): 
D/DataSource_M3U8(  739): ============Begin to get playlist !!=====================
D/DataSource_M3U8(  739): 
D/DataSource_M3U8(  739): 
D/DataSource_M3U8(  739): 
D/DataSource_M3U8(  739):  connect Server :live.feifeikan.com
D/DataSource_M3U8(  739): parseM3U8 .......!
D/DataSource_M3U8(  739): 
D/DataSource_M3U8(  739):  do not update  mediaSequence : 0   url = http://live.feifeikan.com/live/hls/308?slice=022618   
D/DataSource_M3U8(  739): 
D/DataSource_M3U8(  739):  do not update  mediaSequence : 0   url = http://live.feifeikan.com/live/hls/308?slice=022619   
D/DataSource_M3U8(  739): 
D/DataSource_M3U8(  739):  do not update  mediaSequence : 0   url = http://live.feifeikan.com/live/hls/308?slice=022620   
D/DataSource_M3U8(  739): [M3U8] file: NULL line 
D/DataSource_M3U8(  739): HLS=====>> Live Stream!!!!
I//lib/ld-linux.so.3(  743): Blocking Read: 302, size: 0x20000.
D/DataSource_M3U8(  739): u32HLSSreamNum[0]===>u32BandWidth:800000 
D/DataSource_M3U8(  739): getHLSPlayListInex  DownloadBandWidth:3827   uInDex=0
D/DataSource_M3U8(  739): 
D/DataSource_M3U8(  739): 
D/DataSource_M3U8(  739): 
D/DataSource_M3U8(  739): ============Begin to get playlist !!=====================
D/DataSource_M3U8(  739): 
D/DataSource_M3U8(  739): 
D/DataSource_M3U8(  739): 
D/DataSource_M3U8(  739):  connect Server :live.feifeikan.com
D/DataSource_M3U8(  739): parseM3U8 .......!
D/DataSource_M3U8(  739): 
D/DataSource_M3U8(  739):  do not update  mediaSequence : 0   url = http://live.feifeikan.com/live/hls/308?slice=022618   
D/DataSource_M3U8(  739): 
D/DataSource_M3U8(  739):  do not update  mediaSequence : 0   url = http://live.feifeikan.com/live/hls/308?slice=022619   
D/DataSource_M3U8(  739): 
D/DataSource_M3U8(  739):  do not update  mediaSequence : 0   url = http://live.feifeikan.com/live/hls/308?slice=022620   
D/DataSource_M3U8(  739): [M3U8] file: NULL line 
D/DataSource_M3U8(  739): HLS=====>> Live Stream!!!!
E/ServerHandler( 1775): receiveRequest
V/OtORequest( 1775): parseCommand
V/OtORequest( 1775): get command=103
V/OtORequest( 1775): parse OtORequest: cmd=103 paramLength=0 bufferlen=8
D/OtOService( 1775): client request get status.playType:2
D/OtOService( 1775): callback N: 21
D/OtOService( 1775): send callback: 101
I/ServiceAdapter( 2543): dvb_ResultCallBack: what:101   arg1:0
E/JavaBinder( 2543): *** Uncaught remote exception!  (Exceptions are not yet supported across processes.)
E/JavaBinder( 2543): java.lang.RuntimeException: Can't create handler inside thread that has not called Looper.prepare()
E/JavaBinder( 2543):    at android.os.Handler.<init>(Handler.java:121)
E/JavaBinder( 2543):    at com.coship.dvbplayer.view.VolbarView$1.<init>(VolbarView.java:134)
E/JavaBinder( 2543):    at com.coship.dvbplayer.view.VolbarView.<init>(VolbarView.java:134)
E/JavaBinder( 2543):    at com.coship.dvbplayer.view.VolbarView.getInstance(VolbarView.java:63)
E/JavaBinder( 2543):    at com.aidufei.otoService.ServiceAdapter$2.ResultCallBack(ServiceAdapter.java:185)
E/JavaBinder( 2543):    at com.aidufei.otoService.IServiceCallBack$Stub.onTransact(IServiceCallBack.java:52)
E/JavaBinder( 2543):    at android.os.Binder.execTransact(Binder.java:338)
E/JavaBinder( 2543):    at dalvik.system.NativeStart.run(Native Method)
D/OtOService( 1775): send callback obj: com.aidufei.otoService.IServiceCallBack$Stub$Proxy@41ea44a8
D/OtOService( 1775): send callback: 101
I/ServiceAdapter( 2543): dvb_ResultCallBack: what:101   arg1:0
I/ServiceAdapter( 2543): +++++ShiftTime+++++0++++ShiftEnd++++0++++TimeCode++++0++++++delay+++++0
I/ServiceAdapter( 2543): dvb_ResultCallBack: get stb vol:
D/OtOService( 1775): VOBsync :com.aidufei.otoService.PlayEvent@41f54bb8
E/ServerAdapter( 1775): ServerAdapter:0
E/ServerHandler( 1775): Send:com.aidufei.protocol.oto.OtOStatusRequest@41f54ed8
D/ServerHandler( 1775): ServerHandler send request:103:{"ResourceInfo":{"ProductCode":"","PlayType":2,"ResourceCode":"","ResourceName":" "},"Status":{"ReturnCode":100,"Description":"ok"},"PlayStatus":0,"Volume":0}
V/ServerHandler( 1775): ServerHandler send DatagramPacket:/192.168.1.105-[B@41783a10
D/OtOService( 1775): send callback obj: com.aidufei.otoService.IServiceCallBack$Stub$Proxy@41d42078
D/OtOService( 1775): send callback: 101
I/ServiceAdapter( 2543): dvb_ResultCallBack: what:101   arg1:0
I/ServiceAdapter( 2543): +++++ShiftTime+++++0++++ShiftEnd++++0++++TimeCode++++0++++++delay+++++0
I/ServiceAdapter( 2543): dvb_ResultCallBack: get stb vol:
D/OtOService( 1775): VOBsync :com.aidufei.otoService.PlayEvent@41ee42b8
E/ServerAdapter( 1775): ServerAdapter:0
E/ServerHandler( 1775): Send:com.aidufei.protocol.oto.OtOStatusRequest@41ee45d8
D/ServerHandler( 1775): ServerHandler send request:103:{"ResourceInfo":{"ProductCode":"","PlayType":2,"ResourceCode":"","ResourceName":" "},"Status":{"ReturnCode":100,"Description":"ok"},"PlayStatus":0,"Volume":0}
V/ServerHandler( 1775): ServerHandler send DatagramPacket:/192.168.1.105-[B@41d258f8
D/OtOService( 1775): send callback obj: com.aidufei.otoService.IServiceCallBack$Stub$Proxy@41b7d5b0
D/OtOService( 1775): send callback: 101
I/ServiceAdapter( 2543): dvb_ResultCallBack: what:101   arg1:0
I/ServiceAdapter( 2543): +++++ShiftTime+++++0++++ShiftEnd++++0++++TimeCode++++0++++++delay+++++0
I/ServiceAdapter( 2543): dvb_ResultCallBack: get stb vol:
D/OtOService( 1775): VOBsync :com.aidufei.otoService.PlayEvent@41d26218
E/ServerAdapter( 1775): ServerAdapter:0
E/ServerHandler( 1775): Send:com.aidufei.protocol.oto.OtOStatusRequest@41d26538
D/ServerHandler( 1775): ServerHandler send request:103:{"ResourceInfo":{"ProductCode":"","PlayType":2,"ResourceCode":"","ResourceName":" "},"Status":{"ReturnCode":100,"Description":"ok"},"PlayStatus":0,"Volume":0}
V/ServerHandler( 1775): ServerHandler send DatagramPacket:/192.168.1.105-[B@41b6fd70
D/OtOService( 1775): send callback obj: com.aidufei.otoService.IServiceCallBack$Stub$Proxy@41ee2cd8
D/OtOService( 1775): send callback: 101
I/ServiceAdapter( 2543): dvb_ResultCallBack: what:101   arg1:0
E/JavaBinder( 2543): *** Uncaught remote exception!  (Exceptions are not yet supported across processes.)
E/JavaBinder( 2543): java.lang.RuntimeException: Can't create handler inside thread that has not called Looper.prepare()
E/JavaBinder( 2543):    at android.os.Handler.<init>(Handler.java:121)
E/JavaBinder( 2543):    at com.coship.dvbplayer.view.VolbarView$1.<init>(VolbarView.java:134)
E/JavaBinder( 2543):    at com.coship.dvbplayer.view.VolbarView.<init>(VolbarView.java:134)
E/JavaBinder( 2543):    at com.coship.dvbplayer.view.VolbarView.getInstance(VolbarView.java:63)
E/JavaBinder( 2543):    at com.aidufei.otoService.ServiceAdapter$2.ResultCallBack(ServiceAdapter.java:185)
E/JavaBinder( 2543):    at com.aidufei.otoService.IServiceCallBack$Stub.onTransact(IServiceCallBack.java:52)
E/JavaBinder( 2543):    at android.os.Binder.execTransact(Binder.java:338)
E/JavaBinder( 2543):    at dalvik.system.NativeStart.run(Native Method)
D/OtOService( 1775): send callback obj: com.aidufei.otoService.IServiceCallBack$Stub$Proxy@4175f368
D/OtOService( 1775): send callback: 101
I/ServiceAdapter( 2543): dvb_ResultCallBack: what:101   arg1:0
E/JavaBinder( 2543): *** Uncaught remote exception!  (Exceptions are not yet supported across processes.)
E/JavaBinder( 2543): java.lang.RuntimeException: Can't create handler inside thread that has not called Looper.prepare()
E/JavaBinder( 2543):    at android.os.Handler.<init>(Handler.java:121)
E/JavaBinder( 2543):    at com.coship.dvbplayer.view.VolbarView$1.<init>(VolbarView.java:134)
E/JavaBinder( 2543):    at com.coship.dvbplayer.view.VolbarView.<init>(VolbarView.java:134)
E/JavaBinder( 2543):    at com.coship.dvbplayer.view.VolbarView.getInstance(VolbarView.java:63)
E/JavaBinder( 2543):    at com.aidufei.otoService.ServiceAdapter$2.ResultCallBack(ServiceAdapter.java:185)
E/JavaBinder( 2543):    at com.aidufei.otoService.IServiceCallBack$Stub.onTransact(IServiceCallBack.java:52)
E/JavaBinder( 2543):    at android.os.Binder.execTransact(Binder.java:338)
E/JavaBinder( 2543):    at dalvik.system.NativeStart.run(Native Method)
D/OtOService( 1775): send callback obj: com.aidufei.otoService.IServiceCallBack$Stub$Proxy@41cdf3a8
D/OtOService( 1775): send callback: 101
I/ServiceAdapter( 2543): dvb_ResultCallBack: what:101   arg1:0
E/JavaBinder( 2543): *** Uncaught remote exception!  (Exceptions are not yet supported across processes.)
E/JavaBinder( 2543): java.lang.RuntimeException: Can't create handler inside thread that has not called Looper.prepare()
E/JavaBinder( 2543):    at android.os.Handler.<init>(Handler.java:121)
E/JavaBinder( 2543):    at com.coship.dvbplayer.view.VolbarView$1.<init>(VolbarView.java:134)
E/JavaBinder( 2543):    at com.coship.dvbplayer.view.VolbarView.<init>(VolbarView.java:134)
E/JavaBinder( 2543):    at com.coship.dvbplayer.view.VolbarView.getInstance(VolbarView.java:63)
E/JavaBinder( 2543):    at com.aidufei.otoService.ServiceAdapter$2.ResultCallBack(ServiceAdapter.java:185)
E/JavaBinder( 2543):    at com.aidufei.otoService.IServiceCallBack$Stub.onTransact(IServiceCallBack.java:52)
E/JavaBinder( 2543):    at android.os.Binder.execTransact(Binder.java:338)
E/JavaBinder( 2543):    at dalvik.system.NativeStart.run(Native Method)
D/OtOService( 1775): send callback obj: com.aidufei.otoService.IServiceCallBack$Stub$Proxy@4155e788
D/OtOService( 1775): send callback: 101
I/ServiceAdapter( 2543): dvb_ResultCallBack: what:101   arg1:0
I/ServiceAdapter( 2543): +++++ShiftTime+++++0++++ShiftEnd++++0++++TimeCode++++0++++++delay+++++0
I/ServiceAdapter( 2543): dvb_ResultCallBack: get stb vol:
D/OtOService( 1775): VOBsync :com.aidufei.otoService.PlayEvent@41d154e0
E/ServerAdapter( 1775): ServerAdapter:0
E/ServerHandler( 1775): Send:com.aidufei.protocol.oto.OtOStatusRequest@41d15800
D/ServerHandler( 1775): ServerHandler send request:103:{"ResourceInfo":{"ProductCode":"","PlayType":2,"ResourceCode":"","ResourceName":" "},"Status":{"ReturnCode":100,"Description":"ok"},"PlayStatus":0,"Volume":0}
V/ServerHandler( 1775): ServerHandler send DatagramPacket:/192.168.1.105-[B@4177d260
D/OtOService( 1775): send callback obj: com.aidufei.otoService.IServiceCallBack$Stub$Proxy@41b6f228
D/OtOService( 1775): send callback: 101
I/ServiceAdapter( 2543): dvb_ResultCallBack: what:101   arg1:0
I/ServiceAdapter( 2543): +++++ShiftTime+++++0++++ShiftEnd++++0++++TimeCode++++0++++++delay+++++0
I/ServiceAdapter( 2543): dvb_ResultCallBack: get stb vol:
D/OtOService( 1775): VOBsync :com.aidufei.otoService.PlayEvent@4177dbd8
E/ServerAdapter( 1775): ServerAdapter:0
E/ServerHandler( 1775): Send:com.aidufei.protocol.oto.OtOStatusRequest@4177def8
D/ServerHandler( 1775): ServerHandler send request:103:{"ResourceInfo":{"ProductCode":"","PlayType":2,"ResourceCode":"","ResourceName":" "},"Status":{"ReturnCode":100,"Description":"ok"},"PlayStatus":0,"Volume":0}
V/ServerHandler( 1775): ServerHandler send DatagramPacket:/192.168.1.105-[B@41b8bec0
D/OtOService( 1775): send callback obj: com.aidufei.otoService.IServiceCallBack$Stub$Proxy@41b72088
D/OtOService( 1775): send callback: 101
I/ServiceAdapter( 2543): dvb_ResultCallBack: what:101   arg1:0
E/JavaBinder( 2543): *** Uncaught remote exception!  (Exceptions are not yet supported across processes.)
E/JavaBinder( 2543): java.lang.RuntimeException: Can't create handler inside thread that has not called Looper.prepare()
E/JavaBinder( 2543):    at android.os.Handler.<init>(Handler.java:121)
E/JavaBinder( 2543):    at com.coship.dvbplayer.view.VolbarView$1.<init>(VolbarView.java:134)
E/JavaBinder( 2543):    at com.coship.dvbplayer.view.VolbarView.<init>(VolbarView.java:134)
E/JavaBinder( 2543):    at com.coship.dvbplayer.view.VolbarView.getInstance(VolbarView.java:63)
E/JavaBinder( 2543):    at com.aidufei.otoService.ServiceAdapter$2.ResultCallBack(ServiceAdapter.java:185)
E/JavaBinder( 2543):    at com.aidufei.otoService.IServiceCallBack$Stub.onTransact(IServiceCallBack.java:52)
E/JavaBinder( 2543):    at android.os.Binder.execTransact(Binder.java:338)
E/JavaBinder( 2543):    at dalvik.system.NativeStart.run(Native Method)
D/OtOService( 1775): send callback obj: com.aidufei.otoService.IServiceCallBack$Stub$Proxy@41f00b48
D/OtOService( 1775): send callback: 101
I/ServiceAdapter( 2543): dvb_ResultCallBack: what:101   arg1:0
I/ServiceAdapter( 2543): +++++ShiftTime+++++0++++ShiftEnd++++0++++TimeCode++++0++++++delay+++++0
I/ServiceAdapter( 2543): dvb_ResultCallBack: get stb vol:
D/OtOService( 1775): VOBsync :com.aidufei.otoService.PlayEvent@41ba5f98
E/ServerAdapter( 1775): ServerAdapter:0
E/ServerHandler( 1775): Send:com.aidufei.protocol.oto.OtOStatusRequest@41b8ced0
D/ServerHandler( 1775): ServerHandler send request:103:{"ResourceInfo":{"ProductCode":"","PlayType":2,"ResourceCode":"","ResourceName":" "},"Status":{"ReturnCode":100,"Description":"ok"},"PlayStatus":0,"Volume":0}
V/ServerHandler( 1775): ServerHandler send DatagramPacket:/192.168.1.105-[B@41c89ea8
D/OtOService( 1775): send callback obj: com.aidufei.otoService.IServiceCallBack$Stub$Proxy@41bc37e0
D/OtOService( 1775): send callback: 101
I/ServiceAdapter( 2543): dvb_ResultCallBack: what:101   arg1:0
I/ServiceAdapter( 2543): +++++ShiftTime+++++0++++ShiftEnd++++0++++TimeCode++++0++++++delay+++++0
I/ServiceAdapter( 2543): dvb_ResultCallBack: get stb vol:
D/OtOService( 1775): VOBsync :com.aidufei.otoService.PlayEvent@41c8a7c0
E/ServerAdapter( 1775): ServerAdapter:0
E/ServerHandler( 1775): Send:com.aidufei.protocol.oto.OtOStatusRequest@41c8aae0
D/ServerHandler( 1775): ServerHandler send request:103:{"ResourceInfo":{"ProductCode":"","PlayType":2,"ResourceCode":"","ResourceName":" "},"Status":{"ReturnCode":100,"Description":"ok"},"PlayStatus":0,"Volume":0}
V/ServerHandler( 1775): ServerHandler send DatagramPacket:/192.168.1.105-[B@41b6e2c0
D/OtOService( 1775): send callback obj: com.aidufei.otoService.IServiceCallBack$Stub$Proxy@41bd3770
D/OtOService( 1775): send callback: 101
I/ServiceAdapter( 2543): dvb_ResultCallBack: what:101   arg1:0
I/ServiceAdapter( 2543): +++++ShiftTime+++++0++++ShiftEnd++++0++++TimeCode++++0++++++delay+++++0
I/ServiceAdapter( 2543): dvb_ResultCallBack: get stb vol:
D/OtOService( 1775): VOBsync :com.aidufei.otoService.PlayEvent@41b6eb60
E/ServerAdapter( 1775): ServerAdapter:0
E/ServerHandler( 1775): Send:com.aidufei.protocol.oto.OtOStatusRequest@41b6ee80
D/ServerHandler( 1775): ServerHandler send request:103:{"ResourceInfo":{"ProductCode":"","PlayType":2,"ResourceCode":"","ResourceName":" "},"Status":{"ReturnCode":100,"Description":"ok"},"PlayStatus":0,"Volume":0}
V/ServerHandler( 1775): ServerHandler send DatagramPacket:/192.168.1.105-[B@41b70b08
D/OtOService( 1775): send callback obj: com.aidufei.otoService.IServiceCallBack$Stub$Proxy@41765f00
D/OtOService( 1775): send callback: 101
I/ServiceAdapter( 2543): dvb_ResultCallBack: what:101   arg1:0
E/JavaBinder( 2543): *** Uncaught remote exception!  (Exceptions are not yet supported across processes.)
E/JavaBinder( 2543): java.lang.RuntimeException: Can't create handler inside thread that has not called Looper.prepare()
E/JavaBinder( 2543):    at android.os.Handler.<init>(Handler.java:121)
E/JavaBinder( 2543):    at com.coship.dvbplayer.view.VolbarView$1.<init>(VolbarView.java:134)
E/JavaBinder( 2543):    at com.coship.dvbplayer.view.VolbarView.<init>(VolbarView.java:134)
E/JavaBinder( 2543):    at com.coship.dvbplayer.view.VolbarView.getInstance(VolbarView.java:63)
E/JavaBinder( 2543):    at com.aidufei.otoService.ServiceAdapter$2.ResultCallBack(ServiceAdapter.java:185)
E/JavaBinder( 2543):    at com.aidufei.otoService.IServiceCallBack$Stub.onTransact(IServiceCallBack.java:52)
E/JavaBinder( 2543):    at android.os.Binder.execTransact(Binder.java:338)
E/JavaBinder( 2543):    at dalvik.system.NativeStart.run(Native Method)
D/OtOService( 1775): send callback obj: com.aidufei.otoService.IServiceCallBack$Stub$Proxy@41ec8e58
D/OtOService( 1775): send callback: 101
I/ServiceAdapter( 2543): dvb_ResultCallBack: what:101   arg1:0
E/JavaBinder( 2543): *** Uncaught remote exception!  (Exceptions are not yet supported across processes.)
E/JavaBinder( 2543): java.lang.RuntimeException: Can't create handler inside thread that has not called Looper.prepare()
E/JavaBinder( 2543):    at android.os.Handler.<init>(Handler.java:121)
E/JavaBinder( 2543):    at com.coship.dvbplayer.view.VolbarView$1.<init>(VolbarView.java:134)
E/JavaBinder( 2543):    at com.coship.dvbplayer.view.VolbarView.<init>(VolbarView.java:134)
E/JavaBinder( 2543):    at com.coship.dvbplayer.view.VolbarView.getInstance(VolbarView.java:63)
E/JavaBinder( 2543):    at com.aidufei.otoService.ServiceAdapter$2.ResultCallBack(ServiceAdapter.java:185)
E/JavaBinder( 2543):    at com.aidufei.otoService.IServiceCallBack$Stub.onTransact(IServiceCallBack.java:52)
E/JavaBinder( 2543):    at android.os.Binder.execTransact(Binder.java:338)
E/JavaBinder( 2543):    at dalvik.system.NativeStart.run(Native Method)
D/OtOService( 1775): send callback obj: com.aidufei.otoService.IServiceCallBack$Stub$Proxy@41f489e0
D/OtOService( 1775): send callback: 101
I/ServiceAdapter( 2543): dvb_ResultCallBack: what:101   arg1:0
E/JavaBinder( 2543): *** Uncaught remote exception!  (Exceptions are not yet supported across processes.)
E/JavaBinder( 2543): java.lang.RuntimeException: Can't create handler inside thread that has not called Looper.prepare()
E/JavaBinder( 2543):    at android.os.Handler.<init>(Handler.java:121)
E/JavaBinder( 2543):    at com.coship.dvbplayer.view.VolbarView$1.<init>(VolbarView.java:134)
E/JavaBinder( 2543):    at com.coship.dvbplayer.view.VolbarView.<init>(VolbarView.java:134)
E/JavaBinder( 2543):    at com.coship.dvbplayer.view.VolbarView.getInstance(VolbarView.java:63)
E/JavaBinder( 2543):    at com.aidufei.otoService.ServiceAdapter$2.ResultCallBack(ServiceAdapter.java:185)
E/JavaBinder( 2543):    at com.aidufei.otoService.IServiceCallBack$Stub.onTransact(IServiceCallBack.java:52)
E/JavaBinder( 2543):    at android.os.Binder.execTransact(Binder.java:338)
E/JavaBinder( 2543):    at dalvik.system.NativeStart.run(Native Method)
D/OtOService( 1775): send callback obj: com.aidufei.otoService.IServiceCallBack$Stub$Proxy@41c8c140
D/OtOService( 1775): send callback: 101
I/ServiceAdapter( 2543): dvb_ResultCallBack: what:101   arg1:0
E/JavaBinder( 2543): *** Uncaught remote exception!  (Exceptions are not yet supported across processes.)
E/JavaBinder( 2543): java.lang.RuntimeException: Can't create handler inside thread that has not called Looper.prepare()
E/JavaBinder( 2543):    at android.os.Handler.<init>(Handler.java:121)
E/JavaBinder( 2543):    at com.coship.dvbplayer.view.VolbarView$1.<init>(VolbarView.java:134)
E/JavaBinder( 2543):    at com.coship.dvbplayer.view.VolbarView.<init>(VolbarView.java:134)
E/JavaBinder( 2543):    at com.coship.dvbplayer.view.VolbarView.getInstance(VolbarView.java:63)
E/JavaBinder( 2543):    at com.aidufei.otoService.ServiceAdapter$2.ResultCallBack(ServiceAdapter.java:185)
E/JavaBinder( 2543):    at com.aidufei.otoService.IServiceCallBack$Stub.onTransact(IServiceCallBack.java:52)
E/JavaBinder( 2543):    at android.os.Binder.execTransact(Binder.java:338)
E/JavaBinder( 2543):    at dalvik.system.NativeStart.run(Native Method)
D/OtOService( 1775): send callback obj: com.aidufei.otoService.IServiceCallBack$Stub$Proxy@41ba8488
D/OtOService( 1775): send callback: 101
I/ServiceAdapter( 2543): dvb_ResultCallBack: what:101   arg1:0
I/ServiceAdapter( 2543): +++++ShiftTime+++++0++++ShiftEnd++++0++++TimeCode++++0++++++delay+++++0
I/ServiceAdapter( 2543): dvb_ResultCallBack: get stb vol:
D/OtOService( 1775): VOBsync :com.aidufei.otoService.PlayEvent@41d008f8
E/ServerAdapter( 1775): ServerAdapter:0
E/ServerHandler( 1775): Send:com.aidufei.protocol.oto.OtOStatusRequest@41d00c18
D/ServerHandler( 1775): ServerHandler send request:103:{"ResourceInfo":{"ProductCode":"","PlayType":2,"ResourceCode":"","ResourceName":" "},"Status":{"ReturnCode":100,"Description":"ok"},"PlayStatus":0,"Volume":0}
V/ServerHandler( 1775): ServerHandler send DatagramPacket:/192.168.1.105-[B@41b94fc0
D/OtOService( 1775): send callback obj: com.aidufei.otoService.IServiceCallBack$Stub$Proxy@41f62910
D/OtOService( 1775): send callback: 101
I/ServiceAdapter( 2543): dvb_ResultCallBack: what:101   arg1:0
I/ServiceAdapter( 2543): +++++ShiftTime+++++0++++ShiftEnd++++0++++TimeCode++++0++++++delay+++++0
I/ServiceAdapter( 2543): dvb_ResultCallBack: get stb vol:
D/OtOService( 1775): VOBsync :com.aidufei.otoService.PlayEvent@41cdc050
E/ServerAdapter( 1775): ServerAdapter:0
E/ServerHandler( 1775): Send:com.aidufei.protocol.oto.OtOStatusRequest@41cdc370
D/ServerHandler( 1775): ServerHandler send request:103:{"ResourceInfo":{"ProductCode":"","PlayType":2,"ResourceCode":"","ResourceName":" "},"Status":{"ReturnCode":100,"Description":"ok"},"PlayStatus":0,"Volume":0}
V/ServerHandler( 1775): ServerHandler send DatagramPacket:/192.168.1.105-[B@41cdafc8
D/OtOService( 1775): send callback obj: com.aidufei.otoService.IServiceCallBack$Stub$Proxy@41b93e68
D/OtOService( 1775): send callback: 101
I/ServiceAdapter( 2543): dvb_ResultCallBack: what:101   arg1:0
I/ServiceAdapter( 2543): +++++ShiftTime+++++0++++ShiftEnd++++0++++TimeCode++++0++++++delay+++++0
I/ServiceAdapter( 2543): dvb_ResultCallBack: get stb vol:
D/OtOService( 1775): VOBsync :com.aidufei.otoService.PlayEvent@41cdb940
E/ServerAdapter( 1775): ServerAdapter:0
E/ServerHandler( 1775): Send:com.aidufei.protocol.oto.OtOStatusRequest@41cdbc60
D/ServerHandler( 1775): ServerHandler send request:103:{"ResourceInfo":{"ProductCode":"","PlayType":2,"ResourceCode":"","ResourceName":" "},"Status":{"ReturnCode":100,"Description":"ok"},"PlayStatus":0,"Volume":0}
V/ServerHandler( 1775): ServerHandler send DatagramPacket:/192.168.1.105-[B@41ba25e0
D/OtOService( 1775): send callback obj: com.aidufei.otoService.IServiceCallBack$Stub$Proxy@41ba3080
D/OtOService( 1775): send callback: 101
I/ServiceAdapter( 2543): dvb_ResultCallBack: what:101   arg1:0
E/JavaBinder( 2543): *** Uncaught remote exception!  (Exceptions are not yet supported across processes.)
E/JavaBinder( 2543): java.lang.RuntimeException: Can't create handler inside thread that has not called Looper.prepare()
E/JavaBinder( 2543):    at android.os.Handler.<init>(Handler.java:121)
E/JavaBinder( 2543):    at com.coship.dvbplayer.view.VolbarView$1.<init>(VolbarView.java:134)
E/JavaBinder( 2543):    at com.coship.dvbplayer.view.VolbarView.<init>(VolbarView.java:134)
E/JavaBinder( 2543):    at com.coship.dvbplayer.view.VolbarView.getInstance(VolbarView.java:63)
E/JavaBinder( 2543):    at com.aidufei.otoService.ServiceAdapter$2.ResultCallBack(ServiceAdapter.java:185)
E/JavaBinder( 2543):    at com.aidufei.otoService.IServiceCallBack$Stub.onTransact(IServiceCallBack.java:52)
E/JavaBinder( 2543):    at android.os.Binder.execTransact(Binder.java:338)
E/JavaBinder( 2543):    at dalvik.system.NativeStart.run(Native Method)
D/OtOService( 1775): send callback obj: com.aidufei.otoService.IServiceCallBack$Stub$Proxy@41b96260
E/ServerAdapter( 1775): ServerAdapter:0
E/ServerHandler( 1775): Send:com.aidufei.protocol.oto.OtOStatusRequest@41b7e3c8
D/ServerHandler( 1775): ServerHandler send request:103:{"Status":{"ReturnCode":99,"Description":"status sync processing"},"PlayStatus":0,"Volume":0}
V/ServerHandler( 1775): ServerHandler send DatagramPacket:/192.168.1.105-[B@41bd9338
I//lib/ld-linux.so.3(  743): Blocking Read: 1202, size: 0x20000.
I//lib/ld-linux.so.3(  743): Bitrate = 262144 Byte/s, Duration = -1 ms
I//lib/ld-linux.so.3(  743): PackSize = 28200 Byte.
I//lib/ld-linux.so.3(  743): ==============================================================================================
I//lib/ld-linux.so.3(  743): Data:MIU0; Bits:MIU0; MAD:MIU0; MVD:MIU0; SVD:MIU0; FB:MIU0; TSP:MIU0; FBL:No
I//lib/ld-linux.so.3(  743): Bit Buffer:0x44987000      Size:0x400000
I//lib/ld-linux.so.3(  743): Subtitle Bit Buffer:0x44387000     Size:0x1b0000
I//lib/ld-linux.so.3(  743): MAD Buffer:0x43887000
I//lib/ld-linux.so.3(  743): MADExt Buffer:0x44587000   Size:0x400000
I//lib/ld-linux.so.3(  743): VDEC FW Buffer:0x49447000  Size:0x200000
I//lib/ld-linux.so.3(  743): Frame Buffer:0x49647000    Size:0x1b00000
I//lib/ld-linux.so.3(  743): MVD Buffer:0x4b147000      Size:0x800000
I//lib/ld-linux.so.3(  743): TSP FW Buffer:0x41217000   Size:0x70000
I//lib/ld-linux.so.3(  743): Data Buffer:0x163d1000     Size:0x36f000
I//lib/ld-linux.so.3(  743): Attached File Buffer Size:0xffffffff
I//lib/ld-linux.so.3(  743): -> Demuxer:0x164f8000      Size:0x248000
I//lib/ld-linux.so.3(  743): -> SeqHeader:0x44018000    Size:0x1000
I//lib/ld-linux.so.3(  743): -> MOV Table:0x49647000    Size:0x1b00000
I//lib/ld-linux.so.3(  743): -> MOV Static:0x44019000   Size:0x100000
I//lib/ld-linux.so.3(  743): -> DRM Payload:0x44119000  Size:0x4000
I//lib/ld-linux.so.3(  743): -> DRM Playback Context:0x4411d000 Size:0x1000
I//lib/ld-linux.so.3(  743): -> MADExtend:0x4411f000    Size:0x20000
I//lib/ld-linux.so.3(  743): -> NonCache Area:0x4411e000        Size:0x1000
I//lib/ld-linux.so.3(  743): -> Reserved Size:0x0
I//lib/ld-linux.so.3(  743): ==============================================================================================
I//lib/ld-linux.so.3(  743): Initialize TS HW
I//lib/ld-linux.so.3(  743): HAL_VPU_EX_SetDbgLevel eLevel=0x1
I//lib/ld-linux.so.3(  743): Load AAC Audio Codec.
I//lib/ld-linux.so.3(  743): ========AAC Audio Codec========
I//lib/ld-linux.so.3(  743): ===== Check Audio Decoder Protection from hash-key IP =====
I//lib/ld-linux.so.3(  743): Hash-key Support DD.
I//lib/ld-linux.so.3(  743): Hash-key Support DD+.
I//lib/ld-linux.so.3(  743): Hash-key Support Generic HE-AAC !!
I//lib/ld-linux.so.3(  743): Hash-key Support WMA.
I//lib/ld-linux.so.3(  743): Hash-key Support DRA.
I//lib/ld-linux.so.3(  743): ===== Check Protection IP End                         =====
I//lib/ld-linux.so.3(  743): ******Amplifier_TI5707_SWMute(0)
I//lib/ld-linux.so.3(  743): 5707write fail = 7
I//lib/ld-linux.so.3(  743): 5707write fail = 7
I//lib/ld-linux.so.3(  743): 5707write fail = 7
I//lib/ld-linux.so.3(  743): 5707write fail = 7
I//lib/ld-linux.so.3(  743): 5707write fail = 6
D/DataSource_M3U8(  739): u32HLSSreamNum[0]===>u32BandWidth:800000 
D/DataSource_M3U8(  739): getHLSPlayListInex  DownloadBandWidth:3827   uInDex=0
D/DataSource_M3U8(  739): 
D/DataSource_M3U8(  739): 
D/DataSource_M3U8(  739): 
D/DataSource_M3U8(  739): ============Begin to get playlist !!=====================
D/DataSource_M3U8(  739): 
D/DataSource_M3U8(  739): 
I//lib/ld-linux.so.3(  743): DS enable = 0
