D/OtOService( 1775): send callback obj: com.aidufei.otoService.IServiceCallBack$Stub$Proxy@41bc37e0
D/OtOService( 1775): send callback: 101
I/ServiceAdapter( 2543): dvb_ResultCallBack: what:101   arg1:0
I/ServiceAdapter( 2543): +++++ShiftTime+++++0++++ShiftEnd++++0++++TimeCode++++0++++++delay+++++0
I/ServiceAdapter( 2543): dvb_ResultCallBack: get stb vol:
D/OtOService( 1775): VOBsync :com.aidufei.otoService.PlayEvent@41bbd0b8
E/ServerAdapter( 1775): ServerAdapter:0
E/ServerHandler( 1775): Send:com.aidufei.protocol.oto.OtOStatusRequest@41bbd3d8
D/ServerHandler( 1775): ServerHandler send request:103:{"ResourceInfo":{"ProductCode":"","PlayType":2,"ResourceCode":"","ResourceName":" "},"Status":{"ReturnCode":100,"Description":"ok"},"PlayStatus":0,"Volume":0}
V/ServerHandler( 1775): ServerHandler send DatagramPacket:/192.168.1.105-[B@41bbee98
D/OtOService( 1775): send callback obj: com.aidufei.otoService.IServiceCallBack$Stub$Proxy@41bd3770
D/OtOService( 1775): send callback: 101
I/ServiceAdapter( 2543): dvb_ResultCallBack: what:101   arg1:0
I/ServiceAdapter( 2543): +++++ShiftTime+++++0++++ShiftEnd++++0++++TimeCode++++0++++++delay+++++0
I/ServiceAdapter( 2543): dvb_ResultCallBack: get stb vol:
D/OtOService( 1775): VOBsync :com.aidufei.otoService.PlayEvent@41bbf810
E/ServerAdapter( 1775): ServerAdapter:0
E/ServerHandler( 1775): Send:com.aidufei.protocol.oto.OtOStatusRequest@41bbfb30
D/ServerHandler( 1775): ServerHandler send request:103:{"ResourceInfo":{"ProductCode":"","PlayType":2,"ResourceCode":"","ResourceName":" "},"Status":{"ReturnCode":100,"Description":"ok"},"PlayStatus":0,"Volume":0}
V/ServerHandler( 1775): ServerHandler send DatagramPacket:/192.168.1.105-[B@41ecfdd8
D/OtOService( 1775): send callback obj: com.aidufei.otoService.IServiceCallBack$Stub$Proxy@41765f00
D/OtOService( 1775): send callback: 101
I/ServiceAdapter( 2543): dvb_ResultCallBack: what:101   arg1:0
E/JavaBinder( 2543): *** Uncaught remote exception!  (Exceptions are not yet supported across processes.)
E/JavaBinder( 2543): java.lang.RuntimeException: Can't create handler inside thread that has not called Looper.prepare()
E/JavaBinder( 2543):    at android.os.Handler.<init>(Handler.java:121)
E/JavaBinder( 2543):    at com.coship.dvbplayer.view.VolbarView$1.<init>(VolbarView.java:134)
E/JavaBinder( 2543):    at com.coship.dvbplayer.view.VolbarView.<init>(VolbarView.java:134)
E/JavaBinder( 2543):    at com.coship.dvbplayer.view.VolbarView.getInstance(VolbarView.java:63)
E/JavaBinder( 2543):    at com.aidufei.otoService.ServiceAdapter$2.ResultCallBack(ServiceAdapter.java:185)
E/JavaBinder( 2543):    at com.aidufei.otoService.IServiceCallBack$Stub.onTransact(IServiceCallBack.java:52)
E/JavaBinder( 2543):    at android.os.Binder.execTransact(Binder.java:338)
E/JavaBinder( 2543):    at dalvik.system.NativeStart.run(Native Method)
D/OtOService( 1775): send callback obj: com.aidufei.otoService.IServiceCallBack$Stub$Proxy@41ec8e58
D/OtOService( 1775): send callback: 101
I/ServiceAdapter( 2543): dvb_ResultCallBack: what:101   arg1:0
E/JavaBinder( 2543): *** Uncaught remote exception!  (Exceptions are not yet supported across processes.)
E/JavaBinder( 2543): java.lang.RuntimeException: Can't create handler inside thread that has not called Looper.prepare()
E/JavaBinder( 2543):    at android.os.Handler.<init>(Handler.java:121)
E/JavaBinder( 2543):    at com.coship.dvbplayer.view.VolbarView$1.<init>(VolbarView.java:134)
E/JavaBinder( 2543):    at com.coship.dvbplayer.view.VolbarView.<init>(VolbarView.java:134)
E/JavaBinder( 2543):    at com.coship.dvbplayer.view.VolbarView.getInstance(VolbarView.java:63)
E/JavaBinder( 2543):    at com.aidufei.otoService.ServiceAdapter$2.ResultCallBack(ServiceAdapter.java:185)
E/JavaBinder( 2543):    at com.aidufei.otoService.IServiceCallBack$Stub.onTransact(IServiceCallBack.java:52)
E/JavaBinder( 2543):    at android.os.Binder.execTransact(Binder.java:338)
E/JavaBinder( 2543):    at dalvik.system.NativeStart.run(Native Method)
D/OtOService( 1775): send callback obj: com.aidufei.otoService.IServiceCallBack$Stub$Proxy@41f489e0
D/OtOService( 1775): send callback: 101
I/ServiceAdapter( 2543): dvb_ResultCallBack: what:101   arg1:0
E/JavaBinder( 2543): *** Uncaught remote exception!  (Exceptions are not yet supported across processes.)
E/JavaBinder( 2543): java.lang.RuntimeException: Can't create handler inside thread that has not called Looper.prepare()
E/JavaBinder( 2543):    at android.os.Handler.<init>(Handler.java:121)
E/JavaBinder( 2543):    at com.coship.dvbplayer.view.VolbarView$1.<init>(VolbarView.java:134)
E/JavaBinder( 2543):    at com.coship.dvbplayer.view.VolbarView.<init>(VolbarView.java:134)
E/JavaBinder( 2543):    at com.coship.dvbplayer.view.VolbarView.getInstance(VolbarView.java:63)
E/JavaBinder( 2543):    at com.aidufei.otoService.ServiceAdapter$2.ResultCallBack(ServiceAdapter.java:185)
E/JavaBinder( 2543):    at com.aidufei.otoService.IServiceCallBack$Stub.onTransact(IServiceCallBack.java:52)
E/JavaBinder( 2543):    at android.os.Binder.execTransact(Binder.java:338)
E/JavaBinder( 2543):    at dalvik.system.NativeStart.run(Native Method)
D/OtOService( 1775): send callback obj: com.aidufei.otoService.IServiceCallBack$Stub$Proxy@41c8c140
D/MstarPlayer(  739): percent: 44
W/MediaPlayer( 2543): info/warning (704, 44)
I/MediaPlayer.java( 2543): Info (704,44)
I/dvb_OTTPlayer( 2543): [onInfo ] mp:android.media.MediaPlayer@42e0e088 what:704  extra:44
D/MediaPlayerService(  739): [35] notify (0x43ed8, 200, 704, 44)
D/MstarPlayer(  739): percent: 44
W/MediaPlayer( 2543): info/warning (704, 44)
I/MediaPlayer.java( 2543): Info (704,44)
I/dvb_OTTPlayer( 2543): [onInfo ] mp:android.media.MediaPlayer@42e0e088 what:704  extra:44
D/MediaPlayerService(  739): [35] notify (0x43ed8, 200, 704, 44)
D/MstarPlayer(  739): percent: 44
W/MediaPlayer( 2543): info/warning (704, 44)
I/MediaPlayer.java( 2543): Info (704,44)
I/dvb_OTTPlayer( 2543): [onInfo ] mp:android.media.MediaPlayer@42e0e088 what:704  extra:44
D/MediaPlayerService(  739): [35] notify (0x43ed8, 200, 704, 44)
D/MstarPlayer(  739): percent: 44
W/MediaPlayer( 2543): info/warning (704, 44)
I/MediaPlayer.java( 2543): Info (704,44)
I/dvb_OTTPlayer( 2543): [onInfo ] mp:android.media.MediaPlayer@42e0e088 what:704  extra:44
D/MediaPlayerService(  739): [35] notify (0x43ed8, 200, 704, 44)
D/MstarPlayer(  739): percent: 44
W/MediaPlayer( 2543): info/warning (704, 44)
I/MediaPlayer.java( 2543): Info (704,44)
I/dvb_OTTPlayer( 2543): [onInfo ] mp:android.media.MediaPlayer@42e0e088 what:704  extra:44
D/MediaPlayerService(  739): [35] notify (0x43ed8, 200, 704, 44)
D/MstarPlayer(  739): percent: 44
W/MediaPlayer( 2543): info/warning (704, 44)
I/MediaPlayer.java( 2543): Info (704,44)
I/dvb_OTTPlayer( 2543): [onInfo ] mp:android.media.MediaPlayer@42e0e088 what:704  extra:44
D/MediaPlayerService(  739): [35] notify (0x43ed8, 200, 704, 44)
D/MstarPlayer(  739): percent: 44
W/MediaPlayer( 2543): info/warning (704, 44)
I/MediaPlayer.java( 2543): Info (704,44)
I/dvb_OTTPlayer( 2543): [onInfo ] mp:android.media.MediaPlayer@42e0e088 what:704  extra:44
D/DataSource_M3U8(  739): u32HLSSreamNum[0]===>u32BandWidth:800000 
D/DataSource_M3U8(  739): getHLSPlayListInex  DownloadBandWidth:2274007   uInDex=0
D/DataSource_M3U8(  739): 
D/DataSource_M3U8(  739): 
D/DataSource_M3U8(  739): 
D/DataSource_M3U8(  739): ============Begin to get playlist !!=====================
D/DataSource_M3U8(  739): 
D/DataSource_M3U8(  739): 
D/MediaPlayerService(  739): [35] notify (0x43ed8, 200, 704, 44)
D/MstarPlayer(  739): percent: 44
W/MediaPlayer( 2543): info/warning (704, 44)
I/MediaPlayer.java( 2543): Info (704,44)
I/dvb_OTTPlayer( 2543): [onInfo ] mp:android.media.MediaPlayer@42e0e088 what:704  extra:44
D/MediaPlayerService(  739): [35] notify (0x43ed8, 200, 704, 44)
D/MstarPlayer(  739): percent: 44
W/MediaPlayer( 2543): info/warning (704, 44)
I/MediaPlayer.java( 2543): Info (704,44)
I/dvb_OTTPlayer( 2543): [onInfo ] mp:android.media.MediaPlayer@42e0e088 what:704  extra:44
D/DataSource_M3U8(  739): 
D/DataSource_M3U8(  739):  connect Server :live.feifeikan.com
D/DataSource_M3U8(  739): parseM3U8 .......!
D/DataSource_M3U8(  739): 
D/DataSource_M3U8(  739):  do not update  mediaSequence : 0   url = http://live.feifeikan.com/live/hls/308?slice=022621   
D/DataSource_M3U8(  739): 
D/DataSource_M3U8(  739):  do not update  mediaSequence : 0   url = http://live.feifeikan.com/live/hls/308?slice=022622   
W/MediaPlayer( 2543): info/warning (704, 44)
I/MediaPlayer.java( 2543): Info (704,44)
I/dvb_OTTPlayer( 2543): [onInfo ] mp:android.media.MediaPlayer@42e0e088 what:704  extra:44
D/MediaPlayerService(  739): [35] notify (0x43ed8, 200, 704, 44)
D/MstarPlayer(  739): percent: 44
W/MediaPlayer( 2543): info/warning (704, 44)
I/MediaPlayer.java( 2543): Info (704,44)
I/dvb_OTTPlayer( 2543): [onInfo ] mp:android.media.MediaPlayer@42e0e088 what:704  extra:44
D/MediaPlayerService(  739): [35] notify (0x43ed8, 200, 704, 44)
D/MstarPlayer(  739): percent: 44
W/MediaPlayer( 2543): info/warning (704, 44)
I/MediaPlayer.java( 2543): Info (704,44)
I/dvb_OTTPlayer( 2543): [onInfo ] mp:android.media.MediaPlayer@42e0e088 what:704  extra:44
D/MediaPlayerService(  739): [35] notify (0x43ed8, 200, 704, 44)
D/MstarPlayer(  739): percent: 44
W/MediaPlayer( 2543): info/warning (704, 44)
I/MediaPlayer.java( 2543): Info (704,44)
I/dvb_OTTPlayer( 2543): [onInfo ] mp:android.media.MediaPlayer@42e0e088 what:704  extra:44
D/MediaPlayerService(  739): [35] notify (0x43ed8, 200, 704, 44)
D/MstarPlayer(  739): percent: 44
W/MediaPlayer( 2543): info/warning (704, 44)
I/MediaPlayer.java( 2543): Info (704,44)
I/dvb_OTTPlayer( 2543): [onInfo ] mp:android.media.MediaPlayer@42e0e088 what:704  extra:44
D/MediaPlayerService(  739): [35] notify (0x43ed8, 200, 704, 44)
D/MstarPlayer(  739): percent: 44
W/MediaPlayer( 2543): info/warning (704, 44)
I/MediaPlayer.java( 2543): Info (704,44)
I/dvb_OTTPlayer( 2543): [onInfo ] mp:android.media.MediaPlayer@42e0e088 what:704  extra:44
D/MediaPlayerService(  739): [35] notify (0x43ed8, 200, 704, 44)
D/MstarPlayer(  739): percent: 44
W/MediaPlayer( 2543): info/warning (704, 44)
I/MediaPlayer.java( 2543): Info (704,44)
I/dvb_OTTPlayer( 2543): [onInfo ] mp:android.media.MediaPlayer@42e0e088 what:704  extra:44
D/MediaPlayerService(  739): [35] notify (0x43ed8, 200, 704, 44)
D/MstarPlayer(  739): percent: 44
W/MediaPlayer( 2543): info/warning (704, 44)
I/MediaPlayer.java( 2543): Info (704,44)
I/dvb_OTTPlayer( 2543): [onInfo ] mp:android.media.MediaPlayer@42e0e088 what:704  extra:44
D/MediaPlayerService(  739): [35] notify (0x43ed8, 200, 704, 44)
D/MstarPlayer(  739): percent: 44
W/MediaPlayer( 2543): info/warning (704, 44)
I/MediaPlayer.java( 2543): Info (704,44)
I/dvb_OTTPlayer( 2543): [onInfo ] mp:android.media.MediaPlayer@42e0e088 what:704  extra:44
D/DataSource_M3U8(  739): u32HLSSreamNum[0]===>u32BandWidth:800000 
D/DataSource_M3U8(  739): getHLSPlayListInex  DownloadBandWidth:2274007   uInDex=0
D/DataSource_M3U8(  739): 
D/DataSource_M3U8(  739): 
D/DataSource_M3U8(  739): 
D/DataSource_M3U8(  739): ============Begin to get playlist !!=====================
D/DataSource_M3U8(  739): 
D/DataSource_M3U8(  739): 
D/MediaPlayerService(  739): [35] notify (0x43ed8, 200, 704, 44)
D/MstarPlayer(  739): percent: 44
W/MediaPlayer( 2543): info/warning (704, 44)
I/MediaPlayer.java( 2543): Info (704,44)
I/dvb_OTTPlayer( 2543): [onInfo ] mp:android.media.MediaPlayer@42e0e088 what:704  extra:44
D/MediaPlayerService(  739): [35] notify (0x43ed8, 200, 704, 44)
D/MstarPlayer(  739): percent: 44
W/MediaPlayer( 2543): info/warning (704, 44)
I/MediaPlayer.java( 2543): Info (704,44)
I/dvb_OTTPlayer( 2543): [onInfo ] mp:android.media.MediaPlayer@42e0e088 what:704  extra:44
D/MediaPlayerService(  739): [35] notify (0x43ed8, 200, 704, 44)
D/MstarPlayer(  739): percent: 44
W/MediaPlayer( 2543): info/warning (704, 44)
I/MediaPlayer.java( 2543): Info (704,44)
I/dvb_OTTPlayer( 2543): [onInfo ] mp:android.media.MediaPlayer@42e0e088 what:704  extra:44
D/MediaPlayerService(  739): [35] notify (0x43ed8, 200, 704, 44)
D/MstarPlayer(  739): percent: 44
W/MediaPlayer( 2543): info/warning (704, 44)
I/MediaPlayer.java( 2543): Info (704,44)
I/dvb_OTTPlayer( 2543): [onInfo ] mp:android.media.MediaPlayer@42e0e088 what:704  extra:44
D/MediaPlayerService(  739): [35] notify (0x43ed8, 200, 704, 44)
D/MstarPlayer(  739): percent: 44
W/MediaPlayer( 2543): info/warning (704, 44)
I/MediaPlayer.java( 2543): Info (704,44)
I/dvb_OTTPlayer( 2543): [onInfo ] mp:android.media.MediaPlayer@42e0e088 what:704  extra:44
D/MediaPlayerService(  739): [35] notify (0x43ed8, 200, 704, 44)
D/MstarPlayer(  739): percent: 44
W/MediaPlayer( 2543): info/warning (704, 44)
I/MediaPlayer.java( 2543): Info (704,44)
I/dvb_OTTPlayer( 2543): [onInfo ] mp:android.media.MediaPlayer@42e0e088 what:704  extra:44
D/MediaPlayerService(  739): [35] notify (0x43ed8, 200, 704, 44)
D/MstarPlayer(  739): percent: 44
W/MediaPlayer( 2543): info/warning (704, 44)
I/MediaPlayer.java( 2543): Info (704,44)
I/dvb_OTTPlayer( 2543): [onInfo ] mp:android.media.MediaPlayer@42e0e088 what:704  extra:44
E/ServerHandler( 1775): receiveRequest
V/OtORequest( 1775): parseCommand
V/OtORequest( 1775): get command=103
V/OtORequest( 1775): parse OtORequest: cmd=103 paramLength=0 bufferlen=8
D/OtOService( 1775): client request get status.playType:2
D/OtOService( 1775): callback N: 21
D/OtOService( 1775): send callback: 101
I/ServiceAdapter( 2543): dvb_ResultCallBack: what:101   arg1:0
E/JavaBinder( 2543): *** Uncaught remote exception!  (Exceptions are not yet supported across processes.)
E/JavaBinder( 2543): java.lang.RuntimeException: Can't create handler inside thread that has not called Looper.prepare()
E/JavaBinder( 2543):    at android.os.Handler.<init>(Handler.java:121)
E/JavaBinder( 2543):    at com.coship.dvbplayer.view.VolbarView$1.<init>(VolbarView.java:134)
E/JavaBinder( 2543):    at com.coship.dvbplayer.view.VolbarView.<init>(VolbarView.java:134)
E/JavaBinder( 2543):    at com.coship.dvbplayer.view.VolbarView.getInstance(VolbarView.java:63)
E/JavaBinder( 2543):    at com.aidufei.otoService.ServiceAdapter$2.ResultCallBack(ServiceAdapter.java:185)
E/JavaBinder( 2543):    at com.aidufei.otoService.IServiceCallBack$Stub.onTransact(IServiceCallBack.java:52)
E/JavaBinder( 2543):    at android.os.Binder.execTransact(Binder.java:338)
E/JavaBinder( 2543):    at dalvik.system.NativeStart.run(Native Method)
D/OtOService( 1775): send callback obj: com.aidufei.otoService.IServiceCallBack$Stub$Proxy@41ea44a8
D/OtOService( 1775): send callback: 101
I/ServiceAdapter( 2543): dvb_ResultCallBack: what:101   arg1:0
I/ServiceAdapter( 2543): +++++ShiftTime+++++0++++ShiftEnd++++0++++TimeCode++++0++++++delay+++++0
I/ServiceAdapter( 2543): dvb_ResultCallBack: get stb vol:
D/OtOService( 1775): VOBsync :com.aidufei.otoService.PlayEvent@41edb670
E/ServerAdapter( 1775): ServerAdapter:0
E/ServerHandler( 1775): Send:com.aidufei.protocol.oto.OtOStatusRequest@41edb990
D/ServerHandler( 1775): ServerHandler send request:103:{"ResourceInfo":{"ProductCode":"","PlayType":2,"ResourceCode":"","ResourceName":" "},"Status":{"ReturnCode":100,"Description":"ok"},"PlayStatus":0,"Volume":0}
V/ServerHandler( 1775): ServerHandler send DatagramPacket:/192.168.1.105-[B@41edd450
D/OtOService( 1775): send callback obj: com.aidufei.otoService.IServiceCallBack$Stub$Proxy@41d42078
D/OtOService( 1775): send callback: 101
I/ServiceAdapter( 2543): dvb_ResultCallBack: what:101   arg1:0
I/ServiceAdapter( 2543): +++++ShiftTime+++++0++++ShiftEnd++++0++++TimeCode++++0++++++delay+++++0
I/ServiceAdapter( 2543): dvb_ResultCallBack: get stb vol:
D/OtOService( 1775): VOBsync :com.aidufei.otoService.PlayEvent@41edddc8
E/ServerAdapter( 1775): ServerAdapter:0
E/ServerHandler( 1775): Send:com.aidufei.protocol.oto.OtOStatusRequest@41ede0e8
D/ServerHandler( 1775): ServerHandler send request:103:{"ResourceInfo":{"ProductCode":"","PlayType":2,"ResourceCode":"","ResourceName":" "},"Status":{"ReturnCode":100,"Description":"ok"},"PlayStatus":0,"Volume":0}
V/ServerHandler( 1775): ServerHandler send DatagramPacket:/192.168.1.105-[B@41edfba8
D/OtOService( 1775): send callback obj: com.aidufei.otoService.IServiceCallBack$Stub$Proxy@41b7d5b0
D/OtOService( 1775): send callback: 101
I/ServiceAdapter( 2543): dvb_ResultCallBack: what:101   arg1:0
I/ServiceAdapter( 2543): +++++ShiftTime+++++0++++ShiftEnd++++0++++TimeCode++++0++++++delay+++++0
I/ServiceAdapter( 2543): dvb_ResultCallBack: get stb vol:
D/OtOService( 1775): VOBsync :com.aidufei.otoService.PlayEvent@41ee0520
E/ServerAdapter( 1775): ServerAdapter:0
E/ServerHandler( 1775): Send:com.aidufei.protocol.oto.OtOStatusRequest@41ee0840
D/ServerHandler( 1775): ServerHandler send request:103:{"ResourceInfo":{"ProductCode":"","PlayType":2,"ResourceCode":"","ResourceName":" "},"Status":{"ReturnCode":100,"Description":"ok"},"PlayStatus":0,"Volume":0}
V/ServerHandler( 1775): ServerHandler send DatagramPacket:/192.168.1.105-[B@41ea5260
D/OtOService( 1775): send callback obj: com.aidufei.otoService.IServiceCallBack$Stub$Proxy@41ee2cd8
D/OtOService( 1775): send callback: 101
I/ServiceAdapter( 2543): dvb_ResultCallBack: what:101   arg1:0
E/JavaBinder( 2543): *** Uncaught remote exception!  (Exceptions are not yet supported across processes.)
E/JavaBinder( 2543): java.lang.RuntimeException: Can't create handler inside thread that has not called Looper.prepare()
E/JavaBinder( 2543):    at android.os.Handler.<init>(Handler.java:121)
E/JavaBinder( 2543):    at com.coship.dvbplayer.view.VolbarView$1.<init>(VolbarView.java:134)
E/JavaBinder( 2543):    at com.coship.dvbplayer.view.VolbarView.<init>(VolbarView.java:134)
E/JavaBinder( 2543):    at com.coship.dvbplayer.view.VolbarView.getInstance(VolbarView.java:63)
E/JavaBinder( 2543):    at com.aidufei.otoService.ServiceAdapter$2.ResultCallBack(ServiceAdapter.java:185)
E/JavaBinder( 2543):    at com.aidufei.otoService.IServiceCallBack$Stub.onTransact(IServiceCallBack.java:52)
E/JavaBinder( 2543):    at android.os.Binder.execTransact(Binder.java:338)
E/JavaBinder( 2543):    at dalvik.system.NativeStart.run(Native Method)
D/OtOService( 1775): send callback obj: com.aidufei.otoService.IServiceCallBack$Stub$Proxy@4175f368
D/OtOService( 1775): send callback: 101
I/ServiceAdapter( 2543): dvb_ResultCallBack: what:101   arg1:0
E/JavaBinder( 2543): *** Uncaught remote exception!  (Exceptions are not yet supported across processes.)
E/JavaBinder( 2543): java.lang.RuntimeException: Can't create handler inside thread that has not called Looper.prepare()
E/JavaBinder( 2543):    at android.os.Handler.<init>(Handler.java:121)
E/JavaBinder( 2543):    at com.coship.dvbplayer.view.VolbarView$1.<init>(VolbarView.java:134)
E/JavaBinder( 2543):    at com.coship.dvbplayer.view.VolbarView.<init>(VolbarView.java:134)
E/JavaBinder( 2543):    at com.coship.dvbplayer.view.VolbarView.getInstance(VolbarView.java:63)
E/JavaBinder( 2543):    at com.aidufei.otoService.ServiceAdapter$2.ResultCallBack(ServiceAdapter.java:185)
E/JavaBinder( 2543):    at com.aidufei.otoService.IServiceCallBack$Stub.onTransact(IServiceCallBack.java:52)
E/JavaBinder( 2543):    at android.os.Binder.execTransact(Binder.java:338)
E/JavaBinder( 2543):    at dalvik.system.NativeStart.run(Native Method)
D/OtOService( 1775): send callback obj: com.aidufei.otoService.IServiceCallBack$Stub$Proxy@41cdf3a8
D/OtOService( 1775): send callback: 101
I/ServiceAdapter( 2543): dvb_ResultCallBack: what:101   arg1:0
E/JavaBinder( 2543): *** Uncaught remote exception!  (Exceptions are not yet supported across processes.)
E/JavaBinder( 2543): java.lang.RuntimeException: Can't create handler inside thread that has not called Looper.prepare()
E/JavaBinder( 2543):    at android.os.Handler.<init>(Handler.java:121)
E/JavaBinder( 2543):    at com.coship.dvbplayer.view.VolbarView$1.<init>(VolbarView.java:134)
E/JavaBinder( 2543):    at com.coship.dvbplayer.view.VolbarView.<init>(VolbarView.java:134)
E/JavaBinder( 2543):    at com.coship.dvbplayer.view.VolbarView.getInstance(VolbarView.java:63)
E/JavaBinder( 2543):    at com.aidufei.otoService.ServiceAdapter$2.ResultCallBack(ServiceAdapter.java:185)
E/JavaBinder( 2543):    at com.aidufei.otoService.IServiceCallBack$Stub.onTransact(IServiceCallBack.java:52)
E/JavaBinder( 2543):    at android.os.Binder.execTransact(Binder.java:338)
E/JavaBinder( 2543):    at dalvik.system.NativeStart.run(Native Method)
D/OtOService( 1775): send callback obj: com.aidufei.otoService.IServiceCallBack$Stub$Proxy@4155e788
D/OtOService( 1775): send callback: 101
I/ServiceAdapter( 2543): dvb_ResultCallBack: what:101   arg1:0
I/ServiceAdapter( 2543): +++++ShiftTime+++++0++++ShiftEnd++++0++++TimeCode++++0++++++delay+++++0
I/ServiceAdapter( 2543): dvb_ResultCallBack: get stb vol:
D/OtOService( 1775): VOBsync :com.aidufei.otoService.PlayEvent@41ea6700
E/ServerAdapter( 1775): ServerAdapter:0
E/ServerHandler( 1775): Send:com.aidufei.protocol.oto.OtOStatusRequest@41ea6a20
D/ServerHandler( 1775): ServerHandler send request:103:{"ResourceInfo":{"ProductCode":"","PlayType":2,"ResourceCode":"","ResourceName":" "},"Status":{"ReturnCode":100,"Description":"ok"},"PlayStatus":0,"Volume":0}
V/ServerHandler( 1775): ServerHandler send DatagramPacket:/192.168.1.105-[B@41ea84e0
D/OtOService( 1775): send callback obj: com.aidufei.otoService.IServiceCallBack$Stub$Proxy@41b6f228
D/OtOService( 1775): send callback: 101
I/ServiceAdapter( 2543): dvb_ResultCallBack: what:101   arg1:0
I/ServiceAdapter( 2543): +++++ShiftTime+++++0++++ShiftEnd++++0++++TimeCode++++0++++++delay+++++0
I/ServiceAdapter( 2543): dvb_ResultCallBack: get stb vol:
D/OtOService( 1775): VOBsync :com.aidufei.otoService.PlayEvent@41ea8e58
E/ServerAdapter( 1775): ServerAdapter:0
E/ServerHandler( 1775): Send:com.aidufei.protocol.oto.OtOStatusRequest@41ea9178
D/ServerHandler( 1775): ServerHandler send request:103:{"ResourceInfo":{"ProductCode":"","PlayType":2,"ResourceCode":"","ResourceName":" "},"Status":{"ReturnCode":100,"Description":"ok"},"PlayStatus":0,"Volume":0}
V/ServerHandler( 1775): ServerHandler send DatagramPacket:/192.168.1.105-[B@41eaac38
D/OtOService( 1775): send callback obj: com.aidufei.otoService.IServiceCallBack$Stub$Proxy@41b72088
D/OtOService( 1775): send callback: 101
I/ServiceAdapter( 2543): dvb_ResultCallBack: what:101   arg1:0
E/JavaBinder( 2543): *** Uncaught remote exception!  (Exceptions are not yet supported across processes.)
E/JavaBinder( 2543): java.lang.RuntimeException: Can't create handler inside thread that has not called Looper.prepare()
E/JavaBinder( 2543):    at android.os.Handler.<init>(Handler.java:121)
E/JavaBinder( 2543):    at com.coship.dvbplayer.view.VolbarView$1.<init>(VolbarView.java:134)
E/JavaBinder( 2543):    at com.coship.dvbplayer.view.VolbarView.<init>(VolbarView.java:134)
E/JavaBinder( 2543):    at com.coship.dvbplayer.view.VolbarView.getInstance(VolbarView.java:63)
E/JavaBinder( 2543):    at com.aidufei.otoService.ServiceAdapter$2.ResultCallBack(ServiceAdapter.java:185)
E/JavaBinder( 2543):    at com.aidufei.otoService.IServiceCallBack$Stub.onTransact(IServiceCallBack.java:52)
E/JavaBinder( 2543):    at android.os.Binder.execTransact(Binder.java:338)
E/JavaBinder( 2543):    at dalvik.system.NativeStart.run(Native Method)
D/OtOService( 1775): send callback obj: com.aidufei.otoService.IServiceCallBack$Stub$Proxy@41f00b48
D/OtOService( 1775): send callback: 101
I/ServiceAdapter( 2543): dvb_ResultCallBack: what:101   arg1:0
I/ServiceAdapter( 2543): +++++ShiftTime+++++0++++ShiftEnd++++0++++TimeCode++++0++++++delay+++++0
I/ServiceAdapter( 2543): dvb_ResultCallBack: get stb vol:
D/OtOService( 1775): VOBsync :com.aidufei.otoService.PlayEvent@41eab968
E/ServerAdapter( 1775): ServerAdapter:0
E/ServerHandler( 1775): Send:com.aidufei.protocol.oto.OtOStatusRequest@41eabc88
D/ServerHandler( 1775): ServerHandler send request:103:{"ResourceInfo":{"ProductCode":"","PlayType":2,"ResourceCode":"","ResourceName":" "},"Status":{"ReturnCode":100,"Description":"ok"},"PlayStatus":0,"Volume":0}
V/ServerHandler( 1775): ServerHandler send DatagramPacket:/192.168.1.105-[B@41ead748
D/OtOService( 1775): send callback obj: com.aidufei.otoService.IServiceCallBack$Stub$Proxy@41bc37e0
D/OtOService( 1775): send callback: 101
I/ServiceAdapter( 2543): dvb_ResultCallBack: what:101   arg1:0
I/ServiceAdapter( 2543): +++++ShiftTime+++++0++++ShiftEnd++++0++++TimeCode++++0++++++delay+++++0
I/ServiceAdapter( 2543): dvb_ResultCallBack: get stb vol:
D/OtOService( 1775): VOBsync :com.aidufei.otoService.PlayEvent@41eae0c0
E/ServerAdapter( 1775): ServerAdapter:0
E/ServerHandler( 1775): Send:com.aidufei.protocol.oto.OtOStatusRequest@41eae3e0
D/MediaPlayerService(  739): [35] notify (0x43ed8, 200, 704, 44)
D/MstarPlayer(  739): percent: 44
W/MediaPlayer( 2543): info/warning (704, 44)
I/MediaPlayer.java( 2543): Info (704,44)
I/dvb_OTTPlayer( 2543): [onInfo ] mp:android.media.MediaPlayer@42e0e088 what:704  extra:44
D/ServerHandler( 1775): ServerHandler send request:103:{"ResourceInfo":{"ProductCode":"","PlayType":2,"ResourceCode":"","ResourceName":" "},"Status":{"ReturnCode":100,"Description":"ok"},"PlayStatus":0,"Volume":0}
V/ServerHandler( 1775): ServerHandler send DatagramPacket:/192.168.1.105-[B@41eafea0
D/OtOService( 1775): send callback obj: com.aidufei.otoService.IServiceCallBack$Stub$Proxy@41bd3770
D/OtOService( 1775): send callback: 101
I/ServiceAdapter( 2543): dvb_ResultCallBack: what:101   arg1:0
I/ServiceAdapter( 2543): +++++ShiftTime+++++0++++ShiftEnd++++0++++TimeCode++++0++++++delay+++++0
I/ServiceAdapter( 2543): dvb_ResultCallBack: get stb vol:
D/OtOService( 1775): VOBsync :com.aidufei.otoService.PlayEvent@41eb0818
E/ServerAdapter( 1775): ServerAdapter:0
E/ServerHandler( 1775): Send:com.aidufei.protocol.oto.OtOStatusRequest@41eb0b38
D/ServerHandler( 1775): ServerHandler send request:103:{"ResourceInfo":{"ProductCode":"","PlayType":2,"ResourceCode":"","ResourceName":" "},"Status":{"ReturnCode":100,"Description":"ok"},"PlayStatus":0,"Volume":0}
V/ServerHandler( 1775): ServerHandler send DatagramPacket:/192.168.1.105-[B@41eb25f8
D/OtOService( 1775): send callback obj: com.aidufei.otoService.IServiceCallBack$Stub$Proxy@41765f00
D/OtOService( 1775): send callback: 101
I/ServiceAdapter( 2543): dvb_ResultCallBack: what:101   arg1:0
E/JavaBinder( 2543): *** Uncaught remote exception!  (Exceptions are not yet supported across processes.)
E/JavaBinder( 2543): java.lang.RuntimeException: Can't create handler inside thread that has not called Looper.prepare()
E/JavaBinder( 2543):    at android.os.Handler.<init>(Handler.java:121)
E/JavaBinder( 2543):    at com.coship.dvbplayer.view.VolbarView$1.<init>(VolbarView.java:134)
E/JavaBinder( 2543):    at com.coship.dvbplayer.view.VolbarView.<init>(VolbarView.java:134)
E/JavaBinder( 2543):    at com.coship.dvbplayer.view.VolbarView.getInstance(VolbarView.java:63)
E/JavaBinder( 2543):    at com.aidufei.otoService.ServiceAdapter$2.ResultCallBack(ServiceAdapter.java:185)
E/JavaBinder( 2543):    at com.aidufei.otoService.IServiceCallBack$Stub.onTransact(IServiceCallBack.java:52)
E/JavaBinder( 2543):    at android.os.Binder.execTransact(Binder.java:338)
E/JavaBinder( 2543):    at dalvik.system.NativeStart.run(Native Method)
D/OtOService( 1775): send callback obj: com.aidufei.otoService.IServiceCallBack$Stub$Proxy@41ec8e58
D/MediaPlayerService(  739): [35] notify (0x43ed8, 200, 704, 44)
D/MstarPlayer(  739): percent: 44
W/MediaPlayer( 2543): info/warning (704, 44)
I/MediaPlayer.java( 2543): Info (704,44)
I/dvb_OTTPlayer( 2543): [onInfo ] mp:android.media.MediaPlayer@42e0e088 what:704  extra:44
D/MediaPlayerService(  739): [35] notify (0x43ed8, 200, 704, 44)
D/MstarPlayer(  739): percent: 44
W/MediaPlayer( 2543): info/warning (704, 44)
I/MediaPlayer.java( 2543): Info (704,44)
I/dvb_OTTPlayer( 2543): [onInfo ] mp:android.media.MediaPlayer@42e0e088 what:704  extra:44
D/MediaPlayerService(  739): [35] notify (0x43ed8, 200, 704, 44)
D/MstarPlayer(  739): percent: 44
W/MediaPlayer( 2543): info/warning (704, 44)
I/MediaPlayer.java( 2543): Info (704,44)
I/dvb_OTTPlayer( 2543): [onInfo ] mp:android.media.MediaPlayer@42e0e088 what:704  extra:44
D/MediaPlayerService(  739): [35] notify (0x43ed8, 200, 704, 44)
D/MstarPlayer(  739): percent: 44
W/MediaPlayer( 2543): info/warning (704, 44)
I/MediaPlayer.java( 2543): Info (704,44)
I/dvb_OTTPlayer( 2543): [onInfo ] mp:android.media.MediaPlayer@42e0e088 what:704  extra:44
D/MediaPlayerService(  739): [35] notify (0x43ed8, 200, 704, 44)
D/MstarPlayer(  739): percent: 44
W/MediaPlayer( 2543): info/warning (704, 44)
I/MediaPlayer.java( 2543): Info (704,44)
I/dvb_OTTPlayer( 2543): [onInfo ] mp:android.media.MediaPlayer@42e0e088 what:704  extra:44
D/DataSource_M3U8(  739): u32HLSSreamNum[0]===>u32BandWidth:800000 
D/DataSource_M3U8(  739): getHLSPlayListInex  DownloadBandWidth:2274007   uInDex=0
D/DataSource_M3U8(  739): 
D/DataSource_M3U8(  739): 
D/DataSource_M3U8(  739): 
D/DataSource_M3U8(  739): ============Begin to get playlist !!=====================
D/DataSource_M3U8(  739): 
D/DataSource_M3U8(  739): 
D/MediaPlayerService(  739): [35] notify (0x43ed8, 200, 704, 44)
D/MstarPlayer(  739): percent: 44
W/MediaPlayer( 2543): info/warning (704, 44)
I/MediaPlayer.java( 2543): Info (704,44)
I/dvb_OTTPlayer( 2543): [onInfo ] mp:android.media.MediaPlayer@42e0e088 what:704  extra:44
D/MediaPlayerService(  739): [35] notify (0x43ed8, 200, 704, 44)
D/MstarPlayer(  739): percent: 44
W/MediaPlayer( 2543): info/warning (704, 44)
I/MediaPlayer.java( 2543): Info (704,44)
I/dvb_OTTPlayer( 2543): [onInfo ] mp:android.media.MediaPlayer@42e0e088 what:704  extra:44
D/MediaPlayerService(  739): [35] notify (0x43ed8, 200, 704, 44)
D/MstarPlayer(  739): percent: 44
W/MediaPlayer( 2543): info/warning (704, 44)
I/MediaPlayer.java( 2543): Info (704,44)
I/dvb_OTTPlayer( 2543): [onInfo ] mp:android.media.MediaPlayer@42e0e088 what:704  extra:44
D/MediaPlayerService(  739): [35] notify (0x43ed8, 200, 704, 44)
D/MstarPlayer(  739): percent: 44
W/MediaPlayer( 2543): info/warning (704, 44)
I/MediaPlayer.java( 2543): Info (704,44)
I/dvb_OTTPlayer( 2543): [onInfo ] mp:android.media.MediaPlayer@42e0e088 what:704  extra:44
D/MediaPlayerService(  739): [35] notify (0x43ed8, 200, 704, 44)
D/MstarPlayer(  739): percent: 44
W/MediaPlayer( 2543): info/warning (704, 44)
I/MediaPlayer.java( 2543): Info (704,44)
I/dvb_OTTPlayer( 2543): [onInfo ] mp:android.media.MediaPlayer@42e0e088 what:704  extra:44
D/MediaPlayerService(  739): [35] notify (0x43ed8, 200, 704, 44)
D/MstarPlayer(  739): percent: 44
W/MediaPlayer( 2543): info/warning (704, 44)
I/MediaPlayer.java( 2543): Info (704,44)
I/dvb_OTTPlayer( 2543): [onInfo ] mp:android.media.MediaPlayer@42e0e088 what:704  extra:44
D/MediaPlayerService(  739): [35] notify (0x43ed8, 200, 704, 44)
D/MstarPlayer(  739): percent: 44
W/MediaPlayer( 2543): info/warning (704, 44)
I/MediaPlayer.java( 2543): Info (704,44)
I/dvb_OTTPlayer( 2543): [onInfo ] mp:android.media.MediaPlayer@42e0e088 what:704  extra:44
D/MediaPlayerService(  739): [35] notify (0x43ed8, 200, 704, 44)
D/MstarPlayer(  739): percent: 44
W/MediaPlayer( 2543): info/warning (704, 44)
I/MediaPlayer.java( 2543): Info (704,44)
I/dvb_OTTPlayer( 2543): [onInfo ] mp:android.media.MediaPlayer@42e0e088 what:704  extra:44
D/DataSource_M3U8(  739): 
D/DataSource_M3U8(  739):  connect Server :live.feifeikan.com
D/DataSource_M3U8(  739): parseM3U8 .......!
D/DataSource_M3U8(  739): 
D/DataSource_M3U8(  739):  do not update  mediaSequence : 0   url = http://live.feifeikan.com/live/hls/308?slice=022622   
D/DataSource_M3U8(  739): 
D/DataSource_M3U8(  739):  do not update  mediaSequence : 0   url = http://live.feifeikan.com/live/hls/308?slice=022623   
D/DataSource_M3U8(  739): 
D/DataSource_M3U8(  739):  do not update  mediaSequence : 0   url = http://live.feifeikan.com/live/hls/308?slice=022624   
D/DataSource_M3U8(  739): [M3U8] file: NULL line 
D/DataSource_M3U8(  739): HLS=====>> Live Stream!!!!
E/ServerHandler( 1775): receiveRequest
V/OtORequest( 1775): parseCommand
V/OtORequest( 1775): get command=103
V/OtORequest( 1775): parse OtORequest: cmd=103 paramLength=0 bufferlen=8
D/OtOService( 1775): client request get status.playType:2
D/OtOService( 1775): callback N: 21
D/OtOService( 1775): send callback: 101
I/ServiceAdapter( 2543): dvb_ResultCallBack: what:101   arg1:0
E/JavaBinder( 2543): *** Uncaught remote exception!  (Exceptions are not yet supported across processes.)
E/JavaBinder( 2543): java.lang.RuntimeException: Can't create handler inside thread that has not called Looper.prepare()
E/JavaBinder( 2543):    at android.os.Handler.<init>(Handler.java:121)
E/JavaBinder( 2543):    at com.coship.dvbplayer.view.VolbarView$1.<init>(VolbarView.java:134)
E/JavaBinder( 2543):    at com.coship.dvbplayer.view.VolbarView.<init>(VolbarView.java:134)
E/JavaBinder( 2543):    at com.coship.dvbplayer.view.VolbarView.getInstance(VolbarView.java:63)
E/JavaBinder( 2543):    at com.aidufei.otoService.ServiceAdapter$2.ResultCallBack(ServiceAdapter.java:185)
E/JavaBinder( 2543):    at com.aidufei.otoService.IServiceCallBack$Stub.onTransact(IServiceCallBack.java:52)
E/JavaBinder( 2543):    at android.os.Binder.execTransact(Binder.java:338)
E/JavaBinder( 2543):    at dalvik.system.NativeStart.run(Native Method)
D/OtOService( 1775): send callback obj: com.aidufei.otoService.IServiceCallBack$Stub$Proxy@41ea44a8
D/OtOService( 1775): send callback: 101
I/ServiceAdapter( 2543): dvb_ResultCallBack: what:101   arg1:0
I/ServiceAdapter( 2543): +++++ShiftTime+++++0++++ShiftEnd++++0++++TimeCode++++0++++++delay+++++0
I/ServiceAdapter( 2543): dvb_ResultCallBack: get stb vol:
D/OtOService( 1775): VOBsync :com.aidufei.otoService.PlayEvent@41d482a8
E/ServerAdapter( 1775): ServerAdapter:0
E/ServerHandler( 1775): Send:com.aidufei.protocol.oto.OtOStatusRequest@41d485c8
D/ServerHandler( 1775): ServerHandler send request:103:{"ResourceInfo":{"ProductCode":"","PlayType":2,"ResourceCode":"","ResourceName":" "},"Status":{"ReturnCode":100,"Description":"ok"},"PlayStatus":0,"Volume":0}
V/ServerHandler( 1775): ServerHandler send DatagramPacket:/192.168.1.105-[B@41d4a088
D/OtOService( 1775): send callback obj: com.aidufei.otoService.IServiceCallBack$Stub$Proxy@41d42078
D/OtOService( 1775): send callback: 101
I/ServiceAdapter( 2543): dvb_ResultCallBack: what:101   arg1:0
I/ServiceAdapter( 2543): +++++ShiftTime+++++0++++ShiftEnd++++0++++TimeCode++++0++++++delay+++++0
I/ServiceAdapter( 2543): dvb_ResultCallBack: get stb vol:
D/OtOService( 1775): VOBsync :com.aidufei.otoService.PlayEvent@41d4aa00
E/ServerAdapter( 1775): ServerAdapter:0
E/ServerHandler( 1775): Send:com.aidufei.protocol.oto.OtOStatusRequest@41d4ad20
D/ServerHandler( 1775): ServerHandler send request:103:{"ResourceInfo":{"ProductCode":"","PlayType":2,"ResourceCode":"","ResourceName":" "},"Status":{"ReturnCode":100,"Description":"ok"},"PlayStatus":0,"Volume":0}
V/ServerHandler( 1775): ServerHandler send DatagramPacket:/192.168.1.105-[B@41d4c7e0
D/OtOService( 1775): send callback obj: com.aidufei.otoService.IServiceCallBack$Stub$Proxy@41b7d5b0
D/OtOService( 1775): send callback: 101
I/ServiceAdapter( 2543): dvb_ResultCallBack: what:101   arg1:0
I/ServiceAdapter( 2543): +++++ShiftTime+++++0++++ShiftEnd++++0++++TimeCode++++0++++++delay+++++0
I/ServiceAdapter( 2543): dvb_ResultCallBack: get stb vol:
D/MediaPlayerService(  739): [35] notify (0x43ed8, 200, 704, 44)
D/MstarPlayer(  739): percent: 44
W/MediaPlayer( 2543): info/warning (704, 44)
I/MediaPlayer.java( 2543): Info (704,44)
I/dvb_OTTPlayer( 2543): [onInfo ] mp:android.media.MediaPlayer@42e0e088 what:704  extra:44
D/OtOService( 1775): VOBsync :com.aidufei.otoService.PlayEvent@41d4d158
E/ServerAdapter( 1775): ServerAdapter:0
E/ServerHandler( 1775): Send:com.aidufei.protocol.oto.OtOStatusRequest@41d4d478
D/ServerHandler( 1775): ServerHandler send request:103:{"ResourceInfo":{"ProductCode":"","PlayType":2,"ResourceCode":"","ResourceName":" "},"Status":{"ReturnCode":100,"Description":"ok"},"PlayStatus":0,"Volume":0}
V/ServerHandler( 1775): ServerHandler send DatagramPacket:/192.168.1.105-[B@41d4ef38
D/OtOService( 1775): send callback obj: com.aidufei.otoService.IServiceCallBack$Stub$Proxy@41ee2cd8
D/OtOService( 1775): send callback: 101
I/ServiceAdapter( 2543): dvb_ResultCallBack: what:101   arg1:0
E/JavaBinder( 2543): *** Uncaught remote exception!  (Exceptions are not yet supported across processes.)
E/JavaBinder( 2543): java.lang.RuntimeException: Can't create handler inside thread that has not called Looper.prepare()
E/JavaBinder( 2543):    at android.os.Handler.<init>(Handler.java:121)
E/JavaBinder( 2543):    at com.coship.dvbplayer.view.VolbarView$1.<init>(VolbarView.java:134)
E/JavaBinder( 2543):    at com.coship.dvbplayer.view.VolbarView.<init>(VolbarView.java:134)
E/JavaBinder( 2543):    at com.coship.dvbplayer.view.VolbarView.getInstance(VolbarView.java:63)
E/JavaBinder( 2543):    at com.aidufei.otoService.ServiceAdapter$2.ResultCallBack(ServiceAdapter.java:185)
E/JavaBinder( 2543):    at com.aidufei.otoService.IServiceCallBack$Stub.onTransact(IServiceCallBack.java:52)
E/JavaBinder( 2543):    at android.os.Binder.execTransact(Binder.java:338)
E/JavaBinder( 2543):    at dalvik.system.NativeStart.run(Native Method)
D/OtOService( 1775): send callback obj: com.aidufei.otoService.IServiceCallBack$Stub$Proxy@4175f368
D/OtOService( 1775): send callback: 101
I/ServiceAdapter( 2543): dvb_ResultCallBack: what:101   arg1:0
E/JavaBinder( 2543): *** Uncaught remote exception!  (Exceptions are not yet supported across processes.)
E/JavaBinder( 2543): java.lang.RuntimeException: Can't create handler inside thread that has not called Looper.prepare()
E/JavaBinder( 2543):    at android.os.Handler.<init>(Handler.java:121)
E/JavaBinder( 2543):    at com.coship.dvbplayer.view.VolbarView$1.<init>(VolbarView.java:134)
E/JavaBinder( 2543):    at com.coship.dvbplayer.view.VolbarView.<init>(VolbarView.java:134)
E/JavaBinder( 2543):    at com.coship.dvbplayer.view.VolbarView.getInstance(VolbarView.java:63)
E/JavaBinder( 2543):    at com.aidufei.otoService.ServiceAdapter$2.ResultCallBack(ServiceAdapter.java:185)
E/JavaBinder( 2543):    at com.aidufei.otoService.IServiceCallBack$Stub.onTransact(IServiceCallBack.java:52)
E/JavaBinder( 2543):    at android.os.Binder.execTransact(Binder.java:338)
E/JavaBinder( 2543):    at dalvik.system.NativeStart.run(Native Method)
D/OtOService( 1775): send callback obj: com.aidufei.otoService.IServiceCallBack$Stub$Proxy@41cdf3a8
D/OtOService( 1775): send callback: 101
I/ServiceAdapter( 2543): dvb_ResultCallBack: what:101   arg1:0
E/JavaBinder( 2543): *** Uncaught remote exception!  (Exceptions are not yet supported across processes.)
E/JavaBinder( 2543): java.lang.RuntimeException: Can't create handler inside thread that has not called Looper.prepare()
E/JavaBinder( 2543):    at android.os.Handler.<init>(Handler.java:121)
E/JavaBinder( 2543):    at com.coship.dvbplayer.view.VolbarView$1.<init>(VolbarView.java:134)
E/JavaBinder( 2543):    at com.coship.dvbplayer.view.VolbarView.<init>(VolbarView.java:134)
E/JavaBinder( 2543):    at com.coship.dvbplayer.view.VolbarView.getInstance(VolbarView.java:63)
E/JavaBinder( 2543):    at com.aidufei.otoService.ServiceAdapter$2.ResultCallBack(ServiceAdapter.java:185)
E/JavaBinder( 2543):    at com.aidufei.otoService.IServiceCallBack$Stub.onTransact(IServiceCallBack.java:52)
E/JavaBinder( 2543):    at android.os.Binder.execTransact(Binder.java:338)
E/JavaBinder( 2543):    at dalvik.system.NativeStart.run(Native Method)
D/OtOService( 1775): send callback obj: com.aidufei.otoService.IServiceCallBack$Stub$Proxy@4155e788
D/OtOService( 1775): send callback: 101
I/ServiceAdapter( 2543): dvb_ResultCallBack: what:101   arg1:0
I/ServiceAdapter( 2543): +++++ShiftTime+++++0++++ShiftEnd++++0++++TimeCode++++0++++++delay+++++0
I/ServiceAdapter( 2543): dvb_ResultCallBack: get stb vol:
D/OtOService( 1775): VOBsync :com.aidufei.otoService.PlayEvent@41d503d8
E/ServerAdapter( 1775): ServerAdapter:0
E/ServerHandler( 1775): Send:com.aidufei.protocol.oto.OtOStatusRequest@41d506f8
D/ServerHandler( 1775): ServerHandler send request:103:{"ResourceInfo":{"ProductCode":"","PlayType":2,"ResourceCode":"","ResourceName":" "},"Status":{"ReturnCode":100,"Description":"ok"},"PlayStatus":0,"Volume":0}
V/ServerHandler( 1775): ServerHandler send DatagramPacket:/192.168.1.105-[B@41d521b8
D/OtOService( 1775): send callback obj: com.aidufei.otoService.IServiceCallBack$Stub$Proxy@41b6f228
D/OtOService( 1775): send callback: 101
I/ServiceAdapter( 2543): dvb_ResultCallBack: what:101   arg1:0
I/ServiceAdapter( 2543): +++++ShiftTime+++++0++++ShiftEnd++++0++++TimeCode++++0++++++delay+++++0
I/ServiceAdapter( 2543): dvb_ResultCallBack: get stb vol:
D/OtOService( 1775): VOBsync :com.aidufei.otoService.PlayEvent@41d52b30
E/ServerAdapter( 1775): ServerAdapter:0
E/ServerHandler( 1775): Send:com.aidufei.protocol.oto.OtOStatusRequest@41d52e50
D/ServerHandler( 1775): ServerHandler send request:103:{"ResourceInfo":{"ProductCode":"","PlayType":2,"ResourceCode":"","ResourceName":" "},"Status":{"ReturnCode":100,"Description":"ok"},"PlayStatus":0,"Volume":0}
V/ServerHandler( 1775): ServerHandler send DatagramPacket:/192.168.1.105-[B@41d54910
D/OtOService( 1775): send callback obj: com.aidufei.otoService.IServiceCallBack$Stub$Proxy@41b72088
D/OtOService( 1775): send callback: 101
I/ServiceAdapter( 2543): dvb_ResultCallBack: what:101   arg1:0
E/JavaBinder( 2543): *** Uncaught remote exception!  (Exceptions are not yet supported across processes.)
E/JavaBinder( 2543): java.lang.RuntimeException: Can't create handler inside thread that has not called Looper.prepare()
E/JavaBinder( 2543):    at android.os.Handler.<init>(Handler.java:121)
E/JavaBinder( 2543):    at com.coship.dvbplayer.view.VolbarView$1.<init>(VolbarView.java:134)
E/JavaBinder( 2543):    at com.coship.dvbplayer.view.VolbarView.<init>(VolbarView.java:134)
E/JavaBinder( 2543):    at com.coship.dvbplayer.view.VolbarView.getInstance(VolbarView.java:63)
E/JavaBinder( 2543):    at com.aidufei.otoService.ServiceAdapter$2.ResultCallBack(ServiceAdapter.java:185)
E/JavaBinder( 2543):    at com.aidufei.otoService.IServiceCallBack$Stub.onTransact(IServiceCallBack.java:52)
E/JavaBinder( 2543):    at android.os.Binder.execTransact(Binder.java:338)
E/JavaBinder( 2543):    at dalvik.system.NativeStart.run(Native Method)
D/OtOService( 1775): send callback obj: com.aidufei.otoService.IServiceCallBack$Stub$Proxy@41f00b48
D/OtOService( 1775): send callback: 101
I/ServiceAdapter( 2543): dvb_ResultCallBack: what:101   arg1:0
I/ServiceAdapter( 2543): +++++ShiftTime+++++0++++ShiftEnd++++0++++TimeCode++++0++++++delay+++++0
I/ServiceAdapter( 2543): dvb_ResultCallBack: get stb vol:
D/OtOService( 1775): VOBsync :com.aidufei.otoService.PlayEvent@41d55640
E/ServerAdapter( 1775): ServerAdapter:0
E/ServerHandler( 1775): Send:com.aidufei.protocol.oto.OtOStatusRequest@41d55960
D/ServerHandler( 1775): ServerHandler send request:103:{"ResourceInfo":{"ProductCode":"","PlayType":2,"ResourceCode":"","ResourceName":" "},"Status":{"ReturnCode":100,"Description":"ok"},"PlayStatus":0,"Volume":0}
V/ServerHandler( 1775): ServerHandler send DatagramPacket:/192.168.1.105-[B@41d29050
D/OtOService( 1775): send callback obj: com