E/JavaBinder( 2543):    at com.coship.dvbplayer.view.VolbarView$1.<init>(VolbarView.java:134)
E/JavaBinder( 2543):    at com.coship.dvbplayer.view.VolbarView.<init>(VolbarView.java:134)
E/JavaBinder( 2543):    at com.coship.dvbplayer.view.VolbarView.getInstance(VolbarView.java:63)
E/JavaBinder( 2543):    at com.aidufei.otoService.ServiceAdapter$2.ResultCallBack(ServiceAdapter.java:185)
E/JavaBinder( 2543):    at com.aidufei.otoService.IServiceCallBack$Stub.onTransact(IServiceCallBack.java:52)
E/JavaBinder( 2543):    at android.os.Binder.execTransact(Binder.java:338)
E/JavaBinder( 2543):    at dalvik.system.NativeStart.run(Native Method)
D/OtOService( 1775): send callback obj: com.aidufei.otoService.IServiceCallBack$Stub$Proxy@41f00b48
D/OtOService( 1775): send callback: 101
I/ServiceAdapter( 2543): dvb_ResultCallBack: what:101   arg1:0
I/ServiceAdapter( 2543): +++++ShiftTime+++++0++++ShiftEnd++++0++++TimeCode++++0++++++delay+++++0
I/ServiceAdapter( 2543): dvb_ResultCallBack: get stb vol:
D/OtOService( 1775): VOBsync :com.aidufei.otoService.PlayEvent@41f5a6a8
E/ServerAdapter( 1775): ServerAdapter:0
E/ServerHandler( 1775): Send:com.aidufei.protocol.oto.OtOStatusRequest@41f5a9c8
D/ServerHandler( 1775): ServerHandler send request:103:{"ResourceInfo":{"ProductCode":"","PlayType":2,"ResourceCode":"","ResourceName":" "},"Status":{"ReturnCode":100,"Description":"ok"},"PlayStatus":0,"Volume":0}
V/ServerHandler( 1775): ServerHandler send DatagramPacket:/192.168.1.105-[B@41f5c488
D/OtOService( 1775): send callback obj: com.aidufei.otoService.IServiceCallBack$Stub$Proxy@41bc37e0
D/OtOService( 1775): send callback: 101
I/ServiceAdapter( 2543): dvb_ResultCallBack: what:101   arg1:0
I/ServiceAdapter( 2543): +++++ShiftTime+++++0++++ShiftEnd++++0++++TimeCode++++0++++++delay+++++0
I/ServiceAdapter( 2543): dvb_ResultCallBack: get stb vol:
D/OtOService( 1775): VOBsync :com.aidufei.otoService.PlayEvent@41f5ce00
E/ServerAdapter( 1775): ServerAdapter:0
E/ServerHandler( 1775): Send:com.aidufei.protocol.oto.OtOStatusRequest@41f5d120
D/ServerHandler( 1775): ServerHandler send request:103:{"ResourceInfo":{"ProductCode":"","PlayType":2,"ResourceCode":"","ResourceName":" "},"Status":{"ReturnCode":100,"Description":"ok"},"PlayStatus":0,"Volume":0}
V/ServerHandler( 1775): ServerHandler send DatagramPacket:/192.168.1.105-[B@41f5ebe0
D/OtOService( 1775): send callback obj: com.aidufei.otoService.IServiceCallBack$Stub$Proxy@41bd3770
D/OtOService( 1775): send callback: 101
I/ServiceAdapter( 2543): dvb_ResultCallBack: what:101   arg1:0
I/ServiceAdapter( 2543): +++++ShiftTime+++++0++++ShiftEnd++++0++++TimeCode++++0++++++delay+++++0
I/ServiceAdapter( 2543): dvb_ResultCallBack: get stb vol:
D/OtOService( 1775): VOBsync :com.aidufei.otoService.PlayEvent@41f5f558
E/ServerAdapter( 1775): ServerAdapter:0
E/ServerHandler( 1775): Send:com.aidufei.protocol.oto.OtOStatusRequest@41f5f878
D/ServerHandler( 1775): ServerHandler send request:103:{"ResourceInfo":{"ProductCode":"","PlayType":2,"ResourceCode":"","ResourceName":" "},"Status":{"ReturnCode":100,"Description":"ok"},"PlayStatus":0,"Volume":0}
V/ServerHandler( 1775): ServerHandler send DatagramPacket:/192.168.1.105-[B@41f61338
D/OtOService( 1775): send callback obj: com.aidufei.otoService.IServiceCallBack$Stub$Proxy@41765f00
D/OtOService( 1775): send callback: 101
I/ServiceAdapter( 2543): dvb_ResultCallBack: what:101   arg1:0
E/JavaBinder( 2543): *** Uncaught remote exception!  (Exceptions are not yet supported across processes.)
E/JavaBinder( 2543): java.lang.RuntimeException: Can't create handler inside thread that has not called Looper.prepare()
E/JavaBinder( 2543):    at android.os.Handler.<init>(Handler.java:121)
E/JavaBinder( 2543):    at com.coship.dvbplayer.view.VolbarView$1.<init>(VolbarView.java:134)
E/JavaBinder( 2543):    at com.coship.dvbplayer.view.VolbarView.<init>(VolbarView.java:134)
E/JavaBinder( 2543):    at com.coship.dvbplayer.view.VolbarView.getInstance(VolbarView.java:63)
E/JavaBinder( 2543):    at com.aidufei.otoService.ServiceAdapter$2.ResultCallBack(ServiceAdapter.java:185)
E/JavaBinder( 2543):    at com.aidufei.otoService.IServiceCallBack$Stub.onTransact(IServiceCallBack.java:52)
E/JavaBinder( 2543):    at android.os.Binder.execTransact(Binder.java:338)
E/JavaBinder( 2543):    at dalvik.system.NativeStart.run(Native Method)
D/OtOService( 1775): send callback obj: com.aidufei.otoService.IServiceCallBack$Stub$Proxy@41ec8e58
D/OtOService( 1775): send callback: 101
I/ServiceAdapter( 2543): dvb_ResultCallBack: what:101   arg1:0
E/JavaBinder( 2543): *** Uncaught remote exception!  (Exceptions are not yet supported across processes.)
E/JavaBinder( 2543): java.lang.RuntimeException: Can't create handler inside thread that has not called Looper.prepare()
E/JavaBinder( 2543):    at android.os.Handler.<init>(Handler.java:121)
E/JavaBinder( 2543):    at com.coship.dvbplayer.view.VolbarView$1.<init>(VolbarView.java:134)
E/JavaBinder( 2543):    at com.coship.dvbplayer.view.VolbarView.<init>(VolbarView.java:134)
E/JavaBinder( 2543):    at com.coship.dvbplayer.view.VolbarView.getInstance(VolbarView.java:63)
E/JavaBinder( 2543):    at com.aidufei.otoService.ServiceAdapter$2.ResultCallBack(ServiceAdapter.java:185)
E/JavaBinder( 2543):    at com.aidufei.otoService.IServiceCallBack$Stub.onTransact(IServiceCallBack.java:52)
E/JavaBinder( 2543):    at android.os.Binder.execTransact(Binder.java:338)
E/JavaBinder( 2543):    at dalvik.system.NativeStart.run(Native Method)
D/OtOService( 1775): send callback obj: com.aidufei.otoService.IServiceCallBack$Stub$Proxy@41f489e0
D/OtOService( 1775): send callback: 101
I/ServiceAdapter( 2543): dvb_ResultCallBack: what:101   arg1:0
E/JavaBinder( 2543): *** Uncaught remote exception!  (Exceptions are not yet supported across processes.)
E/JavaBinder( 2543): java.lang.RuntimeException: Can't create handler inside thread that has not called Looper.prepare()
E/JavaBinder( 2543):    at android.os.Handler.<init>(Handler.java:121)
E/JavaBinder( 2543):    at com.coship.dvbplayer.view.VolbarView$1.<init>(VolbarView.java:134)
E/JavaBinder( 2543):    at com.coship.dvbplayer.view.VolbarView.<init>(VolbarView.java:134)
E/JavaBinder( 2543):    at com.coship.dvbplayer.view.VolbarView.getInstance(VolbarView.java:63)
E/JavaBinder( 2543):    at com.aidufei.otoService.ServiceAdapter$2.ResultCallBack(ServiceAdapter.java:185)
E/JavaBinder( 2543):    at com.aidufei.otoService.IServiceCallBack$Stub.onTransact(IServiceCallBack.java:52)
E/JavaBinder( 2543):    at android.os.Binder.execTransact(Binder.java:338)
E/JavaBinder( 2543):    at dalvik.system.NativeStart.run(Native Method)
D/OtOService( 1775): send callback obj: com.aidufei.otoService.IServiceCallBack$Stub$Proxy@41c8c140
D/OtOService( 1775): send callback: 101
I/ServiceAdapter( 2543): dvb_ResultCallBack: what:101   arg1:0
E/JavaBinder( 2543): *** Uncaught remote exception!  (Exceptions are not yet supported across processes.)
E/JavaBinder( 2543): java.lang.RuntimeException: Can't create handler inside thread that has not called Looper.prepare()
E/JavaBinder( 2543):    at android.os.Handler.<init>(Handler.java:121)
E/JavaBinder( 2543):    at com.coship.dvbplayer.view.VolbarView$1.<init>(VolbarView.java:134)
E/JavaBinder( 2543):    at com.coship.dvbplayer.view.VolbarView.<init>(VolbarView.java:134)
E/JavaBinder( 2543):    at com.coship.dvbplayer.view.VolbarView.getInstance(VolbarView.java:63)
E/JavaBinder( 2543):    at com.aidufei.otoService.ServiceAdapter$2.ResultCallBack(ServiceAdapter.java:185)
E/JavaBinder( 2543):    at com.aidufei.otoService.IServiceCallBack$Stub.onTransact(IServiceCallBack.java:52)
E/JavaBinder( 2543):    at android.os.Binder.execTransact(Binder.java:338)
E/JavaBinder( 2543):    at dalvik.system.NativeStart.run(Native Method)
D/OtOService( 1775): send callback obj: com.aidufei.otoService.IServiceCallBack$Stub$Proxy@41ba8488
D/OtOService( 1775): send callback: 101
I/ServiceAdapter( 2543): dvb_ResultCallBack: what:101   arg1:0
I/ServiceAdapter( 2543): +++++ShiftTime+++++0++++ShiftEnd++++0++++TimeCode++++0++++++delay+++++0
I/ServiceAdapter( 2543): dvb_ResultCallBack: get stb vol:
D/OtOService( 1775): VOBsync :com.aidufei.otoService.PlayEvent@41f61fa0
E/ServerAdapter( 1775): ServerAdapter:0
E/ServerHandler( 1775): Send:com.aidufei.protocol.oto.OtOStatusRequest@41f01d80
D/ServerHandler( 1775): ServerHandler send request:103:{"ResourceInfo":{"ProductCode":"","PlayType":2,"ResourceCode":"","ResourceName":" "},"Status":{"ReturnCode":100,"Description":"ok"},"PlayStatus":0,"Volume":0}
V/ServerHandler( 1775): ServerHandler send DatagramPacket:/192.168.1.105-[B@41f03840
D/OtOService( 1775): send callback obj: com.aidufei.otoService.IServiceCallBack$Stub$Proxy@41f62910
I/dvb_OTTPlayer( 2543): [onInfo ] mp:android.media.MediaPlayer@42e0e088 what:704  extra:44
D/MediaPlayerService(  739): [35] notify (0x43ed8, 200, 704, 44)
D/MstarPlayer(  739): percent: 44
W/MediaPlayer( 2543): info/warning (704, 44)
I/MediaPlayer.java( 2543): Info (704,44)
I/dvb_OTTPlayer( 2543): [onInfo ] mp:android.media.MediaPlayer@42e0e088 what:704  extra:44
D/MediaPlayerService(  739): [35] notify (0x43ed8, 200, 704, 44)
D/MstarPlayer(  739): percent: 44
W/MediaPlayer( 2543): info/warning (704, 44)
I/MediaPlayer.java( 2543): Info (704,44)
I/dvb_OTTPlayer( 2543): [onInfo ] mp:android.media.MediaPlayer@42e0e088 what:704  extra:44
D/MediaPlayerService(  739): [35] notify (0x43ed8, 200, 704, 44)
D/MstarPlayer(  739): percent: 44
W/MediaPlayer( 2543): info/warning (704, 44)
I/MediaPlayer.java( 2543): Info (704,44)
I/dvb_OTTPlayer( 2543): [onInfo ] mp:android.media.MediaPlayer@42e0e088 what:704  extra:44
D/dalvikvm( 1665): GC_CONCURRENT freed 764K, 65% free 2641K/7427K, paused 2ms+2ms
D/DataSource_M3U8(  739): u32HLSSreamNum[0]===>u32BandWidth:800000 
D/DataSource_M3U8(  739): getHLSPlayListInex  DownloadBandWidth:2274007   uInDex=0
D/DataSource_M3U8(  739): 
D/DataSource_M3U8(  739): 
D/DataSource_M3U8(  739): 
D/DataSource_M3U8(  739): ============Begin to get playlist !!=====================
D/DataSource_M3U8(  739): 
D/DataSource_M3U8(  739): 
D/MediaPlayerService(  739): [35] notify (0x43ed8, 200, 704, 44)
D/MstarPlayer(  739): percent: 44
W/MediaPlayer( 2543): info/warning (704, 44)
I/MediaPlayer.java( 2543): Info (704,44)
I/dvb_OTTPlayer( 2543): [onInfo ] mp:android.media.MediaPlayer@42e0e088 what:704  extra:44
D/MediaPlayerService(  739): [35] notify (0x43ed8, 200, 704, 44)
D/MstarPlayer(  739): percent: 44
W/MediaPlayer( 2543): info/warning (704, 44)
I/MediaPlayer.java( 2543): Info (704,44)
I/dvb_OTTPlayer( 2543): [onInfo ] mp:android.media.MediaPlayer@42e0e088 what:704  extra:44
D/MediaPlayerService(  739): [35] notify (0x43ed8, 200, 704, 44)
D/MstarPlayer(  739): percent: 44
W/MediaPlayer( 2543): info/warning (704, 44)
I/MediaPlayer.java( 2543): Info (704,44)
I/dvb_OTTPlayer( 2543): [onInfo ] mp:android.media.MediaPlayer@42e0e088 what:704  extra:44
D/DataSource_M3U8(  739): 
D/DataSource_M3U8(  739):  connect Server :live.feifeikan.com
D/DataSource_M3U8(  739): parseM3U8 .......!
D/DataSource_M3U8(  739): 
D/DataSource_M3U8(  739):  do not update  mediaSequence : 0   url = http://live.feifeikan.com/live/hls/308?slice=022621   
D/DataSource_M3U8(  739): 
D/DataSource_M3U8(  739):  do not update  mediaSequence : 0   url = http://live.feifeikan.com/live/hls/308?slice=022622   
D/DataSource_M3U8(  739): 
D/DataSource_M3U8(  739):  do not update  mediaSequence : 0   url = http://live.feifeikan.com/live/hls/308?slice=022623   
D/DataSource_M3U8(  739): [M3U8] file: NULL line 
D/DataSource_M3U8(  739): HLS=====>> Live Stream!!!!
D/MonitorCw880( 2640): currentRemoteHost is null ,continue
D/MediaPlayerService(  739): [35] notify (0x43ed8, 200, 704, 44)
D/MstarPlayer(  739): percent: 44
W/MediaPlayer( 2543): info/warning (704, 44)
I/MediaPlayer.java( 2543): Info (704,44)
I/dvb_OTTPlayer( 2543): [onInfo ] mp:android.media.MediaPlayer@42e0e088 what:704  extra:44
D/DataSource_M3U8(  739): 
D/DataSource_M3U8(  739):  Warnig::  getValidBufferLength()  <  Codec require !!!
D/dalvikvm( 1665): GC_CONCURRENT freed 757K, 65% free 2621K/7427K, paused 2ms+3ms
D/MediaPlayerService(  739): [35] notify (0x43ed8, 200, 704, 44)
D/MstarPlayer(  739): percent: 44
W/MediaPlayer( 2543): info/warning (704, 44)
I/MediaPlayer.java( 2543): Info (704,44)
I/dvb_OTTPlayer( 2543): [onInfo ] mp:android.media.MediaPlayer@42e0e088 what:704  extra:44
D/MediaPlayerService(  739): [35] notify (0x43ed8, 200, 704, 44)
D/MstarPlayer(  739): percent: 44
W/MediaPlayer( 2543): info/warning (704, 44)
I/MediaPlayer.java( 2543): Info (704,44)
I/dvb_OTTPlayer( 2543): [onInfo ] mp:android.media.MediaPlayer@42e0e088 what:704  extra:44
D/MediaPlayerService(  739): [35] notify (0x43ed8, 200, 704, 44)
D/MstarPlayer(  739): percent: 44
W/MediaPlayer( 2543): info/warning (704, 44)
I/MediaPlayer.java( 2543): Info (704,44)
I/dvb_OTTPlayer( 2543): [onInfo ] mp:android.media.MediaPlayer@42e0e088 what:704  extra:44
D/MediaPlayerService(  739): [35] notify (0x43ed8, 200, 704, 44)
D/MstarPlayer(  739): percent: 44
W/MediaPlayer( 2543): info/warning (704, 44)
I/MediaPlayer.java( 2543): Info (704,44)
I/dvb_OTTPlayer( 2543): [onInfo ] mp:android.media.MediaPlayer@42e0e088 what:704  extra:44
D/MediaPlayerService(  739): [35] notify (0x43ed8, 200, 704, 44)
D/MstarPlayer(  739): percent: 44
W/MediaPlayer( 2543): info/warning (704, 44)
I/MediaPlayer.java( 2543): Info (704,44)
I/dvb_OTTPlayer( 2543): [onInfo ] mp:android.media.MediaPlayer@42e0e088 what:704  extra:44
D/MediaPlayerService(  739): [35] notify (0x43ed8, 200, 704, 44)
D/MstarPlayer(  739): percent: 44
W/MediaPlayer( 2543): info/warning (704, 44)
I/MediaPlayer.java( 2543): Info (704,44)
I/dvb_OTTPlayer( 2543): [onInfo ] mp:android.media.MediaPlayer@42e0e088 what:704  extra:44
D/dalvikvm( 1665): GC_CONCURRENT freed 725K, 65% free 2643K/7427K, paused 2ms+3ms
D/MediaPlayerService(  739): [35] notify (0x43ed8, 200, 704, 44)
D/MstarPlayer(  739): percent: 44
W/MediaPlayer( 2543): info/warning (704, 44)
I/MediaPlayer.java( 2543): Info (704,44)
I/dvb_OTTPlayer( 2543): [onInfo ] mp:android.media.MediaPlayer@42e0e088 what:704  extra:44
D/MediaPlayerService(  739): [35] notify (0x43ed8, 200, 704, 44)
D/MstarPlayer(  739): percent: 44
W/MediaPlayer( 2543): info/warning (704, 44)
I/MediaPlayer.java( 2543): Info (704,44)
I/dvb_OTTPlayer( 2543): [onInfo ] mp:android.media.MediaPlayer@42e0e088 what:704  extra:44
E/ServerHandler( 1775): receiveRequest
V/OtORequest( 1775): parseCommand
V/OtORequest( 1775): get command=103
V/OtORequest( 1775): parse OtORequest: cmd=103 paramLength=0 bufferlen=8
D/OtOService( 1775): client request get status.playType:2
D/OtOService( 1775): callback N: 21
D/OtOService( 1775): send callback: 101
I/ServiceAdapter( 2543): dvb_ResultCallBack: what:101   arg1:0
D/MediaPlayerService(  739): [35] notify (0x43ed8, 200, 704, 44)
D/MstarPlayer(  739): percent: 44
W/MediaPlayer( 2543): info/warning (704, 44)
E/JavaBinder( 2543): *** Uncaught remote exception!  (Exceptions are not yet supported across processes.)
E/JavaBinder( 2543): java.lang.RuntimeException: Can't create handler inside thread that has not called Looper.prepare()
E/JavaBinder( 2543):    at android.os.Handler.<init>(Handler.java:121)
E/JavaBinder( 2543):    at com.coship.dvbplayer.view.VolbarView$1.<init>(VolbarView.java:134)
E/JavaBinder( 2543):    at com.coship.dvbplayer.view.VolbarView.<init>(VolbarView.java:134)
E/JavaBinder( 2543):    at com.coship.dvbplayer.view.VolbarView.getInstance(VolbarView.java:63)
E/JavaBinder( 2543):    at com.aidufei.otoService.ServiceAdapter$2.ResultCallBack(ServiceAdapter.java:185)
E/JavaBinder( 2543):    at com.aidufei.otoService.IServiceCallBack$Stub.onTransact(IServiceCallBack.java:52)
E/JavaBinder( 2543):    at android.os.Binder.execTransact(Binder.java:338)
E/JavaBinder( 2543):    at dalvik.system.NativeStart.run(Native Method)
I/MediaPlayer.java( 2543): Info (704,44)
D/OtOService( 1775): send callback obj: com.aidufei.otoService.IServiceCallBack$Stub$Proxy@41ea44a8
I/dvb_OTTPlayer( 2543): [onInfo ] mp:android.media.MediaPlayer@42e0e088 what:704  extra:44
D/OtOService( 1775): send callback: 101
I/ServiceAdapter( 2543): dvb_ResultCallBack: what:101   arg1:0
I/ServiceAdapter( 2543): +++++ShiftTime+++++0++++ShiftEnd++++0++++TimeCode++++0++++++delay+++++0
I/ServiceAdapter( 2543): dvb_ResultCallBack: get stb vol:
D/OtOService( 1775): VOBsync :com.aidufei.otoService.PlayEvent@41f0baa0
E/ServerAdapter( 1775): ServerAdapter:0
E/ServerHandler( 1775): Send:com.aidufei.protocol.oto.OtOStatusRequest@41f0bdc0
D/ServerHandler( 1775): ServerHandler send request:103:{"ResourceInfo":{"ProductCode":"","PlayType":2,"ResourceCode":"","ResourceName":" "},"Status":{"ReturnCode":100,"Description":"ok"},"PlayStatus":0,"Volume":0}
V/ServerHandler( 1775): ServerHandler send DatagramPacket:/192.168.1.105-[B@41f0d880
D/OtOService( 1775): send callback obj: com.aidufei.otoService.IServiceCallBack$Stub$Proxy@41d42078
D/OtOService( 1775): send callback: 101
I/ServiceAdapter( 2543): dvb_ResultCallBack: what:101   arg1:0
I/ServiceAdapter( 2543): +++++ShiftTime+++++0++++ShiftEnd++++0++++TimeCode++++0++++++delay+++++0
I/ServiceAdapter( 2543): dvb_ResultCallBack: get stb vol:
D/OtOService( 1775): VOBsync :com.aidufei.otoService.PlayEvent@41f0e1f8
E/ServerAdapter( 1775): ServerAdapter:0
E/ServerHandler( 1775): Send:com.aidufei.protocol.oto.OtOStatusRequest@41f0e518
D/ServerHandler( 1775): ServerHandler send request:103:{"ResourceInfo":{"ProductCode":"","PlayType":2,"ResourceCode":"","ResourceName":" "},"Status":{"ReturnCode":100,"Description":"ok"},"PlayStatus":0,"Volume":0}
V/ServerHandler( 1775): ServerHandler send DatagramPacket:/192.168.1.105-[B@41eb9420
D/OtOService( 1775): send callback obj: com.aidufei.otoService.IServiceCallBack$Stub$Proxy@41b7d5b0
D/OtOService( 1775): send callback: 101
I/ServiceAdapter( 2543): dvb_ResultCallBack: what:101   arg1:0
I/ServiceAdapter( 2543): +++++ShiftTime+++++0++++ShiftEnd++++0++++TimeCode++++0++++++delay+++++0
I/ServiceAdapter( 2543): dvb_ResultCallBack: get stb vol:
D/OtOService( 1775): VOBsync :com.aidufei.otoService.PlayEvent@41eb9d98
E/ServerAdapter( 1775): ServerAdapter:0
E/ServerHandler( 1775): Send:com.aidufei.protocol.oto.OtOStatusRequest@41eba0b8
D/ServerHandler( 1775): ServerHandler send request:103:{"ResourceInfo":{"ProductCode":"","PlayType":2,"ResourceCode":"","ResourceName":" "},"Status":{"ReturnCode":100,"Description":"ok"},"PlayStatus":0,"Volume":0}
V/ServerHandler( 1775): ServerHandler send DatagramPacket:/192.168.1.105-[B@41ebbb78
D/OtOService( 1775): send callback obj: com.aidufei.otoService.IServiceCallBack$Stub$Proxy@41ee2cd8
D/OtOService( 1775): send callback: 101
I/ServiceAdapter( 2543): dvb_ResultCallBack: what:101   arg1:0
E/JavaBinder( 2543): *** Uncaught remote exception!  (Exceptions are not yet supported across processes.)
E/JavaBinder( 2543): java.lang.RuntimeException: Can't create handler inside thread that has not called Looper.prepare()
E/JavaBinder( 2543):    at android.os.Handler.<init>(Handler.java:121)
E/JavaBinder( 2543):    at com.coship.dvbplayer.view.VolbarView$1.<init>(VolbarView.java:134)
E/JavaBinder( 2543):    at com.coship.dvbplayer.view.VolbarView.<init>(VolbarView.java:134)
E/JavaBinder( 2543):    at com.coship.dvbplayer.view.VolbarView.getInstance(VolbarView.java:63)
E/JavaBinder( 2543):    at com.aidufei.otoService.ServiceAdapter$2.ResultCallBack(ServiceAdapter.java:185)
E/JavaBinder( 2543):    at com.aidufei.otoService.IServiceCallBack$Stub.onTransact(IServiceCallBack.java:52)
E/JavaBinder( 2543):    at android.os.Binder.execTransact(Binder.java:338)
E/JavaBinder( 2543):    at dalvik.system.NativeStart.run(Native Method)
D/OtOService( 1775): send callback obj: com.aidufei.otoService.IServiceCallBack$Stub$Proxy@4175f368
D/OtOService( 1775): send callback: 101
I/ServiceAdapter( 2543): dvb_ResultCallBack: what:101   arg1:0
E/JavaBinder( 2543): *** Uncaught remote exception!  (Exceptions are not yet supported across processes.)
E/JavaBinder( 2543): java.lang.RuntimeException: Can't create handler inside thread that has not called Looper.prepare()
E/JavaBinder( 2543):    at android.os.Handler.<init>(Handler.java:121)
E/JavaBinder( 2543):    at com.coship.dvbplayer.view.VolbarView$1.<init>(VolbarView.java:134)
E/JavaBinder( 2543):    at com.coship.dvbplayer.view.VolbarView.<init>(VolbarView.java:134)
E/JavaBinder( 2543):    at com.coship.dvbplayer.view.VolbarView.getInstance(VolbarView.java:63)
E/JavaBinder( 2543):    at com.aidufei.otoService.ServiceAdapter$2.ResultCallBack(ServiceAdapter.java:185)
E/JavaBinder( 2543):    at com.aidufei.otoService.IServiceCallBack$Stub.onTransact(IServiceCallBack.java:52)
E/JavaBinder( 2543):    at android.os.Binder.execTransact(Binder.java:338)
E/JavaBinder( 2543):    at dalvik.system.NativeStart.run(Native Method)
D/OtOService( 1775): send callback obj: com.aidufei.otoService.IServiceCallBack$Stub$Proxy@41cdf3a8
D/OtOService( 1775): send callback: 101
I/ServiceAdapter( 2543): dvb_ResultCallBack: what:101   arg1:0
E/JavaBinder( 2543): *** Uncaught remote exception!  (Exceptions are not yet supported across processes.)
E/JavaBinder( 2543): java.lang.RuntimeException: Can't create handler inside thread that has not called Looper.prepare()
E/JavaBinder( 2543):    at android.os.Handler.<init>(Handler.java:121)
E/JavaBinder( 2543):    at com.coship.dvbplayer.view.VolbarView$1.<init>(VolbarView.java:134)
E/JavaBinder( 2543):    at com.coship.dvbplayer.view.VolbarView.<init>(VolbarView.java:134)
E/JavaBinder( 2543):    at com.coship.dvbplayer.view.VolbarView.getInstance(VolbarView.java:63)
E/JavaBinder( 2543):    at com.aidufei.otoService.ServiceAdapter$2.ResultCallBack(ServiceAdapter.java:185)
E/JavaBinder( 2543):    at com.aidufei.otoService.IServiceCallBack$Stub.onTransact(IServiceCallBack.java:52)
E/JavaBinder( 2543):    at android.os.Binder.execTransact(Binder.java:338)
E/JavaBinder( 2543):    at dalvik.system.NativeStart.run(Native Method)
D/OtOService( 1775): send callback obj: com.aidufei.otoService.IServiceCallBack$Stub$Proxy@4155e788
D/OtOService( 1775): send callback: 101
I/ServiceAdapter( 2543): dvb_ResultCallBack: what:101   arg1:0
I/ServiceAdapter( 2543): +++++ShiftTime+++++0++++ShiftEnd++++0++++TimeCode++++0++++++delay+++++0
I/ServiceAdapter( 2543): dvb_ResultCallBack: get stb vol:
D/DataSource_M3U8(  739): u32HLSSreamNum[0]===>u32BandWidth:800000 
D/DataSource_M3U8(  739): getHLSPlayListInex  DownloadBandWidth:2274007   uInDex=0
D/DataSource_M3U8(  739): 
D/DataSource_M3U8(  739): 
D/DataSource_M3U8(  739): 
D/DataSource_M3U8(  739): ============Begin to get playlist !!=====================
D/DataSource_M3U8(  739): 
D/DataSource_M3U8(  739): 
D/OtOService( 1775): VOBsync :com.aidufei.otoService.PlayEvent@41ebd018
E/ServerAdapter( 1775): ServerAdapter:0
E/ServerHandler( 1775): Send:com.aidufei.protocol.oto.OtOStatusRequest@41ebd338
D/ServerHandler( 1775): ServerHandler send request:103:{"ResourceInfo":{"ProductCode":"","PlayType":2,"ResourceCode":"","ResourceName":" "},"Status":{"ReturnCode":100,"Description":"ok"},"PlayStatus":0,"Volume":0}
V/ServerHandler( 1775): ServerHandler send DatagramPacket:/192.168.1.105-[B@41ebedf8
D/OtOService( 1775): send callback obj: com.aidufei.otoService.IServiceCallBack$Stub$Proxy@41b6f228
D/OtOService( 1775): send callback: 101
I/ServiceAdapter( 2543): dvb_ResultCallBack: what:101   arg1:0
I/ServiceAdapter( 2543): +++++ShiftTime+++++0++++ShiftEnd++++0++++TimeCode++++0++++++delay+++++0
I/ServiceAdapter( 2543): dvb_ResultCallBack: get stb vol:
D/OtOService( 1775): VOBsync :com.aidufei.otoService.PlayEvent@41ebf770
E/ServerAdapter( 1775): ServerAdapter:0
E/ServerHandler( 1775): Send:com.aidufei.protocol.oto.OtOStatusRequest@41ebfa90
D/ServerHandler( 1775): ServerHandler send request:103:{"ResourceInfo":{"ProductCode":"","PlayType":2,"ResourceCode":"","ResourceName":" "},"Status":{"ReturnCode":100,"Description":"ok"},"PlayStatus":0,"Volume":0}
V/ServerHandler( 1775): ServerHandler send DatagramPacket:/192.168.1.105-[B@41ec1550
D/OtOService( 1775): send callback obj: com.aidufei.otoService.IServiceCallBack$Stub$Proxy@41b72088
D/OtOService( 1775): send callback: 101
I/ServiceAdapter( 2543): dvb_ResultCallBack: what:101   arg1:0
E/JavaBinder( 2543): *** Uncaught remote exception!  (Exceptions are not yet supported across processes.)
E/JavaBinder( 2543): java.lang.RuntimeException: Can't create handler inside thread that has not called Looper.prepare()
E/JavaBinder( 2543):    at android.os.Handler.<init>(Handler.java:121)
E/JavaBinder( 2543):    at com.coship.dvbplayer.view.VolbarView$1.<init>(VolbarView.java:134)
E/JavaBinder( 2543):    at com.coship.dvbplayer.view.VolbarView.<init>(VolbarView.java:134)
E/JavaBinder( 2543):    at com.coship.dvbplayer.view.VolbarView.getInstance(VolbarView.java:63)
E/JavaBinder( 2543):    at com.aidufei.otoService.ServiceAdapter$2.ResultCallBack(ServiceAdapter.java:185)
E/JavaBinder( 2543):    at com.aidufei.otoService.IServiceCallBack$Stub.onTransact(IServiceCallBack.java:52)
E/JavaBinder( 2543):    at android.os.Binder.execTransact(Binder.java:338)
E/JavaBinder( 2543):    at dalvik.system.NativeStart.run(Native Method)
D/OtOService( 1775): send callback obj: com.aidufei.otoService.IServiceCallBack$Stub$Proxy@41f00b48
D/OtOService( 1775): send callback: 101
I/ServiceAdapter( 2543): dvb_ResultCallBack: what:101   arg1:0
I/ServiceAdapter( 2543): +++++ShiftTime+++++0++++ShiftEnd++++0++++TimeCode++++0++++++delay+++++0
I/ServiceAdapter( 2543): dvb_ResultCallBack: get stb vol:
D/OtOService( 1775): VOBsync :com.aidufei.otoService.PlayEvent@41ec2280
E/ServerAdapter( 1775): ServerAdapter:0
E/ServerHandler( 1775): Send:com.aidufei.protocol.oto.OtOStatusRequest@41ec25a0
D/ServerHandler( 1775): ServerHandler send request:103:{"ResourceInfo":{"ProductCode":"","PlayType":2,"ResourceCode":"","ResourceName":" "},"Status":{"ReturnCode":100,"Description":"ok"},"PlayStatus":0,"Volume":0}
V/ServerHandler( 1775): ServerHandler send DatagramPacket:/192.168.1.105-[B@41ec4060
D/OtOService( 1775): send callback obj: com.aidufei.otoService.IServiceCallBack$Stub$Proxy@41bc37e0
D/OtOService( 1775): send callback: 101
I/ServiceAdapter( 2543): dvb_ResultCallBack: what:101   arg1:0
I/ServiceAdapter( 2543): +++++ShiftTime+++++0++++ShiftEnd++++0++++TimeCode++++0++++++delay+++++0
I/ServiceAdapter( 2543): dvb_ResultCallBack: get stb vol:
D/OtOService( 1775): VOBsync :com.aidufei.otoService.PlayEvent@41ec49d8
E/ServerAdapter( 1775): ServerAdapter:0
E/ServerHandler( 1775): Send:com.aidufei.protocol.oto.OtOStatusRequest@41ec4cf8
D/ServerHandler( 1775): ServerHandler send request:103:{"ResourceInfo":{"ProductCode":"","PlayType":2,"ResourceCode":"","ResourceName":" "},"Status":{"ReturnCode":100,"Description":"ok"},"PlayStatus":0,"Volume":0}
V/ServerHandler( 1775): ServerHandler send DatagramPacket:/192.168.1.105-[B@41d04d20
D/OtOService( 1775): send callback obj: com.aidufei.otoService.IServiceCallBack$Stub$Proxy@41bd3770
D/OtOService( 1775): send callback: 101
I/ServiceAdapter( 2543): dvb_ResultCallBack: what:101   arg1:0
I/ServiceAdapter( 2543): +++++ShiftTime+++++0++++ShiftEnd++++0++++TimeCode++++0++++++delay+++++0
I/ServiceAdapter( 2543): dvb_ResultCallBack: get stb vol:
D/OtOService( 1775): VOBsync :com.aidufei.otoService.PlayEvent@41d05698
E/ServerAdapter( 1775): ServerAdapter:0
E/ServerHandler( 1775): Send:com.aidufei.protocol.oto.OtOStatusRequest@41d059b8
D/ServerHandler( 1775): ServerHandler send request:103:{"ResourceInfo":{"ProductCode":"","PlayType":2,"ResourceCode":"","ResourceName":" "},"Status":{"ReturnCode":100,"Description":"ok"},"PlayStatus":0,"Volume":0}
V/ServerHandler( 1775): ServerHandler send DatagramPacket:/192.168.1.105-[B@41d07478
D/OtOService( 1775): send callback obj: com.aidufei.otoService.IServiceCallBack$Stub$Proxy@41765f00
D/OtOService( 1775): send callback: 101
I/ServiceAdapter( 2543): dvb_ResultCallBack: what:101   arg1:0
E/JavaBinder( 2543): *** Uncaught remote exception!  (Exceptions are not yet supported across processes.)
E/JavaBinder( 2543): java.lang.RuntimeException: Can't create handler inside thread that has not called Looper.prepare()
E/JavaBinder( 2543):    at android.os.Handler.<init>(Handler.java:121)
E/JavaBinder( 2543):    at com.coship.dvbplayer.view.VolbarView$1.<init>(VolbarView.java:134)
E/JavaBinder( 2543):    at com.coship.dvbplayer.view.VolbarView.<init>(VolbarView.java:134)
E/JavaBinder( 2543):    at com.coship.dvbplayer.view.VolbarView.getInstance(VolbarView.java:63)
E/JavaBinder( 2543):    at com.aidufei.otoService.ServiceAdapter$2.ResultCallBack(ServiceAdapter.java:185)
E/JavaBinder( 2543):    at com.aidufei.otoService.IServiceCallBack$Stub.onTransact(IServiceCallBack.java:52)
E/JavaBinder( 2543):    at android.os.Binder.execTransact(Binder.java:338)
E/JavaBinder( 2543):    at dalvik.system.NativeStart.run(Native Method)
D/OtOService( 1775): send callback obj: com.aidufei.otoService.IServiceCallBack$Stub$Proxy@41ec8e58
D/OtOService( 1775): send callback: 101
I/ServiceAdapter( 2543): dvb_ResultCallBack: what:101   arg1:0
E/JavaBinder( 2543): *** Uncaught remote exception!  (Exceptions are not yet supported across processes.)
E/JavaBinder( 2543): java.lang.RuntimeException: Can't create handler inside thread that has not called Looper.prepare()
E/JavaBinder( 2543):    at android.os.Handler.<init>(Handler.java:121)
E/JavaBinder( 2543):    at com.coship.dvbplayer.view.VolbarView$1.<init>(VolbarView.java:134)
E/JavaBinder( 2543):    at com.coship.dvbplayer.view.VolbarView.<init>(VolbarView.java:134)
E/JavaBinder( 2543):    at com.coship.dvbplayer.view.VolbarView.getInstance(VolbarView.java:63)
E/JavaBinder( 2543):    at com.aidufei.otoService.ServiceAdapter$2.ResultCallBack(ServiceAdapter.java:185)
E/JavaBinder( 2543):    at com.aidufei.otoService.IServiceCallBack$Stub.onTransact(IServiceCallBack.java:52)
E/JavaBinder( 2543):    at android.os.Binder.execTransact(Binder.java:338)
E/JavaBinder( 2543):    at dalvik.system.NativeStart.run(Native Method)
D/OtOService( 1775): send callback obj: com.aidufei.otoService.IServiceCallBack$Stub$Proxy@41f489e0
D/OtOService( 1775): send callback: 101
I/ServiceAdapter( 2543): dvb_ResultCallBack: what:101   arg1:0
E/JavaBinder( 2543): *** Uncaught remote exception!  (Exceptions are not yet supported across processes.)
E/JavaBinder( 2543): java.lang.RuntimeException: Can't create handler inside thread that has not called Looper.prepare()
E/JavaBinder( 2543):    at android.os.Handler.<init>(Handler.java:121)
E/JavaBinder( 2543):    at com.coship.dvbplayer.view.VolbarView$1.<init>(VolbarView.java:134)
E/JavaBinder( 2543):    at com.coship.dvbplayer.view.VolbarView.<init>(VolbarView.java:134)
E/JavaBinder( 2543):    at com.coship.dvbplayer.view.VolbarView.getInstance(VolbarView.java:63)
E/JavaBinder( 2543):    at com.aidufei.otoService.ServiceAdapter$2.ResultCallBack(ServiceAdapter.java:185)
E/JavaBinder( 2543):    at com.aidufei.otoService.IServiceCallBack$Stub.onTransact(IServiceCallBack.java:52)
E/JavaBinder( 2543):    at android.os.Binder.execTransact(Binder.java:338)
E/JavaBinder( 2543):    at dalvik.system.NativeStart.run(Native Method)
D/MediaPlayerService(  739): [35] notify (0x43ed8, 200, 704, 44)
D/MstarPlayer(  739): percent: 44
W/MediaPlayer( 2543): info/warning (704, 44)
D/OtOService( 1775): send callback obj: com.aidufei.otoService.IServiceCallBack$Stub$Proxy@41c8c140
D/OtOService( 1775): send callback: 101
I/MediaPlayer.java( 2543): Info (704,44)
I/dvb_OTTPlayer( 2543): [onInfo ] mp:android.media.MediaPlayer@42e0e088 what:704  extra:44
D/MediaPlayerService(  739): [35] notify (0x43ed8, 200, 704, 44)
D/MstarPlayer(  739): percent: 44
W/MediaPlayer( 2543): info/warning (704, 44)
I/MediaPlayer.java( 2543): Info (704,44)
I/dvb_OTTPlayer( 2543): [onInfo ] mp:android.media.MediaPlayer@42e0e088 what:704  extra:44
I/ServiceAdapter( 2543): dvb_ResultCallBack: what:101   arg1:0
E/JavaBinder( 2543): *** Uncaught remote exception!  (Exceptions are not yet supported across processes.)
E/JavaBinder( 2543): java.lang.RuntimeException: Can't create handler inside thread that has not called Looper.prepare()
E/JavaBinder( 2543):    at android.os.Handler.<init>(Handler.java:121)
E/JavaBinder( 2543):    at com.coship.dvbplayer.view.VolbarView$1.<init>(VolbarView.java:134)
E/JavaBinder( 2543):    at com.coship.dvbplayer.view.VolbarView.<init>(VolbarView.java:134)
E/JavaBinder( 2543):    at com.coship.dvbplayer.view.VolbarView.getInstance(VolbarView.java:63)
E/JavaBinder( 2543):    at com.aidufei.otoService.ServiceAdapter$2.ResultCallBack(ServiceAdapter.java:185)
E/JavaBinder( 2543):    at com.aidufei.otoService.IServiceCallBack$Stub.onTransact(IServiceCallBack.java:52)
E/JavaBinder( 2543):    at android.os.Binder.execTransact(Binder.java:338)
E/JavaBinder( 2543):    at dalvik.system.NativeStart.run(Native Method)
D/OtOService( 1775): send callback obj: com.aidufei.otoService.IServiceCallBack$Stub$Proxy@41ba8488
D/OtOService( 1775): send callback: 101
I/ServiceAdapter( 2543): dvb_ResultCallBack: what:101   arg1:0
I/ServiceAdapter( 2543): +++++ShiftTime+++++0++++ShiftEnd++++0++++TimeCode++++0++++++delay+++++0
I/ServiceAdapter( 2543): dvb_ResultCallBack: get stb vol:
D/OtOService( 1775): VOBsync :com.aidufei.otoService.PlayEvent@41d08cd0
E/ServerAdapter( 1775): ServerAdapter:0
E/ServerHandler( 1775): Send:com.aidufei.protocol.oto.OtOStatusRequest@41d08ff0
D/ServerHandler( 1775): ServerHandler send request:103:{"ResourceInfo":{"ProductCode":"","PlayType":2,"ResourceCode":"","ResourceName":" "},"Status":{"ReturnCode":100,"Description":"ok"},"PlayStatus":0,"Volume":0}
V/ServerHandler( 1775): ServerHandler send DatagramPacket:/192.168.1.105-[B@41d0aab0
D/OtOService( 1775): send callback obj: com.aidufei.otoService.IServiceCallBack$Stub$Proxy@41f62910
D/OtOService( 1775): send callback: 101
I/ServiceAdapter( 2543): dvb_ResultCallBack: what:101   arg1:0
I/ServiceAdapter( 2543): +++++ShiftTime+++++0++++ShiftEnd++++0++++TimeCode++++0++++++delay+++++0
I/ServiceAdapter( 2543): dvb_ResultCallBack: get stb vol:
D/OtOService( 1775): VOBsync :com.aidufei.otoService.PlayEvent@41d0b428
E/ServerAdapter( 1775): ServerAdapter:0
E/ServerHandler( 1775): Send:com.aidufei.protocol.oto.OtOStatusRequest@41d0b748
D/ServerHandler( 1775): ServerHandler send request:103:{"ResourceInfo":{"ProductCode":"","PlayType":2,"ResourceCode":"","ResourceName":" "},"Status":{"ReturnCode":100,"Description":"ok"},"PlayStatus":0,"Volume":0}
V/ServerHandler( 1775): ServerHandler send DatagramPacket:/192.168.1.105-[B@41d0d208
D/OtOService( 1775): send callback obj: com.aidufei.otoService.IServiceCallBack$Stub$Proxy@41b93e68
D/OtOService( 1775): send callback: 101
I/ServiceAdapter( 2543): dvb_ResultCallBack: what:101   arg1:0
I/ServiceAdapter( 2543): +++++ShiftTime+++++0++++ShiftEnd++++0++++TimeCode++++0++++++delay+++++0
I/ServiceAdapter( 2543): dvb_ResultCallBack: get stb vol:
D/OtOService( 1775): VOBsync :com.aidufei.otoService.PlayEvent@41d0db80
E/ServerAdapter( 1775): ServerAdapter:0
E/ServerHandler( 1775): Send:com.aidufei.protocol.oto.OtOStatusRequest@41d0dea0
D/ServerHandler( 1775): ServerHandler send request:103:{"ResourceInfo":{"ProductCode":"","PlayType":2,"ResourceCode":"","ResourceName":" "},"Status":{"ReturnCode":100,"Description":"ok"},"PlayStatus":0,"Volume":0}
V/ServerHandler( 1775): ServerHandler send DatagramPacket:/192.168.1.105-[B@41d0f960
D/MediaPlayerService(  739): [35] notify (0x43ed8, 200, 704, 44)
D/MstarPlayer(  739): percent: 44
W/MediaPlayer( 2543): info/warning (704, 44)
I/MediaPlayer.java( 2543): Info (704,44)
I/dvb_OTTPlayer( 2543): [onInfo ] mp:android.media.MediaPlayer@42e0e088 what:704  extra:44
D/MediaPlayerService(  739): [35] notify (0x43ed8, 200, 704, 44)
D/MstarPlayer(  739): percent: 44
W/MediaPlayer( 2543): info/warning (704, 44)
I/MediaPlayer.java( 2543): Info (704,44)
I/dvb_OTTPlayer( 2543): [onInfo ] mp:android.media.MediaPlayer@42e0e088 what:704  extra:44
D/DataSource_M3U8(  739): 
D/DataSource_M3U8(  739):  Warnig::  getValidBufferLength()  <  Codec require !!!
D/MediaPlayerService(  739): [35] notify (0x43ed8, 200, 704, 44)
D/MstarPlayer(  739): percent: 44
W/MediaPlayer( 2543): info/warning (704, 44)
I/MediaPlayer.java( 2543): Info (704,44)
I/dvb_OTTPlayer( 2543): [onInfo ] mp:android.media.MediaPlayer@42e0e088 what:704  extra:44
D/MediaPlayerService(  739): [35] notify (0x43ed8, 200, 704, 44)
D/MstarPlayer(  739): percent: 44
W/MediaPlayer( 2543): info/warning (704, 44)
I/MediaPlayer.java( 2543): Info (704,44)
I/dvb_OTTPlayer( 2543): [onInfo ] mp:android.media.MediaPlayer@42e0e088 what:704  extra:44
D/MediaPlayerService(  739): [35] notify (0x43ed8, 200, 704, 44)
D/MstarPlayer(  739): percent: 44
W/MediaPlayer( 2543): info/warning (704, 44)
I/MediaPlayer.java( 2543): Info (704,44)
I/dvb_OTTPlayer( 2543): [onInfo ] mp:android.media.MediaPlayer@42e0e088 what:704  extra:44
D/MediaPlayerService(  739): [35] notify (0x43ed8, 200, 704, 44)
D/MstarPlayer(  739): percent: 44
W/MediaPlayer( 2543): info/warning (704, 44)
I/MediaPlayer.java( 2543): Info (704,44)
I/dvb_OTTPlayer( 2543): [onInfo ] mp:android.media.MediaPlayer@42e0e088 what:704  extra:44
D/MediaPlayerService(  739): [35] notify (0x43ed8, 200, 704, 44)
D/MstarPlayer(  739): percent: 44
W/MediaPlayer( 2543): info/warning (704, 44)
I/MediaPlayer.java( 2543): Info (704,44)
I/dvb_OTTPlayer( 2543): [onInfo ] mp:android.media.MediaPlayer@42e0e088 what:704  extra:44
D/MediaPlayerService(  739): [35] notify (0x43ed8, 200, 704, 44)
D/MstarPlayer(  739): percent: 44
W/MediaPlayer( 2543): info/warning (704, 44)
I/MediaPlayer.java( 2543): Info (704,44)
I/dvb_OTTPlayer( 2543): [onInfo ] mp:android.media.MediaPlayer@42e0e088 what:704  extra:44
D/MediaPlayerService(  739): [35] notify (0x43ed8, 200, 704, 44)
D/MstarPlayer(  739): percent: 44
W/MediaPlayer( 2543): info/warning (704, 44)
I/MediaPlayer.java( 2543): Info (704,44)
I/dvb_OTTPlayer( 2543): [onInfo ] mp:android.media.MediaPlayer@42e0e088 what:704  extra:44
D/DataSource_M3U8(  739): u32HLSSreamNum[0]===>u32BandWidth:800000 
D/DataSource_M3U8(  739): getHLSPlayListInex  DownloadBandWidth:2274007   uInDex=0
D/DataSource_M3U8(  739): 
D/DataSource_M3U8(  739): 
D/DataSource_M3U8(  739): 
D/DataSource_M3U8(  739): ============Begin to get playlist !!=====================
D/DataSource_M3U8(  739): 
D/DataSource_M3U8(  739): 
D/MediaPlayerService(  739): [35] notify (0x43ed8, 200, 704, 44)
D/MstarPlayer(  739): percent: 44
W/MediaPlayer( 2543): info/warning (704, 44)
I/MediaPlayer.java( 2543): Info (704,44)
I/dvb_OTTPlayer( 2543): [onInfo ] mp:android.media.MediaPlayer@42e0e088 what:704  extra:44
E/ServerHandler( 1775): receiveRequest
V/OtORequest( 1775): parseCommand
V/OtORequest( 1775): get command=103
V/OtORequest( 1775): parse OtORequest: cmd=103 paramLength=0 bufferlen=8
D/OtOService( 1775): client request get status.playType:2
D/OtOService( 1775): callback N: 21
D/OtOService( 1775): send callback: 101
I/ServiceAdapter( 2543): dvb_ResultCallBack: what:101   arg1:0
E/JavaBinder( 2543): *** Uncaught remote exception!  (Exceptions are not yet supported across processes.)
E/JavaBinder( 2543): java.lang.RuntimeException: Can't create handler inside thread that has not called Looper.prepare()
E/JavaBinder( 2543):    at android.os.Handler.<init>(Handler.java:121)
E/JavaBinder( 2543):    at com.coship.dvbplayer.view.VolbarView$1.<init>(VolbarView.java:134)
E/JavaBinder( 2543):    at com.coship.dvbplayer.view.VolbarView.<init>(VolbarView.java:134)
E/JavaBinder( 2543):    at com.coship.dvbplayer.view.VolbarView.getInstance(VolbarView.java:63)
E/JavaBinder( 2543):    at com.aidufei.otoService.ServiceAdapter$2.ResultCallBack(ServiceAdapter.java:185)
E/JavaBinder( 2543):    at com.aidufei.otoService.IServiceCallBack$Stub.onTransact(IServiceCallBack.java:52)
E/JavaBinder( 2543):    at android.os.Binder.execTransact(Binder.java:338)
E/JavaBinder( 2543):    at dalvik.system.NativeStart.run(Native Method)
D/OtOService( 1775): send callback obj: com.aidufei.otoService.IServiceCallBack$Stub$Proxy@41ea44a8
D/OtOService( 1775): send callback: 101
I/ServiceAdapter( 2543): dvb_ResultCallBack: what:101   arg1:0
I/ServiceAdapter( 2543): +++++ShiftTime+++++0++++ShiftEnd++++0++++TimeCode++++0++++++delay+++++0
I/ServiceAdapter( 2543): dvb_ResultCallBack: get stb vol:
D/OtOService( 1775): VOBsync :com.aidufei.otoService.PlayEvent@41d12d10
E/ServerAdapter( 1775): ServerAdapter:0
E/ServerHandler( 1775): Send:com.aidufei.protocol.oto.OtOStatusRequest@41d13030
D/ServerHandler( 1775): ServerHandler send request:103:{"ResourceInfo":{"ProductCode":"","PlayType":2,"ResourceCode":"","ResourceName":" "},"Status":{"ReturnCode":100,"Description":"ok"},"PlayStatus":0,"Volume":0}
V/ServerHandler( 1775): ServerHandler send DatagramPacket:/192.168.1.105-[B@41baf3a8
D/OtOService( 1775): send callback obj: com.aidufei.otoService.IServiceCallBack$Stub$Proxy@41d42078
D/OtOService( 1775): send callback: 101
I/ServiceAdapter( 2543): dvb_ResultCallBack: what:101   arg1:0
I/ServiceAdapter( 2543): +++++ShiftTime+++++0++++ShiftEnd++++0++++TimeCode++++0++++++delay+++++0
I/ServiceAdapter( 2543): dvb_ResultCallBack: get stb vol:
D/OtOService( 1775): VOBsync :com.aidufei.otoService.PlayEvent@41bafd20
E/ServerAdapter( 1775): ServerAdapter:0
E/ServerHandler( 1775): Send:com.aidufei.protocol.oto.OtOStatusRequest@41bb0040
D/ServerHandler( 1775): ServerHandler send request:103:{"ResourceInfo":{"ProductCode":"","PlayType":2,"ResourceCode":"","ResourceName":" "},"Status":{"ReturnCode":100,"Description":"ok"},"PlayStatus":0,"Volume":0}
V/ServerHandler( 1775): ServerHandler send DatagramPacket:/192.168.1.105-[B@41bb1b00
D/OtOService( 1775): send callback obj: com.aidufei.otoService.IServiceCallBack$Stub$Proxy@41b7d5b0
D/OtOService( 1775): send callback: 101
I/ServiceAdapter( 2543): dvb_ResultCallBack: what:101   arg1:0
I/ServiceAdapter( 2543): +++++ShiftTime+++++0++++ShiftEnd++++0++++TimeCode++++0++++++delay+++++0
I/ServiceAdapter( 2543): dvb_ResultCallBack: get stb vol:
D/OtOService( 1775): VOBsync :com.aidufei.otoService.PlayEvent@41bb2478
E/ServerAdapter( 1775): ServerAdapter:0
E/ServerHandler( 1775): Send:com.aidufei.protocol.oto.OtOStatusRequest@41bb2798
D/ServerHandler( 1775): ServerHandler send request:103:{"ResourceInfo":{"ProductCode":"","PlayType":2,"ResourceCode":"","ResourceName":" "},"Status":{"ReturnCode":100,"Description":"ok"},"PlayStatus":0,"Volume":0}
V/ServerHandler( 1775): ServerHandler send DatagramPacket:/192.168.1.105-[B@41bb4258
D/OtOService( 1775): send callback obj: com.aidufei.otoService.IServiceCallBack$Stub$Proxy@41ee2cd8
D/OtOService( 1775): send callback: 101
I/ServiceAdapter( 2543): dvb_ResultCallBack: what:101   arg1:0
E/JavaBinder( 2543): *** Uncaught remote exception!  (Exceptions are not yet supported across processes.)
E/JavaBinder( 2543): java.lang.RuntimeException: Can't create handler inside thread that has not called Looper.prepare()
E/JavaBinder( 2543):    at android.os.Handler.<init>(Handler.java:121)
E/JavaBinder( 2543):    at com.coship.dvbplayer.view.VolbarView$1.<init>(VolbarView.java:134)
E/JavaBinder( 2543):    at com.coship.dvbplayer.view.VolbarView.<init>(VolbarView.java:134)
E/JavaBinder( 2543):    at com.coship.dvbplayer.view.VolbarView.getInstance(VolbarView.java:63)
E/JavaBinder( 2543):    at com.aidufei.otoService.ServiceAdapter$2.ResultCallBack(ServiceAdapter.java:185)
E/JavaBinder( 2543):    at com.aidufei.otoService.IServiceCallBack$Stub.onTransact(IServiceCallBack.java:52)
E/JavaBinder( 2543):    at android.os.Binder.execTransact(Binder.java:338)
E/JavaBinder( 2543):    at dalvik.system.NativeStart.run(Native Method)
D/OtOService( 1775): send callback obj: com.aidufei.otoService.IServiceCallBack$Stub$Proxy@4175f368
D/OtOService( 1775): send callback: 101
I/ServiceAdapter( 2543): dvb_ResultCallBack: what:101   arg1:0
E/JavaBinder( 2543): *** Uncaught remote exception!  (Exceptions are not yet supported across processes.)
E/JavaBinder( 2543): java.lang.RuntimeException: Can't create handler inside thread that has not called Looper.prepare()
E/JavaBinder( 2543):    at android.os.Handler.<init>(Handler.java:121)
E/JavaBinder( 2543):    at com.coship.dvbplayer.view.VolbarView$1.<init>(VolbarView.java:134)
E/JavaBinder( 2543):    at com.coship.dvbplayer.view.VolbarView.<init>(VolbarView.java:134)
E/JavaBinder( 2543):    at com.coship.dvbplayer.view.VolbarView.getInstance(VolbarView.java:63)
E/JavaBinder( 2543):    at com.aidufei.otoService.ServiceAdapter$2.ResultCallBack(ServiceAdapter.java:185)
E/JavaBinder( 2543):    at com.aidufei.otoService.IServiceCallBack$Stub.onTransact(IServiceCallBack.java:52)
E/JavaBinder( 2543):    at android.os.Binder.execTransact(Binder.java:338)
E/JavaBinder( 2543):    at dalvik.system.NativeStart.run(Native Method)
D/OtOService( 1775): send callback obj: com.aidufei.otoService.IServiceCallBack$Stub$Proxy@41cdf3a8
D/OtOService( 1775): send callback: 101
I/ServiceAdapter( 2543): dvb_ResultCallBack: what:101   arg1:0
E/JavaBinder( 2543): *** Uncaught remote exception!  (Exceptions are not yet supported across processes.)
E/JavaBinder( 2543): java.lang.RuntimeException: Can't create handler inside thread that has not called Looper.prepare()
E/JavaBinder( 2543):    at android.os.Handler.<init>(Handler.java:121)
E/JavaBinder( 2543):    at com.coship.dvbplayer.view.VolbarView$1.<init>(VolbarView.java:134)
E/JavaBinder( 2543):    at com.coship.dvbplayer.view.VolbarView.<init>(VolbarView.java:134)
E/JavaBinder( 2543):    at com.coship.dvbplayer.view.VolbarView.getInstance(VolbarView.java:63)
E/JavaBinder( 2543):    at com.aidufei.otoService.ServiceAdapter$2.ResultCallBack(ServiceAdapter.java:185)
E/JavaBinder( 2543):    at com.aidufei.otoService.IServiceCallBack$Stub.onTransact(IServiceCallBack.java:52)
E/JavaBinder( 2543):    at android.os.Binder.execTransact(Binder.java:338)
E/JavaBinder( 2543):    at dalvik.system.NativeStart.run(Native Method)
D/OtOService( 1775): send callback obj: com.aidufei.otoService.IServiceCallBack$Stub$Proxy@4155e788
D/OtOService( 1775): send callback: 101
I/ServiceAdapter( 2543): dvb_ResultCallBack: what:101   arg1:0
D/MediaPlayerService(  739): [35] notify (0x43ed8, 200, 704, 44)
D/MstarPlayer(  739): percent: 44
W/MediaPlayer( 2543): info/warning (704, 44)
I/MediaPlayer.java( 2543): Info (704,44)
I/ServiceAdapter( 2543): +++++ShiftTime+++++0++++ShiftEnd++++0++++TimeCode++++0++++++delay+++++0
I/dvb_OTTPlayer( 2543): [onInfo ] mp:android.media.MediaPlayer@42e0e088 what:704  extra:44
I/ServiceAdapter( 2543): dvb_ResultCallBack: get stb vol:
D/OtOService( 1775): VOBsync :com.aidufei.otoService.PlayEvent@41bb56f8
E/ServerAdapter( 1775): ServerAdapter:0
E/ServerHandler( 1775): Send:com.aidufei.protocol.oto.OtOStatusRequest@41bb5a18
D/ServerHandler( 1775): ServerHandler send request:103:{"ResourceInfo":{"ProductCode":"","PlayType":2,"ResourceCode":"","ResourceName":" "},"Status":{"ReturnCode":100,"Description":"ok"},"PlayStatus":0,"Volume":0}
V/ServerHandler( 1775): ServerHandler send DatagramPacket:/192.168.1.105-[B@41bb74d8
D/OtOService( 1775): send callback obj: com.aidufei.otoService.IServiceCallBack$Stub$Proxy@41b6f228
D/OtOService( 1775): send callback: 101
I/ServiceAdapter( 2543): dvb_ResultCallBack: what:101   arg1:0
I/ServiceAdapter( 2543): +++++ShiftTime+++++0++++ShiftEnd++++0++++TimeCode++++0++++++delay+++++0
I/ServiceAdapter( 2543): dvb_ResultCallBack: get stb vol:
D/OtOService( 1775): VOBsync :com.aidufei.otoService.PlayEvent@41bb7e50
E/ServerAdapter( 1775): ServerAdapter:0
E/ServerHandler( 1775): Send:com.aidufei.protocol.oto.OtOStatusRequest@41bb8170
D/ServerHandler( 1775): ServerHandler send request:103:{"ResourceInfo":{"ProductCode":"","PlayType":2,"ResourceCode":"","ResourceName":" "},"Status":{"ReturnCode":100,"Description":"ok"},"PlayStatus":0,"Volume":0}
V/ServerHandler( 1775): ServerHandler send DatagramPacket:/192.168.1.105-[B@41bb9c30
D/OtOService( 1775): send callback obj: com.aidufei.otoService.IServiceCallBack$Stub$Proxy@41b72088
D/OtOService( 1775): send callback: 101
I/ServiceAdapter( 2543): dvb_ResultCallBack: what:101   arg1:0
E/JavaBinder( 2543): *** Uncaught remote exception!  (Exceptions are not yet supported across processes.)
E/JavaBinder( 2543): java.lang.RuntimeException: Can't create handler inside thread that has not called Looper.prepare()
E/JavaBinder( 2543):    at android.os.Handler.<init>(Handler.java:121)
E/JavaBinder( 2543):    at com.coship.dvbplayer.view.VolbarView$1.<init>(VolbarView.java:134)
E/JavaBinder( 2543):    at com.coship.dvbplayer.view.VolbarView.<init>(VolbarView.java:134)
E/JavaBinder( 2543):    at com.coship.dvbplayer.view.VolbarView.getInstance(VolbarView.java:63)
E/JavaBinder( 2543):    at com.aidufei.otoService.ServiceAdapter$2.ResultCallBack(ServiceAdapter.java:185)
E/JavaBinder( 2543):    at com.aidufei.otoService.IServiceCallBack$Stub.onTransact(IServiceCallBack.java:52)
E/JavaBinder( 2543):    at android.os.Binder.execTransact(Binder.java:338)
E/JavaBinder( 2543):    at dalvik.system.NativeStart.run(Native Method)
D/OtOService( 1775): send callback obj: com.aidufei.otoService.IServiceCallBack$Stub$Proxy@41f00b48
D/OtOService( 1775): send callback: 101
I/ServiceAdapter( 2543): dvb_ResultCallBack: what:101   arg1:0
I/ServiceAdapter( 2543): +++++ShiftTime+++++0++++ShiftEnd++++0++++TimeCode++++0++++++delay+++++0
I/ServiceAdapter( 2543): dvb_ResultCallBack: get stb vol:
D/OtOService( 1775): VOBsync :com.aidufei.otoService.PlayEvent@41bba960
E/ServerAdapter( 1775): ServerAdapter:0
E/ServerHandler( 1775): Send:com.aidufei.protocol.oto.OtOStatusRequest@41bbac80
D/ServerHandler( 1775): ServerHandler send request:103:{"ResourceInfo":{"ProductCode":"","PlayType":2,"ResourceCode":"","ResourceName":" "},"Status":{"ReturnCode":100,"Description":"ok"},"PlayStatus":0,"Volume":0}
V/ServerHandler( 1775): ServerHandler send DatagramPacket:/192.168.1.105-[B@41bbc740
