03-26 09:31:22.796 V/OtORequest(29792): parse param: param={"ResourceInfo":{"ProductCode":"","PlayType":2,"ResourceCode":"10032","ResourceName":" "},"Status":{"ReturnCode":100,"Description":""}}on":""}}
03-26 09:31:22.796 D/OtORequestHandler(29792): receive data aaaaaaa:com.aidufei.protocol.oto.OtOPullRequest@42ebf190
03-26 09:31:22.796 D/OtORequestHandler(29792): receive data 2222222
03-26 09:31:22.796 D/OtORequestHandler(29792): receive data 3333333
03-26 09:31:22.796 V/OtODeviceAdapter(29792): start handle data.
03-26 09:31:22.796 V/OtODeviceAdapter(29792): onPlaySync.
03-26 09:31:22.796 I/VideoPlayer(29792): onPull back from TV.
03-26 09:31:22.806 V/VideoPlayer(29792): onPull info:-----resourceCode:10032  playType:3  playTime:1200  delay:0  shifttime:0  shiftend:0  timecode:273  assetName:   assetId:null
03-26 09:31:22.806 I/VideoPlayer(29792): PULL_BACK_SUCCESS:true
03-26 09:31:22.806 I/VideoPlayer(29792): PULL_BACK_SUCCESS playType:3
03-26 09:31:22.806 D/VideoPlayer(29792): handleTVtoPhonePlay
03-26 09:31:22.806 D/VideoPlayer(29792): processOnResume:3
03-26 09:31:22.806 E/VideoPlayer(29792): getPlayUrl--resourceCode:10032  playType:3  playTime:1200  delay:0  shifttime:1364260293  shiftend:0  timecode:273  fmt:0  assetName:   assetId:null  providerId:null  retryTimes:0
03-26 09:31:22.806 V/Test    (29792): fmt:0
03-26 09:31:22.806 D/Test    (29792): requestUrl  :http://wasu.feifeikan.com:8080/msis/getPlayURL?version=V001&terminalType=3&resolution=1280*720&resourceCode=10032&productCode=null&userCode=null&playType=3&delay=0&shifttime=1364260293&shiftend=0&timecode=273&authKey=91a73a4b7586e52b0a6625204a02f97c
03-26 09:31:22.826 V/OtORequestHandler(29792): receive data from 192.168.1.3
03-26 09:31:22.826 D/OtORequestHandler(29792): receive data 111111
03-26 09:31:22.826 V/OtORequest_apple(29792): get command=102
03-26 09:31:22.826 V/OtORequest(29792): parse OtORequest: cmd=102 paramLength=130 bufferlen=138
03-26 09:31:22.826 V/OtORequest(29792): parse param: param={"ResourceInfo":{"ProductCode":"","PlayType":2,"ResourceCode":"","ResourceName":" "},"Status":{"ReturnCode":100,"Description":""}}on":""}}
03-26 09:31:22.826 D/OtORequestHandler(29792): receive data aaaaaaa:com.aidufei.protocol.oto.OtOPullRequest@42ec2eb8
03-26 09:31:22.826 D/OtORequestHandler(29792): receive data 2222222
03-26 09:31:22.826 D/OtORequestHandler(29792): receive data 3333333
03-26 09:31:22.826 V/OtODeviceAdapter(29792): start handle data.
03-26 09:31:22.826 V/OtODeviceAdapter(29792): onPlaySync.
03-26 09:31:22.826 I/VideoPlayer(29792): onPull back from TV.
03-26 09:31:22.826 E/VideoPlayer(29792): onPull: resourceCode
03-26 09:31:22.826 I/VideoPlayer(29792): PULL_BACK_FAILED playType:3
03-26 09:31:22.826 V/OtORequestHandler(29792): receive data from 192.168.1.3
03-26 09:31:22.826 D/OtORequestHandler(29792): receive data 111111
03-26 09:31:22.826 V/OtORequest_apple(29792): get command=102
03-26 09:31:22.826 V/OtORequest(29792): parse OtORequest: cmd=102 paramLength=55 bufferlen=63
03-26 09:31:22.826 V/OtORequest(29792): parse param: param={"Status":{"ReturnCode":99,"Description":"processing"}}ssing"}}
03-26 09:31:22.826 D/OtORequestHandler(29792): receive data aaaaaaa:com.aidufei.protocol.oto.OtOPullRequest@42ec4118
03-26 09:31:22.826 D/OtORequestHandler(29792): receive data 2222222
03-26 09:31:22.826 D/OtORequestHandler(29792): receive data 3333333
03-26 09:31:22.826 V/OtODeviceAdapter(29792): start handle data.
03-26 09:31:22.826 V/OtODeviceAdapter(29792): onPlaySync.
03-26 09:31:22.826 I/VideoPlayer(29792): onPull back from TV.
03-26 09:31:22.826 D/VideoPlayer(29792): handleTVtoPhonePlay
03-26 09:31:22.826 D/VideoPlayer(29792): processOnResume:3
03-26 09:31:22.836 E/VideoPlayer(29792): getPlayUrl--resourceCode:10032  playType:3  playTime:1200  delay:0  shifttime:1364260293  shiftend:0  timecode:273  fmt:0  assetName:   assetId:null  providerId:null  retryTimes:0
03-26 09:31:22.836 V/Test    (29792): fmt:0
03-26 09:31:22.836 D/Test    (29792): requestUrl  :http://wasu.feifeikan.com:8080/msis/getPlayURL?version=V001&terminalType=3&resolution=1280*720&resourceCode=10032&productCode=null&userCode=null&playType=3&delay=0&shifttime=1364260293&shiftend=0&timecode=273&authKey=91a73a4b7586e52b0a6625204a02f97c
03-26 09:31:22.886 D/KeyguardViewMediator(  379): setHidden false
03-26 09:31:22.906 D/KeyguardViewMediator(  379): setHidden false
03-26 09:31:22.916 I/brcm-gr (29792): [gralloc_lock]: new usage 0x933
03-26 09:31:22.926 D/KeyguardViewMediator(  379): setHidden false
03-26 09:31:22.946 E/Functions(29792): getPlayUrl:
03-26 09:31:22.946 E/VideoPlayer(29792): wait player reset ok.
03-26 09:31:22.946 D/VideoPlayer(29792): UUID:681c91d6-b67e-48bb-8a25-c25b3cf033b5
03-26 09:31:22.946 D/Test    (29792): requestUrl  :http://wasu.feifeikan.com:8080/msis/startPlayNotify?version=V001&terminalType=3&resolution=1280*720&UUID=681c91d6-b67e-48bb-8a25-c25b3cf033b5&authKey=f46abfee238a2525d569ed584d5d81d0
03-26 09:31:23.017 E/Functions(29792): startPlayNotify:
03-26 09:31:23.437 D/KeyguardViewMediator(  379): setHidden false
03-26 09:31:23.447 D/KeyguardViewMediator(  379): setHidden false
03-26 09:31:23.467 D/KeyguardViewMediator(  379): setHidden false
03-26 09:31:23.467 D/KeyguardViewMediator(  379): setHidden false
03-26 09:31:23.857 V/OtORequestHandler(29792): receive data from 192.168.1.3
03-26 09:31:23.857 D/OtORequestHandler(29792): receive data 111111
03-26 09:31:23.857 V/OtORequest_apple(29792): get command=200
03-26 09:31:23.857 D/OtORequestHandler(29792): receive data aaaaaaa:null
03-26 09:31:23.857 D/OtORequestHandler(29792): receive data 2222222
03-26 09:31:23.857 D/OtORequestHandler(29792): receive data not process because mAdpater is NULL or req is NULL.
03-26 09:31:24.858 E/Functions(29792): getPlayUrl:
03-26 09:31:24.858 E/VideoPlayer(29792): wait player reset ok.
03-26 09:31:24.858 D/VideoPlayer(29792): UUID:e890efed-167c-4308-b997-9c8701a1ab9b
03-26 09:31:24.858 D/Test    (29792): requestUrl  :http://wasu.feifeikan.com:8080/msis/startPlayNotify?version=V001&terminalType=3&resolution=1280*720&UUID=e890efed-167c-4308-b997-9c8701a1ab9b&authKey=26906cfba21651aa80fe52c8b85a2626
03-26 09:31:24.878 D/KeyguardViewMediator(  379): setHidden false
03-26 09:31:24.888 D/KeyguardViewMediator(  379): setHidden false
03-26 09:31:24.918 I/brcm-gr (29792): [gralloc_lock]: new usage 0x933
03-26 09:31:24.938 D/KeyguardViewMediator(  379): setHidden false
03-26 09:31:24.938 E/Functions(29792): startPlayNotify:
03-26 09:31:25.389 D/KeyguardViewMediator(  379): setHidden false
03-26 09:31:25.399 D/KeyguardViewMediator(  379): setHidden false
03-26 09:31:25.459 D/KeyguardViewMediator(  379): setHidden false
03-26 09:31:25.459 D/KeyguardViewMediator(  379): setHidden false
03-26 09:31:26.019 D/KeyguardViewMediator(  379): setHidden false
03-26 09:31:26.870 D/KeyguardViewMediator(  379): setHidden false
03-26 09:31:26.900 D/KeyguardViewMediator(  379): setHidden false
03-26 09:31:26.930 I/brcm-gr (29792): [gralloc_lock]: new usage 0x933
03-26 09:31:26.940 D/KeyguardViewMediator(  379): setHidden false
03-26 09:31:27.241 D/DownloadCompleteReceiver( 6191):  WIFI CHANGED_ACTION 
03-26 09:31:27.241 D/DownloadCompleteReceiver( 6191):  time:1364261487254
03-26 09:31:27.241 D/DownloadCompleteReceiver( 6191):  locktime:0
03-26 09:31:27.241 D/DownloadCompleteReceiver( 6191):  mIdupdate:-1
03-26 09:31:27.241 D/DownloadCompleteReceiver( 6191):  mMasterclear:false
03-26 09:31:27.241 D/DownloadCompleteReceiver( 6191):  mBootcomplete:true
03-26 09:31:27.391 D/KeyguardViewMediator(  379): setHidden false
03-26 09:31:27.401 D/KeyguardViewMediator(  379): setHidden false
03-26 09:31:27.461 D/KeyguardViewMediator(  379): setHidden false
03-26 09:31:27.461 D/KeyguardViewMediator(  379): setHidden false
03-26 09:31:27.851 D/VideoPlayer(29792): retry play time:0
03-26 09:31:27.851 D/VideoPlayer(29792): isbResetOK:false
03-26 09:31:28.882 D/KeyguardViewMediator(  379): setHidden false
03-26 09:31:28.892 D/KeyguardViewMediator(  379): setHidden false
03-26 09:31:28.922 I/brcm-gr (29792): [gralloc_lock]: new usage 0x933
03-26 09:31:28.932 D/KeyguardViewMediator(  379): setHidden false
03-26 09:31:28.932 D/KeyguardViewMediator(  379): setHidden false
03-26 09:31:29.433 D/KeyguardViewMediator(  379): setHidden false
03-26 09:31:29.433 D/KeyguardViewMediator(  379): setHidden false
03-26 09:31:29.463 D/KeyguardViewMediator(  379): setHidden false
03-26 09:31:29.463 D/KeyguardViewMediator(  379): setHidden false
03-26 09:31:29.853 D/VideoPlayer(29792): retry play time:1
03-26 09:31:29.853 D/VideoPlayer(29792): isbResetOK:false
03-26 09:31:30.814 D/VideoPlayer(29792): sendToTV:3
03-26 09:31:30.814 V/Device  (29792): 192.168.1.3: state=3,will change to =3
03-26 09:31:30.814 E/apple   (29792): Client current:true
03-26 09:31:30.814 E/apple   (29792): Client current:false
03-26 09:31:30.814 D/VideoPlayer(29792): sendToTV:3
03-26 09:31:30.814 E/VideoPlayer(29792): processOnPause 
03-26 09:31:30.814 I/MediaControler(29792): reset
03-26 09:31:30.814 D/OtORequestHandler(29792): send request:101
03-26 09:31:30.824 D/KeyguardViewMediator(  379): setHidden false
03-26 09:31:30.824 V/OtOPlayRequest(29792): Play Request: {"ResourceInfo":{"ShiftEnd":0,"PlayType":3,"ResourceName":" ","ProductCode":"","ShiftTime":1364260020,"ResourceCode":"10032"},"UserCode":"","SubID":""}
03-26 09:31:30.834 D/OtORequestHandler(29792): send DatagramPacket
03-26 09:31:30.874 D/KeyguardViewMediator(  379): setHidden false
03-26 09:31:31.415 D/KeyguardViewMediator(  379): setHidden false
03-26 09:31:31.425 D/KeyguardViewMediator(  379): setHidden false
03-26 09:31:31.425 D/KeyguardViewMediator(  379): setHidden false
03-26 09:31:31.605 V/OtORequestHandler(29792): receive data from 192.168.1.3
03-26 09:31:31.605 D/OtORequestHandler(29792): receive data 111111
03-26 09:31:31.605 V/OtORequest_apple(29792): get command=101
03-26 09:31:31.605 V/OtORequest(29792): parse OtORequest: cmd=101 paramLength=184 bufferlen=192
03-26 09:31:31.605 V/OtORequest(29792): parse param: param={"ResourceInfo":{"ShiftEnd":0,"PlayType":3,"ResourceName":" ","ProductCode":"","ShiftTime":1364260020,"ResourceCode":"10032"},"Status":{"ReturnCode":100,"Description":"start to play"}} play"}}
03-26 09:31:31.605 D/OtORequestHandler(29792): receive data aaaaaaa:com.aidufei.protocol.oto.OtOPlayRequest@42edee68
03-26 09:31:31.605 D/OtORequestHandler(29792): receive data 2222222
03-26 09:31:31.615 D/OtORequestHandler(29792): receive data 3333333
03-26 09:31:31.615 V/OtODeviceAdapter(29792): start handle data.
03-26 09:31:31.615 V/OtODeviceAdapter(29792): onPlay.
03-26 09:31:31.615 I/VideoPlayer(29792): onPlay
03-26 09:31:31.615 I/VideoPlayer(29792): SEND_TV_SUCCESS
03-26 09:31:31.615 V/VideoPlayer(29792): server begin play VOB Delay:ResourceName=  ResourceCode=10032 ProductCode= ShiftTime=1364260020 ShiftEnd=0
03-26 09:31:33.757 V/OtORequestHandler(29792): receive data from 192.168.1.3
03-26 09:31:33.757 D/OtORequestHandler(29792): receive data 111111
03-26 09:31:33.757 V/OtORequest_apple(29792): get command=200
03-26 09:31:33.757 D/OtORequestHandler(29792): receive data aaaaaaa:null
03-26 09:31:33.757 D/OtORequestHandler(29792): receive data 2222222
03-26 09:31:33.757 D/OtORequestHandler(29792): receive data not process because mAdpater is NULL or req is NULL.
03-26 09:31:34.258 D/DownloadCompleteReceiver( 6191):  TYPE_WIFI info.isConnected():true
03-26 09:31:34.258 D/DownloadCompleteReceiver( 6191): isConnecting():true
03-26 09:31:34.258 D/DownloadCompleteReceiver( 6191):  TYPE_WIFI info.isConnected():true
03-26 09:31:34.258 D/DownloadCompleteReceiver( 6191): ********* downloadURL:
03-26 09:31:34.258 D/DownloadCompleteReceiver( 6191):  getTotalInternalSize:1056841728
03-26 09:31:34.268 D/DownloadCompleteReceiver( 6191): DOWNLOAD_VERSION_FILE_URL:http://update.feifeikan.com/Fphone/version.txt
03-26 09:31:34.278 V/OtORequestHandler(29792): receive data from 192.168.1.3
03-26 09:31:34.278 D/OtORequestHandler(29792): receive data 111111
03-26 09:31:34.278 V/OtORequest_apple(29792): get command=200
03-26 09:31:34.278 D/OtORequestHandler(29792): receive data aaaaaaa:null
03-26 09:31:34.278 D/OtORequestHandler(29792): receive data 2222222
03-26 09:31:34.278 D/OtORequestHandler(29792): receive data not process because mAdpater is NULL or req is NULL.
03-26 09:31:34.338 D/DownloadCompleteReceiver( 6191): updateEx mServerVerstion:V225R001C01B069
03-26 09:31:34.338 D/DownloadCompleteReceiver( 6191):  local:071
03-26 09:31:34.338 D/DownloadCompleteReceiver( 6191):  server:069
03-26 09:31:36.189 D/KeyguardViewMediator(  379): setHidden false
03-26 09:31:36.229 I/brcm-gr (29792): [gralloc_lock]: new usage 0x933
03-26 09:31:36.249 D/KeyguardViewMediator(  379): setHidden false
03-26 09:31:36.420 E/VideoPlayer(29792): onStopTrackingTouch:
03-26 09:31:36.780 D/KeyguardViewMediator(  379): setHidden false
03-26 09:31:36.780 D/KeyguardViewMediator(  379): setHidden false
03-26 09:31:37.661 V/Device  (29792): 192.168.1.3: state=3,will change to =3
03-26 09:31:37.661 E/apple   (29792): Client current:true
03-26 09:31:37.661 E/apple   (29792): Client current:false
03-26 09:31:37.661 D/OtORequestHandler(29792): send request:103
03-26 09:31:37.661 D/OtORequestHandler(29792): send DatagramPacket
03-26 09:31:37.751 V/OtORequestHandler(29792): receive data from 192.168.1.3
03-26 09:31:37.751 D/OtORequestHandler(29792): receive data 111111
03-26 09:31:37.751 V/OtORequest_apple(29792): get command=103
03-26 09:31:37.751 V/OtORequest(29792): parse OtORequest: cmd=103 paramLength=90 bufferlen=98
03-26 09:31:37.751 V/OtORequest(29792): parse param: param={"Status":{"ReturnCode":101,"Description":"status sync failed"},"PlayStatus":0,"Volume":0}lume":0}
03-26 09:31:37.751 E/apple   (29792): OtOStatus request11 0
03-26 09:31:37.751 D/OtORequestHandler(29792): receive data aaaaaaa:com.aidufei.protocol.oto.OtOStatusRequest@42eeeb18
03-26 09:31:37.751 D/OtORequestHandler(29792): receive data 2222222
03-26 09:31:37.751 D/OtORequestHandler(29792): receive data 3333333
03-26 09:31:37.751 V/OtODeviceAdapter(29792): start handle data.
03-26 09:31:37.751 V/OtODeviceAdapter(29792): onPlayStatusSync.
03-26 09:31:37.751 I/VideoPlayer(29792): onGetStatus:
03-26 09:31:37.751 E/VideoPlayer(29792): sync_failed_time:0
03-26 09:31:37.751 I/VideoPlayer(29792): onGetVolume(volume):0
03-26 09:31:37.751 V/VideoPlayer(29792): get volume failed:status sync failed
03-26 09:31:37.751 I/VideoPlayer(29792): onGetPlayStatus:0
03-26 09:31:38.251 D/KeyguardViewMediator(  379): setHidden false
03-26 09:31:38.311 E/VideoPlayer(29792): onStopTrackingTouch:
03-26 09:31:38.311 D/KeyguardViewMediator(  379): setHidden false
03-26 09:31:38.321 I/brcm-gr (29792): [gralloc_lock]: new usage 0x933
03-26 09:31:38.321 D/KeyguardViewMediator(  379): setHidden false
03-26 09:31:38.862 D/KeyguardViewMediator(  379): setHidden false
03-26 09:31:38.862 D/KeyguardViewMediator(  379): setHidden false
03-26 09:31:38.862 D/KeyguardViewMediator(  379): setHidden false
03-26 09:31:39.292 E/VideoPlayer(29792): onStopTrackingTouch:
03-26 09:31:39.302 D/DownloadCompleteReceiver( 6191):  WIFI CHANGED_ACTION 
03-26 09:31:39.302 D/DownloadCompleteReceiver( 6191):  time:1364261499316
03-26 09:31:39.302 D/DownloadCompleteReceiver( 6191):  locktime:0
03-26 09:31:39.302 D/DownloadCompleteReceiver( 6191):  mIdupdate:-1
03-26 09:31:39.302 D/DownloadCompleteReceiver( 6191):  mMasterclear:false
03-26 09:31:39.302 D/DownloadCompleteReceiver( 6191):  mBootcomplete:true
03-26 09:31:39.643 V/Device  (29792): 192.168.1.3: state=3,will change to =3
03-26 09:31:39.643 E/apple   (29792): Client current:true
03-26 09:31:39.643 E/apple   (29792): Client current:false
03-26 09:31:39.643 D/OtORequestHandler(29792): send request:103
03-26 09:31:39.653 D/OtORequestHandler(29792): send DatagramPacket
03-26 09:31:40.183 D/KeyguardViewMediator(  379): setHidden false
03-26 09:31:40.193 D/KeyguardViewMediator(  379): setHidden false
03-26 09:31:40.203 V/OtORequestHandler(29792): receive data from 192.168.1.3
03-26 09:31:40.203 D/OtORequestHandler(29792): receive data 111111
03-26 09:31:40.203 V/OtORequest_apple(29792): get command=103
03-26 09:31:40.203 V/OtORequest(29792): parse OtORequest: cmd=103 paramLength=90 bufferlen=98
03-26 09:31:40.203 V/OtORequest(29792): parse param: param={"Status":{"ReturnCode":101,"Description":"status sync failed"},"PlayStatus":0,"Volume":0}lume":0}
03-26 09:31:40.203 E/apple   (29792): OtOStatus request11 0
03-26 09:31:40.203 D/OtORequestHandler(29792): receive data aaaaaaa:com.aidufei.protocol.oto.OtOStatusRequest@42f028c8
03-26 09:31:40.203 D/OtORequestHandler(29792): receive data 2222222
03-26 09:31:40.203 D/OtORequestHandler(29792): receive data 3333333
03-26 09:31:40.203 V/OtODeviceAdapter(29792): start handle data.
03-26 09:31:40.203 V/OtODeviceAdapter(29792): onPlayStatusSync.
03-26 09:31:40.203 I/VideoPlayer(29792): onGetStatus:
03-26 09:31:40.203 E/VideoPlayer(29792): sync_failed_time:1
03-26 09:31:40.213 I/VideoPlayer(29792): onGetVolume(volume):0
03-26 09:31:40.213 V/VideoPlayer(29792): get volume failed:status sync failed
03-26 09:31:40.213 I/VideoPlayer(29792): onGetPlayStatus:0
03-26 09:31:40.213 I/brcm-gr (29792): [gralloc_lock]: new usage 0x933
03-26 09:31:40.223 D/KeyguardViewMediator(  379): setHidden false
03-26 09:31:40.554 D/VideoPlayer(29792): getTVPlay:3
03-26 09:31:40.554 V/Device  (29792): 192.168.1.3: state=3,will change to =3
03-26 09:31:40.554 E/apple   (29792): Client current:true
03-26 09:31:40.554 E/apple   (29792): Client current:false
03-26 09:31:40.554 E/VideoPlayer(29792): start pull back video from TV.
03-26 09:31:40.554 D/KeyguardViewMediator(  379): setHidden false
03-26 09:31:40.564 D/OtORequestHandler(29792): send request:102
03-26 09:31:40.564 D/OtORequestHandler(29792): send DatagramPacket
03-26 09:31:40.714 D/KeyguardViewMediator(  379): setHidden false
03-26 09:31:40.724 D/KeyguardViewMediator(  379): setHidden false
03-26 09:31:40.744 D/KeyguardViewMediator(  379): setHidden false
03-26 09:31:40.744 D/KeyguardViewMediator(  379): setHidden false
03-26 09:31:41.134 V/OtORequestHandler(29792): receive data from 192.168.1.3
03-26 09:31:41.144 D/OtORequestHandler(29792): receive data 111111
03-26 09:31:41.144 V/OtORequest_apple(29792): get command=102
03-26 09:31:41.144 V/OtORequest(29792): parse OtORequest: cmd=102 paramLength=70 bufferlen=78
03-26 09:31:41.144 V/OtORequest(29792): parse param: param={"Status":{"ReturnCode":101,"Description":"pull back unknown failed"}}ailed"}}
03-26 09:31:41.144 D/OtORequestHandler(29792): receive data aaaaaaa:com.aidufei.protocol.oto.OtOPullRequest@42f04488
03-26 09:31:41.144 D/OtORequestHandler(29792): receive data 2222222
03-26 09:31:41.144 D/OtORequestHandler(29792): receive data 3333333
03-26 09:31:41.144 V/OtODeviceAdapter(29792): start handle data.
03-26 09:31:41.144 V/OtODeviceAdapter(29792): onPlaySync.
03-26 09:31:41.144 I/VideoPlayer(29792): onPull back from TV.
03-26 09:31:41.144 E/VideoPlayer(29792): onPull: Status.STATUS_FAILED
03-26 09:31:41.144 I/VideoPlayer(29792): PULL_BACK_FAILED playType:3
03-26 09:31:41.154 D/VideoPlayer(29792): handleTVtoPhonePlay
03-26 09:31:41.154 D/VideoPlayer(29792): processOnResume:3
03-26 09:31:41.154 E/VideoPlayer(29792): getPlayUrl--resourceCode:10032  playType:3  playTime:1200  delay:0  shifttime:1364260252  shiftend:0  timecode:232  fmt:0  assetName:   assetId:null  providerId:null  retryTimes:0
03-26 09:31:41.154 V/Test    (29792): fmt:0
03-26 09:31:41.164 D/Test    (29792): requestUrl  :http://wasu.feifeikan.com:8080/msis/getPlayURL?version=V001&terminalType=3&resolution=1280*720&resourceCode=10032&productCode=null&userCode=null&playType=3&delay=0&shifttime=1364260252&shiftend=0&timecode=232&authKey=d905472efa2e7e1a402aa0d652a30f6f
03-26 09:31:41.344 E/Functions(29792): getPlayUrl:
03-26 09:31:41.344 E/VideoPlayer(29792): wait player reset ok.
03-26 09:31:41.344 D/VideoPlayer(29792): UUID:e265cae6-4871-493a-8633-82dc569cf6d0
03-26 09:31:41.344 D/Test    (29792): requestUrl  :http://wasu.feifeikan.com:8080/msis/startPlayNotify?version=V001&terminalType=3&resolution=1280*720&UUID=e265cae6-4871-493a-8633-82dc569cf6d0&authKey=f58b43ffce07404da5513b07ebdd44e1
03-26 09:31:41.404 E/Functions(29792): startPlayNotify:
03-26 09:31:42.185 D/KeyguardViewMediator(  379): setHidden false
03-26 09:31:42.195 D/KeyguardViewMediator(  379): setHidden false
03-26 09:31:42.215 I/brcm-gr (29792): [gralloc_lock]: new usage 0x933
03-26 09:31:42.225 D/KeyguardViewMediator(  379): setHidden false
03-26 09:31:42.335 D/DownloadCompleteReceiver( 6191):  WIFI CHANGED_ACTION 
03-26 09:31:42.335 D/DownloadCompleteReceiver( 6191):  time:1364261502343
03-26 09:31:42.335 D/DownloadCompleteReceiver( 6191):  locktime:0
03-26 09:31:42.335 D/DownloadCompleteReceiver( 6191):  mIdupdate:-1
03-26 09:31:42.335 D/DownloadCompleteReceiver( 6191):  mMasterclear:false
03-26 09:31:42.335 D/DownloadCompleteReceiver( 6191):  mBootcomplete:true
03-26 09:31:42.736 D/KeyguardViewMediator(  379): setHidden false
03-26 09:31:42.736 D/KeyguardViewMediator(  379): setHidden false
03-26 09:31:42.766 D/KeyguardViewMediator(  379): setHidden false
03-26 09:31:42.766 D/KeyguardViewMediator(  379): setHidden false
03-26 09:31:44.187 D/KeyguardViewMediator(  379): setHidden false
03-26 09:31:44.347 D/VideoPlayer(29792): retry play time:2
03-26 09:31:44.347 D/VideoPlayer(29792): isbResetOK:false
03-26 09:31:44.347 V/MediaControler(29792): paly path:http://live.feifeikan.com/vod/coship,CCTV1HD.m3u8?fmt=x264_0k_mpegts&sora=1&shifttime=1364260252&shiftend=0&sk=0AFD90373AF99686C1AAF367D4422721&UUID=e265cae6-4871-493a-8633-82dc569cf6d0&userCode=null&userName=null&spCode=484581254562&productCode=3&resourceCode=10032&subId=123&resourceName=&authType=2
03-26 09:31:44.347 E/MediaControler(29792): initMediaPlayer
03-26 09:31:44.347 V/AudioFlinger(  118): acquiring 16200 from 29792
03-26 09:31:44.347 V/AudioFlinger(  118):  added new entry for 16200
03-26 09:31:44.548 D/MediaControler(29792): setDataSource
03-26 09:31:44.548 D/MediaControler(29792): setDisplay
03-26 09:31:44.558 D/MediaControler(29792): start prepareAsync
03-26 09:31:44.558 D/KeyguardViewMediator(  379): setHidden false
03-26 09:31:44.578 D/MediaControler(29792): onVideoSizeChanged video width(0) or height(0)
03-26 09:31:44.578 E/MediaControler(29792): invalid video width(0) or height(0)
03-26 09:31:44.578 V/MediaControler(29792): onPrepared ok
03-26 09:31:44.578 D/MediaControler(29792): start play
03-26 09:31:44.578 I/LiveSession(  118): onConnect 'http://live.feifeikan.com/vod/coship,CCTV1HD.m3u8?fmt=x264_0k_mpegts&sora=1&shifttime=1364260252&shiftend=0&sk=0AFD90373AF99686C1AAF367D4422721&UUID=e265cae6-4871-493a-8633-82dc569cf6d0&userCode=null&userName=null&spCode=484581254562&productCode=3&resourceCode=10032&subId=123&resourceName=&authType=2'
03-26 09:31:44.578 V/ChromiumHTTPDataSource(  118): connect on behalf of uid 10047
03-26 09:31:44.578 I/ChromiumHTTPDataSource(  118): connect to http://live.feifeikan.com/vod/coship,CCTV1HD.m3u8?fmt=x264_0k_mpegts&sora=1&shifttime=1364260252&shiftend=0&sk=0AFD90373AF99686C1AAF367D4422721&UUID=e265cae6-4871-493a-8633-82dc569cf6d0&userCode=null&userName=null&spCode=484581254562&productCode=3&resourceCode=10032&subId=123&resourceName=&authType=2 @0
03-26 09:31:44.718 D/KeyguardViewMediator(  379): setHidden false
03-26 09:31:44.728 D/KeyguardViewMediator(  379): setHidden false
03-26 09:31:44.728 D/KeyguardViewMediator(  379): setHidden false
03-26 09:31:44.828 V/ChromiumHTTPDataSource(  118): connect on behalf of uid 10047
03-26 09:31:44.828 I/ChromiumHTTPDataSource(  118): connect to http://live.feifeikan.com/vod/coship_CCTV1HD_800.m3u8?fmt=x264_0k_mpegts&sora=1&shifttime=1364260252&shiftend=0&sk=0AFD90373AF99686C1AAF367D4422721&UUID=e265cae6-4871-493a-8633-82dc569cf6d0&userCode=null&userName=null&spCode=484581254562&productCode=3&resourceCode=10032&subId=123&resourceName=&authType=2&unique=3105dfbb @0
03-26 09:31:45.228 V/ChromiumHTTPDataSource(  118): connect on behalf of uid 10047
03-26 09:31:45.228 I/ChromiumHTTPDataSource(  118): connect to http://live.feifeikan.com/vod/hls/coship_CCTV1HD_800.tindex?pos=0000&stime=20130326T091052&dur=16&tokenekot=zUTocacXgrNAHqWSDakn @0
03-26 09:31:45.338 D/DownloadCompleteReceiver( 6191):  WIFI CHANGED_ACTION 
03-26 09:31:45.338 D/DownloadCompleteReceiver( 6191):  time:1364261505343
03-26 09:31:45.338 D/DownloadCompleteReceiver( 6191):  locktime:0
03-26 09:31:45.338 D/DownloadCompleteReceiver( 6191):  mIdupdate:-1
03-26 09:31:45.338 D/DownloadCompleteReceiver( 6191):  mMasterclear:false
03-26 09:31:45.338 D/DownloadCompleteReceiver( 6191):  mBootcomplete:true
03-26 09:31:46.069 E/VideoPlayer(29792): onPlayStart-playType:3
03-26 09:31:46.069 I/Choreographer(29792): Skipped 90 frames!  The application may be doing too much work on its main thread.
03-26 09:31:46.309 D/DownloadCompleteReceiver( 6191):  TYPE_WIFI info.isConnected():true
03-26 09:31:46.309 D/DownloadCompleteReceiver( 6191): isConnecting():true
03-26 09:31:46.309 D/DownloadCompleteReceiver( 6191):  TYPE_WIFI info.isConnected():true
03-26 09:31:46.309 D/DownloadCompleteReceiver( 6191): ********* downloadURL:
03-26 09:31:46.309 D/DownloadCompleteReceiver( 6191):  getTotalInternalSize:1056841728
03-26 09:31:46.309 D/DownloadCompleteReceiver( 6191): DOWNLOAD_VERSION_FILE_URL:http://update.feifeikan.com/Fphone/version.txt
03-26 09:31:46.389 D/DownloadCompleteReceiver( 6191): updateEx mServerVerstion:V225R001C01B069
03-26 09:31:46.389 D/DownloadCompleteReceiver( 6191):  local:071
03-26 09:31:46.389 D/DownloadCompleteReceiver( 6191):  server:069
03-26 09:31:47.070 V/MediaControler(29792): getCurrentPos:0
03-26 09:31:48.071 V/MediaControler(29792): getCurrentPos:0
03-26 09:31:49.072 V/MediaControler(29792): getCurrentPos:0
03-26 09:31:49.342 D/DownloadCompleteReceiver( 6191):  TYPE_WIFI info.isConnected():true
03-26 09:31:49.342 D/DownloadCompleteReceiver( 6191): isConnecting():true
03-26 09:31:49.342 D/DownloadCompleteReceiver( 6191):  TYPE_WIFI info.isConnected():true
03-26 09:31:49.342 D/DownloadCompleteReceiver( 6191): ********* downloadURL:
03-26 09:31:49.342 D/DownloadCompleteReceiver( 6191):  getTotalInternalSize:1056841728
03-26 09:31:49.342 D/DownloadCompleteReceiver( 6191): DOWNLOAD_VERSION_FILE_URL:http://update.feifeikan.com/Fphone/version.txt
03-26 09:31:49.402 D/DownloadCompleteReceiver( 6191): updateEx mServerVerstion:V225R001C01B069
03-26 09:31:49.412 D/DownloadCompleteReceiver( 6191):  local:071
03-26 09:31:49.412 D/DownloadCompleteReceiver( 6191):  server:069
03-26 09:31:50.073 V/MediaControler(29792): getCurrentPos:0
03-26 09:31:51.074 V/MediaControler(29792): getCurrentPos:0
03-26 09:31:51.104 F/NetworkStatsRecorder(  379): problem persisting pending stats
03-26 09:31:51.104 F/NetworkStatsRecorder(  379): java.io.IOException: write failed: ENOSPC (No space left on device)
03-26 09:31:51.104 F/NetworkStatsRecorder(  379): 	at libcore.io.IoBridge.write(IoBridge.java:462)
03-26 09:31:51.104 F/NetworkStatsRecorder(  379): 	at java.io.FileOutputStream.write(FileOutputStream.java:187)
03-26 09:31:51.104 F/NetworkStatsRecorder(  379): 	at java.io.BufferedOutputStream.flushInternal(BufferedOutputStream.java:185)
03-26 09:31:51.104 F/NetworkStatsRecorder(  379): 	at java.io.BufferedOutputStream.flush(BufferedOutputStream.java:85)
03-26 09:31:51.104 F/NetworkStatsRecorder(  379): 	at java.io.FilterOutputStream.flush(FilterOutputStream.java:88)
03-26 09:31:51.104 F/NetworkStatsRecorder(  379): 	at java.io.DataOutputStream.flush(DataOutputStream.java:63)
03-26 09:31:51.104 F/NetworkStatsRecorder(  379): 	at com.android.server.net.NetworkStatsCollection.write(NetworkStatsCollection.java:322)
03-26 09:31:51.104 F/NetworkStatsRecorder(  379): 	at com.android.server.net.NetworkStatsRecorder$CombiningRewriter.write(NetworkStatsRecorder.java:285)
03-26 09:31:51.104 F/NetworkStatsRecorder(  379): 	at com.android.internal.util.FileRotator.writeFile(FileRotator.java:377)
03-26 09:31:51.104 F/NetworkStatsRecorder(  379): 	at com.android.internal.util.FileRotator.rewriteSingle(FileRotator.java:269)
03-26 09:31:51.104 F/NetworkStatsRecorder(  379): 	at com.android.internal.util.FileRotator.rewriteActive(FileRotator.java:184)
03-26 09:31:51.104 F/NetworkStatsRecorder(  379): 	at com.android.server.net.NetworkStatsRecorder.forcePersistLocked(NetworkStatsRecorder.java:222)
03-26 09:31:51.104 F/NetworkStatsRecorder(  379): 	at com.android.server.net.NetworkStatsRecorder.maybePersistLocked(NetworkStatsRecorder.java:209)
03-26 09:31:51.104 F/NetworkStatsRecorder(  379): 	at com.android.server.net.NetworkStatsService.performPollLocked(NetworkStatsService.java:970)
03-26 09:31:51.104 F/NetworkStatsRecorder(  379): 	at com.android.server.net.NetworkStatsService.performPoll(NetworkStatsService.java:917)
03-26 09:31:51.104 F/NetworkStatsRecorder(  379): 	at com.android.server.net.NetworkStatsService.access$700(NetworkStatsService.java:131)
03-26 09:31:51.104 F/NetworkStatsRecorder(  379): 	at com.android.server.net.NetworkStatsService$9.handleMessage(NetworkStatsService.java:1152)
03-26 09:31:51.104 F/NetworkStatsRecorder(  379): 	at android.os.Handler.dispatchMessage(Handler.java:95)
03-26 09:31:51.104 F/NetworkStatsRecorder(  379): 	at android.os.Looper.loop(Looper.java:137)
03-26 09:31:51.104 F/NetworkStatsRecorder(  379): 	at android.os.HandlerThread.run(HandlerThread.java:60)
03-26 09:31:51.104 F/NetworkStatsRecorder(  379): Caused by: libcore.io.ErrnoException: write failed: ENOSPC (No space left on device)
03-26 09:31:51.104 F/NetworkStatsRecorder(  379): 	at libcore.io.Posix.writeBytes(Native Method)
03-26 09:31:51.104 F/NetworkStatsRecorder(  379): 	at libcore.io.Posix.write(Posix.java:178)
03-26 09:31:51.104 F/NetworkStatsRecorder(  379): 	at libcore.io.BlockGuardOs.write(BlockGuardOs.java:191)
03-26 09:31:51.104 F/NetworkStatsRecorder(  379): 	at libcore.io.IoBridge.write(IoBridge.java:457)
03-26 09:31:51.104 F/NetworkStatsRecorder(  379): 	... 19 more
03-26 09:31:51.114 D/BatteryService(  379): mAcOnlinetruemUsbOnline:falsemBatteryStatus 2
03-26 09:31:51.114 D/BatteryService(  379): mBatteryLevel32isPowered():trueActivityManagerNative.isSystemReady():true
03-26 09:31:51.114 D/BatteryService(  379): mAcOnlinetruemUsbOnline:falsemBatteryStatus 2
03-26 09:31:51.114 D/ActivityManager(  379): mBatteryStatusReceiver, action=android.intent.action.BATTERY_CHANGED
03-26 09:31:51.124 D/ActivityManager(  379): mBatteryStatusReceiver, plugged=1, mBatteryStatusPlugged=1, fakeShutdownMode=false
03-26 09:31:51.124 E/DropBoxManagerService(  379): Can't write: system_server_wtf
03-26 09:31:51.124 E/DropBoxManagerService(  379): java.io.IOException: write failed: ENOSPC (No space left on device)
03-26 09:31:51.124 E/DropBoxManagerService(  379): 	at libcore.io.IoBridge.write(IoBridge.java:462)
03-26 09:31:51.124 E/DropBoxManagerService(  379): 	at java.io.FileOutputStream.write(FileOutputStream.java:187)
03-26 09:31:51.124 E/DropBoxManagerService(  379): 	at java.io.BufferedOutputStream.flushInternal(BufferedOutputStream.java:185)
03-26 09:31:51.124 E/DropBoxManagerService(  379): 	at java.io.BufferedOutputStream.flush(BufferedOutputStream.java:85)
03-26 09:31:51.124 E/DropBoxManagerService(  379): 	at java.io.FilterOutputStream.close(FilterOutputStream.java:61)
03-26 09:31:51.124 E/DropBoxManagerService(  379): 	at java.io.BufferedOutputStream.close(BufferedOutputStream.java:152)
03-26 09:31:51.124 E/DropBoxManagerService(  379): 	at com.android.server.DropBoxManagerService.add(DropBoxManagerService.java:227)
03-26 09:31:51.124 E/DropBoxManagerService(  379): 	at android.os.DropBoxManager.addText(DropBoxManager.java:272)
03-26 09:31:51.124 E/DropBoxManagerService(  379): 	at com.android.server.am.ActivityManagerService$13.run(ActivityManagerService.java:8337)
03-26 09:31:51.124 E/DropBoxManagerService(  379): 	at com.android.server.am.ActivityManagerService.addErrorToDropBox(ActivityManagerService.java:8344)
03-26 09:31:51.124 E/DropBoxManagerService(  379): 	at com.android.server.am.ActivityManagerService.handleApplicationWtf(ActivityManagerService.java:8155)
03-26 09:31:51.124 E/DropBoxManagerService(  379): 	at com.android.internal.os.RuntimeInit.wtf(RuntimeInit.java:329)
03-26 09:31:51.124 E/DropBoxManagerService(  379): 	at android.util.Log$1.onTerribleFailure(Log.java:103)
03-26 09:31:51.124 E/DropBoxManagerService(  379): 	at android.util.Log.wtf(Log.java:278)
03-26 09:31:51.124 E/DropBoxManagerService(  379): 	at com.android.server.net.NetworkStatsRecorder.forcePersistLocked(NetworkStatsRecorder.java:226)
03-26 09:31:51.124 E/DropBoxManagerService(  379): 	at com.android.server.net.NetworkStatsRecorder.maybePersistLocked(NetworkStatsRecorder.java:209)
03-26 09:31:51.124 E/DropBoxManagerService(  379): 	at com.android.server.net.NetworkStatsService.performPollLocked(NetworkStatsService.java:970)
03-26 09:31:51.124 E/DropBoxManagerService(  379): 	at com.android.server.net.NetworkStatsService.performPoll(NetworkStatsService.java:917)
03-26 09:31:51.124 E/DropBoxManagerService(  379): 	at com.android.server.net.NetworkStatsService.access$700(NetworkStatsService.java:131)
03-26 09:31:51.124 E/DropBoxManagerService(  379): 	at com.android.server.net.NetworkStatsService$9.handleMessage(NetworkStatsService.java:1152)
03-26 09:31:51.124 E/DropBoxManagerService(  379): 	at android.os.Handler.dispatchMessage(Handler.java:95)
03-26 09:31:51.124 E/DropBoxManagerService(  379): 	at android.os.Looper.loop(Looper.java:137)
03-26 09:31:51.124 E/DropBoxManagerService(  379): 	at android.os.HandlerThread.run(HandlerThread.java:60)
03-26 09:31:51.124 E/DropBoxManagerService(  379): Caused by: libcore.io.ErrnoException: write failed: ENOSPC (No space left on device)
03-26 09:31:51.124 E/DropBoxManagerService(  379): 	at libcore.io.Posix.writeBytes(Native Method)
03-26 09:31:51.124 E/DropBoxManagerService(  379): 	at libcore.io.Posix.write(Posix.java:178)
03-26 09:31:51.124 E/DropBoxManagerService(  379): 	at libcore.io.BlockGuardOs.write(BlockGuardOs.java:191)
03-26 09:31:51.124 E/DropBoxManagerService(  379): 	at libcore.io.IoBridge.write(IoBridge.java:457)
03-26 09:31:51.124 E/DropBoxManagerService(  379): 	... 22 more
03-26 09:31:51.124 E/DropBoxManagerService(  379): Can't write: netstats_dump
03-26 09:31:51.124 E/DropBoxManagerService(  379): java.io.IOException: Can't rename /data/system/dropbox/drop46.tmp to /data/system/dropbox/netstats_dump@1364261511137.dat
03-26 09:31:51.124 E/DropBoxManagerService(  379): 	at com.android.server.DropBoxManagerService$EntryFile.<init>(DropBoxManagerService.java:496)
03-26 09:31:51.124 E/DropBoxManagerService(  379): 	at com.android.server.DropBoxManagerService.createEntry(DropBoxManagerService.java:677)
03-26 09:31:51.124 E/DropBoxManagerService(  379): 	at com.android.server.DropBoxManagerService.add(DropBoxManagerService.java:242)
03-26 09:31:51.124 E/DropBoxManagerService(  379): 	at android.os.DropBoxManager.addData(DropBoxManager.java:284)
03-26 09:31:51.124 E/DropBoxManagerService(  379): 	at com.android.server.net.NetworkStatsRecorder.recoverFromWtf(NetworkStatsRecorder.java:388)
03-26 09:31:51.124 E/DropBoxManagerService(  379): 	at com.android.server.net.NetworkStatsRecorder.forcePersistLocked(NetworkStatsRecorder.java:227)
03-26 09:31:51.124 E/DropBoxManagerService(  379): 	at com.android.server.net.NetworkStatsRecorder.maybePersistLocked(NetworkStatsRecorder.java:209)
03-26 09:31:51.124 E/DropBoxManagerService(  379): 	at com.android.server.net.NetworkStatsService.performPollLocked(NetworkStatsService.java:970)
03-26 09:31:51.124 E/DropBoxManagerService(  379): 	at com.android.server.net.NetworkStatsService.performPoll(NetworkStatsService.java:917)
03-26 09:31:51.124 E/DropBoxManagerService(  379): 	at com.android.server.net.NetworkStatsService.access$700(NetworkStatsService.java:131)
03-26 09:31:51.124 E/DropBoxManagerService(  379): 	at com.android.server.net.NetworkStatsService$9.handleMessage(NetworkStatsService.java:1152)
03-26 09:31:51.124 E/DropBoxManagerService(  379): 	at android.os.Handler.dispatchMessage(Handler.java:95)
03-26 09:31:51.124 E/DropBoxManagerService(  379): 	at android.os.Looper.loop(Looper.java:137)
03-26 09:31:51.124 E/DropBoxManagerService(  379): 	at android.os.HandlerThread.run(HandlerThread.java:60)
03-26 09:31:51.144 F/NetworkStatsRecorder(  379): problem persisting pending stats
03-26 09:31:51.144 F/NetworkStatsRecorder(  379): java.io.IOException: write failed: ENOSPC (No space left on device)
03-26 09:31:51.144 F/NetworkStatsRecorder(  379): 	at libcore.io.IoBridge.write(IoBridge.java:462)
03-26 09:31:51.144 F/NetworkStatsRecorder(  379): 	at java.io.FileOutputStream.write(FileOutputStream.java:187)
03-26 09:31:51.144 F/NetworkStatsRecorder(  379): 	at java.io.BufferedOutputStream.flushInternal(BufferedOutputStream.java:185)
03-26 09:31:51.144 F/NetworkStatsRecorder(  379): 	at java.io.BufferedOutputStream.flush(BufferedOutputStream.java:85)
03-26 09:31:51.144 F/NetworkStatsRecorder(  379): 	at java.io.FilterOutputStream.flush(FilterOutputStream.java:88)
03-26 09:31:51.144 F/NetworkStatsRecorder(  379): 	at java.io.DataOutputStream.flush(DataOutputStream.java:63)
03-26 09:31:51.144 F/NetworkStatsRecorder(  379): 	at com.android.server.net.NetworkStatsCollection.write(NetworkStatsCollection.java:322)
03-26 09:31:51.144 F/NetworkStatsRecorder(  379): 	at com.android.server.net.NetworkStatsRecorder$CombiningRewriter.write(NetworkStatsRecorder.java:285)
03-26 09:31:51.144 F/NetworkStatsRecorder(  379): 	at com.android.internal.util.FileRotator.writeFile(FileRotator.java:377)
03-26 09:31:51.144 F/NetworkStatsRecorder(  379): 	at com.android.internal.util.FileRotator.rewriteSingle(FileRotator.java:269)
03-26 09:31:51.144 F/NetworkStatsRecorder(  379): 	at com.android.internal.util.FileRotator.rewriteActive(FileRotator.java:184)
03-26 09:31:51.144 F/NetworkStatsRecorder(  379): 	at com.android.server.net.NetworkStatsRecorder.forcePersistLocked(NetworkStatsRecorder.java:222)
03-26 09:31:51.144 F/NetworkStatsRecorder(  379): 	at com.android.server.net.NetworkStatsRecorder.maybePersistLocked(NetworkStatsRecorder.java:209)
03-26 09:31:51.144 F/NetworkStatsRecorder(  379): 	at com.android.server.net.NetworkStatsService.performPollLocked(NetworkStatsService.java:971)
03-26 09:31:51.144 F/NetworkStatsRecorder(  379): 	at com.android.server.net.NetworkStatsService.performPoll(NetworkStatsService.java:917)
03-26 09:31:51.144 F/NetworkStatsRecorder(  379): 	at com.android.server.net.NetworkStatsService.access$700(NetworkStatsService.java:131)
03-26 09:31:51.144 F/NetworkStatsRecorder(  379): 	at com.android.server.net.NetworkStatsService$9.handleMessage(NetworkStatsService.java:1152)
03-26 09:31:51.144 F/NetworkStatsRecorder(  379): 	at android.os.Handler.dispatchMessage(Handler.java:95)
03-26 09:31:51.144 F/NetworkStatsRecorder(  379): 	at android.os.Looper.loop(Looper.java:137)
03-26 09:31:51.144 F/NetworkStatsRecorder(  379): 	at android.os.HandlerThread.run(HandlerThread.java:60)
03-26 09:31:51.144 F/NetworkStatsRecorder(  379): Caused by: libcore.io.ErrnoException: write failed: ENOSPC (No space left on device)
03-26 09:31:51.144 F/NetworkStatsRecorder(  379): 	at libcore.io.Posix.writeBytes(Native Method)
03-26 09:31:51.144 F/NetworkStatsRecorder(  379): 	at libcore.io.Posix.write(Posix.java:178)
03-26 09:31:51.144 F/NetworkStatsRecorder(  379): 	at libcore.io.BlockGuardOs.write(BlockGuardOs.java:191)
03-26 09:31:51.144 F/NetworkStatsRecorder(  379): 	at libcore.io.IoBridge.write(IoBridge.java:457)
03-26 09:31:51.144 F/NetworkStatsRecorder(  379): 	... 19 more
03-26 09:31:51.164 E/DropBoxManagerService(  379): Can't write: system_server_wtf
03-26 09:31:51.164 E/DropBoxManagerService(  379): java.io.IOException: write failed: ENOSPC (No space left on device)
03-26 09:31:51.164 E/DropBoxManagerService(  379): 	at libcore.io.IoBridge.write(IoBridge.java:462)
03-26 09:31:51.164 E/DropBoxManagerService(  379): 	at java.io.FileOutputStream.write(FileOutputStream.java:187)
03-26 09:31:51.164 E/DropBoxManagerService(  379): 	at java.io.BufferedOutputStream.flushInternal(BufferedOutputStream.java:185)
03-26 09:31:51.164 E/DropBoxManagerService(  379): 	at java.io.BufferedOutputStream.flush(BufferedOutputStream.java:85)
03-26 09:31:51.164 E/DropBoxManagerService(  379): 	at java.io.FilterOutputStream.close(FilterOutputStream.java:61)
03-26 09:31:51.164 E/DropBoxManagerService(  379): 	at java.io.BufferedOutputStream.close(BufferedOutputStream.java:152)
03-26 09:31:51.164 E/DropBoxManagerService(  379): 	at com.android.server.DropBoxManagerService.add(DropBoxManagerService.java:227)
03-26 09:31:51.164 E/DropBoxManagerService(  379): 	at android.os.DropBoxManager.addText(DropBoxManager.java:272)
03-26 09:31:51.164 E/DropBoxManagerService(  379): 	at com.android.server.am.ActivityManagerService$13.run(ActivityManagerService.java:8337)
03-26 09:31:51.164 E/DropBoxManagerService(  379): 	at com.android.server.am.ActivityManagerService.addErrorToDropBox(ActivityManagerService.java:8344)
03-26 09:31:51.164 E/DropBoxManagerService(  379): 	at com.android.server.am.ActivityManagerService.handleApplicationWtf(ActivityManagerService.java:8155)
03-26 09:31:51.164 E/DropBoxManagerService(  379): 	at com.android.internal.os.RuntimeInit.wtf(RuntimeInit.java:329)
03-26 09:31:51.164 E/DropBoxManagerService(  379): 	at android.util.Log$1.onTerribleFailure(Log.java:103)
03-26 09:31:51.164 E/DropBoxManagerService(  379): 	at android.util.Log.wtf(Log.java:278)
03-26 09:31:51.164 E/DropBoxManagerService(  379): 	at com.android.server.net.NetworkStatsRecorder.forcePersistLocked(NetworkStatsRecorder.java:226)
03-26 09:31:51.164 E/DropBoxManagerService(  379): 	at com.android.server.net.NetworkStatsRecorder.maybePersistLocked(NetworkStatsRecorder.java:209)
03-26 09:31:51.164 E/DropBoxManagerService(  379): 	at com.android.server.net.NetworkStatsService.performPollLocked(NetworkStatsService.java:971)
03-26 09:31:51.164 E/DropBoxManagerService(  379): 	at com.android.server.net.NetworkStatsService.performPoll(NetworkStatsService.java:917)
03-26 09:31:51.164 E/DropBoxManagerService(  379): 	at com.android.server.net.NetworkStatsService.access$700(NetworkStatsService.java:131)
03-26 09:31:51.164 E/DropBoxManagerService(  379): 	at com.android.server.net.NetworkStatsService$9.handleMessage(NetworkStatsService.java:1152)
03-26 09:31:51.164 E/DropBoxManagerService(  379): 	at android.os.Handler.dispatchMessage(Handler.java:95)
03-26 09:31:51.164 E/DropBoxManagerService(  379): 	at android.os.Looper.loop(Looper.java:137)
03-26 09:31:51.164 E/DropBoxManagerService(  379): 	at android.os.HandlerThread.run(HandlerThread.java:60)
03-26 09:31:51.164 E/DropBoxManagerService(  379): Caused by: libcore.io.ErrnoException: write failed: ENOSPC (No space left on device)
03-26 09:31:51.164 E/DropBoxManagerService(  379): 	at libcore.io.Posix.writeBytes(Native Method)
03-26 09:31:51.164 E/DropBoxManagerService(  379): 	at libcore.io.Posix.write(Posix.java:178)
03-26 09:31:51.164 E/DropBoxManagerService(  379): 	at libcore.io.BlockGuardOs.write(BlockGuardOs.java:191)
03-26 09:31:51.164 E/DropBoxManagerService(  379): 	at libcore.io.IoBridge.write(IoBridge.java:457)
03-26 09:31:51.164 E/DropBoxManagerService(  379): 	... 22 more
03-26 09:31:51.174 E/DropBoxManagerService(  379): Can't write: netstats_dump
03-26 09:31:51.174 E/DropBoxManagerService(  379): java.io.IOException: Can't rename /data/system/dropbox/drop46.tmp to /data/system/dropbox/netstats_dump@1364261511179.dat
03-26 09:31:51.174 E/DropBoxManagerService(  379): 	at com.android.server.DropBoxManagerService$EntryFile.<init>(DropBoxManagerService.java:496)
03-26 09:31:51.174 E/DropBoxManagerService(  379): 	at com.android.server.DropBoxManagerService.createEntry(DropBoxManagerService.java:677)
03-26 09:31:51.174 E/DropBoxManagerService(  379): 	at com.android.server.DropBoxManagerService.add(DropBoxManagerService.java:242)
03-26 09:31:51.174 E/DropBoxManagerService(  379): 	at android.os.DropBoxManager.addData(DropBoxManager.java:284)
03-26 09:31:51.174 E/DropBoxManagerService(  379): 	at com.android.server.net.NetworkStatsRecorder.recoverFromWtf(NetworkStatsRecorder.java:388)
03-26 09:31:51.174 E/DropBoxManagerService(  379): 	at com.android.server.net.NetworkStatsRecorder.forcePersistLocked(NetworkStatsRecorder.java:227)
03-26 09:31:51.174 E/DropBoxManagerService(  379): 	at com.android.server.net.NetworkStatsRecorder.maybePersistLocked(NetworkStatsRecorder.java:209)
03-26 09:31:51.174 E/DropBoxManagerService(  379): 	at com.android.server.net.NetworkStatsService.performPollLocked(NetworkStatsService.java:971)
03-26 09:31:51.174 E/DropBoxManagerService(  379): 	at com.android.server.net.NetworkStatsService.performPoll(NetworkStatsService.java:917)
03-26 09:31:51.174 E/DropBoxManagerService(  379): 	at com.android.server.net.NetworkStatsService.access$700(NetworkStatsService.java:131)
03-26 09:31:51.174 E/DropBoxManagerService(  379): 	at com.android.server.net.NetworkStatsService$9.handleMessage(NetworkStatsService.java:1152)
03-26 09:31:51.174 E/DropBoxManagerService(  379): 	at android.os.Handler.dispatchMessage(Handler.java:95)
03-26 09:31:51.174 E/DropBoxManagerService(  379): 	at android.os.Looper.loop(Looper.java:137)
03-26 09:31:51.174 E/DropBoxManagerService(  379): 	at android.os.HandlerThread.run(HandlerThread.java:60)
03-26 09:31:51.174 D/NetworkPolicy(  379): setNetworkTemplateEnabled(): match rule = 1
03-26 09:31:51.174 D/MobileDataStateTracker(  379): default: setPolicyDataEnable(enabled=true)
03-26 09:31:51.895 V/ChromiumHTTPDataSource(  118): connect on behalf of uid 10047
03-26 09:31:51.895 I/ChromiumHTTPDataSource(  118): connect to http://live.feifeikan.com/vod/hls/coship_CCTV1HD_800.tindex?pos=0001&stime=20130326T091052&dur=16&tokenekot=zUTocacXgrNAHqWSDakn @0
03-26 09:31:51.905 I/avc_utils(  118): found AVC codec config (960 x 540, High-profile level 5.1)
03-26 09:31:51.915 D/stagefright_omx_plugin(  118): makeComponentInstance ( OMX.BRCM.vc4.decoder.avc )
03-26 09:31:51.915 V/component_tracker(  118): [register_component]: Adding decoder (0x4007bed0) at 0, w:0 h:0
03-26 09:31:51.915 I/brcm-vd (  118): [video_decoder_create_component_internal]: making a component of type vc.video_decode
03-26 09:31:51.915 D/brcm-vd (  118): [video_decoder_create_component_internal]: created with event
03-26 09:31:51.915 D/stagefright_omx_plugin(  118): video_decoder_create_component ( 0 )
03-26 09:31:51.925 D/brcm-vd (  118): [video_decoder__GetParameter]: format [in] = 7, 0, 0
03-26 09:31:51.925 D/brcm-vd (  118): [video_decoder__SetParameter]: format [in] = 7, 0, 0, mmal fmt H264
03-26 09:31:51.925 D/brcm-vd (  118): [video_decoder__GetParameter]: format [out] = 0, 19, 0
03-26 09:31:51.925 D/brcm-vd (  118): video_decoder__SetParameter:1839: mapped color format 13 to mmal I420
03-26 09:31:51.925 D/brcm-vd (  118): [video_decoder__SetParameter]: format [out] = 0, 19, 0, mmal fmt I420
03-26 09:31:51.925 D/brcm-vd (  118): [video_decoder__GetParameter]: port-def [in] = 2048/2048, 5/1, 7, 0, 0x0/0x0
03-26 09:31:51.925 D/brcm-vd (  118): [video_decoder__SetParameter]: port-def [in] = increasing buffer size 2048 -> 518400, for 5 element(s)
03-26 09:31:51.925 D/brcm-vd (  118): [video_decoder__SetParameter]: port-def [in] = 518400/2048, 5/1, [7, 0] (H264), 960x540/0x0
03-26 09:31:51.925 V/component_tracker(  118): [register_component]: Updating decoder (0x4007bed0) at 0, was w:0 h:0 now w:960 h:540
03-26 09:31:51.935 I/BRCM-OMX(  118): [OMX.brcm.audio.aac.decoder]:OMX_BaseComponentSync: SYNC interface
03-26 09:31:51.945 I/BRCM-OMX(  118): [OMX.brcm.audio.aac.decoder]:startCommandHandler: Started commandHandler thread...
03-26 09:31:51.945 I/BRCM-OMX(  118): [OMX.brcm.audio.aac.decoder]:startCodecSyncHandler: Started CodecSyncHandler thread...
03-26 09:31:51.945 D/brcm-vd (  118): [video_decoder__GetParameter]: port-def [out] = 783360/783360, 4/1, 0, 19, 960x544/960x544
03-26 09:31:51.945 D/brcm-vd (  118): video_decoder__SetParameter:1903: mapped color format 13 to mmal I420
03-26 09:31:51.945 I/BRCM-OMX(  118): [OMX.brcm.audio.aac.decoder]:setVendorExtParamHandler: index <OMX_IndexEnableNativeBuffers>, portIdx <1> enable <0>
03-26 09:31:51.945 D/brcm-vd (  118): [video_decoder__SetParameter]: port-def [out] = 783360/783360, 4/1, [0, 19] (I420), 960x540/960x544
03-26 09:31:51.945 V/component_tracker(  118): [register_component]: Updating decoder (0x4007bed0) at 0, was w:960 h:540 now w:960 h:540
03-26 09:31:51.945 W/BRCM-OMXAudioPort(  118): [OMX.brcm.audio.aac.decoder]:isPopulated: PORT-0,  Populated state <0>
03-26 09:31:51.945 E/brcm-vd (  118): [video_decoder__SetParameter]: updated mmal decoder output format to OPQV
03-26 09:31:51.945 W/BRCM-OMXAudioPort(  118): [OMX.brcm.audio.aac.decoder]:isPopulated: PORT-0,  Populated state <1>
03-26 09:31:51.945 D/brcm-vd (  118): [video_decoder__SetParameter]: enable-native-window [out] = YES
03-26 09:31:51.945 D/brcm-vd (  118): [video_decoder__GetParameter]: port-def [in] = 518400/2048, 5/1, 7, 0, 960x544/0x544
03-26 09:31:51.945 D/brcm-vd (  118): [video_decoder__UseBuffer]: allocated 0x5073cf70, 0x5f716000(518400) input port
03-26 09:31:51.945 D/brcm-vd (  118): [video_decoder__UseBuffer]: allocated 0x4194fe40, 0x5f794900(518400) input port
