E/AndroidRuntime( 2021):        at com.coship.dvbplayer.player.OTTPlayer$GetPlayURLThread.run(OTTPlayer.java:205)
W/ActivityManager(  951):   Force finishing activity com.coship.dvbplayer/.main
I/ActivityManager(  951): START {act=android.intent.LOOKBACK_PLAYER cmp=com.coship.dvbplayer/.videoplayer.VideoPlayer (has extras)} from pid 2021
I/WindowManager(  951): WIN DEATH: Window{41700918 SurfaceView paused=false}
I/ActivityManager(  951): Process com.coship.dvbplayer (pid 2021) has died.
W/ActivityManager(  951): Force removing ActivityRecord{416c7650 com.coship.dvbplayer/.videoplayer.VideoPlayer}: app died, no saved state
I/WindowManager(  951): WIN DEATH: Window{4161cea0 com.coship.dvbplayer/com.coship.dvbplayer.videoplayer.VideoPlayer paused=false}
W/WindowManager(  951): Force-removing child win Window{41635b90 SurfaceView paused=false} from container Window{4161cea0 com.coship.dvbplayer/com.coship.dvbplayer.videoplayer.VideoPlayer paused=false}
W/WindowManager(  951): Failed looking up window
W/WindowManager(  951): java.lang.IllegalArgumentException: Requested window android.os.BinderProxy@41697318 does not exist
W/WindowManager(  951):         at com.android.server.wm.WindowManagerService.windowForClientLocked(WindowManagerService.java:7185)
W/WindowManager(  951):         at com.android.server.wm.WindowManagerService.windowForClientLocked(WindowManagerService.java:7176)
W/WindowManager(  951):         at com.android.server.wm.WindowState$DeathRecipient.binderDied(WindowState.java:1545)
W/WindowManager(  951):         at android.os.BinderProxy.sendDeathNotice(Binder.java:417)
W/WindowManager(  951):         at dalvik.system.NativeStart.run(Native Method)
I/WindowManager(  951): WIN DEATH: null
I/WindowManager(  951): WIN DEATH: Window{416c9658 com.coship.dvbplayer/com.coship.dvbplayer.main paused=false}
I/WindowManager(  951): WIN DEATH: Window{41729b00 com.coship.dvbplayer/com.coship.dvbplayer.videoplayer.VideoPlayer paused=false}
I/WindowManager(  951): WINDOW DIED Window{4161cea0 com.coship.dvbplayer/com.coship.dvbplayer.videoplayer.VideoPlayer paused=false}
V/TabletStatusBar( 1145): setLightsOn(true)
W/InputManagerService(  951): Got RemoteException sending setActive(false) notification to pid 2021 uid 10032
I/ActivityManager(  951): START {flg=0x78000000 cmp=com.coship.dvbplayer/.main (has extras)} from pid 1607
I/ActivityManager(  951): Start proc com.coship.dvbplayer for activity com.coship.dvbplayer/.main: pid=2267 uid=10032 gids={3003, 1015}
V/TabletStatusBar( 1145): setLightsOn(true)
W/InputManagerService(  951): Starting input on non-focused client com.android.internal.view.IInputMethodClient$Stub$Proxy@4162ee88 (uid=10033 pid=1250)
I/ActivityManager(  951): START {act=android.intent.LOOKBACK_PLAYER cmp=com.coship.dvbplayer/.videoplayer.VideoPlayer (has extras)} from pid 2267
V/TabletStatusBar( 1145): setLightsOn(true)
W/ActivityManager(  951): Activity destroy timeout for ActivityRecord{416e9cf8 com.coship.dvbplayer/.main}
I/ActivityManager(  951): START {flg=0x78000000 cmp=com.coship.dvbplayer/.main (has extras)} from pid 1607
V/TabletStatusBar( 1145): setLightsOn(true)
I/ActivityManager(  951): START {act=android.intent.LOOKBACK_PLAYER cmp=com.coship.dvbplayer/.videoplayer.VideoPlayer (has extras)} from pid 2267
V/TabletStatusBar( 1145): setLightsOn(true)
I/ActivityManager(  951): START {flg=0x58000000 cmp=com.coship.dvbplayer/.main (has extras)} from pid 1607
V/TabletStatusBar( 1145): setLightsOn(true)
I/ActivityManager(  951): START {act=android.intent.LOOKBACK_PLAYER cmp=com.coship.dvbplayer/.videoplayer.VideoPlayer (has extras)} from pid 2267
W/ActivityManager(  951): Activity pause timeout for ActivityRecord{41797be0 com.coship.dvbplayer/.main}
V/TabletStatusBar( 1145): setLightsOn(true)
--------- beginning of /dev/log/main
D/MediaPlayerService(  739): [20] notify (0x190b20, 200, 704, 14)
D/MstarPlayer(  739): percent: 14
W/MediaPlayer( 2267): info/warning (704, 14)
I/MediaPlayer.java( 2267): Info (704,14)
D/MediaPlayerService(  739): [20] notify (0x190b20, 200, 704, 14)
D/MstarPlayer(  739): percent: 14
W/MediaPlayer( 2267): info/warning (704, 14)
I/MediaPlayer.java( 2267): Info (704,14)
D/MediaPlayerService(  739): [20] notify (0x190b20, 200, 704, 14)
D/MstarPlayer(  739): percent: 14
W/MediaPlayer( 2267): info/warning (704, 14)
I/MediaPlayer.java( 2267): Info (704,14)
D/MediaPlayerService(  739): [20] notify (0x190b20, 200, 704, 14)
D/MstarPlayer(  739): percent: 14
W/MediaPlayer( 2267): info/warning (704, 14)
I/MediaPlayer.java( 2267): Info (704,14)
D/MediaPlayerService(  739): [20] notify (0x190b20, 200, 704, 14)
D/MstarPlayer(  739): percent: 14
W/MediaPlayer( 2267): info/warning (704, 14)
I/MediaPlayer.java( 2267): Info (704,14)
D/MediaPlayerService(  739): [20] notify (0x190b20, 200, 704, 14)
D/MstarPlayer(  739): percent: 14
W/MediaPlayer( 2267): info/warning (704, 14)
I/MediaPlayer.java( 2267): Info (704,14)
D/MediaPlayerService(  739): [20] notify (0x190b20, 200, 704, 14)
D/MstarPlayer(  739): percent: 14
W/MediaPlayer( 2267): info/warning (704, 14)
I/MediaPlayer.java( 2267): Info (704,14)
D/MediaPlayerService(  739): [20] notify (0x190b20, 200, 704, 14)
D/MstarPlayer(  739): percent: 14
W/MediaPlayer( 2267): info/warning (704, 14)
I/MediaPlayer.java( 2267): Info (704,14)
D/MediaPlayerService(  739): [20] notify (0x190b20, 200, 704, 14)
D/MstarPlayer(  739): percent: 14
W/MediaPlayer( 2267): info/warning (704, 14)
I/MediaPlayer.java( 2267): Info (704,14)
D/MediaPlayerService(  739): [20] notify (0x190b20, 200, 704, 14)
D/MstarPlayer(  739): percent: 14
W/MediaPlayer( 2267): info/warning (704, 14)
I/MediaPlayer.java( 2267): Info (704,14)
D/MediaPlayerService(  739): [20] notify (0x190b20, 200, 704, 14)
D/MstarPlayer(  739): percent: 14
W/MediaPlayer( 2267): info/warning (704, 14)
I/MediaPlayer.java( 2267): Info (704,14)
D/MediaPlayerService(  739): [20] notify (0x190b20, 200, 704, 14)
D/MstarPlayer(  739): percent: 14
W/MediaPlayer( 2267): info/warning (704, 14)
I/MediaPlayer.java( 2267): Info (704,14)
D/MediaPlayerService(  739): [20] notify (0x190b20, 200, 704, 14)
D/MstarPlayer(  739): percent: 14
W/MediaPlayer( 2267): info/warning (704, 14)
I/MediaPlayer.java( 2267): Info (704,14)
D/MediaPlayerService(  739): [20] notify (0x190b20, 200, 704, 14)
D/MstarPlayer(  739): percent: 14
W/MediaPlayer( 2267): info/warning (704, 14)
I/MediaPlayer.java( 2267): Info (704,14)
D/MediaPlayerService(  739): [20] notify (0x190b20, 200, 704, 14)
D/MstarPlayer(  739): percent: 14
W/MediaPlayer( 2267): info/warning (704, 14)
I/MediaPlayer.java( 2267): Info (704,14)
D/MediaPlayerService(  739): [20] notify (0x190b20, 200, 704, 14)
D/MstarPlayer(  739): percent: 14
W/MediaPlayer( 2267): info/warning (704, 14)
I/MediaPlayer.java( 2267): Info (704,14)
D/MediaPlayerService(  739): [20] notify (0x190b20, 200, 704, 14)
D/MstarPlayer(  739): percent: 14
W/MediaPlayer( 2267): info/warning (704, 14)
I/MediaPlayer.java( 2267): Info (704,14)
D/MediaPlayerService(  739): [20] notify (0x190b20, 200, 704, 14)
D/MstarPlayer(  739): percent: 14
W/MediaPlayer( 2267): info/warning (704, 14)
I/MediaPlayer.java( 2267): Info (704,14)
D/DataSource_M3U8(  739): 
D/DataSource_M3U8(  739):  Warnig::  getValidBufferLength()  <  Codec require !!!
D/MediaPlayerService(  739): [20] notify (0x190b20, 200, 704, 14)
D/MstarPlayer(  739): percent: 14
W/MediaPlayer( 2267): info/warning (704, 14)
I/MediaPlayer.java( 2267): Info (704,14)
D/MediaPlayerService(  739): [20] notify (0x190b20, 200, 704, 14)
D/MstarPlayer(  739): percent: 14
W/MediaPlayer( 2267): info/warning (704, 14)
I/MediaPlayer.java( 2267): Info (704,14)
D/MediaPlayerService(  739): [20] notify (0x190b20, 200, 704, 14)
D/MstarPlayer(  739): percent: 14
W/MediaPlayer( 2267): info/warning (704, 14)
I/MediaPlayer.java( 2267): Info (704,14)
D/MediaPlayerService(  739): [20] notify (0x190b20, 200, 704, 14)
D/MstarPlayer(  739): percent: 14
W/MediaPlayer( 2267): info/warning (704, 14)
I/MediaPlayer.java( 2267): Info (704,14)
D/MediaPlayerService(  739): [20] notify (0x190b20, 200, 704, 14)
D/MstarPlayer(  739): percent: 14
W/MediaPlayer( 2267): info/warning (704, 14)
I/MediaPlayer.java( 2267): Info (704,14)
D/MediaPlayerService(  739): [20] notify (0x190b20, 200, 704, 14)
D/MstarPlayer(  739): percent: 14
W/MediaPlayer( 2267): info/warning (704, 14)
I/MediaPlayer.java( 2267): Info (704,14)
D/MediaPlayerService(  739): [20] notify (0x190b20, 200, 704, 14)
D/MstarPlayer(  739): percent: 14
W/MediaPlayer( 2267): info/warning (704, 14)
I/MediaPlayer.java( 2267): Info (704,14)
D/MediaPlayerService(  739): [20] notify (0x190b20, 200, 704, 14)
D/MstarPlayer(  739): percent: 14
W/MediaPlayer( 2267): info/warning (704, 14)
I/MediaPlayer.java( 2267): Info (704,14)
D/MediaPlayerService(  739): [20] notify (0x190b20, 200, 704, 14)
D/MstarPlayer(  739): percent: 14
W/MediaPlayer( 2267): info/warning (704, 14)
I/MediaPlayer.java( 2267): Info (704,14)
D/MediaPlayerService(  739): [20] notify (0x190b20, 200, 704, 14)
D/MstarPlayer(  739): percent: 14
W/MediaPlayer( 2267): info/warning (704, 14)
I/MediaPlayer.java( 2267): Info (704,14)
D/MediaPlayerService(  739): [20] notify (0x190b20, 200, 704, 14)
D/MstarPlayer(  739): percent: 14
W/MediaPlayer( 2267): info/warning (704, 14)
I/MediaPlayer.java( 2267): Info (704,14)
D/MediaPlayerService(  739): [20] notify (0x190b20, 200, 704, 14)
D/MstarPlayer(  739): percent: 14
W/MediaPlayer( 2267): info/warning (704, 14)
I/MediaPlayer.java( 2267): Info (704,14)
D/MediaPlayerService(  739): [20] notify (0x190b20, 200, 704, 14)
D/MstarPlayer(  739): percent: 14
W/MediaPlayer( 2267): info/warning (704, 14)
I/MediaPlayer.java( 2267): Info (704,14)
D/MediaPlayerService(  739): [20] notify (0x190b20, 200, 704, 14)
D/MstarPlayer(  739): percent: 14
W/MediaPlayer( 2267): info/warning (704, 14)
I/MediaPlayer.java( 2267): Info (704,14)
D/MediaPlayerService(  739): [20] notify (0x190b20, 200, 704, 14)
D/MstarPlayer(  739): percent: 14
W/MediaPlayer( 2267): info/warning (704, 14)
I/MediaPlayer.java( 2267): Info (704,14)
D/MediaPlayerService(  739): [20] notify (0x190b20, 200, 704, 14)
D/MstarPlayer(  739): percent: 14
W/MediaPlayer( 2267): info/warning (704, 14)
I/MediaPlayer.java( 2267): Info (704,14)
D/MediaPlayerService(  739): [20] notify (0x190b20, 200, 704, 14)
D/MstarPlayer(  739): percent: 14
W/MediaPlayer( 2267): info/warning (704, 14)
I/MediaPlayer.java( 2267): Info (704,14)
D/MediaPlayerService(  739): [20] notify (0x190b20, 200, 704, 14)
D/MstarPlayer(  739): percent: 14
W/MediaPlayer( 2267): info/warning (704, 14)
I/MediaPlayer.java( 2267): Info (704,14)
D/MediaPlayerService(  739): [20] notify (0x190b20, 200, 704, 14)
D/MstarPlayer(  739): percent: 14
W/MediaPlayer( 2267): info/warning (704, 14)
I/MediaPlayer.java( 2267): Info (704,14)
D/MediaPlayerService(  739): [20] notify (0x190b20, 200, 704, 14)
D/MstarPlayer(  739): percent: 14
W/MediaPlayer( 2267): info/warning (704, 14)
I/MediaPlayer.java( 2267): Info (704,14)
D/DataSource_M3U8(  739): 
D/DataSource_M3U8(  739):  Warnig::  getValidBufferLength()  <  Codec require !!!
D/MediaPlayerService(  739): [20] notify (0x190b20, 200, 704, 14)
D/MstarPlayer(  739): percent: 14
W/MediaPlayer( 2267): info/warning (704, 14)
I/MediaPlayer.java( 2267): Info (704,14)
D/MediaPlayerService(  739): [20] notify (0x190b20, 200, 704, 14)
D/MstarPlayer(  739): percent: 14
W/MediaPlayer( 2267): info/warning (704, 14)
I/MediaPlayer.java( 2267): Info (704,14)
D/MediaPlayerService(  739): [20] notify (0x190b20, 200, 704, 14)
D/MstarPlayer(  739): percent: 14
W/MediaPlayer( 2267): info/warning (704, 14)
I/MediaPlayer.java( 2267): Info (704,14)
D/MediaPlayerService(  739): [20] notify (0x190b20, 200, 704, 14)
D/MstarPlayer(  739): percent: 14
W/MediaPlayer( 2267): info/warning (704, 14)
I/MediaPlayer.java( 2267): Info (704,14)
D/MediaPlayerService(  739): [20] notify (0x190b20, 200, 704, 14)
D/MstarPlayer(  739): percent: 14
W/MediaPlayer( 2267): info/warning (704, 14)
I/MediaPlayer.java( 2267): Info (704,14)
D/MediaPlayerService(  739): [20] notify (0x190b20, 200, 704, 14)
D/MstarPlayer(  739): percent: 14
W/MediaPlayer( 2267): info/warning (704, 14)
I/MediaPlayer.java( 2267): Info (704,14)
D/MediaPlayerService(  739): [20] notify (0x190b20, 200, 704, 14)
D/MstarPlayer(  739): percent: 14
W/MediaPlayer( 2267): info/warning (704, 14)
I/MediaPlayer.java( 2267): Info (704,14)
D/MediaPlayerService(  739): [20] notify (0x190b20, 200, 704, 14)
D/MstarPlayer(  739): percent: 14
W/MediaPlayer( 2267): info/warning (704, 14)
I/MediaPlayer.java( 2267): Info (704,14)
D/MediaPlayerService(  739): [20] notify (0x190b20, 200, 704, 14)
D/MstarPlayer(  739): percent: 14
W/MediaPlayer( 2267): info/warning (704, 14)
I/MediaPlayer.java( 2267): Info (704,14)
D/MonitorCw880( 1544): currentRemoteHost is null ,continue
D/MediaPlayerService(  739): [20] notify (0x190b20, 200, 704, 14)
D/MstarPlayer(  739): percent: 14
W/MediaPlayer( 2267): info/warning (704, 14)
I/MediaPlayer.java( 2267): Info (704,14)
D/MediaPlayerService(  739): [20] notify (0x190b20, 200, 704, 14)
D/MstarPlayer(  739): percent: 14
W/MediaPlayer( 2267): info/warning (704, 14)
I/MediaPlayer.java( 2267): Info (704,14)
D/MediaPlayerService(  739): [20] notify (0x190b20, 200, 704, 14)
D/MstarPlayer(  739): percent: 14
W/MediaPlayer( 2267): info/warning (704, 14)
I/MediaPlayer.java( 2267): Info (704,14)
D/MediaPlayerService(  739): [20] notify (0x190b20, 200, 704, 14)
D/MstarPlayer(  739): percent: 14
W/MediaPlayer( 2267): info/warning (704, 14)
I/MediaPlayer.java( 2267): Info (704,14)
D/MediaPlayerService(  739): [20] notify (0x190b20, 200, 704, 14)
D/MstarPlayer(  739): percent: 14
W/MediaPlayer( 2267): info/warning (704, 14)
I/MediaPlayer.java( 2267): Info (704,14)
D/MediaPlayerService(  739): [20] notify (0x190b20, 200, 704, 14)
D/MstarPlayer(  739): percent: 14
W/MediaPlayer( 2267): info/warning (704, 14)
I/MediaPlayer.java( 2267): Info (704,14)
D/MediaPlayerService(  739): [20] notify (0x190b20, 200, 704, 14)
D/MstarPlayer(  739): percent: 14
W/MediaPlayer( 2267): info/warning (704, 14)
I/MediaPlayer.java( 2267): Info (704,14)
D/MediaPlayerService(  739): [20] notify (0x190b20, 200, 704, 14)
D/MstarPlayer(  739): percent: 14
W/MediaPlayer( 2267): info/warning (704, 14)
I/MediaPlayer.java( 2267): Info (704,14)
D/MediaPlayerService(  739): [20] notify (0x190b20, 200, 704, 14)
D/MstarPlayer(  739): percent: 14
W/MediaPlayer( 2267): info/warning (704, 14)
I/MediaPlayer.java( 2267): Info (704,14)
D/MediaPlayerService(  739): [20] notify (0x190b20, 200, 704, 14)
D/MstarPlayer(  739): percent: 14
W/MediaPlayer( 2267): info/warning (704, 14)
I/MediaPlayer.java( 2267): Info (704,14)
D/MediaPlayerService(  739): [20] notify (0x190b20, 200, 704, 14)
D/MstarPlayer(  739): percent: 14
W/MediaPlayer( 2267): info/warning (704, 14)
I/MediaPlayer.java( 2267): Info (704,14)
D/DataSource_M3U8(  739): 
D/DataSource_M3U8(  739):  Warnig::  getValidBufferLength()  <  Codec require !!!
D/MediaPlayerService(  739): [20] notify (0x190b20, 200, 704, 14)
D/MstarPlayer(  739): percent: 14
W/MediaPlayer( 2267): info/warning (704, 14)
I/MediaPlayer.java( 2267): Info (704,14)
D/MediaPlayerService(  739): [20] notify (0x190b20, 200, 704, 14)
D/MstarPlayer(  739): percent: 14
W/MediaPlayer( 2267): info/warning (704, 14)
I/MediaPlayer.java( 2267): Info (704,14)
D/MediaPlayerService(  739): [20] notify (0x190b20, 200, 704, 14)
D/MstarPlayer(  739): percent: 14
W/MediaPlayer( 2267): info/warning (704, 14)
I/MediaPlayer.java( 2267): Info (704,14)
D/MediaPlayerService(  739): [20] notify (0x190b20, 200, 704, 14)
D/MstarPlayer(  739): percent: 14
W/MediaPlayer( 2267): info/warning (704, 14)
I/MediaPlayer.java( 2267): Info (704,14)
D/MediaPlayerService(  739): [20] notify (0x190b20, 200, 704, 14)
D/MstarPlayer(  739): percent: 14
W/MediaPlayer( 2267): info/warning (704, 14)
I/MediaPlayer.java( 2267): Info (704,14)
D/MediaPlayerService(  739): [20] notify (0x190b20, 200, 704, 14)
D/MstarPlayer(  739): percent: 14
W/MediaPlayer( 2267): info/warning (704, 14)
I/MediaPlayer.java( 2267): Info (704,14)
D/MediaPlayerService(  739): [20] notify (0x190b20, 200, 704, 14)
D/MstarPlayer(  739): percent: 14
W/MediaPlayer( 2267): info/warning (704, 14)
I/MediaPlayer.java( 2267): Info (704,14)
D/MediaPlayerService(  739): [20] notify (0x190b20, 200, 704, 14)
D/MstarPlayer(  739): percent: 14
W/MediaPlayer( 2267): info/warning (704, 14)
I/MediaPlayer.java( 2267): Info (704,14)
D/MediaPlayerService(  739): [20] notify (0x190b20, 200, 704, 14)
D/MstarPlayer(  739): percent: 14
W/MediaPlayer( 2267): info/warning (704, 14)
I/MediaPlayer.java( 2267): Info (704,14)
D/MediaPlayerService(  739): [20] notify (0x190b20, 200, 704, 14)
D/MstarPlayer(  739): percent: 14
W/MediaPlayer( 2267): info/warning (704, 14)
I/MediaPlayer.java( 2267): Info (704,14)
D/MediaPlayerService(  739): [20] notify (0x190b20, 200, 704, 14)
D/MstarPlayer(  739): percent: 14
W/MediaPlayer( 2267): info/warning (704, 14)
I/MediaPlayer.java( 2267): Info (704,14)
D/MediaPlayerService(  739): [20] notify (0x190b20, 200, 704, 14)
D/MstarPlayer(  739): percent: 14
W/MediaPlayer( 2267): info/warning (704, 14)
I/MediaPlayer.java( 2267): Info (704,14)
D/MediaPlayerService(  739): [20] notify (0x190b20, 200, 704, 14)
D/MstarPlayer(  739): percent: 14
W/MediaPlayer( 2267): info/warning (704, 14)
I/MediaPlayer.java( 2267): Info (704,14)
D/MediaPlayerService(  739): [20] notify (0x190b20, 200, 704, 14)
D/MstarPlayer(  739): percent: 14
W/MediaPlayer( 2267): info/warning (704, 14)
I/MediaPlayer.java( 2267): Info (704,14)
D/MediaPlayerService(  739): [20] notify (0x190b20, 200, 704, 14)
D/MstarPlayer(  739): percent: 14
W/MediaPlayer( 2267): info/warning (704, 14)
I/MediaPlayer.java( 2267): Info (704,14)
D/MediaPlayerService(  739): [20] notify (0x190b20, 200, 704, 14)
D/MstarPlayer(  739): percent: 14
W/MediaPlayer( 2267): info/warning (704, 14)
I/MediaPlayer.java( 2267): Info (704,14)
D/MediaPlayerService(  739): [20] notify (0x190b20, 200, 704, 14)
D/MstarPlayer(  739): percent: 14
W/MediaPlayer( 2267): info/warning (704, 14)
I/MediaPlayer.java( 2267): Info (704,14)
D/MediaPlayerService(  739): [20] notify (0x190b20, 200, 704, 14)
D/MstarPlayer(  739): percent: 14
W/MediaPlayer( 2267): info/warning (704, 14)
I/MediaPlayer.java( 2267): Info (704,14)
D/MediaPlayerService(  739): [20] notify (0x190b20, 200, 704, 14)
D/MstarPlayer(  739): percent: 14
W/MediaPlayer( 2267): info/warning (704, 14)
I/MediaPlayer.java( 2267): Info (704,14)
D/MediaPlayerService(  739): [20] notify (0x190b20, 200, 704, 14)
D/MstarPlayer(  739): percent: 14
W/MediaPlayer( 2267): info/warning (704, 14)
I/MediaPlayer.java( 2267): Info (704,14)
D/MediaPlayerService(  739): [20] notify (0x190b20, 200, 704, 14)
D/MstarPlayer(  739): percent: 14
W/MediaPlayer( 2267): info/warning (704, 14)
I/MediaPlayer.java( 2267): Info (704,14)
D/MediaPlayerService(  739): [20] notify (0x190b20, 200, 704, 14)
D/MstarPlayer(  739): percent: 14
W/MediaPlayer( 2267): info/warning (704, 14)
I/MediaPlayer.java( 2267): Info (704,14)
D/MediaPlayerService(  739): [20] notify (0x190b20, 200, 704, 14)
D/MstarPlayer(  739): percent: 14
W/MediaPlayer( 2267): info/warning (704, 14)
I/MediaPlayer.java( 2267): Info (704,14)
D/MediaPlayerService(  739): [20] notify (0x190b20, 200, 704, 14)
D/MstarPlayer(  739): percent: 14
W/MediaPlayer( 2267): info/warning (704, 14)
I/MediaPlayer.java( 2267): Info (704,14)
D/MediaPlayerService(  739): [20] notify (0x190b20, 200, 704, 14)
D/MstarPlayer(  739): percent: 14
W/MediaPlayer( 2267): info/warning (704, 14)
I/MediaPlayer.java( 2267): Info (704,14)
D/MediaPlayerService(  739): [20] notify (0x190b20, 200, 704, 14)
D/MstarPlayer(  739): percent: 14
W/MediaPlayer( 2267): info/warning (704, 14)
I/MediaPlayer.java( 2267): Info (704,14)
D/MediaPlayerService(  739): [20] notify (0x190b20, 200, 704, 14)
D/MstarPlayer(  739): percent: 14
W/MediaPlayer( 2267): info/warning (704, 14)
I/MediaPlayer.java( 2267): Info (704,14)
D/MediaPlayerService(  739): [20] notify (0x190b20, 200, 704, 14)
D/MstarPlayer(  739): percent: 14
W/MediaPlayer( 2267): info/warning (704, 14)
I/MediaPlayer.java( 2267): Info (704,14)
D/MediaPlayerService(  739): [20] notify (0x190b20, 200, 704, 14)
D/MstarPlayer(  739): percent: 14
W/MediaPlayer( 2267): info/warning (704, 14)
I/MediaPlayer.java( 2267): Info (704,14)
D/MediaPlayerService(  739): [20] notify (0x190b20, 200, 704, 14)
D/MstarPlayer(  739): percent: 14
W/MediaPlayer( 2267): info/warning (704, 14)
I/MediaPlayer.java( 2267): Info (704,14)
D/MediaPlayerService(  739): [20] notify (0x190b20, 200, 704, 14)
D/MstarPlayer(  739): percent: 14
W/MediaPlayer( 2267): info/warning (704, 14)
I/MediaPlayer.java( 2267): Info (704,14)
D/MediaPlayerService(  739): [20] notify (0x190b20, 200, 704, 14)
D/MstarPlayer(  739): percent: 14
W/MediaPlayer( 2267): info/warning (704, 14)
I/MediaPlayer.java( 2267): Info (704,14)
D/MediaPlayerService(  739): [20] notify (0x190b20, 200, 704, 14)
D/MstarPlayer(  739): percent: 14
W/MediaPlayer( 2267): info/warning (704, 14)
I/MediaPlayer.java( 2267): Info (704,14)
D/MediaPlayerService(  739): [20] notify (0x190b20, 200, 704, 14)
D/MstarPlayer(  739): percent: 14
W/MediaPlayer( 2267): info/warning (704, 14)
I/MediaPlayer.java( 2267): Info (704,14)
D/MediaPlayerService(  739): [20] notify (0x190b20, 200, 704, 14)
D/MstarPlayer(  739): percent: 14
W/MediaPlayer( 2267): info/warning (704, 14)
I/MediaPlayer.java( 2267): Info (704,14)
D/MediaPlayerService(  739): [20] notify (0x190b20, 200, 704, 14)
D/MstarPlayer(  739): percent: 14
W/MediaPlayer( 2267): info/warning (704, 14)
I/MediaPlayer.java( 2267): Info (704,14)
D/MediaPlayerService(  739): [20] notify (0x190b20, 200, 704, 14)
D/MstarPlayer(  739): percent: 14
W/MediaPlayer( 2267): info/warning (704, 14)
I/MediaPlayer.java( 2267): Info (704,14)
D/MediaPlayerService(  739): [20] notify (0x190b20, 200, 704, 14)
D/MstarPlayer(  739): percent: 14
W/MediaPlayer( 2267): info/warning (704, 14)
I/MediaPlayer.java( 2267): Info (704,14)
D/HomePlayerLib( 1674): hostaddress count is 1
D/MediaPlayerService(  739): [20] notify (0x190b20, 200, 704, 14)
D/MstarPlayer(  739): percent: 14
W/MediaPlayer( 2267): info/warning (704, 14)
I/MediaPlayer.java( 2267): Info (704,14)
D/MediaPlayerService(  739): [20] notify (0x190b20, 200, 704, 14)
D/MstarPlayer(  739): percent: 14
W/MediaPlayer( 2267): info/warning (704, 14)
I/MediaPlayer.java( 2267): Info (704,14)
D/dalvikvm( 1674): GC_CONCURRENT freed 723K, 62% free 2950K/7747K, paused 3ms+3ms
D/MediaPlayerService(  739): [20] notify (0x190b20, 200, 704, 14)
D/MstarPlayer(  739): percent: 14
W/MediaPlayer( 2267): info/warning (704, 14)
I/MediaPlayer.java( 2267): Info (704,14)
D/MediaPlayerService(  739): [20] notify (0x190b20, 200, 704, 14)
D/MstarPlayer(  739): percent: 14
W/MediaPlayer( 2267): info/warning (704, 14)
I/MediaPlayer.java( 2267): Info (704,14)
D/MediaPlayerService(  739): [20] notify (0x190b20, 200, 704, 14)
D/MstarPlayer(  739): percent: 14
W/MediaPlayer( 2267): info/warning (704, 14)
I/MediaPlayer.java( 2267): Info (704,14)
D/MediaPlayerService(  739): [20] notify (0x190b20, 200, 704, 14)
D/MstarPlayer(  739): percent: 14
W/MediaPlayer( 2267): info/warning (704, 14)
I/MediaPlayer.java( 2267): Info (704,14)
D/dalvikvm( 1674): GC_CONCURRENT freed 825K, 63% free 2890K/7747K, paused 4ms+3ms
D/MediaPlayerService(  739): [20] notify (0x190b20, 200, 704, 14)
D/MstarPlayer(  739): percent: 14
W/MediaPlayer( 2267): info/warning (704, 14)
I/MediaPlayer.java( 2267): Info (704,14)
D/MediaPlayerService(  739): [20] notify (0x190b20, 200, 704, 14)
D/MstarPlayer(  739): percent: 14
W/MediaPlayer( 2267): info/warning (704, 14)
I/MediaPlayer.java( 2267): Info (704,14)
D/MediaPlayerService(  739): [20] notify (0x190b20, 200, 704, 14)
D/MstarPlayer(  739): percent: 14
W/MediaPlayer( 2267): info/warning (704, 14)
I/MediaPlayer.java( 2267): Info (704,14)
D/MediaPlayerService(  739): [20] notify (0x190b20, 200, 704, 14)
D/MstarPlayer(  739): percent: 14
W/MediaPlayer( 2267): info/warning (704, 14)
I/MediaPlayer.java( 2267): Info (704,14)
D/MediaPlayerService(  739): [20] notify (0x190b20, 200, 704, 14)
D/MstarPlayer(  739): percent: 14
W/MediaPlayer( 2267): info/warning (704, 14)
I/MediaPlayer.java( 2267): Info (704,14)
D/MediaPlayerService(  739): [20] notify (0x190b20, 200, 704, 14)
D/MstarPlayer(  739): percent: 14
W/MediaPlayer( 2267): info/warning (704, 14)
I/MediaPlayer.java( 2267): Info (704,14)
D/dalvikvm( 1674): GC_CONCURRENT freed 742K, 62% free 2955K/7747K, paused 4ms+4ms
D/MediaPlayerService(  739): [20] notify (0x190b20, 200, 704, 14)
D/MstarPlayer(  739): percent: 14
W/MediaPlayer( 2267): info/warning (704, 14)
I/MediaPlayer.java( 2267): Info (704,14)
D/MediaPlayerService(  739): [20] notify (0x190b20, 200, 704, 14)
D/MstarPlayer(  739): percent: 14
W/MediaPlayer( 2267): info/warning (704, 14)
I/MediaPlayer.java( 2267): Info (704,14)
D/MediaPlayerService(  739): [20] notify (0x190b20, 200, 704, 14)
D/MstarPlayer(  739): percent: 14
W/MediaPlayer( 2267): info/warning (704, 14)
I/MediaPlayer.java( 2267): Info (704,14)
D/MediaPlayerService(  739): [20] notify (0x190b20, 200, 704, 14)
D/MstarPlayer(  739): percent: 14
W/MediaPlayer( 2267): info/warning (704, 14)
I/MediaPlayer.java( 2267): Info (704,14)
D/dalvikvm( 1674): GC_CONCURRENT freed 837K, 63% free 2868K/7747K, paused 3ms+3ms
D/MediaPlayerService(  739): [20] notify (0x190b20, 200, 704, 14)
D/MstarPlayer(  739): percent: 14
W/MediaPlayer( 2267): info/warning (704, 14)
I/MediaPlayer.java( 2267): Info (704,14)
D/MediaPlayerService(  739): [20] notify (0x190b20, 200, 704, 14)
D/MstarPlayer(  739): percent: 14
W/MediaPlayer( 2267): info/warning (704, 14)
I/MediaPlayer.java( 2267): Info (704,14)
D/MediaPlayerService(  739): [20] notify (0x190b20, 200, 704, 14)
D/MstarPlayer(  739): percent: 14
W/MediaPlayer( 2267): info/warning (704, 14)
I/MediaPlayer.java( 2267): Info (704,14)
D/MediaPlayerService(  739): [20] notify (0x190b20, 200, 704, 14)
D/MstarPlayer(  739): percent: 14
W/MediaPlayer( 2267): info/warning (704, 14)
I/MediaPlayer.java( 2267): Info (704,14)
D/MediaPlayerService(  739): [20] notify (0x190b20, 200, 704, 14)
D/MstarPlayer(  739): percent: 14
W/MediaPlayer( 2267): info/warning (704, 14)
I/MediaPlayer.java( 2267): Info (704,14)
D/MediaPlayerService(  739): [20] notify (0x190b20, 200, 704, 14)
D/MstarPlayer(  739): percent: 14
W/MediaPlayer( 2267): info/warning (704, 14)
I/MediaPlayer.java( 2267): Info (704,14)
D/dalvikvm( 1674): GC_CONCURRENT freed 719K, 64% free 2865K/7747K, paused 3ms+3ms
D/MediaPlayerService(  739): [20] notify (0x190b20, 200, 704, 14)
D/MstarPlayer(  739): percent: 14
W/MediaPlayer( 2267): info/warning (704, 14)
I/MediaPlayer.java( 2267): Info (704,14)
D/MediaPlayerService(  739): [20] notify (0x190b20, 200, 704, 14)
D/MstarPlayer(  739): percent: 14
W/MediaPlayer( 2267): info/warning (704, 14)
I/MediaPlayer.java( 2267): Info (704,14)
D/MediaPlayerService(  739): [20] notify (0x190b20, 200, 704, 14)
D/MstarPlayer(  739): percent: 14
W/MediaPlayer( 2267): info/warning (704, 14)
I/MediaPlayer.java( 2267): Info (704,14)
D/MediaPlayerService(  739): [20] notify (0x190b20, 200, 704, 14)
D/MstarPlayer(  739): percent: 14
W/MediaPlayer( 2267): info/warning (704, 14)
I/MediaPlayer.java( 2267): Info (704,14)
D/MediaPlayerService(  739): [20] notify (0x190b20, 200, 704, 14)
D/MstarPlayer(  739): percent: 14
W/MediaPlayer( 2267): info/warning (704, 14)
I/MediaPlayer.java( 2267): Info (704,14)
D/MediaPlayerService(  739): [20] notify (0x190b20, 200, 704, 14)
D/MstarPlayer(  739): percent: 14
W/MediaPlayer( 2267): info/warning (704, 14)
I/MediaPlayer.java( 2267): Info (704,14)
D/MediaPlayerService(  739): [20] notify (0x190b20, 200, 704, 14)
D/MstarPlayer(  739): percent: 14
W/MediaPlayer( 2267): info/warning (704, 14)
I/MediaPlayer.java( 2267): Info (704,14)
D/MediaPlayerService(  739): [20] notify (0x190b20, 200, 704, 14)
D/MstarPlayer(  739): percent: 14
W/MediaPlayer( 2267): info/warning (704, 14)
I/MediaPlayer.java( 2267): Info (704,14)
D/MediaPlayerService(  739): [20] notify (0x190b20, 200, 704, 14)
D/MstarPlayer(  739): percent: 14
W/MediaPlayer( 2267): info/warning (704, 14)
I/MediaPlayer.java( 2267): Info (704,14)
D/MediaPlayerService(  739): [20] notify (0x190b20, 200, 704, 14)
D/MstarPlayer(  739): percent: 14
W/MediaPlayer( 2267): info/warning (704, 14)
I/MediaPlayer.java( 2267): Info (704,14)
D/MediaPlayerService(  739): [20] notify (0x190b20, 200, 704, 14)
D/MstarPlayer(  739): percent: 14
W/MediaPlayer( 2267): info/warning (704, 14)
I/MediaPlayer.java( 2267): Info (704,14)
D/MediaPlayerService(  739): [20] notify (0x190b20, 200, 704, 14)
D/MstarPlayer(  739): percent: 14
W/MediaPlayer( 2267): info/warning (704, 14)
I/MediaPlayer.java( 2267): Info (704,14)
D/MediaPlayerService(  739): [20] notify (0x190b20, 200, 704, 14)
D/MstarPlayer(  739): percent: 14
W/MediaPlayer( 2267): info/warning (704, 14)
I/MediaPlayer.java( 2267): Info (704,14)
D/MediaPlayerService(  739): [20] notify (0x190b20, 200, 704, 14)
D/MstarPlayer(  739): percent: 14
W/MediaPlayer( 2267): info/warning (704, 14)
I/MediaPlayer.java( 2267): Info (704,14)
D/MediaPlayerService(  739): [20] notify (0x190b20, 200, 704, 14)
D/MstarPlayer(  739): percent: 14
W/MediaPlayer( 2267): info/warning (704, 14)
I/MediaPlayer.java( 2267): Info (704,14)
D/MediaPlayerService(  739): [20] notify (0x190b20, 200, 704, 14)
D/MstarPlayer(  739): percent: 14
W/MediaPlayer( 2267): info/warning (704, 14)
I/MediaPlayer.java( 2267): Info (704,14)
D/MediaPlayerService(  739): [20] notify (0x190b20, 200, 704, 14)
D/MstarPlayer(  739): percent: 14
W/MediaPlayer( 2267): info/warning (704, 14)
I/MediaPlayer.java( 2267): Info (704,14)
D/MediaPlayerService(  739): [20] notify (0x190b20, 200, 704, 14)
D/MstarPlayer(  739): percent: 14
W/MediaPlayer( 2267): info/warning (704, 14)
I/MediaPlayer.java( 2267): Info (704,14)
D/MediaPlayerService(  739): [20] notify (0x190b20, 200, 704, 14)
D/MstarPlayer(  739): percent: 14
W/MediaPlayer( 2267): info/warning (704, 14)
I/MediaPlayer.java( 2267): Info (704,14)
D/MediaPlayerService(  739): [20] notify (0x190b20, 200, 704, 14)
D/MstarPlayer(  739): percent: 14
W/MediaPlayer( 2267): info/warning (704, 14)
I/MediaPlayer.java( 2267): Info (704,14)
D/MediaPlayerService(  739): [20] notify (0x190b20, 200, 704, 14)
D/MstarPlayer(  739): percent: 14
W/MediaPlayer( 2267): info/warning (704, 14)
I/MediaPlayer.java( 2267): Info (704,14)
D/MediaPlayerService(  739): [20] notify (0x190b20, 200, 704, 14)
D/MstarPlayer(  739): percent: 14
W/MediaPlayer( 2267): info/warning (704, 14)
I/MediaPlayer.java( 2267): Info (704,14)
D/MediaPlayerService(  739): [20] notify (0x190b20, 200, 704, 14)
D/MstarPlayer(  739): percent: 14
W/MediaPlayer( 2267): info/warning (704, 14)
I/MediaPlayer.java( 2267): Info (704,14)
D/MediaPlayerService(  739): [20] notify (0x190b20, 200, 704, 14)
D/MstarPlayer(  739): percent: 14
W/MediaPlayer( 2267): info/warning (704, 14)
I/MediaPlayer.java( 2267): Info (704,14)
D/MediaPlayerService(  739): [20] notify (0x190b20, 200, 704, 14)
D/MstarPlayer(  739): percent: 14
W/MediaPlayer( 2267): info/warning (704, 14)
I/MediaPlayer.java( 2267): Info (704,14)
D/MediaPlayerService(  739): [20] notify (0x190b20, 200, 704, 14)
D/MstarPlayer(  739): percent: 14
W/MediaPlayer( 2267): info/warning (704, 14)
I/MediaPlayer.java( 2267): Info (704,14)
D/MediaPlayerService(  739): [20] notify (0x190b20, 200, 704, 14)
D/MstarPlayer(  739): percent: 14
W/MediaPlayer( 2267): info/warning (704, 14)
I/MediaPlayer.java( 2267): Info (704,14)
D/MediaPlayerService(  739): [20] notify (0x190b20, 200, 704, 14)
D/MstarPlayer(  739): percent: 14
W/MediaPlayer( 2267): info/warning (704, 14)
I/MediaPlayer.java( 2267): Info (704,14)
D/MonitorCw880( 1544): currentRemoteHost is null ,continue
D/MediaPlayerService(  739): [20] notify (0x190b20, 200, 704, 14)
D/MstarPlayer(  739): percent: 14
W/MediaPlayer( 2267): info/warning (704, 14)
I/MediaPlayer.java( 2267): Info (704,14)
D/MediaPlayerService(  739): [20] notify (0x190b20, 200, 704, 14)
D/MstarPlayer(  739): percent: 14
W/MediaPlayer( 2267): info/warning (704, 14)
I/MediaPlayer.java( 2267): Info (704,14)
D/MediaPlayerService(  739): [20] notify (0x190b20, 200, 704, 14)
D/MstarPlayer(  739): percent: 14
W/MediaPlayer( 2267): info/warning (704, 14)
I/MediaPlayer.java( 2267): Info (704,14)
D/MediaPlayerService(  739): [20] notify (0x190b20, 200, 704, 14)
D/MstarPlayer(  739): percent: 14
W/MediaPlayer( 2267): info/warning (704, 14)
I/MediaPlayer.java( 2267): Info (704,14)
D/MediaPlayerService(  739): [20] notify (0x190b20, 200, 704, 14)
D/MstarPlayer(  739): percent: 14
W/MediaPlayer( 2267): info/warning (704, 14)
I/MediaPlayer.java( 2267): Info (704,14)
D/MediaPlayerService(  739): [20] notify (0x190b20, 200, 704, 14)
D/MstarPlayer(  739): percent: 14
W/MediaPlayer( 2267): info/warning (704, 14)
I/MediaPlayer.java( 2267): Info (704,14)
D/MediaPlayerService(  739): [20] notify (0x190b20, 200, 704, 14)
D/MstarPlayer(  739): percent: 14
W/MediaPlayer( 2267): info/warning (704, 14)
I/MediaPlayer.java( 2267): Info (704,14)
D/MediaPlayerService(  739): [20] notify (0x190b20, 200, 704, 14)
D/MstarPlayer(  739): percent: 14
W/MediaPlayer( 2267): info/warning (704, 14)
I/MediaPlayer.java( 2267): Info (704,14)
D/MediaPlayerService(  739): [20] notify (0x190b20, 200, 704, 14)
D/MstarPlayer(  739): percent: 14
W/MediaPlayer( 2267): info/warning (704, 14)
I/MediaPlayer.java( 2267): Info (704,14)
D/MediaPlayerService(  739): [20] notify (0x190b20, 200, 704, 14)
D/MstarPlayer(  739): percent: 14
W/MediaPlayer( 2267): info/warning (704, 14)
I/MediaPlayer.java( 2267): Info (704,14)
D/MediaPlayerService(  739): [20] notify (0x190b20, 200, 704, 14)
D/MstarPlayer(  739): percent: 14
W/MediaPlayer( 2267): info/warning (704, 14)
I/MediaPlayer.java( 2267): Info (704,14)
D/MediaPlayerService(  739): [20] notify (0x190b20, 200, 704, 14)
D/MstarPlayer(  739): percent: 14
W/MediaPlayer( 2267): info/warning (704, 14)
I/MediaPlayer.java( 2267): Info (704,14)
D/MediaPlayerService(  739): [20] notify (0x190b20, 200, 704, 14)
D/MstarPlayer(  739): percent: 14
W/MediaPlayer( 2267): info/warning (704, 14)
I/MediaPlayer.java( 2267): Info (704,14)
D/MediaPlayerService(  739): [20] notify (0x190b20, 200, 704, 14)
D/MstarPlayer(  739): percent: 14
W/MediaPlayer( 2267): info/warning (704, 14)
I/MediaPlayer.java( 2267): Info (704,14)
D/MediaPlayerService(  739): [20] notify (0x190b20, 200, 704, 14)
D/MstarPlayer(  739): percent: 14
W/MediaPlayer( 2267): info/warning (704, 14)
I/MediaPlayer.java( 2267): Info (704,14)
D/MediaPlayerService(  739): [20] notify (0x190b20, 200, 704, 14)
D/MstarPlayer(  739): percent: 14
W/MediaPlayer( 2267): info/warning (704, 14)
I/MediaPlayer.java( 2267): Info (704,14)
D/MediaPlayerService(  739): [20] notify (0x190b20, 200, 704, 14)
D/MstarPlayer(  739): percent: 14
W/MediaPlayer( 2267): info/warning (704, 14)
I/MediaPlayer.java( 2267): Info (704,14)
D/MediaPlayerService(  739): [20] notify (0x190b20, 200, 704, 14)
D/MstarPlayer(  739): percent: 14
W/MediaPlayer( 2267): info/warning (704, 14)
I/MediaPlayer.java( 2267): Info (704,14)
D/MediaPlayerService(  739): [20] notify (0x190b20, 200, 704, 14)
D/MstarPlayer(  739): percent: 14
W/MediaPlayer( 2267): info/warning (704, 14)
I/MediaPlayer.java( 2267): Info (704,14)
D/MediaPlayerService(  739): [20] notify (0x190b20, 200, 704, 14)
D/MstarPlayer(  739): percent: 14
W/MediaPlayer( 2267): info/warning (704, 14)
I/MediaPlayer.java( 2267): Info (704,14)
D/MediaPlayerService(  739): [20] notify (0x190b20, 200, 704, 14)
D/MstarPlayer(  739): percent: 14
W/MediaPlayer( 2267): info/warning (704, 14)
I/MediaPlayer.java( 2267): Info (704,14)
D/MediaPlayerService(  739): [20] notify (0x190b20, 200, 704, 14)
D/MstarPlayer(  739): percent: 14
W/MediaPlayer( 2267): info/warning (704, 14)
I/MediaPlayer.java( 2267): Info (704,14)
D/MediaPlayerService(  739): [20] notify (0x190b20, 200, 704, 14)
D/MstarPlayer(  739): percent: 14
W/MediaPlayer( 2267): info/warning (704, 14)
I/MediaPlayer.java( 2267): Info (704,14)
D/MediaPlayerService(  739): [20] notify (0x190b20, 200, 704, 14)
D/MstarPlayer(  739): percent: 14
W/MediaPlayer( 2267): info/warning (704, 14)
I/MediaPlayer.java( 2267): Info (704,14)
D/MediaPlayerService(  739): [20] notify (0x190b20, 200, 704, 14)
D/MstarPlayer(  739): percent: 14
W/MediaPlayer( 2267): info/warning (704, 14)
I/MediaPlayer.java( 2267): Info (704,14)
D/MediaPlayerService(  739): [20] notify (0x190b20, 200, 704, 14)
D/MstarPlayer(  739): percent: 14
W/MediaPlayer( 2267): info/warning (704, 14)
I/MediaPlayer.java( 2267): Info (704,14)
D/MediaPlayerService(  739): [20] notify (0x190b20, 200, 704, 14)
D/MstarPlayer(  739): percent: 14
W/MediaPlayer( 2267): info/warning (704, 14)
I/MediaPlayer.java( 2267): Info (704,14)
D/MediaPlayerService(  739): [20] notify (0x190b20, 200, 704, 14)
D/MstarPlayer(  739): percent: 14
W/MediaPlayer( 2267): info/warning (704, 14)
I/MediaPlayer.java( 2267): Info (704,14)
D/MediaPlayerService(  739): [20] notify (0x190b20, 200, 704, 14)
D/MstarPlayer(  739): percent: 14
W/MediaPlayer( 2267): info/warning (704, 14)
I/MediaPlayer.java( 2267): Info (704,14)
D/MediaPlayerService(  739): [20] notify (0x190b20, 200, 704, 14)
D/MstarPlayer(  739): percent: 14
W/MediaPlayer( 2267): info/warning (704, 14)
I/MediaPlayer.java( 2267): Info (704,14)
D/MediaPlayerService(  739): [20] notify (0x190b20, 200, 704, 14)
D/MstarPlayer(  739): percent: 14
W/MediaPlayer( 2267): info/warning (704, 14)
I/MediaPlayer.java( 2267): Info (704,14)
D/MediaPlayerService(  739): [20] notify (0x190b20, 200, 704, 14)
D/MstarPlayer(  739): percent: 14
W/MediaPlayer( 2267): info/warning (704, 14)
I/MediaPlayer.java( 2267): Info (704,14)
D/MediaPlayerService(  739): [20] notify (0x190b20, 200, 704, 14)
D/MstarPlayer(  739): percent: 14
W/MediaPlayer( 2267): info/warning (704, 14)
I/MediaPlayer.java( 2267): Info (704,14)
D/MediaPlayerService(  739): [20] notify (0x190b20, 200, 704, 14)
D/MstarPlayer(  739): percent: 14
W/MediaPlayer( 2267): info/warning (704, 14)
I/MediaPlayer.java( 2267): Info (704,14)
D/MediaPlayerService(  739): [20] notify (0x190b20, 200, 704, 14)
D/MstarPlayer(  739): percent: 14
W/MediaPlayer( 2267): info/warning (704, 14)
I/MediaPlayer.java( 2267): Info (704,14)
D/MediaPlayerService(  739): [20] notify (0x190b20, 200, 704, 14)
D/MstarPlayer(  739): percent: 14
W/MediaPlayer( 2267): info/warning (704, 14)
I/MediaPlayer.java( 2267): Info (704,14)
D/MediaPlayerService(  739): [20] notify (0x190b20, 200, 704, 14)
D/MstarPlayer(  739): percent: 14
W/MediaPlayer( 2267): info/warning (704, 14)
I/MediaPlayer.java( 2267): Info (704,14)
D/MediaPlayerService(  739): [20] notify (0x190b20, 200, 704, 14)
D/MstarPlayer(  739): percent: 14
W/MediaPlayer( 2267): info/warning (704, 14)
I/MediaPlayer.java( 2267): Info (704,14)
D/MediaPlayerService(  739): [20] notify (0x190b20, 200, 704, 14)
D/MstarPlayer(  739): percent: 14
W/MediaPlayer( 2267): info/warning (704, 14)
I/MediaPlayer.java( 2267): Info (704,14)
D/MediaPlayerService(  739): [20] notify (0x190b20, 200, 704, 19)
D/MstarPlayer(  739): percent: 19
W/MediaPlayer( 2267): info/warning (704, 19)
I/MediaPlayer.java( 2267): Info (704,19)
D/MediaPlayerService(  739): [20] notify (0x190b20, 200, 704, 19)
D/MstarPlayer(  739): percent: 19
W/MediaPlayer( 2267): info/warning (704, 19)
I/MediaPlayer.java( 2267): Info (704,19)
D/MediaPlayerService(  739): [20] notify (0x190b20, 200, 704, 19)
D/MstarPlayer(  739): percent: 19
W/MediaPlayer( 2267): info/warning (704, 19)
I/MediaPlayer.java( 2267): Info (704,19)
D/MediaPlayerService(  739): [20] notify (0x190b20, 200, 704, 19)
D/MstarPlayer(  739): percent: 19
W/MediaPlayer( 2267): info/warning (704, 19)
I/MediaPlayer.java( 2267): Info (704,19)
D/MediaPlayerService(  739): [20] notify (0x190b20, 200, 704, 19)
D/MstarPlayer(  739): percent: 19
W/MediaPlayer( 2267): info/warning (704, 19)
I/MediaPlayer.java( 2267): Info (704,19)
D/MediaPlayerService(  739): [20] notify (0x190b20, 200, 704, 19)
D/MstarPlayer(  739): percent: 19
W/MediaPlayer( 2267): info/warning (704, 19)
I/MediaPlayer.java( 2267): Info (704,19)
D/MediaPlayerService(  739): [20] notify (0x190b20, 200, 704, 23)
D/MstarPlayer(  739): percent: 23
W/MediaPlayer( 2267): info/warning (704, 23)
I/MediaPlayer.java( 2267): Info (704,23)
D/MediaPlayerService(  739): [20] notify (0x190b20, 200, 704, 23)
D/MstarPlayer(  739): percent: 23
W/MediaPlayer( 2267): info/warning (704, 23)
I/MediaPlayer.java( 2267): Info (704,23)
D/MediaPlayerService(  739): [20] notify (0x190b20, 200, 704, 23)
D/MstarPlayer(  739): percent: 23
W/MediaPlayer( 2267): info/warning (704, 23)
I/MediaPlayer.java( 2267): Info (704,23)
D/MediaPlayerService(  739): [20] notify (0x190b20, 200, 704, 23)
D/MstarPlayer(  739): percent: 23
W/MediaPlayer( 2267): info/warning (704, 23)
I/MediaPlayer.java( 2267): Info (704,23)
D/MediaPlayerService(  739): [20] notify (0x190b20, 200, 704, 23)
D/MstarPlayer(  739): percent: 23
W/MediaPlayer( 2267): info/warning (704, 23)
I/MediaPlayer.java( 2267): Info (704,23)
D/MediaPlayerService(  739): [20] notify (0x190b20, 200, 704, 23)
D/MstarPlayer(  739): percent: 23
W/MediaPlayer( 2267): info/warning (704, 23)
I/MediaPlayer.java( 2267): Info (704,23)
D/MediaPlayerService(  739): [20] notify (0x190b20, 200, 704, 26)
D/MstarPlayer(  739): percent: 26
W/MediaPlayer( 2267): info/warning (704, 26)
I/MediaPlayer.java( 2267): Info (704,26)
D/MediaPlayerService(  739): [20] notify (0x190b20, 200, 704, 30)
D/MstarPlayer(  739): percent: 30
W/MediaPlayer( 2267): info/warning (704, 30)
I/MediaPlayer.java( 2267): Info (704,30)
D/MediaPlayerService(  739): [20] notify (0x190b20, 200, 704, 30)
D/MstarPlayer(  739): percent: 30
W/MediaPlayer( 2267): info/warning (704, 30)
I/MediaPlayer.java( 2267): Info (704,30)
D/MediaPlayerService(  739): [20] notify (0x190b20, 200, 704, 30)
D/MstarPlayer(  739): percent: 30
W/MediaPlayer( 2267): info/warning (704, 30)
I/MediaPlayer.java( 2267): Info (704,30)
D/MediaPlayerService(  739): [20] notify (0x190b20, 200, 704, 30)
D/MstarPlayer(  739): percent: 30
W/MediaPlayer( 2267): info/warning (704, 30)
I/MediaPlayer.java( 2267): Info (704,30)
D/MediaPlayerService(  739): [20] notify (0x190b20, 200, 704, 30)
D/MstarPlayer(  739): percent: 30
W/MediaPlayer( 2267): info/warning (704, 30)
I/MediaPlayer.java( 2267): Info (704,30)
D/MediaPlayerService(  739): [20] notify (0x190b20, 200, 704, 39)
D/MstarPlayer(  739): percent: 39
W/MediaPlayer( 2267): info/warning (704, 39)
I/MediaPlayer.java( 2267): Info (704,39)
D/MediaPlayerService(  739): [20] notify (0x190b20, 200, 704, 39)
D/MstarPlayer(  739): percent: 39
W/MediaPlayer( 2267): info/warning (704, 39)
I/MediaPlayer.java( 2267): Info (704,39)
D/MediaPlayerService(  739): [20] notify (0x190b20, 200, 704, 39)
D/MstarPlayer(  739): percent: 39
W/MediaPlayer( 2267): info/warning (704, 39)
I/MediaPlayer.java( 2267): Info (704,39)
D/MediaPlayerService(  739): [20] notify (0x190b20, 200, 704, 39)
D/MstarPlayer(  739): percent: 39
W/MediaPlayer( 2267): info/warning (704, 39)
I/MediaPlayer.java( 2267): Info (704,39)
D/MediaPlayerService(  739): [20] notify (0x190b20, 200, 704, 39)
D/MstarPlayer(  739): percent: 39
W/MediaPlayer( 2267): info/warning (704, 39)
I/MediaPlayer.java( 2267): Info (704,39)
D/MediaPlayerService(  739): [20] notify (0x190b20, 200, 704, 39)
D/MstarPlayer(  739): percent: 39
W/MediaPlayer( 2267): info/warning (704, 39)
I/MediaPlayer.java( 2267): Info (704,39)
D/MediaPlayerService(  739): [20] notify (0x190b20, 200, 704, 42)
D/MstarPlayer(  739): percent: 42
W/MediaPlayer( 2267): info/warning (704, 42)
I/MediaPlayer.java( 2267): Info (704,42)
D/MediaPlayerService(  739): [20] notify (0x190b20, 200, 704, 52)
D/MstarPlayer(  739): percent: 52
W/MediaPlayer( 2267): info/warning (704, 52)
I/MediaPlayer.java( 2267): Info (704,52)
D/MediaPlayerService(  739): [20] notify (0x190b20, 200, 704, 62)
D/MstarPlayer(  739): percent: 62
W/MediaPlayer( 2267): info/warning (704, 62)
I/MediaPlayer.java( 2267): Info (704,62)
D/MediaPlayerService(  739): [20] notify (0x190b20, 200, 704, 62)
D/MstarPlayer(  739): percent: 62
W/MediaPlayer( 2267): info/warning (704, 62)
I/MediaPlayer.java( 2267): Info (704,62)
D/MediaPlayerService(  739): [20] notify (0x190b20, 200, 704, 62)
D/MstarPlayer(  739): percent: 62
W/MediaPlayer( 2267): info/warning (704, 62)
I/MediaPlayer.java( 2267): Info (704,62)
D/MediaPlayerService(  739): [20] notify (0x190b20, 200, 704, 62)
D/MstarPlayer(  739): percent: 62
W/MediaPlayer( 2267): info/warning (704, 62)
I/MediaPlayer.java( 2267): Info (704,62)
D/MediaPlayerService(  739): [20] notify (0x190b20, 200, 704, 65)
D/MstarPlayer(  739): percent: 65
W/MediaPlayer( 2267): info/warning (704, 65)
I/MediaPlayer.java( 2267): Info (704,65)
D/MediaPlayerService(  739): [20] notify (0x190b20, 200, 704, 65)
D/MstarPlayer(  739): percent: 65
W/MediaPlayer( 2267): info/warning (704, 65)
I/MediaPlayer.java( 2267): Info (704,65)
D/MediaPlayerService(  739): [20] notify (0x190b20, 200, 704, 65)
D/MstarPlayer(  739): percent: 65
W/MediaPlayer( 2267): info/warning (704, 65)
I/MediaPlayer.java( 2267): Info (704,65)
D/MediaPlayerService(  739): [20] notify (0x190b20, 200, 704, 65)
D/MstarPlayer(  739): percent: 65
W/MediaPlayer( 2267): info/warning (704, 65)
I/MediaPlayer.java( 2267): Info (704,65)
D/MediaPlayerService(  739): [20] notify (0x190b20, 200, 704, 65)
D/MstarPlayer(  739): percent: 65
W/MediaPlayer( 2267): info/warning (704, 65)
I/MediaPlayer.java( 2267): Info (704,65)
D/MediaPlayerService(  739): [20] notify (0x190b20, 200, 704, 65)
D/MstarPlayer(  739): percent: 65
W/MediaPlayer( 2267): info/warning (704, 65)
I/MediaPlayer.java( 2267): Info (704,65)
D/MediaPlayerService(  739): [20] notify (0x190b20, 200, 704, 65)
D/MstarPlayer(  739): percent: 65
W/MediaPlayer( 2267): info/warning (704, 65)
I/MediaPlayer.java( 2267): Info (704,65)
D/MediaPlayerService(  739): [20] notify (0x190b20, 200, 704, 65)
D/MstarPlayer(  739): percent: 65
W/MediaPlayer( 2267): info/warning (704, 65)
I/MediaPlayer.java( 2267): Info (704,65)
D/MediaPlayerService(  739): [20] notify (0x190b20, 200, 704, 65)
D/MstarPlayer(  739): percent: 65
W/MediaPlayer( 2267): info/warning (704, 65)
I/MediaPlayer.java( 2267): Info (704,65)
D/MediaPlayerService(  739): [20] notify (0x190b20, 200, 704, 65)
D/MstarPlayer(  739): percent: 65
W/MediaPlayer( 2267): info/warning (704, 65)
I/MediaPlayer.java( 2267): Info (704,65)
D/MediaPlayerService(  739): [20] notify (0x190b20, 200, 704, 65)
D/MstarPlayer(  739): percent: 65
W/MediaPlayer( 2267): info/warning (704, 65)
I/MediaPlayer.java( 2267): Info (704,65)
D/MediaPlayerService(  739): [20] notify (0x190b20, 200, 704, 65)
D/MstarPlayer(  739): percent: 65
W/MediaPlayer( 2267): info/warning (704, 65)
I/MediaPlayer.java( 2267): Info (704,65)
D/MediaPlayerService(  739): [20] notify (0x190b20, 200, 704, 65)
D/MstarPlayer(  739): percent: 65
W/MediaPlayer( 2267): info/warning (704, 65)
I/MediaPlayer.java( 2267): Info (704,65)
D/MediaPlayerService(  739): [20] notify (0x190b20, 200, 704, 65)
D/MstarPlayer(  739): percent: 65
W/MediaPlayer( 2267): info/warning (704, 65)
I/MediaPlayer.java( 2267): Info (704,65)
D/MediaPlayerService(  739): [20] notify (0x190b20, 200, 704, 65)
D/MstarPlayer(  739): percent: 65
W/MediaPlayer( 2267): info/warning (704, 65)
I/MediaPlayer.java( 2267): Info (704,65)
D/MediaPlayerService(  739): [20] notify (0x190b20, 200, 704, 65)
D/MstarPlayer(  739): percent: 65
W/MediaPlayer( 2267): info/warning (704, 65)
I/MediaPlayer.java( 2267): Info (704,65)
D/MediaPlayerService(  739): [20] notify (0x190b20, 200, 704, 65)
D/MstarPlayer(  739): percent: 65
W/MediaPlayer( 2267): info/warning (704, 65)
I/MediaPlayer.java( 2267): Info (704,65)
D/MediaPlayerService(  739): [20] notify (0x190b20, 200, 704, 65)
D/MstarPlayer(  739): percent: 65
W/MediaPlayer( 2267): info/warning (704, 65)
I/MediaPlayer.java( 2267): Info (704,65)
D/MediaPlayerService(  739): [20] notify (0x190b20, 200, 704, 75)
D/MstarPlayer(  739): percent: 75
W/MediaPlayer( 2267): info/warning (704, 75)
I/MediaPlayer.java( 2267): Info (704,75)
D/MediaPlayerService(  739): [20] notify (0x190b20, 200, 704, 75)
D/MstarPlayer(  739): percent: 75
W/MediaPlayer( 2267): info/warning (704, 75)
I/MediaPlayer.java( 2267): Info (704,75)
D/MediaPlayerService(  739): [20] notify (0x190b20, 200, 704, 75)
D/MstarPlayer(  739): percent: 75
W/MediaPlayer( 2267): info/warning (704, 75)
I/MediaPlayer.java( 2267): Info (704,75)
D/MediaPlayerService(  739): [20] notify (0x190b20, 200, 704, 75)
D/MstarPlayer(  739): percent: 75
W/MediaPlayer( 2267): info/warning (704, 75)
I/MediaPlayer.java( 2267): Info (704,75)
D/MediaPlayerService(  739): [20] notify (0x190b20, 200, 704, 75)
D/MstarPlayer(  739): percent: 75
W/MediaPlayer( 2267): info/warning (704, 75)
I/MediaPlayer.java( 2267): Info (704,75)
D/MediaPlayerService(  739): [20] notify (0x190b20, 200, 704, 75)
D/MstarPlayer(  739): percent: 75
W/MediaPlayer( 2267): info/warning (704, 75)
I/MediaPlayer.java( 2267): Info (704,75)
D/MediaPlayerService(  739): [20] notify (0x190b20, 200, 704, 84)
D/MstarPlayer(  739): percent: 84
W/MediaPlayer( 2267): info/warning (704, 84)
I/MediaPlayer.java( 2267): Info (704,84)
D/MediaPlayerService(  739): [20] notify (0x190b20, 200, 704, 84)
D/MstarPlayer(  739): percent: 84
W/MediaPlayer( 2267): info/warning (704, 84)
I/MediaPlayer.java( 2267): Info (704,84)
D/MediaPlayerService(  739): [20] notify (0x190b20, 200, 704, 84)
D/MstarPlayer(  739): percent: 84
W/MediaPlayer( 2267): info/warning (704, 84)
I/MediaPlayer.java( 2267): Info (704,84)
D/MediaPlayerService(  739): [20] notify (0x190b20, 200, 704, 84)
D/MstarPlayer(  739): percent: 84
W/MediaPlayer( 2267): info/warning (704, 84)
I/MediaPlayer.java( 2267): Info (704,84)
D/MediaPlayerService(  739): [20] notify (0x190b20, 200, 704, 84)
