03-26 10:10:36.543 E/DropBoxManagerService(  379): 	at com.android.server.DropBoxManagerService$EntryFile.<init>(DropBoxManagerService.java:496)
03-26 10:10:36.543 E/DropBoxManagerService(  379): 	at com.android.server.DropBoxManagerService.createEntry(DropBoxManagerService.java:677)
03-26 10:10:36.543 E/DropBoxManagerService(  379): 	at com.android.server.DropBoxManagerService.add(DropBoxManagerService.java:242)
03-26 10:10:36.543 E/DropBoxManagerService(  379): 	at android.os.DropBoxManager.addData(DropBoxManager.java:284)
03-26 10:10:36.543 E/DropBoxManagerService(  379): 	at com.android.server.net.NetworkStatsRecorder.recoverFromWtf(NetworkStatsRecorder.java:388)
03-26 10:10:36.543 E/DropBoxManagerService(  379): 	at com.android.server.net.NetworkStatsRecorder.forcePersistLocked(NetworkStatsRecorder.java:227)
03-26 10:10:36.543 E/DropBoxManagerService(  379): 	at com.android.server.net.NetworkStatsRecorder.maybePersistLocked(NetworkStatsRecorder.java:209)
03-26 10:10:36.543 E/DropBoxManagerService(  379): 	at com.android.server.net.NetworkStatsService.performPollLocked(NetworkStatsService.java:971)
03-26 10:10:36.543 E/DropBoxManagerService(  379): 	at com.android.server.net.NetworkStatsService.performPoll(NetworkStatsService.java:917)
03-26 10:10:36.543 E/DropBoxManagerService(  379): 	at com.android.server.net.NetworkStatsService.access$700(NetworkStatsService.java:131)
03-26 10:10:36.543 E/DropBoxManagerService(  379): 	at com.android.server.net.NetworkStatsService$9.handleMessage(NetworkStatsService.java:1152)
03-26 10:10:36.543 E/DropBoxManagerService(  379): 	at android.os.Handler.dispatchMessage(Handler.java:95)
03-26 10:10:36.543 E/DropBoxManagerService(  379): 	at android.os.Looper.loop(Looper.java:137)
03-26 10:10:36.543 E/DropBoxManagerService(  379): 	at android.os.HandlerThread.run(HandlerThread.java:60)
03-26 10:10:36.543 D/NetworkPolicy(  379): setNetworkTemplateEnabled(): match rule = 1
03-26 10:10:36.553 D/MobileDataStateTracker(  379): default: setPolicyDataEnable(enabled=true)
03-26 10:10:52.288 E/DropBoxManagerService(  379): Can't write: system_server_wtf
03-26 10:10:52.288 E/DropBoxManagerService(  379): java.io.IOException: write failed: ENOSPC (No space left on device)
03-26 10:10:52.288 E/DropBoxManagerService(  379): 	at libcore.io.IoBridge.write(IoBridge.java:462)
03-26 10:10:52.288 E/DropBoxManagerService(  379): 	at java.io.FileOutputStream.write(FileOutputStream.java:187)
03-26 10:10:52.288 E/DropBoxManagerService(  379): 	at java.io.BufferedOutputStream.flushInternal(BufferedOutputStream.java:185)
03-26 10:10:52.288 E/DropBoxManagerService(  379): 	at java.io.BufferedOutputStream.flush(BufferedOutputStream.java:85)
03-26 10:10:52.288 E/DropBoxManagerService(  379): 	at java.io.FilterOutputStream.close(FilterOutputStream.java:61)
03-26 10:10:52.288 E/DropBoxManagerService(  379): 	at java.io.BufferedOutputStream.close(BufferedOutputStream.java:152)
03-26 10:10:52.288 E/DropBoxManagerService(  379): 	at com.android.server.DropBoxManagerService.add(DropBoxManagerService.java:227)
03-26 10:10:52.288 E/DropBoxManagerService(  379): 	at android.os.DropBoxManager.addText(DropBoxManager.java:272)
03-26 10:10:52.288 E/DropBoxManagerService(  379): 	at com.android.server.am.ActivityManagerService$13.run(ActivityManagerService.java:8337)
03-26 10:10:52.288 E/DropBoxManagerService(  379): 	at com.android.server.am.ActivityManagerService.addErrorToDropBox(ActivityManagerService.java:8344)
03-26 10:10:52.288 E/DropBoxManagerService(  379): 	at com.android.server.am.ActivityManagerService.handleApplicationWtf(ActivityManagerService.java:8155)
03-26 10:10:52.288 E/DropBoxManagerService(  379): 	at com.android.internal.os.RuntimeInit.wtf(RuntimeInit.java:329)
03-26 10:10:52.288 E/DropBoxManagerService(  379): 	at android.util.Log$1.onTerribleFailure(Log.java:103)
03-26 10:10:52.288 E/DropBoxManagerService(  379): 	at android.util.Log.wtf(Log.java:278)
03-26 10:10:52.288 E/DropBoxManagerService(  379): 	at com.android.server.net.NetworkStatsRecorder.forcePersistLocked(NetworkStatsRecorder.java:226)
03-26 10:10:52.288 E/DropBoxManagerService(  379): 	at com.android.server.net.NetworkStatsRecorder.maybePersistLocked(NetworkStatsRecorder.java:209)
03-26 10:10:52.288 E/DropBoxManagerService(  379): 	at com.android.server.net.NetworkStatsService.performPollLocked(NetworkStatsService.java:970)
03-26 10:10:52.288 E/DropBoxManagerService(  379): 	at com.android.server.net.NetworkStatsService.performPoll(NetworkStatsService.java:917)
03-26 10:10:52.288 E/DropBoxManagerService(  379): 	at com.android.server.net.NetworkStatsService.access$700(NetworkStatsService.java:131)
03-26 10:10:52.288 E/DropBoxManagerService(  379): 	at com.android.server.net.NetworkStatsService$9.handleMessage(NetworkStatsService.java:1152)
03-26 10:10:52.288 E/DropBoxManagerService(  379): 	at android.os.Handler.dispatchMessage(Handler.java:95)
03-26 10:10:52.288 E/DropBoxManagerService(  379): 	at android.os.Looper.loop(Looper.java:137)
03-26 10:10:52.288 E/DropBoxManagerService(  379): 	at android.os.HandlerThread.run(HandlerThread.java:60)
03-26 10:10:52.288 E/DropBoxManagerService(  379): Caused by: libcore.io.ErrnoException: write failed: ENOSPC (No space left on device)
03-26 10:10:52.288 E/DropBoxManagerService(  379): 	at libcore.io.Posix.writeBytes(Native Method)
03-26 10:10:52.288 E/DropBoxManagerService(  379): 	at libcore.io.Posix.write(Posix.java:178)
03-26 10:10:52.288 E/DropBoxManagerService(  379): 	at libcore.io.BlockGuardOs.write(BlockGuardOs.java:191)
03-26 10:10:52.288 E/DropBoxManagerService(  379): 	at libcore.io.IoBridge.write(IoBridge.java:457)
03-26 10:10:52.288 E/DropBoxManagerService(  379): 	... 22 more
03-26 10:10:52.348 E/DropBoxManagerService(  379): Can't write: netstats_dump
03-26 10:10:52.348 E/DropBoxManagerService(  379): java.io.IOException: Can't rename /data/system/dropbox/drop46.tmp to /data/system/dropbox/netstats_dump@1364263852306.dat
03-26 10:10:52.348 E/DropBoxManagerService(  379): 	at com.android.server.DropBoxManagerService$EntryFile.<init>(DropBoxManagerService.java:496)
03-26 10:10:52.348 E/DropBoxManagerService(  379): 	at com.android.server.DropBoxManagerService.createEntry(DropBoxManagerService.java:677)
03-26 10:10:52.348 E/DropBoxManagerService(  379): 	at com.android.server.DropBoxManagerService.add(DropBoxManagerService.java:242)
03-26 10:10:52.348 E/DropBoxManagerService(  379): 	at android.os.DropBoxManager.addData(DropBoxManager.java:284)
03-26 10:10:52.348 E/DropBoxManagerService(  379): 	at com.android.server.net.NetworkStatsRecorder.recoverFromWtf(NetworkStatsRecorder.java:388)
03-26 10:10:52.348 E/DropBoxManagerService(  379): 	at com.android.server.net.NetworkStatsRecorder.forcePersistLocked(NetworkStatsRecorder.java:227)
03-26 10:10:52.348 E/DropBoxManagerService(  379): 	at com.android.server.net.NetworkStatsRecorder.maybePersistLocked(NetworkStatsRecorder.java:209)
03-26 10:10:52.348 E/DropBoxManagerService(  379): 	at com.android.server.net.NetworkStatsService.performPollLocked(NetworkStatsService.java:970)
03-26 10:10:52.348 E/DropBoxManagerService(  379): 	at com.android.server.net.NetworkStatsService.performPoll(NetworkStatsService.java:917)
03-26 10:10:52.348 E/DropBoxManagerService(  379): 	at com.android.server.net.NetworkStatsService.access$700(NetworkStatsService.java:131)
03-26 10:10:52.348 E/DropBoxManagerService(  379): 	at com.android.server.net.NetworkStatsService$9.handleMessage(NetworkStatsService.java:1152)
03-26 10:10:52.348 E/DropBoxManagerService(  379): 	at android.os.Handler.dispatchMessage(Handler.java:95)
03-26 10:10:52.348 E/DropBoxManagerService(  379): 	at android.os.Looper.loop(Looper.java:137)
03-26 10:10:52.348 E/DropBoxManagerService(  379): 	at android.os.HandlerThread.run(HandlerThread.java:60)
03-26 10:10:52.378 E/DropBoxManagerService(  379): Can't write: system_server_wtf
03-26 10:10:52.378 E/DropBoxManagerService(  379): java.io.IOException: write failed: ENOSPC (No space left on device)
03-26 10:10:52.378 E/DropBoxManagerService(  379): 	at libcore.io.IoBridge.write(IoBridge.java:462)
03-26 10:10:52.378 E/DropBoxManagerService(  379): 	at java.io.FileOutputStream.write(FileOutputStream.java:187)
03-26 10:10:52.378 E/DropBoxManagerService(  379): 	at java.io.BufferedOutputStream.flushInternal(BufferedOutputStream.java:185)
03-26 10:10:52.378 E/DropBoxManagerService(  379): 	at java.io.BufferedOutputStream.flush(BufferedOutputStream.java:85)
03-26 10:10:52.378 E/DropBoxManagerService(  379): 	at java.io.FilterOutputStream.close(FilterOutputStream.java:61)
03-26 10:10:52.378 E/DropBoxManagerService(  379): 	at java.io.BufferedOutputStream.close(BufferedOutputStream.java:152)
03-26 10:10:52.378 E/DropBoxManagerService(  379): 	at com.android.server.DropBoxManagerService.add(DropBoxManagerService.java:227)
03-26 10:10:52.378 E/DropBoxManagerService(  379): 	at android.os.DropBoxManager.addText(DropBoxManager.java:272)
03-26 10:10:52.378 E/DropBoxManagerService(  379): 	at com.android.server.am.ActivityManagerService$13.run(ActivityManagerService.java:8337)
03-26 10:10:52.378 E/DropBoxManagerService(  379): 	at com.android.server.am.ActivityManagerService.addErrorToDropBox(ActivityManagerService.java:8344)
03-26 10:10:52.378 E/DropBoxManagerService(  379): 	at com.android.server.am.ActivityManagerService.handleApplicationWtf(ActivityManagerService.java:8155)
03-26 10:10:52.378 E/DropBoxManagerService(  379): 	at com.android.internal.os.RuntimeInit.wtf(RuntimeInit.java:329)
03-26 10:10:52.378 E/DropBoxManagerService(  379): 	at android.util.Log$1.onTerribleFailure(Log.java:103)
03-26 10:10:52.378 E/DropBoxManagerService(  379): 	at android.util.Log.wtf(Log.java:278)
03-26 10:10:52.378 E/DropBoxManagerService(  379): 	at com.android.server.net.NetworkStatsRecorder.forcePersistLocked(NetworkStatsRecorder.java:226)
03-26 10:10:52.378 E/DropBoxManagerService(  379): 	at com.android.server.net.NetworkStatsRecorder.maybePersistLocked(NetworkStatsRecorder.java:209)
03-26 10:10:52.378 E/DropBoxManagerService(  379): 	at com.android.server.net.NetworkStatsService.performPollLocked(NetworkStatsService.java:971)
03-26 10:10:52.378 E/DropBoxManagerService(  379): 	at com.android.server.net.NetworkStatsService.performPoll(NetworkStatsService.java:917)
03-26 10:10:52.378 E/DropBoxManagerService(  379): 	at com.android.server.net.NetworkStatsService.access$700(NetworkStatsService.java:131)
03-26 10:10:52.378 E/DropBoxManagerService(  379): 	at com.android.server.net.NetworkStatsService$9.handleMessage(NetworkStatsService.java:1152)
03-26 10:10:52.378 E/DropBoxManagerService(  379): 	at android.os.Handler.dispatchMessage(Handler.java:95)
03-26 10:10:52.378 E/DropBoxManagerService(  379): 	at android.os.Looper.loop(Looper.java:137)
03-26 10:10:52.378 E/DropBoxManagerService(  379): 	at android.os.HandlerThread.run(HandlerThread.java:60)
03-26 10:10:52.378 E/DropBoxManagerService(  379): Caused by: libcore.io.ErrnoException: write failed: ENOSPC (No space left on device)
03-26 10:10:52.378 E/DropBoxManagerService(  379): 	at libcore.io.Posix.writeBytes(Native Method)
03-26 10:10:52.378 E/DropBoxManagerService(  379): 	at libcore.io.Posix.write(Posix.java:178)
03-26 10:10:52.378 E/DropBoxManagerService(  379): 	at libcore.io.BlockGuardOs.write(BlockGuardOs.java:191)
03-26 10:10:52.378 E/DropBoxManagerService(  379): 	at libcore.io.IoBridge.write(IoBridge.java:457)
03-26 10:10:52.378 E/DropBoxManagerService(  379): 	... 22 more
03-26 10:10:52.388 E/DropBoxManagerService(  379): Can't write: netstats_dump
03-26 10:10:52.388 E/DropBoxManagerService(  379): java.io.IOException: Can't rename /data/system/dropbox/drop46.tmp to /data/system/dropbox/netstats_dump@1364263852394.dat
03-26 10:10:52.388 E/DropBoxManagerService(  379): 	at com.android.server.DropBoxManagerService$EntryFile.<init>(DropBoxManagerService.java:496)
03-26 10:10:52.388 E/DropBoxManagerService(  379): 	at com.android.server.DropBoxManagerService.createEntry(DropBoxManagerService.java:677)
03-26 10:10:52.388 E/DropBoxManagerService(  379): 	at com.android.server.DropBoxManagerService.add(DropBoxManagerService.java:242)
03-26 10:10:52.388 E/DropBoxManagerService(  379): 	at android.os.DropBoxManager.addData(DropBoxManager.java:284)
03-26 10:10:52.388 E/DropBoxManagerService(  379): 	at com.android.server.net.NetworkStatsRecorder.recoverFromWtf(NetworkStatsRecorder.java:388)
03-26 10:10:52.388 E/DropBoxManagerService(  379): 	at com.android.server.net.NetworkStatsRecorder.forcePersistLocked(NetworkStatsRecorder.java:227)
03-26 10:10:52.388 E/DropBoxManagerService(  379): 	at com.android.server.net.NetworkStatsRecorder.maybePersistLocked(NetworkStatsRecorder.java:209)
03-26 10:10:52.388 E/DropBoxManagerService(  379): 	at com.android.server.net.NetworkStatsService.performPollLocked(NetworkStatsService.java:971)
03-26 10:10:52.388 E/DropBoxManagerService(  379): 	at com.android.server.net.NetworkStatsService.performPoll(NetworkStatsService.java:917)
03-26 10:10:52.388 E/DropBoxManagerService(  379): 	at com.android.server.net.NetworkStatsService.access$700(NetworkStatsService.java:131)
03-26 10:10:52.388 E/DropBoxManagerService(  379): 	at com.android.server.net.NetworkStatsService$9.handleMessage(NetworkStatsService.java:1152)
03-26 10:10:52.388 E/DropBoxManagerService(  379): 	at android.os.Handler.dispatchMessage(Handler.java:95)
03-26 10:10:52.388 E/DropBoxManagerService(  379): 	at android.os.Looper.loop(Looper.java:137)
03-26 10:10:52.388 E/DropBoxManagerService(  379): 	at android.os.HandlerThread.run(HandlerThread.java:60)
03-26 10:10:52.388 D/NetworkPolicy(  379): setNetworkTemplateEnabled(): match rule = 1
03-26 10:10:52.398 D/MobileDataStateTracker(  379): default: setPolicyDataEnable(enabled=true)
--------- beginning of /dev/log/main
03-26 10:12:02.266 D/AudioPolicyManagerALSA(  118): mFmRadioStatus=0,mFmRadioSinkDev=4,device2=0
03-26 10:12:02.266 D/AudioPolicyManagerALSA(  118): mFmRadioStatus=0,mFmRadioSinkDev=4,device2=0
03-26 10:12:02.266 D/AudioPolicyManagerALSA(  118): mFmRadioStatus=0,mFmRadioSinkDev=4,device2=0
03-26 10:12:02.266 D/AudioPolicyManagerALSA(  118): mFmRadioStatus=0,mFmRadioSinkDev=4,device2=0
03-26 10:12:02.266 D/AudioPolicyManagerALSA(  118): mFmRadioStatus=0,mFmRadioSinkDev=4,device2=0
03-26 10:12:02.266 V/AudioPolicyManagerBase(  118): setOutputDevice() setting same device 0000 or null device for output 2
03-26 10:12:02.266 I/brcm-gr (  568): [gralloc_lock]: new usage 0x933
03-26 10:12:02.266 V/AudioFlinger(  118): presentationComplete() reset: mPresentationCompleteFrames 510992 audioHalFrames 2064
03-26 10:12:02.266 D/PinyinIME(  568): android.view.inputmethod.ExtractedText@41dfb6f8token:4
03-26 10:12:02.286 I/brcm-gr (  568): [gralloc_lock]: new usage 0x903
03-26 10:12:02.286 I/brcm-gr (  568): [gralloc_lock]: new usage 0x930
03-26 10:12:02.316 I/brcm-gr (  568): [gralloc_lock]: new usage 0x933
03-26 10:12:02.316 V/AudioFlinger(  118): presentationComplete() session 16227 complete: framesWritten 512000
03-26 10:12:02.316 V/AudioFlinger(  118): TrackBase::reset
03-26 10:12:02.406 D/KeyguardViewMediator(  379): setHidden false
03-26 10:12:02.547 D/AudioPolicyManagerALSA(  118): mFmRadioStatus=0,mFmRadioSinkDev=4,device2=0
03-26 10:12:02.547 V/AudioPolicyManagerBase(  118): getOutput() stream 1, samplingRate 0, format 0, channelMask 3, flags 0
03-26 10:12:02.547 V/AudioPolicyManagerBase(  118): getOutput() returns output 2
03-26 10:12:02.557 D/AudioPolicyManagerALSA(  118): mFmRadioStatus=0,mFmRadioSinkDev=4,device2=0
03-26 10:12:02.557 V/AudioPolicyManagerBase(  118): getOutput() stream 1, samplingRate 0, format 0, channelMask 3, flags 0
03-26 10:12:02.557 V/AudioPolicyManagerBase(  118): getOutput() returns output 2
03-26 10:12:02.557 D/AudioPolicyManagerALSA(  118): mFmRadioStatus=0,mFmRadioSinkDev=4,device2=0
03-26 10:12:02.557 V/AudioPolicyManagerBase(  118): getOutput() stream 1, samplingRate 44100, format 1, channelMask 3, flags 4
03-26 10:12:02.557 V/AudioPolicyManagerBase(  118): getOutput() returns output 2
03-26 10:12:02.557 V/AudioFlinger(  118): createTrack() sessionId: 0
03-26 10:12:02.557 V/AudioFlinger(  118): createTrack() lSessionId: 16228
03-26 10:12:02.557 V/AudioFlinger(  118): AUDIO_OUTPUT_FLAG_FAST denied: isTimed=0 sharedBuffer=0x0 frameCount=3763 mFrameCount=1024 format=1 isLinear=1 channelMask=3 sampleRate=44100 mSampleRate=48000 hasFastMixer=0 tid=30666 fastTrackAvailMask=0xfe
03-26 10:12:02.557 V/AudioFlinger(  118): Track constructor name 4101, calling pid 379
03-26 10:12:02.567 V/AudioFlinger(  118): acquiring 16228 from 379
03-26 10:12:02.567 V/AudioFlinger(  118):  added new entry for 16228
03-26 10:12:02.567 V/AudioFlinger(  118): start(4101), calling pid 379 session 16228
03-26 10:12:02.567 V/AudioFlinger(  118): ? => ACTIVE (4101) on thread 0x419cbda0
03-26 10:12:02.567 V/AudioPolicyManagerBase(  118): startOutput() output 2, stream 1, session 16228
03-26 10:12:02.567 V/AudioPolicyManagerBase(  118): changeRefCount() stream 1, count 1
03-26 10:12:02.567 D/AudioPolicyManagerALSA(  118): mFmRadioStatus=0,mFmRadioSinkDev=4,device2=0
03-26 10:12:02.567 V/AudioPolicyManagerBase(  118): setOutputDevice() output 2 device 0002 delayMs 0
03-26 10:12:02.567 I/brcm-gr (  568): [gralloc_lock]: new usage 0x903
03-26 10:12:02.567 V/AudioPolicyManagerBase(  118): setOutputDevice() prevDevice 0002
03-26 10:12:02.567 I/brcm-gr (  568): [gralloc_lock]: new usage 0x930
03-26 10:12:02.567 D/AudioPolicyManagerALSA(  118): mFmRadioStatus=0,mFmRadioSinkDev=4,device2=0
03-26 10:12:02.567 D/AudioPolicyManagerALSA(  118): mFmRadioStatus=0,mFmRadioSinkDev=4,device2=0
03-26 10:12:02.567 D/AudioPolicyManagerALSA(  118): mFmRadioStatus=0,mFmRadioSinkDev=4,device2=0
03-26 10:12:02.567 D/AudioPolicyManagerALSA(  118): mFmRadioStatus=0,mFmRadioSinkDev=4,device2=0
03-26 10:12:02.567 D/AudioPolicyManagerALSA(  118): mFmRadioStatus=0,mFmRadioSinkDev=4,device2=0
03-26 10:12:02.567 V/AudioPolicyManagerBase(  118): setOutputDevice() setting same device 0002 or null device for output 2
03-26 10:12:02.567 V/AudioFlinger(  118): mWaitWorkCV.broadcast
03-26 10:12:02.577 V/AudioFlinger(  118): releasing 16227 from 379
03-26 10:12:02.577 V/AudioFlinger(  118):  decremented refcount to 0
03-26 10:12:02.577 V/AudioFlinger(  118): purging stale effects
03-26 10:12:02.577 V/AudioPolicyManagerBase(  118): releaseOutput() 2
03-26 10:12:02.577 V/AudioFlinger(  118): remove track (4099) and delete from mixer
03-26 10:12:02.577 V/AudioFlinger(  118): PlaybackThread::Track destructor
03-26 10:12:02.607 I/brcm-gr (  568): [gralloc_lock]: new usage 0x933
03-26 10:12:02.617 D/KeyguardViewMediator(  379): setHidden false
03-26 10:12:02.617 D/KeyguardViewMediator(  379): setHidden false
03-26 10:12:02.627 I/brcm-gr (  568): [gralloc_lock]: new usage 0x903
03-26 10:12:02.627 I/brcm-gr (  568): [gralloc_lock]: new usage 0x930
03-26 10:12:02.657 I/brcm-gr (  568): [gralloc_lock]: new usage 0x933
03-26 10:12:02.687 V/AudioFlinger(  118): getNextBuffer() no more data for track 4101 on thread 0x41439580
03-26 10:12:02.687 V/AudioFlinger(  118): stop(4101), calling pid 379
03-26 10:12:02.687 V/AudioFlinger(  118): not stopping/stopped => stopping/stopped (4101) on thread 0x41439580
03-26 10:12:02.687 V/AudioPolicyManagerBase(  118): stopOutput() output 2, stream 1, session 16228
03-26 10:12:02.687 V/AudioPolicyManagerBase(  118): changeRefCount() stream 1, count 0
03-26 10:12:02.687 V/AudioPolicyManagerBase(  118): setOutputDevice() output 2 device 0000 delayMs 86
03-26 10:12:02.687 V/AudioPolicyManagerBase(  118): setOutputDevice() prevDevice 0002
03-26 10:12:02.687 D/AudioPolicyManagerALSA(  118): mFmRadioStatus=0,mFmRadioSinkDev=4,device2=0
03-26 10:12:02.687 D/AudioPolicyManagerALSA(  118): mFmRadioStatus=0,mFmRadioSinkDev=4,device2=0
03-26 10:12:02.687 D/AudioPolicyManagerALSA(  118): mFmRadioStatus=0,mFmRadioSinkDev=4,device2=0
03-26 10:12:02.687 D/AudioPolicyManagerALSA(  118): mFmRadioStatus=0,mFmRadioSinkDev=4,device2=0
03-26 10:12:02.687 D/AudioPolicyManagerALSA(  118): mFmRadioStatus=0,mFmRadioSinkDev=4,device2=0
03-26 10:12:02.697 V/AudioPolicyManagerBase(  118): setOutputDevice() setting same device 0000 or null device for output 2
03-26 10:12:02.697 V/AudioFlinger(  118): presentationComplete() reset: mPresentationCompleteFrames 531472 audioHalFrames 2064
03-26 10:12:02.747 V/AudioFlinger(  118): presentationComplete() session 16228 complete: framesWritten 532480
03-26 10:12:02.747 V/AudioFlinger(  118): TrackBase::reset
03-26 10:12:02.787 I/brcm-gr (  568): [gralloc_lock]: new usage 0x903
03-26 10:12:02.787 I/brcm-gr (  568): [gralloc_lock]: new usage 0x930
03-26 10:12:02.817 I/brcm-gr (  568): [gralloc_lock]: new usage 0x933
03-26 10:12:03.087 I/brcm-gr (  568): [gralloc_lock]: new usage 0x903
03-26 10:12:03.087 I/brcm-gr (  568): [gralloc_lock]: new usage 0x930
03-26 10:12:03.117 I/brcm-gr (  568): [gralloc_lock]: new usage 0x933
03-26 10:12:03.157 I/brcm-gr (  568): [gralloc_lock]: new usage 0x903
03-26 10:12:03.157 I/brcm-gr (  568): [gralloc_lock]: new usage 0x930
03-26 10:12:03.187 I/brcm-gr (  568): [gralloc_lock]: new usage 0x933
03-26 10:12:03.187 D/PinyinIME(  568): PinyinIME--->onFinishInputView.
03-26 10:12:03.187 D/dalvikvm(  568): WAIT_FOR_CONCURRENT_GC blocked 0ms
03-26 10:12:03.217 D/dalvikvm(  568): GC_EXPLICIT freed 93K, 26% free 11984K/16003K, paused 2ms+3ms, total 30ms
03-26 10:12:03.237 D/KeyguardViewMediator(  379): setHidden false
03-26 10:12:03.307 V/Device  (29792): 192.168.1.3: state=3,will change to =3
03-26 10:12:03.317 E/apple   (29792): Client current:true
03-26 10:12:03.317 E/apple   (29792): Client current:false
03-26 10:12:03.317 D/OtORequestHandler(29792): send request:103
03-26 10:12:03.317 D/OtORequestHandler(29792): send DatagramPacket
03-26 10:12:03.347 V/OtORequestHandler(29792): receive data from 192.168.1.3
03-26 10:12:03.347 D/OtORequestHandler(29792): receive data 111111
03-26 10:12:03.347 V/OtORequest_apple(29792): get command=103
03-26 10:12:03.347 V/OtORequest(29792): parse OtORequest: cmd=103 paramLength=158 bufferlen=166
03-26 10:12:03.347 V/OtORequest(29792): parse param: param={"ResourceInfo":{"ProductCode":"","PlayType":2,"ResourceCode":"","ResourceName":" "},"Status":{"ReturnCode":100,"Description":"ok"},"PlayStatus":0,"Volume":0}lume":0}
03-26 10:12:03.357 E/apple   (29792): OtOStatus request11 0
03-26 10:12:03.357 D/OtORequestHandler(29792): receive data aaaaaaa:com.aidufei.protocol.oto.OtOStatusRequest@424cc168
03-26 10:12:03.357 D/OtORequestHandler(29792): receive data 2222222
03-26 10:12:03.357 D/OtORequestHandler(29792): receive data 3333333
03-26 10:12:03.357 V/OtODeviceAdapter(29792): start handle data.
03-26 10:12:03.357 V/OtODeviceAdapter(29792): onPlayStatusSync.
03-26 10:12:03.357 I/VideoPlayer(29792): onGetStatus:
03-26 10:12:03.357 E/VideoPlayer(29792): sync_ok:
03-26 10:12:03.357 V/VideoPlayer(29792): get server play VOB status: ResourceName=  ResourceCode= ProductCode=
03-26 10:12:03.357 I/VideoPlayer(29792): onGetVolume(volume):0
03-26 10:12:03.357 V/MediaControler(29792): Set volume:0
03-26 10:12:03.357 V/AudioPolicyManagerALSA(  118): getDeviceForStrategy() from cache strategy 0, device 2
03-26 10:12:03.367 I/VideoPlayer(29792): onGetPlayStatus:0
03-26 10:12:03.367 V/OtORequestHandler(29792): receive data from 192.168.1.3
03-26 10:12:03.367 D/OtORequestHandler(29792): receive data 111111
03-26 10:12:03.367 V/OtORequest_apple(29792): get command=103
03-26 10:12:03.367 V/OtORequest(29792): parse OtORequest: cmd=103 paramLength=93 bufferlen=101
03-26 10:12:03.367 V/OtORequest(29792): parse param: param={"Status":{"ReturnCode":99,"Description":"status sync processing"},"PlayStatus":0,"Volume":0}lume":0}
03-26 10:12:03.367 E/apple   (29792): OtOStatus request11 0
03-26 10:12:03.367 D/OtORequestHandler(29792): receive data aaaaaaa:com.aidufei.protocol.oto.OtOStatusRequest@424ae1b8
03-26 10:12:03.367 D/OtORequestHandler(29792): receive data 2222222
03-26 10:12:03.367 D/OtORequestHandler(29792): receive data 3333333
03-26 10:12:03.367 V/OtODeviceAdapter(29792): start handle data.
03-26 10:12:03.367 V/OtODeviceAdapter(29792): onPlayStatusSync.
03-26 10:12:03.367 I/VideoPlayer(29792): onGetStatus:
03-26 10:12:03.367 V/VideoPlayer(29792): get server play status is processing, please wait:status sync processing
03-26 10:12:03.367 I/VideoPlayer(29792): onGetVolume(volume):0
03-26 10:12:03.367 V/VideoPlayer(29792): get volume is processing, please wait:status sync processing
03-26 10:12:03.367 I/VideoPlayer(29792): onGetPlayStatus:0
03-26 10:12:03.467 D/KeyguardViewMediator(  379): setHidden false
03-26 10:12:03.467 D/KeyguardViewMediator(  379): setHidden false
03-26 10:12:04.819 D/KeyguardViewMediator(  379): setHidden false
03-26 10:12:04.829 D/KeyguardViewMediator(  379): setHidden false
03-26 10:12:04.839 I/brcm-gr (  568): [gralloc_lock]: new usage 0x933
03-26 10:12:04.889 D/KeyguardViewMediator(  379): setHidden false
03-26 10:12:05.129 D/KeyguardViewMediator(  379): setHidden false
03-26 10:12:05.129 D/KeyguardViewMediator(  379): setHidden false
03-26 10:12:05.299 V/Device  (29792): 192.168.1.3: state=3,will change to =3
03-26 10:12:05.299 E/apple   (29792): Client current:true
03-26 10:12:05.299 E/apple   (29792): Client current:false
03-26 10:12:05.309 D/OtORequestHandler(29792): send request:103
03-26 10:12:05.309 D/OtORequestHandler(29792): send DatagramPacket
03-26 10:12:05.329 V/OtORequestHandler(29792): receive data from 192.168.1.3
03-26 10:12:05.329 D/OtORequestHandler(29792): receive data 111111
03-26 10:12:05.329 V/OtORequest_apple(29792): get command=103
03-26 10:12:05.329 I/brcm-gr (  568): [gralloc_lock]: new usage 0x903
03-26 10:12:05.329 V/OtORequest(29792): parse OtORequest: cmd=103 paramLength=158 bufferlen=166
03-26 10:12:05.329 I/brcm-gr (  568): [gralloc_lock]: new usage 0x930
03-26 10:12:05.329 V/OtORequest(29792): parse param: param={"ResourceInfo":{"ProductCode":"","PlayType":2,"ResourceCode":"","ResourceName":" "},"Status":{"ReturnCode":100,"Description":"ok"},"PlayStatus":0,"Volume":0}lume":0}
03-26 10:12:05.339 E/apple   (29792): OtOStatus request11 0
03-26 10:12:05.339 D/OtORequestHandler(29792): receive data aaaaaaa:com.aidufei.protocol.oto.OtOStatusRequest@421c2400
03-26 10:12:05.339 D/OtORequestHandler(29792): receive data 2222222
03-26 10:12:05.339 D/OtORequestHandler(29792): receive data 3333333
03-26 10:12:05.339 V/OtODeviceAdapter(29792): start handle data.
03-26 10:12:05.339 V/OtODeviceAdapter(29792): onPlayStatusSync.
03-26 10:12:05.339 I/VideoPlayer(29792): onGetStatus:
03-26 10:12:05.339 E/VideoPlayer(29792): sync_ok:
03-26 10:12:05.339 V/VideoPlayer(29792): get server play VOB status: ResourceName=  ResourceCode= ProductCode=
03-26 10:12:05.339 I/VideoPlayer(29792): onGetVolume(volume):0
03-26 10:12:05.349 V/MediaControler(29792): Set volume:0
03-26 10:12:05.349 V/AudioPolicyManagerALSA(  118): getDeviceForStrategy() from cache strategy 0, device 2
03-26 10:12:05.349 I/VideoPlayer(29792): onGetPlayStatus:0
03-26 10:12:05.349 V/OtORequestHandler(29792): receive data from 192.168.1.3
03-26 10:12:05.349 D/OtORequestHandler(29792): receive data 111111
03-26 10:12:05.349 V/OtORequest_apple(29792): get command=103
03-26 10:12:05.349 V/OtORequest(29792): parse OtORequest: cmd=103 paramLength=93 bufferlen=101
03-26 10:12:05.349 V/OtORequest(29792): parse param: param={"Status":{"ReturnCode":99,"Description":"status sync processing"},"PlayStatus":0,"Volume":0}lume":0}
03-26 10:12:05.349 E/apple   (29792): OtOStatus request11 0
03-26 10:12:05.349 D/OtORequestHandler(29792): receive data aaaaaaa:com.aidufei.protocol.oto.OtOStatusRequest@421b9c68
03-26 10:12:05.349 D/OtORequestHandler(29792): receive data 2222222
03-26 10:12:05.349 D/OtORequestHandler(29792): receive data 3333333
03-26 10:12:05.349 V/OtODeviceAdapter(29792): start handle data.
03-26 10:12:05.349 V/OtODeviceAdapter(29792): onPlayStatusSync.
03-26 10:12:05.349 I/VideoPlayer(29792): onGetStatus:
03-26 10:12:05.349 V/VideoPlayer(29792): get server play status is processing, please wait:status sync processing
03-26 10:12:05.349 I/VideoPlayer(29792): onGetVolume(volume):0
03-26 10:12:05.349 V/VideoPlayer(29792): get volume is processing, please wait:status sync processing
03-26 10:12:05.349 I/VideoPlayer(29792): onGetPlayStatus:0
03-26 10:12:05.379 I/brcm-gr (  568): [gralloc_lock]: new usage 0x933
03-26 10:12:05.680 V/AudioFlinger(  118): Audio hardware entering standby, mixer 0x41439580, suspend count 0
03-26 10:12:05.730 I/AudioHardwareALSA(  118): dump.audio.pcm = OFF
03-26 10:12:05.730 V/AudioHardwareALSA(  118): Data Dump is disabled
03-26 10:12:05.730 V/AudioFlinger(  118): releaseWakeLock_l() AudioOut_2
03-26 10:12:05.730 V/AudioFlinger(  118): thread 0x41439580 type 0 TID 346 going to sleep
03-26 10:12:05.830 I/brcm-gr (  568): [gralloc_lock]: new usage 0x903
03-26 10:12:05.830 I/brcm-gr (  568): [gralloc_lock]: new usage 0x930
03-26 10:12:05.870 I/brcm-gr (  568): [gralloc_lock]: new usage 0x933
03-26 10:12:06.030 I/brcm-gr (  568): [gralloc_lock]: new usage 0x903
03-26 10:12:06.030 I/brcm-gr (  568): [gralloc_lock]: new usage 0x930
03-26 10:12:06.070 I/brcm-gr (  568): [gralloc_lock]: new usage 0x933
03-26 10:12:06.090 I/brcm-gr (  568): [gralloc_lock]: new usage 0x903
03-26 10:12:06.090 I/brcm-gr (  568): [gralloc_lock]: new usage 0x930
03-26 10:12:06.130 I/brcm-gr (  568): [gralloc_lock]: new usage 0x933
03-26 10:12:06.150 I/brcm-gr (  568): [gralloc_lock]: new usage 0x903
03-26 10:12:06.150 I/brcm-gr (  568): [gralloc_lock]: new usage 0x930
03-26 10:12:06.180 I/brcm-gr (  568): [gralloc_lock]: new usage 0x933
03-26 10:12:06.190 D/AudioPolicyManagerALSA(  118): mFmRadioStatus=0,mFmRadioSinkDev=4,device2=0
03-26 10:12:06.190 V/AudioPolicyManagerBase(  118): getOutput() stream 1, samplingRate 0, format 0, channelMask 3, flags 0
03-26 10:12:06.190 V/AudioPolicyManagerBase(  118): getOutput() returns output 2
03-26 10:12:06.190 D/AudioPolicyManagerALSA(  118): mFmRadioStatus=0,mFmRadioSinkDev=4,device2=0
03-26 10:12:06.190 V/AudioPolicyManagerBase(  118): getOutput() stream 1, samplingRate 0, format 0, channelMask 3, flags 0
03-26 10:12:06.190 V/AudioPolicyManagerBase(  118): getOutput() returns output 2
03-26 10:12:06.190 D/AudioPolicyManagerALSA(  118): mFmRadioStatus=0,mFmRadioSinkDev=4,device2=0
03-26 10:12:06.190 V/AudioPolicyManagerBase(  118): getOutput() stream 1, samplingRate 44100, format 1, channelMask 3, flags 4
03-26 10:12:06.190 V/AudioPolicyManagerBase(  118): getOutput() returns output 2
03-26 10:12:06.190 V/AudioFlinger(  118): createTrack() sessionId: 0
03-26 10:12:06.190 V/AudioFlinger(  118): createTrack() lSessionId: 16229
03-26 10:12:06.190 V/AudioFlinger(  118): AUDIO_OUTPUT_FLAG_FAST denied: isTimed=0 sharedBuffer=0x0 frameCount=3763 mFrameCount=1024 format=1 isLinear=1 channelMask=3 sampleRate=44100 mSampleRate=48000 hasFastMixer=0 tid=30667 fastTrackAvailMask=0xfe
03-26 10:12:06.190 V/AudioFlinger(  118): Track constructor name 4099, calling pid 379
03-26 10:12:06.190 I/brcm-gr (  568): [gralloc_lock]: new usage 0x903
03-26 10:12:06.190 I/brcm-gr (  568): [gralloc_lock]: new usage 0x930
03-26 10:12:06.200 V/AudioFlinger(  118): acquiring 16229 from 379
03-26 10:12:06.200 V/AudioFlinger(  118):  added new entry for 16229
03-26 10:12:06.200 V/AudioFlinger(  118): start(4099), calling pid 379 session 16229
03-26 10:12:06.200 V/AudioFlinger(  118): ? => ACTIVE (4099) on thread 0x41aa03a8
03-26 10:12:06.200 V/AudioPolicyManagerBase(  118): startOutput() output 2, stream 1, session 16229
03-26 10:12:06.200 V/AudioPolicyManagerBase(  118): changeRefCount() stream 1, count 1
03-26 10:12:06.200 D/AudioPolicyManagerALSA(  118): mFmRadioStatus=0,mFmRadioSinkDev=4,device2=0
03-26 10:12:06.200 V/AudioPolicyManagerBase(  118): setOutputDevice() output 2 device 0002 delayMs 0
03-26 10:12:06.200 V/AudioPolicyManagerBase(  118): setOutputDevice() prevDevice 0002
03-26 10:12:06.200 D/AudioPolicyManagerALSA(  118): mFmRadioStatus=0,mFmRadioSinkDev=4,device2=0
03-26 10:12:06.200 D/AudioPolicyManagerALSA(  118): mFmRadioStatus=0,mFmRadioSinkDev=4,device2=0
03-26 10:12:06.200 D/AudioPolicyManagerALSA(  118): mFmRadioStatus=0,mFmRadioSinkDev=4,device2=0
03-26 10:12:06.200 D/AudioPolicyManagerALSA(  118): mFmRadioStatus=0,mFmRadioSinkDev=4,device2=0
03-26 10:12:06.200 D/AudioPolicyManagerALSA(  118): mFmRadioStatus=0,mFmRadioSinkDev=4,device2=0
03-26 10:12:06.200 V/AudioPolicyManagerBase(  118): setOutputDevice() setting same device 0002 or null device for output 2
03-26 10:12:06.200 V/AudioFlinger(  118): mWaitWorkCV.broadcast
03-26 10:12:06.200 V/AudioFlinger(  118): thread 0x41439580 type 0 TID 346 waking up
03-26 10:12:06.200 V/AudioFlinger(  118): releasing 16228 from 379
03-26 10:12:06.200 V/AudioFlinger(  118):  decremented refcount to 0
03-26 10:12:06.200 V/AudioFlinger(  118): purging stale effects
03-26 10:12:06.200 V/AudioFlinger(  118): acquireWakeLock_l() AudioOut_2 status 0
03-26 10:12:06.200 V/AudioPolicyManagerBase(  118): releaseOutput() 2
03-26 10:12:06.200 V/AudioFlinger(  118): remove track (4101) and delete from mixer
03-26 10:12:06.200 V/AudioFlinger(  118): PlaybackThread::Track destructor
03-26 10:12:06.210 D/AudioHardwareALSA(  118): Prepare success result=0
03-26 10:12:06.230 I/brcm-gr (  568): [gralloc_lock]: new usage 0x933
03-26 10:12:06.270 I/brcm-gr (  568): [gralloc_lock]: new usage 0x903
03-26 10:12:06.270 I/brcm-gr (  568): [gralloc_lock]: new usage 0x930
03-26 10:12:06.300 I/brcm-gr (  568): [gralloc_lock]: new usage 0x933
03-26 10:12:06.330 D/PinyinIME(  568): android.view.inputmethod.ExtractedText@41ce5b90token:5
03-26 10:12:06.330 I/brcm-gr (  568): [gralloc_lock]: new usage 0x903
03-26 10:12:06.330 I/brcm-gr (  568): [gralloc_lock]: new usage 0x930
03-26 10:12:06.340 V/AudioFlinger(  118): getNextBuffer() no more data for track 4099 on thread 0x41439580
03-26 10:12:06.340 V/AudioFlinger(  118): stop(4099), calling pid 379
03-26 10:12:06.340 V/AudioFlinger(  118): not stopping/stopped => stopping/stopped (4099) on thread 0x41439580
03-26 10:12:06.340 V/AudioPolicyManagerBase(  118): stopOutput() output 2, stream 1, session 16229
03-26 10:12:06.340 V/AudioPolicyManagerBase(  118): changeRefCount() stream 1, count 0
03-26 10:12:06.340 V/AudioPolicyManagerBase(  118): setOutputDevice() output 2 device 0000 delayMs 86
03-26 10:12:06.340 V/AudioPolicyManagerBase(  118): setOutputDevice() prevDevice 0002
03-26 10:12:06.340 D/AudioPolicyManagerALSA(  118): mFmRadioStatus=0,mFmRadioSinkDev=4,device2=0
03-26 10:12:06.340 D/AudioPolicyManagerALSA(  118): mFmRadioStatus=0,mFmRadioSinkDev=4,device2=0
03-26 10:12:06.340 D/AudioPolicyManagerALSA(  118): mFmRadioStatus=0,mFmRadioSinkDev=4,device2=0
03-26 10:12:06.340 D/AudioPolicyManagerALSA(  118): mFmRadioStatus=0,mFmRadioSinkDev=4,device2=0
03-26 10:12:06.350 D/AudioPolicyManagerALSA(  118): mFmRadioStatus=0,mFmRadioSinkDev=4,device2=0
03-26 10:12:06.350 V/AudioPolicyManagerBase(  118): setOutputDevice() setting same device 0000 or null device for output 2
03-26 10:12:06.350 V/AudioFlinger(  118): presentationComplete() reset: mPresentationCompleteFrames 7184 audioHalFrames 2064
03-26 10:12:06.360 I/brcm-gr (  568): [gralloc_lock]: new usage 0x933
03-26 10:12:06.400 V/AudioFlinger(  118): presentationComplete() session 16229 complete: framesWritten 8192
03-26 10:12:06.400 V/AudioFlinger(  118): TrackBase::reset
03-26 10:12:06.841 I/brcm-gr (  568): [gralloc_lock]: new usage 0x903
03-26 10:12:06.841 I/brcm-gr (  568): [gralloc_lock]: new usage 0x930
03-26 10:12:06.881 I/brcm-gr (  568): [gralloc_lock]: new usage 0x933
03-26 10:12:07.041 D/AudioPolicyManagerALSA(  118): mFmRadioStatus=0,mFmRadioSinkDev=4,device2=0
03-26 10:12:07.041 V/AudioPolicyManagerBase(  118): getOutput() stream 1, samplingRate 0, format 0, channelMask 3, flags 0
03-26 10:12:07.041 V/AudioPolicyManagerBase(  118): getOutput() returns output 2
03-26 10:12:07.041 D/AudioPolicyManagerALSA(  118): mFmRadioStatus=0,mFmRadioSinkDev=4,device2=0
03-26 10:12:07.051 V/AudioPolicyManagerBase(  118): getOutput() stream 1, samplingRate 0, format 0, channelMask 3, flags 0
03-26 10:12:07.051 V/AudioPolicyManagerBase(  118): getOutput() returns output 2
03-26 10:12:07.051 D/AudioPolicyManagerALSA(  118): mFmRadioStatus=0,mFmRadioSinkDev=4,device2=0
03-26 10:12:07.051 V/AudioPolicyManagerBase(  118): getOutput() stream 1, samplingRate 44100, format 1, channelMask 3, flags 4
03-26 10:12:07.051 V/AudioPolicyManagerBase(  118): getOutput() returns output 2
03-26 10:12:07.051 V/AudioFlinger(  118): createTrack() sessionId: 0
03-26 10:12:07.051 V/AudioFlinger(  118): createTrack() lSessionId: 16230
03-26 10:12:07.051 V/AudioFlinger(  118): AUDIO_OUTPUT_FLAG_FAST denied: isTimed=0 sharedBuffer=0x0 frameCount=3763 mFrameCount=1024 format=1 isLinear=1 channelMask=3 sampleRate=44100 mSampleRate=48000 hasFastMixer=0 tid=30668 fastTrackAvailMask=0xfe
03-26 10:12:07.051 V/AudioFlinger(  118): Track constructor name 4101, calling pid 379
03-26 10:12:07.051 V/AudioFlinger(  118): acquiring 16230 from 379
03-26 10:12:07.051 V/AudioFlinger(  118):  added new entry for 16230
03-26 10:12:07.051 V/AudioFlinger(  118): start(4101), calling pid 379 session 16230
03-26 10:12:07.051 V/AudioFlinger(  118): ? => ACTIVE (4101) on thread 0x419cbda0
03-26 10:12:07.061 V/AudioPolicyManagerBase(  118): startOutput() output 2, stream 1, session 16230
03-26 10:12:07.061 V/AudioPolicyManagerBase(  118): changeRefCount() stream 1, count 1
03-26 10:12:07.061 D/AudioPolicyManagerALSA(  118): mFmRadioStatus=0,mFmRadioSinkDev=4,device2=0
03-26 10:12:07.061 V/AudioPolicyManagerBase(  118): setOutputDevice() output 2 device 0002 delayMs 0
03-26 10:12:07.061 V/AudioPolicyManagerBase(  118): setOutputDevice() prevDevice 0002
03-26 10:12:07.061 D/AudioPolicyManagerALSA(  118): mFmRadioStatus=0,mFmRadioSinkDev=4,device2=0
03-26 10:12:07.061 D/AudioPolicyManagerALSA(  118): mFmRadioStatus=0,mFmRadioSinkDev=4,device2=0
03-26 10:12:07.061 D/AudioPolicyManagerALSA(  118): mFmRadioStatus=0,mFmRadioSinkDev=4,device2=0
03-26 10:12:07.061 D/AudioPolicyManagerALSA(  118): mFmRadioStatus=0,mFmRadioSinkDev=4,device2=0
03-26 10:12:07.061 D/AudioPolicyManagerALSA(  118): mFmRadioStatus=0,mFmRadioSinkDev=4,device2=0
03-26 10:12:07.061 V/AudioPolicyManagerBase(  118): setOutputDevice() setting same device 0002 or null device for output 2
03-26 10:12:07.061 I/brcm-gr (  568): [gralloc_lock]: new usage 0x903
03-26 10:12:07.061 V/AudioFlinger(  118): mWaitWorkCV.broadcast
03-26 10:12:07.061 I/brcm-gr (  568): [gralloc_lock]: new usage 0x930
03-26 10:12:07.061 V/AudioFlinger(  118): releasing 16229 from 379
03-26 10:12:07.061 V/AudioFlinger(  118):  decremented refcount to 0
03-26 10:12:07.061 V/AudioFlinger(  118): purging stale effects
03-26 10:12:07.071 V/AudioPolicyManagerBase(  118): releaseOutput() 2
03-26 10:12:07.071 V/AudioFlinger(  118): remove track (4099) and delete from mixer
03-26 10:12:07.071 V/AudioFlinger(  118): PlaybackThread::Track destructor
03-26 10:12:07.101 I/brcm-gr (  568): [gralloc_lock]: new usage 0x933
03-26 10:12:07.131 I/System.out(  568): PinyinIME:Composing View:falseimestate:STATE_IDLE
03-26 10:12:07.131 I/brcm-gr (  568): [gralloc_lock]: new usage 0x903
03-26 10:12:07.131 I/brcm-gr (  568): [gralloc_lock]: new usage 0x930
03-26 10:12:07.151 I/brcm-gr (  568): [gralloc_lock]: new usage 0x933
03-26 10:12:07.171 V/AudioFlinger(  118): getNextBuffer() no more data for track 4101 on thread 0x41439580
03-26 10:12:07.171 V/AudioFlinger(  118): stop(4101), calling pid 379
03-26 10:12:07.171 V/AudioFlinger(  118): not stopping/stopped => stopping/stopped (4101) on thread 0x41439580
03-26 10:12:07.171 V/AudioPolicyManagerBase(  118): stopOutput() output 2, stream 1, session 16230
03-26 10:12:07.171 V/AudioPolicyManagerBase(  118): changeRefCount() stream 1, count 0
03-26 10:12:07.171 V/AudioPolicyManagerBase(  118): setOutputDevice() output 2 device 0000 delayMs 86
03-26 10:12:07.171 V/AudioPolicyManagerBase(  118): setOutputDevice() prevDevice 0002
03-26 10:12:07.171 D/AudioPolicyManagerALSA(  118): mFmRadioStatus=0,mFmRadioSinkDev=4,device2=0
03-26 10:12:07.171 D/AudioPolicyManagerALSA(  118): mFmRadioStatus=0,mFmRadioSinkDev=4,device2=0
03-26 10:12:07.181 D/AudioPolicyManagerALSA(  118): mFmRadioStatus=0,mFmRadioSinkDev=4,device2=0
03-26 10:12:07.181 D/AudioPolicyManagerALSA(  118): mFmRadioStatus=0,mFmRadioSinkDev=4,device2=0
03-26 10:12:07.181 D/AudioPolicyManagerALSA(  118): mFmRadioStatus=0,mFmRadioSinkDev=4,device2=0
03-26 10:12:07.181 V/AudioPolicyManagerBase(  118): setOutputDevice() setting same device 0000 or null device for output 2
03-26 10:12:07.181 V/AudioFlinger(  118): presentationComplete() reset: mPresentationCompleteFrames 47120 audioHalFrames 2064
03-26 10:12:07.231 V/AudioFlinger(  118): presentationComplete() session 16230 complete: framesWritten 48128
03-26 10:12:07.231 V/AudioFlinger(  118): TrackBase::reset
03-26 10:12:07.301 V/Device  (29792): 192.168.1.3: state=3,will change to =3
03-26 10:12:07.301 E/apple   (29792): Client current:true
03-26 10:12:07.311 E/apple   (29792): Client current:false
03-26 10:12:07.311 D/OtORequestHandler(29792): send request:103
03-26 10:12:07.311 D/OtORequestHandler(29792): send DatagramPacket
03-26 10:12:07.331 V/OtORequestHandler(29792): receive data from 192.168.1.3
03-26 10:12:07.331 D/OtORequestHandler(29792): receive data 111111
03-26 10:12:07.341 V/OtORequest_apple(29792): get command=103
03-26 10:12:07.341 V/OtORequest(29792): parse OtORequest: cmd=103 paramLength=158 bufferlen=166
03-26 10:12:07.341 V/OtORequest(29792): parse param: param={"ResourceInfo":{"ProductCode":"","PlayType":2,"ResourceCode":"","ResourceName":" "},"Status":{"ReturnCode":100,"Description":"ok"},"PlayStatus":0,"Volume":0}lume":0}
03-26 10:12:07.341 E/apple   (29792): OtOStatus request11 0
03-26 10:12:07.341 I/brcm-gr (  568): [gralloc_lock]: new usage 0x903
03-26 10:12:07.341 D/OtORequestHandler(29792): receive data aaaaaaa:com.aidufei.protocol.oto.OtOStatusRequest@41fe1f58
03-26 10:12:07.341 I/brcm-gr (  568): [gralloc_lock]: new usage 0x930
03-26 10:12:07.341 D/OtORequestHandler(29792): receive data 2222222
03-26 10:12:07.341 D/OtORequestHandler(29792): receive data 3333333
03-26 10:12:07.341 V/OtODeviceAdapter(29792): start handle data.
03-26 10:12:07.351 V/OtODeviceAdapter(29792): onPlayStatusSync.
03-26 10:12:07.351 I/VideoPlayer(29792): onGetStatus:
03-26 10:12:07.351 E/VideoPlayer(29792): sync_ok:
03-26 10:12:07.351 V/VideoPlayer(29792): get server play VOB status: ResourceName=  ResourceCode= ProductCode=
03-26 10:12:07.351 I/VideoPlayer(29792): onGetVolume(volume):0
03-26 10:12:07.351 V/MediaControler(29792): Set volume:0
03-26 10:12:07.351 V/AudioPolicyManagerALSA(  118): getDeviceForStrategy() from cache strategy 0, device 2
03-26 10:12:07.351 I/VideoPlayer(29792): onGetPlayStatus:0
03-26 10:12:07.351 V/OtORequestHandler(29792): receive data from 192.168.1.3
03-26 10:12:07.351 D/OtORequestHandler(29792): receive data 111111
03-26 10:12:07.351 V/OtORequest_apple(29792): get command=103
03-26 10:12:07.351 V/OtORequest(29792): parse OtORequest: cmd=103 paramLength=93 bufferlen=101
03-26 10:12:07.351 V/OtORequest(29792): parse param: param={"Status":{"ReturnCode":99,"Description":"status sync processing"},"PlayStatus":0,"Volume":0}lume":0}
03-26 10:12:07.351 E/apple   (29792): OtOStatus request11 0
03-26 10:12:07.351 D/OtORequestHandler(29792): receive data aaaaaaa:com.aidufei.protocol.oto.OtOStatusRequest@41ea9678
03-26 10:12:07.351 D/OtORequestHandler(29792): receive data 2222222
03-26 10:12:07.351 D/OtORequestHandler(29792): receive data 3333333
03-26 10:12:07.351 V/OtODeviceAdapter(29792): start handle data.
03-26 10:12:07.361 V/OtODeviceAdapter(29792): onPlayStatusSync.
03-26 10:12:07.361 I/VideoPlayer(29792): onGetStatus:
03-26 10:12:07.361 V/VideoPlayer(29792): get server play status is processing, please wait:status sync processing
03-26 10:12:07.361 I/VideoPlayer(29792): onGetVolume(volume):0
03-26 10:12:07.361 V/VideoPlayer(29792): get volume is processing, please wait:status sync processing
03-26 10:12:07.361 I/VideoPlayer(29792): onGetPlayStatus:0
03-26 10:12:07.381 I/brcm-gr (  568): [gralloc_lock]: new usage 0x933
03-26 10:12:07.592 D/AudioPolicyManagerALSA(  118): mFmRadioStatus=0,mFmRadioSinkDev=4,device2=0
03-26 10:12:07.592 V/AudioPolicyManagerBase(  118): getOutput() stream 1, samplingRate 0, format 0, channelMask 3, flags 0
03-26 10:12:07.592 V/AudioPolicyManagerBase(  118): getOutput() returns output 2
03-26 10:12:07.592 D/AudioPolicyManagerALSA(  118): mFmRadioStatus=0,mFmRadioSinkDev=4,device2=0
03-26 10:12:07.592 V/AudioPolicyManagerBase(  118): getOutput() stream 1, samplingRate 0, format 0, channelMask 3, flags 0
03-26 10:12:07.592 V/AudioPolicyManagerBase(  118): getOutput() returns output 2
03-26 10:12:07.592 D/AudioPolicyManagerALSA(  118): mFmRadioStatus=0,mFmRadioSinkDev=4,device2=0
03-26 10:12:07.592 V/AudioPolicyManagerBase(  118): getOutput() stream 1, samplingRate 44100, format 1, channelMask 3, flags 4
03-26 10:12:07.602 V/AudioPolicyManagerBase(  118): getOutput() returns output 2
03-26 10:12:07.602 V/AudioFlinger(  118): createTrack() sessionId: 0
03-26 10:12:07.602 V/AudioFlinger(  118): createTrack() lSessionId: 16231
03-26 10:12:07.602 V/AudioFlinger(  118): AUDIO_OUTPUT_FLAG_FAST denied: isTimed=0 sharedBuffer=0x0 frameCount=3763 mFrameCount=1024 format=1 isLinear=1 channelMask=3 sampleRate=44100 mSampleRate=48000 hasFastMixer=0 tid=30669 fastTrackAvailMask=0xfe
03-26 10:12:07.602 V/AudioFlinger(  118): Track constructor name 4099, calling pid 379
03-26 10:12:07.602 I/brcm-gr (  568): [gralloc_lock]: new usage 0x903
03-26 10:12:07.602 I/brcm-gr (  568): [gralloc_lock]: new usage 0x930
03-26 10:12:07.602 V/AudioFlinger(  118): acquiring 16231 from 379
03-26 10:12:07.602 V/AudioFlinger(  118):  added new entry for 16231
03-26 10:12:07.602 V/AudioFlinger(  118): start(4099), calling pid 379 session 16231
03-26 10:12:07.602 V/AudioFlinger(  118): ? => ACTIVE (4099) on thread 0x41aa03a8
03-26 10:12:07.612 V/AudioPolicyManagerBase(  118): startOutput() output 2, stream 1, session 16231
03-26 10:12:07.612 V/AudioPolicyManagerBase(  118): changeRefCount() stream 1, count 1
03-26 10:12:07.612 D/AudioPolicyManagerALSA(  118): mFmRadioStatus=0,mFmRadioSinkDev=4,device2=0
03-26 10:12:07.612 V/AudioPolicyManagerBase(  118): setOutputDevice() output 2 device 0002 delayMs 0
03-26 10:12:07.612 V/AudioPolicyManagerBase(  118): setOutputDevice() prevDevice 0002
03-26 10:12:07.612 D/AudioPolicyManagerALSA(  118): mFmRadioStatus=0,mFmRadioSinkDev=4,device2=0
03-26 10:12:07.612 D/AudioPolicyManagerALSA(  118): mFmRadioStatus=0,mFmRadioSinkDev=4,device2=0
03-26 10:12:07.612 D/AudioPolicyManagerALSA(  118): mFmRadioStatus=0,mFmRadioSinkDev=4,device2=0
03-26 10:12:07.612 D/AudioPolicyManagerALSA(  118): mFmRadioStatus=0,mFmRadioSinkDev=4,device2=0
03-26 10:12:07.612 D/AudioPolicyManagerALSA(  118): mFmRadioStatus=0,mFmRadioSinkDev=4,device2=0
03-26 10:12:07.612 V/AudioPolicyManagerBase(  118): setOutputDevice() setting same device 0002 or null device for output 2
03-26 10:12:07.612 V/AudioFlinger(  118): mWaitWorkCV.broadcast
03-26 10:12:07.612 V/AudioFlinger(  118): releasing 16230 from 379
03-26 10:12:07.612 V/AudioFlinger(  118):  decremented refcount to 0
03-26 10:12:07.612 V/AudioFlinger(  118): purging stale effects
03-26 10:12:07.612 V/AudioPolicyManagerBase(  118): releaseOutput() 2
03-26 10:12:07.612 V/AudioFlinger(  118): remove track (4101) and delete from mixer
03-26 10:12:07.612 V/AudioFlinger(  118): PlaybackThread::Track destructor
03-26 10:12:07.642 I/brcm-gr (  568): [gralloc_lock]: new usage 0x933
03-26 10:12:07.652 D/KeyguardViewMediator(  379): setHidden false
03-26 10:12:07.672 I/System.out(  568): PinyinIME:Composing View:falseimestate:STATE_IDLE
03-26 10:12:07.682 I/brcm-gr (  568): [gralloc_lock]: new usage 0x933
03-26 10:12:07.682 D/KeyguardViewMediator(  379): setHidden false
03-26 10:12:07.682 I/brcm-gr (  568): [gralloc_lock]: new usage 0x903
03-26 10:12:07.682 I/brcm-gr (  568): [gralloc_lock]: new usage 0x930
03-26 10:12:07.722 I/brcm-gr (  568): [gralloc_lock]: new usage 0x933
03-26 10:12:07.722 V/AudioFlinger(  118): getNextBuffer() no more data for track 4099 on thread 0x41439580
03-26 10:12:07.732 D/PinyinIME(  568): android.view.inputmethod.ExtractedText@41c29458token:5
03-26 10:12:07.732 V/AudioFlinger(  118): stop(4099), calling pid 379
03-26 10:12:07.732 V/AudioFlinger(  118): not stopping/stopped => stopping/stopped (4099) on thread 0x41439580
03-26 10:12:07.732 V/AudioPolicyManagerBase(  118): stopOutput() output 2, stream 1, session 16231
03-26 10:12:07.732 V/AudioPolicyManagerBase(  118): changeRefCount() stream 1, count 0
03-26 10:12:07.732 V/AudioPolicyManagerBase(  118): setOutputDevice() output 2 device 0000 delayMs 86
03-26 10:12:07.732 V/AudioPolicyManagerBase(  118): setOutputDevice() prevDevice 0002
03-26 10:12:07.732 D/AudioPolicyManagerALSA(  118): mFmRadioStatus=0,mFmRadioSinkDev=4,device2=0
03-26 10:12:07.732 D/AudioPolicyManagerALSA(  118): mFmRadioStatus=0,mFmRadioSinkDev=4,device2=0
03-26 10:12:07.732 D/AudioPolicyManagerALSA(  118): mFmRadioStatus=0,mFmRadioSinkDev=4,device2=0
03-26 10:12:07.732 D/AudioPolicyManagerALSA(  118): mFmRadioStatus=0,mFmRadioSinkDev=4,device2=0
