D/DataSource_M3U8(  739): 
D/DataSource_M3U8(  739):  Warnig::  getValidBufferLength()  <  Codec require !!!
I//lib/ld-linux.so.3(  743): FrmCnt:257(0,0,0) Rate:24 Sys:103322 STC:37501520 VPTS:37501519 APTS:37501518 Delay:39(40) V:0 A:126 VES:0x37a300 AES:0x8020 PCM:0x4b800 AudioErr:0x0
D/DataSource_M3U8(  739): 
D/DataSource_M3U8(  739):  connect Server :live.feifeikan.com
D/DataSource_M3U8(  739): parseM3U8 .......!
D/DataSource_M3U8(  739): 
D/DataSource_M3U8(  739):  do not update  mediaSequence : 0   url = http://live.feifeikan.com/live/hls/208?slice=048159   
D/DataSource_M3U8(  739): 
D/DataSource_M3U8(  739):  do not update  mediaSequence : 0   url = http://live.feifeikan.com/live/hls/208?slice=048160   
D/DataSource_M3U8(  739): 
D/DataSource_M3U8(  739):  do not update  mediaSequence : 0   url = http://live.feifeikan.com/live/hls/208?slice=048161   
D/DataSource_M3U8(  739): [M3U8] file: NULL line 
D/DataSource_M3U8(  739): HLS=====>> Live Stream!!!!
D/DataSource_M3U8(  739): getHLSPlayListInex  DownloadBandWidth:2094741   uInDex=0
D/DataSource_M3U8(  739): 
D/DataSource_M3U8(  739): 
D/DataSource_M3U8(  739): 
D/DataSource_M3U8(  739): ============Begin to get playlist !!=====================
D/DataSource_M3U8(  739): 
D/DataSource_M3U8(  739): 
D/HomePlayerLib( 1671): hostaddress count is 1
D/DataSource_M3U8(  739): 
D/DataSource_M3U8(  739):  Warnig::  getValidBufferLength()  <  Codec require !!!
D/dalvikvm( 1671): GC_CONCURRENT freed 2057K, 45% free 7328K/13187K, paused 2ms+4ms
D/DataSource_M3U8(  739): 
D/DataSource_M3U8(  739):  connect Server :live.feifeikan.com
D/DataSource_M3U8(  739): parseM3U8 .......!
D/DataSource_M3U8(  739): 
D/DataSource_M3U8(  739):  do not update  mediaSequence : 0   url = http://live.feifeikan.com/live/hls/208?slice=048160   
D/DataSource_M3U8(  739): 
D/DataSource_M3U8(  739):  do not update  mediaSequence : 0   url = http://live.feifeikan.com/live/hls/208?slice=048161   
D/DataSource_M3U8(  739): 
D/DataSource_M3U8(  739):  update  playlist[11] ==>> mediaSequence : 0   url = http://live.feifeikan.com/live/hls/208?slice=048162   
D/DataSource_M3U8(  739): [M3U8] file: NULL line 
D/DataSource_M3U8(  739): HLS=====>> Live Stream!!!!
D/MediaPlayerService(  739): [2] notify (0x43ef0, 3, 100, 0)
D/MonitorCw880( 1558): currentRemoteHost is null ,continue
I//lib/ld-linux.so.3(  743): FrmCnt:296(0,0,0) Rate:25 Sys:104855 STC:37503053 VPTS:37503039 APTS:37503046 Delay:26(40) V:0 A:123 VES:0x36cf90 AES:0x8000 PCM:0x4b980 AudioErr:0x0
D/dalvikvm( 1671): GC_CONCURRENT freed 2039K, 45% free 7269K/13187K, paused 2ms+4ms
D/DataSource_M3U8(  739): u32HLSSreamNum[0]===>u32BandWidth:800000 
D/DataSource_M3U8(  739): getHLSPlayListInex  DownloadBandWidth:2094741   uInDex=0
D/DataSource_M3U8(  739): 
D/DataSource_M3U8(  739): 
D/DataSource_M3U8(  739): 
D/DataSource_M3U8(  739): ============Begin to get playlist !!=====================
D/DataSource_M3U8(  739): 
D/DataSource_M3U8(  739): 
D/DataSource_M3U8(  739): 
D/DataSource_M3U8(  739):  connect Server :live.feifeikan.com
D/DataSource_M3U8(  739): parseM3U8 .......!
D/DataSource_M3U8(  739): 
D/DataSource_M3U8(  739):  do not update  mediaSequence : 0   url = http://live.feifeikan.com/live/hls/208?slice=048160   
D/DataSource_M3U8(  739): 
D/DataSource_M3U8(  739):  do not update  mediaSequence : 0   url = http://live.feifeikan.com/live/hls/208?slice=048161   
D/DataSource_M3U8(  739): 
D/DataSource_M3U8(  739):  do not update  mediaSequence : 0   url = http://live.feifeikan.com/live/hls/208?slice=048162   
D/DataSource_M3U8(  739): [M3U8] file: NULL line 
D/DataSource_M3U8(  739): HLS=====>> Live Stream!!!!
D/DataSource_M3U8(  739): u32HLSSreamNum[0]===>u32BandWidth:800000 
D/DataSource_M3U8(  739): getHLSPlayListInex  DownloadBandWidth:2094741   uInDex=0
D/DataSource_M3U8(  739): 
D/DataSource_M3U8(  739): 
D/DataSource_M3U8(  739): 
D/DataSource_M3U8(  739): ============Begin to get playlist !!=====================
D/DataSource_M3U8(  739): 
D/DataSource_M3U8(  739): 
D/DataSource_M3U8(  739): 
D/DataSource_M3U8(  739):  connect Server :live.feifeikan.com
D/DataSource_M3U8(  739): parseM3U8 .......!
D/DataSource_M3U8(  739): 
D/DataSource_M3U8(  739):  do not update  mediaSequence : 0   url = http://live.feifeikan.com/live/hls/208?slice=048160   
D/DataSource_M3U8(  739): 
D/DataSource_M3U8(  739):  do not update  mediaSequence : 0   url = http://live.feifeikan.com/live/hls/208?slice=048161   
D/DataSource_M3U8(  739): 
D/DataSource_M3U8(  739):  do not update  mediaSequence : 0   url = http://live.feifeikan.com/live/hls/208?slice=048162   
D/DataSource_M3U8(  739): [M3U8] file: NULL line 
D/DataSource_M3U8(  739): HLS=====>> Live Stream!!!!
D/Downloader(  739): Downloadserver bandWidth:891974
D/Downloader(  739): Downloadserver bandWidth:891974
D/Downloader(  739): Downloadserver bandWidth:891974
D/Downloader(  739): Downloadserver bandWidth:891974
W/ThrottleService(  948): unable to find stats for iface rmnet0
D/DataSource_M3U8(  739): u32HLSSreamNum[0]===>u32BandWidth:800000 
D/DataSource_M3U8(  739): getHLSPlayListInex  DownloadBandWidth:2094741   uInDex=0
D/DataSource_M3U8(  739): 
D/DataSource_M3U8(  739): 
D/DataSource_M3U8(  739): 
D/DataSource_M3U8(  739): ============Begin to get playlist !!=====================
D/DataSource_M3U8(  739): 
D/DataSource_M3U8(  739): 
I//lib/ld-linux.so.3(  743): FrmCnt:334(0,0,0) Rate:24 Sys:106385 STC:37504584 VPTS:37504559 APTS:37504590 Delay:15(40) V:0 A:129 VES:0x385600 AES:0x8020 PCM:0x4bb00 AudioErr:0x0
D/DataSource_M3U8(  739): 
D/DataSource_M3U8(  739):  connect Server :live.feifeikan.com
D/DataSource_M3U8(  739): parseM3U8 .......!
D/DataSource_M3U8(  739): 
D/DataSource_M3U8(  739):  do not update  mediaSequence : 0   url = http://live.feifeikan.com/live/hls/208?slice=048160   
D/DataSource_M3U8(  739): 
D/DataSource_M3U8(  739):  do not update  mediaSequence : 0   url = http://live.feifeikan.com/live/hls/208?slice=048161   
D/DataSource_M3U8(  739): 
D/DataSource_M3U8(  739):  do not update  mediaSequence : 0   url = http://live.feifeikan.com/live/hls/208?slice=048162   
D/DataSource_M3U8(  739): [M3U8] file: NULL line 
D/DataSource_M3U8(  739): HLS=====>> Live Stream!!!!
D/DataSource_M3U8(  739): [M3U8] checkShouldStartNext :[0](607992/607992)   sequence:0  start next:1  
D/DataSource_M3U8(  739): 
D/DataSource_M3U8(  739): 
D/DataSource_M3U8(  739): 
D/DataSource_M3U8(  739): [M3U8]-7----->This :0x23e50 --> post cmd for start next url:http://live.feifeikan.com/live/hls/208?slice=048162, knowedFileSize:0, mCurDowningIndex:0
D/DataSource_M3U8(  739): 
D/DataSource_M3U8(  739): 
D/Downloader(  739): [downloadThread]Downloader::removeTask  
D/Downloader(  739): [downloadThread]task have range string:0- 
D/MediaPlayerService(  739): [2] notify (0x43ef0, 3, 0, 0)
D/DataSource_M3U8(  739): 
D/DataSource_M3U8(  739):  Warnig::  getValidBufferLength()  <  Codec require !!!
D/DataSource_M3U8(  739): getHLSPlayListInex  DownloadBandWidth:891974   uInDex=0
D/DataSource_M3U8(  739): 
D/DataSource_M3U8(  739): 
D/DataSource_M3U8(  739): 
D/DataSource_M3U8(  739): ============Begin to get playlist !!=====================
D/DataSource_M3U8(  739): 
D/DataSource_M3U8(  739): 
D/DataSource_M3U8(  739): 
D/DataSource_M3U8(  739):  connect Server :live.feifeikan.com
D/DataSource_M3U8(  739): parseM3U8 .......!
D/DataSource_M3U8(  739): 
D/DataSource_M3U8(  739):  do not update  mediaSequence : 0   url = http://live.feifeikan.com/live/hls/208?slice=048160   
D/DataSource_M3U8(  739): 
D/DataSource_M3U8(  739):  do not update  mediaSequence : 0   url = http://live.feifeikan.com/live/hls/208?slice=048161   
D/DataSource_M3U8(  739): 
D/DataSource_M3U8(  739):  do not update  mediaSequence : 0   url = http://live.feifeikan.com/live/hls/208?slice=048162   
D/DataSource_M3U8(  739): [M3U8] file: NULL line 
D/DataSource_M3U8(  739): HLS=====>> Live Stream!!!!
I//lib/ld-linux.so.3(  743): FrmCnt:371(0,0,0) Rate:24 Sys:107912 STC:37506111 VPTS:37506079 APTS:37506116 Delay:8(40) V:0 A:129 VES:0x365300 AES:0x8000 PCM:0x4b280 AudioErr:0x0
D/DataSource_M3U8(  739): getHLSPlayListInex  DownloadBandWidth:891974   uInDex=0
D/DataSource_M3U8(  739): 
D/DataSource_M3U8(  739): 
D/DataSource_M3U8(  739): 
D/DataSource_M3U8(  739): ============Begin to get playlist !!=====================
D/DataSource_M3U8(  739): 
D/DataSource_M3U8(  739): 
D/DataSource_M3U8(  739): 
D/DataSource_M3U8(  739):  connect Server :live.feifeikan.com
D/DataSource_M3U8(  739): parseM3U8 .......!
D/DataSource_M3U8(  739): 
D/DataSource_M3U8(  739):  do not update  mediaSequence : 0   url = http://live.feifeikan.com/live/hls/208?slice=048160   
D/DataSource_M3U8(  739): 
D/DataSource_M3U8(  739):  do not update  mediaSequence : 0   url = http://live.feifeikan.com/live/hls/208?slice=048161   
D/DataSource_M3U8(  739): 
D/DataSource_M3U8(  739):  do not update  mediaSequence : 0   url = http://live.feifeikan.com/live/hls/208?slice=048162   
D/DataSource_M3U8(  739): [M3U8] file: NULL line 
D/DataSource_M3U8(  739): HLS=====>> Live Stream!!!!
D/DataSource_M3U8(  739): getHLSPlayListInex  DownloadBandWidth:891974   uInDex=0
D/DataSource_M3U8(  739): 
D/DataSource_M3U8(  739): 
D/DataSource_M3U8(  739): 
D/DataSource_M3U8(  739): ============Begin to get playlist !!=====================
D/DataSource_M3U8(  739): 
D/DataSource_M3U8(  739): 
D/Downloader(  739): Downloadserver bandWidth:2524321
D/Downloader(  739): Downloadserver bandWidth:2524321
D/Downloader(  739): Downloadserver bandWidth:2524321
D/Downloader(  739): Downloadserver bandWidth:2524321
I//lib/ld-linux.so.3(  743): FrmCnt:411(0,0,0) Rate:26 Sys:109436 STC:37507635 VPTS:37507639 APTS:37507628 Delay:44(40) V:0 A:130 VES:0x38ac60 AES:0x8020 PCM:0x4b000 AudioErr:0x0
D/DataSource_M3U8(  739): 
D/DataSource_M3U8(  739):  connect Server :live.feifeikan.com
D/DataSource_M3U8(  739): parseM3U8 .......!
D/DataSource_M3U8(  739): 
D/DataSource_M3U8(  739):  do not update  mediaSequence : 0   url = http://live.feifeikan.com/live/hls/208?slice=048160   
D/DataSource_M3U8(  739): 
D/DataSource_M3U8(  739):  do not update  mediaSequence : 0   url = http://live.feifeikan.com/live/hls/208?slice=048161   
D/DataSource_M3U8(  739): 
D/DataSource_M3U8(  739):  do not update  mediaSequence : 0   url = http://live.feifeikan.com/live/hls/208?slice=048162   
D/DataSource_M3U8(  739): [M3U8] file: NULL line 
D/DataSource_M3U8(  739): HLS=====>> Live Stream!!!!
D/MonitorCw880( 1558): currentRemoteHost is null ,continue
D/DataSource_M3U8(  739): getHLSPlayListInex  DownloadBandWidth:891974   uInDex=0
D/DataSource_M3U8(  739): 
D/DataSource_M3U8(  739): 
D/DataSource_M3U8(  739): 
D/DataSource_M3U8(  739): ============Begin to get playlist !!=====================
D/DataSource_M3U8(  739): 
D/DataSource_M3U8(  739): 
D/DataSource_M3U8(  739): 
D/DataSource_M3U8(  739):  connect Server :live.feifeikan.com
D/DataSource_M3U8(  739): parseM3U8 .......!
D/DataSource_M3U8(  739): 
D/DataSource_M3U8(  739):  do not update  mediaSequence : 0   url = http://live.feifeikan.com/live/hls/208?slice=048160   
D/DataSource_M3U8(  739): 
D/DataSource_M3U8(  739):  do not update  mediaSequence : 0   url = http://live.feifeikan.com/live/hls/208?slice=048161   
D/DataSource_M3U8(  739): 
D/DataSource_M3U8(  739):  do not update  mediaSequence : 0   url = http://live.feifeikan.com/live/hls/208?slice=048162   
D/DataSource_M3U8(  739): [M3U8] file: NULL line 
D/DataSource_M3U8(  739): HLS=====>> Live Stream!!!!
D/DataSource_M3U8(  739): getHLSPlayListInex  DownloadBandWidth:891974   uInDex=0
D/DataSource_M3U8(  739): 
D/DataSource_M3U8(  739): 
D/DataSource_M3U8(  739): 
D/DataSource_M3U8(  739): ============Begin to get playlist !!=====================
D/DataSource_M3U8(  739): 
D/DataSource_M3U8(  739): 
I//lib/ld-linux.so.3(  743): FrmCnt:449(0,0,0) Rate:24 Sys:110973 STC:37509171 VPTS:37509159 APTS:37509164 Delay:28(40) V:0 A:130 VES:0x390b30 AES:0x8000 PCM:0x4bb80 AudioErr:0x0
D/DataSource_M3U8(  739): 
D/DataSource_M3U8(  739):  connect Server :live.feifeikan.com
D/DataSource_M3U8(  739): parseM3U8 .......!
D/DataSource_M3U8(  739): 
D/DataSource_M3U8(  739):  do not update  mediaSequence : 0   url = http://live.feifeikan.com/live/hls/208?slice=048161   
D/DataSource_M3U8(  739): 
D/DataSource_M3U8(  739):  do not update  mediaSequence : 0   url = http://live.feifeikan.com/live/hls/208?slice=048162   
D/DataSource_M3U8(  739): 
D/DataSource_M3U8(  739):  update  playlist[12] ==>> mediaSequence : 0   url = http://live.feifeikan.com/live/hls/208?slice=048163   
D/DataSource_M3U8(  739): [M3U8] file: NULL line 
D/DataSource_M3U8(  739): HLS=====>> Live Stream!!!!
D/DataSource_M3U8(  739): [M3U8] checkShouldStartNext :[0](609308/609308)   sequence:0  start next:1  
D/DataSource_M3U8(  739): 
D/DataSource_M3U8(  739): 
D/DataSource_M3U8(  739): 
D/DataSource_M3U8(  739): [M3U8]-7----->This :0x23e50 --> post cmd for start next url:http://live.feifeikan.com/live/hls/208?slice=048163, knowedFileSize:0, mCurDowningIndex:0
D/DataSource_M3U8(  739): 
D/DataSource_M3U8(  739): 
D/Downloader(  739): [downloadThread]Downloader::removeTask  
D/Downloader(  739): [downloadThread]task have range string:0- 
D/DataSource_M3U8(  739): getHLSPlayListInex  DownloadBandWidth:2524321   uInDex=0
D/DataSource_M3U8(  739): 
D/DataSource_M3U8(  739): 
D/DataSource_M3U8(  739): 
D/DataSource_M3U8(  739): ============Begin to get playlist !!=====================
D/DataSource_M3U8(  739): 
D/DataSource_M3U8(  739): 
I//lib/ld-linux.so.3(  743): FrmCnt:487(0,0,0) Rate:25 Sys:112492 STC:37510691 VPTS:37510679 APTS:37510694 Delay:28(40) V:0 A:128 VES:0x384750 AES:0x8000 PCM:0x4b900 AudioErr:0x0
D/DataSource_M3U8(  739): 
D/DataSource_M3U8(  739):  connect Server :live.feifeikan.com
D/DataSource_M3U8(  739): parseM3U8 .......!
D/DataSource_M3U8(  739): 
D/DataSource_M3U8(  739):  do not update  mediaSequence : 0   url = http://live.feifeikan.com/live/hls/208?slice=048161   
D/DataSource_M3U8(  739): 
D/DataSource_M3U8(  739):  do not update  mediaSequence : 0   url = http://live.feifeikan.com/live/hls/208?slice=048162   
D/DataSource_M3U8(  739): 
D/DataSource_M3U8(  739):  do not update  mediaSequence : 0   url = http://live.feifeikan.com/live/hls/208?slice=048163   
D/DataSource_M3U8(  739): [M3U8] file: NULL line 
D/DataSource_M3U8(  739): HLS=====>> Live Stream!!!!
D/DataSource_M3U8(  739): getHLSPlayListInex  DownloadBandWidth:2524321   uInDex=0
D/DataSource_M3U8(  739): 
D/DataSource_M3U8(  739): 
D/DataSource_M3U8(  739): 
D/DataSource_M3U8(  739): ============Begin to get playlist !!=====================
D/DataSource_M3U8(  739): 
D/DataSource_M3U8(  739): 
D/DataSource_M3U8(  739): 
D/DataSource_M3U8(  739):  connect Server :live.feifeikan.com
D/DataSource_M3U8(  739): parseM3U8 .......!
D/DataSource_M3U8(  739): 
D/DataSource_M3U8(  739):  do not update  mediaSequence : 0   url = http://live.feifeikan.com/live/hls/208?slice=048161   
D/DataSource_M3U8(  739): 
D/DataSource_M3U8(  739):  do not update  mediaSequence : 0   url = http://live.feifeikan.com/live/hls/208?slice=048162   
D/DataSource_M3U8(  739): 
D/DataSource_M3U8(  739):  do not update  mediaSequence : 0   url = http://live.feifeikan.com/live/hls/208?slice=048163   
D/DataSource_M3U8(  739): [M3U8] file: NULL line 
D/DataSource_M3U8(  739): HLS=====>> Live Stream!!!!
I//lib/ld-linux.so.3(  743): FrmCnt:525(0,0,0) Rate:24 Sys:114020 STC:37512219 VPTS:37512199 APTS:37512217 Delay:21(40) V:0 A:125 VES:0x375290 AES:0x8020 PCM:0x4b000 AudioErr:0x0
D/DataSource_M3U8(  739): getHLSPlayListInex  DownloadBandWidth:2524321   uInDex=0
D/DataSource_M3U8(  739): 
D/DataSource_M3U8(  739): 
D/DataSource_M3U8(  739): 
D/DataSource_M3U8(  739): ============Begin to get playlist !!=====================
D/DataSource_M3U8(  739): 
D/DataSource_M3U8(  739): 
D/MonitorCw880( 1558): currentRemoteHost is null ,continue
D/DataSource_M3U8(  739): 
D/DataSource_M3U8(  739):  connect Server :live.feifeikan.com
D/DataSource_M3U8(  739): parseM3U8 .......!
D/DataSource_M3U8(  739): 
D/DataSource_M3U8(  739):  do not update  mediaSequence : 0   url = http://live.feifeikan.com/live/hls/208?slice=048161   
D/DataSource_M3U8(  739): 
D/DataSource_M3U8(  739):  do not update  mediaSequence : 0   url = http://live.feifeikan.com/live/hls/208?slice=048162   
D/DataSource_M3U8(  739): 
D/DataSource_M3U8(  739):  do not update  mediaSequence : 0   url = http://live.feifeikan.com/live/hls/208?slice=048163   
D/DataSource_M3U8(  739): [M3U8] file: NULL line 
D/DataSource_M3U8(  739): HLS=====>> Live Stream!!!!
D/DataSource_M3U8(  739): getHLSPlayListInex  DownloadBandWidth:2524321   uInDex=0
D/DataSource_M3U8(  739): 
D/DataSource_M3U8(  739): 
D/DataSource_M3U8(  739): 
D/DataSource_M3U8(  739): ============Begin to get playlist !!=====================
D/DataSource_M3U8(  739): 
D/DataSource_M3U8(  739): 
D/HomePlayerLib( 1671): hostaddress count is 1
D/DataSource_M3U8(  739): 
D/DataSource_M3U8(  739):  connect Server :live.feifeikan.com
D/DataSource_M3U8(  739): parseM3U8 .......!
D/DataSource_M3U8(  739): 
D/DataSource_M3U8(  739):  do not update  mediaSequence : 0   url = http://live.feifeikan.com/live/hls/208?slice=048161   
D/DataSource_M3U8(  739): 
D/DataSource_M3U8(  739):  do not update  mediaSequence : 0   url = http://live.feifeikan.com/live/hls/208?slice=048162   
D/DataSource_M3U8(  739): 
D/DataSource_M3U8(  739):  do not update  mediaSequence : 0   url = http://live.feifeikan.com/live/hls/208?slice=048163   
D/DataSource_M3U8(  739): [M3U8] file: NULL line 
D/DataSource_M3U8(  739): HLS=====>> Live Stream!!!!
D/dalvikvm( 1671): GC_CONCURRENT freed 1980K, 45% free 7318K/13187K, paused 3ms+3ms
D/Downloader(  739): Downloadserver bandWidth:1174078
D/Downloader(  739): Downloadserver bandWidth:1174078
D/Downloader(  739): Downloadserver bandWidth:1174078
D/Downloader(  739): Downloadserver bandWidth:1174078
I//lib/ld-linux.so.3(  743): FrmCnt:563(0,0,0) Rate:24 Sys:115547 STC:37513746 VPTS:37513719 APTS:37513737 Delay:13(40) V:0 A:130 VES:0x390190 AES:0x8010 PCM:0x4b780 AudioErr:0x0
D/DataSource_M3U8(  739): getHLSPlayListInex  DownloadBandWidth:2524321   uInDex=0
D/DataSource_M3U8(  739): 
D/DataSource_M3U8(  739): 
D/DataSource_M3U8(  739): 
D/DataSource_M3U8(  739): ============Begin to get playlist !!=====================
D/DataSource_M3U8(  739): 
D/DataSource_M3U8(  739): 
D/DataSource_M3U8(  739): 
D/DataSource_M3U8(  739):  connect Server :live.feifeikan.com
D/DataSource_M3U8(  739): parseM3U8 .......!
D/DataSource_M3U8(  739): 
D/DataSource_M3U8(  739):  do not update  mediaSequence : 0   url = http://live.feifeikan.com/live/hls/208?slice=048161   
D/DataSource_M3U8(  739): 
D/DataSource_M3U8(  739):  do not update  mediaSequence : 0   url = http://live.feifeikan.com/live/hls/208?slice=048162   
D/DataSource_M3U8(  739): 
D/DataSource_M3U8(  739):  do not update  mediaSequence : 0   url = http://live.feifeikan.com/live/hls/208?slice=048163   
D/DataSource_M3U8(  739): [M3U8] file: NULL line 
D/DataSource_M3U8(  739): HLS=====>> Live Stream!!!!
D/dalvikvm( 1671): GC_CONCURRENT freed 2026K, 45% free 7286K/13187K, paused 2ms+3ms
D/DataSource_M3U8(  739): getHLSPlayListInex  DownloadBandWidth:2524321   uInDex=0
D/DataSource_M3U8(  739): 
D/DataSource_M3U8(  739): 
D/DataSource_M3U8(  739): 
D/DataSource_M3U8(  739): ============Begin to get playlist !!=====================
D/DataSource_M3U8(  739): 
D/DataSource_M3U8(  739): 
D/DataSource_M3U8(  739): 
D/DataSource_M3U8(  739):  connect Server :live.feifeikan.com
D/DataSource_M3U8(  739): parseM3U8 .......!
D/DataSource_M3U8(  739): 
D/DataSource_M3U8(  739):  do not update  mediaSequence : 0   url = http://live.feifeikan.com/live/hls/208?slice=048162   
D/DataSource_M3U8(  739): 
D/DataSource_M3U8(  739):  do not update  mediaSequence : 0   url = http://live.feifeikan.com/live/hls/208?slice=048163   
D/DataSource_M3U8(  739): 
D/DataSource_M3U8(  739):  update  playlist[13] ==>> mediaSequence : 0   url = http://live.feifeikan.com/live/hls/208?slice=048164   
D/DataSource_M3U8(  739): [M3U8] file: NULL line 
D/DataSource_M3U8(  739): HLS=====>> Live Stream!!!!
D/DataSource_M3U8(  739): [M3U8] checkShouldStartNext :[0](598780/598780)   sequence:0  start next:1  
D/DataSource_M3U8(  739): 
D/DataSource_M3U8(  739): 
D/DataSource_M3U8(  739): 
D/DataSource_M3U8(  739): [M3U8]-7----->This :0x23e50 --> post cmd for start next url:http://live.feifeikan.com/live/hls/208?slice=048164, knowedFileSize:0, mCurDowningIndex:0
D/DataSource_M3U8(  739): 
D/DataSource_M3U8(  739): 
D/Downloader(  739): [downloadThread]Downloader::removeTask  
D/Downloader(  739): [downloadThread]task have range string:0- 
I//lib/ld-linux.so.3(  743): FrmCnt:601(0,0,0) Rate:24 Sys:117068 STC:37515267 VPTS:37515239 APTS:37515273 Delay:12(40) V:0 A:130 VES:0x38df80 AES:0x7f90 PCM:0x4af00 AudioErr:0x0
D/DataSource_M3U8(  739): getHLSPlayListInex  DownloadBandWidth:1174078   uInDex=0
D/DataSource_M3U8(  739): 
D/DataSource_M3U8(  739): 
D/DataSource_M3U8(  739): 
D/DataSource_M3U8(  739): ============Begin to get playlist !!=====================
D/DataSource_M3U8(  739): 
D/DataSource_M3U8(  739): 
D/DataSource_M3U8(  739): 
D/DataSource_M3U8(  739):  connect Server :live.feifeikan.com
D/DataSource_M3U8(  739): parseM3U8 .......!
D/DataSource_M3U8(  739): 
D/DataSource_M3U8(  739):  do not update  mediaSequence : 0   url = http://live.feifeikan.com/live/hls/208?slice=048162   
D/DataSource_M3U8(  739): 
D/DataSource_M3U8(  739):  do not update  mediaSequence : 0   url = http://live.feifeikan.com/live/hls/208?slice=048163   
D/DataSource_M3U8(  739): 
D/DataSource_M3U8(  739):  do not update  mediaSequence : 0   url = http://live.feifeikan.com/live/hls/208?slice=048164   
D/DataSource_M3U8(  739): [M3U8] file: NULL line 
D/DataSource_M3U8(  739): HLS=====>> Live Stream!!!!
D/DataSource_M3U8(  739): getHLSPlayListInex  DownloadBandWidth:1174078   uInDex=0
D/DataSource_M3U8(  739): 
D/DataSource_M3U8(  739): 
D/DataSource_M3U8(  739): 
D/DataSource_M3U8(  739): ============Begin to get playlist !!=====================
D/DataSource_M3U8(  739): 
D/DataSource_M3U8(  739): 
D/DataSource_M3U8(  739): 
D/DataSource_M3U8(  739):  connect Server :live.feifeikan.com
D/DataSource_M3U8(  739): parseM3U8 .......!
D/DataSource_M3U8(  739): 
D/DataSource_M3U8(  739):  do not update  mediaSequence : 0   url = http://live.feifeikan.com/live/hls/208?slice=048162   
D/DataSource_M3U8(  739): 
D/DataSource_M3U8(  739):  do not update  mediaSequence : 0   url = http://live.feifeikan.com/live/hls/208?slice=048163   
D/DataSource_M3U8(  739): 
D/DataSource_M3U8(  739):  do not update  mediaSequence : 0   url = http://live.feifeikan.com/live/hls/208?slice=048164   
D/DataSource_M3U8(  739): [M3U8] file: NULL line 
D/DataSource_M3U8(  739): HLS=====>> Live Stream!!!!
I//lib/ld-linux.so.3(  743): FrmCnt:639(0,0,0) Rate:25 Sys:118588 STC:37516786 VPTS:37516759 APTS:37516790 Delay:13(40) V:0 A:130 VES:0x38e2f0 AES:0x8000 PCM:0x4bc80 AudioErr:0x0
D/DataSource_M3U8(  739): getHLSPlayListInex  DownloadBandWidth:1174078   uInDex=0
D/DataSource_M3U8(  739): 
D/DataSource_M3U8(  739): 
D/DataSource_M3U8(  739): 
D/DataSource_M3U8(  739): ============Begin to get playlist !!=====================
D/DataSource_M3U8(  739): 
D/DataSource_M3U8(  739): 
D/DataSource_M3U8(  739): 
D/DataSource_M3U8(  739):  connect Server :live.feifeikan.com
D/DataSource_M3U8(  739): parseM3U8 .......!
D/DataSource_M3U8(  739): 
D/DataSource_M3U8(  739):  do not update  mediaSequence : 0   url = http://live.feifeikan.com/live/hls/208?slice=048162   
D/DataSource_M3U8(  739): 
D/DataSource_M3U8(  739):  do not update  mediaSequence : 0   url = http://live.feifeikan.com/live/hls/208?slice=048163   
D/DataSource_M3U8(  739): 
D/DataSource_M3U8(  739):  do not update  mediaSequence : 0   url = http://live.feifeikan.com/live/hls/208?slice=048164   
D/DataSource_M3U8(  739): [M3U8] file: NULL line 
D/DataSource_M3U8(  739): HLS=====>> Live Stream!!!!
D/MonitorCw880( 1558): currentRemoteHost is null ,continue
D/DataSource_M3U8(  739): getHLSPlayListInex  DownloadBandWidth:1174078   uInDex=0
D/DataSource_M3U8(  739): 
D/DataSource_M3U8(  739): 
D/DataSource_M3U8(  739): 
D/DataSource_M3U8(  739): ============Begin to get playlist !!=====================
D/DataSource_M3U8(  739): 
D/DataSource_M3U8(  739): 
D/DataSource_M3U8(  739): 
D/DataSource_M3U8(  739):  connect Server :live.feifeikan.com
D/DataSource_M3U8(  739): parseM3U8 .......!
D/DataSource_M3U8(  739): 
D/DataSource_M3U8(  739):  do not update  mediaSequence : 0   url = http://live.feifeikan.com/live/hls/208?slice=048162   
D/DataSource_M3U8(  739): 
D/DataSource_M3U8(  739):  do not update  mediaSequence : 0   url = http://live.feifeikan.com/live/hls/208?slice=048163   
D/DataSource_M3U8(  739): 
D/DataSource_M3U8(  739):  do not update  mediaSequence : 0   url = http://live.feifeikan.com/live/hls/208?slice=048164   
D/DataSource_M3U8(  739): [M3U8] file: NULL line 
D/DataSource_M3U8(  739): HLS=====>> Live Stream!!!!
I//lib/ld-linux.so.3(  743): FrmCnt:677(0,0,0) Rate:25 Sys:120108 STC:37518307 VPTS:37518279 APTS:37518302 Delay:12(40) V:0 A:130 VES:0x388360 AES:0x8000 PCM:0x4ba00 AudioErr:0x0
D/Downloader(  739): Downloadserver bandWidth:1363867
D/Downloader(  739): Downloadserver bandWidth:1363867
D/Downloader(  739): Downloadserver bandWidth:1363867
D/Downloader(  739): Downloadserver bandWidth:1363867
D/DataSource_M3U8(  739): getHLSPlayListInex  DownloadBandWidth:1174078   uInDex=0
D/DataSource_M3U8(  739): 
D/DataSource_M3U8(  739): 
D/DataSource_M3U8(  739): 
D/DataSource_M3U8(  739): ============Begin to get playlist !!=====================
D/DataSource_M3U8(  739): 
D/DataSource_M3U8(  739): 
D/DataSource_M3U8(  739): 
D/DataSource_M3U8(  739):  connect Server :live.feifeikan.com
D/DataSource_M3U8(  739): parseM3U8 .......!
D/DataSource_M3U8(  739): 
D/DataSource_M3U8(  739):  do not update  mediaSequence : 0   url = http://live.feifeikan.com/live/hls/208?slice=048162   
D/DataSource_M3U8(  739): 
D/DataSource_M3U8(  739):  do not update  mediaSequence : 0   url = http://live.feifeikan.com/live/hls/208?slice=048163   
D/DataSource_M3U8(  739): 
D/DataSource_M3U8(  739):  do not update  mediaSequence : 0   url = http://live.feifeikan.com/live/hls/208?slice=048164   
D/DataSource_M3U8(  739): [M3U8] file: NULL line 
D/DataSource_M3U8(  739): HLS=====>> Live Stream!!!!
D/DataSource_M3U8(  739): ----------UpdatePlaylistThread runing... 
D/DataSource_M3U8(  739): getHLSPlayListInex  DownloadBandWidth:1174078   uInDex=0
D/DataSource_M3U8(  739): 
D/DataSource_M3U8(  739): 
D/DataSource_M3U8(  739): 
D/DataSource_M3U8(  739): ============Begin to get playlist !!=====================
D/DataSource_M3U8(  739): 
D/DataSource_M3U8(  739): 
D/DataSource_M3U8(  739): 
D/DataSource_M3U8(  739):  connect Server :live.feifeikan.com
D/DataSource_M3U8(  739): parseM3U8 .......!
D/DataSource_M3U8(  739): 
D/DataSource_M3U8(  739):  do not update  mediaSequence : 0   url = http://live.feifeikan.com/live/hls/208?slice=048162   
D/DataSource_M3U8(  739): 
D/DataSource_M3U8(  739):  do not update  mediaSequence : 0   url = http://live.feifeikan.com/live/hls/208?slice=048163   
D/DataSource_M3U8(  739): 
D/DataSource_M3U8(  739):  do not update  mediaSequence : 0   url = http://live.feifeikan.com/live/hls/208?slice=048164   
D/DataSource_M3U8(  739): [M3U8] file: NULL line 
D/DataSource_M3U8(  739): HLS=====>> Live Stream!!!!
I//lib/ld-linux.so.3(  743): FrmCnt:715(0,0,0) Rate:25 Sys:121626 STC:37519825 VPTS:37519799 APTS:37519814 Delay:14(40) V:0 A:130 VES:0x38a050 AES:0x8020 PCM:0x4b780 AudioErr:0x0
D/DataSource_M3U8(  739): getHLSPlayListInex  DownloadBandWidth:1174078   uInDex=0
D/DataSource_M3U8(  739): 
D/DataSource_M3U8(  739): 
D/DataSource_M3U8(  739): 
D/DataSource_M3U8(  739): ============Begin to get playlist !!=====================
D/DataSource_M3U8(  739): 
D/DataSource_M3U8(  739): 
D/DataSource_M3U8(  739): 
D/DataSource_M3U8(  739):  connect Server :live.feifeikan.com
D/DataSource_M3U8(  739): parseM3U8 .......!
D/DataSource_M3U8(  739): 
D/DataSource_M3U8(  739):  do not update  mediaSequence : 0   url = http://live.feifeikan.com/live/hls/208?slice=048162   
D/DataSource_M3U8(  739): 
D/DataSource_M3U8(  739):  do not update  mediaSequence : 0   url = http://live.feifeikan.com/live/hls/208?slice=048163   
D/DataSource_M3U8(  739): 
D/DataSource_M3U8(  739):  do not update  mediaSequence : 0   url = http://live.feifeikan.com/live/hls/208?slice=048164   
D/DataSource_M3U8(  739): [M3U8] file: NULL line 
D/DataSource_M3U8(  739): HLS=====>> Live Stream!!!!
D/DataSource_M3U8(  739): getHLSPlayListInex  DownloadBandWidth:1174078   uInDex=0
D/DataSource_M3U8(  739): 
D/DataSource_M3U8(  739): 
D/DataSource_M3U8(  739): 
D/DataSource_M3U8(  739): ============Begin to get playlist !!=====================
D/DataSource_M3U8(  739): 
D/DataSource_M3U8(  739): 
D/DataSource_M3U8(  739): 
D/DataSource_M3U8(  739):  connect Server :live.feifeikan.com
D/DataSource_M3U8(  739): parseM3U8 .......!
D/DataSource_M3U8(  739): 
D/DataSource_M3U8(  739):  do not update  mediaSequence : 0   url = http://live.feifeikan.com/live/hls/208?slice=048163   
D/DataSource_M3U8(  739): 
D/DataSource_M3U8(  739):  do not update  mediaSequence : 0   url = http://live.feifeikan.com/live/hls/208?slice=048164   
D/DataSource_M3U8(  739): 
D/DataSource_M3U8(  739):  update  playlist[14] ==>> mediaSequence : 0   url = http://live.feifeikan.com/live/hls/208?slice=048165   
D/DataSource_M3U8(  739): [M3U8] file: NULL line 
D/DataSource_M3U8(  739): HLS=====>> Live Stream!!!!
D/DataSource_M3U8(  739): [M3U8] checkShouldStartNext :[0](609308/609308)   sequence:0  start next:1  
D/DataSource_M3U8(  739): 
D/DataSource_M3U8(  739): 
D/DataSource_M3U8(  739): 
D/DataSource_M3U8(  739): [M3U8]-7----->This :0x23e50 --> post cmd for start next url:http://live.feifeikan.com/live/hls/208?slice=048165, knowedFileSize:0, mCurDowningIndex:0
D/DataSource_M3U8(  739): 
D/DataSource_M3U8(  739): 
D/Downloader(  739): [downloadThread]Downloader::removeTask  
D/Downloader(  739): [downloadThread]task have range string:0- 
I//lib/ld-linux.so.3(  743): FrmCnt:753(0,0,0) Rate:25 Sys:123143 STC:37521342 VPTS:37521319 APTS:37521345 Delay:17(40) V:0 A:130 VES:0x386cd0 AES:0x8000 PCM:0x4b500 AudioErr:0x0
D/DataSource_M3U8(  739): getHLSPlayListInex  DownloadBandWidth:1363867   uInDex=0
D/DataSource_M3U8(  739): 
D/DataSource_M3U8(  739): 
D/DataSource_M3U8(  739): 
D/DataSource_M3U8(  739): ============Begin to get playlist !!=====================
D/DataSource_M3U8(  739): 
D/DataSource_M3U8(  739): 
D/DataSource_M3U8(  739): 
D/DataSource_M3U8(  739):  connect Server :live.feifeikan.com
D/DataSource_M3U8(  739): parseM3U8 .......!
D/DataSource_M3U8(  739): 
D/DataSource_M3U8(  739):  do not update  mediaSequence : 0   url = http://live.feifeikan.com/live/hls/208?slice=048163   
D/DataSource_M3U8(  739): 
D/DataSource_M3U8(  739):  do not update  mediaSequence : 0   url = http://live.feifeikan.com/live/hls/208?slice=048164   
D/DataSource_M3U8(  739): 
D/DataSource_M3U8(  739):  do not update  mediaSequence : 0   url = http://live.feifeikan.com/live/hls/208?slice=048165   
D/DataSource_M3U8(  739): [M3U8] file: NULL line 
D/DataSource_M3U8(  739): HLS=====>> Live Stream!!!!
D/DataSource_M3U8(  739): getHLSPlayListInex  DownloadBandWidth:1363867   uInDex=0
D/DataSource_M3U8(  739): 
D/DataSource_M3U8(  739): 
D/DataSource_M3U8(  739): 
D/DataSource_M3U8(  739): ============Begin to get playlist !!=====================
D/DataSource_M3U8(  739): 
D/DataSource_M3U8(  739): 
D/DataSource_M3U8(  739): 
D/DataSource_M3U8(  739):  connect Server :live.feifeikan.com
D/DataSource_M3U8(  739): parseM3U8 .......!
D/DataSource_M3U8(  739): 
D/DataSource_M3U8(  739):  do not update  mediaSequence : 0   url = http://live.feifeikan.com/live/hls/208?slice=048163   
D/DataSource_M3U8(  739): 
D/DataSource_M3U8(  739):  do not update  mediaSequence : 0   url = http://live.feifeikan.com/live/hls/208?slice=048164   
D/DataSource_M3U8(  739): 
D/DataSource_M3U8(  739):  do not update  mediaSequence : 0   url = http://live.feifeikan.com/live/hls/208?slice=048165   
D/DataSource_M3U8(  739): [M3U8] file: NULL line 
D/DataSource_M3U8(  739): HLS=====>> Live Stream!!!!
D/DataSource_M3U8(  739): getHLSPlayListInex  DownloadBandWidth:1363867   uInDex=0
D/DataSource_M3U8(  739): 
D/DataSource_M3U8(  739): 
D/DataSource_M3U8(  739): 
D/DataSource_M3U8(  739): ============Begin to get playlist !!=====================
D/DataSource_M3U8(  739): 
D/DataSource_M3U8(  739): 
D/MonitorCw880( 1558): currentRemoteHost is null ,continue
I//lib/ld-linux.so.3(  743): FrmCnt:791(0,0,0) Rate:24 Sys:124667 STC:37522865 VPTS:37522839 APTS:37522868 Delay:14(40) V:0 A:130 VES:0x38acd0 AES:0x8000 PCM:0x4bc80 AudioErr:0x0
D/DataSource_M3U8(  739): 
D/DataSource_M3U8(  739):  connect Server :live.feifeikan.com
D/DataSource_M3U8(  739): parseM3U8 .......!
D/DataSource_M3U8(  739): 
D/DataSource_M3U8(  739):  do not update  mediaSequence : 0   url = http://live.feifeikan.com/live/hls/208?slice=048163   
D/DataSource_M3U8(  739): 
D/DataSource_M3U8(  739):  do not update  mediaSequence : 0   url = http://live.feifeikan.com/live/hls/208?slice=048164   
D/DataSource_M3U8(  739): 
D/DataSource_M3U8(  739):  do not update  mediaSequence : 0   url = http://live.feifeikan.com/live/hls/208?slice=048165   
D/DataSource_M3U8(  739): [M3U8] file: NULL line 
D/DataSource_M3U8(  739): HLS=====>> Live Stream!!!!
D/HomePlayerLib( 1671): hostaddress count is 1
D/DataSource_M3U8(  739): getHLSPlayListInex  DownloadBandWidth:1363867   uInDex=0
D/DataSource_M3U8(  739): 
D/DataSource_M3U8(  739): 
D/DataSource_M3U8(  739): 
D/DataSource_M3U8(  739): ============Begin to get playlist !!=====================
D/DataSource_M3U8(  739): 
D/DataSource_M3U8(  739): 
D/Downloader(  739): Downloadserver bandWidth:1595990
D/Downloader(  739): Downloadserver bandWidth:1595466
D/Downloader(  739): Downloadserver bandWidth:1595466
D/Downloader(  739): Downloadserver bandWidth:1595466
D/dalvikvm( 1671): GC_CONCURRENT freed 2002K, 45% free 7367K/13187K, paused 3ms+5ms
D/DataSource_M3U8(  739): 
D/DataSource_M3U8(  739):  connect Server :live.feifeikan.com
D/DataSource_M3U8(  739): parseM3U8 .......!
D/DataSource_M3U8(  739): 
D/DataSource_M3U8(  739):  do not update  mediaSequence : 0   url = http://live.feifeikan.com/live/hls/208?slice=048163   
D/DataSource_M3U8(  739): 
D/DataSource_M3U8(  739):  do not update  mediaSequence : 0   url = http://live.feifeikan.com/live/hls/208?slice=048164   
D/DataSource_M3U8(  739): 
D/DataSource_M3U8(  739):  do not update  mediaSequence : 0   url = http://live.feifeikan.com/live/hls/208?slice=048165   
D/DataSource_M3U8(  739): [M3U8] file: NULL line 
D/DataSource_M3U8(  739): HLS=====>> Live Stream!!!!
I//lib/ld-linux.so.3(  743): FrmCnt:829(0,0,0) Rate:24 Sys:126189 STC:37524388 VPTS:37524359 APTS:37524380 Delay:11(40) V:0 A:130 VES:0x389090 AES:0x8030 PCM:0x4ba00 AudioErr:0x0
D/dalvikvm( 1671): GC_CONCURRENT freed 2067K, 44% free 7386K/13187K, paused 2ms+4ms
D/DataSource_M3U8(  739): getHLSPlayListInex  DownloadBandWidth:1363867   uInDex=0
D/DataSource_M3U8(  739): 
D/DataSource_M3U8(  739): 
D/DataSource_M3U8(  739): 
D/DataSource_M3U8(  739): ============Begin to get playlist !!=====================
D/DataSource_M3U8(  739): 
D/DataSource_M3U8(  739): 
D/DataSource_M3U8(  739): 
D/DataSource_M3U8(  739):  connect Server :live.feifeikan.com
D/DataSource_M3U8(  739): parseM3U8 .......!
D/DataSource_M3U8(  739): 
D/DataSource_M3U8(  739):  do not update  mediaSequence : 0   url = http://live.feifeikan.com/live/hls/208?slice=048163   
D/DataSource_M3U8(  739): 
D/DataSource_M3U8(  739):  do not update  mediaSequence : 0   url = http://live.feifeikan.com/live/hls/208?slice=048164   
D/DataSource_M3U8(  739): 
D/DataSource_M3U8(  739):  do not update  mediaSequence : 0   url = http://live.feifeikan.com/live/hls/208?slice=048165   
D/DataSource_M3U8(  739): [M3U8] file: NULL line 
D/DataSource_M3U8(  739): HLS=====>> Live Stream!!!!
D/DataSource_M3U8(  739): getHLSPlayListInex  DownloadBandWidth:1363867   uInDex=0
D/DataSource_M3U8(  739): 
D/DataSource_M3U8(  739): 
D/DataSource_M3U8(  739): 
D/DataSource_M3U8(  739): ============Begin to get playlist !!=====================
D/DataSource_M3U8(  739): 
D/DataSource_M3U8(  739): 
I//lib/ld-linux.so.3(  743): FrmCnt:867(0,0,0) Rate:25 Sys:127708 STC:37525907 VPTS:37525879 APTS:37525907 Delay:12(40) V:0 A:130 VES:0x384de0 AES:0x8020 PCM:0x4b780 AudioErr:0x0
D/DataSource_M3U8(  739): 
D/DataSource_M3U8(  739):  connect Server :live.feifeikan.com
D/DataSource_M3U8(  739): parseM3U8 .......!
D/DataSource_M3U8(  739): 
D/DataSource_M3U8(  739):  do not update  mediaSequence : 0   url = http://live.feifeikan.com/live/hls/208?slice=048163   
D/DataSource_M3U8(  739): 
D/DataSource_M3U8(  739):  do not update  mediaSequence : 0   url = http://live.feifeikan.com/live/hls/208?slice=048164   
D/DataSource_M3U8(  739): 
D/DataSource_M3U8(  739):  do not update  mediaSequence : 0   url = http://live.feifeikan.com/live/hls/208?slice=048165   
D/DataSource_M3U8(  739): [M3U8] file: NULL line 
D/DataSource_M3U8(  739): HLS=====>> Live Stream!!!!
E/ServerHandler( 1607): receiveRequest
V/OtORequest( 1607): parseCommand
V/OtORequest( 1607): get command=101
V/OtORequest( 1607): parse OtORequest: cmd=101 paramLength=133 bufferlen=141
V/OtORequest( 1607): parse param: param={"ResourceInfo":{"ProductCode":"","PlayType":2,"ResourceCode":"10045","ResourceName":"å¤§å®¶åº­(27)"},"UserCode":"lylyly","SubID":""}bID":""}À€
E/ServerAdapter( 1607): onPlay ---------
E/ServerAdapter( 1607): onPlay =========
E/OtOService( 1607): client request play. info=com.aidufei.protocol.oto.ResourceInfo@41bbca98
D/OtOService( 1607): PLAY_VOB
V/OtOService( 1607): client request play. info.code()=10045
I/DVB_main( 1906): onPause
I/DVB_main( 1906): exit, Send broadcast playtype is 0
E/ServerAdapter( 1607): play
I/dvb_OTTPlayer( 1906): [stop] stop
E/ServerHandler( 1607): Send:com.aidufei.protocol.oto.OtOPlayRequest@41bbd108
I/ActivityManager(  948): START {flg=0x58000000 cmp=com.coship.dvbplayer/.main (has extras)} from pid 1607
D/MstarPlayer(  739): MstarPlayer::stop
D/MstarPlayer(  739): request to exit async thread
D/OtOService( 1607): TVContentReceiver: ACTION_TV_CONTENT_CHANGED, playType: 0 ,resourceCode: null
D/ServerAdapter( 1607): Server addr: http://wasu.feifeikan.com:8080/
E/ServerHandler( 1607): Send:com.aidufei.protocol.oto.OtOContentRequest@41ad49f0
D/ServerHandler( 1607): ServerHandler send request:200:{"Status":{"ReturnCode":100,"Description":"TVContentChanged"},"ServerAddr":"http:\/\/wasu.feifeikan.com:8080\/","Volume":-1}
V/OtOPlayRequest( 1607): Play Request: {"ResourceInfo":{"ProductCode":"","PlayType":2,"ResourceCode":"10045","ResourceName":"å¤§å®¶åº­(27)"},"Status":{"ReturnCode":100,"Description":"start to play"}}
V/ServerHandler( 1607): ServerHandler send DatagramPacket:/192.168.1.105-[B@41ad6890
D/ServerHandler( 1607): ServerHandler send request:101:{"ResourceInfo":{"ProductCode":"","PlayType":2,"ResourceCode":"10045","ResourceName":"å¤§å®¶åº­(27)"},"Status":{"ReturnCode":100,"Description":"start to play"}}
V/OtOPlayRequest( 1607): Play Request: {"ResourceInfo":{"ProductCode":"","PlayType":2,"ResourceCode":"10045","ResourceName":"å¤§å®¶åº­(27)"},"Status":{"ReturnCode":100,"Description":"start to play"}}
V/ServerHandler( 1607): ServerHandler send DatagramPacket:/192.168.1.105-[B@41ad89c8
D/MstarPlayer(  739): exit async proc thread
D/IMMPlayer(  739): Send MM_Stop
D/IMMPlayer(  739): u32Item:1
I//lib/ld-linux.so.3(  743): MApp_VDPlayer_Stop interrupt
I//lib/ld-linux.so.3(  743): MApp_VDPlayer_Stop
I//lib/ld-linux.so.3(  743): E_VDP_DECODE_STATE_STOP --> E_VDP_DECODE_STATE_STANDBY
I//lib/ld-linux.so.3(  743): E_VDP_PHASE_DECODE --> E_VDP_PHASE_STOP
I//lib/ld-linux.so.3(  743): Clear ES buffer
I//lib/ld-linux.so.3(  743): E_VDP_PHASE_STOP --> E_VDP_PHASE_STANDBY
I//lib/ld-linux.so.3(  743): Error code 0; Stop Pos:0x07d79e8 Time:35053
I//lib/ld-linux.so.3(  743): Get MB_VDPLAYER_STOP command.
D/IMMPlayer(  739): Get ret:0
D/IMMPlayer(  739): Send MM_DeleteMediaItem
D/IMMPlayer(  739): u32Item:1
D/IMMPlayer(  739): Get ret:0
D/IMMPlayer(  739): Send PLAYER_COMMAND_REMOVE_EVENT_RECIPIENT_FPTR
D/IMMPlayer(  739): Get ret:1
D/IMMPlayer(  739): Send FINALIZE
I//lib/ld-linux.so.3(  743): Sbtitle de-init: 0.
I//lib/ld-linux.so.3(  743): MMPlayerService::Client::MM_Finalize()
I//lib/ld-linux.so.3(  743): MSrv_MM_PhotoPlayer::Finalize().
I//lib/ld-linux.so.3(  743): mapi_cpcodec::Finalize().
I//lib/ld-linux.so.3(  743): mapi_cpcodec::Finalize().
I//lib/ld-linux.so.3(  743): Do mapi_cpcodec::Finalize().
D/IMMPlayer(  739): Get ret:0
D/MMPlayer(  739): disconnect
D/MMPlayer(  739): 
D/IMMPlayer(  739): Send DISCONNECT
D/MstarPlayer(  739): MstarPlayer::clearAllSource
D/Downloader(  739): Enter Downloader::ForceExit ! 
D/DataSource_M3U8(  739): [M3U8]request to exit download thread
D/MMPlayer(  739): destructor: 0x476f0
D/MMPlayer(  739): 
D/MMPlayer(  739): disconnect
D/MMPlayer(  739): 
I//lib/ld-linux.so.3(  743): MM_Finalize done
I//lib/ld-linux.so.3(  743): V/MMPlayerService( 758 1043): disconnect(callingPid 739, clientPid 739)
I//lib/ld-linux.so.3(  743): V/MMPlayerService( 758 1043): Disconnet finalize OK.
I//lib/ld-linux.so.3(  743): V/MMPlayerService( 758 1043): removeClient(callingPid 739)
D/DataSource_M3U8(  739): [ContentSource_M3U8] DownloadThread Exit Done..
D/DataSource_M3U8(  739): [M3U8]request to exit mPlaylistThread thread
D/Downloader(  739): Enter Downloader::ForceExit ! 
D/Downloader(  739): [downloadThread]Downloader::removeTask  
D/Downloader(  739): ~Downloader
D/DataSource_M3U8(  739): [M3U8]~ContentSource_M3U8 done.
D/MstarPlayer(  739): setInstance: 0x0
D/MstarPlayer(  739): ==========MstarPlayer::reset : 0x45a68==========
D/MstarPlayer(  739): MstarPlayer::clearAllSource
D/MstarPlayer(  739): setInstance: 0x0
D/MstarPlayer(  739): reset done
I/dvb_LoadTips( 1906): [gethandler] objInstance:com.coship.dvbplayer.LoadTips@415bb9b0
I/dvb_LoadTips( 1906): [gethandler] objInstance  mHandler:Handler (com.coship.dvbplayer.LoadTips$1) {415630c8}
I/dvb_LoadTips( 1906): [gethandler] objInstance:com.coship.dvbplayer.LoadTips@415bb9b0
I/dvb_LoadTips( 1906): [gethandler] objInstance  mHandler:Handler (com.coship.dvbplayer.LoadTips$1) {415630c8}
E/DVB_main( 1906): [onDestroy]   serviceAdapter is null
I/DVB_main( 1906): [onNewIntent]    ~~~~~~~~~~~~~~~
I/DVB_main( 1906): [checkbundle] channelResourceCode:10045 playType:0
I/DVB_main( 1906): [checkbundle]:   get channelResourceCode:10045++++++++++playType+++++++++++0
I/DVB_main( 1906): [handleIntent] get intent ,playType:0
I/dvb_OTTPlayer( 1906): [getInstance] begin..............
I/dvb_OTTPlayer( 1906): [play] mediaplayer is null creat it .....
D/MstarPlayer(  739): ==========MstarPlayer::reset : 0x45a68==========
D/MstarPlayer(  739): MstarPlayer::clearAllSource
D/MstarPlayer(  739): setInstance: 0x0
D/MstarPlayer(  739): reset done
D/MstarPlayer(  739): 
D/MstarPlayer(  739): =======Destroy mstar player  : 0x45a68========
I//lib/ld-linux.so.3(  743): V/MMPlayerService( 758 1045): MMPlayerService::Client destructor(callingPid 739)
I/dvb_OTTPlayer( 1906): [initMediaplayer] new MediaPlayer END....  mediaplayer:android.media.MediaPlayer@42a12a80
D/dvb_OTTPlayer( 1906): Send broadcast: channelCode 10045 type 2
I/dvb_OTTPlayer( 1906): [play] code :10045 name:
I/dvb_LoadTips( 1906): [gethandler] objInstance:com.coship.dvbplayer.LoadTips@415bb9b0
I/dvb_LoadTips( 1906): [gethandler] objInstance  mHandler:Handler (com.coship.dvbplayer.LoadTips$1) {415630c8}
I/dvb_LoadTips( 1906): [gethandler] objInstance:com.coship.dvbplayer.LoadTips@415bb9b0
I/dvb_LoadTips( 1906): [gethandler] objInstance  mHandler:Handler (com.coship.dvbplayer.LoadTips$1) {415630c8}
I/DVB_main( 1906): onResume
D/OtOService( 1607): TVContentReceiver: ACTION_TV_CONTENT_CHANGED, playType: 2 ,resourceCode: 10045
D/ServerAdapter( 1607): Server addr: http://wasu.feifeikan.com:8080/
E/ServerHandler( 1607): Send:com.aidufei.protocol.oto.OtOContentRequest@41ad9fb8
D/ServerHandler( 1607): ServerHandler send request:200:{"ResourceInfo":{"ProductCode":"","PlayType":2,"ResourceCode":"10045","ResourceName":""},"Status":{"ReturnCode":100,"Description":"TVContentChanged"},"ServerAddr":"http:\/\/wasu.feifeikan.com:8080\/","Volume":-1}
V/ServerHandler( 1607): ServerHandler send DatagramPacket:/192.168.1.105-[B@41adbbd0
I/dvb_OTTPlayer( 1906): [GetPlayURLThread] begin code:10045
I/message ( 1906): requestUrl  :http://wasu.feifeikan.com:8080/msis/getPlayURL?version=V001&terminalType=2&resolution=1280*720&resourceCode=10045&productCode=&userCode=&playType=2&delay=0&shifttime=0&shiftend=0&timecode=0&authKey=de89ef2e0fec1850b3c4537395696785
I/dvb_OTTPlayer( 1906): [getInstance] begin..............
I/dvb_LoadTips( 1906): [mHandler] ~~~~~~~~~~~~~~~~~~~~~~~~~mHandler:Handler (com.coship.dvbplayer.LoadTips$1) {415630c8} msg.what:5 msg.obj:null
I/dvb_LoadTips( 1906): [mHandler] ~~~~~~~~~~~~~~~~~~~~~~~~~mHandler:Handler (com.coship.dvbplayer.LoadTips$1) {415630c8} msg.what:3 msg.obj:
I/message ( 1906): message  :{"ret":"0","palyURL":"http://live.feifeikan.com/live/coship,YSGQHD.m3u8?fmt=x264_0k_mpegts&sora=1&sk=968FBD525608B0DCAF20D5443FA96BCA&UUID=5943c68c-827b-462c-8020-2e76fed9a857&userCode=default&userName=default&spCode=484581254562&productCode=2&resourceCode=10045&subId=123&resourceName=&authType=2","retInfo":""}
I/System.out( 1906): message--->{"ret":"0","palyURL":"http://live.feifeikan.com/live/coship,YSGQHD.m3u8?fmt=x264_0k_mpegts&sora=1&sk=968FBD525608B0DCAF20D5443FA96BCA&UUID=5943c68c-827b-462c-8020-2e76fed9a857&userCode=default&userName=default&spCode=484581254562&productCode=2&resourceCode=10045&subId=123&resourceName=&authType=2","retInfo":""}
E/dvb_OTTPlayer( 1906): [GetPlayURLThread]  url:http://live.feifeikan.com/live/coship,YSGQHD.m3u8?fmt=x264_0k_mpegts&sora=1&sk=968FBD525608B0DCAF20D5443FA96BCA&UUID=5943c68c-827b-462c-8020-2e76fed9a857&userCode=default&userName=default&spCode=484581254562&productCode=2&resourceCode=10045&subId=123&resourceName=&authType=2
I/dvb_OTTPlayer( 1906): [play] String path:http://live.feifeikan.com/live/coship,YSGQHD.m3u8?fmt=x264_0k_mpegts&sora=1&sk=968FBD525608B0DCAF20D5443FA96BCA&UUID=5943c68c-827b-462c-8020-2e76fed9a857&userCode=default&userName=default&spCode=484581254562&productCode=2&resourceCode=10045&subId=123&resourceName=&authType=2
D/MediaPlayerService(  739):  Create MstarPlayer
D/MstarPlayer(  739): Create MstarPlayer:0x45a68,Version:Release Mstar player lib Version:0015,Base CL:690305  Date:2012/11/06
D/MstarPlayer(  739): TV Local Time :  Wed Mar 27 10:57:42 2013
D/MstarPlayer(  739):  
D/MstarPlayer(  739): setInstance: 0x45a68
D/MstarPlayer(  739): mstar player set listener
D/MstarPlayer(  739): MstarPlayer::initCheck
D/MediaPlayerService(  739): [3] setVideoSurfaceTexture(0x45c80)
D/MstarPlayer(  739): MstarPlayer::setVideoSurfaceTexture 
D/MstarPlayer(  739): open mHwcFifoFD = 29
D/MediaPlayerService(  739): [3] setVideoSurfaceTexture(0x50d20)
D/MstarPlayer(  739): MstarPlayer::prepareAsync
D/MstarPlayer(  739): 
D/MstarPlayer(  739):  MstarPlayer::doSetDataSource
D/MstarPlayer(  739): MstarPlayer::clearAllSource
D/MstarPlayer(  739): 
D/MstarPlayer(  739):  MstarPlayer::doSetDataSource: url=http://live.feifeikan.com/live/coship,YSGQHD.m3u8?fmt=x264_0k_mpegts&sora=1&sk=968FBD525608B0DCAF20D5443FA96BCA&UUID=5943c68c-827b-462c-8020-2e76fed9a857&userCode=default&userName=default&spCode=484581254562&productCode=2&resourceCode=10045&subId=123&resourceName=&authType=2
D/Downloader(  739): Release Mstar Content Source CL:493363  Date:2013/03/20
D/Downloader(  739): Curl Version:libcurl/7.21.7 OpenSSL/1.0.0e
D/Downloader(  739): [downloadThread]init a multi curl done.curlm:0x3b560 pRingBuffer:0x50d70
D/DataSource_M3U8(  739): bg thread ready to run
D/DataSource_M3U8(  739): [M3U8]ContentSource_M3U8 contruct done
D/DataSource_M3U8(  739): bg thread ready to run
D/DataSource_M3U8(  739): bg thread 193952
D/DataSource_M3U8(  739): [M3U8] try parseURLs=http://live.feifeikan.com/live/coship,YSGQHD.m3u8?fmt=x264_0k_mpegts&sora=1&sk=968FBD525608B0DCAF20D5443FA96BCA&UUID=5943c68c-827b-462c-8020-2e76fed9a857&userCode=default&userName=default&spCode=484581254562&productCode=2&resourceCode=10045&subId=123&resourceName=&authType=2
D/Downloader(  739): [downloadThread]Downloader::removeTask  
D/MonitorCw880( 1558): currentRemoteHost is null ,continue
D/Downloader(  739): Content-Length: 295
D/Downloader(  739): 
D/Downloader(  739): Content-Type: text/plain; charset=UTF-8
D/Downloader(  739): 
D/Downloader(  739): Downloadserver bandWidth:3959
D/Downloader(  739): Downloadserver bandWidth:3959
D/Downloader(  739): Downloadserver bandWidth:3959
D/Downloader(  739): Downloadserver bandWidth:3959
D/DataSource_M3U8(  739): parseURLs : waiting 580 ms 
D/DataSource_M3U8(  739):  mDownloadingTask.fileSize:295 
D/DataSource_M3U8(  739): [M3U8] file: NULL line 
D/DataSource_M3U8(  739): HLS=====>> Live Stream!!!!
D/DataSource_M3U8(  739):  bMultAlterBandwidthStream = 1  urlNum=1 
D/Downloader(  739): [downloadThread]background worker recv DOWNLOADER_COMMAND_REMOVE_TASK
D/Downloader(  739): [downloadThread]Downloader::removeTask  
D/Downloader(  739): [downloadThread]DOWNLOADER_COMMAND_REMOVE_TASK done
D/DataSource_M3U8(  739): [M3U8] try parseURLs=http://live.feifeikan.com/live/hls/208.m3u8?fmt=x264_0k_mpegts&sora=1&sk=968FBD525608B0DCAF20D5443FA96BCA&UUID=5943c68c-827b-462c-8020-2e76fed9a857&userCode=default&userName=default&spCode=484581254562&productCode=2&resourceCode=10045&subId=123&resourceName=&authType=2
D/Downloader(  739): [downloadThread]Downloader::removeTask  
