03-27 10:53:53.009 V/AudioPolicyManagerBase(  118): setOutputDevice() setting same device 0002 or null device for output 2
03-27 10:53:53.009 V/AudioPolicyManagerALSA(  118): getDeviceForStrategy() from cache strategy 3, device 2
03-27 10:53:53.009 D/AudioPolicyManagerALSA(  118): mFmRadioStatus=0,mFmRadioSinkDev=4,device2=0
03-27 10:53:53.009 D/AudioPolicyManagerALSA(  118): mFmRadioStatus=0,mFmRadioSinkDev=4,device2=0
03-27 10:53:53.009 D/AudioPolicyManagerALSA(  118): mFmRadioStatus=0,mFmRadioSinkDev=4,device2=0
03-27 10:53:53.009 D/AudioPolicyManagerALSA(  118): mFmRadioStatus=0,mFmRadioSinkDev=4,device2=0
03-27 10:53:53.009 D/AudioPolicyManagerALSA(  118): mFmRadioStatus=0,mFmRadioSinkDev=4,device2=0
03-27 10:53:53.009 D/AudioPolicyManagerALSA(  118): mFmRadioStatus=0,mFmRadioSinkDev=4,device2=0
03-27 10:53:53.009 V/AudioFlinger(  118): mWaitWorkCV.broadcast
03-27 10:53:53.009 V/AudioFlinger(  118): thread 0x40de3008 type 0 TID 338 waking up
03-27 10:53:53.009 V/MediaControler( 3782): getCurrentPos:0
03-27 10:53:53.009 V/AudioFlinger(  118): acquireWakeLock_l() AudioOut_2 status 0
03-27 10:53:53.029 D/AudioHardwareALSA(  118): Prepare success result=0
03-27 10:53:53.029 D/brcm-vd (  118): [video_decoder__GetParameter]: port-def [out] = 64/64, 5/3, 0, 258, 960x544/0x544
03-27 10:53:53.029 D/brcm-vd (  118): [video_decoder__GetConfig]: crop [out] = (0, 0) (960x540)
03-27 10:53:53.039 D/MediaControler( 3782): onVideoSizeChanged video width(960) or height(540)
03-27 10:53:53.039 I/VideoPlayer( 3782): HWRate1:1.7777778--HWRate2:1.7777778
03-27 10:53:53.039 I/VideoPlayer( 3782): rate22:1.7777778
03-27 10:53:53.039 D/VideoPlayer( 3782): screenWidth:1280--screenHeight:720
03-27 10:53:53.039 D/VideoPlayer( 3782): videoWidth:960--videoHeight:540
03-27 10:53:53.039 D/VideoPlayer( 3782): surfcaeWidth:1280-surfaceHeight:720
03-27 10:53:54.010 V/MediaControler( 3782): getCurrentPos:801
03-27 10:53:54.010 E/VideoPlayer( 3782): delay:0
03-27 10:53:55.011 V/MediaControler( 3782): getCurrentPos:1825
03-27 10:53:55.011 E/VideoPlayer( 3782): delay:0
03-27 10:53:56.012 V/MediaControler( 3782): getCurrentPos:2760
03-27 10:53:56.022 E/VideoPlayer( 3782): delay:0
03-27 10:53:56.963 V/ChromiumHTTPDataSource(  118): connect on behalf of uid 10056
03-27 10:53:56.963 I/ChromiumHTTPDataSource(  118): connect to http://live.feifeikan.com/live/hls/108.m3u8?fmt=x264_0k_mpegts&sora=1&sk=E7CCB903DD1CDDE0F1A45FE8071AEB17&UUID=2ae152ad-8c26-4b4f-98fc-9924456502ac&userCode=lylyly&userName=lylyly&spCode=484581254562&productCode=2&resourceCode=10032&subId=123&resourceName=&authType=2 @0
03-27 10:53:57.013 V/MediaControler( 3782): getCurrentPos:3797
03-27 10:53:57.013 E/VideoPlayer( 3782): delay:0
03-27 10:53:57.203 V/ChromiumHTTPDataSource(  118): connect on behalf of uid 10056
03-27 10:53:57.203 I/ChromiumHTTPDataSource(  118): connect to http://live.feifeikan.com/live/hls/108?slice=048191 @0
03-27 10:53:58.014 V/MediaControler( 3782): getCurrentPos:4748
03-27 10:53:58.024 E/VideoPlayer( 3782): delay:0
03-27 10:53:59.005 V/MediaControler( 3782): getCurrentPos:5815
03-27 10:53:59.015 E/VideoPlayer( 3782): delay:0
03-27 10:54:00.006 V/MediaControler( 3782): getCurrentPos:6760
03-27 10:54:00.016 E/VideoPlayer( 3782): delay:0
03-27 10:54:00.326 V/ChromiumHTTPDataSource(  118): connect on behalf of uid 10056
03-27 10:54:00.326 I/ChromiumHTTPDataSource(  118): connect to http://live.feifeikan.com/live/hls/108?slice=048192 @0
03-27 10:54:00.807 D/NetworkPolicy(  378): setNetworkTemplateEnabled(): match rule = 1
03-27 10:54:00.817 D/MobileDataStateTracker(  378): default: setPolicyDataEnable(enabled=true)
03-27 10:54:01.007 V/MediaControler( 3782): getCurrentPos:7840
03-27 10:54:01.017 E/VideoPlayer( 3782): delay:0
03-27 10:54:02.008 V/MediaControler( 3782): getCurrentPos:8761
03-27 10:54:02.018 E/VideoPlayer( 3782): delay:0
03-27 10:54:02.779 V/ChromiumHTTPDataSource(  118): connect on behalf of uid 10056
03-27 10:54:02.779 I/ChromiumHTTPDataSource(  118): connect to http://live.feifeikan.com/live/hls/108?slice=048193 @0
03-27 10:54:03.019 V/MediaControler( 3782): getCurrentPos:9840
03-27 10:54:03.019 E/VideoPlayer( 3782): delay:0
03-27 10:54:04.020 V/MediaControler( 3782): getCurrentPos:10743
03-27 10:54:04.020 E/VideoPlayer( 3782): delay:0
03-27 10:54:05.021 V/MediaControler( 3782): getCurrentPos:11834
03-27 10:54:05.021 E/VideoPlayer( 3782): delay:0
03-27 10:54:06.022 V/MediaControler( 3782): getCurrentPos:12799
03-27 10:54:06.022 E/VideoPlayer( 3782): delay:0
03-27 10:54:07.013 V/ChromiumHTTPDataSource(  118): connect on behalf of uid 10056
03-27 10:54:07.013 I/ChromiumHTTPDataSource(  118): connect to http://live.feifeikan.com/live/hls/108.m3u8?fmt=x264_0k_mpegts&sora=1&sk=E7CCB903DD1CDDE0F1A45FE8071AEB17&UUID=2ae152ad-8c26-4b4f-98fc-9924456502ac&userCode=lylyly&userName=lylyly&spCode=484581254562&productCode=2&resourceCode=10032&subId=123&resourceName=&authType=2 @0
03-27 10:54:07.023 V/MediaControler( 3782): getCurrentPos:13801
03-27 10:54:07.023 E/VideoPlayer( 3782): delay:0
03-27 10:54:07.463 V/ChromiumHTTPDataSource(  118): connect on behalf of uid 10056
03-27 10:54:07.463 I/ChromiumHTTPDataSource(  118): connect to http://live.feifeikan.com/live/hls/108?slice=048194 @0
03-27 10:54:08.024 V/MediaControler( 3782): getCurrentPos:14758
03-27 10:54:08.034 E/VideoPlayer( 3782): delay:0
03-27 10:54:09.015 V/MediaControler( 3782): getCurrentPos:15840
03-27 10:54:09.015 E/VideoPlayer( 3782): delay:0
03-27 10:54:10.016 V/MediaControler( 3782): getCurrentPos:16760
03-27 10:54:10.026 E/VideoPlayer( 3782): delay:0
03-27 10:54:11.017 V/MediaControler( 3782): getCurrentPos:17825
03-27 10:54:11.027 E/VideoPlayer( 3782): delay:0
03-27 10:54:12.018 V/MediaControler( 3782): getCurrentPos:18800
03-27 10:54:12.028 E/VideoPlayer( 3782): delay:0
03-27 10:54:13.019 V/MediaControler( 3782): getCurrentPos:19854
03-27 10:54:13.029 E/VideoPlayer( 3782): delay:0
03-27 10:54:13.579 D/KeyguardViewMediator(  378): setHidden false
03-27 10:54:13.870 V/ChromiumHTTPDataSource(  118): connect on behalf of uid 10056
03-27 10:54:13.870 I/ChromiumHTTPDataSource(  118): connect to http://live.feifeikan.com/live/hls/108.m3u8?fmt=x264_0k_mpegts&sora=1&sk=E7CCB903DD1CDDE0F1A45FE8071AEB17&UUID=2ae152ad-8c26-4b4f-98fc-9924456502ac&userCode=lylyly&userName=lylyly&spCode=484581254562&productCode=2&resourceCode=10032&subId=123&resourceName=&authType=2 @0
03-27 10:54:14.020 V/MediaControler( 3782): getCurrentPos:20748
03-27 10:54:14.030 E/VideoPlayer( 3782): delay:0
03-27 10:54:14.280 V/ChromiumHTTPDataSource(  118): connect on behalf of uid 10056
03-27 10:54:14.280 I/ChromiumHTTPDataSource(  118): connect to http://live.feifeikan.com/live/hls/108?slice=048195 @0
03-27 10:54:15.021 V/MediaControler( 3782): getCurrentPos:21815
03-27 10:54:15.031 E/VideoPlayer( 3782): delay:0
03-27 10:54:15.511 D/NetworkPolicy(  378): setNetworkTemplateEnabled(): match rule = 1
03-27 10:54:15.511 D/MobileDataStateTracker(  378): default: setPolicyDataEnable(enabled=true)
03-27 10:54:15.811 D/KeyguardViewMediator(  378): setHidden false
03-27 10:54:16.022 V/MediaControler( 3782): getCurrentPos:22760
03-27 10:54:16.032 E/VideoPlayer( 3782): delay:0
03-27 10:54:16.262 D/DownloadCompleteReceiver( 1158):  WIFI CHANGED_ACTION 
03-27 10:54:16.262 D/DownloadCompleteReceiver( 1158):  time:1364352856272
03-27 10:54:16.262 D/DownloadCompleteReceiver( 1158):  locktime:0
03-27 10:54:16.262 D/DownloadCompleteReceiver( 1158):  mIdupdate:-1
03-27 10:54:16.262 D/DownloadCompleteReceiver( 1158):  mMasterclear:false
03-27 10:54:16.262 D/DownloadCompleteReceiver( 1158):  mBootcomplete:true
03-27 10:54:17.023 V/MediaControler( 3782): getCurrentPos:23777
03-27 10:54:17.033 E/VideoPlayer( 3782): delay:0
03-27 10:54:18.024 V/MediaControler( 3782): getCurrentPos:24840
03-27 10:54:18.034 E/VideoPlayer( 3782): delay:0
03-27 10:54:19.025 V/MediaControler( 3782): getCurrentPos:25800
03-27 10:54:19.035 E/VideoPlayer( 3782): delay:0
03-27 10:54:19.835 V/ChromiumHTTPDataSource(  118): connect on behalf of uid 10056
03-27 10:54:19.835 I/ChromiumHTTPDataSource(  118): connect to http://live.feifeikan.com/live/hls/108?slice=048196 @0
03-27 10:54:20.016 V/MediaControler( 3782): getCurrentPos:26760
03-27 10:54:20.026 E/VideoPlayer( 3782): delay:0
03-27 10:54:21.027 V/MediaControler( 3782): getCurrentPos:27841
03-27 10:54:21.027 E/VideoPlayer( 3782): delay:0
03-27 10:54:22.028 V/MediaControler( 3782): getCurrentPos:28758
03-27 10:54:22.028 E/VideoPlayer( 3782): delay:0
03-27 10:54:23.029 V/MediaControler( 3782): getCurrentPos:29816
03-27 10:54:23.029 E/VideoPlayer( 3782): delay:0
03-27 10:54:23.269 D/DownloadCompleteReceiver( 1158):  TYPE_WIFI info.isConnected():true
03-27 10:54:23.269 D/DownloadCompleteReceiver( 1158): isConnecting():true
03-27 10:54:23.269 D/DownloadCompleteReceiver( 1158):  TYPE_WIFI info.isConnected():true
03-27 10:54:23.269 D/DownloadCompleteReceiver( 1158): ********* downloadURL:
03-27 10:54:23.269 D/DownloadCompleteReceiver( 1158):  getTotalInternalSize:14135926784
03-27 10:54:23.269 D/DownloadCompleteReceiver( 1158): DOWNLOAD_VERSION_FILE_URL:http://update.feifeikan.com/Fphone/version_new.txt
03-27 10:54:24.030 V/MediaControler( 3782): getCurrentPos:30761
03-27 10:54:24.030 E/VideoPlayer( 3782): delay:0
03-27 10:54:24.520 D/DownloadCompleteReceiver( 1158): updateEx mServerVerstion:V225R001C01B071
03-27 10:54:24.520 D/DownloadCompleteReceiver( 1158):  local:071
03-27 10:54:24.520 D/DownloadCompleteReceiver( 1158):  server:071
03-27 10:54:25.030 V/MediaControler( 3782): getCurrentPos:31840
03-27 10:54:25.030 E/VideoPlayer( 3782): delay:0
03-27 10:54:26.031 V/MediaControler( 3782): getCurrentPos:32757
03-27 10:54:26.031 E/VideoPlayer( 3782): delay:0
03-27 10:54:26.092 V/contacttt( 4341): [ContactsProvider]>=query(),uri=[content://com.android.contacts/contacts],projection=[[_id]],selection=[null]  args=[null],order=[null]
03-27 10:54:26.102 D/SmsProvider(  560): --------query and url=content://sms-------
03-27 10:54:26.152 W/MountService(  378): getVolumeState(/storage/sdcard0/external_sd): Unknown volume
03-27 10:54:26.152 W/MountService(  378): getVolumeState(/mnt/sdcard-ext): Unknown volume
03-27 10:54:26.152 W/MountService(  378): getVolumeState(/mnt/ext_sdcard): Unknown volume
03-27 10:54:26.152 W/MountService(  378): getVolumeState(/mnt/sdcard2): Unknown volume
03-27 10:54:26.152 W/MountService(  378): getVolumeState(/mnt/emmc): Unknown volume
03-27 10:54:26.152 W/MountService(  378): getVolumeState(/mnt/extSdCard): Unknown volume
03-27 10:54:26.152 W/MountService(  378): getVolumeState(/mnt/sdcard/SD_CARD): Unknown volume
03-27 10:54:26.152 W/MountService(  378): getVolumeState(/mnt/sdcard/extra_sd): Unknown volume
03-27 10:54:26.152 W/MountService(  378): getVolumeState(/mnt/extrasd_bind): Unknown volume
03-27 10:54:26.152 W/MountService(  378): getVolumeState(/mnt/sdcard/ext_sd): Unknown volume
03-27 10:54:26.152 W/MountService(  378): getVolumeState(/storage/extSdCard): Unknown volume
03-27 10:54:26.162 W/MountService(  378): getVolumeState(/mnt/sdcard/external_SD): Unknown volume
03-27 10:54:26.162 W/MountService(  378): getVolumeState(/mnt/sdcard/external_sd): Unknown volume
03-27 10:54:26.182 W/MountService(  378): getVolumeState(/storage/sdcard0/external_sd): Unknown volume
03-27 10:54:26.182 W/MountService(  378): getVolumeState(/mnt/sdcard-ext): Unknown volume
03-27 10:54:26.182 W/MountService(  378): getVolumeState(/mnt/ext_sdcard): Unknown volume
03-27 10:54:26.182 W/MountService(  378): getVolumeState(/mnt/sdcard2): Unknown volume
03-27 10:54:26.182 W/MountService(  378): getVolumeState(/mnt/emmc): Unknown volume
03-27 10:54:26.182 W/MountService(  378): getVolumeState(/mnt/extSdCard): Unknown volume
03-27 10:54:26.182 W/MountService(  378): getVolumeState(/mnt/sdcard/SD_CARD): Unknown volume
03-27 10:54:26.182 W/MountService(  378): getVolumeState(/mnt/sdcard/extra_sd): Unknown volume
03-27 10:54:26.192 W/MountService(  378): getVolumeState(/mnt/extrasd_bind): Unknown volume
03-27 10:54:26.192 W/MountService(  378): getVolumeState(/mnt/sdcard/ext_sd): Unknown volume
03-27 10:54:26.192 W/MountService(  378): getVolumeState(/storage/extSdCard): Unknown volume
03-27 10:54:26.192 W/MountService(  378): getVolumeState(/mnt/sdcard/external_SD): Unknown volume
03-27 10:54:26.192 W/MountService(  378): getVolumeState(/mnt/sdcard/external_sd): Unknown volume
03-27 10:54:26.492 D/SizeAdaptiveLayout(  463): com.android.internal.widget.SizeAdaptiveLayout@42e6dc58child view android.widget.FrameLayout@42f6f2f8 measured out of bounds at 130px clamped to 128px
03-27 10:54:26.492 D/SizeAdaptiveLayout(  463): com.android.internal.widget.SizeAdaptiveLayout@42e6dc58child view android.widget.FrameLayout@42f6f2f8 measured out of bounds at 130px clamped to 128px
03-27 10:54:27.032 V/MediaControler( 3782): getCurrentPos:33800
03-27 10:54:27.032 E/VideoPlayer( 3782): delay:0
03-27 10:54:27.533 V/ChromiumHTTPDataSource(  118): connect on behalf of uid 10056
03-27 10:54:27.533 I/ChromiumHTTPDataSource(  118): connect to http://live.feifeikan.com/live/hls/108.m3u8?fmt=x264_0k_mpegts&sora=1&sk=E7CCB903DD1CDDE0F1A45FE8071AEB17&UUID=2ae152ad-8c26-4b4f-98fc-9924456502ac&userCode=lylyly&userName=lylyly&spCode=484581254562&productCode=2&resourceCode=10032&subId=123&resourceName=&authType=2 @0
03-27 10:54:27.803 V/ChromiumHTTPDataSource(  118): connect on behalf of uid 10056
03-27 10:54:27.803 I/ChromiumHTTPDataSource(  118): connect to http://live.feifeikan.com/live/hls/108?slice=048197 @0
03-27 10:54:28.033 V/MediaControler( 3782): getCurrentPos:34798
03-27 10:54:28.033 E/VideoPlayer( 3782): delay:0
03-27 10:54:29.034 V/MediaControler( 3782): getCurrentPos:35840
03-27 10:54:29.044 E/VideoPlayer( 3782): delay:0
03-27 10:54:30.025 V/MediaControler( 3782): getCurrentPos:36800
03-27 10:54:30.035 E/VideoPlayer( 3782): delay:0
03-27 10:54:31.026 V/MediaControler( 3782): getCurrentPos:37881
03-27 10:54:31.036 E/VideoPlayer( 3782): delay:0
03-27 10:54:31.457 V/ChromiumHTTPDataSource(  118): connect on behalf of uid 10056
03-27 10:54:31.457 I/ChromiumHTTPDataSource(  118): connect to http://live.feifeikan.com/live/hls/108?slice=048198 @0
03-27 10:54:32.027 V/MediaControler( 3782): getCurrentPos:38840
03-27 10:54:32.027 E/VideoPlayer( 3782): delay:0
03-27 10:54:32.578 D/dalvikvm(  378): GC_CONCURRENT freed 2971K, 51% free 13765K/27651K, paused 14ms+6ms, total 71ms
03-27 10:54:33.028 V/MediaControler( 3782): getCurrentPos:39863
03-27 10:54:33.028 E/VideoPlayer( 3782): delay:0
03-27 10:54:33.549 D/NetworkPolicy(  378): setNetworkTemplateEnabled(): match rule = 1
03-27 10:54:33.549 D/MobileDataStateTracker(  378): default: setPolicyDataEnable(enabled=true)
03-27 10:54:34.029 V/MediaControler( 3782): getCurrentPos:40840
03-27 10:54:34.039 E/VideoPlayer( 3782): delay:0
03-27 10:54:34.340 D/DownloadCompleteReceiver( 1158):  WIFI CHANGED_ACTION 
03-27 10:54:34.340 D/DownloadCompleteReceiver( 1158):  time:1364352874354
03-27 10:54:34.340 D/DownloadCompleteReceiver( 1158):  locktime:0
03-27 10:54:34.350 D/DownloadCompleteReceiver( 1158):  mIdupdate:-1
03-27 10:54:34.350 D/DownloadCompleteReceiver( 1158):  mMasterclear:false
03-27 10:54:34.350 D/DownloadCompleteReceiver( 1158):  mBootcomplete:true
03-27 10:54:35.030 V/MediaControler( 3782): getCurrentPos:41801
03-27 10:54:35.030 E/VideoPlayer( 3782): delay:0
03-27 10:54:36.031 V/MediaControler( 3782): getCurrentPos:42756
03-27 10:54:36.031 E/VideoPlayer( 3782): delay:0
03-27 10:54:37.032 V/MediaControler( 3782): getCurrentPos:43792
03-27 10:54:37.042 E/VideoPlayer( 3782): delay:0
03-27 10:54:37.282 V/ChromiumHTTPDataSource(  118): connect on behalf of uid 10056
03-27 10:54:37.282 I/ChromiumHTTPDataSource(  118): connect to http://live.feifeikan.com/live/hls/108.m3u8?fmt=x264_0k_mpegts&sora=1&sk=E7CCB903DD1CDDE0F1A45FE8071AEB17&UUID=2ae152ad-8c26-4b4f-98fc-9924456502ac&userCode=lylyly&userName=lylyly&spCode=484581254562&productCode=2&resourceCode=10032&subId=123&resourceName=&authType=2 @0
03-27 10:54:37.853 V/ChromiumHTTPDataSource(  118): connect on behalf of uid 10056
03-27 10:54:37.853 I/ChromiumHTTPDataSource(  118): connect to http://live.feifeikan.com/live/hls/108?slice=048199 @0
03-27 10:54:38.033 V/MediaControler( 3782): getCurrentPos:44748
03-27 10:54:38.033 E/VideoPlayer( 3782): delay:0
03-27 10:54:39.034 V/MediaControler( 3782): getCurrentPos:45839
03-27 10:54:39.034 E/VideoPlayer( 3782): delay:0
03-27 10:54:40.025 V/MediaControler( 3782): getCurrentPos:46775
03-27 10:54:40.025 E/VideoPlayer( 3782): delay:0
03-27 10:54:41.026 V/MediaControler( 3782): getCurrentPos:47841
03-27 10:54:41.026 E/VideoPlayer( 3782): delay:0
03-27 10:54:41.356 D/DownloadCompleteReceiver( 1158):  TYPE_WIFI info.isConnected():true
03-27 10:54:41.356 D/DownloadCompleteReceiver( 1158): isConnecting():true
03-27 10:54:41.356 D/DownloadCompleteReceiver( 1158):  TYPE_WIFI info.isConnected():true
03-27 10:54:41.356 D/DownloadCompleteReceiver( 1158): ********* downloadURL:
03-27 10:54:41.366 D/DownloadCompleteReceiver( 1158):  getTotalInternalSize:14135926784
03-27 10:54:41.366 D/DownloadCompleteReceiver( 1158): DOWNLOAD_VERSION_FILE_URL:http://update.feifeikan.com/Fphone/version_new.txt
03-27 10:54:41.467 D/DownloadCompleteReceiver( 1158): updateEx mServerVerstion:V225R001C01B071
03-27 10:54:41.467 D/DownloadCompleteReceiver( 1158):  local:071
03-27 10:54:41.467 D/DownloadCompleteReceiver( 1158):  server:071
03-27 10:54:42.027 V/MediaControler( 3782): getCurrentPos:48838
03-27 10:54:42.027 E/VideoPlayer( 3782): delay:0
03-27 10:54:43.028 V/MediaControler( 3782): getCurrentPos:49800
03-27 10:54:43.038 E/VideoPlayer( 3782): delay:0
03-27 10:54:44.029 V/MediaControler( 3782): getCurrentPos:50760
03-27 10:54:44.039 E/VideoPlayer( 3782): delay:0
03-27 10:54:45.030 V/MediaControler( 3782): getCurrentPos:51831
03-27 10:54:45.040 E/VideoPlayer( 3782): delay:0
03-27 10:54:46.021 V/ChromiumHTTPDataSource(  118): connect on behalf of uid 10056
03-27 10:54:46.021 I/ChromiumHTTPDataSource(  118): connect to http://live.feifeikan.com/live/hls/108.m3u8?fmt=x264_0k_mpegts&sora=1&sk=E7CCB903DD1CDDE0F1A45FE8071AEB17&UUID=2ae152ad-8c26-4b4f-98fc-9924456502ac&userCode=lylyly&userName=lylyly&spCode=484581254562&productCode=2&resourceCode=10032&subId=123&resourceName=&authType=2 @0
03-27 10:54:46.031 V/MediaControler( 3782): getCurrentPos:52800
03-27 10:54:46.041 E/VideoPlayer( 3782): delay:0
03-27 10:54:46.381 V/ChromiumHTTPDataSource(  118): connect on behalf of uid 10056
03-27 10:54:46.381 I/ChromiumHTTPDataSource(  118): connect to http://live.feifeikan.com/live/hls/108?slice=048200 @0
03-27 10:54:47.032 V/MediaControler( 3782): getCurrentPos:53840
03-27 10:54:47.052 E/VideoPlayer( 3782): delay:0
03-27 10:54:48.033 V/MediaControler( 3782): getCurrentPos:54799
03-27 10:54:48.043 E/VideoPlayer( 3782): delay:0
03-27 10:54:48.984 V/ChromiumHTTPDataSource(  118): connect on behalf of uid 10056
03-27 10:54:48.984 I/ChromiumHTTPDataSource(  118): connect to http://live.feifeikan.com/live/hls/108?slice=048201 @0
03-27 10:54:49.034 V/MediaControler( 3782): getCurrentPos:55756
03-27 10:54:49.044 E/VideoPlayer( 3782): delay:0
03-27 10:54:50.025 V/MediaControler( 3782): getCurrentPos:56800
03-27 10:54:50.035 E/VideoPlayer( 3782): delay:0
03-27 10:54:51.026 V/MediaControler( 3782): getCurrentPos:57851
03-27 10:54:51.036 E/VideoPlayer( 3782): delay:0
03-27 10:54:51.516 D/NetworkPolicy(  378): setNetworkTemplateEnabled(): match rule = 1
03-27 10:54:51.516 D/MobileDataStateTracker(  378): default: setPolicyDataEnable(enabled=true)
03-27 10:54:52.037 V/MediaControler( 3782): getCurrentPos:58785
03-27 10:54:52.037 E/VideoPlayer( 3782): delay:0
03-27 10:54:53.038 V/MediaControler( 3782): getCurrentPos:59878
03-27 10:54:53.038 E/VideoPlayer( 3782): delay:0
03-27 10:54:54.039 V/MediaControler( 3782): getCurrentPos:60833
03-27 10:54:54.039 E/VideoPlayer( 3782): delay:0
03-27 10:54:55.040 V/MediaControler( 3782): getCurrentPos:61760
03-27 10:54:55.040 E/VideoPlayer( 3782): delay:0
03-27 10:54:55.760 V/ChromiumHTTPDataSource(  118): connect on behalf of uid 10056
03-27 10:54:55.760 I/ChromiumHTTPDataSource(  118): connect to http://live.feifeikan.com/live/hls/108.m3u8?fmt=x264_0k_mpegts&sora=1&sk=E7CCB903DD1CDDE0F1A45FE8071AEB17&UUID=2ae152ad-8c26-4b4f-98fc-9924456502ac&userCode=lylyly&userName=lylyly&spCode=484581254562&productCode=2&resourceCode=10032&subId=123&resourceName=&authType=2 @0
03-27 10:54:56.041 V/MediaControler( 3782): getCurrentPos:62840
03-27 10:54:56.041 E/VideoPlayer( 3782): delay:0
03-27 10:54:56.061 V/ChromiumHTTPDataSource(  118): connect on behalf of uid 10056
03-27 10:54:56.061 I/ChromiumHTTPDataSource(  118): connect to http://live.feifeikan.com/live/hls/108?slice=048202 @0
03-27 10:54:57.042 V/MediaControler( 3782): getCurrentPos:63801
03-27 10:54:57.042 E/VideoPlayer( 3782): delay:0
03-27 10:54:58.043 V/MediaControler( 3782): getCurrentPos:64838
03-27 10:54:58.043 E/VideoPlayer( 3782): delay:0
03-27 10:54:59.044 V/MediaControler( 3782): getCurrentPos:65783
03-27 10:54:59.044 E/VideoPlayer( 3782): delay:0
03-27 10:55:00.045 V/MediaControler( 3782): getCurrentPos:66875
03-27 10:55:00.045 E/VideoPlayer( 3782): delay:0
03-27 10:55:01.036 V/MediaControler( 3782): getCurrentPos:67757
03-27 10:55:01.046 E/VideoPlayer( 3782): delay:0
03-27 10:55:01.126 D/KeyguardViewMediator(  378): setHidden false
03-27 10:55:01.176 D/VideoPlayer( 3782): sendToTV:2
03-27 10:55:01.176 V/Device  ( 3782): 192.168.1.3: state=3,will change to =3
03-27 10:55:01.176 E/apple   ( 3782): Client current:true
03-27 10:55:01.176 E/apple   ( 3782): Client current:false
03-27 10:55:01.176 E/VideoPlayer( 3782): processOnPause 
03-27 10:55:01.176 I/MediaControler( 3782): reset
03-27 10:55:01.176 D/OtORequestHandler( 3782): send request:101
03-27 10:55:01.186 V/AudioFlinger(  118): pause(4099), calling pid 118
03-27 10:55:01.186 V/AudioFlinger(  118): ACTIVE/RESUMING => PAUSING (4099) on thread 0x40de3008
03-27 10:55:01.186 V/AudioPolicyManagerBase(  118): stopOutput() output 2, stream 3, session 46
03-27 10:55:01.186 V/AudioPolicyManagerBase(  118): changeRefCount() stream 3, count 0
03-27 10:55:01.186 D/AudioPolicyManagerALSA(  118): mFmRadioStatus=0,mFmRadioSinkDev=4,device2=0
03-27 10:55:01.186 I/AudioPolicyManagerALSA(  118): MUSIC is playing but no on primary device, new device=2
03-27 10:55:01.186 V/AudioPolicyManagerBase(  118): setOutputDevice() output 2 device 0002 delayMs 86
03-27 10:55:01.186 V/AudioPolicyManagerBase(  118): setOutputDevice() prevDevice 0002
03-27 10:55:01.186 D/AudioPolicyManagerALSA(  118): mFmRadioStatus=0,mFmRadioSinkDev=4,device2=0
03-27 10:55:01.186 D/AudioPolicyManagerALSA(  118): mFmRadioStatus=0,mFmRadioSinkDev=4,device2=0
03-27 10:55:01.186 D/AudioPolicyManagerALSA(  118): mFmRadioStatus=0,mFmRadioSinkDev=4,device2=0
03-27 10:55:01.186 D/AudioPolicyManagerALSA(  118): mFmRadioStatus=0,mFmRadioSinkDev=4,device2=0
03-27 10:55:01.186 D/AudioPolicyManagerALSA(  118): mFmRadioStatus=0,mFmRadioSinkDev=4,device2=0
03-27 10:55:01.186 V/AudioPolicyManagerBase(  118): setOutputDevice() setting same device 0002 or null device for output 2
03-27 10:55:01.186 V/AudioPolicyManagerALSA(  118): getDeviceForStrategy() from cache strategy 3, device 2
03-27 10:55:01.186 D/AudioPolicyManagerALSA(  118): mFmRadioStatus=0,mFmRadioSinkDev=4,device2=0
03-27 10:55:01.186 D/AudioPolicyManagerALSA(  118): mFmRadioStatus=0,mFmRadioSinkDev=4,device2=0
03-27 10:55:01.186 D/AudioPolicyManagerALSA(  118): mFmRadioStatus=0,mFmRadioSinkDev=4,device2=0
03-27 10:55:01.186 D/AudioPolicyManagerALSA(  118): mFmRadioStatus=0,mFmRadioSinkDev=4,device2=0
03-27 10:55:01.186 D/AudioPolicyManagerALSA(  118): mFmRadioStatus=0,mFmRadioSinkDev=4,device2=0
03-27 10:55:01.186 D/AudioPolicyManagerALSA(  118): mFmRadioStatus=0,mFmRadioSinkDev=4,device2=0
03-27 10:55:01.186 V/OtOPlayRequest( 3782): Play Request: {"ResourceInfo":{"ProductCode":"","PlayType":2,"ResourceCode":"10032","ResourceName":"(96)"},"UserCode":"lylyly","SubID":""}
03-27 10:55:01.186 D/OtORequestHandler( 3782): send DatagramPacket
03-27 10:55:01.186 I/LiveSession(  118): onDisconnect
03-27 10:55:01.186 I/BRCM-OMX(  118): [OMX.brcm.audio.aac.decoder]:processFlush: Process Flush in Base Auio Dec triggers reset on the codec API
03-27 10:55:01.186 D/brcm-vd (  118): [video_decoder__openmax_main]: flushing input(1)/output(1) port for 0x41960980
03-27 10:55:01.186 I/BRCM-OMX(  118): [OMX.brcm.audio.aac.decoder]:portFlushInProgress: Port-0 FLUSH in Progress
03-27 10:55:01.196 I/BRCM-OMX(  118): [OMX.brcm.audio.aac.decoder]:portFlushInProgress: Port-0 FLUSH in Progress
03-27 10:55:01.196 I/BRCM-OMX(  118): [OMX.brcm.audio.aac.decoder]:processFlush: Process Flush in Base Auio Dec triggers reset on the codec API
03-27 10:55:01.196 I/BRCM-OMX(  118): [OMX.brcm.audio.aac.decoder]:processFlush: Process Flush in Base Auio Dec triggers reset on the codec API
03-27 10:55:01.196 I/BRCM-OMX(  118): [OMX.brcm.audio.aac.decoder]:processFlush: Process Flush in Base Auio Dec triggers reset on the codec API
03-27 10:55:01.196 D/brcm-vd (  118): [video_decoder__check_complete]: flush output port completed
03-27 10:55:01.196 D/brcm-vd (  118): [video_decoder__check_complete]: flush input port completed
03-27 10:55:01.196 I/BRCM-OMX(  118): [OMX.brcm.audio.aac.decoder]:bufferHandler: PORT-0: BufferHandler thread exiting....
03-27 10:55:01.196 I/BRCM-OMX(  118): [OMX.brcm.audio.aac.decoder]:bufferHandler: PORT-1: BufferHandler thread exiting....
03-27 10:55:01.196 W/BRCM-OMXAudioPort(  118): [OMX.brcm.audio.aac.decoder]:isPopulated: PORT-0,  Populated state <0>
03-27 10:55:01.196 W/BRCM-OMXAudioPort(  118): [OMX.brcm.audio.aac.decoder]:isPopulated: PORT-1,  Populated state <0>
03-27 10:55:01.196 I/BRCM-OMX(  118): ([OMX.brcm.audio.aac.decoder]:codecSyncHandler: codecSyncHandler thread exiting....
03-27 10:55:01.196 I/BRCM-OMX(  118): [OMX.brcm.audio.aac.decoder]:commandHandler: CommandHandler thread exiting....
03-27 10:55:01.196 D/KeyguardViewMediator(  378): setHidden false
03-27 10:55:01.196 D/brcm-vd (  118): [video_decoder__check_complete]: state changing completed
03-27 10:55:01.196 D/brcm-vd (  118): [video_decoder__FreeBuffer]: deallocated 0x42144f60 (616a7400)
03-27 10:55:01.196 D/brcm-vd (  118): [video_decoder__FreeBuffer]: deallocated 0x45cdff10 (61628b00)
03-27 10:55:01.196 D/brcm-vd (  118): [video_decoder__FreeBuffer]: deallocated 0x44e3e0c0 (615aa200)
03-27 10:55:01.196 D/brcm-vd (  118): [video_decoder__FreeBuffer]: deallocated 0x425ddaf0 (6152b900)
03-27 10:55:01.196 D/brcm-vd (  118): [video_decoder__FreeBuffer]: deallocated 0x4199be80 (614ad000)
03-27 10:55:01.196 D/brcm-vd (  118): [video_decoder__FreeBuffer]: deallocated 0x425dd830 (80000005)
03-27 10:55:01.196 D/brcm-vd (  118): [video_decoder__FreeBuffer]: deallocated 0x52945c60 (80000014)
03-27 10:55:01.196 D/brcm-vd (  118): [video_decoder__FreeBuffer]: deallocated 0x425ddc80 (80000019)
03-27 10:55:01.196 D/brcm-vd (  118): [video_decoder__openmax_main]: OMX_CommandStateSet - loaded, ready to set/get
03-27 10:55:01.196 D/brcm-vd (  118): [video_decoder__openmax_main]: state changed ( 0, 1 )
03-27 10:55:01.196 D/brcm-vd (  118): [video_decoder__FreeBuffer]: deallocated 0x45cdfe20 (8000000b)
03-27 10:55:01.196 D/brcm-vd (  118): [video_decoder__FreeBuffer]: deallocated 0x5a66de90 (80000016)
03-27 10:55:01.196 V/component_tracker(  118): [unregister_component]: Removing decoder (0x4718af40) at slot 0
03-27 10:55:01.196 V/component_tracker(  118): [unregister_component]: Clearing decoder at slot 0
03-27 10:55:01.196 D/brcm-vd (  118): [video_decoder__openmax_main]: thread exiting
03-27 10:55:01.206 V/AudioFlinger(  118): presentationComplete() reset: mPresentationCompleteFrames 3273744 audioHalFrames 2064
03-27 10:55:01.216 V/OtORequestHandler( 3782): receive data from 192.168.1.3
03-27 10:55:01.216 D/OtORequestHandler( 3782): receive data 111111
03-27 10:55:01.216 V/OtORequest_apple( 3782): get command=101
03-27 10:55:01.216 V/OtORequest( 3782): parse OtORequest: cmd=101 paramLength=163 bufferlen=171
03-27 10:55:01.216 V/OtORequest( 3782): parse param: param={"ResourceInfo":{"ProductCode":"","PlayType":2,"ResourceCode":"10032","ResourceName":"(96)"},"Status":{"ReturnCode":100,"Description":"start to play"}} play"}}
03-27 10:55:01.216 D/OtORequestHandler( 3782): receive data aaaaaaa:com.aidufei.protocol.oto.OtOPlayRequest@433a56b8
03-27 10:55:01.216 D/OtORequestHandler( 3782): receive data 2222222
03-27 10:55:01.216 D/OtORequestHandler( 3782): receive data 3333333
03-27 10:55:01.216 V/OtODeviceAdapter( 3782): start handle data.
03-27 10:55:01.216 V/OtODeviceAdapter( 3782): onPlay.
03-27 10:55:01.216 I/VideoPlayer( 3782): onPlay
03-27 10:55:01.216 V/VideoPlayer( 3782): server begin play VOB: ResourceName=(96) ResourceCode=10032 ProductCode=
03-27 10:55:01.216 I/VideoPlayer( 3782): SEND_TV_SUCCESS
03-27 10:55:01.226 V/OtORequestHandler( 3782): receive data from 192.168.1.3
03-27 10:55:01.226 D/OtORequestHandler( 3782): receive data 111111
03-27 10:55:01.226 V/OtORequest_apple( 3782): get command=200
03-27 10:55:01.226 D/OtORequestHandler( 3782): receive data aaaaaaa:null
03-27 10:55:01.226 D/OtORequestHandler( 3782): receive data 2222222
03-27 10:55:01.226 D/OtORequestHandler( 3782): receive data not process because mAdpater is NULL or req is NULL.
03-27 10:55:01.246 W/ALooperRoster(  118): failed to deliver message. Target handler 122 registered, but object gone.
03-27 10:55:01.266 V/AudioFlinger(  118): presentationComplete() session 46 complete: framesWritten 3274752
03-27 10:55:01.736 V/OtORequestHandler( 3782): receive data from 192.168.1.3
03-27 10:55:01.736 D/OtORequestHandler( 3782): receive data 111111
03-27 10:55:01.736 V/OtORequest_apple( 3782): get command=200
03-27 10:55:01.736 D/OtORequestHandler( 3782): receive data aaaaaaa:null
03-27 10:55:01.736 D/OtORequestHandler( 3782): receive data 2222222
03-27 10:55:01.736 D/OtORequestHandler( 3782): receive data not process because mAdpater is NULL or req is NULL.
03-27 10:55:03.208 V/AudioFlinger(  118): releasing 46 from 3782
03-27 10:55:03.208 V/AudioFlinger(  118):  decremented refcount to 0
03-27 10:55:03.208 V/AudioFlinger(  118): purging stale effects
03-27 10:55:03.208 V/AudioPolicyManagerBase(  118): releaseOutput() 2
03-27 10:55:03.208 V/AudioFlinger(  118): remove track (4099) and delete from mixer
03-27 10:55:03.208 V/AudioFlinger(  118): PlaybackThread::Track destructor
03-27 10:55:03.208 V/AudioFlinger(  118): removeClient_l() pid 118, tid 707, calling tid 118
03-27 10:55:03.208 V/AudioFlinger(  118): releasing 46 from 118
03-27 10:55:03.208 V/AudioFlinger(  118):  decremented refcount to 0
03-27 10:55:03.208 V/AudioFlinger(  118): purging stale effects
03-27 10:55:04.199 V/AudioFlinger(  118): Audio hardware entering standby, mixer 0x40de3008, suspend count 0
03-27 10:55:04.239 I/AudioHardwareALSA(  118): dump.audio.pcm = OFF
03-27 10:55:04.239 V/AudioHardwareALSA(  118): Data Dump is disabled
03-27 10:55:04.239 V/AudioFlinger(  118): releaseWakeLock_l() AudioOut_2
03-27 10:55:04.239 V/AudioFlinger(  118): thread 0x40de3008 type 0 TID 338 going to sleep
03-27 10:55:07.222 V/Device  ( 3782): 192.168.1.3: state=3,will change to =3
03-27 10:55:07.232 E/apple   ( 3782): Client current:true
03-27 10:55:07.232 E/apple   ( 3782): Client current:false
03-27 10:55:07.232 D/OtORequestHandler( 3782): send request:103
03-27 10:55:07.232 D/OtORequestHandler( 3782): send DatagramPacket
03-27 10:55:07.262 V/OtORequestHandler( 3782): receive data from 192.168.1.3
03-27 10:55:07.262 D/OtORequestHandler( 3782): receive data 111111
03-27 10:55:07.262 V/OtORequest_apple( 3782): get command=103
03-27 10:55:07.262 V/OtORequest( 3782): parse OtORequest: cmd=103 paramLength=90 bufferlen=98
03-27 10:55:07.262 V/OtORequest( 3782): parse param: param={"Status":{"ReturnCode":101,"Description":"status sync failed"},"PlayStatus":0,"Volume":0}lume":0}
03-27 10:55:07.262 E/apple   ( 3782): OtOStatus request11 0
03-27 10:55:07.262 D/OtORequestHandler( 3782): receive data aaaaaaa:com.aidufei.protocol.oto.OtOStatusRequest@4299f190
03-27 10:55:07.262 D/OtORequestHandler( 3782): receive data 2222222
03-27 10:55:07.262 D/OtORequestHandler( 3782): receive data 3333333
03-27 10:55:07.262 V/OtODeviceAdapter( 3782): start handle data.
03-27 10:55:07.262 V/OtODeviceAdapter( 3782): onPlayStatusSync.
03-27 10:55:07.262 I/VideoPlayer( 3782): onGetStatus:
03-27 10:55:07.262 E/VideoPlayer( 3782): sync_failed_time:0
03-27 10:55:07.262 I/VideoPlayer( 3782): onGetVolume(volume):0
03-27 10:55:07.262 V/VideoPlayer( 3782): get volume failed:status sync failed
03-27 10:55:07.262 I/VideoPlayer( 3782): onGetPlayStatus:0
03-27 10:55:09.234 V/Device  ( 3782): 192.168.1.3: state=3,will change to =3
03-27 10:55:09.234 E/apple   ( 3782): Client current:true
03-27 10:55:09.234 E/apple   ( 3782): Client current:false
03-27 10:55:09.234 D/OtORequestHandler( 3782): send request:103
03-27 10:55:09.234 D/OtORequestHandler( 3782): send DatagramPacket
03-27 10:55:09.244 V/OtORequestHandler( 3782): receive data from 192.168.1.3
03-27 10:55:09.244 D/OtORequestHandler( 3782): receive data 111111
03-27 10:55:09.244 V/OtORequest_apple( 3782): get command=103
03-27 10:55:09.244 V/OtORequest( 3782): parse OtORequest: cmd=103 paramLength=90 bufferlen=98
03-27 10:55:09.244 V/OtORequest( 3782): parse param: param={"Status":{"ReturnCode":101,"Description":"status sync failed"},"PlayStatus":0,"Volume":0}lume":0}
03-27 10:55:09.254 E/apple   ( 3782): OtOStatus request11 0
03-27 10:55:09.254 D/OtORequestHandler( 3782): receive data aaaaaaa:com.aidufei.protocol.oto.OtOStatusRequest@4270e048
03-27 10:55:09.254 D/OtORequestHandler( 3782): receive data 2222222
03-27 10:55:09.254 D/OtORequestHandler( 3782): receive data 3333333
03-27 10:55:09.254 V/OtODeviceAdapter( 3782): start handle data.
03-27 10:55:09.254 V/OtODeviceAdapter( 3782): onPlayStatusSync.
03-27 10:55:09.254 I/VideoPlayer( 3782): onGetStatus:
03-27 10:55:09.254 E/VideoPlayer( 3782): sync_failed_time:1
03-27 10:55:09.254 I/VideoPlayer( 3782): onGetVolume(volume):0
03-27 10:55:09.254 V/VideoPlayer( 3782): get volume failed:status sync failed
03-27 10:55:09.254 I/VideoPlayer( 3782): onGetPlayStatus:0
03-27 10:55:11.226 V/Device  ( 3782): 192.168.1.3: state=3,will change to =3
03-27 10:55:11.226 E/apple   ( 3782): Client current:true
03-27 10:55:11.226 E/apple   ( 3782): Client current:false
03-27 10:55:11.226 D/OtORequestHandler( 3782): send request:103
03-27 10:55:11.226 D/OtORequestHandler( 3782): send DatagramPacket
03-27 10:55:11.246 V/OtORequestHandler( 3782): receive data from 192.168.1.3
03-27 10:55:11.246 D/OtORequestHandler( 3782): receive data 111111
03-27 10:55:11.246 V/OtORequest_apple( 3782): get command=103
03-27 10:55:11.246 V/OtORequest( 3782): parse OtORequest: cmd=103 paramLength=90 bufferlen=98
03-27 10:55:11.246 V/OtORequest( 3782): parse param: param={"Status":{"ReturnCode":101,"Description":"status sync failed"},"PlayStatus":0,"Volume":0}lume":0}
03-27 10:55:11.246 E/apple   ( 3782): OtOStatus request11 0
03-27 10:55:11.246 D/OtORequestHandler( 3782): receive data aaaaaaa:com.aidufei.protocol.oto.OtOStatusRequest@42777f80
03-27 10:55:11.246 D/OtORequestHandler( 3782): receive data 2222222
03-27 10:55:11.246 D/OtORequestHandler( 3782): receive data 3333333
03-27 10:55:11.246 V/OtODeviceAdapter( 3782): start handle data.
03-27 10:55:11.246 V/OtODeviceAdapter( 3782): onPlayStatusSync.
03-27 10:55:11.246 I/VideoPlayer( 3782): onGetStatus:
03-27 10:55:11.246 E/VideoPlayer( 3782): sync_failed_time:2
03-27 10:55:11.246 I/VideoPlayer( 3782): onGetVolume(volume):0
03-27 10:55:11.246 V/VideoPlayer( 3782): get volume failed:status sync failed
03-27 10:55:11.246 I/VideoPlayer( 3782): onGetPlayStatus:0
03-27 10:55:13.228 V/Device  ( 3782): 192.168.1.3: state=3,will change to =3
03-27 10:55:13.228 E/apple   ( 3782): Client current:true
03-27 10:55:13.228 E/apple   ( 3782): Client current:false
03-27 10:55:13.228 D/OtORequestHandler( 3782): send request:103
03-27 10:55:13.228 D/OtORequestHandler( 3782): send DatagramPacket
03-27 10:55:13.258 V/OtORequestHandler( 3782): receive data from 192.168.1.3
03-27 10:55:13.258 D/OtORequestHandler( 3782): receive data 111111
03-27 10:55:13.258 V/OtORequest_apple( 3782): get command=103
03-27 10:55:13.258 V/OtORequest( 3782): parse OtORequest: cmd=103 paramLength=90 bufferlen=98
03-27 10:55:13.258 V/OtORequest( 3782): parse param: param={"Status":{"ReturnCode":101,"Description":"status sync failed"},"PlayStatus":0,"Volume":0}lume":0}
03-27 10:55:13.258 E/apple   ( 3782): OtOStatus request11 0
03-27 10:55:13.258 D/OtORequestHandler( 3782): receive data aaaaaaa:com.aidufei.protocol.oto.OtOStatusRequest@42a2ffb8
03-27 10:55:13.258 D/OtORequestHandler( 3782): receive data 2222222
03-27 10:55:13.258 D/OtORequestHandler( 3782): receive data 3333333
03-27 10:55:13.258 V/OtODeviceAdapter( 3782): start handle data.
03-27 10:55:13.258 V/OtODeviceAdapter( 3782): onPlayStatusSync.
03-27 10:55:13.258 I/VideoPlayer( 3782): onGetStatus:
03-27 10:55:13.258 E/VideoPlayer( 3782): sync_failed_time:3
03-27 10:55:13.258 I/VideoPlayer( 3782): SYNC_STATUS_FAILED playType:2/sync_failed_time:0
03-27 10:55:13.258 I/VideoPlayer( 3782): onGetVolume(volume):0
03-27 10:55:13.258 V/VideoPlayer( 3782): get volume failed:status sync failed
03-27 10:55:13.258 I/VideoPlayer( 3782): onGetPlayStatus:0
03-27 10:55:13.268 D/VideoPlayer( 3782): handleTVtoPhonePlay
03-27 10:55:13.268 D/VideoPlayer( 3782): processOnResume:2
03-27 10:55:13.268 E/VideoPlayer( 3782): getPlayUrl--resourceCode:10032  playType:2  playTime:3000  delay:0  shifttime:0  shiftend:0  timecode:238  fmt:0  assetName:(96)  assetId:null  providerId:null  retryTimes:0
03-27 10:55:13.278 V/Test    ( 3782): fmt:0
03-27 10:55:13.278 D/Test    ( 3782): requestUrl  :http://wasu.feifeikan.com:8080/msis/getPlayURL?version=V001&terminalType=3&resolution=1280*720&resourceCode=10032&productCode=null&userCode=lylyly&playType=2&delay=0&shifttime=0&shiftend=0&timecode=238&authKey=0f9bdcdc1bbd4f8caa0a6af2458d8569
03-27 10:55:13.288 D/KeyguardViewMediator(  378): setHidden false
03-27 10:55:13.318 I/brcm-gr ( 3782): [gralloc_lock]: new usage 0x933
03-27 10:55:13.328 D/KeyguardViewMediator(  378): setHidden false
03-27 10:55:13.488 E/Functions( 3782): getPlayUrl:
03-27 10:55:13.488 V/MediaControler( 3782): paly path:http://live.feifeikan.com/live/coship,CCTV1HD.m3u8?fmt=x264_0k_mpegts&sora=1&sk=C1A487E60D381BFDF156FC6B6BDFCFFC&UUID=55710f3e-ac36-4a1c-90c2-6b3d2b1af6b1&userCode=lylyly&userName=lylyly&spCode=484581254562&productCode=2&resourceCode=10032&subId=123&resourceName=&authType=2
03-27 10:55:13.488 E/MediaControler( 3782): initMediaPlayer
03-27 10:55:13.488 D/Test    ( 3782): requestUrl  :http://wasu.feifeikan.com:8080/msis/stopPlayNotify?version=V001&terminalType=3&resolution=1280*720&UUID=2ae152ad-8c26-4b4f-98fc-9924456502ac&authKey=e03153d44d1359e64615b572fdf9f05a
03-27 10:55:13.488 V/AudioFlinger(  118): acquiring 47 from 3782
03-27 10:55:13.488 V/AudioFlinger(  118):  added new entry for 47
03-27 10:55:13.688 D/MediaControler( 3782): setDataSource
03-27 10:55:13.688 D/MediaControler( 3782): setDisplay
03-27 10:55:13.688 D/MediaControler( 3782): start prepareAsync
03-27 10:55:13.688 D/VideoPlayer( 3782): UUID:55710f3e-ac36-4a1c-90c2-6b3d2b1af6b1
03-27 10:55:13.708 D/Test    ( 3782): requestUrl  :http://wasu.feifeikan.com:8080/msis/startPlayNotify?version=V001&terminalType=3&resolution=1280*720&UUID=55710f3e-ac36-4a1c-90c2-6b3d2b1af6b1&authKey=bd573b47a9c638c51b6c050aa6afafd4
03-27 10:55:13.708 E/Functions( 3782): stopPlayNotify:
03-27 10:55:13.708 D/MediaControler( 3782): onVideoSizeChanged video width(0) or height(0)
03-27 10:55:13.708 E/MediaControler( 3782): invalid video width(0) or height(0)
03-27 10:55:13.708 V/MediaControler( 3782): onPrepared ok
03-27 10:55:13.708 D/MediaControler( 3782): start play
03-27 10:55:13.718 I/LiveSession(  118): onConnect 'http://live.feifeikan.com/live/coship,CCTV1HD.m3u8?fmt=x264_0k_mpegts&sora=1&sk=C1A487E60D381BFDF156FC6B6BDFCFFC&UUID=55710f3e-ac36-4a1c-90c2-6b3d2b1af6b1&userCode=lylyly&userName=lylyly&spCode=484581254562&productCode=2&resourceCode=10032&subId=123&resourceName=&authType=2'
03-27 10:55:13.718 V/ChromiumHTTPDataSource(  118): connect on behalf of uid 10056
03-27 10:55:13.718 I/ChromiumHTTPDataSource(  118): connect to http://live.feifeikan.com/live/coship,CCTV1HD.m3u8?fmt=x264_0k_mpegts&sora=1&sk=C1A487E60D381BFDF156FC6B6BDFCFFC&UUID=55710f3e-ac36-4a1c-90c2-6b3d2b1af6b1&userCode=lylyly&userName=lylyly&spCode=484581254562&productCode=2&resourceCode=10032&subId=123&resourceName=&authType=2 @0
03-27 10:55:13.858 D/KeyguardViewMediator(  378): setHidden false
03-27 10:55:13.868 D/KeyguardViewMediator(  378): setHidden false
03-27 10:55:14.168 V/ChromiumHTTPDataSource(  118): connect on behalf of uid 10056
03-27 10:55:14.168 I/ChromiumHTTPDataSource(  118): connect to http://live.feifeikan.com/live/hls/108.m3u8?fmt=x264_0k_mpegts&sora=1&sk=C1A487E60D381BFDF156FC6B6BDFCFFC&UUID=55710f3e-ac36-4a1c-90c2-6b3d2b1af6b1&userCode=lylyly&userName=lylyly&spCode=484581254562&productCode=2&resourceCode=10032&subId=123&resourceName=&authType=2 @0
03-27 10:55:14.349 V/ChromiumHTTPDataSource(  118): connect on behalf of uid 10056
03-27 10:55:14.359 I/ChromiumHTTPDataSource(  118): connect to http://live.feifeikan.com/live/hls/108?slice=048204 @0
03-27 10:55:15.219 E/VideoPlayer( 3782): onPlayStart-playType:2
03-27 10:55:15.229 I/Choreographer( 3782): Skipped 91 frames!  The application may be doing too much work on its main thread.
03-27 10:55:15.239 E/Functions( 3782): startPlayNotify:
03-27 10:55:15.300 D/KeyguardViewMediator(  378): setHidden false
03-27 10:55:15.320 D/VideoPlayer( 3782): onPause
03-27 10:55:15.320 E/VideoPlayer( 3782): processOnPause 
03-27 10:55:15.320 I/MediaControler( 3782): reset
03-27 10:55:15.320 D/Test    ( 3782): requestUrl  :http://wasu.feifeikan.com:8080/msis/stopPlayNotify?version=V001&terminalType=3&resolution=1280*720&UUID=55710f3e-ac36-4a1c-90c2-6b3d2b1af6b1&authKey=01118381f4f3c968f6dd528d2aaaff63
03-27 10:55:15.320 E/LiveSession(  118): failed to fetch .ts segment at url 'http://live.feifeikan.com/live/hls/108?slice=048204'
03-27 10:55:15.330 I/InputReader(  378): Reconfiguring input devices.  changes=0x00000004
03-27 10:55:15.330 I/InputReader(  378): Device reconfigured: id=1, name='Goodix-TS', surface size is now 720x1280, mode is 1
03-27 10:55:15.360 I/ActivityManager(  378): Config changed: {1.0 460mcc0mnc zh_CN sw360dp w360dp h620dp nrml long port finger -keyb/v/h -nav/h s.19}
03-27 10:55:15.370 D/KeyguardViewMediator(  378): setHidden false
03-27 10:55:15.380 D/PhoneApp(  560): updateProximitySensorMode: state = IDLE
03-27 10:55:15.380 D/PhoneApp(  560): updateProximitySensorMode: lock already released.
03-27 10:55:15.390 D/KeyguardViewMediator(  378): setHidden false
03-27 10:55:15.400 D/KeyguardViewMediator(  378): setHidden false
03-27 10:55:15.400 D/KeyguardViewMediator(  378): setHidden false
03-27 10:55:15.400 D/KeyguardViewMediator(  378): setHidden false
03-27 10:55:15.420 D/KeyguardViewMediator(  378): setHidden false
03-27 10:55:15.420 I/MainTabHostActivity( 3782): SCREEN_HEIGHT------1280    SCREEN_WIDTH-----720
03-27 10:55:15.420 E/Functions( 3782): stopPlayNotify:
03-27 10:55:15.420 D/KeyguardViewMediator(  378): setHidden false
03-27 10:55:15.420 D/MediaControler( 3782): surfaceDestroyed
03-27 10:55:15.430 D/KeyguardViewMediator(  378): setHidden false
03-27 10:55:15.430 D/KeyguardViewMediator(  378): setHidden false
03-27 10:55:15.450 D/KeyguardViewMediator(  378): setHidden false
03-27 10:55:15.450 D/KeyguardViewMediator(  378): setHidden false
03-27 10:55:15.460 D/KeyguardViewMediator(  378): setHidden false
03-27 10:55:15.460 W/khrn_client( 3782): init_window num_buffers 3 min undequeued buffers 1 type 1
03-27 10:55:15.460 W/khrn_client( 3782): init_window window 0x5c58b4e8, 720x1280 hintTransform 0x0
03-27 10:55:15.470 D/KeyguardViewMediator(  378): setHidden false
03-27 10:55:15.480 D/KeyguardViewMediator(  378): setHidden false
03-27 10:55:15.490 D/SizeAdaptiveLayout(  463): com.android.internal.widget.SizeAdaptiveLayout@42e6dc58child view android.widget.FrameLayout@42f6f2f8 measured out of bounds at 130px clamped to 128px
03-27 10:55:15.490 D/SizeAdaptiveLayout(  463): com.android.internal.widget.SizeAdaptiveLayout@42e6dc58child view android.widget.FrameLayout@42f6f2f8 measured out of bounds at 130px clamped to 128px
03-27 10:55:15.490 D/SizeAdaptiveLayout(  463): com.android.internal.widget.SizeAdaptiveLayout@42ead7d0child view android.widget.RelativeLayout@42f95d20 measured out of bounds at 115px clamped to 128px
03-27 10:55:15.490 D/SizeAdaptiveLayout(  463): com.android.internal.widget.SizeAdaptiveLayout@42ead7d0child view android.widget.RelativeLayout@42f95d20 measured out of bounds at 115px clamped to 128px
03-27 10:55:15.500 D/SizeAdaptiveLayout(  463): com.android.internal.widget.SizeAdaptiveLayout@4301cdd0child view android.widget.FrameLayout@4301eec8 measured out of bounds at 130px clamped to 128px
03-27 10:55:15.500 D/KeyguardViewMediator(  378): setHidden false
03-27 10:55:15.500 D/SizeAdaptiveLayout(  463): com.android.internal.widget.SizeAdaptiveLayout@4301cdd0child view android.widget.FrameLayout@4301eec8 measured out of bounds at 130px clamped to 128px
03-27 10:55:15.500 D/SizeAdaptiveLayout(  463): com.android.internal.widget.SizeAdaptiveLayout@42d997c0child view android.widget.FrameLayout@42d39390 measured out of bounds at 130px clamped to 128px
03-27 10:55:15.500 D/PinyinIME(  529): PinyinIME--->onFinishInput.
03-27 10:55:15.500 D/SizeAdaptiveLayout(  463): com.android.internal.widget.SizeAdaptiveLayout@42d997c0child view android.widget.FrameLayout@42d39390 measured out of bounds at 130px clamped to 128px
03-27 10:55:15.500 D/SizeAdaptiveLayout(  463): com.android.internal.widget.SizeAdaptiveLayout@42f32908child view android.widget.FrameLayout@42ec3a28 measured out of bounds at 130px clamped to 128px
03-27 10:55:15.510 D/SizeAdaptiveLayout(  463): com.android.internal.widget.SizeAdaptiveLayout@42f32908child view android.widget.FrameLayout@42ec3a28 measured out of bounds at 130px clamped to 128px
03-27 10:55:15.510 D/KeyguardViewMediator(  378): setHidden false
03-27 10:55:15.510 W/khrn_client(  463): init_window num_buffers 3 min undequeued buffers 1 type 1
03-27 10:55:15.510 W/khrn_client(  463): init_window window 0x59f7a8d0, 720x40 hintTransform 0x0
03-27 10:55:15.510 D/KeyguardViewMediator(  378): setHidden false
03-27 10:55:15.520 D/VideoPlayer( 3782): onDestroy
03-27 10:55:15.520 D/MediaControler( 3782): stop
03-27 10:55:15.520 D/dalvikvm( 3782): WAIT_FOR_CONCURRENT_GC blocked 0ms
03-27 10:55:15.530 D/KeyguardViewMediator(  378): setHidden false
03-27 10:55:15.530 V/PhoneStatusBar(  463): setLightsOn(true)
03-27 10:55:15.530 E/MediaPlayer( 3782): stop called in state 1
03-27 10:55:15.530 E/MediaPlayer( 3782): error (-38, 0)
03-27 10:55:15.600 D/dalvikvm( 3782): GC_EXPLICIT freed 1485K, 34% free 24160K/36163K, paused 12ms+9ms, total 76ms
03-27 10:55:15.600 D/KeyguardViewMediator(  378): setHidden false
03-27 10:55:15.610 D/KeyguardViewMediator(  378): setHidden false
03-27 10:55:15.610 W/MediaPlayer( 3782): mediaplayer went away with unhandled events
03-27 10:55:15.820 D/KeyguardViewMediator(  378): setHidden false
03-27 10:55:15.900 D/KeyguardViewMediator(  378): setHidden false
03-27 10:55:15.900 D/KeyguardViewMediator(  378): setHidden false
03-27 10:55:17.332 V/AudioFlinger(  118): releasing 47 from 3782
03-27 10:55:17.332 V/AudioFlinger(  118):  decremented refcount to 0
03-27 10:55:17.332 V/AudioFlinger(  118): purging stale effects
03-27 10:55:17.452 D/dalvikvm(  378): WAIT_FOR_CONCURRENT_GC blocked 0ms
03-27 10:55:17.522 D/dalvikvm(  378): GC_EXPLICIT freed 752K, 51% free 13741K/27651K, paused 7ms+5ms, total 63ms
03-27 10:55:19.814 I/ActivityManager(  378): START {cmp=com.aidufei.ott.activity/com.unitend.udrm.player.VideoPlayer (has extras) u=0} from pid 3782
03-27 10:55:19.864 I/InputReader(  378): Reconfiguring input devices.  changes=0x00000004
03-27 10:55:19.864 I/InputReader(  378): Device reconfigured: id=1, name='Goodix-TS', surface size is now 720x1280, mode is 1
03-27 10:55:19.884 I/ActivityManager(  378): Config changed: {1.0 460mcc0mnc zh_CN sw360dp w640dp h340dp nrml long land finger -keyb/v/h -nav/h s.20}
03-27 10:55:19.894 D/PhoneApp(  560): updateProximitySensorMode: state = IDLE
03-27 10:55:19.894 D/PhoneApp(  560): updateProximitySensorMode: lock already released.
03-27 10:55:19.904 D/KeyguardViewMediator(  378): setHidden false
03-27 10:55:19.914 D/KeyguardViewMediator(  378): setHidden false
03-27 10:55:19.934 D/dalvikvm(  463): WAIT_FOR_CONCURRENT_GC blocked 0ms
03-27 10:55:19.934 I/VideoPlayer( 3782): onCreate
03-27 10:55:19.934 D/KeyguardViewMediator(  378): setHidden false
03-27 10:55:19.954 V/AudioPolicyManagerALSA(  118): getDeviceForStrategy() from cache strategy 0, device 2
03-27 10:55:19.974 E/MediaControler( 3782): initMediaPlayer
03-27 10:55:19.974 V/AudioFlinger(  118): acquiring 48 from 3782
03-27 10:55:19.974 V/AudioFlinger(  118):  added new entry for 48
03-27 10:55:19.974 D/Test    ( 3782): requestUrl  :http://wasu.feifeikan.com:8080/msis/getSystemTime?version=V001&terminalType=3&resolution=1280*720&authKey=cf64e3e4d6b6fea2afa862b64c2afb21
