03-27 10:52:28.947 V/ChromiumHTTPDataSource(  118): connect on behalf of uid 10056
03-27 10:52:28.947 I/ChromiumHTTPDataSource(  118): connect to http://live.feifeikan.com/live/hls/108.m3u8?fmt=x264_0k_mpegts&sora=1&sk=CE51A7ADB263837EF1BB63841A1482CA&UUID=206bc5d2-865b-4180-a4dc-ba07dca296fd&userCode=lylyly&userName=lylyly&spCode=484581254562&productCode=2&resourceCode=10032&subId=123&resourceName=&authType=2 @0
03-27 10:52:29.398 V/MediaControler( 3782): getCurrentPos:104521
03-27 10:52:29.408 E/VideoPlayer( 3782): delay:0
03-27 10:52:30.399 V/MediaControler( 3782): getCurrentPos:105600
03-27 10:52:30.409 E/VideoPlayer( 3782): delay:0
03-27 10:52:31.410 V/MediaControler( 3782): getCurrentPos:106521
03-27 10:52:31.410 E/VideoPlayer( 3782): delay:0
03-27 10:52:31.850 D/DownloadCompleteReceiver( 1158):  TYPE_WIFI info.isConnected():true
03-27 10:52:31.850 D/DownloadCompleteReceiver( 1158): isConnecting():true
03-27 10:52:31.850 D/DownloadCompleteReceiver( 1158):  TYPE_WIFI info.isConnected():true
03-27 10:52:31.850 D/DownloadCompleteReceiver( 1158): ********* downloadURL:
03-27 10:52:31.850 D/DownloadCompleteReceiver( 1158):  getTotalInternalSize:14135926784
03-27 10:52:31.860 D/DownloadCompleteReceiver( 1158): DOWNLOAD_VERSION_FILE_URL:http://update.feifeikan.com/Fphone/version_new.txt
03-27 10:52:31.910 D/DownloadCompleteReceiver( 1158): updateEx mServerVerstion:V225R001C01B071
03-27 10:52:31.920 D/DownloadCompleteReceiver( 1158):  local:071
03-27 10:52:31.920 D/DownloadCompleteReceiver( 1158):  server:071
03-27 10:52:32.401 V/MediaControler( 3782): getCurrentPos:107518
03-27 10:52:32.411 E/VideoPlayer( 3782): delay:0
03-27 10:52:33.402 V/MediaControler( 3782): getCurrentPos:108597
03-27 10:52:33.412 E/VideoPlayer( 3782): delay:0
03-27 10:52:34.292 V/ChromiumHTTPDataSource(  118): connect on behalf of uid 10056
03-27 10:52:34.292 I/ChromiumHTTPDataSource(  118): connect to http://live.feifeikan.com/live/hls/108?slice=048178 @0
03-27 10:52:34.403 V/MediaControler( 3782): getCurrentPos:109548
03-27 10:52:34.413 E/VideoPlayer( 3782): delay:0
03-27 10:52:35.404 V/MediaControler( 3782): getCurrentPos:110520
03-27 10:52:35.424 E/VideoPlayer( 3782): delay:0
03-27 10:52:36.405 V/MediaControler( 3782): getCurrentPos:111560
03-27 10:52:36.415 V/ChromiumHTTPDataSource(  118): connect on behalf of uid 10056
03-27 10:52:36.415 I/ChromiumHTTPDataSource(  118): connect to http://live.feifeikan.com/live/hls/108?slice=048179 @0
03-27 10:52:36.415 E/VideoPlayer( 3782): delay:0
03-27 10:52:36.715 D/NetworkPolicy(  378): setNetworkTemplateEnabled(): match rule = 1
03-27 10:52:36.725 D/MobileDataStateTracker(  378): default: setPolicyDataEnable(enabled=true)
03-27 10:52:37.395 V/MediaControler( 3782): getCurrentPos:112513
03-27 10:52:37.405 E/VideoPlayer( 3782): delay:0
03-27 10:52:38.396 V/MediaControler( 3782): getCurrentPos:113580
03-27 10:52:38.406 E/VideoPlayer( 3782): delay:0
03-27 10:52:39.397 V/MediaControler( 3782): getCurrentPos:114521
03-27 10:52:39.407 E/VideoPlayer( 3782): delay:0
03-27 10:52:40.408 V/MediaControler( 3782): getCurrentPos:115520
03-27 10:52:40.418 E/VideoPlayer( 3782): delay:0
03-27 10:52:41.259 V/ChromiumHTTPDataSource(  118): connect on behalf of uid 10056
03-27 10:52:41.259 I/ChromiumHTTPDataSource(  118): connect to http://live.feifeikan.com/live/hls/108.m3u8?fmt=x264_0k_mpegts&sora=1&sk=CE51A7ADB263837EF1BB63841A1482CA&UUID=206bc5d2-865b-4180-a4dc-ba07dca296fd&userCode=lylyly&userName=lylyly&spCode=484581254562&productCode=2&resourceCode=10032&subId=123&resourceName=&authType=2 @0
03-27 10:52:41.409 V/MediaControler( 3782): getCurrentPos:116588
03-27 10:52:41.409 E/VideoPlayer( 3782): delay:0
03-27 10:52:41.469 V/ChromiumHTTPDataSource(  118): connect on behalf of uid 10056
03-27 10:52:41.469 I/ChromiumHTTPDataSource(  118): connect to http://live.feifeikan.com/live/hls/108?slice=048180 @0
03-27 10:52:42.410 V/MediaControler( 3782): getCurrentPos:117548
03-27 10:52:42.410 E/VideoPlayer( 3782): delay:0
03-27 10:52:43.411 V/MediaControler( 3782): getCurrentPos:118521
03-27 10:52:43.411 E/VideoPlayer( 3782): delay:0
03-27 10:52:44.412 V/MediaControler( 3782): getCurrentPos:119561
03-27 10:52:44.412 E/VideoPlayer( 3782): delay:0
03-27 10:52:45.413 V/MediaControler( 3782): getCurrentPos:120518
03-27 10:52:45.413 E/VideoPlayer( 3782): delay:0
03-27 10:52:46.414 V/MediaControler( 3782): getCurrentPos:121560
03-27 10:52:46.414 E/VideoPlayer( 3782): delay:0
03-27 10:52:47.405 V/MediaControler( 3782): getCurrentPos:122520
03-27 10:52:47.405 E/VideoPlayer( 3782): delay:0
03-27 10:52:48.406 V/MediaControler( 3782): getCurrentPos:123600
03-27 10:52:48.416 E/VideoPlayer( 3782): delay:0
03-27 10:52:49.407 V/MediaControler( 3782): getCurrentPos:124519
03-27 10:52:49.417 E/VideoPlayer( 3782): delay:0
03-27 10:52:50.028 V/ChromiumHTTPDataSource(  118): connect on behalf of uid 10056
03-27 10:52:50.028 I/ChromiumHTTPDataSource(  118): connect to http://live.feifeikan.com/live/hls/108.m3u8?fmt=x264_0k_mpegts&sora=1&sk=CE51A7ADB263837EF1BB63841A1482CA&UUID=206bc5d2-865b-4180-a4dc-ba07dca296fd&userCode=lylyly&userName=lylyly&spCode=484581254562&productCode=2&resourceCode=10032&subId=123&resourceName=&authType=2 @0
03-27 10:52:50.228 V/ChromiumHTTPDataSource(  118): connect on behalf of uid 10056
03-27 10:52:50.228 I/ChromiumHTTPDataSource(  118): connect to http://live.feifeikan.com/live/hls/108?slice=048181 @0
03-27 10:52:50.408 V/MediaControler( 3782): getCurrentPos:125598
03-27 10:52:50.408 E/VideoPlayer( 3782): delay:0
03-27 10:52:51.409 V/MediaControler( 3782): getCurrentPos:126558
03-27 10:52:51.419 E/VideoPlayer( 3782): delay:0
03-27 10:52:52.410 V/MediaControler( 3782): getCurrentPos:127600
03-27 10:52:52.420 E/VideoPlayer( 3782): delay:0
03-27 10:52:53.161 V/ChromiumHTTPDataSource(  118): connect on behalf of uid 10056
03-27 10:52:53.161 I/ChromiumHTTPDataSource(  118): connect to http://live.feifeikan.com/live/hls/108?slice=048182 @0
03-27 10:52:53.411 V/MediaControler( 3782): getCurrentPos:128561
03-27 10:52:53.421 E/VideoPlayer( 3782): delay:0
03-27 10:52:54.412 V/MediaControler( 3782): getCurrentPos:129521
03-27 10:52:54.422 E/VideoPlayer( 3782): delay:0
03-27 10:52:54.472 D/NetworkPolicy(  378): setNetworkTemplateEnabled(): match rule = 1
03-27 10:52:54.472 D/MobileDataStateTracker(  378): default: setPolicyDataEnable(enabled=true)
03-27 10:52:55.413 V/MediaControler( 3782): getCurrentPos:130558
03-27 10:52:55.423 E/VideoPlayer( 3782): delay:0
03-27 10:52:55.493 D/dalvikvm( 3782): GC_CONCURRENT freed 1774K, 33% free 24290K/36163K, paused 2ms+10ms, total 62ms
03-27 10:52:56.414 V/MediaControler( 3782): getCurrentPos:131520
03-27 10:52:56.424 E/VideoPlayer( 3782): delay:0
03-27 10:52:57.405 V/MediaControler( 3782): getCurrentPos:132588
03-27 10:52:57.415 E/VideoPlayer( 3782): delay:0
03-27 10:52:58.406 V/MediaControler( 3782): getCurrentPos:133521
03-27 10:52:58.416 E/VideoPlayer( 3782): delay:0
03-27 10:52:59.007 V/ChromiumHTTPDataSource(  118): connect on behalf of uid 10056
03-27 10:52:59.007 I/ChromiumHTTPDataSource(  118): connect to http://live.feifeikan.com/live/hls/108.m3u8?fmt=x264_0k_mpegts&sora=1&sk=CE51A7ADB263837EF1BB63841A1482CA&UUID=206bc5d2-865b-4180-a4dc-ba07dca296fd&userCode=lylyly&userName=lylyly&spCode=484581254562&productCode=2&resourceCode=10032&subId=123&resourceName=&authType=2 @0
03-27 10:52:59.337 V/ChromiumHTTPDataSource(  118): connect on behalf of uid 10056
03-27 10:52:59.337 I/ChromiumHTTPDataSource(  118): connect to http://live.feifeikan.com/live/hls/108?slice=048183 @0
03-27 10:52:59.407 V/MediaControler( 3782): getCurrentPos:134558
03-27 10:52:59.417 E/VideoPlayer( 3782): delay:0
03-27 10:53:00.408 V/MediaControler( 3782): getCurrentPos:135515
03-27 10:53:00.418 E/VideoPlayer( 3782): delay:0
03-27 10:53:01.409 V/MediaControler( 3782): getCurrentPos:136560
03-27 10:53:01.419 E/VideoPlayer( 3782): delay:0
03-27 10:53:02.410 V/MediaControler( 3782): getCurrentPos:137520
03-27 10:53:02.420 E/VideoPlayer( 3782): delay:0
03-27 10:53:03.411 V/MediaControler( 3782): getCurrentPos:138600
03-27 10:53:03.421 E/VideoPlayer( 3782): delay:0
03-27 10:53:04.412 V/MediaControler( 3782): getCurrentPos:139560
03-27 10:53:04.422 E/VideoPlayer( 3782): delay:0
03-27 10:53:05.413 V/MediaControler( 3782): getCurrentPos:140600
03-27 10:53:05.423 E/VideoPlayer( 3782): delay:0
03-27 10:53:06.304 V/ChromiumHTTPDataSource(  118): connect on behalf of uid 10056
03-27 10:53:06.304 I/ChromiumHTTPDataSource(  118): connect to http://live.feifeikan.com/live/hls/108.m3u8?fmt=x264_0k_mpegts&sora=1&sk=CE51A7ADB263837EF1BB63841A1482CA&UUID=206bc5d2-865b-4180-a4dc-ba07dca296fd&userCode=lylyly&userName=lylyly&spCode=484581254562&productCode=2&resourceCode=10032&subId=123&resourceName=&authType=2 @0
03-27 10:53:06.414 V/MediaControler( 3782): getCurrentPos:141557
03-27 10:53:06.424 E/VideoPlayer( 3782): delay:0
03-27 10:53:06.804 V/ChromiumHTTPDataSource(  118): connect on behalf of uid 10056
03-27 10:53:06.804 I/ChromiumHTTPDataSource(  118): connect to http://live.feifeikan.com/live/hls/108?slice=048184 @0
03-27 10:53:07.405 V/MediaControler( 3782): getCurrentPos:142508
03-27 10:53:07.415 E/VideoPlayer( 3782): delay:0
03-27 10:53:08.406 V/MediaControler( 3782): getCurrentPos:143598
03-27 10:53:08.416 E/VideoPlayer( 3782): delay:0
03-27 10:53:09.407 V/MediaControler( 3782): getCurrentPos:144556
03-27 10:53:09.417 E/VideoPlayer( 3782): delay:0
03-27 10:53:10.408 V/MediaControler( 3782): getCurrentPos:145600
03-27 10:53:10.418 E/VideoPlayer( 3782): delay:0
03-27 10:53:11.409 V/MediaControler( 3782): getCurrentPos:146560
03-27 10:53:11.419 E/VideoPlayer( 3782): delay:0
03-27 10:53:12.410 V/MediaControler( 3782): getCurrentPos:147521
03-27 10:53:12.420 E/VideoPlayer( 3782): delay:0
03-27 10:53:13.060 D/DownloadCompleteReceiver( 1158):  WIFI CHANGED_ACTION 
03-27 10:53:13.060 D/DownloadCompleteReceiver( 1158):  time:1364352793068
03-27 10:53:13.060 D/DownloadCompleteReceiver( 1158):  locktime:0
03-27 10:53:13.060 D/DownloadCompleteReceiver( 1158):  mIdupdate:-1
03-27 10:53:13.060 D/DownloadCompleteReceiver( 1158):  mMasterclear:false
03-27 10:53:13.060 D/DownloadCompleteReceiver( 1158):  mBootcomplete:true
03-27 10:53:13.421 V/MediaControler( 3782): getCurrentPos:148558
03-27 10:53:13.421 E/VideoPlayer( 3782): delay:0
03-27 10:53:14.171 V/ChromiumHTTPDataSource(  118): connect on behalf of uid 10056
03-27 10:53:14.171 I/ChromiumHTTPDataSource(  118): connect to http://live.feifeikan.com/live/hls/108.m3u8?fmt=x264_0k_mpegts&sora=1&sk=CE51A7ADB263837EF1BB63841A1482CA&UUID=206bc5d2-865b-4180-a4dc-ba07dca296fd&userCode=lylyly&userName=lylyly&spCode=484581254562&productCode=2&resourceCode=10032&subId=123&resourceName=&authType=2 @0
03-27 10:53:14.422 V/MediaControler( 3782): getCurrentPos:149591
03-27 10:53:14.422 E/VideoPlayer( 3782): delay:0
03-27 10:53:14.532 V/ChromiumHTTPDataSource(  118): connect on behalf of uid 10056
03-27 10:53:14.532 I/ChromiumHTTPDataSource(  118): connect to http://live.feifeikan.com/live/hls/108?slice=048185 @0
03-27 10:53:15.423 V/MediaControler( 3782): getCurrentPos:150551
03-27 10:53:15.423 E/VideoPlayer( 3782): delay:0
03-27 10:53:16.063 D/DownloadCompleteReceiver( 1158):  WIFI CHANGED_ACTION 
03-27 10:53:16.063 D/DownloadCompleteReceiver( 1158):  time:1364352796069
03-27 10:53:16.063 D/DownloadCompleteReceiver( 1158):  locktime:0
03-27 10:53:16.063 D/DownloadCompleteReceiver( 1158):  mIdupdate:-1
03-27 10:53:16.063 D/DownloadCompleteReceiver( 1158):  mMasterclear:false
03-27 10:53:16.063 D/DownloadCompleteReceiver( 1158):  mBootcomplete:true
03-27 10:53:16.424 V/MediaControler( 3782): getCurrentPos:151520
03-27 10:53:16.424 E/VideoPlayer( 3782): delay:0
03-27 10:53:16.604 D/NetworkPolicy(  378): setNetworkTemplateEnabled(): match rule = 1
03-27 10:53:16.614 D/MobileDataStateTracker(  378): default: setPolicyDataEnable(enabled=true)
03-27 10:53:17.425 V/MediaControler( 3782): getCurrentPos:152560
03-27 10:53:17.425 E/VideoPlayer( 3782): delay:0
03-27 10:53:17.595 V/ChromiumHTTPDataSource(  118): connect on behalf of uid 10056
03-27 10:53:17.595 I/ChromiumHTTPDataSource(  118): connect to http://live.feifeikan.com/live/hls/108?slice=048186 @0
03-27 10:53:18.415 V/MediaControler( 3782): getCurrentPos:153580
03-27 10:53:18.415 E/VideoPlayer( 3782): delay:0
03-27 10:53:19.416 V/MediaControler( 3782): getCurrentPos:154560
03-27 10:53:19.416 E/VideoPlayer( 3782): delay:0
03-27 10:53:20.067 D/DownloadCompleteReceiver( 1158):  TYPE_WIFI info.isConnected():true
03-27 10:53:20.067 D/DownloadCompleteReceiver( 1158): isConnecting():true
03-27 10:53:20.067 D/DownloadCompleteReceiver( 1158):  TYPE_WIFI info.isConnected():true
03-27 10:53:20.067 D/DownloadCompleteReceiver( 1158): ********* downloadURL:
03-27 10:53:20.067 D/DownloadCompleteReceiver( 1158):  getTotalInternalSize:14135926784
03-27 10:53:20.067 D/DownloadCompleteReceiver( 1158): DOWNLOAD_VERSION_FILE_URL:http://update.feifeikan.com/Fphone/version_new.txt
03-27 10:53:20.277 D/DownloadCompleteReceiver( 1158): updateEx mServerVerstion:V225R001C01B071
03-27 10:53:20.277 D/DownloadCompleteReceiver( 1158):  local:071
03-27 10:53:20.277 D/DownloadCompleteReceiver( 1158):  server:071
03-27 10:53:20.417 V/MediaControler( 3782): getCurrentPos:155520
03-27 10:53:20.417 E/VideoPlayer( 3782): delay:0
03-27 10:53:21.418 V/MediaControler( 3782): getCurrentPos:156588
03-27 10:53:21.418 E/VideoPlayer( 3782): delay:0
03-27 10:53:22.419 V/MediaControler( 3782): getCurrentPos:157520
03-27 10:53:22.419 E/VideoPlayer( 3782): delay:0
03-27 10:53:22.950 V/ChromiumHTTPDataSource(  118): connect on behalf of uid 10056
03-27 10:53:22.950 I/ChromiumHTTPDataSource(  118): connect to http://live.feifeikan.com/live/hls/108.m3u8?fmt=x264_0k_mpegts&sora=1&sk=CE51A7ADB263837EF1BB63841A1482CA&UUID=206bc5d2-865b-4180-a4dc-ba07dca296fd&userCode=lylyly&userName=lylyly&spCode=484581254562&productCode=2&resourceCode=10032&subId=123&resourceName=&authType=2 @0
03-27 10:53:23.070 D/DownloadCompleteReceiver( 1158):  TYPE_WIFI info.isConnected():true
03-27 10:53:23.070 D/DownloadCompleteReceiver( 1158): isConnecting():true
03-27 10:53:23.070 D/DownloadCompleteReceiver( 1158):  TYPE_WIFI info.isConnected():true
03-27 10:53:23.070 D/DownloadCompleteReceiver( 1158): ********* downloadURL:
03-27 10:53:23.070 D/DownloadCompleteReceiver( 1158):  getTotalInternalSize:14135926784
03-27 10:53:23.070 D/DownloadCompleteReceiver( 1158): DOWNLOAD_VERSION_FILE_URL:http://update.feifeikan.com/Fphone/version_new.txt
03-27 10:53:23.140 D/DownloadCompleteReceiver( 1158): updateEx mServerVerstion:V225R001C01B071
03-27 10:53:23.140 D/DownloadCompleteReceiver( 1158):  local:071
03-27 10:53:23.140 D/DownloadCompleteReceiver( 1158):  server:071
03-27 10:53:23.420 V/MediaControler( 3782): getCurrentPos:158551
03-27 10:53:23.420 E/VideoPlayer( 3782): delay:0
03-27 10:53:23.641 V/ChromiumHTTPDataSource(  118): connect on behalf of uid 10056
03-27 10:53:23.641 I/ChromiumHTTPDataSource(  118): connect to http://live.feifeikan.com/live/hls/108?slice=048187 @0
03-27 10:53:24.421 V/MediaControler( 3782): getCurrentPos:159511
03-27 10:53:24.421 E/VideoPlayer( 3782): delay:0
03-27 10:53:25.422 V/MediaControler( 3782): getCurrentPos:160520
03-27 10:53:25.422 E/VideoPlayer( 3782): delay:0
03-27 10:53:26.103 V/contacttt( 4341): [ContactsProvider]>=query(),uri=[content://com.android.contacts/contacts],projection=[[_id]],selection=[null]  args=[null],order=[null]
03-27 10:53:26.103 D/SmsProvider(  560): --------query and url=content://sms-------
03-27 10:53:26.153 D/dalvikvm( 3207): GC_CONCURRENT freed 1779K, 44% free 10684K/19011K, paused 2ms+4ms, total 60ms
03-27 10:53:26.163 W/MountService(  378): getVolumeState(/storage/sdcard0/external_sd): Unknown volume
03-27 10:53:26.173 W/MountService(  378): getVolumeState(/mnt/sdcard-ext): Unknown volume
03-27 10:53:26.173 W/MountService(  378): getVolumeState(/mnt/ext_sdcard): Unknown volume
03-27 10:53:26.173 W/MountService(  378): getVolumeState(/mnt/sdcard2): Unknown volume
03-27 10:53:26.173 W/MountService(  378): getVolumeState(/mnt/emmc): Unknown volume
03-27 10:53:26.173 W/MountService(  378): getVolumeState(/mnt/extSdCard): Unknown volume
03-27 10:53:26.173 W/MountService(  378): getVolumeState(/mnt/sdcard/SD_CARD): Unknown volume
03-27 10:53:26.173 W/MountService(  378): getVolumeState(/mnt/sdcard/extra_sd): Unknown volume
03-27 10:53:26.173 W/MountService(  378): getVolumeState(/mnt/extrasd_bind): Unknown volume
03-27 10:53:26.183 W/MountService(  378): getVolumeState(/mnt/sdcard/ext_sd): Unknown volume
03-27 10:53:26.183 W/MountService(  378): getVolumeState(/storage/extSdCard): Unknown volume
03-27 10:53:26.183 W/MountService(  378): getVolumeState(/mnt/sdcard/external_SD): Unknown volume
03-27 10:53:26.183 W/MountService(  378): getVolumeState(/mnt/sdcard/external_sd): Unknown volume
03-27 10:53:26.203 W/MountService(  378): getVolumeState(/storage/sdcard0/external_sd): Unknown volume
03-27 10:53:26.213 W/MountService(  378): getVolumeState(/mnt/sdcard-ext): Unknown volume
03-27 10:53:26.213 W/MountService(  378): getVolumeState(/mnt/ext_sdcard): Unknown volume
03-27 10:53:26.213 W/MountService(  378): getVolumeState(/mnt/sdcard2): Unknown volume
03-27 10:53:26.213 W/MountService(  378): getVolumeState(/mnt/emmc): Unknown volume
03-27 10:53:26.213 W/MountService(  378): getVolumeState(/mnt/extSdCard): Unknown volume
03-27 10:53:26.213 W/MountService(  378): getVolumeState(/mnt/sdcard/SD_CARD): Unknown volume
03-27 10:53:26.213 W/MountService(  378): getVolumeState(/mnt/sdcard/extra_sd): Unknown volume
03-27 10:53:26.213 W/MountService(  378): getVolumeState(/mnt/extrasd_bind): Unknown volume
03-27 10:53:26.213 W/MountService(  378): getVolumeState(/mnt/sdcard/ext_sd): Unknown volume
03-27 10:53:26.213 W/MountService(  378): getVolumeState(/storage/extSdCard): Unknown volume
03-27 10:53:26.213 W/MountService(  378): getVolumeState(/mnt/sdcard/external_SD): Unknown volume
03-27 10:53:26.213 W/MountService(  378): getVolumeState(/mnt/sdcard/external_sd): Unknown volume
03-27 10:53:26.423 V/MediaControler( 3782): getCurrentPos:161600
03-27 10:53:26.433 E/VideoPlayer( 3782): delay:0
03-27 10:53:27.424 V/MediaControler( 3782): getCurrentPos:162558
03-27 10:53:27.424 E/VideoPlayer( 3782): delay:0
03-27 10:53:28.415 V/MediaControler( 3782): getCurrentPos:163600
03-27 10:53:28.415 E/VideoPlayer( 3782): delay:0
03-27 10:53:29.416 V/MediaControler( 3782): getCurrentPos:164545
03-27 10:53:29.416 E/VideoPlayer( 3782): delay:0
03-27 10:53:30.417 V/MediaControler( 3782): getCurrentPos:165520
03-27 10:53:30.427 E/VideoPlayer( 3782): delay:0
03-27 10:53:31.418 V/MediaControler( 3782): getCurrentPos:166593
03-27 10:53:31.428 E/VideoPlayer( 3782): delay:0
03-27 10:53:32.399 V/ChromiumHTTPDataSource(  118): connect on behalf of uid 10056
03-27 10:53:32.399 I/ChromiumHTTPDataSource(  118): connect to http://live.feifeikan.com/live/hls/108.m3u8?fmt=x264_0k_mpegts&sora=1&sk=CE51A7ADB263837EF1BB63841A1482CA&UUID=206bc5d2-865b-4180-a4dc-ba07dca296fd&userCode=lylyly&userName=lylyly&spCode=484581254562&productCode=2&resourceCode=10032&subId=123&resourceName=&authType=2 @0
03-27 10:53:32.419 V/MediaControler( 3782): getCurrentPos:167520
03-27 10:53:32.429 E/VideoPlayer( 3782): delay:0
03-27 10:53:32.679 V/ChromiumHTTPDataSource(  118): connect on behalf of uid 10056
03-27 10:53:32.679 I/ChromiumHTTPDataSource(  118): connect to http://live.feifeikan.com/live/hls/108?slice=048188 @0
03-27 10:53:33.420 V/MediaControler( 3782): getCurrentPos:168600
03-27 10:53:33.430 E/VideoPlayer( 3782): delay:0
03-27 10:53:34.421 V/MediaControler( 3782): getCurrentPos:169561
03-27 10:53:34.431 E/VideoPlayer( 3782): delay:0
03-27 10:53:34.801 D/NetworkPolicy(  378): setNetworkTemplateEnabled(): match rule = 1
03-27 10:53:34.811 D/MobileDataStateTracker(  378): default: setPolicyDataEnable(enabled=true)
03-27 10:53:34.862 D/KeyguardViewMediator(  378): setHidden false
03-27 10:53:35.002 D/VideoPlayer( 3782): sendToTV:2
03-27 10:53:35.002 V/Device  ( 3782): 192.168.1.3: state=3,will change to =3
03-27 10:53:35.002 E/apple   ( 3782): Client current:true
03-27 10:53:35.002 E/apple   ( 3782): Client current:false
03-27 10:53:35.002 E/VideoPlayer( 3782): processOnPause 
03-27 10:53:35.002 I/MediaControler( 3782): reset
03-27 10:53:35.002 D/OtORequestHandler( 3782): send request:101
03-27 10:53:35.012 V/AudioFlinger(  118): pause(4099), calling pid 118
03-27 10:53:35.012 V/AudioFlinger(  118): ACTIVE/RESUMING => PAUSING (4099) on thread 0x40de3008
03-27 10:53:35.012 V/AudioPolicyManagerBase(  118): stopOutput() output 2, stream 3, session 45
03-27 10:53:35.012 V/AudioPolicyManagerBase(  118): changeRefCount() stream 3, count 0
03-27 10:53:35.012 D/AudioPolicyManagerALSA(  118): mFmRadioStatus=0,mFmRadioSinkDev=4,device2=0
03-27 10:53:35.012 I/AudioPolicyManagerALSA(  118): MUSIC is playing but no on primary device, new device=2
03-27 10:53:35.012 V/AudioPolicyManagerBase(  118): setOutputDevice() output 2 device 0002 delayMs 86
03-27 10:53:35.012 V/AudioPolicyManagerBase(  118): setOutputDevice() prevDevice 0002
03-27 10:53:35.012 D/AudioPolicyManagerALSA(  118): mFmRadioStatus=0,mFmRadioSinkDev=4,device2=0
03-27 10:53:35.012 D/AudioPolicyManagerALSA(  118): mFmRadioStatus=0,mFmRadioSinkDev=4,device2=0
03-27 10:53:35.012 D/AudioPolicyManagerALSA(  118): mFmRadioStatus=0,mFmRadioSinkDev=4,device2=0
03-27 10:53:35.012 D/AudioPolicyManagerALSA(  118): mFmRadioStatus=0,mFmRadioSinkDev=4,device2=0
03-27 10:53:35.012 D/AudioPolicyManagerALSA(  118): mFmRadioStatus=0,mFmRadioSinkDev=4,device2=0
03-27 10:53:35.012 V/AudioPolicyManagerBase(  118): setOutputDevice() setting same device 0002 or null device for output 2
03-27 10:53:35.012 V/AudioPolicyManagerALSA(  118): getDeviceForStrategy() from cache strategy 3, device 2
03-27 10:53:35.012 D/AudioPolicyManagerALSA(  118): mFmRadioStatus=0,mFmRadioSinkDev=4,device2=0
03-27 10:53:35.012 D/AudioPolicyManagerALSA(  118): mFmRadioStatus=0,mFmRadioSinkDev=4,device2=0
03-27 10:53:35.012 D/AudioPolicyManagerALSA(  118): mFmRadioStatus=0,mFmRadioSinkDev=4,device2=0
03-27 10:53:35.012 D/AudioPolicyManagerALSA(  118): mFmRadioStatus=0,mFmRadioSinkDev=4,device2=0
03-27 10:53:35.022 D/AudioPolicyManagerALSA(  118): mFmRadioStatus=0,mFmRadioSinkDev=4,device2=0
03-27 10:53:35.022 D/AudioPolicyManagerALSA(  118): mFmRadioStatus=0,mFmRadioSinkDev=4,device2=0
03-27 10:53:35.022 V/OtOPlayRequest( 3782): Play Request: {"ResourceInfo":{"ProductCode":"","PlayType":2,"ResourceCode":"10032","ResourceName":"(96)"},"UserCode":"lylyly","SubID":""}
03-27 10:53:35.022 D/OtORequestHandler( 3782): send DatagramPacket
03-27 10:53:35.022 E/LiveSession(  118): failed to fetch .ts segment at url 'http://live.feifeikan.com/live/hls/108?slice=048188'
03-27 10:53:35.022 D/brcm-vd (  118): [video_decoder__openmax_main]: flushing input(1)/output(1) port for 0x41960980
03-27 10:53:35.022 I/BRCM-OMX(  118): [OMX.brcm.audio.aac.decoder]:processFlush: Process Flush in Base Auio Dec triggers reset on the codec API
03-27 10:53:35.022 I/BRCM-OMX(  118): [OMX.brcm.audio.aac.decoder]:portFlushInProgress: Port-0 FLUSH in Progress
03-27 10:53:35.022 I/BRCM-OMX(  118): [OMX.brcm.audio.aac.decoder]:portFlushInProgress: Port-0 FLUSH in Progress
03-27 10:53:35.022 D/brcm-vd (  118): [video_decoder__check_complete]: flush output port completed
03-27 10:53:35.022 I/BRCM-OMX(  118): [OMX.brcm.audio.aac.decoder]:processFlush: Process Flush in Base Auio Dec triggers reset on the codec API
03-27 10:53:35.022 D/brcm-vd (  118): [video_decoder__check_complete]: flush input port completed
03-27 10:53:35.022 I/BRCM-OMX(  118): [OMX.brcm.audio.aac.decoder]:processFlush: Process Flush in Base Auio Dec triggers reset on the codec API
03-27 10:53:35.022 I/BRCM-OMX(  118): [OMX.brcm.audio.aac.decoder]:processFlush: Process Flush in Base Auio Dec triggers reset on the codec API
03-27 10:53:35.022 I/BRCM-OMX(  118): [OMX.brcm.audio.aac.decoder]:bufferHandler: PORT-0: BufferHandler thread exiting....
03-27 10:53:35.022 I/BRCM-OMX(  118): [OMX.brcm.audio.aac.decoder]:bufferHandler: PORT-1: BufferHandler thread exiting....
03-27 10:53:35.022 W/BRCM-OMXAudioPort(  118): [OMX.brcm.audio.aac.decoder]:isPopulated: PORT-0,  Populated state <0>
03-27 10:53:35.022 W/BRCM-OMXAudioPort(  118): [OMX.brcm.audio.aac.decoder]:isPopulated: PORT-1,  Populated state <0>
03-27 10:53:35.022 I/BRCM-OMX(  118): ([OMX.brcm.audio.aac.decoder]:codecSyncHandler: codecSyncHandler thread exiting....
03-27 10:53:35.022 I/BRCM-OMX(  118): [OMX.brcm.audio.aac.decoder]:commandHandler: CommandHandler thread exiting....
03-27 10:53:35.022 D/brcm-vd (  118): [video_decoder__check_complete]: state changing completed
03-27 10:53:35.022 D/brcm-vd (  118): [video_decoder__openmax_main]: OMX_CommandStateSet - loaded, ready to set/get
03-27 10:53:35.022 D/brcm-vd (  118): [video_decoder__FreeBuffer]: deallocated 0x5a66dec0 (61abe400)
03-27 10:53:35.022 D/brcm-vd (  118): [video_decoder__openmax_main]: state changed ( 0, 1 )
03-27 10:53:35.022 D/brcm-vd (  118): [video_decoder__FreeBuffer]: deallocated 0x5a66dcd0 (61a3fb00)
03-27 10:53:35.022 D/brcm-vd (  118): [video_decoder__FreeBuffer]: deallocated 0x4881df40 (619c1200)
03-27 10:53:35.022 D/brcm-vd (  118): [video_decoder__FreeBuffer]: deallocated 0x47c99f60 (61942900)
03-27 10:53:35.022 D/brcm-vd (  118): [video_decoder__FreeBuffer]: deallocated 0x4881dd50 (618c4000)
03-27 10:53:35.032 D/brcm-vd (  118): [video_decoder__FreeBuffer]: deallocated 0x41883e60 (80000014)
03-27 10:53:35.032 D/brcm-vd (  118): [video_decoder__FreeBuffer]: deallocated 0x45d507d0 (80000018)
03-27 10:53:35.032 D/brcm-vd (  118): [video_decoder__FreeBuffer]: deallocated 0x517262d0 (80000019)
03-27 10:53:35.032 D/brcm-vd (  118): [video_decoder__FreeBuffer]: deallocated 0x5085ef80 (8000000b)
03-27 10:53:35.032 D/brcm-vd (  118): [video_decoder__FreeBuffer]: deallocated 0x41a47390 (80000016)
03-27 10:53:35.032 V/component_tracker(  118): [unregister_component]: Removing decoder (0x4212d0b0) at slot 0
03-27 10:53:35.032 V/component_tracker(  118): [unregister_component]: Clearing decoder at slot 0
03-27 10:53:35.032 D/brcm-vd (  118): [video_decoder__openmax_main]: thread exiting
03-27 10:53:35.032 D/KeyguardViewMediator(  378): setHidden false
03-27 10:53:35.032 W/ALooperRoster(  118): failed to deliver message. Target handler 115 registered, but object gone.
03-27 10:53:35.052 V/AudioFlinger(  118): presentationComplete() reset: mPresentationCompleteFrames 8180752 audioHalFrames 2064
03-27 10:53:35.122 V/AudioFlinger(  118): presentationComplete() session 45 complete: framesWritten 8181760
03-27 10:53:37.034 V/AudioFlinger(  118): releasing 45 from 3782
03-27 10:53:37.034 V/AudioFlinger(  118):  decremented refcount to 0
03-27 10:53:37.034 V/AudioFlinger(  118): purging stale effects
03-27 10:53:37.034 V/AudioPolicyManagerBase(  118): releaseOutput() 2
03-27 10:53:37.034 V/AudioFlinger(  118): remove track (4099) and delete from mixer
03-27 10:53:37.034 V/AudioFlinger(  118): PlaybackThread::Track destructor
03-27 10:53:37.034 V/AudioFlinger(  118): removeClient_l() pid 118, tid 340, calling tid 118
03-27 10:53:37.034 V/AudioFlinger(  118): releasing 45 from 118
03-27 10:53:37.034 V/AudioFlinger(  118):  decremented refcount to 0
03-27 10:53:37.034 V/AudioFlinger(  118): purging stale effects
03-27 10:53:38.045 V/AudioFlinger(  118): Audio hardware entering standby, mixer 0x40de3008, suspend count 0
03-27 10:53:38.075 I/AudioHardwareALSA(  118): dump.audio.pcm = OFF
03-27 10:53:38.075 V/AudioHardwareALSA(  118): Data Dump is disabled
03-27 10:53:38.075 V/AudioFlinger(  118): releaseWakeLock_l() AudioOut_2
03-27 10:53:38.075 V/AudioFlinger(  118): thread 0x40de3008 type 0 TID 338 going to sleep
03-27 10:53:41.008 V/Device  ( 3782): 192.168.1.3: state=3,will change to =3
03-27 10:53:41.008 E/apple   ( 3782): Client current:true
03-27 10:53:41.008 E/apple   ( 3782): Client current:false
03-27 10:53:41.008 D/OtORequestHandler( 3782): send request:103
03-27 10:53:41.008 D/OtORequestHandler( 3782): send DatagramPacket
03-27 10:53:41.048 V/OtORequestHandler( 3782): receive data from 192.168.1.3
03-27 10:53:41.048 D/OtORequestHandler( 3782): receive data 111111
03-27 10:53:41.048 V/OtORequest_apple( 3782): get command=103
03-27 10:53:41.048 V/OtORequest( 3782): parse OtORequest: cmd=103 paramLength=90 bufferlen=98
03-27 10:53:41.058 V/OtORequest( 3782): parse param: param={"Status":{"ReturnCode":101,"Description":"status sync failed"},"PlayStatus":0,"Volume":0}lume":0}
03-27 10:53:41.058 E/apple   ( 3782): OtOStatus request11 0
03-27 10:53:41.058 D/OtORequestHandler( 3782): receive data aaaaaaa:com.aidufei.protocol.oto.OtOStatusRequest@433faf08
03-27 10:53:41.058 D/OtORequestHandler( 3782): receive data 2222222
03-27 10:53:41.058 D/OtORequestHandler( 3782): receive data 3333333
03-27 10:53:41.058 V/OtODeviceAdapter( 3782): start handle data.
03-27 10:53:41.058 V/OtODeviceAdapter( 3782): onPlayStatusSync.
03-27 10:53:41.058 I/VideoPlayer( 3782): onGetStatus:
03-27 10:53:41.058 E/VideoPlayer( 3782): sync_failed_time:0
03-27 10:53:41.058 I/VideoPlayer( 3782): onGetVolume(volume):0
03-27 10:53:41.058 V/VideoPlayer( 3782): get volume failed:status sync failed
03-27 10:53:41.058 I/VideoPlayer( 3782): onGetPlayStatus:0
03-27 10:53:43.009 V/Device  ( 3782): 192.168.1.3: state=3,will change to =3
03-27 10:53:43.009 E/apple   ( 3782): Client current:true
03-27 10:53:43.009 E/apple   ( 3782): Client current:false
03-27 10:53:43.009 D/OtORequestHandler( 3782): send request:103
03-27 10:53:43.009 D/OtORequestHandler( 3782): send DatagramPacket
03-27 10:53:43.160 V/OtORequestHandler( 3782): receive data from 192.168.1.3
03-27 10:53:43.160 D/OtORequestHandler( 3782): receive data 111111
03-27 10:53:43.160 V/OtORequest_apple( 3782): get command=103
03-27 10:53:43.160 V/OtORequest( 3782): parse OtORequest: cmd=103 paramLength=90 bufferlen=98
03-27 10:53:43.160 V/OtORequest( 3782): parse param: param={"Status":{"ReturnCode":101,"Description":"status sync failed"},"PlayStatus":0,"Volume":0}lume":0}
03-27 10:53:43.160 E/apple   ( 3782): OtOStatus request11 0
03-27 10:53:43.160 D/OtORequestHandler( 3782): receive data aaaaaaa:com.aidufei.protocol.oto.OtOStatusRequest@42d7fcb8
03-27 10:53:43.160 D/OtORequestHandler( 3782): receive data 2222222
03-27 10:53:43.160 D/OtORequestHandler( 3782): receive data 3333333
03-27 10:53:43.160 V/OtODeviceAdapter( 3782): start handle data.
03-27 10:53:43.160 V/OtODeviceAdapter( 3782): onPlayStatusSync.
03-27 10:53:43.160 I/VideoPlayer( 3782): onGetStatus:
03-27 10:53:43.160 E/VideoPlayer( 3782): sync_failed_time:1
03-27 10:53:43.160 I/VideoPlayer( 3782): onGetVolume(volume):0
03-27 10:53:43.160 V/VideoPlayer( 3782): get volume failed:status sync failed
03-27 10:53:43.160 I/VideoPlayer( 3782): onGetPlayStatus:0
03-27 10:53:45.011 V/Device  ( 3782): 192.168.1.3: state=3,will change to =3
03-27 10:53:45.011 E/apple   ( 3782): Client current:true
03-27 10:53:45.011 E/apple   ( 3782): Client current:false
03-27 10:53:45.011 D/OtORequestHandler( 3782): send request:103
03-27 10:53:45.011 D/OtORequestHandler( 3782): send DatagramPacket
03-27 10:53:45.562 V/OtORequestHandler( 3782): receive data from 192.168.1.3
03-27 10:53:45.562 D/OtORequestHandler( 3782): receive data 111111
03-27 10:53:45.562 V/OtORequest_apple( 3782): get command=103
03-27 10:53:45.562 V/OtORequest( 3782): parse OtORequest: cmd=103 paramLength=90 bufferlen=98
03-27 10:53:45.562 V/OtORequest( 3782): parse param: param={"Status":{"ReturnCode":101,"Description":"status sync failed"},"PlayStatus":0,"Volume":0}lume":0}
03-27 10:53:45.562 E/apple   ( 3782): OtOStatus request11 0
03-27 10:53:45.562 D/OtORequestHandler( 3782): receive data aaaaaaa:com.aidufei.protocol.oto.OtOStatusRequest@4270c3c8
03-27 10:53:45.562 D/OtORequestHandler( 3782): receive data 2222222
03-27 10:53:45.562 D/OtORequestHandler( 3782): receive data 3333333
03-27 10:53:45.562 V/OtODeviceAdapter( 3782): start handle data.
03-27 10:53:45.562 V/OtODeviceAdapter( 3782): onPlayStatusSync.
03-27 10:53:45.562 I/VideoPlayer( 3782): onGetStatus:
03-27 10:53:45.562 E/VideoPlayer( 3782): sync_failed_time:2
03-27 10:53:45.562 I/VideoPlayer( 3782): onGetVolume(volume):0
03-27 10:53:45.562 V/VideoPlayer( 3782): get volume failed:status sync failed
03-27 10:53:45.562 I/VideoPlayer( 3782): onGetPlayStatus:0
03-27 10:53:47.013 V/Device  ( 3782): 192.168.1.3: state=3,will change to =3
03-27 10:53:47.013 E/apple   ( 3782): Client current:true
03-27 10:53:47.013 E/apple   ( 3782): Client current:false
03-27 10:53:47.013 D/OtORequestHandler( 3782): send request:103
03-27 10:53:47.013 D/OtORequestHandler( 3782): send DatagramPacket
03-27 10:53:49.005 V/Device  ( 3782): 192.168.1.3: state=3,will change to =3
03-27 10:53:49.005 E/apple   ( 3782): Client current:true
03-27 10:53:49.015 E/apple   ( 3782): Client current:false
03-27 10:53:49.015 D/OtORequestHandler( 3782): send request:103
03-27 10:53:49.015 D/OtORequestHandler( 3782): send DatagramPacket
03-27 10:53:49.035 V/OtORequestHandler( 3782): receive data from 192.168.1.3
03-27 10:53:49.035 D/OtORequestHandler( 3782): receive data 111111
03-27 10:53:49.035 V/OtORequest_apple( 3782): get command=103
03-27 10:53:49.035 V/OtORequest( 3782): parse OtORequest: cmd=103 paramLength=90 bufferlen=98
03-27 10:53:49.035 V/OtORequest( 3782): parse param: param={"Status":{"ReturnCode":101,"Description":"status sync failed"},"PlayStatus":0,"Volume":0}lume":0}
03-27 10:53:49.035 E/apple   ( 3782): OtOStatus request11 0
03-27 10:53:49.035 D/OtORequestHandler( 3782): receive data aaaaaaa:com.aidufei.protocol.oto.OtOStatusRequest@426f3740
03-27 10:53:49.035 D/OtORequestHandler( 3782): receive data 2222222
03-27 10:53:49.035 D/OtORequestHandler( 3782): receive data 3333333
03-27 10:53:49.035 V/OtODeviceAdapter( 3782): start handle data.
03-27 10:53:49.035 V/OtODeviceAdapter( 3782): onPlayStatusSync.
03-27 10:53:49.035 I/VideoPlayer( 3782): onGetStatus:
03-27 10:53:49.035 E/VideoPlayer( 3782): sync_failed_time:3
03-27 10:53:49.045 I/VideoPlayer( 3782): SYNC_STATUS_FAILED playType:2/sync_failed_time:0
03-27 10:53:49.045 I/VideoPlayer( 3782): onGetVolume(volume):0
03-27 10:53:49.045 V/VideoPlayer( 3782): get volume failed:status sync failed
03-27 10:53:49.045 I/VideoPlayer( 3782): onGetPlayStatus:0
03-27 10:53:49.055 D/VideoPlayer( 3782): handleTVtoPhonePlay
03-27 10:53:49.055 D/VideoPlayer( 3782): processOnResume:2
03-27 10:53:49.055 E/VideoPlayer( 3782): getPlayUrl--resourceCode:10032  playType:2  playTime:3000  delay:0  shifttime:0  shiftend:0  timecode:170  fmt:0  assetName:(96)  assetId:null  providerId:null  retryTimes:0
03-27 10:53:49.055 V/Test    ( 3782): fmt:0
03-27 10:53:49.055 D/Test    ( 3782): requestUrl  :http://wasu.feifeikan.com:8080/msis/getPlayURL?version=V001&terminalType=3&resolution=1280*720&resourceCode=10032&productCode=null&userCode=lylyly&playType=2&delay=0&shifttime=0&shiftend=0&timecode=170&authKey=6acf616591e023004439da863edaecae
03-27 10:53:49.065 D/KeyguardViewMediator(  378): setHidden false
03-27 10:53:49.095 I/brcm-gr ( 3782): [gralloc_lock]: new usage 0x933
03-27 10:53:49.115 D/KeyguardViewMediator(  378): setHidden false
03-27 10:53:49.276 E/Functions( 3782): getPlayUrl:
03-27 10:53:49.276 V/MediaControler( 3782): paly path:http://live.feifeikan.com/live/coship,CCTV1HD.m3u8?fmt=x264_0k_mpegts&sora=1&sk=E7CCB903DD1CDDE0F1A45FE8071AEB17&UUID=2ae152ad-8c26-4b4f-98fc-9924456502ac&userCode=lylyly&userName=lylyly&spCode=484581254562&productCode=2&resourceCode=10032&subId=123&resourceName=&authType=2
03-27 10:53:49.276 E/MediaControler( 3782): initMediaPlayer
03-27 10:53:49.276 V/AudioFlinger(  118): acquiring 46 from 3782
03-27 10:53:49.276 V/AudioFlinger(  118):  added new entry for 46
03-27 10:53:49.276 D/Test    ( 3782): requestUrl  :http://wasu.feifeikan.com:8080/msis/stopPlayNotify?version=V001&terminalType=3&resolution=1280*720&UUID=206bc5d2-865b-4180-a4dc-ba07dca296fd&authKey=0b465cf6c570e8ea9adda7ed8fdc59ed
03-27 10:53:49.476 D/MediaControler( 3782): setDataSource
03-27 10:53:49.476 D/MediaControler( 3782): setDisplay
03-27 10:53:49.476 D/MediaControler( 3782): start prepareAsync
03-27 10:53:49.476 D/VideoPlayer( 3782): UUID:2ae152ad-8c26-4b4f-98fc-9924456502ac
03-27 10:53:49.486 D/Test    ( 3782): requestUrl  :http://wasu.feifeikan.com:8080/msis/startPlayNotify?version=V001&terminalType=3&resolution=1280*720&UUID=2ae152ad-8c26-4b4f-98fc-9924456502ac&authKey=1fdfdc15da867c68654557bb9e520fc3
03-27 10:53:49.496 E/Functions( 3782): stopPlayNotify:
03-27 10:53:49.496 D/MediaControler( 3782): onVideoSizeChanged video width(0) or height(0)
03-27 10:53:49.496 E/MediaControler( 3782): invalid video width(0) or height(0)
03-27 10:53:49.496 V/MediaControler( 3782): onPrepared ok
03-27 10:53:49.496 D/MediaControler( 3782): start play
03-27 10:53:49.496 I/LiveSession(  118): onConnect 'http://live.feifeikan.com/live/coship,CCTV1HD.m3u8?fmt=x264_0k_mpegts&sora=1&sk=E7CCB903DD1CDDE0F1A45FE8071AEB17&UUID=2ae152ad-8c26-4b4f-98fc-9924456502ac&userCode=lylyly&userName=lylyly&spCode=484581254562&productCode=2&resourceCode=10032&subId=123&resourceName=&authType=2'
03-27 10:53:49.496 V/ChromiumHTTPDataSource(  118): connect on behalf of uid 10056
03-27 10:53:49.496 I/ChromiumHTTPDataSource(  118): connect to http://live.feifeikan.com/live/coship,CCTV1HD.m3u8?fmt=x264_0k_mpegts&sora=1&sk=E7CCB903DD1CDDE0F1A45FE8071AEB17&UUID=2ae152ad-8c26-4b4f-98fc-9924456502ac&userCode=lylyly&userName=lylyly&spCode=484581254562&productCode=2&resourceCode=10032&subId=123&resourceName=&authType=2 @0
03-27 10:53:49.646 D/KeyguardViewMediator(  378): setHidden false
03-27 10:53:49.646 D/KeyguardViewMediator(  378): setHidden false
03-27 10:53:49.736 V/ChromiumHTTPDataSource(  118): connect on behalf of uid 10056
03-27 10:53:49.746 I/ChromiumHTTPDataSource(  118): connect to http://live.feifeikan.com/live/hls/108.m3u8?fmt=x264_0k_mpegts&sora=1&sk=E7CCB903DD1CDDE0F1A45FE8071AEB17&UUID=2ae152ad-8c26-4b4f-98fc-9924456502ac&userCode=lylyly&userName=lylyly&spCode=484581254562&productCode=2&resourceCode=10032&subId=123&resourceName=&authType=2 @0
03-27 10:53:49.936 V/ChromiumHTTPDataSource(  118): connect on behalf of uid 10056
03-27 10:53:49.936 I/ChromiumHTTPDataSource(  118): connect to http://live.feifeikan.com/live/hls/108?slice=048189 @0
03-27 10:53:50.997 E/VideoPlayer( 3782): onPlayStart-playType:2
03-27 10:53:51.007 I/Choreographer( 3782): Skipped 90 frames!  The application may be doing too much work on its main thread.
03-27 10:53:51.017 E/Functions( 3782): startPlayNotify:
03-27 10:53:51.057 D/KeyguardViewMediator(  378): setHidden false
03-27 10:53:51.598 D/KeyguardViewMediator(  378): setHidden false
03-27 10:53:51.608 D/KeyguardViewMediator(  378): setHidden false
03-27 10:53:51.608 D/KeyguardViewMediator(  378): setHidden false
03-27 10:53:52.008 V/MediaControler( 3782): getCurrentPos:0
03-27 10:53:52.008 E/VideoPlayer( 3782): delay:0
03-27 10:53:52.919 V/ChromiumHTTPDataSource(  118): connect on behalf of uid 10056
03-27 10:53:52.929 I/ChromiumHTTPDataSource(  118): connect to http://live.feifeikan.com/live/hls/108?slice=048190 @0
03-27 10:53:52.959 I/avc_utils(  118): found AVC codec config (960 x 540, High-profile level 5.1)
03-27 10:53:52.969 D/stagefright_omx_plugin(  118): makeComponentInstance ( OMX.BRCM.vc4.decoder.avc )
03-27 10:53:52.969 V/component_tracker(  118): [register_component]: Adding decoder (0x4718af40) at 0, w:0 h:0
03-27 10:53:52.969 I/brcm-vd (  118): [video_decoder_create_component_internal]: making a component of type vc.video_decode
03-27 10:53:52.969 D/brcm-vd (  118): [video_decoder_create_component_internal]: created with event
03-27 10:53:52.969 D/stagefright_omx_plugin(  118): video_decoder_create_component ( 0 )
03-27 10:53:52.969 D/brcm-vd (  118): [video_decoder__GetParameter]: format [in] = 7, 0, 0
03-27 10:53:52.969 D/brcm-vd (  118): [video_decoder__SetParameter]: format [in] = 7, 0, 0, mmal fmt H264
03-27 10:53:52.969 D/brcm-vd (  118): [video_decoder__GetParameter]: format [out] = 0, 19, 0
03-27 10:53:52.969 D/brcm-vd (  118): video_decoder__SetParameter:1839: mapped color format 13 to mmal I420
03-27 10:53:52.969 D/brcm-vd (  118): [video_decoder__SetParameter]: format [out] = 0, 19, 0, mmal fmt I420
03-27 10:53:52.969 D/brcm-vd (  118): [video_decoder__GetParameter]: port-def [in] = 2048/2048, 5/1, 7, 0, 0x0/0x0
03-27 10:53:52.969 D/brcm-vd (  118): [video_decoder__SetParameter]: port-def [in] = increasing buffer size 2048 -> 518400, for 5 element(s)
03-27 10:53:52.969 D/brcm-vd (  118): [video_decoder__SetParameter]: port-def [in] = 518400/2048, 5/1, [7, 0] (H264), 960x540/0x0
03-27 10:53:52.969 V/component_tracker(  118): [register_component]: Updating decoder (0x4718af40) at 0, was w:0 h:0 now w:960 h:540
03-27 10:53:52.979 D/brcm-vd (  118): [video_decoder__GetParameter]: port-def [out] = 783360/783360, 4/1, 0, 19, 960x544/960x544
03-27 10:53:52.979 D/brcm-vd (  118): video_decoder__SetParameter:1903: mapped color format 13 to mmal I420
03-27 10:53:52.979 D/brcm-vd (  118): [video_decoder__SetParameter]: port-def [out] = 783360/783360, 4/1, [0, 19] (I420), 960x540/960x544
03-27 10:53:52.979 V/component_tracker(  118): [register_component]: Updating decoder (0x4718af40) at 0, was w:960 h:540 now w:960 h:540
03-27 10:53:52.979 E/brcm-vd (  118): [video_decoder__SetParameter]: updated mmal decoder output format to OPQV
03-27 10:53:52.979 D/brcm-vd (  118): [video_decoder__SetParameter]: enable-native-window [out] = YES
03-27 10:53:52.979 D/brcm-vd (  118): [video_decoder__GetParameter]: port-def [in] = 518400/2048, 5/1, 7, 0, 960x544/0x544
03-27 10:53:52.979 D/brcm-vd (  118): [video_decoder__UseBuffer]: allocated 0x4199be80, 0x614ad000(518400) input port
03-27 10:53:52.979 D/brcm-vd (  118): [video_decoder__UseBuffer]: allocated 0x425ddaf0, 0x6152b900(518400) input port
03-27 10:53:52.979 D/brcm-vd (  118): [video_decoder__UseBuffer]: allocated 0x44e3e0c0, 0x615aa200(518400) input port
03-27 10:53:52.979 D/brcm-vd (  118): [video_decoder__UseBuffer]: allocated 0x45cdff10, 0x61628b00(518400) input port
03-27 10:53:52.979 D/brcm-vd (  118): [video_decoder__UseBuffer]: allocated 0x42144f60, 0x616a7400(518400) input port
03-27 10:53:52.979 D/brcm-vd (  118): [video_decoder__GetParameter]: port-def [out] = 64/64, 4/3, 0, 258, 960x540/0x0
03-27 10:53:52.979 D/brcm-vd (  118): [video_decoder__GetParameter]: get-android-native-buf-usage [out] = 0x0
03-27 10:53:52.979 D/brcm-vd (  118): video_decoder__SetParameter:1903: mapped color format 102 to mmal OPQV
03-27 10:53:52.979 D/brcm-vd (  118): [video_decoder__SetParameter]: port-def [out] = 64/64, 5/3, [0, 258] (OPQV), 960x540/0x0
03-27 10:53:52.979 V/component_tracker(  118): [register_component]: Updating decoder (0x4718af40) at 0, was w:960 h:540 now w:960 h:540
03-27 10:53:52.999 I/BRCM-OMX(  118): [OMX.brcm.audio.aac.decoder]:OMX_BaseComponentSync: SYNC interface
03-27 10:53:52.999 I/BRCM-OMX(  118): [OMX.brcm.audio.aac.decoder]:startCommandHandler: Started commandHandler thread...
03-27 10:53:52.999 I/BRCM-OMX(  118): [OMX.brcm.audio.aac.decoder]:startCodecSyncHandler: Started CodecSyncHandler thread...
03-27 10:53:52.999 D/brcm-vd (  118): [video_decoder__GetParameter]: port-def [out] = 64/64, 5/3, 0, 258, 960x544/0x544
03-27 10:53:52.999 D/brcm-vd (  118): [video_decoder__UseBuffer]: locating 0 returns 0x80000016, output port
03-27 10:53:52.999 D/brcm-vd (  118): [video_decoder__UseBuffer]: allocated 0x5a66de90, 0x45de2e60(783360) output port
03-27 10:53:52.999 I/BRCM-OMX(  118): [OMX.brcm.audio.aac.decoder]:setVendorExtParamHandler: index <OMX_IndexEnableNativeBuffers>, portIdx <1> enable <0>
03-27 10:53:52.999 D/brcm-vd (  118): [video_decoder__GetParameter]: port-def [out] = 64/64, 5/3, 0, 258, 960x544/0x544
03-27 10:53:52.999 W/BRCM-OMXAudioPort(  118): [OMX.brcm.audio.aac.decoder]:isPopulated: PORT-0,  Populated state <0>
03-27 10:53:52.999 D/brcm-vd (  118): [video_decoder__UseBuffer]: locating 0 returns 0x8000000b, output port
03-27 10:53:52.999 D/brcm-vd (  118): [video_decoder__UseBuffer]: allocated 0x45cdfe20, 0x45f85d88(783360) output port
03-27 10:53:52.999 W/BRCM-OMXAudioPort(  118): [OMX.brcm.audio.aac.decoder]:isPopulated: PORT-0,  Populated state <1>
03-27 10:53:52.999 W/BRCM-OMXAudioPort(  118): [OMX.brcm.audio.aac.decoder]:isPopulated: PORT-1,  Populated state <0>
03-27 10:53:52.999 W/BRCM-OMXAudioPort(  118): [OMX.brcm.audio.aac.decoder]:isPopulated: PORT-1,  Populated state <1>
03-27 10:53:52.999 I/BRCM-OMX(  118): [OMX.brcm.audio.aac.decoder]:startBufferHandler: Started BufferHandler thread-0...
03-27 10:53:52.999 D/brcm-vd (  118): [video_decoder__GetParameter]: port-def [out] = 64/64, 5/3, 0, 258, 960x544/0x544
03-27 10:53:52.999 D/brcm-vd (  118): [video_decoder__UseBuffer]: locating 0 returns 0x80000019, output port
03-27 10:53:52.999 D/brcm-vd (  118): [video_decoder__UseBuffer]: allocated 0x425ddc80, 0x45d50c70(783360) output port
03-27 10:53:52.999 I/BRCM-OMX(  118): [OMX.brcm.audio.aac.decoder]:startBufferHandler: Started BufferHandler thread-1...
03-27 10:53:52.999 D/brcm-vd (  118): [video_decoder__GetParameter]: port-def [out] = 64/64, 5/3, 0, 258, 960x544/0x544
03-27 10:53:52.999 D/brcm-vd (  118): [video_decoder__UseBuffer]: locating 0 returns 0x80000014, output port
03-27 10:53:52.999 D/brcm-vd (  118): [video_decoder__UseBuffer]: allocated 0x52945c60, 0x425ddde0(783360) output port
03-27 10:53:52.999 D/brcm-vd (  118): [video_decoder__GetParameter]: port-def [out] = 64/64, 5/3, 0, 258, 960x544/0x544
03-27 10:53:52.999 D/brcm-vd (  118): [video_decoder__UseBuffer]: locating 0 returns 0x80000005, output port
03-27 10:53:52.999 D/brcm-vd (  118): [video_decoder__UseBuffer]: allocated 0x425dd830, 0x4e198c48(783360) output port
03-27 10:53:52.999 D/brcm-vd (  118): [video_decoder__enable_ports]: enable MMAL ports
03-27 10:53:52.999 W/BRCM-OMX(  118): [OMX.brcm.audio.aac.decoder]:processHeader: dec header consumed only 0 bytes, discarding 2 bytes
03-27 10:53:52.999 I/BRCM-OMX(  118): [OMX.brcm.audio.aac.decoder]:processHeader: sample rate [48000] does not match with codec sample rate [0]
03-27 10:53:52.999 I/BRCM-OMX(  118): [OMX.brcm.audio.aac.decoder]:processHeader: channels [2] does not match with codec channels [0]
03-27 10:53:52.999 I/BRCM-OMX(  118): [OMX.brcm.audio.aac.decoder]:processFlush: Process Flush in Base Auio Dec triggers reset on the codec API
03-27 10:53:52.999 E/HEAAC_DEC_API(  118): Error in AACDEC_Parser
03-27 10:53:53.009 D/AudioPolicyManagerALSA(  118): mFmRadioStatus=0,mFmRadioSinkDev=4,device2=0
03-27 10:53:53.009 V/AudioPolicyManagerBase(  118): getOutput() stream 3, samplingRate 0, format 0, channelMask 3, flags 0
03-27 10:53:53.009 V/AudioPolicyManagerBase(  118): getOutput() returns output 2
03-27 10:53:53.009 D/AudioPolicyManagerALSA(  118): mFmRadioStatus=0,mFmRadioSinkDev=4,device2=0
03-27 10:53:53.009 V/AudioPolicyManagerBase(  118): getOutput() stream 3, samplingRate 0, format 0, channelMask 3, flags 0
03-27 10:53:53.009 V/AudioPolicyManagerBase(  118): getOutput() returns output 2
03-27 10:53:53.009 D/AudioPolicyManagerALSA(  118): mFmRadioStatus=0,mFmRadioSinkDev=4,device2=0
03-27 10:53:53.009 V/AudioPolicyManagerBase(  118): getOutput() stream 3, samplingRate 48000, format 1, channelMask 3, flags 0
03-27 10:53:53.009 V/AudioPolicyManagerBase(  118): getOutput() returns output 2
03-27 10:53:53.009 V/AudioFlinger(  118): createTrack() sessionId: 46
03-27 10:53:53.009 V/AudioFlinger(  118): createTrack() lSessionId: 46
03-27 10:53:53.009 D/brcm-vd (  118): [video_decoder__check_complete]: state changing completed
03-27 10:53:53.009 D/brcm-vd (  118): [video_decoder__openmax_main]: state changed ( 0, 3 )
03-27 10:53:53.009 V/AudioFlinger(  118): Track constructor name 4099, calling pid 118
03-27 10:53:53.009 V/AudioFlinger(  118): acquiring 46 from 118
03-27 10:53:53.009 V/AudioFlinger(  118):  added new entry for 46
03-27 10:53:53.009 D/AudioPolicyManagerALSA(  118): mFmRadioStatus=0,mFmRadioSinkDev=4,device2=0
03-27 10:53:53.009 V/AudioPolicyManagerBase(  118): getOutput() stream 3, samplingRate 0, format 0, channelMask 3, flags 0
03-27 10:53:53.009 V/AudioPolicyManagerBase(  118): getOutput() returns output 2
03-27 10:53:53.009 V/AudioFlinger(  118): start(4099), calling pid 118 session 46
03-27 10:53:53.009 V/AudioFlinger(  118): ? => ACTIVE (4099) on thread 0x425dd960
03-27 10:53:53.009 V/AudioPolicyManagerBase(  118): startOutput() output 2, stream 3, session 46
03-27 10:53:53.009 V/AudioPolicyManagerBase(  118): changeRefCount() stream 3, count 1
03-27 10:53:53.009 D/AudioPolicyManagerALSA(  118): mFmRadioStatus=0,mFmRadioSinkDev=4,device2=0
03-27 10:53:53.009 V/AudioPolicyManagerBase(  118): setOutputDevice() output 2 device 0002 delayMs 0
03-27 10:53:53.009 V/AudioPolicyManagerBase(  118): setOutputDevice() prevDevice 0002
03-27 10:53:53.009 D/AudioPolicyManagerALSA(  118): mFmRadioStatus=0,mFmRadioSinkDev=4,device2=0
03-27 10:53:53.009 D/AudioPolicyManagerALSA(  118): mFmRadioStatus=0,mFmRadioSinkDev=4,device2=0
03-27 10:53:53.009 D/AudioPolicyManagerALSA(  118): mFmRadioStatus=0,mFmRadioSinkDev=4,device2=0
03-27 10:53:53.009 D/AudioPolicyManagerALSA(  118): mFmRadioStatus=0,mFmRadioSinkDev=4,device2=0
03-27 10:53:53.009 D/AudioPolicyManagerALSA(  118): mFmRadioStatus=0,mFmRadioSinkDev=4,device2=0
