D/WifiHW  (  938): ctl.start daemon_cmd = mrl_supplicant:-iwlan0 -c/data/misc/wifi/wpa_supplicant.conf
I/wpa_supplicant( 4420): rfkill: Cannot open RFKILL control device
E/wpa_supplicant( 4420): Could not read interface wlan0 flags: No such device
E/wpa_supplicant( 4420): Could not read interface wlan0 flags: No such device
E/wpa_supplicant( 4420): Could not read interface wlan0 flags: No such device
E/wpa_supplicant( 4420): Could not read interface wlan0 flags: No such device
E/wpa_supplicant( 4420): Could not read interface wlan0 flags: No such device
E/wpa_supplicant( 4420): Could not read interface wlan0 flags: No such device
E/wpa_supplicant( 4420): Could not read interface wlan0 flags: No such device
E/wpa_supplicant( 4420): Could not read interface wlan0 flags: No such device
E/wpa_supplicant( 4420): Could not read interface wlan0 flags: No such device
E/wpa_supplicant( 4420): Could not read interface wlan0 flags: No such device
E/wpa_supplicant( 4420): Could not read interface wlan0 flags: No such device
E/wpa_supplicant( 4420): nl80211: Could not set interface 'wlan0' UP
E/wpa_supplicant( 4420): wlan0: Failed to initialize driver interface
D/MonitorCw880( 4220): currentRemoteHost is null ,continue
D/MonitorCw880( 4220): currentRemoteHost is null ,continue
I/CheckinService( 1336): Preparing to send checkin request
I/EventLogService( 1336): Accumulating logs since 1364376624869
D/dalvikvm( 1336): GC_CONCURRENT freed 542K, 65% free 2399K/6787K, paused 2ms+10ms
W/CheckinRequestBuilder( 1336): Unknown phone type: 0 id=null
I/CheckinTask( 1336): Sending checkin request (1011 bytes)
E/CheckinTask( 1336): Checkin failed: https://android.clients.google.com/checkin (request #0)
E/CheckinTask( 1336): java.io.IOException: Rejected response from server: HTTP/1.1 400 invalid hardware identifier: "000000000000" is not a valid MAC address (expect 12 hex digits)
E/CheckinTask( 1336):   at com.google.android.gsf.checkin.CheckinTask.parseResponse(CheckinTask.java:313)
E/CheckinTask( 1336):   at com.google.android.gsf.checkin.CheckinTask.sendRequest(CheckinTask.java:261)
E/CheckinTask( 1336):   at com.google.android.gsf.checkin.CheckinTask.doInBackground(CheckinTask.java:150)
E/CheckinTask( 1336):   at com.google.android.gsf.checkin.CheckinService$1.doInBackground(CheckinService.java:221)
E/CheckinTask( 1336):   at com.google.android.gsf.checkin.CheckinService$1.doInBackground(CheckinService.java:214)
E/CheckinTask( 1336):   at android.os.AsyncTask$2.call(AsyncTask.java:264)
E/CheckinTask( 1336):   at java.util.concurrent.FutureTask$Sync.innerRun(FutureTask.java:305)
E/CheckinTask( 1336):   at java.util.concurrent.FutureTask.run(FutureTask.java:137)
E/CheckinTask( 1336):   at java.util.concurrent.ThreadPoolExecutor.runWorker(ThreadPoolExecutor.java:1076)
E/CheckinTask( 1336):   at java.util.concurrent.ThreadPoolExecutor$Worker.run(ThreadPoolExecutor.java:569)
E/CheckinTask( 1336):   at java.lang.Thread.run(Thread.java:856)
E/WifiHW  (  938): Supplicant not running, cannot connect
D/MonitorCw880( 4220): currentRemoteHost is null ,continue
E/WifiHW  (  938): Supplicant not running, cannot connect
E/WifiHW  (  938): Supplicant not running, cannot connect
D/dalvikvm(  938): GC_CONCURRENT freed 764K, 65% free 3835K/10883K, paused 2ms+4ms
E/WifiHW  (  938): Supplicant not running, cannot connect
E/WifiHW  (  938): Supplicant not running, cannot connect
E/WifiStateMachine(  938): Failed 6 times to start supplicant, unload driver
E/WifiHW  (  734): wifi_change_fw_path: STA
D/SoftapController(  734): Softap fwReload - Ok
W/CommandListener(  734): Failed to retrieve HW addr for wlan0 (No such device)
D/NetworkManagementService(  938): rsp <213 00:00:00:00:00:00 0.0.0.0 0 [down]>
D/CommandListener(  734): Setting iface cfg
E/WifiStateMachine(  938): Unable to change interface settings: java.lang.IllegalStateException: Unable to communicate with native daemon to interface setcfg - com.android.server.NativeDaemonConnectorException: Cmd {interface setcfg wlan0 0.0.0.0 0 [down]} failed with code 400 : {Failed to set address (No such device)}
D/WifiHW  (  938): config_file = /data/misc/wifi/wpa_supplicant.conf
D/WifiHW  (  938): ctl.start daemon_cmd = mrl_supplicant:-iwlan0 -c/data/misc/wifi/wpa_supplicant.conf
D/NetworkManagementService(  938): flags <[down]>
I/wpa_supplicant( 4468): rfkill: Cannot open RFKILL control device
E/wpa_supplicant( 4468): Could not read interface wlan0 flags: No such device
E/wpa_supplicant( 4468): Could not read interface wlan0 flags: No such device
E/wpa_supplicant( 4468): Could not read interface wlan0 flags: No such device
E/wpa_supplicant( 4468): Could not read interface wlan0 flags: No such device
E/wpa_supplicant( 4468): Could not read interface wlan0 flags: No such device
E/wpa_supplicant( 4468): Could not read interface wlan0 flags: No such device
E/wpa_supplicant( 4468): Could not read interface wlan0 flags: No such device
E/wpa_supplicant( 4468): Could not read interface wlan0 flags: No such device
E/wpa_supplicant( 4468): Could not read interface wlan0 flags: No such device
E/wpa_supplicant( 4468): Could not read interface wlan0 flags: No such device
E/wpa_supplicant( 4468): Could not read interface wlan0 flags: No such device
E/wpa_supplicant( 4468): nl80211: Could not set interface 'wlan0' UP
E/wpa_supplicant( 4468): wlan0: Failed to initialize driver interface
D/MonitorCw880( 4220): currentRemoteHost is null ,continue
I/JM_APPPOSTER( 1815): V1.22pu
E/JM_APPPOSTER( 1815): getVersionName:2.2.2
E/JM_APPPOSTER( 1815): getChannel:300190
W/Settings( 1815): Setting android_id has moved from android.provider.Settings.System to android.provider.Settings.Secure, returning read-only value.
I/JM_APPPOSTER( 1815): 13163504f620a3b4
W/JM_APPPOSTER( 1815): http://118.126.4.5:7500/AppManager/index.php/AppPoster/mgPush/getPush
I/JM_APPPOSTER( 1815): http://118.126.4.5:7500/AppManager/index.php/AppPoster/mgPush/getPush
D/MonitorCw880( 4220): currentRemoteHost is null ,continue
I/NetworkConnect( 2006): //////@Override//////@Override//////@Override//////@Override//////@Override//////@Override//////@Override//////@Override
I/NetworkConnect( 2006): Execute command :ping -c 1 -w 100 www.baidu.com
I/NetworkConnect( 2006): //////@Override//////@Override//////@Override//////@Override//////@Override//////@Override//////@Override//////@Override0
I/System  ( 2006): Failed to destroy process 4495
I/System  ( 2006): libcore.io.ErrnoException: kill failed: ESRCH (No such process)
I/System  ( 2006):      at libcore.io.Posix.kill(Native Method)
I/System  ( 2006):      at libcore.io.ForwardingOs.kill(ForwardingOs.java:77)
I/System  ( 2006):      at java.lang.ProcessManager$ProcessImpl.destroy(ProcessManager.java:257)
I/System  ( 2006):      at com.coship.dvbsetting.netsetting.quicksetservice.NetworkConnect.execueteCommand(NetworkConnect.java:167)
I/System  ( 2006):      at com.coship.dvbsetting.netsetting.quicksetservice.NetworkConnect.CheckNet(NetworkConnect.java:70)
I/System  ( 2006):      at com.coship.dvbsetting.netsetting.StateSet$2.run(StateSet.java:458)
I/System  ( 2006):      at java.lang.Thread.run(Thread.java:856)
I/StateSet( 2006): -------you xian-----tv_Ip=192.168.0.142
E/WifiHW  (  938): Supplicant not running, cannot connect
D/MonitorCw880( 4220): currentRemoteHost is null ,continue
E/WifiHW  (  938): Supplicant not running, cannot connect
E/WifiHW  (  938): Supplicant not running, cannot connect
D/WifiHW  (  938): is_wifi_device_exist
E/WifiHW  (  938): get_wifi_device_num is 1
V/HighSet_WirlessNetwork( 2006): !!!!!!!!!<init>  wifi is colose !!!!!!! open wifi
E/WifiHW  (  938): Supplicant not running, cannot connect
E/WifiHW  (  938): Supplicant not running, cannot connect
E/WifiStateMachine(  938): Failed to setup control channel, restart supplicant
E/WifiHW  (  734): wifi_change_fw_path: STA
D/SoftapController(  734): Softap fwReload - Ok
W/CommandListener(  734): Failed to retrieve HW addr for wlan0 (No such device)
D/NetworkManagementService(  938): rsp <213 00:00:00:00:00:00 0.0.0.0 0 [down]>
D/NetworkManagementService(  938): flags <[down]>
D/CommandListener(  734): Setting iface cfg
E/WifiStateMachine(  938): Unable to change interface settings: java.lang.IllegalStateException: Unable to communicate with native daemon to interface setcfg - com.android.server.NativeDaemonConnectorException: Cmd {interface setcfg wlan0 0.0.0.0 0 [down]} failed with code 400 : {Failed to set address (No such device)}
D/WifiHW  (  938): config_file = /data/misc/wifi/wpa_supplicant.conf
D/WifiHW  (  938): ctl.start daemon_cmd = mrl_supplicant:-iwlan0 -c/data/misc/wifi/wpa_supplicant.conf
E/WifiHW  (  938): wpa_ctrl_open failed 9 :No such file or directory
I/wpa_supplicant( 4519): rfkill: Cannot open RFKILL control device
E/wpa_supplicant( 4519): Could not read interface wlan0 flags: No such device
E/wpa_supplicant( 4519): Could not read interface wlan0 flags: No such device
E/wpa_supplicant( 4519): Could not read interface wlan0 flags: No such device
E/wpa_supplicant( 4519): Could not read interface wlan0 flags: No such device
E/wpa_supplicant( 4519): Could not read interface wlan0 flags: No such device
E/wpa_supplicant( 4519): Could not read interface wlan0 flags: No such device
E/wpa_supplicant( 4519): Could not read interface wlan0 flags: No such device
E/wpa_supplicant( 4519): Could not read interface wlan0 flags: No such device
E/wpa_supplicant( 4519): Could not read interface wlan0 flags: No such device
E/wpa_supplicant( 4519): Could not read interface wlan0 flags: No such device
E/wpa_supplicant( 4519): Could not read interface wlan0 flags: No such device
E/wpa_supplicant( 4519): nl80211: Could not set interface 'wlan0' UP
E/wpa_supplicant( 4519): wlan0: Failed to initialize driver interface
D/MonitorCw880( 4220): currentRemoteHost is null ,continue
D/MonitorCw880( 4220): currentRemoteHost is null ,continue
E/WifiHW  (  938): Supplicant not running, cannot connect
D/MonitorCw880( 4220): currentRemoteHost is null ,continue
E/WifiHW  (  938): Supplicant not running, cannot connect
I/JM_APPPOSTER( 1815): 获取用户Id:13163504f620a3b4
I/JM_APPPOSTER( 1815): 获取广告信息:
E/WifiHW  (  938): Supplicant not running, cannot connect
E/WifiHW  (  938): Supplicant not running, cannot connect
E/WifiHW  (  938): Supplicant not running, cannot connect
E/WifiStateMachine(  938): Failed to setup control channel, restart supplicant
E/WifiHW  (  734): wifi_change_fw_path: STA
D/SoftapController(  734): Softap fwReload - Ok
W/CommandListener(  734): Failed to retrieve HW addr for wlan0 (No such device)
D/CommandListener(  734): Setting iface cfg
D/NetworkManagementService(  938): rsp <213 00:00:00:00:00:00 0.0.0.0 0 [down]>
D/NetworkManagementService(  938): flags <[down]>
E/WifiStateMachine(  938): Unable to change interface settings: java.lang.IllegalStateException: Unable to communicate with native daemon to interface setcfg - com.android.server.NativeDaemonConnectorException: Cmd {interface setcfg wlan0 0.0.0.0 0 [down]} failed with code 400 : {Failed to set address (No such device)}
D/WifiHW  (  938): config_file = /data/misc/wifi/wpa_supplicant.conf
D/WifiHW  (  938): ctl.start daemon_cmd = mrl_supplicant:-iwlan0 -c/data/misc/wifi/wpa_supplicant.conf
I/wpa_supplicant( 4565): rfkill: Cannot open RFKILL control device
E/wpa_supplicant( 4565): Could not read interface wlan0 flags: No such device
E/wpa_supplicant( 4565): Could not read interface wlan0 flags: No such device
E/wpa_supplicant( 4565): Could not read interface wlan0 flags: No such device
E/wpa_supplicant( 4565): Could not read interface wlan0 flags: No such device
E/wpa_supplicant( 4565): Could not read interface wlan0 flags: No such device
E/wpa_supplicant( 4565): Could not read interface wlan0 flags: No such device
E/wpa_supplicant( 4565): Could not read interface wlan0 flags: No such device
E/wpa_supplicant( 4565): Could not read interface wlan0 flags: No such device
E/wpa_supplicant( 4565): Could not read interface wlan0 flags: No such device
E/wpa_supplicant( 4565): Could not read interface wlan0 flags: No such device
E/wpa_supplicant( 4565): Could not read interface wlan0 flags: No such device
E/wpa_supplicant( 4565): nl80211: Could not set interface 'wlan0' UP
E/wpa_supplicant( 4565): wlan0: Failed to initialize driver interface
D/MonitorCw880( 4220): currentRemoteHost is null ,continue
D/dalvikvm( 1745): GC_CONCURRENT freed 1951K, 48% free 10693K/20355K, paused 3ms+5ms
D/MonitorCw880( 4220): currentRemoteHost is null ,continue
E/WifiHW  (  938): Supplicant not running, cannot connect
D/MonitorCw880( 4220): currentRemoteHost is null ,continue
E/WifiHW  (  938): Supplicant not running, cannot connect
E/WifiHW  (  938): Supplicant not running, cannot connect
E/WifiHW  (  938): Supplicant not running, cannot connect
E/WifiHW  (  938): Supplicant not running, cannot connect
E/WifiStateMachine(  938): Failed to setup control channel, restart supplicant
E/WifiHW  (  734): wifi_change_fw_path: STA
D/SoftapController(  734): Softap fwReload - Ok
W/CommandListener(  734): Failed to retrieve HW addr for wlan0 (No such device)
D/CommandListener(  734): Setting iface cfg
E/WifiStateMachine(  938): Unable to change interface settings: java.lang.IllegalStateException: Unable to communicate with native daemon to interface setcfg - com.android.server.NativeDaemonConnectorException: Cmd {interface setcfg wlan0 0.0.0.0 0 [down]} failed with code 400 : {Failed to set address (No such device)}
D/NetworkManagementService(  938): rsp <213 00:00:00:00:00:00 0.0.0.0 0 [down]>
D/NetworkManagementService(  938): flags <[down]>
D/WifiHW  (  938): config_file = /data/misc/wifi/wpa_supplicant.conf
D/WifiHW  (  938): ctl.start daemon_cmd = mrl_supplicant:-iwlan0 -c/data/misc/wifi/wpa_supplicant.conf
I/wpa_supplicant( 4611): rfkill: Cannot open RFKILL control device
E/wpa_supplicant( 4611): Could not read interface wlan0 flags: No such device
E/wpa_supplicant( 4611): Could not read interface wlan0 flags: No such device
E/wpa_supplicant( 4611): Could not read interface wlan0 flags: No such device
E/wpa_supplicant( 4611): Could not read interface wlan0 flags: No such device
E/wpa_supplicant( 4611): Could not read interface wlan0 flags: No such device
E/wpa_supplicant( 4611): Could not read interface wlan0 flags: No such device
E/wpa_supplicant( 4611): Could not read interface wlan0 flags: No such device
E/wpa_supplicant( 4611): Could not read interface wlan0 flags: No such device
E/wpa_supplicant( 4611): Could not read interface wlan0 flags: No such device
E/wpa_supplicant( 4611): Could not read interface wlan0 flags: No such device
E/wpa_supplicant( 4611): Could not read interface wlan0 flags: No such device
E/wpa_supplicant( 4611): nl80211: Could not set interface 'wlan0' UP
E/wpa_supplicant( 4611): wlan0: Failed to initialize driver interface
D/MonitorCw880( 4220): currentRemoteHost is null ,continue
D/MonitorCw880( 4220): currentRemoteHost is null ,continue
E/WifiHW  (  938): Supplicant not running, cannot connect
D/MonitorCw880( 4220): currentRemoteHost is null ,continue
E/WifiHW  (  938): Supplicant not running, cannot connect
E/WifiHW  (  938): Supplicant not running, cannot connect
E/WifiHW  (  938): Supplicant not running, cannot connect
E/WifiHW  (  938): Supplicant not running, cannot connect
E/WifiStateMachine(  938): Failed to setup control channel, restart supplicant
E/WifiHW  (  734): wifi_change_fw_path: STA
D/SoftapController(  734): Softap fwReload - Ok
W/CommandListener(  734): Failed to retrieve HW addr for wlan0 (No such device)
D/CommandListener(  734): Setting iface cfg
E/WifiStateMachine(  938): Unable to change interface settings: java.lang.IllegalStateException: Unable to communicate with native daemon to interface setcfg - com.android.server.NativeDaemonConnectorException: Cmd {interface setcfg wlan0 0.0.0.0 0 [down]} failed with code 400 : {Failed to set address (No such device)}
D/WifiHW  (  938): config_file = /data/misc/wifi/wpa_supplicant.conf
D/WifiHW  (  938): ctl.start daemon_cmd = mrl_supplicant:-iwlan0 -c/data/misc/wifi/wpa_supplicant.conf
D/NetworkManagementService(  938): rsp <213 00:00:00:00:00:00 0.0.0.0 0 [down]>
D/NetworkManagementService(  938): flags <[down]>
I/wpa_supplicant( 4657): rfkill: Cannot open RFKILL control device
E/wpa_supplicant( 4657): Could not read interface wlan0 flags: No such device
E/wpa_supplicant( 4657): Could not read interface wlan0 flags: No such device
E/wpa_supplicant( 4657): Could not read interface wlan0 flags: No such device
E/wpa_supplicant( 4657): Could not read interface wlan0 flags: No such device
E/wpa_supplicant( 4657): Could not read interface wlan0 flags: No such device
E/wpa_supplicant( 4657): Could not read interface wlan0 flags: No such device
E/wpa_supplicant( 4657): Could not read interface wlan0 flags: No such device
E/wpa_supplicant( 4657): Could not read interface wlan0 flags: No such device
E/wpa_supplicant( 4657): Could not read interface wlan0 flags: No such device
E/wpa_supplicant( 4657): Could not read interface wlan0 flags: No such device
E/wpa_supplicant( 4657): Could not read interface wlan0 flags: No such device
E/wpa_supplicant( 4657): nl80211: Could not set interface 'wlan0' UP
E/wpa_supplicant( 4657): wlan0: Failed to initialize driver interface
D/MonitorCw880( 4220): currentRemoteHost is null ,continue
D/dalvikvm(  938): GC_CONCURRENT freed 732K, 65% free 3833K/10883K, paused 2ms+4ms
D/MonitorCw880( 4220): currentRemoteHost is null ,continue
E/WifiHW  (  938): Supplicant not running, cannot connect
E/BluetoothService.cpp(  938): stopDiscoveryNative: D-Bus error in StopDiscovery: org.bluez.Error.Failed (Invalid discovery session)
E/BluetoothService.cpp(  938): stopDiscoveryNative: D-Bus error in StopDiscovery: org.bluez.Error.Failed (Invalid discovery session)
V/TabletStatusBar( 1187): setLightsOn(true)
D/MonitorCw880( 4220): currentRemoteHost is null ,continue
D/InputEventConsistencyVerifier( 2006): KeyEvent: ACTION_UP but key was not down.
D/InputEventConsistencyVerifier( 2006):   in Handler (android.view.ViewRootImpl) {416bc420}
D/InputEventConsistencyVerifier( 2006):   0: sent at 2031530000000, KeyEvent { action=ACTION_UP, keyCode=KEYCODE_BACK, scanCode=0, metaState=0, flags=0x0, repeatCount=0, eventTime=2031530, downTime=2031530, deviceId=1, source=0x2002 }
D/InputEventConsistencyVerifier( 2006):   -- recent events --
D/InputEventConsistencyVerifier( 2006):   1: sent at 2031530480000, MotionEvent { action=ACTION_HOVER_MOVE, id[0]=0, x[0]=182.24313, y[0]=213.14812, toolType[0]=TOOL_TYPE_MOUSE, buttonState=0, metaState=0, flags=0x0, edgeFlags=0x0, pointerCount=1, historySize=0, eventTime=2031530, downTime=1973354, deviceId=1, source=0x2002 }
D/InputEventConsistencyVerifier( 2006):   2: sent at 2031354472000, MotionEvent { action=ACTION_HOVER_MOVE, id[0]=0, x[0]=182.24313, y[0]=213.14812, toolType[0]=TOOL_TYPE_MOUSE, buttonState=BUTTON_BACK, metaState=0, flags=0x0, edgeFlags=0x0, pointerCount=1, historySize=0, eventTime=2031354, downTime=1973354, deviceId=1, source=0x2002 }
D/InputEventConsistencyVerifier( 2006):   3: sent at 2031354472000, MotionEvent { action=ACTION_HOVER_ENTER, id[0]=0, x[0]=182.24313, y[0]=213.14812, toolType[0]=TOOL_TYPE_MOUSE, buttonState=BUTTON_BACK, metaState=0, flags=0x0, edgeFlags=0x0, pointerCount=1, historySize=0, eventTime=2031354, downTime=1973354, deviceId=1, source=0x2002 }
D/InputEventConsistencyVerifier( 2006):   4: sent at 1893122452000, MotionEvent { action=ACTION_HOVER_EXIT, id[0]=0, x[0]=253.36838, y[0]=309.4185, toolType[0]=TOOL_TYPE_MOUSE, buttonState=0, metaState=0, flags=0x0, edgeFlags=0x0, pointerCount=1, historySize=0, eventTime=1893122, downTime=1892842, deviceId=1, source=0x2002 }
D/InputEventConsistencyVerifier( 2006):   5: sent at 1893114462000, MotionEvent { action=ACTION_HOVER_MOVE, id[0]=0, x[0]=253.36838, y[0]=302.58835, toolType[0]=TOOL_TYPE_MOUSE, buttonState=0, metaState=0, flags=0x0, edgeFlags=0x0, pointerCount=1, historySize=0, eventTime=1893114, downTime=1892842, deviceId=1, source=0x2002 }
I/HighSet_WirlessNetwork( 2006): --------------unregisterReceiver
I/WifiDirectSetting( 2006): --------------UnregisterWifidisplayReceiver------------
I/WifiApSetting( 2006): ---------------UnregisterWifiApReceiver--------------
D/dalvikvm( 2006): GC_EXPLICIT freed 1357K, 16% free 29693K/34947K, paused 2ms+9ms
E/StrictMode( 2006): class com.coship.dvbsetting.netsetting.netSet; instances=2; limit=1
E/StrictMode( 2006): android.os.StrictMode$InstanceCountViolation: class com.coship.dvbsetting.netsetting.netSet; instances=2; limit=1
E/StrictMode( 2006):    at android.os.StrictMode.setClassInstanceLimit(StrictMode.java:1)
E/ActivityThread( 2006): Activity com.coship.dvbsetting.netsetting.netSet has leaked ServiceConnection android.bluetooth.BluetoothHeadset$1@4158ae48 that was originally bound here
E/ActivityThread( 2006): android.app.ServiceConnectionLeaked: Activity com.coship.dvbsetting.netsetting.netSet has leaked ServiceConnection android.bluetooth.BluetoothHeadset$1@4158ae48 that was originally bound here
E/ActivityThread( 2006):        at android.app.LoadedApk$ServiceDispatcher.<init>(LoadedApk.java:936)
E/ActivityThread( 2006):        at android.app.LoadedApk.getServiceDispatcher(LoadedApk.java:830)
E/ActivityThread( 2006):        at android.app.ContextImpl.bindService(ContextImpl.java:1142)
E/ActivityThread( 2006):        at android.content.ContextWrapper.bindService(ContextWrapper.java:370)
E/ActivityThread( 2006):        at android.bluetooth.BluetoothHeadset.<init>(BluetoothHeadset.java:231)
E/ActivityThread( 2006):        at android.bluetooth.BluetoothAdapter.getProfileProxy(BluetoothAdapter.java:1168)
E/ActivityThread( 2006):        at com.coship.dvbsetting.bluetooth.HeadsetProfile.<init>(HeadsetProfile.java:111)
E/ActivityThread( 2006):        at com.coship.dvbsetting.netsetting.BluetoothSet.init(BluetoothSet.java:153)
E/ActivityThread( 2006):        at com.coship.dvbsetting.netsetting.BluetoothSet.<init>(BluetoothSet.java:124)
E/ActivityThread( 2006):        at com.coship.dvbsetting.netsetting.BluetoothSet.getInstance(BluetoothSet.java:103)
E/ActivityThread( 2006):        at com.coship.dvbsetting.netsetting.netSet.onCreate(netSet.java:81)
E/ActivityThread( 2006):        at android.app.Activity.performCreate(Activity.java:4465)
E/ActivityThread( 2006):        at android.app.Instrumentation.callActivityOnCreate(Instrumentation.java:1049)
E/ActivityThread( 2006):        at android.app.ActivityThread.performLaunchActivity(ActivityThread.java:1920)
E/ActivityThread( 2006):        at android.app.ActivityThread.handleLaunchActivity(ActivityThread.java:1981)
E/ActivityThread( 2006):        at android.app.ActivityThread.access$600(ActivityThread.java:123)
E/ActivityThread( 2006):        at android.app.ActivityThread$H.handleMessage(ActivityThread.java:1147)
E/ActivityThread( 2006):        at android.os.Handler.dispatchMessage(Handler.java:99)
E/ActivityThread( 2006):        at android.os.Looper.loop(Looper.java:137)
E/ActivityThread( 2006):        at android.app.ActivityThread.main(ActivityThread.java:4424)
E/ActivityThread( 2006):        at java.lang.reflect.Method.invokeNative(Native Method)
E/ActivityThread( 2006):        at java.lang.reflect.Method.invoke(Method.java:511)
E/ActivityThread( 2006):        at com.android.internal.os.ZygoteInit$MethodAndArgsCaller.run(ZygoteInit.java:848)
E/ActivityThread( 2006):        at com.android.internal.os.ZygoteInit.main(ZygoteInit.java:575)
E/ActivityThread( 2006):        at dalvik.system.NativeStart.main(Native Method)
W/ActivityManager(  938): Unbind failed: could not find connection for android.os.BinderProxy@416c52d0
E/WifiHW  (  938): Supplicant not running, cannot connect
I/ActivityManager(  938): START {cmp=com.coship.dvbsetting/.netsetting.netSet} from pid 2006
I/EthernetManager( 2006): Init Ethernet Manager, service: android.net.ethernet.IEthernetManager$Stub$Proxy@413e8378
I/WifiP2PsetDialog( 2006): SystemPropertiesClass:class android.net.wifi.p2p.WifiP2pManager
W/WifiP2PsetDialog( 2006): ~~~~~~~~~~~~~~~~~~~~~~method:public java.lang.String android.net.wifi.p2p.WifiP2pManager.getWifip2pConfig(int)
W/WifiP2PsetDialog( 2006): ~~~~~~~~~~~~~~~~~~~~~~returnvalue:SmartBoxtc
I/netset  ( 2006): product model ro.product.model = S1001
I/HighSet_CableNetwork( 2006): mEthernetManager:android.net.ethernet.EthernetManager@43171610
I/PppoeManager( 2006): create PppoeManager
I/NetworkConnect( 2006): //////@Override//////@Override//////@Override//////@Override//////@Override//////@Override//////@Override//////@Override
I/NetworkConnect( 2006): Execute command :ping -c 1 -w 100 www.baidu.com
D/WifiDirectSetting( 2006): --------------WIFI_P2P_THIS_DEVICE_CHANGED_ACTION
D/WifiDirectSetting( 2006): ------------mThisDevice.String()Device: SmartBoxtc
D/WifiDirectSetting( 2006):  deviceAddress: 
D/WifiDirectSetting( 2006):  primary type: 10-0050F204-5
D/WifiDirectSetting( 2006):  secondary type: null
D/WifiDirectSetting( 2006):  wps: 0
D/WifiDirectSetting( 2006):  grpcapab: 0
D/WifiDirectSetting( 2006):  devcapab: 0
D/WifiDirectSetting( 2006):  status: 4
D/WifiDirectSetting( 2006):  wfdInfo: null
D/WifiApSetting( 2006): handleWifiApStateChanged
D/WifiApSetting( 2006): WIFI_AP_STATE_ENABLING
V/TabletStatusBar( 1187): setLightsOn(true)
E/WifiHW  (  938): Supplicant not running, cannot connect
I/ActivityManager(  938): Displayed com.coship.dvbsetting/.netsetting.netSet: +394ms
I/NetworkConnect( 2006): //////@Override//////@Override//////@Override//////@Override//////@Override//////@Override//////@Override//////@Override0
I/System  ( 2006): Failed to destroy process 4688
I/System  ( 2006): libcore.io.ErrnoException: kill failed: ESRCH (No such process)
I/System  ( 2006):      at libcore.io.Posix.kill(Native Method)
I/System  ( 2006):      at libcore.io.ForwardingOs.kill(ForwardingOs.java:77)
I/System  ( 2006):      at java.lang.ProcessManager$ProcessImpl.destroy(ProcessManager.java:257)
I/System  ( 2006):      at com.coship.dvbsetting.netsetting.quicksetservice.NetworkConnect.execueteCommand(NetworkConnect.java:167)
I/System  ( 2006):      at com.coship.dvbsetting.netsetting.quicksetservice.NetworkConnect.CheckNet(NetworkConnect.java:70)
I/System  ( 2006):      at com.coship.dvbsetting.netsetting.StateSet$3.run(StateSet.java:489)
I/System  ( 2006):      at java.lang.Thread.run(Thread.java:856)
I/StateSet( 2006): -------you xian-----tv_Ip=192.168.0.142
E/WifiHW  (  938): Supplicant not running, cannot connect
E/WifiHW  (  938): Supplicant not running, cannot connect
E/WifiStateMachine(  938): Failed to setup control channel, restart supplicant
E/WifiHW  (  734): wifi_change_fw_path: STA
D/SoftapController(  734): Softap fwReload - Ok
W/CommandListener(  734): Failed to retrieve HW addr for wlan0 (No such device)
D/CommandListener(  734): Setting iface cfg
D/NetworkManagementService(  938): rsp <213 00:00:00:00:00:00 0.0.0.0 0 [down]>
D/NetworkManagementService(  938): flags <[down]>
E/WifiStateMachine(  938): Unable to change interface settings: java.lang.IllegalStateException: Unable to communicate with native daemon to interface setcfg - com.android.server.NativeDaemonConnectorException: Cmd {interface setcfg wlan0 0.0.0.0 0 [down]} failed with code 400 : {Failed to set address (No such device)}
D/WifiHW  (  938): config_file = /data/misc/wifi/wpa_supplicant.conf
D/WifiHW  (  938): ctl.start daemon_cmd = mrl_supplicant:-iwlan0 -c/data/misc/wifi/wpa_supplicant.conf
I/wpa_supplicant( 4709): rfkill: Cannot open RFKILL control device
E/wpa_supplicant( 4709): Could not read interface wlan0 flags: No such device
E/wpa_supplicant( 4709): Could not read interface wlan0 flags: No such device
E/wpa_supplicant( 4709): Could not read interface wlan0 flags: No such device
E/wpa_supplicant( 4709): Could not read interface wlan0 flags: No such device
E/wpa_supplicant( 4709): Could not read interface wlan0 flags: No such device
E/wpa_supplicant( 4709): Could not read interface wlan0 flags: No such device
E/wpa_supplicant( 4709): Could not read interface wlan0 flags: No such device
E/wpa_supplicant( 4709): Could not read interface wlan0 flags: No such device
E/wpa_supplicant( 4709): Could not read interface wlan0 flags: No such device
E/wpa_supplicant( 4709): Could not read interface wlan0 flags: No such device
E/wpa_supplicant( 4709): Could not read interface wlan0 flags: No such device
E/wpa_supplicant( 4709): nl80211: Could not set interface 'wlan0' UP
E/wpa_supplicant( 4709): wlan0: Failed to initialize driver interface
D/MonitorCw880( 4220): currentRemoteHost is null ,continue
I/HighSet_CableNetwork( 2006): [SelectConnectMode] ~~~~~~~~~~~~~~~~~~~~~~~~~ConnectMode:dhcp
D/MonitorCw880( 4220): currentRemoteHost is null ,continue
I/HighSet_CableNetwork( 2006): ---onTextChanged-----------------s=0.0.0.0    start=0   count=7   after=13
I/HighSet_CableNetwork( 2006): ---onTextChanged-----------------s=0.0.0.0    start=0   count=7   after=13
I/HighSet_CableNetwork( 2006): ---onTextChanged-----------------s=0.0.0.0    start=0   count=7   after=11
I/HighSet_CableNetwork( 2006): ---onTextChanged-----------------s=0.0.0.0    start=0   count=7   after=11
I/HighSet_CableNetwork( 2006): [ManualIP] !!!!!!!!!!!!!!!!!!!!!!!!!!!!
V/HighSet_CableNetwork( 2006): ~~~~input is~~~~ interfaceName=eth0 ip is: 192.168.0.142
I/HighSet_CableNetwork( 2006): ======================CONN_MODE_MANUAL=============start================================
I/EthernetStateTracker(  938): received interface reset event
D/NetUtils(  938): android_net_utils_resetConnections in env=0xf6828 clazz=0xc8a00001 iface=eth0 mask=0x3
I/EthernetStateTracker(  938): reset device eth0
V/HighSet_CableNetwork( 2006): ~~~~commit  is~~~~ interfaceName=eth0 ip is: 192.168.0.142
I/HighSet_CableNetwork( 2006): ======================CONN_MODE_MANUAL=============end================================
W/GpsLocationProvider(  938): Failed to enable location provider
I/EthernetStateTracker(  938): set ip manually ipaddr 192.168.0.142 gateway 192.168.0.1 netmask 255.255.255.0 dns1 192.168.0.1 dns2 0.0.0.0 DHCP server 0.0.0.0 lease 0 seconds
V/EthernetStateTracker(  938): Static IP configuration succeeded
I/EthernetStateTracker(  938): received configured succeeded, stack=false CC=true
I/EthernetStateTracker(  938): setState, skip: 1
I/EthernetStateTracker(  938): IntentBroadcast, event=1
I/TabletStatusBar( 1187): receiver broadcast
I/System.out( 1187): EVENT_INTERFACE_CONFIGURATION_SUCCEEDED
I/NetworkConnect( 2006): //////@Override//////@Override//////@Override//////@Override//////@Override//////@Override//////@Override//////@Override
I/NetworkConnect( 2006): Execute command :ping -c 1 -w 100 www.baidu.com
D/SettingGlobalReceiver==>( 1124): android.net.ethernet.ETHERNET_STATE_CHANGED
I/NetworkStatusChangeReceiver( 1316): action::::::::android.net.ethernet.ETHERNET_STATE_CHANGED
I/System.out( 1316): 网络连接：：：：：：：
D/dalvikvm( 1316): GC_CONCURRENT freed 490K, 70% free 1868K/6211K, paused 2ms+2ms
I/System.out( 1316): BabaoWebWidget---network connect---
I/System.out( 1316): 项目名称：A3STB-WidgetHost，版本号：1.0.11，发布人：朱道专(Jacky.Zhu)
E/StrictMode( 1316): A resource was acquired at attached stack trace but never released. See java.io.Closeable for information on avoiding resource leaks.
E/StrictMode( 1316): java.lang.Throwable: Explicit termination method 'end' not called
E/StrictMode( 1316):    at dalvik.system.CloseGuard.open(CloseGuard.java:184)
E/StrictMode( 1316):    at java.util.zip.Inflater.<init>(Inflater.java:82)
E/StrictMode( 1316):    at java.util.zip.GZIPInputStream.<init>(GZIPInputStream.java:96)
E/StrictMode( 1316):    at java.util.zip.GZIPInputStream.<init>(GZIPInputStream.java:81)
E/StrictMode( 1316):    at libcore.net.http.HttpEngine.initContentStream(HttpEngine.java:512)
E/StrictMode( 1316):    at libcore.net.http.HttpEngine.readResponse(HttpEngine.java:805)
E/StrictMode( 1316):    at libcore.net.http.HttpURLConnectionImpl.getResponse(HttpURLConnectionImpl.java:274)
E/StrictMode( 1316):    at libcore.net.http.HttpURLConnectionImpl.getInputStream(HttpURLConnectionImpl.java:168)
E/StrictMode( 1316):    at com.biaoqi.stbwidget.host.WeatherWidgetHelper.getWeatherContent(WeatherWidgetHelper.java:57)
E/StrictMode( 1316):    at com.biaoqi.stbwidget.host.WeatherWidgetHelper.getCurrentCityWeather(WeatherWidgetHelper.java:86)
E/StrictMode( 1316):    at com.biaoqi.stbwidget.host.WeatherWidgetProvider$1.run(WeatherWidgetProvider.java:64)
E/StrictMode( 1316):    at java.lang.Thread.run(Thread.java:856)
E/StrictMode( 1316): A resource was acquired at attached stack trace but never released. See java.io.Closeable for information on avoiding resource leaks.
E/StrictMode( 1316): java.lang.Throwable: Explicit termination method 'end' not called
E/StrictMode( 1316):    at dalvik.system.CloseGuard.open(CloseGuard.java:184)
E/StrictMode( 1316):    at java.util.zip.Inflater.<init>(Inflater.java:82)
E/StrictMode( 1316):    at java.util.zip.GZIPInputStream.<init>(GZIPInputStream.java:96)
E/StrictMode( 1316):    at java.util.zip.GZIPInputStream.<init>(GZIPInputStream.java:81)
E/StrictMode( 1316):    at libcore.net.http.HttpEngine.initContentStream(HttpEngine.java:512)
E/StrictMode( 1316):    at libcore.net.http.HttpEngine.readResponse(HttpEngine.java:805)
E/StrictMode( 1316):    at libcore.net.http.HttpURLConnectionImpl.getResponse(HttpURLConnectionImpl.java:274)
E/StrictMode( 1316):    at libcore.net.http.HttpURLConnectionImpl.getInputStream(HttpURLConnectionImpl.java:168)
E/StrictMode( 1316):    at com.biaoqi.stbwidget.host.WeatherWidgetHelper.getWeatherContent(WeatherWidgetHelper.java:57)
E/StrictMode( 1316):    at com.biaoqi.stbwidget.host.WeatherWidgetHelper.getCurrentCityWeather(WeatherWidgetHelper.java:87)
E/StrictMode( 1316):    at com.biaoqi.stbwidget.host.WeatherWidgetProvider$1.run(WeatherWidgetProvider.java:64)
E/StrictMode( 1316):    at java.lang.Thread.run(Thread.java:856)
I/System.out( 1316): WeatherWidgetProvider----network connect----------
I/NetworkConnect( 2006): //////@Override//////@Override//////@Override//////@Override//////@Override//////@Override//////@Override//////@Override0
I/System  ( 2006): Failed to destroy process 4740
I/System  ( 2006): libcore.io.ErrnoException: kill failed: ESRCH (No such process)
I/System  ( 2006):      at libcore.io.Posix.kill(Native Method)
I/System  ( 2006):      at libcore.io.ForwardingOs.kill(ForwardingOs.java:77)
I/System  ( 2006):      at java.lang.ProcessManager$ProcessImpl.destroy(ProcessManager.java:257)
I/System  ( 2006):      at com.coship.dvbsetting.netsetting.quicksetservice.NetworkConnect.execueteCommand(NetworkConnect.java:167)
I/System  ( 2006):      at com.coship.dvbsetting.netsetting.quicksetservice.NetworkConnect.CheckNet(NetworkConnect.java:70)
I/System  ( 2006):      at com.coship.dvbsetting.netsetting.StateSet$3.run(StateSet.java:489)
I/System  ( 2006):      at java.lang.Thread.run(Thread.java:856)
I/StateSet( 2006): -------you xian-----tv_Ip=192.168.0.142
W/System.err( 1316): org.json.JSONException: Value <?xml of type java.lang.String cannot be converted to JSONObject
W/System.err( 1316):    at org.json.JSON.typeMismatch(JSON.java:111)
W/System.err( 1316):    at org.json.JSONObject.<init>(JSONObject.java:158)
W/System.err( 1316):    at org.json.JSONObject.<init>(JSONObject.java:171)
W/System.err( 1316):    at com.biaoqi.stbwidget.host.BabaoWebHelper.getSinaWebNews(BabaoWebHelper.java:55)
W/System.err( 1316):    at com.biaoqi.stbwidget.host.BabaoWebWidget$1.run(BabaoWebWidget.java:46)
W/System.err( 1316):    at java.lang.Thread.run(Thread.java:856)
D/dalvikvm( 1316): GC_CONCURRENT freed 351K, 68% free 2022K/6211K, paused 2ms+2ms
E/StrictMode( 1316): A resource was acquired at attached stack trace but never released. See java.io.Closeable for information on avoiding resource leaks.
E/StrictMode( 1316): java.lang.Throwable: Explicit termination method 'end' not called
E/StrictMode( 1316):    at dalvik.system.CloseGuard.open(CloseGuard.java:184)
E/StrictMode( 1316):    at java.util.zip.Inflater.<init>(Inflater.java:82)
E/StrictMode( 1316):    at java.util.zip.GZIPInputStream.<init>(GZIPInputStream.java:96)
E/StrictMode( 1316):    at java.util.zip.GZIPInputStream.<init>(GZIPInputStream.java:81)
E/StrictMode( 1316):    at libcore.net.http.HttpEngine.initContentStream(HttpEngine.java:512)
E/StrictMode( 1316):    at libcore.net.http.HttpEngine.readResponse(HttpEngine.java:805)
E/StrictMode( 1316):    at libcore.net.http.HttpURLConnectionImpl.getResponse(HttpURLConnectionImpl.java:274)
E/StrictMode( 1316):    at libcore.net.http.HttpURLConnectionImpl.getInputStream(HttpURLConnectionImpl.java:168)
E/StrictMode( 1316):    at com.biaoqi.stbwidget.host.BabaoWebHelper.getSinaWebNews(BabaoWebHelper.java:42)
E/StrictMode( 1316):    at com.biaoqi.stbwidget.host.BabaoWebWidget$1.run(BabaoWebWidget.java:46)
E/StrictMode( 1316):    at java.lang.Thread.run(Thread.java:856)
D/dalvikvm( 1316): GC_CONCURRENT freed 550K, 70% free 1918K/6211K, paused 1ms+2ms
E/StrictMode( 1316): A resource was acquired at attached stack trace but never released. See java.io.Closeable for information on avoiding resource leaks.
E/StrictMode( 1316): java.lang.Throwable: Explicit termination method 'end' not called
E/StrictMode( 1316):    at dalvik.system.CloseGuard.open(CloseGuard.java:184)
E/StrictMode( 1316):    at java.util.zip.Inflater.<init>(Inflater.java:82)
E/StrictMode( 1316):    at java.util.zip.GZIPInputStream.<init>(GZIPInputStream.java:96)
E/StrictMode( 1316):    at java.util.zip.GZIPInputStream.<init>(GZIPInputStream.java:81)
E/StrictMode( 1316):    at libcore.net.http.HttpEngine.initContentStream(HttpEngine.java:512)
E/StrictMode( 1316):    at libcore.net.http.HttpEngine.readResponse(HttpEngine.java:805)
E/StrictMode( 1316):    at libcore.net.http.HttpURLConnectionImpl.getResponse(HttpURLConnectionImpl.java:274)
E/StrictMode( 1316):    at libcore.net.http.HttpURLConnectionImpl.getInputStream(HttpURLConnectionImpl.java:168)
E/StrictMode( 1316):    at com.biaoqi.stbwidget.host.WeatherWidgetHelper.getWeatherContent(WeatherWidgetHelper.java:57)
E/StrictMode( 1316):    at com.biaoqi.stbwidget.host.WeatherWidgetHelper.getCurrentCityWeather(WeatherWidgetHelper.java:86)
E/StrictMode( 1316):    at com.biaoqi.stbwidget.host.WeatherWidgetProvider$1.run(WeatherWidgetProvider.java:62)
E/StrictMode( 1316):    at java.lang.Thread.run(Thread.java:856)
E/StrictMode( 1316): A resource was acquired at attached stack trace but never released. See java.io.Closeable for information on avoiding resource leaks.
E/StrictMode( 1316): java.lang.Throwable: Explicit termination method 'end' not called
E/StrictMode( 1316):    at dalvik.system.CloseGuard.open(CloseGuard.java:184)
E/StrictMode( 1316):    at java.util.zip.Inflater.<init>(Inflater.java:82)
E/StrictMode( 1316):    at java.util.zip.GZIPInputStream.<init>(GZIPInputStream.java:96)
E/StrictMode( 1316):    at java.util.zip.GZIPInputStream.<init>(GZIPInputStream.java:81)
E/StrictMode( 1316):    at libcore.net.http.HttpEngine.initContentStream(HttpEngine.java:512)
E/StrictMode( 1316):    at libcore.net.http.HttpEngine.readResponse(HttpEngine.java:805)
E/StrictMode( 1316):    at libcore.net.http.HttpURLConnectionImpl.getResponse(HttpURLConnectionImpl.java:274)
E/StrictMode( 1316):    at libcore.net.http.HttpURLConnectionImpl.getInputStream(HttpURLConnectionImpl.java:168)
E/StrictMode( 1316):    at com.biaoqi.stbwidget.host.WeatherWidgetHelper.getWeatherContent(WeatherWidgetHelper.java:57)
E/StrictMode( 1316):    at com.biaoqi.stbwidget.host.WeatherWidgetHelper.getCurrentCityWeather(WeatherWidgetHelper.java:87)
E/StrictMode( 1316):    at com.biaoqi.stbwidget.host.WeatherWidgetProvider$1.run(WeatherWidgetProvider.java:62)
E/StrictMode( 1316):    at java.lang.Thread.run(Thread.java:856)
D/dalvikvm( 1316): GC_CONCURRENT freed 399K, 69% free 1926K/6211K, paused 2ms+2ms
E/StrictMode( 1316): A resource was acquired at attached stack trace but never released. See java.io.Closeable for information on avoiding resource leaks.
E/StrictMode( 1316): java.lang.Throwable: Explicit termination method 'end' not called
E/StrictMode( 1316):    at dalvik.system.CloseGuard.open(CloseGuard.java:184)
E/StrictMode( 1316):    at java.util.zip.Inflater.<init>(Inflater.java:82)
E/StrictMode( 1316):    at java.util.zip.GZIPInputStream.<init>(GZIPInputStream.java:96)
E/StrictMode( 1316):    at java.util.zip.GZIPInputStream.<init>(GZIPInputStream.java:81)
E/StrictMode( 1316):    at libcore.net.http.HttpEngine.initContentStream(HttpEngine.java:512)
E/StrictMode( 1316):    at libcore.net.http.HttpEngine.readResponse(HttpEngine.java:805)
E/StrictMode( 1316):    at libcore.net.http.HttpURLConnectionImpl.getResponse(HttpURLConnectionImpl.java:274)
E/StrictMode( 1316):    at libcore.net.http.HttpURLConnectionImpl.getInputStream(HttpURLConnectionImpl.java:168)
E/StrictMode( 1316):    at com.biaoqi.stbwidget.host.WeatherWidgetHelper.getWeatherContent(WeatherWidgetHelper.java:57)
E/StrictMode( 1316):    at com.biaoqi.stbwidget.host.WeatherWidgetHelper.getCurrentCityWeather(WeatherWidgetHelper.java:86)
E/StrictMode( 1316):    at com.biaoqi.stbwidget.host.WeatherWidgetProvider$1.run(WeatherWidgetProvider.java:63)
E/StrictMode( 1316):    at java.lang.Thread.run(Thread.java:856)
I/HighSet_WirlessNetwork( 2006): ------------BroadcastReceiverRegistered---------
D/dalvikvm( 1316): GC_CONCURRENT freed 398K, 70% free 1913K/6211K, paused 3ms+2ms
E/StrictMode( 1316): A resource was acquired at attached stack trace but never released. See java.io.Closeable for information on avoiding resource leaks.
E/StrictMode( 1316): java.lang.Throwable: Explicit termination method 'end' not called
E/StrictMode( 1316):    at dalvik.system.CloseGuard.open(CloseGuard.java:184)
E/StrictMode( 1316):    at java.util.zip.Inflater.<init>(Inflater.java:82)
E/StrictMode( 1316):    at java.util.zip.GZIPInputStream.<init>(GZIPInputStream.java:96)
E/StrictMode( 1316):    at java.util.zip.GZIPInputStream.<init>(GZIPInputStream.java:81)
E/StrictMode( 1316):    at libcore.net.http.HttpEngine.initContentStream(HttpEngine.java:512)
E/StrictMode( 1316):    at libcore.net.http.HttpEngine.readResponse(HttpEngine.java:805)
E/StrictMode( 1316):    at libcore.net.http.HttpURLConnectionImpl.getResponse(HttpURLConnectionImpl.java:274)
E/StrictMode( 1316):    at libcore.net.http.HttpURLConnectionImpl.getInputStream(HttpURLConnectionImpl.java:168)
E/StrictMode( 1316):    at com.biaoqi.stbwidget.host.WeatherWidgetHelper.getWeatherContent(WeatherWidgetHelper.java:57)
E/StrictMode( 1316):    at com.biaoqi.stbwidget.host.WeatherWidgetHelper.getCurrentCityWeather(WeatherWidgetHelper.java:87)
E/StrictMode( 1316):    at com.biaoqi.stbwidget.host.WeatherWidgetProvider$1.run(WeatherWidgetProvider.java:63)
E/StrictMode( 1316):    at java.lang.Thread.run(Thread.java:856)
D/dalvikvm( 1316): GC_CONCURRENT freed 397K, 70% free 1900K/6211K, paused 2ms+2ms
E/StrictMode( 1316): A resource was acquired at attached stack trace but never released. See java.io.Closeable for information on avoiding resource leaks.
E/StrictMode( 1316): java.lang.Throwable: Explicit termination method 'end' not called
E/StrictMode( 1316):    at dalvik.system.CloseGuard.open(CloseGuard.java:184)
E/StrictMode( 1316):    at java.util.zip.Inflater.<init>(Inflater.java:82)
E/StrictMode( 1316):    at java.util.zip.GZIPInputStream.<init>(GZIPInputStream.java:96)
E/StrictMode( 1316):    at java.util.zip.GZIPInputStream.<init>(GZIPInputStream.java:81)
E/StrictMode( 1316):    at libcore.net.http.HttpEngine.initContentStream(HttpEngine.java:512)
E/StrictMode( 1316):    at libcore.net.http.HttpEngine.readResponse(HttpEngine.java:805)
E/StrictMode( 1316):    at libcore.net.http.HttpURLConnectionImpl.getResponse(HttpURLConnectionImpl.java:274)
E/StrictMode( 1316):    at libcore.net.http.HttpURLConnectionImpl.getInputStream(HttpURLConnectionImpl.java:168)
E/StrictMode( 1316):    at com.biaoqi.stbwidget.host.WeatherWidgetHelper.getWeatherContent(WeatherWidgetHelper.java:57)
E/StrictMode( 1316):    at com.biaoqi.stbwidget.host.WeatherWidgetHelper.getCurrentCityWeather(WeatherWidgetHelper.java:86)
E/StrictMode( 1316):    at com.biaoqi.stbwidget.host.WeatherWidgetProvider$1.run(WeatherWidgetProvider.java:64)
E/StrictMode( 1316):    at java.lang.Thread.run(Thread.java:856)
E/WifiHW  (  938): Supplicant not running, cannot connect
D/MonitorCw880( 4220): currentRemoteHost is null ,continue
D/WifiHW  (  938): is_wifi_device_exist
E/WifiHW  (  938): get_wifi_device_num is 1
V/HighSet_WirlessNetwork( 2006): !!!!!!!!!<init>  wifi is colose !!!!!!! open wifi
E/WifiHW  (  938): Supplicant not running, cannot connect
D/dalvikvm(  938): GC_CONCURRENT freed 718K, 65% free 3849K/10883K, paused 2ms+5ms
E/WifiHW  (  938): Supplicant not running, cannot connect
E/WifiHW  (  938): Supplicant not running, cannot connect
E/WifiHW  (  938): Supplicant not running, cannot connect
E/WifiStateMachine(  938): Failed 6 times to start supplicant, unload driver
D/WifiStateMachine(  938): isDriverShouldRemove = false
D/WifiP2pService(  938): P2pDisabledState{ what=131203 when=0 }
V/HighSet_WirlessNetwork( 2006): !!!!!<BroadcastReceiver>====wifi closed==
E/WifiHW  (  938): get_wifi_device_num is 1
E/JM_APPPOSTER( 1815): getChannel:300190
I/JM_APPPOSTER( 1815): 1280*720,300190
I/System.out( 1815): networkreceiver
W/Settings( 1815): Setting android_id has moved from android.provider.Settings.System to android.provider.Settings.Secure, returning read-only value.
E/JM_APPPOSTER( 1815): getChannel:300190
I/JM_APPPOSTER( 1815): 1280*720,300190
I/System.out( 1815): networkreceiver
W/Settings( 1815): Setting android_id has moved from android.provider.Settings.System to android.provider.Settings.Secure, returning read-only value.
I/JM_APPPOSTER( 1815): 获取到的内网IP:fe80::201:31ff:fe73:9205%eth0
I/JM_APPPOSTER( 1815): 获取到的内网IP:fe80::201:31ff:fe73:9205%eth0
W/JM_APPPOSTER( 1815): http://118.126.4.5:7500/AppManager/index.php/user/register/register
I/JM_APPPOSTER( 1815): http://118.126.4.5:7500/AppManager/index.php/user/register/register
E/WifiHW  (  734): wifi_change_fw_path: STA
D/SoftapController(  734): Softap fwReload - Ok
W/CommandListener(  734): Failed to retrieve HW addr for wlan0 (No such device)
D/CommandListener(  734): Setting iface cfg
D/NetworkManagementService(  938): rsp <213 00:00:00:00:00:00 0.0.0.0 0 [down]>
D/NetworkManagementService(  938): flags <[down]>
E/WifiStateMachine(  938): Unable to change interface settings: java.lang.IllegalStateException: Unable to communicate with native daemon to interface setcfg - com.android.server.NativeDaemonConnectorException: Cmd {interface setcfg wlan0 0.0.0.0 0 [down]} failed with code 400 : {Failed to set address (No such device)}
D/WifiHW  (  938): config_file = /data/misc/wifi/wpa_supplicant.conf
D/WifiHW  (  938): ctl.start daemon_cmd = mrl_supplicant:-iwlan0 -c/data/misc/wifi/wpa_supplicant.conf
I/wpa_supplicant( 4779): rfkill: Cannot open RFKILL control device
E/wpa_supplicant( 4779): Could not read interface wlan0 flags: No such device
E/wpa_supplicant( 4779): Could not read interface wlan0 flags: No such device
E/wpa_supplicant( 4779): Could not read interface wlan0 flags: No such device
E/wpa_supplicant( 4779): Could not read interface wlan0 flags: No such device
E/wpa_supplicant( 4779): Could not read interface wlan0 flags: No such device
E/wpa_supplicant( 4779): Could not read interface wlan0 flags: No such device
E/wpa_supplicant( 4779): Could not read interface wlan0 flags: No such device
E/wpa_supplicant( 4779): Could not read interface wlan0 flags: No such device
E/wpa_supplicant( 4779): Could not read interface wlan0 flags: No such device
D/MonitorCw880( 4220): currentRemoteHost is null ,continue
E/wpa_supplicant( 4779): Could not read interface wlan0 flags: No such device
E/wpa_supplicant( 4779): Could not read interface wlan0 flags: No such device
E/wpa_supplicant( 4779): nl80211: Could not set interface 'wlan0' UP
E/wpa_supplicant( 4779): wlan0: Failed to initialize driver interface
W/JM_APPPOSTER( 1815): http://118.126.4.5:7500/AppManager/index.php/user/register/register
I/JM_APPPOSTER( 1815): http://118.126.4.5:7500/AppManager/index.php/user/register/register
D/MonitorCw880( 4220): currentRemoteHost is null ,continue
D/MonitorCw880( 4220): currentRemoteHost is null ,continue
E/WifiHW  (  938): Supplicant not running, cannot connect
E/BluetoothService.cpp(  938): stopDiscoveryNative: D-Bus error in StopDiscovery: org.bluez.Error.Failed (Invalid discovery session)
E/BluetoothService.cpp(  938): stopDiscoveryNative: D-Bus error in StopDiscovery: org.bluez.Error.Failed (Invalid discovery session)
V/TabletStatusBar( 1187): setLightsOn(true)
E/WifiHW  (  938): Supplicant not running, cannot connect
D/InputEventConsistencyVerifier( 2006): KeyEvent: ACTION_UP but key was not down.
D/InputEventConsistencyVerifier( 2006):   in Handler (android.view.ViewRootImpl) {416bc420}
D/InputEventConsistencyVerifier( 2006):   0: sent at 2062418000000, KeyEvent { action=ACTION_UP, keyCode=KEYCODE_BACK, scanCode=0, metaState=0, flags=0x0, repeatCount=0, eventTime=2062418, downTime=2062418, deviceId=1, source=0x2002 }
D/InputEventConsistencyVerifier( 2006):   -- recent events --
D/InputEventConsistencyVerifier( 2006):   1: sent at 2062418491000, MotionEvent { action=ACTION_HOVER_MOVE, id[0]=0, x[0]=962.93604, y[0]=286.55508, toolType[0]=TOOL_TYPE_MOUSE, buttonState=0, metaState=0, flags=0x0, edgeFlags=0x0, pointerCount=1, historySize=0, eventTime=2062418, downTime=2046378, deviceId=1, source=0x2002 }
D/InputEventConsistencyVerifier( 2006):   2: sent at 2062290506000, MotionEvent { action=ACTION_HOVER_MOVE, id[0]=0, x[0]=962.93604, y[0]=286.55508, toolType[0]=TOOL_TYPE_MOUSE, buttonState=BUTTON_BACK, metaState=0, flags=0x0, edgeFlags=0x0, pointerCount=1, historySize=0, eventTime=2062290, downTime=2046378, deviceId=1, source=0x2002 }
