V/selena.android.gl.EglHelper( 1278): >>> EGL Config [3] ES0 R8G8B8A8 D24S8 AA4 Caveat[12344] - Score: 67635208
E/fbdev   ( 1026): Attention! GFLIP time out, force update gop ring buffer!
W/selena.android.gl.EglHelper( 1278):     at selena.android.gl.EglHelper.findAndInitConfig(EglHelper.java:237)
D/selena.android.gl.GLView$GLThread( 1278): waitForRenderComplete - Enter: false, false
W/selena.android.gl.GLView$GLThread( 1278):     at selena.android.gl.GLView$GLThread.waitForRenderComplete(GLView.java:746)
D/selena.android.gl.GLView$GLThread( 1278): waitForRenderComplete - LeaveAt: 9
W/selena.android.gl.GLView$GLThread( 1278):     at selena.android.gl.GLView$GLThread.waitForRenderComplete(GLView.java:755)
E/fbdev   ( 1026): Attention! GFLIP time out, force update gop ring buffer!
E/fbdev   ( 1026): Attention! GFLIP time out, force update gop ring buffer!
E/fbdev   ( 1026): Attention! GFLIP time out, force update gop ring buffer!
W/selena.android.view.SelenaView( 1278): DISPATCH_DRAW_WAIT_FOR_NFRAMES_COUNT: 1
W/selena.android.view.SelenaView( 1278):     at selena.android.view.SelenaView.dispatchDraw(SelenaView.java:99)
D/selena.android.gl.GLView$GLThread( 1278): waitForRenderComplete - Enter: false, false
W/selena.android.gl.GLView$GLThread( 1278):     at selena.android.gl.GLView$GLThread.waitForRenderComplete(GLView.java:746)
D/selena.android.gl.GLView$GLThread( 1278): waitForRenderComplete - LeaveAt: 9
W/selena.android.gl.GLView$GLThread( 1278):     at selena.android.gl.GLView$GLThread.waitForRenderComplete(GLView.java:755)
E/fbdev   ( 1026): Attention! GFLIP time out, force update gop ring buffer!
E/fbdev   ( 1026): Attention! GFLIP time out, force update gop ring buffer!
E/fbdev   ( 1026): Attention! GFLIP time out, force update gop ring buffer!
E/fbdev   ( 1026): Attention! GFLIP time out, force update gop ring buffer!
E/fbdev   ( 1026): Attention! GFLIP time out, force update gop ring buffer!
E/fbdev   ( 1026): Attention! GFLIP time out, force update gop ring buffer!
E/fbdev   ( 1026): Attention! GFLIP time out, force update gop ring buffer!
E/fbdev   ( 1026): Attention! GFLIP time out, force update gop ring buffer!
E/fbdev   ( 1026): Attention! GFLIP time out, force update gop ring buffer!
E/fbdev   ( 1026): Attention! GFLIP time out, force update gop ring buffer!
E/fbdev   ( 1026): Attention! GFLIP time out, force update gop ring buffer!
E/fbdev   ( 1026): Attention! GFLIP time out, force update gop ring buffer!
E/fbdev   ( 1026): Attention! GFLIP time out, force update gop ring buffer!
E/fbdev   ( 1026): Attention! GFLIP time out, force update gop ring buffer!
E/fbdev   ( 1026): Attention! GFLIP time out, force update gop ring buffer!
E/fbdev   ( 1026): Attention! GFLIP time out, force update gop ring buffer!
E/fbdev   ( 1026): Attention! GFLIP time out, force update gop ring buffer!
E/fbdev   ( 1026): Attention! GFLIP time out, force update gop ring buffer!
D/dalvikvm( 1621): GC_CONCURRENT freed 2038K, 46% free 7341K/13379K, paused 2ms+6ms
E/fbdev   ( 1026): Attention! GFLIP time out, force update gop ring buffer!
E/fbdev   ( 1026): Attention! GFLIP time out, force update gop ring buffer!
E/fbdev   ( 1026): Attention! GFLIP time out, force update gop ring buffer!
E/fbdev   ( 1026): Attention! GFLIP time out, force update gop ring buffer!
E/fbdev   ( 1026): Attention! GFLIP time out, force update gop ring buffer!
E/fbdev   ( 1026): Attention! GFLIP time out, force update gop ring buffer!
E/fbdev   ( 1026): Attention! GFLIP time out, force update gop ring buffer!
E/fbdev   ( 1026): Attention! GFLIP time out, force update gop ring buffer!
E/fbdev   ( 1026): Attention! GFLIP time out, force update gop ring buffer!
E/fbdev   ( 1026): Attention! GFLIP time out, force update gop ring buffer!
E/fbdev   ( 1026): Attention! GFLIP time out, force update gop ring buffer!
E/fbdev   ( 1026): Attention! GFLIP time out, force update gop ring buffer!
E/fbdev   ( 1026): Attention! GFLIP time out, force update gop ring buffer!
E/fbdev   ( 1026): Attention! GFLIP time out, force update gop ring buffer!
E/fbdev   ( 1026): Attention! GFLIP time out, force update gop ring buffer!
E/fbdev   ( 1026): Attention! GFLIP time out, force update gop ring buffer!
E/fbdev   ( 1026): Attention! GFLIP time out, force update gop ring buffer!
E/fbdev   ( 1026): Attention! GFLIP time out, force update gop ring buffer!
E/fbdev   ( 1026): Attention! GFLIP time out, force update gop ring buffer!
I/ActivityManager(  979): No longer want com.coship.TestApp (pid 1661): hidden #16
E/fbdev   ( 1026): Attention! GFLIP time out, force update gop ring buffer!
E/fbdev   ( 1026): Attention! GFLIP time out, force update gop ring buffer!
E/fbdev   ( 1026): Attention! GFLIP time out, force update gop ring buffer!
E/fbdev   ( 1026): Attention! GFLIP time out, force update gop ring buffer!
E/fbdev   ( 1026): Attention! GFLIP time out, force update gop ring buffer!
E/fbdev   ( 1026): Attention! GFLIP time out, force update gop ring buffer!
E/fbdev   ( 1026): Attention! GFLIP time out, force update gop ring buffer!
E/fbdev   ( 1026): Attention! GFLIP time out, force update gop ring buffer!
E/fbdev   ( 1026): Attention! GFLIP time out, force update gop ring buffer!
E/fbdev   ( 1026): Attention! GFLIP time out, force update gop ring buffer!
E/fbdev   ( 1026): Attention! GFLIP time out, force update gop ring buffer!
E/fbdev   ( 1026): Attention! GFLIP time out, force update gop ring buffer!
E/fbdev   ( 1026): Attention! GFLIP time out, force update gop ring buffer!
E/fbdev   ( 1026): Attention! GFLIP time out, force update gop ring buffer!
E/fbdev   ( 1026): Attention! GFLIP time out, force update gop ring buffer!
E/fbdev   ( 1026): Attention! GFLIP time out, force update gop ring buffer!
E/fbdev   ( 1026): Attention! GFLIP time out, force update gop ring buffer!
E/fbdev   ( 1026): Attention! GFLIP time out, force update gop ring buffer!
E/fbdev   ( 1026): Attention! GFLIP time out, force update gop ring buffer!
E/fbdev   ( 1026): Attention! GFLIP time out, force update gop ring buffer!
E/fbdev   ( 1026): Attention! GFLIP time out, force update gop ring buffer!
E/fbdev   ( 1026): Attention! GFLIP time out, force update gop ring buffer!
I/HttpDownLoad( 1248): network is error
D/StrictMode( 1248): StrictMode policy violation: android.os.StrictMode$StrictModeDiskReadViolation: policy=23 violation=2
D/StrictMode( 1248):    at android.os.StrictMode$AndroidBlockGuardPolicy.onReadFromDisk(StrictMode.java:1089)
D/StrictMode( 1248):    at libcore.io.BlockGuardOs.open(BlockGuardOs.java:106)
D/StrictMode( 1248):    at libcore.io.IoBridge.open(IoBridge.java:390)
D/StrictMode( 1248):    at java.io.FileInputStream.<init>(FileInputStream.java:78)
D/StrictMode( 1248):    at java.io.FileInputStream.<init>(FileInputStream.java:105)
D/StrictMode( 1248):    at com.coship.netfirmware.NetFirmwareService.getUpdateInfo(NetFirmwareService.java:1527)
D/StrictMode( 1248):    at com.coship.netfirmware.NetFirmwareService.downFileFormService(NetFirmwareService.java:1506)
D/StrictMode( 1248):    at com.coship.netfirmware.NetFirmwareService.access$4800(NetFirmwareService.java:69)
D/StrictMode( 1248):    at com.coship.netfirmware.NetFirmwareService$6.run(NetFirmwareService.java:1147)
D/StrictMode( 1248): StrictMode policy violation: android.os.StrictMode$StrictModeDiskReadViolation: policy=23 violation=2
D/StrictMode( 1248):    at android.os.StrictMode$AndroidBlockGuardPolicy.onReadFromDisk(StrictMode.java:1089)
D/StrictMode( 1248):    at libcore.io.BlockGuardOs.read(BlockGuardOs.java:148)
D/StrictMode( 1248):    at libcore.io.IoBridge.read(IoBridge.java:422)
D/StrictMode( 1248):    at java.io.FileInputStream.read(FileInputStream.java:179)
D/StrictMode( 1248):    at java.io.InputStreamReader.read(InputStreamReader.java:244)
D/StrictMode( 1248):    at java.io.BufferedReader.fillBuf(BufferedReader.java:130)
D/StrictMode( 1248):    at java.io.BufferedReader.readLine(BufferedReader.java:354)
D/StrictMode( 1248):    at com.coship.netfirmware.NetFirmwareService.getUpdateInfo(NetFirmwareService.java:1531)
D/StrictMode( 1248):    at com.coship.netfirmware.NetFirmwareService.downFileFormService(NetFirmwareService.java:1506)
D/StrictMode( 1248):    at com.coship.netfirmware.NetFirmwareService.access$4800(NetFirmwareService.java:69)
D/StrictMode( 1248):    at com.coship.netfirmware.NetFirmwareService$6.run(NetFirmwareService.java:1147)
D/StrictMode( 1248): StrictMode policy violation: android.os.StrictMode$StrictModeDiskReadViolation: policy=23 violation=2
D/StrictMode( 1248):    at android.os.StrictMode$AndroidBlockGuardPolicy.onReadFromDisk(StrictMode.java:1089)
D/StrictMode( 1248):    at libcore.io.BlockGuardOs.read(BlockGuardOs.java:148)
D/StrictMode( 1248):    at libcore.io.IoBridge.read(IoBridge.java:422)
D/StrictMode( 1248):    at java.io.FileInputStream.read(FileInputStream.java:179)
D/StrictMode( 1248):    at java.io.InputStreamReader.read(InputStreamReader.java:244)
D/StrictMode( 1248):    at java.io.BufferedReader.fillBuf(BufferedReader.java:130)
D/StrictMode( 1248):    at java.io.BufferedReader.readLine(BufferedReader.java:390)
D/StrictMode( 1248):    at com.coship.netfirmware.NetFirmwareService.getUpdateInfo(NetFirmwareService.java:1551)
D/StrictMode( 1248):    at com.coship.netfirmware.NetFirmwareService.downFileFormService(NetFirmwareService.java:1506)
D/StrictMode( 1248):    at com.coship.netfirmware.NetFirmwareService.access$4800(NetFirmwareService.java:69)
D/StrictMode( 1248):    at com.coship.netfirmware.NetFirmwareService$6.run(NetFirmwareService.java:1147)
D/StrictMode( 1248): StrictMode policy violation: android.os.StrictMode$StrictModeDiskReadViolation: policy=23 violation=2
D/StrictMode( 1248):    at android.os.StrictMode$AndroidBlockGuardPolicy.onReadFromDisk(StrictMode.java:1089)
D/StrictMode( 1248):    at libcore.io.BlockGuardOs.read(BlockGuardOs.java:148)
D/StrictMode( 1248):    at libcore.io.IoBridge.read(IoBridge.java:422)
D/StrictMode( 1248):    at java.io.FileInputStream.read(FileInputStream.java:179)
D/StrictMode( 1248):    at java.io.InputStreamReader.read(InputStreamReader.java:244)
D/StrictMode( 1248):    at java.io.BufferedReader.fillBuf(BufferedReader.java:130)
D/StrictMode( 1248):    at java.io.BufferedReader.readLine(BufferedReader.java:354)
D/StrictMode( 1248):    at com.coship.netfirmware.NetFirmwareService.getUpdateInfo(NetFirmwareService.java:1551)
D/StrictMode( 1248):    at com.coship.netfirmware.NetFirmwareService.downFileFormService(NetFirmwareService.java:1506)
D/StrictMode( 1248):    at com.coship.netfirmware.NetFirmwareService.access$4800(NetFirmwareService.java:69)
D/StrictMode( 1248):    at com.coship.netfirmware.NetFirmwareService$6.run(NetFirmwareService.java:1147)
I/NetFirmwareService( 1248): v--->211311
I/NetFirmwareService( 1248): q--->00001
I/NetFirmwareService( 1248): c--->00001
I/FileUtils( 1248): mkFilePath--->/data/data/com.coship.netfirmware/description_211311.dat
D/dalvikvm( 1248): GC_CONCURRENT freed 413K, 84% free 1322K/8067K, paused 1ms+2ms
D/StrictMode( 1248): StrictMode policy violation: android.os.StrictMode$StrictModeNetworkViolation: policy=23 violation=4
D/StrictMode( 1248):    at android.os.StrictMode$AndroidBlockGuardPolicy.onNetwork(StrictMode.java:1105)
D/StrictMode( 1248):    at java.net.InetAddress.lookupHostByName(InetAddress.java:391)
D/StrictMode( 1248):    at java.net.InetAddress.getAllByNameImpl(InetAddress.java:242)
D/StrictMode( 1248):    at java.net.InetAddress.getAllByName(InetAddress.java:220)
D/StrictMode( 1248):    at libcore.net.http.HttpConnection.<init>(HttpConnection.java:71)
D/StrictMode( 1248):    at libcore.net.http.HttpConnection.<init>(HttpConnection.java:50)
D/StrictMode( 1248):    at libcore.net.http.HttpConnection$Address.connect(HttpConnection.java:351)
D/StrictMode( 1248):    at libcore.net.http.HttpConnectionPool.get(HttpConnectionPool.java:86)
D/StrictMode( 1248):    at libcore.net.http.HttpConnection.connect(HttpConnection.java:128)
D/StrictMode( 1248):    at libcore.net.http.HttpEngine.openSocketConnection(HttpEngine.java:308)
D/StrictMode( 1248):    at libcore.net.http.HttpEngine.connect(HttpEngine.java:303)
D/StrictMode( 1248):    at libcore.net.http.HttpEngine.sendSocketRequest(HttpEngine.java:282)
D/StrictMode( 1248):    at libcore.net.http.HttpEngine.sendRequest(HttpEngine.java:232)
D/StrictMode( 1248):    at libcore.net.http.HttpURLConnectionImpl.getResponse(HttpURLConnectionImpl.java:273)
D/StrictMode( 1248):    at libcore.net.http.HttpURLConnectionImpl.getInputStream(HttpURLConnectionImpl.java:168)
D/StrictMode( 1248):    at com.coship.netfirmware.downloads.HttpDownLoad.getInputStream(HttpDownLoad.java:66)
D/StrictMode( 1248):    at com.coship.netfirmware.downloads.HttpDownLoad.downfile(HttpDownLoad.java:43)
D/StrictMode( 1248):    at com.coship.netfirmware.NetFirmwareService.downFileFormService(NetFirmwareService.java:1511)
D/StrictMode( 1248):    at com.coship.netfirmware.NetFirmwareService.access$4800(NetFirmwareService.java:69)
D/StrictMode( 1248):    at com.coship.netfirmware.NetFirmwareService$6.run(NetFirmwareService.java:1147)
I/HttpDownLoad( 1248): network is error
D/StrictMode( 1248): StrictMode policy violation: android.os.StrictMode$StrictModeDiskReadViolation: policy=23 violation=2
D/StrictMode( 1248):    at android.os.StrictMode$AndroidBlockGuardPolicy.onReadFromDisk(StrictMode.java:1089)
D/StrictMode( 1248):    at libcore.io.BlockGuardOs.open(BlockGuardOs.java:106)
D/StrictMode( 1248):    at libcore.io.IoBridge.open(IoBridge.java:390)
D/StrictMode( 1248):    at java.io.FileInputStream.<init>(FileInputStream.java:78)
D/StrictMode( 1248):    at java.io.FileInputStream.<init>(FileInputStream.java:105)
D/StrictMode( 1248):    at com.coship.netfirmware.NetFirmwareService.getUpdateInfo(NetFirmwareService.java:1527)
D/StrictMode( 1248):    at com.coship.netfirmware.NetFirmwareService.downFileFormService(NetFirmwareService.java:1512)
D/StrictMode( 1248):    at com.coship.netfirmware.NetFirmwareService.access$4800(NetFirmwareService.java:69)
D/StrictMode( 1248):    at com.coship.netfirmware.NetFirmwareService$6.run(NetFirmwareService.java:1147)
D/StrictMode( 1248): StrictMode policy violation: android.os.StrictMode$StrictModeDiskReadViolation: policy=23 violation=2
D/StrictMode( 1248):    at android.os.StrictMode$AndroidBlockGuardPolicy.onReadFromDisk(StrictMode.java:1089)
D/StrictMode( 1248):    at libcore.io.BlockGuardOs.read(BlockGuardOs.java:148)
D/StrictMode( 1248):    at libcore.io.IoBridge.read(IoBridge.java:422)
D/StrictMode( 1248):    at java.io.FileInputStream.read(FileInputStream.java:179)
D/StrictMode( 1248):    at java.io.InputStreamReader.read(InputStreamReader.java:244)
D/StrictMode( 1248):    at java.io.BufferedReader.fillBuf(BufferedReader.java:130)
D/StrictMode( 1248):    at java.io.BufferedReader.readLine(BufferedReader.java:354)
D/StrictMode( 1248):    at com.coship.netfirmware.NetFirmwareService.getUpdateInfo(NetFirmwareService.java:1531)
D/StrictMode( 1248):    at com.coship.netfirmware.NetFirmwareService.downFileFormService(NetFirmwareService.java:1512)
D/StrictMode( 1248):    at com.coship.netfirmware.NetFirmwareService.access$4800(NetFirmwareService.java:69)
D/StrictMode( 1248):    at com.coship.netfirmware.NetFirmwareService$6.run(NetFirmwareService.java:1147)
D/StrictMode( 1248): StrictMode policy violation: android.os.StrictMode$StrictModeDiskReadViolation: policy=23 violation=2
D/StrictMode( 1248):    at android.os.StrictMode$AndroidBlockGuardPolicy.onReadFromDisk(StrictMode.java:1089)
D/StrictMode( 1248):    at libcore.io.BlockGuardOs.read(BlockGuardOs.java:148)
D/StrictMode( 1248):    at libcore.io.IoBridge.read(IoBridge.java:422)
D/StrictMode( 1248):    at java.io.FileInputStream.read(FileInputStream.java:179)
D/StrictMode( 1248):    at java.io.InputStreamReader.read(InputStreamReader.java:244)
D/StrictMode( 1248):    at java.io.BufferedReader.fillBuf(BufferedReader.java:130)
D/StrictMode( 1248):    at java.io.BufferedReader.readLine(BufferedReader.java:390)
D/StrictMode( 1248):    at com.coship.netfirmware.NetFirmwareService.getUpdateInfo(NetFirmwareService.java:1551)
D/StrictMode( 1248):    at com.coship.netfirmware.NetFirmwareService.downFileFormService(NetFirmwareService.java:1512)
D/StrictMode( 1248):    at com.coship.netfirmware.NetFirmwareService.access$4800(NetFirmwareService.java:69)
D/StrictMode( 1248):    at com.coship.netfirmware.NetFirmwareService$6.run(NetFirmwareService.java:1147)
D/StrictMode( 1248): StrictMode policy violation: android.os.StrictMode$StrictModeDiskReadViolation: policy=23 violation=2
D/StrictMode( 1248):    at android.os.StrictMode$AndroidBlockGuardPolicy.onReadFromDisk(StrictMode.java:1089)
D/StrictMode( 1248):    at libcore.io.BlockGuardOs.read(BlockGuardOs.java:148)
D/StrictMode( 1248):    at libcore.io.IoBridge.read(IoBridge.java:422)
D/StrictMode( 1248):    at java.io.FileInputStream.read(FileInputStream.java:179)
D/StrictMode( 1248):    at java.io.InputStreamReader.read(InputStreamReader.java:244)
D/StrictMode( 1248):    at java.io.BufferedReader.fillBuf(BufferedReader.java:130)
D/StrictMode( 1248):    at java.io.BufferedReader.readLine(BufferedReader.java:354)
D/StrictMode( 1248):    at com.coship.netfirmware.NetFirmwareService.getUpdateInfo(NetFirmwareService.java:1535)
D/StrictMode( 1248):    at com.coship.netfirmware.NetFirmwareService.downFileFormService(NetFirmwareService.java:1512)
D/StrictMode( 1248):    at com.coship.netfirmware.NetFirmwareService.access$4800(NetFirmwareService.java:69)
D/StrictMode( 1248):    at com.coship.netfirmware.NetFirmwareService$6.run(NetFirmwareService.java:1147)
I/NetFirmwareService( 1248): packageSize--->203078416
I/NetFirmwareService( 1248): MD5--->9fdbef1aaa66251c79dc139abb837520
V/NetFirmwareService( 1248): MSG_LOAD_DAT_STATUS_mNetUpdate--->false
D/NetFirmwareService( 1248): Network Connection Success!
D/NetFirmwareService( 1248): Not Found Upgrade File!
D/MonitorCw880( 2282): currentRemoteHost is null ,continue
D/MonitorCw880( 2282): currentRemoteHost is null ,continue
D/HomePlayerLib( 1621): hostaddress count is 1
D/dalvikvm( 1621): GC_CONCURRENT freed 2043K, 46% free 7255K/13379K, paused 2ms+3ms
W/ActivityManager(  979): Activity destroy timeout for ActivityRecord{415f99a0 com.coship.startwizard/.Step4WaitForConnecting}
D/dalvikvm( 1621): GC_CONCURRENT freed 1963K, 46% free 7240K/13379K, paused 2ms+3ms
D/MonitorCw880( 2282): currentRemoteHost is null ,continue
D/MonitorCw880( 2282): currentRemoteHost is null ,continue
D/CheckNetWork( 1600): isOk true
D/CheckNetWork( 1600): ActInfoNetworkInfo: type: WIFI[], state: CONNECTED/CONNECTED, reason: (unspecified), extra: (none), roaming: false, failover: false, isAvailable: true
D/CheckNetWork( 1600): infoNetworkInfo: type: WIFI[], state: CONNECTED/CONNECTED, reason: (unspecified), extra: (none), roaming: false, failover: false, isAvailable: true
D/HomePlayerLib( 1621): hostaddress count is 1
D/dalvikvm( 1621): GC_CONCURRENT freed 1931K, 46% free 7272K/13379K, paused 3ms+4ms
D/dalvikvm( 1621): GC_CONCURRENT freed 1974K, 46% free 7249K/13379K, paused 3ms+4ms
D/MonitorCw880( 2282): currentRemoteHost is null ,continue
D/MonitorCw880( 2282): currentRemoteHost is null ,continue
D/HomePlayerLib( 1621): hostaddress count is 1
D/dalvikvm( 1621): GC_CONCURRENT freed 1950K, 46% free 7325K/13379K, paused 3ms+4ms
D/dalvikvm( 1621): GC_CONCURRENT freed 2038K, 47% free 7207K/13379K, paused 2ms+4ms
D/MonitorCw880( 2282): currentRemoteHost is null ,continue
D/MonitorCw880( 2282): currentRemoteHost is null ,continue
I/System  ( 1694): Failed to destroy process 2418
I/System  ( 1694): libcore.io.ErrnoException: kill failed: ESRCH (No such process)
I/System  ( 1694):      at libcore.io.Posix.kill(Native Method)
I/System  ( 1694):      at libcore.io.ForwardingOs.kill(ForwardingOs.java:77)
I/System  ( 1694):      at java.lang.ProcessManager$ProcessImpl.destroy(ProcessManager.java:257)
I/System  ( 1694):      at com.coship.startwizard.service.NetworkStatus.checkNetWorkStatus(NetworkStatus.java:112)
I/System  ( 1694):      at com.coship.startwizard.Step4WaitForConnecting$1.run(Step4WaitForConnecting.java:40)
I/System  ( 1694):      at java.lang.Thread.run(Thread.java:856)
D/NetworkStatus( 1694): I want to pring...false
I/ActivityManager(  979): START {cmp=com.coship.startwizard/.Step8SearchWirelessNetwork} from pid 1694
W/ActivityManager(  979): startActivity called from non-Activity context; forcing Intent.FLAG_ACTIVITY_NEW_TASK for: Intent { cmp=com.coship.startwizard/.Step8SearchWirelessNetwork }
V/selena.android.view.SelenaView( 1278): **** onPause
W/selena.android.view.SelenaView( 1278):     at selena.android.view.SelenaView.activityOnPause(SelenaView.java:216)
E/fbdev   ( 1026): Attention! GFLIP time out, force update gop ring buffer!
E/fbdev   ( 1026): Attention! GFLIP time out, force update gop ring buffer!
W/WindowManager(  979): Rebuild removed 4 windows but added 3
W/WindowManager(  979): This window was lost: Window{4165bce8 com.coship.startwizard/com.coship.startwizard.Step4WaitForConnecting paused=false}
W/WindowManager(  979): mSession=Session{4163f1c8 uid 1000} mClient=android.os.BinderProxy@41605b20
W/WindowManager(  979): mAttrs=WM.LayoutParams{(0,0)(fillxfill) sim=#120 ty=1 fl=#1810500 pfl=0x8 wanim=0x1030001}
W/WindowManager(  979): Requested w=1280 h=720 mLayoutSeq=269
W/WindowManager(  979): mBaseLayer=21000 mSubLayer=0 mAnimLayer=21020+0=21020 mLastLayer=22015
W/WindowManager(  979): mSurface=Surface(name=com.coship.startwizard/com.coship.startwizard.Step4WaitForConnecting, identity=63)
W/WindowManager(  979): Surface: shown=false layer=22015 alpha=0.0 rect=(0.0,0.0) 1280.0 x 720.0
W/WindowManager(  979): mToken=AppWindowToken{41755348 token=Token{416ae418 ActivityRecord{415f99a0 com.coship.startwizard/.Step4WaitForConnecting}}}
W/WindowManager(  979): mRootToken=AppWindowToken{41755348 token=Token{416ae418 ActivityRecord{415f99a0 com.coship.startwizard/.Step4WaitForConnecting}}}
W/WindowManager(  979): mAppToken=AppWindowToken{41755348 token=Token{416ae418 ActivityRecord{415f99a0 com.coship.startwizard/.Step4WaitForConnecting}}}
W/WindowManager(  979): mViewVisibility=0x0 mLastHidden=true mHaveFrame=true mObscured=false
W/WindowManager(  979): mSeq=0 mSystemUiVisibility=0x0
W/WindowManager(  979): mGivenContentInsets=[0,0][0,0] mGivenVisibleInsets=[0,0][0,0]
W/WindowManager(  979): mConfiguration={1.0 0mcc0mnc zh_CN layoutdir=0 sw720dp w1280dp h720dp xlrg long land -touch -keyb/v/h -nav/h s.3}
W/WindowManager(  979): mShownFrame=[0.0,0.0][1280.0,720.0]
W/WindowManager(  979): mFrame=[0,0][1280,720] last=[0,0][1280,720]
W/WindowManager(  979): mContainingFrame=[0,0][1280,720] mParentFrame=[0,0][1280,720] mDisplayFrame=[0,0][1280,720]
W/WindowManager(  979): mContentFrame=[0,0][1280,720] mVisibleFrame=[0,0][1280,720]
W/WindowManager(  979): mContentInsets=[0,0][0,0] last=[0,0][0,0] mVisibleInsets=[0,0][0,0] last=[0,0][0,0]
W/WindowManager(  979): mShownAlpha=1.0 mAlpha=1.0 mLastAlpha=0.0
W/WindowManager(  979): mDrawPending=false mCommitDrawPending=false mReadyToShow=false mHasDrawn=true
W/WindowManager(  979): Current app token list:
V/WindowManager(  979):   #1: Token{41682b50 ActivityRecord{416f7018 com.coship.startwizard/.Step8SearchWirelessNetwork}}
V/WindowManager(  979):   #0: Token{4164c958 ActivityRecord{4164c588 com.ts.gaya.coship/.MainActivity}}
W/WindowManager(  979): Final window list:
V/WindowManager(  979):   #10: Window{4167a7c8 StatusBar paused=false}
V/WindowManager(  979):   #9: Window{41678c68 CompatModePanel paused=false}
V/WindowManager(  979):   #8: Window{41674a08 InputMethodsPanel paused=false}
V/WindowManager(  979):   #7: Window{4163c388 RecentsPanel paused=false}
V/WindowManager(  979):   #6: Window{4163b1e0 NotificationPanel paused=false}
V/WindowManager(  979):   #5: Window{416b3878 InputMethod paused=false}
V/WindowManager(  979):   #4: Window{4166aee8  paused=false}
V/WindowManager(  979):   #3: Window{416a7360 Starting com.coship.startwizard paused=false}
V/WindowManager(  979):   #2: Window{41641158 com.ts.gaya.coship/com.ts.gaya.coship.MainActivity paused=false}
V/WindowManager(  979):   #1: Window{416bf070 SurfaceView paused=false}
E/fbdev   ( 1026): Attention! GFLIP time out, force update gop ring buffer!
V/WindowManager(  979):   #0: Window{41627720 com.android.systemui.ImageWallpaper paused=false}
E/fbdev   ( 1026): Attention! GFLIP time out, force update gop ring buffer!
E/fbdev   ( 1026): Attention! GFLIP time out, force update gop ring buffer!
E/fbdev   ( 1026): Attention! GFLIP time out, force update gop ring buffer!
E/fbdev   ( 1026): Attention! GFLIP time out, force update gop ring buffer!
E/fbdev   ( 1026): Attention! GFLIP time out, force update gop ring buffer!
E/fbdev   ( 1026): Attention! GFLIP time out, force update gop ring buffer!
E/fbdev   ( 1026): Attention! GFLIP time out, force update gop ring buffer!
E/fbdev   ( 1026): Attention! GFLIP time out, force update gop ring buffer!
E/fbdev   ( 1026): Attention! GFLIP time out, force update gop ring buffer!
E/fbdev   ( 1026): Attention! GFLIP time out, force update gop ring buffer!
E/fbdev   ( 1026): Attention! GFLIP time out, force update gop ring buffer!
E/fbdev   ( 1026): Attention! GFLIP time out, force update gop ring buffer!
E/fbdev   ( 1026): Attention! GFLIP time out, force update gop ring buffer!
E/fbdev   ( 1026): Attention! GFLIP time out, force update gop ring buffer!
E/fbdev   ( 1026): Attention! GFLIP time out, force update gop ring buffer!
E/fbdev   ( 1026): Attention! GFLIP time out, force update gop ring buffer!
E/fbdev   ( 1026): Attention! GFLIP time out, force update gop ring buffer!
E/fbdev   ( 1026): Attention! GFLIP time out, force update gop ring buffer!
E/fbdev   ( 1026): Attention! GFLIP time out, force update gop ring buffer!
E/fbdev   ( 1026): Attention! GFLIP time out, force update gop ring buffer!
E/fbdev   ( 1026): Attention! GFLIP time out, force update gop ring buffer!
E/fbdev   ( 1026): Attention! GFLIP time out, force update gop ring buffer!
E/fbdev   ( 1026): Attention! GFLIP time out, force update gop ring buffer!
E/fbdev   ( 1026): Attention! GFLIP time out, force update gop ring buffer!
E/fbdev   ( 1026): Attention! GFLIP time out, force update gop ring buffer!
E/fbdev   ( 1026): Attention! GFLIP time out, force update gop ring buffer!
E/fbdev   ( 1026): Attention! GFLIP time out, force update gop ring buffer!
E/fbdev   ( 1026): Attention! GFLIP time out, force update gop ring buffer!
I/Process (  979): Sending signal. PID: 1694 SIG: 3
I/dalvikvm( 1694): threadid=3: reacting to signal 3
I/dalvikvm( 1694): Wrote stack traces to '/data/anr/traces.txt'
E/fbdev   ( 1026): Attention! GFLIP time out, force update gop ring buffer!
E/fbdev   ( 1026): Attention! GFLIP time out, force update gop ring buffer!
E/fbdev   ( 1026): Attention! GFLIP time out, force update gop ring buffer!
E/fbdev   ( 1026): Attention! GFLIP time out, force update gop ring buffer!
E/fbdev   ( 1026): Attention! GFLIP time out, force update gop ring buffer!
E/fbdev   ( 1026): Attention! GFLIP time out, force update gop ring buffer!
E/fbdev   ( 1026): Attention! GFLIP time out, force update gop ring buffer!
E/fbdev   ( 1026): Attention! GFLIP time out, force update gop ring buffer!
E/fbdev   ( 1026): Attention! GFLIP time out, force update gop ring buffer!
E/fbdev   ( 1026): Attention! GFLIP time out, force update gop ring buffer!
E/fbdev   ( 1026): Attention! GFLIP time out, force update gop ring buffer!
I/Process (  979): Sending signal. PID: 1694 SIG: 3
I/dalvikvm( 1694): threadid=3: reacting to signal 3
I/dalvikvm( 1694): Wrote stack traces to '/data/anr/traces.txt'
I/Process (  979): Sending signal. PID: 1694 SIG: 3
I/dalvikvm( 1694): threadid=3: reacting to signal 3
I/dalvikvm( 1694): Wrote stack traces to '/data/anr/traces.txt'
D/HomePlayerLib( 1621): hostaddress count is 1
D/dalvikvm( 1621): GC_CONCURRENT freed 1915K, 46% free 7236K/13379K, paused 3ms+3ms
I/Process (  979): Sending signal. PID: 1694 SIG: 3
I/dalvikvm( 1694): threadid=3: reacting to signal 3
I/dalvikvm( 1694): Wrote stack traces to '/data/anr/traces.txt'
D/dalvikvm( 1621): GC_CONCURRENT freed 1945K, 46% free 7332K/13379K, paused 2ms+3ms
I/Process (  979): Sending signal. PID: 1694 SIG: 3
I/dalvikvm( 1694): threadid=3: reacting to signal 3
I/dalvikvm( 1694): Wrote stack traces to '/data/anr/traces.txt'
D/MonitorCw880( 2282): currentRemoteHost is null ,continue
I/Process (  979): Sending signal. PID: 1694 SIG: 3
I/dalvikvm( 1694): threadid=3: reacting to signal 3
I/dalvikvm( 1694): Wrote stack traces to '/data/anr/traces.txt'
I/Process (  979): Sending signal. PID: 1694 SIG: 3
I/dalvikvm( 1694): threadid=3: reacting to signal 3
I/dalvikvm( 1694): Wrote stack traces to '/data/anr/traces.txt'
I/Process (  979): Sending signal. PID: 1694 SIG: 3
I/dalvikvm( 1694): threadid=3: reacting to signal 3
I/dalvikvm( 1694): Wrote stack traces to '/data/anr/traces.txt'
I/Process (  979): Sending signal. PID: 1694 SIG: 3
I/dalvikvm( 1694): threadid=3: reacting to signal 3
I/dalvikvm( 1694): Wrote stack traces to '/data/anr/traces.txt'
I/Process (  979): Sending signal. PID: 1694 SIG: 3
I/dalvikvm( 1694): threadid=3: reacting to signal 3
I/dalvikvm( 1694): Wrote stack traces to '/data/anr/traces.txt'
I/Process (  979): Sending signal. PID: 1694 SIG: 3
I/dalvikvm( 1694): threadid=3: reacting to signal 3
I/dalvikvm( 1694): Wrote stack traces to '/data/anr/traces.txt'
I/Process (  979): Sending signal. PID: 1694 SIG: 3
I/dalvikvm( 1694): threadid=3: reacting to signal 3
I/dalvikvm( 1694): Wrote stack traces to '/data/anr/traces.txt'
I/Process (  979): Sending signal. PID: 1694 SIG: 3
I/dalvikvm( 1694): threadid=3: reacting to signal 3
I/dalvikvm( 1694): Wrote stack traces to '/data/anr/traces.txt'
I/Process (  979): Sending signal. PID: 1694 SIG: 3
I/dalvikvm( 1694): threadid=3: reacting to signal 3
I/dalvikvm( 1694): Wrote stack traces to '/data/anr/traces.txt'
I/Process (  979): Sending signal. PID: 1694 SIG: 3
I/dalvikvm( 1694): threadid=3: reacting to signal 3
I/dalvikvm( 1694): Wrote stack traces to '/data/anr/traces.txt'
D/MonitorCw880( 2282): currentRemoteHost is null ,continue
I/Process (  979): Sending signal. PID: 1694 SIG: 3
I/dalvikvm( 1694): threadid=3: reacting to signal 3
I/dalvikvm( 1694): Wrote stack traces to '/data/anr/traces.txt'
I/Process (  979): Sending signal. PID: 1694 SIG: 3
I/dalvikvm( 1694): threadid=3: reacting to signal 3
I/dalvikvm( 1694): Wrote stack traces to '/data/anr/traces.txt'
I/Process (  979): Sending signal. PID: 1694 SIG: 3
I/dalvikvm( 1694): threadid=3: reacting to signal 3
I/dalvikvm( 1694): Wrote stack traces to '/data/anr/traces.txt'
E/fbdev   ( 1026): Attention! GFLIP time out, force update gop ring buffer!
E/fbdev   ( 1026): Attention! GFLIP time out, force update gop ring buffer!
E/fbdev   ( 1026): Attention! GFLIP time out, force update gop ring buffer!
E/fbdev   ( 1026): Attention! GFLIP time out, force update gop ring buffer!
E/fbdev   ( 1026): Attention! GFLIP time out, force update gop ring buffer!
E/fbdev   ( 1026): Attention! GFLIP time out, force update gop ring buffer!
E/fbdev   ( 1026): Attention! GFLIP time out, force update gop ring buffer!
E/fbdev   ( 1026): Attention! GFLIP time out, force update gop ring buffer!
E/fbdev   ( 1026): Attention! GFLIP time out, force update gop ring buffer!
E/fbdev   ( 1026): Attention! GFLIP time out, force update gop ring buffer!
E/fbdev   ( 1026): Attention! GFLIP time out, force update gop ring buffer!
E/fbdev   ( 1026): Attention! GFLIP time out, force update gop ring buffer!
E/fbdev   ( 1026): Attention! GFLIP time out, force update gop ring buffer!
E/fbdev   ( 1026): Attention! GFLIP time out, force update gop ring buffer!
E/fbdev   ( 1026): Attention! GFLIP time out, force update gop ring buffer!
E/fbdev   ( 1026): Attention! GFLIP time out, force update gop ring buffer!
E/fbdev   ( 1026): Attention! GFLIP time out, force update gop ring buffer!
E/fbdev   ( 1026): Attention! GFLIP time out, force update gop ring buffer!
E/fbdev   ( 1026): Attention! GFLIP time out, force update gop ring buffer!
E/fbdev   ( 1026): Attention! GFLIP time out, force update gop ring buffer!
E/fbdev   ( 1026): Attention! GFLIP time out, force update gop ring buffer!
E/fbdev   ( 1026): Attention! GFLIP time out, force update gop ring buffer!
I/Process (  979): Sending signal. PID: 1694 SIG: 3
I/dalvikvm( 1694): threadid=3: reacting to signal 3
I/dalvikvm( 1694): Wrote stack traces to '/data/anr/traces.txt'
W/ActivityManager(  979): Launch timeout has expired, giving up wake lock!
I/Process (  979): Sending signal. PID: 1694 SIG: 3
I/dalvikvm( 1694): threadid=3: reacting to signal 3
I/dalvikvm( 1694): Wrote stack traces to '/data/anr/traces.txt'
W/ActivityManager(  979): Activity idle timeout for ActivityRecord{416f7018 com.coship.startwizard/.Step8SearchWirelessNetwork}
D/MonitorCw880( 2282): currentRemoteHost is null ,continue
D/HomePlayerLib( 1621): hostaddress count is 1
D/dalvikvm( 1621): GC_CONCURRENT freed 2040K, 46% free 7259K/13379K, paused 2ms+4ms
D/dalvikvm( 1621): GC_CONCURRENT freed 1968K, 46% free 7244K/13379K, paused 2ms+4ms
D/PushMsgCenter( 1560): mDownUpRun run while (true)
D/PushMsgCenter( 1560): down  
D/MonitorCw880( 2282): currentRemoteHost is null ,continue
V/NetFirmwareService( 1248): Network is connected!
V/NetFirmwareService( 1248): mServicePath--->http://update.feifeikan.com/Fbox
I/NetFirmwareService( 1248): mHwvStr--->002102
I/NetFirmwareService( 1248): mSwv--->211311
I/FileUtils( 1248): mkFilePath--->/data/data/com.coship.netfirmware/versioncode.dat
D/StrictMode( 1248): StrictMode policy violation: android.os.StrictMode$StrictModeNetworkViolation: policy=23 violation=4
D/StrictMode( 1248):    at android.os.StrictMode$AndroidBlockGuardPolicy.onNetwork(StrictMode.java:1105)
D/StrictMode( 1248):    at java.net.InetAddress.lookupHostByName(InetAddress.java:391)
D/StrictMode( 1248):    at java.net.InetAddress.getAllByNameImpl(InetAddress.java:242)
D/StrictMode( 1248):    at java.net.InetAddress.getAllByName(InetAddress.java:220)
D/StrictMode( 1248):    at libcore.net.http.HttpConnection.<init>(HttpConnection.java:71)
D/StrictMode( 1248):    at libcore.net.http.HttpConnection.<init>(HttpConnection.java:50)
D/StrictMode( 1248):    at libcore.net.http.HttpConnection$Address.connect(HttpConnection.java:351)
D/StrictMode( 1248):    at libcore.net.http.HttpConnectionPool.get(HttpConnectionPool.java:86)
D/StrictMode( 1248):    at libcore.net.http.HttpConnection.connect(HttpConnection.java:128)
D/StrictMode( 1248):    at libcore.net.http.HttpEngine.openSocketConnection(HttpEngine.java:308)
D/StrictMode( 1248):    at libcore.net.http.HttpEngine.connect(HttpEngine.java:303)
D/StrictMode( 1248):    at libcore.net.http.HttpEngine.sendSocketRequest(HttpEngine.java:282)
D/StrictMode( 1248):    at libcore.net.http.HttpEngine.sendRequest(HttpEngine.java:232)
D/StrictMode( 1248):    at libcore.net.http.HttpURLConnectionImpl.getResponse(HttpURLConnectionImpl.java:273)
D/StrictMode( 1248):    at libcore.net.http.HttpURLConnectionImpl.getInputStream(HttpURLConnectionImpl.java:168)
D/StrictMode( 1248):    at com.coship.netfirmware.downloads.HttpDownLoad.getInputStream(HttpDownLoad.java:66)
D/StrictMode( 1248):    at com.coship.netfirmware.downloads.HttpDownLoad.downfile(HttpDownLoad.java:43)
D/StrictMode( 1248):    at com.coship.netfirmware.NetFirmwareService.downFileFormService(NetFirmwareService.java:1504)
D/StrictMode( 1248):    at com.coship.netfirmware.NetFirmwareService.access$4800(NetFirmwareService.java:69)
D/StrictMode( 1248):    at com.coship.netfirmware.NetFirmwareService$6.run(NetFirmwareService.java:1147)
D/MonitorCw880( 2282): currentRemoteHost is null ,continue
D/dalvikvm( 1621): GC_CONCURRENT freed 1944K, 46% free 7287K/13379K, paused 2ms+4ms
D/HomePlayerLib( 1621): hostaddress count is 1
D/dalvikvm( 1621): GC_CONCURRENT freed 1988K, 46% free 7331K/13379K, paused 2ms+4ms
D/dalvikvm( 1621): GC_CONCURRENT freed 2020K, 46% free 7280K/13379K, paused 2ms+3ms
E/fbdev   ( 1026): Attention! GFLIP time out, force update gop ring buffer!
E/fbdev   ( 1026): Attention! GFLIP time out, force update gop ring buffer!
E/fbdev   ( 1026): Attention! GFLIP time out, force update gop ring buffer!
E/fbdev   ( 1026): Attention! GFLIP time out, force update gop ring buffer!
E/fbdev   ( 1026): Attention! GFLIP time out, force update gop ring buffer!
E/fbdev   ( 1026): Attention! GFLIP time out, force update gop ring buffer!
E/fbdev   ( 1026): Attention! GFLIP time out, force update gop ring buffer!
E/fbdev   ( 1026): Attention! GFLIP time out, force update gop ring buffer!
E/fbdev   ( 1026): Attention! GFLIP time out, force update gop ring buffer!
E/fbdev   ( 1026): Attention! GFLIP time out, force update gop ring buffer!
E/fbdev   ( 1026): Attention! GFLIP time out, force update gop ring buffer!
E/fbdev   ( 1026): Attention! GFLIP time out, force update gop ring buffer!
E/fbdev   ( 1026): Attention! GFLIP time out, force update gop ring buffer!
E/fbdev   ( 1026): Attention! GFLIP time out, force update gop ring buffer!
E/fbdev   ( 1026): Attention! GFLIP time out, force update gop ring buffer!
E/fbdev   ( 1026): Attention! GFLIP time out, force update gop ring buffer!
E/fbdev   ( 1026): Attention! GFLIP time out, force update gop ring buffer!
E/fbdev   ( 1026): Attention! GFLIP time out, force update gop ring buffer!
E/fbdev   ( 1026): Attention! GFLIP time out, force update gop ring buffer!
E/fbdev   ( 1026): Attention! GFLIP time out, force update gop ring buffer!
E/fbdev   ( 1026): Attention! GFLIP time out, force update gop ring buffer!
E/fbdev   ( 1026): Attention! GFLIP time out, force update gop ring buffer!
E/fbdev   ( 1026): Attention! GFLIP time out, force update gop ring buffer!
E/fbdev   ( 1026): Attention! GFLIP time out, force update gop ring buffer!
E/fbdev   ( 1026): Attention! GFLIP time out, force update gop ring buffer!
E/fbdev   ( 1026): Attention! GFLIP time out, force update gop ring buffer!
E/fbdev   ( 1026): Attention! GFLIP time out, force update gop ring buffer!
E/fbdev   ( 1026): Attention! GFLIP time out, force update gop ring buffer!
E/fbdev   ( 1026): Attention! GFLIP time out, force update gop ring buffer!
D/MonitorCw880( 2282): currentRemoteHost is null ,continue
D/MonitorCw880( 2282): currentRemoteHost is null ,continue
D/HomePlayerLib( 1621): hostaddress count is 1
D/dalvikvm( 1621): GC_CONCURRENT freed 1988K, 47% free 7217K/13379K, paused 2ms+4ms
D/dalvikvm( 1621): GC_CONCURRENT freed 1908K, 46% free 7233K/13379K, paused 3ms+3ms
D/MonitorCw880( 2282): currentRemoteHost is null ,continue
D/CheckNetWork( 1600): isOk true
D/CheckNetWork( 1600): ActInfoNetworkInfo: type: WIFI[], state: CONNECTED/CONNECTED, reason: (unspecified), extra: (none), roaming: false, failover: false, isAvailable: true
D/CheckNetWork( 1600): infoNetworkInfo: type: WIFI[], state: CONNECTED/CONNECTED, reason: (unspecified), extra: (none), roaming: false, failover: false, isAvailable: true
D/MonitorCw880( 2282): currentRemoteHost is null ,continue
D/HomePlayerLib( 1621): hostaddress count is 1
D/dalvikvm( 1621): GC_CONCURRENT freed 1948K, 46% free 7348K/13379K, paused 2ms+3ms
D/dalvikvm( 1621): GC_CONCURRENT freed 2051K, 46% free 7341K/13379K, paused 2ms+4ms
D/MonitorCw880( 2282): currentRemoteHost is null ,continue
D/MonitorCw880( 2282): currentRemoteHost is null ,continue
D/HomePlayerLib( 1621): hostaddress count is 1
D/dalvikvm( 1621): GC_CONCURRENT freed 2044K, 46% free 7231K/13379K, paused 3ms+4ms
D/dalvikvm( 1621): GC_CONCURRENT freed 1923K, 46% free 7235K/13379K, paused 2ms+3ms
W/System.err( 1560): java.net.UnknownHostException: Unable to resolve host "vitv.voicecloud.cn": No address associated with hostname
W/System.err( 1560):    at java.net.InetAddress.lookupHostByName(InetAddress.java:426)
W/System.err( 1560):    at java.net.InetAddress.getAllByNameImpl(InetAddress.java:242)
W/System.err( 1560):    at java.net.InetAddress.getAllByName(InetAddress.java:220)
W/System.err( 1560):    at libcore.net.http.HttpConnection.<init>(HttpConnection.java:71)
W/System.err( 1560):    at libcore.net.http.HttpConnection.<init>(HttpConnection.java:50)
W/System.err( 1560):    at libcore.net.http.HttpConnection$Address.connect(HttpConnection.java:351)
W/System.err( 1560):    at libcore.net.http.HttpConnectionPool.get(HttpConnectionPool.java:86)
W/System.err( 1560):    at libcore.net.http.HttpConnection.connect(HttpConnection.java:128)
W/System.err( 1560):    at libcore.net.http.HttpEngine.openSocketConnection(HttpEngine.java:308)
W/System.err( 1560):    at libcore.net.http.HttpEngine.connect(HttpEngine.java:303)
W/System.err( 1560):    at libcore.net.http.HttpEngine.sendSocketRequest(HttpEngine.java:282)
W/System.err( 1560):    at libcore.net.http.HttpEngine.sendRequest(HttpEngine.java:232)
W/System.err( 1560):    at libcore.net.http.HttpURLConnectionImpl.getResponse(HttpURLConnectionImpl.java:273)
W/System.err( 1560):    at libcore.net.http.HttpURLConnectionImpl.getResponseCode(HttpURLConnectionImpl.java:479)
W/System.err( 1560):    at com.iflytek.push.PushMsgCenter.down(PushMsgCenter.java:270)
W/System.err( 1560):    at com.iflytek.push.PushMsgCenter.access$500(PushMsgCenter.java:37)
W/System.err( 1560):    at com.iflytek.push.PushMsgCenter$2.run(PushMsgCenter.java:175)
W/System.err( 1560):    at java.lang.Thread.run(Thread.java:856)
W/System.err( 1560): Caused by: libcore.io.GaiException: getaddrinfo failed: EAI_NODATA (No address associated with hostname)
W/System.err( 1560):    at libcore.io.Posix.getaddrinfo(Native Method)
W/System.err( 1560):    at libcore.io.ForwardingOs.getaddrinfo(ForwardingOs.java:55)
W/System.err( 1560):    at java.net.InetAddress.lookupHostByName(InetAddress.java:411)
W/System.err( 1560):    ... 17 more
D/MonitorCw880( 2282): currentRemoteHost is null ,continue
I/HttpDownLoad( 1248): network is error
D/StrictMode( 1248): StrictMode policy violation: android.os.StrictMode$StrictModeDiskReadViolation: policy=23 violation=2
D/StrictMode( 1248):    at android.os.StrictMode$AndroidBlockGuardPolicy.onReadFromDisk(StrictMode.java:1089)
D/StrictMode( 1248):    at libcore.io.BlockGuardOs.open(BlockGuardOs.java:106)
D/StrictMode( 1248):    at libcore.io.IoBridge.open(IoBridge.java:390)
D/StrictMode( 1248):    at java.io.FileInputStream.<init>(FileInputStream.java:78)
D/StrictMode( 1248):    at java.io.FileInputStream.<init>(FileInputStream.java:105)
D/StrictMode( 1248):    at com.coship.netfirmware.NetFirmwareService.getUpdateInfo(NetFirmwareService.java:1527)
D/StrictMode( 1248):    at com.coship.netfirmware.NetFirmwareService.downFileFormService(NetFirmwareService.java:1506)
D/StrictMode( 1248):    at com.coship.netfirmware.NetFirmwareService.access$4800(NetFirmwareService.java:69)
D/StrictMode( 1248):    at com.coship.netfirmware.NetFirmwareService$6.run(NetFirmwareService.java:1147)
D/StrictMode( 1248): StrictMode policy violation: android.os.StrictMode$StrictModeDiskReadViolation: policy=23 violation=2
D/StrictMode( 1248):    at android.os.StrictMode$AndroidBlockGuardPolicy.onReadFromDisk(StrictMode.java:1089)
D/StrictMode( 1248):    at libcore.io.BlockGuardOs.read(BlockGuardOs.java:148)
D/StrictMode( 1248):    at libcore.io.IoBridge.read(IoBridge.java:422)
D/StrictMode( 1248):    at java.io.FileInputStream.read(FileInputStream.java:179)
D/StrictMode( 1248):    at java.io.InputStreamReader.read(InputStreamReader.java:244)
D/StrictMode( 1248):    at java.io.BufferedReader.fillBuf(BufferedReader.java:130)
D/StrictMode( 1248):    at java.io.BufferedReader.readLine(BufferedReader.java:354)
D/StrictMode( 1248):    at com.coship.netfirmware.NetFirmwareService.getUpdateInfo(NetFirmwareService.java:1531)
D/StrictMode( 1248):    at com.coship.netfirmware.NetFirmwareService.downFileFormService(NetFirmwareService.java:1506)
D/StrictMode( 1248):    at com.coship.netfirmware.NetFirmwareService.access$4800(NetFirmwareService.java:69)
D/StrictMode( 1248):    at com.coship.netfirmware.NetFirmwareService$6.run(NetFirmwareService.java:1147)
D/StrictMode( 1248): StrictMode policy violation: android.os.StrictMode$StrictModeDiskReadViolation: policy=23 violation=2
D/StrictMode( 1248):    at android.os.StrictMode$AndroidBlockGuardPolicy.onReadFromDisk(StrictMode.java:1089)
D/StrictMode( 1248):    at libcore.io.BlockGuardOs.read(BlockGuardOs.java:148)
D/StrictMode( 1248):    at libcore.io.IoBridge.read(IoBridge.java:422)
D/StrictMode( 1248):    at java.io.FileInputStream.read(FileInputStream.java:179)
D/StrictMode( 1248):    at java.io.InputStreamReader.read(InputStreamReader.java:244)
D/StrictMode( 1248):    at java.io.BufferedReader.fillBuf(BufferedReader.java:130)
D/StrictMode( 1248):    at java.io.BufferedReader.readLine(BufferedReader.java:390)
D/StrictMode( 1248):    at com.coship.netfirmware.NetFirmwareService.getUpdateInfo(NetFirmwareService.java:1551)
D/StrictMode( 1248):    at com.coship.netfirmware.NetFirmwareService.downFileFormService(NetFirmwareService.java:1506)
D/StrictMode( 1248):    at com.coship.netfirmware.NetFirmwareService.access$4800(NetFirmwareService.java:69)
D/StrictMode( 1248):    at com.coship.netfirmware.NetFirmwareService$6.run(NetFirmwareService.java:1147)
D/StrictMode( 1248): StrictMode policy violation: android.os.StrictMode$StrictModeDiskReadViolation: policy=23 violation=2
D/StrictMode( 1248):    at android.os.StrictMode$AndroidBlockGuardPolicy.onReadFromDisk(StrictMode.java:1089)
D/StrictMode( 1248):    at libcore.io.BlockGuardOs.read(BlockGuardOs.java:148)
D/StrictMode( 1248):    at libcore.io.IoBridge.read(IoBridge.java:422)
D/StrictMode( 1248):    at java.io.FileInputStream.read(FileInputStream.java:179)
D/StrictMode( 1248):    at java.io.InputStreamReader.read(InputStreamReader.java:244)
D/StrictMode( 1248):    at java.io.BufferedReader.fillBuf(BufferedReader.java:130)
D/StrictMode( 1248):    at java.io.BufferedReader.readLine(BufferedReader.java:354)
D/StrictMode( 1248):    at com.coship.netfirmware.NetFirmwareService.getUpdateInfo(NetFirmwareService.java:1551)
D/StrictMode( 1248):    at com.coship.netfirmware.NetFirmwareService.downFileFormService(NetFirmwareService.java:1506)
D/StrictMode( 1248):    at com.coship.netfirmware.NetFirmwareService.access$4800(NetFirmwareService.java:69)
D/StrictMode( 1248):    at com.coship.netfirmware.NetFirmwareService$6.run(NetFirmwareService.java:1147)
I/NetFirmwareService( 1248): v--->211311
I/NetFirmwareService( 1248): q--->00001
I/NetFirmwareService( 1248): c--->00001
I/FileUtils( 1248): mkFilePath--->/data/data/com.coship.netfirmware/description_211311.dat
D/StrictMode( 1248): StrictMode policy violation: android.os.StrictMode$StrictModeNetworkViolation: policy=23 violation=4
D/StrictMode( 1248):    at android.os.StrictMode$AndroidBlockGuardPolicy.onNetwork(StrictMode.java:1105)
D/StrictMode( 1248):    at java.net.InetAddress.lookupHostByName(InetAddress.java:391)
D/StrictMode( 1248):    at java.net.InetAddress.getAllByNameImpl(InetAddress.java:242)
D/StrictMode( 1248):    at java.net.InetAddress.getAllByName(InetAddress.java:220)
D/StrictMode( 1248):    at libcore.net.http.HttpConnection.<init>(HttpConnection.java:71)
D/StrictMode( 1248):    at libcore.net.http.HttpConnection.<init>(HttpConnection.java:50)
D/StrictMode( 1248):    at libcore.net.http.HttpConnection$Address.connect(HttpConnection.java:351)
D/StrictMode( 1248):    at libcore.net.http.HttpConnectionPool.get(HttpConnectionPool.java:86)
D/StrictMode( 1248):    at libcore.net.http.HttpConnection.connect(HttpConnection.java:128)
D/StrictMode( 1248):    at libcore.net.http.HttpEngine.openSocketConnection(HttpEngine.java:308)
D/StrictMode( 1248):    at libcore.net.http.HttpEngine.connect(HttpEngine.java:303)
D/StrictMode( 1248):    at libcore.net.http.HttpEngine.sendSocketRequest(HttpEngine.java:282)
D/StrictMode( 1248):    at libcore.net.http.HttpEngine.sendRequest(HttpEngine.java:232)
D/StrictMode( 1248):    at libcore.net.http.HttpURLConnectionImpl.getResponse(HttpURLConnectionImpl.java:273)
D/StrictMode( 1248):    at libcore.net.http.HttpURLConnectionImpl.getInputStream(HttpURLConnectionImpl.java:168)
D/StrictMode( 1248):    at com.coship.netfirmware.downloads.HttpDownLoad.getInputStream(HttpDownLoad.java:66)
D/StrictMode( 1248):    at com.coship.netfirmware.downloads.HttpDownLoad.downfile(HttpDownLoad.java:43)
D/StrictMode( 1248):    at com.coship.netfirmware.NetFirmwareService.downFileFormService(NetFirmwareService.java:1511)
D/StrictMode( 1248):    at com.coship.netfirmware.NetFirmwareService.access$4800(NetFirmwareService.java:69)
D/StrictMode( 1248):    at com.coship.netfirmware.NetFirmwareService$6.run(NetFirmwareService.java:1147)
I/HttpDownLoad( 1248): network is error
D/StrictMode( 1248): StrictMode policy violation: android.os.StrictMode$StrictModeDiskReadViolation: policy=23 violation=2
D/StrictMode( 1248):    at android.os.StrictMode$AndroidBlockGuardPolicy.onReadFromDisk(StrictMode.java:1089)
D/StrictMode( 1248):    at libcore.io.BlockGuardOs.open(BlockGuardOs.java:106)
D/StrictMode( 1248):    at libcore.io.IoBridge.open(IoBridge.java:390)
D/StrictMode( 1248):    at java.io.FileInputStream.<init>(FileInputStream.java:78)
D/StrictMode( 1248):    at java.io.FileInputStream.<init>(FileInputStream.java:105)
D/StrictMode( 1248):    at com.coship.netfirmware.NetFirmwareService.getUpdateInfo(NetFirmwareService.java:1527)
D/StrictMode( 1248):    at com.coship.netfirmware.NetFirmwareService.downFileFormService(NetFirmwareService.java:1512)
D/StrictMode( 1248):    at com.coship.netfirmware.NetFirmwareService.access$4800(NetFirmwareService.java:69)
D/StrictMode( 1248):    at com.coship.netfirmware.NetFirmwareService$6.run(NetFirmwareService.java:1147)
D/dalvikvm( 1248): GC_CONCURRENT freed 373K, 84% free 1336K/8067K, paused 1ms+1ms
D/StrictMode( 1248): StrictMode policy violation: android.os.StrictMode$StrictModeDiskReadViolation: policy=23 violation=2
