shell@android:/ $ logcat
--------- beginning of /dev/log/system
W/PackageParser(  979): No actions in intent filter at /system/app/com.coship.NetworkNavigation.apk Binary XML file line #24
W/PackageParser(  979): No actions in intent filter at /system/app/com.coship.NetworkNavigation.apk Binary XML file line #31
W/PackageParser(  979): No actions in intent filter at /system/app/com.coship.NetworkNavigation.apk Binary XML file line #38
W/PackageParser(  979): No actions in intent filter at /system/app/com.coship.NetworkNavigation.apk Binary XML file line #45
W/PackageParser(  979): No actions in intent filter at /system/app/com.coship.NetworkNavigation.apk Binary XML file line #52
I/PackageParser(  979): com.coship.dvbplayer: compat added android.permission.READ_PHONE_STATE
W/PackageParser(  979): No actions in intent filter at /system/app/com.coship.dvbsetting.apk Binary XML file line #102
W/PackageParser(  979): No actions in intent filter at /system/app/com.coship.dvbsetting.apk Binary XML file line #110
W/PackageParser(  979): No actions in intent filter at /system/app/com.coship.dvbsetting.apk Binary XML file line #118
W/PackageParser(  979): No actions in intent filter at /system/app/com.coship.dvbsetting.apk Binary XML file line #126
W/PackageParser(  979): No actions in intent filter at /system/app/com.coship.dvbsetting.apk Binary XML file line #134
W/PackageParser(  979): No actions in intent filter at /system/app/com.coship.dvbsetting.apk Binary XML file line #140
W/PackageParser(  979): No actions in intent filter at /system/app/com.coship.dvbsetting.apk Binary XML file line #154
W/PackageParser(  979): No actions in intent filter at /system/app/com.coship.dvbsetting.apk Binary XML file line #162
W/PackageParser(  979): No actions in intent filter at /system/app/com.coship.dvbsetting.apk Binary XML file line #171
W/PackageParser(  979): No actions in intent filter at /system/app/com.coship.dvbsetting.apk Binary XML file line #179
W/PackageParser(  979): No actions in intent filter at /system/app/com.coship.dvbsetting.apk Binary XML file line #186
W/PackageParser(  979): No actions in intent filter at /system/app/com.coship.dvbsetting.apk Binary XML file line #194
W/PackageParser(  979): No actions in intent filter at /system/app/com.coship.dvbsetting.apk Binary XML file line #201
W/PackageParser(  979): No actions in intent filter at /system/app/com.coship.dvbsetting.apk Binary XML file line #209
W/PackageParser(  979): No actions in intent filter at /system/app/com.coship.dvbsetting.apk Binary XML file line #216
W/PackageParser(  979): No actions in intent filter at /system/app/com.coship.dvbsetting.apk Binary XML file line #222
W/PackageParser(  979): No actions in intent filter at /system/app/com.coship.dvbsetting.apk Binary XML file line #229
W/PackageParser(  979): No actions in intent filter at /system/app/com.coship.dvbsetting.apk Binary XML file line #235
I/PackageParser(  979): com.coship.dvbsetting: compat added android.permission.READ_PHONE_STATE
W/PackageManager(  979): Unable to update from com.android.settings to com.coship.dvbsetting: old package still exists
W/PackageParser(  979): No actions in intent filter at /system/app/com.coship.netfirmware.apk Binary XML file line #36
W/PackageParser(  979): No actions in intent filter at /system/app/com.coship.startwizard.apk Binary XML file line #39
W/PackageParser(  979): No actions in intent filter at /system/app/com.coship.startwizard.apk Binary XML file line #46
W/PackageParser(  979): No actions in intent filter at /system/app/com.coship.startwizard.apk Binary XML file line #53
W/PackageParser(  979): No actions in intent filter at /system/app/com.coship.startwizard.apk Binary XML file line #60
W/PackageParser(  979): No actions in intent filter at /system/app/com.coship.startwizard.apk Binary XML file line #67
W/PackageParser(  979): No actions in intent filter at /system/app/com.coship.startwizard.apk Binary XML file line #74
W/PackageParser(  979): No actions in intent filter at /system/app/com.coship.startwizard.apk Binary XML file line #81
W/PackageParser(  979): No actions in intent filter at /system/app/com.coship.startwizard.apk Binary XML file line #88
W/PackageParser(  979): No actions in intent filter at /system/app/com.coship.startwizard.apk Binary XML file line #95
W/PackageParser(  979): No actions in intent filter at /system/app/com.coship.startwizard.apk Binary XML file line #103
I/Installer(  979): connecting...
I/PackageManager(  979): Time to scan packages: 2.604 seconds
W/PackageManager(  979): Unknown permission android.permission.APPWIDGET_LIST in package com.iflytek.vaf
W/PackageManager(  979): Unknown permission android.permission.APPWIDGET_LIST in package com.biaoqi.stbwidget.host
W/PackageManager(  979): Unknown permission android.permission.APPWIDGET_LIST in package com.mstar.appwidget
W/PackageManager(  979): Unknown permission android.permission.ADD_SYSTEM_SERVICE in package com.coship.sdp.sce.tvappstore
W/PackageManager(  979): Unknown permission android.permission.READ_EXTERNAL_STORAGE in package com.coship.sdp.sce.tvappstore
W/PackageManager(  979): Unknown permission com.google.android.gm.permission.WRITE_GMAIL in package com.coship.sdp.sce.tvappstore
W/PackageManager(  979): Unknown permission com.google.android.gm.permission.READ_GMAIL in package com.coship.sdp.sce.tvappstore
W/PackageManager(  979): Unknown permission com.google.android.gm.permission.WRITE_GMAIL in package com.coship.app.vaf
W/PackageManager(  979): Unknown permission com.google.android.gm.permission.READ_GMAIL in package com.coship.app.vaf
W/PackageManager(  979): Unknown permission com.google.android.gm.permission.WRITE_GMAIL in package com.coship.TestApp
W/PackageManager(  979): Unknown permission com.google.android.gm.permission.READ_GMAIL in package com.coship.TestApp
W/PackageManager(  979): Unknown permission android.permission.WRITE_OWNER_DATA in package com.iflytek.speech
W/PackageManager(  979): Unknown permission android.permission.BAIDU_LOCATION_SERVICE in package com.iflytek.speech
W/PackageManager(  979): Unknown permission com.google.android.gm.permission.WRITE_GMAIL in package com.ts.gaya.coship
W/PackageManager(  979): Unknown permission com.google.android.gm.permission.READ_GMAIL in package com.ts.gaya.coship
W/PackageManager(  979): Unknown permission android.permission.APPWIDGET_LIST in package com.iflytek.xiri.recorder.svc
W/PackageManager(  979): Unknown permission android.permission.ADD_SYSTEM_SERVICE in package com.coship.netfirmware
W/PackageManager(  979): Unknown permission android.permission.READ_SETTINGS in package com.android.settings
W/PackageManager(  979): Unknown permission com.android.permission.READ_LOGS in package cn.tvbox
W/PackageManager(  979): Not granting permission android.permission.DEVICE_POWER to package cn.tvbox (protectionLevel=2 flags=0xbe45)
W/PackageManager(  979): Unknown permission android.webkit.permission.PLUGIN in package com.adobe.flashplayer
W/PackageManager(  979): Unknown permission android.permission.READ_OWNER_DATA in package com.adobe.flashplayer
W/PackageManager(  979): Unknown permission android.permission.WRITE_OWNER_DATA in package com.adobe.flashplayer
W/PackageManager(  979): Unknown permission android.permission.READ_EXTERNAL_STORAGE in package com.adobe.flashplayer
W/PackageManager(  979): Not granting permission android.permission.DIAGNOSTIC to package com.sihuatech.wasutv4ics (protectionLevel=2 flags=0xbe45)
W/PackageManager(  979): Unknown permission android.permission.ACCESS_COARSE_UPDATES in package com.sihuatech.wasutv4ics
W/PackageManager(  979): Unknown permission android.permission.READ_OWNER_DATA in package com.sihuatech.wasutv4ics
W/PackageManager(  979): Unknown permission android.permission.WRITE_OWNER_DATA in package com.sihuatech.wasutv4ics
W/PackageManager(  979): Not granting permission android.permission.CLEAR_APP_USER_DATA to package com.sihuatech.wasutv4ics (protectionLevel=2 flags=0xbe45)
W/PackageManager(  979): Not granting permission android.permission.INJECT_EVENTS to package com.sihuatech.wasutv4ics (protectionLevel=2 flags=0xbe45)
W/PackageManager(  979): Not granting permission android.permission.DEVICE_POWER to package com.sihuatech.wasutv4ics (protectionLevel=2 flags=0xbe45)
W/PackageManager(  979): Unknown permission android.permission.WRITE_OWNER_DATA in package com.coship.Multimedia
W/PackageManager(  979): Unknown permission android.permission.READ_OWNER_DATA in package com.coship.Multimedia
W/PackageManager(  979): Unknown permission android.permission.WRITE_OWNER_DATA in package com.coship.NetworkNavigation
W/PackageManager(  979): Unknown permission android.permission.READ_OWNER_DATA in package com.coship.NetworkNavigation
I/SystemServer(  979): Account Manager
I/SystemServer(  979): Content Manager
I/SystemServer(  979): System Content Providers
I/SystemServer(  979): Lights Service
I/SystemServer(  979): Battery Service
I/SystemServer(  979): Pppoe Service
I/SystemServer(  979): Vibrator Service
I/SystemServer(  979): Alarm Manager
I/SystemServer(  979): Init Watchdog
I/SystemServer(  979): Window Manager
I/InputManager(  979): Initializing input manager
W/StatusBarManager(  979): warning: no STATUS_BAR_SERVICE
I/InputManager(  979): Starting input manager
I/SystemServer(  979): Bluetooth Service
I/WindowManager(  979): Enabled StrictMode logging for WMThread's Looper
I/WindowManager(  979): Enabled StrictMode for PolicyThread's Looper
I/SystemServer(  979): Input Method Service
W/InputManagerService(  979): Couldn't create dir.: /data/system/inputmethod
I/SystemServer(  979): Accessibility Manager
I/ActivityManager(  979): Config changed: {1.0 0mcc0mnc zh_CN layoutdir=0 sw720dp w1280dp h720dp xlrg long land ?uimode ?night -touch -keyb/v/h -nav/h s.2}
I/SystemServer(  979): TV
I/SystemServer(  979): Device Policy
I/SystemServer(  979): Status Bar
I/SystemServer(  979): Clipboard Service
I/SystemServer(  979): NetworkManagement Service
I/SystemServer(  979): Text Service Manager Service
W/TextServicesManagerService(  979): no available spell checker services found
I/SystemServer(  979): NetworkStats Service
I/SystemServer(  979): NetworkPolicy Service
I/SystemServer(  979): Wi-Fi P2pService
D/WifiP2pService(  979): P2pDisabledState
E/WifiP2pService(  979): Failed to reload sta firmware java.lang.NullPointerException
I/SystemServer(  979): Wi-Fi Service
D/WifiP2pService(  979): P2pDisabledState{ what=69633 when=0 }
D/WifiP2pService(  979): DefaultState{ what=69633 when=-1ms }
D/WifiP2pService(  979): P2pDisabledState{ what=69632 when=0 obj=com.android.internal.util.AsyncChannel@41566728 }
D/WifiP2pService(  979): DefaultState{ what=69632 when=0 obj=com.android.internal.util.AsyncChannel@41566728 }
D/WifiP2pService(  979): Full connection with WifiStateMachine established
D/WifiP2pService(  979): P2pDisabledState{ what=69633 when=-1ms }
D/WifiP2pService(  979): DefaultState{ what=69633 when=-1ms }
D/WifiP2pService(  979): P2pDisabledState{ what=69632 when=0 obj=com.android.internal.util.AsyncChannel@414c8cc0 }
D/WifiP2pService(  979): DefaultState{ what=69632 when=0 obj=com.android.internal.util.AsyncChannel@414c8cc0 }
D/WifiP2pService(  979): Full connection with WifiStateMachine established
I/SystemServer(  979): Connectivity Service
D/ConnectivityService(  979): ConnectivityService starting up
E/ConnectivityService(  979): Error in radioAttributes - ignoring attempt to redefine type 1
D/ConnectivityService(  979): Starting Pppoe StateTracker
D/ConnectivityService(  979): Starting Ethernet Service.
V/EthernetStateTracker(  979): Ethernet State Tracker v1.0.6
V/EthernetStateTracker(  979): successed to init device!
I/EthernetService(  979): Ethernet dev enabled 2
V/EthernetService(  979): device 0 name eth0
V/EthernetStateTracker(  979): start to monitor the ethernet devices . . .
I/EthernetManager(  979): Init Ethernet Manager, service: com.android.server.EthernetService@414f92b0
I/EthernetStateTracker(  979): reset device eth0
V/EthernetMonitor(  979): go poll events
I/EthernetStateTracker(  979): trigger dhcp for device eth0
I/EthernetStateTracker(  979): reset device eth0
D/EthernetStateTracker(  979): DhcpHandler: DHCP request started
I/EthernetStateTracker(  979): trigger dhcp for device eth0
E/MobileDataStateTracker(  979): default: Ignoring feature request because could not acquire PhoneService
E/MobileDataStateTracker(  979): default: Could not enable APN type "default"
D/NetworkManagementService(  979): Registering observer
D/NetworkManagementService(  979): Registering observer
I/WifiService(  979): WifiService starting up with Wi-Fi disabled
I/WifiService(  979): WifiService starting up with Wi-Fi AP disabled
I/SystemServer(  979): Throttle Service
I/SystemServer(  979): Mount Service
D/MountService(  979): got storage path: /mnt/sdcard description: USB ´æ´¢Æ÷ primary: true removable: false emulated: false mtpReserve: 0 allowMassStorage: false maxFileSize: 0
D/MountService(  979): mExternalStoragePath:/mnt/sdcard
I/SystemServer(  979): Notification Manager
I/SystemServer(  979): Device Storage Monitor
I/SystemServer(  979): Location Manager
I/SystemServer(  979): Country Detector
I/SystemServer(  979): Search Service
I/SystemServer(  979): DropBox Service
I/SystemServer(  979): Wallpaper Service
I/SystemServer(  979): Audio Service
D/VoldCmdListener(  733): volume list
I/SystemServer(  979): Camera Observer
I/SystemServer(  979): Microphone Observer
I/SystemServer(  979): Wired Accessory Observer
I/SystemServer(  979): USB Service
I/SystemServer(  979): UI Mode Manager Service
I/SystemServer(  979): Backup Service
V/BackupManagerService(  979): Initializing package tracking
V/BackupManagerService(  979): No ancestral data
V/BackupManagerService(  979): addPackageParticipantsLocked: all
I/BackupManagerService(  979): New app android never backed up; scheduling
I/BackupManagerService(  979): New app com.android.browser never backed up; scheduling
I/BackupManagerService(  979): New app com.android.providers.settings never backed up; scheduling
I/BackupManagerService(  979): New app com.android.providers.userdictionary never backed up; scheduling
I/BackupManagerService(  979): New app com.android.sharedstoragebackup never backed up; scheduling
V/BackupManagerService(  979): Registering transport android/com.android.internal.backup.LocalTransport = com.android.internal.backup.LocalTransport@415ff498
V/BackupManagerService(  979): Starting with transport android/com.android.internal.backup.LocalTransport
V/BackupManagerService(  979): Google transport not present
I/BackupManagerService(  979): Backup enabled => false
I/BackupManagerService(  979): Opting out of backup
I/SystemServer(  979): AppWidget Service
I/SystemServer(  979): Recognition Service
I/SystemServer(  979): DiskStats Service
I/SystemServer(  979): SamplingProfiler Service
I/SystemServer(  979): NetworkTimeUpdateService
D/PowerManagerService(  979): system ready!
I/ActivityManager(  979): System now ready
I/SystemServer(  979): Making services ready
I/ActivityManager(  979): Start proc com.mstar.dbprovider for content provider com.mstar.dbprovider/.MstTvUserSettingProvider: pid=1120 uid=10016 gids={}
D/SystemServer(  979): Starting service: Intent { cmp=com.android.systemui/.SystemUIService }
I/ActivityManager(  979): Start proc com.android.systemui for service com.android.systemui/.SystemUIService: pid=1136 uid=1000 gids={3003, 1015, 3002, 3001, 3004}
D/NetworkManagementService(  979): enabling bandwidth control
D/SystemUIService( 1136): loading: class com.android.systemui.statusbar.tablet.TabletStatusBar
D/SystemUIService( 1136): running: com.android.systemui.statusbar.tablet.TabletStatusBar@413aec70
D/NetworkManagementService(  979): Registering observer
D/NetworkManagementService(  979): Registering observer
I/ActivityManager(  979): Config changed: {1.0 0mcc0mnc zh_CN layoutdir=0 sw720dp w1280dp h720dp xlrg long land -touch -keyb/v/h -nav/h s.3}
W/RecognitionManagerService(  979): no available voice recognition services found
W/InputManagerService(  979): Ignoring setImeWindowStatus of uid 1000 token: null
I/ActivityManager(  979): Start proc com.android.inputmethod.pinyin for service com.android.inputmethod.pinyin/.PinyinIME: pid=1190 uid=10019 gids={3003}
D/NetworkManagementService(  979): Registering observer
I/SystemServer(  979): SIP Service
W/ThrottleService(  979): unable to find stats for iface rmnet0
I/ActivityManager(  979): Start proc com.coship.sdp.sce.tvappstore for added application com.coship.sdp.sce.tvappstore: pid=1215 uid=1000 gids={3003, 1015, 3002, 3001, 3004}
I/ActivityManager(  979): Start proc com.coship.easycontrolime for added application com.coship.easycontrolime: pid=1232 uid=10010 gids={3003}
I/ActivityManager(  979): Start proc com.coship.netfirmware for added application com.coship.netfirmware: pid=1248 uid=1000 gids={3003, 1015, 3002, 3001, 3004}
I/ActivityManager(  979): Start proc com.iflytek.vaf.TouchKey for added application com.iflytek.vaf.TouchKey: pid=1260 uid=10030 gids={1015}
I/ActivityManager(  979): START {act=android.intent.action.MAIN cat=[android.intent.category.HOME] flg=0x10000000 cmp=com.ts.gaya.coship/.MainActivity} from pid 0
I/ActivityManager(  979): Start proc com.ts.gaya.coship for activity com.ts.gaya.coship/.MainActivity: pid=1278 uid=10035 gids={3002, 3001, 3004, 3003, 1015}
I/SystemServer(  979): Enabled StrictMode for system server main thread.
I/EthernetStateTracker(  979): received interface reset event
I/EthernetStateTracker(  979): reset device eth0
I/EthernetStateTracker(  979): trigger dhcp for device eth0
I/StatusBar.HeightReceiver( 1136): Resizing status bar plugged=false height=48 old=0
I/ActivityManager(  979): Start proc com.google.process.gapps for service com.google.android.location/.NetworkLocationService: pid=1298 uid=10011 gids={3003, 1015, 2001, 1007}
W/MountService(  979): getVolumeState(/mnt/sdcard): Unknown volume
W/ActivityThread( 1298): ClassLoader.loadClass: The class loader returned by Thread.getContextClassLoader() may fail for processes that host multiple applications. You should explicitly specify a context class loader. For example: Thread.setContextClassLoader(getClass().getClassLoader());
W/MountService(  979): getVolumeState(/mnt/sdcard): Unknown volume
I/MicrophoneObserver(  979): Microphone PLUG_IN
V/EthernetMonitor(  979): get event eth0:16:
V/EthernetMonitor(  979): dev: eth0 ev 16
V/EthernetStateTracker(  979): report interface is up for eth0
V/EthernetMonitor(  979): go poll events
I/EthernetStateTracker(  979): received interface up event, kick off connection request
I/EthernetStateTracker(  979): IntentBroadcast, event=5
I/EthernetStateTracker(  979): reset device eth0
I/ActivityManager(  979): Start proc com.android.settings for broadcast com.android.settings/.SettingGlobalReceiver: pid=1341 uid=1000 gids={3003, 1015, 3002, 3001, 3004}
I/EthernetStateTracker(  979): trigger dhcp for device eth0
I/StatusBarManagerService(  979): registerStatusBar bar=com.android.internal.statusbar.IStatusBar$Stub$Proxy@415c8f30
D/SystemUIService( 1136): loading: class com.android.systemui.power.PowerUI
D/SystemUIService( 1136): running: com.android.systemui.power.PowerUI@41459858
I/StatusBar.HeightReceiver( 1136): Resizing status bar plugged=false height=48 old=48
I/StatusBar.HeightReceiver( 1136): Resizing status bar plugged=false height=48 old=48
E/EthernetStateTracker(  979): DhcpHandler: DHCP request failed: DHCP result was failed
D/EthernetStateTracker(  979): DhcpHandler: DHCP request started
I/ActivityManager(  979): Start proc com.biaoqi.stbwidget.host for broadcast com.biaoqi.stbwidget.host/.NetworkStatusChangeReceiver: pid=1377 uid=10027 gids={3003}
D/WifiService(  979): New client listening to asynchronous messages
I/EthernetStateTracker(  979): configureInterfaceAutoIP : ipaddr 169.254.1.56 gateway 0.0.0.0 netmask 255.255.0.0 dns1 0.0.0.0 dns2 0.0.0.0 DHCP server 0.0.0.0 lease 0 seconds
V/EthernetMonitor(  979): get event eth0:20:
V/EthernetMonitor(  979): dev: eth0 ev 20
I/EthernetStateTracker(  979): report new state CONNECTED on dev eth0
V/EthernetStateTracker(  979): update network state tracker
V/EthernetStateTracker(  979): configureInterfaceAutoIP succeeded
V/EthernetMonitor(  979): go poll events
I/EthernetStateTracker(  979): received HW connected, stack=false CC=true
V/TabletStatusBar( 1136): setLightsOn(true)
D/PowerManagerService(  979): bootCompleted
V/DevicePolicyManagerService(  979): Sending password expiration notifications for action android.intent.action.BOOT_COMPLETED
I/ActivityManager(  979): Start proc com.android.contacts for broadcast com.android.contacts/.calllog.CallLogReceiver: pid=1410 uid=10000 gids={3003, 1015}
V/WiredAccessoryObserver(  979): init()
W/WiredAccessoryObserver(  979): This kernel does not have wired headset support
W/WiredAccessoryObserver(  979): This kernel does not have wired headset support
W/WiredAccessoryObserver(  979): This kernel does not have wired headset support
I/ActivityManager(  979): Start proc com.coship.HS for broadcast com.coship.HS/.AutoStartReceiver: pid=1449 uid=1000 gids={3003, 1015, 3002, 3001, 3004}
I/ActivityManager(  979): Start proc android.process.media for content provider com.android.providers.downloads/.DownloadProvider: pid=1466 uid=10009 gids={1015, 1023, 1024, 2001, 3003, 3007}
I/ActivityManager(  979): Start proc android.process.acore for content provider com.android.providers.contacts/.CallLogProvider: pid=1479 uid=10000 gids={3003, 1015}
I/ActivityManager(  979): Start proc com.android.providers.calendar for broadcast com.android.providers.calendar/.CalendarReceiver: pid=1492 uid=10004 gids={3003, 1015}
W/MountService(  979): getVolumeState(/mnt/sdcard): Unknown volume
I/ActivityManager(  979): Start proc com.coship.cw880 for broadcast com.coship.cw880/.BootCw880Recive: pid=1515 uid=1000 gids={3003, 1015, 3002, 3001, 3004}
I/ActivityManager(  979): START {flg=0x10000000 cmp=com.google.android.gsf/.update.SystemUpdateInstallDialog} from pid 1298
I/UsageStats(  979): No package stats for pkg:com.ts.gaya.coship
W/ActivityManager(  979): Activity pause timeout for ActivityRecord{4164c588 com.ts.gaya.coship/.MainActivity}
I/ActivityManager(  979): Start proc com.aidufei.movieonline for broadcast com.aidufei.movieonline/com.aidufei.otoService.BootReceiver: pid=1544 uid=1000 gids={3003, 1015, 3002, 3001, 3004}
I/ActivityManager(  979): Start proc com.iflytek.vac for broadcast com.iflytek.vaf/com.iflytek.vocmd.Loader: pid=1560 uid=10028 gids={3003, 1015}
W/InputManagerService(  979): Window already focused, ignoring focus gain of: com.android.internal.view.IInputMethodClient$Stub$Proxy@41580e80
I/ActivityManager(  979): Start proc com.coship.changetheaudiooutput for broadcast com.coship.changetheaudiooutput/.BootCompletedReceiver: pid=1584 uid=10032 gids={3002, 3001, 3004}
I/ActivityManager(  979): Start proc com.iflytek.vaf.svc.rec for service com.iflytek.vaf/.svc.VAFSvc: pid=1600 uid=10028 gids={3003, 1015}
I/ActivityManager(  979): Start proc com.coship.Multimedia for broadcast com.coship.Multimedia/.view.BootCompletedReceiver: pid=1621 uid=1000 gids={3003, 1015, 3002, 3001, 3004}
I/ActivityManager(  979): Start proc com.iflytek.xiri.recorder.svc for service com.iflytek.xiri.recorder.svc/.PCMRecorderSvc: pid=1635 uid=10029 gids={3003, 1015}
I/ActivityManager(  979): Start proc com.android.phone for content provider com.android.providers.telephony/.TelephonyProvider: pid=1648 uid=1001 gids={1015}
I/ActivityManager(  979): Start proc com.coship.TestApp for broadcast com.coship.TestApp/.BootCompletedReceiver: pid=1661 uid=1000 gids={3003, 1015, 3002, 3001, 3004}
I/ActivityManager(  979): Start proc com.iflytek.speech for service com.iflytek.speech/.SpeechService: pid=1674 uid=10024 gids={1015, 3003, 1007}
I/ActivityManager(  979): Start proc com.coship.startwizard for broadcast com.coship.startwizard/.service.BootBroadcastReceiver: pid=1694 uid=1000 gids={3003, 1015, 3002, 3001, 3004}
I/ActivityManager(  979): START {flg=0x10000000 cmp=com.coship.startwizard/.Step0TestScreenPixes} from pid 1694
I/ActivityManager(  979): Start proc com.coship.stpservice for broadcast com.coship.stpservice/.StpReceiver: pid=1716 uid=1000 gids={3003, 1015, 3002, 3001, 3004}
W/ActivityManager(  979): Permission Denial: receiving Intent { act=android.intent.action.BOOT_COMPLETED } to cn.tvbox requires android.permission.RECEIVE_BOOT_COMPLETED due to sender null (uid 1000)
I/ActivityManager(  979): Start proc com.iflytek.xiri.remotecmd for service com.iflytek.xiri.remotecmd/com.iflytek.xiri.vocmd.MyService: pid=1739 uid=10031 gids={}
I/ActivityManager(  979): Start proc com.coship.adjustthevolume for broadcast com.coship.adjustthevolume/.BootCompletedReceiver: pid=1753 uid=1000 gids={3003, 1015, 3002, 3001, 3004}
V/CheckBackdoors( 1716): add new backdoor. actionName=com.coship.adjustthevolume, backdoor.mBackdoorKey=0x5252525252
V/CheckBackdoors( 1716): add new backdoor. actionName=com.coship.adjustthevolume.Volup, backdoor.mBackdoorKey=0x18
V/CheckBackdoors( 1716): add new backdoor. actionName=com.coship.adjustthevolume.VolDown, backdoor.mBackdoorKey=0x19
W/InputManagerService(  979): Starting input on non-focused client com.android.internal.view.IInputMethodClient$Stub$Proxy@4141dd50 (uid=10035 pid=1278)
E/EthernetStateTracker(  979): DhcpHandler: DHCP request failed: Timed out waiting for DHCP to finish
V/EthernetStateTracker(  979): getEthernetIPAddr : 169.254.1.56
V/EthernetStateTracker(  979): configureInterfaceAutoIP skip!!
W/ThrottleService(  979): unable to find stats for iface rmnet0
I/ActivityManager(  979): START {cmp=com.coship.startwizard/.Step1GuideWelcome} from pid 1694
I/ActivityManager(  979): START {cmp=com.coship.startwizard/.Step2SettingDeviceName} from pid 1694
I/ActivityManager(  979): START {cmp=com.coship.startwizard/.Step3QuicklySettingRemind} from pid 1694
I/ActivityManager(  979): START {cmp=com.coship.startwizard/.Step4WaitForConnecting (has extras)} from pid 1694
I/ActivityManager(  979): START {cmp=com.coship.startwizard/.Step8SearchWirelessNetwork} from pid 1694
D/WifiP2pService(  979): P2pDisabledState{ what=131203 when=-6ms }
D/NetworkManagementService(  979): rsp <213 a4:a8:20:13:03:28 0.0.0.0 0 [down broadcast multicast]>
D/NetworkManagementService(  979): flags <[down broadcast multicast]>
V/EthernetMonitor(  979): get event 
V/EthernetMonitor(  979): go poll events
V/EthernetMonitor(  979): get event 
V/EthernetMonitor(  979): go poll events
V/EthernetMonitor(  979): get event 
V/EthernetMonitor(  979): go poll events
I/ActivityManager(  979): START {cmp=com.coship.startwizard/.Step3QuicklySettingRemind} from pid 1694
V/EthernetMonitor(  979): get event 
V/EthernetMonitor(  979): go poll events
V/EthernetMonitor(  979): get event 
V/EthernetMonitor(  979): go poll events
I/ActivityManager(  979): START {cmp=com.coship.startwizard/.Step2SettingDeviceName} from pid 1694
I/ActivityManager(  979): START {cmp=com.coship.startwizard/.Step3QuicklySettingRemind} from pid 1694
I/ActivityManager(  979): START {cmp=com.coship.startwizard/.Step4WaitForConnecting (has extras)} from pid 1694
I/ActivityManager(  979): START {cmp=com.coship.startwizard/.Step8SearchWirelessNetwork} from pid 1694
V/EthernetMonitor(  979): get event 
V/EthernetMonitor(  979): go poll events
V/EthernetMonitor(  979): get event 
V/EthernetMonitor(  979): go poll events
I/ActivityManager(  979): START {cmp=com.coship.startwizard/.Step3QuicklySettingRemind} from pid 1694
V/EthernetMonitor(  979): get event eth0:17:
V/EthernetMonitor(  979): dev: eth0 ev 17
I/EthernetStateTracker(  979): report new state DISCONNECTED on dev eth0
V/EthernetStateTracker(  979): update network state tracker
V/EthernetMonitor(  979): go poll events
I/EthernetStateTracker(  979): received disconnected events, stack=false CC=true
I/EthernetStateTracker(  979): setState, skip: 4
I/ActivityManager(  979): START {cmp=com.coship.startwizard/.Step4WaitForConnecting (has extras)} from pid 1694
I/ActivityManager(  979): START {cmp=com.coship.startwizard/.Step8SearchWirelessNetwork} from pid 1694
I/ActivityManager(  979): START {cmp=com.coship.startwizard/.Step3QuicklySettingRemind} from pid 1694
V/EthernetMonitor(  979): get event 
V/EthernetMonitor(  979): go poll events
V/EthernetMonitor(  979): get event 
V/EthernetMonitor(  979): go poll events
V/EthernetMonitor(  979): get event eth0:16:
V/EthernetMonitor(  979): dev: eth0 ev 16
V/EthernetStateTracker(  979): report interface is up for eth0
V/EthernetMonitor(  979): go poll events
I/EthernetStateTracker(  979): received interface up event, kick off connection request
I/EthernetStateTracker(  979): IntentBroadcast, event=5
I/EthernetStateTracker(  979): reset device eth0
I/EthernetStateTracker(  979): trigger dhcp for device eth0
D/EthernetStateTracker(  979): DhcpHandler: DHCP request started
I/ActivityManager(  979): START {cmp=com.coship.startwizard/.Step4WaitForConnecting (has extras)} from pid 1694
I/ActivityManager(  979): START {cmp=com.coship.startwizard/.Step8SearchWirelessNetwork} from pid 1694
I/ActivityManager(  979): START {cmp=com.coship.startwizard/.Step3QuicklySettingRemind} from pid 1694
V/EthernetMonitor(  979): get event eth0:21:
V/EthernetMonitor(  979): dev: eth0 ev 21
V/EthernetStateTracker(  979): report address is removed for eth0
V/EthernetMonitor(  979): go poll events
I/EthernetStateTracker(  979): received interface address remove event
V/EthernetMonitor(  979): get event eth0:20:
V/EthernetMonitor(  979): dev: eth0 ev 20
I/EthernetStateTracker(  979): report new state CONNECTED on dev eth0
V/EthernetStateTracker(  979): update network state tracker
V/EthernetStateTracker(  979): getEthernetIPAddr : 192.168.0.112
V/EthernetStateTracker(  979): configureInterfaceAutoIP skip!!
V/EthernetMonitor(  979): go poll events
I/EthernetStateTracker(  979): received HW connected, stack=false CC=true
D/EthernetStateTracker(  979): DhcpHandler: DHCP request succeeded: addr: 192.168.0.112/24 mRoutes: 0.0.0.0/0 -> 192.168.0.1 |  dns: 192.168.0.1, dhcpServer: 192.168.0.1 leaseDuration: 604800
I/EthernetStateTracker(  979): received configured succeeded, stack=true CC=true
D/ConnectivityService(  979): ConnectivityChange for ETH: CONNECTED/CONNECTED
I/EthernetStateTracker(  979): IntentBroadcast, event=1
I/ActivityManager(  979): START {cmp=com.coship.startwizard/.Step2SettingDeviceName} from pid 1694
V/EthernetMonitor(  979): get event 
V/EthernetMonitor(  979): go poll events
V/EthernetMonitor(  979): get event 
V/EthernetMonitor(  979): go poll events
I/ActivityManager(  979): Start proc cn.tvbox for broadcast cn.tvbox/.receiver.NetworkConnectivityReceiver: pid=1980 uid=10036 gids={1015, 3003}
I/ActivityManager(  979): START {cmp=com.coship.startwizard/.Step3QuicklySettingRemind} from pid 1694
I/ActivityManager(  979): START {cmp=com.coship.startwizard/.Step4WaitForConnecting (has extras)} from pid 1694
I/ActivityManager(  979): START {cmp=com.coship.startwizard/.Step5AutoConfigureSuccess} from pid 1694
I/ActivityManager(  979): Process com.coship.sdp.sce.tvappstore (pid 1215) has died.
W/ActivityManager(  979): Scheduling restart of crashed service com.coship.sdp.sce.tvappstore/.app.service.AppStoreCoreService in 1250ms
I/ActivityManager(  979): Start proc com.coship.sdp.sce.tvappstore for restart com.coship.sdp.sce.tvappstore: pid=2043 uid=1000 gids={3003, 1015, 3002, 3001, 3004}
W/MountService(  979): getVolumeState(/mnt/sdcard): Unknown volume
W/MountService(  979): getVolumeState(/mnt/sdcard): Unknown volume
D/ConnectivityService(  979): handleInetConditionHoldEnd: net=9, condition=0, published condition=0
I/ActivityManager(  979): START {flg=0x10000000 cmp=com.google.android.gsf/.update.SystemUpdateInstallDialog} from pid 1298
I/UsageStats(  979): No package stats for pkg:com.google.android.gsf
W/InputManagerService(  979): Window already focused, ignoring focus gain of: com.android.internal.view.IInputMethodClient$Stub$Proxy@41660ae0
I/ActivityManager(  979): START {cmp=com.coship.startwizard/.Step6RegionSetting} from pid 1694
W/ActivityThread( 1694): ClassLoader.loadClass: The class loader returned by Thread.getContextClassLoader() may fail for processes that host multiple applications. You should explicitly specify a context class loader. For example: Thread.setContextClassLoader(getClass().getClassLoader());
V/EthernetMonitor(  979): get event 
V/EthernetMonitor(  979): go poll events
V/EthernetMonitor(  979): get event 
V/EthernetMonitor(  979): go poll events
I/EthernetManager( 1694): Init Ethernet Manager, service: android.net.ethernet.IEthernetManager$Stub$Proxy@4154da20
D/ConnectivityService(  979): ConnectivityChange for pppoe: DISCONNECTED/DISCONNECTED
E/MobileDataStateTracker(  979): default: Ignoring feature request because could not acquire PhoneService
E/MobileDataStateTracker(  979): default: Could not enable APN type "default"
D/ConnectivityService(  979): Attempting to switch to mobile
D/ConnectivityService(  979): Attempting to switch to WIFI
D/ConnectivityService(  979): Attempting to switch to ETH
I/ActivityManager(  979): START {cmp=com.coship.startwizard/.Step3QuicklySettingRemind} from pid 1694
I/ActivityManager(  979): START {cmp=com.coship.startwizard/.Step4WaitForConnecting (has extras)} from pid 1694
I/ActivityManager(  979): START {cmp=com.coship.startwizard/.Step5AutoConfigureSuccess} from pid 1694
I/ActivityManager(  979): Process com.coship.sdp.sce.tvappstore (pid 2043) has died.
W/ActivityManager(  979): Scheduling restart of crashed service com.coship.sdp.sce.tvappstore/.app.service.AppStoreCoreService in 1875ms
I/ActivityManager(  979): Start proc com.coship.sdp.sce.tvappstore for restart com.coship.sdp.sce.tvappstore: pid=2104 uid=1000 gids={3003, 1015, 3002, 3001, 3004}
W/MountService(  979): getVolumeState(/mnt/sdcard): Unknown volume
W/MountService(  979): getVolumeState(/mnt/sdcard): Unknown volume
I/ActivityManager(  979): START {cmp=com.coship.startwizard/.Step6RegionSetting} from pid 1694
W/ActivityThread( 1248): ClassLoader.loadClass: The class loader returned by Thread.getContextClassLoader() may fail for processes that host multiple applications. You should explicitly specify a context class loader. For example: Thread.setContextClassLoader(getClass().getClassLoader());
D/ConnectivityService(  979): ConnectivityChange for pppoe: DISCONNECTED/DISCONNECTED
E/MobileDataStateTracker(  979): default: Ignoring feature request because could not acquire PhoneService
E/MobileDataStateTracker(  979): default: Could not enable APN type "default"
D/ConnectivityService(  979): Attempting to switch to mobile
D/ConnectivityService(  979): Attempting to switch to WIFI
I/ActivityManager(  979): START {cmp=com.coship.startwizard/.Step3QuicklySettingRemind} from pid 1694
D/ConnectivityService(  979): Attempting to switch to ETH
I/ActivityManager(  979): START {cmp=com.coship.startwizard/.Step4WaitForConnecting (has extras)} from pid 1694
I/ActivityManager(  979): START {cmp=com.coship.startwizard/.Step8SearchWirelessNetwork} from pid 1694
V/EthernetMonitor(  979): get event 
V/EthernetMonitor(  979): go poll events
V/EthernetMonitor(  979): get event 
V/EthernetMonitor(  979): go poll events
V/EthernetMonitor(  979): get event 
V/EthernetMonitor(  979): go poll events
V/EthernetMonitor(  979): get event 
V/EthernetMonitor(  979): go poll events
V/EthernetMonitor(  979): get event 
V/EthernetMonitor(  979): go poll events
V/EthernetMonitor(  979): get event 
V/EthernetMonitor(  979): go poll events
V/EthernetMonitor(  979): get event 
V/EthernetMonitor(  979): go poll events
V/EthernetMonitor(  979): get event 
V/EthernetMonitor(  979): go poll events
V/EthernetMonitor(  979): get event 
V/EthernetMonitor(  979): go poll events
V/EthernetMonitor(  979): get event 
V/EthernetMonitor(  979): go poll events
V/EthernetMonitor(  979): get event 
V/EthernetMonitor(  979): go poll events
V/EthernetMonitor(  979): get event 
V/EthernetMonitor(  979): go poll events
W/ThrottleService(  979): unable to find stats for iface rmnet0
V/EthernetMonitor(  979): get event 
V/EthernetMonitor(  979): go poll events
V/EthernetMonitor(  979): get event 
V/EthernetMonitor(  979): go poll events
V/EthernetMonitor(  979): get event 
V/EthernetMonitor(  979): go poll events
V/EthernetMonitor(  979): get event 
V/EthernetMonitor(  979): go poll events
V/EthernetMonitor(  979): get event 
V/EthernetMonitor(  979): go poll events
V/EthernetMonitor(  979): get event 
V/EthernetMonitor(  979): go poll events
V/EthernetMonitor(  979): get event 
V/EthernetMonitor(  979): go poll events
V/EthernetMonitor(  979): get event 
V/EthernetMonitor(  979): go poll events
V/EthernetMonitor(  979): get event 
V/EthernetMonitor(  979): go poll events
V/EthernetMonitor(  979): get event 
V/EthernetMonitor(  979): go poll events
V/EthernetMonitor(  979): get event 
V/EthernetMonitor(  979): go poll events
V/EthernetMonitor(  979): get event 
V/EthernetMonitor(  979): go poll events
V/EthernetMonitor(  979): get event 
V/EthernetMonitor(  979): go poll events
V/EthernetMonitor(  979): get event 
V/EthernetMonitor(  979): go poll events
V/EthernetMonitor(  979): get event 
V/EthernetMonitor(  979): go poll events
V/EthernetMonitor(  979): get event 
V/EthernetMonitor(  979): go poll events
V/EthernetMonitor(  979): get event 
V/EthernetMonitor(  979): go poll events
V/EthernetMonitor(  979): get event 
V/EthernetMonitor(  979): go poll events
V/EthernetMonitor(  979): get event 
V/EthernetMonitor(  979): go poll events
V/EthernetMonitor(  979): get event 
V/EthernetMonitor(  979): go poll events
V/EthernetMonitor(  979): get event 
V/EthernetMonitor(  979): go poll events
V/EthernetMonitor(  979): get event 
V/EthernetMonitor(  979): go poll events
V/EthernetMonitor(  979): get event 
V/EthernetMonitor(  979): go poll events
V/EthernetMonitor(  979): get event 
V/EthernetMonitor(  979): go poll events
V/EthernetMonitor(  979): get event 
V/EthernetMonitor(  979): go poll events
V/EthernetMonitor(  979): get event 
V/EthernetMonitor(  979): go poll events
V/EthernetMonitor(  979): get event 
V/EthernetMonitor(  979): go poll events
V/EthernetMonitor(  979): get event 
V/EthernetMonitor(  979): go poll events
V/EthernetMonitor(  979): get event 
V/EthernetMonitor(  979): go poll events
V/EthernetMonitor(  979): get event 
V/EthernetMonitor(  979): go poll events
V/EthernetMonitor(  979): get event 
V/EthernetMonitor(  979): go poll events
V/EthernetMonitor(  979): get event 
V/EthernetMonitor(  979): go poll events
V/EthernetMonitor(  979): get event 
V/EthernetMonitor(  979): go poll events
V/EthernetMonitor(  979): get event 
V/EthernetMonitor(  979): go poll events
V/EthernetMonitor(  979): get event 
V/EthernetMonitor(  979): go poll events
V/EthernetMonitor(  979): get event 
V/EthernetMonitor(  979): go poll events
V/EthernetMonitor(  979): get event 
V/EthernetMonitor(  979): go poll events
V/EthernetMonitor(  979): get event 
V/EthernetMonitor(  979): go poll events
V/EthernetMonitor(  979): get event 
V/EthernetMonitor(  979): go poll events
V/EthernetMonitor(  979): get event 
V/EthernetMonitor(  979): go poll events
V/EthernetMonitor(  979): get event 
V/EthernetMonitor(  979): go poll events
V/EthernetMonitor(  979): get event 
V/EthernetMonitor(  979): go poll events
V/EthernetMonitor(  979): get event 
V/EthernetMonitor(  979): go poll events
V/EthernetMonitor(  979): get event 
V/EthernetMonitor(  979): go poll events
V/EthernetMonitor(  979): get event 
V/EthernetMonitor(  979): go poll events
V/EthernetMonitor(  979): get event 
V/EthernetMonitor(  979): go poll events
V/EthernetMonitor(  979): get event 
V/EthernetMonitor(  979): go poll events
V/EthernetMonitor(  979): get event 
V/EthernetMonitor(  979): go poll events
V/EthernetMonitor(  979): get event 
V/EthernetMonitor(  979): go poll events
V/EthernetMonitor(  979): get event 
V/EthernetMonitor(  979): go poll events
V/EthernetMonitor(  979): get event 
V/EthernetMonitor(  979): go poll events
V/EthernetMonitor(  979): get event 
V/EthernetMonitor(  979): go poll events
V/EthernetMonitor(  979): get event 
V/EthernetMonitor(  979): go poll events
V/EthernetMonitor(  979): get event 
V/EthernetMonitor(  979): go poll events
V/EthernetMonitor(  979): get event 
V/EthernetMonitor(  979): go poll events
V/EthernetMonitor(  979): get event 
V/EthernetMonitor(  979): go poll events
V/EthernetMonitor(  979): get event 
V/EthernetMonitor(  979): go poll events
V/EthernetMonitor(  979): get event 
V/EthernetMonitor(  979): go poll events
V/EthernetMonitor(  979): get event 
V/EthernetMonitor(  979): go poll events
V/EthernetMonitor(  979): get event 
V/EthernetMonitor(  979): go poll events
W/ThrottleService(  979): unable to find stats for iface rmnet0
V/EthernetMonitor(  979): get event 
V/EthernetMonitor(  979): go poll events
V/EthernetMonitor(  979): get event 
V/EthernetMonitor(  979): go poll events
V/EthernetMonitor(  979): get event 
V/EthernetMonitor(  979): go poll events
V/EthernetMonitor(  979): get event 
V/EthernetMonitor(  979): go poll events
V/EthernetMonitor(  979): get event 
V/EthernetMonitor(  979): go poll events
V/EthernetMonitor(  979): get event 
V/EthernetMonitor(  979): go poll events
V/EthernetMonitor(  979): get event 
V/EthernetMonitor(  979): go poll events
V/EthernetMonitor(  979): get event 
V/EthernetMonitor(  979): go poll events
V/EthernetMonitor(  979): get event 
V/EthernetMonitor(  979): go poll events
V/EthernetMonitor(  979): get event 
V/EthernetMonitor(  979): go poll events
V/EthernetMonitor(  979): get event 
V/EthernetMonitor(  979): go poll events
V/EthernetMonitor(  979): get event 
V/EthernetMonitor(  979): go poll events
V/EthernetMonitor(  979): get event 
V/EthernetMonitor(  979): go poll events
V/EthernetMonitor(  979): get event 
V/EthernetMonitor(  979): go poll events
V/EthernetMonitor(  979): get event 
V/EthernetMonitor(  979): go poll events
V/EthernetMonitor(  979): get event 
V/EthernetMonitor(  979): go poll events
V/EthernetMonitor(  979): get event 
V/EthernetMonitor(  979): go poll events
V/EthernetMonitor(  979): get event 
V/EthernetMonitor(  979): go poll events
V/EthernetMonitor(  979): get event 
V/EthernetMonitor(  979): go poll events
V/EthernetMonitor(  979): get event 
V/EthernetMonitor(  979): go poll events
V/EthernetMonitor(  979): get event 
V/EthernetMonitor(  979): go poll events
V/EthernetMonitor(  979): get event 
V/EthernetMonitor(  979): go poll events
V/EthernetMonitor(  979): get event 
V/EthernetMonitor(  979): go poll events
V/EthernetMonitor(  979): get event 
V/EthernetMonitor(  979): go poll events
V/EthernetMonitor(  979): get event 
V/EthernetMonitor(  979): go poll events
V/EthernetMonitor(  979): get event 
V/EthernetMonitor(  979): go poll events
V/EthernetMonitor(  979): get event 
V/EthernetMonitor(  979): go poll events
V/EthernetMonitor(  979): get event 
V/EthernetMonitor(  979): go poll events
V/EthernetMonitor(  979): get event 
V/EthernetMonitor(  979): go poll events
V/EthernetMonitor(  979): get event 
V/EthernetMonitor(  979): go poll events
V/EthernetMonitor(  979): get event 
V/EthernetMonitor(  979): go poll events
V/EthernetMonitor(  979): get event 
V/EthernetMonitor(  979): go poll events
V/EthernetMonitor(  979): get event 
V/EthernetMonitor(  979): go poll events
V/EthernetMonitor(  979): get event 
V/EthernetMonitor(  979): go poll events
V/EthernetMonitor(  979): get event 
V/EthernetMonitor(  979): go poll events
V/EthernetMonitor(  979): get event 
V/EthernetMonitor(  979): go poll events
V/EthernetMonitor(  979): get event 
V/EthernetMonitor(  979): go poll events
V/EthernetMonitor(  979): get event 
V/EthernetMonitor(  979): go poll events
V/EthernetMonitor(  979): get event 
V/EthernetMonitor(  979): go poll events
V/EthernetMonitor(  979): get event 
V/EthernetMonitor(  979): go poll events
V/EthernetMonitor(  979): get event 
V/EthernetMonitor(  979): go poll events
V/EthernetMonitor(  979): get event 
V/EthernetMonitor(  979): go poll events
V/EthernetMonitor(  979): get event 
V/EthernetMonitor(  979): go poll events
V/EthernetMonitor(  979): get event 
V/EthernetMonitor(  979): go poll events
V/EthernetMonitor(  979): get event 
V/EthernetMonitor(  979): go poll events
V/EthernetMonitor(  979): get event 
V/EthernetMonitor(  979): go poll events
V/EthernetMonitor(  979): get event 
V/EthernetMonitor(  979): go poll events
V/EthernetMonitor(  979): get event 
V/EthernetMonitor(  979): go poll events
V/EthernetMonitor(  979): get event 
V/EthernetMonitor(  979): go poll events
V/EthernetMonitor(  979): get event 
V/EthernetMonitor(  979): go poll events
V/EthernetMonitor(  979): get event 
V/EthernetMonitor(  979): go poll events
V/EthernetMonitor(  979): get event 
V/EthernetMonitor(  979): go poll events
V/EthernetMonitor(  979): get event 
V/EthernetMonitor(  979): go poll events
V/EthernetMonitor(  979): get event 
V/EthernetMonitor(  979): go poll events
I/ActivityManager(  979): No longer want com.coship.changetheaudiooutput (pid 1584): hidden #16
I/ActivityManager(  979): No longer want android.process.acore (pid 1479): hidden #17
I/ActivityManager(  979): No longer want com.coship.cw880 (pid 1515): hidden #18
I/ActivityManager(  979): No longer want com.android.contacts (pid 1410): hidden #19
W/ActivityManager(  979): Scheduling restart of crashed service com.coship.changetheaudiooutput/.AudioOutputServer in 5000ms
W/ActivityManager(  979): Scheduling restart of crashed service com.coship.cw880/.MonitorCw880 in 14999ms
I/ActivityManager(  979): Start proc com.coship.changetheaudiooutput for service com.coship.changetheaudiooutput/.AudioOutputServer: pid=2268 uid=10032 gids={3002, 3001, 3004}
I/ActivityManager(  979): Start proc com.coship.cw880 for service com.coship.cw880/.MonitorCw880: pid=2282 uid=1000 gids={3003, 1015, 3002, 3001, 3004}
V/EthernetMonitor(  979): get event 
V/EthernetMonitor(  979): go poll events
V/EthernetMonitor(  979): get event 
V/EthernetMonitor(  979): go poll events
V/EthernetMonitor(  979): get event 
V/EthernetMonitor(  979): go poll events
V/EthernetMonitor(  979): get event 
V/EthernetMonitor(  979): go poll events
V/EthernetMonitor(  979): get event 
V/EthernetMonitor(  979): go poll events
V/EthernetMonitor(  979): get event 
V/EthernetMonitor(  979): go poll events
W/ThrottleService(  979): unable to find stats for iface rmnet0
V/EthernetMonitor(  979): get event 
V/EthernetMonitor(  979): go poll events
V/EthernetMonitor(  979): get event 
V/EthernetMonitor(  979): go poll events
V/EthernetMonitor(  979): get event eth0:17:
V/EthernetMonitor(  979): dev: eth0 ev 17
I/EthernetStateTracker(  979): report new state DISCONNECTED on dev eth0
V/EthernetStateTracker(  979): update network state tracker
V/EthernetMonitor(  979): go poll events
I/EthernetStateTracker(  979): received disconnected events, stack=true CC=true
I/EthernetStateTracker(  979): stop dhcp and interface
V/EthernetMonitor(  979): get event eth0:21:
V/EthernetMonitor(  979): dev: eth0 ev 21
V/EthernetStateTracker(  979): report address is removed for eth0
W/EthernetStateTracker(  979): stopInterface --> clearAddresses ret = true
D/ConnectivityService(  979): ConnectivityChange for ETH: DISCONNECTED/DISCONNECTED
E/MobileDataStateTracker(  979): default: Ignoring feature request because could not acquire PhoneService
E/MobileDataStateTracker(  979): default: Could not enable APN type "default"
D/ConnectivityService(  979): Attempting to switch to mobile
D/ConnectivityService(  979): Attempting to switch to WIFI
D/ConnectivityService(  979): Attempting to switch to pppoe
E/ConnectivityService(  979): Exception trying to remove a route: java.lang.IllegalStateException: Unable to communicate with native dameon to add routes - com.android.server.NativeDaemonConnectorException: Cmd {interface route remove eth0 default 192.168.0.1 32 0.0.0.0} failed with code 400 : {Failed to remove route from default table (No such process)}
I/EthernetStateTracker(  979): IntentBroadcast, event=4
V/EthernetMonitor(  979): go poll events
I/PppoeStateTracker(  979): receive EthernetStateTracker.EVENT_HW_DISCONNECTED
I/EthernetStateTracker(  979): received interface address remove event
V/EthernetStateTracker(  979): configureInterfaceAutoIP skip!
E/ConnectivityService(  979): Exception trying to remove a route: java.lang.IllegalStateException: Unable to communicate with native dameon to add routes - com.android.server.NativeDaemonConnectorException: Cmd {interface route remove eth0 default 0.0.0.0 0 192.168.0.1} failed with code 400 : {Failed to remove route from default table (No such process)}
V/EthernetMonitor(  979): get event eth0:16:
V/EthernetMonitor(  979): dev: eth0 ev 16
V/EthernetStateTracker(  979): report interface is up for eth0
V/EthernetMonitor(  979): go poll events
I/EthernetStateTracker(  979): received interface up event, kick off connection request
I/EthernetStateTracker(  979): IntentBroadcast, event=5
I/EthernetStateTracker(  979): reset device eth0
I/EthernetStateTracker(  979): trigger dhcp for device eth0
D/EthernetStateTracker(  979): DhcpHandler: DHCP request started
V/EthernetMonitor(  979): get event 
V/EthernetMonitor(  979): go poll events
V/EthernetMonitor(  979): get event 
V/EthernetMonitor(  979): go poll events
V/EthernetMonitor(  979): get event eth0:20:
V/EthernetMonitor(  979): dev: eth0 ev 20
I/EthernetStateTracker(  979): report new state CONNECTED on dev eth0
V/EthernetStateTracker(  979): update network state tracker
V/EthernetMonitor(  979): go poll events
I/EthernetStateTracker(  979): received HW connected, stack=false CC=true
