D/StrictMode( 1248):    at android.os.StrictMode$AndroidBlockGuardPolicy.onReadFromDisk(StrictMode.java:1089)
D/StrictMode( 1248):    at libcore.io.BlockGuardOs.read(BlockGuardOs.java:148)
D/StrictMode( 1248):    at libcore.io.IoBridge.read(IoBridge.java:422)
D/StrictMode( 1248):    at java.io.FileInputStream.read(FileInputStream.java:179)
D/StrictMode( 1248):    at java.io.InputStreamReader.read(InputStreamReader.java:244)
D/StrictMode( 1248):    at java.io.BufferedReader.fillBuf(BufferedReader.java:130)
D/StrictMode( 1248):    at java.io.BufferedReader.readLine(BufferedReader.java:354)
D/StrictMode( 1248):    at com.coship.netfirmware.NetFirmwareService.getUpdateInfo(NetFirmwareService.java:1531)
D/StrictMode( 1248):    at com.coship.netfirmware.NetFirmwareService.downFileFormService(NetFirmwareService.java:1512)
D/StrictMode( 1248):    at com.coship.netfirmware.NetFirmwareService.access$4800(NetFirmwareService.java:69)
D/StrictMode( 1248):    at com.coship.netfirmware.NetFirmwareService$6.run(NetFirmwareService.java:1147)
D/StrictMode( 1248): StrictMode policy violation: android.os.StrictMode$StrictModeDiskReadViolation: policy=23 violation=2
D/StrictMode( 1248):    at android.os.StrictMode$AndroidBlockGuardPolicy.onReadFromDisk(StrictMode.java:1089)
D/StrictMode( 1248):    at libcore.io.BlockGuardOs.read(BlockGuardOs.java:148)
D/StrictMode( 1248):    at libcore.io.IoBridge.read(IoBridge.java:422)
D/StrictMode( 1248):    at java.io.FileInputStream.read(FileInputStream.java:179)
D/StrictMode( 1248):    at java.io.InputStreamReader.read(InputStreamReader.java:244)
D/StrictMode( 1248):    at java.io.BufferedReader.fillBuf(BufferedReader.java:130)
D/StrictMode( 1248):    at java.io.BufferedReader.readLine(BufferedReader.java:390)
D/StrictMode( 1248):    at com.coship.netfirmware.NetFirmwareService.getUpdateInfo(NetFirmwareService.java:1551)
D/StrictMode( 1248):    at com.coship.netfirmware.NetFirmwareService.downFileFormService(NetFirmwareService.java:1512)
D/StrictMode( 1248):    at com.coship.netfirmware.NetFirmwareService.access$4800(NetFirmwareService.java:69)
D/StrictMode( 1248):    at com.coship.netfirmware.NetFirmwareService$6.run(NetFirmwareService.java:1147)
D/StrictMode( 1248): StrictMode policy violation: android.os.StrictMode$StrictModeDiskReadViolation: policy=23 violation=2
D/StrictMode( 1248):    at android.os.StrictMode$AndroidBlockGuardPolicy.onReadFromDisk(StrictMode.java:1089)
D/StrictMode( 1248):    at libcore.io.BlockGuardOs.read(BlockGuardOs.java:148)
D/StrictMode( 1248):    at libcore.io.IoBridge.read(IoBridge.java:422)
D/StrictMode( 1248):    at java.io.FileInputStream.read(FileInputStream.java:179)
D/StrictMode( 1248):    at java.io.InputStreamReader.read(InputStreamReader.java:244)
D/StrictMode( 1248):    at java.io.BufferedReader.fillBuf(BufferedReader.java:130)
D/StrictMode( 1248):    at java.io.BufferedReader.readLine(BufferedReader.java:354)
D/StrictMode( 1248):    at com.coship.netfirmware.NetFirmwareService.getUpdateInfo(NetFirmwareService.java:1535)
D/StrictMode( 1248):    at com.coship.netfirmware.NetFirmwareService.downFileFormService(NetFirmwareService.java:1512)
D/StrictMode( 1248):    at com.coship.netfirmware.NetFirmwareService.access$4800(NetFirmwareService.java:69)
D/StrictMode( 1248):    at com.coship.netfirmware.NetFirmwareService$6.run(NetFirmwareService.java:1147)
I/NetFirmwareService( 1248): packageSize--->203078416
I/NetFirmwareService( 1248): MD5--->9fdbef1aaa66251c79dc139abb837520
V/NetFirmwareService( 1248): MSG_LOAD_DAT_STATUS_mNetUpdate--->false
D/NetFirmwareService( 1248): Network Connection Success!
D/NetFirmwareService( 1248): Not Found Upgrade File!
D/MonitorCw880( 2282): currentRemoteHost is null ,continue
D/HomePlayerLib( 1621): hostaddress count is 1
D/dalvikvm( 1621): GC_CONCURRENT freed 1931K, 46% free 7255K/13379K, paused 3ms+3ms
D/dalvikvm( 1621): GC_CONCURRENT freed 1962K, 46% free 7281K/13379K, paused 3ms+4ms
D/MonitorCw880( 2282): currentRemoteHost is null ,continue
D/MonitorCw880( 2282): currentRemoteHost is null ,continue
D/HomePlayerLib( 1621): hostaddress count is 1
D/dalvikvm( 1621): GC_CONCURRENT freed 1987K, 46% free 7333K/13379K, paused 2ms+3ms
D/dalvikvm( 1621): GC_CONCURRENT freed 2028K, 46% free 7256K/13379K, paused 2ms+4ms
D/MonitorCw880( 2282): currentRemoteHost is null ,continue
D/MonitorCw880( 2282): currentRemoteHost is null ,continue
D/HomePlayerLib( 1621): hostaddress count is 1
D/dalvikvm( 1621): GC_CONCURRENT freed 1967K, 46% free 7263K/13379K, paused 2ms+3ms
D/MonitorCw880( 2282): currentRemoteHost is null ,continue
D/dalvikvm( 1621): GC_CONCURRENT freed 1957K, 46% free 7356K/13379K, paused 2ms+3ms
D/MonitorCw880( 2282): currentRemoteHost is null ,continue
D/MonitorCw880( 2282): currentRemoteHost is null ,continue
D/CheckNetWork( 1600): isOk true
D/CheckNetWork( 1600): ActInfoNetworkInfo: type: WIFI[], state: CONNECTED/CONNECTED, reason: (unspecified), extra: (none), roaming: false, failover: false, isAvailable: true
D/CheckNetWork( 1600): infoNetworkInfo: type: WIFI[], state: CONNECTED/CONNECTED, reason: (unspecified), extra: (none), roaming: false, failover: false, isAvailable: true
D/HomePlayerLib( 1621): hostaddress count is 1
D/dalvikvm( 1621): GC_CONCURRENT freed 2052K, 46% free 7338K/13379K, paused 2ms+3ms
D/dalvikvm( 1621): GC_CONCURRENT freed 2040K, 47% free 7222K/13379K, paused 2ms+4ms
D/MonitorCw880( 2282): currentRemoteHost is null ,continue
D/MonitorCw880( 2282): currentRemoteHost is null ,continue
D/dalvikvm( 1621): GC_CONCURRENT freed 1918K, 46% free 7337K/13379K, paused 2ms+3ms
D/HomePlayerLib( 1621): hostaddress count is 1
D/dalvikvm( 1621): GC_CONCURRENT freed 2056K, 46% free 7268K/13379K, paused 2ms+4ms
D/MonitorCw880( 2282): currentRemoteHost is null ,continue
D/MonitorCw880( 2282): currentRemoteHost is null ,continue
D/dalvikvm( 1621): GC_CONCURRENT freed 2049K, 46% free 7264K/13379K, paused 2ms+3ms
D/HomePlayerLib( 1621): hostaddress count is 1
D/dalvikvm( 1621): GC_CONCURRENT freed 2077K, 46% free 7235K/13379K, paused 2ms+3ms
D/dalvikvm( 1621): GC_CONCURRENT freed 1932K, 46% free 7249K/13379K, paused 3ms+4ms
V/NetFirmwareService( 1248): Network is connected!
V/NetFirmwareService( 1248): mServicePath--->http://update.feifeikan.com/Fbox
I/NetFirmwareService( 1248): mHwvStr--->002102
I/NetFirmwareService( 1248): mSwv--->211311
I/FileUtils( 1248): mkFilePath--->/data/data/com.coship.netfirmware/versioncode.dat
D/StrictMode( 1248): StrictMode policy violation: android.os.StrictMode$StrictModeNetworkViolation: policy=23 violation=4
D/StrictMode( 1248):    at android.os.StrictMode$AndroidBlockGuardPolicy.onNetwork(StrictMode.java:1105)
D/StrictMode( 1248):    at java.net.InetAddress.lookupHostByName(InetAddress.java:391)
D/StrictMode( 1248):    at java.net.InetAddress.getAllByNameImpl(InetAddress.java:242)
D/StrictMode( 1248):    at java.net.InetAddress.getAllByName(InetAddress.java:220)
D/StrictMode( 1248):    at libcore.net.http.HttpConnection.<init>(HttpConnection.java:71)
D/StrictMode( 1248):    at libcore.net.http.HttpConnection.<init>(HttpConnection.java:50)
D/StrictMode( 1248):    at libcore.net.http.HttpConnection$Address.connect(HttpConnection.java:351)
D/StrictMode( 1248):    at libcore.net.http.HttpConnectionPool.get(HttpConnectionPool.java:86)
D/StrictMode( 1248):    at libcore.net.http.HttpConnection.connect(HttpConnection.java:128)
D/StrictMode( 1248):    at libcore.net.http.HttpEngine.openSocketConnection(HttpEngine.java:308)
D/StrictMode( 1248):    at libcore.net.http.HttpEngine.connect(HttpEngine.java:303)
D/StrictMode( 1248):    at libcore.net.http.HttpEngine.sendSocketRequest(HttpEngine.java:282)
D/StrictMode( 1248):    at libcore.net.http.HttpEngine.sendRequest(HttpEngine.java:232)
D/StrictMode( 1248):    at libcore.net.http.HttpURLConnectionImpl.getResponse(HttpURLConnectionImpl.java:273)
D/StrictMode( 1248):    at libcore.net.http.HttpURLConnectionImpl.getInputStream(HttpURLConnectionImpl.java:168)
D/StrictMode( 1248):    at com.coship.netfirmware.downloads.HttpDownLoad.getInputStream(HttpDownLoad.java:66)
D/StrictMode( 1248):    at com.coship.netfirmware.downloads.HttpDownLoad.downfile(HttpDownLoad.java:43)
D/StrictMode( 1248):    at com.coship.netfirmware.NetFirmwareService.downFileFormService(NetFirmwareService.java:1504)
D/StrictMode( 1248):    at com.coship.netfirmware.NetFirmwareService.access$4800(NetFirmwareService.java:69)
D/StrictMode( 1248):    at com.coship.netfirmware.NetFirmwareService$6.run(NetFirmwareService.java:1147)
D/MonitorCw880( 2282): currentRemoteHost is null ,continue
D/MonitorCw880( 2282): currentRemoteHost is null ,continue
D/HomePlayerLib( 1621): hostaddress count is 1
D/dalvikvm( 1621): GC_CONCURRENT freed 1960K, 45% free 7412K/13379K, paused 2ms+3ms
D/dalvikvm( 1621): GC_CONCURRENT freed 2120K, 46% free 7237K/13379K, paused 3ms+4ms
D/MonitorCw880( 2282): currentRemoteHost is null ,continue
D/MonitorCw880( 2282): currentRemoteHost is null ,continue
D/HomePlayerLib( 1621): hostaddress count is 1
D/dalvikvm( 1621): GC_CONCURRENT freed 1969K, 46% free 7311K/13379K, paused 2ms+3ms
D/dalvikvm( 1621): GC_CONCURRENT freed 1997K, 46% free 7324K/13379K, paused 2ms+3ms
D/MonitorCw880( 2282): currentRemoteHost is null ,continue
D/MonitorCw880( 2282): currentRemoteHost is null ,continue
D/HomePlayerLib( 1621): hostaddress count is 1
D/dalvikvm( 1621): GC_CONCURRENT freed 2038K, 46% free 7329K/13379K, paused 2ms+3ms
D/dalvikvm( 1621): GC_CONCURRENT freed 2038K, 46% free 7274K/13379K, paused 2ms+4ms
D/MonitorCw880( 2282): currentRemoteHost is null ,continue
D/MonitorCw880( 2282): currentRemoteHost is null ,continue
D/CheckNetWork( 1600): isOk true
D/CheckNetWork( 1600): ActInfoNetworkInfo: type: WIFI[], state: CONNECTED/CONNECTED, reason: (unspecified), extra: (none), roaming: false, failover: false, isAvailable: true
D/CheckNetWork( 1600): infoNetworkInfo: type: WIFI[], state: CONNECTED/CONNECTED, reason: (unspecified), extra: (none), roaming: false, failover: false, isAvailable: true
I/HttpDownLoad( 1248): network is error
D/StrictMode( 1248): StrictMode policy violation: android.os.StrictMode$StrictModeDiskReadViolation: policy=23 violation=2
D/StrictMode( 1248):    at android.os.StrictMode$AndroidBlockGuardPolicy.onReadFromDisk(StrictMode.java:1089)
D/StrictMode( 1248):    at libcore.io.BlockGuardOs.open(BlockGuardOs.java:106)
D/StrictMode( 1248):    at libcore.io.IoBridge.open(IoBridge.java:390)
D/StrictMode( 1248):    at java.io.FileInputStream.<init>(FileInputStream.java:78)
D/StrictMode( 1248):    at java.io.FileInputStream.<init>(FileInputStream.java:105)
D/StrictMode( 1248):    at com.coship.netfirmware.NetFirmwareService.getUpdateInfo(NetFirmwareService.java:1527)
D/StrictMode( 1248):    at com.coship.netfirmware.NetFirmwareService.downFileFormService(NetFirmwareService.java:1506)
D/StrictMode( 1248):    at com.coship.netfirmware.NetFirmwareService.access$4800(NetFirmwareService.java:69)
D/StrictMode( 1248):    at com.coship.netfirmware.NetFirmwareService$6.run(NetFirmwareService.java:1147)
D/StrictMode( 1248): StrictMode policy violation: android.os.StrictMode$StrictModeDiskReadViolation: policy=23 violation=2
D/StrictMode( 1248):    at android.os.StrictMode$AndroidBlockGuardPolicy.onReadFromDisk(StrictMode.java:1089)
D/StrictMode( 1248):    at libcore.io.BlockGuardOs.read(BlockGuardOs.java:148)
D/StrictMode( 1248):    at libcore.io.IoBridge.read(IoBridge.java:422)
D/StrictMode( 1248):    at java.io.FileInputStream.read(FileInputStream.java:179)
D/StrictMode( 1248):    at java.io.InputStreamReader.read(InputStreamReader.java:244)
D/StrictMode( 1248):    at java.io.BufferedReader.fillBuf(BufferedReader.java:130)
D/StrictMode( 1248):    at java.io.BufferedReader.readLine(BufferedReader.java:354)
D/StrictMode( 1248):    at com.coship.netfirmware.NetFirmwareService.getUpdateInfo(NetFirmwareService.java:1531)
D/StrictMode( 1248):    at com.coship.netfirmware.NetFirmwareService.downFileFormService(NetFirmwareService.java:1506)
D/StrictMode( 1248):    at com.coship.netfirmware.NetFirmwareService.access$4800(NetFirmwareService.java:69)
D/StrictMode( 1248):    at com.coship.netfirmware.NetFirmwareService$6.run(NetFirmwareService.java:1147)
D/StrictMode( 1248): StrictMode policy violation: android.os.StrictMode$StrictModeDiskReadViolation: policy=23 violation=2
D/StrictMode( 1248):    at android.os.StrictMode$AndroidBlockGuardPolicy.onReadFromDisk(StrictMode.java:1089)
D/StrictMode( 1248):    at libcore.io.BlockGuardOs.read(BlockGuardOs.java:148)
D/StrictMode( 1248):    at libcore.io.IoBridge.read(IoBridge.java:422)
D/StrictMode( 1248):    at java.io.FileInputStream.read(FileInputStream.java:179)
D/StrictMode( 1248):    at java.io.InputStreamReader.read(InputStreamReader.java:244)
D/StrictMode( 1248):    at java.io.BufferedReader.fillBuf(BufferedReader.java:130)
D/StrictMode( 1248):    at java.io.BufferedReader.readLine(BufferedReader.java:390)
D/StrictMode( 1248):    at com.coship.netfirmware.NetFirmwareService.getUpdateInfo(NetFirmwareService.java:1551)
D/StrictMode( 1248):    at com.coship.netfirmware.NetFirmwareService.downFileFormService(NetFirmwareService.java:1506)
D/StrictMode( 1248):    at com.coship.netfirmware.NetFirmwareService.access$4800(NetFirmwareService.java:69)
D/StrictMode( 1248):    at com.coship.netfirmware.NetFirmwareService$6.run(NetFirmwareService.java:1147)
D/StrictMode( 1248): StrictMode policy violation: android.os.StrictMode$StrictModeDiskReadViolation: policy=23 violation=2
D/StrictMode( 1248):    at android.os.StrictMode$AndroidBlockGuardPolicy.onReadFromDisk(StrictMode.java:1089)
D/StrictMode( 1248):    at libcore.io.BlockGuardOs.read(BlockGuardOs.java:148)
D/StrictMode( 1248):    at libcore.io.IoBridge.read(IoBridge.java:422)
D/StrictMode( 1248):    at java.io.FileInputStream.read(FileInputStream.java:179)
D/StrictMode( 1248):    at java.io.InputStreamReader.read(InputStreamReader.java:244)
D/StrictMode( 1248):    at java.io.BufferedReader.fillBuf(BufferedReader.java:130)
D/StrictMode( 1248):    at java.io.BufferedReader.readLine(BufferedReader.java:354)
D/StrictMode( 1248):    at com.coship.netfirmware.NetFirmwareService.getUpdateInfo(NetFirmwareService.java:1551)
D/StrictMode( 1248):    at com.coship.netfirmware.NetFirmwareService.downFileFormService(NetFirmwareService.java:1506)
D/StrictMode( 1248):    at com.coship.netfirmware.NetFirmwareService.access$4800(NetFirmwareService.java:69)
D/StrictMode( 1248):    at com.coship.netfirmware.NetFirmwareService$6.run(NetFirmwareService.java:1147)
I/NetFirmwareService( 1248): v--->211311
I/NetFirmwareService( 1248): q--->00001
I/NetFirmwareService( 1248): c--->00001
I/FileUtils( 1248): mkFilePath--->/data/data/com.coship.netfirmware/description_211311.dat
D/StrictMode( 1248): StrictMode policy violation: android.os.StrictMode$StrictModeNetworkViolation: policy=23 violation=4
D/StrictMode( 1248):    at android.os.StrictMode$AndroidBlockGuardPolicy.onNetwork(StrictMode.java:1105)
D/StrictMode( 1248):    at java.net.InetAddress.lookupHostByName(InetAddress.java:391)
D/StrictMode( 1248):    at java.net.InetAddress.getAllByNameImpl(InetAddress.java:242)
D/StrictMode( 1248):    at java.net.InetAddress.getAllByName(InetAddress.java:220)
D/StrictMode( 1248):    at libcore.net.http.HttpConnection.<init>(HttpConnection.java:71)
D/StrictMode( 1248):    at libcore.net.http.HttpConnection.<init>(HttpConnection.java:50)
D/StrictMode( 1248):    at libcore.net.http.HttpConnection$Address.connect(HttpConnection.java:351)
D/StrictMode( 1248):    at libcore.net.http.HttpConnectionPool.get(HttpConnectionPool.java:86)
D/StrictMode( 1248):    at libcore.net.http.HttpConnection.connect(HttpConnection.java:128)
D/StrictMode( 1248):    at libcore.net.http.HttpEngine.openSocketConnection(HttpEngine.java:308)
D/StrictMode( 1248):    at libcore.net.http.HttpEngine.connect(HttpEngine.java:303)
D/StrictMode( 1248):    at libcore.net.http.HttpEngine.sendSocketRequest(HttpEngine.java:282)
D/StrictMode( 1248):    at libcore.net.http.HttpEngine.sendRequest(HttpEngine.java:232)
D/StrictMode( 1248):    at libcore.net.http.HttpURLConnectionImpl.getResponse(HttpURLConnectionImpl.java:273)
D/StrictMode( 1248):    at libcore.net.http.HttpURLConnectionImpl.getInputStream(HttpURLConnectionImpl.java:168)
D/StrictMode( 1248):    at com.coship.netfirmware.downloads.HttpDownLoad.getInputStream(HttpDownLoad.java:66)
D/StrictMode( 1248):    at com.coship.netfirmware.downloads.HttpDownLoad.downfile(HttpDownLoad.java:43)
D/StrictMode( 1248):    at com.coship.netfirmware.NetFirmwareService.downFileFormService(NetFirmwareService.java:1511)
D/StrictMode( 1248):    at com.coship.netfirmware.NetFirmwareService.access$4800(NetFirmwareService.java:69)
D/StrictMode( 1248):    at com.coship.netfirmware.NetFirmwareService$6.run(NetFirmwareService.java:1147)
I/HttpDownLoad( 1248): network is error
D/StrictMode( 1248): StrictMode policy violation: android.os.StrictMode$StrictModeDiskReadViolation: policy=23 violation=2
D/StrictMode( 1248):    at android.os.StrictMode$AndroidBlockGuardPolicy.onReadFromDisk(StrictMode.java:1089)
D/StrictMode( 1248):    at libcore.io.BlockGuardOs.open(BlockGuardOs.java:106)
D/StrictMode( 1248):    at libcore.io.IoBridge.open(IoBridge.java:390)
D/StrictMode( 1248):    at java.io.FileInputStream.<init>(FileInputStream.java:78)
D/StrictMode( 1248):    at java.io.FileInputStream.<init>(FileInputStream.java:105)
D/StrictMode( 1248):    at com.coship.netfirmware.NetFirmwareService.getUpdateInfo(NetFirmwareService.java:1527)
D/StrictMode( 1248):    at com.coship.netfirmware.NetFirmwareService.downFileFormService(NetFirmwareService.java:1512)
D/StrictMode( 1248):    at com.coship.netfirmware.NetFirmwareService.access$4800(NetFirmwareService.java:69)
D/StrictMode( 1248):    at com.coship.netfirmware.NetFirmwareService$6.run(NetFirmwareService.java:1147)
D/StrictMode( 1248): StrictMode policy violation: android.os.StrictMode$StrictModeDiskReadViolation: policy=23 violation=2
D/StrictMode( 1248):    at android.os.StrictMode$AndroidBlockGuardPolicy.onReadFromDisk(StrictMode.java:1089)
D/StrictMode( 1248):    at libcore.io.BlockGuardOs.read(BlockGuardOs.java:148)
D/StrictMode( 1248):    at libcore.io.IoBridge.read(IoBridge.java:422)
D/StrictMode( 1248):    at java.io.FileInputStream.read(FileInputStream.java:179)
D/StrictMode( 1248):    at java.io.InputStreamReader.read(InputStreamReader.java:244)
D/StrictMode( 1248):    at java.io.BufferedReader.fillBuf(BufferedReader.java:130)
D/StrictMode( 1248):    at java.io.BufferedReader.readLine(BufferedReader.java:354)
D/StrictMode( 1248):    at com.coship.netfirmware.NetFirmwareService.getUpdateInfo(NetFirmwareService.java:1531)
D/StrictMode( 1248):    at com.coship.netfirmware.NetFirmwareService.downFileFormService(NetFirmwareService.java:1512)
D/StrictMode( 1248):    at com.coship.netfirmware.NetFirmwareService.access$4800(NetFirmwareService.java:69)
D/StrictMode( 1248):    at com.coship.netfirmware.NetFirmwareService$6.run(NetFirmwareService.java:1147)
D/StrictMode( 1248): StrictMode policy violation: android.os.StrictMode$StrictModeDiskReadViolation: policy=23 violation=2
D/StrictMode( 1248):    at android.os.StrictMode$AndroidBlockGuardPolicy.onReadFromDisk(StrictMode.java:1089)
D/StrictMode( 1248):    at libcore.io.BlockGuardOs.read(BlockGuardOs.java:148)
D/StrictMode( 1248):    at libcore.io.IoBridge.read(IoBridge.java:422)
D/StrictMode( 1248):    at java.io.FileInputStream.read(FileInputStream.java:179)
D/StrictMode( 1248):    at java.io.InputStreamReader.read(InputStreamReader.java:244)
D/StrictMode( 1248):    at java.io.BufferedReader.fillBuf(BufferedReader.java:130)
D/StrictMode( 1248):    at java.io.BufferedReader.readLine(BufferedReader.java:390)
D/StrictMode( 1248):    at com.coship.netfirmware.NetFirmwareService.getUpdateInfo(NetFirmwareService.java:1551)
D/StrictMode( 1248):    at com.coship.netfirmware.NetFirmwareService.downFileFormService(NetFirmwareService.java:1512)
D/StrictMode( 1248):    at com.coship.netfirmware.NetFirmwareService.access$4800(NetFirmwareService.java:69)
D/StrictMode( 1248):    at com.coship.netfirmware.NetFirmwareService$6.run(NetFirmwareService.java:1147)
D/StrictMode( 1248): StrictMode policy violation: android.os.StrictMode$StrictModeDiskReadViolation: policy=23 violation=2
D/StrictMode( 1248):    at android.os.StrictMode$AndroidBlockGuardPolicy.onReadFromDisk(StrictMode.java:1089)
D/StrictMode( 1248):    at libcore.io.BlockGuardOs.read(BlockGuardOs.java:148)
D/StrictMode( 1248):    at libcore.io.IoBridge.read(IoBridge.java:422)
D/StrictMode( 1248):    at java.io.FileInputStream.read(FileInputStream.java:179)
D/StrictMode( 1248):    at java.io.InputStreamReader.read(InputStreamReader.java:244)
D/StrictMode( 1248):    at java.io.BufferedReader.fillBuf(BufferedReader.java:130)
D/StrictMode( 1248):    at java.io.BufferedReader.readLine(BufferedReader.java:354)
D/StrictMode( 1248):    at com.coship.netfirmware.NetFirmwareService.getUpdateInfo(NetFirmwareService.java:1535)
D/StrictMode( 1248):    at com.coship.netfirmware.NetFirmwareService.downFileFormService(NetFirmwareService.java:1512)
D/StrictMode( 1248):    at com.coship.netfirmware.NetFirmwareService.access$4800(NetFirmwareService.java:69)
D/StrictMode( 1248):    at com.coship.netfirmware.NetFirmwareService$6.run(NetFirmwareService.java:1147)
I/NetFirmwareService( 1248): packageSize--->203078416
I/NetFirmwareService( 1248): MD5--->9fdbef1aaa66251c79dc139abb837520
V/NetFirmwareService( 1248): MSG_LOAD_DAT_STATUS_mNetUpdate--->false
D/NetFirmwareService( 1248): Network Connection Success!
D/NetFirmwareService( 1248): Not Found Upgrade File!
D/dalvikvm( 1248): GC_CONCURRENT freed 380K, 84% free 1341K/8067K, paused 1ms+1ms
D/HomePlayerLib( 1621): hostaddress count is 1
D/dalvikvm( 1621): GC_CONCURRENT freed 1990K, 46% free 7329K/13379K, paused 2ms+3ms
D/MonitorCw880( 2282): currentRemoteHost is null ,continue
D/dalvikvm( 1621): GC_CONCURRENT freed 2023K, 45% free 7377K/13379K, paused 2ms+4ms
D/MonitorCw880( 2282): currentRemoteHost is null ,continue
D/MonitorCw880( 2282): currentRemoteHost is null ,continue
D/HomePlayerLib( 1621): hostaddress count is 1
D/dalvikvm( 1621): GC_CONCURRENT freed 2075K, 46% free 7231K/13379K, paused 2ms+3ms
D/dalvikvm( 1621): GC_CONCURRENT freed 1933K, 46% free 7337K/13379K, paused 3ms+3ms
D/MonitorCw880( 2282): currentRemoteHost is null ,continue
D/MonitorCw880( 2282): currentRemoteHost is null ,continue
D/HomePlayerLib( 1621): hostaddress count is 1
D/dalvikvm( 1621): GC_CONCURRENT freed 2029K, 46% free 7243K/13379K, paused 2ms+3ms
D/dalvikvm( 1621): GC_CONCURRENT freed 1936K, 46% free 7247K/13379K, paused 2ms+3ms
D/MonitorCw880( 2282): currentRemoteHost is null ,continue
D/MonitorCw880( 2282): currentRemoteHost is null ,continue
D/HomePlayerLib( 1621): hostaddress count is 1
D/dalvikvm( 1621): GC_CONCURRENT freed 1958K, 47% free 7219K/13379K, paused 2ms+3ms
I/EventLogService( 1298): Aggregate from 1364537427695 (log), 1364537427695 (data)
D/dalvikvm( 1621): GC_CONCURRENT freed 1925K, 46% free 7331K/13379K, paused 3ms+5ms
D/MonitorCw880( 2282): currentRemoteHost is null ,continue
D/MonitorCw880( 2282): currentRemoteHost is null ,continue
D/dalvikvm( 1621): GC_CONCURRENT freed 2038K, 46% free 7340K/13379K, paused 2ms+3ms
D/HomePlayerLib( 1621): hostaddress count is 1
D/dalvikvm( 1621): GC_CONCURRENT freed 2043K, 46% free 7228K/13379K, paused 2ms+4ms
D/dalvikvm( 1621): GC_CONCURRENT freed 1939K, 47% free 7220K/13379K, paused 2ms+4ms
D/MonitorCw880( 2282): currentRemoteHost is null ,continue
D/MonitorCw880( 2282): currentRemoteHost is null ,continue
D/HomePlayerLib( 1621): hostaddress count is 1
D/dalvikvm( 1621): GC_CONCURRENT freed 1927K, 46% free 7315K/13379K, paused 2ms+3ms
D/dalvikvm( 1621): GC_CONCURRENT freed 2024K, 47% free 7214K/13379K, paused 2ms+3ms
D/MonitorCw880( 2282): currentRemoteHost is null ,continue
D/CheckNetWork( 1600): isOk true
D/CheckNetWork( 1600): ActInfoNetworkInfo: type: WIFI[], state: CONNECTED/CONNECTED, reason: (unspecified), extra: (none), roaming: false, failover: false, isAvailable: true
D/CheckNetWork( 1600): infoNetworkInfo: type: WIFI[], state: CONNECTED/CONNECTED, reason: (unspecified), extra: (none), roaming: false, failover: false, isAvailable: true
V/NetFirmwareService( 1248): Network is connected!
V/NetFirmwareService( 1248): mServicePath--->http://update.feifeikan.com/Fbox
I/NetFirmwareService( 1248): mHwvStr--->002102
I/NetFirmwareService( 1248): mSwv--->211311
I/FileUtils( 1248): mkFilePath--->/data/data/com.coship.netfirmware/versioncode.dat
D/StrictMode( 1248): StrictMode policy violation: android.os.StrictMode$StrictModeNetworkViolation: policy=23 violation=4
D/StrictMode( 1248):    at android.os.StrictMode$AndroidBlockGuardPolicy.onNetwork(StrictMode.java:1105)
D/StrictMode( 1248):    at java.net.InetAddress.lookupHostByName(InetAddress.java:391)
D/StrictMode( 1248):    at java.net.InetAddress.getAllByNameImpl(InetAddress.java:242)
D/StrictMode( 1248):    at java.net.InetAddress.getAllByName(InetAddress.java:220)
D/StrictMode( 1248):    at libcore.net.http.HttpConnection.<init>(HttpConnection.java:71)
D/StrictMode( 1248):    at libcore.net.http.HttpConnection.<init>(HttpConnection.java:50)
D/StrictMode( 1248):    at libcore.net.http.HttpConnection$Address.connect(HttpConnection.java:351)
D/StrictMode( 1248):    at libcore.net.http.HttpConnectionPool.get(HttpConnectionPool.java:86)
D/StrictMode( 1248):    at libcore.net.http.HttpConnection.connect(HttpConnection.java:128)
D/StrictMode( 1248):    at libcore.net.http.HttpEngine.openSocketConnection(HttpEngine.java:308)
D/StrictMode( 1248):    at libcore.net.http.HttpEngine.connect(HttpEngine.java:303)
D/StrictMode( 1248):    at libcore.net.http.HttpEngine.sendSocketRequest(HttpEngine.java:282)
D/StrictMode( 1248):    at libcore.net.http.HttpEngine.sendRequest(HttpEngine.java:232)
D/StrictMode( 1248):    at libcore.net.http.HttpURLConnectionImpl.getResponse(HttpURLConnectionImpl.java:273)
D/StrictMode( 1248):    at libcore.net.http.HttpURLConnectionImpl.getInputStream(HttpURLConnectionImpl.java:168)
D/StrictMode( 1248):    at com.coship.netfirmware.downloads.HttpDownLoad.getInputStream(HttpDownLoad.java:66)
D/StrictMode( 1248):    at com.coship.netfirmware.downloads.HttpDownLoad.downfile(HttpDownLoad.java:43)
D/StrictMode( 1248):    at com.coship.netfirmware.NetFirmwareService.downFileFormService(NetFirmwareService.java:1504)
D/StrictMode( 1248):    at com.coship.netfirmware.NetFirmwareService.access$4800(NetFirmwareService.java:69)
D/StrictMode( 1248):    at com.coship.netfirmware.NetFirmwareService$6.run(NetFirmwareService.java:1147)
D/MonitorCw880( 2282): currentRemoteHost is null ,continue
D/HomePlayerLib( 1621): hostaddress count is 1
D/MonitorCw880( 2282): currentRemoteHost is null ,continue
D/dalvikvm( 1621): GC_CONCURRENT freed 1920K, 45% free 7368K/13379K, paused 2ms+3ms
D/dalvikvm( 1621): GC_CONCURRENT freed 2078K, 46% free 7333K/13379K, paused 2ms+4ms
D/MonitorCw880( 2282): currentRemoteHost is null ,continue
D/PushMsgCenter( 1560): mDownUpRun run while (true)
D/PushMsgCenter( 1560): down  
D/MonitorCw880( 2282): currentRemoteHost is null ,continue
D/HomePlayerLib( 1621): hostaddress count is 1
D/dalvikvm( 1621): GC_CONCURRENT freed 2044K, 46% free 7330K/13379K, paused 3ms+4ms
D/dalvikvm( 1621): GC_CONCURRENT freed 2039K, 45% free 7373K/13379K, paused 2ms+3ms
D/MonitorCw880( 2282): currentRemoteHost is null ,continue
D/MonitorCw880( 2282): currentRemoteHost is null ,continue
D/HomePlayerLib( 1621): hostaddress count is 1
D/dalvikvm( 1621): GC_CONCURRENT freed 2085K, 46% free 7231K/13379K, paused 2ms+4ms
D/dalvikvm( 1621): GC_CONCURRENT freed 1924K, 46% free 7318K/13379K, paused 2ms+4ms
D/MonitorCw880( 2282): currentRemoteHost is null ,continue
D/MonitorCw880( 2282): currentRemoteHost is null ,continue
I/Process ( 1694): Sending signal. PID: 1694 SIG: 9
E/fbdev   ( 1026): Attention! GFLIP time out, force update gop ring buffer!
E/fbdev   ( 1026): Attention! GFLIP time out, force update gop ring buffer!
I/ActivityManager(  979): Process com.coship.startwizard (pid 1694) has died.
W/ActivityManager(  979): Force removing ActivityRecord{416f7018 com.coship.startwizard/.Step8SearchWirelessNetwork}: app died, no saved state
I/WindowManager(  979): WIN DEATH: Window{4165bce8 com.coship.startwizard/com.coship.startwizard.Step4WaitForConnecting paused=false}
E/fbdev   ( 1026): Attention! GFLIP time out, force update gop ring buffer!
W/InputDispatcher(  979): channel '4165bce8 com.coship.startwizard/com.coship.startwizard.Step4WaitForConnecting (server)' ~ Consumer closed input channel or an error occurred.  events=0x8
E/InputDispatcher(  979): channel '4165bce8 com.coship.startwizard/com.coship.startwizard.Step4WaitForConnecting (server)' ~ Channel is unrecoverably broken and will be disposed!
W/InputDispatcher(  979): Attempted to unregister already unregistered input channel '4165bce8 com.coship.startwizard/com.coship.startwizard.Step4WaitForConnecting (server)'
E/fbdev   ( 1026): Attention! GFLIP time out, force update gop ring buffer!
I/WindowManager(  979): WINDOW DIED Window{4165bce8 com.coship.startwizard/com.coship.startwizard.Step4WaitForConnecting paused=false}
E/fbdev   ( 1026): Attention! GFLIP time out, force update gop ring buffer!
E/selena.android.gl.GLView$GLThread( 1278): waitForRenderComplete - called while paused or exited !
E/selena.android.gl.GLView$GLThread( 1278):     at selena.android.gl.GLView$GLThread.waitForRenderComplete(GLView.java:738)
V/TabletStatusBar( 1136): setLightsOn(true)
E/fbdev   ( 1026): Attention! GFLIP time out, force update gop ring buffer!
D/selena.android.view.SelenaView( 1278): Surface Lost
W/selena.android.view.SelenaView( 1278):     at selena.android.view.SelenaView.onSurfaceLost(SelenaView.java:322)
E/fbdev   ( 1026): Attention! GFLIP time out, force update gop ring buffer!
V/selena.android.gl.EglHelper( 1278): >>> Looking for EGL Config ES1 R8G8B8A0 D16S0 AA0
W/selena.android.gl.EglHelper( 1278):     at selena.android.gl.EglHelper.start(EglHelper.java:101)
V/selena.android.gl.EglHelper( 1278): eglChooseConfig err: 12288
W/selena.android.gl.EglHelper( 1278):     at selena.android.gl.EglHelper.findAndInitConfig(EglHelper.java:177)
D/selena.android.view.SelenaView( 1278): onWindowFocusChanged: true
W/selena.android.view.SelenaView( 1278):     at selena.android.view.SelenaView.onWindowFocusChanged(SelenaView.java:121)
V/selena.android.gl.EglHelper( 1278): >>> EGL Config [0] ES0 R8G8B8A0 D24S0 AA0 Caveat[12344] - Score: 2048
W/selena.android.gl.EglHelper( 1278):     at selena.android.gl.EglHelper.findAndInitConfig(EglHelper.java:237)
V/selena.android.gl.EglHelper( 1278): --> Config chosen: 0
W/selena.android.gl.EglHelper( 1278):     at selena.android.gl.EglHelper.findAndInitConfig(EglHelper.java:250)
D/selena.android.gl.GLView( 1278): onWindowFocusChanged: true
W/selena.android.gl.GLView( 1278):     at selena.android.gl.GLView.onWindowFocusChanged(GLView.java:379)
V/selena.android.gl.EglHelper( 1278): >>> EGL Config [1] ES0 R8G8B8A8 D24S8 AA0 Caveat[12344] - Score: 526344
E/fbdev   ( 1026): Attention! GFLIP time out, force update gop ring buffer!
W/selena.android.gl.EglHelper( 1278):     at selena.android.gl.EglHelper.findAndInitConfig(EglHelper.java:237)
V/selena.android.gl.EglHelper( 1278): >>> EGL Config [2] ES0 R8G8B8A8 D24S8 AA0 Caveat[12344] - Score: 526344
W/selena.android.gl.EglHelper( 1278):     at selena.android.gl.EglHelper.findAndInitConfig(EglHelper.java:237)
V/selena.android.gl.EglHelper( 1278): >>> EGL Config [3] ES0 R8G8B8A8 D24S8 AA4 Caveat[12344] - Score: 67635208
W/selena.android.gl.EglHelper( 1278):     at selena.android.gl.EglHelper.findAndInitConfig(EglHelper.java:237)
D/selena.android.gl.GLView$GLThread( 1278): onWindowFocusChanged - Enter: false, false
W/selena.android.gl.GLView$GLThread( 1278):     at selena.android.gl.GLView$GLThread.onWindowFocusChanged(GLView.java:822)
D/selena.android.gl.GLView$GLThread( 1278): onWindowFocusChanged - Leave: false, false
W/selena.android.gl.GLView$GLThread( 1278):     at selena.android.gl.GLView$GLThread.onWindowFocusChanged(GLView.java:831)
E/fbdev   ( 1026): Attention! GFLIP time out, force update gop ring buffer!
D/selena.android.view.SelenaView( 1278): onCreateInputConnection
E/fbdev   ( 1026): Attention! GFLIP time out, force update gop ring buffer!
W/selena.android.view.SelenaView( 1278):     at selena.android.view.SelenaView.onCreateInputConnection(SelenaView.java:396)
W/InputManagerService(  979): Got RemoteException sending setActive(false) notification to pid 1694 uid 1000
E/fbdev   ( 1026): Attention! GFLIP time out, force update gop ring buffer!
E/fbdev   ( 1026): Attention! GFLIP time out, force update gop ring buffer!
D/selena.android.view.SelenaView( 1278): Surface Created
W/selena.android.view.SelenaView( 1278):     at selena.android.view.SelenaView.onSurfaceCreated(SelenaView.java:316)
E/fbdev   ( 1026): Attention! GFLIP time out, force update gop ring buffer!
E/fbdev   ( 1026): Attention! GFLIP time out, force update gop ring buffer!
E/fbdev   ( 1026): Attention! GFLIP time out, force update gop ring buffer!
W/selena.android.view.SelenaView( 1278): DISPATCH_DRAW_WAIT_FOR_NFRAMES_COUNT: 1
W/selena.android.view.SelenaView( 1278):     at selena.android.view.SelenaView.dispatchDraw(SelenaView.java:99)
D/selena.android.gl.GLView$GLThread( 1278): waitForRenderComplete - Enter: false, false
W/selena.android.gl.GLView$GLThread( 1278):     at selena.android.gl.GLView$GLThread.waitForRenderComplete(GLView.java:746)
I/Process (  979): Sending signal. PID: 1278 SIG: 3
I/dalvikvm( 1278): threadid=3: reacting to signal 3
I/dalvikvm( 1278): Wrote stack traces to '/data/anr/traces.txt'
V/aglSendDebugString( 1278): GLES1 Context - Resized [00197AD8]: 1280x720 (BB:R5G6B5) (DS:D16), VP: Vec4(0,0,1280,720), SC: Vec4(0,0,1280,720)
V/aglSendDebugString( 1278): >>> Restoring VertexArray: FVF:Position|Normal|ColorA|Tex1(2)|Tangent|BiNormal, NumVertex: 8, Stride: 60, Size: 480b (0.000457764MB) !
V/aglSendDebugString( 1278): >>> Restoring IndexArray VBO: PT: TriangleList, MaxVertexIndex:8, NumIndices: 12, Stride: 2, Size: 24b (2.28882e-05MB) !
V/aglSendDebugString( 1278): >>> Restoring VertexArray: FVF:Position|Normal|ColorA|Tex1(2), NumVertex: 4, Stride: 36, Size: 144b (0.000137329MB) !
V/aglSendDebugString( 1278): >>> Restoring IndexArray VBO: PT: TriangleList, MaxVertexIndex:4, NumIndices: 6, Stride: 2, Size: 12b (1.14441e-05MB) !
V/aglSendDebugString( 1278): >>> Restoring VertexArray: FVF:Position|Normal|ColorA|Tex1(2), NumVertex: 4, Stride: 36, Size: 144b (0.000137329MB) !
V/aglSendDebugString( 1278): >>> Restoring IndexArray VBO: PT: TriangleList, MaxVertexIndex:4, NumIndices: 6, Stride: 2, Size: 12b (1.14441e-05MB) !
V/aglSendDebugString( 1278): >>> Restoring VertexArray: FVF:Position|Normal|ColorA|Tex1(2), NumVertex: 4, Stride: 36, Size: 144b (0.000137329MB) !
V/aglSendDebugString( 1278): >>> Restoring IndexArray VBO: PT: TriangleList, MaxVertexIndex:4, NumIndices: 6, Stride: 2, Size: 12b (1.14441e-05MB) !
V/aglSendDebugString( 1278): >>> Restoring VertexArray: FVF:Position|Normal|ColorA|Tex1(2), NumVertex: 4, Stride: 36, Size: 144b (0.000137329MB) !
V/aglSendDebugString( 1278): >>> Restoring IndexArray VBO: PT: TriangleList, MaxVertexIndex:4, NumIndices: 6, Stride: 2, Size: 12b (1.14441e-05MB) !
V/aglSendDebugString( 1278): >>> Restoring VertexArray: FVF:Position|Normal|ColorA|Tex1(2), NumVertex: 4, Stride: 36, Size: 144b (0.000137329MB) !
V/aglSendDebugString( 1278): >>> Restoring IndexArray VBO: PT: TriangleList, MaxVertexIndex:4, NumIndices: 6, Stride: 2, Size: 12b (1.14441e-05MB) !
V/aglSendDebugString( 1278): >>> Restoring VertexArray: FVF:Position|Normal|ColorA|Tex1(2), NumVertex: 4, Stride: 36, Size: 144b (0.000137329MB) !
V/aglSendDebugString( 1278): >>> Restoring IndexArray VBO: PT: TriangleList, MaxVertexIndex:4, NumIndices: 6, Stride: 2, Size: 12b (1.14441e-05MB) !
V/aglSendDebugString( 1278): >>> Restoring VertexArray: FVF:Position|Normal|ColorA|Tex1(2), NumVertex: 4, Stride: 36, Size: 144b (0.000137329MB) !
V/aglSendDebugString( 1278): >>> Restoring IndexArray VBO: PT: TriangleList, MaxVertexIndex:4, NumIndices: 6, Stride: 2, Size: 12b (1.14441e-05MB) !
V/aglSendDebugString( 1278): >>> Restoring VertexArray: FVF:Position|Normal|ColorA|Tex1(2)|Tangent|BiNormal, NumVertex: 176, Stride: 60, Size: 10560b (0.0100708MB) !
V/aglSendDebugString( 1278): >>> Restoring IndexArray VBO: PT: TriangleList, MaxVertexIndex:176, NumIndices: 264, Stride: 2, Size: 528b (0.00050354MB) !
D/selena.android.gl.GLView$GLThread( 1278): waitForRenderComplete - LeaveAt: 10
W/selena.android.gl.GLView$GLThread( 1278):     at selena.android.gl.GLView$GLThread.waitForRenderComplete(GLView.java:755)
E/fbdev   ( 1026): Attention! GFLIP time out, force update gop ring buffer!
E/fbdev   ( 1026): Attention! GFLIP time out, force update gop ring buffer!
W/selena.android.view.SelenaView( 1278): DISPATCH_DRAW_WAIT_FOR_NFRAMES_COUNT: 1
W/selena.android.view.SelenaView( 1278):     at selena.android.view.SelenaView.dispatchDraw(SelenaView.java:99)
D/selena.android.gl.GLView$GLThread( 1278): waitForRenderComplete - Enter: false, false
W/selena.android.gl.GLView$GLThread( 1278):     at selena.android.gl.GLView$GLThread.waitForRenderComplete(GLView.java:746)
D/dalvikvm( 1278): GC_CONCURRENT freed 5465K, 75% free 4238K/16451K, paused 1ms+3ms
D/selena.android.gl.GLView$GLThread( 1278): waitForRenderComplete - LeaveAt: 13
W/selena.android.gl.GLView$GLThread( 1278):     at selena.android.gl.GLView$GLThread.waitForRenderComplete(GLView.java:755)
E/fbdev   ( 1026): Attention! GFLIP time out, force update gop ring buffer!
E/fbdev   ( 1026): Attention! GFLIP time out, force update gop ring buffer!
E/fbdev   ( 1026): Attention! GFLIP time out, force update gop ring buffer!
E/fbdev   ( 1026): Attention! GFLIP time out, force update gop ring buffer!
V/aglSendDebugString( 1278): >>> Restoring VertexArray: FVF:Position|Normal|ColorA|Tex1(2)|Tangent|BiNormal, NumVertex: 8, Stride: 60, Size: 480b (0.000457764MB) !
V/aglSendDebugString( 1278): >>> Restoring IndexArray VBO: PT: TriangleList, MaxVertexIndex:8, NumIndices: 12, Stride: 2, Size: 24b (2.28882e-05MB) !
E/fbdev   ( 1026): Attention! GFLIP time out, force update gop ring buffer!
E/fbdev   ( 1026): Attention! GFLIP time out, force update gop ring buffer!
D/HomePlayerLib( 1621): hostaddress count is 1
E/fbdev   ( 1026): Attention! GFLIP time out, force update gop ring buffer!
E/fbdev   ( 1026): Attention! GFLIP time out, force update gop ring buffer!
E/fbdev   ( 1026): Attention! GFLIP time out, force update gop ring buffer!
D/dalvikvm( 1621): GC_CONCURRENT freed 2012K, 46% free 7338K/13379K, paused 2ms+4ms
E/fbdev   ( 1026): Attention! GFLIP time out, force update gop ring buffer!
E/fbdev   ( 1026): Attention! GFLIP time out, force update gop ring buffer!
E/fbdev   ( 1026): Attention! GFLIP time out, force update gop ring buffer!
E/fbdev   ( 1026): Attention! GFLIP time out, force update gop ring buffer!
E/fbdev   ( 1026): Attention! GFLIP time out, force update gop ring buffer!
E/fbdev   ( 1026): Attention! GFLIP time out, force update gop ring buffer!
E/fbdev   ( 1026): Attention! GFLIP time out, force update gop ring buffer!
E/fbdev   ( 1026): Attention! GFLIP time out, force update gop ring buffer!
E/fbdev   ( 1026): Attention! GFLIP time out, force update gop ring buffer!
E/fbdev   ( 1026): Attention! GFLIP time out, force update gop ring buffer!
E/fbdev   ( 1026): Attention! GFLIP time out, force update gop ring buffer!
E/fbdev   ( 1026): Attention! GFLIP time out, force update gop ring buffer!
E/fbdev   ( 1026): Attention! GFLIP time out, force update gop ring buffer!
D/dalvikvm( 1621): GC_CONCURRENT freed 2028K, 46% free 7343K/13379K, paused 3ms+4ms
E/fbdev   ( 1026): Attention! GFLIP time out, force update gop ring buffer!
E/fbdev   ( 1026): Attention! GFLIP time out, force update gop ring buffer!
E/fbdev   ( 1026): Attention! GFLIP time out, force update gop ring buffer!
E/fbdev   ( 1026): Attention! GFLIP time out, force update gop ring buffer!
E/fbdev   ( 1026): Attention! GFLIP time out, force update gop ring buffer!
E/fbdev   ( 1026): Attention! GFLIP time out, force update gop ring buffer!
E/fbdev   ( 1026): Attention! GFLIP time out, force update gop ring buffer!
E/fbdev   ( 1026): Attention! GFLIP time out, force update gop ring buffer!
E/fbdev   ( 1026): Attention! GFLIP time out, force update gop ring buffer!
E/fbdev   ( 1026): Attention! GFLIP time out, force update gop ring buffer!
I/HttpDownLoad( 1248): network is error
D/StrictMode( 1248): StrictMode policy violation: android.os.StrictMode$StrictModeDiskReadViolation: policy=23 violation=2
D/StrictMode( 1248):    at android.os.StrictMode$AndroidBlockGuardPolicy.onReadFromDisk(StrictMode.java:1089)
D/StrictMode( 1248):    at libcore.io.BlockGuardOs.open(BlockGuardOs.java:106)
D/StrictMode( 1248):    at libcore.io.IoBridge.open(IoBridge.java:390)
D/StrictMode( 1248):    at java.io.FileInputStream.<init>(FileInputStream.java:78)
D/StrictMode( 1248):    at java.io.FileInputStream.<init>(FileInputStream.java:105)
D/StrictMode( 1248):    at com.coship.netfirmware.NetFirmwareService.getUpdateInfo(NetFirmwareService.java:1527)
D/StrictMode( 1248):    at com.coship.netfirmware.NetFirmwareService.downFileFormService(NetFirmwareService.java:1506)
D/StrictMode( 1248):    at com.coship.netfirmware.NetFirmwareService.access$4800(NetFirmwareService.java:69)
D/StrictMode( 1248):    at com.coship.netfirmware.NetFirmwareService$6.run(NetFirmwareService.java:1147)
D/StrictMode( 1248): StrictMode policy violation: android.os.StrictMode$StrictModeDiskReadViolation: policy=23 violation=2
D/StrictMode( 1248):    at android.os.StrictMode$AndroidBlockGuardPolicy.onReadFromDisk(StrictMode.java:1089)
D/StrictMode( 1248):    at libcore.io.BlockGuardOs.read(BlockGuardOs.java:148)
D/StrictMode( 1248):    at libcore.io.IoBridge.read(IoBridge.java:422)
D/StrictMode( 1248):    at java.io.FileInputStream.read(FileInputStream.java:179)
D/StrictMode( 1248):    at java.io.InputStreamReader.read(InputStreamReader.java:244)
D/StrictMode( 1248):    at java.io.BufferedReader.fillBuf(BufferedReader.java:130)
D/StrictMode( 1248):    at java.io.BufferedReader.readLine(BufferedReader.java:354)
D/StrictMode( 1248):    at com.coship.netfirmware.NetFirmwareService.getUpdateInfo(NetFirmwareService.java:1531)
D/StrictMode( 1248):    at com.coship.netfirmware.NetFirmwareService.downFileFormService(NetFirmwareService.java:1506)
D/StrictMode( 1248):    at com.coship.netfirmware.NetFirmwareService.access$4800(NetFirmwareService.java:69)
D/StrictMode( 1248):    at com.coship.netfirmware.NetFirmwareService$6.run(NetFirmwareService.java:1147)
D/StrictMode( 1248): StrictMode policy violation: android.os.StrictMode$StrictModeDiskReadViolation: policy=23 violation=2
D/StrictMode( 1248):    at android.os.StrictMode$AndroidBlockGuardPolicy.onReadFromDisk(StrictMode.java:1089)
D/StrictMode( 1248):    at libcore.io.BlockGuardOs.read(BlockGuardOs.java:148)
D/StrictMode( 1248):    at libcore.io.IoBridge.read(IoBridge.java:422)
D/StrictMode( 1248):    at java.io.FileInputStream.read(FileInputStream.java:179)
D/StrictMode( 1248):    at java.io.InputStreamReader.read(InputStreamReader.java:244)
D/StrictMode( 1248):    at java.io.BufferedReader.fillBuf(BufferedReader.java:130)
D/StrictMode( 1248):    at java.io.BufferedReader.readLine(BufferedReader.java:390)
D/StrictMode( 1248):    at com.coship.netfirmware.NetFirmwareService.getUpdateInfo(NetFirmwareService.java:1551)
D/StrictMode( 1248):    at com.coship.netfirmware.NetFirmwareService.downFileFormService(NetFirmwareService.java:1506)
D/StrictMode( 1248):    at com.coship.netfirmware.NetFirmwareService.access$4800(NetFirmwareService.java:69)
D/StrictMode( 1248):    at com.coship.netfirmware.NetFirmwareService$6.run(NetFirmwareService.java:1147)
D/StrictMode( 1248): StrictMode policy violation: android.os.StrictMode$StrictModeDiskReadViolation: policy=23 violation=2
D/StrictMode( 1248):    at android.os.StrictMode$AndroidBlockGuardPolicy.onReadFromDisk(StrictMode.java:1089)
D/StrictMode( 1248):    at libcore.io.BlockGuardOs.read(BlockGuardOs.java:148)
D/StrictMode( 1248):    at libcore.io.IoBridge.read(IoBridge.java:422)
D/StrictMode( 1248):    at java.io.FileInputStream.read(FileInputStream.java:179)
D/StrictMode( 1248):    at java.io.InputStreamReader.read(InputStreamReader.java:244)
D/StrictMode( 1248):    at java.io.BufferedReader.fillBuf(BufferedReader.java:130)
D/StrictMode( 1248):    at java.io.BufferedReader.readLine(BufferedReader.java:354)
D/StrictMode( 1248):    at com.coship.netfirmware.NetFirmwareService.getUpdateInfo(NetFirmwareService.java:1551)
D/StrictMode( 1248):    at com.coship.netfirmware.NetFirmwareService.downFileFormService(NetFirmwareService.java:1506)
D/StrictMode( 1248):    at com.coship.netfirmware.NetFirmwareService.access$4800(NetFirmwareService.java:69)
D/StrictMode( 1248):    at com.coship.netfirmware.NetFirmwareService$6.run(NetFirmwareService.java:1147)
I/NetFirmwareService( 1248): v--->211311
I/NetFirmwareService( 1248): q--->00001
I/NetFirmwareService( 1248): c--->00001
I/FileUtils( 1248): mkFilePath--->/data/data/com.coship.netfirmware/description_211311.dat
D/StrictMode( 1248): StrictMode policy violation: android.os.StrictMode$StrictModeNetworkViolation: policy=23 violation=4
D/StrictMode( 1248):    at android.os.StrictMode$AndroidBlockGuardPolicy.onNetwork(StrictMode.java:1105)
D/StrictMode( 1248):    at java.net.InetAddress.lookupHostByName(InetAddress.java:391)
D/StrictMode( 1248):    at java.net.InetAddress.getAllByNameImpl(InetAddress.java:242)
D/StrictMode( 1248):    at java.net.InetAddress.getAllByName(InetAddress.java:220)
D/StrictMode( 1248):    at libcore.net.http.HttpConnection.<init>(HttpConnection.java:71)
D/StrictMode( 1248):    at libcore.net.http.HttpConnection.<init>(HttpConnection.java:50)
D/StrictMode( 1248):    at libcore.net.http.HttpConnection$Address.connect(HttpConnection.java:351)
D/StrictMode( 1248):    at libcore.net.http.HttpConnectionPool.get(HttpConnectionPool.java:86)
D/StrictMode( 1248):    at libcore.net.http.HttpConnection.connect(HttpConnection.java:128)
D/StrictMode( 1248):    at libcore.net.http.HttpEngine.openSocketConnection(HttpEngine.java:308)
D/StrictMode( 1248):    at libcore.net.http.HttpEngine.connect(HttpEngine.java:303)
D/StrictMode( 1248):    at libcore.net.http.HttpEngine.sendSocketRequest(HttpEngine.java:282)
D/StrictMode( 1248):    at libcore.net.http.HttpEngine.sendRequest(HttpEngine.java:232)
D/StrictMode( 1248):    at libcore.net.http.HttpURLConnectionImpl.getResponse(HttpURLConnectionImpl.java:273)
D/StrictMode( 1248):    at libcore.net.http.HttpURLConnectionImpl.getInputStream(HttpURLConnectionImpl.java:168)
D/StrictMode( 1248):    at com.coship.netfirmware.downloads.HttpDownLoad.getInputStream(HttpDownLoad.java:66)
D/StrictMode( 1248):    at com.coship.netfirmware.downloads.HttpDownLoad.downfile(HttpDownLoad.java:43)
D/StrictMode( 1248):    at com.coship.netfirmware.NetFirmwareService.downFileFormService(NetFirmwareService.java:1511)
D/StrictMode( 1248):    at com.coship.netfirmware.NetFirmwareService.access$4800(NetFirmwareService.java:69)
D/StrictMode( 1248):    at com.coship.netfirmware.NetFirmwareService$6.run(NetFirmwareService.java:1147)
I/HttpDownLoad( 1248): network is error
D/StrictMode( 1248): StrictMode policy violation: android.os.StrictMode$StrictModeDiskReadViolation: policy=23 violation=2
D/StrictMode( 1248):    at android.os.StrictMode$AndroidBlockGuardPolicy.onReadFromDisk(StrictMode.java:1089)
D/StrictMode( 1248):    at libcore.io.BlockGuardOs.open(BlockGuardOs.java:106)
D/StrictMode( 1248):    at libcore.io.IoBridge.open(IoBridge.java:390)
D/StrictMode( 1248):    at java.io.FileInputStream.<init>(FileInputStream.java:78)
D/StrictMode( 1248):    at java.io.FileInputStream.<init>(FileInputStream.java:105)
D/StrictMode( 1248):    at com.coship.netfirmware.NetFirmwareService.getUpdateInfo(NetFirmwareService.java:1527)
D/StrictMode( 1248):    at com.coship.netfirmware.NetFirmwareService.downFileFormService(NetFirmwareService.java:1512)
D/StrictMode( 1248):    at com.coship.netfirmware.NetFirmwareService.access$4800(NetFirmwareService.java:69)
D/StrictMode( 1248):    at com.coship.netfirmware.NetFirmwareService$6.run(NetFirmwareService.java:1147)
D/StrictMode( 1248): StrictMode policy violation: android.os.StrictMode$StrictModeDiskReadViolation: policy=23 violation=2
D/StrictMode( 1248):    at android.os.StrictMode$AndroidBlockGuardPolicy.onReadFromDisk(StrictMode.java:1089)
D/StrictMode( 1248):    at libcore.io.BlockGuardOs.read(BlockGuardOs.java:148)
D/StrictMode( 1248):    at libcore.io.IoBridge.read(IoBridge.java:422)
D/StrictMode( 1248):    at java.io.FileInputStream.read(FileInputStream.java:179)
D/StrictMode( 1248):    at java.io.InputStreamReader.read(InputStreamReader.java:244)
D/StrictMode( 1248):    at java.io.BufferedReader.fillBuf(BufferedReader.java:130)
D/StrictMode( 1248):    at java.io.BufferedReader.readLine(BufferedReader.java:354)
D/StrictMode( 1248):    at com.coship.netfirmware.NetFirmwareService.getUpdateInfo(NetFirmwareService.java:1531)
D/StrictMode( 1248):    at com.coship.netfirmware.NetFirmwareService.downFileFormService(NetFirmwareService.java:1512)
D/StrictMode( 1248):    at com.coship.netfirmware.NetFirmwareService.access$4800(NetFirmwareService.java:69)
D/StrictMode( 1248):    at com.coship.netfirmware.NetFirmwareService$6.run(NetFirmwareService.java:1147)
D/StrictMode( 1248): StrictMode policy violation: android.os.StrictMode$StrictModeDiskReadViolation: policy=23 violation=2
D/StrictMode( 1248):    at android.os.StrictMode$AndroidBlockGuardPolicy.onReadFromDisk(StrictMode.java:1089)
D/StrictMode( 1248):    at libcore.io.BlockGuardOs.read(BlockGuardOs.java:148)
