03-29 15:35:01.219 V/AudioFlinger(  118): not stopping/stopped => stopping/stopped (4100) on thread 0x41227008
03-29 15:35:01.219 V/AudioPolicyManagerBase(  118): stopOutput() output 2, stream 3, session 103
03-29 15:35:01.219 V/AudioPolicyManagerBase(  118): changeRefCount() stream 3, count 0
03-29 15:35:01.219 D/AudioPolicyManagerALSA(  118): mFmRadioStatus=0,mFmRadioSinkDev=4,device2=0
03-29 15:35:01.219 I/AudioPolicyManagerALSA(  118): MUSIC is playing but no on primary device, new device=2
03-29 15:35:01.219 V/AudioPolicyManagerBase(  118): setOutputDevice() output 2 device 0002 delayMs 86
03-29 15:35:01.219 V/AudioPolicyManagerBase(  118): setOutputDevice() prevDevice 0002
03-29 15:35:01.219 D/brcm-vd (  118): [video_decoder__GetParameter]: port-def [out] = 64/64, 5/3, 0, 258, 800x480/0x480
03-29 15:35:01.219 D/brcm-vd (  118): [video_decoder__UseBuffer]: locating 0 returns 0x8000001a, output port
03-29 15:35:01.219 D/brcm-vd (  118): [video_decoder__UseBuffer]: allocated 0x413de4f0, 0x413de3a0(576000) output port
03-29 15:35:01.219 D/AudioPolicyManagerALSA(  118): mFmRadioStatus=0,mFmRadioSinkDev=4,device2=0
03-29 15:35:01.219 D/AudioPolicyManagerALSA(  118): mFmRadioStatus=0,mFmRadioSinkDev=4,device2=0
03-29 15:35:01.219 D/AudioPolicyManagerALSA(  118): mFmRadioStatus=0,mFmRadioSinkDev=4,device2=0
03-29 15:35:01.219 D/AudioPolicyManagerALSA(  118): mFmRadioStatus=0,mFmRadioSinkDev=4,device2=0
03-29 15:35:01.219 D/AudioPolicyManagerALSA(  118): mFmRadioStatus=0,mFmRadioSinkDev=4,device2=0
03-29 15:35:01.219 V/AudioPolicyManagerBase(  118): setOutputDevice() setting same device 0002 or null device for output 2
03-29 15:35:01.219 V/AudioPolicyManagerALSA(  118): getDeviceForStrategy() from cache strategy 3, device 2
03-29 15:35:01.219 D/AudioPolicyManagerALSA(  118): mFmRadioStatus=0,mFmRadioSinkDev=4,device2=0
03-29 15:35:01.219 D/AudioPolicyManagerALSA(  118): mFmRadioStatus=0,mFmRadioSinkDev=4,device2=0
03-29 15:35:01.219 D/brcm-vd (  118): [video_decoder__GetParameter]: port-def [out] = 64/64, 5/3, 0, 258, 800x480/0x480
03-29 15:35:01.219 D/AudioPolicyManagerALSA(  118): mFmRadioStatus=0,mFmRadioSinkDev=4,device2=0
03-29 15:35:01.219 D/brcm-vd (  118): [video_decoder__UseBuffer]: locating 0 returns 0x80000015, output port
03-29 15:35:01.219 D/brcm-vd (  118): [video_decoder__UseBuffer]: allocated 0x52a1ae20, 0x52a1acc8(576000) output port
03-29 15:35:01.219 D/AudioPolicyManagerALSA(  118): mFmRadioStatus=0,mFmRadioSinkDev=4,device2=0
03-29 15:35:01.219 D/AudioPolicyManagerALSA(  118): mFmRadioStatus=0,mFmRadioSinkDev=4,device2=0
03-29 15:35:01.219 D/AudioPolicyManagerALSA(  118): mFmRadioStatus=0,mFmRadioSinkDev=4,device2=0
03-29 15:35:01.219 V/AudioPolicyManagerBase(  118): releaseOutput() 2
03-29 15:35:01.219 V/AudioFlinger(  118): remove track (4100) and delete from mixer
03-29 15:35:01.219 V/AudioFlinger(  118): PlaybackThread::Track destructor
03-29 15:35:01.219 V/AudioFlinger(  118): removeClient_l() pid 118, tid 4757, calling tid 118
03-29 15:35:01.219 V/AudioFlinger(  118): releasing 103 from 118
03-29 15:35:01.219 D/brcm-vd (  118): [video_decoder__GetParameter]: port-def [out] = 64/64, 5/3, 0, 258, 800x480/0x480
03-29 15:35:01.219 V/AudioFlinger(  118):  decremented refcount to 0
03-29 15:35:01.219 D/brcm-vd (  118): [video_decoder__UseBuffer]: locating 0 returns 0x8000000b, output port
03-29 15:35:01.219 D/brcm-vd (  118): [video_decoder__UseBuffer]: allocated 0x43819ea0, 0x43819cc8(576000) output port
03-29 15:35:01.219 V/AudioFlinger(  118): purging stale effects
03-29 15:35:01.219 D/AudioPolicyManagerALSA(  118): mFmRadioStatus=0,mFmRadioSinkDev=4,device2=0
03-29 15:35:01.219 D/brcm-vd (  118): [video_decoder__enable_ports]: enable MMAL ports
03-29 15:35:01.219 V/AudioPolicyManagerBase(  118): getOutput() stream 3, samplingRate 0, format 0, channelMask 3, flags 0
03-29 15:35:01.219 V/AudioPolicyManagerBase(  118): getOutput() returns output 2
03-29 15:35:01.219 D/AudioPolicyManagerALSA(  118): mFmRadioStatus=0,mFmRadioSinkDev=4,device2=0
03-29 15:35:01.219 V/AudioPolicyManagerBase(  118): getOutput() stream 3, samplingRate 0, format 0, channelMask 3, flags 0
03-29 15:35:01.219 V/AudioPolicyManagerBase(  118): getOutput() returns output 2
03-29 15:35:01.219 D/AudioPolicyManagerALSA(  118): mFmRadioStatus=0,mFmRadioSinkDev=4,device2=0
03-29 15:35:01.219 V/AudioPolicyManagerBase(  118): getOutput() stream 3, samplingRate 44100, format 1, channelMask 3, flags 0
03-29 15:35:01.229 V/AudioPolicyManagerBase(  118): getOutput() returns output 2
03-29 15:35:01.229 V/AudioFlinger(  118): createTrack() sessionId: 103
03-29 15:35:01.229 V/AudioFlinger(  118): createTrack() lSessionId: 103
03-29 15:35:01.229 V/AudioFlinger(  118): Track constructor name 4100, calling pid 118
03-29 15:35:01.229 V/AudioFlinger(  118): acquiring 103 from 118
03-29 15:35:01.229 V/AudioFlinger(  118):  added new entry for 103
03-29 15:35:01.229 D/AudioPolicyManagerALSA(  118): mFmRadioStatus=0,mFmRadioSinkDev=4,device2=0
03-29 15:35:01.229 V/AudioPolicyManagerBase(  118): getOutput() stream 3, samplingRate 0, format 0, channelMask 3, flags 0
03-29 15:35:01.229 V/AudioPolicyManagerBase(  118): getOutput() returns output 2
03-29 15:35:01.229 V/AudioFlinger(  118): start(4100), calling pid 118 session 103
03-29 15:35:01.229 V/AudioFlinger(  118): ? => ACTIVE (4100) on thread 0x412b8c48
03-29 15:35:01.229 V/AudioPolicyManagerBase(  118): startOutput() output 2, stream 3, session 103
03-29 15:35:01.229 V/AudioPolicyManagerBase(  118): changeRefCount() stream 3, count 1
03-29 15:35:01.229 D/AudioPolicyManagerALSA(  118): mFmRadioStatus=0,mFmRadioSinkDev=4,device2=0
03-29 15:35:01.229 V/AudioPolicyManagerBase(  118): setOutputDevice() output 2 device 0002 delayMs 0
03-29 15:35:01.229 V/AudioPolicyManagerBase(  118): setOutputDevice() prevDevice 0002
03-29 15:35:01.229 D/AudioPolicyManagerALSA(  118): mFmRadioStatus=0,mFmRadioSinkDev=4,device2=0
03-29 15:35:01.229 D/AudioPolicyManagerALSA(  118): mFmRadioStatus=0,mFmRadioSinkDev=4,device2=0
03-29 15:35:01.229 D/AudioPolicyManagerALSA(  118): mFmRadioStatus=0,mFmRadioSinkDev=4,device2=0
03-29 15:35:01.229 D/AudioPolicyManagerALSA(  118): mFmRadioStatus=0,mFmRadioSinkDev=4,device2=0
03-29 15:35:01.229 D/AudioPolicyManagerALSA(  118): mFmRadioStatus=0,mFmRadioSinkDev=4,device2=0
03-29 15:35:01.229 V/AudioPolicyManagerBase(  118): setOutputDevice() setting same device 0002 or null device for output 2
03-29 15:35:01.229 V/AudioPolicyManagerALSA(  118): getDeviceForStrategy() from cache strategy 3, device 2
03-29 15:35:01.229 D/AudioPolicyManagerALSA(  118): mFmRadioStatus=0,mFmRadioSinkDev=4,device2=0
03-29 15:35:01.229 D/AudioPolicyManagerALSA(  118): mFmRadioStatus=0,mFmRadioSinkDev=4,device2=0
03-29 15:35:01.229 D/AudioPolicyManagerALSA(  118): mFmRadioStatus=0,mFmRadioSinkDev=4,device2=0
03-29 15:35:01.229 D/AudioPolicyManagerALSA(  118): mFmRadioStatus=0,mFmRadioSinkDev=4,device2=0
03-29 15:35:01.229 D/AudioPolicyManagerALSA(  118): mFmRadioStatus=0,mFmRadioSinkDev=4,device2=0
03-29 15:35:01.229 D/AudioPolicyManagerALSA(  118): mFmRadioStatus=0,mFmRadioSinkDev=4,device2=0
03-29 15:35:01.229 V/AudioFlinger(  118): mWaitWorkCV.broadcast
03-29 15:35:01.229 D/brcm-vd (  118): [video_decoder__check_complete]: state changing completed
03-29 15:35:01.229 D/brcm-vd (  118): [video_decoder__openmax_main]: state changed ( 0, 3 )
03-29 15:35:01.239 I/brcm-vd (  118): [video_decoder__return_buffer]: received event EFCH on port 3,0
03-29 15:35:01.239 I/brcm-vd (  118): new aspect ratio 16x15
03-29 15:35:01.249 D/brcm-vd (  118): [video_decoder__GetParameter]: port-def [out] = 64/64, 5/3, 0, 258, 800x480/0x480
03-29 15:35:01.249 D/brcm-vd (  118): [video_decoder__GetConfig]: crop [out] = (0, 0) (800x480)
03-29 15:35:01.249 D/MediaControler( 1417): onVideoSizeChanged video width(800) or height(480)
03-29 15:35:01.249 I/VideoPlayer( 1417): HWRate1:1.6666666--HWRate2:1.7777778
03-29 15:35:01.249 I/VideoPlayer( 1417): rate22:1.6666666
03-29 15:35:01.249 D/VideoPlayer( 1417): screenWidth:1280--screenHeight:720
03-29 15:35:01.249 D/VideoPlayer( 1417): videoWidth:800--videoHeight:480
03-29 15:35:01.249 D/VideoPlayer( 1417): surfcaeWidth:1200-surfaceHeight:720
03-29 15:35:01.339 D/BatteryService(  384): mAcOnlinefalsemUsbOnline:truemBatteryStatus 5
03-29 15:35:01.339 D/BatteryService(  384): mBatteryLevel100isPowered():trueActivityManagerNative.isSystemReady():true
03-29 15:35:01.339 D/BatteryService(  384): mAcOnlinefalsemUsbOnline:truemBatteryStatus 5
03-29 15:35:01.339 D/BatteryService(  384): mAcOnlinefalsemUsbOnline:truemBatteryStatus 5
03-29 15:35:01.339 D/ActivityManager(  384): mBatteryStatusReceiver, action=android.intent.action.BATTERY_CHANGED
03-29 15:35:01.339 D/ActivityManager(  384): mBatteryStatusReceiver, plugged=2, mBatteryStatusPlugged=2, fakeShutdownMode=false
03-29 15:35:01.669 V/ChromiumHTTPDataSource(  118): connect on behalf of uid 10069
03-29 15:35:01.669 I/ChromiumHTTPDataSource(  118): connect to http://vod.feifeikan.com/vod/coshipottTWSX1000000000000232_900/212.ts @0
03-29 15:35:02.029 V/MediaControler( 1417): getCurrentPos:740920
03-29 15:35:03.030 V/MediaControler( 1417): getCurrentPos:741986
03-29 15:35:03.801 V/ChromiumHTTPDataSource(  118): connect on behalf of uid 10069
03-29 15:35:03.801 I/ChromiumHTTPDataSource(  118): connect to http://vod.feifeikan.com/vod/coshipottTWSX1000000000000232_900/213.ts @0
03-29 15:35:04.031 V/MediaControler( 1417): getCurrentPos:742968
03-29 15:35:04.031 V/MediaControler( 1417): getDuration:7677000
03-29 15:35:04.031 V/MediaControler( 1417): getCurrentPos:742968
03-29 15:35:05.032 V/MediaControler( 1417): getCurrentPos:743877
03-29 15:35:05.032 V/MediaControler( 1417): getDuration:7677000
03-29 15:35:05.032 V/MediaControler( 1417): getCurrentPos:744000
03-29 15:35:05.603 D/NetworkPolicy(  384): setNetworkTemplateEnabled(): match rule = 1
03-29 15:35:05.603 D/MobileDataStateTracker(  384): default: setPolicyDataEnable(enabled=true)
03-29 15:35:06.033 V/MediaControler( 1417): getCurrentPos:744909
03-29 15:35:06.033 V/MediaControler( 1417): getDuration:7677000
03-29 15:35:06.033 V/MediaControler( 1417): getCurrentPos:744909
03-29 15:35:06.354 D/BatteryService(  384): mAcOnlinefalsemUsbOnline:truemBatteryStatus 5
03-29 15:35:06.354 D/BatteryService(  384): mBatteryLevel100isPowered():trueActivityManagerNative.isSystemReady():true
03-29 15:35:06.354 D/BatteryService(  384): mAcOnlinefalsemUsbOnline:truemBatteryStatus 5
03-29 15:35:06.364 D/BatteryService(  384): mAcOnlinefalsemUsbOnline:truemBatteryStatus 5
03-29 15:35:06.364 D/ActivityManager(  384): mBatteryStatusReceiver, action=android.intent.action.BATTERY_CHANGED
03-29 15:35:06.364 D/ActivityManager(  384): mBatteryStatusReceiver, plugged=2, mBatteryStatusPlugged=2, fakeShutdownMode=false
03-29 15:35:06.784 V/ChromiumHTTPDataSource(  118): connect on behalf of uid 10069
03-29 15:35:06.784 I/ChromiumHTTPDataSource(  118): connect to http://vod.feifeikan.com/vod/coshipottTWSX1000000000000232_900/214.ts @0
03-29 15:35:07.034 V/MediaControler( 1417): getCurrentPos:745880
03-29 15:35:07.034 V/MediaControler( 1417): getDuration:7677000
03-29 15:35:07.034 V/MediaControler( 1417): getCurrentPos:745880
03-29 15:35:08.035 V/MediaControler( 1417): getCurrentPos:746957
03-29 15:35:08.035 V/MediaControler( 1417): getDuration:7677000
03-29 15:35:08.035 V/MediaControler( 1417): getCurrentPos:746957
03-29 15:35:09.036 V/MediaControler( 1417): getCurrentPos:747920
03-29 15:35:09.036 V/MediaControler( 1417): getDuration:7677000
03-29 15:35:09.036 V/MediaControler( 1417): getCurrentPos:747920
03-29 15:35:10.037 V/MediaControler( 1417): getCurrentPos:748880
03-29 15:35:10.037 V/MediaControler( 1417): getDuration:7677000
03-29 15:35:10.037 V/MediaControler( 1417): getCurrentPos:748880
03-29 15:35:10.347 V/ChromiumHTTPDataSource(  118): connect on behalf of uid 10069
03-29 15:35:10.347 I/ChromiumHTTPDataSource(  118): connect to http://vod.feifeikan.com/vod/coshipottTWSX1000000000000232_900/215.ts @0
03-29 15:35:11.048 V/MediaControler( 1417): getCurrentPos:749960
03-29 15:35:11.048 V/MediaControler( 1417): getDuration:7677000
03-29 15:35:11.048 V/MediaControler( 1417): getCurrentPos:749960
03-29 15:35:11.378 D/BatteryService(  384): mAcOnlinefalsemUsbOnline:truemBatteryStatus 5
03-29 15:35:11.378 D/BatteryService(  384): mBatteryLevel100isPowered():trueActivityManagerNative.isSystemReady():true
03-29 15:35:11.378 D/BatteryService(  384): mAcOnlinefalsemUsbOnline:truemBatteryStatus 5
03-29 15:35:11.378 D/BatteryService(  384): mAcOnlinefalsemUsbOnline:truemBatteryStatus 5
03-29 15:35:11.398 D/ActivityManager(  384): mBatteryStatusReceiver, action=android.intent.action.BATTERY_CHANGED
03-29 15:35:11.398 D/ActivityManager(  384): mBatteryStatusReceiver, plugged=2, mBatteryStatusPlugged=2, fakeShutdownMode=false
03-29 15:35:11.439 V/contacttt(  688): [ContactsProvider]>=query(),uri=[content://com.android.contacts/contacts],projection=[[_id]],selection=[null]  args=[null],order=[null]
03-29 15:35:11.449 D/SmsProvider(  567): --------query and url=content://sms-------
03-29 15:35:11.499 D/dalvikvm( 3205): WAIT_FOR_CONCURRENT_GC blocked 0ms
03-29 15:35:11.529 D/dalvikvm( 3205): GC_EXPLICIT freed 1173K, 43% free 10454K/18307K, paused 2ms+3ms, total 28ms
03-29 15:35:11.539 W/MountService(  384): getVolumeState(/storage/sdcard0/external_sd): Unknown volume
03-29 15:35:11.539 W/MountService(  384): getVolumeState(/mnt/sdcard-ext): Unknown volume
03-29 15:35:11.539 W/MountService(  384): getVolumeState(/mnt/ext_sdcard): Unknown volume
03-29 15:35:11.539 W/MountService(  384): getVolumeState(/mnt/sdcard2): Unknown volume
03-29 15:35:11.539 W/MountService(  384): getVolumeState(/mnt/emmc): Unknown volume
03-29 15:35:11.539 W/MountService(  384): getVolumeState(/mnt/extSdCard): Unknown volume
03-29 15:35:11.539 W/MountService(  384): getVolumeState(/mnt/sdcard/SD_CARD): Unknown volume
03-29 15:35:11.539 W/MountService(  384): getVolumeState(/mnt/sdcard/extra_sd): Unknown volume
03-29 15:35:11.539 W/MountService(  384): getVolumeState(/mnt/extrasd_bind): Unknown volume
03-29 15:35:11.549 W/MountService(  384): getVolumeState(/mnt/sdcard/ext_sd): Unknown volume
03-29 15:35:11.549 W/MountService(  384): getVolumeState(/storage/extSdCard): Unknown volume
03-29 15:35:11.549 W/MountService(  384): getVolumeState(/mnt/sdcard/external_SD): Unknown volume
03-29 15:35:11.549 W/MountService(  384): getVolumeState(/mnt/sdcard/external_sd): Unknown volume
03-29 15:35:11.579 W/MountService(  384): getVolumeState(/storage/sdcard0/external_sd): Unknown volume
03-29 15:35:11.579 W/MountService(  384): getVolumeState(/mnt/sdcard-ext): Unknown volume
03-29 15:35:11.579 W/MountService(  384): getVolumeState(/mnt/ext_sdcard): Unknown volume
03-29 15:35:11.589 W/MountService(  384): getVolumeState(/mnt/sdcard2): Unknown volume
03-29 15:35:11.589 W/MountService(  384): getVolumeState(/mnt/emmc): Unknown volume
03-29 15:35:11.589 W/MountService(  384): getVolumeState(/mnt/extSdCard): Unknown volume
03-29 15:35:11.589 W/MountService(  384): getVolumeState(/mnt/sdcard/SD_CARD): Unknown volume
03-29 15:35:11.589 W/MountService(  384): getVolumeState(/mnt/sdcard/extra_sd): Unknown volume
03-29 15:35:11.589 W/MountService(  384): getVolumeState(/mnt/extrasd_bind): Unknown volume
03-29 15:35:11.589 W/MountService(  384): getVolumeState(/mnt/sdcard/ext_sd): Unknown volume
03-29 15:35:11.589 W/MountService(  384): getVolumeState(/storage/extSdCard): Unknown volume
03-29 15:35:11.589 W/MountService(  384): getVolumeState(/mnt/sdcard/external_SD): Unknown volume
03-29 15:35:11.589 W/MountService(  384): getVolumeState(/mnt/sdcard/external_sd): Unknown volume
03-29 15:35:12.029 V/MediaControler( 1417): getCurrentPos:750924
03-29 15:35:12.029 V/MediaControler( 1417): getDuration:7677000
03-29 15:35:12.039 V/MediaControler( 1417): getCurrentPos:750924
03-29 15:35:12.049 D/NetworkPolicy(  384): setNetworkTemplateEnabled(): match rule = 1
03-29 15:35:12.049 D/MobileDataStateTracker(  384): default: setPolicyDataEnable(enabled=true)
03-29 15:35:12.099 D/SizeAdaptiveLayout(  464): com.android.internal.widget.SizeAdaptiveLayout@429fc440child view android.widget.FrameLayout@42a5df18 measured out of bounds at 130px clamped to 128px
03-29 15:35:12.099 D/SizeAdaptiveLayout(  464): com.android.internal.widget.SizeAdaptiveLayout@429fc440child view android.widget.FrameLayout@42a5df18 measured out of bounds at 130px clamped to 128px
03-29 15:35:12.640 V/ChromiumHTTPDataSource(  118): connect on behalf of uid 10069
03-29 15:35:12.640 I/ChromiumHTTPDataSource(  118): connect to http://vod.feifeikan.com/vod/coshipottTWSX1000000000000232_900/216.ts @0
03-29 15:35:13.030 V/MediaControler( 1417): getCurrentPos:751960
03-29 15:35:13.030 V/MediaControler( 1417): getDuration:7677000
03-29 15:35:13.040 V/MediaControler( 1417): getCurrentPos:751960
03-29 15:35:14.031 V/MediaControler( 1417): getCurrentPos:752880
03-29 15:35:14.031 V/MediaControler( 1417): getDuration:7677000
03-29 15:35:14.031 V/MediaControler( 1417): getCurrentPos:752880
03-29 15:35:15.032 V/MediaControler( 1417): getCurrentPos:753960
03-29 15:35:15.032 V/MediaControler( 1417): getDuration:7677000
03-29 15:35:15.042 V/MediaControler( 1417): getCurrentPos:753960
03-29 15:35:16.033 V/MediaControler( 1417): getCurrentPos:754878
03-29 15:35:16.043 V/MediaControler( 1417): getDuration:7677000
03-29 15:35:16.043 V/MediaControler( 1417): getCurrentPos:754878
03-29 15:35:16.133 W/ThrottleService(  384): unable to find stats for iface rmnet0
03-29 15:35:16.393 D/BatteryService(  384): mAcOnlinefalsemUsbOnline:truemBatteryStatus 5
03-29 15:35:16.393 D/BatteryService(  384): mBatteryLevel100isPowered():trueActivityManagerNative.isSystemReady():true
03-29 15:35:16.393 D/BatteryService(  384): mAcOnlinefalsemUsbOnline:truemBatteryStatus 5
03-29 15:35:16.393 D/BatteryService(  384): mAcOnlinefalsemUsbOnline:truemBatteryStatus 5
03-29 15:35:16.403 D/ActivityManager(  384): mBatteryStatusReceiver, action=android.intent.action.BATTERY_CHANGED
03-29 15:35:16.403 D/ActivityManager(  384): mBatteryStatusReceiver, plugged=2, mBatteryStatusPlugged=2, fakeShutdownMode=false
03-29 15:35:17.044 V/MediaControler( 1417): getCurrentPos:755960
03-29 15:35:17.044 V/MediaControler( 1417): getDuration:7677000
03-29 15:35:17.044 V/MediaControler( 1417): getCurrentPos:755960
03-29 15:35:18.045 V/MediaControler( 1417): getCurrentPos:756876
03-29 15:35:18.045 V/MediaControler( 1417): getDuration:7677000
03-29 15:35:18.045 V/MediaControler( 1417): getCurrentPos:756876
03-29 15:35:19.046 V/MediaControler( 1417): getCurrentPos:757960
03-29 15:35:19.046 V/MediaControler( 1417): getDuration:7677000
03-29 15:35:19.046 V/MediaControler( 1417): getCurrentPos:757960
03-29 15:35:20.047 V/MediaControler( 1417): getCurrentPos:758920
03-29 15:35:20.047 V/MediaControler( 1417): getDuration:7677000
03-29 15:35:20.047 V/MediaControler( 1417): getCurrentPos:758920
03-29 15:35:21.048 V/MediaControler( 1417): getCurrentPos:760000
03-29 15:35:21.048 V/MediaControler( 1417): getDuration:7677000
03-29 15:35:21.048 V/MediaControler( 1417): getCurrentPos:760000
03-29 15:35:21.378 V/ChromiumHTTPDataSource(  118): connect on behalf of uid 10069
03-29 15:35:21.378 I/ChromiumHTTPDataSource(  118): connect to http://vod.feifeikan.com/vod/coshipottTWSX1000000000000232_900/217.ts @0
03-29 15:35:21.418 D/BatteryService(  384): mAcOnlinefalsemUsbOnline:truemBatteryStatus 5
03-29 15:35:21.418 D/BatteryService(  384): mBatteryLevel100isPowered():trueActivityManagerNative.isSystemReady():true
03-29 15:35:21.418 D/BatteryService(  384): mAcOnlinefalsemUsbOnline:truemBatteryStatus 5
03-29 15:35:21.418 D/BatteryService(  384): mAcOnlinefalsemUsbOnline:truemBatteryStatus 5
03-29 15:35:21.428 D/ActivityManager(  384): mBatteryStatusReceiver, action=android.intent.action.BATTERY_CHANGED
03-29 15:35:21.428 D/ActivityManager(  384): mBatteryStatusReceiver, plugged=2, mBatteryStatusPlugged=2, fakeShutdownMode=false
03-29 15:35:22.049 V/MediaControler( 1417): getCurrentPos:760877
03-29 15:35:22.049 V/MediaControler( 1417): getDuration:7677000
03-29 15:35:22.049 V/MediaControler( 1417): getCurrentPos:760877
03-29 15:35:22.169 D/KeyguardViewMediator(  384): setHidden false
03-29 15:35:22.239 D/VideoPlayer( 1417): sendToTV:1
03-29 15:35:22.249 V/Device  ( 1417): 192.168.1.3: state=3,will change to =3
03-29 15:35:22.249 E/apple   ( 1417): Client current:true
03-29 15:35:22.249 E/apple   ( 1417): Client current:false
03-29 15:35:22.249 E/VideoPlayer( 1417): processOnPause 
03-29 15:35:22.249 I/MediaControler( 1417): reset
03-29 15:35:22.249 D/OtORequestHandler( 1417): send request:101
03-29 15:35:22.249 V/AudioFlinger(  118): pause(4100), calling pid 118
03-29 15:35:22.249 V/AudioFlinger(  118): ACTIVE/RESUMING => PAUSING (4100) on thread 0x41227008
03-29 15:35:22.249 V/AudioPolicyManagerBase(  118): stopOutput() output 2, stream 3, session 103
03-29 15:35:22.249 V/AudioPolicyManagerBase(  118): changeRefCount() stream 3, count 0
03-29 15:35:22.249 D/AudioPolicyManagerALSA(  118): mFmRadioStatus=0,mFmRadioSinkDev=4,device2=0
03-29 15:35:22.249 I/AudioPolicyManagerALSA(  118): MUSIC is playing but no on primary device, new device=2
03-29 15:35:22.249 V/AudioPolicyManagerBase(  118): setOutputDevice() output 2 device 0002 delayMs 86
03-29 15:35:22.259 V/AudioPolicyManagerBase(  118): setOutputDevice() prevDevice 0002
03-29 15:35:22.259 D/AudioPolicyManagerALSA(  118): mFmRadioStatus=0,mFmRadioSinkDev=4,device2=0
03-29 15:35:22.259 D/AudioPolicyManagerALSA(  118): mFmRadioStatus=0,mFmRadioSinkDev=4,device2=0
03-29 15:35:22.259 D/AudioPolicyManagerALSA(  118): mFmRadioStatus=0,mFmRadioSinkDev=4,device2=0
03-29 15:35:22.259 D/AudioPolicyManagerALSA(  118): mFmRadioStatus=0,mFmRadioSinkDev=4,device2=0
03-29 15:35:22.259 D/AudioPolicyManagerALSA(  118): mFmRadioStatus=0,mFmRadioSinkDev=4,device2=0
03-29 15:35:22.259 V/AudioPolicyManagerBase(  118): setOutputDevice() setting same device 0002 or null device for output 2
03-29 15:35:22.259 V/AudioPolicyManagerALSA(  118): getDeviceForStrategy() from cache strategy 3, device 2
03-29 15:35:22.259 D/AudioPolicyManagerALSA(  118): mFmRadioStatus=0,mFmRadioSinkDev=4,device2=0
03-29 15:35:22.259 D/AudioPolicyManagerALSA(  118): mFmRadioStatus=0,mFmRadioSinkDev=4,device2=0
03-29 15:35:22.259 D/AudioPolicyManagerALSA(  118): mFmRadioStatus=0,mFmRadioSinkDev=4,device2=0
03-29 15:35:22.259 D/AudioPolicyManagerALSA(  118): mFmRadioStatus=0,mFmRadioSinkDev=4,device2=0
03-29 15:35:22.259 D/AudioPolicyManagerALSA(  118): mFmRadioStatus=0,mFmRadioSinkDev=4,device2=0
03-29 15:35:22.259 D/AudioPolicyManagerALSA(  118): mFmRadioStatus=0,mFmRadioSinkDev=4,device2=0
03-29 15:35:22.259 D/KeyguardViewMediator(  384): setHidden false
03-29 15:35:22.259 E/LiveSession(  118): failed to fetch .ts segment at url 'http://vod.feifeikan.com/vod/coshipottTWSX1000000000000232_900/217.ts'
03-29 15:35:22.259 D/brcm-vd (  118): [video_decoder__openmax_main]: flushing input(1)/output(1) port for 0x4147c0a0
03-29 15:35:22.269 I/BRCM-OMX(  118): [OMX.brcm.audio.aac.decoder]:processFlush: Process Flush in Base Auio Dec triggers reset on the codec API
03-29 15:35:22.269 I/BRCM-OMX(  118): [OMX.brcm.audio.aac.decoder]:portFlushInProgress: Port-0 FLUSH in Progress
03-29 15:35:22.269 I/BRCM-OMX(  118): [OMX.brcm.audio.aac.decoder]:portFlushInProgress: Port-0 FLUSH in Progress
03-29 15:35:22.269 I/BRCM-OMX(  118): [OMX.brcm.audio.aac.decoder]:processFlush: Process Flush in Base Auio Dec triggers reset on the codec API
03-29 15:35:22.269 D/brcm-vd (  118): [video_decoder__check_complete]: flush output port completed
03-29 15:35:22.269 D/brcm-vd (  118): [video_decoder__check_complete]: flush input port completed
03-29 15:35:22.269 I/BRCM-OMX(  118): [OMX.brcm.audio.aac.decoder]:processFlush: Process Flush in Base Auio Dec triggers reset on the codec API
03-29 15:35:22.269 I/BRCM-OMX(  118): [OMX.brcm.audio.aac.decoder]:processFlush: Process Flush in Base Auio Dec triggers reset on the codec API
03-29 15:35:22.269 V/OtOPlayRequest( 1417): Play Request: {"ResourceInfo":{"TimeCode":760,"PlayType":1,"ResourceName":"2","ProductCode":"","ResourceCode":"10732","Duration":7677},"UserCode":"","SubID":""}
03-29 15:35:22.269 I/BRCM-OMX(  118): [OMX.brcm.audio.aac.decoder]:bufferHandler: PORT-0: BufferHandler thread exiting....
03-29 15:35:22.269 I/BRCM-OMX(  118): [OMX.brcm.audio.aac.decoder]:bufferHandler: PORT-1: BufferHandler thread exiting....
03-29 15:35:22.269 W/BRCM-OMXAudioPort(  118): [OMX.brcm.audio.aac.decoder]:isPopulated: PORT-0,  Populated state <0>
03-29 15:35:22.269 W/BRCM-OMXAudioPort(  118): [OMX.brcm.audio.aac.decoder]:isPopulated: PORT-1,  Populated state <0>
03-29 15:35:22.269 I/BRCM-OMX(  118): ([OMX.brcm.audio.aac.decoder]:codecSyncHandler: codecSyncHandler thread exiting....
03-29 15:35:22.269 I/BRCM-OMX(  118): [OMX.brcm.audio.aac.decoder]:commandHandler: CommandHandler thread exiting....
03-29 15:35:22.269 D/brcm-vd (  118): [video_decoder__check_complete]: state changing completed
03-29 15:35:22.279 D/brcm-vd (  118): [video_decoder__FreeBuffer]: deallocated 0x52ee4e20 (6562c000)
03-29 15:35:22.279 D/brcm-vd (  118): [video_decoder__FreeBuffer]: deallocated 0x469e9e20 (655ce400)
03-29 15:35:22.279 D/brcm-vd (  118): [video_decoder__FreeBuffer]: deallocated 0x449b7f30 (65570800)
03-29 15:35:22.279 D/brcm-vd (  118): [video_decoder__openmax_main]: OMX_CommandStateSet - loaded, ready to set/get
03-29 15:35:22.279 D/brcm-vd (  118): [video_decoder__FreeBuffer]: deallocated 0x416c5d90 (65512c00)
03-29 15:35:22.279 D/brcm-vd (  118): [video_decoder__FreeBuffer]: deallocated 0x59081df0 (654b5000)
03-29 15:35:22.279 D/brcm-vd (  118): [video_decoder__openmax_main]: state changed ( 0, 1 )
03-29 15:35:22.279 D/brcm-vd (  118): [video_decoder__FreeBuffer]: deallocated 0x43819ea0 (8000000b)
03-29 15:35:22.279 D/brcm-vd (  118): [video_decoder__FreeBuffer]: deallocated 0x52a1ae20 (80000015)
03-29 15:35:22.279 D/brcm-vd (  118): [video_decoder__FreeBuffer]: deallocated 0x413de4f0 (8000001a)
03-29 15:35:22.279 D/brcm-vd (  118): [video_decoder__FreeBuffer]: deallocated 0x63aacd10 (8000001c)
03-29 15:35:22.279 D/brcm-vd (  118): [video_decoder__FreeBuffer]: deallocated 0x4d2bbcf0 (8000000e)
03-29 15:35:22.279 D/OtORequestHandler( 1417): send DatagramPacket
03-29 15:35:22.279 V/AudioFlinger(  118): presentationComplete() reset: mPresentationCompleteFrames 1123344 audioHalFrames 2064
03-29 15:35:22.279 V/component_tracker(  118): [unregister_component]: Removing decoder (0x4261add0) at slot 0
03-29 15:35:22.279 V/component_tracker(  118): [unregister_component]: Clearing decoder at slot 0
03-29 15:35:22.279 D/brcm-vd (  118): [video_decoder__openmax_main]: thread exiting
03-29 15:35:22.309 V/OtORequestHandler( 1417): receive data from 192.168.1.3
03-29 15:35:22.309 D/OtORequestHandler( 1417): receive data 111111
03-29 15:35:22.309 V/OtORequest_apple( 1417): get command=101
03-29 15:35:22.309 V/OtORequest( 1417): parse OtORequest: cmd=101 paramLength=200 bufferlen=208
03-29 15:35:22.319 V/OtORequest( 1417): parse param: param={"ResourceInfo":{"TimeCode":760,"PlayType":1,"ResourceName":"2","ProductCode":"","ResourceCode":"10732","Duration":7677},"Status":{"ReturnCode":100,"Description":"start to play"}} play"}}
03-29 15:35:22.319 D/OtORequestHandler( 1417): receive data aaaaaaa:com.aidufei.protocol.oto.OtOPlayRequest@43694338
03-29 15:35:22.319 D/OtORequestHandler( 1417): receive data 2222222
03-29 15:35:22.319 D/OtORequestHandler( 1417): receive data 3333333
03-29 15:35:22.319 V/OtODeviceAdapter( 1417): start handle data.
03-29 15:35:22.319 V/OtODeviceAdapter( 1417): onPlay.
03-29 15:35:22.319 I/VideoPlayer( 1417): onPlay
03-29 15:35:22.319 I/VideoPlayer( 1417): SEND_TV_SUCCESS
03-29 15:35:22.319 V/VideoPlayer( 1417): server begin play VOD:ResourceName=2 ResourceCode=10732 ProductCode= Duration=7677 TimeCode=760
03-29 15:35:22.339 V/AudioFlinger(  118): presentationComplete() session 103 complete: framesWritten 1124352
03-29 15:35:22.920 V/OtORequestHandler( 1417): receive data from 192.168.1.3
03-29 15:35:22.920 D/OtORequestHandler( 1417): receive data 111111
03-29 15:35:22.920 V/OtORequest_apple( 1417): get command=200
03-29 15:35:22.920 D/OtORequestHandler( 1417): receive data aaaaaaa:null
03-29 15:35:22.920 D/OtORequestHandler( 1417): receive data 2222222
03-29 15:35:22.920 D/OtORequestHandler( 1417): receive data not process because mAdpater is NULL or req is NULL.
03-29 15:35:24.291 V/AudioFlinger(  118): releasing 103 from 1417
03-29 15:35:24.291 V/AudioFlinger(  118):  decremented refcount to 0
03-29 15:35:24.291 V/AudioFlinger(  118): purging stale effects
03-29 15:35:24.291 V/AudioPolicyManagerBase(  118): releaseOutput() 2
03-29 15:35:24.291 V/AudioFlinger(  118): remove track (4100) and delete from mixer
03-29 15:35:24.291 V/AudioFlinger(  118): PlaybackThread::Track destructor
03-29 15:35:24.291 V/AudioFlinger(  118): removeClient_l() pid 118, tid 371, calling tid 118
03-29 15:35:24.291 V/AudioFlinger(  118): releasing 103 from 118
03-29 15:35:24.291 V/AudioFlinger(  118):  decremented refcount to 0
03-29 15:35:24.291 V/AudioFlinger(  118): purging stale effects
03-29 15:35:25.072 D/dalvikvm(  384): WAIT_FOR_CONCURRENT_GC blocked 0ms
03-29 15:35:25.132 D/dalvikvm(  384): GC_EXPLICIT freed 1183K, 42% free 14481K/24643K, paused 3ms+6ms, total 56ms
03-29 15:35:25.262 V/AudioFlinger(  118): Audio hardware entering standby, mixer 0x41227008, suspend count 0
03-29 15:35:25.312 I/AudioHardwareALSA(  118): dump.audio.pcm = OFF
03-29 15:35:25.312 V/AudioHardwareALSA(  118): Data Dump is disabled
03-29 15:35:25.312 V/AudioFlinger(  118): releaseWakeLock_l() AudioOut_2
03-29 15:35:25.312 V/AudioFlinger(  118): thread 0x41227008 type 0 TID 230 going to sleep
03-29 15:35:26.433 D/BatteryService(  384): mAcOnlinefalsemUsbOnline:truemBatteryStatus 5
03-29 15:35:26.433 D/BatteryService(  384): mBatteryLevel100isPowered():trueActivityManagerNative.isSystemReady():true
03-29 15:35:28.325 V/Device  ( 1417): 192.168.1.3: state=3,will change to =3
03-29 15:35:28.325 E/apple   ( 1417): Client current:true
03-29 15:35:28.325 E/apple   ( 1417): Client current:false
03-29 15:35:28.325 D/OtORequestHandler( 1417): send request:103
03-29 15:35:28.325 D/OtORequestHandler( 1417): send DatagramPacket
03-29 15:35:28.465 V/OtORequestHandler( 1417): receive data from 192.168.1.3
03-29 15:35:28.465 D/OtORequestHandler( 1417): receive data 111111
03-29 15:35:28.465 V/OtORequest_apple( 1417): get command=103
03-29 15:35:28.465 V/OtORequest( 1417): parse OtORequest: cmd=103 paramLength=215 bufferlen=223
03-29 15:35:28.475 V/OtORequest( 1417): parse param: param={"ResourceInfo":{"TimeCode":760,"PlayType":1,"ResourceName":"2","ProductCode":"","ResourceCode":"10732","Duration":7294},"Status":{"ReturnCode":100,"Description":"ok"},"PlayStatus":2,"Volume":6}lume":6}
03-29 15:35:28.475 E/apple   ( 1417): OtOStatus request11 2
03-29 15:35:28.475 D/OtORequestHandler( 1417): receive data aaaaaaa:com.aidufei.protocol.oto.OtOStatusRequest@42fb53c0
03-29 15:35:28.475 D/OtORequestHandler( 1417): receive data 2222222
03-29 15:35:28.475 D/OtORequestHandler( 1417): receive data 3333333
03-29 15:35:28.475 V/OtODeviceAdapter( 1417): start handle data.
03-29 15:35:28.475 V/OtODeviceAdapter( 1417): onPlayStatusSync.
03-29 15:35:28.475 I/VideoPlayer( 1417): onGetStatus:
03-29 15:35:28.475 E/VideoPlayer( 1417): sync_ok:
03-29 15:35:28.475 V/VideoPlayer( 1417): get server play VOD status:ResourceName=2 ResourceCode=10732 ProductCode= Duration=7294 TimeCode=760
03-29 15:35:28.475 I/VideoPlayer( 1417): onGetVolume(volume):6
03-29 15:35:28.475 V/MediaControler( 1417): Set volume:0
03-29 15:35:28.475 V/AudioPolicyManagerALSA(  118): getDeviceForStrategy() from cache strategy 0, device 2
03-29 15:35:28.475 I/VideoPlayer( 1417): onGetPlayStatus:2
03-29 15:35:30.327 V/Device  ( 1417): 192.168.1.3: state=3,will change to =3
03-29 15:35:30.327 E/apple   ( 1417): Client current:true
03-29 15:35:30.327 E/apple   ( 1417): Client current:false
03-29 15:35:30.327 D/OtORequestHandler( 1417): send request:103
03-29 15:35:30.327 D/OtORequestHandler( 1417): send DatagramPacket
03-29 15:35:30.487 V/OtORequestHandler( 1417): receive data from 192.168.1.3
03-29 15:35:30.487 D/OtORequestHandler( 1417): receive data 111111
03-29 15:35:30.487 V/OtORequest_apple( 1417): get command=103
03-29 15:35:30.487 V/OtORequest( 1417): parse OtORequest: cmd=103 paramLength=215 bufferlen=223
03-29 15:35:30.487 V/OtORequest( 1417): parse param: param={"ResourceInfo":{"TimeCode":760,"PlayType":1,"ResourceName":"2","ProductCode":"","ResourceCode":"10732","Duration":7294},"Status":{"ReturnCode":100,"Description":"ok"},"PlayStatus":2,"Volume":6}lume":6}
03-29 15:35:30.487 E/apple   ( 1417): OtOStatus request11 2
03-29 15:35:30.487 D/OtORequestHandler( 1417): receive data aaaaaaa:com.aidufei.protocol.oto.OtOStatusRequest@423de318
03-29 15:35:30.487 D/OtORequestHandler( 1417): receive data 2222222
03-29 15:35:30.487 D/OtORequestHandler( 1417): receive data 3333333
03-29 15:35:30.487 V/OtODeviceAdapter( 1417): start handle data.
03-29 15:35:30.487 V/OtODeviceAdapter( 1417): onPlayStatusSync.
03-29 15:35:30.487 I/VideoPlayer( 1417): onGetStatus:
03-29 15:35:30.487 E/VideoPlayer( 1417): sync_ok:
03-29 15:35:30.487 V/VideoPlayer( 1417): get server play VOD status:ResourceName=2 ResourceCode=10732 ProductCode= Duration=7294 TimeCode=760
03-29 15:35:30.487 I/VideoPlayer( 1417): onGetVolume(volume):6
03-29 15:35:30.487 V/MediaControler( 1417): Set volume:0
03-29 15:35:30.497 V/AudioPolicyManagerALSA(  118): getDeviceForStrategy() from cache strategy 0, device 2
03-29 15:35:30.497 I/VideoPlayer( 1417): onGetPlayStatus:2
03-29 15:35:31.458 D/BatteryService(  384): mAcOnlinefalsemUsbOnline:truemBatteryStatus 5
03-29 15:35:31.458 D/BatteryService(  384): mBatteryLevel100isPowered():trueActivityManagerNative.isSystemReady():true
03-29 15:35:32.329 V/Device  ( 1417): 192.168.1.3: state=3,will change to =3
03-29 15:35:32.329 E/apple   ( 1417): Client current:true
03-29 15:35:32.329 E/apple   ( 1417): Client current:false
03-29 15:35:32.339 D/OtORequestHandler( 1417): send request:103
03-29 15:35:32.339 D/OtORequestHandler( 1417): send DatagramPacket
03-29 15:35:32.459 V/OtORequestHandler( 1417): receive data from 192.168.1.3
03-29 15:35:32.459 D/OtORequestHandler( 1417): receive data 111111
03-29 15:35:32.459 V/OtORequest_apple( 1417): get command=103
03-29 15:35:32.459 V/OtORequest( 1417): parse OtORequest: cmd=103 paramLength=215 bufferlen=223
03-29 15:35:32.459 V/OtORequest( 1417): parse param: param={"ResourceInfo":{"TimeCode":760,"PlayType":1,"ResourceName":"2","ProductCode":"","ResourceCode":"10732","Duration":7294},"Status":{"ReturnCode":100,"Description":"ok"},"PlayStatus":2,"Volume":6}lume":6}
03-29 15:35:32.459 E/apple   ( 1417): OtOStatus request11 2
03-29 15:35:32.459 D/OtORequestHandler( 1417): receive data aaaaaaa:com.aidufei.protocol.oto.OtOStatusRequest@4285df70
03-29 15:35:32.459 D/OtORequestHandler( 1417): receive data 2222222
03-29 15:35:32.459 D/OtORequestHandler( 1417): receive data 3333333
03-29 15:35:32.459 V/OtODeviceAdapter( 1417): start handle data.
03-29 15:35:32.459 V/OtODeviceAdapter( 1417): onPlayStatusSync.
03-29 15:35:32.459 I/VideoPlayer( 1417): onGetStatus:
03-29 15:35:32.459 E/VideoPlayer( 1417): sync_ok:
03-29 15:35:32.459 V/VideoPlayer( 1417): get server play VOD status:ResourceName=2 ResourceCode=10732 ProductCode= Duration=7294 TimeCode=760
03-29 15:35:32.459 I/VideoPlayer( 1417): onGetVolume(volume):6
03-29 15:35:32.459 V/MediaControler( 1417): Set volume:0
03-29 15:35:32.459 V/AudioPolicyManagerALSA(  118): getDeviceForStrategy() from cache strategy 0, device 2
03-29 15:35:32.469 I/VideoPlayer( 1417): onGetPlayStatus:2
03-29 15:35:34.331 V/Device  ( 1417): 192.168.1.3: state=3,will change to =3
03-29 15:35:34.331 E/apple   ( 1417): Client current:true
03-29 15:35:34.331 E/apple   ( 1417): Client current:false
03-29 15:35:34.331 D/OtORequestHandler( 1417): send request:103
03-29 15:35:34.331 D/OtORequestHandler( 1417): send DatagramPacket
03-29 15:35:34.351 V/OtORequestHandler( 1417): receive data from 192.168.1.3
03-29 15:35:34.351 D/OtORequestHandler( 1417): receive data 111111
03-29 15:35:34.351 V/OtORequest_apple( 1417): get command=103
03-29 15:35:34.351 V/OtORequest( 1417): parse OtORequest: cmd=103 paramLength=215 bufferlen=223
03-29 15:35:34.351 V/OtORequest( 1417): parse param: param={"ResourceInfo":{"TimeCode":760,"PlayType":1,"ResourceName":"2","ProductCode":"","ResourceCode":"10732","Duration":7294},"Status":{"ReturnCode":100,"Description":"ok"},"PlayStatus":2,"Volume":0}lume":0}
03-29 15:35:34.361 E/apple   ( 1417): OtOStatus request11 2
03-29 15:35:34.361 D/OtORequestHandler( 1417): receive data aaaaaaa:com.aidufei.protocol.oto.OtOStatusRequest@43897000
03-29 15:35:34.361 D/OtORequestHandler( 1417): receive data 2222222
03-29 15:35:34.361 D/OtORequestHandler( 1417): receive data 3333333
03-29 15:35:34.361 V/OtODeviceAdapter( 1417): start handle data.
03-29 15:35:34.361 V/OtODeviceAdapter( 1417): onPlayStatusSync.
03-29 15:35:34.361 I/VideoPlayer( 1417): onGetStatus:
03-29 15:35:34.361 E/VideoPlayer( 1417): sync_ok:
03-29 15:35:34.361 V/VideoPlayer( 1417): get server play VOD status:ResourceName=2 ResourceCode=10732 ProductCode= Duration=7294 TimeCode=760
03-29 15:35:34.361 I/VideoPlayer( 1417): onGetVolume(volume):0
03-29 15:35:34.361 V/MediaControler( 1417): Set volume:0
03-29 15:35:34.361 V/AudioPolicyManagerALSA(  118): getDeviceForStrategy() from cache strategy 0, device 2
03-29 15:35:34.361 I/VideoPlayer( 1417): onGetPlayStatus:2
03-29 15:35:36.333 V/Device  ( 1417): 192.168.1.3: state=3,will change to =3
03-29 15:35:36.333 E/apple   ( 1417): Client current:true
03-29 15:35:36.333 E/apple   ( 1417): Client current:false
03-29 15:35:36.333 D/OtORequestHandler( 1417): send request:103
03-29 15:35:36.333 D/OtORequestHandler( 1417): send DatagramPacket
03-29 15:35:36.443 V/OtORequestHandler( 1417): receive data from 192.168.1.3
03-29 15:35:36.443 D/OtORequestHandler( 1417): receive data 111111
03-29 15:35:36.443 V/OtORequest_apple( 1417): get command=103
03-29 15:35:36.453 V/OtORequest( 1417): parse OtORequest: cmd=103 paramLength=215 bufferlen=223
03-29 15:35:36.453 V/OtORequest( 1417): parse param: param={"ResourceInfo":{"TimeCode":688,"PlayType":1,"ResourceName":"2","ProductCode":"","ResourceCode":"10732","Duration":7294},"Status":{"ReturnCode":100,"Description":"ok"},"PlayStatus":2,"Volume":0}lume":0}
03-29 15:35:36.453 E/apple   ( 1417): OtOStatus request11 2
03-29 15:35:36.453 D/OtORequestHandler( 1417): receive data aaaaaaa:com.aidufei.protocol.oto.OtOStatusRequest@433904d0
03-29 15:35:36.453 D/OtORequestHandler( 1417): receive data 2222222
03-29 15:35:36.453 D/OtORequestHandler( 1417): receive data 3333333
03-29 15:35:36.453 V/OtODeviceAdapter( 1417): start handle data.
03-29 15:35:36.453 V/OtODeviceAdapter( 1417): onPlayStatusSync.
03-29 15:35:36.453 I/VideoPlayer( 1417): onGetStatus:
03-29 15:35:36.453 E/VideoPlayer( 1417): sync_ok:
03-29 15:35:36.453 V/VideoPlayer( 1417): get server play VOD status:ResourceName=2 ResourceCode=10732 ProductCode= Duration=7294 TimeCode=688
03-29 15:35:36.463 I/VideoPlayer( 1417): onGetVolume(volume):0
03-29 15:35:36.463 V/MediaControler( 1417): Set volume:0
03-29 15:35:36.463 V/AudioPolicyManagerALSA(  118): getDeviceForStrategy() from cache strategy 0, device 2
03-29 15:35:36.463 I/VideoPlayer( 1417): onGetPlayStatus:2
03-29 15:35:36.463 D/BatteryService(  384): mAcOnlinefalsemUsbOnline:truemBatteryStatus 5
03-29 15:35:36.463 D/BatteryService(  384): mBatteryLevel100isPowered():trueActivityManagerNative.isSystemReady():true
03-29 15:35:38.335 V/Device  ( 1417): 192.168.1.3: state=3,will change to =3
03-29 15:35:38.335 E/apple   ( 1417): Client current:true
03-29 15:35:38.335 E/apple   ( 1417): Client current:false
03-29 15:35:38.335 D/OtORequestHandler( 1417): send request:103
03-29 15:35:38.335 D/OtORequestHandler( 1417): send DatagramPacket
03-29 15:35:38.355 V/OtORequestHandler( 1417): receive data from 192.168.1.3
03-29 15:35:38.355 D/OtORequestHandler( 1417): receive data 111111
03-29 15:35:38.355 V/OtORequest_apple( 1417): get command=103
03-29 15:35:38.355 V/OtORequest( 1417): parse OtORequest: cmd=103 paramLength=215 bufferlen=223
03-29 15:35:38.355 V/OtORequest( 1417): parse param: param={"ResourceInfo":{"TimeCode":688,"PlayType":1,"ResourceName":"2","ProductCode":"","ResourceCode":"10732","Duration":7294},"Status":{"ReturnCode":100,"Description":"ok"},"PlayStatus":2,"Volume":5}lume":5}
03-29 15:35:38.355 E/apple   ( 1417): OtOStatus request11 2
03-29 15:35:38.355 D/OtORequestHandler( 1417): receive data aaaaaaa:com.aidufei.protocol.oto.OtOStatusRequest@4336ea58
03-29 15:35:38.355 D/OtORequestHandler( 1417): receive data 2222222
03-29 15:35:38.355 D/OtORequestHandler( 1417): receive data 3333333
03-29 15:35:38.355 V/OtODeviceAdapter( 1417): start handle data.
03-29 15:35:38.355 V/OtODeviceAdapter( 1417): onPlayStatusSync.
03-29 15:35:38.355 I/VideoPlayer( 1417): onGetStatus:
03-29 15:35:38.355 E/VideoPlayer( 1417): sync_ok:
03-29 15:35:38.355 V/VideoPlayer( 1417): get server play VOD status:ResourceName=2 ResourceCode=10732 ProductCode= Duration=7294 TimeCode=688
03-29 15:35:38.355 I/VideoPlayer( 1417): onGetVolume(volume):5
03-29 15:35:38.355 V/MediaControler( 1417): Set volume:0
03-29 15:35:38.355 V/AudioPolicyManagerALSA(  118): getDeviceForStrategy() from cache strategy 0, device 2
03-29 15:35:38.365 I/VideoPlayer( 1417): onGetPlayStatus:2
03-29 15:35:40.337 V/Device  ( 1417): 192.168.1.3: state=3,will change to =3
03-29 15:35:40.337 E/apple   ( 1417): Client current:true
03-29 15:35:40.337 E/apple   ( 1417): Client current:false
03-29 15:35:40.337 D/OtORequestHandler( 1417): send request:103
03-29 15:35:40.337 D/OtORequestHandler( 1417): send DatagramPacket
03-29 15:35:40.367 V/OtORequestHandler( 1417): receive data from 192.168.1.3
03-29 15:35:40.367 D/OtORequestHandler( 1417): receive data 111111
03-29 15:35:40.367 V/OtORequest_apple( 1417): get command=103
03-29 15:35:40.367 V/OtORequest( 1417): parse OtORequest: cmd=103 paramLength=215 bufferlen=223
03-29 15:35:40.367 V/OtORequest( 1417): parse param: param={"ResourceInfo":{"TimeCode":760,"PlayType":1,"ResourceName":"2","ProductCode":"","ResourceCode":"10732","Duration":7294},"Status":{"ReturnCode":100,"Description":"ok"},"PlayStatus":2,"Volume":5}lume":5}
03-29 15:35:40.367 E/apple   ( 1417): OtOStatus request11 2
03-29 15:35:40.367 D/OtORequestHandler( 1417): receive data aaaaaaa:com.aidufei.protocol.oto.OtOStatusRequest@42f9ff98
03-29 15:35:40.367 D/OtORequestHandler( 1417): receive data 2222222
03-29 15:35:40.367 D/OtORequestHandler( 1417): receive data 3333333
03-29 15:35:40.367 V/OtODeviceAdapter( 1417): start handle data.
03-29 15:35:40.367 V/OtODeviceAdapter( 1417): onPlayStatusSync.
03-29 15:35:40.367 I/VideoPlayer( 1417): onGetStatus:
03-29 15:35:40.367 E/VideoPlayer( 1417): sync_ok:
03-29 15:35:40.367 V/VideoPlayer( 1417): get server play VOD status:ResourceName=2 ResourceCode=10732 ProductCode= Duration=7294 TimeCode=760
03-29 15:35:40.377 I/VideoPlayer( 1417): onGetVolume(volume):5
03-29 15:35:40.377 V/MediaControler( 1417): Set volume:0
03-29 15:35:40.377 V/AudioPolicyManagerALSA(  118): getDeviceForStrategy() from cache strategy 0, device 2
03-29 15:35:40.377 I/VideoPlayer( 1417): onGetPlayStatus:2
03-29 15:35:41.188 E/GpsXtraDownloader(  384): No XTRA servers were specified in the GPS configuration
03-29 15:35:41.498 D/BatteryService(  384): mAcOnlinefalsemUsbOnline:truemBatteryStatus 5
03-29 15:35:41.498 D/BatteryService(  384): mBatteryLevel100isPowered():trueActivityManagerNative.isSystemReady():true
03-29 15:35:42.339 V/Device  ( 1417): 192.168.1.3: state=3,will change to =3
03-29 15:35:42.339 E/apple   ( 1417): Client current:true
03-29 15:35:42.339 E/apple   ( 1417): Client current:false
03-29 15:35:42.349 D/OtORequestHandler( 1417): send request:103
03-29 15:35:42.349 D/OtORequestHandler( 1417): send DatagramPacket
03-29 15:35:42.369 V/OtORequestHandler( 1417): receive data from 192.168.1.3
03-29 15:35:42.369 D/OtORequestHandler( 1417): receive data 111111
03-29 15:35:42.369 V/OtORequest_apple( 1417): get command=103
03-29 15:35:42.369 V/OtORequest( 1417): parse OtORequest: cmd=103 paramLength=215 bufferlen=223
03-29 15:35:42.379 V/OtORequest( 1417): parse param: param={"ResourceInfo":{"TimeCode":616,"PlayType":1,"ResourceName":"2","ProductCode":"","ResourceCode":"10732","Duration":7294},"Status":{"ReturnCode":100,"Description":"ok"},"PlayStatus":2,"Volume":0}lume":0}
03-29 15:35:42.379 E/apple   ( 1417): OtOStatus request11 2
03-29 15:35:42.379 D/OtORequestHandler( 1417): receive data aaaaaaa:com.aidufei.protocol.oto.OtOStatusRequest@42875cc8
03-29 15:35:42.379 D/OtORequestHandler( 1417): receive data 2222222
03-29 15:35:42.379 D/OtORequestHandler( 1417): receive data 3333333
03-29 15:35:42.379 V/OtODeviceAdapter( 1417): start handle data.
03-29 15:35:42.379 V/OtODeviceAdapter( 1417): onPlayStatusSync.
03-29 15:35:42.379 I/VideoPlayer( 1417): onGetStatus:
03-29 15:35:42.379 E/VideoPlayer( 1417): sync_ok:
03-29 15:35:42.379 V/VideoPlayer( 1417): get server play VOD status:ResourceName=2 ResourceCode=10732 ProductCode= Duration=7294 TimeCode=616
03-29 15:35:42.379 I/VideoPlayer( 1417): onGetVolume(volume):0
03-29 15:35:42.379 V/MediaControler( 1417): Set volume:0
03-29 15:35:42.379 V/AudioPolicyManagerALSA(  118): getDeviceForStrategy() from cache strategy 0, device 2
03-29 15:35:42.389 I/VideoPlayer( 1417): onGetPlayStatus:2
03-29 15:35:44.341 V/Device  ( 1417): 192.168.1.3: state=3,will change to =3
03-29 15:35:44.341 E/apple   ( 1417): Client current:true
03-29 15:35:44.341 E/apple   ( 1417): Client current:false
03-29 15:35:44.341 D/OtORequestHandler( 1417): send request:103
03-29 15:35:44.341 D/OtORequestHandler( 1417): send DatagramPacket
03-29 15:35:44.471 V/OtORequestHandler( 1417): receive data from 192.168.1.3
03-29 15:35:44.471 D/OtORequestHandler( 1417): receive data 111111
03-29 15:35:44.471 V/OtORequest_apple( 1417): get command=103
03-29 15:35:44.471 V/OtORequest( 1417): parse OtORequest: cmd=103 paramLength=215 bufferlen=223
03-29 15:35:44.471 V/OtORequest( 1417): parse param: param={"ResourceInfo":{"TimeCode":616,"PlayType":1,"ResourceName":"2","ProductCode":"","ResourceCode":"10732","Duration":7294},"Status":{"ReturnCode":100,"Description":"ok"},"PlayStatus":2,"Volume":0}lume":0}
03-29 15:35:44.471 E/apple   ( 1417): OtOStatus request11 2
03-29 15:35:44.471 D/OtORequestHandler( 1417): receive data aaaaaaa:com.aidufei.protocol.oto.OtOStatusRequest@432fd6b0
03-29 15:35:44.471 D/OtORequestHandler( 1417): receive data 2222222
03-29 15:35:44.471 D/OtORequestHandler( 1417): receive data 3333333
03-29 15:35:44.471 V/OtODeviceAdapter( 1417): start handle data.
03-29 15:35:44.471 V/OtODeviceAdapter( 1417): onPlayStatusSync.
03-29 15:35:44.471 I/VideoPlayer( 1417): onGetStatus:
03-29 15:35:44.471 E/VideoPlayer( 1417): sync_ok:
03-29 15:35:44.471 V/VideoPlayer( 1417): get server play VOD status:ResourceName=2 ResourceCode=10732 ProductCode= Duration=7294 TimeCode=616
03-29 15:35:44.471 I/VideoPlayer( 1417): onGetVolume(volume):0
03-29 15:35:44.481 V/MediaControler( 1417): Set volume:0
03-29 15:35:44.481 V/AudioPolicyManagerALSA(  118): getDeviceForStrategy() from cache strategy 0, device 2
03-29 15:35:44.481 I/VideoPlayer( 1417): onGetPlayStatus:2
03-29 15:35:46.343 V/Device  ( 1417): 192.168.1.3: state=3,will change to =3
03-29 15:35:46.343 E/apple   ( 1417): Client current:true
03-29 15:35:46.343 E/apple   ( 1417): Client current:false
03-29 15:35:46.343 D/OtORequestHandler( 1417): send request:103
03-29 15:35:46.343 D/OtORequestHandler( 1417): send DatagramPacket
03-29 15:35:46.363 V/OtORequestHandler( 1417): receive data from 192.168.1.3
03-29 15:35:46.363 D/OtORequestHandler( 1417): receive data 111111
03-29 15:35:46.363 V/OtORequest_apple( 1417): get command=103
03-29 15:35:46.363 V/OtORequest( 1417): parse OtORequest: cmd=103 paramLength=215 bufferlen=223
03-29 15:35:46.363 V/OtORequest( 1417): parse param: param={"ResourceInfo":{"TimeCode":616,"PlayType":1,"ResourceName":"2","ProductCode":"","ResourceCode":"10732","Duration":7294},"Status":{"ReturnCode":100,"Description":"ok"},"PlayStatus":2,"Volume":0}lume":0}
03-29 15:35:46.363 E/apple   ( 1417): OtOStatus request11 2
03-29 15:35:46.363 D/OtORequestHandler( 1417): receive data aaaaaaa:com.aidufei.protocol.oto.OtOStatusRequest@42347b38
03-29 15:35:46.363 D/OtORequestHandler( 1417): receive data 2222222
03-29 15:35:46.363 D/OtORequestHandler( 1417): receive data 3333333
03-29 15:35:46.363 V/OtODeviceAdapter( 1417): start handle data.
03-29 15:35:46.363 V/OtODeviceAdapter( 1417): onPlayStatusSync.
03-29 15:35:46.363 I/VideoPlayer( 1417): onGetStatus:
03-29 15:35:46.363 E/VideoPlayer( 1417): sync_ok:
03-29 15:35:46.363 V/VideoPlayer( 1417): get server play VOD status:ResourceName=2 ResourceCode=10732 ProductCode= Duration=7294 TimeCode=616
03-29 15:35:46.363 I/VideoPlayer( 1417): onGetVolume(volume):0
03-29 15:35:46.363 V/MediaControler( 1417): Set volume:0
03-29 15:35:46.363 V/AudioPolicyManagerALSA(  118): getDeviceForStrategy() from cache strategy 0, device 2
03-29 15:35:46.363 I/VideoPlayer( 1417): onGetPlayStatus:2
