03-29 15:36:24.039 D/DownloadCompleteReceiver(  627):  local:072
03-29 15:36:24.039 D/DownloadCompleteReceiver(  627):  server:071
03-29 15:36:24.370 V/MediaControler( 1417): getCurrentPos:3840
03-29 15:36:24.470 V/AudioFlinger(  118): Audio hardware entering standby, mixer 0x41227008, suspend count 0
03-29 15:36:24.510 I/AudioHardwareALSA(  118): dump.audio.pcm = OFF
03-29 15:36:24.510 V/AudioHardwareALSA(  118): Data Dump is disabled
03-29 15:36:24.510 V/AudioFlinger(  118): releaseWakeLock_l() AudioOut_2
03-29 15:36:24.520 V/AudioFlinger(  118): thread 0x41227008 type 0 TID 230 going to sleep
03-29 15:36:25.371 V/MediaControler( 1417): getCurrentPos:4800
03-29 15:36:25.481 I/LiveSession(  118): queueing discontinuity (seek=1, explicit=0, bandwidthChanged=1)
03-29 15:36:25.481 V/ChromiumHTTPDataSource(  118): connect on behalf of uid 10069
03-29 15:36:25.481 I/NuPlayer(  118): audio discontinuity (formatChange=1, time=1)
03-29 15:36:25.491 I/ChromiumHTTPDataSource(  118): connect to http://vod.feifeikan.com/vod/coshipottTWSX1000000000000232_900/216.ts @0
03-29 15:36:25.491 I/BRCM-OMX(  118): [OMX.brcm.audio.aac.decoder]:processFlush: Process Flush in Base Auio Dec triggers reset on the codec API
03-29 15:36:25.491 I/BRCM-OMX(  118): [OMX.brcm.audio.aac.decoder]:processFlush: Process Flush in Base Auio Dec triggers reset on the codec API
03-29 15:36:25.491 I/NuPlayer(  118): video discontinuity (formatChange=1, time=1)
03-29 15:36:25.491 D/brcm-vd (  118): [video_decoder__openmax_main]: flushing input(1)/output(1) port for 0x43500d80
03-29 15:36:25.491 D/brcm-vd (  118): [video_decoder__check_complete]: flush input port completed
03-29 15:36:25.491 D/brcm-vd (  118): [video_decoder__check_complete]: flush output port completed
03-29 15:36:25.491 I/BRCM-OMX(  118): [OMX.brcm.audio.aac.decoder]:processFlush: Process Flush in Base Auio Dec triggers reset on the codec API
03-29 15:36:25.501 I/BRCM-OMX(  118): [OMX.brcm.audio.aac.decoder]:processFlush: Process Flush in Base Auio Dec triggers reset on the codec API
03-29 15:36:25.501 I/BRCM-OMX(  118): [OMX.brcm.audio.aac.decoder]:bufferHandler: PORT-0: BufferHandler thread exiting....
03-29 15:36:25.501 I/BRCM-OMX(  118): [OMX.brcm.audio.aac.decoder]:bufferHandler: PORT-1: BufferHandler thread exiting....
03-29 15:36:25.501 W/BRCM-OMXAudioPort(  118): [OMX.brcm.audio.aac.decoder]:isPopulated: PORT-0,  Populated state <0>
03-29 15:36:25.501 W/BRCM-OMXAudioPort(  118): [OMX.brcm.audio.aac.decoder]:isPopulated: PORT-1,  Populated state <0>
03-29 15:36:25.501 I/BRCM-OMX(  118): ([OMX.brcm.audio.aac.decoder]:codecSyncHandler: codecSyncHandler thread exiting....
03-29 15:36:25.501 D/brcm-vd (  118): [video_decoder__check_complete]: state changing completed
03-29 15:36:25.501 I/BRCM-OMX(  118): [OMX.brcm.audio.aac.decoder]:commandHandler: CommandHandler thread exiting....
03-29 15:36:25.501 D/brcm-vd (  118): [video_decoder__FreeBuffer]: deallocated 0x59931c80 (65375000)
03-29 15:36:25.501 D/brcm-vd (  118): [video_decoder__FreeBuffer]: deallocated 0x4147c100 (65317400)
03-29 15:36:25.501 D/brcm-vd (  118): [video_decoder__FreeBuffer]: deallocated 0x412ae020 (652b9800)
03-29 15:36:25.501 D/brcm-vd (  118): [video_decoder__FreeBuffer]: deallocated 0x59931e10 (6525bc00)
03-29 15:36:25.501 D/brcm-vd (  118): [video_decoder__openmax_main]: OMX_CommandStateSet - loaded, ready to set/get
03-29 15:36:25.501 D/brcm-vd (  118): [video_decoder__openmax_main]: state changed ( 0, 1 )
03-29 15:36:25.501 D/brcm-vd (  118): [video_decoder__FreeBuffer]: deallocated 0x4585ef20 (651fe000)
03-29 15:36:25.511 D/brcm-vd (  118): [video_decoder__FreeBuffer]: deallocated 0x52ee4e50 (80000011)
03-29 15:36:25.511 D/brcm-vd (  118): [video_decoder__FreeBuffer]: deallocated 0x52ee4c60 (8000000b)
03-29 15:36:25.511 D/brcm-vd (  118): [video_decoder__FreeBuffer]: deallocated 0x4b5b7da0 (80000015)
03-29 15:36:25.511 D/brcm-vd (  118): [video_decoder__FreeBuffer]: deallocated 0x63aacd80 (8000001a)
03-29 15:36:25.511 D/brcm-vd (  118): [video_decoder__FreeBuffer]: deallocated 0x60a14df0 (8000000e)
03-29 15:36:25.511 V/component_tracker(  118): [unregister_component]: Removing decoder (0x41460e20) at slot 0
03-29 15:36:25.511 V/component_tracker(  118): [unregister_component]: Clearing decoder at slot 0
03-29 15:36:25.511 D/brcm-vd (  118): [video_decoder__openmax_main]: thread exiting
03-29 15:36:25.531 I/avc_utils(  118): found AVC codec config (800 x 480, High-profile level 3.0)
03-29 15:36:25.541 I/BRCM-OMX(  118): [OMX.brcm.audio.aac.decoder]:OMX_BaseComponentSync: SYNC interface
03-29 15:36:25.541 I/BRCM-OMX(  118): [OMX.brcm.audio.aac.decoder]:startCommandHandler: Started commandHandler thread...
03-29 15:36:25.541 I/BRCM-OMX(  118): [OMX.brcm.audio.aac.decoder]:startCodecSyncHandler: Started CodecSyncHandler thread...
03-29 15:36:25.551 I/BRCM-OMX(  118): [OMX.brcm.audio.aac.decoder]:setVendorExtParamHandler: index <OMX_IndexEnableNativeBuffers>, portIdx <1> enable <0>
03-29 15:36:25.551 W/BRCM-OMXAudioPort(  118): [OMX.brcm.audio.aac.decoder]:isPopulated: PORT-0,  Populated state <0>
03-29 15:36:25.551 W/BRCM-OMXAudioPort(  118): [OMX.brcm.audio.aac.decoder]:isPopulated: PORT-0,  Populated state <1>
03-29 15:36:25.551 W/BRCM-OMXAudioPort(  118): [OMX.brcm.audio.aac.decoder]:isPopulated: PORT-1,  Populated state <0>
03-29 15:36:25.551 W/BRCM-OMXAudioPort(  118): [OMX.brcm.audio.aac.decoder]:isPopulated: PORT-1,  Populated state <1>
03-29 15:36:25.551 I/BRCM-OMX(  118): [OMX.brcm.audio.aac.decoder]:startBufferHandler: Started BufferHandler thread-0...
03-29 15:36:25.551 I/BRCM-OMX(  118): [OMX.brcm.audio.aac.decoder]:startBufferHandler: Started BufferHandler thread-1...
03-29 15:36:25.551 D/stagefright_omx_plugin(  118): makeComponentInstance ( OMX.BRCM.vc4.decoder.avc )
03-29 15:36:25.551 V/component_tracker(  118): [register_component]: Adding decoder (0x4b5b7cf0) at 0, w:0 h:0
03-29 15:36:25.551 I/brcm-vd (  118): [video_decoder_create_component_internal]: making a component of type vc.video_decode
03-29 15:36:25.551 D/brcm-vd (  118): [video_decoder_create_component_internal]: created with event
03-29 15:36:25.551 D/stagefright_omx_plugin(  118): video_decoder_create_component ( 0 )
03-29 15:36:25.551 W/BRCM-OMX(  118): [OMX.brcm.audio.aac.decoder]:processHeader: dec header consumed only 0 bytes, discarding 2 bytes
03-29 15:36:25.551 I/BRCM-OMX(  118): [OMX.brcm.audio.aac.decoder]:processHeader: sample rate [44100] does not match with codec sample rate [0]
03-29 15:36:25.551 I/BRCM-OMX(  118): [OMX.brcm.audio.aac.decoder]:processHeader: channels [2] does not match with codec channels [0]
03-29 15:36:25.551 I/BRCM-OMX(  118): [OMX.brcm.audio.aac.decoder]:processFlush: Process Flush in Base Auio Dec triggers reset on the codec API
03-29 15:36:25.551 D/brcm-vd (  118): [video_decoder__GetParameter]: format [in] = 7, 0, 0
03-29 15:36:25.551 D/brcm-vd (  118): [video_decoder__SetParameter]: format [in] = 7, 0, 0, mmal fmt H264
03-29 15:36:25.551 D/brcm-vd (  118): [video_decoder__GetParameter]: format [out] = 0, 19, 0
03-29 15:36:25.551 D/brcm-vd (  118): video_decoder__SetParameter:1839: mapped color format 13 to mmal I420
03-29 15:36:25.551 D/brcm-vd (  118): [video_decoder__SetParameter]: format [out] = 0, 19, 0, mmal fmt I420
03-29 15:36:25.551 D/brcm-vd (  118): [video_decoder__GetParameter]: port-def [in] = 2048/2048, 5/1, 7, 0, 0x0/0x0
03-29 15:36:25.551 D/brcm-vd (  118): [video_decoder__SetParameter]: port-def [in] = increasing buffer size 2048 -> 384000, for 5 element(s)
03-29 15:36:25.551 D/brcm-vd (  118): [video_decoder__SetParameter]: port-def [in] = 384000/2048, 5/1, [7, 0] (H264), 800x480/0x0
03-29 15:36:25.551 V/component_tracker(  118): [register_component]: Updating decoder (0x4b5b7cf0) at 0, was w:0 h:0 now w:800 h:480
03-29 15:36:25.551 D/brcm-vd (  118): [video_decoder__GetParameter]: port-def [out] = 576000/576000, 4/1, 0, 19, 800x480/800x480
03-29 15:36:25.551 D/brcm-vd (  118): video_decoder__SetParameter:1903: mapped color format 13 to mmal I420
03-29 15:36:25.561 E/HEAAC_DEC_API(  118): Error in AACDEC_Parser
03-29 15:36:25.561 D/brcm-vd (  118): [video_decoder__SetParameter]: port-def [out] = 576000/576000, 4/1, [0, 19] (I420), 800x480/800x480
03-29 15:36:25.561 V/component_tracker(  118): [register_component]: Updating decoder (0x4b5b7cf0) at 0, was w:800 h:480 now w:800 h:480
03-29 15:36:25.561 E/brcm-vd (  118): [video_decoder__SetParameter]: updated mmal decoder output format to OPQV
03-29 15:36:25.561 D/brcm-vd (  118): [video_decoder__SetParameter]: enable-native-window [out] = YES
03-29 15:36:25.561 D/brcm-vd (  118): [video_decoder__GetParameter]: port-def [in] = 384000/2048, 5/1, 7, 0, 800x480/0x480
03-29 15:36:25.561 V/AudioFlinger(  118): stop(4100), calling pid 118
03-29 15:36:25.561 V/AudioFlinger(  118): TrackBase::reset
03-29 15:36:25.561 V/AudioFlinger(  118): not stopping/stopped => stopping/stopped (4100) on thread 0x41227008
03-29 15:36:25.561 V/AudioPolicyManagerBase(  118): stopOutput() output 2, stream 3, session 104
03-29 15:36:25.561 V/AudioPolicyManagerBase(  118): changeRefCount() stream 3, count 0
03-29 15:36:25.561 D/AudioPolicyManagerALSA(  118): mFmRadioStatus=0,mFmRadioSinkDev=4,device2=0
03-29 15:36:25.561 I/AudioPolicyManagerALSA(  118): MUSIC is playing but no on primary device, new device=2
03-29 15:36:25.561 V/AudioPolicyManagerBase(  118): setOutputDevice() output 2 device 0002 delayMs 86
03-29 15:36:25.561 V/AudioPolicyManagerBase(  118): setOutputDevice() prevDevice 0002
03-29 15:36:25.561 D/AudioPolicyManagerALSA(  118): mFmRadioStatus=0,mFmRadioSinkDev=4,device2=0
03-29 15:36:25.561 D/AudioPolicyManagerALSA(  118): mFmRadioStatus=0,mFmRadioSinkDev=4,device2=0
03-29 15:36:25.561 D/AudioPolicyManagerALSA(  118): mFmRadioStatus=0,mFmRadioSinkDev=4,device2=0
03-29 15:36:25.561 D/AudioPolicyManagerALSA(  118): mFmRadioStatus=0,mFmRadioSinkDev=4,device2=0
03-29 15:36:25.561 D/AudioPolicyManagerALSA(  118): mFmRadioStatus=0,mFmRadioSinkDev=4,device2=0
03-29 15:36:25.561 V/AudioPolicyManagerBase(  118): setOutputDevice() setting same device 0002 or null device for output 2
03-29 15:36:25.561 V/AudioPolicyManagerALSA(  118): getDeviceForStrategy() from cache strategy 3, device 2
03-29 15:36:25.561 D/AudioPolicyManagerALSA(  118): mFmRadioStatus=0,mFmRadioSinkDev=4,device2=0
03-29 15:36:25.561 D/AudioPolicyManagerALSA(  118): mFmRadioStatus=0,mFmRadioSinkDev=4,device2=0
03-29 15:36:25.561 D/AudioPolicyManagerALSA(  118): mFmRadioStatus=0,mFmRadioSinkDev=4,device2=0
03-29 15:36:25.561 D/AudioPolicyManagerALSA(  118): mFmRadioStatus=0,mFmRadioSinkDev=4,device2=0
03-29 15:36:25.561 D/AudioPolicyManagerALSA(  118): mFmRadioStatus=0,mFmRadioSinkDev=4,device2=0
03-29 15:36:25.561 D/AudioPolicyManagerALSA(  118): mFmRadioStatus=0,mFmRadioSinkDev=4,device2=0
03-29 15:36:25.561 V/AudioPolicyManagerBase(  118): releaseOutput() 2
03-29 15:36:25.561 V/AudioFlinger(  118): remove track (4100) and delete from mixer
03-29 15:36:25.561 V/AudioFlinger(  118): PlaybackThread::Track destructor
03-29 15:36:25.561 V/AudioFlinger(  118): removeClient_l() pid 118, tid 4788, calling tid 118
03-29 15:36:25.561 V/AudioFlinger(  118): releasing 104 from 118
03-29 15:36:25.561 V/AudioFlinger(  118):  decremented refcount to 0
03-29 15:36:25.561 V/AudioFlinger(  118): purging stale effects
03-29 15:36:25.561 D/AudioPolicyManagerALSA(  118): mFmRadioStatus=0,mFmRadioSinkDev=4,device2=0
03-29 15:36:25.561 V/AudioPolicyManagerBase(  118): getOutput() stream 3, samplingRate 0, format 0, channelMask 3, flags 0
03-29 15:36:25.561 V/AudioPolicyManagerBase(  118): getOutput() returns output 2
03-29 15:36:25.561 D/AudioPolicyManagerALSA(  118): mFmRadioStatus=0,mFmRadioSinkDev=4,device2=0
03-29 15:36:25.561 V/AudioPolicyManagerBase(  118): getOutput() stream 3, samplingRate 0, format 0, channelMask 3, flags 0
03-29 15:36:25.561 V/AudioPolicyManagerBase(  118): getOutput() returns output 2
03-29 15:36:25.561 D/AudioPolicyManagerALSA(  118): mFmRadioStatus=0,mFmRadioSinkDev=4,device2=0
03-29 15:36:25.561 V/AudioPolicyManagerBase(  118): getOutput() stream 3, samplingRate 44100, format 1, channelMask 3, flags 0
03-29 15:36:25.561 V/AudioPolicyManagerBase(  118): getOutput() returns output 2
03-29 15:36:25.561 V/AudioFlinger(  118): createTrack() sessionId: 104
03-29 15:36:25.561 V/AudioFlinger(  118): createTrack() lSessionId: 104
03-29 15:36:25.561 V/AudioFlinger(  118): Track constructor name 4100, calling pid 118
03-29 15:36:25.561 V/AudioFlinger(  118): acquiring 104 from 118
03-29 15:36:25.561 V/AudioFlinger(  118):  added new entry for 104
03-29 15:36:25.561 D/AudioPolicyManagerALSA(  118): mFmRadioStatus=0,mFmRadioSinkDev=4,device2=0
03-29 15:36:25.561 V/AudioPolicyManagerBase(  118): getOutput() stream 3, samplingRate 0, format 0, channelMask 3, flags 0
03-29 15:36:25.561 V/AudioPolicyManagerBase(  118): getOutput() returns output 2
03-29 15:36:25.561 V/AudioFlinger(  118): start(4100), calling pid 118 session 104
03-29 15:36:25.561 V/AudioFlinger(  118): ? => ACTIVE (4100) on thread 0x643e4e50
03-29 15:36:25.561 V/AudioPolicyManagerBase(  118): startOutput() output 2, stream 3, session 104
03-29 15:36:25.561 V/AudioPolicyManagerBase(  118): changeRefCount() stream 3, count 1
03-29 15:36:25.561 D/AudioPolicyManagerALSA(  118): mFmRadioStatus=0,mFmRadioSinkDev=4,device2=0
03-29 15:36:25.561 V/AudioPolicyManagerBase(  118): setOutputDevice() output 2 device 0002 delayMs 0
03-29 15:36:25.561 V/AudioPolicyManagerBase(  118): setOutputDevice() prevDevice 0002
03-29 15:36:25.561 D/AudioPolicyManagerALSA(  118): mFmRadioStatus=0,mFmRadioSinkDev=4,device2=0
03-29 15:36:25.561 D/AudioPolicyManagerALSA(  118): mFmRadioStatus=0,mFmRadioSinkDev=4,device2=0
03-29 15:36:25.561 D/AudioPolicyManagerALSA(  118): mFmRadioStatus=0,mFmRadioSinkDev=4,device2=0
03-29 15:36:25.561 D/AudioPolicyManagerALSA(  118): mFmRadioStatus=0,mFmRadioSinkDev=4,device2=0
03-29 15:36:25.561 D/AudioPolicyManagerALSA(  118): mFmRadioStatus=0,mFmRadioSinkDev=4,device2=0
03-29 15:36:25.561 V/AudioPolicyManagerBase(  118): setOutputDevice() setting same device 0002 or null device for output 2
03-29 15:36:25.561 V/AudioPolicyManagerALSA(  118): getDeviceForStrategy() from cache strategy 3, device 2
03-29 15:36:25.561 D/AudioPolicyManagerALSA(  118): mFmRadioStatus=0,mFmRadioSinkDev=4,device2=0
03-29 15:36:25.561 D/AudioPolicyManagerALSA(  118): mFmRadioStatus=0,mFmRadioSinkDev=4,device2=0
03-29 15:36:25.561 D/AudioPolicyManagerALSA(  118): mFmRadioStatus=0,mFmRadioSinkDev=4,device2=0
03-29 15:36:25.561 D/AudioPolicyManagerALSA(  118): mFmRadioStatus=0,mFmRadioSinkDev=4,device2=0
03-29 15:36:25.561 D/AudioPolicyManagerALSA(  118): mFmRadioStatus=0,mFmRadioSinkDev=4,device2=0
03-29 15:36:25.561 D/AudioPolicyManagerALSA(  118): mFmRadioStatus=0,mFmRadioSinkDev=4,device2=0
03-29 15:36:25.561 V/AudioFlinger(  118): mWaitWorkCV.broadcast
03-29 15:36:25.561 V/AudioFlinger(  118): thread 0x41227008 type 0 TID 230 waking up
03-29 15:36:25.561 V/AudioFlinger(  118): acquireWakeLock_l() AudioOut_2 status 0
03-29 15:36:25.561 D/brcm-vd (  118): [video_decoder__UseBuffer]: allocated 0x413d0de0, 0x65065000(384000) input port
03-29 15:36:25.561 D/brcm-vd (  118): [video_decoder__UseBuffer]: allocated 0x413492d0, 0x650c2c00(384000) input port
03-29 15:36:25.561 D/brcm-vd (  118): [video_decoder__UseBuffer]: allocated 0x413de420, 0x65120800(384000) input port
03-29 15:36:25.561 D/brcm-vd (  118): [video_decoder__UseBuffer]: allocated 0x56493c80, 0x6517e400(384000) input port
03-29 15:36:25.561 D/brcm-vd (  118): [video_decoder__UseBuffer]: allocated 0x43500d50, 0x651dc000(384000) input port
03-29 15:36:25.561 D/brcm-vd (  118): [video_decoder__GetParameter]: port-def [out] = 64/64, 4/3, 0, 258, 800x480/0x0
03-29 15:36:25.561 D/brcm-vd (  118): [video_decoder__GetParameter]: get-android-native-buf-usage [out] = 0x0
03-29 15:36:25.561 D/brcm-vd (  118): video_decoder__SetParameter:1903: mapped color format 102 to mmal OPQV
03-29 15:36:25.561 D/brcm-vd (  118): [video_decoder__SetParameter]: port-def [out] = 64/64, 5/3, [0, 258] (OPQV), 800x480/0x0
03-29 15:36:25.561 V/component_tracker(  118): [register_component]: Updating decoder (0x4b5b7cf0) at 0, was w:800 h:480 now w:800 h:480
03-29 15:36:25.561 D/brcm-vd (  118): [video_decoder__GetParameter]: port-def [out] = 64/64, 5/3, 0, 258, 800x480/0x480
03-29 15:36:25.561 D/brcm-vd (  118): [video_decoder__UseBuffer]: locating 0 returns 0x80000011, output port
03-29 15:36:25.561 D/brcm-vd (  118): [video_decoder__UseBuffer]: allocated 0x43500e40, 0x52ee4d48(576000) output port
03-29 15:36:25.571 D/brcm-vd (  118): [video_decoder__GetParameter]: port-def [out] = 64/64, 5/3, 0, 258, 800x480/0x480
03-29 15:36:25.571 D/brcm-vd (  118): [video_decoder__UseBuffer]: locating 0 returns 0x8000000b, output port
03-29 15:36:25.571 D/brcm-vd (  118): [video_decoder__UseBuffer]: allocated 0x416c6cf0, 0x4b5b7e80(576000) output port
03-29 15:36:25.571 D/brcm-vd (  118): [video_decoder__GetParameter]: port-def [out] = 64/64, 5/3, 0, 258, 800x480/0x480
03-29 15:36:25.571 D/brcm-vd (  118): [video_decoder__UseBuffer]: locating 0 returns 0x80000015, output port
03-29 15:36:25.571 D/brcm-vd (  118): [video_decoder__UseBuffer]: allocated 0x6101cc60, 0x643e4c90(576000) output port
03-29 15:36:25.571 D/brcm-vd (  118): [video_decoder__GetParameter]: port-def [out] = 64/64, 5/3, 0, 258, 800x480/0x480
03-29 15:36:25.571 D/brcm-vd (  118): [video_decoder__UseBuffer]: locating 0 returns 0x8000000e, output port
03-29 15:36:25.571 D/brcm-vd (  118): [video_decoder__UseBuffer]: allocated 0x53694ed0, 0x6101cd40(576000) output port
03-29 15:36:25.571 D/brcm-vd (  118): [video_decoder__GetParameter]: port-def [out] = 64/64, 5/3, 0, 258, 800x480/0x480
03-29 15:36:25.571 D/brcm-vd (  118): [video_decoder__UseBuffer]: locating 0 returns 0x8000001c, output port
03-29 15:36:25.571 D/brcm-vd (  118): [video_decoder__UseBuffer]: allocated 0x58088d30, 0x60a14d50(576000) output port
03-29 15:36:25.571 D/brcm-vd (  118): [video_decoder__enable_ports]: enable MMAL ports
03-29 15:36:25.581 D/brcm-vd (  118): [video_decoder__check_complete]: state changing completed
03-29 15:36:25.581 D/brcm-vd (  118): [video_decoder__openmax_main]: state changed ( 0, 3 )
03-29 15:36:25.591 I/brcm-vd (  118): [video_decoder__return_buffer]: received event EFCH on port 3,0
03-29 15:36:25.591 I/brcm-vd (  118): new aspect ratio 16x15
03-29 15:36:25.591 D/brcm-vd (  118): [video_decoder__GetParameter]: port-def [out] = 64/64, 5/3, 0, 258, 800x480/0x480
03-29 15:36:25.591 D/brcm-vd (  118): [video_decoder__GetConfig]: crop [out] = (0, 0) (800x480)
03-29 15:36:25.601 D/MediaControler( 1417): onVideoSizeChanged video width(800) or height(480)
03-29 15:36:25.601 I/VideoPlayer( 1417): HWRate1:1.6666666--HWRate2:1.7777778
03-29 15:36:25.601 I/VideoPlayer( 1417): rate22:1.6666666
03-29 15:36:25.601 D/VideoPlayer( 1417): screenWidth:1280--screenHeight:720
03-29 15:36:25.601 D/VideoPlayer( 1417): videoWidth:800--videoHeight:480
03-29 15:36:25.601 D/VideoPlayer( 1417): surfcaeWidth:1200-surfaceHeight:720
03-29 15:36:25.611 D/AudioHardwareALSA(  118): Prepare success result=0
03-29 15:36:25.861 D/KeyguardViewMediator(  384): setHidden false
03-29 15:36:25.921 D/VideoPlayer( 1417): sendToTV:1
03-29 15:36:25.921 V/Device  ( 1417): 192.168.1.3: state=3,will change to =3
03-29 15:36:25.921 E/apple   ( 1417): Client current:true
03-29 15:36:25.921 E/apple   ( 1417): Client current:false
03-29 15:36:25.921 E/VideoPlayer( 1417): processOnPause 
03-29 15:36:25.921 I/MediaControler( 1417): reset
03-29 15:36:25.931 D/OtORequestHandler( 1417): send request:101
03-29 15:36:25.931 V/OtOPlayRequest( 1417): Play Request: {"ResourceInfo":{"TimeCode":765,"PlayType":1,"ResourceName":"2","ProductCode":"","ResourceCode":"10732","Duration":7677},"UserCode":"","SubID":""}
03-29 15:36:25.931 D/KeyguardViewMediator(  384): setHidden false
03-29 15:36:25.931 D/OtORequestHandler( 1417): send DatagramPacket
03-29 15:36:25.941 V/AudioFlinger(  118): pause(4100), calling pid 118
03-29 15:36:25.941 V/AudioFlinger(  118): ACTIVE/RESUMING => PAUSING (4100) on thread 0x41227008
03-29 15:36:25.941 V/AudioPolicyManagerBase(  118): stopOutput() output 2, stream 3, session 104
03-29 15:36:25.941 V/AudioPolicyManagerBase(  118): changeRefCount() stream 3, count 0
03-29 15:36:25.941 D/AudioPolicyManagerALSA(  118): mFmRadioStatus=0,mFmRadioSinkDev=4,device2=0
03-29 15:36:25.941 I/AudioPolicyManagerALSA(  118): MUSIC is playing but no on primary device, new device=2
03-29 15:36:25.941 V/AudioPolicyManagerBase(  118): setOutputDevice() output 2 device 0002 delayMs 86
03-29 15:36:25.941 V/AudioPolicyManagerBase(  118): setOutputDevice() prevDevice 0002
03-29 15:36:25.941 D/AudioPolicyManagerALSA(  118): mFmRadioStatus=0,mFmRadioSinkDev=4,device2=0
03-29 15:36:25.941 D/AudioPolicyManagerALSA(  118): mFmRadioStatus=0,mFmRadioSinkDev=4,device2=0
03-29 15:36:25.941 D/AudioPolicyManagerALSA(  118): mFmRadioStatus=0,mFmRadioSinkDev=4,device2=0
03-29 15:36:25.941 D/AudioPolicyManagerALSA(  118): mFmRadioStatus=0,mFmRadioSinkDev=4,device2=0
03-29 15:36:25.941 D/AudioPolicyManagerALSA(  118): mFmRadioStatus=0,mFmRadioSinkDev=4,device2=0
03-29 15:36:25.941 V/AudioPolicyManagerBase(  118): setOutputDevice() setting same device 0002 or null device for output 2
03-29 15:36:25.941 V/AudioPolicyManagerALSA(  118): getDeviceForStrategy() from cache strategy 3, device 2
03-29 15:36:25.941 D/AudioPolicyManagerALSA(  118): mFmRadioStatus=0,mFmRadioSinkDev=4,device2=0
03-29 15:36:25.941 D/AudioPolicyManagerALSA(  118): mFmRadioStatus=0,mFmRadioSinkDev=4,device2=0
03-29 15:36:25.941 D/AudioPolicyManagerALSA(  118): mFmRadioStatus=0,mFmRadioSinkDev=4,device2=0
03-29 15:36:25.941 D/AudioPolicyManagerALSA(  118): mFmRadioStatus=0,mFmRadioSinkDev=4,device2=0
03-29 15:36:25.941 D/AudioPolicyManagerALSA(  118): mFmRadioStatus=0,mFmRadioSinkDev=4,device2=0
03-29 15:36:25.941 D/AudioPolicyManagerALSA(  118): mFmRadioStatus=0,mFmRadioSinkDev=4,device2=0
03-29 15:36:25.941 E/LiveSession(  118): failed to fetch .ts segment at url 'http://vod.feifeikan.com/vod/coshipottTWSX1000000000000232_900/216.ts'
03-29 15:36:25.941 I/BRCM-OMX(  118): [OMX.brcm.audio.aac.decoder]:processFlush: Process Flush in Base Auio Dec triggers reset on the codec API
03-29 15:36:25.941 I/BRCM-OMX(  118): [OMX.brcm.audio.aac.decoder]:portFlushInProgress: Port-0 FLUSH in Progress
03-29 15:36:25.941 I/BRCM-OMX(  118): [OMX.brcm.audio.aac.decoder]:portFlushInProgress: Port-0 FLUSH in Progress
03-29 15:36:25.941 I/BRCM-OMX(  118): [OMX.brcm.audio.aac.decoder]:processFlush: Process Flush in Base Auio Dec triggers reset on the codec API
03-29 15:36:25.941 I/BRCM-OMX(  118): [OMX.brcm.audio.aac.decoder]:processFlush: Process Flush in Base Auio Dec triggers reset on the codec API
03-29 15:36:25.941 I/BRCM-OMX(  118): [OMX.brcm.audio.aac.decoder]:processFlush: Process Flush in Base Auio Dec triggers reset on the codec API
03-29 15:36:25.941 D/brcm-vd (  118): [video_decoder__openmax_main]: flushing input(1)/output(1) port for 0x4917fe60
03-29 15:36:25.941 I/BRCM-OMX(  118): [OMX.brcm.audio.aac.decoder]:bufferHandler: PORT-0: BufferHandler thread exiting....
03-29 15:36:25.941 D/brcm-vd (  118): [video_decoder__check_complete]: flush output port completed
03-29 15:36:25.941 I/BRCM-OMX(  118): [OMX.brcm.audio.aac.decoder]:bufferHandler: PORT-1: BufferHandler thread exiting....
03-29 15:36:25.941 D/brcm-vd (  118): [video_decoder__check_complete]: flush input port completed
03-29 15:36:25.941 W/BRCM-OMXAudioPort(  118): [OMX.brcm.audio.aac.decoder]:isPopulated: PORT-0,  Populated state <0>
03-29 15:36:25.941 W/BRCM-OMXAudioPort(  118): [OMX.brcm.audio.aac.decoder]:isPopulated: PORT-1,  Populated state <0>
03-29 15:36:25.951 I/BRCM-OMX(  118): ([OMX.brcm.audio.aac.decoder]:codecSyncHandler: codecSyncHandler thread exiting....
03-29 15:36:25.951 I/BRCM-OMX(  118): [OMX.brcm.audio.aac.decoder]:commandHandler: CommandHandler thread exiting....
03-29 15:36:25.951 D/brcm-vd (  118): [video_decoder__check_complete]: state changing completed
03-29 15:36:25.951 D/brcm-vd (  118): [video_decoder__FreeBuffer]: deallocated 0x43500d50 (651dc000)
03-29 15:36:25.951 D/brcm-vd (  118): [video_decoder__FreeBuffer]: deallocated 0x56493c80 (6517e400)
03-29 15:36:25.951 D/brcm-vd (  118): [video_decoder__FreeBuffer]: deallocated 0x413de420 (65120800)
03-29 15:36:25.951 D/brcm-vd (  118): [video_decoder__FreeBuffer]: deallocated 0x413492d0 (650c2c00)
03-29 15:36:25.951 D/brcm-vd (  118): [video_decoder__FreeBuffer]: deallocated 0x413d0de0 (65065000)
03-29 15:36:25.951 D/brcm-vd (  118): [video_decoder__openmax_main]: OMX_CommandStateSet - loaded, ready to set/get
03-29 15:36:25.951 D/brcm-vd (  118): [video_decoder__openmax_main]: state changed ( 0, 1 )
03-29 15:36:25.951 D/brcm-vd (  118): [video_decoder__FreeBuffer]: deallocated 0x58088d30 (8000001c)
03-29 15:36:25.951 D/brcm-vd (  118): [video_decoder__FreeBuffer]: deallocated 0x53694ed0 (8000000e)
03-29 15:36:25.951 D/brcm-vd (  118): [video_decoder__FreeBuffer]: deallocated 0x6101cc60 (80000015)
03-29 15:36:25.951 D/brcm-vd (  118): [video_decoder__FreeBuffer]: deallocated 0x416c6cf0 (8000000b)
03-29 15:36:25.951 D/brcm-vd (  118): [video_decoder__FreeBuffer]: deallocated 0x43500e40 (80000011)
03-29 15:36:25.951 V/component_tracker(  118): [unregister_component]: Removing decoder (0x4b5b7cf0) at slot 0
03-29 15:36:25.951 V/component_tracker(  118): [unregister_component]: Clearing decoder at slot 0
03-29 15:36:25.961 D/brcm-vd (  118): [video_decoder__openmax_main]: thread exiting
03-29 15:36:25.961 W/ALooperRoster(  118): failed to deliver message. Target handler 225 registered, but object gone.
03-29 15:36:25.961 W/ALooperRoster(  118): failed to deliver message. Target handler not registered.
03-29 15:36:25.971 D/DownloadCompleteReceiver(  627):  WIFI CHANGED_ACTION 
03-29 15:36:25.971 D/DownloadCompleteReceiver(  627):  time:1364542585982
03-29 15:36:25.971 D/DownloadCompleteReceiver(  627):  locktime:0
03-29 15:36:25.971 D/DownloadCompleteReceiver(  627):  mIdupdate:-1
03-29 15:36:25.971 D/DownloadCompleteReceiver(  627):  mMasterclear:false
03-29 15:36:25.971 D/DownloadCompleteReceiver(  627):  mBootcomplete:true
03-29 15:36:25.971 V/AudioFlinger(  118): presentationComplete() reset: mPresentationCompleteFrames 18448 audioHalFrames 2064
03-29 15:36:26.041 V/AudioFlinger(  118): presentationComplete() session 104 complete: framesWritten 19456
03-29 15:36:26.512 V/OtORequestHandler( 1417): receive data from 192.168.1.3
03-29 15:36:26.512 D/OtORequestHandler( 1417): receive data 111111
03-29 15:36:26.512 V/OtORequest_apple( 1417): get command=101
03-29 15:36:26.512 V/OtORequest( 1417): parse OtORequest: cmd=101 paramLength=200 bufferlen=208
03-29 15:36:26.512 V/OtORequest( 1417): parse param: param={"ResourceInfo":{"TimeCode":765,"PlayType":1,"ResourceName":"2","ProductCode":"","ResourceCode":"10732","Duration":7677},"Status":{"ReturnCode":100,"Description":"start to play"}} play"}}
03-29 15:36:26.512 D/OtORequestHandler( 1417): receive data aaaaaaa:com.aidufei.protocol.oto.OtOPlayRequest@423dfc68
03-29 15:36:26.512 D/OtORequestHandler( 1417): receive data 2222222
03-29 15:36:26.512 D/OtORequestHandler( 1417): receive data 3333333
03-29 15:36:26.512 V/OtODeviceAdapter( 1417): start handle data.
03-29 15:36:26.512 V/OtODeviceAdapter( 1417): onPlay.
03-29 15:36:26.512 I/VideoPlayer( 1417): onPlay
03-29 15:36:26.522 I/VideoPlayer( 1417): SEND_TV_SUCCESS
03-29 15:36:26.522 V/VideoPlayer( 1417): server begin play VOD:ResourceName=2 ResourceCode=10732 ProductCode= Duration=7677 TimeCode=765
03-29 15:36:26.552 V/OtORequestHandler( 1417): receive data from 192.168.1.3
03-29 15:36:26.552 D/OtORequestHandler( 1417): receive data 111111
03-29 15:36:26.552 V/OtORequest_apple( 1417): get command=200
03-29 15:36:26.552 D/OtORequestHandler( 1417): receive data aaaaaaa:null
03-29 15:36:26.552 D/OtORequestHandler( 1417): receive data 2222222
03-29 15:36:26.552 D/OtORequestHandler( 1417): receive data not process because mAdpater is NULL or req is NULL.
03-29 15:36:26.662 D/BatteryService(  384): mAcOnlinefalsemUsbOnline:truemBatteryStatus 5
03-29 15:36:26.662 D/BatteryService(  384): mBatteryLevel100isPowered():trueActivityManagerNative.isSystemReady():true
03-29 15:36:26.662 D/BatteryService(  384): mAcOnlinefalsemUsbOnline:truemBatteryStatus 5
03-29 15:36:26.662 D/BatteryService(  384): mAcOnlinefalsemUsbOnline:truemBatteryStatus 5
03-29 15:36:26.662 D/ActivityManager(  384): mBatteryStatusReceiver, action=android.intent.action.BATTERY_CHANGED
03-29 15:36:26.662 D/ActivityManager(  384): mBatteryStatusReceiver, plugged=2, mBatteryStatusPlugged=2, fakeShutdownMode=false
03-29 15:36:27.973 V/AudioFlinger(  118): releasing 104 from 1417
03-29 15:36:27.973 V/AudioFlinger(  118):  decremented refcount to 0
03-29 15:36:27.973 V/AudioFlinger(  118): purging stale effects
03-29 15:36:27.973 V/AudioPolicyManagerBase(  118): releaseOutput() 2
03-29 15:36:27.973 V/AudioFlinger(  118): remove track (4100) and delete from mixer
03-29 15:36:27.973 V/AudioFlinger(  118): PlaybackThread::Track destructor
03-29 15:36:27.973 V/AudioFlinger(  118): removeClient_l() pid 118, tid 232, calling tid 118
03-29 15:36:27.973 V/AudioFlinger(  118): releasing 104 from 118
03-29 15:36:27.973 V/AudioFlinger(  118):  decremented refcount to 0
03-29 15:36:27.973 V/AudioFlinger(  118): purging stale effects
03-29 15:36:28.964 V/AudioFlinger(  118): Audio hardware entering standby, mixer 0x41227008, suspend count 0
03-29 15:36:28.984 D/DownloadCompleteReceiver(  627):  WIFI CHANGED_ACTION 
03-29 15:36:28.984 D/DownloadCompleteReceiver(  627):  time:1364542588992
03-29 15:36:28.984 D/DownloadCompleteReceiver(  627):  locktime:0
03-29 15:36:28.984 D/DownloadCompleteReceiver(  627):  mIdupdate:-1
03-29 15:36:28.984 D/DownloadCompleteReceiver(  627):  mMasterclear:false
03-29 15:36:28.984 D/DownloadCompleteReceiver(  627):  mBootcomplete:true
03-29 15:36:29.004 I/AudioHardwareALSA(  118): dump.audio.pcm = OFF
03-29 15:36:29.004 V/AudioHardwareALSA(  118): Data Dump is disabled
03-29 15:36:29.004 V/AudioFlinger(  118): releaseWakeLock_l() AudioOut_2
03-29 15:36:29.014 V/AudioFlinger(  118): thread 0x41227008 type 0 TID 230 going to sleep
03-29 15:36:31.677 D/BatteryService(  384): mAcOnlinefalsemUsbOnline:truemBatteryStatus 5
03-29 15:36:31.677 D/BatteryService(  384): mBatteryLevel100isPowered():trueActivityManagerNative.isSystemReady():true
03-29 15:36:31.677 D/BatteryService(  384): mAcOnlinefalsemUsbOnline:truemBatteryStatus 5
03-29 15:36:31.677 D/BatteryService(  384): mAcOnlinefalsemUsbOnline:truemBatteryStatus 5
03-29 15:36:31.677 D/ActivityManager(  384): mBatteryStatusReceiver, action=android.intent.action.BATTERY_CHANGED
03-29 15:36:31.677 D/ActivityManager(  384): mBatteryStatusReceiver, plugged=2, mBatteryStatusPlugged=2, fakeShutdownMode=false
03-29 15:36:31.797 D/dalvikvm( 2144): GC_CONCURRENT freed 1799K, 28% free 15174K/21059K, paused 13ms+6ms, total 61ms
03-29 15:36:31.797 D/dalvikvm( 2144): WAIT_FOR_CONCURRENT_GC blocked 32ms
03-29 15:36:32.528 V/Device  ( 1417): 192.168.1.3: state=3,will change to =3
03-29 15:36:32.528 E/apple   ( 1417): Client current:true
03-29 15:36:32.528 E/apple   ( 1417): Client current:false
03-29 15:36:32.528 D/OtORequestHandler( 1417): send request:103
03-29 15:36:32.528 D/OtORequestHandler( 1417): send DatagramPacket
03-29 15:36:32.548 V/OtORequestHandler( 1417): receive data from 192.168.1.3
03-29 15:36:32.548 D/OtORequestHandler( 1417): receive data 111111
03-29 15:36:32.548 V/OtORequest_apple( 1417): get command=103
03-29 15:36:32.548 V/OtORequest( 1417): parse OtORequest: cmd=103 paramLength=210 bufferlen=218
03-29 15:36:32.548 V/OtORequest( 1417): parse param: param={"ResourceInfo":{"TimeCode":0,"PlayType":1,"ResourceName":"2","ProductCode":"","ResourceCode":"10732","Duration":0},"Status":{"ReturnCode":100,"Description":"ok"},"PlayStatus":0,"Volume":0}lume":0}
03-29 15:36:32.548 E/apple   ( 1417): OtOStatus request11 0
03-29 15:36:32.548 D/OtORequestHandler( 1417): receive data aaaaaaa:com.aidufei.protocol.oto.OtOStatusRequest@42c56ee8
03-29 15:36:32.548 D/OtORequestHandler( 1417): receive data 2222222
03-29 15:36:32.548 D/OtORequestHandler( 1417): receive data 3333333
03-29 15:36:32.548 V/OtODeviceAdapter( 1417): start handle data.
03-29 15:36:32.548 V/OtODeviceAdapter( 1417): onPlayStatusSync.
03-29 15:36:32.548 I/VideoPlayer( 1417): onGetStatus:
03-29 15:36:32.548 E/VideoPlayer( 1417): sync_ok:
03-29 15:36:32.548 V/VideoPlayer( 1417): get server play VOD status:ResourceName=2 ResourceCode=10732 ProductCode= Duration=0 TimeCode=0
03-29 15:36:32.548 I/VideoPlayer( 1417): onGetVolume(volume):0
03-29 15:36:32.548 V/MediaControler( 1417): Set volume:0
03-29 15:36:32.548 V/AudioPolicyManagerALSA(  118): getDeviceForStrategy() from cache strategy 0, device 2
03-29 15:36:32.558 I/VideoPlayer( 1417): onGetPlayStatus:0
03-29 15:36:32.978 D/DownloadCompleteReceiver(  627):  TYPE_WIFI info.isConnected():true
03-29 15:36:32.978 D/DownloadCompleteReceiver(  627): isConnecting():true
03-29 15:36:32.988 D/DownloadCompleteReceiver(  627):  TYPE_WIFI info.isConnected():true
03-29 15:36:32.988 D/DownloadCompleteReceiver(  627): ********* downloadURL:
03-29 15:36:32.988 D/DownloadCompleteReceiver(  627):  getTotalInternalSize:14135926784
03-29 15:36:32.988 D/DownloadCompleteReceiver(  627): DOWNLOAD_VERSION_FILE_URL:http://update.feifeikan.com/Fphone/version_new.txt
03-29 15:36:33.098 D/DownloadCompleteReceiver(  627): updateEx mServerVerstion:V225R001C01B071
03-29 15:36:33.098 D/DownloadCompleteReceiver(  627):  local:072
03-29 15:36:33.098 D/DownloadCompleteReceiver(  627):  server:071
03-29 15:36:34.520 V/Device  ( 1417): 192.168.1.3: state=3,will change to =3
03-29 15:36:34.520 E/apple   ( 1417): Client current:true
03-29 15:36:34.520 E/apple   ( 1417): Client current:false
03-29 15:36:34.520 D/OtORequestHandler( 1417): send request:103
03-29 15:36:34.520 D/OtORequestHandler( 1417): send DatagramPacket
03-29 15:36:34.540 V/OtORequestHandler( 1417): receive data from 192.168.1.3
03-29 15:36:34.540 D/OtORequestHandler( 1417): receive data 111111
03-29 15:36:34.540 V/OtORequest_apple( 1417): get command=103
03-29 15:36:34.540 V/OtORequest( 1417): parse OtORequest: cmd=103 paramLength=210 bufferlen=218
03-29 15:36:34.540 V/OtORequest( 1417): parse param: param={"ResourceInfo":{"TimeCode":0,"PlayType":1,"ResourceName":"2","ProductCode":"","ResourceCode":"10732","Duration":0},"Status":{"ReturnCode":100,"Description":"ok"},"PlayStatus":2,"Volume":0}lume":0}
03-29 15:36:34.540 E/apple   ( 1417): OtOStatus request11 2
03-29 15:36:34.540 D/OtORequestHandler( 1417): receive data aaaaaaa:com.aidufei.protocol.oto.OtOStatusRequest@42832198
03-29 15:36:34.540 D/OtORequestHandler( 1417): receive data 2222222
03-29 15:36:34.540 D/OtORequestHandler( 1417): receive data 3333333
03-29 15:36:34.540 V/OtODeviceAdapter( 1417): start handle data.
03-29 15:36:34.540 V/OtODeviceAdapter( 1417): onPlayStatusSync.
03-29 15:36:34.540 I/VideoPlayer( 1417): onGetStatus:
03-29 15:36:34.540 E/VideoPlayer( 1417): sync_ok:
03-29 15:36:34.540 V/VideoPlayer( 1417): get server play VOD status:ResourceName=2 ResourceCode=10732 ProductCode= Duration=0 TimeCode=0
03-29 15:36:34.540 I/VideoPlayer( 1417): onGetVolume(volume):0
03-29 15:36:34.540 V/MediaControler( 1417): Set volume:0
03-29 15:36:34.550 V/AudioPolicyManagerALSA(  118): getDeviceForStrategy() from cache strategy 0, device 2
03-29 15:36:34.550 I/VideoPlayer( 1417): onGetPlayStatus:2
03-29 15:36:35.010 D/DownloadCompleteReceiver(  627):  WIFI CHANGED_ACTION 
03-29 15:36:35.010 D/DownloadCompleteReceiver(  627):  time:1364542595023
03-29 15:36:35.010 D/DownloadCompleteReceiver(  627):  locktime:0
03-29 15:36:35.010 D/DownloadCompleteReceiver(  627):  mIdupdate:-1
03-29 15:36:35.010 D/DownloadCompleteReceiver(  627):  mMasterclear:false
03-29 15:36:35.010 D/DownloadCompleteReceiver(  627):  mBootcomplete:true
03-29 15:36:35.981 D/DownloadCompleteReceiver(  627):  TYPE_WIFI info.isConnected():true
03-29 15:36:35.981 D/DownloadCompleteReceiver(  627): isConnecting():true
03-29 15:36:35.991 D/DownloadCompleteReceiver(  627):  TYPE_WIFI info.isConnected():true
03-29 15:36:35.991 D/DownloadCompleteReceiver(  627): ********* downloadURL:
03-29 15:36:35.991 D/DownloadCompleteReceiver(  627):  getTotalInternalSize:14135926784
03-29 15:36:35.991 D/DownloadCompleteReceiver(  627): DOWNLOAD_VERSION_FILE_URL:http://update.feifeikan.com/Fphone/version_new.txt
03-29 15:36:36.041 D/DownloadCompleteReceiver(  627): updateEx mServerVerstion:V225R001C01B071
03-29 15:36:36.041 D/DownloadCompleteReceiver(  627):  local:072
03-29 15:36:36.041 D/DownloadCompleteReceiver(  627):  server:071
03-29 15:36:36.522 V/Device  ( 1417): 192.168.1.3: state=3,will change to =3
03-29 15:36:36.522 E/apple   ( 1417): Client current:true
03-29 15:36:36.522 E/apple   ( 1417): Client current:false
03-29 15:36:36.522 D/OtORequestHandler( 1417): send request:103
03-29 15:36:36.522 D/OtORequestHandler( 1417): send DatagramPacket
03-29 15:36:36.672 V/OtORequestHandler( 1417): receive data from 192.168.1.3
03-29 15:36:36.672 D/OtORequestHandler( 1417): receive data 111111
03-29 15:36:36.672 V/OtORequest_apple( 1417): get command=103
03-29 15:36:36.672 V/OtORequest( 1417): parse OtORequest: cmd=103 paramLength=210 bufferlen=218
03-29 15:36:36.672 V/OtORequest( 1417): parse param: param={"ResourceInfo":{"TimeCode":0,"PlayType":1,"ResourceName":"2","ProductCode":"","ResourceCode":"10732","Duration":0},"Status":{"ReturnCode":100,"Description":"ok"},"PlayStatus":2,"Volume":0}lume":0}
03-29 15:36:36.682 E/apple   ( 1417): OtOStatus request11 2
03-29 15:36:36.692 D/OtORequestHandler( 1417): receive data aaaaaaa:com.aidufei.protocol.oto.OtOStatusRequest@4317a470
03-29 15:36:36.692 D/OtORequestHandler( 1417): receive data 2222222
03-29 15:36:36.692 D/OtORequestHandler( 1417): receive data 3333333
03-29 15:36:36.692 V/OtODeviceAdapter( 1417): start handle data.
03-29 15:36:36.692 V/OtODeviceAdapter( 1417): onPlayStatusSync.
03-29 15:36:36.692 I/VideoPlayer( 1417): onGetStatus:
03-29 15:36:36.692 E/VideoPlayer( 1417): sync_ok:
03-29 15:36:36.692 V/VideoPlayer( 1417): get server play VOD status:ResourceName=2 ResourceCode=10732 ProductCode= Duration=0 TimeCode=0
03-29 15:36:36.692 I/VideoPlayer( 1417): onGetVolume(volume):0
03-29 15:36:36.692 V/MediaControler( 1417): Set volume:0
03-29 15:36:36.692 V/AudioPolicyManagerALSA(  118): getDeviceForStrategy() from cache strategy 0, device 2
03-29 15:36:36.692 D/BatteryService(  384): mAcOnlinefalsemUsbOnline:truemBatteryStatus 5
03-29 15:36:36.692 D/BatteryService(  384): mBatteryLevel100isPowered():trueActivityManagerNative.isSystemReady():true
03-29 15:36:36.692 D/BatteryService(  384): mAcOnlinefalsemUsbOnline:truemBatteryStatus 5
03-29 15:36:36.692 D/BatteryService(  384): mAcOnlinefalsemUsbOnline:truemBatteryStatus 5
03-29 15:36:36.692 D/ActivityManager(  384): mBatteryStatusReceiver, action=android.intent.action.BATTERY_CHANGED
03-29 15:36:36.702 I/VideoPlayer( 1417): onGetPlayStatus:2
03-29 15:36:36.702 D/ActivityManager(  384): mBatteryStatusReceiver, plugged=2, mBatteryStatusPlugged=2, fakeShutdownMode=false
03-29 15:36:36.742 D/dalvikvm( 1417): GC_CONCURRENT freed 1955K, 43% free 29601K/51523K, paused 13ms+7ms, total 68ms
03-29 15:36:38.023 D/DownloadCompleteReceiver(  627):  WIFI CHANGED_ACTION 
03-29 15:36:38.023 D/DownloadCompleteReceiver(  627):  time:1364542598032
03-29 15:36:38.023 D/DownloadCompleteReceiver(  627):  locktime:0
03-29 15:36:38.023 D/DownloadCompleteReceiver(  627):  mIdupdate:-1
03-29 15:36:38.023 D/DownloadCompleteReceiver(  627):  mMasterclear:false
03-29 15:36:38.023 D/DownloadCompleteReceiver(  627):  mBootcomplete:true
03-29 15:36:38.523 V/Device  ( 1417): 192.168.1.3: state=3,will change to =3
03-29 15:36:38.523 E/apple   ( 1417): Client current:true
03-29 15:36:38.523 E/apple   ( 1417): Client current:false
03-29 15:36:38.523 D/OtORequestHandler( 1417): send request:103
03-29 15:36:38.523 D/OtORequestHandler( 1417): send DatagramPacket
03-29 15:36:38.553 V/OtORequestHandler( 1417): receive data from 192.168.1.3
03-29 15:36:38.553 D/OtORequestHandler( 1417): receive data 111111
03-29 15:36:38.553 V/OtORequest_apple( 1417): get command=103
03-29 15:36:38.553 V/OtORequest( 1417): parse OtORequest: cmd=103 paramLength=210 bufferlen=218
03-29 15:36:38.553 V/OtORequest( 1417): parse param: param={"ResourceInfo":{"TimeCode":0,"PlayType":1,"ResourceName":"2","ProductCode":"","ResourceCode":"10732","Duration":0},"Status":{"ReturnCode":100,"Description":"ok"},"PlayStatus":2,"Volume":0}lume":0}
03-29 15:36:38.553 E/apple   ( 1417): OtOStatus request11 2
03-29 15:36:38.564 D/OtORequestHandler( 1417): receive data aaaaaaa:com.aidufei.protocol.oto.OtOStatusRequest@43914de0
03-29 15:36:38.564 D/OtORequestHandler( 1417): receive data 2222222
03-29 15:36:38.564 D/OtORequestHandler( 1417): receive data 3333333
03-29 15:36:38.564 V/OtODeviceAdapter( 1417): start handle data.
03-29 15:36:38.564 V/OtODeviceAdapter( 1417): onPlayStatusSync.
03-29 15:36:38.564 I/VideoPlayer( 1417): onGetStatus:
03-29 15:36:38.564 E/VideoPlayer( 1417): sync_ok:
03-29 15:36:38.564 V/VideoPlayer( 1417): get server play VOD status:ResourceName=2 ResourceCode=10732 ProductCode= Duration=0 TimeCode=0
03-29 15:36:38.564 I/VideoPlayer( 1417): onGetVolume(volume):0
03-29 15:36:38.564 V/MediaControler( 1417): Set volume:0
03-29 15:36:38.564 V/AudioPolicyManagerALSA(  118): getDeviceForStrategy() from cache strategy 0, device 2
03-29 15:36:38.564 I/VideoPlayer( 1417): onGetPlayStatus:2
03-29 15:36:40.525 V/Device  ( 1417): 192.168.1.3: state=3,will change to =3
03-29 15:36:40.525 E/apple   ( 1417): Client current:true
03-29 15:36:40.525 E/apple   ( 1417): Client current:false
03-29 15:36:40.525 D/OtORequestHandler( 1417): send request:103
03-29 15:36:40.525 D/OtORequestHandler( 1417): send DatagramPacket
03-29 15:36:40.666 V/OtORequestHandler( 1417): receive data from 192.168.1.3
03-29 15:36:40.666 D/OtORequestHandler( 1417): receive data 111111
03-29 15:36:40.666 V/OtORequest_apple( 1417): get command=103
03-29 15:36:40.666 V/OtORequest( 1417): parse OtORequest: cmd=103 paramLength=210 bufferlen=218
03-29 15:36:40.666 V/OtORequest( 1417): parse param: param={"ResourceInfo":{"TimeCode":0,"PlayType":1,"ResourceName":"2","ProductCode":"","ResourceCode":"10732","Duration":0},"Status":{"ReturnCode":100,"Description":"ok"},"PlayStatus":2,"Volume":0}lume":0}
03-29 15:36:40.666 E/apple   ( 1417): OtOStatus request11 2
03-29 15:36:40.666 D/OtORequestHandler( 1417): receive data aaaaaaa:com.aidufei.protocol.oto.OtOStatusRequest@436e4db8
03-29 15:36:40.666 D/OtORequestHandler( 1417): receive data 2222222
03-29 15:36:40.666 D/OtORequestHandler( 1417): receive data 3333333
03-29 15:36:40.666 V/OtODeviceAdapter( 1417): start handle data.
03-29 15:36:40.666 V/OtODeviceAdapter( 1417): onPlayStatusSync.
03-29 15:36:40.666 I/VideoPlayer( 1417): onGetStatus:
03-29 15:36:40.666 E/VideoPlayer( 1417): sync_ok:
03-29 15:36:40.666 V/VideoPlayer( 1417): get server play VOD status:ResourceName=2 ResourceCode=10732 ProductCode= Duration=0 TimeCode=0
03-29 15:36:40.666 I/VideoPlayer( 1417): onGetVolume(volume):0
03-29 15:36:40.666 V/MediaControler( 1417): Set volume:0
03-29 15:36:40.666 V/AudioPolicyManagerALSA(  118): getDeviceForStrategy() from cache strategy 0, device 2
03-29 15:36:40.676 I/VideoPlayer( 1417): onGetPlayStatus:2
03-29 15:36:41.717 D/BatteryService(  384): mAcOnlinefalsemUsbOnline:truemBatteryStatus 5
03-29 15:36:41.717 D/BatteryService(  384): mBatteryLevel100isPowered():trueActivityManagerNative.isSystemReady():true
03-29 15:36:41.717 D/BatteryService(  384): mAcOnlinefalsemUsbOnline:truemBatteryStatus 5
03-29 15:36:41.717 D/BatteryService(  384): mAcOnlinefalsemUsbOnline:truemBatteryStatus 5
03-29 15:36:41.727 D/ActivityManager(  384): mBatteryStatusReceiver, action=android.intent.action.BATTERY_CHANGED
03-29 15:36:41.727 D/ActivityManager(  384): mBatteryStatusReceiver, plugged=2, mBatteryStatusPlugged=2, fakeShutdownMode=false
03-29 15:36:42.027 D/DownloadCompleteReceiver(  627):  TYPE_WIFI info.isConnected():true
03-29 15:36:42.027 D/DownloadCompleteReceiver(  627): isConnecting():true
03-29 15:36:42.027 D/DownloadCompleteReceiver(  627):  TYPE_WIFI info.isConnected():true
03-29 15:36:42.027 D/DownloadCompleteReceiver(  627): ********* downloadURL:
03-29 15:36:42.027 D/DownloadCompleteReceiver(  627):  getTotalInternalSize:14135926784
03-29 15:36:42.027 D/DownloadCompleteReceiver(  627): DOWNLOAD_VERSION_FILE_URL:http://update.feifeikan.com/Fphone/version_new.txt
03-29 15:36:42.087 D/DownloadCompleteReceiver(  627): updateEx mServerVerstion:V225R001C01B071
03-29 15:36:42.087 D/DownloadCompleteReceiver(  627):  local:072
03-29 15:36:42.087 D/DownloadCompleteReceiver(  627):  server:071
03-29 15:36:42.527 V/Device  ( 1417): 192.168.1.3: state=3,will change to =3
03-29 15:36:42.527 E/apple   ( 1417): Client current:true
03-29 15:36:42.527 E/apple   ( 1417): Client current:false
03-29 15:36:42.537 D/OtORequestHandler( 1417): send request:103
03-29 15:36:42.537 D/OtORequestHandler( 1417): send DatagramPacket
03-29 15:36:43.528 V/OtORequestHandler( 1417): receive data from 192.168.1.3
03-29 15:36:43.528 D/OtORequestHandler( 1417): receive data 111111
03-29 15:36:43.528 V/OtORequest_apple( 1417): get command=103
03-29 15:36:43.528 V/OtORequest( 1417): parse OtORequest: cmd=103 paramLength=210 bufferlen=218
03-29 15:36:43.528 V/OtORequest( 1417): parse param: param={"ResourceInfo":{"TimeCode":0,"PlayType":1,"ResourceName":"2","ProductCode":"","ResourceCode":"10732","Duration":0},"Status":{"ReturnCode":100,"Description":"ok"},"PlayStatus":2,"Volume":0}lume":0}
03-29 15:36:43.538 E/apple   ( 1417): OtOStatus request11 2
03-29 15:36:43.538 D/OtORequestHandler( 1417): receive data aaaaaaa:com.aidufei.protocol.oto.OtOStatusRequest@4336c338
03-29 15:36:43.538 D/OtORequestHandler( 1417): receive data 2222222
03-29 15:36:43.538 D/OtORequestHandler( 1417): receive data 3333333
03-29 15:36:43.538 V/OtODeviceAdapter( 1417): start handle data.
03-29 15:36:43.538 V/OtODeviceAdapter( 1417): onPlayStatusSync.
03-29 15:36:43.538 I/VideoPlayer( 1417): onGetStatus:
03-29 15:36:43.538 E/VideoPlayer( 1417): sync_ok:
03-29 15:36:43.538 V/VideoPlayer( 1417): get server play VOD status:ResourceName=2 ResourceCode=10732 ProductCode= Duration=0 TimeCode=0
03-29 15:36:43.538 I/VideoPlayer( 1417): onGetVolume(volume):0
03-29 15:36:43.548 V/MediaControler( 1417): Set volume:0
03-29 15:36:43.548 V/AudioPolicyManagerALSA(  118): getDeviceForStrategy() from cache strategy 0, device 2
03-29 15:36:43.548 I/VideoPlayer( 1417): onGetPlayStatus:2
03-29 15:36:44.529 V/Device  ( 1417): 192.168.1.3: state=3,will change to =3
03-29 15:36:44.529 E/apple   ( 1417): Client current:true
03-29 15:36:44.529 E/apple   ( 1417): Client current:false
03-29 15:36:44.529 D/OtORequestHandler( 1417): send request:103
03-29 15:36:44.529 D/OtORequestHandler( 1417): send DatagramPacket
03-29 15:36:44.649 V/OtORequestHandler( 1417): receive data from 192.168.1.3
03-29 15:36:44.649 D/OtORequestHandler( 1417): receive data 111111
03-29 15:36:44.649 V/OtORequest_apple( 1417): get command=103
03-29 15:36:44.649 V/OtORequest( 1417): parse OtORequest: cmd=103 paramLength=210 bufferlen=218
03-29 15:36:44.649 V/OtORequest( 1417): parse param: param={"ResourceInfo":{"TimeCode":0,"PlayType":1,"ResourceName":"2","ProductCode":"","ResourceCode":"10732","Duration":0},"Status":{"ReturnCode":100,"Description":"ok"},"PlayStatus":2,"Volume":0}lume":0}
03-29 15:36:44.649 E/apple   ( 1417): OtOStatus request11 2
03-29 15:36:44.649 D/OtORequestHandler( 1417): receive data aaaaaaa:com.aidufei.protocol.oto.OtOStatusRequest@43180e88
03-29 15:36:44.649 D/OtORequestHandler( 1417): receive data 2222222
03-29 15:36:44.649 D/OtORequestHandler( 1417): receive data 3333333
03-29 15:36:44.649 V/OtODeviceAdapter( 1417): start handle data.
03-29 15:36:44.649 V/OtODeviceAdapter( 1417): onPlayStatusSync.
03-29 15:36:44.649 I/VideoPlayer( 1417): onGetStatus:
03-29 15:36:44.649 E/VideoPlayer( 1417): sync_ok:
03-29 15:36:44.649 V/VideoPlayer( 1417): get server play VOD status:ResourceName=2 ResourceCode=10732 ProductCode= Duration=0 TimeCode=0
03-29 15:36:44.649 I/VideoPlayer( 1417): onGetVolume(volume):0
03-29 15:36:44.649 V/MediaControler( 1417): Set volume:0
03-29 15:36:44.649 V/AudioPolicyManagerALSA(  118): getDeviceForStrategy() from cache strategy 0, device 2
03-29 15:36:44.649 I/VideoPlayer( 1417): onGetPlayStatus:2
03-29 15:36:45.020 D/DownloadCompleteReceiver(  627):  TYPE_WIFI info.isConnected():true
03-29 15:36:45.020 D/DownloadCompleteReceiver(  627): isConnecting():true
03-29 15:36:45.020 D/DownloadCompleteReceiver(  627):  TYPE_WIFI info.isConnected():true
03-29 15:36:45.030 D/DownloadCompleteReceiver(  627): ********* downloadURL:
03-29 15:36:45.030 D/DownloadCompleteReceiver(  627):  getTotalInternalSize:14135926784
03-29 15:36:45.030 D/DownloadCompleteReceiver(  627): DOWNLOAD_VERSION_FILE_URL:http://update.feifeikan.com/Fphone/version_new.txt
03-29 15:36:46.481 D/DownloadCompleteReceiver(  627): updateEx mServerVerstion:V225R001C01B071
03-29 15:36:46.491 D/DownloadCompleteReceiver(  627):  local:072
