03-29 15:34:36.675 V/VideoPlayer( 1417): get server play VOD status:ResourceName=2 ResourceCode=10732 ProductCode= Duration=7294 TimeCode=741
03-29 15:34:36.675 I/VideoPlayer( 1417): onGetVolume(volume):6
03-29 15:34:36.675 V/MediaControler( 1417): Set volume:0
03-29 15:34:36.675 V/AudioPolicyManagerALSA(  118): getDeviceForStrategy() from cache strategy 0, device 2
03-29 15:34:36.675 I/VideoPlayer( 1417): onGetPlayStatus:2
03-29 15:34:37.495 D/DownloadCompleteReceiver(  627):  WIFI CHANGED_ACTION 
03-29 15:34:37.495 D/DownloadCompleteReceiver(  627):  time:1364542477505
03-29 15:34:37.495 D/DownloadCompleteReceiver(  627):  locktime:0
03-29 15:34:37.495 D/DownloadCompleteReceiver(  627):  mIdupdate:-1
03-29 15:34:37.495 D/DownloadCompleteReceiver(  627):  mMasterclear:false
03-29 15:34:37.495 D/DownloadCompleteReceiver(  627):  mBootcomplete:true
03-29 15:34:38.476 D/DownloadCompleteReceiver(  627):  TYPE_WIFI info.isConnected():true
03-29 15:34:38.476 D/DownloadCompleteReceiver(  627): isConnecting():true
03-29 15:34:38.476 D/DownloadCompleteReceiver(  627):  TYPE_WIFI info.isConnected():true
03-29 15:34:38.476 D/DownloadCompleteReceiver(  627): ********* downloadURL:
03-29 15:34:38.476 D/DownloadCompleteReceiver(  627):  getTotalInternalSize:14135926784
03-29 15:34:38.476 D/DownloadCompleteReceiver(  627): DOWNLOAD_VERSION_FILE_URL:http://update.feifeikan.com/Fphone/version_new.txt
03-29 15:34:38.616 D/DownloadCompleteReceiver(  627): updateEx mServerVerstion:V225R001C01B071
03-29 15:34:38.626 D/DownloadCompleteReceiver(  627):  local:072
03-29 15:34:38.626 D/DownloadCompleteReceiver(  627):  server:071
03-29 15:34:38.647 V/Device  ( 1417): 192.168.1.3: state=3,will change to =3
03-29 15:34:38.647 E/apple   ( 1417): Client current:true
03-29 15:34:38.647 E/apple   ( 1417): Client current:false
03-29 15:34:38.647 D/OtORequestHandler( 1417): send request:103
03-29 15:34:38.647 D/OtORequestHandler( 1417): send DatagramPacket
03-29 15:34:38.697 V/OtORequestHandler( 1417): receive data from 192.168.1.3
03-29 15:34:38.697 D/OtORequestHandler( 1417): receive data 111111
03-29 15:34:38.697 V/OtORequest_apple( 1417): get command=103
03-29 15:34:38.697 V/OtORequest( 1417): parse OtORequest: cmd=103 paramLength=215 bufferlen=223
03-29 15:34:38.697 V/OtORequest( 1417): parse param: param={"ResourceInfo":{"TimeCode":741,"PlayType":1,"ResourceName":"2","ProductCode":"","ResourceCode":"10732","Duration":7294},"Status":{"ReturnCode":100,"Description":"ok"},"PlayStatus":2,"Volume":6}lume":6}
03-29 15:34:38.697 E/apple   ( 1417): OtOStatus request11 2
03-29 15:34:38.697 D/OtORequestHandler( 1417): receive data aaaaaaa:com.aidufei.protocol.oto.OtOStatusRequest@4390e318
03-29 15:34:38.697 D/OtORequestHandler( 1417): receive data 2222222
03-29 15:34:38.697 D/OtORequestHandler( 1417): receive data 3333333
03-29 15:34:38.697 V/OtODeviceAdapter( 1417): start handle data.
03-29 15:34:38.697 V/OtODeviceAdapter( 1417): onPlayStatusSync.
03-29 15:34:38.697 I/VideoPlayer( 1417): onGetStatus:
03-29 15:34:38.697 E/VideoPlayer( 1417): sync_ok:
03-29 15:34:38.697 V/VideoPlayer( 1417): get server play VOD status:ResourceName=2 ResourceCode=10732 ProductCode= Duration=7294 TimeCode=741
03-29 15:34:38.697 I/VideoPlayer( 1417): onGetVolume(volume):6
03-29 15:34:38.697 V/MediaControler( 1417): Set volume:0
03-29 15:34:38.697 V/AudioPolicyManagerALSA(  118): getDeviceForStrategy() from cache strategy 0, device 2
03-29 15:34:38.707 I/VideoPlayer( 1417): onGetPlayStatus:2
03-29 15:34:40.648 V/Device  ( 1417): 192.168.1.3: state=3,will change to =3
03-29 15:34:40.648 E/apple   ( 1417): Client current:true
03-29 15:34:40.648 E/apple   ( 1417): Client current:false
03-29 15:34:40.648 D/OtORequestHandler( 1417): send request:103
03-29 15:34:40.648 D/OtORequestHandler( 1417): send DatagramPacket
03-29 15:34:40.859 V/OtORequestHandler( 1417): receive data from 192.168.1.3
03-29 15:34:40.859 D/OtORequestHandler( 1417): receive data 111111
03-29 15:34:40.859 V/OtORequest_apple( 1417): get command=103
03-29 15:34:40.859 V/OtORequest( 1417): parse OtORequest: cmd=103 paramLength=215 bufferlen=223
03-29 15:34:40.859 V/OtORequest( 1417): parse param: param={"ResourceInfo":{"TimeCode":741,"PlayType":1,"ResourceName":"2","ProductCode":"","ResourceCode":"10732","Duration":7294},"Status":{"ReturnCode":100,"Description":"ok"},"PlayStatus":2,"Volume":6}lume":6}
03-29 15:34:40.869 E/apple   ( 1417): OtOStatus request11 2
03-29 15:34:40.869 D/OtORequestHandler( 1417): receive data aaaaaaa:com.aidufei.protocol.oto.OtOStatusRequest@43143b38
03-29 15:34:40.869 D/OtORequestHandler( 1417): receive data 2222222
03-29 15:34:40.869 D/OtORequestHandler( 1417): receive data 3333333
03-29 15:34:40.869 V/OtODeviceAdapter( 1417): start handle data.
03-29 15:34:40.869 V/OtODeviceAdapter( 1417): onPlayStatusSync.
03-29 15:34:40.869 I/VideoPlayer( 1417): onGetStatus:
03-29 15:34:40.869 E/VideoPlayer( 1417): sync_ok:
03-29 15:34:40.869 V/VideoPlayer( 1417): get server play VOD status:ResourceName=2 ResourceCode=10732 ProductCode= Duration=7294 TimeCode=741
03-29 15:34:40.869 I/VideoPlayer( 1417): onGetVolume(volume):6
03-29 15:34:40.869 V/MediaControler( 1417): Set volume:0
03-29 15:34:40.869 V/AudioPolicyManagerALSA(  118): getDeviceForStrategy() from cache strategy 0, device 2
03-29 15:34:40.869 I/VideoPlayer( 1417): onGetPlayStatus:2
03-29 15:34:41.269 D/BatteryService(  384): mAcOnlinefalsemUsbOnline:truemBatteryStatus 5
03-29 15:34:41.269 D/BatteryService(  384): mBatteryLevel100isPowered():trueActivityManagerNative.isSystemReady():true
03-29 15:34:41.269 D/BatteryService(  384): mAcOnlinefalsemUsbOnline:truemBatteryStatus 5
03-29 15:34:41.269 D/BatteryService(  384): mAcOnlinefalsemUsbOnline:truemBatteryStatus 5
03-29 15:34:41.269 D/ActivityManager(  384): mBatteryStatusReceiver, action=android.intent.action.BATTERY_CHANGED
03-29 15:34:41.279 D/ActivityManager(  384): mBatteryStatusReceiver, plugged=2, mBatteryStatusPlugged=2, fakeShutdownMode=false
03-29 15:34:42.640 V/Device  ( 1417): 192.168.1.3: state=3,will change to =3
03-29 15:34:42.640 E/apple   ( 1417): Client current:true
03-29 15:34:42.640 E/apple   ( 1417): Client current:false
03-29 15:34:42.650 D/OtORequestHandler( 1417): send request:103
03-29 15:34:42.650 D/OtORequestHandler( 1417): send DatagramPacket
03-29 15:34:42.700 V/OtORequestHandler( 1417): receive data from 192.168.1.3
03-29 15:34:42.700 D/OtORequestHandler( 1417): receive data 111111
03-29 15:34:42.700 V/OtORequest_apple( 1417): get command=103
03-29 15:34:42.700 V/OtORequest( 1417): parse OtORequest: cmd=103 paramLength=215 bufferlen=223
03-29 15:34:42.700 V/OtORequest( 1417): parse param: param={"ResourceInfo":{"TimeCode":741,"PlayType":1,"ResourceName":"2","ProductCode":"","ResourceCode":"10732","Duration":7294},"Status":{"ReturnCode":100,"Description":"ok"},"PlayStatus":2,"Volume":6}lume":6}
03-29 15:34:42.710 E/apple   ( 1417): OtOStatus request11 2
03-29 15:34:42.710 D/OtORequestHandler( 1417): receive data aaaaaaa:com.aidufei.protocol.oto.OtOStatusRequest@4287a0b0
03-29 15:34:42.710 D/OtORequestHandler( 1417): receive data 2222222
03-29 15:34:42.710 D/OtORequestHandler( 1417): receive data 3333333
03-29 15:34:42.710 V/OtODeviceAdapter( 1417): start handle data.
03-29 15:34:42.710 V/OtODeviceAdapter( 1417): onPlayStatusSync.
03-29 15:34:42.710 I/VideoPlayer( 1417): onGetStatus:
03-29 15:34:42.710 E/VideoPlayer( 1417): sync_ok:
03-29 15:34:42.710 V/VideoPlayer( 1417): get server play VOD status:ResourceName=2 ResourceCode=10732 ProductCode= Duration=7294 TimeCode=741
03-29 15:34:42.710 I/VideoPlayer( 1417): onGetVolume(volume):6
03-29 15:34:42.710 V/MediaControler( 1417): Set volume:0
03-29 15:34:42.710 V/AudioPolicyManagerALSA(  118): getDeviceForStrategy() from cache strategy 0, device 2
03-29 15:34:42.710 I/VideoPlayer( 1417): onGetPlayStatus:2
03-29 15:34:44.502 D/DownloadCompleteReceiver(  627):  TYPE_WIFI info.isConnected():true
03-29 15:34:44.502 D/DownloadCompleteReceiver(  627): isConnecting():true
03-29 15:34:44.502 D/DownloadCompleteReceiver(  627):  TYPE_WIFI info.isConnected():true
03-29 15:34:44.502 D/DownloadCompleteReceiver(  627): ********* downloadURL:
03-29 15:34:44.502 D/DownloadCompleteReceiver(  627):  getTotalInternalSize:14135926784
03-29 15:34:44.502 D/DownloadCompleteReceiver(  627): DOWNLOAD_VERSION_FILE_URL:http://update.feifeikan.com/Fphone/version_new.txt
03-29 15:34:44.602 D/DownloadCompleteReceiver(  627): updateEx mServerVerstion:V225R001C01B071
03-29 15:34:44.602 D/DownloadCompleteReceiver(  627):  local:072
03-29 15:34:44.602 D/DownloadCompleteReceiver(  627):  server:071
03-29 15:34:44.652 V/Device  ( 1417): 192.168.1.3: state=3,will change to =3
03-29 15:34:44.652 E/apple   ( 1417): Client current:true
03-29 15:34:44.652 E/apple   ( 1417): Client current:false
03-29 15:34:44.652 D/OtORequestHandler( 1417): send request:103
03-29 15:34:44.652 D/OtORequestHandler( 1417): send DatagramPacket
03-29 15:34:45.133 V/OtORequestHandler( 1417): receive data from 192.168.1.3
03-29 15:34:45.133 D/OtORequestHandler( 1417): receive data 111111
03-29 15:34:45.133 V/OtORequest_apple( 1417): get command=103
03-29 15:34:45.133 V/OtORequest( 1417): parse OtORequest: cmd=103 paramLength=215 bufferlen=223
03-29 15:34:45.143 V/OtORequest( 1417): parse param: param={"ResourceInfo":{"TimeCode":741,"PlayType":1,"ResourceName":"2","ProductCode":"","ResourceCode":"10732","Duration":7294},"Status":{"ReturnCode":100,"Description":"ok"},"PlayStatus":2,"Volume":6}lume":6}
03-29 15:34:45.143 E/apple   ( 1417): OtOStatus request11 2
03-29 15:34:45.143 D/OtORequestHandler( 1417): receive data aaaaaaa:com.aidufei.protocol.oto.OtOStatusRequest@4282e000
03-29 15:34:45.143 D/OtORequestHandler( 1417): receive data 2222222
03-29 15:34:45.143 D/OtORequestHandler( 1417): receive data 3333333
03-29 15:34:45.143 V/OtODeviceAdapter( 1417): start handle data.
03-29 15:34:45.143 V/OtODeviceAdapter( 1417): onPlayStatusSync.
03-29 15:34:45.143 I/VideoPlayer( 1417): onGetStatus:
03-29 15:34:45.143 E/VideoPlayer( 1417): sync_ok:
03-29 15:34:45.143 V/VideoPlayer( 1417): get server play VOD status:ResourceName=2 ResourceCode=10732 ProductCode= Duration=7294 TimeCode=741
03-29 15:34:45.143 I/VideoPlayer( 1417): onGetVolume(volume):6
03-29 15:34:45.143 V/MediaControler( 1417): Set volume:0
03-29 15:34:45.143 V/AudioPolicyManagerALSA(  118): getDeviceForStrategy() from cache strategy 0, device 2
03-29 15:34:45.153 I/VideoPlayer( 1417): onGetPlayStatus:2
03-29 15:34:46.294 D/BatteryService(  384): mAcOnlinefalsemUsbOnline:truemBatteryStatus 5
03-29 15:34:46.294 D/BatteryService(  384): mBatteryLevel100isPowered():trueActivityManagerNative.isSystemReady():true
03-29 15:34:46.294 D/BatteryService(  384): mAcOnlinefalsemUsbOnline:truemBatteryStatus 5
03-29 15:34:46.294 D/BatteryService(  384): mAcOnlinefalsemUsbOnline:truemBatteryStatus 5
03-29 15:34:46.304 D/ActivityManager(  384): mBatteryStatusReceiver, action=android.intent.action.BATTERY_CHANGED
03-29 15:34:46.304 D/ActivityManager(  384): mBatteryStatusReceiver, plugged=2, mBatteryStatusPlugged=2, fakeShutdownMode=false
03-29 15:34:46.654 V/Device  ( 1417): 192.168.1.3: state=3,will change to =3
03-29 15:34:46.654 E/apple   ( 1417): Client current:true
03-29 15:34:46.654 E/apple   ( 1417): Client current:false
03-29 15:34:46.654 D/OtORequestHandler( 1417): send request:103
03-29 15:34:46.654 D/OtORequestHandler( 1417): send DatagramPacket
03-29 15:34:46.684 V/OtORequestHandler( 1417): receive data from 192.168.1.3
03-29 15:34:46.684 D/OtORequestHandler( 1417): receive data 111111
03-29 15:34:46.684 V/OtORequest_apple( 1417): get command=103
03-29 15:34:46.684 V/OtORequest( 1417): parse OtORequest: cmd=103 paramLength=215 bufferlen=223
03-29 15:34:46.684 V/OtORequest( 1417): parse param: param={"ResourceInfo":{"TimeCode":741,"PlayType":1,"ResourceName":"2","ProductCode":"","ResourceCode":"10732","Duration":7294},"Status":{"ReturnCode":100,"Description":"ok"},"PlayStatus":2,"Volume":6}lume":6}
03-29 15:34:46.684 E/apple   ( 1417): OtOStatus request11 2
03-29 15:34:46.684 D/OtORequestHandler( 1417): receive data aaaaaaa:com.aidufei.protocol.oto.OtOStatusRequest@428b8080
03-29 15:34:46.684 D/OtORequestHandler( 1417): receive data 2222222
03-29 15:34:46.684 D/OtORequestHandler( 1417): receive data 3333333
03-29 15:34:46.684 V/OtODeviceAdapter( 1417): start handle data.
03-29 15:34:46.684 V/OtODeviceAdapter( 1417): onPlayStatusSync.
03-29 15:34:46.684 I/VideoPlayer( 1417): onGetStatus:
03-29 15:34:46.684 E/VideoPlayer( 1417): sync_ok:
03-29 15:34:46.684 V/VideoPlayer( 1417): get server play VOD status:ResourceName=2 ResourceCode=10732 ProductCode= Duration=7294 TimeCode=741
03-29 15:34:46.684 I/VideoPlayer( 1417): onGetVolume(volume):6
03-29 15:34:46.684 V/MediaControler( 1417): Set volume:0
03-29 15:34:46.694 V/AudioPolicyManagerALSA(  118): getDeviceForStrategy() from cache strategy 0, device 2
03-29 15:34:46.694 I/VideoPlayer( 1417): onGetPlayStatus:2
03-29 15:34:48.656 V/Device  ( 1417): 192.168.1.3: state=3,will change to =3
03-29 15:34:48.656 E/apple   ( 1417): Client current:true
03-29 15:34:48.656 E/apple   ( 1417): Client current:false
03-29 15:34:48.656 D/OtORequestHandler( 1417): send request:103
03-29 15:34:48.656 D/OtORequestHandler( 1417): send DatagramPacket
03-29 15:34:48.676 V/OtORequestHandler( 1417): receive data from 192.168.1.3
03-29 15:34:48.676 D/OtORequestHandler( 1417): receive data 111111
03-29 15:34:48.676 V/OtORequest_apple( 1417): get command=103
03-29 15:34:48.676 V/OtORequest( 1417): parse OtORequest: cmd=103 paramLength=215 bufferlen=223
03-29 15:34:48.676 V/OtORequest( 1417): parse param: param={"ResourceInfo":{"TimeCode":741,"PlayType":1,"ResourceName":"2","ProductCode":"","ResourceCode":"10732","Duration":7294},"Status":{"ReturnCode":100,"Description":"ok"},"PlayStatus":2,"Volume":6}lume":6}
03-29 15:34:48.676 E/apple   ( 1417): OtOStatus request11 2
03-29 15:34:48.676 D/OtORequestHandler( 1417): receive data aaaaaaa:com.aidufei.protocol.oto.OtOStatusRequest@4333e898
03-29 15:34:48.676 D/OtORequestHandler( 1417): receive data 2222222
03-29 15:34:48.686 D/OtORequestHandler( 1417): receive data 3333333
03-29 15:34:48.686 V/OtODeviceAdapter( 1417): start handle data.
03-29 15:34:48.686 V/OtODeviceAdapter( 1417): onPlayStatusSync.
03-29 15:34:48.686 I/VideoPlayer( 1417): onGetStatus:
03-29 15:34:48.686 E/VideoPlayer( 1417): sync_ok:
03-29 15:34:48.686 V/VideoPlayer( 1417): get server play VOD status:ResourceName=2 ResourceCode=10732 ProductCode= Duration=7294 TimeCode=741
03-29 15:34:48.686 I/VideoPlayer( 1417): onGetVolume(volume):6
03-29 15:34:48.686 V/MediaControler( 1417): Set volume:0
03-29 15:34:48.686 V/AudioPolicyManagerALSA(  118): getDeviceForStrategy() from cache strategy 0, device 2
03-29 15:34:48.686 I/VideoPlayer( 1417): onGetPlayStatus:2
03-29 15:34:49.117 E/VideoPlayer( 1417): qqqqqqq
03-29 15:34:49.117 D/VideoPlayer( 1417): getTVPlay:1
03-29 15:34:49.117 V/Device  ( 1417): 192.168.1.3: state=3,will change to =3
03-29 15:34:49.117 E/apple   ( 1417): Client current:true
03-29 15:34:49.117 E/apple   ( 1417): Client current:false
03-29 15:34:49.117 E/VideoPlayer( 1417): start pull back video from TV.
03-29 15:34:49.117 D/OtORequestHandler( 1417): send request:102
03-29 15:34:49.117 D/OtORequestHandler( 1417): send DatagramPacket
03-29 15:34:49.557 D/DownloadCompleteReceiver(  627):  WIFI CHANGED_ACTION 
03-29 15:34:49.557 D/DownloadCompleteReceiver(  627):  time:1364542489561
03-29 15:34:49.557 D/DownloadCompleteReceiver(  627):  locktime:0
03-29 15:34:49.557 D/DownloadCompleteReceiver(  627):  mIdupdate:-1
03-29 15:34:49.557 D/DownloadCompleteReceiver(  627):  mMasterclear:false
03-29 15:34:49.557 D/DownloadCompleteReceiver(  627):  mBootcomplete:true
03-29 15:34:50.058 V/OtORequestHandler( 1417): receive data from 192.168.1.3
03-29 15:34:50.058 D/OtORequestHandler( 1417): receive data 111111
03-29 15:34:50.058 V/OtORequest_apple( 1417): get command=102
03-29 15:34:50.058 V/OtORequest( 1417): parse OtORequest: cmd=102 paramLength=187 bufferlen=195
03-29 15:34:50.058 V/OtORequest( 1417): parse param: param={"ResourceInfo":{"TimeCode":741,"PlayType":1,"ResourceName":"2","ProductCode":"","ResourceCode":"10732","Duration":7294},"Status":{"ReturnCode":100,"Description":""}}on":""}}
03-29 15:34:50.058 D/OtORequestHandler( 1417): receive data aaaaaaa:com.aidufei.protocol.oto.OtOPullRequest@42bf6d70
03-29 15:34:50.058 D/OtORequestHandler( 1417): receive data 2222222
03-29 15:34:50.068 D/OtORequestHandler( 1417): receive data 3333333
03-29 15:34:50.068 V/OtODeviceAdapter( 1417): start handle data.
03-29 15:34:50.068 V/OtODeviceAdapter( 1417): onPlaySync.
03-29 15:34:50.068 I/VideoPlayer( 1417): onPull back from TV.
03-29 15:34:50.068 V/VideoPlayer( 1417): onPull info:-----resourceCode:10732  playType:1  playTime:7294  delay:0  shifttime:0  shiftend:0  timecode:741  assetName:2  assetId:null
03-29 15:34:50.068 I/VideoPlayer( 1417): PULL_BACK_SUCCESS:true
03-29 15:34:50.068 I/VideoPlayer( 1417): PULL_BACK_SUCCESS playType:1
03-29 15:34:50.068 D/VideoPlayer( 1417): handleTVtoPhonePlay
03-29 15:34:50.068 D/VideoPlayer( 1417): processOnResume:1
03-29 15:34:50.068 E/VideoPlayer( 1417): processOnResume vod_seek_time:741
03-29 15:34:50.068 E/VideoPlayer( 1417): getPlayUrl--resourceCode:10732  playType:1  playTime:7294  delay:0  shifttime:0  shiftend:0  timecode:741  fmt:0  assetName:2  assetId:TWSX1000000000000232  providerId:coshipott  retryTimes:0
03-29 15:34:50.068 V/Test    ( 1417): fmt:0
03-29 15:34:50.068 D/Test    ( 1417): requestUrl  :http://wasu.feifeikan.com:8080/msis/getPlayURL?version=V001&terminalType=3&resolution=1280*720&resourceCode=10732&productCode=null&userCode=null&playType=1&delay=0&shifttime=0&shiftend=0&timecode=0&authKey=c785e501621e7e258be5aae93f5529b6
03-29 15:34:50.308 E/Functions( 1417): getPlayUrl:
03-29 15:34:50.308 V/MediaControler( 1417): paly path:http://vod.feifeikan.com/vod/coshipott,TWSX1000000000000232.m3u8?fmt=x264_0k_mpegts&sora=1&timecode=0&sk=40F9C9D26FDB1979BBFD63C12D1CE7D4&UUID=f7c6f2ae-c3f8-4dc9-8044-9570dd9f4470&userCode=null&userName=null&spCode=484581254562&productCode=1&resourceCode=10732&subId=123&resourceName=&authType=2
03-29 15:34:50.308 E/MediaControler( 1417): initMediaPlayer
03-29 15:34:50.308 V/AudioFlinger(  118): acquiring 103 from 1417
03-29 15:34:50.308 V/AudioFlinger(  118):  added new entry for 103
03-29 15:34:50.308 D/Test    ( 1417): requestUrl  :http://wasu.feifeikan.com:8080/msis/stopPlayNotify?version=V001&terminalType=3&resolution=1280*720&UUID=5f1a75fb-852c-46a3-87c8-ca5740ab38b5&authKey=1ab75c6cf804e61b27453ff8a87659ef
03-29 15:34:50.508 D/MediaControler( 1417): setDataSource
03-29 15:34:50.518 D/MediaControler( 1417): setDisplay
03-29 15:34:50.518 D/MediaControler( 1417): start prepareAsync
03-29 15:34:50.518 D/VideoPlayer( 1417): UUID:f7c6f2ae-c3f8-4dc9-8044-9570dd9f4470
03-29 15:34:50.528 D/Test    ( 1417): requestUrl  :http://wasu.feifeikan.com:8080/msis/startPlayNotify?version=V001&terminalType=3&resolution=1280*720&UUID=f7c6f2ae-c3f8-4dc9-8044-9570dd9f4470&authKey=5069de0ed3be9288c88b12612e8b9461
03-29 15:34:50.528 E/Functions( 1417): stopPlayNotify:
03-29 15:34:50.528 D/MediaControler( 1417): onVideoSizeChanged video width(0) or height(0)
03-29 15:34:50.528 E/MediaControler( 1417): invalid video width(0) or height(0)
03-29 15:34:50.528 V/MediaControler( 1417): onPrepared ok
03-29 15:34:50.528 D/MediaControler( 1417): start play
03-29 15:34:50.528 I/LiveSession(  118): onConnect 'http://vod.feifeikan.com/vod/coshipott,TWSX1000000000000232.m3u8?fmt=x264_0k_mpegts&sora=1&timecode=0&sk=40F9C9D26FDB1979BBFD63C12D1CE7D4&UUID=f7c6f2ae-c3f8-4dc9-8044-9570dd9f4470&userCode=null&userName=null&spCode=484581254562&productCode=1&resourceCode=10732&subId=123&resourceName=&authType=2'
03-29 15:34:50.538 V/ChromiumHTTPDataSource(  118): connect on behalf of uid 10069
03-29 15:34:50.538 I/ChromiumHTTPDataSource(  118): connect to http://vod.feifeikan.com/vod/coshipott,TWSX1000000000000232.m3u8?fmt=x264_0k_mpegts&sora=1&timecode=0&sk=40F9C9D26FDB1979BBFD63C12D1CE7D4&UUID=f7c6f2ae-c3f8-4dc9-8044-9570dd9f4470&userCode=null&userName=null&spCode=484581254562&productCode=1&resourceCode=10732&subId=123&resourceName=&authType=2 @0
03-29 15:34:50.558 V/OtORequestHandler( 1417): receive data from 192.168.1.3
03-29 15:34:50.558 D/OtORequestHandler( 1417): receive data 111111
03-29 15:34:50.558 V/OtORequest_apple( 1417): get command=200
03-29 15:34:50.558 D/OtORequestHandler( 1417): receive data aaaaaaa:null
03-29 15:34:50.558 D/OtORequestHandler( 1417): receive data 2222222
03-29 15:34:50.558 D/OtORequestHandler( 1417): receive data not process because mAdpater is NULL or req is NULL.
03-29 15:34:50.798 V/ChromiumHTTPDataSource(  118): connect on behalf of uid 10069
03-29 15:34:50.798 I/ChromiumHTTPDataSource(  118): connect to http://vod.feifeikan.com/vod/coshipottTWSX1000000000000232_900.m3u8 @0
03-29 15:34:51.289 V/ChromiumHTTPDataSource(  118): connect on behalf of uid 10069
03-29 15:34:51.289 I/ChromiumHTTPDataSource(  118): connect to http://vod.feifeikan.com/vod/coshipottTWSX1000000000000232_900/1.ts @0
03-29 15:34:51.309 D/BatteryService(  384): mAcOnlinefalsemUsbOnline:truemBatteryStatus 5
03-29 15:34:51.309 D/BatteryService(  384): mBatteryLevel100isPowered():trueActivityManagerNative.isSystemReady():true
03-29 15:34:51.309 D/BatteryService(  384): mAcOnlinefalsemUsbOnline:truemBatteryStatus 5
03-29 15:34:51.309 D/BatteryService(  384): mAcOnlinefalsemUsbOnline:truemBatteryStatus 5
03-29 15:34:51.319 D/ActivityManager(  384): mBatteryStatusReceiver, action=android.intent.action.BATTERY_CHANGED
03-29 15:34:51.319 D/ActivityManager(  384): mBatteryStatusReceiver, plugged=2, mBatteryStatusPlugged=2, fakeShutdownMode=false
03-29 15:34:52.020 E/VideoPlayer( 1417): onPlayStart-playType:1
03-29 15:34:52.030 E/VideoPlayer( 1417): onPlayStart video Duration:0
03-29 15:34:52.030 I/Choreographer( 1417): Skipped 90 frames!  The application may be doing too much work on its main thread.
03-29 15:34:52.040 E/Functions( 1417): startPlayNotify:
03-29 15:34:52.570 D/DownloadCompleteReceiver(  627):  WIFI CHANGED_ACTION 
03-29 15:34:52.570 D/DownloadCompleteReceiver(  627):  time:1364542492581
03-29 15:34:52.570 D/DownloadCompleteReceiver(  627):  locktime:0
03-29 15:34:52.570 D/DownloadCompleteReceiver(  627):  mIdupdate:-1
03-29 15:34:52.570 D/DownloadCompleteReceiver(  627):  mMasterclear:false
03-29 15:34:52.570 D/DownloadCompleteReceiver(  627):  mBootcomplete:true
03-29 15:34:53.041 V/MediaControler( 1417): getCurrentPos:0
03-29 15:34:53.041 V/MediaControler( 1417): getDuration:0
03-29 15:34:53.041 V/MediaControler( 1417): getCurrentPos:0
03-29 15:34:53.041 V/MediaControler( 1417): getCurrentPos:0
03-29 15:34:54.032 V/MediaControler( 1417): getCurrentPos:0
03-29 15:34:54.662 V/ChromiumHTTPDataSource(  118): connect on behalf of uid 10069
03-29 15:34:54.662 I/ChromiumHTTPDataSource(  118): connect to http://vod.feifeikan.com/vod/coshipottTWSX1000000000000232_900/2.ts @0
03-29 15:34:54.682 I/avc_utils(  118): found AVC codec config (800 x 480, High-profile level 3.0)
03-29 15:34:54.682 D/stagefright_omx_plugin(  118): makeComponentInstance ( OMX.BRCM.vc4.decoder.avc )
03-29 15:34:54.682 V/component_tracker(  118): [register_component]: Adding decoder (0x41daee30) at 0, w:0 h:0
03-29 15:34:54.682 I/brcm-vd (  118): [video_decoder_create_component_internal]: making a component of type vc.video_decode
03-29 15:34:54.692 D/brcm-vd (  118): [video_decoder_create_component_internal]: created with event
03-29 15:34:54.692 D/stagefright_omx_plugin(  118): video_decoder_create_component ( 0 )
03-29 15:34:54.702 I/BRCM-OMX(  118): [OMX.brcm.audio.aac.decoder]:OMX_BaseComponentSync: SYNC interface
03-29 15:34:54.702 I/BRCM-OMX(  118): [OMX.brcm.audio.aac.decoder]:startCommandHandler: Started commandHandler thread...
03-29 15:34:54.702 I/BRCM-OMX(  118): [OMX.brcm.audio.aac.decoder]:startCodecSyncHandler: Started CodecSyncHandler thread...
03-29 15:34:54.702 D/brcm-vd (  118): [video_decoder__GetParameter]: format [in] = 7, 0, 0
03-29 15:34:54.702 D/brcm-vd (  118): [video_decoder__SetParameter]: format [in] = 7, 0, 0, mmal fmt H264
03-29 15:34:54.702 D/brcm-vd (  118): [video_decoder__GetParameter]: format [out] = 0, 19, 0
03-29 15:34:54.702 D/brcm-vd (  118): video_decoder__SetParameter:1839: mapped color format 13 to mmal I420
03-29 15:34:54.702 D/brcm-vd (  118): [video_decoder__SetParameter]: format [out] = 0, 19, 0, mmal fmt I420
03-29 15:34:54.702 D/brcm-vd (  118): [video_decoder__GetParameter]: port-def [in] = 2048/2048, 5/1, 7, 0, 0x0/0x0
03-29 15:34:54.702 D/brcm-vd (  118): [video_decoder__SetParameter]: port-def [in] = increasing buffer size 2048 -> 384000, for 5 element(s)
03-29 15:34:54.702 D/brcm-vd (  118): [video_decoder__SetParameter]: port-def [in] = 384000/2048, 5/1, [7, 0] (H264), 800x480/0x0
03-29 15:34:54.702 V/component_tracker(  118): [register_component]: Updating decoder (0x41daee30) at 0, was w:0 h:0 now w:800 h:480
03-29 15:34:54.702 D/brcm-vd (  118): [video_decoder__GetParameter]: port-def [out] = 576000/576000, 4/1, 0, 19, 800x480/800x480
03-29 15:34:54.702 D/brcm-vd (  118): video_decoder__SetParameter:1903: mapped color format 13 to mmal I420
03-29 15:34:54.702 I/BRCM-OMX(  118): [OMX.brcm.audio.aac.decoder]:setVendorExtParamHandler: index <OMX_IndexEnableNativeBuffers>, portIdx <1> enable <0>
03-29 15:34:54.702 D/brcm-vd (  118): [video_decoder__SetParameter]: port-def [out] = 576000/576000, 4/1, [0, 19] (I420), 800x480/800x480
03-29 15:34:54.702 V/component_tracker(  118): [register_component]: Updating decoder (0x41daee30) at 0, was w:800 h:480 now w:800 h:480
03-29 15:34:54.702 W/BRCM-OMXAudioPort(  118): [OMX.brcm.audio.aac.decoder]:isPopulated: PORT-0,  Populated state <0>
03-29 15:34:54.702 W/BRCM-OMXAudioPort(  118): [OMX.brcm.audio.aac.decoder]:isPopulated: PORT-0,  Populated state <1>
03-29 15:34:54.702 W/BRCM-OMXAudioPort(  118): [OMX.brcm.audio.aac.decoder]:isPopulated: PORT-1,  Populated state <0>
03-29 15:34:54.712 W/BRCM-OMXAudioPort(  118): [OMX.brcm.audio.aac.decoder]:isPopulated: PORT-1,  Populated state <1>
03-29 15:34:54.712 E/brcm-vd (  118): [video_decoder__SetParameter]: updated mmal decoder output format to OPQV
03-29 15:34:54.712 D/brcm-vd (  118): [video_decoder__SetParameter]: enable-native-window [out] = YES
03-29 15:34:54.712 D/brcm-vd (  118): [video_decoder__GetParameter]: port-def [in] = 384000/2048, 5/1, 7, 0, 800x480/0x480
03-29 15:34:54.712 D/brcm-vd (  118): [video_decoder__UseBuffer]: allocated 0x5cd15d60, 0x650d3000(384000) input port
03-29 15:34:54.712 D/brcm-vd (  118): [video_decoder__UseBuffer]: allocated 0x51361c60, 0x65130c00(384000) input port
03-29 15:34:54.712 D/brcm-vd (  118): [video_decoder__UseBuffer]: allocated 0x51361d90, 0x6518e800(384000) input port
03-29 15:34:54.712 D/brcm-vd (  118): [video_decoder__UseBuffer]: allocated 0x49752cc0, 0x651ec400(384000) input port
03-29 15:34:54.712 D/brcm-vd (  118): [video_decoder__UseBuffer]: allocated 0x49752df0, 0x6524a000(384000) input port
03-29 15:34:54.712 I/BRCM-OMX(  118): [OMX.brcm.audio.aac.decoder]:startBufferHandler: Started BufferHandler thread-0...
03-29 15:34:54.712 I/BRCM-OMX(  118): [OMX.brcm.audio.aac.decoder]:startBufferHandler: Started BufferHandler thread-1...
03-29 15:34:54.712 D/brcm-vd (  118): [video_decoder__GetParameter]: port-def [out] = 64/64, 4/3, 0, 258, 800x480/0x0
03-29 15:34:54.712 D/brcm-vd (  118): [video_decoder__GetParameter]: get-android-native-buf-usage [out] = 0x0
03-29 15:34:54.712 D/brcm-vd (  118): video_decoder__SetParameter:1903: mapped color format 102 to mmal OPQV
03-29 15:34:54.712 D/brcm-vd (  118): [video_decoder__SetParameter]: port-def [out] = 64/64, 5/3, [0, 258] (OPQV), 800x480/0x0
03-29 15:34:54.712 V/component_tracker(  118): [register_component]: Updating decoder (0x41daee30) at 0, was w:800 h:480 now w:800 h:480
03-29 15:34:54.712 W/BRCM-OMX(  118): [OMX.brcm.audio.aac.decoder]:processHeader: dec header consumed only 0 bytes, discarding 2 bytes
03-29 15:34:54.712 I/BRCM-OMX(  118): [OMX.brcm.audio.aac.decoder]:processHeader: sample rate [44100] does not match with codec sample rate [0]
03-29 15:34:54.712 D/brcm-vd (  118): [video_decoder__GetParameter]: port-def [out] = 64/64, 5/3, 0, 258, 800x480/0x480
03-29 15:34:54.712 D/brcm-vd (  118): [video_decoder__UseBuffer]: locating 0 returns 0x80000015, output port
03-29 15:34:54.712 D/brcm-vd (  118): [video_decoder__UseBuffer]: allocated 0x4d2bbc60, 0x63aacd80(576000) output port
03-29 15:34:54.712 I/BRCM-OMX(  118): [OMX.brcm.audio.aac.decoder]:processHeader: channels [2] does not match with codec channels [0]
03-29 15:34:54.712 I/BRCM-OMX(  118): [OMX.brcm.audio.aac.decoder]:processFlush: Process Flush in Base Auio Dec triggers reset on the codec API
03-29 15:34:54.712 D/brcm-vd (  118): [video_decoder__GetParameter]: port-def [out] = 64/64, 5/3, 0, 258, 800x480/0x480
03-29 15:34:54.712 D/brcm-vd (  118): [video_decoder__UseBuffer]: locating 0 returns 0x80000011, output port
03-29 15:34:54.712 D/brcm-vd (  118): [video_decoder__UseBuffer]: allocated 0x53a37e50, 0x4d2bbcd8(576000) output port
03-29 15:34:54.712 E/HEAAC_DEC_API(  118): Error in AACDEC_Parser
03-29 15:34:54.712 D/brcm-vd (  118): [video_decoder__GetParameter]: port-def [out] = 64/64, 5/3, 0, 258, 800x480/0x480
03-29 15:34:54.712 D/brcm-vd (  118): [video_decoder__UseBuffer]: locating 0 returns 0x8000001a, output port
03-29 15:34:54.712 D/brcm-vd (  118): [video_decoder__UseBuffer]: allocated 0x4c21dd10, 0x413f8958(576000) output port
03-29 15:34:54.712 D/brcm-vd (  118): [video_decoder__GetParameter]: port-def [out] = 64/64, 5/3, 0, 258, 800x480/0x480
03-29 15:34:54.712 D/brcm-vd (  118): [video_decoder__UseBuffer]: locating 0 returns 0x8000001c, output port
03-29 15:34:54.712 D/brcm-vd (  118): [video_decoder__UseBuffer]: allocated 0x413f4c60, 0x413de388(576000) output port
03-29 15:34:54.712 D/AudioPolicyManagerALSA(  118): mFmRadioStatus=0,mFmRadioSinkDev=4,device2=0
03-29 15:34:54.722 V/AudioPolicyManagerBase(  118): getOutput() stream 3, samplingRate 0, format 0, channelMask 3, flags 0
03-29 15:34:54.722 V/AudioPolicyManagerBase(  118): getOutput() returns output 2
03-29 15:34:54.722 D/brcm-vd (  118): [video_decoder__GetParameter]: port-def [out] = 64/64, 5/3, 0, 258, 800x480/0x480
03-29 15:34:54.722 D/brcm-vd (  118): [video_decoder__UseBuffer]: locating 0 returns 0x8000000e, output port
03-29 15:34:54.722 D/brcm-vd (  118): [video_decoder__UseBuffer]: allocated 0x57e4dda0, 0x413f4de0(576000) output port
03-29 15:34:54.722 D/AudioPolicyManagerALSA(  118): mFmRadioStatus=0,mFmRadioSinkDev=4,device2=0
03-29 15:34:54.722 V/AudioPolicyManagerBase(  118): getOutput() stream 3, samplingRate 0, format 0, channelMask 3, flags 0
03-29 15:34:54.722 V/AudioPolicyManagerBase(  118): getOutput() returns output 2
03-29 15:34:54.722 D/AudioPolicyManagerALSA(  118): mFmRadioStatus=0,mFmRadioSinkDev=4,device2=0
03-29 15:34:54.722 V/AudioPolicyManagerBase(  118): getOutput() stream 3, samplingRate 44100, format 1, channelMask 3, flags 0
03-29 15:34:54.722 D/brcm-vd (  118): [video_decoder__enable_ports]: enable MMAL ports
03-29 15:34:54.722 V/AudioPolicyManagerBase(  118): getOutput() returns output 2
03-29 15:34:54.722 V/AudioFlinger(  118): createTrack() sessionId: 103
03-29 15:34:54.722 V/AudioFlinger(  118): createTrack() lSessionId: 103
03-29 15:34:54.722 V/AudioFlinger(  118): Track constructor name 4100, calling pid 118
03-29 15:34:54.722 V/AudioFlinger(  118): acquiring 103 from 118
03-29 15:34:54.722 V/AudioFlinger(  118):  added new entry for 103
03-29 15:34:54.722 D/AudioPolicyManagerALSA(  118): mFmRadioStatus=0,mFmRadioSinkDev=4,device2=0
03-29 15:34:54.722 V/AudioPolicyManagerBase(  118): getOutput() stream 3, samplingRate 0, format 0, channelMask 3, flags 0
03-29 15:34:54.722 V/AudioPolicyManagerBase(  118): getOutput() returns output 2
03-29 15:34:54.722 V/AudioFlinger(  118): start(4100), calling pid 118 session 103
03-29 15:34:54.722 V/AudioFlinger(  118): ? => ACTIVE (4100) on thread 0x412b8c48
03-29 15:34:54.722 V/AudioPolicyManagerBase(  118): startOutput() output 2, stream 3, session 103
03-29 15:34:54.722 V/AudioPolicyManagerBase(  118): changeRefCount() stream 3, count 1
03-29 15:34:54.722 D/AudioPolicyManagerALSA(  118): mFmRadioStatus=0,mFmRadioSinkDev=4,device2=0
03-29 15:34:54.722 V/AudioPolicyManagerBase(  118): setOutputDevice() output 2 device 0002 delayMs 0
03-29 15:34:54.722 V/AudioPolicyManagerBase(  118): setOutputDevice() prevDevice 0002
03-29 15:34:54.722 D/AudioPolicyManagerALSA(  118): mFmRadioStatus=0,mFmRadioSinkDev=4,device2=0
03-29 15:34:54.722 D/AudioPolicyManagerALSA(  118): mFmRadioStatus=0,mFmRadioSinkDev=4,device2=0
03-29 15:34:54.722 D/AudioPolicyManagerALSA(  118): mFmRadioStatus=0,mFmRadioSinkDev=4,device2=0
03-29 15:34:54.722 D/AudioPolicyManagerALSA(  118): mFmRadioStatus=0,mFmRadioSinkDev=4,device2=0
03-29 15:34:54.722 D/AudioPolicyManagerALSA(  118): mFmRadioStatus=0,mFmRadioSinkDev=4,device2=0
03-29 15:34:54.722 V/AudioPolicyManagerBase(  118): setOutputDevice() setting same device 0002 or null device for output 2
03-29 15:34:54.722 V/AudioPolicyManagerALSA(  118): getDeviceForStrategy() from cache strategy 3, device 2
03-29 15:34:54.722 D/AudioPolicyManagerALSA(  118): mFmRadioStatus=0,mFmRadioSinkDev=4,device2=0
03-29 15:34:54.722 D/AudioPolicyManagerALSA(  118): mFmRadioStatus=0,mFmRadioSinkDev=4,device2=0
03-29 15:34:54.722 D/AudioPolicyManagerALSA(  118): mFmRadioStatus=0,mFmRadioSinkDev=4,device2=0
03-29 15:34:54.722 D/AudioPolicyManagerALSA(  118): mFmRadioStatus=0,mFmRadioSinkDev=4,device2=0
03-29 15:34:54.722 D/AudioPolicyManagerALSA(  118): mFmRadioStatus=0,mFmRadioSinkDev=4,device2=0
03-29 15:34:54.722 D/AudioPolicyManagerALSA(  118): mFmRadioStatus=0,mFmRadioSinkDev=4,device2=0
03-29 15:34:54.722 V/AudioFlinger(  118): mWaitWorkCV.broadcast
03-29 15:34:54.722 V/AudioFlinger(  118): thread 0x41227008 type 0 TID 230 waking up
03-29 15:34:54.722 V/AudioFlinger(  118): acquireWakeLock_l() AudioOut_2 status 0
03-29 15:34:54.722 D/brcm-vd (  118): [video_decoder__check_complete]: state changing completed
03-29 15:34:54.722 D/brcm-vd (  118): [video_decoder__openmax_main]: state changed ( 0, 3 )
03-29 15:34:54.742 I/brcm-vd (  118): [video_decoder__return_buffer]: received event EFCH on port 3,0
03-29 15:34:54.742 I/brcm-vd (  118): new aspect ratio 16x15
03-29 15:34:54.742 D/brcm-vd (  118): [video_decoder__GetParameter]: port-def [out] = 64/64, 5/3, 0, 258, 800x480/0x480
03-29 15:34:54.742 D/brcm-vd (  118): [video_decoder__GetConfig]: crop [out] = (0, 0) (800x480)
03-29 15:34:54.742 D/MediaControler( 1417): onVideoSizeChanged video width(800) or height(480)
03-29 15:34:54.742 I/VideoPlayer( 1417): HWRate1:1.6666666--HWRate2:1.7777778
03-29 15:34:54.742 I/VideoPlayer( 1417): rate22:1.6666666
03-29 15:34:54.742 D/VideoPlayer( 1417): screenWidth:1280--screenHeight:720
03-29 15:34:54.742 D/VideoPlayer( 1417): videoWidth:800--videoHeight:480
03-29 15:34:54.742 D/VideoPlayer( 1417): surfcaeWidth:1200-surfaceHeight:720
03-29 15:34:54.742 D/AudioHardwareALSA(  118): Prepare success result=0
03-29 15:34:55.033 V/MediaControler( 1417): getCurrentPos:80
03-29 15:34:55.033 V/MediaControler( 1417): getDuration:7677000
03-29 15:34:55.043 I/MediaControler( 1417): seek:741000
03-29 15:34:55.043 V/MediaControler( 1417): getCurrentPos:741000
03-29 15:34:55.193 V/AudioFlinger(  118): getNextBuffer() no more data for track 4100 on thread 0x41227008
03-29 15:34:55.703 V/AudioFlinger(  118): BUFFER TIMEOUT: remove(4100) from active list on thread 0x41227008
03-29 15:34:56.033 V/MediaControler( 1417): getCurrentPos:741000
03-29 15:34:56.324 D/BatteryService(  384): mAcOnlinefalsemUsbOnline:truemBatteryStatus 5
03-29 15:34:56.324 D/BatteryService(  384): mBatteryLevel100isPowered():trueActivityManagerNative.isSystemReady():true
03-29 15:34:56.554 D/DownloadCompleteReceiver(  627):  TYPE_WIFI info.isConnected():true
03-29 15:34:56.554 D/DownloadCompleteReceiver(  627): isConnecting():true
03-29 15:34:56.564 D/DownloadCompleteReceiver(  627):  TYPE_WIFI info.isConnected():true
03-29 15:34:56.564 D/DownloadCompleteReceiver(  627): ********* downloadURL:
03-29 15:34:56.564 D/DownloadCompleteReceiver(  627):  getTotalInternalSize:14135926784
03-29 15:34:56.564 D/DownloadCompleteReceiver(  627): DOWNLOAD_VERSION_FILE_URL:http://update.feifeikan.com/Fphone/version_new.txt
03-29 15:34:56.664 D/DownloadCompleteReceiver(  627): updateEx mServerVerstion:V225R001C01B071
03-29 15:34:56.664 D/DownloadCompleteReceiver(  627):  local:072
03-29 15:34:56.664 D/DownloadCompleteReceiver(  627):  server:071
03-29 15:34:57.034 V/MediaControler( 1417): getCurrentPos:741000
03-29 15:34:57.175 D/NetworkPolicy(  384): setNetworkTemplateEnabled(): match rule = 1
03-29 15:34:57.175 D/MobileDataStateTracker(  384): default: setPolicyDataEnable(enabled=true)
03-29 15:34:58.035 V/MediaControler( 1417): getCurrentPos:741000
03-29 15:34:58.196 V/AudioFlinger(  118): Audio hardware entering standby, mixer 0x41227008, suspend count 0
03-29 15:34:58.246 I/AudioHardwareALSA(  118): dump.audio.pcm = OFF
03-29 15:34:58.246 V/AudioHardwareALSA(  118): Data Dump is disabled
03-29 15:34:58.246 V/AudioFlinger(  118): releaseWakeLock_l() AudioOut_2
03-29 15:34:58.246 V/AudioFlinger(  118): thread 0x41227008 type 0 TID 230 going to sleep
03-29 15:34:58.896 I/LiveSession(  118): seeking to seq no 209
03-29 15:34:58.896 V/ChromiumHTTPDataSource(  118): connect on behalf of uid 10069
03-29 15:34:58.896 W/AudioTrack(  118): releaseBuffer() track 0x57e4de08 name=0x4 disabled, restarting
03-29 15:34:58.896 E/VideoPlayer( 1417): onSeekComplete
03-29 15:34:58.896 V/AudioFlinger(  118): start(4100), calling pid 118 session 103
03-29 15:34:58.896 V/AudioFlinger(  118): ? => ACTIVE (4100) on thread 0x412b8c48
03-29 15:34:58.896 V/AudioFlinger(  118): mWaitWorkCV.broadcast
03-29 15:34:58.896 V/AudioFlinger(  118): thread 0x41227008 type 0 TID 230 waking up
03-29 15:34:58.896 I/ChromiumHTTPDataSource(  118): connect to http://vod.feifeikan.com/vod/coshipottTWSX1000000000000232_900/210.ts @0
03-29 15:34:58.896 V/AudioFlinger(  118): acquireWakeLock_l() AudioOut_2 status 0
03-29 15:34:58.906 D/AudioHardwareALSA(  118): Prepare success result=0
03-29 15:34:59.036 V/MediaControler( 1417): getCurrentPos:440
03-29 15:34:59.116 V/AudioFlinger(  118): getNextBuffer() no more data for track 4100 on thread 0x41227008
03-29 15:34:59.577 D/DownloadCompleteReceiver(  627):  TYPE_WIFI info.isConnected():true
03-29 15:34:59.577 D/DownloadCompleteReceiver(  627): isConnecting():true
03-29 15:34:59.587 D/DownloadCompleteReceiver(  627):  TYPE_WIFI info.isConnected():true
03-29 15:34:59.587 D/DownloadCompleteReceiver(  627): ********* downloadURL:
03-29 15:34:59.587 D/DownloadCompleteReceiver(  627):  getTotalInternalSize:14135926784
03-29 15:34:59.587 D/DownloadCompleteReceiver(  627): DOWNLOAD_VERSION_FILE_URL:http://update.feifeikan.com/Fphone/version_new.txt
03-29 15:34:59.637 V/AudioFlinger(  118): BUFFER TIMEOUT: remove(4100) from active list on thread 0x41227008
03-29 15:34:59.667 D/DownloadCompleteReceiver(  627): updateEx mServerVerstion:V225R001C01B071
03-29 15:34:59.667 D/DownloadCompleteReceiver(  627):  local:072
03-29 15:34:59.667 D/DownloadCompleteReceiver(  627):  server:071
03-29 15:35:00.037 V/MediaControler( 1417): getCurrentPos:1400
03-29 15:35:01.038 V/MediaControler( 1417): getCurrentPos:2360
03-29 15:35:01.148 I/LiveSession(  118): queueing discontinuity (seek=1, explicit=0, bandwidthChanged=1)
03-29 15:35:01.148 V/ChromiumHTTPDataSource(  118): connect on behalf of uid 10069
03-29 15:35:01.148 I/ChromiumHTTPDataSource(  118): connect to http://vod.feifeikan.com/vod/coshipottTWSX1000000000000232_900/211.ts @0
03-29 15:35:01.158 I/NuPlayer(  118): video discontinuity (formatChange=1, time=1)
03-29 15:35:01.158 D/brcm-vd (  118): [video_decoder__openmax_main]: flushing input(1)/output(1) port for 0x41349260
03-29 15:35:01.158 D/brcm-vd (  118): [video_decoder__check_complete]: flush input port completed
03-29 15:35:01.158 D/brcm-vd (  118): [video_decoder__check_complete]: flush output port completed
03-29 15:35:01.158 I/NuPlayer(  118): audio discontinuity (formatChange=1, time=1)
03-29 15:35:01.158 I/BRCM-OMX(  118): [OMX.brcm.audio.aac.decoder]:processFlush: Process Flush in Base Auio Dec triggers reset on the codec API
03-29 15:35:01.158 I/BRCM-OMX(  118): [OMX.brcm.audio.aac.decoder]:processFlush: Process Flush in Base Auio Dec triggers reset on the codec API
03-29 15:35:01.168 I/BRCM-OMX(  118): [OMX.brcm.audio.aac.decoder]:processFlush: Process Flush in Base Auio Dec triggers reset on the codec API
03-29 15:35:01.168 I/BRCM-OMX(  118): [OMX.brcm.audio.aac.decoder]:processFlush: Process Flush in Base Auio Dec triggers reset on the codec API
03-29 15:35:01.168 I/BRCM-OMX(  118): [OMX.brcm.audio.aac.decoder]:bufferHandler: PORT-0: BufferHandler thread exiting....
03-29 15:35:01.168 I/BRCM-OMX(  118): [OMX.brcm.audio.aac.decoder]:bufferHandler: PORT-1: BufferHandler thread exiting....
03-29 15:35:01.168 W/BRCM-OMXAudioPort(  118): [OMX.brcm.audio.aac.decoder]:isPopulated: PORT-0,  Populated state <0>
03-29 15:35:01.168 D/brcm-vd (  118): [video_decoder__check_complete]: state changing completed
03-29 15:35:01.168 D/brcm-vd (  118): [video_decoder__FreeBuffer]: deallocated 0x49752df0 (6524a000)
03-29 15:35:01.168 D/brcm-vd (  118): [video_decoder__FreeBuffer]: deallocated 0x49752cc0 (651ec400)
03-29 15:35:01.168 W/BRCM-OMXAudioPort(  118): [OMX.brcm.audio.aac.decoder]:isPopulated: PORT-1,  Populated state <0>
03-29 15:35:01.168 D/brcm-vd (  118): [video_decoder__FreeBuffer]: deallocated 0x51361d90 (6518e800)
03-29 15:35:01.168 D/brcm-vd (  118): [video_decoder__FreeBuffer]: deallocated 0x51361c60 (65130c00)
03-29 15:35:01.168 I/BRCM-OMX(  118): ([OMX.brcm.audio.aac.decoder]:codecSyncHandler: codecSyncHandler thread exiting....
03-29 15:35:01.168 D/brcm-vd (  118): [video_decoder__FreeBuffer]: deallocated 0x5cd15d60 (650d3000)
03-29 15:35:01.178 I/BRCM-OMX(  118): [OMX.brcm.audio.aac.decoder]:commandHandler: CommandHandler thread exiting....
03-29 15:35:01.178 D/brcm-vd (  118): [video_decoder__openmax_main]: OMX_CommandStateSet - loaded, ready to set/get
03-29 15:35:01.178 D/brcm-vd (  118): [video_decoder__openmax_main]: state changed ( 0, 1 )
03-29 15:35:01.178 D/brcm-vd (  118): [video_decoder__FreeBuffer]: deallocated 0x57e4dda0 (8000000e)
03-29 15:35:01.178 D/brcm-vd (  118): [video_decoder__FreeBuffer]: deallocated 0x413f4c60 (8000001c)
03-29 15:35:01.178 D/brcm-vd (  118): [video_decoder__FreeBuffer]: deallocated 0x4c21dd10 (8000001a)
03-29 15:35:01.178 D/brcm-vd (  118): [video_decoder__FreeBuffer]: deallocated 0x53a37e50 (80000011)
03-29 15:35:01.178 D/brcm-vd (  118): [video_decoder__FreeBuffer]: deallocated 0x4d2bbc60 (80000015)
03-29 15:35:01.178 V/component_tracker(  118): [unregister_component]: Removing decoder (0x41daee30) at slot 0
03-29 15:35:01.178 V/component_tracker(  118): [unregister_component]: Clearing decoder at slot 0
03-29 15:35:01.178 D/brcm-vd (  118): [video_decoder__openmax_main]: thread exiting
03-29 15:35:01.189 I/avc_utils(  118): found AVC codec config (800 x 480, High-profile level 3.0)
03-29 15:35:01.209 I/BRCM-OMX(  118): [OMX.brcm.audio.aac.decoder]:OMX_BaseComponentSync: SYNC interface
03-29 15:35:01.209 I/BRCM-OMX(  118): [OMX.brcm.audio.aac.decoder]:startCommandHandler: Started commandHandler thread...
03-29 15:35:01.209 I/BRCM-OMX(  118): [OMX.brcm.audio.aac.decoder]:startCodecSyncHandler: Started CodecSyncHandler thread...
03-29 15:35:01.209 I/BRCM-OMX(  118): [OMX.brcm.audio.aac.decoder]:setVendorExtParamHandler: index <OMX_IndexEnableNativeBuffers>, portIdx <1> enable <0>
03-29 15:35:01.209 W/BRCM-OMXAudioPort(  118): [OMX.brcm.audio.aac.decoder]:isPopulated: PORT-0,  Populated state <1>
03-29 15:35:01.209 D/stagefright_omx_plugin(  118): makeComponentInstance ( OMX.BRCM.vc4.decoder.avc )
03-29 15:35:01.209 W/BRCM-OMXAudioPort(  118): [OMX.brcm.audio.aac.decoder]:isPopulated: PORT-1,  Populated state <1>
03-29 15:35:01.209 V/component_tracker(  118): [register_component]: Adding decoder (0x4261add0) at 0, w:0 h:0
03-29 15:35:01.209 I/brcm-vd (  118): [video_decoder_create_component_internal]: making a component of type vc.video_decode
03-29 15:35:01.209 I/BRCM-OMX(  118): [OMX.brcm.audio.aac.decoder]:startBufferHandler: Started BufferHandler thread-0...
03-29 15:35:01.209 I/BRCM-OMX(  118): [OMX.brcm.audio.aac.decoder]:startBufferHandler: Started BufferHandler thread-1...
03-29 15:35:01.209 D/brcm-vd (  118): [video_decoder_create_component_internal]: created with event
03-29 15:35:01.209 D/stagefright_omx_plugin(  118): video_decoder_create_component ( 0 )
03-29 15:35:01.209 D/brcm-vd (  118): [video_decoder__GetParameter]: format [in] = 7, 0, 0
03-29 15:35:01.209 D/brcm-vd (  118): [video_decoder__SetParameter]: format [in] = 7, 0, 0, mmal fmt H264
03-29 15:35:01.209 D/brcm-vd (  118): [video_decoder__GetParameter]: format [out] = 0, 19, 0
03-29 15:35:01.209 D/brcm-vd (  118): video_decoder__SetParameter:1839: mapped color format 13 to mmal I420
03-29 15:35:01.209 D/brcm-vd (  118): [video_decoder__SetParameter]: format [out] = 0, 19, 0, mmal fmt I420
03-29 15:35:01.209 D/brcm-vd (  118): [video_decoder__GetParameter]: port-def [in] = 2048/2048, 5/1, 7, 0, 0x0/0x0
03-29 15:35:01.209 D/brcm-vd (  118): [video_decoder__SetParameter]: port-def [in] = increasing buffer size 2048 -> 384000, for 5 element(s)
03-29 15:35:01.209 D/brcm-vd (  118): [video_decoder__SetParameter]: port-def [in] = 384000/2048, 5/1, [7, 0] (H264), 800x480/0x0
03-29 15:35:01.209 V/component_tracker(  118): [register_component]: Updating decoder (0x4261add0) at 0, was w:0 h:0 now w:800 h:480
03-29 15:35:01.209 W/BRCM-OMX(  118): [OMX.brcm.audio.aac.decoder]:processHeader: dec header consumed only 0 bytes, discarding 2 bytes
03-29 15:35:01.209 I/BRCM-OMX(  118): [OMX.brcm.audio.aac.decoder]:processHeader: sample rate [44100] does not match with codec sample rate [0]
03-29 15:35:01.209 I/BRCM-OMX(  118): [OMX.brcm.audio.aac.decoder]:processHeader: channels [2] does not match with codec channels [0]
03-29 15:35:01.209 D/brcm-vd (  118): [video_decoder__GetParameter]: port-def [out] = 576000/576000, 4/1, 0, 19, 800x480/800x480
03-29 15:35:01.209 D/brcm-vd (  118): video_decoder__SetParameter:1903: mapped color format 13 to mmal I420
03-29 15:35:01.209 D/brcm-vd (  118): [video_decoder__SetParameter]: port-def [out] = 576000/576000, 4/1, [0, 19] (I420), 800x480/800x480
03-29 15:35:01.209 V/component_tracker(  118): [register_component]: Updating decoder (0x4261add0) at 0, was w:800 h:480 now w:800 h:480
03-29 15:35:01.209 I/BRCM-OMX(  118): [OMX.brcm.audio.aac.decoder]:processFlush: Process Flush in Base Auio Dec triggers reset on the codec API
03-29 15:35:01.209 E/brcm-vd (  118): [video_decoder__SetParameter]: updated mmal decoder output format to OPQV
03-29 15:35:01.209 D/brcm-vd (  118): [video_decoder__SetParameter]: enable-native-window [out] = YES
03-29 15:35:01.209 D/brcm-vd (  118): [video_decoder__GetParameter]: port-def [in] = 384000/2048, 5/1, 7, 0, 800x480/0x480
03-29 15:35:01.209 D/brcm-vd (  118): [video_decoder__UseBuffer]: allocated 0x59081df0, 0x654b5000(384000) input port
03-29 15:35:01.209 D/brcm-vd (  118): [video_decoder__UseBuffer]: allocated 0x416c5d90, 0x65512c00(384000) input port
03-29 15:35:01.209 D/brcm-vd (  118): [video_decoder__UseBuffer]: allocated 0x449b7f30, 0x65570800(384000) input port
03-29 15:35:01.209 D/brcm-vd (  118): [video_decoder__UseBuffer]: allocated 0x469e9e20, 0x655ce400(384000) input port
03-29 15:35:01.209 D/brcm-vd (  118): [video_decoder__UseBuffer]: allocated 0x52ee4e20, 0x6562c000(384000) input port
03-29 15:35:01.219 D/brcm-vd (  118): [video_decoder__GetParameter]: port-def [out] = 64/64, 4/3, 0, 258, 800x480/0x0
03-29 15:35:01.219 D/brcm-vd (  118): [video_decoder__GetParameter]: get-android-native-buf-usage [out] = 0x0
03-29 15:35:01.219 D/brcm-vd (  118): video_decoder__SetParameter:1903: mapped color format 102 to mmal OPQV
03-29 15:35:01.219 D/brcm-vd (  118): [video_decoder__SetParameter]: port-def [out] = 64/64, 5/3, [0, 258] (OPQV), 800x480/0x0
03-29 15:35:01.219 V/component_tracker(  118): [register_component]: Updating decoder (0x4261add0) at 0, was w:800 h:480 now w:800 h:480
03-29 15:35:01.219 E/HEAAC_DEC_API(  118): Error in AACDEC_Parser
03-29 15:35:01.219 D/brcm-vd (  118): [video_decoder__GetParameter]: port-def [out] = 64/64, 5/3, 0, 258, 800x480/0x480
03-29 15:35:01.219 D/brcm-vd (  118): [video_decoder__UseBuffer]: locating 0 returns 0x8000000e, output port
03-29 15:35:01.219 D/brcm-vd (  118): [video_decoder__UseBuffer]: allocated 0x4d2bbcf0, 0x413f8958(576000) output port
03-29 15:35:01.219 D/brcm-vd (  118): [video_decoder__GetParameter]: port-def [out] = 64/64, 5/3, 0, 258, 800x480/0x480
03-29 15:35:01.219 D/brcm-vd (  118): [video_decoder__UseBuffer]: locating 0 returns 0x8000001c, output port
03-29 15:35:01.219 D/brcm-vd (  118): [video_decoder__UseBuffer]: allocated 0x63aacd10, 0x5e238d08(576000) output port
03-29 15:35:01.219 V/AudioFlinger(  118): stop(4100), calling pid 118
03-29 15:35:01.219 V/AudioFlinger(  118): TrackBase::reset
