03-30 14:13:21.584 I/ActivityManager(  384): Config changed: {1.0 460mcc0mnc zh_CN sw360dp w360dp h620dp nrml long port finger -keyb/v/h -nav/h s.33}
03-30 14:13:21.594 D/PhoneApp(  572): updateProximitySensorMode: state = IDLE
03-30 14:13:21.594 D/InCallScreen(  572): getUpdatedInCallControlState()...
03-30 14:13:21.594 D/InCallScreen(  572): isBluetoothAvailable()...
03-30 14:13:21.594 D/InCallScreen(  572):   ==> false
03-30 14:13:21.594 D/InCallScreen(  572): [okToDialDTMFTones] foreground state: IDLE, ringing state: false, call screen mode: UNDEFINED, result: false
03-30 14:13:21.594 D/InCallControlState(  572): InCallControlState:
03-30 14:13:21.594 D/InCallControlState(  572):   manageConferenceVisible: false
03-30 14:13:21.594 D/InCallControlState(  572):   manageConferenceEnabled: false
03-30 14:13:21.594 D/InCallControlState(  572):   canAddCall: true
03-30 14:13:21.594 D/InCallControlState(  572):   canEndCall: false
03-30 14:13:21.604 D/InCallControlState(  572):   canSwap: false
03-30 14:13:21.604 D/InCallControlState(  572):   canMerge: false
03-30 14:13:21.604 D/InCallControlState(  572):   bluetoothEnabled: false
03-30 14:13:21.604 D/InCallControlState(  572):   bluetoothIndicatorOn: false
03-30 14:13:21.604 D/InCallControlState(  572):   speakerEnabled: false
03-30 14:13:21.604 D/InCallControlState(  572):   speakerOn: false
03-30 14:13:21.604 D/InCallControlState(  572):   canMute: false
03-30 14:13:21.604 D/InCallControlState(  572):   muteIndicatorOn: false
03-30 14:13:21.604 D/InCallControlState(  572):   dialpadEnabled: false
03-30 14:13:21.604 D/InCallControlState(  572):   dialpadVisible: false
03-30 14:13:21.604 D/InCallControlState(  572):   onHold: false
03-30 14:13:21.604 D/InCallControlState(  572):   canHold: false
03-30 14:13:21.604 D/InCallControlState(  572):   canCallRecord: false
03-30 14:13:21.604 D/PhoneApp(  572): updateProximitySensorMode: lock already released.
03-30 14:13:21.604 D/KeyguardViewMediator(  384): setHidden false
03-30 14:13:21.624 D/KeyguardViewMediator(  384): setHidden false
03-30 14:13:21.624 D/KeyguardViewMediator(  384): setHidden false
03-30 14:13:21.624 D/KeyguardViewMediator(  384): setHidden false
03-30 14:13:21.634 I/MainTabHostActivity( 2872): SCREEN_HEIGHT------1280    SCREEN_WIDTH-----720
03-30 14:13:21.634 D/KeyguardViewMediator(  384): setHidden false
03-30 14:13:21.634 D/KeyguardViewMediator(  384): setHidden false
03-30 14:13:21.644 D/KeyguardViewMediator(  384): setHidden false
03-30 14:13:21.644 D/MediaControler( 2872): surfaceDestroyed
03-30 14:13:21.644 D/KeyguardViewMediator(  384): setHidden false
03-30 14:13:21.644 D/KeyguardViewMediator(  384): setHidden false
03-30 14:13:21.644 D/KeyguardViewMediator(  384): setHidden false
03-30 14:13:21.654 W/khrn_client( 2872): init_window num_buffers 3 min undequeued buffers 1 type 1
03-30 14:13:21.654 W/khrn_client( 2872): init_window window 0x5b226028, 720x1280 hintTransform 0x0
03-30 14:13:21.654 D/KeyguardViewMediator(  384): setHidden false
03-30 14:13:21.664 D/PinyinIME(  535): PinyinIME--->onFinishInput.
03-30 14:13:21.664 D/KeyguardViewMediator(  384): setHidden false
03-30 14:13:21.674 D/SizeAdaptiveLayout(  465): com.android.internal.widget.SizeAdaptiveLayout@426e3e38child view android.widget.FrameLayout@426ec3c8 measured out of bounds at 130px clamped to 128px
03-30 14:13:21.674 D/SizeAdaptiveLayout(  465): com.android.internal.widget.SizeAdaptiveLayout@426e3e38child view android.widget.FrameLayout@426ec3c8 measured out of bounds at 130px clamped to 128px
03-30 14:13:21.674 D/SizeAdaptiveLayout(  465): com.android.internal.widget.SizeAdaptiveLayout@427926a0child view android.widget.FrameLayout@427947d0 measured out of bounds at 130px clamped to 128px
03-30 14:13:21.674 D/SizeAdaptiveLayout(  465): com.android.internal.widget.SizeAdaptiveLayout@427926a0child view android.widget.FrameLayout@427947d0 measured out of bounds at 130px clamped to 128px
03-30 14:13:21.674 D/SizeAdaptiveLayout(  465): com.android.internal.widget.SizeAdaptiveLayout@42538d80child view android.widget.FrameLayout@42688330 measured out of bounds at 130px clamped to 128px
03-30 14:13:21.674 D/SizeAdaptiveLayout(  465): com.android.internal.widget.SizeAdaptiveLayout@42538d80child view android.widget.FrameLayout@42688330 measured out of bounds at 130px clamped to 128px
03-30 14:13:21.674 D/SizeAdaptiveLayout(  465): com.android.internal.widget.SizeAdaptiveLayout@425c0fb0child view android.widget.FrameLayout@42754c08 measured out of bounds at 130px clamped to 128px
03-30 14:13:21.674 D/SizeAdaptiveLayout(  465): com.android.internal.widget.SizeAdaptiveLayout@425c0fb0child view android.widget.FrameLayout@42754c08 measured out of bounds at 130px clamped to 128px
03-30 14:13:21.684 D/KeyguardViewMediator(  384): setHidden false
03-30 14:13:21.684 D/KeyguardViewMediator(  384): setHidden false
03-30 14:13:21.684 W/khrn_client(  465): init_window num_buffers 3 min undequeued buffers 1 type 1
03-30 14:13:21.684 W/khrn_client(  465): init_window window 0x5ade86d8, 720x40 hintTransform 0x0
03-30 14:13:21.684 D/KeyguardViewMediator(  384): setHidden false
03-30 14:13:21.684 D/VideoPlayer( 2872): onDestroy
03-30 14:13:21.694 D/MediaControler( 2872): stop
03-30 14:13:21.694 D/dalvikvm( 2872): WAIT_FOR_CONCURRENT_GC blocked 0ms
03-30 14:13:21.734 D/dalvikvm( 2872): GC_EXPLICIT freed 470K, 21% free 23556K/29763K, paused 3ms+6ms, total 47ms
03-30 14:13:21.774 D/KeyguardViewMediator(  384): setHidden false
03-30 14:13:21.784 D/KeyguardViewMediator(  384): setHidden false
03-30 14:13:21.794 V/PhoneStatusBar(  465): setLightsOn(true)
03-30 14:13:21.794 D/KeyguardViewMediator(  384): setHidden false
03-30 14:13:21.804 E/Functions( 2872): stopPlayNotify:
03-30 14:13:22.075 D/KeyguardViewMediator(  384): setHidden false
03-30 14:13:22.205 D/KeyguardViewMediator(  384): setHidden false
03-30 14:13:22.215 D/KeyguardViewMediator(  384): setHidden false
03-30 14:13:23.216 I/ActivityManager(  384): START {cmp=com.aidufei.ott.activity/com.unitend.udrm.player.VideoPlayer (has extras) u=0} from pid 2872
03-30 14:13:23.256 I/InputReader(  384): Reconfiguring input devices.  changes=0x00000004
03-30 14:13:23.256 I/InputReader(  384): Device reconfigured: id=1, name='Goodix-TS', surface size is now 720x1280, mode is 1
03-30 14:13:23.266 I/ActivityManager(  384): Config changed: {1.0 460mcc0mnc zh_CN sw360dp w640dp h340dp nrml long land finger -keyb/v/h -nav/h s.34}
03-30 14:13:23.276 D/PhoneApp(  572): updateProximitySensorMode: state = IDLE
03-30 14:13:23.276 D/InCallScreen(  572): getUpdatedInCallControlState()...
03-30 14:13:23.276 D/InCallScreen(  572): isBluetoothAvailable()...
03-30 14:13:23.276 D/InCallScreen(  572):   ==> false
03-30 14:13:23.286 D/KeyguardViewMediator(  384): setHidden false
03-30 14:13:23.286 D/InCallScreen(  572): [okToDialDTMFTones] foreground state: IDLE, ringing state: false, call screen mode: UNDEFINED, result: false
03-30 14:13:23.286 D/InCallControlState(  572): InCallControlState:
03-30 14:13:23.286 D/InCallControlState(  572):   manageConferenceVisible: false
03-30 14:13:23.286 D/InCallControlState(  572):   manageConferenceEnabled: false
03-30 14:13:23.286 D/InCallControlState(  572):   canAddCall: true
03-30 14:13:23.286 D/InCallControlState(  572):   canEndCall: false
03-30 14:13:23.286 D/InCallControlState(  572):   canSwap: false
03-30 14:13:23.286 D/InCallControlState(  572):   canMerge: false
03-30 14:13:23.286 D/InCallControlState(  572):   bluetoothEnabled: false
03-30 14:13:23.286 D/InCallControlState(  572):   bluetoothIndicatorOn: false
03-30 14:13:23.286 D/InCallControlState(  572):   speakerEnabled: false
03-30 14:13:23.286 D/InCallControlState(  572):   speakerOn: false
03-30 14:13:23.286 D/InCallControlState(  572):   canMute: false
03-30 14:13:23.286 D/InCallControlState(  572):   muteIndicatorOn: false
03-30 14:13:23.286 D/InCallControlState(  572):   dialpadEnabled: false
03-30 14:13:23.286 D/InCallControlState(  572):   dialpadVisible: false
03-30 14:13:23.286 D/InCallControlState(  572):   onHold: false
03-30 14:13:23.286 D/InCallControlState(  572):   canHold: false
03-30 14:13:23.286 D/InCallControlState(  572):   canCallRecord: false
03-30 14:13:23.286 D/PhoneApp(  572): updateProximitySensorMode: lock already released.
03-30 14:13:23.306 D/KeyguardViewMediator(  384): setHidden false
03-30 14:13:23.306 D/KeyguardViewMediator(  384): setHidden false
03-30 14:13:23.316 D/KeyguardViewMediator(  384): setHidden false
03-30 14:13:23.316 I/VideoPlayer( 2872): onCreate
03-30 14:13:23.326 D/KeyguardViewMediator(  384): setHidden false
03-30 14:13:23.326 D/KeyguardViewMediator(  384): setHidden false
03-30 14:13:23.326 D/SizeAdaptiveLayout(  465): com.android.internal.widget.SizeAdaptiveLayout@426e3e38child view android.widget.FrameLayout@426ec3c8 measured out of bounds at 130px clamped to 128px
03-30 14:13:23.326 D/SizeAdaptiveLayout(  465): com.android.internal.widget.SizeAdaptiveLayout@426e3e38child view android.widget.FrameLayout@426ec3c8 measured out of bounds at 130px clamped to 128px
03-30 14:13:23.336 D/SizeAdaptiveLayout(  465): com.android.internal.widget.SizeAdaptiveLayout@427926a0child view android.widget.FrameLayout@427947d0 measured out of bounds at 130px clamped to 128px
03-30 14:13:23.336 D/SizeAdaptiveLayout(  465): com.android.internal.widget.SizeAdaptiveLayout@427926a0child view android.widget.FrameLayout@427947d0 measured out of bounds at 130px clamped to 128px
03-30 14:13:23.336 D/SizeAdaptiveLayout(  465): com.android.internal.widget.SizeAdaptiveLayout@42538d80child view android.widget.FrameLayout@42688330 measured out of bounds at 130px clamped to 128px
03-30 14:13:23.336 D/SizeAdaptiveLayout(  465): com.android.internal.widget.SizeAdaptiveLayout@42538d80child view android.widget.FrameLayout@42688330 measured out of bounds at 130px clamped to 128px
03-30 14:13:23.336 D/SizeAdaptiveLayout(  465): com.android.internal.widget.SizeAdaptiveLayout@425c0fb0child view android.widget.FrameLayout@42754c08 measured out of bounds at 130px clamped to 128px
03-30 14:13:23.336 D/SizeAdaptiveLayout(  465): com.android.internal.widget.SizeAdaptiveLayout@425c0fb0child view android.widget.FrameLayout@42754c08 measured out of bounds at 130px clamped to 128px
03-30 14:13:23.336 D/KeyguardViewMediator(  384): setHidden false
03-30 14:13:23.346 W/khrn_client(  465): init_window num_buffers 3 min undequeued buffers 1 type 1
03-30 14:13:23.346 W/khrn_client(  465): init_window window 0x5ade86d8, 1280x40 hintTransform 0x4
03-30 14:13:23.346 W/khrn_client(  465): init_window using gl pre-rotation, set size and transform to 40x1280 0x5
03-30 14:13:23.346 V/AudioPolicyManagerALSA( 8888): getDeviceForStrategy() from cache strategy 0, device 2
03-30 14:13:23.366 D/KeyguardViewMediator(  384): setHidden false
03-30 14:13:23.366 E/MediaControler( 2872): initMediaPlayer
03-30 14:13:23.366 V/AudioFlinger( 8888): acquiring 13 from 2872
03-30 14:13:23.366 V/AudioFlinger( 8888):  added new entry for 13
03-30 14:13:23.366 V/DeviceDialog( 2872): DeviceDialog
03-30 14:13:23.366 E/apple   ( 2872): Client clear device
03-30 14:13:23.366 D/Test    ( 2872): requestUrl  :http://wasu.feifeikan.com:8080/msis/getSystemTime?version=V001&terminalType=3&resolution=1280*720&authKey=cf64e3e4d6b6fea2afa862b64c2afb21
03-30 14:13:23.376 D/KeyguardViewMediator(  384): setHidden false
03-30 14:13:23.376 E/VideoPlayer( 2872): getPlayUrl--resourceCode:10071  playType:2  playTime:0  delay:0  shifttime:0  shiftend:0  timecode:0  fmt:0  assetName:(78)  assetId:null  providerId:null  retryTimes:0
03-30 14:13:23.376 D/SizeAdaptiveLayout(  465): com.android.internal.widget.SizeAdaptiveLayout@426e3e38child view android.widget.FrameLayout@426ec3c8 measured out of bounds at 130px clamped to 128px
03-30 14:13:23.376 D/VideoPlayer( 2872): onResume
03-30 14:13:23.376 D/VideoPlayer( 2872): isReStart:true
03-30 14:13:23.376 D/SizeAdaptiveLayout(  465): com.android.internal.widget.SizeAdaptiveLayout@426e3e38child view android.widget.FrameLayout@426ec3c8 measured out of bounds at 130px clamped to 128px
03-30 14:13:23.376 D/SizeAdaptiveLayout(  465): com.android.internal.widget.SizeAdaptiveLayout@427926a0child view android.widget.FrameLayout@427947d0 measured out of bounds at 130px clamped to 128px
03-30 14:13:23.376 D/SizeAdaptiveLayout(  465): com.android.internal.widget.SizeAdaptiveLayout@427926a0child view android.widget.FrameLayout@427947d0 measured out of bounds at 130px clamped to 128px
03-30 14:13:23.386 V/Test    ( 2872): fmt:0
03-30 14:13:23.386 D/KeyguardViewMediator(  384): setHidden false
03-30 14:13:23.386 D/Test    ( 2872): requestUrl  :http://wasu.feifeikan.com:8080/msis/getPlayURL?version=V001&terminalType=3&resolution=1280*720&resourceCode=10071&productCode=null&userCode=lylyly&playType=2&delay=0&shifttime=0&shiftend=0&timecode=0&authKey=caf71c8128a886a6d71ed0e9aa2ec15f
03-30 14:13:23.386 D/Test    ( 2872): requestUrl  :http://wasu.feifeikan.com:8080/msis/getChannelProgram?version=V001&terminalType=3&resolution=1280*720&userCode=lylyly&channelResourceCode=10071&pageSize=50&curPage=1&beginTime=2013-03-30%2000:00:00&endTime=2013-03-30%2023:59:59&authKey=1b6f8f9864020b95144021026ee1b8d8
03-30 14:13:23.406 D/KeyguardViewMediator(  384): setHidden false
03-30 14:13:23.406 V/PhoneStatusBar(  465): setLightsOn(true)
03-30 14:13:23.406 D/KeyguardViewMediator(  384): setHidden false
03-30 14:13:23.416 W/khrn_client( 2872): init_window num_buffers 3 min undequeued buffers 1 type 1
03-30 14:13:23.416 W/khrn_client( 2872): init_window window 0x5b226028, 1280x720 hintTransform 0x0
03-30 14:13:23.426 D/KeyguardViewMediator(  384): setHidden false
03-30 14:13:23.436 D/MediaControler( 2872): surfaceCreated
03-30 14:13:23.436 D/MediaControler( 2872): surfaceChanged
03-30 14:13:23.436 D/KeyguardViewMediator(  384): setHidden false
03-30 14:13:23.436 D/KeyguardViewMediator(  384): setHidden false
03-30 14:13:23.446 D/KeyguardViewMediator(  384): setHidden false
03-30 14:13:23.466 D/KeyguardViewMediator(  384): setHidden false
03-30 14:13:23.466 D/PinyinIME(  535): PinyinIME--->onFinishInput.
03-30 14:13:23.466 E/Functions( 2872): getSystemTime:
03-30 14:13:23.476 I/ActivityManager(  384): Displayed com.aidufei.ott.activity/com.unitend.udrm.player.VideoPlayer: +222ms
03-30 14:13:23.476 D/KeyguardViewMediator(  384): setHidden false
03-30 14:13:23.476 E/Test    ( 2872): DeviceListAdapter onDeviceChanged
03-30 14:13:23.476 D/OtODeviceAdapter( 2872):  >>>>>>>>>>>>>>  Begin search devices  <<<<<<<<<<<<<<<< 
03-30 14:13:23.476 V/OtODeviceAdapter( 2872): startTime:1364624003484
03-30 14:13:23.486 I/System.out( 2872): systemtime=1364624006,phone time=1364624003
03-30 14:13:23.616 E/Functions( 2872): getPlayUrl:
03-30 14:13:23.626 V/MediaControler( 2872): paly path:http://live.feifeikan.com/live/coship,CCTV10.m3u8?fmt=x264_0k_mpegts&sora=1&sk=016C42D6A5973F43A1DDED5158725272&UUID=1c75e18d-dbff-4d9b-af71-956424561d7e&userCode=lylyly&userName=lylyly&spCode=484581254562&productCode=2&resourceCode=10071&subId=123&resourceName=&authType=2
03-30 14:13:23.626 D/MediaControler( 2872): setDataSource
03-30 14:13:23.626 D/Test    ( 2872): requestUrl  :http://wasu.feifeikan.com:8080/msis/stopPlayNotify?version=V001&terminalType=3&resolution=1280*720&UUID=null&authKey=5a12f71f85ca3b0adcefa087568d4946
03-30 14:13:23.626 D/MediaControler( 2872): setDisplay
03-30 14:13:23.626 D/MediaControler( 2872): start prepareAsync
03-30 14:13:23.626 D/VideoPlayer( 2872): UUID:1c75e18d-dbff-4d9b-af71-956424561d7e
03-30 14:13:23.626 D/MediaControler( 2872): onVideoSizeChanged video width(0) or height(0)
03-30 14:13:23.626 E/MediaControler( 2872): invalid video width(0) or height(0)
03-30 14:13:23.626 V/MediaControler( 2872): onPrepared ok
03-30 14:13:23.636 D/MediaControler( 2872): start play
03-30 14:13:23.636 I/LiveSession( 8888): onConnect 'http://live.feifeikan.com/live/coship,CCTV10.m3u8?fmt=x264_0k_mpegts&sora=1&sk=016C42D6A5973F43A1DDED5158725272&UUID=1c75e18d-dbff-4d9b-af71-956424561d7e&userCode=lylyly&userName=lylyly&spCode=484581254562&productCode=2&resourceCode=10071&subId=123&resourceName=&authType=2'
03-30 14:13:23.636 V/ChromiumHTTPDataSource( 8888): connect on behalf of uid 10069
03-30 14:13:23.636 I/ChromiumHTTPDataSource( 8888): connect to http://live.feifeikan.com/live/coship,CCTV10.m3u8?fmt=x264_0k_mpegts&sora=1&sk=016C42D6A5973F43A1DDED5158725272&UUID=1c75e18d-dbff-4d9b-af71-956424561d7e&userCode=lylyly&userName=lylyly&spCode=484581254562&productCode=2&resourceCode=10071&subId=123&resourceName=&authType=2 @0
03-30 14:13:23.636 D/Test    ( 2872): requestUrl  :http://wasu.feifeikan.com:8080/msis/startPlayNotify?version=V001&terminalType=3&resolution=1280*720&UUID=1c75e18d-dbff-4d9b-af71-956424561d7e&authKey=0faef17980fa892fff3782981d922e54
03-30 14:13:23.676 V/OtORequest_apple( 2872): get command=100
03-30 14:13:23.676 V/OtORequest( 2872): parse OtORequest: cmd=100 paramLength=80 bufferlen=88
03-30 14:13:23.676 V/OtORequest( 2872): parse param: param={"UUID":"12345678","TerminalType":5,"UserName":"ly","UserCode":"TV_iFly_Server"}Server"}
03-30 14:13:23.676 D/OtODeviceAdapter( 2872): Found remote device(ip:192.168.1.3/port:9001/name:ly/usercode:TV_iFly_Server/terminal type:5)
03-30 14:13:23.676 V/OtODeviceAdapter( 2872): startTime:1364624003484
03-30 14:13:23.936 V/ChromiumHTTPDataSource( 8888): connect on behalf of uid 10069
03-30 14:13:23.946 I/ChromiumHTTPDataSource( 8888): connect to http://live.feifeikan.com/live/hls/1908.m3u8?fmt=x264_0k_mpegts&sora=1&sk=016C42D6A5973F43A1DDED5158725272&UUID=1c75e18d-dbff-4d9b-af71-956424561d7e&userCode=lylyly&userName=lylyly&spCode=484581254562&productCode=2&resourceCode=10071&subId=123&resourceName=&authType=2 @0
03-30 14:13:24.007 D/KeyguardViewMediator(  384): setHidden false
03-30 14:13:24.017 D/KeyguardViewMediator(  384): setHidden false
03-30 14:13:24.337 V/ChromiumHTTPDataSource( 8888): connect on behalf of uid 10069
03-30 14:13:24.337 I/ChromiumHTTPDataSource( 8888): connect to http://live.feifeikan.com/live/hls/1908?slice=054607 @0
03-30 14:13:25.138 E/VideoPlayer( 2872): onPlayStart-playType:2
03-30 14:13:25.138 E/Functions( 2872): stopPlayNotify:
03-30 14:13:25.138 E/Functions( 2872): startPlayNotify:
03-30 14:13:25.138 E/Functions( 2872): getChannelEPG:
03-30 14:13:25.138 D/KeyguardViewMediator(  384): setHidden false
03-30 14:13:25.148 D/KeyguardViewMediator(  384): setHidden false
03-30 14:13:25.148 D/NetworkPolicy(  384): setNetworkTemplateEnabled(): match rule = 1
03-30 14:13:25.158 D/MobileDataStateTracker(  384): default: setPolicyDataEnable(enabled=true)
03-30 14:13:25.198 E/VideoPlayer( 2872): 1111111
03-30 14:13:25.588 D/dalvikvm(  384): WAIT_FOR_CONCURRENT_GC blocked 0ms
03-30 14:13:25.648 D/dalvikvm(  384): GC_EXPLICIT freed 1280K, 40% free 15072K/25091K, paused 5ms+5ms, total 59ms
03-30 14:13:26.129 V/MediaControler( 2872): getCurrentPos:0
03-30 14:13:26.129 E/VideoPlayer( 2872): delay:0
03-30 14:13:26.159 D/DownloadCompleteReceiver(  666):  WIFI CHANGED_ACTION 
03-30 14:13:26.159 D/DownloadCompleteReceiver(  666):  time:1364624006172
03-30 14:13:26.159 D/DownloadCompleteReceiver(  666):  locktime:0
03-30 14:13:26.159 D/DownloadCompleteReceiver(  666):  mIdupdate:-1
03-30 14:13:26.159 D/DownloadCompleteReceiver(  666):  mMasterclear:false
03-30 14:13:26.159 D/DownloadCompleteReceiver(  666):  mBootcomplete:true
03-30 14:13:26.669 V/OtODeviceAdapter( 2872): found device time out end time:1364624006678/java.net.SocketTimeoutException
03-30 14:13:26.669 E/Test    ( 2872): DeviceListAdapter onDeviceChanged
03-30 14:13:26.669 V/Device  ( 2872): 192.168.1.3: state=0,will change to =3
03-30 14:13:26.669 E/Test    ( 2872): DeviceListAdapter onDeviceChanged
03-30 14:13:26.669 D/OtODeviceAdapter( 2872): <<<<<<<<<<<<<< Search Device end >>>>>>>>>>>>>>>>>
03-30 14:13:27.130 V/MediaControler( 2872): getCurrentPos:0
03-30 14:13:28.131 V/MediaControler( 2872): getCurrentPos:0
03-30 14:13:29.001 V/ChromiumHTTPDataSource( 8888): connect on behalf of uid 10069
03-30 14:13:29.001 I/ChromiumHTTPDataSource( 8888): connect to http://live.feifeikan.com/live/hls/1908?slice=054608 @0
03-30 14:13:29.021 I/avc_utils( 8888): found AVC codec config (640 x 480, High-profile level 5.1)
03-30 14:13:29.021 D/stagefright_omx_plugin( 8888): makeComponentInstance ( OMX.BRCM.vc4.decoder.avc )
03-30 14:13:29.021 V/component_tracker( 8888): [register_component]: Adding decoder (0x41f59ba0) at 0, w:0 h:0
03-30 14:13:29.021 I/brcm-vd ( 8888): [video_decoder_create_component_internal]: making a component of type vc.video_decode
03-30 14:13:29.031 D/brcm-vd ( 8888): [video_decoder_create_component_internal]: created with event
03-30 14:13:29.031 D/stagefright_omx_plugin( 8888): video_decoder_create_component ( 0 )
03-30 14:13:29.031 D/brcm-vd ( 8888): [video_decoder__GetParameter]: format [in] = 7, 0, 0
03-30 14:13:29.031 D/brcm-vd ( 8888): [video_decoder__SetParameter]: format [in] = 7, 0, 0, mmal fmt H264
03-30 14:13:29.031 D/brcm-vd ( 8888): [video_decoder__GetParameter]: format [out] = 0, 19, 0
03-30 14:13:29.031 D/brcm-vd ( 8888): video_decoder__SetParameter:1839: mapped color format 13 to mmal I420
03-30 14:13:29.031 D/brcm-vd ( 8888): [video_decoder__SetParameter]: format [out] = 0, 19, 0, mmal fmt I420
03-30 14:13:29.031 D/brcm-vd ( 8888): [video_decoder__GetParameter]: port-def [in] = 2048/2048, 5/1, 7, 0, 0x0/0x0
03-30 14:13:29.031 D/brcm-vd ( 8888): [video_decoder__SetParameter]: port-def [in] = increasing buffer size 2048 -> 307200, for 5 element(s)
03-30 14:13:29.031 D/brcm-vd ( 8888): [video_decoder__SetParameter]: port-def [in] = 307200/2048, 5/1, [7, 0] (H264), 640x480/0x0
03-30 14:13:29.031 V/component_tracker( 8888): [register_component]: Updating decoder (0x41f59ba0) at 0, was w:0 h:0 now w:640 h:480
03-30 14:13:29.031 D/brcm-vd ( 8888): [video_decoder__GetParameter]: port-def [out] = 460800/460800, 4/1, 0, 19, 640x480/640x480
03-30 14:13:29.031 D/brcm-vd ( 8888): video_decoder__SetParameter:1903: mapped color format 13 to mmal I420
03-30 14:13:29.031 D/brcm-vd ( 8888): [video_decoder__SetParameter]: port-def [out] = 460800/460800, 4/1, [0, 19] (I420), 640x480/640x480
03-30 14:13:29.031 V/component_tracker( 8888): [register_component]: Updating decoder (0x41f59ba0) at 0, was w:640 h:480 now w:640 h:480
03-30 14:13:29.051 E/brcm-vd ( 8888): [video_decoder__SetParameter]: updated mmal decoder output format to OPQV
03-30 14:13:29.051 D/brcm-vd ( 8888): [video_decoder__SetParameter]: enable-native-window [out] = YES
03-30 14:13:29.051 I/BRCM-OMX( 8888): [OMX.brcm.audio.aac.decoder]:OMX_BaseComponentSync: SYNC interface
03-30 14:13:29.051 I/BRCM-OMX( 8888): [OMX.brcm.audio.aac.decoder]:startCommandHandler: Started commandHandler thread...
03-30 14:13:29.051 I/BRCM-OMX( 8888): [OMX.brcm.audio.aac.decoder]:startCodecSyncHandler: Started CodecSyncHandler thread...
03-30 14:13:29.051 D/brcm-vd ( 8888): [video_decoder__GetParameter]: port-def [in] = 307200/2048, 5/1, 7, 0, 640x480/0x480
03-30 14:13:29.051 D/brcm-vd ( 8888): [video_decoder__UseBuffer]: allocated 0x41f59100, 0x42d1e000(307200) input port
03-30 14:13:29.051 D/brcm-vd ( 8888): [video_decoder__UseBuffer]: allocated 0x41f61c20, 0x42d69000(307200) input port
03-30 14:13:29.051 D/brcm-vd ( 8888): [video_decoder__UseBuffer]: allocated 0x41f61d20, 0x42db4000(307200) input port
03-30 14:13:29.051 D/brcm-vd ( 8888): [video_decoder__UseBuffer]: allocated 0x41441850, 0x42dff000(307200) input port
03-30 14:13:29.051 D/brcm-vd ( 8888): [video_decoder__UseBuffer]: allocated 0x41441970, 0x42e4a000(307200) input port
03-30 14:13:29.051 I/BRCM-OMX( 8888): [OMX.brcm.audio.aac.decoder]:setVendorExtParamHandler: index <OMX_IndexEnableNativeBuffers>, portIdx <1> enable <0>
03-30 14:13:29.051 W/BRCM-OMXAudioPort( 8888): [OMX.brcm.audio.aac.decoder]:isPopulated: PORT-0,  Populated state <1>
03-30 14:13:29.051 W/BRCM-OMXAudioPort( 8888): [OMX.brcm.audio.aac.decoder]:isPopulated: PORT-1,  Populated state <1>
03-30 14:13:29.051 I/BRCM-OMX( 8888): [OMX.brcm.audio.aac.decoder]:startBufferHandler: Started BufferHandler thread-0...
03-30 14:13:29.051 I/BRCM-OMX( 8888): [OMX.brcm.audio.aac.decoder]:startBufferHandler: Started BufferHandler thread-1...
03-30 14:13:29.051 D/brcm-vd ( 8888): [video_decoder__GetParameter]: port-def [out] = 64/64, 4/3, 0, 258, 640x480/0x0
03-30 14:13:29.051 D/brcm-vd ( 8888): [video_decoder__GetParameter]: get-android-native-buf-usage [out] = 0x0
03-30 14:13:29.051 D/brcm-vd ( 8888): video_decoder__SetParameter:1903: mapped color format 102 to mmal OPQV
03-30 14:13:29.051 D/brcm-vd ( 8888): [video_decoder__SetParameter]: port-def [out] = 64/64, 5/3, [0, 258] (OPQV), 640x480/0x0
03-30 14:13:29.051 V/component_tracker( 8888): [register_component]: Updating decoder (0x41f59ba0) at 0, was w:640 h:480 now w:640 h:480
03-30 14:13:29.051 W/BRCM-OMX( 8888): [OMX.brcm.audio.aac.decoder]:processHeader: dec header consumed only 0 bytes, discarding 2 bytes
03-30 14:13:29.051 I/BRCM-OMX( 8888): [OMX.brcm.audio.aac.decoder]:processHeader: sample rate [48000] does not match with codec sample rate [0]
03-30 14:13:29.051 I/BRCM-OMX( 8888): [OMX.brcm.audio.aac.decoder]:processHeader: channels [1] does not match with codec channels [0]
03-30 14:13:29.051 I/BRCM-OMX( 8888): [OMX.brcm.audio.aac.decoder]:processHeader: channels [1] does not match with codec channels [2]
03-30 14:13:29.051 I/BRCM-OMX( 8888): [OMX.brcm.audio.aac.decoder]:processFlush: Process Flush in Base Auio Dec triggers reset on the codec API
03-30 14:13:29.051 D/brcm-vd ( 8888): [video_decoder__GetParameter]: port-def [out] = 64/64, 5/3, 0, 258, 640x480/0x480
03-30 14:13:29.051 D/brcm-vd ( 8888): [video_decoder__UseBuffer]: locating 0 returns 0x8000000e, output port
03-30 14:13:29.051 D/brcm-vd ( 8888): [video_decoder__UseBuffer]: allocated 0x41e8f370, 0x4184edb0(460800) output port
03-30 14:13:29.051 D/brcm-vd ( 8888): [video_decoder__GetParameter]: port-def [out] = 64/64, 5/3, 0, 258, 640x480/0x480
03-30 14:13:29.051 D/brcm-vd ( 8888): [video_decoder__UseBuffer]: locating 0 returns 0x80000012, output port
03-30 14:13:29.051 D/brcm-vd ( 8888): [video_decoder__UseBuffer]: allocated 0x41a74f60, 0x41a74d50(460800) output port
03-30 14:13:29.051 D/brcm-vd ( 8888): [video_decoder__GetParameter]: port-def [out] = 64/64, 5/3, 0, 258, 640x480/0x480
03-30 14:13:29.051 D/brcm-vd ( 8888): [video_decoder__UseBuffer]: locating 0 returns 0x8000001d, output port
03-30 14:13:29.051 D/brcm-vd ( 8888): [video_decoder__UseBuffer]: allocated 0x4235b910, 0x41e8e618(460800) output port
03-30 14:13:29.051 E/HEAAC_DEC_API( 8888): Error in AACDEC_Parser
03-30 14:13:29.051 D/brcm-vd ( 8888): [video_decoder__GetParameter]: port-def [out] = 64/64, 5/3, 0, 258, 640x480/0x480
03-30 14:13:29.051 D/brcm-vd ( 8888): [video_decoder__UseBuffer]: locating 0 returns 0x80000004, output port
03-30 14:13:29.051 D/brcm-vd ( 8888): [video_decoder__UseBuffer]: allocated 0x4235bb70, 0x4235b9f8(460800) output port
03-30 14:13:29.051 D/AudioPolicyManagerALSA( 8888): mFmRadioStatus=0,mFmRadioSinkDev=4,device2=0
03-30 14:13:29.051 V/AudioPolicyManagerBase( 8888): getOutput() stream 3, samplingRate 0, format 0, channelMask 3, flags 0
03-30 14:13:29.051 V/AudioPolicyManagerBase( 8888): getOutput() returns output 2
03-30 14:13:29.051 D/AudioPolicyManagerALSA( 8888): mFmRadioStatus=0,mFmRadioSinkDev=4,device2=0
03-30 14:13:29.051 V/AudioPolicyManagerBase( 8888): getOutput() stream 3, samplingRate 0, format 0, channelMask 3, flags 0
03-30 14:13:29.051 V/AudioPolicyManagerBase( 8888): getOutput() returns output 2
03-30 14:13:29.051 D/AudioPolicyManagerALSA( 8888): mFmRadioStatus=0,mFmRadioSinkDev=4,device2=0
03-30 14:13:29.051 V/AudioPolicyManagerBase( 8888): getOutput() stream 3, samplingRate 48000, format 1, channelMask 3, flags 0
03-30 14:13:29.051 V/AudioPolicyManagerBase( 8888): getOutput() returns output 2
03-30 14:13:29.051 V/AudioFlinger( 8888): createTrack() sessionId: 13
03-30 14:13:29.051 V/AudioFlinger( 8888): createTrack() lSessionId: 13
03-30 14:13:29.051 V/AudioFlinger( 8888): Track constructor name 4096, calling pid 8888
03-30 14:13:29.051 V/AudioFlinger( 8888): acquiring 13 from 8888
03-30 14:13:29.051 V/AudioFlinger( 8888):  added new entry for 13
03-30 14:13:29.051 D/AudioPolicyManagerALSA( 8888): mFmRadioStatus=0,mFmRadioSinkDev=4,device2=0
03-30 14:13:29.051 V/AudioPolicyManagerBase( 8888): getOutput() stream 3, samplingRate 0, format 0, channelMask 3, flags 0
03-30 14:13:29.051 V/AudioPolicyManagerBase( 8888): getOutput() returns output 2
03-30 14:13:29.051 D/brcm-vd ( 8888): [video_decoder__GetParameter]: port-def [out] = 64/64, 5/3, 0, 258, 640x480/0x480
03-30 14:13:29.051 D/brcm-vd ( 8888): [video_decoder__UseBuffer]: locating 0 returns 0x8000000b, output port
03-30 14:13:29.051 D/brcm-vd ( 8888): [video_decoder__UseBuffer]: allocated 0x41f2f930, 0x41f2f5d0(460800) output port
03-30 14:13:29.051 D/brcm-vd ( 8888): [video_decoder__enable_ports]: enable MMAL ports
03-30 14:13:29.061 V/AudioFlinger( 8888): start(4096), calling pid 8888 session 13
03-30 14:13:29.061 V/AudioFlinger( 8888): ? => ACTIVE (4096) on thread 0x41f2f800
03-30 14:13:29.061 V/AudioPolicyManagerBase( 8888): startOutput() output 2, stream 3, session 13
03-30 14:13:29.061 V/AudioPolicyManagerBase( 8888): changeRefCount() stream 3, count 1
03-30 14:13:29.061 D/AudioPolicyManagerALSA( 8888): mFmRadioStatus=0,mFmRadioSinkDev=4,device2=0
03-30 14:13:29.061 V/AudioPolicyManagerBase( 8888): setOutputDevice() output 2 device 0002 delayMs 0
03-30 14:13:29.061 V/AudioPolicyManagerBase( 8888): setOutputDevice() prevDevice 0002
03-30 14:13:29.061 D/AudioPolicyManagerALSA( 8888): mFmRadioStatus=0,mFmRadioSinkDev=4,device2=0
03-30 14:13:29.061 D/AudioPolicyManagerALSA( 8888): mFmRadioStatus=0,mFmRadioSinkDev=4,device2=0
03-30 14:13:29.061 D/AudioPolicyManagerALSA( 8888): mFmRadioStatus=0,mFmRadioSinkDev=4,device2=0
03-30 14:13:29.061 D/AudioPolicyManagerALSA( 8888): mFmRadioStatus=0,mFmRadioSinkDev=4,device2=0
03-30 14:13:29.061 D/AudioPolicyManagerALSA( 8888): mFmRadioStatus=0,mFmRadioSinkDev=4,device2=0
03-30 14:13:29.061 V/AudioPolicyManagerBase( 8888): setOutputDevice() setting same device 0002 or null device for output 2
03-30 14:13:29.061 V/AudioPolicyManagerALSA( 8888): getDeviceForStrategy() from cache strategy 3, device 2
03-30 14:13:29.061 D/AudioPolicyManagerALSA( 8888): mFmRadioStatus=0,mFmRadioSinkDev=4,device2=0
03-30 14:13:29.061 D/AudioPolicyManagerALSA( 8888): mFmRadioStatus=0,mFmRadioSinkDev=4,device2=0
03-30 14:13:29.061 D/AudioPolicyManagerALSA( 8888): mFmRadioStatus=0,mFmRadioSinkDev=4,device2=0
03-30 14:13:29.061 D/AudioPolicyManagerALSA( 8888): mFmRadioStatus=0,mFmRadioSinkDev=4,device2=0
03-30 14:13:29.061 D/AudioPolicyManagerALSA( 8888): mFmRadioStatus=0,mFmRadioSinkDev=4,device2=0
03-30 14:13:29.061 D/AudioPolicyManagerALSA( 8888): mFmRadioStatus=0,mFmRadioSinkDev=4,device2=0
03-30 14:13:29.061 V/AudioFlinger( 8888): mWaitWorkCV.broadcast
03-30 14:13:29.061 V/AudioFlinger( 8888): thread 0x40d7c008 type 0 TID 8893 waking up
03-30 14:13:29.061 V/AudioFlinger( 8888): acquireWakeLock_l() AudioOut_2 status 0
03-30 14:13:29.061 D/brcm-vd ( 8888): [video_decoder__check_complete]: state changing completed
03-30 14:13:29.061 D/brcm-vd ( 8888): [video_decoder__openmax_main]: state changed ( 0, 3 )
03-30 14:13:29.071 D/AudioHardwareALSA( 8888): Prepare success result=0
03-30 14:13:29.071 I/brcm-vd ( 8888): [video_decoder__return_buffer]: received event EFCH on port 3,0
03-30 14:13:29.071 I/brcm-vd ( 8888): new aspect ratio 1x1
03-30 14:13:29.071 D/brcm-vd ( 8888): [video_decoder__GetParameter]: port-def [out] = 64/64, 5/3, 0, 258, 640x480/0x480
03-30 14:13:29.071 D/brcm-vd ( 8888): [video_decoder__GetConfig]: crop [out] = (0, 0) (640x480)
03-30 14:13:29.071 D/MediaControler( 2872): onVideoSizeChanged video width(640) or height(480)
03-30 14:13:29.071 I/VideoPlayer( 2872): HWRate1:1.3333334--HWRate2:1.7777778
03-30 14:13:29.071 I/VideoPlayer( 2872): rate22:1.3333334
03-30 14:13:29.071 D/VideoPlayer( 2872): screenWidth:1280--screenHeight:720
03-30 14:13:29.071 D/VideoPlayer( 2872): videoWidth:640--videoHeight:480
03-30 14:13:29.071 D/VideoPlayer( 2872): surfcaeWidth:960-surfaceHeight:720
03-30 14:13:29.091 D/KeyguardViewMediator(  384): setHidden false
03-30 14:13:29.101 D/MediaControler( 2872): surfaceChanged
03-30 14:13:29.132 V/MediaControler( 2872): getCurrentPos:0
03-30 14:13:29.532 D/KeyguardViewMediator(  384): setHidden false
03-30 14:13:29.542 D/KeyguardViewMediator(  384): setHidden false
03-30 14:13:30.132 V/MediaControler( 2872): getCurrentPos:780
03-30 14:13:30.132 E/VideoPlayer( 2872): delay:0
03-30 14:13:31.133 V/MediaControler( 2872): getCurrentPos:1840
03-30 14:13:31.143 E/VideoPlayer( 2872): delay:0
03-30 14:13:32.134 V/MediaControler( 2872): getCurrentPos:2743
03-30 14:13:32.144 E/VideoPlayer( 2872): delay:0
03-30 14:13:33.135 V/MediaControler( 2872): getCurrentPos:3840
03-30 14:13:33.135 E/VideoPlayer( 2872): delay:0
03-30 14:13:33.175 D/DownloadCompleteReceiver(  666):  TYPE_WIFI info.isConnected():true
03-30 14:13:33.175 D/DownloadCompleteReceiver(  666): isConnecting():true
03-30 14:13:33.175 D/DownloadCompleteReceiver(  666):  TYPE_WIFI info.isConnected():true
03-30 14:13:33.175 D/DownloadCompleteReceiver(  666): ********* downloadURL:
03-30 14:13:33.175 D/DownloadCompleteReceiver(  666):  getTotalInternalSize:14135926784
03-30 14:13:33.175 D/DownloadCompleteReceiver(  666): DOWNLOAD_VERSION_FILE_URL:http://update.feifeikan.com/Fphone/version_new.txt
03-30 14:13:33.346 D/DownloadCompleteReceiver(  666): updateEx mServerVerstion:V225R001C01B071
03-30 14:13:33.346 D/DownloadCompleteReceiver(  666):  local:072
03-30 14:13:33.346 D/DownloadCompleteReceiver(  666):  server:071
03-30 14:13:34.136 V/MediaControler( 2872): getCurrentPos:4797
03-30 14:13:34.146 E/VideoPlayer( 2872): delay:0
03-30 14:13:34.717 V/ChromiumHTTPDataSource( 8888): connect on behalf of uid 10069
03-30 14:13:34.717 I/ChromiumHTTPDataSource( 8888): connect to http://live.feifeikan.com/live/hls/1908.m3u8?fmt=x264_0k_mpegts&sora=1&sk=016C42D6A5973F43A1DDED5158725272&UUID=1c75e18d-dbff-4d9b-af71-956424561d7e&userCode=lylyly&userName=lylyly&spCode=484581254562&productCode=2&resourceCode=10071&subId=123&resourceName=&authType=2 @0
03-30 14:13:34.987 V/ChromiumHTTPDataSource( 8888): connect on behalf of uid 10069
03-30 14:13:34.987 I/ChromiumHTTPDataSource( 8888): connect to http://live.feifeikan.com/live/hls/1908?slice=054609 @0
03-30 14:13:35.137 V/MediaControler( 2872): getCurrentPos:5840
03-30 14:13:35.147 E/VideoPlayer( 2872): delay:0
03-30 14:13:36.128 V/MediaControler( 2872): getCurrentPos:6801
03-30 14:13:36.128 E/VideoPlayer( 2872): delay:0
03-30 14:13:37.129 V/MediaControler( 2872): getCurrentPos:7863
03-30 14:13:37.139 E/VideoPlayer( 2872): delay:0
03-30 14:13:38.130 V/MediaControler( 2872): getCurrentPos:8840
03-30 14:13:38.130 E/VideoPlayer( 2872): delay:0
03-30 14:13:39.131 V/MediaControler( 2872): getCurrentPos:9758
03-30 14:13:39.131 E/VideoPlayer( 2872): delay:0
03-30 14:13:39.191 V/ChromiumHTTPDataSource( 8888): connect on behalf of uid 10069
03-30 14:13:39.191 I/ChromiumHTTPDataSource( 8888): connect to http://live.feifeikan.com/live/hls/1908?slice=054610 @0
03-30 14:13:39.622 D/BatteryService(  384): mAcOnlinefalsemUsbOnline:truemBatteryStatus 2
03-30 14:13:39.622 D/BatteryService(  384): mBatteryLevel73isPowered():trueActivityManagerNative.isSystemReady():true
03-30 14:13:39.632 D/BatteryService(  384): mAcOnlinefalsemUsbOnline:truemBatteryStatus 2
03-30 14:13:39.632 D/ActivityManager(  384): mBatteryStatusReceiver, action=android.intent.action.BATTERY_CHANGED
03-30 14:13:39.632 D/ActivityManager(  384): mBatteryStatusReceiver, plugged=2, mBatteryStatusPlugged=2, fakeShutdownMode=false
03-30 14:13:40.132 V/MediaControler( 2872): getCurrentPos:10837
03-30 14:13:40.142 E/VideoPlayer( 2872): delay:0
03-30 14:13:40.973 D/NetworkPolicy(  384): setNetworkTemplateEnabled(): match rule = 1
03-30 14:13:40.973 D/MobileDataStateTracker(  384): default: setPolicyDataEnable(enabled=true)
03-30 14:13:41.133 V/MediaControler( 2872): getCurrentPos:11788
03-30 14:13:41.143 E/VideoPlayer( 2872): delay:0
03-30 14:13:42.134 V/MediaControler( 2872): getCurrentPos:12841
03-30 14:13:42.144 E/VideoPlayer( 2872): delay:0
03-30 14:13:42.675 V/ChromiumHTTPDataSource( 8888): connect on behalf of uid 10069
03-30 14:13:42.675 I/ChromiumHTTPDataSource( 8888): connect to http://live.feifeikan.com/live/hls/1908.m3u8?fmt=x264_0k_mpegts&sora=1&sk=016C42D6A5973F43A1DDED5158725272&UUID=1c75e18d-dbff-4d9b-af71-956424561d7e&userCode=lylyly&userName=lylyly&spCode=484581254562&productCode=2&resourceCode=10071&subId=123&resourceName=&authType=2 @0
03-30 14:13:42.955 D/KeyguardViewMediator(  384): setHidden false
03-30 14:13:43.135 V/MediaControler( 2872): getCurrentPos:13801
03-30 14:13:43.145 E/VideoPlayer( 2872): delay:0
03-30 14:13:43.175 V/ChromiumHTTPDataSource( 8888): connect on behalf of uid 10069
03-30 14:13:43.175 I/ChromiumHTTPDataSource( 8888): connect to http://live.feifeikan.com/live/hls/1908?slice=054611 @0
03-30 14:13:44.867 E/VideoPlayer( 2872): onStopTrackingTouch:
03-30 14:13:44.867 I/MediaControler( 2872): reset
03-30 14:13:44.867 E/VideoPlayer( 2872): getPlayUrl--resourceCode:10071  playType:4  playTime:3300  delay:1105  shifttime:0  shiftend:0  timecode:0  fmt:0  assetName:(78)  assetId:null  providerId:null  retryTimes:0
03-30 14:13:44.867 V/AudioFlinger( 8888): pause(4096), calling pid 8888
03-30 14:13:44.867 V/AudioFlinger( 8888): ACTIVE/RESUMING => PAUSING (4096) on thread 0x40d7c008
03-30 14:13:44.867 V/AudioPolicyManagerBase( 8888): stopOutput() output 2, stream 3, session 13
03-30 14:13:44.867 V/AudioPolicyManagerBase( 8888): changeRefCount() stream 3, count 0
03-30 14:13:44.867 D/AudioPolicyManagerALSA( 8888): mFmRadioStatus=0,mFmRadioSinkDev=4,device2=0
03-30 14:13:44.867 I/AudioPolicyManagerALSA( 8888): MUSIC is playing but no on primary device, new device=2
03-30 14:13:44.867 V/AudioPolicyManagerBase( 8888): setOutputDevice() output 2 device 0002 delayMs 86
03-30 14:13:44.867 V/AudioPolicyManagerBase( 8888): setOutputDevice() prevDevice 0002
03-30 14:13:44.867 D/AudioPolicyManagerALSA( 8888): mFmRadioStatus=0,mFmRadioSinkDev=4,device2=0
03-30 14:13:44.867 D/AudioPolicyManagerALSA( 8888): mFmRadioStatus=0,mFmRadioSinkDev=4,device2=0
03-30 14:13:44.867 D/AudioPolicyManagerALSA( 8888): mFmRadioStatus=0,mFmRadioSinkDev=4,device2=0
03-30 14:13:44.867 D/AudioPolicyManagerALSA( 8888): mFmRadioStatus=0,mFmRadioSinkDev=4,device2=0
03-30 14:13:44.867 D/AudioPolicyManagerALSA( 8888): mFmRadioStatus=0,mFmRadioSinkDev=4,device2=0
03-30 14:13:44.867 V/AudioPolicyManagerBase( 8888): setOutputDevice() setting same device 0002 or null device for output 2
03-30 14:13:44.867 V/AudioPolicyManagerALSA( 8888): getDeviceForStrategy() from cache strategy 3, device 2
03-30 14:13:44.867 D/AudioPolicyManagerALSA( 8888): mFmRadioStatus=0,mFmRadioSinkDev=4,device2=0
03-30 14:13:44.867 D/AudioPolicyManagerALSA( 8888): mFmRadioStatus=0,mFmRadioSinkDev=4,device2=0
03-30 14:13:44.867 D/AudioPolicyManagerALSA( 8888): mFmRadioStatus=0,mFmRadioSinkDev=4,device2=0
03-30 14:13:44.867 D/AudioPolicyManagerALSA( 8888): mFmRadioStatus=0,mFmRadioSinkDev=4,device2=0
03-30 14:13:44.867 D/AudioPolicyManagerALSA( 8888): mFmRadioStatus=0,mFmRadioSinkDev=4,device2=0
03-30 14:13:44.867 D/AudioPolicyManagerALSA( 8888): mFmRadioStatus=0,mFmRadioSinkDev=4,device2=0
03-30 14:13:44.867 E/LiveSession( 8888): failed to fetch .ts segment at url 'http://live.feifeikan.com/live/hls/1908?slice=054611'
03-30 14:13:44.867 V/Test    ( 2872): fmt:0
03-30 14:13:44.867 D/brcm-vd ( 8888): [video_decoder__openmax_main]: flushing input(1)/output(1) port for 0x419c2e70
03-30 14:13:44.867 I/BRCM-OMX( 8888): [OMX.brcm.audio.aac.decoder]:processFlush: Process Flush in Base Auio Dec triggers reset on the codec API
03-30 14:13:44.867 I/BRCM-OMX( 8888): [OMX.brcm.audio.aac.decoder]:portFlushInProgress: Port-0 FLUSH in Progress
03-30 14:13:44.867 I/BRCM-OMX( 8888): [OMX.brcm.audio.aac.decoder]:portFlushInProgress: Port-0 FLUSH in Progress
03-30 14:13:44.867 I/BRCM-OMX( 8888): [OMX.brcm.audio.aac.decoder]:processFlush: Process Flush in Base Auio Dec triggers reset on the codec API
03-30 14:13:44.867 D/Test    ( 2872): requestUrl  :http://wasu.feifeikan.com:8080/msis/getPlayURL?version=V001&terminalType=3&resolution=1280*720&resourceCode=10071&productCode=null&userCode=lylyly&playType=4&delay=1105&shifttime=0&shiftend=0&timecode=0&authKey=fec66f78a84efeb682ea802617896a1b
03-30 14:13:44.867 I/BRCM-OMX( 8888): [OMX.brcm.audio.aac.decoder]:processFlush: Process Flush in Base Auio Dec triggers reset on the codec API
03-30 14:13:44.867 I/BRCM-OMX( 8888): [OMX.brcm.audio.aac.decoder]:processFlush: Process Flush in Base Auio Dec triggers reset on the codec API
03-30 14:13:44.867 D/brcm-vd ( 8888): [video_decoder__check_complete]: flush output port completed
03-30 14:13:44.867 D/brcm-vd ( 8888): [video_decoder__check_complete]: flush input port completed
03-30 14:13:44.867 I/BRCM-OMX( 8888): [OMX.brcm.audio.aac.decoder]:bufferHandler: PORT-0: BufferHandler thread exiting....
03-30 14:13:44.867 I/BRCM-OMX( 8888): [OMX.brcm.audio.aac.decoder]:bufferHandler: PORT-1: BufferHandler thread exiting....
03-30 14:13:44.867 W/BRCM-OMXAudioPort( 8888): [OMX.brcm.audio.aac.decoder]:isPopulated: PORT-0,  Populated state <0>
03-30 14:13:44.867 W/BRCM-OMXAudioPort( 8888): [OMX.brcm.audio.aac.decoder]:isPopulated: PORT-1,  Populated state <0>
03-30 14:13:44.867 I/BRCM-OMX( 8888): ([OMX.brcm.audio.aac.decoder]:codecSyncHandler: codecSyncHandler thread exiting....
03-30 14:13:44.867 I/BRCM-OMX( 8888): [OMX.brcm.audio.aac.decoder]:commandHandler: CommandHandler thread exiting....
03-30 14:13:44.877 D/brcm-vd ( 8888): [video_decoder__check_complete]: state changing completed
03-30 14:13:44.877 D/brcm-vd ( 8888): [video_decoder__openmax_main]: OMX_CommandStateSet - loaded, ready to set/get
03-30 14:13:44.877 D/brcm-vd ( 8888): [video_decoder__FreeBuffer]: deallocated 0x41441970 (42e4a000)
03-30 14:13:44.877 D/brcm-vd ( 8888): [video_decoder__openmax_main]: state changed ( 0, 1 )
03-30 14:13:44.877 D/brcm-vd ( 8888): [video_decoder__FreeBuffer]: deallocated 0x41441850 (42dff000)
03-30 14:13:44.877 D/brcm-vd ( 8888): [video_decoder__FreeBuffer]: deallocated 0x41f61d20 (42db4000)
03-30 14:13:44.877 D/brcm-vd ( 8888): [video_decoder__FreeBuffer]: deallocated 0x41f61c20 (42d69000)
03-30 14:13:44.877 D/brcm-vd ( 8888): [video_decoder__FreeBuffer]: deallocated 0x41f59100 (42d1e000)
03-30 14:13:44.877 D/brcm-vd ( 8888): [video_decoder__FreeBuffer]: deallocated 0x41f2f930 (8000000b)
03-30 14:13:44.877 D/brcm-vd ( 8888): [video_decoder__FreeBuffer]: deallocated 0x4235bb70 (80000004)
03-30 14:13:44.877 D/brcm-vd ( 8888): [video_decoder__FreeBuffer]: deallocated 0x4235b910 (8000001d)
03-30 14:13:44.877 D/brcm-vd ( 8888): [video_decoder__FreeBuffer]: deallocated 0x41a74f60 (80000012)
03-30 14:13:44.877 D/brcm-vd ( 8888): [video_decoder__FreeBuffer]: deallocated 0x41e8f370 (8000000e)
03-30 14:13:44.877 V/component_tracker( 8888): [unregister_component]: Removing decoder (0x41f59ba0) at slot 0
03-30 14:13:44.877 V/component_tracker( 8888): [unregister_component]: Clearing decoder at slot 0
03-30 14:13:44.877 D/brcm-vd ( 8888): [video_decoder__openmax_main]: thread exiting
03-30 14:13:44.877 D/KeyguardViewMediator(  384): setHidden false
03-30 14:13:44.897 W/ALooperRoster( 8888): failed to deliver message. Target handler 32 registered, but object gone.
03-30 14:13:44.897 V/AudioFlinger( 8888): presentationComplete() reset: mPresentationCompleteFrames 760848 audioHalFrames 2064
03-30 14:13:44.947 W/ALooperRoster( 8888): failed to deliver message. Target handler not registered.
03-30 14:13:44.967 V/AudioFlinger( 8888): presentationComplete() session 13 complete: framesWritten 761856
03-30 14:13:45.257 E/Functions( 2872): getPlayUrl:
03-30 14:13:45.257 E/VideoPlayer( 2872): wait player reset ok.
03-30 14:13:45.257 D/VideoPlayer( 2872): UUID:43fa13f0-3a11-47ef-9e43-05f2882de857
03-30 14:13:45.267 D/Test    ( 2872): requestUrl  :http://wasu.feifeikan.com:8080/msis/startPlayNotify?version=V001&terminalType=3&resolution=1280*720&UUID=43fa13f0-3a11-47ef-9e43-05f2882de857&authKey=cb42f6c25fc46317e39272cca336c4a9
03-30 14:13:45.367 E/Functions( 2872): startPlayNotify:
03-30 14:13:46.869 V/AudioFlinger( 8888): releasing 13 from 2872
03-30 14:13:46.869 V/AudioFlinger( 8888):  decremented refcount to 0
03-30 14:13:46.869 V/AudioFlinger( 8888): purging stale effects
03-30 14:13:46.869 V/AudioPolicyManagerBase( 8888): releaseOutput() 2
03-30 14:13:46.869 V/AudioFlinger( 8888): remove track (4096) and delete from mixer
03-30 14:13:46.869 V/AudioFlinger( 8888): PlaybackThread::Track destructor
03-30 14:13:46.869 V/AudioFlinger( 8888): removeClient_l() pid 8888, tid 8903, calling tid 8888
03-30 14:13:46.869 V/AudioFlinger( 8888): releasing 13 from 8888
03-30 14:13:46.869 V/AudioFlinger( 8888):  decremented refcount to 0
03-30 14:13:46.869 V/AudioFlinger( 8888): purging stale effects
03-30 14:13:47.880 V/AudioFlinger( 8888): Audio hardware entering standby, mixer 0x40d7c008, suspend count 0
03-30 14:13:47.920 I/AudioHardwareALSA( 8888): dump.audio.pcm = OFF
03-30 14:13:47.920 V/AudioHardwareALSA( 8888): Data Dump is disabled
03-30 14:13:47.920 V/AudioFlinger( 8888): releaseWakeLock_l() AudioOut_2
03-30 14:13:47.930 V/AudioFlinger( 8888): thread 0x40d7c008 type 0 TID 8893 going to sleep
03-30 14:13:48.250 D/VideoPlayer( 2872): retry play time:0
03-30 14:13:48.250 D/VideoPlayer( 2872): isbResetOK:true
03-30 14:13:48.250 V/MediaControler( 2872): paly path:http://live.feifeikan.com/vod/coship,CCTV10.m3u8?fmt=x264_0k_mpegts&sora=1&delay=1105&sk=05A5651591AFB5D6B6764D30B038204E&UUID=43fa13f0-3a11-47ef-9e43-05f2882de857&userCode=lylyly&userName=lylyly&spCode=484581254562&productCode=4&resourceCode=10071&subId=123&resourceName=&authType=2
03-30 14:13:48.250 E/MediaControler( 2872): initMediaPlayer
03-30 14:13:48.260 V/AudioFlinger( 8888): acquiring 14 from 2872
03-30 14:13:48.260 V/AudioFlinger( 8888):  added new entry for 14
03-30 14:13:48.260 D/Test    ( 2872): requestUrl  :http://wasu.feifeikan.com:8080/msis/stopPlayNotify?version=V001&terminalType=3&resolution=1280*720&UUID=43fa13f0-3a11-47ef-9e43-05f2882de857&authKey=136fa21bb5962a20e5a80491cbd9f7dd
03-30 14:13:48.460 D/MediaControler( 2872): setDataSource
03-30 14:13:48.460 D/MediaControler( 2872): setDisplay
03-30 14:13:48.460 D/MediaControler( 2872): start prepareAsync
03-30 14:13:48.460 D/VideoPlayer( 2872): UUID:43fa13f0-3a11-47ef-9e43-05f2882de857
03-30 14:13:48.460 E/Functions( 2872): stopPlayNotify:
03-30 14:13:48.460 D/MediaControler( 2872): onVideoSizeChanged video width(0) or height(0)
03-30 14:13:48.460 E/MediaControler( 2872): invalid video width(0) or height(0)
03-30 14:13:48.460 V/MediaControler( 2872): onPrepared ok
03-30 14:13:48.460 D/Test    ( 2872): requestUrl  :http://wasu.feifeikan.com:8080/msis/startPlayNotify?version=V001&terminalType=3&resolution=1280*720&UUID=43fa13f0-3a11-47ef-9e43-05f2882de857&authKey=cb42f6c25fc46317e39272cca336c4a9
03-30 14:13:48.460 D/MediaControler( 2872): start play
03-30 14:13:48.460 I/LiveSession( 8888): onConnect 'http://live.feifeikan.com/vod/coship,CCTV10.m3u8?fmt=x264_0k_mpegts&sora=1&delay=1105&sk=05A5651591AFB5D6B6764D30B038204E&UUID=43fa13f0-3a11-47ef-9e43-05f2882de857&userCode=lylyly&userName=lylyly&spCode=484581254562&productCode=4&resourceCode=10071&subId=123&resourceName=&authType=2'
03-30 14:13:48.460 V/ChromiumHTTPDataSource( 8888): connect on behalf of uid 10069
03-30 14:13:48.460 I/ChromiumHTTPDataSource( 8888): connect to http://live.feifeikan.com/vod/coship,CCTV10.m3u8?fmt=x264_0k_mpegts&sora=1&delay=1105&sk=05A5651591AFB5D6B6764D30B038204E&UUID=43fa13f0-3a11-47ef-9e43-05f2882de857&userCode=lylyly&userName=lylyly&spCode=484581254562&productCode=4&resourceCode=10071&subId=123&resourceName=&authType=2 @0
03-30 14:13:49.101 V/ChromiumHTTPDataSource( 8888): connect on behalf of uid 10069
03-30 14:13:49.101 I/ChromiumHTTPDataSource( 8888): connect to http://live.feifeikan.com/vod/coship_CCTV10_800.m3u8?fmt=x264_0k_mpegts&sora=1&delay=1105&sk=05A5651591AFB5D6B6764D30B038204E&UUID=43fa13f0-3a11-47ef-9e43-05f2882de857&userCode=lylyly&userName=lylyly&spCode=484581254562&productCode=4&resourceCode=10071&subId=123&resourceName=&authType=2&unique=5591a7d8 @0
03-30 14:13:49.722 V/ChromiumHTTPDataSource( 8888): connect on behalf of uid 10069
03-30 14:13:49.722 I/ChromiumHTTPDataSource( 8888): connect to http://live.feifeikan.com/vod/hls/coship_CCTV10_800.tindex?pos=1364622880&dur=16&tokenekot=LMkpeF38tjIzh7z3mmcM @0
03-30 14:13:49.962 E/VideoPlayer( 2872): onPlayStart-playType:4
03-30 14:13:49.972 I/Choreographer( 2872): Skipped 90 frames!  The application may be doing too much work on its main thread.
03-30 14:13:49.982 E/Functions( 2872): startPlayNotify:
03-30 14:13:50.983 V/MediaControler( 2872): getCurrentPos:0
03-30 14:13:50.983 E/VideoPlayer( 2872): delay:1105
03-30 14:13:51.984 V/MediaControler( 2872): getCurrentPos:0
03-30 14:13:52.975 V/MediaControler( 2872): getCurrentPos:0
03-30 14:13:53.976 V/MediaControler( 2872): getCurrentPos:0
03-30 14:13:54.977 V/MediaControler( 2872): getCurrentPos:0
03-30 14:13:55.217 D/NetworkPolicy(  384): setNetworkTemplateEnabled(): match rule = 1
