03-30 13:44:03.873 W/ActivityManager(  384): 	at com.android.server.am.ActivityManagerService.overridePendingTransition(ActivityManagerService.java:2833)
03-30 13:44:03.873 W/ActivityManager(  384): 	at android.app.ActivityManagerNative.onTransact(ActivityManagerNative.java:1338)
03-30 13:44:03.873 W/ActivityManager(  384): 	at com.android.server.am.ActivityManagerService.onTransact(ActivityManagerService.java:1639)
03-30 13:44:03.873 W/ActivityManager(  384): 	at android.os.Binder.execTransact(Binder.java:367)
03-30 13:44:03.873 W/ActivityManager(  384): 	at dalvik.system.NativeStart.run(Native Method)
03-30 13:44:04.844 W/ActivityManager(  384): Bad activity token: android.os.BinderProxy@41dc3990
03-30 13:44:04.844 W/ActivityManager(  384): java.lang.ClassCastException: android.os.BinderProxy cannot be cast to com.android.server.am.ActivityRecord$Token
03-30 13:44:04.844 W/ActivityManager(  384): 	at com.android.server.am.ActivityRecord.forToken(ActivityRecord.java:307)
03-30 13:44:04.844 W/ActivityManager(  384): 	at com.android.server.am.ActivityStack.isInStackLocked(ActivityStack.java:478)
03-30 13:44:04.844 W/ActivityManager(  384): 	at com.android.server.am.ActivityManagerService.overridePendingTransition(ActivityManagerService.java:2833)
03-30 13:44:04.844 W/ActivityManager(  384): 	at android.app.ActivityManagerNative.onTransact(ActivityManagerNative.java:1338)
03-30 13:44:04.844 W/ActivityManager(  384): 	at com.android.server.am.ActivityManagerService.onTransact(ActivityManagerService.java:1639)
03-30 13:44:04.844 W/ActivityManager(  384): 	at android.os.Binder.execTransact(Binder.java:367)
03-30 13:44:04.844 W/ActivityManager(  384): 	at dalvik.system.NativeStart.run(Native Method)
03-30 13:44:05.374 W/ActivityManager(  384): Bad activity token: android.os.BinderProxy@41ae6f38
03-30 13:44:05.374 W/ActivityManager(  384): java.lang.ClassCastException: android.os.BinderProxy cannot be cast to com.android.server.am.ActivityRecord$Token
03-30 13:44:05.374 W/ActivityManager(  384): 	at com.android.server.am.ActivityRecord.forToken(ActivityRecord.java:307)
03-30 13:44:05.374 W/ActivityManager(  384): 	at com.android.server.am.ActivityStack.isInStackLocked(ActivityStack.java:478)
03-30 13:44:05.374 W/ActivityManager(  384): 	at com.android.server.am.ActivityManagerService.overridePendingTransition(ActivityManagerService.java:2833)
03-30 13:44:05.374 W/ActivityManager(  384): 	at android.app.ActivityManagerNative.onTransact(ActivityManagerNative.java:1338)
03-30 13:44:05.374 W/ActivityManager(  384): 	at com.android.server.am.ActivityManagerService.onTransact(ActivityManagerService.java:1639)
03-30 13:44:05.374 W/ActivityManager(  384): 	at android.os.Binder.execTransact(Binder.java:367)
03-30 13:44:05.374 W/ActivityManager(  384): 	at dalvik.system.NativeStart.run(Native Method)
03-30 13:44:06.666 W/ActivityManager(  384): Bad activity token: android.os.BinderProxy@41887938
03-30 13:44:06.666 W/ActivityManager(  384): java.lang.ClassCastException: android.os.BinderProxy cannot be cast to com.android.server.am.ActivityRecord$Token
03-30 13:44:06.666 W/ActivityManager(  384): 	at com.android.server.am.ActivityRecord.forToken(ActivityRecord.java:307)
03-30 13:44:06.666 W/ActivityManager(  384): 	at com.android.server.am.ActivityStack.isInStackLocked(ActivityStack.java:478)
03-30 13:44:06.666 W/ActivityManager(  384): 	at com.android.server.am.ActivityManagerService.overridePendingTransition(ActivityManagerService.java:2833)
03-30 13:44:06.666 W/ActivityManager(  384): 	at android.app.ActivityManagerNative.onTransact(ActivityManagerNative.java:1338)
03-30 13:44:06.666 W/ActivityManager(  384): 	at com.android.server.am.ActivityManagerService.onTransact(ActivityManagerService.java:1639)
03-30 13:44:06.666 W/ActivityManager(  384): 	at android.os.Binder.execTransact(Binder.java:367)
03-30 13:44:06.666 W/ActivityManager(  384): 	at dalvik.system.NativeStart.run(Native Method)
03-30 13:44:10.079 W/ThrottleService(  384): unable to find stats for iface rmnet0
03-30 13:44:11.420 I/ActivityManager(  384): START {flg=0x4000000 cmp=com.tencent.news/.ui.ImageDetailActivity (has extras) u=0} from pid 921
03-30 13:44:11.420 W/ActivityManager(  384): Bad activity token: android.os.BinderProxy@41df3430
03-30 13:44:11.420 W/ActivityManager(  384): java.lang.ClassCastException: android.os.BinderProxy cannot be cast to com.android.server.am.ActivityRecord$Token
03-30 13:44:11.420 W/ActivityManager(  384): 	at com.android.server.am.ActivityRecord.forToken(ActivityRecord.java:307)
03-30 13:44:11.420 W/ActivityManager(  384): 	at com.android.server.am.ActivityStack.indexOfTokenLocked(ActivityStack.java:470)
03-30 13:44:11.420 W/ActivityManager(  384): 	at com.android.server.am.ActivityStack.startActivityLocked(ActivityStack.java:2415)
03-30 13:44:11.420 W/ActivityManager(  384): 	at com.android.server.am.ActivityStack.startActivityMayWait(ActivityStack.java:3108)
03-30 13:44:11.420 W/ActivityManager(  384): 	at com.android.server.am.ActivityManagerService.startActivity(ActivityManagerService.java:2396)
03-30 13:44:11.420 W/ActivityManager(  384): 	at android.app.ActivityManagerNative.onTransact(ActivityManagerNative.java:130)
03-30 13:44:11.420 W/ActivityManager(  384): 	at com.android.server.am.ActivityManagerService.onTransact(ActivityManagerService.java:1639)
03-30 13:44:11.420 W/ActivityManager(  384): 	at android.os.Binder.execTransact(Binder.java:367)
03-30 13:44:11.420 W/ActivityManager(  384): 	at com.android.server.SystemServer.init1(Native Method)
03-30 13:44:11.420 W/ActivityManager(  384): 	at com.android.server.SystemServer.main(SystemServer.java:996)
03-30 13:44:11.420 W/ActivityManager(  384): 	at java.lang.reflect.Method.invokeNative(Native Method)
03-30 13:44:11.420 W/ActivityManager(  384): 	at java.lang.reflect.Method.invoke(Method.java:511)
03-30 13:44:11.420 W/ActivityManager(  384): 	at com.android.internal.os.ZygoteInit$MethodAndArgsCaller.run(ZygoteInit.java:787)
03-30 13:44:11.420 W/ActivityManager(  384): 	at com.android.internal.os.ZygoteInit.main(ZygoteInit.java:554)
03-30 13:44:11.420 W/ActivityManager(  384): 	at dalvik.system.NativeStart.main(Native Method)
03-30 13:44:11.420 W/ActivityManager(  384): startActivity called from non-Activity context; forcing Intent.FLAG_ACTIVITY_NEW_TASK for: Intent { flg=0x4000000 cmp=com.tencent.news/.ui.ImageDetailActivity (has extras) }
03-30 13:45:33.190 D/BatteryService(  384): mAcOnlinefalsemUsbOnline:falsemBatteryStatus 3
03-30 13:45:33.190 D/BatteryService(  384): mBatteryLevel74isPowered():falseActivityManagerNative.isSystemReady():true
03-30 13:45:33.190 D/BatteryService(  384): mAcOnlinefalsemUsbOnline:falsemBatteryStatus 3
03-30 13:45:33.200 D/ActivityManager(  384): mBatteryStatusReceiver, action=android.intent.action.BATTERY_CHANGED
03-30 13:45:33.200 D/ActivityManager(  384): mBatteryStatusReceiver, plugged=0, mBatteryStatusPlugged=0, fakeShutdownMode=false
03-30 13:47:53.207 I/ActivityManager(  384): START {flg=0x4000000 cmp=com.tencent.news/.ui.NewsDetailActivity (has extras) u=0} from pid 921
03-30 13:47:53.207 W/ActivityManager(  384): Bad activity token: android.os.BinderProxy@41c4d4c0
03-30 13:47:53.207 W/ActivityManager(  384): java.lang.ClassCastException: android.os.BinderProxy cannot be cast to com.android.server.am.ActivityRecord$Token
03-30 13:47:53.207 W/ActivityManager(  384): 	at com.android.server.am.ActivityRecord.forToken(ActivityRecord.java:307)
03-30 13:47:53.207 W/ActivityManager(  384): 	at com.android.server.am.ActivityStack.indexOfTokenLocked(ActivityStack.java:470)
03-30 13:47:53.207 W/ActivityManager(  384): 	at com.android.server.am.ActivityStack.startActivityLocked(ActivityStack.java:2415)
03-30 13:47:53.207 W/ActivityManager(  384): 	at com.android.server.am.ActivityStack.startActivityMayWait(ActivityStack.java:3108)
03-30 13:47:53.207 W/ActivityManager(  384): 	at com.android.server.am.ActivityManagerService.startActivity(ActivityManagerService.java:2396)
03-30 13:47:53.207 W/ActivityManager(  384): 	at android.app.ActivityManagerNative.onTransact(ActivityManagerNative.java:130)
03-30 13:47:53.207 W/ActivityManager(  384): 	at com.android.server.am.ActivityManagerService.onTransact(ActivityManagerService.java:1639)
03-30 13:47:53.207 W/ActivityManager(  384): 	at android.os.Binder.execTransact(Binder.java:367)
03-30 13:47:53.207 W/ActivityManager(  384): 	at dalvik.system.NativeStart.run(Native Method)
03-30 13:47:53.207 W/ActivityManager(  384): startActivity called from non-Activity context; forcing Intent.FLAG_ACTIVITY_NEW_TASK for: Intent { flg=0x4000000 cmp=com.tencent.news/.ui.NewsDetailActivity (has extras) }
03-30 13:48:05.729 I/ActivityManager(  384): START {flg=0x4000000 cmp=com.tencent.news/.ui.NewsDetailActivity (has extras) u=0} from pid 921
03-30 13:48:05.729 W/ActivityManager(  384): Bad activity token: android.os.BinderProxy@41c4d4c0
03-30 13:48:05.729 W/ActivityManager(  384): java.lang.ClassCastException: android.os.BinderProxy cannot be cast to com.android.server.am.ActivityRecord$Token
03-30 13:48:05.729 W/ActivityManager(  384): 	at com.android.server.am.ActivityRecord.forToken(ActivityRecord.java:307)
03-30 13:48:05.729 W/ActivityManager(  384): 	at com.android.server.am.ActivityStack.indexOfTokenLocked(ActivityStack.java:470)
03-30 13:48:05.729 W/ActivityManager(  384): 	at com.android.server.am.ActivityStack.startActivityLocked(ActivityStack.java:2415)
03-30 13:48:05.729 W/ActivityManager(  384): 	at com.android.server.am.ActivityStack.startActivityMayWait(ActivityStack.java:3108)
03-30 13:48:05.729 W/ActivityManager(  384): 	at com.android.server.am.ActivityManagerService.startActivity(ActivityManagerService.java:2396)
03-30 13:48:05.729 W/ActivityManager(  384): 	at android.app.ActivityManagerNative.onTransact(ActivityManagerNative.java:130)
03-30 13:48:05.729 W/ActivityManager(  384): 	at com.android.server.am.ActivityManagerService.onTransact(ActivityManagerService.java:1639)
03-30 13:48:05.729 W/ActivityManager(  384): 	at android.os.Binder.execTransact(Binder.java:367)
03-30 13:48:05.729 W/ActivityManager(  384): 	at com.android.server.SystemServer.init1(Native Method)
03-30 13:48:05.729 W/ActivityManager(  384): 	at com.android.server.SystemServer.main(SystemServer.java:996)
03-30 13:48:05.729 W/ActivityManager(  384): 	at java.lang.reflect.Method.invokeNative(Native Method)
03-30 13:48:05.729 W/ActivityManager(  384): 	at java.lang.reflect.Method.invoke(Method.java:511)
03-30 13:48:05.729 W/ActivityManager(  384): 	at com.android.internal.os.ZygoteInit$MethodAndArgsCaller.run(ZygoteInit.java:787)
03-30 13:48:05.729 W/ActivityManager(  384): 	at com.android.internal.os.ZygoteInit.main(ZygoteInit.java:554)
03-30 13:48:05.729 W/ActivityManager(  384): 	at dalvik.system.NativeStart.main(Native Method)
03-30 13:48:05.729 W/ActivityManager(  384): startActivity called from non-Activity context; forcing Intent.FLAG_ACTIVITY_NEW_TASK for: Intent { flg=0x4000000 cmp=com.tencent.news/.ui.NewsDetailActivity (has extras) }
03-30 13:48:18.591 I/ActivityManager(  384): START {flg=0x4000000 cmp=com.tencent.news/.ui.NewsDetailActivity (has extras) u=0} from pid 921
03-30 13:48:18.591 W/ActivityManager(  384): Bad activity token: android.os.BinderProxy@41c717f0
03-30 13:48:18.591 W/ActivityManager(  384): java.lang.ClassCastException: android.os.BinderProxy cannot be cast to com.android.server.am.ActivityRecord$Token
03-30 13:48:18.591 W/ActivityManager(  384): 	at com.android.server.am.ActivityRecord.forToken(ActivityRecord.java:307)
03-30 13:48:18.591 W/ActivityManager(  384): 	at com.android.server.am.ActivityStack.indexOfTokenLocked(ActivityStack.java:470)
03-30 13:48:18.591 W/ActivityManager(  384): 	at com.android.server.am.ActivityStack.startActivityLocked(ActivityStack.java:2415)
03-30 13:48:18.591 W/ActivityManager(  384): 	at com.android.server.am.ActivityStack.startActivityMayWait(ActivityStack.java:3108)
03-30 13:48:18.591 W/ActivityManager(  384): 	at com.android.server.am.ActivityManagerService.startActivity(ActivityManagerService.java:2396)
03-30 13:48:18.591 W/ActivityManager(  384): 	at android.app.ActivityManagerNative.onTransact(ActivityManagerNative.java:130)
03-30 13:48:18.591 W/ActivityManager(  384): 	at com.android.server.am.ActivityManagerService.onTransact(ActivityManagerService.java:1639)
03-30 13:48:18.591 W/ActivityManager(  384): 	at android.os.Binder.execTransact(Binder.java:367)
03-30 13:48:18.591 W/ActivityManager(  384): 	at dalvik.system.NativeStart.run(Native Method)
03-30 13:48:18.591 W/ActivityManager(  384): startActivity called from non-Activity context; forcing Intent.FLAG_ACTIVITY_NEW_TASK for: Intent { flg=0x4000000 cmp=com.tencent.news/.ui.NewsDetailActivity (has extras) }
03-30 13:48:55.057 I/ActivityManager(  384): START {flg=0x4000000 cmp=com.tencent.news/.ui.NewsDetailActivity (has extras) u=0} from pid 921
03-30 13:48:55.057 W/ActivityManager(  384): Bad activity token: android.os.BinderProxy@41c717f0
03-30 13:48:55.057 W/ActivityManager(  384): java.lang.ClassCastException: android.os.BinderProxy cannot be cast to com.android.server.am.ActivityRecord$Token
03-30 13:48:55.057 W/ActivityManager(  384): 	at com.android.server.am.ActivityRecord.forToken(ActivityRecord.java:307)
03-30 13:48:55.057 W/ActivityManager(  384): 	at com.android.server.am.ActivityStack.indexOfTokenLocked(ActivityStack.java:470)
03-30 13:48:55.057 W/ActivityManager(  384): 	at com.android.server.am.ActivityStack.startActivityLocked(ActivityStack.java:2415)
03-30 13:48:55.057 W/ActivityManager(  384): 	at com.android.server.am.ActivityStack.startActivityMayWait(ActivityStack.java:3108)
03-30 13:48:55.057 W/ActivityManager(  384): 	at com.android.server.am.ActivityManagerService.startActivity(ActivityManagerService.java:2396)
03-30 13:48:55.057 W/ActivityManager(  384): 	at android.app.ActivityManagerNative.onTransact(ActivityManagerNative.java:130)
03-30 13:48:55.057 W/ActivityManager(  384): 	at com.android.server.am.ActivityManagerService.onTransact(ActivityManagerService.java:1639)
03-30 13:48:55.057 W/ActivityManager(  384): 	at android.os.Binder.execTransact(Binder.java:367)
03-30 13:48:55.057 W/ActivityManager(  384): 	at dalvik.system.NativeStart.run(Native Method)
03-30 13:48:55.057 W/ActivityManager(  384): startActivity called from non-Activity context; forcing Intent.FLAG_ACTIVITY_NEW_TASK for: Intent { flg=0x4000000 cmp=com.tencent.news/.ui.NewsDetailActivity (has extras) }
03-30 13:49:31.963 I/ActivityManager(  384): START {flg=0x4000000 cmp=com.tencent.news/.ui.NewsDetailActivity (has extras) u=0} from pid 921
03-30 13:49:31.963 W/ActivityManager(  384): Bad activity token: android.os.BinderProxy@41c07040
03-30 13:49:31.963 W/ActivityManager(  384): java.lang.ClassCastException: android.os.BinderProxy cannot be cast to com.android.server.am.ActivityRecord$Token
03-30 13:49:31.963 W/ActivityManager(  384): 	at com.android.server.am.ActivityRecord.forToken(ActivityRecord.java:307)
03-30 13:49:31.963 W/ActivityManager(  384): 	at com.android.server.am.ActivityStack.indexOfTokenLocked(ActivityStack.java:470)
03-30 13:49:31.963 W/ActivityManager(  384): 	at com.android.server.am.ActivityStack.startActivityLocked(ActivityStack.java:2415)
03-30 13:49:31.963 W/ActivityManager(  384): 	at com.android.server.am.ActivityStack.startActivityMayWait(ActivityStack.java:3108)
03-30 13:49:31.963 W/ActivityManager(  384): 	at com.android.server.am.ActivityManagerService.startActivity(ActivityManagerService.java:2396)
03-30 13:49:31.963 W/ActivityManager(  384): 	at android.app.ActivityManagerNative.onTransact(ActivityManagerNative.java:130)
03-30 13:49:31.963 W/ActivityManager(  384): 	at com.android.server.am.ActivityManagerService.onTransact(ActivityManagerService.java:1639)
03-30 13:49:31.963 W/ActivityManager(  384): 	at android.os.Binder.execTransact(Binder.java:367)
03-30 13:49:31.963 W/ActivityManager(  384): 	at dalvik.system.NativeStart.run(Native Method)
03-30 13:49:31.963 W/ActivityManager(  384): startActivity called from non-Activity context; forcing Intent.FLAG_ACTIVITY_NEW_TASK for: Intent { flg=0x4000000 cmp=com.tencent.news/.ui.NewsDetailActivity (has extras) }
03-30 13:50:27.467 I/ActivityManager(  384): START {flg=0x4000000 cmp=com.tencent.news/.ui.NewsDetailActivity (has extras) u=0} from pid 921
03-30 13:50:27.467 W/ActivityManager(  384): Bad activity token: android.os.BinderProxy@41c07040
03-30 13:50:27.467 W/ActivityManager(  384): java.lang.ClassCastException: android.os.BinderProxy cannot be cast to com.android.server.am.ActivityRecord$Token
03-30 13:50:27.467 W/ActivityManager(  384): 	at com.android.server.am.ActivityRecord.forToken(ActivityRecord.java:307)
03-30 13:50:27.467 W/ActivityManager(  384): 	at com.android.server.am.ActivityStack.indexOfTokenLocked(ActivityStack.java:470)
03-30 13:50:27.467 W/ActivityManager(  384): 	at com.android.server.am.ActivityStack.startActivityLocked(ActivityStack.java:2415)
03-30 13:50:27.467 W/ActivityManager(  384): 	at com.android.server.am.ActivityStack.startActivityMayWait(ActivityStack.java:3108)
03-30 13:50:27.467 W/ActivityManager(  384): 	at com.android.server.am.ActivityManagerService.startActivity(ActivityManagerService.java:2396)
03-30 13:50:27.467 W/ActivityManager(  384): 	at android.app.ActivityManagerNative.onTransact(ActivityManagerNative.java:130)
03-30 13:50:27.467 W/ActivityManager(  384): 	at com.android.server.am.ActivityManagerService.onTransact(ActivityManagerService.java:1639)
03-30 13:50:27.467 W/ActivityManager(  384): 	at android.os.Binder.execTransact(Binder.java:367)
03-30 13:50:27.467 W/ActivityManager(  384): 	at dalvik.system.NativeStart.run(Native Method)
03-30 13:50:27.467 W/ActivityManager(  384): startActivity called from non-Activity context; forcing Intent.FLAG_ACTIVITY_NEW_TASK for: Intent { flg=0x4000000 cmp=com.tencent.news/.ui.NewsDetailActivity (has extras) }
03-30 13:51:10.159 D/BatteryService(  384): mAcOnlinefalsemUsbOnline:falsemBatteryStatus 3
03-30 13:51:10.159 D/BatteryService(  384): mBatteryLevel73isPowered():falseActivityManagerNative.isSystemReady():true
03-30 13:51:10.169 D/BatteryService(  384): mAcOnlinefalsemUsbOnline:falsemBatteryStatus 3
03-30 13:51:10.169 D/ActivityManager(  384): mBatteryStatusReceiver, action=android.intent.action.BATTERY_CHANGED
03-30 13:51:10.169 D/ActivityManager(  384): mBatteryStatusReceiver, plugged=0, mBatteryStatusPlugged=0, fakeShutdownMode=false
03-30 13:51:23.382 I/ActivityManager(  384): START {flg=0x4000000 cmp=com.tencent.news/.ui.NewsDetailActivity (has extras) u=0} from pid 921
03-30 13:51:23.382 W/ActivityManager(  384): Bad activity token: android.os.BinderProxy@41ccf920
03-30 13:51:23.382 W/ActivityManager(  384): java.lang.ClassCastException: android.os.BinderProxy cannot be cast to com.android.server.am.ActivityRecord$Token
03-30 13:51:23.382 W/ActivityManager(  384): 	at com.android.server.am.ActivityRecord.forToken(ActivityRecord.java:307)
03-30 13:51:23.382 W/ActivityManager(  384): 	at com.android.server.am.ActivityStack.indexOfTokenLocked(ActivityStack.java:470)
03-30 13:51:23.382 W/ActivityManager(  384): 	at com.android.server.am.ActivityStack.startActivityLocked(ActivityStack.java:2415)
03-30 13:51:23.382 W/ActivityManager(  384): 	at com.android.server.am.ActivityStack.startActivityMayWait(ActivityStack.java:3108)
03-30 13:51:23.382 W/ActivityManager(  384): 	at com.android.server.am.ActivityManagerService.startActivity(ActivityManagerService.java:2396)
03-30 13:51:23.382 W/ActivityManager(  384): 	at android.app.ActivityManagerNative.onTransact(ActivityManagerNative.java:130)
03-30 13:51:23.382 W/ActivityManager(  384): 	at com.android.server.am.ActivityManagerService.onTransact(ActivityManagerService.java:1639)
03-30 13:51:23.382 W/ActivityManager(  384): 	at android.os.Binder.execTransact(Binder.java:367)
03-30 13:51:23.382 W/ActivityManager(  384): 	at dalvik.system.NativeStart.run(Native Method)
03-30 13:51:23.382 W/ActivityManager(  384): startActivity called from non-Activity context; forcing Intent.FLAG_ACTIVITY_NEW_TASK for: Intent { flg=0x4000000 cmp=com.tencent.news/.ui.NewsDetailActivity (has extras) }
03-30 13:51:44.192 I/ActivityManager(  384): START {flg=0x4000000 cmp=com.tencent.news/.ui.NewsDetailActivity (has extras) u=0} from pid 921
03-30 13:51:44.192 W/ActivityManager(  384): Bad activity token: android.os.BinderProxy@41ccf920
03-30 13:51:44.192 W/ActivityManager(  384): java.lang.ClassCastException: android.os.BinderProxy cannot be cast to com.android.server.am.ActivityRecord$Token
03-30 13:51:44.192 W/ActivityManager(  384): 	at com.android.server.am.ActivityRecord.forToken(ActivityRecord.java:307)
03-30 13:51:44.192 W/ActivityManager(  384): 	at com.android.server.am.ActivityStack.indexOfTokenLocked(ActivityStack.java:470)
03-30 13:51:44.192 W/ActivityManager(  384): 	at com.android.server.am.ActivityStack.startActivityLocked(ActivityStack.java:2415)
03-30 13:51:44.192 W/ActivityManager(  384): 	at com.android.server.am.ActivityStack.startActivityMayWait(ActivityStack.java:3108)
03-30 13:51:44.192 W/ActivityManager(  384): 	at com.android.server.am.ActivityManagerService.startActivity(ActivityManagerService.java:2396)
03-30 13:51:44.192 W/ActivityManager(  384): 	at android.app.ActivityManagerNative.onTransact(ActivityManagerNative.java:130)
03-30 13:51:44.192 W/ActivityManager(  384): 	at com.android.server.am.ActivityManagerService.onTransact(ActivityManagerService.java:1639)
03-30 13:51:44.192 W/ActivityManager(  384): 	at android.os.Binder.execTransact(Binder.java:367)
03-30 13:51:44.192 W/ActivityManager(  384): 	at dalvik.system.NativeStart.run(Native Method)
03-30 13:51:44.192 W/ActivityManager(  384): startActivity called from non-Activity context; forcing Intent.FLAG_ACTIVITY_NEW_TASK for: Intent { flg=0x4000000 cmp=com.tencent.news/.ui.NewsDetailActivity (has extras) }
03-30 13:52:35.192 I/ActivityManager(  384): START {flg=0x4000000 cmp=com.tencent.news/.ui.NewsDetailActivity (has extras) u=0} from pid 921
03-30 13:52:35.192 W/ActivityManager(  384): Bad activity token: android.os.BinderProxy@41a80758
03-30 13:52:35.192 W/ActivityManager(  384): java.lang.ClassCastException: android.os.BinderProxy cannot be cast to com.android.server.am.ActivityRecord$Token
03-30 13:52:35.192 W/ActivityManager(  384): 	at com.android.server.am.ActivityRecord.forToken(ActivityRecord.java:307)
03-30 13:52:35.192 W/ActivityManager(  384): 	at com.android.server.am.ActivityStack.indexOfTokenLocked(ActivityStack.java:470)
03-30 13:52:35.192 W/ActivityManager(  384): 	at com.android.server.am.ActivityStack.startActivityLocked(ActivityStack.java:2415)
03-30 13:52:35.192 W/ActivityManager(  384): 	at com.android.server.am.ActivityStack.startActivityMayWait(ActivityStack.java:3108)
03-30 13:52:35.192 W/ActivityManager(  384): 	at com.android.server.am.ActivityManagerService.startActivity(ActivityManagerService.java:2396)
03-30 13:52:35.192 W/ActivityManager(  384): 	at android.app.ActivityManagerNative.onTransact(ActivityManagerNative.java:130)
03-30 13:52:35.192 W/ActivityManager(  384): 	at com.android.server.am.ActivityManagerService.onTransact(ActivityManagerService.java:1639)
03-30 13:52:35.192 W/ActivityManager(  384): 	at android.os.Binder.execTransact(Binder.java:367)
03-30 13:52:35.192 W/ActivityManager(  384): 	at dalvik.system.NativeStart.run(Native Method)
03-30 13:52:35.192 W/ActivityManager(  384): startActivity called from non-Activity context; forcing Intent.FLAG_ACTIVITY_NEW_TASK for: Intent { flg=0x4000000 cmp=com.tencent.news/.ui.NewsDetailActivity (has extras) }
03-30 13:52:36.563 D/NetworkPolicy(  384): setNetworkTemplateEnabled(): match rule = 1
03-30 13:52:36.563 D/MobileDataStateTracker(  384): default: setPolicyDataEnable(enabled=true)
03-30 13:53:24.070 W/ActivityManager(  384): Bad activity token: android.os.BinderProxy@4149ac40
03-30 13:53:24.070 W/ActivityManager(  384): java.lang.ClassCastException: android.os.BinderProxy cannot be cast to com.android.server.am.ActivityRecord$Token
03-30 13:53:24.070 W/ActivityManager(  384): 	at com.android.server.am.ActivityRecord.forToken(ActivityRecord.java:307)
03-30 13:53:24.070 W/ActivityManager(  384): 	at com.android.server.am.ActivityStack.isInStackLocked(ActivityStack.java:478)
03-30 13:53:24.070 W/ActivityManager(  384): 	at com.android.server.am.ActivityManagerService.overridePendingTransition(ActivityManagerService.java:2833)
03-30 13:53:24.070 W/ActivityManager(  384): 	at android.app.ActivityManagerNative.onTransact(ActivityManagerNative.java:1338)
03-30 13:53:24.070 W/ActivityManager(  384): 	at com.android.server.am.ActivityManagerService.onTransact(ActivityManagerService.java:1639)
03-30 13:53:24.070 W/ActivityManager(  384): 	at android.os.Binder.execTransact(Binder.java:367)
03-30 13:53:24.070 W/ActivityManager(  384): 	at dalvik.system.NativeStart.run(Native Method)
03-30 13:53:28.564 W/ActivityManager(  384): Bad activity token: android.os.BinderProxy@421ab7d0
03-30 13:53:28.564 W/ActivityManager(  384): java.lang.ClassCastException: android.os.BinderProxy cannot be cast to com.android.server.am.ActivityRecord$Token
03-30 13:53:28.564 W/ActivityManager(  384): 	at com.android.server.am.ActivityRecord.forToken(ActivityRecord.java:307)
03-30 13:53:28.564 W/ActivityManager(  384): 	at com.android.server.am.ActivityStack.isInStackLocked(ActivityStack.java:478)
03-30 13:53:28.564 W/ActivityManager(  384): 	at com.android.server.am.ActivityManagerService.overridePendingTransition(ActivityManagerService.java:2833)
03-30 13:53:28.564 W/ActivityManager(  384): 	at android.app.ActivityManagerNative.onTransact(ActivityManagerNative.java:1338)
03-30 13:53:28.564 W/ActivityManager(  384): 	at com.android.server.am.ActivityManagerService.onTransact(ActivityManagerService.java:1639)
03-30 13:53:28.564 W/ActivityManager(  384): 	at android.os.Binder.execTransact(Binder.java:367)
03-30 13:53:28.564 W/ActivityManager(  384): 	at dalvik.system.NativeStart.run(Native Method)
03-30 13:53:40.385 W/ActivityManager(  384): Bad activity token: android.os.BinderProxy@41c59f68
03-30 13:53:40.385 W/ActivityManager(  384): java.lang.ClassCastException: android.os.BinderProxy cannot be cast to com.android.server.am.ActivityRecord$Token
03-30 13:53:40.385 W/ActivityManager(  384): 	at com.android.server.am.ActivityRecord.forToken(ActivityRecord.java:307)
03-30 13:53:40.385 W/ActivityManager(  384): 	at com.android.server.am.ActivityStack.isInStackLocked(ActivityStack.java:478)
03-30 13:53:40.385 W/ActivityManager(  384): 	at com.android.server.am.ActivityManagerService.overridePendingTransition(ActivityManagerService.java:2833)
03-30 13:53:40.385 W/ActivityManager(  384): 	at android.app.ActivityManagerNative.onTransact(ActivityManagerNative.java:1338)
03-30 13:53:40.385 W/ActivityManager(  384): 	at com.android.server.am.ActivityManagerService.onTransact(ActivityManagerService.java:1639)
03-30 13:53:40.385 W/ActivityManager(  384): 	at android.os.Binder.execTransact(Binder.java:367)
03-30 13:53:40.385 W/ActivityManager(  384): 	at dalvik.system.NativeStart.run(Native Method)
03-30 13:53:49.084 I/ActivityManager(  384): START {flg=0x4000000 cmp=com.tencent.news/.ui.NewsDetailActivity (has extras) u=0} from pid 921
03-30 13:53:49.084 W/ActivityManager(  384): Bad activity token: android.os.BinderProxy@41a80758
03-30 13:53:49.084 W/ActivityManager(  384): java.lang.ClassCastException: android.os.BinderProxy cannot be cast to com.android.server.am.ActivityRecord$Token
03-30 13:53:49.084 W/ActivityManager(  384): 	at com.android.server.am.ActivityRecord.forToken(ActivityRecord.java:307)
03-30 13:53:49.084 W/ActivityManager(  384): 	at com.android.server.am.ActivityStack.indexOfTokenLocked(ActivityStack.java:470)
03-30 13:53:49.084 W/ActivityManager(  384): 	at com.android.server.am.ActivityStack.startActivityLocked(ActivityStack.java:2415)
03-30 13:53:49.084 W/ActivityManager(  384): 	at com.android.server.am.ActivityStack.startActivityMayWait(ActivityStack.java:3108)
03-30 13:53:49.084 W/ActivityManager(  384): 	at com.android.server.am.ActivityManagerService.startActivity(ActivityManagerService.java:2396)
03-30 13:53:49.084 W/ActivityManager(  384): 	at android.app.ActivityManagerNative.onTransact(ActivityManagerNative.java:130)
03-30 13:53:49.084 W/ActivityManager(  384): 	at com.android.server.am.ActivityManagerService.onTransact(ActivityManagerService.java:1639)
03-30 13:53:49.084 W/ActivityManager(  384): 	at android.os.Binder.execTransact(Binder.java:367)
03-30 13:53:49.084 W/ActivityManager(  384): 	at dalvik.system.NativeStart.run(Native Method)
03-30 13:53:49.084 W/ActivityManager(  384): startActivity called from non-Activity context; forcing Intent.FLAG_ACTIVITY_NEW_TASK for: Intent { flg=0x4000000 cmp=com.tencent.news/.ui.NewsDetailActivity (has extras) }
03-30 13:54:10.094 W/ThrottleService(  384): unable to find stats for iface rmnet0
03-30 13:54:37.191 I/ActivityManager(  384): START {flg=0x4000000 cmp=com.tencent.news/.ui.ImageDetailActivity (has extras) u=0} from pid 921
03-30 13:54:37.191 W/ActivityManager(  384): Bad activity token: android.os.BinderProxy@41a80758
03-30 13:54:37.191 W/ActivityManager(  384): java.lang.ClassCastException: android.os.BinderProxy cannot be cast to com.android.server.am.ActivityRecord$Token
03-30 13:54:37.191 W/ActivityManager(  384): 	at com.android.server.am.ActivityRecord.forToken(ActivityRecord.java:307)
03-30 13:54:37.191 W/ActivityManager(  384): 	at com.android.server.am.ActivityStack.indexOfTokenLocked(ActivityStack.java:470)
03-30 13:54:37.191 W/ActivityManager(  384): 	at com.android.server.am.ActivityStack.startActivityLocked(ActivityStack.java:2415)
03-30 13:54:37.191 W/ActivityManager(  384): 	at com.android.server.am.ActivityStack.startActivityMayWait(ActivityStack.java:3108)
03-30 13:54:37.191 W/ActivityManager(  384): 	at com.android.server.am.ActivityManagerService.startActivity(ActivityManagerService.java:2396)
03-30 13:54:37.191 W/ActivityManager(  384): 	at android.app.ActivityManagerNative.onTransact(ActivityManagerNative.java:130)
03-30 13:54:37.191 W/ActivityManager(  384): 	at com.android.server.am.ActivityManagerService.onTransact(ActivityManagerService.java:1639)
03-30 13:54:37.191 W/ActivityManager(  384): 	at android.os.Binder.execTransact(Binder.java:367)
03-30 13:54:37.191 W/ActivityManager(  384): 	at dalvik.system.NativeStart.run(Native Method)
03-30 13:54:37.191 W/ActivityManager(  384): startActivity called from non-Activity context; forcing Intent.FLAG_ACTIVITY_NEW_TASK for: Intent { flg=0x4000000 cmp=com.tencent.news/.ui.ImageDetailActivity (has extras) }
03-30 13:55:41.103 D/NetworkPolicy(  384): setNetworkTemplateEnabled(): match rule = 1
03-30 13:55:41.103 D/MobileDataStateTracker(  384): default: setPolicyDataEnable(enabled=true)
03-30 13:55:58.490 I/ActivityManager(  384): START {flg=0x4000000 cmp=com.tencent.news/.ui.NewsDetailActivity (has extras) u=0} from pid 921
03-30 13:55:58.490 W/ActivityManager(  384): Bad activity token: android.os.BinderProxy@41a80758
03-30 13:55:58.490 W/ActivityManager(  384): java.lang.ClassCastException: android.os.BinderProxy cannot be cast to com.android.server.am.ActivityRecord$Token
03-30 13:55:58.490 W/ActivityManager(  384): 	at com.android.server.am.ActivityRecord.forToken(ActivityRecord.java:307)
03-30 13:55:58.490 W/ActivityManager(  384): 	at com.android.server.am.ActivityStack.indexOfTokenLocked(ActivityStack.java:470)
03-30 13:55:58.490 W/ActivityManager(  384): 	at com.android.server.am.ActivityStack.startActivityLocked(ActivityStack.java:2415)
03-30 13:55:58.490 W/ActivityManager(  384): 	at com.android.server.am.ActivityStack.startActivityMayWait(ActivityStack.java:3108)
03-30 13:55:58.490 W/ActivityManager(  384): 	at com.android.server.am.ActivityManagerService.startActivity(ActivityManagerService.java:2396)
03-30 13:55:58.490 W/ActivityManager(  384): 	at android.app.ActivityManagerNative.onTransact(ActivityManagerNative.java:130)
03-30 13:55:58.490 W/ActivityManager(  384): 	at com.android.server.am.ActivityManagerService.onTransact(ActivityManagerService.java:1639)
03-30 13:55:58.490 W/ActivityManager(  384): 	at android.os.Binder.execTransact(Binder.java:367)
03-30 13:55:58.490 W/ActivityManager(  384): 	at dalvik.system.NativeStart.run(Native Method)
03-30 13:55:58.490 W/ActivityManager(  384): startActivity called from non-Activity context; forcing Intent.FLAG_ACTIVITY_NEW_TASK for: Intent { flg=0x4000000 cmp=com.tencent.news/.ui.NewsDetailActivity (has extras) }
03-30 13:56:34.325 I/ActivityManager(  384): START {act=android.intent.action.MAIN cat=[android.intent.category.HOME] flg=0x10200000 cmp=com.android.launcher/com.android.launcher2.Launcher u=0} from pid 384
03-30 13:56:34.685 I/ActivityManager(  384): START {act=android.intent.action.MAIN cat=[android.intent.category.HOME] flg=0x10200000 cmp=com.android.launcher/com.android.launcher2.Launcher u=0} from pid 384
03-30 13:56:36.467 D/PhoneStatusBar(  465): disable: < expand icons alerts ticker system_info back home RECENT* clock >
03-30 13:56:36.527 D/PhoneStatusBar(  465): disable: < expand icons alerts ticker system_info BACK* HOME* RECENT CLOCK* >
03-30 13:56:48.113 D/BatteryService(  384): mAcOnlinefalsemUsbOnline:falsemBatteryStatus 3
03-30 13:56:48.113 D/BatteryService(  384): mBatteryLevel72isPowered():falseActivityManagerNative.isSystemReady():true
03-30 13:56:48.123 D/BatteryService(  384): mAcOnlinefalsemUsbOnline:falsemBatteryStatus 3
03-30 13:56:48.123 D/ActivityManager(  384): mBatteryStatusReceiver, action=android.intent.action.BATTERY_CHANGED
03-30 13:56:48.123 D/ActivityManager(  384): mBatteryStatusReceiver, plugged=0, mBatteryStatusPlugged=0, fakeShutdownMode=false
03-30 13:57:11.072 I/WindowManager(  384): Lock screen displayed!
03-30 13:57:12.953 D/ConnectivityService(  384): ConnectivityChange for WIFI: DISCONNECTED/DISCONNECTED
03-30 13:57:12.953 D/ConnectivityService(  384): Attempting to switch to mobile
03-30 13:57:12.953 D/ConnectivityService(  384): Attempting to switch to BLUETOOTH_TETHER
03-30 13:57:12.953 D/ConnectivityService(  384): Attempting to switch to ETHERNET
03-30 13:57:12.953 D/ConnectivityService(  384): Attempting to switch to mobile2
03-30 13:57:12.953 D/ConnectivityService(  384): handleConnectivityChange: changed linkProperty[1]: doReset=true resetMask=3
03-30 13:57:12.953 D/ConnectivityService(  384):   curLp=InterfaceName: wlan0 LinkAddresses: [192.168.1.105/24,] Routes: [0.0.0.0/0 -> 192.168.1.1,] DnsAddresses: [192.168.1.1,] HttpProxy: [ProxyProperties.mHost == null] 
03-30 13:57:12.953 D/ConnectivityService(  384):   newLp= null
03-30 13:57:12.953 D/ConnectivityService(  384): Removing 192.168.1.1/32 -> 0.0.0.0 for interface wlan0
03-30 13:57:12.953 E/ConnectivityService(  384): Exception trying to remove a route: java.lang.IllegalStateException: command '177 interface route remove wlan0 default 192.168.1.1 32 0.0.0.0' failed with '400 177 Failed to remove route from default table (No such process)'
03-30 13:57:12.953 D/ConnectivityService(  384): Removing 0.0.0.0/0 -> 192.168.1.1 for interface wlan0
03-30 13:57:12.963 E/ConnectivityService(  384): Exception trying to remove a route: java.lang.IllegalStateException: command '178 interface route remove wlan0 default 0.0.0.0 0 192.168.1.1' failed with '400 178 Failed to remove route from default table (No such process)'
03-30 13:57:12.963 D/ConnectivityService(  384): resetConnections(wlan0, 3)
03-30 13:57:13.033 D/ConnectivityService(  384): resetting DNS cache for wlan0
03-30 13:57:13.043 D/ConnectivityService(  384): sendStickyBroadcast: action=android.net.conn.CONNECTIVITY_CHANGE_IMMEDIATE
03-30 13:57:13.043 D/NetworkPolicy(  384): setNetworkTemplateEnabled(): match rule = 1
03-30 13:57:13.043 D/ConnectivityService(  384): sendStickyBroadcastDelayed: delayMs=3000, action=android.net.conn.CONNECTIVITY_CHANGE
03-30 13:57:13.043 D/ConnectivityService(  384): ConnectivityChange for WIFI: DISCONNECTED/DISCONNECTED
03-30 13:57:13.053 D/ConnectivityService(  384): Attempting to switch to mobile
03-30 13:57:13.053 D/ConnectivityService(  384): Attempting to switch to BLUETOOTH_TETHER
03-30 13:57:13.053 D/ConnectivityService(  384): Attempting to switch to ETHERNET
03-30 13:57:13.053 D/ConnectivityService(  384): Attempting to switch to mobile2
03-30 13:57:13.053 D/ConnectivityService(  384): handleConnectivityChange: changed linkProperty[1]: doReset=true resetMask=3
03-30 13:57:13.053 D/ConnectivityService(  384):   curLp=null
03-30 13:57:13.053 D/ConnectivityService(  384):   newLp= null
03-30 13:57:13.053 D/ConnectivityService(  384): resetConnections(wlan0, 3)
03-30 13:57:13.133 D/ConnectivityService(  384): sendStickyBroadcast: action=android.net.conn.CONNECTIVITY_CHANGE_IMMEDIATE
03-30 13:57:13.133 D/ConnectivityService(  384): sendStickyBroadcastDelayed: delayMs=3000, action=android.net.conn.CONNECTIVITY_CHANGE
03-30 13:57:13.133 D/MobileDataStateTracker(  384): default: setPolicyDataEnable(enabled=true)
03-30 13:57:13.143 D/NetworkPolicy(  384): setNetworkTemplateEnabled(): match rule = 1
03-30 13:57:13.143 D/MobileDataStateTracker(  384): default: setPolicyDataEnable(enabled=true)
03-30 13:57:13.153 D/NetworkPolicy(  384): setNetworkTemplateEnabled(): match rule = 1
03-30 13:57:13.153 D/MobileDataStateTracker(  384): default: setPolicyDataEnable(enabled=true)
03-30 13:57:13.163 D/NetworkPolicy(  384): setNetworkTemplateEnabled(): match rule = 1
03-30 13:57:13.163 D/MobileDataStateTracker(  384): default: setPolicyDataEnable(enabled=true)
03-30 13:57:13.163 D/ConnectivityService(  384): reportNetworkCondition(1, 0)
03-30 13:57:13.163 D/ConnectivityService(  384): handleInetConditionChange: no active default network - ignore
03-30 13:57:16.056 D/ConnectivityService(  384): sendStickyBroadcast: action=android.net.conn.CONNECTIVITY_CHANGE
03-30 13:57:16.066 D/StatusBar.NetworkControllerDS(  465): updateConnectivity: intent=Intent { act=android.net.conn.CONNECTIVITY_CHANGE flg=0x8000010 (has extras) }
03-30 13:57:16.066 D/StatusBar.NetworkControllerDS(  465): updateConnectivity: networkInfo=null
03-30 13:57:16.066 D/StatusBar.NetworkControllerDS(  465): updateConnectivity: connectionStatus=0
03-30 13:57:16.066 D/StatusBar.NetworkControllerDS(  465): updateTelephonySignalStrength: !hasService()
03-30 13:57:16.076 D/ConnectivityService(  384):  getAllNetworkInfo i:0
03-30 13:57:16.076 D/ConnectivityService(  384):  getAllNetworkInfo tracker:
03-30 13:57:16.076 D/ConnectivityService(  384):  getAllNetworkInfo i:1
03-30 13:57:16.076 D/ConnectivityService(  384):  getAllNetworkInfo tracker:
03-30 13:57:16.076 D/ConnectivityService(  384):  getAllNetworkInfo i:2
03-30 13:57:16.076 D/ConnectivityService(  384):  getAllNetworkInfo tracker:
03-30 13:57:16.076 D/ConnectivityService(  384):  getAllNetworkInfo i:3
03-30 13:57:16.076 D/ConnectivityService(  384):  getAllNetworkInfo tracker:
03-30 13:57:16.076 D/ConnectivityService(  384):  getAllNetworkInfo i:4
03-30 13:57:16.076 D/ConnectivityService(  384):  getAllNetworkInfo i:5
03-30 13:57:16.076 D/ConnectivityService(  384):  getAllNetworkInfo tracker:
03-30 13:57:16.076 D/ConnectivityService(  384):  getAllNetworkInfo i:6
03-30 13:57:16.076 D/ConnectivityService(  384):  getAllNetworkInfo i:7
03-30 13:57:16.076 D/ConnectivityService(  384):  getAllNetworkInfo tracker:
03-30 13:57:16.076 D/ConnectivityService(  384):  getAllNetworkInfo i:8
03-30 13:57:16.076 D/ConnectivityService(  384):  getAllNetworkInfo i:9
03-30 13:57:16.076 D/ConnectivityService(  384):  getAllNetworkInfo tracker:
03-30 13:57:16.076 D/ConnectivityService(  384):  getAllNetworkInfo i:10
03-30 13:57:16.076 D/ConnectivityService(  384):  getAllNetworkInfo tracker:
03-30 13:57:16.076 D/ConnectivityService(  384):  getAllNetworkInfo i:11
03-30 13:57:16.076 D/ConnectivityService(  384):  getAllNetworkInfo tracker:
03-30 13:57:16.076 D/ConnectivityService(  384):  getAllNetworkInfo i:12
03-30 13:57:16.076 D/ConnectivityService(  384):  getAllNetworkInfo tracker:
03-30 13:57:16.076 D/ConnectivityService(  384):  getAllNetworkInfo i:13
03-30 13:57:16.076 D/ConnectivityService(  384):  getAllNetworkInfo tracker:
03-30 13:57:16.076 D/ConnectivityService(  384):  getAllNetworkInfo i:14
03-30 13:57:16.076 D/ConnectivityService(  384):  getAllNetworkInfo tracker:
03-30 13:57:16.076 D/ConnectivityService(  384):  getAllNetworkInfo i:15
03-30 13:57:16.076 D/ConnectivityService(  384):  getAllNetworkInfo tracker:
03-30 13:57:16.076 D/ConnectivityService(  384):  getAllNetworkInfo i:16
03-30 13:57:16.076 D/ConnectivityService(  384):  getAllNetworkInfo tracker:
03-30 13:57:16.076 D/ConnectivityService(  384):  getAllNetworkInfo i:17
03-30 13:57:16.076 D/ConnectivityService(  384):  getAllNetworkInfo tracker:
03-30 13:57:16.076 D/ConnectivityService(  384):  getAllNetworkInfo i:18
03-30 13:57:16.076 D/ConnectivityService(  384):  getAllNetworkInfo i:19
03-30 13:57:16.076 D/ConnectivityService(  384):  getAllNetworkInfo tracker:
03-30 13:57:16.076 D/ConnectivityService(  384):  getAllNetworkInfo i:20
03-30 13:57:16.076 D/ConnectivityService(  384):  getAllNetworkInfo tracker:
03-30 13:57:16.076 D/ConnectivityService(  384):  getAllNetworkInfo i:21
03-30 13:57:16.076 D/ConnectivityService(  384):  getAllNetworkInfo tracker:
03-30 13:57:16.076 D/ConnectivityService(  384):  getAllNetworkInfo i:22
03-30 13:57:16.076 D/ConnectivityService(  384):  getAllNetworkInfo tracker:
03-30 13:57:16.076 D/ConnectivityService(  384):  getAllNetworkInfo i:23
03-30 13:57:16.086 D/ConnectivityService(  384):  getAllNetworkInfo tracker:
03-30 13:57:16.136 I/ActivityManager(  384): Start proc com.aidufei.tvphonereflection for broadcast com.aidufei.tvphonereflection/.BootReceiver: pid=8653 uid=1000 gids={3003, 1015, 3002, 3001, 1028}
03-30 13:57:16.136 D/ConnectivityService(  384): sendStickyBroadcast: action=android.net.conn.CONNECTIVITY_CHANGE
03-30 13:57:16.136 D/StatusBar.NetworkControllerDS(  465): updateConnectivity: intent=Intent { act=android.net.conn.CONNECTIVITY_CHANGE flg=0x8000010 (has extras) }
03-30 13:57:16.146 D/StatusBar.NetworkControllerDS(  465): updateConnectivity: networkInfo=null
03-30 13:57:16.146 D/StatusBar.NetworkControllerDS(  465): updateConnectivity: connectionStatus=0
03-30 13:57:16.146 D/StatusBar.NetworkControllerDS(  465): updateTelephonySignalStrength: !hasService()
03-30 13:57:47.707 D/PhoneStatusBar(  465): addNotification score=0
03-30 13:58:13.002 D/ConnectivityService(  384): NetTransition Wakelock for WifiStateMachine released by timeout
03-30 14:02:12.023 D/NetworkPolicy(  384): setNetworkTemplateEnabled(): match rule = 1
03-30 14:02:12.033 D/MobileDataStateTracker(  384): default: setPolicyDataEnable(enabled=true)
03-30 14:02:54.103 I/WindowManager(  384): Lock screen displayed!
03-30 14:02:55.513 D/PhoneStatusBar(  465): disable: < expand icons alerts ticker system_info BACK HOME recent* CLOCK >
03-30 14:02:55.543 D/PhoneStatusBar(  465): disable: < expand icons alerts ticker system_info back* home* recent clock* >
03-30 14:02:55.553 W/InputMethodManagerService(  384): Window already focused, ignoring focus gain of: com.android.internal.view.IInputMethodClient$Stub$Proxy@424656d8 attribute=android.view.inputmethod.EditorInfo@424656e8
03-30 14:02:56.174 D/ConnectivityService(  384): ConnectivityChange for WIFI: CONNECTING/OBTAINING_IPADDR
03-30 14:02:56.174 D/ConnectivityService(  384): ConnectivityChange for WIFI: CONNECTING/OBTAINING_IPADDR
03-30 14:02:57.075 D/ConnectivityService(  384): ConnectivityChange for WIFI: CONNECTED/CONNECTED
03-30 14:02:57.075 D/ConnectivityService(  384): Setting TCP values: [524288,1048576,2097152,262144,524288,1048576] which comes from [net.tcp.buffersize.wifi]
03-30 14:02:57.085 D/ConnectivityService(  384): handleConnectivityChange: changed linkProperty[1]: doReset=false resetMask=0
03-30 14:02:57.085 D/ConnectivityService(  384):    curLp=null
03-30 14:02:57.085 D/ConnectivityService(  384):    newLp=InterfaceName: wlan0 LinkAddresses: [192.168.1.105/24,] Routes: [0.0.0.0/0 -> 192.168.1.1,] DnsAddresses: [192.168.1.1,] HttpProxy: [ProxyProperties.mHost == null] 
03-30 14:02:57.085 D/ConnectivityService(  384): Adding 192.168.1.1/32 -> 0.0.0.0 for interface wlan0
03-30 14:02:57.085 D/ConnectivityService(  384): Adding 0.0.0.0/0 -> 192.168.1.1 for interface wlan0
03-30 14:02:57.085 D/ConnectivityService(  384): resetting DNS cache for wlan0
03-30 14:02:57.085 D/ConnectivityService(  384): sendStickyBroadcast: action=android.net.conn.CONNECTIVITY_CHANGE_IMMEDIATE
03-30 14:02:57.095 D/ConnectivityService(  384): sendStickyBroadcastDelayed: delayMs=3000, action=android.net.conn.CONNECTIVITY_CHANGE
03-30 14:02:57.095 D/NetworkPolicy(  384): setNetworkTemplateEnabled(): match rule = 1
03-30 14:02:57.095 D/ConnectivityService(  384): ConnectivityChange for WIFI: CONNECTED/CONNECTED
03-30 14:02:57.095 D/ConnectivityService(  384): Setting TCP values: [524288,1048576,2097152,262144,524288,1048576] which comes from [net.tcp.buffersize.wifi]
03-30 14:02:57.115 D/ConnectivityService(  384): handleConnectivityChange: changed linkProperty[1]: doReset=false resetMask=0
03-30 14:02:57.115 D/ConnectivityService(  384):    curLp=InterfaceName: wlan0 LinkAddresses: [192.168.1.105/24,] Routes: [0.0.0.0/0 -> 192.168.1.1,] DnsAddresses: [192.168.1.1,] HttpProxy: [ProxyProperties.mHost == null] 
03-30 14:02:57.115 D/ConnectivityService(  384):    newLp=InterfaceName: wlan0 LinkAddresses: [192.168.1.105/24,] Routes: [0.0.0.0/0 -> 192.168.1.1,] DnsAddresses: [192.168.1.1,] HttpProxy: [ProxyProperties.mHost == null] 
03-30 14:02:57.115 D/ConnectivityService(  384): handleConnectivityChange: address are the same reset per doReset linkProperty[1]: resetMask=0
03-30 14:02:57.115 D/ConnectivityService(  384): sendStickyBroadcast: action=android.net.conn.CONNECTIVITY_CHANGE_IMMEDIATE
03-30 14:02:57.115 D/ConnectivityService(  384): sendStickyBroadcastDelayed: delayMs=3000, action=android.net.conn.CONNECTIVITY_CHANGE
03-30 14:02:57.115 D/MobileDataStateTracker(  384): default: setPolicyDataEnable(enabled=true)
03-30 14:02:57.125 D/NetworkPolicy(  384): setNetworkTemplateEnabled(): match rule = 1
03-30 14:02:57.135 D/MobileDataStateTracker(  384): default: setPolicyDataEnable(enabled=true)
03-30 14:02:57.135 D/NetworkPolicy(  384): setNetworkTemplateEnabled(): match rule = 1
03-30 14:02:57.135 D/MobileDataStateTracker(  384): default: setPolicyDataEnable(enabled=true)
03-30 14:02:57.145 D/NetworkPolicy(  384): setNetworkTemplateEnabled(): match rule = 1
03-30 14:02:57.145 D/MobileDataStateTracker(  384): default: setPolicyDataEnable(enabled=true)
03-30 14:03:00.098 D/ConnectivityService(  384): sendStickyBroadcast: action=android.net.conn.CONNECTIVITY_CHANGE
03-30 14:03:00.118 D/StatusBar.NetworkControllerDS(  465): updateConnectivity: intent=Intent { act=android.net.conn.CONNECTIVITY_CHANGE flg=0x8000010 (has extras) }
03-30 14:03:00.118 D/StatusBar.NetworkControllerDS(  465): updateConnectivity: networkInfo=NetworkInfo: type: WIFI[], state: CONNECTED/CONNECTED, reason: (unspecified), extra: (none), roaming: false, failover: false, isAvailable: true
03-30 14:03:00.118 D/StatusBar.NetworkControllerDS(  465): updateConnectivity: connectionStatus=0
03-30 14:03:00.118 D/StatusBar.NetworkControllerDS(  465): updateTelephonySignalStrength: !hasService()
03-30 14:03:00.118 D/ConnectivityService(  384): sendStickyBroadcast: action=android.net.conn.CONNECTIVITY_CHANGE
03-30 14:03:00.138 D/StatusBar.NetworkControllerDS(  465): updateConnectivity: intent=Intent { act=android.net.conn.CONNECTIVITY_CHANGE flg=0x8000010 (has extras) }
03-30 14:03:00.138 D/StatusBar.NetworkControllerDS(  465): updateConnectivity: networkInfo=NetworkInfo: type: WIFI[], state: CONNECTED/CONNECTED, reason: (unspecified), extra: (none), roaming: false, failover: false, isAvailable: true
03-30 14:03:00.138 D/StatusBar.NetworkControllerDS(  465): updateConnectivity: connectionStatus=0
03-30 14:03:00.138 D/StatusBar.NetworkControllerDS(  465): updateTelephonySignalStrength: !hasService()
03-30 14:03:00.148 D/ConnectivityService(  384):  getAllNetworkInfo i:0
03-30 14:03:00.148 D/ConnectivityService(  384):  getAllNetworkInfo tracker:
03-30 14:03:00.148 D/ConnectivityService(  384):  getAllNetworkInfo i:1
03-30 14:03:00.148 D/ConnectivityService(  384):  getAllNetworkInfo tracker:
03-30 14:03:00.148 D/ConnectivityService(  384):  getAllNetworkInfo i:2
03-30 14:03:00.148 D/ConnectivityService(  384):  getAllNetworkInfo tracker:
03-30 14:03:00.148 D/ConnectivityService(  384):  getAllNetworkInfo i:3
03-30 14:03:00.148 D/ConnectivityService(  384):  getAllNetworkInfo tracker:
03-30 14:03:00.148 D/ConnectivityService(  384):  getAllNetworkInfo i:4
03-30 14:03:00.148 D/ConnectivityService(  384):  getAllNetworkInfo i:5
03-30 14:03:00.148 D/ConnectivityService(  384):  getAllNetworkInfo tracker:
03-30 14:03:00.148 D/ConnectivityService(  384):  getAllNetworkInfo i:6
03-30 14:03:00.148 D/ConnectivityService(  384):  getAllNetworkInfo i:7
03-30 14:03:00.148 D/ConnectivityService(  384):  getAllNetworkInfo tracker:
03-30 14:03:00.148 D/ConnectivityService(  384):  getAllNetworkInfo i:8
03-30 14:03:00.148 D/ConnectivityService(  384):  getAllNetworkInfo i:9
03-30 14:03:00.148 D/ConnectivityService(  384):  getAllNetworkInfo tracker:
03-30 14:03:00.148 D/ConnectivityService(  384):  getAllNetworkInfo i:10
03-30 14:03:00.148 D/ConnectivityService(  384):  getAllNetworkInfo tracker:
