03-30 14:14:24.085 V/OtORequest( 2872): parse OtORequest: cmd=103 paramLength=158 bufferlen=166
03-30 14:14:24.085 V/OtORequest( 2872): parse param: param={"ResourceInfo":{"ProductCode":"","PlayType":2,"ResourceCode":"","ResourceName":" "},"Status":{"ReturnCode":100,"Description":"ok"},"PlayStatus":0,"Volume":0}lume":0}
03-30 14:14:24.095 E/apple   ( 2872): OtOStatus request11 0
03-30 14:14:24.095 D/OtORequestHandler( 2872): receive data aaaaaaa:com.aidufei.protocol.oto.OtOStatusRequest@4257e638
03-30 14:14:24.095 D/OtORequestHandler( 2872): receive data 2222222
03-30 14:14:24.095 D/OtORequestHandler( 2872): receive data 3333333
03-30 14:14:24.095 V/OtODeviceAdapter( 2872): start handle data.
03-30 14:14:24.095 V/OtODeviceAdapter( 2872): onPlayStatusSync.
03-30 14:14:24.095 I/VideoPlayer( 2872): onGetStatus:
03-30 14:14:24.095 E/VideoPlayer( 2872): sync_ok:
03-30 14:14:24.095 V/VideoPlayer( 2872): get server play VOB status: ResourceName=  ResourceCode= ProductCode=
03-30 14:14:24.095 I/VideoPlayer( 2872): onGetVolume(volume):0
03-30 14:14:24.095 V/MediaControler( 2872): Set volume:0
03-30 14:14:24.095 V/AudioPolicyManagerALSA( 8888): getDeviceForStrategy() from cache strategy 0, device 2
03-30 14:14:24.095 I/VideoPlayer( 2872): onGetPlayStatus:0
03-30 14:14:24.095 V/OtORequestHandler( 2872): receive data from 192.168.1.3
03-30 14:14:24.095 D/OtORequestHandler( 2872): receive data 111111
03-30 14:14:24.095 V/OtORequest_apple( 2872): get command=103
03-30 14:14:24.095 V/OtORequest( 2872): parse OtORequest: cmd=103 paramLength=93 bufferlen=101
03-30 14:14:24.095 V/OtORequest( 2872): parse param: param={"Status":{"ReturnCode":99,"Description":"status sync processing"},"PlayStatus":0,"Volume":0}lume":0}
03-30 14:14:24.095 E/apple   ( 2872): OtOStatus request11 0
03-30 14:14:24.095 D/OtORequestHandler( 2872): receive data aaaaaaa:com.aidufei.protocol.oto.OtOStatusRequest@42ca0de8
03-30 14:14:24.095 D/OtORequestHandler( 2872): receive data 2222222
03-30 14:14:24.095 D/OtORequestHandler( 2872): receive data 3333333
03-30 14:14:24.095 V/OtODeviceAdapter( 2872): start handle data.
03-30 14:14:24.095 V/OtODeviceAdapter( 2872): onPlayStatusSync.
03-30 14:14:24.095 I/VideoPlayer( 2872): onGetStatus:
03-30 14:14:24.095 V/VideoPlayer( 2872): get server play status is processing, please wait:status sync processing
03-30 14:14:24.095 I/VideoPlayer( 2872): onGetVolume(volume):0
03-30 14:14:24.095 V/VideoPlayer( 2872): get volume is processing, please wait:status sync processing
03-30 14:14:24.095 I/VideoPlayer( 2872): onGetPlayStatus:0
03-30 14:14:25.967 V/Device  ( 2872): 192.168.1.3: state=3,will change to =3
03-30 14:14:25.967 E/apple   ( 2872): Client current:true
03-30 14:14:25.967 E/apple   ( 2872): Client current:false
03-30 14:14:25.967 D/OtORequestHandler( 2872): send request:103
03-30 14:14:25.967 D/OtORequestHandler( 2872): send DatagramPacket
03-30 14:14:26.037 V/OtORequestHandler( 2872): receive data from 192.168.1.3
03-30 14:14:26.037 D/OtORequestHandler( 2872): receive data 111111
03-30 14:14:26.037 V/OtORequest_apple( 2872): get command=103
03-30 14:14:26.037 V/OtORequest( 2872): parse OtORequest: cmd=103 paramLength=158 bufferlen=166
03-30 14:14:26.037 V/OtORequest( 2872): parse param: param={"ResourceInfo":{"ProductCode":"","PlayType":2,"ResourceCode":"","ResourceName":" "},"Status":{"ReturnCode":100,"Description":"ok"},"PlayStatus":0,"Volume":0}lume":0}
03-30 14:14:26.047 E/apple   ( 2872): OtOStatus request11 0
03-30 14:14:26.047 D/OtORequestHandler( 2872): receive data aaaaaaa:com.aidufei.protocol.oto.OtOStatusRequest@41f33300
03-30 14:14:26.047 D/OtORequestHandler( 2872): receive data 2222222
03-30 14:14:26.047 D/OtORequestHandler( 2872): receive data 3333333
03-30 14:14:26.047 V/OtODeviceAdapter( 2872): start handle data.
03-30 14:14:26.047 V/OtODeviceAdapter( 2872): onPlayStatusSync.
03-30 14:14:26.047 I/VideoPlayer( 2872): onGetStatus:
03-30 14:14:26.047 E/VideoPlayer( 2872): sync_ok:
03-30 14:14:26.047 V/VideoPlayer( 2872): get server play VOB status: ResourceName=  ResourceCode= ProductCode=
03-30 14:14:26.047 I/VideoPlayer( 2872): onGetVolume(volume):0
03-30 14:14:26.047 V/MediaControler( 2872): Set volume:0
03-30 14:14:26.047 V/AudioPolicyManagerALSA( 8888): getDeviceForStrategy() from cache strategy 0, device 2
03-30 14:14:26.047 I/VideoPlayer( 2872): onGetPlayStatus:0
03-30 14:14:26.047 V/OtORequestHandler( 2872): receive data from 192.168.1.3
03-30 14:14:26.047 D/OtORequestHandler( 2872): receive data 111111
03-30 14:14:26.047 V/OtORequest_apple( 2872): get command=103
03-30 14:14:26.047 V/OtORequest( 2872): parse OtORequest: cmd=103 paramLength=93 bufferlen=101
03-30 14:14:26.047 V/OtORequest( 2872): parse param: param={"Status":{"ReturnCode":99,"Description":"status sync processing"},"PlayStatus":0,"Volume":0}lume":0}
03-30 14:14:26.047 E/apple   ( 2872): OtOStatus request11 0
03-30 14:14:26.047 D/OtORequestHandler( 2872): receive data aaaaaaa:com.aidufei.protocol.oto.OtOStatusRequest@423146e0
03-30 14:14:26.047 D/OtORequestHandler( 2872): receive data 2222222
03-30 14:14:26.047 D/OtORequestHandler( 2872): receive data 3333333
03-30 14:14:26.047 V/OtODeviceAdapter( 2872): start handle data.
03-30 14:14:26.047 V/OtODeviceAdapter( 2872): onPlayStatusSync.
03-30 14:14:26.047 I/VideoPlayer( 2872): onGetStatus:
03-30 14:14:26.047 V/VideoPlayer( 2872): get server play status is processing, please wait:status sync processing
03-30 14:14:26.047 I/VideoPlayer( 2872): onGetVolume(volume):0
03-30 14:14:26.047 V/VideoPlayer( 2872): get volume is processing, please wait:status sync processing
03-30 14:14:26.047 I/VideoPlayer( 2872): onGetPlayStatus:0
03-30 14:14:27.959 V/Device  ( 2872): 192.168.1.3: state=3,will change to =3
03-30 14:14:27.959 E/apple   ( 2872): Client current:true
03-30 14:14:27.959 E/apple   ( 2872): Client current:false
03-30 14:14:27.959 D/OtORequestHandler( 2872): send request:103
03-30 14:14:27.959 D/OtORequestHandler( 2872): send DatagramPacket
03-30 14:14:28.019 V/OtORequestHandler( 2872): receive data from 192.168.1.3
03-30 14:14:28.019 D/OtORequestHandler( 2872): receive data 111111
03-30 14:14:28.019 V/OtORequest_apple( 2872): get command=103
03-30 14:14:28.019 V/OtORequest( 2872): parse OtORequest: cmd=103 paramLength=158 bufferlen=166
03-30 14:14:28.019 V/OtORequest( 2872): parse param: param={"ResourceInfo":{"ProductCode":"","PlayType":2,"ResourceCode":"","ResourceName":" "},"Status":{"ReturnCode":100,"Description":"ok"},"PlayStatus":0,"Volume":0}lume":0}
03-30 14:14:28.019 E/apple   ( 2872): OtOStatus request11 0
03-30 14:14:28.019 D/OtORequestHandler( 2872): receive data aaaaaaa:com.aidufei.protocol.oto.OtOStatusRequest@42cbf980
03-30 14:14:28.019 D/OtORequestHandler( 2872): receive data 2222222
03-30 14:14:28.019 D/OtORequestHandler( 2872): receive data 3333333
03-30 14:14:28.019 V/OtODeviceAdapter( 2872): start handle data.
03-30 14:14:28.019 V/OtODeviceAdapter( 2872): onPlayStatusSync.
03-30 14:14:28.019 I/VideoPlayer( 2872): onGetStatus:
03-30 14:14:28.019 E/VideoPlayer( 2872): sync_ok:
03-30 14:14:28.019 V/VideoPlayer( 2872): get server play VOB status: ResourceName=  ResourceCode= ProductCode=
03-30 14:14:28.019 I/VideoPlayer( 2872): onGetVolume(volume):0
03-30 14:14:28.019 V/MediaControler( 2872): Set volume:0
03-30 14:14:28.019 V/AudioPolicyManagerALSA( 8888): getDeviceForStrategy() from cache strategy 0, device 2
03-30 14:14:28.029 I/VideoPlayer( 2872): onGetPlayStatus:0
03-30 14:14:28.029 V/OtORequestHandler( 2872): receive data from 192.168.1.3
03-30 14:14:28.029 D/OtORequestHandler( 2872): receive data 111111
03-30 14:14:28.029 V/OtORequest_apple( 2872): get command=103
03-30 14:14:28.029 V/OtORequest( 2872): parse OtORequest: cmd=103 paramLength=93 bufferlen=101
03-30 14:14:28.029 V/OtORequest( 2872): parse param: param={"Status":{"ReturnCode":99,"Description":"status sync processing"},"PlayStatus":0,"Volume":0}lume":0}
03-30 14:14:28.029 E/apple   ( 2872): OtOStatus request11 0
03-30 14:14:28.029 D/OtORequestHandler( 2872): receive data aaaaaaa:com.aidufei.protocol.oto.OtOStatusRequest@42cc86f0
03-30 14:14:28.029 D/OtORequestHandler( 2872): receive data 2222222
03-30 14:14:28.029 D/OtORequestHandler( 2872): receive data 3333333
03-30 14:14:28.029 V/OtODeviceAdapter( 2872): start handle data.
03-30 14:14:28.029 V/OtODeviceAdapter( 2872): onPlayStatusSync.
03-30 14:14:28.029 I/VideoPlayer( 2872): onGetStatus:
03-30 14:14:28.029 V/VideoPlayer( 2872): get server play status is processing, please wait:status sync processing
03-30 14:14:28.029 I/VideoPlayer( 2872): onGetVolume(volume):0
03-30 14:14:28.029 V/VideoPlayer( 2872): get volume is processing, please wait:status sync processing
03-30 14:14:28.029 I/VideoPlayer( 2872): onGetPlayStatus:0
03-30 14:14:29.961 V/Device  ( 2872): 192.168.1.3: state=3,will change to =3
03-30 14:14:29.961 E/apple   ( 2872): Client current:true
03-30 14:14:29.961 E/apple   ( 2872): Client current:false
03-30 14:14:29.971 D/OtORequestHandler( 2872): send request:103
03-30 14:14:29.971 D/OtORequestHandler( 2872): send DatagramPacket
03-30 14:14:29.981 V/OtORequestHandler( 2872): receive data from 192.168.1.3
03-30 14:14:29.991 D/OtORequestHandler( 2872): receive data 111111
03-30 14:14:29.991 V/OtORequest_apple( 2872): get command=103
03-30 14:14:29.991 V/OtORequest( 2872): parse OtORequest: cmd=103 paramLength=158 bufferlen=166
03-30 14:14:29.991 V/OtORequest( 2872): parse param: param={"ResourceInfo":{"ProductCode":"","PlayType":2,"ResourceCode":"","ResourceName":" "},"Status":{"ReturnCode":100,"Description":"ok"},"PlayStatus":0,"Volume":0}lume":0}
03-30 14:14:29.991 E/apple   ( 2872): OtOStatus request11 0
03-30 14:14:29.991 D/OtORequestHandler( 2872): receive data aaaaaaa:com.aidufei.protocol.oto.OtOStatusRequest@4234fb80
03-30 14:14:29.991 D/OtORequestHandler( 2872): receive data 2222222
03-30 14:14:29.991 D/OtORequestHandler( 2872): receive data 3333333
03-30 14:14:29.991 V/OtODeviceAdapter( 2872): start handle data.
03-30 14:14:29.991 V/OtODeviceAdapter( 2872): onPlayStatusSync.
03-30 14:14:29.991 I/VideoPlayer( 2872): onGetStatus:
03-30 14:14:29.991 E/VideoPlayer( 2872): sync_ok:
03-30 14:14:29.991 V/VideoPlayer( 2872): get server play VOB status: ResourceName=  ResourceCode= ProductCode=
03-30 14:14:29.991 I/VideoPlayer( 2872): onGetVolume(volume):0
03-30 14:14:29.991 V/MediaControler( 2872): Set volume:0
03-30 14:14:29.991 V/AudioPolicyManagerALSA( 8888): getDeviceForStrategy() from cache strategy 0, device 2
03-30 14:14:29.991 I/VideoPlayer( 2872): onGetPlayStatus:0
03-30 14:14:29.991 V/OtORequestHandler( 2872): receive data from 192.168.1.3
03-30 14:14:29.991 D/OtORequestHandler( 2872): receive data 111111
03-30 14:14:29.991 V/OtORequest_apple( 2872): get command=103
03-30 14:14:29.991 V/OtORequest( 2872): parse OtORequest: cmd=103 paramLength=93 bufferlen=101
03-30 14:14:29.991 V/OtORequest( 2872): parse param: param={"Status":{"ReturnCode":99,"Description":"status sync processing"},"PlayStatus":0,"Volume":0}lume":0}
03-30 14:14:29.991 E/apple   ( 2872): OtOStatus request11 0
03-30 14:14:29.991 D/OtORequestHandler( 2872): receive data aaaaaaa:com.aidufei.protocol.oto.OtOStatusRequest@423e9bd8
03-30 14:14:29.991 D/OtORequestHandler( 2872): receive data 2222222
03-30 14:14:29.991 D/OtORequestHandler( 2872): receive data 3333333
03-30 14:14:29.991 V/OtODeviceAdapter( 2872): start handle data.
03-30 14:14:29.991 V/OtODeviceAdapter( 2872): onPlayStatusSync.
03-30 14:14:29.991 I/VideoPlayer( 2872): onGetStatus:
03-30 14:14:29.991 V/VideoPlayer( 2872): get server play status is processing, please wait:status sync processing
03-30 14:14:29.991 I/VideoPlayer( 2872): onGetVolume(volume):0
03-30 14:14:29.991 V/VideoPlayer( 2872): get volume is processing, please wait:status sync processing
03-30 14:14:29.991 I/VideoPlayer( 2872): onGetPlayStatus:0
03-30 14:14:31.973 V/Device  ( 2872): 192.168.1.3: state=3,will change to =3
03-30 14:14:31.973 E/apple   ( 2872): Client current:true
03-30 14:14:31.973 E/apple   ( 2872): Client current:false
03-30 14:14:31.973 D/OtORequestHandler( 2872): send request:103
03-30 14:14:31.973 D/OtORequestHandler( 2872): send DatagramPacket
03-30 14:14:31.993 V/OtORequestHandler( 2872): receive data from 192.168.1.3
03-30 14:14:31.993 D/OtORequestHandler( 2872): receive data 111111
03-30 14:14:31.993 V/OtORequest_apple( 2872): get command=103
03-30 14:14:31.993 V/OtORequest( 2872): parse OtORequest: cmd=103 paramLength=158 bufferlen=166
03-30 14:14:31.993 V/OtORequest( 2872): parse param: param={"ResourceInfo":{"ProductCode":"","PlayType":2,"ResourceCode":"","ResourceName":" "},"Status":{"ReturnCode":100,"Description":"ok"},"PlayStatus":0,"Volume":0}lume":0}
03-30 14:14:31.993 E/apple   ( 2872): OtOStatus request11 0
03-30 14:14:31.993 D/OtORequestHandler( 2872): receive data aaaaaaa:com.aidufei.protocol.oto.OtOStatusRequest@423fed78
03-30 14:14:31.993 D/OtORequestHandler( 2872): receive data 2222222
03-30 14:14:31.993 D/OtORequestHandler( 2872): receive data 3333333
03-30 14:14:31.993 V/OtODeviceAdapter( 2872): start handle data.
03-30 14:14:31.993 V/OtODeviceAdapter( 2872): onPlayStatusSync.
03-30 14:14:31.993 I/VideoPlayer( 2872): onGetStatus:
03-30 14:14:31.993 E/VideoPlayer( 2872): sync_ok:
03-30 14:14:31.993 V/VideoPlayer( 2872): get server play VOB status: ResourceName=  ResourceCode= ProductCode=
03-30 14:14:31.993 I/VideoPlayer( 2872): onGetVolume(volume):0
03-30 14:14:32.003 V/MediaControler( 2872): Set volume:0
03-30 14:14:32.003 V/AudioPolicyManagerALSA( 8888): getDeviceForStrategy() from cache strategy 0, device 2
03-30 14:14:32.003 I/VideoPlayer( 2872): onGetPlayStatus:0
03-30 14:14:32.003 V/OtORequestHandler( 2872): receive data from 192.168.1.3
03-30 14:14:32.003 D/OtORequestHandler( 2872): receive data 111111
03-30 14:14:32.003 V/OtORequest_apple( 2872): get command=103
03-30 14:14:32.003 V/OtORequest( 2872): parse OtORequest: cmd=103 paramLength=93 bufferlen=101
03-30 14:14:32.003 V/OtORequest( 2872): parse param: param={"Status":{"ReturnCode":99,"Description":"status sync processing"},"PlayStatus":0,"Volume":0}lume":0}
03-30 14:14:32.003 E/apple   ( 2872): OtOStatus request11 0
03-30 14:14:32.003 D/OtORequestHandler( 2872): receive data aaaaaaa:com.aidufei.protocol.oto.OtOStatusRequest@42401320
03-30 14:14:32.003 D/OtORequestHandler( 2872): receive data 2222222
03-30 14:14:32.003 D/OtORequestHandler( 2872): receive data 3333333
03-30 14:14:32.003 V/OtODeviceAdapter( 2872): start handle data.
03-30 14:14:32.003 V/OtODeviceAdapter( 2872): onPlayStatusSync.
03-30 14:14:32.003 I/VideoPlayer( 2872): onGetStatus:
03-30 14:14:32.003 V/VideoPlayer( 2872): get server play status is processing, please wait:status sync processing
03-30 14:14:32.003 I/VideoPlayer( 2872): onGetVolume(volume):0
03-30 14:14:32.003 V/VideoPlayer( 2872): get volume is processing, please wait:status sync processing
03-30 14:14:32.003 I/VideoPlayer( 2872): onGetPlayStatus:0
03-30 14:14:33.975 V/Device  ( 2872): 192.168.1.3: state=3,will change to =3
03-30 14:14:33.975 E/apple   ( 2872): Client current:true
03-30 14:14:33.975 E/apple   ( 2872): Client current:false
03-30 14:14:33.975 D/OtORequestHandler( 2872): send request:103
03-30 14:14:33.975 D/OtORequestHandler( 2872): send DatagramPacket
03-30 14:14:34.005 V/OtORequestHandler( 2872): receive data from 192.168.1.3
03-30 14:14:34.005 D/OtORequestHandler( 2872): receive data 111111
03-30 14:14:34.005 V/OtORequest_apple( 2872): get command=103
03-30 14:14:34.005 V/OtORequest( 2872): parse OtORequest: cmd=103 paramLength=158 bufferlen=166
03-30 14:14:34.005 V/OtORequest( 2872): parse param: param={"ResourceInfo":{"ProductCode":"","PlayType":2,"ResourceCode":"","ResourceName":" "},"Status":{"ReturnCode":100,"Description":"ok"},"PlayStatus":0,"Volume":0}lume":0}
03-30 14:14:34.005 E/apple   ( 2872): OtOStatus request11 0
03-30 14:14:34.005 D/OtORequestHandler( 2872): receive data aaaaaaa:com.aidufei.protocol.oto.OtOStatusRequest@42c05c78
03-30 14:14:34.005 D/OtORequestHandler( 2872): receive data 2222222
03-30 14:14:34.005 D/OtORequestHandler( 2872): receive data 3333333
03-30 14:14:34.005 V/OtODeviceAdapter( 2872): start handle data.
03-30 14:14:34.005 V/OtODeviceAdapter( 2872): onPlayStatusSync.
03-30 14:14:34.005 I/VideoPlayer( 2872): onGetStatus:
03-30 14:14:34.005 E/VideoPlayer( 2872): sync_ok:
03-30 14:14:34.005 V/VideoPlayer( 2872): get server play VOB status: ResourceName=  ResourceCode= ProductCode=
03-30 14:14:34.005 I/VideoPlayer( 2872): onGetVolume(volume):0
03-30 14:14:34.005 V/MediaControler( 2872): Set volume:0
03-30 14:14:34.005 V/AudioPolicyManagerALSA( 8888): getDeviceForStrategy() from cache strategy 0, device 2
03-30 14:14:34.005 I/VideoPlayer( 2872): onGetPlayStatus:0
03-30 14:14:34.005 V/OtORequestHandler( 2872): receive data from 192.168.1.3
03-30 14:14:34.005 D/OtORequestHandler( 2872): receive data 111111
03-30 14:14:34.005 V/OtORequest_apple( 2872): get command=103
03-30 14:14:34.005 V/OtORequest( 2872): parse OtORequest: cmd=103 paramLength=93 bufferlen=101
03-30 14:14:34.005 V/OtORequest( 2872): parse param: param={"Status":{"ReturnCode":99,"Description":"status sync processing"},"PlayStatus":0,"Volume":0}lume":0}
03-30 14:14:34.015 E/apple   ( 2872): OtOStatus request11 0
03-30 14:14:34.015 D/OtORequestHandler( 2872): receive data aaaaaaa:com.aidufei.protocol.oto.OtOStatusRequest@42b40860
03-30 14:14:34.015 D/OtORequestHandler( 2872): receive data 2222222
03-30 14:14:34.015 D/OtORequestHandler( 2872): receive data 3333333
03-30 14:14:34.015 V/OtODeviceAdapter( 2872): start handle data.
03-30 14:14:34.015 V/OtODeviceAdapter( 2872): onPlayStatusSync.
03-30 14:14:34.015 I/VideoPlayer( 2872): onGetStatus:
03-30 14:14:34.015 V/VideoPlayer( 2872): get server play status is processing, please wait:status sync processing
03-30 14:14:34.015 I/VideoPlayer( 2872): onGetVolume(volume):0
03-30 14:14:34.015 V/VideoPlayer( 2872): get volume is processing, please wait:status sync processing
03-30 14:14:34.015 I/VideoPlayer( 2872): onGetPlayStatus:0
03-30 14:14:35.977 V/Device  ( 2872): 192.168.1.3: state=3,will change to =3
03-30 14:14:35.977 E/apple   ( 2872): Client current:true
03-30 14:14:35.977 E/apple   ( 2872): Client current:false
03-30 14:14:35.977 D/OtORequestHandler( 2872): send request:103
03-30 14:14:35.977 D/OtORequestHandler( 2872): send DatagramPacket
03-30 14:14:35.997 V/OtORequestHandler( 2872): receive data from 192.168.1.3
03-30 14:14:35.997 D/OtORequestHandler( 2872): receive data 111111
03-30 14:14:35.997 V/OtORequest_apple( 2872): get command=103
03-30 14:14:35.997 V/OtORequest( 2872): parse OtORequest: cmd=103 paramLength=158 bufferlen=166
03-30 14:14:35.997 V/OtORequest( 2872): parse param: param={"ResourceInfo":{"ProductCode":"","PlayType":2,"ResourceCode":"","ResourceName":" "},"Status":{"ReturnCode":100,"Description":"ok"},"PlayStatus":0,"Volume":0}lume":0}
03-30 14:14:35.997 E/apple   ( 2872): OtOStatus request11 0
03-30 14:14:35.997 D/OtORequestHandler( 2872): receive data aaaaaaa:com.aidufei.protocol.oto.OtOStatusRequest@42b42660
03-30 14:14:35.997 D/OtORequestHandler( 2872): receive data 2222222
03-30 14:14:35.997 D/OtORequestHandler( 2872): receive data 3333333
03-30 14:14:35.997 V/OtODeviceAdapter( 2872): start handle data.
03-30 14:14:35.997 V/OtODeviceAdapter( 2872): onPlayStatusSync.
03-30 14:14:35.997 I/VideoPlayer( 2872): onGetStatus:
03-30 14:14:35.997 E/VideoPlayer( 2872): sync_ok:
03-30 14:14:35.997 V/VideoPlayer( 2872): get server play VOB status: ResourceName=  ResourceCode= ProductCode=
03-30 14:14:35.997 I/VideoPlayer( 2872): onGetVolume(volume):0
03-30 14:14:35.997 V/MediaControler( 2872): Set volume:0
03-30 14:14:35.997 V/AudioPolicyManagerALSA( 8888): getDeviceForStrategy() from cache strategy 0, device 2
03-30 14:14:35.997 I/VideoPlayer( 2872): onGetPlayStatus:0
03-30 14:14:35.997 V/OtORequestHandler( 2872): receive data from 192.168.1.3
03-30 14:14:35.997 D/OtORequestHandler( 2872): receive data 111111
03-30 14:14:35.997 V/OtORequest_apple( 2872): get command=103
03-30 14:14:35.997 V/OtORequest( 2872): parse OtORequest: cmd=103 paramLength=93 bufferlen=101
03-30 14:14:35.997 V/OtORequest( 2872): parse param: param={"Status":{"ReturnCode":99,"Description":"status sync processing"},"PlayStatus":0,"Volume":0}lume":0}
03-30 14:14:35.997 E/apple   ( 2872): OtOStatus request11 0
03-30 14:14:35.997 D/OtORequestHandler( 2872): receive data aaaaaaa:com.aidufei.protocol.oto.OtOStatusRequest@423450f8
03-30 14:14:35.997 D/OtORequestHandler( 2872): receive data 2222222
03-30 14:14:35.997 D/OtORequestHandler( 2872): receive data 3333333
03-30 14:14:35.997 V/OtODeviceAdapter( 2872): start handle data.
03-30 14:14:36.007 V/OtODeviceAdapter( 2872): onPlayStatusSync.
03-30 14:14:36.007 I/VideoPlayer( 2872): onGetStatus:
03-30 14:14:36.007 V/VideoPlayer( 2872): get server play status is processing, please wait:status sync processing
03-30 14:14:36.007 I/VideoPlayer( 2872): onGetVolume(volume):0
03-30 14:14:36.007 V/VideoPlayer( 2872): get volume is processing, please wait:status sync processing
03-30 14:14:36.007 I/VideoPlayer( 2872): onGetPlayStatus:0
03-30 14:14:37.969 V/Device  ( 2872): 192.168.1.3: state=3,will change to =3
03-30 14:14:37.969 E/apple   ( 2872): Client current:true
03-30 14:14:37.969 E/apple   ( 2872): Client current:false
03-30 14:14:37.969 D/OtORequestHandler( 2872): send request:103
03-30 14:14:37.969 D/OtORequestHandler( 2872): send DatagramPacket
03-30 14:14:38.119 V/OtORequestHandler( 2872): receive data from 192.168.1.3
03-30 14:14:38.119 D/OtORequestHandler( 2872): receive data 111111
03-30 14:14:38.119 V/OtORequest_apple( 2872): get command=103
03-30 14:14:38.119 V/OtORequest( 2872): parse OtORequest: cmd=103 paramLength=158 bufferlen=166
03-30 14:14:38.119 V/OtORequest( 2872): parse param: param={"ResourceInfo":{"ProductCode":"","PlayType":2,"ResourceCode":"","ResourceName":" "},"Status":{"ReturnCode":100,"Description":"ok"},"PlayStatus":0,"Volume":0}lume":0}
03-30 14:14:38.119 E/apple   ( 2872): OtOStatus request11 0
03-30 14:14:38.119 D/OtORequestHandler( 2872): receive data aaaaaaa:com.aidufei.protocol.oto.OtOStatusRequest@42c95d40
03-30 14:14:38.119 D/OtORequestHandler( 2872): receive data 2222222
03-30 14:14:38.119 D/OtORequestHandler( 2872): receive data 3333333
03-30 14:14:38.119 V/OtODeviceAdapter( 2872): start handle data.
03-30 14:14:38.119 V/OtODeviceAdapter( 2872): onPlayStatusSync.
03-30 14:14:38.119 I/VideoPlayer( 2872): onGetStatus:
03-30 14:14:38.119 E/VideoPlayer( 2872): sync_ok:
03-30 14:14:38.119 V/VideoPlayer( 2872): get server play VOB status: ResourceName=  ResourceCode= ProductCode=
03-30 14:14:38.119 I/VideoPlayer( 2872): onGetVolume(volume):0
03-30 14:14:38.119 V/MediaControler( 2872): Set volume:0
03-30 14:14:38.129 V/AudioPolicyManagerALSA( 8888): getDeviceForStrategy() from cache strategy 0, device 2
03-30 14:14:38.129 I/VideoPlayer( 2872): onGetPlayStatus:0
03-30 14:14:38.129 V/OtORequestHandler( 2872): receive data from 192.168.1.3
03-30 14:14:38.129 D/OtORequestHandler( 2872): receive data 111111
03-30 14:14:38.129 V/OtORequest_apple( 2872): get command=103
03-30 14:14:38.129 V/OtORequest( 2872): parse OtORequest: cmd=103 paramLength=93 bufferlen=101
03-30 14:14:38.129 V/OtORequest( 2872): parse param: param={"Status":{"ReturnCode":99,"Description":"status sync processing"},"PlayStatus":0,"Volume":0}lume":0}
03-30 14:14:38.129 E/apple   ( 2872): OtOStatus request11 0
03-30 14:14:38.129 D/OtORequestHandler( 2872): receive data aaaaaaa:com.aidufei.protocol.oto.OtOStatusRequest@42c982f8
03-30 14:14:38.129 D/OtORequestHandler( 2872): receive data 2222222
03-30 14:14:38.129 D/OtORequestHandler( 2872): receive data 3333333
03-30 14:14:38.129 V/OtODeviceAdapter( 2872): start handle data.
03-30 14:14:38.129 V/OtODeviceAdapter( 2872): onPlayStatusSync.
03-30 14:14:38.129 I/VideoPlayer( 2872): onGetStatus:
03-30 14:14:38.129 V/VideoPlayer( 2872): get server play status is processing, please wait:status sync processing
03-30 14:14:38.129 I/VideoPlayer( 2872): onGetVolume(volume):0
03-30 14:14:38.129 V/VideoPlayer( 2872): get volume is processing, please wait:status sync processing
03-30 14:14:38.129 I/VideoPlayer( 2872): onGetPlayStatus:0
03-30 14:14:39.971 V/Device  ( 2872): 192.168.1.3: state=3,will change to =3
03-30 14:14:39.971 E/apple   ( 2872): Client current:true
03-30 14:14:39.971 E/apple   ( 2872): Client current:false
03-30 14:14:39.971 D/OtORequestHandler( 2872): send request:103
03-30 14:14:39.981 D/OtORequestHandler( 2872): send DatagramPacket
03-30 14:14:40.541 V/OtORequestHandler( 2872): receive data from 192.168.1.3
03-30 14:14:40.541 D/OtORequestHandler( 2872): receive data 111111
03-30 14:14:40.541 V/OtORequest_apple( 2872): get command=103
03-30 14:14:40.541 V/OtORequest( 2872): parse OtORequest: cmd=103 paramLength=158 bufferlen=166
03-30 14:14:40.551 V/OtORequest( 2872): parse param: param={"ResourceInfo":{"ProductCode":"","PlayType":2,"ResourceCode":"","ResourceName":" "},"Status":{"ReturnCode":100,"Description":"ok"},"PlayStatus":0,"Volume":0}lume":0}
03-30 14:14:40.551 E/apple   ( 2872): OtOStatus request11 0
03-30 14:14:40.551 D/OtORequestHandler( 2872): receive data aaaaaaa:com.aidufei.protocol.oto.OtOStatusRequest@426fce70
03-30 14:14:40.551 D/OtORequestHandler( 2872): receive data 2222222
03-30 14:14:40.551 D/OtORequestHandler( 2872): receive data 3333333
03-30 14:14:40.551 V/OtODeviceAdapter( 2872): start handle data.
03-30 14:14:40.551 V/OtODeviceAdapter( 2872): onPlayStatusSync.
03-30 14:14:40.551 I/VideoPlayer( 2872): onGetStatus:
03-30 14:14:40.551 E/VideoPlayer( 2872): sync_ok:
03-30 14:14:40.551 V/VideoPlayer( 2872): get server play VOB status: ResourceName=  ResourceCode= ProductCode=
03-30 14:14:40.551 I/VideoPlayer( 2872): onGetVolume(volume):0
03-30 14:14:40.551 V/MediaControler( 2872): Set volume:0
03-30 14:14:40.551 V/AudioPolicyManagerALSA( 8888): getDeviceForStrategy() from cache strategy 0, device 2
03-30 14:14:40.551 I/VideoPlayer( 2872): onGetPlayStatus:0
03-30 14:14:40.551 V/OtORequestHandler( 2872): receive data from 192.168.1.3
03-30 14:14:40.551 D/OtORequestHandler( 2872): receive data 111111
03-30 14:14:40.551 V/OtORequest_apple( 2872): get command=103
03-30 14:14:40.551 V/OtORequest( 2872): parse OtORequest: cmd=103 paramLength=93 bufferlen=101
03-30 14:14:40.551 V/OtORequest( 2872): parse param: param={"Status":{"ReturnCode":99,"Description":"status sync processing"},"PlayStatus":0,"Volume":0}lume":0}
03-30 14:14:40.561 E/apple   ( 2872): OtOStatus request11 0
03-30 14:14:40.561 D/OtORequestHandler( 2872): receive data aaaaaaa:com.aidufei.protocol.oto.OtOStatusRequest@4256fca0
03-30 14:14:40.561 D/OtORequestHandler( 2872): receive data 2222222
03-30 14:14:40.561 D/OtORequestHandler( 2872): receive data 3333333
03-30 14:14:40.561 V/OtODeviceAdapter( 2872): start handle data.
03-30 14:14:40.561 V/OtODeviceAdapter( 2872): onPlayStatusSync.
03-30 14:14:40.561 I/VideoPlayer( 2872): onGetStatus:
03-30 14:14:40.561 V/VideoPlayer( 2872): get server play status is processing, please wait:status sync processing
03-30 14:14:40.561 I/VideoPlayer( 2872): onGetVolume(volume):0
03-30 14:14:40.561 V/VideoPlayer( 2872): get volume is processing, please wait:status sync processing
03-30 14:14:40.561 I/VideoPlayer( 2872): onGetPlayStatus:0
03-30 14:14:41.983 V/Device  ( 2872): 192.168.1.3: state=3,will change to =3
03-30 14:14:41.983 E/apple   ( 2872): Client current:true
03-30 14:14:41.983 E/apple   ( 2872): Client current:false
03-30 14:14:41.983 D/OtORequestHandler( 2872): send request:103
03-30 14:14:41.983 D/OtORequestHandler( 2872): send DatagramPacket
03-30 14:14:41.993 V/OtORequestHandler( 2872): receive data from 192.168.1.3
03-30 14:14:41.993 D/OtORequestHandler( 2872): receive data 111111
03-30 14:14:41.993 V/OtORequest_apple( 2872): get command=103
03-30 14:14:41.993 V/OtORequest( 2872): parse OtORequest: cmd=103 paramLength=158 bufferlen=166
03-30 14:14:42.003 V/OtORequest( 2872): parse param: param={"ResourceInfo":{"ProductCode":"","PlayType":2,"ResourceCode":"","ResourceName":" "},"Status":{"ReturnCode":100,"Description":"ok"},"PlayStatus":0,"Volume":0}lume":0}
03-30 14:14:42.003 E/apple   ( 2872): OtOStatus request11 0
03-30 14:14:42.003 D/OtORequestHandler( 2872): receive data aaaaaaa:com.aidufei.protocol.oto.OtOStatusRequest@425722a8
03-30 14:14:42.003 D/OtORequestHandler( 2872): receive data 2222222
03-30 14:14:42.003 D/OtORequestHandler( 2872): receive data 3333333
03-30 14:14:42.003 V/OtODeviceAdapter( 2872): start handle data.
03-30 14:14:42.003 V/OtODeviceAdapter( 2872): onPlayStatusSync.
03-30 14:14:42.003 I/VideoPlayer( 2872): onGetStatus:
03-30 14:14:42.003 E/VideoPlayer( 2872): sync_ok:
03-30 14:14:42.003 V/VideoPlayer( 2872): get server play VOB status: ResourceName=  ResourceCode= ProductCode=
03-30 14:14:42.003 I/VideoPlayer( 2872): onGetVolume(volume):0
03-30 14:14:42.003 V/MediaControler( 2872): Set volume:0
03-30 14:14:42.003 V/AudioPolicyManagerALSA( 8888): getDeviceForStrategy() from cache strategy 0, device 2
03-30 14:14:42.003 I/VideoPlayer( 2872): onGetPlayStatus:0
03-30 14:14:42.003 V/OtORequestHandler( 2872): receive data from 192.168.1.3
03-30 14:14:42.003 D/OtORequestHandler( 2872): receive data 111111
03-30 14:14:42.003 V/OtORequest_apple( 2872): get command=103
03-30 14:14:42.003 V/OtORequest( 2872): parse OtORequest: cmd=103 paramLength=93 bufferlen=101
03-30 14:14:42.003 V/OtORequest( 2872): parse param: param={"Status":{"ReturnCode":99,"Description":"status sync processing"},"PlayStatus":0,"Volume":0}lume":0}
03-30 14:14:42.003 E/apple   ( 2872): OtOStatus request11 0
03-30 14:14:42.003 D/OtORequestHandler( 2872): receive data aaaaaaa:com.aidufei.protocol.oto.OtOStatusRequest@42c0d7f0
03-30 14:14:42.003 D/OtORequestHandler( 2872): receive data 2222222
03-30 14:14:42.003 D/OtORequestHandler( 2872): receive data 3333333
03-30 14:14:42.003 V/OtODeviceAdapter( 2872): start handle data.
03-30 14:14:42.003 V/OtODeviceAdapter( 2872): onPlayStatusSync.
03-30 14:14:42.003 I/VideoPlayer( 2872): onGetStatus:
03-30 14:14:42.003 V/VideoPlayer( 2872): get server play status is processing, please wait:status sync processing
03-30 14:14:42.003 I/VideoPlayer( 2872): onGetVolume(volume):0
03-30 14:14:42.003 V/VideoPlayer( 2872): get volume is processing, please wait:status sync processing
03-30 14:14:42.003 I/VideoPlayer( 2872): onGetPlayStatus:0
03-30 14:14:42.083 D/dalvikvm( 2872): GC_CONCURRENT freed 1740K, 21% free 23737K/29763K, paused 16ms+7ms, total 80ms
03-30 14:14:43.985 V/Device  ( 2872): 192.168.1.3: state=3,will change to =3
03-30 14:14:43.985 E/apple   ( 2872): Client current:true
03-30 14:14:43.985 E/apple   ( 2872): Client current:false
03-30 14:14:43.985 D/OtORequestHandler( 2872): send request:103
03-30 14:14:43.985 D/OtORequestHandler( 2872): send DatagramPacket
03-30 14:14:44.045 V/OtORequestHandler( 2872): receive data from 192.168.1.3
03-30 14:14:44.045 D/OtORequestHandler( 2872): receive data 111111
03-30 14:14:44.045 V/OtORequest_apple( 2872): get command=103
03-30 14:14:44.045 V/OtORequest( 2872): parse OtORequest: cmd=103 paramLength=158 bufferlen=166
03-30 14:14:44.045 V/OtORequest( 2872): parse param: param={"ResourceInfo":{"ProductCode":"","PlayType":2,"ResourceCode":"","ResourceName":" "},"Status":{"ReturnCode":100,"Description":"ok"},"PlayStatus":0,"Volume":0}lume":0}
03-30 14:14:44.045 E/apple   ( 2872): OtOStatus request11 0
03-30 14:14:44.045 D/OtORequestHandler( 2872): receive data aaaaaaa:com.aidufei.protocol.oto.OtOStatusRequest@42cc1a28
03-30 14:14:44.045 D/OtORequestHandler( 2872): receive data 2222222
03-30 14:14:44.045 D/OtORequestHandler( 2872): receive data 3333333
03-30 14:14:44.045 V/OtODeviceAdapter( 2872): start handle data.
03-30 14:14:44.045 V/OtODeviceAdapter( 2872): onPlayStatusSync.
03-30 14:14:44.045 I/VideoPlayer( 2872): onGetStatus:
03-30 14:14:44.045 E/VideoPlayer( 2872): sync_ok:
03-30 14:14:44.045 V/VideoPlayer( 2872): get server play VOB status: ResourceName=  ResourceCode= ProductCode=
03-30 14:14:44.045 I/VideoPlayer( 2872): onGetVolume(volume):0
03-30 14:14:44.045 V/MediaControler( 2872): Set volume:0
03-30 14:14:44.045 V/AudioPolicyManagerALSA( 8888): getDeviceForStrategy() from cache strategy 0, device 2
03-30 14:14:44.045 I/VideoPlayer( 2872): onGetPlayStatus:0
03-30 14:14:44.045 V/OtORequestHandler( 2872): receive data from 192.168.1.3
03-30 14:14:44.045 D/OtORequestHandler( 2872): receive data 111111
03-30 14:14:44.045 V/OtORequest_apple( 2872): get command=103
03-30 14:14:44.045 V/OtORequest( 2872): parse OtORequest: cmd=103 paramLength=93 bufferlen=101
03-30 14:14:44.055 V/OtORequest( 2872): parse param: param={"Status":{"ReturnCode":99,"Description":"status sync processing"},"PlayStatus":0,"Volume":0}lume":0}
03-30 14:14:44.055 E/apple   ( 2872): OtOStatus request11 0
03-30 14:14:44.055 D/OtORequestHandler( 2872): receive data aaaaaaa:com.aidufei.protocol.oto.OtOStatusRequest@42cae0e0
03-30 14:14:44.055 D/OtORequestHandler( 2872): receive data 2222222
03-30 14:14:44.055 D/OtORequestHandler( 2872): receive data 3333333
03-30 14:14:44.055 V/OtODeviceAdapter( 2872): start handle data.
03-30 14:14:44.055 V/OtODeviceAdapter( 2872): onPlayStatusSync.
03-30 14:14:44.055 I/VideoPlayer( 2872): onGetStatus:
03-30 14:14:44.055 V/VideoPlayer( 2872): get server play status is processing, please wait:status sync processing
03-30 14:14:44.055 I/VideoPlayer( 2872): onGetVolume(volume):0
03-30 14:14:44.055 V/VideoPlayer( 2872): get volume is processing, please wait:status sync processing
03-30 14:14:44.055 I/VideoPlayer( 2872): onGetPlayStatus:0
03-30 14:14:45.986 V/Device  ( 2872): 192.168.1.3: state=3,will change to =3
03-30 14:14:45.986 E/apple   ( 2872): Client current:true
03-30 14:14:45.986 E/apple   ( 2872): Client current:false
03-30 14:14:45.986 D/OtORequestHandler( 2872): send request:103
03-30 14:14:45.986 D/OtORequestHandler( 2872): send DatagramPacket
03-30 14:14:46.037 V/OtORequestHandler( 2872): receive data from 192.168.1.3
03-30 14:14:46.037 D/OtORequestHandler( 2872): receive data 111111
03-30 14:14:46.037 V/OtORequest_apple( 2872): get command=103
03-30 14:14:46.037 V/OtORequest( 2872): parse OtORequest: cmd=103 paramLength=158 bufferlen=166
03-30 14:14:46.037 V/OtORequest( 2872): parse param: param={"ResourceInfo":{"ProductCode":"","PlayType":2,"ResourceCode":"","ResourceName":" "},"Status":{"ReturnCode":100,"Description":"ok"},"PlayStatus":0,"Volume":0}lume":0}
03-30 14:14:46.047 E/apple   ( 2872): OtOStatus request11 0
03-30 14:14:46.047 D/OtORequestHandler( 2872): receive data aaaaaaa:com.aidufei.protocol.oto.OtOStatusRequest@42be2770
03-30 14:14:46.047 D/OtORequestHandler( 2872): receive data 2222222
03-30 14:14:46.047 D/OtORequestHandler( 2872): receive data 3333333
03-30 14:14:46.047 V/OtODeviceAdapter( 2872): start handle data.
03-30 14:14:46.047 V/OtODeviceAdapter( 2872): onPlayStatusSync.
03-30 14:14:46.047 I/VideoPlayer( 2872): onGetStatus:
03-30 14:14:46.047 E/VideoPlayer( 2872): sync_ok:
03-30 14:14:46.047 V/VideoPlayer( 2872): get server play VOB status: ResourceName=  ResourceCode= ProductCode=
03-30 14:14:46.047 I/VideoPlayer( 2872): onGetVolume(volume):0
03-30 14:14:46.047 V/MediaControler( 2872): Set volume:0
03-30 14:14:46.047 V/AudioPolicyManagerALSA( 8888): getDeviceForStrategy() from cache strategy 0, device 2
03-30 14:14:46.047 I/VideoPlayer( 2872): onGetPlayStatus:0
03-30 14:14:46.047 V/OtORequestHandler( 2872): receive data from 192.168.1.3
03-30 14:14:46.047 D/OtORequestHandler( 2872): receive data 111111
03-30 14:14:46.047 V/OtORequest_apple( 2872): get command=103
03-30 14:14:46.047 V/OtORequest( 2872): parse OtORequest: cmd=103 paramLength=93 bufferlen=101
03-30 14:14:46.047 V/OtORequest( 2872): parse param: param={"Status":{"ReturnCode":99,"Description":"status sync processing"},"PlayStatus":0,"Volume":0}lume":0}
03-30 14:14:46.047 E/apple   ( 2872): OtOStatus request11 0
03-30 14:14:46.047 D/OtORequestHandler( 2872): receive data aaaaaaa:com.aidufei.protocol.oto.OtOStatusRequest@42b4ebf0
03-30 14:14:46.047 D/OtORequestHandler( 2872): receive data 2222222
03-30 14:14:46.047 D/OtORequestHandler( 2872): receive data 3333333
03-30 14:14:46.047 V/OtODeviceAdapter( 2872): start handle data.
03-30 14:14:46.047 V/OtODeviceAdapter( 2872): onPlayStatusSync.
03-30 14:14:46.047 I/VideoPlayer( 2872): onGetStatus:
03-30 14:14:46.047 V/VideoPlayer( 2872): get server play status is processing, please wait:status sync processing
03-30 14:14:46.047 I/VideoPlayer( 2872): onGetVolume(volume):0
03-30 14:14:46.047 V/VideoPlayer( 2872): get volume is processing, please wait:status sync processing
03-30 14:14:46.047 I/VideoPlayer( 2872): onGetPlayStatus:0
03-30 14:14:47.978 V/Device  ( 2872): 192.168.1.3: state=3,will change to =3
03-30 14:14:47.978 E/apple   ( 2872): Client current:true
03-30 14:14:47.978 E/apple   ( 2872): Client current:false
03-30 14:14:47.978 D/OtORequestHandler( 2872): send request:103
03-30 14:14:47.978 D/OtORequestHandler( 2872): send DatagramPacket
03-30 14:14:47.988 V/OtORequestHandler( 2872): receive data from 192.168.1.3
03-30 14:14:47.988 D/OtORequestHandler( 2872): receive data 111111
03-30 14:14:47.988 V/OtORequest_apple( 2872): get command=103
03-30 14:14:47.998 V/OtORequest( 2872): parse OtORequest: cmd=103 paramLength=158 bufferlen=166
03-30 14:14:47.998 V/OtORequest( 2872): parse param: param={"ResourceInfo":{"ProductCode":"","PlayType":2,"ResourceCode":"","ResourceName":" "},"Status":{"ReturnCode":100,"Description":"ok"},"PlayStatus":0,"Volume":0}lume":0}
03-30 14:14:47.998 E/apple   ( 2872): OtOStatus request11 0
03-30 14:14:47.998 D/OtORequestHandler( 2872): receive data aaaaaaa:com.aidufei.protocol.oto.OtOStatusRequest@428a0708
03-30 14:14:47.998 D/OtORequestHandler( 2872): receive data 2222222
03-30 14:14:47.998 D/OtORequestHandler( 2872): receive data 3333333
03-30 14:14:47.998 V/OtODeviceAdapter( 2872): start handle data.
03-30 14:14:47.998 V/OtODeviceAdapter( 2872): onPlayStatusSync.
03-30 14:14:47.998 I/VideoPlayer( 2872): onGetStatus:
03-30 14:14:47.998 E/VideoPlayer( 2872): sync_ok:
03-30 14:14:47.998 V/VideoPlayer( 2872): get server play VOB status: ResourceName=  ResourceCode= ProductCode=
03-30 14:14:47.998 I/VideoPlayer( 2872): onGetVolume(volume):0
03-30 14:14:47.998 V/MediaControler( 2872): Set volume:0
03-30 14:14:47.998 V/AudioPolicyManagerALSA( 8888): getDeviceForStrategy() from cache strategy 0, device 2
03-30 14:14:47.998 I/VideoPlayer( 2872): onGetPlayStatus:0
03-30 14:14:47.998 V/OtORequestHandler( 2872): receive data from 192.168.1.3
03-30 14:14:47.998 D/OtORequestHandler( 2872): receive data 111111
03-30 14:14:47.998 V/OtORequest_apple( 2872): get command=103
03-30 14:14:47.998 V/OtORequest( 2872): parse OtORequest: cmd=103 paramLength=93 bufferlen=101
03-30 14:14:47.998 V/OtORequest( 2872): parse param: param={"Status":{"ReturnCode":99,"Description":"status sync processing"},"PlayStatus":0,"Volume":0}lume":0}
03-30 14:14:48.008 E/apple   ( 2872): OtOStatus request11 0
03-30 14:14:48.008 D/OtORequestHandler( 2872): receive data aaaaaaa:com.aidufei.protocol.oto.OtOStatusRequest@424f4d28
03-30 14:14:48.008 D/OtORequestHandler( 2872): receive data 2222222
03-30 14:14:48.008 D/OtORequestHandler( 2872): receive data 3333333
03-30 14:14:48.008 V/OtODeviceAdapter( 2872): start handle data.
03-30 14:14:48.008 V/OtODeviceAdapter( 2872): onPlayStatusSync.
03-30 14:14:48.008 I/VideoPlayer( 2872): onGetStatus:
03-30 14:14:48.008 V/VideoPlayer( 2872): get server play status is processing, please wait:status sync processing
03-30 14:14:48.008 I/VideoPlayer( 2872): onGetVolume(volume):0
03-30 14:14:48.008 V/VideoPlayer( 2872): get volume is processing, please wait:status sync processing
03-30 14:14:48.008 I/VideoPlayer( 2872): onGetPlayStatus:0
03-30 14:14:49.980 V/Device  ( 2872): 192.168.1.3: state=3,will change to =3
03-30 14:14:49.980 E/apple   ( 2872): Client current:true
03-30 14:14:49.980 E/apple   ( 2872): Client current:false
03-30 14:14:49.980 D/OtORequestHandler( 2872): send request:103
03-30 14:14:49.980 D/OtORequestHandler( 2872): send DatagramPacket
03-30 14:14:50.060 V/OtORequestHandler( 2872): receive data from 192.168.1.3
03-30 14:14:50.060 D/OtORequestHandler( 2872): receive data 111111
03-30 14:14:50.060 V/OtORequest_apple( 2872): get command=103
03-30 14:14:50.060 V/OtORequest( 2872): parse OtORequest: cmd=103 paramLength=158 bufferlen=166
03-30 14:14:50.060 V/OtORequest( 2872): parse param: param={"ResourceInfo":{"ProductCode":"","PlayType":2,"ResourceCode":"","ResourceName":" "},"Status":{"ReturnCode":100,"Description":"ok"},"PlayStatus":0,"Volume":0}lume":0}
03-30 14:14:50.060 E/apple   ( 2872): OtOStatus request11 0
03-30 14:14:50.060 D/OtORequestHandler( 2872): receive data aaaaaaa:com.aidufei.protocol.oto.OtOStatusRequest@42297fc0
03-30 14:14:50.060 D/OtORequestHandler( 2872): receive data 2222222
03-30 14:14:50.060 D/OtORequestHandler( 2872): receive data 3333333
03-30 14:14:50.060 V/OtODeviceAdapter( 2872): start handle data.
03-30 14:14:50.060 V/OtODeviceAdapter( 2872): onPlayStatusSync.
03-30 14:14:50.060 I/VideoPlayer( 2872): onGetStatus:
03-30 14:14:50.060 E/VideoPlayer( 2872): sync_ok:
03-30 14:14:50.060 V/VideoPlayer( 2872): get server play VOB status: ResourceName=  ResourceCode= ProductCode=
03-30 14:14:50.060 I/VideoPlayer( 2872): onGetVolume(volume):0
03-30 14:14:50.070 V/MediaControler( 2872): Set volume:0
03-30 14:14:50.070 V/AudioPolicyManagerALSA( 8888): getDeviceForStrategy() from cache strategy 0, device 2
03-30 14:14:50.070 I/VideoPlayer( 2872): onGetPlayStatus:0
03-30 14:14:50.070 V/OtORequestHandler( 2872): receive data from 192.168.1.3
03-30 14:14:50.070 D/OtORequestHandler( 2872): receive data 111111
03-30 14:14:50.070 V/OtORequest_apple( 2872): get command=103
03-30 14:14:50.070 V/OtORequest( 2872): parse OtORequest: cmd=103 paramLength=93 bufferlen=101
03-30 14:14:50.070 V/OtORequest( 2872): parse param: param={"Status":{"ReturnCode":99,"Description":"status sync processing"},"PlayStatus":0,"Volume":0}lume":0}
03-30 14:14:50.070 E/apple   ( 2872): OtOStatus request11 0
03-30 14:14:50.070 D/OtORequestHandler( 2872): receive data aaaaaaa:com.aidufei.protocol.oto.OtOStatusRequest@42c0fe30
03-30 14:14:50.070 D/OtORequestHandler( 2872): receive data 2222222
03-30 14:14:50.070 D/OtORequestHandler( 2872): receive data 3333333
03-30 14:14:50.070 V/OtODeviceAdapter( 2872): start handle data.
03-30 14:14:50.070 V/OtODeviceAdapter( 2872): onPlayStatusSync.
03-30 14:14:50.070 I/VideoPlayer( 2872): onGetStatus:
03-30 14:14:50.070 V/VideoPlayer( 2872): get server play status is processing, please wait:status sync processing
03-30 14:14:50.070 I/VideoPlayer( 2872): onGetVolume(volume):0
03-30 14:14:50.070 V/VideoPlayer( 2872): get volume is processing, please wait:status sync processing
03-30 14:14:50.070 I/VideoPlayer( 2872): onGetPlayStatus:0
03-30 14:14:51.982 V/Device  ( 2872): 192.168.1.3: state=3,will change to =3
03-30 14:14:51.982 E/apple   ( 2872): Client current:true
03-30 14:14:51.982 E/apple   ( 2872): Client current:false
03-30 14:14:51.982 D/OtORequestHandler( 2872): send request:103
03-30 14:14:51.992 D/OtORequestHandler( 2872): send DatagramPacket
03-30 14:14:52.423 V/OtORequestHandler( 2872): receive data from 192.168.1.3
03-30 14:14:52.423 D/OtORequestHandler( 2872): receive data 111111
03-30 14:14:52.423 V/OtORequest_apple( 2872): get command=103
03-30 14:14:52.423 V/OtORequest( 2872): parse OtORequest: cmd=103 paramLength=158 bufferlen=166
03-30 14:14:52.423 V/OtORequest( 2872): parse param: param={"ResourceInfo":{"ProductCode":"","PlayType":2,"ResourceCode":"","ResourceName":" "},"Status":{"ReturnCode":100,"Description":"ok"},"PlayStatus":0,"Volume":0}lume":0}
03-30 14:14:52.423 E/apple   ( 2872): OtOStatus request11 0
03-30 14:14:52.423 D/OtORequestHandler( 2872): receive data aaaaaaa:com.aidufei.protocol.oto.OtOStatusRequest@425af3b0
03-30 14:14:52.423 D/OtORequestHandler( 2872): receive data 2222222
03-30 14:14:52.423 D/OtORequestHandler( 2872): receive data 3333333
03-30 14:14:52.423 V/OtODeviceAdapter( 2872): start handle data.
03-30 14:14:52.423 V/OtODeviceAdapter( 2872): onPlayStatusSync.
03-30 14:14:52.423 I/VideoPlayer( 2872): onGetStatus:
03-30 14:14:52.423 E/VideoPlayer( 2872): sync_ok:
03-30 14:14:52.423 V/VideoPlayer( 2872): get server play VOB status: ResourceName=  ResourceCode= ProductCode=
03-30 14:14:52.423 I/VideoPlayer( 2872): onGetVolume(volume):0
03-30 14:14:52.423 V/MediaControler( 2872): Set volume:0
03-30 14:14:52.423 V/AudioPolicyManagerALSA( 8888): getDeviceForStrategy() from cache strategy 0, device 2
03-30 14:14:52.433 I/VideoPlayer( 2872): onGetPlayStatus:0
03-30 14:14:52.433 V/OtORequestHandler( 2872): receive data from 192.168.1.3
03-30 14:14:52.433 D/OtORequestHandler( 2872): receive data 111111
03-30 14:14:52.433 V/OtORequest_apple( 2872): get command=103
03-30 14:14:52.433 V/OtORequest( 2872): parse OtORequest: cmd=103 paramLength=93 bufferlen=101
03-30 14:14:52.433 V/OtORequest( 2872): parse param: param={"Status":{"ReturnCode":99,"Description":"status sync processing"},"PlayStatus":0,"Volume":0}lume":0}
03-30 14:14:52.433 E/apple   ( 2872): OtOStatus request11 0
03-30 14:14:52.433 D/OtORequestHandler( 2872): receive data aaaaaaa:com.aidufei.protocol.oto.OtOStatusRequest@41e9f9f8
03-30 14:14:52.433 D/OtORequestHandler( 2872): receive data 2222222
03-30 14:14:52.433 D/OtORequestHandler( 2872): receive data 3333333
03-30 14:14:52.433 V/OtODeviceAdapter( 2872): start handle data.
03-30 14:14:52.433 V/OtODeviceAdapter( 2872): onPlayStatusSync.
03-30 14:14:52.433 I/VideoPlayer( 2872): onGetStatus:
03-30 14:14:52.433 V/VideoPlayer( 2872): get server play status is processing, please wait:status sync processing
03-30 14:14:52.433 I/VideoPlayer( 2872): onGetVolume(volume):0
03-30 14:14:52.433 V/VideoPlayer( 2872): get volume is processing, please wait:status sync processing
03-30 14:14:52.433 I/VideoPlayer( 2872): onGetPlayStatus:0
03-30 14:14:53.994 V/Device  ( 2872): 192.168.1.3: state=3,will change to =3
03-30 14:14:53.994 E/apple   ( 2872): Client current:true
03-30 14:14:53.994 E/apple   ( 2872): Client current:false
03-30 14:14:53.994 D/OtORequestHandler( 2872): send request:103
03-30 14:14:53.994 D/OtORequestHandler( 2872): send DatagramPacket
03-30 14:14:54.174 V/OtORequestHandler( 2872): receive data from 192.168.1.3
03-30 14:14:54.174 D/OtORequestHandler( 2872): receive data 111111
03-30 14:14:54.174 V/OtORequest_apple( 2872): get command=103
03-30 14:14:54.174 V/OtORequest( 2872): parse OtORequest: cmd=103 paramLength=158 bufferlen=166
03-30 14:14:54.174 V/OtORequest( 2872): parse param: param={"ResourceInfo":{"ProductCode":"","PlayType":2,"ResourceCode":"","ResourceName":" "},"Status":{"ReturnCode":100,"Description":"ok"},"PlayStatus":0,"Volume":0}lume":0}
03-30 14:14:54.174 E/apple   ( 2872): OtOStatus request11 0
03-30 14:14:54.174 D/OtORequestHandler( 2872): receive data aaaaaaa:com.aidufei.protocol.oto.OtOStatusRequest@425617c8
03-30 14:14:54.174 D/OtORequestHandler( 2872): receive data 2222222
03-30 14:14:54.174 D/OtORequestHandler( 2872): receive data 3333333
03-30 14:14:54.174 V/OtODeviceAdapter( 2872): start handle data.
03-30 14:14:54.174 V/OtODeviceAdapter( 2872): onPlayStatusSync.
03-30 14:14:54.174 I/VideoPlayer( 2872): onGetStatus:
03-30 14:14:54.174 E/VideoPlayer( 2872): sync_ok:
03-30 14:14:54.174 V/VideoPlayer( 2872): get server play VOB status: ResourceName=  ResourceCode= ProductCode=
03-30 14:14:54.174 I/VideoPlayer( 2872): onGetVolume(volume):0
03-30 14:14:54.174 V/MediaControler( 2872): Set volume:0
03-30 14:14:54.174 V/AudioPolicyManagerALSA( 8888): getDeviceForStrategy() from cache strategy 0, device 2
03-30 14:14:54.184 I/VideoPlayer( 2872): onGetPlayStatus:0
03-30 14:14:54.184 V/OtORequestHandler( 2872): receive data from 192.168.1.3
03-30 14:14:54.184 D/OtORequestHandler( 2872): receive data 111111
03-30 14:14:54.184 V/OtORequest_apple( 2872): get command=103
03-30 14:14:54.184 V/OtORequest( 2872): parse OtORequest: cmd=103 paramLength=93 bufferlen=101
03-30 14:14:54.184 V/OtORequest( 2872): parse param: param={"Status":{"ReturnCode":99,"Description":"status sync processing"},"PlayStatus":0,"Volume":0}lume":0}
03-30 14:14:54.184 E/apple   ( 2872): OtOStatus request11 0
03-30 14:14:54.184 D/OtORequestHandler( 2872): receive data aaaaaaa:com.aidufei.protocol.oto.OtOStatusRequest@42647258
03-30 14:14:54.184 D/OtORequestHandler( 2872): receive data 2222222
03-30 14:14:54.184 D/OtORequestHandler( 2872): receive data 3333333
03-30 14:14:54.184 V/OtODeviceAdapter( 2872): start handle data.
03-30 14:14:54.184 V/OtODeviceAdapter( 2872): onPlayStatusSync.
03-30 14:14:54.184 I/VideoPlayer( 2872): onGetStatus:
03-30 14:14:54.184 V/VideoPlayer( 2872): get server play status is processing, please wait:status sync processing
03-30 14:14:54.184 I/VideoPlayer( 2872): onGetVolume(volume):0
03-30 14:14:54.184 V/VideoPlayer( 2872): get volume is processing, please wait:status sync processing
03-30 14:14:54.184 I/VideoPlayer( 2872): onGetPlayStatus:0
03-30 14:14:55.996 V/Device  ( 2872): 192.168.1.3: state=3,will change to =3
03-30 14:14:55.996 E/apple   ( 2872): Client current:true
03-30 14:14:55.996 E/apple   ( 2872): Client current:false
