D/DataSource_M3U8(  739):  do not update  mediaSequence : 0   url = http://live.feifeikan.com/live/hls/908?slice=026798   
D/DataSource_M3U8(  739): 
D/DataSource_M3U8(  739):  do not update  mediaSequence : 0   url = http://live.feifeikan.com/live/hls/908?slice=026799   
D/DataSource_M3U8(  739): [M3U8] file: NULL line 
D/DataSource_M3U8(  739): HLS=====>> Live Stream!!!!
D/DataSource_M3U8(  739): [M3U8] checkShouldStartNext :[0](602728/602728)   sequence:0  start next:1  
D/DataSource_M3U8(  739): 
D/DataSource_M3U8(  739): 
D/DataSource_M3U8(  739): 
D/DataSource_M3U8(  739): [M3U8]-7----->This :0x51fa0 --> post cmd for start next url:http://live.feifeikan.com/live/hls/908?slice=026797, knowedFileSize:0, mCurDowningIndex:0
D/DataSource_M3U8(  739): 
D/DataSource_M3U8(  739): 
D/Downloader(  739): [downloadThread]Downloader::removeTask  
D/Downloader(  739): [downloadThread]task have range string:0- 
D/MediaPlayerService(  739): [9] notify (0x50fe8, 3, 51, 0)
D/MediaPlayerService(  739): [9] notify (0x50fe8, 200, 704, 5)
D/MstarPlayer(  739): percent: 5
W/MediaPlayer( 2292): info/warning (704, 5)
I/MediaPlayer.java( 2292): Info (704,5)
D/MediaPlayerService(  739): [9] notify (0x50fe8, 200, 704, 5)
D/MstarPlayer(  739): percent: 5
W/MediaPlayer( 2292): info/warning (704, 5)
I/MediaPlayer.java( 2292): Info (704,5)
D/MediaPlayerService(  739): [9] notify (0x50fe8, 200, 704, 5)
D/MstarPlayer(  739): percent: 5
W/MediaPlayer( 2292): info/warning (704, 5)
I/MediaPlayer.java( 2292): Info (704,5)
D/dalvikvm( 1699): GC_CONCURRENT freed 682K, 63% free 2876K/7747K, paused 3ms+3ms
D/MediaPlayerService(  739): [9] notify (0x50fe8, 200, 704, 5)
D/MstarPlayer(  739): percent: 5
W/MediaPlayer( 2292): info/warning (704, 5)
I/MediaPlayer.java( 2292): Info (704,5)
D/MediaPlayerService(  739): [9] notify (0x50fe8, 200, 704, 5)
D/MstarPlayer(  739): percent: 5
W/MediaPlayer( 2292): info/warning (704, 5)
I/MediaPlayer.java( 2292): Info (704,5)
D/MediaPlayerService(  739): [9] notify (0x50fe8, 200, 704, 5)
D/MstarPlayer(  739): percent: 5
W/MediaPlayer( 2292): info/warning (704, 5)
I/MediaPlayer.java( 2292): Info (704,5)
D/dalvikvm( 1699): GC_CONCURRENT freed 723K, 63% free 2876K/7747K, paused 2ms+3ms
D/MediaPlayerService(  739): [9] notify (0x50fe8, 200, 704, 5)
D/MstarPlayer(  739): percent: 5
W/MediaPlayer( 2292): info/warning (704, 5)
I/MediaPlayer.java( 2292): Info (704,5)
D/MediaPlayerService(  739): [9] notify (0x50fe8, 200, 704, 5)
D/MstarPlayer(  739): percent: 5
W/MediaPlayer( 2292): info/warning (704, 5)
I/MediaPlayer.java( 2292): Info (704,5)
D/MediaPlayerService(  739): [9] notify (0x50fe8, 200, 704, 5)
D/MstarPlayer(  739): percent: 5
W/MediaPlayer( 2292): info/warning (704, 5)
I/MediaPlayer.java( 2292): Info (704,5)
D/MediaPlayerService(  739): [9] notify (0x50fe8, 200, 704, 5)
D/MstarPlayer(  739): percent: 5
W/MediaPlayer( 2292): info/warning (704, 5)
I/MediaPlayer.java( 2292): Info (704,5)
D/dalvikvm( 1699): GC_CONCURRENT freed 726K, 64% free 2866K/7747K, paused 2ms+4ms
D/DataSource_M3U8(  739): u32HLSSreamNum[0]===>u32BandWidth:800000 
D/DataSource_M3U8(  739): getHLSPlayListInex  DownloadBandWidth:1422786   uInDex=0
D/DataSource_M3U8(  739): 
D/DataSource_M3U8(  739): 
D/DataSource_M3U8(  739): 
D/DataSource_M3U8(  739): ============Begin to get playlist !!=====================
D/DataSource_M3U8(  739): 
D/DataSource_M3U8(  739): 
D/MediaPlayerService(  739): [9] notify (0x50fe8, 200, 704, 5)
D/MstarPlayer(  739): percent: 5
W/MediaPlayer( 2292): info/warning (704, 5)
I/MediaPlayer.java( 2292): Info (704,5)
D/MediaPlayerService(  739): [9] notify (0x50fe8, 200, 704, 5)
D/MstarPlayer(  739): percent: 5
W/MediaPlayer( 2292): info/warning (704, 5)
I/MediaPlayer.java( 2292): Info (704,5)
D/MediaPlayerService(  739): [9] notify (0x50fe8, 200, 704, 5)
D/MstarPlayer(  739): percent: 5
W/MediaPlayer( 2292): info/warning (704, 5)
I/MediaPlayer.java( 2292): Info (704,5)
D/DataSource_M3U8(  739): 
D/DataSource_M3U8(  739):  connect Server :live.feifeikan.com
D/DataSource_M3U8(  739): parseM3U8 .......!
D/DataSource_M3U8(  739): 
D/DataSource_M3U8(  739):  do not update  mediaSequence : 0   url = http://live.feifeikan.com/live/hls/908?slice=026797   
D/DataSource_M3U8(  739): 
D/DataSource_M3U8(  739):  do not update  mediaSequence : 0   url = http://live.feifeikan.com/live/hls/908?slice=026798   
D/DataSource_M3U8(  739): 
D/DataSource_M3U8(  739):  do not update  mediaSequence : 0   url = http://live.feifeikan.com/live/hls/908?slice=026799   
D/DataSource_M3U8(  739): [M3U8] file: NULL line 
D/DataSource_M3U8(  739): HLS=====>> Live Stream!!!!
D/MediaPlayerService(  739): [9] notify (0x50fe8, 200, 704, 5)
D/MstarPlayer(  739): percent: 5
W/MediaPlayer( 2292): info/warning (704, 5)
I/MediaPlayer.java( 2292): Info (704,5)
D/MediaPlayerService(  739): [9] notify (0x50fe8, 200, 704, 5)
D/MstarPlayer(  739): percent: 5
W/MediaPlayer( 2292): info/warning (704, 5)
I/MediaPlayer.java( 2292): Info (704,5)
D/MediaPlayerService(  739): [9] notify (0x50fe8, 200, 704, 5)
D/MstarPlayer(  739): percent: 5
W/MediaPlayer( 2292): info/warning (704, 5)
I/MediaPlayer.java( 2292): Info (704,5)
D/dalvikvm( 1699): GC_CONCURRENT freed 708K, 64% free 2863K/7747K, paused 3ms+3ms
E/ServerHandler( 1635): receiveRequest
V/OtORequest( 1635): parseCommand
V/OtORequest( 1635): get command=103
V/OtORequest( 1635): parse OtORequest: cmd=103 paramLength=0 bufferlen=8
D/OtOService( 1635): client request get status.playType:4
D/OtOService( 1635): callback N: 1
D/OtOService( 1635): send callback: 101
D/dvb_ServiceAdapter( 2292): dvb_ResultCallBack: what:101   arg1:0
D/OtOService( 1635): VOB　sync :com.aidufei.otoService.PlayEvent@415d2f48
E/ServerAdapter( 1635): ServerAdapter:0
E/ServerHandler( 1635): Send:com.aidufei.protocol.oto.OtOStatusRequest@415d3268
D/ServerHandler( 1635): ServerHandler send request:103:{"ResourceInfo":{"ProductCode":"","PlayType":2,"ResourceCode":"","ResourceName":" "},"Status":{"ReturnCode":100,"Description":"ok"},"PlayStatus":0,"Volume":0}
V/ServerHandler( 1635): ServerHandler send DatagramPacket:/192.168.1.105-[B@415d4c68
D/OtOService( 1635): send callback obj: com.aidufei.otoService.IServiceCallBack$Stub$Proxy@4155fba8
E/ServerAdapter( 1635): ServerAdapter:0
E/ServerHandler( 1635): Send:com.aidufei.protocol.oto.OtOStatusRequest@415d5518
D/ServerHandler( 1635): ServerHandler send request:103:{"Status":{"ReturnCode":99,"Description":"status sync processing"},"PlayStatus":0,"Volume":0}
V/ServerHandler( 1635): ServerHandler send DatagramPacket:/192.168.1.105-[B@415d6558
D/MediaPlayerService(  739): [9] notify (0x50fe8, 200, 704, 5)
D/MstarPlayer(  739): percent: 5
W/MediaPlayer( 2292): info/warning (704, 5)
I/MediaPlayer.java( 2292): Info (704,5)
D/MediaPlayerService(  739): [9] notify (0x50fe8, 200, 704, 5)
D/MstarPlayer(  739): percent: 5
W/MediaPlayer( 2292): info/warning (704, 5)
I/MediaPlayer.java( 2292): Info (704,5)
D/DataSource_M3U8(  739): 
D/DataSource_M3U8(  739):  Warnig::  getValidBufferLength()  <  Codec require !!!
D/MediaPlayerService(  739): [9] notify (0x50fe8, 200, 704, 5)
D/MstarPlayer(  739): percent: 5
W/MediaPlayer( 2292): info/warning (704, 5)
I/MediaPlayer.java( 2292): Info (704,5)
D/MediaPlayerService(  739): [9] notify (0x50fe8, 200, 704, 5)
D/MstarPlayer(  739): percent: 5
W/MediaPlayer( 2292): info/warning (704, 5)
I/MediaPlayer.java( 2292): Info (704,5)
D/MediaPlayerService(  739): [9] notify (0x50fe8, 200, 704, 5)
D/MstarPlayer(  739): percent: 5
W/MediaPlayer( 2292): info/warning (704, 5)
I/MediaPlayer.java( 2292): Info (704,5)
D/MediaPlayerService(  739): [9] notify (0x50fe8, 200, 704, 5)
D/MstarPlayer(  739): percent: 5
W/MediaPlayer( 2292): info/warning (704, 5)
I/MediaPlayer.java( 2292): Info (704,5)
D/MediaPlayerService(  739): [9] notify (0x50fe8, 200, 704, 5)
D/MstarPlayer(  739): percent: 5
W/MediaPlayer( 2292): info/warning (704, 5)
I/MediaPlayer.java( 2292): Info (704,5)
D/DataSource_M3U8(  739): u32HLSSreamNum[0]===>u32BandWidth:800000 
D/DataSource_M3U8(  739): getHLSPlayListInex  DownloadBandWidth:1422786   uInDex=0
D/DataSource_M3U8(  739): 
D/DataSource_M3U8(  739): 
D/DataSource_M3U8(  739): 
D/DataSource_M3U8(  739): ============Begin to get playlist !!=====================
D/DataSource_M3U8(  739): 
D/DataSource_M3U8(  739): 
D/MediaPlayerService(  739): [9] notify (0x50fe8, 200, 704, 5)
D/MstarPlayer(  739): percent: 5
W/MediaPlayer( 2292): info/warning (704, 5)
I/MediaPlayer.java( 2292): Info (704,5)
E/ServerHandler( 1635): receiveRequest
V/OtORequest( 1635): parseCommand
V/OtORequest( 1635): get command=102
V/OtORequest( 1635): parse OtORequest: cmd=102 paramLength=0 bufferlen=8
D/OtOService( 1635): client request pull back movie.
D/OtOService( 1635): callback N: 1
D/OtOService( 1635): send callback: 100
D/dvb_ServiceAdapter( 2292): dvb_ResultCallBack: what:100   arg1:0
V/TimeShiftPlay( 2292): ++++lastMylocator++++com.coship.dvbplayer.service.MyLocator@4170be28
D/OtOService( 1635): callback: java.lang.NullPointerException
E/ServerHandler( 1635): Send:com.aidufei.protocol.oto.OtOPullRequest@415d78b0
D/ServerHandler( 1635): ServerHandler send request:102:{"Status":{"ReturnCode":99,"Description":"processing"}}
V/ServerHandler( 1635): ServerHandler send DatagramPacket:/192.168.1.105-[B@415d85a8
D/MediaPlayerService(  739): [9] notify (0x50fe8, 200, 704, 5)
D/MstarPlayer(  739): percent: 5
W/MediaPlayer( 2292): info/warning (704, 5)
I/MediaPlayer.java( 2292): Info (704,5)
D/MediaPlayerService(  739): [9] notify (0x50fe8, 200, 704, 5)
D/MstarPlayer(  739): percent: 5
W/MediaPlayer( 2292): info/warning (704, 5)
I/MediaPlayer.java( 2292): Info (704,5)
D/MediaPlayerService(  739): [9] notify (0x50fe8, 200, 704, 5)
D/MstarPlayer(  739): percent: 5
W/MediaPlayer( 2292): info/warning (704, 5)
I/MediaPlayer.java( 2292): Info (704,5)
D/MediaPlayerService(  739): [9] notify (0x50fe8, 200, 704, 5)
D/MstarPlayer(  739): percent: 5
W/MediaPlayer( 2292): info/warning (704, 5)
I/MediaPlayer.java( 2292): Info (704,5)
D/MediaPlayerService(  739): [9] notify (0x50fe8, 200, 704, 5)
D/MstarPlayer(  739): percent: 5
W/MediaPlayer( 2292): info/warning (704, 5)
I/MediaPlayer.java( 2292): Info (704,5)
D/MediaPlayerService(  739): [9] notify (0x50fe8, 200, 704, 5)
D/MstarPlayer(  739): percent: 5
W/MediaPlayer( 2292): info/warning (704, 5)
I/MediaPlayer.java( 2292): Info (704,5)
D/MediaPlayerService(  739): [9] notify (0x50fe8, 200, 704, 5)
D/MstarPlayer(  739): percent: 5
W/MediaPlayer( 2292): info/warning (704, 5)
I/MediaPlayer.java( 2292): Info (704,5)
D/MediaPlayerService(  739): [9] notify (0x50fe8, 200, 704, 5)
D/MstarPlayer(  739): percent: 5
W/MediaPlayer( 2292): info/warning (704, 5)
I/MediaPlayer.java( 2292): Info (704,5)
D/MediaPlayerService(  739): [9] notify (0x50fe8, 200, 704, 5)
D/MstarPlayer(  739): percent: 5
W/MediaPlayer( 2292): info/warning (704, 5)
I/MediaPlayer.java( 2292): Info (704,5)
D/DataSource_M3U8(  739): 
D/DataSource_M3U8(  739):  connect Server :live.feifeikan.com
D/DataSource_M3U8(  739): parseM3U8 .......!
D/DataSource_M3U8(  739): 
D/DataSource_M3U8(  739):  do not update  mediaSequence : 0   url = http://live.feifeikan.com/live/hls/908?slice=026798   
D/DataSource_M3U8(  739): 
D/DataSource_M3U8(  739):  do not update  mediaSequence : 0   url = http://live.feifeikan.com/live/hls/908?slice=026799   
D/DataSource_M3U8(  739): 
D/DataSource_M3U8(  739):  update  playlist[6] ==>> mediaSequence : 0   url = http://live.feifeikan.com/live/hls/908?slice=026800   
D/DataSource_M3U8(  739): [M3U8] file: NULL line 
D/DataSource_M3U8(  739): HLS=====>> Live Stream!!!!
D/MediaPlayerService(  739): [9] notify (0x50fe8, 3, 34, 0)
D/MediaPlayerService(  739): [9] notify (0x50fe8, 200, 704, 5)
D/MstarPlayer(  739): percent: 5
W/MediaPlayer( 2292): info/warning (704, 5)
I/MediaPlayer.java( 2292): Info (704,5)
E/ServerHandler( 1635): receiveRequest
V/OtORequest( 1635): parseCommand
V/OtORequest( 1635): get command=102
V/OtORequest( 1635): parse OtORequest: cmd=102 paramLength=0 bufferlen=8
D/OtOService( 1635): client request pull back movie.
D/OtOService( 1635): callback N: 1
D/OtOService( 1635): send callback: 100
D/dvb_ServiceAdapter( 2292): dvb_ResultCallBack: what:100   arg1:0
V/TimeShiftPlay( 2292): ++++lastMylocator++++com.coship.dvbplayer.service.MyLocator@4170be28
D/OtOService( 1635): callback: java.lang.NullPointerException
E/ServerHandler( 1635): Send:com.aidufei.protocol.oto.OtOPullRequest@415d9888
D/ServerHandler( 1635): ServerHandler send request:102:{"Status":{"ReturnCode":99,"Description":"processing"}}
V/ServerHandler( 1635): ServerHandler send DatagramPacket:/192.168.1.105-[B@415da580
D/MediaPlayerService(  739): [9] notify (0x50fe8, 200, 704, 5)
D/MstarPlayer(  739): percent: 5
W/MediaPlayer( 2292): info/warning (704, 5)
I/MediaPlayer.java( 2292): Info (704,5)
D/MediaPlayerService(  739): [9] notify (0x50fe8, 200, 704, 5)
D/MstarPlayer(  739): percent: 5
W/MediaPlayer( 2292): info/warning (704, 5)
I/MediaPlayer.java( 2292): Info (704,5)
D/MediaPlayerService(  739): [9] notify (0x50fe8, 200, 704, 5)
D/MstarPlayer(  739): percent: 5
W/MediaPlayer( 2292): info/warning (704, 5)
I/MediaPlayer.java( 2292): Info (704,5)
D/MediaPlayerService(  739): [9] notify (0x50fe8, 200, 704, 5)
D/MstarPlayer(  739): percent: 5
W/MediaPlayer( 2292): info/warning (704, 5)
I/MediaPlayer.java( 2292): Info (704,5)
D/DataSource_M3U8(  739): 
D/DataSource_M3U8(  739):  Warnig::  getValidBufferLength()  <  Codec require !!!
D/MediaPlayerService(  739): [9] notify (0x50fe8, 200, 704, 5)
D/MstarPlayer(  739): percent: 5
W/MediaPlayer( 2292): info/warning (704, 5)
I/MediaPlayer.java( 2292): Info (704,5)
D/MediaPlayerService(  739): [9] notify (0x50fe8, 200, 704, 5)
D/MstarPlayer(  739): percent: 5
W/MediaPlayer( 2292): info/warning (704, 5)
I/MediaPlayer.java( 2292): Info (704,5)
D/MediaPlayerService(  739): [9] notify (0x50fe8, 200, 704, 5)
D/MstarPlayer(  739): percent: 5
W/MediaPlayer( 2292): info/warning (704, 5)
I/MediaPlayer.java( 2292): Info (704,5)
D/MediaPlayerService(  739): [9] notify (0x50fe8, 200, 704, 5)
D/MstarPlayer(  739): percent: 5
W/MediaPlayer( 2292): info/warning (704, 5)
I/MediaPlayer.java( 2292): Info (704,5)
D/MediaPlayerService(  739): [9] notify (0x50fe8, 200, 704, 5)
D/MstarPlayer(  739): percent: 5
W/MediaPlayer( 2292): info/warning (704, 5)
I/MediaPlayer.java( 2292): Info (704,5)
D/DataSource_M3U8(  739): u32HLSSreamNum[0]===>u32BandWidth:800000 
D/DataSource_M3U8(  739): getHLSPlayListInex  DownloadBandWidth:1422786   uInDex=0
D/DataSource_M3U8(  739): 
D/DataSource_M3U8(  739): 
D/DataSource_M3U8(  739): 
D/DataSource_M3U8(  739): ============Begin to get playlist !!=====================
D/DataSource_M3U8(  739): 
D/DataSource_M3U8(  739): 
D/MediaPlayerService(  739): [9] notify (0x50fe8, 200, 704, 5)
D/MstarPlayer(  739): percent: 5
W/MediaPlayer( 2292): info/warning (704, 5)
I/MediaPlayer.java( 2292): Info (704,5)
E/ServerHandler( 1635): receiveRequest
V/OtORequest( 1635): parseCommand
V/OtORequest( 1635): get command=102
V/OtORequest( 1635): parse OtORequest: cmd=102 paramLength=0 bufferlen=8
D/OtOService( 1635): client request pull back movie.
D/OtOService( 1635): callback N: 1
D/OtOService( 1635): send callback: 100
D/dvb_ServiceAdapter( 2292): dvb_ResultCallBack: what:100   arg1:0
V/TimeShiftPlay( 2292): ++++lastMylocator++++com.coship.dvbplayer.service.MyLocator@4170be28
D/OtOService( 1635): callback: java.lang.NullPointerException
E/ServerHandler( 1635): Send:com.aidufei.protocol.oto.OtOPullRequest@415db860
D/ServerHandler( 1635): ServerHandler send request:102:{"Status":{"ReturnCode":99,"Description":"processing"}}
V/ServerHandler( 1635): ServerHandler send DatagramPacket:/192.168.1.105-[B@415dc558
D/MediaPlayerService(  739): [9] notify (0x50fe8, 200, 704, 5)
D/MstarPlayer(  739): percent: 5
W/MediaPlayer( 2292): info/warning (704, 5)
I/MediaPlayer.java( 2292): Info (704,5)
D/MediaPlayerService(  739): [9] notify (0x50fe8, 200, 704, 5)
D/MstarPlayer(  739): percent: 5
W/MediaPlayer( 2292): info/warning (704, 5)
I/MediaPlayer.java( 2292): Info (704,5)
D/MediaPlayerService(  739): [9] notify (0x50fe8, 200, 704, 5)
D/MstarPlayer(  739): percent: 5
W/MediaPlayer( 2292): info/warning (704, 5)
I/MediaPlayer.java( 2292): Info (704,5)
D/MediaPlayerService(  739): [9] notify (0x50fe8, 200, 704, 5)
D/MstarPlayer(  739): percent: 5
W/MediaPlayer( 2292): info/warning (704, 5)
I/MediaPlayer.java( 2292): Info (704,5)
D/MediaPlayerService(  739): [9] notify (0x50fe8, 200, 704, 5)
D/MstarPlayer(  739): percent: 5
W/MediaPlayer( 2292): info/warning (704, 5)
I/MediaPlayer.java( 2292): Info (704,5)
D/MediaPlayerService(  739): [9] notify (0x50fe8, 200, 704, 5)
D/MstarPlayer(  739): percent: 5
W/MediaPlayer( 2292): info/warning (704, 5)
I/MediaPlayer.java( 2292): Info (704,5)
D/MediaPlayerService(  739): [9] notify (0x50fe8, 200, 704, 5)
D/MstarPlayer(  739): percent: 5
W/MediaPlayer( 2292): info/warning (704, 5)
I/MediaPlayer.java( 2292): Info (704,5)
E/ServerHandler( 1635): receiveRequest
V/OtORequest( 1635): parseCommand
V/OtORequest( 1635): get command=102
V/OtORequest( 1635): parse OtORequest: cmd=102 paramLength=0 bufferlen=8
D/OtOService( 1635): client request pull back movie.
D/OtOService( 1635): callback N: 1
D/OtOService( 1635): send callback: 100
D/dvb_ServiceAdapter( 2292): dvb_ResultCallBack: what:100   arg1:0
V/TimeShiftPlay( 2292): ++++lastMylocator++++com.coship.dvbplayer.service.MyLocator@4170be28
D/OtOService( 1635): callback: java.lang.NullPointerException
E/ServerHandler( 1635): Send:com.aidufei.protocol.oto.OtOPullRequest@415dd838
D/ServerHandler( 1635): ServerHandler send request:102:{"Status":{"ReturnCode":99,"Description":"processing"}}
V/ServerHandler( 1635): ServerHandler send DatagramPacket:/192.168.1.105-[B@415de530
D/MediaPlayerService(  739): [9] notify (0x50fe8, 200, 704, 5)
D/MstarPlayer(  739): percent: 5
W/MediaPlayer( 2292): info/warning (704, 5)
I/MediaPlayer.java( 2292): Info (704,5)
D/MediaPlayerService(  739): [9] notify (0x50fe8, 200, 704, 5)
D/MstarPlayer(  739): percent: 5
W/MediaPlayer( 2292): info/warning (704, 5)
I/MediaPlayer.java( 2292): Info (704,5)
D/MediaPlayerService(  739): [9] notify (0x50fe8, 200, 704, 5)
D/MstarPlayer(  739): percent: 5
W/MediaPlayer( 2292): info/warning (704, 5)
I/MediaPlayer.java( 2292): Info (704,5)
D/DataSource_M3U8(  739): 
D/DataSource_M3U8(  739):  connect Server :live.feifeikan.com
D/DataSource_M3U8(  739): parseM3U8 .......!
D/DataSource_M3U8(  739): 
D/DataSource_M3U8(  739):  do not update  mediaSequence : 0   url = http://live.feifeikan.com/live/hls/908?slice=026798   
D/DataSource_M3U8(  739): 
D/DataSource_M3U8(  739):  do not update  mediaSequence : 0   url = http://live.feifeikan.com/live/hls/908?slice=026799   
D/DataSource_M3U8(  739): 
D/DataSource_M3U8(  739):  do not update  mediaSequence : 0   url = http://live.feifeikan.com/live/hls/908?slice=026800   
D/DataSource_M3U8(  739): [M3U8] file: NULL line 
D/DataSource_M3U8(  739): HLS=====>> Live Stream!!!!
E/ServerHandler( 1635): receiveRequest
V/OtORequest( 1635): parseCommand
V/OtORequest( 1635): get command=102
V/OtORequest( 1635): parse OtORequest: cmd=102 paramLength=0 bufferlen=8
D/OtOService( 1635): client request pull back movie.
D/OtOService( 1635): callback N: 1
D/OtOService( 1635): send callback: 100
D/dvb_ServiceAdapter( 2292): dvb_ResultCallBack: what:100   arg1:0
V/TimeShiftPlay( 2292): ++++lastMylocator++++com.coship.dvbplayer.service.MyLocator@4170be28
D/OtOService( 1635): callback: java.lang.NullPointerException
E/ServerHandler( 1635): Send:com.aidufei.protocol.oto.OtOPullRequest@415df810
D/ServerHandler( 1635): ServerHandler send request:102:{"Status":{"ReturnCode":99,"Description":"processing"}}
V/ServerHandler( 1635): ServerHandler send DatagramPacket:/192.168.1.105-[B@415e0508
D/MediaPlayerService(  739): [9] notify (0x50fe8, 200, 704, 5)
D/MstarPlayer(  739): percent: 5
W/MediaPlayer( 2292): info/warning (704, 5)
I/MediaPlayer.java( 2292): Info (704,5)
D/MediaPlayerService(  739): [9] notify (0x50fe8, 200, 704, 5)
D/MstarPlayer(  739): percent: 5
W/MediaPlayer( 2292): info/warning (704, 5)
I/MediaPlayer.java( 2292): Info (704,5)
E/ServerHandler( 1635): receiveRequest
V/OtORequest( 1635): parseCommand
V/OtORequest( 1635): get command=103
V/OtORequest( 1635): parse OtORequest: cmd=103 paramLength=0 bufferlen=8
D/OtOService( 1635): client request get status.playType:4
D/OtOService( 1635): callback N: 1
D/OtOService( 1635): send callback: 101
D/dvb_ServiceAdapter( 2292): dvb_ResultCallBack: what:101   arg1:0
D/OtOService( 1635): VOB　sync :com.aidufei.otoService.PlayEvent@415e1760
E/ServerAdapter( 1635): ServerAdapter:0
E/ServerHandler( 1635): Send:com.aidufei.protocol.oto.OtOStatusRequest@415e1a80
D/ServerHandler( 1635): ServerHandler send request:103:{"ResourceInfo":{"ProductCode":"","PlayType":2,"ResourceCode":"","ResourceName":" "},"Status":{"ReturnCode":100,"Description":"ok"},"PlayStatus":0,"Volume":0}
V/ServerHandler( 1635): ServerHandler send DatagramPacket:/192.168.1.105-[B@415e3480
D/OtOService( 1635): send callback obj: com.aidufei.otoService.IServiceCallBack$Stub$Proxy@4155fba8
E/ServerAdapter( 1635): ServerAdapter:0
E/ServerHandler( 1635): Send:com.aidufei.protocol.oto.OtOStatusRequest@415e3d30
D/ServerHandler( 1635): ServerHandler send request:103:{"Status":{"ReturnCode":99,"Description":"status sync processing"},"PlayStatus":0,"Volume":0}
D/MediaPlayerService(  739): [9] notify (0x50fe8, 200, 704, 5)
D/MstarPlayer(  739): percent: 5
W/MediaPlayer( 2292): info/warning (704, 5)
I/MediaPlayer.java( 2292): Info (704,5)
V/ServerHandler( 1635): ServerHandler send DatagramPacket:/192.168.1.105-[B@415e4d70
D/dalvikvm( 1635): GC_CONCURRENT freed 506K, 67% free 2247K/6787K, paused 2ms+3ms
D/MediaPlayerService(  739): [9] notify (0x50fe8, 200, 704, 5)
D/MstarPlayer(  739): percent: 5
W/MediaPlayer( 2292): info/warning (704, 5)
I/MediaPlayer.java( 2292): Info (704,5)
D/DataSource_M3U8(  739): 
D/DataSource_M3U8(  739):  Warnig::  getValidBufferLength()  <  Codec require !!!
E/ServerHandler( 1635): receiveRequest
V/OtORequest( 1635): parseCommand
V/OtORequest( 1635): get command=102
V/OtORequest( 1635): parse OtORequest: cmd=102 paramLength=0 bufferlen=8
D/OtOService( 1635): client request pull back movie.
D/OtOService( 1635): callback N: 1
D/OtOService( 1635): send callback: 100
D/dvb_ServiceAdapter( 2292): dvb_ResultCallBack: what:100   arg1:0
V/TimeShiftPlay( 2292): ++++lastMylocator++++com.coship.dvbplayer.service.MyLocator@4170be28
D/OtOService( 1635): callback: java.lang.NullPointerException
E/ServerHandler( 1635): Send:com.aidufei.protocol.oto.OtOPullRequest@415a7c20
D/ServerHandler( 1635): ServerHandler send request:102:{"Status":{"ReturnCode":99,"Description":"processing"}}
V/ServerHandler( 1635): ServerHandler send DatagramPacket:/192.168.1.105-[B@415b9b88
D/MediaPlayerService(  739): [9] notify (0x50fe8, 200, 704, 5)
D/MstarPlayer(  739): percent: 5
W/MediaPlayer( 2292): info/warning (704, 5)
I/MediaPlayer.java( 2292): Info (704,5)
D/MediaPlayerService(  739): [9] notify (0x50fe8, 200, 704, 5)
D/MstarPlayer(  739): percent: 5
W/MediaPlayer( 2292): info/warning (704, 5)
I/MediaPlayer.java( 2292): Info (704,5)
D/MediaPlayerService(  739): [9] notify (0x50fe8, 200, 704, 5)
D/MstarPlayer(  739): percent: 5
W/MediaPlayer( 2292): info/warning (704, 5)
I/MediaPlayer.java( 2292): Info (704,5)
D/MediaPlayerService(  739): [9] notify (0x50fe8, 200, 704, 5)
D/MstarPlayer(  739): percent: 5
W/MediaPlayer( 2292): info/warning (704, 5)
I/MediaPlayer.java( 2292): Info (704,5)
D/MediaPlayerService(  739): [9] notify (0x50fe8, 200, 704, 5)
D/MstarPlayer(  739): percent: 5
W/MediaPlayer( 2292): info/warning (704, 5)
I/MediaPlayer.java( 2292): Info (704,5)
D/DataSource_M3U8(  739): u32HLSSreamNum[0]===>u32BandWidth:800000 
D/DataSource_M3U8(  739): getHLSPlayListInex  DownloadBandWidth:1422786   uInDex=0
D/DataSource_M3U8(  739): 
D/DataSource_M3U8(  739): 
D/DataSource_M3U8(  739): 
D/DataSource_M3U8(  739): ============Begin to get playlist !!=====================
D/DataSource_M3U8(  739): 
D/DataSource_M3U8(  739): 
D/MediaPlayerService(  739): [9] notify (0x50fe8, 200, 704, 5)
D/MstarPlayer(  739): percent: 5
W/MediaPlayer( 2292): info/warning (704, 5)
I/MediaPlayer.java( 2292): Info (704,5)
E/ServerHandler( 1635): receiveRequest
V/OtORequest( 1635): parseCommand
V/OtORequest( 1635): get command=102
V/OtORequest( 1635): parse OtORequest: cmd=102 paramLength=0 bufferlen=8
D/OtOService( 1635): client request pull back movie.
D/OtOService( 1635): callback N: 1
D/OtOService( 1635): send callback: 100
D/dvb_ServiceAdapter( 2292): dvb_ResultCallBack: what:100   arg1:0
V/TimeShiftPlay( 2292): ++++lastMylocator++++com.coship.dvbplayer.service.MyLocator@4170be28
D/OtOService( 1635): callback: java.lang.NullPointerException
E/ServerHandler( 1635): Send:com.aidufei.protocol.oto.OtOPullRequest@41543c30
D/ServerHandler( 1635): ServerHandler send request:102:{"Status":{"ReturnCode":99,"Description":"processing"}}
V/ServerHandler( 1635): ServerHandler send DatagramPacket:/192.168.1.105-[B@415b89c0
D/MediaPlayerService(  739): [9] notify (0x50fe8, 200, 704, 5)
D/MstarPlayer(  739): percent: 5
W/MediaPlayer( 2292): info/warning (704, 5)
I/MediaPlayer.java( 2292): Info (704,5)
D/MediaPlayerService(  739): [9] notify (0x50fe8, 200, 704, 5)
D/MstarPlayer(  739): percent: 5
W/MediaPlayer( 2292): info/warning (704, 5)
I/MediaPlayer.java( 2292): Info (704,5)
D/MediaPlayerService(  739): [9] notify (0x50fe8, 200, 704, 5)
D/MstarPlayer(  739): percent: 5
W/MediaPlayer( 2292): info/warning (704, 5)
I/MediaPlayer.java( 2292): Info (704,5)
D/MediaPlayerService(  739): [9] notify (0x50fe8, 200, 704, 5)
D/MstarPlayer(  739): percent: 5
W/MediaPlayer( 2292): info/warning (704, 5)
I/MediaPlayer.java( 2292): Info (704,5)
D/MediaPlayerService(  739): [9] notify (0x50fe8, 200, 704, 5)
D/MstarPlayer(  739): percent: 5
W/MediaPlayer( 2292): info/warning (704, 5)
I/MediaPlayer.java( 2292): Info (704,5)
D/MediaPlayerService(  739): [9] notify (0x50fe8, 200, 704, 5)
D/MstarPlayer(  739): percent: 5
W/MediaPlayer( 2292): info/warning (704, 5)
I/MediaPlayer.java( 2292): Info (704,5)
D/MediaPlayerService(  739): [9] notify (0x50fe8, 200, 704, 5)
D/MstarPlayer(  739): percent: 5
W/MediaPlayer( 2292): info/warning (704, 5)
I/MediaPlayer.java( 2292): Info (704,5)
D/DataSource_M3U8(  739): 
D/DataSource_M3U8(  739):  connect Server :live.feifeikan.com
D/DataSource_M3U8(  739): parseM3U8 .......!
D/DataSource_M3U8(  739): 
D/DataSource_M3U8(  739):  do not update  mediaSequence : 0   url = http://live.feifeikan.com/live/hls/908?slice=026798   
D/DataSource_M3U8(  739): 
D/DataSource_M3U8(  739):  do not update  mediaSequence : 0   url = http://live.feifeikan.com/live/hls/908?slice=026799   
D/DataSource_M3U8(  739): 
D/DataSource_M3U8(  739):  do not update  mediaSequence : 0   url = http://live.feifeikan.com/live/hls/908?slice=026800   
D/DataSource_M3U8(  739): [M3U8] file: NULL line 
D/DataSource_M3U8(  739): HLS=====>> Live Stream!!!!
D/MediaPlayerService(  739): [9] notify (0x50fe8, 200, 704, 5)
D/MstarPlayer(  739): percent: 5
W/MediaPlayer( 2292): info/warning (704, 5)
I/MediaPlayer.java( 2292): Info (704,5)
D/MediaPlayerService(  739): [9] notify (0x50fe8, 200, 704, 5)
D/MstarPlayer(  739): percent: 5
W/MediaPlayer( 2292): info/warning (704, 5)
I/MediaPlayer.java( 2292): Info (704,5)
E/ServerHandler( 1635): receiveRequest
V/OtORequest( 1635): parseCommand
V/OtORequest( 1635): get command=102
V/OtORequest( 1635): parse OtORequest: cmd=102 paramLength=0 bufferlen=8
D/OtOService( 1635): client request pull back movie.
D/OtOService( 1635): callback N: 1
D/OtOService( 1635): send callback: 100
D/dvb_ServiceAdapter( 2292): dvb_ResultCallBack: what:100   arg1:0
V/TimeShiftPlay( 2292): ++++lastMylocator++++com.coship.dvbplayer.service.MyLocator@4170be28
D/OtOService( 1635): callback: java.lang.NullPointerException
E/ServerHandler( 1635): Send:com.aidufei.protocol.oto.OtOPullRequest@414e8190
D/ServerHandler( 1635): ServerHandler send request:102:{"Status":{"ReturnCode":99,"Description":"processing"}}
D/MediaPlayerService(  739): [9] notify (0x50fe8, 200, 704, 5)
D/MstarPlayer(  739): percent: 5
W/MediaPlayer( 2292): info/warning (704, 5)
I/MediaPlayer.java( 2292): Info (704,5)
V/ServerHandler( 1635): ServerHandler send DatagramPacket:/192.168.1.105-[B@415b8618
D/MediaPlayerService(  739): [9] notify (0x50fe8, 200, 704, 5)
D/MstarPlayer(  739): percent: 5
W/MediaPlayer( 2292): info/warning (704, 5)
I/MediaPlayer.java( 2292): Info (704,5)
D/MediaPlayerService(  739): [9] notify (0x50fe8, 200, 704, 5)
D/MstarPlayer(  739): percent: 5
W/MediaPlayer( 2292): info/warning (704, 5)
I/MediaPlayer.java( 2292): Info (704,5)
D/MediaPlayerService(  739): [9] notify (0x50fe8, 200, 704, 5)
D/MstarPlayer(  739): percent: 5
W/MediaPlayer( 2292): info/warning (704, 5)
I/MediaPlayer.java( 2292): Info (704,5)
D/MediaPlayerService(  739): [9] notify (0x50fe8, 200, 704, 5)
D/MstarPlayer(  739): percent: 5
W/MediaPlayer( 2292): info/warning (704, 5)
I/MediaPlayer.java( 2292): Info (704,5)
D/DataSource_M3U8(  739): 
D/DataSource_M3U8(  739):  Warnig::  getValidBufferLength()  <  Codec require !!!
D/MediaPlayerService(  739): [9] notify (0x50fe8, 200, 704, 5)
D/MstarPlayer(  739): percent: 5
W/MediaPlayer( 2292): info/warning (704, 5)
I/MediaPlayer.java( 2292): Info (704,5)
E/ServerHandler( 1635): receiveRequest
V/OtORequest( 1635): parseCommand
V/OtORequest( 1635): get command=102
V/OtORequest( 1635): parse OtORequest: cmd=102 paramLength=0 bufferlen=8
D/OtOService( 1635): client request pull back movie.
D/OtOService( 1635): callback N: 1
D/OtOService( 1635): send callback: 100
D/dvb_ServiceAdapter( 2292): dvb_ResultCallBack: what:100   arg1:0
V/TimeShiftPlay( 2292): ++++lastMylocator++++com.coship.dvbplayer.service.MyLocator@4170be28
D/OtOService( 1635): callback: java.lang.NullPointerException
E/ServerHandler( 1635): Send:com.aidufei.protocol.oto.OtOPullRequest@41473168
D/ServerHandler( 1635): ServerHandler send request:102:{"Status":{"ReturnCode":99,"Description":"processing"}}
V/ServerHandler( 1635): ServerHandler send DatagramPacket:/192.168.1.105-[B@415b6c38
E/ServerHandler( 1635): receiveRequest
V/OtORequest( 1635): parseCommand
V/OtORequest( 1635): get command=102
V/OtORequest( 1635): parse OtORequest: cmd=102 paramLength=0 bufferlen=8
D/OtOService( 1635): client request pull back movie.
D/OtOService( 1635): callback N: 1
D/OtOService( 1635): send callback: 100
D/dvb_ServiceAdapter( 2292): dvb_ResultCallBack: what:100   arg1:0
V/TimeShiftPlay( 2292): ++++lastMylocator++++com.coship.dvbplayer.service.MyLocator@4170be28
D/OtOService( 1635): callback: java.lang.NullPointerException
E/ServerHandler( 1635): Send:com.aidufei.protocol.oto.OtOPullRequest@414e5670
D/ServerHandler( 1635): ServerHandler send request:102:{"Status":{"ReturnCode":99,"Description":"processing"}}
V/ServerHandler( 1635): ServerHandler send DatagramPacket:/192.168.1.105-[B@415b64c8
E/ServerHandler( 1635): receiveRequest
V/OtORequest( 1635): parseCommand
V/OtORequest( 1635): get command=102
V/OtORequest( 1635): parse OtORequest: cmd=102 paramLength=0 bufferlen=8
D/OtOService( 1635): client request pull back movie.
D/OtOService( 1635): callback N: 1
D/OtOService( 1635): send callback: 100
D/dvb_ServiceAdapter( 2292): dvb_ResultCallBack: what:100   arg1:0
V/TimeShiftPlay( 2292): ++++lastMylocator++++com.coship.dvbplayer.service.MyLocator@4170be28
D/OtOService( 1635): callback: java.lang.NullPointerException
E/ServerHandler( 1635): Send:com.aidufei.protocol.oto.OtOPullRequest@415e5fa0
D/ServerHandler( 1635): ServerHandler send request:102:{"Status":{"ReturnCode":99,"Description":"processing"}}
V/ServerHandler( 1635): ServerHandler send DatagramPacket:/192.168.1.105-[B@415b5af8
D/MediaPlayerService(  739): [9] notify (0x50fe8, 200, 704, 5)
D/MstarPlayer(  739): percent: 5
W/MediaPlayer( 2292): info/warning (704, 5)
I/MediaPlayer.java( 2292): Info (704,5)
D/MediaPlayerService(  739): [9] notify (0x50fe8, 200, 704, 5)
D/MstarPlayer(  739): percent: 5
W/MediaPlayer( 2292): info/warning (704, 5)
I/MediaPlayer.java( 2292): Info (704,5)
D/DataSource_M3U8(  739): u32HLSSreamNum[0]===>u32BandWidth:800000 
D/DataSource_M3U8(  739): getHLSPlayListInex  DownloadBandWidth:1422786   uInDex=0
D/DataSource_M3U8(  739): 
D/DataSource_M3U8(  739): 
D/DataSource_M3U8(  739): 
D/DataSource_M3U8(  739): ============Begin to get playlist !!=====================
D/DataSource_M3U8(  739): 
D/DataSource_M3U8(  739): 
D/MediaPlayerService(  739): [9] notify (0x50fe8, 200, 704, 5)
D/MstarPlayer(  739): percent: 5
W/MediaPlayer( 2292): info/warning (704, 5)
I/MediaPlayer.java( 2292): Info (704,5)
D/MediaPlayerService(  739): [9] notify (0x50fe8, 200, 704, 5)
D/MstarPlayer(  739): percent: 5
W/MediaPlayer( 2292): info/warning (704, 5)
I/MediaPlayer.java( 2292): Info (704,5)
D/MediaPlayerService(  739): [9] notify (0x50fe8, 200, 704, 5)
D/MstarPlayer(  739): percent: 5
W/MediaPlayer( 2292): info/warning (704, 5)
I/MediaPlayer.java( 2292): Info (704,5)
D/MediaPlayerService(  739): [9] notify (0x50fe8, 200, 704, 5)
D/MstarPlayer(  739): percent: 5
W/MediaPlayer( 2292): info/warning (704, 5)
I/MediaPlayer.java( 2292): Info (704,5)
E/ServerHandler( 1635): receiveRequest
V/OtORequest( 1635): parseCommand
V/OtORequest( 1635): get command=102
V/OtORequest( 1635): parse OtORequest: cmd=102 paramLength=0 bufferlen=8
D/OtOService( 1635): client request pull back movie.
D/OtOService( 1635): callback N: 1
D/OtOService( 1635): send callback: 100
D/dvb_ServiceAdapter( 2292): dvb_ResultCallBack: what:100   arg1:0
V/TimeShiftPlay( 2292): ++++lastMylocator++++com.coship.dvbplayer.service.MyLocator@4170be28
D/OtOService( 1635): callback: java.lang.NullPointerException
E/ServerHandler( 1635): Send:com.aidufei.protocol.oto.OtOPullRequest@415e6690
D/ServerHandler( 1635): ServerHandler send request:102:{"Status":{"ReturnCode":99,"Description":"processing"}}
V/ServerHandler( 1635): ServerHandler send DatagramPacket:/192.168.1.105-[B@415b4c88
D/MediaPlayerService(  739): [9] notify (0x50fe8, 200, 704, 5)
D/MstarPlayer(  739): percent: 5
W/MediaPlayer( 2292): info/warning (704, 5)
I/MediaPlayer.java( 2292): Info (704,5)
D/MediaPlayerService(  739): [9] notify (0x50fe8, 200, 704, 5)
D/MstarPlayer(  739): percent: 5
W/MediaPlayer( 2292): info/warning (704, 5)
I/MediaPlayer.java( 2292): Info (704,5)
D/DataSource_M3U8(  739): 
D/DataSource_M3U8(  739):  connect Server :live.feifeikan.com
D/DataSource_M3U8(  739): parseM3U8 .......!
D/DataSource_M3U8(  739): 
D/DataSource_M3U8(  739):  do not update  mediaSequence : 0   url = http://live.feifeikan.com/live/hls/908?slice=026798   
D/DataSource_M3U8(  739): 
D/DataSource_M3U8(  739):  do not update  mediaSequence : 0   url = http://live.feifeikan.com/live/hls/908?slice=026799   
D/DataSource_M3U8(  739): 
D/DataSource_M3U8(  739):  do not update  mediaSequence : 0   url = http://live.feifeikan.com/live/hls/908?slice=026800   
D/DataSource_M3U8(  739): [M3U8] file: NULL line 
D/DataSource_M3U8(  739): HLS=====>> Live Stream!!!!
D/MediaPlayerService(  739): [9] notify (0x50fe8, 200, 704, 5)
D/MstarPlayer(  739): percent: 5
W/MediaPlayer( 2292): info/warning (704, 5)
I/MediaPlayer.java( 2292): Info (704,5)
E/ServerHandler( 1635): receiveRequest
V/OtORequest( 1635): parseCommand
V/OtORequest( 1635): get command=102
V/OtORequest( 1635): parse OtORequest: cmd=102 paramLength=0 bufferlen=8
D/OtOService( 1635): client request pull back movie.
D/OtOService( 1635): callback N: 1
D/OtOService( 1635): send callback: 100
D/dvb_ServiceAdapter( 2292): dvb_ResultCallBack: what:100   arg1:0
V/TimeShiftPlay( 2292): ++++lastMylocator++++com.coship.dvbplayer.service.MyLocator@4170be28
D/OtOService( 1635): callback: java.lang.NullPointerException
E/ServerHandler( 1635): Send:com.aidufei.protocol.oto.OtOPullRequest@415e6d80
D/ServerHandler( 1635): ServerHandler send request:102:{"Status":{"ReturnCode":99,"Description":"processing"}}
V/ServerHandler( 1635): ServerHandler send DatagramPacket:/192.168.1.105-[B@415b48c8
D/MediaPlayerService(  739): [9] notify (0x50fe8, 200, 704, 5)
D/MstarPlayer(  739): percent: 5
W/MediaPlayer( 2292): info/warning (704, 5)
I/MediaPlayer.java( 2292): Info (704,5)
D/MediaPlayerService(  739): [9] notify (0x50fe8, 200, 704, 5)
D/MstarPlayer(  739): percent: 5
W/MediaPlayer( 2292): info/warning (704, 5)
I/MediaPlayer.java( 2292): Info (704,5)
D/MediaPlayerService(  739): [9] notify (0x50fe8, 200, 704, 5)
D/MstarPlayer(  739): percent: 5
W/MediaPlayer( 2292): info/warning (704, 5)
I/MediaPlayer.java( 2292): Info (704,5)
D/MediaPlayerService(  739): [9] notify (0x50fe8, 200, 704, 5)
D/MstarPlayer(  739): percent: 5
W/MediaPlayer( 2292): info/warning (704, 5)
I/MediaPlayer.java( 2292): Info (704,5)
D/MediaPlayerService(  739): [9] notify (0x50fe8, 200, 704, 5)
D/MstarPlayer(  739): percent: 5
W/MediaPlayer( 2292): info/warning (704, 5)
I/MediaPlayer.java( 2292): Info (704,5)
E/ServerHandler( 1635): receiveRequest
V/OtORequest( 1635): parseCommand
V/OtORequest( 1635): get command=102
V/OtORequest( 1635): parse OtORequest: cmd=102 paramLength=0 bufferlen=8
D/OtOService( 1635): client request pull back movie.
D/OtOService( 1635): callback N: 1
D/OtOService( 1635): send callback: 100
D/dvb_ServiceAdapter( 2292): dvb_ResultCallBack: what:100   arg1:0
V/TimeShiftPlay( 2292): ++++lastMylocator++++com.coship.dvbplayer.service.MyLocator@4170be28
D/OtOService( 1635): callback: java.lang.NullPointerException
E/ServerHandler( 1635): Send:com.aidufei.protocol.oto.OtOPullRequest@415e74f8
D/ServerHandler( 1635): ServerHandler send request:102:{"Status":{"ReturnCode":99,"Description":"processing"}}
V/ServerHandler( 1635): ServerHandler send DatagramPacket:/192.168.1.105-[B@415b3ff8
D/MediaPlayerService(  739): [9] notify (0x50fe8, 200, 704, 5)
D/MstarPlayer(  739): percent: 5
W/MediaPlayer( 2292): info/warning (704, 5)
I/MediaPlayer.java( 2292): Info (704,5)
D/MediaPlayerService(  739): [9] notify (0x50fe8, 200, 704, 5)
D/MstarPlayer(  739): percent: 5
W/MediaPlayer( 2292): info/warning (704, 5)
I/MediaPlayer.java( 2292): Info (704,5)
E/ServerHandler( 1635): receiveRequest
V/OtORequest( 1635): parseCommand
V/OtORequest( 1635): get command=103
V/OtORequest( 1635): parse OtORequest: cmd=103 paramLength=0 bufferlen=8
D/OtOService( 1635): client request get status.playType:4
D/OtOService( 1635): callback N: 1
D/OtOService( 1635): send callback: 101
D/dvb_ServiceAdapter( 2292): dvb_ResultCallBack: what:101   arg1:0
D/OtOService( 1635): VOB　sync :com.aidufei.otoService.PlayEvent@41540b48
E/ServerAdapter( 1635): ServerAdapter:0
E/ServerHandler( 1635): Send:com.aidufei.protocol.oto.OtOStatusRequest@414ff1d8
D/ServerHandler( 1635): ServerHandler send request:103:{"ResourceInfo":{"ProductCode":"","PlayType":2,"ResourceCode":"","ResourceName":" "},"Status":{"ReturnCode":100,"Description":"ok"},"PlayStatus":0,"Volume":0}
V/ServerHandler( 1635): ServerHandler send DatagramPacket:/192.168.1.105-[B@4150cc98
D/OtOService( 1635): send callback obj: com.aidufei.otoService.IServiceCallBack$Stub$Proxy@4155fba8
E/ServerAdapter( 1635): ServerAdapter:0
E/ServerHandler( 1635): Send:com.aidufei.protocol.oto.OtOStatusRequest@41473970
D/ServerHandler( 1635): ServerHandler send request:103:{"Status":{"ReturnCode":99,"Description":"status sync processing"},"PlayStatus":0,"Volume":0}
V/ServerHandler( 1635): ServerHandler send DatagramPacket:/192.168.1.105-[B@4151bfb8
D/MediaPlayerService(  739): [9] notify (0x50fe8, 200, 704, 5)
D/MstarPlayer(  739): percent: 5
W/MediaPlayer( 2292): info/warning (704, 5)
I/MediaPlayer.java( 2292): Info (704,5)
D/MonitorCw880( 2400): currentRemoteHost is null ,continue
D/MediaPlayerService(  739): [9] notify (0x50fe8, 200, 704, 5)
D/MstarPlayer(  739): percent: 5
W/MediaPlayer( 2292): info/warning (704, 5)
I/MediaPlayer.java( 2292): Info (704,5)
D/DataSource_M3U8(  739): u32HLSSreamNum[0]===>u32BandWidth:800000 
D/DataSource_M3U8(  739): getHLSPlayListInex  DownloadBandWidth:1422786   uInDex=0
D/DataSource_M3U8(  739): 
D/DataSource_M3U8(  739): 
D/DataSource_M3U8(  739): 
D/DataSource_M3U8(  739): ============Begin to get playlist !!=====================
D/DataSource_M3U8(  739): 
D/DataSource_M3U8(  739): 
D/MediaPlayerService(  739): [9] notify (0x50fe8, 200, 704, 5)
D/MstarPlayer(  739): percent: 5
W/MediaPlayer( 2292): info/warning (704, 5)
I/MediaPlayer.java( 2292): Info (704,5)
D/DataSource_M3U8(  739): 
D/DataSource_M3U8(  739):  Warnig::  getValidBufferLength()  <  Codec require !!!
D/MediaPlayerService(  739): [9] notify (0x50fe8, 200, 704, 5)
D/MstarPlayer(  739): percent: 5
W/MediaPlayer( 2292): info/warning (704, 5)
I/MediaPlayer.java( 2292): Info (704,5)
E/ServerHandler( 1635): receiveRequest
V/OtORequest( 1635): parseCommand
V/OtORequest( 1635): get command=102
V/OtORequest( 1635): parse OtORequest: cmd=102 paramLength=0 bufferlen=8
D/OtOService( 1635): client request pull back movie.
D/OtOService( 1635): callback N: 1
D/OtOService( 1635): send callback: 100
D/dvb_ServiceAdapter( 2292): dvb_ResultCallBack: what:100   arg1:0
V/TimeShiftPlay( 2292): ++++lastMylocator++++com.coship.dvbplayer.service.MyLocator@4170be28
D/OtOService( 1635): callback: java.lang.NullPointerException
E/ServerHandler( 1635): Send:com.aidufei.protocol.oto.OtOPullRequest@415e8af0
D/ServerHandler( 1635): ServerHandler send request:102:{"Status":{"ReturnCode":99,"Description":"processing"}}
V/ServerHandler( 1635): ServerHandler send DatagramPacket:/192.168.1.105-[B@415b2d50
D/MediaPlayerService(  739): [9] notify (0x50fe8, 200, 704, 5)
D/MstarPlayer(  739): percent: 5
W/MediaPlayer( 2292): info/warning (704, 5)
I/MediaPlayer.java( 2292): Info (704,5)
D/MediaPlayerService(  739): [9] notify (0x50fe8, 200, 704, 5)
D/MstarPlayer(  739): percent: 5
W/MediaPlayer( 2292): info/warning (704, 5)
I/MediaPlayer.java( 2292): Info (704,5)
D/MediaPlayerService(  739): [9] notify (0x50fe8, 200, 704, 5)
D/MstarPlayer(  739): percent: 5
W/MediaPlayer( 2292): info/warning (704, 5)
I/MediaPlayer.java( 2292): Info (704,5)
D/MediaPlayerService(  739): [9] notify (0x50fe8, 200, 704, 5)
D/MstarPlayer(  739): percent: 5
W/MediaPlayer( 2292): info/warning (704, 5)
I/MediaPlayer.java( 2292): Info (704,5)
D/MediaPlayerService(  739): [9] notify (0x50fe8, 200, 704, 5)
D/MstarPlayer(  739): percent: 5
W/MediaPlayer( 2292): info/warning (704, 5)
I/MediaPlayer.java( 2292): Info (704,5)
D/MediaPlayerService(  739): [9] notify (0x50fe8, 200, 704, 5)
D/MstarPlayer(  739): percent: 5
W/MediaPlayer( 2292): info/warning (704, 5)
I/MediaPlayer.java( 2292): Info (704,5)
D/MediaPlayerService(  739): [9] notify (0x50fe8, 200, 704, 5)
D/MstarPlayer(  739): percent: 5
W/MediaPlayer( 2292): info/warning (704, 5)
I/MediaPlayer.java( 2292): Info (704,5)
D/MediaPlayerService(  739): [9] notify (0x50fe8, 200, 704, 5)
D/MstarPlayer(  739): percent: 5
W/MediaPlayer( 2292): info/warning (704, 5)
I/MediaPlayer.java( 2292): Info (704,5)
E/ServerHandler( 1635): receiveRequest
V/OtORequest( 1635): parseCommand
V/OtORequest( 1635): get command=102
V/OtORequest( 1635): parse OtORequest: cmd=102 paramLength=0 bufferlen=8
D/OtOService( 1635): client request pull back movie.
D/OtOService( 1635): callback N: 1
D/OtOService( 1635): send callback: 100
D/dvb_ServiceAdapter( 2292): dvb_ResultCallBack: what:100   arg1:0
V/TimeShiftPlay( 2292): ++++lastMylocator++++com.coship.dvbplayer.service.MyLocator@4170be28
D/OtOService( 1635): callback: java.lang.NullPointerException
E/ServerHandler( 1635): Send:com.aidufei.protocol.oto.OtOPullRequest@415e93a8
D/ServerHandler( 1635): ServerHandler send request:102:{"Status":{"ReturnCode":99,"Description":"processing"}}
V/ServerHandler( 1635): ServerHandler send DatagramPacket:/192.168.1.105-[B@415b1070
D/MediaPlayerService(  739): [9] notify (0x50fe8, 200, 704, 5)
D/MstarPlayer(  739): percent: 5
W/MediaPlayer( 2292): info/warning (704, 5)
I/MediaPlayer.java( 2292): Info (704,5)
D/MediaPlayerService(  739): [9] notify (0x50fe8, 200, 704, 5)
D/MstarPlayer(  739): percent: 5
W/MediaPlayer( 2292): info/warning (704, 5)
I/MediaPlayer.java( 2292): Info (704,5)
D/MediaPlayerService(  739): [9] notify (0x50fe8, 200, 704, 5)
D/MstarPlayer(  739): percent: 5
W/MediaPlayer( 2292): info/warning (704, 5)
I/MediaPlayer.java( 2292): Info (704,5)
D/MediaPlayerService(  739): [9] notify (0x50fe8, 200, 704, 5)
D/MstarPlayer(  739): percent: 5
W/MediaPlayer( 2292): info/warning (704, 5)
I/MediaPlayer.java( 2292): Info (704,5)
D/MediaPlayerService(  739): [9] notify (0x50fe8, 200, 704, 5)
D/MstarPlayer(  739): percent: 5
W/MediaPlayer( 2292): info/warning (704, 5)
I/MediaPlayer.java( 2292): Info (704,5)
D/MediaPlayerService(  739): [9] notify (0x50fe8, 200, 704, 5)
D/MstarPlayer(  739): percent: 5
W/MediaPlayer( 2292): info/warning (704, 5)
I/MediaPlayer.java( 2292): Info (704,5)
D/MediaPlayerService(  739): [9] notify (0x50fe8, 200, 704, 5)
D/MstarPlayer(  739): percent: 5
W/MediaPlayer( 2292): info/warning (704, 5)
I/MediaPlayer.java( 2292): Info (704,5)
E/ServerHandler( 1635): receiveRequest
V/OtORequest( 1635): parseCommand
V/OtORequest( 1635): get command=102
V/OtORequest( 1635): parse OtORequest: cmd=102 paramLength=0 bufferlen=8
D/OtOService( 1635): client request pull back movie.
D/OtOService( 1635): callback N: 1
D/OtOService( 1635): send callback: 100
D/dvb_ServiceAdapter( 2292): dvb_ResultCallBack: what:100   arg1:0
V/TimeShiftPlay( 2292): ++++lastMylocator++++com.coship.dvbplayer.service.MyLocator@4170be28
D/OtOService( 1635): callback: java.lang.NullPointerException
E/ServerHandler( 1635): Send:com.aidufei.protocol.oto.OtOPullRequest@415e9d50
D/ServerHandler( 1635): ServerHandler send request:102:{"Status":{"ReturnCode":99,"Description":"processing"}}
V/ServerHandler( 1635): ServerHandler send DatagramPacket:/192.168.1.105-[B@415b07c8
E/ServerHandler( 1635): receiveRequest
V/OtORequest( 1635): parseCommand
V/OtORequest( 1635): get command=102
V/OtORequest( 1635): parse OtORequest: cmd=102 paramLength=0 bufferlen=8
D/OtOService( 1635): client request pull back movie.
D/OtOService( 1635): callback N: 1
D/OtOService( 1635): send callback: 100
D/dvb_ServiceAdapter( 2292): dvb_ResultCallBack: what:100   arg1:0
V/TimeShiftPlay( 2292): ++++lastMylocator++++com.coship.dvbplayer.service.MyLocator@4170be28
D/OtOService( 1635): callback: java.lang.NullPointerException
E/ServerHandler( 1635): Send:com.aidufei.protocol.oto.OtOPullRequest@415ea848
D/ServerHandler( 1635): ServerHandler send request:102:{"Status":{"ReturnCode":99,"Description":"processing"}}
V/ServerHandler( 1635): ServerHandler send DatagramPacket:/192.168.1.105-[B@415b01a8
E/ServerHandler( 1635): receiveRequest
V/OtORequest( 1635): parseCommand
V/OtORequest( 1635): get command=102
V/OtORequest( 1635): parse OtORequest: cmd=102 paramLength=0 bufferlen=8
D/OtOService( 1635): client request pull back movie.
D/OtOService( 1635): callback N: 1
D/OtOService( 1635): send callback: 100
D/dvb_ServiceAdapter( 2292): dvb_ResultCallBack: what:100   arg1:0
V/TimeShiftPlay( 2292): ++++lastMylocator++++com.coship.dvbplayer.service.MyLocator@4170be28
D/OtOService( 1635): callback: java.lang.NullPointerException
E/ServerHandler( 1635): Send:com.aidufei.protocol.oto.OtOPullRequest@415eb490
D/ServerHandler( 1635): ServerHandler send request:102:{"Status":{"ReturnCode":99,"Description":"processing"}}
V/ServerHandler( 1635): ServerHandler send DatagramPacket:/192.168.1.105-[B@415afa68
D/MediaPlayerService(  739): [9] notify (0x50fe8, 200, 704, 5)
D/MstarPlayer(  739): percent: 5
W/MediaPlayer( 2292): info/warning (704, 5)
I/MediaPlayer.java( 2292): Info (704,5)
D/MediaPlayerService(  739): [9] notify (0x50fe8, 200, 704, 5)
D/MstarPlayer(  739): percent: 5
W/MediaPlayer( 2292): info/warning (704, 5)
I/MediaPlayer.java( 2292): Info (704,5)
D/MediaPlayerService(  739): [9] notify (0x50fe8, 200, 704, 5)
D/MstarPlayer(  739): percent: 5
W/MediaPlayer( 2292): info/warning (704, 5)
I/MediaPlayer.java( 2292): Info (704,5)
D/DataSource_M3U8(  739): 
D/DataSource_M3U8(  739):  Warnig::  getValidBufferLength()  <  Codec require !!!
D/MediaPlayerService(  739): [9] notify (0x50fe8, 200, 704, 5)
D/MstarPlayer(  739): percent: 5
W/MediaPlayer( 2292): info/warning (704, 5)
I/MediaPlayer.java( 2292): Info (704,5)
D/MediaPlayerService(  739): [9] notify (0x50fe8, 200, 704, 5)
D/MstarPlayer(  739): percent: 5
W/MediaPlayer( 2292): info/warning (704, 5)
I/MediaPlayer.java( 2292): Info (704,5)
D/MediaPlayerService(  739): [9] notify (0x50fe8, 200, 704, 5)
D/MstarPlayer(  739): percent: 5
W/MediaPlayer( 2292): info/warning (704, 5)
I/MediaPlayer.java( 2292): Info (704,5)
D/DataSource_M3U8(  739): 
D/DataSource_M3U8(  739):  connect Server :live.feifeikan.com
D/DataSource_M3U8(  739): parseM3U8 .......!
D/DataSource_M3U8(  739): 
D/DataSource_M3U8(  739):  do not update  mediaSequence : 0   url = http://live.feifeikan.com/live/hls/908?slice=026798   
D/DataSource_M3U8(  739): 
D/DataSource_M3U8(  739):  do not update  mediaSequence : 0   url = http://live.feifeikan.com/live/hls/908?slice=026799   
D/DataSource_M3U8(  739): 
D/DataSource_M3U8(  739):  do not update  mediaSequence : 0   url = http://live.feifeikan.com/live/hls/908?slice=026800   
D/DataSource_M3U8(  739): [M3U8] file: NULL line 
D/DataSource_M3U8(  739): HLS=====>> Live Stream!!!!
E/ServerHandler( 1635): receiveRequest
V/OtORequest( 1635): parseCommand
V/OtORequest( 1635): get command=102
V/OtORequest( 1635): parse OtORequest: cmd=102 paramLength=0 bufferlen=8
D/OtOService( 1635): client request pull back movie.
D/OtOService( 1635): callback N: 1
D/OtOService( 1635): send callback: 100
D/dvb_ServiceAdapter( 2292): dvb_ResultCallBack: what:100   arg1:0
V/TimeShiftPlay( 2292): ++++lastMylocator++++com.coship.dvbplayer.service.MyLocator@4170be28
D/OtOService( 1635): callback: java.lang.NullPointerException
