03-30 12:05:49.022 D/MobileDataStateTracker(  384): fota: Broadcast received: ACTION_ANY_DATA_CONNECTION_STATE_CHANGEDmApnType=fota == received apnType=fota
03-30 12:05:49.022 D/ConnectivityService(  384): getMobileDataEnabled returning false
03-30 12:05:49.022 D/MobileDataStateTracker(  384): fota: fota setting isAvailable to false
03-30 12:05:49.022 D/MobileDataStateTracker(  384): fota: Received state=DISCONNECTED, old=DISCONNECTED, reason=dataAttached
03-30 12:05:49.022 D/MobileDataStateTracker(  384): supl: Broadcast received: ACTION_ANY_DATA_CONNECTION_STATE_CHANGEDmApnType=supl != received apnType=fota
03-30 12:05:49.022 D/MobileDataStateTracker(  384): mms: Broadcast received: ACTION_ANY_DATA_CONNECTION_STATE_CHANGEDmApnType=mms != received apnType=fota
03-30 12:05:49.022 D/MobileDataStateTracker(  384): default: Broadcast received: ACTION_ANY_DATA_CONNECTION_STATE_CHANGEDmApnType=default != received apnType=fota
03-30 12:05:49.022 D/MobileDataStateTracker(  384): hipri: Broadcast received: ACTION_ANY_DATA_CONNECTION_STATE_CHANGEDmApnType=hipri != received apnType=supl
03-30 12:05:49.032 D/MobileDataStateTracker(  384): coship: Broadcast received: ACTION_ANY_DATA_CONNECTION_STATE_CHANGEDmApnType=coship != received apnType=supl
03-30 12:05:49.032 I/TelephonyRegistry(  384): notifyDataConnection: state=0 isDataConnectivityPossible=true reason='dataAttached' apn='null' apnType=ims networkType=2
03-30 12:05:49.032 I/TelephonyRegistry(  384): dataStateNotification not null
03-30 12:05:49.032 I/TelephonyRegistry(  384): update dataStateNotification
03-30 12:05:49.032 I/TelephonyRegistry(  384): toBeNotified=true
03-30 12:05:49.032 D/MobileDataStateTracker(  384): cbs: Broadcast received: ACTION_ANY_DATA_CONNECTION_STATE_CHANGEDmApnType=cbs != received apnType=supl
03-30 12:05:49.032 D/MobileDataStateTracker(  384): ims: Broadcast received: ACTION_ANY_DATA_CONNECTION_STATE_CHANGEDmApnType=ims != received apnType=supl
03-30 12:05:49.032 D/MobileDataStateTracker(  384): fota: Broadcast received: ACTION_ANY_DATA_CONNECTION_STATE_CHANGEDmApnType=fota != received apnType=supl
03-30 12:05:49.032 D/MobileDataStateTracker(  384): supl: Broadcast received: ACTION_ANY_DATA_CONNECTION_STATE_CHANGEDmApnType=supl == received apnType=supl
03-30 12:05:49.032 D/ConnectivityService(  384): getMobileDataEnabled returning false
03-30 12:05:49.032 D/MobileDataStateTracker(  384): supl: supl setting isAvailable to false
03-30 12:05:49.032 D/MobileDataStateTracker(  384): supl: Received state=DISCONNECTED, old=DISCONNECTED, reason=dataAttached
03-30 12:05:49.032 I/TelephonyRegistry(  384): notifyDataConnection: state=0 isDataConnectivityPossible=true reason='dataAttached' apn='null' apnType=mms networkType=2
03-30 12:05:49.032 I/TelephonyRegistry(  384): dataStateNotification not null
03-30 12:05:49.032 I/TelephonyRegistry(  384): update dataStateNotification
03-30 12:05:49.032 I/TelephonyRegistry(  384): toBeNotified=true
03-30 12:05:49.032 D/MobileDataStateTracker(  384): mms: Broadcast received: ACTION_ANY_DATA_CONNECTION_STATE_CHANGEDmApnType=mms != received apnType=supl
03-30 12:05:49.032 D/MobileDataStateTracker(  384): default: Broadcast received: ACTION_ANY_DATA_CONNECTION_STATE_CHANGEDmApnType=default != received apnType=supl
03-30 12:05:49.032 D/MobileDataStateTracker(  384): hipri: Broadcast received: ACTION_ANY_DATA_CONNECTION_STATE_CHANGEDmApnType=hipri == received apnType=hipri
03-30 12:05:49.032 D/ConnectivityService(  384): getMobileDataEnabled returning false
03-30 12:05:49.032 D/MobileDataStateTracker(  384): hipri: hipri setting isAvailable to false
03-30 12:05:49.032 D/MobileDataStateTracker(  384): hipri: Received state=DISCONNECTED, old=DISCONNECTED, reason=dataAttached
03-30 12:05:49.032 I/TelephonyRegistry(  384): notifyDataConnection: state=0 isDataConnectivityPossible=true reason='dataAttached' apn='null' apnType=cbs networkType=2
03-30 12:05:49.032 D/MobileDataStateTracker(  384): coship: Broadcast received: ACTION_ANY_DATA_CONNECTION_STATE_CHANGEDmApnType=coship != received apnType=hipri
03-30 12:05:49.032 I/TelephonyRegistry(  384): dataStateNotification not null
03-30 12:05:49.032 I/TelephonyRegistry(  384): update dataStateNotification
03-30 12:05:49.032 I/TelephonyRegistry(  384): toBeNotified=true
03-30 12:05:49.032 D/MobileDataStateTracker(  384): cbs: Broadcast received: ACTION_ANY_DATA_CONNECTION_STATE_CHANGEDmApnType=cbs != received apnType=hipri
03-30 12:05:49.042 I/TelephonyRegistry(  384): notifyDataConnection: state=0 isDataConnectivityPossible=true reason='dataAttached' apn='null' apnType=coship networkType=2
03-30 12:05:49.042 I/TelephonyRegistry(  384): dataStateNotification not null
03-30 12:05:49.042 I/TelephonyRegistry(  384): toBeNotified = false
03-30 12:05:49.042 I/TelephonyRegistry(  384): toBeNotified=false
03-30 12:05:49.042 I/TelephonyRegistry(  384): notifyDataConnection: state=0 isDataConnectivityPossible=true reason='dataAttached' apn='null' apnType=fota networkType=2
03-30 12:05:49.042 I/TelephonyRegistry(  384): dataStateNotification not null
03-30 12:05:49.042 I/TelephonyRegistry(  384): toBeNotified = false
03-30 12:05:49.042 I/TelephonyRegistry(  384): toBeNotified=false
03-30 12:05:49.042 I/TelephonyRegistry(  384): notifyDataConnection: state=0 isDataConnectivityPossible=true reason='dataAttached' apn='null' apnType=supl networkType=2
03-30 12:05:49.042 I/TelephonyRegistry(  384): dataStateNotification not null
03-30 12:05:49.042 I/TelephonyRegistry(  384): toBeNotified = false
03-30 12:05:49.042 I/TelephonyRegistry(  384): toBeNotified=false
03-30 12:05:49.042 I/TelephonyRegistry(  384): notifyDataConnection: state=0 isDataConnectivityPossible=true reason='dataAttached' apn='null' apnType=hipri networkType=2
03-30 12:05:49.042 I/TelephonyRegistry(  384): dataStateNotification not null
03-30 12:05:49.042 I/TelephonyRegistry(  384): toBeNotified = false
03-30 12:05:49.042 I/TelephonyRegistry(  384): toBeNotified=false
03-30 12:05:49.042 D/MobileDataStateTracker(  384): ims: Broadcast received: ACTION_ANY_DATA_CONNECTION_STATE_CHANGEDmApnType=ims != received apnType=hipri
03-30 12:05:49.042 I/TelephonyRegistry(  384): notifyDataConnection: state=0 isDataConnectivityPossible=true reason='dataAttached' apn='null' apnType=ims networkType=2
03-30 12:05:49.042 I/TelephonyRegistry(  384): dataStateNotification not null
03-30 12:05:49.042 I/TelephonyRegistry(  384): toBeNotified = false
03-30 12:05:49.042 I/TelephonyRegistry(  384): toBeNotified=false
03-30 12:05:49.042 D/MobileDataStateTracker(  384): fota: Broadcast received: ACTION_ANY_DATA_CONNECTION_STATE_CHANGEDmApnType=fota != received apnType=hipri
03-30 12:05:49.042 D/MobileDataStateTracker(  384): supl: Broadcast received: ACTION_ANY_DATA_CONNECTION_STATE_CHANGEDmApnType=supl != received apnType=hipri
03-30 12:05:49.042 I/TelephonyRegistry(  384): notifyDataConnection: state=0 isDataConnectivityPossible=true reason='dataAttached' apn='null' apnType=mms networkType=2
03-30 12:05:49.042 I/TelephonyRegistry(  384): dataStateNotification not null
03-30 12:05:49.042 I/TelephonyRegistry(  384): toBeNotified = false
03-30 12:05:49.042 I/TelephonyRegistry(  384): toBeNotified=false
03-30 12:05:49.042 D/MobileDataStateTracker(  384): mms: Broadcast received: ACTION_ANY_DATA_CONNECTION_STATE_CHANGEDmApnType=mms != received apnType=hipri
03-30 12:05:49.042 D/MobileDataStateTracker(  384): default: Broadcast received: ACTION_ANY_DATA_CONNECTION_STATE_CHANGEDmApnType=default != received apnType=hipri
03-30 12:05:49.042 I/TelephonyRegistry(  384): notifyDataConnection: state=0 isDataConnectivityPossible=true reason='dataAttached' apn='null' apnType=cbs networkType=2
03-30 12:05:49.042 I/TelephonyRegistry(  384): dataStateNotification not null
03-30 12:05:49.042 I/TelephonyRegistry(  384): toBeNotified = false
03-30 12:05:49.042 D/MobileDataStateTracker(  384): hipri: Broadcast received: ACTION_ANY_DATA_CONNECTION_STATE_CHANGEDmApnType=hipri != received apnType=ims
03-30 12:05:49.042 I/TelephonyRegistry(  384): toBeNotified=false
03-30 12:05:49.042 D/MobileDataStateTracker(  384): coship: Broadcast received: ACTION_ANY_DATA_CONNECTION_STATE_CHANGEDmApnType=coship != received apnType=ims
03-30 12:05:49.042 D/MobileDataStateTracker(  384): cbs: Broadcast received: ACTION_ANY_DATA_CONNECTION_STATE_CHANGEDmApnType=cbs != received apnType=ims
03-30 12:05:49.042 D/MobileDataStateTracker(  384): ims: Broadcast received: ACTION_ANY_DATA_CONNECTION_STATE_CHANGEDmApnType=ims == received apnType=ims
03-30 12:05:49.052 D/MobileDataStateTracker(  384): ims: ims setting isAvailable to false
03-30 12:05:49.052 D/MobileDataStateTracker(  384): ims: Received state=DISCONNECTED, old=DISCONNECTED, reason=dataAttached
03-30 12:05:49.052 D/MobileDataStateTracker(  384): fota: Broadcast received: ACTION_ANY_DATA_CONNECTION_STATE_CHANGEDmApnType=fota != received apnType=ims
03-30 12:05:49.052 D/MobileDataStateTracker(  384): supl: Broadcast received: ACTION_ANY_DATA_CONNECTION_STATE_CHANGEDmApnType=supl != received apnType=ims
03-30 12:05:49.052 D/MobileDataStateTracker(  384): mms: Broadcast received: ACTION_ANY_DATA_CONNECTION_STATE_CHANGEDmApnType=mms != received apnType=ims
03-30 12:05:49.052 D/MobileDataStateTracker(  384): default: Broadcast received: ACTION_ANY_DATA_CONNECTION_STATE_CHANGEDmApnType=default != received apnType=ims
03-30 12:05:49.052 D/MobileDataStateTracker(  384): hipri: Broadcast received: ACTION_ANY_DATA_CONNECTION_STATE_CHANGEDmApnType=hipri != received apnType=mms
03-30 12:05:49.052 D/MobileDataStateTracker(  384): coship: Broadcast received: ACTION_ANY_DATA_CONNECTION_STATE_CHANGEDmApnType=coship != received apnType=mms
03-30 12:05:49.052 D/MobileDataStateTracker(  384): cbs: Broadcast received: ACTION_ANY_DATA_CONNECTION_STATE_CHANGEDmApnType=cbs != received apnType=mms
03-30 12:05:49.052 D/MobileDataStateTracker(  384): ims: Broadcast received: ACTION_ANY_DATA_CONNECTION_STATE_CHANGEDmApnType=ims != received apnType=mms
03-30 12:05:49.052 D/ConnectivityService(  384): getMobileDataEnabled returning false
03-30 12:05:49.052 D/MobileDataStateTracker(  384): fota: Broadcast received: ACTION_ANY_DATA_CONNECTION_STATE_CHANGEDmApnType=fota != received apnType=mms
03-30 12:05:49.052 D/MobileDataStateTracker(  384): supl: Broadcast received: ACTION_ANY_DATA_CONNECTION_STATE_CHANGEDmApnType=supl != received apnType=mms
03-30 12:05:49.052 D/MobileDataStateTracker(  384): mms: Broadcast received: ACTION_ANY_DATA_CONNECTION_STATE_CHANGEDmApnType=mms == received apnType=mms
03-30 12:05:49.052 D/ConnectivityService(  384): getMobileDataEnabled returning false
03-30 12:05:49.052 D/MobileDataStateTracker(  384): mms: mms setting isAvailable to false
03-30 12:05:49.052 D/MobileDataStateTracker(  384): mms: Received state=DISCONNECTED, old=DISCONNECTED, reason=dataAttached
03-30 12:05:49.052 D/MobileDataStateTracker(  384): default: Broadcast received: ACTION_ANY_DATA_CONNECTION_STATE_CHANGEDmApnType=default != received apnType=mms
03-30 12:05:49.052 D/MobileDataStateTracker(  384): hipri: Broadcast received: ACTION_ANY_DATA_CONNECTION_STATE_CHANGEDmApnType=hipri != received apnType=cbs
03-30 12:05:49.052 D/MobileDataStateTracker(  384): coship: Broadcast received: ACTION_ANY_DATA_CONNECTION_STATE_CHANGEDmApnType=coship != received apnType=cbs
03-30 12:05:49.052 D/MobileDataStateTracker(  384): cbs: Broadcast received: ACTION_ANY_DATA_CONNECTION_STATE_CHANGEDmApnType=cbs == received apnType=cbs
03-30 12:05:49.062 D/MobileDataStateTracker(  384): cbs: cbs setting isAvailable to false
03-30 12:05:49.062 D/MobileDataStateTracker(  384): cbs: Received state=DISCONNECTED, old=DISCONNECTED, reason=dataAttached
03-30 12:05:49.062 D/MobileDataStateTracker(  384): ims: Broadcast received: ACTION_ANY_DATA_CONNECTION_STATE_CHANGEDmApnType=ims != received apnType=cbs
03-30 12:05:49.062 D/MobileDataStateTracker(  384): fota: Broadcast received: ACTION_ANY_DATA_CONNECTION_STATE_CHANGEDmApnType=fota != received apnType=cbs
03-30 12:05:49.062 D/MobileDataStateTracker(  384): supl: Broadcast received: ACTION_ANY_DATA_CONNECTION_STATE_CHANGEDmApnType=supl != received apnType=cbs
03-30 12:05:49.062 D/MobileDataStateTracker(  384): mms: Broadcast received: ACTION_ANY_DATA_CONNECTION_STATE_CHANGEDmApnType=mms != received apnType=cbs
03-30 12:05:49.062 D/MobileDataStateTracker(  384): default: Broadcast received: ACTION_ANY_DATA_CONNECTION_STATE_CHANGEDmApnType=default != received apnType=cbs
03-30 12:08:44.062 I/WindowManager(  384): Lock screen displayed!
03-30 12:08:45.593 D/PhoneStatusBar(  465): disable: < expand icons alerts ticker system_info BACK HOME recent* CLOCK >
03-30 12:08:45.613 D/PhoneStatusBar(  465): disable: < expand icons alerts ticker system_info back* home* recent clock* >
03-30 12:08:45.633 W/InputMethodManagerService(  384): Window already focused, ignoring focus gain of: com.android.internal.view.IInputMethodClient$Stub$Proxy@421f9360 attribute=android.view.inputmethod.EditorInfo@41b1e768
03-30 12:08:46.954 I/ActivityManager(  384): START {act=android.intent.action.MAIN cat=[android.intent.category.LAUNCHER] flg=0x10200000 cmp=com.android.contacts/.DialtactsActivity bnds=[15,1086][187,1276] u=0} from pid 558
03-30 12:08:47.635 D/TelephonyRegistry(  384): onCallStateChanged  mCallIncomingNumber:
03-30 12:08:47.635 D/TelephonyRegistry(  384): getCallStateForAllSims  state:0
03-30 12:08:49.627 I/ActivityManager(  384): START {act=android.intent.action.CALL_PRIVILEGED dat=tel:xxxxxx flg=0x10000000 cmp=com.android.phone/.PrivilegedOutgoingCallBroadcaster (has extras) u=0} from pid 3736
03-30 12:08:49.757 I/ActivityManager(  384): START {act=com.android.phone.SIP_SELECT_PHONE dat=tel:xxxxxx flg=0x10000000 cmp=com.android.phone/.SipCallOptionHandler (has extras) u=0} from pid 572
03-30 12:08:49.957 I/ActivityManager(  384): START {act=android.intent.action.MAIN flg=0x10840000 cmp=com.android.phone/.InCallScreen (has extras) u=0} from pid 572
03-30 12:08:50.087 D/PhoneStatusBar(  465): disable: < expand icons ALERTS* ticker system_info back home recent clock >
03-30 12:08:50.618 D/WallpaperService(  384): getLockScreenpaper
03-30 12:08:51.419 W/ActivityManager(  384): Unable to start service Intent { act=com.android.contacts.VIEW_NOTIFICATION dat=content://com.android.contacts/contacts/356 cmp=com.android.contacts/.ViewNotificationService }: not found
03-30 12:09:11.688 D/PhoneStatusBar(  465): addNotification score=10
03-30 12:09:51.958 D/PhoneStatusBar(  465): addNotification score=0
03-30 12:10:04.520 I/WindowManager(  384): No lock screen!
03-30 12:10:08.544 D/PhoneStatusBar(  465): addNotification score=10
03-30 12:10:11.417 I/WindowManager(  384): No lock screen!
03-30 12:10:12.348 I/TelephonyRegistry(  384): notifyDataConnection: state=0 isDataConnectivityPossible=true reason='2GVoiceCallEnded' apn='null' apnType=coship networkType=2
03-30 12:10:12.348 I/TelephonyRegistry(  384): dataStateNotification not null
03-30 12:10:12.348 I/TelephonyRegistry(  384): toBeNotified = false
03-30 12:10:12.348 I/TelephonyRegistry(  384): toBeNotified=false
03-30 12:10:12.348 I/TelephonyRegistry(  384): notifyDataConnection: state=0 isDataConnectivityPossible=true reason='2GVoiceCallEnded' apn='null' apnType=fota networkType=2
03-30 12:10:12.348 I/TelephonyRegistry(  384): dataStateNotification not null
03-30 12:10:12.348 I/TelephonyRegistry(  384): toBeNotified = false
03-30 12:10:12.348 I/TelephonyRegistry(  384): toBeNotified=false
03-30 12:10:12.348 I/TelephonyRegistry(  384): notifyDataConnection: state=0 isDataConnectivityPossible=true reason='2GVoiceCallEnded' apn='null' apnType=supl networkType=2
03-30 12:10:12.348 I/TelephonyRegistry(  384): dataStateNotification not null
03-30 12:10:12.348 I/TelephonyRegistry(  384): toBeNotified = false
03-30 12:10:12.348 I/TelephonyRegistry(  384): toBeNotified=false
03-30 12:10:12.348 I/TelephonyRegistry(  384): notifyDataConnection: state=0 isDataConnectivityPossible=true reason='2GVoiceCallEnded' apn='null' apnType=hipri networkType=2
03-30 12:10:12.348 I/TelephonyRegistry(  384): dataStateNotification not null
03-30 12:10:12.348 I/TelephonyRegistry(  384): toBeNotified = false
03-30 12:10:12.348 I/TelephonyRegistry(  384): toBeNotified=false
03-30 12:10:12.358 I/TelephonyRegistry(  384): notifyDataConnection: state=0 isDataConnectivityPossible=true reason='2GVoiceCallEnded' apn='null' apnType=ims networkType=2
03-30 12:10:12.358 I/TelephonyRegistry(  384): dataStateNotification not null
03-30 12:10:12.358 I/TelephonyRegistry(  384): toBeNotified = false
03-30 12:10:12.358 I/TelephonyRegistry(  384): toBeNotified=false
03-30 12:10:12.358 I/TelephonyRegistry(  384): notifyDataConnection: state=0 isDataConnectivityPossible=true reason='2GVoiceCallEnded' apn='null' apnType=mms networkType=2
03-30 12:10:12.358 I/TelephonyRegistry(  384): dataStateNotification not null
03-30 12:10:12.358 I/TelephonyRegistry(  384): toBeNotified = false
03-30 12:10:12.358 I/TelephonyRegistry(  384): toBeNotified=false
03-30 12:10:12.358 I/TelephonyRegistry(  384): notifyDataConnection: state=0 isDataConnectivityPossible=true reason='2GVoiceCallEnded' apn='null' apnType=cbs networkType=2
03-30 12:10:12.358 I/TelephonyRegistry(  384): dataStateNotification not null
03-30 12:10:12.358 I/TelephonyRegistry(  384): toBeNotified = false
03-30 12:10:12.358 I/TelephonyRegistry(  384): toBeNotified=false
03-30 12:10:12.358 I/PowerManagerService(  384): clearUserActivity for 10000ms from now
03-30 12:10:12.488 I/ActivityManager(  384): START {act=android.intent.action.MAIN cat=[android.intent.category.HOME] flg=0x10200000 cmp=com.android.launcher/com.android.launcher2.Launcher u=0} from pid 384
03-30 12:10:12.528 I/ActivityManager(  384): moveTaskToBack: 17
03-30 12:10:13.018 I/ActivityManager(  384): No longer want com.tencent.mobileqq:qzone (pid 2675): hidden #16
03-30 12:10:13.028 I/WindowState(  384): WIN DEATH: Window{416b8398 com.tencent.mobileqq/com.qzone.activities.QZoneFriendFeedActivity paused=false}
03-30 12:10:13.168 D/PhoneStatusBar(  465): disable: < expand icons alerts* ticker system_info back home recent clock >
03-30 12:10:13.949 D/PhoneStatusBar(  465): disable: < expand icons alerts ticker system_info back home RECENT* clock >
03-30 12:10:14.099 D/PhoneStatusBar(  465): disable: < expand icons alerts ticker system_info BACK* HOME* RECENT CLOCK* >
03-30 12:12:05.092 I/WindowManager(  384): Lock screen displayed!
03-30 12:12:08.014 D/PhoneStatusBar(  465): disable: < expand icons alerts ticker system_info BACK HOME recent* CLOCK >
03-30 12:12:08.044 D/PhoneStatusBar(  465): disable: < expand icons alerts ticker system_info back* home* recent clock* >
03-30 12:12:08.054 W/InputMethodManagerService(  384): Window already focused, ignoring focus gain of: com.android.internal.view.IInputMethodClient$Stub$Proxy@4174cf88 attribute=android.view.inputmethod.EditorInfo@421e0c58
03-30 12:12:12.098 W/ThrottleService(  384): unable to find stats for iface rmnet0
03-30 12:12:15.672 I/ActivityManager(  384): START {act=android.intent.action.MAIN cat=[android.intent.category.LAUNCHER] flg=0x10200000 cmp=com.tencent.mm/.ui.LauncherUI bnds=[359,1086][531,1276] u=0} from pid 558
03-30 12:12:15.782 E/ActivityThread(  960): Failed to find provider info for com.tencent.mm.coolassist.debugprovider
03-30 12:12:15.782 I/ActivityManager(  384): START {flg=0x4000000 cmp=com.tencent.mm/.ui.MainTabUI u=0} from pid 960
03-30 12:12:19.826 I/ActivityManager(  384): START {act=android.intent.action.MAIN cat=[android.intent.category.HOME] flg=0x10200000 cmp=com.android.launcher/com.android.launcher2.Launcher u=0} from pid 384
03-30 12:12:22.568 D/PhoneStatusBar(  465): disable: < expand icons alerts ticker system_info back home RECENT* clock >
03-30 12:12:22.608 D/PhoneStatusBar(  465): disable: < expand icons alerts ticker system_info BACK* HOME* RECENT CLOCK* >
03-30 12:12:23.639 I/WindowManager(  384): Lock screen displayed!
03-30 12:12:25.842 D/PhoneStatusBar(  465): disable: < expand icons alerts ticker system_info BACK HOME recent* CLOCK >
03-30 12:12:25.862 D/PhoneStatusBar(  465): disable: < expand icons alerts ticker system_info back* home* recent clock* >
03-30 12:12:25.872 W/InputMethodManagerService(  384): Window already focused, ignoring focus gain of: com.android.internal.view.IInputMethodClient$Stub$Proxy@41c5fbf8 attribute=android.view.inputmethod.EditorInfo@41c1f830
03-30 12:12:27.223 I/ActivityManager(  384): START {act=android.intent.action.MAIN cat=[android.intent.category.LAUNCHER] flg=0x10200000 cmp=com.android.contacts/.DialtactsActivity bnds=[15,1086][187,1276] u=0} from pid 558
03-30 12:12:27.453 D/TelephonyRegistry(  384): onCallStateChanged  mCallIncomingNumber:
03-30 12:12:27.453 D/TelephonyRegistry(  384): getCallStateForAllSims  state:0
03-30 12:12:31.847 W/ActivityManager(  384): Bad activity token: android.os.BinderProxy@41828db8
03-30 12:12:31.847 W/ActivityManager(  384): java.lang.ClassCastException: android.os.BinderProxy cannot be cast to com.android.server.am.ActivityRecord$Token
03-30 12:12:31.847 W/ActivityManager(  384): 	at com.android.server.am.ActivityRecord.forToken(ActivityRecord.java:307)
03-30 12:12:31.847 W/ActivityManager(  384): 	at com.android.server.am.ActivityStack.isInStackLocked(ActivityStack.java:478)
03-30 12:12:31.847 W/ActivityManager(  384): 	at com.android.server.am.ActivityManagerService.getCallingRecordLocked(ActivityManagerService.java:4420)
03-30 12:12:31.847 W/ActivityManager(  384): 	at com.android.server.am.ActivityManagerService.getCallingPackage(ActivityManagerService.java:4407)
03-30 12:12:31.847 W/ActivityManager(  384): 	at android.app.ActivityManagerNative.onTransact(ActivityManagerNative.java:417)
03-30 12:12:31.847 W/ActivityManager(  384): 	at com.android.server.am.ActivityManagerService.onTransact(ActivityManagerService.java:1639)
03-30 12:12:31.847 W/ActivityManager(  384): 	at android.os.Binder.execTransact(Binder.java:367)
03-30 12:12:31.847 W/ActivityManager(  384): 	at dalvik.system.NativeStart.run(Native Method)
03-30 12:12:34.360 I/ActivityManager(  384): START {act=android.intent.action.MAIN cat=[android.intent.category.HOME] flg=0x10200000 cmp=com.android.launcher/com.android.launcher2.Launcher u=0} from pid 384
03-30 12:12:36.011 D/PhoneStatusBar(  465): disable: < expand icons alerts ticker system_info back home RECENT* clock >
03-30 12:12:36.041 D/PhoneStatusBar(  465): disable: < expand icons alerts ticker system_info BACK* HOME* RECENT CLOCK* >
03-30 12:12:39.419 D/BatteryService(  384): mAcOnlinefalsemUsbOnline:falsemBatteryStatus 3
03-30 12:12:39.419 D/BatteryService(  384): mBatteryLevel76isPowered():falseActivityManagerNative.isSystemReady():true
03-30 12:12:39.429 D/BatteryService(  384): mAcOnlinefalsemUsbOnline:falsemBatteryStatus 3
03-30 12:12:39.429 D/ActivityManager(  384): mBatteryStatusReceiver, action=android.intent.action.BATTERY_CHANGED
03-30 12:12:39.429 D/ActivityManager(  384): mBatteryStatusReceiver, plugged=0, mBatteryStatusPlugged=0, fakeShutdownMode=false
03-30 12:12:43.082 I/WindowManager(  384): Lock screen displayed!
03-30 12:12:44.693 D/PhoneStatusBar(  465): disable: < expand icons alerts ticker system_info BACK HOME recent* CLOCK >
03-30 12:12:44.713 D/PhoneStatusBar(  465): disable: < expand icons alerts ticker system_info back* home* recent clock* >
03-30 12:12:44.723 W/InputMethodManagerService(  384): Window already focused, ignoring focus gain of: com.android.internal.view.IInputMethodClient$Stub$Proxy@42171f98 attribute=android.view.inputmethod.EditorInfo@41c58038
03-30 12:13:02.420 I/ActivityManager(  384): START {act=android.intent.action.MAIN cat=[android.intent.category.HOME] flg=0x10200000 cmp=com.android.launcher/com.android.launcher2.Launcher u=0} from pid 384
03-30 12:13:04.382 D/PhoneStatusBar(  465): disable: < expand icons alerts ticker system_info back home RECENT* clock >
03-30 12:13:04.412 D/PhoneStatusBar(  465): disable: < expand icons alerts ticker system_info BACK* HOME* RECENT CLOCK* >
03-30 12:16:39.083 I/WindowManager(  384): Lock screen displayed!
03-30 12:17:18.082 I/WindowManager(  384): Lock screen displayed!
03-30 12:17:20.634 D/PhoneStatusBar(  465): disable: < expand icons alerts ticker system_info BACK HOME recent* CLOCK >
03-30 12:17:20.664 D/PhoneStatusBar(  465): disable: < expand icons alerts ticker system_info back* home* recent clock* >
03-30 12:17:20.664 W/InputMethodManagerService(  384): Window already focused, ignoring focus gain of: com.android.internal.view.IInputMethodClient$Stub$Proxy@421dd510 attribute=android.view.inputmethod.EditorInfo@41859630
03-30 12:17:22.205 D/PhoneStatusBar(  465): disable: < expand icons alerts ticker system_info back home RECENT* clock >
03-30 12:17:22.235 D/PhoneStatusBar(  465): disable: < expand icons alerts ticker system_info BACK* HOME* RECENT CLOCK* >
03-30 12:17:25.418 I/WindowManager(  384): Lock screen displayed!
03-30 12:22:32.092 W/ThrottleService(  384): unable to find stats for iface rmnet0
03-30 12:32:13.012 W/ProcessStats(  384): Skipping unknown process pid 6435
03-30 12:32:13.012 W/ProcessStats(  384): Skipping unknown process pid 6436
03-30 12:32:13.012 W/ProcessStats(  384): Skipping unknown process pid 6437
03-30 12:32:13.012 W/ProcessStats(  384): Skipping unknown process pid 6438
03-30 12:32:13.082 D/NetworkPolicy(  384): setNetworkTemplateEnabled(): match rule = 1
03-30 12:32:13.082 D/MobileDataStateTracker(  384): default: setPolicyDataEnable(enabled=true)
03-30 12:32:59.001 W/ThrottleService(  384): unable to find stats for iface rmnet0
03-30 12:33:01.753 D/PhoneStatusBar(  465): addNotification score=0
03-30 12:33:02.184 D/ConnectivityService(  384): ConnectivityChange for WIFI: CONNECTING/OBTAINING_IPADDR
03-30 12:33:02.184 D/ConnectivityService(  384): ConnectivityChange for WIFI: CONNECTING/OBTAINING_IPADDR
03-30 12:33:02.874 D/ConnectivityService(  384): ConnectivityChange for WIFI: CONNECTED/CONNECTED
03-30 12:33:02.874 D/ConnectivityService(  384): Setting TCP values: [524288,1048576,2097152,262144,524288,1048576] which comes from [net.tcp.buffersize.wifi]
03-30 12:33:02.874 D/ConnectivityService(  384): handleConnectivityChange: changed linkProperty[1]: doReset=false resetMask=0
03-30 12:33:02.874 D/ConnectivityService(  384):    curLp=null
03-30 12:33:02.874 D/ConnectivityService(  384):    newLp=InterfaceName: wlan0 LinkAddresses: [192.168.1.105/24,] Routes: [0.0.0.0/0 -> 192.168.1.1,] DnsAddresses: [192.168.1.1,] HttpProxy: [ProxyProperties.mHost == null] 
03-30 12:33:02.874 D/ConnectivityService(  384): Adding 192.168.1.1/32 -> 0.0.0.0 for interface wlan0
03-30 12:33:02.884 D/ConnectivityService(  384): Adding 0.0.0.0/0 -> 192.168.1.1 for interface wlan0
03-30 12:33:02.884 D/ConnectivityService(  384): resetting DNS cache for wlan0
03-30 12:33:02.884 D/ConnectivityService(  384): sendStickyBroadcast: action=android.net.conn.CONNECTIVITY_CHANGE_IMMEDIATE
03-30 12:33:02.884 D/ConnectivityService(  384): sendStickyBroadcastDelayed: delayMs=3000, action=android.net.conn.CONNECTIVITY_CHANGE
03-30 12:33:02.884 D/ConnectivityService(  384): ConnectivityChange for WIFI: CONNECTED/CONNECTED
03-30 12:33:02.884 D/ConnectivityService(  384): Setting TCP values: [524288,1048576,2097152,262144,524288,1048576] which comes from [net.tcp.buffersize.wifi]
03-30 12:33:02.884 D/ConnectivityService(  384): handleConnectivityChange: changed linkProperty[1]: doReset=false resetMask=0
03-30 12:33:02.884 D/ConnectivityService(  384):    curLp=InterfaceName: wlan0 LinkAddresses: [192.168.1.105/24,] Routes: [0.0.0.0/0 -> 192.168.1.1,] DnsAddresses: [192.168.1.1,] HttpProxy: [ProxyProperties.mHost == null] 
03-30 12:33:02.884 D/ConnectivityService(  384):    newLp=InterfaceName: wlan0 LinkAddresses: [192.168.1.105/24,] Routes: [0.0.0.0/0 -> 192.168.1.1,] DnsAddresses: [192.168.1.1,] HttpProxy: [ProxyProperties.mHost == null] 
03-30 12:33:02.884 D/ConnectivityService(  384): handleConnectivityChange: address are the same reset per doReset linkProperty[1]: resetMask=0
03-30 12:33:02.884 D/ConnectivityService(  384): sendStickyBroadcast: action=android.net.conn.CONNECTIVITY_CHANGE_IMMEDIATE
03-30 12:33:02.894 D/NetworkPolicy(  384): setNetworkTemplateEnabled(): match rule = 1
03-30 12:33:02.894 D/ConnectivityService(  384): sendStickyBroadcastDelayed: delayMs=3000, action=android.net.conn.CONNECTIVITY_CHANGE
03-30 12:33:02.894 D/MobileDataStateTracker(  384): default: setPolicyDataEnable(enabled=true)
03-30 12:33:02.894 D/NetworkPolicy(  384): setNetworkTemplateEnabled(): match rule = 1
03-30 12:33:02.894 D/MobileDataStateTracker(  384): default: setPolicyDataEnable(enabled=true)
03-30 12:33:02.894 D/NetworkPolicy(  384): setNetworkTemplateEnabled(): match rule = 1
03-30 12:33:02.904 D/MobileDataStateTracker(  384): default: setPolicyDataEnable(enabled=true)
03-30 12:33:02.904 D/NetworkPolicy(  384): setNetworkTemplateEnabled(): match rule = 1
03-30 12:33:02.904 D/MobileDataStateTracker(  384): default: setPolicyDataEnable(enabled=true)
03-30 12:34:10.002 D/ConnectivityService(  384): sendStickyBroadcast: action=android.net.conn.CONNECTIVITY_CHANGE
03-30 12:34:10.002 D/ConnectivityService(  384): sendStickyBroadcast: action=android.net.conn.CONNECTIVITY_CHANGE
03-30 12:34:10.012 D/StatusBar.NetworkControllerDS(  465): updateConnectivity: intent=Intent { act=android.net.conn.CONNECTIVITY_CHANGE flg=0x8000010 (has extras) }
03-30 12:34:10.012 D/StatusBar.NetworkControllerDS(  465): updateConnectivity: networkInfo=NetworkInfo: type: WIFI[], state: CONNECTED/CONNECTED, reason: (unspecified), extra: (none), roaming: false, failover: false, isAvailable: true
03-30 12:34:10.012 D/StatusBar.NetworkControllerDS(  465): updateConnectivity: connectionStatus=0
03-30 12:34:10.012 D/StatusBar.NetworkControllerDS(  465): updateTelephonySignalStrength: !hasService()
03-30 12:34:10.022 D/StatusBar.NetworkControllerDS(  465): updateConnectivity: intent=Intent { act=android.net.conn.CONNECTIVITY_CHANGE flg=0x8000010 (has extras) }
03-30 12:34:10.022 D/StatusBar.NetworkControllerDS(  465): updateConnectivity: networkInfo=NetworkInfo: type: WIFI[], state: CONNECTED/CONNECTED, reason: (unspecified), extra: (none), roaming: false, failover: false, isAvailable: true
03-30 12:34:10.022 D/StatusBar.NetworkControllerDS(  465): updateConnectivity: connectionStatus=0
03-30 12:34:10.022 D/StatusBar.NetworkControllerDS(  465): updateTelephonySignalStrength: !hasService()
03-30 12:34:10.042 D/ConnectivityService(  384):  getAllNetworkInfo i:0
03-30 12:34:10.042 D/ConnectivityService(  384):  getAllNetworkInfo tracker:
03-30 12:34:10.042 D/ConnectivityService(  384):  getAllNetworkInfo i:1
03-30 12:34:10.042 D/ConnectivityService(  384):  getAllNetworkInfo tracker:
03-30 12:34:10.042 D/ConnectivityService(  384):  getAllNetworkInfo i:2
03-30 12:34:10.042 D/ConnectivityService(  384):  getAllNetworkInfo tracker:
03-30 12:34:10.042 D/ConnectivityService(  384):  getAllNetworkInfo i:3
03-30 12:34:10.042 D/ConnectivityService(  384):  getAllNetworkInfo tracker:
03-30 12:34:10.042 D/ConnectivityService(  384):  getAllNetworkInfo i:4
03-30 12:34:10.042 D/ConnectivityService(  384):  getAllNetworkInfo i:5
03-30 12:34:10.042 D/ConnectivityService(  384):  getAllNetworkInfo tracker:
03-30 12:34:10.042 D/ConnectivityService(  384):  getAllNetworkInfo i:6
03-30 12:34:10.042 D/ConnectivityService(  384):  getAllNetworkInfo i:7
03-30 12:34:10.042 D/ConnectivityService(  384):  getAllNetworkInfo tracker:
03-30 12:34:10.042 D/ConnectivityService(  384):  getAllNetworkInfo i:8
03-30 12:34:10.042 D/ConnectivityService(  384):  getAllNetworkInfo i:9
03-30 12:34:10.042 D/ConnectivityService(  384):  getAllNetworkInfo tracker:
03-30 12:34:10.042 D/ConnectivityService(  384):  getAllNetworkInfo i:10
03-30 12:34:10.042 D/ConnectivityService(  384):  getAllNetworkInfo tracker:
03-30 12:34:10.042 D/ConnectivityService(  384):  getAllNetworkInfo i:11
03-30 12:34:10.042 D/ConnectivityService(  384):  getAllNetworkInfo tracker:
03-30 12:34:10.042 D/ConnectivityService(  384):  getAllNetworkInfo i:12
03-30 12:34:10.042 D/ConnectivityService(  384):  getAllNetworkInfo tracker:
03-30 12:34:10.042 D/ConnectivityService(  384):  getAllNetworkInfo i:13
03-30 12:34:10.042 D/ConnectivityService(  384):  getAllNetworkInfo tracker:
03-30 12:34:10.042 D/ConnectivityService(  384):  getAllNetworkInfo i:14
03-30 12:34:10.042 D/ConnectivityService(  384):  getAllNetworkInfo tracker:
03-30 12:34:10.042 D/ConnectivityService(  384):  getAllNetworkInfo i:15
03-30 12:34:10.042 D/ConnectivityService(  384):  getAllNetworkInfo tracker:
03-30 12:34:10.042 D/ConnectivityService(  384):  getAllNetworkInfo i:16
03-30 12:34:10.042 D/ConnectivityService(  384):  getAllNetworkInfo tracker:
03-30 12:34:10.042 D/ConnectivityService(  384):  getAllNetworkInfo i:17
03-30 12:34:10.042 D/ConnectivityService(  384):  getAllNetworkInfo tracker:
03-30 12:34:10.042 D/ConnectivityService(  384):  getAllNetworkInfo i:18
03-30 12:34:10.042 D/ConnectivityService(  384):  getAllNetworkInfo i:19
03-30 12:34:10.042 D/ConnectivityService(  384):  getAllNetworkInfo tracker:
03-30 12:34:10.042 D/ConnectivityService(  384):  getAllNetworkInfo i:20
03-30 12:34:10.042 D/ConnectivityService(  384):  getAllNetworkInfo tracker:
03-30 12:34:10.042 D/ConnectivityService(  384):  getAllNetworkInfo i:21
03-30 12:34:10.042 D/ConnectivityService(  384):  getAllNetworkInfo tracker:
03-30 12:34:10.042 D/ConnectivityService(  384):  getAllNetworkInfo i:22
03-30 12:34:10.042 D/ConnectivityService(  384):  getAllNetworkInfo tracker:
03-30 12:34:10.042 D/ConnectivityService(  384):  getAllNetworkInfo i:23
03-30 12:34:10.042 D/ConnectivityService(  384):  getAllNetworkInfo tracker:
03-30 12:34:10.342 I/ActivityManager(  384): Process com.aidufei.tvphonereflection (pid 5759) has died.
03-30 12:34:15.817 D/ConnectivityService(  384): reportNetworkCondition(1, 100)
03-30 12:34:15.817 D/ConnectivityService(  384): handleInetConditionChange: net=1, condition=100,mActiveDefaultNetwork=1
03-30 12:34:15.817 D/ConnectivityService(  384): handleInetConditionChange: starting a change hold
03-30 12:34:16.318 D/ConnectivityService(  384): handleInetConditionHoldEnd: net=1, condition=100, published condition=0
03-30 12:34:16.318 D/ConnectivityService(  384): sendStickyBroadcast: action=android.net.conn.INET_CONDITION_ACTION
03-30 12:34:16.318 D/StatusBar.NetworkControllerDS(  465): updateConnectivity: intent=Intent { act=android.net.conn.INET_CONDITION_ACTION flg=0x8000010 (has extras) }
03-30 12:34:16.318 D/StatusBar.NetworkControllerDS(  465): updateConnectivity: networkInfo=NetworkInfo: type: WIFI[], state: CONNECTED/CONNECTED, reason: (unspecified), extra: (none), roaming: false, failover: false, isAvailable: true
03-30 12:34:16.318 D/StatusBar.NetworkControllerDS(  465): updateConnectivity: connectionStatus=100
03-30 12:34:16.318 D/StatusBar.NetworkControllerDS(  465): updateTelephonySignalStrength: !hasService()
03-30 12:43:17.011 W/ThrottleService(  384): unable to find stats for iface rmnet0
03-30 12:46:58.823 I/WindowManager(  384): Lock screen displayed!
03-30 12:47:00.104 D/PhoneStatusBar(  465): disable: < expand icons alerts ticker system_info BACK HOME recent* CLOCK >
03-30 12:47:00.134 D/PhoneStatusBar(  465): disable: < expand icons alerts ticker system_info back* home* recent clock* >
03-30 12:47:00.144 W/InputMethodManagerService(  384): Window already focused, ignoring focus gain of: com.android.internal.view.IInputMethodClient$Stub$Proxy@41c642c0 attribute=android.view.inputmethod.EditorInfo@41c66be8
03-30 12:47:01.976 I/ActivityManager(  384): START {act=android.intent.action.MAIN cat=[android.intent.category.LAUNCHER] flg=0x10200000 cmp=com.tencent.mm/.ui.LauncherUI bnds=[359,1086][531,1276] u=0} from pid 558
03-30 12:47:02.076 E/ActivityThread(  960): Failed to find provider info for com.tencent.mm.coolassist.debugprovider
03-30 12:47:02.076 I/ActivityManager(  384): START {flg=0x4000000 cmp=com.tencent.mm/.ui.MainTabUI u=0} from pid 960
03-30 12:47:05.309 I/ActivityManager(  384): START {cmp=com.tencent.mm/.plugin.sns.ui.SnsTimeLineUI (has extras) u=0} from pid 960
03-30 12:47:09.863 I/ActivityManager(  384): START {cmp=com.tencent.mm/.plugin.sns.ui.SnsBrowseUI (has extras) u=0} from pid 960
03-30 12:47:52.345 I/ActivityManager(  384): START {cmp=com.tencent.mm/.plugin.sns.ui.SnsBrowseUI (has extras) u=0} from pid 960
03-30 12:48:33.435 D/PhoneStatusBar(  465): disable: < expand icons ALERTS* ticker system_info back home recent clock >
03-30 12:48:33.475 D/PhoneStatusBar(  465): addNotification score=20
03-30 12:48:33.495 D/PhoneStatusBar(  465): Notification has fullScreenIntent; sending fullScreenIntent
03-30 12:48:33.495 I/ActivityManager(  384): START {act=android.intent.action.MAIN flg=0x10840000 cmp=com.android.phone/.InCallScreen (has extras) u=0} from pid -1
03-30 12:48:33.555 D/PhoneStatusBar(  465): disable: < EXPAND* icons ALERTS ticker system_info back home recent clock >
03-30 12:48:33.645 D/PhoneStatusBar(  465): disable: < EXPAND icons ALERTS ticker system_info BACK* HOME* RECENT* clock >
03-30 12:48:33.705 W/ActivityManager(  384): Unable to start service Intent { act=com.android.contacts.VIEW_NOTIFICATION dat=content://com.android.contacts/contacts/356 cmp=com.android.contacts/.ViewNotificationService }: not found
03-30 12:48:35.817 D/PhoneStatusBar(  465): disable: < expand* icons ALERTS ticker system_info BACK HOME RECENT clock >
03-30 12:48:35.857 D/PhoneStatusBar(  465): disable: < expand icons ALERTS ticker system_info back* home* recent* clock >
03-30 12:48:37.519 D/PhoneStatusBar(  465): addNotification score=10
03-30 12:49:08.659 I/WindowManager(  384): No lock screen!
03-30 12:49:09.710 D/PhoneStatusBar(  465): addNotification score=10
03-30 12:50:18.728 I/WindowManager(  384): No lock screen!
03-30 12:50:19.799 I/TelephonyRegistry(  384): notifyDataConnection: state=0 isDataConnectivityPossible=true reason='2GVoiceCallEnded' apn='null' apnType=coship networkType=2
03-30 12:50:19.799 I/TelephonyRegistry(  384): dataStateNotification not null
03-30 12:50:19.799 I/TelephonyRegistry(  384): toBeNotified = false
03-30 12:50:19.799 I/TelephonyRegistry(  384): toBeNotified=false
03-30 12:50:19.799 I/TelephonyRegistry(  384): notifyDataConnection: state=0 isDataConnectivityPossible=true reason='2GVoiceCallEnded' apn='null' apnType=fota networkType=2
03-30 12:50:19.799 I/TelephonyRegistry(  384): dataStateNotification not null
03-30 12:50:19.799 I/TelephonyRegistry(  384): toBeNotified = false
03-30 12:50:19.799 I/TelephonyRegistry(  384): toBeNotified=false
03-30 12:50:19.799 I/TelephonyRegistry(  384): notifyDataConnection: state=0 isDataConnectivityPossible=true reason='2GVoiceCallEnded' apn='null' apnType=supl networkType=2
03-30 12:50:19.799 I/TelephonyRegistry(  384): dataStateNotification not null
03-30 12:50:19.799 I/TelephonyRegistry(  384): toBeNotified = false
03-30 12:50:19.799 I/TelephonyRegistry(  384): toBeNotified=false
03-30 12:50:19.799 I/TelephonyRegistry(  384): notifyDataConnection: state=0 isDataConnectivityPossible=true reason='2GVoiceCallEnded' apn='null' apnType=hipri networkType=2
03-30 12:50:19.799 I/TelephonyRegistry(  384): dataStateNotification not null
03-30 12:50:19.799 I/TelephonyRegistry(  384): toBeNotified = false
03-30 12:50:19.799 I/TelephonyRegistry(  384): toBeNotified=false
03-30 12:50:19.799 I/TelephonyRegistry(  384): notifyDataConnection: state=0 isDataConnectivityPossible=true reason='2GVoiceCallEnded' apn='null' apnType=ims networkType=2
03-30 12:50:19.799 I/TelephonyRegistry(  384): dataStateNotification not null
03-30 12:50:19.799 I/TelephonyRegistry(  384): toBeNotified = false
03-30 12:50:19.799 I/TelephonyRegistry(  384): toBeNotified=false
03-30 12:50:19.799 I/TelephonyRegistry(  384): notifyDataConnection: state=0 isDataConnectivityPossible=true reason='2GVoiceCallEnded' apn='null' apnType=mms networkType=2
03-30 12:50:19.799 I/TelephonyRegistry(  384): dataStateNotification not null
03-30 12:50:19.799 I/TelephonyRegistry(  384): toBeNotified = false
03-30 12:50:19.799 I/TelephonyRegistry(  384): toBeNotified=false
03-30 12:50:19.799 I/TelephonyRegistry(  384): notifyDataConnection: state=0 isDataConnectivityPossible=true reason='2GVoiceCallEnded' apn='null' apnType=cbs networkType=2
03-30 12:50:19.799 I/TelephonyRegistry(  384): dataStateNotification not null
03-30 12:50:19.799 I/TelephonyRegistry(  384): toBeNotified = false
03-30 12:50:19.799 I/TelephonyRegistry(  384): toBeNotified=false
03-30 12:50:19.809 I/PowerManagerService(  384): clearUserActivity for 10000ms from now
03-30 12:50:20.519 I/ActivityManager(  384): START {act=android.intent.action.MAIN cat=[android.intent.category.HOME] flg=0x10200000 cmp=com.android.launcher/com.android.launcher2.Launcher u=0} from pid 384
03-30 12:50:20.559 I/ActivityManager(  384): moveTaskToBack: 17
03-30 12:50:20.610 D/PhoneStatusBar(  465): disable: < expand icons alerts* ticker system_info back home recent clock >
03-30 12:50:23.372 D/PhoneStatusBar(  465): disable: < expand icons alerts ticker system_info back home RECENT* clock >
03-30 12:50:23.512 D/PhoneStatusBar(  465): disable: < expand icons alerts ticker system_info BACK* HOME* RECENT CLOCK* >
03-30 12:50:24.243 I/WindowManager(  384): Lock screen displayed!
03-30 12:50:25.094 D/PhoneStatusBar(  465): disable: < expand icons alerts ticker system_info BACK HOME recent* CLOCK >
03-30 12:50:25.114 D/PhoneStatusBar(  465): disable: < expand icons alerts ticker system_info back* home* recent clock* >
03-30 12:50:25.124 W/InputMethodManagerService(  384): Window already focused, ignoring focus gain of: com.android.internal.view.IInputMethodClient$Stub$Proxy@41844ce0 attribute=android.view.inputmethod.EditorInfo@41d76b78
03-30 12:50:26.485 I/ActivityManager(  384): START {act=android.intent.action.MAIN cat=[android.intent.category.LAUNCHER] flg=0x10200000 cmp=com.tencent.mm/.ui.LauncherUI bnds=[359,1086][531,1276] u=0} from pid 558
03-30 12:50:26.565 E/ActivityThread(  960): Failed to find provider info for com.tencent.mm.coolassist.debugprovider
03-30 12:50:26.575 I/ActivityManager(  384): START {flg=0x4000000 cmp=com.tencent.mm/.ui.MainTabUI u=0} from pid 960
03-30 12:50:30.729 I/ActivityManager(  384): START {cmp=com.tencent.mm/.plugin.sns.ui.SnsTimeLineUI (has extras) u=0} from pid 960
03-30 12:50:42.361 D/BatteryService(  384): mAcOnlinefalsemUsbOnline:falsemBatteryStatus 3
03-30 12:50:42.361 D/BatteryService(  384): mBatteryLevel75isPowered():falseActivityManagerNative.isSystemReady():true
03-30 12:50:42.371 D/BatteryService(  384): mAcOnlinefalsemUsbOnline:falsemBatteryStatus 3
03-30 12:50:42.371 D/ActivityManager(  384): mBatteryStatusReceiver, action=android.intent.action.BATTERY_CHANGED
03-30 12:50:42.371 D/ActivityManager(  384): mBatteryStatusReceiver, plugged=0, mBatteryStatusPlugged=0, fakeShutdownMode=false
03-30 12:50:57.966 I/ActivityManager(  384): START {flg=0x4000000 cmp=com.tencent.mm/.plugin.readerapp.ui.ReaderAppUI (has extras) u=0} from pid 960
03-30 12:51:17.855 I/ActivityManager(  384): START {act=android.intent.action.MAIN cat=[android.intent.category.HOME] flg=0x10200000 cmp=com.android.launcher/com.android.launcher2.Launcher u=0} from pid 384
03-30 12:51:25.383 I/ActivityManager(  384): START {act=android.intent.action.MAIN cat=[android.intent.category.HOME] flg=0x10200000 cmp=com.android.launcher/com.android.launcher2.Launcher u=0} from pid 384
03-30 12:51:28.236 D/PhoneStatusBar(  465): disable: < expand icons alerts ticker system_info back home RECENT* clock >
03-30 12:51:28.276 D/PhoneStatusBar(  465): disable: < expand icons alerts ticker system_info BACK* HOME* RECENT CLOCK* >
03-30 12:54:09.051 W/ThrottleService(  384): unable to find stats for iface rmnet0
03-30 12:55:08.112 I/WindowManager(  384): Lock screen displayed!
03-30 12:55:10.594 D/PhoneStatusBar(  465): disable: < expand icons alerts ticker system_info BACK HOME recent* CLOCK >
03-30 12:55:10.624 D/PhoneStatusBar(  465): disable: < expand icons alerts ticker system_info back* home* recent clock* >
03-30 12:55:10.634 W/InputMethodManagerService(  384): Window already focused, ignoring focus gain of: com.android.internal.view.IInputMethodClient$Stub$Proxy@4182a290 attribute=android.view.inputmethod.EditorInfo@41adbe78
03-30 12:55:12.336 I/ActivityManager(  384): START {act=android.intent.action.MAIN cat=[android.intent.category.LAUNCHER] flg=0x10200000 cmp=com.tencent.mm/.ui.LauncherUI bnds=[359,1086][531,1276] u=0} from pid 558
03-30 12:55:12.416 E/ActivityThread(  960): Failed to find provider info for com.tencent.mm.coolassist.debugprovider
03-30 12:55:12.416 I/ActivityManager(  384): START {flg=0x4000000 cmp=com.tencent.mm/.ui.MainTabUI u=0} from pid 960
03-30 12:55:21.605 I/ActivityManager(  384): START {cmp=com.tencent.mm/.ui.contact.ContactInfoUI (has extras) u=0} from pid 960
03-30 12:55:36.660 I/ActivityManager(  384): START {cmp=com.tencent.mm/.ui.tools.WebViewUI (has extras) u=0} from pid 960
03-30 12:56:10.252 I/ActivityManager(  384): START {cmp=com.tencent.mm/.plugin.bottle.ui.BottleBeachUI u=0} from pid 960
03-30 12:56:15.357 I/ActivityManager(  384): START {cmp=com.tencent.mm/.plugin.bottle.ui.BottleConversationUI (has extras) u=0} from pid 960
03-30 12:56:24.746 I/ActivityManager(  384): START {act=android.intent.action.MAIN cat=[android.intent.category.HOME] flg=0x10200000 cmp=com.android.launcher/com.android.launcher2.Launcher u=0} from pid 384
03-30 12:56:27.769 D/PhoneStatusBar(  465): disable: < expand icons alerts ticker system_info back home RECENT* clock >
03-30 12:56:27.809 D/PhoneStatusBar(  465): disable: < expand icons alerts ticker system_info BACK* HOME* RECENT CLOCK* >
03-30 13:01:47.662 D/NetworkPolicy(  384): setNetworkTemplateEnabled(): match rule = 1
03-30 13:01:47.662 D/MobileDataStateTracker(  384): default: setPolicyDataEnable(enabled=true)
03-30 13:04:10.062 W/ThrottleService(  384): unable to find stats for iface rmnet0
03-30 13:14:10.062 W/ThrottleService(  384): unable to find stats for iface rmnet0
03-30 13:24:10.063 W/ThrottleService(  384): unable to find stats for iface rmnet0
03-30 13:32:03.072 D/NetworkPolicy(  384): setNetworkTemplateEnabled(): match rule = 1
03-30 13:32:03.072 D/MobileDataStateTracker(  384): default: setPolicyDataEnable(enabled=true)
03-30 13:34:10.072 W/ThrottleService(  384): unable to find stats for iface rmnet0
03-30 13:43:41.431 I/WindowManager(  384): Lock screen displayed!
03-30 13:43:44.674 D/PhoneStatusBar(  465): disable: < expand icons alerts ticker system_info BACK HOME recent* CLOCK >
03-30 13:43:44.694 D/PhoneStatusBar(  465): disable: < expand icons alerts ticker system_info back* home* recent clock* >
03-30 13:43:44.704 W/InputMethodManagerService(  384): Window already focused, ignoring focus gain of: com.android.internal.view.IInputMethodClient$Stub$Proxy@421b5f70 attribute=android.view.inputmethod.EditorInfo@421b5f80
03-30 13:43:49.359 I/ActivityManager(  384): START {act=android.intent.action.MAIN cat=[android.intent.category.LAUNCHER] flg=0x10200000 cmp=com.tencent.news/.activity.SplashActivity bnds=[360,636][532,830] u=0} from pid 558
03-30 13:43:51.151 I/ActivityManager(  384): START {flg=0x4000000 cmp=com.tencent.news/.ui.NewsDetailActivity (has extras) u=0} from pid 921
03-30 13:43:51.151 W/ActivityManager(  384): Bad activity token: android.os.BinderProxy@41df3430
03-30 13:43:51.151 W/ActivityManager(  384): java.lang.ClassCastException: android.os.BinderProxy cannot be cast to com.android.server.am.ActivityRecord$Token
03-30 13:43:51.151 W/ActivityManager(  384): 	at com.android.server.am.ActivityRecord.forToken(ActivityRecord.java:307)
03-30 13:43:51.151 W/ActivityManager(  384): 	at com.android.server.am.ActivityStack.indexOfTokenLocked(ActivityStack.java:470)
03-30 13:43:51.151 W/ActivityManager(  384): 	at com.android.server.am.ActivityStack.startActivityLocked(ActivityStack.java:2415)
03-30 13:43:51.151 W/ActivityManager(  384): 	at com.android.server.am.ActivityStack.startActivityMayWait(ActivityStack.java:3108)
03-30 13:43:51.151 W/ActivityManager(  384): 	at com.android.server.am.ActivityManagerService.startActivity(ActivityManagerService.java:2396)
03-30 13:43:51.151 W/ActivityManager(  384): 	at android.app.ActivityManagerNative.onTransact(ActivityManagerNative.java:130)
03-30 13:43:51.151 W/ActivityManager(  384): 	at com.android.server.am.ActivityManagerService.onTransact(ActivityManagerService.java:1639)
03-30 13:43:51.151 W/ActivityManager(  384): 	at android.os.Binder.execTransact(Binder.java:367)
03-30 13:43:51.151 W/ActivityManager(  384): 	at dalvik.system.NativeStart.run(Native Method)
03-30 13:43:51.151 W/ActivityManager(  384): startActivity called from non-Activity context; forcing Intent.FLAG_ACTIVITY_NEW_TASK for: Intent { flg=0x4000000 cmp=com.tencent.news/.ui.NewsDetailActivity (has extras) }
03-30 13:44:03.873 W/ActivityManager(  384): Bad activity token: android.os.BinderProxy@41c2f240
03-30 13:44:03.873 W/ActivityManager(  384): java.lang.ClassCastException: android.os.BinderProxy cannot be cast to com.android.server.am.ActivityRecord$Token
03-30 13:44:03.873 W/ActivityManager(  384): 	at com.android.server.am.ActivityRecord.forToken(ActivityRecord.java:307)
03-30 13:44:03.873 W/ActivityManager(  384): 	at com.android.server.am.ActivityStack.isInStackLocked(ActivityStack.java:478)
