V/OtORequest( 1635): parse OtORequest: cmd=103 paramLength=0 bufferlen=8
D/OtOService( 1635): client request get status.playType:4
D/OtOService( 1635): callback N: 1
D/OtOService( 1635): send callback: 101
D/dvb_ServiceAdapter( 2292): dvb_ResultCallBack: what:101   arg1:0
D/OtOService( 1635): VOB　sync :com.aidufei.otoService.PlayEvent@4156b9f0
E/ServerAdapter( 1635): ServerAdapter:0
E/ServerHandler( 1635): Send:com.aidufei.protocol.oto.OtOStatusRequest@41576b00
D/ServerHandler( 1635): ServerHandler send request:103:{"ResourceInfo":{"ProductCode":"","PlayType":2,"ResourceCode":"","ResourceName":" "},"Status":{"ReturnCode":100,"Description":"ok"},"PlayStatus":0,"Volume":0}
V/ServerHandler( 1635): ServerHandler send DatagramPacket:/192.168.1.105-[B@41574470
D/OtOService( 1635): send callback obj: com.aidufei.otoService.IServiceCallBack$Stub$Proxy@4155fba8
E/ServerAdapter( 1635): ServerAdapter:0
E/ServerHandler( 1635): Send:com.aidufei.protocol.oto.OtOStatusRequest@41577c18
D/ServerHandler( 1635): ServerHandler send request:103:{"Status":{"ReturnCode":99,"Description":"status sync processing"},"PlayStatus":0,"Volume":0}
V/ServerHandler( 1635): ServerHandler send DatagramPacket:/192.168.1.105-[B@41538590
D/dalvikvm( 1699): GC_CONCURRENT freed 834K, 63% free 2869K/7747K, paused 3ms+3ms
D/DataSource_M3U8(  739): 
D/DataSource_M3U8(  739):  connect Server :live.feifeikan.com
D/DataSource_M3U8(  739): parseM3U8 .......!
D/DataSource_M3U8(  739): 
D/DataSource_M3U8(  739):  do not update  mediaSequence : 0   url = http://live.feifeikan.com/live/hls/908?slice=026795   
D/DataSource_M3U8(  739): 
D/DataSource_M3U8(  739):  do not update  mediaSequence : 0   url = http://live.feifeikan.com/live/hls/908?slice=026796   
D/DataSource_M3U8(  739): 
D/DataSource_M3U8(  739):  do not update  mediaSequence : 0   url = http://live.feifeikan.com/live/hls/908?slice=026797   
D/DataSource_M3U8(  739): [M3U8] file: NULL line 
D/DataSource_M3U8(  739): HLS=====>> Live Stream!!!!
D/dalvikvm( 1699): GC_CONCURRENT freed 706K, 62% free 2973K/7747K, paused 13ms+2ms
D/dalvikvm( 1699): GC_CONCURRENT freed 839K, 63% free 2913K/7747K, paused 3ms+3ms
D/MonitorCw880( 2400): currentRemoteHost is null ,continue
I//lib/ld-linux.so.3(  743): Blocking Read: 1703, size: 0x20000.
D/DataSource_M3U8(  739): u32HLSSreamNum[0]===>u32BandWidth:800000 
D/DataSource_M3U8(  739): getHLSPlayListInex  DownloadBandWidth:1920   uInDex=0
D/DataSource_M3U8(  739): 
D/DataSource_M3U8(  739): 
D/DataSource_M3U8(  739): 
D/DataSource_M3U8(  739): ============Begin to get playlist !!=====================
D/DataSource_M3U8(  739): 
D/DataSource_M3U8(  739): 
D/DataSource_M3U8(  739): 
D/DataSource_M3U8(  739):  connect Server :live.feifeikan.com
D/DataSource_M3U8(  739): parseM3U8 .......!
D/DataSource_M3U8(  739): 
D/DataSource_M3U8(  739):  do not update  mediaSequence : 0   url = http://live.feifeikan.com/live/hls/908?slice=026796   
D/DataSource_M3U8(  739): 
D/DataSource_M3U8(  739):  do not update  mediaSequence : 0   url = http://live.feifeikan.com/live/hls/908?slice=026797   
D/DataSource_M3U8(  739): 
D/DataSource_M3U8(  739):  update  playlist[4] ==>> mediaSequence : 0   url = http://live.feifeikan.com/live/hls/908?slice=026798   
D/DataSource_M3U8(  739): [M3U8] file: NULL line 
D/DataSource_M3U8(  739): HLS=====>> Live Stream!!!!
D/MediaPlayerService(  739): [9] notify (0x50fe8, 3, 34, 0)
E/ServerHandler( 1635): receiveRequest
V/OtORequest( 1635): parseCommand
V/OtORequest( 1635): get command=103
V/OtORequest( 1635): parse OtORequest: cmd=103 paramLength=0 bufferlen=8
D/OtOService( 1635): client request get status.playType:4
D/OtOService( 1635): callback N: 1
D/OtOService( 1635): send callback: 101
D/dvb_ServiceAdapter( 2292): dvb_ResultCallBack: what:101   arg1:0
D/OtOService( 1635): VOB　sync :com.aidufei.otoService.PlayEvent@415578d0
E/ServerAdapter( 1635): ServerAdapter:0
E/ServerHandler( 1635): Send:com.aidufei.protocol.oto.OtOStatusRequest@41557f18
D/ServerHandler( 1635): ServerHandler send request:103:{"ResourceInfo":{"ProductCode":"","PlayType":2,"ResourceCode":"","ResourceName":" "},"Status":{"ReturnCode":100,"Description":"ok"},"PlayStatus":0,"Volume":0}
V/ServerHandler( 1635): ServerHandler send DatagramPacket:/192.168.1.105-[B@4155d6d8
D/OtOService( 1635): send callback obj: com.aidufei.otoService.IServiceCallBack$Stub$Proxy@4155fba8
E/ServerAdapter( 1635): ServerAdapter:0
E/ServerHandler( 1635): Send:com.aidufei.protocol.oto.OtOStatusRequest@4155ebd8
D/ServerHandler( 1635): ServerHandler send request:103:{"Status":{"ReturnCode":99,"Description":"status sync processing"},"PlayStatus":0,"Volume":0}
V/ServerHandler( 1635): ServerHandler send DatagramPacket:/192.168.1.105-[B@415690e0
D/DataSource_M3U8(  739): u32HLSSreamNum[0]===>u32BandWidth:800000 
D/DataSource_M3U8(  739): getHLSPlayListInex  DownloadBandWidth:1920   uInDex=0
D/DataSource_M3U8(  739): 
D/DataSource_M3U8(  739): 
D/DataSource_M3U8(  739): 
D/DataSource_M3U8(  739): ============Begin to get playlist !!=====================
D/DataSource_M3U8(  739): 
D/DataSource_M3U8(  739): 
D/DataSource_M3U8(  739): 
D/DataSource_M3U8(  739):  connect Server :live.feifeikan.com
D/DataSource_M3U8(  739): parseM3U8 .......!
D/DataSource_M3U8(  739): 
D/DataSource_M3U8(  739):  do not update  mediaSequence : 0   url = http://live.feifeikan.com/live/hls/908?slice=026796   
D/DataSource_M3U8(  739): 
D/DataSource_M3U8(  739):  do not update  mediaSequence : 0   url = http://live.feifeikan.com/live/hls/908?slice=026797   
D/DataSource_M3U8(  739): 
D/DataSource_M3U8(  739):  do not update  mediaSequence : 0   url = http://live.feifeikan.com/live/hls/908?slice=026798   
D/DataSource_M3U8(  739): [M3U8] file: NULL line 
D/DataSource_M3U8(  739): HLS=====>> Live Stream!!!!
I//lib/ld-linux.so.3(  743): Blocking Read: 1802, size: 0x20000.
I//lib/ld-linux.so.3(  743): Bitrate = 262144 Byte/s, Duration = -1 ms
I//lib/ld-linux.so.3(  743): PackSize = 28200 Byte.
I//lib/ld-linux.so.3(  743): ==============================================================================================
I//lib/ld-linux.so.3(  743): Data:MIU0; Bits:MIU0; MAD:MIU0; MVD:MIU0; SVD:MIU0; FB:MIU0; TSP:MIU0; FBL:No
I//lib/ld-linux.so.3(  743): Bit Buffer:0x4497e000      Size:0x400000
I//lib/ld-linux.so.3(  743): Subtitle Bit Buffer:0x4437e000     Size:0x1b0000
I//lib/ld-linux.so.3(  743): MAD Buffer:0x4387e000
I//lib/ld-linux.so.3(  743): MADExt Buffer:0x4457e000   Size:0x400000
I//lib/ld-linux.so.3(  743): VDEC FW Buffer:0x4943e000  Size:0x200000
I//lib/ld-linux.so.3(  743): Frame Buffer:0x4963e000    Size:0x1b00000
I//lib/ld-linux.so.3(  743): MVD Buffer:0x4b13e000      Size:0x800000
I//lib/ld-linux.so.3(  743): TSP FW Buffer:0x4120e000   Size:0x70000
I//lib/ld-linux.so.3(  743): Data Buffer:0x163d1000     Size:0x36f000
I//lib/ld-linux.so.3(  743): Attached File Buffer Size:0xffffffff
I//lib/ld-linux.so.3(  743): -> Demuxer:0x164f8000      Size:0x248000
I//lib/ld-linux.so.3(  743): -> SeqHeader:0x4400f000    Size:0x1000
I//lib/ld-linux.so.3(  743): -> MOV Table:0x4963e000    Size:0x1b00000
I//lib/ld-linux.so.3(  743): -> MOV Static:0x44010000   Size:0x100000
I//lib/ld-linux.so.3(  743): -> DRM Payload:0x44110000  Size:0x4000
I//lib/ld-linux.so.3(  743): -> DRM Playback Context:0x44114000 Size:0x1000
I//lib/ld-linux.so.3(  743): -> MADExtend:0x44116000    Size:0x20000
I//lib/ld-linux.so.3(  743): -> NonCache Area:0x44115000        Size:0x1000
I//lib/ld-linux.so.3(  743): -> Reserved Size:0x0
I//lib/ld-linux.so.3(  743): ==============================================================================================
I//lib/ld-linux.so.3(  743): Initialize TS HW
I//lib/ld-linux.so.3(  743): HAL_VPU_EX_SetDbgLevel eLevel=0x1
D/DataSource_M3U8(  739): u32HLSSreamNum[0]===>u32BandWidth:800000 
D/DataSource_M3U8(  739): getHLSPlayListInex  DownloadBandWidth:1920   uInDex=0
D/DataSource_M3U8(  739): 
D/DataSource_M3U8(  739): 
D/DataSource_M3U8(  739): 
D/DataSource_M3U8(  739): ============Begin to get playlist !!=====================
D/DataSource_M3U8(  739): 
D/DataSource_M3U8(  739): 
I//lib/ld-linux.so.3(  743): Load AAC Audio Codec.
I//lib/ld-linux.so.3(  743): ========AAC Audio Codec========
I//lib/ld-linux.so.3(  743): ===== Check Audio Decoder Protection from hash-key IP =====
I//lib/ld-linux.so.3(  743): Hash-key Support DD.
I//lib/ld-linux.so.3(  743): Hash-key Support DD+.
I//lib/ld-linux.so.3(  743): Hash-key Support Generic HE-AAC !!
I//lib/ld-linux.so.3(  743): Hash-key Support WMA.
I//lib/ld-linux.so.3(  743): Hash-key Support DRA.
I//lib/ld-linux.so.3(  743): ===== Check Protection IP End                         =====
I//lib/ld-linux.so.3(  743): ******Amplifier_TI5707_SWMute(0)
I//lib/ld-linux.so.3(  743): 5707write fail = 7
I//lib/ld-linux.so.3(  743): 5707write fail = 7
I//lib/ld-linux.so.3(  743): 5707write fail = 7
I//lib/ld-linux.so.3(  743): 5707write fail = 7
I//lib/ld-linux.so.3(  743): 5707write fail = 6
I//lib/ld-linux.so.3(  743): DS enable = 0
I//lib/ld-linux.so.3(  743): Blocking Read: 0, size: 0x4000.
I//lib/ld-linux.so.3(  743): To ask Dynscaling Size from vdec  0xc00
I//lib/ld-linux.so.3(  743): jim:xxxxxxxxxxxxxxxxxxxxxxxxxxxxxxxxxxxxxxxxxxxxxxx
I//lib/ld-linux.so.3(  743):  Size(960x544), Disp(960x544), Par(1x1), FrameRate:25000, Interlace:0
I//lib/ld-linux.so.3(  743): 1st sequence header Decode Ready!! **
D/DataSource_M3U8(  739): 
D/DataSource_M3U8(  739):  connect Server :live.feifeikan.com
D/DataSource_M3U8(  739): parseM3U8 .......!
D/DataSource_M3U8(  739): 
D/DataSource_M3U8(  739):  do not update  mediaSequence : 0   url = http://live.feifeikan.com/live/hls/908?slice=026796   
D/DataSource_M3U8(  739): 
D/DataSource_M3U8(  739):  do not update  mediaSequence : 0   url = http://live.feifeikan.com/live/hls/908?slice=026797   
D/DataSource_M3U8(  739): 
D/DataSource_M3U8(  739):  do not update  mediaSequence : 0   url = http://live.feifeikan.com/live/hls/908?slice=026798   
D/DataSource_M3U8(  739): [M3U8] file: NULL line 
D/DataSource_M3U8(  739): HLS=====>> Live Stream!!!!
D/DataSource_M3U8(  739): u32HLSSreamNum[0]===>u32BandWidth:800000 
D/DataSource_M3U8(  739): getHLSPlayListInex  DownloadBandWidth:1920   uInDex=0
D/DataSource_M3U8(  739): 
D/DataSource_M3U8(  739): 
D/DataSource_M3U8(  739): 
D/DataSource_M3U8(  739): ============Begin to get playlist !!=====================
D/DataSource_M3U8(  739): 
D/DataSource_M3U8(  739): 
E/ServerHandler( 1635): receiveRequest
V/OtORequest( 1635): parseCommand
V/OtORequest( 1635): get command=103
V/OtORequest( 1635): parse OtORequest: cmd=103 paramLength=0 bufferlen=8
D/OtOService( 1635): client request get status.playType:4
D/OtOService( 1635): callback N: 1
D/OtOService( 1635): send callback: 101
D/dvb_ServiceAdapter( 2292): dvb_ResultCallBack: what:101   arg1:0
D/OtOService( 1635): VOB　sync :com.aidufei.otoService.PlayEvent@4156b1b8
E/ServerAdapter( 1635): ServerAdapter:0
E/ServerHandler( 1635): Send:com.aidufei.protocol.oto.OtOStatusRequest@4156b770
D/ServerHandler( 1635): ServerHandler send request:103:{"ResourceInfo":{"ProductCode":"","PlayType":2,"ResourceCode":"","ResourceName":" "},"Status":{"ReturnCode":100,"Description":"ok"},"PlayStatus":0,"Volume":0}
V/ServerHandler( 1635): ServerHandler send DatagramPacket:/192.168.1.105-[B@415aca18
D/OtOService( 1635): send callback obj: com.aidufei.otoService.IServiceCallBack$Stub$Proxy@4155fba8
E/ServerAdapter( 1635): ServerAdapter:0
E/ServerHandler( 1635): Send:com.aidufei.protocol.oto.OtOStatusRequest@415c8ce8
D/ServerHandler( 1635): ServerHandler send request:103:{"Status":{"ReturnCode":99,"Description":"status sync processing"},"PlayStatus":0,"Volume":0}
V/ServerHandler( 1635): ServerHandler send DatagramPacket:/192.168.1.105-[B@415bc260
D/DataSource_M3U8(  739): 
D/DataSource_M3U8(  739):  connect Server :live.feifeikan.com
D/DataSource_M3U8(  739): parseM3U8 .......!
D/DataSource_M3U8(  739): 
D/DataSource_M3U8(  739):  do not update  mediaSequence : 0   url = http://live.feifeikan.com/live/hls/908?slice=026796   
D/DataSource_M3U8(  739): 
D/DataSource_M3U8(  739):  do not update  mediaSequence : 0   url = http://live.feifeikan.com/live/hls/908?slice=026797   
D/DataSource_M3U8(  739): 
D/DataSource_M3U8(  739):  do not update  mediaSequence : 0   url = http://live.feifeikan.com/live/hls/908?slice=026798   
D/DataSource_M3U8(  739): [M3U8] file: NULL line 
D/DataSource_M3U8(  739): HLS=====>> Live Stream!!!!
D/MstarPlayer(  739): Get E_EVENT_INIT_OK event.
D/DataSource_M3U8(  739): 
D/DataSource_M3U8(  739):  notify : 0 
D/IMMPlayer(  739): Send MM_EnableSubtitleShow
D/IMMPlayer(  739): u32Item:1
D/IMMPlayer(  739): bEnable:1
D/IMMPlayer(  739): Get ret:1
D/MstarPlayer(  739): <<<<<set init done flag
I//lib/ld-linux.so.3(  743): [CI][HbbTV-VOD]<INFO>:[1364624244.652202] MM init done
I//lib/ld-linux.so.3(  743): E_CPCODEC_MSG_INIT_OK: 2232296.
D/MstarPlayer(  739): <<<<<<<<<Init done
D/IMMPlayer(  739): Send MM_GetMetaData
D/IMMPlayer(  739): u32Item:1
D/IMMPlayer(  739): eMetadata:11
D/IMMPlayer(  739): u32BuffSize:4
D/IMMPlayer(  739): Get ret:0
D/IMMPlayer(  739): Send MM_GetMetaData
D/IMMPlayer(  739): u32Item:1
D/IMMPlayer(  739): eMetadata:12
D/IMMPlayer(  739): u32BuffSize:4
D/IMMPlayer(  739): Get ret:0
D/MediaPlayerService(  739): [9] notify (0x50fe8, 5, 960, 540)
D/MstarPlayer(  739): MstarPlayer::initRender
D/MstarPlayer(  739): MstarPlayer::initRender Done.
D/MstarPlayer(  739): prepare done....video size 960,540
D/MediaPlayerService(  739): [9] notify (0x50fe8, 1, 0, 0)
I/dvb_OTTPlayer( 2292): [onVideoSizeChanged ] mp:android.media.MediaPlayer@42fdb6f8  width:960  height:540
D/MediaPlayerService(  739): [9] setVideoSurfaceTexture(0x54b48)
I/dvb_OTTPlayer( 2292): [onPrepared ] arg0:android.media.MediaPlayer@42fdb6f8
I/dvb_LoadTips( 2292): [gethandler] objInstance:com.coship.dvbplayer.LoadTips@41712fe8
I/dvb_LoadTips( 2292): [gethandler] objInstance  mHandler:Handler (com.coship.dvbplayer.LoadTips$1) {416bb8b0}
I/dvb_LoadTips( 2292): [gethandler] objInstance:com.coship.dvbplayer.LoadTips@41712fe8
I/dvb_LoadTips( 2292): [gethandler] objInstance  mHandler:Handler (com.coship.dvbplayer.LoadTips$1) {416bb8b0}
D/MstarPlayer(  739): MstarPlayer::setLooping=0
D/MstarPlayer(  739): playerType
D/MstarPlayer(  739): MstarPlayer::setLooping=0
D/IMMPlayer(  739): Send MM_Play
D/IMMPlayer(  739): u32Item:1
D/IMMPlayer(  739): Get ret:0
I/dvb_LoadTips( 2292): [mHandler] ~~~~~~~~~~~~~~~~~~~~~~~~~mHandler:Handler (com.coship.dvbplayer.LoadTips$1) {416bb8b0} msg.what:5 msg.obj:null
I//lib/ld-linux.so.3(  743): mapi_cpcodec::Play(): 2232353.
I//lib/ld-linux.so.3(  743): [CI][HbbTV-VOD]<INFO>:[1364624244.710063] MM play start
I//lib/ld-linux.so.3(  743): MApp_VDPlayer_Play
I//lib/ld-linux.so.3(  743): [CI][HbbTV-VOD]<INFO>:[1364624244.723238] MM setup display start
I//lib/ld-linux.so.3(  743): Display Msg: 33.
I//lib/ld-linux.so.3(  743): Screen Setting: 1.
I//lib/ld-linux.so.3(  743): Set Black Screen ON.
I//lib/ld-linux.so.3(  743): Video set up display.
I//lib/ld-linux.so.3(  743): Scaler frame buffer mode.
I//lib/ld-linux.so.3(  743): stDisplayInfo.u32OutputRate: 0.
I//lib/ld-linux.so.3(  743): Display Msg: 28.
I//lib/ld-linux.so.3(  743): Video Width: 960, Height: 544, FrameRate: 25000, Interlace: 0.
I//lib/ld-linux.so.3(  743): crop: left=0, right=0, top=0, bottom=4
I//lib/ld-linux.so.3(  743): Video Type: 2.
I//lib/ld-linux.so.3(  743): Video PAR Width: 960, Height: 544.
I//lib/ld-linux.so.3(  743): Video Aspect Ratio: 30x17.
I//lib/ld-linux.so.3(  743): 1. Display Rect: x: 0, y: 0, width: 1280, height: 720.
I//lib/ld-linux.so.3(  743): 2. Display Rect: x: 4, y: 0, width: 1270, height: 720.
I//lib/ld-linux.so.3(  743): CropRect u16X=0, u16Y=0, u16Width=960, u16Height=540
I//lib/ld-linux.so.3(  743): DispRect u16X=4, u16Y=0, u16Width=1270, u16Height=720
I//lib/ld-linux.so.3(  743): Scaler start: 0x17bc1000, size: 0x1800000.
I//lib/ld-linux.so.3(  743): MVOP switch to MIU 0.
I//lib/ld-linux.so.3(  743): ->u16FrameRate = 25000
I//lib/ld-linux.so.3(  743): ->u8Interlace = 0
I//lib/ld-linux.so.3(  743): ->u16HorSize = 960
I//lib/ld-linux.so.3(  743): ->u16VerSize = 544
I//lib/ld-linux.so.3(  743): STC Updated by Video: (34310298->34416633)
I//lib/ld-linux.so.3(  743): Crop Win, X: 0, Y: 0, W: 960, H: 540.
I//lib/ld-linux.so.3(  743): Diso Win, X: 4, Y: 0, W: 1270, H: 720.
I//lib/ld-linux.so.3(  743): [MApi_Video] CropWin assigned: x,y,w,h=0,0,960,540
I//lib/ld-linux.so.3(  743): [MApi_Video] DstWin assigned: x,y,w,h=4,0,1270,720
I//lib/ld-linux.so.3(  743): [MApi_Video] SrcWin1[Win=0]: x,y,w,h=152,18,960,540
I//lib/ld-linux.so.3(  743): [MApi_Video] CropWin1: x,y,w,h=0,0,960,540
I//lib/ld-linux.so.3(  743): [MApi_Video] DispWin1: x,y,w,h=4,0,1270,720
I//lib/ld-linux.so.3(  743): === open 3D OverScan ===
I//lib/ld-linux.so.3(  743): [MApi_Video] SrcWin2: x,y,w,h=152,18,960,540
I//lib/ld-linux.so.3(  743): [MApi_Video] CropWin2: x,y,w,h=0,0,960,540
I//lib/ld-linux.so.3(  743): [MApi_Video] DispWin2: x,y,w,h=4,0,1270,720
I//lib/ld-linux.so.3(  743): [MApi_Video] SrcWin3: x,y,w,h=152,18,960,540
I//lib/ld-linux.so.3(  743): [MApi_Video] CropWin3: x,y,w,h=0,0,960,540
I//lib/ld-linux.so.3(  743): [MApi_Video] DispWin3: x,y,w,h=4,0,1270,720
I//lib/ld-linux.so.3(  743): [MApi_Video] SrcWin5[Win=0]: x,y,w,h=152,18,960,540
I//lib/ld-linux.so.3(  743): [MApi_Video] CropWin5: x,y,w,h=0,0,960,540
I//lib/ld-linux.so.3(  743): [MApi_Video] DispWin5: x,y,w,h=4,0,1270,720
D/DataSource_M3U8(  739): u32HLSSreamNum[0]===>u32BandWidth:800000 
D/DataSource_M3U8(  739): getHLSPlayListInex  DownloadBandWidth:1920   uInDex=0
D/DataSource_M3U8(  739): 
D/DataSource_M3U8(  739): 
D/DataSource_M3U8(  739): 
D/DataSource_M3U8(  739): ============Begin to get playlist !!=====================
D/DataSource_M3U8(  739): 
D/DataSource_M3U8(  739): 
I//lib/ld-linux.so.3(  743): [MApi_Video] DLC cap Hstart=5, Hend=4fb, Vstart=5a, Vend=276
I//lib/ld-linux.so.3(  743): Read Bandwidthtable.bin
D/MstarPlayer(  739): Get E_EVENT_DECODE_FIRST_FRAME_DONE event.
D/MstarPlayer(  739): Read DisplayRectangle FIFO x 0, y 0, w 1280, h 720
D/MstarPlayer(  739): setDisplayRectangle  x 0, y 0, w 1280, h 720
D/IMMPlayer(  739): Send MM_SetDisplayRectangle
D/IMMPlayer(  739): u32Item:1
D/IMMPlayer(  739): stRect u16X:0
D/IMMPlayer(  739): stRect u16Y:0
D/IMMPlayer(  739): stRect u16Height:720
D/IMMPlayer(  739): stRect u16Width:1280
I//lib/ld-linux.so.3(  743): enPQMNRType is 1
I//lib/ld-linux.so.3(  743): enPQFLType is 1
I//lib/ld-linux.so.3(  743):    [Plugins_PatchPQ]Customer Path PQ Add here
I//lib/ld-linux.so.3(  743): [CI][HbbTV-VOD]<INFO>:[1364624244.974905] MM setup display done
I//lib/ld-linux.so.3(  743): Video PAR Width: 960, Height: 544.
I//lib/ld-linux.so.3(  743): Video Aspect Ratio: 30x17.
I//lib/ld-linux.so.3(  743): 1. Display Rect: x: 0, y: 0, width: 1280, height: 720.
I//lib/ld-linux.so.3(  743): 2. Display Rect: x: 4, y: 0, width: 1270, height: 720.
I//lib/ld-linux.so.3(  743): CropRect u16X=0, u16Y=0, u16Width=960, u16Height=540
I//lib/ld-linux.so.3(  743): DispRect u16X=4, u16Y=0, u16Width=1270, u16Height=720
I//lib/ld-linux.so.3(  743): Crop Win, X: 0, Y: 0, W: 960, H: 540.
I//lib/ld-linux.so.3(  743): Diso Win, X: 4, Y: 0, W: 1270, H: 720.
I//lib/ld-linux.so.3(  743): [MApi_Video] CropWin assigned: x,y,w,h=0,0,960,540
I//lib/ld-linux.so.3(  743): [MApi_Video] DstWin assigned: x,y,w,h=4,0,1270,720
I//lib/ld-linux.so.3(  743): [MApi_Video] SrcWin1[Win=0]: x,y,w,h=152,18,960,540
I//lib/ld-linux.so.3(  743): [MApi_Video] CropWin1: x,y,w,h=0,0,960,540
I//lib/ld-linux.so.3(  743): [MApi_Video] DispWin1: x,y,w,h=4,0,1270,720
I//lib/ld-linux.so.3(  743): === open 3D OverScan ===
I//lib/ld-linux.so.3(  743): [MApi_Video] SrcWin2: x,y,w,h=152,18,960,540
I//lib/ld-linux.so.3(  743): [MApi_Video] CropWin2: x,y,w,h=0,0,960,540
I//lib/ld-linux.so.3(  743): [MApi_Video] DispWin2: x,y,w,h=4,0,1270,720
I//lib/ld-linux.so.3(  743): [MApi_Video] SrcWin3: x,y,w,h=152,18,960,540
I//lib/ld-linux.so.3(  743): [MApi_Video] CropWin3: x,y,w,h=0,0,960,540
I//lib/ld-linux.so.3(  743): [MApi_Video] DispWin3: x,y,w,h=4,0,1270,720
I//lib/ld-linux.so.3(  743): [MApi_Video] SrcWin5[Win=0]: x,y,w,h=152,18,960,540
I//lib/ld-linux.so.3(  743): [MApi_Video] CropWin5: x,y,w,h=0,0,960,540
I//lib/ld-linux.so.3(  743): [MApi_Video] DispWin5: x,y,w,h=4,0,1270,720
D/MstarPlayer(  739): E_EVENT_PLAYING_OK
I//lib/ld-linux.so.3(  743): Video is in playing state.
I//lib/ld-linux.so.3(  743): Audio Sync STC mode.(TS) 
I//lib/ld-linux.so.3(  743): FrmCnt:7(0,0,0) Rate:56137 Sys:2232645 STC:34416895 VPTS:34416633 APTS:34416889 Delay:-222(40) V:0 A:3 VES:0x14570 AES:0x1bb0 PCM:0x1b80 AudioErr:0x0
I//lib/ld-linux.so.3(  743): 1st Decode & Display Ready!!
I//lib/ld-linux.so.3(  743): Clr Sync STC
I//lib/ld-linux.so.3(  743): [MApi_Video] DLC cap Hstart=5, Hend=4fb, Vstart=5a, Vend=276
E/ServerHandler( 1635): receiveRequest
V/OtORequest( 1635): parseCommand
V/OtORequest( 1635): get command=103
V/OtORequest( 1635): parse OtORequest: cmd=103 paramLength=0 bufferlen=8
D/OtOService( 1635): client request get status.playType:4
D/OtOService( 1635): callback N: 1
D/OtOService( 1635): send callback: 101
D/dvb_ServiceAdapter( 2292): dvb_ResultCallBack: what:101   arg1:0
D/OtOService( 1635): VOB　sync :com.aidufei.otoService.PlayEvent@415c9b20
E/ServerAdapter( 1635): ServerAdapter:0
E/ServerHandler( 1635): Send:com.aidufei.protocol.oto.OtOStatusRequest@415bd810
D/ServerHandler( 1635): ServerHandler send request:103:{"ResourceInfo":{"ProductCode":"","PlayType":2,"ResourceCode":"","ResourceName":" "},"Status":{"ReturnCode":100,"Description":"ok"},"PlayStatus":0,"Volume":0}
V/ServerHandler( 1635): ServerHandler send DatagramPacket:/192.168.1.105-[B@415bf210
D/OtOService( 1635): send callback obj: com.aidufei.otoService.IServiceCallBack$Stub$Proxy@4155fba8
E/ServerAdapter( 1635): ServerAdapter:0
E/ServerHandler( 1635): Send:com.aidufei.protocol.oto.OtOStatusRequest@415bfac0
D/ServerHandler( 1635): ServerHandler send request:103:{"Status":{"ReturnCode":99,"Description":"status sync processing"},"PlayStatus":0,"Volume":0}
V/ServerHandler( 1635): ServerHandler send DatagramPacket:/192.168.1.105-[B@415c0b00
D/MonitorCw880( 2400): currentRemoteHost is null ,continue
D/IMMPlayer(  739): Get ret:0
D/MediaPlayerService(  739): [9] notify (0x50fe8, 200, 701, 0)
D/MstarPlayer(  739): MstarPlayer::send MEDIA_INFO_BUFFERING_START  
D/IMMPlayer(  739): Send MM_SetTrickMode
D/IMMPlayer(  739): u32Item:1
D/IMMPlayer(  739): stTrickInfo->eMode:1
D/IMMPlayer(  739): stTrickInfo->eSpeed:1
W/MediaPlayer( 2292): info/warning (701, 0)
I/MediaPlayer.java( 2292): Info (701,0)
D/IMMPlayer(  739): Get ret:0
D/MediaPlayerService(  739): [9] notify (0x50fe8, 200, 704, 0)
D/MstarPlayer(  739): percent: 0
W/MediaPlayer( 2292): info/warning (704, 0)
I/MediaPlayer.java( 2292): Info (704,0)
I//lib/ld-linux.so.3(  743): 1. Mode: 1, Speed: 1.
I//lib/ld-linux.so.3(  743): SetTrickMode, Mode: 1, Speed: 1.
I//lib/ld-linux.so.3(  743): Send to Co-processor: eMode: 0, eSpeed: 0.
D/MediaPlayerService(  739): [9] notify (0x50fe8, 200, 704, 0)
D/MstarPlayer(  739): percent: 0
W/MediaPlayer( 2292): info/warning (704, 0)
I/MediaPlayer.java( 2292): Info (704,0)
D/MediaPlayerService(  739): [9] notify (0x50fe8, 200, 704, 0)
D/MstarPlayer(  739): percent: 0
W/MediaPlayer( 2292): info/warning (704, 0)
I/MediaPlayer.java( 2292): Info (704,0)
D/DataSource_M3U8(  739): 
D/DataSource_M3U8(  739):  connect Server :live.feifeikan.com
D/Downloader(  739): Downloadserver bandWidth:514620
D/Downloader(  739): Downloadserver bandWidth:514620
D/Downloader(  739): Downloadserver bandWidth:514620
D/Downloader(  739): Downloadserver bandWidth:514620
D/DataSource_M3U8(  739): parseM3U8 .......!
D/DataSource_M3U8(  739): 
D/DataSource_M3U8(  739):  do not update  mediaSequence : 0   url = http://live.feifeikan.com/live/hls/908?slice=026796   
D/DataSource_M3U8(  739): 
D/DataSource_M3U8(  739):  do not update  mediaSequence : 0   url = http://live.feifeikan.com/live/hls/908?slice=026797   
D/DataSource_M3U8(  739): 
D/DataSource_M3U8(  739):  do not update  mediaSequence : 0   url = http://live.feifeikan.com/live/hls/908?slice=026798   
D/DataSource_M3U8(  739): [M3U8] file: NULL line 
D/DataSource_M3U8(  739): HLS=====>> Live Stream!!!!
D/DataSource_M3U8(  739): [M3U8] checkShouldStartNext :[0](592200/592200)   sequence:0  start next:1  
D/DataSource_M3U8(  739): 
D/DataSource_M3U8(  739): 
D/DataSource_M3U8(  739): 
D/DataSource_M3U8(  739): [M3U8]-7----->This :0x51fa0 --> post cmd for start next url:http://live.feifeikan.com/live/hls/908?slice=026796, knowedFileSize:0, mCurDowningIndex:0
D/DataSource_M3U8(  739): 
D/DataSource_M3U8(  739): 
D/Downloader(  739): [downloadThread]Downloader::removeTask  
D/Downloader(  739): [downloadThread]task have range string:0- 
D/MediaPlayerService(  739): [9] notify (0x50fe8, 3, 51, 0)
D/MediaPlayerService(  739): [9] notify (0x50fe8, 200, 704, 0)
D/MstarPlayer(  739): percent: 0
W/MediaPlayer( 2292): info/warning (704, 0)
I/MediaPlayer.java( 2292): Info (704,0)
D/MediaPlayerService(  739): [9] notify (0x50fe8, 200, 704, 0)
D/MstarPlayer(  739): percent: 0
W/MediaPlayer( 2292): info/warning (704, 0)
I/MediaPlayer.java( 2292): Info (704,0)
D/MediaPlayerService(  739): [9] notify (0x50fe8, 200, 704, 0)
D/MstarPlayer(  739): percent: 0
W/MediaPlayer( 2292): info/warning (704, 0)
I/MediaPlayer.java( 2292): Info (704,0)
D/DataSource_M3U8(  739): 
D/DataSource_M3U8(  739):  Warnig::  getValidBufferLength()  <  Codec require !!!
D/MediaPlayerService(  739): [9] notify (0x50fe8, 200, 704, 0)
D/MstarPlayer(  739): percent: 0
W/MediaPlayer( 2292): info/warning (704, 0)
I/MediaPlayer.java( 2292): Info (704,0)
I//lib/ld-linux.so.3(  743): Display Msg: 33.
I//lib/ld-linux.so.3(  743): Screen Setting: 1.
I//lib/ld-linux.so.3(  743): 2. Set Black Screen OFF.
D/MediaPlayerService(  739): [9] notify (0x50fe8, 200, 704, 0)
D/MstarPlayer(  739): percent: 0
W/MediaPlayer( 2292): info/warning (704, 0)
I/MediaPlayer.java( 2292): Info (704,0)
D/MediaPlayerService(  739): [9] notify (0x50fe8, 200, 704, 0)
D/MstarPlayer(  739): percent: 0
W/MediaPlayer( 2292): info/warning (704, 0)
I/MediaPlayer.java( 2292): Info (704,0)
D/MediaPlayerService(  739): [9] notify (0x50fe8, 200, 704, 0)
D/MstarPlayer(  739): percent: 0
W/MediaPlayer( 2292): info/warning (704, 0)
I/MediaPlayer.java( 2292): Info (704,0)
D/MediaPlayerService(  739): [9] notify (0x50fe8, 200, 704, 0)
D/MstarPlayer(  739): percent: 0
W/MediaPlayer( 2292): info/warning (704, 0)
I/MediaPlayer.java( 2292): Info (704,0)
D/MediaPlayerService(  739): [9] notify (0x50fe8, 200, 704, 0)
D/MstarPlayer(  739): percent: 0
W/MediaPlayer( 2292): info/warning (704, 0)
I/MediaPlayer.java( 2292): Info (704,0)
I//lib/ld-linux.so.3(  743): [CI][HbbTV-VOD]<INFO>:[1364624246.273510] MM play done
D/MediaPlayerService(  739): [9] notify (0x50fe8, 200, 704, 0)
D/MstarPlayer(  739): percent: 0
W/MediaPlayer( 2292): info/warning (704, 0)
I/MediaPlayer.java( 2292): Info (704,0)
D/DataSource_M3U8(  739): u32HLSSreamNum[0]===>u32BandWidth:800000 
D/DataSource_M3U8(  739): getHLSPlayListInex  DownloadBandWidth:514620   uInDex=0
D/DataSource_M3U8(  739): 
D/DataSource_M3U8(  739): 
D/DataSource_M3U8(  739): 
D/DataSource_M3U8(  739): ============Begin to get playlist !!=====================
D/DataSource_M3U8(  739): 
D/DataSource_M3U8(  739): 
D/MediaPlayerService(  739): [9] notify (0x50fe8, 200, 704, 0)
D/MstarPlayer(  739): percent: 0
W/MediaPlayer( 2292): info/warning (704, 0)
I/MediaPlayer.java( 2292): Info (704,0)
D/MediaPlayerService(  739): [9] notify (0x50fe8, 200, 704, 0)
D/MstarPlayer(  739): percent: 0
W/MediaPlayer( 2292): info/warning (704, 0)
I/MediaPlayer.java( 2292): Info (704,0)
D/MediaPlayerService(  739): [9] notify (0x50fe8, 200, 704, 0)
D/MstarPlayer(  739): percent: 0
W/MediaPlayer( 2292): info/warning (704, 0)
I/MediaPlayer.java( 2292): Info (704,0)
D/MediaPlayerService(  739): [9] notify (0x50fe8, 200, 704, 0)
D/MstarPlayer(  739): percent: 0
W/MediaPlayer( 2292): info/warning (704, 0)
I/MediaPlayer.java( 2292): Info (704,0)
D/MediaPlayerService(  739): [9] notify (0x50fe8, 200, 704, 0)
D/MstarPlayer(  739): percent: 0
W/MediaPlayer( 2292): info/warning (704, 0)
I/MediaPlayer.java( 2292): Info (704,0)
D/MediaPlayerService(  739): [9] notify (0x50fe8, 200, 704, 0)
D/MstarPlayer(  739): percent: 0
W/MediaPlayer( 2292): info/warning (704, 0)
I/MediaPlayer.java( 2292): Info (704,0)
D/MediaPlayerService(  739): [9] notify (0x50fe8, 200, 704, 0)
D/MstarPlayer(  739): percent: 0
W/MediaPlayer( 2292): info/warning (704, 0)
I/MediaPlayer.java( 2292): Info (704,0)
D/MediaPlayerService(  739): [9] notify (0x50fe8, 200, 704, 0)
D/MstarPlayer(  739): percent: 0
W/MediaPlayer( 2292): info/warning (704, 0)
I/MediaPlayer.java( 2292): Info (704,0)
D/DataSource_M3U8(  739): 
D/DataSource_M3U8(  739):  connect Server :live.feifeikan.com
D/DataSource_M3U8(  739): parseM3U8 .......!
D/DataSource_M3U8(  739): 
D/DataSource_M3U8(  739):  do not update  mediaSequence : 0   url = http://live.feifeikan.com/live/hls/908?slice=026796   
D/DataSource_M3U8(  739): 
D/DataSource_M3U8(  739):  do not update  mediaSequence : 0   url = http://live.feifeikan.com/live/hls/908?slice=026797   
D/DataSource_M3U8(  739): 
D/DataSource_M3U8(  739):  do not update  mediaSequence : 0   url = http://live.feifeikan.com/live/hls/908?slice=026798   
D/DataSource_M3U8(  739): [M3U8] file: NULL line 
D/DataSource_M3U8(  739): HLS=====>> Live Stream!!!!
D/MediaPlayerService(  739): [9] notify (0x50fe8, 200, 704, 0)
D/MstarPlayer(  739): percent: 0
W/MediaPlayer( 2292): info/warning (704, 0)
I/MediaPlayer.java( 2292): Info (704,0)
D/MediaPlayerService(  739): [9] notify (0x50fe8, 200, 704, 0)
D/MstarPlayer(  739): percent: 0
W/MediaPlayer( 2292): info/warning (704, 0)
I/MediaPlayer.java( 2292): Info (704,0)
D/MediaPlayerService(  739): [9] notify (0x50fe8, 200, 704, 0)
D/MstarPlayer(  739): percent: 0
W/MediaPlayer( 2292): info/warning (704, 0)
I/MediaPlayer.java( 2292): Info (704,0)
D/MediaPlayerService(  739): [9] notify (0x50fe8, 200, 704, 0)
D/MstarPlayer(  739): percent: 0
W/MediaPlayer( 2292): info/warning (704, 0)
I/MediaPlayer.java( 2292): Info (704,0)
D/MediaPlayerService(  739): [9] notify (0x50fe8, 200, 704, 0)
D/MstarPlayer(  739): percent: 0
W/MediaPlayer( 2292): info/warning (704, 0)
I/MediaPlayer.java( 2292): Info (704,0)
D/MediaPlayerService(  739): [9] notify (0x50fe8, 200, 704, 0)
D/MstarPlayer(  739): percent: 0
W/MediaPlayer( 2292): info/warning (704, 0)
I/MediaPlayer.java( 2292): Info (704,0)
D/MediaPlayerService(  739): [9] notify (0x50fe8, 200, 704, 0)
D/MstarPlayer(  739): percent: 0
W/MediaPlayer( 2292): info/warning (704, 0)
I/MediaPlayer.java( 2292): Info (704,0)
D/MediaPlayerService(  739): [9] notify (0x50fe8, 200, 704, 0)
D/MstarPlayer(  739): percent: 0
W/MediaPlayer( 2292): info/warning (704, 0)
I/MediaPlayer.java( 2292): Info (704,0)
D/MediaPlayerService(  739): [9] notify (0x50fe8, 200, 704, 0)
D/MstarPlayer(  739): percent: 0
W/MediaPlayer( 2292): info/warning (704, 0)
I/MediaPlayer.java( 2292): Info (704,0)
E/ServerHandler( 1635): receiveRequest
V/OtORequest( 1635): parseCommand
V/OtORequest( 1635): get command=103
V/OtORequest( 1635): parse OtORequest: cmd=103 paramLength=0 bufferlen=8
D/OtOService( 1635): client request get status.playType:4
D/OtOService( 1635): callback N: 1
D/OtOService( 1635): send callback: 101
D/dvb_ServiceAdapter( 2292): dvb_ResultCallBack: what:101   arg1:0
D/OtOService( 1635): VOB　sync :com.aidufei.otoService.PlayEvent@415c1d08
E/ServerAdapter( 1635): ServerAdapter:0
E/ServerHandler( 1635): Send:com.aidufei.protocol.oto.OtOStatusRequest@415ca0a8
D/ServerHandler( 1635): ServerHandler send request:103:{"ResourceInfo":{"ProductCode":"","PlayType":2,"ResourceCode":"","ResourceName":" "},"Status":{"ReturnCode":100,"Description":"ok"},"PlayStatus":0,"Volume":0}
V/ServerHandler( 1635): ServerHandler send DatagramPacket:/192.168.1.105-[B@415cbaa8
D/OtOService( 1635): send callback obj: com.aidufei.otoService.IServiceCallBack$Stub$Proxy@4155fba8
E/ServerAdapter( 1635): ServerAdapter:0
E/ServerHandler( 1635): Send:com.aidufei.protocol.oto.OtOStatusRequest@415cc358
D/ServerHandler( 1635): ServerHandler send request:103:{"Status":{"ReturnCode":99,"Description":"status sync processing"},"PlayStatus":0,"Volume":0}
V/ServerHandler( 1635): ServerHandler send DatagramPacket:/192.168.1.105-[B@415cd398
D/MediaPlayerService(  739): [9] notify (0x50fe8, 200, 704, 0)
D/MstarPlayer(  739): percent: 0
W/MediaPlayer( 2292): info/warning (704, 0)
I/MediaPlayer.java( 2292): Info (704,0)
D/DataSource_M3U8(  739): u32HLSSreamNum[0]===>u32BandWidth:800000 
D/DataSource_M3U8(  739): getHLSPlayListInex  DownloadBandWidth:514620   uInDex=0
D/DataSource_M3U8(  739): 
D/DataSource_M3U8(  739): 
D/DataSource_M3U8(  739): 
D/DataSource_M3U8(  739): ============Begin to get playlist !!=====================
D/DataSource_M3U8(  739): 
D/DataSource_M3U8(  739): 
D/MediaPlayerService(  739): [9] notify (0x50fe8, 200, 704, 0)
D/MstarPlayer(  739): percent: 0
W/MediaPlayer( 2292): info/warning (704, 0)
I/MediaPlayer.java( 2292): Info (704,0)
D/DataSource_M3U8(  739): 
D/DataSource_M3U8(  739):  Warnig::  getValidBufferLength()  <  Codec require !!!
D/MediaPlayerService(  739): [9] notify (0x50fe8, 200, 704, 0)
D/MstarPlayer(  739): percent: 0
W/MediaPlayer( 2292): info/warning (704, 0)
I/MediaPlayer.java( 2292): Info (704,0)
D/MediaPlayerService(  739): [9] notify (0x50fe8, 200, 704, 0)
D/MstarPlayer(  739): percent: 0
W/MediaPlayer( 2292): info/warning (704, 0)
I/MediaPlayer.java( 2292): Info (704,0)
D/MediaPlayerService(  739): [9] notify (0x50fe8, 200, 704, 0)
D/MstarPlayer(  739): percent: 0
W/MediaPlayer( 2292): info/warning (704, 0)
I/MediaPlayer.java( 2292): Info (704,0)
D/MediaPlayerService(  739): [9] notify (0x50fe8, 200, 704, 0)
D/MstarPlayer(  739): percent: 0
W/MediaPlayer( 2292): info/warning (704, 0)
I/MediaPlayer.java( 2292): Info (704,0)
D/MediaPlayerService(  739): [9] notify (0x50fe8, 200, 704, 0)
D/MstarPlayer(  739): percent: 0
W/MediaPlayer( 2292): info/warning (704, 0)
I/MediaPlayer.java( 2292): Info (704,0)
D/DataSource_M3U8(  739): 
D/DataSource_M3U8(  739):  connect Server :live.feifeikan.com
D/DataSource_M3U8(  739): parseM3U8 .......!
D/DataSource_M3U8(  739): 
D/DataSource_M3U8(  739):  do not update  mediaSequence : 0   url = http://live.feifeikan.com/live/hls/908?slice=026797   
D/DataSource_M3U8(  739): 
D/DataSource_M3U8(  739):  do not update  mediaSequence : 0   url = http://live.feifeikan.com/live/hls/908?slice=026798   
D/DataSource_M3U8(  739): 
D/DataSource_M3U8(  739):  update  playlist[5] ==>> mediaSequence : 0   url = http://live.feifeikan.com/live/hls/908?slice=026799   
D/DataSource_M3U8(  739): [M3U8] file: NULL line 
D/DataSource_M3U8(  739): HLS=====>> Live Stream!!!!
D/MediaPlayerService(  739): [9] notify (0x50fe8, 3, 34, 0)
D/MediaPlayerService(  739): [9] notify (0x50fe8, 200, 704, 0)
D/MstarPlayer(  739): percent: 0
W/MediaPlayer( 2292): info/warning (704, 0)
I/MediaPlayer.java( 2292): Info (704,0)
D/MediaPlayerService(  739): [9] notify (0x50fe8, 200, 704, 0)
D/MstarPlayer(  739): percent: 0
W/MediaPlayer( 2292): info/warning (704, 0)
I/MediaPlayer.java( 2292): Info (704,0)
D/MediaPlayerService(  739): [9] notify (0x50fe8, 200, 704, 0)
D/MstarPlayer(  739): percent: 0
W/MediaPlayer( 2292): info/warning (704, 0)
I/MediaPlayer.java( 2292): Info (704,0)
D/MediaPlayerService(  739): [9] notify (0x50fe8, 200, 704, 0)
D/MstarPlayer(  739): percent: 0
W/MediaPlayer( 2292): info/warning (704, 0)
I/MediaPlayer.java( 2292): Info (704,0)
D/MediaPlayerService(  739): [9] notify (0x50fe8, 200, 704, 0)
D/MstarPlayer(  739): percent: 0
W/MediaPlayer( 2292): info/warning (704, 0)
I/MediaPlayer.java( 2292): Info (704,0)
D/MediaPlayerService(  739): [9] notify (0x50fe8, 200, 704, 0)
D/MstarPlayer(  739): percent: 0
W/MediaPlayer( 2292): info/warning (704, 0)
I/MediaPlayer.java( 2292): Info (704,0)
D/MediaPlayerService(  739): [9] notify (0x50fe8, 200, 704, 0)
D/MstarPlayer(  739): percent: 0
W/MediaPlayer( 2292): info/warning (704, 0)
I/MediaPlayer.java( 2292): Info (704,0)
D/MediaPlayerService(  739): [9] notify (0x50fe8, 200, 704, 0)
D/MstarPlayer(  739): percent: 0
W/MediaPlayer( 2292): info/warning (704, 0)
I/MediaPlayer.java( 2292): Info (704,0)
D/MediaPlayerService(  739): [9] notify (0x50fe8, 200, 704, 0)
D/MstarPlayer(  739): percent: 0
W/MediaPlayer( 2292): info/warning (704, 0)
I/MediaPlayer.java( 2292): Info (704,0)
D/MediaPlayerService(  739): [9] notify (0x50fe8, 200, 704, 0)
D/MstarPlayer(  739): percent: 0
W/MediaPlayer( 2292): info/warning (704, 0)
I/MediaPlayer.java( 2292): Info (704,0)
D/DataSource_M3U8(  739): u32HLSSreamNum[0]===>u32BandWidth:800000 
D/DataSource_M3U8(  739): getHLSPlayListInex  DownloadBandWidth:514620   uInDex=0
D/DataSource_M3U8(  739): 
D/DataSource_M3U8(  739): 
D/DataSource_M3U8(  739): 
D/DataSource_M3U8(  739): ============Begin to get playlist !!=====================
D/DataSource_M3U8(  739): 
D/DataSource_M3U8(  739): 
D/MediaPlayerService(  739): [9] notify (0x50fe8, 200, 704, 0)
D/MstarPlayer(  739): percent: 0
W/MediaPlayer( 2292): info/warning (704, 0)
I/MediaPlayer.java( 2292): Info (704,0)
D/MediaPlayerService(  739): [9] notify (0x50fe8, 200, 704, 0)
D/MstarPlayer(  739): percent: 0
W/MediaPlayer( 2292): info/warning (704, 0)
I/MediaPlayer.java( 2292): Info (704,0)
D/MediaPlayerService(  739): [9] notify (0x50fe8, 200, 704, 4)
D/MstarPlayer(  739): percent: 4
W/MediaPlayer( 2292): info/warning (704, 4)
I/MediaPlayer.java( 2292): Info (704,4)
D/MediaPlayerService(  739): [9] notify (0x50fe8, 200, 704, 5)
D/MstarPlayer(  739): percent: 5
W/MediaPlayer( 2292): info/warning (704, 5)
I/MediaPlayer.java( 2292): Info (704,5)
D/DataSource_M3U8(  739): 
D/DataSource_M3U8(  739):  connect Server :live.feifeikan.com
D/DataSource_M3U8(  739): parseM3U8 .......!
D/DataSource_M3U8(  739): 
D/DataSource_M3U8(  739):  do not update  mediaSequence : 0   url = http://live.feifeikan.com/live/hls/908?slice=026797   
D/DataSource_M3U8(  739): 
D/DataSource_M3U8(  739):  do not update  mediaSequence : 0   url = http://live.feifeikan.com/live/hls/908?slice=026798   
D/DataSource_M3U8(  739): 
D/DataSource_M3U8(  739):  do not update  mediaSequence : 0   url = http://live.feifeikan.com/live/hls/908?slice=026799   
D/DataSource_M3U8(  739): [M3U8] file: NULL line 
D/DataSource_M3U8(  739): HLS=====>> Live Stream!!!!
D/DataSource_M3U8(  739): 
D/DataSource_M3U8(  739):  Warnig::  getValidBufferLength()  <  Codec require !!!
D/MediaPlayerService(  739): [9] notify (0x50fe8, 200, 704, 5)
D/MstarPlayer(  739): percent: 5
W/MediaPlayer( 2292): info/warning (704, 5)
I/MediaPlayer.java( 2292): Info (704,5)
D/MediaPlayerService(  739): [9] notify (0x50fe8, 200, 704, 5)
D/MstarPlayer(  739): percent: 5
W/MediaPlayer( 2292): info/warning (704, 5)
I/MediaPlayer.java( 2292): Info (704,5)
D/MediaPlayerService(  739): [9] notify (0x50fe8, 200, 704, 5)
D/MstarPlayer(  739): percent: 5
W/MediaPlayer( 2292): info/warning (704, 5)
I/MediaPlayer.java( 2292): Info (704,5)
D/MediaPlayerService(  739): [9] notify (0x50fe8, 200, 704, 5)
D/MstarPlayer(  739): percent: 5
W/MediaPlayer( 2292): info/warning (704, 5)
I/MediaPlayer.java( 2292): Info (704,5)
D/MediaPlayerService(  739): [9] notify (0x50fe8, 200, 704, 5)
D/MstarPlayer(  739): percent: 5
W/MediaPlayer( 2292): info/warning (704, 5)
I/MediaPlayer.java( 2292): Info (704,5)
D/MediaPlayerService(  739): [9] notify (0x50fe8, 200, 704, 5)
D/MstarPlayer(  739): percent: 5
W/MediaPlayer( 2292): info/warning (704, 5)
I/MediaPlayer.java( 2292): Info (704,5)
D/MediaPlayerService(  739): [9] notify (0x50fe8, 200, 704, 5)
D/MstarPlayer(  739): percent: 5
W/MediaPlayer( 2292): info/warning (704, 5)
I/MediaPlayer.java( 2292): Info (704,5)
D/MediaPlayerService(  739): [9] notify (0x50fe8, 200, 704, 5)
D/MstarPlayer(  739): percent: 5
W/MediaPlayer( 2292): info/warning (704, 5)
I/MediaPlayer.java( 2292): Info (704,5)
D/MediaPlayerService(  739): [9] notify (0x50fe8, 200, 704, 5)
D/MstarPlayer(  739): percent: 5
W/MediaPlayer( 2292): info/warning (704, 5)
I/MediaPlayer.java( 2292): Info (704,5)
D/MediaPlayerService(  739): [9] notify (0x50fe8, 200, 704, 5)
D/MstarPlayer(  739): percent: 5
W/MediaPlayer( 2292): info/warning (704, 5)
I/MediaPlayer.java( 2292): Info (704,5)
D/DataSource_M3U8(  739): u32HLSSreamNum[0]===>u32BandWidth:800000 
D/DataSource_M3U8(  739): getHLSPlayListInex  DownloadBandWidth:514620   uInDex=0
D/DataSource_M3U8(  739): 
D/DataSource_M3U8(  739): 
D/DataSource_M3U8(  739): 
D/DataSource_M3U8(  739): ============Begin to get playlist !!=====================
D/DataSource_M3U8(  739): 
D/DataSource_M3U8(  739): 
D/MediaPlayerService(  739): [9] notify (0x50fe8, 200, 704, 5)
D/MstarPlayer(  739): percent: 5
W/MediaPlayer( 2292): info/warning (704, 5)
I/MediaPlayer.java( 2292): Info (704,5)
D/MediaPlayerService(  739): [9] notify (0x50fe8, 200, 704, 5)
D/MstarPlayer(  739): percent: 5
W/MediaPlayer( 2292): info/warning (704, 5)
I/MediaPlayer.java( 2292): Info (704,5)
D/MediaPlayerService(  739): [9] notify (0x50fe8, 200, 704, 5)
D/MstarPlayer(  739): percent: 5
W/MediaPlayer( 2292): info/warning (704, 5)
I/MediaPlayer.java( 2292): Info (704,5)
D/MediaPlayerService(  739): [9] notify (0x50fe8, 200, 704, 5)
D/MstarPlayer(  739): percent: 5
W/MediaPlayer( 2292): info/warning (704, 5)
I/MediaPlayer.java( 2292): Info (704,5)
D/MediaPlayerService(  739): [9] notify (0x50fe8, 200, 704, 5)
D/MstarPlayer(  739): percent: 5
W/MediaPlayer( 2292): info/warning (704, 5)
I/MediaPlayer.java( 2292): Info (704,5)
D/MediaPlayerService(  739): [9] notify (0x50fe8, 200, 704, 5)
D/MstarPlayer(  739): percent: 5
W/MediaPlayer( 2292): info/warning (704, 5)
I/MediaPlayer.java( 2292): Info (704,5)
D/MediaPlayerService(  739): [9] notify (0x50fe8, 200, 704, 5)
D/MstarPlayer(  739): percent: 5
W/MediaPlayer( 2292): info/warning (704, 5)
I/MediaPlayer.java( 2292): Info (704,5)
D/MediaPlayerService(  739): [9] notify (0x50fe8, 200, 704, 5)
D/MstarPlayer(  739): percent: 5
W/MediaPlayer( 2292): info/warning (704, 5)
I/MediaPlayer.java( 2292): Info (704,5)
D/MediaPlayerService(  739): [9] notify (0x50fe8, 200, 704, 5)
D/MstarPlayer(  739): percent: 5
W/MediaPlayer( 2292): info/warning (704, 5)
I/MediaPlayer.java( 2292): Info (704,5)
D/DataSource_M3U8(  739): 
D/DataSource_M3U8(  739):  connect Server :live.feifeikan.com
D/DataSource_M3U8(  739): parseM3U8 .......!
D/DataSource_M3U8(  739): 
D/DataSource_M3U8(  739):  do not update  mediaSequence : 0   url = http://live.feifeikan.com/live/hls/908?slice=026797   
D/DataSource_M3U8(  739): 
D/DataSource_M3U8(  739):  do not update  mediaSequence : 0   url = http://live.feifeikan.com/live/hls/908?slice=026798   
D/DataSource_M3U8(  739): 
D/DataSource_M3U8(  739):  do not update  mediaSequence : 0   url = http://live.feifeikan.com/live/hls/908?slice=026799   
D/DataSource_M3U8(  739): [M3U8] file: NULL line 
D/DataSource_M3U8(  739): HLS=====>> Live Stream!!!!
E/ServerHandler( 1635): receiveRequest
V/OtORequest( 1635): parseCommand
V/OtORequest( 1635): get command=103
V/OtORequest( 1635): parse OtORequest: cmd=103 paramLength=0 bufferlen=8
D/OtOService( 1635): client request get status.playType:4
D/OtOService( 1635): callback N: 1
D/OtOService( 1635): send callback: 101
D/dvb_ServiceAdapter( 2292): dvb_ResultCallBack: what:101   arg1:0
D/OtOService( 1635): VOB　sync :com.aidufei.otoService.PlayEvent@415ce668
E/ServerAdapter( 1635): ServerAdapter:0
E/ServerHandler( 1635): Send:com.aidufei.protocol.oto.OtOStatusRequest@415ce988
D/Downloader(  739): Downloadserver bandWidth:1423206
D/Downloader(  739): Downloadserver bandWidth:1423206
D/Downloader(  739): Downloadserver bandWidth:1422786
D/Downloader(  739): Downloadserver bandWidth:1422786
D/ServerHandler( 1635): ServerHandler send request:103:{"ResourceInfo":{"ProductCode":"","PlayType":2,"ResourceCode":"","ResourceName":" "},"Status":{"ReturnCode":100,"Description":"ok"},"PlayStatus":0,"Volume":0}
V/ServerHandler( 1635): ServerHandler send DatagramPacket:/192.168.1.105-[B@415d0388
D/OtOService( 1635): send callback obj: com.aidufei.otoService.IServiceCallBack$Stub$Proxy@4155fba8
E/ServerAdapter( 1635): ServerAdapter:0
E/ServerHandler( 1635): Send:com.aidufei.protocol.oto.OtOStatusRequest@415d0c38
D/ServerHandler( 1635): ServerHandler send request:103:{"Status":{"ReturnCode":99,"Description":"status sync processing"},"PlayStatus":0,"Volume":0}
V/ServerHandler( 1635): ServerHandler send DatagramPacket:/192.168.1.105-[B@415d1c78
D/MediaPlayerService(  739): [9] notify (0x50fe8, 200, 704, 5)
D/MstarPlayer(  739): percent: 5
W/MediaPlayer( 2292): info/warning (704, 5)
I/MediaPlayer.java( 2292): Info (704,5)
D/DataSource_M3U8(  739): 
D/DataSource_M3U8(  739):  Warnig::  getValidBufferLength()  <  Codec require !!!
D/MediaPlayerService(  739): [9] notify (0x50fe8, 200, 704, 5)
D/MstarPlayer(  739): percent: 5
W/MediaPlayer( 2292): info/warning (704, 5)
I/MediaPlayer.java( 2292): Info (704,5)
D/MediaPlayerService(  739): [9] notify (0x50fe8, 200, 704, 5)
D/MstarPlayer(  739): percent: 5
W/MediaPlayer( 2292): info/warning (704, 5)
I/MediaPlayer.java( 2292): Info (704,5)
D/MediaPlayerService(  739): [9] notify (0x50fe8, 200, 704, 5)
D/MstarPlayer(  739): percent: 5
W/MediaPlayer( 2292): info/warning (704, 5)
I/MediaPlayer.java( 2292): Info (704,5)
D/MediaPlayerService(  739): [9] notify (0x50fe8, 200, 704, 5)
D/MstarPlayer(  739): percent: 5
W/MediaPlayer( 2292): info/warning (704, 5)
I/MediaPlayer.java( 2292): Info (704,5)
D/MediaPlayerService(  739): [9] notify (0x50fe8, 200, 704, 5)
D/MstarPlayer(  739): percent: 5
W/MediaPlayer( 2292): info/warning (704, 5)
I/MediaPlayer.java( 2292): Info (704,5)
D/MediaPlayerService(  739): [9] notify (0x50fe8, 200, 704, 5)
D/MstarPlayer(  739): percent: 5
W/MediaPlayer( 2292): info/warning (704, 5)
I/MediaPlayer.java( 2292): Info (704,5)
D/MediaPlayerService(  739): [9] notify (0x50fe8, 200, 704, 5)
D/MstarPlayer(  739): percent: 5
W/MediaPlayer( 2292): info/warning (704, 5)
I/MediaPlayer.java( 2292): Info (704,5)
D/MediaPlayerService(  739): [9] notify (0x50fe8, 200, 704, 5)
D/MstarPlayer(  739): percent: 5
W/MediaPlayer( 2292): info/warning (704, 5)
I/MediaPlayer.java( 2292): Info (704,5)
D/MediaPlayerService(  739): [9] notify (0x50fe8, 200, 704, 5)
D/MstarPlayer(  739): percent: 5
W/MediaPlayer( 2292): info/warning (704, 5)
I/MediaPlayer.java( 2292): Info (704,5)
D/DataSource_M3U8(  739): u32HLSSreamNum[0]===>u32BandWidth:800000 
D/DataSource_M3U8(  739): getHLSPlayListInex  DownloadBandWidth:514620   uInDex=0
D/DataSource_M3U8(  739): 
D/DataSource_M3U8(  739): 
D/DataSource_M3U8(  739): 
D/DataSource_M3U8(  739): ============Begin to get playlist !!=====================
D/DataSource_M3U8(  739): 
D/DataSource_M3U8(  739): 
D/MediaPlayerService(  739): [9] notify (0x50fe8, 200, 704, 5)
D/MstarPlayer(  739): percent: 5
W/MediaPlayer( 2292): info/warning (704, 5)
I/MediaPlayer.java( 2292): Info (704,5)
D/MediaPlayerService(  739): [9] notify (0x50fe8, 200, 704, 5)
D/MstarPlayer(  739): percent: 5
W/MediaPlayer( 2292): info/warning (704, 5)
I/MediaPlayer.java( 2292): Info (704,5)
D/MediaPlayerService(  739): [9] notify (0x50fe8, 200, 704, 5)
D/MstarPlayer(  739): percent: 5
W/MediaPlayer( 2292): info/warning (704, 5)
I/MediaPlayer.java( 2292): Info (704,5)
D/MediaPlayerService(  739): [9] notify (0x50fe8, 200, 704, 5)
D/MstarPlayer(  739): percent: 5
W/MediaPlayer( 2292): info/warning (704, 5)
I/MediaPlayer.java( 2292): Info (704,5)
D/MediaPlayerService(  739): [9] notify (0x50fe8, 200, 704, 5)
D/MstarPlayer(  739): percent: 5
W/MediaPlayer( 2292): info/warning (704, 5)
I/MediaPlayer.java( 2292): Info (704,5)
D/MediaPlayerService(  739): [9] notify (0x50fe8, 200, 704, 5)
D/MstarPlayer(  739): percent: 5
W/MediaPlayer( 2292): info/warning (704, 5)
I/MediaPlayer.java( 2292): Info (704,5)
D/MediaPlayerService(  739): [9] notify (0x50fe8, 200, 704, 5)
D/MstarPlayer(  739): percent: 5
W/MediaPlayer( 2292): info/warning (704, 5)
I/MediaPlayer.java( 2292): Info (704,5)
D/MediaPlayerService(  739): [9] notify (0x50fe8, 200, 704, 5)
D/MstarPlayer(  739): percent: 5
W/MediaPlayer( 2292): info/warning (704, 5)
I/MediaPlayer.java( 2292): Info (704,5)
D/MediaPlayerService(  739): [9] notify (0x50fe8, 200, 704, 5)
D/MstarPlayer(  739): percent: 5
W/MediaPlayer( 2292): info/warning (704, 5)
I/MediaPlayer.java( 2292): Info (704,5)
D/MediaPlayerService(  739): [9] notify (0x50fe8, 200, 704, 5)
D/MstarPlayer(  739): percent: 5
W/MediaPlayer( 2292): info/warning (704, 5)
I/MediaPlayer.java( 2292): Info (704,5)
D/MonitorCw880( 2400): currentRemoteHost is null ,continue
D/MediaPlayerService(  739): [9] notify (0x50fe8, 200, 704, 5)
D/MstarPlayer(  739): percent: 5
W/MediaPlayer( 2292): info/warning (704, 5)
I/MediaPlayer.java( 2292): Info (704,5)
D/dalvikvm( 1699): GC_CONCURRENT freed 780K, 62% free 2984K/7747K, paused 2ms+4ms
D/HomePlayerLib( 1699): hostaddress count is 1
D/MediaPlayerService(  739): [9] notify (0x50fe8, 200, 704, 5)
D/MstarPlayer(  739): percent: 5
W/MediaPlayer( 2292): info/warning (704, 5)
I/MediaPlayer.java( 2292): Info (704,5)
D/MediaPlayerService(  739): [9] notify (0x50fe8, 200, 704, 5)
D/MstarPlayer(  739): percent: 5
W/MediaPlayer( 2292): info/warning (704, 5)
I/MediaPlayer.java( 2292): Info (704,5)
D/dalvikvm( 1699): GC_CONCURRENT freed 874K, 64% free 2862K/7747K, paused 2ms+3ms
D/DataSource_M3U8(  739): 
D/DataSource_M3U8(  739):  connect Server :live.feifeikan.com
D/DataSource_M3U8(  739): parseM3U8 .......!
D/DataSource_M3U8(  739): 
D/DataSource_M3U8(  739):  do not update  mediaSequence : 0   url = http://live.feifeikan.com/live/hls/908?slice=026797   
D/DataSource_M3U8(  739): 
