ice(  980): unable to find stats for iface rmnet0

I/ActivityManager(  980): START {act=android.intent.action.MAIN cat=[android.intent.category.HOME] flg=0x10200000 cmp=com.ts.gaya.coship/.MainActivity} from pid 980

V/TabletStatusBar( 1139): setLightsOn(true)

W/InputManagerService(  980): Starting input on non-focused client com.android.internal.view.IInputMethodClient$Stub$Proxy@415277d0 (uid=1000 pid=5486)

I/ActivityManager(  980): START {act=android.intent.action.MAIN cat=[android.intent.category.LAUNCHER] flg=0x10000000 pkg=com.coship.sdp.sce.tvappstore cmp=com.coship.sdp.sce.tvappstore/.MainActivity} from pid 1269

W/InputManagerService(  980): Starting input on non-focused client com.android.internal.view.IInputMethodClient$Stub$Proxy@415ada70 (uid=10035 pid=1269)

I/ActivityManager(  980): START {cmp=com.coship.sdp.sce.tvappstore/.AppMyAppUIMain} from pid 5486

I/ActivityManager(  980): No longer want com.coship.adjustthevolume (pid 1762): hidden #16

I/ActivityManager(  980): No longer want com.coship.stpservice (pid 3656): hidden #17

I/ActivityManager(  980): START {flg=0x10000000 cmp=com.coship.sdp.sce.tvappstore/.MenuActivity} from pid 5486

W/ActivityManager(  980): Scheduling restart of crashed service com.coship.adjustthevolume/.VolService in 5000ms

W/ActivityManager(  980): Scheduling restart of crashed service com.coship.stpservice/.StpService in 14996ms

I/ActivityManager(  980): START {cmp=com.coship.sdp.sce.tvappstore/.MainActivity} from pid 5486

I/ActivityManager(  980): Start proc com.coship.adjustthevolume for service com.coship.adjustthevolume/.VolService: pid=5604 uid=1000 gids={3003, 1015, 3002, 3001, 3004}

I/ActivityManager(  980): Start proc com.coship.stpservice for service com.coship.stpservice/.StpService: pid=5618 uid=1000 gids={3003, 1015, 3002, 3001, 3004}

V/CheckBackdoors( 5618): add new backdoor. actionName=com.coship.adjustthevolume, backdoor.mBackdoorKey=0x5252525252

V/CheckBackdoors( 5618): add new backdoor. actionName=com.coship.adjustthevolume.Volup, backdoor.mBackdoorKey=0x18

V/CheckBackdoors( 5618): add new backdoor. actionName=com.coship.adjustthevolume.VolDown, backdoor.mBackdoorKey=0x19

V/CheckBackdoors( 5618): there have same backdoor already, so do not add it

V/CheckBackdoors( 5618): actionName=com.coship.adjustthevolume, backdoor.mBackdoorKey=0x5252525252

V/CheckBackdoors( 5618): there have same backdoor already, so do not add it

V/CheckBackdoors( 5618): actionName=com.coship.adjustthevolume.Volup, backdoor.mBackdoorKey=0x18

V/CheckBackdoors( 5618): there have same backdoor already, so do not add it

V/CheckBackdoors( 5618): actionName=com.coship.adjustthevolume.VolDown, backdoor.mBackdoorKey=0x19

I/ActivityManager(  980): START {cmp=com.coship.sdp.sce.tvappstore/.AppDetailActivity (has extras)} from pid 5486

I/ActivityManager(  980): START {flg=0x10000000 cmp=com.coship.sdp.sce.tvappstore/.ExitAppStoreActivity} from pid 5486

W/ThrottleService(  980): unable to find stats for iface rmnet0

I/ActivityManager(  980): No longer want com.iflytek.vac (pid 3946): hidden #16

I/ActivityManager(  980): No longer want com.coship.startwizard (pid 1705): hidden #17

W/ActivityManager(  980): Scheduling restart of crashed service com.iflytek.vaf/com.iflytek.vocmd.StartService in 5000ms

W/ActivityManager(  980): Scheduling restart of crashed service com.iflytek.vaf/com.iflytek.vocmd.Context in 14999ms

I/ActivityManager(  980): Start proc com.iflytek.vac for service com.iflytek.vaf/com.iflytek.vocmd.StartService: pid=5653 uid=10028 gids={3003, 1015}

I/WindowManager(  980): WIN DEATH: Window{4171eff0 com.coship.sdp.sce.tvappstore/com.coship.sdp.sce.tvappstore.MainActivity paused=true}

I/ActivityManager(  980): Process com.coship.sdp.sce.tvappstore (pid 5486) has died.

W/ActivityManager(  980): Scheduling restart of crashed service com.coship.sdp.sce.tvappstore/.app.service.AppStoreCoreService in 1250ms

I/WindowManager(  980): WIN DEATH: Window{416c4560 com.coship.sdp.sce.tvappstore/com.coship.sdp.sce.tvappstore.ExitAppStoreActivity paused=false}

I/ActivityManager(  980): Start proc com.coship.sdp.sce.tvappstore for restart com.coship.sdp.sce.tvappstore: pid=5670 uid=1000 gids={3003, 1015, 3002, 3001, 3004}

W/ActivityManager(  980): Force removing ActivityRecord{415ea260 com.coship.sdp.sce.tvappstore/.ExitAppStoreActivity}: app died, no saved state

V/TabletStatusBar( 1139): setLightsOn(true)

W/InputManagerService(  980): Got RemoteException sending setActive(false) notification to pid 5486 uid 1000

I/ActivityManager(  980): START {act=android.intent.action.MAIN cat=[android.intent.category.LAUNCHER] flg=0x10000000 pkg=com.coship.dvbsetting cmp=com.coship.dvbsetting/.main} from pid 1269

V/TabletStatusBar( 1139): setLightsOn(true)

W/InputManagerService(  980): Starting input on non-focused client com.android.internal.view.IInputMethodClient$Stub$Proxy@415ada70 (uid=10035 pid=1269)

I/ActivityManager(  980): START {cmp=com.coship.dvbsetting/.netsetting.netSet} from pid 3837

I/EthernetManager( 3837): Init Ethernet Manager, service: android.net.ethernet.IEthernetManager$Stub$Proxy@41557938

V/TabletStatusBar( 1139): setLightsOn(true)

V/TabletStatusBar( 1139): setLightsOn(true)

E/ActivityThread( 3837): Activity com.coship.dvbsetting.netsetting.netSet has leaked ServiceConnection android.bluetooth.BluetoothHeadset$1@43284430 that was originally bound here

E/ActivityThread( 3837): android.app.ServiceConnectionLeaked: Activity com.coship.dvbsetting.netsetting.netSet has leaked ServiceConnection android.bluetooth.BluetoothHeadset$1@43284430 that was originally bound here

E/ActivityThread( 3837):        at android.app.LoadedApk$ServiceDispatcher.<init>(LoadedApk.java:936)

E/ActivityThread( 3837):        at android.app.LoadedApk.getServiceDispatcher(LoadedApk.java:830)

E/ActivityThread( 3837):        at android.app.ContextImpl.bindService(ContextImpl.java:1142)

E/ActivityThread( 3837):        at android.content.ContextWrapper.bindService(ContextWrapper.java:370)

E/ActivityThread( 3837):        at android.bluetooth.BluetoothHeadset.<init>(BluetoothHeadset.java:231)

E/ActivityThread( 3837):        at android.bluetooth.BluetoothAdapter.getProfileProxy(BluetoothAdapter.java:1168)

E/ActivityThread( 3837):        at com.coship.dvbsetting.bluetooth.HeadsetProfile.<init>(HeadsetProfile.java:111)

E/ActivityThread( 3837):        at com.coship.dvbsetting.netsetting.BluetoothSet.init(BluetoothSet.java:153)

E/ActivityThread( 3837):        at com.coship.dvbsetting.netsetting.BluetoothSet.<init>(BluetoothSet.java:124)

E/ActivityThread( 3837):        at com.coship.dvbsetting.netsetting.BluetoothSet.getInstance(BluetoothSet.java:103)

E/ActivityThread( 3837):        at com.coship.dvbsetting.netsetting.netSet.onCreate(netSet.java:81)

E/ActivityThread( 3837):        at android.app.Activity.performCreate(Activity.java:4465)

E/ActivityThread( 3837):        at android.app.Instrumentation.callActivityOnCreate(Instrumentation.java:1049)

E/ActivityThread( 3837):        at android.app.ActivityThread.performLaunchActivity(ActivityThread.java:1920)

E/ActivityThread( 3837):        at android.app.ActivityThread.handleLaunchActivity(ActivityThread.java:1981)

E/ActivityThread( 3837):        at android.app.ActivityThread.access$600(ActivityThread.java:123)

E/ActivityThread( 3837):        at android.app.ActivityThread$H.handleMessage(ActivityThread.java:1147)

E/ActivityThread( 3837):        at android.os.Handler.dispatchMessage(Handler.java:99)

E/ActivityThread( 3837):        at android.os.Looper.loop(Looper.java:137)

E/ActivityThread( 3837):        at android.app.ActivityThread.main(ActivityThread.java:4424)

E/ActivityThread( 3837):        at java.lang.reflect.Method.invokeNative(Native Method)

E/ActivityThread( 3837):        at java.lang.reflect.Method.invoke(Method.java:511)

E/ActivityThread( 3837):        at com.android.internal.os.ZygoteInit$MethodAndArgsCaller.run(ZygoteInit.java:848)

E/ActivityThread( 3837):        at com.android.internal.os.ZygoteInit.main(ZygoteInit.java:575)

E/ActivityThread( 3837):        at dalvik.system.NativeStart.main(Native Method)

W/ActivityManager(  980): Unbind failed: could not find connection for android.os.BinderProxy@416adc28

V/TabletStatusBar( 1139): setLightsOn(true)

W/InputManagerService(  980): Starting input on non-focused client com.android.internal.view.IInputMethodClient$Stub$Proxy@41631268 (uid=1000 pid=3837)

W/ActivityManager(  980): Activity destroy timeout for ActivityRecord{4171b588 com.coship.sdp.sce.tvappstore/.MainActivity}

I/ActivityManager(  980): START {act=android.intent.action.MAIN cat=[android.intent.category.LAUNCHER] flg=0x10000000 pkg=com.coship.sdp.sce.tvappstore cmp=com.coship.sdp.sce.tvappstore/.MainActivity} from pid 1269

W/InputManagerService(  980): Starting input on non-focused client com.android.internal.view.IInputMethodClient$Stub$Proxy@415ada70 (uid=10035 pid=1269)

I/ActivityManager(  980): START {cmp=com.coship.sdp.sce.tvappstore/.AppSubjectUIMain} from pid 5670

I/ActivityManager(  980): START {cmp=com.coship.sdp.sce.tvappstore/.AppDetailActivity (has extras)} from pid 5670

W/ActivityManager( 980): Duplicate finish request for ActivityRecord{416d3188 com.coship.sdp.sce.tvappstore/.AppDetailActivity}

I/ActivityManager(  980): START {flg=0x10000000 cmp=com.coship.sdp.sce.tvappstore/.MenuActivity} from pid 5670

I/ActivityManager(  980): START {cmp=com.coship.sdp.sce.tvappstore/.AppMyAppUIMain} from pid 5670

I/ActivityManager(  980): START {flg=0x10000000 cmp=com.coship.sdp.sce.tvappstore/.MenuActivity} from pid 5670

I/ActivityManager(  980): START {flg=0x10000000 cmp=com.coship.sdp.sce.tvappstore/.MenuActivity} from pid 5670

I/ActivityManager(  980): START {flg=0x10000000 cmp=com.coship.sdp.sce.tvappstore/.MenuActivity} from pid 5670

I/ActivityManager(  980): START {cmp=com.coship.sdp.sce.tvappstore/.AppFormUIMain} from pid 5670

I/ActivityManager( 980): START {act=android.intent.action.MAIN cat=[android.intent.category.HOME] flg=0x10200000 cmp=com.ts.gaya.coship/.MainActivity} from pid 980

V/TabletStatusBar( 1139): setLightsOn(true)

W/InputManagerService(  980): Starting input on non-focused client com.android.internal.view.IInputMethodClient$Stub$Proxy@41644908 (uid=1000 pid=5670)

I/ActivityManager(  980): START {act=android.intent.action.MAIN cat=[android.intent.category.LAUNCHER] flg=0x10000000 pkg=com.coship.dvbsetting cmp=com.coship.dvbsetting/.main} from pid 1269

V/TabletStatusBar( 1139): setLightsOn(true)

W/InputManagerService(  980): Starting input on non-focused client com.android.internal.view.IInputMethodClient$Stub$Proxy@415ada70 (uid=10035 pid=1269)

I/ActivityManager(  980): START {cmp=com.coship.dvbsetting/.netsetting.netSet} from pid 3837

I/EthernetManager( 3837): Init Ethernet Manager, service: android.net.ethernet.IEthernetManager$Stub$Proxy@416293e0

V/TabletStatusBar( 1139): setLightsOn(true)

V/TabletStatusBar( 1139): setLightsOn(true)

E/ActivityThread( 3837): Activity com.coship.dvbsetting.netsetting.netSet has leaked ServiceConnection android.bluetooth.BluetoothHeadset$1@415644f8 that was originally bound here

E/ActivityThread( 3837): android.app.ServiceConnectionLeaked: Activity com.coship.dvbsetting.netsetting.netSet has leaked ServiceConnection android.bluetooth.BluetoothHeadset$1@415644f8 that was originally bound here

E/ActivityThread( 3837):        at android.app.LoadedApk$ServiceDispatcher.<init>(LoadedApk.java:936)

E/ActivityThread( 3837):        at android.app.LoadedApk.getServiceDispatcher(LoadedApk.java:830)

E/ActivityThread( 3837):        at android.app.ContextImpl.bindService(ContextImpl.java:1142)

E/ActivityThread( 3837):        at android.content.ContextWrapper.bindService(ContextWrapper.java:370)

E/ActivityThread( 3837):        at android.bluetooth.BluetoothHeadset.<init>(BluetoothHeadset.java:231)

E/ActivityThread( 3837):        at android.bluetooth.BluetoothAdapter.getProfileProxy(BluetoothAdapter.java:1168)

E/ActivityThread( 3837):        at com.coship.dvbsetting.bluetooth.HeadsetProfile.<init>(HeadsetProfile.java:111)

E/ActivityThread( 3837):        at com.coship.dvbsetting.netsetting.BluetoothSet.init(BluetoothSet.java:153)

E/ActivityThread( 3837):        at com.coship.dvbsetting.netsetting.BluetoothSet.<init>(BluetoothSet.java:124)

E/ActivityThread( 3837):        at com.coship.dvbsetting.netsetting.BluetoothSet.getInstance(BluetoothSet.java:103)

E/ActivityThread( 3837):        at com.coship.dvbsetting.netsetting.netSet.onCreate(netSet.java:81)

E/ActivityThread( 3837):        at android.app.Activity.performCreate(Activity.java:4465)

E/ActivityThread( 3837):        at android.app.Instrumentation.callActivityOnCreate(Instrumentation.java:1049)

E/ActivityThread( 3837):        at android.app.ActivityThread.performLaunchActivity(ActivityThread.java:1920)

E/ActivityThread( 3837):        at android.app.ActivityThread.handleLaunchActivity(ActivityThread.java:1981)

E/ActivityThread( 3837):        at android.app.ActivityThread.access$600(ActivityThread.java:123)

E/ActivityThread( 3837):        at android.app.ActivityThread$H.handleMessage(ActivityThread.java:1147)

E/ActivityThread( 3837):        at android.os.Handler.dispatchMessage(Handler.java:99)

E/ActivityThread( 3837):        at android.os.Looper.loop(Looper.java:137)

E/ActivityThread( 3837):        at android.app.ActivityThread.main(ActivityThread.java:4424)

E/ActivityThread( 3837):        at java.lang.reflect.Method.invokeNative(Native Method)

E/ActivityThread( 3837):        at java.lang.reflect.Method.invoke(Method.java:511)

E/ActivityThread( 3837):        at com.android.internal.os.ZygoteInit$MethodAndArgsCaller.run(ZygoteInit.java:848)

E/ActivityThread( 3837):        at com.android.internal.os.ZygoteInit.main(ZygoteInit.java:575)

E/ActivityThread( 3837):        at dalvik.system.NativeStart.main(Native Method)

W/ActivityManager(  980): Unbind failed: could not find connection for android.os.BinderProxy@416c4168

V/TabletStatusBar( 1139): setLightsOn(true)

W/InputManagerService(  980): Starting input on non-focused client com.android.internal.view.IInputMethodClient$Stub$Proxy@41631268 (uid=1000 pid=3837)

I/ActivityManager(  980): START {act=android.intent.action.MAIN cat=[android.intent.category.LAUNCHER] flg=0x10000000 pkg=com.coship.dvbsetting cmp=com.coship.dvbsetting/.main} from pid 1269

V/TabletStatusBar( 1139): setLightsOn(true)

W/InputManagerService(  980): Starting input on non-focused client com.android.internal.view.IInputMethodClient$Stub$Proxy@415ada70 (uid=10035 pid=1269)

V/TabletStatusBar( 1139): setLightsOn(true)

W/InputManagerService(  980): Starting input on non-focused client com.android.internal.view.IInputMethodClient$Stub$Proxy@41631268 (uid=1000 pid=3837)

I/ActivityManager(  980): START {act=android.intent.action.MAIN cat=[android.intent.category.LAUNCHER] flg=0x10000000 pkg=com.coship.sdp.sce.tvappstore cmp=com.coship.sdp.sce.tvappstore/.MainActivity} from pid 1269

W/InputManagerService(  980): Starting input on non-focused client com.android.internal.view.IInputMethodClient$Stub$Proxy@415ada70 (uid=10035 pid=1269)

I/ActivityManager(  980): START {cmp=com.coship.sdp.sce.tvappstore/.AppSubjectUIMain} from pid 5670

I/ActivityManager(  980): START {flg=0x10000000 cmp=com.coship.sdp.sce.tvappstore/.MenuActivity} from pid 5670

I/ActivityManager(  980): START {flg=0x10000000 cmp=com.coship.sdp.sce.tvappstore/.MenuActivity} from pid 5670

I/ActivityManager(  980): Process com.coship.sdp.sce.tvappstore (pid 5670) has died.

W/ActivityManager(  980): Scheduling restart of crashed service com.coship.sdp.sce.tvappstore/.app.service.AppStoreCoreService in 1250ms

I/WindowManager(  980): WIN DEATH: Window{41670800 com.coship.sdp.sce.tvappstore/com.coship.sdp.sce.tvappstore.MenuActivity paused=false}

I/WindowManager(  980): WIN DEATH: Window{4192e6b8 com.coship.sdp.sce.tvappstore/com.coship.sdp.sce.tvappstore.AppSubjectUIMain paused=true}

I/ActivityManager(  980): Start proc com.coship.sdp.sce.tvappstore for restart com.coship.sdp.sce.tvappstore: pid=5742 uid=1000 gids={3003, 1015, 3002, 3001, 3004}

W/ActivityManager(  980): Force removing ActivityRecord{4168d938 com.coship.sdp.sce.tvappstore/.MenuActivity}: app died, no saved state

I/WindowManager(  980): WIN DEATH: Window{4171eff0 com.coship.sdp.sce.tvappstore/com.coship.sdp.sce.tvappstore.MainActivity paused=true}

V/TabletStatusBar( 1139): setLightsOn(true)

W/InputManagerService(  980): Got RemoteException sending setActive(false) notification to pid 5670 uid 1000

I/ActivityManager(  980): START {act=android.intent.action.MAIN cat=[android.intent.category.LAUNCHER] flg=0x10000000 pkg=com.coship.dvbsetting cmp=com.coship.dvbsetting/.main} from pid 1269

I/ActivityManager(  980): START {act=android.intent.action.MAIN cat=[android.intent.category.LAUNCHER] flg=0x10000000 pkg=com.coship.dvbsetting cmp=com.coship.dvbsetting/.main} from pid 1269

V/TabletStatusBar( 1139): setLightsOn(true)

W/InputManagerService(  980): Starting input on non-focused client com.android.internal.view.IInputMethodClient$Stub$Proxy@415ada70 (uid=10035 pid=1269)

I/ActivityManager(  980): START {cmp=com.coship.dvbsetting/.netsetting.netSet} from pid 3837

I/EthernetManager( 3837): Init Ethernet Manager, service: android.net.ethernet.IEthernetManager$Stub$Proxy@415716e8

V/TabletStatusBar( 1139): setLightsOn(true)

W/ActivityManager(  980): Activity destroy timeout for ActivityRecord{415ea260 com.coship.sdp.sce.tvappstore/.MainActivity}

W/ActivityManager(  980): Activity destroy timeout for ActivityRecord{418d46f8 com.coship.sdp.sce.tvappstore/.AppSubjectUIMain}

V/TabletStatusBar( 1139): setLightsOn(true)

E/ActivityThread( 3837): Activity com.coship.dvbsetting.netsetting.netSet has leaked ServiceConnection android.bluetooth.BluetoothHeadset$1@431ed518 that was originally bound here

E/ActivityThread( 3837): android.app.ServiceConnectionLeaked: Activity com.coship.dvbsetting.netsetting.netSet has leaked ServiceConnection android.bluetooth.BluetoothHeadset$1@431ed518 that was originally bound here

E/ActivityThread( 3837):        at android.app.LoadedApk$ServiceDispatcher.<init>(LoadedApk.java:936)

E/ActivityThread( 3837):        at android.app.LoadedApk.getServiceDispatcher(LoadedApk.java:830)

E/ActivityThread( 3837):        at android.app.ContextImpl.bindService(ContextImpl.java:1142)

E/ActivityThread( 3837):        at android.content.ContextWrapper.bindService(ContextWrapper.java:370)

E/ActivityThread( 3837):        at android.bluetooth.BluetoothHeadset.<init>(BluetoothHeadset.java:231)

E/ActivityThread( 3837):        at android.bluetooth.BluetoothAdapter.getProfileProxy(BluetoothAdapter.java:1168)

E/ActivityThread( 3837):        at com.coship.dvbsetting.bluetooth.HeadsetProfile.<init>(HeadsetProfile.java:111)

E/ActivityThread( 3837):        at com.coship.dvbsetting.netsetting.BluetoothSet.init(BluetoothSet.java:153)

E/ActivityThread( 3837):        at com.coship.dvbsetting.netsetting.BluetoothSet.<init>(BluetoothSet.java:124)

E/ActivityThread( 3837):        at com.coship.dvbsetting.netsetting.BluetoothSet.getInstance(BluetoothSet.java:103)

E/ActivityThread( 3837):        at com.coship.dvbsetting.netsetting.netSet.onCreate(netSet.java:81)

E/ActivityThread( 3837):        at android.app.Activity.performCreate(Activity.java:4465)

E/ActivityThread( 3837):        at android.app.Instrumentation.callActivityOnCreate(Instrumentation.java:1049)

E/ActivityThread( 3837):        at android.app.ActivityThread.performLaunchActivity(ActivityThread.java:1920)

E/ActivityThread( 3837):        at android.app.ActivityThread.handleLaunchActivity(ActivityThread.java:1981)

E/ActivityThread( 3837):        at android.app.ActivityThread.access$600(ActivityThread.java:123)

E/ActivityThread( 3837):        at android.app.ActivityThread$H.handleMessage(ActivityThread.java:1147)

E/ActivityThread( 3837):        at android.os.Handler.dispatchMessage(Handler.java:99)

E/ActivityThread( 3837):        at android.os.Looper.loop(Looper.java:137)

E/ActivityThread( 3837):        at android.app.ActivityThread.main(ActivityThread.java:4424)

E/ActivityThread( 3837):        at java.lang.reflect.Method.invokeNative(Native Method)

E/ActivityThread( 3837):        at java.lang.reflect.Method.invoke(Method.java:511)

E/ActivityThread( 3837):        at com.android.internal.os.ZygoteInit$MethodAndArgsCaller.run(ZygoteInit.java:848)

E/ActivityThread( 3837):        at com.android.internal.os.ZygoteInit.main(ZygoteInit.java:575)

E/ActivityThread( 3837):        at dalvik.system.NativeStart.main(Native Method)

W/ActivityManager(  980): Unbind failed: could not find connection for android.os.BinderProxy@416ae390

V/TabletStatusBar( 1139): setLightsOn(true)

W/InputManagerService(  980): Starting input on non-focused client com.android.internal.view.IInputMethodClient$Stub$Proxy@41631268 (uid=1000 pid=3837)

I/ActivityManager(  980): START {act=android.intent.action.MAIN cat=[android.intent.category.LAUNCHER] flg=0x10000000 pkg=com.coship.sdp.sce.tvappstore cmp=com.coship.sdp.sce.tvappstore/.MainActivity} from pid 1269

W/InputManagerService(  980): Starting input on non-focused client com.android.internal.view.IInputMethodClient$Stub$Proxy@415ada70 (uid=10035 pid=1269)

I/ActivityManager(  980): START {cmp=com.coship.sdp.sce.tvappstore/.AppDetailActivity (has extras)} from pid 5742

I/ActivityManager(  980): START {cmp=com.coship.sdp.sce.tvappstore/.AppSubjectUIMain} from pid 5742

I/ActivityManager(  980): START {cmp=com.coship.sdp.sce.tvappstore/.AppDetailActivity (has extras)} from pid 5742

W/ActivityManager(  980): Duplicate finish request for ActivityRecord{41730df8 com.coship.sdp.sce.tvappstore/.AppDetailActivity}

I/ActivityManager(  980): START {flg=0x10000000 cmp=com.coship.sdp.sce.tvappstore/.MenuActivity} from pid 5742

I/ActivityManager(  980): START {cmp=com.coship.sdp.sce.tvappstore/.AppMyAppUIMain} from pid 5742

W/ThrottleService(  980): unable to find stats for iface rmnet0

I/ActivityManager(  980): START {flg=0x10000000 cmp=com.coship.sdp.sce.tvappstore/.MenuActivity} from pid 5742

I/WindowManager(  980): WIN DEATH: Window{4171eff0 com.coship.sdp.sce.tvappstore/com.coship.sdp.sce.tvappstore.MainActivity paused=true}

I/ActivityManager(  980): Process com.coship.sdp.sce.tvappstore (pid 5742) has died.

W/ActivityManager(  980): Scheduling restart of crashed service com.coship.sdp.sce.tvappstore/.app.service.AppStoreCoreService in 1250ms

I/WindowManager(  980): WIN DEATH: Window{416e7568 com.coship.sdp.sce.tvappstore/com.coship.sdp.sce.tvappstore.AppSubjectUIMain paused=true}

I/WindowManager(  980): WIN DEATH: Window{41947450 com.coship.sdp.sce.tvappstore/com.coship.sdp.sce.tvappstore.AppMyAppUIMain paused=true}

I/WindowManager(  980): WIN DEATH: Window{4162f510 com.coship.sdp.sce.tvappstore/com.coship.sdp.sce.tvappstore.MenuActivity paused=false}

I/ActivityManager(  980): Start proc com.coship.sdp.sce.tvappstore for restart com.coship.sdp.sce.tvappstore: pid=5797 uid=1000 gids={3003, 1015, 3002, 3001, 3004}

W/ActivityManager(  980): Force removing ActivityRecord{41729d98 com.coship.sdp.sce.tvappstore/.MenuActivity}: app died, no saved state

V/TabletStatusBar( 1139): setLightsOn(true)

W/InputManagerService(  980): Got RemoteException sending setActive(false) notification to pid 5742 uid 1000

I/ActivityManager(  980): START {act=android.intent.action.MAIN cat=[android.intent.category.LAUNCHER] flg=0x10000000 pkg=com.coship.dvbsetting cmp=com.coship.dvbsetting/.main} from pid 1269

V/TabletStatusBar( 1139): setLightsOn(true)

W/InputManagerService(  980): Starting input on non-focused client com.android.internal.view.IInputMethodClient$Stub$Proxy@415ada70 (uid=10035 pid=1269)

I/ActivityManager(  980): START {cmp=com.coship.dvbsetting/.netsetting.netSet} from pid 3837

I/EthernetManager( 3837): Init Ethernet Manager, service: android.net.ethernet.IEthernetManager$Stub$Proxy@430571c0

V/TabletStatusBar( 1139): setLightsOn(true)

W/ActivityManager(  980): Activity destroy timeout for ActivityRecord{416b5a88 com.coship.sdp.sce.tvappstore/.MainActivity}

W/ActivityManager(  980): Activity destroy timeout for ActivityRecord{416d3188 com.coship.sdp.sce.tvappstore/.AppSubjectUIMain}

W/ActivityManager(  980): Activity destroy timeout for ActivityRecord{4193de58 com.coship.sdp.sce.tvappstore/.AppMyAppUIMain}

V/TabletStatusBar( 1139): setLightsOn(true)

E/ActivityThread( 3837): Activity com.coship.dvbsetting.netsetting.netSet has leaked ServiceConnection android.bluetooth.BluetoothHeadset$1@43105158 that was originally bound here

E/ActivityThread( 3837): android.app.ServiceConnectionLeaked: Activity com.coship.dvbsetting.netsetting.netSet has leaked ServiceConnection android.bluetooth.BluetoothHeadset$1@43105158 that was originally bound here

E/ActivityThread( 3837):        at android.app.LoadedApk$ServiceDispatcher.<init>(LoadedApk.java:936)

E/ActivityThread( 3837):        at android.app.LoadedApk.getServiceDispatcher(LoadedApk.java:830)

E/ActivityThread( 3837):        at android.app.ContextImpl.bindService(ContextImpl.java:1142)

E/ActivityThread( 3837):        at android.content.ContextWrapper.bindService(ContextWrapper.java:370)

E/ActivityThread( 3837):        at android.bluetooth.BluetoothHeadset.<init>(BluetoothHeadset.java:231)

E/ActivityThread( 3837):        at android.bluetooth.BluetoothAdapter.getProfileProxy(BluetoothAdapter.java:1168)

E/ActivityThread( 3837):        at com.coship.dvbsetting.bluetooth.HeadsetProfile.<init>(HeadsetProfile.java:111)

E/ActivityThread( 3837):        at com.coship.dvbsetting.netsetting.BluetoothSet.init(BluetoothSet.java:153)

E/ActivityThread( 3837):        at com.coship.dvbsetting.netsetting.BluetoothSet.<init>(BluetoothSet.java:124)

E/ActivityThread( 3837):        at com.coship.dvbsetting.netsetting.BluetoothSet.getInstance(BluetoothSet.java:103)

E/ActivityThread( 3837):        at com.coship.dvbsetting.netsetting.netSet.onCreate(netSet.java:81)

E/ActivityThread( 3837):        at android.app.Activity.performCreate(Activity.java:4465)

E/ActivityThread( 3837):        at android.app.Instrumentation.callActivityOnCreate(Instrumentation.java:1049)

E/ActivityThread( 3837):        at android.app.ActivityThread.performLaunchActivity(ActivityThread.java:1920)

E/ActivityThread( 3837):        at android.app.ActivityThread.handleLaunchActivity(ActivityThread.java:1981)

E/ActivityThread( 3837):        at android.app.ActivityThread.access$600(ActivityThread.java:123)

E/ActivityThread( 3837):        at android.app.ActivityThread$H.handleMessage(ActivityThread.java:1147)

E/ActivityThread( 3837):        at android.os.Handler.dispatchMessage(Handler.java:99)

E/ActivityThread( 3837):        at android.os.Looper.loop(Looper.java:137)

E/ActivityThread( 3837):        at android.app.ActivityThread.main(ActivityThread.java:4424)

E/ActivityThread( 3837):        at java.lang.reflect.Method.invokeNative(Native Method)

E/ActivityThread( 3837):        at java.lang.reflect.Method.invoke(Method.java:511)

E/ActivityThread( 3837):        at com.android.internal.os.ZygoteInit$MethodAndArgsCaller.run(ZygoteInit.java:848)

E/ActivityThread( 3837):        at com.android.internal.os.ZygoteInit.main(ZygoteInit.java:575)

E/ActivityThread( 3837):        at dalvik.system.NativeStart.main(Native Method)

W/ActivityManager(  980): Unbind failed: could not find connection for android.os.BinderProxy@416c58f8

I/ActivityManager(  980): START {cmp=com.coship.dvbsetting/.netsetting.netSet} from pid 3837

I/EthernetManager( 3837): Init Ethernet Manager, service: android.net.ethernet.IEthernetManager$Stub$Proxy@4168b8b0

V/TabletStatusBar( 1139): setLightsOn(true)

D/WifiP2pService(  980): P2pDisabledState{ what=131203 when=0 }

D/NetworkManagementService(  980): rsp <213 a4:a8:20:13:03:28 0.0.0.0 0 [down broadcast multicast]>

D/NetworkManagementService(  980): flags <[down broadcast multicast]>

V/EthernetMonitor(  980): get event 

V/EthernetMonitor(  980): go poll events

V/EthernetMonitor(  980): get event 

V/EthernetMonitor(  980): go poll events

V/EthernetMonitor(  980): get event 

V/EthernetMonitor(  980): go poll events

I/ActivityManager(  980): START {cmp=com.coship.dvbsetting/.netsetting.dialog.WifiPWDialog (has extras)} from pid 3837

V/TabletStatusBar( 1139): setLightsOn(true)

V/EthernetMonitor(  980): get event 

V/EthernetMonitor(  980): go poll events

V/EthernetMonitor(  980): get event 

V/EthernetMonitor(  980): go poll events

V/TabletStatusBar( 1139): setLightsOn(true)

V/EthernetMonitor(  980): get event 

V/EthernetMonitor(  980): go poll events

V/EthernetMonitor(  980): get event 

V/EthernetMonitor(  980): go poll events

V/EthernetMonitor(  980): get event 

V/EthernetMonitor(  980): go poll events

V/EthernetMonitor(  980): get event 

V/EthernetMonitor(  980): go poll events

V/EthernetMonitor(  980): get event 

V/EthernetMonitor(  980): go poll events

V/EthernetMonitor(  980): get event 

V/EthernetMonitor(  980): go poll events

V/EthernetMonitor(  980): get event 

V/EthernetMonitor(  980): go poll events

V/EthernetMonitor(  980): get event 

V/EthernetMonitor(  980): go poll events

V/EthernetMonitor(  980): get event 

V/EthernetMonitor(  980): go poll events

D/ConnectivityService(  980): ConnectivityChange for WIFI: CONNECTED/CONNECTED

D/ConnectivityService(  980): Policy requires ETH teardown

I/EthernetStateTracker(  980): stop dhcp and interface

V/EthernetMonitor(  980): get event eth0:17:

V/EthernetMonitor(  980): dev: eth0 ev 17

I/EthernetStateTracker(  980): report new state DISCONNECTED on dev eth0

V/EthernetStateTracker(  980): update network state tracker

V/EthernetMonitor(  980): go poll events

V/EthernetMonitor(  980): get event eth0:21:

V/EthernetMonitor(  980): dev: eth0 ev 21

V/EthernetStateTracker(  980): report address is removed for eth0

V/EthernetMonitor(  980): go poll events

I/EthernetStateTracker(  980): received disconnected events, stack=true CC=true

I/EthernetStateTracker(  980): stop dhcp and interface

D/ConnectivityService(  980): ConnectivityChange for WIFI: CONNECTED/CONNECTED

W/EthernetStateTracker(  980): stopInterface --> clearAddresses ret = true

I/EthernetStateTracker(  980): IntentBroadcast, event=4

I/EthernetStateTracker(  980): received interface address remove event

V/EthernetStateTracker(  980): configureInterfaceAutoIP skip!

I/PppoeStateTracker(  980): receive EthernetStateTracker.EVENT_HW_DISCONNECTED

D/ConnectivityService(  980): handleConnectivityChange: address are the same reset per doReset linkProperty[1]: resetMask=0

D/ConnectivityService(  980): ConnectivityChange for ETH: DISCONNECTED/DISCONNECTED

E/MobileDataStateTracker(  980): default: Ignoring feature request because could not acquire PhoneService

E/MobileDataStateTracker(  980): default: Could not enable APN type "default"

D/ConnectivityService(  980): Attempting to switch to mobile

D/ConnectivityService(  980): Attempting to switch to WIFI

D/ConnectivityService(  980): Attempting to switch to pppoe

V/EthernetMonitor(  980): get event 

V/EthernetMonitor(  980): go poll events

V/EthernetMonitor(  980): get event 

V/EthernetMonitor(  980): go poll events

V/TabletStatusBar( 1139): setLightsOn(true)

E/ActivityThread( 3837): Activity com.coship.dvbsetting.netsetting.netSet has leaked ServiceConnection android.bluetooth.BluetoothHeadset$1@415752c8 that was originally bound here

E/ActivityThread( 3837): android.app.ServiceConnectionLeaked: Activity com.coship.dvbsetting.netsetting.netSet has leaked ServiceConnection android.bluetooth.BluetoothHeadset$1@415752c8 that was originally bound here

E/ActivityThread( 3837):        at android.app.LoadedApk$ServiceDispatcher.<init>(LoadedApk.java:936)

E/ActivityThread( 3837):        at android.app.LoadedApk.getServiceDispatcher(LoadedApk.java:830)

E/ActivityThread( 3837):        at android.app.ContextImpl.bindService(ContextImpl.java:1142)

E/ActivityThread( 3837):        at android.content.ContextWrapper.bindService(ContextWrapper.java:370)

E/ActivityThread( 3837):        at android.bluetooth.BluetoothHeadset.<init>(BluetoothHeadset.java:231)

E/ActivityThread( 3837):        at android.bluetooth.BluetoothAdapter.getProfileProxy(BluetoothAdapter.java:1168)

E/ActivityThread( 3837):        at com.coship.dvbsetting.bluetooth.HeadsetProfile.<init>(HeadsetProfile.java:111)

E/ActivityThread( 3837):        at com.coship.dvbsetting.netsetting.BluetoothSet.init(BluetoothSet.java:153)

E/ActivityThread( 3837):        at com.coship.dvbsetting.netsetting.BluetoothSet.<init>(BluetoothSet.java:124)

E/ActivityThread( 3837):        at com.coship.dvbsetting.netsetting.BluetoothSet.getInstance(BluetoothSet.java:103)

E/ActivityThread( 3837):        at com.coship.dvbsetting.netsetting.netSet.onCreate(netSet.java:81)

E/ActivityThread( 3837):        at android.app.Activity.performCreate(Activity.java:4465)

E/ActivityThread( 3837):        at android.app.Instrumentation.callActivityOnCreate(Instrumentation.java:1049)

E/ActivityThread( 3837):        at android.app.ActivityThread.performLaunchActivity(ActivityThread.java:1920)

E/ActivityThread( 3837):        at android.app.ActivityThread.handleLaunchActivity(ActivityThread.java:1981)

E/ActivityThread( 3837):        at android.app.ActivityThread.access$600(ActivityThread.java:123)

E/ActivityThread( 3837):        at android.app.ActivityThread$H.handleMessage(ActivityThread.java:1147)

E/ActivityThread( 3837):        at android.os.Handler.dispatchMessage(Handler.java:99)

E/ActivityThread( 3837):        at android.os.Looper.loop(Looper.java:137)

E/ActivityThread( 3837):        at android.app.ActivityThread.main(ActivityThread.java:4424)

E/ActivityThread( 3837):        at java.lang.reflect.Method.invokeNative(Native Method)

E/ActivityThread( 3837):        at java.lang.reflect.Method.invoke(Method.java:511)

E/ActivityThread( 3837):        at com.android.internal.os.ZygoteInit$MethodAndArgsCaller.run(ZygoteInit.java:848)

E/ActivityThread( 3837):        at com.android.internal.os.ZygoteInit.main(ZygoteInit.java:575)

E/ActivityThread( 3837):        at dalvik.system.NativeStart.main(Native Method)

W/ActivityManager(  980): Unbind failed: could not find connection for android.os.BinderProxy@416c0c78

V/TabletStatusBar( 1139): setLightsOn(true)

W/InputManagerService(  980): Starting input on non-focused client com.android.internal.view.IInputMethodClient$Stub$Proxy@41631268 (uid=1000 pid=3837)

I/ActivityManager(  980): START {act=android.intent.action.MAIN cat=[android.intent.category.LAUNCHER] flg=0x10000000 pkg=com.coship.dvbsetting cmp=com.coship.dvbsetting/.main} from pid 1269

V/TabletStatusBar( 1139): setLightsOn(true)

W/InputManagerService(  980): Starting input on non-focused client com.android.internal.view.IInputMethodClient$Stub$Proxy@415ada70 (uid=10035 pid=1269)

V/TabletStatusBar( 1139): setLightsOn(true)

W/InputManagerService(  980): Starting input on non-focused client com.android.internal.view.IInputMethodClient$Stub$Proxy@41631268 (uid=1000 pid=3837)

I/ActivityManager(  980): START {act=android.intent.action.MAIN cat=[android.intent.category.LAUNCHER] flg=0x10000000 pkg=com.coship.sdp.sce.tvappstore cmp=com.coship.sdp.sce.tvappstore/.MainActivity} from pid 1269

W/InputManagerService(  980): Starting input on non-focused client com.android.internal.view.IInputMethodClient$Stub$Proxy@415ada70 (uid=10035 pid=1269)

I/ActivityManager(  980): START {cmp=com.coship.sdp.sce.tvappstore/.AppSubjectUIMain} from pid 5797

I/ActivityManager(  980): START {cmp=com.coship.sdp.sce.tvappstore/.AppDetailActivity (has extras)} from pid 5797

W/ActivityManager(  980): Duplicate finish request for ActivityRecord{416a9fc0 com.coship.sdp.sce.tvappstore/.AppDetailActivity}

I/ActivityManager(  980): START {flg=0x10000000 cmp=com.coship.sdp.sce.tvappstore/.MenuActivity} from pid 5797

I/ActivityManager(  980): START {cmp=com.coship.sdp.sce.tvappstore/.AppMyAppUIMain} from pid 5797

I/ActivityManager(  980): START {flg=0x10000000 cmp=com.coship.sdp.sce.tvappstore/.MenuActivity} from pid 5797

I/ActivityManager(  980): START {cmp=com.coship.sdp.sce.tvappstore/.AppRanklistUIMain} from pid 5797

I/ActivityManager(  980): START {flg=0x10000000 cmp=com.coship.sdp.sce.tvappstore/.MenuActivity} from pid 5797

I/ActivityManager(  980): START {cmp=com.coship.sdp.sce.tvappstore/.AppSubjectUIMain} from pid 5797

I/ActivityManager(  980): START {cmp=com.coship.sdp.sce.tvappstore/.AppDetailActivity (has extras)} from pid 5797

W/ActivityManager(  980): Duplicate finish request for ActivityRecord{416a9fc0 com.coship.sdp.sce.tvappstore/.AppDetailActivity}

I/ActivityManager(  980): START {cmp=com.coship.sdp.sce.tvappstore/.AppDetailActivity (has extras)} from pid 5797

W/ActivityManager(  980): Duplicate finish request for ActivityRecord{416b5a88 com.coship.sdp.sce.tvappstore/.AppDetailActivity}

I/ActivityManager(  980): START {cmp=com.coship.sdp.sce.tvappstore/.AppDetailActivity (has extras)} from pid 5797

I/ActivityManager(  980): START {cmp=com.coship.sdp.sce.tvappstore/.AppDetailActivity (has extras)} from pid 5797

W/ActivityManager(  980): Duplicate finish request for ActivityRecord{41459778 com.coship.sdp.sce.tvappstore/.AppDetailActivity}

I/ActivityManager(  980): START {flg=0x10000000 cmp=com.coship.sdp.sce.tvappstore/.MenuActivity} from pid 5797

I/ActivityManager(  980): START {cmp=com.coship.sdp.sce.tvappstore/.AppMyAppUIMain} from pid 5797

I/ActivityManager(  980): START {flg=0x10000000 cmp=com.coship.sdp.sce.tvappstore/.MenuActivity} from pid 5797

I/ActivityManager(  980): Process com.coship.sdp.sce.tvappstore (pid 5797) has died.

W/ActivityManager(  980): Scheduling restart of crashed service com.coship.sdp.sce.tvappstore/.app.service.AppStoreCoreService in 1250ms

I/WindowManager(  980): WIN DEATH: Window{416bf870 com.coship.sdp.sce.tvappstore/com.coship.sdp.sce.tvappstore.MainActivity paused=true}

I/WindowManager(  980): WIN DEATH: Window{416bd848 com.coship.sdp.sce.tvappstore/com.coship.sdp.sce.tvappstore.AppSubjectUIMain paused=true}

I/WindowManager(  980): WIN DEATH: Window{416530c0 com.coship.sdp.sce.tvappstore/com.coship.sdp.sce.tvappstore.AppMyAppUIMain paused=true}

I/WindowManager(  980): WIN DEATH: Window{41654f08 com.coship.sdp.sce.tvappstore/com.coship.sdp.sce.tvappstore.MenuActivity paused=false}

I/ActivityManager(  980): Start proc com.coship.sdp.sce.tvappstore for restart com.coship.sdp.sce.tvappstore: pid=5957 uid=1000 gids={3003, 1015, 3002, 3001, 3004}

W/ActivityManager(  980): Force removing ActivityRecord{416b5a88 com.coship.sdp.sce.tvappstore/.MenuActivity}: app died, no saved state

V/TabletStatusBar( 1139): setLightsOn(true)

W/InputManagerService(  980): Got RemoteException sending setActive(false) notification to pid 5797 uid 1000

I/ActivityManager(  980): START {act=android.intent.action.MAIN flg=0x10200000 cmp=com.coship.NetworkNavigation/.browser.BrowserActivity} from pid 1269

W/ActivityManager(  980): Activity is launching as a new task, so cancelling activity result.

I/ActivityManager(  980): Start proc com.coship.NetworkNavigation for activity com.coship.NetworkNavigation/.browser.BrowserActivity: pid=5976 uid=1000 gids={3003, 1015, 3002, 3001, 3004}

W/ActivityManager(  980): Activity destroy timeout for ActivityRecord{4168d938 com.coship.sdp.sce.tvappstore/.MainActivity}

W/ActivityManager(  980): Activity destroy timeout for ActivityRecord{4169f9e8 com.coship.sdp.sce.tvappstore/.AppSubjectUIMain}

W/ActivityManager(  980): Activity destroy timeout for ActivityRecord{416a9fc0 com.coship.sdp.sce.tvappstore/.AppMyAppUIMain}

W/InputManagerService(  980): Starting input on non-focused client com.android.internal.view.IInputMethodClient$Stub$Proxy@415ada70 (uid=10035 pid=1269)

I/ActivityManager(  980): START {act=android.intent.action.VIEW_DOWNLOADS cmp=com.android.providers.downloads.ui/.DownloadList} from pid 5976

W/InputManagerService(  980): Starting input on non-focused client com.android.internal.view.IInputMethodClient$Stub$Proxy@4160e5e8 (uid=1000 pid=5976)

W/InputManagerService(  980): Starting input on non-focused client com.android.internal.view.IInputMethodClient$Stub$Proxy@41673710 (uid=10009 pid=1471)

W/ThrottleService(  980): unable to find stats for iface rmnet0

V/TabletStatusBar( 1139): setLightsOn(true)

W/InputManagerService(  980): Starting input on non-focused client com.android.internal.view.IInputMethodClient$Stub$Proxy@4160e5e8 (uid=1000 pid=5976)

W/ActivityManager(  980): Activity destroy timeout for ActivityRecord{417a9a18 com.coship.NetworkNavigation/.browser.BrowserActivity}

I/ActivityManager(  980): START {act=android.intent.action.MAIN flg=0x10200000 cmp=com.coship.NetworkNavigation/.browser.BrowserActivity} from pid 1269

W/ActivityManager(  980): Activity is launching as a new task, so cancelling activity result.

W/ActivityManager(  980): Exception when starting activity com.coship.NetworkNavigation/.browser.BrowserActivity

W/ActivityManager(  980): android.os.TransactionTooLargeException

W/ActivityManager(  980):       at android.os.BinderProxy.transact(Native Method)

W/ActivityManager(  980):       at android.app.ApplicationThreadProxy.scheduleLaunchActivity(ApplicationThreadNative.java:660)

W/ActivityManager(  980):       at com.android.server.am.ActivityStack.realStartActivityLocked(ActivityStack.java:615)

W/ActivityManager(  980):       at com.android.server.am.ActivityStack.startSpecificActivityLocked(ActivityStack.java:724)

W/ActivityManager(  980):       at com.android.server.am.ActivityStack.resumeTopActivityLocked(ActivityStack.java:1614)

W/ActivityManager(  980):       at com.android.server.am.ActivityStack.completePauseLocked(ActivityStack.java:1040)

W/ActivityManager(  980):       at com.android.server.am.ActivityStack.activityPaused(ActivityStack.java:952)

W/ActivityManager(  980):       at com.android.server.am.ActivityManagerService.activityPaused(ActivityManagerService.java:4390)

W/ActivityManager(  980):       at android.app.ActivityManagerNative.onTransact(ActivityManagerNative.java:371)

W/ActivityManager(  980):       at com.android.server.am.ActivityManagerService.onTransact(ActivityManagerService.java:1557)

W/ActivityManager(  980):       at android.os.Binder.execTransact(Binder.java:338)

W/ActivityManager(  980):       at dalvik.system.NativeStart.run(Native Method)

W/ActivityManager(  980): Force removing ActivityRecord{41459c60 com.coship.NetworkNavigation/.browser.BrowserActivity}: app died, no saved state

I/ActivityManager(  980): Start proc com.coship.NetworkNavigation for activity com.coship.NetworkNavigation/.browser.BrowserActivity: pid=6188 uid=1000 gids={3003, 1015, 3002, 3001, 3004}

W/WindowManager(  980): Rebuild removed 4 windows but added 3

W/WindowManager(  980): This window was lost: Window{4177aa60 com.coship.NetworkNavigation/com.coship.NetworkNavigation.browser.BrowserActivity paused=false}

W/WindowManager(  980): mSession=Session{41694490 uid 1000} mClient=android.os.BinderProxy@41601be8

W/WindowManager(  980): mAttrs=WM.LayoutParams{(0,0)(fillxfill) sim=#10 ty=1 fl=#1810500 pfl=0x8 wanim=0x1030001}

W/WindowManager(  980): Requested w=1280 h=720 mLayoutSeq=2195

W/WindowManager(  980): mBaseLayer=21000 mSubLayer=0 mAnimLayer=21020+0=21020 mLastLayer=22015

W/WindowManager(  980): mToken=AppWindowToken{417793c8 token=Token{417a9b50 ActivityRecord{417a9a18 com.coship.NetworkNavigation/.browser.BrowserActivity}}}

W/WindowManager(  980): mRootToken=AppWindowToken{417793c8 token=Token{417a9b50 ActivityRecord{417a9a18 com.coship.NetworkNavigation/.browser.BrowserActivity}}}

W/WindowManager(  980): mAppToken=AppWindowToken{417793c8 token=Token{417a9b50 ActivityRecord{417a9a18 com.coship.NetworkNavigation/.browser.BrowserActivity}}}

W/WindowManager(  980): mViewVisibility=0x8 mLastHidden=true mHaveFrame=true mObscured=false

W/WindowManager(  980): mSeq=0 mSystemUiVisibility=0x0

W/WindowManager(  980): mGivenContentInsets=[0,0][0,0] mGivenVisibleInsets=[0,0][0,0]

W/WindowManager(  980): mConfiguration={1.0 0mcc0mnc zh_CN layoutdir=0 sw720dp w1280dp h720dp xlrg long land -touch -keyb/v/h -nav/h s.3}

W/WindowManager(  980): mShownFrame=[0.0,0.0][1280.0,720.0]

W/WindowManager(  980): mFrame=[0,0][1280,720] last=[0,0][1280,720]

W/WindowManager(  980): mContainingFrame=[0,0][1280,720] mParentFrame=[0,0][1280,720] mDisplayFrame=[0,0][1280,720]

W/WindowManager(  980): mContentFrame=[0,0][1280,720] mVisibleFrame=[0,0][1280,720]

W/WindowManager(  980): mContentInsets=[0,0][0,0] last=[0,0][0,0] mVisibleInsets=[0,0][0,0] last=[0,0][0,0]

W/WindowManager(  980): mShownAlpha=1.0 mAlpha=1.0 mLastAlpha=0.0

W/WindowManager(  980): mDrawPending=false mCommitDrawPending=false mReadyToShow=false mHasDrawn=true

W/WindowManager(  980): Current app token list:

V/WindowManager(  980):   #0: Token{41621480 ActivityRecord{416210f8 com.ts.gaya.coship/.MainActivity}}

W/WindowManager(  980): Final window list:

V/WindowManager(  980):   #9: Window{415f4a60 StatusBar paused=false}

V/WindowManager(  980):   #8: Window{415e6f68 CompatModePanel paused=false}

V/WindowManager(  980):   #7: Window{4164b918 InputMethodsPanel paused=false}

V/WindowManager(  980):   #6: Window{41632098 RecentsPanel paused=false}

V/WindowManager(  980):   #5: Window{41631980 NotificationPanel paused=false}

V/WindowManager(  980):   #4: Window{41644c10 InputMethod paused=false}

V/WindowManager(  980):   #3: Window{41639cb0 com.ts.gaya.coship/com.ts.gaya.coship.MainActivity paused=false}

V/WindowManager(  980):   #2: Window{41632f88 SurfaceView paused=false}

V/WindowManager(  980):   #1: Window{41622fa8 Starting com.coship.NetworkNavigation paused=false}

V/WindowManager(  980):   #0: Window{415ef3d8 com.android.systemui.ImageWallpaper paused=false}

I/WindowManager(  980): Input event dispatching timed out sending to application AppWindowToken{41606cf0 token=Token{41621480 ActivityRecord{416210f8 com.ts.gaya.coship/.MainActivity}}}

W/ActivityManager(  980): Launch timeout has expired, giving up wake lock!

I/WindowManager(  980): Input event dispatching timed out sending to application AppWindowToken{41606cf0 token=Token{41621480 ActivityRecord{416210f8 com.ts.gaya.coship/.MainActivity}}}

E/ActivityManager(  980): ANR in com.ts.gaya.coship (com.ts.gaya.coship/.MainActivity)

E/ActivityManager(  980): Reason: keyDispatchingTimedOut

E/ActivityManager(  980): Load: 2.96 / 3.33 / 3.29

E/ActivityManager(  980): CPU usage from 54192ms to 0ms ago:

E/ActivityManager(  980):   12% 3553/com.coship.Multimedia: 10% user + 2.1% kernel / faults: 7405 minor

E/ActivityManager(  980):   9.9% 758/ld-linux.so.3: 3.1% user + 6.8% kernel

E/ActivityManager(  980):   2.6% 1247/com.coship.netfirmware: 2.2% user + 0.3% kernel / faults: 1358 minor

E/ActivityManager(  980):   1.5% 739/mediaserver: 0.8% user + 0.7% kernel

E/ActivityManager(  980):   0.7% 1644/ksdioirqd/mmc1: 0% user + 0.7% kernel

E/ActivityManager(  980):   0.5% 1139/com.android.systemui: 0.5% user + 0% kernel / faults: 17 minor

E/ActivityManager(  980):   0.4% 980/system_server: 0.3% user + 0.1% kernel / faults: 21 minor

E/ActivityManager(  980):   0.2% 1027/surfaceflinger: 0.2% user + 0% kernel

E/ActivityManager(  980):   0.1% 744/virtualkeypad: 0% user + 0% kernel

E/ActivityManager(  980):   0.1% 904/MOAL_WORK_QUEUE: 0% user + 0.1% kernel

E/ActivityManager(  980):   0% 1194/com.android.inputmethod.pinyin: 0% user + 0% kernel

E/ActivityManager(  980):   0% 418/mmcqd: 0% user + 0% kernel

E/ActivityManager(  980):   0% 8/events/1: 0% user + 0% kernel

E/ActivityManager(  980):   0% 770/mali-pmm-wq: 0% user + 0% kernel

E/ActivityManager(  980):   0% 950/usb-storage: 0% user + 0% kernel

E/ActivityManager(  980):   0% 5791/sh: 0% user + 0% kernel / faults: 56 minor

E/ActivityManager(  980):   0% 5833/mrl_supplicant: 0% user + 0% kernel

E/ActivityManager(  980):   0% 3/ksoftirqd/0: 0% user + 0% kernel

E/ActivityManager(  980):   0% 7/events/0: 0% user + 0% kernel

E/ActivityManager(  980):   0% 716/jbd2/mmcblk5-8: 0% user + 0% kernel

E/ActivityManager(  980):   0% 768/mali/0: 0% user + 0% kernel

E/ActivityManager(  980):   0% 905/MOAL_WORK_QUEUE: 0% user + 0% kernel

E/ActivityManager(  980):   0% 958/scsi-polling th: 0% user + 0% kernel

E/ActivityManager(  980):   0% 1257/com.iflytek.vaf.TouchKey: 0% user + 0% kernel

E/ActivityManager(  980):   0% 3606/com.biaoqi.stbwidget.host: 0% user + 0% kernel / faults: 10 minor

E/ActivityManager(  980):   0% 6188/com.coship.NetworkNavigation: 0% user + 0% kernel

E/ActivityManager(  980): 5.3% TOTAL: 3.4% user + 1.8% kernel + 0% iowait + 0% softirq

E/ActivityManager(  980): CPU usage from 594ms to 1123ms later:

E/ActivityManager(  980):   20% 980/system_server: 9.4% user + 11% kernel / faults: 4 minor

E/ActivityManager(  980):     13% 1086/InputDispatcher: 7.5% user + 5.6% kernel

E/ActivityManager(  980):     1.8% 996/er.ServerThread: 1.8% user + 0% kernel

E/ActivityManager(  980):     1.8% 1075/PowerManagerSer: 0% user + 1.8% kernel

E/ActivityManager(  980):   9.4% 758/ld-linux.so.3: 1.8% user + 7.5% kernel

E/ActivityManager(  980):     7.5% 1064/CECMonitor: 1.8% user + 5.6% kernel

E/ActivityManager(  980):     1.8% 1016/758Linux hotplu: 0% user + 1.8% kernel

E/ActivityManager(  980):   1.1% 739/mediaserver: 1.1% user + 0% kernel

E/ActivityManager(  980):     2.2% 971/AudioOut_1: 1.1% user + 1.1% kernel

E/ActivityManager(  980):   1.1% 1139/com.android.systemui: 1.1% user + 0% kernel / faults: 1 minor

E/ActivityManager(  980):     1.1% 1139/ndroid.systemui: 1.1% user + 0% kernel

E/ActivityManager(  980):   1.8% 1644/ksdioirqd/mmc1: 0% user + 1.8% kernel

E/ActivityManager(  980):   1.6% 5833/mrl_supplicant: 0% user + 1.6% kernel

