I/aglSystem.Resources(11240): 'data/skins/embedded.uiskin.xml' opened from the '/system/app/huashu_rom3.27.apk' data file.
D/dalvikvm(10938): GC_FOR_ALLOC freed 20K, 52% free 5113K/10563K, paused 24ms
D/dalvikvm(10938): GC_FOR_ALLOC freed <1K, 52% free 5115K/10563K, paused 22ms
D/dalvikvm(10938): GC_FOR_ALLOC freed <1K, 48% free 6138K/11651K, paused 23ms
V/Zygote  (10938):  GC at 4199376
I/aglSystem.PluginManager(11240): [2.0000:0.7177] [Info in cPluginManager::LoadDirectory]: (modules/aglSystem/src/PluginManager.cpp:302)
I/aglSystem.PluginManager(11240): Loading from Directory : /system/lib/
I/aglSystem.PluginManager(11240): [2.0000:0.0000] [Info in cPluginManager::LoadDirectory]: (modules/aglSystem/src/PluginManager.cpp:314)
I/aglSystem.PluginManager(11240): Done Loading from Directory : /system/lib/
D/dalvikvm(10938): GC_EXPLICIT freed 509K, 45% free 6413K/11651K, paused 2ms+3ms
I/aglSystem.Resources(11240): [2.0000:0.0000] [Info in cResources::_DoOpen]: (modules/aglSystem/src/Resources.cpp:691)
I/aglSystem.Resources(11240): 'data/base/embedded.actionmap.xml' opened from the '/system/app/huashu_rom3.27.apk' data file.
D/selena.app.BaseAppWindow(11240): # ActionMap [Global] loaded !
W/selena.app.BaseAppWindow(11240):     at selena.app.BaseAppWindow.construct(BaseAppWindow.java:186)
E/WifiHW  (10966): wpa_ctrl_open failed 2 :No such file or directory
I/Zygote  (10938): ...preloaded 379 resources in 1855ms.
I/Zygote  (10938): ...preloaded 31 resources in 13ms.
E/Zygote  (10938): ==============>delay preload Resource finished
D/selena.app.BaseAppWindow(11240): # ActionMap [UI_Standard] loaded !
W/selena.app.BaseAppWindow(11240):     at selena.app.BaseAppWindow.construct(BaseAppWindow.java:186)
I/dalvikvm(11299): Turning on JNI app bug workarounds for target SDK version 10...
D/NetUtils(10966): android_net_utils_resetConnections in env=0xf6910 clazz=0xe7700001 iface=eth0 mask=0x3
I/ActivityManager(10966): Start proc com.google.process.gapps for service com.google.android.location/.NetworkLocationService: pid=11299 uid=10011 gids={3003, 1015, 2001, 1007}
I/EthernetStateTracker(10966): IntentBroadcast, event=5
I/EthernetStateTracker(10966): reset device eth0
D/dalvikvm(10966): GREF has increased to 201
I/ActivityManager(10966): Displayed com.ts.gaya.coship/.MainActivity: +2s411ms
I/EthernetStateTracker(10966): trigger dhcp for device eth0
I/EthernetStateTracker(10966): received HW connected, stack=false CC=true
I/EthernetStateTracker(10966): received configured succeeded, stack=true CC=true
D/EthernetStateTracker(10966): DhcpHandler: DHCP request started
D/ConnectivityService(10966): ConnectivityChange for ETH: CONNECTED/CONNECTED
D/InputEventConsistencyVerifier(11240): KeyEvent: ACTION_UP but key was not down.
D/InputEventConsistencyVerifier(11240):   in Handler (android.view.ViewRootImpl) {41bd11e8}
D/InputEventConsistencyVerifier(11240):   0: sent at 4919580000000, KeyEvent { action=ACTION_UP, keyCode=KEYCODE_DPAD_DOWN, scanCode=108, metaState=0, flags=0x8, repeatCount=0, eventTime=4919580, downTime=4919421, deviceId=8, source=0x101 }
E/ConnectivityService(10966): no dns provided for ETH - using 8.8.8.8
D/selena.android.app.SelenaActivity(11240): [KBD] dispatchKeyEvent: KeyEvent { action=ACTION_UP, keyCode=KEYCODE_DPAD_DOWN, scanCode=108, metaState=0, flags=0x80000008, repeatCount=0, eventTime=4919580, downTime=4919421, deviceId=8, source=0x101 }
W/selena.android.app.SelenaActivity(11240):     at selena.android.app.SelenaActivity.dispatchKeyEvent(SelenaActivity.java:179)
W/ProcessStats(10966): Skipping unknown process pid 11266
D/selena.android.app.SelenaActivity(11240): [KBD] onKeyUp: 20, KeyEvent { action=ACTION_UP, keyCode=KEYCODE_DPAD_DOWN, scanCode=108, metaState=0, flags=0x80000008, repeatCount=0, eventTime=4919580, downTime=4919421, deviceId=8, source=0x101 }
W/selena.android.app.SelenaActivity(11240):     at selena.android.app.SelenaActivity.onKeyUp(SelenaActivity.java:173)
D/dalvikvm(10938): GC_EXPLICIT freed 442K, 44% free 6613K/11651K, paused 2ms+13ms
D/dhcpcd  (11313): dhcpcd 4.0.15 starting
D/dhcpcd  (11313): hardware address = 22:33:cc:dd:ee:11
D/dhcpcd  (11313): executing `/system/etc/dhcpcd/dhcpcd-run-hooks', reason PREINIT
D/dalvikvm(11255): GC_CONCURRENT freed 421K, 65% free 2292K/6467K, paused 2ms+2ms
D/dalvikvm(10938): GC_EXPLICIT freed 32K, 44% free 6580K/11651K, paused 2ms+2ms
D/selena.app.BaseAppWindow(11240): # ActionMap [UI_Kronos] loaded !
W/selena.app.BaseAppWindow(11240):     at selena.app.BaseAppWindow.construct(BaseAppWindow.java:186)
E/ConnectivityService(10966): exception setting default dns interface: java.lang.IllegalStateException: Error communicating with native daemon to set dns for interface
D/dalvikvm(10966): GC_CONCURRENT freed 375K, 59% free 2935K/7043K, paused 2ms+3ms
D/dalvikvm(11093): GC_CONCURRENT freed 227K, 73% free 1866K/6723K, paused 1ms+1ms
I/EthernetStateTracker(10966): IntentBroadcast, event=1
D/SettingGlobalReceiver==>(11255): android.net.ethernet.ETHERNET_STATE_CHANGED
I/ActivityThread(11299): Pub com.google.settings: com.google.android.gsf.settings.GoogleSettingsProvider
D/dhcpcd  (11313): host does not support a monotonic clock - timing can skew
D/dhcpcd  (11313): broadcasting for a lease
D/dhcpcd  (11313): sending DHCP_DISCOVER with xid 0x22b3c7c1, next in 4.23 seconds
D/dhcpcd  (11313): offered 192.168.0.112 from 192.168.0.1
D/dhcpcd  (11313): sending DHCP_REQUEST with xid 0x22b3c7c1, next in 3.35 seconds
D/dalvikvm(10938): GC_EXPLICIT freed <1K, 44% free 6580K/11651K, paused 2ms+11ms
D/dhcpcd  (11313): acknowledged 192.168.0.112 from 192.168.0.1
W/GpsLocationProvider(10966): Failed to enable location provider
D/dhcpcd  (11313): leased 192.168.0.112 for 604800 seconds
D/dhcpcd  (11313): adding IP address 192.168.0.112/24
D/dhcpcd  (11313): adding route to 0.0.0.0/0 via 192.168.0.1
D/dhcpcd  (11313): executing `/system/etc/dhcpcd/dhcpcd-run-hooks', reason BOUND
D/dalvikvm(11093): GC_FOR_ALLOC freed 130K, 73% free 1852K/6723K, paused 28ms
I/dalvikvm-heap(11093): Grow heap (frag case) to 6.012MB for 635812-byte allocation
W/NetworkStats(10966): dropping UID delta from unknown iface: iface=eth0 uid=0 set=DEFAULT tag=0x0 rxBytes=3668 rxPackets=7 txBytes=1366 txPackets=7 operations=0
W/NetworkStats(10966): dropping UID delta from unknown iface: iface=eth0 uid=1000 set=FOREGROUND tag=0x0 rxBytes=152 rxPackets=2 txBytes=152 txPackets=2 operations=0
W/NetworkStats(10966): dropping UID delta from unknown iface: iface=eth0 uid=1014 set=DEFAULT tag=0x0 rxBytes=656 rxPackets=2 txBytes=0 txPackets=0 operations=0
I/ActivityThread(11299): Pub com.google.android.gsf.gservices: com.google.android.gsf.gservices.GservicesProvider
I/ActivityManager(10966): Start proc com.biaoqi.stbwidget.host for broadcast com.biaoqi.stbwidget.host/.NetworkStatusChangeReceiver: pid=11321 uid=10027 gids={3003}
I/GservicesProvider(11299): Gservices pushing to system: true; secure: true
D/dalvikvm(11093): GC_CONCURRENT freed <1K, 64% free 2472K/6723K, paused 2ms+1ms
I/ActivityThread(11299): Pub subscribedfeeds: com.google.android.gsf.subscribedfeeds.SubscribedFeedsProvider
I/aglSystem.Resources(11240): [2.1552:0.1552] [Info in cResources::_DoOpen]: (modules/aglSystem/src/Resources.cpp:691)
I/aglSystem.Resources(11240): 'assets/boot.aq' opened from the '/system/app/huashu_rom3.27.apk' data file.
E/WifiHW  (10966): wpa_ctrl_open failed 1 :No such file or directory
D/dalvikvm(11093): GC_FOR_ALLOC freed 0K, 64% free 2473K/6723K, paused 24ms
I/dalvikvm-heap(11093): Grow heap (frag case) to 6.281MB for 281896-byte allocation
I/aglSystem.Resources(11240): [2.1884:0.0332] [Info in cResources::_AddSource]: (modules/aglSystem/src/Resources.cpp:155)
I/aglSystem.Resources(11240): Added a reference to source 'scripts/' !
I/ActivityThread(11299): Pub com.google.android.providers.talk: com.google.android.gsf.talk.TalkProvider
W/aglSystem.Resources(11240): [2.1887:0.0003] [Warning in cResources::_AddSource]: (modules/aglSystem/src/Resources.cpp:145)
W/aglSystem.Resources(11240): Trying to add empty path as a source !
D/dalvikvm(11093): GC_FOR_ALLOC freed 0K, 61% free 2748K/7043K, paused 27ms
I/aglSystem.Resources(11240): [2.2143:0.0256] [Info in cResources::_DoOpen]: (modules/aglSystem/src/Resources.cpp:710)
I/aglSystem.Resources(11240): 'scripts/kronos_app.aq' opened from the '/system/app/huashu_rom3.27.apk' data file.
W/wpa_supplicant( 9988): wlan0: Failed to initiate AP scan
D/NetworkLocationService(11299): onCreate
I/aglSystem.Resources(11240): [2.2772:0.0630] [Info in cResources::_DoOpen]: (modules/aglSystem/src/Resources.cpp:710)
I/aglSystem.Resources(11240): 'scripts/system.aq' opened from the '/system/app/huashu_rom3.27.apk' data file.
D/selena.android.view.SelenaView(11240): onCreateInputConnection
W/selena.android.view.SelenaView(11240):     at selena.android.view.SelenaView.onCreateInputConnection(SelenaView.java:396)
I/NetworkStatusChangeReceiver(11321): action::::::::android.net.ethernet.ETHERNET_STATE_CHANGED
I/System.out(11321): 
I/PppoeManager(10966): create PppoeManager
D/SettingGlobalReceiver==>(11255): android.net.ethernet.ETHERNET_STATE_CHANGED
I/NetworkStatusChangeReceiver(11321): action::::::::android.net.ethernet.ETHERNET_STATE_CHANGED
I/System.out(11321): 
I/aglSystem.Resources(11240): [3.0000:0.7228] [Info in cResources::_DoOpen]: (modules/aglSystem/src/Resources.cpp:710)
I/aglSystem.Resources(11240): 'scripts/algo.aq' opened from the '/system/app/huashu_rom3.27.apk' data file.
I/aglSystem.ScriptAutomation(11240): [3.0000:0.0000] [Info in std_import]: (modules/aglSystem/src/ScriptAutomation.cpp:294)
I/aglSystem.ScriptAutomation(11240): aglScript-Import: agl script 'algo.aq' imported in the root table.
I/aglSystem.ScriptAutomation(11240): [3.0000:0.0000] [Info in std_import]: (modules/aglSystem/src/ScriptAutomation.cpp:294)
I/aglSystem.ScriptAutomation(11240): aglScript-Import: agl script 'system.aq' imported in the root table.
I/ActivityManager(10966): Start proc com.android.contacts for broadcast com.android.contacts/.calllog.CallLogReceiver: pid=11344 uid=10000 gids={3003, 1015}
I/aglSystem.Resources(11240): [3.0000:0.0000] [Info in cResources::_DoOpen]: (modules/aglSystem/src/Resources.cpp:710)
I/aglSystem.Resources(11240): 'scripts/math.aq' opened from the '/system/app/huashu_rom3.27.apk' data file.
I/aglSystem.ScriptAutomation(11240): [3.0000:0.0000] [Info in std_import]: (modules/aglSystem/src/ScriptAutomation.cpp:294)
I/aglSystem.ScriptAutomation(11240): aglScript-Import: agl script 'math.aq' imported in the root table.
D/dalvikvm(10966): GC_CONCURRENT freed 437K, 57% free 3173K/7299K, paused 3ms+3ms
D/dalvikvm(11093): GC_FOR_ALLOC freed 851K, 67% free 2333K/7043K, paused 22ms
I/aglSystem.Resources(11240): [3.0000:0.0000] [Info in cResources::_DoOpen]: (modules/aglSystem/src/Resources.cpp:710)
I/aglSystem.Resources(11240): 'scripts/gui.aq' opened from the '/system/app/huashu_rom3.27.apk' data file.
V/EthernetStateTracker(10966): getEthernetIPAddr : 192.168.0.112
V/EthernetStateTracker(10966): configureInterfaceAutoIP skip!!
I/EthernetStateTracker(10966): received configured succeeded, stack=false CC=true
I/EthernetStateTracker(10966): setState, skip: 1
I/EthernetStateTracker(10966): IntentBroadcast, event=1
D/PowerManagerService(10966): bootCompleted
V/DevicePolicyManagerService(10966): Sending password expiration notifications for action android.intent.action.BOOT_COMPLETED
V/WiredAccessoryObserver(10966): init()
W/WiredAccessoryObserver(10966): This kernel does not have wired headset support
W/WiredAccessoryObserver(10966): This kernel does not have wired headset support
W/WiredAccessoryObserver(10966): This kernel does not have wired headset support
D/dalvikvm(11093): GC_CONCURRENT freed 347K, 65% free 2518K/7043K, paused 1ms+1ms
D/NetworkLocationService(11299): onBind com.google.android.location.NetworkLocationProvider
D/NetworkLocationService(11299): onBind com.google.android.location.GeocodeProvider
I/aglSystem.ScriptAutomation(11240): [3.0000:0.0000] [Info in std_import]: (modules/aglSystem/src/ScriptAutomation.cpp:314)
I/aglSystem.ScriptAutomation(11240): aglScript-Import: agl module 'aglUI' imported.
I/SearchManagerService(10966): Building list of searchable activities
D/dhcpcd  (11313): sending ARP announce (1 of 2), next in 2.00 seconds
I/aglSystem.Resources(11240): [3.0000:0.0000] [Info in cResources::_DoOpen]: (modules/aglSystem/src/Resources.cpp:710)
I/aglSystem.Resources(11240): 'scripts/graphics.aq' opened from the '/system/app/huashu_rom3.27.apk' data file.
I/aglSystem.ScriptAutomation(11240): [3.0000:0.0000] [Info in std_import]: (modules/aglSystem/src/ScriptAutomation.cpp:314)
I/aglSystem.ScriptAutomation(11240): aglScript-Import: agl module 'aglGraphics' imported.
I/aglSystem.ScriptAutomation(11240): [3.0000:0.0000] [Info in std_import]: (modules/aglSystem/src/ScriptAutomation.cpp:294)
I/aglSystem.ScriptAutomation(11240): aglScript-Import: agl script 'graphics.aq' imported in the root table.
I/aglSystem.ScriptAutomation(11240): [3.0000:0.0000] [Info in std_import]: (modules/aglSystem/src/ScriptAutomation.cpp:294)
I/aglSystem.ScriptAutomation(11240): aglScript-Import: agl script 'gui.aq' imported in the root table.
E/WifiHW  (10966): wpa_ctrl_open failed 0 :No such file or directory
I/aglSystem.Resources(11240): [3.0000:0.0000] [Info in cResources::_DoOpen]: (modules/aglSystem/src/Resources.cpp:710)
I/aglSystem.Resources(11240): 'scripts/app.aq' opened from the '/system/app/huashu_rom3.27.apk' data file.
I/aglSystem.Resources(11240): [3.0000:0.0000] [Info in cResources::_DoOpen]: (modules/aglSystem/src/Resources.cpp:710)
I/aglSystem.Resources(11240): 'scripts/app_selena.aq' opened from the '/system/app/huashu_rom3.27.apk' data file.
I/aglSystem.Resources(11240): [3.0000:0.0000] [Info in cResources::_DoOpen]: (modules/aglSystem/src/Resources.cpp:710)
I/aglSystem.Resources(11240): 'scripts/app_base.aq' opened from the '/system/app/huashu_rom3.27.apk' data file.
I/aglSystem.Resources(11240): [3.0000:0.0000] [Info in cResources::_DoOpen]: (modules/aglSystem/src/Resources.cpp:710)
I/aglSystem.Resources(11240): 'scripts/sound.aq' opened from the '/system/app/huashu_rom3.27.apk' data file.
D/dalvikvm(10966): GC_FOR_ALLOC freed 560K, 60% free 3048K/7491K, paused 33ms
I/dalvikvm-heap(10966): Grow heap (frag case) to 6.696MB for 124480-byte allocation
I/aglSystem.ScriptAutomation(11240): [3.0000:0.0000] [Info in std_import]: (modules/aglSystem/src/ScriptAutomation.cpp:294)
I/aglSystem.ScriptAutomation(11240): aglScript-Import: agl script 'sound.aq' imported in the root table.
I/aglSystem.Resources(11240): [3.0000:0.0000] [Info in cResources::_DoOpen]: (modules/aglSystem/src/Resources.cpp:710)
I/aglSystem.Resources(11240): 'scripts/console.aq' opened from the '/system/app/huashu_rom3.27.apk' data file.
I/aglSystem.Resources(11240): [3.0000:0.0000] [Info in cResources::_DoOpen]: (modules/aglSystem/src/Resources.cpp:710)
I/aglSystem.Resources(11240): 'scripts/json.aq' opened from the '/system/app/huashu_rom3.27.apk' data file.
I/aglSystem.ScriptAutomation(11240): [3.0000:0.0000] [Info in std_import]: (modules/aglSystem/src/ScriptAutomation.cpp:294)
I/aglSystem.ScriptAutomation(11240): aglScript-Import: agl script 'json.aq' imported in the root table.
I/aglSystem.ScriptAutomation(11240): [3.0000:0.0000] [Info in std_import]: (modules/aglSystem/src/ScriptAutomation.cpp:294)
I/aglSystem.ScriptAutomation(11240): aglScript-Import: agl script 'console.aq' imported in the roo[ 4923.292052] request_suspend_state: wakeup (0->0) at 4923290639331 (2013-03-30 09:16:53.150478250 UTC)
t table.
I/aglSystem.Resources(11240): [3.0000:0.0000] [Info in cResources::_DoOpen]: (modules/aglSystem/src/Resources.cpp:710)
I/aglSystem.Resources(11240): 'scripts/proc.aq' opened from the '/system/app/huashu_rom3.27.apk' data file.
D/dalvikvm(10966): GC_FOR_ALLOC freed 84K, 60% free 3085K/7619K, paused 30ms
I/aglSystem.ScriptAutomation(11240): [3.0000:0.0000] [Info in std_import]: (modules/aglSystem/src/ScriptAutomation.cpp:294)
I/aglSystem.ScriptAutomation(11240): aglScript-Import: agl script 'proc.aq' imported in the root table.
D/DhcpInfoInternal(10966): makeLinkProperties with empty dns2!
D/EthernetStateTracker(10966): DhcpHandler: DHCP request succeeded: addr: 192.168.0.112/24 mRoutes: 0.0.0.0/0 -> 192.168.0.1 | 0.0.0.0/0 -> 192.168.0.1 | 0.0.0.0/0 -> 192.168.0.1 |  dns: 192.168.0.1, dhcpServer: 192.168.0.1 leaseDuration: 604800
I/EthernetStateTracker(10966): received configured succeeded, stack=true CC=true
I/EthernetStateTracker(10966): setState, skip: 1
I/EthernetStateTracker(10966): IntentBroadcast, event=1
I/aglSystem.Resources(11240): [3.0000:0.0000] [Info in cResources::_DoOpen]: (modules/aglSystem/src/Resources.cpp:710)
I/aglSystem.Resources(11240): 'scripts/timeout.aq' opened from the '/system/app/huashu_rom3.27.apk' data file.
I/aglSystem.ScriptAutomation(11240): [3.0000:0.0000] [Info in std_import]: (modules/aglSystem/src/ScriptAutomation.cpp:294)
I/aglSystem.ScriptAutomation(11240): aglScript-Import: agl script 'timeout.aq' imported in the root table.
I/aglSystem.Resources(11240): [3.0000:0.0000] [Info in cResources::_DoOpen]: (modules/aglSystem/src/Resources.cpp:710)
I/aglSystem.Resources(11240): 'assets/loading_queue.aq' opened from the '/system/app/huashu_rom3.27.apk' data file.
I/AccountTypeManager(11344): Loaded meta-data for 0 account types, 0 accounts in 9ms(wall) [ 4923.460231] init: no such service 'hciattach'
3ms(cpu)
I/aglSystem.Resources(11240): [3.0000:0.0000] [Info in cResources::_DoOpen]: (modules/aglSystem/src/Resources.cpp:710)
I/aglSystem.Resources(11240): 'scripts/closure.aq' opened from the '/system/app/huashu_rom3.27.apk' data file.
I/ActivityManager(10966): Start proc com.coship.HS for broadcast com.coship.HS/.AutoStartReceiver: pid=11379 uid=1000 gids={3003, 1015, 3002, 3001, 3004}
I/aglSystem.ScriptAutomation(11240): [3.0000:0.0000] [Info in std_import]: (modules/aglSystem/src/ScriptAutomation.cpp:294)
I/aglSystem.ScriptAutomation(11240): aglScript-Import: agl script 'closure.aq' imported in the root table.
I/aglSystem.ScriptAutomation(11240): [3.0000:0.0000] [Info in std_import]: (modules/aglSystem/src/ScriptAutomation.cpp:294)
I/aglSystem.ScriptAutomation(11240): aglScript-Import: agl script 'loading_queue.aq' imported in the root table.
I/aglSystem.Resources(11240): [3.0000:0.0000] [Info in cResources::_DoOpen]: (modules/aglSystem/src/Resources.cpp:710)
I/aglSystem.Resources(11240): 'scripts/stats.aq' opened from the '/system/app/huashu_rom3.27.apk' data file.
I/aglSystem.ScriptAutomation(11240): [3.0000:0.0000] [Info in std_import]: (modules/aglSystem/src/ScriptAutomation.cpp:294)
I/aglSystem.ScriptAutomation(11240): aglScript-Import: agl script 'stats.aq' imported in the root table.
I/aglSystem.ScriptAutomation(11240): [3.0000:0.0000] [Info in std_import]: (modules/aglSystem/src/ScriptAutomation.cpp:294)
I/aglSystem.ScriptAutomation(11240): aglScript-Import: agl script 'app_base.aq' imported in the root table.
I/aglSystem.ScriptAutomation(11240): [3.0000:0.0000] [Info in std_import]: (modules/aglSystem/src/ScriptAutomation.cpp:294)
I/aglSystem.ScriptAutomation(11240): aglScript-Import: agl script 'app_selena.aq' imported in the root table.
I/aglSystem.ScriptAutomation(11240): [3.0000:0.0000] [Info in std_import]: (modules/aglSystem/src/ScriptAutomation.cpp:294)
I/aglSystem.ScriptAutomation(11240): aglScript-Import: agl script 'app.aq' imported in the [ 4923.650358] init: untracked pid 11500 exited
root table.
I/aglSystem.Resources(11240): [3.0000:0.0000] [Info in cResources::_DoOpen]: (modules/aglSystem/src/Resources.cpp:710)
I/aglSystem.Resources(11240): 'scripts/kronos.aq' opened from the '/system/app/huashu_rom3.27.apk' data file.
I/RecoverySystem(10966): No recovery log file
D/selena.android.app.SelenaActivity(11240): [KBD] dispatchKeyEvent: KeyEvent { action=ACTION_DOWN, keyCode=KEYCODE_DPAD_RIGHT, scanCode=106, metaState=0, flags=0x8, repeatCount=0, eventTime=4920625, downTime=4920625, deviceId=8, source=0x101 }
W/selena.android.app.SelenaActivity(11240):     at selena.android.app.SelenaActivity.dispatchKeyEvent(SelenaActivity.java:179)
D/selena.android.app.SelenaActivity(11240): [KBD] onKeyDown: 22, KeyEvent { action=ACTION_DOWN, keyCode=KEYCODE_DPAD_RIGHT, scanCode=106, metaState=0, flags=0x8, repeatCount=0, eventTime=4920625, downTime=4920625, deviceId=8, source=0x101 }
W/selena.android.app.SelenaActivity(11240):     at selena.android.app.SelenaActivity.onKeyDown(SelenaActivity.java:167)
E/WindowManager(10966): ##############################dispatchUnhandledKey
I/TvServiceServer(10966): TvMsgHandler handler msg:257
I/TvServiceServer(10966): -----------------ready start mstar tv service.
I/dalvikvm(10966): Rejecting re-init on previously-failed class Lcom/tvos/common/TvManager; v=0x0
W/dalvikvm(10966): threadid=73: thread exiting with uncaught exception (group=0x40fa81f8)
E/AndroidRuntime(10966): *** FATAL EXCEPTION IN SYSTEM PROCESS: StrLooperThread
E/AndroidRuntime(10966): java.lang.NoClassDefFoundError: com/tvos/common/TvManager
E/AndroidRuntime(10966):        at com.mstar.tv.service.MstarTvServiceServerImpl.<init>(MstarTvServiceServerImpl.java:64)
E/AndroidRuntime(10966):        at com.mstar.tv.service.TvServiceServer$1.run(TvServiceServer.java:152)
E/AndroidRuntime(10966):        at java.lang.Thread.run(Thread.java:856)
W/Searchables(10966): No global search activity found
D/HSBootReceiver(11379): start BluetoothHeadsetEventService 
I/ActivityManager(10966): Start proc android.process.acore for content provider com.android.providers.contacts/.CallLogProvider: pid=11393 uid=10000 gids={3003, 1015}
I/Process (10966): Sending signal. PID: 10966 SIG: 9
D/HSEventMonitorService(11379): start BluetoothHeadsetService 
W/Sensors (11240): sensorservice died [0x21f4f0]
I/ServiceManager(  732): service 'sensorservice' died
I/ServiceManager(  732): service 'usagestats' died
I/ServiceManager(  732): service 'package' died
I/ServiceManager(  732): service 'entropy' died
I/ServiceManager(  732): service 'activity' died
I/ServiceManager(  732): service 'meminfo' died
I/ServiceManager(  732): service 'gfxinfo' died
I/ServiceManager(  732): service 'cpuinfo' died
I/ServiceManager(  732): service 'alarm' died
I/ServiceManager(  732): service 'power' died
I/ServiceManager(  732): service 'bluetooth' died
I/ServiceManager(  732): service 'bluetooth_a2dp' died
I/ServiceManager(  732): service 'batteryinfo' died
I/ServiceManager(  732): service 'telephony.registry' died
I/ServiceManager(  732): service 'permission' died
I/ServiceManager(  732): service 'vibrator' died
I/ServiceManager(  732): service 'account' died
I/ServiceManager(  732): service 'window' died
I/ServiceManager(  732): service 'content' died
I/ServiceManager(  732): service 'hardware' died
I/ServiceManager(  732): service 'battery' died
I/ServiceManager(  732): service 'pppoe' died
I/ServiceManager(  732): service 'device_policy' died
I/ServiceManager(  732): service 'appwidget' died
I/ServiceManager(  732): service 'textservices' died
I/ServiceManager(  732): service 'statusbar' died
I/ServiceManager(  732): service 'accessibility' died
I/ServiceManager(  732): service 'input_method' died
I/ServiceManager(  732): service 'tv_services' died
I/ServiceManager(  732): service 'clipboard' died
I/ServiceManager(  732): service 'network_management' died
I/ServiceManager(  732): service 'netstats' died
I/ServiceManager(  732): service 'netpolicy' died
I/ServiceManager(  732): service 'wifip2p' died
I/ServiceManager(  732): service 'wifi' died
I/ServiceManager(  732): service 'ethernet' died
I/ServiceManager(  732): service 'connectivity' died
I/ServiceManager(  732): service 'throttle' died
I/ServiceManager(  732): service 'usb' died
I/ServiceManager(  732): service 'mount' died
I/ServiceManager(  732): service 'samplingprofiler' died
I/ServiceManager(  732): service 'notification' died
I/ServiceManager(  732): service 'wallpaper' died
I/ServiceManager(  732): service 'devicestoragemonitor' died
I/ServiceManager(  732): service 'location' died
I/ServiceManager(  732): service 'country_detector' died
I/ServiceManager(  732): service 'search' died
I/ServiceManager(  732): service 'dropbox' died
I/ServiceManager(  732): service 'backup' died
I/ServiceManager(  732): service 'diskstats' died
I/ServiceManager(  732): service 'uimode' died
I/ServiceManager(  732): service 'sip' died
D/AndroidRuntime(11379): Shutting down VM
W/dalvikvm(11379): threadid=1: thread exiting with uncaught exception (group=0x40fa81f8)
I/ActivityThread(11093): Removing dead content provider: settings
I/ActivityThread(11148): Removing dead content provider: settings
W/dalvikvm(11344): threadid=12: thread exiting with uncaught exception (group=0x40fa81f8)
I/ActivityThread(11299): Removing dead content provider: settings
E/ActivityThread(11344): Failed to find provider info for call_log
E/AndroidRuntime(11379): FATAL EXCEPTION: main
E/AndroidRuntime(11379): java.lang.RuntimeException: Unable to create service com.coship.HS.HSEventMonitorService: java.lang.NullPointerException
E/AndroidRuntime(11379):        at android.app.ActivityThread.handleCreateService(ActivityThread.java:2263)
E/AndroidRuntime(11379):        at android.app.ActivityThread.access$1600(ActivityThread.java:123)
E/AndroidRuntime(11379):        at android.app.ActivityThread$H.handleMessage(ActivityThread.java:1201)
E/AndroidRuntime(11379):        at android.os.Handler.dispatchMessage(Handler.java:99)
E/AndroidRuntime(11379):        at android.os.Looper.loop(Looper.java:137)
E/AndroidRuntime(11379):        at android.app.ActivityThread.main(ActivityThread.java:4424)
E/AndroidRuntime(11379):        at java.lang.reflect.Method.invokeNative(Native Method)
E/AndroidRuntime(11379):        at java.lang.reflect.Method.invoke(Method.java:511)
E/AndroidRuntime(11379):        at com.android.internal.os.ZygoteInit$MethodAndArgsCaller.run(ZygoteInit.java:848)
E/AndroidRuntime(11379):        at com.android.internal.os.ZygoteInit.main(ZygoteInit.java:575)
E/AndroidRuntime(11379):        at dalvik.system.NativeStart.main(Native Method)
E/AndroidRuntime(11379): Caused by: java.lang.NullPointerException
E/AndroidRuntime(11379):        at com.coship.HS.HSEventMonitorService.onCreate(HSEventMonitorService.java:189)
E/AndroidRuntime(11379):        at android.app.ActivityThread.handleCreateService(ActivityThread.java:2253)
E/AndroidRuntime(11379):        ... 10 more
E/AndroidRuntime(11344): FATAL EXCEPTION: IntentService[CallLogNotificationsService]
E/AndroidRuntime(11344): java.lang.NullPointerException
E/AndroidRuntime(11344):        at com.android.contacts.calllog.DefaultVoicemailNotifier$DefaultNewCallsQuery.query(DefaultVoicemailNotifier.java:246)
E/AndroidRuntime(11344):        at com.android.contacts.calllog.DefaultVoicemailNotifier.updateNotification(DefaultVoicemailNotifier.java:91)
E/AndroidRuntime(11344):        at com.android.contacts.calllog.CallLogNotificationsService.onHandleIntent(CallLogNotificationsService.java:77)
E/AndroidRuntime(11344):        at android.app.IntentService$ServiceHandler.handleMessage(IntentService.java:65)
E/AndroidRuntime(11344):        at android.os.Handler.dispatchMessage(Handler.java:99)
E/AndroidRuntime(11344):        at android.os.Looper.loop(Looper.java:137)
E/AndroidRuntime(11344):        at android.os.HandlerThread.run(HandlerThread.java:60)
W/Settings(11093): Can't get key default_input_method from content://settings/secure
W/Settings(11093): android.os.DeadObjectException
W/Settings(11093):      at android.os.BinderProxy.transact(Native Method)
W/Settings(11093):      at android.content.ContentProviderProxy.query(ContentProviderNative.java:356)
W/Settings(11093):      at android.provider.Settings$NameValueCache.getString(Settings.java:739)
W/Settings(11093):      at android.provider.Settings$Secure.getString(Settings.java:2221)
W/Settings(11093):      at com.android.systemui.statusbar.tablet.InputMethodsPanel.getCurrentInputMethodInfo(InputMethodsPanel.java:415)
W/Settings(11093):      at com.android.systemui.statusbar.tablet.InputMethodsPanel.updateRadioButtons(InputMethodsPanel.java:363)
W/Settings(11093):      at com.android.systemui.statusbar.tablet.InputMethodsPanel.updateUiElements(InputMethodsPanel.java:300)
W/Settings(11093):      at com.android.systemui.statusbar.tablet.InputMethodsPanel.onFinishInflate(InputMethodsPanel.java:148)
W/Settings(11093):      at android.view.LayoutInflater.rInflate(LayoutInflater.java:747)
W/Settings(11093):      at android.view.LayoutInflater.inflate(LayoutInflater.java:489)
W/Settings(11093):      at android.view.LayoutInflater.inflate(LayoutInflater.java:396)
W/Settings(11093):      at android.view.LayoutInflater.inflate(LayoutInflater.java:352)
W/Settings(11093):      at android.view.View.inflate(View.java:13555)
W/Settings(11093):      at com.android.systemui.statusbar.tablet.TabletStatusBar.addPanelWindows(TabletStatusBar.java:499)
W/Settings(11093):      at com.android.systemui.statusbar.tablet.TabletStatusBar.makeStatusBarView(TabletStatusBar.java:1314)
W/Settings(11093):      at com.android.systemui.statusbar.StatusBar.start(StatusBar.java:136)
W/Settings(11093):      at com.android.systemui.statusbar.tablet.TabletStatusBar.start(TabletStatusBar.java:552)
W/Settings(11093):      at com.android.systemui.SystemUIService.onCreate(SystemUIService.java:93)
W/Settings(11093):      at android.app.ActivityThread.handleCreateService(ActivityThread.java:2253)
W/Settings(11093):      at android.app.ActivityThread.access$1600(ActivityThread.java:123)
W/Settings(11093):      at android.app.ActivityThread$H.handleMessage(ActivityThread.java:1201)
W/Settings(11093):      at android.os.Handler.dispatchMessage(Handler.java:99)
W/Settings(11093):      at android.os.Looper.loop(Looper.java:137)
W/Settings(11093):      at android.app.ActivityThread.main(ActivityThread.java:4424)
W/Settings(11093):      at java.lang.reflect.Method.invokeNative(Native Method)
W/Settings(11093):      at java.lang.reflect.Method.invoke(Method.java:511)
W/Settings(11093):      at com.android.internal.os.ZygoteInit$MethodAndArgsCaller.run(ZygoteInit.java:848)
W/Settings(11093):      at com.android.internal.os.ZygoteInit.main(ZygoteInit.java:575)
W/Settings(11093):      at dalvik.system.NativeStart.main(Native Method)
D/AndroidRuntime(11393): Shutting down VM
W/dalvikvm(11393): threadid=1: thread exiting with uncaught exception (group=0x40fa81f8)
E/AndroidRuntime(11393): FATAL EXCEPTION: main
E/AndroidRuntime(11393): java.lang.NullPointerException
E/AndroidRuntime(11393):        at android.app.ActivityThread.attach(ActivityThread.java:4331)
E/AndroidRuntime(11393):        at android.app.ActivityThread.main(ActivityThread.java:4417)
E/AndroidRuntime(11393):        at java.lang.reflect.Method.invokeNative(Native Method)
E/AndroidRuntime(11393):        at java.lang.reflect.Method.invoke(Method.java:511)
E/AndroidRuntime(11393):        at com.android.internal.os.ZygoteInit$MethodAndArgsCaller.run(ZygoteInit.java:848)
E/AndroidRuntime(11393):        at com.android.internal.os.ZygoteInit.main(ZygoteInit.java:575)
E/AndroidRuntime(11393):        at dalvik.system.NativeStart.main(Native Method)
I/Process (11344): Sending signal. PID: 11344 SIG: 9
E/AndroidRuntime(11344): Error reporting crash
E/AndroidRuntime(11344): android.os.DeadObjectException
E/AndroidRuntime(11344):        at android.os.BinderProxy.transact(Native Method)
E/AndroidRuntime(11344):        at android.app.ActivityManagerProxy.handleApplicationCrash(ActivityManagerNative.java:2890)
E/AndroidRuntime(11344):        at com.android.internal.os.RuntimeInit$UncaughtHandler.uncaughtException(RuntimeInit.java:72)
E/AndroidRuntime(11344):        at java.lang.ThreadGroup.uncaughtException(ThreadGroup.java:693)
E/AndroidRuntime(11344):        at java.lang.ThreadGroup.uncaughtException(ThreadGroup.java:690)
I/Process (11379): Sending signal. PID: 11379 SIG: 9
E/AndroidRuntime(11379): Error reporting crash
E/AndroidRuntime(11379): android.os.DeadObjectException
E/AndroidRuntime(11379):        at android.os.BinderProxy.transact(Native Method)
E/AndroidRuntime(11379):        at android.app.ActivityManagerProxy.handleApplicationCrash(ActivityManagerNative.java:2890)
E/AndroidRuntime(11379):        at com.android.internal.os.RuntimeInit$UncaughtHandler.uncaughtException(RuntimeInit.java:72)
E/AndroidRuntime(11379):        at java.lang.ThreadGroup.uncaughtException(ThreadGroup.java:693)
E/AndroidRuntime(11379):        at java.lang.ThreadGroup.uncaughtException(ThreadGroup.java:690)
E/AndroidRuntime(11379):        at dalvik.system.NativeStart.main(Native Method)
I/Process (11393): Sending signal. PID: 11393 SIG: 9
E/AndroidRuntime(11393): Error reporting crash
E/AndroidRuntime(11393): java.lang.NullPointerException
E/AndroidRuntime(11393):        at com.android.internal.os.RuntimeInit$UncaughtHandler.uncaughtException(RuntimeInit.java:72)
E/AndroidRuntime(11393):        at java.lang.ThreadGroup.uncaughtException(ThreadGroup.java:693)
E/AndroidRuntime(11393):        at java.lang.ThreadGroup.uncaughtException(ThreadGroup.java:690)
E/AndroidRuntime(11393):        at dalvik.system.NativeStart.main(Native Method)
D/dalvikvm(11093): GC_CONCURRENT freed 303K, 61% free 2789K/7043K, paused 1ms+2ms
E/installd(  741): eof
E/installd(  741): failed to read size
I/installd(  741): closing connection
W/InputMethodManager(11093): IME died: null
W/InputMethodManager(11093): android.os.DeadObjectException
W/InputMethodManager(11093):    at android.os.BinderProxy.transact(Native Method)
W/InputMethodManager(11093):    at com.android.internal.view.IInputMethodManager$Stub$Proxy.getCurrentInputMethodSubtype(IInputMethodManager.java:895)
W/InputMethodManager(11093):    at android.view.inputmethod.InputMethodManager.getCurrentInputMethodSubtype(InputMethodManager.java:1569)
W/InputMethodManager(11093):    at com.android.systemui.statusbar.tablet.InputMethodsPanel.updateRadioButtons(InputMethodsPanel.java:363)
W/InputMethodManager(11093):    at com.android.systemui.statusbar.tablet.InputMethodsPanel.updateUiElements(InputMethodsPanel.java:300)
W/InputMethodManager(11093):    at com.android.systemui.statusbar.tablet.InputMethodsPanel.onFinishInflate(InputMethodsPanel.java:148)
W/InputMethodManager(11093):    at android.view.LayoutInflater.rInflate(LayoutInflater.java:747)
W/InputMethodManager(11093):    at android.view.LayoutInflater.inflate(LayoutInflater.java:489)
W/InputMethodManager(11093):    at android.view.LayoutInflater.inflate(LayoutInflater.java:396)
W/InputMethodManager(11093):    at android.view.LayoutInflater.inflate(LayoutInflater.java:352)
W/InputMethodManager(11093):    at android.view.View.inflate(View.java:13555)
W/InputMethodManager(11093):    at com.android.systemui.statusbar.tablet.TabletStatusBar.addPanelWindows(TabletStatusBar.java:499)
W/InputMethodManager(11093):    at com.android.systemui.statusbar.tablet.TabletStatusBar.makeStatusBarView(TabletStatusBar.java:1314)
W/InputMethodManager(11093):    at com.android.systemui.statusbar.StatusBar.start(StatusBar.java:136)
W/InputMethodManager(11093):    at com.android.systemui.statusbar.tablet.TabletStatusBar.start(TabletStatusBar.java:552)
W/InputMethodManager(11093):    at com.android.systemui.SystemUIService.onCreate(SystemUIService.java:93)
W/InputMethodManager(11093):    at android.app.ActivityThread.handleCreateService(ActivityThread.java:2253)
W/InputMethodManager(11093):    at android.app.ActivityThread.access$1600(ActivityThread.java:123)
W/InputMethodManager(11093):    at android.app.ActivityThread$H.handleMessage(ActivityThread.java:1201)
W/InputMethodManager(11093):    at android.os.Handler.dispatchMessage(Handler.java:99)
W/InputMethodManager(11093):    at android.os.Looper.loop(Looper.java:137)
W/InputMethodManager(11093):    at android.app.ActivityThread.main(ActivityThread.java:4424)
W/InputMethodManager(11093):    at java.lang.reflect.Method.invokeNative(Native Method)
W/InputMethodManager(11093):    at java.lang.reflect.Method.invoke(Method.java:511)
W/InputMethodManager(11093):    at com.android.internal.os.ZygoteInit$MethodAndArgsCaller.run(ZygoteInit.java:848)
W/InputMethodManager(11093):    at com.android.internal.os.ZygoteInit.main(ZygoteInit.java:575)
W/InputMethodManager(11093):    at dalvik.system.NativeStart.main(Native Method)
D/AndroidRuntime(11093): Shutting down VM
W/dalvikvm(11093): threadid=1: thread exiting with uncaught exception (group=0x40fa81f8)
I/aglSystem.ModuleManager(11240): [3.1531:0.1531] [Info in cSystem::ModuleLoadDLL]: (modules/aglSystem/src/ModuleDLL.cpp:157)
I/aglSystem.ModuleManager(11240): Loaded Module DLL 'libKronos_armv6_ra.so' (B00100B8) from (/system/lib/libKronos_armv6_ra.so, FOUND|LOADED_REGULAR) !
I/aglSystem.ModuleManager(11240): [3.1535:0.0004] [Info in cModuleManager::GetModule]: (modules/aglSystem/src/ModuleManager.cpp:397)
I/aglSystem.ModuleManager(11240): Module loading 'Kronos' from 'libKronos_armv6_ra.so'
I/aglSystem.ModuleManager(11240): [3.1590:0.0056] [Info in cModuleManager::RegisterModuleDef]: (modules/aglSystem/src/ModuleManager.cpp:535)
I/aglSystem.ModuleManager(11240): Module 'Kronos' (Kronos (build:Release Ascii, ver:v1.0.0)) registered (4f7510) !
I/aglSystem.PluginManager(11240): [3.1595:0.0004] [Info in cPluginManager::LoadModule]: (modules/aglSystem/src/PluginManager.cpp:180)
I/aglSystem.PluginManager(11240): Plugin 'Kronos.KronosWidgetSinkCreator' loaded from 'Kronos' (Kronos module (Build Date: Dec  3 2012)).
I/aglSystem.PluginManager(11240): [3.1598:0.0003] [Info in cPluginManager::LoadModule]: (modules/aglSystem/src/PluginManager.cpp:180)
I/aglSystem.PluginManager(11240): Plugin 'Kronos.KronosWidgetSinkCreator' loaded from 'Kronos' (Kronos module (Build Date: Dec  3 2012)).
E/AndroidRuntime(11093): FATAL EXCEPTION: main
E/AndroidRuntime(11093): java.lang.RuntimeException: Unable to create service com.android.systemui.SystemUIService: java.lang.RuntimeException: Adding window failed
E/AndroidRuntime(11093):        at android.app.ActivityThread.handleCreateService(ActivityThread.java:2263)
E/AndroidRuntime(11093):        at android.app.ActivityThread.access$1600(ActivityThread.java:123)
E/AndroidRuntime(11093):        at android.app.ActivityThread$H.handleMessage(ActivityThread.java:1201)
E/AndroidRuntime(11093):        at android.os.Handler.dispatchMessage(Handler.java:99)
E/AndroidRuntime(11093):        at android.os.Looper.loop(Looper.java:137)
E/AndroidRuntime(11093):        at android.app.ActivityThread.main(ActivityThread.java:4424)
E/AndroidRuntime(11093):        at java.lang.reflect.Method.invokeNative(Native Method)
E/AndroidRuntime(11093):        at java.lang.reflect.Method.invoke(Method.java:511)
E/AndroidRuntime(11093):        at com.android.internal.os.ZygoteInit$MethodAndArgsCaller.run(ZygoteInit.java:848)
E/AndroidRuntime(11093):        at com.android.internal.os.ZygoteInit.main(ZygoteInit.java:575)
E/AndroidRuntime(11093):        at dalvik.system.NativeStart.main(Native Method)
E/AndroidRuntime(11093): Caused by: java.lang.RuntimeException: Adding window failed
E/AndroidRuntime(11093):        at android.view.ViewRootImpl.setView(ViewRootImpl.java:491)
E/AndroidRuntime(11093):        at android.view.WindowManagerImpl.addView(WindowManagerImpl.java:301)
E/AndroidRuntime(11093):        at android.view.WindowManagerImpl.addView(WindowManagerImpl.java:211)
E/AndroidRuntime(11093):        at com.android.systemui.statusbar.tablet.TabletStatusBar.addPanelWindows(TabletStatusBar.java:518)
E/AndroidRuntime(11093):        at com.android.systemui.statusbar.tablet.TabletStatusBar.makeStatusBarView(TabletStatusBar.java:1314)
E/AndroidRuntime(11093):        at com.android.systemui.statusbar.StatusBar.start(StatusBar.java:136)
E/AndroidRuntime(11093):        at com.android.systemui.statusbar.tablet.TabletStatusBar.start(TabletStatusBar.java:552)
E/AndroidRuntime(11093):        at com.android.systemui.SystemUIService.onCreate(SystemUIService.java:93)
E/AndroidRuntime(11093):        at android.app.ActivityThread.handleCreateService(ActivityThread.java:2253)
E/AndroidRuntime(11093):        ... 10 more
E/AndroidRuntime(11093): Caused by: android.os.DeadObjectException
E/AndroidRuntime(11093):        at android.os.BinderProxy.transact(Native Method)
E/AndroidRuntime(11093):        at android.view.IWindowSession$Stub$Proxy.add(IWindowSession.java:516)
E/AndroidRuntime(11093):        at android.view.ViewRootImpl.setView(ViewRootImpl.java:481)
E/AndroidRuntime(11093):        ... 18 more
I/Process (11093): Sending signal. PID: 11093 SIG: 9
E/AndroidRuntime(11093): Error reporting crash
E/AndroidRuntime(11093): android.os.DeadObjectException
E/AndroidRuntime(11093):        at android.os.BinderProxy.transact(Native Method)
E/AndroidRuntime(11093):        at android.app.ActivityManagerProxy.handleApplicationCrash(ActivityManagerNative.java:2890)
E/AndroidRuntime(11093):        at com.android.internal.os.RuntimeInit$UncaughtHandler.uncaughtException(RuntimeInit.java:72)
E/AndroidRuntime(11093):        at java.lang.ThreadGroup.uncaughtException(ThreadGroup.java:693)
E/AndroidRuntime(11093):        at java.lang.ThreadGroup.uncaughtException(ThreadGroup.java:690)
E/AndroidRuntime(11093):        at dalvik.system.NativeStart.main(Native Method)
I/aglSystem.ModuleManager(11240): [3.1823:0.0225] [Info in cSystem::ModuleLoadDLL]: (modules/aglSystem/src/ModuleDLL.cpp:157)
I/aglSystem.ModuleManager(11240): Loaded Module DLL 'libaglSound_armv6_ra.so' (B00101D0) from (/system/lib/libaglSound_armv6_ra.so, FOUND|LOADED_REGULAR) !
I/aglSystem.ModuleManager(11240): [3.1826:0.0003] [Info in cModuleManager::GetModule]: (modules/aglSystem/src/ModuleManager.cpp:397)
I/aglSystem.ModuleManager(11240): Module loading 'aglSound' from 'libaglSound_armv6_ra.so'
I/aglSystem.ModuleManager(11240): [3.1831:0.0005] [Info in cModuleManager::RegisterModuleDef]: (modules/aglSystem/src/ModuleManager.cpp:535)
I/aglSystem.ModuleManager(11240): Module 'aglSound' (aglSound (build:Release Ascii, ver:v1.0.0)) registered (4f8a88) !
I/aglSystem.ModuleManager(11240): [3.2009:0.0178] [Info in cSystem::ModuleLoadDLL]: (modules/aglSystem/src/ModuleDLL.cpp:157)
I/aglSystem.ModuleManager(11240): Loaded Module DLL 'libaglCharacters_armv6_ra.so' (B00102E8) from (/system/lib/libaglCharacters_armv6_ra.so, FOUND|LOADED_REGULAR) !
I/aglSystem.ModuleManager(11240): [3.2011:0.0003] [Info in cModuleManager::GetModule]: (modules/aglSystem/src/ModuleManager.cpp:397)
I/aglSystem.ModuleManager(11240): Module loading 'aglCharacters' from 'libaglCharacters_armv6_ra.so'
I/aglSystem.ModuleManager(11240): [3.2017:0.0006] [Info in cModuleManager::RegisterModuleDef]: (modules/aglSystem/src/ModuleManager.cpp:535)
I/aglSystem.ModuleManager(11240): Module 'aglCharacters' (aglCharacters (build:Release Ascii, ver:v1.0.0)) registered (4f91f8) !
I/aglSystem.ModuleManager(11240): [3.2164:0.0147] [Info in cSystem::ModuleLoadDLL]: (modules/aglSystem/src/ModuleDLL.cpp:157)
I/aglSystem.ModuleManager(11240): Loaded Module DLL 'libaglPhysics_armv6_ra.so' (B0010400) from (/system/lib/libaglPhysics_armv6_ra.so, FOUND|LOADED_REGULAR) !
I/aglSystem.ModuleManager(11240): [3.2167:0.0003] [Info in cModuleManager::GetModule]: (modules/aglSystem/src/ModuleManager.cpp:397)
I/aglSystem.ModuleManager(11240): Module loading 'aglPhysics' from 'libaglPhysics_armv6_ra.so'
I/aglSystem.ModuleManager(11240): [3.2172:0.0005] [Info in cModuleManager::RegisterModuleDef]: (modules/aglSystem/src/ModuleManager.cpp:535)
I/aglSystem.ModuleManager(11240): Module 'aglPhysics' (aglPhysics (build:Release Ascii, ver:v1.0.0)) registered (4f9910) !
W/wpa_supplicant( 9988): wlan0: Failed to initiate AP scan
I/aglSystem.ModuleManager(11240): [3.2336:0.0164] [Info in cSystem::ModuleLoadDLL]: (modules/aglSystem/src/ModuleDLL.cpp:157)
I/aglSystem.ModuleManager(11240): Loaded Module DLL 'libaglAnimations_armv6_ra.so' (B0010518) from (/system/lib/libaglAnimations_armv6_ra.so, FOUND|LOADED_REGULAR) !
I/aglSystem.ModuleManager(11240): [3.2340:0.0004] [Info in cModuleManager::GetModule]: (modules/aglSystem/src/ModuleManager.cpp:397)
I/aglSystem.ModuleManager(11240): Module loading 'aglAnimations' from 'libaglAnimations_armv6_ra.so'
I/aglSystem.ModuleManager(11240): [3.2344:0.0005] [Info in cModuleManager::RegisterModuleDef]: (modules/aglSystem/src/ModuleManager.cpp:535)
I/aglSystem.ModuleManager(11240): Module 'aglAnimations' (aglAnimations (build:Release Ascii, ver:v1.0.0)) registered (4f9950) !
I/aglSystem.ModuleManager(11240): [3.2544:0.0200] [Info in cSystem::ModuleLoadDLL]: (modules/aglSystem/src/ModuleDLL.cpp:157)
I/aglSystem.ModuleManager(11240): Loaded Module DLL 'libaglScene_armv6_ra.so' (B0010630) from (/system/lib/libaglScene_armv6_ra.so, FOUND|LOADED_REGULAR) !
I/aglSystem.ModuleManager(11240): [3.2547:0.0003] [Info in cModuleManager::GetModule]: (modules/aglSystem/src/ModuleManager.cpp:397)
I/aglSystem.ModuleManager(11240): Module loading 'aglScene' from 'libaglScene_armv6_ra.so'
I/aglSystem.ModuleManager(11240): [3.2553:0.0006] [Info in cModuleManager::RegisterModuleDef]: (modules/aglSystem/src/ModuleManager.cpp:535)
I/aglSystem.ModuleManager(11240): Module 'aglScene' (aglScene (build:Release Ascii, ver:v1.0.0)) registered (4fa2e0) !
I/aglSystem.ModuleManager(11240): [3.2646:0.0093] [Info in cSystem::ModuleLoadDLL]: (modules/aglSystem/src/ModuleDLL.cpp:157)
I/aglSystem.ModuleManager(11240): Loaded Module DLL 'libgomSoftwareSkinning_armv6_ra.so' (B0010748) from (/system/lib/libgomSoftwareSkinning_armv6_ra.so, FOUND|LOADED_REGULAR) !
I/aglSystem.ModuleManager(11240): [3.2649:0.0003] [Info in cModuleManager::GetModule]: (modules/aglSystem/src/ModuleManager.cpp:397)
I/aglSystem.ModuleManager(11240): Module loading 'gomSoftwareSkinning' from 'libgomSoftwareSkinning_armv6_ra.so'
I/aglSystem.ModuleManager(11240): [3.2653:0.0004] [Info in cModuleManager::RegisterModuleDef]: (modules/aglSystem/src/ModuleManager.cpp:535)
I/aglSystem.ModuleManager(11240): Module 'gomSoftwareSkinning' (gomSoftwareSkinning (build:Release Ascii, ver:v1.0.0)) registered (4fa370) !
I/aglSystem.PluginManager(11240): [3.2655:0.0003] [Info in cPluginManager::LoadModule]: (modules/aglSystem/src/PluginManager.cpp:180)
I/aglSystem.PluginManager(11240): Plugin 'gomSoftwareSkinning.GeometryModifier' loaded from 'gomSoftwareSkinning' (Software Skinning Geometry Modifier (Build Date: Mar  8 2012)).
I/aglSystem.ModuleManager(11240): [3.2892:0.0237] [Info in cSystem::ModuleLoadDLL]: (modules/aglSystem/src/ModuleDLL.cpp:157)
I/aglSystem.ModuleManager(11240): Loaded Module DLL 'libaglPainter_armv6_ra.so' (B0010860) from (/system/lib/libaglPainter_armv6_ra.so, FOUND|LOADED_REGULAR) !
I/aglSystem.ModuleManager(11240): [3.2895:0.0003] [Info in cModuleManager::GetModule]: (modules/aglSystem/src/ModuleManager.cpp:397)
I/aglSystem.ModuleManager(11240): Module loading 'aglPainter' from 'libaglPainter_armv6_ra.so'
I/aglSystem.ModuleManager(11240): [3.2903:0.0008] [Info in cModuleManager::RegisterModuleDef]: (modules/aglSystem/src/ModuleManager.cpp:535)
I/aglSystem.ModuleManager(11240): Module 'aglPainter' (aglPainter (build:Release Ascii, ver:v1.0.0)) registered (4fb460) !
I/aglSystem.ModuleManager(11240): [3.2998:0.0095] [Info in cSystem::ModuleLoadDLL]: (modules/aglSystem/src/ModuleDLL.cpp:157)
I/aglSystem.ModuleManager(11240): Loaded Module DLL 'libaglVideo_armv6_ra.so' (B0010978) from (/system/lib/libaglVideo_armv6_ra.so, FOUND|LOADED_REGULAR) !
I/aglSystem.ModuleManager(11240): [3.3001:0.0003] [Info in cModuleManager::GetModule]: (modules/aglSystem/src/ModuleManager.cpp:397)
I/aglSystem.ModuleManager(11240): Module loading 'aglVideo' from 'libaglVideo_armv6_ra.so'
I/aglSystem.ModuleManager(11240): [3.3005:0.0004] [Info in cModuleManager::RegisterModuleDef]: (modules/aglSystem/src/ModuleManager.cpp:535)
I/aglSystem.ModuleManager(11240): Module 'aglVideo' (aglVideo (build:Release Ascii, ver:v1.0.0)) registered (4fc938) !
I/aglSystem.ModuleManager(11240): [3.3168:0.0163] [Info in cSystem::ModuleLoadDLL]: (modules/aglSystem/src/ModuleDLL.cpp:157)
I/aglSystem.ModuleManager(11240): Loaded Module DLL 'libaglAI_armv6_ra.so' (B0010A90) from (/system/lib/libaglAI_armv6_ra.so, FOUND|LOADED_REGULAR) !
I/aglSystem.ModuleManager(11240): [3.3171:0.0003] [Info in cModuleManager::GetModule]: (modules/aglSystem/src/ModuleManager.cpp:397)
I/aglSystem.ModuleManager(11240): Module loading 'aglAI' from 'libaglAI_armv6_ra.so'
I/aglSystem.ModuleManager(11240): [3.3176:0.0004] [Info in cModuleManager::RegisterModuleDef]: (modules/aglSystem/src/ModuleManager.cpp:535)
I/aglSystem.ModuleManager(11240): Module 'aglAI' (aglAI (build:Release Ascii, ver:v1.0.0)) registered (4fcdd0) !
I/aglSystem.ModuleManager(11240): [3.3297:0.0121] [Info in cSystem::ModuleLoadDLL]: (modules/aglSystem/src/ModuleDLL.cpp:157)
I/aglSystem.ModuleManager(11240): Loaded Module DLL 'libaglViz_armv6_ra.so' (B0010BA8) from (/system/lib/libaglViz_armv6_ra.so, FOUND|LOADED_REGULAR) !
I/aglSystem.ModuleManager(11240): [3.3300:0.0003] [Info in cModuleManager::GetModule]: (modules/aglSystem/src/ModuleManager.cpp:397)
I/aglSystem.ModuleManager(11240): Module loading 'aglViz' from 'libaglViz_armv6_ra.so'
I/aglSystem.ModuleManager(11240): [3.3305:0.0005] [Info in cModuleManager::RegisterModuleDef]: (modules/aglSystem/src/ModuleManager.cpp:535)
I/aglSystem.ModuleManager(11240): Module 'aglViz' (aglViz (build:Release Ascii, ver:v1.0.0)) registered (4fd018) !
I/aglSystem.ScriptAutomation(11240): [3.3309:0.0004] [Info in std_import]: (modules/aglSystem/src/ScriptAutomation.cpp:314)
I/aglSystem.ScriptAutomation(11240): aglScript-Import: agl module 'Kronos' imported.
I/aglSystem.ScriptAutomation(11240): [3.3347:0.0038] [Info in std_import]: (modules/aglSystem/src/ScriptAutomation.cpp:294)
I/aglSystem.ScriptAutomation(11240): aglScript-Import: agl script 'kronos.aq' imported in the root table.
