D/dalvikvm( 7681): GC_CONCURRENT freed 1992K, 46% free 6861K/12675K, paused 2ms+3ms
E/StrictMode( 7681): A resource was acquired at attached stack trace but never released. See java.io.Closeable for information on avoiding resource leaks.
E/StrictMode( 7681): java.lang.Throwable: Explicit termination method 'end' not called
E/StrictMode( 7681):    at dalvik.system.CloseGuard.open(CloseGuard.java:184)
E/StrictMode( 7681):    at java.util.zip.Inflater.<init>(Inflater.java:82)
E/StrictMode( 7681):    at java.util.zip.GZIPInputStream.<init>(GZIPInputStream.java:96)
E/StrictMode( 7681):    at java.util.zip.GZIPInputStream.<init>(GZIPInputStream.java:81)
E/StrictMode( 7681):    at libcore.net.http.HttpEngine.initContentStream(HttpEngine.java:512)
E/StrictMode( 7681):    at libcore.net.http.HttpEngine.readResponse(HttpEngine.java:805)
E/StrictMode( 7681):    at libcore.net.http.HttpURLConnectionImpl.getResponse(HttpURLConnectionImpl.java:274)
E/StrictMode( 7681):    at libcore.net.http.HttpURLConnectionImpl.getInputStream(HttpURLConnectionImpl.java:168)
E/StrictMode( 7681):    at com.biaoqi.stbwidget.host.BabaoWebHelper.getSinaWebNews(BabaoWebHelper.java:42)
E/StrictMode( 7681):    at com.biaoqi.stbwidget.host.BabaoWebWidget$1.run(BabaoWebWidget.java:46)
E/StrictMode( 7681):    at java.lang.Thread.run(Thread.java:856)
E/StrictMode( 7681): A resource was acquired at attached stack trace but never released. See java.io.Closeable for information on avoiding resource leaks.
E/StrictMode( 7681): java.lang.Throwable: Explicit termination method 'end' not called
E/StrictMode( 7681):    at dalvik.system.CloseGuard.open(CloseGuard.java:184)
E/StrictMode( 7681):    at java.util.zip.Inflater.<init>(Inflater.java:82)
E/StrictMode( 7681):    at java.util.zip.GZIPInputStream.<init>(GZIPInputStream.java:96)
E/StrictMode( 7681):    at java.util.zip.GZIPInputStream.<init>(GZIPInputStream.java:81)
E/StrictMode( 7681):    at libcore.net.http.HttpEngine.initContentStream(HttpEngine.java:512)
E/StrictMode( 7681):    at libcore.net.http.HttpEngine.readResponse(HttpEngine.java:805)
E/StrictMode( 7681):    at libcore.net.http.HttpURLConnectionImpl.getResponse(HttpURLConnectionImpl.java:274)
E/StrictMode( 7681):    at libcore.net.http.HttpURLConnectionImpl.getInputStream(HttpURLConnectionImpl.java:168)
E/StrictMode( 7681):    at com.biaoqi.stbwidget.host.WeatherWidgetHelper.getWeatherContent(WeatherWidgetHelper.java:57)
E/StrictMode( 7681):    at com.biaoqi.stbwidget.host.WeatherWidgetHelper.getCurrentCityWeather(WeatherWidgetHelper.java:87)
E/StrictMode( 7681):    at com.biaoqi.stbwidget.host.WeatherWidgetProvider$1.run(WeatherWidgetProvider.java:62)
E/StrictMode( 7681):    at java.lang.Thread.run(Thread.java:856)
E/StrictMode( 7681): A resource was acquired at attached stack trace but never released. See java.io.Closeable for information on avoiding resource leaks.
E/StrictMode( 7681): java.lang.Throwable: Explicit termination method 'end' not called
E/StrictMode( 7681):    at dalvik.system.CloseGuard.open(CloseGuard.java:184)
E/StrictMode( 7681):    at java.util.zip.Inflater.<init>(Inflater.java:82)
E/StrictMode( 7681):    at java.util.zip.GZIPInputStream.<init>(GZIPInputStream.java:96)
E/StrictMode( 7681):    at java.util.zip.GZIPInputStream.<init>(GZIPInputStream.java:81)
E/StrictMode( 7681):    at libcore.net.http.HttpEngine.initContentStream(HttpEngine.java:512)
E/StrictMode( 7681):    at libcore.net.http.HttpEngine.readResponse(HttpEngine.java:805)
E/StrictMode( 7681):    at libcore.net.http.HttpURLConnectionImpl.getResponse(HttpURLConnectionImpl.java:274)
E/StrictMode( 7681):    at libcore.net.http.HttpURLConnectionImpl.getInputStream(HttpURLConnectionImpl.java:168)
E/StrictMode( 7681):    at com.biaoqi.stbwidget.host.WeatherWidgetHelper.getWeatherContent(WeatherWidgetHelper.java:57)
E/StrictMode( 7681):    at com.biaoqi.stbwidget.host.WeatherWidgetHelper.getCurrentCityWeather(WeatherWidgetHelper.java:87)
E/StrictMode( 7681):    at com.biaoqi.stbwidget.host.WeatherWidgetProvider$1.run(WeatherWidgetProvider.java:64)
E/StrictMode( 7681):    at java.lang.Thread.run(Thread.java:856)
E/StrictMode( 7681): A resource was acquired at attached stack trace but never released. See java.io.Closeable for information on avoiding resource leaks.
E/StrictMode( 7681): java.lang.Throwable: Explicit termination method 'end' not called
E/StrictMode( 7681):    at dalvik.system.CloseGuard.open(CloseGuard.java:184)
E/StrictMode( 7681):    at java.util.zip.Inflater.<init>(Inflater.java:82)
E/StrictMode( 7681):    at java.util.zip.GZIPInputStream.<init>(GZIPInputStream.java:96)
E/StrictMode( 7681):    at java.util.zip.GZIPInputStream.<init>(GZIPInputStream.java:81)
E/StrictMode( 7681):    at libcore.net.http.HttpEngine.initContentStream(HttpEngine.java:512)
E/StrictMode( 7681):    at libcore.net.http.HttpEngine.readResponse(HttpEngine.java:805)
E/StrictMode( 7681):    at libcore.net.http.HttpURLConnectionImpl.getResponse(HttpURLConnectionImpl.java:274)
E/StrictMode( 7681):    at libcore.net.http.HttpURLConnectionImpl.getInputStream(HttpURLConnectionImpl.java:168)
E/StrictMode( 7681):    at com.biaoqi.stbwidget.host.WeatherWidgetHelper.getWeatherContent(WeatherWidgetHelper.java:57)
E/StrictMode( 7681):    at com.biaoqi.stbwidget.host.WeatherWidgetHelper.getCurrentCityWeather(WeatherWidgetHelper.java:86)
E/StrictMode( 7681):    at com.biaoqi.stbwidget.host.WeatherWidgetProvider$1.run(WeatherWidgetProvider.java:63)
E/StrictMode( 7681):    at java.lang.Thread.run(Thread.java:856)
E/StrictMode( 7681): A resource was acquired at attached stack trace but never released. See java.io.Closeable for information on avoiding resource leaks.
E/StrictMode( 7681): java.lang.Throwable: Explicit termination method 'end' not called
E/StrictMode( 7681):    at dalvik.system.CloseGuard.open(CloseGuard.java:184)
E/StrictMode( 7681):    at java.util.zip.Inflater.<init>(Inflater.java:82)
E/StrictMode( 7681):    at java.util.zip.GZIPInputStream.<init>(GZIPInputStream.java:96)
E/StrictMode( 7681):    at java.util.zip.GZIPInputStream.<init>(GZIPInputStream.java:81)
E/StrictMode( 7681):    at libcore.net.http.HttpEngine.initContentStream(HttpEngine.java:512)
E/StrictMode( 7681):    at libcore.net.http.HttpEngine.readResponse(HttpEngine.java:805)
E/StrictMode( 7681):    at libcore.net.http.HttpURLConnectionImpl.getResponse(HttpURLConnectionImpl.java:274)
E/StrictMode( 7681):    at libcore.net.http.HttpURLConnectionImpl.getInputStream(HttpURLConnectionImpl.java:168)
E/StrictMode( 7681):    at com.biaoqi.stbwidget.host.WeatherWidgetHelper.getWeatherContent(WeatherWidgetHelper.java:57)
E/StrictMode( 7681):    at com.biaoqi.stbwidget.host.WeatherWidgetHelper.getCurrentCityWeather(WeatherWidgetHelper.java:86)
E/StrictMode( 7681):    at com.biaoqi.stbwidget.host.WeatherWidgetProvider$1.run(WeatherWidgetProvider.java:64)
E/StrictMode( 7681):    at java.lang.Thread.run(Thread.java:856)
D/MonitorCw880( 7831): currentRemoteHost is null ,continue
D/HomePlayerLib( 7917): hostaddress count is 1
D/MonitorCw880( 7831): currentRemoteHost is null ,continue
D/dalvikvm( 7917): GC_CONCURRENT freed 1960K, 46% free 7248K/13251K, paused 2ms+2ms
^[[AD/MonitorCw880( 7831): currentRemoteHost is null ,continue
D/MonitorCw880( 7831): currentRemoteHost is null ,continue
D/HomePlayerLib( 7917): hostaddress count is 1
D/dalvikvm( 7917): GC_CONCURRENT freed 1941K, 46% free 7233K/13251K, paused 2ms+3ms
I/ActivityManager( 7333): Start proc com.coship.stpservice for service com.coship.stpservice/.StpService: pid=8213 uid=1000 gids={3003, 1015, 3002, 3001, 3004}
D/dalvikvm( 7313): GC_EXPLICIT freed 40K, 44% free 6580K/11651K, paused 2ms+3ms
D/dalvikvm( 7313): GC_EXPLICIT freed <1K, 44% free 6580K/11651K, paused 1ms+2ms
I/dalvikvm( 8213): Turning on JNI app bug workarounds for target SDK version 8...
D/dalvikvm( 7313): GC_EXPLICIT freed <1K, 44% free 6580K/11651K, paused 6ms+2ms
I/StpService( 8213): onCreate
I/StpService( 8213): register stp_boardcast
I/StpService( 8213): register stp_net_boardcast
D/dalvikvm( 8213): No JNI_OnLoad found in /system/lib/libcs_BootLoader.so 0x415fede8, skipping init
I/StpNative( 8213): Stp JNI_OnLoad
I/ServiceManager( 8213): Waiting for service mstar.thirdpartytvmanager...
D/MonitorCw880( 7831): currentRemoteHost is null ,continue
I/ServiceManager( 8213): Waiting for service mstar.thirdpartytvmanager...
I/ServiceManager( 8213): Waiting for service mstar.thirdpartytvmanager...
V/NetFirmwareService( 7569): Network is connected!
V/NetFirmwareService( 7569): mServicePath--->http://update.feifeikan.com/Fbox
I/NetFirmwareService( 7569): mHwvStr--->002102
I/NetFirmwareService( 7569): mSwv--->211311
I/FileUtils( 7569): mkFilePath--->/data/data/com.coship.netfirmware/versioncode.dat
D/StrictMode( 7569): StrictMode policy violation: android.os.StrictMode$StrictModeNetworkViolation: policy=23 violation=4
D/StrictMode( 7569):    at android.os.StrictMode$AndroidBlockGuardPolicy.onNetwork(StrictMode.java:1105)
D/StrictMode( 7569):    at libcore.io.BlockGuardOs.recvfrom(BlockGuardOs.java:163)
D/StrictMode( 7569):    at libcore.io.IoBridge.recvfrom(IoBridge.java:503)
D/StrictMode( 7569):    at java.net.PlainSocketImpl.read(PlainSocketImpl.java:488)
D/StrictMode( 7569):    at java.net.PlainSocketImpl.access$000(PlainSocketImpl.java:46)
D/StrictMode( 7569):    at java.net.PlainSocketImpl$PlainSocketInputStream.read(PlainSocketImpl.java:240)
D/StrictMode( 7569):    at java.io.BufferedInputStream.fillbuf(BufferedInputStream.java:168)
D/StrictMode( 7569):    at java.io.BufferedInputStream.read(BufferedInputStream.java:227)
D/StrictMode( 7569):    at libcore.net.http.HttpConnection.isStale(HttpConnection.java:256)
D/StrictMode( 7569):    at libcore.net.http.HttpConnectionPool.get(HttpConnectionPool.java:71)
D/StrictMode( 7569):    at libcore.net.http.HttpConnection.connect(HttpConnection.java:128)
D/StrictMode( 7569):    at libcore.net.http.HttpEngine.openSocketConnection(HttpEngine.java:308)
D/StrictMode( 7569):    at libcore.net.http.HttpEngine.connect(HttpEngine.java:303)
D/StrictMode( 7569):    at libcore.net.http.HttpEngine.sendSocketRequest(HttpEngine.java:282)
D/StrictMode( 7569):    at libcore.net.http.HttpEngine.sendRequest(HttpEngine.java:232)
D/StrictMode( 7569):    at libcore.net.http.HttpURLConnectionImpl.getResponse(HttpURLConnectionImpl.java:273)
D/StrictMode( 7569):    at libcore.net.http.HttpURLConnectionImpl.getInputStream(HttpURLConnectionImpl.java:168)
D/StrictMode( 7569):    at com.coship.netfirmware.downloads.HttpDownLoad.getInputStream(HttpDownLoad.java:66)
D/StrictMode( 7569):    at com.coship.netfirmware.downloads.HttpDownLoad.downfile(HttpDownLoad.java:43)
D/StrictMode( 7569):    at com.coship.netfirmware.NetFirmwareService.downFileFormService(NetFirmwareService.java:1504)
D/StrictMode( 7569):    at com.coship.netfirmware.NetFirmwareService.access$4800(NetFirmwareService.java:69)
D/StrictMode( 7569):    at com.coship.netfirmware.NetFirmwareService$6.run(NetFirmwareService.java:1147)
D/StrictMode( 7569): StrictMode policy violation: android.os.StrictMode$StrictModeNetworkViolation: policy=23 violation=4
D/StrictMode( 7569):    at android.os.StrictMode$AndroidBlockGuardPolicy.onNetwork(StrictMode.java:1105)
D/StrictMode( 7569):    at java.net.InetAddress.lookupHostByName(InetAddress.java:391)
D/StrictMode( 7569):    at java.net.InetAddress.getAllByNameImpl(InetAddress.java:242)
D/StrictMode( 7569):    at java.net.InetAddress.getAllByName(InetAddress.java:220)
D/StrictMode( 7569):    at libcore.net.http.HttpConnection.<init>(HttpConnection.java:71)
D/StrictMode( 7569):    at libcore.net.http.HttpConnection.<init>(HttpConnection.java:50)
D/StrictMode( 7569):    at libcore.net.http.HttpConnection$Address.connect(HttpConnection.java:351)
D/StrictMode( 7569):    at libcore.net.http.HttpConnectionPool.get(HttpConnectionPool.java:86)
D/StrictMode( 7569):    at libcore.net.http.HttpConnection.connect(HttpConnection.java:128)
D/StrictMode( 7569):    at libcore.net.http.HttpEngine.openSocketConnection(HttpEngine.java:308)
D/StrictMode( 7569):    at libcore.net.http.HttpEngine.connect(HttpEngine.java:303)
D/StrictMode( 7569):    at libcore.net.http.HttpEngine.sendSocketRequest(HttpEngine.java:282)
D/StrictMode( 7569):    at libcore.net.http.HttpEngine.sendRequest(HttpEngine.java:232)
D/StrictMode( 7569):    at libcore.net.http.HttpURLConnectionImpl.getResponse(HttpURLConnectionImpl.java:273)
D/StrictMode( 7569):    at libcore.net.http.HttpURLConnectionImpl.getInputStream(HttpURLConnectionImpl.java:168)
D/StrictMode( 7569):    at com.coship.netfirmware.downloads.HttpDownLoad.getInputStream(HttpDownLoad.java:66)
D/StrictMode( 7569):    at com.coship.netfirmware.downloads.HttpDownLoad.downfile(HttpDownLoad.java:43)
D/StrictMode( 7569):    at com.coship.netfirmware.NetFirmwareService.downFileFormService(NetFirmwareService.java:1504)
D/StrictMode( 7569):    at com.coship.netfirmware.NetFirmwareService.access$4800(NetFirmwareService.java:69)
D/StrictMode( 7569):    at com.coship.netfirmware.NetFirmwareService$6.run(NetFirmwareService.java:1147)
D/StrictMode( 7569): StrictMode policy violation: android.os.StrictMode$StrictModeNetworkViolation: policy=23 violation=4
D/StrictMode( 7569):    at android.os.StrictMode$AndroidBlockGuardPolicy.onNetwork(StrictMode.java:1105)
D/StrictMode( 7569):    at libcore.io.BlockGuardOs.connect(BlockGuardOs.java:84)
D/StrictMode( 7569):    at libcore.io.IoBridge.connectErrno(IoBridge.java:127)
D/StrictMode( 7569):    at libcore.io.IoBridge.connect(IoBridge.java:112)
D/StrictMode( 7569):    at java.net.PlainSocketImpl.connect(PlainSocketImpl.java:192)
D/StrictMode( 7569):    at java.net.PlainSocketImpl.connect(PlainSocketImpl.java:459)
D/StrictMode( 7569):    at java.net.Socket.connect(Socket.java:842)
D/StrictMode( 7569):    at libcore.net.http.HttpConnection.<init>(HttpConnection.java:77)
D/StrictMode( 7569):    at libcore.net.http.HttpConnection.<init>(HttpConnection.java:50)
D/StrictMode( 7569):    at libcore.net.http.HttpConnection$Address.connect(HttpConnection.java:351)
D/StrictMode( 7569):    at libcore.net.http.HttpConnectionPool.get(HttpConnectionPool.java:86)
D/StrictMode( 7569):    at libcore.net.http.HttpConnection.connect(HttpConnection.java:128)
D/StrictMode( 7569):    at libcore.net.http.HttpEngine.openSocketConnection(HttpEngine.java:308)
D/StrictMode( 7569):    at libcore.net.http.HttpEngine.connect(HttpEngine.java:303)
D/StrictMode( 7569):    at libcore.net.http.HttpEngine.sendSocketRequest(HttpEngine.java:282)
D/StrictMode( 7569):    at libcore.net.http.HttpEngine.sendRequest(HttpEngine.java:232)
D/StrictMode( 7569):    at libcore.net.http.HttpURLConnectionImpl.getResponse(HttpURLConnectionImpl.java:273)
D/StrictMode( 7569):    at libcore.net.http.HttpURLConnectionImpl.getInputStream(HttpURLConnectionImpl.java:168)
D/StrictMode( 7569):    at com.coship.netfirmware.downloads.HttpDownLoad.getInputStream(HttpDownLoad.java:66)
D/StrictMode( 7569):    at com.coship.netfirmware.downloads.HttpDownLoad.downfile(HttpDownLoad.java:43)
D/StrictMode( 7569):    at com.coship.netfirmware.NetFirmwareService.downFileFormService(NetFirmwareService.java:1504)
D/StrictMode( 7569):    at com.coship.netfirmware.NetFirmwareService.access$4800(NetFirmwareService.java:69)
D/StrictMode( 7569):    at com.coship.netfirmware.NetFirmwareService$6.run(NetFirmwareService.java:1147)
D/StrictMode( 7569): StrictMode policy violation: android.os.StrictMode$StrictModeNetworkViolation: policy=23 violation=4
D/StrictMode( 7569):    at android.os.StrictMode$AndroidBlockGuardPolicy.onNetwork(StrictMode.java:1105)
D/StrictMode( 7569):    at libcore.io.BlockGuardOs.recvfrom(BlockGuardOs.java:163)
D/StrictMode( 7569):    at libcore.io.IoBridge.recvfrom(IoBridge.java:503)
D/StrictMode( 7569):    at java.net.PlainSocketImpl.read(PlainSocketImpl.java:488)
D/StrictMode( 7569):    at java.net.PlainSocketImpl.access$000(PlainSocketImpl.java:46)
D/StrictMode( 7569):    at java.net.PlainSocketImpl$PlainSocketInputStream.read(PlainSocketImpl.java:240)
D/StrictMode( 7569):    at java.io.InputStream.read(InputStream.java:163)
D/StrictMode( 7569):    at java.io.BufferedInputStream.fillbuf(BufferedInputStream.java:142)
D/StrictMode( 7569):    at java.io.BufferedInputStream.read(BufferedInputStream.java:227)
D/StrictMode( 7569):    at libcore.io.Streams.readAsciiLine(Streams.java:201)
D/StrictMode( 7569):    at libcore.net.http.HttpEngine.readResponseHeaders(HttpEngine.java:544)
D/StrictMode( 7569):    at libcore.net.http.HttpEngine.readResponse(HttpEngine.java:784)
D/StrictMode( 7569):    at libcore.net.http.HttpURLConnectionImpl.getResponse(HttpURLConnectionImpl.java:274)
D/StrictMode( 7569):    at libcore.net.http.HttpURLConnectionImpl.getInputStream(HttpURLConnectionImpl.java:168)
D/StrictMode( 7569):    at com.coship.netfirmware.downloads.HttpDownLoad.getInputStream(HttpDownLoad.java:66)
D/StrictMode( 7569):    at com.coship.netfirmware.downloads.HttpDownLoad.downfile(HttpDownLoad.java:43)
D/StrictMode( 7569):    at com.coship.netfirmware.NetFirmwareService.downFileFormService(NetFirmwareService.java:1504)
D/StrictMode( 7569):    at com.coship.netfirmware.NetFirmwareService.access$4800(NetFirmwareService.java:69)
D/StrictMode( 7569):    at com.coship.netfirmware.NetFirmwareService$6.run(NetFirmwareService.java:1147)
D/StrictMode( 7569): StrictMode policy violation: android.os.StrictMode$StrictModeNetworkViolation: policy=23 violation=4
D/StrictMode( 7569):    at android.os.StrictMode$AndroidBlockGuardPolicy.onNetwork(StrictMode.java:1105)
D/StrictMode( 7569):    at libcore.io.BlockGuardOs.recvfrom(BlockGuardOs.java:163)
D/StrictMode( 7569):    at libcore.io.IoBridge.recvfrom(IoBridge.java:503)
D/StrictMode( 7569):    at java.net.PlainSocketImpl.read(PlainSocketImpl.java:488)
D/StrictMode( 7569):    at java.net.PlainSocketImpl.access$000(PlainSocketImpl.java:46)
D/StrictMode( 7569):    at java.net.PlainSocketImpl$PlainSocketInputStream.read(PlainSocketImpl.java:240)
D/StrictMode( 7569):    at java.io.InputStream.read(InputStream.java:163)
D/StrictMode( 7569):    at java.io.BufferedInputStream.fillbuf(BufferedInputStream.java:142)
D/StrictMode( 7569):    at java.io.BufferedInputStream.read(BufferedInputStream.java:227)
D/StrictMode( 7569):    at libcore.io.Streams.readAsciiLine(Streams.java:201)
D/StrictMode( 7569):    at libcore.net.http.HttpEngine.readHeaders(HttpEngine.java:587)
D/StrictMode( 7569):    at libcore.net.http.HttpEngine.readResponseHeaders(HttpEngine.java:545)
D/StrictMode( 7569):    at libcore.net.http.HttpEngine.readResponse(HttpEngine.java:784)
D/StrictMode( 7569):    at libcore.net.http.HttpURLConnectionImpl.getResponse(HttpURLConnectionImpl.java:274)
D/StrictMode( 7569):    at libcore.net.http.HttpURLConnectionImpl.getInputStream(HttpURLConnectionImpl.java:168)
D/StrictMode( 7569):    at com.coship.netfirmware.downloads.HttpDownLoad.getInputStream(HttpDownLoad.java:66)
D/StrictMode( 7569):    at com.coship.netfirmware.downloads.HttpDownLoad.downfile(HttpDownLoad.java:43)
D/StrictMode( 7569):    at com.coship.netfirmware.NetFirmwareService.downFileFormService(NetFirmwareService.java:1504)
D/StrictMode( 7569):    at com.coship.netfirmware.NetFirmwareService.access$4800(NetFirmwareService.java:69)
D/StrictMode( 7569):    at com.coship.netfirmware.NetFirmwareService$6.run(NetFirmwareService.java:1147)
I/FileUtils( 7569): mkdirPath--->/data/data/com.coship.netfirmware/
I/FileUtils( 7569): createNewFilePath--->/data/data/com.coship.netfirmware/versioncode.dat
I/FileUtils( 7569): file--->versioncode.dat
D/StrictMode( 7569): StrictMode policy violation: android.os.StrictMode$StrictModeDiskReadViolation: policy=23 violation=2
D/StrictMode( 7569):    at android.os.StrictMode$AndroidBlockGuardPolicy.onReadFromDisk(StrictMode.java:1089)
D/StrictMode( 7569):    at libcore.io.BlockGuardOs.open(BlockGuardOs.java:106)
D/StrictMode( 7569):    at libcore.io.IoBridge.open(IoBridge.java:390)
D/StrictMode( 7569):    at java.io.FileOutputStream.<init>(FileOutputStream.java:88)
D/StrictMode( 7569):    at java.io.FileOutputStream.<init>(FileOutputStream.java:73)
D/StrictMode( 7569):    at com.coship.netfirmware.downloads.FileUtils.writeToPathFromInput(FileUtils.java:78)
D/StrictMode( 7569):    at com.coship.netfirmware.downloads.HttpDownLoad.downfile(HttpDownLoad.java:44)
D/StrictMode( 7569):    at com.coship.netfirmware.NetFirmwareService.downFileFormService(NetFirmwareService.java:1504)
D/StrictMode( 7569):    at com.coship.netfirmware.NetFirmwareService.access$4800(NetFirmwareService.java:69)
D/StrictMode( 7569):    at com.coship.netfirmware.NetFirmwareService$6.run(NetFirmwareService.java:1147)
D/StrictMode( 7569): StrictMode policy violation: android.os.StrictMode$StrictModeDiskWriteViolation: policy=23 violation=1
D/StrictMode( 7569):    at android.os.StrictMode$AndroidBlockGuardPolicy.onWriteToDisk(StrictMode.java:1063)
D/StrictMode( 7569):    at libcore.io.BlockGuardOs.write(BlockGuardOs.java:190)
D/StrictMode( 7569):    at libcore.io.IoBridge.write(IoBridge.java:447)
D/StrictMode( 7569):    at java.io.FileOutputStream.write(FileOutputStream.java:187)
D/StrictMode( 7569):    at java.io.OutputStream.write(OutputStream.java:82)
D/StrictMode( 7569):    at com.coship.netfirmware.downloads.FileUtils.writeToPathFromInput(FileUtils.java:81)
D/StrictMode( 7569):    at com.coship.netfirmware.downloads.HttpDownLoad.downfile(HttpDownLoad.java:44)
D/StrictMode( 7569):    at com.coship.netfirmware.NetFirmwareService.downFileFormService(NetFirmwareService.java:1504)
D/StrictMode( 7569):    at com.coship.netfirmware.NetFirmwareService.access$4800(NetFirmwareService.java:69)
D/StrictMode( 7569):    at com.coship.netfirmware.NetFirmwareService$6.run(NetFirmwareService.java:1147)
I/HttpDownLoad( 7569): resultFile--->/data/data/com.coship.netfirmware/versioncode.dat
D/StrictMode( 7569): StrictMode policy violation: android.os.StrictMode$StrictModeDiskReadViolation: policy=23 violation=2
D/StrictMode( 7569):    at android.os.StrictMode$AndroidBlockGuardPolicy.onReadFromDisk(StrictMode.java:1089)
D/StrictMode( 7569):    at libcore.io.BlockGuardOs.open(BlockGuardOs.java:106)
D/StrictMode( 7569):    at libcore.io.IoBridge.open(IoBridge.java:390)
D/StrictMode( 7569):    at java.io.FileInputStream.<init>(FileInputStream.java:78)
D/StrictMode( 7569):    at java.io.FileInputStream.<init>(FileInputStream.java:105)
D/StrictMode( 7569):    at com.coship.netfirmware.NetFirmwareService.getUpdateInfo(NetFirmwareService.java:1527)
D/StrictMode( 7569):    at com.coship.netfirmware.NetFirmwareService.downFileFormService(NetFirmwareService.java:1506)
D/StrictMode( 7569):    at com.coship.netfirmware.NetFirmwareService.access$4800(NetFirmwareService.java:69)
D/StrictMode( 7569):    at com.coship.netfirmware.NetFirmwareService$6.run(NetFirmwareService.java:1147)
D/StrictMode( 7569): StrictMode policy violation: android.os.StrictMode$StrictModeDiskReadViolation: policy=23 violation=2
D/StrictMode( 7569):    at android.os.StrictMode$AndroidBlockGuardPolicy.onReadFromDisk(StrictMode.java:1089)
D/StrictMode( 7569):    at libcore.io.BlockGuardOs.read(BlockGuardOs.java:148)
D/StrictMode( 7569):    at libcore.io.IoBridge.read(IoBridge.java:422)
D/StrictMode( 7569):    at java.io.FileInputStream.read(FileInputStream.java:179)
D/StrictMode( 7569):    at java.io.InputStreamReader.read(InputStreamReader.java:244)
D/StrictMode( 7569):    at java.io.BufferedReader.fillBuf(BufferedReader.java:130)
D/StrictMode( 7569):    at java.io.BufferedReader.readLine(BufferedReader.java:354)
D/StrictMode( 7569):    at com.coship.netfirmware.NetFirmwareService.getUpdateInfo(NetFirmwareService.java:1531)
D/StrictMode( 7569):    at com.coship.netfirmware.NetFirmwareService.downFileFormService(NetFirmwareService.java:1506)
D/StrictMode( 7569):    at com.coship.netfirmware.NetFirmwareService.access$4800(NetFirmwareService.java:69)
D/StrictMode( 7569):    at com.coship.netfirmware.NetFirmwareService$6.run(NetFirmwareService.java:1147)
D/StrictMode( 7569): StrictMode policy violation: android.os.StrictMode$StrictModeDiskReadViolation: policy=23 violation=2
D/StrictMode( 7569):    at android.os.StrictMode$AndroidBlockGuardPolicy.onReadFromDisk(StrictMode.java:1089)
D/StrictMode( 7569):    at libcore.io.BlockGuardOs.read(BlockGuardOs.java:148)
D/StrictMode( 7569):    at libcore.io.IoBridge.read(IoBridge.java:422)
D/StrictMode( 7569):    at java.io.FileInputStream.read(FileInputStream.java:179)
D/StrictMode( 7569):    at java.io.InputStreamReader.read(InputStreamReader.java:244)
D/StrictMode( 7569):    at java.io.BufferedReader.fillBuf(BufferedReader.java:130)
D/StrictMode( 7569):    at java.io.BufferedReader.readLine(BufferedReader.java:390)
D/StrictMode( 7569):    at com.coship.netfirmware.NetFirmwareService.getUpdateInfo(NetFirmwareService.java:1551)
D/StrictMode( 7569):    at com.coship.netfirmware.NetFirmwareService.downFileFormService(NetFirmwareService.java:1506)
D/StrictMode( 7569):    at com.coship.netfirmware.NetFirmwareService.access$4800(NetFirmwareService.java:69)
D/StrictMode( 7569):    at com.coship.netfirmware.NetFirmwareService$6.run(NetFirmwareService.java:1147)
D/StrictMode( 7569): StrictMode policy violation: android.os.StrictMode$StrictModeDiskReadViolation: policy=23 violation=2
D/StrictMode( 7569):    at android.os.StrictMode$AndroidBlockGuardPolicy.onReadFromDisk(StrictMode.java:1089)
D/StrictMode( 7569):    at libcore.io.BlockGuardOs.read(BlockGuardOs.java:148)
D/StrictMode( 7569):    at libcore.io.IoBridge.read(IoBridge.java:422)
D/StrictMode( 7569):    at java.io.FileInputStream.read(FileInputStream.java:179)
D/StrictMode( 7569):    at java.io.InputStreamReader.read(InputStreamReader.java:244)
D/StrictMode( 7569):    at java.io.BufferedReader.fillBuf(BufferedReader.java:130)
D/StrictMode( 7569):    at java.io.BufferedReader.readLine(BufferedReader.java:354)
D/StrictMode( 7569):    at com.coship.netfirmware.NetFirmwareService.getUpdateInfo(NetFirmwareService.java:1551)
D/StrictMode( 7569):    at com.coship.netfirmware.NetFirmwareService.downFileFormService(NetFirmwareService.java:1506)
D/StrictMode( 7569):    at com.coship.netfirmware.NetFirmwareService.access$4800(NetFirmwareService.java:69)
D/StrictMode( 7569):    at com.coship.netfirmware.NetFirmwareService$6.run(NetFirmwareService.java:1147)
I/NetFirmwareService( 7569): v--->211311
I/NetFirmwareService( 7569): q--->00001
I/NetFirmwareService( 7569): c--->00001
I/FileUtils( 7569): mkFilePath--->/data/data/com.coship.netfirmware/description_211311.dat
D/StrictMode( 7569): StrictMode policy violation: android.os.StrictMode$StrictModeNetworkViolation: policy=23 violation=4
D/StrictMode( 7569):    at android.os.StrictMode$AndroidBlockGuardPolicy.onNetwork(StrictMode.java:1105)
D/StrictMode( 7569):    at libcore.io.BlockGuardOs.recvfrom(BlockGuardOs.java:163)
D/StrictMode( 7569):    at libcore.io.IoBridge.recvfrom(IoBridge.java:503)
D/StrictMode( 7569):    at java.net.PlainSocketImpl.read(PlainSocketImpl.java:488)
D/StrictMode( 7569):    at java.net.PlainSocketImpl.access$000(PlainSocketImpl.java:46)
D/StrictMode( 7569):    at java.net.PlainSocketImpl$PlainSocketInputStream.read(PlainSocketImpl.java:240)
D/StrictMode( 7569):    at java.io.BufferedInputStream.fillbuf(BufferedInputStream.java:168)
D/StrictMode( 7569):    at java.io.BufferedInputStream.read(BufferedInputStream.java:227)
D/StrictMode( 7569):    at libcore.net.http.HttpConnection.isStale(HttpConnection.java:256)
D/StrictMode( 7569):    at libcore.net.http.HttpConnectionPool.get(HttpConnectionPool.java:71)
D/StrictMode( 7569):    at libcore.net.http.HttpConnection.connect(HttpConnection.java:128)
D/StrictMode( 7569):    at libcore.net.http.HttpEngine.openSocketConnection(HttpEngine.java:308)
D/StrictMode( 7569):    at libcore.net.http.HttpEngine.connect(HttpEngine.java:303)
D/StrictMode( 7569):    at libcore.net.http.HttpEngine.sendSocketRequest(HttpEngine.java:282)
D/StrictMode( 7569):    at libcore.net.http.HttpEngine.sendRequest(HttpEngine.java:232)
D/StrictMode( 7569):    at libcore.net.http.HttpURLConnectionImpl.getResponse(HttpURLConnectionImpl.java:273)
D/StrictMode( 7569):    at libcore.net.http.HttpURLConnectionImpl.getInputStream(HttpURLConnectionImpl.java:168)
D/StrictMode( 7569):    at com.coship.netfirmware.downloads.HttpDownLoad.getInputStream(HttpDownLoad.java:66)
D/StrictMode( 7569):    at com.coship.netfirmware.downloads.HttpDownLoad.downfile(HttpDownLoad.java:43)
D/StrictMode( 7569):    at com.coship.netfirmware.NetFirmwareService.downFileFormService(NetFirmwareService.java:1511)
D/StrictMode( 7569):    at com.coship.netfirmware.NetFirmwareService.access$4800(NetFirmwareService.java:69)
D/StrictMode( 7569):    at com.coship.netfirmware.NetFirmwareService$6.run(NetFirmwareService.java:1147)
D/StrictMode( 7569): StrictMode policy violation: android.os.StrictMode$StrictModeNetworkViolation: policy=23 violation=4
D/StrictMode( 7569):    at android.os.StrictMode$AndroidBlockGuardPolicy.onNetwork(StrictMode.java:1105)
D/StrictMode( 7569):    at libcore.io.BlockGuardOs.recvfrom(BlockGuardOs.java:163)
D/StrictMode( 7569):    at libcore.io.IoBridge.recvfrom(IoBridge.java:503)
D/StrictMode( 7569):    at java.net.PlainSocketImpl.read(PlainSocketImpl.java:488)
D/StrictMode( 7569):    at java.net.PlainSocketImpl.access$000(PlainSocketImpl.java:46)
D/StrictMode( 7569):    at java.net.PlainSocketImpl$PlainSocketInputStream.read(PlainSocketImpl.java:240)
D/StrictMode( 7569):    at java.io.BufferedInputStream.fillbuf(BufferedInputStream.java:168)
D/StrictMode( 7569):    at java.io.BufferedInputStream.read(BufferedInputStream.java:227)
D/StrictMode( 7569):    at libcore.io.Streams.readAsciiLine(Streams.java:201)
D/StrictMode( 7569):    at libcore.net.http.HttpEngine.readResponseHeaders(HttpEngine.java:544)
D/StrictMode( 7569):    at libcore.net.http.HttpEngine.readResponse(HttpEngine.java:784)
D/StrictMode( 7569):    at libcore.net.http.HttpURLConnectionImpl.getResponse(HttpURLConnectionImpl.java:274)
D/StrictMode( 7569):    at libcore.net.http.HttpURLConnectionImpl.getInputStream(HttpURLConnectionImpl.java:168)
D/StrictMode( 7569):    at com.coship.netfirmware.downloads.HttpDownLoad.getInputStream(HttpDownLoad.java:66)
D/StrictMode( 7569):    at com.coship.netfirmware.downloads.HttpDownLoad.downfile(HttpDownLoad.java:43)
D/StrictMode( 7569):    at com.coship.netfirmware.NetFirmwareService.downFileFormService(NetFirmwareService.java:1511)
D/StrictMode( 7569):    at com.coship.netfirmware.NetFirmwareService.access$4800(NetFirmwareService.java:69)
D/StrictMode( 7569):    at com.coship.netfirmware.NetFirmwareService$6.run(NetFirmwareService.java:1147)
I/ServiceManager( 8213): Waiting for service mstar.thirdpartytvmanager...
D/StrictMode( 7569): StrictMode policy violation: android.os.StrictMode$StrictModeNetworkViolation: policy=23 violation=4
D/StrictMode( 7569):    at android.os.StrictMode$AndroidBlockGuardPolicy.onNetwork(StrictMode.java:1105)
D/StrictMode( 7569):    at libcore.io.BlockGuardOs.recvfrom(BlockGuardOs.java:163)
D/StrictMode( 7569):    at libcore.io.IoBridge.recvfrom(IoBridge.java:503)
D/StrictMode( 7569):    at java.net.PlainSocketImpl.read(PlainSocketImpl.java:488)
D/StrictMode( 7569):    at java.net.PlainSocketImpl.access$000(PlainSocketImpl.java:46)
D/StrictMode( 7569):    at java.net.PlainSocketImpl$PlainSocketInputStream.read(PlainSocketImpl.java:240)
D/StrictMode( 7569):    at java.io.InputStream.read(InputStream.java:163)
D/StrictMode( 7569):    at java.io.BufferedInputStream.fillbuf(BufferedInputStream.java:142)
D/StrictMode( 7569):    at java.io.BufferedInputStream.read(BufferedInputStream.java:227)
D/StrictMode( 7569):    at libcore.io.Streams.readAsciiLine(Streams.java:201)
D/StrictMode( 7569):    at libcore.net.http.HttpEngine.readHeaders(HttpEngine.java:587)
D/StrictMode( 7569):    at libcore.net.http.HttpEngine.readResponseHeaders(HttpEngine.java:545)
D/StrictMode( 7569):    at libcore.net.http.HttpEngine.readResponse(HttpEngine.java:784)
D/StrictMode( 7569):    at libcore.net.http.HttpURLConnectionImpl.getResponse(HttpURLConnectionImpl.java:274)
D/StrictMode( 7569):    at libcore.net.http.HttpURLConnectionImpl.getInputStream(HttpURLConnectionImpl.java:168)
D/StrictMode( 7569):    at com.coship.netfirmware.downloads.HttpDownLoad.getInputStream(HttpDownLoad.java:66)
D/StrictMode( 7569):    at com.coship.netfirmware.downloads.HttpDownLoad.downfile(HttpDownLoad.java:43)
D/StrictMode( 7569):    at com.coship.netfirmware.NetFirmwareService.downFileFormService(NetFirmwareService.java:1511)
D/StrictMode( 7569):    at com.coship.netfirmware.NetFirmwareService.access$4800(NetFirmwareService.java:69)
D/StrictMode( 7569):    at com.coship.netfirmware.NetFirmwareService$6.run(NetFirmwareService.java:1147)
D/dalvikvm( 7569): GC_CONCURRENT freed 3261K, 76% free 2215K/9219K, paused 2ms+3ms
I/FileUtils( 7569): mkdirPath--->/data/data/com.coship.netfirmware/
I/FileUtils( 7569): createNewFilePath--->/data/data/com.coship.netfirmware/description_211311.dat
I/FileUtils( 7569): file--->description_211311.dat
D/StrictMode( 7569): StrictMode policy violation: android.os.StrictMode$StrictModeDiskReadViolation: policy=23 violation=2
D/StrictMode( 7569):    at android.os.StrictMode$AndroidBlockGuardPolicy.onReadFromDisk(StrictMode.java:1089)
D/StrictMode( 7569):    at libcore.io.BlockGuardOs.open(BlockGuardOs.java:106)
D/StrictMode( 7569):    at libcore.io.IoBridge.open(IoBridge.java:390)
D/StrictMode( 7569):    at java.io.FileOutputStream.<init>(FileOutputStream.java:88)
D/StrictMode( 7569):    at java.io.FileOutputStream.<init>(FileOutputStream.java:73)
D/StrictMode( 7569):    at com.coship.netfirmware.downloads.FileUtils.writeToPathFromInput(FileUtils.java:78)
D/StrictMode( 7569):    at com.coship.netfirmware.downloads.HttpDownLoad.downfile(HttpDownLoad.java:44)
D/StrictMode( 7569):    at com.coship.netfirmware.NetFirmwareService.downFileFormService(NetFirmwareService.java:1511)
D/StrictMode( 7569):    at com.coship.netfirmware.NetFirmwareService.access$4800(NetFirmwareService.java:69)
D/StrictMode( 7569):    at com.coship.netfirmware.NetFirmwareService$6.run(NetFirmwareService.java:1147)
D/StrictMode( 7569): StrictMode policy violation: android.os.StrictMode$StrictModeNetworkViolation: policy=23 violation=4
D/StrictMode( 7569):    at android.os.StrictMode$AndroidBlockGuardPolicy.onNetwork(StrictMode.java:1105)
D/StrictMode( 7569):    at libcore.io.BlockGuardOs.recvfrom(BlockGuardOs.java:163)
D/StrictMode( 7569):    at libcore.io.IoBridge.recvfrom(IoBridge.java:503)
D/StrictMode( 7569):    at java.net.PlainSocketImpl.read(PlainSocketImpl.java:488)
D/StrictMode( 7569):    at java.net.PlainSocketImpl.access$000(PlainSocketImpl.java:46)
D/StrictMode( 7569):    at java.net.PlainSocketImpl$PlainSocketInputStream.read(PlainSocketImpl.java:240)
D/StrictMode( 7569):    at java.io.InputStream.read(InputStream.java:163)
D/StrictMode( 7569):    at java.io.BufferedInputStream.fillbuf(BufferedInputStream.java:142)
D/StrictMode( 7569):    at java.io.BufferedInputStream.read(BufferedInputStream.java:309)
D/StrictMode( 7569):    at libcore.net.http.FixedLengthInputStream.read(FixedLengthInputStream.java:45)
D/StrictMode( 7569):    at java.io.InputStream.read(InputStream.java:163)
D/StrictMode( 7569):    at com.coship.netfirmware.downloads.FileUtils.writeToPathFromInput(FileUtils.java:80)
D/StrictMode( 7569):    at com.coship.netfirmware.downloads.HttpDownLoad.downfile(HttpDownLoad.java:44)
D/StrictMode( 7569):    at com.coship.netfirmware.NetFirmwareService.downFileFormService(NetFirmwareService.java:1511)
D/StrictMode( 7569):    at com.coship.netfirmware.NetFirmwareService.access$4800(NetFirmwareService.java:69)
D/StrictMode( 7569):    at com.coship.netfirmware.NetFirmwareService$6.run(NetFirmwareService.java:1147)
D/StrictMode( 7569): StrictMode policy violation: android.os.StrictMode$StrictModeDiskWriteViolation: policy=23 violation=1
D/StrictMode( 7569):    at android.os.StrictMode$AndroidBlockGuardPolicy.onWriteToDisk(StrictMode.java:1063)
D/StrictMode( 7569):    at libcore.io.BlockGuardOs.write(BlockGuardOs.java:190)
D/StrictMode( 7569):    at libcore.io.IoBridge.write(IoBridge.java:447)
D/StrictMode( 7569):    at java.io.FileOutputStream.write(FileOutputStream.java:187)
D/StrictMode( 7569):    at java.io.OutputStream.write(OutputStream.java:82)
D/StrictMode( 7569):    at com.coship.netfirmware.downloads.FileUtils.writeToPathFromInput(FileUtils.java:81)
D/StrictMode( 7569):    at com.coship.netfirmware.downloads.HttpDownLoad.downfile(HttpDownLoad.java:44)
D/StrictMode( 7569):    at com.coship.netfirmware.NetFirmwareService.downFileFormService(NetFirmwareService.java:1511)
D/StrictMode( 7569):    at com.coship.netfirmware.NetFirmwareService.access$4800(NetFirmwareService.java:69)
D/StrictMode( 7569):    at com.coship.netfirmware.NetFirmwareService$6.run(NetFirmwareService.java:1147)
I/HttpDownLoad( 7569): resultFile--->/data/data/com.coship.netfirmware/description_211311.dat
D/StrictMode( 7569): StrictMode policy violation: android.os.StrictMode$StrictModeDiskReadViolation: policy=23 violation=2
D/StrictMode( 7569):    at android.os.StrictMode$AndroidBlockGuardPolicy.onReadFromDisk(StrictMode.java:1089)
D/StrictMode( 7569):    at libcore.io.BlockGuardOs.open(BlockGuardOs.java:106)
D/StrictMode( 7569):    at libcore.io.IoBridge.open(IoBridge.java:390)
D/StrictMode( 7569):    at java.io.FileInputStream.<init>(FileInputStream.java:78)
D/StrictMode( 7569):    at java.io.FileInputStream.<init>(FileInputStream.java:105)
D/StrictMode( 7569):    at com.coship.netfirmware.NetFirmwareService.getUpdateInfo(NetFirmwareService.java:1527)
D/StrictMode( 7569):    at com.coship.netfirmware.NetFirmwareService.downFileFormService(NetFirmwareService.java:1512)
D/StrictMode( 7569):    at com.coship.netfirmware.NetFirmwareService.access$4800(NetFirmwareService.java:69)
D/StrictMode( 7569):    at com.coship.netfirmware.NetFirmwareService$6.run(NetFirmwareService.java:1147)
D/StrictMode( 7569): StrictMode policy violation: android.os.StrictMode$StrictModeDiskReadViolation: policy=23 violation=2
D/StrictMode( 7569):    at android.os.StrictMode$AndroidBlockGuardPolicy.onReadFromDisk(StrictMode.java:1089)
D/StrictMode( 7569):    at libcore.io.BlockGuardOs.read(BlockGuardOs.java:148)
D/StrictMode( 7569):    at libcore.io.IoBridge.read(IoBridge.java:422)
D/StrictMode( 7569):    at java.io.FileInputStream.read(FileInputStream.java:179)
D/StrictMode( 7569):    at java.io.InputStreamReader.read(InputStreamReader.java:244)
D/StrictMode( 7569):    at java.io.BufferedReader.fillBuf(BufferedReader.java:130)
D/StrictMode( 7569):    at java.io.BufferedReader.readLine(BufferedReader.java:354)
D/StrictMode( 7569):    at com.coship.netfirmware.NetFirmwareService.getUpdateInfo(NetFirmwareService.java:1531)
D/StrictMode( 7569):    at com.coship.netfirmware.NetFirmwareService.downFileFormService(NetFirmwareService.java:1512)
D/StrictMode( 7569):    at com.coship.netfirmware.NetFirmwareService.access$4800(NetFirmwareService.java:69)
D/StrictMode( 7569):    at com.coship.netfirmware.NetFirmwareService$6.run(NetFirmwareService.java:1147)
D/StrictMode( 7569): StrictMode policy violation: android.os.StrictMode$StrictModeDiskReadViolation: policy=23 violation=2
D/StrictMode( 7569):    at android.os.StrictMode$AndroidBlockGuardPolicy.onReadFromDisk(StrictMode.java:1089)
D/StrictMode( 7569):    at libcore.io.BlockGuardOs.read(BlockGuardOs.java:148)
D/StrictMode( 7569):    at libcore.io.IoBridge.read(IoBridge.java:422)
D/StrictMode( 7569):    at java.io.FileInputStream.read(FileInputStream.java:179)
D/StrictMode( 7569):    at java.io.InputStreamReader.read(InputStreamReader.java:244)
D/StrictMode( 7569):    at java.io.BufferedReader.fillBuf(BufferedReader.java:130)
D/StrictMode( 7569):    at java.io.BufferedReader.readLine(BufferedReader.java:390)
D/StrictMode( 7569):    at com.coship.netfirmware.NetFirmwareService.getUpdateInfo(NetFirmwareService.java:1551)
D/StrictMode( 7569):    at com.coship.netfirmware.NetFirmwareService.downFileFormService(NetFirmwareService.java:1512)
D/StrictMode( 7569):    at com.coship.netfirmware.NetFirmwareService.access$4800(NetFirmwareService.java:69)
D/StrictMode( 7569):    at com.coship.netfirmware.NetFirmwareService$6.run(NetFirmwareService.java:1147)
D/StrictMode( 7569): StrictMode policy violation: android.os.StrictMode$StrictModeDiskReadViolation: policy=23 violation=2
D/StrictMode( 7569):    at android.os.StrictMode$AndroidBlockGuardPolicy.onReadFromDisk(StrictMode.java:1089)
D/StrictMode( 7569):    at libcore.io.BlockGuardOs.read(BlockGuardOs.java:148)
D/StrictMode( 7569):    at libcore.io.IoBridge.read(IoBridge.java:422)
D/StrictMode( 7569):    at java.io.FileInputStream.read(FileInputStream.java:179)
D/StrictMode( 7569):    at java.io.InputStreamReader.read(InputStreamReader.java:244)
D/StrictMode( 7569):    at java.io.BufferedReader.fillBuf(BufferedReader.java:130)
D/StrictMode( 7569):    at java.io.BufferedReader.readLine(BufferedReader.java:354)
D/StrictMode( 7569):    at com.coship.netfirmware.NetFirmwareService.getUpdateInfo(NetFirmwareService.java:1535)
D/StrictMode( 7569):    at com.coship.netfirmware.NetFirmwareService.downFileFormService(NetFirmwareService.java:1512)
D/StrictMode( 7569):    at com.coship.netfirmware.NetFirmwareService.access$4800(NetFirmwareService.java:69)
D/StrictMode( 7569):    at com.coship.netfirmware.NetFirmwareService$6.run(NetFirmwareService.java:1147)
I/NetFirmwareService( 7569): packageSize--->203078416
I/NetFirmwareService( 7569): MD5--->9fdbef1aaa66251c79dc139abb837520
V/NetFirmwareService( 7569): MSG_LOAD_DAT_STATUS_mNetUpdate--->true
D/NetFirmwareService( 7569): Network Connection Success!
D/NetFirmwareService( 7569): Upgrade File Load Success!
D/NetFirmwareService( 7569): serverURL = www.stp_firmware.coship.com
D/NetFirmwareService( 7569): CheckUpgradeTimer mCheckTime = 5
D/NetFirmwareService( 7569): startTimer
D/NetFirmwareService( 7569): removeTimer
D/dalvikvm( 7333): GC_CONCURRENT freed 573K, 57% free 3414K/7939K, paused 1ms+3ms
D/CheckNetWork( 7904): isOk true
D/CheckNetWork( 7904): ActInfoNetworkInfo: type: WIFI[], state: CONNECTED/CONNECTED, reason: (unspecified), extra: (none), roaming: false, failover: false, isAvailable: true
D/CheckNetWork( 7904): infoNetworkInfo: type: WIFI[], state: CONNECTED/CONNECTED, reason: (unspecified), extra: (none), roaming: false, failover: false, isAvailable: true
I/ServiceManager( 8213): Waiting for service mstar.thirdpartytvmanager...
D/MonitorCw880( 7831): currentRemoteHost is null ,continue
I/ServiceManager( 8213): Waiting for service mstar.thirdpartytvmanager...
I/ServiceManager( 8213): Waiting for service mstar.thirdpartytvmanager...
D/HomePlayerLib( 7917): hostaddress count is 1
D/dalvikvm( 7917): GC_CONCURRENT freed 1922K, 46% free 7248K/13251K, paused 4ms+3ms
I/ServiceManager( 8213): Waiting for service mstar.thirdpartytvmanager...
D/dalvikvm( 7452): GC_CONCURRENT freed 496K, 59% free 2992K/7235K, paused 6ms+2ms
D/NetFirmwareService( 7569): MSG_CREATE_CHECK_THREAD
D/NetFirmwareService( 7569): MSG_CHECK_UPGRADE
D/NetFirmwareService( 7569): Download URL = http://update.feifeikan.com/Fbox/002102/versioncode.dat
D/NetFirmwareService( 7569): Save file in path = /data/data/com.coship.netfirmware/versionCode.dat
D/NetFirmwareService( 7569): Set download thread number = 2
D/dalvikvm( 7569): GC_CONCURRENT freed 468K, 76% free 2230K/9219K, paused 2ms+2ms
D/DownloadTask( 7569): server accept range
D/dalvikvm( 7569): GC_FOR_ALLOC freed 302K, 76% free 2265K/9219K, paused 21ms
I/ServiceManager( 8213): Waiting for service mstar.thirdpartytvmanager...
D/dalvikvm( 7569): GC_CONCURRENT freed <1K, 70% free 2778K/9219K, paused 2ms+2ms
D/NetFirmwareService( 7569): ret--->true
D/NetFirmwareService( 7569): DownloadConstants.TASK_STATUS_RUNNING
D/NetFirmwareService( 7569): MSG_VER_CODE_STATUS_CHANGE
D/NetFirmwareService( 7569): MSG_VER_CODE_STATUS_CHANGE
D/DownloadXpress( 7569): filePart0 final status: 491
D/dalvikvm( 7569): GC_CONCURRENT freed 177K, 65% free 3264K/9219K, paused 3ms+2ms
D/DownloadXpress( 7569): filePart1 final status: 491
W/DownloadTask( 7569): There has a file named /data/data/com.coship.netfirmware/versionCode.dat already
D/NetFirmwareService( 7569): DownloadConstants.TASK_STATUS_COMPLETED
D/NetFirmwareService( 7569): MSG_VER_CODE_STATUS_CHANGE
D/NetFirmwareService( 7569): MSG_CHECK_VERSION_CODE
D/NetFirmwareService( 7569): checkVersionCode
D/NetFirmwareService( 7569): analysisVersionCodeData
I/NetFirmwareService( 7569): mVersionCodeFile--->49
D/NetFirmwareService( 7569): verCode = 211311
D/NetFirmwareService( 7569): Description URL = null
D/NetFirmwareService( 7569): MSG_GET_DESCRIPTION
D/NetFirmwareService( 7569): Download URL = http://update.feifeikan.com/Fbox/002102/description_211311.dat
D/NetFirmwareService( 7569): Save file in path = /data/data/com.coship.netfirmware/description.dat
D/NetFirmwareService( 7569): Set download thread number = 2
D/DownloadTask( 7569): server accept range
D/dalvikvm( 7569): GC_FOR_ALLOC freed 700K, 65% free 3296K/9219K, paused 22ms
D/dalvikvm( 7569): GC_FOR_ALLOC freed <1K, 59% free 3808K/9219K, paused 20ms
D/NetFirmwareService( 7569): MSG_DESCRIPT_STATUS_CHANGE
D/NetFirmwareService( 7569): MSG_DESCRIPT_STATUS_CHANGE
D/DownloadXpress( 7569): filePart1 final status: 491
D/DownloadXpress( 7569): filePart0 final status: 491
I/ServiceManager( 8213): Waiting for service mstar.thirdpartytvmanager...
W/DownloadTask( 7569): There has a file named /data/data/com.coship.netfirmware/description.dat already
D/NetFirmwareService( 7569): DownloadConstants.TASK_STATUS_COMPLETED
D/NetFirmwareService( 7569): MSG_DESCRIPT_STATUS_CHANGE
D/dalvikvm( 7569): GC_CONCURRENT freed 1572K, 65% free 3252K/9219K, paused 2ms+2ms
D/NetFirmwareService( 7569): MSG_CHECK_DESCRIPTION
D/DescriptionInfo( 7569): version=p7373.i13111_2013-03-18
D/DescriptionInfo( 7569): versionCode=211311
D/DescriptionInfo( 7569): compatibleDevice=002102
D/DescriptionInfo( 7569): sn=
D/DescriptionInfo( 7569): mac=
D/DescriptionInfo( 7569): updateType=notify
D/DescriptionInfo( 7569): speed=0
D/DescriptionInfo( 7569): checkTime=0
D/DescriptionInfo( 7569): packageSize=203078416
D/DescriptionInfo( 7569): md5=9fdbef1aaa66251c79dc139abb837520
D/DescriptionInfo( 7569): packageUrl=
D/DescriptionInfo( 7569): version code = 211311
D/DescriptionInfo( 7569): machine id = 0
D/DescriptionInfo( 7569): hardware id = 0
D/DescriptionInfo( 7569): update package size = 203078416
D/NetFirmwareService( 7569): The description info is valid
D/NetFirmwareService( 7569): The description version code = 211311
D/NetFirmwareService( 7569): The description machine ID = 0
D/NetFirmwareService( 7569): The description hardware ID = 0
V/NetFirmwareService( 7569): .datNum != PcNum
D/MonitorCw880( 7831): currentRemoteHost is null ,continue
I/ServiceManager( 8213): Waiting for service mstar.thirdpartytvmanager...
I/ServiceManager( 8213): Waiting for service mstar.thirdpartytvmanager...
I/ServiceManager( 8213): Waiting for service mstar.thirdpartytvmanager...
I/ServiceManager( 8213): Waiting for service mstar.thirdpartytvmanager...
I/ServiceManager( 8213): Waiting for service mstar.thirdpartytvmanager...
D/MonitorCw880( 7831): currentRemoteHost is null ,continue
[ 4586.538491] ship.stpservice: unhandled page fault (11) at 0x00000018, code 0x017
E/dapi_getservice( 8213):  Get ThirdPartyTvManager Fail 
F/libc    ( 8213): Fatal signal 11 (SIGSEGV) at 0x00000018 (code=1)
[ 4586.846534] ship.stpservice: unhandled page fault (11) at 0x00000018, code 0x017
I/DEBUG   ( 6451): *** *** *** *** *** *** *** *** *** *** *** *** *** *** *** ***
I/DEBUG   ( 6451): Build fingerprint: 'MStar/full_mstaramber3box/mstaramber3box:4.0.4/IMM76I/V1.0.0.0:eng/test-keys'
I/DEBUG   ( 6451): pid: 8213, tid: 8213  >>> com.coship.stpservice <<<
I/DEBUG   ( 6451): signal 11 (SIGSEGV), code 1 (SEGV_MAPERR), fault addr 00000018
I/DEBUG   ( 6451):  r0 00000000  r1 000d4088  r2 00000000  r3 00000001
I/DEBUG   ( 6451):  r4 00000000  r5 00000764  r6 00000000  r7 5be45994
I/DEBUG   ( 6451):  r8 beca8594  r9 56ef4d34  10 00000008  fp beca85f4
I/DEBUG   ( 6451):  ip 5be44550  sp beca8588  lr 5be08ee4  pc 5bee8f88  cpsr 60000030
I/DEBUG   ( 6451):  d0  45535f697041443d  d1  495f4853414c4620
I/DEBUG   ( 6451):  d2  616c66702074694e  d3  3d207672735f6855
I/DEBUG   ( 6451):  d4  004d006500630069  d5  00670061006e0061
I/DEBUG   ( 6451):  d6  0000000000720065  d7  0000003100000019
I/DEBUG   ( 6451):  d8  0000000000000000  d9  0000000000000000
I/DEBUG   ( 6451):  d10 0000000000000000  d11 0000000000000000
I/DEBUG   ( 6451):  d12 0000000000000000  d13 0000000000000000
I/DEBUG   ( 6451):  d14 0000000000000000  d15 0000000000000000
I/DEBUG   ( 6451):  d16 0000000000000000  d17 0000000000000000
I/DEBUG   ( 6451):  d18 0707070703030303  d19 0000000000000000
I/DEBUG   ( 6451):  d20 0100010001000100  d21 0100010001000100
I/DEBUG   ( 6451):  d22 0000000000000000  d23 0000000000000000
I/DEBUG   ( 6451):  d24 0000000000000000  d25 0000000000000000
I/DEBUG   ( 6451):  d26 0067006700670067  d27 0067006700670067
I/DEBUG   ( 6451):  d28 0067006700670067  d29 0067006700670067
I/DEBUG   ( 6451):  d30 0067000000610000  d31 00730000006d0000
I/DEBUG   ( 6451):  scr 60000012
I/DEBUG   ( 6451): 
I/DEBUG   ( 6451):          #00  pc 00011f88  /system/lib/libthirdpartytvmanager.so (_ZN19ThirdPartyTvManager15DtvSPIFlashInitEv)
I/DEBUG   ( 6451):          #01  pc 00016ee0  /system/lib/libporting.so (DApi_SERFLASH_Init)
I/DEBUG   ( 6451):          #02  pc 0002a068  /system/lib/libporting.so (msapi_flash_init)
I/DEBUG   ( 6451):          #03  pc 00000b3c  /system/lib/libstpjni.so
I/DEBUG   ( 6451):          #04  pc 0001ec70  /system/lib/libdvm.so (dvmPlatformInvoke)
I/DEBUG   ( 6451):          #05  pc 00059004  /system/lib/libdvm.so (_Z16dvmCallJNIMethodPKjP6JValuePK6MethodP6Thread)
I/DEBUG   ( 6451): 
