I/aglSystem.Resources(11240): [3.3388:0.0041] [Info in cResources::_DoOpen]: (modules/aglSystem/src/Resources.cpp:710)
I/aglSystem.Resources(11240): 'scripts/physics.aq' opened from the '/system/app/huashu_rom3.27.apk' data file.
I/aglSystem.ScriptAutomation(11240): [3.3399:0.0011] [Info in std_import]: (modules/aglSystem/src/ScriptAutomation.cpp:294)
I/aglSystem.ScriptAutomation(11240): aglScript-Import: agl script 'physics.aq' imported in the root table.
W/aglSystem.ScriptAutomation(11240): [3.3406:0.0007] [Warning in SQSharedState::GetInterfaceDelegate]: (modules/aglSystem/src/ScriptAutomation.cpp:652)
W/aglSystem.ScriptAutomation(11240): Method 'iCommandLine::GetOptionValueAt' is a property getter but takes more than one parameter, property getter wont be registered !
I/aglSystem.ScriptAutomation(11240): [3.3414:0.0008] [Info in std_import]: (modules/aglSystem/src/ScriptAutomation.cpp:294)
I/aglSystem.ScriptAutomation(11240): aglScript-Import: agl script 'kronos_app.aq' imported in the root table.
V/aglSendDebugString(11240): --- APP STARTUP BEGIN: Android, isEmbedded: 1 ---
I/aglSystem.Resources(11240): [3.3454:0.0040] [Info in cResources::_DoOpen]: (modules/aglSystem/src/Resources.cpp:710)
I/aglSystem.Resources(11240): 'assets/config.aq' opened from the '/system/app/huashu_rom3.27.apk' data file.
I/aglSystem.Resources(11240): [3.3499:0.0045] [Info in cResources::_DoOpen]: (modules/aglSystem/src/Resources.cpp:710)
I/aglSystem.Resources(11240): 'scripts/app_config.aq' opened from the '/system/app/huashu_rom3.27.apk' data file.
I/aglSystem.ScriptAutomation(11240): [3.3527:0.0028] [Info in std_import]: (modules/aglSystem/src/ScriptAutomation.cpp:291)
I/aglSystem.ScriptAutomation(11240): aglScript-Import: agl script 'app_config.aq' imported in a custom table.
I/aglSystem.ScriptAutomation(11240): [3.3532:0.0005] [Info in std_import]: (modules/aglSystem/src/ScriptAutomation.cpp:291)
I/aglSystem.ScriptAutomation(11240): aglScript-Import: agl script 'config.aq' imported in a custom table.
I/aglSystem.Resources(11240): [3.3541:0.0009] [Info in cResources::_AddSource]: (modules/aglSystem/src/Resources.cpp:155)
I/aglSystem.Resources(11240): Added a reference to source 'data/' !
I/aglSystem.Resources(11240): [3.3543:0.0003] [Info in cResources::_AddSource]: (modules/aglSystem/src/Resources.cpp:155)
I/aglSystem.Resources(11240): Added a reference to source 'scripts/' !
V/aglSendDebugString(11240): --- Get Existing Objects ---
V/aglSendDebugString(11240): --- KronosApp startup ---
D/com.ts.gaya.coship.MainActivity(11240): Loading GPK from '/data/data/com.ts.gaya.coship/app_appdata//AppleTV_Wasu.gpk'.
W/com.ts.gaya.coship.MainActivity(11240):     at com.ts.gaya.coship.MainActivity.onStartup(MainActivity.java:342)
D/dalvikvm(11240): GC_FOR_ALLOC freed 846K, 56% free 5552K/12611K, paused 27ms
E/InputQueue-JNI(11240): channel '4161aeb0 com.ts.gaya.coship/com.ts.gaya.coship.MainActivity (client)' ~ Publisher closed input channel or an error occurred.  events=0x8
I/Zygote  (10938): Exit zygote because system server (10966) has terminated
I/ServiceManager(  732): service 'media.audio_flinger' died
I/ServiceManager(  732): service 'media.player' died
I/ServiceManager(  732): service 'media.camera' died
I/ServiceManager(  732): service 'media.audio_policy' died
I/Netd    (11408): Netd 1.0 starting
E/Netd    (11408): Unable to create netlink socket: Protocol not supported
E/Netd    (11408): Unable to open quota2 logging socket
D/AndroidRuntime(11409): 
D/AndroidRuntime(11409): >>>>>> AndroidRuntime START com.android.internal.os.ZygoteInit <<<<<<
D/AndroidRuntime(11409): CheckJNI is ON
I/        (11407): ServiceManager: 0xfdc8
E/audio_hw_btsco(11407): open btsco device
E/AudioFlinger(11407): couldn't open audio hw device in audio.btsco (Success)
I/AudioFlinger(11407): Loaded btsco audio interface from Default audio HW HAL (audio)
I/AudioFlinger(11407): Using 'Default audio HW HAL' (audio.btsco) as the primary audio interface
V/audio_hw_primary(11407): 
V/audio_hw_primary(11407): adev_open -------------------- build Mar 28 2013 12:07:51
E/AudioFlinger(11407): couldn't open audio hw device in audio.primary (Success)
I/AudioFlinger(11407): Loaded primary audio interface from MStar audio HW HAL (audio)
E/AudioFlinger(11407): couldn't open audio hw device in audio.a2dp (Success)
I/AudioFlinger(11407): Loaded a2dp audio interface from A2DP Audio HW HAL (audio)
I/CameraService(11407): CameraService started (pid=11407)
V/audio_hw_primary(11407): adev_open_output_stream dev:2 fmt/chn/sr 0 0 0
V/audio_hw_primary(11407): adev_open_output_stream: Open PCM_OUT ch/sr/fmt 2/44100/0, ps/pc 1024/4
I/tinyalsa(11407): open /dev/snd/pcmC0D0p in Block mode
V/audio_hw_primary(11407): out_get_buffer_size:10ms=1024 frame, should 16 align!
V/audio_hw_primary(11407): out_get_latency ret 10ms
V/audio_hw_primary(11407): out_get_latency ret 10ms
I/AudioFlinger(11407): AudioFlinger's thread 0x21360 ready to run
V/audio_hw_primary(11407): out_get_latency ret 10ms
W/AudioFlinger(11407): Thread AudioOut_1 cannot connect to the power manager service
V/audio_hw_primary(11407): out_set_parameters: routing=2
I/AudioPolicyService(11407): Loaded audio policy from LEGACY Audio Policy HAL (audio_policy)
I/ethernet(11409): Loading ethernet jni class
I/SamplingProfilerIntegration(11409): Profiling disabled.
D/dalvikvm(11409): GC_EXPLICIT freed 27K, 91% free 406K/4096K, paused 0ms+1ms
D/dalvikvm(11409): GC_EXPLICIT freed 1K, 91% free 405K/4096K, paused 0ms+0ms
D/dalvikvm(11409): GC_EXPLICIT freed <1K, 91% free 405K/4096K, paused 0ms+0ms
I/dalvikvm(11409): System server process 11435 has been created
I/Zygote  (11409): Accepting command socket connections
E/BatteryService(11435): acOnlinePath not found
E/BatteryService(11435): usbOnlinePath not found
E/BatteryService(11435): batteryStatusPath not found
E/BatteryService(11435): batteryHealthPath not found
E/BatteryService(11435): batteryPresentPath not found
E/BatteryService(11435): batteryCapacityPath not found
E/BatteryService(11435): batteryVoltagePath not found
E/BatteryService(11435): batteryTemperaturePath not found
E/BatteryService(11435): batteryTechnologyPath not found
I/sysproc (11435): Entered system_init()
I/sysproc (11435): ServiceManager: 0xe1c98
D/SensorService(11435): nuSensorService starting...
I/SensorService(11435): Goldfish 3-axis Accelerometer
I/SensorService(11435): Goldfish 3-axis Magnetic field sensor
I/SensorService(11435): Goldfish Orientation sensor
I/SensorService(11435): Goldfish Temperature sensor
I/sysproc (11435): System server: starting Android runtime.
I/sysproc (11435): System server: starting Android services.
I/SystemServer(11435): Entered the Android system server!
D/SensorService(11435): nuSensorService thread starting...
I/sysproc (11435): System server: entering thread pool.
I/SystemServer(11435): Entropy Service
I/SystemServer(11435): Power Manager
W/wpa_supplicant( 9988): wlan0: Failed to initiate AP scan
D/dalvikvm(11435): GC_CONCURRENT freed 149K, 86% free 646K/4483K, paused 1ms+1ms
I/SystemServer(11435): Activity Manager
I/ActivityManager(11435): Memory class: 64
D/dalvikvm(11435): GC_CONCURRENT freed 206K, 83% free 851K/4803K, paused 1ms+1ms
I/SystemServer(11435): Telephony Registry
I/ActivityManager(11435): Enabled StrictMode logging for AThread's Looper
I/SystemServer(11435): Package Manager
D/dalvikvm(11435): GC_CONCURRENT freed 240K, 80% free 1009K/4995K, paused 1ms+1ms
E/StrictMode(11435): A resource was acquired at attached stack trace but never released. See java.io.Closeable for information on avoiding resource leaks.
E/StrictMode(11435): java.lang.Throwable: Explicit termination method 'close' not called
E/StrictMode(11435):    at dalvik.system.CloseGuard.open(CloseGuard.java:184)
E/StrictMode(11435):    at java.io.FileInputStream.<init>(FileInputStream.java:80)
E/StrictMode(11435):    at com.android.server.pm.UserManager.readUserList(UserManager.java:114)
E/StrictMode(11435):    at com.android.server.pm.UserManager.<init>(UserManager.java:81)
E/StrictMode(11435):    at com.android.server.pm.UserManager.<init>(UserManager.java:85)
E/StrictMode(11435):    at com.android.server.pm.PackageManagerService.<init>(PackageManagerService.java:923)
E/StrictMode(11435):    at com.android.server.pm.PackageManagerService.main(PackageManagerService.java:833)
E/StrictMode(11435):    at com.android.server.ServerThread.run(SystemServer.java:167)
D/StrictMode(11435): No activity manager; failed to Dropbox violation.
D/dalvikvm(11435): GC_CONCURRENT freed 456K, 82% free 987K/5251K, paused 1ms+1ms
D/dhcpcd  (11313): sending ARP announce (2 of 2)
D/dalvikvm(11435): GC_CONCURRENT freed 264K, 79% free 1108K/5251K, paused 1ms+1ms
W/PackageManager(11435): Running ENG build: no pre-dexopt!
W/PackageManager(11435): Library not found: /system/framework/com.android.future.usb.accessory.jar
D/dhcpcd  (11313): renew in 302396 seconds
W/PackageParser(11435): No actions in intent filter at /system/app/Bluetooth.apk Binary XML file line #125
I/PackageParser(11435): com.coship.HS: compat added android.permission.WRITE_EXTERNAL_STORAGE android.permission.READ_PHONE_STATE
W/PackageParser(11435): No actions in intent filter at /system/app/Contacts.apk Binary XML file line #525
D/dalvikvm(11435): GC_CONCURRENT freed 139K, 74% free 1366K/5251K, paused 1ms+1ms
W/PackageParser(11435): No actions in intent filter at /system/app/Coship_VAF.apk Binary XML file line #58
I/PackageParser(11435): com.coship.cw880: compat added android.permission.WRITE_EXTERNAL_STORAGE android.permission.READ_PHONE_STATE
D/dalvikvm(11435): GC_CONCURRENT freed 190K, 72% free 1571K/5507K, paused 1ms+2ms
W/PackageParser(11435): Problem in package /system/app/STB-Settings.apk:
W/PackageParser(11435): Unknown element under <activity>: data at /system/app/STB-Settings.apk Binary XML file line #145
W/PackageParser(11435): Problem in package /system/app/STB-Settings.apk:
W/PackageParser(11435): Unknown element under <activity>: action at /system/app/STB-Settings.apk Binary XML file line #231
W/PackageParser(11435): Problem in package /system/app/STB-Settings.apk:
W/PackageParser(11435): Unknown element under <activity>: action at /system/app/STB-Settings.apk Binary XML file line #232
W/PackageParser(11435): Problem in package /system/app/STB-Settings.apk:
W/PackageParser(11435): Unknown element under <activity>: action at /system/app/STB-Settings.apk Binary XML file line #289
W/PackageParser(11435): Problem in package /system/app/STB-Settings.apk:
W/PackageParser(11435): Unknown element under <activity>: action at /system/app/STB-Settings.apk Binary XML file line #393
W/PackageParser(11435): Problem in package /system/app/STB-Settings.apk:
W/PackageParser(11435): Unknown element under <activity>: action at /system/app/STB-Settings.apk Binary XML file line #394
W/PackageParser(11435): No actions in intent filter at /system/app/TZ_MST6A801_SDK4.0_WasuTV4ICS_Release_1.0.0.39_201302012009.apk Binary XML file line #134
W/PackageParser(11435): No actions in intent filter at /system/app/TZ_MST6A801_SDK4.0_WasuTV4ICS_Release_1.0.0.39_201302012009.apk Binary XML file line #147
W/PackageParser(11435): No actions in intent filter at /system/app/TZ_MST6A801_SDK4.0_WasuTV4ICS_Release_1.0.0.39_201302012009.apk Binary XML file line #154
W/PackageParser(11435): No actions in intent filter at /system/app/TZ_MST6A801_SDK4.0_WasuTV4ICS_Release_1.0.0.39_201302012009.apk Binary XML file line #225
W/PackageParser(11435): No actions in intent filter at /system/app/TZ_MST6A801_SDK4.0_WasuTV4ICS_Release_1.0.0.39_201302012009.apk Binary XML file line #245
W/PackageParser(11435): No actions in intent filter at /system/app/TZ_MST6A801_SDK4.0_WasuTV4ICS_Release_1.0.0.39_201302012009.apk Binary XML file line #254
W/PackageParser(11435): No actions in intent filter at /system/app/TZ_MST6A801_SDK4.0_WasuTV4ICS_Release_1.0.0.39_201302012009.apk Binary XML file line #262
W/PackageParser(11435): No actions in intent filter at /system/app/TZ_MST6A801_SDK4.0_WasuTV4ICS_Release_1.0.0.39_201302012009.apk Binary XML file line #270
W/PackageParser(11435): No actions in intent filter at /system/app/TZ_MST6A801_SDK4.0_WasuTV4ICS_Release_1.0.0.39_201302012009.apk Binary XML file line #279
W/PackageParser(11435): No actions in intent filter at /system/app/TZ_MST6A801_SDK4.0_WasuTV4ICS_Release_1.0.0.39_201302012009.apk Binary XML file line #287
W/PackageParser(11435): No actions in intent filter at /system/app/TZ_MST6A801_SDK4.0_WasuTV4ICS_Release_1.0.0.39_201302012009.apk Binary XML file line #296
W/PackageParser(11435): No actions in intent filter at /system/app/TZ_MST6A801_SDK4.0_WasuTV4ICS_Release_1.0.0.39_201302012009.apk Binary XML file line #305
I/PackageParser(11435): com.iflytek.vaf.TouchKey: compat added android.permission.WRITE_EXTERNAL_STORAGE android.permission.READ_PHONE_STATE
W/PackageParser(11435): No actions in intent filter at /system/app/com.coship.Multimedia.apk Binary XML file line #97
W/PackageParser(11435): No actions in intent filter at /system/app/com.coship.Multimedia.apk Binary XML file line #104
I/PackageParser(11435): com.coship.Multimedia: compat added android.permission.READ_PHONE_STATE
W/PackageParser(11435): No actions in intent filter at /system/app/com.coship.NetworkNavigation.apk Binary XML file line #24
W/PackageParser(11435): No actions in intent filter at /system/app/com.coship.NetworkNavigation.apk Binary XML file line #31
W/PackageParser(11435): No actions in intent filter at /system/app/com.coship.NetworkNavigation.apk Binary XML file line #38
W/PackageParser(11435): No actions in intent filter at /system/app/com.coship.NetworkNavigation.apk Binary XML file line #45
W/PackageParser(11435): No actions in intent filter at /system/app/com.coship.NetworkNavigation.apk Binary XML file line #52
I/PackageParser(11435): com.coship.dvbplayer: compat added android.permission.READ_PHONE_STATE
D/dalvikvm(11435): GC_CONCURRENT freed 272K, 70% free 1746K/5763K, paused 0ms+2ms
W/PackageParser(11435): No actions in intent filter at /system/app/com.coship.dvbsetting.apk Binary XML file line #102
W/PackageParser(11435): No actions in intent filter at /system/app/com.coship.dvbsetting.apk Binary XML file line #110
W/PackageParser(11435): No actions in intent filter at /system/app/com.coship.dvbsetting.apk Binary XML file line #118
W/PackageParser(11435): No actions in intent filter at /system/app/com.coship.dvbsetting.apk Binary XML file line #126
W/PackageParser(11435): No actions in intent filter at /system/app/com.coship.dvbsetting.apk Binary XML file line #134
W/PackageParser(11435): No actions in intent filter at /system/app/com.coship.dvbsetting.apk Binary XML file line #140
W/PackageParser(11435): No actions in intent filter at /system/app/com.coship.dvbsetting.apk Binary XML file line #154
W/PackageParser(11435): No actions in intent filter at /system/app/com.coship.dvbsetting.apk Binary XML file line #162
W/PackageParser(11435): No actions in intent filter at /system/app/com.coship.dvbsetting.apk Binary XML file line #171
W/PackageParser(11435): No actions in intent filter at /system/app/com.coship.dvbsetting.apk Binary XML file line #179
W/PackageParser(11435): No actions in intent filter at /system/app/com.coship.dvbsetting.apk Binary XML file line #186
W/PackageParser(11435): No actions in intent filter at /system/app/com.coship.dvbsetting.apk Binary XML file line #194
W/PackageParser(11435): No actions in intent filter at /system/app/com.coship.dvbsetting.apk Binary XML file line #201
W/PackageParser(11435): No actions in intent filter at /system/app/com.coship.dvbsetting.apk Binary XML file line #209
W/PackageParser(11435): No actions in intent filter at /system/app/com.coship.dvbsetting.apk Binary XML file line #216
W/PackageParser(11435): No actions in intent filter at /system/app/com.coship.dvbsetting.apk Binary XML file line #222
W/PackageParser(11435): No actions in intent filter at /system/app/com.coship.dvbsetting.apk Binary XML file line #229
W/PackageParser(11435): No actions in intent filter at /system/app/com.coship.dvbsetting.apk Binary XML file line #235
I/PackageParser(11435): com.coship.dvbsetting: compat added android.permission.READ_PHONE_STATE
W/PackageManager(11435): Unable to update from com.android.settings to com.coship.dvbsetting: old package still exists
W/PackageParser(11435): No actions in intent filter at /system/app/com.coship.netfirmware.apk Binary XML file line #36
W/PackageParser(11435): No actions in intent filter at /system/app/com.coship.startwizard.apk Binary XML file line #39
W/PackageParser(11435): No actions in intent filter at /system/app/com.coship.startwizard.apk Binary XML file line #46
W/PackageParser(11435): No actions in intent filter at /system/app/com.coship.startwizard.apk Binary XML file line #53
W/PackageParser(11435): No actions in intent filter at /system/app/com.coship.startwizard.apk Binary XML file line #60
W/PackageParser(11435): No actions in intent filter at /system/app/com.coship.startwizard.apk Binary XML file line #67
W/PackageParser(11435): No actions in intent filter at /system/app/com.coship.startwizard.apk Binary XML file line #74
W/PackageParser(11435): No actions in intent filter at /system/app/com.coship.startwizard.apk Binary XML file line #81
W/PackageParser(11435): No actions in intent filter at /system/app/com.coship.startwizard.apk Binary XML file line #88
W/PackageParser(11435): No actions in intent filter at /system/app/com.coship.startwizard.apk Binary XML file line #95
W/PackageParser(11435): No actions in intent filter at /system/app/com.coship.startwizard.apk Binary XML file line #103
D/PackageManager(11435): No files in app dir /vendor/app
I/installd(  741): new connection
I/Installer(11435): connecting...
I/PackageManager(11435): Time to scan packages: 0.52 seconds
W/PackageManager(11435): Unknown permission android.permission.APPWIDGET_LIST in package com.iflytek.vaf
W/PackageManager(11435): Unknown permission android.permission.APPWIDGET_LIST in package com.biaoqi.stbwidget.host
W/PackageManager(11435): Unknown permission android.permission.APPWIDGET_LIST in package com.mstar.appwidget
W/PackageManager(11435): Unknown permission android.permission.ADD_SYSTEM_SERVICE in package com.coship.sdp.sce.tvappstore
W/PackageManager(11435): Unknown permission android.permission.READ_EXTERNAL_STORAGE in package com.coship.sdp.sce.tvappstore
W/PackageManager(11435): Unknown permission com.google.android.gm.permission.WRITE_GMAIL in package com.coship.sdp.sce.tvappstore
W/PackageManager(11435): Unknown permission com.google.android.gm.permission.READ_GMAIL in package com.coship.sdp.sce.tvappstore
W/PackageManager(11435): Unknown permission com.google.android.gm.permission.WRITE_GMAIL in package com.coship.app.vaf
W/PackageManager(11435): Unknown permission com.google.android.gm.permission.READ_GMAIL in package com.coship.app.vaf
W/PackageManager(11435): Unknown permission com.google.android.gm.permission.WRITE_GMAIL in package com.coship.TestApp
W/PackageManager(11435): Unknown permission com.google.android.gm.permission.READ_GMAIL in package com.coship.TestApp
W/PackageManager(11435): Unknown permission android.permission.WRITE_OWNER_DATA in package com.iflytek.speech
W/PackageManager(11435): Unknown permission android.permission.BAIDU_LOCATION_SERVICE in package com.iflytek.speech
W/PackageManager(11435): Unknown permission com.google.android.gm.permission.WRITE_GMAIL in package com.ts.gaya.coship
W/PackageManager(11435): Unknown permission com.google.android.gm.permission.READ_GMAIL in package com.ts.gaya.coship
W/PackageManager(11435): Unknown permission android.permission.APPWIDGET_LIST in package com.iflytek.xiri.recorder.svc
W/PackageManager(11435): Unknown permission android.permission.ADD_SYSTEM_SERVICE in package com.coship.netfirmware
W/PackageManager(11435): Unknown permission android.permission.READ_SETTINGS in package com.android.settings
W/PackageManager(11435): Unknown permission com.android.permission.READ_LOGS in package cn.tvbox
W/PackageManager(11435): Not granting permission android.permission.DEVICE_POWER to package cn.tvbox (protectionLevel=2 flags=0xbe45)
W/PackageManager(11435): Unknown permission android.webkit.permission.PLUGIN in package com.adobe.flashplayer
W/PackageManager(11435): Unknown permission android.permission.READ_OWNER_DATA in package com.adobe.flashplayer
W/PackageManager(11435): Unknown permission android.permission.WRITE_OWNER_DATA in package com.adobe.flashplayer
W/PackageManager(11435): Unknown permission android.permission.READ_EXTERNAL_STORAGE in package com.adobe.flashplayer
W/PackageManager(11435): Not granting permission android.permission.DIAGNOSTIC to package com.sihuatech.wasutv4ics (protectionLevel=2 flags=0xbe45)
W/PackageManager(11435): Unknown permission android.permission.ACCESS_COARSE_UPDATES in package com.sihuatech.wasutv4ics
W/PackageManager(11435): Unknown permission android.permission.READ_OWNER_DATA in package com.sihuatech.wasutv4ics
W/PackageManager(11435): Unknown permission android.permission.WRITE_OWNER_DATA in package com.sihuatech.wasutv4ics
W/PackageManager(11435): Not granting permission android.permission.CLEAR_APP_USER_DATA to package com.sihuatech.wasutv4ics (protectionLevel=2 flags=0xbe45)
W/PackageManager(11435): Not granting permission android.permission.INJECT_EVENTS to package com.sihuatech.wasutv4ics (protectionLevel=2 flags=0xbe45)
W/PackageManager(11435): Not granting permission android.permission.DEVICE_POWER to package com.sihuatech.wasutv4ics (protectionLevel=2 flags=0xbe45)
W/PackageManager(11435): Unknown permission android.permission.WRITE_OWNER_DATA in package com.coship.Multimedia
W/PackageManager(11435): Unknown permission android.permission.READ_OWNER_DATA in package com.coship.Multimedia
W/PackageManager(11435): Unknown permission android.permission.WRITE_OWNER_DATA in package com.coship.NetworkNavigation
W/PackageManager(11435): Unknown permission android.permission.READ_OWNER_DATA in package com.coship.NetworkNavigation
W/wpa_supplicant( 9988): wlan0: Failed to initiate AP scan
D/dalvikvm(11435): GC_CONCURRENT freed 323K, 69% free 1830K/5891K, paused 1ms+2ms
D/dalvikvm(11435): GC_EXPLICIT freed 199K, 71% free 1737K/5891K, paused 1ms+1ms
I/SystemServer(11435): Account Manager
D/PackageManager(11435): generateServicesMap(android.accounts.AccountAuthenticator): 1 services unchanged
I/SystemServer(11435): Content Manager
D/PackageManager(11435): generateServicesMap(android.content.SyncAdapter): 1 services unchanged
I/ActivityThread(11435): Pub settings: com.android.providers.settings.SettingsProvider
I/SystemServer(11435): System Content Providers
D/SettingsProvider(11435): cache for settings table 'secure' rows=52; fullycached=true
D/SettingsProvider(11435): cache for settings table 'system' rows=54; fullycached=true
D/dalvikvm(11435): GC_CONCURRENT freed 207K, 68% free 1934K/5891K, paused 1ms+2ms
I/SystemServer(11435): Lights Service
I/SystemServer(11435): Battery Service
I/SystemServer(11435): Pppoe Service
I/SystemServer(11435): Vibrator Service
I/power   (11435): *** set_screen_state 1
D/AlarmManagerService(11435): Kernel timezone updated to -480 minutes west of GMT
I/SystemServer(11435): Alarm Manager
I/SystemServer(11435): Init Watchdog
E/PhonePolicy(11435): Could not preload class for phone policy: com.android.internal.policy.impl.PhoneWindow$ContextMenuCallback
I/SystemServer(11435): Window Manager
I/InputManager(11435): Initializing input manager
W/StatusBarManager(11435): warning: no STATUS_BAR_SERVICE
E/AC3Extractor(11407): Rsyn Fail
D/MediaPlayerService(11407): countTracks = 1
D/MediaPlayerService(11407): mime = audio/vorbis
D/MediaPlayerService(11407): videoCnt = 0, audioCnt = 1
D/MediaPlayerService(11407): Ogg
I/MS_OMX_Plugin(11407): MSOMXPlugin::MSOMXPlugin
I/MS_OMX_Plugin(11407): Get libMS_OMX_Core.so
I/InputManager(11435): Starting input manager
I/WindowManager(11435): Enabled StrictMode for PolicyThread's Looper
I/WindowManager(11435): Enabled StrictMode logging for WMThread's Looper
I/SystemServer(11435): Bluetooth Service
I/BluetoothProfileState(11435): Message:Entering Stable State
D/EventHub(11435): No input device configuration file found for device 'BrowserVirtualMouse'.
I/EventHub(11435): New device: id=1, fd=87, path='/dev/input/event7', name='BrowserVirtualMouse', classes=0x80000008, configuration='', keyLayout='', keyCharacterMap='', builtinKeyboard=false
I/BluetoothProfileState(11435): Message:Entering Stable State
I/BluetoothProfileState(11435): Message:Entering Stable State
D/MS_OMX_CORE(11407): MS_OMX_Init :
D/MS_OMX_CORE(11407): MIU_INTERVAL: 0x60000000, VDEC Start: 0x1b800000, size: 0x2500000
D/MS_OMX_Core(11407): MIU_INTERVAL: 0x60000000, ADEC Start: 0x15900000, size: 0x5c0000
I/        (11407): [MSOS_PRINT][003171]     ~!~mappd sharemem    
I/        (11407): [MSOS_PRINT][000605]     pthread_mutex_init
I/        (11407): [MSOS_PRINT][000607]     CHIP_InitISR
I/MS_OMX_Plugin(11407): MSOMXPlugin::enumerateComponents
I/MS_OMX_Plugin(11407): MSOMXPlugin::enumerateComponents
I/MS_OMX_Plugin(11407): MSOMXPlugin::enumerateComponents
I/MS_OMX_Plugin(11407): MSOMXPlugin::enumerateComponents
I/MS_OMX_Plugin(11407): MSOMXPlugin::enumerateComponents
I/MS_OMX_Plugin(11407): MSOMXPlugin::enumerateComponents
I/MS_OMX_Plugin(11407): MSOMXPlugin::enumerateComponents
I/MS_OMX_Plugin(11407): MSOMXPlugin::enumerateComponents
I/MS_OMX_Plugin(11407): MSOMXPlugin::enumerateComponents
I/MS_OMX_Plugin(11407): MSOMXPlugin::enumerateComponents
I/MS_OMX_Plugin(11407): MSOMXPlugin::enumerateComponents
I/MS_OMX_Plugin(11407): MSOMXPlugin::enumerateComponents
I/MS_OMX_Plugin(11407): MSOMXPlugin::enumerateComponents
E/EventHub(11435): could not get driver version for /dev/input/mouse4, Not a typewriter
E/AC3Extractor(11407): Rsyn Fail
D/OMXCodec(11407): Attempting to allocate OMX node 'OMX.google.vorbis.decoder'
D/OMXCodec(11407): Successfully allocated OMX node 'OMX.google.vorbis.decoder'
D/dalvikvm(11435): GC_CONCURRENT freed 278K, 67% free 2054K/6083K, paused 1ms+1ms
D/BluetoothAdapterStateMachine(11435): PowerOff process message: 5
I/bluedroid(11435): Starting hciattach daemon
I/SystemServer(11435): Input Method Service
W/InputManagerService(11435): Couldn't create dir.: /data/system/inputmethod
I/EventHub(11435): New device: id=2, fd=100, path='/dev/input/event6', name='Stp MT-touch', classes=0x14, configuration='/system/usr/idc/Stp_MT-touch.idc', keyLayout='', keyCharacterMap='', builtinKeyboard=false
E/AC3Extractor(11407): Rsyn Fail
D/MediaPlayerService(11407): countTracks = 1
D/MediaPlayerService(11407): mime = audio/vorbis
D/MediaPlayerService(11407): videoCnt = 0, audioCnt = 1
D/MediaPlayerService(11407): Ogg
E/AC3Extractor(11407): Rsyn Fail
D/OMXCodec(11407): Attempting to allocate OMX node 'OMX.google.vorbis.decoder'
D/OMXCodec(11407): Successfully allocated OMX node 'OMX.google.vorbis.decoder'
I/SystemServer(11435): Accessibility Manager
E/EventHub(11435): could not get driver version for /dev/input/mouse3, Not a typewriter
I/ActivityManager(11435): Config changed: {1.0 0mcc0mnc zh_CN layoutdir=0 sw720dp w1280dp h720dp xlrg long land ?uimode ?night -touch -keyb/v/h -nav/h s.2}
I/SystemServer(11435): TV
I/SystemServer(11435): Device Policy
I/SystemServer(11435): Status Bar
I/SystemServer(11435): Clipboard Service
I/SystemServer(11435): NetworkManagement Service
I/SystemServer(11435): Text Service Manager Service
W/TextServicesManagerService(11435): no available spell checker services found
I/SystemServer(11435): NetworkStats Service
I/SystemServer(11435): NetworkPolicy Service
I/SystemServer(11435): Wi-Fi P2pService
D/WifiP2pService(11435): P2pDisabledState
E/WifiP2pService(11435): Failed to reload sta firmware java.lang.NullPointerException
I/SystemServer(11435): Wi-Fi Service
D/WifiMonitor(11435): sleep for a while until usb.init.done 
I/EventHub(11435): New device: id=3, fd=119, path='/dev/input/event5', name='Stp touch', classes=0x4, configuration='/system/usr/idc/Stp_touch.idc', keyLayout='', keyCharacterMap='', builtinKeyboard=false
D/WifiP2pService(11435): P2pDisabledState{ what=69633 when=-1ms }
D/WifiP2pService(11435): DefaultState{ what=69633 when=-1ms }
D/WifiP2pService(11435): P2pDisabledState{ what=69632 when=0 obj=com.android.internal.util.AsyncChannel@4157bce8 }
D/WifiP2pService(11435): DefaultState{ what=69632 when=0 obj=com.android.internal.util.AsyncChannel@4157bce8 }
D/WifiP2pService(11435): Full connection with WifiStateMachine established
D/WifiP2pService(11435): P2pDisabledState{ what=69633 when=0 }
D/WifiP2pService(11435): DefaultState{ what=69633 when=-1ms }
D/WifiP2pService(11435): P2pDisabledState{ what=69632 when=0 obj=com.android.internal.util.AsyncChannel@41521068 }
D/WifiP2pService(11435): DefaultState{ what=69632 when=0 obj=com.android.internal.util.AsyncChannel@41521068 }
D/WifiP2pService(11435): Full connection with WifiStateMachine established
E/EventHub(11435): could not get driver version for /dev/input/mouse2, Not a typewriter
I/SystemServer(11435): Connectivity Service
D/ConnectivityService(11435): ConnectivityService starting up
I/ethernet(11435): interface eth0:2 found
E/ethernet(11435): android_net_ethernet_initEthernetNative exited with success
E/ConnectivityService(11435): Error in radioAttributes - ignoring attempt to redefine type 1
D/ConnectivityService(11435): Starting Pppoe StateTracker
D/ConnectivityService(11435): Starting Ethernet Service.
V/EthernetStateTracker(11435): Ethernet State Tracker v1.0.6
V/EthernetStateTracker(11435): successed to init device!
I/ethernet(11435): User ask for device name on 0, list:17CE10, total:1
I/EthernetService(11435): Ethernet dev enabled 2
V/EthernetService(11435): device 0 name eth0
V/EthernetStateTracker(11435): start to monitor the ethernet devices . . .
I/EthernetManager(11435): Init Ethernet Manager, service: com.android.server.EthernetService@4157db08
D/NetUtils(11435): android_net_utils_resetConnections in env=0xf6078 clazz=0x9e700001 iface=eth0 mask=0x3
I/EthernetStateTracker(11435): reset device eth0
V/EthernetMonitor(11435): go poll events
I/bluedroid(11435): bt_enable: ret: 0, errno: 0
I/bluedroid(11435): Starting bluetoothd deamon
D/EventHub(11435): No input device configuration file found for device 'Stp mouse'.
I/EventHub(11435): New device: id=4, fd=139, path='/dev/input/event4', name='Stp mouse', classes=0x8, configuration='', keyLayout='', keyCharacterMap='', builtinKeyboard=false
E/EventHub(11435): could not get driver version for /dev/input/mouse1, Not a typewriter
D/BluetoothEventLoop(11435): Property Changed: Class : 5767168
D/BluetoothEventLoop(11435): Property Changed: Pairable : true
D/BluetoothEventLoop(11435): Property Changed: Discoverable : true
D/NetUtils(11435): android_net_utils_resetConnections in env=0xf6078 clazz=0x9fa00001 iface=eth0 mask=0x3
D/EthernetStateTracker(11435): DhcpHandler: DHCP request started
I/EthernetStateTracker(11435): trigger dhcp for device eth0
I/EthernetStateTracker(11435): reset device eth0
D/dhcpcd  (11496): dhcpcd 4.0.15 starting
D/dhcpcd  (11496): hardware address = 22:33:cc:dd:ee:11
D/dhcpcd  (11496): executing `/system/etc/dhcpcd/dhcpcd-run-hooks', reason PREINIT
D/EventHub(11435): No input device configuration file found for device 'VIkeyboard'.
I/EventHub(11435): New device: id=5, fd=142, path='/dev/input/event3', name='VIkeyboard', classes=0x23, configuration='', keyLayout='/system/usr/keylayout/Vendor_0001_Product_0001.kl', keyCharacterMap='/system/usr/keychars/Generic.kcm', builtinKeyboard=false
D/EventHub(11435): No input device configuration file found for device 'Logitech USB-PS/2 Optical Mouse'.
I/EventHub(11435): New device: id=6, fd=141, path='/dev/input/event2', name='Logitech USB-PS/2 Optical Mouse', classes=0x80000008, configuration='', keyLayout='', keyCharacterMap='', builtinKeyboard=false
I/EthernetStateTracker(11435): trigger dhcp for device eth0
E/EventHub(11435): could not get driver version for /dev/input/mouse0, Not a typewriter
E/MobileDataStateTracker(11435): default: Ignoring feature request because could not acquire PhoneService
E/MobileDataStateTracker(11435): default: Could not enable APN type "default"
E/WifiHW  (11408): wifi_change_fw_path: STA
D/SoftapController(11408): Softap fwReload - Ok
D/NetworkManagementService(11435): Registering observer
D/NetworkManagementService(11435): Registering observer
I/WifiService(11435): WifiService starting up with Wi-Fi enabled
D/NetworkManagementService(11435): rsp <213 a4:a8:20:13:03:28 192.168.0.115 24 [down broadcast multicast]>
I/WifiService(11435): WifiService starting up with Wi-Fi AP disabled
I/SystemServer(11435): Throttle Service
I/SystemServer(11435): Mount Service
D/CommandListener(11408): Setting iface cfg
D/CommandListener(11408): Trying to bring down wlan0
D/CommandListener(11408): broadcast flag ignored
D/CommandListener(11408): multicast flag ignored
D/WifiApStateMachine(11435): isDriverShouldRemove = true
D/MountService(11435): got storage path: /mnt/sdcard description: USB  primary: true removable: false emulated: false mtpReserve: 0 allowMassStorage: false maxFileSize: 0
D/MountService(11435): mExternalStoragePath:/mnt/sdcard
D/NetworkManagementService(11435): flags <[down broadcast multicast]>
E/CommandListener(11408): Failed to open /proc/sys/net/ipv6/conf/wlan0/use_tempaddr: No such file or directory
E/WifiStateMachine(11435): Unable to change interface settings: java.lang.IllegalStateException: Unable to communicate with native daemon to set ipv6privacyextensions - com.android.server.NativeDaemonConnectorException: Cmd {interface ipv6privacyextensions wlan0 enable} failed with code 400 : {Failed to set ipv6 privacy extensions (No such file or directory)}
D/WifiHW  (11435): config_file = /data/misc/wifi/wpa_supplicant.conf
E/WifiHW  (11435): wpa_ctrl_open failed 9 :No such file or directory
I/SystemServer(11435): Notification Manager
D/EventHub(11435): No input device configuration file found for device 'MStar Smart TV Keypad'.
I/EventHub(11435): New device: id=7, fd=152, path='/dev/input/event1', name='MStar Smart TV Keypad', classes=0x1, configuration='', keyLayout='/system/usr/keylayout/Vendor_3697_Product_0002.kl', keyCharacterMap='/system/usr/keychars/Generic.kcm', builtinKeyboard=false
D/EventHub(11435): No input device configuration file found for device 'Coship Smart DVB IR Receiver'.
I/EventHub(11435): New device: id=8, fd=157, path='/dev/input/event0', name='Coship Smart DVB IR Receiver', classes=0x1, configuration='', keyLayout='/system/usr/keylayout/Vendor_0080_Product_0001.kl', keyCharacterMap='/system/usr/keychars/Generic.kcm', builtinKeyboard=false
I/SystemServer(11435): Device Storage Monitor
D/VoldCmdListener(  733): volume list
I/SystemServer(11435): Location Manager
D/dalvikvm(11435): GC_CONCURRENT freed 167K, 63% free 2303K/6211K, paused 2ms+2ms
I/SystemServer(11435): Country Detector
I/SystemServer(11435): Search Service
I/SystemServer(11435): DropBox Service
I/SystemServer(11435): Wallpaper Service
E/EventHub(11435): could not get driver version for /dev/input/mice, Not a typewriter
I/SystemServer(11435): Audio Service
I/        (11435): tvmanager JNI_OnLoad
I/ServiceManager(11435): Waiting for service mstar.TvManager...
I/InputReader(11435): Device added: id=8, name='Coship Smart DVB IR Receiver', sources=0x00000101
I/InputReader(11435): Device added: id=7, name='MStar Smart TV Keypad', sources=0x00000101
I/InputReader(11435): Device added: id=6, name='Logitech USB-PS/2 Optical Mouse', sources=0x00002002
I/InputReader(11435): Device added: id=5, name='VIkeyboard', sources=0x00000301
I/InputReader(11435): Device added: id=4, name='Stp mouse', sources=0x00002002
I/InputReader(11435):   Touch device 'Stp touch' could not query the properties of its associated display 0.  The device will be inoperable until the display size becomes available.
I/InputReader(11435): Device added: id=3, name='Stp touch', sources=0x00001002
I/InputReader(11435):   Touch device 'Stp MT-touch' could not query the properties of its associated display 0.  The device will be inoperable until the display size becomes available.
I/InputReader(11435): Device added: id=2, name='Stp MT-touch', sources=0x00001002
I/InputReader(11435): Device added: id=1, name='BrowserVirtualMouse', sources=0x00002002
I/InputReader(11435): Reconfiguring input devices.  changes=0x00000004
I/InputReader(11435): Device reconfigured: id=2, name='Stp MT-touch', surface size is now 1280x720, mode is 1
I/InputReader(11435): Device reconfigured: id=3, name='Stp touch', surface size is now 1280x720, mode is 1
D/BluetoothEventLoop(11435): Property Changed: UUIDs : 41
E/BluetoothService.cpp(11435): setBluetoothTetheringNative true
D/BluetoothAdapterStateMachine(11435): WarmUp process message: 53
D/BluetoothEventLoop(11435): Property Changed: UUIDs : 42
W/wpa_supplicant( 9988): wlan0: Failed to initiate AP scan
D/BluetoothEventLoop(11435): Property Changed: UUIDs : 43
D/BluetoothEventLoop(11435): Property Changed: UUIDs : 44
D/BluetoothEventLoop(11435): Property Changed: Discoverable : false
D/BluetoothAdapterStateMachine(11435): WarmUp process message: 53
D/BluetoothEventLoop(11435): Property Changed: Pairable : false
D/BluetoothEventLoop(11435): Property Changed: Powered : false
D/BluetoothAdapterStateMachine(11435): WarmUp process message: 54
D/BluetoothEventLoop(11435): Property Changed: UUIDs : 45
D/BluetoothAdapterStateMachine(11435): WarmUp process message: 51
E/WifiHW  (11435): wpa_ctrl_open failed 8 :No such file or directory
D/WifiHW  (11435): detect_wifi_device!!!
D/WifiHW  (11435): path  = /dev/bus/usb/001
D/WifiHW  (11435): path  = /dev/bus/usb/002
D/WifiHW  (11435): path  = /dev/bus/usb/003
E/WifiHW  (11435): get_wifi_device_num is 1
D/WifiHW  (11435): ===================device_count = 1
D/WifiHW  (11435): is_wifi_device_exist
E/WifiHW  (11435): get_wifi_device_num is 1
E/WifiHW  (11435): wpa_ctrl_open failed 7 :No such file or directory
I/ServiceManager(11435): Waiting for service mstar.TvManager...
W/wpa_supplicant( 9988): wlan0: Failed to initiate AP scan
E/WifiHW  (11435): wpa_ctrl_open failed 6 :No such file or directory
E/WifiHW  (11435): wpa_ctrl_open failed 5 :No such file or directory
I/ServiceManager(11435): Waiting for service mstar.TvManager...
W/wpa_supplicant( 9988): wlan0: Failed to initiate AP scan
E/WifiHW  (11435): wpa_ctrl_open failed 4 :No such file or directory
E/WifiHW  (11435): wpa_ctrl_open failed 3 :No such file or directory
I/ServiceManager(11435): Waiting for service mstar.TvManager...
W/wpa_supplicant( 9988): wlan0: Failed to initiate AP scan
E/WifiHW  (11435): wpa_ctrl_open failed 2 :No such file or directory
E/WifiHW  (11435): wpa_ctrl_open failed 1 :No such file or directory
I/ServiceManager(11435): Waiting for service mstar.TvManager...
W/wpa_supplicant( 9988): wlan0: Failed to initiate AP scan
E/WifiHW  (11435): wpa_ctrl_open failed 0 :No such file or directory
E/WifiHW  (11435): Unable to open connection to supplicant on "": No such file or directory
W/wpa_supplicant( 9988): wlan0: Failed to initiate AP scan
I/ServiceManager(11435): Waiting for service mstar.TvManager...
E/WifiHW  (11435): wpa_ctrl_open failed 9 :No such file or directory
W/wpa_supplicant( 9988): wlan0: Failed to initiate AP scan
E/WifiHW  (11435): wpa_ctrl_open failed 8 :No such file or directory
I/ServiceManager(11435): Waiting for service mstar.TvManager...
E/WifiHW  (11435): wpa_ctrl_open failed 7 :No such file or directory
W/wpa_supplicant( 9988): wlan0: Failed to initiate AP scan
E/WifiHW  (11435): wpa_ctrl_open failed 6 :No such file or directory
I/ServiceManager(11435): Waiting for service mstar.TvManager...
E/WifiHW  (11435): wpa_ctrl_open failed 5 :No such file or directory
W/wpa_supplicant( 9988): wlan0: Failed to initiate AP scan
E/WifiHW  (11435): wpa_ctrl_open failed 4 :No such file or directory
I/ServiceManager(11435): Waiting for service mstar.TvManager...
E/WifiHW  (11435): wpa_ctrl_open failed 3 :No such file or directory
W/wpa_supplicant( 9988): wlan0: Failed to initiate AP scan
E/WifiHW  (11435): wpa_ctrl_open failed 2 :No such file or directory
I/ServiceManager(11435): Waiting for service mstar.TvManager...
E/WifiHW  (11435): wpa_ctrl_open failed 1 :No such file or directory
E/EthernetStateTracker(11435): DhcpHandler: DHCP request failed: Timed out waiting for dhcpcd to start
W/wpa_supplicant( 9988): wlan0: Failed to initiate AP scan
D/EthernetStateTracker(11435): DhcpHandler: DHCP request started
D/dhcpcd  (11510): dhcpcd 4.0.15 starting
D/dhcpcd  (11510): hardware address = 22:33:cc:dd:ee:11
D/dhcpcd  (11510): executing `/system/etc/dhcpcd/dhcpcd-run-hooks', reason PREINIT
D/dhcpcd  (11510): host does not support a monotonic clock - timing can skew
D/dhcpcd  (11510): broadcasting for a lease
D/dhcpcd  (11510): sending DHCP_DISCOVER with xid 0xc4fec1b0, next in 3.28 seconds
D/dhcpcd  (11510): offered 192.168.0.112 from 192.168.0.1
D/dhcpcd  (11510): sending DHCP_REQUEST with xid 0xc4fec1b0, next in 4.62 seconds
D/dhcpcd  (11510): acknowledged 192.168.0.112 from 192.168.0.1
D/dhcpcd  (11510): leased 192.168.0.112 for 604800 seconds
D/dhcpcd  (11510): adding IP address 192.168.0.112/24
D/dhcpcd  (11510): adding route to 0.0.0.0/0 via 192.168.0.1
D/dhcpcd  (11510): executing `/system/etc/dhcpcd/dhcpcd-run-hooks', reason BOUND
D/dhcpcd  (11510): sending ARP announce (1 of 2), next in 2.00 seconds
E/WifiHW  (11435): wpa_ctrl_open failed 0 :No such file or directory
D/DhcpInfoInternal(11435): makeLinkProperties with empty dns2!
D/EthernetStateTracker(11435): DhcpHandler: DHCP request succeeded: addr: 192.168.0.112/24 mRoutes: 0.0.0.0/0 -> 192.168.0.1 |  dns: 192.168.0.1, dhcpServer: 192.168.0.1 leaseDuration: 604800
E/WifiHW  (11435): Unable to open connection to supplicant on "": No such file or directory
I/ServiceManager(11435): Waiting for service mstar.TvManager...
W/wpa_supplicant( 9988): wlan0: Failed to initiate AP scan
E/WifiHW  (11435): wpa_ctrl_open failed 9 :No such file or directory
I/ServiceManager(11435): Waiting for service mstar.TvManager...
W/wpa_supplicant( 9988): wlan0: Failed to initiate AP scan
D/dhcpcd  (11510): sending ARP announce (2 of 2)
D/dhcpcd  (11510): renew in 302396 seconds
E/WifiHW  (11435): wpa_ctrl_open failed 8 :No such file or directory
E/WifiHW  (11435): wpa_ctrl_open failed 7 :No such file or directory
I/ServiceManager(11435): Waiting for service mstar.TvManager...
W/wpa_supplicant( 9988): wlan0: Failed to initiate AP scan
E/WifiHW  (11435): wpa_ctrl_open failed 6 :No such file or directory
E/WifiHW  (11435): wpa_ctrl_open failed 5 :No such file or directory
I/ServiceManager(11435): Waiting for service mstar.TvManager...
W/wpa_supplicant( 9988): wlan0: Failed to initiate AP scan
E/WifiHW  (11435): wpa_ctrl_open failed 4 :No such file or directory
E/WifiHW  (11435): wpa_ctrl_open failed 3 :No such file or directory
I/ServiceManager(11435): Waiting for service mstar.TvManager...
W/wpa_supplicant( 9988): wlan0: Failed to initiate AP scan
E/WifiHW  (11435): wpa_ctrl_open failed 2 :No such file or directory
E/WifiHW  (11435): wpa_ctrl_open failed 1 :No such file or directory
W/dalvikvm(11435): Exception Ljava/lang/RuntimeException; thrown while initializing Lcom/tvos/common/TvManager;
W/SystemServer(11435): ***********************************************
F/SystemServer(11435): BOOT FAILURE starting Audio Service
F/SystemServer(11435): java.lang.ExceptionInInitializerError
F/SystemServer(11435):  at android.media.AudioService.<init>(AudioService.java:212)
F/SystemServer(11435):  at com.android.server.ServerThread.run(SystemServer.java:490)
F/SystemServer(11435): Caused by: java.lang.RuntimeException: can't connect to tvmanager server.please check tvos server 
F/SystemServer(11435): 
F/SystemServer(11435):  at com.tvos.common.TvManager.native_init(Native Method)
F/SystemServer(11435):  at com.tvos.common.TvManager.<clinit>(TvManager.java:243)
F/SystemServer(11435):  ... 2 more
D/dalvikvm(11435): GC_CONCURRENT freed 374K, 64% free 2345K/6467K, paused 1ms+2ms
I/SystemServer(11435): Camera Observer
I/SystemServer(11435): Microphone Observer
I/SystemServer(11435): Wired Accessory Observer
I/SystemServer(11435): USB Service
I/SystemServer(11435): UI Mode Manager Service
I/SystemServer(11435): Backup Service
D/dalvikvm(11435): GC_CONCURRENT freed 234K, 61% free 2551K/6531K, paused 2ms+2ms
V/BackupManagerService(11435): Initializing package tracking
V/BackupManagerService(11435): No ancestral data
W/wpa_supplicant( 9988): wlan0: Failed to initiate AP scan
D/dalvikvm(11435): GC_CONCURRENT freed 175K, 59% free 2801K/6723K, paused 1ms+2ms
V/BackupManagerService(11435): addPackageParticipantsLocked: all
I/BackupManagerService(11435): New app android never backed up; scheduling
I/BackupManagerService(11435): New app com.android.browser never backed up; scheduling
I/BackupManagerService(11435): New app com.android.providers.settings never backed up; scheduling
I/BackupManagerService(11435): New app com.android.providers.userdictionary never backed up; scheduling
I/BackupManagerService(11435): New app com.android.sharedstoragebackup never backed up; scheduling
V/BackupManagerService(11435): Registering transport android/com.android.internal.backup.LocalTransport = com.android.internal.backup.LocalTransport@4159dea8
V/BackupManagerService(11435): Starting with transport android/com.android.internal.backup.LocalTransport
V/BackupManagerService(11435): Google transport not present
I/BackupManagerService(11435): Backup enabled => false
I/BackupManagerService(11435): Opting out of backup
I/SystemServer(11435): AppWidget Service
I/SystemServer(11435): Recognition Service
I/SystemServer(11435): DiskStats Service
I/SystemServer(11435): SamplingProfiler Service
I/SystemServer(11435): NetworkTimeUpdateService
I/WindowManager(11435): SAFE MODE not enabled
D/dalvikvm(11435): JIT started for system_server
D/PowerManagerService(11435): system ready!
I/ActivityManager(11435): System now ready
I/dalvikvm(11435): Rejecting re-init on previously-failed class Lcom/tvos/common/TvManager; v=0x0
W/System.err(11435): java.lang.NoClassDefFoundError: com/tvos/common/TvManager
W/System.err(11435):    at com.mstar.tv.service.TvServiceServer.systemReady(TvServiceServer.java:69)
W/System.err(11435):    at com.android.server.ServerThread$1.run(SystemServer.java:686)
W/System.err(11435):    at com.android.server.am.ActivityManagerService.systemReady(ActivityManagerService.java:7357)
W/System.err(11435):    at com.android.server.ServerThread.run(SystemServer.java:681)
I/SystemServer(11435): Making services ready
I/TvServiceServer(11435): -----------------ready start mstar tv service.
I/dalvikvm(11435): Rejecting re-init on previously-failed class Lcom/tvos/common/TvManager; v=0x0
F/SystemServer(11435): BOOT FAILURE making TV ready
F/SystemServer(11435): java.lang.NoClassDefFoundError: com/tvos/common/TvManager
F/SystemServer(11435):  at com.mstar.tv.service.MstarTvServiceServerImpl.<init>(MstarTvServiceServerImpl.java:64)
F/SystemServer(11435):  at com.mstar.tv.service.TvServiceServer.systemReady(TvServiceServer.java:84)
F/SystemServer(11435):  at com.android.server.ServerThread$1.run(SystemServer.java:686)
F/SystemServer(11435):  at com.android.server.am.ActivityManagerService.systemReady(ActivityManagerService.java:7357)
F/SystemServer(11435):  at com.android.server.ServerThread.run(SystemServer.java:681)
W/SystemServer(11435): ***********************************************
D/SystemServer(11435): Starting service: Intent { cmp=com.android.systemui/.SystemUIService }
I/Zygote  (11435): Process: zygote socket opened
I/ActivityManager(11435): Start proc com.android.systemui for service com.android.systemui/.SystemUIService: pid=11537 uid=1000 gids={3003, 1015, 3002, 3001, 3004}
D/NetworkManagementService(11435): enabling bandwidth control
W/ActivityManager(11435): Timeout of broadcast BroadcastRecord{415c9430 android.intent.action.TIME_TICK} - receiver=android.app.LoadedApk$ReceiverDispatcher$InnerReceiver@4154f9c8, started 10005ms ago
W/ActivityManager(11435): Receiver during timeout: BroadcastFilter{4154fbd0 ReceiverList{4154fb58 11435 system/1000 local:4154f9c8}}
I/Zygote  (11409): Preloading classes...
D/dalvikvm(11409): GC_EXPLICIT freed 18K, 90% free 463K/4352K, paused 1ms+1ms
E/BandwidthController(11408): runIptablesCmd(): failed /system/bin/ip6tables -F res=768
E/BandwidthController(11408): runIptablesCmd(): failed /system/bin/iptables -N costly_shared res=256
E/BandwidthController(11408): runIptablesCmd(): failed /system/bin/ip6tables -N costly_shared res=768
E/BandwidthController(11408): runIptablesCmd(): failed /system/bin/ip6tables -F INPUT res=768
E/BandwidthController(11408): runIptablesCmd(): failed /system/bin/ip6tables -A INPUT -i lo --jump ACCEPT res=768
E/BandwidthController(11408): runIptablesCmd(): failed /system/bin/ip6tables -A INPUT -m owner --socket-exists res=512
E/BandwidthController(11408): runIptablesCmd(): failed /system/bin/ip6tables -F OUTPUT res=768
E/BandwidthController(11408): runIptablesCmd(): failed /system/bin/ip6tables -A OUTPUT -o lo --jump ACCEPT res=768
E/BandwidthController(11408): runIptablesCmd(): failed /system/bin/ip6tables -A OUTPUT -m owner --socket-exists res=512
E/BandwidthController(11408): runIptablesCmd(): failed /system/bin/ip6tables -F costly_shared res=768
E/BandwidthController(11408): runIptablesCmd(): failed /system/bin/iptables -A costly_shared --jump penalty_box res=512
E/BandwidthController(11408): runIptablesCmd(): failed /system/bin/ip6tables -A costly_shared --jump penalty_box res=768
E/WifiHW  (11435): wpa_ctrl_open failed 0 :No such file or directory
E/BandwidthController(11408): runIptablesCmd(): failed /system/bin/ip6tables -A costly_shared -m owner --socket-exists res=512
D/dalvikvm(11537): GC_CONCURRENT freed 122K, 85% free 677K/4483K, paused 0ms+1ms
