shell@android:/ # logcat -c;logcat 
--------- beginning of /dev/log/main
D/MonitorCw880( 1316): Current Remote Host is null, continue, counter=0
D/MonitorCw880( 1316): Current Remote Host is null, continue, counter=0
D/MonitorCw880( 1316): Current Remote Host is null, continue, counter=0
D/dalvikvm( 4861): GC_CONCURRENT freed 1982K, 28% free 23810K/32707K, paused 2ms+6ms
D/dalvikvm( 4861): GC_CONCURRENT freed 2050K, 28% free 23809K/32707K, paused 3ms+5ms
D/dalvikvm( 4861): GC_CONCURRENT freed 2046K, 27% free 23951K/32707K, paused 2ms+6ms
D/BackService( 4861):   temp ============= 192.168.88.101
D/MonitorCw880( 1316): Current Remote Host is null, continue, counter=0
D/dalvikvm( 4861): GC_CONCURRENT freed 2207K, 28% free 23853K/32707K, paused 2ms+6ms
D/dalvikvm( 4861): GC_CONCURRENT freed 2096K, 28% free 23735K/32707K, paused 2ms+6ms
D/dalvikvm( 4861): GC_CONCURRENT freed 1980K, 27% free 23943K/32707K, paused 3ms+6ms
D/dalvikvm( 4861): GC_CONCURRENT freed 2184K, 28% free 23806K/32707K, paused 2ms+6ms
D/dalvikvm( 4861): GC_CONCURRENT freed 2050K, 28% free 23742K/32707K, paused 3ms+6ms
D/MonitorCw880( 1316): Current Remote Host is null, continue, counter=0
D/MonitorCw880( 1316): Current Remote Host is null, continue, counter=0
D/MonitorCw880( 1316): Current Remote Host is null, continue, counter=0
D/MonitorCw880( 1316): Current Remote Host is null, continue, counter=0
D/FakeService( 1648): startBackService
D/BackService( 4861): BackService onStart called
D/BackService( 4861): BackService mStart = true
D/MonitorCw880( 1316): Current Remote Host is null, continue, counter=0
D/MonitorCw880( 1316): Current Remote Host is null, continue, counter=0

[ 6015.929378] IR: [03932] scan key value is 0xea15c936 
[ 6015.929383]  D/FeiGridView( 4861): onKeyDown repeat = 1
D/FeiGridView( 4861): setSelectedPositionInt
D/FeiGridView( 4861): updateSelectedItemMetadata
D/FeiGridView( 4861): onFocusChanged
D/FeiGridView( 4861): oldSelectedChildcom.coship.Multimedia.view.ScaleViewPanelForListView@417d6658 lose focus
D/FeiGridView( 4861): onFocusChanged
D/FeiGridView( 4861): child com.coship.Multimedia.view.ScaleViewPanelForListView@417344d8 requestFocus
D/FeiGridView( 4
[ 6015.981947] IR: [03932] scan key value is 0xea15c936 
[ 6015.981952]  861): child com.coship.Multimedia.view.ScaleViewPanelForListView@417344d8has focus
D/FeiGridView( 4861): scrollToPosition distance = 0
D/FeiGridView( 4861): setSelectedPositionInt
D/FeiGridView( 4861): updateSelectedItemMetadata
D/FeiGridView( 4861): child com.coship.Multimedia.view.ScaleViewPanelForListView@417344d8has focus
D/FeiGridView( 4861): getChildDrawingOrder:i = 0
D/FeiGridView( 4861): getChildDrawingOrder:index = 1
D/FeiGridView( 4861): getChildDrawingOrder:i = 1
D/FeiGridView( 4861): getChildDrawingOrder:index = 1
D/FeiGridView( 4861): getChildDrawingOrder:i = 2
D/FeiGridView( 4861): getChildDrawingOrder:index = 1
D/FeiGridView( 4861): getChildDrawingOrder:i = 3
D/FeiGridView( 4861): getChildDrawingOrder:index = 1
D/FeiGridView( 4861): getChildDrawingOrder:i = 4
D/FeiGridView( 4861): getChildDrawingOrder:index = 1
D/ScaleViewPanel( 4861): dispatchDraw
D/MonitorCw880( 1316): Current Remote Host is null, continue, counter=0

[ 6016.296119] IR: [03932] scan key value is 0xea15c936 
[ 6016.296123]  D/FeiGridView( 4861): onKeyDown repeat = 1
D/FeiGridView( 4861): setSelectedPositionInt
D/FeiGridView( 4861): updateSelectedItemMetadata
D/FeiGridView( 4861): onFocusChanged
D/FeiGridView( 4861): oldSelectedChildcom.coship.Multimedia.view.ScaleViewPanelForListView@417344d8 lose focus
D/FeiGridView( 4861): onFocusChanged
D/FeiGridView( 4861): child com.coship.Multimedia.view.ScaleViewPanelFor
[ 6016.348694] IR: [03932] scan key value is 0xea15c936 
[ 6016.348699]  ListView@42271ef8 requestFocus
D/FeiGridView( 4861): child com.coship.Multimedia.view.ScaleViewPanelForListView@42271ef8has focus
D/FeiGridView( 4861): scrollToPosition distance = 0
D/FeiGridView( 4861): setSelectedPositionInt
D/FeiGridView( 4861): updateSelectedItemMetadata
D/FeiGridView( 4861): child com.coship.Multimedia.view.ScaleViewPanelForListView@42271ef8has focus
D/FeiGridView( 4861): getChildDrawingOrder:i = 0
D/FeiGridView( 4861): getChildDrawingOrder:index = 2
D/FeiGridView( 4861): getChildDrawingOrder:i = 1
D/FeiGridView( 4861): getChildDrawingOrder:index = 2
D/FeiGridView( 4861): getChildDrawingOrder:i = 2
D/FeiGridView( 4861): getChildDrawingOrder:index = 2
D/FeiGridView( 4861): getChildDrawingOrder:i = 3
D/FeiGridView( 4861): getChildDrawingOrder:index = 2
D/FeiGridView( 4861): getChildDrawingOrder:i = 4
D/FeiGridView( 4861): getChildDrawingOrder:index = 2
D/ScaleViewPanel( 4861): dispatchDraw

[ 6016.538879] IR: [03932] scan key value is 0xea15c936 
[ 6016.538884]  D/FeiGridView( 4861): onKeyDown repeat = 1
D/FeiGridView( 4861): setSelectedPositionInt
D/FeiGridView( 4861): updateSelectedItemMetadata
D/FeiGridView( 4861): onFocusChanged
D/FeiGridView( 4861): oldSelectedChildcom.coship.Multimedia.view.ScaleViewPanelForListView@42271ef8 lose focus
D/FeiGridView( 4861): onFocusChanged
D/FeiGridView( 4861): child com.coship.Multimedia.view.ScaleViewPanelForListView@423e9410 requestFocus
D/FeiGridView( 4861): child com.coship.Multimedia.view.ScaleViewPanelForListView@423e9410has focus
D/FeiGridView( 4861): scrollToPosition distance = 0
D/FeiGridView( 4861): setSelectedPositionInt
D/FeiGridView( 4861): updateSelectedItemMetadata
D/FeiGridView( 4861): child com.coship.Multimedia.view.ScaleViewPanelForListView@423e9410has focus
D/FeiGridView( 4861): getChildDrawingOrder:i = 0
D/FeiGridView( 4861): getChildDrawingOrder:index = 3
D/FeiGridView( 4861): getChildDrawingOrder:i = 1
D/FeiGridView( 4861): getChildDrawingOrder:index = 3
D/FeiGridView( 4861): getChildDrawingOrder:i = 2
D/FeiGridView( 4861): getChildDrawingOrder:index = 3
D/FeiGridView( 4861): getChildDrawingOrder:i = 3
D/FeiGridView( 4861): getChildDrawingOrder:index = 3
D/FeiGridView( 4861): getChildDrawingOrder:i = 4
D/FeiGridView( 4861): getChildDrawingOrder:index = 3
D/ScaleViewPanel( 4861): dispatchDraw

[ 6016.749726] IR: [03932] scan key value is 0xea15c936 
[ 6016.749731]  D/FeiGridView( 4861): onKeyDown repeat = 1
D/FeiGridView( 4861): setSelectedPositionInt
D/FeiGridView( 4861): updateSelectedItemMetadata
D/FeiGridView( 4861): onFocusChanged
D/FeiGridView( 4861): oldSelectedChildcom.coship.Multimedia.view.ScaleViewPanelForListView@423e9410 lose focus
D/FeiGridView( 4861): onFocusChanged
D/FeiGridView( 4861): child com.coship.Multimedia.view.ScaleViewPanelForListView@41aee8f8 requestFocus
D/FeiGridView( 4861): child com.coship.Multimedia.view.ScaleViewPanelForListView@41aee8f8has focus
D/FeiGridView( 4861): scrollToPosition distance = 0
D/FeiGridView( 4861): setSelectedPositionInt
D/FeiGridView( 4861): updateSelectedItemMetadata
D/FeiGridView( 4861): child com.coship.Multimedia.view.ScaleViewPanelForListView@41aee8f8has focus
D/FeiGridView( 4861): getChildDrawingOrder:i = 0
D/FeiGridView( 4861): getChildDrawingOrder:index = 4
D/FeiGridView( 4861): getChildDrawingOrder:i = 1
D/FeiGridView( 4861): getChildDrawingOrder:index = 4
D/FeiGridView( 4861): getChildDrawingOrder:i = 2
D/FeiGridView( 4861): getChildDrawingOrder:index = 4
D/FeiGridView( 4861): getChildDrawingOrder:i = 3
D/FeiGridView( 4861): getChildDrawingOrder:index = 4
D/FeiGridView( 4861): getChildDrawingOrder:i = 4
D/FeiGridView( 4861): getChildDrawingOrder:index = 4
D/ScaleViewPanel( 4861): dispatchDraw
D/MonitorCw880( 1316): Current Remote Host is null, continue, counter=0

[ 6017.463071] IR: [03932] scan key value is 0xec13c936 
[ 6017.463076]  D/FeiGridView( 4861): onKeyDown repeat = 1
E/WindowManager(  956): ##############################dispatchUnhandledKey

[ 6017.515645] IR: [03932] scan key value is 0xec13c936 
[ 6017.515650]  D/FileListActivity( 4861): media file count1
D/FileListActivity( 4861): parent path/mnt/usb/sda3/测试资源1position4
D/ScaleViewPanel( 4861): onDetachedFromWindow
D/ScaleViewPanel( 4861): onDetachedFromWindow
D/ScaleViewPanel( 4861): onDetachedFromWindow
D/ScaleViewPanel( 4861): onDetachedFromWindow
D/ScaleViewPanel( 4861): onDetachedFromWindow
D/FeiGridView( 4861): onFocusChanged
D/FeiGridView( 4861): setSelectedPositionInt
D/FeiGridView( 4861): updateSelectedItemMetadata
D/FeiGridView( 4861): no focus change, exit.
D/FeiGridView( 4861): setSelectedPositionInt
D/FeiGridView( 4861): updateSelectedItemMetadata
D/FeiGridView( 4861): no focus change, exit.
D/ScaleViewPanel( 4861): ScaleViewPanel constructor
D/FileAdapter( 4861): get view success!
D/FeiGridView( 4861): layout
D/FeiGridView( 4861): mSelectedPosition >= 0 ,layout exit
D/FeiGridView( 4861): in layout makeAndAddView childrenTop=0
D/FeiGridView( 4861): try to find cached view at 0
D/FeiGridView( 4861): found cached view at 0
D/FeiGridView( 4861): calculateLeft pos, 0 childLeft = 35
D/FeiGridView( 4861): try to find cached view at 1
D/FeiGridView( 4861): get new View at 1
D/ScaleViewPanel( 4861): ScaleViewPanel constructor
D/FileAdapter( 4861): get view success!
D/FeiGridView( 4861): calculateLeft pos, 1 childLeft = 35
D/FeiGridView( 4861): mPrevSelectedPosition = -1 curPosition = 1 mPendingTargetPos = -1
D/FeiGridView( 4861): updateSelectedItemMetadata
D/FeiGridView( 4861): oldSelectedChildcom.coship.Multimedia.view.ScaleViewPanelForListView@41aee8f8 lose focus
D/FeiGridView( 4861): onFocusChanged
D/FeiGridView( 4861): child com.coship.Multimedia.view.ScaleViewPanelForListView@4139ea58 requestFocus
D/FeiGridView( 4861): child com.coship.Multimedia.view.ScaleViewPanelForListView@4139ea58has focus
D/FeiGridView( 4861): try to find cached view at 2
D/FeiGridView( 4861): get new View at 2
D/ScaleViewPanel( 4861): ScaleViewPanel constructor
D/FileAdapter( 4861): get view success!
D/FeiGridView( 4861): calculateLeft pos, 2 childLeft = 35
D/FeiGridView( 4861): mPrevSelectedPosition = -1 curPosition = 2 mPendingTargetPos = -1
D/FeiGridView( 4861): updateSelectedItemMetadata
D/FeiGridView( 4861): child com.coship.Multimedia.view.ScaleViewPanelForListView@4139ea58has focus
D/FeiGridView( 4861): try to find cached view at 3
D/FeiGridView( 4861): get new View at 3
D/ScaleViewPanel( 4861): ScaleViewPanel constructor
D/FileAdapter( 4861): get view success!
D/FeiGridView( 4861): calculateLeft pos, 3 childLeft = 35
D/FeiGridView( 4861): mPrevSelectedPosition = -1 curPosition = 3 mPendingTargetPos = -1
D/FeiGridView( 4861): updateSelectedItemMetadata
D/FeiGridView( 4861): child com.coship.Multimedia.view.ScaleViewPanelForListView@4139ea58has focus
D/FeiGridView( 4861): try to find cached view at 4
D/FeiGridView( 4861): get new View at 4
D/ScaleViewPanel( 4861): ScaleViewPanel constructor
D/FileAdapter( 4861): get view success!
D/FeiGridView( 4861): calculateLeft pos, 4 childLeft = 35
D/FeiGridView( 4861): mPrevSelectedPosition = -1 curPosition = 4 mPendingTargetPos = -1
D/FeiGridView( 4861): updateSelectedItemMetadata
D/FeiGridView( 4861): child com.coship.Multimedia.view.ScaleViewPanelForListView@4139ea58has focus
D/FeiGridView( 4861): updateSelectedItemMetadata
D/FeiGridView( 4861): child com.coship.Multimedia.view.ScaleViewPanelForListView@4139ea58has focus
D/FeiGridView( 4861): getChildDrawingOrder:i = 0
D/FeiGridView( 4861): getChildDrawingOrder:index = 0
D/FeiGridView( 4861): getChildDrawingOrder:i = 1
D/FeiGridView( 4861): getChildDrawingOrder:index = 0
D/FeiGridView( 4861): getChildDrawingOrder:i = 2
D/FeiGridView( 4861): getChildDrawingOrder:index = 0
D/FeiGridView( 4861): getChildDrawingOrder:i = 3
D/FeiGridView( 4861): getChildDrawingOrder:index = 0
D/FeiGridView( 4861): getChildDrawingOrder:i = 4
D/FeiGridView( 4861): getChildDrawingOrder:index = 0
D/ScaleViewPanel( 4861): dispatchDraw
D/FeiGridView( 4861): getChildDrawingOrder:i = 0
D/FeiGridView( 4861): getChildDrawingOrder:index = 0
D/FeiGridView( 4861): getChildDrawingOrder:i = 1
D/FeiGridView( 4861): getChildDrawingOrder:index = 0
D/FeiGridView( 4861): getChildDrawingOrder:i = 2
D/FeiGridView( 4861): getChildDrawingOrder:index = 0
D/FeiGridView( 4861): getChildDrawingOrder:i = 3
D/FeiGridView( 4861): getChildDrawingOrder:index = 0
D/FeiGridView( 4861): getChildDrawingOrder:i = 4
D/FeiGridView( 4861): getChildDrawingOrder:index = 0
D/ScaleViewPanel( 4861): dispatchDraw
D/MonitorCw880( 1316): Current Remote Host is null, continue, counter=0

[ 6018.778367] IR: [03932] scan key value is 0xec13c936 
[ 6018.778371]  D/FeiGridView( 4861): onKeyDown repeat = 1
E/WindowManager(  956): ##############################dispatchUnhandledKey

[ 6018.830932] IR: [03932] scan key value is 0xec13c936 
[ 6018.830937]  D/FileListActivity( 4861): media file count1
D/FileListActivity( 4861): parent path/mnt/usb/sda3/测试资源1/视频position0
D/ScaleViewPanel( 4861): onDetachedFromWindow
D/ScaleViewPanel( 4861): onDetachedFromWindow
D/ScaleViewPanel( 4861): onDetachedFromWindow
D/ScaleViewPanel( 4861): onDetachedFromWindow
D/ScaleViewPanel( 4861): onDetachedFromWindow
D/FeiGridView( 4861): onFocusChanged
D/FeiGridView( 4861): setSelectedPositionInt
D/FeiGridView( 4861): updateSelectedItemMetadata
D/FeiGridView( 4861): no focus change, exit.
D/FeiGridView( 4861): setSelectedPositionInt
D/FeiGridView( 4861): updateSelectedItemMetadata
D/FeiGridView( 4861): no focus change, exit.
D/ScaleViewPanel( 4861): ScaleViewPanel constructor
D/FileAdapter( 4861): get view success!
D/FeiGridView( 4861): layout
D/FeiGridView( 4861): mSelectedPosition >= 0 ,layout exit
D/FeiGridView( 4861): in layout makeAndAddView childrenTop=0
D/FeiGridView( 4861): try to find cached view at 0
D/FeiGridView( 4861): found cached view at 0
D/FeiGridView( 4861): calculateLeft pos, 0 childLeft = 35
D/FeiGridView( 4861): try to find cached view at 1
D/FeiGridView( 4861): get new View at 1
D/ScaleViewPanel( 4861): ScaleViewPanel constructor
D/FileAdapter( 4861): get view success!
D/FeiGridView( 4861): calculateLeft pos, 1 childLeft = 35
D/FeiGridView( 4861): mPrevSelectedPosition = -1 curPosition = 1 mPendingTargetPos = -1
D/FeiGridView( 4861): updateSelectedItemMetadata
D/FeiGridView( 4861): oldSelectedChildcom.coship.Multimedia.view.ScaleViewPanelForListView@4139ea58 lose focus
D/FeiGridView( 4861): onFocusChanged
D/FeiGridView( 4861): child com.coship.Multimedia.view.ScaleViewPanelForListView@4173d010 requestFocus
D/FeiGridView( 4861): child com.coship.Multimedia.view.ScaleViewPanelForListView@4173d010has focus
D/FeiGridView( 4861): try to find cached view at 2
D/FeiGridView( 4861): get new View at 2
D/ScaleViewPanel( 4861): ScaleViewPanel constructor
D/FileAdapter( 4861): get view success!
D/MonitorCw880( 1316): Current Remote Host is null, continue, counter=0
D/FeiGridView( 4861): calculateLeft pos, 2 childLeft = 35
D/FeiGridView( 4861): mPrevSelectedPosition = -1 curPosition = 2 mPendingTargetPos = -1
D/FeiGridView( 4861): updateSelectedItemMetadata
D/FeiGridView( 4861): child com.coship.Multimedia.view.ScaleViewPanelForListView@4173d010has focus
D/FeiGridView( 4861): updateSelectedItemMetadata
D/FeiGridView( 4861): child com.coship.Multimedia.view.ScaleViewPanelForListView@4173d010has focus
D/FeiGridView( 4861): getChildDrawingOrder:i = 0
D/FeiGridView( 4861): getChildDrawingOrder:index = 0
D/FeiGridView( 4861): getChildDrawingOrder:i = 1
D/FeiGridView( 4861): getChildDrawingOrder:index = 0
D/FeiGridView( 4861): getChildDrawingOrder:i = 2
D/FeiGridView( 4861): getChildDrawingOrder:index = 0
D/ScaleViewPanel( 4861): dispatchDraw
D/FeiGridView( 4861): getChildDrawingOrder:i = 0
D/FeiGridView( 4861): getChildDrawingOrder:index = 0
D/FeiGridView( 4861): getChildDrawingOrder:i = 1
D/FeiGridView( 4861): getChildDrawingOrder:index = 0
D/FeiGridView( 4861): getChildDrawingOrder:i = 2
D/FeiGridView( 4861): getChildDrawingOrder:index = 0
D/ScaleViewPanel( 4861): dispatchDraw
D/dalvikvm( 4861): GC_CONCURRENT freed 1947K, 28% free 23766K/32707K, paused 2ms+6ms
D/dalvikvm( 4861): GC_CONCURRENT freed 1995K, 28% free 23812K/32707K, paused 2ms+6ms
D/dalvikvm( 4861): GC_CONCURRENT freed 2046K, 28% free 23804K/32707K, paused 2ms+5ms
D/MonitorCw880( 1316): Current Remote Host is null, continue, counter=0
D/dalvikvm( 4861): GC_CONCURRENT freed 2023K, 28% free 23734K/32707K, paused 3ms+5ms
D/MonitorCw880( 1316): Current Remote Host is null, continue, counter=0
D/MonitorCw880( 1316): Current Remote Host is null, continue, counter=0
D/MonitorCw880( 1316): Current Remote Host is null, continue, counter=0
D/MonitorCw880( 1316): Current Remote Host is null, continue, counter=0
D/MonitorCw880( 1316): Current Remote Host is null, continue, counter=0

[ 6025.744631] IR: [03932] scan key value is 0xf10ec936 
[ 6025.744636]  D/FeiGridView( 4861): onKeyDown repeat = 1
D/FileListActivity( 4861): media file count1
D/FileListActivity( 4861): parent path/mnt/usb/sda3/测试资源
[ 6025.797209] IR: [03932] scan key value is 0xf10ec936 
[ 6025.797214]  1position-1
D/ScaleViewPanel( 4861): onDetachedFromWindow
D/ScaleViewPanel( 4861): onDetachedFromWindow
D/ScaleViewPanel( 4861): onDetachedFromWindow
D/FeiGridView( 4861): onFocusChanged
D/FeiGridView( 4861): setSelectedPositionInt
D/FeiGridView( 4861): updateSelectedItemMetadata
D/FeiGridView( 4861): no focus change, exit.
D/FeiGridView( 4861): setSelectedPositionInt
D/FeiGridView( 4861): updateSelectedItemMetadata
D/FeiGridView( 4861): no focus change, exit.
D/FeiGridView( 4861): setSelectedPositionInt
D/FeiGridView( 4861): updateSelectedItemMetadata
D/FeiGridView( 4861): no focus change, exit.
D/ScaleViewPanel( 4861): ScaleViewPanel constructor
D/FileAdapter( 4861): get view success!
D/FeiGridView( 4861): layout
D/FeiGridView( 4861): mSelectedPosition >= 0 ,layout exit
D/FeiGridView( 4861): in layout makeAndAddView childrenTop=0
D/FeiGridView( 4861): try to find cached view at 0
D/FeiGridView( 4861): found cached view at 0
D/FeiGridView( 4861): calculateLeft pos, 0 childLeft = 35
D/FeiGridView( 4861): try to find cached view at 1
D/FeiGridView( 4861): get new View at 1
D/ScaleViewPanel( 4861): ScaleViewPanel constructor
D/FileAdapter( 4861): get view success!
D/FeiGridView( 4861): calculateLeft pos, 1 childLeft = 35
D/FeiGridView( 4861): mPrevSelectedPosition = -1 curPosition = 1 mPendingTargetPos = -1
D/FeiGridView( 4861): updateSelectedItemMetadata
D/FeiGridView( 4861): oldSelectedChildcom.coship.Multimedia.view.ScaleViewPanelForListView@4173d010 lose focus
D/FeiGridView( 4861): onFocusChanged
D/FeiGridView( 4861): child com.coship.Multimedia.view.ScaleViewPanelForListView@41b9be50 requestFocus
D/FeiGridView( 4861): child com.coship.Multimedia.view.ScaleViewPanelForListView@41b9be50has focus
D/FeiGridView( 4861): try to find cached view at 2
D/FeiGridView( 4861): get new View at 2
D/ScaleViewPanel( 4861): ScaleViewPanel constructor
D/dalvikvm( 4861): GC_CONCURRENT freed 2015K, 28% free 23654K/32707K, paused 3ms+6ms
D/FileAdapter( 4861): get view success!
D/FeiGridView( 4861): calculateLeft pos, 2 childLeft = 35
D/FeiGridView( 4861): mPrevSelectedPosition = -1 curPosition = 2 mPendingTargetPos = -1
D/FeiGridView( 4861): updateSelectedItemMetadata
D/FeiGridView( 4861): child com.coship.Multimedia.view.ScaleViewPanelForListView@41b9be50has focus
D/FeiGridView( 4861): try to find cached view at 3
D/FeiGridView( 4861): get new View at 3
D/ScaleViewPanel( 4861): ScaleViewPanel constructor
D/FileAdapter( 4861): get view success!
D/FeiGridView( 4861): calculateLeft pos, 3 childLeft = 35
D/FeiGridView( 4861): mPrevSelectedPosition = -1 curPosition = 3 mPendingTargetPos = -1
D/FeiGridView( 4861): updateSelectedItemMetadata
D/FeiGridView( 4861): child com.coship.Multimedia.view.ScaleViewPanelForListView@41b9be50has focus
D/FeiGridView( 4861): try to find cached view at 4
D/FeiGridView( 4861): get new View at 4
D/ScaleViewPanel( 4861): ScaleViewPanel constructor
D/FileAdapter( 4861): get view success!
D/FeiGridView( 4861): calculateLeft pos, 4 childLeft = 35
D/FeiGridView( 4861): mPrevSelectedPosition = -1 curPosition = 4 mPendingTargetPos = -1
D/FeiGridView( 4861): updateSelectedItemMetadata
D/FeiGridView( 4861): child com.coship.Multimedia.view.ScaleViewPanelForListView@41b9be50has focus
D/FeiGridView( 4861): updateSelectedItemMetadata
D/FeiGridView( 4861): child com.coship.Multimedia.view.ScaleViewPanelForListView@41b9be50has focus
D/FeiGridView( 4861): getChildDrawingOrder:i = 0
D/FeiGridView( 4861): getChildDrawingOrder:index = 0
D/FeiGridView( 4861): getChildDrawingOrder:i = 1
D/FeiGridView( 4861): getChildDrawingOrder:index = 0
D/FeiGridView( 4861): getChildDrawingOrder:i = 2
D/FeiGridView( 4861): getChildDrawingOrder:index = 0
D/FeiGridView( 4861): getChildDrawingOrder:i = 3
D/FeiGridView( 4861): getChildDrawingOrder:index = 0
D/FeiGridView( 4861): getChildDrawingOrder:i = 4
D/FeiGridView( 4861): getChildDrawingOrder:index = 0
D/ScaleViewPanel( 4861): dispatchDraw
D/InputEventConsistencyVerifier( 4861): KeyEvent: ACTION_UP but key was not down.
D/InputEventConsistencyVerifier( 4861):   in Handler (android.view.ViewRootImpl) {41b88e88}
D/InputEventConsistencyVerifier( 4861):   0: sent at 6025964000000, KeyEvent { action=ACTION_UP, keyCode=KEYCODE_BACK, scanCode=158, metaState=0, flags=0x8, repeatCount=0, eventTime=6025964, downTime=6025751, deviceId=1, source=0x101 }
D/InputEventConsistencyVerifier( 4861):   -- recent events --
D/InputEventConsistencyVerifier( 4861):   1: sent at 6025759000000, KeyEvent { action=ACTION_UP, keyCode=KEYCODE_BACK, scanCode=158, metaState=0, flags=0x28, repeatCount=0, eventTime=6025759, downTime=6025751, deviceId=1, source=0x101 }
D/InputEventConsistencyVerifier( 4861):   2: sent at 6025751000000, KeyEvent { action=ACTION_DOWN, keyCode=KEYCODE_BACK, scanCode=158, metaState=0, flags=0x8, repeatCount=0, eventTime=6025751, downTime=6025751, deviceId=1, source=0x101 }
D/InputEventConsistencyVerifier( 4861):   3: sent at 6018996000000, KeyEvent { action=ACTION_UP, keyCode=KEYCODE_ENTER, scanCode=28, metaState=0, flags=0x8, repeatCount=0, eventTime=6018996, downTime=6018784, deviceId=1, source=0x101 }
D/InputEventConsistencyVerifier( 4861):   4: sent at 6018784000000, KeyEvent { action=ACTION_DOWN, keyCode=KEYCODE_ENTER, scanCode=28, metaState=0, flags=0x8, repeatCount=0, eventTime=6018784, downTime=6018784, deviceId=1, source=0x101 }
D/InputEventConsistencyVerifier( 4861):   5: sent at 6017680000000, KeyEvent { action=ACTION_UP, keyCode=KEYCODE_ENTER, scanCode=28, metaState=0, flags=0x8, repeatCount=0, eventTime=6017680, downTime=6017469, deviceId=1, source=0x101 }
D/FeiGridView( 4861): getChildDrawingOrder:i = 0
D/FeiGridView( 4861): getChildDrawingOrder:index = 0
D/FeiGridView( 4861): getChildDrawingOrder:i = 1
D/FeiGridView( 4861): getChildDrawingOrder:index = 0
D/FeiGridView( 4861): getChildDrawingOrder:i = 2
D/FeiGridView( 4861): getChildDrawingOrder:index = 0
D/FeiGridView( 4861): getChildDrawingOrder:i = 3
D/FeiGridView( 4861): getChildDrawingOrder:index = 0
D/FeiGridView( 4861): getChildDrawingOrder:i = 4
D/FeiGridView( 4861): getChildDrawingOrder:index = 0
D/ScaleViewPanel( 4861): dispatchDraw
D/MonitorCw880( 1316): Current Remote Host is null, continue, counter=0

[ 6026.868459] IR: [03932] scan key value is 0xea15c936 
[ 6026.868464]  D/FeiGridView( 4861): onKeyDown repeat = 1
D/FeiGridView( 4861): setSelectedPositionInt
D/FeiGridView( 4861): updateSelectedItemMetadata
D/FeiGridView( 4861): onFocusChanged
D/FeiGridView( 4861): oldSelectedChildcom.coship.Multimedia.view.ScaleViewPanelForListView@41b9be50 lose focus
D/FeiGridView( 4861): onFocusChanged
D/FeiGridView( 4861): child com.coship.Multimedia.view.ScaleViewPanelFor
[ 6026.921027] IR: [03932] scan key value is 0xea15c936 
[ 6026.921032]  ListView@41b8f350 requestFocus
D/FeiGridView( 4861): child com.coship.Multimedia.view.ScaleViewPanelForListView@41b8f350has focus
D/FeiGridView( 4861): scrollToPosition distance = 0
D/FeiGridView( 4861): setSelectedPositionInt
D/FeiGridView( 4861): updateSelectedItemMetadata
D/FeiGridView( 4861): child com.coship.Multimedia.view.ScaleViewPanelForListView@41b8f350has focus
D/FeiGridView( 4861): getChildDrawingOrder:i = 0
D/FeiGridView( 4861): getChildDrawingOrder:index = 1
D/FeiGridView( 4861): getChildDrawingOrder:i = 1
D/FeiGridView( 4861): getChildDrawingOrder:index = 1
D/FeiGridView( 4861): getChildDrawingOrder:i = 2
D/FeiGridView( 4861): getChildDrawingOrder:index = 1
D/FeiGridView( 4861): getChildDrawingOrder:i = 3
D/FeiGridView( 4861): getChildDrawingOrder:index = 1
D/FeiGridView( 4861): getChildDrawingOrder:i = 4
D/FeiGridView( 4861): getChildDrawingOrder:index = 1
D/ScaleViewPanel( 4861): dispatchDraw
D/MonitorCw880( 1316): Current Remote Host is null, continue, counter=0

[ 6027.221581] IR: [03932] scan key value is 0xea15c936 
[ 6027.221586]  D/FeiGridView( 4861): onKeyDown repeat = 1
D/FeiGridView( 4861): setSelectedPositionInt
D/FeiGridView( 4861): updateSelectedItemMetadata
D/FeiGridView( 4861): onFocusChanged
D/FeiGridView( 4861): oldSelectedChildcom.coship.Multimedia.view.ScaleViewPanelForListView@41b8f350 lose focus
D/FeiGridView( 4861): onFocusChanged
D/FeiGridView( 4861): child com.coship.Multimedia.view.ScaleViewPanelForListView@4139ea5
[ 6027.274157] IR: [03932] scan key value is 0xea15c936 
[ 6027.274162]  8 requestFocus
D/FeiGridView( 4861): child com.coship.Multimedia.view.ScaleViewPanelForListView@4139ea58has focus
D/FeiGridView( 4861): scrollToPosition distance = 0
D/FeiGridView( 4861): setSelectedPositionInt
D/FeiGridView( 4861): updateSelectedItemMetadata
D/FeiGridView( 4861): child com.coship.Multimedia.view.ScaleViewPanelForListView@4139ea58has focus
D/FeiGridView( 4861): getChildDrawingOrder:i = 0
D/FeiGridView( 4861): getChildDrawingOrder:index = 2
D/FeiGridView( 4861): getChildDrawingOrder:i = 1
D/FeiGridView( 4861): getChildDrawingOrder:index = 2
D/FeiGridView( 4861): getChildDrawingOrder:i = 2
D/FeiGridView( 4861): getChildDrawingOrder:index = 2
D/FeiGridView( 4861): getChildDrawingOrder:i = 3
D/FeiGridView( 4861): getChildDrawingOrder:index = 2
D/FeiGridView( 4861): getChildDrawingOrder:i = 4
D/FeiGridView( 4861): getChildDrawingOrder:index = 2
D/ScaleViewPanel( 4861): dispatchDraw

[ 6027.461697] IR: [03932] scan key value is 0xea15c936 
[ 6027.461702]  D/FeiGridView( 4861): onKeyDown repeat = 1
D/FeiGridView( 4861): setSelectedPositionInt
D/FeiGridView( 4861): updateSelectedItemMetadata
D/FeiGridView( 4861): onFocusChanged
D/FeiGridView( 4861): oldSelectedChildcom.coship.Multimedia.view.ScaleViewPanelForListView@4139ea58 lose focus
D/FeiGridView( 4861): onFocusChanged
D/FeiGridView( 4861): child com.coship.Multimedia.view.ScaleViewPanelFor
[ 6027.514271] IR: [03932] scan key value is 0xea15c936 
[ 6027.514276]  ListView@416d2458 requestFocus
D/FeiGridView( 4861): child com.coship.Multimedia.view.ScaleViewPanelForListView@416d2458has focus
D/FeiGridView( 4861): scrollToPosition distance = 0
D/FeiGridView( 4861): setSelectedPositionInt
D/FeiGridView( 4861): updateSelectedItemMetadata
D/FeiGridView( 4861): child com.coship.Multimedia.view.ScaleViewPanelForListView@416d2458has focus
D/FeiGridView( 4861): getChildDrawingOrder:i = 0
D/FeiGridView( 4861): getChildDrawingOrder:index = 3
D/FeiGridView( 4861): getChildDrawingOrder:i = 1
D/FeiGridView( 4861): getChildDrawingOrder:index = 3
D/FeiGridView( 4861): getChildDrawingOrder:i = 2
D/FeiGridView( 4861): getChildDrawingOrder:index = 3
D/FeiGridView( 4861): getChildDrawingOrder:i = 3
D/FeiGridView( 4861): getChildDrawingOrder:index = 3
D/FeiGridView( 4861): getChildDrawingOrder:i = 4
D/FeiGridView( 4861): getChildDrawingOrder:index = 3
D/ScaleViewPanel( 4861): dispatchDraw
D/MonitorCw880( 1316): Current Remote Host is null, continue, counter=0

[ 6028.205717] IR: [03932] scan key value is 0xea15c936 
[ 6028.205722]  D/FeiGridView( 4861): onKeyDown repeat = 1
D/FeiGridView( 4861): setSelectedPositionInt
D/FeiGridView( 4861): updateSelectedItemMetadata
D/FeiGridView( 4861): onFocusChanged
D/FeiGridView( 4861): oldSelectedChildcom.coship.Multimedia.view.ScaleViewPanelForListView@416d2458 lose focus
D/FeiGridView( 4861): onFocusChanged
D/FeiGridView( 4861): child com.coship.Multimedia.view.ScaleViewPanelForListView@41600df
[ 6028.258289] IR: [03932] scan key value is 0xea15c936 
[ 6028.258294]  0 requestFocus
D/FeiGridView( 4861): child com.coship.Multimedia.view.ScaleViewPanelForListView@41600df0has focus
D/FeiGridView( 4861): scrollToPosition distance = 0
D/FeiGridView( 4861): setSelectedPositionInt
D/FeiGridView( 4861): updateSelectedItemMetadata
D/FeiGridView( 4861): child com.coship.Multimedia.view.ScaleViewPanelForListView@41600df0has focus
D/FeiGridView( 4861): getChildDrawingOrder:i = 0
D/FeiGridView( 4861): getChildDrawingOrder:index = 4
D/FeiGridView( 4861): getChildDrawingOrder:i = 1
D/FeiGridView( 4861): getChildDrawingOrder:index = 4
D/FeiGridView( 4861): getChildDrawingOrder:i = 2
D/FeiGridView( 4861): getChildDrawingOrder:index = 4
D/FeiGridView( 4861): getChildDrawingOrder:i = 3
D/FeiGridView( 4861): getChildDrawingOrder:index = 4
D/FeiGridView( 4861): getChildDrawingOrder:i = 4
D/FeiGridView( 4861): getChildDrawingOrder:index = 4
D/ScaleViewPanel( 4861): dispatchDraw

[ 6028.456337] IR: [03932] scan key value is 0xea15c936 
[ 6028.456341]  D/FeiGridView( 4861): onKeyDown repeat = 1
D/FeiGridView( 4861): targetChild is null
D/FeiGridView( 4861): targetPos > getLastVisiblePosition()
D/FeiGridView( 4861): scrollToPosition distance = -108
D/FeiGridView( 4861): setSelectedPositionInt
D/FeiGridView( 4861): updateSelectedItemMetadata
D/FeiGridView( 4861): no focus change, exit.
D/FeiGridView( 4861): getChildDrawingOrder:i = 0
D/FeiGridView( 4861): getChildDrawingOrder:index = 0
D/FeiGridView( 4861): getChildDrawingOrder:i = 1
D/FeiGridView( 4861): getChildDrawingOrder:index = 0
D/FeiGridView( 4861): getChildDrawingOrder:i = 2
D/FeiGridView( 4861): getChildDrawingOrder:index = 0
D/FeiGridView( 4861): getChildDrawingOrder:i = 3
D/FeiGridView( 4861): getChildDrawingOrder:index = 0
D/FeiGridView( 4861): getChildDrawingOrder:i = 4
D/FeiGridView( 4861): getChildDrawingOrder:index = 0
D/FeiGridView( 4861): getChildDrawingOrder:i = 0
D/FeiGridView( 4861): getChildDrawingOrder:index = 0
D/FeiGridView( 4861): getChildDrawingOrder:i = 1
D/FeiGridView( 4861): getChildDrawingOrder:index = 0
D/FeiGridView( 4861): getChildDrawingOrder:i = 2
D/FeiGridView( 4861): getChildDrawingOrder:index = 0
D/FeiGridView( 4861): getChildDrawingOrder:i = 3
D/FeiGridView( 4861): getChildDrawingOrder:index = 0
D/FeiGridView( 4861): getChildDrawingOrder:i = 4
D/FeiGridView( 4861): getChildDrawingOrder:index = 0
D/FeiGridView( 4861): getChildDrawingOrder:i = 0
D/FeiGridView( 4861): getChildDrawingOrder:index = 0
D/FeiGridView( 4861): getChildDrawingOrder:i = 1
D/FeiGridView( 4861): getChildDrawingOrder:index = 0
D/FeiGridView( 4861): getChildDrawingOrder:i = 2
D/FeiGridView( 4861): getChildDrawingOrder:index = 0
D/FeiGridView( 4861): getChildDrawingOrder:i = 3
D/FeiGridView( 4861): getChildDrawingOrder:index = 0
D/FeiGridView( 4861): getChildDrawingOrder:i = 4
D/FeiGridView( 4861): getChildDrawingOrder:index = 0
D/FeiGridView( 4861): try to find cached view at 5
D/FeiGridView( 4861): get new View at 5
D/ScaleViewPanel( 4861): ScaleViewPanel constructor
D/FileAdapter( 4861): get view success!
D/FeiGridView( 4861): calculateLeft pos, 5 childLeft = 35
D/FeiGridView( 4861): mPrevSelectedPosition = -1 curPosition = 5 mPendingTargetPos = -1
D/FeiGridView( 4861): updateSelectedItemMetadata
D/FeiGridView( 4861): onFocusChanged
D/FeiGridView( 4861): oldSelectedChildcom.coship.Multimedia.view.ScaleViewPanelForListView@41600df0 lose focus
D/FeiGridView( 4861): onFocusChanged
D/FeiGridView( 4861): child com.co
[ 6028.691782] IR: [03932] scan key value is 0xea15c936 
[ 6028.691787]  ship.Multimedia.view.ScaleViewPanelForListView@417d67a8 requestFocus
D/FeiGridView( 4861): child com.coship.Multimedia.view.ScaleViewPanelForListView@417d67a8has focus
D/FeiGridView( 4861): getChildDrawingOrder:i = 0
D/FeiGridView( 4861): getChildDrawingOrder:index = 5
D/FeiGridView( 4861): getChildDrawingOrder:i = 1
D/FeiGridView( 4861): getChildDrawingOrder:index = 5
D/FeiGridView( 4861): getChildDrawingOrder:i = 2
D/FeiGridView( 4861): getChildDrawingOrder:index = 5
D/FeiGridView( 4861): getChildDrawingOrder:i = 3
D/FeiGridView( 4861): getChildDrawingOrder:index = 5
D/FeiGridView( 4861): getChildDrawingOrder:i = 4
D/FeiGridView( 4861): getChildDrawingOrder:index = 5
D/FeiGridView( 4861): getChildDrawingOrder:i = 5
D/FeiGridView( 4861): getChildDrawingOrder:index = 5
D/ScaleViewPanel( 4861): dispatchDraw
D/FeiGridView( 4861): getChildDrawingOrder:i = 0
D/FeiGridView( 4861): getChildDrawingOrder:index = 5
D/FeiGridView( 4861): getChildDrawingOrder:i = 1
D/FeiGridView( 4861): getChildDrawingOrder:index = 5
D/FeiGridView( 4861): getChildDrawingOrder:i = 2
D/FeiGridView( 4861): getChildDrawingOrder:index = 5
D/FeiGridView( 4861): getChildDrawingOrder:i = 3
D/FeiGridView( 4861): getChildDrawingOrder:index = 5
D/FeiGridView( 4861): getChildDrawingOrder:i = 4
D/FeiGridView( 4861): getChildDrawingOrder:index = 5
D/FeiGridView( 4861): getChildDrawingOrder:i = 5
D/FeiGridView( 4861): getChildDrawingOrder:index = 5
D/ScaleViewPanel( 4861): dispatchDraw
D/FeiGridView( 4861): getChildDrawingOrder:i = 0
D/FeiGridView( 4861): getChildDrawingOrder:index = 5
D/FeiGridView( 4861): getChildDrawingOrder:i = 1
D/FeiGridView( 4861): getChildDrawingOrder:index = 5
D/FeiGridView( 4861): getChildDrawingOrder:i = 2
D/FeiGridView( 4861): getChildDrawingOrder:index = 5
D/FeiGridView( 4861): getChildDrawingOrder:i = 3
D/FeiGridView( 4861): getChildDrawingOrder:index = 5
D/FeiGridView( 4861): getChildDrawingOrder:i = 4
D/FeiGridView( 4861): getChildDrawingOrder:index = 5
D/FeiGridView( 4861): getChildDrawingOrder:i = 5
D/FeiGridView( 4861): getChildDrawingOrder:index = 5
D/FeiGridView( 4861): getChildDrawingOrder:i = 0
D/FeiGridView( 4861): getChildDrawingOrder:index = 5
D/FeiGridView( 4861): getChildDrawingOrder:i = 1
D/FeiGridView( 4861): getChildDrawingOrder:index = 5
D/FeiGridView( 4861): getChildDrawingOrder:i = 2
D/FeiGridView( 4861): getChildDrawingOrder:index = 5
D/FeiGridView( 4861): getChildDrawingOrder:i = 3
D/FeiGridView( 4861): getChildDrawingOrder:index = 5
D/FeiGridView( 4861): getChildDrawingOrder:i = 4
D/FeiGridView( 4861): getChildDrawingOrder:index = 5
D/FeiGridView( 4861): getChildDrawingOrder:i = 5
[ 6028.931997] IR: [03932] scan key value is 0xea15c936 
[ 6028.932002]  
D/FeiGridView( 4861): getChildDrawingOrder:index = 5
D/FeiGridView( 4861): getChildDrawingOrder:i = 0
D/FeiGridView( 4861): getChildDrawingOrder:index = 5
D/FeiGridView( 4861): getChildDrawingOrder:i = 1
D/FeiGridView( 4861): getChildDrawingOrder:index = 5
D/FeiGridView( 4861): getChildDrawingOrder:i = 2
D/FeiGridView( 4861): getChildDrawingOrder:index = 5
D/FeiGridView( 4861): getChildDrawingOrder:i = 3
D/FeiGridView( 4861): getChildDrawingOrder:index = 5
D/FeiGridView( 4861): getChildDrawingOrder:i = 4
D/FeiG
[ 6028.984563] IR: [03932] scan key value is 0xea15c936 
[ 6028.984568]  ridView( 4861): getChildDrawingOrder:index = 5
D/FeiGridView( 4861): getChildDrawingOrder:i = 5
D/FeiGridView( 4861): getChildDrawingOrder:index = 5
D/FeiGridView( 4861): getChildDrawingOrder:i = 0
D/FeiGridView( 4861): getChildDrawingOrder:index = 5
D/FeiGridView( 4861): getChildDrawingOrder:i = 1
D/FeiGridView( 4861): getChildDrawingOrder:index = 5
D/FeiGridView( 4861): getChildDrawingOrder:i = 2
D/FeiGridView( 4861): getChildDrawingOrder:index = 5
D/FeiGridView( 4861): getChildDrawingOrder:i = 3
D/FeiGridView( 4861): getChildDrawingOrder:index = 5
D/FeiGridView( 4861): getChildDrawingOrder:i = 4
D/FeiGridView( 4861): getChildDrawingOrder:index = 5
D/FeiGridView( 4861): getChildDrawingOrder:i = 5
D/FeiGridView( 4861): getChildDrawingOrder:index = 5
D/FeiGridView( 4861): getChildDrawingOrder:i = 0
D/FeiGridView( 4861): getChildDrawingOrder:index = 5
D/FeiGridView( 4861): getChildDrawingOrder:i = 1
D/FeiGridView( 4861): getChildDrawingOrder:index = 5
D/FeiGridView( 4861): getChildDrawingOrder:i = 2
D/FeiGridView( 4861): getChildDrawingOrder:index = 5
D/FeiGridView( 4861): getChildDrawingOrder:i = 3
D/FeiGridView( 4861): getChildDrawingOrder:index = 5
D/FeiGridView( 4861): getChildDrawingOrder:i = 4
D/FeiGridView( 4861): getChildDrawingOrder:index = 5
D/FeiGridView( 4861): getChildDrawingOrder:i = 5
D/FeiGridView( 4861): getChildDrawingOrder:index = 5
D/FeiGridView( 4861): getChildDrawingOrder:i = 0
D/FeiGridView( 4861): getChildDrawingOrder:index = 5
D/FeiGridView( 4861): getChildDrawingOrder:i = 1
D/FeiGridView( 4861): getChildDrawingOrder:index = 5
D/FeiGridView( 4861): getChildDrawingOrder:i = 2
D/FeiGridView( 4861): getChildDrawingOrder:index = 5
D/FeiGridView( 4861): getChildDrawingOrder:i = 3
D/FeiGridView( 4861): getChildDrawingOrder:index = 5
D/FeiGridView( 4861): getChildDrawingOrder:i = 4
D/FeiGridView( 4861): getChildDrawingOrder:index = 5
D/FeiGridView( 4861): getChildDrawingOrder:i = 5
D/FeiGridView( 4861): getChildDrawingOrder:index = 5
D/FeiGridView( 4861): getChildDrawingOrder:i = 0
D/FeiGridView( 4861): getChildDrawingOrder:index = 5
D/FeiGridView( 4861): getChildDrawingOrder:i = 1
D/FeiGridView( 4861): getChildDrawingOrder:index = 5
D/FeiGridView( 4861): getChildDrawingOrder:i = 2
D/FeiGridView( 4861): getChildDrawingOrder:index = 5
D/FeiGridView( 4861): getChildDrawingOrder:i = 3
D/FeiGridView( 4861): getChildDrawingOrder:index = 5
D/FeiGridView( 4861): getChildDrawingOrder:i = 4
D/FeiGridView( 4861): getChildDrawingOrder:index = 5
D/FeiGridView( 4861): getChildDrawingOrder:i = 5
D/FeiGridView( 4861): getChildDrawingOrder:index = 5
D/FeiGridView( 4861): getChildDrawingOrder:i = 0
D/FeiGridView( 4861): getChildDrawingOrder:index = 5
D/FeiGridView( 4861): getChildDrawingOrder:i = 1
D/FeiGridView( 4861): getChildDrawingOrder:index = 5
D/FeiGridView( 4861): getChildDrawingOrder:i = 2
D/FeiGridView( 4861): 
[ 6029.244982] IR: [03932] scan key value is 0xea15c936 
[ 6029.244987]  getChildDrawingOrder:index = 5
D/FeiGridView( 4861): getChildDrawingOrder:i = 3
D/FeiGridView( 4861): getChildDrawingOrder:index = 5
D/FeiGridView( 4861): getChildDrawingOrder:i = 4
D/FeiGridView( 4861): getChildDrawingOrder:index = 5
D/FeiGridView( 4861): getChildDrawingOrder:i = 5
D/FeiGridView( 4861): getChildDrawingOrder:index = 5
D/FeiGridView( 4861): getChildDrawingOrder:i = 0
D/FeiGridView( 4861): getChildDrawingOrder:index = 5
D/FeiGridView( 4861): getChildDrawingOrder:i = 1
D/FeiGridView( 4861): getChild
[ 6029.297560] IR: [03932] scan key value is 0xea15c936 
[ 6029.297566]  DrawingOrder:index = 5
D/FeiGridView( 4861): getChildDrawingOrder:i = 2
D/FeiGridView( 4861): getChildDrawingOrder:index = 5
D/FeiGridView( 4861): getChildDrawingOrder:i = 3
D/FeiGridView( 4861): getChildDrawingOrder:index = 5
D/FeiGridView( 4861): getChildDrawingOrder:i = 4
D/FeiGridView( 4861): getChildDrawingOrder:index = 5
D/FeiGridView( 4861): getChildDrawingOrder:i = 5
D/FeiGridView( 4861): getChildDrawingOrder:index = 5
D/FeiGridView( 4861): getChildDrawingOrder:i = 0
D/FeiGridView( 4861): getChildDrawingOrder:index = 5
D/FeiGridView( 4861): getChildDrawingOrder:i = 1
D/FeiGridView( 4861): getChildDrawingOrder:index = 5
D/FeiGridView( 4861): getChildDrawingOrder:i = 2
D/FeiGridView( 4861): getChildDrawingOrder:index = 5
D/FeiGridView( 4861): getChildDrawingOrder:i = 3
D/FeiGridView( 4861): getChildDrawingOrder:index = 5
D/FeiGridView( 4861): getChildDrawingOrder:i = 4
D/FeiGridView( 4861): getChildDrawingOrder:index = 5
D/FeiGridView( 4861): getChildDrawingOrder:i = 5
D/FeiGridView( 4861): getChildDrawingOrder:index = 5
D/FeiGridView( 4861): getChildDrawingOrder:i = 0
D/FeiGridView( 4861): getChildDrawingOrder:index = 5
D/FeiGridView( 4861): getChildDrawingOrder:i = 1
D/FeiGridView( 4861): getChildDrawingOrder:index = 5
D/FeiGridView( 4861): getChildDrawingOrder:i = 2
D/FeiGridView( 4861): getChildDrawingOrder:index = 5
D/FeiGridView( 4861): getChildDrawingOrder:i = 3
D/FeiGridView( 4861): getChildDrawingOrder:index = 5
D/FeiGridView( 4861): getChildDrawingOrder:i = 4
D/FeiGridView( 4861): getChildDrawingOrder:index = 5
D/FeiGridView( 4861): getChildDrawingOrder:i = 5
D/FeiGridView( 4861): getChildDrawingOrder:index = 5
D/FeiGridView( 4861): onKeyDown repeat = 1
D/FeiGridView( 4861): getChildDrawingOrder:i = 0
D/FeiGridView( 4861): getChildDrawingOrder:index = 5
D/FeiGridView( 4861): getChildDrawingOrder:i = 1
D/FeiGridView( 4861): getChildDrawingOrder:index = 5
D/FeiGridView( 4861): getChildDrawingOrder:i = 2
D/FeiGridView( 4861): getChildDrawingOrder:index = 5
D/Fe
[ 6029.482177] IR: [03932] scan key value is 0xea15c936 
[ 6029.482182]  iGridView( 4861): getChildDrawingOrder:i = 3
D/FeiGridView( 4861): getChildDrawingOrder:index = 5
D/FeiGridView( 4861): getChildDrawingOrder:i = 4
D/FeiGridView( 4861): getChildDrawingOrder:index = 5
D/FeiGridView( 4861): getChildDrawingOrder:i = 5
D/FeiGridView( 4861): getChildDrawingOrder:index = 5
D/FeiGridView( 4861): getChildDrawingOrder:i = 0
D/FeiGridView( 4861): getChildDrawingOrder:index = 5
D/FeiGridView( 4861): getChildDrawingOrder:i = 1
D/FeiGridView( 4861): getChildDrawingOrder:index = 5
D/FeiGridView( 4861): getChildDrawingOrder:i = 2
D/FeiGridView( 4861): getChildDrawingOrder:index = 5
D/FeiGridView( 4861): getChildDrawingOrder:i = 3
D/FeiGridView( 4861): getChildDrawingOrder:index = 5
D/FeiGridView( 4861): getChildDrawingOrder:i = 4
D/FeiGridView( 4861): getChildDrawingOrder:index = 5
D/FeiGridView( 4861): getChildDrawingOrder:i = 5
D/FeiGridView( 4861): getChildDrawingOrder:index = 5
D/FeiGridView( 4861): getChildDrawingOrder:i = 0
D/FeiGridView( 4861): getChildDrawingOrder:index = 5
D/FeiGridView( 4861): getChildDrawingOrder:i = 1
D/FeiGridView( 4861): getChildDrawingOrder:index = 5
D/FeiGridView( 4861): getChildDrawingOrder:i = 2
D/FeiGridView( 4861): getChildDrawingOrder:index = 5
D/FeiGridView( 4861): getChildDrawingOrder:i = 3
D/FeiGridView( 4861): getChildDrawingOrder:index = 5
D/FeiGridView( 4861): getChildDrawingOrder:i = 4
D/FeiGridView( 4861): getChildDrawingOrder:index = 5
D/FeiGridView( 4861): getChildDrawingOrder:i = 5
D/FeiGridView( 4861): getChildDrawingOrder:index = 5
D/FeiGridView( 4861): getChildDrawingOrder:i = 0
D/FeiGridView( 4861): getChildDrawingOrder:index = 5
D/FeiGridView( 4861): getChildDrawingOrder:i = 1
D/FeiGridView( 4861): getChildDrawingOrder:index = 5
D/FeiGridView( 4861): getChildDrawingOrder:i = 2
D/FeiGridView( 4861): getChildDrawingOrder:index = 5
D/FeiGridView( 4861): getChildDrawingOrder:i = 3
D/FeiGridView( 4861): getChildDraw
[ 6029.657956] IR: [03932] scan key value is 0xea15c936 
[ 6029.657960]  ingOrder:index = 5
D/FeiGridView( 4861): getChildDrawingOrder:i = 4
D/FeiGridView( 4861): getChildDrawingOrder:index = 5
D/FeiGridView( 4861): getChildDrawingOrder:i = 5
D/FeiGridView( 4861): getChildDrawingOrder:index = 5
D/FakeService( 1648): startBackService
D/BackService( 4861): BackService onStart called
D/BackService( 4861): BackService mStart = true
D/FeiGridView( 4861): getChildDrawingOrder:i = 0
D/FeiGridView( 4861): getChildDrawingOrder:index = 5
D/FeiGridView( 4861): getChildDrawingOrder:i = 1
D/FeiGridView( 4861): getChildDrawingOrder:index = 5
D/FeiGridView( 4861): getChildDrawingOrder:i = 2
D/FeiGridView( 4861): getChildDrawingOrder:index = 5
D/FeiGridView( 4861): getChildDrawingOrder:i = 3
D/FeiGridView( 4861): getChildDrawingOrder:index = 5
D/FeiGridView( 4861): getChildDrawingOrder:i = 4
D/FeiGridView( 4861): getChildDrawingOrder:index = 5
D/FeiGridView( 4861): getChildDrawingOrder:i = 5
D/FeiGridView( 4861): getChildDrawingOrder:index = 5
D/FeiGridView( 4861): getChildDrawingOrder:i = 0
D/FeiGridView( 4861): getChildDrawingOrder:index = 5
D/FeiGridView( 4861): getChildDrawingOrder:i = 1
D/FeiGridView( 4861): getChildDrawingOrder:index = 5
D/FeiGridView( 4861): getChildDrawingOrder:i = 2
D/FeiGridView( 4861): getChildDrawingOrder:index = 5
D/FeiGridView( 4861): getChildDrawingOrder:i = 3
D/FeiGridView( 4861): getChildDrawingOrder:index = 5
D/FeiGridView( 4861): getChildDrawingOrder:i = 4
D/FeiGridView( 4861): getChildDrawingOrder:index = 5
D/FeiGridView( 4861): getChildDrawingOrder:i = 5
D/FeiGridView( 4861): getChildDrawingOrder:index = 5
D/FeiGridView( 4861): getChildDrawingOrder:i = 0
D/FeiGridView( 4861): getChildDrawingOrder:index = 5
D/FeiGridView( 4861): getChildDrawingOrder:i = 1
D/FeiGridView( 4861): getChildDrawingOrder:index = 5
D/FeiGridView( 4861): getChildDrawingOrder:i = 2
D/FeiGridView( 4861): getChildDrawingOrder:index = 5
D/FeiGridView( 4861): getChildDrawingOrder:i = 3
D/FeiGridView( 4861): getChildDrawingOrder:index = 5
D/FeiGridView( 4861): getChildDrawingOrder:i = 4
D/FeiGridView( 4861): getChildDrawingOrder:index = 5
D/FeiGridView( 4861): getChildDrawingOrder:i = 5
D/FeiGridView( 4861): getChildDrawingOrder:index = 5
D/FeiGridView( 4861): getChildDrawingOrder:i = 0
D/FeiGridView( 4861): getChildDrawingOrder:index = 5
D/FeiGridView( 4861): getChildDrawingOrder:i = 1
D/FeiGridView( 4861): getChildDrawingOrder:index = 5
D/FeiGridView( 4861): getChildDrawingOrder:i = 2
D/FeiGridView( 4861): getChildD
[ 6029.884552] IR: [03932] scan key value is 0xea15c936 
[ 6029.884557]  rawingOrder:index = 5
D/FeiGridView( 4861): getChildDrawingOrder:i = 3
D/FeiGridView( 4861): getChildDrawingOrder:index = 5
D/FeiGridView( 4861): getChildDrawingOrder:i = 4
D/FeiGridView( 4861): getChildDrawingOrder:index = 5
D/FeiGridView( 4861): getChildDrawingOrder:i = 5
D/FeiGridView( 4861): getChildDrawingOrder:index = 5
D/FeiGridView( 4861): getChildDrawingOrder:i = 0
D/FeiGridView( 4861): getChildDrawingOrder:index = 5
D/FeiGridView( 4861): getChildDrawingOrder:i = 1
D/FeiGridView( 4861): getChildDrawingOr
[ 6029.937120] IR: [03932] scan key value is 0xea15c936 
[ 6029.937125]  der:index = 5
D/FeiGridView( 4861): getChildDrawingOrder:i = 2
D/FeiGridView( 4861): getChildDrawingOrder:index = 5
D/FeiGridView( 4861): getChildDrawingOrder:i = 3
D/FeiGridView( 4861): getChildDrawingOrder:index = 5
D/FeiGridView( 4861): getChildDrawingOrder:i = 4
D/FeiGridView( 4861): getChildDrawingOrder:index = 5
D/FeiGridView( 4861): getChildDrawingOrder:i = 5
D/FeiGridView( 4861): getChildDrawingOrder:index = 5
D/FeiGridView( 4861): getChildDrawingOrder:i = 0
D/FeiGridView( 4861): getChildDrawingOrder:index = 5
D/FeiGridView( 4861): getChildDrawingOrder:i = 1
D/FeiGridView( 4861): getChildDrawingOrder:index = 5
D/FeiGridView( 4861): getChildDrawingOrder:i = 2
D/FeiGridView( 4861): getChildDrawingOrder:index = 5
D/FeiGridView( 4861): getChildDrawingOrder:i = 3
D/FeiGridView( 4861): getChildDrawingOrder:index = 5
D/FeiGridView( 4861): getChildDrawingOrder:i = 4
D/FeiGridView( 4861): getChildDrawingOrder:index = 5
D/FeiGridView( 4861): getChildDrawingOrder:i = 5
D/FeiGridView( 4861): getChildDrawingOrder:index = 5
D/FeiGridView( 4861): getChildDrawingOrder:i = 0
D/FeiGridView( 4861): getChildDrawingOrder:index = 5
D/FeiGridView( 4861): getChildDrawingOrder:i = 1
D/FeiGridView( 4861): getChildDrawingOrder:index = 5
D/FeiGridView( 4861): getChildDrawingOrder:i = 2
D/FeiGridView( 4861): getChildDrawingOrder:index = 5
D/FeiGridView( 4861): getChildDrawingOrder:i = 3
D/FeiGridView( 4861): getChildDrawingOrder:index = 5
D/FeiGridView( 4861): getChildDrawingOrder:i = 4
D/FeiGridView( 4861): getChildDrawingOrder:index = 5
D/FeiGridView( 4861): getChildDrawingOrder:i = 5
D/FeiGridView( 4861): getChildDrawingOrder:index = 5
D/FeiGridView( 4861): getChildDrawingOrder:i = 0
D/FeiGridView( 4861): getChildDrawingOrder:index = 5
D/FeiGridView( 4861): getChildDrawingOrder:i = 1
D/FeiGridView( 4861): getChildDrawingOrder:index = 5
D/FeiGridView( 4861): getChildDrawingOrder:i = 2
D/FeiGridView( 4861): getChildDrawingOrder:index = 5
D/FeiGridView( 4861): getChildDrawingOrder:i = 3
D/FeiGridView( 4861): getChildDrawingOrder:index = 5
D/FeiGridView( 4861): getChildDrawingOrder:i = 4
D/FeiGridView( 4861): getChildDrawingOrder:index = 5
D/FeiGridView( 4861): getChildDrawingOrder:i = 5
D/FeiGridView( 4861): getChildDrawingOrder:index = 5
D/FeiGridView( 4861): onKeyDown repeat = 1
D/dalvikvm( 4861): GC_CONCURRENT freed 1891K, 28% free 23811K/32707K, paused 3ms+6ms
D/FeiGridView( 4861): getChildDrawingOrder:i = 0
D/FeiGridView( 4861): getChildDrawingOrder:index = 5
D/FeiGridView( 4861): getChildDrawingOrder:i = 1
D/FeiGridView( 4861): getChildDrawingOrder:index = 5
D/FeiGridView( 4861): getChildDrawingOrder:i = 2
D/FeiGridView( 4861): getChildDrawingOrder:index = 5
D/FeiGridView( 4861): getChildDrawingOrder:i = 3
D/FeiGridView( 4861): getChildDrawingOrder:index = 5
[ 6030.192019] IR: [03932] scan key value is 0xea15c936 
[ 6030.192024]  
                D/FeiGridView( 4861): getChildDrawingOrder:i = 4
D/FeiGridView( 4861): getChildDrawingOrder:index = 5
D/FeiGridView( 4861): getChildDrawingOrder:i = 5
D/FeiGridView( 4861): getChildDrawingOrder:index = 5
D/FeiGridView( 4861): getChildDrawingOrder:i = 0
D/FeiGridView( 4861): getChildDrawingOrder:index = 5
D/FeiGridView( 4861): getChildDrawingOrder:i = 1
D/FeiGridView( 4861): getChildDrawingOrder:index = 5
D/FeiGridView( 4861): getChildDrawingOrder:i = 2
D/FeiGridView( 4861): getChildDrawingOrder:index = 5
D/FeiGr
[ 6030.244588] IR: [03932] scan key value is 0xea15c936 
[ 6030.244594]  idView( 4861): getChildDrawingOrder:i = 3
D/FeiGridView( 4861): getChildDrawingOrder:index = 5
D/FeiGridView( 4861): getChildDrawingOrder:i = 4
D/FeiGridView( 4861): getChildDrawingOrder:index = 5
D/FeiGridView( 4861): getChildDrawingOrder:i = 5
D/FeiGridView( 4861): getChildDrawingOrder:index = 5
D/FeiGridView( 4861): updateSelectedItemMetadata
D/FeiGridView( 4861): child com.coship.Multimedia.view.ScaleViewPanelForListView@417d67a8has focus
D/FeiGridView( 4861): getChildDrawingOrder:i = 0
D/FeiGridView( 4861): getChildDrawingOrder:index = 5
D/FeiGridView( 4861): getChildDrawingOrder:i = 1
D/FeiGridView( 4861): getChildDrawingOrder:index = 5
D/FeiGridView( 4861): getChildDrawingOrder:i = 2
D/FeiGridView( 4861): getChildDrawingOrder:index = 5
D/FeiGridView( 4861): getChildDrawingOrder:i = 3
