D/MstarPlayer(  744): MstarPlayer::initRender Done.
D/MstarPlayer(  744): prepare done....video size 1920,1080
D/MstarPlayer(  744): mstar player send event : msg =1   ext1=0 ext2=0  
D/MediaPlayerService(  744): [30] notify (0x1187d8, 1, 0, 0)
D/MediaControler( 4861): onPrepared ok
D/MediaControler( 4861): width:1920
D/MediaControler( 4861): height:1080
D/MediaControler( 4861): start play
D/MstarPlayer(  744): MstarPlayer::setLooping=0
D/IMMPlayer(  744): Send MM_SetLoop
D/IMMPlayer(  744): u32Item:1
D/IMMPlayer(  744): bLoop:0 
D/IMMPlayer(  744): Get ret:0
D/MstarPlayer(  744): playerType
D/MstarPlayer(  744): MstarPlayer::setLooping=0
D/IMMPlayer(  744): Send MM_SetLoop
D/IMMPlayer(  744): u32Item:1
D/IMMPlayer(  744): bLoop:0 
D/IMMPlayer(  744): Get ret:0
D/IMMPlayer(  744): Send MM_Play
D/IMMPlayer(  744): u32Item:1
D/IMMPlayer(  744): Get ret:0
D/MediaControler( 4861): start play
D/VideoPlayer( 4861): onPlayStart
I//lib/ld-linux.so.3(  748): mapi_cpcodec::Play(): 6047759.
I//lib/ld-linux.so.3(  748): [CI][HbbTV-VOD]<INFO>:[1374220315.351757] MM play start
D/MediaControler( 4861): surfaceChanged
D/MediaPlayerService(  744): [30] setVideoSurfaceTexture(0x11c950)
I//lib/ld-linux.so.3(  748): MApp_VDPlayer_Play
I//lib/ld-linux.so.3(  748): [CI][HbbTV-VOD]<INFO>:[1374220315.397355] MM setup display start
I//lib/ld-linux.so.3(  748): Display Msg: 33.
I//lib/ld-linux.so.3(  748): Screen Setting: 1.
I//lib/ld-linux.so.3(  748): Set Black Screen ON.
I//lib/ld-linux.so.3(  748): Video set up display.
I//lib/ld-linux.so.3(  748): Scaler frame buffer mode.
I//lib/ld-linux.so.3(  748): stDisplayInfo.u32OutputRate: 0.
I//lib/ld-linux.so.3(  748): Display Msg: 28.
I//lib/ld-linux.so.3(  748): Video Width: 1920, Height: 1080, FrameRate: 23970, Interlace: 0.
I//lib/ld-linux.so.3(  748): crop: left=0, right=0, top=0, bottom=0
I//lib/ld-linux.so.3(  748): Video Type: 6.
I//lib/ld-linux.so.3(  748): set E_VIDEO_ASPECT_RATIO_16x9
I//lib/ld-linux.so.3(  748): Video Aspect Ratio: 16x9.
I//lib/ld-linux.so.3(  748): 1. Display Rect: x: 0, y: 0, width: 1920, height: 1080.
I//lib/ld-linux.so.3(  748): 2. Display Rect: x: 0, y: 0, width: 1920, height: 1080.
I//lib/ld-linux.so.3(  748): CropRect u16X=0, u16Y=0, u16Width=1920, u16Height=1080
I//lib/ld-linux.so.3(  748): DispRect u16X=0, u16Y=0, u16Width=1920, u16Height=1080
I//lib/ld-linux.so.3(  748): Scaler start: 0x17bc1000, size: 0x1800000.
I//lib/ld-linux.so.3(  748): MVOP switch to MIU 0.
I//lib/ld-linux.so.3(  748): ->u16FrameRate = 23970
I//lib/ld-linux.so.3(  748): ->u8Interlace = 0
I//lib/ld-linux.so.3(  748): ->u16HorSize = 1920
I//lib/ld-linux.so.3(  748): ->u16VerSize = 1080
I//lib/ld-linux.so.3(  748): Crop Win, X: 0, Y: 0, W: 1920, H: 1080.
I//lib/ld-linux.so.3(  748): Diso Win, X: 0, Y: 0, W: 1920, H: 1080.
I//lib/ld-linux.so.3(  748): [MApi_Video] CropWin assigned: x,y,w,h=0,0,1920,1080
I//lib/ld-linux.so.3(  748): [MApi_Video] DstWin assigned: x,y,w,h=0,0,1920,1080
I//lib/ld-linux.so.3(  748): [MApi_Video] SrcWin1[Win=0]: x,y,w,h=152,18,1920,1080
I//lib/ld-linux.so.3(  748): [MApi_Video] CropWin1: x,y,w,h=0,0,1920,1080
I//lib/ld-linux.so.3(  748): [MApi_Video] DispWin1: x,y,w,h=0,0,1920,1080
I//lib/ld-linux.so.3(  748): === open 3D OverScan ===
I//lib/ld-linux.so.3(  748): [MApi_Video] SrcWin2: x,y,w,h=152,18,1920,1080
I//lib/ld-linux.so.3(  748): [MApi_Video] CropWin2: x,y,w,h=0,0,1920,1080
I//lib/ld-linux.so.3(  748): [MApi_Video] DispWin2: x,y,w,h=0,0,1920,1080
I//lib/ld-linux.so.3(  748): [MApi_Video] SrcWin3: x,y,w,h=152,18,1920,1080
I//lib/ld-linux.so.3(  748): [MApi_Video] CropWin3: x,y,w,h=0,0,1920,1080
I//lib/ld-linux.so.3(  748): [MApi_Video] DispWin3: x,y,w,h=0,0,1920,1080
I//lib/ld-linux.so.3(  748): [MApi_Video] SrcWin5[Win=0]: x,y,w,h=152,18,1920,1080
I//lib/ld-linux.so.3(  748): [MApi_Video] CropWin5: x,y,w,h=0,0,1920,1080
I//lib/ld-linux.so.3(  748): [MApi_Video] DispWin5: x,y,w,h=0,0,1920,1080
I//lib/ld-linux.so.3(  748): [MApi_Video] DLC cap Hstart=1, Hend=781, Vstart=87, Vend=3b1
I//lib/ld-linux.so.3(  748):  ****** MApi_SC_ForceFreerun  TRUE ****** 
I//lib/ld-linux.so.3(  748): Read Bandwidthtable.bin
I//lib/ld-linux.so.3(  748): enPQMNRType is 1
I//lib/ld-linux.so.3(  748): enPQFLType is 1
I//lib/ld-linux.so.3(  748):    [Plugins_PatchPQ]Customer Path PQ Add here
D/MstarPlayer(  744): Get E_EVENT_DECODE_FIRST_FRAME_DONE event.
D/MstarPlayer(  744): Read DisplayRectangle FIFO x 0, y 0, w 1920, h 1080
I//lib/ld-linux.so.3(  748): 2. Set up display: 6048052.
I//lib/ld-linux.so.3(  748): [CI][HbbTV-VOD]<INFO>:[1374220315.644544] MM setup display done
I//lib/ld-linux.so.3(  748): Load WMA3 Audio Codec.
I//lib/ld-linux.so.3(  748): ========WMA3 Audio Codec========
I//lib/ld-linux.so.3(  748): ===== Check Audio Decoder Protection from hash-key IP =====
I//lib/ld-linux.so.3(  748): Hash-key Support DD.
I//lib/ld-linux.so.3(  748): Hash-key Support DD+.
I//lib/ld-linux.so.3(  748): Hash-key Support Generic HE-AAC !!
I//lib/ld-linux.so.3(  748): Hash-key Support WMA.
I//lib/ld-linux.so.3(  748): Hash-key Support DRA.
I//lib/ld-linux.so.3(  748): ===== Check Protection IP End                         =====
I//lib/ld-linux.so.3(  748): ******Amplifier_TI5707_SWMute(0)
I//lib/ld-linux.so.3(  748): 5707write fail = 7
I//lib/ld-linux.so.3(  748): 5707write fail = 7
I//lib/ld-linux.so.3(  748): 5707write fail = 7
I//lib/ld-linux.so.3(  748): 5707write fail = 7
I//lib/ld-linux.so.3(  748): 5707write fail = 6
D/MonitorCw880( 1316): Current Remote Host is null, continue, counter=0
I//lib/ld-linux.so.3(  748): Video is in playing state.
D/MstarPlayer(  744): E_EVENT_PLAYING_OK
I//lib/ld-linux.so.3(  748): STC Updated by Video: (92554->83)
I//lib/ld-linux.so.3(  748): FrmCnt:7(0,0,0) Rate:0 Sys:6048244 STC:83 VPTS:83 APTS:0 Delay:41(41) V:90 A:8 VES:0x967f4 AES:0x0 PCM:0x0 AudioErr:0x0
I//lib/ld-linux.so.3(  748): 1st Decode & Display Ready!!
I//lib/ld-linux.so.3(  748): Audio StartTime: 0; STC:83
D/MstarPlayer(  744): MstarPlayer::getDuration  mFlag: 0x5
D/IMMPlayer(  744): Send MM_GetMetaData
D/IMMPlayer(  744): u32Item:1
D/IMMPlayer(  744): eMetadata:10
D/IMMPlayer(  744): u32BuffSize:4
D/IMMPlayer(  744): Get ret:0
D/MstarPlayer(  744): get duration 80872
D/VideoPlayer( 4861): onPlayStart duration:80 timeCode:0
I//lib/ld-linux.so.3(  748): Display Msg: 33.
I//lib/ld-linux.so.3(  748): Screen Setting: 1.
I//lib/ld-linux.so.3(  748): 2. Set Black Screen OFF.
I//lib/ld-linux.so.3(  748): STC Updated by Audio:(131->8)
I//lib/ld-linux.so.3(  748): [CI][HbbTV-VOD]<INFO>:[1374220316.261457] MM play done
D/dalvikvm( 4861): GC_CONCURRENT freed 2074K, 19% free 26496K/32707K, paused 2ms+7ms
D/MonitorCw880( 1316): Current Remote Host is null, continue, counter=0
D/dalvikvm( 4861): GC_CONCURRENT freed 2078K, 20% free 26461K/32707K, paused 3ms+6ms
D/BackService( 4861):   temp ============= 192.168.88.101
D/dalvikvm( 4861): GC_CONCURRENT freed 2062K, 20% free 26367K/32707K, paused 3ms+5ms
D/dalvikvm( 4861): GC_CONCURRENT freed 1951K, 20% free 26423K/32707K, paused 3ms+6ms
I//lib/ld-linux.so.3(  748): FrmCnt:41(0,0,0) Rate:22 Sys:6049750 STC:1465 VPTS:1459 APTS:1464 Delay:35(41) V:481 A:24 VES:0x3cec3d AES:0xee80 PCM:0x4b680 AudioErr:0x0
D/MonitorCw880( 1316): Current Remote Host is null, continue, counter=0
D/MonitorCw880( 1316): Current Remote Host is null, continue, counter=0
I//lib/ld-linux.so.3(  748): FrmCnt:77(0,0,0) Rate:23 Sys:6051282 STC:2997 VPTS:2961 APTS:2996 Delay:5(41) V:521 A:31 VES:0x3e8367 AES:0xed70 PCM:0x4b800 AudioErr:0x0
[ 6051.995380] IR: [03932] scan key value is 0xf10ec936 
[ 6051.995385]  D/VideoPlayer( 4861): onPause
W/ActivityManager(  956): Duplicate finish request for ActivityRecord{41844150 com.coship.Multimedia/.MovieWindow
[ 6052.047974] IR: [03932] scan key value is 0xf10ec936 
[ 6052.047979]  .VideoPlayer}
V/TabletStatusBar( 1162): setLightsOn(true)
D/MonitorCw880( 1316): Current Remote Host is null, continue, counter=0
D/OpenGLRenderer( 4861): Flushing caches (mode 0)
D/dalvikvm(  956): GC_CONCURRENT freed 796K, 57% free 5195K/11843K, paused 2ms+9ms
D/InputEventConsistencyVerifier( 4861): KeyEvent: ACTION_UP but key was not down.
D/InputEventConsistencyVerifier( 4861):   in Handler (android.view.ViewRootImpl) {41b88e88}
D/InputEventConsistencyVerifier( 4861):   0: sent at 6052216000000, KeyEvent { action=ACTION_UP, keyCode=KEYCODE_BACK, scanCode=158, metaState=0, flags=0x8, repeatCount=0, eventTime=6052216, downTime=6052001, deviceId=1, source=0x101 }
D/InputEventConsistencyVerifier( 4861):   -- recent events --
D/InputEventConsistencyVerifier( 4861):   1: sent at 6037900000000, KeyEvent { action=ACTION_UP, keyCode=KEYCODE_ENTER, scanCode=28, metaState=0, flags=0x8, repeatCount=0, eventTime=6037900, downTime=6037688, deviceId=1, source=0x101 }
D/InputEventConsistencyVerifier( 4861):   2: sent at 6037688000000, KeyEvent { action=ACTION_DOWN, keyCode=KEYCODE_ENTER, scanCode=28, metaState=0, flags=0x8, repeatCount=0, eventTime=6037688, downTime=6037688, deviceId=1, source=0x101 }
D/InputEventConsistencyVerifier( 4861):   3: sent at 6036636000000, KeyEvent { action=ACTION_UP, keyCode=KEYCODE_ENTER, scanCode=28, metaState=0, flags=0x8, repeatCount=0, eventTime=6036636, downTime=6036424, deviceId=1, source=0x101 }
D/InputEventConsistencyVerifier( 4861):   4: sent at 6036424000000, KeyEvent { action=ACTION_DOWN, keyCode=KEYCODE_ENTER, scanCode=28, metaState=0, flags=0x8, repeatCount=0, eventTime=6036424, downTime=6036424, deviceId=1, source=0x101 }
D/InputEventConsistencyVerifier( 4861):   5: sent at 6036260000000, KeyEvent { action=ACTION_UP, keyCode=KEYCODE_DPAD_UP, scanCode=103, metaState=0, flags=0x8, repeatCount=0, eventTime=6036260, downTime=6036048, deviceId=1, source=0x101 }
W/ActivityManager(  956): Duplicate finish request for ActivityRecord{41844150 com.coship.Multimedia/.MovieWindow.VideoPlayer}
D/MediaControler( 4861): onDestroy
D/MediaControler( 4861): stop
D/MstarPlayer(  744): MstarPlayer::stop
D/MstarPlayer(  744): request to exit async thread
D/MstarPlayer(  744): exit async proc thread
D/IMMPlayer(  744): Send MM_Stop
D/IMMPlayer(  744): u32Item:1
I//lib/ld-linux.so.3(  748): MApp_VDPlayer_Stop interrupt
I//lib/ld-linux.so.3(  748): MApp_VDPlayer_Stop
I//lib/ld-linux.so.3(  748): E_VDP_DECODE_STATE_STOP --> E_VDP_DECODE_STATE_STANDBY
I//lib/ld-linux.so.3(  748): E_VDP_PHASE_DECODE --> E_VDP_PHASE_STOP
I//lib/ld-linux.so.3(  748): E_VDP_PHASE_STOP --> E_VDP_PHASE_STANDBY
I//lib/ld-linux.so.3(  748): Error code 0; Stop Pos:0x0483b19 Time:3962
I//lib/ld-linux.so.3(  748): Get MB_VDPLAYER_STOP command.
D/IMMPlayer(  744): Get ret:0
D/IMMPlayer(  744): Send MM_DeleteMediaItem
D/IMMPlayer(  744): u32Item:1
D/IMMPlayer(  744): Get ret:0
D/IMMPlayer(  744): Send PLAYER_COMMAND_REMOVE_EVENT_RECIPIENT_FPTR
I//lib/ld-linux.so.3(  748): Sbtitle de-init: 0.
D/IMMPlayer(  744): Get ret:1
D/IMMPlayer(  744): Send FINALIZE
I//lib/ld-linux.so.3(  748): MMPlayerService::Client::MM_Finalize()
I//lib/ld-linux.so.3(  748): MSrv_MM_PhotoPlayer::Finalize().
I//lib/ld-linux.so.3(  748): mapi_cpcodec::Finalize().
I//lib/ld-linux.so.3(  748): mapi_cpcodec::Finalize().
I//lib/ld-linux.so.3(  748): Do mapi_cpcodec::Finalize().
D/IMMPlayer(  744): Get ret:0
D/MMPlayer(  744): disconnect
D/MMPlayer(  744): 
D/IMMPlayer(  744): Send DISCONNECT
D/MMPlayer(  744): destructor: 0x44408
D/MMPlayer(  744): 
D/MMPlayer(  744): disconnect
D/MMPlayer(  744): 
D/MstarPlayer(  744): MstarPlayer::clearAllSource
D/FileContentSource(  744): FileContentSource::~FileContentSource()
D/FileContentSource(  744): FileContentSource::~FileContentSource()
D/FileContentSource(  744): FileContentSource::~FileContentSource()
D/FileContentSource(  744): FileContentSource::~FileContentSource()
I//lib/ld-linux.so.3(  748): MM_Finalize done
I//lib/ld-linux.so.3(  748): V/MMPlayerService( 754 754): disconnect(callingPid 744, clientPid 744)
I//lib/ld-linux.so.3(  748): D/MMPlayerService( 754 754): setState =3
I//lib/ld-linux.so.3(  748): V/MMPlayerService( 754 754): Disconnet finalize OK.
I//lib/ld-linux.so.3(  748): V/MMPlayerService( 754 754): removeClient(callingPid 744)
I//lib/ld-linux.so.3(  748): V/MMPlayerService( 754 1058): MMPlayerService::Client destructor(callingPid 744)
D/MstarPlayer(  744): setInstance: 0x0
D/MstarPlayer(  744): ==========MstarPlayer::reset : 0x0x42df0==========
D/MstarPlayer(  744): MstarPlayer::clearAllSource
D/MstarPlayer(  744): setInstance: 0x0
D/MstarPlayer(  744): reset done
D/MstarPlayer(  744): 
D/MstarPlayer(  744): =======Destroy mstar player  : 0x0x42df0========
D/VideoPlayer( 4861): onPlayStop
D/dalvikvm( 4861): GC_CONCURRENT freed 2017K, 20% free 26421K/32707K, paused 3ms+7ms
D/dalvikvm( 4861): GC_CONCURRENT freed 2004K, 20% free 26460K/32707K, paused 3ms+7ms

[ 6052.928262] IR: [03932] scan key value is 0xf10ec936 
[ 6052.928266]  D/FeiGridView( 4861): onKeyDown repeat = 1
D/FileListActivity( 4861): media file count1

[ 6052.980861] IR: [03932] scan key value is 0xf10ec936 
[ 6052.980866]  D/FileListActivity( 4861): parent path/mnt/usb/sda3/测试资源1position-1
D/ScaleViewPanel( 4861): onDetachedFromWindow
D/ScaleViewPanel( 4861): onDetachedFromWindow
D/ScaleViewPanel( 4861): onDetachedFromWindow
D/ScaleViewPanel( 4861): onDetachedFromWindow
D/ScaleViewPanel( 4861): onDetachedFromWindow
D/FeiGridView( 4861): onFocusChanged
D/FeiGridView( 4861): setSelectedPositionInt
D/FeiGridView( 4861): updateSelectedItemMetadata
D/FeiGridView( 4861): no focus change, exit.
D/FeiGridView( 4861): setSelectedPositionInt
D/FeiGridView( 4861): updateSelectedItemMetadata
D/FeiGridView( 4861): no focus change, exit.
D/FeiGridView( 4861): setSelectedPositionInt
D/FeiGridView( 4861): updateSelectedItemMetadata
D/FeiGridView( 4861): no focus change, exit.
D/ScaleViewPanel( 4861): ScaleViewPanel constructor
D/FileAdapter( 4861): get view success!
D/FeiGridView( 4861): layout
D/FeiGridView( 4861): mSelectedPosition >= 0 ,layout exit
D/FeiGridView( 4861): in layout makeAndAddView childrenTop=0
D/FeiGridView( 4861): try to find cached view at 10
D/FeiGridView( 4861): found cached view at 10
D/FeiGridView( 4861): calculateLeft pos, 10 childLeft = 35
D/FeiGridView( 4861): try to find cached view at 11
D/FeiGridView( 4861): get new View at 11
D/ScaleViewPanel( 4861): ScaleViewPanel constructor
D/FileAdapter( 4861): get view success!
D/FeiGridView( 4861): calculateLeft pos, 11 childLeft = 35
D/FeiGridView( 4861): mPrevSelectedPosition = -1 curPosition = 11 mPendingTargetPos = -1
D/FeiGridView( 4861): updateSelectedItemMetadata
D/FeiGridView( 4861): oldSelectedChildcom.coship.Multimedia.view.ScaleViewPanelForListView@41c37ac8 lose focus
D/FeiGridView( 4861): onFocusChanged
D/FeiGridView( 4861): child com.coship.Multimedia.view.ScaleViewPanelForListView@423c0790 requestFocus
D/FeiGridView( 4861): child com.coship.Multimedia.view.ScaleViewPanelForListView@423c0790has focus
D/FeiGridView( 4861): try to find cached view at 12
D/FeiGridView( 4861): get new View at 12
D/ScaleViewPanel( 4861): ScaleViewPanel constructor
D/FileAdapter( 4861): get view success!
D/FeiGridView( 4861): calculateLeft pos, 12 childLeft = 35
D/FeiGridView( 4861): mPrevSelectedPosition = -1 curPosition = 12 mPendingTargetPos = -1
D/FeiGridView( 4861): updateSelectedItemMetadata
D/FeiGridView( 4861): child com.coship.Multimedia.view.ScaleViewPanelForListView@423c0790has focus
D/FeiGridView( 4861): try to find cached view at 13
D/FeiGridView( 4861): get new View at 13
D/ScaleViewPanel( 4861): ScaleViewPanel constructor
D/FileAdapter( 4861): get view success!
D/FeiGridView( 4861): calculateLeft pos, 13 childLeft = 35
D/FeiGridView( 4861): mPrevSelectedPosition = -1 curPosition = 13 mPendingTargetPos = -1
D/FeiGridView( 4861): updateSelectedItemMetadata
D/FeiGridView( 4861): child com.coship.Multimedia.view.ScaleViewPanelForListView@423c0790has focus
D/FeiGridView( 4861): try to find cached view at 14
D/FeiGridView( 4861): get new View at 14
D/ScaleViewPanel( 4861): ScaleViewPanel constructor
D/FileAdapter( 4861): get view success!
D/FeiGridView( 4861): calculateLeft pos, 14 childLeft = 35
D/FeiGridView( 4861): mPrevSelectedPosition = -1 curPosition = 14 mPendingTargetPos = -1
D/FeiGridView( 4861): updateSelectedItemMetadata
D/FeiGridView( 4861): child com.coship.Multimedia.view.ScaleViewPanelForListView@423c0790has focus
D/FeiGridView( 4861): updateSelectedItemMetadata
D/FeiGridView( 4861): child com.coship.Multimedia.view.ScaleViewPanelForListView@423c0790has focus
D/MonitorCw880( 1316): Current Remote Host is null, continue, counter=0
D/FeiGridView( 4861): getChildDrawingOrder:i = 0
D/FeiGridView( 4861): getChildDrawingOrder:index = 0
D/FeiGridView( 4861): getChildDrawingOrder:i = 1
D/FeiGridView( 4861): getChildDrawingOrder:index = 0
D/FeiGridView( 4861): getChildDrawingOrder:i = 2
D/FeiGridView( 4861): getChildDrawingOrder:index = 0
D/FeiGridView( 4861): getChildDrawingOrder:i = 3
D/FeiGridView( 4861): getChildDrawingOrder:index = 0
D/dalvikvm( 4861): GC_CONCURRENT freed 2042K, 20% free 26470K/32707K, paused 3ms+7ms
D/FeiGridView( 4861): getChildDrawingOrder:i = 4
D/FeiGridView( 4861): getChildDrawingOrder:index = 0
D/ScaleViewPanel( 4861): dispatchDraw
D/InputEventConsistencyVerifier( 4861): KeyEvent: ACTION_UP but key was not down.
D/InputEventConsistencyVerifier( 4861):   in Handler (android.view.ViewRootImpl) {41b88e88}
D/InputEventConsistencyVerifier( 4861):   0: sent at 6053148000000, KeyEvent { action=ACTION_UP, keyCode=KEYCODE_BACK, scanCode=158, metaState=0, flags=0x8, repeatCount=0, eventTime=6053148, downTime=6052934, deviceId=1, source=0x101 }
D/InputEventConsistencyVerifier( 4861):   -- recent events --
D/InputEventConsistencyVerifier( 4861):   1: sent at 6052949000000, KeyEvent { action=ACTION_UP, keyCode=KEYCODE_BACK, scanCode=158, metaState=0, flags=0x28, repeatCount=0, eventTime=6052949, downTime=6052934, deviceId=1, source=0x101 }
D/InputEventConsistencyVerifier( 4861):   2: sent at 6052934000000, KeyEvent { action=ACTION_DOWN, keyCode=KEYCODE_BACK, scanCode=158, metaState=0, flags=0x8, repeatCount=0, eventTime=6052934, downTime=6052934, deviceId=1, source=0x101 }
D/InputEventConsistencyVerifier( 4861):   3: sent at 6052216000000, KeyEvent { action=ACTION_UP, keyCode=KEYCODE_BACK, scanCode=158, metaState=0, flags=0x80000008, repeatCount=0, eventTime=6052216, downTime=6052001, deviceId=1, source=0x101 }
D/InputEventConsistencyVerifier( 4861):   4: sent at 6037900000000, KeyEvent { action=ACTION_UP, keyCode=KEYCODE_ENTER, scanCode=28, metaState=0, flags=0x8, repeatCount=0, eventTime=6037900, downTime=6037688, deviceId=1, source=0x101 }
D/InputEventConsistencyVerifier( 4861):   5: sent at 6037688000000, KeyEvent { action=ACTION_DOWN, keyCode=KEYCODE_ENTER, scanCode=28, metaState=0, flags=0x8, repeatCount=0, eventTime=6037688, downTime=6037688, deviceId=1, source=0x101 }
D/FeiGridView( 4861): getChildDrawingOrder:i = 0
D/FeiGridView( 4861): getChildDrawingOrder:index = 0
D/FeiGridView( 4861): getChildDrawingOrder:i = 1
D/FeiGridView( 4861): getChildDrawingOrder:index = 0
D/FeiGridView( 4861): getChildDrawingOrder:i = 2
D/FeiGridView( 4861): getChildDrawingOrder:index = 0
D/FeiGridView( 4861): getChildDrawingOrder:i = 3
D/FeiGridView( 4861): getChildDrawingOrder:index = 0
D/FeiGridView( 4861): getChildDrawingOrder:i = 4
D/FeiGridView( 4861): getChildDrawingOrder:index = 0
D/ScaleViewPanel( 4861): dispatchDraw
D/dalvikvm( 4861): GC_CONCURRENT freed 2071K, 20% free 26469K/32707K, paused 2ms+6ms

[ 6053.990794] IR: [03932] scan key value is 0xf10ec936 
[ 6053.990799]  D/FeiGridView( 4861): onKeyDown repeat = 1

[ 6054.043394] IR: [03932] scan key value is 0xf10ec936 
[ 6054.043398]  D/dalvikvm( 4861): GC_CONCURRENT freed 2060K, 20% free 26329K/32707K, paused 3ms+6ms
D/FileListActivity( 4861): media file count1
D/FileListActivity( 4861): parent path/mnt/usb/sda3position-1
D/MonitorCw880( 1316): Current Remote Host is null, continue, counter=0
D/ScaleViewPanel( 4861): onDetachedFromWindow
D/ScaleViewPanel( 4861): onDetachedFromWindow
D/ScaleViewPanel( 4861): onDetachedFromWindow
D/ScaleViewPanel( 4861): onDetachedFromWindow
D/ScaleViewPanel( 4861): onDetachedFromWindow
D/FeiGridView( 4861): onFocusChanged
D/FeiGridView( 4861): setSelectedPositionInt
D/FeiGridView( 4861): updateSelectedItemMetadata
D/FeiGridView( 4861): no focus change, exit.
D/FeiGridView( 4861): setSelectedPositionInt
D/FeiGridView( 4861): updateSelectedItemMetadata
D/FeiGridView( 4861): no focus change, exit.
D/FeiGridView( 4861): setSelectedPositionInt
D/FeiGridView( 4861): updateSelectedItemMetadata
D/FeiGridView( 4861): no focus change, exit.
D/ScaleViewPanel( 4861): ScaleViewPanel constructor
D/FileAdapter( 4861): get view success!
D/FeiGridView( 4861): layout
D/FeiGridView( 4861): mSelectedPosition >= 0 ,layout exit
D/FeiGridView( 4861): in layout makeAndAddView childrenTop=0
D/FeiGridView( 4861): try to find cached view at 4
D/FeiGridView( 4861): found cached view at 4
D/FeiGridView( 4861): calculateLeft pos, 4 childLeft = 35
D/FeiGridView( 4861): try to find cached view at 5
D/FeiGridView( 4861): get new View at 5
D/ScaleViewPanel( 4861): ScaleViewPanel constructor
D/FileAdapter( 4861): get view success!
D/FeiGridView( 4861): calculateLeft pos, 5 childLeft = 35
D/FeiGridView( 4861): mPrevSelectedPosition = -1 curPosition = 5 mPendingTargetPos = -1
D/FeiGridView( 4861): updateSelectedItemMetadata
D/FeiGridView( 4861): oldSelectedChildcom.coship.Multimedia.view.ScaleViewPanelForListView@423c0790 lose focus
D/FeiGridView( 4861): onFocusChanged
D/FeiGridView( 4861): child com.coship.Multimedia.view.ScaleViewPanelForListView@4139ea58 requestFocus
D/FeiGridView( 4861): child com.coship.Multimedia.view.ScaleViewPanelForListView@4139ea58has focus
D/FeiGridView( 4861): try to find cached view at 6
D/FeiGridView( 4861): get new View at 6
D/ScaleViewPanel( 4861): ScaleViewPanel constructor
D/FileAdapter( 4861): get view success!
D/FeiGridView( 4861): calculateLeft pos, 6 childLeft = 35
D/FeiGridView( 4861): mPrevSelectedPosition = -1 curPosition = 6 mPendingTargetPos = -1
D/FeiGridView( 4861): updateSelectedItemMetadata
D/FeiGridView( 4861): child com.coship.Multimedia.view.ScaleViewPanelForListView@4139ea58has focus
D/FeiGridView( 4861): updateSelectedItemMetadata
D/FeiGridView( 4861): child com.coship.Multimedia.view.ScaleViewPanelForListView@4139ea58has focus
D/FeiGridView( 4861): getChildDrawingOrder:i = 0
D/FeiGridView( 4861): getChildDrawingOrder:index = 0
D/FeiGridView( 4861): getChildDrawingOrder:i = 1
D/FeiGridView( 4861): getChildDrawingOrder:index = 0
D/FeiGridView( 4861): getChildDrawingOrder:i = 2
D/FeiGridView( 4861): getChildDrawingOrder:index = 0
D/ScaleViewPanel( 4861): dispatchDraw
D/InputEventConsistencyVerifier( 4861): KeyEvent: ACTION_UP but key was not down.
D/InputEventConsistencyVerifier( 4861):   in Handler (android.view.ViewRootImpl) {41b88e88}
D/InputEventConsistencyVerifier( 4861):   0: sent at 6054212000000, KeyEvent { action=ACTION_UP, keyCode=KEYCODE_BACK, scanCode=158, metaState=0, flags=0x8, repeatCount=0, eventTime=6054212, downTime=6053997, deviceId=1, source=0x101 }
D/InputEventConsistencyVerifier( 4861):   -- recent events --
D/InputEventConsistencyVerifier( 4861):   1: sent at 6054009000000, KeyEvent { action=ACTION_UP, keyCode=KEYCODE_BACK, scanCode=158, metaState=0, flags=0x28, repeatCount=0, eventTime=6054009, downTime=6053997, deviceId=1, source=0x101 }
D/InputEventConsistencyVerifier( 4861):   2: sent at 6053997000000, KeyEvent { action=ACTION_DOWN, keyCode=KEYCODE_BACK, scanCode=158, metaState=0, flags=0x8, repeatCount=0, eventTime=6053997, downTime=6053997, deviceId=1, source=0x101 }
D/InputEventConsistencyVerifier( 4861):   3: sent at 6053148000000, KeyEvent { action=ACTION_UP, keyCode=KEYCODE_BACK, scanCode=158, metaState=0, flags=0x80000008, repeatCount=0, eventTime=6053148, downTime=6052934, deviceId=1, source=0x101 }
D/InputEventConsistencyVerifier( 4861):   4: sent at 6052949000000, KeyEvent { action=ACTION_UP, keyCode=KEYCODE_BACK, scanCode=158, metaState=0, flags=0x28, repeatCount=0, eventTime=6052949, downTime=6052934, deviceId=1, source=0x101 }
D/InputEventConsistencyVerifier( 4861):   5: sent at 6052934000000, KeyEvent { action=ACTION_DOWN, keyCode=KEYCODE_BACK, scanCode=158, metaState=0, flags=0x8, repeatCount=0, eventTime=6052934, downTime=6052934, deviceId=1, source=0x101 }
D/FeiGridView( 4861): getChildDrawingOrder:i = 0
D/FeiGridView( 4861): getChildDrawingOrder:index = 0
D/FeiGridView( 4861): getChildDrawingOrder:i = 1
D/FeiGridView( 4861): getChildDrawingOrder:index = 0
D/FeiGridView( 4861): getChildDrawingOrder:i = 2
D/FeiGridView( 4861): getChildDrawingOrder:index = 0
D/ScaleViewPanel( 4861): dispatchDraw

[ 6054.886544] IR: [03932] scan key value is 0xf10ec936 
[ 6054.886549]  D/FeiGridView( 4861): onKeyDown repeat = 1
D/FileListActivity( 4861): media file count1
D/FileListActivity( 4861): parent pathposition-1
[ 6054.939137] IR: [03932] scan key value is 0xf10ec936 
[ 6054.939143]  
D/ScaleViewPanel( 4861): onDetachedFromWindow
D/ScaleViewPanel( 4861): onDetachedFromWindow
D/ScaleViewPanel( 4861): onDetachedFromWindow
D/FeiGridView( 4861): onFocusChanged
D/FeiGridView( 4861): setSelectedPositionInt
D/FeiGridView( 4861): updateSelectedItemMetadata
D/FeiGridView( 4861): no focus change, exit.
D/FeiGridView( 4861): setSelectedPositionInt
D/FeiGridView( 4861): updateSelectedItemMetadata
D/FeiGridView( 4861): no focus change, exit.
D/FeiGridView( 4861): setSelectedPositionInt
D/FeiGridView( 4861): updateSelectedItemMetadata
D/FeiGridView( 4861): no focus change, exit.
D/ScaleViewPanel( 4861): ScaleViewPanel constructor
D/FileAdapter( 4861): get view success!
D/FeiGridView( 4861): layout
D/FeiGridView( 4861): mSelectedPosition >= 0 ,layout exit
D/FeiGridView( 4861): in layout makeAndAddView childrenTop=0
D/FeiGridView( 4861): try to find cached view at 10
D/FeiGridView( 4861): found cached view at 10
D/FeiGridView( 4861): calculateLeft pos, 10 childLeft = 35
D/FeiGridView( 4861): try to find cached view at 11
D/FeiGridView( 4861): get new View at 11
D/ScaleViewPanel( 4861): ScaleViewPanel constructor
D/FileAdapter( 4861): get view success!
D/FeiGridView( 4861): calculateLeft pos, 11 childLeft = 35
D/FeiGridView( 4861): mPrevSelectedPosition = -1 curPosition = 11 mPendingTargetPos = -1
D/FeiGridView( 4861): updateSelectedItemMetadata
D/FeiGridView( 4861): oldSelectedChildcom.coship.Multimedia.view.ScaleViewPanelForListView@4139ea58 lose focus
D/FeiGridView( 4861): onFocusChanged
D/FeiGridView( 4861): child com.coship.Multimedia.view.ScaleViewPanelForListView@418220e0 requestFocus
D/FeiGridView( 4861): child com.coship.Multimedia.view.ScaleViewPanelForListView@418220e0has focus
D/FeiGridView( 4861): updateSelectedItemMetadata
D/FeiGridView( 4861): child com.coship.Multimedia.view.ScaleViewPanelForListView@418220e0has focus
D/FeiGridView( 4861): getChildDrawingOrder:i = 0
D/FeiGridView( 4861): getChildDrawingOrder:index = 0
D/FeiGridView( 4861): getChildDrawingOrder:i = 1
D/FeiGridView( 4861): getChildDrawingOrder:index = 0
D/ScaleViewPanel( 4861): dispatchDraw
D/FeiGridView( 4861): getChildDrawingOrder:i = 0
D/FeiGridView( 4861): getChildDrawingOrder:index = 0
D/FeiGridView( 4861): getChildDrawingOrder:i = 1
D/FeiGridView( 4861): getChildDrawingOrder:index = 0
D/ScaleViewPanel( 4861): dispatchDraw
D/InputEventConsistencyVerifier( 4861): KeyEvent: ACTION_UP but key was not down.
D/InputEventConsistencyVerifier( 4861):   in Handler (android.view.ViewRootImpl) {41b88e88}
D/InputEventConsistencyVerifier( 4861):   0: sent at 6055104000000, KeyEvent { action=ACTION_UP, keyCode=KEYCODE_BACK, scanCode=158, metaState=0, flags=0x8, repeatCount=0, eventTime=6055104, downTime=6054892, deviceId=1, source=0x101 }
D/InputEventConsistencyVerifier( 4861):   -- recent events --
D/InputEventConsistencyVerifier( 4861):   1: sent at 6054901000000, KeyEvent { action=ACTION_UP, keyCode=KEYCODE_BACK, scanCode=158, metaState=0, flags=0x28, repeatCount=0, eventTime=6054901, downTime=6054892, deviceId=1, source=0x101 }
D/InputEventConsistencyVerifier( 4861):   2: sent at 6054892000000, KeyEvent { action=ACTION_DOWN, keyCode=KEYCODE_BACK, scanCode=158, metaState=0, flags=0x8, repeatCount=0, eventTime=6054892, downTime=6054892, deviceId=1, source=0x101 }
D/InputEventConsistencyVerifier( 4861):   3: sent at 6054212000000, KeyEvent { action=ACTION_UP, keyCode=KEYCODE_BACK, scanCode=158, metaState=0, flags=0x80000008, repeatCount=0, eventTime=6054212, downTime=6053997, deviceId=1, source=0x101 }
D/InputEventConsistencyVerifier( 4861):   4: sent at 6054009000000, KeyEvent { action=ACTION_UP, keyCode=KEYCODE_BACK, scanCode=158, metaState=0, flags=0x28, repeatCount=0, eventTime=6054009, downTime=6053997, deviceId=1, source=0x101 }
D/InputEventConsistencyVerifier( 4861):   5: sent at 6053997000000, KeyEvent { action=ACTION_DOWN, keyCode=KEYCODE_BACK, scanCode=158, metaState=0, flags=0x8, repeatCount=0, eventTime=6053997, downTime=6053997, deviceId=1, source=0x101 }
D/MonitorCw880( 1316): Current Remote Host is null, continue, counter=0
D/MonitorCw880( 1316): Current Remote Host is null, continue, counter=0

[ 6056.707490] IR: [03932] scan key value is 0xec13c936 
[ 6056.707495]  D/FeiGridView( 4861): onKeyDown repeat = 1
E/WindowManager(  956): ##############################dispatchUnhandledKey

[ 6056.760061] IR: [03932] scan key value is 0xec13c936 
[ 6056.760066]  D/FileListActivity( 4861): media file count1
D/FileListActivity( 4861): parent path/mnt/usb/sda3position10
D/ScaleViewPanel( 4861): onDetachedFromWindow
D/ScaleViewPanel( 4861): onDetachedFromWindow
D/FeiGridView( 4861): onFocusChanged
D/FeiGridView( 4861): setSelectedPositionInt
D/FeiGridView( 4861): updateSelectedItemMetadata
D/FeiGridView( 4861): no focus change, exit.
D/FeiGridView( 4861): setSelectedPositionInt
D/FeiGridView( 4861): updateSelectedItemMetadata
D/FeiGridView( 4861): no focus change, exit.
D/FeiGridView( 4861): setSelectedPositionInt
D/FeiGridView( 4861): updateSelectedItemMetadata
D/FeiGridView( 4861): no focus change, exit.
D/ScaleViewPanel( 4861): ScaleViewPanel constructor
D/FileAdapter( 4861): get view success!
D/FeiGridView( 4861): layout
D/FeiGridView( 4861): mSelectedPosition >= 0 ,layout exit
D/FeiGridView( 4861): in layout makeAndAddView childrenTop=0
D/FeiGridView( 4861): try to find cached view at 4
D/FeiGridView( 4861): found cached view at 4
D/FeiGridView( 4861): calculateLeft pos, 4 childLeft = 35
D/FeiGridView( 4861): try to find cached view at 5
D/FeiGridView( 4861): get new View at 5
D/ScaleViewPanel( 4861): ScaleViewPanel constructor
D/FileAdapter( 4861): get view success!
D/FeiGridView( 4861): calculateLeft pos, 5 childLeft = 35
D/FeiGridView( 4861): mPrevSelectedPosition = -1 curPosition = 5 mPendingTargetPos = -1
D/FeiGridView( 4861): updateSelectedItemMetadata
D/FeiGridView( 4861): oldSelectedChildcom.coship.Multimedia.view.ScaleViewPanelForListView@418220e0 lose focus
D/FeiGridView( 4861): onFocusChanged
D/FeiGridView( 4861): child com.coship.Multimedia.view.ScaleViewPanelForListView@41bbfe20 requestFocus
D/FeiGridView( 4861): child com.coship.Multimedia.view.ScaleViewPanelForListView@41bbfe20has focus
D/FeiGridView( 4861): try to find cached view at 6
D/FeiGridView( 4861): get new View at 6
D/ScaleViewPanel( 4861): ScaleViewPanel constructor
D/FileAdapter( 4861): get view success!
D/FeiGridView( 4861): calculateLeft pos, 6 childLeft = 35
D/FeiGridView( 4861): mPrevSelectedPosition = -1 curPosition = 6 mPendingTargetPos = -1
D/FeiGridView( 4861): updateSelectedItemMetadata
D/FeiGridView( 4861): child com.coship.Multimedia.view.ScaleViewPanelForListView@41bbfe20has focus
D/FeiGridView( 4861): updateSelectedItemMetadata
D/FeiGridView( 4861): child com.coship.Multimedia.view.ScaleViewPanelForListView@41bbfe20has focus
D/FeiGridView( 4861): getChildDrawingOrder:i = 0
D/FeiGridView( 4861): getChildDrawingOrder:index = 0
D/FeiGridView( 4861): getChildDrawingOrder:i = 1
D/FeiGridView( 4861): getChildDrawingOrder:index = 0
D/FeiGridView( 4861): getChildDrawingOrder:i = 2
D/FeiGridView( 4861): getChildDrawingOrder:index = 0
D/ScaleViewPanel( 4861): dispatchDraw
D/FeiGridView( 4861): getChildDrawingOrder:i = 0
D/FeiGridView( 4861): getChildDrawingOrder:index = 0
D/FeiGridView( 4861): getChildDrawingOrder:i = 1
D/FeiGridView( 4861): getChildDrawingOrder:index = 0
D/FeiGridView( 4861): getChildDrawingOrder:i = 2
D/FeiGridView( 4861): getChildDrawingOrder:index = 0
D/ScaleViewPanel( 4861): dispatchDraw
D/MonitorCw880( 1316): Current Remote Host is null, continue, counter=0

[ 6057.775812] IR: [03932] scan key value is 0xea15c936 
[ 6057.775817]  D/FeiGridView( 4861): onKeyDown repeat = 1
D/FeiGridView( 4861): setSelectedPositionInt
D/FeiGridView( 4861): updateSelectedItemMetadata
D/FeiGridView( 4861): onFocusChanged
D/FeiGridView( 4861): oldSelectedChildcom.coship.Multimedia.view.ScaleViewPanelForListView@41bbfe20 lose focus
D/FeiGridView( 4861): onFocusChanged
D/FeiGridView( 4861): child com.coship.Multimedia.view.ScaleViewPanelForListView@41bc7f68 requestFocus
D/FeiGridView( 4861): child com.coship.Multimedia.view.ScaleViewPanelForListView@41bc7f68has focus
D/FeiGridView( 4861): scrollToPosition distance = 0
D/FeiGridView( 4861): setSelectedPositionInt
D/FeiGridView( 4861): updateSelectedItemMetadata
D/FeiGridView( 4861): child com.coship.Multimedia.view.ScaleViewPanelForListView@41bc7f68has focus
D/FeiGridView( 4861): getChildDrawingOrder:i = 0
D/FeiGridView( 4861): getChildDrawingOrder:index = 1
D/FeiGridView( 4861): getChildDrawingOrder:i = 1
D/FeiGridView( 4861): getChildDrawingOrder:index = 1
D/FeiGridView( 4861): getChildDrawingOrder:i = 2
D/FeiGridView( 4861): getChildDrawingOrder:index = 1
D/ScaleViewPanel( 4861): dispatchDraw

[ 6057.966370] IR: [03932] scan key value is 0xea15c936 
[ 6057.966375]  D/FeiGridView( 4861): onKeyDown repeat = 1
D/FeiGridView( 4861): setSelectedPositionInt
D/FeiGridView( 4861): updateSelectedItemMetadata
D/FeiGridView( 4861): onFocusChanged
D/FeiGridView( 4861): oldSelectedChildcom.coship.Multimedia.view.ScaleViewPanelForListView@41bc7f68 lose focus
D/FeiGridView( 4861): onFocusChanged
D/FeiGridView( 4861): child com.coship.Multimedia.view.ScaleViewPanelForListView@41b63208 requestFocus
D/FeiGridView( 4861): child com.coship.Multimedia.view.ScaleViewPanelForListView@41b63208has focus
D/FeiGridView( 4861): scrollToPosition distance = 0
D/FeiGridView( 4861): setSelectedPositionInt
D/FeiGridView( 4861): updateSelectedItemMetadata
D/FeiGridView( 4861): child com.coship.Multimedia.view.ScaleViewPanelForListView@41b63208has focus
D/FeiGridView( 4861): getChildDrawingOrder:i = 0
D/FeiGridView( 4861): getChildDrawingOrder:index = 2
D/FeiGridView( 4861): getChildDrawingOrder:i = 1
D/FeiGridView( 4861): getChildDrawingOrder:index = 2
D/FeiGridView( 4861): getChildDrawingOrder:i = 2
D/FeiGridView( 4861): getChildDrawingOrder:index = 2
D/ScaleViewPanel( 4861): dispatchDraw
D/MonitorCw880( 1316): Current Remote Host is null, continue, counter=0

[ 6058.446561] IR: [03932] scan key value is 0xec13c936 
[ 6058.446566]  D/FeiGridView( 4861): onKeyDown repeat = 1
E/WindowManager(  956): ##############################dispatchUnhandledKey
D/FileListActivity( 4861): media file count1
D/FileListActivity( 4861): parent path/mnt/usb/sda3/测试资源1position6
D/ScaleViewPanel( 4861): onDetachedFromWindow
D/ScaleViewPanel( 4861): onDetachedFromWindow
D/ScaleViewPanel( 4861): onDetachedFromWindow
D/FeiGridView( 4861): onFocusChanged
D/FeiGridView( 4861): setSelectedPositionInt
D/FeiGridView( 4861): updateSelectedItemMetadata
D/FeiGridView( 4861): no focus change, exit.
D/FeiGridView( 4861): setSelectedPositionInt
D/FeiGridView( 4861): updateSelectedItemMetadata
D/FeiGridView( 4861): no focus change, exit.
D/ScaleViewPanel( 4861): ScaleViewPanel constructor
D/FileAdapter( 4861): get view success!
D/FeiGridView( 4861): layout
D/FeiGridView( 4861): mSelectedPosition >= 0 ,layout exit
D/FeiGridView( 4861): in layout makeAndAddView childrenTop=0
D/FeiGridView( 4861): try to find cached view at 0
D/FeiGridView( 4861): found cached view at 0
D/FeiGridView( 4861): calculateLeft pos, 0 childLeft = 35
D/FeiGridView( 4861): try to find cached view at 1
D/FeiGridView( 4861): get new View at 1
D/ScaleViewPanel( 4861): ScaleViewPanel constructor
D/FileAdapter( 4861): get view success!
D/FeiGridView( 4861): calculateLeft pos, 1 childLeft = 35
D/FeiGridView( 4861): mPrevSelectedPosition = -1 curPosition = 1 mPendingTargetPos = -1
D/FeiGridView( 4861): updateSelectedItemMetadata
D/FeiGridView( 4861): oldSelectedChildcom.coship.Multimedia.view.ScaleViewPanelForListView@41b63208 lose focus
D/FeiGridView( 4861): onFocusChanged
D/FeiGridView( 4861): child com.coship.Multimedia.view.ScaleViewPanelForListView@41b9a568 requestFocus
D/FeiGridView( 4861): child com.coship.Multimedia.view.ScaleViewPanelForListView@41b9a568has focus
D/FeiGridView( 4861): try to find cached view at 2
D/FeiGridView( 4861): get new View at 2
D/ScaleViewPanel( 4861): ScaleViewPanel constructor
D/FileAdapter( 4861): get view success!
D/FeiGridView( 4861): calculateLeft pos, 2 childLeft = 35
D/FeiGridView( 4861): mPrevSelectedPosition = -1 curPosition = 2 mPendingTargetPos = -1
D/FeiGridView( 4861): updateSelectedItemMetadata
D/FeiGridView( 4861): child com.coship.Multimedia.view.ScaleViewPanelForListView@41b9a568has focus
D/FeiGridView( 4861): try to find cached view at 3
D/FeiGridView( 4861): get new View at 3
D/ScaleViewPanel( 4861): ScaleViewPanel constructor
D/FileAdapter( 4861): get view success!
D/FeiGridView( 4861): calculateLeft pos, 3 childLeft = 35
D/FeiGridView( 4861): mPrevSelectedPosition = -1 curPosition = 3 mPendingTargetPos = -1
D/FeiGridView( 4861): updateSelectedItemMetadata
D/FeiGridView( 4861): child com.coship.Multimedia.view.ScaleViewPanelForListView@41b9a568has focus
D/FeiGridView( 4861): try to find cached view at 4
D/FeiGridView( 4861): get new View at 4
D/ScaleViewPanel( 4861): ScaleViewPanel constructor
D/FileAdapter( 4861): get view success!
D/FeiGridView( 4861): calculateLeft pos, 4 childLeft = 35
D/FeiGridView( 4861): mPrevSelectedPosition = -1 curPosition = 4 mPendingTargetPos = -1
D/FeiGridView( 4861): updateSelectedItemMetadata
D/FeiGridView( 4861): child com.coship.Multimedia.view.ScaleViewPanelForListView@41b9a568has focus
D/FeiGridView( 4861): updateSelectedItemMetadata
D/FeiGridView( 4861): child com.coship.Multimedia.view.ScaleViewPanelForListView@41b9a568has focus
D/FeiGridView( 4861): getChildDrawingOrder:i = 0
D/FeiGridView( 4861): getChildDrawingOrder:index = 0
D/FakeService( 1648): startBackService
D/FeiGridView( 4861): getChildDrawingOrder:i = 1
D/FeiGridView( 4861): getChildDrawingOrder:index = 0
D/FeiGridView( 4861): getChildDrawingOrder:i = 2
D/FeiGridView( 4861): getChildDrawingOrder:index = 0
D/FeiGridView( 4861): getChildDrawingOrder:i = 3
D/FeiGridView( 4861): getChildDrawingOrder:index = 0
D/FeiGridView( 4861): getChildDrawingOrder:i = 4
D/FeiGridView( 4861): getChildDrawingOrder:index = 0
D/ScaleViewPanel( 4861): dispatchDraw
D/FeiGridView( 4861): getChildDrawingOrder:i = 0
D/FeiGridView( 4861): getChildDrawingOrder:index = 0
D/FeiGridView( 4861): getChildDrawingOrder:i = 1
D/FeiGridView( 4861): getChildDrawingOrder:index = 0
D/FeiGridView( 4861): getChildDrawingOrder:i = 2
D/FeiGridView( 4861): getChildDrawingOrder:index = 0
D/FeiGridView( 4861): getChildDrawingOrder:i = 3
D/FeiGridView( 4861): getChildDrawingOrder:index = 0
D/FeiGridView( 4861): getChildDrawingOrder:i = 4
D/FeiGridView( 4861): getChildDrawingOrder:index = 0
D/ScaleViewPanel( 4861): dispatchDraw
D/BackService( 4861): BackService onStart called
D/BackService( 4861): BackService mStart = true
D/MonitorCw880( 1316): Current Remote Host is null, continue, counter=0
D/MonitorCw880( 1316): Current Remote Host is null, continue, counter=0

[ 6060.849544] IR: [03932] scan key value is 0xea15c936 
[ 6060.849548]  D/FeiGridView( 4861): onKeyDown repeat = 1
D/FeiGridView( 4861): setSelectedPositionInt
D/FeiGridView( 4861): updateSelectedItemMetadata
D/FeiGridView( 4861): onFocusChanged
D/FeiGridView( 4861): oldSelectedChildcom.coship.Multimedia.view.ScaleViewPanelForListView@41b9a568 lose focus
D/FeiGridView( 4861): onFocusChanged
D/FeiGridView( 4861): child com.coship.Multimedia.view.ScaleViewPanelForListView@41adc500 requestFocus
D/FeiGridView( 4861): child com.
[ 6060.902120] IR: [03932] scan key value is 0xea15c936 
[ 6060.902125]  coship.Multimedia.view.ScaleViewPanelForListView@41adc500has focus
D/FeiGridView( 4861): scrollToPosition distance = 0
D/FeiGridView( 4861): setSelectedPositionInt
D/FeiGridView( 4861): updateSelectedItemMetadata
D/FeiGridView( 4861): child com.coship.Multimedia.view.ScaleViewPanelForListView@41adc500has focus
D/FeiGridView( 4861): getChildDrawingOrder:i = 0
D/FeiGridView( 4861): getChildDrawingOrder:index = 1
D/FeiGridView( 4861): getChildDrawingOrder:i = 1
D/FeiGridView( 4861): getChildDrawingOrder:index = 1
D/FeiGridView( 4861): getChildDrawingOrder:i = 2
D/FeiGridView( 4861): getChildDrawingOrder:index = 1
D/FeiGridView( 4861): getChildDrawingOrder:i = 3
D/FeiGridView( 4861): getChildDrawingOrder:index = 1
D/FeiGridView( 4861): getChildDrawingOrder:i = 4
D/FeiGridView( 4861): getChildDrawingOrder:index = 1
D/ScaleViewPanel( 4861): dispatchDraw

[ 6061.110921] IR: [03932] scan key value is 0xea15c936 
[ 6061.110925]  D/FeiGridView( 4861): onKeyDown repeat = 1
D/FeiGridView( 4861): setSelectedPositionInt
D/FeiGridView( 4861): updateSelectedItemMetadata
D/FeiGridView( 4861): onFocusChanged
D/FeiGridView( 4861): oldSelectedChildcom.coship.Multimedia.view.ScaleViewPanelForListView@41adc500 lose focus
D/FeiGridView( 4861): onFocusChanged
D/FeiGridView( 4861): child com.coship.Multimedia.view.ScaleViewPanelForListView@42408310 requestFocus
D/FeiGridView( 4861): child com.coship.Multimedia.view.ScaleViewPanelForListView@42408310has focus
D/FeiGridView( 4861): scrollToPosition distance = 0
D/FeiGridView( 4861): setSelectedPositionInt
D/FeiGridView( 4861): updateSelectedItemMetadata
D/FeiGridView( 4861): child com.coship.Multimedia.view.ScaleViewPanelForListView@42408310has focus
D/FeiGridView( 4861): getChildDrawingOrder:i = 0
D/FeiGridView( 4861): getChildDrawingOrder:index = 2
D/FeiGridView( 4861): getChildDrawingOrder:i = 1
D/FeiGridView( 4861): getChildDrawingOrder:index = 2
D/FeiGridView( 4861): getChildDrawingOrder:i = 2
D/FeiGridView( 4861): getChildDrawingOrder:index = 2
D/FeiGridView( 4861): getChildDrawingOrder:i = 3
D/FeiGridView( 4861): getChildDrawingOrder:index = 2
D/FeiGridView( 4861): getChildDrawingOrder:i = 4
D/FeiGridView( 4861): getChildDrawingOrder:index = 2
D/ScaleViewPanel( 4861): dispatchDraw
D/MonitorCw880( 1316): Current Remote Host is null, continue, counter=0

[ 6061.286634] IR: [03932] scan key value is 0xea15c936 
[ 6061.286638]  D/FeiGridView( 4861): onKeyDown repeat = 1
D/FeiGridView( 4861): setSelectedPositionInt
D/FeiGridView( 4861): updateSelectedItemMetadata
D/FeiGridView( 4861): onFocusChanged
D/FeiGridView( 4861): oldSelectedChildcom.coship.Multimedia.view.ScaleViewPanelForListView@42408310 lose focus
D/FeiGridView( 4861): onFocusChanged
D/FeiGridView( 4861): child com.coship.Multimedia.view.ScaleViewPanelForListView@41b14978 requestFocus
D/FeiGridView( 4861): child com.coship.Multimedia.view.ScaleViewPanelForListView@41b14978has focus
D/FeiGridView( 4861): scrollToPosition distance = 0
D/FeiGridView( 4861): setSelectedPositionInt
D/FeiGridView( 4861): updateSelectedItemMetadata
D/FeiGridView( 4861): child com.coship.Multimedia.view.ScaleViewPanelForListView@41b14978has focus
D/FeiGridView( 4861): getChildDrawingOrder:i = 0
D/FeiGridView( 4861): getChildDrawingOrder:index = 3
D/FeiGridView( 4861): getChildDrawingOrder:i = 1
D/FeiGridView( 4861): getChildDrawingOrder:index = 3
D/FeiGridView( 4861): getChildDrawingOrder:i = 2
D/FeiGridView( 4861): getChildDrawingOrder:index = 3
D/FeiGridView( 4861): getChildDrawingOrder:i = 3
D/FeiGridView( 4861): getChildDrawingOrder:index = 3
D/FeiGridView( 4861): getChildDrawingOrder:i = 4
D/FeiGridView( 4861): getChildDrawingOrder:index = 3
D/ScaleViewPanel( 4861): dispatchDraw

[ 6061.775625] IR: [03932] scan key value is 0xec13c936 
[ 6061.775629]  D/FeiGridView( 4861): onKeyDown repeat = 1
E/WindowManager(  956): ##############################dispatchUnhandledKey
I/ActivityManager(  956): START {cmp=com.coship.Multimedia/.MovieWindow.VideoPlayer (has extras)} from pid 4861
V/TabletStatusBar( 1162): setLightsOn(true)
W/MediaPlayer.java( 4861): setScreenOnWhilePlaying(true) is ineffective without a SurfaceHolder
D/MediaControler( 4861): surfaceChanged
I/ActivityManager(  956): Displayed com.coship.Multimedia/.MovieWindow.VideoPlayer: +156ms
D/OpenGLRenderer( 4861): Flushing caches (mode 0)
D/MonitorCw880( 1316): Current Remote Host is null, continue, counter=0
D/MonitorCw880( 1316): Current Remote Host is null, continue, counter=0
D/dalvikvm( 4861): GC_CONCURRENT freed 1765K, 19% free 26537K/32707K, paused 2ms+8ms
D/dalvikvm( 4861): GC_CONCURRENT freed 2113K, 19% free 26587K/32707K, paused 2ms+5ms
D/MonitorCw880( 1316): Current Remote Host is null, continue, counter=0
D/dalvikvm( 4861): GC_CONCURRENT freed 2168K, 19% free 26541K/32707K, paused 3ms+6ms
D/dalvikvm( 4861): GC_CONCURRENT freed 2131K, 19% free 26594K/32707K, paused 3ms+6ms
E/AC3Extractor(  744): Rsyn Fail
I/SampleTable(  744): There are reordered frames present.
D/MediaPlayerService(  744): countTracks = 2
D/MediaPlayerService(  744): mime = video/avc
D/MediaPlayerService(  744): mime = audio/mp4a-latm
D/MediaPlayerService(  744): videoCnt = 1, audioCnt = 1
D/MediaPlayerService(  744): Use DefaultPlayerType
D/MediaPlayerService(  744):  Create MstarPlayer
D/MstarPlayer(  744): Create MstarPlayer:0x0x42df0,Version:Release Mstar player lib Version:0015,Base CL:690305  Date:2013/07/10
D/MstarPlayer(  744): TV Local Time :  Fri Jul 19 15:52:12 2013
D/MstarPlayer(  744):  
D/MstarPlayer(  744): setInstance: 0x42df0
D/MstarPlayer(  744): mstar player set listener
D/MstarPlayer(  744): MstarPlayer::initCheck
D/MstarPlayer(  744): MstarPlayer::setDataSource(39, 0, 145058524)
D/MstarPlayer(  744): MstarPlayer::clearAllSource
D/FileContentSource(  744): file path /mnt/usb/sda3/测试资源1/高清影片/MOV 阿童木1920x1080.mov
D/FileContentSource(  744): file content initcheck
D/MstarPlayer(  744): MstarPlayer::createSubtitleSource
D/MstarPlayer(  744): file path1 /mnt/usb/sda3/测试资源1/高清影片/MOV 阿童木1920x1080.mov
D/FileContentSource(  744): file path /mnt/usb/sda3/测试资源1/高清影片/MOV 阿童木1920x1080.mov
D/FileCo
[ 6064.767140] [irq_proc_open][373] -16
ntentSource(  744): file content source addr 0x443a8,file handle 0x414ed380
D/FileContentSource(  744): file content initcheck
D/MstarPlayer(  744): MstarPlayer::createAttachmentSource
D/MstarPlayer(  744): file path2 /mnt/usb/sda3/测试资源1/高清影片/MOV 阿童木1920x1080.mov
D/FileContentSource(  744): file path /mnt/usb/sda3/测试资源1/高清影片/MOV 阿童木1920x1080.mov
D/FileContentSource(  744): file content source addr 0x44400,file handle 0x414ed3d8
D/FileContentSource(  744): file content initcheck
D/MstarPlayer(  744): MstarPlayer::createAudioSource
D/MstarPlayer(  744): file path2 /mnt/usb/sda3/测试资源1/高清影片/MOV 阿童木1920x1080.mov
D/FileContentSource(  744): file path /mnt/usb/sda3/测试资源1/高清影片/MOV 阿童木1920x1080.mov
D/FileContentSource(  744): file content source addr 0x118880,file handle 0x414ed430
D/FileContentSource(  744): file content initcheck
D/MediaPlayerService(  744): [31] setVideoSurfaceTexture(0x44e80)
D/MstarPlayer(  744): MstarPlayer::setVideoSurfaceTexture 
D/MstarPlayer(  744): open mHwcFifoFD = 39
D/MstarPlayer(  744): MstarPlayer::prepareAsync
D/MstarPlayer(  744): MstarPlayer::doPrepare
D/FileContentSource(  744): file content seekat,offset=0
D/MstarPlayer(  744): create MSrv_MM_PlayerInterface
D/MstarPlayer(  744): ===> GET source FILE Size 145058524 
D/MstarPlayer(  744): stMedia.u32FilID = 414ed328
D/MstarPlayer(  744): stMedia.u32FileSecondID = 414ed380
D/MstarPlayer(  744): stMedia.u32FileThirdID = 414ed3d8
D/MstarPlayer(  744): stMedia.u32FileFourthID = 414ed430
D/MstarPlayer(  744): play content is video
D/MMPlayer(  744): constructor: 0x11c978
D/MMPlayer(  744): 
D/MMPlayer(  744): connect
D/MMPlayer(  744): 
D/MMPlayer(  744): getMMPlayerService
D/IMMPlayerService(  744): Send CONNECT
I//lib/ld-linux.so.3(  748): V/MMPlayerService( 754 754): MMPlayerService::connect(callingPid 744, client 0x2a182cc0)
I//lib/ld-linux.so.3(  748): V/MMPlayerService( 754 754): MMPlayerService::Client constructor(callingPid 744)
I//lib/ld-linux.so.3(  748): D/MMPlayerService( 754 754): setState =0
D/IMMPlayer(  744): Send INITIALIZE
I//lib/ld-linux.so.3(  748): MMPlayerService::Client::MM_Initialize()
I//lib/ld-linux.so.3(  748): MSrv_MM_PhotoPlayer::Initialize().
I//lib/ld-linux.so.3(  748): mapi_cpcodec::Initialize(). eDecoderPath:2
I//lib/ld-linux.so.3(  748): Thread name: mapi_cpcodec.
I//lib/ld-linux.so.3(  748): MIU interval 0x60000000.
I//lib/ld-linux.so.3(  748): E_MMAP_ID_XC_MAIN_FB PA: 0x17bc1000, VA: 0x457c8000, size: 0x1800000, IsMIU0: 1.
I//lib/ld-linux.so.3(  748): E_MMAP_ID_PHOTO_SHAREMEM PA: 0x167bc000, VA: 0x443c3000, size: 0x400, IsMIU0: 1.
I//lib/ld-linux.so.3(  748): E_MMAP_ID_JPD_READ PA: 0x167bc400, VA: 0x443c3400, size: 0x50080, IsMIU0: 1.
I//lib/ld-linux.so.3(  748): E_MMAP_ID_JPD_WRITE PA: 0x1680c480, VA: 0x44413480, size: 0x3fc000, IsMIU0: 1.
I//lib/ld-linux.so.3(  748): E_MMAP_ID_PHOTO_DISPLAY PA: 0x163c0000, VA: 0x43fc7000, size: 0x3fc000, IsMIU0: 1.
I//lib/ld-linux.so.3(  748): E_MMAP_ID_PHOTO_INTER PA: 0x16c08480, VA: 0x4480f480, size: 0x630000, IsMIU0: 1.
I//lib/ld-linux.so.3(  748): E_MMAP_ID_PHOTO_MPO_INTER PA: 0x17238480, VA: 0x44e3f480, size: 0x3fc000, IsMIU0: 1.
I//lib/ld-linux.so.3(  748): E_MMAP_ID_VDPLAYER_DATA PA: 0x163c0000, VA: 0x43fc7000, size: 0x1000, IsMIU0: 1.
I//lib/ld-linux.so.3(  748): E_MMAP_ID_VDPLAYER_BITSTREAM PA: 0x16d40000, VA: 0x44947000, size: 0x400000, IsMIU0: 1.
