D/FeiGridView( 4861): getChildDrawingOrder:i = 2
D/FeiGridView( 4861): getChildDrawingOrder:index = 4
D/FeiGridView( 4861): getChildDrawingOrder:i = 3
D/FeiGridView( 4861): getChildDrawingOrder:index = 4
D/FeiGridView( 4861): getChildDrawingOrder:i = 4
D/FeiGridView( 4861): getChildDrawingOrder:index = 4
D/FeiGridView( 4861): getChildDrawingOrder:i = 5
D/FeiGridView( 4861): getChildDrawingOrder:index = 4
D/ScaleViewPanel( 4861): dispatchDraw
D/FeiGridView( 4861): onKeyDown repeat = 1
D/FeiGridView( 4861): setSelectedPositionInt
D/FeiGridView( 4861): updateSelectedItemMetadata
D/FeiGridView( 4861): onFocusChanged
D/FeiGridView( 4861): oldSelectedChildcom.coship.Multimedia.view.ScaleViewPanelForListView@42269668 lose focus
D/FeiGridView( 4861): onFocusChanged
D/FeiGridView( 4861): child com.coship.Multimedia.view.ScaleViewPanelForListView@41b7aec8 requestFocus
D/FeiGridView( 4861): child com.coship.Multimedia.view.ScaleViewPanelForListView@41b7aec8has focus
D/FeiGridView( 4861): scrollToPosition distance = 0
D/FeiGridView( 4861): setSelectedPositionInt
D/FeiGridView( 4861): updateSelectedItemMetadata
D/FeiGridView( 4861): child com.coship.Multimedia.view.ScaleViewPanelForListView@41b7aec8has focus
D/FeiGridView( 4861): getChildDrawingOrder:i = 0
D/FeiGridView( 4861): getChildDrawingOrder:index = 3
D/FeiGridView( 4861): getChildDrawingOrder:i = 1
D/FeiGridView( 4861): getChildDrawingOrder:index = 3
D/FeiGridView( 4861): getChildDrawingOrder:i = 2
D/FeiGridView( 4861): getChildDrawingOrder:index = 3
D/FeiGridView( 4861): getChildDrawingOrder:i = 3
D/FeiGridView( 4861): getChildDrawingOrder:index = 3
D/FeiGridView( 4861): getChildDrawingOrder:i = 4
D/FeiGridView( 4861): getChildDrawingOrder:index = 3
D/FeiGridView( 4861): getChildDrawingOrder:i = 5
D/FeiGridView( 4861): getChildDrawingOrder:index = 3
D/ScaleViewPanel( 4861): dispatchDraw
D/FeiGridView( 4861): onKeyDown repeat = 1
D/FeiGridView( 4861): setSelectedPositionInt
D/FeiGridView( 4861): updateSelectedItemMetadata
D/FeiGridView( 4861): onFocusChanged
D/FeiGridView( 4861): oldSelectedChildcom.coship.Multimedia.view.ScaleViewPanelForListView@41b7aec8 lose focus
D/FeiGridView( 4861): onFocusChanged
D/FeiGridView( 4861): child com.coship.Multimedia.view.ScaleViewPanelForListView@41b93958 requestFocus
D/FeiGridView( 4861): child com.coship.Multimedia.view.ScaleViewPanelForListView@41b93958has focus
D/FeiGridView( 4861): scrollToPosition distance = 0
D/FeiGridView( 4861): setSelectedPositionInt
D/FeiGridView( 4861): updateSelectedItemMetadata
D/FeiGridView( 4861): child com.coship.Multimedia.view.ScaleViewPanelForListView@41b93958has focus
D/FeiGridView( 4861): getChildDrawingOrder:i = 0
D/FeiGridView( 4861): getChildDrawingOrder:index = 2
D/FeiGridView( 4861): getChildDrawingOrder:i = 1
D/FeiGridView( 4861): getChildDrawingOrder:index = 2
D/FeiGridView( 4861): getChildDrawingOrder:i = 2
D/FeiGridView( 4861): getChildDrawingOrder:index = 2
D/FeiGridView( 4861): getChildDrawingOrder:i = 3
D/FeiGridView( 4861): getChildDrawingOrder:index = 2
D/FeiGridView( 4861): getChildDrawingOrder:i = 4
D/FeiGridView( 4861): getChildDrawingOrder:index = 2
D/FeiGridView( 4861): getChildDrawingOrder:i = 5
D/FeiGridView( 4861): getChildDrawingOrder:index = 2
D/ScaleViewPanel( 4861): dispatchDraw
D/MonitorCw880( 1316): Current Remote Host is null, continue, counter=0
D/FeiGridView( 4861): onKeyDown repeat = 1
E/WindowManager(  956): ##############################dispatchUnhandledKey
D/FileListActivity( 4861): media file count1
D/FileListActivity( 4861): parent path/mnt/usb/sda3/测试资源1/视频position10
D/ScaleViewPanel( 4861): onDetachedFromWindow
D/ScaleViewPanel( 4861): onDetachedFromWindow
D/ScaleViewPanel( 4861): onDetachedFromWindow
D/ScaleViewPanel( 4861): onDetachedFromWindow
D/ScaleViewPanel( 4861): onDetachedFromWindow
D/ScaleViewPanel( 4861): onDetachedFromWindow
D/ScaleViewPanel( 4861): onDetachedFromWindow
D/FeiGridView( 4861): onFocusChanged
D/FeiGridView( 4861): setSelectedPositionInt
D/FeiGridView( 4861): updateSelectedItemMetadata
D/FeiGridView( 4861): no focus change, exit.
D/FeiGridView( 4861): setSelectedPositionInt
D/FeiGridView( 4861): updateSelectedItemMetadata
D/FeiGridView( 4861): no focus change, exit.
D/ScaleViewPanel( 4861): ScaleViewPanel constructor
D/FileAdapter( 4861): get view success!
D/FeiGridView( 4861): layout
D/FeiGridView( 4861): mSelectedPosition >= 0 ,layout exit
D/FeiGridView( 4861): in layout makeAndAddView childrenTop=0
D/FeiGridView( 4861): try to find cached view at 0
D/FeiGridView( 4861): found cached view at 0
D/dalvikvm( 4861): GC_CONCURRENT freed 2118K, 28% free 23696K/32707K, paused 3ms+8ms
D/FeiGridView( 4861): calculateLeft pos, 0 childLeft = 35
D/FeiGridView( 4861): try to find cached view at 1
D/FeiGridView( 4861): get new View at 1
D/ScaleViewPanel( 4861): ScaleViewPanel constructor
D/FileAdapter( 4861): get view success!
D/FeiGridView( 4861): calculateLeft pos, 1 childLeft = 35
D/FeiGridView( 4861): mPrevSelectedPosition = -1 curPosition = 1 mPendingTargetPos = -1
D/FeiGridView( 4861): updateSelectedItemMetadata
D/FeiGridView( 4861): oldSelectedChildcom.coship.Multimedia.view.ScaleViewPanelForListView@41b93958 lose focus
D/FeiGridView( 4861): onFocusChanged
D/FeiGridView( 4861): child com.coship.Multimedia.view.ScaleViewPanelForListView@41c37ac8 requestFocus
D/FeiGridView( 4861): child com.coship.Multimedia.view.ScaleViewPanelForListView@41c37ac8has focus
D/FeiGridView( 4861): try to find cached view at 2
D/FeiGridView( 4861): get new View at 2
D/ScaleViewPanel( 4861): ScaleViewPanel constructor
D/FileAdapter( 4861): get view success!
D/FeiGridView( 4861): calculateLeft pos, 2 childLeft = 35
D/FeiGridView( 4861): mPrevSelectedPosition = -1 curPosition = 2 mPendingTargetPos = -1
D/FeiGridView( 4861): updateSelectedItemMetadata
D/FeiGridView( 4861): child com.coship.Multimedia.view.ScaleViewPanelForListView@41c37ac8has focus
D/FeiGridView( 4861): try to find cached view at 3
D/FeiGridView( 4861): get new View at 3
D/ScaleViewPanel( 4861): ScaleViewPanel constructor
D/FileAdapter( 4861): get view success!
D/FeiGridView( 4861): calculateLeft pos, 3 childLeft = 35
D/FeiGridView( 4861): mPrevSelectedPosition = -1 curPosition = 3 mPendingTargetPos = -1
D/FeiGridView( 4861): updateSelectedItemMetadata
D/FeiGridView( 4861): child com.coship.Multimedia.view.ScaleViewPanelForListView@41c37ac8has focus
D/FeiGridView( 4861): try to find cached view at 4
D/FeiGridView( 4861): get new View at 4
D/ScaleViewPanel( 4861): ScaleViewPanel constructor
D/FileAdapter( 4861): get view success!
D/FeiGridView( 4861): calculateLeft pos, 4 childLeft = 35
D/FeiGridView( 4861): mPrevSelectedPosition = -1 curPosition = 4 mPendingTargetPos = -1
D/FeiGridView( 4861): updateSelectedItemMetadata
D/FeiGridView( 4861): child com.coship.Multimedia.view.ScaleViewPanelForListView@41c37ac8has focus
D/FeiGridView( 4861): updateSelectedItemMetadata
D/FeiGridView( 4861): child com.coship.Multimedia.view.ScaleViewPanelForListView@41c37ac8has focus
D/FeiGridView( 4861): getChildDrawingOrder:i = 0
D/FeiGridView( 4861): getChildDrawingOrder:index = 0
D/FeiGridView( 4861): getChildDrawingOrder:i = 1
D/FeiGridView( 4861): getChildDrawingOrder:index = 0
D/FeiGridView( 4861): getChildDrawingOrder:i = 2
D/FeiGridView( 4861): getChildDrawingOrder:index = 0
D/FeiGridView( 4861): getChildDrawingOrder:i = 3
D/FeiGridView( 4861): getChildDrawingOrder:index = 0
D/FeiGridView( 4861): getChildDrawingOrder:i = 4
D/FeiGridView( 4861): getChildDrawingOrder:index = 0
D/ScaleViewPanel( 4861): dispatchDraw
D/FeiGridView( 4861): getChildDrawingOrder:i = 0
D/FeiGridView( 4861): getChildDrawingOrder:index = 0
D/FeiGridView( 4861): getChildDrawingOrder:i = 1
D/FeiGridView( 4861): getChildDrawingOrder:index = 0
D/FeiGridView( 4861): getChildDrawingOrder:i = 2
D/FeiGridView( 4861): getChildDrawingOrder:index = 0
D/FeiGridView( 4861): getChildDrawingOrder:i = 3
D/FeiGridView( 4861): getChildDrawingOrder:index = 0
D/FeiGridView( 4861): getChildDrawingOrder:i = 4
D/FeiGridView( 4861): getChildDrawingOrder:index = 0
D/ScaleViewPanel( 4861): dispatchDraw
D/MonitorCw880( 1316): Current Remote Host is null, continue, counter=0
D/FeiGridView( 4861): onKeyDown repeat = 1
E/WindowManager(  956): ##############################dispatchUnhandledKey
--------- beginning of /dev/log/system
I/ActivityManager(  956): START {cmp=com.coship.Multimedia/.MovieWindow.VideoPlayer (has extras)} from pid 4861
D/dalvikvm( 4861): GC_FOR_ALLOC freed 481K, 26% free 24503K/32707K, paused 41ms
V/TabletStatusBar( 1162): setLightsOn(true)
W/MediaPlayer.java( 4861): setScreenOnWhilePlaying(true) is ineffective without a SurfaceHolder
D/MonitorCw880( 1316): Current Remote Host is null, continue, counter=0
D/MediaControler( 4861): surfaceChanged
I/ActivityManager(  956): Displayed com.coship.Multimedia/.MovieWindow.VideoPlayer: +262ms
D/OpenGLRenderer( 4861): Flushing caches (mode 0)
D/MonitorCw880( 1316): Current Remote Host is null, continue, counter=0
E/AC3Extractor(  744): Rsyn Fail
W/ASFExtractor(  744): GUID: 75b22630-8e66-cf11-a6d900aa0062ce6c
W/ASFExtractor(  744): ASF Object: 75b22630-8e66-cf11-a6d900aa0062ce6c, 5417 bytes
W/ASFExtractor(  744): GUID: d2d0a440-07e3-d211-97f000a0c95ea850
W/ASFExtractor(  744): ASF Object: d2d0a440-07e3-d211-97f000a0c95ea850, 208 bytes
W/ASFExtractor(  744): GUID: 75b22633-8e66-cf11-a6d900aa0062ce6c
W/ASFExtractor(  744): ASF Object: 75b22633-8e66-cf11-a6d900aa0062ce6c, 42 bytes
W/ASFExtractor(  744): GUID: 7bf875ce-8d46-d111-8d82006097c9a2b2
W/ASFExtractor(  744): ASF Object: 7bf875ce-8d46-d111-8d82006097c9a2b2, 38 bytes
W/ASFExtractor(  744): GUID: 8cabdca1-47a9-cf11-8ee400c00c205365
W/ASFExtractor(  744): ASF Object: 8cabdca1-47a9-cf11-8ee400c00c205365, 104 bytes
W/ASFExtractor(  744): GUID: a8a356f2-c924-a34e-9f009488f2612243
W/ASFExtractor(  744): filesize: 0x0.0x4ff4a3c
W/ASFExtractor(  744): 
W/ASFExtractor(  744): creation date: 0x1c6f6e9.0x94f9ce90
W/ASFExtractor(  744): 
W/ASFE
[ 6040.184575] [irq_proc_open][373] -16
xtractor(  744): packet count: 0x0.0x27d3
W/ASFExtractor(  744): 
W/ASFExtractor(  744): play duration: 0x0.0x34f8ca80
W/ASFExtractor(  744): 
W/ASFExtractor(  744): send duration: 0x0.0x3038aa60
W/ASFExtractor(  744): 
W/ASFExtractor(  744): preroll: 0x0.0x1f40
W/ASFExtractor(  744): 
W/ASFExtractor(  744): broadcast: 0, seekable: 0
W/ASFExtractor(  744): packet size: 8223
W/ASFExtractor(  744): max packet size: 8223
W/ASFExtractor(  744): max bitrate: 8447144
W/ASFExtractor(  744): GUID: 5fbf03b5-2ea9-cf11-8ee300c00c205365
W/ASFExtractor(  744): ASF Object: 5fbf03b5-2ea9-cf11-8ee300c00c205365, 4421 bytes
W/ASFExtractor(  744): GUID: abd3d211-baa9-cf11-8ee600c00c205365
W/ASFExtractor(  744): reserved2 6
W/ASFExtractor(  744): data len 4375
W/ASFExtractor(  744): GUID: 7c4346a9-e0ef-fc4b-b229393ede415c85
W/ASFExtractor(  744): ASF Object: 7c4346a9-e0ef-fc4b-b229393ede415c85, 39 bytes
W/ASFExtractor(  744): GUID: 14e6a5cb-72c6-3243-8399a96952065b5a
W/ASFExtractor(  744): ASF Object: 14e6a5cb-72c6-3243-8399a96952065b5a, 88 bytes
W/ASFExtractor(  744): start time: 0.0
W/ASFExtractor(  744): end time: 0.0
W/ASFExtractor(  744): data bitrate 384000
W/ASFExtractor(  744): buffer size 8000
W/ASFExtractor(  744): init buf fullness 0
W/ASFExtractor(  744): data bitrate 384000
W/ASFExtractor(  744): buffer size2 8000
W/ASFExtractor(  744): init buf fullness2 0
W/ASFExtractor(  744): max obj size 8192
W/ASFExtractor(  744): flag 2
W/ASFExtractor(  744): stream number 1
W/ASFExtractor(  744): language index 0
W/ASFExtractor(  744): Avg time per frame 0
W/ASFExtractor(  744): stream name count 0
W/ASFExtractor(  744): number payload ext 0
W/ASFExtractor(  744): GUID: 14e6a5cb-72c6-3243-8399a96952065b5a
W/ASFExtractor(  744): ASF Object: 14e6a5cb-72c6-3243-8399a96952065b5a, 110 bytes
W/ASFExtractor(  744): start time: 0.0
W/ASFExtractor(  744): end time: 0.0
W/ASFExtractor(  744): data bitrate 8000000
W/ASFExtractor(  744): buffer size 8000
W/ASFExtractor(  744): init buf fullness 0
W/ASFExtractor(  744): data bitrate 8000000
W/ASFExtractor(  744): buffer size2 8000
W/ASFExtractor(  744): init buf fullness2 0
W/ASFExtractor(  744): max obj size 0
W/ASFExtractor(  744): flag 2
W/ASFExtractor(  744): stream number 2
W/ASFExtractor(  744): language index 0
W/ASFExtractor(  744): Avg time per frame 417083
W/ASFExtractor(  744): stream name count 0
W/ASFExtractor(  744): number payload ext 1
W/ASFExtractor(  744): ext sys length 0
W/ASFExtractor(  744): GUID: 26f18b5d-8445-ec47-9f5f0e651f0452c9
W/ASFExtractor(  744): Unknown ASF Object: 26f18b5d-8445-ec47-9f5f0e651f0452c9, 26 bytes
W/ASFExtractor(  744): ASF Object: 26f18b5d-8445-ec47-9f5f0e651f0452c9, 26 bytes
W/ASFExtractor(  744): GUID: c5f8cbea-af5b-7748-8467aa8c44fa4cca
W/ASFExtractor(  744): ASF Object: c5f8cbea-af5b-7748-8467aa8c44fa4cca, 472 bytes
W/ASFExtractor(  744): WMA pro number 8
W/ASFExtractor(  744): WMA DRCStreamTempID 1
W/ASFExtractor(  744): field name len 12
W/ASFExtractor(  744): field len 2
W/ASFExtractor(  744): WMA DRCStreamTempID 1
W/ASFExtractor(  744): field name len 52
W/ASFExtractor(  744): field len 6
W/ASFExtractor(  744): WMA DRCStreamTempID 2
W/ASFExtractor(  744): field name len 12
W/ASFExtractor(  744): field len 2
W/ASFExtractor(  744): WMA DRCStreamTempID 2
W/ASFExtractor(  744): field name len 52
W/ASFExtractor(  744): field len 12
W/ASFExtractor(  744): WMA DRCStreamTempID 1
W/ASFExtractor(  744): field name len 46
W/ASFExtractor(  744): field len 4
W/ASFExtractor(  744): WMA DRC Peak Ref 23369
W/ASFExtractor(  744): WMA DRCStreamTempID 1
W/ASFExtractor(  744): field name len 40
W/ASFExtractor(  744): field len 4
W/ASFExtractor(  744): WMA DRC Peak target 23369
W/ASFExtractor(  744): WMA DRCStreamTempID 1
W/ASFExtractor(  744): field name len 52
W/ASFExtractor(  744): field len 4
W/ASFExtractor(  744): WMA DRC avg Ref 4446
W/ASFExtractor(  744): WMA DRCStreamTempID 1
W/ASFExtractor(  744): field name len 46
W/ASFExtractor(  744): field len 4
W/ASFExtractor(  744): WMA DRC avg target 4446
W/ASFExtractor(  744): GUID: 1806d474-dfca-0945-a4ba9aabcb96aae8
W/ASFExtractor(  744): ASF Object: 1806d474-dfca-0945-a4ba9aabcb96aae8, 3602 bytes
W/ASFExtractor(  744): GUID: d9aade20-177c-9c4f-bc288555dd98e2a2
W/ASFExtractor(  744): Unknown ASF Object: d9aade20-177c-9c4f-bc288555dd98e2a2, 38 bytes
W/ASFExtractor(  744): ASF Object: d9aade20-177c-9c4f-bc288555dd98e2a2, 38 bytes
W/ASFExtractor(  744): GUID: b7dc0791-b7a9-cf11-8ee600c00c205365
W/ASFExtractor(  744): ASF Object: b7dc0791-b7a9-cf11-8ee600c00c205365, 122 bytes
W/ASFExtractor(  744): flag: 1
W/ASFExtractor(  744): GUID: f8699e40-4d5b-cf11-a8fd00805f5c442b
W/ASFExtractor(  744): format tag: 0x162
W/ASFExtractor(  744): channel: 6
W/ASFExtractor(  744): sample per second: 48000
W/ASFExtractor(  744): Average bytes per second: 48000
W/ASFExtractor(  744): block align: 8192
W/ASFExtractor(  744): bits per sample: 24
W/ASFExtractor(  744): extra data size: 18
W/ASFExtractor(  744): valid bits per sample: 24
W/ASFExtractor(  744): channel mask: 63
W/ASFExtractor(  744): encode opt: 224
W/ASFExtractor(  744): advanced encode opt: 0
W/ASFExtractor(  744): GUID: b7dc0791-b7a9-cf11-8ee600c00c205365
W/ASFExtractor(  744): ASF Object: b7dc0791-b7a9-cf11-8ee600c00c205365, 134 bytes
W/ASFExtractor(  744): flag: 2
W/ASFExtractor(  744): GUID: bc19efc0-4d5b-cf11-a8fd00805f5c442b
W/ASFExtractor(  744): width: 1920
W/ASFExtractor(  744): height: 1080
W/ASFExtractor(  744): BiSize: 45
W/ASFExtractor(  744): BiWidth: 1920
W/ASFExtractor(  744): BiHeight: 1080
W/ASFExtractor(  744): BiPlanes: 1
W/ASFExtractor(  744): BiBitCount: 24
W/ASFExtractor(  744): BiCompression: 0x33564d57
W/ASFExtractor(  744): GUID: 86d15240-1d31-d011-a3a400a0c90348f6
W/ASFExtractor(  744): ASF Object: 86d15240-1d31-d011-a3a400a0c90348f6, 318 bytes
W/ASFExtractor(  744): GUID: 75b22636-8e66-cf11-a6d900aa0062ce6c
W/ASFExtractor(  744): ASF Object: 75b22636-8e66-cf11-a6d900aa0062ce6c, 83833535 bytes
W/ASFExtractor(  744): GUID: a8a356f2-c924-a34e-9f009488f2612243
W/ASFExtractor(  744): add video codec id: 0x33564d57
W/ASFExtractor(  744): add audio codec id: 0x162
D/MediaPlayerService(  744): countTracks = 2
D/MediaPlayerService(  744): mime = video/wmv3
D/MediaPlayerService(  744): mime = audio/x-ms-wma
D/MediaPlayerService(  744): videoCnt = 1, audioCnt = 1
D/MediaPlayerService(  744): Use DefaultPlayerType
D/MediaPlayerService(  744):  Create MstarPlayer
D/MstarPlayer(  744): Create MstarPlayer:0x0x42df0,Version:Release Mstar player lib Version:0015,Base CL:690305  Date:2013/07/10
D/MstarPlayer(  744): TV Local Time :  Fri Jul 19 15:51:47 2013
D/MstarPlayer(  744):  
D/MstarPlayer(  744): setInstance: 0x42df0
D/MstarPlayer(  744): mstar player set listener
D/MstarPlayer(  744): MstarPlayer::initCheck
D/MstarPlayer(  744): MstarPlayer::setDataSource(39, 0, 83839548)
D/MstarPlayer(  744): MstarPlayer::clearAllSource
D/FileContentSource(  744): file path /mnt/usb/sda3/测试资源1/视频/WMV高清/1080P-码流8M.wmv
D/FileContentSource(  744): file content initcheck
D/MstarPlayer(  744): MstarPlayer::createSubtitleSource
D/MstarPlayer(  744): file path1 /mnt/usb/sda3/测试资源1/视频/WMV高清/1080P-码流8M.wmv
D/FileContentSource(  744): file path /mnt/usb/sda3/测试资源1/视频/WMV高清/1080P-码流8M.wmv
D/FileContentSource(  744): file content source addr 0x44e80,file handle 0x414ed380
D/FileContentSource(  744): file content initcheck
D/MstarPlayer(  744): MstarPlayer::createAttachmentSource
D/MstarPlayer(  744): file path2 /mnt/usb/sda3/测试资源1/视频/WMV高清/1080P-码流8M.wmv
D/FileContentSource(  744): file path /mnt/usb/sda3/测试资源1/视频/WMV高清/1080P-码流8M.wmv
D/FileContentSource(  744): file content source addr 0x451a0,file handle 0x414ed3d8
D/FileContentSource(  744): file content initcheck
D/MstarPlayer(  744): MstarPlayer::createAudioSource
D/MstarPlayer(  744): file path2 /mnt/usb/sda3/测试资源1/视频/WMV高清/1080P-码流8M.wmv
D/FileContentSource(  744): file path /mnt/usb/sda3/测试资源1/视频/WMV高清/1080P-码流8M.wmv
D/FileContentSource(  744): file content source addr 0x32458,file handle 0x414ed430
D/FileContentSource(  744): file content initcheck
D/MediaPlayerService(  744): [30] setVideoSurfaceTexture(0x32550)
D/MstarPlayer(  744): MstarPlayer::setVideoSurfaceTexture 
D/MstarPlayer(  744): open mHwcFifoFD = 39
D/MstarPlayer(  744): MstarPlayer::prepareAsync
D/MstarPlayer(  744): MstarPlayer::doPrepare
D/FileContentSource(  744): file content seekat,offset=0
D/FileContentSource(  744): file content seekat,offset=0
D/FileContentSource(  744): file content seekat,offset=0
D/MstarPlayer(  744): create MSrv_MM_PlayerInterface
D/MstarPlayer(  744): ===> GET source FILE Size 83839548 
D/MstarPlayer(  744): stMedia.u32FilID = 414ed328
D/MstarPlayer(  744): stMedia.u32FileSecondID = 414ed380
D/MstarPlayer(  744): stMedia.u32FileThirdID = 414ed3d8
D/MstarPlayer(  744): stMedia.u32FileFourthID = 414ed430
D/MstarPlayer(  744): play content is video
D/MMPlayer(  744): constructor: 0x44408
D/MMPlayer(  744): 
D/MMPlayer(  744): connect
D/MMPlayer(  744): 
D/MMPlayer(  744): getMMPlayerService
D/IMMPlayerService(  744): Send CONNECT
D/IMMPlayer(  744): Send INITIALIZE
I//lib/ld-linux.so.3(  748): V/MMPlayerService( 754 1058): MMPlayerService::connect(callingPid 744, client 0x2a182cc0)
I//lib/ld-linux.so.3(  748): V/MMPlayerService( 754 1058): MMPlayerService::Client constructor(callingPid 744)
I//lib/ld-linux.so.3(  748): D/MMPlayerService( 754 1058): setState =0
I//lib/ld-linux.so.3(  748): MMPlayerService::Client::MM_Initialize()
I//lib/ld-linux.so.3(  748): MSrv_MM_PhotoPlayer::Initialize().
I//lib/ld-linux.so.3(  748): mapi_cpcodec::Initialize(). eDecoderPath:2
I//lib/ld-linux.so.3(  748): MIU interval 0x60000000.
I//lib/ld-linux.so.3(  748): E_MMAP_ID_XC_MAIN_FB PA: 0x17bc1000, VA: 0x457c8000, size: 0x1800000, IsMIU0: 1.
I//lib/ld-linux.so.3(  748): E_MMAP_ID_PHOTO_SHAREMEM PA: 0x167bc000, VA: 0x443c3000, size: 0x400, IsMIU0: 1.
I//lib/ld-linux.so.3(  748): E_MMAP_ID_JPD_READ PA: 0x167bc400, VA: 0x443c3400, size: 0x50080, IsMIU0: 1.
I//lib/ld-linux.so.3(  748): E_MMAP_ID_JPD_WRITE PA: 0x1680c480, VA: 0x44413480, size: 0x3fc000, IsMIU0: 1.
I//lib/ld-linux.so.3(  748): E_MMAP_ID_PHOTO_DISPLAY PA: 0x163c0000, VA: 0x43fc7000, size: 0x3fc000, IsMIU0: 1.
I//lib/ld-linux.so.3(  748): E_MMAP_ID_PHOTO_INTER PA: 0x16c08480, VA: 0x4480f480, size: 0x630000, IsMIU0: 1.
I//lib/ld-linux.so.3(  748): E_MMAP_ID_PHOTO_MPO_INTER PA: 0x17238480, VA: 0x44e3f480, size: 0x3fc000, IsMIU0: 1.
I//lib/ld-linux.so.3(  748): E_MMAP_ID_VDPLAYER_DATA PA: 0x163c0000, VA: 0x43fc7000, size: 0x1000, IsMIU0: 1.
I//lib/ld-linux.so.3(  748): E_MMAP_ID_VDPLAYER_BITSTREAM PA: 0x16d40000, VA: 0x44947000, size: 0x400000, IsMIU0: 1.
I//lib/ld-linux.so.3(  748): E_MMAP_ID_VDPLAYER_BITSTREAM_EXT PA: 0x16940000, VA: 0x44547000, size: 0x400000, IsMIU0: 1.
I//lib/ld-linux.so.3(  748): E_MMAP_ID_SUBTITLE PA: 0x16740000, VA: 0x44347000, size: 0x1e0000, IsMIU0: 1.
I//lib/ld-linux.so.3(  748): E_MMAP_ID_MAD_DEC PA: 0x15c40000, VA: 0x43847000, size: 0x280000, IsMIU0: 1.
I//lib/ld-linux.so.3(  748): E_MMAP_ID_VDEC_CPU PA: 0x1b800000, VA: 0x49407000, size: 0x200000, IsMIU0: 1.
I//lib/ld-linux.so.3(  748): E_MMAP_ID_VDEC_FRAMEBUFFER PA: 0x1ba00000, VA: 0x49607000, size: 0x1b00000, IsMIU0: 1.
I//lib/ld-linux.so.3(  748): E_MMAP_ID_VDEC_FRAMEBUFFERSD PA: 0x1ba00000, VA: 0x49607000, size: 0x1b00000, IsMIU0: 1.
I//lib/ld-linux.so.3(  748): E_MMAP_ID_VDEC_BITSTREAM PA: 0x1d500000, VA: 0x4b107000, size: 0x800000, IsMIU0: 1.
I//lib/ld-linux.so.3(  748): E_MMAP_ID_VDEC_MVC_FRAMEBUFFER PA: 0x1ba00000, VA: 0x49607000, size: 0x2b00000, IsMIU0: 1.
I//lib/ld-linux.so.3(  748): E_MMAP_ID_VDEC_MVC_BITSTREAM PA: 0x1e500000, VA: 0x4c107000, size: 0x1600000, IsMIU0: 1.
I//lib/ld-linux.so.3(  748): E_MMAP_ID_DMX_SECBUF PA: 0xd0000, VA: 0x411d7000, size: 0x70000, IsMIU0: 1.
I//lib/ld-linux.so.3(  748): Thread name: mapi_cpcodec.
I//lib/ld-linux.so.3(  748): ???????? Important,The MMAP ID(110) does not existed!, please check it...
I//lib/ld-linux.so.3(  748): ???????? Please update the right system configure...
I//lib/ld-linux.so.3(  748): ???????? Important,The MMAP ID(111) does not existed!, please check it...
I//lib/ld-linux.so.3(  748): ???????? Please update the right system configure...
I//lib/ld-linux.so.3(  748): Panel width: 1920, heigt: 1080.
I//lib/ld-linux.so.3(  748): MPO SBS width: 2688, heigt: 756.
I//lib/ld-linux.so.3(  748): Output Buffer start: 0x44413480, BUS address start: 0x5680c480, size: 0x3fc000.
I//lib/ld-linux.so.3(  748): Display Buffer start: 0x43fc7000, BUS address start: 0x563c0000, size: 0x3fc000.
I//lib/ld-linux.so.3(  748): Internal Buffer start: 0x4480f480, BUS address start: 0x56c08480, size: 0x630000.
I//lib/ld-linux.so.3(  748): MPO Internal Buffer start: 0x44e3f480, BUS address start: 0x57238480, size: 0x3fc000.
I//lib/ld-linux.so.3(  748): MSrv_MM_PhotoPlayer::Initialize() Done.
I//lib/ld-linux.so.3(  748): >>> MSrv_MM_VideoPlayer  Initialize 
I//lib/ld-linux.so.3(  748): mapi_cpcodec::Initialize(). eDecoderPath:2
I//lib/ld-linux.so.3(  748): ******Amplifier_TI5707_SWMute(0)
I//lib/ld-linux.so.3(  748): 5707write fail = 7
I//lib/ld-linux.so.3(  748): 5707write fail = 7
I//lib/ld-linux.so.3(  748): 5707write fail = 7
D/MonitorCw880( 1316): Current Remote Host is null, continue, counter=0
I//lib/ld-linux.so.3(  748): 5707write fail = 7
D/IMMPlayer(  744): Get ret:0
D/IMMPlayer(  744): Send PLAYER_COMMAND_ADD_EVENT_RECIPIENT_FPTR
D/IMMPlayer(  744): Get ret:1
D/IMMPlayer(  744): Send MM_SetPlayerTimeOutValue
D/IMMPlayer(  744): pTimeOutInfo->u32FileIOTimeOut:0
D/IMMPlayer(  744): pTimeOutInfo->u32FileReadTimeOut:0
D/IMMPlayer(  744): pTimeOutInfo->u32FileSeekTimeOut:0
D/IMMPlayer(  744): pTimeOutInfo->u32DecodeCtrlTimeOut:0
D/IMMPlayer(  744): pTimeOutInfo->u32ESBuffCtrlTimeOut:0
D/IMMPlayer(  744): Get ret:0
D/IMMPlayer(  744): Send MM_CreateMediaItem
D/IMMPlayer(  744): stMedia.u32FileID:1095684904
D/IMMPlayer(  744): stMedia.u32FileSecondID:1095684992
D/IMMPlayer(  744): stMedia.u32FileThirdID:1095685080
D/IMMPlayer(  744): stMedia.u32FileFourthID:1095685168
D/IMMPlayer(  744): stMedia.u64FileLength:83839548
D/IMMPlayer(  744): stMedia.eMediaType:2
D/IMMPlayer(  744): stMedia.eMediaFileType:0
D/IMMPlayer(  744): stMedia.eMediaCreateMode:0
D/IMMPlayer(  744): stMedia.u32CtlFlag:2
I//lib/ld-linux.so.3(  748): 5707write fail = 6
I//lib/ld-linux.so.3(  748): Panel width: 01920, heigt: 1080.
I//lib/ld-linux.so.3(  748): Thread name: MM_Audio.
I//lib/ld-linux.so.3(  748): Thread name: MM_Audio.
D/IMMPlayer(  744): Get ret:0
D/MstarPlayer(  744): media item 0x1
D/MstarPlayer(  744): MstarPlayer::doPrepare done
I//lib/ld-linux.so.3(  748): CurrentArcType:1
I//lib/ld-linux.so.3(  748): Video Item Info, file ID: 0x414ed328, file length: 0x0 0x4ff4a3c.
I//lib/ld-linux.so.3(  748): Output Resolution: DISPLAY_DACOUT_480P or DISPLAY_DACOUT_720P_60 or DISPLAY_DACOUT_1080P_60.
I//lib/ld-linux.so.3(  748): >>>GetDRMSetting From EEPROM
I//lib/ld-linux.so.3(  748): mapi_cpcodec::CreateMedia(): 6040168.
I//lib/ld-linux.so.3(  748): 1 File ID: 0x414ed328, 2 File ID: 0x414ed380, 3 File ID: 0x414ed3d8, 4 File ID: 0x414ed430.
I//lib/ld-linux.so.3(  748): File size: 0x0 4ff4a3c.
I//lib/ld-linux.so.3(  748): Media Type: 0, File Type: 0, Create Mode: 0.
I//lib/ld-linux.so.3(  748): mapi_cpcodec::videoCreateMedia().
I//lib/ld-linux.so.3(  748): Reconfigure Buffer.
I//lib/ld-linux.so.3(  748): E_MMAP_ID_VDEC_FRAMEBUFFER PA: 0x1ba00000, VA: 0x49607000, size: 0x1b00000, IsMIU0: 1.
I//lib/ld-linux.so.3(  748): E_MMAP_ID_VDEC_FRAMEBUFFERSD PA: 0x1ba00000, VA: 0x49607000, size: 0x1b00000, IsMIU0: 1.
I//lib/ld-linux.so.3(  748): E_MMAP_ID_VDEC_BITSTREAM PA: 0x1d500000, VA: 0x4b107000, size: 0x800000, IsMIU0: 1.
I//lib/ld-linux.so.3(  748): E_MMAP_ID_VDEC_MVC_FRAMEBUFFER PA: 0x1ba00000, VA: 0x49607000, size: 0x2b00000, IsMIU0: 1.
I//lib/ld-linux.so.3(  748): E_MMAP_ID_VDEC_MVC_BITSTREAM PA: 0x1e500000, VA: 0x4c107000, size: 0x1600000, IsMIU0: 1.
I//lib/ld-linux.so.3(  748): Copy TSP FW bin 2a16fe60 -> 411d7000; 4400
I//lib/ld-linux.so.3(  748): pCodecMedia eFileType:0,eAppType:0 
I//lib/ld-linux.so.3(  748): >>>>  DRM start  DRM MODEL ID  0x3031
I//lib/ld-linux.so.3(  748): LoadDRMMemory();
I//lib/ld-linux.so.3(  748): Display Msg: 29.
I//lib/ld-linux.so.3(  748):  set Frame buffer info  MAX_FRAMENUM 4   MAX_FIELDNUM  16
I//lib/ld-linux.so.3(  748): Enable TS Subtitle codec state  1
I//lib/ld-linux.so.3(  748): [CI][HbbTV-VOD]<INFO>:[1374220307.761876] MM init start
I//lib/ld-linux.so.3(  748): videoCreateMedia Done.
I//lib/ld-linux.so.3(  748): Create CP Ccodec Video Media Done.
I//lib/ld-linux.so.3(  748): Device or resource busy
I//lib/ld-linux.so.3(  748): Cannot open interrupt descriptor for irq=147 Auth OK
I//lib/ld-linux.so.3(  748): Check S/W IP Statue
I//lib/ld-linux.so.3(  748): [0]:OFF; [1]:OFF; [2]:OFF; [3]:ON
I//lib/ld-linux.so.3(  748): [4]:OFF; [5]:OFF; [6]:OFF; [7]:OFF
I//lib/ld-linux.so.3(  748): [8]:OFF; [9]:OFF; [10]:OFF; [11]:ON
I//lib/ld-linux.so.3(  748): [12]:ON; [13]:OFF; [14]:OFF; [15]:OFF
I//lib/ld-linux.so.3(  748): [16]:OFF; [17]:OFF; [18]:OFF; [19]:ON
I//lib/ld-linux.so.3(  748): [20]:ON; [21]:ON; [22]:ON; [23]:ON
I//lib/ld-linux.so.3(  748): [24]:OFF; [25]:OFF; [26]:OFF; [27]:ON
I//lib/ld-linux.so.3(  748): [28]:ON; [29]:ON; [30]:ON; [31]:OFF
I//lib/ld-linux.so.3(  748): [32]:OFF; [33]:ON; [34]:ON; [35]:OFF
I//lib/ld-linux.so.3(  748): [36]:OFF; [37]:OFF; [38]:OFF; [39]:ON
I//lib/ld-linux.so.3(  748): [40]:ON; [41]:OFF; [42]:OFF; [43]:OFF
I//lib/ld-linux.so.3(  748): [44]:OFF; [45]:OFF; [46]:OFF; [47]:OFF
I//lib/ld-linux.so.3(  748): [48]:OFF; [49]:OFF; [50]:OFF; [51]:OFF
I//lib/ld-linux.so.3(  748): [52]:OFF; [53]:OFF; [54]:OFF; [55]:OFF
I//lib/ld-linux.so.3(  748): [56]:OFF; [57]:OFF; [58]:OFF; [59]:OFF
I//lib/ld-linux.so.3(  748): [60]:OFF; [61]:OFF; [62]:OFF; [63]:OFF
I//lib/ld-linux.so.3(  748): Blocking Read: 50, size: 0x1000.
I//lib/ld-linux.so.3(  748): File format : ASF
I//lib/ld-linux.so.3(  748): Blocking Read: 50, size: 0x10000.
D/MstarPlayer(  744): 00File size: 83839548, pos : 69632  Seek position: 83836928.
D/FileContentSource(  744): file content seekat,offset=83836928
D/MstarPlayer(  744): File seek OK.
D/MstarPlayer(  744):  ========^^ set file end ^^============,tell size=83839548,fsize=83839548
I//lib/ld-linux.so.3(  748): Blocking Read: 50, size: 0xa3c.
D/MstarPlayer(  744): 00File size: 83839548, pos : 83839548  Seek position: 4096.
D/FileContentSource(  744): file content seekat,offset=4096
D/MstarPlayer(  744): File seek OK.
D/MstarPlayer(  744): 00File size: 83839548, pos : 16384  Seek position: 528384.
D/FileContentSource(  744): file content seekat,offset=528384
D/MstarPlayer(  744): File seek OK.
I//lib/ld-linux.so.3(  748): Blocking Read: 50, size: 0x3000.
I//lib/ld-linux.so.3(  748): Blocking Read: 50, size: 0x3000.
D/MstarPlayer(  744): 00File size: 83839548, pos : 540672  Seek position: 5701632.
D/FileContentSource(  744): file content seekat,offset=5701632
D/MstarPlayer(  744): File seek OK.
I//lib/ld-linux.so.3(  748): Blocking Read: 50, size: 0x3000.
D/MstarPlayer(  744): 00File size: 83839548, pos : 5713920  Seek position: 7008256.
D/FileContentSource(  744): file content seekat,offset=7008256
D/MstarPlayer(  744): File seek OK.
I//lib/ld-linux.so.3(  748): Blocking Read: 50, size: 0x3000.
D/MstarPlayer(  744): 00File size: 83839548, pos : 7020544  Seek position: 11243520.
D/FileContentSource(  744): file content seekat,offset=11243520
D/MstarPlayer(  744): File seek OK.
I//lib/ld-linux.so.3(  748): Blocking Read: 50, size: 0x3000.
D/MstarPlayer(  744): 00File size: 83839548, pos : 11255808  Seek position: 11812864.
D/FileContentSource(  744): file content seekat,offset=11812864
D/MstarPlayer(  744): File seek OK.
I//lib/ld-linux.so.3(  748): Blocking Read: 50, size: 0x3000.
D/MstarPlayer(  744): 00File size: 83839548, pos : 11825152  Seek position: 12980224.
D/FileContentSource(  744): file content seekat,offset=12980224
D/MstarPlayer(  744): File seek OK.
I//lib/ld-linux.so.3(  748): Blocking Read: 50, size: 0x3000.
D/MstarPlayer(  744): 00File size: 83839548, pos : 12992512  Seek position: 13537280.
D/FileContentSource(  744): file content seekat,offset=13537280
D/MstarPlayer(  744): File seek OK.
D/MonitorCw880( 1316): Current Remote Host is null, continue, counter=0
D/MstarPlayer(  744): 00File size: 83839548, pos : 13549568  Seek position: 14938112.
D/FileContentSource(  744): file content seekat,offset=14938112
D/MstarPlayer(  744): File seek OK.
I//lib/ld-linux.so.3(  748): Blocking Read: 50, size: 0x3000.
D/dalvikvm( 4861): GC_CONCURRENT freed 139K, 20% free 26445K/32707K, paused 2ms+4ms
I//lib/ld-linux.so.3(  748): Blocking Read: 50, size: 0x3000.
D/MstarPlayer(  744): 00File size: 83839548, pos : 14950400  Seek position: 16179200.
D/FileContentSource(  744): file content seekat,offset=16179200
D/MstarPlayer(  744): File seek OK.
I//lib/ld-linux.so.3(  748): Blocking Read: 50, size: 0x3000.
D/MstarPlayer(  744): 00File size: 83839548, pos : 16191488  Seek position: 17305600.
D/FileContentSource(  744): file content seekat,offset=17305600
D/MstarPlayer(  744): File seek OK.
I//lib/ld-linux.so.3(  748): Blocking Read: 50, size: 0x3000.
D/MstarPlayer(  744): 00File size: 83839548, pos : 17317888  Seek position: 18034688.
D/FileContentSource(  744): file content seekat,offset=18034688
D/MstarPlayer(  744): File seek OK.
I//lib/ld-linux.so.3(  748): Blocking Read: 50, size: 0x3000.
D/MstarPlayer(  744): 00File size: 83839548, pos : 18046976  Seek position: 19320832.
D/FileContentSource(  744): file content seekat,offset=19320832
D/MstarPlayer(  744): File seek OK.
D/dalvikvm( 4861): GC_CONCURRENT freed 2014K, 19% free 26559K/32707K, paused 2ms+5ms
I//lib/ld-linux.so.3(  748): Blocking Read: 50, size: 0x3000.
D/MstarPlayer(  744): 00File size: 83839548, pos : 19333120  Seek position: 21315584.
D/FileContentSource(  744): file content seekat,offset=21315584
D/MstarPlayer(  744): File seek OK.
I//lib/ld-linux.so.3(  748): Blocking Read: 50, size: 0x3000.
D/MstarPlayer(  744): 00File size: 83839548, pos : 21327872  Seek position: 22757376.
D/FileContentSource(  744): file content seekat,offset=22757376
D/MstarPlayer(  744): File seek OK.
I//lib/ld-linux.so.3(  748): Blocking Read: 50, size: 0x3000.
D/MstarPlayer(  744): 00File size: 83839548, pos : 22769664  Seek position: 24588288.
D/FileContentSource(  744): file content seekat,offset=24588288
D/MstarPlayer(  744): File seek OK.
D/dalvikvm( 4861): GC_CONCURRENT freed 2124K, 19% free 26593K/32707K, paused 2ms+5ms
I//lib/ld-linux.so.3(  748): Blocking Read: 50, size: 0x3000.
D/MstarPlayer(  744): 00File size: 83839548, pos : 24600576  Seek position: 25591808.
D/FileContentSource(  744): file content seekat,offset=25591808
D/MstarPlayer(  744): File seek OK.
I//lib/ld-linux.so.3(  748): Blocking Read: 50, size: 0x3000.
D/MonitorCw880( 1316): Current Remote Host is null, continue, counter=0
D/MstarPlayer(  744): 00File size: 83839548, pos : 25604096  Seek position: 27066368.
D/FileContentSource(  744): file content seekat,offset=27066368
D/MstarPlayer(  744): File seek OK.
D/dalvikvm( 4861): GC_CONCURRENT freed 2165K, 20% free 26427K/32707K, paused 2ms+6ms
I//lib/ld-linux.so.3(  748): Blocking Read: 50, size: 0x3000.
D/MstarPlayer(  744): 00File size: 83839548, pos : 27078656  Seek position: 28012544.
D/FileContentSource(  744): file content seekat,offset=28012544
D/MstarPlayer(  744): File seek OK.
I//lib/ld-linux.so.3(  748): Blocking Read: 50, size: 0x3000.
D/MstarPlayer(  744): 00File size: 83839548, pos : 28024832  Seek position: 29237248.
D/FileContentSource(  744): file content seekat,offset=29237248
D/MstarPlayer(  744): File seek OK.
D/MstarPlayer(  744): 00File size: 83839548, pos : 29249536  Seek position: 30240768.
D/FileContentSource(  744): file content seekat,offset=30240768
D/MstarPlayer(  744): File seek OK.
I//lib/ld-linux.so.3(  748): Blocking Read: 50, size: 0x3000.
D/dalvikvm( 4861): GC_CONCURRENT freed 1995K, 20% free 26479K/32707K, paused 2ms+6ms
I//lib/ld-linux.so.3(  748): Blocking Read: 50, size: 0x3000.
D/MstarPlayer(  744): 00File size: 83839548, pos : 30253056  Seek position: 31326208.
D/FileContentSource(  744): file content seekat,offset=31326208
D/MstarPlayer(  744): File seek OK.
I//lib/ld-linux.so.3(  748): Blocking Read: 50, size: 0x3000.
D/MstarPlayer(  744): 00File size: 83839548, pos : 31338496  Seek position: 32534528.
D/FileContentSource(  744): file content seekat,offset=32534528
D/MstarPlayer(  744): File seek OK.
D/MstarPlayer(  744): 00File size: 83839548, pos : 32546816  Seek position: 33824768.
D/FileContentSource(  744): file content seekat,offset=33824768
D/MstarPlayer(  744): File seek OK.
I//lib/ld-linux.so.3(  748): Blocking Read: 50, size: 0x3000.
I//lib/ld-linux.so.3(  748): Blocking Read: 50, size: 0x3000.
D/MstarPlayer(  744): 00File size: 83839548, pos : 33837056  Seek position: 34648064.
D/FileContentSource(  744): file content seekat,offset=34648064
D/MstarPlayer(  744): File seek OK.
I//lib/ld-linux.so.3(  748): Blocking Read: 50, size: 0x3000.
D/MstarPlayer(  744): 00File size: 83839548, pos : 34660352  Seek position: 35467264.
D/FileContentSource(  744): file content seekat,offset=35467264
D/MstarPlayer(  744): File seek OK.
D/MstarPlayer(  744): 00File size: 83839548, pos : 35479552  Seek position: 36274176.
D/FileContentSource(  744): file content seekat,offset=36274176
D/MstarPlayer(  744): File seek OK.
I//lib/ld-linux.so.3(  748): Blocking Read: 50, size: 0x3000.
D/MonitorCw880( 1316): Current Remote Host is null, continue, counter=0
I//lib/ld-linux.so.3(  748): Blocking Read: 50, size: 0x3000.
D/MstarPlayer(  744): 00File size: 83839548, pos : 36286464  Seek position: 36892672.
D/FileContentSource(  744): file content seekat,offset=36892672
D/MstarPlayer(  744): File seek OK.
I//lib/ld-linux.so.3(  748): Blocking Read: 50, size: 0x3000.
D/MstarPlayer(  744): 00File size: 83839548, pos : 36904960  Seek position: 38174720.
D/FileContentSource(  744): file content seekat,offset=38174720
D/MstarPlayer(  744): File seek OK.
D/MstarPlayer(  744): 00File size: 83839548, pos : 38187008  Seek position: 38957056.
D/FileContentSource(  744): file content seekat,offset=38957056
D/MstarPlayer(  744): File seek OK.
I//lib/ld-linux.so.3(  748): Blocking Read: 50, size: 0x3000.
I//lib/ld-linux.so.3(  748): Blocking Read: 50, size: 0x3000.
D/MstarPlayer(  744): 00File size: 83839548, pos : 38969344  Seek position: 39985152.
D/FileContentSource(  744): file content seekat,offset=39985152
D/MstarPlayer(  744): File seek OK.
I//lib/ld-linux.so.3(  748): Blocking Read: 50, size: 0x3000.
D/MstarPlayer(  744): 00File size: 83839548, pos : 39997440  Seek position: 40853504.
D/FileContentSource(  744): file content seekat,offset=40853504
D/MstarPlayer(  744): File seek OK.
I//lib/ld-linux.so.3(  748): Blocking Read: 50, size: 0x3000.
D/MstarPlayer(  744): 00File size: 83839548, pos : 40865792  Seek position: 41676800.
D/FileContentSource(  744): file content seekat,offset=41676800
D/MstarPlayer(  744): File seek OK.
I//lib/ld-linux.so.3(  748): Blocking Read: 50, size: 0x3000.
D/MstarPlayer(  744): 00File size: 83839548, pos : 41689088  Seek position: 42827776.
D/FileContentSource(  744): file content seekat,offset=42827776
D/MstarPlayer(  744): File seek OK.
D/FakeService( 1648): startBackService
D/BackService( 4861): BackService onStart called
D/BackService( 4861): BackService mStart = true
I//lib/ld-linux.so.3(  748): Blocking Read: 50, size: 0x3000.
D/MstarPlayer(  744): 00File size: 83839548, pos : 42840064  Seek position: 45559808.
D/FileContentSource(  744): file content seekat,offset=45559808
D/MstarPlayer(  744): File seek OK.
I//lib/ld-linux.so.3(  748): Blocking Read: 50, size: 0x3000.
D/MstarPlayer(  744): 00File size: 83839548, pos : 45572096  Seek position: 46329856.
D/FileContentSource(  744): file content seekat,offset=46329856
D/MstarPlayer(  744): File seek OK.
I//lib/ld-linux.so.3(  748): Blocking Read: 50, size: 0x3000.
D/MstarPlayer(  744): 00File size: 83839548, pos : 46342144  Seek position: 47935488.
D/FileContentSource(  744): file content seekat,offset=47935488
D/MstarPlayer(  744): File seek OK.
D/MonitorCw880( 1316): Current Remote Host is null, continue, counter=0
I//lib/ld-linux.so.3(  748): Blocking Read: 50, size: 0x3000.
D/MstarPlayer(  744): 00File size: 83839548, pos : 47947776  Seek position: 48369664.
D/FileContentSource(  744): file content seekat,offset=48369664
D/MstarPlayer(  744): File seek OK.
I//lib/ld-linux.so.3(  748): Blocking Read: 50, size: 0x3000.
D/MstarPlayer(  744): 00File size: 83839548, pos : 48381952  Seek position: 49545216.
D/FileContentSource(  744): file content seekat,offset=49545216
D/MstarPlayer(  744): File seek OK.
I//lib/ld-linux.so.3(  748): Blocking Read: 50, size: 0x3000.
D/MstarPlayer(  744): 00File size: 83839548, pos : 49557504  Seek position: 50565120.
D/FileContentSource(  744): file content seekat,offset=50565120
D/MstarPlayer(  744): File seek OK.
I//lib/ld-linux.so.3(  748): Blocking Read: 50, size: 0x3000.
D/MstarPlayer(  744): 00File size: 83839548, pos : 50577408  Seek position: 51560448.
D/FileContentSource(  744): file content seekat,offset=51560448
D/MstarPlayer(  744): File seek OK.
I//lib/ld-linux.so.3(  748): Blocking Read: 50, size: 0x3000.
D/MstarPlayer(  744): 00File size: 83839548, pos : 51572736  Seek position: 52490240.
D/FileContentSource(  744): file content seekat,offset=52490240
D/MstarPlayer(  744): File seek OK.
I//lib/ld-linux.so.3(  748): Blocking Read: 50, size: 0x3000.
D/MstarPlayer(  744): 00File size: 83839548, pos : 52502528  Seek position: 53592064.
D/FileContentSource(  744): file content seekat,offset=53592064
D/MstarPlayer(  744): File seek OK.
I//lib/ld-linux.so.3(  748): Blocking Read: 50, size: 0x3000.
D/MstarPlayer(  744): 00File size: 83839548, pos : 53604352  Seek position: 55021568.
D/FileContentSource(  744): file content seekat,offset=55021568
D/MstarPlayer(  744): File seek OK.
I//lib/ld-linux.so.3(  748): Blocking Read: 50, size: 0x3000.
D/MstarPlayer(  744): 00File size: 83839548, pos : 55033856  Seek position: 56074240.
D/FileContentSource(  744): file content seekat,offset=56074240
D/MstarPlayer(  744): File seek OK.
I//lib/ld-linux.so.3(  748): Blocking Read: 50, size: 0x3000.
D/MstarPlayer(  744): 00File size: 83839548, pos : 56086528  Seek position: 56651776.
D/FileContentSource(  744): file content seekat,offset=56651776
D/MstarPlayer(  744): File seek OK.
I//lib/ld-linux.so.3(  748): Blocking Read: 50, size: 0x3000.
D/MstarPlayer(  744): 00File size: 83839548, pos : 56664064  Seek position: 58322944.
D/FileContentSource(  744): file content seekat,offset=58322944
D/MstarPlayer(  744): File seek OK.
D/MonitorCw880( 1316): Current Remote Host is null, continue, counter=0
I//lib/ld-linux.so.3(  748): Blocking Read: 50, size: 0x3000.
D/MstarPlayer(  744): 00File size: 83839548, pos : 58335232  Seek position: 59899904.
D/FileContentSource(  744): file content seekat,offset=59899904
D/MstarPlayer(  744): File seek OK.
I//lib/ld-linux.so.3(  748): Blocking Read: 50, size: 0x3000.
D/MstarPlayer(  744): 00File size: 83839548, pos : 59912192  Seek position: 60772352.
D/FileContentSource(  744): file content seekat,offset=60772352
D/MstarPlayer(  744): File seek OK.
I//lib/ld-linux.so.3(  748): Blocking Read: 50, size: 0x3000.
D/MstarPlayer(  744): 00File size: 83839548, pos : 60784640  Seek position: 61677568.
D/FileContentSource(  744): file content seekat,offset=61677568
D/MstarPlayer(  744): File seek OK.
I//lib/ld-linux.so.3(  748): Blocking Read: 50, size: 0x3000.
D/MstarPlayer(  744): 00File size: 83839548, pos : 61689856  Seek position: 62820352.
D/FileContentSource(  744): file content seekat,offset=62820352
D/MstarPlayer(  744): File seek OK.
I//lib/ld-linux.so.3(  748): Blocking Read: 50, size: 0x3000.
D/MstarPlayer(  744): 00File size: 83839548, pos : 62832640  Seek position: 63729664.
D/FileContentSource(  744): file content seekat,offset=63729664
D/MstarPlayer(  744): File seek OK.
I//lib/ld-linux.so.3(  748): Blocking Read: 50, size: 0x3000.
D/MstarPlayer(  744): 00File size: 83839548, pos : 63741952  Seek position: 64610304.
D/FileContentSource(  744): file content seekat,offset=64610304
D/MstarPlayer(  744): File seek OK.
I//lib/ld-linux.so.3(  748): Blocking Read: 50, size: 0x3000.
D/MstarPlayer(  744): 00File size: 83839548, pos : 64622592  Seek position: 65662976.
D/FileContentSource(  744): file content seekat,offset=65662976
D/MstarPlayer(  744): File seek OK.
I//lib/ld-linux.so.3(  748): Blocking Read: 50, size: 0x3000.
D/MstarPlayer(  744): 00File size: 83839548, pos : 65675264  Seek position: 66895872.
D/FileContentSource(  744): file content seekat,offset=66895872
D/MstarPlayer(  744): File seek OK.
I//lib/ld-linux.so.3(  748): Blocking Read: 50, size: 0x3000.
D/MstarPlayer(  744): 00File size: 83839548, pos : 66908160  Seek position: 68132864.
D/FileContentSource(  744): file content seekat,offset=68132864
D/MstarPlayer(  744): File seek OK.
D/MstarPlayer(  744): 00File size: 83839548, pos : 68145152  Seek position: 69300224.
D/FileContentSource(  744): file content seekat,offset=69300224
D/MstarPlayer(  744): File seek OK.
I//lib/ld-linux.so.3(  748): Blocking Read: 50, size: 0x3000.
D/MonitorCw880( 1316): Current Remote Host is null, continue, counter=0
I//lib/ld-linux.so.3(  748): Blocking Read: 50, size: 0x3000.
D/MstarPlayer(  744): 00File size: 83839548, pos : 69312512  Seek position: 69849088.
D/FileContentSource(  744): file content seekat,offset=69849088
D/MstarPlayer(  744): File seek OK.
I//lib/ld-linux.so.3(  748): Blocking Read: 50, size: 0x3000.
D/MstarPlayer(  744): 00File size: 83839548, pos : 69861376  Seek position: 71122944.
D/FileContentSource(  744): file content seekat,offset=71122944
D/MstarPlayer(  744): File seek OK.
I//lib/ld-linux.so.3(  748): Blocking Read: 50, size: 0x3000.
D/MstarPlayer(  744): 00File size: 83839548, pos : 71135232  Seek position: 72396800.
D/FileContentSource(  744): file content seekat,offset=72396800
D/MstarPlayer(  744): File seek OK.
D/MstarPlayer(  744): 00File size: 83839548, pos : 72409088  Seek position: 73895936.
D/FileContentSource(  744): file content seekat,offset=73895936
D/MstarPlayer(  744): File seek OK.
I//lib/ld-linux.so.3(  748): Blocking Read: 50, size: 0x3000.
I//lib/ld-linux.so.3(  748): Blocking Read: 50, size: 0x3000.
D/MstarPlayer(  744): 00File size: 83839548, pos : 73908224  Seek position: 75374592.
D/FileContentSource(  744): file content seekat,offset=75374592
D/MstarPlayer(  744): File seek OK.
I//lib/ld-linux.so.3(  748): Blocking Read: 50, size: 0x3000.
D/MstarPlayer(  744): 00File size: 83839548, pos : 75386880  Seek position: 76746752.
D/FileContentSource(  744): file content seekat,offset=76746752
D/MstarPlayer(  744): File seek OK.
I//lib/ld-linux.so.3(  748): Blocking Read: 50, size: 0x3000.
D/MstarPlayer(  744): 00File size: 83839548, pos : 76759040  Seek position: 77991936.
D/FileContentSource(  744): file content seekat,offset=77991936
D/MstarPlayer(  744): File seek OK.
I//lib/ld-linux.so.3(  748): Blocking Read: 50, size: 0x3000.
D/MstarPlayer(  744): 00File size: 83839548, pos : 78004224  Seek position: 78753792.
D/FileContentSource(  744): file content seekat,offset=78753792
D/MstarPlayer(  744): File seek OK.
I//lib/ld-linux.so.3(  748): Blocking Read: 50, size: 0x3000.
D/MstarPlayer(  744): 00File size: 83839548, pos : 78766080  Seek position: 79380480.
D/FileContentSource(  744): file content seekat,offset=79380480
D/MstarPlayer(  744): File seek OK.
D/MonitorCw880( 1316): Current Remote Host is null, continue, counter=0
I//lib/ld-linux.so.3(  748): Blocking Read: 50, size: 0x3000.
D/MstarPlayer(  744): 00File size: 83839548, pos : 79392768  Seek position: 81272832.
D/FileContentSource(  744): file content seekat,offset=81272832
D/MstarPlayer(  744): File seek OK.
D/MstarPlayer(  744): 00File size: 83839548, pos : 81285120  Seek position: 82116608.
D/FileContentSource(  744): file content seekat,offset=82116608
D/MstarPlayer(  744): File seek OK.
I//lib/ld-linux.so.3(  748): Blocking Read: 50, size: 0x3000.
I//lib/ld-linux.so.3(  748): Blocking Read: 50, size: 0x3000.
D/MstarPlayer(  744): 00File size: 83839548, pos : 82128896  Seek position: 82149376.
D/FileContentSource(  744): file content seekat,offset=82149376
D/MstarPlayer(  744): File seek OK.
I//lib/ld-linux.so.3(  748): Blocking Read: 50, size: 0x3000.
I//lib/ld-linux.so.3(  748): Index Table: 1
I//lib/ld-linux.so.3(  748): ==============================================================================================
I//lib/ld-linux.so.3(  748): Data:MIU0; Bits:MIU0; MAD:MIU0; MVD:MIU0; SVD:MIU0; FB:MIU0; TSP:MIU0; FBL:No
I//lib/ld-linux.so.3(  748): Bit Buffer:0x44947000      Size:0x400000
I//lib/ld-linux.so.3(  748): Subtitle Bit Buffer:0x44347000     Size:0x1b0000
I//lib/ld-linux.so.3(  748): MAD Buffer:0x43847000
I//lib/ld-linux.so.3(  748): MADExt Buffer:0x44547000   Size:0x400000
I//lib/ld-linux.so.3(  748): VDEC FW Buffer:0x49407000  Size:0x200000
I//lib/ld-linux.so.3(  748): Frame Buffer:0x49607000    Size:0x1f00000
I//lib/ld-linux.so.3(  748): MVD Buffer:0x4b507000      Size:0x400000
I//lib/ld-linux.so.3(  748): TSP FW Buffer:0x411d7000   Size:0x70000
I//lib/ld-linux.so.3(  748): Data Buffer:0x163d1000     Size:0x36f000
I//lib/ld-linux.so.3(  748): Attached File Buffer Size:0xffffffff
I//lib/ld-linux.so.3(  748): -> Demuxer:0x164f8000      Size:0x248000
I//lib/ld-linux.so.3(  748): -> SeqHeader:0x43fd8000    Size:0x1000
I//lib/ld-linux.so.3(  748): -> MOV Table:0x49607000    Size:0x1b00000
I//lib/ld-linux.so.3(  748): -> MOV Static:0x43fd9000   Size:0x100000
I//lib/ld-linux.so.3(  748): -> DRM Payload:0x440d9000  Size:0x4000
I//lib/ld-linux.so.3(  748): -> DRM Playback Context:0x440dd000 Size:0x1000
I//lib/ld-linux.so.3(  748): -> MADExtend:0x440df000    Size:0x20000
I//lib/ld-linux.so.3(  748): -> NonCache Area:0x440de000        Size:0x1000
I//lib/ld-linux.so.3(  748): -> Reserved Size:0x0
I//lib/ld-linux.so.3(  748): ==============================================================================================
I//lib/ld-linux.so.3(  748): Initialize VC1 HW
I//lib/ld-linux.so.3(  748): =========> vdec_u8Idx=0x0, u32VdecStreamId=01010
I//lib/ld-linux.so.3(  748): HAL_VPU_EX_SetDbgLevel eLevel=0x1
I//lib/ld-linux.so.3(  748): DS enable = 0
D/MstarPlayer(  744): 00File size: 83839548, pos : 82161664  Seek position: 4096.
D/FileContentSource(  744): file content seekat,offset=4096
D/MstarPlayer(  744): File seek OK.
I//lib/ld-linux.so.3(  748): Blocking Read: 50, size: 0x101000.
I//lib/ld-linux.so.3(  748): To ask Dynscaling Size from vdec  0x0
I//lib/ld-linux.so.3(  748): Size(1920x1080), Disp(1920x1080), Par(0x0), FrameRate:23970, Interlace:0
I//lib/ld-linux.so.3(  748): 1st sequence header Decode Ready!! **
I//lib/ld-linux.so.3(  748): [CI][HbbTV-VOD]<INFO>:[1374220315.285296] MM init done
D/MstarPlayer(  744): Get E_EVENT_INIT_OK event.
D/IMMPlayer(  744): Send MM_EnableSubtitleShow
D/IMMPlayer(  744): u32Item:1
D/IMMPlayer(  744): bEnable:1
D/IMMPlayer(  744): Get ret:1
D/MstarPlayer(  744): <<<<<set init done flag
D/MstarPlayer(  744): <<<<<<<<<Init done
D/IMMPlayer(  744): Send MM_GetMetaData
D/IMMPlayer(  744): u32Item:1
D/IMMPlayer(  744): eMetadata:11
D/IMMPlayer(  744): u32BuffSize:4
D/IMMPlayer(  744): Get ret:0
D/IMMPlayer(  744): Send MM_GetMetaData
D/IMMPlayer(  744): u32Item:1
D/IMMPlayer(  744): eMetadata:12
D/IMMPlayer(  744): u32BuffSize:4
D/IMMPlayer(  744): Get ret:0
D/MstarPlayer(  744): mstar player send event : msg =5   ext1=1920 ext2=1080  
D/MediaPlayerService(  744): [30] notify (0x1187d8, 5, 1920, 1080)
D/MstarPlayer(  744): MstarPlayer::initRender
V/MediaControler( 4861): onVideoSizeChanged called
I//lib/ld-linux.so.3(  748): E_CPCODEC_MSG_INIT_OK: 6047743.
